[0.008s][info][gc] Using G1
[0.010s][info][gc,init] Version: 16.0.1+9 (release)
[0.010s][info][gc,init] CPUs: 16 total, 16 available
[0.010s][info][gc,init] Memory: 65536M
[0.010s][info][gc,init] Large Page Support: Disabled
[0.010s][info][gc,init] NUMA Support: Disabled
[0.010s][info][gc,init] Compressed Oops: Enabled (Zero based)
[0.010s][info][gc,init] Heap Region Size: 8M
[0.011s][info][gc,init] Heap Min Capacity: 8M
[0.011s][info][gc,init] Heap Initial Capacity: 1G
[0.011s][info][gc,init] Heap Max Capacity: 16G
[0.011s][info][gc,init] Pre-touch: Disabled
[0.011s][info][gc,init] Parallel Workers: 13
[0.011s][info][gc,init] Concurrent Workers: 3
[0.011s][info][gc,init] Concurrent Refinement Workers: 13
[0.011s][info][gc,init] Periodic GC: Disabled
[0.011s][info][gc,metaspace] CDS archive(s) mapped at: [0x0000000800000000-0x0000000800bee000-0x0000000800bee000), size 12509184, SharedBaseAddress: 0x0000000800000000, ArchiveRelocationMode: 0.
[0.011s][info][gc,metaspace] Compressed class space mapped at: 0x0000000800c00000-0x0000000840c00000, reserved size: 1073741824
[0.011s][info][gc,metaspace] Narrow klass base: 0x0000000800000000, Narrow klass shift: 3, Narrow klass range: 0x100000000
[0.161s][info][gc,start    ] GC(0) Pause Young (Normal) (G1 Evacuation Pause)
[0.162s][info][gc,task     ] GC(0) Using 13 workers of 13 for evacuation
[0.165s][info][gc,phases   ] GC(0)   Pre Evacuate Collection Set: 0.1ms
[0.166s][debug][gc,phases   ] GC(0)     Prepare TLABs: 0.0ms
[0.166s][debug][gc,phases   ] GC(0)     Concatenate Dirty Card Logs: 0.0ms
[0.166s][debug][gc,phases   ] GC(0)     Choose Collection Set: 0.0ms
[0.166s][debug][gc,phases   ] GC(0)     Region Register: 0.1ms
[0.166s][debug][gc,phases   ] GC(0)     Prepare Heap Roots: 0.0ms
[0.166s][info ][gc,phases   ] GC(0)   Merge Heap Roots: 0.1ms
[0.166s][debug][gc,phases   ] GC(0)     Prepare Merge Heap Roots: 0.0ms
[0.166s][debug][gc,phases   ] GC(0)     Eager Reclaim (ms):       skipped
[0.166s][debug][gc,phases   ] GC(0)     Remembered Sets (ms):     Min:  0.0, Avg:  0.0, Max:  0.0, Diff:  0.0, Sum:  0.0, Workers: 13
[0.166s][debug][gc,phases   ] GC(0)       Merged Sparse:            Min: 0, Avg:  0.0, Max: 0, Diff: 0, Sum: 0, Workers: 13
[0.166s][debug][gc,phases   ] GC(0)       Merged Fine:              Min: 0, Avg:  0.0, Max: 0, Diff: 0, Sum: 0, Workers: 13
[0.166s][debug][gc,phases   ] GC(0)       Merged Coarse:            Min: 0, Avg:  0.0, Max: 0, Diff: 0, Sum: 0, Workers: 13
[0.166s][debug][gc,phases   ] GC(0)       Dirty Cards:              Min: 0, Avg:  0.0, Max: 0, Diff: 0, Sum: 0, Workers: 13
[0.166s][debug][gc,phases   ] GC(0)     Hot Card Cache (ms):      Min:  0.0, Avg:  0.0, Max:  0.0, Diff:  0.0, Sum:  0.1, Workers: 13
[0.166s][debug][gc,phases   ] GC(0)       Dirty Cards:              Min: 0, Avg:  0.0, Max: 0, Diff: 0, Sum: 0, Workers: 13
[0.166s][debug][gc,phases   ] GC(0)       Skipped Cards:            Min: 0, Avg:  0.0, Max: 0, Diff: 0, Sum: 0, Workers: 13
[0.166s][debug][gc,phases   ] GC(0)     Log Buffers (ms):         Min:  0.0, Avg:  0.0, Max:  0.0, Diff:  0.0, Sum:  0.0, Workers: 13
[0.166s][debug][gc,phases   ] GC(0)       Dirty Cards:              Min: 0, Avg: 29.5, Max: 256, Diff: 256, Sum: 384, Workers: 13
[0.166s][debug][gc,phases   ] GC(0)       Skipped Cards:            Min: 0, Avg:  0.0, Max: 0, Diff: 0, Sum: 0, Workers: 13
[0.166s][info ][gc,phases   ] GC(0)   Evacuate Collection Set: 2.4ms
[0.166s][debug][gc,phases   ] GC(0)     Ext Root Scanning (ms):   Min:  0.0, Avg:  0.1, Max:  0.4, Diff:  0.4, Sum:  1.0, Workers: 13
[0.166s][debug][gc,phases   ] GC(0)     Scan Heap Roots (ms):     Min:  0.0, Avg:  0.2, Max:  2.1, Diff:  2.1, Sum:  2.1, Workers: 13
[0.166s][debug][gc,phases   ] GC(0)       Scanned Cards:            Min: 0, Avg: 29.5, Max: 384, Diff: 384, Sum: 384, Workers: 13
[0.166s][debug][gc,phases   ] GC(0)       Scanned Blocks:           Min: 0, Avg:  3.8, Max: 50, Diff: 50, Sum: 50, Workers: 13
[0.166s][debug][gc,phases   ] GC(0)       Claimed Chunks:           Min: 0, Avg:  0.1, Max: 1, Diff: 1, Sum: 1, Workers: 13
[0.166s][debug][gc,phases   ] GC(0)     Code Root Scan (ms):      Min:  0.0, Avg:  0.0, Max:  0.1, Diff:  0.1, Sum:  0.1, Workers: 13
[0.166s][debug][gc,phases   ] GC(0)     Object Copy (ms):         Min:  0.1, Avg:  0.4, Max:  1.3, Diff:  1.3, Sum:  4.7, Workers: 13
[0.166s][debug][gc,phases   ] GC(0)     Termination (ms):         Min:  0.0, Avg:  1.7, Max:  2.1, Diff:  2.1, Sum: 21.5, Workers: 13
[0.166s][debug][gc,phases   ] GC(0)       Termination Attempts:     Min: 1, Avg:  1.8, Max: 3, Diff: 2, Sum: 24, Workers: 13
[0.166s][debug][gc,phases   ] GC(0)     GC Worker Other (ms):     Min:  0.0, Avg:  0.1, Max:  0.1, Diff:  0.1, Sum:  0.7, Workers: 13
[0.166s][debug][gc,phases   ] GC(0)     GC Worker Total (ms):     Min:  2.2, Avg:  2.3, Max:  2.4, Diff:  0.1, Sum: 30.0, Workers: 13
[0.166s][info ][gc,phases   ] GC(0)   Post Evacuate Collection Set: 0.3ms
[0.166s][debug][gc,phases   ] GC(0)     Code Roots Fixup: 0.0ms
[0.166s][debug][gc,phases   ] GC(0)     Clear Card Table: 0.0ms
[0.166s][debug][gc,phases   ] GC(0)     Reference Processing: 0.0ms
[0.166s][debug][gc,phases   ] GC(0)     Weak Processing: 0.0ms
[0.166s][debug][gc,phases   ] GC(0)       VM Weak                   Min:  0.0, Avg:  0.0, Max:  0.0, Diff:  0.0, Sum:  0.0, Workers: 1
[0.166s][debug][gc,phases   ] GC(0)         Dead                      Min: 0, Avg:  0.0, Max: 0, Diff: 0, Sum: 0, Workers: 1
[0.166s][debug][gc,phases   ] GC(0)         Total                     Min: 6, Avg:  6.0, Max: 6, Diff: 0, Sum: 6, Workers: 1
[0.166s][debug][gc,phases   ] GC(0)       ObjectSynchronizer Weak   Min:  0.0, Avg:  0.0, Max:  0.0, Diff:  0.0, Sum:  0.0, Workers: 1
[0.166s][debug][gc,phases   ] GC(0)         Dead                      Min: 2, Avg:  2.0, Max: 2, Diff: 0, Sum: 2, Workers: 1
[0.166s][debug][gc,phases   ] GC(0)         Total                     Min: 6, Avg:  6.0, Max: 6, Diff: 0, Sum: 6, Workers: 1
[0.166s][debug][gc,phases   ] GC(0)       JVMTI Tag Weak OopStorage Min:  0.0, Avg:  0.0, Max:  0.0, Diff:  0.0, Sum:  0.0, Workers: 1
[0.166s][debug][gc,phases   ] GC(0)         Dead                      Min: 0, Avg:  0.0, Max: 0, Diff: 0, Sum: 0, Workers: 1
[0.166s][debug][gc,phases   ] GC(0)         Total                     Min: 0, Avg:  0.0, Max: 0, Diff: 0, Sum: 0, Workers: 1
[0.166s][debug][gc,phases   ] GC(0)       StringTable Weak          Min:  0.0, Avg:  0.0, Max:  0.0, Diff:  0.0, Sum:  0.0, Workers: 1
[0.166s][debug][gc,phases   ] GC(0)         Dead                      Min: 3, Avg:  3.0, Max: 3, Diff: 0, Sum: 3, Workers: 1
[0.166s][debug][gc,phases   ] GC(0)         Total                     Min: 203, Avg: 203.0, Max: 203, Diff: 0, Sum: 203, Workers: 1
[0.166s][debug][gc,phases   ] GC(0)       ResolvedMethodTable Weak  Min:  0.0, Avg:  0.0, Max:  0.0, Diff:  0.0, Sum:  0.0, Workers: 1
[0.166s][debug][gc,phases   ] GC(0)         Dead                      Min: 0, Avg:  0.0, Max: 0, Diff: 0, Sum: 0, Workers: 1
[0.166s][debug][gc,phases   ] GC(0)         Total                     Min: 77, Avg: 77.0, Max: 77, Diff: 0, Sum: 77, Workers: 1
[0.166s][debug][gc,phases   ] GC(0)       JNI Weak                  Min:  0.0, Avg:  0.0, Max:  0.0, Diff:  0.0, Sum:  0.0, Workers: 1
[0.166s][debug][gc,phases   ] GC(0)         Dead                      Min: 0, Avg:  0.0, Max: 0, Diff: 0, Sum: 0, Workers: 1
[0.166s][debug][gc,phases   ] GC(0)         Total                     Min: 0, Avg:  0.0, Max: 0, Diff: 0, Sum: 0, Workers: 1
[0.166s][debug][gc,phases   ] GC(0)       Weak JFR Old Object Samples Min:  0.0, Avg:  0.0, Max:  0.0, Diff:  0.0, Sum:  0.0, Workers: 1
[0.166s][debug][gc,phases   ] GC(0)         Dead                      Min: 0, Avg:  0.0, Max: 0, Diff: 0, Sum: 0, Workers: 1
[0.166s][debug][gc,phases   ] GC(0)         Total                     Min: 0, Avg:  0.0, Max: 0, Diff: 0, Sum: 0, Workers: 1
[0.166s][debug][gc,phases   ] GC(0)     Merge Per-Thread State: 0.0ms
[0.166s][debug][gc,phases   ] GC(0)       Copied Bytes              Min: 9936, Avg: 94568.0, Max: 471568, Diff: 461632, Sum: 1229384, Workers: 13
[0.166s][debug][gc,phases   ] GC(0)       LAB Waste                 Min: 32, Avg: 758.2, Max: 2960, Diff: 2928, Sum: 9856, Workers: 13
[0.166s][debug][gc,phases   ] GC(0)       LAB Undo Waste            Min: 0, Avg:  0.0, Max: 0, Diff: 0, Sum: 0, Workers: 13
[0.166s][debug][gc,phases   ] GC(0)     Code Roots Purge: 0.0ms
[0.166s][debug][gc,phases   ] GC(0)     Redirty Cards: 0.1ms
[0.166s][debug][gc,phases   ] GC(0)     DerivedPointerTable Update: 0.0ms
[0.166s][debug][gc,phases   ] GC(0)     Free Collection Set: 0.1ms
[0.166s][debug][gc,phases   ] GC(0)     Rebuild Free List: 0.1ms
[0.166s][debug][gc,phases   ] GC(0)     Humongous Reclaim: 0.0ms
[0.166s][debug][gc,phases   ] GC(0)     Start New Collection Set: 0.0ms
[0.166s][debug][gc,phases   ] GC(0)     Resize TLABs: 0.0ms
[0.166s][debug][gc,phases   ] GC(0)     Expand Heap After Collection: 0.0ms
[0.166s][info ][gc,phases   ] GC(0)   Other: 1.3ms
[0.166s][info ][gc,heap     ] GC(0) Eden regions: 6->0(14)
[0.166s][info ][gc,heap     ] GC(0) Survivor regions: 0->1(1)
[0.166s][info ][gc,heap     ] GC(0) Old regions: 0->0
[0.166s][info ][gc,heap     ] GC(0) Archive regions: 2->2
[0.166s][info ][gc,heap     ] GC(0) Humongous regions: 0->0
[0.166s][info ][gc,metaspace] GC(0) Metaspace: 607K(768K)->607K(768K) NonClass: 577K(640K)->577K(640K) Class: 29K(128K)->29K(128K)
[0.166s][info ][gc          ] GC(0) Pause Young (Normal) (G1 Evacuation Pause) 55M->9M(1040M) 4.856ms
[0.166s][info ][gc,cpu      ] GC(0) User=0.01s Sys=0.01s Real=0.01s
[0.344s][info ][gc,start    ] GC(1) Pause Young (Normal) (G1 Evacuation Pause)
[0.344s][info ][gc,task     ] GC(1) Using 13 workers of 13 for evacuation
[0.347s][info ][gc,phases   ] GC(1)   Pre Evacuate Collection Set: 0.1ms
[0.347s][debug][gc,phases   ] GC(1)     Prepare TLABs: 0.0ms
[0.347s][debug][gc,phases   ] GC(1)     Concatenate Dirty Card Logs: 0.0ms
[0.347s][debug][gc,phases   ] GC(1)     Choose Collection Set: 0.0ms
[0.347s][debug][gc,phases   ] GC(1)     Region Register: 0.1ms
[0.347s][debug][gc,phases   ] GC(1)     Prepare Heap Roots: 0.0ms
[0.347s][info ][gc,phases   ] GC(1)   Merge Heap Roots: 0.0ms
[0.347s][debug][gc,phases   ] GC(1)     Prepare Merge Heap Roots: 0.0ms
[0.347s][debug][gc,phases   ] GC(1)     Eager Reclaim (ms):       skipped
[0.347s][debug][gc,phases   ] GC(1)     Remembered Sets (ms):     Min:  0.0, Avg:  0.0, Max:  0.0, Diff:  0.0, Sum:  0.0, Workers: 13
[0.347s][debug][gc,phases   ] GC(1)       Merged Sparse:            Min: 0, Avg:  0.0, Max: 0, Diff: 0, Sum: 0, Workers: 13
[0.347s][debug][gc,phases   ] GC(1)       Merged Fine:              Min: 0, Avg:  0.0, Max: 0, Diff: 0, Sum: 0, Workers: 13
[0.347s][debug][gc,phases   ] GC(1)       Merged Coarse:            Min: 0, Avg:  0.0, Max: 0, Diff: 0, Sum: 0, Workers: 13
[0.347s][debug][gc,phases   ] GC(1)       Dirty Cards:              Min: 0, Avg:  0.0, Max: 0, Diff: 0, Sum: 0, Workers: 13
[0.347s][debug][gc,phases   ] GC(1)     Hot Card Cache (ms):      Min:  0.0, Avg:  0.0, Max:  0.0, Diff:  0.0, Sum:  0.1, Workers: 13
[0.347s][debug][gc,phases   ] GC(1)       Dirty Cards:              Min: 0, Avg:  0.0, Max: 0, Diff: 0, Sum: 0, Workers: 13
[0.347s][debug][gc,phases   ] GC(1)       Skipped Cards:            Min: 0, Avg:  0.0, Max: 0, Diff: 0, Sum: 0, Workers: 13
[0.347s][debug][gc,phases   ] GC(1)     Log Buffers (ms):         Min:  0.0, Avg:  0.0, Max:  0.0, Diff:  0.0, Sum:  0.0, Workers: 13
[0.347s][debug][gc,phases   ] GC(1)       Dirty Cards:              Min: 0, Avg: 28.8, Max: 120, Diff: 120, Sum: 375, Workers: 13
[0.347s][debug][gc,phases   ] GC(1)       Skipped Cards:            Min: 0, Avg:  0.0, Max: 0, Diff: 0, Sum: 0, Workers: 13
[0.347s][info ][gc,phases   ] GC(1)   Evacuate Collection Set: 2.1ms
[0.347s][debug][gc,phases   ] GC(1)     Ext Root Scanning (ms):   Min:  0.0, Avg:  0.1, Max:  0.3, Diff:  0.3, Sum:  0.7, Workers: 13
[0.347s][debug][gc,phases   ] GC(1)     Scan Heap Roots (ms):     Min:  0.0, Avg:  0.1, Max:  1.6, Diff:  1.6, Sum:  1.6, Workers: 13
[0.347s][debug][gc,phases   ] GC(1)       Scanned Cards:            Min: 0, Avg: 21.9, Max: 285, Diff: 285, Sum: 285, Workers: 13
[0.347s][debug][gc,phases   ] GC(1)       Scanned Blocks:           Min: 0, Avg:  5.5, Max: 71, Diff: 71, Sum: 71, Workers: 13
[0.347s][debug][gc,phases   ] GC(1)       Claimed Chunks:           Min: 0, Avg:  0.1, Max: 1, Diff: 1, Sum: 1, Workers: 13
[0.347s][debug][gc,phases   ] GC(1)     Code Root Scan (ms):      Min:  0.0, Avg:  0.0, Max:  0.2, Diff:  0.2, Sum:  0.2, Workers: 13
[0.347s][debug][gc,phases   ] GC(1)     Object Copy (ms):         Min:  0.3, Avg:  1.3, Max:  1.5, Diff:  1.2, Sum: 17.4, Workers: 13
[0.347s][debug][gc,phases   ] GC(1)     Termination (ms):         Min:  0.0, Avg:  0.5, Max:  0.6, Diff:  0.5, Sum:  5.9, Workers: 13
[0.347s][debug][gc,phases   ] GC(1)       Termination Attempts:     Min: 1, Avg:  1.2, Max: 2, Diff: 1, Sum: 15, Workers: 13
[0.347s][debug][gc,phases   ] GC(1)     GC Worker Other (ms):     Min:  0.0, Avg:  0.0, Max:  0.0, Diff:  0.0, Sum:  0.2, Workers: 13
[0.347s][debug][gc,phases   ] GC(1)     GC Worker Total (ms):     Min:  2.0, Avg:  2.0, Max:  2.1, Diff:  0.1, Sum: 26.0, Workers: 13
[0.347s][info ][gc,phases   ] GC(1)   Post Evacuate Collection Set: 0.4ms
[0.347s][debug][gc,phases   ] GC(1)     Code Roots Fixup: 0.0ms
[0.347s][debug][gc,phases   ] GC(1)     Clear Card Table: 0.0ms
[0.347s][debug][gc,phases   ] GC(1)     Reference Processing: 0.0ms
[0.347s][debug][gc,phases   ] GC(1)     Weak Processing: 0.1ms
[0.347s][debug][gc,phases   ] GC(1)       VM Weak                   Min:  0.0, Avg:  0.0, Max:  0.0, Diff:  0.0, Sum:  0.0, Workers: 1
[0.347s][debug][gc,phases   ] GC(1)         Dead                      Min: 0, Avg:  0.0, Max: 0, Diff: 0, Sum: 0, Workers: 1
[0.347s][debug][gc,phases   ] GC(1)         Total                     Min: 38, Avg: 38.0, Max: 38, Diff: 0, Sum: 38, Workers: 1
[0.347s][debug][gc,phases   ] GC(1)       ObjectSynchronizer Weak   Min:  0.0, Avg:  0.0, Max:  0.0, Diff:  0.0, Sum:  0.0, Workers: 1
[0.347s][debug][gc,phases   ] GC(1)         Dead                      Min: 0, Avg:  0.0, Max: 0, Diff: 0, Sum: 0, Workers: 1
[0.347s][debug][gc,phases   ] GC(1)         Total                     Min: 6, Avg:  6.0, Max: 6, Diff: 0, Sum: 6, Workers: 1
[0.347s][debug][gc,phases   ] GC(1)       JVMTI Tag Weak OopStorage Min:  0.0, Avg:  0.0, Max:  0.0, Diff:  0.0, Sum:  0.0, Workers: 1
[0.347s][debug][gc,phases   ] GC(1)         Dead                      Min: 0, Avg:  0.0, Max: 0, Diff: 0, Sum: 0, Workers: 1
[0.347s][debug][gc,phases   ] GC(1)         Total                     Min: 0, Avg:  0.0, Max: 0, Diff: 0, Sum: 0, Workers: 1
[0.347s][debug][gc,phases   ] GC(1)       StringTable Weak          Min:  0.0, Avg:  0.0, Max:  0.0, Diff:  0.0, Sum:  0.0, Workers: 1
[0.347s][debug][gc,phases   ] GC(1)         Dead                      Min: 4, Avg:  4.0, Max: 4, Diff: 0, Sum: 4, Workers: 1
[0.347s][debug][gc,phases   ] GC(1)         Total                     Min: 359, Avg: 359.0, Max: 359, Diff: 0, Sum: 359, Workers: 1
[0.347s][debug][gc,phases   ] GC(1)       ResolvedMethodTable Weak  Min:  0.0, Avg:  0.0, Max:  0.0, Diff:  0.0, Sum:  0.0, Workers: 1
[0.347s][debug][gc,phases   ] GC(1)         Dead                      Min: 0, Avg:  0.0, Max: 0, Diff: 0, Sum: 0, Workers: 1
[0.347s][debug][gc,phases   ] GC(1)         Total                     Min: 252, Avg: 252.0, Max: 252, Diff: 0, Sum: 252, Workers: 1
[0.347s][debug][gc,phases   ] GC(1)       JNI Weak                  Min:  0.0, Avg:  0.0, Max:  0.0, Diff:  0.0, Sum:  0.0, Workers: 1
[0.347s][debug][gc,phases   ] GC(1)         Dead                      Min: 0, Avg:  0.0, Max: 0, Diff: 0, Sum: 0, Workers: 1
[0.347s][debug][gc,phases   ] GC(1)         Total                     Min: 0, Avg:  0.0, Max: 0, Diff: 0, Sum: 0, Workers: 1
[0.347s][debug][gc,phases   ] GC(1)       Weak JFR Old Object Samples Min:  0.0, Avg:  0.0, Max:  0.0, Diff:  0.0, Sum:  0.0, Workers: 1
[0.347s][debug][gc,phases   ] GC(1)         Dead                      Min: 0, Avg:  0.0, Max: 0, Diff: 0, Sum: 0, Workers: 1
[0.347s][debug][gc,phases   ] GC(1)         Total                     Min: 0, Avg:  0.0, Max: 0, Diff: 0, Sum: 0, Workers: 1
[0.347s][debug][gc,phases   ] GC(1)     Merge Per-Thread State: 0.0ms
[0.347s][debug][gc,phases   ] GC(1)       Copied Bytes              Min: 55752, Avg: 370755.7, Max: 525544, Diff: 469792, Sum: 4819824, Workers: 13
[0.347s][debug][gc,phases   ] GC(1)       LAB Waste                 Min: 464, Avg: 702.2, Max: 968, Diff: 504, Sum: 9128, Workers: 13
[0.347s][debug][gc,phases   ] GC(1)       LAB Undo Waste            Min: 0, Avg:  0.0, Max: 0, Diff: 0, Sum: 0, Workers: 13
[0.347s][debug][gc,phases   ] GC(1)     Code Roots Purge: 0.0ms
[0.347s][debug][gc,phases   ] GC(1)     Redirty Cards: 0.0ms
[0.347s][debug][gc,phases   ] GC(1)     DerivedPointerTable Update: 0.0ms
[0.347s][debug][gc,phases   ] GC(1)     Free Collection Set: 0.1ms
[0.347s][debug][gc,phases   ] GC(1)     Rebuild Free List: 0.1ms
[0.347s][debug][gc,phases   ] GC(1)     Humongous Reclaim: 0.0ms
[0.347s][debug][gc,phases   ] GC(1)     Start New Collection Set: 0.0ms
[0.347s][debug][gc,phases   ] GC(1)     Resize TLABs: 0.0ms
[0.347s][debug][gc,phases   ] GC(1)     Expand Heap After Collection: 0.0ms
[0.347s][info ][gc,phases   ] GC(1)   Other: 0.2ms
[0.347s][info ][gc,heap     ] GC(1) Eden regions: 14->0(75)
[0.347s][info ][gc,heap     ] GC(1) Survivor regions: 1->1(2)
[0.347s][info ][gc,heap     ] GC(1) Old regions: 0->0
[0.347s][info ][gc,heap     ] GC(1) Archive regions: 2->2
[0.347s][info ][gc,heap     ] GC(1) Humongous regions: 0->0
[0.347s][info ][gc,metaspace] GC(1) Metaspace: 1284K(1408K)->1284K(1408K) NonClass: 1186K(1280K)->1186K(1280K) Class: 98K(128K)->98K(128K)
[0.347s][info ][gc          ] GC(1) Pause Young (Normal) (G1 Evacuation Pause) 121M->12M(1040M) 3.440ms
[0.347s][info ][gc,cpu      ] GC(1) User=0.03s Sys=0.00s Real=0.01s
[1.155s][info ][gc,start    ] GC(2) Pause Young (Normal) (G1 Evacuation Pause)
[1.156s][info ][gc,task     ] GC(2) Using 13 workers of 13 for evacuation
[1.177s][info ][gc,phases   ] GC(2)   Pre Evacuate Collection Set: 0.1ms
[1.177s][debug][gc,phases   ] GC(2)     Prepare TLABs: 0.0ms
[1.177s][debug][gc,phases   ] GC(2)     Concatenate Dirty Card Logs: 0.0ms
[1.177s][debug][gc,phases   ] GC(2)     Choose Collection Set: 0.0ms
[1.177s][debug][gc,phases   ] GC(2)     Region Register: 0.0ms
[1.177s][debug][gc,phases   ] GC(2)     Prepare Heap Roots: 0.0ms
[1.177s][info ][gc,phases   ] GC(2)   Merge Heap Roots: 0.0ms
[1.177s][debug][gc,phases   ] GC(2)     Prepare Merge Heap Roots: 0.0ms
[1.177s][debug][gc,phases   ] GC(2)     Eager Reclaim (ms):       skipped
[1.177s][debug][gc,phases   ] GC(2)     Remembered Sets (ms):     Min:  0.0, Avg:  0.0, Max:  0.0, Diff:  0.0, Sum:  0.1, Workers: 13
[1.177s][debug][gc,phases   ] GC(2)       Merged Sparse:            Min: 0, Avg:  0.0, Max: 0, Diff: 0, Sum: 0, Workers: 13
[1.177s][debug][gc,phases   ] GC(2)       Merged Fine:              Min: 0, Avg:  0.0, Max: 0, Diff: 0, Sum: 0, Workers: 13
[1.177s][debug][gc,phases   ] GC(2)       Merged Coarse:            Min: 0, Avg:  0.0, Max: 0, Diff: 0, Sum: 0, Workers: 13
[1.177s][debug][gc,phases   ] GC(2)       Dirty Cards:              Min: 0, Avg:  0.0, Max: 0, Diff: 0, Sum: 0, Workers: 13
[1.177s][debug][gc,phases   ] GC(2)     Hot Card Cache (ms):      Min:  0.0, Avg:  0.0, Max:  0.0, Diff:  0.0, Sum:  0.0, Workers: 13
[1.177s][debug][gc,phases   ] GC(2)       Dirty Cards:              Min: 0, Avg:  0.0, Max: 0, Diff: 0, Sum: 0, Workers: 13
[1.177s][debug][gc,phases   ] GC(2)       Skipped Cards:            Min: 0, Avg:  0.0, Max: 0, Diff: 0, Sum: 0, Workers: 13
[1.177s][debug][gc,phases   ] GC(2)     Log Buffers (ms):         Min:  0.0, Avg:  0.0, Max:  0.0, Diff:  0.0, Sum:  0.0, Workers: 13
[1.177s][debug][gc,phases   ] GC(2)       Dirty Cards:              Min: 0, Avg: 26.3, Max: 142, Diff: 142, Sum: 342, Workers: 13
[1.177s][debug][gc,phases   ] GC(2)       Skipped Cards:            Min: 0, Avg:  0.0, Max: 0, Diff: 0, Sum: 0, Workers: 13
[1.177s][info ][gc,phases   ] GC(2)   Evacuate Collection Set: 20.6ms
[1.177s][debug][gc,phases   ] GC(2)     Ext Root Scanning (ms):   Min:  0.0, Avg:  0.2, Max:  0.3, Diff:  0.3, Sum:  2.9, Workers: 13
[1.177s][debug][gc,phases   ] GC(2)     Scan Heap Roots (ms):     Min:  0.0, Avg:  0.1, Max:  1.5, Diff:  1.5, Sum:  1.5, Workers: 13
[1.177s][debug][gc,phases   ] GC(2)       Scanned Cards:            Min: 0, Avg: 20.7, Max: 269, Diff: 269, Sum: 269, Workers: 13
[1.177s][debug][gc,phases   ] GC(2)       Scanned Blocks:           Min: 0, Avg:  5.1, Max: 66, Diff: 66, Sum: 66, Workers: 13
[1.177s][debug][gc,phases   ] GC(2)       Claimed Chunks:           Min: 0, Avg:  0.1, Max: 1, Diff: 1, Sum: 1, Workers: 13
[1.177s][debug][gc,phases   ] GC(2)     Code Root Scan (ms):      Min:  0.0, Avg:  0.0, Max:  0.3, Diff:  0.3, Sum:  0.4, Workers: 13
[1.177s][debug][gc,phases   ] GC(2)     Object Copy (ms):         Min: 18.7, Avg: 20.1, Max: 20.4, Diff:  1.7, Sum: 261.1, Workers: 13
[1.177s][debug][gc,phases   ] GC(2)     Termination (ms):         Min:  0.1, Avg:  0.1, Max:  0.1, Diff:  0.0, Sum:  1.2, Workers: 13
[1.177s][debug][gc,phases   ] GC(2)       Termination Attempts:     Min: 1, Avg:  1.0, Max: 1, Diff: 0, Sum: 13, Workers: 13
[1.177s][debug][gc,phases   ] GC(2)     GC Worker Other (ms):     Min:  0.0, Avg:  0.0, Max:  0.0, Diff:  0.0, Sum:  0.1, Workers: 13
[1.177s][debug][gc,phases   ] GC(2)     GC Worker Total (ms):     Min: 20.5, Avg: 20.5, Max: 20.6, Diff:  0.0, Sum: 267.1, Workers: 13
[1.177s][info ][gc,phases   ] GC(2)   Post Evacuate Collection Set: 0.4ms
[1.177s][debug][gc,phases   ] GC(2)     Code Roots Fixup: 0.0ms
[1.177s][debug][gc,phases   ] GC(2)     Clear Card Table: 0.1ms
[1.177s][debug][gc,phases   ] GC(2)     Reference Processing: 0.0ms
[1.177s][debug][gc,phases   ] GC(2)     Weak Processing: 0.1ms
[1.177s][debug][gc,phases   ] GC(2)       VM Weak                   Min:  0.0, Avg:  0.0, Max:  0.0, Diff:  0.0, Sum:  0.0, Workers: 1
[1.177s][debug][gc,phases   ] GC(2)         Dead                      Min: 0, Avg:  0.0, Max: 0, Diff: 0, Sum: 0, Workers: 1
[1.177s][debug][gc,phases   ] GC(2)         Total                     Min: 53, Avg: 53.0, Max: 53, Diff: 0, Sum: 53, Workers: 1
[1.177s][debug][gc,phases   ] GC(2)       ObjectSynchronizer Weak   Min:  0.0, Avg:  0.0, Max:  0.0, Diff:  0.0, Sum:  0.0, Workers: 1
[1.177s][debug][gc,phases   ] GC(2)         Dead                      Min: 0, Avg:  0.0, Max: 0, Diff: 0, Sum: 0, Workers: 1
[1.177s][debug][gc,phases   ] GC(2)         Total                     Min: 6, Avg:  6.0, Max: 6, Diff: 0, Sum: 6, Workers: 1
[1.177s][debug][gc,phases   ] GC(2)       JVMTI Tag Weak OopStorage Min:  0.0, Avg:  0.0, Max:  0.0, Diff:  0.0, Sum:  0.0, Workers: 1
[1.177s][debug][gc,phases   ] GC(2)         Dead                      Min: 0, Avg:  0.0, Max: 0, Diff: 0, Sum: 0, Workers: 1
[1.177s][debug][gc,phases   ] GC(2)         Total                     Min: 0, Avg:  0.0, Max: 0, Diff: 0, Sum: 0, Workers: 1
[1.177s][debug][gc,phases   ] GC(2)       StringTable Weak          Min:  0.0, Avg:  0.0, Max:  0.0, Diff:  0.0, Sum:  0.0, Workers: 1
[1.177s][debug][gc,phases   ] GC(2)         Dead                      Min: 1, Avg:  1.0, Max: 1, Diff: 0, Sum: 1, Workers: 1
[1.177s][debug][gc,phases   ] GC(2)         Total                     Min: 463, Avg: 463.0, Max: 463, Diff: 0, Sum: 463, Workers: 1
[1.177s][debug][gc,phases   ] GC(2)       ResolvedMethodTable Weak  Min:  0.0, Avg:  0.0, Max:  0.0, Diff:  0.0, Sum:  0.0, Workers: 1
[1.177s][debug][gc,phases   ] GC(2)         Dead                      Min: 0, Avg:  0.0, Max: 0, Diff: 0, Sum: 0, Workers: 1
[1.177s][debug][gc,phases   ] GC(2)         Total                     Min: 276, Avg: 276.0, Max: 276, Diff: 0, Sum: 276, Workers: 1
[1.177s][debug][gc,phases   ] GC(2)       JNI Weak                  Min:  0.0, Avg:  0.0, Max:  0.0, Diff:  0.0, Sum:  0.0, Workers: 1
[1.177s][debug][gc,phases   ] GC(2)         Dead                      Min: 0, Avg:  0.0, Max: 0, Diff: 0, Sum: 0, Workers: 1
[1.177s][debug][gc,phases   ] GC(2)         Total                     Min: 0, Avg:  0.0, Max: 0, Diff: 0, Sum: 0, Workers: 1
[1.177s][debug][gc,phases   ] GC(2)       Weak JFR Old Object Samples Min:  0.0, Avg:  0.0, Max:  0.0, Diff:  0.0, Sum:  0.0, Workers: 1
[1.177s][debug][gc,phases   ] GC(2)         Dead                      Min: 0, Avg:  0.0, Max: 0, Diff: 0, Sum: 0, Workers: 1
[1.177s][debug][gc,phases   ] GC(2)         Total                     Min: 0, Avg:  0.0, Max: 0, Diff: 0, Sum: 0, Workers: 1
[1.177s][debug][gc,phases   ] GC(2)     Merge Per-Thread State: 0.0ms
[1.177s][debug][gc,phases   ] GC(2)       Copied Bytes              Min: 4479936, Avg: 5099938.5, Max: 7492560, Diff: 3012624, Sum: 66299200, Workers: 13
[1.177s][debug][gc,phases   ] GC(2)       LAB Waste                 Min: 2528, Avg: 3959.4, Max: 13896, Diff: 11368, Sum: 51472, Workers: 13
[1.177s][debug][gc,phases   ] GC(2)       LAB Undo Waste            Min: 0, Avg:  0.0, Max: 0, Diff: 0, Sum: 0, Workers: 13
[1.177s][debug][gc,phases   ] GC(2)     Code Roots Purge: 0.0ms
[1.177s][debug][gc,phases   ] GC(2)     Redirty Cards: 0.0ms
[1.177s][debug][gc,phases   ] GC(2)     DerivedPointerTable Update: 0.0ms
[1.177s][debug][gc,phases   ] GC(2)     Free Collection Set: 0.1ms
[1.177s][debug][gc,phases   ] GC(2)     Rebuild Free List: 0.0ms
[1.177s][debug][gc,phases   ] GC(2)     Humongous Reclaim: 0.0ms
[1.177s][debug][gc,phases   ] GC(2)     Start New Collection Set: 0.0ms
[1.177s][debug][gc,phases   ] GC(2)     Resize TLABs: 0.0ms
[1.177s][debug][gc,phases   ] GC(2)     Expand Heap After Collection: 0.0ms
[1.177s][info ][gc,phases   ] GC(2)   Other: 0.2ms
[1.177s][info ][gc,heap     ] GC(2) Eden regions: 75->0(50)
[1.177s][info ][gc,heap     ] GC(2) Survivor regions: 1->8(10)
[1.177s][info ][gc,heap     ] GC(2) Old regions: 0->0
[1.177s][info ][gc,heap     ] GC(2) Archive regions: 2->2
[1.177s][info ][gc,heap     ] GC(2) Humongous regions: 0->0
[1.177s][info ][gc,metaspace] GC(2) Metaspace: 1435K(1600K)->1435K(1600K) NonClass: 1324K(1408K)->1324K(1408K) Class: 110K(192K)->110K(192K)
[1.177s][info ][gc          ] GC(2) Pause Young (Normal) (G1 Evacuation Pause) 612M->71M(1040M) 21.828ms
[1.177s][info ][gc,cpu      ] GC(2) User=0.19s Sys=0.07s Real=0.02s
[3.307s][info ][gc,start    ] GC(3) Pause Young (Normal) (G1 Evacuation Pause)
[3.307s][info ][gc,task     ] GC(3) Using 13 workers of 13 for evacuation
[3.367s][info ][gc,phases   ] GC(3)   Pre Evacuate Collection Set: 0.5ms
[3.367s][debug][gc,phases   ] GC(3)     Prepare TLABs: 0.3ms
[3.367s][debug][gc,phases   ] GC(3)     Concatenate Dirty Card Logs: 0.0ms
[3.367s][debug][gc,phases   ] GC(3)     Choose Collection Set: 0.0ms
[3.367s][debug][gc,phases   ] GC(3)     Region Register: 0.1ms
[3.367s][debug][gc,phases   ] GC(3)     Prepare Heap Roots: 0.0ms
[3.367s][info ][gc,phases   ] GC(3)   Merge Heap Roots: 0.1ms
[3.367s][debug][gc,phases   ] GC(3)     Prepare Merge Heap Roots: 0.0ms
[3.367s][debug][gc,phases   ] GC(3)     Eager Reclaim (ms):       skipped
[3.367s][debug][gc,phases   ] GC(3)     Remembered Sets (ms):     Min:  0.0, Avg:  0.0, Max:  0.0, Diff:  0.0, Sum:  0.0, Workers: 13
[3.367s][debug][gc,phases   ] GC(3)       Merged Sparse:            Min: 0, Avg:  0.0, Max: 0, Diff: 0, Sum: 0, Workers: 13
[3.367s][debug][gc,phases   ] GC(3)       Merged Fine:              Min: 0, Avg:  0.0, Max: 0, Diff: 0, Sum: 0, Workers: 13
[3.367s][debug][gc,phases   ] GC(3)       Merged Coarse:            Min: 0, Avg:  0.0, Max: 0, Diff: 0, Sum: 0, Workers: 13
[3.367s][debug][gc,phases   ] GC(3)       Dirty Cards:              Min: 0, Avg:  0.0, Max: 0, Diff: 0, Sum: 0, Workers: 13
[3.367s][debug][gc,phases   ] GC(3)     Hot Card Cache (ms):      Min:  0.0, Avg:  0.0, Max:  0.0, Diff:  0.0, Sum:  0.0, Workers: 13
[3.367s][debug][gc,phases   ] GC(3)       Dirty Cards:              Min: 0, Avg:  0.0, Max: 0, Diff: 0, Sum: 0, Workers: 13
[3.367s][debug][gc,phases   ] GC(3)       Skipped Cards:            Min: 0, Avg:  0.0, Max: 0, Diff: 0, Sum: 0, Workers: 13
[3.367s][debug][gc,phases   ] GC(3)     Log Buffers (ms):         Min:  0.0, Avg:  0.0, Max:  0.0, Diff:  0.0, Sum:  0.0, Workers: 13
[3.367s][debug][gc,phases   ] GC(3)       Dirty Cards:              Min: 0, Avg: 20.8, Max: 235, Diff: 235, Sum: 271, Workers: 13
[3.367s][debug][gc,phases   ] GC(3)       Skipped Cards:            Min: 0, Avg:  0.0, Max: 0, Diff: 0, Sum: 0, Workers: 13
[3.368s][info ][gc,phases   ] GC(3)   Evacuate Collection Set: 59.1ms
[3.368s][debug][gc,phases   ] GC(3)     Ext Root Scanning (ms):   Min:  0.3, Avg:  1.1, Max:  1.5, Diff:  1.2, Sum: 14.4, Workers: 13
[3.368s][debug][gc,phases   ] GC(3)     Scan Heap Roots (ms):     Min:  0.0, Avg:  0.1, Max:  1.9, Diff:  1.9, Sum:  1.9, Workers: 13
[3.368s][debug][gc,phases   ] GC(3)       Scanned Cards:            Min: 0, Avg: 20.5, Max: 267, Diff: 267, Sum: 267, Workers: 13
[3.368s][debug][gc,phases   ] GC(3)       Scanned Blocks:           Min: 0, Avg:  5.0, Max: 65, Diff: 65, Sum: 65, Workers: 13
[3.368s][debug][gc,phases   ] GC(3)       Claimed Chunks:           Min: 0, Avg:  0.1, Max: 1, Diff: 1, Sum: 1, Workers: 13
[3.368s][debug][gc,phases   ] GC(3)     Code Root Scan (ms):      Min:  0.0, Avg:  0.0, Max:  0.5, Diff:  0.5, Sum:  0.6, Workers: 13
[3.368s][debug][gc,phases   ] GC(3)     Object Copy (ms):         Min: 55.6, Avg: 57.6, Max: 58.6, Diff:  3.0, Sum: 749.2, Workers: 13
[3.368s][debug][gc,phases   ] GC(3)     Termination (ms):         Min:  0.1, Avg:  0.1, Max:  0.1, Diff:  0.0, Sum:  0.9, Workers: 13
[3.368s][debug][gc,phases   ] GC(3)       Termination Attempts:     Min: 1, Avg:  1.0, Max: 1, Diff: 0, Sum: 13, Workers: 13
[3.368s][debug][gc,phases   ] GC(3)     GC Worker Other (ms):     Min:  0.0, Avg:  0.0, Max:  0.1, Diff:  0.0, Sum:  0.3, Workers: 13
[3.368s][debug][gc,phases   ] GC(3)     GC Worker Total (ms):     Min: 59.0, Avg: 59.0, Max: 59.1, Diff:  0.1, Sum: 767.3, Workers: 13
[3.368s][info ][gc,phases   ] GC(3)   Post Evacuate Collection Set: 0.3ms
[3.368s][debug][gc,phases   ] GC(3)     Code Roots Fixup: 0.0ms
[3.368s][debug][gc,phases   ] GC(3)     Clear Card Table: 0.1ms
[3.368s][debug][gc,phases   ] GC(3)     Reference Processing: 0.0ms
[3.368s][debug][gc,phases   ] GC(3)     Weak Processing: 0.1ms
[3.368s][debug][gc,phases   ] GC(3)       VM Weak                   Min:  0.0, Avg:  0.0, Max:  0.0, Diff:  0.0, Sum:  0.0, Workers: 1
[3.368s][debug][gc,phases   ] GC(3)         Dead                      Min: 0, Avg:  0.0, Max: 0, Diff: 0, Sum: 0, Workers: 1
[3.368s][debug][gc,phases   ] GC(3)         Total                     Min: 57, Avg: 57.0, Max: 57, Diff: 0, Sum: 57, Workers: 1
[3.368s][debug][gc,phases   ] GC(3)       ObjectSynchronizer Weak   Min:  0.0, Avg:  0.0, Max:  0.0, Diff:  0.0, Sum:  0.0, Workers: 1
[3.368s][debug][gc,phases   ] GC(3)         Dead                      Min: 0, Avg:  0.0, Max: 0, Diff: 0, Sum: 0, Workers: 1
[3.368s][debug][gc,phases   ] GC(3)         Total                     Min: 8, Avg:  8.0, Max: 8, Diff: 0, Sum: 8, Workers: 1
[3.368s][debug][gc,phases   ] GC(3)       JVMTI Tag Weak OopStorage Min:  0.0, Avg:  0.0, Max:  0.0, Diff:  0.0, Sum:  0.0, Workers: 1
[3.368s][debug][gc,phases   ] GC(3)         Dead                      Min: 0, Avg:  0.0, Max: 0, Diff: 0, Sum: 0, Workers: 1
[3.368s][debug][gc,phases   ] GC(3)         Total                     Min: 0, Avg:  0.0, Max: 0, Diff: 0, Sum: 0, Workers: 1
[3.368s][debug][gc,phases   ] GC(3)       StringTable Weak          Min:  0.0, Avg:  0.0, Max:  0.0, Diff:  0.0, Sum:  0.0, Workers: 1
[3.368s][debug][gc,phases   ] GC(3)         Dead                      Min: 1, Avg:  1.0, Max: 1, Diff: 0, Sum: 1, Workers: 1
[3.368s][debug][gc,phases   ] GC(3)         Total                     Min: 529, Avg: 529.0, Max: 529, Diff: 0, Sum: 529, Workers: 1
[3.368s][debug][gc,phases   ] GC(3)       ResolvedMethodTable Weak  Min:  0.0, Avg:  0.0, Max:  0.0, Diff:  0.0, Sum:  0.0, Workers: 1
[3.368s][debug][gc,phases   ] GC(3)         Dead                      Min: 0, Avg:  0.0, Max: 0, Diff: 0, Sum: 0, Workers: 1
[3.368s][debug][gc,phases   ] GC(3)         Total                     Min: 281, Avg: 281.0, Max: 281, Diff: 0, Sum: 281, Workers: 1
[3.368s][debug][gc,phases   ] GC(3)       JNI Weak                  Min:  0.0, Avg:  0.0, Max:  0.0, Diff:  0.0, Sum:  0.0, Workers: 1
[3.368s][debug][gc,phases   ] GC(3)         Dead                      Min: 0, Avg:  0.0, Max: 0, Diff: 0, Sum: 0, Workers: 1
[3.368s][debug][gc,phases   ] GC(3)         Total                     Min: 0, Avg:  0.0, Max: 0, Diff: 0, Sum: 0, Workers: 1
[3.368s][debug][gc,phases   ] GC(3)       Weak JFR Old Object Samples Min:  0.0, Avg:  0.0, Max:  0.0, Diff:  0.0, Sum:  0.0, Workers: 1
[3.368s][debug][gc,phases   ] GC(3)         Dead                      Min: 0, Avg:  0.0, Max: 0, Diff: 0, Sum: 0, Workers: 1
[3.368s][debug][gc,phases   ] GC(3)         Total                     Min: 0, Avg:  0.0, Max: 0, Diff: 0, Sum: 0, Workers: 1
[3.368s][debug][gc,phases   ] GC(3)     Merge Per-Thread State: 0.0ms
[3.368s][debug][gc,phases   ] GC(3)       Copied Bytes              Min: 5202440, Avg: 5844348.3, Max: 6178904, Diff: 976464, Sum: 75976528, Workers: 13
[3.368s][debug][gc,phases   ] GC(3)       LAB Waste                 Min: 65536, Avg: 78521.2, Max: 91216, Diff: 25680, Sum: 1020776, Workers: 13
[3.368s][debug][gc,phases   ] GC(3)       LAB Undo Waste            Min: 0, Avg:  0.0, Max: 0, Diff: 0, Sum: 0, Workers: 13
[3.368s][debug][gc,phases   ] GC(3)     Code Roots Purge: 0.0ms
[3.368s][debug][gc,phases   ] GC(3)     Redirty Cards: 0.0ms
[3.368s][debug][gc,phases   ] GC(3)     DerivedPointerTable Update: 0.0ms
[3.368s][debug][gc,phases   ] GC(3)     Free Collection Set: 0.1ms
[3.368s][debug][gc,phases   ] GC(3)     Rebuild Free List: 0.0ms
[3.368s][debug][gc,phases   ] GC(3)     Humongous Reclaim: 0.0ms
[3.368s][debug][gc,phases   ] GC(3)     Start New Collection Set: 0.0ms
[3.368s][debug][gc,phases   ] GC(3)     Resize TLABs: 0.1ms
[3.368s][debug][gc,phases   ] GC(3)     Expand Heap After Collection: 0.0ms
[3.368s][info ][gc,phases   ] GC(3)   Other: 0.6ms
[3.368s][info ][gc,heap     ] GC(3) Eden regions: 50->0(50)
[3.368s][info ][gc,heap     ] GC(3) Survivor regions: 8->3(8)
[3.368s][info ][gc,heap     ] GC(3) Old regions: 0->9
[3.368s][info ][gc,heap     ] GC(3) Archive regions: 2->2
[3.368s][info ][gc,heap     ] GC(3) Humongous regions: 0->0
[3.368s][info ][gc,metaspace] GC(3) Metaspace: 1571K(1728K)->1571K(1728K) NonClass: 1452K(1536K)->1452K(1536K) Class: 118K(192K)->118K(192K)
[3.368s][info ][gc          ] GC(3) Pause Young (Normal) (G1 Evacuation Pause) 471M->88M(1040M) 60.926ms
[3.368s][info ][gc,cpu      ] GC(3) User=0.27s Sys=0.39s Real=0.06s
[6.971s][info ][gc,start    ] GC(4) Pause Young (Normal) (G1 Evacuation Pause)
[6.971s][info ][gc,task     ] GC(4) Using 13 workers of 13 for evacuation
[6.982s][info ][gc,phases   ] GC(4)   Pre Evacuate Collection Set: 0.3ms
[6.982s][debug][gc,phases   ] GC(4)     Prepare TLABs: 0.1ms
[6.982s][debug][gc,phases   ] GC(4)     Concatenate Dirty Card Logs: 0.1ms
[6.982s][debug][gc,phases   ] GC(4)     Choose Collection Set: 0.0ms
[6.982s][debug][gc,phases   ] GC(4)     Region Register: 0.1ms
[6.982s][debug][gc,phases   ] GC(4)     Prepare Heap Roots: 0.0ms
[6.982s][info ][gc,phases   ] GC(4)   Merge Heap Roots: 0.2ms
[6.982s][debug][gc,phases   ] GC(4)     Prepare Merge Heap Roots: 0.0ms
[6.982s][debug][gc,phases   ] GC(4)     Eager Reclaim (ms):       skipped
[6.982s][debug][gc,phases   ] GC(4)     Remembered Sets (ms):     Min:  0.0, Avg:  0.0, Max:  0.0, Diff:  0.0, Sum:  0.1, Workers: 13
[6.982s][debug][gc,phases   ] GC(4)       Merged Sparse:            Min: 0, Avg:  0.0, Max: 0, Diff: 0, Sum: 0, Workers: 13
[6.982s][debug][gc,phases   ] GC(4)       Merged Fine:              Min: 0, Avg:  0.0, Max: 0, Diff: 0, Sum: 0, Workers: 13
[6.982s][debug][gc,phases   ] GC(4)       Merged Coarse:            Min: 0, Avg:  0.0, Max: 0, Diff: 0, Sum: 0, Workers: 13
[6.982s][debug][gc,phases   ] GC(4)       Dirty Cards:              Min: 0, Avg:  0.0, Max: 0, Diff: 0, Sum: 0, Workers: 13
[6.982s][debug][gc,phases   ] GC(4)     Hot Card Cache (ms):      Min:  0.0, Avg:  0.0, Max:  0.0, Diff:  0.0, Sum:  0.0, Workers: 13
[6.982s][debug][gc,phases   ] GC(4)       Dirty Cards:              Min: 0, Avg:  0.0, Max: 0, Diff: 0, Sum: 0, Workers: 13
[6.982s][debug][gc,phases   ] GC(4)       Skipped Cards:            Min: 0, Avg:  0.0, Max: 0, Diff: 0, Sum: 0, Workers: 13
[6.982s][debug][gc,phases   ] GC(4)     Log Buffers (ms):         Min:  0.1, Avg:  0.1, Max:  0.1, Diff:  0.1, Sum:  1.1, Workers: 13
[6.982s][debug][gc,phases   ] GC(4)       Dirty Cards:              Min: 62, Avg: 454.5, Max: 1477, Diff: 1415, Sum: 5908, Workers: 13
[6.982s][debug][gc,phases   ] GC(4)       Skipped Cards:            Min: 0, Avg:  0.0, Max: 0, Diff: 0, Sum: 0, Workers: 13
[6.982s][info ][gc,phases   ] GC(4)   Evacuate Collection Set: 9.6ms
[6.982s][debug][gc,phases   ] GC(4)     Ext Root Scanning (ms):   Min:  0.6, Avg:  0.7, Max:  0.9, Diff:  0.2, Sum:  9.3, Workers: 13
[6.982s][debug][gc,phases   ] GC(4)     Scan Heap Roots (ms):     Min:  0.7, Avg:  0.8, Max:  0.8, Diff:  0.1, Sum: 10.0, Workers: 13
[6.982s][debug][gc,phases   ] GC(4)       Scanned Cards:            Min: 226, Avg: 452.8, Max: 603, Diff: 377, Sum: 5887, Workers: 13
[6.982s][debug][gc,phases   ] GC(4)       Scanned Blocks:           Min: 213, Avg: 425.0, Max: 576, Diff: 363, Sum: 5525, Workers: 13
[6.982s][debug][gc,phases   ] GC(4)       Claimed Chunks:           Min: 5, Avg:  9.2, Max: 15, Diff: 10, Sum: 120, Workers: 13
[6.982s][debug][gc,phases   ] GC(4)     Code Root Scan (ms):      Min:  0.0, Avg:  0.0, Max:  0.1, Diff:  0.1, Sum:  0.2, Workers: 13
[6.982s][debug][gc,phases   ] GC(4)     Object Copy (ms):         Min:  7.6, Avg:  7.8, Max:  8.0, Diff:  0.3, Sum: 101.9, Workers: 13
[6.982s][debug][gc,phases   ] GC(4)     Termination (ms):         Min:  0.1, Avg:  0.1, Max:  0.1, Diff:  0.0, Sum:  1.7, Workers: 13
[6.982s][debug][gc,phases   ] GC(4)       Termination Attempts:     Min: 1, Avg:  1.0, Max: 1, Diff: 0, Sum: 13, Workers: 13
[6.982s][debug][gc,phases   ] GC(4)     GC Worker Other (ms):     Min:  0.0, Avg:  0.0, Max:  0.0, Diff:  0.0, Sum:  0.2, Workers: 13
[6.982s][debug][gc,phases   ] GC(4)     GC Worker Total (ms):     Min:  9.5, Avg:  9.5, Max:  9.5, Diff:  0.1, Sum: 123.3, Workers: 13
[6.982s][info ][gc,phases   ] GC(4)   Post Evacuate Collection Set: 0.7ms
[6.982s][debug][gc,phases   ] GC(4)     Code Roots Fixup: 0.0ms
[6.982s][debug][gc,phases   ] GC(4)     Clear Card Table: 0.1ms
[6.982s][debug][gc,phases   ] GC(4)     Reference Processing: 0.0ms
[6.982s][debug][gc,phases   ] GC(4)     Weak Processing: 0.0ms
[6.982s][debug][gc,phases   ] GC(4)       VM Weak                   Min:  0.0, Avg:  0.0, Max:  0.0, Diff:  0.0, Sum:  0.0, Workers: 1
[6.982s][debug][gc,phases   ] GC(4)         Dead                      Min: 0, Avg:  0.0, Max: 0, Diff: 0, Sum: 0, Workers: 1
[6.982s][debug][gc,phases   ] GC(4)         Total                     Min: 57, Avg: 57.0, Max: 57, Diff: 0, Sum: 57, Workers: 1
[6.982s][debug][gc,phases   ] GC(4)       ObjectSynchronizer Weak   Min:  0.0, Avg:  0.0, Max:  0.0, Diff:  0.0, Sum:  0.0, Workers: 1
[6.982s][debug][gc,phases   ] GC(4)         Dead                      Min: 0, Avg:  0.0, Max: 0, Diff: 0, Sum: 0, Workers: 1
[6.982s][debug][gc,phases   ] GC(4)         Total                     Min: 9, Avg:  9.0, Max: 9, Diff: 0, Sum: 9, Workers: 1
[6.982s][debug][gc,phases   ] GC(4)       JVMTI Tag Weak OopStorage Min:  0.0, Avg:  0.0, Max:  0.0, Diff:  0.0, Sum:  0.0, Workers: 1
[6.982s][debug][gc,phases   ] GC(4)         Dead                      Min: 0, Avg:  0.0, Max: 0, Diff: 0, Sum: 0, Workers: 1
[6.982s][debug][gc,phases   ] GC(4)         Total                     Min: 0, Avg:  0.0, Max: 0, Diff: 0, Sum: 0, Workers: 1
[6.982s][debug][gc,phases   ] GC(4)       StringTable Weak          Min:  0.0, Avg:  0.0, Max:  0.0, Diff:  0.0, Sum:  0.0, Workers: 1
[6.982s][debug][gc,phases   ] GC(4)         Dead                      Min: 0, Avg:  0.0, Max: 0, Diff: 0, Sum: 0, Workers: 1
[6.982s][debug][gc,phases   ] GC(4)         Total                     Min: 556, Avg: 556.0, Max: 556, Diff: 0, Sum: 556, Workers: 1
[6.982s][debug][gc,phases   ] GC(4)       ResolvedMethodTable Weak  Min:  0.0, Avg:  0.0, Max:  0.0, Diff:  0.0, Sum:  0.0, Workers: 1
[6.982s][debug][gc,phases   ] GC(4)         Dead                      Min: 0, Avg:  0.0, Max: 0, Diff: 0, Sum: 0, Workers: 1
[6.982s][debug][gc,phases   ] GC(4)         Total                     Min: 281, Avg: 281.0, Max: 281, Diff: 0, Sum: 281, Workers: 1
[6.982s][debug][gc,phases   ] GC(4)       JNI Weak                  Min:  0.0, Avg:  0.0, Max:  0.0, Diff:  0.0, Sum:  0.0, Workers: 1
[6.982s][debug][gc,phases   ] GC(4)         Dead                      Min: 0, Avg:  0.0, Max: 0, Diff: 0, Sum: 0, Workers: 1
[6.982s][debug][gc,phases   ] GC(4)         Total                     Min: 0, Avg:  0.0, Max: 0, Diff: 0, Sum: 0, Workers: 1
[6.982s][debug][gc,phases   ] GC(4)       Weak JFR Old Object Samples Min:  0.0, Avg:  0.0, Max:  0.0, Diff:  0.0, Sum:  0.0, Workers: 1
[6.982s][debug][gc,phases   ] GC(4)         Dead                      Min: 0, Avg:  0.0, Max: 0, Diff: 0, Sum: 0, Workers: 1
[6.982s][debug][gc,phases   ] GC(4)         Total                     Min: 0, Avg:  0.0, Max: 0, Diff: 0, Sum: 0, Workers: 1
[6.982s][debug][gc,phases   ] GC(4)     Merge Per-Thread State: 0.0ms
[6.982s][debug][gc,phases   ] GC(4)       Copied Bytes              Min: 1576016, Avg: 1710082.5, Max: 1858992, Diff: 282976, Sum: 22231072, Workers: 13
[6.982s][debug][gc,phases   ] GC(4)       LAB Waste                 Min: 296, Avg: 777.8, Max: 1208, Diff: 912, Sum: 10112, Workers: 13
[6.982s][debug][gc,phases   ] GC(4)       LAB Undo Waste            Min: 0, Avg:  0.0, Max: 0, Diff: 0, Sum: 0, Workers: 13
[6.982s][debug][gc,phases   ] GC(4)     Code Roots Purge: 0.0ms
[6.982s][debug][gc,phases   ] GC(4)     Redirty Cards: 0.0ms
[6.982s][debug][gc,phases   ] GC(4)     DerivedPointerTable Update: 0.0ms
[6.982s][debug][gc,phases   ] GC(4)     Free Collection Set: 0.1ms
[6.982s][debug][gc,phases   ] GC(4)     Rebuild Free List: 0.0ms
[6.982s][debug][gc,phases   ] GC(4)     Humongous Reclaim: 0.0ms
[6.982s][debug][gc,phases   ] GC(4)     Start New Collection Set: 0.0ms
[6.982s][debug][gc,phases   ] GC(4)     Resize TLABs: 0.1ms
[6.982s][debug][gc,phases   ] GC(4)     Expand Heap After Collection: 0.4ms
[6.982s][info ][gc,phases   ] GC(4)   Other: 0.5ms
[6.982s][info ][gc,heap     ] GC(4) Eden regions: 50->0(55)
[6.982s][info ][gc,heap     ] GC(4) Survivor regions: 3->3(7)
[6.982s][info ][gc,heap     ] GC(4) Old regions: 9->9
[6.982s][info ][gc,heap     ] GC(4) Archive regions: 2->2
[6.982s][info ][gc,heap     ] GC(4) Humongous regions: 0->0
[6.982s][info ][gc,metaspace] GC(4) Metaspace: 1585K(1728K)->1585K(1728K) NonClass: 1466K(1536K)->1466K(1536K) Class: 118K(192K)->118K(192K)
[6.982s][info ][gc          ] GC(4) Pause Young (Normal) (G1 Evacuation Pause) 488M->95M(1248M) 11.822ms
[6.983s][info ][gc,cpu      ] GC(4) User=0.06s Sys=0.06s Real=0.01s
[10.293s][info ][gc,start    ] GC(5) Pause Young (Normal) (G1 Evacuation Pause)
[10.293s][info ][gc,task     ] GC(5) Using 13 workers of 13 for evacuation
[10.299s][info ][gc,phases   ] GC(5)   Pre Evacuate Collection Set: 0.3ms
[10.299s][debug][gc,phases   ] GC(5)     Prepare TLABs: 0.2ms
[10.299s][debug][gc,phases   ] GC(5)     Concatenate Dirty Card Logs: 0.1ms
[10.299s][debug][gc,phases   ] GC(5)     Choose Collection Set: 0.0ms
[10.299s][debug][gc,phases   ] GC(5)     Region Register: 0.1ms
[10.299s][debug][gc,phases   ] GC(5)     Prepare Heap Roots: 0.0ms
[10.299s][info ][gc,phases   ] GC(5)   Merge Heap Roots: 0.2ms
[10.299s][debug][gc,phases   ] GC(5)     Prepare Merge Heap Roots: 0.0ms
[10.299s][debug][gc,phases   ] GC(5)     Eager Reclaim (ms):       skipped
[10.299s][debug][gc,phases   ] GC(5)     Remembered Sets (ms):     Min:  0.0, Avg:  0.0, Max:  0.1, Diff:  0.1, Sum:  0.2, Workers: 13
[10.299s][debug][gc,phases   ] GC(5)       Merged Sparse:            Min: 0, Avg:  0.3, Max: 2, Diff: 2, Sum: 4, Workers: 13
[10.299s][debug][gc,phases   ] GC(5)       Merged Fine:              Min: 0, Avg:  0.5, Max: 7, Diff: 7, Sum: 7, Workers: 13
[10.299s][debug][gc,phases   ] GC(5)       Merged Coarse:            Min: 0, Avg:  0.0, Max: 0, Diff: 0, Sum: 0, Workers: 13
[10.299s][debug][gc,phases   ] GC(5)       Dirty Cards:              Min: 0, Avg: 181.4, Max: 2352, Diff: 2352, Sum: 2358, Workers: 13
[10.299s][debug][gc,phases   ] GC(5)     Hot Card Cache (ms):      Min:  0.0, Avg:  0.0, Max:  0.0, Diff:  0.0, Sum:  0.0, Workers: 13
[10.299s][debug][gc,phases   ] GC(5)       Dirty Cards:              Min: 0, Avg:  0.0, Max: 0, Diff: 0, Sum: 0, Workers: 13
[10.299s][debug][gc,phases   ] GC(5)       Skipped Cards:            Min: 0, Avg:  0.0, Max: 0, Diff: 0, Sum: 0, Workers: 13
[10.299s][debug][gc,phases   ] GC(5)     Log Buffers (ms):         Min:  0.1, Avg:  0.1, Max:  0.1, Diff:  0.1, Sum:  1.1, Workers: 13
[10.300s][debug][gc,phases   ] GC(5)       Dirty Cards:              Min: 107, Avg: 459.5, Max: 1441, Diff: 1334, Sum: 5973, Workers: 13
[10.300s][debug][gc,phases   ] GC(5)       Skipped Cards:            Min: 0, Avg:  0.0, Max: 0, Diff: 0, Sum: 0, Workers: 13
[10.300s][info ][gc,phases   ] GC(5)   Evacuate Collection Set: 5.1ms
[10.300s][debug][gc,phases   ] GC(5)     Ext Root Scanning (ms):   Min:  0.5, Avg:  0.5, Max:  0.7, Diff:  0.2, Sum:  7.0, Workers: 13
[10.300s][debug][gc,phases   ] GC(5)     Scan Heap Roots (ms):     Min:  0.8, Avg:  0.9, Max:  0.9, Diff:  0.1, Sum: 11.4, Workers: 13
[10.300s][debug][gc,phases   ] GC(5)       Scanned Cards:            Min: 387, Avg: 640.8, Max: 910, Diff: 523, Sum: 8331, Workers: 13
[10.300s][debug][gc,phases   ] GC(5)       Scanned Blocks:           Min: 353, Avg: 589.6, Max: 837, Diff: 484, Sum: 7665, Workers: 13
[10.300s][debug][gc,phases   ] GC(5)       Claimed Chunks:           Min: 6, Avg:  9.7, Max: 17, Diff: 11, Sum: 126, Workers: 13
[10.300s][debug][gc,phases   ] GC(5)     Code Root Scan (ms):      Min:  0.0, Avg:  0.0, Max:  0.1, Diff:  0.1, Sum:  0.1, Workers: 13
[10.300s][debug][gc,phases   ] GC(5)     Object Copy (ms):         Min:  3.2, Avg:  3.4, Max:  3.6, Diff:  0.4, Sum: 44.5, Workers: 13
[10.300s][debug][gc,phases   ] GC(5)     Termination (ms):         Min:  0.1, Avg:  0.1, Max:  0.2, Diff:  0.1, Sum:  1.6, Workers: 13
[10.300s][debug][gc,phases   ] GC(5)       Termination Attempts:     Min: 1, Avg:  1.0, Max: 1, Diff: 0, Sum: 13, Workers: 13
[10.300s][debug][gc,phases   ] GC(5)     GC Worker Other (ms):     Min:  0.0, Avg:  0.0, Max:  0.1, Diff:  0.1, Sum:  0.3, Workers: 13
[10.300s][debug][gc,phases   ] GC(5)     GC Worker Total (ms):     Min:  4.9, Avg:  5.0, Max:  5.1, Diff:  0.2, Sum: 64.9, Workers: 13
[10.300s][info ][gc,phases   ] GC(5)   Post Evacuate Collection Set: 0.3ms
[10.300s][debug][gc,phases   ] GC(5)     Code Roots Fixup: 0.0ms
[10.300s][debug][gc,phases   ] GC(5)     Clear Card Table: 0.1ms
[10.300s][debug][gc,phases   ] GC(5)     Reference Processing: 0.0ms
[10.300s][debug][gc,phases   ] GC(5)     Weak Processing: 0.0ms
[10.300s][debug][gc,phases   ] GC(5)       VM Weak                   Min:  0.0, Avg:  0.0, Max:  0.0, Diff:  0.0, Sum:  0.0, Workers: 1
[10.300s][debug][gc,phases   ] GC(5)         Dead                      Min: 0, Avg:  0.0, Max: 0, Diff: 0, Sum: 0, Workers: 1
[10.300s][debug][gc,phases   ] GC(5)         Total                     Min: 57, Avg: 57.0, Max: 57, Diff: 0, Sum: 57, Workers: 1
[10.300s][debug][gc,phases   ] GC(5)       ObjectSynchronizer Weak   Min:  0.0, Avg:  0.0, Max:  0.0, Diff:  0.0, Sum:  0.0, Workers: 1
[10.300s][debug][gc,phases   ] GC(5)         Dead                      Min: 0, Avg:  0.0, Max: 0, Diff: 0, Sum: 0, Workers: 1
[10.300s][debug][gc,phases   ] GC(5)         Total                     Min: 9, Avg:  9.0, Max: 9, Diff: 0, Sum: 9, Workers: 1
[10.300s][debug][gc,phases   ] GC(5)       JVMTI Tag Weak OopStorage Min:  0.0, Avg:  0.0, Max:  0.0, Diff:  0.0, Sum:  0.0, Workers: 1
[10.300s][debug][gc,phases   ] GC(5)         Dead                      Min: 0, Avg:  0.0, Max: 0, Diff: 0, Sum: 0, Workers: 1
[10.300s][debug][gc,phases   ] GC(5)         Total                     Min: 0, Avg:  0.0, Max: 0, Diff: 0, Sum: 0, Workers: 1
[10.300s][debug][gc,phases   ] GC(5)       StringTable Weak          Min:  0.0, Avg:  0.0, Max:  0.0, Diff:  0.0, Sum:  0.0, Workers: 1
[10.300s][debug][gc,phases   ] GC(5)         Dead                      Min: 0, Avg:  0.0, Max: 0, Diff: 0, Sum: 0, Workers: 1
[10.300s][debug][gc,phases   ] GC(5)         Total                     Min: 641, Avg: 641.0, Max: 641, Diff: 0, Sum: 641, Workers: 1
[10.300s][debug][gc,phases   ] GC(5)       ResolvedMethodTable Weak  Min:  0.0, Avg:  0.0, Max:  0.0, Diff:  0.0, Sum:  0.0, Workers: 1
[10.300s][debug][gc,phases   ] GC(5)         Dead                      Min: 0, Avg:  0.0, Max: 0, Diff: 0, Sum: 0, Workers: 1
[10.300s][debug][gc,phases   ] GC(5)         Total                     Min: 281, Avg: 281.0, Max: 281, Diff: 0, Sum: 281, Workers: 1
[10.300s][debug][gc,phases   ] GC(5)       JNI Weak                  Min:  0.0, Avg:  0.0, Max:  0.0, Diff:  0.0, Sum:  0.0, Workers: 1
[10.300s][debug][gc,phases   ] GC(5)         Dead                      Min: 0, Avg:  0.0, Max: 0, Diff: 0, Sum: 0, Workers: 1
[10.300s][debug][gc,phases   ] GC(5)         Total                     Min: 0, Avg:  0.0, Max: 0, Diff: 0, Sum: 0, Workers: 1
[10.300s][debug][gc,phases   ] GC(5)       Weak JFR Old Object Samples Min:  0.0, Avg:  0.0, Max:  0.0, Diff:  0.0, Sum:  0.0, Workers: 1
[10.300s][debug][gc,phases   ] GC(5)         Dead                      Min: 0, Avg:  0.0, Max: 0, Diff: 0, Sum: 0, Workers: 1
[10.300s][debug][gc,phases   ] GC(5)         Total                     Min: 0, Avg:  0.0, Max: 0, Diff: 0, Sum: 0, Workers: 1
[10.300s][debug][gc,phases   ] GC(5)     Merge Per-Thread State: 0.0ms
[10.300s][debug][gc,phases   ] GC(5)       Copied Bytes              Min: 2112648, Avg: 2381249.8, Max: 2691104, Diff: 578456, Sum: 30956248, Workers: 13
[10.300s][debug][gc,phases   ] GC(5)       LAB Waste                 Min: 664, Avg: 1124.9, Max: 1792, Diff: 1128, Sum: 14624, Workers: 13
[10.300s][debug][gc,phases   ] GC(5)       LAB Undo Waste            Min: 0, Avg:  0.0, Max: 0, Diff: 0, Sum: 0, Workers: 13
[10.300s][debug][gc,phases   ] GC(5)     Code Roots Purge: 0.0ms
[10.300s][debug][gc,phases   ] GC(5)     Redirty Cards: 0.1ms
[10.300s][debug][gc,phases   ] GC(5)     DerivedPointerTable Update: 0.0ms
[10.300s][debug][gc,phases   ] GC(5)     Free Collection Set: 0.1ms
[10.300s][debug][gc,phases   ] GC(5)     Rebuild Free List: 0.1ms
[10.300s][debug][gc,phases   ] GC(5)     Humongous Reclaim: 0.0ms
[10.300s][debug][gc,phases   ] GC(5)     Start New Collection Set: 0.0ms
[10.300s][debug][gc,phases   ] GC(5)     Resize TLABs: 0.1ms
[10.300s][debug][gc,phases   ] GC(5)     Expand Heap After Collection: 0.0ms
[10.300s][info ][gc,phases   ] GC(5)   Other: 0.5ms
[10.300s][info ][gc,heap     ] GC(5) Eden regions: 54->0(61)
[10.300s][info ][gc,heap     ] GC(5) Survivor regions: 3->4(8)
[10.300s][info ][gc,heap     ] GC(5) Old regions: 9->9
[10.300s][info ][gc,heap     ] GC(5) Archive regions: 2->2
[10.300s][info ][gc,heap     ] GC(5) Humongous regions: 0->0
[10.300s][info ][gc,metaspace] GC(5) Metaspace: 1593K(1792K)->1593K(1792K) NonClass: 1475K(1600K)->1475K(1600K) Class: 118K(192K)->118K(192K)
[10.300s][info ][gc          ] GC(5) Pause Young (Normal) (G1 Evacuation Pause) 527M->103M(1248M) 6.990ms
[10.300s][info ][gc,cpu      ] GC(5) User=0.06s Sys=0.01s Real=0.01s
[12.439s][info ][gc,start    ] GC(6) Pause Young (Normal) (G1 Evacuation Pause)
[12.439s][info ][gc,task     ] GC(6) Using 13 workers of 13 for evacuation
[12.446s][info ][gc,phases   ] GC(6)   Pre Evacuate Collection Set: 0.2ms
[12.446s][debug][gc,phases   ] GC(6)     Prepare TLABs: 0.1ms
[12.446s][debug][gc,phases   ] GC(6)     Concatenate Dirty Card Logs: 0.1ms
[12.446s][debug][gc,phases   ] GC(6)     Choose Collection Set: 0.0ms
[12.446s][debug][gc,phases   ] GC(6)     Region Register: 0.1ms
[12.446s][debug][gc,phases   ] GC(6)     Prepare Heap Roots: 0.0ms
[12.446s][info ][gc,phases   ] GC(6)   Merge Heap Roots: 0.1ms
[12.446s][debug][gc,phases   ] GC(6)     Prepare Merge Heap Roots: 0.0ms
[12.446s][debug][gc,phases   ] GC(6)     Eager Reclaim (ms):       skipped
[12.446s][debug][gc,phases   ] GC(6)     Remembered Sets (ms):     Min:  0.0, Avg:  0.0, Max:  0.1, Diff:  0.1, Sum:  0.2, Workers: 13
[12.446s][debug][gc,phases   ] GC(6)       Merged Sparse:            Min: 0, Avg:  0.5, Max: 5, Diff: 5, Sum: 7, Workers: 13
[12.446s][debug][gc,phases   ] GC(6)       Merged Fine:              Min: 0, Avg:  0.5, Max: 7, Diff: 7, Sum: 7, Workers: 13
[12.446s][debug][gc,phases   ] GC(6)       Merged Coarse:            Min: 0, Avg:  0.0, Max: 0, Diff: 0, Sum: 0, Workers: 13
[12.446s][debug][gc,phases   ] GC(6)       Dirty Cards:              Min: 0, Avg: 434.7, Max: 5632, Diff: 5632, Sum: 5651, Workers: 13
[12.446s][debug][gc,phases   ] GC(6)     Hot Card Cache (ms):      Min:  0.0, Avg:  0.0, Max:  0.0, Diff:  0.0, Sum:  0.0, Workers: 13
[12.446s][debug][gc,phases   ] GC(6)       Dirty Cards:              Min: 0, Avg:  0.0, Max: 0, Diff: 0, Sum: 0, Workers: 13
[12.446s][debug][gc,phases   ] GC(6)       Skipped Cards:            Min: 0, Avg:  0.0, Max: 0, Diff: 0, Sum: 0, Workers: 13
[12.446s][debug][gc,phases   ] GC(6)     Log Buffers (ms):         Min:  0.0, Avg:  0.0, Max:  0.1, Diff:  0.1, Sum:  0.6, Workers: 13
[12.446s][debug][gc,phases   ] GC(6)       Dirty Cards:              Min: 48, Avg: 458.3, Max: 2627, Diff: 2579, Sum: 5958, Workers: 13
[12.446s][debug][gc,phases   ] GC(6)       Skipped Cards:            Min: 0, Avg:  0.0, Max: 0, Diff: 0, Sum: 0, Workers: 13
[12.446s][info ][gc,phases   ] GC(6)   Evacuate Collection Set: 5.5ms
[12.446s][debug][gc,phases   ] GC(6)     Ext Root Scanning (ms):   Min:  0.5, Avg:  0.5, Max:  0.7, Diff:  0.2, Sum:  7.1, Workers: 13
[12.446s][debug][gc,phases   ] GC(6)     Scan Heap Roots (ms):     Min:  1.1, Avg:  1.2, Max:  1.2, Diff:  0.2, Sum: 15.0, Workers: 13
[12.446s][debug][gc,phases   ] GC(6)       Scanned Cards:            Min: 603, Avg: 893.0, Max: 1149, Diff: 546, Sum: 11609, Workers: 13
[12.446s][debug][gc,phases   ] GC(6)       Scanned Blocks:           Min: 553, Avg: 799.3, Max: 1020, Diff: 467, Sum: 10391, Workers: 13
[12.446s][debug][gc,phases   ] GC(6)       Claimed Chunks:           Min: 8, Avg: 10.0, Max: 20, Diff: 12, Sum: 130, Workers: 13
[12.446s][debug][gc,phases   ] GC(6)     Code Root Scan (ms):      Min:  0.0, Avg:  0.0, Max:  0.1, Diff:  0.1, Sum:  0.2, Workers: 13
[12.446s][debug][gc,phases   ] GC(6)     Object Copy (ms):         Min:  3.5, Avg:  3.6, Max:  3.7, Diff:  0.3, Sum: 46.6, Workers: 13
[12.446s][debug][gc,phases   ] GC(6)     Termination (ms):         Min:  0.1, Avg:  0.1, Max:  0.1, Diff:  0.0, Sum:  1.2, Workers: 13
[12.446s][debug][gc,phases   ] GC(6)       Termination Attempts:     Min: 1, Avg:  1.0, Max: 1, Diff: 0, Sum: 13, Workers: 13
[12.446s][debug][gc,phases   ] GC(6)     GC Worker Other (ms):     Min:  0.0, Avg:  0.0, Max:  0.0, Diff:  0.0, Sum:  0.2, Workers: 13
[12.446s][debug][gc,phases   ] GC(6)     GC Worker Total (ms):     Min:  5.4, Avg:  5.4, Max:  5.5, Diff:  0.1, Sum: 70.2, Workers: 13
[12.446s][info ][gc,phases   ] GC(6)   Post Evacuate Collection Set: 0.3ms
[12.446s][debug][gc,phases   ] GC(6)     Code Roots Fixup: 0.0ms
[12.446s][debug][gc,phases   ] GC(6)     Clear Card Table: 0.1ms
[12.446s][debug][gc,phases   ] GC(6)     Reference Processing: 0.0ms
[12.446s][debug][gc,phases   ] GC(6)     Weak Processing: 0.0ms
[12.446s][debug][gc,phases   ] GC(6)       VM Weak                   Min:  0.0, Avg:  0.0, Max:  0.0, Diff:  0.0, Sum:  0.0, Workers: 1
[12.446s][debug][gc,phases   ] GC(6)         Dead                      Min: 0, Avg:  0.0, Max: 0, Diff: 0, Sum: 0, Workers: 1
[12.446s][debug][gc,phases   ] GC(6)         Total                     Min: 57, Avg: 57.0, Max: 57, Diff: 0, Sum: 57, Workers: 1
[12.446s][debug][gc,phases   ] GC(6)       ObjectSynchronizer Weak   Min:  0.0, Avg:  0.0, Max:  0.0, Diff:  0.0, Sum:  0.0, Workers: 1
[12.446s][debug][gc,phases   ] GC(6)         Dead                      Min: 0, Avg:  0.0, Max: 0, Diff: 0, Sum: 0, Workers: 1
[12.446s][debug][gc,phases   ] GC(6)         Total                     Min: 9, Avg:  9.0, Max: 9, Diff: 0, Sum: 9, Workers: 1
[12.446s][debug][gc,phases   ] GC(6)       JVMTI Tag Weak OopStorage Min:  0.0, Avg:  0.0, Max:  0.0, Diff:  0.0, Sum:  0.0, Workers: 1
[12.446s][debug][gc,phases   ] GC(6)         Dead                      Min: 0, Avg:  0.0, Max: 0, Diff: 0, Sum: 0, Workers: 1
[12.446s][debug][gc,phases   ] GC(6)         Total                     Min: 0, Avg:  0.0, Max: 0, Diff: 0, Sum: 0, Workers: 1
[12.446s][debug][gc,phases   ] GC(6)       StringTable Weak          Min:  0.0, Avg:  0.0, Max:  0.0, Diff:  0.0, Sum:  0.0, Workers: 1
[12.446s][debug][gc,phases   ] GC(6)         Dead                      Min: 0, Avg:  0.0, Max: 0, Diff: 0, Sum: 0, Workers: 1
[12.446s][debug][gc,phases   ] GC(6)         Total                     Min: 641, Avg: 641.0, Max: 641, Diff: 0, Sum: 641, Workers: 1
[12.446s][debug][gc,phases   ] GC(6)       ResolvedMethodTable Weak  Min:  0.0, Avg:  0.0, Max:  0.0, Diff:  0.0, Sum:  0.0, Workers: 1
[12.446s][debug][gc,phases   ] GC(6)         Dead                      Min: 0, Avg:  0.0, Max: 0, Diff: 0, Sum: 0, Workers: 1
[12.446s][debug][gc,phases   ] GC(6)         Total                     Min: 281, Avg: 281.0, Max: 281, Diff: 0, Sum: 281, Workers: 1
[12.446s][debug][gc,phases   ] GC(6)       JNI Weak                  Min:  0.0, Avg:  0.0, Max:  0.0, Diff:  0.0, Sum:  0.0, Workers: 1
[12.446s][debug][gc,phases   ] GC(6)         Dead                      Min: 0, Avg:  0.0, Max: 0, Diff: 0, Sum: 0, Workers: 1
[12.446s][debug][gc,phases   ] GC(6)         Total                     Min: 0, Avg:  0.0, Max: 0, Diff: 0, Sum: 0, Workers: 1
[12.446s][debug][gc,phases   ] GC(6)       Weak JFR Old Object Samples Min:  0.0, Avg:  0.0, Max:  0.0, Diff:  0.0, Sum:  0.0, Workers: 1
[12.446s][debug][gc,phases   ] GC(6)         Dead                      Min: 0, Avg:  0.0, Max: 0, Diff: 0, Sum: 0, Workers: 1
[12.446s][debug][gc,phases   ] GC(6)         Total                     Min: 0, Avg:  0.0, Max: 0, Diff: 0, Sum: 0, Workers: 1
[12.446s][debug][gc,phases   ] GC(6)     Merge Per-Thread State: 0.0ms
[12.446s][debug][gc,phases   ] GC(6)       Copied Bytes              Min: 2202928, Avg: 2385270.2, Max: 2842520, Diff: 639592, Sum: 31008512, Workers: 13
[12.446s][debug][gc,phases   ] GC(6)       LAB Waste                 Min: 472, Avg: 966.8, Max: 1560, Diff: 1088, Sum: 12568, Workers: 13
[12.446s][debug][gc,phases   ] GC(6)       LAB Undo Waste            Min: 0, Avg:  0.0, Max: 0, Diff: 0, Sum: 0, Workers: 13
[12.446s][debug][gc,phases   ] GC(6)     Code Roots Purge: 0.0ms
[12.446s][debug][gc,phases   ] GC(6)     Redirty Cards: 0.0ms
[12.446s][debug][gc,phases   ] GC(6)     DerivedPointerTable Update: 0.0ms
[12.446s][debug][gc,phases   ] GC(6)     Free Collection Set: 0.1ms
[12.446s][debug][gc,phases   ] GC(6)     Rebuild Free List: 0.0ms
[12.446s][debug][gc,phases   ] GC(6)     Humongous Reclaim: 0.0ms
[12.446s][debug][gc,phases   ] GC(6)     Start New Collection Set: 0.0ms
[12.446s][debug][gc,phases   ] GC(6)     Resize TLABs: 0.1ms
[12.446s][debug][gc,phases   ] GC(6)     Expand Heap After Collection: 0.0ms
[12.446s][info ][gc,phases   ] GC(6)   Other: 0.4ms
[12.446s][info ][gc,heap     ] GC(6) Eden regions: 60->0(74)
[12.446s][info ][gc,heap     ] GC(6) Survivor regions: 4->5(8)
[12.446s][info ][gc,heap     ] GC(6) Old regions: 9->9
[12.446s][info ][gc,heap     ] GC(6) Archive regions: 2->2
[12.446s][info ][gc,heap     ] GC(6) Humongous regions: 0->0
[12.446s][info ][gc,metaspace] GC(6) Metaspace: 1600K(1792K)->1600K(1792K) NonClass: 1482K(1600K)->1482K(1600K) Class: 118K(192K)->118K(192K)
[12.446s][info ][gc          ] GC(6) Pause Young (Normal) (G1 Evacuation Pause) 583M->104M(1248M) 7.160ms
[12.446s][info ][gc,cpu      ] GC(6) User=0.07s Sys=0.00s Real=0.01s
[15.076s][info ][gc,start    ] GC(7) Pause Young (Normal) (G1 Evacuation Pause)
[15.077s][info ][gc,task     ] GC(7) Using 13 workers of 13 for evacuation
[15.085s][info ][gc,phases   ] GC(7)   Pre Evacuate Collection Set: 0.4ms
[15.085s][debug][gc,phases   ] GC(7)     Prepare TLABs: 0.2ms
[15.085s][debug][gc,phases   ] GC(7)     Concatenate Dirty Card Logs: 0.1ms
[15.085s][debug][gc,phases   ] GC(7)     Choose Collection Set: 0.0ms
[15.085s][debug][gc,phases   ] GC(7)     Region Register: 0.1ms
[15.085s][debug][gc,phases   ] GC(7)     Prepare Heap Roots: 0.0ms
[15.085s][info ][gc,phases   ] GC(7)   Merge Heap Roots: 0.2ms
[15.085s][debug][gc,phases   ] GC(7)     Prepare Merge Heap Roots: 0.0ms
[15.085s][debug][gc,phases   ] GC(7)     Eager Reclaim (ms):       skipped
[15.086s][debug][gc,phases   ] GC(7)     Remembered Sets (ms):     Min:  0.0, Avg:  0.0, Max:  0.1, Diff:  0.1, Sum:  0.3, Workers: 13
[15.086s][debug][gc,phases   ] GC(7)       Merged Sparse:            Min: 0, Avg:  0.4, Max: 2, Diff: 2, Sum: 5, Workers: 13
[15.086s][debug][gc,phases   ] GC(7)       Merged Fine:              Min: 0, Avg:  0.8, Max: 8, Diff: 8, Sum: 11, Workers: 13
[15.086s][debug][gc,phases   ] GC(7)       Merged Coarse:            Min: 0, Avg:  0.0, Max: 0, Diff: 0, Sum: 0, Workers: 13
[15.086s][debug][gc,phases   ] GC(7)       Dirty Cards:              Min: 0, Avg: 549.2, Max: 6114, Diff: 6114, Sum: 7140, Workers: 13
[15.086s][debug][gc,phases   ] GC(7)     Hot Card Cache (ms):      Min:  0.0, Avg:  0.0, Max:  0.0, Diff:  0.0, Sum:  0.0, Workers: 13
[15.086s][debug][gc,phases   ] GC(7)       Dirty Cards:              Min: 0, Avg:  0.0, Max: 0, Diff: 0, Sum: 0, Workers: 13
[15.086s][debug][gc,phases   ] GC(7)       Skipped Cards:            Min: 0, Avg:  0.0, Max: 0, Diff: 0, Sum: 0, Workers: 13
[15.086s][debug][gc,phases   ] GC(7)     Log Buffers (ms):         Min:  0.0, Avg:  0.1, Max:  0.1, Diff:  0.1, Sum:  1.0, Workers: 13
[15.086s][debug][gc,phases   ] GC(7)       Dirty Cards:              Min: 0, Avg: 480.7, Max: 1161, Diff: 1161, Sum: 6249, Workers: 13
[15.086s][debug][gc,phases   ] GC(7)       Skipped Cards:            Min: 0, Avg:  0.0, Max: 0, Diff: 0, Sum: 0, Workers: 13
[15.086s][info ][gc,phases   ] GC(7)   Evacuate Collection Set: 7.7ms
[15.086s][debug][gc,phases   ] GC(7)     Ext Root Scanning (ms):   Min:  0.5, Avg:  0.7, Max:  0.9, Diff:  0.3, Sum:  8.8, Workers: 13
[15.086s][debug][gc,phases   ] GC(7)     Scan Heap Roots (ms):     Min:  0.9, Avg:  1.2, Max:  1.3, Diff:  0.4, Sum: 15.5, Workers: 13
[15.086s][debug][gc,phases   ] GC(7)       Scanned Cards:            Min: 694, Avg: 1029.8, Max: 1464, Diff: 770, Sum: 13388, Workers: 13
[15.086s][debug][gc,phases   ] GC(7)       Scanned Blocks:           Min: 622, Avg: 905.3, Max: 1283, Diff: 661, Sum: 11769, Workers: 13
[15.086s][debug][gc,phases   ] GC(7)       Claimed Chunks:           Min: 7, Avg: 10.0, Max: 18, Diff: 11, Sum: 130, Workers: 13
[15.086s][debug][gc,phases   ] GC(7)     Code Root Scan (ms):      Min:  0.0, Avg:  0.0, Max:  0.1, Diff:  0.1, Sum:  0.2, Workers: 13
[15.086s][debug][gc,phases   ] GC(7)     Object Copy (ms):         Min:  5.3, Avg:  5.6, Max:  6.0, Diff:  0.6, Sum: 72.5, Workers: 13
[15.086s][debug][gc,phases   ] GC(7)     Termination (ms):         Min:  0.1, Avg:  0.1, Max:  0.1, Diff:  0.1, Sum:  1.1, Workers: 13
[15.086s][debug][gc,phases   ] GC(7)       Termination Attempts:     Min: 1, Avg:  1.0, Max: 1, Diff: 0, Sum: 13, Workers: 13
[15.086s][debug][gc,phases   ] GC(7)     GC Worker Other (ms):     Min:  0.0, Avg:  0.0, Max:  0.0, Diff:  0.0, Sum:  0.2, Workers: 13
[15.086s][debug][gc,phases   ] GC(7)     GC Worker Total (ms):     Min:  7.5, Avg:  7.6, Max:  7.6, Diff:  0.1, Sum: 98.3, Workers: 13
[15.086s][info ][gc,phases   ] GC(7)   Post Evacuate Collection Set: 0.3ms
[15.086s][debug][gc,phases   ] GC(7)     Code Roots Fixup: 0.0ms
[15.086s][debug][gc,phases   ] GC(7)     Clear Card Table: 0.1ms
[15.086s][debug][gc,phases   ] GC(7)     Reference Processing: 0.0ms
[15.086s][debug][gc,phases   ] GC(7)     Weak Processing: 0.0ms
[15.086s][debug][gc,phases   ] GC(7)       VM Weak                   Min:  0.0, Avg:  0.0, Max:  0.0, Diff:  0.0, Sum:  0.0, Workers: 1
[15.086s][debug][gc,phases   ] GC(7)         Dead                      Min: 0, Avg:  0.0, Max: 0, Diff: 0, Sum: 0, Workers: 1
[15.086s][debug][gc,phases   ] GC(7)         Total                     Min: 57, Avg: 57.0, Max: 57, Diff: 0, Sum: 57, Workers: 1
[15.086s][debug][gc,phases   ] GC(7)       ObjectSynchronizer Weak   Min:  0.0, Avg:  0.0, Max:  0.0, Diff:  0.0, Sum:  0.0, Workers: 1
[15.086s][debug][gc,phases   ] GC(7)         Dead                      Min: 0, Avg:  0.0, Max: 0, Diff: 0, Sum: 0, Workers: 1
[15.086s][debug][gc,phases   ] GC(7)         Total                     Min: 9, Avg:  9.0, Max: 9, Diff: 0, Sum: 9, Workers: 1
[15.086s][debug][gc,phases   ] GC(7)       JVMTI Tag Weak OopStorage Min:  0.0, Avg:  0.0, Max:  0.0, Diff:  0.0, Sum:  0.0, Workers: 1
[15.086s][debug][gc,phases   ] GC(7)         Dead                      Min: 0, Avg:  0.0, Max: 0, Diff: 0, Sum: 0, Workers: 1
[15.086s][debug][gc,phases   ] GC(7)         Total                     Min: 0, Avg:  0.0, Max: 0, Diff: 0, Sum: 0, Workers: 1
[15.086s][debug][gc,phases   ] GC(7)       StringTable Weak          Min:  0.0, Avg:  0.0, Max:  0.0, Diff:  0.0, Sum:  0.0, Workers: 1
[15.086s][debug][gc,phases   ] GC(7)         Dead                      Min: 0, Avg:  0.0, Max: 0, Diff: 0, Sum: 0, Workers: 1
[15.086s][debug][gc,phases   ] GC(7)         Total                     Min: 641, Avg: 641.0, Max: 641, Diff: 0, Sum: 641, Workers: 1
[15.086s][debug][gc,phases   ] GC(7)       ResolvedMethodTable Weak  Min:  0.0, Avg:  0.0, Max:  0.0, Diff:  0.0, Sum:  0.0, Workers: 1
[15.086s][debug][gc,phases   ] GC(7)         Dead                      Min: 0, Avg:  0.0, Max: 0, Diff: 0, Sum: 0, Workers: 1
[15.086s][debug][gc,phases   ] GC(7)         Total                     Min: 281, Avg: 281.0, Max: 281, Diff: 0, Sum: 281, Workers: 1
[15.086s][debug][gc,phases   ] GC(7)       JNI Weak                  Min:  0.0, Avg:  0.0, Max:  0.0, Diff:  0.0, Sum:  0.0, Workers: 1
[15.086s][debug][gc,phases   ] GC(7)         Dead                      Min: 0, Avg:  0.0, Max: 0, Diff: 0, Sum: 0, Workers: 1
[15.086s][debug][gc,phases   ] GC(7)         Total                     Min: 0, Avg:  0.0, Max: 0, Diff: 0, Sum: 0, Workers: 1
[15.086s][debug][gc,phases   ] GC(7)       Weak JFR Old Object Samples Min:  0.0, Avg:  0.0, Max:  0.0, Diff:  0.0, Sum:  0.0, Workers: 1
[15.086s][debug][gc,phases   ] GC(7)         Dead                      Min: 0, Avg:  0.0, Max: 0, Diff: 0, Sum: 0, Workers: 1
[15.086s][debug][gc,phases   ] GC(7)         Total                     Min: 0, Avg:  0.0, Max: 0, Diff: 0, Sum: 0, Workers: 1
[15.086s][debug][gc,phases   ] GC(7)     Merge Per-Thread State: 0.0ms
[15.086s][debug][gc,phases   ] GC(7)       Copied Bytes              Min: 1928552, Avg: 2368905.2, Max: 2847536, Diff: 918984, Sum: 30795768, Workers: 13
[15.086s][debug][gc,phases   ] GC(7)       LAB Waste                 Min: 184, Avg: 645.5, Max: 1080, Diff: 896, Sum: 8392, Workers: 13
[15.086s][debug][gc,phases   ] GC(7)       LAB Undo Waste            Min: 0, Avg:  0.0, Max: 0, Diff: 0, Sum: 0, Workers: 13
[15.086s][debug][gc,phases   ] GC(7)     Code Roots Purge: 0.0ms
[15.086s][debug][gc,phases   ] GC(7)     Redirty Cards: 0.1ms
[15.086s][debug][gc,phases   ] GC(7)     DerivedPointerTable Update: 0.0ms
[15.086s][debug][gc,phases   ] GC(7)     Free Collection Set: 0.1ms
[15.086s][debug][gc,phases   ] GC(7)     Rebuild Free List: 0.0ms
[15.086s][debug][gc,phases   ] GC(7)     Humongous Reclaim: 0.0ms
[15.086s][debug][gc,phases   ] GC(7)     Start New Collection Set: 0.0ms
[15.086s][debug][gc,phases   ] GC(7)     Resize TLABs: 0.1ms
[15.086s][debug][gc,phases   ] GC(7)     Expand Heap After Collection: 0.0ms
[15.086s][info ][gc,phases   ] GC(7)   Other: 0.6ms
[15.086s][info ][gc,heap     ] GC(7) Eden regions: 73->0(88)
[15.086s][info ][gc,heap     ] GC(7) Survivor regions: 5->5(10)
[15.086s][info ][gc,heap     ] GC(7) Old regions: 9->9
[15.086s][info ][gc,heap     ] GC(7) Archive regions: 2->2
[15.086s][info ][gc,heap     ] GC(7) Humongous regions: 0->0
[15.086s][info ][gc,metaspace] GC(7) Metaspace: 1605K(1792K)->1605K(1792K) NonClass: 1487K(1600K)->1487K(1600K) Class: 118K(192K)->118K(192K)
[15.086s][info ][gc          ] GC(7) Pause Young (Normal) (G1 Evacuation Pause) 688M->104M(1248M) 9.650ms
[15.086s][info ][gc,cpu      ] GC(7) User=0.07s Sys=0.02s Real=0.01s
[18.500s][info ][gc,start    ] GC(8) Pause Young (Normal) (G1 Evacuation Pause)
[18.500s][info ][gc,task     ] GC(8) Using 13 workers of 13 for evacuation
[18.513s][info ][gc,phases   ] GC(8)   Pre Evacuate Collection Set: 0.3ms
[18.513s][debug][gc,phases   ] GC(8)     Prepare TLABs: 0.1ms
[18.513s][debug][gc,phases   ] GC(8)     Concatenate Dirty Card Logs: 0.1ms
[18.513s][debug][gc,phases   ] GC(8)     Choose Collection Set: 0.0ms
[18.513s][debug][gc,phases   ] GC(8)     Region Register: 0.1ms
[18.513s][debug][gc,phases   ] GC(8)     Prepare Heap Roots: 0.0ms
[18.513s][info ][gc,phases   ] GC(8)   Merge Heap Roots: 0.2ms
[18.513s][debug][gc,phases   ] GC(8)     Prepare Merge Heap Roots: 0.0ms
[18.513s][debug][gc,phases   ] GC(8)     Eager Reclaim (ms):       skipped
[18.513s][debug][gc,phases   ] GC(8)     Remembered Sets (ms):     Min:  0.0, Avg:  0.0, Max:  0.1, Diff:  0.1, Sum:  0.2, Workers: 13
[18.513s][debug][gc,phases   ] GC(8)       Merged Sparse:            Min: 0, Avg:  0.2, Max: 2, Diff: 2, Sum: 2, Workers: 13
[18.513s][debug][gc,phases   ] GC(8)       Merged Fine:              Min: 0, Avg:  0.5, Max: 7, Diff: 7, Sum: 7, Workers: 13
[18.513s][debug][gc,phases   ] GC(8)       Merged Coarse:            Min: 0, Avg:  0.0, Max: 0, Diff: 0, Sum: 0, Workers: 13
[18.513s][debug][gc,phases   ] GC(8)       Dirty Cards:              Min: 0, Avg: 652.5, Max: 8482, Diff: 8482, Sum: 8482, Workers: 13
[18.513s][debug][gc,phases   ] GC(8)     Hot Card Cache (ms):      Min:  0.0, Avg:  0.0, Max:  0.0, Diff:  0.0, Sum:  0.0, Workers: 13
[18.513s][debug][gc,phases   ] GC(8)       Dirty Cards:              Min: 0, Avg:  0.0, Max: 0, Diff: 0, Sum: 0, Workers: 13
[18.513s][debug][gc,phases   ] GC(8)       Skipped Cards:            Min: 0, Avg:  0.0, Max: 0, Diff: 0, Sum: 0, Workers: 13
[18.513s][debug][gc,phases   ] GC(8)     Log Buffers (ms):         Min:  0.0, Avg:  0.1, Max:  0.1, Diff:  0.1, Sum:  1.0, Workers: 13
[18.513s][debug][gc,phases   ] GC(8)       Dirty Cards:              Min: 0, Avg: 545.6, Max: 1325, Diff: 1325, Sum: 7093, Workers: 13
[18.513s][debug][gc,phases   ] GC(8)       Skipped Cards:            Min: 0, Avg:  0.0, Max: 0, Diff: 0, Sum: 0, Workers: 13
[18.513s][info ][gc,phases   ] GC(8)   Evacuate Collection Set: 12.1ms
[18.513s][debug][gc,phases   ] GC(8)     Ext Root Scanning (ms):   Min:  0.6, Avg:  0.7, Max:  0.9, Diff:  0.3, Sum:  9.6, Workers: 13
[18.513s][debug][gc,phases   ] GC(8)     Scan Heap Roots (ms):     Min:  1.2, Avg:  1.3, Max:  1.4, Diff:  0.2, Sum: 17.2, Workers: 13
[18.513s][debug][gc,phases   ] GC(8)       Scanned Cards:            Min: 849, Avg: 1198.1, Max: 1585, Diff: 736, Sum: 15575, Workers: 13
[18.513s][debug][gc,phases   ] GC(8)       Scanned Blocks:           Min: 725, Avg: 1031.6, Max: 1350, Diff: 625, Sum: 13411, Workers: 13
[18.513s][debug][gc,phases   ] GC(8)       Claimed Chunks:           Min: 7, Avg: 10.0, Max: 16, Diff: 9, Sum: 130, Workers: 13
[18.513s][debug][gc,phases   ] GC(8)     Code Root Scan (ms):      Min:  0.0, Avg:  0.0, Max:  0.1, Diff:  0.1, Sum:  0.2, Workers: 13
[18.513s][debug][gc,phases   ] GC(8)     Object Copy (ms):         Min:  9.7, Avg:  9.8, Max:  9.9, Diff:  0.3, Sum: 127.8, Workers: 13
[18.513s][debug][gc,phases   ] GC(8)     Termination (ms):         Min:  0.1, Avg:  0.1, Max:  0.1, Diff:  0.0, Sum:  1.5, Workers: 13
[18.513s][debug][gc,phases   ] GC(8)       Termination Attempts:     Min: 1, Avg:  1.0, Max: 1, Diff: 0, Sum: 13, Workers: 13
[18.513s][debug][gc,phases   ] GC(8)     GC Worker Other (ms):     Min:  0.0, Avg:  0.0, Max:  0.0, Diff:  0.0, Sum:  0.2, Workers: 13
[18.513s][debug][gc,phases   ] GC(8)     GC Worker Total (ms):     Min: 12.0, Avg: 12.0, Max: 12.1, Diff:  0.1, Sum: 156.5, Workers: 13
[18.513s][info ][gc,phases   ] GC(8)   Post Evacuate Collection Set: 0.3ms
[18.513s][debug][gc,phases   ] GC(8)     Code Roots Fixup: 0.0ms
[18.513s][debug][gc,phases   ] GC(8)     Clear Card Table: 0.1ms
[18.513s][debug][gc,phases   ] GC(8)     Reference Processing: 0.0ms
[18.513s][debug][gc,phases   ] GC(8)     Weak Processing: 0.0ms
[18.513s][debug][gc,phases   ] GC(8)       VM Weak                   Min:  0.0, Avg:  0.0, Max:  0.0, Diff:  0.0, Sum:  0.0, Workers: 1
[18.514s][debug][gc,phases   ] GC(8)         Dead                      Min: 0, Avg:  0.0, Max: 0, Diff: 0, Sum: 0, Workers: 1
[18.514s][debug][gc,phases   ] GC(8)         Total                     Min: 57, Avg: 57.0, Max: 57, Diff: 0, Sum: 57, Workers: 1
[18.514s][debug][gc,phases   ] GC(8)       ObjectSynchronizer Weak   Min:  0.0, Avg:  0.0, Max:  0.0, Diff:  0.0, Sum:  0.0, Workers: 1
[18.514s][debug][gc,phases   ] GC(8)         Dead                      Min: 0, Avg:  0.0, Max: 0, Diff: 0, Sum: 0, Workers: 1
[18.514s][debug][gc,phases   ] GC(8)         Total                     Min: 9, Avg:  9.0, Max: 9, Diff: 0, Sum: 9, Workers: 1
[18.514s][debug][gc,phases   ] GC(8)       JVMTI Tag Weak OopStorage Min:  0.0, Avg:  0.0, Max:  0.0, Diff:  0.0, Sum:  0.0, Workers: 1
[18.514s][debug][gc,phases   ] GC(8)         Dead                      Min: 0, Avg:  0.0, Max: 0, Diff: 0, Sum: 0, Workers: 1
[18.514s][debug][gc,phases   ] GC(8)         Total                     Min: 0, Avg:  0.0, Max: 0, Diff: 0, Sum: 0, Workers: 1
[18.514s][debug][gc,phases   ] GC(8)       StringTable Weak          Min:  0.0, Avg:  0.0, Max:  0.0, Diff:  0.0, Sum:  0.0, Workers: 1
[18.514s][debug][gc,phases   ] GC(8)         Dead                      Min: 0, Avg:  0.0, Max: 0, Diff: 0, Sum: 0, Workers: 1
[18.514s][debug][gc,phases   ] GC(8)         Total                     Min: 641, Avg: 641.0, Max: 641, Diff: 0, Sum: 641, Workers: 1
[18.514s][debug][gc,phases   ] GC(8)       ResolvedMethodTable Weak  Min:  0.0, Avg:  0.0, Max:  0.0, Diff:  0.0, Sum:  0.0, Workers: 1
[18.514s][debug][gc,phases   ] GC(8)         Dead                      Min: 0, Avg:  0.0, Max: 0, Diff: 0, Sum: 0, Workers: 1
[18.514s][debug][gc,phases   ] GC(8)         Total                     Min: 281, Avg: 281.0, Max: 281, Diff: 0, Sum: 281, Workers: 1
[18.514s][debug][gc,phases   ] GC(8)       JNI Weak                  Min:  0.0, Avg:  0.0, Max:  0.0, Diff:  0.0, Sum:  0.0, Workers: 1
[18.514s][debug][gc,phases   ] GC(8)         Dead                      Min: 0, Avg:  0.0, Max: 0, Diff: 0, Sum: 0, Workers: 1
[18.514s][debug][gc,phases   ] GC(8)         Total                     Min: 0, Avg:  0.0, Max: 0, Diff: 0, Sum: 0, Workers: 1
[18.514s][debug][gc,phases   ] GC(8)       Weak JFR Old Object Samples Min:  0.0, Avg:  0.0, Max:  0.0, Diff:  0.0, Sum:  0.0, Workers: 1
[18.514s][debug][gc,phases   ] GC(8)         Dead                      Min: 0, Avg:  0.0, Max: 0, Diff: 0, Sum: 0, Workers: 1
[18.514s][debug][gc,phases   ] GC(8)         Total                     Min: 0, Avg:  0.0, Max: 0, Diff: 0, Sum: 0, Workers: 1
[18.514s][debug][gc,phases   ] GC(8)     Merge Per-Thread State: 0.0ms
[18.514s][debug][gc,phases   ] GC(8)       Copied Bytes              Min: 2289936, Avg: 2405236.3, Max: 2546544, Diff: 256608, Sum: 31268072, Workers: 13
[18.514s][debug][gc,phases   ] GC(8)       LAB Waste                 Min: 312, Avg: 686.2, Max: 1216, Diff: 904, Sum: 8920, Workers: 13
[18.514s][debug][gc,phases   ] GC(8)       LAB Undo Waste            Min: 0, Avg:  0.0, Max: 0, Diff: 0, Sum: 0, Workers: 13
[18.514s][debug][gc,phases   ] GC(8)     Code Roots Purge: 0.0ms
[18.514s][debug][gc,phases   ] GC(8)     Redirty Cards: 0.1ms
[18.514s][debug][gc,phases   ] GC(8)     DerivedPointerTable Update: 0.0ms
[18.514s][debug][gc,phases   ] GC(8)     Free Collection Set: 0.1ms
[18.514s][debug][gc,phases   ] GC(8)     Rebuild Free List: 0.0ms
[18.514s][debug][gc,phases   ] GC(8)     Humongous Reclaim: 0.0ms
[18.514s][debug][gc,phases   ] GC(8)     Start New Collection Set: 0.0ms
[18.514s][debug][gc,phases   ] GC(8)     Resize TLABs: 0.1ms
[18.514s][debug][gc,phases   ] GC(8)     Expand Heap After Collection: 0.0ms
[18.514s][info ][gc,phases   ] GC(8)   Other: 0.4ms
[18.514s][info ][gc,heap     ] GC(8) Eden regions: 88->0(88)
[18.514s][info ][gc,heap     ] GC(8) Survivor regions: 5->5(12)
[18.514s][info ][gc,heap     ] GC(8) Old regions: 9->9
[18.514s][info ][gc,heap     ] GC(8) Archive regions: 2->2
[18.514s][info ][gc,heap     ] GC(8) Humongous regions: 0->0
[18.514s][info ][gc,metaspace] GC(8) Metaspace: 1607K(1792K)->1607K(1792K) NonClass: 1489K(1600K)->1489K(1600K) Class: 118K(192K)->118K(192K)
[18.514s][info ][gc          ] GC(8) Pause Young (Normal) (G1 Evacuation Pause) 808M->105M(1248M) 13.924ms
[18.514s][info ][gc,cpu      ] GC(8) User=0.06s Sys=0.08s Real=0.02s
[21.922s][info ][gc,start    ] GC(9) Pause Young (Normal) (G1 Evacuation Pause)
[21.922s][info ][gc,task     ] GC(9) Using 13 workers of 13 for evacuation
[21.929s][info ][gc,phases   ] GC(9)   Pre Evacuate Collection Set: 0.3ms
[21.929s][debug][gc,phases   ] GC(9)     Prepare TLABs: 0.1ms
[21.929s][debug][gc,phases   ] GC(9)     Concatenate Dirty Card Logs: 0.1ms
[21.929s][debug][gc,phases   ] GC(9)     Choose Collection Set: 0.0ms
[21.929s][debug][gc,phases   ] GC(9)     Region Register: 0.1ms
[21.929s][debug][gc,phases   ] GC(9)     Prepare Heap Roots: 0.0ms
[21.929s][info ][gc,phases   ] GC(9)   Merge Heap Roots: 0.2ms
[21.929s][debug][gc,phases   ] GC(9)     Prepare Merge Heap Roots: 0.0ms
[21.929s][debug][gc,phases   ] GC(9)     Eager Reclaim (ms):       skipped
[21.929s][debug][gc,phases   ] GC(9)     Remembered Sets (ms):     Min:  0.0, Avg:  0.0, Max:  0.1, Diff:  0.1, Sum:  0.3, Workers: 13
[21.929s][debug][gc,phases   ] GC(9)       Merged Sparse:            Min: 0, Avg:  1.8, Max: 9, Diff: 9, Sum: 23, Workers: 13
[21.929s][debug][gc,phases   ] GC(9)       Merged Fine:              Min: 0, Avg:  0.6, Max: 8, Diff: 8, Sum: 8, Workers: 13
[21.929s][debug][gc,phases   ] GC(9)       Merged Coarse:            Min: 0, Avg:  0.0, Max: 0, Diff: 0, Sum: 0, Workers: 13
[21.929s][debug][gc,phases   ] GC(9)       Dirty Cards:              Min: 0, Avg: 837.9, Max: 10809, Diff: 10809, Sum: 10893, Workers: 13
[21.929s][debug][gc,phases   ] GC(9)     Hot Card Cache (ms):      Min:  0.0, Avg:  0.0, Max:  0.0, Diff:  0.0, Sum:  0.0, Workers: 13
[21.929s][debug][gc,phases   ] GC(9)       Dirty Cards:              Min: 0, Avg: 38.3, Max: 178, Diff: 178, Sum: 498, Workers: 13
[21.929s][debug][gc,phases   ] GC(9)       Skipped Cards:            Min: 0, Avg:  0.0, Max: 0, Diff: 0, Sum: 0, Workers: 13
[21.929s][debug][gc,phases   ] GC(9)     Log Buffers (ms):         Min:  0.0, Avg:  0.1, Max:  0.1, Diff:  0.1, Sum:  1.1, Workers: 13
[21.929s][debug][gc,phases   ] GC(9)       Dirty Cards:              Min: 0, Avg: 602.5, Max: 1326, Diff: 1326, Sum: 7832, Workers: 13
[21.929s][debug][gc,phases   ] GC(9)       Skipped Cards:            Min: 0, Avg:  0.0, Max: 0, Diff: 0, Sum: 0, Workers: 13
[21.929s][info ][gc,phases   ] GC(9)   Evacuate Collection Set: 5.7ms
[21.929s][debug][gc,phases   ] GC(9)     Ext Root Scanning (ms):   Min:  0.4, Avg:  0.5, Max:  0.6, Diff:  0.1, Sum:  6.5, Workers: 13
[21.929s][debug][gc,phases   ] GC(9)     Scan Heap Roots (ms):     Min:  1.4, Avg:  1.5, Max:  1.6, Diff:  0.2, Sum: 20.0, Workers: 13
[21.929s][debug][gc,phases   ] GC(9)       Scanned Cards:            Min: 1226, Avg: 1478.7, Max: 2105, Diff: 879, Sum: 19223, Workers: 13
[21.929s][debug][gc,phases   ] GC(9)       Scanned Blocks:           Min: 1006, Avg: 1226.9, Max: 1762, Diff: 756, Sum: 15950, Workers: 13
[21.929s][debug][gc,phases   ] GC(9)       Claimed Chunks:           Min: 7, Avg: 10.0, Max: 19, Diff: 12, Sum: 130, Workers: 13
[21.929s][debug][gc,phases   ] GC(9)     Code Root Scan (ms):      Min:  0.0, Avg:  0.0, Max:  0.1, Diff:  0.1, Sum:  0.2, Workers: 13
[21.929s][debug][gc,phases   ] GC(9)     Object Copy (ms):         Min:  3.3, Avg:  3.4, Max:  3.6, Diff:  0.3, Sum: 44.0, Workers: 13
[21.929s][debug][gc,phases   ] GC(9)     Termination (ms):         Min:  0.1, Avg:  0.1, Max:  0.2, Diff:  0.0, Sum:  1.9, Workers: 13
[21.929s][debug][gc,phases   ] GC(9)       Termination Attempts:     Min: 1, Avg:  1.0, Max: 1, Diff: 0, Sum: 13, Workers: 13
[21.929s][debug][gc,phases   ] GC(9)     GC Worker Other (ms):     Min:  0.0, Avg:  0.0, Max:  0.0, Diff:  0.0, Sum:  0.2, Workers: 13
[21.929s][debug][gc,phases   ] GC(9)     GC Worker Total (ms):     Min:  5.6, Avg:  5.6, Max:  5.6, Diff:  0.1, Sum: 72.8, Workers: 13
[21.929s][info ][gc,phases   ] GC(9)   Post Evacuate Collection Set: 0.3ms
[21.929s][debug][gc,phases   ] GC(9)     Code Roots Fixup: 0.0ms
[21.929s][debug][gc,phases   ] GC(9)     Clear Card Table: 0.1ms
[21.929s][debug][gc,phases   ] GC(9)     Reference Processing: 0.0ms
[21.929s][debug][gc,phases   ] GC(9)     Weak Processing: 0.0ms
[21.929s][debug][gc,phases   ] GC(9)       VM Weak                   Min:  0.0, Avg:  0.0, Max:  0.0, Diff:  0.0, Sum:  0.0, Workers: 1
[21.929s][debug][gc,phases   ] GC(9)         Dead                      Min: 0, Avg:  0.0, Max: 0, Diff: 0, Sum: 0, Workers: 1
[21.929s][debug][gc,phases   ] GC(9)         Total                     Min: 57, Avg: 57.0, Max: 57, Diff: 0, Sum: 57, Workers: 1
[21.929s][debug][gc,phases   ] GC(9)       ObjectSynchronizer Weak   Min:  0.0, Avg:  0.0, Max:  0.0, Diff:  0.0, Sum:  0.0, Workers: 1
[21.929s][debug][gc,phases   ] GC(9)         Dead                      Min: 0, Avg:  0.0, Max: 0, Diff: 0, Sum: 0, Workers: 1
[21.929s][debug][gc,phases   ] GC(9)         Total                     Min: 9, Avg:  9.0, Max: 9, Diff: 0, Sum: 9, Workers: 1
[21.929s][debug][gc,phases   ] GC(9)       JVMTI Tag Weak OopStorage Min:  0.0, Avg:  0.0, Max:  0.0, Diff:  0.0, Sum:  0.0, Workers: 1
[21.929s][debug][gc,phases   ] GC(9)         Dead                      Min: 0, Avg:  0.0, Max: 0, Diff: 0, Sum: 0, Workers: 1
[21.929s][debug][gc,phases   ] GC(9)         Total                     Min: 0, Avg:  0.0, Max: 0, Diff: 0, Sum: 0, Workers: 1
[21.929s][debug][gc,phases   ] GC(9)       StringTable Weak          Min:  0.0, Avg:  0.0, Max:  0.0, Diff:  0.0, Sum:  0.0, Workers: 1
[21.929s][debug][gc,phases   ] GC(9)         Dead                      Min: 0, Avg:  0.0, Max: 0, Diff: 0, Sum: 0, Workers: 1
[21.929s][debug][gc,phases   ] GC(9)         Total                     Min: 641, Avg: 641.0, Max: 641, Diff: 0, Sum: 641, Workers: 1
[21.929s][debug][gc,phases   ] GC(9)       ResolvedMethodTable Weak  Min:  0.0, Avg:  0.0, Max:  0.0, Diff:  0.0, Sum:  0.0, Workers: 1
[21.929s][debug][gc,phases   ] GC(9)         Dead                      Min: 0, Avg:  0.0, Max: 0, Diff: 0, Sum: 0, Workers: 1
[21.929s][debug][gc,phases   ] GC(9)         Total                     Min: 281, Avg: 281.0, Max: 281, Diff: 0, Sum: 281, Workers: 1
[21.929s][debug][gc,phases   ] GC(9)       JNI Weak                  Min:  0.0, Avg:  0.0, Max:  0.0, Diff:  0.0, Sum:  0.0, Workers: 1
[21.929s][debug][gc,phases   ] GC(9)         Dead                      Min: 0, Avg:  0.0, Max: 0, Diff: 0, Sum: 0, Workers: 1
[21.929s][debug][gc,phases   ] GC(9)         Total                     Min: 0, Avg:  0.0, Max: 0, Diff: 0, Sum: 0, Workers: 1
[21.929s][debug][gc,phases   ] GC(9)       Weak JFR Old Object Samples Min:  0.0, Avg:  0.0, Max:  0.0, Diff:  0.0, Sum:  0.0, Workers: 1
[21.929s][debug][gc,phases   ] GC(9)         Dead                      Min: 0, Avg:  0.0, Max: 0, Diff: 0, Sum: 0, Workers: 1
[21.929s][debug][gc,phases   ] GC(9)         Total                     Min: 0, Avg:  0.0, Max: 0, Diff: 0, Sum: 0, Workers: 1
[21.929s][debug][gc,phases   ] GC(9)     Merge Per-Thread State: 0.0ms
[21.929s][debug][gc,phases   ] GC(9)       Copied Bytes              Min: 2137896, Avg: 2428590.8, Max: 3140328, Diff: 1002432, Sum: 31571680, Workers: 13
[21.929s][debug][gc,phases   ] GC(9)       LAB Waste                 Min: 440, Avg: 772.9, Max: 1184, Diff: 744, Sum: 10048, Workers: 13
[21.929s][debug][gc,phases   ] GC(9)       LAB Undo Waste            Min: 0, Avg:  0.0, Max: 0, Diff: 0, Sum: 0, Workers: 13
[21.929s][debug][gc,phases   ] GC(9)     Code Roots Purge: 0.0ms
[21.929s][debug][gc,phases   ] GC(9)     Redirty Cards: 0.1ms
[21.929s][debug][gc,phases   ] GC(9)     DerivedPointerTable Update: 0.0ms
[21.929s][debug][gc,phases   ] GC(9)     Free Collection Set: 0.1ms
[21.929s][debug][gc,phases   ] GC(9)     Rebuild Free List: 0.0ms
[21.929s][debug][gc,phases   ] GC(9)     Humongous Reclaim: 0.0ms
[21.929s][debug][gc,phases   ] GC(9)     Start New Collection Set: 0.0ms
[21.929s][debug][gc,phases   ] GC(9)     Resize TLABs: 0.1ms
[21.929s][debug][gc,phases   ] GC(9)     Expand Heap After Collection: 0.0ms
[21.930s][info ][gc,phases   ] GC(9)   Other: 0.5ms
[21.930s][info ][gc,heap     ] GC(9) Eden regions: 88->0(88)
[21.930s][info ][gc,heap     ] GC(9) Survivor regions: 5->5(12)
[21.930s][info ][gc,heap     ] GC(9) Old regions: 9->9
[21.930s][info ][gc,heap     ] GC(9) Archive regions: 2->2
[21.930s][info ][gc,heap     ] GC(9) Humongous regions: 0->0
[21.930s][info ][gc,metaspace] GC(9) Metaspace: 1619K(1792K)->1619K(1792K) NonClass: 1500K(1600K)->1500K(1600K) Class: 118K(192K)->118K(192K)
[21.930s][info ][gc          ] GC(9) Pause Young (Normal) (G1 Evacuation Pause) 809M->104M(1248M) 7.504ms
[21.930s][info ][gc,cpu      ] GC(9) User=0.07s Sys=0.00s Real=0.01s
[25.242s][info ][gc,start    ] GC(10) Pause Young (Normal) (G1 Evacuation Pause)
[25.242s][info ][gc,task     ] GC(10) Using 13 workers of 13 for evacuation
[25.249s][info ][gc,phases   ] GC(10)   Pre Evacuate Collection Set: 0.3ms
[25.249s][debug][gc,phases   ] GC(10)     Prepare TLABs: 0.1ms
[25.249s][debug][gc,phases   ] GC(10)     Concatenate Dirty Card Logs: 0.1ms
[25.249s][debug][gc,phases   ] GC(10)     Choose Collection Set: 0.0ms
[25.249s][debug][gc,phases   ] GC(10)     Region Register: 0.1ms
[25.249s][debug][gc,phases   ] GC(10)     Prepare Heap Roots: 0.0ms
[25.249s][info ][gc,phases   ] GC(10)   Merge Heap Roots: 0.2ms
[25.249s][debug][gc,phases   ] GC(10)     Prepare Merge Heap Roots: 0.0ms
[25.249s][debug][gc,phases   ] GC(10)     Eager Reclaim (ms):       skipped
[25.249s][debug][gc,phases   ] GC(10)     Remembered Sets (ms):     Min:  0.0, Avg:  0.0, Max:  0.2, Diff:  0.2, Sum:  0.5, Workers: 13
[25.249s][debug][gc,phases   ] GC(10)       Merged Sparse:            Min: 0, Avg:  0.5, Max: 2, Diff: 2, Sum: 6, Workers: 13
[25.249s][debug][gc,phases   ] GC(10)       Merged Fine:              Min: 0, Avg:  0.6, Max: 8, Diff: 8, Sum: 8, Workers: 13
[25.249s][debug][gc,phases   ] GC(10)       Merged Coarse:            Min: 0, Avg:  0.0, Max: 0, Diff: 0, Sum: 0, Workers: 13
[25.249s][debug][gc,phases   ] GC(10)       Dirty Cards:              Min: 0, Avg: 932.8, Max: 12099, Diff: 12099, Sum: 12126, Workers: 13
[25.249s][debug][gc,phases   ] GC(10)     Hot Card Cache (ms):      Min:  0.0, Avg:  0.0, Max:  0.0, Diff:  0.0, Sum:  0.0, Workers: 13
[25.249s][debug][gc,phases   ] GC(10)       Dirty Cards:              Min: 0, Avg: 78.8, Max: 192, Diff: 192, Sum: 1024, Workers: 13
[25.249s][debug][gc,phases   ] GC(10)       Skipped Cards:            Min: 0, Avg:  0.0, Max: 0, Diff: 0, Sum: 0, Workers: 13
[25.249s][debug][gc,phases   ] GC(10)     Log Buffers (ms):         Min:  0.0, Avg:  0.1, Max:  0.1, Diff:  0.1, Sum:  0.9, Workers: 13
[25.249s][debug][gc,phases   ] GC(10)       Dirty Cards:              Min: 0, Avg: 611.1, Max: 1089, Diff: 1089, Sum: 7944, Workers: 13
[25.249s][debug][gc,phases   ] GC(10)       Skipped Cards:            Min: 0, Avg:  0.0, Max: 0, Diff: 0, Sum: 0, Workers: 13
[25.249s][info ][gc,phases   ] GC(10)   Evacuate Collection Set: 6.0ms
[25.250s][debug][gc,phases   ] GC(10)     Ext Root Scanning (ms):   Min:  0.5, Avg:  0.5, Max:  0.6, Diff:  0.1, Sum:  6.5, Workers: 13
[25.250s][debug][gc,phases   ] GC(10)     Scan Heap Roots (ms):     Min:  1.5, Avg:  1.6, Max:  1.7, Diff:  0.2, Sum: 20.3, Workers: 13
[25.250s][debug][gc,phases   ] GC(10)       Scanned Cards:            Min: 1314, Avg: 1622.6, Max: 1816, Diff: 502, Sum: 21094, Workers: 13
[25.250s][debug][gc,phases   ] GC(10)       Scanned Blocks:           Min: 1083, Avg: 1315.1, Max: 1461, Diff: 378, Sum: 17096, Workers: 13
[25.250s][debug][gc,phases   ] GC(10)       Claimed Chunks:           Min: 8, Avg: 10.0, Max: 15, Diff: 7, Sum: 130, Workers: 13
[25.250s][debug][gc,phases   ] GC(10)     Code Root Scan (ms):      Min:  0.0, Avg:  0.0, Max:  0.1, Diff:  0.1, Sum:  0.2, Workers: 13
[25.250s][debug][gc,phases   ] GC(10)     Object Copy (ms):         Min:  3.5, Avg:  3.6, Max:  3.7, Diff:  0.2, Sum: 46.5, Workers: 13
[25.250s][debug][gc,phases   ] GC(10)     Termination (ms):         Min:  0.2, Avg:  0.2, Max:  0.2, Diff:  0.1, Sum:  2.6, Workers: 13
[25.250s][debug][gc,phases   ] GC(10)       Termination Attempts:     Min: 1, Avg:  1.0, Max: 1, Diff: 0, Sum: 13, Workers: 13
[25.250s][debug][gc,phases   ] GC(10)     GC Worker Other (ms):     Min:  0.0, Avg:  0.0, Max:  0.0, Diff:  0.0, Sum:  0.3, Workers: 13
[25.250s][debug][gc,phases   ] GC(10)     GC Worker Total (ms):     Min:  5.8, Avg:  5.9, Max:  5.9, Diff:  0.1, Sum: 76.4, Workers: 13
[25.250s][info ][gc,phases   ] GC(10)   Post Evacuate Collection Set: 0.4ms
[25.250s][debug][gc,phases   ] GC(10)     Code Roots Fixup: 0.0ms
[25.250s][debug][gc,phases   ] GC(10)     Clear Card Table: 0.1ms
[25.250s][debug][gc,phases   ] GC(10)     Reference Processing: 0.0ms
[25.250s][debug][gc,phases   ] GC(10)     Weak Processing: 0.0ms
[25.250s][debug][gc,phases   ] GC(10)       VM Weak                   Min:  0.0, Avg:  0.0, Max:  0.0, Diff:  0.0, Sum:  0.0, Workers: 2
[25.250s][debug][gc,phases   ] GC(10)         Dead                      Min: 0, Avg:  0.0, Max: 0, Diff: 0, Sum: 0, Workers: 2
[25.250s][debug][gc,phases   ] GC(10)         Total                     Min: 0, Avg: 28.5, Max: 57, Diff: 57, Sum: 57, Workers: 2
[25.250s][debug][gc,phases   ] GC(10)       ObjectSynchronizer Weak   Min:  0.0, Avg:  0.0, Max:  0.0, Diff:  0.0, Sum:  0.0, Workers: 2
[25.250s][debug][gc,phases   ] GC(10)         Dead                      Min: 0, Avg:  0.0, Max: 0, Diff: 0, Sum: 0, Workers: 2
[25.250s][debug][gc,phases   ] GC(10)         Total                     Min: 0, Avg:  4.5, Max: 9, Diff: 9, Sum: 9, Workers: 2
[25.250s][debug][gc,phases   ] GC(10)       JVMTI Tag Weak OopStorage Min:  0.0, Avg:  0.0, Max:  0.0, Diff:  0.0, Sum:  0.0, Workers: 2
[25.250s][debug][gc,phases   ] GC(10)         Dead                      Min: 0, Avg:  0.0, Max: 0, Diff: 0, Sum: 0, Workers: 2
[25.250s][debug][gc,phases   ] GC(10)         Total                     Min: 0, Avg:  0.0, Max: 0, Diff: 0, Sum: 0, Workers: 2
[25.250s][debug][gc,phases   ] GC(10)       StringTable Weak          Min:  0.0, Avg:  0.0, Max:  0.0, Diff:  0.0, Sum:  0.0, Workers: 2
[25.250s][debug][gc,phases   ] GC(10)         Dead                      Min: 0, Avg:  0.0, Max: 0, Diff: 0, Sum: 0, Workers: 2
[25.250s][debug][gc,phases   ] GC(10)         Total                     Min: 0, Avg: 326.5, Max: 653, Diff: 653, Sum: 653, Workers: 2
[25.250s][debug][gc,phases   ] GC(10)       ResolvedMethodTable Weak  Min:  0.0, Avg:  0.0, Max:  0.0, Diff:  0.0, Sum:  0.0, Workers: 2
[25.250s][debug][gc,phases   ] GC(10)         Dead                      Min: 0, Avg:  0.0, Max: 0, Diff: 0, Sum: 0, Workers: 2
[25.250s][debug][gc,phases   ] GC(10)         Total                     Min: 0, Avg: 140.5, Max: 281, Diff: 281, Sum: 281, Workers: 2
[25.250s][debug][gc,phases   ] GC(10)       JNI Weak                  Min:  0.0, Avg:  0.0, Max:  0.0, Diff:  0.0, Sum:  0.0, Workers: 2
[25.250s][debug][gc,phases   ] GC(10)         Dead                      Min: 0, Avg:  0.0, Max: 0, Diff: 0, Sum: 0, Workers: 2
[25.250s][debug][gc,phases   ] GC(10)         Total                     Min: 0, Avg:  0.0, Max: 0, Diff: 0, Sum: 0, Workers: 2
[25.250s][debug][gc,phases   ] GC(10)       Weak JFR Old Object Samples Min:  0.0, Avg:  0.0, Max:  0.0, Diff:  0.0, Sum:  0.0, Workers: 2
[25.250s][debug][gc,phases   ] GC(10)         Dead                      Min: 0, Avg:  0.0, Max: 0, Diff: 0, Sum: 0, Workers: 2
[25.250s][debug][gc,phases   ] GC(10)         Total                     Min: 0, Avg:  0.0, Max: 0, Diff: 0, Sum: 0, Workers: 2
[25.250s][debug][gc,phases   ] GC(10)     Merge Per-Thread State: 0.0ms
[25.250s][debug][gc,phases   ] GC(10)       Copied Bytes              Min: 2245136, Avg: 2407049.2, Max: 2738376, Diff: 493240, Sum: 31291640, Workers: 13
[25.250s][debug][gc,phases   ] GC(10)       LAB Waste                 Min: 416, Avg: 685.5, Max: 1120, Diff: 704, Sum: 8912, Workers: 13
[25.250s][debug][gc,phases   ] GC(10)       LAB Undo Waste            Min: 0, Avg:  0.0, Max: 0, Diff: 0, Sum: 0, Workers: 13
[25.250s][debug][gc,phases   ] GC(10)     Code Roots Purge: 0.0ms
[25.250s][debug][gc,phases   ] GC(10)     Redirty Cards: 0.1ms
[25.250s][debug][gc,phases   ] GC(10)     DerivedPointerTable Update: 0.0ms
[25.250s][debug][gc,phases   ] GC(10)     Free Collection Set: 0.1ms
[25.250s][debug][gc,phases   ] GC(10)     Rebuild Free List: 0.1ms
[25.250s][debug][gc,phases   ] GC(10)     Humongous Reclaim: 0.0ms
[25.250s][debug][gc,phases   ] GC(10)     Start New Collection Set: 0.0ms
[25.250s][debug][gc,phases   ] GC(10)     Resize TLABs: 0.1ms
[25.250s][debug][gc,phases   ] GC(10)     Expand Heap After Collection: 0.0ms
[25.250s][info ][gc,phases   ] GC(10)   Other: 0.4ms
[25.250s][info ][gc,heap     ] GC(10) Eden regions: 88->0(89)
[25.250s][info ][gc,heap     ] GC(10) Survivor regions: 5->4(12)
[25.250s][info ][gc,heap     ] GC(10) Old regions: 9->9
[25.250s][info ][gc,heap     ] GC(10) Archive regions: 2->2
[25.250s][info ][gc,heap     ] GC(10) Humongous regions: 0->0
[25.250s][info ][gc,metaspace] GC(10) Metaspace: 1619K(1792K)->1619K(1792K) NonClass: 1500K(1600K)->1500K(1600K) Class: 118K(192K)->118K(192K)
[25.250s][info ][gc          ] GC(10) Pause Young (Normal) (G1 Evacuation Pause) 808M->103M(1248M) 7.682ms
[25.250s][info ][gc,cpu      ] GC(10) User=0.07s Sys=0.00s Real=0.01s
[28.605s][info ][gc,start    ] GC(11) Pause Young (Normal) (G1 Evacuation Pause)
[28.605s][info ][gc,task     ] GC(11) Using 13 workers of 13 for evacuation
[28.612s][info ][gc,phases   ] GC(11)   Pre Evacuate Collection Set: 0.4ms
[28.612s][debug][gc,phases   ] GC(11)     Prepare TLABs: 0.2ms
[28.612s][debug][gc,phases   ] GC(11)     Concatenate Dirty Card Logs: 0.1ms
[28.612s][debug][gc,phases   ] GC(11)     Choose Collection Set: 0.0ms
[28.612s][debug][gc,phases   ] GC(11)     Region Register: 0.1ms
[28.612s][debug][gc,phases   ] GC(11)     Prepare Heap Roots: 0.0ms
[28.612s][info ][gc,phases   ] GC(11)   Merge Heap Roots: 0.2ms
[28.612s][debug][gc,phases   ] GC(11)     Prepare Merge Heap Roots: 0.0ms
[28.612s][debug][gc,phases   ] GC(11)     Eager Reclaim (ms):       skipped
[28.612s][debug][gc,phases   ] GC(11)     Remembered Sets (ms):     Min:  0.0, Avg:  0.0, Max:  0.2, Diff:  0.2, Sum:  0.3, Workers: 13
[28.612s][debug][gc,phases   ] GC(11)       Merged Sparse:            Min: 0, Avg:  0.2, Max: 2, Diff: 2, Sum: 2, Workers: 13
[28.612s][debug][gc,phases   ] GC(11)       Merged Fine:              Min: 0, Avg:  0.7, Max: 8, Diff: 8, Sum: 9, Workers: 13
[28.612s][debug][gc,phases   ] GC(11)       Merged Coarse:            Min: 0, Avg:  0.0, Max: 0, Diff: 0, Sum: 0, Workers: 13
[28.612s][debug][gc,phases   ] GC(11)       Dirty Cards:              Min: 0, Avg: 1043.5, Max: 13486, Diff: 13486, Sum: 13565, Workers: 13
[28.612s][debug][gc,phases   ] GC(11)     Hot Card Cache (ms):      Min:  0.0, Avg:  0.0, Max:  0.0, Diff:  0.0, Sum:  0.0, Workers: 13
[28.612s][debug][gc,phases   ] GC(11)       Dirty Cards:              Min: 0, Avg: 78.8, Max: 224, Diff: 224, Sum: 1024, Workers: 13
[28.612s][debug][gc,phases   ] GC(11)       Skipped Cards:            Min: 0, Avg:  0.0, Max: 0, Diff: 0, Sum: 0, Workers: 13
[28.612s][debug][gc,phases   ] GC(11)     Log Buffers (ms):         Min:  0.0, Avg:  0.1, Max:  0.1, Diff:  0.1, Sum:  1.3, Workers: 13
[28.612s][debug][gc,phases   ] GC(11)       Dirty Cards:              Min: 0, Avg: 640.2, Max: 1232, Diff: 1232, Sum: 8323, Workers: 13
[28.612s][debug][gc,phases   ] GC(11)       Skipped Cards:            Min: 0, Avg:  0.3, Max: 4, Diff: 4, Sum: 4, Workers: 13
[28.612s][info ][gc,phases   ] GC(11)   Evacuate Collection Set: 6.1ms
[28.612s][debug][gc,phases   ] GC(11)     Ext Root Scanning (ms):   Min:  0.5, Avg:  0.5, Max:  0.6, Diff:  0.2, Sum:  6.8, Workers: 13
[28.612s][debug][gc,phases   ] GC(11)     Scan Heap Roots (ms):     Min:  1.7, Avg:  1.9, Max:  2.1, Diff:  0.4, Sum: 25.0, Workers: 13
[28.612s][debug][gc,phases   ] GC(11)       Scanned Cards:            Min: 1512, Avg: 1762.5, Max: 2451, Diff: 939, Sum: 22912, Workers: 13
[28.612s][debug][gc,phases   ] GC(11)       Scanned Blocks:           Min: 1177, Avg: 1399.3, Max: 1882, Diff: 705, Sum: 18191, Workers: 13
[28.612s][debug][gc,phases   ] GC(11)       Claimed Chunks:           Min: 7, Avg: 10.0, Max: 15, Diff: 8, Sum: 130, Workers: 13
[28.613s][debug][gc,phases   ] GC(11)     Code Root Scan (ms):      Min:  0.0, Avg:  0.0, Max:  0.1, Diff:  0.1, Sum:  0.2, Workers: 13
[28.613s][debug][gc,phases   ] GC(11)     Object Copy (ms):         Min:  3.3, Avg:  3.4, Max:  3.7, Diff:  0.5, Sum: 44.6, Workers: 13
[28.613s][debug][gc,phases   ] GC(11)     Termination (ms):         Min:  0.1, Avg:  0.1, Max:  0.1, Diff:  0.1, Sum:  1.4, Workers: 13
[28.613s][debug][gc,phases   ] GC(11)       Termination Attempts:     Min: 1, Avg:  1.0, Max: 1, Diff: 0, Sum: 13, Workers: 13
[28.613s][debug][gc,phases   ] GC(11)     GC Worker Other (ms):     Min:  0.0, Avg:  0.0, Max:  0.0, Diff:  0.0, Sum:  0.2, Workers: 13
[28.613s][debug][gc,phases   ] GC(11)     GC Worker Total (ms):     Min:  6.0, Avg:  6.0, Max:  6.1, Diff:  0.1, Sum: 78.3, Workers: 13
[28.613s][info ][gc,phases   ] GC(11)   Post Evacuate Collection Set: 0.4ms
[28.613s][debug][gc,phases   ] GC(11)     Code Roots Fixup: 0.0ms
[28.613s][debug][gc,phases   ] GC(11)     Clear Card Table: 0.1ms
[28.613s][debug][gc,phases   ] GC(11)     Reference Processing: 0.0ms
[28.613s][debug][gc,phases   ] GC(11)     Weak Processing: 0.0ms
[28.613s][debug][gc,phases   ] GC(11)       VM Weak                   Min:  0.0, Avg:  0.0, Max:  0.0, Diff:  0.0, Sum:  0.0, Workers: 2
[28.613s][debug][gc,phases   ] GC(11)         Dead                      Min: 0, Avg:  0.0, Max: 0, Diff: 0, Sum: 0, Workers: 2
[28.613s][debug][gc,phases   ] GC(11)         Total                     Min: 0, Avg: 28.5, Max: 57, Diff: 57, Sum: 57, Workers: 2
[28.613s][debug][gc,phases   ] GC(11)       ObjectSynchronizer Weak   Min:  0.0, Avg:  0.0, Max:  0.0, Diff:  0.0, Sum:  0.0, Workers: 2
[28.613s][debug][gc,phases   ] GC(11)         Dead                      Min: 0, Avg:  0.0, Max: 0, Diff: 0, Sum: 0, Workers: 2
[28.613s][debug][gc,phases   ] GC(11)         Total                     Min: 0, Avg:  4.5, Max: 9, Diff: 9, Sum: 9, Workers: 2
[28.613s][debug][gc,phases   ] GC(11)       JVMTI Tag Weak OopStorage Min:  0.0, Avg:  0.0, Max:  0.0, Diff:  0.0, Sum:  0.0, Workers: 2
[28.613s][debug][gc,phases   ] GC(11)         Dead                      Min: 0, Avg:  0.0, Max: 0, Diff: 0, Sum: 0, Workers: 2
[28.613s][debug][gc,phases   ] GC(11)         Total                     Min: 0, Avg:  0.0, Max: 0, Diff: 0, Sum: 0, Workers: 2
[28.613s][debug][gc,phases   ] GC(11)       StringTable Weak          Min:  0.0, Avg:  0.0, Max:  0.0, Diff:  0.0, Sum:  0.0, Workers: 2
[28.613s][debug][gc,phases   ] GC(11)         Dead                      Min: 0, Avg:  0.0, Max: 0, Diff: 0, Sum: 0, Workers: 2
[28.613s][debug][gc,phases   ] GC(11)         Total                     Min: 0, Avg: 326.5, Max: 653, Diff: 653, Sum: 653, Workers: 2
[28.613s][debug][gc,phases   ] GC(11)       ResolvedMethodTable Weak  Min:  0.0, Avg:  0.0, Max:  0.0, Diff:  0.0, Sum:  0.0, Workers: 2
[28.613s][debug][gc,phases   ] GC(11)         Dead                      Min: 0, Avg:  0.0, Max: 0, Diff: 0, Sum: 0, Workers: 2
[28.613s][debug][gc,phases   ] GC(11)         Total                     Min: 64, Avg: 140.5, Max: 217, Diff: 153, Sum: 281, Workers: 2
[28.613s][debug][gc,phases   ] GC(11)       JNI Weak                  Min:  0.0, Avg:  0.0, Max:  0.0, Diff:  0.0, Sum:  0.0, Workers: 2
[28.613s][debug][gc,phases   ] GC(11)         Dead                      Min: 0, Avg:  0.0, Max: 0, Diff: 0, Sum: 0, Workers: 2
[28.613s][debug][gc,phases   ] GC(11)         Total                     Min: 0, Avg:  0.0, Max: 0, Diff: 0, Sum: 0, Workers: 2
[28.613s][debug][gc,phases   ] GC(11)       Weak JFR Old Object Samples Min:  0.0, Avg:  0.0, Max:  0.0, Diff:  0.0, Sum:  0.0, Workers: 2
[28.613s][debug][gc,phases   ] GC(11)         Dead                      Min: 0, Avg:  0.0, Max: 0, Diff: 0, Sum: 0, Workers: 2
[28.613s][debug][gc,phases   ] GC(11)         Total                     Min: 0, Avg:  0.0, Max: 0, Diff: 0, Sum: 0, Workers: 2
[28.613s][debug][gc,phases   ] GC(11)     Merge Per-Thread State: 0.0ms
[28.613s][debug][gc,phases   ] GC(11)       Copied Bytes              Min: 2180520, Avg: 2434065.8, Max: 2978072, Diff: 797552, Sum: 31642856, Workers: 13
[28.613s][debug][gc,phases   ] GC(11)       LAB Waste                 Min: 312, Avg: 772.9, Max: 1152, Diff: 840, Sum: 10048, Workers: 13
[28.613s][debug][gc,phases   ] GC(11)       LAB Undo Waste            Min: 0, Avg:  0.0, Max: 0, Diff: 0, Sum: 0, Workers: 13
[28.613s][debug][gc,phases   ] GC(11)     Code Roots Purge: 0.0ms
[28.613s][debug][gc,phases   ] GC(11)     Redirty Cards: 0.1ms
[28.613s][debug][gc,phases   ] GC(11)     DerivedPointerTable Update: 0.0ms
[28.613s][debug][gc,phases   ] GC(11)     Free Collection Set: 0.1ms
[28.613s][debug][gc,phases   ] GC(11)     Rebuild Free List: 0.0ms
[28.613s][debug][gc,phases   ] GC(11)     Humongous Reclaim: 0.0ms
[28.613s][debug][gc,phases   ] GC(11)     Start New Collection Set: 0.0ms
[28.613s][debug][gc,phases   ] GC(11)     Resize TLABs: 0.1ms
[28.613s][debug][gc,phases   ] GC(11)     Expand Heap After Collection: 0.0ms
[28.613s][info ][gc,phases   ] GC(11)   Other: 0.4ms
[28.613s][info ][gc,heap     ] GC(11) Eden regions: 89->0(88)
[28.613s][info ][gc,heap     ] GC(11) Survivor regions: 4->5(12)
[28.613s][info ][gc,heap     ] GC(11) Old regions: 9->9
[28.613s][info ][gc,heap     ] GC(11) Archive regions: 2->2
[28.613s][info ][gc,heap     ] GC(11) Humongous regions: 0->0
[28.613s][info ][gc,metaspace] GC(11) Metaspace: 1619K(1792K)->1619K(1792K) NonClass: 1501K(1600K)->1501K(1600K) Class: 118K(192K)->118K(192K)
[28.613s][info ][gc          ] GC(11) Pause Young (Normal) (G1 Evacuation Pause) 815M->105M(1248M) 8.040ms
[28.613s][info ][gc,cpu      ] GC(11) User=0.08s Sys=0.00s Real=0.00s
[32.084s][info ][gc,start    ] GC(12) Pause Young (Normal) (G1 Evacuation Pause)
[32.084s][info ][gc,task     ] GC(12) Using 13 workers of 13 for evacuation
[32.091s][info ][gc,phases   ] GC(12)   Pre Evacuate Collection Set: 0.3ms
[32.091s][debug][gc,phases   ] GC(12)     Prepare TLABs: 0.1ms
[32.091s][debug][gc,phases   ] GC(12)     Concatenate Dirty Card Logs: 0.1ms
[32.091s][debug][gc,phases   ] GC(12)     Choose Collection Set: 0.0ms
[32.092s][debug][gc,phases   ] GC(12)     Region Register: 0.1ms
[32.092s][debug][gc,phases   ] GC(12)     Prepare Heap Roots: 0.0ms
[32.092s][info ][gc,phases   ] GC(12)   Merge Heap Roots: 0.2ms
[32.092s][debug][gc,phases   ] GC(12)     Prepare Merge Heap Roots: 0.0ms
[32.092s][debug][gc,phases   ] GC(12)     Eager Reclaim (ms):       skipped
[32.092s][debug][gc,phases   ] GC(12)     Remembered Sets (ms):     Min:  0.0, Avg:  0.0, Max:  0.2, Diff:  0.2, Sum:  0.3, Workers: 13
[32.092s][debug][gc,phases   ] GC(12)       Merged Sparse:            Min: 0, Avg:  1.2, Max: 5, Diff: 5, Sum: 15, Workers: 13
[32.092s][debug][gc,phases   ] GC(12)       Merged Fine:              Min: 0, Avg:  0.6, Max: 8, Diff: 8, Sum: 8, Workers: 13
[32.092s][debug][gc,phases   ] GC(12)       Merged Coarse:            Min: 0, Avg:  0.0, Max: 0, Diff: 0, Sum: 0, Workers: 13
[32.092s][debug][gc,phases   ] GC(12)       Dirty Cards:              Min: 0, Avg: 1232.4, Max: 15986, Diff: 15986, Sum: 16021, Workers: 13
[32.092s][debug][gc,phases   ] GC(12)     Hot Card Cache (ms):      Min:  0.0, Avg:  0.0, Max:  0.0, Diff:  0.0, Sum:  0.0, Workers: 13
[32.092s][debug][gc,phases   ] GC(12)       Dirty Cards:              Min: 0, Avg: 78.8, Max: 224, Diff: 224, Sum: 1024, Workers: 13
[32.092s][debug][gc,phases   ] GC(12)       Skipped Cards:            Min: 0, Avg:  0.0, Max: 0, Diff: 0, Sum: 0, Workers: 13
[32.092s][debug][gc,phases   ] GC(12)     Log Buffers (ms):         Min:  0.0, Avg:  0.1, Max:  0.1, Diff:  0.1, Sum:  1.0, Workers: 13
[32.092s][debug][gc,phases   ] GC(12)       Dirty Cards:              Min: 0, Avg: 688.2, Max: 1643, Diff: 1643, Sum: 8947, Workers: 13
[32.092s][debug][gc,phases   ] GC(12)       Skipped Cards:            Min: 0, Avg:  0.0, Max: 0, Diff: 0, Sum: 0, Workers: 13
[32.092s][info ][gc,phases   ] GC(12)   Evacuate Collection Set: 6.3ms
[32.092s][debug][gc,phases   ] GC(12)     Ext Root Scanning (ms):   Min:  0.5, Avg:  0.6, Max:  0.6, Diff:  0.2, Sum:  7.2, Workers: 13
[32.092s][debug][gc,phases   ] GC(12)     Scan Heap Roots (ms):     Min:  1.9, Avg:  2.1, Max:  2.3, Diff:  0.4, Sum: 27.1, Workers: 13
[32.092s][debug][gc,phases   ] GC(12)       Scanned Cards:            Min: 1609, Avg: 1999.4, Max: 2826, Diff: 1217, Sum: 25992, Workers: 13
[32.092s][debug][gc,phases   ] GC(12)       Scanned Blocks:           Min: 1243, Avg: 1536.9, Max: 2170, Diff: 927, Sum: 19980, Workers: 13
[32.092s][debug][gc,phases   ] GC(12)       Claimed Chunks:           Min: 8, Avg: 10.0, Max: 16, Diff: 8, Sum: 130, Workers: 13
[32.092s][debug][gc,phases   ] GC(12)     Code Root Scan (ms):      Min:  0.0, Avg:  0.0, Max:  0.1, Diff:  0.1, Sum:  0.2, Workers: 13
[32.092s][debug][gc,phases   ] GC(12)     Object Copy (ms):         Min:  3.3, Avg:  3.5, Max:  3.7, Diff:  0.3, Sum: 45.0, Workers: 13
[32.092s][debug][gc,phases   ] GC(12)     Termination (ms):         Min:  0.1, Avg:  0.1, Max:  0.2, Diff:  0.1, Sum:  1.7, Workers: 13
[32.092s][debug][gc,phases   ] GC(12)       Termination Attempts:     Min: 1, Avg:  1.2, Max: 2, Diff: 1, Sum: 15, Workers: 13
[32.092s][debug][gc,phases   ] GC(12)     GC Worker Other (ms):     Min:  0.0, Avg:  0.0, Max:  0.0, Diff:  0.0, Sum:  0.2, Workers: 13
[32.092s][debug][gc,phases   ] GC(12)     GC Worker Total (ms):     Min:  6.2, Avg:  6.3, Max:  6.3, Diff:  0.1, Sum: 81.4, Workers: 13
[32.092s][info ][gc,phases   ] GC(12)   Post Evacuate Collection Set: 0.4ms
[32.092s][debug][gc,phases   ] GC(12)     Code Roots Fixup: 0.0ms
[32.092s][debug][gc,phases   ] GC(12)     Clear Card Table: 0.1ms
[32.092s][debug][gc,phases   ] GC(12)     Reference Processing: 0.0ms
[32.092s][debug][gc,phases   ] GC(12)     Weak Processing: 0.1ms
[32.092s][debug][gc,phases   ] GC(12)       VM Weak                   Min:  0.0, Avg:  0.0, Max:  0.0, Diff:  0.0, Sum:  0.0, Workers: 2
[32.092s][debug][gc,phases   ] GC(12)         Dead                      Min: 0, Avg:  0.0, Max: 0, Diff: 0, Sum: 0, Workers: 2
[32.092s][debug][gc,phases   ] GC(12)         Total                     Min: 0, Avg: 28.5, Max: 57, Diff: 57, Sum: 57, Workers: 2
[32.092s][debug][gc,phases   ] GC(12)       ObjectSynchronizer Weak   Min:  0.0, Avg:  0.0, Max:  0.0, Diff:  0.0, Sum:  0.0, Workers: 2
[32.092s][debug][gc,phases   ] GC(12)         Dead                      Min: 0, Avg:  0.0, Max: 0, Diff: 0, Sum: 0, Workers: 2
[32.092s][debug][gc,phases   ] GC(12)         Total                     Min: 0, Avg:  4.5, Max: 9, Diff: 9, Sum: 9, Workers: 2
[32.092s][debug][gc,phases   ] GC(12)       JVMTI Tag Weak OopStorage Min:  0.0, Avg:  0.0, Max:  0.0, Diff:  0.0, Sum:  0.0, Workers: 2
[32.092s][debug][gc,phases   ] GC(12)         Dead                      Min: 0, Avg:  0.0, Max: 0, Diff: 0, Sum: 0, Workers: 2
[32.092s][debug][gc,phases   ] GC(12)         Total                     Min: 0, Avg:  0.0, Max: 0, Diff: 0, Sum: 0, Workers: 2
[32.092s][debug][gc,phases   ] GC(12)       StringTable Weak          Min:  0.0, Avg:  0.0, Max:  0.0, Diff:  0.0, Sum:  0.0, Workers: 2
[32.092s][debug][gc,phases   ] GC(12)         Dead                      Min: 0, Avg:  0.0, Max: 0, Diff: 0, Sum: 0, Workers: 2
[32.092s][debug][gc,phases   ] GC(12)         Total                     Min: 0, Avg: 326.5, Max: 653, Diff: 653, Sum: 653, Workers: 2
[32.092s][debug][gc,phases   ] GC(12)       ResolvedMethodTable Weak  Min:  0.0, Avg:  0.0, Max:  0.0, Diff:  0.0, Sum:  0.0, Workers: 2
[32.092s][debug][gc,phases   ] GC(12)         Dead                      Min: 0, Avg:  0.0, Max: 0, Diff: 0, Sum: 0, Workers: 2
[32.092s][debug][gc,phases   ] GC(12)         Total                     Min: 0, Avg: 140.5, Max: 281, Diff: 281, Sum: 281, Workers: 2
[32.092s][debug][gc,phases   ] GC(12)       JNI Weak                  Min:  0.0, Avg:  0.0, Max:  0.0, Diff:  0.0, Sum:  0.0, Workers: 2
[32.092s][debug][gc,phases   ] GC(12)         Dead                      Min: 0, Avg:  0.0, Max: 0, Diff: 0, Sum: 0, Workers: 2
[32.092s][debug][gc,phases   ] GC(12)         Total                     Min: 0, Avg:  0.0, Max: 0, Diff: 0, Sum: 0, Workers: 2
[32.092s][debug][gc,phases   ] GC(12)       Weak JFR Old Object Samples Min:  0.0, Avg:  0.0, Max:  0.0, Diff:  0.0, Sum:  0.0, Workers: 2
[32.092s][debug][gc,phases   ] GC(12)         Dead                      Min: 0, Avg:  0.0, Max: 0, Diff: 0, Sum: 0, Workers: 2
[32.092s][debug][gc,phases   ] GC(12)         Total                     Min: 0, Avg:  0.0, Max: 0, Diff: 0, Sum: 0, Workers: 2
[32.092s][debug][gc,phases   ] GC(12)     Merge Per-Thread State: 0.0ms
[32.092s][debug][gc,phases   ] GC(12)       Copied Bytes              Min: 2233456, Avg: 2457626.5, Max: 3144320, Diff: 910864, Sum: 31949144, Workers: 13
[32.092s][debug][gc,phases   ] GC(12)       LAB Waste                 Min: 328, Avg: 736.0, Max: 1144, Diff: 816, Sum: 9568, Workers: 13
[32.092s][debug][gc,phases   ] GC(12)       LAB Undo Waste            Min: 0, Avg:  0.0, Max: 0, Diff: 0, Sum: 0, Workers: 13
[32.092s][debug][gc,phases   ] GC(12)     Code Roots Purge: 0.0ms
[32.092s][debug][gc,phases   ] GC(12)     Redirty Cards: 0.1ms
[32.092s][debug][gc,phases   ] GC(12)     DerivedPointerTable Update: 0.0ms
[32.092s][debug][gc,phases   ] GC(12)     Free Collection Set: 0.1ms
[32.092s][debug][gc,phases   ] GC(12)     Rebuild Free List: 0.0ms
[32.092s][debug][gc,phases   ] GC(12)     Humongous Reclaim: 0.0ms
[32.092s][debug][gc,phases   ] GC(12)     Start New Collection Set: 0.0ms
[32.092s][debug][gc,phases   ] GC(12)     Resize TLABs: 0.1ms
[32.092s][debug][gc,phases   ] GC(12)     Expand Heap After Collection: 0.0ms
[32.092s][info ][gc,phases   ] GC(12)   Other: 0.4ms
[32.092s][info ][gc,heap     ] GC(12) Eden regions: 88->0(88)
[32.092s][info ][gc,heap     ] GC(12) Survivor regions: 5->5(12)
[32.092s][info ][gc,heap     ] GC(12) Old regions: 9->9
[32.092s][info ][gc,heap     ] GC(12) Archive regions: 2->2
[32.092s][info ][gc,heap     ] GC(12) Humongous regions: 0->0
[32.092s][info ][gc,metaspace] GC(12) Metaspace: 1629K(1792K)->1629K(1792K) NonClass: 1510K(1600K)->1510K(1600K) Class: 118K(192K)->118K(192K)
[32.093s][info ][gc          ] GC(12) Pause Young (Normal) (G1 Evacuation Pause) 809M->105M(1248M) 8.660ms
[32.093s][info ][gc,cpu      ] GC(12) User=0.08s Sys=0.00s Real=0.00s
[35.478s][info ][gc,start    ] GC(13) Pause Young (Normal) (G1 Evacuation Pause)
[35.478s][info ][gc,task     ] GC(13) Using 13 workers of 13 for evacuation
[35.486s][info ][gc,phases   ] GC(13)   Pre Evacuate Collection Set: 0.3ms
[35.486s][debug][gc,phases   ] GC(13)     Prepare TLABs: 0.1ms
[35.486s][debug][gc,phases   ] GC(13)     Concatenate Dirty Card Logs: 0.1ms
[35.486s][debug][gc,phases   ] GC(13)     Choose Collection Set: 0.0ms
[35.486s][debug][gc,phases   ] GC(13)     Region Register: 0.1ms
[35.486s][debug][gc,phases   ] GC(13)     Prepare Heap Roots: 0.0ms
[35.486s][info ][gc,phases   ] GC(13)   Merge Heap Roots: 0.2ms
[35.486s][debug][gc,phases   ] GC(13)     Prepare Merge Heap Roots: 0.0ms
[35.486s][debug][gc,phases   ] GC(13)     Eager Reclaim (ms):       skipped
[35.486s][debug][gc,phases   ] GC(13)     Remembered Sets (ms):     Min:  0.0, Avg:  0.0, Max:  0.2, Diff:  0.2, Sum:  0.3, Workers: 13
[35.486s][debug][gc,phases   ] GC(13)       Merged Sparse:            Min: 0, Avg:  0.5, Max: 3, Diff: 3, Sum: 6, Workers: 13
[35.486s][debug][gc,phases   ] GC(13)       Merged Fine:              Min: 0, Avg:  0.6, Max: 8, Diff: 8, Sum: 8, Workers: 13
[35.486s][debug][gc,phases   ] GC(13)       Merged Coarse:            Min: 0, Avg:  0.0, Max: 0, Diff: 0, Sum: 0, Workers: 13
[35.486s][debug][gc,phases   ] GC(13)       Dirty Cards:              Min: 0, Avg: 1293.5, Max: 16802, Diff: 16802, Sum: 16816, Workers: 13
[35.486s][debug][gc,phases   ] GC(13)     Hot Card Cache (ms):      Min:  0.0, Avg:  0.0, Max:  0.0, Diff:  0.0, Sum:  0.0, Workers: 13
[35.486s][debug][gc,phases   ] GC(13)       Dirty Cards:              Min: 0, Avg: 78.8, Max: 256, Diff: 256, Sum: 1024, Workers: 13
[35.486s][debug][gc,phases   ] GC(13)       Skipped Cards:            Min: 0, Avg:  0.0, Max: 0, Diff: 0, Sum: 0, Workers: 13
[35.486s][debug][gc,phases   ] GC(13)     Log Buffers (ms):         Min:  0.0, Avg:  0.1, Max:  0.1, Diff:  0.1, Sum:  1.1, Workers: 13
[35.486s][debug][gc,phases   ] GC(13)       Dirty Cards:              Min: 0, Avg: 747.7, Max: 1193, Diff: 1193, Sum: 9720, Workers: 13
[35.486s][debug][gc,phases   ] GC(13)       Skipped Cards:            Min: 0, Avg:  0.4, Max: 3, Diff: 3, Sum: 5, Workers: 13
[35.486s][info ][gc,phases   ] GC(13)   Evacuate Collection Set: 6.6ms
[35.486s][debug][gc,phases   ] GC(13)     Ext Root Scanning (ms):   Min:  0.5, Avg:  0.6, Max:  0.6, Diff:  0.1, Sum:  7.5, Workers: 13
[35.486s][debug][gc,phases   ] GC(13)     Scan Heap Roots (ms):     Min:  2.0, Avg:  2.2, Max:  2.4, Diff:  0.4, Sum: 28.8, Workers: 13
[35.486s][debug][gc,phases   ] GC(13)       Scanned Cards:            Min: 1897, Avg: 2119.8, Max: 2333, Diff: 436, Sum: 27557, Workers: 13
[35.486s][debug][gc,phases   ] GC(13)       Scanned Blocks:           Min: 1390, Avg: 1599.3, Max: 1859, Diff: 469, Sum: 20791, Workers: 13
[35.486s][debug][gc,phases   ] GC(13)       Claimed Chunks:           Min: 8, Avg: 10.0, Max: 22, Diff: 14, Sum: 130, Workers: 13
[35.486s][debug][gc,phases   ] GC(13)     Code Root Scan (ms):      Min:  0.0, Avg:  0.0, Max:  0.2, Diff:  0.2, Sum:  0.3, Workers: 13
[35.486s][debug][gc,phases   ] GC(13)     Object Copy (ms):         Min:  3.5, Avg:  3.6, Max:  3.8, Diff:  0.3, Sum: 47.2, Workers: 13
[35.486s][debug][gc,phases   ] GC(13)     Termination (ms):         Min:  0.1, Avg:  0.2, Max:  0.2, Diff:  0.0, Sum:  2.0, Workers: 13
[35.486s][debug][gc,phases   ] GC(13)       Termination Attempts:     Min: 1, Avg:  1.1, Max: 2, Diff: 1, Sum: 14, Workers: 13
[35.486s][debug][gc,phases   ] GC(13)     GC Worker Other (ms):     Min:  0.0, Avg:  0.0, Max:  0.0, Diff:  0.0, Sum:  0.1, Workers: 13
[35.486s][debug][gc,phases   ] GC(13)     GC Worker Total (ms):     Min:  6.6, Avg:  6.6, Max:  6.6, Diff:  0.0, Sum: 85.9, Workers: 13
[35.486s][info ][gc,phases   ] GC(13)   Post Evacuate Collection Set: 0.3ms
[35.486s][debug][gc,phases   ] GC(13)     Code Roots Fixup: 0.0ms
[35.486s][debug][gc,phases   ] GC(13)     Clear Card Table: 0.1ms
[35.486s][debug][gc,phases   ] GC(13)     Reference Processing: 0.0ms
[35.486s][debug][gc,phases   ] GC(13)     Weak Processing: 0.0ms
[35.486s][debug][gc,phases   ] GC(13)       VM Weak                   Min:  0.0, Avg:  0.0, Max:  0.0, Diff:  0.0, Sum:  0.0, Workers: 2
[35.486s][debug][gc,phases   ] GC(13)         Dead                      Min: 0, Avg:  0.0, Max: 0, Diff: 0, Sum: 0, Workers: 2
[35.486s][debug][gc,phases   ] GC(13)         Total                     Min: 0, Avg: 28.5, Max: 57, Diff: 57, Sum: 57, Workers: 2
[35.486s][debug][gc,phases   ] GC(13)       ObjectSynchronizer Weak   Min:  0.0, Avg:  0.0, Max:  0.0, Diff:  0.0, Sum:  0.0, Workers: 2
[35.486s][debug][gc,phases   ] GC(13)         Dead                      Min: 0, Avg:  0.0, Max: 0, Diff: 0, Sum: 0, Workers: 2
[35.486s][debug][gc,phases   ] GC(13)         Total                     Min: 0, Avg:  4.5, Max: 9, Diff: 9, Sum: 9, Workers: 2
[35.486s][debug][gc,phases   ] GC(13)       JVMTI Tag Weak OopStorage Min:  0.0, Avg:  0.0, Max:  0.0, Diff:  0.0, Sum:  0.0, Workers: 2
[35.486s][debug][gc,phases   ] GC(13)         Dead                      Min: 0, Avg:  0.0, Max: 0, Diff: 0, Sum: 0, Workers: 2
[35.486s][debug][gc,phases   ] GC(13)         Total                     Min: 0, Avg:  0.0, Max: 0, Diff: 0, Sum: 0, Workers: 2
[35.486s][debug][gc,phases   ] GC(13)       StringTable Weak          Min:  0.0, Avg:  0.0, Max:  0.0, Diff:  0.0, Sum:  0.0, Workers: 2
[35.486s][debug][gc,phases   ] GC(13)         Dead                      Min: 0, Avg:  0.0, Max: 0, Diff: 0, Sum: 0, Workers: 2
[35.486s][debug][gc,phases   ] GC(13)         Total                     Min: 0, Avg: 326.5, Max: 653, Diff: 653, Sum: 653, Workers: 2
[35.486s][debug][gc,phases   ] GC(13)       ResolvedMethodTable Weak  Min:  0.0, Avg:  0.0, Max:  0.0, Diff:  0.0, Sum:  0.0, Workers: 2
[35.486s][debug][gc,phases   ] GC(13)         Dead                      Min: 0, Avg:  0.0, Max: 0, Diff: 0, Sum: 0, Workers: 2
[35.486s][debug][gc,phases   ] GC(13)         Total                     Min: 0, Avg: 140.5, Max: 281, Diff: 281, Sum: 281, Workers: 2
[35.486s][debug][gc,phases   ] GC(13)       JNI Weak                  Min:  0.0, Avg:  0.0, Max:  0.0, Diff:  0.0, Sum:  0.0, Workers: 2
[35.486s][debug][gc,phases   ] GC(13)         Dead                      Min: 0, Avg:  0.0, Max: 0, Diff: 0, Sum: 0, Workers: 2
[35.486s][debug][gc,phases   ] GC(13)         Total                     Min: 0, Avg:  0.0, Max: 0, Diff: 0, Sum: 0, Workers: 2
[35.486s][debug][gc,phases   ] GC(13)       Weak JFR Old Object Samples Min:  0.0, Avg:  0.0, Max:  0.0, Diff:  0.0, Sum:  0.0, Workers: 2
[35.486s][debug][gc,phases   ] GC(13)         Dead                      Min: 0, Avg:  0.0, Max: 0, Diff: 0, Sum: 0, Workers: 2
[35.486s][debug][gc,phases   ] GC(13)         Total                     Min: 0, Avg:  0.0, Max: 0, Diff: 0, Sum: 0, Workers: 2
[35.486s][debug][gc,phases   ] GC(13)     Merge Per-Thread State: 0.0ms
[35.486s][debug][gc,phases   ] GC(13)       Copied Bytes              Min: 2201144, Avg: 2455391.4, Max: 2888552, Diff: 687408, Sum: 31920088, Workers: 13
[35.486s][debug][gc,phases   ] GC(13)       LAB Waste                 Min: 400, Avg: 835.7, Max: 1352, Diff: 952, Sum: 10864, Workers: 13
[35.486s][debug][gc,phases   ] GC(13)       LAB Undo Waste            Min: 0, Avg:  0.0, Max: 0, Diff: 0, Sum: 0, Workers: 13
[35.486s][debug][gc,phases   ] GC(13)     Code Roots Purge: 0.0ms
[35.486s][debug][gc,phases   ] GC(13)     Redirty Cards: 0.1ms
[35.486s][debug][gc,phases   ] GC(13)     DerivedPointerTable Update: 0.0ms
[35.486s][debug][gc,phases   ] GC(13)     Free Collection Set: 0.1ms
[35.486s][debug][gc,phases   ] GC(13)     Rebuild Free List: 0.0ms
[35.486s][debug][gc,phases   ] GC(13)     Humongous Reclaim: 0.0ms
[35.486s][debug][gc,phases   ] GC(13)     Start New Collection Set: 0.0ms
[35.486s][debug][gc,phases   ] GC(13)     Resize TLABs: 0.1ms
[35.486s][debug][gc,phases   ] GC(13)     Expand Heap After Collection: 0.0ms
[35.486s][info ][gc,phases   ] GC(13)   Other: 0.4ms
[35.486s][info ][gc,heap     ] GC(13) Eden regions: 88->0(88)
[35.486s][info ][gc,heap     ] GC(13) Survivor regions: 5->5(12)
[35.486s][info ][gc,heap     ] GC(13) Old regions: 9->9
[35.486s][info ][gc,heap     ] GC(13) Archive regions: 2->2
[35.486s][info ][gc,heap     ] GC(13) Humongous regions: 0->0
[35.486s][info ][gc,metaspace] GC(13) Metaspace: 1629K(1792K)->1629K(1792K) NonClass: 1510K(1600K)->1510K(1600K) Class: 118K(192K)->118K(192K)
[35.487s][info ][gc          ] GC(13) Pause Young (Normal) (G1 Evacuation Pause) 809M->104M(1248M) 8.726ms
[35.487s][info ][gc,cpu      ] GC(13) User=0.09s Sys=0.00s Real=0.01s
[38.899s][info ][gc,start    ] GC(14) Pause Young (Normal) (G1 Evacuation Pause)
[38.899s][info ][gc,task     ] GC(14) Using 13 workers of 13 for evacuation
[38.906s][info ][gc,phases   ] GC(14)   Pre Evacuate Collection Set: 0.2ms
[38.906s][debug][gc,phases   ] GC(14)     Prepare TLABs: 0.1ms
[38.906s][debug][gc,phases   ] GC(14)     Concatenate Dirty Card Logs: 0.1ms
[38.906s][debug][gc,phases   ] GC(14)     Choose Collection Set: 0.0ms
[38.906s][debug][gc,phases   ] GC(14)     Region Register: 0.0ms
[38.906s][debug][gc,phases   ] GC(14)     Prepare Heap Roots: 0.0ms
[38.906s][info ][gc,phases   ] GC(14)   Merge Heap Roots: 0.2ms
[38.906s][debug][gc,phases   ] GC(14)     Prepare Merge Heap Roots: 0.0ms
[38.906s][debug][gc,phases   ] GC(14)     Eager Reclaim (ms):       skipped
[38.906s][debug][gc,phases   ] GC(14)     Remembered Sets (ms):     Min:  0.0, Avg:  0.0, Max:  0.2, Diff:  0.2, Sum:  0.5, Workers: 13
[38.906s][debug][gc,phases   ] GC(14)       Merged Sparse:            Min: 0, Avg:  2.0, Max: 7, Diff: 7, Sum: 26, Workers: 13
[38.906s][debug][gc,phases   ] GC(14)       Merged Fine:              Min: 0, Avg:  0.6, Max: 8, Diff: 8, Sum: 8, Workers: 13
[38.906s][debug][gc,phases   ] GC(14)       Merged Coarse:            Min: 0, Avg:  0.0, Max: 0, Diff: 0, Sum: 0, Workers: 13
[38.906s][debug][gc,phases   ] GC(14)       Dirty Cards:              Min: 0, Avg: 1466.6, Max: 19003, Diff: 19003, Sum: 19066, Workers: 13
[38.906s][debug][gc,phases   ] GC(14)     Hot Card Cache (ms):      Min:  0.0, Avg:  0.0, Max:  0.0, Diff:  0.0, Sum:  0.0, Workers: 13
[38.906s][debug][gc,phases   ] GC(14)       Dirty Cards:              Min: 0, Avg: 78.8, Max: 224, Diff: 224, Sum: 1024, Workers: 13
[38.906s][debug][gc,phases   ] GC(14)       Skipped Cards:            Min: 0, Avg:  0.0, Max: 0, Diff: 0, Sum: 0, Workers: 13
[38.906s][debug][gc,phases   ] GC(14)     Log Buffers (ms):         Min:  0.0, Avg:  0.1, Max:  0.1, Diff:  0.1, Sum:  0.8, Workers: 13
[38.906s][debug][gc,phases   ] GC(14)       Dirty Cards:              Min: 0, Avg: 794.5, Max: 1079, Diff: 1079, Sum: 10328, Workers: 13
[38.906s][debug][gc,phases   ] GC(14)       Skipped Cards:            Min: 0, Avg:  0.1, Max: 1, Diff: 1, Sum: 1, Workers: 13
[38.906s][info ][gc,phases   ] GC(14)   Evacuate Collection Set: 6.6ms
[38.906s][debug][gc,phases   ] GC(14)     Ext Root Scanning (ms):   Min:  0.5, Avg:  0.6, Max:  0.7, Diff:  0.2, Sum:  7.2, Workers: 13
[38.906s][debug][gc,phases   ] GC(14)     Scan Heap Roots (ms):     Min:  1.8, Avg:  2.1, Max:  2.3, Diff:  0.5, Sum: 27.0, Workers: 13
[38.906s][debug][gc,phases   ] GC(14)       Scanned Cards:            Min: 1681, Avg: 2339.8, Max: 2711, Diff: 1030, Sum: 30418, Workers: 13
[38.906s][debug][gc,phases   ] GC(14)       Scanned Blocks:           Min: 1361, Avg: 1705.5, Max: 1952, Diff: 591, Sum: 22172, Workers: 13
[38.906s][debug][gc,phases   ] GC(14)       Claimed Chunks:           Min: 7, Avg: 10.0, Max: 20, Diff: 13, Sum: 130, Workers: 13
[38.906s][debug][gc,phases   ] GC(14)     Code Root Scan (ms):      Min:  0.0, Avg:  0.0, Max:  0.1, Diff:  0.1, Sum:  0.2, Workers: 13
[38.907s][debug][gc,phases   ] GC(14)     Object Copy (ms):         Min:  3.5, Avg:  3.7, Max:  4.0, Diff:  0.5, Sum: 48.1, Workers: 13
[38.907s][debug][gc,phases   ] GC(14)     Termination (ms):         Min:  0.1, Avg:  0.2, Max:  0.2, Diff:  0.1, Sum:  2.2, Workers: 13
[38.907s][debug][gc,phases   ] GC(14)       Termination Attempts:     Min: 1, Avg:  1.0, Max: 1, Diff: 0, Sum: 13, Workers: 13
[38.907s][debug][gc,phases   ] GC(14)     GC Worker Other (ms):     Min:  0.0, Avg:  0.0, Max:  0.0, Diff:  0.0, Sum:  0.1, Workers: 13
[38.907s][debug][gc,phases   ] GC(14)     GC Worker Total (ms):     Min:  6.5, Avg:  6.5, Max:  6.6, Diff:  0.1, Sum: 84.8, Workers: 13
[38.907s][info ][gc,phases   ] GC(14)   Post Evacuate Collection Set: 0.4ms
[38.907s][debug][gc,phases   ] GC(14)     Code Roots Fixup: 0.0ms
[38.907s][debug][gc,phases   ] GC(14)     Clear Card Table: 0.1ms
[38.907s][debug][gc,phases   ] GC(14)     Reference Processing: 0.0ms
[38.907s][debug][gc,phases   ] GC(14)     Weak Processing: 0.1ms
[38.907s][debug][gc,phases   ] GC(14)       VM Weak                   Min:  0.0, Avg:  0.0, Max:  0.0, Diff:  0.0, Sum:  0.0, Workers: 2
[38.907s][debug][gc,phases   ] GC(14)         Dead                      Min: 0, Avg:  0.0, Max: 0, Diff: 0, Sum: 0, Workers: 2
[38.907s][debug][gc,phases   ] GC(14)         Total                     Min: 0, Avg: 28.5, Max: 57, Diff: 57, Sum: 57, Workers: 2
[38.907s][debug][gc,phases   ] GC(14)       ObjectSynchronizer Weak   Min:  0.0, Avg:  0.0, Max:  0.0, Diff:  0.0, Sum:  0.0, Workers: 2
[38.907s][debug][gc,phases   ] GC(14)         Dead                      Min: 0, Avg:  0.0, Max: 0, Diff: 0, Sum: 0, Workers: 2
[38.907s][debug][gc,phases   ] GC(14)         Total                     Min: 0, Avg:  4.5, Max: 9, Diff: 9, Sum: 9, Workers: 2
[38.907s][debug][gc,phases   ] GC(14)       JVMTI Tag Weak OopStorage Min:  0.0, Avg:  0.0, Max:  0.0, Diff:  0.0, Sum:  0.0, Workers: 2
[38.907s][debug][gc,phases   ] GC(14)         Dead                      Min: 0, Avg:  0.0, Max: 0, Diff: 0, Sum: 0, Workers: 2
[38.907s][debug][gc,phases   ] GC(14)         Total                     Min: 0, Avg:  0.0, Max: 0, Diff: 0, Sum: 0, Workers: 2
[38.907s][debug][gc,phases   ] GC(14)       StringTable Weak          Min:  0.0, Avg:  0.0, Max:  0.0, Diff:  0.0, Sum:  0.0, Workers: 2
[38.907s][debug][gc,phases   ] GC(14)         Dead                      Min: 0, Avg:  0.0, Max: 0, Diff: 0, Sum: 0, Workers: 2
[38.907s][debug][gc,phases   ] GC(14)         Total                     Min: 141, Avg: 326.5, Max: 512, Diff: 371, Sum: 653, Workers: 2
[38.907s][debug][gc,phases   ] GC(14)       ResolvedMethodTable Weak  Min:  0.0, Avg:  0.0, Max:  0.0, Diff:  0.0, Sum:  0.0, Workers: 2
[38.907s][debug][gc,phases   ] GC(14)         Dead                      Min: 0, Avg:  0.0, Max: 0, Diff: 0, Sum: 0, Workers: 2
[38.907s][debug][gc,phases   ] GC(14)         Total                     Min: 128, Avg: 140.5, Max: 153, Diff: 25, Sum: 281, Workers: 2
[38.907s][debug][gc,phases   ] GC(14)       JNI Weak                  Min:  0.0, Avg:  0.0, Max:  0.0, Diff:  0.0, Sum:  0.0, Workers: 2
[38.907s][debug][gc,phases   ] GC(14)         Dead                      Min: 0, Avg:  0.0, Max: 0, Diff: 0, Sum: 0, Workers: 2
[38.907s][debug][gc,phases   ] GC(14)         Total                     Min: 0, Avg:  0.0, Max: 0, Diff: 0, Sum: 0, Workers: 2
[38.907s][debug][gc,phases   ] GC(14)       Weak JFR Old Object Samples Min:  0.0, Avg:  0.0, Max:  0.0, Diff:  0.0, Sum:  0.0, Workers: 2
[38.907s][debug][gc,phases   ] GC(14)         Dead                      Min: 0, Avg:  0.0, Max: 0, Diff: 0, Sum: 0, Workers: 2
[38.907s][debug][gc,phases   ] GC(14)         Total                     Min: 0, Avg:  0.0, Max: 0, Diff: 0, Sum: 0, Workers: 2
[38.907s][debug][gc,phases   ] GC(14)     Merge Per-Thread State: 0.1ms
[38.907s][debug][gc,phases   ] GC(14)       Copied Bytes              Min: 2261696, Avg: 2466479.4, Max: 2776624, Diff: 514928, Sum: 32064232, Workers: 13
[38.907s][debug][gc,phases   ] GC(14)       LAB Waste                 Min: 360, Avg: 710.8, Max: 1312, Diff: 952, Sum: 9240, Workers: 13
[38.907s][debug][gc,phases   ] GC(14)       LAB Undo Waste            Min: 0, Avg:  0.0, Max: 0, Diff: 0, Sum: 0, Workers: 13
[38.907s][debug][gc,phases   ] GC(14)     Code Roots Purge: 0.0ms
[38.907s][debug][gc,phases   ] GC(14)     Redirty Cards: 0.1ms
[38.907s][debug][gc,phases   ] GC(14)     DerivedPointerTable Update: 0.0ms
[38.907s][debug][gc,phases   ] GC(14)     Free Collection Set: 0.0ms
[38.907s][debug][gc,phases   ] GC(14)     Rebuild Free List: 0.0ms
[38.907s][debug][gc,phases   ] GC(14)     Humongous Reclaim: 0.0ms
[38.907s][debug][gc,phases   ] GC(14)     Start New Collection Set: 0.0ms
[38.907s][debug][gc,phases   ] GC(14)     Resize TLABs: 0.1ms
[38.907s][debug][gc,phases   ] GC(14)     Expand Heap After Collection: 0.0ms
[38.907s][info ][gc,phases   ] GC(14)   Other: 0.4ms
[38.907s][info ][gc,heap     ] GC(14) Eden regions: 88->0(88)
[38.907s][info ][gc,heap     ] GC(14) Survivor regions: 5->5(12)
[38.907s][info ][gc,heap     ] GC(14) Old regions: 9->9
[38.907s][info ][gc,heap     ] GC(14) Archive regions: 2->2
[38.907s][info ][gc,heap     ] GC(14) Humongous regions: 0->0
[38.907s][info ][gc,metaspace] GC(14) Metaspace: 1631K(1792K)->1631K(1792K) NonClass: 1513K(1600K)->1513K(1600K) Class: 118K(192K)->118K(192K)
[38.907s][info ][gc          ] GC(14) Pause Young (Normal) (G1 Evacuation Pause) 808M->104M(1248M) 8.523ms
[38.907s][info ][gc,cpu      ] GC(14) User=0.08s Sys=0.01s Real=0.01s
[42.358s][info ][gc,start    ] GC(15) Pause Young (Normal) (G1 Evacuation Pause)
[42.358s][info ][gc,task     ] GC(15) Using 13 workers of 13 for evacuation
[42.366s][info ][gc,phases   ] GC(15)   Pre Evacuate Collection Set: 0.2ms
[42.366s][debug][gc,phases   ] GC(15)     Prepare TLABs: 0.1ms
[42.366s][debug][gc,phases   ] GC(15)     Concatenate Dirty Card Logs: 0.1ms
[42.366s][debug][gc,phases   ] GC(15)     Choose Collection Set: 0.0ms
[42.366s][debug][gc,phases   ] GC(15)     Region Register: 0.1ms
[42.366s][debug][gc,phases   ] GC(15)     Prepare Heap Roots: 0.0ms
[42.366s][info ][gc,phases   ] GC(15)   Merge Heap Roots: 0.2ms
[42.366s][debug][gc,phases   ] GC(15)     Prepare Merge Heap Roots: 0.0ms
[42.366s][debug][gc,phases   ] GC(15)     Eager Reclaim (ms):       skipped
[42.366s][debug][gc,phases   ] GC(15)     Remembered Sets (ms):     Min:  0.0, Avg:  0.0, Max:  0.2, Diff:  0.1, Sum:  0.2, Workers: 13
[42.366s][debug][gc,phases   ] GC(15)       Merged Sparse:            Min: 0, Avg:  0.2, Max: 2, Diff: 2, Sum: 3, Workers: 13
[42.366s][debug][gc,phases   ] GC(15)       Merged Fine:              Min: 0, Avg:  0.5, Max: 7, Diff: 7, Sum: 7, Workers: 13
[42.366s][debug][gc,phases   ] GC(15)       Merged Coarse:            Min: 0, Avg:  0.0, Max: 0, Diff: 0, Sum: 0, Workers: 13
[42.366s][debug][gc,phases   ] GC(15)       Dirty Cards:              Min: 0, Avg: 1519.5, Max: 19714, Diff: 19714, Sum: 19753, Workers: 13
[42.366s][debug][gc,phases   ] GC(15)     Hot Card Cache (ms):      Min:  0.0, Avg:  0.0, Max:  0.0, Diff:  0.0, Sum:  0.0, Workers: 13
[42.366s][debug][gc,phases   ] GC(15)       Dirty Cards:              Min: 0, Avg: 78.8, Max: 288, Diff: 288, Sum: 1024, Workers: 13
[42.366s][debug][gc,phases   ] GC(15)       Skipped Cards:            Min: 0, Avg:  0.0, Max: 0, Diff: 0, Sum: 0, Workers: 13
[42.366s][debug][gc,phases   ] GC(15)     Log Buffers (ms):         Min:  0.0, Avg:  0.1, Max:  0.1, Diff:  0.1, Sum:  0.8, Workers: 13
[42.366s][debug][gc,phases   ] GC(15)       Dirty Cards:              Min: 0, Avg: 849.2, Max: 1505, Diff: 1505, Sum: 11040, Workers: 13
[42.366s][debug][gc,phases   ] GC(15)       Skipped Cards:            Min: 0, Avg:  0.0, Max: 0, Diff: 0, Sum: 0, Workers: 13
[42.366s][info ][gc,phases   ] GC(15)   Evacuate Collection Set: 6.8ms
[42.366s][debug][gc,phases   ] GC(15)     Ext Root Scanning (ms):   Min:  0.5, Avg:  0.5, Max:  0.7, Diff:  0.2, Sum:  6.9, Workers: 13
[42.366s][debug][gc,phases   ] GC(15)     Scan Heap Roots (ms):     Min:  2.2, Avg:  2.4, Max:  2.6, Diff:  0.4, Sum: 31.5, Workers: 13
[42.366s][debug][gc,phases   ] GC(15)       Scanned Cards:            Min: 2152, Avg: 2447.4, Max: 2961, Diff: 809, Sum: 31816, Workers: 13
[42.366s][debug][gc,phases   ] GC(15)       Scanned Blocks:           Min: 1536, Avg: 1758.8, Max: 2114, Diff: 578, Sum: 22865, Workers: 13
[42.366s][debug][gc,phases   ] GC(15)       Claimed Chunks:           Min: 8, Avg: 10.0, Max: 16, Diff: 8, Sum: 130, Workers: 13
[42.366s][debug][gc,phases   ] GC(15)     Code Root Scan (ms):      Min:  0.0, Avg:  0.0, Max:  0.1, Diff:  0.1, Sum:  0.3, Workers: 13
[42.366s][debug][gc,phases   ] GC(15)     Object Copy (ms):         Min:  3.5, Avg:  3.6, Max:  3.7, Diff:  0.2, Sum: 47.3, Workers: 13
[42.366s][debug][gc,phases   ] GC(15)     Termination (ms):         Min:  0.1, Avg:  0.1, Max:  0.2, Diff:  0.1, Sum:  1.9, Workers: 13
[42.366s][debug][gc,phases   ] GC(15)       Termination Attempts:     Min: 1, Avg:  1.1, Max: 2, Diff: 1, Sum: 14, Workers: 13
[42.366s][debug][gc,phases   ] GC(15)     GC Worker Other (ms):     Min:  0.0, Avg:  0.0, Max:  0.0, Diff:  0.0, Sum:  0.1, Workers: 13
[42.366s][debug][gc,phases   ] GC(15)     GC Worker Total (ms):     Min:  6.7, Avg:  6.8, Max:  6.8, Diff:  0.1, Sum: 87.9, Workers: 13
[42.366s][info ][gc,phases   ] GC(15)   Post Evacuate Collection Set: 0.4ms
[42.366s][debug][gc,phases   ] GC(15)     Code Roots Fixup: 0.0ms
[42.366s][debug][gc,phases   ] GC(15)     Clear Card Table: 0.1ms
[42.366s][debug][gc,phases   ] GC(15)     Reference Processing: 0.0ms
[42.366s][debug][gc,phases   ] GC(15)     Weak Processing: 0.0ms
[42.366s][debug][gc,phases   ] GC(15)       VM Weak                   Min:  0.0, Avg:  0.0, Max:  0.0, Diff:  0.0, Sum:  0.0, Workers: 2
[42.366s][debug][gc,phases   ] GC(15)         Dead                      Min: 0, Avg:  0.0, Max: 0, Diff: 0, Sum: 0, Workers: 2
[42.366s][debug][gc,phases   ] GC(15)         Total                     Min: 0, Avg: 28.5, Max: 57, Diff: 57, Sum: 57, Workers: 2
[42.366s][debug][gc,phases   ] GC(15)       ObjectSynchronizer Weak   Min:  0.0, Avg:  0.0, Max:  0.0, Diff:  0.0, Sum:  0.0, Workers: 2
[42.366s][debug][gc,phases   ] GC(15)         Dead                      Min: 0, Avg:  0.0, Max: 0, Diff: 0, Sum: 0, Workers: 2
[42.366s][debug][gc,phases   ] GC(15)         Total                     Min: 0, Avg:  4.5, Max: 9, Diff: 9, Sum: 9, Workers: 2
[42.366s][debug][gc,phases   ] GC(15)       JVMTI Tag Weak OopStorage Min:  0.0, Avg:  0.0, Max:  0.0, Diff:  0.0, Sum:  0.0, Workers: 2
[42.366s][debug][gc,phases   ] GC(15)         Dead                      Min: 0, Avg:  0.0, Max: 0, Diff: 0, Sum: 0, Workers: 2
[42.366s][debug][gc,phases   ] GC(15)         Total                     Min: 0, Avg:  0.0, Max: 0, Diff: 0, Sum: 0, Workers: 2
[42.366s][debug][gc,phases   ] GC(15)       StringTable Weak          Min:  0.0, Avg:  0.0, Max:  0.0, Diff:  0.0, Sum:  0.0, Workers: 2
[42.366s][debug][gc,phases   ] GC(15)         Dead                      Min: 0, Avg:  0.0, Max: 0, Diff: 0, Sum: 0, Workers: 2
[42.366s][debug][gc,phases   ] GC(15)         Total                     Min: 0, Avg: 326.5, Max: 653, Diff: 653, Sum: 653, Workers: 2
[42.366s][debug][gc,phases   ] GC(15)       ResolvedMethodTable Weak  Min:  0.0, Avg:  0.0, Max:  0.0, Diff:  0.0, Sum:  0.0, Workers: 2
[42.366s][debug][gc,phases   ] GC(15)         Dead                      Min: 0, Avg:  0.0, Max: 0, Diff: 0, Sum: 0, Workers: 2
[42.366s][debug][gc,phases   ] GC(15)         Total                     Min: 0, Avg: 140.5, Max: 281, Diff: 281, Sum: 281, Workers: 2
[42.366s][debug][gc,phases   ] GC(15)       JNI Weak                  Min:  0.0, Avg:  0.0, Max:  0.0, Diff:  0.0, Sum:  0.0, Workers: 2
[42.366s][debug][gc,phases   ] GC(15)         Dead                      Min: 0, Avg:  0.0, Max: 0, Diff: 0, Sum: 0, Workers: 2
[42.366s][debug][gc,phases   ] GC(15)         Total                     Min: 0, Avg:  0.0, Max: 0, Diff: 0, Sum: 0, Workers: 2
[42.366s][debug][gc,phases   ] GC(15)       Weak JFR Old Object Samples Min:  0.0, Avg:  0.0, Max:  0.0, Diff:  0.0, Sum:  0.0, Workers: 2
[42.366s][debug][gc,phases   ] GC(15)         Dead                      Min: 0, Avg:  0.0, Max: 0, Diff: 0, Sum: 0, Workers: 2
[42.366s][debug][gc,phases   ] GC(15)         Total                     Min: 0, Avg:  0.0, Max: 0, Diff: 0, Sum: 0, Workers: 2
[42.366s][debug][gc,phases   ] GC(15)     Merge Per-Thread State: 0.0ms
[42.366s][debug][gc,phases   ] GC(15)       Copied Bytes              Min: 2265680, Avg: 2464654.8, Max: 2705280, Diff: 439600, Sum: 32040512, Workers: 13
[42.366s][debug][gc,phases   ] GC(15)       LAB Waste                 Min: 248, Avg: 646.8, Max: 888, Diff: 640, Sum: 8408, Workers: 13
[42.366s][debug][gc,phases   ] GC(15)       LAB Undo Waste            Min: 0, Avg:  0.0, Max: 0, Diff: 0, Sum: 0, Workers: 13
[42.366s][debug][gc,phases   ] GC(15)     Code Roots Purge: 0.0ms
[42.366s][debug][gc,phases   ] GC(15)     Redirty Cards: 0.1ms
[42.366s][debug][gc,phases   ] GC(15)     DerivedPointerTable Update: 0.0ms
[42.366s][debug][gc,phases   ] GC(15)     Free Collection Set: 0.1ms
[42.366s][debug][gc,phases   ] GC(15)     Rebuild Free List: 0.0ms
[42.366s][debug][gc,phases   ] GC(15)     Humongous Reclaim: 0.0ms
[42.366s][debug][gc,phases   ] GC(15)     Start New Collection Set: 0.0ms
[42.366s][debug][gc,phases   ] GC(15)     Resize TLABs: 0.1ms
[42.366s][debug][gc,phases   ] GC(15)     Expand Heap After Collection: 0.0ms
[42.366s][info ][gc,phases   ] GC(15)   Other: 0.4ms
[42.366s][info ][gc,heap     ] GC(15) Eden regions: 88->0(88)
[42.366s][info ][gc,heap     ] GC(15) Survivor regions: 5->5(12)
[42.366s][info ][gc,heap     ] GC(15) Old regions: 9->9
[42.366s][info ][gc,heap     ] GC(15) Archive regions: 2->2
[42.366s][info ][gc,heap     ] GC(15) Humongous regions: 0->0
[42.367s][info ][gc,metaspace] GC(15) Metaspace: 1631K(1792K)->1631K(1792K) NonClass: 1513K(1600K)->1513K(1600K) Class: 118K(192K)->118K(192K)
[42.367s][info ][gc          ] GC(15) Pause Young (Normal) (G1 Evacuation Pause) 808M->104M(1248M) 8.793ms
[42.367s][info ][gc,cpu      ] GC(15) User=0.08s Sys=0.01s Real=0.01s
[45.786s][info ][gc,start    ] GC(16) Pause Young (Normal) (G1 Evacuation Pause)
[45.786s][info ][gc,task     ] GC(16) Using 13 workers of 13 for evacuation
[45.794s][info ][gc,phases   ] GC(16)   Pre Evacuate Collection Set: 0.3ms
[45.794s][debug][gc,phases   ] GC(16)     Prepare TLABs: 0.1ms
[45.794s][debug][gc,phases   ] GC(16)     Concatenate Dirty Card Logs: 0.1ms
[45.794s][debug][gc,phases   ] GC(16)     Choose Collection Set: 0.0ms
[45.794s][debug][gc,phases   ] GC(16)     Region Register: 0.1ms
[45.794s][debug][gc,phases   ] GC(16)     Prepare Heap Roots: 0.0ms
[45.794s][info ][gc,phases   ] GC(16)   Merge Heap Roots: 0.2ms
[45.794s][debug][gc,phases   ] GC(16)     Prepare Merge Heap Roots: 0.0ms
[45.794s][debug][gc,phases   ] GC(16)     Eager Reclaim (ms):       skipped
[45.794s][debug][gc,phases   ] GC(16)     Remembered Sets (ms):     Min:  0.0, Avg:  0.0, Max:  0.2, Diff:  0.2, Sum:  0.3, Workers: 13
[45.794s][debug][gc,phases   ] GC(16)       Merged Sparse:            Min: 0, Avg:  0.5, Max: 3, Diff: 3, Sum: 7, Workers: 13
[45.794s][debug][gc,phases   ] GC(16)       Merged Fine:              Min: 0, Avg:  0.6, Max: 8, Diff: 8, Sum: 8, Workers: 13
[45.794s][debug][gc,phases   ] GC(16)       Merged Coarse:            Min: 0, Avg:  0.0, Max: 0, Diff: 0, Sum: 0, Workers: 13
[45.794s][debug][gc,phases   ] GC(16)       Dirty Cards:              Min: 0, Avg: 1552.0, Max: 20156, Diff: 20156, Sum: 20176, Workers: 13
[45.794s][debug][gc,phases   ] GC(16)     Hot Card Cache (ms):      Min:  0.0, Avg:  0.0, Max:  0.0, Diff:  0.0, Sum:  0.0, Workers: 13
[45.794s][debug][gc,phases   ] GC(16)       Dirty Cards:              Min: 0, Avg: 78.8, Max: 256, Diff: 256, Sum: 1024, Workers: 13
[45.794s][debug][gc,phases   ] GC(16)       Skipped Cards:            Min: 0, Avg:  0.0, Max: 0, Diff: 0, Sum: 0, Workers: 13
[45.794s][debug][gc,phases   ] GC(16)     Log Buffers (ms):         Min:  0.0, Avg:  0.1, Max:  0.1, Diff:  0.1, Sum:  1.1, Workers: 13
[45.794s][debug][gc,phases   ] GC(16)       Dirty Cards:              Min: 0, Avg: 924.7, Max: 2148, Diff: 2148, Sum: 12021, Workers: 13
[45.794s][debug][gc,phases   ] GC(16)       Skipped Cards:            Min: 0, Avg:  1.1, Max: 10, Diff: 10, Sum: 14, Workers: 13
[45.794s][info ][gc,phases   ] GC(16)   Evacuate Collection Set: 7.2ms
[45.794s][debug][gc,phases   ] GC(16)     Ext Root Scanning (ms):   Min:  0.5, Avg:  0.6, Max:  0.7, Diff:  0.2, Sum:  7.4, Workers: 13
[45.794s][debug][gc,phases   ] GC(16)     Scan Heap Roots (ms):     Min:  2.4, Avg:  2.6, Max:  2.8, Diff:  0.4, Sum: 33.8, Workers: 13
[45.794s][debug][gc,phases   ] GC(16)       Scanned Cards:            Min: 2343, Avg: 2555.2, Max: 2731, Diff: 388, Sum: 33218, Workers: 13
[45.794s][debug][gc,phases   ] GC(16)       Scanned Blocks:           Min: 1690, Avg: 1803.8, Max: 1905, Diff: 215, Sum: 23450, Workers: 13
[45.794s][debug][gc,phases   ] GC(16)       Claimed Chunks:           Min: 8, Avg: 10.0, Max: 22, Diff: 14, Sum: 130, Workers: 13
[45.794s][debug][gc,phases   ] GC(16)     Code Root Scan (ms):      Min:  0.0, Avg:  0.0, Max:  0.2, Diff:  0.2, Sum:  0.3, Workers: 13
[45.794s][debug][gc,phases   ] GC(16)     Object Copy (ms):         Min:  3.6, Avg:  3.8, Max:  3.9, Diff:  0.4, Sum: 49.4, Workers: 13
[45.794s][debug][gc,phases   ] GC(16)     Termination (ms):         Min:  0.1, Avg:  0.2, Max:  0.2, Diff:  0.1, Sum:  2.0, Workers: 13
[45.794s][debug][gc,phases   ] GC(16)       Termination Attempts:     Min: 1, Avg:  1.1, Max: 2, Diff: 1, Sum: 14, Workers: 13
[45.794s][debug][gc,phases   ] GC(16)     GC Worker Other (ms):     Min:  0.0, Avg:  0.0, Max:  0.0, Diff:  0.0, Sum:  0.2, Workers: 13
[45.794s][debug][gc,phases   ] GC(16)     GC Worker Total (ms):     Min:  7.1, Avg:  7.2, Max:  7.2, Diff:  0.1, Sum: 93.0, Workers: 13
[45.794s][info ][gc,phases   ] GC(16)   Post Evacuate Collection Set: 0.4ms
[45.794s][debug][gc,phases   ] GC(16)     Code Roots Fixup: 0.0ms
[45.794s][debug][gc,phases   ] GC(16)     Clear Card Table: 0.1ms
[45.794s][debug][gc,phases   ] GC(16)     Reference Processing: 0.0ms
[45.794s][debug][gc,phases   ] GC(16)     Weak Processing: 0.0ms
[45.794s][debug][gc,phases   ] GC(16)       VM Weak                   Min:  0.0, Avg:  0.0, Max:  0.0, Diff:  0.0, Sum:  0.0, Workers: 2
[45.794s][debug][gc,phases   ] GC(16)         Dead                      Min: 0, Avg:  0.0, Max: 0, Diff: 0, Sum: 0, Workers: 2
[45.794s][debug][gc,phases   ] GC(16)         Total                     Min: 0, Avg: 28.5, Max: 57, Diff: 57, Sum: 57, Workers: 2
[45.795s][debug][gc,phases   ] GC(16)       ObjectSynchronizer Weak   Min:  0.0, Avg:  0.0, Max:  0.0, Diff:  0.0, Sum:  0.0, Workers: 2
[45.795s][debug][gc,phases   ] GC(16)         Dead                      Min: 0, Avg:  0.0, Max: 0, Diff: 0, Sum: 0, Workers: 2
[45.795s][debug][gc,phases   ] GC(16)         Total                     Min: 0, Avg:  4.5, Max: 9, Diff: 9, Sum: 9, Workers: 2
[45.795s][debug][gc,phases   ] GC(16)       JVMTI Tag Weak OopStorage Min:  0.0, Avg:  0.0, Max:  0.0, Diff:  0.0, Sum:  0.0, Workers: 2
[45.795s][debug][gc,phases   ] GC(16)         Dead                      Min: 0, Avg:  0.0, Max: 0, Diff: 0, Sum: 0, Workers: 2
[45.795s][debug][gc,phases   ] GC(16)         Total                     Min: 0, Avg:  0.0, Max: 0, Diff: 0, Sum: 0, Workers: 2
[45.795s][debug][gc,phases   ] GC(16)       StringTable Weak          Min:  0.0, Avg:  0.0, Max:  0.0, Diff:  0.0, Sum:  0.0, Workers: 2
[45.795s][debug][gc,phases   ] GC(16)         Dead                      Min: 0, Avg:  0.0, Max: 0, Diff: 0, Sum: 0, Workers: 2
[45.795s][debug][gc,phases   ] GC(16)         Total                     Min: 0, Avg: 326.5, Max: 653, Diff: 653, Sum: 653, Workers: 2
[45.795s][debug][gc,phases   ] GC(16)       ResolvedMethodTable Weak  Min:  0.0, Avg:  0.0, Max:  0.0, Diff:  0.0, Sum:  0.0, Workers: 2
[45.795s][debug][gc,phases   ] GC(16)         Dead                      Min: 0, Avg:  0.0, Max: 0, Diff: 0, Sum: 0, Workers: 2
[45.795s][debug][gc,phases   ] GC(16)         Total                     Min: 0, Avg: 140.5, Max: 281, Diff: 281, Sum: 281, Workers: 2
[45.795s][debug][gc,phases   ] GC(16)       JNI Weak                  Min:  0.0, Avg:  0.0, Max:  0.0, Diff:  0.0, Sum:  0.0, Workers: 2
[45.795s][debug][gc,phases   ] GC(16)         Dead                      Min: 0, Avg:  0.0, Max: 0, Diff: 0, Sum: 0, Workers: 2
[45.795s][debug][gc,phases   ] GC(16)         Total                     Min: 0, Avg:  0.0, Max: 0, Diff: 0, Sum: 0, Workers: 2
[45.795s][debug][gc,phases   ] GC(16)       Weak JFR Old Object Samples Min:  0.0, Avg:  0.0, Max:  0.0, Diff:  0.0, Sum:  0.0, Workers: 2
[45.795s][debug][gc,phases   ] GC(16)         Dead                      Min: 0, Avg:  0.0, Max: 0, Diff: 0, Sum: 0, Workers: 2
[45.795s][debug][gc,phases   ] GC(16)         Total                     Min: 0, Avg:  0.0, Max: 0, Diff: 0, Sum: 0, Workers: 2
[45.795s][debug][gc,phases   ] GC(16)     Merge Per-Thread State: 0.0ms
[45.795s][debug][gc,phases   ] GC(16)       Copied Bytes              Min: 2215472, Avg: 2464120.6, Max: 2705544, Diff: 490072, Sum: 32033568, Workers: 13
[45.795s][debug][gc,phases   ] GC(16)       LAB Waste                 Min: 392, Avg: 746.5, Max: 1056, Diff: 664, Sum: 9704, Workers: 13
[45.795s][debug][gc,phases   ] GC(16)       LAB Undo Waste            Min: 0, Avg:  0.0, Max: 0, Diff: 0, Sum: 0, Workers: 13
[45.795s][debug][gc,phases   ] GC(16)     Code Roots Purge: 0.0ms
[45.795s][debug][gc,phases   ] GC(16)     Redirty Cards: 0.1ms
[45.795s][debug][gc,phases   ] GC(16)     DerivedPointerTable Update: 0.0ms
[45.795s][debug][gc,phases   ] GC(16)     Free Collection Set: 0.1ms
[45.795s][debug][gc,phases   ] GC(16)     Rebuild Free List: 0.0ms
[45.795s][debug][gc,phases   ] GC(16)     Humongous Reclaim: 0.0ms
[45.795s][debug][gc,phases   ] GC(16)     Start New Collection Set: 0.0ms
[45.795s][debug][gc,phases   ] GC(16)     Resize TLABs: 0.1ms
[45.795s][debug][gc,phases   ] GC(16)     Expand Heap After Collection: 0.0ms
[45.795s][info ][gc,phases   ] GC(16)   Other: 0.4ms
[45.795s][info ][gc,heap     ] GC(16) Eden regions: 88->0(88)
[45.795s][info ][gc,heap     ] GC(16) Survivor regions: 5->5(12)
[45.795s][info ][gc,heap     ] GC(16) Old regions: 9->9
[45.795s][info ][gc,heap     ] GC(16) Archive regions: 2->2
[45.795s][info ][gc,heap     ] GC(16) Humongous regions: 0->0
[45.795s][info ][gc,metaspace] GC(16) Metaspace: 1631K(1792K)->1631K(1792K) NonClass: 1513K(1600K)->1513K(1600K) Class: 118K(192K)->118K(192K)
[45.795s][info ][gc          ] GC(16) Pause Young (Normal) (G1 Evacuation Pause) 808M->105M(1248M) 9.106ms
[45.795s][info ][gc,cpu      ] GC(16) User=0.09s Sys=0.01s Real=0.01s
[49.215s][info ][gc,start    ] GC(17) Pause Young (Normal) (G1 Evacuation Pause)
[49.215s][info ][gc,task     ] GC(17) Using 13 workers of 13 for evacuation
[49.224s][info ][gc,phases   ] GC(17)   Pre Evacuate Collection Set: 0.4ms
[49.224s][debug][gc,phases   ] GC(17)     Prepare TLABs: 0.2ms
[49.224s][debug][gc,phases   ] GC(17)     Concatenate Dirty Card Logs: 0.1ms
[49.224s][debug][gc,phases   ] GC(17)     Choose Collection Set: 0.0ms
[49.224s][debug][gc,phases   ] GC(17)     Region Register: 0.1ms
[49.224s][debug][gc,phases   ] GC(17)     Prepare Heap Roots: 0.0ms
[49.224s][info ][gc,phases   ] GC(17)   Merge Heap Roots: 0.3ms
[49.224s][debug][gc,phases   ] GC(17)     Prepare Merge Heap Roots: 0.0ms
[49.224s][debug][gc,phases   ] GC(17)     Eager Reclaim (ms):       skipped
[49.224s][debug][gc,phases   ] GC(17)     Remembered Sets (ms):     Min:  0.0, Avg:  0.0, Max:  0.3, Diff:  0.3, Sum:  0.6, Workers: 13
[49.224s][debug][gc,phases   ] GC(17)       Merged Sparse:            Min: 0, Avg:  0.2, Max: 3, Diff: 3, Sum: 3, Workers: 13
[49.224s][debug][gc,phases   ] GC(17)       Merged Fine:              Min: 0, Avg:  0.5, Max: 7, Diff: 7, Sum: 7, Workers: 13
[49.224s][debug][gc,phases   ] GC(17)       Merged Coarse:            Min: 0, Avg:  0.0, Max: 0, Diff: 0, Sum: 0, Workers: 13
[49.224s][debug][gc,phases   ] GC(17)       Dirty Cards:              Min: 0, Avg: 1563.8, Max: 20329, Diff: 20329, Sum: 20329, Workers: 13
[49.224s][debug][gc,phases   ] GC(17)     Hot Card Cache (ms):      Min:  0.0, Avg:  0.0, Max:  0.0, Diff:  0.0, Sum:  0.0, Workers: 13
[49.224s][debug][gc,phases   ] GC(17)       Dirty Cards:              Min: 0, Avg: 78.8, Max: 416, Diff: 416, Sum: 1024, Workers: 13
[49.224s][debug][gc,phases   ] GC(17)       Skipped Cards:            Min: 0, Avg:  0.0, Max: 0, Diff: 0, Sum: 0, Workers: 13
[49.224s][debug][gc,phases   ] GC(17)     Log Buffers (ms):         Min:  0.0, Avg:  0.1, Max:  0.2, Diff:  0.2, Sum:  1.7, Workers: 13
[49.224s][debug][gc,phases   ] GC(17)       Dirty Cards:              Min: 0, Avg: 1108.2, Max: 1814, Diff: 1814, Sum: 14407, Workers: 13
[49.224s][debug][gc,phases   ] GC(17)       Skipped Cards:            Min: 0, Avg:  0.0, Max: 0, Diff: 0, Sum: 0, Workers: 13
[49.224s][info ][gc,phases   ] GC(17)   Evacuate Collection Set: 7.0ms
[49.224s][debug][gc,phases   ] GC(17)     Ext Root Scanning (ms):   Min:  0.5, Avg:  0.5, Max:  0.6, Diff:  0.1, Sum:  6.6, Workers: 13
[49.224s][debug][gc,phases   ] GC(17)     Scan Heap Roots (ms):     Min:  2.3, Avg:  2.6, Max:  2.8, Diff:  0.5, Sum: 33.8, Workers: 13
[49.224s][debug][gc,phases   ] GC(17)       Scanned Cards:            Min: 2273, Avg: 2750.5, Max: 3938, Diff: 1665, Sum: 35756, Workers: 13
[49.224s][debug][gc,phases   ] GC(17)       Scanned Blocks:           Min: 1537, Avg: 1881.4, Max: 2563, Diff: 1026, Sum: 24458, Workers: 13
[49.224s][debug][gc,phases   ] GC(17)       Claimed Chunks:           Min: 7, Avg: 10.0, Max: 21, Diff: 14, Sum: 130, Workers: 13
[49.224s][debug][gc,phases   ] GC(17)     Code Root Scan (ms):      Min:  0.0, Avg:  0.0, Max:  0.1, Diff:  0.1, Sum:  0.2, Workers: 13
[49.224s][debug][gc,phases   ] GC(17)     Object Copy (ms):         Min:  3.5, Avg:  3.7, Max:  3.8, Diff:  0.3, Sum: 47.6, Workers: 13
[49.224s][debug][gc,phases   ] GC(17)     Termination (ms):         Min:  0.1, Avg:  0.1, Max:  0.2, Diff:  0.1, Sum:  1.9, Workers: 13
[49.224s][debug][gc,phases   ] GC(17)       Termination Attempts:     Min: 1, Avg:  1.5, Max: 2, Diff: 1, Sum: 20, Workers: 13
[49.224s][debug][gc,phases   ] GC(17)     GC Worker Other (ms):     Min:  0.0, Avg:  0.0, Max:  0.0, Diff:  0.0, Sum:  0.2, Workers: 13
[49.224s][debug][gc,phases   ] GC(17)     GC Worker Total (ms):     Min:  6.9, Avg:  6.9, Max:  7.0, Diff:  0.1, Sum: 90.2, Workers: 13
[49.224s][info ][gc,phases   ] GC(17)   Post Evacuate Collection Set: 0.4ms
[49.224s][debug][gc,phases   ] GC(17)     Code Roots Fixup: 0.0ms
[49.224s][debug][gc,phases   ] GC(17)     Clear Card Table: 0.1ms
[49.224s][debug][gc,phases   ] GC(17)     Reference Processing: 0.0ms
[49.224s][debug][gc,phases   ] GC(17)     Weak Processing: 0.0ms
[49.224s][debug][gc,phases   ] GC(17)       VM Weak                   Min:  0.0, Avg:  0.0, Max:  0.0, Diff:  0.0, Sum:  0.0, Workers: 2
[49.224s][debug][gc,phases   ] GC(17)         Dead                      Min: 0, Avg:  0.0, Max: 0, Diff: 0, Sum: 0, Workers: 2
[49.224s][debug][gc,phases   ] GC(17)         Total                     Min: 0, Avg: 28.5, Max: 57, Diff: 57, Sum: 57, Workers: 2
[49.224s][debug][gc,phases   ] GC(17)       ObjectSynchronizer Weak   Min:  0.0, Avg:  0.0, Max:  0.0, Diff:  0.0, Sum:  0.0, Workers: 2
[49.224s][debug][gc,phases   ] GC(17)         Dead                      Min: 0, Avg:  0.0, Max: 0, Diff: 0, Sum: 0, Workers: 2
[49.224s][debug][gc,phases   ] GC(17)         Total                     Min: 0, Avg:  4.5, Max: 9, Diff: 9, Sum: 9, Workers: 2
[49.224s][debug][gc,phases   ] GC(17)       JVMTI Tag Weak OopStorage Min:  0.0, Avg:  0.0, Max:  0.0, Diff:  0.0, Sum:  0.0, Workers: 2
[49.224s][debug][gc,phases   ] GC(17)         Dead                      Min: 0, Avg:  0.0, Max: 0, Diff: 0, Sum: 0, Workers: 2
[49.224s][debug][gc,phases   ] GC(17)         Total                     Min: 0, Avg:  0.0, Max: 0, Diff: 0, Sum: 0, Workers: 2
[49.224s][debug][gc,phases   ] GC(17)       StringTable Weak          Min:  0.0, Avg:  0.0, Max:  0.0, Diff:  0.0, Sum:  0.0, Workers: 2
[49.224s][debug][gc,phases   ] GC(17)         Dead                      Min: 0, Avg:  0.0, Max: 0, Diff: 0, Sum: 0, Workers: 2
[49.224s][debug][gc,phases   ] GC(17)         Total                     Min: 0, Avg: 326.5, Max: 653, Diff: 653, Sum: 653, Workers: 2
[49.224s][debug][gc,phases   ] GC(17)       ResolvedMethodTable Weak  Min:  0.0, Avg:  0.0, Max:  0.0, Diff:  0.0, Sum:  0.0, Workers: 2
[49.224s][debug][gc,phases   ] GC(17)         Dead                      Min: 0, Avg:  0.0, Max: 0, Diff: 0, Sum: 0, Workers: 2
[49.224s][debug][gc,phases   ] GC(17)         Total                     Min: 0, Avg: 140.5, Max: 281, Diff: 281, Sum: 281, Workers: 2
[49.224s][debug][gc,phases   ] GC(17)       JNI Weak                  Min:  0.0, Avg:  0.0, Max:  0.0, Diff:  0.0, Sum:  0.0, Workers: 2
[49.224s][debug][gc,phases   ] GC(17)         Dead                      Min: 0, Avg:  0.0, Max: 0, Diff: 0, Sum: 0, Workers: 2
[49.224s][debug][gc,phases   ] GC(17)         Total                     Min: 0, Avg:  0.0, Max: 0, Diff: 0, Sum: 0, Workers: 2
[49.224s][debug][gc,phases   ] GC(17)       Weak JFR Old Object Samples Min:  0.0, Avg:  0.0, Max:  0.0, Diff:  0.0, Sum:  0.0, Workers: 2
[49.224s][debug][gc,phases   ] GC(17)         Dead                      Min: 0, Avg:  0.0, Max: 0, Diff: 0, Sum: 0, Workers: 2
[49.224s][debug][gc,phases   ] GC(17)         Total                     Min: 0, Avg:  0.0, Max: 0, Diff: 0, Sum: 0, Workers: 2
[49.224s][debug][gc,phases   ] GC(17)     Merge Per-Thread State: 0.0ms
[49.224s][debug][gc,phases   ] GC(17)       Copied Bytes              Min: 2225448, Avg: 2483875.7, Max: 3218384, Diff: 992936, Sum: 32290384, Workers: 13
[49.224s][debug][gc,phases   ] GC(17)       LAB Waste                 Min: 424, Avg: 772.3, Max: 1448, Diff: 1024, Sum: 10040, Workers: 13
[49.224s][debug][gc,phases   ] GC(17)       LAB Undo Waste            Min: 0, Avg:  0.0, Max: 0, Diff: 0, Sum: 0, Workers: 13
[49.224s][debug][gc,phases   ] GC(17)     Code Roots Purge: 0.0ms
[49.224s][debug][gc,phases   ] GC(17)     Redirty Cards: 0.1ms
[49.224s][debug][gc,phases   ] GC(17)     DerivedPointerTable Update: 0.0ms
[49.224s][debug][gc,phases   ] GC(17)     Free Collection Set: 0.1ms
[49.224s][debug][gc,phases   ] GC(17)     Rebuild Free List: 0.0ms
[49.224s][debug][gc,phases   ] GC(17)     Humongous Reclaim: 0.0ms
[49.224s][debug][gc,phases   ] GC(17)     Start New Collection Set: 0.0ms
[49.224s][debug][gc,phases   ] GC(17)     Resize TLABs: 0.1ms
[49.224s][debug][gc,phases   ] GC(17)     Expand Heap After Collection: 0.0ms
[49.224s][info ][gc,phases   ] GC(17)   Other: 0.5ms
[49.224s][info ][gc,heap     ] GC(17) Eden regions: 88->0(88)
[49.224s][info ][gc,heap     ] GC(17) Survivor regions: 5->5(12)
[49.224s][info ][gc,heap     ] GC(17) Old regions: 9->9
[49.224s][info ][gc,heap     ] GC(17) Archive regions: 2->2
[49.224s][info ][gc,heap     ] GC(17) Humongous regions: 0->0
[49.224s][info ][gc,metaspace] GC(17) Metaspace: 1631K(1792K)->1631K(1792K) NonClass: 1513K(1600K)->1513K(1600K) Class: 118K(192K)->118K(192K)
[49.224s][info ][gc          ] GC(17) Pause Young (Normal) (G1 Evacuation Pause) 809M->104M(1248M) 9.096ms
[49.225s][info ][gc,cpu      ] GC(17) User=0.09s Sys=0.00s Real=0.01s
[52.626s][info ][gc,start    ] GC(18) Pause Young (Normal) (G1 Evacuation Pause)
[52.626s][info ][gc,task     ] GC(18) Using 13 workers of 13 for evacuation
[52.636s][info ][gc,phases   ] GC(18)   Pre Evacuate Collection Set: 0.3ms
[52.636s][debug][gc,phases   ] GC(18)     Prepare TLABs: 0.1ms
[52.636s][debug][gc,phases   ] GC(18)     Concatenate Dirty Card Logs: 0.1ms
[52.636s][debug][gc,phases   ] GC(18)     Choose Collection Set: 0.0ms
[52.636s][debug][gc,phases   ] GC(18)     Region Register: 0.1ms
[52.636s][debug][gc,phases   ] GC(18)     Prepare Heap Roots: 0.0ms
[52.636s][info ][gc,phases   ] GC(18)   Merge Heap Roots: 0.2ms
[52.636s][debug][gc,phases   ] GC(18)     Prepare Merge Heap Roots: 0.0ms
[52.636s][debug][gc,phases   ] GC(18)     Eager Reclaim (ms):       skipped
[52.637s][debug][gc,phases   ] GC(18)     Remembered Sets (ms):     Min:  0.0, Avg:  0.0, Max:  0.2, Diff:  0.2, Sum:  0.3, Workers: 13
[52.637s][debug][gc,phases   ] GC(18)       Merged Sparse:            Min: 0, Avg:  0.9, Max: 6, Diff: 6, Sum: 12, Workers: 13
[52.637s][debug][gc,phases   ] GC(18)       Merged Fine:              Min: 0, Avg:  0.8, Max: 8, Diff: 8, Sum: 11, Workers: 13
[52.637s][debug][gc,phases   ] GC(18)       Merged Coarse:            Min: 0, Avg:  0.0, Max: 0, Diff: 0, Sum: 0, Workers: 13
[52.637s][debug][gc,phases   ] GC(18)       Dirty Cards:              Min: 0, Avg: 1681.1, Max: 21307, Diff: 21307, Sum: 21854, Workers: 13
[52.637s][debug][gc,phases   ] GC(18)     Hot Card Cache (ms):      Min:  0.0, Avg:  0.0, Max:  0.0, Diff:  0.0, Sum:  0.0, Workers: 13
[52.637s][debug][gc,phases   ] GC(18)       Dirty Cards:              Min: 0, Avg: 78.8, Max: 640, Diff: 640, Sum: 1024, Workers: 13
[52.637s][debug][gc,phases   ] GC(18)       Skipped Cards:            Min: 0, Avg:  0.0, Max: 0, Diff: 0, Sum: 0, Workers: 13
[52.637s][debug][gc,phases   ] GC(18)     Log Buffers (ms):         Min:  0.0, Avg:  0.1, Max:  0.1, Diff:  0.1, Sum:  1.1, Workers: 13
[52.637s][debug][gc,phases   ] GC(18)       Dirty Cards:              Min: 0, Avg: 1071.6, Max: 3628, Diff: 3628, Sum: 13931, Workers: 13
[52.637s][debug][gc,phases   ] GC(18)       Skipped Cards:            Min: 0, Avg:  0.6, Max: 4, Diff: 4, Sum: 8, Workers: 13
[52.637s][info ][gc,phases   ] GC(18)   Evacuate Collection Set: 9.3ms
[52.637s][debug][gc,phases   ] GC(18)     Ext Root Scanning (ms):   Min:  1.2, Avg:  1.3, Max:  1.4, Diff:  0.2, Sum: 16.5, Workers: 13
[52.637s][debug][gc,phases   ] GC(18)     Scan Heap Roots (ms):     Min:  2.6, Avg:  2.7, Max:  3.1, Diff:  0.4, Sum: 35.6, Workers: 13
[52.637s][debug][gc,phases   ] GC(18)       Scanned Cards:            Min: 2646, Avg: 2830.2, Max: 3238, Diff: 592, Sum: 36793, Workers: 13
[52.637s][debug][gc,phases   ] GC(18)       Scanned Blocks:           Min: 1754, Avg: 1913.3, Max: 2164, Diff: 410, Sum: 24873, Workers: 13
[52.637s][debug][gc,phases   ] GC(18)       Claimed Chunks:           Min: 8, Avg: 10.0, Max: 16, Diff: 8, Sum: 130, Workers: 13
[52.637s][debug][gc,phases   ] GC(18)     Code Root Scan (ms):      Min:  0.0, Avg:  0.0, Max:  0.2, Diff:  0.2, Sum:  0.3, Workers: 13
[52.637s][debug][gc,phases   ] GC(18)     Object Copy (ms):         Min:  4.8, Avg:  5.1, Max:  5.2, Diff:  0.5, Sum: 65.7, Workers: 13
[52.637s][debug][gc,phases   ] GC(18)     Termination (ms):         Min:  0.1, Avg:  0.1, Max:  0.1, Diff:  0.0, Sum:  1.6, Workers: 13
[52.637s][debug][gc,phases   ] GC(18)       Termination Attempts:     Min: 1, Avg:  1.2, Max: 2, Diff: 1, Sum: 16, Workers: 13
[52.637s][debug][gc,phases   ] GC(18)     GC Worker Other (ms):     Min:  0.0, Avg:  0.0, Max:  0.0, Diff:  0.0, Sum:  0.2, Workers: 13
[52.637s][debug][gc,phases   ] GC(18)     GC Worker Total (ms):     Min:  9.2, Avg:  9.2, Max:  9.3, Diff:  0.1, Sum: 120.0, Workers: 13
[52.637s][info ][gc,phases   ] GC(18)   Post Evacuate Collection Set: 0.4ms
[52.637s][debug][gc,phases   ] GC(18)     Code Roots Fixup: 0.0ms
[52.637s][debug][gc,phases   ] GC(18)     Clear Card Table: 0.1ms
[52.637s][debug][gc,phases   ] GC(18)     Reference Processing: 0.0ms
[52.637s][debug][gc,phases   ] GC(18)     Weak Processing: 0.0ms
[52.637s][debug][gc,phases   ] GC(18)       VM Weak                   Min:  0.0, Avg:  0.0, Max:  0.0, Diff:  0.0, Sum:  0.0, Workers: 2
[52.637s][debug][gc,phases   ] GC(18)         Dead                      Min: 0, Avg:  0.0, Max: 0, Diff: 0, Sum: 0, Workers: 2
[52.637s][debug][gc,phases   ] GC(18)         Total                     Min: 0, Avg: 28.5, Max: 57, Diff: 57, Sum: 57, Workers: 2
[52.637s][debug][gc,phases   ] GC(18)       ObjectSynchronizer Weak   Min:  0.0, Avg:  0.0, Max:  0.0, Diff:  0.0, Sum:  0.0, Workers: 2
[52.637s][debug][gc,phases   ] GC(18)         Dead                      Min: 0, Avg:  0.0, Max: 0, Diff: 0, Sum: 0, Workers: 2
[52.637s][debug][gc,phases   ] GC(18)         Total                     Min: 0, Avg:  4.5, Max: 9, Diff: 9, Sum: 9, Workers: 2
[52.637s][debug][gc,phases   ] GC(18)       JVMTI Tag Weak OopStorage Min:  0.0, Avg:  0.0, Max:  0.0, Diff:  0.0, Sum:  0.0, Workers: 2
[52.637s][debug][gc,phases   ] GC(18)         Dead                      Min: 0, Avg:  0.0, Max: 0, Diff: 0, Sum: 0, Workers: 2
[52.637s][debug][gc,phases   ] GC(18)         Total                     Min: 0, Avg:  0.0, Max: 0, Diff: 0, Sum: 0, Workers: 2
[52.637s][debug][gc,phases   ] GC(18)       StringTable Weak          Min:  0.0, Avg:  0.0, Max:  0.0, Diff:  0.0, Sum:  0.0, Workers: 2
[52.637s][debug][gc,phases   ] GC(18)         Dead                      Min: 0, Avg:  0.0, Max: 0, Diff: 0, Sum: 0, Workers: 2
[52.637s][debug][gc,phases   ] GC(18)         Total                     Min: 0, Avg: 326.5, Max: 653, Diff: 653, Sum: 653, Workers: 2
[52.637s][debug][gc,phases   ] GC(18)       ResolvedMethodTable Weak  Min:  0.0, Avg:  0.0, Max:  0.0, Diff:  0.0, Sum:  0.0, Workers: 2
[52.637s][debug][gc,phases   ] GC(18)         Dead                      Min: 0, Avg:  0.0, Max: 0, Diff: 0, Sum: 0, Workers: 2
[52.637s][debug][gc,phases   ] GC(18)         Total                     Min: 0, Avg: 140.5, Max: 281, Diff: 281, Sum: 281, Workers: 2
[52.637s][debug][gc,phases   ] GC(18)       JNI Weak                  Min:  0.0, Avg:  0.0, Max:  0.0, Diff:  0.0, Sum:  0.0, Workers: 2
[52.637s][debug][gc,phases   ] GC(18)         Dead                      Min: 0, Avg:  0.0, Max: 0, Diff: 0, Sum: 0, Workers: 2
[52.637s][debug][gc,phases   ] GC(18)         Total                     Min: 0, Avg:  0.0, Max: 0, Diff: 0, Sum: 0, Workers: 2
[52.637s][debug][gc,phases   ] GC(18)       Weak JFR Old Object Samples Min:  0.0, Avg:  0.0, Max:  0.0, Diff:  0.0, Sum:  0.0, Workers: 2
[52.637s][debug][gc,phases   ] GC(18)         Dead                      Min: 0, Avg:  0.0, Max: 0, Diff: 0, Sum: 0, Workers: 2
[52.637s][debug][gc,phases   ] GC(18)         Total                     Min: 0, Avg:  0.0, Max: 0, Diff: 0, Sum: 0, Workers: 2
[52.637s][debug][gc,phases   ] GC(18)     Merge Per-Thread State: 0.0ms
[52.637s][debug][gc,phases   ] GC(18)       Copied Bytes              Min: 2266520, Avg: 2480402.5, Max: 2759200, Diff: 492680, Sum: 32245232, Workers: 13
[52.637s][debug][gc,phases   ] GC(18)       LAB Waste                 Min: 6232, Avg: 6936.0, Max: 8304, Diff: 2072, Sum: 90168, Workers: 13
[52.637s][debug][gc,phases   ] GC(18)       LAB Undo Waste            Min: 0, Avg:  0.0, Max: 0, Diff: 0, Sum: 0, Workers: 13
[52.637s][debug][gc,phases   ] GC(18)     Code Roots Purge: 0.0ms
[52.637s][debug][gc,phases   ] GC(18)     Redirty Cards: 0.1ms
[52.637s][debug][gc,phases   ] GC(18)     DerivedPointerTable Update: 0.0ms
[52.637s][debug][gc,phases   ] GC(18)     Free Collection Set: 0.1ms
[52.637s][debug][gc,phases   ] GC(18)     Rebuild Free List: 0.0ms
[52.637s][debug][gc,phases   ] GC(18)     Humongous Reclaim: 0.0ms
[52.637s][debug][gc,phases   ] GC(18)     Start New Collection Set: 0.0ms
[52.637s][debug][gc,phases   ] GC(18)     Resize TLABs: 0.1ms
[52.637s][debug][gc,phases   ] GC(18)     Expand Heap After Collection: 0.0ms
[52.637s][info ][gc,phases   ] GC(18)   Other: 0.4ms
[52.637s][info ][gc,heap     ] GC(18) Eden regions: 88->0(89)
[52.637s][info ][gc,heap     ] GC(18) Survivor regions: 5->4(12)
[52.637s][info ][gc,heap     ] GC(18) Old regions: 9->9
[52.637s][info ][gc,heap     ] GC(18) Archive regions: 2->2
[52.637s][info ][gc,heap     ] GC(18) Humongous regions: 0->0
[52.637s][info ][gc,metaspace] GC(18) Metaspace: 1631K(1792K)->1631K(1792K) NonClass: 1513K(1600K)->1513K(1600K) Class: 118K(192K)->118K(192K)
[52.637s][info ][gc          ] GC(18) Pause Young (Normal) (G1 Evacuation Pause) 808M->106M(1248M) 11.155ms
[52.637s][info ][gc,cpu      ] GC(18) User=0.09s Sys=0.03s Real=0.01s
[56.046s][info ][gc,start    ] GC(19) Pause Young (Normal) (G1 Evacuation Pause)
[56.046s][info ][gc,task     ] GC(19) Using 13 workers of 13 for evacuation
[56.053s][info ][gc,phases   ] GC(19)   Pre Evacuate Collection Set: 0.3ms
[56.054s][debug][gc,phases   ] GC(19)     Prepare TLABs: 0.1ms
[56.054s][debug][gc,phases   ] GC(19)     Concatenate Dirty Card Logs: 0.1ms
[56.054s][debug][gc,phases   ] GC(19)     Choose Collection Set: 0.0ms
[56.054s][debug][gc,phases   ] GC(19)     Region Register: 0.1ms
[56.054s][debug][gc,phases   ] GC(19)     Prepare Heap Roots: 0.0ms
[56.054s][info ][gc,phases   ] GC(19)   Merge Heap Roots: 0.2ms
[56.054s][debug][gc,phases   ] GC(19)     Prepare Merge Heap Roots: 0.0ms
[56.054s][debug][gc,phases   ] GC(19)     Eager Reclaim (ms):       skipped
[56.054s][debug][gc,phases   ] GC(19)     Remembered Sets (ms):     Min:  0.0, Avg:  0.0, Max:  0.2, Diff:  0.2, Sum:  0.3, Workers: 13
[56.054s][debug][gc,phases   ] GC(19)       Merged Sparse:            Min: 0, Avg:  0.3, Max: 2, Diff: 2, Sum: 4, Workers: 13
[56.054s][debug][gc,phases   ] GC(19)       Merged Fine:              Min: 0, Avg:  1.2, Max: 7, Diff: 7, Sum: 16, Workers: 13
[56.054s][debug][gc,phases   ] GC(19)       Merged Coarse:            Min: 0, Avg:  0.0, Max: 0, Diff: 0, Sum: 0, Workers: 13
[56.054s][debug][gc,phases   ] GC(19)       Dirty Cards:              Min: 0, Avg: 1582.2, Max: 13126, Diff: 13126, Sum: 20568, Workers: 13
[56.054s][debug][gc,phases   ] GC(19)     Hot Card Cache (ms):      Min:  0.0, Avg:  0.0, Max:  0.0, Diff:  0.0, Sum:  0.0, Workers: 13
[56.054s][debug][gc,phases   ] GC(19)       Dirty Cards:              Min: 0, Avg: 78.8, Max: 640, Diff: 640, Sum: 1024, Workers: 13
[56.054s][debug][gc,phases   ] GC(19)       Skipped Cards:            Min: 0, Avg:  0.0, Max: 0, Diff: 0, Sum: 0, Workers: 13
[56.054s][debug][gc,phases   ] GC(19)     Log Buffers (ms):         Min:  0.0, Avg:  0.1, Max:  0.2, Diff:  0.1, Sum:  1.5, Workers: 13
[56.054s][debug][gc,phases   ] GC(19)       Dirty Cards:              Min: 13, Avg: 1177.2, Max: 3054, Diff: 3041, Sum: 15304, Workers: 13
[56.054s][debug][gc,phases   ] GC(19)       Skipped Cards:            Min: 0, Avg:  1.2, Max: 7, Diff: 7, Sum: 15, Workers: 13
[56.054s][info ][gc,phases   ] GC(19)   Evacuate Collection Set: 6.7ms
[56.054s][debug][gc,phases   ] GC(19)     Ext Root Scanning (ms):   Min:  0.4, Avg:  0.4, Max:  0.5, Diff:  0.2, Sum:  5.7, Workers: 13
[56.054s][debug][gc,phases   ] GC(19)     Scan Heap Roots (ms):     Min:  2.6, Avg:  2.7, Max:  3.0, Diff:  0.4, Sum: 35.4, Workers: 13
[56.054s][debug][gc,phases   ] GC(19)       Scanned Cards:            Min: 2461, Avg: 2837.5, Max: 3681, Diff: 1220, Sum: 36888, Workers: 13
[56.054s][debug][gc,phases   ] GC(19)       Scanned Blocks:           Min: 1610, Avg: 1929.3, Max: 2497, Diff: 887, Sum: 25081, Workers: 13
[56.054s][debug][gc,phases   ] GC(19)       Claimed Chunks:           Min: 8, Avg: 10.5, Max: 22, Diff: 14, Sum: 137, Workers: 13
[56.054s][debug][gc,phases   ] GC(19)     Code Root Scan (ms):      Min:  0.0, Avg:  0.0, Max:  0.1, Diff:  0.1, Sum:  0.1, Workers: 13
[56.054s][debug][gc,phases   ] GC(19)     Object Copy (ms):         Min:  3.0, Avg:  3.2, Max:  3.4, Diff:  0.4, Sum: 41.7, Workers: 13
[56.054s][debug][gc,phases   ] GC(19)     Termination (ms):         Min:  0.1, Avg:  0.2, Max:  0.2, Diff:  0.1, Sum:  2.8, Workers: 13
[56.054s][debug][gc,phases   ] GC(19)       Termination Attempts:     Min: 1, Avg:  2.0, Max: 3, Diff: 2, Sum: 26, Workers: 13
[56.054s][debug][gc,phases   ] GC(19)     GC Worker Other (ms):     Min:  0.0, Avg:  0.0, Max:  0.0, Diff:  0.0, Sum:  0.2, Workers: 13
[56.054s][debug][gc,phases   ] GC(19)     GC Worker Total (ms):     Min:  6.6, Avg:  6.6, Max:  6.6, Diff:  0.1, Sum: 85.8, Workers: 13
[56.054s][info ][gc,phases   ] GC(19)   Post Evacuate Collection Set: 0.4ms
[56.054s][debug][gc,phases   ] GC(19)     Code Roots Fixup: 0.0ms
[56.054s][debug][gc,phases   ] GC(19)     Clear Card Table: 0.1ms
[56.054s][debug][gc,phases   ] GC(19)     Reference Processing: 0.0ms
[56.054s][debug][gc,phases   ] GC(19)     Weak Processing: 0.0ms
[56.054s][debug][gc,phases   ] GC(19)       VM Weak                   Min:  0.0, Avg:  0.0, Max:  0.0, Diff:  0.0, Sum:  0.0, Workers: 2
[56.054s][debug][gc,phases   ] GC(19)         Dead                      Min: 0, Avg:  0.0, Max: 0, Diff: 0, Sum: 0, Workers: 2
[56.054s][debug][gc,phases   ] GC(19)         Total                     Min: 0, Avg: 28.5, Max: 57, Diff: 57, Sum: 57, Workers: 2
[56.054s][debug][gc,phases   ] GC(19)       ObjectSynchronizer Weak   Min:  0.0, Avg:  0.0, Max:  0.0, Diff:  0.0, Sum:  0.0, Workers: 2
[56.054s][debug][gc,phases   ] GC(19)         Dead                      Min: 0, Avg:  0.0, Max: 0, Diff: 0, Sum: 0, Workers: 2
[56.054s][debug][gc,phases   ] GC(19)         Total                     Min: 0, Avg:  4.5, Max: 9, Diff: 9, Sum: 9, Workers: 2
[56.054s][debug][gc,phases   ] GC(19)       JVMTI Tag Weak OopStorage Min:  0.0, Avg:  0.0, Max:  0.0, Diff:  0.0, Sum:  0.0, Workers: 2
[56.054s][debug][gc,phases   ] GC(19)         Dead                      Min: 0, Avg:  0.0, Max: 0, Diff: 0, Sum: 0, Workers: 2
[56.054s][debug][gc,phases   ] GC(19)         Total                     Min: 0, Avg:  0.0, Max: 0, Diff: 0, Sum: 0, Workers: 2
[56.054s][debug][gc,phases   ] GC(19)       StringTable Weak          Min:  0.0, Avg:  0.0, Max:  0.0, Diff:  0.0, Sum:  0.0, Workers: 2
[56.054s][debug][gc,phases   ] GC(19)         Dead                      Min: 0, Avg:  0.0, Max: 0, Diff: 0, Sum: 0, Workers: 2
[56.054s][debug][gc,phases   ] GC(19)         Total                     Min: 0, Avg: 326.5, Max: 653, Diff: 653, Sum: 653, Workers: 2
[56.054s][debug][gc,phases   ] GC(19)       ResolvedMethodTable Weak  Min:  0.0, Avg:  0.0, Max:  0.0, Diff:  0.0, Sum:  0.0, Workers: 2
[56.054s][debug][gc,phases   ] GC(19)         Dead                      Min: 0, Avg:  0.0, Max: 0, Diff: 0, Sum: 0, Workers: 2
[56.054s][debug][gc,phases   ] GC(19)         Total                     Min: 0, Avg: 140.5, Max: 281, Diff: 281, Sum: 281, Workers: 2
[56.054s][debug][gc,phases   ] GC(19)       JNI Weak                  Min:  0.0, Avg:  0.0, Max:  0.0, Diff:  0.0, Sum:  0.0, Workers: 2
[56.054s][debug][gc,phases   ] GC(19)         Dead                      Min: 0, Avg:  0.0, Max: 0, Diff: 0, Sum: 0, Workers: 2
[56.054s][debug][gc,phases   ] GC(19)         Total                     Min: 0, Avg:  0.0, Max: 0, Diff: 0, Sum: 0, Workers: 2
[56.054s][debug][gc,phases   ] GC(19)       Weak JFR Old Object Samples Min:  0.0, Avg:  0.0, Max:  0.0, Diff:  0.0, Sum:  0.0, Workers: 2
[56.054s][debug][gc,phases   ] GC(19)         Dead                      Min: 0, Avg:  0.0, Max: 0, Diff: 0, Sum: 0, Workers: 2
[56.054s][debug][gc,phases   ] GC(19)         Total                     Min: 0, Avg:  0.0, Max: 0, Diff: 0, Sum: 0, Workers: 2
[56.054s][debug][gc,phases   ] GC(19)     Merge Per-Thread State: 0.0ms
[56.054s][debug][gc,phases   ] GC(19)       Copied Bytes              Min: 1969376, Avg: 2167347.7, Max: 2549104, Diff: 579728, Sum: 28175520, Workers: 13
[56.054s][debug][gc,phases   ] GC(19)       LAB Waste                 Min: 320, Avg: 686.8, Max: 1120, Diff: 800, Sum: 8928, Workers: 13
[56.054s][debug][gc,phases   ] GC(19)       LAB Undo Waste            Min: 0, Avg:  0.0, Max: 0, Diff: 0, Sum: 0, Workers: 13
[56.054s][debug][gc,phases   ] GC(19)     Code Roots Purge: 0.0ms
[56.054s][debug][gc,phases   ] GC(19)     Redirty Cards: 0.1ms
[56.054s][debug][gc,phases   ] GC(19)     DerivedPointerTable Update: 0.0ms
[56.054s][debug][gc,phases   ] GC(19)     Free Collection Set: 0.1ms
[56.054s][debug][gc,phases   ] GC(19)     Rebuild Free List: 0.0ms
[56.054s][debug][gc,phases   ] GC(19)     Humongous Reclaim: 0.0ms
[56.054s][debug][gc,phases   ] GC(19)     Start New Collection Set: 0.0ms
[56.054s][debug][gc,phases   ] GC(19)     Resize TLABs: 0.1ms
[56.054s][debug][gc,phases   ] GC(19)     Expand Heap After Collection: 0.0ms
[56.054s][info ][gc,phases   ] GC(19)   Other: 0.4ms
[56.054s][info ][gc,heap     ] GC(19) Eden regions: 89->0(89)
[56.054s][info ][gc,heap     ] GC(19) Survivor regions: 4->4(12)
[56.054s][info ][gc,heap     ] GC(19) Old regions: 9->9
[56.054s][info ][gc,heap     ] GC(19) Archive regions: 2->2
[56.054s][info ][gc,heap     ] GC(19) Humongous regions: 0->0
[56.054s][info ][gc,metaspace] GC(19) Metaspace: 1634K(1792K)->1634K(1792K) NonClass: 1515K(1600K)->1515K(1600K) Class: 118K(192K)->118K(192K)
[56.054s][info ][gc          ] GC(19) Pause Young (Normal) (G1 Evacuation Pause) 818M->105M(1248M) 8.510ms
[56.054s][info ][gc,cpu      ] GC(19) User=0.09s Sys=0.00s Real=0.01s
[59.493s][info ][gc,start    ] GC(20) Pause Young (Normal) (G1 Evacuation Pause)
[59.493s][info ][gc,task     ] GC(20) Using 13 workers of 13 for evacuation
[59.501s][info ][gc,phases   ] GC(20)   Pre Evacuate Collection Set: 0.3ms
[59.501s][debug][gc,phases   ] GC(20)     Prepare TLABs: 0.1ms
[59.501s][debug][gc,phases   ] GC(20)     Concatenate Dirty Card Logs: 0.1ms
[59.501s][debug][gc,phases   ] GC(20)     Choose Collection Set: 0.0ms
[59.501s][debug][gc,phases   ] GC(20)     Region Register: 0.1ms
[59.501s][debug][gc,phases   ] GC(20)     Prepare Heap Roots: 0.0ms
[59.501s][info ][gc,phases   ] GC(20)   Merge Heap Roots: 0.2ms
[59.501s][debug][gc,phases   ] GC(20)     Prepare Merge Heap Roots: 0.0ms
[59.501s][debug][gc,phases   ] GC(20)     Eager Reclaim (ms):       skipped
[59.501s][debug][gc,phases   ] GC(20)     Remembered Sets (ms):     Min:  0.0, Avg:  0.0, Max:  0.1, Diff:  0.1, Sum:  0.4, Workers: 13
[59.501s][debug][gc,phases   ] GC(20)       Merged Sparse:            Min: 0, Avg:  0.0, Max: 0, Diff: 0, Sum: 0, Workers: 13
[59.501s][debug][gc,phases   ] GC(20)       Merged Fine:              Min: 0, Avg:  0.8, Max: 5, Diff: 5, Sum: 10, Workers: 13
[59.501s][debug][gc,phases   ] GC(20)       Merged Coarse:            Min: 0, Avg:  0.0, Max: 0, Diff: 0, Sum: 0, Workers: 13
[59.501s][debug][gc,phases   ] GC(20)       Dirty Cards:              Min: 0, Avg: 1355.1, Max: 11439, Diff: 11439, Sum: 17616, Workers: 13
[59.501s][debug][gc,phases   ] GC(20)     Hot Card Cache (ms):      Min:  0.0, Avg:  0.0, Max:  0.0, Diff:  0.0, Sum:  0.0, Workers: 13
[59.501s][debug][gc,phases   ] GC(20)       Dirty Cards:              Min: 0, Avg: 78.8, Max: 224, Diff: 224, Sum: 1024, Workers: 13
[59.501s][debug][gc,phases   ] GC(20)       Skipped Cards:            Min: 0, Avg:  0.0, Max: 0, Diff: 0, Sum: 0, Workers: 13
[59.501s][debug][gc,phases   ] GC(20)     Log Buffers (ms):         Min:  0.0, Avg:  0.1, Max:  0.1, Diff:  0.1, Sum:  1.4, Workers: 13
[59.501s][debug][gc,phases   ] GC(20)       Dirty Cards:              Min: 2, Avg: 1405.5, Max: 2106, Diff: 2104, Sum: 18271, Workers: 13
[59.501s][debug][gc,phases   ] GC(20)       Skipped Cards:            Min: 0, Avg:  0.1, Max: 1, Diff: 1, Sum: 1, Workers: 13
[59.501s][info ][gc,phases   ] GC(20)   Evacuate Collection Set: 6.7ms
[59.501s][debug][gc,phases   ] GC(20)     Ext Root Scanning (ms):   Min:  0.4, Avg:  0.5, Max:  0.7, Diff:  0.4, Sum:  6.2, Workers: 13
[59.501s][debug][gc,phases   ] GC(20)     Scan Heap Roots (ms):     Min:  2.5, Avg:  2.7, Max:  2.9, Diff:  0.4, Sum: 35.4, Workers: 13
[59.501s][debug][gc,phases   ] GC(20)       Scanned Cards:            Min: 2428, Avg: 2839.3, Max: 3394, Diff: 966, Sum: 36911, Workers: 13
[59.501s][debug][gc,phases   ] GC(20)       Scanned Blocks:           Min: 1573, Avg: 1931.2, Max: 2266, Diff: 693, Sum: 25106, Workers: 13
[59.501s][debug][gc,phases   ] GC(20)       Claimed Chunks:           Min: 8, Avg: 10.5, Max: 15, Diff: 7, Sum: 137, Workers: 13
[59.501s][debug][gc,phases   ] GC(20)     Code Root Scan (ms):      Min:  0.0, Avg:  0.0, Max:  0.0, Diff:  0.0, Sum:  0.0, Workers: 13
[59.501s][debug][gc,phases   ] GC(20)     Object Copy (ms):         Min:  3.1, Avg:  3.3, Max:  3.6, Diff:  0.5, Sum: 43.5, Workers: 13
[59.501s][debug][gc,phases   ] GC(20)     Termination (ms):         Min:  0.1, Avg:  0.1, Max:  0.1, Diff:  0.1, Sum:  1.4, Workers: 13
[59.501s][debug][gc,phases   ] GC(20)       Termination Attempts:     Min: 1, Avg:  1.1, Max: 2, Diff: 1, Sum: 14, Workers: 13
[59.501s][debug][gc,phases   ] GC(20)     GC Worker Other (ms):     Min:  0.0, Avg:  0.0, Max:  0.0, Diff:  0.0, Sum:  0.2, Workers: 13
[59.501s][debug][gc,phases   ] GC(20)     GC Worker Total (ms):     Min:  6.6, Avg:  6.7, Max:  6.7, Diff:  0.1, Sum: 86.7, Workers: 13
[59.501s][info ][gc,phases   ] GC(20)   Post Evacuate Collection Set: 0.4ms
[59.501s][debug][gc,phases   ] GC(20)     Code Roots Fixup: 0.0ms
[59.501s][debug][gc,phases   ] GC(20)     Clear Card Table: 0.1ms
[59.501s][debug][gc,phases   ] GC(20)     Reference Processing: 0.0ms
[59.501s][debug][gc,phases   ] GC(20)     Weak Processing: 0.0ms
[59.501s][debug][gc,phases   ] GC(20)       VM Weak                   Min:  0.0, Avg:  0.0, Max:  0.0, Diff:  0.0, Sum:  0.0, Workers: 2
[59.501s][debug][gc,phases   ] GC(20)         Dead                      Min: 0, Avg:  0.0, Max: 0, Diff: 0, Sum: 0, Workers: 2
[59.501s][debug][gc,phases   ] GC(20)         Total                     Min: 0, Avg: 28.5, Max: 57, Diff: 57, Sum: 57, Workers: 2
[59.501s][debug][gc,phases   ] GC(20)       ObjectSynchronizer Weak   Min:  0.0, Avg:  0.0, Max:  0.0, Diff:  0.0, Sum:  0.0, Workers: 2
[59.502s][debug][gc,phases   ] GC(20)         Dead                      Min: 0, Avg:  0.0, Max: 0, Diff: 0, Sum: 0, Workers: 2
[59.502s][debug][gc,phases   ] GC(20)         Total                     Min: 0, Avg:  4.5, Max: 9, Diff: 9, Sum: 9, Workers: 2
[59.502s][debug][gc,phases   ] GC(20)       JVMTI Tag Weak OopStorage Min:  0.0, Avg:  0.0, Max:  0.0, Diff:  0.0, Sum:  0.0, Workers: 2
[59.502s][debug][gc,phases   ] GC(20)         Dead                      Min: 0, Avg:  0.0, Max: 0, Diff: 0, Sum: 0, Workers: 2
[59.502s][debug][gc,phases   ] GC(20)         Total                     Min: 0, Avg:  0.0, Max: 0, Diff: 0, Sum: 0, Workers: 2
[59.502s][debug][gc,phases   ] GC(20)       StringTable Weak          Min:  0.0, Avg:  0.0, Max:  0.0, Diff:  0.0, Sum:  0.0, Workers: 2
[59.502s][debug][gc,phases   ] GC(20)         Dead                      Min: 0, Avg:  0.0, Max: 0, Diff: 0, Sum: 0, Workers: 2
[59.502s][debug][gc,phases   ] GC(20)         Total                     Min: 141, Avg: 326.5, Max: 512, Diff: 371, Sum: 653, Workers: 2
[59.502s][debug][gc,phases   ] GC(20)       ResolvedMethodTable Weak  Min:  0.0, Avg:  0.0, Max:  0.0, Diff:  0.0, Sum:  0.0, Workers: 2
[59.502s][debug][gc,phases   ] GC(20)         Dead                      Min: 0, Avg:  0.0, Max: 0, Diff: 0, Sum: 0, Workers: 2
[59.502s][debug][gc,phases   ] GC(20)         Total                     Min: 128, Avg: 140.5, Max: 153, Diff: 25, Sum: 281, Workers: 2
[59.502s][debug][gc,phases   ] GC(20)       JNI Weak                  Min:  0.0, Avg:  0.0, Max:  0.0, Diff:  0.0, Sum:  0.0, Workers: 2
[59.502s][debug][gc,phases   ] GC(20)         Dead                      Min: 0, Avg:  0.0, Max: 0, Diff: 0, Sum: 0, Workers: 2
[59.502s][debug][gc,phases   ] GC(20)         Total                     Min: 0, Avg:  0.0, Max: 0, Diff: 0, Sum: 0, Workers: 2
[59.502s][debug][gc,phases   ] GC(20)       Weak JFR Old Object Samples Min:  0.0, Avg:  0.0, Max:  0.0, Diff:  0.0, Sum:  0.0, Workers: 2
[59.502s][debug][gc,phases   ] GC(20)         Dead                      Min: 0, Avg:  0.0, Max: 0, Diff: 0, Sum: 0, Workers: 2
[59.502s][debug][gc,phases   ] GC(20)         Total                     Min: 0, Avg:  0.0, Max: 0, Diff: 0, Sum: 0, Workers: 2
[59.502s][debug][gc,phases   ] GC(20)     Merge Per-Thread State: 0.0ms
[59.502s][debug][gc,phases   ] GC(20)       Copied Bytes              Min: 1846968, Avg: 2184657.2, Max: 2584552, Diff: 737584, Sum: 28400544, Workers: 13
[59.502s][debug][gc,phases   ] GC(20)       LAB Waste                 Min: 336, Avg: 709.5, Max: 1608, Diff: 1272, Sum: 9224, Workers: 13
[59.502s][debug][gc,phases   ] GC(20)       LAB Undo Waste            Min: 0, Avg:  0.0, Max: 0, Diff: 0, Sum: 0, Workers: 13
[59.502s][debug][gc,phases   ] GC(20)     Code Roots Purge: 0.0ms
[59.502s][debug][gc,phases   ] GC(20)     Redirty Cards: 0.1ms
[59.502s][debug][gc,phases   ] GC(20)     DerivedPointerTable Update: 0.0ms
[59.502s][debug][gc,phases   ] GC(20)     Free Collection Set: 0.1ms
[59.502s][debug][gc,phases   ] GC(20)     Rebuild Free List: 0.0ms
[59.502s][debug][gc,phases   ] GC(20)     Humongous Reclaim: 0.0ms
[59.502s][debug][gc,phases   ] GC(20)     Start New Collection Set: 0.0ms
[59.502s][debug][gc,phases   ] GC(20)     Resize TLABs: 0.1ms
[59.502s][debug][gc,phases   ] GC(20)     Expand Heap After Collection: 0.0ms
[59.502s][info ][gc,phases   ] GC(20)   Other: 0.5ms
[59.502s][info ][gc,heap     ] GC(20) Eden regions: 89->0(89)
[59.502s][info ][gc,heap     ] GC(20) Survivor regions: 4->4(12)
[59.502s][info ][gc,heap     ] GC(20) Old regions: 9->9
[59.502s][info ][gc,heap     ] GC(20) Archive regions: 2->2
[59.502s][info ][gc,heap     ] GC(20) Humongous regions: 0->0
[59.502s][info ][gc,metaspace] GC(20) Metaspace: 1634K(1792K)->1634K(1792K) NonClass: 1515K(1600K)->1515K(1600K) Class: 118K(192K)->118K(192K)
[59.502s][info ][gc          ] GC(20) Pause Young (Normal) (G1 Evacuation Pause) 817M->106M(1248M) 8.560ms
[59.502s][info ][gc,cpu      ] GC(20) User=0.08s Sys=0.00s Real=0.00s
[62.947s][info ][gc,start    ] GC(21) Pause Young (Normal) (G1 Evacuation Pause)
[62.948s][info ][gc,task     ] GC(21) Using 13 workers of 13 for evacuation
[62.955s][info ][gc,phases   ] GC(21)   Pre Evacuate Collection Set: 0.4ms
[62.955s][debug][gc,phases   ] GC(21)     Prepare TLABs: 0.2ms
[62.955s][debug][gc,phases   ] GC(21)     Concatenate Dirty Card Logs: 0.1ms
[62.955s][debug][gc,phases   ] GC(21)     Choose Collection Set: 0.0ms
[62.955s][debug][gc,phases   ] GC(21)     Region Register: 0.1ms
[62.955s][debug][gc,phases   ] GC(21)     Prepare Heap Roots: 0.0ms
[62.955s][info ][gc,phases   ] GC(21)   Merge Heap Roots: 0.3ms
[62.955s][debug][gc,phases   ] GC(21)     Prepare Merge Heap Roots: 0.0ms
[62.955s][debug][gc,phases   ] GC(21)     Eager Reclaim (ms):       skipped
[62.955s][debug][gc,phases   ] GC(21)     Remembered Sets (ms):     Min:  0.0, Avg:  0.0, Max:  0.3, Diff:  0.3, Sum:  0.4, Workers: 13
[62.955s][debug][gc,phases   ] GC(21)       Merged Sparse:            Min: 0, Avg:  0.5, Max: 6, Diff: 6, Sum: 6, Workers: 13
[62.955s][debug][gc,phases   ] GC(21)       Merged Fine:              Min: 0, Avg:  0.9, Max: 7, Diff: 7, Sum: 12, Workers: 13
[62.955s][debug][gc,phases   ] GC(21)       Merged Coarse:            Min: 0, Avg:  0.0, Max: 0, Diff: 0, Sum: 0, Workers: 13
[62.955s][debug][gc,phases   ] GC(21)       Dirty Cards:              Min: 0, Avg: 1281.5, Max: 14377, Diff: 14377, Sum: 16659, Workers: 13
[62.955s][debug][gc,phases   ] GC(21)     Hot Card Cache (ms):      Min:  0.0, Avg:  0.0, Max:  0.0, Diff:  0.0, Sum:  0.0, Workers: 13
[62.955s][debug][gc,phases   ] GC(21)       Dirty Cards:              Min: 0, Avg: 78.8, Max: 544, Diff: 544, Sum: 1024, Workers: 13
[62.955s][debug][gc,phases   ] GC(21)       Skipped Cards:            Min: 0, Avg:  0.0, Max: 0, Diff: 0, Sum: 0, Workers: 13
[62.955s][debug][gc,phases   ] GC(21)     Log Buffers (ms):         Min:  0.0, Avg:  0.2, Max:  0.2, Diff:  0.2, Sum:  2.3, Workers: 13
[62.955s][debug][gc,phases   ] GC(21)       Dirty Cards:              Min: 0, Avg: 1405.3, Max: 2298, Diff: 2298, Sum: 18269, Workers: 13
[62.956s][debug][gc,phases   ] GC(21)       Skipped Cards:            Min: 0, Avg:  1.0, Max: 11, Diff: 11, Sum: 13, Workers: 13
[62.956s][info ][gc,phases   ] GC(21)   Evacuate Collection Set: 6.4ms
[62.956s][debug][gc,phases   ] GC(21)     Ext Root Scanning (ms):   Min:  0.3, Avg:  0.4, Max:  0.5, Diff:  0.2, Sum:  5.1, Workers: 13
[62.956s][debug][gc,phases   ] GC(21)     Scan Heap Roots (ms):     Min:  2.4, Avg:  2.6, Max:  2.9, Diff:  0.4, Sum: 34.1, Workers: 13
[62.956s][debug][gc,phases   ] GC(21)       Scanned Cards:            Min: 2360, Avg: 2764.2, Max: 3733, Diff: 1373, Sum: 35935, Workers: 13
[62.956s][debug][gc,phases   ] GC(21)       Scanned Blocks:           Min: 1571, Avg: 1903.8, Max: 2846, Diff: 1275, Sum: 24750, Workers: 13
[62.956s][debug][gc,phases   ] GC(21)       Claimed Chunks:           Min: 8, Avg: 10.6, Max: 17, Diff: 9, Sum: 138, Workers: 13
[62.956s][debug][gc,phases   ] GC(21)     Code Root Scan (ms):      Min:  0.0, Avg:  0.0, Max:  0.0, Diff:  0.0, Sum:  0.0, Workers: 13
[62.956s][debug][gc,phases   ] GC(21)     Object Copy (ms):         Min:  2.8, Avg:  3.1, Max:  3.3, Diff:  0.5, Sum: 40.7, Workers: 13
[62.956s][debug][gc,phases   ] GC(21)     Termination (ms):         Min:  0.1, Avg:  0.1, Max:  0.2, Diff:  0.1, Sum:  1.8, Workers: 13
[62.956s][debug][gc,phases   ] GC(21)       Termination Attempts:     Min: 1, Avg:  1.0, Max: 1, Diff: 0, Sum: 13, Workers: 13
[62.956s][debug][gc,phases   ] GC(21)     GC Worker Other (ms):     Min:  0.0, Avg:  0.0, Max:  0.0, Diff:  0.0, Sum:  0.2, Workers: 13
[62.956s][debug][gc,phases   ] GC(21)     GC Worker Total (ms):     Min:  6.3, Avg:  6.3, Max:  6.4, Diff:  0.1, Sum: 81.9, Workers: 13
[62.956s][info ][gc,phases   ] GC(21)   Post Evacuate Collection Set: 0.3ms
[62.956s][debug][gc,phases   ] GC(21)     Code Roots Fixup: 0.0ms
[62.956s][debug][gc,phases   ] GC(21)     Clear Card Table: 0.1ms
[62.956s][debug][gc,phases   ] GC(21)     Reference Processing: 0.0ms
[62.956s][debug][gc,phases   ] GC(21)     Weak Processing: 0.0ms
[62.956s][debug][gc,phases   ] GC(21)       VM Weak                   Min:  0.0, Avg:  0.0, Max:  0.0, Diff:  0.0, Sum:  0.0, Workers: 2
[62.956s][debug][gc,phases   ] GC(21)         Dead                      Min: 0, Avg:  0.0, Max: 0, Diff: 0, Sum: 0, Workers: 2
[62.956s][debug][gc,phases   ] GC(21)         Total                     Min: 0, Avg: 28.5, Max: 57, Diff: 57, Sum: 57, Workers: 2
[62.956s][debug][gc,phases   ] GC(21)       ObjectSynchronizer Weak   Min:  0.0, Avg:  0.0, Max:  0.0, Diff:  0.0, Sum:  0.0, Workers: 2
[62.956s][debug][gc,phases   ] GC(21)         Dead                      Min: 0, Avg:  0.0, Max: 0, Diff: 0, Sum: 0, Workers: 2
[62.956s][debug][gc,phases   ] GC(21)         Total                     Min: 0, Avg:  4.5, Max: 9, Diff: 9, Sum: 9, Workers: 2
[62.956s][debug][gc,phases   ] GC(21)       JVMTI Tag Weak OopStorage Min:  0.0, Avg:  0.0, Max:  0.0, Diff:  0.0, Sum:  0.0, Workers: 2
[62.956s][debug][gc,phases   ] GC(21)         Dead                      Min: 0, Avg:  0.0, Max: 0, Diff: 0, Sum: 0, Workers: 2
[62.956s][debug][gc,phases   ] GC(21)         Total                     Min: 0, Avg:  0.0, Max: 0, Diff: 0, Sum: 0, Workers: 2
[62.956s][debug][gc,phases   ] GC(21)       StringTable Weak          Min:  0.0, Avg:  0.0, Max:  0.0, Diff:  0.0, Sum:  0.0, Workers: 2
[62.956s][debug][gc,phases   ] GC(21)         Dead                      Min: 0, Avg:  0.0, Max: 0, Diff: 0, Sum: 0, Workers: 2
[62.956s][debug][gc,phases   ] GC(21)         Total                     Min: 0, Avg: 326.5, Max: 653, Diff: 653, Sum: 653, Workers: 2
[62.956s][debug][gc,phases   ] GC(21)       ResolvedMethodTable Weak  Min:  0.0, Avg:  0.0, Max:  0.0, Diff:  0.0, Sum:  0.0, Workers: 2
[62.956s][debug][gc,phases   ] GC(21)         Dead                      Min: 0, Avg:  0.0, Max: 0, Diff: 0, Sum: 0, Workers: 2
[62.956s][debug][gc,phases   ] GC(21)         Total                     Min: 0, Avg: 140.5, Max: 281, Diff: 281, Sum: 281, Workers: 2
[62.956s][debug][gc,phases   ] GC(21)       JNI Weak                  Min:  0.0, Avg:  0.0, Max:  0.0, Diff:  0.0, Sum:  0.0, Workers: 2
[62.956s][debug][gc,phases   ] GC(21)         Dead                      Min: 0, Avg:  0.0, Max: 0, Diff: 0, Sum: 0, Workers: 2
[62.956s][debug][gc,phases   ] GC(21)         Total                     Min: 0, Avg:  0.0, Max: 0, Diff: 0, Sum: 0, Workers: 2
[62.956s][debug][gc,phases   ] GC(21)       Weak JFR Old Object Samples Min:  0.0, Avg:  0.0, Max:  0.0, Diff:  0.0, Sum:  0.0, Workers: 2
[62.956s][debug][gc,phases   ] GC(21)         Dead                      Min: 0, Avg:  0.0, Max: 0, Diff: 0, Sum: 0, Workers: 2
[62.956s][debug][gc,phases   ] GC(21)         Total                     Min: 0, Avg:  0.0, Max: 0, Diff: 0, Sum: 0, Workers: 2
[62.956s][debug][gc,phases   ] GC(21)     Merge Per-Thread State: 0.0ms
[62.956s][debug][gc,phases   ] GC(21)       Copied Bytes              Min: 1879688, Avg: 2159781.5, Max: 2489656, Diff: 609968, Sum: 28077160, Workers: 13
[62.956s][debug][gc,phases   ] GC(21)       LAB Waste                 Min: 296, Avg: 839.4, Max: 1272, Diff: 976, Sum: 10912, Workers: 13
[62.956s][debug][gc,phases   ] GC(21)       LAB Undo Waste            Min: 0, Avg:  0.0, Max: 0, Diff: 0, Sum: 0, Workers: 13
[62.956s][debug][gc,phases   ] GC(21)     Code Roots Purge: 0.0ms
[62.956s][debug][gc,phases   ] GC(21)     Redirty Cards: 0.1ms
[62.956s][debug][gc,phases   ] GC(21)     DerivedPointerTable Update: 0.0ms
[62.956s][debug][gc,phases   ] GC(21)     Free Collection Set: 0.1ms
[62.956s][debug][gc,phases   ] GC(21)     Rebuild Free List: 0.0ms
[62.956s][debug][gc,phases   ] GC(21)     Humongous Reclaim: 0.0ms
[62.956s][debug][gc,phases   ] GC(21)     Start New Collection Set: 0.0ms
[62.956s][debug][gc,phases   ] GC(21)     Resize TLABs: 0.1ms
[62.956s][debug][gc,phases   ] GC(21)     Expand Heap After Collection: 0.0ms
[62.956s][info ][gc,phases   ] GC(21)   Other: 0.5ms
[62.956s][info ][gc,heap     ] GC(21) Eden regions: 89->0(89)
[62.956s][info ][gc,heap     ] GC(21) Survivor regions: 4->4(12)
[62.956s][info ][gc,heap     ] GC(21) Old regions: 9->9
[62.956s][info ][gc,heap     ] GC(21) Archive regions: 2->2
[62.956s][info ][gc,heap     ] GC(21) Humongous regions: 0->0
[62.956s][info ][gc,metaspace] GC(21) Metaspace: 1634K(1792K)->1634K(1792K) NonClass: 1515K(1600K)->1515K(1600K) Class: 118K(192K)->118K(192K)
[62.956s][info ][gc          ] GC(21) Pause Young (Normal) (G1 Evacuation Pause) 818M->105M(1248M) 8.720ms
[62.956s][info ][gc,cpu      ] GC(21) User=0.09s Sys=0.00s Real=0.01s
[66.392s][info ][gc,start    ] GC(22) Pause Young (Normal) (G1 Evacuation Pause)
[66.392s][info ][gc,task     ] GC(22) Using 13 workers of 13 for evacuation
[66.400s][info ][gc,phases   ] GC(22)   Pre Evacuate Collection Set: 0.4ms
[66.400s][debug][gc,phases   ] GC(22)     Prepare TLABs: 0.2ms
[66.400s][debug][gc,phases   ] GC(22)     Concatenate Dirty Card Logs: 0.1ms
[66.400s][debug][gc,phases   ] GC(22)     Choose Collection Set: 0.0ms
[66.400s][debug][gc,phases   ] GC(22)     Region Register: 0.1ms
[66.400s][debug][gc,phases   ] GC(22)     Prepare Heap Roots: 0.0ms
[66.400s][info ][gc,phases   ] GC(22)   Merge Heap Roots: 0.3ms
[66.400s][debug][gc,phases   ] GC(22)     Prepare Merge Heap Roots: 0.0ms
[66.400s][debug][gc,phases   ] GC(22)     Eager Reclaim (ms):       skipped
[66.400s][debug][gc,phases   ] GC(22)     Remembered Sets (ms):     Min:  0.0, Avg:  0.0, Max:  0.2, Diff:  0.2, Sum:  0.4, Workers: 13
[66.400s][debug][gc,phases   ] GC(22)       Merged Sparse:            Min: 0, Avg:  0.3, Max: 2, Diff: 2, Sum: 4, Workers: 13
[66.400s][debug][gc,phases   ] GC(22)       Merged Fine:              Min: 0, Avg:  0.6, Max: 4, Diff: 4, Sum: 8, Workers: 13
[66.400s][debug][gc,phases   ] GC(22)       Merged Coarse:            Min: 0, Avg:  0.0, Max: 0, Diff: 0, Sum: 0, Workers: 13
[66.400s][debug][gc,phases   ] GC(22)       Dirty Cards:              Min: 0, Avg: 1050.2, Max: 10265, Diff: 10265, Sum: 13652, Workers: 13
[66.400s][debug][gc,phases   ] GC(22)     Hot Card Cache (ms):      Min:  0.0, Avg:  0.0, Max:  0.0, Diff:  0.0, Sum:  0.0, Workers: 13
[66.400s][debug][gc,phases   ] GC(22)       Dirty Cards:              Min: 0, Avg: 78.8, Max: 320, Diff: 320, Sum: 1024, Workers: 13
[66.400s][debug][gc,phases   ] GC(22)       Skipped Cards:            Min: 0, Avg:  0.0, Max: 0, Diff: 0, Sum: 0, Workers: 13
[66.400s][debug][gc,phases   ] GC(22)     Log Buffers (ms):         Min:  0.0, Avg:  0.2, Max:  0.2, Diff:  0.2, Sum:  2.2, Workers: 13
[66.400s][debug][gc,phases   ] GC(22)       Dirty Cards:              Min: 0, Avg: 1626.8, Max: 3081, Diff: 3081, Sum: 21149, Workers: 13
[66.400s][debug][gc,phases   ] GC(22)       Skipped Cards:            Min: 0, Avg:  0.5, Max: 2, Diff: 2, Sum: 7, Workers: 13
[66.400s][info ][gc,phases   ] GC(22)   Evacuate Collection Set: 6.8ms
[66.400s][debug][gc,phases   ] GC(22)     Ext Root Scanning (ms):   Min:  0.4, Avg:  0.5, Max:  0.5, Diff:  0.1, Sum:  6.0, Workers: 13
[66.400s][debug][gc,phases   ] GC(22)     Scan Heap Roots (ms):     Min:  2.6, Avg:  2.7, Max:  2.9, Diff:  0.3, Sum: 35.6, Workers: 13
[66.400s][debug][gc,phases   ] GC(22)       Scanned Cards:            Min: 2390, Avg: 2755.5, Max: 3617, Diff: 1227, Sum: 35821, Workers: 13
[66.400s][debug][gc,phases   ] GC(22)       Scanned Blocks:           Min: 1685, Avg: 1901.3, Max: 2458, Diff: 773, Sum: 24717, Workers: 13
[66.400s][debug][gc,phases   ] GC(22)       Claimed Chunks:           Min: 8, Avg: 10.7, Max: 24, Diff: 16, Sum: 139, Workers: 13
[66.400s][debug][gc,phases   ] GC(22)     Code Root Scan (ms):      Min:  0.0, Avg:  0.0, Max:  0.0, Diff:  0.0, Sum:  0.0, Workers: 13
[66.400s][debug][gc,phases   ] GC(22)     Object Copy (ms):         Min:  3.2, Avg:  3.3, Max:  3.6, Diff:  0.4, Sum: 43.4, Workers: 13
[66.401s][debug][gc,phases   ] GC(22)     Termination (ms):         Min:  0.1, Avg:  0.1, Max:  0.2, Diff:  0.1, Sum:  1.9, Workers: 13
[66.401s][debug][gc,phases   ] GC(22)       Termination Attempts:     Min: 1, Avg:  1.0, Max: 1, Diff: 0, Sum: 13, Workers: 13
[66.401s][debug][gc,phases   ] GC(22)     GC Worker Other (ms):     Min:  0.0, Avg:  0.0, Max:  0.0, Diff:  0.0, Sum:  0.2, Workers: 13
[66.401s][debug][gc,phases   ] GC(22)     GC Worker Total (ms):     Min:  6.7, Avg:  6.7, Max:  6.8, Diff:  0.1, Sum: 87.1, Workers: 13
[66.401s][info ][gc,phases   ] GC(22)   Post Evacuate Collection Set: 0.4ms
[66.401s][debug][gc,phases   ] GC(22)     Code Roots Fixup: 0.0ms
[66.401s][debug][gc,phases   ] GC(22)     Clear Card Table: 0.1ms
[66.401s][debug][gc,phases   ] GC(22)     Reference Processing: 0.0ms
[66.401s][debug][gc,phases   ] GC(22)     Weak Processing: 0.0ms
[66.401s][debug][gc,phases   ] GC(22)       VM Weak                   Min:  0.0, Avg:  0.0, Max:  0.0, Diff:  0.0, Sum:  0.0, Workers: 2
[66.401s][debug][gc,phases   ] GC(22)         Dead                      Min: 0, Avg:  0.0, Max: 0, Diff: 0, Sum: 0, Workers: 2
[66.401s][debug][gc,phases   ] GC(22)         Total                     Min: 0, Avg: 28.5, Max: 57, Diff: 57, Sum: 57, Workers: 2
[66.401s][debug][gc,phases   ] GC(22)       ObjectSynchronizer Weak   Min:  0.0, Avg:  0.0, Max:  0.0, Diff:  0.0, Sum:  0.0, Workers: 2
[66.401s][debug][gc,phases   ] GC(22)         Dead                      Min: 0, Avg:  0.0, Max: 0, Diff: 0, Sum: 0, Workers: 2
[66.401s][debug][gc,phases   ] GC(22)         Total                     Min: 0, Avg:  4.5, Max: 9, Diff: 9, Sum: 9, Workers: 2
[66.401s][debug][gc,phases   ] GC(22)       JVMTI Tag Weak OopStorage Min:  0.0, Avg:  0.0, Max:  0.0, Diff:  0.0, Sum:  0.0, Workers: 2
[66.401s][debug][gc,phases   ] GC(22)         Dead                      Min: 0, Avg:  0.0, Max: 0, Diff: 0, Sum: 0, Workers: 2
[66.401s][debug][gc,phases   ] GC(22)         Total                     Min: 0, Avg:  0.0, Max: 0, Diff: 0, Sum: 0, Workers: 2
[66.401s][debug][gc,phases   ] GC(22)       StringTable Weak          Min:  0.0, Avg:  0.0, Max:  0.0, Diff:  0.0, Sum:  0.0, Workers: 2
[66.401s][debug][gc,phases   ] GC(22)         Dead                      Min: 0, Avg:  0.0, Max: 0, Diff: 0, Sum: 0, Workers: 2
[66.401s][debug][gc,phases   ] GC(22)         Total                     Min: 0, Avg: 326.5, Max: 653, Diff: 653, Sum: 653, Workers: 2
[66.401s][debug][gc,phases   ] GC(22)       ResolvedMethodTable Weak  Min:  0.0, Avg:  0.0, Max:  0.0, Diff:  0.0, Sum:  0.0, Workers: 2
[66.401s][debug][gc,phases   ] GC(22)         Dead                      Min: 0, Avg:  0.0, Max: 0, Diff: 0, Sum: 0, Workers: 2
[66.401s][debug][gc,phases   ] GC(22)         Total                     Min: 25, Avg: 140.5, Max: 256, Diff: 231, Sum: 281, Workers: 2
[66.401s][debug][gc,phases   ] GC(22)       JNI Weak                  Min:  0.0, Avg:  0.0, Max:  0.0, Diff:  0.0, Sum:  0.0, Workers: 2
[66.401s][debug][gc,phases   ] GC(22)         Dead                      Min: 0, Avg:  0.0, Max: 0, Diff: 0, Sum: 0, Workers: 2
[66.401s][debug][gc,phases   ] GC(22)         Total                     Min: 0, Avg:  0.0, Max: 0, Diff: 0, Sum: 0, Workers: 2
[66.401s][debug][gc,phases   ] GC(22)       Weak JFR Old Object Samples Min:  0.0, Avg:  0.0, Max:  0.0, Diff:  0.0, Sum:  0.0, Workers: 2
[66.401s][debug][gc,phases   ] GC(22)         Dead                      Min: 0, Avg:  0.0, Max: 0, Diff: 0, Sum: 0, Workers: 2
[66.401s][debug][gc,phases   ] GC(22)         Total                     Min: 0, Avg:  0.0, Max: 0, Diff: 0, Sum: 0, Workers: 2
[66.401s][debug][gc,phases   ] GC(22)     Merge Per-Thread State: 0.0ms
[66.401s][debug][gc,phases   ] GC(22)       Copied Bytes              Min: 1960784, Avg: 2149103.4, Max: 2675784, Diff: 715000, Sum: 27938344, Workers: 13
[66.401s][debug][gc,phases   ] GC(22)       LAB Waste                 Min: 336, Avg: 692.9, Max: 1000, Diff: 664, Sum: 9008, Workers: 13
[66.401s][debug][gc,phases   ] GC(22)       LAB Undo Waste            Min: 0, Avg:  0.0, Max: 0, Diff: 0, Sum: 0, Workers: 13
[66.401s][debug][gc,phases   ] GC(22)     Code Roots Purge: 0.0ms
[66.401s][debug][gc,phases   ] GC(22)     Redirty Cards: 0.1ms
[66.401s][debug][gc,phases   ] GC(22)     DerivedPointerTable Update: 0.1ms
[66.401s][debug][gc,phases   ] GC(22)     Free Collection Set: 0.1ms
[66.401s][debug][gc,phases   ] GC(22)     Rebuild Free List: 0.0ms
[66.401s][debug][gc,phases   ] GC(22)     Humongous Reclaim: 0.0ms
[66.401s][debug][gc,phases   ] GC(22)     Start New Collection Set: 0.0ms
[66.401s][debug][gc,phases   ] GC(22)     Resize TLABs: 0.1ms
[66.401s][debug][gc,phases   ] GC(22)     Expand Heap After Collection: 0.0ms
[66.401s][info ][gc,phases   ] GC(22)   Other: 0.5ms
[66.401s][info ][gc,heap     ] GC(22) Eden regions: 89->0(89)
[66.401s][info ][gc,heap     ] GC(22) Survivor regions: 4->4(12)
[66.401s][info ][gc,heap     ] GC(22) Old regions: 9->9
[66.401s][info ][gc,heap     ] GC(22) Archive regions: 2->2
[66.401s][info ][gc,heap     ] GC(22) Humongous regions: 0->0
[66.401s][info ][gc,metaspace] GC(22) Metaspace: 1634K(1792K)->1634K(1792K) NonClass: 1515K(1600K)->1515K(1600K) Class: 118K(192K)->118K(192K)
[66.401s][info ][gc          ] GC(22) Pause Young (Normal) (G1 Evacuation Pause) 817M->106M(1248M) 9.075ms
[66.401s][info ][gc,cpu      ] GC(22) User=0.09s Sys=0.00s Real=0.01s
[69.903s][info ][gc,start    ] GC(23) Pause Young (Normal) (G1 Evacuation Pause)
[69.903s][info ][gc,task     ] GC(23) Using 13 workers of 13 for evacuation
[69.911s][info ][gc,phases   ] GC(23)   Pre Evacuate Collection Set: 0.3ms
[69.911s][debug][gc,phases   ] GC(23)     Prepare TLABs: 0.1ms
[69.911s][debug][gc,phases   ] GC(23)     Concatenate Dirty Card Logs: 0.1ms
[69.911s][debug][gc,phases   ] GC(23)     Choose Collection Set: 0.0ms
[69.911s][debug][gc,phases   ] GC(23)     Region Register: 0.1ms
[69.911s][debug][gc,phases   ] GC(23)     Prepare Heap Roots: 0.0ms
[69.911s][info ][gc,phases   ] GC(23)   Merge Heap Roots: 0.2ms
[69.911s][debug][gc,phases   ] GC(23)     Prepare Merge Heap Roots: 0.0ms
[69.911s][debug][gc,phases   ] GC(23)     Eager Reclaim (ms):       skipped
[69.911s][debug][gc,phases   ] GC(23)     Remembered Sets (ms):     Min:  0.0, Avg:  0.0, Max:  0.1, Diff:  0.1, Sum:  0.3, Workers: 13
[69.911s][debug][gc,phases   ] GC(23)       Merged Sparse:            Min: 0, Avg:  0.4, Max: 2, Diff: 2, Sum: 5, Workers: 13
[69.911s][debug][gc,phases   ] GC(23)       Merged Fine:              Min: 0, Avg:  0.9, Max: 7, Diff: 7, Sum: 12, Workers: 13
[69.911s][debug][gc,phases   ] GC(23)       Merged Coarse:            Min: 0, Avg:  0.0, Max: 0, Diff: 0, Sum: 0, Workers: 13
[69.911s][debug][gc,phases   ] GC(23)       Dirty Cards:              Min: 0, Avg: 968.9, Max: 8339, Diff: 8339, Sum: 12596, Workers: 13
[69.911s][debug][gc,phases   ] GC(23)     Hot Card Cache (ms):      Min:  0.0, Avg:  0.0, Max:  0.0, Diff:  0.0, Sum:  0.0, Workers: 13
[69.911s][debug][gc,phases   ] GC(23)       Dirty Cards:              Min: 0, Avg: 78.8, Max: 352, Diff: 352, Sum: 1024, Workers: 13
[69.911s][debug][gc,phases   ] GC(23)       Skipped Cards:            Min: 0, Avg:  0.0, Max: 0, Diff: 0, Sum: 0, Workers: 13
[69.911s][debug][gc,phases   ] GC(23)     Log Buffers (ms):         Min:  0.1, Avg:  0.1, Max:  0.1, Diff:  0.1, Sum:  1.6, Workers: 13
[69.911s][debug][gc,phases   ] GC(23)       Dirty Cards:              Min: 54, Avg: 1662.8, Max: 2491, Diff: 2437, Sum: 21617, Workers: 13
[69.911s][debug][gc,phases   ] GC(23)       Skipped Cards:            Min: 0, Avg:  0.0, Max: 0, Diff: 0, Sum: 0, Workers: 13
[69.911s][info ][gc,phases   ] GC(23)   Evacuate Collection Set: 7.1ms
[69.911s][debug][gc,phases   ] GC(23)     Ext Root Scanning (ms):   Min:  0.4, Avg:  0.5, Max:  0.6, Diff:  0.3, Sum:  6.4, Workers: 13
[69.911s][debug][gc,phases   ] GC(23)     Scan Heap Roots (ms):     Min:  2.6, Avg:  2.8, Max:  2.9, Diff:  0.4, Sum: 35.8, Workers: 13
[69.911s][debug][gc,phases   ] GC(23)       Scanned Cards:            Min: 2367, Avg: 2710.3, Max: 3113, Diff: 746, Sum: 35234, Workers: 13
[69.911s][debug][gc,phases   ] GC(23)       Scanned Blocks:           Min: 1603, Avg: 1879.9, Max: 2150, Diff: 547, Sum: 24439, Workers: 13
[69.911s][debug][gc,phases   ] GC(23)       Claimed Chunks:           Min: 8, Avg: 10.7, Max: 17, Diff: 9, Sum: 139, Workers: 13
[69.911s][debug][gc,phases   ] GC(23)     Code Root Scan (ms):      Min:  0.0, Avg:  0.0, Max:  0.0, Diff:  0.0, Sum:  0.0, Workers: 13
[69.911s][debug][gc,phases   ] GC(23)     Object Copy (ms):         Min:  3.4, Avg:  3.6, Max:  3.8, Diff:  0.4, Sum: 47.0, Workers: 13
[69.911s][debug][gc,phases   ] GC(23)     Termination (ms):         Min:  0.1, Avg:  0.1, Max:  0.1, Diff:  0.0, Sum:  1.6, Workers: 13
[69.911s][debug][gc,phases   ] GC(23)       Termination Attempts:     Min: 1, Avg:  1.0, Max: 1, Diff: 0, Sum: 13, Workers: 13
[69.911s][debug][gc,phases   ] GC(23)     GC Worker Other (ms):     Min:  0.0, Avg:  0.0, Max:  0.0, Diff:  0.0, Sum:  0.1, Workers: 13
[69.911s][debug][gc,phases   ] GC(23)     GC Worker Total (ms):     Min:  6.9, Avg:  7.0, Max:  7.0, Diff:  0.1, Sum: 90.9, Workers: 13
[69.911s][info ][gc,phases   ] GC(23)   Post Evacuate Collection Set: 0.4ms
[69.911s][debug][gc,phases   ] GC(23)     Code Roots Fixup: 0.0ms
[69.911s][debug][gc,phases   ] GC(23)     Clear Card Table: 0.1ms
[69.912s][debug][gc,phases   ] GC(23)     Reference Processing: 0.0ms
[69.912s][debug][gc,phases   ] GC(23)     Weak Processing: 0.0ms
[69.912s][debug][gc,phases   ] GC(23)       VM Weak                   Min:  0.0, Avg:  0.0, Max:  0.0, Diff:  0.0, Sum:  0.0, Workers: 2
[69.912s][debug][gc,phases   ] GC(23)         Dead                      Min: 0, Avg:  0.0, Max: 0, Diff: 0, Sum: 0, Workers: 2
[69.912s][debug][gc,phases   ] GC(23)         Total                     Min: 0, Avg: 28.5, Max: 57, Diff: 57, Sum: 57, Workers: 2
[69.912s][debug][gc,phases   ] GC(23)       ObjectSynchronizer Weak   Min:  0.0, Avg:  0.0, Max:  0.0, Diff:  0.0, Sum:  0.0, Workers: 2
[69.912s][debug][gc,phases   ] GC(23)         Dead                      Min: 0, Avg:  0.0, Max: 0, Diff: 0, Sum: 0, Workers: 2
[69.912s][debug][gc,phases   ] GC(23)         Total                     Min: 0, Avg:  4.5, Max: 9, Diff: 9, Sum: 9, Workers: 2
[69.912s][debug][gc,phases   ] GC(23)       JVMTI Tag Weak OopStorage Min:  0.0, Avg:  0.0, Max:  0.0, Diff:  0.0, Sum:  0.0, Workers: 2
[69.912s][debug][gc,phases   ] GC(23)         Dead                      Min: 0, Avg:  0.0, Max: 0, Diff: 0, Sum: 0, Workers: 2
[69.912s][debug][gc,phases   ] GC(23)         Total                     Min: 0, Avg:  0.0, Max: 0, Diff: 0, Sum: 0, Workers: 2
[69.912s][debug][gc,phases   ] GC(23)       StringTable Weak          Min:  0.0, Avg:  0.0, Max:  0.0, Diff:  0.0, Sum:  0.0, Workers: 2
[69.912s][debug][gc,phases   ] GC(23)         Dead                      Min: 0, Avg:  0.0, Max: 0, Diff: 0, Sum: 0, Workers: 2
[69.912s][debug][gc,phases   ] GC(23)         Total                     Min: 0, Avg: 326.5, Max: 653, Diff: 653, Sum: 653, Workers: 2
[69.912s][debug][gc,phases   ] GC(23)       ResolvedMethodTable Weak  Min:  0.0, Avg:  0.0, Max:  0.0, Diff:  0.0, Sum:  0.0, Workers: 2
[69.912s][debug][gc,phases   ] GC(23)         Dead                      Min: 0, Avg:  0.0, Max: 0, Diff: 0, Sum: 0, Workers: 2
[69.912s][debug][gc,phases   ] GC(23)         Total                     Min: 0, Avg: 140.5, Max: 281, Diff: 281, Sum: 281, Workers: 2
[69.912s][debug][gc,phases   ] GC(23)       JNI Weak                  Min:  0.0, Avg:  0.0, Max:  0.0, Diff:  0.0, Sum:  0.0, Workers: 2
[69.912s][debug][gc,phases   ] GC(23)         Dead                      Min: 0, Avg:  0.0, Max: 0, Diff: 0, Sum: 0, Workers: 2
[69.912s][debug][gc,phases   ] GC(23)         Total                     Min: 0, Avg:  0.0, Max: 0, Diff: 0, Sum: 0, Workers: 2
[69.912s][debug][gc,phases   ] GC(23)       Weak JFR Old Object Samples Min:  0.0, Avg:  0.0, Max:  0.0, Diff:  0.0, Sum:  0.0, Workers: 2
[69.912s][debug][gc,phases   ] GC(23)         Dead                      Min: 0, Avg:  0.0, Max: 0, Diff: 0, Sum: 0, Workers: 2
[69.912s][debug][gc,phases   ] GC(23)         Total                     Min: 0, Avg:  0.0, Max: 0, Diff: 0, Sum: 0, Workers: 2
[69.912s][debug][gc,phases   ] GC(23)     Merge Per-Thread State: 0.0ms
[69.912s][debug][gc,phases   ] GC(23)       Copied Bytes              Min: 1850848, Avg: 2157597.5, Max: 2693896, Diff: 843048, Sum: 28048768, Workers: 13
[69.912s][debug][gc,phases   ] GC(23)       LAB Waste                 Min: 208, Avg: 697.8, Max: 1192, Diff: 984, Sum: 9072, Workers: 13
[69.912s][debug][gc,phases   ] GC(23)       LAB Undo Waste            Min: 0, Avg:  0.0, Max: 0, Diff: 0, Sum: 0, Workers: 13
[69.912s][debug][gc,phases   ] GC(23)     Code Roots Purge: 0.0ms
[69.912s][debug][gc,phases   ] GC(23)     Redirty Cards: 0.1ms
[69.912s][debug][gc,phases   ] GC(23)     DerivedPointerTable Update: 0.1ms
[69.912s][debug][gc,phases   ] GC(23)     Free Collection Set: 0.1ms
[69.912s][debug][gc,phases   ] GC(23)     Rebuild Free List: 0.0ms
[69.912s][debug][gc,phases   ] GC(23)     Humongous Reclaim: 0.0ms
[69.912s][debug][gc,phases   ] GC(23)     Start New Collection Set: 0.0ms
[69.912s][debug][gc,phases   ] GC(23)     Resize TLABs: 0.1ms
[69.912s][debug][gc,phases   ] GC(23)     Expand Heap After Collection: 0.0ms
[69.912s][info ][gc,phases   ] GC(23)   Other: 0.5ms
[69.912s][info ][gc,heap     ] GC(23) Eden regions: 89->0(89)
[69.912s][info ][gc,heap     ] GC(23) Survivor regions: 4->4(12)
[69.912s][info ][gc,heap     ] GC(23) Old regions: 9->9
[69.912s][info ][gc,heap     ] GC(23) Archive regions: 2->2
[69.912s][info ][gc,heap     ] GC(23) Humongous regions: 0->0
[69.912s][info ][gc,metaspace] GC(23) Metaspace: 1634K(1792K)->1634K(1792K) NonClass: 1515K(1600K)->1515K(1600K) Class: 118K(192K)->118K(192K)
[69.912s][info ][gc          ] GC(23) Pause Young (Normal) (G1 Evacuation Pause) 818M->106M(1248M) 9.122ms
[69.912s][info ][gc,cpu      ] GC(23) User=0.09s Sys=0.01s Real=0.00s
[73.364s][info ][gc,start    ] GC(24) Pause Young (Normal) (G1 Evacuation Pause)
[73.364s][info ][gc,task     ] GC(24) Using 13 workers of 13 for evacuation
[73.372s][info ][gc,phases   ] GC(24)   Pre Evacuate Collection Set: 0.4ms
[73.372s][debug][gc,phases   ] GC(24)     Prepare TLABs: 0.2ms
[73.372s][debug][gc,phases   ] GC(24)     Concatenate Dirty Card Logs: 0.1ms
[73.372s][debug][gc,phases   ] GC(24)     Choose Collection Set: 0.0ms
[73.372s][debug][gc,phases   ] GC(24)     Region Register: 0.1ms
[73.372s][debug][gc,phases   ] GC(24)     Prepare Heap Roots: 0.0ms
[73.372s][info ][gc,phases   ] GC(24)   Merge Heap Roots: 0.3ms
[73.372s][debug][gc,phases   ] GC(24)     Prepare Merge Heap Roots: 0.0ms
[73.372s][debug][gc,phases   ] GC(24)     Eager Reclaim (ms):       skipped
[73.372s][debug][gc,phases   ] GC(24)     Remembered Sets (ms):     Min:  0.0, Avg:  0.0, Max:  0.2, Diff:  0.2, Sum:  0.3, Workers: 13
[73.372s][debug][gc,phases   ] GC(24)       Merged Sparse:            Min: 0, Avg:  0.3, Max: 2, Diff: 2, Sum: 4, Workers: 13
[73.372s][debug][gc,phases   ] GC(24)       Merged Fine:              Min: 0, Avg:  0.4, Max: 4, Diff: 4, Sum: 5, Workers: 13
[73.372s][debug][gc,phases   ] GC(24)       Merged Coarse:            Min: 0, Avg:  0.0, Max: 0, Diff: 0, Sum: 0, Workers: 13
[73.372s][debug][gc,phases   ] GC(24)       Dirty Cards:              Min: 0, Avg: 759.2, Max: 9486, Diff: 9486, Sum: 9870, Workers: 13
[73.372s][debug][gc,phases   ] GC(24)     Hot Card Cache (ms):      Min:  0.0, Avg:  0.0, Max:  0.0, Diff:  0.0, Sum:  0.0, Workers: 13
[73.372s][debug][gc,phases   ] GC(24)       Dirty Cards:              Min: 0, Avg: 78.8, Max: 352, Diff: 352, Sum: 1024, Workers: 13
[73.372s][debug][gc,phases   ] GC(24)       Skipped Cards:            Min: 0, Avg:  0.0, Max: 0, Diff: 0, Sum: 0, Workers: 13
[73.372s][debug][gc,phases   ] GC(24)     Log Buffers (ms):         Min:  0.1, Avg:  0.2, Max:  0.2, Diff:  0.2, Sum:  2.2, Workers: 13
[73.372s][debug][gc,phases   ] GC(24)       Dirty Cards:              Min: 56, Avg: 1808.4, Max: 3049, Diff: 2993, Sum: 23509, Workers: 13
[73.372s][debug][gc,phases   ] GC(24)       Skipped Cards:            Min: 0, Avg:  0.4, Max: 2, Diff: 2, Sum: 5, Workers: 13
[73.372s][info ][gc,phases   ] GC(24)   Evacuate Collection Set: 6.7ms
[73.372s][debug][gc,phases   ] GC(24)     Ext Root Scanning (ms):   Min:  0.4, Avg:  0.5, Max:  0.6, Diff:  0.2, Sum:  6.4, Workers: 13
[73.372s][debug][gc,phases   ] GC(24)     Scan Heap Roots (ms):     Min:  2.4, Avg:  2.6, Max:  2.8, Diff:  0.4, Sum: 33.4, Workers: 13
[73.372s][debug][gc,phases   ] GC(24)       Scanned Cards:            Min: 2127, Avg: 2645.8, Max: 3006, Diff: 879, Sum: 34396, Workers: 13
[73.372s][debug][gc,phases   ] GC(24)       Scanned Blocks:           Min: 1609, Avg: 1856.2, Max: 2140, Diff: 531, Sum: 24131, Workers: 13
[73.372s][debug][gc,phases   ] GC(24)       Claimed Chunks:           Min: 8, Avg: 10.7, Max: 21, Diff: 13, Sum: 139, Workers: 13
[73.372s][debug][gc,phases   ] GC(24)     Code Root Scan (ms):      Min:  0.0, Avg:  0.0, Max:  0.0, Diff:  0.0, Sum:  0.0, Workers: 13
[73.372s][debug][gc,phases   ] GC(24)     Object Copy (ms):         Min:  3.2, Avg:  3.3, Max:  3.5, Diff:  0.4, Sum: 43.1, Workers: 13
[73.372s][debug][gc,phases   ] GC(24)     Termination (ms):         Min:  0.1, Avg:  0.2, Max:  0.2, Diff:  0.1, Sum:  2.7, Workers: 13
[73.372s][debug][gc,phases   ] GC(24)       Termination Attempts:     Min: 1, Avg:  2.0, Max: 3, Diff: 2, Sum: 26, Workers: 13
[73.372s][debug][gc,phases   ] GC(24)     GC Worker Other (ms):     Min:  0.0, Avg:  0.0, Max:  0.0, Diff:  0.0, Sum:  0.2, Workers: 13
[73.372s][debug][gc,phases   ] GC(24)     GC Worker Total (ms):     Min:  6.6, Avg:  6.6, Max:  6.6, Diff:  0.1, Sum: 85.8, Workers: 13
[73.372s][info ][gc,phases   ] GC(24)   Post Evacuate Collection Set: 0.4ms
[73.372s][debug][gc,phases   ] GC(24)     Code Roots Fixup: 0.0ms
[73.372s][debug][gc,phases   ] GC(24)     Clear Card Table: 0.1ms
[73.372s][debug][gc,phases   ] GC(24)     Reference Processing: 0.0ms
[73.372s][debug][gc,phases   ] GC(24)     Weak Processing: 0.0ms
[73.372s][debug][gc,phases   ] GC(24)       VM Weak                   Min:  0.0, Avg:  0.0, Max:  0.0, Diff:  0.0, Sum:  0.0, Workers: 2
[73.372s][debug][gc,phases   ] GC(24)         Dead                      Min: 0, Avg:  0.0, Max: 0, Diff: 0, Sum: 0, Workers: 2
[73.372s][debug][gc,phases   ] GC(24)         Total                     Min: 0, Avg: 28.5, Max: 57, Diff: 57, Sum: 57, Workers: 2
[73.372s][debug][gc,phases   ] GC(24)       ObjectSynchronizer Weak   Min:  0.0, Avg:  0.0, Max:  0.0, Diff:  0.0, Sum:  0.0, Workers: 2
[73.372s][debug][gc,phases   ] GC(24)         Dead                      Min: 0, Avg:  0.0, Max: 0, Diff: 0, Sum: 0, Workers: 2
[73.372s][debug][gc,phases   ] GC(24)         Total                     Min: 0, Avg:  4.5, Max: 9, Diff: 9, Sum: 9, Workers: 2
[73.372s][debug][gc,phases   ] GC(24)       JVMTI Tag Weak OopStorage Min:  0.0, Avg:  0.0, Max:  0.0, Diff:  0.0, Sum:  0.0, Workers: 2
[73.372s][debug][gc,phases   ] GC(24)         Dead                      Min: 0, Avg:  0.0, Max: 0, Diff: 0, Sum: 0, Workers: 2
[73.372s][debug][gc,phases   ] GC(24)         Total                     Min: 0, Avg:  0.0, Max: 0, Diff: 0, Sum: 0, Workers: 2
[73.372s][debug][gc,phases   ] GC(24)       StringTable Weak          Min:  0.0, Avg:  0.0, Max:  0.0, Diff:  0.0, Sum:  0.0, Workers: 2
[73.372s][debug][gc,phases   ] GC(24)         Dead                      Min: 0, Avg:  0.0, Max: 0, Diff: 0, Sum: 0, Workers: 2
[73.372s][debug][gc,phases   ] GC(24)         Total                     Min: 0, Avg: 326.5, Max: 653, Diff: 653, Sum: 653, Workers: 2
[73.372s][debug][gc,phases   ] GC(24)       ResolvedMethodTable Weak  Min:  0.0, Avg:  0.0, Max:  0.0, Diff:  0.0, Sum:  0.0, Workers: 2
[73.372s][debug][gc,phases   ] GC(24)         Dead                      Min: 0, Avg:  0.0, Max: 0, Diff: 0, Sum: 0, Workers: 2
[73.372s][debug][gc,phases   ] GC(24)         Total                     Min: 0, Avg: 140.5, Max: 281, Diff: 281, Sum: 281, Workers: 2
[73.372s][debug][gc,phases   ] GC(24)       JNI Weak                  Min:  0.0, Avg:  0.0, Max:  0.0, Diff:  0.0, Sum:  0.0, Workers: 2
[73.372s][debug][gc,phases   ] GC(24)         Dead                      Min: 0, Avg:  0.0, Max: 0, Diff: 0, Sum: 0, Workers: 2
[73.372s][debug][gc,phases   ] GC(24)         Total                     Min: 0, Avg:  0.0, Max: 0, Diff: 0, Sum: 0, Workers: 2
[73.372s][debug][gc,phases   ] GC(24)       Weak JFR Old Object Samples Min:  0.0, Avg:  0.0, Max:  0.0, Diff:  0.0, Sum:  0.0, Workers: 2
[73.372s][debug][gc,phases   ] GC(24)         Dead                      Min: 0, Avg:  0.0, Max: 0, Diff: 0, Sum: 0, Workers: 2
[73.372s][debug][gc,phases   ] GC(24)         Total                     Min: 0, Avg:  0.0, Max: 0, Diff: 0, Sum: 0, Workers: 2
[73.372s][debug][gc,phases   ] GC(24)     Merge Per-Thread State: 0.0ms
[73.372s][debug][gc,phases   ] GC(24)       Copied Bytes              Min: 1953504, Avg: 2162498.5, Max: 2746480, Diff: 792976, Sum: 28112480, Workers: 13
[73.372s][debug][gc,phases   ] GC(24)       LAB Waste                 Min: 640, Avg: 895.4, Max: 1304, Diff: 664, Sum: 11640, Workers: 13
[73.372s][debug][gc,phases   ] GC(24)       LAB Undo Waste            Min: 0, Avg:  0.0, Max: 0, Diff: 0, Sum: 0, Workers: 13
[73.373s][debug][gc,phases   ] GC(24)     Code Roots Purge: 0.0ms
[73.373s][debug][gc,phases   ] GC(24)     Redirty Cards: 0.1ms
[73.373s][debug][gc,phases   ] GC(24)     DerivedPointerTable Update: 0.1ms
[73.373s][debug][gc,phases   ] GC(24)     Free Collection Set: 0.1ms
[73.373s][debug][gc,phases   ] GC(24)     Rebuild Free List: 0.0ms
[73.373s][debug][gc,phases   ] GC(24)     Humongous Reclaim: 0.0ms
[73.373s][debug][gc,phases   ] GC(24)     Start New Collection Set: 0.0ms
[73.373s][debug][gc,phases   ] GC(24)     Resize TLABs: 0.1ms
[73.373s][debug][gc,phases   ] GC(24)     Expand Heap After Collection: 0.0ms
[73.373s][info ][gc,phases   ] GC(24)   Other: 0.5ms
[73.373s][info ][gc,heap     ] GC(24) Eden regions: 89->0(89)
[73.373s][info ][gc,heap     ] GC(24) Survivor regions: 4->4(12)
[73.373s][info ][gc,heap     ] GC(24) Old regions: 9->9
[73.373s][info ][gc,heap     ] GC(24) Archive regions: 2->2
[73.373s][info ][gc,heap     ] GC(24) Humongous regions: 0->0
[73.373s][info ][gc,metaspace] GC(24) Metaspace: 1634K(1792K)->1634K(1792K) NonClass: 1515K(1600K)->1515K(1600K) Class: 118K(192K)->118K(192K)
[73.373s][info ][gc          ] GC(24) Pause Young (Normal) (G1 Evacuation Pause) 818M->106M(1248M) 8.729ms
[73.373s][info ][gc,cpu      ] GC(24) User=0.09s Sys=0.00s Real=0.01s
[76.842s][info ][gc,start    ] GC(25) Pause Young (Normal) (G1 Evacuation Pause)
[76.842s][info ][gc,task     ] GC(25) Using 13 workers of 13 for evacuation
[76.850s][info ][gc,phases   ] GC(25)   Pre Evacuate Collection Set: 0.4ms
[76.850s][debug][gc,phases   ] GC(25)     Prepare TLABs: 0.2ms
[76.850s][debug][gc,phases   ] GC(25)     Concatenate Dirty Card Logs: 0.1ms
[76.850s][debug][gc,phases   ] GC(25)     Choose Collection Set: 0.0ms
[76.850s][debug][gc,phases   ] GC(25)     Region Register: 0.1ms
[76.850s][debug][gc,phases   ] GC(25)     Prepare Heap Roots: 0.0ms
[76.850s][info ][gc,phases   ] GC(25)   Merge Heap Roots: 0.3ms
[76.850s][debug][gc,phases   ] GC(25)     Prepare Merge Heap Roots: 0.0ms
[76.850s][debug][gc,phases   ] GC(25)     Eager Reclaim (ms):       skipped
[76.850s][debug][gc,phases   ] GC(25)     Remembered Sets (ms):     Min:  0.0, Avg:  0.0, Max:  0.1, Diff:  0.1, Sum:  0.2, Workers: 13
[76.850s][debug][gc,phases   ] GC(25)       Merged Sparse:            Min: 0, Avg:  0.3, Max: 2, Diff: 2, Sum: 4, Workers: 13
[76.850s][debug][gc,phases   ] GC(25)       Merged Fine:              Min: 0, Avg:  0.7, Max: 4, Diff: 4, Sum: 9, Workers: 13
[76.850s][debug][gc,phases   ] GC(25)       Merged Coarse:            Min: 0, Avg:  0.0, Max: 0, Diff: 0, Sum: 0, Workers: 13
[76.850s][debug][gc,phases   ] GC(25)       Dirty Cards:              Min: 0, Avg: 423.3, Max: 4541, Diff: 4541, Sum: 5503, Workers: 13
[76.850s][debug][gc,phases   ] GC(25)     Hot Card Cache (ms):      Min:  0.0, Avg:  0.0, Max:  0.0, Diff:  0.0, Sum:  0.0, Workers: 13
[76.850s][debug][gc,phases   ] GC(25)       Dirty Cards:              Min: 0, Avg: 78.8, Max: 416, Diff: 416, Sum: 1024, Workers: 13
[76.850s][debug][gc,phases   ] GC(25)       Skipped Cards:            Min: 0, Avg:  0.0, Max: 0, Diff: 0, Sum: 0, Workers: 13
[76.850s][debug][gc,phases   ] GC(25)     Log Buffers (ms):         Min:  0.2, Avg:  0.2, Max:  0.2, Diff:  0.1, Sum:  2.4, Workers: 13
[76.850s][debug][gc,phases   ] GC(25)       Dirty Cards:              Min: 822, Avg: 2086.4, Max: 3135, Diff: 2313, Sum: 27123, Workers: 13
[76.850s][debug][gc,phases   ] GC(25)       Skipped Cards:            Min: 0, Avg:  0.0, Max: 0, Diff: 0, Sum: 0, Workers: 13
[76.850s][info ][gc,phases   ] GC(25)   Evacuate Collection Set: 6.6ms
[76.850s][debug][gc,phases   ] GC(25)     Ext Root Scanning (ms):   Min:  0.3, Avg:  0.4, Max:  0.5, Diff:  0.2, Sum:  5.7, Workers: 13
[76.850s][debug][gc,phases   ] GC(25)     Scan Heap Roots (ms):     Min:  2.4, Avg:  2.6, Max:  2.8, Diff:  0.4, Sum: 34.2, Workers: 13
[76.850s][debug][gc,phases   ] GC(25)       Scanned Cards:            Min: 2124, Avg: 2585.5, Max: 3394, Diff: 1270, Sum: 33612, Workers: 13
[76.850s][debug][gc,phases   ] GC(25)       Scanned Blocks:           Min: 1619, Avg: 1833.2, Max: 2385, Diff: 766, Sum: 23832, Workers: 13
[76.850s][debug][gc,phases   ] GC(25)       Claimed Chunks:           Min: 8, Avg: 10.7, Max: 15, Diff: 7, Sum: 139, Workers: 13
[76.850s][debug][gc,phases   ] GC(25)     Code Root Scan (ms):      Min:  0.0, Avg:  0.0, Max:  0.0, Diff:  0.0, Sum:  0.0, Workers: 13
[76.850s][debug][gc,phases   ] GC(25)     Object Copy (ms):         Min:  3.1, Avg:  3.3, Max:  3.5, Diff:  0.4, Sum: 42.8, Workers: 13
[76.850s][debug][gc,phases   ] GC(25)     Termination (ms):         Min:  0.1, Avg:  0.1, Max:  0.1, Diff:  0.0, Sum:  1.7, Workers: 13
[76.850s][debug][gc,phases   ] GC(25)       Termination Attempts:     Min: 1, Avg:  1.0, Max: 1, Diff: 0, Sum: 13, Workers: 13
[76.850s][debug][gc,phases   ] GC(25)     GC Worker Other (ms):     Min:  0.0, Avg:  0.0, Max:  0.0, Diff:  0.0, Sum:  0.2, Workers: 13
[76.850s][debug][gc,phases   ] GC(25)     GC Worker Total (ms):     Min:  6.5, Avg:  6.5, Max:  6.5, Diff:  0.1, Sum: 84.5, Workers: 13
[76.850s][info ][gc,phases   ] GC(25)   Post Evacuate Collection Set: 0.3ms
[76.850s][debug][gc,phases   ] GC(25)     Code Roots Fixup: 0.0ms
[76.850s][debug][gc,phases   ] GC(25)     Clear Card Table: 0.1ms
[76.850s][debug][gc,phases   ] GC(25)     Reference Processing: 0.0ms
[76.850s][debug][gc,phases   ] GC(25)     Weak Processing: 0.0ms
[76.850s][debug][gc,phases   ] GC(25)       VM Weak                   Min:  0.0, Avg:  0.0, Max:  0.0, Diff:  0.0, Sum:  0.0, Workers: 2
[76.850s][debug][gc,phases   ] GC(25)         Dead                      Min: 0, Avg:  0.0, Max: 0, Diff: 0, Sum: 0, Workers: 2
[76.851s][debug][gc,phases   ] GC(25)         Total                     Min: 0, Avg: 28.5, Max: 57, Diff: 57, Sum: 57, Workers: 2
[76.851s][debug][gc,phases   ] GC(25)       ObjectSynchronizer Weak   Min:  0.0, Avg:  0.0, Max:  0.0, Diff:  0.0, Sum:  0.0, Workers: 2
[76.851s][debug][gc,phases   ] GC(25)         Dead                      Min: 0, Avg:  0.0, Max: 0, Diff: 0, Sum: 0, Workers: 2
[76.851s][debug][gc,phases   ] GC(25)         Total                     Min: 0, Avg:  4.5, Max: 9, Diff: 9, Sum: 9, Workers: 2
[76.851s][debug][gc,phases   ] GC(25)       JVMTI Tag Weak OopStorage Min:  0.0, Avg:  0.0, Max:  0.0, Diff:  0.0, Sum:  0.0, Workers: 2
[76.851s][debug][gc,phases   ] GC(25)         Dead                      Min: 0, Avg:  0.0, Max: 0, Diff: 0, Sum: 0, Workers: 2
[76.851s][debug][gc,phases   ] GC(25)         Total                     Min: 0, Avg:  0.0, Max: 0, Diff: 0, Sum: 0, Workers: 2
[76.851s][debug][gc,phases   ] GC(25)       StringTable Weak          Min:  0.0, Avg:  0.0, Max:  0.0, Diff:  0.0, Sum:  0.0, Workers: 2
[76.851s][debug][gc,phases   ] GC(25)         Dead                      Min: 0, Avg:  0.0, Max: 0, Diff: 0, Sum: 0, Workers: 2
[76.851s][debug][gc,phases   ] GC(25)         Total                     Min: 0, Avg: 326.5, Max: 653, Diff: 653, Sum: 653, Workers: 2
[76.851s][debug][gc,phases   ] GC(25)       ResolvedMethodTable Weak  Min:  0.0, Avg:  0.0, Max:  0.0, Diff:  0.0, Sum:  0.0, Workers: 2
[76.851s][debug][gc,phases   ] GC(25)         Dead                      Min: 0, Avg:  0.0, Max: 0, Diff: 0, Sum: 0, Workers: 2
[76.851s][debug][gc,phases   ] GC(25)         Total                     Min: 0, Avg: 140.5, Max: 281, Diff: 281, Sum: 281, Workers: 2
[76.851s][debug][gc,phases   ] GC(25)       JNI Weak                  Min:  0.0, Avg:  0.0, Max:  0.0, Diff:  0.0, Sum:  0.0, Workers: 2
[76.851s][debug][gc,phases   ] GC(25)         Dead                      Min: 0, Avg:  0.0, Max: 0, Diff: 0, Sum: 0, Workers: 2
[76.851s][debug][gc,phases   ] GC(25)         Total                     Min: 0, Avg:  0.0, Max: 0, Diff: 0, Sum: 0, Workers: 2
[76.851s][debug][gc,phases   ] GC(25)       Weak JFR Old Object Samples Min:  0.0, Avg:  0.0, Max:  0.0, Diff:  0.0, Sum:  0.0, Workers: 2
[76.851s][debug][gc,phases   ] GC(25)         Dead                      Min: 0, Avg:  0.0, Max: 0, Diff: 0, Sum: 0, Workers: 2
[76.851s][debug][gc,phases   ] GC(25)         Total                     Min: 0, Avg:  0.0, Max: 0, Diff: 0, Sum: 0, Workers: 2
[76.851s][debug][gc,phases   ] GC(25)     Merge Per-Thread State: 0.0ms
[76.851s][debug][gc,phases   ] GC(25)       Copied Bytes              Min: 1889632, Avg: 2175896.6, Max: 2686584, Diff: 796952, Sum: 28286656, Workers: 13
[76.851s][debug][gc,phases   ] GC(25)       LAB Waste                 Min: 296, Avg: 761.2, Max: 1056, Diff: 760, Sum: 9896, Workers: 13
[76.851s][debug][gc,phases   ] GC(25)       LAB Undo Waste            Min: 0, Avg:  0.0, Max: 0, Diff: 0, Sum: 0, Workers: 13
[76.851s][debug][gc,phases   ] GC(25)     Code Roots Purge: 0.0ms
[76.851s][debug][gc,phases   ] GC(25)     Redirty Cards: 0.1ms
[76.851s][debug][gc,phases   ] GC(25)     DerivedPointerTable Update: 0.1ms
[76.851s][debug][gc,phases   ] GC(25)     Free Collection Set: 0.1ms
[76.851s][debug][gc,phases   ] GC(25)     Rebuild Free List: 0.0ms
[76.851s][debug][gc,phases   ] GC(25)     Humongous Reclaim: 0.0ms
[76.851s][debug][gc,phases   ] GC(25)     Start New Collection Set: 0.0ms
[76.851s][debug][gc,phases   ] GC(25)     Resize TLABs: 0.1ms
[76.851s][debug][gc,phases   ] GC(25)     Expand Heap After Collection: 0.0ms
[76.851s][info ][gc,phases   ] GC(25)   Other: 0.5ms
[76.851s][info ][gc,heap     ] GC(25) Eden regions: 89->0(89)
[76.851s][info ][gc,heap     ] GC(25) Survivor regions: 4->4(12)
[76.851s][info ][gc,heap     ] GC(25) Old regions: 9->9
[76.851s][info ][gc,heap     ] GC(25) Archive regions: 2->2
[76.851s][info ][gc,heap     ] GC(25) Humongous regions: 0->0
[76.851s][info ][gc,metaspace] GC(25) Metaspace: 1634K(1792K)->1634K(1792K) NonClass: 1515K(1600K)->1515K(1600K) Class: 118K(192K)->118K(192K)
[76.851s][info ][gc          ] GC(25) Pause Young (Normal) (G1 Evacuation Pause) 818M->106M(1248M) 8.599ms
[76.851s][info ][gc,cpu      ] GC(25) User=0.08s Sys=0.00s Real=0.01s
[80.283s][info ][gc,start    ] GC(26) Pause Young (Normal) (G1 Evacuation Pause)
[80.283s][info ][gc,task     ] GC(26) Using 13 workers of 13 for evacuation
[80.290s][info ][gc,phases   ] GC(26)   Pre Evacuate Collection Set: 0.2ms
[80.290s][debug][gc,phases   ] GC(26)     Prepare TLABs: 0.1ms
[80.290s][debug][gc,phases   ] GC(26)     Concatenate Dirty Card Logs: 0.1ms
[80.290s][debug][gc,phases   ] GC(26)     Choose Collection Set: 0.0ms
[80.290s][debug][gc,phases   ] GC(26)     Region Register: 0.0ms
[80.290s][debug][gc,phases   ] GC(26)     Prepare Heap Roots: 0.0ms
[80.290s][info ][gc,phases   ] GC(26)   Merge Heap Roots: 0.2ms
[80.290s][debug][gc,phases   ] GC(26)     Prepare Merge Heap Roots: 0.0ms
[80.290s][debug][gc,phases   ] GC(26)     Eager Reclaim (ms):       skipped
[80.290s][debug][gc,phases   ] GC(26)     Remembered Sets (ms):     Min:  0.0, Avg:  0.0, Max:  0.0, Diff:  0.0, Sum:  0.2, Workers: 13
[80.290s][debug][gc,phases   ] GC(26)       Merged Sparse:            Min: 0, Avg:  0.1, Max: 1, Diff: 1, Sum: 1, Workers: 13
[80.290s][debug][gc,phases   ] GC(26)       Merged Fine:              Min: 0, Avg:  0.2, Max: 2, Diff: 2, Sum: 2, Workers: 13
[80.290s][debug][gc,phases   ] GC(26)       Merged Coarse:            Min: 0, Avg:  0.0, Max: 0, Diff: 0, Sum: 0, Workers: 13
[80.290s][debug][gc,phases   ] GC(26)       Dirty Cards:              Min: 0, Avg: 285.2, Max: 3696, Diff: 3696, Sum: 3708, Workers: 13
[80.290s][debug][gc,phases   ] GC(26)     Hot Card Cache (ms):      Min:  0.0, Avg:  0.0, Max:  0.0, Diff:  0.0, Sum:  0.0, Workers: 13
[80.290s][debug][gc,phases   ] GC(26)       Dirty Cards:              Min: 0, Avg: 78.8, Max: 320, Diff: 320, Sum: 1024, Workers: 13
[80.290s][debug][gc,phases   ] GC(26)       Skipped Cards:            Min: 0, Avg:  0.0, Max: 0, Diff: 0, Sum: 0, Workers: 13
[80.290s][debug][gc,phases   ] GC(26)     Log Buffers (ms):         Min:  0.1, Avg:  0.1, Max:  0.1, Diff:  0.0, Sum:  1.4, Workers: 13
[80.290s][debug][gc,phases   ] GC(26)       Dirty Cards:              Min: 1079, Avg: 2155.2, Max: 2743, Diff: 1664, Sum: 28018, Workers: 13
[80.290s][debug][gc,phases   ] GC(26)       Skipped Cards:            Min: 0, Avg:  0.0, Max: 0, Diff: 0, Sum: 0, Workers: 13
[80.290s][info ][gc,phases   ] GC(26)   Evacuate Collection Set: 5.9ms
[80.290s][debug][gc,phases   ] GC(26)     Ext Root Scanning (ms):   Min:  0.3, Avg:  0.4, Max:  0.5, Diff:  0.2, Sum:  5.5, Workers: 13
[80.290s][debug][gc,phases   ] GC(26)     Scan Heap Roots (ms):     Min:  1.8, Avg:  2.0, Max:  2.2, Diff:  0.4, Sum: 26.6, Workers: 13
[80.290s][debug][gc,phases   ] GC(26)       Scanned Cards:            Min: 2052, Avg: 2518.7, Max: 3279, Diff: 1227, Sum: 32743, Workers: 13
[80.290s][debug][gc,phases   ] GC(26)       Scanned Blocks:           Min: 1547, Avg: 1801.7, Max: 2331, Diff: 784, Sum: 23422, Workers: 13
[80.290s][debug][gc,phases   ] GC(26)       Claimed Chunks:           Min: 8, Avg: 10.7, Max: 21, Diff: 13, Sum: 139, Workers: 13
[80.290s][debug][gc,phases   ] GC(26)     Code Root Scan (ms):      Min:  0.0, Avg:  0.0, Max:  0.0, Diff:  0.0, Sum:  0.0, Workers: 13
[80.290s][debug][gc,phases   ] GC(26)     Object Copy (ms):         Min:  3.0, Avg:  3.2, Max:  3.5, Diff:  0.5, Sum: 41.5, Workers: 13
[80.290s][debug][gc,phases   ] GC(26)     Termination (ms):         Min:  0.1, Avg:  0.1, Max:  0.2, Diff:  0.1, Sum:  1.7, Workers: 13
[80.290s][debug][gc,phases   ] GC(26)       Termination Attempts:     Min: 1, Avg:  1.3, Max: 2, Diff: 1, Sum: 17, Workers: 13
[80.290s][debug][gc,phases   ] GC(26)     GC Worker Other (ms):     Min:  0.0, Avg:  0.0, Max:  0.1, Diff:  0.1, Sum:  0.2, Workers: 13
[80.290s][debug][gc,phases   ] GC(26)     GC Worker Total (ms):     Min:  5.8, Avg:  5.8, Max:  5.8, Diff:  0.1, Sum: 75.5, Workers: 13
[80.290s][info ][gc,phases   ] GC(26)   Post Evacuate Collection Set: 0.3ms
[80.290s][debug][gc,phases   ] GC(26)     Code Roots Fixup: 0.0ms
[80.290s][debug][gc,phases   ] GC(26)     Clear Card Table: 0.1ms
[80.290s][debug][gc,phases   ] GC(26)     Reference Processing: 0.0ms
[80.290s][debug][gc,phases   ] GC(26)     Weak Processing: 0.0ms
[80.290s][debug][gc,phases   ] GC(26)       VM Weak                   Min:  0.0, Avg:  0.0, Max:  0.0, Diff:  0.0, Sum:  0.0, Workers: 2
[80.290s][debug][gc,phases   ] GC(26)         Dead                      Min: 0, Avg:  0.0, Max: 0, Diff: 0, Sum: 0, Workers: 2
[80.290s][debug][gc,phases   ] GC(26)         Total                     Min: 0, Avg: 28.5, Max: 57, Diff: 57, Sum: 57, Workers: 2
[80.290s][debug][gc,phases   ] GC(26)       ObjectSynchronizer Weak   Min:  0.0, Avg:  0.0, Max:  0.0, Diff:  0.0, Sum:  0.0, Workers: 2
[80.290s][debug][gc,phases   ] GC(26)         Dead                      Min: 0, Avg:  0.0, Max: 0, Diff: 0, Sum: 0, Workers: 2
[80.290s][debug][gc,phases   ] GC(26)         Total                     Min: 0, Avg:  4.5, Max: 9, Diff: 9, Sum: 9, Workers: 2
[80.290s][debug][gc,phases   ] GC(26)       JVMTI Tag Weak OopStorage Min:  0.0, Avg:  0.0, Max:  0.0, Diff:  0.0, Sum:  0.0, Workers: 2
[80.290s][debug][gc,phases   ] GC(26)         Dead                      Min: 0, Avg:  0.0, Max: 0, Diff: 0, Sum: 0, Workers: 2
[80.290s][debug][gc,phases   ] GC(26)         Total                     Min: 0, Avg:  0.0, Max: 0, Diff: 0, Sum: 0, Workers: 2
[80.290s][debug][gc,phases   ] GC(26)       StringTable Weak          Min:  0.0, Avg:  0.0, Max:  0.0, Diff:  0.0, Sum:  0.0, Workers: 2
[80.290s][debug][gc,phases   ] GC(26)         Dead                      Min: 0, Avg:  0.0, Max: 0, Diff: 0, Sum: 0, Workers: 2
[80.290s][debug][gc,phases   ] GC(26)         Total                     Min: 0, Avg: 339.5, Max: 679, Diff: 679, Sum: 679, Workers: 2
[80.290s][debug][gc,phases   ] GC(26)       ResolvedMethodTable Weak  Min:  0.0, Avg:  0.0, Max:  0.0, Diff:  0.0, Sum:  0.0, Workers: 2
[80.290s][debug][gc,phases   ] GC(26)         Dead                      Min: 0, Avg:  0.0, Max: 0, Diff: 0, Sum: 0, Workers: 2
[80.290s][debug][gc,phases   ] GC(26)         Total                     Min: 0, Avg: 140.5, Max: 281, Diff: 281, Sum: 281, Workers: 2
[80.290s][debug][gc,phases   ] GC(26)       JNI Weak                  Min:  0.0, Avg:  0.0, Max:  0.0, Diff:  0.0, Sum:  0.0, Workers: 2
[80.290s][debug][gc,phases   ] GC(26)         Dead                      Min: 0, Avg:  0.0, Max: 0, Diff: 0, Sum: 0, Workers: 2
[80.290s][debug][gc,phases   ] GC(26)         Total                     Min: 0, Avg:  0.0, Max: 0, Diff: 0, Sum: 0, Workers: 2
[80.290s][debug][gc,phases   ] GC(26)       Weak JFR Old Object Samples Min:  0.0, Avg:  0.0, Max:  0.0, Diff:  0.0, Sum:  0.0, Workers: 2
[80.290s][debug][gc,phases   ] GC(26)         Dead                      Min: 0, Avg:  0.0, Max: 0, Diff: 0, Sum: 0, Workers: 2
[80.290s][debug][gc,phases   ] GC(26)         Total                     Min: 0, Avg:  0.0, Max: 0, Diff: 0, Sum: 0, Workers: 2
[80.290s][debug][gc,phases   ] GC(26)     Merge Per-Thread State: 0.0ms
[80.290s][debug][gc,phases   ] GC(26)       Copied Bytes              Min: 2015648, Avg: 2168983.4, Max: 2530456, Diff: 514808, Sum: 28196784, Workers: 13
[80.290s][debug][gc,phases   ] GC(26)       LAB Waste                 Min: 168, Avg: 772.3, Max: 1304, Diff: 1136, Sum: 10040, Workers: 13
[80.290s][debug][gc,phases   ] GC(26)       LAB Undo Waste            Min: 0, Avg:  0.0, Max: 0, Diff: 0, Sum: 0, Workers: 13
[80.290s][debug][gc,phases   ] GC(26)     Code Roots Purge: 0.0ms
[80.290s][debug][gc,phases   ] GC(26)     Redirty Cards: 0.1ms
[80.290s][debug][gc,phases   ] GC(26)     DerivedPointerTable Update: 0.1ms
[80.290s][debug][gc,phases   ] GC(26)     Free Collection Set: 0.1ms
[80.290s][debug][gc,phases   ] GC(26)     Rebuild Free List: 0.0ms
[80.290s][debug][gc,phases   ] GC(26)     Humongous Reclaim: 0.0ms
[80.290s][debug][gc,phases   ] GC(26)     Start New Collection Set: 0.0ms
[80.290s][debug][gc,phases   ] GC(26)     Resize TLABs: 0.1ms
[80.290s][debug][gc,phases   ] GC(26)     Expand Heap After Collection: 0.0ms
[80.290s][info ][gc,phases   ] GC(26)   Other: 0.5ms
[80.290s][info ][gc,heap     ] GC(26) Eden regions: 89->0(89)
[80.290s][info ][gc,heap     ] GC(26) Survivor regions: 4->4(12)
[80.290s][info ][gc,heap     ] GC(26) Old regions: 9->9
[80.290s][info ][gc,heap     ] GC(26) Archive regions: 2->2
[80.290s][info ][gc,heap     ] GC(26) Humongous regions: 0->0
[80.290s][info ][gc,metaspace] GC(26) Metaspace: 1634K(1792K)->1634K(1792K) NonClass: 1515K(1600K)->1515K(1600K) Class: 118K(192K)->118K(192K)
[80.290s][info ][gc          ] GC(26) Pause Young (Normal) (G1 Evacuation Pause) 818M->106M(1248M) 7.609ms
[80.291s][info ][gc,cpu      ] GC(26) User=0.08s Sys=0.00s Real=0.00s
[83.786s][info ][gc,start    ] GC(27) Pause Young (Normal) (G1 Evacuation Pause)
[83.786s][info ][gc,task     ] GC(27) Using 13 workers of 13 for evacuation
[83.794s][info ][gc,phases   ] GC(27)   Pre Evacuate Collection Set: 0.3ms
[83.794s][debug][gc,phases   ] GC(27)     Prepare TLABs: 0.1ms
[83.794s][debug][gc,phases   ] GC(27)     Concatenate Dirty Card Logs: 0.1ms
[83.794s][debug][gc,phases   ] GC(27)     Choose Collection Set: 0.0ms
[83.794s][debug][gc,phases   ] GC(27)     Region Register: 0.1ms
[83.794s][debug][gc,phases   ] GC(27)     Prepare Heap Roots: 0.0ms
[83.794s][info ][gc,phases   ] GC(27)   Merge Heap Roots: 0.2ms
[83.794s][debug][gc,phases   ] GC(27)     Prepare Merge Heap Roots: 0.0ms
[83.794s][debug][gc,phases   ] GC(27)     Eager Reclaim (ms):       skipped
[83.794s][debug][gc,phases   ] GC(27)     Remembered Sets (ms):     Min:  0.0, Avg:  0.0, Max:  0.0, Diff:  0.0, Sum:  0.1, Workers: 13
[83.794s][debug][gc,phases   ] GC(27)       Merged Sparse:            Min: 0, Avg:  1.2, Max: 5, Diff: 5, Sum: 15, Workers: 13
[83.794s][debug][gc,phases   ] GC(27)       Merged Fine:              Min: 0, Avg:  0.3, Max: 4, Diff: 4, Sum: 4, Workers: 13
[83.794s][debug][gc,phases   ] GC(27)       Merged Coarse:            Min: 0, Avg:  0.0, Max: 0, Diff: 0, Sum: 0, Workers: 13
[83.794s][debug][gc,phases   ] GC(27)       Dirty Cards:              Min: 0, Avg: 68.5, Max: 844, Diff: 844, Sum: 890, Workers: 13
[83.794s][debug][gc,phases   ] GC(27)     Hot Card Cache (ms):      Min:  0.0, Avg:  0.0, Max:  0.0, Diff:  0.0, Sum:  0.0, Workers: 13
[83.794s][debug][gc,phases   ] GC(27)       Dirty Cards:              Min: 0, Avg: 77.6, Max: 256, Diff: 256, Sum: 1009, Workers: 13
[83.794s][debug][gc,phases   ] GC(27)       Skipped Cards:            Min: 0, Avg:  0.0, Max: 0, Diff: 0, Sum: 0, Workers: 13
[83.794s][debug][gc,phases   ] GC(27)     Log Buffers (ms):         Min:  0.0, Avg:  0.1, Max:  0.2, Diff:  0.1, Sum:  1.6, Workers: 13
[83.794s][debug][gc,phases   ] GC(27)       Dirty Cards:              Min: 2, Avg: 2412.3, Max: 3512, Diff: 3510, Sum: 31360, Workers: 13
[83.794s][debug][gc,phases   ] GC(27)       Skipped Cards:            Min: 0, Avg:  0.0, Max: 0, Diff: 0, Sum: 0, Workers: 13
[83.794s][info ][gc,phases   ] GC(27)   Evacuate Collection Set: 6.9ms
[83.794s][debug][gc,phases   ] GC(27)     Ext Root Scanning (ms):   Min:  0.4, Avg:  0.5, Max:  0.6, Diff:  0.2, Sum:  6.1, Workers: 13
[83.794s][debug][gc,phases   ] GC(27)     Scan Heap Roots (ms):     Min:  2.5, Avg:  2.7, Max:  2.9, Diff:  0.4, Sum: 34.6, Workers: 13
[83.794s][debug][gc,phases   ] GC(27)       Scanned Cards:            Min: 1708, Avg: 2557.8, Max: 3025, Diff: 1317, Sum: 33252, Workers: 13
[83.794s][debug][gc,phases   ] GC(27)       Scanned Blocks:           Min: 1214, Avg: 1815.6, Max: 2011, Diff: 797, Sum: 23603, Workers: 13
[83.794s][debug][gc,phases   ] GC(27)       Claimed Chunks:           Min: 6, Avg: 10.8, Max: 20, Diff: 14, Sum: 140, Workers: 13
[83.794s][debug][gc,phases   ] GC(27)     Code Root Scan (ms):      Min:  0.0, Avg:  0.0, Max:  0.0, Diff:  0.0, Sum:  0.0, Workers: 13
[83.794s][debug][gc,phases   ] GC(27)     Object Copy (ms):         Min:  3.4, Avg:  3.5, Max:  3.8, Diff:  0.4, Sum: 46.1, Workers: 13
[83.794s][debug][gc,phases   ] GC(27)     Termination (ms):         Min:  0.2, Avg:  0.2, Max:  0.2, Diff:  0.1, Sum:  2.7, Workers: 13
[83.794s][debug][gc,phases   ] GC(27)       Termination Attempts:     Min: 1, Avg:  1.5, Max: 2, Diff: 1, Sum: 20, Workers: 13
[83.794s][debug][gc,phases   ] GC(27)     GC Worker Other (ms):     Min:  0.0, Avg:  0.0, Max:  0.0, Diff:  0.0, Sum:  0.1, Workers: 13
[83.794s][debug][gc,phases   ] GC(27)     GC Worker Total (ms):     Min:  6.9, Avg:  6.9, Max:  6.9, Diff:  0.1, Sum: 89.6, Workers: 13
[83.795s][info ][gc,phases   ] GC(27)   Post Evacuate Collection Set: 0.3ms
[83.795s][debug][gc,phases   ] GC(27)     Code Roots Fixup: 0.0ms
[83.795s][debug][gc,phases   ] GC(27)     Clear Card Table: 0.1ms
[83.795s][debug][gc,phases   ] GC(27)     Reference Processing: 0.0ms
[83.795s][debug][gc,phases   ] GC(27)     Weak Processing: 0.0ms
[83.795s][debug][gc,phases   ] GC(27)       VM Weak                   Min:  0.0, Avg:  0.0, Max:  0.0, Diff:  0.0, Sum:  0.0, Workers: 2
[83.795s][debug][gc,phases   ] GC(27)         Dead                      Min: 0, Avg:  0.0, Max: 0, Diff: 0, Sum: 0, Workers: 2
[83.795s][debug][gc,phases   ] GC(27)         Total                     Min: 0, Avg: 28.5, Max: 57, Diff: 57, Sum: 57, Workers: 2
[83.795s][debug][gc,phases   ] GC(27)       ObjectSynchronizer Weak   Min:  0.0, Avg:  0.0, Max:  0.0, Diff:  0.0, Sum:  0.0, Workers: 2
[83.795s][debug][gc,phases   ] GC(27)         Dead                      Min: 0, Avg:  0.0, Max: 0, Diff: 0, Sum: 0, Workers: 2
[83.795s][debug][gc,phases   ] GC(27)         Total                     Min: 0, Avg:  4.5, Max: 9, Diff: 9, Sum: 9, Workers: 2
[83.795s][debug][gc,phases   ] GC(27)       JVMTI Tag Weak OopStorage Min:  0.0, Avg:  0.0, Max:  0.0, Diff:  0.0, Sum:  0.0, Workers: 2
[83.795s][debug][gc,phases   ] GC(27)         Dead                      Min: 0, Avg:  0.0, Max: 0, Diff: 0, Sum: 0, Workers: 2
[83.795s][debug][gc,phases   ] GC(27)         Total                     Min: 0, Avg:  0.0, Max: 0, Diff: 0, Sum: 0, Workers: 2
[83.795s][debug][gc,phases   ] GC(27)       StringTable Weak          Min:  0.0, Avg:  0.0, Max:  0.0, Diff:  0.0, Sum:  0.0, Workers: 2
[83.795s][debug][gc,phases   ] GC(27)         Dead                      Min: 0, Avg:  0.0, Max: 0, Diff: 0, Sum: 0, Workers: 2
[83.795s][debug][gc,phases   ] GC(27)         Total                     Min: 0, Avg: 339.5, Max: 679, Diff: 679, Sum: 679, Workers: 2
[83.795s][debug][gc,phases   ] GC(27)       ResolvedMethodTable Weak  Min:  0.0, Avg:  0.0, Max:  0.0, Diff:  0.0, Sum:  0.0, Workers: 2
[83.795s][debug][gc,phases   ] GC(27)         Dead                      Min: 0, Avg:  0.0, Max: 0, Diff: 0, Sum: 0, Workers: 2
[83.795s][debug][gc,phases   ] GC(27)         Total                     Min: 0, Avg: 140.5, Max: 281, Diff: 281, Sum: 281, Workers: 2
[83.795s][debug][gc,phases   ] GC(27)       JNI Weak                  Min:  0.0, Avg:  0.0, Max:  0.0, Diff:  0.0, Sum:  0.0, Workers: 2
[83.795s][debug][gc,phases   ] GC(27)         Dead                      Min: 0, Avg:  0.0, Max: 0, Diff: 0, Sum: 0, Workers: 2
[83.795s][debug][gc,phases   ] GC(27)         Total                     Min: 0, Avg:  0.0, Max: 0, Diff: 0, Sum: 0, Workers: 2
[83.795s][debug][gc,phases   ] GC(27)       Weak JFR Old Object Samples Min:  0.0, Avg:  0.0, Max:  0.0, Diff:  0.0, Sum:  0.0, Workers: 2
[83.795s][debug][gc,phases   ] GC(27)         Dead                      Min: 0, Avg:  0.0, Max: 0, Diff: 0, Sum: 0, Workers: 2
[83.795s][debug][gc,phases   ] GC(27)         Total                     Min: 0, Avg:  0.0, Max: 0, Diff: 0, Sum: 0, Workers: 2
[83.795s][debug][gc,phases   ] GC(27)     Merge Per-Thread State: 0.0ms
[83.795s][debug][gc,phases   ] GC(27)       Copied Bytes              Min: 1667464, Avg: 2162766.8, Max: 2497376, Diff: 829912, Sum: 28115968, Workers: 13
[83.795s][debug][gc,phases   ] GC(27)       LAB Waste                 Min: 328, Avg: 878.8, Max: 1640, Diff: 1312, Sum: 11424, Workers: 13
[83.795s][debug][gc,phases   ] GC(27)       LAB Undo Waste            Min: 0, Avg:  0.0, Max: 0, Diff: 0, Sum: 0, Workers: 13
[83.795s][debug][gc,phases   ] GC(27)     Code Roots Purge: 0.0ms
[83.795s][debug][gc,phases   ] GC(27)     Redirty Cards: 0.1ms
[83.795s][debug][gc,phases   ] GC(27)     DerivedPointerTable Update: 0.1ms
[83.795s][debug][gc,phases   ] GC(27)     Free Collection Set: 0.1ms
[83.795s][debug][gc,phases   ] GC(27)     Rebuild Free List: 0.0ms
[83.795s][debug][gc,phases   ] GC(27)     Humongous Reclaim: 0.0ms
[83.795s][debug][gc,phases   ] GC(27)     Start New Collection Set: 0.0ms
[83.795s][debug][gc,phases   ] GC(27)     Resize TLABs: 0.1ms
[83.795s][debug][gc,phases   ] GC(27)     Expand Heap After Collection: 0.0ms
[83.795s][info ][gc,phases   ] GC(27)   Other: 0.5ms
[83.795s][info ][gc,heap     ] GC(27) Eden regions: 89->0(89)
[83.795s][info ][gc,heap     ] GC(27) Survivor regions: 4->4(12)
[83.795s][info ][gc,heap     ] GC(27) Old regions: 9->9
[83.795s][info ][gc,heap     ] GC(27) Archive regions: 2->2
[83.795s][info ][gc,heap     ] GC(27) Humongous regions: 0->0
[83.795s][info ][gc,metaspace] GC(27) Metaspace: 1634K(1792K)->1634K(1792K) NonClass: 1515K(1600K)->1515K(1600K) Class: 118K(192K)->118K(192K)
[83.795s][info ][gc          ] GC(27) Pause Young (Normal) (G1 Evacuation Pause) 818M->107M(1248M) 9.084ms
[83.795s][info ][gc,cpu      ] GC(27) User=0.09s Sys=0.00s Real=0.01s
[87.248s][info ][gc,start    ] GC(28) Pause Young (Normal) (G1 Evacuation Pause)
[87.248s][info ][gc,task     ] GC(28) Using 13 workers of 13 for evacuation
[87.256s][info ][gc,phases   ] GC(28)   Pre Evacuate Collection Set: 0.2ms
[87.256s][debug][gc,phases   ] GC(28)     Prepare TLABs: 0.1ms
[87.256s][debug][gc,phases   ] GC(28)     Concatenate Dirty Card Logs: 0.1ms
[87.256s][debug][gc,phases   ] GC(28)     Choose Collection Set: 0.0ms
[87.256s][debug][gc,phases   ] GC(28)     Region Register: 0.0ms
[87.256s][debug][gc,phases   ] GC(28)     Prepare Heap Roots: 0.0ms
[87.256s][info ][gc,phases   ] GC(28)   Merge Heap Roots: 0.2ms
[87.256s][debug][gc,phases   ] GC(28)     Prepare Merge Heap Roots: 0.0ms
[87.256s][debug][gc,phases   ] GC(28)     Eager Reclaim (ms):       skipped
[87.256s][debug][gc,phases   ] GC(28)     Remembered Sets (ms):     Min:  0.0, Avg:  0.0, Max:  0.0, Diff:  0.0, Sum:  0.2, Workers: 13
[87.256s][debug][gc,phases   ] GC(28)       Merged Sparse:            Min: 0, Avg:  0.0, Max: 0, Diff: 0, Sum: 0, Workers: 13
[87.256s][debug][gc,phases   ] GC(28)       Merged Fine:              Min: 0, Avg:  0.0, Max: 0, Diff: 0, Sum: 0, Workers: 13
[87.256s][debug][gc,phases   ] GC(28)       Merged Coarse:            Min: 0, Avg:  0.0, Max: 0, Diff: 0, Sum: 0, Workers: 13
[87.256s][debug][gc,phases   ] GC(28)       Dirty Cards:              Min: 0, Avg:  0.0, Max: 0, Diff: 0, Sum: 0, Workers: 13
[87.256s][debug][gc,phases   ] GC(28)     Hot Card Cache (ms):      Min:  0.0, Avg:  0.0, Max:  0.0, Diff:  0.0, Sum:  0.0, Workers: 13
[87.256s][debug][gc,phases   ] GC(28)       Dirty Cards:              Min: 0, Avg:  0.0, Max: 0, Diff: 0, Sum: 0, Workers: 13
[87.256s][debug][gc,phases   ] GC(28)       Skipped Cards:            Min: 0, Avg:  0.0, Max: 0, Diff: 0, Sum: 0, Workers: 13
[87.256s][debug][gc,phases   ] GC(28)     Log Buffers (ms):         Min:  0.1, Avg:  0.1, Max:  0.1, Diff:  0.0, Sum:  1.4, Workers: 13
[87.256s][debug][gc,phases   ] GC(28)       Dirty Cards:              Min: 997, Avg: 2406.3, Max: 3144, Diff: 2147, Sum: 31282, Workers: 13
[87.256s][debug][gc,phases   ] GC(28)       Skipped Cards:            Min: 0, Avg:  0.0, Max: 0, Diff: 0, Sum: 0, Workers: 13
[87.256s][info ][gc,phases   ] GC(28)   Evacuate Collection Set: 6.6ms
[87.256s][debug][gc,phases   ] GC(28)     Ext Root Scanning (ms):   Min:  0.4, Avg:  0.6, Max:  0.9, Diff:  0.5, Sum:  7.4, Workers: 13
[87.256s][debug][gc,phases   ] GC(28)     Scan Heap Roots (ms):     Min:  2.0, Avg:  2.2, Max:  2.4, Diff:  0.4, Sum: 29.1, Workers: 13
[87.256s][debug][gc,phases   ] GC(28)       Scanned Cards:            Min: 1439, Avg: 2402.5, Max: 2874, Diff: 1435, Sum: 31232, Workers: 13
[87.256s][debug][gc,phases   ] GC(28)       Scanned Blocks:           Min: 1022, Avg: 1748.3, Max: 2002, Diff: 980, Sum: 22728, Workers: 13
[87.256s][debug][gc,phases   ] GC(28)       Claimed Chunks:           Min: 5, Avg: 10.8, Max: 23, Diff: 18, Sum: 140, Workers: 13
[87.256s][debug][gc,phases   ] GC(28)     Code Root Scan (ms):      Min:  0.0, Avg:  0.0, Max:  0.0, Diff:  0.0, Sum:  0.0, Workers: 13
[87.256s][debug][gc,phases   ] GC(28)     Object Copy (ms):         Min:  3.2, Avg:  3.5, Max:  3.9, Diff:  0.7, Sum: 46.1, Workers: 13
[87.256s][debug][gc,phases   ] GC(28)     Termination (ms):         Min:  0.1, Avg:  0.2, Max:  0.2, Diff:  0.1, Sum:  2.1, Workers: 13
[87.256s][debug][gc,phases   ] GC(28)       Termination Attempts:     Min: 1, Avg:  1.0, Max: 1, Diff: 0, Sum: 13, Workers: 13
[87.256s][debug][gc,phases   ] GC(28)     GC Worker Other (ms):     Min:  0.0, Avg:  0.0, Max:  0.0, Diff:  0.0, Sum:  0.1, Workers: 13
[87.256s][debug][gc,phases   ] GC(28)     GC Worker Total (ms):     Min:  6.5, Avg:  6.5, Max:  6.5, Diff:  0.1, Sum: 84.8, Workers: 13
[87.256s][info ][gc,phases   ] GC(28)   Post Evacuate Collection Set: 0.3ms
[87.256s][debug][gc,phases   ] GC(28)     Code Roots Fixup: 0.0ms
[87.256s][debug][gc,phases   ] GC(28)     Clear Card Table: 0.1ms
[87.256s][debug][gc,phases   ] GC(28)     Reference Processing: 0.0ms
[87.256s][debug][gc,phases   ] GC(28)     Weak Processing: 0.0ms
[87.256s][debug][gc,phases   ] GC(28)       VM Weak                   Min:  0.0, Avg:  0.0, Max:  0.0, Diff:  0.0, Sum:  0.0, Workers: 2
[87.256s][debug][gc,phases   ] GC(28)         Dead                      Min: 0, Avg:  0.0, Max: 0, Diff: 0, Sum: 0, Workers: 2
[87.256s][debug][gc,phases   ] GC(28)         Total                     Min: 0, Avg: 28.5, Max: 57, Diff: 57, Sum: 57, Workers: 2
[87.256s][debug][gc,phases   ] GC(28)       ObjectSynchronizer Weak   Min:  0.0, Avg:  0.0, Max:  0.0, Diff:  0.0, Sum:  0.0, Workers: 2
[87.256s][debug][gc,phases   ] GC(28)         Dead                      Min: 0, Avg:  0.0, Max: 0, Diff: 0, Sum: 0, Workers: 2
[87.256s][debug][gc,phases   ] GC(28)         Total                     Min: 0, Avg:  4.5, Max: 9, Diff: 9, Sum: 9, Workers: 2
[87.256s][debug][gc,phases   ] GC(28)       JVMTI Tag Weak OopStorage Min:  0.0, Avg:  0.0, Max:  0.0, Diff:  0.0, Sum:  0.0, Workers: 2
[87.256s][debug][gc,phases   ] GC(28)         Dead                      Min: 0, Avg:  0.0, Max: 0, Diff: 0, Sum: 0, Workers: 2
[87.256s][debug][gc,phases   ] GC(28)         Total                     Min: 0, Avg:  0.0, Max: 0, Diff: 0, Sum: 0, Workers: 2
[87.256s][debug][gc,phases   ] GC(28)       StringTable Weak          Min:  0.0, Avg:  0.0, Max:  0.0, Diff:  0.0, Sum:  0.0, Workers: 2
[87.256s][debug][gc,phases   ] GC(28)         Dead                      Min: 0, Avg:  0.0, Max: 0, Diff: 0, Sum: 0, Workers: 2
[87.256s][debug][gc,phases   ] GC(28)         Total                     Min: 0, Avg: 339.5, Max: 679, Diff: 679, Sum: 679, Workers: 2
[87.256s][debug][gc,phases   ] GC(28)       ResolvedMethodTable Weak  Min:  0.0, Avg:  0.0, Max:  0.0, Diff:  0.0, Sum:  0.0, Workers: 2
[87.256s][debug][gc,phases   ] GC(28)         Dead                      Min: 0, Avg:  0.0, Max: 0, Diff: 0, Sum: 0, Workers: 2
[87.256s][debug][gc,phases   ] GC(28)         Total                     Min: 128, Avg: 140.5, Max: 153, Diff: 25, Sum: 281, Workers: 2
[87.256s][debug][gc,phases   ] GC(28)       JNI Weak                  Min:  0.0, Avg:  0.0, Max:  0.0, Diff:  0.0, Sum:  0.0, Workers: 2
[87.256s][debug][gc,phases   ] GC(28)         Dead                      Min: 0, Avg:  0.0, Max: 0, Diff: 0, Sum: 0, Workers: 2
[87.256s][debug][gc,phases   ] GC(28)         Total                     Min: 0, Avg:  0.0, Max: 0, Diff: 0, Sum: 0, Workers: 2
[87.256s][debug][gc,phases   ] GC(28)       Weak JFR Old Object Samples Min:  0.0, Avg:  0.0, Max:  0.0, Diff:  0.0, Sum:  0.0, Workers: 2
[87.256s][debug][gc,phases   ] GC(28)         Dead                      Min: 0, Avg:  0.0, Max: 0, Diff: 0, Sum: 0, Workers: 2
[87.256s][debug][gc,phases   ] GC(28)         Total                     Min: 0, Avg:  0.0, Max: 0, Diff: 0, Sum: 0, Workers: 2
[87.256s][debug][gc,phases   ] GC(28)     Merge Per-Thread State: 0.0ms
[87.256s][debug][gc,phases   ] GC(28)       Copied Bytes              Min: 1416200, Avg: 2159848.0, Max: 2534096, Diff: 1117896, Sum: 28078024, Workers: 13
[87.256s][debug][gc,phases   ] GC(28)       LAB Waste                 Min: 464, Avg: 829.5, Max: 1320, Diff: 856, Sum: 10784, Workers: 13
[87.256s][debug][gc,phases   ] GC(28)       LAB Undo Waste            Min: 0, Avg:  0.0, Max: 0, Diff: 0, Sum: 0, Workers: 13
[87.257s][debug][gc,phases   ] GC(28)     Code Roots Purge: 0.0ms
[87.257s][debug][gc,phases   ] GC(28)     Redirty Cards: 0.1ms
[87.257s][debug][gc,phases   ] GC(28)     DerivedPointerTable Update: 0.1ms
[87.257s][debug][gc,phases   ] GC(28)     Free Collection Set: 0.1ms
[87.257s][debug][gc,phases   ] GC(28)     Rebuild Free List: 0.0ms
[87.257s][debug][gc,phases   ] GC(28)     Humongous Reclaim: 0.0ms
[87.257s][debug][gc,phases   ] GC(28)     Start New Collection Set: 0.0ms
[87.257s][debug][gc,phases   ] GC(28)     Resize TLABs: 0.1ms
[87.257s][debug][gc,phases   ] GC(28)     Expand Heap After Collection: 0.0ms
[87.257s][info ][gc,phases   ] GC(28)   Other: 0.5ms
[87.257s][info ][gc,heap     ] GC(28) Eden regions: 89->0(89)
[87.257s][info ][gc,heap     ] GC(28) Survivor regions: 4->4(12)
[87.257s][info ][gc,heap     ] GC(28) Old regions: 9->9
[87.257s][info ][gc,heap     ] GC(28) Archive regions: 2->2
[87.257s][info ][gc,heap     ] GC(28) Humongous regions: 0->0
[87.257s][info ][gc,metaspace] GC(28) Metaspace: 1634K(1792K)->1634K(1792K) NonClass: 1515K(1600K)->1515K(1600K) Class: 118K(192K)->118K(192K)
[87.257s][info ][gc          ] GC(28) Pause Young (Normal) (G1 Evacuation Pause) 819M->107M(1248M) 8.348ms
[87.257s][info ][gc,cpu      ] GC(28) User=0.08s Sys=0.01s Real=0.01s
[90.737s][info ][gc,start    ] GC(29) Pause Young (Normal) (G1 Evacuation Pause)
[90.737s][info ][gc,task     ] GC(29) Using 13 workers of 13 for evacuation
[90.744s][info ][gc,phases   ] GC(29)   Pre Evacuate Collection Set: 0.4ms
[90.744s][debug][gc,phases   ] GC(29)     Prepare TLABs: 0.2ms
[90.744s][debug][gc,phases   ] GC(29)     Concatenate Dirty Card Logs: 0.1ms
[90.744s][debug][gc,phases   ] GC(29)     Choose Collection Set: 0.0ms
[90.744s][debug][gc,phases   ] GC(29)     Region Register: 0.1ms
[90.744s][debug][gc,phases   ] GC(29)     Prepare Heap Roots: 0.0ms
[90.744s][info ][gc,phases   ] GC(29)   Merge Heap Roots: 0.2ms
[90.744s][debug][gc,phases   ] GC(29)     Prepare Merge Heap Roots: 0.0ms
[90.744s][debug][gc,phases   ] GC(29)     Eager Reclaim (ms):       skipped
[90.744s][debug][gc,phases   ] GC(29)     Remembered Sets (ms):     Min:  0.0, Avg:  0.0, Max:  0.0, Diff:  0.0, Sum:  0.0, Workers: 13
[90.744s][debug][gc,phases   ] GC(29)       Merged Sparse:            Min: 0, Avg:  0.0, Max: 0, Diff: 0, Sum: 0, Workers: 13
[90.744s][debug][gc,phases   ] GC(29)       Merged Fine:              Min: 0, Avg:  0.0, Max: 0, Diff: 0, Sum: 0, Workers: 13
[90.744s][debug][gc,phases   ] GC(29)       Merged Coarse:            Min: 0, Avg:  0.0, Max: 0, Diff: 0, Sum: 0, Workers: 13
[90.744s][debug][gc,phases   ] GC(29)       Dirty Cards:              Min: 0, Avg:  0.0, Max: 0, Diff: 0, Sum: 0, Workers: 13
[90.744s][debug][gc,phases   ] GC(29)     Hot Card Cache (ms):      Min:  0.0, Avg:  0.0, Max:  0.0, Diff:  0.0, Sum:  0.0, Workers: 13
[90.744s][debug][gc,phases   ] GC(29)       Dirty Cards:              Min: 0, Avg:  0.0, Max: 0, Diff: 0, Sum: 0, Workers: 13
[90.744s][debug][gc,phases   ] GC(29)       Skipped Cards:            Min: 0, Avg:  0.0, Max: 0, Diff: 0, Sum: 0, Workers: 13
[90.744s][debug][gc,phases   ] GC(29)     Log Buffers (ms):         Min:  0.1, Avg:  0.2, Max:  0.2, Diff:  0.1, Sum:  2.0, Workers: 13
[90.744s][debug][gc,phases   ] GC(29)       Dirty Cards:              Min: 1149, Avg: 2352.5, Max: 4642, Diff: 3493, Sum: 30582, Workers: 13
[90.744s][debug][gc,phases   ] GC(29)       Skipped Cards:            Min: 0, Avg:  0.0, Max: 0, Diff: 0, Sum: 0, Workers: 13
[90.744s][info ][gc,phases   ] GC(29)   Evacuate Collection Set: 6.0ms
[90.744s][debug][gc,phases   ] GC(29)     Ext Root Scanning (ms):   Min:  0.3, Avg:  0.4, Max:  0.5, Diff:  0.2, Sum:  5.4, Workers: 13
[90.744s][debug][gc,phases   ] GC(29)     Scan Heap Roots (ms):     Min:  2.0, Avg:  2.2, Max:  2.4, Diff:  0.4, Sum: 28.4, Workers: 13
[90.744s][debug][gc,phases   ] GC(29)       Scanned Cards:            Min: 1973, Avg: 2351.8, Max: 3291, Diff: 1318, Sum: 30573, Workers: 13
[90.744s][debug][gc,phases   ] GC(29)       Scanned Blocks:           Min: 1373, Avg: 1725.8, Max: 2438, Diff: 1065, Sum: 22435, Workers: 13
[90.744s][debug][gc,phases   ] GC(29)       Claimed Chunks:           Min: 8, Avg: 10.8, Max: 21, Diff: 13, Sum: 140, Workers: 13
[90.744s][debug][gc,phases   ] GC(29)     Code Root Scan (ms):      Min:  0.0, Avg:  0.0, Max:  0.0, Diff:  0.0, Sum:  0.0, Workers: 13
[90.744s][debug][gc,phases   ] GC(29)     Object Copy (ms):         Min:  2.9, Avg:  3.2, Max:  3.4, Diff:  0.4, Sum: 41.0, Workers: 13
[90.744s][debug][gc,phases   ] GC(29)     Termination (ms):         Min:  0.2, Avg:  0.2, Max:  0.2, Diff:  0.0, Sum:  2.2, Workers: 13
[90.744s][debug][gc,phases   ] GC(29)       Termination Attempts:     Min: 1, Avg:  1.8, Max: 2, Diff: 1, Sum: 23, Workers: 13
[90.744s][debug][gc,phases   ] GC(29)     GC Worker Other (ms):     Min:  0.0, Avg:  0.0, Max:  0.0, Diff:  0.0, Sum:  0.2, Workers: 13
[90.744s][debug][gc,phases   ] GC(29)     GC Worker Total (ms):     Min:  5.9, Avg:  5.9, Max:  6.0, Diff:  0.1, Sum: 77.2, Workers: 13
[90.744s][info ][gc,phases   ] GC(29)   Post Evacuate Collection Set: 0.4ms
[90.744s][debug][gc,phases   ] GC(29)     Code Roots Fixup: 0.0ms
[90.744s][debug][gc,phases   ] GC(29)     Clear Card Table: 0.1ms
[90.744s][debug][gc,phases   ] GC(29)     Reference Processing: 0.0ms
[90.744s][debug][gc,phases   ] GC(29)     Weak Processing: 0.0ms
[90.744s][debug][gc,phases   ] GC(29)       VM Weak                   Min:  0.0, Avg:  0.0, Max:  0.0, Diff:  0.0, Sum:  0.0, Workers: 2
[90.744s][debug][gc,phases   ] GC(29)         Dead                      Min: 0, Avg:  0.0, Max: 0, Diff: 0, Sum: 0, Workers: 2
[90.744s][debug][gc,phases   ] GC(29)         Total                     Min: 0, Avg: 28.5, Max: 57, Diff: 57, Sum: 57, Workers: 2
[90.744s][debug][gc,phases   ] GC(29)       ObjectSynchronizer Weak   Min:  0.0, Avg:  0.0, Max:  0.0, Diff:  0.0, Sum:  0.0, Workers: 2
[90.744s][debug][gc,phases   ] GC(29)         Dead                      Min: 0, Avg:  0.0, Max: 0, Diff: 0, Sum: 0, Workers: 2
[90.744s][debug][gc,phases   ] GC(29)         Total                     Min: 0, Avg:  4.5, Max: 9, Diff: 9, Sum: 9, Workers: 2
[90.744s][debug][gc,phases   ] GC(29)       JVMTI Tag Weak OopStorage Min:  0.0, Avg:  0.0, Max:  0.0, Diff:  0.0, Sum:  0.0, Workers: 2
[90.744s][debug][gc,phases   ] GC(29)         Dead                      Min: 0, Avg:  0.0, Max: 0, Diff: 0, Sum: 0, Workers: 2
[90.744s][debug][gc,phases   ] GC(29)         Total                     Min: 0, Avg:  0.0, Max: 0, Diff: 0, Sum: 0, Workers: 2
[90.744s][debug][gc,phases   ] GC(29)       StringTable Weak          Min:  0.0, Avg:  0.0, Max:  0.0, Diff:  0.0, Sum:  0.0, Workers: 2
[90.744s][debug][gc,phases   ] GC(29)         Dead                      Min: 0, Avg:  0.0, Max: 0, Diff: 0, Sum: 0, Workers: 2
[90.744s][debug][gc,phases   ] GC(29)         Total                     Min: 0, Avg: 339.5, Max: 679, Diff: 679, Sum: 679, Workers: 2
[90.744s][debug][gc,phases   ] GC(29)       ResolvedMethodTable Weak  Min:  0.0, Avg:  0.0, Max:  0.0, Diff:  0.0, Sum:  0.0, Workers: 2
[90.744s][debug][gc,phases   ] GC(29)         Dead                      Min: 0, Avg:  0.0, Max: 0, Diff: 0, Sum: 0, Workers: 2
[90.744s][debug][gc,phases   ] GC(29)         Total                     Min: 0, Avg: 140.5, Max: 281, Diff: 281, Sum: 281, Workers: 2
[90.744s][debug][gc,phases   ] GC(29)       JNI Weak                  Min:  0.0, Avg:  0.0, Max:  0.0, Diff:  0.0, Sum:  0.0, Workers: 2
[90.744s][debug][gc,phases   ] GC(29)         Dead                      Min: 0, Avg:  0.0, Max: 0, Diff: 0, Sum: 0, Workers: 2
[90.744s][debug][gc,phases   ] GC(29)         Total                     Min: 0, Avg:  0.0, Max: 0, Diff: 0, Sum: 0, Workers: 2
[90.744s][debug][gc,phases   ] GC(29)       Weak JFR Old Object Samples Min:  0.0, Avg:  0.0, Max:  0.0, Diff:  0.0, Sum:  0.0, Workers: 2
[90.744s][debug][gc,phases   ] GC(29)         Dead                      Min: 0, Avg:  0.0, Max: 0, Diff: 0, Sum: 0, Workers: 2
[90.744s][debug][gc,phases   ] GC(29)         Total                     Min: 0, Avg:  0.0, Max: 0, Diff: 0, Sum: 0, Workers: 2
[90.744s][debug][gc,phases   ] GC(29)     Merge Per-Thread State: 0.0ms
[90.744s][debug][gc,phases   ] GC(29)       Copied Bytes              Min: 1893584, Avg: 2162473.2, Max: 2533632, Diff: 640048, Sum: 28112152, Workers: 13
[90.744s][debug][gc,phases   ] GC(29)       LAB Waste                 Min: 488, Avg: 932.3, Max: 1488, Diff: 1000, Sum: 12120, Workers: 13
[90.744s][debug][gc,phases   ] GC(29)       LAB Undo Waste            Min: 0, Avg:  0.0, Max: 0, Diff: 0, Sum: 0, Workers: 13
[90.744s][debug][gc,phases   ] GC(29)     Code Roots Purge: 0.0ms
[90.744s][debug][gc,phases   ] GC(29)     Redirty Cards: 0.1ms
[90.745s][debug][gc,phases   ] GC(29)     DerivedPointerTable Update: 0.1ms
[90.745s][debug][gc,phases   ] GC(29)     Free Collection Set: 0.1ms
[90.745s][debug][gc,phases   ] GC(29)     Rebuild Free List: 0.1ms
[90.745s][debug][gc,phases   ] GC(29)     Humongous Reclaim: 0.0ms
[90.745s][debug][gc,phases   ] GC(29)     Start New Collection Set: 0.0ms
[90.745s][debug][gc,phases   ] GC(29)     Resize TLABs: 0.1ms
[90.745s][debug][gc,phases   ] GC(29)     Expand Heap After Collection: 0.0ms
[90.745s][info ][gc,phases   ] GC(29)   Other: 0.5ms
[90.745s][info ][gc,heap     ] GC(29) Eden regions: 89->0(89)
[90.745s][info ][gc,heap     ] GC(29) Survivor regions: 4->4(12)
[90.745s][info ][gc,heap     ] GC(29) Old regions: 9->9
[90.745s][info ][gc,heap     ] GC(29) Archive regions: 2->2
[90.745s][info ][gc,heap     ] GC(29) Humongous regions: 0->0
[90.745s][info ][gc,metaspace] GC(29) Metaspace: 1634K(1792K)->1634K(1792K) NonClass: 1515K(1600K)->1515K(1600K) Class: 118K(192K)->118K(192K)
[90.745s][info ][gc          ] GC(29) Pause Young (Normal) (G1 Evacuation Pause) 819M->107M(1248M) 8.016ms
[90.745s][info ][gc,cpu      ] GC(29) User=0.08s Sys=0.00s Real=0.01s
[94.197s][info ][gc,start    ] GC(30) Pause Young (Normal) (G1 Evacuation Pause)
[94.197s][info ][gc,task     ] GC(30) Using 13 workers of 13 for evacuation
[94.204s][info ][gc,phases   ] GC(30)   Pre Evacuate Collection Set: 0.3ms
[94.204s][debug][gc,phases   ] GC(30)     Prepare TLABs: 0.1ms
[94.204s][debug][gc,phases   ] GC(30)     Concatenate Dirty Card Logs: 0.1ms
[94.204s][debug][gc,phases   ] GC(30)     Choose Collection Set: 0.0ms
[94.204s][debug][gc,phases   ] GC(30)     Region Register: 0.1ms
[94.204s][debug][gc,phases   ] GC(30)     Prepare Heap Roots: 0.0ms
[94.204s][info ][gc,phases   ] GC(30)   Merge Heap Roots: 0.2ms
[94.204s][debug][gc,phases   ] GC(30)     Prepare Merge Heap Roots: 0.0ms
[94.204s][debug][gc,phases   ] GC(30)     Eager Reclaim (ms):       skipped
[94.204s][debug][gc,phases   ] GC(30)     Remembered Sets (ms):     Min:  0.0, Avg:  0.0, Max:  0.0, Diff:  0.0, Sum:  0.0, Workers: 13
[94.204s][debug][gc,phases   ] GC(30)       Merged Sparse:            Min: 0, Avg:  0.0, Max: 0, Diff: 0, Sum: 0, Workers: 13
[94.204s][debug][gc,phases   ] GC(30)       Merged Fine:              Min: 0, Avg:  0.0, Max: 0, Diff: 0, Sum: 0, Workers: 13
[94.204s][debug][gc,phases   ] GC(30)       Merged Coarse:            Min: 0, Avg:  0.0, Max: 0, Diff: 0, Sum: 0, Workers: 13
[94.204s][debug][gc,phases   ] GC(30)       Dirty Cards:              Min: 0, Avg:  0.0, Max: 0, Diff: 0, Sum: 0, Workers: 13
[94.204s][debug][gc,phases   ] GC(30)     Hot Card Cache (ms):      Min:  0.0, Avg:  0.0, Max:  0.0, Diff:  0.0, Sum:  0.0, Workers: 13
[94.204s][debug][gc,phases   ] GC(30)       Dirty Cards:              Min: 0, Avg:  0.0, Max: 0, Diff: 0, Sum: 0, Workers: 13
[94.204s][debug][gc,phases   ] GC(30)       Skipped Cards:            Min: 0, Avg:  0.0, Max: 0, Diff: 0, Sum: 0, Workers: 13
[94.204s][debug][gc,phases   ] GC(30)     Log Buffers (ms):         Min:  0.1, Avg:  0.1, Max:  0.1, Diff:  0.1, Sum:  1.4, Workers: 13
[94.204s][debug][gc,phases   ] GC(30)       Dirty Cards:              Min: 585, Avg: 2299.4, Max: 5341, Diff: 4756, Sum: 29892, Workers: 13
[94.204s][debug][gc,phases   ] GC(30)       Skipped Cards:            Min: 0, Avg:  0.0, Max: 0, Diff: 0, Sum: 0, Workers: 13
[94.204s][info ][gc,phases   ] GC(30)   Evacuate Collection Set: 5.5ms
[94.204s][debug][gc,phases   ] GC(30)     Ext Root Scanning (ms):   Min:  0.3, Avg:  0.4, Max:  0.5, Diff:  0.2, Sum:  5.4, Workers: 13
[94.204s][debug][gc,phases   ] GC(30)     Scan Heap Roots (ms):     Min:  1.7, Avg:  1.8, Max:  1.9, Diff:  0.3, Sum: 23.5, Workers: 13
[94.204s][debug][gc,phases   ] GC(30)       Scanned Cards:            Min: 2009, Avg: 2298.4, Max: 3245, Diff: 1236, Sum: 29879, Workers: 13
[94.204s][debug][gc,phases   ] GC(30)       Scanned Blocks:           Min: 1448, Avg: 1699.7, Max: 2483, Diff: 1035, Sum: 22096, Workers: 13
[94.204s][debug][gc,phases   ] GC(30)       Claimed Chunks:           Min: 8, Avg: 10.8, Max: 21, Diff: 13, Sum: 140, Workers: 13
[94.204s][debug][gc,phases   ] GC(30)     Code Root Scan (ms):      Min:  0.0, Avg:  0.0, Max:  0.0, Diff:  0.0, Sum:  0.0, Workers: 13
[94.204s][debug][gc,phases   ] GC(30)     Object Copy (ms):         Min:  2.9, Avg:  3.1, Max:  3.2, Diff:  0.3, Sum: 40.2, Workers: 13
[94.204s][debug][gc,phases   ] GC(30)     Termination (ms):         Min:  0.1, Avg:  0.1, Max:  0.1, Diff:  0.1, Sum:  1.6, Workers: 13
[94.204s][debug][gc,phases   ] GC(30)       Termination Attempts:     Min: 1, Avg:  1.1, Max: 2, Diff: 1, Sum: 14, Workers: 13
[94.204s][debug][gc,phases   ] GC(30)     GC Worker Other (ms):     Min:  0.0, Avg:  0.0, Max:  0.0, Diff:  0.0, Sum:  0.1, Workers: 13
[94.204s][debug][gc,phases   ] GC(30)     GC Worker Total (ms):     Min:  5.4, Avg:  5.4, Max:  5.5, Diff:  0.1, Sum: 70.8, Workers: 13
[94.204s][info ][gc,phases   ] GC(30)   Post Evacuate Collection Set: 0.3ms
[94.204s][debug][gc,phases   ] GC(30)     Code Roots Fixup: 0.0ms
[94.204s][debug][gc,phases   ] GC(30)     Clear Card Table: 0.1ms
[94.204s][debug][gc,phases   ] GC(30)     Reference Processing: 0.0ms
[94.204s][debug][gc,phases   ] GC(30)     Weak Processing: 0.0ms
[94.204s][debug][gc,phases   ] GC(30)       VM Weak                   Min:  0.0, Avg:  0.0, Max:  0.0, Diff:  0.0, Sum:  0.0, Workers: 2
[94.204s][debug][gc,phases   ] GC(30)         Dead                      Min: 0, Avg:  0.0, Max: 0, Diff: 0, Sum: 0, Workers: 2
[94.204s][debug][gc,phases   ] GC(30)         Total                     Min: 0, Avg: 28.5, Max: 57, Diff: 57, Sum: 57, Workers: 2
[94.204s][debug][gc,phases   ] GC(30)       ObjectSynchronizer Weak   Min:  0.0, Avg:  0.0, Max:  0.0, Diff:  0.0, Sum:  0.0, Workers: 2
[94.204s][debug][gc,phases   ] GC(30)         Dead                      Min: 0, Avg:  0.0, Max: 0, Diff: 0, Sum: 0, Workers: 2
[94.204s][debug][gc,phases   ] GC(30)         Total                     Min: 0, Avg:  4.5, Max: 9, Diff: 9, Sum: 9, Workers: 2
[94.204s][debug][gc,phases   ] GC(30)       JVMTI Tag Weak OopStorage Min:  0.0, Avg:  0.0, Max:  0.0, Diff:  0.0, Sum:  0.0, Workers: 2
[94.204s][debug][gc,phases   ] GC(30)         Dead                      Min: 0, Avg:  0.0, Max: 0, Diff: 0, Sum: 0, Workers: 2
[94.204s][debug][gc,phases   ] GC(30)         Total                     Min: 0, Avg:  0.0, Max: 0, Diff: 0, Sum: 0, Workers: 2
[94.204s][debug][gc,phases   ] GC(30)       StringTable Weak          Min:  0.0, Avg:  0.0, Max:  0.0, Diff:  0.0, Sum:  0.0, Workers: 2
[94.204s][debug][gc,phases   ] GC(30)         Dead                      Min: 0, Avg:  0.0, Max: 0, Diff: 0, Sum: 0, Workers: 2
[94.204s][debug][gc,phases   ] GC(30)         Total                     Min: 0, Avg: 339.5, Max: 679, Diff: 679, Sum: 679, Workers: 2
[94.204s][debug][gc,phases   ] GC(30)       ResolvedMethodTable Weak  Min:  0.0, Avg:  0.0, Max:  0.0, Diff:  0.0, Sum:  0.0, Workers: 2
[94.204s][debug][gc,phases   ] GC(30)         Dead                      Min: 0, Avg:  0.0, Max: 0, Diff: 0, Sum: 0, Workers: 2
[94.204s][debug][gc,phases   ] GC(30)         Total                     Min: 0, Avg: 140.5, Max: 281, Diff: 281, Sum: 281, Workers: 2
[94.205s][debug][gc,phases   ] GC(30)       JNI Weak                  Min:  0.0, Avg:  0.0, Max:  0.0, Diff:  0.0, Sum:  0.0, Workers: 2
[94.205s][debug][gc,phases   ] GC(30)         Dead                      Min: 0, Avg:  0.0, Max: 0, Diff: 0, Sum: 0, Workers: 2
[94.205s][debug][gc,phases   ] GC(30)         Total                     Min: 0, Avg:  0.0, Max: 0, Diff: 0, Sum: 0, Workers: 2
[94.205s][debug][gc,phases   ] GC(30)       Weak JFR Old Object Samples Min:  0.0, Avg:  0.0, Max:  0.0, Diff:  0.0, Sum:  0.0, Workers: 2
[94.205s][debug][gc,phases   ] GC(30)         Dead                      Min: 0, Avg:  0.0, Max: 0, Diff: 0, Sum: 0, Workers: 2
[94.205s][debug][gc,phases   ] GC(30)         Total                     Min: 0, Avg:  0.0, Max: 0, Diff: 0, Sum: 0, Workers: 2
[94.205s][debug][gc,phases   ] GC(30)     Merge Per-Thread State: 0.0ms
[94.205s][debug][gc,phases   ] GC(30)       Copied Bytes              Min: 1981816, Avg: 2174048.6, Max: 2831736, Diff: 849920, Sum: 28262632, Workers: 13
[94.205s][debug][gc,phases   ] GC(30)       LAB Waste                 Min: 384, Avg: 699.1, Max: 1096, Diff: 712, Sum: 9088, Workers: 13
[94.205s][debug][gc,phases   ] GC(30)       LAB Undo Waste            Min: 0, Avg:  0.0, Max: 0, Diff: 0, Sum: 0, Workers: 13
[94.205s][debug][gc,phases   ] GC(30)     Code Roots Purge: 0.0ms
[94.205s][debug][gc,phases   ] GC(30)     Redirty Cards: 0.1ms
[94.205s][debug][gc,phases   ] GC(30)     DerivedPointerTable Update: 0.1ms
[94.205s][debug][gc,phases   ] GC(30)     Free Collection Set: 0.1ms
[94.205s][debug][gc,phases   ] GC(30)     Rebuild Free List: 0.0ms
[94.205s][debug][gc,phases   ] GC(30)     Humongous Reclaim: 0.0ms
[94.205s][debug][gc,phases   ] GC(30)     Start New Collection Set: 0.0ms
[94.205s][debug][gc,phases   ] GC(30)     Resize TLABs: 0.1ms
[94.205s][debug][gc,phases   ] GC(30)     Expand Heap After Collection: 0.0ms
[94.205s][info ][gc,phases   ] GC(30)   Other: 0.4ms
[94.205s][info ][gc,heap     ] GC(30) Eden regions: 89->0(89)
[94.205s][info ][gc,heap     ] GC(30) Survivor regions: 4->4(12)
[94.205s][info ][gc,heap     ] GC(30) Old regions: 9->9
[94.205s][info ][gc,heap     ] GC(30) Archive regions: 2->2
[94.205s][info ][gc,heap     ] GC(30) Humongous regions: 0->0
[94.205s][info ][gc,metaspace] GC(30) Metaspace: 1642K(1792K)->1642K(1792K) NonClass: 1523K(1600K)->1523K(1600K) Class: 118K(192K)->118K(192K)
[94.205s][info ][gc          ] GC(30) Pause Young (Normal) (G1 Evacuation Pause) 819M->106M(1248M) 7.270ms
[94.205s][info ][gc,cpu      ] GC(30) User=0.07s Sys=0.00s Real=0.01s
[97.684s][info ][gc,start    ] GC(31) Pause Young (Normal) (G1 Evacuation Pause)
[97.684s][info ][gc,task     ] GC(31) Using 13 workers of 13 for evacuation
[97.691s][info ][gc,phases   ] GC(31)   Pre Evacuate Collection Set: 0.3ms
[97.691s][debug][gc,phases   ] GC(31)     Prepare TLABs: 0.1ms
[97.691s][debug][gc,phases   ] GC(31)     Concatenate Dirty Card Logs: 0.1ms
[97.691s][debug][gc,phases   ] GC(31)     Choose Collection Set: 0.0ms
[97.691s][debug][gc,phases   ] GC(31)     Region Register: 0.1ms
[97.691s][debug][gc,phases   ] GC(31)     Prepare Heap Roots: 0.0ms
[97.691s][info ][gc,phases   ] GC(31)   Merge Heap Roots: 0.2ms
[97.691s][debug][gc,phases   ] GC(31)     Prepare Merge Heap Roots: 0.0ms
[97.691s][debug][gc,phases   ] GC(31)     Eager Reclaim (ms):       skipped
[97.691s][debug][gc,phases   ] GC(31)     Remembered Sets (ms):     Min:  0.0, Avg:  0.0, Max:  0.0, Diff:  0.0, Sum:  0.1, Workers: 13
[97.691s][debug][gc,phases   ] GC(31)       Merged Sparse:            Min: 0, Avg:  0.0, Max: 0, Diff: 0, Sum: 0, Workers: 13
[97.691s][debug][gc,phases   ] GC(31)       Merged Fine:              Min: 0, Avg:  0.0, Max: 0, Diff: 0, Sum: 0, Workers: 13
[97.691s][debug][gc,phases   ] GC(31)       Merged Coarse:            Min: 0, Avg:  0.0, Max: 0, Diff: 0, Sum: 0, Workers: 13
[97.691s][debug][gc,phases   ] GC(31)       Dirty Cards:              Min: 0, Avg:  0.0, Max: 0, Diff: 0, Sum: 0, Workers: 13
[97.691s][debug][gc,phases   ] GC(31)     Hot Card Cache (ms):      Min:  0.0, Avg:  0.0, Max:  0.0, Diff:  0.0, Sum:  0.0, Workers: 13
[97.691s][debug][gc,phases   ] GC(31)       Dirty Cards:              Min: 0, Avg:  0.0, Max: 0, Diff: 0, Sum: 0, Workers: 13
[97.691s][debug][gc,phases   ] GC(31)       Skipped Cards:            Min: 0, Avg:  0.0, Max: 0, Diff: 0, Sum: 0, Workers: 13
[97.691s][debug][gc,phases   ] GC(31)     Log Buffers (ms):         Min:  0.1, Avg:  0.1, Max:  0.2, Diff:  0.1, Sum:  1.7, Workers: 13
[97.691s][debug][gc,phases   ] GC(31)       Dirty Cards:              Min: 799, Avg: 2239.6, Max: 3448, Diff: 2649, Sum: 29115, Workers: 13
[97.691s][debug][gc,phases   ] GC(31)       Skipped Cards:            Min: 0, Avg:  0.0, Max: 0, Diff: 0, Sum: 0, Workers: 13
[97.691s][info ][gc,phases   ] GC(31)   Evacuate Collection Set: 6.3ms
[97.691s][debug][gc,phases   ] GC(31)     Ext Root Scanning (ms):   Min:  0.4, Avg:  0.5, Max:  0.6, Diff:  0.2, Sum:  6.1, Workers: 13
[97.691s][debug][gc,phases   ] GC(31)     Scan Heap Roots (ms):     Min:  2.0, Avg:  2.3, Max:  2.4, Diff:  0.4, Sum: 29.5, Workers: 13
[97.691s][debug][gc,phases   ] GC(31)       Scanned Cards:            Min: 1976, Avg: 2238.2, Max: 2687, Diff: 711, Sum: 29096, Workers: 13
[97.691s][debug][gc,phases   ] GC(31)       Scanned Blocks:           Min: 1450, Avg: 1669.4, Max: 1909, Diff: 459, Sum: 21702, Workers: 13
[97.691s][debug][gc,phases   ] GC(31)       Claimed Chunks:           Min: 8, Avg: 10.8, Max: 19, Diff: 11, Sum: 141, Workers: 13
[97.691s][debug][gc,phases   ] GC(31)     Code Root Scan (ms):      Min:  0.0, Avg:  0.0, Max:  0.0, Diff:  0.0, Sum:  0.0, Workers: 13
[97.691s][debug][gc,phases   ] GC(31)     Object Copy (ms):         Min:  3.2, Avg:  3.3, Max:  3.5, Diff:  0.3, Sum: 42.5, Workers: 13
[97.691s][debug][gc,phases   ] GC(31)     Termination (ms):         Min:  0.1, Avg:  0.2, Max:  0.3, Diff:  0.1, Sum:  3.0, Workers: 13
[97.691s][debug][gc,phases   ] GC(31)       Termination Attempts:     Min: 1, Avg:  1.8, Max: 3, Diff: 2, Sum: 24, Workers: 13
[97.691s][debug][gc,phases   ] GC(31)     GC Worker Other (ms):     Min:  0.0, Avg:  0.0, Max:  0.1, Diff:  0.1, Sum:  0.2, Workers: 13
[97.691s][debug][gc,phases   ] GC(31)     GC Worker Total (ms):     Min:  6.2, Avg:  6.3, Max:  6.3, Diff:  0.1, Sum: 81.3, Workers: 13
[97.691s][info ][gc,phases   ] GC(31)   Post Evacuate Collection Set: 0.3ms
[97.691s][debug][gc,phases   ] GC(31)     Code Roots Fixup: 0.0ms
[97.691s][debug][gc,phases   ] GC(31)     Clear Card Table: 0.1ms
[97.691s][debug][gc,phases   ] GC(31)     Reference Processing: 0.0ms
[97.691s][debug][gc,phases   ] GC(31)     Weak Processing: 0.0ms
[97.692s][debug][gc,phases   ] GC(31)       VM Weak                   Min:  0.0, Avg:  0.0, Max:  0.0, Diff:  0.0, Sum:  0.0, Workers: 2
[97.692s][debug][gc,phases   ] GC(31)         Dead                      Min: 0, Avg:  0.0, Max: 0, Diff: 0, Sum: 0, Workers: 2
[97.692s][debug][gc,phases   ] GC(31)         Total                     Min: 0, Avg: 28.5, Max: 57, Diff: 57, Sum: 57, Workers: 2
[97.692s][debug][gc,phases   ] GC(31)       ObjectSynchronizer Weak   Min:  0.0, Avg:  0.0, Max:  0.0, Diff:  0.0, Sum:  0.0, Workers: 2
[97.692s][debug][gc,phases   ] GC(31)         Dead                      Min: 0, Avg:  0.0, Max: 0, Diff: 0, Sum: 0, Workers: 2
[97.692s][debug][gc,phases   ] GC(31)         Total                     Min: 0, Avg:  4.5, Max: 9, Diff: 9, Sum: 9, Workers: 2
[97.692s][debug][gc,phases   ] GC(31)       JVMTI Tag Weak OopStorage Min:  0.0, Avg:  0.0, Max:  0.0, Diff:  0.0, Sum:  0.0, Workers: 2
[97.692s][debug][gc,phases   ] GC(31)         Dead                      Min: 0, Avg:  0.0, Max: 0, Diff: 0, Sum: 0, Workers: 2
[97.692s][debug][gc,phases   ] GC(31)         Total                     Min: 0, Avg:  0.0, Max: 0, Diff: 0, Sum: 0, Workers: 2
[97.692s][debug][gc,phases   ] GC(31)       StringTable Weak          Min:  0.0, Avg:  0.0, Max:  0.0, Diff:  0.0, Sum:  0.0, Workers: 2
[97.692s][debug][gc,phases   ] GC(31)         Dead                      Min: 0, Avg:  0.0, Max: 0, Diff: 0, Sum: 0, Workers: 2
[97.692s][debug][gc,phases   ] GC(31)         Total                     Min: 0, Avg: 339.5, Max: 679, Diff: 679, Sum: 679, Workers: 2
[97.692s][debug][gc,phases   ] GC(31)       ResolvedMethodTable Weak  Min:  0.0, Avg:  0.0, Max:  0.0, Diff:  0.0, Sum:  0.0, Workers: 2
[97.692s][debug][gc,phases   ] GC(31)         Dead                      Min: 0, Avg:  0.0, Max: 0, Diff: 0, Sum: 0, Workers: 2
[97.692s][debug][gc,phases   ] GC(31)         Total                     Min: 64, Avg: 140.5, Max: 217, Diff: 153, Sum: 281, Workers: 2
[97.692s][debug][gc,phases   ] GC(31)       JNI Weak                  Min:  0.0, Avg:  0.0, Max:  0.0, Diff:  0.0, Sum:  0.0, Workers: 2
[97.692s][debug][gc,phases   ] GC(31)         Dead                      Min: 0, Avg:  0.0, Max: 0, Diff: 0, Sum: 0, Workers: 2
[97.692s][debug][gc,phases   ] GC(31)         Total                     Min: 0, Avg:  0.0, Max: 0, Diff: 0, Sum: 0, Workers: 2
[97.692s][debug][gc,phases   ] GC(31)       Weak JFR Old Object Samples Min:  0.0, Avg:  0.0, Max:  0.0, Diff:  0.0, Sum:  0.0, Workers: 2
[97.692s][debug][gc,phases   ] GC(31)         Dead                      Min: 0, Avg:  0.0, Max: 0, Diff: 0, Sum: 0, Workers: 2
[97.692s][debug][gc,phases   ] GC(31)         Total                     Min: 0, Avg:  0.0, Max: 0, Diff: 0, Sum: 0, Workers: 2
[97.692s][debug][gc,phases   ] GC(31)     Merge Per-Thread State: 0.0ms
[97.692s][debug][gc,phases   ] GC(31)       Copied Bytes              Min: 2014696, Avg: 2157389.5, Max: 2353352, Diff: 338656, Sum: 28046064, Workers: 13
[97.692s][debug][gc,phases   ] GC(31)       LAB Waste                 Min: 320, Avg: 875.1, Max: 1448, Diff: 1128, Sum: 11376, Workers: 13
[97.692s][debug][gc,phases   ] GC(31)       LAB Undo Waste            Min: 0, Avg:  0.0, Max: 0, Diff: 0, Sum: 0, Workers: 13
[97.692s][debug][gc,phases   ] GC(31)     Code Roots Purge: 0.0ms
[97.692s][debug][gc,phases   ] GC(31)     Redirty Cards: 0.1ms
[97.692s][debug][gc,phases   ] GC(31)     DerivedPointerTable Update: 0.1ms
[97.692s][debug][gc,phases   ] GC(31)     Free Collection Set: 0.1ms
[97.692s][debug][gc,phases   ] GC(31)     Rebuild Free List: 0.1ms
[97.692s][debug][gc,phases   ] GC(31)     Humongous Reclaim: 0.0ms
[97.692s][debug][gc,phases   ] GC(31)     Start New Collection Set: 0.0ms
[97.692s][debug][gc,phases   ] GC(31)     Resize TLABs: 0.1ms
[97.692s][debug][gc,phases   ] GC(31)     Expand Heap After Collection: 0.0ms
[97.692s][info ][gc,phases   ] GC(31)   Other: 0.5ms
[97.692s][info ][gc,heap     ] GC(31) Eden regions: 89->0(89)
[97.692s][info ][gc,heap     ] GC(31) Survivor regions: 4->4(12)
[97.692s][info ][gc,heap     ] GC(31) Old regions: 9->9
[97.692s][info ][gc,heap     ] GC(31) Archive regions: 2->2
[97.692s][info ][gc,heap     ] GC(31) Humongous regions: 0->0
[97.692s][info ][gc,metaspace] GC(31) Metaspace: 1642K(1792K)->1642K(1792K) NonClass: 1523K(1600K)->1523K(1600K) Class: 118K(192K)->118K(192K)
[97.692s][info ][gc          ] GC(31) Pause Young (Normal) (G1 Evacuation Pause) 818M->107M(1248M) 8.167ms
[97.692s][info ][gc,cpu      ] GC(31) User=0.08s Sys=0.00s Real=0.01s
[101.131s][info ][gc,start    ] GC(32) Pause Young (Normal) (G1 Evacuation Pause)
[101.131s][info ][gc,task     ] GC(32) Using 13 workers of 13 for evacuation
[101.138s][info ][gc,phases   ] GC(32)   Pre Evacuate Collection Set: 0.3ms
[101.138s][debug][gc,phases   ] GC(32)     Prepare TLABs: 0.1ms
[101.138s][debug][gc,phases   ] GC(32)     Concatenate Dirty Card Logs: 0.1ms
[101.138s][debug][gc,phases   ] GC(32)     Choose Collection Set: 0.0ms
[101.138s][debug][gc,phases   ] GC(32)     Region Register: 0.1ms
[101.138s][debug][gc,phases   ] GC(32)     Prepare Heap Roots: 0.0ms
[101.138s][info ][gc,phases   ] GC(32)   Merge Heap Roots: 0.2ms
[101.138s][debug][gc,phases   ] GC(32)     Prepare Merge Heap Roots: 0.0ms
[101.138s][debug][gc,phases   ] GC(32)     Eager Reclaim (ms):       skipped
[101.138s][debug][gc,phases   ] GC(32)     Remembered Sets (ms):     Min:  0.0, Avg:  0.0, Max:  0.0, Diff:  0.0, Sum:  0.1, Workers: 13
[101.138s][debug][gc,phases   ] GC(32)       Merged Sparse:            Min: 0, Avg:  0.0, Max: 0, Diff: 0, Sum: 0, Workers: 13
[101.138s][debug][gc,phases   ] GC(32)       Merged Fine:              Min: 0, Avg:  0.0, Max: 0, Diff: 0, Sum: 0, Workers: 13
[101.138s][debug][gc,phases   ] GC(32)       Merged Coarse:            Min: 0, Avg:  0.0, Max: 0, Diff: 0, Sum: 0, Workers: 13
[101.138s][debug][gc,phases   ] GC(32)       Dirty Cards:              Min: 0, Avg:  0.0, Max: 0, Diff: 0, Sum: 0, Workers: 13
[101.138s][debug][gc,phases   ] GC(32)     Hot Card Cache (ms):      Min:  0.0, Avg:  0.0, Max:  0.0, Diff:  0.0, Sum:  0.0, Workers: 13
[101.138s][debug][gc,phases   ] GC(32)       Dirty Cards:              Min: 0, Avg:  0.0, Max: 0, Diff: 0, Sum: 0, Workers: 13
[101.138s][debug][gc,phases   ] GC(32)       Skipped Cards:            Min: 0, Avg:  0.0, Max: 0, Diff: 0, Sum: 0, Workers: 13
[101.138s][debug][gc,phases   ] GC(32)     Log Buffers (ms):         Min:  0.1, Avg:  0.1, Max:  0.2, Diff:  0.1, Sum:  1.6, Workers: 13
[101.138s][debug][gc,phases   ] GC(32)       Dirty Cards:              Min: 1044, Avg: 2288.8, Max: 5023, Diff: 3979, Sum: 29755, Workers: 13
[101.138s][debug][gc,phases   ] GC(32)       Skipped Cards:            Min: 0, Avg:  0.0, Max: 0, Diff: 0, Sum: 0, Workers: 13
[101.138s][info ][gc,phases   ] GC(32)   Evacuate Collection Set: 5.9ms
[101.138s][debug][gc,phases   ] GC(32)     Ext Root Scanning (ms):   Min:  0.3, Avg:  0.4, Max:  0.5, Diff:  0.1, Sum:  5.3, Workers: 13
[101.138s][debug][gc,phases   ] GC(32)     Scan Heap Roots (ms):     Min:  2.0, Avg:  2.1, Max:  2.3, Diff:  0.3, Sum: 26.9, Workers: 13
[101.138s][debug][gc,phases   ] GC(32)       Scanned Cards:            Min: 1956, Avg: 2288.4, Max: 3103, Diff: 1147, Sum: 29749, Workers: 13
[101.138s][debug][gc,phases   ] GC(32)       Scanned Blocks:           Min: 1393, Avg: 1693.7, Max: 2334, Diff: 941, Sum: 22018, Workers: 13
[101.138s][debug][gc,phases   ] GC(32)       Claimed Chunks:           Min: 8, Avg: 10.8, Max: 21, Diff: 13, Sum: 141, Workers: 13
[101.138s][debug][gc,phases   ] GC(32)     Code Root Scan (ms):      Min:  0.0, Avg:  0.0, Max:  0.0, Diff:  0.0, Sum:  0.0, Workers: 13
[101.138s][debug][gc,phases   ] GC(32)     Object Copy (ms):         Min:  3.0, Avg:  3.2, Max:  3.4, Diff:  0.4, Sum: 41.0, Workers: 13
[101.138s][debug][gc,phases   ] GC(32)     Termination (ms):         Min:  0.1, Avg:  0.1, Max:  0.1, Diff:  0.0, Sum:  1.6, Workers: 13
[101.138s][debug][gc,phases   ] GC(32)       Termination Attempts:     Min: 1, Avg:  1.0, Max: 1, Diff: 0, Sum: 13, Workers: 13
[101.138s][debug][gc,phases   ] GC(32)     GC Worker Other (ms):     Min:  0.0, Avg:  0.0, Max:  0.0, Diff:  0.0, Sum:  0.1, Workers: 13
[101.138s][debug][gc,phases   ] GC(32)     GC Worker Total (ms):     Min:  5.7, Avg:  5.8, Max:  5.8, Diff:  0.1, Sum: 75.0, Workers: 13
[101.138s][info ][gc,phases   ] GC(32)   Post Evacuate Collection Set: 0.3ms
[101.138s][debug][gc,phases   ] GC(32)     Code Roots Fixup: 0.0ms
[101.138s][debug][gc,phases   ] GC(32)     Clear Card Table: 0.1ms
[101.138s][debug][gc,phases   ] GC(32)     Reference Processing: 0.0ms
[101.138s][debug][gc,phases   ] GC(32)     Weak Processing: 0.0ms
[101.138s][debug][gc,phases   ] GC(32)       VM Weak                   Min:  0.0, Avg:  0.0, Max:  0.0, Diff:  0.0, Sum:  0.0, Workers: 2
[101.138s][debug][gc,phases   ] GC(32)         Dead                      Min: 0, Avg:  0.0, Max: 0, Diff: 0, Sum: 0, Workers: 2
[101.138s][debug][gc,phases   ] GC(32)         Total                     Min: 0, Avg: 28.5, Max: 57, Diff: 57, Sum: 57, Workers: 2
[101.138s][debug][gc,phases   ] GC(32)       ObjectSynchronizer Weak   Min:  0.0, Avg:  0.0, Max:  0.0, Diff:  0.0, Sum:  0.0, Workers: 2
[101.138s][debug][gc,phases   ] GC(32)         Dead                      Min: 0, Avg:  0.0, Max: 0, Diff: 0, Sum: 0, Workers: 2
[101.138s][debug][gc,phases   ] GC(32)         Total                     Min: 0, Avg:  4.5, Max: 9, Diff: 9, Sum: 9, Workers: 2
[101.138s][debug][gc,phases   ] GC(32)       JVMTI Tag Weak OopStorage Min:  0.0, Avg:  0.0, Max:  0.0, Diff:  0.0, Sum:  0.0, Workers: 2
[101.138s][debug][gc,phases   ] GC(32)         Dead                      Min: 0, Avg:  0.0, Max: 0, Diff: 0, Sum: 0, Workers: 2
[101.138s][debug][gc,phases   ] GC(32)         Total                     Min: 0, Avg:  0.0, Max: 0, Diff: 0, Sum: 0, Workers: 2
[101.138s][debug][gc,phases   ] GC(32)       StringTable Weak          Min:  0.0, Avg:  0.0, Max:  0.0, Diff:  0.0, Sum:  0.0, Workers: 2
[101.138s][debug][gc,phases   ] GC(32)         Dead                      Min: 0, Avg:  0.0, Max: 0, Diff: 0, Sum: 0, Workers: 2
[101.138s][debug][gc,phases   ] GC(32)         Total                     Min: 64, Avg: 339.5, Max: 615, Diff: 551, Sum: 679, Workers: 2
[101.138s][debug][gc,phases   ] GC(32)       ResolvedMethodTable Weak  Min:  0.0, Avg:  0.0, Max:  0.0, Diff:  0.0, Sum:  0.0, Workers: 2
[101.138s][debug][gc,phases   ] GC(32)         Dead                      Min: 0, Avg:  0.0, Max: 0, Diff: 0, Sum: 0, Workers: 2
[101.138s][debug][gc,phases   ] GC(32)         Total                     Min: 128, Avg: 140.5, Max: 153, Diff: 25, Sum: 281, Workers: 2
[101.138s][debug][gc,phases   ] GC(32)       JNI Weak                  Min:  0.0, Avg:  0.0, Max:  0.0, Diff:  0.0, Sum:  0.0, Workers: 2
[101.138s][debug][gc,phases   ] GC(32)         Dead                      Min: 0, Avg:  0.0, Max: 0, Diff: 0, Sum: 0, Workers: 2
[101.138s][debug][gc,phases   ] GC(32)         Total                     Min: 0, Avg:  0.0, Max: 0, Diff: 0, Sum: 0, Workers: 2
[101.138s][debug][gc,phases   ] GC(32)       Weak JFR Old Object Samples Min:  0.0, Avg:  0.0, Max:  0.0, Diff:  0.0, Sum:  0.0, Workers: 2
[101.138s][debug][gc,phases   ] GC(32)         Dead                      Min: 0, Avg:  0.0, Max: 0, Diff: 0, Sum: 0, Workers: 2
[101.138s][debug][gc,phases   ] GC(32)         Total                     Min: 0, Avg:  0.0, Max: 0, Diff: 0, Sum: 0, Workers: 2
[101.138s][debug][gc,phases   ] GC(32)     Merge Per-Thread State: 0.0ms
[101.138s][debug][gc,phases   ] GC(32)       Copied Bytes              Min: 1950744, Avg: 2181613.5, Max: 2444624, Diff: 493880, Sum: 28360976, Workers: 13
[101.138s][debug][gc,phases   ] GC(32)       LAB Waste                 Min: 352, Avg: 851.1, Max: 1344, Diff: 992, Sum: 11064, Workers: 13
[101.138s][debug][gc,phases   ] GC(32)       LAB Undo Waste            Min: 0, Avg:  0.0, Max: 0, Diff: 0, Sum: 0, Workers: 13
[101.138s][debug][gc,phases   ] GC(32)     Code Roots Purge: 0.0ms
[101.138s][debug][gc,phases   ] GC(32)     Redirty Cards: 0.1ms
[101.138s][debug][gc,phases   ] GC(32)     DerivedPointerTable Update: 0.1ms
[101.138s][debug][gc,phases   ] GC(32)     Free Collection Set: 0.1ms
[101.138s][debug][gc,phases   ] GC(32)     Rebuild Free List: 0.0ms
[101.138s][debug][gc,phases   ] GC(32)     Humongous Reclaim: 0.0ms
[101.138s][debug][gc,phases   ] GC(32)     Start New Collection Set: 0.0ms
[101.138s][debug][gc,phases   ] GC(32)     Resize TLABs: 0.1ms
[101.138s][debug][gc,phases   ] GC(32)     Expand Heap After Collection: 0.0ms
[101.138s][info ][gc,phases   ] GC(32)   Other: 0.4ms
[101.138s][info ][gc,heap     ] GC(32) Eden regions: 89->0(89)
[101.138s][info ][gc,heap     ] GC(32) Survivor regions: 4->4(12)
[101.138s][info ][gc,heap     ] GC(32) Old regions: 9->9
[101.138s][info ][gc,heap     ] GC(32) Archive regions: 2->2
[101.138s][info ][gc,heap     ] GC(32) Humongous regions: 0->0
[101.138s][info ][gc,metaspace] GC(32) Metaspace: 1642K(1792K)->1642K(1792K) NonClass: 1523K(1600K)->1523K(1600K) Class: 118K(192K)->118K(192K)
[101.138s][info ][gc          ] GC(32) Pause Young (Normal) (G1 Evacuation Pause) 819M->107M(1248M) 7.603ms
[101.138s][info ][gc,cpu      ] GC(32) User=0.07s Sys=0.00s Real=0.01s
[104.625s][info ][gc,start    ] GC(33) Pause Young (Normal) (G1 Evacuation Pause)
[104.625s][info ][gc,task     ] GC(33) Using 13 workers of 13 for evacuation
[104.633s][info ][gc,phases   ] GC(33)   Pre Evacuate Collection Set: 0.4ms
[104.633s][debug][gc,phases   ] GC(33)     Prepare TLABs: 0.2ms
[104.633s][debug][gc,phases   ] GC(33)     Concatenate Dirty Card Logs: 0.1ms
[104.633s][debug][gc,phases   ] GC(33)     Choose Collection Set: 0.0ms
[104.633s][debug][gc,phases   ] GC(33)     Region Register: 0.1ms
[104.633s][debug][gc,phases   ] GC(33)     Prepare Heap Roots: 0.0ms
[104.633s][info ][gc,phases   ] GC(33)   Merge Heap Roots: 0.2ms
[104.633s][debug][gc,phases   ] GC(33)     Prepare Merge Heap Roots: 0.0ms
[104.633s][debug][gc,phases   ] GC(33)     Eager Reclaim (ms):       skipped
[104.633s][debug][gc,phases   ] GC(33)     Remembered Sets (ms):     Min:  0.0, Avg:  0.0, Max:  0.0, Diff:  0.0, Sum:  0.1, Workers: 13
[104.633s][debug][gc,phases   ] GC(33)       Merged Sparse:            Min: 0, Avg:  0.0, Max: 0, Diff: 0, Sum: 0, Workers: 13
[104.633s][debug][gc,phases   ] GC(33)       Merged Fine:              Min: 0, Avg:  0.0, Max: 0, Diff: 0, Sum: 0, Workers: 13
[104.633s][debug][gc,phases   ] GC(33)       Merged Coarse:            Min: 0, Avg:  0.0, Max: 0, Diff: 0, Sum: 0, Workers: 13
[104.633s][debug][gc,phases   ] GC(33)       Dirty Cards:              Min: 0, Avg:  0.0, Max: 0, Diff: 0, Sum: 0, Workers: 13
[104.633s][debug][gc,phases   ] GC(33)     Hot Card Cache (ms):      Min:  0.0, Avg:  0.0, Max:  0.0, Diff:  0.0, Sum:  0.0, Workers: 13
[104.633s][debug][gc,phases   ] GC(33)       Dirty Cards:              Min: 0, Avg:  0.0, Max: 0, Diff: 0, Sum: 0, Workers: 13
[104.633s][debug][gc,phases   ] GC(33)       Skipped Cards:            Min: 0, Avg:  0.0, Max: 0, Diff: 0, Sum: 0, Workers: 13
[104.633s][debug][gc,phases   ] GC(33)     Log Buffers (ms):         Min:  0.1, Avg:  0.1, Max:  0.2, Diff:  0.0, Sum:  1.8, Workers: 13
[104.633s][debug][gc,phases   ] GC(33)       Dirty Cards:              Min: 1328, Avg: 2133.3, Max: 3806, Diff: 2478, Sum: 27733, Workers: 13
[104.633s][debug][gc,phases   ] GC(33)       Skipped Cards:            Min: 0, Avg:  0.0, Max: 0, Diff: 0, Sum: 0, Workers: 13
[104.633s][info ][gc,phases   ] GC(33)   Evacuate Collection Set: 6.0ms
[104.633s][debug][gc,phases   ] GC(33)     Ext Root Scanning (ms):   Min:  0.3, Avg:  0.4, Max:  0.5, Diff:  0.2, Sum:  5.5, Workers: 13
[104.633s][debug][gc,phases   ] GC(33)     Scan Heap Roots (ms):     Min:  1.9, Avg:  2.2, Max:  2.3, Diff:  0.4, Sum: 28.1, Workers: 13
[104.633s][debug][gc,phases   ] GC(33)       Scanned Cards:            Min: 1867, Avg: 2132.4, Max: 2485, Diff: 618, Sum: 27721, Workers: 13
[104.633s][debug][gc,phases   ] GC(33)       Scanned Blocks:           Min: 1322, Avg: 1607.3, Max: 1801, Diff: 479, Sum: 20895, Workers: 13
[104.633s][debug][gc,phases   ] GC(33)       Claimed Chunks:           Min: 8, Avg: 10.8, Max: 18, Diff: 10, Sum: 141, Workers: 13
[104.633s][debug][gc,phases   ] GC(33)     Code Root Scan (ms):      Min:  0.0, Avg:  0.0, Max:  0.0, Diff:  0.0, Sum:  0.0, Workers: 13
[104.633s][debug][gc,phases   ] GC(33)     Object Copy (ms):         Min:  3.0, Avg:  3.2, Max:  3.4, Diff:  0.4, Sum: 41.6, Workers: 13
[104.633s][debug][gc,phases   ] GC(33)     Termination (ms):         Min:  0.1, Avg:  0.1, Max:  0.2, Diff:  0.0, Sum:  1.8, Workers: 13
[104.633s][debug][gc,phases   ] GC(33)       Termination Attempts:     Min: 1, Avg:  1.2, Max: 2, Diff: 1, Sum: 15, Workers: 13
[104.633s][debug][gc,phases   ] GC(33)     GC Worker Other (ms):     Min:  0.0, Avg:  0.0, Max:  0.0, Diff:  0.0, Sum:  0.2, Workers: 13
[104.633s][debug][gc,phases   ] GC(33)     GC Worker Total (ms):     Min:  5.9, Avg:  5.9, Max:  6.0, Diff:  0.1, Sum: 77.2, Workers: 13
[104.633s][info ][gc,phases   ] GC(33)   Post Evacuate Collection Set: 0.4ms
[104.633s][debug][gc,phases   ] GC(33)     Code Roots Fixup: 0.0ms
[104.633s][debug][gc,phases   ] GC(33)     Clear Card Table: 0.1ms
[104.633s][debug][gc,phases   ] GC(33)     Reference Processing: 0.0ms
[104.633s][debug][gc,phases   ] GC(33)     Weak Processing: 0.0ms
[104.633s][debug][gc,phases   ] GC(33)       VM Weak                   Min:  0.0, Avg:  0.0, Max:  0.0, Diff:  0.0, Sum:  0.0, Workers: 2
[104.633s][debug][gc,phases   ] GC(33)         Dead                      Min: 0, Avg:  0.0, Max: 0, Diff: 0, Sum: 0, Workers: 2
[104.633s][debug][gc,phases   ] GC(33)         Total                     Min: 0, Avg: 28.5, Max: 57, Diff: 57, Sum: 57, Workers: 2
[104.633s][debug][gc,phases   ] GC(33)       ObjectSynchronizer Weak   Min:  0.0, Avg:  0.0, Max:  0.0, Diff:  0.0, Sum:  0.0, Workers: 2
[104.633s][debug][gc,phases   ] GC(33)         Dead                      Min: 0, Avg:  0.0, Max: 0, Diff: 0, Sum: 0, Workers: 2
[104.633s][debug][gc,phases   ] GC(33)         Total                     Min: 0, Avg:  4.5, Max: 9, Diff: 9, Sum: 9, Workers: 2
[104.633s][debug][gc,phases   ] GC(33)       JVMTI Tag Weak OopStorage Min:  0.0, Avg:  0.0, Max:  0.0, Diff:  0.0, Sum:  0.0, Workers: 2
[104.633s][debug][gc,phases   ] GC(33)         Dead                      Min: 0, Avg:  0.0, Max: 0, Diff: 0, Sum: 0, Workers: 2
[104.633s][debug][gc,phases   ] GC(33)         Total                     Min: 0, Avg:  0.0, Max: 0, Diff: 0, Sum: 0, Workers: 2
[104.633s][debug][gc,phases   ] GC(33)       StringTable Weak          Min:  0.0, Avg:  0.0, Max:  0.0, Diff:  0.0, Sum:  0.0, Workers: 2
[104.633s][debug][gc,phases   ] GC(33)         Dead                      Min: 0, Avg:  0.0, Max: 0, Diff: 0, Sum: 0, Workers: 2
[104.633s][debug][gc,phases   ] GC(33)         Total                     Min: 0, Avg: 339.5, Max: 679, Diff: 679, Sum: 679, Workers: 2
[104.633s][debug][gc,phases   ] GC(33)       ResolvedMethodTable Weak  Min:  0.0, Avg:  0.0, Max:  0.0, Diff:  0.0, Sum:  0.0, Workers: 2
[104.633s][debug][gc,phases   ] GC(33)         Dead                      Min: 0, Avg:  0.0, Max: 0, Diff: 0, Sum: 0, Workers: 2
[104.633s][debug][gc,phases   ] GC(33)         Total                     Min: 0, Avg: 140.5, Max: 281, Diff: 281, Sum: 281, Workers: 2
[104.633s][debug][gc,phases   ] GC(33)       JNI Weak                  Min:  0.0, Avg:  0.0, Max:  0.0, Diff:  0.0, Sum:  0.0, Workers: 2
[104.633s][debug][gc,phases   ] GC(33)         Dead                      Min: 0, Avg:  0.0, Max: 0, Diff: 0, Sum: 0, Workers: 2
[104.633s][debug][gc,phases   ] GC(33)         Total                     Min: 0, Avg:  0.0, Max: 0, Diff: 0, Sum: 0, Workers: 2
[104.633s][debug][gc,phases   ] GC(33)       Weak JFR Old Object Samples Min:  0.0, Avg:  0.0, Max:  0.0, Diff:  0.0, Sum:  0.0, Workers: 2
[104.633s][debug][gc,phases   ] GC(33)         Dead                      Min: 0, Avg:  0.0, Max: 0, Diff: 0, Sum: 0, Workers: 2
[104.633s][debug][gc,phases   ] GC(33)         Total                     Min: 0, Avg:  0.0, Max: 0, Diff: 0, Sum: 0, Workers: 2
[104.633s][debug][gc,phases   ] GC(33)     Merge Per-Thread State: 0.0ms
[104.633s][debug][gc,phases   ] GC(33)       Copied Bytes              Min: 1920896, Avg: 2166281.2, Max: 2614184, Diff: 693288, Sum: 28161656, Workers: 13
[104.633s][debug][gc,phases   ] GC(33)       LAB Waste                 Min: 456, Avg: 933.5, Max: 1568, Diff: 1112, Sum: 12136, Workers: 13
[104.633s][debug][gc,phases   ] GC(33)       LAB Undo Waste            Min: 0, Avg:  0.0, Max: 0, Diff: 0, Sum: 0, Workers: 13
[104.633s][debug][gc,phases   ] GC(33)     Code Roots Purge: 0.0ms
[104.633s][debug][gc,phases   ] GC(33)     Redirty Cards: 0.1ms
[104.633s][debug][gc,phases   ] GC(33)     DerivedPointerTable Update: 0.1ms
[104.633s][debug][gc,phases   ] GC(33)     Free Collection Set: 0.1ms
[104.633s][debug][gc,phases   ] GC(33)     Rebuild Free List: 0.0ms
[104.633s][debug][gc,phases   ] GC(33)     Humongous Reclaim: 0.0ms
[104.633s][debug][gc,phases   ] GC(33)     Start New Collection Set: 0.0ms
[104.633s][debug][gc,phases   ] GC(33)     Resize TLABs: 0.1ms
[104.633s][debug][gc,phases   ] GC(33)     Expand Heap After Collection: 0.0ms
[104.633s][info ][gc,phases   ] GC(33)   Other: 0.5ms
[104.633s][info ][gc,heap     ] GC(33) Eden regions: 89->0(89)
[104.633s][info ][gc,heap     ] GC(33) Survivor regions: 4->4(12)
[104.633s][info ][gc,heap     ] GC(33) Old regions: 9->9
[104.633s][info ][gc,heap     ] GC(33) Archive regions: 2->2
[104.633s][info ][gc,heap     ] GC(33) Humongous regions: 0->0
[104.633s][info ][gc,metaspace] GC(33) Metaspace: 1642K(1792K)->1642K(1792K) NonClass: 1523K(1600K)->1523K(1600K) Class: 118K(192K)->118K(192K)
[104.633s][info ][gc          ] GC(33) Pause Young (Normal) (G1 Evacuation Pause) 819M->108M(1248M) 7.973ms
[104.633s][info ][gc,cpu      ] GC(33) User=0.08s Sys=0.01s Real=0.01s
[108.052s][info ][gc,start    ] GC(34) Pause Young (Normal) (G1 Evacuation Pause)
[108.052s][info ][gc,task     ] GC(34) Using 13 workers of 13 for evacuation
[108.059s][info ][gc,phases   ] GC(34)   Pre Evacuate Collection Set: 0.3ms
[108.059s][debug][gc,phases   ] GC(34)     Prepare TLABs: 0.1ms
[108.059s][debug][gc,phases   ] GC(34)     Concatenate Dirty Card Logs: 0.1ms
[108.059s][debug][gc,phases   ] GC(34)     Choose Collection Set: 0.0ms
[108.059s][debug][gc,phases   ] GC(34)     Region Register: 0.1ms
[108.059s][debug][gc,phases   ] GC(34)     Prepare Heap Roots: 0.0ms
[108.059s][info ][gc,phases   ] GC(34)   Merge Heap Roots: 0.2ms
[108.059s][debug][gc,phases   ] GC(34)     Prepare Merge Heap Roots: 0.0ms
[108.059s][debug][gc,phases   ] GC(34)     Eager Reclaim (ms):       skipped
[108.059s][debug][gc,phases   ] GC(34)     Remembered Sets (ms):     Min:  0.0, Avg:  0.0, Max:  0.0, Diff:  0.0, Sum:  0.0, Workers: 13
[108.059s][debug][gc,phases   ] GC(34)       Merged Sparse:            Min: 0, Avg:  0.0, Max: 0, Diff: 0, Sum: 0, Workers: 13
[108.059s][debug][gc,phases   ] GC(34)       Merged Fine:              Min: 0, Avg:  0.0, Max: 0, Diff: 0, Sum: 0, Workers: 13
[108.059s][debug][gc,phases   ] GC(34)       Merged Coarse:            Min: 0, Avg:  0.0, Max: 0, Diff: 0, Sum: 0, Workers: 13
[108.059s][debug][gc,phases   ] GC(34)       Dirty Cards:              Min: 0, Avg:  0.0, Max: 0, Diff: 0, Sum: 0, Workers: 13
[108.059s][debug][gc,phases   ] GC(34)     Hot Card Cache (ms):      Min:  0.0, Avg:  0.0, Max:  0.0, Diff:  0.0, Sum:  0.0, Workers: 13
[108.059s][debug][gc,phases   ] GC(34)       Dirty Cards:              Min: 0, Avg:  0.0, Max: 0, Diff: 0, Sum: 0, Workers: 13
[108.059s][debug][gc,phases   ] GC(34)       Skipped Cards:            Min: 0, Avg:  0.0, Max: 0, Diff: 0, Sum: 0, Workers: 13
[108.059s][debug][gc,phases   ] GC(34)     Log Buffers (ms):         Min:  0.1, Avg:  0.1, Max:  0.2, Diff:  0.1, Sum:  1.7, Workers: 13
[108.059s][debug][gc,phases   ] GC(34)       Dirty Cards:              Min: 829, Avg: 2091.7, Max: 3790, Diff: 2961, Sum: 27192, Workers: 13
[108.059s][debug][gc,phases   ] GC(34)       Skipped Cards:            Min: 0, Avg:  0.0, Max: 0, Diff: 0, Sum: 0, Workers: 13
[108.059s][info ][gc,phases   ] GC(34)   Evacuate Collection Set: 5.7ms
[108.059s][debug][gc,phases   ] GC(34)     Ext Root Scanning (ms):   Min:  0.4, Avg:  0.4, Max:  0.6, Diff:  0.3, Sum:  5.6, Workers: 13
[108.059s][debug][gc,phases   ] GC(34)     Scan Heap Roots (ms):     Min:  1.8, Avg:  2.0, Max:  2.2, Diff:  0.4, Sum: 25.7, Workers: 13
[108.059s][debug][gc,phases   ] GC(34)       Scanned Cards:            Min: 1779, Avg: 2090.5, Max: 2847, Diff: 1068, Sum: 27177, Workers: 13
[108.059s][debug][gc,phases   ] GC(34)       Scanned Blocks:           Min: 1307, Avg: 1586.6, Max: 2209, Diff: 902, Sum: 20626, Workers: 13
[108.059s][debug][gc,phases   ] GC(34)       Claimed Chunks:           Min: 8, Avg: 10.8, Max: 21, Diff: 13, Sum: 141, Workers: 13
[108.059s][debug][gc,phases   ] GC(34)     Code Root Scan (ms):      Min:  0.0, Avg:  0.0, Max:  0.0, Diff:  0.0, Sum:  0.0, Workers: 13
[108.060s][debug][gc,phases   ] GC(34)     Object Copy (ms):         Min:  3.0, Avg:  3.1, Max:  3.3, Diff:  0.3, Sum: 40.9, Workers: 13
[108.060s][debug][gc,phases   ] GC(34)     Termination (ms):         Min:  0.1, Avg:  0.1, Max:  0.1, Diff:  0.1, Sum:  1.7, Workers: 13
[108.060s][debug][gc,phases   ] GC(34)       Termination Attempts:     Min: 1, Avg:  1.2, Max: 2, Diff: 1, Sum: 15, Workers: 13
[108.060s][debug][gc,phases   ] GC(34)     GC Worker Other (ms):     Min:  0.0, Avg:  0.0, Max:  0.0, Diff:  0.0, Sum:  0.2, Workers: 13
[108.060s][debug][gc,phases   ] GC(34)     GC Worker Total (ms):     Min:  5.7, Avg:  5.7, Max:  5.7, Diff:  0.1, Sum: 74.1, Workers: 13
[108.060s][info ][gc,phases   ] GC(34)   Post Evacuate Collection Set: 0.4ms
[108.060s][debug][gc,phases   ] GC(34)     Code Roots Fixup: 0.0ms
[108.060s][debug][gc,phases   ] GC(34)     Clear Card Table: 0.1ms
[108.060s][debug][gc,phases   ] GC(34)     Reference Processing: 0.0ms
[108.060s][debug][gc,phases   ] GC(34)     Weak Processing: 0.0ms
[108.060s][debug][gc,phases   ] GC(34)       VM Weak                   Min:  0.0, Avg:  0.0, Max:  0.0, Diff:  0.0, Sum:  0.0, Workers: 2
[108.060s][debug][gc,phases   ] GC(34)         Dead                      Min: 0, Avg:  0.0, Max: 0, Diff: 0, Sum: 0, Workers: 2
[108.060s][debug][gc,phases   ] GC(34)         Total                     Min: 0, Avg: 28.5, Max: 57, Diff: 57, Sum: 57, Workers: 2
[108.060s][debug][gc,phases   ] GC(34)       ObjectSynchronizer Weak   Min:  0.0, Avg:  0.0, Max:  0.0, Diff:  0.0, Sum:  0.0, Workers: 2
[108.060s][debug][gc,phases   ] GC(34)         Dead                      Min: 0, Avg:  0.0, Max: 0, Diff: 0, Sum: 0, Workers: 2
[108.060s][debug][gc,phases   ] GC(34)         Total                     Min: 0, Avg:  4.5, Max: 9, Diff: 9, Sum: 9, Workers: 2
[108.060s][debug][gc,phases   ] GC(34)       JVMTI Tag Weak OopStorage Min:  0.0, Avg:  0.0, Max:  0.0, Diff:  0.0, Sum:  0.0, Workers: 2
[108.060s][debug][gc,phases   ] GC(34)         Dead                      Min: 0, Avg:  0.0, Max: 0, Diff: 0, Sum: 0, Workers: 2
[108.060s][debug][gc,phases   ] GC(34)         Total                     Min: 0, Avg:  0.0, Max: 0, Diff: 0, Sum: 0, Workers: 2
[108.060s][debug][gc,phases   ] GC(34)       StringTable Weak          Min:  0.0, Avg:  0.0, Max:  0.0, Diff:  0.0, Sum:  0.0, Workers: 2
[108.060s][debug][gc,phases   ] GC(34)         Dead                      Min: 0, Avg:  0.0, Max: 0, Diff: 0, Sum: 0, Workers: 2
[108.060s][debug][gc,phases   ] GC(34)         Total                     Min: 0, Avg: 339.5, Max: 679, Diff: 679, Sum: 679, Workers: 2
[108.060s][debug][gc,phases   ] GC(34)       ResolvedMethodTable Weak  Min:  0.0, Avg:  0.0, Max:  0.0, Diff:  0.0, Sum:  0.0, Workers: 2
[108.060s][debug][gc,phases   ] GC(34)         Dead                      Min: 0, Avg:  0.0, Max: 0, Diff: 0, Sum: 0, Workers: 2
[108.060s][debug][gc,phases   ] GC(34)         Total                     Min: 0, Avg: 140.5, Max: 281, Diff: 281, Sum: 281, Workers: 2
[108.060s][debug][gc,phases   ] GC(34)       JNI Weak                  Min:  0.0, Avg:  0.0, Max:  0.0, Diff:  0.0, Sum:  0.0, Workers: 2
[108.060s][debug][gc,phases   ] GC(34)         Dead                      Min: 0, Avg:  0.0, Max: 0, Diff: 0, Sum: 0, Workers: 2
[108.060s][debug][gc,phases   ] GC(34)         Total                     Min: 0, Avg:  0.0, Max: 0, Diff: 0, Sum: 0, Workers: 2
[108.060s][debug][gc,phases   ] GC(34)       Weak JFR Old Object Samples Min:  0.0, Avg:  0.0, Max:  0.0, Diff:  0.0, Sum:  0.0, Workers: 2
[108.060s][debug][gc,phases   ] GC(34)         Dead                      Min: 0, Avg:  0.0, Max: 0, Diff: 0, Sum: 0, Workers: 2
[108.060s][debug][gc,phases   ] GC(34)         Total                     Min: 0, Avg:  0.0, Max: 0, Diff: 0, Sum: 0, Workers: 2
[108.060s][debug][gc,phases   ] GC(34)     Merge Per-Thread State: 0.0ms
[108.060s][debug][gc,phases   ] GC(34)       Copied Bytes              Min: 1969096, Avg: 2167187.1, Max: 2654432, Diff: 685336, Sum: 28173432, Workers: 13
[108.060s][debug][gc,phases   ] GC(34)       LAB Waste                 Min: 176, Avg: 715.7, Max: 1096, Diff: 920, Sum: 9304, Workers: 13
[108.060s][debug][gc,phases   ] GC(34)       LAB Undo Waste            Min: 0, Avg:  0.0, Max: 0, Diff: 0, Sum: 0, Workers: 13
[108.060s][debug][gc,phases   ] GC(34)     Code Roots Purge: 0.0ms
[108.060s][debug][gc,phases   ] GC(34)     Redirty Cards: 0.1ms
[108.060s][debug][gc,phases   ] GC(34)     DerivedPointerTable Update: 0.1ms
[108.060s][debug][gc,phases   ] GC(34)     Free Collection Set: 0.1ms
[108.060s][debug][gc,phases   ] GC(34)     Rebuild Free List: 0.1ms
[108.060s][debug][gc,phases   ] GC(34)     Humongous Reclaim: 0.0ms
[108.060s][debug][gc,phases   ] GC(34)     Start New Collection Set: 0.0ms
[108.060s][debug][gc,phases   ] GC(34)     Resize TLABs: 0.1ms
[108.060s][debug][gc,phases   ] GC(34)     Expand Heap After Collection: 0.0ms
[108.060s][info ][gc,phases   ] GC(34)   Other: 0.5ms
[108.060s][info ][gc,heap     ] GC(34) Eden regions: 89->0(89)
[108.060s][info ][gc,heap     ] GC(34) Survivor regions: 4->4(12)
[108.060s][info ][gc,heap     ] GC(34) Old regions: 9->9
[108.060s][info ][gc,heap     ] GC(34) Archive regions: 2->2
[108.060s][info ][gc,heap     ] GC(34) Humongous regions: 0->0
[108.060s][info ][gc,metaspace] GC(34) Metaspace: 1642K(1792K)->1642K(1792K) NonClass: 1523K(1600K)->1523K(1600K) Class: 118K(192K)->118K(192K)
[108.060s][info ][gc          ] GC(34) Pause Young (Normal) (G1 Evacuation Pause) 820M->108M(1248M) 7.625ms
[108.060s][info ][gc,cpu      ] GC(34) User=0.07s Sys=0.00s Real=0.00s
[111.482s][info ][gc,start    ] GC(35) Pause Young (Normal) (G1 Evacuation Pause)
[111.482s][info ][gc,task     ] GC(35) Using 13 workers of 13 for evacuation
[111.489s][info ][gc,phases   ] GC(35)   Pre Evacuate Collection Set: 0.3ms
[111.489s][debug][gc,phases   ] GC(35)     Prepare TLABs: 0.1ms
[111.489s][debug][gc,phases   ] GC(35)     Concatenate Dirty Card Logs: 0.1ms
[111.489s][debug][gc,phases   ] GC(35)     Choose Collection Set: 0.0ms
[111.489s][debug][gc,phases   ] GC(35)     Region Register: 0.1ms
[111.489s][debug][gc,phases   ] GC(35)     Prepare Heap Roots: 0.0ms
[111.489s][info ][gc,phases   ] GC(35)   Merge Heap Roots: 0.2ms
[111.489s][debug][gc,phases   ] GC(35)     Prepare Merge Heap Roots: 0.0ms
[111.489s][debug][gc,phases   ] GC(35)     Eager Reclaim (ms):       skipped
[111.489s][debug][gc,phases   ] GC(35)     Remembered Sets (ms):     Min:  0.0, Avg:  0.0, Max:  0.0, Diff:  0.0, Sum:  0.0, Workers: 13
[111.489s][debug][gc,phases   ] GC(35)       Merged Sparse:            Min: 0, Avg:  0.0, Max: 0, Diff: 0, Sum: 0, Workers: 13
[111.489s][debug][gc,phases   ] GC(35)       Merged Fine:              Min: 0, Avg:  0.0, Max: 0, Diff: 0, Sum: 0, Workers: 13
[111.489s][debug][gc,phases   ] GC(35)       Merged Coarse:            Min: 0, Avg:  0.0, Max: 0, Diff: 0, Sum: 0, Workers: 13
[111.489s][debug][gc,phases   ] GC(35)       Dirty Cards:              Min: 0, Avg:  0.0, Max: 0, Diff: 0, Sum: 0, Workers: 13
[111.489s][debug][gc,phases   ] GC(35)     Hot Card Cache (ms):      Min:  0.0, Avg:  0.0, Max:  0.0, Diff:  0.0, Sum:  0.0, Workers: 13
[111.489s][debug][gc,phases   ] GC(35)       Dirty Cards:              Min: 0, Avg:  0.0, Max: 0, Diff: 0, Sum: 0, Workers: 13
[111.489s][debug][gc,phases   ] GC(35)       Skipped Cards:            Min: 0, Avg:  0.0, Max: 0, Diff: 0, Sum: 0, Workers: 13
[111.489s][debug][gc,phases   ] GC(35)     Log Buffers (ms):         Min:  0.1, Avg:  0.1, Max:  0.2, Diff:  0.1, Sum:  1.6, Workers: 13
[111.489s][debug][gc,phases   ] GC(35)       Dirty Cards:              Min: 290, Avg: 2153.6, Max: 4477, Diff: 4187, Sum: 27997, Workers: 13
[111.489s][debug][gc,phases   ] GC(35)       Skipped Cards:            Min: 0, Avg:  0.0, Max: 0, Diff: 0, Sum: 0, Workers: 13
[111.489s][info ][gc,phases   ] GC(35)   Evacuate Collection Set: 5.7ms
[111.489s][debug][gc,phases   ] GC(35)     Ext Root Scanning (ms):   Min:  0.3, Avg:  0.4, Max:  0.5, Diff:  0.1, Sum:  5.4, Workers: 13
[111.489s][debug][gc,phases   ] GC(35)     Scan Heap Roots (ms):     Min:  1.8, Avg:  2.0, Max:  2.2, Diff:  0.4, Sum: 25.9, Workers: 13
[111.489s][debug][gc,phases   ] GC(35)       Scanned Cards:            Min: 1801, Avg: 2152.2, Max: 2935, Diff: 1134, Sum: 27979, Workers: 13
[111.489s][debug][gc,phases   ] GC(35)       Scanned Blocks:           Min: 1326, Avg: 1621.1, Max: 2265, Diff: 939, Sum: 21074, Workers: 13
[111.489s][debug][gc,phases   ] GC(35)       Claimed Chunks:           Min: 8, Avg: 10.8, Max: 17, Diff: 9, Sum: 141, Workers: 13
[111.489s][debug][gc,phases   ] GC(35)     Code Root Scan (ms):      Min:  0.0, Avg:  0.0, Max:  0.0, Diff:  0.0, Sum:  0.0, Workers: 13
[111.489s][debug][gc,phases   ] GC(35)     Object Copy (ms):         Min:  2.9, Avg:  3.1, Max:  3.3, Diff:  0.4, Sum: 40.3, Workers: 13
[111.489s][debug][gc,phases   ] GC(35)     Termination (ms):         Min:  0.1, Avg:  0.2, Max:  0.2, Diff:  0.0, Sum:  2.1, Workers: 13
[111.489s][debug][gc,phases   ] GC(35)       Termination Attempts:     Min: 1, Avg:  1.1, Max: 2, Diff: 1, Sum: 14, Workers: 13
[111.489s][debug][gc,phases   ] GC(35)     GC Worker Other (ms):     Min:  0.0, Avg:  0.0, Max:  0.0, Diff:  0.0, Sum:  0.1, Workers: 13
[111.489s][debug][gc,phases   ] GC(35)     GC Worker Total (ms):     Min:  5.7, Avg:  5.7, Max:  5.7, Diff:  0.1, Sum: 73.9, Workers: 13
[111.489s][info ][gc,phases   ] GC(35)   Post Evacuate Collection Set: 0.4ms
[111.489s][debug][gc,phases   ] GC(35)     Code Roots Fixup: 0.0ms
[111.489s][debug][gc,phases   ] GC(35)     Clear Card Table: 0.1ms
[111.489s][debug][gc,phases   ] GC(35)     Reference Processing: 0.0ms
[111.490s][debug][gc,phases   ] GC(35)     Weak Processing: 0.0ms
[111.490s][debug][gc,phases   ] GC(35)       VM Weak                   Min:  0.0, Avg:  0.0, Max:  0.0, Diff:  0.0, Sum:  0.0, Workers: 2
[111.490s][debug][gc,phases   ] GC(35)         Dead                      Min: 0, Avg:  0.0, Max: 0, Diff: 0, Sum: 0, Workers: 2
[111.490s][debug][gc,phases   ] GC(35)         Total                     Min: 0, Avg: 28.5, Max: 57, Diff: 57, Sum: 57, Workers: 2
[111.490s][debug][gc,phases   ] GC(35)       ObjectSynchronizer Weak   Min:  0.0, Avg:  0.0, Max:  0.0, Diff:  0.0, Sum:  0.0, Workers: 2
[111.490s][debug][gc,phases   ] GC(35)         Dead                      Min: 0, Avg:  0.0, Max: 0, Diff: 0, Sum: 0, Workers: 2
[111.490s][debug][gc,phases   ] GC(35)         Total                     Min: 0, Avg:  4.5, Max: 9, Diff: 9, Sum: 9, Workers: 2
[111.490s][debug][gc,phases   ] GC(35)       JVMTI Tag Weak OopStorage Min:  0.0, Avg:  0.0, Max:  0.0, Diff:  0.0, Sum:  0.0, Workers: 2
[111.490s][debug][gc,phases   ] GC(35)         Dead                      Min: 0, Avg:  0.0, Max: 0, Diff: 0, Sum: 0, Workers: 2
[111.490s][debug][gc,phases   ] GC(35)         Total                     Min: 0, Avg:  0.0, Max: 0, Diff: 0, Sum: 0, Workers: 2
[111.490s][debug][gc,phases   ] GC(35)       StringTable Weak          Min:  0.0, Avg:  0.0, Max:  0.0, Diff:  0.0, Sum:  0.0, Workers: 2
[111.490s][debug][gc,phases   ] GC(35)         Dead                      Min: 0, Avg:  0.0, Max: 0, Diff: 0, Sum: 0, Workers: 2
[111.490s][debug][gc,phases   ] GC(35)         Total                     Min: 0, Avg: 339.5, Max: 679, Diff: 679, Sum: 679, Workers: 2
[111.490s][debug][gc,phases   ] GC(35)       ResolvedMethodTable Weak  Min:  0.0, Avg:  0.0, Max:  0.0, Diff:  0.0, Sum:  0.0, Workers: 2
[111.490s][debug][gc,phases   ] GC(35)         Dead                      Min: 0, Avg:  0.0, Max: 0, Diff: 0, Sum: 0, Workers: 2
[111.490s][debug][gc,phases   ] GC(35)         Total                     Min: 0, Avg: 140.5, Max: 281, Diff: 281, Sum: 281, Workers: 2
[111.490s][debug][gc,phases   ] GC(35)       JNI Weak                  Min:  0.0, Avg:  0.0, Max:  0.0, Diff:  0.0, Sum:  0.0, Workers: 2
[111.490s][debug][gc,phases   ] GC(35)         Dead                      Min: 0, Avg:  0.0, Max: 0, Diff: 0, Sum: 0, Workers: 2
[111.490s][debug][gc,phases   ] GC(35)         Total                     Min: 0, Avg:  0.0, Max: 0, Diff: 0, Sum: 0, Workers: 2
[111.490s][debug][gc,phases   ] GC(35)       Weak JFR Old Object Samples Min:  0.0, Avg:  0.0, Max:  0.0, Diff:  0.0, Sum:  0.0, Workers: 2
[111.490s][debug][gc,phases   ] GC(35)         Dead                      Min: 0, Avg:  0.0, Max: 0, Diff: 0, Sum: 0, Workers: 2
[111.490s][debug][gc,phases   ] GC(35)         Total                     Min: 0, Avg:  0.0, Max: 0, Diff: 0, Sum: 0, Workers: 2
[111.490s][debug][gc,phases   ] GC(35)     Merge Per-Thread State: 0.0ms
[111.490s][debug][gc,phases   ] GC(35)       Copied Bytes              Min: 1878704, Avg: 2181372.9, Max: 2857104, Diff: 978400, Sum: 28357848, Workers: 13
[111.490s][debug][gc,phases   ] GC(35)       LAB Waste                 Min: 552, Avg: 882.5, Max: 1408, Diff: 856, Sum: 11472, Workers: 13
[111.490s][debug][gc,phases   ] GC(35)       LAB Undo Waste            Min: 0, Avg:  0.0, Max: 0, Diff: 0, Sum: 0, Workers: 13
[111.490s][debug][gc,phases   ] GC(35)     Code Roots Purge: 0.0ms
[111.490s][debug][gc,phases   ] GC(35)     Redirty Cards: 0.1ms
[111.490s][debug][gc,phases   ] GC(35)     DerivedPointerTable Update: 0.1ms
[111.490s][debug][gc,phases   ] GC(35)     Free Collection Set: 0.1ms
[111.490s][debug][gc,phases   ] GC(35)     Rebuild Free List: 0.0ms
[111.490s][debug][gc,phases   ] GC(35)     Humongous Reclaim: 0.0ms
[111.490s][debug][gc,phases   ] GC(35)     Start New Collection Set: 0.0ms
[111.490s][debug][gc,phases   ] GC(35)     Resize TLABs: 0.1ms
[111.490s][debug][gc,phases   ] GC(35)     Expand Heap After Collection: 0.0ms
[111.490s][info ][gc,phases   ] GC(35)   Other: 0.4ms
[111.490s][info ][gc,heap     ] GC(35) Eden regions: 89->0(89)
[111.490s][info ][gc,heap     ] GC(35) Survivor regions: 4->4(12)
[111.490s][info ][gc,heap     ] GC(35) Old regions: 9->9
[111.490s][info ][gc,heap     ] GC(35) Archive regions: 2->2
[111.490s][info ][gc,heap     ] GC(35) Humongous regions: 0->0
[111.490s][info ][gc,metaspace] GC(35) Metaspace: 1642K(1792K)->1642K(1792K) NonClass: 1523K(1600K)->1523K(1600K) Class: 118K(192K)->118K(192K)
[111.490s][info ][gc          ] GC(35) Pause Young (Normal) (G1 Evacuation Pause) 820M->107M(1248M) 7.536ms
[111.490s][info ][gc,cpu      ] GC(35) User=0.07s Sys=0.00s Real=0.00s
[114.908s][info ][gc,start    ] GC(36) Pause Young (Normal) (G1 Evacuation Pause)
[114.908s][info ][gc,task     ] GC(36) Using 13 workers of 13 for evacuation
[114.916s][info ][gc,phases   ] GC(36)   Pre Evacuate Collection Set: 0.3ms
[114.916s][debug][gc,phases   ] GC(36)     Prepare TLABs: 0.1ms
[114.916s][debug][gc,phases   ] GC(36)     Concatenate Dirty Card Logs: 0.1ms
[114.916s][debug][gc,phases   ] GC(36)     Choose Collection Set: 0.0ms
[114.916s][debug][gc,phases   ] GC(36)     Region Register: 0.1ms
[114.916s][debug][gc,phases   ] GC(36)     Prepare Heap Roots: 0.0ms
[114.916s][info ][gc,phases   ] GC(36)   Merge Heap Roots: 0.2ms
[114.916s][debug][gc,phases   ] GC(36)     Prepare Merge Heap Roots: 0.0ms
[114.916s][debug][gc,phases   ] GC(36)     Eager Reclaim (ms):       skipped
[114.916s][debug][gc,phases   ] GC(36)     Remembered Sets (ms):     Min:  0.0, Avg:  0.0, Max:  0.0, Diff:  0.0, Sum:  0.1, Workers: 13
[114.916s][debug][gc,phases   ] GC(36)       Merged Sparse:            Min: 0, Avg:  0.0, Max: 0, Diff: 0, Sum: 0, Workers: 13
[114.916s][debug][gc,phases   ] GC(36)       Merged Fine:              Min: 0, Avg:  0.0, Max: 0, Diff: 0, Sum: 0, Workers: 13
[114.916s][debug][gc,phases   ] GC(36)       Merged Coarse:            Min: 0, Avg:  0.0, Max: 0, Diff: 0, Sum: 0, Workers: 13
[114.916s][debug][gc,phases   ] GC(36)       Dirty Cards:              Min: 0, Avg:  0.0, Max: 0, Diff: 0, Sum: 0, Workers: 13
[114.916s][debug][gc,phases   ] GC(36)     Hot Card Cache (ms):      Min:  0.0, Avg:  0.0, Max:  0.0, Diff:  0.0, Sum:  0.0, Workers: 13
[114.916s][debug][gc,phases   ] GC(36)       Dirty Cards:              Min: 0, Avg:  0.0, Max: 0, Diff: 0, Sum: 0, Workers: 13
[114.916s][debug][gc,phases   ] GC(36)       Skipped Cards:            Min: 0, Avg:  0.0, Max: 0, Diff: 0, Sum: 0, Workers: 13
[114.916s][debug][gc,phases   ] GC(36)     Log Buffers (ms):         Min:  0.1, Avg:  0.1, Max:  0.2, Diff:  0.1, Sum:  1.6, Workers: 13
[114.916s][debug][gc,phases   ] GC(36)       Dirty Cards:              Min: 597, Avg: 2010.5, Max: 3933, Diff: 3336, Sum: 26136, Workers: 13
[114.916s][debug][gc,phases   ] GC(36)       Skipped Cards:            Min: 0, Avg:  0.0, Max: 0, Diff: 0, Sum: 0, Workers: 13
[114.916s][info ][gc,phases   ] GC(36)   Evacuate Collection Set: 6.1ms
[114.916s][debug][gc,phases   ] GC(36)     Ext Root Scanning (ms):   Min:  0.4, Avg:  0.5, Max:  0.7, Diff:  0.4, Sum:  5.9, Workers: 13
[114.916s][debug][gc,phases   ] GC(36)     Scan Heap Roots (ms):     Min:  1.8, Avg:  2.1, Max:  2.3, Diff:  0.6, Sum: 27.1, Workers: 13
[114.916s][debug][gc,phases   ] GC(36)       Scanned Cards:            Min: 1862, Avg: 2009.7, Max: 2171, Diff: 309, Sum: 26126, Workers: 13
[114.916s][debug][gc,phases   ] GC(36)       Scanned Blocks:           Min: 1406, Avg: 1541.8, Max: 1623, Diff: 217, Sum: 20044, Workers: 13
[114.916s][debug][gc,phases   ] GC(36)       Claimed Chunks:           Min: 9, Avg: 10.9, Max: 23, Diff: 14, Sum: 142, Workers: 13
[114.916s][debug][gc,phases   ] GC(36)     Code Root Scan (ms):      Min:  0.0, Avg:  0.0, Max:  0.0, Diff:  0.0, Sum:  0.0, Workers: 13
[114.916s][debug][gc,phases   ] GC(36)     Object Copy (ms):         Min:  3.0, Avg:  3.2, Max:  3.3, Diff:  0.3, Sum: 41.6, Workers: 13
[114.916s][debug][gc,phases   ] GC(36)     Termination (ms):         Min:  0.2, Avg:  0.2, Max:  0.3, Diff:  0.1, Sum:  2.7, Workers: 13
[114.916s][debug][gc,phases   ] GC(36)       Termination Attempts:     Min: 1, Avg:  1.0, Max: 1, Diff: 0, Sum: 13, Workers: 13
[114.916s][debug][gc,phases   ] GC(36)     GC Worker Other (ms):     Min:  0.0, Avg:  0.0, Max:  0.2, Diff:  0.1, Sum:  0.5, Workers: 13
[114.916s][debug][gc,phases   ] GC(36)     GC Worker Total (ms):     Min:  5.9, Avg:  6.0, Max:  6.1, Diff:  0.2, Sum: 77.8, Workers: 13
[114.916s][info ][gc,phases   ] GC(36)   Post Evacuate Collection Set: 0.3ms
[114.916s][debug][gc,phases   ] GC(36)     Code Roots Fixup: 0.0ms
[114.916s][debug][gc,phases   ] GC(36)     Clear Card Table: 0.1ms
[114.916s][debug][gc,phases   ] GC(36)     Reference Processing: 0.0ms
[114.916s][debug][gc,phases   ] GC(36)     Weak Processing: 0.0ms
[114.916s][debug][gc,phases   ] GC(36)       VM Weak                   Min:  0.0, Avg:  0.0, Max:  0.0, Diff:  0.0, Sum:  0.0, Workers: 2
[114.916s][debug][gc,phases   ] GC(36)         Dead                      Min: 0, Avg:  0.0, Max: 0, Diff: 0, Sum: 0, Workers: 2
[114.916s][debug][gc,phases   ] GC(36)         Total                     Min: 0, Avg: 28.5, Max: 57, Diff: 57, Sum: 57, Workers: 2
[114.916s][debug][gc,phases   ] GC(36)       ObjectSynchronizer Weak   Min:  0.0, Avg:  0.0, Max:  0.0, Diff:  0.0, Sum:  0.0, Workers: 2
[114.916s][debug][gc,phases   ] GC(36)         Dead                      Min: 0, Avg:  0.0, Max: 0, Diff: 0, Sum: 0, Workers: 2
[114.916s][debug][gc,phases   ] GC(36)         Total                     Min: 0, Avg:  4.5, Max: 9, Diff: 9, Sum: 9, Workers: 2
[114.916s][debug][gc,phases   ] GC(36)       JVMTI Tag Weak OopStorage Min:  0.0, Avg:  0.0, Max:  0.0, Diff:  0.0, Sum:  0.0, Workers: 2
[114.916s][debug][gc,phases   ] GC(36)         Dead                      Min: 0, Avg:  0.0, Max: 0, Diff: 0, Sum: 0, Workers: 2
[114.916s][debug][gc,phases   ] GC(36)         Total                     Min: 0, Avg:  0.0, Max: 0, Diff: 0, Sum: 0, Workers: 2
[114.916s][debug][gc,phases   ] GC(36)       StringTable Weak          Min:  0.0, Avg:  0.0, Max:  0.0, Diff:  0.0, Sum:  0.0, Workers: 2
[114.916s][debug][gc,phases   ] GC(36)         Dead                      Min: 0, Avg:  0.0, Max: 0, Diff: 0, Sum: 0, Workers: 2
[114.916s][debug][gc,phases   ] GC(36)         Total                     Min: 0, Avg: 339.5, Max: 679, Diff: 679, Sum: 679, Workers: 2
[114.916s][debug][gc,phases   ] GC(36)       ResolvedMethodTable Weak  Min:  0.0, Avg:  0.0, Max:  0.0, Diff:  0.0, Sum:  0.0, Workers: 2
[114.916s][debug][gc,phases   ] GC(36)         Dead                      Min: 0, Avg:  0.0, Max: 0, Diff: 0, Sum: 0, Workers: 2
[114.916s][debug][gc,phases   ] GC(36)         Total                     Min: 0, Avg: 140.5, Max: 281, Diff: 281, Sum: 281, Workers: 2
[114.916s][debug][gc,phases   ] GC(36)       JNI Weak                  Min:  0.0, Avg:  0.0, Max:  0.0, Diff:  0.0, Sum:  0.0, Workers: 2
[114.916s][debug][gc,phases   ] GC(36)         Dead                      Min: 0, Avg:  0.0, Max: 0, Diff: 0, Sum: 0, Workers: 2
[114.916s][debug][gc,phases   ] GC(36)         Total                     Min: 0, Avg:  0.0, Max: 0, Diff: 0, Sum: 0, Workers: 2
[114.916s][debug][gc,phases   ] GC(36)       Weak JFR Old Object Samples Min:  0.0, Avg:  0.0, Max:  0.0, Diff:  0.0, Sum:  0.0, Workers: 2
[114.916s][debug][gc,phases   ] GC(36)         Dead                      Min: 0, Avg:  0.0, Max: 0, Diff: 0, Sum: 0, Workers: 2
[114.916s][debug][gc,phases   ] GC(36)         Total                     Min: 0, Avg:  0.0, Max: 0, Diff: 0, Sum: 0, Workers: 2
[114.916s][debug][gc,phases   ] GC(36)     Merge Per-Thread State: 0.0ms
[114.916s][debug][gc,phases   ] GC(36)       Copied Bytes              Min: 1871056, Avg: 2165254.2, Max: 2496416, Diff: 625360, Sum: 28148304, Workers: 13
[114.916s][debug][gc,phases   ] GC(36)       LAB Waste                 Min: 544, Avg: 920.0, Max: 1536, Diff: 992, Sum: 11960, Workers: 13
[114.916s][debug][gc,phases   ] GC(36)       LAB Undo Waste            Min: 0, Avg:  0.0, Max: 0, Diff: 0, Sum: 0, Workers: 13
[114.916s][debug][gc,phases   ] GC(36)     Code Roots Purge: 0.0ms
[114.916s][debug][gc,phases   ] GC(36)     Redirty Cards: 0.1ms
[114.916s][debug][gc,phases   ] GC(36)     DerivedPointerTable Update: 0.1ms
[114.916s][debug][gc,phases   ] GC(36)     Free Collection Set: 0.1ms
[114.916s][debug][gc,phases   ] GC(36)     Rebuild Free List: 0.0ms
[114.916s][debug][gc,phases   ] GC(36)     Humongous Reclaim: 0.0ms
[114.916s][debug][gc,phases   ] GC(36)     Start New Collection Set: 0.0ms
[114.916s][debug][gc,phases   ] GC(36)     Resize TLABs: 0.1ms
[114.916s][debug][gc,phases   ] GC(36)     Expand Heap After Collection: 0.0ms
[114.916s][info ][gc,phases   ] GC(36)   Other: 0.5ms
[114.916s][info ][gc,heap     ] GC(36) Eden regions: 89->0(89)
[114.916s][info ][gc,heap     ] GC(36) Survivor regions: 4->4(12)
[114.916s][info ][gc,heap     ] GC(36) Old regions: 9->9
[114.916s][info ][gc,heap     ] GC(36) Archive regions: 2->2
[114.916s][info ][gc,heap     ] GC(36) Humongous regions: 0->0
[114.916s][info ][gc,metaspace] GC(36) Metaspace: 1642K(1792K)->1642K(1792K) NonClass: 1523K(1600K)->1523K(1600K) Class: 118K(192K)->118K(192K)
[114.916s][info ][gc          ] GC(36) Pause Young (Normal) (G1 Evacuation Pause) 819M->108M(1248M) 7.951ms
[114.917s][info ][gc,cpu      ] GC(36) User=0.07s Sys=0.00s Real=0.01s
[118.399s][info ][gc,start    ] GC(37) Pause Young (Normal) (G1 Evacuation Pause)
[118.399s][info ][gc,task     ] GC(37) Using 13 workers of 13 for evacuation
[118.406s][info ][gc,phases   ] GC(37)   Pre Evacuate Collection Set: 0.3ms
[118.406s][debug][gc,phases   ] GC(37)     Prepare TLABs: 0.1ms
[118.406s][debug][gc,phases   ] GC(37)     Concatenate Dirty Card Logs: 0.1ms
[118.406s][debug][gc,phases   ] GC(37)     Choose Collection Set: 0.0ms
[118.406s][debug][gc,phases   ] GC(37)     Region Register: 0.1ms
[118.406s][debug][gc,phases   ] GC(37)     Prepare Heap Roots: 0.0ms
[118.406s][info ][gc,phases   ] GC(37)   Merge Heap Roots: 0.2ms
[118.406s][debug][gc,phases   ] GC(37)     Prepare Merge Heap Roots: 0.0ms
[118.406s][debug][gc,phases   ] GC(37)     Eager Reclaim (ms):       skipped
[118.406s][debug][gc,phases   ] GC(37)     Remembered Sets (ms):     Min:  0.0, Avg:  0.0, Max:  0.0, Diff:  0.0, Sum:  0.0, Workers: 13
[118.406s][debug][gc,phases   ] GC(37)       Merged Sparse:            Min: 0, Avg:  0.0, Max: 0, Diff: 0, Sum: 0, Workers: 13
[118.406s][debug][gc,phases   ] GC(37)       Merged Fine:              Min: 0, Avg:  0.0, Max: 0, Diff: 0, Sum: 0, Workers: 13
[118.406s][debug][gc,phases   ] GC(37)       Merged Coarse:            Min: 0, Avg:  0.0, Max: 0, Diff: 0, Sum: 0, Workers: 13
[118.406s][debug][gc,phases   ] GC(37)       Dirty Cards:              Min: 0, Avg:  0.0, Max: 0, Diff: 0, Sum: 0, Workers: 13
[118.406s][debug][gc,phases   ] GC(37)     Hot Card Cache (ms):      Min:  0.0, Avg:  0.0, Max:  0.0, Diff:  0.0, Sum:  0.0, Workers: 13
[118.406s][debug][gc,phases   ] GC(37)       Dirty Cards:              Min: 0, Avg:  0.0, Max: 0, Diff: 0, Sum: 0, Workers: 13
[118.406s][debug][gc,phases   ] GC(37)       Skipped Cards:            Min: 0, Avg:  0.0, Max: 0, Diff: 0, Sum: 0, Workers: 13
[118.406s][debug][gc,phases   ] GC(37)     Log Buffers (ms):         Min:  0.1, Avg:  0.1, Max:  0.2, Diff:  0.1, Sum:  1.9, Workers: 13
[118.406s][debug][gc,phases   ] GC(37)       Dirty Cards:              Min: 416, Avg: 1973.2, Max: 4224, Diff: 3808, Sum: 25652, Workers: 13
[118.406s][debug][gc,phases   ] GC(37)       Skipped Cards:            Min: 0, Avg:  0.0, Max: 0, Diff: 0, Sum: 0, Workers: 13
[118.406s][info ][gc,phases   ] GC(37)   Evacuate Collection Set: 5.5ms
[118.406s][debug][gc,phases   ] GC(37)     Ext Root Scanning (ms):   Min:  0.3, Avg:  0.4, Max:  0.5, Diff:  0.2, Sum:  5.6, Workers: 13
[118.406s][debug][gc,phases   ] GC(37)     Scan Heap Roots (ms):     Min:  1.7, Avg:  1.8, Max:  1.9, Diff:  0.2, Sum: 23.5, Workers: 13
[118.406s][debug][gc,phases   ] GC(37)       Scanned Cards:            Min: 1738, Avg: 1972.2, Max: 2765, Diff: 1027, Sum: 25639, Workers: 13
[118.406s][debug][gc,phases   ] GC(37)       Scanned Blocks:           Min: 1279, Avg: 1519.8, Max: 2060, Diff: 781, Sum: 19757, Workers: 13
[118.406s][debug][gc,phases   ] GC(37)       Claimed Chunks:           Min: 8, Avg: 10.9, Max: 17, Diff: 9, Sum: 142, Workers: 13
[118.406s][debug][gc,phases   ] GC(37)     Code Root Scan (ms):      Min:  0.0, Avg:  0.0, Max:  0.0, Diff:  0.0, Sum:  0.0, Workers: 13
[118.406s][debug][gc,phases   ] GC(37)     Object Copy (ms):         Min:  3.0, Avg:  3.1, Max:  3.1, Diff:  0.2, Sum: 39.8, Workers: 13
[118.406s][debug][gc,phases   ] GC(37)     Termination (ms):         Min:  0.1, Avg:  0.1, Max:  0.1, Diff:  0.0, Sum:  1.4, Workers: 13
[118.406s][debug][gc,phases   ] GC(37)       Termination Attempts:     Min: 1, Avg:  1.2, Max: 2, Diff: 1, Sum: 15, Workers: 13
[118.406s][debug][gc,phases   ] GC(37)     GC Worker Other (ms):     Min:  0.0, Avg:  0.0, Max:  0.0, Diff:  0.0, Sum:  0.1, Workers: 13
[118.406s][debug][gc,phases   ] GC(37)     GC Worker Total (ms):     Min:  5.4, Avg:  5.4, Max:  5.5, Diff:  0.1, Sum: 70.3, Workers: 13
[118.406s][info ][gc,phases   ] GC(37)   Post Evacuate Collection Set: 0.3ms
[118.406s][debug][gc,phases   ] GC(37)     Code Roots Fixup: 0.0ms
[118.406s][debug][gc,phases   ] GC(37)     Clear Card Table: 0.1ms
[118.406s][debug][gc,phases   ] GC(37)     Reference Processing: 0.0ms
[118.406s][debug][gc,phases   ] GC(37)     Weak Processing: 0.0ms
[118.406s][debug][gc,phases   ] GC(37)       VM Weak                   Min:  0.0, Avg:  0.0, Max:  0.0, Diff:  0.0, Sum:  0.0, Workers: 2
[118.406s][debug][gc,phases   ] GC(37)         Dead                      Min: 0, Avg:  0.0, Max: 0, Diff: 0, Sum: 0, Workers: 2
[118.406s][debug][gc,phases   ] GC(37)         Total                     Min: 0, Avg: 28.5, Max: 57, Diff: 57, Sum: 57, Workers: 2
[118.406s][debug][gc,phases   ] GC(37)       ObjectSynchronizer Weak   Min:  0.0, Avg:  0.0, Max:  0.0, Diff:  0.0, Sum:  0.0, Workers: 2
[118.406s][debug][gc,phases   ] GC(37)         Dead                      Min: 0, Avg:  0.0, Max: 0, Diff: 0, Sum: 0, Workers: 2
[118.406s][debug][gc,phases   ] GC(37)         Total                     Min: 0, Avg:  4.5, Max: 9, Diff: 9, Sum: 9, Workers: 2
[118.406s][debug][gc,phases   ] GC(37)       JVMTI Tag Weak OopStorage Min:  0.0, Avg:  0.0, Max:  0.0, Diff:  0.0, Sum:  0.0, Workers: 2
[118.406s][debug][gc,phases   ] GC(37)         Dead                      Min: 0, Avg:  0.0, Max: 0, Diff: 0, Sum: 0, Workers: 2
[118.406s][debug][gc,phases   ] GC(37)         Total                     Min: 0, Avg:  0.0, Max: 0, Diff: 0, Sum: 0, Workers: 2
[118.406s][debug][gc,phases   ] GC(37)       StringTable Weak          Min:  0.0, Avg:  0.0, Max:  0.0, Diff:  0.0, Sum:  0.0, Workers: 2
[118.406s][debug][gc,phases   ] GC(37)         Dead                      Min: 0, Avg:  0.0, Max: 0, Diff: 0, Sum: 0, Workers: 2
[118.406s][debug][gc,phases   ] GC(37)         Total                     Min: 0, Avg: 339.5, Max: 679, Diff: 679, Sum: 679, Workers: 2
[118.406s][debug][gc,phases   ] GC(37)       ResolvedMethodTable Weak  Min:  0.0, Avg:  0.0, Max:  0.0, Diff:  0.0, Sum:  0.0, Workers: 2
[118.406s][debug][gc,phases   ] GC(37)         Dead                      Min: 0, Avg:  0.0, Max: 0, Diff: 0, Sum: 0, Workers: 2
[118.406s][debug][gc,phases   ] GC(37)         Total                     Min: 0, Avg: 140.5, Max: 281, Diff: 281, Sum: 281, Workers: 2
[118.406s][debug][gc,phases   ] GC(37)       JNI Weak                  Min:  0.0, Avg:  0.0, Max:  0.0, Diff:  0.0, Sum:  0.0, Workers: 2
[118.406s][debug][gc,phases   ] GC(37)         Dead                      Min: 0, Avg:  0.0, Max: 0, Diff: 0, Sum: 0, Workers: 2
[118.406s][debug][gc,phases   ] GC(37)         Total                     Min: 0, Avg:  0.0, Max: 0, Diff: 0, Sum: 0, Workers: 2
[118.407s][debug][gc,phases   ] GC(37)       Weak JFR Old Object Samples Min:  0.0, Avg:  0.0, Max:  0.0, Diff:  0.0, Sum:  0.0, Workers: 2
[118.407s][debug][gc,phases   ] GC(37)         Dead                      Min: 0, Avg:  0.0, Max: 0, Diff: 0, Sum: 0, Workers: 2
[118.407s][debug][gc,phases   ] GC(37)         Total                     Min: 0, Avg:  0.0, Max: 0, Diff: 0, Sum: 0, Workers: 2
[118.407s][debug][gc,phases   ] GC(37)     Merge Per-Thread State: 0.0ms
[118.407s][debug][gc,phases   ] GC(37)       Copied Bytes              Min: 1877224, Avg: 2139640.6, Max: 2439120, Diff: 561896, Sum: 27815328, Workers: 13
[118.407s][debug][gc,phases   ] GC(37)       LAB Waste                 Min: 448, Avg: 973.5, Max: 1680, Diff: 1232, Sum: 12656, Workers: 13
[118.407s][debug][gc,phases   ] GC(37)       LAB Undo Waste            Min: 0, Avg:  0.0, Max: 0, Diff: 0, Sum: 0, Workers: 13
[118.407s][debug][gc,phases   ] GC(37)     Code Roots Purge: 0.0ms
[118.407s][debug][gc,phases   ] GC(37)     Redirty Cards: 0.1ms
[118.407s][debug][gc,phases   ] GC(37)     DerivedPointerTable Update: 0.1ms
[118.407s][debug][gc,phases   ] GC(37)     Free Collection Set: 0.1ms
[118.407s][debug][gc,phases   ] GC(37)     Rebuild Free List: 0.0ms
[118.407s][debug][gc,phases   ] GC(37)     Humongous Reclaim: 0.0ms
[118.407s][debug][gc,phases   ] GC(37)     Start New Collection Set: 0.0ms
[118.407s][debug][gc,phases   ] GC(37)     Resize TLABs: 0.1ms
[118.407s][debug][gc,phases   ] GC(37)     Expand Heap After Collection: 0.0ms
[118.407s][info ][gc,phases   ] GC(37)   Other: 0.5ms
[118.407s][info ][gc,heap     ] GC(37) Eden regions: 89->0(89)
[118.407s][info ][gc,heap     ] GC(37) Survivor regions: 4->4(12)
[118.407s][info ][gc,heap     ] GC(37) Old regions: 9->9
[118.407s][info ][gc,heap     ] GC(37) Archive regions: 2->2
[118.407s][info ][gc,heap     ] GC(37) Humongous regions: 0->0
[118.407s][info ][gc,metaspace] GC(37) Metaspace: 1642K(1792K)->1642K(1792K) NonClass: 1523K(1600K)->1523K(1600K) Class: 118K(192K)->118K(192K)
[118.407s][info ][gc          ] GC(37) Pause Young (Normal) (G1 Evacuation Pause) 820M->107M(1248M) 7.341ms
[118.407s][info ][gc,cpu      ] GC(37) User=0.07s Sys=0.00s Real=0.01s
[121.880s][info ][gc,start    ] GC(38) Pause Young (Normal) (G1 Evacuation Pause)
[121.880s][info ][gc,task     ] GC(38) Using 13 workers of 13 for evacuation
[121.886s][info ][gc,phases   ] GC(38)   Pre Evacuate Collection Set: 0.3ms
[121.886s][debug][gc,phases   ] GC(38)     Prepare TLABs: 0.1ms
[121.886s][debug][gc,phases   ] GC(38)     Concatenate Dirty Card Logs: 0.1ms
[121.886s][debug][gc,phases   ] GC(38)     Choose Collection Set: 0.0ms
[121.886s][debug][gc,phases   ] GC(38)     Region Register: 0.1ms
[121.886s][debug][gc,phases   ] GC(38)     Prepare Heap Roots: 0.0ms
[121.886s][info ][gc,phases   ] GC(38)   Merge Heap Roots: 0.2ms
[121.886s][debug][gc,phases   ] GC(38)     Prepare Merge Heap Roots: 0.0ms
[121.886s][debug][gc,phases   ] GC(38)     Eager Reclaim (ms):       skipped
[121.886s][debug][gc,phases   ] GC(38)     Remembered Sets (ms):     Min:  0.0, Avg:  0.0, Max:  0.0, Diff:  0.0, Sum:  0.1, Workers: 13
[121.886s][debug][gc,phases   ] GC(38)       Merged Sparse:            Min: 0, Avg:  0.0, Max: 0, Diff: 0, Sum: 0, Workers: 13
[121.886s][debug][gc,phases   ] GC(38)       Merged Fine:              Min: 0, Avg:  0.0, Max: 0, Diff: 0, Sum: 0, Workers: 13
[121.886s][debug][gc,phases   ] GC(38)       Merged Coarse:            Min: 0, Avg:  0.0, Max: 0, Diff: 0, Sum: 0, Workers: 13
[121.886s][debug][gc,phases   ] GC(38)       Dirty Cards:              Min: 0, Avg:  0.0, Max: 0, Diff: 0, Sum: 0, Workers: 13
[121.886s][debug][gc,phases   ] GC(38)     Hot Card Cache (ms):      Min:  0.0, Avg:  0.0, Max:  0.0, Diff:  0.0, Sum:  0.0, Workers: 13
[121.886s][debug][gc,phases   ] GC(38)       Dirty Cards:              Min: 0, Avg:  0.0, Max: 0, Diff: 0, Sum: 0, Workers: 13
[121.886s][debug][gc,phases   ] GC(38)       Skipped Cards:            Min: 0, Avg:  0.0, Max: 0, Diff: 0, Sum: 0, Workers: 13
[121.886s][debug][gc,phases   ] GC(38)     Log Buffers (ms):         Min:  0.1, Avg:  0.1, Max:  0.1, Diff:  0.1, Sum:  1.4, Workers: 13
[121.886s][debug][gc,phases   ] GC(38)       Dirty Cards:              Min: 1139, Avg: 1939.5, Max: 3091, Diff: 1952, Sum: 25214, Workers: 13
[121.886s][debug][gc,phases   ] GC(38)       Skipped Cards:            Min: 0, Avg:  0.0, Max: 0, Diff: 0, Sum: 0, Workers: 13
[121.886s][info ][gc,phases   ] GC(38)   Evacuate Collection Set: 5.5ms
[121.886s][debug][gc,phases   ] GC(38)     Ext Root Scanning (ms):   Min:  0.4, Avg:  0.4, Max:  0.5, Diff:  0.1, Sum:  5.8, Workers: 13
[121.886s][debug][gc,phases   ] GC(38)     Scan Heap Roots (ms):     Min:  1.5, Avg:  1.6, Max:  1.8, Diff:  0.3, Sum: 21.2, Workers: 13
[121.886s][debug][gc,phases   ] GC(38)       Scanned Cards:            Min: 1784, Avg: 1938.6, Max: 2099, Diff: 315, Sum: 25202, Workers: 13
[121.886s][debug][gc,phases   ] GC(38)       Scanned Blocks:           Min: 1400, Avg: 1499.8, Max: 1674, Diff: 274, Sum: 19498, Workers: 13
[121.886s][debug][gc,phases   ] GC(38)       Claimed Chunks:           Min: 9, Avg: 10.9, Max: 15, Diff: 6, Sum: 142, Workers: 13
[121.886s][debug][gc,phases   ] GC(38)     Code Root Scan (ms):      Min:  0.0, Avg:  0.0, Max:  0.0, Diff:  0.0, Sum:  0.0, Workers: 13
[121.886s][debug][gc,phases   ] GC(38)     Object Copy (ms):         Min:  3.0, Avg:  3.2, Max:  3.3, Diff:  0.2, Sum: 41.4, Workers: 13
[121.886s][debug][gc,phases   ] GC(38)     Termination (ms):         Min:  0.1, Avg:  0.1, Max:  0.1, Diff:  0.0, Sum:  1.4, Workers: 13
[121.887s][debug][gc,phases   ] GC(38)       Termination Attempts:     Min: 1, Avg:  1.0, Max: 1, Diff: 0, Sum: 13, Workers: 13
[121.887s][debug][gc,phases   ] GC(38)     GC Worker Other (ms):     Min:  0.0, Avg:  0.0, Max:  0.0, Diff:  0.0, Sum:  0.2, Workers: 13
[121.887s][debug][gc,phases   ] GC(38)     GC Worker Total (ms):     Min:  5.3, Avg:  5.4, Max:  5.4, Diff:  0.1, Sum: 70.0, Workers: 13
[121.887s][info ][gc,phases   ] GC(38)   Post Evacuate Collection Set: 0.3ms
[121.887s][debug][gc,phases   ] GC(38)     Code Roots Fixup: 0.0ms
[121.887s][debug][gc,phases   ] GC(38)     Clear Card Table: 0.1ms
[121.887s][debug][gc,phases   ] GC(38)     Reference Processing: 0.0ms
[121.887s][debug][gc,phases   ] GC(38)     Weak Processing: 0.0ms
[121.887s][debug][gc,phases   ] GC(38)       VM Weak                   Min:  0.0, Avg:  0.0, Max:  0.0, Diff:  0.0, Sum:  0.0, Workers: 2
[121.887s][debug][gc,phases   ] GC(38)         Dead                      Min: 0, Avg:  0.0, Max: 0, Diff: 0, Sum: 0, Workers: 2
[121.887s][debug][gc,phases   ] GC(38)         Total                     Min: 0, Avg: 28.5, Max: 57, Diff: 57, Sum: 57, Workers: 2
[121.887s][debug][gc,phases   ] GC(38)       ObjectSynchronizer Weak   Min:  0.0, Avg:  0.0, Max:  0.0, Diff:  0.0, Sum:  0.0, Workers: 2
[121.887s][debug][gc,phases   ] GC(38)         Dead                      Min: 0, Avg:  0.0, Max: 0, Diff: 0, Sum: 0, Workers: 2
[121.887s][debug][gc,phases   ] GC(38)         Total                     Min: 0, Avg:  4.5, Max: 9, Diff: 9, Sum: 9, Workers: 2
[121.887s][debug][gc,phases   ] GC(38)       JVMTI Tag Weak OopStorage Min:  0.0, Avg:  0.0, Max:  0.0, Diff:  0.0, Sum:  0.0, Workers: 2
[121.887s][debug][gc,phases   ] GC(38)         Dead                      Min: 0, Avg:  0.0, Max: 0, Diff: 0, Sum: 0, Workers: 2
[121.887s][debug][gc,phases   ] GC(38)         Total                     Min: 0, Avg:  0.0, Max: 0, Diff: 0, Sum: 0, Workers: 2
[121.887s][debug][gc,phases   ] GC(38)       StringTable Weak          Min:  0.0, Avg:  0.0, Max:  0.0, Diff:  0.0, Sum:  0.0, Workers: 2
[121.887s][debug][gc,phases   ] GC(38)         Dead                      Min: 0, Avg:  0.0, Max: 0, Diff: 0, Sum: 0, Workers: 2
[121.887s][debug][gc,phases   ] GC(38)         Total                     Min: 0, Avg: 339.5, Max: 679, Diff: 679, Sum: 679, Workers: 2
[121.887s][debug][gc,phases   ] GC(38)       ResolvedMethodTable Weak  Min:  0.0, Avg:  0.0, Max:  0.0, Diff:  0.0, Sum:  0.0, Workers: 2
[121.887s][debug][gc,phases   ] GC(38)         Dead                      Min: 0, Avg:  0.0, Max: 0, Diff: 0, Sum: 0, Workers: 2
[121.887s][debug][gc,phases   ] GC(38)         Total                     Min: 0, Avg: 140.5, Max: 281, Diff: 281, Sum: 281, Workers: 2
[121.887s][debug][gc,phases   ] GC(38)       JNI Weak                  Min:  0.0, Avg:  0.0, Max:  0.0, Diff:  0.0, Sum:  0.0, Workers: 2
[121.887s][debug][gc,phases   ] GC(38)         Dead                      Min: 0, Avg:  0.0, Max: 0, Diff: 0, Sum: 0, Workers: 2
[121.887s][debug][gc,phases   ] GC(38)         Total                     Min: 0, Avg:  0.0, Max: 0, Diff: 0, Sum: 0, Workers: 2
[121.887s][debug][gc,phases   ] GC(38)       Weak JFR Old Object Samples Min:  0.0, Avg:  0.0, Max:  0.0, Diff:  0.0, Sum:  0.0, Workers: 2
[121.887s][debug][gc,phases   ] GC(38)         Dead                      Min: 0, Avg:  0.0, Max: 0, Diff: 0, Sum: 0, Workers: 2
[121.887s][debug][gc,phases   ] GC(38)         Total                     Min: 0, Avg:  0.0, Max: 0, Diff: 0, Sum: 0, Workers: 2
[121.887s][debug][gc,phases   ] GC(38)     Merge Per-Thread State: 0.0ms
[121.887s][debug][gc,phases   ] GC(38)       Copied Bytes              Min: 2009272, Avg: 2123989.5, Max: 2219808, Diff: 210536, Sum: 27611864, Workers: 13
[121.887s][debug][gc,phases   ] GC(38)       LAB Waste                 Min: 392, Avg: 793.2, Max: 1360, Diff: 968, Sum: 10312, Workers: 13
[121.887s][debug][gc,phases   ] GC(38)       LAB Undo Waste            Min: 0, Avg:  0.0, Max: 0, Diff: 0, Sum: 0, Workers: 13
[121.887s][debug][gc,phases   ] GC(38)     Code Roots Purge: 0.0ms
[121.887s][debug][gc,phases   ] GC(38)     Redirty Cards: 0.0ms
[121.887s][debug][gc,phases   ] GC(38)     DerivedPointerTable Update: 0.1ms
[121.887s][debug][gc,phases   ] GC(38)     Free Collection Set: 0.0ms
[121.887s][debug][gc,phases   ] GC(38)     Rebuild Free List: 0.0ms
[121.887s][debug][gc,phases   ] GC(38)     Humongous Reclaim: 0.0ms
[121.887s][debug][gc,phases   ] GC(38)     Start New Collection Set: 0.0ms
[121.887s][debug][gc,phases   ] GC(38)     Resize TLABs: 0.1ms
[121.887s][debug][gc,phases   ] GC(38)     Expand Heap After Collection: 0.0ms
[121.887s][info ][gc,phases   ] GC(38)   Other: 0.5ms
[121.887s][info ][gc,heap     ] GC(38) Eden regions: 89->0(89)
[121.887s][info ][gc,heap     ] GC(38) Survivor regions: 4->4(12)
[121.887s][info ][gc,heap     ] GC(38) Old regions: 9->9
[121.887s][info ][gc,heap     ] GC(38) Archive regions: 2->2
[121.887s][info ][gc,heap     ] GC(38) Humongous regions: 0->0
[121.887s][info ][gc,metaspace] GC(38) Metaspace: 1642K(1792K)->1642K(1792K) NonClass: 1523K(1600K)->1523K(1600K) Class: 118K(192K)->118K(192K)
[121.887s][info ][gc          ] GC(38) Pause Young (Normal) (G1 Evacuation Pause) 819M->107M(1248M) 7.183ms
[121.887s][info ][gc,cpu      ] GC(38) User=0.07s Sys=0.00s Real=0.01s
[125.430s][info ][gc,start    ] GC(39) Pause Young (Normal) (G1 Evacuation Pause)
[125.430s][info ][gc,task     ] GC(39) Using 13 workers of 13 for evacuation
[125.437s][info ][gc,phases   ] GC(39)   Pre Evacuate Collection Set: 0.3ms
[125.437s][debug][gc,phases   ] GC(39)     Prepare TLABs: 0.1ms
[125.437s][debug][gc,phases   ] GC(39)     Concatenate Dirty Card Logs: 0.1ms
[125.437s][debug][gc,phases   ] GC(39)     Choose Collection Set: 0.0ms
[125.437s][debug][gc,phases   ] GC(39)     Region Register: 0.1ms
[125.437s][debug][gc,phases   ] GC(39)     Prepare Heap Roots: 0.0ms
[125.437s][info ][gc,phases   ] GC(39)   Merge Heap Roots: 0.2ms
[125.437s][debug][gc,phases   ] GC(39)     Prepare Merge Heap Roots: 0.0ms
[125.437s][debug][gc,phases   ] GC(39)     Eager Reclaim (ms):       skipped
[125.437s][debug][gc,phases   ] GC(39)     Remembered Sets (ms):     Min:  0.0, Avg:  0.0, Max:  0.0, Diff:  0.0, Sum:  0.0, Workers: 13
[125.437s][debug][gc,phases   ] GC(39)       Merged Sparse:            Min: 0, Avg:  0.0, Max: 0, Diff: 0, Sum: 0, Workers: 13
[125.437s][debug][gc,phases   ] GC(39)       Merged Fine:              Min: 0, Avg:  0.0, Max: 0, Diff: 0, Sum: 0, Workers: 13
[125.437s][debug][gc,phases   ] GC(39)       Merged Coarse:            Min: 0, Avg:  0.0, Max: 0, Diff: 0, Sum: 0, Workers: 13
[125.437s][debug][gc,phases   ] GC(39)       Dirty Cards:              Min: 0, Avg:  0.0, Max: 0, Diff: 0, Sum: 0, Workers: 13
[125.437s][debug][gc,phases   ] GC(39)     Hot Card Cache (ms):      Min:  0.0, Avg:  0.0, Max:  0.0, Diff:  0.0, Sum:  0.0, Workers: 13
[125.437s][debug][gc,phases   ] GC(39)       Dirty Cards:              Min: 0, Avg:  0.0, Max: 0, Diff: 0, Sum: 0, Workers: 13
[125.437s][debug][gc,phases   ] GC(39)       Skipped Cards:            Min: 0, Avg:  0.0, Max: 0, Diff: 0, Sum: 0, Workers: 13
[125.437s][debug][gc,phases   ] GC(39)     Log Buffers (ms):         Min:  0.1, Avg:  0.1, Max:  0.2, Diff:  0.0, Sum:  1.8, Workers: 13
[125.437s][debug][gc,phases   ] GC(39)       Dirty Cards:              Min: 962, Avg: 1898.8, Max: 3421, Diff: 2459, Sum: 24684, Workers: 13
[125.437s][debug][gc,phases   ] GC(39)       Skipped Cards:            Min: 0, Avg:  0.0, Max: 0, Diff: 0, Sum: 0, Workers: 13
[125.437s][info ][gc,phases   ] GC(39)   Evacuate Collection Set: 6.0ms
[125.437s][debug][gc,phases   ] GC(39)     Ext Root Scanning (ms):   Min:  0.4, Avg:  0.5, Max:  0.6, Diff:  0.2, Sum:  6.0, Workers: 13
[125.437s][debug][gc,phases   ] GC(39)     Scan Heap Roots (ms):     Min:  1.8, Avg:  2.0, Max:  2.1, Diff:  0.2, Sum: 25.6, Workers: 13
[125.437s][debug][gc,phases   ] GC(39)       Scanned Cards:            Min: 1641, Avg: 1898.1, Max: 2291, Diff: 650, Sum: 24675, Workers: 13
[125.437s][debug][gc,phases   ] GC(39)       Scanned Blocks:           Min: 1288, Avg: 1478.5, Max: 1844, Diff: 556, Sum: 19221, Workers: 13
[125.437s][debug][gc,phases   ] GC(39)       Claimed Chunks:           Min: 8, Avg: 10.9, Max: 21, Diff: 13, Sum: 142, Workers: 13
[125.437s][debug][gc,phases   ] GC(39)     Code Root Scan (ms):      Min:  0.0, Avg:  0.0, Max:  0.0, Diff:  0.0, Sum:  0.0, Workers: 13
[125.437s][debug][gc,phases   ] GC(39)     Object Copy (ms):         Min:  3.2, Avg:  3.3, Max:  3.4, Diff:  0.3, Sum: 42.9, Workers: 13
[125.437s][debug][gc,phases   ] GC(39)     Termination (ms):         Min:  0.2, Avg:  0.2, Max:  0.2, Diff:  0.0, Sum:  2.5, Workers: 13
[125.437s][debug][gc,phases   ] GC(39)       Termination Attempts:     Min: 1, Avg:  1.0, Max: 1, Diff: 0, Sum: 13, Workers: 13
[125.437s][debug][gc,phases   ] GC(39)     GC Worker Other (ms):     Min:  0.0, Avg:  0.0, Max:  0.0, Diff:  0.0, Sum:  0.2, Workers: 13
[125.437s][debug][gc,phases   ] GC(39)     GC Worker Total (ms):     Min:  5.9, Avg:  5.9, Max:  6.0, Diff:  0.1, Sum: 77.2, Workers: 13
[125.437s][info ][gc,phases   ] GC(39)   Post Evacuate Collection Set: 0.3ms
[125.437s][debug][gc,phases   ] GC(39)     Code Roots Fixup: 0.0ms
[125.437s][debug][gc,phases   ] GC(39)     Clear Card Table: 0.1ms
[125.437s][debug][gc,phases   ] GC(39)     Reference Processing: 0.0ms
[125.437s][debug][gc,phases   ] GC(39)     Weak Processing: 0.0ms
[125.437s][debug][gc,phases   ] GC(39)       VM Weak                   Min:  0.0, Avg:  0.0, Max:  0.0, Diff:  0.0, Sum:  0.0, Workers: 2
[125.437s][debug][gc,phases   ] GC(39)         Dead                      Min: 0, Avg:  0.0, Max: 0, Diff: 0, Sum: 0, Workers: 2
[125.437s][debug][gc,phases   ] GC(39)         Total                     Min: 0, Avg: 28.5, Max: 57, Diff: 57, Sum: 57, Workers: 2
[125.437s][debug][gc,phases   ] GC(39)       ObjectSynchronizer Weak   Min:  0.0, Avg:  0.0, Max:  0.0, Diff:  0.0, Sum:  0.0, Workers: 2
[125.437s][debug][gc,phases   ] GC(39)         Dead                      Min: 0, Avg:  0.0, Max: 0, Diff: 0, Sum: 0, Workers: 2
[125.437s][debug][gc,phases   ] GC(39)         Total                     Min: 0, Avg:  4.5, Max: 9, Diff: 9, Sum: 9, Workers: 2
[125.437s][debug][gc,phases   ] GC(39)       JVMTI Tag Weak OopStorage Min:  0.0, Avg:  0.0, Max:  0.0, Diff:  0.0, Sum:  0.0, Workers: 2
[125.437s][debug][gc,phases   ] GC(39)         Dead                      Min: 0, Avg:  0.0, Max: 0, Diff: 0, Sum: 0, Workers: 2
[125.437s][debug][gc,phases   ] GC(39)         Total                     Min: 0, Avg:  0.0, Max: 0, Diff: 0, Sum: 0, Workers: 2
[125.437s][debug][gc,phases   ] GC(39)       StringTable Weak          Min:  0.0, Avg:  0.0, Max:  0.0, Diff:  0.0, Sum:  0.0, Workers: 2
[125.437s][debug][gc,phases   ] GC(39)         Dead                      Min: 0, Avg:  0.0, Max: 0, Diff: 0, Sum: 0, Workers: 2
[125.437s][debug][gc,phases   ] GC(39)         Total                     Min: 0, Avg: 339.5, Max: 679, Diff: 679, Sum: 679, Workers: 2
[125.437s][debug][gc,phases   ] GC(39)       ResolvedMethodTable Weak  Min:  0.0, Avg:  0.0, Max:  0.0, Diff:  0.0, Sum:  0.0, Workers: 2
[125.437s][debug][gc,phases   ] GC(39)         Dead                      Min: 0, Avg:  0.0, Max: 0, Diff: 0, Sum: 0, Workers: 2
[125.437s][debug][gc,phases   ] GC(39)         Total                     Min: 0, Avg: 140.5, Max: 281, Diff: 281, Sum: 281, Workers: 2
[125.438s][debug][gc,phases   ] GC(39)       JNI Weak                  Min:  0.0, Avg:  0.0, Max:  0.0, Diff:  0.0, Sum:  0.0, Workers: 2
[125.438s][debug][gc,phases   ] GC(39)         Dead                      Min: 0, Avg:  0.0, Max: 0, Diff: 0, Sum: 0, Workers: 2
[125.438s][debug][gc,phases   ] GC(39)         Total                     Min: 0, Avg:  0.0, Max: 0, Diff: 0, Sum: 0, Workers: 2
[125.438s][debug][gc,phases   ] GC(39)       Weak JFR Old Object Samples Min:  0.0, Avg:  0.0, Max:  0.0, Diff:  0.0, Sum:  0.0, Workers: 2
[125.438s][debug][gc,phases   ] GC(39)         Dead                      Min: 0, Avg:  0.0, Max: 0, Diff: 0, Sum: 0, Workers: 2
[125.438s][debug][gc,phases   ] GC(39)         Total                     Min: 0, Avg:  0.0, Max: 0, Diff: 0, Sum: 0, Workers: 2
[125.438s][debug][gc,phases   ] GC(39)     Merge Per-Thread State: 0.0ms
[125.438s][debug][gc,phases   ] GC(39)       Copied Bytes              Min: 1851344, Avg: 2126104.6, Max: 2346952, Diff: 495608, Sum: 27639360, Workers: 13
[125.438s][debug][gc,phases   ] GC(39)       LAB Waste                 Min: 336, Avg: 652.3, Max: 1144, Diff: 808, Sum: 8480, Workers: 13
[125.438s][debug][gc,phases   ] GC(39)       LAB Undo Waste            Min: 0, Avg:  0.0, Max: 0, Diff: 0, Sum: 0, Workers: 13
[125.438s][debug][gc,phases   ] GC(39)     Code Roots Purge: 0.0ms
[125.438s][debug][gc,phases   ] GC(39)     Redirty Cards: 0.1ms
[125.438s][debug][gc,phases   ] GC(39)     DerivedPointerTable Update: 0.1ms
[125.438s][debug][gc,phases   ] GC(39)     Free Collection Set: 0.1ms
[125.438s][debug][gc,phases   ] GC(39)     Rebuild Free List: 0.0ms
[125.438s][debug][gc,phases   ] GC(39)     Humongous Reclaim: 0.0ms
[125.438s][debug][gc,phases   ] GC(39)     Start New Collection Set: 0.0ms
[125.438s][debug][gc,phases   ] GC(39)     Resize TLABs: 0.1ms
[125.438s][debug][gc,phases   ] GC(39)     Expand Heap After Collection: 0.0ms
[125.438s][info ][gc,phases   ] GC(39)   Other: 0.5ms
[125.438s][info ][gc,heap     ] GC(39) Eden regions: 89->0(89)
[125.438s][info ][gc,heap     ] GC(39) Survivor regions: 4->4(12)
[125.438s][info ][gc,heap     ] GC(39) Old regions: 9->9
[125.438s][info ][gc,heap     ] GC(39) Archive regions: 2->2
[125.438s][info ][gc,heap     ] GC(39) Humongous regions: 0->0
[125.438s][info ][gc,metaspace] GC(39) Metaspace: 1642K(1792K)->1642K(1792K) NonClass: 1523K(1600K)->1523K(1600K) Class: 118K(192K)->118K(192K)
[125.438s][info ][gc          ] GC(39) Pause Young (Normal) (G1 Evacuation Pause) 819M->107M(1248M) 7.944ms
[125.438s][info ][gc,cpu      ] GC(39) User=0.08s Sys=0.00s Real=0.01s
[128.894s][info ][gc,start    ] GC(40) Pause Young (Normal) (G1 Evacuation Pause)
[128.894s][info ][gc,task     ] GC(40) Using 13 workers of 13 for evacuation
[128.901s][info ][gc,phases   ] GC(40)   Pre Evacuate Collection Set: 0.4ms
[128.901s][debug][gc,phases   ] GC(40)     Prepare TLABs: 0.1ms
[128.901s][debug][gc,phases   ] GC(40)     Concatenate Dirty Card Logs: 0.1ms
[128.901s][debug][gc,phases   ] GC(40)     Choose Collection Set: 0.0ms
[128.901s][debug][gc,phases   ] GC(40)     Region Register: 0.1ms
[128.901s][debug][gc,phases   ] GC(40)     Prepare Heap Roots: 0.0ms
[128.901s][info ][gc,phases   ] GC(40)   Merge Heap Roots: 0.2ms
[128.901s][debug][gc,phases   ] GC(40)     Prepare Merge Heap Roots: 0.0ms
[128.901s][debug][gc,phases   ] GC(40)     Eager Reclaim (ms):       skipped
[128.901s][debug][gc,phases   ] GC(40)     Remembered Sets (ms):     Min:  0.0, Avg:  0.0, Max:  0.0, Diff:  0.0, Sum:  0.1, Workers: 13
[128.901s][debug][gc,phases   ] GC(40)       Merged Sparse:            Min: 0, Avg:  0.0, Max: 0, Diff: 0, Sum: 0, Workers: 13
[128.901s][debug][gc,phases   ] GC(40)       Merged Fine:              Min: 0, Avg:  0.0, Max: 0, Diff: 0, Sum: 0, Workers: 13
[128.901s][debug][gc,phases   ] GC(40)       Merged Coarse:            Min: 0, Avg:  0.0, Max: 0, Diff: 0, Sum: 0, Workers: 13
[128.901s][debug][gc,phases   ] GC(40)       Dirty Cards:              Min: 0, Avg:  0.0, Max: 0, Diff: 0, Sum: 0, Workers: 13
[128.901s][debug][gc,phases   ] GC(40)     Hot Card Cache (ms):      Min:  0.0, Avg:  0.0, Max:  0.0, Diff:  0.0, Sum:  0.0, Workers: 13
[128.901s][debug][gc,phases   ] GC(40)       Dirty Cards:              Min: 0, Avg:  0.0, Max: 0, Diff: 0, Sum: 0, Workers: 13
[128.901s][debug][gc,phases   ] GC(40)       Skipped Cards:            Min: 0, Avg:  0.0, Max: 0, Diff: 0, Sum: 0, Workers: 13
[128.901s][debug][gc,phases   ] GC(40)     Log Buffers (ms):         Min:  0.1, Avg:  0.1, Max:  0.2, Diff:  0.1, Sum:  1.7, Workers: 13
[128.901s][debug][gc,phases   ] GC(40)       Dirty Cards:              Min: 547, Avg: 1972.2, Max: 3112, Diff: 2565, Sum: 25639, Workers: 13
[128.901s][debug][gc,phases   ] GC(40)       Skipped Cards:            Min: 0, Avg:  0.0, Max: 0, Diff: 0, Sum: 0, Workers: 13
[128.901s][info ][gc,phases   ] GC(40)   Evacuate Collection Set: 5.6ms
[128.901s][debug][gc,phases   ] GC(40)     Ext Root Scanning (ms):   Min:  0.4, Avg:  0.5, Max:  0.8, Diff:  0.4, Sum:  6.3, Workers: 13
[128.901s][debug][gc,phases   ] GC(40)     Scan Heap Roots (ms):     Min:  1.7, Avg:  1.8, Max:  1.9, Diff:  0.2, Sum: 23.1, Workers: 13
[128.901s][debug][gc,phases   ] GC(40)       Scanned Cards:            Min: 1668, Avg: 1970.7, Max: 2648, Diff: 980, Sum: 25619, Workers: 13
[128.901s][debug][gc,phases   ] GC(40)       Scanned Blocks:           Min: 1293, Avg: 1517.5, Max: 2063, Diff: 770, Sum: 19728, Workers: 13
[128.901s][debug][gc,phases   ] GC(40)       Claimed Chunks:           Min: 8, Avg: 10.9, Max: 22, Diff: 14, Sum: 142, Workers: 13
[128.901s][debug][gc,phases   ] GC(40)     Code Root Scan (ms):      Min:  0.0, Avg:  0.0, Max:  0.0, Diff:  0.0, Sum:  0.0, Workers: 13
[128.901s][debug][gc,phases   ] GC(40)     Object Copy (ms):         Min:  2.9, Avg:  3.1, Max:  3.3, Diff:  0.4, Sum: 40.7, Workers: 13
[128.901s][debug][gc,phases   ] GC(40)     Termination (ms):         Min:  0.1, Avg:  0.2, Max:  0.2, Diff:  0.1, Sum:  2.1, Workers: 13
[128.901s][debug][gc,phases   ] GC(40)       Termination Attempts:     Min: 1, Avg:  1.2, Max: 2, Diff: 1, Sum: 16, Workers: 13
[128.901s][debug][gc,phases   ] GC(40)     GC Worker Other (ms):     Min:  0.0, Avg:  0.0, Max:  0.0, Diff:  0.0, Sum:  0.2, Workers: 13
[128.902s][debug][gc,phases   ] GC(40)     GC Worker Total (ms):     Min:  5.5, Avg:  5.6, Max:  5.6, Diff:  0.1, Sum: 72.4, Workers: 13
[128.902s][info ][gc,phases   ] GC(40)   Post Evacuate Collection Set: 0.3ms
[128.902s][debug][gc,phases   ] GC(40)     Code Roots Fixup: 0.0ms
[128.902s][debug][gc,phases   ] GC(40)     Clear Card Table: 0.1ms
[128.902s][debug][gc,phases   ] GC(40)     Reference Processing: 0.0ms
[128.902s][debug][gc,phases   ] GC(40)     Weak Processing: 0.0ms
[128.902s][debug][gc,phases   ] GC(40)       VM Weak                   Min:  0.0, Avg:  0.0, Max:  0.0, Diff:  0.0, Sum:  0.0, Workers: 2
[128.902s][debug][gc,phases   ] GC(40)         Dead                      Min: 0, Avg:  0.0, Max: 0, Diff: 0, Sum: 0, Workers: 2
[128.902s][debug][gc,phases   ] GC(40)         Total                     Min: 0, Avg: 28.5, Max: 57, Diff: 57, Sum: 57, Workers: 2
[128.902s][debug][gc,phases   ] GC(40)       ObjectSynchronizer Weak   Min:  0.0, Avg:  0.0, Max:  0.0, Diff:  0.0, Sum:  0.0, Workers: 2
[128.902s][debug][gc,phases   ] GC(40)         Dead                      Min: 0, Avg:  0.0, Max: 0, Diff: 0, Sum: 0, Workers: 2
[128.902s][debug][gc,phases   ] GC(40)         Total                     Min: 0, Avg:  4.5, Max: 9, Diff: 9, Sum: 9, Workers: 2
[128.902s][debug][gc,phases   ] GC(40)       JVMTI Tag Weak OopStorage Min:  0.0, Avg:  0.0, Max:  0.0, Diff:  0.0, Sum:  0.0, Workers: 2
[128.902s][debug][gc,phases   ] GC(40)         Dead                      Min: 0, Avg:  0.0, Max: 0, Diff: 0, Sum: 0, Workers: 2
[128.902s][debug][gc,phases   ] GC(40)         Total                     Min: 0, Avg:  0.0, Max: 0, Diff: 0, Sum: 0, Workers: 2
[128.902s][debug][gc,phases   ] GC(40)       StringTable Weak          Min:  0.0, Avg:  0.0, Max:  0.0, Diff:  0.0, Sum:  0.0, Workers: 2
[128.902s][debug][gc,phases   ] GC(40)         Dead                      Min: 0, Avg:  0.0, Max: 0, Diff: 0, Sum: 0, Workers: 2
[128.902s][debug][gc,phases   ] GC(40)         Total                     Min: 0, Avg: 339.5, Max: 679, Diff: 679, Sum: 679, Workers: 2
[128.902s][debug][gc,phases   ] GC(40)       ResolvedMethodTable Weak  Min:  0.0, Avg:  0.0, Max:  0.0, Diff:  0.0, Sum:  0.0, Workers: 2
[128.902s][debug][gc,phases   ] GC(40)         Dead                      Min: 0, Avg:  0.0, Max: 0, Diff: 0, Sum: 0, Workers: 2
[128.902s][debug][gc,phases   ] GC(40)         Total                     Min: 0, Avg: 140.5, Max: 281, Diff: 281, Sum: 281, Workers: 2
[128.902s][debug][gc,phases   ] GC(40)       JNI Weak                  Min:  0.0, Avg:  0.0, Max:  0.0, Diff:  0.0, Sum:  0.0, Workers: 2
[128.902s][debug][gc,phases   ] GC(40)         Dead                      Min: 0, Avg:  0.0, Max: 0, Diff: 0, Sum: 0, Workers: 2
[128.902s][debug][gc,phases   ] GC(40)         Total                     Min: 0, Avg:  0.0, Max: 0, Diff: 0, Sum: 0, Workers: 2
[128.902s][debug][gc,phases   ] GC(40)       Weak JFR Old Object Samples Min:  0.0, Avg:  0.0, Max:  0.0, Diff:  0.0, Sum:  0.0, Workers: 2
[128.902s][debug][gc,phases   ] GC(40)         Dead                      Min: 0, Avg:  0.0, Max: 0, Diff: 0, Sum: 0, Workers: 2
[128.902s][debug][gc,phases   ] GC(40)         Total                     Min: 0, Avg:  0.0, Max: 0, Diff: 0, Sum: 0, Workers: 2
[128.902s][debug][gc,phases   ] GC(40)     Merge Per-Thread State: 0.0ms
[128.902s][debug][gc,phases   ] GC(40)       Copied Bytes              Min: 1844960, Avg: 2149278.8, Max: 2859160, Diff: 1014200, Sum: 27940624, Workers: 13
[128.902s][debug][gc,phases   ] GC(40)       LAB Waste                 Min: 720, Avg: 1036.9, Max: 1416, Diff: 696, Sum: 13480, Workers: 13
[128.902s][debug][gc,phases   ] GC(40)       LAB Undo Waste            Min: 0, Avg:  0.0, Max: 0, Diff: 0, Sum: 0, Workers: 13
[128.902s][debug][gc,phases   ] GC(40)     Code Roots Purge: 0.0ms
[128.902s][debug][gc,phases   ] GC(40)     Redirty Cards: 0.1ms
[128.902s][debug][gc,phases   ] GC(40)     DerivedPointerTable Update: 0.1ms
[128.902s][debug][gc,phases   ] GC(40)     Free Collection Set: 0.1ms
[128.902s][debug][gc,phases   ] GC(40)     Rebuild Free List: 0.0ms
[128.902s][debug][gc,phases   ] GC(40)     Humongous Reclaim: 0.0ms
[128.902s][debug][gc,phases   ] GC(40)     Start New Collection Set: 0.0ms
[128.902s][debug][gc,phases   ] GC(40)     Resize TLABs: 0.1ms
[128.902s][debug][gc,phases   ] GC(40)     Expand Heap After Collection: 0.0ms
[128.902s][info ][gc,phases   ] GC(40)   Other: 0.5ms
[128.902s][info ][gc,heap     ] GC(40) Eden regions: 89->0(89)
[128.902s][info ][gc,heap     ] GC(40) Survivor regions: 4->4(12)
[128.902s][info ][gc,heap     ] GC(40) Old regions: 9->9
[128.902s][info ][gc,heap     ] GC(40) Archive regions: 2->2
[128.902s][info ][gc,heap     ] GC(40) Humongous regions: 0->0
[128.902s][info ][gc,metaspace] GC(40) Metaspace: 1642K(1792K)->1642K(1792K) NonClass: 1523K(1600K)->1523K(1600K) Class: 118K(192K)->118K(192K)
[128.902s][info ][gc          ] GC(40) Pause Young (Normal) (G1 Evacuation Pause) 819M->108M(1248M) 7.622ms
[128.902s][info ][gc,cpu      ] GC(40) User=0.07s Sys=0.00s Real=0.01s
[132.414s][info ][gc,start    ] GC(41) Pause Young (Normal) (G1 Evacuation Pause)
[132.414s][info ][gc,task     ] GC(41) Using 13 workers of 13 for evacuation
[132.420s][info ][gc,phases   ] GC(41)   Pre Evacuate Collection Set: 0.2ms
[132.420s][debug][gc,phases   ] GC(41)     Prepare TLABs: 0.1ms
[132.421s][debug][gc,phases   ] GC(41)     Concatenate Dirty Card Logs: 0.1ms
[132.421s][debug][gc,phases   ] GC(41)     Choose Collection Set: 0.0ms
[132.421s][debug][gc,phases   ] GC(41)     Region Register: 0.0ms
[132.421s][debug][gc,phases   ] GC(41)     Prepare Heap Roots: 0.0ms
[132.421s][info ][gc,phases   ] GC(41)   Merge Heap Roots: 0.1ms
[132.421s][debug][gc,phases   ] GC(41)     Prepare Merge Heap Roots: 0.0ms
[132.421s][debug][gc,phases   ] GC(41)     Eager Reclaim (ms):       skipped
[132.421s][debug][gc,phases   ] GC(41)     Remembered Sets (ms):     Min:  0.0, Avg:  0.0, Max:  0.0, Diff:  0.0, Sum:  0.1, Workers: 13
[132.421s][debug][gc,phases   ] GC(41)       Merged Sparse:            Min: 0, Avg:  0.0, Max: 0, Diff: 0, Sum: 0, Workers: 13
[132.421s][debug][gc,phases   ] GC(41)       Merged Fine:              Min: 0, Avg:  0.0, Max: 0, Diff: 0, Sum: 0, Workers: 13
[132.421s][debug][gc,phases   ] GC(41)       Merged Coarse:            Min: 0, Avg:  0.0, Max: 0, Diff: 0, Sum: 0, Workers: 13
[132.421s][debug][gc,phases   ] GC(41)       Dirty Cards:              Min: 0, Avg:  0.0, Max: 0, Diff: 0, Sum: 0, Workers: 13
[132.421s][debug][gc,phases   ] GC(41)     Hot Card Cache (ms):      Min:  0.0, Avg:  0.0, Max:  0.0, Diff:  0.0, Sum:  0.0, Workers: 13
[132.421s][debug][gc,phases   ] GC(41)       Dirty Cards:              Min: 0, Avg:  0.0, Max: 0, Diff: 0, Sum: 0, Workers: 13
[132.421s][debug][gc,phases   ] GC(41)       Skipped Cards:            Min: 0, Avg:  0.0, Max: 0, Diff: 0, Sum: 0, Workers: 13
[132.421s][debug][gc,phases   ] GC(41)     Log Buffers (ms):         Min:  0.1, Avg:  0.1, Max:  0.1, Diff:  0.0, Sum:  1.3, Workers: 13
[132.421s][debug][gc,phases   ] GC(41)       Dirty Cards:              Min: 526, Avg: 1827.5, Max: 2605, Diff: 2079, Sum: 23758, Workers: 13
[132.421s][debug][gc,phases   ] GC(41)       Skipped Cards:            Min: 0, Avg:  0.0, Max: 0, Diff: 0, Sum: 0, Workers: 13
[132.421s][info ][gc,phases   ] GC(41)   Evacuate Collection Set: 5.7ms
[132.421s][debug][gc,phases   ] GC(41)     Ext Root Scanning (ms):   Min:  0.4, Avg:  0.5, Max:  1.0, Diff:  0.7, Sum:  6.6, Workers: 13
[132.421s][debug][gc,phases   ] GC(41)     Scan Heap Roots (ms):     Min:  1.4, Avg:  1.7, Max:  1.9, Diff:  0.5, Sum: 22.4, Workers: 13
[132.421s][debug][gc,phases   ] GC(41)       Scanned Cards:            Min: 1273, Avg: 1826.8, Max: 2249, Diff: 976, Sum: 23749, Workers: 13
[132.421s][debug][gc,phases   ] GC(41)       Scanned Blocks:           Min: 1085, Avg: 1433.0, Max: 1768, Diff: 683, Sum: 18629, Workers: 13
[132.421s][debug][gc,phases   ] GC(41)       Claimed Chunks:           Min: 7, Avg: 11.0, Max: 21, Diff: 14, Sum: 143, Workers: 13
[132.421s][debug][gc,phases   ] GC(41)     Code Root Scan (ms):      Min:  0.0, Avg:  0.0, Max:  0.0, Diff:  0.0, Sum:  0.0, Workers: 13
[132.421s][debug][gc,phases   ] GC(41)     Object Copy (ms):         Min:  3.1, Avg:  3.3, Max:  3.4, Diff:  0.3, Sum: 42.3, Workers: 13
[132.421s][debug][gc,phases   ] GC(41)     Termination (ms):         Min:  0.2, Avg:  0.2, Max:  0.2, Diff:  0.0, Sum:  2.3, Workers: 13
[132.421s][debug][gc,phases   ] GC(41)       Termination Attempts:     Min: 1, Avg:  1.0, Max: 1, Diff: 0, Sum: 13, Workers: 13
[132.421s][debug][gc,phases   ] GC(41)     GC Worker Other (ms):     Min:  0.0, Avg:  0.0, Max:  0.0, Diff:  0.0, Sum:  0.1, Workers: 13
[132.421s][debug][gc,phases   ] GC(41)     GC Worker Total (ms):     Min:  5.6, Avg:  5.7, Max:  5.7, Diff:  0.1, Sum: 73.8, Workers: 13
[132.421s][info ][gc,phases   ] GC(41)   Post Evacuate Collection Set: 0.4ms
[132.421s][debug][gc,phases   ] GC(41)     Code Roots Fixup: 0.0ms
[132.421s][debug][gc,phases   ] GC(41)     Clear Card Table: 0.1ms
[132.421s][debug][gc,phases   ] GC(41)     Reference Processing: 0.0ms
[132.421s][debug][gc,phases   ] GC(41)     Weak Processing: 0.1ms
[132.421s][debug][gc,phases   ] GC(41)       VM Weak                   Min:  0.0, Avg:  0.0, Max:  0.0, Diff:  0.0, Sum:  0.0, Workers: 2
[132.421s][debug][gc,phases   ] GC(41)         Dead                      Min: 0, Avg:  0.0, Max: 0, Diff: 0, Sum: 0, Workers: 2
[132.421s][debug][gc,phases   ] GC(41)         Total                     Min: 0, Avg: 28.5, Max: 57, Diff: 57, Sum: 57, Workers: 2
[132.421s][debug][gc,phases   ] GC(41)       ObjectSynchronizer Weak   Min:  0.0, Avg:  0.0, Max:  0.0, Diff:  0.0, Sum:  0.0, Workers: 2
[132.421s][debug][gc,phases   ] GC(41)         Dead                      Min: 0, Avg:  0.0, Max: 0, Diff: 0, Sum: 0, Workers: 2
[132.421s][debug][gc,phases   ] GC(41)         Total                     Min: 0, Avg:  4.5, Max: 9, Diff: 9, Sum: 9, Workers: 2
[132.421s][debug][gc,phases   ] GC(41)       JVMTI Tag Weak OopStorage Min:  0.0, Avg:  0.0, Max:  0.0, Diff:  0.0, Sum:  0.0, Workers: 2
[132.421s][debug][gc,phases   ] GC(41)         Dead                      Min: 0, Avg:  0.0, Max: 0, Diff: 0, Sum: 0, Workers: 2
[132.421s][debug][gc,phases   ] GC(41)         Total                     Min: 0, Avg:  0.0, Max: 0, Diff: 0, Sum: 0, Workers: 2
[132.421s][debug][gc,phases   ] GC(41)       StringTable Weak          Min:  0.0, Avg:  0.0, Max:  0.0, Diff:  0.0, Sum:  0.0, Workers: 2
[132.421s][debug][gc,phases   ] GC(41)         Dead                      Min: 0, Avg:  0.0, Max: 0, Diff: 0, Sum: 0, Workers: 2
[132.421s][debug][gc,phases   ] GC(41)         Total                     Min: 0, Avg: 339.5, Max: 679, Diff: 679, Sum: 679, Workers: 2
[132.421s][debug][gc,phases   ] GC(41)       ResolvedMethodTable Weak  Min:  0.0, Avg:  0.0, Max:  0.0, Diff:  0.0, Sum:  0.0, Workers: 2
[132.421s][debug][gc,phases   ] GC(41)         Dead                      Min: 0, Avg:  0.0, Max: 0, Diff: 0, Sum: 0, Workers: 2
[132.421s][debug][gc,phases   ] GC(41)         Total                     Min: 128, Avg: 140.5, Max: 153, Diff: 25, Sum: 281, Workers: 2
[132.421s][debug][gc,phases   ] GC(41)       JNI Weak                  Min:  0.0, Avg:  0.0, Max:  0.0, Diff:  0.0, Sum:  0.0, Workers: 2
[132.421s][debug][gc,phases   ] GC(41)         Dead                      Min: 0, Avg:  0.0, Max: 0, Diff: 0, Sum: 0, Workers: 2
[132.421s][debug][gc,phases   ] GC(41)         Total                     Min: 0, Avg:  0.0, Max: 0, Diff: 0, Sum: 0, Workers: 2
[132.421s][debug][gc,phases   ] GC(41)       Weak JFR Old Object Samples Min:  0.0, Avg:  0.0, Max:  0.0, Diff:  0.0, Sum:  0.0, Workers: 2
[132.421s][debug][gc,phases   ] GC(41)         Dead                      Min: 0, Avg:  0.0, Max: 0, Diff: 0, Sum: 0, Workers: 2
[132.421s][debug][gc,phases   ] GC(41)         Total                     Min: 0, Avg:  0.0, Max: 0, Diff: 0, Sum: 0, Workers: 2
[132.421s][debug][gc,phases   ] GC(41)     Merge Per-Thread State: 0.0ms
[132.421s][debug][gc,phases   ] GC(41)       Copied Bytes              Min: 1927872, Avg: 2154294.8, Max: 2424016, Diff: 496144, Sum: 28005832, Workers: 13
[132.421s][debug][gc,phases   ] GC(41)       LAB Waste                 Min: 200, Avg: 706.5, Max: 1152, Diff: 952, Sum: 9184, Workers: 13
[132.421s][debug][gc,phases   ] GC(41)       LAB Undo Waste            Min: 0, Avg:  0.0, Max: 0, Diff: 0, Sum: 0, Workers: 13
[132.421s][debug][gc,phases   ] GC(41)     Code Roots Purge: 0.0ms
[132.421s][debug][gc,phases   ] GC(41)     Redirty Cards: 0.1ms
[132.421s][debug][gc,phases   ] GC(41)     DerivedPointerTable Update: 0.1ms
[132.421s][debug][gc,phases   ] GC(41)     Free Collection Set: 0.1ms
[132.421s][debug][gc,phases   ] GC(41)     Rebuild Free List: 0.0ms
[132.421s][debug][gc,phases   ] GC(41)     Humongous Reclaim: 0.0ms
[132.421s][debug][gc,phases   ] GC(41)     Start New Collection Set: 0.0ms
[132.421s][debug][gc,phases   ] GC(41)     Resize TLABs: 0.1ms
[132.421s][debug][gc,phases   ] GC(41)     Expand Heap After Collection: 0.0ms
[132.421s][info ][gc,phases   ] GC(41)   Other: 0.4ms
[132.421s][info ][gc,heap     ] GC(41) Eden regions: 89->0(89)
[132.421s][info ][gc,heap     ] GC(41) Survivor regions: 4->4(12)
[132.421s][info ][gc,heap     ] GC(41) Old regions: 9->9
[132.421s][info ][gc,heap     ] GC(41) Archive regions: 2->2
[132.421s][info ][gc,heap     ] GC(41) Humongous regions: 0->0
[132.421s][info ][gc,metaspace] GC(41) Metaspace: 1642K(1792K)->1642K(1792K) NonClass: 1523K(1600K)->1523K(1600K) Class: 118K(192K)->118K(192K)
[132.421s][info ][gc          ] GC(41) Pause Young (Normal) (G1 Evacuation Pause) 820M->107M(1248M) 7.436ms
[132.421s][info ][gc,cpu      ] GC(41) User=0.07s Sys=0.00s Real=0.01s
[135.820s][info ][gc,start    ] GC(42) Pause Young (Normal) (G1 Evacuation Pause)
[135.820s][info ][gc,task     ] GC(42) Using 13 workers of 13 for evacuation
[135.827s][info ][gc,phases   ] GC(42)   Pre Evacuate Collection Set: 0.3ms
[135.827s][debug][gc,phases   ] GC(42)     Prepare TLABs: 0.1ms
[135.827s][debug][gc,phases   ] GC(42)     Concatenate Dirty Card Logs: 0.1ms
[135.827s][debug][gc,phases   ] GC(42)     Choose Collection Set: 0.0ms
[135.827s][debug][gc,phases   ] GC(42)     Region Register: 0.1ms
[135.827s][debug][gc,phases   ] GC(42)     Prepare Heap Roots: 0.0ms
[135.827s][info ][gc,phases   ] GC(42)   Merge Heap Roots: 0.2ms
[135.827s][debug][gc,phases   ] GC(42)     Prepare Merge Heap Roots: 0.0ms
[135.827s][debug][gc,phases   ] GC(42)     Eager Reclaim (ms):       skipped
[135.827s][debug][gc,phases   ] GC(42)     Remembered Sets (ms):     Min:  0.0, Avg:  0.0, Max:  0.0, Diff:  0.0, Sum:  0.1, Workers: 13
[135.827s][debug][gc,phases   ] GC(42)       Merged Sparse:            Min: 0, Avg:  0.0, Max: 0, Diff: 0, Sum: 0, Workers: 13
[135.827s][debug][gc,phases   ] GC(42)       Merged Fine:              Min: 0, Avg:  0.0, Max: 0, Diff: 0, Sum: 0, Workers: 13
[135.827s][debug][gc,phases   ] GC(42)       Merged Coarse:            Min: 0, Avg:  0.0, Max: 0, Diff: 0, Sum: 0, Workers: 13
[135.827s][debug][gc,phases   ] GC(42)       Dirty Cards:              Min: 0, Avg:  0.0, Max: 0, Diff: 0, Sum: 0, Workers: 13
[135.827s][debug][gc,phases   ] GC(42)     Hot Card Cache (ms):      Min:  0.0, Avg:  0.0, Max:  0.0, Diff:  0.0, Sum:  0.0, Workers: 13
[135.827s][debug][gc,phases   ] GC(42)       Dirty Cards:              Min: 0, Avg:  0.0, Max: 0, Diff: 0, Sum: 0, Workers: 13
[135.827s][debug][gc,phases   ] GC(42)       Skipped Cards:            Min: 0, Avg:  0.0, Max: 0, Diff: 0, Sum: 0, Workers: 13
[135.827s][debug][gc,phases   ] GC(42)     Log Buffers (ms):         Min:  0.0, Avg:  0.1, Max:  0.1, Diff:  0.1, Sum:  1.3, Workers: 13
[135.827s][debug][gc,phases   ] GC(42)       Dirty Cards:              Min: 64, Avg: 1789.3, Max: 3406, Diff: 3342, Sum: 23261, Workers: 13
[135.827s][debug][gc,phases   ] GC(42)       Skipped Cards:            Min: 0, Avg:  0.0, Max: 0, Diff: 0, Sum: 0, Workers: 13
[135.827s][info ][gc,phases   ] GC(42)   Evacuate Collection Set: 5.6ms
[135.827s][debug][gc,phases   ] GC(42)     Ext Root Scanning (ms):   Min:  0.3, Avg:  0.4, Max:  0.5, Diff:  0.2, Sum:  5.6, Workers: 13
[135.827s][debug][gc,phases   ] GC(42)     Scan Heap Roots (ms):     Min:  1.6, Avg:  1.8, Max:  1.9, Diff:  0.3, Sum: 22.8, Workers: 13
[135.827s][debug][gc,phases   ] GC(42)       Scanned Cards:            Min: 1391, Avg: 1788.7, Max: 2133, Diff: 742, Sum: 23253, Workers: 13
[135.827s][debug][gc,phases   ] GC(42)       Scanned Blocks:           Min: 1079, Avg: 1411.7, Max: 1758, Diff: 679, Sum: 18352, Workers: 13
[135.827s][debug][gc,phases   ] GC(42)       Claimed Chunks:           Min: 8, Avg: 11.0, Max: 15, Diff: 7, Sum: 143, Workers: 13
[135.827s][debug][gc,phases   ] GC(42)     Code Root Scan (ms):      Min:  0.0, Avg:  0.0, Max:  0.0, Diff:  0.0, Sum:  0.0, Workers: 13
[135.827s][debug][gc,phases   ] GC(42)     Object Copy (ms):         Min:  3.0, Avg:  3.2, Max:  3.4, Diff:  0.4, Sum: 41.3, Workers: 13
[135.827s][debug][gc,phases   ] GC(42)     Termination (ms):         Min:  0.1, Avg:  0.2, Max:  0.2, Diff:  0.0, Sum:  2.1, Workers: 13
[135.827s][debug][gc,phases   ] GC(42)       Termination Attempts:     Min: 1, Avg:  1.0, Max: 1, Diff: 0, Sum: 13, Workers: 13
[135.827s][debug][gc,phases   ] GC(42)     GC Worker Other (ms):     Min:  0.0, Avg:  0.0, Max:  0.0, Diff:  0.0, Sum:  0.2, Workers: 13
[135.827s][debug][gc,phases   ] GC(42)     GC Worker Total (ms):     Min:  5.5, Avg:  5.5, Max:  5.6, Diff:  0.1, Sum: 72.1, Workers: 13
[135.827s][info ][gc,phases   ] GC(42)   Post Evacuate Collection Set: 0.4ms
[135.827s][debug][gc,phases   ] GC(42)     Code Roots Fixup: 0.0ms
[135.827s][debug][gc,phases   ] GC(42)     Clear Card Table: 0.1ms
[135.827s][debug][gc,phases   ] GC(42)     Reference Processing: 0.0ms
[135.827s][debug][gc,phases   ] GC(42)     Weak Processing: 0.0ms
[135.827s][debug][gc,phases   ] GC(42)       VM Weak                   Min:  0.0, Avg:  0.0, Max:  0.0, Diff:  0.0, Sum:  0.0, Workers: 2
[135.827s][debug][gc,phases   ] GC(42)         Dead                      Min: 0, Avg:  0.0, Max: 0, Diff: 0, Sum: 0, Workers: 2
[135.827s][debug][gc,phases   ] GC(42)         Total                     Min: 0, Avg: 28.5, Max: 57, Diff: 57, Sum: 57, Workers: 2
[135.827s][debug][gc,phases   ] GC(42)       ObjectSynchronizer Weak   Min:  0.0, Avg:  0.0, Max:  0.0, Diff:  0.0, Sum:  0.0, Workers: 2
[135.827s][debug][gc,phases   ] GC(42)         Dead                      Min: 0, Avg:  0.0, Max: 0, Diff: 0, Sum: 0, Workers: 2
[135.827s][debug][gc,phases   ] GC(42)         Total                     Min: 0, Avg:  4.5, Max: 9, Diff: 9, Sum: 9, Workers: 2
[135.827s][debug][gc,phases   ] GC(42)       JVMTI Tag Weak OopStorage Min:  0.0, Avg:  0.0, Max:  0.0, Diff:  0.0, Sum:  0.0, Workers: 2
[135.827s][debug][gc,phases   ] GC(42)         Dead                      Min: 0, Avg:  0.0, Max: 0, Diff: 0, Sum: 0, Workers: 2
[135.827s][debug][gc,phases   ] GC(42)         Total                     Min: 0, Avg:  0.0, Max: 0, Diff: 0, Sum: 0, Workers: 2
[135.827s][debug][gc,phases   ] GC(42)       StringTable Weak          Min:  0.0, Avg:  0.0, Max:  0.0, Diff:  0.0, Sum:  0.0, Workers: 2
[135.827s][debug][gc,phases   ] GC(42)         Dead                      Min: 0, Avg:  0.0, Max: 0, Diff: 0, Sum: 0, Workers: 2
[135.827s][debug][gc,phases   ] GC(42)         Total                     Min: 0, Avg: 339.5, Max: 679, Diff: 679, Sum: 679, Workers: 2
[135.827s][debug][gc,phases   ] GC(42)       ResolvedMethodTable Weak  Min:  0.0, Avg:  0.0, Max:  0.0, Diff:  0.0, Sum:  0.0, Workers: 2
[135.827s][debug][gc,phases   ] GC(42)         Dead                      Min: 0, Avg:  0.0, Max: 0, Diff: 0, Sum: 0, Workers: 2
[135.827s][debug][gc,phases   ] GC(42)         Total                     Min: 0, Avg: 140.5, Max: 281, Diff: 281, Sum: 281, Workers: 2
[135.827s][debug][gc,phases   ] GC(42)       JNI Weak                  Min:  0.0, Avg:  0.0, Max:  0.0, Diff:  0.0, Sum:  0.0, Workers: 2
[135.827s][debug][gc,phases   ] GC(42)         Dead                      Min: 0, Avg:  0.0, Max: 0, Diff: 0, Sum: 0, Workers: 2
[135.827s][debug][gc,phases   ] GC(42)         Total                     Min: 0, Avg:  0.0, Max: 0, Diff: 0, Sum: 0, Workers: 2
[135.827s][debug][gc,phases   ] GC(42)       Weak JFR Old Object Samples Min:  0.0, Avg:  0.0, Max:  0.0, Diff:  0.0, Sum:  0.0, Workers: 2
[135.827s][debug][gc,phases   ] GC(42)         Dead                      Min: 0, Avg:  0.0, Max: 0, Diff: 0, Sum: 0, Workers: 2
[135.827s][debug][gc,phases   ] GC(42)         Total                     Min: 0, Avg:  0.0, Max: 0, Diff: 0, Sum: 0, Workers: 2
[135.827s][debug][gc,phases   ] GC(42)     Merge Per-Thread State: 0.0ms
[135.827s][debug][gc,phases   ] GC(42)       Copied Bytes              Min: 1914864, Avg: 2156612.3, Max: 2528896, Diff: 614032, Sum: 28035960, Workers: 13
[135.827s][debug][gc,phases   ] GC(42)       LAB Waste                 Min: 568, Avg: 958.8, Max: 1464, Diff: 896, Sum: 12464, Workers: 13
[135.827s][debug][gc,phases   ] GC(42)       LAB Undo Waste            Min: 0, Avg:  0.0, Max: 0, Diff: 0, Sum: 0, Workers: 13
[135.827s][debug][gc,phases   ] GC(42)     Code Roots Purge: 0.0ms
[135.827s][debug][gc,phases   ] GC(42)     Redirty Cards: 0.1ms
[135.827s][debug][gc,phases   ] GC(42)     DerivedPointerTable Update: 0.1ms
[135.827s][debug][gc,phases   ] GC(42)     Free Collection Set: 0.1ms
[135.827s][debug][gc,phases   ] GC(42)     Rebuild Free List: 0.0ms
[135.827s][debug][gc,phases   ] GC(42)     Humongous Reclaim: 0.0ms
[135.827s][debug][gc,phases   ] GC(42)     Start New Collection Set: 0.0ms
[135.827s][debug][gc,phases   ] GC(42)     Resize TLABs: 0.1ms
[135.827s][debug][gc,phases   ] GC(42)     Expand Heap After Collection: 0.0ms
[135.827s][info ][gc,phases   ] GC(42)   Other: 0.5ms
[135.827s][info ][gc,heap     ] GC(42) Eden regions: 89->0(89)
[135.827s][info ][gc,heap     ] GC(42) Survivor regions: 4->4(12)
[135.827s][info ][gc,heap     ] GC(42) Old regions: 9->9
[135.827s][info ][gc,heap     ] GC(42) Archive regions: 2->2
[135.827s][info ][gc,heap     ] GC(42) Humongous regions: 0->0
[135.827s][info ][gc,metaspace] GC(42) Metaspace: 1642K(1792K)->1642K(1792K) NonClass: 1523K(1600K)->1523K(1600K) Class: 118K(192K)->118K(192K)
[135.827s][info ][gc          ] GC(42) Pause Young (Normal) (G1 Evacuation Pause) 819M->107M(1248M) 7.466ms
[135.828s][info ][gc,cpu      ] GC(42) User=0.08s Sys=0.00s Real=0.01s
[139.305s][info ][gc,start    ] GC(43) Pause Young (Normal) (G1 Evacuation Pause)
[139.305s][info ][gc,task     ] GC(43) Using 13 workers of 13 for evacuation
[139.312s][info ][gc,phases   ] GC(43)   Pre Evacuate Collection Set: 0.4ms
[139.312s][debug][gc,phases   ] GC(43)     Prepare TLABs: 0.2ms
[139.312s][debug][gc,phases   ] GC(43)     Concatenate Dirty Card Logs: 0.1ms
[139.312s][debug][gc,phases   ] GC(43)     Choose Collection Set: 0.0ms
[139.312s][debug][gc,phases   ] GC(43)     Region Register: 0.1ms
[139.312s][debug][gc,phases   ] GC(43)     Prepare Heap Roots: 0.0ms
[139.312s][info ][gc,phases   ] GC(43)   Merge Heap Roots: 0.2ms
[139.312s][debug][gc,phases   ] GC(43)     Prepare Merge Heap Roots: 0.0ms
[139.312s][debug][gc,phases   ] GC(43)     Eager Reclaim (ms):       skipped
[139.312s][debug][gc,phases   ] GC(43)     Remembered Sets (ms):     Min:  0.0, Avg:  0.0, Max:  0.0, Diff:  0.0, Sum:  0.1, Workers: 13
[139.312s][debug][gc,phases   ] GC(43)       Merged Sparse:            Min: 0, Avg:  0.0, Max: 0, Diff: 0, Sum: 0, Workers: 13
[139.312s][debug][gc,phases   ] GC(43)       Merged Fine:              Min: 0, Avg:  0.0, Max: 0, Diff: 0, Sum: 0, Workers: 13
[139.312s][debug][gc,phases   ] GC(43)       Merged Coarse:            Min: 0, Avg:  0.0, Max: 0, Diff: 0, Sum: 0, Workers: 13
[139.312s][debug][gc,phases   ] GC(43)       Dirty Cards:              Min: 0, Avg:  0.0, Max: 0, Diff: 0, Sum: 0, Workers: 13
[139.312s][debug][gc,phases   ] GC(43)     Hot Card Cache (ms):      Min:  0.0, Avg:  0.0, Max:  0.0, Diff:  0.0, Sum:  0.0, Workers: 13
[139.312s][debug][gc,phases   ] GC(43)       Dirty Cards:              Min: 0, Avg:  0.0, Max: 0, Diff: 0, Sum: 0, Workers: 13
[139.312s][debug][gc,phases   ] GC(43)       Skipped Cards:            Min: 0, Avg:  0.0, Max: 0, Diff: 0, Sum: 0, Workers: 13
[139.312s][debug][gc,phases   ] GC(43)     Log Buffers (ms):         Min:  0.1, Avg:  0.2, Max:  0.2, Diff:  0.1, Sum:  2.0, Workers: 13
[139.312s][debug][gc,phases   ] GC(43)       Dirty Cards:              Min: 1050, Avg: 1761.0, Max: 3195, Diff: 2145, Sum: 22893, Workers: 13
[139.312s][debug][gc,phases   ] GC(43)       Skipped Cards:            Min: 0, Avg:  0.0, Max: 0, Diff: 0, Sum: 0, Workers: 13
[139.312s][info ][gc,phases   ] GC(43)   Evacuate Collection Set: 5.7ms
[139.312s][debug][gc,phases   ] GC(43)     Ext Root Scanning (ms):   Min:  0.3, Avg:  0.5, Max:  0.6, Diff:  0.2, Sum:  5.9, Workers: 13
[139.312s][debug][gc,phases   ] GC(43)     Scan Heap Roots (ms):     Min:  1.7, Avg:  1.9, Max:  2.0, Diff:  0.3, Sum: 24.4, Workers: 13
[139.312s][debug][gc,phases   ] GC(43)       Scanned Cards:            Min: 1395, Avg: 1760.5, Max: 2469, Diff: 1074, Sum: 22887, Workers: 13
[139.312s][debug][gc,phases   ] GC(43)       Scanned Blocks:           Min: 1106, Avg: 1394.3, Max: 2033, Diff: 927, Sum: 18126, Workers: 13
[139.312s][debug][gc,phases   ] GC(43)       Claimed Chunks:           Min: 8, Avg: 11.0, Max: 15, Diff: 7, Sum: 143, Workers: 13
[139.312s][debug][gc,phases   ] GC(43)     Code Root Scan (ms):      Min:  0.0, Avg:  0.0, Max:  0.0, Diff:  0.0, Sum:  0.0, Workers: 13
[139.312s][debug][gc,phases   ] GC(43)     Object Copy (ms):         Min:  3.0, Avg:  3.2, Max:  3.4, Diff:  0.4, Sum: 41.3, Workers: 13
[139.312s][debug][gc,phases   ] GC(43)     Termination (ms):         Min:  0.1, Avg:  0.1, Max:  0.1, Diff:  0.0, Sum:  1.5, Workers: 13
[139.312s][debug][gc,phases   ] GC(43)       Termination Attempts:     Min: 1, Avg:  1.1, Max: 2, Diff: 1, Sum: 14, Workers: 13
[139.312s][debug][gc,phases   ] GC(43)     GC Worker Other (ms):     Min:  0.0, Avg:  0.0, Max:  0.0, Diff:  0.0, Sum:  0.2, Workers: 13
[139.312s][debug][gc,phases   ] GC(43)     GC Worker Total (ms):     Min:  5.6, Avg:  5.6, Max:  5.7, Diff:  0.1, Sum: 73.3, Workers: 13
[139.312s][info ][gc,phases   ] GC(43)   Post Evacuate Collection Set: 0.4ms
[139.312s][debug][gc,phases   ] GC(43)     Code Roots Fixup: 0.0ms
[139.312s][debug][gc,phases   ] GC(43)     Clear Card Table: 0.1ms
[139.312s][debug][gc,phases   ] GC(43)     Reference Processing: 0.0ms
[139.312s][debug][gc,phases   ] GC(43)     Weak Processing: 0.0ms
[139.312s][debug][gc,phases   ] GC(43)       VM Weak                   Min:  0.0, Avg:  0.0, Max:  0.0, Diff:  0.0, Sum:  0.0, Workers: 2
[139.312s][debug][gc,phases   ] GC(43)         Dead                      Min: 0, Avg:  0.0, Max: 0, Diff: 0, Sum: 0, Workers: 2
[139.312s][debug][gc,phases   ] GC(43)         Total                     Min: 0, Avg: 28.5, Max: 57, Diff: 57, Sum: 57, Workers: 2
[139.312s][debug][gc,phases   ] GC(43)       ObjectSynchronizer Weak   Min:  0.0, Avg:  0.0, Max:  0.0, Diff:  0.0, Sum:  0.0, Workers: 2
[139.312s][debug][gc,phases   ] GC(43)         Dead                      Min: 0, Avg:  0.0, Max: 0, Diff: 0, Sum: 0, Workers: 2
[139.312s][debug][gc,phases   ] GC(43)         Total                     Min: 0, Avg:  4.5, Max: 9, Diff: 9, Sum: 9, Workers: 2
[139.312s][debug][gc,phases   ] GC(43)       JVMTI Tag Weak OopStorage Min:  0.0, Avg:  0.0, Max:  0.0, Diff:  0.0, Sum:  0.0, Workers: 2
[139.312s][debug][gc,phases   ] GC(43)         Dead                      Min: 0, Avg:  0.0, Max: 0, Diff: 0, Sum: 0, Workers: 2
[139.312s][debug][gc,phases   ] GC(43)         Total                     Min: 0, Avg:  0.0, Max: 0, Diff: 0, Sum: 0, Workers: 2
[139.312s][debug][gc,phases   ] GC(43)       StringTable Weak          Min:  0.0, Avg:  0.0, Max:  0.0, Diff:  0.0, Sum:  0.0, Workers: 2
[139.312s][debug][gc,phases   ] GC(43)         Dead                      Min: 0, Avg:  0.0, Max: 0, Diff: 0, Sum: 0, Workers: 2
[139.312s][debug][gc,phases   ] GC(43)         Total                     Min: 64, Avg: 339.5, Max: 615, Diff: 551, Sum: 679, Workers: 2
[139.313s][debug][gc,phases   ] GC(43)       ResolvedMethodTable Weak  Min:  0.0, Avg:  0.0, Max:  0.0, Diff:  0.0, Sum:  0.0, Workers: 2
[139.313s][debug][gc,phases   ] GC(43)         Dead                      Min: 0, Avg:  0.0, Max: 0, Diff: 0, Sum: 0, Workers: 2
[139.313s][debug][gc,phases   ] GC(43)         Total                     Min: 128, Avg: 140.5, Max: 153, Diff: 25, Sum: 281, Workers: 2
[139.313s][debug][gc,phases   ] GC(43)       JNI Weak                  Min:  0.0, Avg:  0.0, Max:  0.0, Diff:  0.0, Sum:  0.0, Workers: 2
[139.313s][debug][gc,phases   ] GC(43)         Dead                      Min: 0, Avg:  0.0, Max: 0, Diff: 0, Sum: 0, Workers: 2
[139.313s][debug][gc,phases   ] GC(43)         Total                     Min: 0, Avg:  0.0, Max: 0, Diff: 0, Sum: 0, Workers: 2
[139.313s][debug][gc,phases   ] GC(43)       Weak JFR Old Object Samples Min:  0.0, Avg:  0.0, Max:  0.0, Diff:  0.0, Sum:  0.0, Workers: 2
[139.313s][debug][gc,phases   ] GC(43)         Dead                      Min: 0, Avg:  0.0, Max: 0, Diff: 0, Sum: 0, Workers: 2
[139.313s][debug][gc,phases   ] GC(43)         Total                     Min: 0, Avg:  0.0, Max: 0, Diff: 0, Sum: 0, Workers: 2
[139.313s][debug][gc,phases   ] GC(43)     Merge Per-Thread State: 0.0ms
[139.313s][debug][gc,phases   ] GC(43)       Copied Bytes              Min: 1878536, Avg: 2165315.1, Max: 2771032, Diff: 892496, Sum: 28149096, Workers: 13
[139.313s][debug][gc,phases   ] GC(43)       LAB Waste                 Min: 336, Avg: 771.1, Max: 1032, Diff: 696, Sum: 10024, Workers: 13
[139.313s][debug][gc,phases   ] GC(43)       LAB Undo Waste            Min: 0, Avg:  0.0, Max: 0, Diff: 0, Sum: 0, Workers: 13
[139.313s][debug][gc,phases   ] GC(43)     Code Roots Purge: 0.0ms
[139.313s][debug][gc,phases   ] GC(43)     Redirty Cards: 0.1ms
[139.313s][debug][gc,phases   ] GC(43)     DerivedPointerTable Update: 0.1ms
[139.313s][debug][gc,phases   ] GC(43)     Free Collection Set: 0.1ms
[139.313s][debug][gc,phases   ] GC(43)     Rebuild Free List: 0.0ms
[139.313s][debug][gc,phases   ] GC(43)     Humongous Reclaim: 0.0ms
[139.313s][debug][gc,phases   ] GC(43)     Start New Collection Set: 0.0ms
[139.313s][debug][gc,phases   ] GC(43)     Resize TLABs: 0.1ms
[139.313s][debug][gc,phases   ] GC(43)     Expand Heap After Collection: 0.0ms
[139.313s][info ][gc,phases   ] GC(43)   Other: 0.5ms
[139.313s][info ][gc,heap     ] GC(43) Eden regions: 89->0(89)
[139.313s][info ][gc,heap     ] GC(43) Survivor regions: 4->4(12)
[139.313s][info ][gc,heap     ] GC(43) Old regions: 9->9
[139.313s][info ][gc,heap     ] GC(43) Archive regions: 2->2
[139.313s][info ][gc,heap     ] GC(43) Humongous regions: 0->0
[139.313s][info ][gc,metaspace] GC(43) Metaspace: 1642K(1792K)->1642K(1792K) NonClass: 1523K(1600K)->1523K(1600K) Class: 118K(192K)->118K(192K)
[139.313s][info ][gc          ] GC(43) Pause Young (Normal) (G1 Evacuation Pause) 819M->108M(1248M) 7.704ms
[139.313s][info ][gc,cpu      ] GC(43) User=0.08s Sys=0.00s Real=0.01s
[142.697s][info ][gc,start    ] GC(44) Pause Young (Normal) (G1 Evacuation Pause)
[142.697s][info ][gc,task     ] GC(44) Using 13 workers of 13 for evacuation
[142.704s][info ][gc,phases   ] GC(44)   Pre Evacuate Collection Set: 0.3ms
[142.704s][debug][gc,phases   ] GC(44)     Prepare TLABs: 0.1ms
[142.704s][debug][gc,phases   ] GC(44)     Concatenate Dirty Card Logs: 0.1ms
[142.704s][debug][gc,phases   ] GC(44)     Choose Collection Set: 0.0ms
[142.704s][debug][gc,phases   ] GC(44)     Region Register: 0.1ms
[142.704s][debug][gc,phases   ] GC(44)     Prepare Heap Roots: 0.0ms
[142.704s][info ][gc,phases   ] GC(44)   Merge Heap Roots: 0.2ms
[142.704s][debug][gc,phases   ] GC(44)     Prepare Merge Heap Roots: 0.0ms
[142.704s][debug][gc,phases   ] GC(44)     Eager Reclaim (ms):       skipped
[142.704s][debug][gc,phases   ] GC(44)     Remembered Sets (ms):     Min:  0.0, Avg:  0.0, Max:  0.0, Diff:  0.0, Sum:  0.1, Workers: 13
[142.704s][debug][gc,phases   ] GC(44)       Merged Sparse:            Min: 0, Avg:  0.0, Max: 0, Diff: 0, Sum: 0, Workers: 13
[142.704s][debug][gc,phases   ] GC(44)       Merged Fine:              Min: 0, Avg:  0.0, Max: 0, Diff: 0, Sum: 0, Workers: 13
[142.704s][debug][gc,phases   ] GC(44)       Merged Coarse:            Min: 0, Avg:  0.0, Max: 0, Diff: 0, Sum: 0, Workers: 13
[142.704s][debug][gc,phases   ] GC(44)       Dirty Cards:              Min: 0, Avg:  0.0, Max: 0, Diff: 0, Sum: 0, Workers: 13
[142.704s][debug][gc,phases   ] GC(44)     Hot Card Cache (ms):      Min:  0.0, Avg:  0.0, Max:  0.0, Diff:  0.0, Sum:  0.0, Workers: 13
[142.704s][debug][gc,phases   ] GC(44)       Dirty Cards:              Min: 0, Avg:  0.0, Max: 0, Diff: 0, Sum: 0, Workers: 13
[142.704s][debug][gc,phases   ] GC(44)       Skipped Cards:            Min: 0, Avg:  0.0, Max: 0, Diff: 0, Sum: 0, Workers: 13
[142.704s][debug][gc,phases   ] GC(44)     Log Buffers (ms):         Min:  0.0, Avg:  0.1, Max:  0.1, Diff:  0.1, Sum:  1.1, Workers: 13
[142.704s][debug][gc,phases   ] GC(44)       Dirty Cards:              Min: 14, Avg: 1726.9, Max: 4308, Diff: 4294, Sum: 22450, Workers: 13
[142.704s][debug][gc,phases   ] GC(44)       Skipped Cards:            Min: 0, Avg:  0.0, Max: 0, Diff: 0, Sum: 0, Workers: 13
[142.704s][info ][gc,phases   ] GC(44)   Evacuate Collection Set: 5.3ms
[142.704s][debug][gc,phases   ] GC(44)     Ext Root Scanning (ms):   Min:  0.3, Avg:  0.4, Max:  0.5, Diff:  0.2, Sum:  5.4, Workers: 13
[142.704s][debug][gc,phases   ] GC(44)     Scan Heap Roots (ms):     Min:  1.4, Avg:  1.6, Max:  1.7, Diff:  0.3, Sum: 20.2, Workers: 13
[142.704s][debug][gc,phases   ] GC(44)       Scanned Cards:            Min: 1450, Avg: 1726.6, Max: 2422, Diff: 972, Sum: 22446, Workers: 13
[142.704s][debug][gc,phases   ] GC(44)       Scanned Blocks:           Min: 1093, Avg: 1369.5, Max: 1834, Diff: 741, Sum: 17803, Workers: 13
[142.704s][debug][gc,phases   ] GC(44)       Claimed Chunks:           Min: 8, Avg: 11.0, Max: 24, Diff: 16, Sum: 143, Workers: 13
[142.704s][debug][gc,phases   ] GC(44)     Code Root Scan (ms):      Min:  0.0, Avg:  0.0, Max:  0.0, Diff:  0.0, Sum:  0.0, Workers: 13
[142.704s][debug][gc,phases   ] GC(44)     Object Copy (ms):         Min:  3.0, Avg:  3.1, Max:  3.3, Diff:  0.3, Sum: 39.9, Workers: 13
[142.704s][debug][gc,phases   ] GC(44)     Termination (ms):         Min:  0.1, Avg:  0.1, Max:  0.2, Diff:  0.0, Sum:  1.8, Workers: 13
[142.704s][debug][gc,phases   ] GC(44)       Termination Attempts:     Min: 1, Avg:  1.0, Max: 1, Diff: 0, Sum: 13, Workers: 13
[142.704s][debug][gc,phases   ] GC(44)     GC Worker Other (ms):     Min:  0.0, Avg:  0.0, Max:  0.0, Diff:  0.0, Sum:  0.1, Workers: 13
[142.704s][debug][gc,phases   ] GC(44)     GC Worker Total (ms):     Min:  5.1, Avg:  5.2, Max:  5.2, Diff:  0.1, Sum: 67.5, Workers: 13
[142.704s][info ][gc,phases   ] GC(44)   Post Evacuate Collection Set: 0.3ms
[142.704s][debug][gc,phases   ] GC(44)     Code Roots Fixup: 0.0ms
[142.704s][debug][gc,phases   ] GC(44)     Clear Card Table: 0.1ms
[142.704s][debug][gc,phases   ] GC(44)     Reference Processing: 0.0ms
[142.704s][debug][gc,phases   ] GC(44)     Weak Processing: 0.0ms
[142.704s][debug][gc,phases   ] GC(44)       VM Weak                   Min:  0.0, Avg:  0.0, Max:  0.0, Diff:  0.0, Sum:  0.0, Workers: 2
[142.704s][debug][gc,phases   ] GC(44)         Dead                      Min: 0, Avg:  0.0, Max: 0, Diff: 0, Sum: 0, Workers: 2
[142.704s][debug][gc,phases   ] GC(44)         Total                     Min: 0, Avg: 28.5, Max: 57, Diff: 57, Sum: 57, Workers: 2
[142.704s][debug][gc,phases   ] GC(44)       ObjectSynchronizer Weak   Min:  0.0, Avg:  0.0, Max:  0.0, Diff:  0.0, Sum:  0.0, Workers: 2
[142.704s][debug][gc,phases   ] GC(44)         Dead                      Min: 0, Avg:  0.0, Max: 0, Diff: 0, Sum: 0, Workers: 2
[142.704s][debug][gc,phases   ] GC(44)         Total                     Min: 0, Avg:  4.5, Max: 9, Diff: 9, Sum: 9, Workers: 2
[142.704s][debug][gc,phases   ] GC(44)       JVMTI Tag Weak OopStorage Min:  0.0, Avg:  0.0, Max:  0.0, Diff:  0.0, Sum:  0.0, Workers: 2
[142.704s][debug][gc,phases   ] GC(44)         Dead                      Min: 0, Avg:  0.0, Max: 0, Diff: 0, Sum: 0, Workers: 2
[142.704s][debug][gc,phases   ] GC(44)         Total                     Min: 0, Avg:  0.0, Max: 0, Diff: 0, Sum: 0, Workers: 2
[142.704s][debug][gc,phases   ] GC(44)       StringTable Weak          Min:  0.0, Avg:  0.0, Max:  0.0, Diff:  0.0, Sum:  0.0, Workers: 2
[142.704s][debug][gc,phases   ] GC(44)         Dead                      Min: 0, Avg:  0.0, Max: 0, Diff: 0, Sum: 0, Workers: 2
[142.704s][debug][gc,phases   ] GC(44)         Total                     Min: 0, Avg: 339.5, Max: 679, Diff: 679, Sum: 679, Workers: 2
[142.704s][debug][gc,phases   ] GC(44)       ResolvedMethodTable Weak  Min:  0.0, Avg:  0.0, Max:  0.0, Diff:  0.0, Sum:  0.0, Workers: 2
[142.704s][debug][gc,phases   ] GC(44)         Dead                      Min: 0, Avg:  0.0, Max: 0, Diff: 0, Sum: 0, Workers: 2
[142.704s][debug][gc,phases   ] GC(44)         Total                     Min: 0, Avg: 140.5, Max: 281, Diff: 281, Sum: 281, Workers: 2
[142.704s][debug][gc,phases   ] GC(44)       JNI Weak                  Min:  0.0, Avg:  0.0, Max:  0.0, Diff:  0.0, Sum:  0.0, Workers: 2
[142.704s][debug][gc,phases   ] GC(44)         Dead                      Min: 0, Avg:  0.0, Max: 0, Diff: 0, Sum: 0, Workers: 2
[142.704s][debug][gc,phases   ] GC(44)         Total                     Min: 0, Avg:  0.0, Max: 0, Diff: 0, Sum: 0, Workers: 2
[142.704s][debug][gc,phases   ] GC(44)       Weak JFR Old Object Samples Min:  0.0, Avg:  0.0, Max:  0.0, Diff:  0.0, Sum:  0.0, Workers: 2
[142.704s][debug][gc,phases   ] GC(44)         Dead                      Min: 0, Avg:  0.0, Max: 0, Diff: 0, Sum: 0, Workers: 2
[142.704s][debug][gc,phases   ] GC(44)         Total                     Min: 0, Avg:  0.0, Max: 0, Diff: 0, Sum: 0, Workers: 2
[142.704s][debug][gc,phases   ] GC(44)     Merge Per-Thread State: 0.0ms
[142.704s][debug][gc,phases   ] GC(44)       Copied Bytes              Min: 1988584, Avg: 2146073.8, Max: 2615392, Diff: 626808, Sum: 27898960, Workers: 13
[142.704s][debug][gc,phases   ] GC(44)       LAB Waste                 Min: 248, Avg: 689.2, Max: 936, Diff: 688, Sum: 8960, Workers: 13
[142.704s][debug][gc,phases   ] GC(44)       LAB Undo Waste            Min: 0, Avg:  0.0, Max: 0, Diff: 0, Sum: 0, Workers: 13
[142.704s][debug][gc,phases   ] GC(44)     Code Roots Purge: 0.0ms
[142.704s][debug][gc,phases   ] GC(44)     Redirty Cards: 0.1ms
[142.704s][debug][gc,phases   ] GC(44)     DerivedPointerTable Update: 0.1ms
[142.704s][debug][gc,phases   ] GC(44)     Free Collection Set: 0.1ms
[142.704s][debug][gc,phases   ] GC(44)     Rebuild Free List: 0.0ms
[142.704s][debug][gc,phases   ] GC(44)     Humongous Reclaim: 0.0ms
[142.704s][debug][gc,phases   ] GC(44)     Start New Collection Set: 0.0ms
[142.704s][debug][gc,phases   ] GC(44)     Resize TLABs: 0.1ms
[142.704s][debug][gc,phases   ] GC(44)     Expand Heap After Collection: 0.0ms
[142.704s][info ][gc,phases   ] GC(44)   Other: 0.5ms
[142.704s][info ][gc,heap     ] GC(44) Eden regions: 89->0(89)
[142.704s][info ][gc,heap     ] GC(44) Survivor regions: 4->4(12)
[142.704s][info ][gc,heap     ] GC(44) Old regions: 9->9
[142.704s][info ][gc,heap     ] GC(44) Archive regions: 2->2
[142.704s][info ][gc,heap     ] GC(44) Humongous regions: 0->0
[142.704s][info ][gc,metaspace] GC(44) Metaspace: 1642K(1792K)->1642K(1792K) NonClass: 1523K(1600K)->1523K(1600K) Class: 118K(192K)->118K(192K)
[142.704s][info ][gc          ] GC(44) Pause Young (Normal) (G1 Evacuation Pause) 820M->108M(1248M) 6.965ms
[142.704s][info ][gc,cpu      ] GC(44) User=0.07s Sys=0.00s Real=0.01s
[146.108s][info ][gc,start    ] GC(45) Pause Young (Normal) (G1 Evacuation Pause)
[146.108s][info ][gc,task     ] GC(45) Using 13 workers of 13 for evacuation
[146.115s][info ][gc,phases   ] GC(45)   Pre Evacuate Collection Set: 0.4ms
[146.115s][debug][gc,phases   ] GC(45)     Prepare TLABs: 0.2ms
[146.115s][debug][gc,phases   ] GC(45)     Concatenate Dirty Card Logs: 0.1ms
[146.115s][debug][gc,phases   ] GC(45)     Choose Collection Set: 0.0ms
[146.115s][debug][gc,phases   ] GC(45)     Region Register: 0.1ms
[146.115s][debug][gc,phases   ] GC(45)     Prepare Heap Roots: 0.0ms
[146.115s][info ][gc,phases   ] GC(45)   Merge Heap Roots: 0.2ms
[146.115s][debug][gc,phases   ] GC(45)     Prepare Merge Heap Roots: 0.0ms
[146.115s][debug][gc,phases   ] GC(45)     Eager Reclaim (ms):       skipped
[146.115s][debug][gc,phases   ] GC(45)     Remembered Sets (ms):     Min:  0.0, Avg:  0.0, Max:  0.0, Diff:  0.0, Sum:  0.1, Workers: 13
[146.115s][debug][gc,phases   ] GC(45)       Merged Sparse:            Min: 0, Avg:  0.0, Max: 0, Diff: 0, Sum: 0, Workers: 13
[146.115s][debug][gc,phases   ] GC(45)       Merged Fine:              Min: 0, Avg:  0.0, Max: 0, Diff: 0, Sum: 0, Workers: 13
[146.115s][debug][gc,phases   ] GC(45)       Merged Coarse:            Min: 0, Avg:  0.0, Max: 0, Diff: 0, Sum: 0, Workers: 13
[146.115s][debug][gc,phases   ] GC(45)       Dirty Cards:              Min: 0, Avg:  0.0, Max: 0, Diff: 0, Sum: 0, Workers: 13
[146.115s][debug][gc,phases   ] GC(45)     Hot Card Cache (ms):      Min:  0.0, Avg:  0.0, Max:  0.0, Diff:  0.0, Sum:  0.0, Workers: 13
[146.115s][debug][gc,phases   ] GC(45)       Dirty Cards:              Min: 0, Avg:  0.0, Max: 0, Diff: 0, Sum: 0, Workers: 13
[146.115s][debug][gc,phases   ] GC(45)       Skipped Cards:            Min: 0, Avg:  0.0, Max: 0, Diff: 0, Sum: 0, Workers: 13
[146.115s][debug][gc,phases   ] GC(45)     Log Buffers (ms):         Min:  0.1, Avg:  0.2, Max:  0.2, Diff:  0.0, Sum:  2.0, Workers: 13
[146.115s][debug][gc,phases   ] GC(45)       Dirty Cards:              Min: 551, Avg: 1697.4, Max: 2392, Diff: 1841, Sum: 22066, Workers: 13
[146.115s][debug][gc,phases   ] GC(45)       Skipped Cards:            Min: 0, Avg:  0.0, Max: 0, Diff: 0, Sum: 0, Workers: 13
[146.115s][info ][gc,phases   ] GC(45)   Evacuate Collection Set: 5.8ms
[146.115s][debug][gc,phases   ] GC(45)     Ext Root Scanning (ms):   Min:  0.4, Avg:  0.5, Max:  0.6, Diff:  0.1, Sum:  6.5, Workers: 13
[146.115s][debug][gc,phases   ] GC(45)     Scan Heap Roots (ms):     Min:  1.8, Avg:  1.9, Max:  2.0, Diff:  0.3, Sum: 24.7, Workers: 13
[146.115s][debug][gc,phases   ] GC(45)       Scanned Cards:            Min: 1494, Avg: 1697.2, Max: 2220, Diff: 726, Sum: 22064, Workers: 13
[146.115s][debug][gc,phases   ] GC(45)       Scanned Blocks:           Min: 1150, Avg: 1351.8, Max: 1697, Diff: 547, Sum: 17574, Workers: 13
[146.115s][debug][gc,phases   ] GC(45)       Claimed Chunks:           Min: 9, Avg: 11.0, Max: 15, Diff: 6, Sum: 143, Workers: 13
[146.115s][debug][gc,phases   ] GC(45)     Code Root Scan (ms):      Min:  0.0, Avg:  0.0, Max:  0.0, Diff:  0.0, Sum:  0.0, Workers: 13
[146.115s][debug][gc,phases   ] GC(45)     Object Copy (ms):         Min:  3.0, Avg:  3.2, Max:  3.3, Diff:  0.4, Sum: 41.0, Workers: 13
[146.115s][debug][gc,phases   ] GC(45)     Termination (ms):         Min:  0.1, Avg:  0.2, Max:  0.2, Diff:  0.1, Sum:  2.0, Workers: 13
[146.115s][debug][gc,phases   ] GC(45)       Termination Attempts:     Min: 1, Avg:  1.0, Max: 1, Diff: 0, Sum: 13, Workers: 13
[146.115s][debug][gc,phases   ] GC(45)     GC Worker Other (ms):     Min:  0.0, Avg:  0.0, Max:  0.0, Diff:  0.0, Sum:  0.2, Workers: 13
[146.115s][debug][gc,phases   ] GC(45)     GC Worker Total (ms):     Min:  5.7, Avg:  5.7, Max:  5.8, Diff:  0.1, Sum: 74.3, Workers: 13
[146.115s][info ][gc,phases   ] GC(45)   Post Evacuate Collection Set: 0.3ms
[146.115s][debug][gc,phases   ] GC(45)     Code Roots Fixup: 0.0ms
[146.115s][debug][gc,phases   ] GC(45)     Clear Card Table: 0.1ms
[146.115s][debug][gc,phases   ] GC(45)     Reference Processing: 0.0ms
[146.115s][debug][gc,phases   ] GC(45)     Weak Processing: 0.0ms
[146.115s][debug][gc,phases   ] GC(45)       VM Weak                   Min:  0.0, Avg:  0.0, Max:  0.0, Diff:  0.0, Sum:  0.0, Workers: 2
[146.115s][debug][gc,phases   ] GC(45)         Dead                      Min: 0, Avg:  0.0, Max: 0, Diff: 0, Sum: 0, Workers: 2
[146.115s][debug][gc,phases   ] GC(45)         Total                     Min: 0, Avg: 28.5, Max: 57, Diff: 57, Sum: 57, Workers: 2
[146.115s][debug][gc,phases   ] GC(45)       ObjectSynchronizer Weak   Min:  0.0, Avg:  0.0, Max:  0.0, Diff:  0.0, Sum:  0.0, Workers: 2
[146.115s][debug][gc,phases   ] GC(45)         Dead                      Min: 0, Avg:  0.0, Max: 0, Diff: 0, Sum: 0, Workers: 2
[146.115s][debug][gc,phases   ] GC(45)         Total                     Min: 0, Avg:  4.5, Max: 9, Diff: 9, Sum: 9, Workers: 2
[146.115s][debug][gc,phases   ] GC(45)       JVMTI Tag Weak OopStorage Min:  0.0, Avg:  0.0, Max:  0.0, Diff:  0.0, Sum:  0.0, Workers: 2
[146.115s][debug][gc,phases   ] GC(45)         Dead                      Min: 0, Avg:  0.0, Max: 0, Diff: 0, Sum: 0, Workers: 2
[146.115s][debug][gc,phases   ] GC(45)         Total                     Min: 0, Avg:  0.0, Max: 0, Diff: 0, Sum: 0, Workers: 2
[146.116s][debug][gc,phases   ] GC(45)       StringTable Weak          Min:  0.0, Avg:  0.0, Max:  0.0, Diff:  0.0, Sum:  0.0, Workers: 2
[146.116s][debug][gc,phases   ] GC(45)         Dead                      Min: 0, Avg:  0.0, Max: 0, Diff: 0, Sum: 0, Workers: 2
[146.116s][debug][gc,phases   ] GC(45)         Total                     Min: 0, Avg: 339.5, Max: 679, Diff: 679, Sum: 679, Workers: 2
[146.116s][debug][gc,phases   ] GC(45)       ResolvedMethodTable Weak  Min:  0.0, Avg:  0.0, Max:  0.0, Diff:  0.0, Sum:  0.0, Workers: 2
[146.116s][debug][gc,phases   ] GC(45)         Dead                      Min: 0, Avg:  0.0, Max: 0, Diff: 0, Sum: 0, Workers: 2
[146.116s][debug][gc,phases   ] GC(45)         Total                     Min: 0, Avg: 140.5, Max: 281, Diff: 281, Sum: 281, Workers: 2
[146.116s][debug][gc,phases   ] GC(45)       JNI Weak                  Min:  0.0, Avg:  0.0, Max:  0.0, Diff:  0.0, Sum:  0.0, Workers: 2
[146.116s][debug][gc,phases   ] GC(45)         Dead                      Min: 0, Avg:  0.0, Max: 0, Diff: 0, Sum: 0, Workers: 2
[146.116s][debug][gc,phases   ] GC(45)         Total                     Min: 0, Avg:  0.0, Max: 0, Diff: 0, Sum: 0, Workers: 2
[146.116s][debug][gc,phases   ] GC(45)       Weak JFR Old Object Samples Min:  0.0, Avg:  0.0, Max:  0.0, Diff:  0.0, Sum:  0.0, Workers: 2
[146.116s][debug][gc,phases   ] GC(45)         Dead                      Min: 0, Avg:  0.0, Max: 0, Diff: 0, Sum: 0, Workers: 2
[146.116s][debug][gc,phases   ] GC(45)         Total                     Min: 0, Avg:  0.0, Max: 0, Diff: 0, Sum: 0, Workers: 2
[146.116s][debug][gc,phases   ] GC(45)     Merge Per-Thread State: 0.0ms
[146.116s][debug][gc,phases   ] GC(45)       Copied Bytes              Min: 1806248, Avg: 2128312.6, Max: 2726328, Diff: 920080, Sum: 27668064, Workers: 13
[146.116s][debug][gc,phases   ] GC(45)       LAB Waste                 Min: 480, Avg: 867.1, Max: 1224, Diff: 744, Sum: 11272, Workers: 13
[146.116s][debug][gc,phases   ] GC(45)       LAB Undo Waste            Min: 0, Avg:  0.0, Max: 0, Diff: 0, Sum: 0, Workers: 13
[146.116s][debug][gc,phases   ] GC(45)     Code Roots Purge: 0.0ms
[146.116s][debug][gc,phases   ] GC(45)     Redirty Cards: 0.1ms
[146.116s][debug][gc,phases   ] GC(45)     DerivedPointerTable Update: 0.1ms
[146.116s][debug][gc,phases   ] GC(45)     Free Collection Set: 0.1ms
[146.116s][debug][gc,phases   ] GC(45)     Rebuild Free List: 0.0ms
[146.116s][debug][gc,phases   ] GC(45)     Humongous Reclaim: 0.0ms
[146.116s][debug][gc,phases   ] GC(45)     Start New Collection Set: 0.0ms
[146.116s][debug][gc,phases   ] GC(45)     Resize TLABs: 0.1ms
[146.116s][debug][gc,phases   ] GC(45)     Expand Heap After Collection: 0.0ms
[146.116s][info ][gc,phases   ] GC(45)   Other: 0.6ms
[146.116s][info ][gc,heap     ] GC(45) Eden regions: 89->0(89)
[146.116s][info ][gc,heap     ] GC(45) Survivor regions: 4->4(12)
[146.116s][info ][gc,heap     ] GC(45) Old regions: 9->9
[146.116s][info ][gc,heap     ] GC(45) Archive regions: 2->2
[146.116s][info ][gc,heap     ] GC(45) Humongous regions: 0->0
[146.116s][info ][gc,metaspace] GC(45) Metaspace: 1642K(1792K)->1642K(1792K) NonClass: 1523K(1600K)->1523K(1600K) Class: 118K(192K)->118K(192K)
[146.116s][info ][gc          ] GC(45) Pause Young (Normal) (G1 Evacuation Pause) 820M->108M(1248M) 7.835ms
[146.116s][info ][gc,cpu      ] GC(45) User=0.08s Sys=0.00s Real=0.01s
[149.618s][info ][gc,start    ] GC(46) Pause Young (Normal) (G1 Evacuation Pause)
[149.618s][info ][gc,task     ] GC(46) Using 13 workers of 13 for evacuation
[149.625s][info ][gc,phases   ] GC(46)   Pre Evacuate Collection Set: 0.3ms
[149.625s][debug][gc,phases   ] GC(46)     Prepare TLABs: 0.2ms
[149.625s][debug][gc,phases   ] GC(46)     Concatenate Dirty Card Logs: 0.1ms
[149.625s][debug][gc,phases   ] GC(46)     Choose Collection Set: 0.0ms
[149.625s][debug][gc,phases   ] GC(46)     Region Register: 0.1ms
[149.625s][debug][gc,phases   ] GC(46)     Prepare Heap Roots: 0.0ms
[149.625s][info ][gc,phases   ] GC(46)   Merge Heap Roots: 0.2ms
[149.625s][debug][gc,phases   ] GC(46)     Prepare Merge Heap Roots: 0.0ms
[149.625s][debug][gc,phases   ] GC(46)     Eager Reclaim (ms):       skipped
[149.625s][debug][gc,phases   ] GC(46)     Remembered Sets (ms):     Min:  0.0, Avg:  0.0, Max:  0.1, Diff:  0.0, Sum:  0.4, Workers: 13
[149.625s][debug][gc,phases   ] GC(46)       Merged Sparse:            Min: 0, Avg:  0.0, Max: 0, Diff: 0, Sum: 0, Workers: 13
[149.625s][debug][gc,phases   ] GC(46)       Merged Fine:              Min: 0, Avg:  0.0, Max: 0, Diff: 0, Sum: 0, Workers: 13
[149.625s][debug][gc,phases   ] GC(46)       Merged Coarse:            Min: 0, Avg:  0.0, Max: 0, Diff: 0, Sum: 0, Workers: 13
[149.625s][debug][gc,phases   ] GC(46)       Dirty Cards:              Min: 0, Avg:  0.0, Max: 0, Diff: 0, Sum: 0, Workers: 13
[149.625s][debug][gc,phases   ] GC(46)     Hot Card Cache (ms):      Min:  0.0, Avg:  0.0, Max:  0.0, Diff:  0.0, Sum:  0.0, Workers: 13
[149.625s][debug][gc,phases   ] GC(46)       Dirty Cards:              Min: 0, Avg:  0.0, Max: 0, Diff: 0, Sum: 0, Workers: 13
[149.625s][debug][gc,phases   ] GC(46)       Skipped Cards:            Min: 0, Avg:  0.0, Max: 0, Diff: 0, Sum: 0, Workers: 13
[149.625s][debug][gc,phases   ] GC(46)     Log Buffers (ms):         Min:  0.1, Avg:  0.1, Max:  0.1, Diff:  0.0, Sum:  1.1, Workers: 13
[149.625s][debug][gc,phases   ] GC(46)       Dirty Cards:              Min: 937, Avg: 1677.8, Max: 2085, Diff: 1148, Sum: 21812, Workers: 13
[149.625s][debug][gc,phases   ] GC(46)       Skipped Cards:            Min: 0, Avg:  0.0, Max: 0, Diff: 0, Sum: 0, Workers: 13
[149.625s][info ][gc,phases   ] GC(46)   Evacuate Collection Set: 5.5ms
[149.625s][debug][gc,phases   ] GC(46)     Ext Root Scanning (ms):   Min:  0.3, Avg:  0.5, Max:  0.6, Diff:  0.3, Sum:  5.9, Workers: 13
[149.625s][debug][gc,phases   ] GC(46)     Scan Heap Roots (ms):     Min:  1.4, Avg:  1.5, Max:  1.6, Diff:  0.2, Sum: 19.2, Workers: 13
[149.625s][debug][gc,phases   ] GC(46)       Scanned Cards:            Min: 1413, Avg: 1677.8, Max: 1836, Diff: 423, Sum: 21811, Workers: 13
[149.625s][debug][gc,phases   ] GC(46)       Scanned Blocks:           Min: 1139, Avg: 1344.6, Max: 1528, Diff: 389, Sum: 17480, Workers: 13
[149.625s][debug][gc,phases   ] GC(46)       Claimed Chunks:           Min: 8, Avg: 11.1, Max: 18, Diff: 10, Sum: 144, Workers: 13
[149.625s][debug][gc,phases   ] GC(46)     Code Root Scan (ms):      Min:  0.0, Avg:  0.0, Max:  0.0, Diff:  0.0, Sum:  0.0, Workers: 13
[149.625s][debug][gc,phases   ] GC(46)     Object Copy (ms):         Min:  2.9, Avg:  3.2, Max:  3.3, Diff:  0.4, Sum: 41.3, Workers: 13
[149.625s][debug][gc,phases   ] GC(46)     Termination (ms):         Min:  0.3, Avg:  0.3, Max:  0.4, Diff:  0.1, Sum:  4.3, Workers: 13
[149.625s][debug][gc,phases   ] GC(46)       Termination Attempts:     Min: 1, Avg:  1.0, Max: 1, Diff: 0, Sum: 13, Workers: 13
[149.625s][debug][gc,phases   ] GC(46)     GC Worker Other (ms):     Min:  0.0, Avg:  0.0, Max:  0.0, Diff:  0.0, Sum:  0.1, Workers: 13
[149.626s][debug][gc,phases   ] GC(46)     GC Worker Total (ms):     Min:  5.4, Avg:  5.4, Max:  5.5, Diff:  0.1, Sum: 70.8, Workers: 13
[149.626s][info ][gc,phases   ] GC(46)   Post Evacuate Collection Set: 0.7ms
[149.626s][debug][gc,phases   ] GC(46)     Code Roots Fixup: 0.0ms
[149.626s][debug][gc,phases   ] GC(46)     Clear Card Table: 0.3ms
[149.626s][debug][gc,phases   ] GC(46)     Reference Processing: 0.0ms
[149.626s][debug][gc,phases   ] GC(46)     Weak Processing: 0.0ms
[149.626s][debug][gc,phases   ] GC(46)       VM Weak                   Min:  0.0, Avg:  0.0, Max:  0.0, Diff:  0.0, Sum:  0.0, Workers: 2
[149.626s][debug][gc,phases   ] GC(46)         Dead                      Min: 0, Avg:  0.0, Max: 0, Diff: 0, Sum: 0, Workers: 2
[149.626s][debug][gc,phases   ] GC(46)         Total                     Min: 0, Avg: 28.5, Max: 57, Diff: 57, Sum: 57, Workers: 2
[149.626s][debug][gc,phases   ] GC(46)       ObjectSynchronizer Weak   Min:  0.0, Avg:  0.0, Max:  0.0, Diff:  0.0, Sum:  0.0, Workers: 2
[149.626s][debug][gc,phases   ] GC(46)         Dead                      Min: 0, Avg:  0.0, Max: 0, Diff: 0, Sum: 0, Workers: 2
[149.626s][debug][gc,phases   ] GC(46)         Total                     Min: 0, Avg:  4.5, Max: 9, Diff: 9, Sum: 9, Workers: 2
[149.626s][debug][gc,phases   ] GC(46)       JVMTI Tag Weak OopStorage Min:  0.0, Avg:  0.0, Max:  0.0, Diff:  0.0, Sum:  0.0, Workers: 2
[149.626s][debug][gc,phases   ] GC(46)         Dead                      Min: 0, Avg:  0.0, Max: 0, Diff: 0, Sum: 0, Workers: 2
[149.626s][debug][gc,phases   ] GC(46)         Total                     Min: 0, Avg:  0.0, Max: 0, Diff: 0, Sum: 0, Workers: 2
[149.626s][debug][gc,phases   ] GC(46)       StringTable Weak          Min:  0.0, Avg:  0.0, Max:  0.0, Diff:  0.0, Sum:  0.0, Workers: 2
[149.626s][debug][gc,phases   ] GC(46)         Dead                      Min: 0, Avg:  0.0, Max: 0, Diff: 0, Sum: 0, Workers: 2
[149.626s][debug][gc,phases   ] GC(46)         Total                     Min: 0, Avg: 339.5, Max: 679, Diff: 679, Sum: 679, Workers: 2
[149.626s][debug][gc,phases   ] GC(46)       ResolvedMethodTable Weak  Min:  0.0, Avg:  0.0, Max:  0.0, Diff:  0.0, Sum:  0.0, Workers: 2
[149.626s][debug][gc,phases   ] GC(46)         Dead                      Min: 0, Avg:  0.0, Max: 0, Diff: 0, Sum: 0, Workers: 2
[149.626s][debug][gc,phases   ] GC(46)         Total                     Min: 0, Avg: 140.5, Max: 281, Diff: 281, Sum: 281, Workers: 2
[149.626s][debug][gc,phases   ] GC(46)       JNI Weak                  Min:  0.0, Avg:  0.0, Max:  0.0, Diff:  0.0, Sum:  0.0, Workers: 2
[149.626s][debug][gc,phases   ] GC(46)         Dead                      Min: 0, Avg:  0.0, Max: 0, Diff: 0, Sum: 0, Workers: 2
[149.626s][debug][gc,phases   ] GC(46)         Total                     Min: 0, Avg:  0.0, Max: 0, Diff: 0, Sum: 0, Workers: 2
[149.626s][debug][gc,phases   ] GC(46)       Weak JFR Old Object Samples Min:  0.0, Avg:  0.0, Max:  0.0, Diff:  0.0, Sum:  0.0, Workers: 2
[149.626s][debug][gc,phases   ] GC(46)         Dead                      Min: 0, Avg:  0.0, Max: 0, Diff: 0, Sum: 0, Workers: 2
[149.626s][debug][gc,phases   ] GC(46)         Total                     Min: 0, Avg:  0.0, Max: 0, Diff: 0, Sum: 0, Workers: 2
[149.626s][debug][gc,phases   ] GC(46)     Merge Per-Thread State: 0.1ms
[149.626s][debug][gc,phases   ] GC(46)       Copied Bytes              Min: 1908368, Avg: 2139511.4, Max: 2421904, Diff: 513536, Sum: 27813648, Workers: 13
[149.626s][debug][gc,phases   ] GC(46)       LAB Waste                 Min: 256, Avg: 627.7, Max: 944, Diff: 688, Sum: 8160, Workers: 13
[149.626s][debug][gc,phases   ] GC(46)       LAB Undo Waste            Min: 0, Avg:  0.0, Max: 0, Diff: 0, Sum: 0, Workers: 13
[149.626s][debug][gc,phases   ] GC(46)     Code Roots Purge: 0.0ms
[149.626s][debug][gc,phases   ] GC(46)     Redirty Cards: 0.1ms
[149.626s][debug][gc,phases   ] GC(46)     DerivedPointerTable Update: 0.2ms
[149.626s][debug][gc,phases   ] GC(46)     Free Collection Set: 0.1ms
[149.626s][debug][gc,phases   ] GC(46)     Rebuild Free List: 0.1ms
[149.626s][debug][gc,phases   ] GC(46)     Humongous Reclaim: 0.0ms
[149.626s][debug][gc,phases   ] GC(46)     Start New Collection Set: 0.0ms
[149.626s][debug][gc,phases   ] GC(46)     Resize TLABs: 0.2ms
[149.626s][debug][gc,phases   ] GC(46)     Expand Heap After Collection: 0.0ms
[149.626s][info ][gc,phases   ] GC(46)   Other: 0.7ms
[149.626s][info ][gc,heap     ] GC(46) Eden regions: 89->0(89)
[149.626s][info ][gc,heap     ] GC(46) Survivor regions: 4->4(12)
[149.626s][info ][gc,heap     ] GC(46) Old regions: 9->9
[149.626s][info ][gc,heap     ] GC(46) Archive regions: 2->2
[149.626s][info ][gc,heap     ] GC(46) Humongous regions: 0->0
[149.626s][info ][gc,metaspace] GC(46) Metaspace: 1642K(1792K)->1642K(1792K) NonClass: 1523K(1600K)->1523K(1600K) Class: 118K(192K)->118K(192K)
[149.626s][info ][gc          ] GC(46) Pause Young (Normal) (G1 Evacuation Pause) 820M->108M(1248M) 8.423ms
[149.627s][info ][gc,cpu      ] GC(46) User=0.06s Sys=0.00s Real=0.01s
[153.113s][info ][gc,start    ] GC(47) Pause Young (Normal) (G1 Evacuation Pause)
[153.113s][info ][gc,task     ] GC(47) Using 13 workers of 13 for evacuation
[153.120s][info ][gc,phases   ] GC(47)   Pre Evacuate Collection Set: 0.4ms
[153.120s][debug][gc,phases   ] GC(47)     Prepare TLABs: 0.2ms
[153.120s][debug][gc,phases   ] GC(47)     Concatenate Dirty Card Logs: 0.1ms
[153.120s][debug][gc,phases   ] GC(47)     Choose Collection Set: 0.0ms
[153.120s][debug][gc,phases   ] GC(47)     Region Register: 0.1ms
[153.120s][debug][gc,phases   ] GC(47)     Prepare Heap Roots: 0.0ms
[153.120s][info ][gc,phases   ] GC(47)   Merge Heap Roots: 0.3ms
[153.120s][debug][gc,phases   ] GC(47)     Prepare Merge Heap Roots: 0.0ms
[153.120s][debug][gc,phases   ] GC(47)     Eager Reclaim (ms):       skipped
[153.120s][debug][gc,phases   ] GC(47)     Remembered Sets (ms):     Min:  0.0, Avg:  0.0, Max:  0.0, Diff:  0.0, Sum:  0.1, Workers: 13
[153.120s][debug][gc,phases   ] GC(47)       Merged Sparse:            Min: 0, Avg:  0.0, Max: 0, Diff: 0, Sum: 0, Workers: 13
[153.120s][debug][gc,phases   ] GC(47)       Merged Fine:              Min: 0, Avg:  0.0, Max: 0, Diff: 0, Sum: 0, Workers: 13
[153.120s][debug][gc,phases   ] GC(47)       Merged Coarse:            Min: 0, Avg:  0.0, Max: 0, Diff: 0, Sum: 0, Workers: 13
[153.120s][debug][gc,phases   ] GC(47)       Dirty Cards:              Min: 0, Avg:  0.0, Max: 0, Diff: 0, Sum: 0, Workers: 13
[153.120s][debug][gc,phases   ] GC(47)     Hot Card Cache (ms):      Min:  0.0, Avg:  0.0, Max:  0.0, Diff:  0.0, Sum:  0.0, Workers: 13
[153.120s][debug][gc,phases   ] GC(47)       Dirty Cards:              Min: 0, Avg:  0.0, Max: 0, Diff: 0, Sum: 0, Workers: 13
[153.121s][debug][gc,phases   ] GC(47)       Skipped Cards:            Min: 0, Avg:  0.0, Max: 0, Diff: 0, Sum: 0, Workers: 13
[153.121s][debug][gc,phases   ] GC(47)     Log Buffers (ms):         Min:  0.1, Avg:  0.2, Max:  0.2, Diff:  0.1, Sum:  2.1, Workers: 13
[153.121s][debug][gc,phases   ] GC(47)       Dirty Cards:              Min: 585, Avg: 1645.1, Max: 2358, Diff: 1773, Sum: 21386, Workers: 13
[153.121s][debug][gc,phases   ] GC(47)       Skipped Cards:            Min: 0, Avg:  0.0, Max: 0, Diff: 0, Sum: 0, Workers: 13
[153.121s][info ][gc,phases   ] GC(47)   Evacuate Collection Set: 6.0ms
[153.121s][debug][gc,phases   ] GC(47)     Ext Root Scanning (ms):   Min:  0.4, Avg:  0.5, Max:  0.8, Diff:  0.5, Sum:  6.7, Workers: 13
[153.121s][debug][gc,phases   ] GC(47)     Scan Heap Roots (ms):     Min:  1.8, Avg:  1.9, Max:  2.0, Diff:  0.3, Sum: 24.9, Workers: 13
[153.121s][debug][gc,phases   ] GC(47)       Scanned Cards:            Min: 1495, Avg: 1644.8, Max: 2013, Diff: 518, Sum: 21383, Workers: 13
[153.121s][debug][gc,phases   ] GC(47)       Scanned Blocks:           Min: 1102, Avg: 1324.0, Max: 1547, Diff: 445, Sum: 17212, Workers: 13
[153.121s][debug][gc,phases   ] GC(47)       Claimed Chunks:           Min: 9, Avg: 11.1, Max: 20, Diff: 11, Sum: 144, Workers: 13
[153.121s][debug][gc,phases   ] GC(47)     Code Root Scan (ms):      Min:  0.0, Avg:  0.0, Max:  0.0, Diff:  0.0, Sum:  0.0, Workers: 13
[153.121s][debug][gc,phases   ] GC(47)     Object Copy (ms):         Min:  3.1, Avg:  3.3, Max:  3.5, Diff:  0.4, Sum: 42.9, Workers: 13
[153.121s][debug][gc,phases   ] GC(47)     Termination (ms):         Min:  0.1, Avg:  0.1, Max:  0.2, Diff:  0.0, Sum:  1.8, Workers: 13
[153.121s][debug][gc,phases   ] GC(47)       Termination Attempts:     Min: 1, Avg:  1.0, Max: 1, Diff: 0, Sum: 13, Workers: 13
[153.121s][debug][gc,phases   ] GC(47)     GC Worker Other (ms):     Min:  0.0, Avg:  0.0, Max:  0.1, Diff:  0.0, Sum:  0.2, Workers: 13
[153.121s][debug][gc,phases   ] GC(47)     GC Worker Total (ms):     Min:  5.9, Avg:  5.9, Max:  5.9, Diff:  0.1, Sum: 76.6, Workers: 13
[153.121s][info ][gc,phases   ] GC(47)   Post Evacuate Collection Set: 0.4ms
[153.121s][debug][gc,phases   ] GC(47)     Code Roots Fixup: 0.0ms
[153.121s][debug][gc,phases   ] GC(47)     Clear Card Table: 0.1ms
[153.121s][debug][gc,phases   ] GC(47)     Reference Processing: 0.0ms
[153.121s][debug][gc,phases   ] GC(47)     Weak Processing: 0.0ms
[153.121s][debug][gc,phases   ] GC(47)       VM Weak                   Min:  0.0, Avg:  0.0, Max:  0.0, Diff:  0.0, Sum:  0.0, Workers: 2
[153.121s][debug][gc,phases   ] GC(47)         Dead                      Min: 0, Avg:  0.0, Max: 0, Diff: 0, Sum: 0, Workers: 2
[153.121s][debug][gc,phases   ] GC(47)         Total                     Min: 0, Avg: 28.5, Max: 57, Diff: 57, Sum: 57, Workers: 2
[153.121s][debug][gc,phases   ] GC(47)       ObjectSynchronizer Weak   Min:  0.0, Avg:  0.0, Max:  0.0, Diff:  0.0, Sum:  0.0, Workers: 2
[153.121s][debug][gc,phases   ] GC(47)         Dead                      Min: 0, Avg:  0.0, Max: 0, Diff: 0, Sum: 0, Workers: 2
[153.121s][debug][gc,phases   ] GC(47)         Total                     Min: 0, Avg:  4.5, Max: 9, Diff: 9, Sum: 9, Workers: 2
[153.121s][debug][gc,phases   ] GC(47)       JVMTI Tag Weak OopStorage Min:  0.0, Avg:  0.0, Max:  0.0, Diff:  0.0, Sum:  0.0, Workers: 2
[153.121s][debug][gc,phases   ] GC(47)         Dead                      Min: 0, Avg:  0.0, Max: 0, Diff: 0, Sum: 0, Workers: 2
[153.121s][debug][gc,phases   ] GC(47)         Total                     Min: 0, Avg:  0.0, Max: 0, Diff: 0, Sum: 0, Workers: 2
[153.121s][debug][gc,phases   ] GC(47)       StringTable Weak          Min:  0.0, Avg:  0.0, Max:  0.0, Diff:  0.0, Sum:  0.0, Workers: 2
[153.121s][debug][gc,phases   ] GC(47)         Dead                      Min: 0, Avg:  0.0, Max: 0, Diff: 0, Sum: 0, Workers: 2
[153.121s][debug][gc,phases   ] GC(47)         Total                     Min: 0, Avg: 339.5, Max: 679, Diff: 679, Sum: 679, Workers: 2
[153.121s][debug][gc,phases   ] GC(47)       ResolvedMethodTable Weak  Min:  0.0, Avg:  0.0, Max:  0.0, Diff:  0.0, Sum:  0.0, Workers: 2
[153.121s][debug][gc,phases   ] GC(47)         Dead                      Min: 0, Avg:  0.0, Max: 0, Diff: 0, Sum: 0, Workers: 2
[153.121s][debug][gc,phases   ] GC(47)         Total                     Min: 0, Avg: 140.5, Max: 281, Diff: 281, Sum: 281, Workers: 2
[153.121s][debug][gc,phases   ] GC(47)       JNI Weak                  Min:  0.0, Avg:  0.0, Max:  0.0, Diff:  0.0, Sum:  0.0, Workers: 2
[153.121s][debug][gc,phases   ] GC(47)         Dead                      Min: 0, Avg:  0.0, Max: 0, Diff: 0, Sum: 0, Workers: 2
[153.121s][debug][gc,phases   ] GC(47)         Total                     Min: 0, Avg:  0.0, Max: 0, Diff: 0, Sum: 0, Workers: 2
[153.121s][debug][gc,phases   ] GC(47)       Weak JFR Old Object Samples Min:  0.0, Avg:  0.0, Max:  0.0, Diff:  0.0, Sum:  0.0, Workers: 2
[153.121s][debug][gc,phases   ] GC(47)         Dead                      Min: 0, Avg:  0.0, Max: 0, Diff: 0, Sum: 0, Workers: 2
[153.121s][debug][gc,phases   ] GC(47)         Total                     Min: 0, Avg:  0.0, Max: 0, Diff: 0, Sum: 0, Workers: 2
[153.121s][debug][gc,phases   ] GC(47)     Merge Per-Thread State: 0.0ms
[153.121s][debug][gc,phases   ] GC(47)       Copied Bytes              Min: 1891104, Avg: 2148625.8, Max: 2718424, Diff: 827320, Sum: 27932136, Workers: 13
[153.121s][debug][gc,phases   ] GC(47)       LAB Waste                 Min: 584, Avg: 916.3, Max: 1104, Diff: 520, Sum: 11912, Workers: 13
[153.121s][debug][gc,phases   ] GC(47)       LAB Undo Waste            Min: 0, Avg:  0.0, Max: 0, Diff: 0, Sum: 0, Workers: 13
[153.121s][debug][gc,phases   ] GC(47)     Code Roots Purge: 0.0ms
[153.121s][debug][gc,phases   ] GC(47)     Redirty Cards: 0.1ms
[153.121s][debug][gc,phases   ] GC(47)     DerivedPointerTable Update: 0.1ms
[153.121s][debug][gc,phases   ] GC(47)     Free Collection Set: 0.1ms
[153.121s][debug][gc,phases   ] GC(47)     Rebuild Free List: 0.0ms
[153.121s][debug][gc,phases   ] GC(47)     Humongous Reclaim: 0.0ms
[153.121s][debug][gc,phases   ] GC(47)     Start New Collection Set: 0.0ms
[153.121s][debug][gc,phases   ] GC(47)     Resize TLABs: 0.1ms
[153.121s][debug][gc,phases   ] GC(47)     Expand Heap After Collection: 0.0ms
[153.121s][info ][gc,phases   ] GC(47)   Other: 0.9ms
[153.121s][info ][gc,heap     ] GC(47) Eden regions: 89->0(89)
[153.121s][info ][gc,heap     ] GC(47) Survivor regions: 4->4(12)
[153.121s][info ][gc,heap     ] GC(47) Old regions: 9->9
[153.121s][info ][gc,heap     ] GC(47) Archive regions: 2->2
[153.121s][info ][gc,heap     ] GC(47) Humongous regions: 0->0
[153.121s][info ][gc,metaspace] GC(47) Metaspace: 1642K(1792K)->1642K(1792K) NonClass: 1523K(1600K)->1523K(1600K) Class: 118K(192K)->118K(192K)
[153.121s][info ][gc          ] GC(47) Pause Young (Normal) (G1 Evacuation Pause) 820M->108M(1248M) 8.539ms
[153.121s][info ][gc,cpu      ] GC(47) User=0.08s Sys=0.01s Real=0.01s
[156.582s][info ][gc,start    ] GC(48) Pause Young (Normal) (G1 Evacuation Pause)
[156.582s][info ][gc,task     ] GC(48) Using 13 workers of 13 for evacuation
[156.588s][info ][gc,phases   ] GC(48)   Pre Evacuate Collection Set: 0.3ms
[156.588s][debug][gc,phases   ] GC(48)     Prepare TLABs: 0.1ms
[156.588s][debug][gc,phases   ] GC(48)     Concatenate Dirty Card Logs: 0.1ms
[156.588s][debug][gc,phases   ] GC(48)     Choose Collection Set: 0.0ms
[156.588s][debug][gc,phases   ] GC(48)     Region Register: 0.1ms
[156.588s][debug][gc,phases   ] GC(48)     Prepare Heap Roots: 0.0ms
[156.588s][info ][gc,phases   ] GC(48)   Merge Heap Roots: 0.2ms
[156.588s][debug][gc,phases   ] GC(48)     Prepare Merge Heap Roots: 0.0ms
[156.588s][debug][gc,phases   ] GC(48)     Eager Reclaim (ms):       skipped
[156.588s][debug][gc,phases   ] GC(48)     Remembered Sets (ms):     Min:  0.0, Avg:  0.0, Max:  0.0, Diff:  0.0, Sum:  0.1, Workers: 13
[156.588s][debug][gc,phases   ] GC(48)       Merged Sparse:            Min: 0, Avg:  0.0, Max: 0, Diff: 0, Sum: 0, Workers: 13
[156.588s][debug][gc,phases   ] GC(48)       Merged Fine:              Min: 0, Avg:  0.0, Max: 0, Diff: 0, Sum: 0, Workers: 13
[156.588s][debug][gc,phases   ] GC(48)       Merged Coarse:            Min: 0, Avg:  0.0, Max: 0, Diff: 0, Sum: 0, Workers: 13
[156.588s][debug][gc,phases   ] GC(48)       Dirty Cards:              Min: 0, Avg:  0.0, Max: 0, Diff: 0, Sum: 0, Workers: 13
[156.588s][debug][gc,phases   ] GC(48)     Hot Card Cache (ms):      Min:  0.0, Avg:  0.0, Max:  0.0, Diff:  0.0, Sum:  0.0, Workers: 13
[156.588s][debug][gc,phases   ] GC(48)       Dirty Cards:              Min: 0, Avg:  0.0, Max: 0, Diff: 0, Sum: 0, Workers: 13
[156.588s][debug][gc,phases   ] GC(48)       Skipped Cards:            Min: 0, Avg:  0.0, Max: 0, Diff: 0, Sum: 0, Workers: 13
[156.588s][debug][gc,phases   ] GC(48)     Log Buffers (ms):         Min:  0.1, Avg:  0.1, Max:  0.1, Diff:  0.0, Sum:  1.2, Workers: 13
[156.588s][debug][gc,phases   ] GC(48)       Dirty Cards:              Min: 466, Avg: 1637.8, Max: 3635, Diff: 3169, Sum: 21291, Workers: 13
[156.588s][debug][gc,phases   ] GC(48)       Skipped Cards:            Min: 0, Avg:  0.0, Max: 0, Diff: 0, Sum: 0, Workers: 13
[156.588s][info ][gc,phases   ] GC(48)   Evacuate Collection Set: 5.4ms
[156.588s][debug][gc,phases   ] GC(48)     Ext Root Scanning (ms):   Min:  0.3, Avg:  0.4, Max:  0.5, Diff:  0.2, Sum:  5.5, Workers: 13
[156.588s][debug][gc,phases   ] GC(48)     Scan Heap Roots (ms):     Min:  1.5, Avg:  1.6, Max:  1.7, Diff:  0.2, Sum: 20.2, Workers: 13
[156.588s][debug][gc,phases   ] GC(48)       Scanned Cards:            Min: 1530, Avg: 1637.2, Max: 2005, Diff: 475, Sum: 21283, Workers: 13
[156.588s][debug][gc,phases   ] GC(48)       Scanned Blocks:           Min: 1214, Avg: 1315.3, Max: 1472, Diff: 258, Sum: 17099, Workers: 13
[156.588s][debug][gc,phases   ] GC(48)       Claimed Chunks:           Min: 9, Avg: 11.1, Max: 19, Diff: 10, Sum: 144, Workers: 13
[156.588s][debug][gc,phases   ] GC(48)     Code Root Scan (ms):      Min:  0.0, Avg:  0.0, Max:  0.0, Diff:  0.0, Sum:  0.0, Workers: 13
[156.588s][debug][gc,phases   ] GC(48)     Object Copy (ms):         Min:  3.1, Avg:  3.2, Max:  3.4, Diff:  0.3, Sum: 42.1, Workers: 13
[156.589s][debug][gc,phases   ] GC(48)     Termination (ms):         Min:  0.1, Avg:  0.1, Max:  0.1, Diff:  0.0, Sum:  1.4, Workers: 13
[156.589s][debug][gc,phases   ] GC(48)       Termination Attempts:     Min: 1, Avg:  1.2, Max: 2, Diff: 1, Sum: 15, Workers: 13
[156.589s][debug][gc,phases   ] GC(48)     GC Worker Other (ms):     Min:  0.0, Avg:  0.0, Max:  0.0, Diff:  0.0, Sum:  0.1, Workers: 13
[156.589s][debug][gc,phases   ] GC(48)     GC Worker Total (ms):     Min:  5.3, Avg:  5.3, Max:  5.4, Diff:  0.1, Sum: 69.3, Workers: 13
[156.589s][info ][gc,phases   ] GC(48)   Post Evacuate Collection Set: 0.3ms
[156.589s][debug][gc,phases   ] GC(48)     Code Roots Fixup: 0.0ms
[156.589s][debug][gc,phases   ] GC(48)     Clear Card Table: 0.1ms
[156.589s][debug][gc,phases   ] GC(48)     Reference Processing: 0.0ms
[156.589s][debug][gc,phases   ] GC(48)     Weak Processing: 0.0ms
[156.589s][debug][gc,phases   ] GC(48)       VM Weak                   Min:  0.0, Avg:  0.0, Max:  0.0, Diff:  0.0, Sum:  0.0, Workers: 2
[156.589s][debug][gc,phases   ] GC(48)         Dead                      Min: 0, Avg:  0.0, Max: 0, Diff: 0, Sum: 0, Workers: 2
[156.589s][debug][gc,phases   ] GC(48)         Total                     Min: 0, Avg: 28.5, Max: 57, Diff: 57, Sum: 57, Workers: 2
[156.589s][debug][gc,phases   ] GC(48)       ObjectSynchronizer Weak   Min:  0.0, Avg:  0.0, Max:  0.0, Diff:  0.0, Sum:  0.0, Workers: 2
[156.589s][debug][gc,phases   ] GC(48)         Dead                      Min: 0, Avg:  0.0, Max: 0, Diff: 0, Sum: 0, Workers: 2
[156.589s][debug][gc,phases   ] GC(48)         Total                     Min: 0, Avg:  4.5, Max: 9, Diff: 9, Sum: 9, Workers: 2
[156.589s][debug][gc,phases   ] GC(48)       JVMTI Tag Weak OopStorage Min:  0.0, Avg:  0.0, Max:  0.0, Diff:  0.0, Sum:  0.0, Workers: 2
[156.589s][debug][gc,phases   ] GC(48)         Dead                      Min: 0, Avg:  0.0, Max: 0, Diff: 0, Sum: 0, Workers: 2
[156.589s][debug][gc,phases   ] GC(48)         Total                     Min: 0, Avg:  0.0, Max: 0, Diff: 0, Sum: 0, Workers: 2
[156.589s][debug][gc,phases   ] GC(48)       StringTable Weak          Min:  0.0, Avg:  0.0, Max:  0.0, Diff:  0.0, Sum:  0.0, Workers: 2
[156.589s][debug][gc,phases   ] GC(48)         Dead                      Min: 0, Avg:  0.0, Max: 0, Diff: 0, Sum: 0, Workers: 2
[156.589s][debug][gc,phases   ] GC(48)         Total                     Min: 0, Avg: 339.5, Max: 679, Diff: 679, Sum: 679, Workers: 2
[156.589s][debug][gc,phases   ] GC(48)       ResolvedMethodTable Weak  Min:  0.0, Avg:  0.0, Max:  0.0, Diff:  0.0, Sum:  0.0, Workers: 2
[156.589s][debug][gc,phases   ] GC(48)         Dead                      Min: 0, Avg:  0.0, Max: 0, Diff: 0, Sum: 0, Workers: 2
[156.589s][debug][gc,phases   ] GC(48)         Total                     Min: 0, Avg: 140.5, Max: 281, Diff: 281, Sum: 281, Workers: 2
[156.589s][debug][gc,phases   ] GC(48)       JNI Weak                  Min:  0.0, Avg:  0.0, Max:  0.0, Diff:  0.0, Sum:  0.0, Workers: 2
[156.589s][debug][gc,phases   ] GC(48)         Dead                      Min: 0, Avg:  0.0, Max: 0, Diff: 0, Sum: 0, Workers: 2
[156.589s][debug][gc,phases   ] GC(48)         Total                     Min: 0, Avg:  0.0, Max: 0, Diff: 0, Sum: 0, Workers: 2
[156.589s][debug][gc,phases   ] GC(48)       Weak JFR Old Object Samples Min:  0.0, Avg:  0.0, Max:  0.0, Diff:  0.0, Sum:  0.0, Workers: 2
[156.589s][debug][gc,phases   ] GC(48)         Dead                      Min: 0, Avg:  0.0, Max: 0, Diff: 0, Sum: 0, Workers: 2
[156.589s][debug][gc,phases   ] GC(48)         Total                     Min: 0, Avg:  0.0, Max: 0, Diff: 0, Sum: 0, Workers: 2
[156.589s][debug][gc,phases   ] GC(48)     Merge Per-Thread State: 0.0ms
[156.589s][debug][gc,phases   ] GC(48)       Copied Bytes              Min: 2002192, Avg: 2145376.6, Max: 2241912, Diff: 239720, Sum: 27889896, Workers: 13
[156.589s][debug][gc,phases   ] GC(48)       LAB Waste                 Min: 648, Avg: 836.3, Max: 1128, Diff: 480, Sum: 10872, Workers: 13
[156.589s][debug][gc,phases   ] GC(48)       LAB Undo Waste            Min: 0, Avg:  0.0, Max: 0, Diff: 0, Sum: 0, Workers: 13
[156.589s][debug][gc,phases   ] GC(48)     Code Roots Purge: 0.0ms
[156.589s][debug][gc,phases   ] GC(48)     Redirty Cards: 0.1ms
[156.589s][debug][gc,phases   ] GC(48)     DerivedPointerTable Update: 0.1ms
[156.589s][debug][gc,phases   ] GC(48)     Free Collection Set: 0.1ms
[156.589s][debug][gc,phases   ] GC(48)     Rebuild Free List: 0.0ms
[156.589s][debug][gc,phases   ] GC(48)     Humongous Reclaim: 0.0ms
[156.589s][debug][gc,phases   ] GC(48)     Start New Collection Set: 0.0ms
[156.589s][debug][gc,phases   ] GC(48)     Resize TLABs: 0.1ms
[156.589s][debug][gc,phases   ] GC(48)     Expand Heap After Collection: 0.0ms
[156.589s][info ][gc,phases   ] GC(48)   Other: 0.4ms
[156.589s][info ][gc,heap     ] GC(48) Eden regions: 89->0(89)
[156.589s][info ][gc,heap     ] GC(48) Survivor regions: 4->4(12)
[156.589s][info ][gc,heap     ] GC(48) Old regions: 9->9
[156.589s][info ][gc,heap     ] GC(48) Archive regions: 2->2
[156.589s][info ][gc,heap     ] GC(48) Humongous regions: 0->0
[156.589s][info ][gc,metaspace] GC(48) Metaspace: 1642K(1792K)->1642K(1792K) NonClass: 1523K(1600K)->1523K(1600K) Class: 118K(192K)->118K(192K)
[156.589s][info ][gc          ] GC(48) Pause Young (Normal) (G1 Evacuation Pause) 820M->109M(1248M) 7.339ms
[156.589s][info ][gc,cpu      ] GC(48) User=0.07s Sys=0.00s Real=0.00s
[160.049s][info ][gc,start    ] GC(49) Pause Young (Normal) (G1 Evacuation Pause)
[160.049s][info ][gc,task     ] GC(49) Using 13 workers of 13 for evacuation
[160.056s][info ][gc,phases   ] GC(49)   Pre Evacuate Collection Set: 0.3ms
[160.056s][debug][gc,phases   ] GC(49)     Prepare TLABs: 0.1ms
[160.056s][debug][gc,phases   ] GC(49)     Concatenate Dirty Card Logs: 0.1ms
[160.056s][debug][gc,phases   ] GC(49)     Choose Collection Set: 0.0ms
[160.056s][debug][gc,phases   ] GC(49)     Region Register: 0.1ms
[160.056s][debug][gc,phases   ] GC(49)     Prepare Heap Roots: 0.0ms
[160.056s][info ][gc,phases   ] GC(49)   Merge Heap Roots: 0.2ms
[160.056s][debug][gc,phases   ] GC(49)     Prepare Merge Heap Roots: 0.0ms
[160.056s][debug][gc,phases   ] GC(49)     Eager Reclaim (ms):       skipped
[160.056s][debug][gc,phases   ] GC(49)     Remembered Sets (ms):     Min:  0.0, Avg:  0.0, Max:  0.0, Diff:  0.0, Sum:  0.1, Workers: 13
[160.056s][debug][gc,phases   ] GC(49)       Merged Sparse:            Min: 0, Avg:  0.0, Max: 0, Diff: 0, Sum: 0, Workers: 13
[160.056s][debug][gc,phases   ] GC(49)       Merged Fine:              Min: 0, Avg:  0.0, Max: 0, Diff: 0, Sum: 0, Workers: 13
[160.056s][debug][gc,phases   ] GC(49)       Merged Coarse:            Min: 0, Avg:  0.0, Max: 0, Diff: 0, Sum: 0, Workers: 13
[160.056s][debug][gc,phases   ] GC(49)       Dirty Cards:              Min: 0, Avg:  0.0, Max: 0, Diff: 0, Sum: 0, Workers: 13
[160.056s][debug][gc,phases   ] GC(49)     Hot Card Cache (ms):      Min:  0.0, Avg:  0.0, Max:  0.0, Diff:  0.0, Sum:  0.0, Workers: 13
[160.056s][debug][gc,phases   ] GC(49)       Dirty Cards:              Min: 0, Avg:  0.0, Max: 0, Diff: 0, Sum: 0, Workers: 13
[160.056s][debug][gc,phases   ] GC(49)       Skipped Cards:            Min: 0, Avg:  0.0, Max: 0, Diff: 0, Sum: 0, Workers: 13
[160.056s][debug][gc,phases   ] GC(49)     Log Buffers (ms):         Min:  0.1, Avg:  0.1, Max:  0.1, Diff:  0.1, Sum:  1.3, Workers: 13
[160.056s][debug][gc,phases   ] GC(49)       Dirty Cards:              Min: 278, Avg: 1606.5, Max: 3235, Diff: 2957, Sum: 20884, Workers: 13
[160.056s][debug][gc,phases   ] GC(49)       Skipped Cards:            Min: 0, Avg:  0.0, Max: 0, Diff: 0, Sum: 0, Workers: 13
[160.056s][info ][gc,phases   ] GC(49)   Evacuate Collection Set: 5.1ms
[160.056s][debug][gc,phases   ] GC(49)     Ext Root Scanning (ms):   Min:  0.3, Avg:  0.4, Max:  0.5, Diff:  0.2, Sum:  5.2, Workers: 13
[160.056s][debug][gc,phases   ] GC(49)     Scan Heap Roots (ms):     Min:  1.4, Avg:  1.5, Max:  1.7, Diff:  0.2, Sum: 19.9, Workers: 13
[160.056s][debug][gc,phases   ] GC(49)       Scanned Cards:            Min: 1389, Avg: 1604.7, Max: 2042, Diff: 653, Sum: 20861, Workers: 13
[160.056s][debug][gc,phases   ] GC(49)       Scanned Blocks:           Min: 1082, Avg: 1297.2, Max: 1715, Diff: 633, Sum: 16864, Workers: 13
[160.056s][debug][gc,phases   ] GC(49)       Claimed Chunks:           Min: 8, Avg: 11.1, Max: 18, Diff: 10, Sum: 144, Workers: 13
[160.056s][debug][gc,phases   ] GC(49)     Code Root Scan (ms):      Min:  0.0, Avg:  0.0, Max:  0.0, Diff:  0.0, Sum:  0.0, Workers: 13
[160.056s][debug][gc,phases   ] GC(49)     Object Copy (ms):         Min:  2.8, Avg:  3.0, Max:  3.1, Diff:  0.3, Sum: 38.7, Workers: 13
[160.056s][debug][gc,phases   ] GC(49)     Termination (ms):         Min:  0.1, Avg:  0.2, Max:  0.2, Diff:  0.0, Sum:  2.1, Workers: 13
[160.056s][debug][gc,phases   ] GC(49)       Termination Attempts:     Min: 1, Avg:  1.0, Max: 1, Diff: 0, Sum: 13, Workers: 13
[160.056s][debug][gc,phases   ] GC(49)     GC Worker Other (ms):     Min:  0.0, Avg:  0.0, Max:  0.0, Diff:  0.0, Sum:  0.1, Workers: 13
[160.056s][debug][gc,phases   ] GC(49)     GC Worker Total (ms):     Min:  5.0, Avg:  5.1, Max:  5.1, Diff:  0.1, Sum: 66.1, Workers: 13
[160.056s][info ][gc,phases   ] GC(49)   Post Evacuate Collection Set: 0.3ms
[160.056s][debug][gc,phases   ] GC(49)     Code Roots Fixup: 0.0ms
[160.056s][debug][gc,phases   ] GC(49)     Clear Card Table: 0.1ms
[160.056s][debug][gc,phases   ] GC(49)     Reference Processing: 0.0ms
[160.056s][debug][gc,phases   ] GC(49)     Weak Processing: 0.0ms
[160.056s][debug][gc,phases   ] GC(49)       VM Weak                   Min:  0.0, Avg:  0.0, Max:  0.0, Diff:  0.0, Sum:  0.0, Workers: 2
[160.056s][debug][gc,phases   ] GC(49)         Dead                      Min: 0, Avg:  0.0, Max: 0, Diff: 0, Sum: 0, Workers: 2
[160.056s][debug][gc,phases   ] GC(49)         Total                     Min: 0, Avg: 28.5, Max: 57, Diff: 57, Sum: 57, Workers: 2
[160.056s][debug][gc,phases   ] GC(49)       ObjectSynchronizer Weak   Min:  0.0, Avg:  0.0, Max:  0.0, Diff:  0.0, Sum:  0.0, Workers: 2
[160.056s][debug][gc,phases   ] GC(49)         Dead                      Min: 0, Avg:  0.0, Max: 0, Diff: 0, Sum: 0, Workers: 2
[160.056s][debug][gc,phases   ] GC(49)         Total                     Min: 0, Avg:  4.5, Max: 9, Diff: 9, Sum: 9, Workers: 2
[160.056s][debug][gc,phases   ] GC(49)       JVMTI Tag Weak OopStorage Min:  0.0, Avg:  0.0, Max:  0.0, Diff:  0.0, Sum:  0.0, Workers: 2
[160.056s][debug][gc,phases   ] GC(49)         Dead                      Min: 0, Avg:  0.0, Max: 0, Diff: 0, Sum: 0, Workers: 2
[160.056s][debug][gc,phases   ] GC(49)         Total                     Min: 0, Avg:  0.0, Max: 0, Diff: 0, Sum: 0, Workers: 2
[160.056s][debug][gc,phases   ] GC(49)       StringTable Weak          Min:  0.0, Avg:  0.0, Max:  0.0, Diff:  0.0, Sum:  0.0, Workers: 2
[160.056s][debug][gc,phases   ] GC(49)         Dead                      Min: 0, Avg:  0.0, Max: 0, Diff: 0, Sum: 0, Workers: 2
[160.056s][debug][gc,phases   ] GC(49)         Total                     Min: 0, Avg: 339.5, Max: 679, Diff: 679, Sum: 679, Workers: 2
[160.056s][debug][gc,phases   ] GC(49)       ResolvedMethodTable Weak  Min:  0.0, Avg:  0.0, Max:  0.0, Diff:  0.0, Sum:  0.0, Workers: 2
[160.056s][debug][gc,phases   ] GC(49)         Dead                      Min: 0, Avg:  0.0, Max: 0, Diff: 0, Sum: 0, Workers: 2
[160.056s][debug][gc,phases   ] GC(49)         Total                     Min: 0, Avg: 140.5, Max: 281, Diff: 281, Sum: 281, Workers: 2
[160.056s][debug][gc,phases   ] GC(49)       JNI Weak                  Min:  0.0, Avg:  0.0, Max:  0.0, Diff:  0.0, Sum:  0.0, Workers: 2
[160.056s][debug][gc,phases   ] GC(49)         Dead                      Min: 0, Avg:  0.0, Max: 0, Diff: 0, Sum: 0, Workers: 2
[160.056s][debug][gc,phases   ] GC(49)         Total                     Min: 0, Avg:  0.0, Max: 0, Diff: 0, Sum: 0, Workers: 2
[160.056s][debug][gc,phases   ] GC(49)       Weak JFR Old Object Samples Min:  0.0, Avg:  0.0, Max:  0.0, Diff:  0.0, Sum:  0.0, Workers: 2
[160.056s][debug][gc,phases   ] GC(49)         Dead                      Min: 0, Avg:  0.0, Max: 0, Diff: 0, Sum: 0, Workers: 2
[160.056s][debug][gc,phases   ] GC(49)         Total                     Min: 0, Avg:  0.0, Max: 0, Diff: 0, Sum: 0, Workers: 2
[160.056s][debug][gc,phases   ] GC(49)     Merge Per-Thread State: 0.0ms
[160.056s][debug][gc,phases   ] GC(49)       Copied Bytes              Min: 1811328, Avg: 2161224.0, Max: 2786328, Diff: 975000, Sum: 28095912, Workers: 13
[160.056s][debug][gc,phases   ] GC(49)       LAB Waste                 Min: 528, Avg: 947.1, Max: 1568, Diff: 1040, Sum: 12312, Workers: 13
[160.056s][debug][gc,phases   ] GC(49)       LAB Undo Waste            Min: 0, Avg:  0.0, Max: 0, Diff: 0, Sum: 0, Workers: 13
[160.056s][debug][gc,phases   ] GC(49)     Code Roots Purge: 0.0ms
[160.056s][debug][gc,phases   ] GC(49)     Redirty Cards: 0.1ms
[160.056s][debug][gc,phases   ] GC(49)     DerivedPointerTable Update: 0.1ms
[160.056s][debug][gc,phases   ] GC(49)     Free Collection Set: 0.1ms
[160.056s][debug][gc,phases   ] GC(49)     Rebuild Free List: 0.0ms
[160.056s][debug][gc,phases   ] GC(49)     Humongous Reclaim: 0.0ms
[160.056s][debug][gc,phases   ] GC(49)     Start New Collection Set: 0.0ms
[160.056s][debug][gc,phases   ] GC(49)     Resize TLABs: 0.1ms
[160.056s][debug][gc,phases   ] GC(49)     Expand Heap After Collection: 0.0ms
[160.056s][info ][gc,phases   ] GC(49)   Other: 0.5ms
[160.056s][info ][gc,heap     ] GC(49) Eden regions: 89->0(89)
[160.056s][info ][gc,heap     ] GC(49) Survivor regions: 4->4(12)
[160.056s][info ][gc,heap     ] GC(49) Old regions: 9->9
[160.056s][info ][gc,heap     ] GC(49) Archive regions: 2->2
[160.056s][info ][gc,heap     ] GC(49) Humongous regions: 0->0
[160.057s][info ][gc,metaspace] GC(49) Metaspace: 1642K(1792K)->1642K(1792K) NonClass: 1523K(1600K)->1523K(1600K) Class: 118K(192K)->118K(192K)
[160.057s][info ][gc          ] GC(49) Pause Young (Normal) (G1 Evacuation Pause) 821M->108M(1248M) 7.207ms
[160.057s][info ][gc,cpu      ] GC(49) User=0.07s Sys=0.00s Real=0.01s
[163.518s][info ][gc,start    ] GC(50) Pause Young (Normal) (G1 Evacuation Pause)
[163.518s][info ][gc,task     ] GC(50) Using 13 workers of 13 for evacuation
[163.525s][info ][gc,phases   ] GC(50)   Pre Evacuate Collection Set: 0.3ms
[163.525s][debug][gc,phases   ] GC(50)     Prepare TLABs: 0.1ms
[163.525s][debug][gc,phases   ] GC(50)     Concatenate Dirty Card Logs: 0.1ms
[163.525s][debug][gc,phases   ] GC(50)     Choose Collection Set: 0.0ms
[163.525s][debug][gc,phases   ] GC(50)     Region Register: 0.1ms
[163.525s][debug][gc,phases   ] GC(50)     Prepare Heap Roots: 0.0ms
[163.525s][info ][gc,phases   ] GC(50)   Merge Heap Roots: 0.2ms
[163.525s][debug][gc,phases   ] GC(50)     Prepare Merge Heap Roots: 0.0ms
[163.525s][debug][gc,phases   ] GC(50)     Eager Reclaim (ms):       skipped
[163.525s][debug][gc,phases   ] GC(50)     Remembered Sets (ms):     Min:  0.0, Avg:  0.0, Max:  0.0, Diff:  0.0, Sum:  0.1, Workers: 13
[163.525s][debug][gc,phases   ] GC(50)       Merged Sparse:            Min: 0, Avg:  0.0, Max: 0, Diff: 0, Sum: 0, Workers: 13
[163.525s][debug][gc,phases   ] GC(50)       Merged Fine:              Min: 0, Avg:  0.0, Max: 0, Diff: 0, Sum: 0, Workers: 13
[163.525s][debug][gc,phases   ] GC(50)       Merged Coarse:            Min: 0, Avg:  0.0, Max: 0, Diff: 0, Sum: 0, Workers: 13
[163.525s][debug][gc,phases   ] GC(50)       Dirty Cards:              Min: 0, Avg:  0.0, Max: 0, Diff: 0, Sum: 0, Workers: 13
[163.525s][debug][gc,phases   ] GC(50)     Hot Card Cache (ms):      Min:  0.0, Avg:  0.0, Max:  0.0, Diff:  0.0, Sum:  0.0, Workers: 13
[163.525s][debug][gc,phases   ] GC(50)       Dirty Cards:              Min: 0, Avg:  0.0, Max: 0, Diff: 0, Sum: 0, Workers: 13
[163.525s][debug][gc,phases   ] GC(50)       Skipped Cards:            Min: 0, Avg:  0.0, Max: 0, Diff: 0, Sum: 0, Workers: 13
[163.525s][debug][gc,phases   ] GC(50)     Log Buffers (ms):         Min:  0.1, Avg:  0.1, Max:  0.2, Diff:  0.1, Sum:  1.6, Workers: 13
[163.525s][debug][gc,phases   ] GC(50)       Dirty Cards:              Min: 379, Avg: 1584.1, Max: 4063, Diff: 3684, Sum: 20593, Workers: 13
[163.525s][debug][gc,phases   ] GC(50)       Skipped Cards:            Min: 0, Avg:  0.0, Max: 0, Diff: 0, Sum: 0, Workers: 13
[163.525s][info ][gc,phases   ] GC(50)   Evacuate Collection Set: 5.3ms
[163.525s][debug][gc,phases   ] GC(50)     Ext Root Scanning (ms):   Min:  0.3, Avg:  0.4, Max:  0.5, Diff:  0.2, Sum:  5.7, Workers: 13
[163.525s][debug][gc,phases   ] GC(50)     Scan Heap Roots (ms):     Min:  1.4, Avg:  1.5, Max:  1.6, Diff:  0.3, Sum: 19.9, Workers: 13
[163.525s][debug][gc,phases   ] GC(50)       Scanned Cards:            Min: 1383, Avg: 1583.8, Max: 2187, Diff: 804, Sum: 20589, Workers: 13
[163.525s][debug][gc,phases   ] GC(50)       Scanned Blocks:           Min: 1088, Avg: 1281.4, Max: 1824, Diff: 736, Sum: 16658, Workers: 13
[163.525s][debug][gc,phases   ] GC(50)       Claimed Chunks:           Min: 8, Avg: 11.1, Max: 15, Diff: 7, Sum: 144, Workers: 13
[163.525s][debug][gc,phases   ] GC(50)     Code Root Scan (ms):      Min:  0.0, Avg:  0.0, Max:  0.0, Diff:  0.0, Sum:  0.0, Workers: 13
[163.525s][debug][gc,phases   ] GC(50)     Object Copy (ms):         Min:  2.9, Avg:  3.0, Max:  3.2, Diff:  0.3, Sum: 39.6, Workers: 13
[163.525s][debug][gc,phases   ] GC(50)     Termination (ms):         Min:  0.1, Avg:  0.1, Max:  0.2, Diff:  0.0, Sum:  1.9, Workers: 13
[163.525s][debug][gc,phases   ] GC(50)       Termination Attempts:     Min: 1, Avg:  1.0, Max: 1, Diff: 0, Sum: 13, Workers: 13
[163.525s][debug][gc,phases   ] GC(50)     GC Worker Other (ms):     Min:  0.0, Avg:  0.0, Max:  0.0, Diff:  0.0, Sum:  0.2, Workers: 13
[163.525s][debug][gc,phases   ] GC(50)     GC Worker Total (ms):     Min:  5.1, Avg:  5.2, Max:  5.2, Diff:  0.1, Sum: 67.2, Workers: 13
[163.525s][info ][gc,phases   ] GC(50)   Post Evacuate Collection Set: 0.4ms
[163.525s][debug][gc,phases   ] GC(50)     Code Roots Fixup: 0.0ms
[163.525s][debug][gc,phases   ] GC(50)     Clear Card Table: 0.1ms
[163.525s][debug][gc,phases   ] GC(50)     Reference Processing: 0.0ms
[163.525s][debug][gc,phases   ] GC(50)     Weak Processing: 0.1ms
[163.525s][debug][gc,phases   ] GC(50)       VM Weak                   Min:  0.0, Avg:  0.0, Max:  0.0, Diff:  0.0, Sum:  0.0, Workers: 2
[163.525s][debug][gc,phases   ] GC(50)         Dead                      Min: 0, Avg:  0.0, Max: 0, Diff: 0, Sum: 0, Workers: 2
[163.525s][debug][gc,phases   ] GC(50)         Total                     Min: 0, Avg: 28.5, Max: 57, Diff: 57, Sum: 57, Workers: 2
[163.525s][debug][gc,phases   ] GC(50)       ObjectSynchronizer Weak   Min:  0.0, Avg:  0.0, Max:  0.0, Diff:  0.0, Sum:  0.0, Workers: 2
[163.525s][debug][gc,phases   ] GC(50)         Dead                      Min: 0, Avg:  0.0, Max: 0, Diff: 0, Sum: 0, Workers: 2
[163.525s][debug][gc,phases   ] GC(50)         Total                     Min: 0, Avg:  4.5, Max: 9, Diff: 9, Sum: 9, Workers: 2
[163.525s][debug][gc,phases   ] GC(50)       JVMTI Tag Weak OopStorage Min:  0.0, Avg:  0.0, Max:  0.0, Diff:  0.0, Sum:  0.0, Workers: 2
[163.525s][debug][gc,phases   ] GC(50)         Dead                      Min: 0, Avg:  0.0, Max: 0, Diff: 0, Sum: 0, Workers: 2
[163.525s][debug][gc,phases   ] GC(50)         Total                     Min: 0, Avg:  0.0, Max: 0, Diff: 0, Sum: 0, Workers: 2
[163.525s][debug][gc,phases   ] GC(50)       StringTable Weak          Min:  0.0, Avg:  0.0, Max:  0.0, Diff:  0.0, Sum:  0.0, Workers: 2
[163.525s][debug][gc,phases   ] GC(50)         Dead                      Min: 0, Avg:  0.0, Max: 0, Diff: 0, Sum: 0, Workers: 2
[163.525s][debug][gc,phases   ] GC(50)         Total                     Min: 0, Avg: 339.5, Max: 679, Diff: 679, Sum: 679, Workers: 2
[163.525s][debug][gc,phases   ] GC(50)       ResolvedMethodTable Weak  Min:  0.0, Avg:  0.0, Max:  0.0, Diff:  0.0, Sum:  0.0, Workers: 2
[163.525s][debug][gc,phases   ] GC(50)         Dead                      Min: 0, Avg:  0.0, Max: 0, Diff: 0, Sum: 0, Workers: 2
[163.525s][debug][gc,phases   ] GC(50)         Total                     Min: 0, Avg: 140.5, Max: 281, Diff: 281, Sum: 281, Workers: 2
[163.525s][debug][gc,phases   ] GC(50)       JNI Weak                  Min:  0.0, Avg:  0.0, Max:  0.0, Diff:  0.0, Sum:  0.0, Workers: 2
[163.525s][debug][gc,phases   ] GC(50)         Dead                      Min: 0, Avg:  0.0, Max: 0, Diff: 0, Sum: 0, Workers: 2
[163.525s][debug][gc,phases   ] GC(50)         Total                     Min: 0, Avg:  0.0, Max: 0, Diff: 0, Sum: 0, Workers: 2
[163.525s][debug][gc,phases   ] GC(50)       Weak JFR Old Object Samples Min:  0.0, Avg:  0.0, Max:  0.0, Diff:  0.0, Sum:  0.0, Workers: 2
[163.525s][debug][gc,phases   ] GC(50)         Dead                      Min: 0, Avg:  0.0, Max: 0, Diff: 0, Sum: 0, Workers: 2
[163.525s][debug][gc,phases   ] GC(50)         Total                     Min: 0, Avg:  0.0, Max: 0, Diff: 0, Sum: 0, Workers: 2
[163.525s][debug][gc,phases   ] GC(50)     Merge Per-Thread State: 0.0ms
[163.525s][debug][gc,phases   ] GC(50)       Copied Bytes              Min: 1926456, Avg: 2160252.3, Max: 2481976, Diff: 555520, Sum: 28083280, Workers: 13
[163.526s][debug][gc,phases   ] GC(50)       LAB Waste                 Min: 368, Avg: 929.2, Max: 1336, Diff: 968, Sum: 12080, Workers: 13
[163.526s][debug][gc,phases   ] GC(50)       LAB Undo Waste            Min: 0, Avg:  0.0, Max: 0, Diff: 0, Sum: 0, Workers: 13
[163.526s][debug][gc,phases   ] GC(50)     Code Roots Purge: 0.0ms
[163.526s][debug][gc,phases   ] GC(50)     Redirty Cards: 0.1ms
[163.526s][debug][gc,phases   ] GC(50)     DerivedPointerTable Update: 0.1ms
[163.526s][debug][gc,phases   ] GC(50)     Free Collection Set: 0.1ms
[163.526s][debug][gc,phases   ] GC(50)     Rebuild Free List: 0.1ms
[163.526s][debug][gc,phases   ] GC(50)     Humongous Reclaim: 0.0ms
[163.526s][debug][gc,phases   ] GC(50)     Start New Collection Set: 0.0ms
[163.526s][debug][gc,phases   ] GC(50)     Resize TLABs: 0.1ms
[163.526s][debug][gc,phases   ] GC(50)     Expand Heap After Collection: 0.0ms
[163.526s][info ][gc,phases   ] GC(50)   Other: 0.5ms
[163.526s][info ][gc,heap     ] GC(50) Eden regions: 89->0(89)
[163.526s][info ][gc,heap     ] GC(50) Survivor regions: 4->4(12)
[163.526s][info ][gc,heap     ] GC(50) Old regions: 9->10
[163.526s][info ][gc,heap     ] GC(50) Archive regions: 2->2
[163.526s][info ][gc,heap     ] GC(50) Humongous regions: 0->0
[163.526s][info ][gc,metaspace] GC(50) Metaspace: 1642K(1792K)->1642K(1792K) NonClass: 1523K(1600K)->1523K(1600K) Class: 118K(192K)->118K(192K)
[163.526s][info ][gc          ] GC(50) Pause Young (Normal) (G1 Evacuation Pause) 820M->109M(1248M) 7.491ms
[163.526s][info ][gc,cpu      ] GC(50) User=0.07s Sys=0.00s Real=0.01s
[166.942s][info ][gc,start    ] GC(51) Pause Young (Normal) (G1 Evacuation Pause)
[166.942s][info ][gc,task     ] GC(51) Using 13 workers of 13 for evacuation
[166.949s][info ][gc,phases   ] GC(51)   Pre Evacuate Collection Set: 0.3ms
[166.949s][debug][gc,phases   ] GC(51)     Prepare TLABs: 0.1ms
[166.949s][debug][gc,phases   ] GC(51)     Concatenate Dirty Card Logs: 0.1ms
[166.949s][debug][gc,phases   ] GC(51)     Choose Collection Set: 0.0ms
[166.949s][debug][gc,phases   ] GC(51)     Region Register: 0.1ms
[166.949s][debug][gc,phases   ] GC(51)     Prepare Heap Roots: 0.0ms
[166.949s][info ][gc,phases   ] GC(51)   Merge Heap Roots: 0.2ms
[166.949s][debug][gc,phases   ] GC(51)     Prepare Merge Heap Roots: 0.0ms
[166.949s][debug][gc,phases   ] GC(51)     Eager Reclaim (ms):       skipped
[166.949s][debug][gc,phases   ] GC(51)     Remembered Sets (ms):     Min:  0.0, Avg:  0.0, Max:  0.0, Diff:  0.0, Sum:  0.1, Workers: 13
[166.949s][debug][gc,phases   ] GC(51)       Merged Sparse:            Min: 0, Avg:  0.0, Max: 0, Diff: 0, Sum: 0, Workers: 13
[166.949s][debug][gc,phases   ] GC(51)       Merged Fine:              Min: 0, Avg:  0.0, Max: 0, Diff: 0, Sum: 0, Workers: 13
[166.949s][debug][gc,phases   ] GC(51)       Merged Coarse:            Min: 0, Avg:  0.0, Max: 0, Diff: 0, Sum: 0, Workers: 13
[166.949s][debug][gc,phases   ] GC(51)       Dirty Cards:              Min: 0, Avg:  0.0, Max: 0, Diff: 0, Sum: 0, Workers: 13
[166.949s][debug][gc,phases   ] GC(51)     Hot Card Cache (ms):      Min:  0.0, Avg:  0.0, Max:  0.0, Diff:  0.0, Sum:  0.0, Workers: 13
[166.949s][debug][gc,phases   ] GC(51)       Dirty Cards:              Min: 0, Avg:  0.0, Max: 0, Diff: 0, Sum: 0, Workers: 13
[166.949s][debug][gc,phases   ] GC(51)       Skipped Cards:            Min: 0, Avg:  0.0, Max: 0, Diff: 0, Sum: 0, Workers: 13
[166.949s][debug][gc,phases   ] GC(51)     Log Buffers (ms):         Min:  0.1, Avg:  0.1, Max:  0.2, Diff:  0.1, Sum:  1.9, Workers: 13
[166.949s][debug][gc,phases   ] GC(51)       Dirty Cards:              Min: 559, Avg: 1568.2, Max: 3809, Diff: 3250, Sum: 20386, Workers: 13
[166.949s][debug][gc,phases   ] GC(51)       Skipped Cards:            Min: 0, Avg:  0.0, Max: 0, Diff: 0, Sum: 0, Workers: 13
[166.949s][info ][gc,phases   ] GC(51)   Evacuate Collection Set: 6.0ms
[166.949s][debug][gc,phases   ] GC(51)     Ext Root Scanning (ms):   Min:  0.4, Avg:  0.5, Max:  0.7, Diff:  0.3, Sum:  6.5, Workers: 13
[166.949s][debug][gc,phases   ] GC(51)     Scan Heap Roots (ms):     Min:  1.5, Avg:  1.6, Max:  1.7, Diff:  0.2, Sum: 20.9, Workers: 13
[166.949s][debug][gc,phases   ] GC(51)       Scanned Cards:            Min: 1335, Avg: 1567.2, Max: 2143, Diff: 808, Sum: 20373, Workers: 13
[166.949s][debug][gc,phases   ] GC(51)       Scanned Blocks:           Min: 1020, Avg: 1267.3, Max: 1794, Diff: 774, Sum: 16475, Workers: 13
[166.949s][debug][gc,phases   ] GC(51)       Claimed Chunks:           Min: 9, Avg: 11.2, Max: 18, Diff: 9, Sum: 146, Workers: 13
[166.949s][debug][gc,phases   ] GC(51)     Code Root Scan (ms):      Min:  0.0, Avg:  0.0, Max:  0.0, Diff:  0.0, Sum:  0.0, Workers: 13
[166.949s][debug][gc,phases   ] GC(51)     Object Copy (ms):         Min:  3.4, Avg:  3.6, Max:  3.8, Diff:  0.4, Sum: 47.3, Workers: 13
[166.949s][debug][gc,phases   ] GC(51)     Termination (ms):         Min:  0.1, Avg:  0.1, Max:  0.1, Diff:  0.0, Sum:  1.6, Workers: 13
[166.949s][debug][gc,phases   ] GC(51)       Termination Attempts:     Min: 1, Avg:  1.0, Max: 1, Diff: 0, Sum: 13, Workers: 13
[166.949s][debug][gc,phases   ] GC(51)     GC Worker Other (ms):     Min:  0.0, Avg:  0.0, Max:  0.0, Diff:  0.0, Sum:  0.2, Workers: 13
[166.949s][debug][gc,phases   ] GC(51)     GC Worker Total (ms):     Min:  5.9, Avg:  5.9, Max:  5.9, Diff:  0.1, Sum: 76.5, Workers: 13
[166.949s][info ][gc,phases   ] GC(51)   Post Evacuate Collection Set: 0.3ms
[166.949s][debug][gc,phases   ] GC(51)     Code Roots Fixup: 0.0ms
[166.949s][debug][gc,phases   ] GC(51)     Clear Card Table: 0.1ms
[166.949s][debug][gc,phases   ] GC(51)     Reference Processing: 0.0ms
[166.949s][debug][gc,phases   ] GC(51)     Weak Processing: 0.0ms
[166.949s][debug][gc,phases   ] GC(51)       VM Weak                   Min:  0.0, Avg:  0.0, Max:  0.0, Diff:  0.0, Sum:  0.0, Workers: 2
[166.949s][debug][gc,phases   ] GC(51)         Dead                      Min: 0, Avg:  0.0, Max: 0, Diff: 0, Sum: 0, Workers: 2
[166.949s][debug][gc,phases   ] GC(51)         Total                     Min: 0, Avg: 28.5, Max: 57, Diff: 57, Sum: 57, Workers: 2
[166.949s][debug][gc,phases   ] GC(51)       ObjectSynchronizer Weak   Min:  0.0, Avg:  0.0, Max:  0.0, Diff:  0.0, Sum:  0.0, Workers: 2
[166.949s][debug][gc,phases   ] GC(51)         Dead                      Min: 0, Avg:  0.0, Max: 0, Diff: 0, Sum: 0, Workers: 2
[166.949s][debug][gc,phases   ] GC(51)         Total                     Min: 0, Avg:  4.5, Max: 9, Diff: 9, Sum: 9, Workers: 2
[166.949s][debug][gc,phases   ] GC(51)       JVMTI Tag Weak OopStorage Min:  0.0, Avg:  0.0, Max:  0.0, Diff:  0.0, Sum:  0.0, Workers: 2
[166.949s][debug][gc,phases   ] GC(51)         Dead                      Min: 0, Avg:  0.0, Max: 0, Diff: 0, Sum: 0, Workers: 2
[166.949s][debug][gc,phases   ] GC(51)         Total                     Min: 0, Avg:  0.0, Max: 0, Diff: 0, Sum: 0, Workers: 2
[166.949s][debug][gc,phases   ] GC(51)       StringTable Weak          Min:  0.0, Avg:  0.0, Max:  0.0, Diff:  0.0, Sum:  0.0, Workers: 2
[166.949s][debug][gc,phases   ] GC(51)         Dead                      Min: 0, Avg:  0.0, Max: 0, Diff: 0, Sum: 0, Workers: 2
[166.949s][debug][gc,phases   ] GC(51)         Total                     Min: 0, Avg: 339.5, Max: 679, Diff: 679, Sum: 679, Workers: 2
[166.949s][debug][gc,phases   ] GC(51)       ResolvedMethodTable Weak  Min:  0.0, Avg:  0.0, Max:  0.0, Diff:  0.0, Sum:  0.0, Workers: 2
[166.949s][debug][gc,phases   ] GC(51)         Dead                      Min: 0, Avg:  0.0, Max: 0, Diff: 0, Sum: 0, Workers: 2
[166.950s][debug][gc,phases   ] GC(51)         Total                     Min: 0, Avg: 140.5, Max: 281, Diff: 281, Sum: 281, Workers: 2
[166.950s][debug][gc,phases   ] GC(51)       JNI Weak                  Min:  0.0, Avg:  0.0, Max:  0.0, Diff:  0.0, Sum:  0.0, Workers: 2
[166.950s][debug][gc,phases   ] GC(51)         Dead                      Min: 0, Avg:  0.0, Max: 0, Diff: 0, Sum: 0, Workers: 2
[166.950s][debug][gc,phases   ] GC(51)         Total                     Min: 0, Avg:  0.0, Max: 0, Diff: 0, Sum: 0, Workers: 2
[166.950s][debug][gc,phases   ] GC(51)       Weak JFR Old Object Samples Min:  0.0, Avg:  0.0, Max:  0.0, Diff:  0.0, Sum:  0.0, Workers: 2
[166.950s][debug][gc,phases   ] GC(51)         Dead                      Min: 0, Avg:  0.0, Max: 0, Diff: 0, Sum: 0, Workers: 2
[166.950s][debug][gc,phases   ] GC(51)         Total                     Min: 0, Avg:  0.0, Max: 0, Diff: 0, Sum: 0, Workers: 2
[166.950s][debug][gc,phases   ] GC(51)     Merge Per-Thread State: 0.0ms
[166.950s][debug][gc,phases   ] GC(51)       Copied Bytes              Min: 2003168, Avg: 2166810.5, Max: 2299000, Diff: 295832, Sum: 28168536, Workers: 13
[166.950s][debug][gc,phases   ] GC(51)       LAB Waste                 Min: 456, Avg: 822.8, Max: 1264, Diff: 808, Sum: 10696, Workers: 13
[166.950s][debug][gc,phases   ] GC(51)       LAB Undo Waste            Min: 0, Avg:  0.0, Max: 0, Diff: 0, Sum: 0, Workers: 13
[166.950s][debug][gc,phases   ] GC(51)     Code Roots Purge: 0.0ms
[166.950s][debug][gc,phases   ] GC(51)     Redirty Cards: 0.1ms
[166.950s][debug][gc,phases   ] GC(51)     DerivedPointerTable Update: 0.1ms
[166.950s][debug][gc,phases   ] GC(51)     Free Collection Set: 0.1ms
[166.950s][debug][gc,phases   ] GC(51)     Rebuild Free List: 0.0ms
[166.950s][debug][gc,phases   ] GC(51)     Humongous Reclaim: 0.0ms
[166.950s][debug][gc,phases   ] GC(51)     Start New Collection Set: 0.0ms
[166.950s][debug][gc,phases   ] GC(51)     Resize TLABs: 0.1ms
[166.950s][debug][gc,phases   ] GC(51)     Expand Heap After Collection: 0.0ms
[166.950s][info ][gc,phases   ] GC(51)   Other: 0.5ms
[166.950s][info ][gc,heap     ] GC(51) Eden regions: 89->0(89)
[166.950s][info ][gc,heap     ] GC(51) Survivor regions: 4->4(12)
[166.950s][info ][gc,heap     ] GC(51) Old regions: 10->10
[166.950s][info ][gc,heap     ] GC(51) Archive regions: 2->2
[166.950s][info ][gc,heap     ] GC(51) Humongous regions: 0->0
[166.950s][info ][gc,metaspace] GC(51) Metaspace: 1645K(1792K)->1645K(1792K) NonClass: 1527K(1600K)->1527K(1600K) Class: 118K(192K)->118K(192K)
[166.950s][info ][gc          ] GC(51) Pause Young (Normal) (G1 Evacuation Pause) 821M->109M(1248M) 8.182ms
[166.950s][info ][gc,cpu      ] GC(51) User=0.08s Sys=0.00s Real=0.01s
[170.442s][info ][gc,start    ] GC(52) Pause Young (Normal) (G1 Evacuation Pause)
[170.442s][info ][gc,task     ] GC(52) Using 13 workers of 13 for evacuation
[170.448s][info ][gc,phases   ] GC(52)   Pre Evacuate Collection Set: 0.2ms
[170.448s][debug][gc,phases   ] GC(52)     Prepare TLABs: 0.1ms
[170.448s][debug][gc,phases   ] GC(52)     Concatenate Dirty Card Logs: 0.1ms
[170.448s][debug][gc,phases   ] GC(52)     Choose Collection Set: 0.0ms
[170.448s][debug][gc,phases   ] GC(52)     Region Register: 0.0ms
[170.448s][debug][gc,phases   ] GC(52)     Prepare Heap Roots: 0.0ms
[170.448s][info ][gc,phases   ] GC(52)   Merge Heap Roots: 0.1ms
[170.448s][debug][gc,phases   ] GC(52)     Prepare Merge Heap Roots: 0.0ms
[170.448s][debug][gc,phases   ] GC(52)     Eager Reclaim (ms):       skipped
[170.448s][debug][gc,phases   ] GC(52)     Remembered Sets (ms):     Min:  0.0, Avg:  0.0, Max:  0.0, Diff:  0.0, Sum:  0.1, Workers: 13
[170.448s][debug][gc,phases   ] GC(52)       Merged Sparse:            Min: 0, Avg:  0.0, Max: 0, Diff: 0, Sum: 0, Workers: 13
[170.448s][debug][gc,phases   ] GC(52)       Merged Fine:              Min: 0, Avg:  0.0, Max: 0, Diff: 0, Sum: 0, Workers: 13
[170.448s][debug][gc,phases   ] GC(52)       Merged Coarse:            Min: 0, Avg:  0.0, Max: 0, Diff: 0, Sum: 0, Workers: 13
[170.448s][debug][gc,phases   ] GC(52)       Dirty Cards:              Min: 0, Avg:  0.0, Max: 0, Diff: 0, Sum: 0, Workers: 13
[170.448s][debug][gc,phases   ] GC(52)     Hot Card Cache (ms):      Min:  0.0, Avg:  0.0, Max:  0.0, Diff:  0.0, Sum:  0.0, Workers: 13
[170.448s][debug][gc,phases   ] GC(52)       Dirty Cards:              Min: 0, Avg:  0.0, Max: 0, Diff: 0, Sum: 0, Workers: 13
[170.448s][debug][gc,phases   ] GC(52)       Skipped Cards:            Min: 0, Avg:  0.0, Max: 0, Diff: 0, Sum: 0, Workers: 13
[170.448s][debug][gc,phases   ] GC(52)     Log Buffers (ms):         Min:  0.1, Avg:  0.1, Max:  0.1, Diff:  0.0, Sum:  1.2, Workers: 13
[170.448s][debug][gc,phases   ] GC(52)       Dirty Cards:              Min: 573, Avg: 1536.2, Max: 2360, Diff: 1787, Sum: 19970, Workers: 13
[170.448s][debug][gc,phases   ] GC(52)       Skipped Cards:            Min: 0, Avg:  0.0, Max: 0, Diff: 0, Sum: 0, Workers: 13
[170.448s][info ][gc,phases   ] GC(52)   Evacuate Collection Set: 5.2ms
[170.448s][debug][gc,phases   ] GC(52)     Ext Root Scanning (ms):   Min:  0.3, Avg:  0.4, Max:  0.5, Diff:  0.2, Sum:  5.5, Workers: 13
[170.448s][debug][gc,phases   ] GC(52)     Scan Heap Roots (ms):     Min:  1.3, Avg:  1.4, Max:  1.5, Diff:  0.2, Sum: 18.5, Workers: 13
[170.448s][debug][gc,phases   ] GC(52)       Scanned Cards:            Min: 1217, Avg: 1536.0, Max: 2054, Diff: 837, Sum: 19968, Workers: 13
[170.448s][debug][gc,phases   ] GC(52)       Scanned Blocks:           Min: 975, Avg: 1249.6, Max: 1666, Diff: 691, Sum: 16245, Workers: 13
[170.448s][debug][gc,phases   ] GC(52)       Claimed Chunks:           Min: 8, Avg: 11.2, Max: 17, Diff: 9, Sum: 145, Workers: 13
[170.448s][debug][gc,phases   ] GC(52)     Code Root Scan (ms):      Min:  0.0, Avg:  0.0, Max:  0.0, Diff:  0.0, Sum:  0.0, Workers: 13
[170.449s][debug][gc,phases   ] GC(52)     Object Copy (ms):         Min:  3.0, Avg:  3.1, Max:  3.3, Diff:  0.3, Sum: 40.5, Workers: 13
[170.449s][debug][gc,phases   ] GC(52)     Termination (ms):         Min:  0.1, Avg:  0.1, Max:  0.2, Diff:  0.1, Sum:  1.9, Workers: 13
[170.449s][debug][gc,phases   ] GC(52)       Termination Attempts:     Min: 1, Avg:  1.0, Max: 1, Diff: 0, Sum: 13, Workers: 13
[170.449s][debug][gc,phases   ] GC(52)     GC Worker Other (ms):     Min:  0.0, Avg:  0.0, Max:  0.0, Diff:  0.0, Sum:  0.1, Workers: 13
[170.449s][debug][gc,phases   ] GC(52)     GC Worker Total (ms):     Min:  5.1, Avg:  5.1, Max:  5.2, Diff:  0.1, Sum: 66.5, Workers: 13
[170.449s][info ][gc,phases   ] GC(52)   Post Evacuate Collection Set: 0.3ms
[170.449s][debug][gc,phases   ] GC(52)     Code Roots Fixup: 0.0ms
[170.449s][debug][gc,phases   ] GC(52)     Clear Card Table: 0.1ms
[170.449s][debug][gc,phases   ] GC(52)     Reference Processing: 0.0ms
[170.449s][debug][gc,phases   ] GC(52)     Weak Processing: 0.0ms
[170.449s][debug][gc,phases   ] GC(52)       VM Weak                   Min:  0.0, Avg:  0.0, Max:  0.0, Diff:  0.0, Sum:  0.0, Workers: 2
[170.449s][debug][gc,phases   ] GC(52)         Dead                      Min: 0, Avg:  0.0, Max: 0, Diff: 0, Sum: 0, Workers: 2
[170.449s][debug][gc,phases   ] GC(52)         Total                     Min: 0, Avg: 28.5, Max: 57, Diff: 57, Sum: 57, Workers: 2
[170.449s][debug][gc,phases   ] GC(52)       ObjectSynchronizer Weak   Min:  0.0, Avg:  0.0, Max:  0.0, Diff:  0.0, Sum:  0.0, Workers: 2
[170.449s][debug][gc,phases   ] GC(52)         Dead                      Min: 0, Avg:  0.0, Max: 0, Diff: 0, Sum: 0, Workers: 2
[170.449s][debug][gc,phases   ] GC(52)         Total                     Min: 0, Avg:  4.5, Max: 9, Diff: 9, Sum: 9, Workers: 2
[170.449s][debug][gc,phases   ] GC(52)       JVMTI Tag Weak OopStorage Min:  0.0, Avg:  0.0, Max:  0.0, Diff:  0.0, Sum:  0.0, Workers: 2
[170.449s][debug][gc,phases   ] GC(52)         Dead                      Min: 0, Avg:  0.0, Max: 0, Diff: 0, Sum: 0, Workers: 2
[170.449s][debug][gc,phases   ] GC(52)         Total                     Min: 0, Avg:  0.0, Max: 0, Diff: 0, Sum: 0, Workers: 2
[170.449s][debug][gc,phases   ] GC(52)       StringTable Weak          Min:  0.0, Avg:  0.0, Max:  0.0, Diff:  0.0, Sum:  0.0, Workers: 2
[170.449s][debug][gc,phases   ] GC(52)         Dead                      Min: 0, Avg:  0.0, Max: 0, Diff: 0, Sum: 0, Workers: 2
[170.449s][debug][gc,phases   ] GC(52)         Total                     Min: 0, Avg: 339.5, Max: 679, Diff: 679, Sum: 679, Workers: 2
[170.449s][debug][gc,phases   ] GC(52)       ResolvedMethodTable Weak  Min:  0.0, Avg:  0.0, Max:  0.0, Diff:  0.0, Sum:  0.0, Workers: 2
[170.449s][debug][gc,phases   ] GC(52)         Dead                      Min: 0, Avg:  0.0, Max: 0, Diff: 0, Sum: 0, Workers: 2
[170.449s][debug][gc,phases   ] GC(52)         Total                     Min: 0, Avg: 140.5, Max: 281, Diff: 281, Sum: 281, Workers: 2
[170.449s][debug][gc,phases   ] GC(52)       JNI Weak                  Min:  0.0, Avg:  0.0, Max:  0.0, Diff:  0.0, Sum:  0.0, Workers: 2
[170.449s][debug][gc,phases   ] GC(52)         Dead                      Min: 0, Avg:  0.0, Max: 0, Diff: 0, Sum: 0, Workers: 2
[170.449s][debug][gc,phases   ] GC(52)         Total                     Min: 0, Avg:  0.0, Max: 0, Diff: 0, Sum: 0, Workers: 2
[170.449s][debug][gc,phases   ] GC(52)       Weak JFR Old Object Samples Min:  0.0, Avg:  0.0, Max:  0.0, Diff:  0.0, Sum:  0.0, Workers: 2
[170.449s][debug][gc,phases   ] GC(52)         Dead                      Min: 0, Avg:  0.0, Max: 0, Diff: 0, Sum: 0, Workers: 2
[170.449s][debug][gc,phases   ] GC(52)         Total                     Min: 0, Avg:  0.0, Max: 0, Diff: 0, Sum: 0, Workers: 2
[170.449s][debug][gc,phases   ] GC(52)     Merge Per-Thread State: 0.0ms
[170.449s][debug][gc,phases   ] GC(52)       Copied Bytes              Min: 1967416, Avg: 2143990.2, Max: 2322216, Diff: 354800, Sum: 27871872, Workers: 13
[170.449s][debug][gc,phases   ] GC(52)       LAB Waste                 Min: 272, Avg: 724.9, Max: 1192, Diff: 920, Sum: 9424, Workers: 13
[170.449s][debug][gc,phases   ] GC(52)       LAB Undo Waste            Min: 0, Avg:  0.0, Max: 0, Diff: 0, Sum: 0, Workers: 13
[170.449s][debug][gc,phases   ] GC(52)     Code Roots Purge: 0.0ms
[170.449s][debug][gc,phases   ] GC(52)     Redirty Cards: 0.1ms
[170.449s][debug][gc,phases   ] GC(52)     DerivedPointerTable Update: 0.1ms
[170.449s][debug][gc,phases   ] GC(52)     Free Collection Set: 0.1ms
[170.449s][debug][gc,phases   ] GC(52)     Rebuild Free List: 0.0ms
[170.449s][debug][gc,phases   ] GC(52)     Humongous Reclaim: 0.0ms
[170.449s][debug][gc,phases   ] GC(52)     Start New Collection Set: 0.0ms
[170.449s][debug][gc,phases   ] GC(52)     Resize TLABs: 0.1ms
[170.449s][debug][gc,phases   ] GC(52)     Expand Heap After Collection: 0.0ms
[170.449s][info ][gc,phases   ] GC(52)   Other: 0.5ms
[170.449s][info ][gc,heap     ] GC(52) Eden regions: 89->0(89)
[170.449s][info ][gc,heap     ] GC(52) Survivor regions: 4->4(12)
[170.449s][info ][gc,heap     ] GC(52) Old regions: 10->10
[170.449s][info ][gc,heap     ] GC(52) Archive regions: 2->2
[170.449s][info ][gc,heap     ] GC(52) Humongous regions: 0->0
[170.449s][info ][gc,metaspace] GC(52) Metaspace: 1645K(1792K)->1645K(1792K) NonClass: 1527K(1600K)->1527K(1600K) Class: 118K(192K)->118K(192K)
[170.449s][info ][gc          ] GC(52) Pause Young (Normal) (G1 Evacuation Pause) 821M->109M(1248M) 7.154ms
[170.449s][info ][gc,cpu      ] GC(52) User=0.06s Sys=0.00s Real=0.00s
[173.890s][info ][gc,start    ] GC(53) Pause Young (Normal) (G1 Evacuation Pause)
[173.890s][info ][gc,task     ] GC(53) Using 13 workers of 13 for evacuation
[173.897s][info ][gc,phases   ] GC(53)   Pre Evacuate Collection Set: 0.4ms
[173.897s][debug][gc,phases   ] GC(53)     Prepare TLABs: 0.2ms
[173.897s][debug][gc,phases   ] GC(53)     Concatenate Dirty Card Logs: 0.1ms
[173.897s][debug][gc,phases   ] GC(53)     Choose Collection Set: 0.0ms
[173.897s][debug][gc,phases   ] GC(53)     Region Register: 0.1ms
[173.897s][debug][gc,phases   ] GC(53)     Prepare Heap Roots: 0.0ms
[173.897s][info ][gc,phases   ] GC(53)   Merge Heap Roots: 0.2ms
[173.897s][debug][gc,phases   ] GC(53)     Prepare Merge Heap Roots: 0.0ms
[173.897s][debug][gc,phases   ] GC(53)     Eager Reclaim (ms):       skipped
[173.897s][debug][gc,phases   ] GC(53)     Remembered Sets (ms):     Min:  0.0, Avg:  0.0, Max:  0.0, Diff:  0.0, Sum:  0.1, Workers: 13
[173.897s][debug][gc,phases   ] GC(53)       Merged Sparse:            Min: 0, Avg:  0.0, Max: 0, Diff: 0, Sum: 0, Workers: 13
[173.897s][debug][gc,phases   ] GC(53)       Merged Fine:              Min: 0, Avg:  0.0, Max: 0, Diff: 0, Sum: 0, Workers: 13
[173.897s][debug][gc,phases   ] GC(53)       Merged Coarse:            Min: 0, Avg:  0.0, Max: 0, Diff: 0, Sum: 0, Workers: 13
[173.897s][debug][gc,phases   ] GC(53)       Dirty Cards:              Min: 0, Avg:  0.0, Max: 0, Diff: 0, Sum: 0, Workers: 13
[173.897s][debug][gc,phases   ] GC(53)     Hot Card Cache (ms):      Min:  0.0, Avg:  0.0, Max:  0.0, Diff:  0.0, Sum:  0.0, Workers: 13
[173.897s][debug][gc,phases   ] GC(53)       Dirty Cards:              Min: 0, Avg:  0.0, Max: 0, Diff: 0, Sum: 0, Workers: 13
[173.897s][debug][gc,phases   ] GC(53)       Skipped Cards:            Min: 0, Avg:  0.0, Max: 0, Diff: 0, Sum: 0, Workers: 13
[173.897s][debug][gc,phases   ] GC(53)     Log Buffers (ms):         Min:  0.1, Avg:  0.1, Max:  0.2, Diff:  0.1, Sum:  1.9, Workers: 13
[173.897s][debug][gc,phases   ] GC(53)       Dirty Cards:              Min: 94, Avg: 1630.6, Max: 3381, Diff: 3287, Sum: 21198, Workers: 13
[173.897s][debug][gc,phases   ] GC(53)       Skipped Cards:            Min: 0, Avg:  0.0, Max: 0, Diff: 0, Sum: 0, Workers: 13
[173.897s][info ][gc,phases   ] GC(53)   Evacuate Collection Set: 5.7ms
[173.897s][debug][gc,phases   ] GC(53)     Ext Root Scanning (ms):   Min:  0.3, Avg:  0.5, Max:  0.6, Diff:  0.2, Sum:  5.9, Workers: 13
[173.897s][debug][gc,phases   ] GC(53)     Scan Heap Roots (ms):     Min:  1.7, Avg:  1.8, Max:  1.9, Diff:  0.2, Sum: 23.3, Workers: 13
[173.897s][debug][gc,phases   ] GC(53)       Scanned Cards:            Min: 1463, Avg: 1630.6, Max: 2033, Diff: 570, Sum: 21198, Workers: 13
[173.897s][debug][gc,phases   ] GC(53)       Scanned Blocks:           Min: 1189, Avg: 1312.9, Max: 1548, Diff: 359, Sum: 17068, Workers: 13
[173.897s][debug][gc,phases   ] GC(53)       Claimed Chunks:           Min: 8, Avg: 11.2, Max: 16, Diff: 8, Sum: 145, Workers: 13
[173.897s][debug][gc,phases   ] GC(53)     Code Root Scan (ms):      Min:  0.0, Avg:  0.0, Max:  0.0, Diff:  0.0, Sum:  0.0, Workers: 13
[173.897s][debug][gc,phases   ] GC(53)     Object Copy (ms):         Min:  3.0, Avg:  3.2, Max:  3.3, Diff:  0.3, Sum: 41.3, Workers: 13
[173.897s][debug][gc,phases   ] GC(53)     Termination (ms):         Min:  0.1, Avg:  0.2, Max:  0.2, Diff:  0.1, Sum:  2.6, Workers: 13
[173.897s][debug][gc,phases   ] GC(53)       Termination Attempts:     Min: 1, Avg:  1.0, Max: 1, Diff: 0, Sum: 13, Workers: 13
[173.897s][debug][gc,phases   ] GC(53)     GC Worker Other (ms):     Min:  0.0, Avg:  0.0, Max:  0.0, Diff:  0.0, Sum:  0.2, Workers: 13
[173.897s][debug][gc,phases   ] GC(53)     GC Worker Total (ms):     Min:  5.6, Avg:  5.6, Max:  5.7, Diff:  0.1, Sum: 73.2, Workers: 13
[173.897s][info ][gc,phases   ] GC(53)   Post Evacuate Collection Set: 0.3ms
[173.897s][debug][gc,phases   ] GC(53)     Code Roots Fixup: 0.0ms
[173.897s][debug][gc,phases   ] GC(53)     Clear Card Table: 0.1ms
[173.897s][debug][gc,phases   ] GC(53)     Reference Processing: 0.0ms
[173.897s][debug][gc,phases   ] GC(53)     Weak Processing: 0.0ms
[173.897s][debug][gc,phases   ] GC(53)       VM Weak                   Min:  0.0, Avg:  0.0, Max:  0.0, Diff:  0.0, Sum:  0.0, Workers: 2
[173.897s][debug][gc,phases   ] GC(53)         Dead                      Min: 0, Avg:  0.0, Max: 0, Diff: 0, Sum: 0, Workers: 2
[173.897s][debug][gc,phases   ] GC(53)         Total                     Min: 0, Avg: 28.5, Max: 57, Diff: 57, Sum: 57, Workers: 2
[173.897s][debug][gc,phases   ] GC(53)       ObjectSynchronizer Weak   Min:  0.0, Avg:  0.0, Max:  0.0, Diff:  0.0, Sum:  0.0, Workers: 2
[173.897s][debug][gc,phases   ] GC(53)         Dead                      Min: 0, Avg:  0.0, Max: 0, Diff: 0, Sum: 0, Workers: 2
[173.897s][debug][gc,phases   ] GC(53)         Total                     Min: 0, Avg:  4.5, Max: 9, Diff: 9, Sum: 9, Workers: 2
[173.897s][debug][gc,phases   ] GC(53)       JVMTI Tag Weak OopStorage Min:  0.0, Avg:  0.0, Max:  0.0, Diff:  0.0, Sum:  0.0, Workers: 2
[173.897s][debug][gc,phases   ] GC(53)         Dead                      Min: 0, Avg:  0.0, Max: 0, Diff: 0, Sum: 0, Workers: 2
[173.897s][debug][gc,phases   ] GC(53)         Total                     Min: 0, Avg:  0.0, Max: 0, Diff: 0, Sum: 0, Workers: 2
[173.898s][debug][gc,phases   ] GC(53)       StringTable Weak          Min:  0.0, Avg:  0.0, Max:  0.0, Diff:  0.0, Sum:  0.0, Workers: 2
[173.898s][debug][gc,phases   ] GC(53)         Dead                      Min: 0, Avg:  0.0, Max: 0, Diff: 0, Sum: 0, Workers: 2
[173.898s][debug][gc,phases   ] GC(53)         Total                     Min: 0, Avg: 339.5, Max: 679, Diff: 679, Sum: 679, Workers: 2
[173.898s][debug][gc,phases   ] GC(53)       ResolvedMethodTable Weak  Min:  0.0, Avg:  0.0, Max:  0.0, Diff:  0.0, Sum:  0.0, Workers: 2
[173.898s][debug][gc,phases   ] GC(53)         Dead                      Min: 0, Avg:  0.0, Max: 0, Diff: 0, Sum: 0, Workers: 2
[173.898s][debug][gc,phases   ] GC(53)         Total                     Min: 0, Avg: 140.5, Max: 281, Diff: 281, Sum: 281, Workers: 2
[173.898s][debug][gc,phases   ] GC(53)       JNI Weak                  Min:  0.0, Avg:  0.0, Max:  0.0, Diff:  0.0, Sum:  0.0, Workers: 2
[173.898s][debug][gc,phases   ] GC(53)         Dead                      Min: 0, Avg:  0.0, Max: 0, Diff: 0, Sum: 0, Workers: 2
[173.898s][debug][gc,phases   ] GC(53)         Total                     Min: 0, Avg:  0.0, Max: 0, Diff: 0, Sum: 0, Workers: 2
[173.898s][debug][gc,phases   ] GC(53)       Weak JFR Old Object Samples Min:  0.0, Avg:  0.0, Max:  0.0, Diff:  0.0, Sum:  0.0, Workers: 2
[173.898s][debug][gc,phases   ] GC(53)         Dead                      Min: 0, Avg:  0.0, Max: 0, Diff: 0, Sum: 0, Workers: 2
[173.898s][debug][gc,phases   ] GC(53)         Total                     Min: 0, Avg:  0.0, Max: 0, Diff: 0, Sum: 0, Workers: 2
[173.898s][debug][gc,phases   ] GC(53)     Merge Per-Thread State: 0.0ms
[173.898s][debug][gc,phases   ] GC(53)       Copied Bytes              Min: 1950976, Avg: 2144870.8, Max: 2919448, Diff: 968472, Sum: 27883320, Workers: 13
[173.898s][debug][gc,phases   ] GC(53)       LAB Waste                 Min: 416, Avg: 865.8, Max: 1440, Diff: 1024, Sum: 11256, Workers: 13
[173.898s][debug][gc,phases   ] GC(53)       LAB Undo Waste            Min: 0, Avg:  0.0, Max: 0, Diff: 0, Sum: 0, Workers: 13
[173.898s][debug][gc,phases   ] GC(53)     Code Roots Purge: 0.0ms
[173.898s][debug][gc,phases   ] GC(53)     Redirty Cards: 0.1ms
[173.898s][debug][gc,phases   ] GC(53)     DerivedPointerTable Update: 0.1ms
[173.898s][debug][gc,phases   ] GC(53)     Free Collection Set: 0.1ms
[173.898s][debug][gc,phases   ] GC(53)     Rebuild Free List: 0.0ms
[173.898s][debug][gc,phases   ] GC(53)     Humongous Reclaim: 0.0ms
[173.898s][debug][gc,phases   ] GC(53)     Start New Collection Set: 0.0ms
[173.898s][debug][gc,phases   ] GC(53)     Resize TLABs: 0.1ms
[173.898s][debug][gc,phases   ] GC(53)     Expand Heap After Collection: 0.0ms
[173.898s][info ][gc,phases   ] GC(53)   Other: 0.6ms
[173.898s][info ][gc,heap     ] GC(53) Eden regions: 89->0(89)
[173.898s][info ][gc,heap     ] GC(53) Survivor regions: 4->4(12)
[173.898s][info ][gc,heap     ] GC(53) Old regions: 10->10
[173.898s][info ][gc,heap     ] GC(53) Archive regions: 2->2
[173.898s][info ][gc,heap     ] GC(53) Humongous regions: 0->0
[173.898s][info ][gc,metaspace] GC(53) Metaspace: 1645K(1792K)->1645K(1792K) NonClass: 1527K(1600K)->1527K(1600K) Class: 118K(192K)->118K(192K)
[173.898s][info ][gc          ] GC(53) Pause Young (Normal) (G1 Evacuation Pause) 821M->108M(1248M) 7.779ms
[173.898s][info ][gc,cpu      ] GC(53) User=0.08s Sys=0.00s Real=0.00s
[177.342s][info ][gc,start    ] GC(54) Pause Young (Normal) (G1 Evacuation Pause)
[177.342s][info ][gc,task     ] GC(54) Using 13 workers of 13 for evacuation
[177.348s][info ][gc,phases   ] GC(54)   Pre Evacuate Collection Set: 0.4ms
[177.348s][debug][gc,phases   ] GC(54)     Prepare TLABs: 0.2ms
[177.348s][debug][gc,phases   ] GC(54)     Concatenate Dirty Card Logs: 0.1ms
[177.348s][debug][gc,phases   ] GC(54)     Choose Collection Set: 0.0ms
[177.348s][debug][gc,phases   ] GC(54)     Region Register: 0.1ms
[177.348s][debug][gc,phases   ] GC(54)     Prepare Heap Roots: 0.0ms
[177.348s][info ][gc,phases   ] GC(54)   Merge Heap Roots: 0.2ms
[177.348s][debug][gc,phases   ] GC(54)     Prepare Merge Heap Roots: 0.0ms
[177.348s][debug][gc,phases   ] GC(54)     Eager Reclaim (ms):       skipped
[177.348s][debug][gc,phases   ] GC(54)     Remembered Sets (ms):     Min:  0.0, Avg:  0.0, Max:  0.0, Diff:  0.0, Sum:  0.1, Workers: 13
[177.348s][debug][gc,phases   ] GC(54)       Merged Sparse:            Min: 0, Avg:  0.0, Max: 0, Diff: 0, Sum: 0, Workers: 13
[177.348s][debug][gc,phases   ] GC(54)       Merged Fine:              Min: 0, Avg:  0.0, Max: 0, Diff: 0, Sum: 0, Workers: 13
[177.348s][debug][gc,phases   ] GC(54)       Merged Coarse:            Min: 0, Avg:  0.0, Max: 0, Diff: 0, Sum: 0, Workers: 13
[177.348s][debug][gc,phases   ] GC(54)       Dirty Cards:              Min: 0, Avg:  0.0, Max: 0, Diff: 0, Sum: 0, Workers: 13
[177.348s][debug][gc,phases   ] GC(54)     Hot Card Cache (ms):      Min:  0.0, Avg:  0.0, Max:  0.0, Diff:  0.0, Sum:  0.0, Workers: 13
[177.349s][debug][gc,phases   ] GC(54)       Dirty Cards:              Min: 0, Avg:  0.0, Max: 0, Diff: 0, Sum: 0, Workers: 13
[177.349s][debug][gc,phases   ] GC(54)       Skipped Cards:            Min: 0, Avg:  0.0, Max: 0, Diff: 0, Sum: 0, Workers: 13
[177.349s][debug][gc,phases   ] GC(54)     Log Buffers (ms):         Min:  0.1, Avg:  0.2, Max:  0.2, Diff:  0.1, Sum:  2.0, Workers: 13
[177.349s][debug][gc,phases   ] GC(54)       Dirty Cards:              Min: 706, Avg: 1501.5, Max: 2577, Diff: 1871, Sum: 19519, Workers: 13
[177.349s][debug][gc,phases   ] GC(54)       Skipped Cards:            Min: 0, Avg:  0.0, Max: 0, Diff: 0, Sum: 0, Workers: 13
[177.349s][info ][gc,phases   ] GC(54)   Evacuate Collection Set: 5.5ms
[177.349s][debug][gc,phases   ] GC(54)     Ext Root Scanning (ms):   Min:  0.4, Avg:  0.5, Max:  0.6, Diff:  0.2, Sum:  6.0, Workers: 13
[177.349s][debug][gc,phases   ] GC(54)     Scan Heap Roots (ms):     Min:  1.4, Avg:  1.6, Max:  1.8, Diff:  0.4, Sum: 21.2, Workers: 13
[177.349s][debug][gc,phases   ] GC(54)       Scanned Cards:            Min: 1166, Avg: 1501.1, Max: 2048, Diff: 882, Sum: 19514, Workers: 13
[177.349s][debug][gc,phases   ] GC(54)       Scanned Blocks:           Min: 981, Avg: 1224.1, Max: 1716, Diff: 735, Sum: 15913, Workers: 13
[177.349s][debug][gc,phases   ] GC(54)       Claimed Chunks:           Min: 8, Avg: 11.2, Max: 20, Diff: 12, Sum: 145, Workers: 13
[177.349s][debug][gc,phases   ] GC(54)     Code Root Scan (ms):      Min:  0.0, Avg:  0.0, Max:  0.0, Diff:  0.0, Sum:  0.0, Workers: 13
[177.349s][debug][gc,phases   ] GC(54)     Object Copy (ms):         Min:  3.0, Avg:  3.2, Max:  3.5, Diff:  0.4, Sum: 41.2, Workers: 13
[177.349s][debug][gc,phases   ] GC(54)     Termination (ms):         Min:  0.1, Avg:  0.1, Max:  0.2, Diff:  0.0, Sum:  1.7, Workers: 13
[177.349s][debug][gc,phases   ] GC(54)       Termination Attempts:     Min: 1, Avg:  1.0, Max: 1, Diff: 0, Sum: 13, Workers: 13
[177.349s][debug][gc,phases   ] GC(54)     GC Worker Other (ms):     Min:  0.0, Avg:  0.0, Max:  0.0, Diff:  0.0, Sum:  0.2, Workers: 13
[177.349s][debug][gc,phases   ] GC(54)     GC Worker Total (ms):     Min:  5.4, Avg:  5.4, Max:  5.5, Diff:  0.1, Sum: 70.4, Workers: 13
[177.349s][info ][gc,phases   ] GC(54)   Post Evacuate Collection Set: 0.3ms
[177.349s][debug][gc,phases   ] GC(54)     Code Roots Fixup: 0.0ms
[177.349s][debug][gc,phases   ] GC(54)     Clear Card Table: 0.1ms
[177.349s][debug][gc,phases   ] GC(54)     Reference Processing: 0.0ms
[177.349s][debug][gc,phases   ] GC(54)     Weak Processing: 0.0ms
[177.349s][debug][gc,phases   ] GC(54)       VM Weak                   Min:  0.0, Avg:  0.0, Max:  0.0, Diff:  0.0, Sum:  0.0, Workers: 2
[177.349s][debug][gc,phases   ] GC(54)         Dead                      Min: 0, Avg:  0.0, Max: 0, Diff: 0, Sum: 0, Workers: 2
[177.349s][debug][gc,phases   ] GC(54)         Total                     Min: 0, Avg: 28.5, Max: 57, Diff: 57, Sum: 57, Workers: 2
[177.349s][debug][gc,phases   ] GC(54)       ObjectSynchronizer Weak   Min:  0.0, Avg:  0.0, Max:  0.0, Diff:  0.0, Sum:  0.0, Workers: 2
[177.349s][debug][gc,phases   ] GC(54)         Dead                      Min: 0, Avg:  0.0, Max: 0, Diff: 0, Sum: 0, Workers: 2
[177.349s][debug][gc,phases   ] GC(54)         Total                     Min: 0, Avg:  4.5, Max: 9, Diff: 9, Sum: 9, Workers: 2
[177.349s][debug][gc,phases   ] GC(54)       JVMTI Tag Weak OopStorage Min:  0.0, Avg:  0.0, Max:  0.0, Diff:  0.0, Sum:  0.0, Workers: 2
[177.349s][debug][gc,phases   ] GC(54)         Dead                      Min: 0, Avg:  0.0, Max: 0, Diff: 0, Sum: 0, Workers: 2
[177.349s][debug][gc,phases   ] GC(54)         Total                     Min: 0, Avg:  0.0, Max: 0, Diff: 0, Sum: 0, Workers: 2
[177.349s][debug][gc,phases   ] GC(54)       StringTable Weak          Min:  0.0, Avg:  0.0, Max:  0.0, Diff:  0.0, Sum:  0.0, Workers: 2
[177.349s][debug][gc,phases   ] GC(54)         Dead                      Min: 0, Avg:  0.0, Max: 0, Diff: 0, Sum: 0, Workers: 2
[177.349s][debug][gc,phases   ] GC(54)         Total                     Min: 0, Avg: 339.5, Max: 679, Diff: 679, Sum: 679, Workers: 2
[177.349s][debug][gc,phases   ] GC(54)       ResolvedMethodTable Weak  Min:  0.0, Avg:  0.0, Max:  0.0, Diff:  0.0, Sum:  0.0, Workers: 2
[177.349s][debug][gc,phases   ] GC(54)         Dead                      Min: 0, Avg:  0.0, Max: 0, Diff: 0, Sum: 0, Workers: 2
[177.349s][debug][gc,phases   ] GC(54)         Total                     Min: 0, Avg: 140.5, Max: 281, Diff: 281, Sum: 281, Workers: 2
[177.349s][debug][gc,phases   ] GC(54)       JNI Weak                  Min:  0.0, Avg:  0.0, Max:  0.0, Diff:  0.0, Sum:  0.0, Workers: 2
[177.349s][debug][gc,phases   ] GC(54)         Dead                      Min: 0, Avg:  0.0, Max: 0, Diff: 0, Sum: 0, Workers: 2
[177.349s][debug][gc,phases   ] GC(54)         Total                     Min: 0, Avg:  0.0, Max: 0, Diff: 0, Sum: 0, Workers: 2
[177.349s][debug][gc,phases   ] GC(54)       Weak JFR Old Object Samples Min:  0.0, Avg:  0.0, Max:  0.0, Diff:  0.0, Sum:  0.0, Workers: 2
[177.349s][debug][gc,phases   ] GC(54)         Dead                      Min: 0, Avg:  0.0, Max: 0, Diff: 0, Sum: 0, Workers: 2
[177.349s][debug][gc,phases   ] GC(54)         Total                     Min: 0, Avg:  0.0, Max: 0, Diff: 0, Sum: 0, Workers: 2
[177.349s][debug][gc,phases   ] GC(54)     Merge Per-Thread State: 0.0ms
[177.349s][debug][gc,phases   ] GC(54)       Copied Bytes              Min: 1935808, Avg: 2123470.2, Max: 2684320, Diff: 748512, Sum: 27605112, Workers: 13
[177.349s][debug][gc,phases   ] GC(54)       LAB Waste                 Min: 448, Avg: 788.9, Max: 1032, Diff: 584, Sum: 10256, Workers: 13
[177.349s][debug][gc,phases   ] GC(54)       LAB Undo Waste            Min: 0, Avg:  0.0, Max: 0, Diff: 0, Sum: 0, Workers: 13
[177.349s][debug][gc,phases   ] GC(54)     Code Roots Purge: 0.0ms
[177.349s][debug][gc,phases   ] GC(54)     Redirty Cards: 0.1ms
[177.349s][debug][gc,phases   ] GC(54)     DerivedPointerTable Update: 0.1ms
[177.349s][debug][gc,phases   ] GC(54)     Free Collection Set: 0.1ms
[177.349s][debug][gc,phases   ] GC(54)     Rebuild Free List: 0.0ms
[177.349s][debug][gc,phases   ] GC(54)     Humongous Reclaim: 0.0ms
[177.349s][debug][gc,phases   ] GC(54)     Start New Collection Set: 0.0ms
[177.349s][debug][gc,phases   ] GC(54)     Resize TLABs: 0.1ms
[177.349s][debug][gc,phases   ] GC(54)     Expand Heap After Collection: 0.0ms
[177.349s][info ][gc,phases   ] GC(54)   Other: 0.6ms
[177.349s][info ][gc,heap     ] GC(54) Eden regions: 89->0(89)
[177.349s][info ][gc,heap     ] GC(54) Survivor regions: 4->4(12)
[177.349s][info ][gc,heap     ] GC(54) Old regions: 10->10
[177.349s][info ][gc,heap     ] GC(54) Archive regions: 2->2
[177.349s][info ][gc,heap     ] GC(54) Humongous regions: 0->0
[177.349s][info ][gc,metaspace] GC(54) Metaspace: 1645K(1792K)->1645K(1792K) NonClass: 1527K(1600K)->1527K(1600K) Class: 118K(192K)->118K(192K)
[177.349s][info ][gc          ] GC(54) Pause Young (Normal) (G1 Evacuation Pause) 820M->109M(1248M) 7.541ms
[177.349s][info ][gc,cpu      ] GC(54) User=0.08s Sys=0.01s Real=0.00s
[180.847s][info ][gc,start    ] GC(55) Pause Young (Normal) (G1 Evacuation Pause)
[180.847s][info ][gc,task     ] GC(55) Using 13 workers of 13 for evacuation
[180.852s][info ][gc,phases   ] GC(55)   Pre Evacuate Collection Set: 0.2ms
[180.852s][debug][gc,phases   ] GC(55)     Prepare TLABs: 0.1ms
[180.852s][debug][gc,phases   ] GC(55)     Concatenate Dirty Card Logs: 0.1ms
[180.852s][debug][gc,phases   ] GC(55)     Choose Collection Set: 0.0ms
[180.852s][debug][gc,phases   ] GC(55)     Region Register: 0.0ms
[180.852s][debug][gc,phases   ] GC(55)     Prepare Heap Roots: 0.0ms
[180.852s][info ][gc,phases   ] GC(55)   Merge Heap Roots: 0.1ms
[180.852s][debug][gc,phases   ] GC(55)     Prepare Merge Heap Roots: 0.0ms
[180.852s][debug][gc,phases   ] GC(55)     Eager Reclaim (ms):       skipped
[180.852s][debug][gc,phases   ] GC(55)     Remembered Sets (ms):     Min:  0.0, Avg:  0.0, Max:  0.0, Diff:  0.0, Sum:  0.2, Workers: 13
[180.852s][debug][gc,phases   ] GC(55)       Merged Sparse:            Min: 0, Avg:  0.0, Max: 0, Diff: 0, Sum: 0, Workers: 13
[180.852s][debug][gc,phases   ] GC(55)       Merged Fine:              Min: 0, Avg:  0.0, Max: 0, Diff: 0, Sum: 0, Workers: 13
[180.852s][debug][gc,phases   ] GC(55)       Merged Coarse:            Min: 0, Avg:  0.0, Max: 0, Diff: 0, Sum: 0, Workers: 13
[180.852s][debug][gc,phases   ] GC(55)       Dirty Cards:              Min: 0, Avg:  0.0, Max: 0, Diff: 0, Sum: 0, Workers: 13
[180.852s][debug][gc,phases   ] GC(55)     Hot Card Cache (ms):      Min:  0.0, Avg:  0.0, Max:  0.0, Diff:  0.0, Sum:  0.0, Workers: 13
[180.852s][debug][gc,phases   ] GC(55)       Dirty Cards:              Min: 0, Avg:  0.0, Max: 0, Diff: 0, Sum: 0, Workers: 13
[180.852s][debug][gc,phases   ] GC(55)       Skipped Cards:            Min: 0, Avg:  0.0, Max: 0, Diff: 0, Sum: 0, Workers: 13
[180.852s][debug][gc,phases   ] GC(55)     Log Buffers (ms):         Min:  0.1, Avg:  0.1, Max:  0.1, Diff:  0.0, Sum:  1.2, Workers: 13
[180.852s][debug][gc,phases   ] GC(55)       Dirty Cards:              Min: 1019, Avg: 1484.2, Max: 1927, Diff: 908, Sum: 19294, Workers: 13
[180.852s][debug][gc,phases   ] GC(55)       Skipped Cards:            Min: 0, Avg:  0.0, Max: 0, Diff: 0, Sum: 0, Workers: 13
[180.852s][info ][gc,phases   ] GC(55)   Evacuate Collection Set: 4.7ms
[180.852s][debug][gc,phases   ] GC(55)     Ext Root Scanning (ms):   Min:  0.3, Avg:  0.4, Max:  0.4, Diff:  0.1, Sum:  5.1, Workers: 13
[180.852s][debug][gc,phases   ] GC(55)     Scan Heap Roots (ms):     Min:  1.1, Avg:  1.2, Max:  1.3, Diff:  0.2, Sum: 15.7, Workers: 13
[180.852s][debug][gc,phases   ] GC(55)       Scanned Cards:            Min: 1226, Avg: 1484.0, Max: 1920, Diff: 694, Sum: 19292, Workers: 13
[180.852s][debug][gc,phases   ] GC(55)       Scanned Blocks:           Min: 953, Avg: 1210.3, Max: 1651, Diff: 698, Sum: 15734, Workers: 13
[180.852s][debug][gc,phases   ] GC(55)       Claimed Chunks:           Min: 8, Avg: 11.2, Max: 17, Diff: 9, Sum: 145, Workers: 13
[180.852s][debug][gc,phases   ] GC(55)     Code Root Scan (ms):      Min:  0.0, Avg:  0.0, Max:  0.0, Diff:  0.0, Sum:  0.0, Workers: 13
[180.852s][debug][gc,phases   ] GC(55)     Object Copy (ms):         Min:  2.8, Avg:  2.9, Max:  3.0, Diff:  0.2, Sum: 37.4, Workers: 13
[180.852s][debug][gc,phases   ] GC(55)     Termination (ms):         Min:  0.1, Avg:  0.1, Max:  0.1, Diff:  0.0, Sum:  1.7, Workers: 13
[180.852s][debug][gc,phases   ] GC(55)       Termination Attempts:     Min: 1, Avg:  1.1, Max: 2, Diff: 1, Sum: 14, Workers: 13
[180.852s][debug][gc,phases   ] GC(55)     GC Worker Other (ms):     Min:  0.0, Avg:  0.0, Max:  0.0, Diff:  0.0, Sum:  0.1, Workers: 13
[180.852s][debug][gc,phases   ] GC(55)     GC Worker Total (ms):     Min:  4.6, Avg:  4.6, Max:  4.6, Diff:  0.0, Sum: 60.1, Workers: 13
[180.852s][info ][gc,phases   ] GC(55)   Post Evacuate Collection Set: 0.3ms
[180.852s][debug][gc,phases   ] GC(55)     Code Roots Fixup: 0.0ms
[180.852s][debug][gc,phases   ] GC(55)     Clear Card Table: 0.1ms
[180.852s][debug][gc,phases   ] GC(55)     Reference Processing: 0.0ms
[180.852s][debug][gc,phases   ] GC(55)     Weak Processing: 0.0ms
[180.852s][debug][gc,phases   ] GC(55)       VM Weak                   Min:  0.0, Avg:  0.0, Max:  0.0, Diff:  0.0, Sum:  0.0, Workers: 2
[180.852s][debug][gc,phases   ] GC(55)         Dead                      Min: 0, Avg:  0.0, Max: 0, Diff: 0, Sum: 0, Workers: 2
[180.852s][debug][gc,phases   ] GC(55)         Total                     Min: 0, Avg: 28.5, Max: 57, Diff: 57, Sum: 57, Workers: 2
[180.852s][debug][gc,phases   ] GC(55)       ObjectSynchronizer Weak   Min:  0.0, Avg:  0.0, Max:  0.0, Diff:  0.0, Sum:  0.0, Workers: 2
[180.852s][debug][gc,phases   ] GC(55)         Dead                      Min: 0, Avg:  0.0, Max: 0, Diff: 0, Sum: 0, Workers: 2
[180.852s][debug][gc,phases   ] GC(55)         Total                     Min: 0, Avg:  4.5, Max: 9, Diff: 9, Sum: 9, Workers: 2
[180.852s][debug][gc,phases   ] GC(55)       JVMTI Tag Weak OopStorage Min:  0.0, Avg:  0.0, Max:  0.0, Diff:  0.0, Sum:  0.0, Workers: 2
[180.852s][debug][gc,phases   ] GC(55)         Dead                      Min: 0, Avg:  0.0, Max: 0, Diff: 0, Sum: 0, Workers: 2
[180.852s][debug][gc,phases   ] GC(55)         Total                     Min: 0, Avg:  0.0, Max: 0, Diff: 0, Sum: 0, Workers: 2
[180.853s][debug][gc,phases   ] GC(55)       StringTable Weak          Min:  0.0, Avg:  0.0, Max:  0.0, Diff:  0.0, Sum:  0.0, Workers: 2
[180.853s][debug][gc,phases   ] GC(55)         Dead                      Min: 0, Avg:  0.0, Max: 0, Diff: 0, Sum: 0, Workers: 2
[180.853s][debug][gc,phases   ] GC(55)         Total                     Min: 0, Avg: 339.5, Max: 679, Diff: 679, Sum: 679, Workers: 2
[180.853s][debug][gc,phases   ] GC(55)       ResolvedMethodTable Weak  Min:  0.0, Avg:  0.0, Max:  0.0, Diff:  0.0, Sum:  0.0, Workers: 2
[180.853s][debug][gc,phases   ] GC(55)         Dead                      Min: 0, Avg:  0.0, Max: 0, Diff: 0, Sum: 0, Workers: 2
[180.853s][debug][gc,phases   ] GC(55)         Total                     Min: 0, Avg: 140.5, Max: 281, Diff: 281, Sum: 281, Workers: 2
[180.853s][debug][gc,phases   ] GC(55)       JNI Weak                  Min:  0.0, Avg:  0.0, Max:  0.0, Diff:  0.0, Sum:  0.0, Workers: 2
[180.853s][debug][gc,phases   ] GC(55)         Dead                      Min: 0, Avg:  0.0, Max: 0, Diff: 0, Sum: 0, Workers: 2
[180.853s][debug][gc,phases   ] GC(55)         Total                     Min: 0, Avg:  0.0, Max: 0, Diff: 0, Sum: 0, Workers: 2
[180.853s][debug][gc,phases   ] GC(55)       Weak JFR Old Object Samples Min:  0.0, Avg:  0.0, Max:  0.0, Diff:  0.0, Sum:  0.0, Workers: 2
[180.853s][debug][gc,phases   ] GC(55)         Dead                      Min: 0, Avg:  0.0, Max: 0, Diff: 0, Sum: 0, Workers: 2
[180.853s][debug][gc,phases   ] GC(55)         Total                     Min: 0, Avg:  0.0, Max: 0, Diff: 0, Sum: 0, Workers: 2
[180.853s][debug][gc,phases   ] GC(55)     Merge Per-Thread State: 0.0ms
[180.853s][debug][gc,phases   ] GC(55)       Copied Bytes              Min: 1867632, Avg: 2127998.2, Max: 2681104, Diff: 813472, Sum: 27663976, Workers: 13
[180.853s][debug][gc,phases   ] GC(55)       LAB Waste                 Min: 280, Avg: 840.6, Max: 1416, Diff: 1136, Sum: 10928, Workers: 13
[180.853s][debug][gc,phases   ] GC(55)       LAB Undo Waste            Min: 0, Avg:  0.0, Max: 0, Diff: 0, Sum: 0, Workers: 13
[180.853s][debug][gc,phases   ] GC(55)     Code Roots Purge: 0.0ms
[180.853s][debug][gc,phases   ] GC(55)     Redirty Cards: 0.0ms
[180.853s][debug][gc,phases   ] GC(55)     DerivedPointerTable Update: 0.1ms
[180.853s][debug][gc,phases   ] GC(55)     Free Collection Set: 0.1ms
[180.853s][debug][gc,phases   ] GC(55)     Rebuild Free List: 0.0ms
[180.853s][debug][gc,phases   ] GC(55)     Humongous Reclaim: 0.0ms
[180.853s][debug][gc,phases   ] GC(55)     Start New Collection Set: 0.0ms
[180.853s][debug][gc,phases   ] GC(55)     Resize TLABs: 0.1ms
[180.853s][debug][gc,phases   ] GC(55)     Expand Heap After Collection: 0.0ms
[180.853s][info ][gc,phases   ] GC(55)   Other: 0.4ms
[180.853s][info ][gc,heap     ] GC(55) Eden regions: 89->0(89)
[180.853s][info ][gc,heap     ] GC(55) Survivor regions: 4->4(12)
[180.853s][info ][gc,heap     ] GC(55) Old regions: 10->10
[180.853s][info ][gc,heap     ] GC(55) Archive regions: 2->2
[180.853s][info ][gc,heap     ] GC(55) Humongous regions: 0->0
[180.853s][info ][gc,metaspace] GC(55) Metaspace: 1645K(1792K)->1645K(1792K) NonClass: 1527K(1600K)->1527K(1600K) Class: 118K(192K)->118K(192K)
[180.853s][info ][gc          ] GC(55) Pause Young (Normal) (G1 Evacuation Pause) 821M->108M(1248M) 6.167ms
[180.853s][info ][gc,cpu      ] GC(55) User=0.06s Sys=0.00s Real=0.01s
[184.326s][info ][gc,start    ] GC(56) Pause Young (Normal) (G1 Evacuation Pause)
[184.326s][info ][gc,task     ] GC(56) Using 13 workers of 13 for evacuation
[184.332s][info ][gc,phases   ] GC(56)   Pre Evacuate Collection Set: 0.3ms
[184.333s][debug][gc,phases   ] GC(56)     Prepare TLABs: 0.1ms
[184.333s][debug][gc,phases   ] GC(56)     Concatenate Dirty Card Logs: 0.1ms
[184.333s][debug][gc,phases   ] GC(56)     Choose Collection Set: 0.0ms
[184.333s][debug][gc,phases   ] GC(56)     Region Register: 0.1ms
[184.333s][debug][gc,phases   ] GC(56)     Prepare Heap Roots: 0.0ms
[184.333s][info ][gc,phases   ] GC(56)   Merge Heap Roots: 0.2ms
[184.333s][debug][gc,phases   ] GC(56)     Prepare Merge Heap Roots: 0.0ms
[184.333s][debug][gc,phases   ] GC(56)     Eager Reclaim (ms):       skipped
[184.333s][debug][gc,phases   ] GC(56)     Remembered Sets (ms):     Min:  0.0, Avg:  0.0, Max:  0.0, Diff:  0.0, Sum:  0.1, Workers: 13
[184.333s][debug][gc,phases   ] GC(56)       Merged Sparse:            Min: 0, Avg:  0.0, Max: 0, Diff: 0, Sum: 0, Workers: 13
[184.333s][debug][gc,phases   ] GC(56)       Merged Fine:              Min: 0, Avg:  0.0, Max: 0, Diff: 0, Sum: 0, Workers: 13
[184.333s][debug][gc,phases   ] GC(56)       Merged Coarse:            Min: 0, Avg:  0.0, Max: 0, Diff: 0, Sum: 0, Workers: 13
[184.333s][debug][gc,phases   ] GC(56)       Dirty Cards:              Min: 0, Avg:  0.0, Max: 0, Diff: 0, Sum: 0, Workers: 13
[184.333s][debug][gc,phases   ] GC(56)     Hot Card Cache (ms):      Min:  0.0, Avg:  0.0, Max:  0.0, Diff:  0.0, Sum:  0.0, Workers: 13
[184.333s][debug][gc,phases   ] GC(56)       Dirty Cards:              Min: 0, Avg:  0.0, Max: 0, Diff: 0, Sum: 0, Workers: 13
[184.333s][debug][gc,phases   ] GC(56)       Skipped Cards:            Min: 0, Avg:  0.0, Max: 0, Diff: 0, Sum: 0, Workers: 13
[184.333s][debug][gc,phases   ] GC(56)     Log Buffers (ms):         Min:  0.1, Avg:  0.1, Max:  0.1, Diff:  0.1, Sum:  1.5, Workers: 13
[184.333s][debug][gc,phases   ] GC(56)       Dirty Cards:              Min: 1046, Avg: 1470.6, Max: 2486, Diff: 1440, Sum: 19118, Workers: 13
[184.333s][debug][gc,phases   ] GC(56)       Skipped Cards:            Min: 0, Avg:  0.0, Max: 0, Diff: 0, Sum: 0, Workers: 13
[184.333s][info ][gc,phases   ] GC(56)   Evacuate Collection Set: 5.2ms
[184.333s][debug][gc,phases   ] GC(56)     Ext Root Scanning (ms):   Min:  0.3, Avg:  0.4, Max:  0.5, Diff:  0.2, Sum:  5.5, Workers: 13
[184.333s][debug][gc,phases   ] GC(56)     Scan Heap Roots (ms):     Min:  1.3, Avg:  1.5, Max:  1.6, Diff:  0.3, Sum: 19.0, Workers: 13
[184.333s][debug][gc,phases   ] GC(56)       Scanned Cards:            Min: 1242, Avg: 1470.0, Max: 2165, Diff: 923, Sum: 19110, Workers: 13
[184.333s][debug][gc,phases   ] GC(56)       Scanned Blocks:           Min: 1045, Avg: 1203.2, Max: 1525, Diff: 480, Sum: 15641, Workers: 13
[184.333s][debug][gc,phases   ] GC(56)       Claimed Chunks:           Min: 8, Avg: 11.2, Max: 21, Diff: 13, Sum: 145, Workers: 13
[184.333s][debug][gc,phases   ] GC(56)     Code Root Scan (ms):      Min:  0.0, Avg:  0.0, Max:  0.0, Diff:  0.0, Sum:  0.0, Workers: 13
[184.333s][debug][gc,phases   ] GC(56)     Object Copy (ms):         Min:  2.9, Avg:  3.1, Max:  3.4, Diff:  0.5, Sum: 40.5, Workers: 13
[184.333s][debug][gc,phases   ] GC(56)     Termination (ms):         Min:  0.1, Avg:  0.1, Max:  0.1, Diff:  0.1, Sum:  1.5, Workers: 13
[184.333s][debug][gc,phases   ] GC(56)       Termination Attempts:     Min: 1, Avg:  1.0, Max: 1, Diff: 0, Sum: 13, Workers: 13
[184.333s][debug][gc,phases   ] GC(56)     GC Worker Other (ms):     Min:  0.0, Avg:  0.0, Max:  0.0, Diff:  0.0, Sum:  0.2, Workers: 13
[184.333s][debug][gc,phases   ] GC(56)     GC Worker Total (ms):     Min:  5.1, Avg:  5.1, Max:  5.2, Diff:  0.1, Sum: 66.8, Workers: 13
[184.333s][info ][gc,phases   ] GC(56)   Post Evacuate Collection Set: 0.3ms
[184.333s][debug][gc,phases   ] GC(56)     Code Roots Fixup: 0.0ms
[184.333s][debug][gc,phases   ] GC(56)     Clear Card Table: 0.1ms
[184.333s][debug][gc,phases   ] GC(56)     Reference Processing: 0.0ms
[184.333s][debug][gc,phases   ] GC(56)     Weak Processing: 0.0ms
[184.333s][debug][gc,phases   ] GC(56)       VM Weak                   Min:  0.0, Avg:  0.0, Max:  0.0, Diff:  0.0, Sum:  0.0, Workers: 2
[184.333s][debug][gc,phases   ] GC(56)         Dead                      Min: 0, Avg:  0.0, Max: 0, Diff: 0, Sum: 0, Workers: 2
[184.333s][debug][gc,phases   ] GC(56)         Total                     Min: 0, Avg: 28.5, Max: 57, Diff: 57, Sum: 57, Workers: 2
[184.333s][debug][gc,phases   ] GC(56)       ObjectSynchronizer Weak   Min:  0.0, Avg:  0.0, Max:  0.0, Diff:  0.0, Sum:  0.0, Workers: 2
[184.333s][debug][gc,phases   ] GC(56)         Dead                      Min: 0, Avg:  0.0, Max: 0, Diff: 0, Sum: 0, Workers: 2
[184.333s][debug][gc,phases   ] GC(56)         Total                     Min: 0, Avg:  4.5, Max: 9, Diff: 9, Sum: 9, Workers: 2
[184.333s][debug][gc,phases   ] GC(56)       JVMTI Tag Weak OopStorage Min:  0.0, Avg:  0.0, Max:  0.0, Diff:  0.0, Sum:  0.0, Workers: 2
[184.333s][debug][gc,phases   ] GC(56)         Dead                      Min: 0, Avg:  0.0, Max: 0, Diff: 0, Sum: 0, Workers: 2
[184.333s][debug][gc,phases   ] GC(56)         Total                     Min: 0, Avg:  0.0, Max: 0, Diff: 0, Sum: 0, Workers: 2
[184.333s][debug][gc,phases   ] GC(56)       StringTable Weak          Min:  0.0, Avg:  0.0, Max:  0.0, Diff:  0.0, Sum:  0.0, Workers: 2
[184.333s][debug][gc,phases   ] GC(56)         Dead                      Min: 0, Avg:  0.0, Max: 0, Diff: 0, Sum: 0, Workers: 2
[184.333s][debug][gc,phases   ] GC(56)         Total                     Min: 0, Avg: 339.5, Max: 679, Diff: 679, Sum: 679, Workers: 2
[184.333s][debug][gc,phases   ] GC(56)       ResolvedMethodTable Weak  Min:  0.0, Avg:  0.0, Max:  0.0, Diff:  0.0, Sum:  0.0, Workers: 2
[184.333s][debug][gc,phases   ] GC(56)         Dead                      Min: 0, Avg:  0.0, Max: 0, Diff: 0, Sum: 0, Workers: 2
[184.333s][debug][gc,phases   ] GC(56)         Total                     Min: 0, Avg: 140.5, Max: 281, Diff: 281, Sum: 281, Workers: 2
[184.333s][debug][gc,phases   ] GC(56)       JNI Weak                  Min:  0.0, Avg:  0.0, Max:  0.0, Diff:  0.0, Sum:  0.0, Workers: 2
[184.333s][debug][gc,phases   ] GC(56)         Dead                      Min: 0, Avg:  0.0, Max: 0, Diff: 0, Sum: 0, Workers: 2
[184.333s][debug][gc,phases   ] GC(56)         Total                     Min: 0, Avg:  0.0, Max: 0, Diff: 0, Sum: 0, Workers: 2
[184.333s][debug][gc,phases   ] GC(56)       Weak JFR Old Object Samples Min:  0.0, Avg:  0.0, Max:  0.0, Diff:  0.0, Sum:  0.0, Workers: 2
[184.333s][debug][gc,phases   ] GC(56)         Dead                      Min: 0, Avg:  0.0, Max: 0, Diff: 0, Sum: 0, Workers: 2
[184.333s][debug][gc,phases   ] GC(56)         Total                     Min: 0, Avg:  0.0, Max: 0, Diff: 0, Sum: 0, Workers: 2
[184.333s][debug][gc,phases   ] GC(56)     Merge Per-Thread State: 0.0ms
[184.333s][debug][gc,phases   ] GC(56)       Copied Bytes              Min: 1901224, Avg: 2129714.5, Max: 2483288, Diff: 582064, Sum: 27686288, Workers: 13
[184.333s][debug][gc,phases   ] GC(56)       LAB Waste                 Min: 320, Avg: 771.7, Max: 1176, Diff: 856, Sum: 10032, Workers: 13
[184.333s][debug][gc,phases   ] GC(56)       LAB Undo Waste            Min: 0, Avg:  0.0, Max: 0, Diff: 0, Sum: 0, Workers: 13
[184.333s][debug][gc,phases   ] GC(56)     Code Roots Purge: 0.0ms
[184.333s][debug][gc,phases   ] GC(56)     Redirty Cards: 0.1ms
[184.333s][debug][gc,phases   ] GC(56)     DerivedPointerTable Update: 0.1ms
[184.333s][debug][gc,phases   ] GC(56)     Free Collection Set: 0.1ms
[184.333s][debug][gc,phases   ] GC(56)     Rebuild Free List: 0.0ms
[184.333s][debug][gc,phases   ] GC(56)     Humongous Reclaim: 0.0ms
[184.333s][debug][gc,phases   ] GC(56)     Start New Collection Set: 0.0ms
[184.333s][debug][gc,phases   ] GC(56)     Resize TLABs: 0.1ms
[184.333s][debug][gc,phases   ] GC(56)     Expand Heap After Collection: 0.0ms
[184.333s][info ][gc,phases   ] GC(56)   Other: 0.5ms
[184.333s][info ][gc,heap     ] GC(56) Eden regions: 89->0(89)
[184.333s][info ][gc,heap     ] GC(56) Survivor regions: 4->4(12)
[184.333s][info ][gc,heap     ] GC(56) Old regions: 10->10
[184.333s][info ][gc,heap     ] GC(56) Archive regions: 2->2
[184.333s][info ][gc,heap     ] GC(56) Humongous regions: 0->0
[184.333s][info ][gc,metaspace] GC(56) Metaspace: 1645K(1792K)->1645K(1792K) NonClass: 1527K(1600K)->1527K(1600K) Class: 118K(192K)->118K(192K)
[184.333s][info ][gc          ] GC(56) Pause Young (Normal) (G1 Evacuation Pause) 820M->108M(1248M) 7.352ms
[184.334s][info ][gc,cpu      ] GC(56) User=0.07s Sys=0.00s Real=0.01s
[187.814s][info ][gc,start    ] GC(57) Pause Young (Normal) (G1 Evacuation Pause)
[187.814s][info ][gc,task     ] GC(57) Using 13 workers of 13 for evacuation
[187.820s][info ][gc,phases   ] GC(57)   Pre Evacuate Collection Set: 0.2ms
[187.820s][debug][gc,phases   ] GC(57)     Prepare TLABs: 0.1ms
[187.820s][debug][gc,phases   ] GC(57)     Concatenate Dirty Card Logs: 0.1ms
[187.820s][debug][gc,phases   ] GC(57)     Choose Collection Set: 0.0ms
[187.820s][debug][gc,phases   ] GC(57)     Region Register: 0.0ms
[187.820s][debug][gc,phases   ] GC(57)     Prepare Heap Roots: 0.0ms
[187.820s][info ][gc,phases   ] GC(57)   Merge Heap Roots: 0.1ms
[187.820s][debug][gc,phases   ] GC(57)     Prepare Merge Heap Roots: 0.0ms
[187.820s][debug][gc,phases   ] GC(57)     Eager Reclaim (ms):       skipped
[187.820s][debug][gc,phases   ] GC(57)     Remembered Sets (ms):     Min:  0.0, Avg:  0.0, Max:  0.0, Diff:  0.0, Sum:  0.1, Workers: 13
[187.820s][debug][gc,phases   ] GC(57)       Merged Sparse:            Min: 0, Avg:  0.0, Max: 0, Diff: 0, Sum: 0, Workers: 13
[187.820s][debug][gc,phases   ] GC(57)       Merged Fine:              Min: 0, Avg:  0.0, Max: 0, Diff: 0, Sum: 0, Workers: 13
[187.820s][debug][gc,phases   ] GC(57)       Merged Coarse:            Min: 0, Avg:  0.0, Max: 0, Diff: 0, Sum: 0, Workers: 13
[187.820s][debug][gc,phases   ] GC(57)       Dirty Cards:              Min: 0, Avg:  0.0, Max: 0, Diff: 0, Sum: 0, Workers: 13
[187.820s][debug][gc,phases   ] GC(57)     Hot Card Cache (ms):      Min:  0.0, Avg:  0.0, Max:  0.0, Diff:  0.0, Sum:  0.0, Workers: 13
[187.820s][debug][gc,phases   ] GC(57)       Dirty Cards:              Min: 0, Avg:  0.0, Max: 0, Diff: 0, Sum: 0, Workers: 13
[187.820s][debug][gc,phases   ] GC(57)       Skipped Cards:            Min: 0, Avg:  0.0, Max: 0, Diff: 0, Sum: 0, Workers: 13
[187.820s][debug][gc,phases   ] GC(57)     Log Buffers (ms):         Min:  0.1, Avg:  0.1, Max:  0.1, Diff:  0.0, Sum:  1.1, Workers: 13
[187.820s][debug][gc,phases   ] GC(57)       Dirty Cards:              Min: 126, Avg: 1448.8, Max: 1936, Diff: 1810, Sum: 18835, Workers: 13
[187.820s][debug][gc,phases   ] GC(57)       Skipped Cards:            Min: 0, Avg:  0.0, Max: 0, Diff: 0, Sum: 0, Workers: 13
[187.820s][info ][gc,phases   ] GC(57)   Evacuate Collection Set: 5.0ms
[187.820s][debug][gc,phases   ] GC(57)     Ext Root Scanning (ms):   Min:  0.4, Avg:  0.4, Max:  0.5, Diff:  0.2, Sum:  5.6, Workers: 13
[187.820s][debug][gc,phases   ] GC(57)     Scan Heap Roots (ms):     Min:  1.3, Avg:  1.3, Max:  1.4, Diff:  0.1, Sum: 17.5, Workers: 13
[187.820s][debug][gc,phases   ] GC(57)       Scanned Cards:            Min: 1054, Avg: 1448.7, Max: 1617, Diff: 563, Sum: 18833, Workers: 13
[187.820s][debug][gc,phases   ] GC(57)       Scanned Blocks:           Min: 928, Avg: 1186.8, Max: 1363, Diff: 435, Sum: 15429, Workers: 13
[187.820s][debug][gc,phases   ] GC(57)       Claimed Chunks:           Min: 7, Avg: 11.2, Max: 18, Diff: 11, Sum: 146, Workers: 13
[187.820s][debug][gc,phases   ] GC(57)     Code Root Scan (ms):      Min:  0.0, Avg:  0.0, Max:  0.0, Diff:  0.0, Sum:  0.0, Workers: 13
[187.820s][debug][gc,phases   ] GC(57)     Object Copy (ms):         Min:  2.8, Avg:  3.0, Max:  3.1, Diff:  0.2, Sum: 38.9, Workers: 13
[187.820s][debug][gc,phases   ] GC(57)     Termination (ms):         Min:  0.1, Avg:  0.2, Max:  0.2, Diff:  0.1, Sum:  2.0, Workers: 13
[187.820s][debug][gc,phases   ] GC(57)       Termination Attempts:     Min: 1, Avg:  1.0, Max: 1, Diff: 0, Sum: 13, Workers: 13
[187.820s][debug][gc,phases   ] GC(57)     GC Worker Other (ms):     Min:  0.0, Avg:  0.0, Max:  0.0, Diff:  0.0, Sum:  0.1, Workers: 13
[187.820s][debug][gc,phases   ] GC(57)     GC Worker Total (ms):     Min:  4.9, Avg:  4.9, Max:  5.0, Diff:  0.1, Sum: 64.1, Workers: 13
[187.820s][info ][gc,phases   ] GC(57)   Post Evacuate Collection Set: 0.3ms
[187.820s][debug][gc,phases   ] GC(57)     Code Roots Fixup: 0.0ms
[187.820s][debug][gc,phases   ] GC(57)     Clear Card Table: 0.1ms
[187.820s][debug][gc,phases   ] GC(57)     Reference Processing: 0.0ms
[187.820s][debug][gc,phases   ] GC(57)     Weak Processing: 0.0ms
[187.820s][debug][gc,phases   ] GC(57)       VM Weak                   Min:  0.0, Avg:  0.0, Max:  0.0, Diff:  0.0, Sum:  0.0, Workers: 2
[187.820s][debug][gc,phases   ] GC(57)         Dead                      Min: 0, Avg:  0.0, Max: 0, Diff: 0, Sum: 0, Workers: 2
[187.820s][debug][gc,phases   ] GC(57)         Total                     Min: 0, Avg: 28.5, Max: 57, Diff: 57, Sum: 57, Workers: 2
[187.820s][debug][gc,phases   ] GC(57)       ObjectSynchronizer Weak   Min:  0.0, Avg:  0.0, Max:  0.0, Diff:  0.0, Sum:  0.0, Workers: 2
[187.820s][debug][gc,phases   ] GC(57)         Dead                      Min: 0, Avg:  0.0, Max: 0, Diff: 0, Sum: 0, Workers: 2
[187.820s][debug][gc,phases   ] GC(57)         Total                     Min: 0, Avg:  4.5, Max: 9, Diff: 9, Sum: 9, Workers: 2
[187.820s][debug][gc,phases   ] GC(57)       JVMTI Tag Weak OopStorage Min:  0.0, Avg:  0.0, Max:  0.0, Diff:  0.0, Sum:  0.0, Workers: 2
[187.820s][debug][gc,phases   ] GC(57)         Dead                      Min: 0, Avg:  0.0, Max: 0, Diff: 0, Sum: 0, Workers: 2
[187.820s][debug][gc,phases   ] GC(57)         Total                     Min: 0, Avg:  0.0, Max: 0, Diff: 0, Sum: 0, Workers: 2
[187.820s][debug][gc,phases   ] GC(57)       StringTable Weak          Min:  0.0, Avg:  0.0, Max:  0.0, Diff:  0.0, Sum:  0.0, Workers: 2
[187.820s][debug][gc,phases   ] GC(57)         Dead                      Min: 0, Avg:  0.0, Max: 0, Diff: 0, Sum: 0, Workers: 2
[187.820s][debug][gc,phases   ] GC(57)         Total                     Min: 0, Avg: 339.5, Max: 679, Diff: 679, Sum: 679, Workers: 2
[187.820s][debug][gc,phases   ] GC(57)       ResolvedMethodTable Weak  Min:  0.0, Avg:  0.0, Max:  0.0, Diff:  0.0, Sum:  0.0, Workers: 2
[187.820s][debug][gc,phases   ] GC(57)         Dead                      Min: 0, Avg:  0.0, Max: 0, Diff: 0, Sum: 0, Workers: 2
[187.820s][debug][gc,phases   ] GC(57)         Total                     Min: 0, Avg: 140.5, Max: 281, Diff: 281, Sum: 281, Workers: 2
[187.820s][debug][gc,phases   ] GC(57)       JNI Weak                  Min:  0.0, Avg:  0.0, Max:  0.0, Diff:  0.0, Sum:  0.0, Workers: 2
[187.820s][debug][gc,phases   ] GC(57)         Dead                      Min: 0, Avg:  0.0, Max: 0, Diff: 0, Sum: 0, Workers: 2
[187.820s][debug][gc,phases   ] GC(57)         Total                     Min: 0, Avg:  0.0, Max: 0, Diff: 0, Sum: 0, Workers: 2
[187.820s][debug][gc,phases   ] GC(57)       Weak JFR Old Object Samples Min:  0.0, Avg:  0.0, Max:  0.0, Diff:  0.0, Sum:  0.0, Workers: 2
[187.820s][debug][gc,phases   ] GC(57)         Dead                      Min: 0, Avg:  0.0, Max: 0, Diff: 0, Sum: 0, Workers: 2
[187.820s][debug][gc,phases   ] GC(57)         Total                     Min: 0, Avg:  0.0, Max: 0, Diff: 0, Sum: 0, Workers: 2
[187.820s][debug][gc,phases   ] GC(57)     Merge Per-Thread State: 0.0ms
[187.820s][debug][gc,phases   ] GC(57)       Copied Bytes              Min: 1933704, Avg: 2119242.5, Max: 2358224, Diff: 424520, Sum: 27550152, Workers: 13
[187.820s][debug][gc,phases   ] GC(57)       LAB Waste                 Min: 504, Avg: 769.2, Max: 1200, Diff: 696, Sum: 10000, Workers: 13
[187.820s][debug][gc,phases   ] GC(57)       LAB Undo Waste            Min: 0, Avg:  0.0, Max: 0, Diff: 0, Sum: 0, Workers: 13
[187.820s][debug][gc,phases   ] GC(57)     Code Roots Purge: 0.0ms
[187.821s][debug][gc,phases   ] GC(57)     Redirty Cards: 0.0ms
[187.821s][debug][gc,phases   ] GC(57)     DerivedPointerTable Update: 0.1ms
[187.821s][debug][gc,phases   ] GC(57)     Free Collection Set: 0.1ms
[187.821s][debug][gc,phases   ] GC(57)     Rebuild Free List: 0.0ms
[187.821s][debug][gc,phases   ] GC(57)     Humongous Reclaim: 0.0ms
[187.821s][debug][gc,phases   ] GC(57)     Start New Collection Set: 0.0ms
[187.821s][debug][gc,phases   ] GC(57)     Resize TLABs: 0.1ms
[187.821s][debug][gc,phases   ] GC(57)     Expand Heap After Collection: 0.0ms
[187.821s][info ][gc,phases   ] GC(57)   Other: 0.5ms
[187.821s][info ][gc,heap     ] GC(57) Eden regions: 89->0(89)
[187.821s][info ][gc,heap     ] GC(57) Survivor regions: 4->4(12)
[187.821s][info ][gc,heap     ] GC(57) Old regions: 10->10
[187.821s][info ][gc,heap     ] GC(57) Archive regions: 2->2
[187.821s][info ][gc,heap     ] GC(57) Humongous regions: 0->0
[187.821s][info ][gc,metaspace] GC(57) Metaspace: 1645K(1792K)->1645K(1792K) NonClass: 1527K(1600K)->1527K(1600K) Class: 118K(192K)->118K(192K)
[187.821s][info ][gc          ] GC(57) Pause Young (Normal) (G1 Evacuation Pause) 820M->108M(1248M) 6.760ms
[187.821s][info ][gc,cpu      ] GC(57) User=0.06s Sys=0.00s Real=0.01s
[191.298s][info ][gc,start    ] GC(58) Pause Young (Normal) (G1 Evacuation Pause)
[191.298s][info ][gc,task     ] GC(58) Using 13 workers of 13 for evacuation
[191.304s][info ][gc,phases   ] GC(58)   Pre Evacuate Collection Set: 0.3ms
[191.304s][debug][gc,phases   ] GC(58)     Prepare TLABs: 0.1ms
[191.304s][debug][gc,phases   ] GC(58)     Concatenate Dirty Card Logs: 0.1ms
[191.304s][debug][gc,phases   ] GC(58)     Choose Collection Set: 0.0ms
[191.304s][debug][gc,phases   ] GC(58)     Region Register: 0.1ms
[191.304s][debug][gc,phases   ] GC(58)     Prepare Heap Roots: 0.0ms
[191.304s][info ][gc,phases   ] GC(58)   Merge Heap Roots: 0.2ms
[191.304s][debug][gc,phases   ] GC(58)     Prepare Merge Heap Roots: 0.0ms
[191.304s][debug][gc,phases   ] GC(58)     Eager Reclaim (ms):       skipped
[191.304s][debug][gc,phases   ] GC(58)     Remembered Sets (ms):     Min:  0.0, Avg:  0.0, Max:  0.0, Diff:  0.0, Sum:  0.1, Workers: 13
[191.304s][debug][gc,phases   ] GC(58)       Merged Sparse:            Min: 0, Avg:  0.0, Max: 0, Diff: 0, Sum: 0, Workers: 13
[191.304s][debug][gc,phases   ] GC(58)       Merged Fine:              Min: 0, Avg:  0.0, Max: 0, Diff: 0, Sum: 0, Workers: 13
[191.304s][debug][gc,phases   ] GC(58)       Merged Coarse:            Min: 0, Avg:  0.0, Max: 0, Diff: 0, Sum: 0, Workers: 13
[191.304s][debug][gc,phases   ] GC(58)       Dirty Cards:              Min: 0, Avg:  0.0, Max: 0, Diff: 0, Sum: 0, Workers: 13
[191.304s][debug][gc,phases   ] GC(58)     Hot Card Cache (ms):      Min:  0.0, Avg:  0.0, Max:  0.0, Diff:  0.0, Sum:  0.0, Workers: 13
[191.304s][debug][gc,phases   ] GC(58)       Dirty Cards:              Min: 0, Avg:  0.0, Max: 0, Diff: 0, Sum: 0, Workers: 13
[191.304s][debug][gc,phases   ] GC(58)       Skipped Cards:            Min: 0, Avg:  0.0, Max: 0, Diff: 0, Sum: 0, Workers: 13
[191.304s][debug][gc,phases   ] GC(58)     Log Buffers (ms):         Min:  0.1, Avg:  0.1, Max:  0.2, Diff:  0.1, Sum:  1.2, Workers: 13
[191.304s][debug][gc,phases   ] GC(58)       Dirty Cards:              Min: 316, Avg: 1553.4, Max: 6134, Diff: 5818, Sum: 20194, Workers: 13
[191.304s][debug][gc,phases   ] GC(58)       Skipped Cards:            Min: 0, Avg:  0.0, Max: 0, Diff: 0, Sum: 0, Workers: 13
[191.304s][info ][gc,phases   ] GC(58)   Evacuate Collection Set: 5.1ms
[191.304s][debug][gc,phases   ] GC(58)     Ext Root Scanning (ms):   Min:  0.3, Avg:  0.4, Max:  0.6, Diff:  0.3, Sum:  5.4, Workers: 13
[191.304s][debug][gc,phases   ] GC(58)     Scan Heap Roots (ms):     Min:  1.4, Avg:  1.5, Max:  1.6, Diff:  0.2, Sum: 19.5, Workers: 13
[191.304s][debug][gc,phases   ] GC(58)       Scanned Cards:            Min: 1373, Avg: 1553.2, Max: 1971, Diff: 598, Sum: 20192, Workers: 13
[191.304s][debug][gc,phases   ] GC(58)       Scanned Blocks:           Min: 1066, Avg: 1257.4, Max: 1670, Diff: 604, Sum: 16346, Workers: 13
[191.304s][debug][gc,phases   ] GC(58)       Claimed Chunks:           Min: 9, Avg: 11.2, Max: 19, Diff: 10, Sum: 146, Workers: 13
[191.304s][debug][gc,phases   ] GC(58)     Code Root Scan (ms):      Min:  0.0, Avg:  0.0, Max:  0.0, Diff:  0.0, Sum:  0.0, Workers: 13
[191.304s][debug][gc,phases   ] GC(58)     Object Copy (ms):         Min:  2.7, Avg:  3.0, Max:  3.1, Diff:  0.3, Sum: 38.7, Workers: 13
[191.304s][debug][gc,phases   ] GC(58)     Termination (ms):         Min:  0.1, Avg:  0.1, Max:  0.1, Diff:  0.0, Sum:  1.6, Workers: 13
[191.304s][debug][gc,phases   ] GC(58)       Termination Attempts:     Min: 1, Avg:  1.0, Max: 1, Diff: 0, Sum: 13, Workers: 13
[191.304s][debug][gc,phases   ] GC(58)     GC Worker Other (ms):     Min:  0.0, Avg:  0.0, Max:  0.0, Diff:  0.0, Sum:  0.1, Workers: 13
[191.304s][debug][gc,phases   ] GC(58)     GC Worker Total (ms):     Min:  5.0, Avg:  5.0, Max:  5.1, Diff:  0.1, Sum: 65.4, Workers: 13
[191.304s][info ][gc,phases   ] GC(58)   Post Evacuate Collection Set: 0.3ms
[191.304s][debug][gc,phases   ] GC(58)     Code Roots Fixup: 0.0ms
[191.304s][debug][gc,phases   ] GC(58)     Clear Card Table: 0.1ms
[191.304s][debug][gc,phases   ] GC(58)     Reference Processing: 0.0ms
[191.304s][debug][gc,phases   ] GC(58)     Weak Processing: 0.0ms
[191.304s][debug][gc,phases   ] GC(58)       VM Weak                   Min:  0.0, Avg:  0.0, Max:  0.0, Diff:  0.0, Sum:  0.0, Workers: 2
[191.304s][debug][gc,phases   ] GC(58)         Dead                      Min: 0, Avg:  0.0, Max: 0, Diff: 0, Sum: 0, Workers: 2
[191.304s][debug][gc,phases   ] GC(58)         Total                     Min: 0, Avg: 28.5, Max: 57, Diff: 57, Sum: 57, Workers: 2
[191.304s][debug][gc,phases   ] GC(58)       ObjectSynchronizer Weak   Min:  0.0, Avg:  0.0, Max:  0.0, Diff:  0.0, Sum:  0.0, Workers: 2
[191.304s][debug][gc,phases   ] GC(58)         Dead                      Min: 0, Avg:  0.0, Max: 0, Diff: 0, Sum: 0, Workers: 2
[191.304s][debug][gc,phases   ] GC(58)         Total                     Min: 0, Avg:  4.5, Max: 9, Diff: 9, Sum: 9, Workers: 2
[191.304s][debug][gc,phases   ] GC(58)       JVMTI Tag Weak OopStorage Min:  0.0, Avg:  0.0, Max:  0.0, Diff:  0.0, Sum:  0.0, Workers: 2
[191.304s][debug][gc,phases   ] GC(58)         Dead                      Min: 0, Avg:  0.0, Max: 0, Diff: 0, Sum: 0, Workers: 2
[191.304s][debug][gc,phases   ] GC(58)         Total                     Min: 0, Avg:  0.0, Max: 0, Diff: 0, Sum: 0, Workers: 2
[191.304s][debug][gc,phases   ] GC(58)       StringTable Weak          Min:  0.0, Avg:  0.0, Max:  0.0, Diff:  0.0, Sum:  0.0, Workers: 2
[191.304s][debug][gc,phases   ] GC(58)         Dead                      Min: 0, Avg:  0.0, Max: 0, Diff: 0, Sum: 0, Workers: 2
[191.304s][debug][gc,phases   ] GC(58)         Total                     Min: 0, Avg: 339.5, Max: 679, Diff: 679, Sum: 679, Workers: 2
[191.304s][debug][gc,phases   ] GC(58)       ResolvedMethodTable Weak  Min:  0.0, Avg:  0.0, Max:  0.0, Diff:  0.0, Sum:  0.0, Workers: 2
[191.304s][debug][gc,phases   ] GC(58)         Dead                      Min: 0, Avg:  0.0, Max: 0, Diff: 0, Sum: 0, Workers: 2
[191.304s][debug][gc,phases   ] GC(58)         Total                     Min: 0, Avg: 140.5, Max: 281, Diff: 281, Sum: 281, Workers: 2
[191.304s][debug][gc,phases   ] GC(58)       JNI Weak                  Min:  0.0, Avg:  0.0, Max:  0.0, Diff:  0.0, Sum:  0.0, Workers: 2
[191.304s][debug][gc,phases   ] GC(58)         Dead                      Min: 0, Avg:  0.0, Max: 0, Diff: 0, Sum: 0, Workers: 2
[191.304s][debug][gc,phases   ] GC(58)         Total                     Min: 0, Avg:  0.0, Max: 0, Diff: 0, Sum: 0, Workers: 2
[191.304s][debug][gc,phases   ] GC(58)       Weak JFR Old Object Samples Min:  0.0, Avg:  0.0, Max:  0.0, Diff:  0.0, Sum:  0.0, Workers: 2
[191.304s][debug][gc,phases   ] GC(58)         Dead                      Min: 0, Avg:  0.0, Max: 0, Diff: 0, Sum: 0, Workers: 2
[191.304s][debug][gc,phases   ] GC(58)         Total                     Min: 0, Avg:  0.0, Max: 0, Diff: 0, Sum: 0, Workers: 2
[191.304s][debug][gc,phases   ] GC(58)     Merge Per-Thread State: 0.0ms
[191.304s][debug][gc,phases   ] GC(58)       Copied Bytes              Min: 1829976, Avg: 2143876.3, Max: 2720704, Diff: 890728, Sum: 27870392, Workers: 13
[191.305s][debug][gc,phases   ] GC(58)       LAB Waste                 Min: 480, Avg: 969.2, Max: 1528, Diff: 1048, Sum: 12600, Workers: 13
[191.305s][debug][gc,phases   ] GC(58)       LAB Undo Waste            Min: 0, Avg:  0.0, Max: 0, Diff: 0, Sum: 0, Workers: 13
[191.305s][debug][gc,phases   ] GC(58)     Code Roots Purge: 0.0ms
[191.305s][debug][gc,phases   ] GC(58)     Redirty Cards: 0.1ms
[191.305s][debug][gc,phases   ] GC(58)     DerivedPointerTable Update: 0.1ms
[191.305s][debug][gc,phases   ] GC(58)     Free Collection Set: 0.1ms
[191.305s][debug][gc,phases   ] GC(58)     Rebuild Free List: 0.0ms
[191.305s][debug][gc,phases   ] GC(58)     Humongous Reclaim: 0.0ms
[191.305s][debug][gc,phases   ] GC(58)     Start New Collection Set: 0.0ms
[191.305s][debug][gc,phases   ] GC(58)     Resize TLABs: 0.1ms
[191.305s][debug][gc,phases   ] GC(58)     Expand Heap After Collection: 0.0ms
[191.305s][info ][gc,phases   ] GC(58)   Other: 0.5ms
[191.305s][info ][gc,heap     ] GC(58) Eden regions: 89->0(89)
[191.305s][info ][gc,heap     ] GC(58) Survivor regions: 4->4(12)
[191.305s][info ][gc,heap     ] GC(58) Old regions: 10->10
[191.305s][info ][gc,heap     ] GC(58) Archive regions: 2->2
[191.305s][info ][gc,heap     ] GC(58) Humongous regions: 0->0
[191.305s][info ][gc,metaspace] GC(58) Metaspace: 1645K(1792K)->1645K(1792K) NonClass: 1527K(1600K)->1527K(1600K) Class: 118K(192K)->118K(192K)
[191.305s][info ][gc          ] GC(58) Pause Young (Normal) (G1 Evacuation Pause) 820M->108M(1248M) 7.114ms
[191.305s][info ][gc,cpu      ] GC(58) User=0.07s Sys=0.00s Real=0.01s
[194.800s][info ][gc,start    ] GC(59) Pause Young (Normal) (G1 Evacuation Pause)
[194.800s][info ][gc,task     ] GC(59) Using 13 workers of 13 for evacuation
[194.806s][info ][gc,phases   ] GC(59)   Pre Evacuate Collection Set: 0.3ms
[194.806s][debug][gc,phases   ] GC(59)     Prepare TLABs: 0.1ms
[194.806s][debug][gc,phases   ] GC(59)     Concatenate Dirty Card Logs: 0.1ms
[194.806s][debug][gc,phases   ] GC(59)     Choose Collection Set: 0.0ms
[194.806s][debug][gc,phases   ] GC(59)     Region Register: 0.1ms
[194.806s][debug][gc,phases   ] GC(59)     Prepare Heap Roots: 0.0ms
[194.806s][info ][gc,phases   ] GC(59)   Merge Heap Roots: 0.2ms
[194.806s][debug][gc,phases   ] GC(59)     Prepare Merge Heap Roots: 0.0ms
[194.806s][debug][gc,phases   ] GC(59)     Eager Reclaim (ms):       skipped
[194.806s][debug][gc,phases   ] GC(59)     Remembered Sets (ms):     Min:  0.0, Avg:  0.0, Max:  0.0, Diff:  0.0, Sum:  0.1, Workers: 13
[194.806s][debug][gc,phases   ] GC(59)       Merged Sparse:            Min: 0, Avg:  0.0, Max: 0, Diff: 0, Sum: 0, Workers: 13
[194.806s][debug][gc,phases   ] GC(59)       Merged Fine:              Min: 0, Avg:  0.0, Max: 0, Diff: 0, Sum: 0, Workers: 13
[194.806s][debug][gc,phases   ] GC(59)       Merged Coarse:            Min: 0, Avg:  0.0, Max: 0, Diff: 0, Sum: 0, Workers: 13
[194.806s][debug][gc,phases   ] GC(59)       Dirty Cards:              Min: 0, Avg:  0.0, Max: 0, Diff: 0, Sum: 0, Workers: 13
[194.806s][debug][gc,phases   ] GC(59)     Hot Card Cache (ms):      Min:  0.0, Avg:  0.0, Max:  0.0, Diff:  0.0, Sum:  0.0, Workers: 13
[194.806s][debug][gc,phases   ] GC(59)       Dirty Cards:              Min: 0, Avg:  0.0, Max: 0, Diff: 0, Sum: 0, Workers: 13
[194.806s][debug][gc,phases   ] GC(59)       Skipped Cards:            Min: 0, Avg:  0.0, Max: 0, Diff: 0, Sum: 0, Workers: 13
[194.806s][debug][gc,phases   ] GC(59)     Log Buffers (ms):         Min:  0.1, Avg:  0.1, Max:  0.1, Diff:  0.1, Sum:  1.5, Workers: 13
[194.806s][debug][gc,phases   ] GC(59)       Dirty Cards:              Min: 288, Avg: 1418.4, Max: 3267, Diff: 2979, Sum: 18439, Workers: 13
[194.806s][debug][gc,phases   ] GC(59)       Skipped Cards:            Min: 0, Avg:  0.0, Max: 0, Diff: 0, Sum: 0, Workers: 13
[194.806s][info ][gc,phases   ] GC(59)   Evacuate Collection Set: 5.1ms
[194.806s][debug][gc,phases   ] GC(59)     Ext Root Scanning (ms):   Min:  0.3, Avg:  0.4, Max:  0.5, Diff:  0.2, Sum:  5.2, Workers: 13
[194.806s][debug][gc,phases   ] GC(59)     Scan Heap Roots (ms):     Min:  1.3, Avg:  1.4, Max:  1.6, Diff:  0.3, Sum: 18.1, Workers: 13
[194.806s][debug][gc,phases   ] GC(59)       Scanned Cards:            Min: 1172, Avg: 1418.0, Max: 1831, Diff: 659, Sum: 18434, Workers: 13
[194.806s][debug][gc,phases   ] GC(59)       Scanned Blocks:           Min: 957, Avg: 1163.2, Max: 1579, Diff: 622, Sum: 15121, Workers: 13
[194.806s][debug][gc,phases   ] GC(59)       Claimed Chunks:           Min: 8, Avg: 11.2, Max: 20, Diff: 12, Sum: 146, Workers: 13
[194.806s][debug][gc,phases   ] GC(59)     Code Root Scan (ms):      Min:  0.0, Avg:  0.0, Max:  0.0, Diff:  0.0, Sum:  0.0, Workers: 13
[194.806s][debug][gc,phases   ] GC(59)     Object Copy (ms):         Min:  2.9, Avg:  3.0, Max:  3.2, Diff:  0.3, Sum: 39.1, Workers: 13
[194.806s][debug][gc,phases   ] GC(59)     Termination (ms):         Min:  0.2, Avg:  0.2, Max:  0.2, Diff:  0.0, Sum:  2.5, Workers: 13
[194.806s][debug][gc,phases   ] GC(59)       Termination Attempts:     Min: 1, Avg:  1.2, Max: 2, Diff: 1, Sum: 15, Workers: 13
[194.807s][debug][gc,phases   ] GC(59)     GC Worker Other (ms):     Min:  0.0, Avg:  0.0, Max:  0.0, Diff:  0.0, Sum:  0.2, Workers: 13
[194.807s][debug][gc,phases   ] GC(59)     GC Worker Total (ms):     Min:  5.0, Avg:  5.0, Max:  5.1, Diff:  0.1, Sum: 65.1, Workers: 13
[194.807s][info ][gc,phases   ] GC(59)   Post Evacuate Collection Set: 0.4ms
[194.807s][debug][gc,phases   ] GC(59)     Code Roots Fixup: 0.0ms
[194.807s][debug][gc,phases   ] GC(59)     Clear Card Table: 0.1ms
[194.807s][debug][gc,phases   ] GC(59)     Reference Processing: 0.0ms
[194.807s][debug][gc,phases   ] GC(59)     Weak Processing: 0.0ms
[194.807s][debug][gc,phases   ] GC(59)       VM Weak                   Min:  0.0, Avg:  0.0, Max:  0.0, Diff:  0.0, Sum:  0.0, Workers: 2
[194.807s][debug][gc,phases   ] GC(59)         Dead                      Min: 0, Avg:  0.0, Max: 0, Diff: 0, Sum: 0, Workers: 2
[194.807s][debug][gc,phases   ] GC(59)         Total                     Min: 0, Avg: 28.5, Max: 57, Diff: 57, Sum: 57, Workers: 2
[194.807s][debug][gc,phases   ] GC(59)       ObjectSynchronizer Weak   Min:  0.0, Avg:  0.0, Max:  0.0, Diff:  0.0, Sum:  0.0, Workers: 2
[194.807s][debug][gc,phases   ] GC(59)         Dead                      Min: 0, Avg:  0.0, Max: 0, Diff: 0, Sum: 0, Workers: 2
[194.807s][debug][gc,phases   ] GC(59)         Total                     Min: 0, Avg:  4.5, Max: 9, Diff: 9, Sum: 9, Workers: 2
[194.807s][debug][gc,phases   ] GC(59)       JVMTI Tag Weak OopStorage Min:  0.0, Avg:  0.0, Max:  0.0, Diff:  0.0, Sum:  0.0, Workers: 2
[194.807s][debug][gc,phases   ] GC(59)         Dead                      Min: 0, Avg:  0.0, Max: 0, Diff: 0, Sum: 0, Workers: 2
[194.807s][debug][gc,phases   ] GC(59)         Total                     Min: 0, Avg:  0.0, Max: 0, Diff: 0, Sum: 0, Workers: 2
[194.807s][debug][gc,phases   ] GC(59)       StringTable Weak          Min:  0.0, Avg:  0.0, Max:  0.0, Diff:  0.0, Sum:  0.0, Workers: 2
[194.807s][debug][gc,phases   ] GC(59)         Dead                      Min: 0, Avg:  0.0, Max: 0, Diff: 0, Sum: 0, Workers: 2
[194.807s][debug][gc,phases   ] GC(59)         Total                     Min: 0, Avg: 339.5, Max: 679, Diff: 679, Sum: 679, Workers: 2
[194.807s][debug][gc,phases   ] GC(59)       ResolvedMethodTable Weak  Min:  0.0, Avg:  0.0, Max:  0.0, Diff:  0.0, Sum:  0.0, Workers: 2
[194.807s][debug][gc,phases   ] GC(59)         Dead                      Min: 0, Avg:  0.0, Max: 0, Diff: 0, Sum: 0, Workers: 2
[194.807s][debug][gc,phases   ] GC(59)         Total                     Min: 0, Avg: 140.5, Max: 281, Diff: 281, Sum: 281, Workers: 2
[194.807s][debug][gc,phases   ] GC(59)       JNI Weak                  Min:  0.0, Avg:  0.0, Max:  0.0, Diff:  0.0, Sum:  0.0, Workers: 2
[194.807s][debug][gc,phases   ] GC(59)         Dead                      Min: 0, Avg:  0.0, Max: 0, Diff: 0, Sum: 0, Workers: 2
[194.807s][debug][gc,phases   ] GC(59)         Total                     Min: 0, Avg:  0.0, Max: 0, Diff: 0, Sum: 0, Workers: 2
[194.807s][debug][gc,phases   ] GC(59)       Weak JFR Old Object Samples Min:  0.0, Avg:  0.0, Max:  0.0, Diff:  0.0, Sum:  0.0, Workers: 2
[194.807s][debug][gc,phases   ] GC(59)         Dead                      Min: 0, Avg:  0.0, Max: 0, Diff: 0, Sum: 0, Workers: 2
[194.807s][debug][gc,phases   ] GC(59)         Total                     Min: 0, Avg:  0.0, Max: 0, Diff: 0, Sum: 0, Workers: 2
[194.807s][debug][gc,phases   ] GC(59)     Merge Per-Thread State: 0.0ms
[194.807s][debug][gc,phases   ] GC(59)       Copied Bytes              Min: 1895784, Avg: 2134603.7, Max: 2649112, Diff: 753328, Sum: 27749848, Workers: 13
[194.807s][debug][gc,phases   ] GC(59)       LAB Waste                 Min: 248, Avg: 695.4, Max: 1080, Diff: 832, Sum: 9040, Workers: 13
[194.807s][debug][gc,phases   ] GC(59)       LAB Undo Waste            Min: 0, Avg:  0.0, Max: 0, Diff: 0, Sum: 0, Workers: 13
[194.807s][debug][gc,phases   ] GC(59)     Code Roots Purge: 0.0ms
[194.807s][debug][gc,phases   ] GC(59)     Redirty Cards: 0.1ms
[194.807s][debug][gc,phases   ] GC(59)     DerivedPointerTable Update: 0.1ms
[194.807s][debug][gc,phases   ] GC(59)     Free Collection Set: 0.1ms
[194.807s][debug][gc,phases   ] GC(59)     Rebuild Free List: 0.0ms
[194.807s][debug][gc,phases   ] GC(59)     Humongous Reclaim: 0.0ms
[194.807s][debug][gc,phases   ] GC(59)     Start New Collection Set: 0.0ms
[194.807s][debug][gc,phases   ] GC(59)     Resize TLABs: 0.1ms
[194.807s][debug][gc,phases   ] GC(59)     Expand Heap After Collection: 0.0ms
[194.807s][info ][gc,phases   ] GC(59)   Other: 0.5ms
[194.807s][info ][gc,heap     ] GC(59) Eden regions: 89->0(89)
[194.807s][info ][gc,heap     ] GC(59) Survivor regions: 4->4(12)
[194.807s][info ][gc,heap     ] GC(59) Old regions: 10->10
[194.807s][info ][gc,heap     ] GC(59) Archive regions: 2->2
[194.807s][info ][gc,heap     ] GC(59) Humongous regions: 0->0
[194.807s][info ][gc,metaspace] GC(59) Metaspace: 1645K(1792K)->1645K(1792K) NonClass: 1527K(1600K)->1527K(1600K) Class: 118K(192K)->118K(192K)
[194.807s][info ][gc          ] GC(59) Pause Young (Normal) (G1 Evacuation Pause) 820M->110M(1248M) 7.271ms
[194.807s][info ][gc,cpu      ] GC(59) User=0.07s Sys=0.01s Real=0.00s
[198.296s][info ][gc,start    ] GC(60) Pause Young (Normal) (G1 Evacuation Pause)
[198.296s][info ][gc,task     ] GC(60) Using 13 workers of 13 for evacuation
[198.302s][info ][gc,phases   ] GC(60)   Pre Evacuate Collection Set: 0.3ms
[198.302s][debug][gc,phases   ] GC(60)     Prepare TLABs: 0.2ms
[198.302s][debug][gc,phases   ] GC(60)     Concatenate Dirty Card Logs: 0.1ms
[198.302s][debug][gc,phases   ] GC(60)     Choose Collection Set: 0.0ms
[198.302s][debug][gc,phases   ] GC(60)     Region Register: 0.1ms
[198.302s][debug][gc,phases   ] GC(60)     Prepare Heap Roots: 0.0ms
[198.302s][info ][gc,phases   ] GC(60)   Merge Heap Roots: 0.2ms
[198.302s][debug][gc,phases   ] GC(60)     Prepare Merge Heap Roots: 0.0ms
[198.302s][debug][gc,phases   ] GC(60)     Eager Reclaim (ms):       skipped
[198.302s][debug][gc,phases   ] GC(60)     Remembered Sets (ms):     Min:  0.0, Avg:  0.0, Max:  0.0, Diff:  0.0, Sum:  0.0, Workers: 13
[198.302s][debug][gc,phases   ] GC(60)       Merged Sparse:            Min: 0, Avg:  0.0, Max: 0, Diff: 0, Sum: 0, Workers: 13
[198.302s][debug][gc,phases   ] GC(60)       Merged Fine:              Min: 0, Avg:  0.0, Max: 0, Diff: 0, Sum: 0, Workers: 13
[198.302s][debug][gc,phases   ] GC(60)       Merged Coarse:            Min: 0, Avg:  0.0, Max: 0, Diff: 0, Sum: 0, Workers: 13
[198.302s][debug][gc,phases   ] GC(60)       Dirty Cards:              Min: 0, Avg:  0.0, Max: 0, Diff: 0, Sum: 0, Workers: 13
[198.302s][debug][gc,phases   ] GC(60)     Hot Card Cache (ms):      Min:  0.0, Avg:  0.0, Max:  0.0, Diff:  0.0, Sum:  0.0, Workers: 13
[198.302s][debug][gc,phases   ] GC(60)       Dirty Cards:              Min: 0, Avg:  0.0, Max: 0, Diff: 0, Sum: 0, Workers: 13
[198.302s][debug][gc,phases   ] GC(60)       Skipped Cards:            Min: 0, Avg:  0.0, Max: 0, Diff: 0, Sum: 0, Workers: 13
[198.302s][debug][gc,phases   ] GC(60)     Log Buffers (ms):         Min:  0.1, Avg:  0.1, Max:  0.1, Diff:  0.1, Sum:  1.4, Workers: 13
[198.302s][debug][gc,phases   ] GC(60)       Dirty Cards:              Min: 261, Avg: 1400.8, Max: 3147, Diff: 2886, Sum: 18211, Workers: 13
[198.302s][debug][gc,phases   ] GC(60)       Skipped Cards:            Min: 0, Avg:  0.0, Max: 0, Diff: 0, Sum: 0, Workers: 13
[198.302s][info ][gc,phases   ] GC(60)   Evacuate Collection Set: 4.9ms
[198.302s][debug][gc,phases   ] GC(60)     Ext Root Scanning (ms):   Min:  0.3, Avg:  0.4, Max:  0.6, Diff:  0.3, Sum:  5.7, Workers: 13
[198.302s][debug][gc,phases   ] GC(60)     Scan Heap Roots (ms):     Min:  1.2, Avg:  1.3, Max:  1.4, Diff:  0.2, Sum: 16.6, Workers: 13
[198.302s][debug][gc,phases   ] GC(60)       Scanned Cards:            Min: 1103, Avg: 1400.8, Max: 1809, Diff: 706, Sum: 18210, Workers: 13
[198.302s][debug][gc,phases   ] GC(60)       Scanned Blocks:           Min: 970, Avg: 1151.8, Max: 1527, Diff: 557, Sum: 14973, Workers: 13
[198.303s][debug][gc,phases   ] GC(60)       Claimed Chunks:           Min: 8, Avg: 11.2, Max: 17, Diff: 9, Sum: 146, Workers: 13
[198.303s][debug][gc,phases   ] GC(60)     Code Root Scan (ms):      Min:  0.0, Avg:  0.0, Max:  0.0, Diff:  0.0, Sum:  0.0, Workers: 13
[198.303s][debug][gc,phases   ] GC(60)     Object Copy (ms):         Min:  2.8, Avg:  2.9, Max:  3.1, Diff:  0.2, Sum: 38.2, Workers: 13
[198.303s][debug][gc,phases   ] GC(60)     Termination (ms):         Min:  0.1, Avg:  0.1, Max:  0.2, Diff:  0.0, Sum:  1.9, Workers: 13
[198.303s][debug][gc,phases   ] GC(60)       Termination Attempts:     Min: 1, Avg:  1.0, Max: 1, Diff: 0, Sum: 13, Workers: 13
[198.303s][debug][gc,phases   ] GC(60)     GC Worker Other (ms):     Min:  0.0, Avg:  0.0, Max:  0.0, Diff:  0.0, Sum:  0.1, Workers: 13
[198.303s][debug][gc,phases   ] GC(60)     GC Worker Total (ms):     Min:  4.8, Avg:  4.8, Max:  4.9, Diff:  0.1, Sum: 62.6, Workers: 13
[198.303s][info ][gc,phases   ] GC(60)   Post Evacuate Collection Set: 0.3ms
[198.303s][debug][gc,phases   ] GC(60)     Code Roots Fixup: 0.0ms
[198.303s][debug][gc,phases   ] GC(60)     Clear Card Table: 0.1ms
[198.303s][debug][gc,phases   ] GC(60)     Reference Processing: 0.0ms
[198.303s][debug][gc,phases   ] GC(60)     Weak Processing: 0.0ms
[198.303s][debug][gc,phases   ] GC(60)       VM Weak                   Min:  0.0, Avg:  0.0, Max:  0.0, Diff:  0.0, Sum:  0.0, Workers: 2
[198.303s][debug][gc,phases   ] GC(60)         Dead                      Min: 0, Avg:  0.0, Max: 0, Diff: 0, Sum: 0, Workers: 2
[198.303s][debug][gc,phases   ] GC(60)         Total                     Min: 0, Avg: 28.5, Max: 57, Diff: 57, Sum: 57, Workers: 2
[198.303s][debug][gc,phases   ] GC(60)       ObjectSynchronizer Weak   Min:  0.0, Avg:  0.0, Max:  0.0, Diff:  0.0, Sum:  0.0, Workers: 2
[198.303s][debug][gc,phases   ] GC(60)         Dead                      Min: 0, Avg:  0.0, Max: 0, Diff: 0, Sum: 0, Workers: 2
[198.303s][debug][gc,phases   ] GC(60)         Total                     Min: 0, Avg:  4.5, Max: 9, Diff: 9, Sum: 9, Workers: 2
[198.303s][debug][gc,phases   ] GC(60)       JVMTI Tag Weak OopStorage Min:  0.0, Avg:  0.0, Max:  0.0, Diff:  0.0, Sum:  0.0, Workers: 2
[198.303s][debug][gc,phases   ] GC(60)         Dead                      Min: 0, Avg:  0.0, Max: 0, Diff: 0, Sum: 0, Workers: 2
[198.303s][debug][gc,phases   ] GC(60)         Total                     Min: 0, Avg:  0.0, Max: 0, Diff: 0, Sum: 0, Workers: 2
[198.303s][debug][gc,phases   ] GC(60)       StringTable Weak          Min:  0.0, Avg:  0.0, Max:  0.0, Diff:  0.0, Sum:  0.0, Workers: 2
[198.303s][debug][gc,phases   ] GC(60)         Dead                      Min: 0, Avg:  0.0, Max: 0, Diff: 0, Sum: 0, Workers: 2
[198.303s][debug][gc,phases   ] GC(60)         Total                     Min: 0, Avg: 339.5, Max: 679, Diff: 679, Sum: 679, Workers: 2
[198.303s][debug][gc,phases   ] GC(60)       ResolvedMethodTable Weak  Min:  0.0, Avg:  0.0, Max:  0.0, Diff:  0.0, Sum:  0.0, Workers: 2
[198.303s][debug][gc,phases   ] GC(60)         Dead                      Min: 0, Avg:  0.0, Max: 0, Diff: 0, Sum: 0, Workers: 2
[198.303s][debug][gc,phases   ] GC(60)         Total                     Min: 0, Avg: 140.5, Max: 281, Diff: 281, Sum: 281, Workers: 2
[198.303s][debug][gc,phases   ] GC(60)       JNI Weak                  Min:  0.0, Avg:  0.0, Max:  0.0, Diff:  0.0, Sum:  0.0, Workers: 2
[198.303s][debug][gc,phases   ] GC(60)         Dead                      Min: 0, Avg:  0.0, Max: 0, Diff: 0, Sum: 0, Workers: 2
[198.303s][debug][gc,phases   ] GC(60)         Total                     Min: 0, Avg:  0.0, Max: 0, Diff: 0, Sum: 0, Workers: 2
[198.303s][debug][gc,phases   ] GC(60)       Weak JFR Old Object Samples Min:  0.0, Avg:  0.0, Max:  0.0, Diff:  0.0, Sum:  0.0, Workers: 2
[198.303s][debug][gc,phases   ] GC(60)         Dead                      Min: 0, Avg:  0.0, Max: 0, Diff: 0, Sum: 0, Workers: 2
[198.303s][debug][gc,phases   ] GC(60)         Total                     Min: 0, Avg:  0.0, Max: 0, Diff: 0, Sum: 0, Workers: 2
[198.303s][debug][gc,phases   ] GC(60)     Merge Per-Thread State: 0.0ms
[198.303s][debug][gc,phases   ] GC(60)       Copied Bytes              Min: 1834080, Avg: 2126410.5, Max: 2805432, Diff: 971352, Sum: 27643336, Workers: 13
[198.303s][debug][gc,phases   ] GC(60)       LAB Waste                 Min: 272, Avg: 651.7, Max: 1064, Diff: 792, Sum: 8472, Workers: 13
[198.303s][debug][gc,phases   ] GC(60)       LAB Undo Waste            Min: 0, Avg:  0.0, Max: 0, Diff: 0, Sum: 0, Workers: 13
[198.303s][debug][gc,phases   ] GC(60)     Code Roots Purge: 0.0ms
[198.303s][debug][gc,phases   ] GC(60)     Redirty Cards: 0.1ms
[198.303s][debug][gc,phases   ] GC(60)     DerivedPointerTable Update: 0.1ms
[198.303s][debug][gc,phases   ] GC(60)     Free Collection Set: 0.1ms
[198.303s][debug][gc,phases   ] GC(60)     Rebuild Free List: 0.0ms
[198.303s][debug][gc,phases   ] GC(60)     Humongous Reclaim: 0.0ms
[198.303s][debug][gc,phases   ] GC(60)     Start New Collection Set: 0.0ms
[198.303s][debug][gc,phases   ] GC(60)     Resize TLABs: 0.1ms
[198.303s][debug][gc,phases   ] GC(60)     Expand Heap After Collection: 0.0ms
[198.303s][info ][gc,phases   ] GC(60)   Other: 0.5ms
[198.303s][info ][gc,heap     ] GC(60) Eden regions: 89->0(89)
[198.303s][info ][gc,heap     ] GC(60) Survivor regions: 4->4(12)
[198.303s][info ][gc,heap     ] GC(60) Old regions: 10->10
[198.303s][info ][gc,heap     ] GC(60) Archive regions: 2->2
[198.303s][info ][gc,heap     ] GC(60) Humongous regions: 0->0
[198.303s][info ][gc,metaspace] GC(60) Metaspace: 1646K(1792K)->1646K(1792K) NonClass: 1527K(1600K)->1527K(1600K) Class: 118K(192K)->118K(192K)
[198.303s][info ][gc          ] GC(60) Pause Young (Normal) (G1 Evacuation Pause) 822M->109M(1248M) 6.934ms
[198.303s][info ][gc,cpu      ] GC(60) User=0.06s Sys=0.01s Real=0.01s
[201.811s][info ][gc,start    ] GC(61) Pause Young (Normal) (G1 Evacuation Pause)
[201.811s][info ][gc,task     ] GC(61) Using 13 workers of 13 for evacuation
[201.818s][info ][gc,phases   ] GC(61)   Pre Evacuate Collection Set: 0.3ms
[201.818s][debug][gc,phases   ] GC(61)     Prepare TLABs: 0.1ms
[201.818s][debug][gc,phases   ] GC(61)     Concatenate Dirty Card Logs: 0.1ms
[201.818s][debug][gc,phases   ] GC(61)     Choose Collection Set: 0.0ms
[201.818s][debug][gc,phases   ] GC(61)     Region Register: 0.1ms
[201.818s][debug][gc,phases   ] GC(61)     Prepare Heap Roots: 0.0ms
[201.818s][info ][gc,phases   ] GC(61)   Merge Heap Roots: 0.2ms
[201.818s][debug][gc,phases   ] GC(61)     Prepare Merge Heap Roots: 0.0ms
[201.818s][debug][gc,phases   ] GC(61)     Eager Reclaim (ms):       skipped
[201.818s][debug][gc,phases   ] GC(61)     Remembered Sets (ms):     Min:  0.0, Avg:  0.0, Max:  0.0, Diff:  0.0, Sum:  0.1, Workers: 13
[201.818s][debug][gc,phases   ] GC(61)       Merged Sparse:            Min: 0, Avg:  0.0, Max: 0, Diff: 0, Sum: 0, Workers: 13
[201.818s][debug][gc,phases   ] GC(61)       Merged Fine:              Min: 0, Avg:  0.0, Max: 0, Diff: 0, Sum: 0, Workers: 13
[201.818s][debug][gc,phases   ] GC(61)       Merged Coarse:            Min: 0, Avg:  0.0, Max: 0, Diff: 0, Sum: 0, Workers: 13
[201.818s][debug][gc,phases   ] GC(61)       Dirty Cards:              Min: 0, Avg:  0.0, Max: 0, Diff: 0, Sum: 0, Workers: 13
[201.818s][debug][gc,phases   ] GC(61)     Hot Card Cache (ms):      Min:  0.0, Avg:  0.0, Max:  0.0, Diff:  0.0, Sum:  0.0, Workers: 13
[201.818s][debug][gc,phases   ] GC(61)       Dirty Cards:              Min: 0, Avg:  0.0, Max: 0, Diff: 0, Sum: 0, Workers: 13
[201.818s][debug][gc,phases   ] GC(61)       Skipped Cards:            Min: 0, Avg:  0.0, Max: 0, Diff: 0, Sum: 0, Workers: 13
[201.818s][debug][gc,phases   ] GC(61)     Log Buffers (ms):         Min:  0.0, Avg:  0.1, Max:  0.1, Diff:  0.1, Sum:  1.2, Workers: 13
[201.818s][debug][gc,phases   ] GC(61)       Dirty Cards:              Min: 8, Avg: 1509.5, Max: 3156, Diff: 3148, Sum: 19624, Workers: 13
[201.818s][debug][gc,phases   ] GC(61)       Skipped Cards:            Min: 0, Avg:  0.0, Max: 0, Diff: 0, Sum: 0, Workers: 13
[201.818s][info ][gc,phases   ] GC(61)   Evacuate Collection Set: 6.0ms
[201.818s][debug][gc,phases   ] GC(61)     Ext Root Scanning (ms):   Min:  0.4, Avg:  0.5, Max:  0.7, Diff:  0.3, Sum:  6.5, Workers: 13
[201.818s][debug][gc,phases   ] GC(61)     Scan Heap Roots (ms):     Min:  1.3, Avg:  1.7, Max:  1.9, Diff:  0.7, Sum: 21.8, Workers: 13
[201.818s][debug][gc,phases   ] GC(61)       Scanned Cards:            Min: 1169, Avg: 1509.5, Max: 1883, Diff: 714, Sum: 19624, Workers: 13
[201.818s][debug][gc,phases   ] GC(61)       Scanned Blocks:           Min: 942, Avg: 1229.6, Max: 1462, Diff: 520, Sum: 15985, Workers: 13
[201.819s][debug][gc,phases   ] GC(61)       Claimed Chunks:           Min: 8, Avg: 11.2, Max: 18, Diff: 10, Sum: 146, Workers: 13
[201.819s][debug][gc,phases   ] GC(61)     Code Root Scan (ms):      Min:  0.0, Avg:  0.0, Max:  0.0, Diff:  0.0, Sum:  0.0, Workers: 13
[201.819s][debug][gc,phases   ] GC(61)     Object Copy (ms):         Min:  3.3, Avg:  3.6, Max:  4.0, Diff:  0.6, Sum: 46.4, Workers: 13
[201.819s][debug][gc,phases   ] GC(61)     Termination (ms):         Min:  0.1, Avg:  0.2, Max:  0.2, Diff:  0.1, Sum:  2.2, Workers: 13
[201.819s][debug][gc,phases   ] GC(61)       Termination Attempts:     Min: 1, Avg:  1.0, Max: 1, Diff: 0, Sum: 13, Workers: 13
[201.819s][debug][gc,phases   ] GC(61)     GC Worker Other (ms):     Min:  0.0, Avg:  0.0, Max:  0.0, Diff:  0.0, Sum:  0.2, Workers: 13
[201.819s][debug][gc,phases   ] GC(61)     GC Worker Total (ms):     Min:  5.9, Avg:  5.9, Max:  6.0, Diff:  0.1, Sum: 77.1, Workers: 13
[201.819s][info ][gc,phases   ] GC(61)   Post Evacuate Collection Set: 0.5ms
[201.819s][debug][gc,phases   ] GC(61)     Code Roots Fixup: 0.0ms
[201.819s][debug][gc,phases   ] GC(61)     Clear Card Table: 0.2ms
[201.819s][debug][gc,phases   ] GC(61)     Reference Processing: 0.0ms
[201.819s][debug][gc,phases   ] GC(61)     Weak Processing: 0.0ms
[201.819s][debug][gc,phases   ] GC(61)       VM Weak                   Min:  0.0, Avg:  0.0, Max:  0.0, Diff:  0.0, Sum:  0.0, Workers: 2
[201.819s][debug][gc,phases   ] GC(61)         Dead                      Min: 0, Avg:  0.0, Max: 0, Diff: 0, Sum: 0, Workers: 2
[201.819s][debug][gc,phases   ] GC(61)         Total                     Min: 0, Avg: 28.5, Max: 57, Diff: 57, Sum: 57, Workers: 2
[201.819s][debug][gc,phases   ] GC(61)       ObjectSynchronizer Weak   Min:  0.0, Avg:  0.0, Max:  0.0, Diff:  0.0, Sum:  0.0, Workers: 2
[201.819s][debug][gc,phases   ] GC(61)         Dead                      Min: 0, Avg:  0.0, Max: 0, Diff: 0, Sum: 0, Workers: 2
[201.819s][debug][gc,phases   ] GC(61)         Total                     Min: 0, Avg:  4.5, Max: 9, Diff: 9, Sum: 9, Workers: 2
[201.819s][debug][gc,phases   ] GC(61)       JVMTI Tag Weak OopStorage Min:  0.0, Avg:  0.0, Max:  0.0, Diff:  0.0, Sum:  0.0, Workers: 2
[201.819s][debug][gc,phases   ] GC(61)         Dead                      Min: 0, Avg:  0.0, Max: 0, Diff: 0, Sum: 0, Workers: 2
[201.819s][debug][gc,phases   ] GC(61)         Total                     Min: 0, Avg:  0.0, Max: 0, Diff: 0, Sum: 0, Workers: 2
[201.819s][debug][gc,phases   ] GC(61)       StringTable Weak          Min:  0.0, Avg:  0.0, Max:  0.0, Diff:  0.0, Sum:  0.0, Workers: 2
[201.819s][debug][gc,phases   ] GC(61)         Dead                      Min: 0, Avg:  0.0, Max: 0, Diff: 0, Sum: 0, Workers: 2
[201.819s][debug][gc,phases   ] GC(61)         Total                     Min: 128, Avg: 339.5, Max: 551, Diff: 423, Sum: 679, Workers: 2
[201.819s][debug][gc,phases   ] GC(61)       ResolvedMethodTable Weak  Min:  0.0, Avg:  0.0, Max:  0.0, Diff:  0.0, Sum:  0.0, Workers: 2
[201.819s][debug][gc,phases   ] GC(61)         Dead                      Min: 0, Avg:  0.0, Max: 0, Diff: 0, Sum: 0, Workers: 2
[201.819s][debug][gc,phases   ] GC(61)         Total                     Min: 0, Avg: 140.5, Max: 281, Diff: 281, Sum: 281, Workers: 2
[201.819s][debug][gc,phases   ] GC(61)       JNI Weak                  Min:  0.0, Avg:  0.0, Max:  0.0, Diff:  0.0, Sum:  0.0, Workers: 2
[201.819s][debug][gc,phases   ] GC(61)         Dead                      Min: 0, Avg:  0.0, Max: 0, Diff: 0, Sum: 0, Workers: 2
[201.819s][debug][gc,phases   ] GC(61)         Total                     Min: 0, Avg:  0.0, Max: 0, Diff: 0, Sum: 0, Workers: 2
[201.819s][debug][gc,phases   ] GC(61)       Weak JFR Old Object Samples Min:  0.0, Avg:  0.0, Max:  0.0, Diff:  0.0, Sum:  0.0, Workers: 2
[201.819s][debug][gc,phases   ] GC(61)         Dead                      Min: 0, Avg:  0.0, Max: 0, Diff: 0, Sum: 0, Workers: 2
[201.819s][debug][gc,phases   ] GC(61)         Total                     Min: 0, Avg:  0.0, Max: 0, Diff: 0, Sum: 0, Workers: 2
[201.819s][debug][gc,phases   ] GC(61)     Merge Per-Thread State: 0.0ms
[201.819s][debug][gc,phases   ] GC(61)       Copied Bytes              Min: 1951696, Avg: 2136272.6, Max: 2369272, Diff: 417576, Sum: 27771544, Workers: 13
[201.819s][debug][gc,phases   ] GC(61)       LAB Waste                 Min: 560, Avg: 956.9, Max: 1336, Diff: 776, Sum: 12440, Workers: 13
[201.819s][debug][gc,phases   ] GC(61)       LAB Undo Waste            Min: 0, Avg:  0.0, Max: 0, Diff: 0, Sum: 0, Workers: 13
[201.819s][debug][gc,phases   ] GC(61)     Code Roots Purge: 0.0ms
[201.819s][debug][gc,phases   ] GC(61)     Redirty Cards: 0.1ms
[201.819s][debug][gc,phases   ] GC(61)     DerivedPointerTable Update: 0.2ms
[201.819s][debug][gc,phases   ] GC(61)     Free Collection Set: 0.1ms
[201.819s][debug][gc,phases   ] GC(61)     Rebuild Free List: 0.0ms
[201.819s][debug][gc,phases   ] GC(61)     Humongous Reclaim: 0.0ms
[201.819s][debug][gc,phases   ] GC(61)     Start New Collection Set: 0.0ms
[201.819s][debug][gc,phases   ] GC(61)     Resize TLABs: 0.1ms
[201.819s][debug][gc,phases   ] GC(61)     Expand Heap After Collection: 0.0ms
[201.819s][info ][gc,phases   ] GC(61)   Other: 0.6ms
[201.819s][info ][gc,heap     ] GC(61) Eden regions: 89->0(89)
[201.819s][info ][gc,heap     ] GC(61) Survivor regions: 4->4(12)
[201.819s][info ][gc,heap     ] GC(61) Old regions: 10->10
[201.819s][info ][gc,heap     ] GC(61) Archive regions: 2->2
[201.819s][info ][gc,heap     ] GC(61) Humongous regions: 0->0
[201.819s][info ][gc,metaspace] GC(61) Metaspace: 1646K(1792K)->1646K(1792K) NonClass: 1527K(1600K)->1527K(1600K) Class: 118K(192K)->118K(192K)
[201.819s][info ][gc          ] GC(61) Pause Young (Normal) (G1 Evacuation Pause) 821M->109M(1248M) 8.148ms
[201.819s][info ][gc,cpu      ] GC(61) User=0.07s Sys=0.01s Real=0.01s
[205.314s][info ][gc,start    ] GC(62) Pause Young (Normal) (G1 Evacuation Pause)
[205.314s][info ][gc,task     ] GC(62) Using 13 workers of 13 for evacuation
[205.321s][info ][gc,phases   ] GC(62)   Pre Evacuate Collection Set: 0.3ms
[205.321s][debug][gc,phases   ] GC(62)     Prepare TLABs: 0.2ms
[205.321s][debug][gc,phases   ] GC(62)     Concatenate Dirty Card Logs: 0.1ms
[205.321s][debug][gc,phases   ] GC(62)     Choose Collection Set: 0.0ms
[205.321s][debug][gc,phases   ] GC(62)     Region Register: 0.1ms
[205.321s][debug][gc,phases   ] GC(62)     Prepare Heap Roots: 0.0ms
[205.321s][info ][gc,phases   ] GC(62)   Merge Heap Roots: 0.2ms
[205.321s][debug][gc,phases   ] GC(62)     Prepare Merge Heap Roots: 0.0ms
[205.321s][debug][gc,phases   ] GC(62)     Eager Reclaim (ms):       skipped
[205.321s][debug][gc,phases   ] GC(62)     Remembered Sets (ms):     Min:  0.0, Avg:  0.0, Max:  0.0, Diff:  0.0, Sum:  0.0, Workers: 13
[205.321s][debug][gc,phases   ] GC(62)       Merged Sparse:            Min: 0, Avg:  0.0, Max: 0, Diff: 0, Sum: 0, Workers: 13
[205.321s][debug][gc,phases   ] GC(62)       Merged Fine:              Min: 0, Avg:  0.0, Max: 0, Diff: 0, Sum: 0, Workers: 13
[205.321s][debug][gc,phases   ] GC(62)       Merged Coarse:            Min: 0, Avg:  0.0, Max: 0, Diff: 0, Sum: 0, Workers: 13
[205.321s][debug][gc,phases   ] GC(62)       Dirty Cards:              Min: 0, Avg:  0.0, Max: 0, Diff: 0, Sum: 0, Workers: 13
[205.321s][debug][gc,phases   ] GC(62)     Hot Card Cache (ms):      Min:  0.0, Avg:  0.0, Max:  0.0, Diff:  0.0, Sum:  0.0, Workers: 13
[205.321s][debug][gc,phases   ] GC(62)       Dirty Cards:              Min: 0, Avg:  0.0, Max: 0, Diff: 0, Sum: 0, Workers: 13
[205.321s][debug][gc,phases   ] GC(62)       Skipped Cards:            Min: 0, Avg:  0.0, Max: 0, Diff: 0, Sum: 0, Workers: 13
[205.321s][debug][gc,phases   ] GC(62)     Log Buffers (ms):         Min:  0.1, Avg:  0.1, Max:  0.1, Diff:  0.0, Sum:  1.5, Workers: 13
[205.321s][debug][gc,phases   ] GC(62)       Dirty Cards:              Min: 535, Avg: 1381.9, Max: 3147, Diff: 2612, Sum: 17965, Workers: 13
[205.321s][debug][gc,phases   ] GC(62)       Skipped Cards:            Min: 0, Avg:  0.0, Max: 0, Diff: 0, Sum: 0, Workers: 13
[205.321s][info ][gc,phases   ] GC(62)   Evacuate Collection Set: 5.4ms
[205.321s][debug][gc,phases   ] GC(62)     Ext Root Scanning (ms):   Min:  0.4, Avg:  0.5, Max:  0.5, Diff:  0.1, Sum:  6.0, Workers: 13
[205.321s][debug][gc,phases   ] GC(62)     Scan Heap Roots (ms):     Min:  1.3, Avg:  1.4, Max:  1.5, Diff:  0.2, Sum: 18.0, Workers: 13
[205.321s][debug][gc,phases   ] GC(62)       Scanned Cards:            Min: 1146, Avg: 1381.5, Max: 1856, Diff: 710, Sum: 17960, Workers: 13
[205.321s][debug][gc,phases   ] GC(62)       Scanned Blocks:           Min: 958, Avg: 1137.0, Max: 1558, Diff: 600, Sum: 14781, Workers: 13
[205.321s][debug][gc,phases   ] GC(62)       Claimed Chunks:           Min: 9, Avg: 11.2, Max: 18, Diff: 9, Sum: 146, Workers: 13
[205.321s][debug][gc,phases   ] GC(62)     Code Root Scan (ms):      Min:  0.0, Avg:  0.0, Max:  0.0, Diff:  0.0, Sum:  0.0, Workers: 13
[205.321s][debug][gc,phases   ] GC(62)     Object Copy (ms):         Min:  3.2, Avg:  3.3, Max:  3.4, Diff:  0.2, Sum: 42.8, Workers: 13
[205.321s][debug][gc,phases   ] GC(62)     Termination (ms):         Min:  0.1, Avg:  0.2, Max:  0.2, Diff:  0.0, Sum:  2.1, Workers: 13
[205.321s][debug][gc,phases   ] GC(62)       Termination Attempts:     Min: 1, Avg:  1.0, Max: 1, Diff: 0, Sum: 13, Workers: 13
[205.321s][debug][gc,phases   ] GC(62)     GC Worker Other (ms):     Min:  0.0, Avg:  0.0, Max:  0.0, Diff:  0.0, Sum:  0.2, Workers: 13
[205.321s][debug][gc,phases   ] GC(62)     GC Worker Total (ms):     Min:  5.3, Avg:  5.3, Max:  5.4, Diff:  0.1, Sum: 69.1, Workers: 13
[205.321s][info ][gc,phases   ] GC(62)   Post Evacuate Collection Set: 0.3ms
[205.321s][debug][gc,phases   ] GC(62)     Code Roots Fixup: 0.0ms
[205.321s][debug][gc,phases   ] GC(62)     Clear Card Table: 0.1ms
[205.321s][debug][gc,phases   ] GC(62)     Reference Processing: 0.0ms
[205.321s][debug][gc,phases   ] GC(62)     Weak Processing: 0.0ms
[205.321s][debug][gc,phases   ] GC(62)       VM Weak                   Min:  0.0, Avg:  0.0, Max:  0.0, Diff:  0.0, Sum:  0.0, Workers: 2
[205.321s][debug][gc,phases   ] GC(62)         Dead                      Min: 0, Avg:  0.0, Max: 0, Diff: 0, Sum: 0, Workers: 2
[205.321s][debug][gc,phases   ] GC(62)         Total                     Min: 0, Avg: 28.5, Max: 57, Diff: 57, Sum: 57, Workers: 2
[205.321s][debug][gc,phases   ] GC(62)       ObjectSynchronizer Weak   Min:  0.0, Avg:  0.0, Max:  0.0, Diff:  0.0, Sum:  0.0, Workers: 2
[205.321s][debug][gc,phases   ] GC(62)         Dead                      Min: 0, Avg:  0.0, Max: 0, Diff: 0, Sum: 0, Workers: 2
[205.321s][debug][gc,phases   ] GC(62)         Total                     Min: 0, Avg:  4.5, Max: 9, Diff: 9, Sum: 9, Workers: 2
[205.321s][debug][gc,phases   ] GC(62)       JVMTI Tag Weak OopStorage Min:  0.0, Avg:  0.0, Max:  0.0, Diff:  0.0, Sum:  0.0, Workers: 2
[205.321s][debug][gc,phases   ] GC(62)         Dead                      Min: 0, Avg:  0.0, Max: 0, Diff: 0, Sum: 0, Workers: 2
[205.321s][debug][gc,phases   ] GC(62)         Total                     Min: 0, Avg:  0.0, Max: 0, Diff: 0, Sum: 0, Workers: 2
[205.321s][debug][gc,phases   ] GC(62)       StringTable Weak          Min:  0.0, Avg:  0.0, Max:  0.0, Diff:  0.0, Sum:  0.0, Workers: 2
[205.321s][debug][gc,phases   ] GC(62)         Dead                      Min: 0, Avg:  0.0, Max: 0, Diff: 0, Sum: 0, Workers: 2
[205.321s][debug][gc,phases   ] GC(62)         Total                     Min: 0, Avg: 339.5, Max: 679, Diff: 679, Sum: 679, Workers: 2
[205.321s][debug][gc,phases   ] GC(62)       ResolvedMethodTable Weak  Min:  0.0, Avg:  0.0, Max:  0.0, Diff:  0.0, Sum:  0.0, Workers: 2
[205.321s][debug][gc,phases   ] GC(62)         Dead                      Min: 0, Avg:  0.0, Max: 0, Diff: 0, Sum: 0, Workers: 2
[205.321s][debug][gc,phases   ] GC(62)         Total                     Min: 0, Avg: 140.5, Max: 281, Diff: 281, Sum: 281, Workers: 2
[205.321s][debug][gc,phases   ] GC(62)       JNI Weak                  Min:  0.0, Avg:  0.0, Max:  0.0, Diff:  0.0, Sum:  0.0, Workers: 2
[205.322s][debug][gc,phases   ] GC(62)         Dead                      Min: 0, Avg:  0.0, Max: 0, Diff: 0, Sum: 0, Workers: 2
[205.322s][debug][gc,phases   ] GC(62)         Total                     Min: 0, Avg:  0.0, Max: 0, Diff: 0, Sum: 0, Workers: 2
[205.322s][debug][gc,phases   ] GC(62)       Weak JFR Old Object Samples Min:  0.0, Avg:  0.0, Max:  0.0, Diff:  0.0, Sum:  0.0, Workers: 2
[205.322s][debug][gc,phases   ] GC(62)         Dead                      Min: 0, Avg:  0.0, Max: 0, Diff: 0, Sum: 0, Workers: 2
[205.322s][debug][gc,phases   ] GC(62)         Total                     Min: 0, Avg:  0.0, Max: 0, Diff: 0, Sum: 0, Workers: 2
[205.322s][debug][gc,phases   ] GC(62)     Merge Per-Thread State: 0.0ms
[205.322s][debug][gc,phases   ] GC(62)       Copied Bytes              Min: 1917776, Avg: 2117622.2, Max: 2499464, Diff: 581688, Sum: 27529088, Workers: 13
[205.322s][debug][gc,phases   ] GC(62)       LAB Waste                 Min: 456, Avg: 809.8, Max: 1336, Diff: 880, Sum: 10528, Workers: 13
[205.322s][debug][gc,phases   ] GC(62)       LAB Undo Waste            Min: 0, Avg:  0.0, Max: 0, Diff: 0, Sum: 0, Workers: 13
[205.322s][debug][gc,phases   ] GC(62)     Code Roots Purge: 0.0ms
[205.322s][debug][gc,phases   ] GC(62)     Redirty Cards: 0.1ms
[205.322s][debug][gc,phases   ] GC(62)     DerivedPointerTable Update: 0.1ms
[205.322s][debug][gc,phases   ] GC(62)     Free Collection Set: 0.1ms
[205.322s][debug][gc,phases   ] GC(62)     Rebuild Free List: 0.0ms
[205.322s][debug][gc,phases   ] GC(62)     Humongous Reclaim: 0.0ms
[205.322s][debug][gc,phases   ] GC(62)     Start New Collection Set: 0.0ms
[205.322s][debug][gc,phases   ] GC(62)     Resize TLABs: 0.1ms
[205.322s][debug][gc,phases   ] GC(62)     Expand Heap After Collection: 0.0ms
[205.322s][info ][gc,phases   ] GC(62)   Other: 0.6ms
[205.322s][info ][gc,heap     ] GC(62) Eden regions: 89->0(89)
[205.322s][info ][gc,heap     ] GC(62) Survivor regions: 4->4(12)
[205.322s][info ][gc,heap     ] GC(62) Old regions: 10->10
[205.322s][info ][gc,heap     ] GC(62) Archive regions: 2->2
[205.322s][info ][gc,heap     ] GC(62) Humongous regions: 0->0
[205.322s][info ][gc,metaspace] GC(62) Metaspace: 1646K(1792K)->1646K(1792K) NonClass: 1527K(1600K)->1527K(1600K) Class: 118K(192K)->118K(192K)
[205.322s][info ][gc          ] GC(62) Pause Young (Normal) (G1 Evacuation Pause) 821M->109M(1248M) 7.367ms
[205.322s][info ][gc,cpu      ] GC(62) User=0.07s Sys=0.00s Real=0.01s
[208.780s][info ][gc,start    ] GC(63) Pause Young (Normal) (G1 Evacuation Pause)
[208.780s][info ][gc,task     ] GC(63) Using 13 workers of 13 for evacuation
[208.786s][info ][gc,phases   ] GC(63)   Pre Evacuate Collection Set: 0.3ms
[208.786s][debug][gc,phases   ] GC(63)     Prepare TLABs: 0.1ms
[208.786s][debug][gc,phases   ] GC(63)     Concatenate Dirty Card Logs: 0.1ms
[208.786s][debug][gc,phases   ] GC(63)     Choose Collection Set: 0.0ms
[208.786s][debug][gc,phases   ] GC(63)     Region Register: 0.1ms
[208.786s][debug][gc,phases   ] GC(63)     Prepare Heap Roots: 0.0ms
[208.786s][info ][gc,phases   ] GC(63)   Merge Heap Roots: 0.2ms
[208.786s][debug][gc,phases   ] GC(63)     Prepare Merge Heap Roots: 0.0ms
[208.786s][debug][gc,phases   ] GC(63)     Eager Reclaim (ms):       skipped
[208.786s][debug][gc,phases   ] GC(63)     Remembered Sets (ms):     Min:  0.0, Avg:  0.0, Max:  0.0, Diff:  0.0, Sum:  0.1, Workers: 13
[208.786s][debug][gc,phases   ] GC(63)       Merged Sparse:            Min: 0, Avg:  0.0, Max: 0, Diff: 0, Sum: 0, Workers: 13
[208.786s][debug][gc,phases   ] GC(63)       Merged Fine:              Min: 0, Avg:  0.0, Max: 0, Diff: 0, Sum: 0, Workers: 13
[208.786s][debug][gc,phases   ] GC(63)       Merged Coarse:            Min: 0, Avg:  0.0, Max: 0, Diff: 0, Sum: 0, Workers: 13
[208.786s][debug][gc,phases   ] GC(63)       Dirty Cards:              Min: 0, Avg:  0.0, Max: 0, Diff: 0, Sum: 0, Workers: 13
[208.786s][debug][gc,phases   ] GC(63)     Hot Card Cache (ms):      Min:  0.0, Avg:  0.0, Max:  0.0, Diff:  0.0, Sum:  0.0, Workers: 13
[208.786s][debug][gc,phases   ] GC(63)       Dirty Cards:              Min: 0, Avg:  0.0, Max: 0, Diff: 0, Sum: 0, Workers: 13
[208.787s][debug][gc,phases   ] GC(63)       Skipped Cards:            Min: 0, Avg:  0.0, Max: 0, Diff: 0, Sum: 0, Workers: 13
[208.787s][debug][gc,phases   ] GC(63)     Log Buffers (ms):         Min:  0.1, Avg:  0.1, Max:  0.1, Diff:  0.1, Sum:  1.1, Workers: 13
[208.787s][debug][gc,phases   ] GC(63)       Dirty Cards:              Min: 341, Avg: 1360.3, Max: 3162, Diff: 2821, Sum: 17684, Workers: 13
[208.787s][debug][gc,phases   ] GC(63)       Skipped Cards:            Min: 0, Avg:  0.0, Max: 0, Diff: 0, Sum: 0, Workers: 13
[208.787s][info ][gc,phases   ] GC(63)   Evacuate Collection Set: 5.0ms
[208.787s][debug][gc,phases   ] GC(63)     Ext Root Scanning (ms):   Min:  0.4, Avg:  0.5, Max:  0.6, Diff:  0.3, Sum:  6.0, Workers: 13
[208.787s][debug][gc,phases   ] GC(63)     Scan Heap Roots (ms):     Min:  1.2, Avg:  1.3, Max:  1.3, Diff:  0.2, Sum: 16.6, Workers: 13
[208.787s][debug][gc,phases   ] GC(63)       Scanned Cards:            Min: 1120, Avg: 1360.0, Max: 2240, Diff: 1120, Sum: 17680, Workers: 13
[208.787s][debug][gc,phases   ] GC(63)       Scanned Blocks:           Min: 906, Avg: 1125.5, Max: 1630, Diff: 724, Sum: 14631, Workers: 13
[208.787s][debug][gc,phases   ] GC(63)       Claimed Chunks:           Min: 8, Avg: 11.2, Max: 21, Diff: 13, Sum: 146, Workers: 13
[208.787s][debug][gc,phases   ] GC(63)     Code Root Scan (ms):      Min:  0.0, Avg:  0.0, Max:  0.0, Diff:  0.0, Sum:  0.0, Workers: 13
[208.787s][debug][gc,phases   ] GC(63)     Object Copy (ms):         Min:  2.9, Avg:  3.1, Max:  3.3, Diff:  0.3, Sum: 40.5, Workers: 13
[208.787s][debug][gc,phases   ] GC(63)     Termination (ms):         Min:  0.1, Avg:  0.1, Max:  0.1, Diff:  0.0, Sum:  1.5, Workers: 13
[208.787s][debug][gc,phases   ] GC(63)       Termination Attempts:     Min: 1, Avg:  1.0, Max: 1, Diff: 0, Sum: 13, Workers: 13
[208.787s][debug][gc,phases   ] GC(63)     GC Worker Other (ms):     Min:  0.0, Avg:  0.0, Max:  0.0, Diff:  0.0, Sum:  0.1, Workers: 13
[208.787s][debug][gc,phases   ] GC(63)     GC Worker Total (ms):     Min:  4.9, Avg:  5.0, Max:  5.0, Diff:  0.1, Sum: 64.7, Workers: 13
[208.787s][info ][gc,phases   ] GC(63)   Post Evacuate Collection Set: 0.3ms
[208.787s][debug][gc,phases   ] GC(63)     Code Roots Fixup: 0.0ms
[208.787s][debug][gc,phases   ] GC(63)     Clear Card Table: 0.1ms
[208.787s][debug][gc,phases   ] GC(63)     Reference Processing: 0.0ms
[208.787s][debug][gc,phases   ] GC(63)     Weak Processing: 0.0ms
[208.787s][debug][gc,phases   ] GC(63)       VM Weak                   Min:  0.0, Avg:  0.0, Max:  0.0, Diff:  0.0, Sum:  0.0, Workers: 2
[208.787s][debug][gc,phases   ] GC(63)         Dead                      Min: 0, Avg:  0.0, Max: 0, Diff: 0, Sum: 0, Workers: 2
[208.787s][debug][gc,phases   ] GC(63)         Total                     Min: 0, Avg: 28.5, Max: 57, Diff: 57, Sum: 57, Workers: 2
[208.787s][debug][gc,phases   ] GC(63)       ObjectSynchronizer Weak   Min:  0.0, Avg:  0.0, Max:  0.0, Diff:  0.0, Sum:  0.0, Workers: 2
[208.787s][debug][gc,phases   ] GC(63)         Dead                      Min: 0, Avg:  0.0, Max: 0, Diff: 0, Sum: 0, Workers: 2
[208.787s][debug][gc,phases   ] GC(63)         Total                     Min: 0, Avg:  4.5, Max: 9, Diff: 9, Sum: 9, Workers: 2
[208.787s][debug][gc,phases   ] GC(63)       JVMTI Tag Weak OopStorage Min:  0.0, Avg:  0.0, Max:  0.0, Diff:  0.0, Sum:  0.0, Workers: 2
[208.787s][debug][gc,phases   ] GC(63)         Dead                      Min: 0, Avg:  0.0, Max: 0, Diff: 0, Sum: 0, Workers: 2
[208.787s][debug][gc,phases   ] GC(63)         Total                     Min: 0, Avg:  0.0, Max: 0, Diff: 0, Sum: 0, Workers: 2
[208.787s][debug][gc,phases   ] GC(63)       StringTable Weak          Min:  0.0, Avg:  0.0, Max:  0.0, Diff:  0.0, Sum:  0.0, Workers: 2
[208.787s][debug][gc,phases   ] GC(63)         Dead                      Min: 0, Avg:  0.0, Max: 0, Diff: 0, Sum: 0, Workers: 2
[208.787s][debug][gc,phases   ] GC(63)         Total                     Min: 0, Avg: 339.5, Max: 679, Diff: 679, Sum: 679, Workers: 2
[208.787s][debug][gc,phases   ] GC(63)       ResolvedMethodTable Weak  Min:  0.0, Avg:  0.0, Max:  0.0, Diff:  0.0, Sum:  0.0, Workers: 2
[208.787s][debug][gc,phases   ] GC(63)         Dead                      Min: 0, Avg:  0.0, Max: 0, Diff: 0, Sum: 0, Workers: 2
[208.787s][debug][gc,phases   ] GC(63)         Total                     Min: 0, Avg: 140.5, Max: 281, Diff: 281, Sum: 281, Workers: 2
[208.787s][debug][gc,phases   ] GC(63)       JNI Weak                  Min:  0.0, Avg:  0.0, Max:  0.0, Diff:  0.0, Sum:  0.0, Workers: 2
[208.787s][debug][gc,phases   ] GC(63)         Dead                      Min: 0, Avg:  0.0, Max: 0, Diff: 0, Sum: 0, Workers: 2
[208.787s][debug][gc,phases   ] GC(63)         Total                     Min: 0, Avg:  0.0, Max: 0, Diff: 0, Sum: 0, Workers: 2
[208.787s][debug][gc,phases   ] GC(63)       Weak JFR Old Object Samples Min:  0.0, Avg:  0.0, Max:  0.0, Diff:  0.0, Sum:  0.0, Workers: 2
[208.787s][debug][gc,phases   ] GC(63)         Dead                      Min: 0, Avg:  0.0, Max: 0, Diff: 0, Sum: 0, Workers: 2
[208.787s][debug][gc,phases   ] GC(63)         Total                     Min: 0, Avg:  0.0, Max: 0, Diff: 0, Sum: 0, Workers: 2
[208.787s][debug][gc,phases   ] GC(63)     Merge Per-Thread State: 0.0ms
[208.787s][debug][gc,phases   ] GC(63)       Copied Bytes              Min: 1871728, Avg: 2105483.7, Max: 2287840, Diff: 416112, Sum: 27371288, Workers: 13
[208.787s][debug][gc,phases   ] GC(63)       LAB Waste                 Min: 296, Avg: 950.8, Max: 1248, Diff: 952, Sum: 12360, Workers: 13
[208.787s][debug][gc,phases   ] GC(63)       LAB Undo Waste            Min: 0, Avg:  0.0, Max: 0, Diff: 0, Sum: 0, Workers: 13
[208.787s][debug][gc,phases   ] GC(63)     Code Roots Purge: 0.0ms
[208.787s][debug][gc,phases   ] GC(63)     Redirty Cards: 0.1ms
[208.787s][debug][gc,phases   ] GC(63)     DerivedPointerTable Update: 0.1ms
[208.787s][debug][gc,phases   ] GC(63)     Free Collection Set: 0.1ms
[208.787s][debug][gc,phases   ] GC(63)     Rebuild Free List: 0.0ms
[208.787s][debug][gc,phases   ] GC(63)     Humongous Reclaim: 0.0ms
[208.787s][debug][gc,phases   ] GC(63)     Start New Collection Set: 0.0ms
[208.787s][debug][gc,phases   ] GC(63)     Resize TLABs: 0.1ms
[208.787s][debug][gc,phases   ] GC(63)     Expand Heap After Collection: 0.0ms
[208.787s][info ][gc,phases   ] GC(63)   Other: 0.5ms
[208.787s][info ][gc,heap     ] GC(63) Eden regions: 89->0(89)
[208.787s][info ][gc,heap     ] GC(63) Survivor regions: 4->4(12)
[208.787s][info ][gc,heap     ] GC(63) Old regions: 10->10
[208.787s][info ][gc,heap     ] GC(63) Archive regions: 2->2
[208.787s][info ][gc,heap     ] GC(63) Humongous regions: 0->0
[208.787s][info ][gc,metaspace] GC(63) Metaspace: 1646K(1792K)->1646K(1792K) NonClass: 1527K(1600K)->1527K(1600K) Class: 118K(192K)->118K(192K)
[208.787s][info ][gc          ] GC(63) Pause Young (Normal) (G1 Evacuation Pause) 821M->110M(1248M) 6.789ms
[208.787s][info ][gc,cpu      ] GC(63) User=0.07s Sys=0.00s Real=0.00s
[212.334s][info ][gc,start    ] GC(64) Pause Young (Normal) (G1 Evacuation Pause)
[212.334s][info ][gc,task     ] GC(64) Using 13 workers of 13 for evacuation
[212.340s][info ][gc,phases   ] GC(64)   Pre Evacuate Collection Set: 0.3ms
[212.340s][debug][gc,phases   ] GC(64)     Prepare TLABs: 0.2ms
[212.340s][debug][gc,phases   ] GC(64)     Concatenate Dirty Card Logs: 0.1ms
[212.340s][debug][gc,phases   ] GC(64)     Choose Collection Set: 0.0ms
[212.340s][debug][gc,phases   ] GC(64)     Region Register: 0.1ms
[212.340s][debug][gc,phases   ] GC(64)     Prepare Heap Roots: 0.0ms
[212.341s][info ][gc,phases   ] GC(64)   Merge Heap Roots: 0.2ms
[212.341s][debug][gc,phases   ] GC(64)     Prepare Merge Heap Roots: 0.0ms
[212.341s][debug][gc,phases   ] GC(64)     Eager Reclaim (ms):       skipped
[212.341s][debug][gc,phases   ] GC(64)     Remembered Sets (ms):     Min:  0.0, Avg:  0.0, Max:  0.0, Diff:  0.0, Sum:  0.0, Workers: 13
[212.341s][debug][gc,phases   ] GC(64)       Merged Sparse:            Min: 0, Avg:  0.0, Max: 0, Diff: 0, Sum: 0, Workers: 13
[212.341s][debug][gc,phases   ] GC(64)       Merged Fine:              Min: 0, Avg:  0.0, Max: 0, Diff: 0, Sum: 0, Workers: 13
[212.341s][debug][gc,phases   ] GC(64)       Merged Coarse:            Min: 0, Avg:  0.0, Max: 0, Diff: 0, Sum: 0, Workers: 13
[212.341s][debug][gc,phases   ] GC(64)       Dirty Cards:              Min: 0, Avg:  0.0, Max: 0, Diff: 0, Sum: 0, Workers: 13
[212.341s][debug][gc,phases   ] GC(64)     Hot Card Cache (ms):      Min:  0.0, Avg:  0.0, Max:  0.0, Diff:  0.0, Sum:  0.0, Workers: 13
[212.341s][debug][gc,phases   ] GC(64)       Dirty Cards:              Min: 0, Avg:  0.0, Max: 0, Diff: 0, Sum: 0, Workers: 13
[212.341s][debug][gc,phases   ] GC(64)       Skipped Cards:            Min: 0, Avg:  0.0, Max: 0, Diff: 0, Sum: 0, Workers: 13
[212.341s][debug][gc,phases   ] GC(64)     Log Buffers (ms):         Min:  0.1, Avg:  0.1, Max:  0.1, Diff:  0.1, Sum:  1.4, Workers: 13
[212.341s][debug][gc,phases   ] GC(64)       Dirty Cards:              Min: 284, Avg: 1358.5, Max: 3084, Diff: 2800, Sum: 17660, Workers: 13
[212.341s][debug][gc,phases   ] GC(64)       Skipped Cards:            Min: 0, Avg:  0.0, Max: 0, Diff: 0, Sum: 0, Workers: 13
[212.341s][info ][gc,phases   ] GC(64)   Evacuate Collection Set: 4.8ms
[212.341s][debug][gc,phases   ] GC(64)     Ext Root Scanning (ms):   Min:  0.3, Avg:  0.4, Max:  0.5, Diff:  0.2, Sum:  5.3, Workers: 13
[212.341s][debug][gc,phases   ] GC(64)     Scan Heap Roots (ms):     Min:  1.2, Avg:  1.3, Max:  1.4, Diff:  0.3, Sum: 17.1, Workers: 13
[212.341s][debug][gc,phases   ] GC(64)       Scanned Cards:            Min: 1011, Avg: 1357.8, Max: 1798, Diff: 787, Sum: 17652, Workers: 13
[212.341s][debug][gc,phases   ] GC(64)       Scanned Blocks:           Min: 840, Avg: 1116.5, Max: 1519, Diff: 679, Sum: 14514, Workers: 13
[212.341s][debug][gc,phases   ] GC(64)       Claimed Chunks:           Min: 8, Avg: 11.3, Max: 20, Diff: 12, Sum: 147, Workers: 13
[212.341s][debug][gc,phases   ] GC(64)     Code Root Scan (ms):      Min:  0.0, Avg:  0.0, Max:  0.0, Diff:  0.0, Sum:  0.0, Workers: 13
[212.341s][debug][gc,phases   ] GC(64)     Object Copy (ms):         Min:  2.7, Avg:  2.9, Max:  3.1, Diff:  0.4, Sum: 37.7, Workers: 13
[212.341s][debug][gc,phases   ] GC(64)     Termination (ms):         Min:  0.1, Avg:  0.1, Max:  0.1, Diff:  0.0, Sum:  1.4, Workers: 13
[212.341s][debug][gc,phases   ] GC(64)       Termination Attempts:     Min: 1, Avg:  1.0, Max: 1, Diff: 0, Sum: 13, Workers: 13
[212.341s][debug][gc,phases   ] GC(64)     GC Worker Other (ms):     Min:  0.0, Avg:  0.0, Max:  0.0, Diff:  0.0, Sum:  0.1, Workers: 13
[212.341s][debug][gc,phases   ] GC(64)     GC Worker Total (ms):     Min:  4.7, Avg:  4.7, Max:  4.8, Diff:  0.1, Sum: 61.6, Workers: 13
[212.341s][info ][gc,phases   ] GC(64)   Post Evacuate Collection Set: 0.3ms
[212.341s][debug][gc,phases   ] GC(64)     Code Roots Fixup: 0.0ms
[212.341s][debug][gc,phases   ] GC(64)     Clear Card Table: 0.1ms
[212.341s][debug][gc,phases   ] GC(64)     Reference Processing: 0.0ms
[212.341s][debug][gc,phases   ] GC(64)     Weak Processing: 0.0ms
[212.341s][debug][gc,phases   ] GC(64)       VM Weak                   Min:  0.0, Avg:  0.0, Max:  0.0, Diff:  0.0, Sum:  0.0, Workers: 2
[212.341s][debug][gc,phases   ] GC(64)         Dead                      Min: 0, Avg:  0.0, Max: 0, Diff: 0, Sum: 0, Workers: 2
[212.341s][debug][gc,phases   ] GC(64)         Total                     Min: 0, Avg: 28.5, Max: 57, Diff: 57, Sum: 57, Workers: 2
[212.341s][debug][gc,phases   ] GC(64)       ObjectSynchronizer Weak   Min:  0.0, Avg:  0.0, Max:  0.0, Diff:  0.0, Sum:  0.0, Workers: 2
[212.341s][debug][gc,phases   ] GC(64)         Dead                      Min: 0, Avg:  0.0, Max: 0, Diff: 0, Sum: 0, Workers: 2
[212.341s][debug][gc,phases   ] GC(64)         Total                     Min: 0, Avg:  4.5, Max: 9, Diff: 9, Sum: 9, Workers: 2
[212.341s][debug][gc,phases   ] GC(64)       JVMTI Tag Weak OopStorage Min:  0.0, Avg:  0.0, Max:  0.0, Diff:  0.0, Sum:  0.0, Workers: 2
[212.341s][debug][gc,phases   ] GC(64)         Dead                      Min: 0, Avg:  0.0, Max: 0, Diff: 0, Sum: 0, Workers: 2
[212.341s][debug][gc,phases   ] GC(64)         Total                     Min: 0, Avg:  0.0, Max: 0, Diff: 0, Sum: 0, Workers: 2
[212.341s][debug][gc,phases   ] GC(64)       StringTable Weak          Min:  0.0, Avg:  0.0, Max:  0.0, Diff:  0.0, Sum:  0.0, Workers: 2
[212.341s][debug][gc,phases   ] GC(64)         Dead                      Min: 0, Avg:  0.0, Max: 0, Diff: 0, Sum: 0, Workers: 2
[212.341s][debug][gc,phases   ] GC(64)         Total                     Min: 0, Avg: 339.5, Max: 679, Diff: 679, Sum: 679, Workers: 2
[212.341s][debug][gc,phases   ] GC(64)       ResolvedMethodTable Weak  Min:  0.0, Avg:  0.0, Max:  0.0, Diff:  0.0, Sum:  0.0, Workers: 2
[212.341s][debug][gc,phases   ] GC(64)         Dead                      Min: 0, Avg:  0.0, Max: 0, Diff: 0, Sum: 0, Workers: 2
[212.341s][debug][gc,phases   ] GC(64)         Total                     Min: 0, Avg: 140.5, Max: 281, Diff: 281, Sum: 281, Workers: 2
[212.341s][debug][gc,phases   ] GC(64)       JNI Weak                  Min:  0.0, Avg:  0.0, Max:  0.0, Diff:  0.0, Sum:  0.0, Workers: 2
[212.341s][debug][gc,phases   ] GC(64)         Dead                      Min: 0, Avg:  0.0, Max: 0, Diff: 0, Sum: 0, Workers: 2
[212.341s][debug][gc,phases   ] GC(64)         Total                     Min: 0, Avg:  0.0, Max: 0, Diff: 0, Sum: 0, Workers: 2
[212.341s][debug][gc,phases   ] GC(64)       Weak JFR Old Object Samples Min:  0.0, Avg:  0.0, Max:  0.0, Diff:  0.0, Sum:  0.0, Workers: 2
[212.341s][debug][gc,phases   ] GC(64)         Dead                      Min: 0, Avg:  0.0, Max: 0, Diff: 0, Sum: 0, Workers: 2
[212.341s][debug][gc,phases   ] GC(64)         Total                     Min: 0, Avg:  0.0, Max: 0, Diff: 0, Sum: 0, Workers: 2
[212.341s][debug][gc,phases   ] GC(64)     Merge Per-Thread State: 0.0ms
[212.341s][debug][gc,phases   ] GC(64)       Copied Bytes              Min: 1845296, Avg: 2114924.3, Max: 2468344, Diff: 623048, Sum: 27494016, Workers: 13
[212.341s][debug][gc,phases   ] GC(64)       LAB Waste                 Min: 400, Avg: 783.4, Max: 1192, Diff: 792, Sum: 10184, Workers: 13
[212.341s][debug][gc,phases   ] GC(64)       LAB Undo Waste            Min: 0, Avg:  0.0, Max: 0, Diff: 0, Sum: 0, Workers: 13
[212.341s][debug][gc,phases   ] GC(64)     Code Roots Purge: 0.0ms
[212.341s][debug][gc,phases   ] GC(64)     Redirty Cards: 0.1ms
[212.341s][debug][gc,phases   ] GC(64)     DerivedPointerTable Update: 0.1ms
[212.341s][debug][gc,phases   ] GC(64)     Free Collection Set: 0.1ms
[212.341s][debug][gc,phases   ] GC(64)     Rebuild Free List: 0.0ms
[212.341s][debug][gc,phases   ] GC(64)     Humongous Reclaim: 0.0ms
[212.341s][debug][gc,phases   ] GC(64)     Start New Collection Set: 0.0ms
[212.341s][debug][gc,phases   ] GC(64)     Resize TLABs: 0.1ms
[212.341s][debug][gc,phases   ] GC(64)     Expand Heap After Collection: 0.0ms
[212.341s][info ][gc,phases   ] GC(64)   Other: 0.5ms
[212.341s][info ][gc,heap     ] GC(64) Eden regions: 89->0(89)
[212.341s][info ][gc,heap     ] GC(64) Survivor regions: 4->4(12)
[212.341s][info ][gc,heap     ] GC(64) Old regions: 10->10
[212.341s][info ][gc,heap     ] GC(64) Archive regions: 2->2
[212.341s][info ][gc,heap     ] GC(64) Humongous regions: 0->0
[212.341s][info ][gc,metaspace] GC(64) Metaspace: 1647K(1792K)->1647K(1792K) NonClass: 1529K(1600K)->1529K(1600K) Class: 118K(192K)->118K(192K)
[212.341s][info ][gc          ] GC(64) Pause Young (Normal) (G1 Evacuation Pause) 822M->110M(1248M) 6.944ms
[212.341s][info ][gc,cpu      ] GC(64) User=0.06s Sys=0.00s Real=0.01s
[215.807s][info ][gc,start    ] GC(65) Pause Young (Normal) (G1 Evacuation Pause)
[215.807s][info ][gc,task     ] GC(65) Using 13 workers of 13 for evacuation
[215.814s][info ][gc,phases   ] GC(65)   Pre Evacuate Collection Set: 0.4ms
[215.814s][debug][gc,phases   ] GC(65)     Prepare TLABs: 0.2ms
[215.814s][debug][gc,phases   ] GC(65)     Concatenate Dirty Card Logs: 0.1ms
[215.814s][debug][gc,phases   ] GC(65)     Choose Collection Set: 0.0ms
[215.814s][debug][gc,phases   ] GC(65)     Region Register: 0.1ms
[215.814s][debug][gc,phases   ] GC(65)     Prepare Heap Roots: 0.0ms
[215.814s][info ][gc,phases   ] GC(65)   Merge Heap Roots: 0.2ms
[215.814s][debug][gc,phases   ] GC(65)     Prepare Merge Heap Roots: 0.0ms
[215.814s][debug][gc,phases   ] GC(65)     Eager Reclaim (ms):       skipped
[215.814s][debug][gc,phases   ] GC(65)     Remembered Sets (ms):     Min:  0.0, Avg:  0.0, Max:  0.0, Diff:  0.0, Sum:  0.1, Workers: 13
[215.814s][debug][gc,phases   ] GC(65)       Merged Sparse:            Min: 0, Avg:  0.0, Max: 0, Diff: 0, Sum: 0, Workers: 13
[215.814s][debug][gc,phases   ] GC(65)       Merged Fine:              Min: 0, Avg:  0.0, Max: 0, Diff: 0, Sum: 0, Workers: 13
[215.814s][debug][gc,phases   ] GC(65)       Merged Coarse:            Min: 0, Avg:  0.0, Max: 0, Diff: 0, Sum: 0, Workers: 13
[215.814s][debug][gc,phases   ] GC(65)       Dirty Cards:              Min: 0, Avg:  0.0, Max: 0, Diff: 0, Sum: 0, Workers: 13
[215.814s][debug][gc,phases   ] GC(65)     Hot Card Cache (ms):      Min:  0.0, Avg:  0.0, Max:  0.0, Diff:  0.0, Sum:  0.1, Workers: 13
[215.814s][debug][gc,phases   ] GC(65)       Dirty Cards:              Min: 0, Avg:  0.0, Max: 0, Diff: 0, Sum: 0, Workers: 13
[215.814s][debug][gc,phases   ] GC(65)       Skipped Cards:            Min: 0, Avg:  0.0, Max: 0, Diff: 0, Sum: 0, Workers: 13
[215.814s][debug][gc,phases   ] GC(65)     Log Buffers (ms):         Min:  0.1, Avg:  0.1, Max:  0.2, Diff:  0.0, Sum:  1.9, Workers: 13
[215.814s][debug][gc,phases   ] GC(65)       Dirty Cards:              Min: 744, Avg: 1338.3, Max: 2776, Diff: 2032, Sum: 17398, Workers: 13
[215.814s][debug][gc,phases   ] GC(65)       Skipped Cards:            Min: 0, Avg:  0.0, Max: 0, Diff: 0, Sum: 0, Workers: 13
[215.814s][info ][gc,phases   ] GC(65)   Evacuate Collection Set: 6.2ms
[215.814s][debug][gc,phases   ] GC(65)     Ext Root Scanning (ms):   Min:  0.5, Avg:  0.6, Max:  0.7, Diff:  0.3, Sum:  8.0, Workers: 13
[215.814s][debug][gc,phases   ] GC(65)     Scan Heap Roots (ms):     Min:  1.3, Avg:  1.6, Max:  1.8, Diff:  0.5, Sum: 20.5, Workers: 13
[215.814s][debug][gc,phases   ] GC(65)       Scanned Cards:            Min: 1105, Avg: 1338.2, Max: 1926, Diff: 821, Sum: 17396, Workers: 13
[215.814s][debug][gc,phases   ] GC(65)       Scanned Blocks:           Min: 862, Avg: 1102.5, Max: 1392, Diff: 530, Sum: 14333, Workers: 13
[215.814s][debug][gc,phases   ] GC(65)       Claimed Chunks:           Min: 9, Avg: 11.3, Max: 20, Diff: 11, Sum: 147, Workers: 13
[215.814s][debug][gc,phases   ] GC(65)     Code Root Scan (ms):      Min:  0.0, Avg:  0.0, Max:  0.0, Diff:  0.0, Sum:  0.0, Workers: 13
[215.814s][debug][gc,phases   ] GC(65)     Object Copy (ms):         Min:  3.5, Avg:  3.7, Max:  4.1, Diff:  0.7, Sum: 48.1, Workers: 13
[215.814s][debug][gc,phases   ] GC(65)     Termination (ms):         Min:  0.1, Avg:  0.2, Max:  0.3, Diff:  0.1, Sum:  2.3, Workers: 13
[215.814s][debug][gc,phases   ] GC(65)       Termination Attempts:     Min: 1, Avg:  1.0, Max: 1, Diff: 0, Sum: 13, Workers: 13
[215.815s][debug][gc,phases   ] GC(65)     GC Worker Other (ms):     Min:  0.0, Avg:  0.0, Max:  0.0, Diff:  0.0, Sum:  0.2, Workers: 13
[215.815s][debug][gc,phases   ] GC(65)     GC Worker Total (ms):     Min:  6.0, Avg:  6.1, Max:  6.2, Diff:  0.1, Sum: 79.2, Workers: 13
[215.815s][info ][gc,phases   ] GC(65)   Post Evacuate Collection Set: 0.4ms
[215.815s][debug][gc,phases   ] GC(65)     Code Roots Fixup: 0.0ms
[215.815s][debug][gc,phases   ] GC(65)     Clear Card Table: 0.1ms
[215.815s][debug][gc,phases   ] GC(65)     Reference Processing: 0.0ms
[215.815s][debug][gc,phases   ] GC(65)     Weak Processing: 0.0ms
[215.815s][debug][gc,phases   ] GC(65)       VM Weak                   Min:  0.0, Avg:  0.0, Max:  0.0, Diff:  0.0, Sum:  0.0, Workers: 2
[215.815s][debug][gc,phases   ] GC(65)         Dead                      Min: 0, Avg:  0.0, Max: 0, Diff: 0, Sum: 0, Workers: 2
[215.815s][debug][gc,phases   ] GC(65)         Total                     Min: 0, Avg: 28.5, Max: 57, Diff: 57, Sum: 57, Workers: 2
[215.815s][debug][gc,phases   ] GC(65)       ObjectSynchronizer Weak   Min:  0.0, Avg:  0.0, Max:  0.0, Diff:  0.0, Sum:  0.0, Workers: 2
[215.815s][debug][gc,phases   ] GC(65)         Dead                      Min: 0, Avg:  0.0, Max: 0, Diff: 0, Sum: 0, Workers: 2
[215.815s][debug][gc,phases   ] GC(65)         Total                     Min: 0, Avg:  4.5, Max: 9, Diff: 9, Sum: 9, Workers: 2
[215.815s][debug][gc,phases   ] GC(65)       JVMTI Tag Weak OopStorage Min:  0.0, Avg:  0.0, Max:  0.0, Diff:  0.0, Sum:  0.0, Workers: 2
[215.815s][debug][gc,phases   ] GC(65)         Dead                      Min: 0, Avg:  0.0, Max: 0, Diff: 0, Sum: 0, Workers: 2
[215.815s][debug][gc,phases   ] GC(65)         Total                     Min: 0, Avg:  0.0, Max: 0, Diff: 0, Sum: 0, Workers: 2
[215.815s][debug][gc,phases   ] GC(65)       StringTable Weak          Min:  0.0, Avg:  0.0, Max:  0.0, Diff:  0.0, Sum:  0.0, Workers: 2
[215.815s][debug][gc,phases   ] GC(65)         Dead                      Min: 0, Avg:  0.0, Max: 0, Diff: 0, Sum: 0, Workers: 2
[215.815s][debug][gc,phases   ] GC(65)         Total                     Min: 0, Avg: 339.5, Max: 679, Diff: 679, Sum: 679, Workers: 2
[215.815s][debug][gc,phases   ] GC(65)       ResolvedMethodTable Weak  Min:  0.0, Avg:  0.0, Max:  0.0, Diff:  0.0, Sum:  0.0, Workers: 2
[215.815s][debug][gc,phases   ] GC(65)         Dead                      Min: 0, Avg:  0.0, Max: 0, Diff: 0, Sum: 0, Workers: 2
[215.815s][debug][gc,phases   ] GC(65)         Total                     Min: 0, Avg: 140.5, Max: 281, Diff: 281, Sum: 281, Workers: 2
[215.815s][debug][gc,phases   ] GC(65)       JNI Weak                  Min:  0.0, Avg:  0.0, Max:  0.0, Diff:  0.0, Sum:  0.0, Workers: 2
[215.815s][debug][gc,phases   ] GC(65)         Dead                      Min: 0, Avg:  0.0, Max: 0, Diff: 0, Sum: 0, Workers: 2
[215.815s][debug][gc,phases   ] GC(65)         Total                     Min: 0, Avg:  0.0, Max: 0, Diff: 0, Sum: 0, Workers: 2
[215.815s][debug][gc,phases   ] GC(65)       Weak JFR Old Object Samples Min:  0.0, Avg:  0.0, Max:  0.0, Diff:  0.0, Sum:  0.0, Workers: 2
[215.815s][debug][gc,phases   ] GC(65)         Dead                      Min: 0, Avg:  0.0, Max: 0, Diff: 0, Sum: 0, Workers: 2
[215.815s][debug][gc,phases   ] GC(65)         Total                     Min: 0, Avg:  0.0, Max: 0, Diff: 0, Sum: 0, Workers: 2
[215.815s][debug][gc,phases   ] GC(65)     Merge Per-Thread State: 0.0ms
[215.815s][debug][gc,phases   ] GC(65)       Copied Bytes              Min: 2021360, Avg: 2131961.2, Max: 2390832, Diff: 369472, Sum: 27715496, Workers: 13
[215.815s][debug][gc,phases   ] GC(65)       LAB Waste                 Min: 224, Avg: 679.4, Max: 976, Diff: 752, Sum: 8832, Workers: 13
[215.815s][debug][gc,phases   ] GC(65)       LAB Undo Waste            Min: 0, Avg:  0.0, Max: 0, Diff: 0, Sum: 0, Workers: 13
[215.815s][debug][gc,phases   ] GC(65)     Code Roots Purge: 0.0ms
[215.815s][debug][gc,phases   ] GC(65)     Redirty Cards: 0.1ms
[215.815s][debug][gc,phases   ] GC(65)     DerivedPointerTable Update: 0.1ms
[215.815s][debug][gc,phases   ] GC(65)     Free Collection Set: 0.1ms
[215.815s][debug][gc,phases   ] GC(65)     Rebuild Free List: 0.0ms
[215.815s][debug][gc,phases   ] GC(65)     Humongous Reclaim: 0.0ms
[215.815s][debug][gc,phases   ] GC(65)     Start New Collection Set: 0.0ms
[215.815s][debug][gc,phases   ] GC(65)     Resize TLABs: 0.1ms
[215.815s][debug][gc,phases   ] GC(65)     Expand Heap After Collection: 0.0ms
[215.815s][info ][gc,phases   ] GC(65)   Other: 0.7ms
[215.815s][info ][gc,heap     ] GC(65) Eden regions: 89->0(89)
[215.815s][info ][gc,heap     ] GC(65) Survivor regions: 4->4(12)
[215.815s][info ][gc,heap     ] GC(65) Old regions: 10->10
[215.815s][info ][gc,heap     ] GC(65) Archive regions: 2->2
[215.815s][info ][gc,heap     ] GC(65) Humongous regions: 0->0
[215.815s][info ][gc,metaspace] GC(65) Metaspace: 1647K(1792K)->1647K(1792K) NonClass: 1529K(1600K)->1529K(1600K) Class: 118K(192K)->118K(192K)
[215.815s][info ][gc          ] GC(65) Pause Young (Normal) (G1 Evacuation Pause) 822M->110M(1248M) 8.512ms
[215.815s][info ][gc,cpu      ] GC(65) User=0.08s Sys=0.00s Real=0.01s
[219.273s][info ][gc,start    ] GC(66) Pause Young (Normal) (G1 Evacuation Pause)
[219.273s][info ][gc,task     ] GC(66) Using 13 workers of 13 for evacuation
[219.279s][info ][gc,phases   ] GC(66)   Pre Evacuate Collection Set: 0.2ms
[219.279s][debug][gc,phases   ] GC(66)     Prepare TLABs: 0.1ms
[219.279s][debug][gc,phases   ] GC(66)     Concatenate Dirty Card Logs: 0.1ms
[219.279s][debug][gc,phases   ] GC(66)     Choose Collection Set: 0.0ms
[219.279s][debug][gc,phases   ] GC(66)     Region Register: 0.0ms
[219.279s][debug][gc,phases   ] GC(66)     Prepare Heap Roots: 0.0ms
[219.279s][info ][gc,phases   ] GC(66)   Merge Heap Roots: 0.1ms
[219.279s][debug][gc,phases   ] GC(66)     Prepare Merge Heap Roots: 0.0ms
[219.279s][debug][gc,phases   ] GC(66)     Eager Reclaim (ms):       skipped
[219.279s][debug][gc,phases   ] GC(66)     Remembered Sets (ms):     Min:  0.0, Avg:  0.0, Max:  0.0, Diff:  0.0, Sum:  0.2, Workers: 13
[219.279s][debug][gc,phases   ] GC(66)       Merged Sparse:            Min: 0, Avg:  0.0, Max: 0, Diff: 0, Sum: 0, Workers: 13
[219.279s][debug][gc,phases   ] GC(66)       Merged Fine:              Min: 0, Avg:  0.0, Max: 0, Diff: 0, Sum: 0, Workers: 13
[219.279s][debug][gc,phases   ] GC(66)       Merged Coarse:            Min: 0, Avg:  0.0, Max: 0, Diff: 0, Sum: 0, Workers: 13
[219.279s][debug][gc,phases   ] GC(66)       Dirty Cards:              Min: 0, Avg:  0.0, Max: 0, Diff: 0, Sum: 0, Workers: 13
[219.279s][debug][gc,phases   ] GC(66)     Hot Card Cache (ms):      Min:  0.0, Avg:  0.0, Max:  0.0, Diff:  0.0, Sum:  0.0, Workers: 13
[219.279s][debug][gc,phases   ] GC(66)       Dirty Cards:              Min: 0, Avg:  0.0, Max: 0, Diff: 0, Sum: 0, Workers: 13
[219.279s][debug][gc,phases   ] GC(66)       Skipped Cards:            Min: 0, Avg:  0.0, Max: 0, Diff: 0, Sum: 0, Workers: 13
[219.279s][debug][gc,phases   ] GC(66)     Log Buffers (ms):         Min:  0.1, Avg:  0.1, Max:  0.1, Diff:  0.0, Sum:  1.2, Workers: 13
[219.279s][debug][gc,phases   ] GC(66)       Dirty Cards:              Min: 1083, Avg: 1448.3, Max: 1883, Diff: 800, Sum: 18828, Workers: 13
[219.279s][debug][gc,phases   ] GC(66)       Skipped Cards:            Min: 0, Avg:  0.0, Max: 0, Diff: 0, Sum: 0, Workers: 13
[219.279s][info ][gc,phases   ] GC(66)   Evacuate Collection Set: 5.2ms
[219.279s][debug][gc,phases   ] GC(66)     Ext Root Scanning (ms):   Min:  0.3, Avg:  0.4, Max:  0.5, Diff:  0.1, Sum:  5.4, Workers: 13
[219.279s][debug][gc,phases   ] GC(66)     Scan Heap Roots (ms):     Min:  1.4, Avg:  1.5, Max:  1.7, Diff:  0.3, Sum: 19.7, Workers: 13
[219.279s][debug][gc,phases   ] GC(66)       Scanned Cards:            Min: 1253, Avg: 1448.1, Max: 1997, Diff: 744, Sum: 18825, Workers: 13
[219.279s][debug][gc,phases   ] GC(66)       Scanned Blocks:           Min: 998, Avg: 1184.9, Max: 1417, Diff: 419, Sum: 15404, Workers: 13
[219.279s][debug][gc,phases   ] GC(66)       Claimed Chunks:           Min: 9, Avg: 11.3, Max: 18, Diff: 9, Sum: 147, Workers: 13
[219.279s][debug][gc,phases   ] GC(66)     Code Root Scan (ms):      Min:  0.0, Avg:  0.0, Max:  0.0, Diff:  0.0, Sum:  0.0, Workers: 13
[219.279s][debug][gc,phases   ] GC(66)     Object Copy (ms):         Min:  2.9, Avg:  3.0, Max:  3.1, Diff:  0.3, Sum: 39.0, Workers: 13
[219.279s][debug][gc,phases   ] GC(66)     Termination (ms):         Min:  0.1, Avg:  0.2, Max:  0.2, Diff:  0.1, Sum:  2.1, Workers: 13
[219.280s][debug][gc,phases   ] GC(66)       Termination Attempts:     Min: 1, Avg:  1.0, Max: 1, Diff: 0, Sum: 13, Workers: 13
[219.280s][debug][gc,phases   ] GC(66)     GC Worker Other (ms):     Min:  0.0, Avg:  0.0, Max:  0.0, Diff:  0.0, Sum:  0.1, Workers: 13
[219.280s][debug][gc,phases   ] GC(66)     GC Worker Total (ms):     Min:  5.0, Avg:  5.1, Max:  5.2, Diff:  0.1, Sum: 66.3, Workers: 13
[219.280s][info ][gc,phases   ] GC(66)   Post Evacuate Collection Set: 0.4ms
[219.280s][debug][gc,phases   ] GC(66)     Code Roots Fixup: 0.0ms
[219.280s][debug][gc,phases   ] GC(66)     Clear Card Table: 0.1ms
[219.280s][debug][gc,phases   ] GC(66)     Reference Processing: 0.0ms
[219.280s][debug][gc,phases   ] GC(66)     Weak Processing: 0.0ms
[219.280s][debug][gc,phases   ] GC(66)       VM Weak                   Min:  0.0, Avg:  0.0, Max:  0.0, Diff:  0.0, Sum:  0.0, Workers: 2
[219.280s][debug][gc,phases   ] GC(66)         Dead                      Min: 0, Avg:  0.0, Max: 0, Diff: 0, Sum: 0, Workers: 2
[219.280s][debug][gc,phases   ] GC(66)         Total                     Min: 0, Avg: 28.5, Max: 57, Diff: 57, Sum: 57, Workers: 2
[219.280s][debug][gc,phases   ] GC(66)       ObjectSynchronizer Weak   Min:  0.0, Avg:  0.0, Max:  0.0, Diff:  0.0, Sum:  0.0, Workers: 2
[219.280s][debug][gc,phases   ] GC(66)         Dead                      Min: 0, Avg:  0.0, Max: 0, Diff: 0, Sum: 0, Workers: 2
[219.280s][debug][gc,phases   ] GC(66)         Total                     Min: 0, Avg:  4.5, Max: 9, Diff: 9, Sum: 9, Workers: 2
[219.280s][debug][gc,phases   ] GC(66)       JVMTI Tag Weak OopStorage Min:  0.0, Avg:  0.0, Max:  0.0, Diff:  0.0, Sum:  0.0, Workers: 2
[219.280s][debug][gc,phases   ] GC(66)         Dead                      Min: 0, Avg:  0.0, Max: 0, Diff: 0, Sum: 0, Workers: 2
[219.280s][debug][gc,phases   ] GC(66)         Total                     Min: 0, Avg:  0.0, Max: 0, Diff: 0, Sum: 0, Workers: 2
[219.280s][debug][gc,phases   ] GC(66)       StringTable Weak          Min:  0.0, Avg:  0.0, Max:  0.0, Diff:  0.0, Sum:  0.0, Workers: 2
[219.280s][debug][gc,phases   ] GC(66)         Dead                      Min: 0, Avg:  0.0, Max: 0, Diff: 0, Sum: 0, Workers: 2
[219.280s][debug][gc,phases   ] GC(66)         Total                     Min: 0, Avg: 339.5, Max: 679, Diff: 679, Sum: 679, Workers: 2
[219.280s][debug][gc,phases   ] GC(66)       ResolvedMethodTable Weak  Min:  0.0, Avg:  0.0, Max:  0.0, Diff:  0.0, Sum:  0.0, Workers: 2
[219.280s][debug][gc,phases   ] GC(66)         Dead                      Min: 0, Avg:  0.0, Max: 0, Diff: 0, Sum: 0, Workers: 2
[219.280s][debug][gc,phases   ] GC(66)         Total                     Min: 0, Avg: 140.5, Max: 281, Diff: 281, Sum: 281, Workers: 2
[219.280s][debug][gc,phases   ] GC(66)       JNI Weak                  Min:  0.0, Avg:  0.0, Max:  0.0, Diff:  0.0, Sum:  0.0, Workers: 2
[219.280s][debug][gc,phases   ] GC(66)         Dead                      Min: 0, Avg:  0.0, Max: 0, Diff: 0, Sum: 0, Workers: 2
[219.280s][debug][gc,phases   ] GC(66)         Total                     Min: 0, Avg:  0.0, Max: 0, Diff: 0, Sum: 0, Workers: 2
[219.280s][debug][gc,phases   ] GC(66)       Weak JFR Old Object Samples Min:  0.0, Avg:  0.0, Max:  0.0, Diff:  0.0, Sum:  0.0, Workers: 2
[219.280s][debug][gc,phases   ] GC(66)         Dead                      Min: 0, Avg:  0.0, Max: 0, Diff: 0, Sum: 0, Workers: 2
[219.280s][debug][gc,phases   ] GC(66)         Total                     Min: 0, Avg:  0.0, Max: 0, Diff: 0, Sum: 0, Workers: 2
[219.280s][debug][gc,phases   ] GC(66)     Merge Per-Thread State: 0.0ms
[219.280s][debug][gc,phases   ] GC(66)       Copied Bytes              Min: 1992776, Avg: 2137088.6, Max: 2415592, Diff: 422816, Sum: 27782152, Workers: 13
[219.280s][debug][gc,phases   ] GC(66)       LAB Waste                 Min: 528, Avg: 903.4, Max: 1264, Diff: 736, Sum: 11744, Workers: 13
[219.280s][debug][gc,phases   ] GC(66)       LAB Undo Waste            Min: 0, Avg:  0.0, Max: 0, Diff: 0, Sum: 0, Workers: 13
[219.280s][debug][gc,phases   ] GC(66)     Code Roots Purge: 0.0ms
[219.280s][debug][gc,phases   ] GC(66)     Redirty Cards: 0.1ms
[219.280s][debug][gc,phases   ] GC(66)     DerivedPointerTable Update: 0.1ms
[219.280s][debug][gc,phases   ] GC(66)     Free Collection Set: 0.1ms
[219.280s][debug][gc,phases   ] GC(66)     Rebuild Free List: 0.0ms
[219.280s][debug][gc,phases   ] GC(66)     Humongous Reclaim: 0.0ms
[219.280s][debug][gc,phases   ] GC(66)     Start New Collection Set: 0.0ms
[219.280s][debug][gc,phases   ] GC(66)     Resize TLABs: 0.1ms
[219.280s][debug][gc,phases   ] GC(66)     Expand Heap After Collection: 0.0ms
[219.280s][info ][gc,phases   ] GC(66)   Other: 0.5ms
[219.280s][info ][gc,heap     ] GC(66) Eden regions: 89->0(89)
[219.280s][info ][gc,heap     ] GC(66) Survivor regions: 4->4(12)
[219.280s][info ][gc,heap     ] GC(66) Old regions: 10->10
[219.280s][info ][gc,heap     ] GC(66) Archive regions: 2->2
[219.280s][info ][gc,heap     ] GC(66) Humongous regions: 0->0
[219.280s][info ][gc,metaspace] GC(66) Metaspace: 1647K(1792K)->1647K(1792K) NonClass: 1529K(1600K)->1529K(1600K) Class: 118K(192K)->118K(192K)
[219.280s][info ][gc          ] GC(66) Pause Young (Normal) (G1 Evacuation Pause) 822M->110M(1248M) 7.448ms
[219.280s][info ][gc,cpu      ] GC(66) User=0.07s Sys=0.00s Real=0.01s
[222.692s][info ][gc,start    ] GC(67) Pause Young (Normal) (G1 Evacuation Pause)
[222.692s][info ][gc,task     ] GC(67) Using 13 workers of 13 for evacuation
[222.699s][info ][gc,phases   ] GC(67)   Pre Evacuate Collection Set: 0.3ms
[222.699s][debug][gc,phases   ] GC(67)     Prepare TLABs: 0.2ms
[222.699s][debug][gc,phases   ] GC(67)     Concatenate Dirty Card Logs: 0.1ms
[222.699s][debug][gc,phases   ] GC(67)     Choose Collection Set: 0.0ms
[222.699s][debug][gc,phases   ] GC(67)     Region Register: 0.1ms
[222.699s][debug][gc,phases   ] GC(67)     Prepare Heap Roots: 0.0ms
[222.699s][info ][gc,phases   ] GC(67)   Merge Heap Roots: 0.2ms
[222.699s][debug][gc,phases   ] GC(67)     Prepare Merge Heap Roots: 0.0ms
[222.699s][debug][gc,phases   ] GC(67)     Eager Reclaim (ms):       skipped
[222.699s][debug][gc,phases   ] GC(67)     Remembered Sets (ms):     Min:  0.0, Avg:  0.0, Max:  0.0, Diff:  0.0, Sum:  0.1, Workers: 13
[222.699s][debug][gc,phases   ] GC(67)       Merged Sparse:            Min: 0, Avg:  0.0, Max: 0, Diff: 0, Sum: 0, Workers: 13
[222.699s][debug][gc,phases   ] GC(67)       Merged Fine:              Min: 0, Avg:  0.0, Max: 0, Diff: 0, Sum: 0, Workers: 13
[222.699s][debug][gc,phases   ] GC(67)       Merged Coarse:            Min: 0, Avg:  0.0, Max: 0, Diff: 0, Sum: 0, Workers: 13
[222.699s][debug][gc,phases   ] GC(67)       Dirty Cards:              Min: 0, Avg:  0.0, Max: 0, Diff: 0, Sum: 0, Workers: 13
[222.699s][debug][gc,phases   ] GC(67)     Hot Card Cache (ms):      Min:  0.0, Avg:  0.0, Max:  0.0, Diff:  0.0, Sum:  0.0, Workers: 13
[222.699s][debug][gc,phases   ] GC(67)       Dirty Cards:              Min: 0, Avg:  0.0, Max: 0, Diff: 0, Sum: 0, Workers: 13
[222.699s][debug][gc,phases   ] GC(67)       Skipped Cards:            Min: 0, Avg:  0.0, Max: 0, Diff: 0, Sum: 0, Workers: 13
[222.699s][debug][gc,phases   ] GC(67)     Log Buffers (ms):         Min:  0.1, Avg:  0.1, Max:  0.1, Diff:  0.0, Sum:  1.6, Workers: 13
[222.699s][debug][gc,phases   ] GC(67)       Dirty Cards:              Min: 535, Avg: 1326.0, Max: 2677, Diff: 2142, Sum: 17238, Workers: 13
[222.699s][debug][gc,phases   ] GC(67)       Skipped Cards:            Min: 0, Avg:  0.0, Max: 0, Diff: 0, Sum: 0, Workers: 13
[222.699s][info ][gc,phases   ] GC(67)   Evacuate Collection Set: 5.7ms
[222.699s][debug][gc,phases   ] GC(67)     Ext Root Scanning (ms):   Min:  0.3, Avg:  0.5, Max:  0.6, Diff:  0.2, Sum:  6.1, Workers: 13
[222.699s][debug][gc,phases   ] GC(67)     Scan Heap Roots (ms):     Min:  1.4, Avg:  1.5, Max:  1.6, Diff:  0.2, Sum: 20.0, Workers: 13
[222.699s][debug][gc,phases   ] GC(67)       Scanned Cards:            Min: 1089, Avg: 1325.5, Max: 2224, Diff: 1135, Sum: 17231, Workers: 13
[222.699s][debug][gc,phases   ] GC(67)       Scanned Blocks:           Min: 934, Avg: 1095.2, Max: 1576, Diff: 642, Sum: 14238, Workers: 13
[222.699s][debug][gc,phases   ] GC(67)       Claimed Chunks:           Min: 9, Avg: 11.3, Max: 21, Diff: 12, Sum: 147, Workers: 13
[222.699s][debug][gc,phases   ] GC(67)     Code Root Scan (ms):      Min:  0.0, Avg:  0.0, Max:  0.0, Diff:  0.0, Sum:  0.0, Workers: 13
[222.699s][debug][gc,phases   ] GC(67)     Object Copy (ms):         Min:  3.2, Avg:  3.3, Max:  3.4, Diff:  0.3, Sum: 43.1, Workers: 13
[222.699s][debug][gc,phases   ] GC(67)     Termination (ms):         Min:  0.1, Avg:  0.1, Max:  0.2, Diff:  0.0, Sum:  1.9, Workers: 13
[222.699s][debug][gc,phases   ] GC(67)       Termination Attempts:     Min: 1, Avg:  1.0, Max: 1, Diff: 0, Sum: 13, Workers: 13
[222.699s][debug][gc,phases   ] GC(67)     GC Worker Other (ms):     Min:  0.0, Avg:  0.0, Max:  0.1, Diff:  0.1, Sum:  0.4, Workers: 13
[222.699s][debug][gc,phases   ] GC(67)     GC Worker Total (ms):     Min:  5.4, Avg:  5.5, Max:  5.6, Diff:  0.2, Sum: 71.4, Workers: 13
[222.699s][info ][gc,phases   ] GC(67)   Post Evacuate Collection Set: 0.3ms
[222.699s][debug][gc,phases   ] GC(67)     Code Roots Fixup: 0.0ms
[222.699s][debug][gc,phases   ] GC(67)     Clear Card Table: 0.1ms
[222.699s][debug][gc,phases   ] GC(67)     Reference Processing: 0.0ms
[222.700s][debug][gc,phases   ] GC(67)     Weak Processing: 0.0ms
[222.700s][debug][gc,phases   ] GC(67)       VM Weak                   Min:  0.0, Avg:  0.0, Max:  0.0, Diff:  0.0, Sum:  0.0, Workers: 2
[222.700s][debug][gc,phases   ] GC(67)         Dead                      Min: 0, Avg:  0.0, Max: 0, Diff: 0, Sum: 0, Workers: 2
[222.700s][debug][gc,phases   ] GC(67)         Total                     Min: 0, Avg: 28.5, Max: 57, Diff: 57, Sum: 57, Workers: 2
[222.700s][debug][gc,phases   ] GC(67)       ObjectSynchronizer Weak   Min:  0.0, Avg:  0.0, Max:  0.0, Diff:  0.0, Sum:  0.0, Workers: 2
[222.700s][debug][gc,phases   ] GC(67)         Dead                      Min: 0, Avg:  0.0, Max: 0, Diff: 0, Sum: 0, Workers: 2
[222.700s][debug][gc,phases   ] GC(67)         Total                     Min: 0, Avg:  4.5, Max: 9, Diff: 9, Sum: 9, Workers: 2
[222.700s][debug][gc,phases   ] GC(67)       JVMTI Tag Weak OopStorage Min:  0.0, Avg:  0.0, Max:  0.0, Diff:  0.0, Sum:  0.0, Workers: 2
[222.700s][debug][gc,phases   ] GC(67)         Dead                      Min: 0, Avg:  0.0, Max: 0, Diff: 0, Sum: 0, Workers: 2
[222.700s][debug][gc,phases   ] GC(67)         Total                     Min: 0, Avg:  0.0, Max: 0, Diff: 0, Sum: 0, Workers: 2
[222.700s][debug][gc,phases   ] GC(67)       StringTable Weak          Min:  0.0, Avg:  0.0, Max:  0.0, Diff:  0.0, Sum:  0.0, Workers: 2
[222.700s][debug][gc,phases   ] GC(67)         Dead                      Min: 0, Avg:  0.0, Max: 0, Diff: 0, Sum: 0, Workers: 2
[222.700s][debug][gc,phases   ] GC(67)         Total                     Min: 0, Avg: 339.5, Max: 679, Diff: 679, Sum: 679, Workers: 2
[222.700s][debug][gc,phases   ] GC(67)       ResolvedMethodTable Weak  Min:  0.0, Avg:  0.0, Max:  0.0, Diff:  0.0, Sum:  0.0, Workers: 2
[222.700s][debug][gc,phases   ] GC(67)         Dead                      Min: 0, Avg:  0.0, Max: 0, Diff: 0, Sum: 0, Workers: 2
[222.700s][debug][gc,phases   ] GC(67)         Total                     Min: 0, Avg: 140.5, Max: 281, Diff: 281, Sum: 281, Workers: 2
[222.700s][debug][gc,phases   ] GC(67)       JNI Weak                  Min:  0.0, Avg:  0.0, Max:  0.0, Diff:  0.0, Sum:  0.0, Workers: 2
[222.700s][debug][gc,phases   ] GC(67)         Dead                      Min: 0, Avg:  0.0, Max: 0, Diff: 0, Sum: 0, Workers: 2
[222.700s][debug][gc,phases   ] GC(67)         Total                     Min: 0, Avg:  0.0, Max: 0, Diff: 0, Sum: 0, Workers: 2
[222.700s][debug][gc,phases   ] GC(67)       Weak JFR Old Object Samples Min:  0.0, Avg:  0.0, Max:  0.0, Diff:  0.0, Sum:  0.0, Workers: 2
[222.700s][debug][gc,phases   ] GC(67)         Dead                      Min: 0, Avg:  0.0, Max: 0, Diff: 0, Sum: 0, Workers: 2
[222.700s][debug][gc,phases   ] GC(67)         Total                     Min: 0, Avg:  0.0, Max: 0, Diff: 0, Sum: 0, Workers: 2
[222.700s][debug][gc,phases   ] GC(67)     Merge Per-Thread State: 0.0ms
[222.700s][debug][gc,phases   ] GC(67)       Copied Bytes              Min: 1953120, Avg: 2142484.9, Max: 2266232, Diff: 313112, Sum: 27852304, Workers: 13
[222.700s][debug][gc,phases   ] GC(67)       LAB Waste                 Min: 528, Avg: 790.2, Max: 1216, Diff: 688, Sum: 10272, Workers: 13
[222.700s][debug][gc,phases   ] GC(67)       LAB Undo Waste            Min: 0, Avg:  0.0, Max: 0, Diff: 0, Sum: 0, Workers: 13
[222.700s][debug][gc,phases   ] GC(67)     Code Roots Purge: 0.0ms
[222.700s][debug][gc,phases   ] GC(67)     Redirty Cards: 0.1ms
[222.700s][debug][gc,phases   ] GC(67)     DerivedPointerTable Update: 0.1ms
[222.700s][debug][gc,phases   ] GC(67)     Free Collection Set: 0.1ms
[222.700s][debug][gc,phases   ] GC(67)     Rebuild Free List: 0.0ms
[222.700s][debug][gc,phases   ] GC(67)     Humongous Reclaim: 0.0ms
[222.700s][debug][gc,phases   ] GC(67)     Start New Collection Set: 0.0ms
[222.700s][debug][gc,phases   ] GC(67)     Resize TLABs: 0.1ms
[222.700s][debug][gc,phases   ] GC(67)     Expand Heap After Collection: 0.0ms
[222.700s][info ][gc,phases   ] GC(67)   Other: 0.6ms
[222.700s][info ][gc,heap     ] GC(67) Eden regions: 89->0(89)
[222.700s][info ][gc,heap     ] GC(67) Survivor regions: 4->4(12)
[222.700s][info ][gc,heap     ] GC(67) Old regions: 10->10
[222.700s][info ][gc,heap     ] GC(67) Archive regions: 2->2
[222.700s][info ][gc,heap     ] GC(67) Humongous regions: 0->0
[222.700s][info ][gc,metaspace] GC(67) Metaspace: 1647K(1792K)->1647K(1792K) NonClass: 1529K(1600K)->1529K(1600K) Class: 118K(192K)->118K(192K)
[222.700s][info ][gc          ] GC(67) Pause Young (Normal) (G1 Evacuation Pause) 822M->111M(1248M) 7.850ms
[222.700s][info ][gc,cpu      ] GC(67) User=0.07s Sys=0.00s Real=0.01s
[226.181s][info ][gc,start    ] GC(68) Pause Young (Normal) (G1 Evacuation Pause)
[226.181s][info ][gc,task     ] GC(68) Using 13 workers of 13 for evacuation
[226.187s][info ][gc,phases   ] GC(68)   Pre Evacuate Collection Set: 0.3ms
[226.187s][debug][gc,phases   ] GC(68)     Prepare TLABs: 0.1ms
[226.187s][debug][gc,phases   ] GC(68)     Concatenate Dirty Card Logs: 0.1ms
[226.187s][debug][gc,phases   ] GC(68)     Choose Collection Set: 0.0ms
[226.187s][debug][gc,phases   ] GC(68)     Region Register: 0.1ms
[226.187s][debug][gc,phases   ] GC(68)     Prepare Heap Roots: 0.0ms
[226.187s][info ][gc,phases   ] GC(68)   Merge Heap Roots: 0.2ms
[226.187s][debug][gc,phases   ] GC(68)     Prepare Merge Heap Roots: 0.0ms
[226.187s][debug][gc,phases   ] GC(68)     Eager Reclaim (ms):       skipped
[226.187s][debug][gc,phases   ] GC(68)     Remembered Sets (ms):     Min:  0.0, Avg:  0.0, Max:  0.0, Diff:  0.0, Sum:  0.1, Workers: 13
[226.187s][debug][gc,phases   ] GC(68)       Merged Sparse:            Min: 0, Avg:  0.0, Max: 0, Diff: 0, Sum: 0, Workers: 13
[226.187s][debug][gc,phases   ] GC(68)       Merged Fine:              Min: 0, Avg:  0.0, Max: 0, Diff: 0, Sum: 0, Workers: 13
[226.187s][debug][gc,phases   ] GC(68)       Merged Coarse:            Min: 0, Avg:  0.0, Max: 0, Diff: 0, Sum: 0, Workers: 13
[226.187s][debug][gc,phases   ] GC(68)       Dirty Cards:              Min: 0, Avg:  0.0, Max: 0, Diff: 0, Sum: 0, Workers: 13
[226.187s][debug][gc,phases   ] GC(68)     Hot Card Cache (ms):      Min:  0.0, Avg:  0.0, Max:  0.0, Diff:  0.0, Sum:  0.0, Workers: 13
[226.187s][debug][gc,phases   ] GC(68)       Dirty Cards:              Min: 0, Avg:  0.0, Max: 0, Diff: 0, Sum: 0, Workers: 13
[226.187s][debug][gc,phases   ] GC(68)       Skipped Cards:            Min: 0, Avg:  0.0, Max: 0, Diff: 0, Sum: 0, Workers: 13
[226.187s][debug][gc,phases   ] GC(68)     Log Buffers (ms):         Min:  0.1, Avg:  0.1, Max:  0.2, Diff:  0.1, Sum:  1.4, Workers: 13
[226.187s][debug][gc,phases   ] GC(68)       Dirty Cards:              Min: 503, Avg: 1317.5, Max: 3874, Diff: 3371, Sum: 17127, Workers: 13
[226.187s][debug][gc,phases   ] GC(68)       Skipped Cards:            Min: 0, Avg:  0.0, Max: 0, Diff: 0, Sum: 0, Workers: 13
[226.187s][info ][gc,phases   ] GC(68)   Evacuate Collection Set: 4.9ms
[226.187s][debug][gc,phases   ] GC(68)     Ext Root Scanning (ms):   Min:  0.3, Avg:  0.4, Max:  0.6, Diff:  0.2, Sum:  5.5, Workers: 13
[226.187s][debug][gc,phases   ] GC(68)     Scan Heap Roots (ms):     Min:  1.1, Avg:  1.3, Max:  1.3, Diff:  0.2, Sum: 16.3, Workers: 13
[226.187s][debug][gc,phases   ] GC(68)       Scanned Cards:            Min: 952, Avg: 1317.2, Max: 1832, Diff: 880, Sum: 17123, Workers: 13
[226.187s][debug][gc,phases   ] GC(68)       Scanned Blocks:           Min: 820, Avg: 1088.8, Max: 1510, Diff: 690, Sum: 14155, Workers: 13
[226.187s][debug][gc,phases   ] GC(68)       Claimed Chunks:           Min: 8, Avg: 11.3, Max: 23, Diff: 15, Sum: 147, Workers: 13
[226.187s][debug][gc,phases   ] GC(68)     Code Root Scan (ms):      Min:  0.0, Avg:  0.0, Max:  0.0, Diff:  0.0, Sum:  0.0, Workers: 13
[226.187s][debug][gc,phases   ] GC(68)     Object Copy (ms):         Min:  2.9, Avg:  3.1, Max:  3.3, Diff:  0.3, Sum: 39.8, Workers: 13
[226.187s][debug][gc,phases   ] GC(68)     Termination (ms):         Min:  0.1, Avg:  0.1, Max:  0.1, Diff:  0.0, Sum:  1.7, Workers: 13
[226.187s][debug][gc,phases   ] GC(68)       Termination Attempts:     Min: 1, Avg:  1.0, Max: 1, Diff: 0, Sum: 13, Workers: 13
[226.187s][debug][gc,phases   ] GC(68)     GC Worker Other (ms):     Min:  0.0, Avg:  0.0, Max:  0.1, Diff:  0.1, Sum:  0.2, Workers: 13
[226.187s][debug][gc,phases   ] GC(68)     GC Worker Total (ms):     Min:  4.8, Avg:  4.9, Max:  4.9, Diff:  0.1, Sum: 63.5, Workers: 13
[226.187s][info ][gc,phases   ] GC(68)   Post Evacuate Collection Set: 0.4ms
[226.187s][debug][gc,phases   ] GC(68)     Code Roots Fixup: 0.0ms
[226.187s][debug][gc,phases   ] GC(68)     Clear Card Table: 0.1ms
[226.187s][debug][gc,phases   ] GC(68)     Reference Processing: 0.0ms
[226.187s][debug][gc,phases   ] GC(68)     Weak Processing: 0.0ms
[226.187s][debug][gc,phases   ] GC(68)       VM Weak                   Min:  0.0, Avg:  0.0, Max:  0.0, Diff:  0.0, Sum:  0.0, Workers: 2
[226.187s][debug][gc,phases   ] GC(68)         Dead                      Min: 0, Avg:  0.0, Max: 0, Diff: 0, Sum: 0, Workers: 2
[226.187s][debug][gc,phases   ] GC(68)         Total                     Min: 0, Avg: 28.5, Max: 57, Diff: 57, Sum: 57, Workers: 2
[226.187s][debug][gc,phases   ] GC(68)       ObjectSynchronizer Weak   Min:  0.0, Avg:  0.0, Max:  0.0, Diff:  0.0, Sum:  0.0, Workers: 2
[226.187s][debug][gc,phases   ] GC(68)         Dead                      Min: 0, Avg:  0.0, Max: 0, Diff: 0, Sum: 0, Workers: 2
[226.187s][debug][gc,phases   ] GC(68)         Total                     Min: 0, Avg:  4.5, Max: 9, Diff: 9, Sum: 9, Workers: 2
[226.187s][debug][gc,phases   ] GC(68)       JVMTI Tag Weak OopStorage Min:  0.0, Avg:  0.0, Max:  0.0, Diff:  0.0, Sum:  0.0, Workers: 2
[226.187s][debug][gc,phases   ] GC(68)         Dead                      Min: 0, Avg:  0.0, Max: 0, Diff: 0, Sum: 0, Workers: 2
[226.187s][debug][gc,phases   ] GC(68)         Total                     Min: 0, Avg:  0.0, Max: 0, Diff: 0, Sum: 0, Workers: 2
[226.187s][debug][gc,phases   ] GC(68)       StringTable Weak          Min:  0.0, Avg:  0.0, Max:  0.0, Diff:  0.0, Sum:  0.0, Workers: 2
[226.187s][debug][gc,phases   ] GC(68)         Dead                      Min: 0, Avg:  0.0, Max: 0, Diff: 0, Sum: 0, Workers: 2
[226.187s][debug][gc,phases   ] GC(68)         Total                     Min: 0, Avg: 339.5, Max: 679, Diff: 679, Sum: 679, Workers: 2
[226.187s][debug][gc,phases   ] GC(68)       ResolvedMethodTable Weak  Min:  0.0, Avg:  0.0, Max:  0.0, Diff:  0.0, Sum:  0.0, Workers: 2
[226.187s][debug][gc,phases   ] GC(68)         Dead                      Min: 0, Avg:  0.0, Max: 0, Diff: 0, Sum: 0, Workers: 2
[226.187s][debug][gc,phases   ] GC(68)         Total                     Min: 0, Avg: 140.5, Max: 281, Diff: 281, Sum: 281, Workers: 2
[226.187s][debug][gc,phases   ] GC(68)       JNI Weak                  Min:  0.0, Avg:  0.0, Max:  0.0, Diff:  0.0, Sum:  0.0, Workers: 2
[226.187s][debug][gc,phases   ] GC(68)         Dead                      Min: 0, Avg:  0.0, Max: 0, Diff: 0, Sum: 0, Workers: 2
[226.187s][debug][gc,phases   ] GC(68)         Total                     Min: 0, Avg:  0.0, Max: 0, Diff: 0, Sum: 0, Workers: 2
[226.187s][debug][gc,phases   ] GC(68)       Weak JFR Old Object Samples Min:  0.0, Avg:  0.0, Max:  0.0, Diff:  0.0, Sum:  0.0, Workers: 2
[226.187s][debug][gc,phases   ] GC(68)         Dead                      Min: 0, Avg:  0.0, Max: 0, Diff: 0, Sum: 0, Workers: 2
[226.187s][debug][gc,phases   ] GC(68)         Total                     Min: 0, Avg:  0.0, Max: 0, Diff: 0, Sum: 0, Workers: 2
[226.187s][debug][gc,phases   ] GC(68)     Merge Per-Thread State: 0.0ms
[226.187s][debug][gc,phases   ] GC(68)       Copied Bytes              Min: 1900728, Avg: 2136036.3, Max: 2717048, Diff: 816320, Sum: 27768472, Workers: 13
[226.187s][debug][gc,phases   ] GC(68)       LAB Waste                 Min: 600, Avg: 947.1, Max: 1384, Diff: 784, Sum: 12312, Workers: 13
[226.187s][debug][gc,phases   ] GC(68)       LAB Undo Waste            Min: 0, Avg:  0.0, Max: 0, Diff: 0, Sum: 0, Workers: 13
[226.187s][debug][gc,phases   ] GC(68)     Code Roots Purge: 0.0ms
[226.187s][debug][gc,phases   ] GC(68)     Redirty Cards: 0.1ms
[226.187s][debug][gc,phases   ] GC(68)     DerivedPointerTable Update: 0.1ms
[226.187s][debug][gc,phases   ] GC(68)     Free Collection Set: 0.1ms
[226.187s][debug][gc,phases   ] GC(68)     Rebuild Free List: 0.0ms
[226.187s][debug][gc,phases   ] GC(68)     Humongous Reclaim: 0.0ms
[226.187s][debug][gc,phases   ] GC(68)     Start New Collection Set: 0.0ms
[226.187s][debug][gc,phases   ] GC(68)     Resize TLABs: 0.1ms
[226.187s][debug][gc,phases   ] GC(68)     Expand Heap After Collection: 0.0ms
[226.188s][info ][gc,phases   ] GC(68)   Other: 0.6ms
[226.188s][info ][gc,heap     ] GC(68) Eden regions: 89->0(89)
[226.188s][info ][gc,heap     ] GC(68) Survivor regions: 4->4(12)
[226.188s][info ][gc,heap     ] GC(68) Old regions: 10->10
[226.188s][info ][gc,heap     ] GC(68) Archive regions: 2->2
[226.188s][info ][gc,heap     ] GC(68) Humongous regions: 0->0
[226.188s][info ][gc,metaspace] GC(68) Metaspace: 1647K(1792K)->1647K(1792K) NonClass: 1529K(1600K)->1529K(1600K) Class: 118K(192K)->118K(192K)
[226.188s][info ][gc          ] GC(68) Pause Young (Normal) (G1 Evacuation Pause) 823M->110M(1248M) 6.953ms
[226.188s][info ][gc,cpu      ] GC(68) User=0.07s Sys=0.00s Real=0.00s
[229.703s][info ][gc,start    ] GC(69) Pause Young (Normal) (G1 Evacuation Pause)
[229.703s][info ][gc,task     ] GC(69) Using 13 workers of 13 for evacuation
[229.709s][info ][gc,phases   ] GC(69)   Pre Evacuate Collection Set: 0.4ms
[229.709s][debug][gc,phases   ] GC(69)     Prepare TLABs: 0.2ms
[229.709s][debug][gc,phases   ] GC(69)     Concatenate Dirty Card Logs: 0.1ms
[229.709s][debug][gc,phases   ] GC(69)     Choose Collection Set: 0.0ms
[229.709s][debug][gc,phases   ] GC(69)     Region Register: 0.1ms
[229.709s][debug][gc,phases   ] GC(69)     Prepare Heap Roots: 0.0ms
[229.709s][info ][gc,phases   ] GC(69)   Merge Heap Roots: 0.2ms
[229.710s][debug][gc,phases   ] GC(69)     Prepare Merge Heap Roots: 0.0ms
[229.710s][debug][gc,phases   ] GC(69)     Eager Reclaim (ms):       skipped
[229.710s][debug][gc,phases   ] GC(69)     Remembered Sets (ms):     Min:  0.0, Avg:  0.0, Max:  0.0, Diff:  0.0, Sum:  0.1, Workers: 13
[229.710s][debug][gc,phases   ] GC(69)       Merged Sparse:            Min: 0, Avg:  0.0, Max: 0, Diff: 0, Sum: 0, Workers: 13
[229.710s][debug][gc,phases   ] GC(69)       Merged Fine:              Min: 0, Avg:  0.0, Max: 0, Diff: 0, Sum: 0, Workers: 13
[229.710s][debug][gc,phases   ] GC(69)       Merged Coarse:            Min: 0, Avg:  0.0, Max: 0, Diff: 0, Sum: 0, Workers: 13
[229.710s][debug][gc,phases   ] GC(69)       Dirty Cards:              Min: 0, Avg:  0.0, Max: 0, Diff: 0, Sum: 0, Workers: 13
[229.710s][debug][gc,phases   ] GC(69)     Hot Card Cache (ms):      Min:  0.0, Avg:  0.0, Max:  0.0, Diff:  0.0, Sum:  0.0, Workers: 13
[229.710s][debug][gc,phases   ] GC(69)       Dirty Cards:              Min: 0, Avg:  0.0, Max: 0, Diff: 0, Sum: 0, Workers: 13
[229.710s][debug][gc,phases   ] GC(69)       Skipped Cards:            Min: 0, Avg:  0.0, Max: 0, Diff: 0, Sum: 0, Workers: 13
[229.710s][debug][gc,phases   ] GC(69)     Log Buffers (ms):         Min:  0.1, Avg:  0.1, Max:  0.2, Diff:  0.1, Sum:  1.7, Workers: 13
[229.710s][debug][gc,phases   ] GC(69)       Dirty Cards:              Min: 504, Avg: 1314.3, Max: 2428, Diff: 1924, Sum: 17086, Workers: 13
[229.710s][debug][gc,phases   ] GC(69)       Skipped Cards:            Min: 0, Avg:  0.0, Max: 0, Diff: 0, Sum: 0, Workers: 13
[229.710s][info ][gc,phases   ] GC(69)   Evacuate Collection Set: 5.4ms
[229.710s][debug][gc,phases   ] GC(69)     Ext Root Scanning (ms):   Min:  0.4, Avg:  0.5, Max:  0.5, Diff:  0.1, Sum:  6.0, Workers: 13
[229.710s][debug][gc,phases   ] GC(69)     Scan Heap Roots (ms):     Min:  1.3, Avg:  1.5, Max:  1.6, Diff:  0.3, Sum: 18.9, Workers: 13
[229.710s][debug][gc,phases   ] GC(69)       Scanned Cards:            Min: 1020, Avg: 1313.8, Max: 1793, Diff: 773, Sum: 17079, Workers: 13
[229.710s][debug][gc,phases   ] GC(69)       Scanned Blocks:           Min: 909, Avg: 1088.1, Max: 1465, Diff: 556, Sum: 14145, Workers: 13
[229.710s][debug][gc,phases   ] GC(69)       Claimed Chunks:           Min: 9, Avg: 11.4, Max: 23, Diff: 14, Sum: 148, Workers: 13
[229.710s][debug][gc,phases   ] GC(69)     Code Root Scan (ms):      Min:  0.0, Avg:  0.0, Max:  0.0, Diff:  0.0, Sum:  0.0, Workers: 13
[229.710s][debug][gc,phases   ] GC(69)     Object Copy (ms):         Min:  3.1, Avg:  3.2, Max:  3.4, Diff:  0.2, Sum: 42.2, Workers: 13
[229.710s][debug][gc,phases   ] GC(69)     Termination (ms):         Min:  0.1, Avg:  0.1, Max:  0.1, Diff:  0.0, Sum:  1.4, Workers: 13
[229.710s][debug][gc,phases   ] GC(69)       Termination Attempts:     Min: 1, Avg:  1.2, Max: 2, Diff: 1, Sum: 16, Workers: 13
[229.710s][debug][gc,phases   ] GC(69)     GC Worker Other (ms):     Min:  0.0, Avg:  0.0, Max:  0.0, Diff:  0.0, Sum:  0.2, Workers: 13
[229.710s][debug][gc,phases   ] GC(69)     GC Worker Total (ms):     Min:  5.3, Avg:  5.3, Max:  5.3, Diff:  0.1, Sum: 68.8, Workers: 13
[229.710s][info ][gc,phases   ] GC(69)   Post Evacuate Collection Set: 0.3ms
[229.710s][debug][gc,phases   ] GC(69)     Code Roots Fixup: 0.0ms
[229.710s][debug][gc,phases   ] GC(69)     Clear Card Table: 0.1ms
[229.710s][debug][gc,phases   ] GC(69)     Reference Processing: 0.0ms
[229.710s][debug][gc,phases   ] GC(69)     Weak Processing: 0.0ms
[229.710s][debug][gc,phases   ] GC(69)       VM Weak                   Min:  0.0, Avg:  0.0, Max:  0.0, Diff:  0.0, Sum:  0.0, Workers: 2
[229.710s][debug][gc,phases   ] GC(69)         Dead                      Min: 0, Avg:  0.0, Max: 0, Diff: 0, Sum: 0, Workers: 2
[229.710s][debug][gc,phases   ] GC(69)         Total                     Min: 0, Avg: 28.5, Max: 57, Diff: 57, Sum: 57, Workers: 2
[229.710s][debug][gc,phases   ] GC(69)       ObjectSynchronizer Weak   Min:  0.0, Avg:  0.0, Max:  0.0, Diff:  0.0, Sum:  0.0, Workers: 2
[229.710s][debug][gc,phases   ] GC(69)         Dead                      Min: 0, Avg:  0.0, Max: 0, Diff: 0, Sum: 0, Workers: 2
[229.710s][debug][gc,phases   ] GC(69)         Total                     Min: 0, Avg:  4.5, Max: 9, Diff: 9, Sum: 9, Workers: 2
[229.710s][debug][gc,phases   ] GC(69)       JVMTI Tag Weak OopStorage Min:  0.0, Avg:  0.0, Max:  0.0, Diff:  0.0, Sum:  0.0, Workers: 2
[229.710s][debug][gc,phases   ] GC(69)         Dead                      Min: 0, Avg:  0.0, Max: 0, Diff: 0, Sum: 0, Workers: 2
[229.710s][debug][gc,phases   ] GC(69)         Total                     Min: 0, Avg:  0.0, Max: 0, Diff: 0, Sum: 0, Workers: 2
[229.710s][debug][gc,phases   ] GC(69)       StringTable Weak          Min:  0.0, Avg:  0.0, Max:  0.0, Diff:  0.0, Sum:  0.0, Workers: 2
[229.710s][debug][gc,phases   ] GC(69)         Dead                      Min: 0, Avg:  0.0, Max: 0, Diff: 0, Sum: 0, Workers: 2
[229.710s][debug][gc,phases   ] GC(69)         Total                     Min: 0, Avg: 339.5, Max: 679, Diff: 679, Sum: 679, Workers: 2
[229.710s][debug][gc,phases   ] GC(69)       ResolvedMethodTable Weak  Min:  0.0, Avg:  0.0, Max:  0.0, Diff:  0.0, Sum:  0.0, Workers: 2
[229.710s][debug][gc,phases   ] GC(69)         Dead                      Min: 0, Avg:  0.0, Max: 0, Diff: 0, Sum: 0, Workers: 2
[229.710s][debug][gc,phases   ] GC(69)         Total                     Min: 0, Avg: 140.5, Max: 281, Diff: 281, Sum: 281, Workers: 2
[229.710s][debug][gc,phases   ] GC(69)       JNI Weak                  Min:  0.0, Avg:  0.0, Max:  0.0, Diff:  0.0, Sum:  0.0, Workers: 2
[229.710s][debug][gc,phases   ] GC(69)         Dead                      Min: 0, Avg:  0.0, Max: 0, Diff: 0, Sum: 0, Workers: 2
[229.710s][debug][gc,phases   ] GC(69)         Total                     Min: 0, Avg:  0.0, Max: 0, Diff: 0, Sum: 0, Workers: 2
[229.710s][debug][gc,phases   ] GC(69)       Weak JFR Old Object Samples Min:  0.0, Avg:  0.0, Max:  0.0, Diff:  0.0, Sum:  0.0, Workers: 2
[229.710s][debug][gc,phases   ] GC(69)         Dead                      Min: 0, Avg:  0.0, Max: 0, Diff: 0, Sum: 0, Workers: 2
[229.710s][debug][gc,phases   ] GC(69)         Total                     Min: 0, Avg:  0.0, Max: 0, Diff: 0, Sum: 0, Workers: 2
[229.710s][debug][gc,phases   ] GC(69)     Merge Per-Thread State: 0.0ms
[229.710s][debug][gc,phases   ] GC(69)       Copied Bytes              Min: 1889560, Avg: 2133211.7, Max: 2558008, Diff: 668448, Sum: 27731752, Workers: 13
[229.710s][debug][gc,phases   ] GC(69)       LAB Waste                 Min: 320, Avg: 644.3, Max: 976, Diff: 656, Sum: 8376, Workers: 13
[229.710s][debug][gc,phases   ] GC(69)       LAB Undo Waste            Min: 0, Avg:  0.0, Max: 0, Diff: 0, Sum: 0, Workers: 13
[229.710s][debug][gc,phases   ] GC(69)     Code Roots Purge: 0.0ms
[229.710s][debug][gc,phases   ] GC(69)     Redirty Cards: 0.1ms
[229.710s][debug][gc,phases   ] GC(69)     DerivedPointerTable Update: 0.1ms
[229.710s][debug][gc,phases   ] GC(69)     Free Collection Set: 0.1ms
[229.710s][debug][gc,phases   ] GC(69)     Rebuild Free List: 0.0ms
[229.710s][debug][gc,phases   ] GC(69)     Humongous Reclaim: 0.0ms
[229.710s][debug][gc,phases   ] GC(69)     Start New Collection Set: 0.0ms
[229.710s][debug][gc,phases   ] GC(69)     Resize TLABs: 0.1ms
[229.710s][debug][gc,phases   ] GC(69)     Expand Heap After Collection: 0.0ms
[229.710s][info ][gc,phases   ] GC(69)   Other: 0.6ms
[229.710s][info ][gc,heap     ] GC(69) Eden regions: 89->0(89)
[229.710s][info ][gc,heap     ] GC(69) Survivor regions: 4->4(12)
[229.710s][info ][gc,heap     ] GC(69) Old regions: 10->10
[229.710s][info ][gc,heap     ] GC(69) Archive regions: 2->2
[229.710s][info ][gc,heap     ] GC(69) Humongous regions: 0->0
[229.710s][info ][gc,metaspace] GC(69) Metaspace: 1647K(1792K)->1647K(1792K) NonClass: 1529K(1600K)->1529K(1600K) Class: 118K(192K)->118K(192K)
[229.710s][info ][gc          ] GC(69) Pause Young (Normal) (G1 Evacuation Pause) 822M->111M(1248M) 7.346ms
[229.710s][info ][gc,cpu      ] GC(69) User=0.07s Sys=0.00s Real=0.01s
[233.178s][info ][gc,start    ] GC(70) Pause Young (Normal) (G1 Evacuation Pause)
[233.178s][info ][gc,task     ] GC(70) Using 13 workers of 13 for evacuation
[233.185s][info ][gc,phases   ] GC(70)   Pre Evacuate Collection Set: 0.4ms
[233.185s][debug][gc,phases   ] GC(70)     Prepare TLABs: 0.2ms
[233.185s][debug][gc,phases   ] GC(70)     Concatenate Dirty Card Logs: 0.1ms
[233.185s][debug][gc,phases   ] GC(70)     Choose Collection Set: 0.0ms
[233.185s][debug][gc,phases   ] GC(70)     Region Register: 0.1ms
[233.185s][debug][gc,phases   ] GC(70)     Prepare Heap Roots: 0.0ms
[233.185s][info ][gc,phases   ] GC(70)   Merge Heap Roots: 0.2ms
[233.185s][debug][gc,phases   ] GC(70)     Prepare Merge Heap Roots: 0.0ms
[233.185s][debug][gc,phases   ] GC(70)     Eager Reclaim (ms):       skipped
[233.185s][debug][gc,phases   ] GC(70)     Remembered Sets (ms):     Min:  0.0, Avg:  0.0, Max:  0.0, Diff:  0.0, Sum:  0.2, Workers: 13
[233.185s][debug][gc,phases   ] GC(70)       Merged Sparse:            Min: 0, Avg:  0.0, Max: 0, Diff: 0, Sum: 0, Workers: 13
[233.185s][debug][gc,phases   ] GC(70)       Merged Fine:              Min: 0, Avg:  0.0, Max: 0, Diff: 0, Sum: 0, Workers: 13
[233.185s][debug][gc,phases   ] GC(70)       Merged Coarse:            Min: 0, Avg:  0.0, Max: 0, Diff: 0, Sum: 0, Workers: 13
[233.185s][debug][gc,phases   ] GC(70)       Dirty Cards:              Min: 0, Avg:  0.0, Max: 0, Diff: 0, Sum: 0, Workers: 13
[233.185s][debug][gc,phases   ] GC(70)     Hot Card Cache (ms):      Min:  0.0, Avg:  0.0, Max:  0.0, Diff:  0.0, Sum:  0.0, Workers: 13
[233.185s][debug][gc,phases   ] GC(70)       Dirty Cards:              Min: 0, Avg:  0.0, Max: 0, Diff: 0, Sum: 0, Workers: 13
[233.185s][debug][gc,phases   ] GC(70)       Skipped Cards:            Min: 0, Avg:  0.0, Max: 0, Diff: 0, Sum: 0, Workers: 13
[233.185s][debug][gc,phases   ] GC(70)     Log Buffers (ms):         Min:  0.1, Avg:  0.1, Max:  0.2, Diff:  0.1, Sum:  1.6, Workers: 13
[233.185s][debug][gc,phases   ] GC(70)       Dirty Cards:              Min: 417, Avg: 1293.5, Max: 1847, Diff: 1430, Sum: 16815, Workers: 13
[233.185s][debug][gc,phases   ] GC(70)       Skipped Cards:            Min: 0, Avg:  0.0, Max: 0, Diff: 0, Sum: 0, Workers: 13
[233.185s][info ][gc,phases   ] GC(70)   Evacuate Collection Set: 5.2ms
[233.185s][debug][gc,phases   ] GC(70)     Ext Root Scanning (ms):   Min:  0.3, Avg:  0.4, Max:  0.6, Diff:  0.2, Sum:  5.4, Workers: 13
[233.185s][debug][gc,phases   ] GC(70)     Scan Heap Roots (ms):     Min:  1.2, Avg:  1.4, Max:  1.6, Diff:  0.3, Sum: 18.4, Workers: 13
[233.185s][debug][gc,phases   ] GC(70)       Scanned Cards:            Min: 946, Avg: 1293.2, Max: 1771, Diff: 825, Sum: 16811, Workers: 13
[233.185s][debug][gc,phases   ] GC(70)       Scanned Blocks:           Min: 827, Avg: 1074.2, Max: 1476, Diff: 649, Sum: 13964, Workers: 13
[233.185s][debug][gc,phases   ] GC(70)       Claimed Chunks:           Min: 8, Avg: 11.4, Max: 16, Diff: 8, Sum: 148, Workers: 13
[233.185s][debug][gc,phases   ] GC(70)     Code Root Scan (ms):      Min:  0.0, Avg:  0.0, Max:  0.0, Diff:  0.0, Sum:  0.0, Workers: 13
[233.185s][debug][gc,phases   ] GC(70)     Object Copy (ms):         Min:  2.8, Avg:  3.1, Max:  3.3, Diff:  0.4, Sum: 39.7, Workers: 13
[233.185s][debug][gc,phases   ] GC(70)     Termination (ms):         Min:  0.1, Avg:  0.2, Max:  0.2, Diff:  0.1, Sum:  2.1, Workers: 13
[233.185s][debug][gc,phases   ] GC(70)       Termination Attempts:     Min: 1, Avg:  1.0, Max: 1, Diff: 0, Sum: 13, Workers: 13
[233.185s][debug][gc,phases   ] GC(70)     GC Worker Other (ms):     Min:  0.0, Avg:  0.0, Max:  0.1, Diff:  0.1, Sum:  0.4, Workers: 13
[233.185s][debug][gc,phases   ] GC(70)     GC Worker Total (ms):     Min:  5.0, Avg:  5.1, Max:  5.2, Diff:  0.2, Sum: 66.1, Workers: 13
[233.185s][info ][gc,phases   ] GC(70)   Post Evacuate Collection Set: 0.3ms
[233.185s][debug][gc,phases   ] GC(70)     Code Roots Fixup: 0.0ms
[233.185s][debug][gc,phases   ] GC(70)     Clear Card Table: 0.1ms
[233.185s][debug][gc,phases   ] GC(70)     Reference Processing: 0.0ms
[233.185s][debug][gc,phases   ] GC(70)     Weak Processing: 0.0ms
[233.185s][debug][gc,phases   ] GC(70)       VM Weak                   Min:  0.0, Avg:  0.0, Max:  0.0, Diff:  0.0, Sum:  0.0, Workers: 2
[233.185s][debug][gc,phases   ] GC(70)         Dead                      Min: 0, Avg:  0.0, Max: 0, Diff: 0, Sum: 0, Workers: 2
[233.185s][debug][gc,phases   ] GC(70)         Total                     Min: 0, Avg: 28.5, Max: 57, Diff: 57, Sum: 57, Workers: 2
[233.185s][debug][gc,phases   ] GC(70)       ObjectSynchronizer Weak   Min:  0.0, Avg:  0.0, Max:  0.0, Diff:  0.0, Sum:  0.0, Workers: 2
[233.185s][debug][gc,phases   ] GC(70)         Dead                      Min: 0, Avg:  0.0, Max: 0, Diff: 0, Sum: 0, Workers: 2
[233.185s][debug][gc,phases   ] GC(70)         Total                     Min: 0, Avg:  4.5, Max: 9, Diff: 9, Sum: 9, Workers: 2
[233.185s][debug][gc,phases   ] GC(70)       JVMTI Tag Weak OopStorage Min:  0.0, Avg:  0.0, Max:  0.0, Diff:  0.0, Sum:  0.0, Workers: 2
[233.185s][debug][gc,phases   ] GC(70)         Dead                      Min: 0, Avg:  0.0, Max: 0, Diff: 0, Sum: 0, Workers: 2
[233.185s][debug][gc,phases   ] GC(70)         Total                     Min: 0, Avg:  0.0, Max: 0, Diff: 0, Sum: 0, Workers: 2
[233.185s][debug][gc,phases   ] GC(70)       StringTable Weak          Min:  0.0, Avg:  0.0, Max:  0.0, Diff:  0.0, Sum:  0.0, Workers: 2
[233.185s][debug][gc,phases   ] GC(70)         Dead                      Min: 0, Avg:  0.0, Max: 0, Diff: 0, Sum: 0, Workers: 2
[233.185s][debug][gc,phases   ] GC(70)         Total                     Min: 0, Avg: 339.5, Max: 679, Diff: 679, Sum: 679, Workers: 2
[233.185s][debug][gc,phases   ] GC(70)       ResolvedMethodTable Weak  Min:  0.0, Avg:  0.0, Max:  0.0, Diff:  0.0, Sum:  0.0, Workers: 2
[233.185s][debug][gc,phases   ] GC(70)         Dead                      Min: 0, Avg:  0.0, Max: 0, Diff: 0, Sum: 0, Workers: 2
[233.185s][debug][gc,phases   ] GC(70)         Total                     Min: 0, Avg: 140.5, Max: 281, Diff: 281, Sum: 281, Workers: 2
[233.185s][debug][gc,phases   ] GC(70)       JNI Weak                  Min:  0.0, Avg:  0.0, Max:  0.0, Diff:  0.0, Sum:  0.0, Workers: 2
[233.185s][debug][gc,phases   ] GC(70)         Dead                      Min: 0, Avg:  0.0, Max: 0, Diff: 0, Sum: 0, Workers: 2
[233.185s][debug][gc,phases   ] GC(70)         Total                     Min: 0, Avg:  0.0, Max: 0, Diff: 0, Sum: 0, Workers: 2
[233.185s][debug][gc,phases   ] GC(70)       Weak JFR Old Object Samples Min:  0.0, Avg:  0.0, Max:  0.0, Diff:  0.0, Sum:  0.0, Workers: 2
[233.185s][debug][gc,phases   ] GC(70)         Dead                      Min: 0, Avg:  0.0, Max: 0, Diff: 0, Sum: 0, Workers: 2
[233.185s][debug][gc,phases   ] GC(70)         Total                     Min: 0, Avg:  0.0, Max: 0, Diff: 0, Sum: 0, Workers: 2
[233.185s][debug][gc,phases   ] GC(70)     Merge Per-Thread State: 0.0ms
[233.185s][debug][gc,phases   ] GC(70)       Copied Bytes              Min: 1881464, Avg: 2127926.8, Max: 2761752, Diff: 880288, Sum: 27663048, Workers: 13
[233.185s][debug][gc,phases   ] GC(70)       LAB Waste                 Min: 232, Avg: 769.2, Max: 1216, Diff: 984, Sum: 10000, Workers: 13
[233.185s][debug][gc,phases   ] GC(70)       LAB Undo Waste            Min: 0, Avg:  0.0, Max: 0, Diff: 0, Sum: 0, Workers: 13
[233.185s][debug][gc,phases   ] GC(70)     Code Roots Purge: 0.0ms
[233.185s][debug][gc,phases   ] GC(70)     Redirty Cards: 0.1ms
[233.185s][debug][gc,phases   ] GC(70)     DerivedPointerTable Update: 0.1ms
[233.185s][debug][gc,phases   ] GC(70)     Free Collection Set: 0.1ms
[233.185s][debug][gc,phases   ] GC(70)     Rebuild Free List: 0.0ms
[233.185s][debug][gc,phases   ] GC(70)     Humongous Reclaim: 0.0ms
[233.185s][debug][gc,phases   ] GC(70)     Start New Collection Set: 0.0ms
[233.185s][debug][gc,phases   ] GC(70)     Resize TLABs: 0.1ms
[233.185s][debug][gc,phases   ] GC(70)     Expand Heap After Collection: 0.0ms
[233.185s][info ][gc,phases   ] GC(70)   Other: 0.6ms
[233.185s][info ][gc,heap     ] GC(70) Eden regions: 89->0(89)
[233.185s][info ][gc,heap     ] GC(70) Survivor regions: 4->4(12)
[233.185s][info ][gc,heap     ] GC(70) Old regions: 10->10
[233.185s][info ][gc,heap     ] GC(70) Archive regions: 2->2
[233.185s][info ][gc,heap     ] GC(70) Humongous regions: 0->0
[233.186s][info ][gc,metaspace] GC(70) Metaspace: 1647K(1792K)->1647K(1792K) NonClass: 1529K(1600K)->1529K(1600K) Class: 118K(192K)->118K(192K)
[233.186s][info ][gc          ] GC(70) Pause Young (Normal) (G1 Evacuation Pause) 823M->110M(1248M) 7.170ms
[233.186s][info ][gc,cpu      ] GC(70) User=0.07s Sys=0.00s Real=0.00s
[236.623s][info ][gc,start    ] GC(71) Pause Young (Normal) (G1 Evacuation Pause)
[236.623s][info ][gc,task     ] GC(71) Using 13 workers of 13 for evacuation
[236.629s][info ][gc,phases   ] GC(71)   Pre Evacuate Collection Set: 0.3ms
[236.629s][debug][gc,phases   ] GC(71)     Prepare TLABs: 0.2ms
[236.629s][debug][gc,phases   ] GC(71)     Concatenate Dirty Card Logs: 0.1ms
[236.629s][debug][gc,phases   ] GC(71)     Choose Collection Set: 0.0ms
[236.629s][debug][gc,phases   ] GC(71)     Region Register: 0.0ms
[236.629s][debug][gc,phases   ] GC(71)     Prepare Heap Roots: 0.0ms
[236.629s][info ][gc,phases   ] GC(71)   Merge Heap Roots: 0.1ms
[236.629s][debug][gc,phases   ] GC(71)     Prepare Merge Heap Roots: 0.0ms
[236.629s][debug][gc,phases   ] GC(71)     Eager Reclaim (ms):       skipped
[236.629s][debug][gc,phases   ] GC(71)     Remembered Sets (ms):     Min:  0.0, Avg:  0.0, Max:  0.1, Diff:  0.0, Sum:  0.2, Workers: 13
[236.629s][debug][gc,phases   ] GC(71)       Merged Sparse:            Min: 0, Avg:  0.0, Max: 0, Diff: 0, Sum: 0, Workers: 13
[236.629s][debug][gc,phases   ] GC(71)       Merged Fine:              Min: 0, Avg:  0.0, Max: 0, Diff: 0, Sum: 0, Workers: 13
[236.629s][debug][gc,phases   ] GC(71)       Merged Coarse:            Min: 0, Avg:  0.0, Max: 0, Diff: 0, Sum: 0, Workers: 13
[236.629s][debug][gc,phases   ] GC(71)       Dirty Cards:              Min: 0, Avg:  0.0, Max: 0, Diff: 0, Sum: 0, Workers: 13
[236.629s][debug][gc,phases   ] GC(71)     Hot Card Cache (ms):      Min:  0.0, Avg:  0.0, Max:  0.0, Diff:  0.0, Sum:  0.0, Workers: 13
[236.629s][debug][gc,phases   ] GC(71)       Dirty Cards:              Min: 0, Avg:  0.0, Max: 0, Diff: 0, Sum: 0, Workers: 13
[236.629s][debug][gc,phases   ] GC(71)       Skipped Cards:            Min: 0, Avg:  0.0, Max: 0, Diff: 0, Sum: 0, Workers: 13
[236.629s][debug][gc,phases   ] GC(71)     Log Buffers (ms):         Min:  0.0, Avg:  0.1, Max:  0.1, Diff:  0.1, Sum:  0.8, Workers: 13
[236.629s][debug][gc,phases   ] GC(71)       Dirty Cards:              Min: 0, Avg: 1280.8, Max: 2862, Diff: 2862, Sum: 16650, Workers: 13
[236.629s][debug][gc,phases   ] GC(71)       Skipped Cards:            Min: 0, Avg:  0.0, Max: 0, Diff: 0, Sum: 0, Workers: 13
[236.629s][info ][gc,phases   ] GC(71)   Evacuate Collection Set: 5.1ms
[236.629s][debug][gc,phases   ] GC(71)     Ext Root Scanning (ms):   Min:  0.3, Avg:  0.5, Max:  1.1, Diff:  0.8, Sum:  6.1, Workers: 13
[236.629s][debug][gc,phases   ] GC(71)     Scan Heap Roots (ms):     Min:  0.0, Avg:  1.2, Max:  1.4, Diff:  1.4, Sum: 15.5, Workers: 13
[236.629s][debug][gc,phases   ] GC(71)       Scanned Cards:            Min: 0, Avg: 1280.2, Max: 1771, Diff: 1771, Sum: 16643, Workers: 13
[236.629s][debug][gc,phases   ] GC(71)       Scanned Blocks:           Min: 0, Avg: 1064.2, Max: 1355, Diff: 1355, Sum: 13835, Workers: 13
[236.629s][debug][gc,phases   ] GC(71)       Claimed Chunks:           Min: 0, Avg: 11.4, Max: 21, Diff: 21, Sum: 148, Workers: 13
[236.629s][debug][gc,phases   ] GC(71)     Code Root Scan (ms):      Min:  0.0, Avg:  0.0, Max:  0.0, Diff:  0.0, Sum:  0.0, Workers: 13
[236.629s][debug][gc,phases   ] GC(71)     Object Copy (ms):         Min:  2.5, Avg:  3.2, Max:  4.5, Diff:  2.0, Sum: 42.0, Workers: 13
[236.629s][debug][gc,phases   ] GC(71)     Termination (ms):         Min:  0.1, Avg:  0.1, Max:  0.1, Diff:  0.1, Sum:  1.6, Workers: 13
[236.629s][debug][gc,phases   ] GC(71)       Termination Attempts:     Min: 1, Avg:  1.0, Max: 1, Diff: 0, Sum: 13, Workers: 13
[236.629s][debug][gc,phases   ] GC(71)     GC Worker Other (ms):     Min:  0.0, Avg:  0.0, Max:  0.0, Diff:  0.0, Sum:  0.2, Workers: 13
[236.629s][debug][gc,phases   ] GC(71)     GC Worker Total (ms):     Min:  5.0, Avg:  5.0, Max:  5.1, Diff:  0.1, Sum: 65.4, Workers: 13
[236.629s][info ][gc,phases   ] GC(71)   Post Evacuate Collection Set: 0.3ms
[236.629s][debug][gc,phases   ] GC(71)     Code Roots Fixup: 0.0ms
[236.629s][debug][gc,phases   ] GC(71)     Clear Card Table: 0.1ms
[236.629s][debug][gc,phases   ] GC(71)     Reference Processing: 0.0ms
[236.629s][debug][gc,phases   ] GC(71)     Weak Processing: 0.0ms
[236.629s][debug][gc,phases   ] GC(71)       VM Weak                   Min:  0.0, Avg:  0.0, Max:  0.0, Diff:  0.0, Sum:  0.0, Workers: 2
[236.629s][debug][gc,phases   ] GC(71)         Dead                      Min: 0, Avg:  0.0, Max: 0, Diff: 0, Sum: 0, Workers: 2
[236.629s][debug][gc,phases   ] GC(71)         Total                     Min: 0, Avg: 28.5, Max: 57, Diff: 57, Sum: 57, Workers: 2
[236.629s][debug][gc,phases   ] GC(71)       ObjectSynchronizer Weak   Min:  0.0, Avg:  0.0, Max:  0.0, Diff:  0.0, Sum:  0.0, Workers: 2
[236.629s][debug][gc,phases   ] GC(71)         Dead                      Min: 0, Avg:  0.0, Max: 0, Diff: 0, Sum: 0, Workers: 2
[236.629s][debug][gc,phases   ] GC(71)         Total                     Min: 0, Avg:  4.5, Max: 9, Diff: 9, Sum: 9, Workers: 2
[236.629s][debug][gc,phases   ] GC(71)       JVMTI Tag Weak OopStorage Min:  0.0, Avg:  0.0, Max:  0.0, Diff:  0.0, Sum:  0.0, Workers: 2
[236.629s][debug][gc,phases   ] GC(71)         Dead                      Min: 0, Avg:  0.0, Max: 0, Diff: 0, Sum: 0, Workers: 2
[236.629s][debug][gc,phases   ] GC(71)         Total                     Min: 0, Avg:  0.0, Max: 0, Diff: 0, Sum: 0, Workers: 2
[236.629s][debug][gc,phases   ] GC(71)       StringTable Weak          Min:  0.0, Avg:  0.0, Max:  0.0, Diff:  0.0, Sum:  0.0, Workers: 2
[236.629s][debug][gc,phases   ] GC(71)         Dead                      Min: 0, Avg:  0.0, Max: 0, Diff: 0, Sum: 0, Workers: 2
[236.629s][debug][gc,phases   ] GC(71)         Total                     Min: 320, Avg: 339.5, Max: 359, Diff: 39, Sum: 679, Workers: 2
[236.629s][debug][gc,phases   ] GC(71)       ResolvedMethodTable Weak  Min:  0.0, Avg:  0.0, Max:  0.0, Diff:  0.0, Sum:  0.0, Workers: 2
[236.629s][debug][gc,phases   ] GC(71)         Dead                      Min: 0, Avg:  0.0, Max: 0, Diff: 0, Sum: 0, Workers: 2
[236.629s][debug][gc,phases   ] GC(71)         Total                     Min: 128, Avg: 140.5, Max: 153, Diff: 25, Sum: 281, Workers: 2
[236.629s][debug][gc,phases   ] GC(71)       JNI Weak                  Min:  0.0, Avg:  0.0, Max:  0.0, Diff:  0.0, Sum:  0.0, Workers: 2
[236.629s][debug][gc,phases   ] GC(71)         Dead                      Min: 0, Avg:  0.0, Max: 0, Diff: 0, Sum: 0, Workers: 2
[236.629s][debug][gc,phases   ] GC(71)         Total                     Min: 0, Avg:  0.0, Max: 0, Diff: 0, Sum: 0, Workers: 2
[236.629s][debug][gc,phases   ] GC(71)       Weak JFR Old Object Samples Min:  0.0, Avg:  0.0, Max:  0.0, Diff:  0.0, Sum:  0.0, Workers: 2
[236.629s][debug][gc,phases   ] GC(71)         Dead                      Min: 0, Avg:  0.0, Max: 0, Diff: 0, Sum: 0, Workers: 2
[236.629s][debug][gc,phases   ] GC(71)         Total                     Min: 0, Avg:  0.0, Max: 0, Diff: 0, Sum: 0, Workers: 2
[236.629s][debug][gc,phases   ] GC(71)     Merge Per-Thread State: 0.0ms
[236.629s][debug][gc,phases   ] GC(71)       Copied Bytes              Min: 1431464, Avg: 2139276.9, Max: 2388832, Diff: 957368, Sum: 27810600, Workers: 13
[236.629s][debug][gc,phases   ] GC(71)       LAB Waste                 Min: 544, Avg: 953.8, Max: 1264, Diff: 720, Sum: 12400, Workers: 13
[236.629s][debug][gc,phases   ] GC(71)       LAB Undo Waste            Min: 0, Avg:  0.0, Max: 0, Diff: 0, Sum: 0, Workers: 13
[236.629s][debug][gc,phases   ] GC(71)     Code Roots Purge: 0.0ms
[236.629s][debug][gc,phases   ] GC(71)     Redirty Cards: 0.0ms
[236.629s][debug][gc,phases   ] GC(71)     DerivedPointerTable Update: 0.1ms
[236.629s][debug][gc,phases   ] GC(71)     Free Collection Set: 0.1ms
[236.629s][debug][gc,phases   ] GC(71)     Rebuild Free List: 0.0ms
[236.629s][debug][gc,phases   ] GC(71)     Humongous Reclaim: 0.0ms
[236.629s][debug][gc,phases   ] GC(71)     Start New Collection Set: 0.0ms
[236.629s][debug][gc,phases   ] GC(71)     Resize TLABs: 0.1ms
[236.629s][debug][gc,phases   ] GC(71)     Expand Heap After Collection: 0.0ms
[236.629s][info ][gc,phases   ] GC(71)   Other: 0.5ms
[236.629s][info ][gc,heap     ] GC(71) Eden regions: 89->0(89)
[236.629s][info ][gc,heap     ] GC(71) Survivor regions: 4->4(12)
[236.629s][info ][gc,heap     ] GC(71) Old regions: 10->10
[236.629s][info ][gc,heap     ] GC(71) Archive regions: 2->2
[236.629s][info ][gc,heap     ] GC(71) Humongous regions: 0->0
[236.629s][info ][gc,metaspace] GC(71) Metaspace: 1647K(1792K)->1647K(1792K) NonClass: 1529K(1600K)->1529K(1600K) Class: 118K(192K)->118K(192K)
[236.629s][info ][gc          ] GC(71) Pause Young (Normal) (G1 Evacuation Pause) 822M->111M(1248M) 6.815ms
[236.630s][info ][gc,cpu      ] GC(71) User=0.06s Sys=0.00s Real=0.01s
[240.067s][info ][gc,start    ] GC(72) Pause Young (Normal) (G1 Evacuation Pause)
[240.067s][info ][gc,task     ] GC(72) Using 13 workers of 13 for evacuation
[240.074s][info ][gc,phases   ] GC(72)   Pre Evacuate Collection Set: 0.4ms
[240.074s][debug][gc,phases   ] GC(72)     Prepare TLABs: 0.2ms
[240.074s][debug][gc,phases   ] GC(72)     Concatenate Dirty Card Logs: 0.1ms
[240.074s][debug][gc,phases   ] GC(72)     Choose Collection Set: 0.0ms
[240.074s][debug][gc,phases   ] GC(72)     Region Register: 0.1ms
[240.074s][debug][gc,phases   ] GC(72)     Prepare Heap Roots: 0.0ms
[240.074s][info ][gc,phases   ] GC(72)   Merge Heap Roots: 0.2ms
[240.074s][debug][gc,phases   ] GC(72)     Prepare Merge Heap Roots: 0.0ms
[240.074s][debug][gc,phases   ] GC(72)     Eager Reclaim (ms):       skipped
[240.074s][debug][gc,phases   ] GC(72)     Remembered Sets (ms):     Min:  0.0, Avg:  0.0, Max:  0.0, Diff:  0.0, Sum:  0.1, Workers: 13
[240.074s][debug][gc,phases   ] GC(72)       Merged Sparse:            Min: 0, Avg:  0.0, Max: 0, Diff: 0, Sum: 0, Workers: 13
[240.074s][debug][gc,phases   ] GC(72)       Merged Fine:              Min: 0, Avg:  0.0, Max: 0, Diff: 0, Sum: 0, Workers: 13
[240.074s][debug][gc,phases   ] GC(72)       Merged Coarse:            Min: 0, Avg:  0.0, Max: 0, Diff: 0, Sum: 0, Workers: 13
[240.074s][debug][gc,phases   ] GC(72)       Dirty Cards:              Min: 0, Avg:  0.0, Max: 0, Diff: 0, Sum: 0, Workers: 13
[240.074s][debug][gc,phases   ] GC(72)     Hot Card Cache (ms):      Min:  0.0, Avg:  0.0, Max:  0.0, Diff:  0.0, Sum:  0.0, Workers: 13
[240.074s][debug][gc,phases   ] GC(72)       Dirty Cards:              Min: 0, Avg:  0.0, Max: 0, Diff: 0, Sum: 0, Workers: 13
[240.074s][debug][gc,phases   ] GC(72)       Skipped Cards:            Min: 0, Avg:  0.0, Max: 0, Diff: 0, Sum: 0, Workers: 13
[240.074s][debug][gc,phases   ] GC(72)     Log Buffers (ms):         Min:  0.1, Avg:  0.1, Max:  0.2, Diff:  0.1, Sum:  1.7, Workers: 13
[240.074s][debug][gc,phases   ] GC(72)       Dirty Cards:              Min: 422, Avg: 1280.2, Max: 2743, Diff: 2321, Sum: 16643, Workers: 13
[240.074s][debug][gc,phases   ] GC(72)       Skipped Cards:            Min: 0, Avg:  0.0, Max: 0, Diff: 0, Sum: 0, Workers: 13
[240.074s][info ][gc,phases   ] GC(72)   Evacuate Collection Set: 5.5ms
[240.074s][debug][gc,phases   ] GC(72)     Ext Root Scanning (ms):   Min:  0.5, Avg:  0.6, Max:  0.7, Diff:  0.3, Sum:  7.7, Workers: 13
[240.074s][debug][gc,phases   ] GC(72)     Scan Heap Roots (ms):     Min:  1.3, Avg:  1.5, Max:  1.5, Diff:  0.3, Sum: 18.9, Workers: 13
[240.074s][debug][gc,phases   ] GC(72)       Scanned Cards:            Min: 989, Avg: 1279.9, Max: 1789, Diff: 800, Sum: 16639, Workers: 13
[240.074s][debug][gc,phases   ] GC(72)       Scanned Blocks:           Min: 885, Avg: 1062.2, Max: 1578, Diff: 693, Sum: 13809, Workers: 13
[240.074s][debug][gc,phases   ] GC(72)       Claimed Chunks:           Min: 9, Avg: 11.4, Max: 17, Diff: 8, Sum: 148, Workers: 13
[240.074s][debug][gc,phases   ] GC(72)     Code Root Scan (ms):      Min:  0.0, Avg:  0.0, Max:  0.0, Diff:  0.0, Sum:  0.0, Workers: 13
[240.074s][debug][gc,phases   ] GC(72)     Object Copy (ms):         Min:  3.0, Avg:  3.2, Max:  3.4, Diff:  0.4, Sum: 42.2, Workers: 13
[240.074s][debug][gc,phases   ] GC(72)     Termination (ms):         Min:  0.1, Avg:  0.2, Max:  0.2, Diff:  0.0, Sum:  2.0, Workers: 13
[240.074s][debug][gc,phases   ] GC(72)       Termination Attempts:     Min: 1, Avg:  1.0, Max: 1, Diff: 0, Sum: 13, Workers: 13
[240.074s][debug][gc,phases   ] GC(72)     GC Worker Other (ms):     Min:  0.0, Avg:  0.0, Max:  0.0, Diff:  0.0, Sum:  0.2, Workers: 13
[240.074s][debug][gc,phases   ] GC(72)     GC Worker Total (ms):     Min:  5.4, Avg:  5.5, Max:  5.5, Diff:  0.1, Sum: 70.9, Workers: 13
[240.074s][info ][gc,phases   ] GC(72)   Post Evacuate Collection Set: 0.4ms
[240.074s][debug][gc,phases   ] GC(72)     Code Roots Fixup: 0.0ms
[240.074s][debug][gc,phases   ] GC(72)     Clear Card Table: 0.1ms
[240.074s][debug][gc,phases   ] GC(72)     Reference Processing: 0.0ms
[240.074s][debug][gc,phases   ] GC(72)     Weak Processing: 0.0ms
[240.074s][debug][gc,phases   ] GC(72)       VM Weak                   Min:  0.0, Avg:  0.0, Max:  0.0, Diff:  0.0, Sum:  0.0, Workers: 2
[240.075s][debug][gc,phases   ] GC(72)         Dead                      Min: 0, Avg:  0.0, Max: 0, Diff: 0, Sum: 0, Workers: 2
[240.075s][debug][gc,phases   ] GC(72)         Total                     Min: 0, Avg: 28.5, Max: 57, Diff: 57, Sum: 57, Workers: 2
[240.075s][debug][gc,phases   ] GC(72)       ObjectSynchronizer Weak   Min:  0.0, Avg:  0.0, Max:  0.0, Diff:  0.0, Sum:  0.0, Workers: 2
[240.075s][debug][gc,phases   ] GC(72)         Dead                      Min: 0, Avg:  0.0, Max: 0, Diff: 0, Sum: 0, Workers: 2
[240.075s][debug][gc,phases   ] GC(72)         Total                     Min: 0, Avg:  4.5, Max: 9, Diff: 9, Sum: 9, Workers: 2
[240.075s][debug][gc,phases   ] GC(72)       JVMTI Tag Weak OopStorage Min:  0.0, Avg:  0.0, Max:  0.0, Diff:  0.0, Sum:  0.0, Workers: 2
[240.075s][debug][gc,phases   ] GC(72)         Dead                      Min: 0, Avg:  0.0, Max: 0, Diff: 0, Sum: 0, Workers: 2
[240.075s][debug][gc,phases   ] GC(72)         Total                     Min: 0, Avg:  0.0, Max: 0, Diff: 0, Sum: 0, Workers: 2
[240.075s][debug][gc,phases   ] GC(72)       StringTable Weak          Min:  0.0, Avg:  0.0, Max:  0.0, Diff:  0.0, Sum:  0.0, Workers: 2
[240.075s][debug][gc,phases   ] GC(72)         Dead                      Min: 0, Avg:  0.0, Max: 0, Diff: 0, Sum: 0, Workers: 2
[240.075s][debug][gc,phases   ] GC(72)         Total                     Min: 192, Avg: 339.5, Max: 487, Diff: 295, Sum: 679, Workers: 2
[240.075s][debug][gc,phases   ] GC(72)       ResolvedMethodTable Weak  Min:  0.0, Avg:  0.0, Max:  0.0, Diff:  0.0, Sum:  0.0, Workers: 2
[240.075s][debug][gc,phases   ] GC(72)         Dead                      Min: 0, Avg:  0.0, Max: 0, Diff: 0, Sum: 0, Workers: 2
[240.075s][debug][gc,phases   ] GC(72)         Total                     Min: 128, Avg: 140.5, Max: 153, Diff: 25, Sum: 281, Workers: 2
[240.075s][debug][gc,phases   ] GC(72)       JNI Weak                  Min:  0.0, Avg:  0.0, Max:  0.0, Diff:  0.0, Sum:  0.0, Workers: 2
[240.075s][debug][gc,phases   ] GC(72)         Dead                      Min: 0, Avg:  0.0, Max: 0, Diff: 0, Sum: 0, Workers: 2
[240.075s][debug][gc,phases   ] GC(72)         Total                     Min: 0, Avg:  0.0, Max: 0, Diff: 0, Sum: 0, Workers: 2
[240.075s][debug][gc,phases   ] GC(72)       Weak JFR Old Object Samples Min:  0.0, Avg:  0.0, Max:  0.0, Diff:  0.0, Sum:  0.0, Workers: 2
[240.075s][debug][gc,phases   ] GC(72)         Dead                      Min: 0, Avg:  0.0, Max: 0, Diff: 0, Sum: 0, Workers: 2
[240.075s][debug][gc,phases   ] GC(72)         Total                     Min: 0, Avg:  0.0, Max: 0, Diff: 0, Sum: 0, Workers: 2
[240.075s][debug][gc,phases   ] GC(72)     Merge Per-Thread State: 0.0ms
[240.075s][debug][gc,phases   ] GC(72)       Copied Bytes              Min: 1854720, Avg: 2127700.9, Max: 2841208, Diff: 986488, Sum: 27660112, Workers: 13
[240.075s][debug][gc,phases   ] GC(72)       LAB Waste                 Min: 192, Avg: 821.5, Max: 1536, Diff: 1344, Sum: 10680, Workers: 13
[240.075s][debug][gc,phases   ] GC(72)       LAB Undo Waste            Min: 0, Avg:  0.0, Max: 0, Diff: 0, Sum: 0, Workers: 13
[240.075s][debug][gc,phases   ] GC(72)     Code Roots Purge: 0.0ms
[240.075s][debug][gc,phases   ] GC(72)     Redirty Cards: 0.1ms
[240.075s][debug][gc,phases   ] GC(72)     DerivedPointerTable Update: 0.1ms
[240.075s][debug][gc,phases   ] GC(72)     Free Collection Set: 0.1ms
[240.075s][debug][gc,phases   ] GC(72)     Rebuild Free List: 0.1ms
[240.075s][debug][gc,phases   ] GC(72)     Humongous Reclaim: 0.0ms
[240.075s][debug][gc,phases   ] GC(72)     Start New Collection Set: 0.0ms
[240.075s][debug][gc,phases   ] GC(72)     Resize TLABs: 0.1ms
[240.075s][debug][gc,phases   ] GC(72)     Expand Heap After Collection: 0.0ms
[240.075s][info ][gc,phases   ] GC(72)   Other: 0.6ms
[240.075s][info ][gc,heap     ] GC(72) Eden regions: 89->0(89)
[240.075s][info ][gc,heap     ] GC(72) Survivor regions: 4->4(12)
[240.075s][info ][gc,heap     ] GC(72) Old regions: 10->10
[240.075s][info ][gc,heap     ] GC(72) Archive regions: 2->2
[240.075s][info ][gc,heap     ] GC(72) Humongous regions: 0->0
[240.075s][info ][gc,metaspace] GC(72) Metaspace: 1647K(1792K)->1647K(1792K) NonClass: 1529K(1600K)->1529K(1600K) Class: 118K(192K)->118K(192K)
[240.075s][info ][gc          ] GC(72) Pause Young (Normal) (G1 Evacuation Pause) 823M->111M(1248M) 7.617ms
[240.075s][info ][gc,cpu      ] GC(72) User=0.07s Sys=0.00s Real=0.01s
[243.531s][info ][gc,start    ] GC(73) Pause Young (Normal) (G1 Evacuation Pause)
[243.531s][info ][gc,task     ] GC(73) Using 13 workers of 13 for evacuation
[243.537s][info ][gc,phases   ] GC(73)   Pre Evacuate Collection Set: 0.3ms
[243.537s][debug][gc,phases   ] GC(73)     Prepare TLABs: 0.2ms
[243.537s][debug][gc,phases   ] GC(73)     Concatenate Dirty Card Logs: 0.1ms
[243.537s][debug][gc,phases   ] GC(73)     Choose Collection Set: 0.0ms
[243.537s][debug][gc,phases   ] GC(73)     Region Register: 0.1ms
[243.537s][debug][gc,phases   ] GC(73)     Prepare Heap Roots: 0.0ms
[243.537s][info ][gc,phases   ] GC(73)   Merge Heap Roots: 0.2ms
[243.537s][debug][gc,phases   ] GC(73)     Prepare Merge Heap Roots: 0.0ms
[243.537s][debug][gc,phases   ] GC(73)     Eager Reclaim (ms):       skipped
[243.537s][debug][gc,phases   ] GC(73)     Remembered Sets (ms):     Min:  0.0, Avg:  0.0, Max:  0.0, Diff:  0.0, Sum:  0.1, Workers: 13
[243.537s][debug][gc,phases   ] GC(73)       Merged Sparse:            Min: 0, Avg:  0.0, Max: 0, Diff: 0, Sum: 0, Workers: 13
[243.537s][debug][gc,phases   ] GC(73)       Merged Fine:              Min: 0, Avg:  0.0, Max: 0, Diff: 0, Sum: 0, Workers: 13
[243.537s][debug][gc,phases   ] GC(73)       Merged Coarse:            Min: 0, Avg:  0.0, Max: 0, Diff: 0, Sum: 0, Workers: 13
[243.537s][debug][gc,phases   ] GC(73)       Dirty Cards:              Min: 0, Avg:  0.0, Max: 0, Diff: 0, Sum: 0, Workers: 13
[243.537s][debug][gc,phases   ] GC(73)     Hot Card Cache (ms):      Min:  0.0, Avg:  0.0, Max:  0.0, Diff:  0.0, Sum:  0.0, Workers: 13
[243.537s][debug][gc,phases   ] GC(73)       Dirty Cards:              Min: 0, Avg:  0.0, Max: 0, Diff: 0, Sum: 0, Workers: 13
[243.537s][debug][gc,phases   ] GC(73)       Skipped Cards:            Min: 0, Avg:  0.0, Max: 0, Diff: 0, Sum: 0, Workers: 13
[243.537s][debug][gc,phases   ] GC(73)     Log Buffers (ms):         Min:  0.1, Avg:  0.1, Max:  0.1, Diff:  0.0, Sum:  1.3, Workers: 13
[243.537s][debug][gc,phases   ] GC(73)       Dirty Cards:              Min: 269, Avg: 1257.0, Max: 2059, Diff: 1790, Sum: 16341, Workers: 13
[243.537s][debug][gc,phases   ] GC(73)       Skipped Cards:            Min: 0, Avg:  0.0, Max: 0, Diff: 0, Sum: 0, Workers: 13
[243.537s][info ][gc,phases   ] GC(73)   Evacuate Collection Set: 4.8ms
[243.537s][debug][gc,phases   ] GC(73)     Ext Root Scanning (ms):   Min:  0.3, Avg:  0.4, Max:  0.6, Diff:  0.3, Sum:  5.4, Workers: 13
[243.537s][debug][gc,phases   ] GC(73)     Scan Heap Roots (ms):     Min:  1.0, Avg:  1.2, Max:  1.3, Diff:  0.3, Sum: 15.3, Workers: 13
[243.537s][debug][gc,phases   ] GC(73)       Scanned Cards:            Min: 1011, Avg: 1256.9, Max: 1727, Diff: 716, Sum: 16340, Workers: 13
[243.537s][debug][gc,phases   ] GC(73)       Scanned Blocks:           Min: 800, Avg: 1048.8, Max: 1527, Diff: 727, Sum: 13635, Workers: 13
[243.537s][debug][gc,phases   ] GC(73)       Claimed Chunks:           Min: 8, Avg: 11.4, Max: 18, Diff: 10, Sum: 148, Workers: 13
[243.537s][debug][gc,phases   ] GC(73)     Code Root Scan (ms):      Min:  0.0, Avg:  0.0, Max:  0.0, Diff:  0.0, Sum:  0.0, Workers: 13
[243.537s][debug][gc,phases   ] GC(73)     Object Copy (ms):         Min:  2.8, Avg:  3.0, Max:  3.1, Diff:  0.3, Sum: 38.5, Workers: 13
[243.537s][debug][gc,phases   ] GC(73)     Termination (ms):         Min:  0.1, Avg:  0.1, Max:  0.1, Diff:  0.0, Sum:  1.7, Workers: 13
[243.537s][debug][gc,phases   ] GC(73)       Termination Attempts:     Min: 1, Avg:  1.0, Max: 1, Diff: 0, Sum: 13, Workers: 13
[243.537s][debug][gc,phases   ] GC(73)     GC Worker Other (ms):     Min:  0.0, Avg:  0.0, Max:  0.0, Diff:  0.0, Sum:  0.1, Workers: 13
[243.537s][debug][gc,phases   ] GC(73)     GC Worker Total (ms):     Min:  4.7, Avg:  4.7, Max:  4.7, Diff:  0.1, Sum: 61.1, Workers: 13
[243.537s][info ][gc,phases   ] GC(73)   Post Evacuate Collection Set: 0.3ms
[243.537s][debug][gc,phases   ] GC(73)     Code Roots Fixup: 0.0ms
[243.537s][debug][gc,phases   ] GC(73)     Clear Card Table: 0.1ms
[243.537s][debug][gc,phases   ] GC(73)     Reference Processing: 0.0ms
[243.537s][debug][gc,phases   ] GC(73)     Weak Processing: 0.0ms
[243.537s][debug][gc,phases   ] GC(73)       VM Weak                   Min:  0.0, Avg:  0.0, Max:  0.0, Diff:  0.0, Sum:  0.0, Workers: 2
[243.537s][debug][gc,phases   ] GC(73)         Dead                      Min: 0, Avg:  0.0, Max: 0, Diff: 0, Sum: 0, Workers: 2
[243.537s][debug][gc,phases   ] GC(73)         Total                     Min: 0, Avg: 28.5, Max: 57, Diff: 57, Sum: 57, Workers: 2
[243.537s][debug][gc,phases   ] GC(73)       ObjectSynchronizer Weak   Min:  0.0, Avg:  0.0, Max:  0.0, Diff:  0.0, Sum:  0.0, Workers: 2
[243.537s][debug][gc,phases   ] GC(73)         Dead                      Min: 0, Avg:  0.0, Max: 0, Diff: 0, Sum: 0, Workers: 2
[243.537s][debug][gc,phases   ] GC(73)         Total                     Min: 0, Avg:  4.5, Max: 9, Diff: 9, Sum: 9, Workers: 2
[243.537s][debug][gc,phases   ] GC(73)       JVMTI Tag Weak OopStorage Min:  0.0, Avg:  0.0, Max:  0.0, Diff:  0.0, Sum:  0.0, Workers: 2
[243.537s][debug][gc,phases   ] GC(73)         Dead                      Min: 0, Avg:  0.0, Max: 0, Diff: 0, Sum: 0, Workers: 2
[243.537s][debug][gc,phases   ] GC(73)         Total                     Min: 0, Avg:  0.0, Max: 0, Diff: 0, Sum: 0, Workers: 2
[243.537s][debug][gc,phases   ] GC(73)       StringTable Weak          Min:  0.0, Avg:  0.0, Max:  0.0, Diff:  0.0, Sum:  0.0, Workers: 2
[243.537s][debug][gc,phases   ] GC(73)         Dead                      Min: 0, Avg:  0.0, Max: 0, Diff: 0, Sum: 0, Workers: 2
[243.537s][debug][gc,phases   ] GC(73)         Total                     Min: 0, Avg: 339.5, Max: 679, Diff: 679, Sum: 679, Workers: 2
[243.537s][debug][gc,phases   ] GC(73)       ResolvedMethodTable Weak  Min:  0.0, Avg:  0.0, Max:  0.0, Diff:  0.0, Sum:  0.0, Workers: 2
[243.537s][debug][gc,phases   ] GC(73)         Dead                      Min: 0, Avg:  0.0, Max: 0, Diff: 0, Sum: 0, Workers: 2
[243.537s][debug][gc,phases   ] GC(73)         Total                     Min: 0, Avg: 140.5, Max: 281, Diff: 281, Sum: 281, Workers: 2
[243.537s][debug][gc,phases   ] GC(73)       JNI Weak                  Min:  0.0, Avg:  0.0, Max:  0.0, Diff:  0.0, Sum:  0.0, Workers: 2
[243.537s][debug][gc,phases   ] GC(73)         Dead                      Min: 0, Avg:  0.0, Max: 0, Diff: 0, Sum: 0, Workers: 2
[243.537s][debug][gc,phases   ] GC(73)         Total                     Min: 0, Avg:  0.0, Max: 0, Diff: 0, Sum: 0, Workers: 2
[243.537s][debug][gc,phases   ] GC(73)       Weak JFR Old Object Samples Min:  0.0, Avg:  0.0, Max:  0.0, Diff:  0.0, Sum:  0.0, Workers: 2
[243.537s][debug][gc,phases   ] GC(73)         Dead                      Min: 0, Avg:  0.0, Max: 0, Diff: 0, Sum: 0, Workers: 2
[243.537s][debug][gc,phases   ] GC(73)         Total                     Min: 0, Avg:  0.0, Max: 0, Diff: 0, Sum: 0, Workers: 2
[243.537s][debug][gc,phases   ] GC(73)     Merge Per-Thread State: 0.0ms
[243.537s][debug][gc,phases   ] GC(73)       Copied Bytes              Min: 1941512, Avg: 2133924.9, Max: 2562136, Diff: 620624, Sum: 27741024, Workers: 13
[243.537s][debug][gc,phases   ] GC(73)       LAB Waste                 Min: 512, Avg: 907.1, Max: 1248, Diff: 736, Sum: 11792, Workers: 13
[243.538s][debug][gc,phases   ] GC(73)       LAB Undo Waste            Min: 0, Avg:  0.0, Max: 0, Diff: 0, Sum: 0, Workers: 13
[243.538s][debug][gc,phases   ] GC(73)     Code Roots Purge: 0.0ms
[243.538s][debug][gc,phases   ] GC(73)     Redirty Cards: 0.1ms
[243.538s][debug][gc,phases   ] GC(73)     DerivedPointerTable Update: 0.1ms
[243.538s][debug][gc,phases   ] GC(73)     Free Collection Set: 0.1ms
[243.538s][debug][gc,phases   ] GC(73)     Rebuild Free List: 0.1ms
[243.538s][debug][gc,phases   ] GC(73)     Humongous Reclaim: 0.0ms
[243.538s][debug][gc,phases   ] GC(73)     Start New Collection Set: 0.0ms
[243.538s][debug][gc,phases   ] GC(73)     Resize TLABs: 0.1ms
[243.538s][debug][gc,phases   ] GC(73)     Expand Heap After Collection: 0.0ms
[243.538s][info ][gc,phases   ] GC(73)   Other: 0.6ms
[243.538s][info ][gc,heap     ] GC(73) Eden regions: 89->0(89)
[243.538s][info ][gc,heap     ] GC(73) Survivor regions: 4->4(12)
[243.538s][info ][gc,heap     ] GC(73) Old regions: 10->10
[243.538s][info ][gc,heap     ] GC(73) Archive regions: 2->2
[243.538s][info ][gc,heap     ] GC(73) Humongous regions: 0->0
[243.538s][info ][gc,metaspace] GC(73) Metaspace: 1647K(1792K)->1647K(1792K) NonClass: 1529K(1600K)->1529K(1600K) Class: 118K(192K)->118K(192K)
[243.538s][info ][gc          ] GC(73) Pause Young (Normal) (G1 Evacuation Pause) 823M->110M(1248M) 6.961ms
[243.538s][info ][gc,cpu      ] GC(73) User=0.06s Sys=0.00s Real=0.01s
[247.003s][info ][gc,start    ] GC(74) Pause Young (Normal) (G1 Evacuation Pause)
[247.003s][info ][gc,task     ] GC(74) Using 13 workers of 13 for evacuation
[247.009s][info ][gc,phases   ] GC(74)   Pre Evacuate Collection Set: 0.3ms
[247.009s][debug][gc,phases   ] GC(74)     Prepare TLABs: 0.1ms
[247.009s][debug][gc,phases   ] GC(74)     Concatenate Dirty Card Logs: 0.1ms
[247.009s][debug][gc,phases   ] GC(74)     Choose Collection Set: 0.0ms
[247.009s][debug][gc,phases   ] GC(74)     Region Register: 0.1ms
[247.009s][debug][gc,phases   ] GC(74)     Prepare Heap Roots: 0.0ms
[247.009s][info ][gc,phases   ] GC(74)   Merge Heap Roots: 0.2ms
[247.009s][debug][gc,phases   ] GC(74)     Prepare Merge Heap Roots: 0.0ms
[247.009s][debug][gc,phases   ] GC(74)     Eager Reclaim (ms):       skipped
[247.009s][debug][gc,phases   ] GC(74)     Remembered Sets (ms):     Min:  0.0, Avg:  0.0, Max:  0.0, Diff:  0.0, Sum:  0.1, Workers: 13
[247.009s][debug][gc,phases   ] GC(74)       Merged Sparse:            Min: 0, Avg:  0.0, Max: 0, Diff: 0, Sum: 0, Workers: 13
[247.009s][debug][gc,phases   ] GC(74)       Merged Fine:              Min: 0, Avg:  0.0, Max: 0, Diff: 0, Sum: 0, Workers: 13
[247.009s][debug][gc,phases   ] GC(74)       Merged Coarse:            Min: 0, Avg:  0.0, Max: 0, Diff: 0, Sum: 0, Workers: 13
[247.009s][debug][gc,phases   ] GC(74)       Dirty Cards:              Min: 0, Avg:  0.0, Max: 0, Diff: 0, Sum: 0, Workers: 13
[247.009s][debug][gc,phases   ] GC(74)     Hot Card Cache (ms):      Min:  0.0, Avg:  0.0, Max:  0.0, Diff:  0.0, Sum:  0.0, Workers: 13
[247.009s][debug][gc,phases   ] GC(74)       Dirty Cards:              Min: 0, Avg:  0.0, Max: 0, Diff: 0, Sum: 0, Workers: 13
[247.009s][debug][gc,phases   ] GC(74)       Skipped Cards:            Min: 0, Avg:  0.0, Max: 0, Diff: 0, Sum: 0, Workers: 13
[247.009s][debug][gc,phases   ] GC(74)     Log Buffers (ms):         Min:  0.1, Avg:  0.1, Max:  0.1, Diff:  0.1, Sum:  1.0, Workers: 13
[247.009s][debug][gc,phases   ] GC(74)       Dirty Cards:              Min: 272, Avg: 1262.8, Max: 3631, Diff: 3359, Sum: 16416, Workers: 13
[247.009s][debug][gc,phases   ] GC(74)       Skipped Cards:            Min: 0, Avg:  0.0, Max: 0, Diff: 0, Sum: 0, Workers: 13
[247.009s][info ][gc,phases   ] GC(74)   Evacuate Collection Set: 5.1ms
[247.009s][debug][gc,phases   ] GC(74)     Ext Root Scanning (ms):   Min:  0.4, Avg:  0.4, Max:  0.5, Diff:  0.1, Sum:  5.7, Workers: 13
[247.009s][debug][gc,phases   ] GC(74)     Scan Heap Roots (ms):     Min:  1.2, Avg:  1.3, Max:  1.4, Diff:  0.3, Sum: 17.1, Workers: 13
[247.009s][debug][gc,phases   ] GC(74)       Scanned Cards:            Min: 1084, Avg: 1262.3, Max: 1690, Diff: 606, Sum: 16410, Workers: 13
[247.009s][debug][gc,phases   ] GC(74)       Scanned Blocks:           Min: 840, Avg: 1053.8, Max: 1456, Diff: 616, Sum: 13700, Workers: 13
[247.009s][debug][gc,phases   ] GC(74)       Claimed Chunks:           Min: 9, Avg: 11.5, Max: 19, Diff: 10, Sum: 149, Workers: 13
[247.009s][debug][gc,phases   ] GC(74)     Code Root Scan (ms):      Min:  0.0, Avg:  0.0, Max:  0.0, Diff:  0.0, Sum:  0.0, Workers: 13
[247.009s][debug][gc,phases   ] GC(74)     Object Copy (ms):         Min:  3.1, Avg:  3.2, Max:  3.3, Diff:  0.3, Sum: 41.3, Workers: 13
[247.009s][debug][gc,phases   ] GC(74)     Termination (ms):         Min:  0.1, Avg:  0.1, Max:  0.1, Diff:  0.0, Sum:  1.6, Workers: 13
[247.009s][debug][gc,phases   ] GC(74)       Termination Attempts:     Min: 1, Avg:  1.0, Max: 1, Diff: 0, Sum: 13, Workers: 13
[247.009s][debug][gc,phases   ] GC(74)     GC Worker Other (ms):     Min:  0.0, Avg:  0.0, Max:  0.1, Diff:  0.1, Sum:  0.2, Workers: 13
[247.009s][debug][gc,phases   ] GC(74)     GC Worker Total (ms):     Min:  5.0, Avg:  5.1, Max:  5.1, Diff:  0.1, Sum: 65.9, Workers: 13
[247.009s][info ][gc,phases   ] GC(74)   Post Evacuate Collection Set: 0.3ms
[247.009s][debug][gc,phases   ] GC(74)     Code Roots Fixup: 0.0ms
[247.009s][debug][gc,phases   ] GC(74)     Clear Card Table: 0.1ms
[247.009s][debug][gc,phases   ] GC(74)     Reference Processing: 0.0ms
[247.009s][debug][gc,phases   ] GC(74)     Weak Processing: 0.0ms
[247.009s][debug][gc,phases   ] GC(74)       VM Weak                   Min:  0.0, Avg:  0.0, Max:  0.0, Diff:  0.0, Sum:  0.0, Workers: 2
[247.009s][debug][gc,phases   ] GC(74)         Dead                      Min: 0, Avg:  0.0, Max: 0, Diff: 0, Sum: 0, Workers: 2
[247.009s][debug][gc,phases   ] GC(74)         Total                     Min: 0, Avg: 28.5, Max: 57, Diff: 57, Sum: 57, Workers: 2
[247.009s][debug][gc,phases   ] GC(74)       ObjectSynchronizer Weak   Min:  0.0, Avg:  0.0, Max:  0.0, Diff:  0.0, Sum:  0.0, Workers: 2
[247.009s][debug][gc,phases   ] GC(74)         Dead                      Min: 0, Avg:  0.0, Max: 0, Diff: 0, Sum: 0, Workers: 2
[247.009s][debug][gc,phases   ] GC(74)         Total                     Min: 0, Avg:  4.5, Max: 9, Diff: 9, Sum: 9, Workers: 2
[247.009s][debug][gc,phases   ] GC(74)       JVMTI Tag Weak OopStorage Min:  0.0, Avg:  0.0, Max:  0.0, Diff:  0.0, Sum:  0.0, Workers: 2
[247.009s][debug][gc,phases   ] GC(74)         Dead                      Min: 0, Avg:  0.0, Max: 0, Diff: 0, Sum: 0, Workers: 2
[247.009s][debug][gc,phases   ] GC(74)         Total                     Min: 0, Avg:  0.0, Max: 0, Diff: 0, Sum: 0, Workers: 2
[247.009s][debug][gc,phases   ] GC(74)       StringTable Weak          Min:  0.0, Avg:  0.0, Max:  0.0, Diff:  0.0, Sum:  0.0, Workers: 2
[247.009s][debug][gc,phases   ] GC(74)         Dead                      Min: 0, Avg:  0.0, Max: 0, Diff: 0, Sum: 0, Workers: 2
[247.010s][debug][gc,phases   ] GC(74)         Total                     Min: 0, Avg: 339.5, Max: 679, Diff: 679, Sum: 679, Workers: 2
[247.010s][debug][gc,phases   ] GC(74)       ResolvedMethodTable Weak  Min:  0.0, Avg:  0.0, Max:  0.0, Diff:  0.0, Sum:  0.0, Workers: 2
[247.010s][debug][gc,phases   ] GC(74)         Dead                      Min: 0, Avg:  0.0, Max: 0, Diff: 0, Sum: 0, Workers: 2
[247.010s][debug][gc,phases   ] GC(74)         Total                     Min: 0, Avg: 140.5, Max: 281, Diff: 281, Sum: 281, Workers: 2
[247.010s][debug][gc,phases   ] GC(74)       JNI Weak                  Min:  0.0, Avg:  0.0, Max:  0.0, Diff:  0.0, Sum:  0.0, Workers: 2
[247.010s][debug][gc,phases   ] GC(74)         Dead                      Min: 0, Avg:  0.0, Max: 0, Diff: 0, Sum: 0, Workers: 2
[247.010s][debug][gc,phases   ] GC(74)         Total                     Min: 0, Avg:  0.0, Max: 0, Diff: 0, Sum: 0, Workers: 2
[247.010s][debug][gc,phases   ] GC(74)       Weak JFR Old Object Samples Min:  0.0, Avg:  0.0, Max:  0.0, Diff:  0.0, Sum:  0.0, Workers: 2
[247.010s][debug][gc,phases   ] GC(74)         Dead                      Min: 0, Avg:  0.0, Max: 0, Diff: 0, Sum: 0, Workers: 2
[247.010s][debug][gc,phases   ] GC(74)         Total                     Min: 0, Avg:  0.0, Max: 0, Diff: 0, Sum: 0, Workers: 2
[247.010s][debug][gc,phases   ] GC(74)     Merge Per-Thread State: 0.0ms
[247.010s][debug][gc,phases   ] GC(74)       Copied Bytes              Min: 1965808, Avg: 2135374.8, Max: 2419480, Diff: 453672, Sum: 27759872, Workers: 13
[247.010s][debug][gc,phases   ] GC(74)       LAB Waste                 Min: 512, Avg: 848.6, Max: 1512, Diff: 1000, Sum: 11032, Workers: 13
[247.010s][debug][gc,phases   ] GC(74)       LAB Undo Waste            Min: 0, Avg:  0.0, Max: 0, Diff: 0, Sum: 0, Workers: 13
[247.010s][debug][gc,phases   ] GC(74)     Code Roots Purge: 0.0ms
[247.010s][debug][gc,phases   ] GC(74)     Redirty Cards: 0.1ms
[247.010s][debug][gc,phases   ] GC(74)     DerivedPointerTable Update: 0.1ms
[247.010s][debug][gc,phases   ] GC(74)     Free Collection Set: 0.1ms
[247.010s][debug][gc,phases   ] GC(74)     Rebuild Free List: 0.0ms
[247.010s][debug][gc,phases   ] GC(74)     Humongous Reclaim: 0.0ms
[247.010s][debug][gc,phases   ] GC(74)     Start New Collection Set: 0.0ms
[247.010s][debug][gc,phases   ] GC(74)     Resize TLABs: 0.1ms
[247.010s][debug][gc,phases   ] GC(74)     Expand Heap After Collection: 0.0ms
[247.010s][info ][gc,phases   ] GC(74)   Other: 0.5ms
[247.010s][info ][gc,heap     ] GC(74) Eden regions: 89->0(89)
[247.010s][info ][gc,heap     ] GC(74) Survivor regions: 4->4(12)
[247.010s][info ][gc,heap     ] GC(74) Old regions: 10->10
[247.010s][info ][gc,heap     ] GC(74) Archive regions: 2->2
[247.010s][info ][gc,heap     ] GC(74) Humongous regions: 0->0
[247.010s][info ][gc,metaspace] GC(74) Metaspace: 1647K(1792K)->1647K(1792K) NonClass: 1529K(1600K)->1529K(1600K) Class: 118K(192K)->118K(192K)
[247.010s][info ][gc          ] GC(74) Pause Young (Normal) (G1 Evacuation Pause) 822M->110M(1248M) 7.177ms
[247.010s][info ][gc,cpu      ] GC(74) User=0.06s Sys=0.00s Real=0.01s
[250.506s][info ][gc,start    ] GC(75) Pause Young (Normal) (G1 Evacuation Pause)
[250.506s][info ][gc,task     ] GC(75) Using 13 workers of 13 for evacuation
[250.512s][info ][gc,phases   ] GC(75)   Pre Evacuate Collection Set: 0.2ms
[250.512s][debug][gc,phases   ] GC(75)     Prepare TLABs: 0.1ms
[250.512s][debug][gc,phases   ] GC(75)     Concatenate Dirty Card Logs: 0.1ms
[250.512s][debug][gc,phases   ] GC(75)     Choose Collection Set: 0.0ms
[250.512s][debug][gc,phases   ] GC(75)     Region Register: 0.0ms
[250.512s][debug][gc,phases   ] GC(75)     Prepare Heap Roots: 0.0ms
[250.512s][info ][gc,phases   ] GC(75)   Merge Heap Roots: 0.1ms
[250.512s][debug][gc,phases   ] GC(75)     Prepare Merge Heap Roots: 0.0ms
[250.512s][debug][gc,phases   ] GC(75)     Eager Reclaim (ms):       skipped
[250.512s][debug][gc,phases   ] GC(75)     Remembered Sets (ms):     Min:  0.0, Avg:  0.0, Max:  0.0, Diff:  0.0, Sum:  0.1, Workers: 13
[250.512s][debug][gc,phases   ] GC(75)       Merged Sparse:            Min: 0, Avg:  0.0, Max: 0, Diff: 0, Sum: 0, Workers: 13
[250.512s][debug][gc,phases   ] GC(75)       Merged Fine:              Min: 0, Avg:  0.0, Max: 0, Diff: 0, Sum: 0, Workers: 13
[250.512s][debug][gc,phases   ] GC(75)       Merged Coarse:            Min: 0, Avg:  0.0, Max: 0, Diff: 0, Sum: 0, Workers: 13
[250.512s][debug][gc,phases   ] GC(75)       Dirty Cards:              Min: 0, Avg:  0.0, Max: 0, Diff: 0, Sum: 0, Workers: 13
[250.512s][debug][gc,phases   ] GC(75)     Hot Card Cache (ms):      Min:  0.0, Avg:  0.0, Max:  0.0, Diff:  0.0, Sum:  0.0, Workers: 13
[250.512s][debug][gc,phases   ] GC(75)       Dirty Cards:              Min: 0, Avg:  0.0, Max: 0, Diff: 0, Sum: 0, Workers: 13
[250.512s][debug][gc,phases   ] GC(75)       Skipped Cards:            Min: 0, Avg:  0.0, Max: 0, Diff: 0, Sum: 0, Workers: 13
[250.512s][debug][gc,phases   ] GC(75)     Log Buffers (ms):         Min:  0.0, Avg:  0.1, Max:  0.1, Diff:  0.1, Sum:  1.1, Workers: 13
[250.512s][debug][gc,phases   ] GC(75)       Dirty Cards:              Min: 9, Avg: 1245.8, Max: 2318, Diff: 2309, Sum: 16195, Workers: 13
[250.513s][debug][gc,phases   ] GC(75)       Skipped Cards:            Min: 0, Avg:  0.0, Max: 0, Diff: 0, Sum: 0, Workers: 13
[250.513s][info ][gc,phases   ] GC(75)   Evacuate Collection Set: 5.3ms
[250.513s][debug][gc,phases   ] GC(75)     Ext Root Scanning (ms):   Min:  0.4, Avg:  0.5, Max:  0.6, Diff:  0.2, Sum:  6.2, Workers: 13
[250.513s][debug][gc,phases   ] GC(75)     Scan Heap Roots (ms):     Min:  1.2, Avg:  1.4, Max:  1.5, Diff:  0.3, Sum: 17.7, Workers: 13
[250.513s][debug][gc,phases   ] GC(75)       Scanned Cards:            Min: 992, Avg: 1245.6, Max: 1747, Diff: 755, Sum: 16193, Workers: 13
[250.513s][debug][gc,phases   ] GC(75)       Scanned Blocks:           Min: 879, Avg: 1041.9, Max: 1222, Diff: 343, Sum: 13545, Workers: 13
[250.513s][debug][gc,phases   ] GC(75)       Claimed Chunks:           Min: 9, Avg: 11.5, Max: 20, Diff: 11, Sum: 149, Workers: 13
[250.513s][debug][gc,phases   ] GC(75)     Code Root Scan (ms):      Min:  0.0, Avg:  0.0, Max:  0.0, Diff:  0.0, Sum:  0.0, Workers: 13
[250.513s][debug][gc,phases   ] GC(75)     Object Copy (ms):         Min:  3.1, Avg:  3.2, Max:  3.4, Diff:  0.3, Sum: 42.0, Workers: 13
[250.513s][debug][gc,phases   ] GC(75)     Termination (ms):         Min:  0.1, Avg:  0.2, Max:  0.2, Diff:  0.0, Sum:  2.0, Workers: 13
[250.513s][debug][gc,phases   ] GC(75)       Termination Attempts:     Min: 1, Avg:  1.0, Max: 1, Diff: 0, Sum: 13, Workers: 13
[250.513s][debug][gc,phases   ] GC(75)     GC Worker Other (ms):     Min:  0.0, Avg:  0.0, Max:  0.0, Diff:  0.0, Sum:  0.2, Workers: 13
[250.513s][debug][gc,phases   ] GC(75)     GC Worker Total (ms):     Min:  5.2, Avg:  5.2, Max:  5.3, Diff:  0.1, Sum: 68.0, Workers: 13
[250.513s][info ][gc,phases   ] GC(75)   Post Evacuate Collection Set: 0.3ms
[250.513s][debug][gc,phases   ] GC(75)     Code Roots Fixup: 0.0ms
[250.513s][debug][gc,phases   ] GC(75)     Clear Card Table: 0.1ms
[250.513s][debug][gc,phases   ] GC(75)     Reference Processing: 0.0ms
[250.513s][debug][gc,phases   ] GC(75)     Weak Processing: 0.0ms
[250.513s][debug][gc,phases   ] GC(75)       VM Weak                   Min:  0.0, Avg:  0.0, Max:  0.0, Diff:  0.0, Sum:  0.0, Workers: 2
[250.513s][debug][gc,phases   ] GC(75)         Dead                      Min: 0, Avg:  0.0, Max: 0, Diff: 0, Sum: 0, Workers: 2
[250.513s][debug][gc,phases   ] GC(75)         Total                     Min: 0, Avg: 28.5, Max: 57, Diff: 57, Sum: 57, Workers: 2
[250.513s][debug][gc,phases   ] GC(75)       ObjectSynchronizer Weak   Min:  0.0, Avg:  0.0, Max:  0.0, Diff:  0.0, Sum:  0.0, Workers: 2
[250.513s][debug][gc,phases   ] GC(75)         Dead                      Min: 0, Avg:  0.0, Max: 0, Diff: 0, Sum: 0, Workers: 2
[250.513s][debug][gc,phases   ] GC(75)         Total                     Min: 0, Avg:  4.5, Max: 9, Diff: 9, Sum: 9, Workers: 2
[250.513s][debug][gc,phases   ] GC(75)       JVMTI Tag Weak OopStorage Min:  0.0, Avg:  0.0, Max:  0.0, Diff:  0.0, Sum:  0.0, Workers: 2
[250.513s][debug][gc,phases   ] GC(75)         Dead                      Min: 0, Avg:  0.0, Max: 0, Diff: 0, Sum: 0, Workers: 2
[250.513s][debug][gc,phases   ] GC(75)         Total                     Min: 0, Avg:  0.0, Max: 0, Diff: 0, Sum: 0, Workers: 2
[250.513s][debug][gc,phases   ] GC(75)       StringTable Weak          Min:  0.0, Avg:  0.0, Max:  0.0, Diff:  0.0, Sum:  0.0, Workers: 2
[250.513s][debug][gc,phases   ] GC(75)         Dead                      Min: 0, Avg:  0.0, Max: 0, Diff: 0, Sum: 0, Workers: 2
[250.513s][debug][gc,phases   ] GC(75)         Total                     Min: 192, Avg: 339.5, Max: 487, Diff: 295, Sum: 679, Workers: 2
[250.513s][debug][gc,phases   ] GC(75)       ResolvedMethodTable Weak  Min:  0.0, Avg:  0.0, Max:  0.0, Diff:  0.0, Sum:  0.0, Workers: 2
[250.513s][debug][gc,phases   ] GC(75)         Dead                      Min: 0, Avg:  0.0, Max: 0, Diff: 0, Sum: 0, Workers: 2
[250.513s][debug][gc,phases   ] GC(75)         Total                     Min: 89, Avg: 140.5, Max: 192, Diff: 103, Sum: 281, Workers: 2
[250.513s][debug][gc,phases   ] GC(75)       JNI Weak                  Min:  0.0, Avg:  0.0, Max:  0.0, Diff:  0.0, Sum:  0.0, Workers: 2
[250.513s][debug][gc,phases   ] GC(75)         Dead                      Min: 0, Avg:  0.0, Max: 0, Diff: 0, Sum: 0, Workers: 2
[250.513s][debug][gc,phases   ] GC(75)         Total                     Min: 0, Avg:  0.0, Max: 0, Diff: 0, Sum: 0, Workers: 2
[250.513s][debug][gc,phases   ] GC(75)       Weak JFR Old Object Samples Min:  0.0, Avg:  0.0, Max:  0.0, Diff:  0.0, Sum:  0.0, Workers: 2
[250.513s][debug][gc,phases   ] GC(75)         Dead                      Min: 0, Avg:  0.0, Max: 0, Diff: 0, Sum: 0, Workers: 2
[250.513s][debug][gc,phases   ] GC(75)         Total                     Min: 0, Avg:  0.0, Max: 0, Diff: 0, Sum: 0, Workers: 2
[250.513s][debug][gc,phases   ] GC(75)     Merge Per-Thread State: 0.0ms
[250.513s][debug][gc,phases   ] GC(75)       Copied Bytes              Min: 1818384, Avg: 2129463.4, Max: 2292920, Diff: 474536, Sum: 27683024, Workers: 13
[250.513s][debug][gc,phases   ] GC(75)       LAB Waste                 Min: 280, Avg: 658.5, Max: 1224, Diff: 944, Sum: 8560, Workers: 13
[250.513s][debug][gc,phases   ] GC(75)       LAB Undo Waste            Min: 0, Avg:  0.0, Max: 0, Diff: 0, Sum: 0, Workers: 13
[250.513s][debug][gc,phases   ] GC(75)     Code Roots Purge: 0.0ms
[250.513s][debug][gc,phases   ] GC(75)     Redirty Cards: 0.0ms
[250.513s][debug][gc,phases   ] GC(75)     DerivedPointerTable Update: 0.1ms
[250.513s][debug][gc,phases   ] GC(75)     Free Collection Set: 0.1ms
[250.513s][debug][gc,phases   ] GC(75)     Rebuild Free List: 0.0ms
[250.513s][debug][gc,phases   ] GC(75)     Humongous Reclaim: 0.0ms
[250.513s][debug][gc,phases   ] GC(75)     Start New Collection Set: 0.0ms
[250.513s][debug][gc,phases   ] GC(75)     Resize TLABs: 0.1ms
[250.513s][debug][gc,phases   ] GC(75)     Expand Heap After Collection: 0.0ms
[250.513s][info ][gc,phases   ] GC(75)   Other: 0.5ms
[250.513s][info ][gc,heap     ] GC(75) Eden regions: 89->0(89)
[250.513s][info ][gc,heap     ] GC(75) Survivor regions: 4->4(12)
[250.513s][info ][gc,heap     ] GC(75) Old regions: 10->10
[250.513s][info ][gc,heap     ] GC(75) Archive regions: 2->2
[250.513s][info ][gc,heap     ] GC(75) Humongous regions: 0->0
[250.513s][info ][gc,metaspace] GC(75) Metaspace: 1647K(1792K)->1647K(1792K) NonClass: 1529K(1600K)->1529K(1600K) Class: 118K(192K)->118K(192K)
[250.513s][info ][gc          ] GC(75) Pause Young (Normal) (G1 Evacuation Pause) 822M->111M(1248M) 7.260ms
[250.513s][info ][gc,cpu      ] GC(75) User=0.07s Sys=0.00s Real=0.01s
[253.950s][info ][gc,start    ] GC(76) Pause Young (Normal) (G1 Evacuation Pause)
[253.950s][info ][gc,task     ] GC(76) Using 13 workers of 13 for evacuation
[253.956s][info ][gc,phases   ] GC(76)   Pre Evacuate Collection Set: 0.3ms
[253.956s][debug][gc,phases   ] GC(76)     Prepare TLABs: 0.1ms
[253.956s][debug][gc,phases   ] GC(76)     Concatenate Dirty Card Logs: 0.1ms
[253.956s][debug][gc,phases   ] GC(76)     Choose Collection Set: 0.0ms
[253.956s][debug][gc,phases   ] GC(76)     Region Register: 0.1ms
[253.956s][debug][gc,phases   ] GC(76)     Prepare Heap Roots: 0.0ms
[253.956s][info ][gc,phases   ] GC(76)   Merge Heap Roots: 0.1ms
[253.956s][debug][gc,phases   ] GC(76)     Prepare Merge Heap Roots: 0.0ms
[253.956s][debug][gc,phases   ] GC(76)     Eager Reclaim (ms):       skipped
[253.956s][debug][gc,phases   ] GC(76)     Remembered Sets (ms):     Min:  0.0, Avg:  0.0, Max:  0.0, Diff:  0.0, Sum:  0.1, Workers: 13
[253.956s][debug][gc,phases   ] GC(76)       Merged Sparse:            Min: 0, Avg:  0.0, Max: 0, Diff: 0, Sum: 0, Workers: 13
[253.956s][debug][gc,phases   ] GC(76)       Merged Fine:              Min: 0, Avg:  0.0, Max: 0, Diff: 0, Sum: 0, Workers: 13
[253.956s][debug][gc,phases   ] GC(76)       Merged Coarse:            Min: 0, Avg:  0.0, Max: 0, Diff: 0, Sum: 0, Workers: 13
[253.956s][debug][gc,phases   ] GC(76)       Dirty Cards:              Min: 0, Avg:  0.0, Max: 0, Diff: 0, Sum: 0, Workers: 13
[253.956s][debug][gc,phases   ] GC(76)     Hot Card Cache (ms):      Min:  0.0, Avg:  0.0, Max:  0.0, Diff:  0.0, Sum:  0.0, Workers: 13
[253.956s][debug][gc,phases   ] GC(76)       Dirty Cards:              Min: 0, Avg:  0.0, Max: 0, Diff: 0, Sum: 0, Workers: 13
[253.956s][debug][gc,phases   ] GC(76)       Skipped Cards:            Min: 0, Avg:  0.0, Max: 0, Diff: 0, Sum: 0, Workers: 13
[253.956s][debug][gc,phases   ] GC(76)     Log Buffers (ms):         Min:  0.1, Avg:  0.1, Max:  0.1, Diff:  0.0, Sum:  1.1, Workers: 13
[253.956s][debug][gc,phases   ] GC(76)       Dirty Cards:              Min: 185, Avg: 1237.4, Max: 2184, Diff: 1999, Sum: 16086, Workers: 13
[253.956s][debug][gc,phases   ] GC(76)       Skipped Cards:            Min: 0, Avg:  0.0, Max: 0, Diff: 0, Sum: 0, Workers: 13
[253.956s][info ][gc,phases   ] GC(76)   Evacuate Collection Set: 5.1ms
[253.956s][debug][gc,phases   ] GC(76)     Ext Root Scanning (ms):   Min:  0.4, Avg:  0.4, Max:  0.5, Diff:  0.1, Sum:  5.7, Workers: 13
[253.956s][debug][gc,phases   ] GC(76)     Scan Heap Roots (ms):     Min:  1.1, Avg:  1.2, Max:  1.4, Diff:  0.2, Sum: 16.0, Workers: 13
[253.956s][debug][gc,phases   ] GC(76)       Scanned Cards:            Min: 1043, Avg: 1237.2, Max: 1617, Diff: 574, Sum: 16084, Workers: 13
[253.956s][debug][gc,phases   ] GC(76)       Scanned Blocks:           Min: 854, Avg: 1033.3, Max: 1248, Diff: 394, Sum: 13433, Workers: 13
[253.956s][debug][gc,phases   ] GC(76)       Claimed Chunks:           Min: 9, Avg: 11.5, Max: 19, Diff: 10, Sum: 149, Workers: 13
[253.956s][debug][gc,phases   ] GC(76)     Code Root Scan (ms):      Min:  0.0, Avg:  0.0, Max:  0.0, Diff:  0.0, Sum:  0.0, Workers: 13
[253.956s][debug][gc,phases   ] GC(76)     Object Copy (ms):         Min:  3.1, Avg:  3.2, Max:  3.4, Diff:  0.3, Sum: 42.2, Workers: 13
[253.956s][debug][gc,phases   ] GC(76)     Termination (ms):         Min:  0.1, Avg:  0.1, Max:  0.2, Diff:  0.1, Sum:  1.8, Workers: 13
[253.956s][debug][gc,phases   ] GC(76)       Termination Attempts:     Min: 1, Avg:  1.2, Max: 2, Diff: 1, Sum: 16, Workers: 13
[253.956s][debug][gc,phases   ] GC(76)     GC Worker Other (ms):     Min:  0.0, Avg:  0.0, Max:  0.1, Diff:  0.1, Sum:  0.3, Workers: 13
[253.956s][debug][gc,phases   ] GC(76)     GC Worker Total (ms):     Min:  5.0, Avg:  5.1, Max:  5.1, Diff:  0.1, Sum: 66.1, Workers: 13
[253.956s][info ][gc,phases   ] GC(76)   Post Evacuate Collection Set: 0.3ms
[253.956s][debug][gc,phases   ] GC(76)     Code Roots Fixup: 0.0ms
[253.956s][debug][gc,phases   ] GC(76)     Clear Card Table: 0.1ms
[253.956s][debug][gc,phases   ] GC(76)     Reference Processing: 0.0ms
[253.956s][debug][gc,phases   ] GC(76)     Weak Processing: 0.0ms
[253.956s][debug][gc,phases   ] GC(76)       VM Weak                   Min:  0.0, Avg:  0.0, Max:  0.0, Diff:  0.0, Sum:  0.0, Workers: 2
[253.956s][debug][gc,phases   ] GC(76)         Dead                      Min: 0, Avg:  0.0, Max: 0, Diff: 0, Sum: 0, Workers: 2
[253.956s][debug][gc,phases   ] GC(76)         Total                     Min: 0, Avg: 28.5, Max: 57, Diff: 57, Sum: 57, Workers: 2
[253.956s][debug][gc,phases   ] GC(76)       ObjectSynchronizer Weak   Min:  0.0, Avg:  0.0, Max:  0.0, Diff:  0.0, Sum:  0.0, Workers: 2
[253.956s][debug][gc,phases   ] GC(76)         Dead                      Min: 0, Avg:  0.0, Max: 0, Diff: 0, Sum: 0, Workers: 2
[253.956s][debug][gc,phases   ] GC(76)         Total                     Min: 0, Avg:  4.5, Max: 9, Diff: 9, Sum: 9, Workers: 2
[253.956s][debug][gc,phases   ] GC(76)       JVMTI Tag Weak OopStorage Min:  0.0, Avg:  0.0, Max:  0.0, Diff:  0.0, Sum:  0.0, Workers: 2
[253.956s][debug][gc,phases   ] GC(76)         Dead                      Min: 0, Avg:  0.0, Max: 0, Diff: 0, Sum: 0, Workers: 2
[253.957s][debug][gc,phases   ] GC(76)         Total                     Min: 0, Avg:  0.0, Max: 0, Diff: 0, Sum: 0, Workers: 2
[253.957s][debug][gc,phases   ] GC(76)       StringTable Weak          Min:  0.0, Avg:  0.0, Max:  0.0, Diff:  0.0, Sum:  0.0, Workers: 2
[253.957s][debug][gc,phases   ] GC(76)         Dead                      Min: 0, Avg:  0.0, Max: 0, Diff: 0, Sum: 0, Workers: 2
[253.957s][debug][gc,phases   ] GC(76)         Total                     Min: 0, Avg: 339.5, Max: 679, Diff: 679, Sum: 679, Workers: 2
[253.957s][debug][gc,phases   ] GC(76)       ResolvedMethodTable Weak  Min:  0.0, Avg:  0.0, Max:  0.0, Diff:  0.0, Sum:  0.0, Workers: 2
[253.957s][debug][gc,phases   ] GC(76)         Dead                      Min: 0, Avg:  0.0, Max: 0, Diff: 0, Sum: 0, Workers: 2
[253.957s][debug][gc,phases   ] GC(76)         Total                     Min: 0, Avg: 140.5, Max: 281, Diff: 281, Sum: 281, Workers: 2
[253.957s][debug][gc,phases   ] GC(76)       JNI Weak                  Min:  0.0, Avg:  0.0, Max:  0.0, Diff:  0.0, Sum:  0.0, Workers: 2
[253.957s][debug][gc,phases   ] GC(76)         Dead                      Min: 0, Avg:  0.0, Max: 0, Diff: 0, Sum: 0, Workers: 2
[253.957s][debug][gc,phases   ] GC(76)         Total                     Min: 0, Avg:  0.0, Max: 0, Diff: 0, Sum: 0, Workers: 2
[253.957s][debug][gc,phases   ] GC(76)       Weak JFR Old Object Samples Min:  0.0, Avg:  0.0, Max:  0.0, Diff:  0.0, Sum:  0.0, Workers: 2
[253.957s][debug][gc,phases   ] GC(76)         Dead                      Min: 0, Avg:  0.0, Max: 0, Diff: 0, Sum: 0, Workers: 2
[253.957s][debug][gc,phases   ] GC(76)         Total                     Min: 0, Avg:  0.0, Max: 0, Diff: 0, Sum: 0, Workers: 2
[253.957s][debug][gc,phases   ] GC(76)     Merge Per-Thread State: 0.0ms
[253.957s][debug][gc,phases   ] GC(76)       Copied Bytes              Min: 2032432, Avg: 2144099.7, Max: 2418608, Diff: 386176, Sum: 27873296, Workers: 13
[253.957s][debug][gc,phases   ] GC(76)       LAB Waste                 Min: 488, Avg: 985.2, Max: 1488, Diff: 1000, Sum: 12808, Workers: 13
[253.957s][debug][gc,phases   ] GC(76)       LAB Undo Waste            Min: 0, Avg:  0.0, Max: 0, Diff: 0, Sum: 0, Workers: 13
[253.957s][debug][gc,phases   ] GC(76)     Code Roots Purge: 0.0ms
[253.957s][debug][gc,phases   ] GC(76)     Redirty Cards: 0.1ms
[253.957s][debug][gc,phases   ] GC(76)     DerivedPointerTable Update: 0.1ms
[253.957s][debug][gc,phases   ] GC(76)     Free Collection Set: 0.1ms
[253.957s][debug][gc,phases   ] GC(76)     Rebuild Free List: 0.0ms
[253.957s][debug][gc,phases   ] GC(76)     Humongous Reclaim: 0.0ms
[253.957s][debug][gc,phases   ] GC(76)     Start New Collection Set: 0.0ms
[253.957s][debug][gc,phases   ] GC(76)     Resize TLABs: 0.1ms
[253.957s][debug][gc,phases   ] GC(76)     Expand Heap After Collection: 0.0ms
[253.957s][info ][gc,phases   ] GC(76)   Other: 0.6ms
[253.957s][info ][gc,heap     ] GC(76) Eden regions: 89->0(89)
[253.957s][info ][gc,heap     ] GC(76) Survivor regions: 4->4(12)
[253.957s][info ][gc,heap     ] GC(76) Old regions: 10->10
[253.957s][info ][gc,heap     ] GC(76) Archive regions: 2->2
[253.957s][info ][gc,heap     ] GC(76) Humongous regions: 0->0
[253.957s][info ][gc,metaspace] GC(76) Metaspace: 1647K(1792K)->1647K(1792K) NonClass: 1529K(1600K)->1529K(1600K) Class: 118K(192K)->118K(192K)
[253.957s][info ][gc          ] GC(76) Pause Young (Normal) (G1 Evacuation Pause) 823M->111M(1248M) 6.970ms
[253.957s][info ][gc,cpu      ] GC(76) User=0.07s Sys=0.01s Real=0.01s
[257.296s][info ][gc,start    ] GC(77) Pause Young (Normal) (G1 Evacuation Pause)
[257.296s][info ][gc,task     ] GC(77) Using 13 workers of 13 for evacuation
[257.302s][info ][gc,phases   ] GC(77)   Pre Evacuate Collection Set: 0.2ms
[257.302s][debug][gc,phases   ] GC(77)     Prepare TLABs: 0.1ms
[257.302s][debug][gc,phases   ] GC(77)     Concatenate Dirty Card Logs: 0.0ms
[257.302s][debug][gc,phases   ] GC(77)     Choose Collection Set: 0.0ms
[257.302s][debug][gc,phases   ] GC(77)     Region Register: 0.1ms
[257.302s][debug][gc,phases   ] GC(77)     Prepare Heap Roots: 0.0ms
[257.302s][info ][gc,phases   ] GC(77)   Merge Heap Roots: 0.1ms
[257.302s][debug][gc,phases   ] GC(77)     Prepare Merge Heap Roots: 0.0ms
[257.302s][debug][gc,phases   ] GC(77)     Eager Reclaim (ms):       skipped
[257.302s][debug][gc,phases   ] GC(77)     Remembered Sets (ms):     Min:  0.0, Avg:  0.0, Max:  0.0, Diff:  0.0, Sum:  0.1, Workers: 13
[257.302s][debug][gc,phases   ] GC(77)       Merged Sparse:            Min: 0, Avg:  0.0, Max: 0, Diff: 0, Sum: 0, Workers: 13
[257.302s][debug][gc,phases   ] GC(77)       Merged Fine:              Min: 0, Avg:  0.0, Max: 0, Diff: 0, Sum: 0, Workers: 13
[257.302s][debug][gc,phases   ] GC(77)       Merged Coarse:            Min: 0, Avg:  0.0, Max: 0, Diff: 0, Sum: 0, Workers: 13
[257.302s][debug][gc,phases   ] GC(77)       Dirty Cards:              Min: 0, Avg:  0.0, Max: 0, Diff: 0, Sum: 0, Workers: 13
[257.302s][debug][gc,phases   ] GC(77)     Hot Card Cache (ms):      Min:  0.0, Avg:  0.0, Max:  0.0, Diff:  0.0, Sum:  0.0, Workers: 13
[257.302s][debug][gc,phases   ] GC(77)       Dirty Cards:              Min: 0, Avg:  0.0, Max: 0, Diff: 0, Sum: 0, Workers: 13
[257.302s][debug][gc,phases   ] GC(77)       Skipped Cards:            Min: 0, Avg:  0.0, Max: 0, Diff: 0, Sum: 0, Workers: 13
[257.302s][debug][gc,phases   ] GC(77)     Log Buffers (ms):         Min:  0.0, Avg:  0.1, Max:  0.1, Diff:  0.1, Sum:  0.8, Workers: 13
[257.302s][debug][gc,phases   ] GC(77)       Dirty Cards:              Min: 5, Avg: 1227.7, Max: 2105, Diff: 2100, Sum: 15960, Workers: 13
[257.302s][debug][gc,phases   ] GC(77)       Skipped Cards:            Min: 0, Avg:  0.0, Max: 0, Diff: 0, Sum: 0, Workers: 13
[257.302s][info ][gc,phases   ] GC(77)   Evacuate Collection Set: 4.7ms
[257.302s][debug][gc,phases   ] GC(77)     Ext Root Scanning (ms):   Min:  0.3, Avg:  0.4, Max:  0.5, Diff:  0.2, Sum:  5.2, Workers: 13
[257.302s][debug][gc,phases   ] GC(77)     Scan Heap Roots (ms):     Min:  1.0, Avg:  1.1, Max:  1.3, Diff:  0.3, Sum: 14.7, Workers: 13
[257.302s][debug][gc,phases   ] GC(77)       Scanned Cards:            Min: 867, Avg: 1227.2, Max: 1800, Diff: 933, Sum: 15953, Workers: 13
[257.302s][debug][gc,phases   ] GC(77)       Scanned Blocks:           Min: 762, Avg: 1026.3, Max: 1417, Diff: 655, Sum: 13342, Workers: 13
[257.302s][debug][gc,phases   ] GC(77)       Claimed Chunks:           Min: 9, Avg: 11.5, Max: 18, Diff: 9, Sum: 149, Workers: 13
[257.302s][debug][gc,phases   ] GC(77)     Code Root Scan (ms):      Min:  0.0, Avg:  0.0, Max:  0.0, Diff:  0.0, Sum:  0.0, Workers: 13
[257.302s][debug][gc,phases   ] GC(77)     Object Copy (ms):         Min:  2.9, Avg:  3.0, Max:  3.1, Diff:  0.2, Sum: 38.6, Workers: 13
[257.302s][debug][gc,phases   ] GC(77)     Termination (ms):         Min:  0.1, Avg:  0.1, Max:  0.1, Diff:  0.0, Sum:  1.5, Workers: 13
[257.302s][debug][gc,phases   ] GC(77)       Termination Attempts:     Min: 1, Avg:  1.0, Max: 1, Diff: 0, Sum: 13, Workers: 13
[257.302s][debug][gc,phases   ] GC(77)     GC Worker Other (ms):     Min:  0.0, Avg:  0.0, Max:  0.0, Diff:  0.0, Sum:  0.2, Workers: 13
[257.302s][debug][gc,phases   ] GC(77)     GC Worker Total (ms):     Min:  4.6, Avg:  4.6, Max:  4.7, Diff:  0.1, Sum: 60.2, Workers: 13
[257.302s][info ][gc,phases   ] GC(77)   Post Evacuate Collection Set: 0.3ms
[257.302s][debug][gc,phases   ] GC(77)     Code Roots Fixup: 0.0ms
[257.302s][debug][gc,phases   ] GC(77)     Clear Card Table: 0.1ms
[257.302s][debug][gc,phases   ] GC(77)     Reference Processing: 0.0ms
[257.302s][debug][gc,phases   ] GC(77)     Weak Processing: 0.0ms
[257.302s][debug][gc,phases   ] GC(77)       VM Weak                   Min:  0.0, Avg:  0.0, Max:  0.0, Diff:  0.0, Sum:  0.0, Workers: 2
[257.302s][debug][gc,phases   ] GC(77)         Dead                      Min: 0, Avg:  0.0, Max: 0, Diff: 0, Sum: 0, Workers: 2
[257.302s][debug][gc,phases   ] GC(77)         Total                     Min: 0, Avg: 28.5, Max: 57, Diff: 57, Sum: 57, Workers: 2
[257.302s][debug][gc,phases   ] GC(77)       ObjectSynchronizer Weak   Min:  0.0, Avg:  0.0, Max:  0.0, Diff:  0.0, Sum:  0.0, Workers: 2
[257.302s][debug][gc,phases   ] GC(77)         Dead                      Min: 0, Avg:  0.0, Max: 0, Diff: 0, Sum: 0, Workers: 2
[257.302s][debug][gc,phases   ] GC(77)         Total                     Min: 0, Avg:  4.5, Max: 9, Diff: 9, Sum: 9, Workers: 2
[257.302s][debug][gc,phases   ] GC(77)       JVMTI Tag Weak OopStorage Min:  0.0, Avg:  0.0, Max:  0.0, Diff:  0.0, Sum:  0.0, Workers: 2
[257.302s][debug][gc,phases   ] GC(77)         Dead                      Min: 0, Avg:  0.0, Max: 0, Diff: 0, Sum: 0, Workers: 2
[257.302s][debug][gc,phases   ] GC(77)         Total                     Min: 0, Avg:  0.0, Max: 0, Diff: 0, Sum: 0, Workers: 2
[257.302s][debug][gc,phases   ] GC(77)       StringTable Weak          Min:  0.0, Avg:  0.0, Max:  0.0, Diff:  0.0, Sum:  0.0, Workers: 2
[257.302s][debug][gc,phases   ] GC(77)         Dead                      Min: 0, Avg:  0.0, Max: 0, Diff: 0, Sum: 0, Workers: 2
[257.302s][debug][gc,phases   ] GC(77)         Total                     Min: 0, Avg: 339.5, Max: 679, Diff: 679, Sum: 679, Workers: 2
[257.302s][debug][gc,phases   ] GC(77)       ResolvedMethodTable Weak  Min:  0.0, Avg:  0.0, Max:  0.0, Diff:  0.0, Sum:  0.0, Workers: 2
[257.302s][debug][gc,phases   ] GC(77)         Dead                      Min: 0, Avg:  0.0, Max: 0, Diff: 0, Sum: 0, Workers: 2
[257.302s][debug][gc,phases   ] GC(77)         Total                     Min: 0, Avg: 140.5, Max: 281, Diff: 281, Sum: 281, Workers: 2
[257.302s][debug][gc,phases   ] GC(77)       JNI Weak                  Min:  0.0, Avg:  0.0, Max:  0.0, Diff:  0.0, Sum:  0.0, Workers: 2
[257.302s][debug][gc,phases   ] GC(77)         Dead                      Min: 0, Avg:  0.0, Max: 0, Diff: 0, Sum: 0, Workers: 2
[257.302s][debug][gc,phases   ] GC(77)         Total                     Min: 0, Avg:  0.0, Max: 0, Diff: 0, Sum: 0, Workers: 2
[257.302s][debug][gc,phases   ] GC(77)       Weak JFR Old Object Samples Min:  0.0, Avg:  0.0, Max:  0.0, Diff:  0.0, Sum:  0.0, Workers: 2
[257.302s][debug][gc,phases   ] GC(77)         Dead                      Min: 0, Avg:  0.0, Max: 0, Diff: 0, Sum: 0, Workers: 2
[257.302s][debug][gc,phases   ] GC(77)         Total                     Min: 0, Avg:  0.0, Max: 0, Diff: 0, Sum: 0, Workers: 2
[257.302s][debug][gc,phases   ] GC(77)     Merge Per-Thread State: 0.0ms
[257.302s][debug][gc,phases   ] GC(77)       Copied Bytes              Min: 1886440, Avg: 2160668.9, Max: 2571496, Diff: 685056, Sum: 28088696, Workers: 13
[257.302s][debug][gc,phases   ] GC(77)       LAB Waste                 Min: 544, Avg: 804.9, Max: 1360, Diff: 816, Sum: 10464, Workers: 13
[257.302s][debug][gc,phases   ] GC(77)       LAB Undo Waste            Min: 0, Avg:  0.0, Max: 0, Diff: 0, Sum: 0, Workers: 13
[257.302s][debug][gc,phases   ] GC(77)     Code Roots Purge: 0.0ms
[257.302s][debug][gc,phases   ] GC(77)     Redirty Cards: 0.1ms
[257.302s][debug][gc,phases   ] GC(77)     DerivedPointerTable Update: 0.1ms
[257.302s][debug][gc,phases   ] GC(77)     Free Collection Set: 0.1ms
[257.302s][debug][gc,phases   ] GC(77)     Rebuild Free List: 0.0ms
[257.302s][debug][gc,phases   ] GC(77)     Humongous Reclaim: 0.0ms
[257.302s][debug][gc,phases   ] GC(77)     Start New Collection Set: 0.0ms
[257.302s][debug][gc,phases   ] GC(77)     Resize TLABs: 0.1ms
[257.302s][debug][gc,phases   ] GC(77)     Expand Heap After Collection: 0.0ms
[257.302s][info ][gc,phases   ] GC(77)   Other: 0.5ms
[257.302s][info ][gc,heap     ] GC(77) Eden regions: 89->0(89)
[257.302s][info ][gc,heap     ] GC(77) Survivor regions: 4->4(12)
[257.302s][info ][gc,heap     ] GC(77) Old regions: 10->10
[257.302s][info ][gc,heap     ] GC(77) Archive regions: 2->2
[257.302s][info ][gc,heap     ] GC(77) Humongous regions: 0->0
[257.302s][info ][gc,metaspace] GC(77) Metaspace: 1647K(1792K)->1647K(1792K) NonClass: 1529K(1600K)->1529K(1600K) Class: 118K(192K)->118K(192K)
[257.302s][info ][gc          ] GC(77) Pause Young (Normal) (G1 Evacuation Pause) 823M->111M(1248M) 6.413ms
[257.303s][info ][gc,cpu      ] GC(77) User=0.06s Sys=0.00s Real=0.01s
[260.756s][info ][gc,start    ] GC(78) Pause Young (Normal) (G1 Evacuation Pause)
[260.756s][info ][gc,task     ] GC(78) Using 13 workers of 13 for evacuation
[260.763s][info ][gc,phases   ] GC(78)   Pre Evacuate Collection Set: 0.3ms
[260.763s][debug][gc,phases   ] GC(78)     Prepare TLABs: 0.2ms
[260.763s][debug][gc,phases   ] GC(78)     Concatenate Dirty Card Logs: 0.1ms
[260.763s][debug][gc,phases   ] GC(78)     Choose Collection Set: 0.0ms
[260.763s][debug][gc,phases   ] GC(78)     Region Register: 0.1ms
[260.763s][debug][gc,phases   ] GC(78)     Prepare Heap Roots: 0.0ms
[260.763s][info ][gc,phases   ] GC(78)   Merge Heap Roots: 0.2ms
[260.763s][debug][gc,phases   ] GC(78)     Prepare Merge Heap Roots: 0.0ms
[260.763s][debug][gc,phases   ] GC(78)     Eager Reclaim (ms):       skipped
[260.763s][debug][gc,phases   ] GC(78)     Remembered Sets (ms):     Min:  0.0, Avg:  0.0, Max:  0.0, Diff:  0.0, Sum:  0.1, Workers: 13
[260.763s][debug][gc,phases   ] GC(78)       Merged Sparse:            Min: 0, Avg:  0.0, Max: 0, Diff: 0, Sum: 0, Workers: 13
[260.763s][debug][gc,phases   ] GC(78)       Merged Fine:              Min: 0, Avg:  0.0, Max: 0, Diff: 0, Sum: 0, Workers: 13
[260.763s][debug][gc,phases   ] GC(78)       Merged Coarse:            Min: 0, Avg:  0.0, Max: 0, Diff: 0, Sum: 0, Workers: 13
[260.763s][debug][gc,phases   ] GC(78)       Dirty Cards:              Min: 0, Avg:  0.0, Max: 0, Diff: 0, Sum: 0, Workers: 13
[260.763s][debug][gc,phases   ] GC(78)     Hot Card Cache (ms):      Min:  0.0, Avg:  0.0, Max:  0.0, Diff:  0.0, Sum:  0.0, Workers: 13
[260.763s][debug][gc,phases   ] GC(78)       Dirty Cards:              Min: 0, Avg:  0.0, Max: 0, Diff: 0, Sum: 0, Workers: 13
[260.763s][debug][gc,phases   ] GC(78)       Skipped Cards:            Min: 0, Avg:  0.0, Max: 0, Diff: 0, Sum: 0, Workers: 13
[260.763s][debug][gc,phases   ] GC(78)     Log Buffers (ms):         Min:  0.1, Avg:  0.1, Max:  0.2, Diff:  0.1, Sum:  1.5, Workers: 13
[260.763s][debug][gc,phases   ] GC(78)       Dirty Cards:              Min: 272, Avg: 1214.2, Max: 3395, Diff: 3123, Sum: 15784, Workers: 13
[260.763s][debug][gc,phases   ] GC(78)       Skipped Cards:            Min: 0, Avg:  0.0, Max: 0, Diff: 0, Sum: 0, Workers: 13
[260.763s][info ][gc,phases   ] GC(78)   Evacuate Collection Set: 5.3ms
[260.763s][debug][gc,phases   ] GC(78)     Ext Root Scanning (ms):   Min:  0.3, Avg:  0.4, Max:  0.5, Diff:  0.2, Sum:  5.6, Workers: 13
[260.763s][debug][gc,phases   ] GC(78)     Scan Heap Roots (ms):     Min:  1.2, Avg:  1.4, Max:  1.5, Diff:  0.3, Sum: 18.6, Workers: 13
[260.763s][debug][gc,phases   ] GC(78)       Scanned Cards:            Min: 1043, Avg: 1214.0, Max: 1738, Diff: 695, Sum: 15782, Workers: 13
[260.763s][debug][gc,phases   ] GC(78)       Scanned Blocks:           Min: 850, Avg: 1014.0, Max: 1208, Diff: 358, Sum: 13182, Workers: 13
[260.763s][debug][gc,phases   ] GC(78)       Claimed Chunks:           Min: 10, Avg: 11.5, Max: 17, Diff: 7, Sum: 149, Workers: 13
[260.763s][debug][gc,phases   ] GC(78)     Code Root Scan (ms):      Min:  0.0, Avg:  0.0, Max:  0.0, Diff:  0.0, Sum:  0.0, Workers: 13
[260.763s][debug][gc,phases   ] GC(78)     Object Copy (ms):         Min:  3.0, Avg:  3.2, Max:  3.3, Diff:  0.3, Sum: 41.4, Workers: 13
[260.763s][debug][gc,phases   ] GC(78)     Termination (ms):         Min:  0.1, Avg:  0.1, Max:  0.1, Diff:  0.0, Sum:  1.7, Workers: 13
[260.763s][debug][gc,phases   ] GC(78)       Termination Attempts:     Min: 1, Avg:  1.0, Max: 1, Diff: 0, Sum: 13, Workers: 13
[260.763s][debug][gc,phases   ] GC(78)     GC Worker Other (ms):     Min:  0.0, Avg:  0.0, Max:  0.0, Diff:  0.0, Sum:  0.2, Workers: 13
[260.763s][debug][gc,phases   ] GC(78)     GC Worker Total (ms):     Min:  5.2, Avg:  5.2, Max:  5.2, Diff:  0.1, Sum: 67.4, Workers: 13
[260.763s][info ][gc,phases   ] GC(78)   Post Evacuate Collection Set: 0.4ms
[260.763s][debug][gc,phases   ] GC(78)     Code Roots Fixup: 0.0ms
[260.763s][debug][gc,phases   ] GC(78)     Clear Card Table: 0.1ms
[260.763s][debug][gc,phases   ] GC(78)     Reference Processing: 0.0ms
[260.763s][debug][gc,phases   ] GC(78)     Weak Processing: 0.0ms
[260.763s][debug][gc,phases   ] GC(78)       VM Weak                   Min:  0.0, Avg:  0.0, Max:  0.0, Diff:  0.0, Sum:  0.0, Workers: 2
[260.763s][debug][gc,phases   ] GC(78)         Dead                      Min: 0, Avg:  0.0, Max: 0, Diff: 0, Sum: 0, Workers: 2
[260.763s][debug][gc,phases   ] GC(78)         Total                     Min: 0, Avg: 28.5, Max: 57, Diff: 57, Sum: 57, Workers: 2
[260.763s][debug][gc,phases   ] GC(78)       ObjectSynchronizer Weak   Min:  0.0, Avg:  0.0, Max:  0.0, Diff:  0.0, Sum:  0.0, Workers: 2
[260.763s][debug][gc,phases   ] GC(78)         Dead                      Min: 0, Avg:  0.0, Max: 0, Diff: 0, Sum: 0, Workers: 2
[260.763s][debug][gc,phases   ] GC(78)         Total                     Min: 0, Avg:  4.5, Max: 9, Diff: 9, Sum: 9, Workers: 2
[260.763s][debug][gc,phases   ] GC(78)       JVMTI Tag Weak OopStorage Min:  0.0, Avg:  0.0, Max:  0.0, Diff:  0.0, Sum:  0.0, Workers: 2
[260.763s][debug][gc,phases   ] GC(78)         Dead                      Min: 0, Avg:  0.0, Max: 0, Diff: 0, Sum: 0, Workers: 2
[260.763s][debug][gc,phases   ] GC(78)         Total                     Min: 0, Avg:  0.0, Max: 0, Diff: 0, Sum: 0, Workers: 2
[260.763s][debug][gc,phases   ] GC(78)       StringTable Weak          Min:  0.0, Avg:  0.0, Max:  0.0, Diff:  0.0, Sum:  0.0, Workers: 2
[260.763s][debug][gc,phases   ] GC(78)         Dead                      Min: 0, Avg:  0.0, Max: 0, Diff: 0, Sum: 0, Workers: 2
[260.763s][debug][gc,phases   ] GC(78)         Total                     Min: 0, Avg: 339.5, Max: 679, Diff: 679, Sum: 679, Workers: 2
[260.763s][debug][gc,phases   ] GC(78)       ResolvedMethodTable Weak  Min:  0.0, Avg:  0.0, Max:  0.0, Diff:  0.0, Sum:  0.0, Workers: 2
[260.763s][debug][gc,phases   ] GC(78)         Dead                      Min: 0, Avg:  0.0, Max: 0, Diff: 0, Sum: 0, Workers: 2
[260.763s][debug][gc,phases   ] GC(78)         Total                     Min: 0, Avg: 140.5, Max: 281, Diff: 281, Sum: 281, Workers: 2
[260.763s][debug][gc,phases   ] GC(78)       JNI Weak                  Min:  0.0, Avg:  0.0, Max:  0.0, Diff:  0.0, Sum:  0.0, Workers: 2
[260.763s][debug][gc,phases   ] GC(78)         Dead                      Min: 0, Avg:  0.0, Max: 0, Diff: 0, Sum: 0, Workers: 2
[260.763s][debug][gc,phases   ] GC(78)         Total                     Min: 0, Avg:  0.0, Max: 0, Diff: 0, Sum: 0, Workers: 2
[260.763s][debug][gc,phases   ] GC(78)       Weak JFR Old Object Samples Min:  0.0, Avg:  0.0, Max:  0.0, Diff:  0.0, Sum:  0.0, Workers: 2
[260.763s][debug][gc,phases   ] GC(78)         Dead                      Min: 0, Avg:  0.0, Max: 0, Diff: 0, Sum: 0, Workers: 2
[260.763s][debug][gc,phases   ] GC(78)         Total                     Min: 0, Avg:  0.0, Max: 0, Diff: 0, Sum: 0, Workers: 2
[260.763s][debug][gc,phases   ] GC(78)     Merge Per-Thread State: 0.0ms
[260.763s][debug][gc,phases   ] GC(78)       Copied Bytes              Min: 1951840, Avg: 2161017.2, Max: 2626936, Diff: 675096, Sum: 28093224, Workers: 13
[260.763s][debug][gc,phases   ] GC(78)       LAB Waste                 Min: 320, Avg: 764.3, Max: 1104, Diff: 784, Sum: 9936, Workers: 13
[260.763s][debug][gc,phases   ] GC(78)       LAB Undo Waste            Min: 0, Avg:  0.0, Max: 0, Diff: 0, Sum: 0, Workers: 13
[260.763s][debug][gc,phases   ] GC(78)     Code Roots Purge: 0.0ms
[260.763s][debug][gc,phases   ] GC(78)     Redirty Cards: 0.1ms
[260.763s][debug][gc,phases   ] GC(78)     DerivedPointerTable Update: 0.1ms
[260.763s][debug][gc,phases   ] GC(78)     Free Collection Set: 0.1ms
[260.763s][debug][gc,phases   ] GC(78)     Rebuild Free List: 0.1ms
[260.763s][debug][gc,phases   ] GC(78)     Humongous Reclaim: 0.0ms
[260.763s][debug][gc,phases   ] GC(78)     Start New Collection Set: 0.0ms
[260.763s][debug][gc,phases   ] GC(78)     Resize TLABs: 0.1ms
[260.763s][debug][gc,phases   ] GC(78)     Expand Heap After Collection: 0.0ms
[260.763s][info ][gc,phases   ] GC(78)   Other: 0.6ms
[260.763s][info ][gc,heap     ] GC(78) Eden regions: 89->0(89)
[260.763s][info ][gc,heap     ] GC(78) Survivor regions: 4->4(12)
[260.763s][info ][gc,heap     ] GC(78) Old regions: 10->10
[260.763s][info ][gc,heap     ] GC(78) Archive regions: 2->2
[260.763s][info ][gc,heap     ] GC(78) Humongous regions: 0->0
[260.763s][info ][gc,metaspace] GC(78) Metaspace: 1647K(1792K)->1647K(1792K) NonClass: 1529K(1600K)->1529K(1600K) Class: 118K(192K)->118K(192K)
[260.764s][info ][gc          ] GC(78) Pause Young (Normal) (G1 Evacuation Pause) 823M->111M(1248M) 7.334ms
[260.764s][info ][gc,cpu      ] GC(78) User=0.07s Sys=0.00s Real=0.01s
[264.213s][info ][gc,start    ] GC(79) Pause Young (Normal) (G1 Evacuation Pause)
[264.213s][info ][gc,task     ] GC(79) Using 13 workers of 13 for evacuation
[264.220s][info ][gc,phases   ] GC(79)   Pre Evacuate Collection Set: 0.3ms
[264.220s][debug][gc,phases   ] GC(79)     Prepare TLABs: 0.1ms
[264.220s][debug][gc,phases   ] GC(79)     Concatenate Dirty Card Logs: 0.1ms
[264.220s][debug][gc,phases   ] GC(79)     Choose Collection Set: 0.0ms
[264.220s][debug][gc,phases   ] GC(79)     Region Register: 0.1ms
[264.220s][debug][gc,phases   ] GC(79)     Prepare Heap Roots: 0.0ms
[264.220s][info ][gc,phases   ] GC(79)   Merge Heap Roots: 0.2ms
[264.220s][debug][gc,phases   ] GC(79)     Prepare Merge Heap Roots: 0.0ms
[264.220s][debug][gc,phases   ] GC(79)     Eager Reclaim (ms):       skipped
[264.220s][debug][gc,phases   ] GC(79)     Remembered Sets (ms):     Min:  0.0, Avg:  0.0, Max:  0.0, Diff:  0.0, Sum:  0.1, Workers: 13
[264.220s][debug][gc,phases   ] GC(79)       Merged Sparse:            Min: 0, Avg:  0.0, Max: 0, Diff: 0, Sum: 0, Workers: 13
[264.220s][debug][gc,phases   ] GC(79)       Merged Fine:              Min: 0, Avg:  0.0, Max: 0, Diff: 0, Sum: 0, Workers: 13
[264.220s][debug][gc,phases   ] GC(79)       Merged Coarse:            Min: 0, Avg:  0.0, Max: 0, Diff: 0, Sum: 0, Workers: 13
[264.220s][debug][gc,phases   ] GC(79)       Dirty Cards:              Min: 0, Avg:  0.0, Max: 0, Diff: 0, Sum: 0, Workers: 13
[264.220s][debug][gc,phases   ] GC(79)     Hot Card Cache (ms):      Min:  0.0, Avg:  0.0, Max:  0.0, Diff:  0.0, Sum:  0.0, Workers: 13
[264.220s][debug][gc,phases   ] GC(79)       Dirty Cards:              Min: 0, Avg:  0.0, Max: 0, Diff: 0, Sum: 0, Workers: 13
[264.220s][debug][gc,phases   ] GC(79)       Skipped Cards:            Min: 0, Avg:  0.0, Max: 0, Diff: 0, Sum: 0, Workers: 13
[264.220s][debug][gc,phases   ] GC(79)     Log Buffers (ms):         Min:  0.1, Avg:  0.1, Max:  0.1, Diff:  0.1, Sum:  1.2, Workers: 13
[264.220s][debug][gc,phases   ] GC(79)       Dirty Cards:              Min: 19, Avg: 1339.7, Max: 2490, Diff: 2471, Sum: 17416, Workers: 13
[264.220s][debug][gc,phases   ] GC(79)       Skipped Cards:            Min: 0, Avg:  0.0, Max: 0, Diff: 0, Sum: 0, Workers: 13
[264.220s][info ][gc,phases   ] GC(79)   Evacuate Collection Set: 5.4ms
[264.220s][debug][gc,phases   ] GC(79)     Ext Root Scanning (ms):   Min:  0.4, Avg:  0.4, Max:  0.5, Diff:  0.1, Sum:  5.7, Workers: 13
[264.220s][debug][gc,phases   ] GC(79)     Scan Heap Roots (ms):     Min:  1.2, Avg:  1.4, Max:  1.6, Diff:  0.4, Sum: 18.7, Workers: 13
[264.220s][debug][gc,phases   ] GC(79)       Scanned Cards:            Min: 964, Avg: 1339.5, Max: 1783, Diff: 819, Sum: 17414, Workers: 13
[264.220s][debug][gc,phases   ] GC(79)       Scanned Blocks:           Min: 845, Avg: 1106.4, Max: 1280, Diff: 435, Sum: 14383, Workers: 13
[264.220s][debug][gc,phases   ] GC(79)       Claimed Chunks:           Min: 9, Avg: 11.5, Max: 20, Diff: 11, Sum: 149, Workers: 13
[264.220s][debug][gc,phases   ] GC(79)     Code Root Scan (ms):      Min:  0.0, Avg:  0.0, Max:  0.0, Diff:  0.0, Sum:  0.0, Workers: 13
[264.220s][debug][gc,phases   ] GC(79)     Object Copy (ms):         Min:  3.2, Avg:  3.3, Max:  3.6, Diff:  0.3, Sum: 43.5, Workers: 13
[264.220s][debug][gc,phases   ] GC(79)     Termination (ms):         Min:  0.1, Avg:  0.2, Max:  0.2, Diff:  0.0, Sum:  2.0, Workers: 13
[264.220s][debug][gc,phases   ] GC(79)       Termination Attempts:     Min: 1, Avg:  1.0, Max: 1, Diff: 0, Sum: 13, Workers: 13
[264.220s][debug][gc,phases   ] GC(79)     GC Worker Other (ms):     Min:  0.0, Avg:  0.0, Max:  0.1, Diff:  0.1, Sum:  0.3, Workers: 13
[264.220s][debug][gc,phases   ] GC(79)     GC Worker Total (ms):     Min:  5.4, Avg:  5.4, Max:  5.4, Diff:  0.1, Sum: 70.2, Workers: 13
[264.220s][info ][gc,phases   ] GC(79)   Post Evacuate Collection Set: 0.3ms
[264.220s][debug][gc,phases   ] GC(79)     Code Roots Fixup: 0.0ms
[264.220s][debug][gc,phases   ] GC(79)     Clear Card Table: 0.1ms
[264.220s][debug][gc,phases   ] GC(79)     Reference Processing: 0.0ms
[264.220s][debug][gc,phases   ] GC(79)     Weak Processing: 0.0ms
[264.220s][debug][gc,phases   ] GC(79)       VM Weak                   Min:  0.0, Avg:  0.0, Max:  0.0, Diff:  0.0, Sum:  0.0, Workers: 2
[264.220s][debug][gc,phases   ] GC(79)         Dead                      Min: 0, Avg:  0.0, Max: 0, Diff: 0, Sum: 0, Workers: 2
[264.220s][debug][gc,phases   ] GC(79)         Total                     Min: 0, Avg: 28.5, Max: 57, Diff: 57, Sum: 57, Workers: 2
[264.220s][debug][gc,phases   ] GC(79)       ObjectSynchronizer Weak   Min:  0.0, Avg:  0.0, Max:  0.0, Diff:  0.0, Sum:  0.0, Workers: 2
[264.220s][debug][gc,phases   ] GC(79)         Dead                      Min: 0, Avg:  0.0, Max: 0, Diff: 0, Sum: 0, Workers: 2
[264.220s][debug][gc,phases   ] GC(79)         Total                     Min: 0, Avg:  4.5, Max: 9, Diff: 9, Sum: 9, Workers: 2
[264.220s][debug][gc,phases   ] GC(79)       JVMTI Tag Weak OopStorage Min:  0.0, Avg:  0.0, Max:  0.0, Diff:  0.0, Sum:  0.0, Workers: 2
[264.220s][debug][gc,phases   ] GC(79)         Dead                      Min: 0, Avg:  0.0, Max: 0, Diff: 0, Sum: 0, Workers: 2
[264.220s][debug][gc,phases   ] GC(79)         Total                     Min: 0, Avg:  0.0, Max: 0, Diff: 0, Sum: 0, Workers: 2
[264.220s][debug][gc,phases   ] GC(79)       StringTable Weak          Min:  0.0, Avg:  0.0, Max:  0.0, Diff:  0.0, Sum:  0.0, Workers: 2
[264.220s][debug][gc,phases   ] GC(79)         Dead                      Min: 0, Avg:  0.0, Max: 0, Diff: 0, Sum: 0, Workers: 2
[264.220s][debug][gc,phases   ] GC(79)         Total                     Min: 0, Avg: 339.5, Max: 679, Diff: 679, Sum: 679, Workers: 2
[264.220s][debug][gc,phases   ] GC(79)       ResolvedMethodTable Weak  Min:  0.0, Avg:  0.0, Max:  0.0, Diff:  0.0, Sum:  0.0, Workers: 2
[264.220s][debug][gc,phases   ] GC(79)         Dead                      Min: 0, Avg:  0.0, Max: 0, Diff: 0, Sum: 0, Workers: 2
[264.220s][debug][gc,phases   ] GC(79)         Total                     Min: 0, Avg: 140.5, Max: 281, Diff: 281, Sum: 281, Workers: 2
[264.220s][debug][gc,phases   ] GC(79)       JNI Weak                  Min:  0.0, Avg:  0.0, Max:  0.0, Diff:  0.0, Sum:  0.0, Workers: 2
[264.220s][debug][gc,phases   ] GC(79)         Dead                      Min: 0, Avg:  0.0, Max: 0, Diff: 0, Sum: 0, Workers: 2
[264.220s][debug][gc,phases   ] GC(79)         Total                     Min: 0, Avg:  0.0, Max: 0, Diff: 0, Sum: 0, Workers: 2
[264.220s][debug][gc,phases   ] GC(79)       Weak JFR Old Object Samples Min:  0.0, Avg:  0.0, Max:  0.0, Diff:  0.0, Sum:  0.0, Workers: 2
[264.220s][debug][gc,phases   ] GC(79)         Dead                      Min: 0, Avg:  0.0, Max: 0, Diff: 0, Sum: 0, Workers: 2
[264.220s][debug][gc,phases   ] GC(79)         Total                     Min: 0, Avg:  0.0, Max: 0, Diff: 0, Sum: 0, Workers: 2
[264.220s][debug][gc,phases   ] GC(79)     Merge Per-Thread State: 0.0ms
[264.220s][debug][gc,phases   ] GC(79)       Copied Bytes              Min: 1897168, Avg: 2156365.5, Max: 2311248, Diff: 414080, Sum: 28032752, Workers: 13
[264.220s][debug][gc,phases   ] GC(79)       LAB Waste                 Min: 728, Avg: 1040.6, Max: 1504, Diff: 776, Sum: 13528, Workers: 13
[264.220s][debug][gc,phases   ] GC(79)       LAB Undo Waste            Min: 0, Avg:  0.0, Max: 0, Diff: 0, Sum: 0, Workers: 13
[264.220s][debug][gc,phases   ] GC(79)     Code Roots Purge: 0.0ms
[264.220s][debug][gc,phases   ] GC(79)     Redirty Cards: 0.1ms
[264.220s][debug][gc,phases   ] GC(79)     DerivedPointerTable Update: 0.1ms
[264.220s][debug][gc,phases   ] GC(79)     Free Collection Set: 0.1ms
[264.220s][debug][gc,phases   ] GC(79)     Rebuild Free List: 0.0ms
[264.220s][debug][gc,phases   ] GC(79)     Humongous Reclaim: 0.0ms
[264.220s][debug][gc,phases   ] GC(79)     Start New Collection Set: 0.0ms
[264.220s][debug][gc,phases   ] GC(79)     Resize TLABs: 0.1ms
[264.220s][debug][gc,phases   ] GC(79)     Expand Heap After Collection: 0.0ms
[264.220s][info ][gc,phases   ] GC(79)   Other: 0.6ms
[264.220s][info ][gc,heap     ] GC(79) Eden regions: 89->0(89)
[264.220s][info ][gc,heap     ] GC(79) Survivor regions: 4->4(12)
[264.220s][info ][gc,heap     ] GC(79) Old regions: 10->10
[264.220s][info ][gc,heap     ] GC(79) Archive regions: 2->2
[264.220s][info ][gc,heap     ] GC(79) Humongous regions: 0->0
[264.220s][info ][gc,metaspace] GC(79) Metaspace: 1647K(1792K)->1647K(1792K) NonClass: 1529K(1600K)->1529K(1600K) Class: 118K(192K)->118K(192K)
[264.220s][info ][gc          ] GC(79) Pause Young (Normal) (G1 Evacuation Pause) 823M->111M(1248M) 7.372ms
[264.220s][info ][gc,cpu      ] GC(79) User=0.07s Sys=0.00s Real=0.01s
[267.595s][info ][gc,start    ] GC(80) Pause Young (Normal) (G1 Evacuation Pause)
[267.595s][info ][gc,task     ] GC(80) Using 13 workers of 13 for evacuation
[267.601s][info ][gc,phases   ] GC(80)   Pre Evacuate Collection Set: 0.3ms
[267.601s][debug][gc,phases   ] GC(80)     Prepare TLABs: 0.1ms
[267.601s][debug][gc,phases   ] GC(80)     Concatenate Dirty Card Logs: 0.1ms
[267.601s][debug][gc,phases   ] GC(80)     Choose Collection Set: 0.0ms
[267.601s][debug][gc,phases   ] GC(80)     Region Register: 0.1ms
[267.601s][debug][gc,phases   ] GC(80)     Prepare Heap Roots: 0.0ms
[267.601s][info ][gc,phases   ] GC(80)   Merge Heap Roots: 0.2ms
[267.601s][debug][gc,phases   ] GC(80)     Prepare Merge Heap Roots: 0.0ms
[267.601s][debug][gc,phases   ] GC(80)     Eager Reclaim (ms):       skipped
[267.601s][debug][gc,phases   ] GC(80)     Remembered Sets (ms):     Min:  0.0, Avg:  0.0, Max:  0.0, Diff:  0.0, Sum:  0.1, Workers: 13
[267.601s][debug][gc,phases   ] GC(80)       Merged Sparse:            Min: 0, Avg:  0.0, Max: 0, Diff: 0, Sum: 0, Workers: 13
[267.601s][debug][gc,phases   ] GC(80)       Merged Fine:              Min: 0, Avg:  0.0, Max: 0, Diff: 0, Sum: 0, Workers: 13
[267.601s][debug][gc,phases   ] GC(80)       Merged Coarse:            Min: 0, Avg:  0.0, Max: 0, Diff: 0, Sum: 0, Workers: 13
[267.601s][debug][gc,phases   ] GC(80)       Dirty Cards:              Min: 0, Avg:  0.0, Max: 0, Diff: 0, Sum: 0, Workers: 13
[267.601s][debug][gc,phases   ] GC(80)     Hot Card Cache (ms):      Min:  0.0, Avg:  0.0, Max:  0.0, Diff:  0.0, Sum:  0.0, Workers: 13
[267.601s][debug][gc,phases   ] GC(80)       Dirty Cards:              Min: 0, Avg:  0.0, Max: 0, Diff: 0, Sum: 0, Workers: 13
[267.601s][debug][gc,phases   ] GC(80)       Skipped Cards:            Min: 0, Avg:  0.0, Max: 0, Diff: 0, Sum: 0, Workers: 13
[267.601s][debug][gc,phases   ] GC(80)     Log Buffers (ms):         Min:  0.1, Avg:  0.1, Max:  0.1, Diff:  0.0, Sum:  1.2, Workers: 13
[267.601s][debug][gc,phases   ] GC(80)       Dirty Cards:              Min: 14, Avg: 1202.5, Max: 2323, Diff: 2309, Sum: 15632, Workers: 13
[267.601s][debug][gc,phases   ] GC(80)       Skipped Cards:            Min: 0, Avg:  0.0, Max: 0, Diff: 0, Sum: 0, Workers: 13
[267.601s][info ][gc,phases   ] GC(80)   Evacuate Collection Set: 4.8ms
[267.601s][debug][gc,phases   ] GC(80)     Ext Root Scanning (ms):   Min:  0.3, Avg:  0.4, Max:  0.7, Diff:  0.4, Sum:  5.7, Workers: 13
[267.601s][debug][gc,phases   ] GC(80)     Scan Heap Roots (ms):     Min:  1.0, Avg:  1.1, Max:  1.3, Diff:  0.3, Sum: 14.9, Workers: 13
[267.601s][debug][gc,phases   ] GC(80)       Scanned Cards:            Min: 876, Avg: 1202.2, Max: 1859, Diff: 983, Sum: 15629, Workers: 13
[267.601s][debug][gc,phases   ] GC(80)       Scanned Blocks:           Min: 766, Avg: 1003.9, Max: 1446, Diff: 680, Sum: 13051, Workers: 13
[267.601s][debug][gc,phases   ] GC(80)       Claimed Chunks:           Min: 9, Avg: 11.5, Max: 17, Diff: 8, Sum: 150, Workers: 13
[267.601s][debug][gc,phases   ] GC(80)     Code Root Scan (ms):      Min:  0.0, Avg:  0.0, Max:  0.0, Diff:  0.0, Sum:  0.0, Workers: 13
[267.601s][debug][gc,phases   ] GC(80)     Object Copy (ms):         Min:  2.8, Avg:  3.0, Max:  3.2, Diff:  0.5, Sum: 39.4, Workers: 13
[267.601s][debug][gc,phases   ] GC(80)     Termination (ms):         Min:  0.1, Avg:  0.1, Max:  0.2, Diff:  0.1, Sum:  1.6, Workers: 13
[267.601s][debug][gc,phases   ] GC(80)       Termination Attempts:     Min: 1, Avg:  1.0, Max: 1, Diff: 0, Sum: 13, Workers: 13
[267.601s][debug][gc,phases   ] GC(80)     GC Worker Other (ms):     Min:  0.0, Avg:  0.0, Max:  0.0, Diff:  0.0, Sum:  0.1, Workers: 13
[267.601s][debug][gc,phases   ] GC(80)     GC Worker Total (ms):     Min:  4.7, Avg:  4.7, Max:  4.8, Diff:  0.1, Sum: 61.7, Workers: 13
[267.601s][info ][gc,phases   ] GC(80)   Post Evacuate Collection Set: 0.3ms
[267.601s][debug][gc,phases   ] GC(80)     Code Roots Fixup: 0.0ms
[267.601s][debug][gc,phases   ] GC(80)     Clear Card Table: 0.1ms
[267.601s][debug][gc,phases   ] GC(80)     Reference Processing: 0.0ms
[267.601s][debug][gc,phases   ] GC(80)     Weak Processing: 0.0ms
[267.601s][debug][gc,phases   ] GC(80)       VM Weak                   Min:  0.0, Avg:  0.0, Max:  0.0, Diff:  0.0, Sum:  0.0, Workers: 2
[267.601s][debug][gc,phases   ] GC(80)         Dead                      Min: 0, Avg:  0.0, Max: 0, Diff: 0, Sum: 0, Workers: 2
[267.601s][debug][gc,phases   ] GC(80)         Total                     Min: 0, Avg: 28.5, Max: 57, Diff: 57, Sum: 57, Workers: 2
[267.601s][debug][gc,phases   ] GC(80)       ObjectSynchronizer Weak   Min:  0.0, Avg:  0.0, Max:  0.0, Diff:  0.0, Sum:  0.0, Workers: 2
[267.601s][debug][gc,phases   ] GC(80)         Dead                      Min: 0, Avg:  0.0, Max: 0, Diff: 0, Sum: 0, Workers: 2
[267.601s][debug][gc,phases   ] GC(80)         Total                     Min: 0, Avg:  4.5, Max: 9, Diff: 9, Sum: 9, Workers: 2
[267.601s][debug][gc,phases   ] GC(80)       JVMTI Tag Weak OopStorage Min:  0.0, Avg:  0.0, Max:  0.0, Diff:  0.0, Sum:  0.0, Workers: 2
[267.601s][debug][gc,phases   ] GC(80)         Dead                      Min: 0, Avg:  0.0, Max: 0, Diff: 0, Sum: 0, Workers: 2
[267.601s][debug][gc,phases   ] GC(80)         Total                     Min: 0, Avg:  0.0, Max: 0, Diff: 0, Sum: 0, Workers: 2
[267.601s][debug][gc,phases   ] GC(80)       StringTable Weak          Min:  0.0, Avg:  0.0, Max:  0.0, Diff:  0.0, Sum:  0.0, Workers: 2
[267.601s][debug][gc,phases   ] GC(80)         Dead                      Min: 0, Avg:  0.0, Max: 0, Diff: 0, Sum: 0, Workers: 2
[267.601s][debug][gc,phases   ] GC(80)         Total                     Min: 0, Avg: 339.5, Max: 679, Diff: 679, Sum: 679, Workers: 2
[267.601s][debug][gc,phases   ] GC(80)       ResolvedMethodTable Weak  Min:  0.0, Avg:  0.0, Max:  0.0, Diff:  0.0, Sum:  0.0, Workers: 2
[267.601s][debug][gc,phases   ] GC(80)         Dead                      Min: 0, Avg:  0.0, Max: 0, Diff: 0, Sum: 0, Workers: 2
[267.601s][debug][gc,phases   ] GC(80)         Total                     Min: 0, Avg: 140.5, Max: 281, Diff: 281, Sum: 281, Workers: 2
[267.601s][debug][gc,phases   ] GC(80)       JNI Weak                  Min:  0.0, Avg:  0.0, Max:  0.0, Diff:  0.0, Sum:  0.0, Workers: 2
[267.601s][debug][gc,phases   ] GC(80)         Dead                      Min: 0, Avg:  0.0, Max: 0, Diff: 0, Sum: 0, Workers: 2
[267.601s][debug][gc,phases   ] GC(80)         Total                     Min: 0, Avg:  0.0, Max: 0, Diff: 0, Sum: 0, Workers: 2
[267.601s][debug][gc,phases   ] GC(80)       Weak JFR Old Object Samples Min:  0.0, Avg:  0.0, Max:  0.0, Diff:  0.0, Sum:  0.0, Workers: 2
[267.601s][debug][gc,phases   ] GC(80)         Dead                      Min: 0, Avg:  0.0, Max: 0, Diff: 0, Sum: 0, Workers: 2
[267.601s][debug][gc,phases   ] GC(80)         Total                     Min: 0, Avg:  0.0, Max: 0, Diff: 0, Sum: 0, Workers: 2
[267.601s][debug][gc,phases   ] GC(80)     Merge Per-Thread State: 0.0ms
[267.601s][debug][gc,phases   ] GC(80)       Copied Bytes              Min: 1894400, Avg: 2160055.4, Max: 2578552, Diff: 684152, Sum: 28080720, Workers: 13
[267.601s][debug][gc,phases   ] GC(80)       LAB Waste                 Min: 456, Avg: 806.2, Max: 1264, Diff: 808, Sum: 10480, Workers: 13
[267.601s][debug][gc,phases   ] GC(80)       LAB Undo Waste            Min: 0, Avg:  0.0, Max: 0, Diff: 0, Sum: 0, Workers: 13
[267.601s][debug][gc,phases   ] GC(80)     Code Roots Purge: 0.0ms
[267.601s][debug][gc,phases   ] GC(80)     Redirty Cards: 0.1ms
[267.601s][debug][gc,phases   ] GC(80)     DerivedPointerTable Update: 0.1ms
[267.601s][debug][gc,phases   ] GC(80)     Free Collection Set: 0.1ms
[267.601s][debug][gc,phases   ] GC(80)     Rebuild Free List: 0.0ms
[267.601s][debug][gc,phases   ] GC(80)     Humongous Reclaim: 0.0ms
[267.601s][debug][gc,phases   ] GC(80)     Start New Collection Set: 0.0ms
[267.601s][debug][gc,phases   ] GC(80)     Resize TLABs: 0.1ms
[267.602s][debug][gc,phases   ] GC(80)     Expand Heap After Collection: 0.0ms
[267.602s][info ][gc,phases   ] GC(80)   Other: 0.5ms
[267.602s][info ][gc,heap     ] GC(80) Eden regions: 89->0(89)
[267.602s][info ][gc,heap     ] GC(80) Survivor regions: 4->4(12)
[267.602s][info ][gc,heap     ] GC(80) Old regions: 10->10
[267.602s][info ][gc,heap     ] GC(80) Archive regions: 2->2
[267.602s][info ][gc,heap     ] GC(80) Humongous regions: 0->0
[267.602s][info ][gc,metaspace] GC(80) Metaspace: 1647K(1792K)->1647K(1792K) NonClass: 1529K(1600K)->1529K(1600K) Class: 118K(192K)->118K(192K)
[267.602s][info ][gc          ] GC(80) Pause Young (Normal) (G1 Evacuation Pause) 823M->111M(1248M) 6.665ms
[267.602s][info ][gc,cpu      ] GC(80) User=0.07s Sys=0.00s Real=0.01s
