[0.007s][info][gc] Using G1
[0.023s][info][gc,init] Version: 16.0.1+9 (release)
[0.023s][info][gc,init] CPUs: 16 total, 16 available
[0.023s][info][gc,init] Memory: 65536M
[0.023s][info][gc,init] Large Page Support: Disabled
[0.023s][info][gc,init] NUMA Support: Disabled
[0.023s][info][gc,init] Compressed Oops: Enabled (Zero based)
[0.023s][info][gc,init] Heap Region Size: 4M
[0.023s][info][gc,init] Heap Min Capacity: 8G
[0.023s][info][gc,init] Heap Initial Capacity: 8G
[0.023s][info][gc,init] Heap Max Capacity: 8G
[0.023s][info][gc,init] Pre-touch: Disabled
[0.023s][info][gc,init] Parallel Workers: 13
[0.023s][info][gc,init] Concurrent Workers: 3
[0.023s][info][gc,init] Concurrent Refinement Workers: 13
[0.023s][info][gc,init] Periodic GC: Disabled
[0.023s][info][gc,metaspace] CDS archive(s) mapped at: [0x0000000800000000-0x0000000800bee000-0x0000000800bee000), size 12509184, SharedBaseAddress: 0x0000000800000000, ArchiveRelocationMode: 0.
[0.023s][info][gc,metaspace] Compressed class space mapped at: 0x0000000800c00000-0x0000000840c00000, reserved size: 1073741824
[0.023s][info][gc,metaspace] Narrow klass base: 0x0000000800000000, Narrow klass shift: 3, Narrow klass range: 0x100000000
[0.469s][info][gc,start    ] GC(0) Pause Young (Normal) (G1 Evacuation Pause)
[0.470s][info][gc,task     ] GC(0) Using 13 workers of 13 for evacuation
[0.610s][info][gc,phases   ] GC(0)   Pre Evacuate Collection Set: 0.1ms
[0.610s][info][gc,phases   ] GC(0)   Merge Heap Roots: 0.1ms
[0.610s][info][gc,phases   ] GC(0)   Evacuate Collection Set: 139.8ms
[0.610s][info][gc,phases   ] GC(0)   Post Evacuate Collection Set: 0.5ms
[0.610s][info][gc,phases   ] GC(0)   Other: 1.1ms
[0.611s][info][gc,heap     ] GC(0) Eden regions: 102->0(89)
[0.611s][info][gc,heap     ] GC(0) Survivor regions: 0->13(13)
[0.611s][info][gc,heap     ] GC(0) Old regions: 0->11
[0.611s][info][gc,heap     ] GC(0) Archive regions: 2->2
[0.611s][info][gc,heap     ] GC(0) Humongous regions: 0->0
[0.611s][info][gc,metaspace] GC(0) Metaspace: 758K(896K)->758K(896K) NonClass: 707K(768K)->707K(768K) Class: 51K(128K)->51K(128K)
[0.611s][info][gc          ] GC(0) Pause Young (Normal) (G1 Evacuation Pause) 411M->98M(8192M) 141.751ms
[0.611s][info][gc,cpu      ] GC(0) User=0.21s Sys=1.16s Real=0.14s
[0.816s][info][gc,start    ] GC(1) Pause Young (Normal) (G1 Evacuation Pause)
[0.816s][info][gc,task     ] GC(1) Using 13 workers of 13 for evacuation
[0.833s][info][gc,phases   ] GC(1)   Pre Evacuate Collection Set: 0.1ms
[0.833s][info][gc,phases   ] GC(1)   Merge Heap Roots: 0.1ms
[0.833s][info][gc,phases   ] GC(1)   Evacuate Collection Set: 17.2ms
[0.833s][info][gc,phases   ] GC(1)   Post Evacuate Collection Set: 0.3ms
[0.833s][info][gc,phases   ] GC(1)   Other: 0.1ms
[0.833s][info][gc,heap     ] GC(1) Eden regions: 89->0(89)
[0.833s][info][gc,heap     ] GC(1) Survivor regions: 13->13(13)
[0.833s][info][gc,heap     ] GC(1) Old regions: 11->22
[0.833s][info][gc,heap     ] GC(1) Archive regions: 2->2
[0.833s][info][gc,heap     ] GC(1) Humongous regions: 0->0
[0.833s][info][gc,metaspace] GC(1) Metaspace: 763K(896K)->763K(896K) NonClass: 712K(768K)->712K(768K) Class: 51K(128K)->51K(128K)
[0.834s][info][gc          ] GC(1) Pause Young (Normal) (G1 Evacuation Pause) 454M->143M(8192M) 17.969ms
[0.834s][info][gc,cpu      ] GC(1) User=0.10s Sys=0.10s Real=0.02s
[1.157s][info][gc,start    ] GC(2) Pause Young (Normal) (G1 Evacuation Pause)
[1.157s][info][gc,task     ] GC(2) Using 13 workers of 13 for evacuation
[1.173s][info][gc,phases   ] GC(2)   Pre Evacuate Collection Set: 0.1ms
[1.173s][info][gc,phases   ] GC(2)   Merge Heap Roots: 0.1ms
[1.173s][info][gc,phases   ] GC(2)   Evacuate Collection Set: 15.3ms
[1.173s][info][gc,phases   ] GC(2)   Post Evacuate Collection Set: 0.3ms
[1.173s][info][gc,phases   ] GC(2)   Other: 0.1ms
[1.173s][info][gc,heap     ] GC(2) Eden regions: 89->0(89)
[1.173s][info][gc,heap     ] GC(2) Survivor regions: 13->13(13)
[1.173s][info][gc,heap     ] GC(2) Old regions: 22->32
[1.173s][info][gc,heap     ] GC(2) Archive regions: 2->2
[1.173s][info][gc,heap     ] GC(2) Humongous regions: 0->0
[1.173s][info][gc,metaspace] GC(2) Metaspace: 790K(896K)->790K(896K) NonClass: 736K(768K)->736K(768K) Class: 53K(128K)->53K(128K)
[1.173s][info][gc          ] GC(2) Pause Young (Normal) (G1 Evacuation Pause) 499M->183M(8192M) 16.180ms
[1.173s][info][gc,cpu      ] GC(2) User=0.11s Sys=0.08s Real=0.01s
[1.506s][info][gc,start    ] GC(3) Pause Young (Normal) (G1 Evacuation Pause)
[1.506s][info][gc,task     ] GC(3) Using 13 workers of 13 for evacuation
[1.517s][info][gc,phases   ] GC(3)   Pre Evacuate Collection Set: 0.1ms
[1.517s][info][gc,phases   ] GC(3)   Merge Heap Roots: 0.1ms
[1.517s][info][gc,phases   ] GC(3)   Evacuate Collection Set: 10.9ms
[1.517s][info][gc,phases   ] GC(3)   Post Evacuate Collection Set: 0.4ms
[1.517s][info][gc,phases   ] GC(3)   Other: 0.1ms
[1.518s][info][gc,heap     ] GC(3) Eden regions: 89->0(89)
[1.518s][info][gc,heap     ] GC(3) Survivor regions: 13->13(13)
[1.518s][info][gc,heap     ] GC(3) Old regions: 32->38
[1.518s][info][gc,heap     ] GC(3) Archive regions: 2->2
[1.518s][info][gc,heap     ] GC(3) Humongous regions: 0->0
[1.518s][info][gc,metaspace] GC(3) Metaspace: 790K(896K)->790K(896K) NonClass: 736K(768K)->736K(768K) Class: 53K(128K)->53K(128K)
[1.518s][info][gc          ] GC(3) Pause Young (Normal) (G1 Evacuation Pause) 539M->207M(8192M) 11.715ms
[1.518s][info][gc,cpu      ] GC(3) User=0.10s Sys=0.04s Real=0.01s
[1.847s][info][gc,start    ] GC(4) Pause Young (Normal) (G1 Evacuation Pause)
[1.847s][info][gc,task     ] GC(4) Using 13 workers of 13 for evacuation
[1.859s][info][gc,phases   ] GC(4)   Pre Evacuate Collection Set: 0.1ms
[1.859s][info][gc,phases   ] GC(4)   Merge Heap Roots: 0.1ms
[1.859s][info][gc,phases   ] GC(4)   Evacuate Collection Set: 11.0ms
[1.859s][info][gc,phases   ] GC(4)   Post Evacuate Collection Set: 0.3ms
[1.859s][info][gc,phases   ] GC(4)   Other: 0.1ms
[1.859s][info][gc,heap     ] GC(4) Eden regions: 89->0(89)
[1.859s][info][gc,heap     ] GC(4) Survivor regions: 13->13(13)
[1.859s][info][gc,heap     ] GC(4) Old regions: 38->42
[1.859s][info][gc,heap     ] GC(4) Archive regions: 2->2
[1.859s][info][gc,heap     ] GC(4) Humongous regions: 0->0
[1.859s][info][gc,metaspace] GC(4) Metaspace: 790K(896K)->790K(896K) NonClass: 736K(768K)->736K(768K) Class: 53K(128K)->53K(128K)
[1.859s][info][gc          ] GC(4) Pause Young (Normal) (G1 Evacuation Pause) 563M->221M(8192M) 11.785ms
[1.859s][info][gc,cpu      ] GC(4) User=0.09s Sys=0.04s Real=0.01s
[2.196s][info][gc,start    ] GC(5) Pause Young (Normal) (G1 Evacuation Pause)
[2.196s][info][gc,task     ] GC(5) Using 13 workers of 13 for evacuation
[2.207s][info][gc,phases   ] GC(5)   Pre Evacuate Collection Set: 0.1ms
[2.207s][info][gc,phases   ] GC(5)   Merge Heap Roots: 0.1ms
[2.207s][info][gc,phases   ] GC(5)   Evacuate Collection Set: 10.7ms
[2.207s][info][gc,phases   ] GC(5)   Post Evacuate Collection Set: 0.3ms
[2.207s][info][gc,phases   ] GC(5)   Other: 0.1ms
[2.207s][info][gc,heap     ] GC(5) Eden regions: 89->0(89)
[2.207s][info][gc,heap     ] GC(5) Survivor regions: 13->13(13)
[2.207s][info][gc,heap     ] GC(5) Old regions: 42->45
[2.207s][info][gc,heap     ] GC(5) Archive regions: 2->2
[2.207s][info][gc,heap     ] GC(5) Humongous regions: 0->0
[2.207s][info][gc,metaspace] GC(5) Metaspace: 790K(896K)->790K(896K) NonClass: 736K(768K)->736K(768K) Class: 53K(128K)->53K(128K)
[2.207s][info][gc          ] GC(5) Pause Young (Normal) (G1 Evacuation Pause) 577M->235M(8192M) 11.344ms
[2.207s][info][gc,cpu      ] GC(5) User=0.09s Sys=0.04s Real=0.01s
[2.537s][info][gc,start    ] GC(6) Pause Young (Normal) (G1 Evacuation Pause)
[2.537s][info][gc,task     ] GC(6) Using 13 workers of 13 for evacuation
[2.548s][info][gc,phases   ] GC(6)   Pre Evacuate Collection Set: 0.1ms
[2.548s][info][gc,phases   ] GC(6)   Merge Heap Roots: 0.1ms
[2.548s][info][gc,phases   ] GC(6)   Evacuate Collection Set: 10.5ms
[2.548s][info][gc,phases   ] GC(6)   Post Evacuate Collection Set: 0.4ms
[2.548s][info][gc,phases   ] GC(6)   Other: 0.2ms
[2.548s][info][gc,heap     ] GC(6) Eden regions: 89->0(101)
[2.548s][info][gc,heap     ] GC(6) Survivor regions: 13->13(13)
[2.548s][info][gc,heap     ] GC(6) Old regions: 45->49
[2.548s][info][gc,heap     ] GC(6) Archive regions: 2->2
[2.548s][info][gc,heap     ] GC(6) Humongous regions: 0->0
[2.548s][info][gc,metaspace] GC(6) Metaspace: 790K(896K)->790K(896K) NonClass: 736K(768K)->736K(768K) Class: 53K(128K)->53K(128K)
[2.548s][info][gc          ] GC(6) Pause Young (Normal) (G1 Evacuation Pause) 591M->249M(8192M) 11.517ms
[2.548s][info][gc,cpu      ] GC(6) User=0.09s Sys=0.04s Real=0.01s
[2.927s][info][gc,start    ] GC(7) Pause Young (Normal) (G1 Evacuation Pause)
[2.927s][info][gc,task     ] GC(7) Using 13 workers of 13 for evacuation
[2.944s][info][gc,phases   ] GC(7)   Pre Evacuate Collection Set: 0.1ms
[2.944s][info][gc,phases   ] GC(7)   Merge Heap Roots: 0.0ms
[2.944s][info][gc,phases   ] GC(7)   Evacuate Collection Set: 16.6ms
[2.944s][info][gc,phases   ] GC(7)   Post Evacuate Collection Set: 0.3ms
[2.944s][info][gc,phases   ] GC(7)   Other: 0.1ms
[2.944s][info][gc,heap     ] GC(7) Eden regions: 101->0(306)
[2.944s][info][gc,heap     ] GC(7) Survivor regions: 13->15(15)
[2.944s][info][gc,heap     ] GC(7) Old regions: 49->50
[2.944s][info][gc,heap     ] GC(7) Archive regions: 2->2
[2.944s][info][gc,heap     ] GC(7) Humongous regions: 0->0
[2.944s][info][gc,metaspace] GC(7) Metaspace: 790K(896K)->790K(896K) NonClass: 736K(768K)->736K(768K) Class: 53K(128K)->53K(128K)
[2.944s][info][gc          ] GC(7) Pause Young (Normal) (G1 Evacuation Pause) 653M->263M(8192M) 17.282ms
[2.944s][info][gc,cpu      ] GC(7) User=0.06s Sys=0.14s Real=0.02s
[4.118s][info][gc,start    ] GC(8) Pause Young (Normal) (G1 Evacuation Pause)
[4.118s][info][gc,task     ] GC(8) Using 13 workers of 13 for evacuation
[4.137s][info][gc,phases   ] GC(8)   Pre Evacuate Collection Set: 0.1ms
[4.137s][info][gc,phases   ] GC(8)   Merge Heap Roots: 0.1ms
[4.137s][info][gc,phases   ] GC(8)   Evacuate Collection Set: 18.2ms
[4.137s][info][gc,phases   ] GC(8)   Post Evacuate Collection Set: 0.8ms
[4.137s][info][gc,phases   ] GC(8)   Other: 0.2ms
[4.137s][info][gc,heap     ] GC(8) Eden regions: 306->0(1210)
[4.137s][info][gc,heap     ] GC(8) Survivor regions: 15->18(41)
[4.137s][info][gc,heap     ] GC(8) Old regions: 50->50
[4.137s][info][gc,heap     ] GC(8) Archive regions: 2->2
[4.137s][info][gc,heap     ] GC(8) Humongous regions: 0->0
[4.137s][info][gc,metaspace] GC(8) Metaspace: 790K(896K)->790K(896K) NonClass: 736K(768K)->736K(768K) Class: 53K(128K)->53K(128K)
[4.137s][info][gc          ] GC(8) Pause Young (Normal) (G1 Evacuation Pause) 1487M->273M(8192M) 19.644ms
[4.137s][info][gc,cpu      ] GC(8) User=0.06s Sys=0.15s Real=0.02s
[8.837s][info][gc,start    ] GC(9) Pause Young (Normal) (G1 Evacuation Pause)
[8.837s][info][gc,task     ] GC(9) Using 13 workers of 13 for evacuation
[8.862s][info][gc,phases   ] GC(9)   Pre Evacuate Collection Set: 0.1ms
[8.862s][info][gc,phases   ] GC(9)   Merge Heap Roots: 0.2ms
[8.862s][info][gc,phases   ] GC(9)   Evacuate Collection Set: 23.1ms
[8.862s][info][gc,phases   ] GC(9)   Post Evacuate Collection Set: 1.1ms
[8.862s][info][gc,phases   ] GC(9)   Other: 0.6ms
[8.862s][info][gc,heap     ] GC(9) Eden regions: 1210->0(1210)
[8.862s][info][gc,heap     ] GC(9) Survivor regions: 18->18(154)
[8.862s][info][gc,heap     ] GC(9) Old regions: 50->50
[8.862s][info][gc,heap     ] GC(9) Archive regions: 2->2
[8.862s][info][gc,heap     ] GC(9) Humongous regions: 0->0
[8.862s][info][gc,metaspace] GC(9) Metaspace: 790K(896K)->790K(896K) NonClass: 736K(768K)->736K(768K) Class: 53K(128K)->53K(128K)
[8.862s][info][gc          ] GC(9) Pause Young (Normal) (G1 Evacuation Pause) 5113M->274M(8192M) 25.224ms
[8.862s][info][gc,cpu      ] GC(9) User=0.08s Sys=0.19s Real=0.02s
[13.555s][info][gc,start    ] GC(10) Pause Young (Normal) (G1 Evacuation Pause)
[13.555s][info][gc,task     ] GC(10) Using 13 workers of 13 for evacuation
[13.565s][info][gc,phases   ] GC(10)   Pre Evacuate Collection Set: 0.1ms
[13.565s][info][gc,phases   ] GC(10)   Merge Heap Roots: 0.2ms
[13.565s][info][gc,phases   ] GC(10)   Evacuate Collection Set: 7.8ms
[13.565s][info][gc,phases   ] GC(10)   Post Evacuate Collection Set: 1.0ms
[13.565s][info][gc,phases   ] GC(10)   Other: 0.2ms
[13.565s][info][gc,heap     ] GC(10) Eden regions: 1210->0(1210)
[13.565s][info][gc,heap     ] GC(10) Survivor regions: 18->18(154)
[13.565s][info][gc,heap     ] GC(10) Old regions: 50->50
[13.565s][info][gc,heap     ] GC(10) Archive regions: 2->2
[13.565s][info][gc,heap     ] GC(10) Humongous regions: 0->0
[13.565s][info][gc,metaspace] GC(10) Metaspace: 790K(896K)->790K(896K) NonClass: 736K(768K)->736K(768K) Class: 53K(128K)->53K(128K)
[13.565s][info][gc          ] GC(10) Pause Young (Normal) (G1 Evacuation Pause) 5114M->274M(8192M) 9.500ms
[13.565s][info][gc,cpu      ] GC(10) User=0.10s Sys=0.00s Real=0.01s
[18.277s][info][gc,start    ] GC(11) Pause Young (Normal) (G1 Evacuation Pause)
[18.277s][info][gc,task     ] GC(11) Using 13 workers of 13 for evacuation
[18.286s][info][gc,phases   ] GC(11)   Pre Evacuate Collection Set: 0.2ms
[18.286s][info][gc,phases   ] GC(11)   Merge Heap Roots: 0.2ms
[18.286s][info][gc,phases   ] GC(11)   Evacuate Collection Set: 7.6ms
[18.286s][info][gc,phases   ] GC(11)   Post Evacuate Collection Set: 1.1ms
[18.286s][info][gc,phases   ] GC(11)   Other: 0.3ms
[18.286s][info][gc,heap     ] GC(11) Eden regions: 1210->0(1210)
[18.286s][info][gc,heap     ] GC(11) Survivor regions: 18->18(154)
[18.286s][info][gc,heap     ] GC(11) Old regions: 50->50
[18.286s][info][gc,heap     ] GC(11) Archive regions: 2->2
[18.286s][info][gc,heap     ] GC(11) Humongous regions: 0->0
[18.286s][info][gc,metaspace] GC(11) Metaspace: 790K(896K)->790K(896K) NonClass: 736K(768K)->736K(768K) Class: 53K(128K)->53K(128K)
[18.286s][info][gc          ] GC(11) Pause Young (Normal) (G1 Evacuation Pause) 5114M->275M(8192M) 9.415ms
[18.286s][info][gc,cpu      ] GC(11) User=0.10s Sys=0.01s Real=0.01s
[22.997s][info][gc,start    ] GC(12) Pause Young (Normal) (G1 Evacuation Pause)
[22.997s][info][gc,task     ] GC(12) Using 13 workers of 13 for evacuation
[23.006s][info][gc,phases   ] GC(12)   Pre Evacuate Collection Set: 0.1ms
[23.006s][info][gc,phases   ] GC(12)   Merge Heap Roots: 0.2ms
[23.006s][info][gc,phases   ] GC(12)   Evacuate Collection Set: 7.7ms
[23.006s][info][gc,phases   ] GC(12)   Post Evacuate Collection Set: 1.1ms
[23.006s][info][gc,phases   ] GC(12)   Other: 0.2ms
[23.006s][info][gc,heap     ] GC(12) Eden regions: 1210->0(1210)
[23.006s][info][gc,heap     ] GC(12) Survivor regions: 18->18(154)
[23.006s][info][gc,heap     ] GC(12) Old regions: 50->50
[23.006s][info][gc,heap     ] GC(12) Archive regions: 2->2
[23.006s][info][gc,heap     ] GC(12) Humongous regions: 0->0
[23.006s][info][gc,metaspace] GC(12) Metaspace: 790K(896K)->790K(896K) NonClass: 736K(768K)->736K(768K) Class: 53K(128K)->53K(128K)
[23.006s][info][gc          ] GC(12) Pause Young (Normal) (G1 Evacuation Pause) 5115M->273M(8192M) 9.289ms
[23.006s][info][gc,cpu      ] GC(12) User=0.10s Sys=0.00s Real=0.01s
[27.718s][info][gc,start    ] GC(13) Pause Young (Normal) (G1 Evacuation Pause)
[27.718s][info][gc,task     ] GC(13) Using 13 workers of 13 for evacuation
[27.727s][info][gc,phases   ] GC(13)   Pre Evacuate Collection Set: 0.1ms
[27.727s][info][gc,phases   ] GC(13)   Merge Heap Roots: 0.2ms
[27.727s][info][gc,phases   ] GC(13)   Evacuate Collection Set: 7.6ms
[27.727s][info][gc,phases   ] GC(13)   Post Evacuate Collection Set: 1.0ms
[27.727s][info][gc,phases   ] GC(13)   Other: 0.2ms
[27.727s][info][gc,heap     ] GC(13) Eden regions: 1210->0(1210)
[27.727s][info][gc,heap     ] GC(13) Survivor regions: 18->18(154)
[27.727s][info][gc,heap     ] GC(13) Old regions: 50->50
[27.727s][info][gc,heap     ] GC(13) Archive regions: 2->2
[27.727s][info][gc,heap     ] GC(13) Humongous regions: 0->0
[27.727s][info][gc,metaspace] GC(13) Metaspace: 790K(896K)->790K(896K) NonClass: 736K(768K)->736K(768K) Class: 53K(128K)->53K(128K)
[27.727s][info][gc          ] GC(13) Pause Young (Normal) (G1 Evacuation Pause) 5113M->275M(8192M) 9.170ms
[27.727s][info][gc,cpu      ] GC(13) User=0.10s Sys=0.00s Real=0.01s
[32.446s][info][gc,start    ] GC(14) Pause Young (Normal) (G1 Evacuation Pause)
[32.446s][info][gc,task     ] GC(14) Using 13 workers of 13 for evacuation
[32.455s][info][gc,phases   ] GC(14)   Pre Evacuate Collection Set: 0.1ms
[32.455s][info][gc,phases   ] GC(14)   Merge Heap Roots: 0.2ms
[32.455s][info][gc,phases   ] GC(14)   Evacuate Collection Set: 7.5ms
[32.455s][info][gc,phases   ] GC(14)   Post Evacuate Collection Set: 1.0ms
[32.455s][info][gc,phases   ] GC(14)   Other: 0.2ms
[32.455s][info][gc,heap     ] GC(14) Eden regions: 1210->0(1209)
[32.455s][info][gc,heap     ] GC(14) Survivor regions: 18->19(154)
[32.455s][info][gc,heap     ] GC(14) Old regions: 50->50
[32.455s][info][gc,heap     ] GC(14) Archive regions: 2->2
[32.455s][info][gc,heap     ] GC(14) Humongous regions: 0->0
[32.455s][info][gc,metaspace] GC(14) Metaspace: 790K(896K)->790K(896K) NonClass: 736K(768K)->736K(768K) Class: 53K(128K)->53K(128K)
[32.455s][info][gc          ] GC(14) Pause Young (Normal) (G1 Evacuation Pause) 5115M->276M(8192M) 9.150ms
[32.455s][info][gc,cpu      ] GC(14) User=0.10s Sys=0.01s Real=0.01s
[37.157s][info][gc,start    ] GC(15) Pause Young (Normal) (G1 Evacuation Pause)
[37.157s][info][gc,task     ] GC(15) Using 13 workers of 13 for evacuation
[37.166s][info][gc,phases   ] GC(15)   Pre Evacuate Collection Set: 0.1ms
[37.166s][info][gc,phases   ] GC(15)   Merge Heap Roots: 0.1ms
[37.166s][info][gc,phases   ] GC(15)   Evacuate Collection Set: 8.1ms
[37.166s][info][gc,phases   ] GC(15)   Post Evacuate Collection Set: 1.1ms
[37.166s][info][gc,phases   ] GC(15)   Other: 0.2ms
[37.166s][info][gc,heap     ] GC(15) Eden regions: 1209->0(1210)
[37.166s][info][gc,heap     ] GC(15) Survivor regions: 19->18(154)
[37.166s][info][gc,heap     ] GC(15) Old regions: 50->50
[37.166s][info][gc,heap     ] GC(15) Archive regions: 2->2
[37.166s][info][gc,heap     ] GC(15) Humongous regions: 0->0
[37.166s][info][gc,metaspace] GC(15) Metaspace: 790K(896K)->790K(896K) NonClass: 736K(768K)->736K(768K) Class: 53K(128K)->53K(128K)
[37.166s][info][gc          ] GC(15) Pause Young (Normal) (G1 Evacuation Pause) 5112M->273M(8192M) 9.614ms
[37.166s][info][gc,cpu      ] GC(15) User=0.11s Sys=0.00s Real=0.01s
[41.877s][info][gc,start    ] GC(16) Pause Young (Normal) (G1 Evacuation Pause)
[41.877s][info][gc,task     ] GC(16) Using 13 workers of 13 for evacuation
[41.886s][info][gc,phases   ] GC(16)   Pre Evacuate Collection Set: 0.1ms
[41.886s][info][gc,phases   ] GC(16)   Merge Heap Roots: 0.1ms
[41.886s][info][gc,phases   ] GC(16)   Evacuate Collection Set: 8.0ms
[41.886s][info][gc,phases   ] GC(16)   Post Evacuate Collection Set: 1.0ms
[41.886s][info][gc,phases   ] GC(16)   Other: 0.2ms
[41.886s][info][gc,heap     ] GC(16) Eden regions: 1210->0(1210)
[41.886s][info][gc,heap     ] GC(16) Survivor regions: 18->18(154)
[41.886s][info][gc,heap     ] GC(16) Old regions: 50->50
[41.886s][info][gc,heap     ] GC(16) Archive regions: 2->2
[41.886s][info][gc,heap     ] GC(16) Humongous regions: 0->0
[41.886s][info][gc,metaspace] GC(16) Metaspace: 790K(896K)->790K(896K) NonClass: 736K(768K)->736K(768K) Class: 53K(128K)->53K(128K)
[41.886s][info][gc          ] GC(16) Pause Young (Normal) (G1 Evacuation Pause) 5113M->274M(8192M) 9.547ms
[41.886s][info][gc,cpu      ] GC(16) User=0.10s Sys=0.00s Real=0.01s
[46.598s][info][gc,start    ] GC(17) Pause Young (Normal) (G1 Evacuation Pause)
[46.598s][info][gc,task     ] GC(17) Using 13 workers of 13 for evacuation
[46.607s][info][gc,phases   ] GC(17)   Pre Evacuate Collection Set: 0.1ms
[46.607s][info][gc,phases   ] GC(17)   Merge Heap Roots: 0.2ms
[46.607s][info][gc,phases   ] GC(17)   Evacuate Collection Set: 7.6ms
[46.607s][info][gc,phases   ] GC(17)   Post Evacuate Collection Set: 1.0ms
[46.608s][info][gc,phases   ] GC(17)   Other: 0.2ms
[46.608s][info][gc,heap     ] GC(17) Eden regions: 1210->0(1210)
[46.608s][info][gc,heap     ] GC(17) Survivor regions: 18->18(154)
[46.608s][info][gc,heap     ] GC(17) Old regions: 50->50
[46.608s][info][gc,heap     ] GC(17) Archive regions: 2->2
[46.608s][info][gc,heap     ] GC(17) Humongous regions: 0->0
[46.608s][info][gc,metaspace] GC(17) Metaspace: 790K(896K)->790K(896K) NonClass: 736K(768K)->736K(768K) Class: 53K(128K)->53K(128K)
[46.608s][info][gc          ] GC(17) Pause Young (Normal) (G1 Evacuation Pause) 5114M->275M(8192M) 9.306ms
[46.608s][info][gc,cpu      ] GC(17) User=0.10s Sys=0.00s Real=0.01s
[51.327s][info][gc,start    ] GC(18) Pause Young (Normal) (G1 Evacuation Pause)
[51.327s][info][gc,task     ] GC(18) Using 13 workers of 13 for evacuation
[51.336s][info][gc,phases   ] GC(18)   Pre Evacuate Collection Set: 0.1ms
[51.336s][info][gc,phases   ] GC(18)   Merge Heap Roots: 0.2ms
[51.336s][info][gc,phases   ] GC(18)   Evacuate Collection Set: 7.9ms
[51.336s][info][gc,phases   ] GC(18)   Post Evacuate Collection Set: 1.1ms
[51.336s][info][gc,phases   ] GC(18)   Other: 0.2ms
[51.336s][info][gc,heap     ] GC(18) Eden regions: 1210->0(1210)
[51.336s][info][gc,heap     ] GC(18) Survivor regions: 18->18(154)
[51.336s][info][gc,heap     ] GC(18) Old regions: 50->50
[51.336s][info][gc,heap     ] GC(18) Archive regions: 2->2
[51.336s][info][gc,heap     ] GC(18) Humongous regions: 0->0
[51.336s][info][gc,metaspace] GC(18) Metaspace: 790K(896K)->790K(896K) NonClass: 736K(768K)->736K(768K) Class: 53K(128K)->53K(128K)
[51.336s][info][gc          ] GC(18) Pause Young (Normal) (G1 Evacuation Pause) 5115M->275M(8192M) 9.727ms
[51.336s][info][gc,cpu      ] GC(18) User=0.11s Sys=0.00s Real=0.01s
[56.046s][info][gc,start    ] GC(19) Pause Young (Normal) (G1 Evacuation Pause)
[56.046s][info][gc,task     ] GC(19) Using 13 workers of 13 for evacuation
[56.056s][info][gc,phases   ] GC(19)   Pre Evacuate Collection Set: 0.1ms
[56.056s][info][gc,phases   ] GC(19)   Merge Heap Roots: 0.2ms
[56.056s][info][gc,phases   ] GC(19)   Evacuate Collection Set: 8.1ms
[56.056s][info][gc,phases   ] GC(19)   Post Evacuate Collection Set: 1.0ms
[56.056s][info][gc,phases   ] GC(19)   Other: 0.2ms
[56.056s][info][gc,heap     ] GC(19) Eden regions: 1210->0(1210)
[56.056s][info][gc,heap     ] GC(19) Survivor regions: 18->18(154)
[56.056s][info][gc,heap     ] GC(19) Old regions: 50->50
[56.056s][info][gc,heap     ] GC(19) Archive regions: 2->2
[56.056s][info][gc,heap     ] GC(19) Humongous regions: 0->0
[56.056s][info][gc,metaspace] GC(19) Metaspace: 790K(896K)->790K(896K) NonClass: 736K(768K)->736K(768K) Class: 53K(128K)->53K(128K)
[56.056s][info][gc          ] GC(19) Pause Young (Normal) (G1 Evacuation Pause) 5115M->272M(8192M) 9.661ms
[56.056s][info][gc,cpu      ] GC(19) User=0.11s Sys=0.00s Real=0.01s
[60.767s][info][gc,start    ] GC(20) Pause Young (Normal) (G1 Evacuation Pause)
[60.767s][info][gc,task     ] GC(20) Using 13 workers of 13 for evacuation
[60.776s][info][gc,phases   ] GC(20)   Pre Evacuate Collection Set: 0.1ms
[60.776s][info][gc,phases   ] GC(20)   Merge Heap Roots: 0.2ms
[60.776s][info][gc,phases   ] GC(20)   Evacuate Collection Set: 7.6ms
[60.776s][info][gc,phases   ] GC(20)   Post Evacuate Collection Set: 1.0ms
[60.776s][info][gc,phases   ] GC(20)   Other: 0.2ms
[60.776s][info][gc,heap     ] GC(20) Eden regions: 1210->0(1210)
[60.776s][info][gc,heap     ] GC(20) Survivor regions: 18->18(154)
[60.776s][info][gc,heap     ] GC(20) Old regions: 50->50
[60.776s][info][gc,heap     ] GC(20) Archive regions: 2->2
[60.776s][info][gc,heap     ] GC(20) Humongous regions: 0->0
[60.776s][info][gc,metaspace] GC(20) Metaspace: 790K(896K)->790K(896K) NonClass: 736K(768K)->736K(768K) Class: 53K(128K)->53K(128K)
[60.776s][info][gc          ] GC(20) Pause Young (Normal) (G1 Evacuation Pause) 5112M->273M(8192M) 9.239ms
[60.776s][info][gc,cpu      ] GC(20) User=0.10s Sys=0.00s Real=0.01s
[65.487s][info][gc,start    ] GC(21) Pause Young (Normal) (G1 Evacuation Pause)
[65.487s][info][gc,task     ] GC(21) Using 13 workers of 13 for evacuation
[65.497s][info][gc,phases   ] GC(21)   Pre Evacuate Collection Set: 0.1ms
[65.497s][info][gc,phases   ] GC(21)   Merge Heap Roots: 0.2ms
[65.497s][info][gc,phases   ] GC(21)   Evacuate Collection Set: 8.4ms
[65.497s][info][gc,phases   ] GC(21)   Post Evacuate Collection Set: 1.0ms
[65.497s][info][gc,phases   ] GC(21)   Other: 0.2ms
[65.497s][info][gc,heap     ] GC(21) Eden regions: 1210->0(1210)
[65.497s][info][gc,heap     ] GC(21) Survivor regions: 18->18(154)
[65.497s][info][gc,heap     ] GC(21) Old regions: 50->50
[65.497s][info][gc,heap     ] GC(21) Archive regions: 2->2
[65.497s][info][gc,heap     ] GC(21) Humongous regions: 0->0
[65.497s][info][gc,metaspace] GC(21) Metaspace: 790K(896K)->790K(896K) NonClass: 736K(768K)->736K(768K) Class: 53K(128K)->53K(128K)
[65.497s][info][gc          ] GC(21) Pause Young (Normal) (G1 Evacuation Pause) 5113M->275M(8192M) 10.013ms
[65.497s][info][gc,cpu      ] GC(21) User=0.11s Sys=0.00s Real=0.01s
[70.208s][info][gc,start    ] GC(22) Pause Young (Normal) (G1 Evacuation Pause)
[70.208s][info][gc,task     ] GC(22) Using 13 workers of 13 for evacuation
[70.217s][info][gc,phases   ] GC(22)   Pre Evacuate Collection Set: 0.1ms
[70.217s][info][gc,phases   ] GC(22)   Merge Heap Roots: 0.2ms
[70.217s][info][gc,phases   ] GC(22)   Evacuate Collection Set: 7.5ms
[70.217s][info][gc,phases   ] GC(22)   Post Evacuate Collection Set: 1.0ms
[70.217s][info][gc,phases   ] GC(22)   Other: 0.2ms
[70.217s][info][gc,heap     ] GC(22) Eden regions: 1210->0(1209)
[70.217s][info][gc,heap     ] GC(22) Survivor regions: 18->19(154)
[70.217s][info][gc,heap     ] GC(22) Old regions: 50->50
[70.217s][info][gc,heap     ] GC(22) Archive regions: 2->2
[70.217s][info][gc,heap     ] GC(22) Humongous regions: 0->0
[70.217s][info][gc,metaspace] GC(22) Metaspace: 790K(896K)->790K(896K) NonClass: 736K(768K)->736K(768K) Class: 53K(128K)->53K(128K)
[70.217s][info][gc          ] GC(22) Pause Young (Normal) (G1 Evacuation Pause) 5115M->276M(8192M) 9.224ms
[70.217s][info][gc,cpu      ] GC(22) User=0.10s Sys=0.00s Real=0.01s
[74.926s][info][gc,start    ] GC(23) Pause Young (Normal) (G1 Evacuation Pause)
[74.926s][info][gc,task     ] GC(23) Using 13 workers of 13 for evacuation
[74.936s][info][gc,phases   ] GC(23)   Pre Evacuate Collection Set: 0.1ms
[74.936s][info][gc,phases   ] GC(23)   Merge Heap Roots: 0.2ms
[74.936s][info][gc,phases   ] GC(23)   Evacuate Collection Set: 8.0ms
[74.936s][info][gc,phases   ] GC(23)   Post Evacuate Collection Set: 1.0ms
[74.936s][info][gc,phases   ] GC(23)   Other: 0.2ms
[74.936s][info][gc,heap     ] GC(23) Eden regions: 1209->0(1210)
[74.936s][info][gc,heap     ] GC(23) Survivor regions: 19->18(154)
[74.936s][info][gc,heap     ] GC(23) Old regions: 50->50
[74.936s][info][gc,heap     ] GC(23) Archive regions: 2->2
[74.936s][info][gc,heap     ] GC(23) Humongous regions: 0->0
[74.936s][info][gc,metaspace] GC(23) Metaspace: 790K(896K)->790K(896K) NonClass: 736K(768K)->736K(768K) Class: 53K(128K)->53K(128K)
[74.936s][info][gc          ] GC(23) Pause Young (Normal) (G1 Evacuation Pause) 5112M->275M(8192M) 9.655ms
[74.936s][info][gc,cpu      ] GC(23) User=0.11s Sys=0.00s Real=0.01s
[79.649s][info][gc,start    ] GC(24) Pause Young (Normal) (G1 Evacuation Pause)
[79.649s][info][gc,task     ] GC(24) Using 13 workers of 13 for evacuation
[79.659s][info][gc,phases   ] GC(24)   Pre Evacuate Collection Set: 0.1ms
[79.659s][info][gc,phases   ] GC(24)   Merge Heap Roots: 0.2ms
[79.659s][info][gc,phases   ] GC(24)   Evacuate Collection Set: 8.3ms
[79.659s][info][gc,phases   ] GC(24)   Post Evacuate Collection Set: 1.1ms
[79.659s][info][gc,phases   ] GC(24)   Other: 0.2ms
[79.659s][info][gc,heap     ] GC(24) Eden regions: 1210->0(1209)
[79.659s][info][gc,heap     ] GC(24) Survivor regions: 18->19(154)
[79.659s][info][gc,heap     ] GC(24) Old regions: 50->50
[79.659s][info][gc,heap     ] GC(24) Archive regions: 2->2
[79.659s][info][gc,heap     ] GC(24) Humongous regions: 0->0
[79.659s][info][gc,metaspace] GC(24) Metaspace: 790K(896K)->790K(896K) NonClass: 736K(768K)->736K(768K) Class: 53K(128K)->53K(128K)
[79.659s][info][gc          ] GC(24) Pause Young (Normal) (G1 Evacuation Pause) 5115M->276M(8192M) 10.159ms
[79.659s][info][gc,cpu      ] GC(24) User=0.11s Sys=0.01s Real=0.01s
[84.367s][info][gc,start    ] GC(25) Pause Young (Normal) (G1 Evacuation Pause)
[84.367s][info][gc,task     ] GC(25) Using 13 workers of 13 for evacuation
[84.376s][info][gc,phases   ] GC(25)   Pre Evacuate Collection Set: 0.2ms
[84.376s][info][gc,phases   ] GC(25)   Merge Heap Roots: 0.3ms
[84.376s][info][gc,phases   ] GC(25)   Evacuate Collection Set: 7.7ms
[84.376s][info][gc,phases   ] GC(25)   Post Evacuate Collection Set: 1.0ms
[84.376s][info][gc,phases   ] GC(25)   Other: 0.3ms
[84.376s][info][gc,heap     ] GC(25) Eden regions: 1209->0(1210)
[84.376s][info][gc,heap     ] GC(25) Survivor regions: 19->18(154)
[84.376s][info][gc,heap     ] GC(25) Old regions: 50->50
[84.376s][info][gc,heap     ] GC(25) Archive regions: 2->2
[84.376s][info][gc,heap     ] GC(25) Humongous regions: 0->0
[84.376s][info][gc,metaspace] GC(25) Metaspace: 790K(896K)->790K(896K) NonClass: 736K(768K)->736K(768K) Class: 53K(128K)->53K(128K)
[84.376s][info][gc          ] GC(25) Pause Young (Normal) (G1 Evacuation Pause) 5112M->275M(8192M) 9.599ms
[84.376s][info][gc,cpu      ] GC(25) User=0.11s Sys=0.00s Real=0.01s
[89.079s][info][gc,start    ] GC(26) Pause Young (Normal) (G1 Evacuation Pause)
[89.079s][info][gc,task     ] GC(26) Using 13 workers of 13 for evacuation
[89.088s][info][gc,phases   ] GC(26)   Pre Evacuate Collection Set: 0.1ms
[89.088s][info][gc,phases   ] GC(26)   Merge Heap Roots: 0.2ms
[89.088s][info][gc,phases   ] GC(26)   Evacuate Collection Set: 8.0ms
[89.088s][info][gc,phases   ] GC(26)   Post Evacuate Collection Set: 1.0ms
[89.088s][info][gc,phases   ] GC(26)   Other: 0.2ms
[89.088s][info][gc,heap     ] GC(26) Eden regions: 1210->0(1210)
[89.088s][info][gc,heap     ] GC(26) Survivor regions: 18->18(154)
[89.088s][info][gc,heap     ] GC(26) Old regions: 50->50
[89.088s][info][gc,heap     ] GC(26) Archive regions: 2->2
[89.088s][info][gc,heap     ] GC(26) Humongous regions: 0->0
[89.088s][info][gc,metaspace] GC(26) Metaspace: 790K(896K)->790K(896K) NonClass: 736K(768K)->736K(768K) Class: 53K(128K)->53K(128K)
[89.088s][info][gc          ] GC(26) Pause Young (Normal) (G1 Evacuation Pause) 5115M->275M(8192M) 9.567ms
[89.088s][info][gc,cpu      ] GC(26) User=0.11s Sys=0.00s Real=0.01s
[93.806s][info][gc,start    ] GC(27) Pause Young (Normal) (G1 Evacuation Pause)
[93.806s][info][gc,task     ] GC(27) Using 13 workers of 13 for evacuation
[93.816s][info][gc,phases   ] GC(27)   Pre Evacuate Collection Set: 0.2ms
[93.816s][info][gc,phases   ] GC(27)   Merge Heap Roots: 0.3ms
[93.816s][info][gc,phases   ] GC(27)   Evacuate Collection Set: 8.0ms
[93.816s][info][gc,phases   ] GC(27)   Post Evacuate Collection Set: 1.0ms
[93.816s][info][gc,phases   ] GC(27)   Other: 0.2ms
[93.816s][info][gc,heap     ] GC(27) Eden regions: 1210->0(1210)
[93.816s][info][gc,heap     ] GC(27) Survivor regions: 18->18(154)
[93.816s][info][gc,heap     ] GC(27) Old regions: 50->50
[93.816s][info][gc,heap     ] GC(27) Archive regions: 2->2
[93.816s][info][gc,heap     ] GC(27) Humongous regions: 0->0
[93.816s][info][gc,metaspace] GC(27) Metaspace: 790K(896K)->790K(896K) NonClass: 736K(768K)->736K(768K) Class: 53K(128K)->53K(128K)
[93.816s][info][gc          ] GC(27) Pause Young (Normal) (G1 Evacuation Pause) 5115M->275M(8192M) 9.797ms
[93.816s][info][gc,cpu      ] GC(27) User=0.11s Sys=0.00s Real=0.01s
[98.528s][info][gc,start    ] GC(28) Pause Young (Normal) (G1 Evacuation Pause)
[98.528s][info][gc,task     ] GC(28) Using 13 workers of 13 for evacuation
[98.538s][info][gc,phases   ] GC(28)   Pre Evacuate Collection Set: 0.2ms
[98.538s][info][gc,phases   ] GC(28)   Merge Heap Roots: 0.2ms
[98.538s][info][gc,phases   ] GC(28)   Evacuate Collection Set: 7.7ms
[98.538s][info][gc,phases   ] GC(28)   Post Evacuate Collection Set: 1.0ms
[98.538s][info][gc,phases   ] GC(28)   Other: 0.3ms
[98.538s][info][gc,heap     ] GC(28) Eden regions: 1210->0(1210)
[98.538s][info][gc,heap     ] GC(28) Survivor regions: 18->18(154)
[98.538s][info][gc,heap     ] GC(28) Old regions: 50->50
[98.538s][info][gc,heap     ] GC(28) Archive regions: 2->2
[98.538s][info][gc,heap     ] GC(28) Humongous regions: 0->0
[98.538s][info][gc,metaspace] GC(28) Metaspace: 790K(896K)->790K(896K) NonClass: 736K(768K)->736K(768K) Class: 53K(128K)->53K(128K)
[98.538s][info][gc          ] GC(28) Pause Young (Normal) (G1 Evacuation Pause) 5115M->274M(8192M) 9.521ms
[98.538s][info][gc,cpu      ] GC(28) User=0.10s Sys=0.00s Real=0.01s
[103.248s][info][gc,start    ] GC(29) Pause Young (Normal) (G1 Evacuation Pause)
[103.248s][info][gc,task     ] GC(29) Using 13 workers of 13 for evacuation
[103.257s][info][gc,phases   ] GC(29)   Pre Evacuate Collection Set: 0.1ms
[103.257s][info][gc,phases   ] GC(29)   Merge Heap Roots: 0.2ms
[103.257s][info][gc,phases   ] GC(29)   Evacuate Collection Set: 7.5ms
[103.257s][info][gc,phases   ] GC(29)   Post Evacuate Collection Set: 1.0ms
[103.257s][info][gc,phases   ] GC(29)   Other: 0.2ms
[103.257s][info][gc,heap     ] GC(29) Eden regions: 1210->0(1210)
[103.257s][info][gc,heap     ] GC(29) Survivor regions: 18->18(154)
[103.257s][info][gc,heap     ] GC(29) Old regions: 50->50
[103.257s][info][gc,heap     ] GC(29) Archive regions: 2->2
[103.257s][info][gc,heap     ] GC(29) Humongous regions: 0->0
[103.257s][info][gc,metaspace] GC(29) Metaspace: 790K(896K)->790K(896K) NonClass: 736K(768K)->736K(768K) Class: 53K(128K)->53K(128K)
[103.257s][info][gc          ] GC(29) Pause Young (Normal) (G1 Evacuation Pause) 5114M->275M(8192M) 9.123ms
[103.257s][info][gc,cpu      ] GC(29) User=0.11s Sys=0.01s Real=0.01s
[107.976s][info][gc,start    ] GC(30) Pause Young (Normal) (G1 Evacuation Pause)
[107.976s][info][gc,task     ] GC(30) Using 13 workers of 13 for evacuation
[107.986s][info][gc,phases   ] GC(30)   Pre Evacuate Collection Set: 0.2ms
[107.986s][info][gc,phases   ] GC(30)   Merge Heap Roots: 0.3ms
[107.986s][info][gc,phases   ] GC(30)   Evacuate Collection Set: 7.9ms
[107.986s][info][gc,phases   ] GC(30)   Post Evacuate Collection Set: 1.0ms
[107.986s][info][gc,phases   ] GC(30)   Other: 0.2ms
[107.986s][info][gc,heap     ] GC(30) Eden regions: 1210->0(1210)
[107.986s][info][gc,heap     ] GC(30) Survivor regions: 18->18(154)
[107.986s][info][gc,heap     ] GC(30) Old regions: 50->50
[107.986s][info][gc,heap     ] GC(30) Archive regions: 2->2
[107.986s][info][gc,heap     ] GC(30) Humongous regions: 0->0
[107.986s][info][gc,metaspace] GC(30) Metaspace: 790K(896K)->790K(896K) NonClass: 736K(768K)->736K(768K) Class: 53K(128K)->53K(128K)
[107.986s][info][gc          ] GC(30) Pause Young (Normal) (G1 Evacuation Pause) 5115M->275M(8192M) 9.700ms
[107.986s][info][gc,cpu      ] GC(30) User=0.11s Sys=0.00s Real=0.01s
[112.697s][info][gc,start    ] GC(31) Pause Young (Normal) (G1 Evacuation Pause)
[112.698s][info][gc,task     ] GC(31) Using 13 workers of 13 for evacuation
[112.707s][info][gc,phases   ] GC(31)   Pre Evacuate Collection Set: 0.2ms
[112.707s][info][gc,phases   ] GC(31)   Merge Heap Roots: 0.2ms
[112.707s][info][gc,phases   ] GC(31)   Evacuate Collection Set: 7.6ms
[112.707s][info][gc,phases   ] GC(31)   Post Evacuate Collection Set: 1.0ms
[112.707s][info][gc,phases   ] GC(31)   Other: 0.2ms
[112.707s][info][gc,heap     ] GC(31) Eden regions: 1210->0(1210)
[112.707s][info][gc,heap     ] GC(31) Survivor regions: 18->18(154)
[112.707s][info][gc,heap     ] GC(31) Old regions: 50->50
[112.707s][info][gc,heap     ] GC(31) Archive regions: 2->2
[112.707s][info][gc,heap     ] GC(31) Humongous regions: 0->0
[112.707s][info][gc,metaspace] GC(31) Metaspace: 790K(896K)->790K(896K) NonClass: 736K(768K)->736K(768K) Class: 53K(128K)->53K(128K)
[112.707s][info][gc          ] GC(31) Pause Young (Normal) (G1 Evacuation Pause) 5115M->275M(8192M) 9.357ms
[112.707s][info][gc,cpu      ] GC(31) User=0.10s Sys=0.00s Real=0.01s
[117.417s][info][gc,start    ] GC(32) Pause Young (Normal) (G1 Evacuation Pause)
[117.417s][info][gc,task     ] GC(32) Using 13 workers of 13 for evacuation
[117.426s][info][gc,phases   ] GC(32)   Pre Evacuate Collection Set: 0.1ms
[117.426s][info][gc,phases   ] GC(32)   Merge Heap Roots: 0.1ms
[117.426s][info][gc,phases   ] GC(32)   Evacuate Collection Set: 8.0ms
[117.426s][info][gc,phases   ] GC(32)   Post Evacuate Collection Set: 1.1ms
[117.426s][info][gc,phases   ] GC(32)   Other: 0.2ms
[117.426s][info][gc,heap     ] GC(32) Eden regions: 1210->0(1210)
[117.427s][info][gc,heap     ] GC(32) Survivor regions: 18->18(154)
[117.427s][info][gc,heap     ] GC(32) Old regions: 50->50
[117.427s][info][gc,heap     ] GC(32) Archive regions: 2->2
[117.427s][info][gc,heap     ] GC(32) Humongous regions: 0->0
[117.427s][info][gc,metaspace] GC(32) Metaspace: 790K(896K)->790K(896K) NonClass: 736K(768K)->736K(768K) Class: 53K(128K)->53K(128K)
[117.427s][info][gc          ] GC(32) Pause Young (Normal) (G1 Evacuation Pause) 5115M->274M(8192M) 9.602ms
[117.427s][info][gc,cpu      ] GC(32) User=0.11s Sys=0.00s Real=0.01s
[122.147s][info][gc,start    ] GC(33) Pause Young (Normal) (G1 Evacuation Pause)
[122.147s][info][gc,task     ] GC(33) Using 13 workers of 13 for evacuation
[122.157s][info][gc,phases   ] GC(33)   Pre Evacuate Collection Set: 0.2ms
[122.157s][info][gc,phases   ] GC(33)   Merge Heap Roots: 0.2ms
[122.157s][info][gc,phases   ] GC(33)   Evacuate Collection Set: 8.5ms
[122.157s][info][gc,phases   ] GC(33)   Post Evacuate Collection Set: 1.0ms
[122.157s][info][gc,phases   ] GC(33)   Other: 0.2ms
[122.157s][info][gc,heap     ] GC(33) Eden regions: 1210->0(1210)
[122.157s][info][gc,heap     ] GC(33) Survivor regions: 18->18(154)
[122.157s][info][gc,heap     ] GC(33) Old regions: 50->50
[122.157s][info][gc,heap     ] GC(33) Archive regions: 2->2
[122.157s][info][gc,heap     ] GC(33) Humongous regions: 0->0
[122.157s][info][gc,metaspace] GC(33) Metaspace: 790K(896K)->790K(896K) NonClass: 736K(768K)->736K(768K) Class: 53K(128K)->53K(128K)
[122.157s][info][gc          ] GC(33) Pause Young (Normal) (G1 Evacuation Pause) 5114M->275M(8192M) 10.239ms
[122.157s][info][gc,cpu      ] GC(33) User=0.11s Sys=0.00s Real=0.01s
[126.868s][info][gc,start    ] GC(34) Pause Young (Normal) (G1 Evacuation Pause)
[126.882s][info][gc,task     ] GC(34) Using 13 workers of 13 for evacuation
[126.892s][info][gc,phases   ] GC(34)   Pre Evacuate Collection Set: 0.2ms
[126.892s][info][gc,phases   ] GC(34)   Merge Heap Roots: 0.3ms
[126.892s][info][gc,phases   ] GC(34)   Evacuate Collection Set: 8.8ms
[126.892s][info][gc,phases   ] GC(34)   Post Evacuate Collection Set: 1.0ms
[126.892s][info][gc,phases   ] GC(34)   Other: 14.2ms
[126.892s][info][gc,heap     ] GC(34) Eden regions: 1210->0(1209)
[126.892s][info][gc,heap     ] GC(34) Survivor regions: 18->19(154)
[126.892s][info][gc,heap     ] GC(34) Old regions: 50->50
[126.892s][info][gc,heap     ] GC(34) Archive regions: 2->2
[126.892s][info][gc,heap     ] GC(34) Humongous regions: 0->0
[126.892s][info][gc,metaspace] GC(34) Metaspace: 790K(896K)->790K(896K) NonClass: 736K(768K)->736K(768K) Class: 53K(128K)->53K(128K)
[126.892s][info][gc          ] GC(34) Pause Young (Normal) (G1 Evacuation Pause) 5115M->278M(8192M) 24.688ms
[126.892s][info][gc,cpu      ] GC(34) User=0.13s Sys=0.00s Real=0.03s
[131.586s][info][gc,start    ] GC(35) Pause Young (Normal) (G1 Evacuation Pause)
[131.586s][info][gc,task     ] GC(35) Using 13 workers of 13 for evacuation
[131.596s][info][gc,phases   ] GC(35)   Pre Evacuate Collection Set: 0.1ms
[131.596s][info][gc,phases   ] GC(35)   Merge Heap Roots: 0.1ms
[131.596s][info][gc,phases   ] GC(35)   Evacuate Collection Set: 8.3ms
[131.596s][info][gc,phases   ] GC(35)   Post Evacuate Collection Set: 1.0ms
[131.596s][info][gc,phases   ] GC(35)   Other: 0.2ms
[131.596s][info][gc,heap     ] GC(35) Eden regions: 1209->0(1210)
[131.596s][info][gc,heap     ] GC(35) Survivor regions: 19->18(154)
[131.596s][info][gc,heap     ] GC(35) Old regions: 50->50
[131.596s][info][gc,heap     ] GC(35) Archive regions: 2->2
[131.596s][info][gc,heap     ] GC(35) Humongous regions: 0->0
[131.596s][info][gc,metaspace] GC(35) Metaspace: 790K(896K)->790K(896K) NonClass: 736K(768K)->736K(768K) Class: 53K(128K)->53K(128K)
[131.596s][info][gc          ] GC(35) Pause Young (Normal) (G1 Evacuation Pause) 5114M->274M(8192M) 9.829ms
[131.596s][info][gc,cpu      ] GC(35) User=0.12s Sys=0.00s Real=0.01s
[136.307s][info][gc,start    ] GC(36) Pause Young (Normal) (G1 Evacuation Pause)
[136.307s][info][gc,task     ] GC(36) Using 13 workers of 13 for evacuation
[136.318s][info][gc,phases   ] GC(36)   Pre Evacuate Collection Set: 0.2ms
[136.318s][info][gc,phases   ] GC(36)   Merge Heap Roots: 0.2ms
[136.318s][info][gc,phases   ] GC(36)   Evacuate Collection Set: 8.8ms
[136.318s][info][gc,phases   ] GC(36)   Post Evacuate Collection Set: 1.0ms
[136.318s][info][gc,phases   ] GC(36)   Other: 0.3ms
[136.318s][info][gc,heap     ] GC(36) Eden regions: 1210->0(1210)
[136.318s][info][gc,heap     ] GC(36) Survivor regions: 18->18(154)
[136.318s][info][gc,heap     ] GC(36) Old regions: 50->51
[136.318s][info][gc,heap     ] GC(36) Archive regions: 2->2
[136.318s][info][gc,heap     ] GC(36) Humongous regions: 0->0
[136.318s][info][gc,metaspace] GC(36) Metaspace: 790K(896K)->790K(896K) NonClass: 736K(768K)->736K(768K) Class: 53K(128K)->53K(128K)
[136.318s][info][gc          ] GC(36) Pause Young (Normal) (G1 Evacuation Pause) 5114M->276M(8192M) 10.586ms
[136.318s][info][gc,cpu      ] GC(36) User=0.11s Sys=0.01s Real=0.01s
[141.027s][info][gc,start    ] GC(37) Pause Young (Normal) (G1 Evacuation Pause)
[141.027s][info][gc,task     ] GC(37) Using 13 workers of 13 for evacuation
[141.036s][info][gc,phases   ] GC(37)   Pre Evacuate Collection Set: 0.1ms
[141.037s][info][gc,phases   ] GC(37)   Merge Heap Roots: 0.2ms
[141.037s][info][gc,phases   ] GC(37)   Evacuate Collection Set: 7.8ms
[141.037s][info][gc,phases   ] GC(37)   Post Evacuate Collection Set: 1.2ms
[141.037s][info][gc,phases   ] GC(37)   Other: 0.2ms
[141.037s][info][gc,heap     ] GC(37) Eden regions: 1210->0(1210)
[141.037s][info][gc,heap     ] GC(37) Survivor regions: 18->18(154)
[141.037s][info][gc,heap     ] GC(37) Old regions: 51->51
[141.037s][info][gc,heap     ] GC(37) Archive regions: 2->2
[141.037s][info][gc,heap     ] GC(37) Humongous regions: 0->0
[141.037s][info][gc,metaspace] GC(37) Metaspace: 790K(896K)->790K(896K) NonClass: 736K(768K)->736K(768K) Class: 53K(128K)->53K(128K)
[141.037s][info][gc          ] GC(37) Pause Young (Normal) (G1 Evacuation Pause) 5116M->275M(8192M) 9.673ms
[141.037s][info][gc,cpu      ] GC(37) User=0.11s Sys=0.01s Real=0.01s
[145.747s][info][gc,start    ] GC(38) Pause Young (Normal) (G1 Evacuation Pause)
[145.747s][info][gc,task     ] GC(38) Using 13 workers of 13 for evacuation
[145.756s][info][gc,phases   ] GC(38)   Pre Evacuate Collection Set: 0.1ms
[145.756s][info][gc,phases   ] GC(38)   Merge Heap Roots: 0.1ms
[145.756s][info][gc,phases   ] GC(38)   Evacuate Collection Set: 7.8ms
[145.756s][info][gc,phases   ] GC(38)   Post Evacuate Collection Set: 1.0ms
[145.756s][info][gc,phases   ] GC(38)   Other: 0.2ms
[145.756s][info][gc,heap     ] GC(38) Eden regions: 1210->0(1210)
[145.756s][info][gc,heap     ] GC(38) Survivor regions: 18->18(154)
[145.756s][info][gc,heap     ] GC(38) Old regions: 51->51
[145.756s][info][gc,heap     ] GC(38) Archive regions: 2->2
[145.756s][info][gc,heap     ] GC(38) Humongous regions: 0->0
[145.756s][info][gc,metaspace] GC(38) Metaspace: 790K(896K)->790K(896K) NonClass: 736K(768K)->736K(768K) Class: 53K(128K)->53K(128K)
[145.756s][info][gc          ] GC(38) Pause Young (Normal) (G1 Evacuation Pause) 5115M->274M(8192M) 9.377ms
[145.756s][info][gc,cpu      ] GC(38) User=0.11s Sys=0.01s Real=0.01s
[150.467s][info][gc,start    ] GC(39) Pause Young (Normal) (G1 Evacuation Pause)
[150.467s][info][gc,task     ] GC(39) Using 13 workers of 13 for evacuation
[150.476s][info][gc,phases   ] GC(39)   Pre Evacuate Collection Set: 0.1ms
[150.476s][info][gc,phases   ] GC(39)   Merge Heap Roots: 0.1ms
[150.476s][info][gc,phases   ] GC(39)   Evacuate Collection Set: 8.1ms
[150.476s][info][gc,phases   ] GC(39)   Post Evacuate Collection Set: 1.1ms
[150.476s][info][gc,phases   ] GC(39)   Other: 0.2ms
[150.476s][info][gc,heap     ] GC(39) Eden regions: 1210->0(1210)
[150.476s][info][gc,heap     ] GC(39) Survivor regions: 18->18(154)
[150.476s][info][gc,heap     ] GC(39) Old regions: 51->51
[150.476s][info][gc,heap     ] GC(39) Archive regions: 2->2
[150.476s][info][gc,heap     ] GC(39) Humongous regions: 0->0
[150.476s][info][gc,metaspace] GC(39) Metaspace: 790K(896K)->790K(896K) NonClass: 736K(768K)->736K(768K) Class: 53K(128K)->53K(128K)
[150.476s][info][gc          ] GC(39) Pause Young (Normal) (G1 Evacuation Pause) 5114M->275M(8192M) 9.746ms
[150.477s][info][gc,cpu      ] GC(39) User=0.11s Sys=0.00s Real=0.01s
[155.188s][info][gc,start    ] GC(40) Pause Young (Normal) (G1 Evacuation Pause)
[155.188s][info][gc,task     ] GC(40) Using 13 workers of 13 for evacuation
[155.197s][info][gc,phases   ] GC(40)   Pre Evacuate Collection Set: 0.1ms
[155.197s][info][gc,phases   ] GC(40)   Merge Heap Roots: 0.2ms
[155.197s][info][gc,phases   ] GC(40)   Evacuate Collection Set: 7.8ms
[155.197s][info][gc,phases   ] GC(40)   Post Evacuate Collection Set: 1.0ms
[155.197s][info][gc,phases   ] GC(40)   Other: 0.2ms
[155.197s][info][gc,heap     ] GC(40) Eden regions: 1210->0(1210)
[155.198s][info][gc,heap     ] GC(40) Survivor regions: 18->18(154)
[155.198s][info][gc,heap     ] GC(40) Old regions: 51->51
[155.198s][info][gc,heap     ] GC(40) Archive regions: 2->2
[155.198s][info][gc,heap     ] GC(40) Humongous regions: 0->0
[155.198s][info][gc,metaspace] GC(40) Metaspace: 790K(896K)->790K(896K) NonClass: 736K(768K)->736K(768K) Class: 53K(128K)->53K(128K)
[155.198s][info][gc          ] GC(40) Pause Young (Normal) (G1 Evacuation Pause) 5115M->276M(8192M) 9.436ms
[155.198s][info][gc,cpu      ] GC(40) User=0.11s Sys=0.00s Real=0.01s
[159.917s][info][gc,start    ] GC(41) Pause Young (Normal) (G1 Evacuation Pause)
[159.917s][info][gc,task     ] GC(41) Using 13 workers of 13 for evacuation
[159.927s][info][gc,phases   ] GC(41)   Pre Evacuate Collection Set: 0.2ms
[159.927s][info][gc,phases   ] GC(41)   Merge Heap Roots: 0.3ms
[159.927s][info][gc,phases   ] GC(41)   Evacuate Collection Set: 8.0ms
[159.927s][info][gc,phases   ] GC(41)   Post Evacuate Collection Set: 1.1ms
[159.927s][info][gc,phases   ] GC(41)   Other: 0.3ms
[159.927s][info][gc,heap     ] GC(41) Eden regions: 1210->0(1209)
[159.927s][info][gc,heap     ] GC(41) Survivor regions: 18->19(154)
[159.927s][info][gc,heap     ] GC(41) Old regions: 51->51
[159.927s][info][gc,heap     ] GC(41) Archive regions: 2->2
[159.927s][info][gc,heap     ] GC(41) Humongous regions: 0->0
[159.927s][info][gc,metaspace] GC(41) Metaspace: 790K(896K)->790K(896K) NonClass: 736K(768K)->736K(768K) Class: 53K(128K)->53K(128K)
[159.927s][info][gc          ] GC(41) Pause Young (Normal) (G1 Evacuation Pause) 5116M->277M(8192M) 9.994ms
[159.927s][info][gc,cpu      ] GC(41) User=0.11s Sys=0.00s Real=0.01s
[164.628s][info][gc,start    ] GC(42) Pause Young (Normal) (G1 Evacuation Pause)
[164.628s][info][gc,task     ] GC(42) Using 13 workers of 13 for evacuation
[164.637s][info][gc,phases   ] GC(42)   Pre Evacuate Collection Set: 0.1ms
[164.637s][info][gc,phases   ] GC(42)   Merge Heap Roots: 0.2ms
[164.637s][info][gc,phases   ] GC(42)   Evacuate Collection Set: 8.1ms
[164.637s][info][gc,phases   ] GC(42)   Post Evacuate Collection Set: 1.1ms
[164.637s][info][gc,phases   ] GC(42)   Other: 0.2ms
[164.637s][info][gc,heap     ] GC(42) Eden regions: 1209->0(1210)
[164.637s][info][gc,heap     ] GC(42) Survivor regions: 19->18(154)
[164.637s][info][gc,heap     ] GC(42) Old regions: 51->51
[164.637s][info][gc,heap     ] GC(42) Archive regions: 2->2
[164.637s][info][gc,heap     ] GC(42) Humongous regions: 0->0
[164.637s][info][gc,metaspace] GC(42) Metaspace: 790K(896K)->790K(896K) NonClass: 736K(768K)->736K(768K) Class: 53K(128K)->53K(128K)
[164.637s][info][gc          ] GC(42) Pause Young (Normal) (G1 Evacuation Pause) 5113M->275M(8192M) 9.885ms
[164.637s][info][gc,cpu      ] GC(42) User=0.11s Sys=0.00s Real=0.01s
[169.356s][info][gc,start    ] GC(43) Pause Young (Normal) (G1 Evacuation Pause)
[169.356s][info][gc,task     ] GC(43) Using 13 workers of 13 for evacuation
[169.365s][info][gc,phases   ] GC(43)   Pre Evacuate Collection Set: 0.2ms
[169.365s][info][gc,phases   ] GC(43)   Merge Heap Roots: 0.3ms
[169.365s][info][gc,phases   ] GC(43)   Evacuate Collection Set: 7.7ms
[169.365s][info][gc,phases   ] GC(43)   Post Evacuate Collection Set: 1.1ms
[169.365s][info][gc,phases   ] GC(43)   Other: 0.3ms
[169.365s][info][gc,heap     ] GC(43) Eden regions: 1210->0(1210)
[169.365s][info][gc,heap     ] GC(43) Survivor regions: 18->18(154)
[169.365s][info][gc,heap     ] GC(43) Old regions: 51->51
[169.365s][info][gc,heap     ] GC(43) Archive regions: 2->2
[169.365s][info][gc,heap     ] GC(43) Humongous regions: 0->0
[169.365s][info][gc,metaspace] GC(43) Metaspace: 790K(896K)->790K(896K) NonClass: 736K(768K)->736K(768K) Class: 53K(128K)->53K(128K)
[169.365s][info][gc          ] GC(43) Pause Young (Normal) (G1 Evacuation Pause) 5115M->276M(8192M) 9.650ms
[169.365s][info][gc,cpu      ] GC(43) User=0.11s Sys=0.00s Real=0.01s
[174.078s][info][gc,start    ] GC(44) Pause Young (Normal) (G1 Evacuation Pause)
[174.078s][info][gc,task     ] GC(44) Using 13 workers of 13 for evacuation
[174.087s][info][gc,phases   ] GC(44)   Pre Evacuate Collection Set: 0.2ms
[174.088s][info][gc,phases   ] GC(44)   Merge Heap Roots: 0.3ms
[174.088s][info][gc,phases   ] GC(44)   Evacuate Collection Set: 8.1ms
[174.088s][info][gc,phases   ] GC(44)   Post Evacuate Collection Set: 1.1ms
[174.088s][info][gc,phases   ] GC(44)   Other: 0.2ms
[174.088s][info][gc,heap     ] GC(44) Eden regions: 1210->0(1210)
[174.088s][info][gc,heap     ] GC(44) Survivor regions: 18->18(154)
[174.088s][info][gc,heap     ] GC(44) Old regions: 51->51
[174.088s][info][gc,heap     ] GC(44) Archive regions: 2->2
[174.088s][info][gc,heap     ] GC(44) Humongous regions: 0->0
[174.088s][info][gc,metaspace] GC(44) Metaspace: 790K(896K)->790K(896K) NonClass: 736K(768K)->736K(768K) Class: 53K(128K)->53K(128K)
[174.088s][info][gc          ] GC(44) Pause Young (Normal) (G1 Evacuation Pause) 5116M->275M(8192M) 9.950ms
[174.088s][info][gc,cpu      ] GC(44) User=0.11s Sys=0.01s Real=0.01s
[178.798s][info][gc,start    ] GC(45) Pause Young (Normal) (G1 Evacuation Pause)
[178.798s][info][gc,task     ] GC(45) Using 13 workers of 13 for evacuation
[178.807s][info][gc,phases   ] GC(45)   Pre Evacuate Collection Set: 0.1ms
[178.807s][info][gc,phases   ] GC(45)   Merge Heap Roots: 0.2ms
[178.807s][info][gc,phases   ] GC(45)   Evacuate Collection Set: 8.0ms
[178.807s][info][gc,phases   ] GC(45)   Post Evacuate Collection Set: 1.0ms
[178.807s][info][gc,phases   ] GC(45)   Other: 0.2ms
[178.807s][info][gc,heap     ] GC(45) Eden regions: 1210->0(1209)
[178.807s][info][gc,heap     ] GC(45) Survivor regions: 18->19(154)
[178.807s][info][gc,heap     ] GC(45) Old regions: 51->51
[178.807s][info][gc,heap     ] GC(45) Archive regions: 2->2
[178.807s][info][gc,heap     ] GC(45) Humongous regions: 0->0
[178.807s][info][gc,metaspace] GC(45) Metaspace: 790K(896K)->790K(896K) NonClass: 736K(768K)->736K(768K) Class: 53K(128K)->53K(128K)
[178.807s][info][gc          ] GC(45) Pause Young (Normal) (G1 Evacuation Pause) 5115M->277M(8192M) 9.645ms
[178.807s][info][gc,cpu      ] GC(45) User=0.11s Sys=0.01s Real=0.00s
[183.516s][info][gc,start    ] GC(46) Pause Young (Normal) (G1 Evacuation Pause)
[183.516s][info][gc,task     ] GC(46) Using 13 workers of 13 for evacuation
[183.527s][info][gc,phases   ] GC(46)   Pre Evacuate Collection Set: 0.1ms
[183.527s][info][gc,phases   ] GC(46)   Merge Heap Roots: 0.2ms
[183.527s][info][gc,phases   ] GC(46)   Evacuate Collection Set: 8.9ms
[183.527s][info][gc,phases   ] GC(46)   Post Evacuate Collection Set: 1.1ms
[183.527s][info][gc,phases   ] GC(46)   Other: 0.2ms
[183.527s][info][gc,heap     ] GC(46) Eden regions: 1209->0(1210)
[183.527s][info][gc,heap     ] GC(46) Survivor regions: 19->18(154)
[183.527s][info][gc,heap     ] GC(46) Old regions: 51->51
[183.527s][info][gc,heap     ] GC(46) Archive regions: 2->2
[183.527s][info][gc,heap     ] GC(46) Humongous regions: 0->0
[183.527s][info][gc,metaspace] GC(46) Metaspace: 790K(896K)->790K(896K) NonClass: 736K(768K)->736K(768K) Class: 53K(128K)->53K(128K)
[183.527s][info][gc          ] GC(46) Pause Young (Normal) (G1 Evacuation Pause) 5113M->276M(8192M) 10.653ms
[183.527s][info][gc,cpu      ] GC(46) User=0.13s Sys=0.01s Real=0.01s
[188.238s][info][gc,start    ] GC(47) Pause Young (Normal) (G1 Evacuation Pause)
[188.238s][info][gc,task     ] GC(47) Using 13 workers of 13 for evacuation
[188.248s][info][gc,phases   ] GC(47)   Pre Evacuate Collection Set: 0.2ms
[188.248s][info][gc,phases   ] GC(47)   Merge Heap Roots: 0.3ms
[188.248s][info][gc,phases   ] GC(47)   Evacuate Collection Set: 8.4ms
[188.248s][info][gc,phases   ] GC(47)   Post Evacuate Collection Set: 1.0ms
[188.248s][info][gc,phases   ] GC(47)   Other: 0.3ms
[188.248s][info][gc,heap     ] GC(47) Eden regions: 1210->0(1210)
[188.248s][info][gc,heap     ] GC(47) Survivor regions: 18->18(154)
[188.248s][info][gc,heap     ] GC(47) Old regions: 51->51
[188.248s][info][gc,heap     ] GC(47) Archive regions: 2->2
[188.248s][info][gc,heap     ] GC(47) Humongous regions: 0->0
[188.248s][info][gc,metaspace] GC(47) Metaspace: 790K(896K)->790K(896K) NonClass: 736K(768K)->736K(768K) Class: 53K(128K)->53K(128K)
[188.248s][info][gc          ] GC(47) Pause Young (Normal) (G1 Evacuation Pause) 5116M->276M(8192M) 10.267ms
[188.248s][info][gc,cpu      ] GC(47) User=0.11s Sys=0.00s Real=0.01s
[192.966s][info][gc,start    ] GC(48) Pause Young (Normal) (G1 Evacuation Pause)
[192.966s][info][gc,task     ] GC(48) Using 13 workers of 13 for evacuation
[192.976s][info][gc,phases   ] GC(48)   Pre Evacuate Collection Set: 0.2ms
[192.976s][info][gc,phases   ] GC(48)   Merge Heap Roots: 0.2ms
[192.976s][info][gc,phases   ] GC(48)   Evacuate Collection Set: 7.9ms
[192.976s][info][gc,phases   ] GC(48)   Post Evacuate Collection Set: 1.0ms
[192.976s][info][gc,phases   ] GC(48)   Other: 0.3ms
[192.976s][info][gc,heap     ] GC(48) Eden regions: 1210->0(1209)
[192.976s][info][gc,heap     ] GC(48) Survivor regions: 18->19(154)
[192.976s][info][gc,heap     ] GC(48) Old regions: 51->51
[192.976s][info][gc,heap     ] GC(48) Archive regions: 2->2
[192.976s][info][gc,heap     ] GC(48) Humongous regions: 0->0
[192.976s][info][gc,metaspace] GC(48) Metaspace: 790K(896K)->790K(896K) NonClass: 736K(768K)->736K(768K) Class: 53K(128K)->53K(128K)
[192.976s][info][gc          ] GC(48) Pause Young (Normal) (G1 Evacuation Pause) 5116M->280M(8192M) 9.786ms
[192.976s][info][gc,cpu      ] GC(48) User=0.11s Sys=0.00s Real=0.01s
[197.676s][info][gc,start    ] GC(49) Pause Young (Normal) (G1 Evacuation Pause)
[197.676s][info][gc,task     ] GC(49) Using 13 workers of 13 for evacuation
[197.686s][info][gc,phases   ] GC(49)   Pre Evacuate Collection Set: 0.1ms
[197.686s][info][gc,phases   ] GC(49)   Merge Heap Roots: 0.1ms
[197.687s][info][gc,phases   ] GC(49)   Evacuate Collection Set: 8.8ms
[197.687s][info][gc,phases   ] GC(49)   Post Evacuate Collection Set: 1.1ms
[197.687s][info][gc,phases   ] GC(49)   Other: 0.2ms
[197.687s][info][gc,heap     ] GC(49) Eden regions: 1209->0(1209)
[197.687s][info][gc,heap     ] GC(49) Survivor regions: 19->19(154)
[197.687s][info][gc,heap     ] GC(49) Old regions: 51->51
[197.687s][info][gc,heap     ] GC(49) Archive regions: 2->2
[197.687s][info][gc,heap     ] GC(49) Humongous regions: 0->0
[197.687s][info][gc,metaspace] GC(49) Metaspace: 790K(896K)->790K(896K) NonClass: 736K(768K)->736K(768K) Class: 53K(128K)->53K(128K)
[197.687s][info][gc          ] GC(49) Pause Young (Normal) (G1 Evacuation Pause) 5116M->280M(8192M) 10.364ms
[197.687s][info][gc,cpu      ] GC(49) User=0.10s Sys=0.01s Real=0.01s
[202.396s][info][gc,start    ] GC(50) Pause Young (Normal) (G1 Evacuation Pause)
[202.397s][info][gc,task     ] GC(50) Using 13 workers of 13 for evacuation
[202.406s][info][gc,phases   ] GC(50)   Pre Evacuate Collection Set: 0.2ms
[202.406s][info][gc,phases   ] GC(50)   Merge Heap Roots: 0.2ms
[202.406s][info][gc,phases   ] GC(50)   Evacuate Collection Set: 7.8ms
[202.406s][info][gc,phases   ] GC(50)   Post Evacuate Collection Set: 1.0ms
[202.406s][info][gc,phases   ] GC(50)   Other: 0.3ms
[202.406s][info][gc,heap     ] GC(50) Eden regions: 1209->0(1210)
[202.406s][info][gc,heap     ] GC(50) Survivor regions: 19->18(154)
[202.406s][info][gc,heap     ] GC(50) Old regions: 51->51
[202.406s][info][gc,heap     ] GC(50) Archive regions: 2->2
[202.406s][info][gc,heap     ] GC(50) Humongous regions: 0->0
[202.406s][info][gc,metaspace] GC(50) Metaspace: 790K(896K)->790K(896K) NonClass: 736K(768K)->736K(768K) Class: 53K(128K)->53K(128K)
[202.406s][info][gc          ] GC(50) Pause Young (Normal) (G1 Evacuation Pause) 5116M->277M(8192M) 9.673ms
[202.406s][info][gc,cpu      ] GC(50) User=0.11s Sys=0.00s Real=0.01s
[207.117s][info][gc,start    ] GC(51) Pause Young (Normal) (G1 Evacuation Pause)
[207.117s][info][gc,task     ] GC(51) Using 13 workers of 13 for evacuation
[207.127s][info][gc,phases   ] GC(51)   Pre Evacuate Collection Set: 0.2ms
[207.127s][info][gc,phases   ] GC(51)   Merge Heap Roots: 0.2ms
[207.127s][info][gc,phases   ] GC(51)   Evacuate Collection Set: 7.7ms
[207.127s][info][gc,phases   ] GC(51)   Post Evacuate Collection Set: 1.0ms
[207.127s][info][gc,phases   ] GC(51)   Other: 0.2ms
[207.127s][info][gc,heap     ] GC(51) Eden regions: 1210->0(1209)
[207.127s][info][gc,heap     ] GC(51) Survivor regions: 18->19(154)
[207.127s][info][gc,heap     ] GC(51) Old regions: 51->51
[207.127s][info][gc,heap     ] GC(51) Archive regions: 2->2
[207.127s][info][gc,heap     ] GC(51) Humongous regions: 0->0
[207.127s][info][gc,metaspace] GC(51) Metaspace: 790K(896K)->790K(896K) NonClass: 736K(768K)->736K(768K) Class: 53K(128K)->53K(128K)
[207.127s][info][gc          ] GC(51) Pause Young (Normal) (G1 Evacuation Pause) 5117M->279M(8192M) 9.531ms
[207.127s][info][gc,cpu      ] GC(51) User=0.11s Sys=0.00s Real=0.01s
[211.836s][info][gc,start    ] GC(52) Pause Young (Normal) (G1 Evacuation Pause)
[211.836s][info][gc,task     ] GC(52) Using 13 workers of 13 for evacuation
[211.845s][info][gc,phases   ] GC(52)   Pre Evacuate Collection Set: 0.2ms
[211.845s][info][gc,phases   ] GC(52)   Merge Heap Roots: 0.2ms
[211.846s][info][gc,phases   ] GC(52)   Evacuate Collection Set: 8.0ms
[211.846s][info][gc,phases   ] GC(52)   Post Evacuate Collection Set: 1.1ms
[211.846s][info][gc,phases   ] GC(52)   Other: 0.2ms
[211.846s][info][gc,heap     ] GC(52) Eden regions: 1209->0(1209)
[211.846s][info][gc,heap     ] GC(52) Survivor regions: 19->19(154)
[211.846s][info][gc,heap     ] GC(52) Old regions: 51->51
[211.846s][info][gc,heap     ] GC(52) Archive regions: 2->2
[211.846s][info][gc,heap     ] GC(52) Humongous regions: 0->0
[211.846s][info][gc,metaspace] GC(52) Metaspace: 790K(896K)->790K(896K) NonClass: 736K(768K)->736K(768K) Class: 53K(128K)->53K(128K)
[211.846s][info][gc          ] GC(52) Pause Young (Normal) (G1 Evacuation Pause) 5115M->279M(8192M) 9.813ms
[211.846s][info][gc,cpu      ] GC(52) User=0.11s Sys=0.01s Real=0.01s
[216.548s][info][gc,start    ] GC(53) Pause Young (Normal) (G1 Evacuation Pause)
[216.548s][info][gc,task     ] GC(53) Using 13 workers of 13 for evacuation
[216.557s][info][gc,phases   ] GC(53)   Pre Evacuate Collection Set: 0.2ms
[216.557s][info][gc,phases   ] GC(53)   Merge Heap Roots: 0.2ms
[216.557s][info][gc,phases   ] GC(53)   Evacuate Collection Set: 7.8ms
[216.557s][info][gc,phases   ] GC(53)   Post Evacuate Collection Set: 1.0ms
[216.557s][info][gc,phases   ] GC(53)   Other: 0.2ms
[216.557s][info][gc,heap     ] GC(53) Eden regions: 1209->0(1209)
[216.557s][info][gc,heap     ] GC(53) Survivor regions: 19->19(154)
[216.557s][info][gc,heap     ] GC(53) Old regions: 51->51
[216.557s][info][gc,heap     ] GC(53) Archive regions: 2->2
[216.557s][info][gc,heap     ] GC(53) Humongous regions: 0->0
[216.557s][info][gc,metaspace] GC(53) Metaspace: 790K(896K)->790K(896K) NonClass: 736K(768K)->736K(768K) Class: 53K(128K)->53K(128K)
[216.557s][info][gc          ] GC(53) Pause Young (Normal) (G1 Evacuation Pause) 5115M->279M(8192M) 9.585ms
[216.557s][info][gc,cpu      ] GC(53) User=0.11s Sys=0.00s Real=0.01s
[221.267s][info][gc,start    ] GC(54) Pause Young (Normal) (G1 Evacuation Pause)
[221.267s][info][gc,task     ] GC(54) Using 13 workers of 13 for evacuation
[221.276s][info][gc,phases   ] GC(54)   Pre Evacuate Collection Set: 0.1ms
[221.276s][info][gc,phases   ] GC(54)   Merge Heap Roots: 0.2ms
[221.276s][info][gc,phases   ] GC(54)   Evacuate Collection Set: 8.0ms
[221.276s][info][gc,phases   ] GC(54)   Post Evacuate Collection Set: 1.0ms
[221.276s][info][gc,phases   ] GC(54)   Other: 0.2ms
[221.276s][info][gc,heap     ] GC(54) Eden regions: 1209->0(1210)
[221.276s][info][gc,heap     ] GC(54) Survivor regions: 19->18(154)
[221.276s][info][gc,heap     ] GC(54) Old regions: 51->51
[221.276s][info][gc,heap     ] GC(54) Archive regions: 2->2
[221.276s][info][gc,heap     ] GC(54) Humongous regions: 0->0
[221.276s][info][gc,metaspace] GC(54) Metaspace: 790K(896K)->790K(896K) NonClass: 736K(768K)->736K(768K) Class: 53K(128K)->53K(128K)
[221.276s][info][gc          ] GC(54) Pause Young (Normal) (G1 Evacuation Pause) 5115M->278M(8192M) 9.715ms
[221.276s][info][gc,cpu      ] GC(54) User=0.11s Sys=0.00s Real=0.01s
[225.988s][info][gc,start    ] GC(55) Pause Young (Normal) (G1 Evacuation Pause)
[225.988s][info][gc,task     ] GC(55) Using 13 workers of 13 for evacuation
[225.998s][info][gc,phases   ] GC(55)   Pre Evacuate Collection Set: 0.1ms
[225.998s][info][gc,phases   ] GC(55)   Merge Heap Roots: 0.2ms
[225.998s][info][gc,phases   ] GC(55)   Evacuate Collection Set: 8.3ms
[225.998s][info][gc,phases   ] GC(55)   Post Evacuate Collection Set: 1.1ms
[225.998s][info][gc,phases   ] GC(55)   Other: 0.2ms
[225.998s][info][gc,heap     ] GC(55) Eden regions: 1210->0(1209)
[225.998s][info][gc,heap     ] GC(55) Survivor regions: 18->19(154)
[225.998s][info][gc,heap     ] GC(55) Old regions: 51->51
[225.998s][info][gc,heap     ] GC(55) Archive regions: 2->2
[225.998s][info][gc,heap     ] GC(55) Humongous regions: 0->0
[225.998s][info][gc,metaspace] GC(55) Metaspace: 790K(896K)->790K(896K) NonClass: 736K(768K)->736K(768K) Class: 53K(128K)->53K(128K)
[225.998s][info][gc          ] GC(55) Pause Young (Normal) (G1 Evacuation Pause) 5118M->279M(8192M) 10.094ms
[225.998s][info][gc,cpu      ] GC(55) User=0.11s Sys=0.01s Real=0.01s
[230.706s][info][gc,start    ] GC(56) Pause Young (Normal) (G1 Evacuation Pause)
[230.706s][info][gc,task     ] GC(56) Using 13 workers of 13 for evacuation
[230.715s][info][gc,phases   ] GC(56)   Pre Evacuate Collection Set: 0.1ms
[230.715s][info][gc,phases   ] GC(56)   Merge Heap Roots: 0.2ms
[230.715s][info][gc,phases   ] GC(56)   Evacuate Collection Set: 7.8ms
[230.715s][info][gc,phases   ] GC(56)   Post Evacuate Collection Set: 1.1ms
[230.715s][info][gc,phases   ] GC(56)   Other: 0.2ms
[230.715s][info][gc,heap     ] GC(56) Eden regions: 1209->0(1210)
[230.715s][info][gc,heap     ] GC(56) Survivor regions: 19->18(154)
[230.715s][info][gc,heap     ] GC(56) Old regions: 51->51
[230.715s][info][gc,heap     ] GC(56) Archive regions: 2->2
[230.715s][info][gc,heap     ] GC(56) Humongous regions: 0->0
[230.715s][info][gc,metaspace] GC(56) Metaspace: 790K(896K)->790K(896K) NonClass: 736K(768K)->736K(768K) Class: 53K(128K)->53K(128K)
[230.715s][info][gc          ] GC(56) Pause Young (Normal) (G1 Evacuation Pause) 5115M->278M(8192M) 9.485ms
[230.715s][info][gc,cpu      ] GC(56) User=0.10s Sys=0.00s Real=0.01s
[235.426s][info][gc,start    ] GC(57) Pause Young (Normal) (G1 Evacuation Pause)
[235.426s][info][gc,task     ] GC(57) Using 13 workers of 13 for evacuation
[235.435s][info][gc,phases   ] GC(57)   Pre Evacuate Collection Set: 0.1ms
[235.435s][info][gc,phases   ] GC(57)   Merge Heap Roots: 0.2ms
[235.435s][info][gc,phases   ] GC(57)   Evacuate Collection Set: 7.7ms
[235.435s][info][gc,phases   ] GC(57)   Post Evacuate Collection Set: 1.0ms
[235.435s][info][gc,phases   ] GC(57)   Other: 0.2ms
[235.435s][info][gc,heap     ] GC(57) Eden regions: 1210->0(1209)
[235.435s][info][gc,heap     ] GC(57) Survivor regions: 18->19(154)
[235.435s][info][gc,heap     ] GC(57) Old regions: 51->51
[235.435s][info][gc,heap     ] GC(57) Archive regions: 2->2
[235.435s][info][gc,heap     ] GC(57) Humongous regions: 0->0
[235.435s][info][gc,metaspace] GC(57) Metaspace: 790K(896K)->790K(896K) NonClass: 736K(768K)->736K(768K) Class: 53K(128K)->53K(128K)
[235.435s][info][gc          ] GC(57) Pause Young (Normal) (G1 Evacuation Pause) 5118M->279M(8192M) 9.347ms
[235.435s][info][gc,cpu      ] GC(57) User=0.10s Sys=0.01s Real=0.00s
[240.137s][info][gc,start    ] GC(58) Pause Young (Normal) (G1 Evacuation Pause)
[240.147s][info][gc,task     ] GC(58) Using 13 workers of 13 for evacuation
[240.157s][info][gc,phases   ] GC(58)   Pre Evacuate Collection Set: 0.2ms
[240.157s][info][gc,phases   ] GC(58)   Merge Heap Roots: 0.3ms
[240.157s][info][gc,phases   ] GC(58)   Evacuate Collection Set: 8.5ms
[240.157s][info][gc,phases   ] GC(58)   Post Evacuate Collection Set: 1.1ms
[240.157s][info][gc,phases   ] GC(58)   Other: 9.8ms
[240.157s][info][gc,heap     ] GC(58) Eden regions: 1209->0(1210)
[240.157s][info][gc,heap     ] GC(58) Survivor regions: 19->18(154)
[240.157s][info][gc,heap     ] GC(58) Old regions: 51->51
[240.157s][info][gc,heap     ] GC(58) Archive regions: 2->2
[240.157s][info][gc,heap     ] GC(58) Humongous regions: 0->0
[240.157s][info][gc,metaspace] GC(58) Metaspace: 790K(896K)->790K(896K) NonClass: 736K(768K)->736K(768K) Class: 53K(128K)->53K(128K)
[240.157s][info][gc          ] GC(58) Pause Young (Normal) (G1 Evacuation Pause) 5115M->278M(8192M) 19.912ms
[240.157s][info][gc,cpu      ] GC(58) User=0.12s Sys=0.00s Real=0.02s
[244.866s][info][gc,start    ] GC(59) Pause Young (Normal) (G1 Evacuation Pause)
[244.866s][info][gc,task     ] GC(59) Using 13 workers of 13 for evacuation
[244.877s][info][gc,phases   ] GC(59)   Pre Evacuate Collection Set: 0.2ms
[244.877s][info][gc,phases   ] GC(59)   Merge Heap Roots: 0.3ms
[244.877s][info][gc,phases   ] GC(59)   Evacuate Collection Set: 9.2ms
[244.877s][info][gc,phases   ] GC(59)   Post Evacuate Collection Set: 1.0ms
[244.877s][info][gc,phases   ] GC(59)   Other: 0.2ms
[244.877s][info][gc,heap     ] GC(59) Eden regions: 1210->0(1209)
[244.877s][info][gc,heap     ] GC(59) Survivor regions: 18->19(154)
[244.877s][info][gc,heap     ] GC(59) Old regions: 51->51
[244.877s][info][gc,heap     ] GC(59) Archive regions: 2->2
[244.877s][info][gc,heap     ] GC(59) Humongous regions: 0->0
[244.877s][info][gc,metaspace] GC(59) Metaspace: 790K(896K)->790K(896K) NonClass: 736K(768K)->736K(768K) Class: 53K(128K)->53K(128K)
[244.877s][info][gc          ] GC(59) Pause Young (Normal) (G1 Evacuation Pause) 5118M->281M(8192M) 11.035ms
[244.877s][info][gc,cpu      ] GC(59) User=0.13s Sys=0.00s Real=0.01s
[249.578s][info][gc,start    ] GC(60) Pause Young (Normal) (G1 Evacuation Pause)
[249.578s][info][gc,task     ] GC(60) Using 13 workers of 13 for evacuation
[249.588s][info][gc,phases   ] GC(60)   Pre Evacuate Collection Set: 0.2ms
[249.588s][info][gc,phases   ] GC(60)   Merge Heap Roots: 0.2ms
[249.588s][info][gc,phases   ] GC(60)   Evacuate Collection Set: 7.9ms
[249.588s][info][gc,phases   ] GC(60)   Post Evacuate Collection Set: 1.0ms
[249.588s][info][gc,phases   ] GC(60)   Other: 0.3ms
[249.588s][info][gc,heap     ] GC(60) Eden regions: 1209->0(1209)
[249.588s][info][gc,heap     ] GC(60) Survivor regions: 19->19(154)
[249.588s][info][gc,heap     ] GC(60) Old regions: 51->51
[249.588s][info][gc,heap     ] GC(60) Archive regions: 2->2
[249.588s][info][gc,heap     ] GC(60) Humongous regions: 0->0
[249.588s][info][gc,metaspace] GC(60) Metaspace: 790K(896K)->790K(896K) NonClass: 736K(768K)->736K(768K) Class: 53K(128K)->53K(128K)
[249.588s][info][gc          ] GC(60) Pause Young (Normal) (G1 Evacuation Pause) 5117M->279M(8192M) 9.727ms
[249.588s][info][gc,cpu      ] GC(60) User=0.11s Sys=0.00s Real=0.01s
[254.297s][info][gc,start    ] GC(61) Pause Young (Normal) (G1 Evacuation Pause)
[254.297s][info][gc,task     ] GC(61) Using 13 workers of 13 for evacuation
[254.306s][info][gc,phases   ] GC(61)   Pre Evacuate Collection Set: 0.1ms
[254.306s][info][gc,phases   ] GC(61)   Merge Heap Roots: 0.2ms
[254.306s][info][gc,phases   ] GC(61)   Evacuate Collection Set: 7.7ms
[254.306s][info][gc,phases   ] GC(61)   Post Evacuate Collection Set: 1.0ms
[254.306s][info][gc,phases   ] GC(61)   Other: 0.2ms
[254.306s][info][gc,heap     ] GC(61) Eden regions: 1209->0(1209)
[254.306s][info][gc,heap     ] GC(61) Survivor regions: 19->19(154)
[254.306s][info][gc,heap     ] GC(61) Old regions: 51->51
[254.306s][info][gc,heap     ] GC(61) Archive regions: 2->2
[254.306s][info][gc,heap     ] GC(61) Humongous regions: 0->0
[254.306s][info][gc,metaspace] GC(61) Metaspace: 790K(896K)->790K(896K) NonClass: 736K(768K)->736K(768K) Class: 53K(128K)->53K(128K)
[254.306s][info][gc          ] GC(61) Pause Young (Normal) (G1 Evacuation Pause) 5115M->281M(8192M) 9.445ms
[254.306s][info][gc,cpu      ] GC(61) User=0.10s Sys=0.00s Real=0.01s
[259.008s][info][gc,start    ] GC(62) Pause Young (Normal) (G1 Evacuation Pause)
[259.008s][info][gc,task     ] GC(62) Using 13 workers of 13 for evacuation
[259.018s][info][gc,phases   ] GC(62)   Pre Evacuate Collection Set: 0.1ms
[259.018s][info][gc,phases   ] GC(62)   Merge Heap Roots: 0.2ms
[259.018s][info][gc,phases   ] GC(62)   Evacuate Collection Set: 8.2ms
[259.018s][info][gc,phases   ] GC(62)   Post Evacuate Collection Set: 1.1ms
[259.018s][info][gc,phases   ] GC(62)   Other: 0.2ms
[259.018s][info][gc,heap     ] GC(62) Eden regions: 1209->0(1210)
[259.018s][info][gc,heap     ] GC(62) Survivor regions: 19->18(154)
[259.018s][info][gc,heap     ] GC(62) Old regions: 51->51
[259.018s][info][gc,heap     ] GC(62) Archive regions: 2->2
[259.018s][info][gc,heap     ] GC(62) Humongous regions: 0->0
[259.018s][info][gc,metaspace] GC(62) Metaspace: 790K(896K)->790K(896K) NonClass: 736K(768K)->736K(768K) Class: 53K(128K)->53K(128K)
[259.018s][info][gc          ] GC(62) Pause Young (Normal) (G1 Evacuation Pause) 5117M->279M(8192M) 9.967ms
[259.018s][info][gc,cpu      ] GC(62) User=0.10s Sys=0.01s Real=0.01s
[260.089s][info][gc,heap,exit] Heap
[260.089s][info][gc,heap,exit]  garbage-first heap   total 8388608K, used 1420777K [0x0000000600000000, 0x0000000800000000)
[260.089s][info][gc,heap,exit]   region size 4096K, 296 young (1212416K), 18 survivors (73728K)
[260.089s][info][gc,heap,exit]  Metaspace       used 810K, committed 960K, reserved 1056768K
[260.089s][info][gc,heap,exit]   class space    used 56K, committed 128K, reserved 1048576K
