[0.020s][info][gc] Min heap equals to max heap, disabling ShenandoahUncommit
[0.053s][info][gc] Using Shenandoah
[0.053s][info][gc] Heuristics ergonomically sets -XX:+ExplicitGCInvokesConcurrent
[0.053s][info][gc] Heuristics ergonomically sets -XX:+ShenandoahImplicitGCInvokesConcurrent
[0.053s][info][gc,ergo] Pacer for Idle. Initial: 163M, Alloc Tax Rate: 1.0x
[0.053s][info][gc,init] Version: 16.0.1+9 (release)
[0.053s][info][gc,init] CPUs: 16 total, 16 available
[0.053s][info][gc,init] Memory: 65536M
[0.053s][info][gc,init] Large Page Support: Disabled
[0.053s][info][gc,init] NUMA Support: Disabled
[0.053s][info][gc,init] Compressed Oops: Enabled (Zero based)
[0.053s][info][gc,init] Heap Min Capacity: 8G
[0.053s][info][gc,init] Heap Initial Capacity: 8G
[0.053s][info][gc,init] Heap Max Capacity: 8G
[0.053s][info][gc,init] Pre-touch: Disabled
[0.053s][info][gc,init] Mode: Snapshot-At-The-Beginning (SATB)
[0.053s][info][gc,init] Heuristics: Adaptive
[0.053s][info][gc,init] Heap Region Count: 2048
[0.053s][info][gc,init] Heap Region Size: 4M
[0.053s][info][gc,init] TLAB Size Max: 4M
[0.053s][info][gc,init] Humongous Object Threshold: 4M
[0.053s][info][gc,init] Parallel Workers: 8
[0.053s][info][gc,init] Concurrent Workers: 4
[0.198s][info][gc,metaspace] CDS archive(s) mapped at: [0x0000000800000000-0x0000000800bee000-0x0000000800bee000), size 12509184, SharedBaseAddress: 0x0000000800000000, ArchiveRelocationMode: 0.
[0.198s][info][gc,metaspace] Compressed class space mapped at: 0x0000000800c00000-0x0000000840c00000, reserved size: 1073741824
[0.198s][info][gc,metaspace] Narrow klass base: 0x0000000800000000, Narrow klass shift: 3, Narrow klass range: 0x100000000
[2.299s][info][gc          ] Trigger: Learning 1 of 5. Free (5728M) is below initial threshold (5734M)
[2.300s][info][gc,ergo     ] Free: 5728M, Max: 4096K regular, 5728M humongous, Frag: 0% external, 0% internal; Reserve: 412M, Max: 4096K
[2.300s][info][gc,start    ] GC(0) Concurrent reset
[2.300s][info][gc,task     ] GC(0) Using 4 of 8 workers for concurrent reset
[2.300s][info][gc,ergo     ] GC(0) Pacer for Reset. Non-Taxable: 8192M
[2.300s][info][gc          ] GC(0) Concurrent reset 0.502ms
[2.300s][info][gc,start    ] GC(0) Pause Init Mark (unload classes)
[2.301s][info][gc,task     ] GC(0) Using 8 of 8 workers for init marking
[2.301s][info][gc,ergo     ] GC(0) Pacer for Mark. Expected Live: 819M, Free: 5728M, Non-Taxable: 572M, Alloc Tax Rate: 0.2x
[2.301s][info][gc          ] GC(0) Pause Init Mark (unload classes) 0.495ms
[2.301s][info][gc,start    ] GC(0) Concurrent marking (unload classes)
[2.301s][info][gc,task     ] GC(0) Using 4 of 8 workers for concurrent marking
[2.314s][info][gc          ] GC(0) Concurrent marking (unload classes) 12.754ms
[2.314s][info][gc,start    ] GC(0) Pause Final Mark (unload classes)
[2.314s][info][gc,task     ] GC(0) Using 8 of 8 workers for final marking
[2.314s][info][gc,ergo     ] GC(0) Adaptive CSet Selection. Target Free: 1160M, Actual Free: 7252M, Max CSet: 341M, Min Garbage: 0B
[2.314s][info][gc,ergo     ] GC(0) Collectable Garbage: 1919M (99%), Immediate: 1128M (58%), CSet: 791M (41%)
[2.314s][info][gc,ergo     ] GC(0) Pacer for Evacuation. Used CSet: 860M, Free: 6840M, Non-Taxable: 684M, Alloc Tax Rate: 1.1x
[2.314s][info][gc          ] GC(0) Pause Final Mark (unload classes) 0.517ms
[2.314s][info][gc,start    ] GC(0) Concurrent weak references
[2.314s][info][gc,task     ] GC(0) Using 4 of 8 workers for concurrent weak references
[2.314s][info][gc,ref      ] GC(0) Encountered references: Soft: 80, Weak: 249, Final: 0, Phantom: 31
[2.314s][info][gc,ref      ] GC(0) Discovered  references: Soft: 0, Weak: 71, Final: 0, Phantom: 31
[2.314s][info][gc,ref      ] GC(0) Enqueued    references: Soft: 0, Weak: 50, Final: 0, Phantom: 26
[2.314s][info][gc          ] GC(0) Concurrent weak references 0.148ms
[2.314s][info][gc,start    ] GC(0) Concurrent weak roots
[2.314s][info][gc,task     ] GC(0) Using 4 of 8 workers for concurrent weak root
[2.315s][info][gc          ] GC(0) Concurrent weak roots 0.212ms
[2.315s][info][gc,start    ] GC(0) Concurrent cleanup
[2.315s][info][gc          ] GC(0) Concurrent cleanup 2068M->940M(8192M) 0.189ms
[2.315s][info][gc,ergo     ] GC(0) Free: 6840M, Max: 4096K regular, 5712M humongous, Frag: 17% external, 0% internal; Reserve: 411M, Max: 4096K
[2.315s][info][gc,start    ] GC(0) Concurrent class unloading
[2.315s][info][gc,task     ] GC(0) Using 4 of 8 workers for concurrent class unloading
[2.315s][info][gc          ] GC(0) Concurrent class unloading 0.295ms
[2.315s][info][gc,start    ] GC(0) Concurrent strong roots
[2.315s][info][gc,task     ] GC(0) Using 4 of 8 workers for concurrent strong root
[2.315s][info][gc          ] GC(0) Concurrent strong roots 0.178ms
[2.315s][info][gc,start    ] GC(0) Concurrent evacuation
[2.315s][info][gc,task     ] GC(0) Using 4 of 8 workers for concurrent evacuation
[2.337s][info][gc          ] GC(0) Concurrent evacuation 21.443ms
[2.337s][info][gc,start    ] GC(0) Pause Init Update Refs
[2.337s][info][gc,ergo     ] GC(0) Pacer for Update Refs. Used: 1052M, Free: 6808M, Non-Taxable: 680M, Alloc Tax Rate: 1.1x
[2.337s][info][gc          ] GC(0) Pause Init Update Refs 0.031ms
[2.337s][info][gc,start    ] GC(0) Concurrent update references
[2.337s][info][gc,task     ] GC(0) Using 4 of 8 workers for concurrent reference update
[2.348s][info][gc          ] GC(0) Concurrent update references 10.616ms
[2.348s][info][gc,start    ] GC(0) Concurrent update thread roots
[2.348s][info][gc          ] GC(0) Concurrent update thread roots 0.367ms
[2.348s][info][gc,start    ] GC(0) Pause Final Update Refs
[2.348s][info][gc,task     ] GC(0) Using 8 of 8 workers for final reference update
[2.348s][info][gc          ] GC(0) Pause Final Update Refs 0.090ms
[2.348s][info][gc,start    ] GC(0) Concurrent cleanup
[2.348s][info][gc          ] GC(0) Concurrent cleanup 1052M->208M(8192M) 0.203ms
[2.349s][info][gc,ergo     ] Free: 7572M, Max: 4096K regular, 5632M humongous, Frag: 26% external, 0% internal; Reserve: 412M, Max: 4096K
[2.349s][info][gc,stats    ] 
[2.349s][info][gc,stats    ] All times are wall-clock times, except per-root-class counters, that are sum over
[2.349s][info][gc,stats    ] all workers. Dividing the <total> over the root stage time estimates parallelism.
[2.349s][info][gc,stats    ] 
[2.349s][info][gc,stats    ] Concurrent Reset                    536 us
[2.349s][info][gc,stats    ] Pause Init Mark (G)                 692 us
[2.349s][info][gc,stats    ] Pause Init Mark (N)                 514 us
[2.349s][info][gc,stats    ]   Manage TLABs                        5 us
[2.349s][info][gc,stats    ]   Update Region States               17 us
[2.349s][info][gc,stats    ]   Scan Roots                        203 us, parallelism: 4.57x
[2.349s][info][gc,stats    ]     S: <total>                      929 us
[2.349s][info][gc,stats    ]     S: Thread Roots                 929 us, workers (us): 189,  86,  99,  95, 117, 116, 114, 113, 
[2.349s][info][gc,stats    ] Concurrent Marking                12802 us
[2.349s][info][gc,stats    ]   Roots                             139 us, parallelism: 1.84x
[2.349s][info][gc,stats    ]     CM: <total>                     255 us
[2.349s][info][gc,stats    ]     CM: VM Strong Roots             138 us, workers (us):  46,  46,  44,   1, ---, ---, ---, ---, 
[2.349s][info][gc,stats    ]     CM: CLDG Roots                  117 us, workers (us):   1, ---, ---, 117, ---, ---, ---, ---, 
[2.349s][info][gc,stats    ] Pause Final Mark (G)                602 us
[2.349s][info][gc,stats    ] Pause Final Mark (N)                530 us
[2.349s][info][gc,stats    ]   Finish Queues                     233 us
[2.349s][info][gc,stats    ]   Update Region States               34 us
[2.349s][info][gc,stats    ]   Manage GC/TLABs                     6 us
[2.349s][info][gc,stats    ]   Choose Collection Set             105 us
[2.349s][info][gc,stats    ]   Rebuild Free Set                   13 us
[2.349s][info][gc,stats    ]   Initial Evacuation                 83 us, parallelism: 1.71x
[2.349s][info][gc,stats    ]     E: <total>                      142 us
[2.349s][info][gc,stats    ]     E: Thread Roots                 142 us, workers (us):  31,  30,  26,  25,  26,   2,   1,   1, 
[2.349s][info][gc,stats    ] Concurrent Weak References          161 us
[2.349s][info][gc,stats    ]   Process                           102 us
[2.349s][info][gc,stats    ] Concurrent Weak Roots               233 us
[2.349s][info][gc,stats    ]   Roots                             148 us, parallelism: 1.26x
[2.349s][info][gc,stats    ]     CWR: <total>                    185 us
[2.349s][info][gc,stats    ]     CWR: VM Weak Roots              183 us, workers (us):  59,  50,  51,  23, ---, ---, ---, ---, 
[2.349s][info][gc,stats    ]     CWR: CLDG Roots                   2 us, workers (us): ---,   2, ---, ---, ---, ---, ---, ---, 
[2.349s][info][gc,stats    ]   Rendezvous                         38 us
[2.349s][info][gc,stats    ] Concurrent Cleanup                  202 us
[2.349s][info][gc,stats    ] Concurrent Class Unloading          312 us
[2.349s][info][gc,stats    ]   Unlink Stale                      228 us
[2.349s][info][gc,stats    ]     System Dictionary                 2 us
[2.349s][info][gc,stats    ]     Weak Class Links                  0 us
[2.349s][info][gc,stats    ]     Code Roots                      225 us
[2.349s][info][gc,stats    ]   Rendezvous                         24 us
[2.349s][info][gc,stats    ]   Purge Unlinked                     23 us
[2.349s][info][gc,stats    ]     Code Roots                       20 us
[2.349s][info][gc,stats    ]     CLDG                              3 us
[2.349s][info][gc,stats    ]     Exception Caches                  0 us
[2.349s][info][gc,stats    ] Concurrent Strong Roots             201 us, parallelism: 0.89x
[2.349s][info][gc,stats    ]   CSR: <total>                      180 us
[2.349s][info][gc,stats    ]   CSR: VM Strong Roots               33 us, workers (us):  11,  10,   1,  10, ---, ---, ---, ---, 
[2.349s][info][gc,stats    ]   CSR: CLDG Roots                   147 us, workers (us): 134, ---,  13, ---, ---, ---, ---, ---, 
[2.349s][info][gc,stats    ] Concurrent Evacuation             21483 us
[2.349s][info][gc,stats    ] Pause Init  Update Refs (G)          92 us
[2.349s][info][gc,stats    ] Pause Init  Update Refs (N)          39 us
[2.349s][info][gc,stats    ]   Manage GCLABs                       3 us
[2.349s][info][gc,stats    ] Concurrent Update Thread Roots      385 us
[2.349s][info][gc,stats    ] Concurrent Update Refs            10652 us
[2.349s][info][gc,stats    ] Pause Final Update Refs (G)         225 us
[2.349s][info][gc,stats    ] Pause Final Update Refs (N)         115 us
[2.349s][info][gc,stats    ]   Update Region States               27 us
[2.349s][info][gc,stats    ]   Trash Collection Set                5 us
[2.349s][info][gc,stats    ]   Rebuild Free Set                   13 us
[2.349s][info][gc,stats    ] Concurrent Cleanup                  218 us
[2.349s][info][gc,stats    ] 
[2.349s][info][gc,stats    ] Allocation pacing accrued:
[2.349s][info][gc,stats    ]       0 of  2296 ms (  0.0%): <total>
[2.349s][info][gc,stats    ]       0 of  2296 ms (  0.0%): <average total>
[2.349s][info][gc,stats    ] 
[2.349s][info][gc,metaspace] Metaspace: 828K(960K)->828K(960K) NonClass: 774K(832K)->774K(832K) Class: 53K(128K)->53K(128K)
[2.349s][info][gc,ergo     ] Pacer for Idle. Initial: 163M, Alloc Tax Rate: 1.0x
[4.140s][info][gc          ] Trigger: Learning 2 of 5. Free (5732M) is below initial threshold (5734M)
[4.140s][info][gc,ergo     ] Free: 5732M, Max: 4096K regular, 5632M humongous, Frag: 2% external, 0% internal; Reserve: 412M, Max: 4096K
[4.141s][info][gc,start    ] GC(1) Concurrent reset
[4.141s][info][gc,task     ] GC(1) Using 4 of 8 workers for concurrent reset
[4.141s][info][gc,ergo     ] GC(1) Pacer for Reset. Non-Taxable: 8192M
[4.142s][info][gc          ] GC(1) Concurrent reset 1.105ms
[4.142s][info][gc,start    ] GC(1) Pause Init Mark (unload classes)
[4.142s][info][gc,task     ] GC(1) Using 8 of 8 workers for init marking
[4.142s][info][gc,ergo     ] GC(1) Pacer for Mark. Expected Live: 129M, Free: 5732M, Non-Taxable: 573M, Alloc Tax Rate: 0.0x
[4.142s][info][gc          ] GC(1) Pause Init Mark (unload classes) 0.192ms
[4.142s][info][gc,start    ] GC(1) Concurrent marking (unload classes)
[4.142s][info][gc,task     ] GC(1) Using 4 of 8 workers for concurrent marking
[4.152s][info][gc          ] GC(1) Concurrent marking (unload classes) 10.238ms
[4.152s][info][gc,start    ] GC(1) Pause Final Mark (unload classes)
[4.152s][info][gc,task     ] GC(1) Using 8 of 8 workers for final marking
[4.152s][info][gc,ergo     ] GC(1) Collectable Garbage: 1888M (98%), Immediate: 1888M (98%), CSet: 0B (0%)
[4.152s][info][gc          ] GC(1) Pause Final Mark (unload classes) 0.181ms
[4.152s][info][gc,start    ] GC(1) Concurrent weak references
[4.152s][info][gc,task     ] GC(1) Using 4 of 8 workers for concurrent weak references
[4.152s][info][gc,ref      ] GC(1) Encountered references: Soft: 82, Weak: 200, Final: 0, Phantom: 5
[4.152s][info][gc,ref      ] GC(1) Discovered  references: Soft: 0, Weak: 131, Final: 0, Phantom: 5
[4.153s][info][gc,ref      ] GC(1) Enqueued    references: Soft: 0, Weak: 0, Final: 0, Phantom: 0
[4.153s][info][gc          ] GC(1) Concurrent weak references 0.057ms
[4.153s][info][gc,start    ] GC(1) Concurrent weak roots
[4.153s][info][gc,task     ] GC(1) Using 4 of 8 workers for concurrent weak root
[4.153s][info][gc          ] GC(1) Concurrent weak roots 0.110ms
[4.153s][info][gc,start    ] GC(1) Concurrent cleanup
[4.153s][info][gc          ] GC(1) Concurrent cleanup 2063M->175M(8192M) 0.166ms
[4.153s][info][gc,ergo     ] GC(1) Free: 7604M, Max: 4096K regular, 5796M humongous, Frag: 24% external, 0% internal; Reserve: 412M, Max: 4096K
[4.153s][info][gc,start    ] GC(1) Concurrent class unloading
[4.153s][info][gc,task     ] GC(1) Using 4 of 8 workers for concurrent class unloading
[4.153s][info][gc          ] GC(1) Concurrent class unloading 0.257ms
[4.153s][info][gc,start    ] GC(1) Rendezvous roots
[4.153s][info][gc          ] GC(1) Rendezvous roots 0.048ms
[4.153s][info][gc,ergo     ] Free: 7604M, Max: 4096K regular, 5796M humongous, Frag: 24% external, 0% internal; Reserve: 412M, Max: 4096K
[4.153s][info][gc,stats    ] 
[4.153s][info][gc,stats    ] All times are wall-clock times, except per-root-class counters, that are sum over
[4.153s][info][gc,stats    ] all workers. Dividing the <total> over the root stage time estimates parallelism.
[4.153s][info][gc,stats    ] 
[4.153s][info][gc,stats    ] Concurrent Reset                   1156 us
[4.153s][info][gc,stats    ] Pause Init Mark (G)                 273 us
[4.153s][info][gc,stats    ] Pause Init Mark (N)                 204 us
[4.153s][info][gc,stats    ]   Manage TLABs                        5 us
[4.153s][info][gc,stats    ]   Update Region States               21 us
[4.153s][info][gc,stats    ]   Scan Roots                         62 us, parallelism: 3.93x
[4.153s][info][gc,stats    ]     S: <total>                      243 us
[4.153s][info][gc,stats    ]     S: Thread Roots                 243 us, workers (us):  45,  34,  30,  27,  28,  24,  27,  27, 
[4.153s][info][gc,stats    ] Concurrent Marking                10271 us
[4.153s][info][gc,stats    ]   Roots                              65 us, parallelism: 1.03x
[4.153s][info][gc,stats    ]     CM: <total>                      67 us
[4.153s][info][gc,stats    ]     CM: VM Strong Roots              21 us, workers (us):  12,   7,   1,   1, ---, ---, ---, ---, 
[4.153s][info][gc,stats    ]     CM: CLDG Roots                   46 us, workers (us): ---, ---,  46,   1, ---, ---, ---, ---, 
[4.153s][info][gc,stats    ] Pause Final Mark (G)                243 us
[4.153s][info][gc,stats    ] Pause Final Mark (N)                191 us
[4.153s][info][gc,stats    ]   Finish Queues                      86 us
[4.153s][info][gc,stats    ]   Update Region States               23 us
[4.153s][info][gc,stats    ]   Manage GC/TLABs                     3 us
[4.153s][info][gc,stats    ]   Choose Collection Set              31 us
[4.153s][info][gc,stats    ]   Rebuild Free Set                   11 us
[4.153s][info][gc,stats    ] Concurrent Weak References           65 us
[4.153s][info][gc,stats    ]   Process                            39 us
[4.153s][info][gc,stats    ] Concurrent Weak Roots               120 us
[4.153s][info][gc,stats    ]   Roots                              69 us, parallelism: 0.44x
[4.153s][info][gc,stats    ]     CWR: <total>                     30 us
[4.153s][info][gc,stats    ]     CWR: VM Weak Roots               29 us, workers (us):   9,   7,   7,   6, ---, ---, ---, ---, 
[4.153s][info][gc,stats    ]     CWR: CLDG Roots                   2 us, workers (us):   2, ---, ---, ---, ---, ---, ---, ---, 
[4.153s][info][gc,stats    ]   Rendezvous                         25 us
[4.153s][info][gc,stats    ] Concurrent Cleanup                  176 us
[4.153s][info][gc,stats    ] Concurrent Class Unloading          279 us
[4.153s][info][gc,stats    ]   Unlink Stale                      197 us
[4.153s][info][gc,stats    ]     System Dictionary                 2 us
[4.154s][info][gc,stats    ]     Weak Class Links                  0 us
[4.154s][info][gc,stats    ]     Code Roots                      194 us
[4.154s][info][gc,stats    ]   Rendezvous                         20 us
[4.154s][info][gc,stats    ]   Purge Unlinked                     22 us
[4.154s][info][gc,stats    ]     Code Roots                       17 us
[4.154s][info][gc,stats    ]     CLDG                              3 us
[4.154s][info][gc,stats    ]     Exception Caches                  0 us
[4.154s][info][gc,stats    ] Rendezvous                           71 us
[4.154s][info][gc,stats    ] 
[4.154s][info][gc,stats    ] Allocation pacing accrued:
[4.154s][info][gc,stats    ]       0 of  1804 ms (  0.0%): <total>
[4.154s][info][gc,stats    ]       0 of  1804 ms (  0.0%): <average total>
[4.154s][info][gc,stats    ] 
[4.154s][info][gc,metaspace] Metaspace: 828K(960K)->828K(960K) NonClass: 774K(832K)->774K(832K) Class: 53K(128K)->53K(128K)
[4.154s][info][gc,ergo     ] Pacer for Idle. Initial: 163M, Alloc Tax Rate: 1.0x
[5.970s][info][gc          ] Trigger: Learning 3 of 5. Free (5732M) is below initial threshold (5734M)
[5.970s][info][gc,ergo     ] Free: 5732M, Max: 4096K regular, 5732M humongous, Frag: 0% external, 0% internal; Reserve: 412M, Max: 4096K
[5.970s][info][gc,start    ] GC(2) Concurrent reset
[5.970s][info][gc,task     ] GC(2) Using 4 of 8 workers for concurrent reset
[5.970s][info][gc,ergo     ] GC(2) Pacer for Reset. Non-Taxable: 8192M
[5.971s][info][gc          ] GC(2) Concurrent reset 0.613ms
[5.971s][info][gc,start    ] GC(2) Pause Init Mark (unload classes)
[5.971s][info][gc,task     ] GC(2) Using 8 of 8 workers for init marking
[5.971s][info][gc,ergo     ] GC(2) Pacer for Mark. Expected Live: 129M, Free: 5732M, Non-Taxable: 573M, Alloc Tax Rate: 0.0x
[5.971s][info][gc          ] GC(2) Pause Init Mark (unload classes) 0.172ms
[5.971s][info][gc,start    ] GC(2) Concurrent marking (unload classes)
[5.971s][info][gc,task     ] GC(2) Using 4 of 8 workers for concurrent marking
[5.981s][info][gc          ] GC(2) Concurrent marking (unload classes) 10.051ms
[5.981s][info][gc,start    ] GC(2) Pause Final Mark (unload classes)
[5.981s][info][gc,task     ] GC(2) Using 8 of 8 workers for final marking
[5.982s][info][gc,ergo     ] GC(2) Collectable Garbage: 1884M (98%), Immediate: 1884M (98%), CSet: 0B (0%)
[5.982s][info][gc          ] GC(2) Pause Final Mark (unload classes) 0.205ms
[5.982s][info][gc,start    ] GC(2) Concurrent weak references
[5.982s][info][gc,task     ] GC(2) Using 4 of 8 workers for concurrent weak references
[5.982s][info][gc,ref      ] GC(2) Encountered references: Soft: 82, Weak: 200, Final: 0, Phantom: 5
[5.982s][info][gc,ref      ] GC(2) Discovered  references: Soft: 0, Weak: 55, Final: 0, Phantom: 4
[5.982s][info][gc,ref      ] GC(2) Enqueued    references: Soft: 0, Weak: 0, Final: 0, Phantom: 0
[5.982s][info][gc          ] GC(2) Concurrent weak references 0.084ms
[5.982s][info][gc,start    ] GC(2) Concurrent weak roots
[5.982s][info][gc,task     ] GC(2) Using 4 of 8 workers for concurrent weak root
[5.982s][info][gc          ] GC(2) Concurrent weak roots 0.160ms
[5.982s][info][gc,start    ] GC(2) Concurrent cleanup
[5.982s][info][gc          ] GC(2) Concurrent cleanup 2063M->179M(8192M) 0.167ms
[5.982s][info][gc,ergo     ] GC(2) Free: 7600M, Max: 4096K regular, 5716M humongous, Frag: 25% external, 0% internal; Reserve: 412M, Max: 4096K
[5.982s][info][gc,start    ] GC(2) Concurrent class unloading
[5.982s][info][gc,task     ] GC(2) Using 4 of 8 workers for concurrent class unloading
[5.982s][info][gc          ] GC(2) Concurrent class unloading 0.327ms
[5.982s][info][gc,start    ] GC(2) Rendezvous roots
[5.982s][info][gc          ] GC(2) Rendezvous roots 0.035ms
[5.983s][info][gc,ergo     ] Free: 7600M, Max: 4096K regular, 5716M humongous, Frag: 25% external, 0% internal; Reserve: 412M, Max: 4096K
[5.983s][info][gc,stats    ] 
[5.983s][info][gc,stats    ] All times are wall-clock times, except per-root-class counters, that are sum over
[5.983s][info][gc,stats    ] all workers. Dividing the <total> over the root stage time estimates parallelism.
[5.983s][info][gc,stats    ] 
[5.983s][info][gc,stats    ] Concurrent Reset                    646 us
[5.983s][info][gc,stats    ] Pause Init Mark (G)                 292 us
[5.983s][info][gc,stats    ] Pause Init Mark (N)                 186 us
[5.983s][info][gc,stats    ]   Manage TLABs                        5 us
[5.983s][info][gc,stats    ]   Update Region States               49 us
[5.983s][info][gc,stats    ]   Scan Roots                         50 us, parallelism: 1.86x
[5.983s][info][gc,stats    ]     S: <total>                       93 us
[5.983s][info][gc,stats    ]     S: Thread Roots                  93 us, workers (us):  26,  20,  22,   2,   9,  11,   3,   0, 
[5.983s][info][gc,stats    ] Concurrent Marking                10086 us
[5.983s][info][gc,stats    ]   Roots                              78 us, parallelism: 0.84x
[5.983s][info][gc,stats    ]     CM: <total>                      66 us
[5.983s][info][gc,stats    ]     CM: VM Strong Roots              14 us, workers (us):   6,   4,   2,   1, ---, ---, ---, ---, 
[5.983s][info][gc,stats    ]     CM: CLDG Roots                   52 us, workers (us):  51, ---,   1, ---, ---, ---, ---, ---, 
[5.983s][info][gc,stats    ] Pause Final Mark (G)                258 us
[5.983s][info][gc,stats    ] Pause Final Mark (N)                217 us
[5.983s][info][gc,stats    ]   Finish Queues                      93 us
[5.983s][info][gc,stats    ]   Update Region States               30 us
[5.983s][info][gc,stats    ]   Manage GC/TLABs                     2 us
[5.983s][info][gc,stats    ]   Choose Collection Set              38 us
[5.983s][info][gc,stats    ]   Rebuild Free Set                   12 us
[5.983s][info][gc,stats    ] Concurrent Weak References           93 us
[5.983s][info][gc,stats    ]   Process                            62 us
[5.983s][info][gc,stats    ] Concurrent Weak Roots               203 us
[5.983s][info][gc,stats    ]   Roots                             106 us, parallelism: 0.28x
[5.983s][info][gc,stats    ]     CWR: <total>                     29 us
[5.983s][info][gc,stats    ]     CWR: VM Weak Roots               28 us, workers (us):  23,   2,   2,   2, ---, ---, ---, ---, 
[5.983s][info][gc,stats    ]     CWR: CLDG Roots                   1 us, workers (us):   1, ---, ---, ---, ---, ---, ---, ---, 
[5.983s][info][gc,stats    ]   Rendezvous                         33 us
[5.983s][info][gc,stats    ] Concurrent Cleanup                  178 us
[5.983s][info][gc,stats    ] Concurrent Class Unloading          351 us
[5.983s][info][gc,stats    ]   Unlink Stale                      247 us
[5.983s][info][gc,stats    ]     System Dictionary                 2 us
[5.983s][info][gc,stats    ]     Weak Class Links                  0 us
[5.983s][info][gc,stats    ]     Code Roots                      244 us
[5.983s][info][gc,stats    ]   Rendezvous                         29 us
[5.983s][info][gc,stats    ]   Purge Unlinked                     30 us
[5.983s][info][gc,stats    ]     Code Roots                       24 us
[5.983s][info][gc,stats    ]     CLDG                              5 us
[5.983s][info][gc,stats    ]     Exception Caches                  0 us
[5.983s][info][gc,stats    ] Rendezvous                           47 us
[5.983s][info][gc,stats    ] 
[5.983s][info][gc,stats    ] Allocation pacing accrued:
[5.983s][info][gc,stats    ]       0 of  1829 ms (  0.0%): <total>
[5.983s][info][gc,stats    ]       0 of  1829 ms (  0.0%): <average total>
[5.983s][info][gc,stats    ] 
[5.983s][info][gc,metaspace] Metaspace: 828K(960K)->828K(960K) NonClass: 774K(832K)->774K(832K) Class: 53K(128K)->53K(128K)
[5.983s][info][gc,ergo     ] Pacer for Idle. Initial: 163M, Alloc Tax Rate: 1.0x
[7.799s][info][gc          ] Trigger: Learning 4 of 5. Free (5728M) is below initial threshold (5734M)
[7.799s][info][gc,ergo     ] Free: 5728M, Max: 4096K regular, 5716M humongous, Frag: 1% external, 0% internal; Reserve: 412M, Max: 4096K
[7.799s][info][gc,start    ] GC(3) Concurrent reset
[7.799s][info][gc,task     ] GC(3) Using 4 of 8 workers for concurrent reset
[7.799s][info][gc,ergo     ] GC(3) Pacer for Reset. Non-Taxable: 8192M
[7.800s][info][gc          ] GC(3) Concurrent reset 0.437ms
[7.800s][info][gc,start    ] GC(3) Pause Init Mark (unload classes)
[7.800s][info][gc,task     ] GC(3) Using 8 of 8 workers for init marking
[7.800s][info][gc,ergo     ] GC(3) Pacer for Mark. Expected Live: 129M, Free: 5728M, Non-Taxable: 572M, Alloc Tax Rate: 0.0x
[7.800s][info][gc          ] GC(3) Pause Init Mark (unload classes) 0.189ms
[7.800s][info][gc,start    ] GC(3) Concurrent marking (unload classes)
[7.800s][info][gc,task     ] GC(3) Using 4 of 8 workers for concurrent marking
[7.810s][info][gc          ] GC(3) Concurrent marking (unload classes) 9.357ms
[7.810s][info][gc,start    ] GC(3) Pause Final Mark (unload classes)
[7.810s][info][gc,task     ] GC(3) Using 8 of 8 workers for final marking
[7.810s][info][gc,ergo     ] GC(3) Collectable Garbage: 1888M (98%), Immediate: 1888M (98%), CSet: 0B (0%)
[7.810s][info][gc          ] GC(3) Pause Final Mark (unload classes) 0.282ms
[7.810s][info][gc,start    ] GC(3) Concurrent weak references
[7.810s][info][gc,task     ] GC(3) Using 4 of 8 workers for concurrent weak references
[7.810s][info][gc,ref      ] GC(3) Encountered references: Soft: 82, Weak: 200, Final: 0, Phantom: 5
[7.810s][info][gc,ref      ] GC(3) Discovered  references: Soft: 0, Weak: 55, Final: 0, Phantom: 5
[7.810s][info][gc,ref      ] GC(3) Enqueued    references: Soft: 0, Weak: 0, Final: 0, Phantom: 0
[7.810s][info][gc          ] GC(3) Concurrent weak references 0.084ms
[7.810s][info][gc,start    ] GC(3) Concurrent weak roots
[7.810s][info][gc,task     ] GC(3) Using 4 of 8 workers for concurrent weak root
[7.810s][info][gc          ] GC(3) Concurrent weak roots 0.127ms
[7.810s][info][gc,start    ] GC(3) Concurrent cleanup
[7.811s][info][gc          ] GC(3) Concurrent cleanup 2080M->192M(8192M) 0.172ms
[7.811s][info][gc,ergo     ] GC(3) Free: 7588M, Max: 4096K regular, 5700M humongous, Frag: 25% external, 0% internal; Reserve: 412M, Max: 4096K
[7.811s][info][gc,start    ] GC(3) Concurrent class unloading
[7.811s][info][gc,task     ] GC(3) Using 4 of 8 workers for concurrent class unloading
[7.811s][info][gc          ] GC(3) Concurrent class unloading 0.339ms
[7.811s][info][gc,start    ] GC(3) Rendezvous roots
[7.811s][info][gc          ] GC(3) Rendezvous roots 0.033ms
[7.811s][info][gc,ergo     ] Free: 7588M, Max: 4096K regular, 5700M humongous, Frag: 25% external, 0% internal; Reserve: 412M, Max: 4096K
[7.811s][info][gc,stats    ] 
[7.811s][info][gc,stats    ] All times are wall-clock times, except per-root-class counters, that are sum over
[7.811s][info][gc,stats    ] all workers. Dividing the <total> over the root stage time estimates parallelism.
[7.811s][info][gc,stats    ] 
[7.811s][info][gc,stats    ] Concurrent Reset                    469 us
[7.811s][info][gc,stats    ] Pause Init Mark (G)                 425 us
[7.811s][info][gc,stats    ] Pause Init Mark (N)                 202 us
[7.811s][info][gc,stats    ]   Manage TLABs                        4 us
[7.811s][info][gc,stats    ]   Update Region States               39 us
[7.811s][info][gc,stats    ]   Scan Roots                         61 us, parallelism: 2.28x
[7.811s][info][gc,stats    ]     S: <total>                      140 us
[7.811s][info][gc,stats    ]     S: Thread Roots                 140 us, workers (us):  28,  41,  36,  19,  12,   0,   3,   1, 
[7.811s][info][gc,stats    ] Concurrent Marking                 9381 us
[7.811s][info][gc,stats    ]   Roots                              69 us, parallelism: 0.84x
[7.811s][info][gc,stats    ]     CM: <total>                      58 us
[7.811s][info][gc,stats    ]     CM: VM Strong Roots              10 us, workers (us):   5,   3,   1,   1, ---, ---, ---, ---, 
[7.811s][info][gc,stats    ]     CM: CLDG Roots                   48 us, workers (us):  46,   1, ---, ---, ---, ---, ---, ---, 
[7.811s][info][gc,stats    ] Pause Final Mark (G)                461 us
[7.811s][info][gc,stats    ] Pause Final Mark (N)                296 us
[7.811s][info][gc,stats    ]   Finish Queues                     151 us
[7.811s][info][gc,stats    ]   Update Region States               35 us
[7.811s][info][gc,stats    ]   Manage GC/TLABs                     3 us
[7.811s][info][gc,stats    ]   Choose Collection Set              38 us
[7.811s][info][gc,stats    ]   Rebuild Free Set                   12 us
[7.811s][info][gc,stats    ] Concurrent Weak References           93 us
[7.811s][info][gc,stats    ]   Process                            62 us
[7.811s][info][gc,stats    ] Concurrent Weak Roots               151 us
[7.811s][info][gc,stats    ]   Roots                              80 us, parallelism: 0.38x
[7.811s][info][gc,stats    ]     CWR: <total>                     31 us
[7.811s][info][gc,stats    ]     CWR: VM Weak Roots               29 us, workers (us):  15,  11,   2,   1, ---, ---, ---, ---, 
[7.811s][info][gc,stats    ]     CWR: CLDG Roots                   2 us, workers (us): ---,   2, ---, ---, ---, ---, ---, ---, 
[7.811s][info][gc,stats    ]   Rendezvous                         28 us
[7.811s][info][gc,stats    ] Concurrent Cleanup                  184 us
[7.811s][info][gc,stats    ] Concurrent Class Unloading          370 us
[7.811s][info][gc,stats    ]   Unlink Stale                      258 us
[7.811s][info][gc,stats    ]     System Dictionary                 2 us
[7.811s][info][gc,stats    ]     Weak Class Links                  0 us
[7.811s][info][gc,stats    ]     Code Roots                      255 us
[7.811s][info][gc,stats    ]   Rendezvous                         33 us
[7.811s][info][gc,stats    ]   Purge Unlinked                     28 us
[7.811s][info][gc,stats    ]     Code Roots                       25 us
[7.811s][info][gc,stats    ]     CLDG                              2 us
[7.811s][info][gc,stats    ]     Exception Caches                  0 us
[7.811s][info][gc,stats    ] Rendezvous                           44 us
[7.811s][info][gc,stats    ] 
[7.811s][info][gc,stats    ] Allocation pacing accrued:
[7.811s][info][gc,stats    ]       0 of  1829 ms (  0.0%): <total>
[7.811s][info][gc,stats    ]       0 of  1829 ms (  0.0%): <average total>
[7.811s][info][gc,stats    ] 
[7.811s][info][gc,metaspace] Metaspace: 828K(960K)->828K(960K) NonClass: 774K(832K)->774K(832K) Class: 53K(128K)->53K(128K)
[7.811s][info][gc,ergo     ] Pacer for Idle. Initial: 163M, Alloc Tax Rate: 1.0x
[9.629s][info][gc          ] Trigger: Learning 5 of 5. Free (5732M) is below initial threshold (5734M)
[9.629s][info][gc,ergo     ] Free: 5732M, Max: 4096K regular, 5700M humongous, Frag: 1% external, 0% internal; Reserve: 412M, Max: 4096K
[9.629s][info][gc,start    ] GC(4) Concurrent reset
[9.629s][info][gc,task     ] GC(4) Using 4 of 8 workers for concurrent reset
[9.629s][info][gc,ergo     ] GC(4) Pacer for Reset. Non-Taxable: 8192M
[9.629s][info][gc          ] GC(4) Concurrent reset 0.377ms
[9.630s][info][gc,start    ] GC(4) Pause Init Mark (unload classes)
[9.630s][info][gc,task     ] GC(4) Using 8 of 8 workers for init marking
[9.630s][info][gc,ergo     ] GC(4) Pacer for Mark. Expected Live: 129M, Free: 5728M, Non-Taxable: 572M, Alloc Tax Rate: 0.0x
[9.630s][info][gc          ] GC(4) Pause Init Mark (unload classes) 0.243ms
[9.630s][info][gc,start    ] GC(4) Concurrent marking (unload classes)
[9.630s][info][gc,task     ] GC(4) Using 4 of 8 workers for concurrent marking
[9.640s][info][gc          ] GC(4) Concurrent marking (unload classes) 10.002ms
[9.640s][info][gc,start    ] GC(4) Pause Final Mark (unload classes)
[9.640s][info][gc,task     ] GC(4) Using 8 of 8 workers for final marking
[9.640s][info][gc,ergo     ] GC(4) Collectable Garbage: 1892M (98%), Immediate: 1892M (98%), CSet: 0B (0%)
[9.640s][info][gc          ] GC(4) Pause Final Mark (unload classes) 0.280ms
[9.640s][info][gc,start    ] GC(4) Concurrent weak references
[9.640s][info][gc,task     ] GC(4) Using 4 of 8 workers for concurrent weak references
[9.640s][info][gc,ref      ] GC(4) Encountered references: Soft: 82, Weak: 200, Final: 0, Phantom: 5
[9.640s][info][gc,ref      ] GC(4) Discovered  references: Soft: 0, Weak: 55, Final: 0, Phantom: 4
[9.640s][info][gc,ref      ] GC(4) Enqueued    references: Soft: 0, Weak: 0, Final: 0, Phantom: 0
[9.640s][info][gc          ] GC(4) Concurrent weak references 0.085ms
[9.640s][info][gc,start    ] GC(4) Concurrent weak roots
[9.640s][info][gc,task     ] GC(4) Using 4 of 8 workers for concurrent weak root
[9.641s][info][gc          ] GC(4) Concurrent weak roots 0.155ms
[9.641s][info][gc,start    ] GC(4) Concurrent cleanup
[9.641s][info][gc          ] GC(4) Concurrent cleanup 2075M->183M(8192M) 0.170ms
[9.641s][info][gc,ergo     ] GC(4) Free: 7596M, Max: 4096K regular, 5724M humongous, Frag: 25% external, 0% internal; Reserve: 412M, Max: 4096K
[9.641s][info][gc,start    ] GC(4) Concurrent class unloading
[9.641s][info][gc,task     ] GC(4) Using 4 of 8 workers for concurrent class unloading
[9.641s][info][gc          ] GC(4) Concurrent class unloading 0.332ms
[9.641s][info][gc,start    ] GC(4) Rendezvous roots
[9.641s][info][gc          ] GC(4) Rendezvous roots 0.036ms
[9.641s][info][gc,ergo     ] Free: 7596M, Max: 4096K regular, 5724M humongous, Frag: 25% external, 0% internal; Reserve: 412M, Max: 4096K
[9.641s][info][gc,stats    ] 
[9.641s][info][gc,stats    ] All times are wall-clock times, except per-root-class counters, that are sum over
[9.641s][info][gc,stats    ] all workers. Dividing the <total> over the root stage time estimates parallelism.
[9.641s][info][gc,stats    ] 
[9.641s][info][gc,stats    ] Concurrent Reset                    416 us
[9.641s][info][gc,stats    ] Pause Init Mark (G)                 488 us
[9.641s][info][gc,stats    ] Pause Init Mark (N)                 261 us
[9.641s][info][gc,stats    ]   Manage TLABs                        5 us
[9.641s][info][gc,stats    ]   Update Region States               45 us
[9.641s][info][gc,stats    ]   Scan Roots                         66 us, parallelism: 2.04x
[9.641s][info][gc,stats    ]     S: <total>                      134 us
[9.641s][info][gc,stats    ]     S: Thread Roots                 134 us, workers (us):  24,  25,  23,  16,  16,  27,   3,   1, 
[9.641s][info][gc,stats    ] Concurrent Marking                10035 us
[9.641s][info][gc,stats    ]   Roots                              64 us, parallelism: 0.78x
[9.641s][info][gc,stats    ]     CM: <total>                      51 us
[9.641s][info][gc,stats    ]     CM: VM Strong Roots              11 us, workers (us):   4,   3,   2,   1, ---, ---, ---, ---, 
[9.641s][info][gc,stats    ]     CM: CLDG Roots                   40 us, workers (us):  39, ---,   1, ---, ---, ---, ---, ---, 
[9.641s][info][gc,stats    ] Pause Final Mark (G)                440 us
[9.641s][info][gc,stats    ] Pause Final Mark (N)                293 us
[9.641s][info][gc,stats    ]   Finish Queues                     146 us
[9.641s][info][gc,stats    ]   Update Region States               33 us
[9.641s][info][gc,stats    ]   Manage GC/TLABs                     3 us
[9.641s][info][gc,stats    ]   Choose Collection Set              40 us
[9.641s][info][gc,stats    ]   Rebuild Free Set                   12 us
[9.641s][info][gc,stats    ] Concurrent Weak References           95 us
[9.641s][info][gc,stats    ]   Process                            46 us
[9.641s][info][gc,stats    ] Concurrent Weak Roots               170 us
[9.641s][info][gc,stats    ]   Roots                             114 us, parallelism: 0.32x
[9.641s][info][gc,stats    ]     CWR: <total>                     37 us
[9.641s][info][gc,stats    ]     CWR: VM Weak Roots               35 us, workers (us):  30,   2,   2,   2, ---, ---, ---, ---, 
[9.641s][info][gc,stats    ]     CWR: CLDG Roots                   1 us, workers (us):   1, ---, ---, ---, ---, ---, ---, ---, 
[9.642s][info][gc,stats    ]   Rendezvous                         23 us
[9.642s][info][gc,stats    ] Concurrent Cleanup                  181 us
[9.642s][info][gc,stats    ] Concurrent Class Unloading          357 us
[9.642s][info][gc,stats    ]   Unlink Stale                      248 us
[9.642s][info][gc,stats    ]     System Dictionary                 2 us
[9.642s][info][gc,stats    ]     Weak Class Links                  0 us
[9.642s][info][gc,stats    ]     Code Roots                      245 us
[9.642s][info][gc,stats    ]   Rendezvous                         31 us
[9.642s][info][gc,stats    ]   Purge Unlinked                     32 us
[9.642s][info][gc,stats    ]     Code Roots                       27 us
[9.642s][info][gc,stats    ]     CLDG                              4 us
[9.642s][info][gc,stats    ]     Exception Caches                  0 us
[9.642s][info][gc,stats    ] Rendezvous                           48 us
[9.642s][info][gc,stats    ] 
[9.642s][info][gc,stats    ] Allocation pacing accrued:
[9.642s][info][gc,stats    ]       0 of  1830 ms (  0.0%): <total>
[9.642s][info][gc,stats    ]       0 of  1830 ms (  0.0%): <average total>
[9.642s][info][gc,stats    ] 
[9.642s][info][gc,metaspace] Metaspace: 828K(960K)->828K(960K) NonClass: 774K(832K)->774K(832K) Class: 53K(128K)->53K(128K)
[9.642s][info][gc,ergo     ] Pacer for Idle. Initial: 163M, Alloc Tax Rate: 1.0x
[16.252s][info][gc          ] Trigger: Free (816M) is below minimum threshold (819M)
[16.252s][info][gc,ergo     ] Free: 816M, Max: 4096K regular, 816M humongous, Frag: 0% external, 0% internal; Reserve: 412M, Max: 4096K
[16.252s][info][gc,start    ] GC(5) Concurrent reset
[16.252s][info][gc,task     ] GC(5) Using 4 of 8 workers for concurrent reset
[16.252s][info][gc,ergo     ] GC(5) Pacer for Reset. Non-Taxable: 8192M
[16.252s][info][gc          ] GC(5) Concurrent reset 0.234ms
[16.252s][info][gc,start    ] GC(5) Pause Init Mark (unload classes)
[16.252s][info][gc,task     ] GC(5) Using 8 of 8 workers for init marking
[16.253s][info][gc,ergo     ] GC(5) Pacer for Mark. Expected Live: 129M, Free: 816M, Non-Taxable: 83567K, Alloc Tax Rate: 0.2x
[16.253s][info][gc          ] GC(5) Pause Init Mark (unload classes) 0.606ms
[16.253s][info][gc,start    ] GC(5) Concurrent marking (unload classes)
[16.253s][info][gc,task     ] GC(5) Using 4 of 8 workers for concurrent marking
[16.262s][info][gc          ] GC(5) Concurrent marking (unload classes) 8.995ms
[16.262s][info][gc,start    ] GC(5) Pause Final Mark (unload classes)
[16.262s][info][gc,task     ] GC(5) Using 8 of 8 workers for final marking
[16.262s][info][gc,ergo     ] GC(5) Collectable Garbage: 6804M (99%), Immediate: 6804M (99%), CSet: 0B (0%)
[16.262s][info][gc          ] GC(5) Pause Final Mark (unload classes) 0.237ms
[16.262s][info][gc,start    ] GC(5) Concurrent weak references
[16.262s][info][gc,task     ] GC(5) Using 4 of 8 workers for concurrent weak references
[16.262s][info][gc,ref      ] GC(5) Encountered references: Soft: 82, Weak: 200, Final: 0, Phantom: 5
[16.262s][info][gc,ref      ] GC(5) Discovered  references: Soft: 0, Weak: 53, Final: 0, Phantom: 3
[16.262s][info][gc,ref      ] GC(5) Enqueued    references: Soft: 0, Weak: 0, Final: 0, Phantom: 0
[16.262s][info][gc          ] GC(5) Concurrent weak references 0.096ms
[16.262s][info][gc,start    ] GC(5) Concurrent weak roots
[16.262s][info][gc,task     ] GC(5) Using 4 of 8 workers for concurrent weak root
[16.263s][info][gc          ] GC(5) Concurrent weak roots 0.109ms
[16.263s][info][gc,start    ] GC(5) Concurrent cleanup
[16.263s][info][gc          ] GC(5) Concurrent cleanup 6980M->176M(8192M) 0.276ms
[16.263s][info][gc,ergo     ] GC(5) Free: 7604M, Max: 4096K regular, 6804M humongous, Frag: 11% external, 0% internal; Reserve: 412M, Max: 4096K
[16.263s][info][gc,start    ] GC(5) Concurrent class unloading
[16.263s][info][gc,task     ] GC(5) Using 4 of 8 workers for concurrent class unloading
[16.263s][info][gc          ] GC(5) Concurrent class unloading 0.261ms
[16.263s][info][gc,start    ] GC(5) Rendezvous roots
[16.263s][info][gc          ] GC(5) Rendezvous roots 0.034ms
[16.263s][info][gc,ergo     ] Free: 7604M, Max: 4096K regular, 6804M humongous, Frag: 11% external, 0% internal; Reserve: 412M, Max: 4096K
[16.263s][info][gc,stats    ] 
[16.263s][info][gc,stats    ] All times are wall-clock times, except per-root-class counters, that are sum over
[16.263s][info][gc,stats    ] all workers. Dividing the <total> over the root stage time estimates parallelism.
[16.263s][info][gc,stats    ] 
[16.263s][info][gc,stats    ] Concurrent Reset                    246 us
[16.263s][info][gc,stats    ] Pause Init Mark (G)                 655 us
[16.263s][info][gc,stats    ] Pause Init Mark (N)                 619 us
[16.263s][info][gc,stats    ]   Manage TLABs                        5 us
[16.263s][info][gc,stats    ]   Update Region States               15 us
[16.263s][info][gc,stats    ]   Scan Roots                         31 us, parallelism: 2.99x
[16.263s][info][gc,stats    ]     S: <total>                       94 us
[16.263s][info][gc,stats    ]     S: Thread Roots                  94 us, workers (us):  12,  15,   8,   9,  12,  15,  10,  13, 
[16.263s][info][gc,stats    ] Concurrent Marking                 9037 us
[16.263s][info][gc,stats    ]   Roots                              43 us, parallelism: 0.85x
[16.263s][info][gc,stats    ]     CM: <total>                      37 us
[16.263s][info][gc,stats    ]     CM: VM Strong Roots               7 us, workers (us):   3,   2,   1,   1, ---, ---, ---, ---, 
[16.263s][info][gc,stats    ]     CM: CLDG Roots                   30 us, workers (us): ---,  29,   1, ---, ---, ---, ---, ---, 
[16.263s][info][gc,stats    ] Pause Final Mark (G)                294 us
[16.263s][info][gc,stats    ] Pause Final Mark (N)                251 us
[16.263s][info][gc,stats    ]   Finish Queues                     113 us
[16.263s][info][gc,stats    ]   Update Region States               22 us
[16.263s][info][gc,stats    ]   Manage GC/TLABs                     3 us
[16.263s][info][gc,stats    ]   Choose Collection Set              43 us
[16.263s][info][gc,stats    ]   Rebuild Free Set                   10 us
[16.263s][info][gc,stats    ] Concurrent Weak References          107 us
[16.263s][info][gc,stats    ]   Process                            61 us
[16.263s][info][gc,stats    ] Concurrent Weak Roots               156 us
[16.263s][info][gc,stats    ]   Roots                              65 us, parallelism: 0.45x
[16.263s][info][gc,stats    ]     CWR: <total>                     30 us
[16.263s][info][gc,stats    ]     CWR: VM Weak Roots               27 us, workers (us):   7,   7,   6,   6, ---, ---, ---, ---, 
[16.264s][info][gc,stats    ]     CWR: CLDG Roots                   3 us, workers (us): ---, ---,   3, ---, ---, ---, ---, ---, 
[16.264s][info][gc,stats    ]   Rendezvous                         20 us
[16.264s][info][gc,stats    ] Concurrent Cleanup                  287 us
[16.264s][info][gc,stats    ] Concurrent Class Unloading          277 us
[16.264s][info][gc,stats    ]   Unlink Stale                      205 us
[16.264s][info][gc,stats    ]     System Dictionary                 2 us
[16.264s][info][gc,stats    ]     Weak Class Links                  0 us
[16.264s][info][gc,stats    ]     Code Roots                      201 us
[16.264s][info][gc,stats    ]   Rendezvous                         20 us
[16.264s][info][gc,stats    ]   Purge Unlinked                     19 us
[16.264s][info][gc,stats    ]     Code Roots                       15 us
[16.264s][info][gc,stats    ]     CLDG                              3 us
[16.264s][info][gc,stats    ]     Exception Caches                  0 us
[16.264s][info][gc,stats    ] Rendezvous                           48 us
[16.264s][info][gc,stats    ] 
[16.264s][info][gc,stats    ] Allocation pacing accrued:
[16.264s][info][gc,stats    ]       0 of  6622 ms (  0.0%): <total>
[16.264s][info][gc,stats    ]       0 of  6622 ms (  0.0%): <average total>
[16.264s][info][gc,stats    ] 
[16.264s][info][gc,metaspace] Metaspace: 828K(960K)->828K(960K) NonClass: 774K(832K)->774K(832K) Class: 53K(128K)->53K(128K)
[16.264s][info][gc,ergo     ] Pacer for Idle. Initial: 163M, Alloc Tax Rate: 1.0x
[22.889s][info][gc          ] Trigger: Free (804M) is below minimum threshold (819M)
[22.889s][info][gc,ergo     ] Free: 804M, Max: 4096K regular, 800M humongous, Frag: 1% external, 0% internal; Reserve: 412M, Max: 4096K
[22.889s][info][gc,start    ] GC(6) Concurrent reset
[22.889s][info][gc,task     ] GC(6) Using 4 of 8 workers for concurrent reset
[22.889s][info][gc,ergo     ] GC(6) Pacer for Reset. Non-Taxable: 8192M
[22.890s][info][gc          ] GC(6) Concurrent reset 0.534ms
[22.890s][info][gc,start    ] GC(6) Pause Init Mark (unload classes)
[22.890s][info][gc,task     ] GC(6) Using 8 of 8 workers for init marking
[22.890s][info][gc,ergo     ] GC(6) Pacer for Mark. Expected Live: 129M, Free: 804M, Non-Taxable: 82329K, Alloc Tax Rate: 0.2x
[22.890s][info][gc          ] GC(6) Pause Init Mark (unload classes) 0.183ms
[22.891s][info][gc,start    ] GC(6) Concurrent marking (unload classes)
[22.891s][info][gc,task     ] GC(6) Using 4 of 8 workers for concurrent marking
[22.901s][info][gc          ] GC(6) Concurrent marking (unload classes) 9.992ms
[22.901s][info][gc,start    ] GC(6) Pause Final Mark (unload classes)
[22.901s][info][gc,task     ] GC(6) Using 8 of 8 workers for final marking
[22.901s][info][gc,ergo     ] GC(6) Collectable Garbage: 6816M (99%), Immediate: 6816M (99%), CSet: 0B (0%)
[22.901s][info][gc          ] GC(6) Pause Final Mark (unload classes) 0.306ms
[22.901s][info][gc,start    ] GC(6) Concurrent weak references
[22.901s][info][gc,task     ] GC(6) Using 4 of 8 workers for concurrent weak references
[22.901s][info][gc,ref      ] GC(6) Encountered references: Soft: 82, Weak: 200, Final: 0, Phantom: 5
[22.901s][info][gc,ref      ] GC(6) Discovered  references: Soft: 0, Weak: 55, Final: 0, Phantom: 2
[22.901s][info][gc,ref      ] GC(6) Enqueued    references: Soft: 0, Weak: 0, Final: 0, Phantom: 0
[22.901s][info][gc          ] GC(6) Concurrent weak references 0.102ms
[22.901s][info][gc,start    ] GC(6) Concurrent weak roots
[22.901s][info][gc,task     ] GC(6) Using 4 of 8 workers for concurrent weak root
[22.901s][info][gc          ] GC(6) Concurrent weak roots 0.125ms
[22.901s][info][gc,start    ] GC(6) Concurrent cleanup
[22.902s][info][gc          ] GC(6) Concurrent cleanup 7004M->188M(8192M) 0.288ms
[22.902s][info][gc,ergo     ] GC(6) Free: 7592M, Max: 4096K regular, 6720M humongous, Frag: 12% external, 0% internal; Reserve: 412M, Max: 4096K
[22.902s][info][gc,start    ] GC(6) Concurrent class unloading
[22.902s][info][gc,task     ] GC(6) Using 4 of 8 workers for concurrent class unloading
[22.902s][info][gc          ] GC(6) Concurrent class unloading 0.343ms
[22.902s][info][gc,start    ] GC(6) Rendezvous roots
[22.902s][info][gc          ] GC(6) Rendezvous roots 0.035ms
[22.902s][info][gc,ergo     ] Free: 7592M, Max: 4096K regular, 6720M humongous, Frag: 12% external, 0% internal; Reserve: 412M, Max: 4096K
[22.902s][info][gc,stats    ] 
[22.902s][info][gc,stats    ] All times are wall-clock times, except per-root-class counters, that are sum over
[22.902s][info][gc,stats    ] all workers. Dividing the <total> over the root stage time estimates parallelism.
[22.902s][info][gc,stats    ] 
[22.902s][info][gc,stats    ] Concurrent Reset                    925 us
[22.902s][info][gc,stats    ] Pause Init Mark (G)                 384 us
[22.902s][info][gc,stats    ] Pause Init Mark (N)                 197 us
[22.902s][info][gc,stats    ]   Manage TLABs                        4 us
[22.902s][info][gc,stats    ]   Update Region States               39 us
[22.902s][info][gc,stats    ]   Scan Roots                         61 us, parallelism: 2.51x
[22.902s][info][gc,stats    ]     S: <total>                      153 us
[22.902s][info][gc,stats    ]     S: Thread Roots                 153 us, workers (us):  16,  21,  25,  10,  25,  12,  32,  12, 
[22.902s][info][gc,stats    ] Concurrent Marking                10033 us
[22.902s][info][gc,stats    ]   Roots                              62 us, parallelism: 0.79x
[22.902s][info][gc,stats    ]     CM: <total>                      49 us
[22.902s][info][gc,stats    ]     CM: VM Strong Roots              10 us, workers (us):   6,   2,   1,   1, ---, ---, ---, ---, 
[22.902s][info][gc,stats    ]     CM: CLDG Roots                   40 us, workers (us):  38,   2, ---, ---, ---, ---, ---, ---, 
[22.902s][info][gc,stats    ] Pause Final Mark (G)                497 us
[22.902s][info][gc,stats    ] Pause Final Mark (N)                319 us
[22.902s][info][gc,stats    ]   Finish Queues                     157 us
[22.902s][info][gc,stats    ]   Update Region States               40 us
[22.902s][info][gc,stats    ]   Manage GC/TLABs                     4 us
[22.902s][info][gc,stats    ]   Choose Collection Set              48 us
[22.902s][info][gc,stats    ]   Rebuild Free Set                   11 us
[22.902s][info][gc,stats    ] Concurrent Weak References          112 us
[22.902s][info][gc,stats    ]   Process                            63 us
[22.902s][info][gc,stats    ] Concurrent Weak Roots               137 us
[22.902s][info][gc,stats    ]   Roots                              81 us, parallelism: 0.46x
[22.902s][info][gc,stats    ]     CWR: <total>                     37 us
[22.902s][info][gc,stats    ]     CWR: VM Weak Roots               35 us, workers (us):  18,  14,   2,   1, ---, ---, ---, ---, 
[22.902s][info][gc,stats    ]     CWR: CLDG Roots                   2 us, workers (us): ---,   2, ---, ---, ---, ---, ---, ---, 
[22.902s][info][gc,stats    ]   Rendezvous                         25 us
[22.902s][info][gc,stats    ] Concurrent Cleanup                  299 us
[22.902s][info][gc,stats    ] Concurrent Class Unloading          367 us
[22.902s][info][gc,stats    ]   Unlink Stale                      261 us
[22.902s][info][gc,stats    ]     System Dictionary                 2 us
[22.902s][info][gc,stats    ]     Weak Class Links                  0 us
[22.902s][info][gc,stats    ]     Code Roots                      258 us
[22.902s][info][gc,stats    ]   Rendezvous                         30 us
[22.902s][info][gc,stats    ]   Purge Unlinked                     32 us
[22.902s][info][gc,stats    ]     Code Roots                       26 us
[22.903s][info][gc,stats    ]     CLDG                              4 us
[22.903s][info][gc,stats    ]     Exception Caches                  0 us
[22.903s][info][gc,stats    ] Rendezvous                           47 us
[22.903s][info][gc,stats    ] 
[22.903s][info][gc,stats    ] Allocation pacing accrued:
[22.903s][info][gc,stats    ]       0 of  6639 ms (  0.0%): <total>
[22.903s][info][gc,stats    ]       0 of  6639 ms (  0.0%): <average total>
[22.903s][info][gc,stats    ] 
[22.903s][info][gc,metaspace] Metaspace: 828K(960K)->828K(960K) NonClass: 774K(832K)->774K(832K) Class: 53K(128K)->53K(128K)
[22.903s][info][gc,ergo     ] Pacer for Idle. Initial: 163M, Alloc Tax Rate: 1.0x
[29.529s][info][gc          ] Trigger: Free (804M) is below minimum threshold (819M)
[29.529s][info][gc,ergo     ] Free: 804M, Max: 4096K regular, 776M humongous, Frag: 4% external, 0% internal; Reserve: 412M, Max: 4096K
[29.529s][info][gc,start    ] GC(7) Concurrent reset
[29.529s][info][gc,task     ] GC(7) Using 4 of 8 workers for concurrent reset
[29.529s][info][gc,ergo     ] GC(7) Pacer for Reset. Non-Taxable: 8192M
[29.529s][info][gc          ] GC(7) Concurrent reset 0.574ms
[29.530s][info][gc,start    ] GC(7) Pause Init Mark (unload classes)
[29.530s][info][gc,task     ] GC(7) Using 8 of 8 workers for init marking
[29.530s][info][gc,ergo     ] GC(7) Pacer for Mark. Expected Live: 129M, Free: 804M, Non-Taxable: 82329K, Alloc Tax Rate: 0.2x
[29.530s][info][gc          ] GC(7) Pause Init Mark (unload classes) 0.289ms
[29.530s][info][gc,start    ] GC(7) Concurrent marking (unload classes)
[29.530s][info][gc,task     ] GC(7) Using 4 of 8 workers for concurrent marking
[29.540s][info][gc          ] GC(7) Concurrent marking (unload classes) 9.952ms
[29.540s][info][gc,start    ] GC(7) Pause Final Mark (unload classes)
[29.540s][info][gc,task     ] GC(7) Using 8 of 8 workers for final marking
[29.540s][info][gc,ergo     ] GC(7) Collectable Garbage: 6816M (99%), Immediate: 6816M (99%), CSet: 0B (0%)
[29.540s][info][gc          ] GC(7) Pause Final Mark (unload classes) 0.268ms
[29.540s][info][gc,start    ] GC(7) Concurrent weak references
[29.540s][info][gc,task     ] GC(7) Using 4 of 8 workers for concurrent weak references
[29.540s][info][gc,ref      ] GC(7) Encountered references: Soft: 82, Weak: 199, Final: 0, Phantom: 5
[29.541s][info][gc,ref      ] GC(7) Discovered  references: Soft: 0, Weak: 55, Final: 0, Phantom: 4
[29.541s][info][gc,ref      ] GC(7) Enqueued    references: Soft: 0, Weak: 0, Final: 0, Phantom: 0
[29.541s][info][gc          ] GC(7) Concurrent weak references 0.099ms
[29.541s][info][gc,start    ] GC(7) Concurrent weak roots
[29.541s][info][gc,task     ] GC(7) Using 4 of 8 workers for concurrent weak root
[29.541s][info][gc          ] GC(7) Concurrent weak roots 0.187ms
[29.541s][info][gc,start    ] GC(7) Concurrent cleanup
[29.541s][info][gc          ] GC(7) Concurrent cleanup 7008M->192M(8192M) 0.477ms
[29.541s][info][gc,ergo     ] GC(7) Free: 7588M, Max: 4096K regular, 6708M humongous, Frag: 12% external, 0% internal; Reserve: 412M, Max: 4096K
[29.541s][info][gc,start    ] GC(7) Concurrent class unloading
[29.541s][info][gc,task     ] GC(7) Using 4 of 8 workers for concurrent class unloading
[29.542s][info][gc          ] GC(7) Concurrent class unloading 0.327ms
[29.542s][info][gc,start    ] GC(7) Rendezvous roots
[29.542s][info][gc          ] GC(7) Rendezvous roots 0.060ms
[29.542s][info][gc,ergo     ] Free: 7588M, Max: 4096K regular, 6708M humongous, Frag: 12% external, 0% internal; Reserve: 412M, Max: 4096K
[29.542s][info][gc,stats    ] 
[29.542s][info][gc,stats    ] All times are wall-clock times, except per-root-class counters, that are sum over
[29.542s][info][gc,stats    ] all workers. Dividing the <total> over the root stage time estimates parallelism.
[29.542s][info][gc,stats    ] 
[29.542s][info][gc,stats    ] Concurrent Reset                    603 us
[29.542s][info][gc,stats    ] Pause Init Mark (G)                 510 us
[29.542s][info][gc,stats    ] Pause Init Mark (N)                 303 us
[29.542s][info][gc,stats    ]   Manage TLABs                        4 us
[29.542s][info][gc,stats    ]   Update Region States               53 us
[29.542s][info][gc,stats    ]   Scan Roots                         76 us, parallelism: 1.95x
[29.542s][info][gc,stats    ]     S: <total>                      149 us
[29.542s][info][gc,stats    ]     S: Thread Roots                 149 us, workers (us):  49,  28,  15,  22,  18,  16,   2,   1, 
[29.542s][info][gc,stats    ] Concurrent Marking                 9991 us
[29.542s][info][gc,stats    ]   Roots                              67 us, parallelism: 0.79x
[29.542s][info][gc,stats    ]     CM: <total>                      53 us
[29.542s][info][gc,stats    ]     CM: VM Strong Roots               9 us, workers (us):   5,   2,   1,   1, ---, ---, ---, ---, 
[29.542s][info][gc,stats    ]     CM: CLDG Roots                   44 us, workers (us):  43,   1, ---, ---, ---, ---, ---, ---, 
[29.542s][info][gc,stats    ] Pause Final Mark (G)                457 us
[29.542s][info][gc,stats    ] Pause Final Mark (N)                280 us
[29.542s][info][gc,stats    ]   Finish Queues                     140 us
[29.542s][info][gc,stats    ]   Update Region States               29 us
[29.542s][info][gc,stats    ]   Manage GC/TLABs                     4 us
[29.542s][info][gc,stats    ]   Choose Collection Set              41 us
[29.542s][info][gc,stats    ]   Rebuild Free Set                   12 us
[29.542s][info][gc,stats    ] Concurrent Weak References          109 us
[29.542s][info][gc,stats    ]   Process                            59 us
[29.542s][info][gc,stats    ] Concurrent Weak Roots               212 us
[29.542s][info][gc,stats    ]   Roots                              98 us, parallelism: 0.36x
[29.542s][info][gc,stats    ]     CWR: <total>                     35 us
[29.542s][info][gc,stats    ]     CWR: VM Weak Roots               33 us, workers (us):  16,  14,   2,   1, ---, ---, ---, ---, 
[29.542s][info][gc,stats    ]     CWR: CLDG Roots                   2 us, workers (us):   2, ---, ---, ---, ---, ---, ---, ---, 
[29.542s][info][gc,stats    ]   Rendezvous                         67 us
[29.542s][info][gc,stats    ] Concurrent Cleanup                  490 us
[29.542s][info][gc,stats    ] Concurrent Class Unloading          351 us
[29.542s][info][gc,stats    ]   Unlink Stale                      232 us
[29.542s][info][gc,stats    ]     System Dictionary                 3 us
[29.542s][info][gc,stats    ]     Weak Class Links                  0 us
[29.542s][info][gc,stats    ]     Code Roots                      228 us
[29.542s][info][gc,stats    ]   Rendezvous                         39 us
[29.542s][info][gc,stats    ]   Purge Unlinked                     34 us
[29.542s][info][gc,stats    ]     Code Roots                       28 us
[29.542s][info][gc,stats    ]     CLDG                              4 us
[29.542s][info][gc,stats    ]     Exception Caches                  0 us
[29.542s][info][gc,stats    ] Rendezvous                           85 us
[29.542s][info][gc,stats    ] 
[29.542s][info][gc,stats    ] Allocation pacing accrued:
[29.542s][info][gc,stats    ]       0 of  6640 ms (  0.0%): <total>
[29.542s][info][gc,stats    ]       0 of  6640 ms (  0.0%): <average total>
[29.542s][info][gc,stats    ] 
[29.542s][info][gc,metaspace] Metaspace: 828K(960K)->828K(960K) NonClass: 774K(832K)->774K(832K) Class: 53K(128K)->53K(128K)
[29.542s][info][gc,ergo     ] Pacer for Idle. Initial: 163M, Alloc Tax Rate: 1.0x
[36.161s][info][gc          ] Trigger: Free (812M) is below minimum threshold (819M)
[36.161s][info][gc,ergo     ] Free: 812M, Max: 4096K regular, 772M humongous, Frag: 5% external, 0% internal; Reserve: 412M, Max: 4096K
[36.161s][info][gc,start    ] GC(8) Concurrent reset
[36.161s][info][gc,task     ] GC(8) Using 4 of 8 workers for concurrent reset
[36.161s][info][gc,ergo     ] GC(8) Pacer for Reset. Non-Taxable: 8192M
[36.161s][info][gc          ] GC(8) Concurrent reset 0.280ms
[36.161s][info][gc,start    ] GC(8) Pause Init Mark (unload classes)
[36.161s][info][gc,task     ] GC(8) Using 8 of 8 workers for init marking
[36.161s][info][gc,ergo     ] GC(8) Pacer for Mark. Expected Live: 129M, Free: 812M, Non-Taxable: 83148K, Alloc Tax Rate: 0.2x
[36.161s][info][gc          ] GC(8) Pause Init Mark (unload classes) 0.186ms
[36.161s][info][gc,start    ] GC(8) Concurrent marking (unload classes)
[36.161s][info][gc,task     ] GC(8) Using 4 of 8 workers for concurrent marking
[36.171s][info][gc          ] GC(8) Concurrent marking (unload classes) 9.699ms
[36.171s][info][gc,start    ] GC(8) Pause Final Mark (unload classes)
[36.171s][info][gc,task     ] GC(8) Using 8 of 8 workers for final marking
[36.171s][info][gc,ergo     ] GC(8) Collectable Garbage: 6808M (99%), Immediate: 6808M (99%), CSet: 0B (0%)
[36.171s][info][gc          ] GC(8) Pause Final Mark (unload classes) 0.277ms
[36.171s][info][gc,start    ] GC(8) Concurrent weak references
[36.171s][info][gc,task     ] GC(8) Using 4 of 8 workers for concurrent weak references
[36.172s][info][gc,ref      ] GC(8) Encountered references: Soft: 82, Weak: 200, Final: 0, Phantom: 5
[36.172s][info][gc,ref      ] GC(8) Discovered  references: Soft: 0, Weak: 156, Final: 0, Phantom: 3
[36.172s][info][gc,ref      ] GC(8) Enqueued    references: Soft: 0, Weak: 0, Final: 0, Phantom: 0
[36.172s][info][gc          ] GC(8) Concurrent weak references 0.093ms
[36.172s][info][gc,start    ] GC(8) Concurrent weak roots
[36.172s][info][gc,task     ] GC(8) Using 4 of 8 workers for concurrent weak root
[36.172s][info][gc          ] GC(8) Concurrent weak roots 0.146ms
[36.172s][info][gc,start    ] GC(8) Concurrent cleanup
[36.172s][info][gc          ] GC(8) Concurrent cleanup 6984M->176M(8192M) 0.291ms
[36.172s][info][gc,ergo     ] GC(8) Free: 7604M, Max: 4096K regular, 6696M humongous, Frag: 12% external, 0% internal; Reserve: 412M, Max: 4096K
[36.172s][info][gc,start    ] GC(8) Concurrent class unloading
[36.172s][info][gc,task     ] GC(8) Using 4 of 8 workers for concurrent class unloading
[36.172s][info][gc          ] GC(8) Concurrent class unloading 0.349ms
[36.172s][info][gc,start    ] GC(8) Rendezvous roots
[36.173s][info][gc          ] GC(8) Rendezvous roots 0.039ms
[36.173s][info][gc,ergo     ] Free: 7604M, Max: 4096K regular, 6696M humongous, Frag: 12% external, 0% internal; Reserve: 412M, Max: 4096K
[36.173s][info][gc,stats    ] 
[36.173s][info][gc,stats    ] All times are wall-clock times, except per-root-class counters, that are sum over
[36.173s][info][gc,stats    ] all workers. Dividing the <total> over the root stage time estimates parallelism.
[36.173s][info][gc,stats    ] 
[36.173s][info][gc,stats    ] Concurrent Reset                    299 us
[36.173s][info][gc,stats    ] Pause Init Mark (G)                 395 us
[36.173s][info][gc,stats    ] Pause Init Mark (N)                 199 us
[36.173s][info][gc,stats    ]   Manage TLABs                        3 us
[36.173s][info][gc,stats    ]   Update Region States               38 us
[36.173s][info][gc,stats    ]   Scan Roots                         66 us, parallelism: 1.78x
[36.173s][info][gc,stats    ]     S: <total>                      118 us
[36.173s][info][gc,stats    ]     S: Thread Roots                 118 us, workers (us):  32,  45,  13,  12,   1,  13,   1,   0, 
[36.173s][info][gc,stats    ] Concurrent Marking                 9729 us
[36.173s][info][gc,stats    ]   Roots                              77 us, parallelism: 0.81x
[36.173s][info][gc,stats    ]     CM: <total>                      62 us
[36.173s][info][gc,stats    ]     CM: VM Strong Roots              10 us, workers (us):   5,   2,   1,   1, ---, ---, ---, ---, 
[36.173s][info][gc,stats    ]     CM: CLDG Roots                   53 us, workers (us): ---,   1,  51, ---, ---, ---, ---, ---, 
[36.173s][info][gc,stats    ] Pause Final Mark (G)                390 us
[36.173s][info][gc,stats    ] Pause Final Mark (N)                290 us
[36.173s][info][gc,stats    ]   Finish Queues                     154 us
[36.173s][info][gc,stats    ]   Update Region States               33 us
[36.173s][info][gc,stats    ]   Manage GC/TLABs                     3 us
[36.173s][info][gc,stats    ]   Choose Collection Set              46 us
[36.173s][info][gc,stats    ]   Rebuild Free Set                   11 us
[36.173s][info][gc,stats    ] Concurrent Weak References          125 us
[36.173s][info][gc,stats    ]   Process                            54 us
[36.173s][info][gc,stats    ] Concurrent Weak Roots               170 us
[36.173s][info][gc,stats    ]   Roots                              99 us, parallelism: 0.36x
[36.173s][info][gc,stats    ]     CWR: <total>                     35 us
[36.173s][info][gc,stats    ]     CWR: VM Weak Roots               34 us, workers (us):  29,   2,   2,   2, ---, ---, ---, ---, 
[36.173s][info][gc,stats    ]     CWR: CLDG Roots                   1 us, workers (us):   1, ---, ---, ---, ---, ---, ---, ---, 
[36.173s][info][gc,stats    ]   Rendezvous                         27 us
[36.173s][info][gc,stats    ] Concurrent Cleanup                  302 us
[36.173s][info][gc,stats    ] Concurrent Class Unloading          374 us
[36.173s][info][gc,stats    ]   Unlink Stale                      263 us
[36.173s][info][gc,stats    ]     System Dictionary                 2 us
[36.173s][info][gc,stats    ]     Weak Class Links                  0 us
[36.173s][info][gc,stats    ]     Code Roots                      260 us
[36.173s][info][gc,stats    ]   Rendezvous                         30 us
[36.173s][info][gc,stats    ]   Purge Unlinked                     34 us
[36.173s][info][gc,stats    ]     Code Roots                       28 us
[36.173s][info][gc,stats    ]     CLDG                              5 us
[36.173s][info][gc,stats    ]     Exception Caches                  0 us
[36.173s][info][gc,stats    ] Rendezvous                           63 us
[36.173s][info][gc,stats    ] 
[36.173s][info][gc,stats    ] Allocation pacing accrued:
[36.173s][info][gc,stats    ]       0 of  6631 ms (  0.0%): <total>
[36.173s][info][gc,stats    ]       0 of  6631 ms (  0.0%): <average total>
[36.173s][info][gc,stats    ] 
[36.173s][info][gc,metaspace] Metaspace: 828K(960K)->828K(960K) NonClass: 774K(832K)->774K(832K) Class: 53K(128K)->53K(128K)
[36.173s][info][gc,ergo     ] Pacer for Idle. Initial: 163M, Alloc Tax Rate: 1.0x
[42.800s][info][gc          ] Trigger: Free (808M) is below minimum threshold (819M)
[42.800s][info][gc,ergo     ] Free: 808M, Max: 4096K regular, 808M humongous, Frag: 0% external, 0% internal; Reserve: 412M, Max: 4096K
[42.800s][info][gc,start    ] GC(9) Concurrent reset
[42.800s][info][gc,task     ] GC(9) Using 4 of 8 workers for concurrent reset
[42.800s][info][gc,ergo     ] GC(9) Pacer for Reset. Non-Taxable: 8192M
[42.800s][info][gc          ] GC(9) Concurrent reset 0.372ms
[42.800s][info][gc,start    ] GC(9) Pause Init Mark (unload classes)
[42.800s][info][gc,task     ] GC(9) Using 8 of 8 workers for init marking
[42.800s][info][gc,ergo     ] GC(9) Pacer for Mark. Expected Live: 129M, Free: 808M, Non-Taxable: 82739K, Alloc Tax Rate: 0.2x
[42.800s][info][gc          ] GC(9) Pause Init Mark (unload classes) 0.183ms
[42.801s][info][gc,start    ] GC(9) Concurrent marking (unload classes)
[42.801s][info][gc,task     ] GC(9) Using 4 of 8 workers for concurrent marking
[42.811s][info][gc          ] GC(9) Concurrent marking (unload classes) 9.924ms
[42.811s][info][gc,start    ] GC(9) Pause Final Mark (unload classes)
[42.811s][info][gc,task     ] GC(9) Using 8 of 8 workers for final marking
[42.811s][info][gc,ergo     ] GC(9) Collectable Garbage: 6812M (99%), Immediate: 6812M (99%), CSet: 0B (0%)
[42.811s][info][gc          ] GC(9) Pause Final Mark (unload classes) 0.333ms
[42.811s][info][gc,start    ] GC(9) Concurrent weak references
[42.811s][info][gc,task     ] GC(9) Using 4 of 8 workers for concurrent weak references
[42.811s][info][gc,ref      ] GC(9) Encountered references: Soft: 82, Weak: 200, Final: 0, Phantom: 5
[42.811s][info][gc,ref      ] GC(9) Discovered  references: Soft: 0, Weak: 156, Final: 0, Phantom: 5
[42.811s][info][gc,ref      ] GC(9) Enqueued    references: Soft: 0, Weak: 0, Final: 0, Phantom: 0
[42.811s][info][gc          ] GC(9) Concurrent weak references 0.107ms
[42.811s][info][gc,start    ] GC(9) Concurrent weak roots
[42.811s][info][gc,task     ] GC(9) Using 4 of 8 workers for concurrent weak root
[42.811s][info][gc          ] GC(9) Concurrent weak roots 0.148ms
[42.811s][info][gc,start    ] GC(9) Concurrent cleanup
[42.812s][info][gc          ] GC(9) Concurrent cleanup 6992M->180M(8192M) 0.281ms
[42.812s][info][gc,ergo     ] GC(9) Free: 7600M, Max: 4096K regular, 6716M humongous, Frag: 12% external, 0% internal; Reserve: 412M, Max: 4096K
[42.812s][info][gc,start    ] GC(9) Concurrent class unloading
[42.812s][info][gc,task     ] GC(9) Using 4 of 8 workers for concurrent class unloading
[42.812s][info][gc          ] GC(9) Concurrent class unloading 0.346ms
[42.812s][info][gc,start    ] GC(9) Rendezvous roots
[42.812s][info][gc          ] GC(9) Rendezvous roots 0.035ms
[42.812s][info][gc,ergo     ] Free: 7600M, Max: 4096K regular, 6716M humongous, Frag: 12% external, 0% internal; Reserve: 412M, Max: 4096K
[42.812s][info][gc,stats    ] 
[42.812s][info][gc,stats    ] All times are wall-clock times, except per-root-class counters, that are sum over
[42.812s][info][gc,stats    ] all workers. Dividing the <total> over the root stage time estimates parallelism.
[42.812s][info][gc,stats    ] 
[42.812s][info][gc,stats    ] Concurrent Reset                    402 us
[42.812s][info][gc,stats    ] Pause Init Mark (G)                 384 us
[42.812s][info][gc,stats    ] Pause Init Mark (N)                 196 us
[42.812s][info][gc,stats    ]   Manage TLABs                        4 us
[42.812s][info][gc,stats    ]   Update Region States               40 us
[42.812s][info][gc,stats    ]   Scan Roots                         57 us, parallelism: 2.20x
[42.812s][info][gc,stats    ]     S: <total>                      125 us
[42.812s][info][gc,stats    ]     S: Thread Roots                 125 us, workers (us):  27,  35,  14,  13,  23,  13,   1,   1, 
[42.812s][info][gc,stats    ] Concurrent Marking                 9951 us
[42.812s][info][gc,stats    ]   Roots                              62 us, parallelism: 0.78x
[42.812s][info][gc,stats    ]     CM: <total>                      49 us
[42.812s][info][gc,stats    ]     CM: VM Strong Roots              10 us, workers (us):   4,   4,   1,   1, ---, ---, ---, ---, 
[42.812s][info][gc,stats    ]     CM: CLDG Roots                   39 us, workers (us):  38,   1, ---, ---, ---, ---, ---, ---, 
[42.812s][info][gc,stats    ] Pause Final Mark (G)                428 us
[42.812s][info][gc,stats    ] Pause Final Mark (N)                346 us
[42.812s][info][gc,stats    ]   Finish Queues                     187 us
[42.812s][info][gc,stats    ]   Update Region States               31 us
[42.812s][info][gc,stats    ]   Manage GC/TLABs                     4 us
[42.812s][info][gc,stats    ]   Choose Collection Set              57 us
[42.812s][info][gc,stats    ]   Rebuild Free Set                   11 us
[42.812s][info][gc,stats    ] Concurrent Weak References          117 us
[42.812s][info][gc,stats    ]   Process                            70 us
[42.812s][info][gc,stats    ] Concurrent Weak Roots               163 us
[42.812s][info][gc,stats    ]   Roots                             103 us, parallelism: 0.35x
[42.812s][info][gc,stats    ]     CWR: <total>                     36 us
[42.812s][info][gc,stats    ]     CWR: VM Weak Roots               34 us, workers (us):  29,   2,   2,   2, ---, ---, ---, ---, 
[42.812s][info][gc,stats    ]     CWR: CLDG Roots                   1 us, workers (us):   1, ---, ---, ---, ---, ---, ---, ---, 
[42.812s][info][gc,stats    ]   Rendezvous                         26 us
[42.812s][info][gc,stats    ] Concurrent Cleanup                  292 us
[42.812s][info][gc,stats    ] Concurrent Class Unloading          369 us
[42.812s][info][gc,stats    ]   Unlink Stale                      258 us
[42.812s][info][gc,stats    ]     System Dictionary                 2 us
[42.812s][info][gc,stats    ]     Weak Class Links                  0 us
[42.812s][info][gc,stats    ]     Code Roots                      254 us
[42.812s][info][gc,stats    ]   Rendezvous                         30 us
[42.812s][info][gc,stats    ]   Purge Unlinked                     37 us
[42.812s][info][gc,stats    ]     Code Roots                       32 us
[42.812s][info][gc,stats    ]     CLDG                              4 us
[42.812s][info][gc,stats    ]     Exception Caches                  0 us
[42.812s][info][gc,stats    ] Rendezvous                           46 us
[42.812s][info][gc,stats    ] 
[42.812s][info][gc,stats    ] Allocation pacing accrued:
[42.812s][info][gc,stats    ]       0 of  6639 ms (  0.0%): <total>
[42.812s][info][gc,stats    ]       0 of  6639 ms (  0.0%): <average total>
[42.812s][info][gc,stats    ] 
[42.812s][info][gc,metaspace] Metaspace: 828K(960K)->828K(960K) NonClass: 774K(832K)->774K(832K) Class: 53K(128K)->53K(128K)
[42.812s][info][gc,ergo     ] Pacer for Idle. Initial: 163M, Alloc Tax Rate: 1.0x
[49.420s][info][gc          ] Trigger: Free (816M) is below minimum threshold (819M)
[49.420s][info][gc,ergo     ] Free: 816M, Max: 4096K regular, 788M humongous, Frag: 4% external, 0% internal; Reserve: 412M, Max: 4096K
[49.420s][info][gc,start    ] GC(10) Concurrent reset
[49.420s][info][gc,task     ] GC(10) Using 4 of 8 workers for concurrent reset
[49.420s][info][gc,ergo     ] GC(10) Pacer for Reset. Non-Taxable: 8192M
[49.420s][info][gc          ] GC(10) Concurrent reset 0.237ms
[49.421s][info][gc,start    ] GC(10) Pause Init Mark (unload classes)
[49.421s][info][gc,task     ] GC(10) Using 8 of 8 workers for init marking
[49.421s][info][gc,ergo     ] GC(10) Pacer for Mark. Expected Live: 129M, Free: 816M, Non-Taxable: 83558K, Alloc Tax Rate: 0.2x
[49.421s][info][gc          ] GC(10) Pause Init Mark (unload classes) 0.118ms
[49.421s][info][gc,start    ] GC(10) Concurrent marking (unload classes)
[49.421s][info][gc,task     ] GC(10) Using 4 of 8 workers for concurrent marking
[49.429s][info][gc          ] GC(10) Concurrent marking (unload classes) 8.609ms
[49.429s][info][gc,start    ] GC(10) Pause Final Mark (unload classes)
[49.429s][info][gc,task     ] GC(10) Using 8 of 8 workers for final marking
[49.430s][info][gc,ergo     ] GC(10) Collectable Garbage: 6804M (99%), Immediate: 6804M (99%), CSet: 0B (0%)
[49.430s][info][gc          ] GC(10) Pause Final Mark (unload classes) 0.217ms
[49.430s][info][gc,start    ] GC(10) Concurrent weak references
[49.430s][info][gc,task     ] GC(10) Using 4 of 8 workers for concurrent weak references
[49.430s][info][gc,ref      ] GC(10) Encountered references: Soft: 82, Weak: 200, Final: 0, Phantom: 5
[49.430s][info][gc,ref      ] GC(10) Discovered  references: Soft: 0, Weak: 122, Final: 0, Phantom: 5
[49.430s][info][gc,ref      ] GC(10) Enqueued    references: Soft: 0, Weak: 0, Final: 0, Phantom: 0
[49.430s][info][gc          ] GC(10) Concurrent weak references 0.065ms
[49.430s][info][gc,start    ] GC(10) Concurrent weak roots
[49.430s][info][gc,task     ] GC(10) Using 4 of 8 workers for concurrent weak root
[49.430s][info][gc          ] GC(10) Concurrent weak roots 0.183ms
[49.430s][info][gc,start    ] GC(10) Concurrent cleanup
[49.430s][info][gc          ] GC(10) Concurrent cleanup 6996M->192M(8192M) 0.505ms
[49.431s][info][gc,ergo     ] GC(10) Free: 7588M, Max: 4096K regular, 6704M humongous, Frag: 12% external, 0% internal; Reserve: 412M, Max: 4096K
[49.431s][info][gc,start    ] GC(10) Concurrent class unloading
[49.431s][info][gc,task     ] GC(10) Using 4 of 8 workers for concurrent class unloading
[49.431s][info][gc          ] GC(10) Concurrent class unloading 0.274ms
[49.431s][info][gc,start    ] GC(10) Rendezvous roots
[49.431s][info][gc          ] GC(10) Rendezvous roots 0.024ms
[49.431s][info][gc,ergo     ] Free: 7588M, Max: 4096K regular, 6704M humongous, Frag: 12% external, 0% internal; Reserve: 412M, Max: 4096K
[49.431s][info][gc,stats    ] 
[49.431s][info][gc,stats    ] All times are wall-clock times, except per-root-class counters, that are sum over
[49.431s][info][gc,stats    ] all workers. Dividing the <total> over the root stage time estimates parallelism.
[49.431s][info][gc,stats    ] 
[49.431s][info][gc,stats    ] Concurrent Reset                    262 us
[49.431s][info][gc,stats    ] Pause Init Mark (G)                 169 us
[49.431s][info][gc,stats    ] Pause Init Mark (N)                 128 us
[49.431s][info][gc,stats    ]   Manage TLABs                        3 us
[49.431s][info][gc,stats    ]   Update Region States               20 us
[49.431s][info][gc,stats    ]   Scan Roots                         36 us, parallelism: 2.61x
[49.431s][info][gc,stats    ]     S: <total>                       95 us
[49.431s][info][gc,stats    ]     S: Thread Roots                  95 us, workers (us):  14,  17,  16,  21,   9,  10,   8,   1, 
[49.431s][info][gc,stats    ] Concurrent Marking                 8648 us
[49.431s][info][gc,stats    ]   Roots                              49 us, parallelism: 0.84x
[49.431s][info][gc,stats    ]     CM: <total>                      41 us
[49.431s][info][gc,stats    ]     CM: VM Strong Roots               7 us, workers (us):   3,   2,   1,   1, ---, ---, ---, ---, 
[49.431s][info][gc,stats    ]     CM: CLDG Roots                   34 us, workers (us):   1, ---,  33, ---, ---, ---, ---, ---, 
[49.431s][info][gc,stats    ] Pause Final Mark (G)                395 us
[49.431s][info][gc,stats    ] Pause Final Mark (N)                228 us
[49.431s][info][gc,stats    ]   Finish Queues                      96 us
[49.431s][info][gc,stats    ]   Update Region States               23 us
[49.431s][info][gc,stats    ]   Manage GC/TLABs                     2 us
[49.431s][info][gc,stats    ]   Choose Collection Set              47 us
[49.431s][info][gc,stats    ]   Rebuild Free Set                   10 us
[49.431s][info][gc,stats    ] Concurrent Weak References           73 us
[49.431s][info][gc,stats    ]   Process                            42 us
[49.431s][info][gc,stats    ] Concurrent Weak Roots               202 us
[49.431s][info][gc,stats    ]   Roots                             101 us, parallelism: 0.35x
[49.431s][info][gc,stats    ]     CWR: <total>                     35 us
[49.431s][info][gc,stats    ]     CWR: VM Weak Roots               34 us, workers (us):  12,  11,  10,   1, ---, ---, ---, ---, 
[49.431s][info][gc,stats    ]     CWR: CLDG Roots                   1 us, workers (us):   1, ---, ---, ---, ---, ---, ---, ---, 
[49.431s][info][gc,stats    ]   Rendezvous                         65 us
[49.431s][info][gc,stats    ] Concurrent Cleanup                  516 us
[49.431s][info][gc,stats    ] Concurrent Class Unloading          287 us
[49.431s][info][gc,stats    ]   Unlink Stale                      219 us
[49.431s][info][gc,stats    ]     System Dictionary                 3 us
[49.431s][info][gc,stats    ]     Weak Class Links                  0 us
[49.431s][info][gc,stats    ]     Code Roots                      214 us
[49.431s][info][gc,stats    ]   Rendezvous                         18 us
[49.431s][info][gc,stats    ]   Purge Unlinked                     19 us
[49.431s][info][gc,stats    ]     Code Roots                       16 us
[49.431s][info][gc,stats    ]     CLDG                              2 us
[49.431s][info][gc,stats    ]     Exception Caches                  0 us
[49.431s][info][gc,stats    ] Rendezvous                           33 us
[49.431s][info][gc,stats    ] 
[49.431s][info][gc,stats    ] Allocation pacing accrued:
[49.431s][info][gc,stats    ]       0 of  6619 ms (  0.0%): <total>
[49.431s][info][gc,stats    ]       0 of  6619 ms (  0.0%): <average total>
[49.431s][info][gc,stats    ] 
[49.431s][info][gc,metaspace] Metaspace: 828K(960K)->828K(960K) NonClass: 774K(832K)->774K(832K) Class: 53K(128K)->53K(128K)
[49.431s][info][gc,ergo     ] Pacer for Idle. Initial: 163M, Alloc Tax Rate: 1.0x
[56.050s][info][gc          ] Trigger: Free (808M) is below minimum threshold (819M)
[56.050s][info][gc,ergo     ] Free: 804M, Max: 4096K regular, 784M humongous, Frag: 3% external, 0% internal; Reserve: 412M, Max: 4096K
[56.050s][info][gc,start    ] GC(11) Concurrent reset
[56.050s][info][gc,task     ] GC(11) Using 4 of 8 workers for concurrent reset
[56.050s][info][gc,ergo     ] GC(11) Pacer for Reset. Non-Taxable: 8192M
[56.050s][info][gc          ] GC(11) Concurrent reset 0.199ms
[56.050s][info][gc,start    ] GC(11) Pause Init Mark (unload classes)
[56.050s][info][gc,task     ] GC(11) Using 8 of 8 workers for init marking
[56.050s][info][gc,ergo     ] GC(11) Pacer for Mark. Expected Live: 129M, Free: 804M, Non-Taxable: 82329K, Alloc Tax Rate: 0.2x
[56.050s][info][gc          ] GC(11) Pause Init Mark (unload classes) 0.106ms
[56.050s][info][gc,start    ] GC(11) Concurrent marking (unload classes)
[56.050s][info][gc,task     ] GC(11) Using 4 of 8 workers for concurrent marking
[56.059s][info][gc          ] GC(11) Concurrent marking (unload classes) 8.861ms
[56.059s][info][gc,start    ] GC(11) Pause Final Mark (unload classes)
[56.059s][info][gc,task     ] GC(11) Using 8 of 8 workers for final marking
[56.059s][info][gc,ergo     ] GC(11) Collectable Garbage: 6816M (99%), Immediate: 6816M (99%), CSet: 0B (0%)
[56.059s][info][gc          ] GC(11) Pause Final Mark (unload classes) 0.201ms
[56.060s][info][gc,start    ] GC(11) Concurrent weak references
[56.060s][info][gc,task     ] GC(11) Using 4 of 8 workers for concurrent weak references
[56.060s][info][gc,ref      ] GC(11) Encountered references: Soft: 82, Weak: 200, Final: 0, Phantom: 5
[56.060s][info][gc,ref      ] GC(11) Discovered  references: Soft: 0, Weak: 54, Final: 0, Phantom: 5
[56.060s][info][gc,ref      ] GC(11) Enqueued    references: Soft: 0, Weak: 0, Final: 0, Phantom: 0
[56.060s][info][gc          ] GC(11) Concurrent weak references 0.152ms
[56.060s][info][gc,start    ] GC(11) Concurrent weak roots
[56.060s][info][gc,task     ] GC(11) Using 4 of 8 workers for concurrent weak root
[56.060s][info][gc          ] GC(11) Concurrent weak roots 0.196ms
[56.060s][info][gc,start    ] GC(11) Concurrent cleanup
[56.060s][info][gc          ] GC(11) Concurrent cleanup 7008M->192M(8192M) 0.355ms
[56.060s][info][gc,ergo     ] GC(11) Free: 7588M, Max: 4096K regular, 6716M humongous, Frag: 12% external, 0% internal; Reserve: 412M, Max: 4096K
[56.060s][info][gc,start    ] GC(11) Concurrent class unloading
[56.060s][info][gc,task     ] GC(11) Using 4 of 8 workers for concurrent class unloading
[56.061s][info][gc          ] GC(11) Concurrent class unloading 0.298ms
[56.061s][info][gc,start    ] GC(11) Rendezvous roots
[56.061s][info][gc          ] GC(11) Rendezvous roots 0.027ms
[56.061s][info][gc,ergo     ] Free: 7588M, Max: 4096K regular, 6716M humongous, Frag: 12% external, 0% internal; Reserve: 412M, Max: 4096K
[56.061s][info][gc,stats    ] 
[56.061s][info][gc,stats    ] All times are wall-clock times, except per-root-class counters, that are sum over
[56.061s][info][gc,stats    ] all workers. Dividing the <total> over the root stage time estimates parallelism.
[56.061s][info][gc,stats    ] 
[56.061s][info][gc,stats    ] Concurrent Reset                    226 us
[56.061s][info][gc,stats    ] Pause Init Mark (G)                 155 us
[56.061s][info][gc,stats    ] Pause Init Mark (N)                 117 us
[56.061s][info][gc,stats    ]   Manage TLABs                        4 us
[56.061s][info][gc,stats    ]   Update Region States               13 us
[56.061s][info][gc,stats    ]   Scan Roots                         29 us, parallelism: 2.78x
[56.061s][info][gc,stats    ]     S: <total>                       82 us
[56.061s][info][gc,stats    ]     S: Thread Roots                  82 us, workers (us):  13,  13,   7,  11,   8,  10,   8,  12, 
[56.061s][info][gc,stats    ] Concurrent Marking                 8913 us
[56.061s][info][gc,stats    ]   Roots                              43 us, parallelism: 0.89x
[56.061s][info][gc,stats    ]     CM: <total>                      38 us
[56.061s][info][gc,stats    ]     CM: VM Strong Roots               8 us, workers (us):   3,   2,   2,   1, ---, ---, ---, ---, 
[56.061s][info][gc,stats    ]     CM: CLDG Roots                   30 us, workers (us):   1,  29, ---, ---, ---, ---, ---, ---, 
[56.061s][info][gc,stats    ] Pause Final Mark (G)                368 us
[56.061s][info][gc,stats    ] Pause Final Mark (N)                213 us
[56.061s][info][gc,stats    ]   Finish Queues                      74 us
[56.061s][info][gc,stats    ]   Update Region States               23 us
[56.061s][info][gc,stats    ]   Manage GC/TLABs                     2 us
[56.061s][info][gc,stats    ]   Choose Collection Set              44 us
[56.061s][info][gc,stats    ]   Rebuild Free Set                   10 us
[56.061s][info][gc,stats    ] Concurrent Weak References          165 us
[56.061s][info][gc,stats    ]   Process                            72 us
[56.061s][info][gc,stats    ] Concurrent Weak Roots               212 us
[56.061s][info][gc,stats    ]   Roots                             100 us, parallelism: 0.38x
[56.061s][info][gc,stats    ]     CWR: <total>                     38 us
[56.061s][info][gc,stats    ]     CWR: VM Weak Roots               35 us, workers (us):  11,  10,   9,   5, ---, ---, ---, ---, 
[56.061s][info][gc,stats    ]     CWR: CLDG Roots                   3 us, workers (us): ---, ---, ---,   3, ---, ---, ---, ---, 
[56.061s][info][gc,stats    ]   Rendezvous                         71 us
[56.061s][info][gc,stats    ] Concurrent Cleanup                  368 us
[56.061s][info][gc,stats    ] Concurrent Class Unloading          312 us
[56.061s][info][gc,stats    ]   Unlink Stale                      234 us
[56.061s][info][gc,stats    ]     System Dictionary                 2 us
[56.061s][info][gc,stats    ]     Weak Class Links                  0 us
[56.061s][info][gc,stats    ]     Code Roots                      231 us
[56.061s][info][gc,stats    ]   Rendezvous                         22 us
[56.061s][info][gc,stats    ]   Purge Unlinked                     20 us
[56.061s][info][gc,stats    ]     Code Roots                       17 us
[56.061s][info][gc,stats    ]     CLDG                              2 us
[56.061s][info][gc,stats    ]     Exception Caches                  0 us
[56.061s][info][gc,stats    ] Rendezvous                           39 us
[56.061s][info][gc,stats    ] 
[56.061s][info][gc,stats    ] Allocation pacing accrued:
[56.061s][info][gc,stats    ]       0 of  6630 ms (  0.0%): <total>
[56.061s][info][gc,stats    ]       0 of  6630 ms (  0.0%): <average total>
[56.061s][info][gc,stats    ] 
[56.061s][info][gc,metaspace] Metaspace: 828K(960K)->828K(960K) NonClass: 774K(832K)->774K(832K) Class: 53K(128K)->53K(128K)
[56.061s][info][gc,ergo     ] Pacer for Idle. Initial: 163M, Alloc Tax Rate: 1.0x
[62.670s][info][gc          ] Trigger: Free (816M) is below minimum threshold (819M)
[62.670s][info][gc,ergo     ] Free: 816M, Max: 4096K regular, 772M humongous, Frag: 6% external, 0% internal; Reserve: 412M, Max: 4096K
[62.670s][info][gc,start    ] GC(12) Concurrent reset
[62.670s][info][gc,task     ] GC(12) Using 4 of 8 workers for concurrent reset
[62.670s][info][gc,ergo     ] GC(12) Pacer for Reset. Non-Taxable: 8192M
[62.671s][info][gc          ] GC(12) Concurrent reset 0.325ms
[62.671s][info][gc,start    ] GC(12) Pause Init Mark (unload classes)
[62.671s][info][gc,task     ] GC(12) Using 8 of 8 workers for init marking
[62.671s][info][gc,ergo     ] GC(12) Pacer for Mark. Expected Live: 129M, Free: 816M, Non-Taxable: 83558K, Alloc Tax Rate: 0.2x
[62.671s][info][gc          ] GC(12) Pause Init Mark (unload classes) 0.200ms
[62.671s][info][gc,start    ] GC(12) Concurrent marking (unload classes)
[62.671s][info][gc,task     ] GC(12) Using 4 of 8 workers for concurrent marking
[62.681s][info][gc          ] GC(12) Concurrent marking (unload classes) 10.037ms
[62.681s][info][gc,start    ] GC(12) Pause Final Mark (unload classes)
[62.681s][info][gc,task     ] GC(12) Using 8 of 8 workers for final marking
[62.681s][info][gc,ergo     ] GC(12) Collectable Garbage: 6784M (99%), Immediate: 6784M (99%), CSet: 0B (0%)
[62.681s][info][gc          ] GC(12) Pause Final Mark (unload classes) 0.317ms
[62.682s][info][gc,start    ] GC(12) Concurrent weak references
[62.682s][info][gc,task     ] GC(12) Using 4 of 8 workers for concurrent weak references
[62.682s][info][gc,ref      ] GC(12) Encountered references: Soft: 82, Weak: 200, Final: 0, Phantom: 5
[62.682s][info][gc,ref      ] GC(12) Discovered  references: Soft: 0, Weak: 55, Final: 0, Phantom: 4
[62.682s][info][gc,ref      ] GC(12) Enqueued    references: Soft: 0, Weak: 0, Final: 0, Phantom: 0
[62.682s][info][gc          ] GC(12) Concurrent weak references 0.098ms
[62.682s][info][gc,start    ] GC(12) Concurrent weak roots
[62.682s][info][gc,task     ] GC(12) Using 4 of 8 workers for concurrent weak root
[62.682s][info][gc          ] GC(12) Concurrent weak roots 0.171ms
[62.682s][info][gc,start    ] GC(12) Concurrent cleanup
[62.682s][info][gc          ] GC(12) Concurrent cleanup 6980M->196M(8192M) 0.304ms
[62.682s][info][gc,ergo     ] GC(12) Free: 7583M, Max: 4096K regular, 4348M humongous, Frag: 43% external, 0% internal; Reserve: 412M, Max: 4096K
[62.682s][info][gc,start    ] GC(12) Concurrent class unloading
[62.682s][info][gc,task     ] GC(12) Using 4 of 8 workers for concurrent class unloading
[62.683s][info][gc          ] GC(12) Concurrent class unloading 0.358ms
[62.683s][info][gc,start    ] GC(12) Rendezvous roots
[62.683s][info][gc          ] GC(12) Rendezvous roots 0.075ms
[62.683s][info][gc,ergo     ] Free: 7583M, Max: 4096K regular, 4348M humongous, Frag: 43% external, 0% internal; Reserve: 412M, Max: 4096K
[62.683s][info][gc,stats    ] 
[62.683s][info][gc,stats    ] All times are wall-clock times, except per-root-class counters, that are sum over
[62.683s][info][gc,stats    ] all workers. Dividing the <total> over the root stage time estimates parallelism.
[62.683s][info][gc,stats    ] 
[62.683s][info][gc,stats    ] Concurrent Reset                    361 us
[62.683s][info][gc,stats    ] Pause Init Mark (G)                 276 us
[62.683s][info][gc,stats    ] Pause Init Mark (N)                 218 us
[62.683s][info][gc,stats    ]   Manage TLABs                        4 us
[62.683s][info][gc,stats    ]   Update Region States               49 us
[62.683s][info][gc,stats    ]   Scan Roots                         51 us, parallelism: 2.02x
[62.683s][info][gc,stats    ]     S: <total>                      104 us
[62.683s][info][gc,stats    ]     S: Thread Roots                 104 us, workers (us):  25,  18,  10,   2,  15,  12,  12,  10, 
[62.683s][info][gc,stats    ] Concurrent Marking                10084 us
[62.683s][info][gc,stats    ]   Roots                              63 us, parallelism: 0.81x
[62.683s][info][gc,stats    ]     CM: <total>                      51 us
[62.683s][info][gc,stats    ]     CM: VM Strong Roots              10 us, workers (us):   6,   2,   2,   1, ---, ---, ---, ---, 
[62.683s][info][gc,stats    ]     CM: CLDG Roots                   41 us, workers (us):  39, ---,   1, ---, ---, ---, ---, ---, 
[62.683s][info][gc,stats    ] Pause Final Mark (G)                422 us
[62.683s][info][gc,stats    ] Pause Final Mark (N)                333 us
[62.683s][info][gc,stats    ]   Finish Queues                     180 us
[62.683s][info][gc,stats    ]   Update Region States               33 us
[62.683s][info][gc,stats    ]   Manage GC/TLABs                     3 us
[62.683s][info][gc,stats    ]   Choose Collection Set              51 us
[62.683s][info][gc,stats    ]   Rebuild Free Set                   11 us
[62.683s][info][gc,stats    ] Concurrent Weak References          110 us
[62.683s][info][gc,stats    ]   Process                            53 us
[62.683s][info][gc,stats    ] Concurrent Weak Roots               202 us
[62.683s][info][gc,stats    ]   Roots                             119 us, parallelism: 0.30x
[62.683s][info][gc,stats    ]     CWR: <total>                     35 us
[62.683s][info][gc,stats    ]     CWR: VM Weak Roots               33 us, workers (us):  29,   2,   2,   1, ---, ---, ---, ---, 
[62.683s][info][gc,stats    ]     CWR: CLDG Roots                   2 us, workers (us):   2, ---, ---, ---, ---, ---, ---, ---, 
[62.683s][info][gc,stats    ]   Rendezvous                         28 us
[62.683s][info][gc,stats    ] Concurrent Cleanup                  319 us
[62.683s][info][gc,stats    ] Concurrent Class Unloading          387 us
[62.683s][info][gc,stats    ]   Unlink Stale                      274 us
[62.683s][info][gc,stats    ]     System Dictionary                 2 us
[62.683s][info][gc,stats    ]     Weak Class Links                  0 us
[62.683s][info][gc,stats    ]     Code Roots                      270 us
[62.683s][info][gc,stats    ]   Rendezvous                         26 us
[62.683s][info][gc,stats    ]   Purge Unlinked                     31 us
[62.683s][info][gc,stats    ]     Code Roots                       26 us
[62.683s][info][gc,stats    ]     CLDG                              4 us
[62.683s][info][gc,stats    ]     Exception Caches                  0 us
[62.683s][info][gc,stats    ] Rendezvous                          104 us
[62.683s][info][gc,stats    ] 
[62.683s][info][gc,stats    ] Allocation pacing accrued:
[62.683s][info][gc,stats    ]       0 of  6622 ms (  0.0%): <total>
[62.683s][info][gc,stats    ]       0 of  6622 ms (  0.0%): <average total>
[62.683s][info][gc,stats    ] 
[62.683s][info][gc,metaspace] Metaspace: 828K(960K)->828K(960K) NonClass: 774K(832K)->774K(832K) Class: 53K(128K)->53K(128K)
[62.683s][info][gc,ergo     ] Pacer for Idle. Initial: 163M, Alloc Tax Rate: 1.0x
[69.279s][info][gc          ] Trigger: Free (816M) is below minimum threshold (819M)
[69.279s][info][gc,ergo     ] Free: 816M, Max: 4096K regular, 816M humongous, Frag: 0% external, 0% internal; Reserve: 412M, Max: 4096K
[69.279s][info][gc,start    ] GC(13) Concurrent reset
[69.279s][info][gc,task     ] GC(13) Using 4 of 8 workers for concurrent reset
[69.279s][info][gc,ergo     ] GC(13) Pacer for Reset. Non-Taxable: 8192M
[69.280s][info][gc          ] GC(13) Concurrent reset 0.314ms
[69.280s][info][gc,start    ] GC(13) Pause Init Mark (unload classes)
[69.280s][info][gc,task     ] GC(13) Using 8 of 8 workers for init marking
[69.280s][info][gc,ergo     ] GC(13) Pacer for Mark. Expected Live: 129M, Free: 816M, Non-Taxable: 83558K, Alloc Tax Rate: 0.2x
[69.280s][info][gc          ] GC(13) Pause Init Mark (unload classes) 0.122ms
[69.280s][info][gc,start    ] GC(13) Concurrent marking (unload classes)
[69.280s][info][gc,task     ] GC(13) Using 4 of 8 workers for concurrent marking
[69.289s][info][gc          ] GC(13) Concurrent marking (unload classes) 9.448ms
[69.289s][info][gc,start    ] GC(13) Pause Final Mark (unload classes)
[69.290s][info][gc,task     ] GC(13) Using 8 of 8 workers for final marking
[69.290s][info][gc,ergo     ] GC(13) Collectable Garbage: 6668M (97%), Immediate: 6668M (97%), CSet: 0B (0%)
[69.290s][info][gc          ] GC(13) Pause Final Mark (unload classes) 0.271ms
[69.290s][info][gc,start    ] GC(13) Concurrent weak references
[69.290s][info][gc,task     ] GC(13) Using 4 of 8 workers for concurrent weak references
[69.290s][info][gc,ref      ] GC(13) Encountered references: Soft: 82, Weak: 200, Final: 0, Phantom: 5
[69.290s][info][gc,ref      ] GC(13) Discovered  references: Soft: 0, Weak: 85, Final: 0, Phantom: 5
[69.290s][info][gc,ref      ] GC(13) Enqueued    references: Soft: 0, Weak: 0, Final: 0, Phantom: 0
[69.290s][info][gc          ] GC(13) Concurrent weak references 0.114ms
[69.290s][info][gc,start    ] GC(13) Concurrent weak roots
[69.290s][info][gc,task     ] GC(13) Using 4 of 8 workers for concurrent weak root
[69.290s][info][gc          ] GC(13) Concurrent weak roots 0.226ms
[69.290s][info][gc,start    ] GC(13) Concurrent cleanup
[69.291s][info][gc          ] GC(13) Concurrent cleanup 6996M->328M(8192M) 0.357ms
[69.291s][info][gc,ergo     ] GC(13) Free: 7452M, Max: 4096K regular, 2288M humongous, Frag: 70% external, 0% internal; Reserve: 412M, Max: 4096K
[69.291s][info][gc,start    ] GC(13) Concurrent class unloading
[69.291s][info][gc,task     ] GC(13) Using 4 of 8 workers for concurrent class unloading
[69.291s][info][gc          ] GC(13) Concurrent class unloading 0.299ms
[69.291s][info][gc,start    ] GC(13) Rendezvous roots
[69.291s][info][gc          ] GC(13) Rendezvous roots 0.028ms
[69.291s][info][gc,ergo     ] Free: 7452M, Max: 4096K regular, 2288M humongous, Frag: 70% external, 0% internal; Reserve: 412M, Max: 4096K
[69.291s][info][gc,stats    ] 
[69.291s][info][gc,stats    ] All times are wall-clock times, except per-root-class counters, that are sum over
[69.291s][info][gc,stats    ] all workers. Dividing the <total> over the root stage time estimates parallelism.
[69.291s][info][gc,stats    ] 
[69.291s][info][gc,stats    ] Concurrent Reset                    343 us
[69.291s][info][gc,stats    ] Pause Init Mark (G)                 172 us
[69.291s][info][gc,stats    ] Pause Init Mark (N)                 133 us
[69.291s][info][gc,stats    ]   Manage TLABs                        3 us
[69.291s][info][gc,stats    ]   Update Region States               23 us
[69.291s][info][gc,stats    ]   Scan Roots                         36 us, parallelism: 3.00x
[69.291s][info][gc,stats    ]     S: <total>                      109 us
[69.291s][info][gc,stats    ]     S: Thread Roots                 109 us, workers (us):  17,  12,  14,  18,  10,  19,  10,  10, 
[69.291s][info][gc,stats    ] Concurrent Marking                 9508 us
[69.291s][info][gc,stats    ]   Roots                              44 us, parallelism: 0.86x
[69.291s][info][gc,stats    ]     CM: <total>                      38 us
[69.291s][info][gc,stats    ]     CM: VM Strong Roots               7 us, workers (us):   3,   2,   1,   1, ---, ---, ---, ---, 
[69.291s][info][gc,stats    ]     CM: CLDG Roots                   31 us, workers (us):   1, ---,  30, ---, ---, ---, ---, ---, 
[69.291s][info][gc,stats    ] Pause Final Mark (G)                484 us
[69.291s][info][gc,stats    ] Pause Final Mark (N)                288 us
[69.291s][info][gc,stats    ]   Finish Queues                     108 us
[69.291s][info][gc,stats    ]   Update Region States               32 us
[69.291s][info][gc,stats    ]   Manage GC/TLABs                     3 us
[69.291s][info][gc,stats    ]   Choose Collection Set              59 us
[69.291s][info][gc,stats    ]   Rebuild Free Set                   13 us
[69.291s][info][gc,stats    ] Concurrent Weak References          126 us
[69.291s][info][gc,stats    ]   Process                            64 us
[69.291s][info][gc,stats    ] Concurrent Weak Roots               252 us
[69.291s][info][gc,stats    ]   Roots                             135 us, parallelism: 0.31x
[69.291s][info][gc,stats    ]     CWR: <total>                     43 us
[69.291s][info][gc,stats    ]     CWR: VM Weak Roots               40 us, workers (us):  12,  10,  10,   7, ---, ---, ---, ---, 
[69.291s][info][gc,stats    ]     CWR: CLDG Roots                   3 us, workers (us): ---, ---, ---,   3, ---, ---, ---, ---, 
[69.291s][info][gc,stats    ]   Rendezvous                         60 us
[69.291s][info][gc,stats    ] Concurrent Cleanup                  371 us
[69.291s][info][gc,stats    ] Concurrent Class Unloading          312 us
[69.291s][info][gc,stats    ]   Unlink Stale                      232 us
[69.291s][info][gc,stats    ]     System Dictionary                 3 us
[69.291s][info][gc,stats    ]     Weak Class Links                  0 us
[69.291s][info][gc,stats    ]     Code Roots                      228 us
[69.291s][info][gc,stats    ]   Rendezvous                         21 us
[69.291s][info][gc,stats    ]   Purge Unlinked                     21 us
[69.291s][info][gc,stats    ]     Code Roots                       18 us
[69.291s][info][gc,stats    ]     CLDG                              2 us
[69.291s][info][gc,stats    ]     Exception Caches                  0 us
[69.291s][info][gc,stats    ] Rendezvous                           40 us
[69.291s][info][gc,stats    ] 
[69.291s][info][gc,stats    ] Allocation pacing accrued:
[69.291s][info][gc,stats    ]       0 of  6608 ms (  0.0%): <total>
[69.291s][info][gc,stats    ]       0 of  6608 ms (  0.0%): <average total>
[69.292s][info][gc,stats    ] 
[69.292s][info][gc,metaspace] Metaspace: 828K(960K)->828K(960K) NonClass: 774K(832K)->774K(832K) Class: 53K(128K)->53K(128K)
[69.292s][info][gc,ergo     ] Pacer for Idle. Initial: 163M, Alloc Tax Rate: 1.0x
[75.780s][info][gc          ] Trigger: Free (812M) is below minimum threshold (819M)
[75.780s][info][gc,ergo     ] Free: 812M, Max: 4096K regular, 784M humongous, Frag: 4% external, 0% internal; Reserve: 412M, Max: 4096K
[75.780s][info][gc,start    ] GC(14) Concurrent reset
[75.780s][info][gc,task     ] GC(14) Using 4 of 8 workers for concurrent reset
[75.780s][info][gc,ergo     ] GC(14) Pacer for Reset. Non-Taxable: 8192M
[75.780s][info][gc          ] GC(14) Concurrent reset 0.625ms
[75.780s][info][gc,start    ] GC(14) Pause Init Mark (unload classes)
[75.780s][info][gc,task     ] GC(14) Using 8 of 8 workers for init marking
[75.781s][info][gc,ergo     ] GC(14) Pacer for Mark. Expected Live: 129M, Free: 812M, Non-Taxable: 83148K, Alloc Tax Rate: 0.2x
[75.781s][info][gc          ] GC(14) Pause Init Mark (unload classes) 0.153ms
[75.781s][info][gc,start    ] GC(14) Concurrent marking (unload classes)
[75.781s][info][gc,task     ] GC(14) Using 4 of 8 workers for concurrent marking
[75.790s][info][gc          ] GC(14) Concurrent marking (unload classes) 9.714ms
[75.790s][info][gc,start    ] GC(14) Pause Final Mark (unload classes)
[75.790s][info][gc,task     ] GC(14) Using 8 of 8 workers for final marking
[75.791s][info][gc,ergo     ] GC(14) Collectable Garbage: 6672M (97%), Immediate: 6672M (97%), CSet: 0B (0%)
[75.791s][info][gc          ] GC(14) Pause Final Mark (unload classes) 0.287ms
[75.791s][info][gc,start    ] GC(14) Concurrent weak references
[75.791s][info][gc,task     ] GC(14) Using 4 of 8 workers for concurrent weak references
[75.791s][info][gc,ref      ] GC(14) Encountered references: Soft: 82, Weak: 200, Final: 0, Phantom: 5
[75.791s][info][gc,ref      ] GC(14) Discovered  references: Soft: 0, Weak: 106, Final: 0, Phantom: 3
[75.791s][info][gc,ref      ] GC(14) Enqueued    references: Soft: 0, Weak: 0, Final: 0, Phantom: 0
[75.791s][info][gc          ] GC(14) Concurrent weak references 0.106ms
[75.791s][info][gc,start    ] GC(14) Concurrent weak roots
[75.791s][info][gc,task     ] GC(14) Using 4 of 8 workers for concurrent weak root
[75.791s][info][gc          ] GC(14) Concurrent weak roots 0.148ms
[75.791s][info][gc,start    ] GC(14) Concurrent cleanup
[75.791s][info][gc          ] GC(14) Concurrent cleanup 6984M->312M(8192M) 0.275ms
[75.791s][info][gc,ergo     ] GC(14) Free: 7468M, Max: 4096K regular, 2288M humongous, Frag: 70% external, 0% internal; Reserve: 412M, Max: 4096K
[75.791s][info][gc,start    ] GC(14) Concurrent class unloading
[75.791s][info][gc,task     ] GC(14) Using 4 of 8 workers for concurrent class unloading
[75.792s][info][gc          ] GC(14) Concurrent class unloading 0.351ms
[75.792s][info][gc,start    ] GC(14) Rendezvous roots
[75.792s][info][gc          ] GC(14) Rendezvous roots 0.037ms
[75.792s][info][gc,ergo     ] Free: 7468M, Max: 4096K regular, 2288M humongous, Frag: 70% external, 0% internal; Reserve: 412M, Max: 4096K
[75.792s][info][gc,stats    ] 
[75.792s][info][gc,stats    ] All times are wall-clock times, except per-root-class counters, that are sum over
[75.792s][info][gc,stats    ] all workers. Dividing the <total> over the root stage time estimates parallelism.
[75.792s][info][gc,stats    ] 
[75.792s][info][gc,stats    ] Concurrent Reset                    659 us
[75.792s][info][gc,stats    ] Pause Init Mark (G)                 213 us
[75.792s][info][gc,stats    ] Pause Init Mark (N)                 168 us
[75.792s][info][gc,stats    ]   Manage TLABs                        4 us
[75.792s][info][gc,stats    ]   Update Region States               29 us
[75.792s][info][gc,stats    ]   Scan Roots                         55 us, parallelism: 1.62x
[75.792s][info][gc,stats    ]     S: <total>                       88 us
[75.792s][info][gc,stats    ]     S: Thread Roots                  88 us, workers (us):  25,  20,  32,   8,   1,   1,   1,   0, 
[75.792s][info][gc,stats    ] Concurrent Marking                 9765 us
[75.792s][info][gc,stats    ]   Roots                              54 us, parallelism: 0.75x
[75.792s][info][gc,stats    ]     CM: <total>                      40 us
[75.792s][info][gc,stats    ]     CM: VM Strong Roots               7 us, workers (us):   4,   2,   1,   1, ---, ---, ---, ---, 
[75.792s][info][gc,stats    ]     CM: CLDG Roots                   33 us, workers (us):  32,   1, ---, ---, ---, ---, ---, ---, 
[75.792s][info][gc,stats    ] Pause Final Mark (G)                457 us
[75.792s][info][gc,stats    ] Pause Final Mark (N)                304 us
[75.792s][info][gc,stats    ]   Finish Queues                     121 us
[75.792s][info][gc,stats    ]   Update Region States               41 us
[75.792s][info][gc,stats    ]   Manage GC/TLABs                     3 us
[75.792s][info][gc,stats    ]   Choose Collection Set              55 us
[75.792s][info][gc,stats    ]   Rebuild Free Set                   12 us
[75.792s][info][gc,stats    ] Concurrent Weak References          117 us
[75.792s][info][gc,stats    ]   Process                            59 us
[75.792s][info][gc,stats    ] Concurrent Weak Roots               177 us
[75.792s][info][gc,stats    ]   Roots                              96 us, parallelism: 0.31x
[75.792s][info][gc,stats    ]     CWR: <total>                     30 us
[75.792s][info][gc,stats    ]     CWR: VM Weak Roots               27 us, workers (us):  22,   2,   2,   2, ---, ---, ---, ---, 
[75.792s][info][gc,stats    ]     CWR: CLDG Roots                   2 us, workers (us):   2, ---, ---, ---, ---, ---, ---, ---, 
[75.792s][info][gc,stats    ]   Rendezvous                         27 us
[75.792s][info][gc,stats    ] Concurrent Cleanup                  289 us
[75.792s][info][gc,stats    ] Concurrent Class Unloading          378 us
[75.792s][info][gc,stats    ]   Unlink Stale                      270 us
[75.792s][info][gc,stats    ]     System Dictionary                 2 us
[75.792s][info][gc,stats    ]     Weak Class Links                  0 us
[75.792s][info][gc,stats    ]     Code Roots                      265 us
[75.792s][info][gc,stats    ]   Rendezvous                         28 us
[75.792s][info][gc,stats    ]   Purge Unlinked                     27 us
[75.792s][info][gc,stats    ]     Code Roots                       23 us
[75.792s][info][gc,stats    ]     CLDG                              4 us
[75.792s][info][gc,stats    ]     Exception Caches                  0 us
[75.792s][info][gc,stats    ] Rendezvous                           51 us
[75.792s][info][gc,stats    ] 
[75.792s][info][gc,stats    ] Allocation pacing accrued:
[75.792s][info][gc,stats    ]       0 of  6501 ms (  0.0%): <total>
[75.792s][info][gc,stats    ]       0 of  6501 ms (  0.0%): <average total>
[75.792s][info][gc,stats    ] 
[75.792s][info][gc,metaspace] Metaspace: 828K(960K)->828K(960K) NonClass: 774K(832K)->774K(832K) Class: 53K(128K)->53K(128K)
[75.792s][info][gc,ergo     ] Pacer for Idle. Initial: 163M, Alloc Tax Rate: 1.0x
[82.280s][info][gc          ] Trigger: Free (812M) is below minimum threshold (819M)
[82.280s][info][gc,ergo     ] Free: 812M, Max: 4096K regular, 812M humongous, Frag: 0% external, 0% internal; Reserve: 412M, Max: 4096K
[82.280s][info][gc,start    ] GC(15) Concurrent reset
[82.281s][info][gc,task     ] GC(15) Using 4 of 8 workers for concurrent reset
[82.281s][info][gc,ergo     ] GC(15) Pacer for Reset. Non-Taxable: 8192M
[82.281s][info][gc          ] GC(15) Concurrent reset 0.299ms
[82.281s][info][gc,start    ] GC(15) Pause Init Mark (unload classes)
[82.281s][info][gc,task     ] GC(15) Using 8 of 8 workers for init marking
[82.281s][info][gc,ergo     ] GC(15) Pacer for Mark. Expected Live: 129M, Free: 812M, Non-Taxable: 83148K, Alloc Tax Rate: 0.2x
[82.281s][info][gc          ] GC(15) Pause Init Mark (unload classes) 0.148ms
[82.281s][info][gc,start    ] GC(15) Concurrent marking (unload classes)
[82.281s][info][gc,task     ] GC(15) Using 4 of 8 workers for concurrent marking
[82.291s][info][gc          ] GC(15) Concurrent marking (unload classes) 9.667ms
[82.291s][info][gc,start    ] GC(15) Pause Final Mark (unload classes)
[82.291s][info][gc,task     ] GC(15) Using 8 of 8 workers for final marking
[82.291s][info][gc,ergo     ] GC(15) Collectable Garbage: 6672M (97%), Immediate: 6672M (97%), CSet: 0B (0%)
[82.291s][info][gc          ] GC(15) Pause Final Mark (unload classes) 0.267ms
[82.291s][info][gc,start    ] GC(15) Concurrent weak references
[82.291s][info][gc,task     ] GC(15) Using 4 of 8 workers for concurrent weak references
[82.291s][info][gc,ref      ] GC(15) Encountered references: Soft: 82, Weak: 200, Final: 0, Phantom: 5
[82.291s][info][gc,ref      ] GC(15) Discovered  references: Soft: 0, Weak: 12, Final: 0, Phantom: 5
[82.291s][info][gc,ref      ] GC(15) Enqueued    references: Soft: 0, Weak: 0, Final: 0, Phantom: 0
[82.291s][info][gc          ] GC(15) Concurrent weak references 0.108ms
[82.291s][info][gc,start    ] GC(15) Concurrent weak roots
[82.291s][info][gc,task     ] GC(15) Using 4 of 8 workers for concurrent weak root
[82.291s][info][gc          ] GC(15) Concurrent weak roots 0.140ms
[82.291s][info][gc,start    ] GC(15) Concurrent cleanup
[82.292s][info][gc          ] GC(15) Concurrent cleanup 6984M->312M(8192M) 0.289ms
[82.292s][info][gc,ergo     ] GC(15) Free: 7468M, Max: 4096K regular, 2288M humongous, Frag: 70% external, 0% internal; Reserve: 412M, Max: 4096K
[82.292s][info][gc,start    ] GC(15) Concurrent class unloading
[82.292s][info][gc,task     ] GC(15) Using 4 of 8 workers for concurrent class unloading
[82.292s][info][gc          ] GC(15) Concurrent class unloading 0.369ms
[82.292s][info][gc,start    ] GC(15) Rendezvous roots
[82.292s][info][gc          ] GC(15) Rendezvous roots 0.042ms
[82.292s][info][gc,ergo     ] Free: 7468M, Max: 4096K regular, 2288M humongous, Frag: 70% external, 0% internal; Reserve: 412M, Max: 4096K
[82.292s][info][gc,stats    ] 
[82.292s][info][gc,stats    ] All times are wall-clock times, except per-root-class counters, that are sum over
[82.292s][info][gc,stats    ] all workers. Dividing the <total> over the root stage time estimates parallelism.
[82.292s][info][gc,stats    ] 
[82.292s][info][gc,stats    ] Concurrent Reset                    319 us
[82.292s][info][gc,stats    ] Pause Init Mark (G)                 212 us
[82.292s][info][gc,stats    ] Pause Init Mark (N)                 162 us
[82.292s][info][gc,stats    ]   Manage TLABs                        5 us
[82.292s][info][gc,stats    ]   Update Region States               21 us
[82.292s][info][gc,stats    ]   Scan Roots                         37 us, parallelism: 2.77x
[82.292s][info][gc,stats    ]     S: <total>                      101 us
[82.292s][info][gc,stats    ]     S: Thread Roots                 101 us, workers (us):  21,  19,  17,  11,  11,  11,  10,   1, 
[82.292s][info][gc,stats    ] Concurrent Marking                 9708 us
[82.292s][info][gc,stats    ]   Roots                              77 us, parallelism: 0.88x
[82.292s][info][gc,stats    ]     CM: <total>                      67 us
[82.293s][info][gc,stats    ]     CM: VM Strong Roots               8 us, workers (us):   4,   2,   1,   1, ---, ---, ---, ---, 
[82.293s][info][gc,stats    ]     CM: CLDG Roots                   59 us, workers (us): ---,   1,  58, ---, ---, ---, ---, ---, 
[82.293s][info][gc,stats    ] Pause Final Mark (G)                373 us
[82.293s][info][gc,stats    ] Pause Final Mark (N)                282 us
[82.293s][info][gc,stats    ]   Finish Queues                     104 us
[82.293s][info][gc,stats    ]   Update Region States               38 us
[82.293s][info][gc,stats    ]   Manage GC/TLABs                     3 us
[82.293s][info][gc,stats    ]   Choose Collection Set              56 us
[82.293s][info][gc,stats    ]   Rebuild Free Set                   12 us
[82.293s][info][gc,stats    ] Concurrent Weak References          120 us
[82.293s][info][gc,stats    ]   Process                            64 us
[82.293s][info][gc,stats    ] Concurrent Weak Roots               174 us
[82.293s][info][gc,stats    ]   Roots                              82 us, parallelism: 0.57x
[82.293s][info][gc,stats    ]     CWR: <total>                     47 us
[82.293s][info][gc,stats    ]     CWR: VM Weak Roots               44 us, workers (us):  14,  14,  12,   4, ---, ---, ---, ---, 
[82.293s][info][gc,stats    ]     CWR: CLDG Roots                   3 us, workers (us): ---, ---,   3, ---, ---, ---, ---, ---, 
[82.293s][info][gc,stats    ]   Rendezvous                         34 us
[82.293s][info][gc,stats    ] Concurrent Cleanup                  334 us
[82.293s][info][gc,stats    ] Concurrent Class Unloading          398 us
[82.293s][info][gc,stats    ]   Unlink Stale                      255 us
[82.293s][info][gc,stats    ]     System Dictionary                 3 us
[82.293s][info][gc,stats    ]     Weak Class Links                  0 us
[82.293s][info][gc,stats    ]     Code Roots                      250 us
[82.293s][info][gc,stats    ]   Rendezvous                         30 us
[82.293s][info][gc,stats    ]   Purge Unlinked                     50 us
[82.293s][info][gc,stats    ]     Code Roots                       42 us
[82.293s][info][gc,stats    ]     CLDG                              6 us
[82.293s][info][gc,stats    ]     Exception Caches                  0 us
[82.293s][info][gc,stats    ] Rendezvous                           70 us
[82.293s][info][gc,stats    ] 
[82.293s][info][gc,stats    ] Allocation pacing accrued:
[82.293s][info][gc,stats    ]       0 of  6500 ms (  0.0%): <total>
[82.293s][info][gc,stats    ]       0 of  6500 ms (  0.0%): <average total>
[82.293s][info][gc,stats    ] 
[82.293s][info][gc,metaspace] Metaspace: 828K(960K)->828K(960K) NonClass: 774K(832K)->774K(832K) Class: 53K(128K)->53K(128K)
[82.293s][info][gc,ergo     ] Pacer for Idle. Initial: 163M, Alloc Tax Rate: 1.0x
[88.779s][info][gc          ] Trigger: Free (812M) is below minimum threshold (819M)
[88.779s][info][gc,ergo     ] Free: 812M, Max: 4096K regular, 796M humongous, Frag: 2% external, 0% internal; Reserve: 412M, Max: 4096K
[88.779s][info][gc,start    ] GC(16) Concurrent reset
[88.779s][info][gc,task     ] GC(16) Using 4 of 8 workers for concurrent reset
[88.779s][info][gc,ergo     ] GC(16) Pacer for Reset. Non-Taxable: 8192M
[88.779s][info][gc          ] GC(16) Concurrent reset 0.281ms
[88.779s][info][gc,start    ] GC(16) Pause Init Mark (unload classes)
[88.779s][info][gc,task     ] GC(16) Using 8 of 8 workers for init marking
[88.779s][info][gc,ergo     ] GC(16) Pacer for Mark. Expected Live: 129M, Free: 812M, Non-Taxable: 83148K, Alloc Tax Rate: 0.2x
[88.779s][info][gc          ] GC(16) Pause Init Mark (unload classes) 0.116ms
[88.779s][info][gc,start    ] GC(16) Concurrent marking (unload classes)
[88.779s][info][gc,task     ] GC(16) Using 4 of 8 workers for concurrent marking
[88.788s][info][gc          ] GC(16) Concurrent marking (unload classes) 8.962ms
[88.788s][info][gc,start    ] GC(16) Pause Final Mark (unload classes)
[88.788s][info][gc,task     ] GC(16) Using 8 of 8 workers for final marking
[88.789s][info][gc,ergo     ] GC(16) Collectable Garbage: 6672M (97%), Immediate: 6672M (97%), CSet: 0B (0%)
[88.789s][info][gc          ] GC(16) Pause Final Mark (unload classes) 0.292ms
[88.789s][info][gc,start    ] GC(16) Concurrent weak references
[88.789s][info][gc,task     ] GC(16) Using 4 of 8 workers for concurrent weak references
[88.789s][info][gc,ref      ] GC(16) Encountered references: Soft: 82, Weak: 199, Final: 0, Phantom: 5
[88.789s][info][gc,ref      ] GC(16) Discovered  references: Soft: 0, Weak: 27, Final: 0, Phantom: 3
[88.789s][info][gc,ref      ] GC(16) Enqueued    references: Soft: 0, Weak: 0, Final: 0, Phantom: 0
[88.789s][info][gc          ] GC(16) Concurrent weak references 0.088ms
[88.789s][info][gc,start    ] GC(16) Concurrent weak roots
[88.789s][info][gc,task     ] GC(16) Using 4 of 8 workers for concurrent weak root
[88.789s][info][gc          ] GC(16) Concurrent weak roots 0.273ms
[88.789s][info][gc,start    ] GC(16) Concurrent cleanup
[88.790s][info][gc          ] GC(16) Concurrent cleanup 7000M->328M(8192M) 0.676ms
[88.790s][info][gc,ergo     ] GC(16) Free: 7452M, Max: 4096K regular, 2288M humongous, Frag: 70% external, 0% internal; Reserve: 412M, Max: 4096K
[88.790s][info][gc,start    ] GC(16) Concurrent class unloading
[88.790s][info][gc,task     ] GC(16) Using 4 of 8 workers for concurrent class unloading
[88.790s][info][gc          ] GC(16) Concurrent class unloading 0.377ms
[88.790s][info][gc,start    ] GC(16) Rendezvous roots
[88.790s][info][gc          ] GC(16) Rendezvous roots 0.067ms
[88.791s][info][gc,ergo     ] Free: 7452M, Max: 4096K regular, 2288M humongous, Frag: 70% external, 0% internal; Reserve: 412M, Max: 4096K
[88.791s][info][gc,stats    ] 
[88.791s][info][gc,stats    ] All times are wall-clock times, except per-root-class counters, that are sum over
[88.791s][info][gc,stats    ] all workers. Dividing the <total> over the root stage time estimates parallelism.
[88.791s][info][gc,stats    ] 
[88.791s][info][gc,stats    ] Concurrent Reset                    298 us
[88.791s][info][gc,stats    ] Pause Init Mark (G)                 228 us
[88.791s][info][gc,stats    ] Pause Init Mark (N)                 127 us
[88.791s][info][gc,stats    ]   Manage TLABs                        3 us
[88.791s][info][gc,stats    ]   Update Region States               20 us
[88.791s][info][gc,stats    ]   Scan Roots                         30 us, parallelism: 2.83x
[88.791s][info][gc,stats    ]     S: <total>                       84 us
[88.791s][info][gc,stats    ]     S: Thread Roots                  84 us, workers (us):  11,   8,  13,  13,   9,  10,   8,  12, 
[88.791s][info][gc,stats    ] Concurrent Marking                 9013 us
[88.791s][info][gc,stats    ]   Roots                              54 us, parallelism: 0.84x
[88.791s][info][gc,stats    ]     CM: <total>                      45 us
[88.791s][info][gc,stats    ]     CM: VM Strong Roots               8 us, workers (us):   4,   1,   1,   1, ---, ---, ---, ---, 
[88.791s][info][gc,stats    ]     CM: CLDG Roots                   38 us, workers (us): ---,   1,  36, ---, ---, ---, ---, ---, 
[88.791s][info][gc,stats    ] Pause Final Mark (G)                464 us
[88.791s][info][gc,stats    ] Pause Final Mark (N)                309 us
[88.791s][info][gc,stats    ]   Finish Queues                     131 us
[88.791s][info][gc,stats    ]   Update Region States               34 us
[88.791s][info][gc,stats    ]   Manage GC/TLABs                     4 us
[88.791s][info][gc,stats    ]   Choose Collection Set              58 us
[88.791s][info][gc,stats    ]   Rebuild Free Set                   12 us
[88.791s][info][gc,stats    ] Concurrent Weak References          100 us
[88.791s][info][gc,stats    ]   Process                            48 us
[88.791s][info][gc,stats    ] Concurrent Weak Roots               330 us
[88.791s][info][gc,stats    ]   Roots                             134 us, parallelism: 0.30x
[88.791s][info][gc,stats    ]     CWR: <total>                     40 us
[88.791s][info][gc,stats    ]     CWR: VM Weak Roots               38 us, workers (us):  14,  11,  11,   1, ---, ---, ---, ---, 
[88.791s][info][gc,stats    ]     CWR: CLDG Roots                   2 us, workers (us): ---,   2, ---, ---, ---, ---, ---, ---, 
[88.791s][info][gc,stats    ]   Rendezvous                        115 us
[88.791s][info][gc,stats    ] Concurrent Cleanup                  705 us
[88.791s][info][gc,stats    ] Concurrent Class Unloading          404 us
[88.791s][info][gc,stats    ]   Unlink Stale                      261 us
[88.791s][info][gc,stats    ]     System Dictionary                 3 us
[88.791s][info][gc,stats    ]     Weak Class Links                  0 us
[88.791s][info][gc,stats    ]     Code Roots                      255 us
[88.791s][info][gc,stats    ]   Rendezvous                         62 us
[88.791s][info][gc,stats    ]   Purge Unlinked                     25 us
[88.791s][info][gc,stats    ]     Code Roots                       21 us
[88.791s][info][gc,stats    ]     CLDG                              2 us
[88.791s][info][gc,stats    ]     Exception Caches                  0 us
[88.791s][info][gc,stats    ] Rendezvous                           82 us
[88.791s][info][gc,stats    ] 
[88.791s][info][gc,stats    ] Allocation pacing accrued:
[88.791s][info][gc,stats    ]       0 of  6498 ms (  0.0%): <total>
[88.791s][info][gc,stats    ]       0 of  6498 ms (  0.0%): <average total>
[88.791s][info][gc,stats    ] 
[88.791s][info][gc,metaspace] Metaspace: 828K(960K)->828K(960K) NonClass: 774K(832K)->774K(832K) Class: 53K(128K)->53K(128K)
[88.791s][info][gc,ergo     ] Pacer for Idle. Initial: 163M, Alloc Tax Rate: 1.0x
[95.270s][info][gc          ] Trigger: Free (812M) is below minimum threshold (819M)
[95.270s][info][gc,ergo     ] Free: 812M, Max: 4096K regular, 780M humongous, Frag: 4% external, 0% internal; Reserve: 412M, Max: 4096K
[95.270s][info][gc,start    ] GC(17) Concurrent reset
[95.270s][info][gc,task     ] GC(17) Using 4 of 8 workers for concurrent reset
[95.270s][info][gc,ergo     ] GC(17) Pacer for Reset. Non-Taxable: 8192M
[95.271s][info][gc          ] GC(17) Concurrent reset 0.295ms
[95.271s][info][gc,start    ] GC(17) Pause Init Mark (unload classes)
[95.271s][info][gc,task     ] GC(17) Using 8 of 8 workers for init marking
[95.271s][info][gc,ergo     ] GC(17) Pacer for Mark. Expected Live: 129M, Free: 812M, Non-Taxable: 83148K, Alloc Tax Rate: 0.2x
[95.271s][info][gc          ] GC(17) Pause Init Mark (unload classes) 0.158ms
[95.271s][info][gc,start    ] GC(17) Concurrent marking (unload classes)
[95.271s][info][gc,task     ] GC(17) Using 4 of 8 workers for concurrent marking
[95.280s][info][gc          ] GC(17) Concurrent marking (unload classes) 9.358ms
[95.280s][info][gc,start    ] GC(17) Pause Final Mark (unload classes)
[95.280s][info][gc,task     ] GC(17) Using 8 of 8 workers for final marking
[95.281s][info][gc,ergo     ] GC(17) Collectable Garbage: 6672M (97%), Immediate: 6672M (97%), CSet: 0B (0%)
[95.281s][info][gc          ] GC(17) Pause Final Mark (unload classes) 0.240ms
[95.281s][info][gc,start    ] GC(17) Concurrent weak references
[95.281s][info][gc,task     ] GC(17) Using 4 of 8 workers for concurrent weak references
[95.281s][info][gc,ref      ] GC(17) Encountered references: Soft: 82, Weak: 200, Final: 0, Phantom: 5
[95.281s][info][gc,ref      ] GC(17) Discovered  references: Soft: 0, Weak: 45, Final: 0, Phantom: 3
[95.281s][info][gc,ref      ] GC(17) Enqueued    references: Soft: 0, Weak: 0, Final: 0, Phantom: 0
[95.281s][info][gc          ] GC(17) Concurrent weak references 0.104ms
[95.281s][info][gc,start    ] GC(17) Concurrent weak roots
[95.281s][info][gc,task     ] GC(17) Using 4 of 8 workers for concurrent weak root
[95.281s][info][gc          ] GC(17) Concurrent weak roots 0.170ms
[95.281s][info][gc,start    ] GC(17) Concurrent cleanup
[95.281s][info][gc          ] GC(17) Concurrent cleanup 6984M->312M(8192M) 0.291ms
[95.281s][info][gc,ergo     ] GC(17) Free: 7468M, Max: 4096K regular, 2288M humongous, Frag: 70% external, 0% internal; Reserve: 412M, Max: 4096K
[95.281s][info][gc,start    ] GC(17) Concurrent class unloading
[95.281s][info][gc,task     ] GC(17) Using 4 of 8 workers for concurrent class unloading
[95.282s][info][gc          ] GC(17) Concurrent class unloading 0.382ms
[95.282s][info][gc,start    ] GC(17) Rendezvous roots
[95.282s][info][gc          ] GC(17) Rendezvous roots 0.033ms
[95.282s][info][gc,ergo     ] Free: 7468M, Max: 4096K regular, 2288M humongous, Frag: 70% external, 0% internal; Reserve: 412M, Max: 4096K
[95.282s][info][gc,stats    ] 
[95.282s][info][gc,stats    ] All times are wall-clock times, except per-root-class counters, that are sum over
[95.282s][info][gc,stats    ] all workers. Dividing the <total> over the root stage time estimates parallelism.
[95.282s][info][gc,stats    ] 
[95.282s][info][gc,stats    ] Concurrent Reset                    332 us
[95.282s][info][gc,stats    ] Pause Init Mark (G)                 217 us
[95.282s][info][gc,stats    ] Pause Init Mark (N)                 172 us
[95.282s][info][gc,stats    ]   Manage TLABs                        4 us
[95.282s][info][gc,stats    ]   Update Region States               30 us
[95.282s][info][gc,stats    ]   Scan Roots                         50 us, parallelism: 2.46x
[95.282s][info][gc,stats    ]     S: <total>                      123 us
[95.282s][info][gc,stats    ]     S: Thread Roots                 123 us, workers (us):  21,  16,  29,  19,   9,  10,   8,   9, 
[95.282s][info][gc,stats    ] Concurrent Marking                 9400 us
[95.282s][info][gc,stats    ]   Roots                              52 us, parallelism: 0.80x
[95.282s][info][gc,stats    ]     CM: <total>                      42 us
[95.282s][info][gc,stats    ]     CM: VM Strong Roots               8 us, workers (us):   4,   2,   1,   1, ---, ---, ---, ---, 
[95.282s][info][gc,stats    ]     CM: CLDG Roots                   34 us, workers (us):   1,  33, ---, ---, ---, ---, ---, ---, 
[95.282s][info][gc,stats    ] Pause Final Mark (G)                367 us
[95.282s][info][gc,stats    ] Pause Final Mark (N)                271 us
[95.282s][info][gc,stats    ]   Finish Queues                      94 us
[95.282s][info][gc,stats    ]   Update Region States               30 us
[95.282s][info][gc,stats    ]   Manage GC/TLABs                     3 us
[95.282s][info][gc,stats    ]   Choose Collection Set              51 us
[95.282s][info][gc,stats    ]   Rebuild Free Set                   12 us
[95.282s][info][gc,stats    ] Concurrent Weak References          116 us
[95.282s][info][gc,stats    ]   Process                            51 us
[95.282s][info][gc,stats    ] Concurrent Weak Roots               201 us
[95.282s][info][gc,stats    ]   Roots                             113 us, parallelism: 0.27x
[95.282s][info][gc,stats    ]     CWR: <total>                     31 us
[95.282s][info][gc,stats    ]     CWR: VM Weak Roots               29 us, workers (us):  24,   2,   2,   2, ---, ---, ---, ---, 
[95.282s][info][gc,stats    ]     CWR: CLDG Roots                   2 us, workers (us):   2, ---, ---, ---, ---, ---, ---, ---, 
[95.282s][info][gc,stats    ]   Rendezvous                         31 us
[95.282s][info][gc,stats    ] Concurrent Cleanup                  306 us
[95.282s][info][gc,stats    ] Concurrent Class Unloading          405 us
[95.282s][info][gc,stats    ]   Unlink Stale                      299 us
[95.282s][info][gc,stats    ]     System Dictionary                 2 us
[95.282s][info][gc,stats    ]     Weak Class Links                  0 us
[95.282s][info][gc,stats    ]     Code Roots                      295 us
[95.282s][info][gc,stats    ]   Rendezvous                         31 us
[95.282s][info][gc,stats    ]   Purge Unlinked                     27 us
[95.282s][info][gc,stats    ]     Code Roots                       23 us
[95.282s][info][gc,stats    ]     CLDG                              2 us
[95.282s][info][gc,stats    ]     Exception Caches                  0 us
[95.282s][info][gc,stats    ] Rendezvous                           46 us
[95.282s][info][gc,stats    ] 
[95.282s][info][gc,stats    ] Allocation pacing accrued:
[95.282s][info][gc,stats    ]       0 of  6491 ms (  0.0%): <total>
[95.282s][info][gc,stats    ]       0 of  6491 ms (  0.0%): <average total>
[95.282s][info][gc,stats    ] 
[95.282s][info][gc,metaspace] Metaspace: 828K(960K)->828K(960K) NonClass: 774K(832K)->774K(832K) Class: 53K(128K)->53K(128K)
[95.282s][info][gc,ergo     ] Pacer for Idle. Initial: 163M, Alloc Tax Rate: 1.0x
[101.769s][info][gc          ] Trigger: Free (812M) is below minimum threshold (819M)
[101.769s][info][gc,ergo     ] Free: 812M, Max: 4096K regular, 812M humongous, Frag: 0% external, 0% internal; Reserve: 412M, Max: 4096K
[101.769s][info][gc,start    ] GC(18) Concurrent reset
[101.769s][info][gc,task     ] GC(18) Using 4 of 8 workers for concurrent reset
[101.769s][info][gc,ergo     ] GC(18) Pacer for Reset. Non-Taxable: 8192M
[101.770s][info][gc          ] GC(18) Concurrent reset 0.323ms
[101.770s][info][gc,start    ] GC(18) Pause Init Mark (unload classes)
[101.770s][info][gc,task     ] GC(18) Using 8 of 8 workers for init marking
[101.770s][info][gc,ergo     ] GC(18) Pacer for Mark. Expected Live: 129M, Free: 812M, Non-Taxable: 83148K, Alloc Tax Rate: 0.2x
[101.770s][info][gc          ] GC(18) Pause Init Mark (unload classes) 0.139ms
[101.770s][info][gc,start    ] GC(18) Concurrent marking (unload classes)
[101.770s][info][gc,task     ] GC(18) Using 4 of 8 workers for concurrent marking
[101.780s][info][gc          ] GC(18) Concurrent marking (unload classes) 9.743ms
[101.780s][info][gc,start    ] GC(18) Pause Final Mark (unload classes)
[101.780s][info][gc,task     ] GC(18) Using 8 of 8 workers for final marking
[101.780s][info][gc,ergo     ] GC(18) Collectable Garbage: 6672M (97%), Immediate: 6672M (97%), CSet: 0B (0%)
[101.780s][info][gc          ] GC(18) Pause Final Mark (unload classes) 0.280ms
[101.780s][info][gc,start    ] GC(18) Concurrent weak references
[101.780s][info][gc,task     ] GC(18) Using 4 of 8 workers for concurrent weak references
[101.780s][info][gc,ref      ] GC(18) Encountered references: Soft: 82, Weak: 200, Final: 0, Phantom: 5
[101.780s][info][gc,ref      ] GC(18) Discovered  references: Soft: 0, Weak: 161, Final: 0, Phantom: 5
[101.780s][info][gc,ref      ] GC(18) Enqueued    references: Soft: 0, Weak: 0, Final: 0, Phantom: 0
[101.780s][info][gc          ] GC(18) Concurrent weak references 0.110ms
[101.780s][info][gc,start    ] GC(18) Concurrent weak roots
[101.780s][info][gc,task     ] GC(18) Using 4 of 8 workers for concurrent weak root
[101.781s][info][gc          ] GC(18) Concurrent weak roots 0.164ms
[101.781s][info][gc,start    ] GC(18) Concurrent cleanup
[101.781s][info][gc          ] GC(18) Concurrent cleanup 6984M->312M(8192M) 0.299ms
[101.781s][info][gc,ergo     ] GC(18) Free: 7468M, Max: 4096K regular, 2288M humongous, Frag: 70% external, 0% internal; Reserve: 412M, Max: 4096K
[101.781s][info][gc,start    ] GC(18) Concurrent class unloading
[101.781s][info][gc,task     ] GC(18) Using 4 of 8 workers for concurrent class unloading
[101.781s][info][gc          ] GC(18) Concurrent class unloading 0.316ms
[101.781s][info][gc,start    ] GC(18) Rendezvous roots
[101.781s][info][gc          ] GC(18) Rendezvous roots 0.034ms
[101.781s][info][gc,ergo     ] Free: 7468M, Max: 4096K regular, 2288M humongous, Frag: 70% external, 0% internal; Reserve: 412M, Max: 4096K
[101.781s][info][gc,stats    ] 
[101.781s][info][gc,stats    ] All times are wall-clock times, except per-root-class counters, that are sum over
[101.781s][info][gc,stats    ] all workers. Dividing the <total> over the root stage time estimates parallelism.
[101.781s][info][gc,stats    ] 
[101.781s][info][gc,stats    ] Concurrent Reset                    344 us
[101.781s][info][gc,stats    ] Pause Init Mark (G)                 360 us
[101.781s][info][gc,stats    ] Pause Init Mark (N)                 152 us
[101.781s][info][gc,stats    ]   Manage TLABs                        3 us
[101.781s][info][gc,stats    ]   Update Region States               27 us
[101.781s][info][gc,stats    ]   Scan Roots                         38 us, parallelism: 2.32x
[101.781s][info][gc,stats    ]     S: <total>                       89 us
[101.781s][info][gc,stats    ]     S: Thread Roots                  89 us, workers (us):  20,  19,  17,  13,   8,  11,   0,   0, 
[101.781s][info][gc,stats    ] Concurrent Marking                 9788 us
[101.782s][info][gc,stats    ]   Roots                              56 us, parallelism: 0.82x
[101.782s][info][gc,stats    ]     CM: <total>                      46 us
[101.782s][info][gc,stats    ]     CM: VM Strong Roots               8 us, workers (us):   4,   1,   1,   1, ---, ---, ---, ---, 
[101.782s][info][gc,stats    ]     CM: CLDG Roots                   38 us, workers (us):  37,   1, ---, ---, ---, ---, ---, ---, 
[101.782s][info][gc,stats    ] Pause Final Mark (G)                357 us
[101.782s][info][gc,stats    ] Pause Final Mark (N)                296 us
[101.782s][info][gc,stats    ]   Finish Queues                      87 us
[101.782s][info][gc,stats    ]   Update Region States               61 us
[101.782s][info][gc,stats    ]   Manage GC/TLABs                     4 us
[101.782s][info][gc,stats    ]   Choose Collection Set              54 us
[101.782s][info][gc,stats    ]   Rebuild Free Set                   12 us
[101.782s][info][gc,stats    ] Concurrent Weak References          122 us
[101.782s][info][gc,stats    ]   Process                            61 us
[101.782s][info][gc,stats    ] Concurrent Weak Roots               194 us
[101.782s][info][gc,stats    ]   Roots                             109 us, parallelism: 0.28x
[101.782s][info][gc,stats    ]     CWR: <total>                     31 us
[101.782s][info][gc,stats    ]     CWR: VM Weak Roots               29 us, workers (us):  24,   2,   2,   1, ---, ---, ---, ---, 
[101.782s][info][gc,stats    ]     CWR: CLDG Roots                   2 us, workers (us):   2, ---, ---, ---, ---, ---, ---, ---, 
[101.782s][info][gc,stats    ]   Rendezvous                         31 us
[101.782s][info][gc,stats    ] Concurrent Cleanup                  317 us
[101.782s][info][gc,stats    ] Concurrent Class Unloading          337 us
[101.782s][info][gc,stats    ]   Unlink Stale                      234 us
[101.782s][info][gc,stats    ]     System Dictionary                 2 us
[101.782s][info][gc,stats    ]     Weak Class Links                  0 us
[101.782s][info][gc,stats    ]     Code Roots                      230 us
[101.782s][info][gc,stats    ]   Rendezvous                         24 us
[101.782s][info][gc,stats    ]   Purge Unlinked                     27 us
[101.782s][info][gc,stats    ]     Code Roots                       23 us
[101.782s][info][gc,stats    ]     CLDG                              3 us
[101.782s][info][gc,stats    ]     Exception Caches                  0 us
[101.782s][info][gc,stats    ] Rendezvous                           63 us
[101.782s][info][gc,stats    ] 
[101.782s][info][gc,stats    ] Allocation pacing accrued:
[101.782s][info][gc,stats    ]       0 of  6500 ms (  0.0%): <total>
[101.782s][info][gc,stats    ]       0 of  6500 ms (  0.0%): <average total>
[101.782s][info][gc,stats    ] 
[101.782s][info][gc,metaspace] Metaspace: 828K(960K)->828K(960K) NonClass: 774K(832K)->774K(832K) Class: 53K(128K)->53K(128K)
[101.782s][info][gc,ergo     ] Pacer for Idle. Initial: 163M, Alloc Tax Rate: 1.0x
[108.269s][info][gc          ] Trigger: Free (812M) is below minimum threshold (819M)
[108.269s][info][gc,ergo     ] Free: 812M, Max: 4096K regular, 796M humongous, Frag: 2% external, 0% internal; Reserve: 412M, Max: 4096K
[108.269s][info][gc,start    ] GC(19) Concurrent reset
[108.269s][info][gc,task     ] GC(19) Using 4 of 8 workers for concurrent reset
[108.269s][info][gc,ergo     ] GC(19) Pacer for Reset. Non-Taxable: 8192M
[108.269s][info][gc          ] GC(19) Concurrent reset 0.385ms
[108.270s][info][gc,start    ] GC(19) Pause Init Mark (unload classes)
[108.270s][info][gc,task     ] GC(19) Using 8 of 8 workers for init marking
[108.270s][info][gc,ergo     ] GC(19) Pacer for Mark. Expected Live: 129M, Free: 812M, Non-Taxable: 83148K, Alloc Tax Rate: 0.2x
[108.270s][info][gc          ] GC(19) Pause Init Mark (unload classes) 0.188ms
[108.270s][info][gc,start    ] GC(19) Concurrent marking (unload classes)
[108.270s][info][gc,task     ] GC(19) Using 4 of 8 workers for concurrent marking
[108.280s][info][gc          ] GC(19) Concurrent marking (unload classes) 9.827ms
[108.280s][info][gc,start    ] GC(19) Pause Final Mark (unload classes)
[108.280s][info][gc,task     ] GC(19) Using 8 of 8 workers for final marking
[108.280s][info][gc,ergo     ] GC(19) Collectable Garbage: 6672M (97%), Immediate: 6672M (97%), CSet: 0B (0%)
[108.280s][info][gc          ] GC(19) Pause Final Mark (unload classes) 0.303ms
[108.280s][info][gc,start    ] GC(19) Concurrent weak references
[108.280s][info][gc,task     ] GC(19) Using 4 of 8 workers for concurrent weak references
[108.280s][info][gc,ref      ] GC(19) Encountered references: Soft: 82, Weak: 200, Final: 0, Phantom: 5
[108.280s][info][gc,ref      ] GC(19) Discovered  references: Soft: 0, Weak: 8, Final: 0, Phantom: 5
[108.280s][info][gc,ref      ] GC(19) Enqueued    references: Soft: 0, Weak: 0, Final: 0, Phantom: 0
[108.280s][info][gc          ] GC(19) Concurrent weak references 0.085ms
[108.280s][info][gc,start    ] GC(19) Concurrent weak roots
[108.280s][info][gc,task     ] GC(19) Using 4 of 8 workers for concurrent weak root
[108.280s][info][gc          ] GC(19) Concurrent weak roots 0.197ms
[108.281s][info][gc,start    ] GC(19) Concurrent cleanup
[108.281s][info][gc          ] GC(19) Concurrent cleanup 7000M->328M(8192M) 0.567ms
[108.281s][info][gc,ergo     ] GC(19) Free: 7452M, Max: 4096K regular, 2288M humongous, Frag: 70% external, 0% internal; Reserve: 412M, Max: 4096K
[108.281s][info][gc,start    ] GC(19) Concurrent class unloading
[108.281s][info][gc,task     ] GC(19) Using 4 of 8 workers for concurrent class unloading
[108.281s][info][gc          ] GC(19) Concurrent class unloading 0.302ms
[108.281s][info][gc,start    ] GC(19) Rendezvous roots
[108.281s][info][gc          ] GC(19) Rendezvous roots 0.036ms
[108.282s][info][gc,ergo     ] Free: 7452M, Max: 4096K regular, 2288M humongous, Frag: 70% external, 0% internal; Reserve: 412M, Max: 4096K
[108.282s][info][gc,stats    ] 
[108.282s][info][gc,stats    ] All times are wall-clock times, except per-root-class counters, that are sum over
[108.282s][info][gc,stats    ] all workers. Dividing the <total> over the root stage time estimates parallelism.
[108.282s][info][gc,stats    ] 
[108.282s][info][gc,stats    ] Concurrent Reset                    403 us
[108.282s][info][gc,stats    ] Pause Init Mark (G)                 387 us
[108.282s][info][gc,stats    ] Pause Init Mark (N)                 202 us
[108.282s][info][gc,stats    ]   Manage TLABs                        4 us
[108.282s][info][gc,stats    ]   Update Region States               39 us
[108.282s][info][gc,stats    ]   Scan Roots                         64 us, parallelism: 1.86x
[108.282s][info][gc,stats    ]     S: <total>                      118 us
[108.282s][info][gc,stats    ]     S: Thread Roots                 118 us, workers (us):  33,  41,  16,   0,  15,  13,   0,   0, 
[108.282s][info][gc,stats    ] Concurrent Marking                 9870 us
[108.282s][info][gc,stats    ]   Roots                              68 us, parallelism: 1.27x
[108.282s][info][gc,stats    ]     CM: <total>                      86 us
[108.282s][info][gc,stats    ]     CM: VM Strong Roots              42 us, workers (us):  32,   4,   4,   2, ---, ---, ---, ---, 
[108.282s][info][gc,stats    ]     CM: CLDG Roots                   44 us, workers (us): ---,  42, ---,   2, ---, ---, ---, ---, 
[108.282s][info][gc,stats    ] Pause Final Mark (G)                497 us
[108.282s][info][gc,stats    ] Pause Final Mark (N)                317 us
[108.282s][info][gc,stats    ]   Finish Queues                     159 us
[108.282s][info][gc,stats    ]   Update Region States               37 us
[108.282s][info][gc,stats    ]   Manage GC/TLABs                     3 us
[108.282s][info][gc,stats    ]   Choose Collection Set              48 us
[108.282s][info][gc,stats    ]   Rebuild Free Set                   12 us
[108.282s][info][gc,stats    ] Concurrent Weak References           95 us
[108.282s][info][gc,stats    ]   Process                            45 us
[108.282s][info][gc,stats    ] Concurrent Weak Roots               223 us
[108.282s][info][gc,stats    ]   Roots                             100 us, parallelism: 0.40x
[108.282s][info][gc,stats    ]     CWR: <total>                     40 us
[108.282s][info][gc,stats    ]     CWR: VM Weak Roots               38 us, workers (us):  18,  17,   2,   2, ---, ---, ---, ---, 
[108.282s][info][gc,stats    ]     CWR: CLDG Roots                   2 us, workers (us):   2, ---, ---, ---, ---, ---, ---, ---, 
[108.282s][info][gc,stats    ]   Rendezvous                         77 us
[108.282s][info][gc,stats    ] Concurrent Cleanup                  579 us
[108.282s][info][gc,stats    ] Concurrent Class Unloading          325 us
[108.282s][info][gc,stats    ]   Unlink Stale                      237 us
[108.282s][info][gc,stats    ]     System Dictionary                 3 us
[108.282s][info][gc,stats    ]     Weak Class Links                  0 us
[108.282s][info][gc,stats    ]     Code Roots                      232 us
[108.282s][info][gc,stats    ]   Rendezvous                         19 us
[108.282s][info][gc,stats    ]   Purge Unlinked                     25 us
[108.282s][info][gc,stats    ]     Code Roots                       20 us
[108.282s][info][gc,stats    ]     CLDG                              4 us
[108.282s][info][gc,stats    ]     Exception Caches                  0 us
[108.282s][info][gc,stats    ] Rendezvous                           47 us
[108.282s][info][gc,stats    ] 
[108.282s][info][gc,stats    ] Allocation pacing accrued:
[108.282s][info][gc,stats    ]       0 of  6500 ms (  0.0%): <total>
[108.282s][info][gc,stats    ]       0 of  6500 ms (  0.0%): <average total>
[108.282s][info][gc,stats    ] 
[108.282s][info][gc,metaspace] Metaspace: 828K(960K)->828K(960K) NonClass: 774K(832K)->774K(832K) Class: 53K(128K)->53K(128K)
[108.282s][info][gc,ergo     ] Pacer for Idle. Initial: 163M, Alloc Tax Rate: 1.0x
[114.760s][info][gc          ] Trigger: Free (812M) is below minimum threshold (819M)
[114.760s][info][gc,ergo     ] Free: 812M, Max: 4096K regular, 780M humongous, Frag: 4% external, 0% internal; Reserve: 412M, Max: 4096K
[114.760s][info][gc,start    ] GC(20) Concurrent reset
[114.760s][info][gc,task     ] GC(20) Using 4 of 8 workers for concurrent reset
[114.760s][info][gc,ergo     ] GC(20) Pacer for Reset. Non-Taxable: 8192M
[114.761s][info][gc          ] GC(20) Concurrent reset 0.297ms
[114.761s][info][gc,start    ] GC(20) Pause Init Mark (unload classes)
[114.761s][info][gc,task     ] GC(20) Using 8 of 8 workers for init marking
[114.761s][info][gc,ergo     ] GC(20) Pacer for Mark. Expected Live: 129M, Free: 812M, Non-Taxable: 83148K, Alloc Tax Rate: 0.2x
[114.761s][info][gc          ] GC(20) Pause Init Mark (unload classes) 0.129ms
[114.761s][info][gc,start    ] GC(20) Concurrent marking (unload classes)
[114.761s][info][gc,task     ] GC(20) Using 4 of 8 workers for concurrent marking
[114.771s][info][gc          ] GC(20) Concurrent marking (unload classes) 10.029ms
[114.771s][info][gc,start    ] GC(20) Pause Final Mark (unload classes)
[114.771s][info][gc,task     ] GC(20) Using 8 of 8 workers for final marking
[114.771s][info][gc,ergo     ] GC(20) Collectable Garbage: 6672M (97%), Immediate: 6672M (97%), CSet: 0B (0%)
[114.771s][info][gc          ] GC(20) Pause Final Mark (unload classes) 0.410ms
[114.772s][info][gc,start    ] GC(20) Concurrent weak references
[114.772s][info][gc,task     ] GC(20) Using 4 of 8 workers for concurrent weak references
[114.772s][info][gc,ref      ] GC(20) Encountered references: Soft: 82, Weak: 200, Final: 0, Phantom: 5
[114.772s][info][gc,ref      ] GC(20) Discovered  references: Soft: 0, Weak: 156, Final: 0, Phantom: 5
[114.772s][info][gc,ref      ] GC(20) Enqueued    references: Soft: 0, Weak: 0, Final: 0, Phantom: 0
[114.772s][info][gc          ] GC(20) Concurrent weak references 0.171ms
[114.772s][info][gc,start    ] GC(20) Concurrent weak roots
[114.772s][info][gc,task     ] GC(20) Using 4 of 8 workers for concurrent weak root
[114.772s][info][gc          ] GC(20) Concurrent weak roots 0.140ms
[114.772s][info][gc,start    ] GC(20) Concurrent cleanup
[114.772s][info][gc          ] GC(20) Concurrent cleanup 6984M->312M(8192M) 0.327ms
[114.772s][info][gc,ergo     ] GC(20) Free: 7468M, Max: 4096K regular, 2288M humongous, Frag: 70% external, 0% internal; Reserve: 412M, Max: 4096K
[114.772s][info][gc,start    ] GC(20) Concurrent class unloading
[114.772s][info][gc,task     ] GC(20) Using 4 of 8 workers for concurrent class unloading
[114.773s][info][gc          ] GC(20) Concurrent class unloading 0.324ms
[114.773s][info][gc,start    ] GC(20) Rendezvous roots
[114.773s][info][gc          ] GC(20) Rendezvous roots 0.036ms
[114.773s][info][gc,ergo     ] Free: 7468M, Max: 4096K regular, 2288M humongous, Frag: 70% external, 0% internal; Reserve: 412M, Max: 4096K
[114.773s][info][gc,stats    ] 
[114.773s][info][gc,stats    ] All times are wall-clock times, except per-root-class counters, that are sum over
[114.773s][info][gc,stats    ] all workers. Dividing the <total> over the root stage time estimates parallelism.
[114.773s][info][gc,stats    ] 
[114.773s][info][gc,stats    ] Concurrent Reset                    332 us
[114.773s][info][gc,stats    ] Pause Init Mark (G)                 187 us
[114.773s][info][gc,stats    ] Pause Init Mark (N)                 142 us
[114.773s][info][gc,stats    ]   Manage TLABs                        4 us
[114.773s][info][gc,stats    ]   Update Region States               18 us
[114.773s][info][gc,stats    ]   Scan Roots                         29 us, parallelism: 3.00x
[114.773s][info][gc,stats    ]     S: <total>                       87 us
[114.773s][info][gc,stats    ]     S: Thread Roots                  87 us, workers (us):  15,  16,  15,  13,   9,   8,   9,   1, 
[114.773s][info][gc,stats    ] Concurrent Marking                10081 us
[114.773s][info][gc,stats    ]   Roots                              52 us, parallelism: 0.84x
[114.773s][info][gc,stats    ]     CM: <total>                      44 us
[114.773s][info][gc,stats    ]     CM: VM Strong Roots               9 us, workers (us):   3,   2,   2,   1, ---, ---, ---, ---, 
[114.773s][info][gc,stats    ]     CM: CLDG Roots                   35 us, workers (us):  34,   1, ---, ---, ---, ---, ---, ---, 
[114.773s][info][gc,stats    ] Pause Final Mark (G)                522 us
[114.773s][info][gc,stats    ] Pause Final Mark (N)                428 us
[114.773s][info][gc,stats    ]   Finish Queues                     222 us
[114.773s][info][gc,stats    ]   Update Region States               40 us
[114.773s][info][gc,stats    ]   Manage GC/TLABs                     5 us
[114.773s][info][gc,stats    ]   Choose Collection Set              61 us
[114.773s][info][gc,stats    ]   Rebuild Free Set                   17 us
[114.773s][info][gc,stats    ] Concurrent Weak References          186 us
[114.773s][info][gc,stats    ]   Process                           113 us
[114.773s][info][gc,stats    ] Concurrent Weak Roots               175 us
[114.773s][info][gc,stats    ]   Roots                              85 us, parallelism: 0.39x
[114.773s][info][gc,stats    ]     CWR: <total>                     33 us
[114.773s][info][gc,stats    ]     CWR: VM Weak Roots               31 us, workers (us):  17,  11,   2,   1, ---, ---, ---, ---, 
[114.773s][info][gc,stats    ]     CWR: CLDG Roots                   2 us, workers (us): ---,   2, ---, ---, ---, ---, ---, ---, 
[114.773s][info][gc,stats    ]   Rendezvous                         29 us
[114.773s][info][gc,stats    ] Concurrent Cleanup                  344 us
[114.773s][info][gc,stats    ] Concurrent Class Unloading          353 us
[114.773s][info][gc,stats    ]   Unlink Stale                      245 us
[114.773s][info][gc,stats    ]     System Dictionary                 3 us
[114.773s][info][gc,stats    ]     Weak Class Links                  0 us
[114.773s][info][gc,stats    ]     Code Roots                      241 us
[114.773s][info][gc,stats    ]   Rendezvous                         26 us
[114.773s][info][gc,stats    ]   Purge Unlinked                     26 us
[114.773s][info][gc,stats    ]     Code Roots                       18 us
[114.773s][info][gc,stats    ]     CLDG                              6 us
[114.773s][info][gc,stats    ]     Exception Caches                  0 us
[114.773s][info][gc,stats    ] Rendezvous                           65 us
[114.773s][info][gc,stats    ] 
[114.773s][info][gc,stats    ] Allocation pacing accrued:
[114.773s][info][gc,stats    ]       0 of  6491 ms (  0.0%): <total>
[114.773s][info][gc,stats    ]       0 of  6491 ms (  0.0%): <average total>
[114.773s][info][gc,stats    ] 
[114.773s][info][gc,metaspace] Metaspace: 828K(960K)->828K(960K) NonClass: 774K(832K)->774K(832K) Class: 53K(128K)->53K(128K)
[114.773s][info][gc,ergo     ] Pacer for Idle. Initial: 163M, Alloc Tax Rate: 1.0x
[121.260s][info][gc          ] Trigger: Free (812M) is below minimum threshold (819M)
[121.260s][info][gc,ergo     ] Free: 812M, Max: 4096K regular, 812M humongous, Frag: 0% external, 0% internal; Reserve: 412M, Max: 4096K
[121.260s][info][gc,start    ] GC(21) Concurrent reset
[121.260s][info][gc,task     ] GC(21) Using 4 of 8 workers for concurrent reset
[121.260s][info][gc,ergo     ] GC(21) Pacer for Reset. Non-Taxable: 8192M
[121.260s][info][gc          ] GC(21) Concurrent reset 0.413ms
[121.260s][info][gc,start    ] GC(21) Pause Init Mark (unload classes)
[121.260s][info][gc,task     ] GC(21) Using 8 of 8 workers for init marking
[121.261s][info][gc,ergo     ] GC(21) Pacer for Mark. Expected Live: 129M, Free: 812M, Non-Taxable: 83148K, Alloc Tax Rate: 0.2x
[121.261s][info][gc          ] GC(21) Pause Init Mark (unload classes) 0.178ms
[121.261s][info][gc,start    ] GC(21) Concurrent marking (unload classes)
[121.261s][info][gc,task     ] GC(21) Using 4 of 8 workers for concurrent marking
[121.271s][info][gc          ] GC(21) Concurrent marking (unload classes) 9.830ms
[121.271s][info][gc,start    ] GC(21) Pause Final Mark (unload classes)
[121.271s][info][gc,task     ] GC(21) Using 8 of 8 workers for final marking
[121.271s][info][gc,ergo     ] GC(21) Collectable Garbage: 6656M (97%), Immediate: 6656M (97%), CSet: 0B (0%)
[121.271s][info][gc          ] GC(21) Pause Final Mark (unload classes) 0.254ms
[121.271s][info][gc,start    ] GC(21) Concurrent weak references
[121.271s][info][gc,task     ] GC(21) Using 4 of 8 workers for concurrent weak references
[121.271s][info][gc,ref      ] GC(21) Encountered references: Soft: 82, Weak: 200, Final: 0, Phantom: 5
[121.271s][info][gc,ref      ] GC(21) Discovered  references: Soft: 0, Weak: 59, Final: 0, Phantom: 3
[121.271s][info][gc,ref      ] GC(21) Enqueued    references: Soft: 0, Weak: 0, Final: 0, Phantom: 0
[121.271s][info][gc          ] GC(21) Concurrent weak references 0.083ms
[121.271s][info][gc,start    ] GC(21) Concurrent weak roots
[121.271s][info][gc,task     ] GC(21) Using 4 of 8 workers for concurrent weak root
[121.271s][info][gc          ] GC(21) Concurrent weak roots 0.194ms
[121.271s][info][gc,start    ] GC(21) Concurrent cleanup
[121.271s][info][gc          ] GC(21) Concurrent cleanup 6984M->328M(8192M) 0.281ms
[121.271s][info][gc,ergo     ] GC(21) Free: 7451M, Max: 4096K regular, 2288M humongous, Frag: 70% external, 0% internal; Reserve: 412M, Max: 4096K
[121.272s][info][gc,start    ] GC(21) Concurrent class unloading
[121.272s][info][gc,task     ] GC(21) Using 4 of 8 workers for concurrent class unloading
[121.272s][info][gc          ] GC(21) Concurrent class unloading 0.338ms
[121.272s][info][gc,start    ] GC(21) Rendezvous roots
[121.272s][info][gc          ] GC(21) Rendezvous roots 0.038ms
[121.272s][info][gc,ergo     ] Free: 7451M, Max: 4096K regular, 2288M humongous, Frag: 70% external, 0% internal; Reserve: 412M, Max: 4096K
[121.272s][info][gc,stats    ] 
[121.272s][info][gc,stats    ] All times are wall-clock times, except per-root-class counters, that are sum over
[121.272s][info][gc,stats    ] all workers. Dividing the <total> over the root stage time estimates parallelism.
[121.272s][info][gc,stats    ] 
[121.272s][info][gc,stats    ] Concurrent Reset                    435 us
[121.272s][info][gc,stats    ] Pause Init Mark (G)                 354 us
[121.272s][info][gc,stats    ] Pause Init Mark (N)                 191 us
[121.272s][info][gc,stats    ]   Manage TLABs                        4 us
[121.272s][info][gc,stats    ]   Update Region States               30 us
[121.272s][info][gc,stats    ]   Scan Roots                         74 us, parallelism: 1.65x
[121.272s][info][gc,stats    ]     S: <total>                      123 us
[121.272s][info][gc,stats    ]     S: Thread Roots                 123 us, workers (us):  22,  18,  16,  14,  51,   0,   0,   0, 
[121.272s][info][gc,stats    ] Concurrent Marking                 9877 us
[121.272s][info][gc,stats    ]   Roots                              52 us, parallelism: 0.82x
[121.272s][info][gc,stats    ]     CM: <total>                      42 us
[121.272s][info][gc,stats    ]     CM: VM Strong Roots               7 us, workers (us):   5,   1,   1,   1, ---, ---, ---, ---, 
[121.272s][info][gc,stats    ]     CM: CLDG Roots                   35 us, workers (us):  34,   1, ---, ---, ---, ---, ---, ---, 
[121.272s][info][gc,stats    ] Pause Final Mark (G)                312 us
[121.272s][info][gc,stats    ] Pause Final Mark (N)                270 us
[121.272s][info][gc,stats    ]   Finish Queues                     124 us
[121.272s][info][gc,stats    ]   Update Region States               28 us
[121.272s][info][gc,stats    ]   Manage GC/TLABs                     3 us
[121.272s][info][gc,stats    ]   Choose Collection Set              50 us
[121.272s][info][gc,stats    ]   Rebuild Free Set                   11 us
[121.272s][info][gc,stats    ] Concurrent Weak References           94 us
[121.272s][info][gc,stats    ]   Process                            56 us
[121.272s][info][gc,stats    ] Concurrent Weak Roots               222 us
[121.272s][info][gc,stats    ]   Roots                              99 us, parallelism: 0.31x
[121.272s][info][gc,stats    ]     CWR: <total>                     31 us
[121.272s][info][gc,stats    ]     CWR: VM Weak Roots               29 us, workers (us):  24,   2,   2,   2, ---, ---, ---, ---, 
[121.272s][info][gc,stats    ]     CWR: CLDG Roots                   2 us, workers (us):   2, ---, ---, ---, ---, ---, ---, ---, 
[121.272s][info][gc,stats    ]   Rendezvous                         71 us
[121.272s][info][gc,stats    ] Concurrent Cleanup                  295 us
[121.272s][info][gc,stats    ] Concurrent Class Unloading          366 us
[121.272s][info][gc,stats    ]   Unlink Stale                      263 us
[121.272s][info][gc,stats    ]     System Dictionary                 2 us
[121.272s][info][gc,stats    ]     Weak Class Links                  0 us
[121.272s][info][gc,stats    ]     Code Roots                      259 us
[121.272s][info][gc,stats    ]   Rendezvous                         25 us
[121.272s][info][gc,stats    ]   Purge Unlinked                     26 us
[121.272s][info][gc,stats    ]     Code Roots                       23 us
[121.272s][info][gc,stats    ]     CLDG                              2 us
[121.272s][info][gc,stats    ]     Exception Caches                  0 us
[121.272s][info][gc,stats    ] Rendezvous                           66 us
[121.272s][info][gc,stats    ] 
[121.273s][info][gc,stats    ] Allocation pacing accrued:
[121.273s][info][gc,stats    ]       0 of  6499 ms (  0.0%): <total>
[121.273s][info][gc,stats    ]       0 of  6499 ms (  0.0%): <average total>
[121.273s][info][gc,stats    ] 
[121.273s][info][gc,metaspace] Metaspace: 828K(960K)->828K(960K) NonClass: 774K(832K)->774K(832K) Class: 53K(128K)->53K(128K)
[121.273s][info][gc,ergo     ] Pacer for Idle. Initial: 163M, Alloc Tax Rate: 1.0x
[127.741s][info][gc          ] Trigger: Free (811M) is below minimum threshold (819M)
[127.741s][info][gc,ergo     ] Free: 811M, Max: 4096K regular, 792M humongous, Frag: 2% external, 0% internal; Reserve: 412M, Max: 4096K
[127.741s][info][gc,start    ] GC(22) Concurrent reset
[127.741s][info][gc,task     ] GC(22) Using 4 of 8 workers for concurrent reset
[127.741s][info][gc,ergo     ] GC(22) Pacer for Reset. Non-Taxable: 8192M
[127.741s][info][gc          ] GC(22) Concurrent reset 0.364ms
[127.741s][info][gc,start    ] GC(22) Pause Init Mark (unload classes)
[127.741s][info][gc,task     ] GC(22) Using 8 of 8 workers for init marking
[127.741s][info][gc,ergo     ] GC(22) Pacer for Mark. Expected Live: 129M, Free: 811M, Non-Taxable: 83148K, Alloc Tax Rate: 0.2x
[127.741s][info][gc          ] GC(22) Pause Init Mark (unload classes) 0.126ms
[127.742s][info][gc,start    ] GC(22) Concurrent marking (unload classes)
[127.742s][info][gc,task     ] GC(22) Using 4 of 8 workers for concurrent marking
[127.751s][info][gc          ] GC(22) Concurrent marking (unload classes) 9.728ms
[127.751s][info][gc,start    ] GC(22) Pause Final Mark (unload classes)
[127.751s][info][gc,task     ] GC(22) Using 8 of 8 workers for final marking
[127.752s][info][gc,ergo     ] GC(22) Collectable Garbage: 6552M (95%), Immediate: 6552M (95%), CSet: 0B (0%)
[127.752s][info][gc          ] GC(22) Pause Final Mark (unload classes) 0.288ms
[127.752s][info][gc,start    ] GC(22) Concurrent weak references
[127.752s][info][gc,task     ] GC(22) Using 4 of 8 workers for concurrent weak references
[127.752s][info][gc,ref      ] GC(22) Encountered references: Soft: 80, Weak: 200, Final: 0, Phantom: 5
[127.752s][info][gc,ref      ] GC(22) Discovered  references: Soft: 0, Weak: 53, Final: 0, Phantom: 5
[127.752s][info][gc,ref      ] GC(22) Enqueued    references: Soft: 0, Weak: 0, Final: 0, Phantom: 0
[127.752s][info][gc          ] GC(22) Concurrent weak references 0.101ms
[127.752s][info][gc,start    ] GC(22) Concurrent weak roots
[127.752s][info][gc,task     ] GC(22) Using 4 of 8 workers for concurrent weak root
[127.752s][info][gc          ] GC(22) Concurrent weak roots 0.132ms
[127.752s][info][gc,start    ] GC(22) Concurrent cleanup
[127.752s][info][gc          ] GC(22) Concurrent cleanup 6984M->432M(8192M) 0.279ms
[127.752s][info][gc,ergo     ] GC(22) Free: 7348M, Max: 4096K regular, 2204M humongous, Frag: 71% external, 0% internal; Reserve: 412M, Max: 4096K
[127.752s][info][gc,start    ] GC(22) Concurrent class unloading
[127.752s][info][gc,task     ] GC(22) Using 4 of 8 workers for concurrent class unloading
[127.753s][info][gc          ] GC(22) Concurrent class unloading 0.340ms
[127.753s][info][gc,start    ] GC(22) Rendezvous roots
[127.753s][info][gc          ] GC(22) Rendezvous roots 0.033ms
[127.753s][info][gc,ergo     ] Free: 7348M, Max: 4096K regular, 2204M humongous, Frag: 71% external, 0% internal; Reserve: 412M, Max: 4096K
[127.753s][info][gc,stats    ] 
[127.753s][info][gc,stats    ] All times are wall-clock times, except per-root-class counters, that are sum over
[127.753s][info][gc,stats    ] all workers. Dividing the <total> over the root stage time estimates parallelism.
[127.753s][info][gc,stats    ] 
[127.753s][info][gc,stats    ] Concurrent Reset                    386 us
[127.753s][info][gc,stats    ] Pause Init Mark (G)                 185 us
[127.753s][info][gc,stats    ] Pause Init Mark (N)                 141 us
[127.753s][info][gc,stats    ]   Manage TLABs                        4 us
[127.753s][info][gc,stats    ]   Update Region States               21 us
[127.753s][info][gc,stats    ]   Scan Roots                         39 us, parallelism: 1.99x
[127.753s][info][gc,stats    ]     S: <total>                       77 us
[127.753s][info][gc,stats    ]     S: Thread Roots                  77 us, workers (us):  22,  21,  16,  15,   1,   1,   1,   1, 
[127.753s][info][gc,stats    ] Concurrent Marking                 9771 us
[127.753s][info][gc,stats    ]   Roots                              55 us, parallelism: 0.84x
[127.753s][info][gc,stats    ]     CM: <total>                      46 us
[127.753s][info][gc,stats    ]     CM: VM Strong Roots               7 us, workers (us):   4,   2,   1,   1, ---, ---, ---, ---, 
[127.753s][info][gc,stats    ]     CM: CLDG Roots                   39 us, workers (us):   1,  38, ---, ---, ---, ---, ---, ---, 
[127.753s][info][gc,stats    ] Pause Final Mark (G)                388 us
[127.753s][info][gc,stats    ] Pause Final Mark (N)                304 us
[127.753s][info][gc,stats    ]   Finish Queues                     154 us
[127.753s][info][gc,stats    ]   Update Region States               31 us
[127.753s][info][gc,stats    ]   Manage GC/TLABs                     3 us
[127.753s][info][gc,stats    ]   Choose Collection Set              51 us
[127.753s][info][gc,stats    ]   Rebuild Free Set                   12 us
[127.753s][info][gc,stats    ] Concurrent Weak References          112 us
[127.753s][info][gc,stats    ]   Process                            55 us
[127.753s][info][gc,stats    ] Concurrent Weak Roots               159 us
[127.753s][info][gc,stats    ]   Roots                              82 us, parallelism: 0.39x
[127.753s][info][gc,stats    ]     CWR: <total>                     32 us
[127.753s][info][gc,stats    ]     CWR: VM Weak Roots               30 us, workers (us):  14,  13,   2,   1, ---, ---, ---, ---, 
[127.753s][info][gc,stats    ]     CWR: CLDG Roots                   2 us, workers (us):   2, ---, ---, ---, ---, ---, ---, ---, 
[127.753s][info][gc,stats    ]   Rendezvous                         26 us
[127.753s][info][gc,stats    ] Concurrent Cleanup                  294 us
[127.753s][info][gc,stats    ] Concurrent Class Unloading          370 us
[127.753s][info][gc,stats    ]   Unlink Stale                      271 us
[127.753s][info][gc,stats    ]     System Dictionary                 2 us
[127.753s][info][gc,stats    ]     Weak Class Links                  0 us
[127.753s][info][gc,stats    ]     Code Roots                      267 us
[127.753s][info][gc,stats    ]   Rendezvous                         18 us
[127.753s][info][gc,stats    ]   Purge Unlinked                     25 us
[127.753s][info][gc,stats    ]     Code Roots                       19 us
[127.753s][info][gc,stats    ]     CLDG                              5 us
[127.753s][info][gc,stats    ]     Exception Caches                  0 us
[127.753s][info][gc,stats    ] Rendezvous                           50 us
[127.753s][info][gc,stats    ] 
[127.753s][info][gc,stats    ] Allocation pacing accrued:
[127.753s][info][gc,stats    ]       0 of  6481 ms (  0.0%): <total>
[127.753s][info][gc,stats    ]       0 of  6481 ms (  0.0%): <average total>
[127.753s][info][gc,stats    ] 
[127.753s][info][gc,metaspace] Metaspace: 828K(960K)->828K(960K) NonClass: 774K(832K)->774K(832K) Class: 53K(128K)->53K(128K)
[127.753s][info][gc,ergo     ] Pacer for Idle. Initial: 163M, Alloc Tax Rate: 1.0x
[134.129s][info][gc          ] Trigger: Free (804M) is below minimum threshold (819M)
[134.129s][info][gc,ergo     ] Free: 804M, Max: 4096K regular, 804M humongous, Frag: 0% external, 0% internal; Reserve: 412M, Max: 4096K
[134.129s][info][gc,start    ] GC(23) Concurrent reset
[134.129s][info][gc,task     ] GC(23) Using 4 of 8 workers for concurrent reset
[134.129s][info][gc,ergo     ] GC(23) Pacer for Reset. Non-Taxable: 8192M
[134.130s][info][gc          ] GC(23) Concurrent reset 0.788ms
[134.130s][info][gc,start    ] GC(23) Pause Init Mark (unload classes)
[134.130s][info][gc,task     ] GC(23) Using 8 of 8 workers for init marking
[134.130s][info][gc,ergo     ] GC(23) Pacer for Mark. Expected Live: 129M, Free: 804M, Non-Taxable: 82329K, Alloc Tax Rate: 0.2x
[134.130s][info][gc          ] GC(23) Pause Init Mark (unload classes) 0.184ms
[134.130s][info][gc,start    ] GC(23) Concurrent marking (unload classes)
[134.130s][info][gc,task     ] GC(23) Using 4 of 8 workers for concurrent marking
[134.142s][info][gc          ] GC(23) Concurrent marking (unload classes) 11.800ms
[134.142s][info][gc,start    ] GC(23) Pause Final Mark (unload classes)
[134.142s][info][gc,task     ] GC(23) Using 8 of 8 workers for final marking
[134.142s][info][gc,ergo     ] GC(23) Collectable Garbage: 6560M (95%), Immediate: 6560M (95%), CSet: 0B (0%)
[134.142s][info][gc          ] GC(23) Pause Final Mark (unload classes) 0.219ms
[134.142s][info][gc,start    ] GC(23) Concurrent weak references
[134.142s][info][gc,task     ] GC(23) Using 4 of 8 workers for concurrent weak references
[134.143s][info][gc,ref      ] GC(23) Encountered references: Soft: 82, Weak: 200, Final: 0, Phantom: 5
[134.143s][info][gc,ref      ] GC(23) Discovered  references: Soft: 0, Weak: 156, Final: 0, Phantom: 5
[134.143s][info][gc,ref      ] GC(23) Enqueued    references: Soft: 0, Weak: 0, Final: 0, Phantom: 0
[134.143s][info][gc          ] GC(23) Concurrent weak references 0.081ms
[134.143s][info][gc,start    ] GC(23) Concurrent weak roots
[134.143s][info][gc,task     ] GC(23) Using 4 of 8 workers for concurrent weak root
[134.143s][info][gc          ] GC(23) Concurrent weak roots 0.146ms
[134.143s][info][gc,start    ] GC(23) Concurrent cleanup
[134.143s][info][gc          ] GC(23) Concurrent cleanup 6992M->432M(8192M) 0.275ms
[134.143s][info][gc,ergo     ] GC(23) Free: 7348M, Max: 4096K regular, 2204M humongous, Frag: 71% external, 0% internal; Reserve: 412M, Max: 4096K
[134.143s][info][gc,start    ] GC(23) Concurrent class unloading
[134.143s][info][gc,task     ] GC(23) Using 4 of 8 workers for concurrent class unloading
[134.143s][info][gc          ] GC(23) Concurrent class unloading 0.336ms
[134.143s][info][gc,start    ] GC(23) Rendezvous roots
[134.143s][info][gc          ] GC(23) Rendezvous roots 0.037ms
[134.143s][info][gc,ergo     ] Free: 7348M, Max: 4096K regular, 2204M humongous, Frag: 71% external, 0% internal; Reserve: 412M, Max: 4096K
[134.144s][info][gc,stats    ] 
[134.144s][info][gc,stats    ] All times are wall-clock times, except per-root-class counters, that are sum over
[134.144s][info][gc,stats    ] all workers. Dividing the <total> over the root stage time estimates parallelism.
[134.144s][info][gc,stats    ] 
[134.144s][info][gc,stats    ] Concurrent Reset                    831 us
[134.144s][info][gc,stats    ] Pause Init Mark (G)                 265 us
[134.144s][info][gc,stats    ] Pause Init Mark (N)                 205 us
[134.144s][info][gc,stats    ]   Manage TLABs                        6 us
[134.144s][info][gc,stats    ]   Update Region States               27 us
[134.144s][info][gc,stats    ]   Scan Roots                         41 us, parallelism: 3.00x
[134.144s][info][gc,stats    ]     S: <total>                      122 us
[134.144s][info][gc,stats    ]     S: Thread Roots                 122 us, workers (us):  22,  21,   9,  19,  12,  14,  13,  13, 
[134.144s][info][gc,stats    ] Concurrent Marking                11848 us
[134.144s][info][gc,stats    ]   Roots                              68 us, parallelism: 0.86x
[134.144s][info][gc,stats    ]     CM: <total>                      58 us
[134.144s][info][gc,stats    ]     CM: VM Strong Roots              12 us, workers (us):   4,   3,   1,   4, ---, ---, ---, ---, 
[134.144s][info][gc,stats    ]     CM: CLDG Roots                   46 us, workers (us):  45, ---,   1, ---, ---, ---, ---, ---, 
[134.144s][info][gc,stats    ] Pause Final Mark (G)                319 us
[134.144s][info][gc,stats    ] Pause Final Mark (N)                233 us
[134.144s][info][gc,stats    ]   Finish Queues                      94 us
[134.144s][info][gc,stats    ]   Update Region States               26 us
[134.144s][info][gc,stats    ]   Manage GC/TLABs                     3 us
[134.144s][info][gc,stats    ]   Choose Collection Set              43 us
[134.144s][info][gc,stats    ]   Rebuild Free Set                   13 us
[134.144s][info][gc,stats    ] Concurrent Weak References           92 us
[134.144s][info][gc,stats    ]   Process                            55 us
[134.144s][info][gc,stats    ] Concurrent Weak Roots               175 us
[134.144s][info][gc,stats    ]   Roots                              95 us, parallelism: 0.32x
[134.144s][info][gc,stats    ]     CWR: <total>                     31 us
[134.144s][info][gc,stats    ]     CWR: VM Weak Roots               28 us, workers (us):  23,   2,   2,   2, ---, ---, ---, ---, 
[134.144s][info][gc,stats    ]     CWR: CLDG Roots                   2 us, workers (us):   2, ---, ---, ---, ---, ---, ---, ---, 
[134.144s][info][gc,stats    ]   Rendezvous                         28 us
[134.144s][info][gc,stats    ] Concurrent Cleanup                  289 us
[134.144s][info][gc,stats    ] Concurrent Class Unloading          363 us
[134.144s][info][gc,stats    ]   Unlink Stale                      253 us
[134.144s][info][gc,stats    ]     System Dictionary                 2 us
[134.144s][info][gc,stats    ]     Weak Class Links                  0 us
[134.144s][info][gc,stats    ]     Code Roots                      249 us
[134.144s][info][gc,stats    ]   Rendezvous                         28 us
[134.144s][info][gc,stats    ]   Purge Unlinked                     29 us
[134.144s][info][gc,stats    ]     Code Roots                       23 us
[134.144s][info][gc,stats    ]     CLDG                              5 us
[134.144s][info][gc,stats    ]     Exception Caches                  0 us
[134.144s][info][gc,stats    ] Rendezvous                           51 us
[134.144s][info][gc,stats    ] 
[134.144s][info][gc,stats    ] Allocation pacing accrued:
[134.144s][info][gc,stats    ]       0 of  6391 ms (  0.0%): <total>
[134.144s][info][gc,stats    ]       0 of  6391 ms (  0.0%): <average total>
[134.144s][info][gc,stats    ] 
[134.144s][info][gc,metaspace] Metaspace: 828K(960K)->828K(960K) NonClass: 774K(832K)->774K(832K) Class: 53K(128K)->53K(128K)
[134.144s][info][gc,ergo     ] Pacer for Idle. Initial: 163M, Alloc Tax Rate: 1.0x
[140.519s][info][gc          ] Trigger: Free (804M) is below minimum threshold (819M)
[140.519s][info][gc,ergo     ] Free: 804M, Max: 4096K regular, 788M humongous, Frag: 2% external, 0% internal; Reserve: 412M, Max: 4096K
[140.519s][info][gc,start    ] GC(24) Concurrent reset
[140.519s][info][gc,task     ] GC(24) Using 4 of 8 workers for concurrent reset
[140.519s][info][gc,ergo     ] GC(24) Pacer for Reset. Non-Taxable: 8192M
[140.520s][info][gc          ] GC(24) Concurrent reset 0.564ms
[140.520s][info][gc,start    ] GC(24) Pause Init Mark (unload classes)
[140.520s][info][gc,task     ] GC(24) Using 8 of 8 workers for init marking
[140.520s][info][gc,ergo     ] GC(24) Pacer for Mark. Expected Live: 129M, Free: 804M, Non-Taxable: 82329K, Alloc Tax Rate: 0.2x
[140.520s][info][gc          ] GC(24) Pause Init Mark (unload classes) 0.187ms
[140.520s][info][gc,start    ] GC(24) Concurrent marking (unload classes)
[140.520s][info][gc,task     ] GC(24) Using 4 of 8 workers for concurrent marking
[140.531s][info][gc          ] GC(24) Concurrent marking (unload classes) 10.400ms
[140.531s][info][gc,start    ] GC(24) Pause Final Mark (unload classes)
[140.531s][info][gc,task     ] GC(24) Using 8 of 8 workers for final marking
[140.531s][info][gc,ergo     ] GC(24) Collectable Garbage: 6560M (95%), Immediate: 6560M (95%), CSet: 0B (0%)
[140.531s][info][gc          ] GC(24) Pause Final Mark (unload classes) 0.335ms
[140.531s][info][gc,start    ] GC(24) Concurrent weak references
[140.531s][info][gc,task     ] GC(24) Using 4 of 8 workers for concurrent weak references
[140.531s][info][gc,ref      ] GC(24) Encountered references: Soft: 81, Weak: 200, Final: 0, Phantom: 5
[140.531s][info][gc,ref      ] GC(24) Discovered  references: Soft: 0, Weak: 19, Final: 0, Phantom: 5
[140.531s][info][gc,ref      ] GC(24) Enqueued    references: Soft: 0, Weak: 0, Final: 0, Phantom: 0
[140.531s][info][gc          ] GC(24) Concurrent weak references 0.123ms
[140.531s][info][gc,start    ] GC(24) Concurrent weak roots
[140.531s][info][gc,task     ] GC(24) Using 4 of 8 workers for concurrent weak root
[140.531s][info][gc          ] GC(24) Concurrent weak roots 0.149ms
[140.531s][info][gc,start    ] GC(24) Concurrent cleanup
[140.532s][info][gc          ] GC(24) Concurrent cleanup 6992M->432M(8192M) 0.287ms
[140.532s][info][gc,ergo     ] GC(24) Free: 7348M, Max: 4096K regular, 2204M humongous, Frag: 71% external, 0% internal; Reserve: 412M, Max: 4096K
[140.532s][info][gc,start    ] GC(24) Concurrent class unloading
[140.532s][info][gc,task     ] GC(24) Using 4 of 8 workers for concurrent class unloading
[140.532s][info][gc          ] GC(24) Concurrent class unloading 0.373ms
[140.532s][info][gc,start    ] GC(24) Rendezvous roots
[140.532s][info][gc          ] GC(24) Rendezvous roots 0.040ms
[140.532s][info][gc,ergo     ] Free: 7348M, Max: 4096K regular, 2204M humongous, Frag: 71% external, 0% internal; Reserve: 412M, Max: 4096K
[140.532s][info][gc,stats    ] 
[140.532s][info][gc,stats    ] All times are wall-clock times, except per-root-class counters, that are sum over
[140.532s][info][gc,stats    ] all workers. Dividing the <total> over the root stage time estimates parallelism.
[140.532s][info][gc,stats    ] 
[140.532s][info][gc,stats    ] Concurrent Reset                    601 us
[140.532s][info][gc,stats    ] Pause Init Mark (G)                 423 us
[140.532s][info][gc,stats    ] Pause Init Mark (N)                 203 us
[140.532s][info][gc,stats    ]   Manage TLABs                        4 us
[140.532s][info][gc,stats    ]   Update Region States               46 us
[140.532s][info][gc,stats    ]   Scan Roots                         52 us, parallelism: 2.38x
[140.532s][info][gc,stats    ]     S: <total>                      124 us
[140.532s][info][gc,stats    ]     S: Thread Roots                 124 us, workers (us):  38,  26,  15,   1,  16,  15,  13,   1, 
[140.532s][info][gc,stats    ] Concurrent Marking                10448 us
[140.532s][info][gc,stats    ]   Roots                              70 us, parallelism: 0.77x
[140.532s][info][gc,stats    ]     CM: <total>                      54 us
[140.532s][info][gc,stats    ]     CM: VM Strong Roots              11 us, workers (us):   6,   3,   1,   1, ---, ---, ---, ---, 
[140.533s][info][gc,stats    ]     CM: CLDG Roots                   43 us, workers (us):   0,  43, ---, ---, ---, ---, ---, ---, 
[140.533s][info][gc,stats    ] Pause Final Mark (G)                450 us
[140.533s][info][gc,stats    ] Pause Final Mark (N)                352 us
[140.533s][info][gc,stats    ]   Finish Queues                     186 us
[140.533s][info][gc,stats    ]   Update Region States               37 us
[140.533s][info][gc,stats    ]   Manage GC/TLABs                     3 us
[140.533s][info][gc,stats    ]   Choose Collection Set              53 us
[140.533s][info][gc,stats    ]   Rebuild Free Set                   13 us
[140.533s][info][gc,stats    ] Concurrent Weak References          136 us
[140.533s][info][gc,stats    ]   Process                            76 us
[140.533s][info][gc,stats    ] Concurrent Weak Roots               165 us
[140.533s][info][gc,stats    ]   Roots                              98 us, parallelism: 0.38x
[140.533s][info][gc,stats    ]     CWR: <total>                     37 us
[140.533s][info][gc,stats    ]     CWR: VM Weak Roots               35 us, workers (us):  30,   2,   2,   2, ---, ---, ---, ---, 
[140.533s][info][gc,stats    ]     CWR: CLDG Roots                   2 us, workers (us):   2, ---, ---, ---, ---, ---, ---, ---, 
[140.533s][info][gc,stats    ]   Rendezvous                         26 us
[140.533s][info][gc,stats    ] Concurrent Cleanup                  300 us
[140.533s][info][gc,stats    ] Concurrent Class Unloading          405 us
[140.533s][info][gc,stats    ]   Unlink Stale                      287 us
[140.533s][info][gc,stats    ]     System Dictionary                 2 us
[140.533s][info][gc,stats    ]     Weak Class Links                  0 us
[140.533s][info][gc,stats    ]     Code Roots                      283 us
[140.533s][info][gc,stats    ]   Rendezvous                         29 us
[140.533s][info][gc,stats    ]   Purge Unlinked                     31 us
[140.533s][info][gc,stats    ]     Code Roots                       25 us
[140.533s][info][gc,stats    ]     CLDG                              4 us
[140.533s][info][gc,stats    ]     Exception Caches                  0 us
[140.533s][info][gc,stats    ] Rendezvous                           55 us
[140.533s][info][gc,stats    ] 
[140.533s][info][gc,stats    ] Allocation pacing accrued:
[140.533s][info][gc,stats    ]       0 of  6389 ms (  0.0%): <total>
[140.533s][info][gc,stats    ]       0 of  6389 ms (  0.0%): <average total>
[140.533s][info][gc,stats    ] 
[140.533s][info][gc,metaspace] Metaspace: 828K(960K)->828K(960K) NonClass: 774K(832K)->774K(832K) Class: 53K(128K)->53K(128K)
[140.533s][info][gc,ergo     ] Pacer for Idle. Initial: 163M, Alloc Tax Rate: 1.0x
[146.909s][info][gc          ] Trigger: Free (804M) is below minimum threshold (819M)
[146.909s][info][gc,ergo     ] Free: 804M, Max: 4096K regular, 804M humongous, Frag: 0% external, 0% internal; Reserve: 412M, Max: 4096K
[146.909s][info][gc,start    ] GC(25) Concurrent reset
[146.909s][info][gc,task     ] GC(25) Using 4 of 8 workers for concurrent reset
[146.909s][info][gc,ergo     ] GC(25) Pacer for Reset. Non-Taxable: 8192M
[146.909s][info][gc          ] GC(25) Concurrent reset 0.481ms
[146.910s][info][gc,start    ] GC(25) Pause Init Mark (unload classes)
[146.910s][info][gc,task     ] GC(25) Using 8 of 8 workers for init marking
[146.910s][info][gc,ergo     ] GC(25) Pacer for Mark. Expected Live: 129M, Free: 804M, Non-Taxable: 82329K, Alloc Tax Rate: 0.2x
[146.910s][info][gc          ] GC(25) Pause Init Mark (unload classes) 0.198ms
[146.910s][info][gc,start    ] GC(25) Concurrent marking (unload classes)
[146.910s][info][gc,task     ] GC(25) Using 4 of 8 workers for concurrent marking
[146.920s][info][gc          ] GC(25) Concurrent marking (unload classes) 9.888ms
[146.920s][info][gc,start    ] GC(25) Pause Final Mark (unload classes)
[146.920s][info][gc,task     ] GC(25) Using 8 of 8 workers for final marking
[146.920s][info][gc,ergo     ] GC(25) Collectable Garbage: 6560M (95%), Immediate: 6560M (95%), CSet: 0B (0%)
[146.920s][info][gc          ] GC(25) Pause Final Mark (unload classes) 0.303ms
[146.920s][info][gc,start    ] GC(25) Concurrent weak references
[146.920s][info][gc,task     ] GC(25) Using 4 of 8 workers for concurrent weak references
[146.920s][info][gc,ref      ] GC(25) Encountered references: Soft: 82, Weak: 200, Final: 0, Phantom: 5
[146.920s][info][gc,ref      ] GC(25) Discovered  references: Soft: 0, Weak: 17, Final: 0, Phantom: 5
[146.920s][info][gc,ref      ] GC(25) Enqueued    references: Soft: 0, Weak: 0, Final: 0, Phantom: 0
[146.920s][info][gc          ] GC(25) Concurrent weak references 0.100ms
[146.920s][info][gc,start    ] GC(25) Concurrent weak roots
[146.920s][info][gc,task     ] GC(25) Using 4 of 8 workers for concurrent weak root
[146.921s][info][gc          ] GC(25) Concurrent weak roots 0.197ms
[146.921s][info][gc,start    ] GC(25) Concurrent cleanup
[146.921s][info][gc          ] GC(25) Concurrent cleanup 7008M->448M(8192M) 0.388ms
[146.921s][info][gc,ergo     ] GC(25) Free: 7332M, Max: 4096K regular, 2204M humongous, Frag: 70% external, 0% internal; Reserve: 412M, Max: 4096K
[146.921s][info][gc,start    ] GC(25) Concurrent class unloading
[146.921s][info][gc,task     ] GC(25) Using 4 of 8 workers for concurrent class unloading
[146.921s][info][gc          ] GC(25) Concurrent class unloading 0.350ms
[146.921s][info][gc,start    ] GC(25) Rendezvous roots
[146.921s][info][gc          ] GC(25) Rendezvous roots 0.037ms
[146.921s][info][gc,ergo     ] Free: 7332M, Max: 4096K regular, 2204M humongous, Frag: 70% external, 0% internal; Reserve: 412M, Max: 4096K
[146.921s][info][gc,stats    ] 
[146.921s][info][gc,stats    ] All times are wall-clock times, except per-root-class counters, that are sum over
[146.922s][info][gc,stats    ] all workers. Dividing the <total> over the root stage time estimates parallelism.
[146.922s][info][gc,stats    ] 
[146.922s][info][gc,stats    ] Concurrent Reset                    527 us
[146.922s][info][gc,stats    ] Pause Init Mark (G)                 384 us
[146.922s][info][gc,stats    ] Pause Init Mark (N)                 217 us
[146.922s][info][gc,stats    ]   Manage TLABs                        3 us
[146.922s][info][gc,stats    ]   Update Region States               38 us
[146.922s][info][gc,stats    ]   Scan Roots                         60 us, parallelism: 2.31x
[146.922s][info][gc,stats    ]     S: <total>                      138 us
[146.922s][info][gc,stats    ]     S: Thread Roots                 138 us, workers (us):  28,  16,  28,  17,  29,  17,   1,   2, 
[146.922s][info][gc,stats    ] Concurrent Marking                 9939 us
[146.922s][info][gc,stats    ]   Roots                              62 us, parallelism: 0.79x
[146.922s][info][gc,stats    ]     CM: <total>                      49 us
[146.922s][info][gc,stats    ]     CM: VM Strong Roots               9 us, workers (us):   5,   2,   1,   1, ---, ---, ---, ---, 
[146.922s][info][gc,stats    ]     CM: CLDG Roots                   40 us, workers (us):  38,   2, ---, ---, ---, ---, ---, ---, 
[146.922s][info][gc,stats    ] Pause Final Mark (G)                495 us
[146.922s][info][gc,stats    ] Pause Final Mark (N)                318 us
[146.922s][info][gc,stats    ]   Finish Queues                     153 us
[146.922s][info][gc,stats    ]   Update Region States               34 us
[146.922s][info][gc,stats    ]   Manage GC/TLABs                     3 us
[146.922s][info][gc,stats    ]   Choose Collection Set              51 us
[146.922s][info][gc,stats    ]   Rebuild Free Set                   12 us
[146.922s][info][gc,stats    ] Concurrent Weak References          112 us
[146.922s][info][gc,stats    ]   Process                            53 us
[146.922s][info][gc,stats    ] Concurrent Weak Roots               226 us
[146.922s][info][gc,stats    ]   Roots                             104 us, parallelism: 0.39x
[146.922s][info][gc,stats    ]     CWR: <total>                     40 us
[146.922s][info][gc,stats    ]     CWR: VM Weak Roots               38 us, workers (us):  18,  17,   2,   2, ---, ---, ---, ---, 
[146.922s][info][gc,stats    ]     CWR: CLDG Roots                   2 us, workers (us):   2, ---, ---, ---, ---, ---, ---, ---, 
[146.922s][info][gc,stats    ]   Rendezvous                         66 us
[146.922s][info][gc,stats    ] Concurrent Cleanup                  406 us
[146.922s][info][gc,stats    ] Concurrent Class Unloading          378 us
[146.922s][info][gc,stats    ]   Unlink Stale                      269 us
[146.922s][info][gc,stats    ]     System Dictionary                 2 us
[146.922s][info][gc,stats    ]     Weak Class Links                  0 us
[146.922s][info][gc,stats    ]     Code Roots                      265 us
[146.922s][info][gc,stats    ]   Rendezvous                         25 us
[146.922s][info][gc,stats    ]   Purge Unlinked                     30 us
[146.922s][info][gc,stats    ]     Code Roots                       25 us
[146.922s][info][gc,stats    ]     CLDG                              4 us
[146.922s][info][gc,stats    ]     Exception Caches                  0 us
[146.922s][info][gc,stats    ] Rendezvous                           52 us
[146.922s][info][gc,stats    ] 
[146.922s][info][gc,stats    ] Allocation pacing accrued:
[146.922s][info][gc,stats    ]       0 of  6389 ms (  0.0%): <total>
[146.922s][info][gc,stats    ]       0 of  6389 ms (  0.0%): <average total>
[146.922s][info][gc,stats    ] 
[146.922s][info][gc,metaspace] Metaspace: 828K(960K)->828K(960K) NonClass: 774K(832K)->774K(832K) Class: 53K(128K)->53K(128K)
[146.922s][info][gc,ergo     ] Pacer for Idle. Initial: 163M, Alloc Tax Rate: 1.0x
[153.299s][info][gc          ] Trigger: Free (804M) is below minimum threshold (819M)
[153.299s][info][gc,ergo     ] Free: 804M, Max: 4096K regular, 772M humongous, Frag: 4% external, 0% internal; Reserve: 412M, Max: 4096K
[153.299s][info][gc,start    ] GC(26) Concurrent reset
[153.299s][info][gc,task     ] GC(26) Using 4 of 8 workers for concurrent reset
[153.299s][info][gc,ergo     ] GC(26) Pacer for Reset. Non-Taxable: 8192M
[153.300s][info][gc          ] GC(26) Concurrent reset 0.403ms
[153.300s][info][gc,start    ] GC(26) Pause Init Mark (unload classes)
[153.300s][info][gc,task     ] GC(26) Using 8 of 8 workers for init marking
[153.300s][info][gc,ergo     ] GC(26) Pacer for Mark. Expected Live: 129M, Free: 804M, Non-Taxable: 82329K, Alloc Tax Rate: 0.2x
[153.300s][info][gc          ] GC(26) Pause Init Mark (unload classes) 0.182ms
[153.300s][info][gc,start    ] GC(26) Concurrent marking (unload classes)
[153.300s][info][gc,task     ] GC(26) Using 4 of 8 workers for concurrent marking
[153.310s][info][gc          ] GC(26) Concurrent marking (unload classes) 9.620ms
[153.310s][info][gc,start    ] GC(26) Pause Final Mark (unload classes)
[153.310s][info][gc,task     ] GC(26) Using 8 of 8 workers for final marking
[153.310s][info][gc,ergo     ] GC(26) Collectable Garbage: 6560M (95%), Immediate: 6560M (95%), CSet: 0B (0%)
[153.310s][info][gc          ] GC(26) Pause Final Mark (unload classes) 0.248ms
[153.310s][info][gc,start    ] GC(26) Concurrent weak references
[153.310s][info][gc,task     ] GC(26) Using 4 of 8 workers for concurrent weak references
[153.310s][info][gc,ref      ] GC(26) Encountered references: Soft: 82, Weak: 200, Final: 0, Phantom: 5
[153.310s][info][gc,ref      ] GC(26) Discovered  references: Soft: 0, Weak: 55, Final: 0, Phantom: 4
[153.310s][info][gc,ref      ] GC(26) Enqueued    references: Soft: 0, Weak: 0, Final: 0, Phantom: 0
[153.310s][info][gc          ] GC(26) Concurrent weak references 0.124ms
[153.310s][info][gc,start    ] GC(26) Concurrent weak roots
[153.310s][info][gc,task     ] GC(26) Using 4 of 8 workers for concurrent weak root
[153.310s][info][gc          ] GC(26) Concurrent weak roots 0.223ms
[153.310s][info][gc,start    ] GC(26) Concurrent cleanup
[153.311s][info][gc          ] GC(26) Concurrent cleanup 7008M->448M(8192M) 0.406ms
[153.311s][info][gc,ergo     ] GC(26) Free: 7332M, Max: 4096K regular, 2204M humongous, Frag: 70% external, 0% internal; Reserve: 412M, Max: 4096K
[153.311s][info][gc,start    ] GC(26) Concurrent class unloading
[153.311s][info][gc,task     ] GC(26) Using 4 of 8 workers for concurrent class unloading
[153.311s][info][gc          ] GC(26) Concurrent class unloading 0.332ms
[153.311s][info][gc,start    ] GC(26) Rendezvous roots
[153.311s][info][gc          ] GC(26) Rendezvous roots 0.038ms
[153.311s][info][gc,ergo     ] Free: 7332M, Max: 4096K regular, 2204M humongous, Frag: 70% external, 0% internal; Reserve: 412M, Max: 4096K
[153.311s][info][gc,stats    ] 
[153.311s][info][gc,stats    ] All times are wall-clock times, except per-root-class counters, that are sum over
[153.311s][info][gc,stats    ] all workers. Dividing the <total> over the root stage time estimates parallelism.
[153.311s][info][gc,stats    ] 
[153.311s][info][gc,stats    ] Concurrent Reset                    424 us
[153.311s][info][gc,stats    ] Pause Init Mark (G)                 355 us
[153.311s][info][gc,stats    ] Pause Init Mark (N)                 197 us
[153.311s][info][gc,stats    ]   Manage TLABs                        4 us
[153.311s][info][gc,stats    ]   Update Region States               32 us
[153.311s][info][gc,stats    ]   Scan Roots                         67 us, parallelism: 1.10x
[153.311s][info][gc,stats    ]     S: <total>                       74 us
[153.312s][info][gc,stats    ]     S: Thread Roots                  74 us, workers (us):  32,  38,   1,   0,   0,   0,   1,   0, 
[153.312s][info][gc,stats    ] Concurrent Marking                 9672 us
[153.312s][info][gc,stats    ]   Roots                              65 us, parallelism: 0.62x
[153.312s][info][gc,stats    ]     CM: <total>                      40 us
[153.312s][info][gc,stats    ]     CM: VM Strong Roots               8 us, workers (us):   4,   1,   1,   1, ---, ---, ---, ---, 
[153.312s][info][gc,stats    ]     CM: CLDG Roots                   33 us, workers (us):  33, ---, ---, ---, ---, ---, ---, ---, 
[153.312s][info][gc,stats    ] Pause Final Mark (G)                443 us
[153.312s][info][gc,stats    ] Pause Final Mark (N)                263 us
[153.312s][info][gc,stats    ]   Finish Queues                     108 us
[153.312s][info][gc,stats    ]   Update Region States               35 us
[153.312s][info][gc,stats    ]   Manage GC/TLABs                     2 us
[153.312s][info][gc,stats    ]   Choose Collection Set              40 us
[153.312s][info][gc,stats    ]   Rebuild Free Set                   13 us
[153.312s][info][gc,stats    ] Concurrent Weak References          137 us
[153.312s][info][gc,stats    ]   Process                            77 us
[153.312s][info][gc,stats    ] Concurrent Weak Roots               253 us
[153.312s][info][gc,stats    ]   Roots                             102 us, parallelism: 0.37x
[153.312s][info][gc,stats    ]     CWR: <total>                     38 us
[153.312s][info][gc,stats    ]     CWR: VM Weak Roots               36 us, workers (us):  17,  15,   2,   2, ---, ---, ---, ---, 
[153.312s][info][gc,stats    ]     CWR: CLDG Roots                   3 us, workers (us): ---,   3, ---, ---, ---, ---, ---, ---, 
[153.312s][info][gc,stats    ]   Rendezvous                         93 us
[153.312s][info][gc,stats    ] Concurrent Cleanup                  421 us
[153.312s][info][gc,stats    ] Concurrent Class Unloading          360 us
[153.312s][info][gc,stats    ]   Unlink Stale                      251 us
[153.312s][info][gc,stats    ]     System Dictionary                 3 us
[153.312s][info][gc,stats    ]     Weak Class Links                  0 us
[153.312s][info][gc,stats    ]     Code Roots                      247 us
[153.312s][info][gc,stats    ]   Rendezvous                         26 us
[153.312s][info][gc,stats    ]   Purge Unlinked                     29 us
[153.312s][info][gc,stats    ]     Code Roots                       25 us
[153.312s][info][gc,stats    ]     CLDG                              3 us
[153.312s][info][gc,stats    ]     Exception Caches                  0 us
[153.312s][info][gc,stats    ] Rendezvous                           53 us
[153.312s][info][gc,stats    ] 
[153.312s][info][gc,stats    ] Allocation pacing accrued:
[153.312s][info][gc,stats    ]       0 of  6390 ms (  0.0%): <total>
[153.312s][info][gc,stats    ]       0 of  6390 ms (  0.0%): <average total>
[153.312s][info][gc,stats    ] 
[153.312s][info][gc,metaspace] Metaspace: 828K(960K)->828K(960K) NonClass: 774K(832K)->774K(832K) Class: 53K(128K)->53K(128K)
[153.312s][info][gc,ergo     ] Pacer for Idle. Initial: 163M, Alloc Tax Rate: 1.0x
[159.680s][info][gc          ] Trigger: Free (812M) is below minimum threshold (819M)
[159.680s][info][gc,ergo     ] Free: 812M, Max: 4096K regular, 812M humongous, Frag: 0% external, 0% internal; Reserve: 412M, Max: 4096K
[159.680s][info][gc,start    ] GC(27) Concurrent reset
[159.680s][info][gc,task     ] GC(27) Using 4 of 8 workers for concurrent reset
[159.680s][info][gc,ergo     ] GC(27) Pacer for Reset. Non-Taxable: 8192M
[159.680s][info][gc          ] GC(27) Concurrent reset 0.338ms
[159.680s][info][gc,start    ] GC(27) Pause Init Mark (unload classes)
[159.680s][info][gc,task     ] GC(27) Using 8 of 8 workers for init marking
[159.681s][info][gc,ergo     ] GC(27) Pacer for Mark. Expected Live: 129M, Free: 812M, Non-Taxable: 83148K, Alloc Tax Rate: 0.2x
[159.681s][info][gc          ] GC(27) Pause Init Mark (unload classes) 0.116ms
[159.681s][info][gc,start    ] GC(27) Concurrent marking (unload classes)
[159.681s][info][gc,task     ] GC(27) Using 4 of 8 workers for concurrent marking
[159.690s][info][gc          ] GC(27) Concurrent marking (unload classes) 9.591ms
[159.690s][info][gc,start    ] GC(27) Pause Final Mark (unload classes)
[159.690s][info][gc,task     ] GC(27) Using 8 of 8 workers for final marking
[159.690s][info][gc,ergo     ] GC(27) Collectable Garbage: 6548M (95%), Immediate: 6548M (95%), CSet: 0B (0%)
[159.691s][info][gc          ] GC(27) Pause Final Mark (unload classes) 0.240ms
[159.691s][info][gc,start    ] GC(27) Concurrent weak references
[159.691s][info][gc,task     ] GC(27) Using 4 of 8 workers for concurrent weak references
[159.691s][info][gc,ref      ] GC(27) Encountered references: Soft: 82, Weak: 200, Final: 0, Phantom: 5
[159.691s][info][gc,ref      ] GC(27) Discovered  references: Soft: 0, Weak: 97, Final: 0, Phantom: 3
[159.691s][info][gc,ref      ] GC(27) Enqueued    references: Soft: 0, Weak: 0, Final: 0, Phantom: 0
[159.691s][info][gc          ] GC(27) Concurrent weak references 0.095ms
[159.691s][info][gc,start    ] GC(27) Concurrent weak roots
[159.691s][info][gc,task     ] GC(27) Using 4 of 8 workers for concurrent weak root
[159.691s][info][gc          ] GC(27) Concurrent weak roots 0.142ms
[159.691s][info][gc,start    ] GC(27) Concurrent cleanup
[159.691s][info][gc          ] GC(27) Concurrent cleanup 6984M->436M(8192M) 0.276ms
[159.691s][info][gc,ergo     ] GC(27) Free: 7344M, Max: 4096K regular, 2204M humongous, Frag: 70% external, 0% internal; Reserve: 412M, Max: 4096K
[159.691s][info][gc,start    ] GC(27) Concurrent class unloading
[159.691s][info][gc,task     ] GC(27) Using 4 of 8 workers for concurrent class unloading
[159.692s][info][gc          ] GC(27) Concurrent class unloading 0.337ms
[159.692s][info][gc,start    ] GC(27) Rendezvous roots
[159.692s][info][gc          ] GC(27) Rendezvous roots 0.038ms
[159.692s][info][gc,ergo     ] Free: 7344M, Max: 4096K regular, 2204M humongous, Frag: 70% external, 0% internal; Reserve: 412M, Max: 4096K
[159.692s][info][gc,stats    ] 
[159.692s][info][gc,stats    ] All times are wall-clock times, except per-root-class counters, that are sum over
[159.692s][info][gc,stats    ] all workers. Dividing the <total> over the root stage time estimates parallelism.
[159.692s][info][gc,stats    ] 
[159.692s][info][gc,stats    ] Concurrent Reset                    378 us
[159.692s][info][gc,stats    ] Pause Init Mark (G)                 193 us
[159.692s][info][gc,stats    ] Pause Init Mark (N)                 146 us
[159.692s][info][gc,stats    ]   Manage TLABs                        4 us
[159.692s][info][gc,stats    ]   Update Region States               21 us
[159.692s][info][gc,stats    ]   Scan Roots                         34 us, parallelism: 2.75x
[159.692s][info][gc,stats    ]     S: <total>                       93 us
[159.692s][info][gc,stats    ]     S: Thread Roots                  93 us, workers (us):  14,  17,  17,  11,  13,  10,   9,   1, 
[159.692s][info][gc,stats    ] Concurrent Marking                 9636 us
[159.692s][info][gc,stats    ]   Roots                              52 us, parallelism: 0.85x
[159.692s][info][gc,stats    ]     CM: <total>                      44 us
[159.692s][info][gc,stats    ]     CM: VM Strong Roots               9 us, workers (us):   4,   3,   1,   1, ---, ---, ---, ---, 
[159.692s][info][gc,stats    ]     CM: CLDG Roots                   35 us, workers (us):   1, ---,  35, ---, ---, ---, ---, ---, 
[159.692s][info][gc,stats    ] Pause Final Mark (G)                316 us
[159.692s][info][gc,stats    ] Pause Final Mark (N)                257 us
[159.692s][info][gc,stats    ]   Finish Queues                      93 us
[159.692s][info][gc,stats    ]   Update Region States               28 us
[159.692s][info][gc,stats    ]   Manage GC/TLABs                     3 us
[159.692s][info][gc,stats    ]   Choose Collection Set              65 us
[159.692s][info][gc,stats    ]   Rebuild Free Set                   12 us
[159.692s][info][gc,stats    ] Concurrent Weak References          108 us
[159.692s][info][gc,stats    ]   Process                            51 us
[159.692s][info][gc,stats    ] Concurrent Weak Roots               172 us
[159.692s][info][gc,stats    ]   Roots                              80 us, parallelism: 0.40x
[159.692s][info][gc,stats    ]     CWR: <total>                     32 us
[159.692s][info][gc,stats    ]     CWR: VM Weak Roots               30 us, workers (us):  10,   8,   7,   5, ---, ---, ---, ---, 
[159.692s][info][gc,stats    ]     CWR: CLDG Roots                   2 us, workers (us): ---,   2, ---, ---, ---, ---, ---, ---, 
[159.692s][info][gc,stats    ]   Rendezvous                         37 us
[159.692s][info][gc,stats    ] Concurrent Cleanup                  297 us
[159.692s][info][gc,stats    ] Concurrent Class Unloading          365 us
[159.692s][info][gc,stats    ]   Unlink Stale                      246 us
[159.692s][info][gc,stats    ]     System Dictionary                 2 us
[159.692s][info][gc,stats    ]     Weak Class Links                  0 us
[159.692s][info][gc,stats    ]     Code Roots                      242 us
[159.692s][info][gc,stats    ]   Rendezvous                         27 us
[159.692s][info][gc,stats    ]   Purge Unlinked                     37 us
[159.692s][info][gc,stats    ]     Code Roots                       34 us
[159.692s][info][gc,stats    ]     CLDG                              2 us
[159.692s][info][gc,stats    ]     Exception Caches                  0 us
[159.692s][info][gc,stats    ] Rendezvous                           52 us
[159.692s][info][gc,stats    ] 
[159.692s][info][gc,stats    ] Allocation pacing accrued:
[159.692s][info][gc,stats    ]       0 of  6380 ms (  0.0%): <total>
[159.692s][info][gc,stats    ]       0 of  6380 ms (  0.0%): <average total>
[159.692s][info][gc,stats    ] 
[159.692s][info][gc,metaspace] Metaspace: 828K(960K)->828K(960K) NonClass: 774K(832K)->774K(832K) Class: 53K(128K)->53K(128K)
[159.692s][info][gc,ergo     ] Pacer for Idle. Initial: 163M, Alloc Tax Rate: 1.0x
[166.050s][info][gc          ] Trigger: Free (816M) is below minimum threshold (819M)
[166.050s][info][gc,ergo     ] Free: 816M, Max: 4096K regular, 796M humongous, Frag: 3% external, 0% internal; Reserve: 412M, Max: 4096K
[166.050s][info][gc,start    ] GC(28) Concurrent reset
[166.050s][info][gc,task     ] GC(28) Using 4 of 8 workers for concurrent reset
[166.050s][info][gc,ergo     ] GC(28) Pacer for Reset. Non-Taxable: 8192M
[166.050s][info][gc          ] GC(28) Concurrent reset 0.373ms
[166.050s][info][gc,start    ] GC(28) Pause Init Mark (unload classes)
[166.050s][info][gc,task     ] GC(28) Using 8 of 8 workers for init marking
[166.051s][info][gc,ergo     ] GC(28) Pacer for Mark. Expected Live: 129M, Free: 816M, Non-Taxable: 83558K, Alloc Tax Rate: 0.2x
[166.051s][info][gc          ] GC(28) Pause Init Mark (unload classes) 0.147ms
[166.051s][info][gc,start    ] GC(28) Concurrent marking (unload classes)
[166.051s][info][gc,task     ] GC(28) Using 4 of 8 workers for concurrent marking
[166.060s][info][gc          ] GC(28) Concurrent marking (unload classes) 9.503ms
[166.060s][info][gc,start    ] GC(28) Pause Final Mark (unload classes)
[166.060s][info][gc,task     ] GC(28) Using 8 of 8 workers for final marking
[166.060s][info][gc,ergo     ] GC(28) Collectable Garbage: 6548M (95%), Immediate: 6548M (95%), CSet: 0B (0%)
[166.061s][info][gc          ] GC(28) Pause Final Mark (unload classes) 0.218ms
[166.061s][info][gc,start    ] GC(28) Concurrent weak references
[166.061s][info][gc,task     ] GC(28) Using 4 of 8 workers for concurrent weak references
[166.061s][info][gc,ref      ] GC(28) Encountered references: Soft: 82, Weak: 200, Final: 0, Phantom: 5
[166.061s][info][gc,ref      ] GC(28) Discovered  references: Soft: 0, Weak: 55, Final: 0, Phantom: 5
[166.061s][info][gc,ref      ] GC(28) Enqueued    references: Soft: 0, Weak: 0, Final: 0, Phantom: 0
[166.061s][info][gc          ] GC(28) Concurrent weak references 0.096ms
[166.061s][info][gc,start    ] GC(28) Concurrent weak roots
[166.061s][info][gc,task     ] GC(28) Using 4 of 8 workers for concurrent weak root
[166.061s][info][gc          ] GC(28) Concurrent weak roots 0.120ms
[166.061s][info][gc,start    ] GC(28) Concurrent cleanup
[166.061s][info][gc          ] GC(28) Concurrent cleanup 6992M->444M(8192M) 0.284ms
[166.061s][info][gc,ergo     ] GC(28) Free: 7336M, Max: 4096K regular, 2204M humongous, Frag: 70% external, 0% internal; Reserve: 412M, Max: 4096K
[166.061s][info][gc,start    ] GC(28) Concurrent class unloading
[166.061s][info][gc,task     ] GC(28) Using 4 of 8 workers for concurrent class unloading
[166.061s][info][gc          ] GC(28) Concurrent class unloading 0.288ms
[166.061s][info][gc,start    ] GC(28) Rendezvous roots
[166.061s][info][gc          ] GC(28) Rendezvous roots 0.029ms
[166.062s][info][gc,ergo     ] Free: 7336M, Max: 4096K regular, 2204M humongous, Frag: 70% external, 0% internal; Reserve: 412M, Max: 4096K
[166.062s][info][gc,stats    ] 
[166.062s][info][gc,stats    ] All times are wall-clock times, except per-root-class counters, that are sum over
[166.062s][info][gc,stats    ] all workers. Dividing the <total> over the root stage time estimates parallelism.
[166.062s][info][gc,stats    ] 
[166.062s][info][gc,stats    ] Concurrent Reset                    399 us
[166.062s][info][gc,stats    ] Pause Init Mark (G)                 228 us
[166.062s][info][gc,stats    ] Pause Init Mark (N)                 161 us
[166.062s][info][gc,stats    ]   Manage TLABs                        3 us
[166.062s][info][gc,stats    ]   Update Region States               23 us
[166.062s][info][gc,stats    ]   Scan Roots                         47 us, parallelism: 2.33x
[166.062s][info][gc,stats    ]     S: <total>                      109 us
[166.062s][info][gc,stats    ]     S: Thread Roots                 109 us, workers (us):  23,  29,  17,  14,   9,  16,   1,   1, 
[166.062s][info][gc,stats    ] Concurrent Marking                 9552 us
[166.062s][info][gc,stats    ]   Roots                              51 us, parallelism: 0.85x
[166.062s][info][gc,stats    ]     CM: <total>                      44 us
[166.062s][info][gc,stats    ]     CM: VM Strong Roots               9 us, workers (us):   4,   2,   1,   1, ---, ---, ---, ---, 
[166.062s][info][gc,stats    ]     CM: CLDG Roots                   35 us, workers (us):  34,   1, ---, ---, ---, ---, ---, ---, 
[166.062s][info][gc,stats    ] Pause Final Mark (G)                438 us
[166.062s][info][gc,stats    ] Pause Final Mark (N)                232 us
[166.062s][info][gc,stats    ]   Finish Queues                      80 us
[166.062s][info][gc,stats    ]   Update Region States               28 us
[166.062s][info][gc,stats    ]   Manage GC/TLABs                     3 us
[166.062s][info][gc,stats    ]   Choose Collection Set              44 us
[166.062s][info][gc,stats    ]   Rebuild Free Set                   12 us
[166.062s][info][gc,stats    ] Concurrent Weak References          105 us
[166.062s][info][gc,stats    ]   Process                            69 us
[166.062s][info][gc,stats    ] Concurrent Weak Roots               132 us
[166.062s][info][gc,stats    ]   Roots                              78 us, parallelism: 0.41x
[166.062s][info][gc,stats    ]     CWR: <total>                     32 us
[166.062s][info][gc,stats    ]     CWR: VM Weak Roots               30 us, workers (us):  12,  10,   6,   1, ---, ---, ---, ---, 
[166.062s][info][gc,stats    ]     CWR: CLDG Roots                   2 us, workers (us): ---,   2, ---, ---, ---, ---, ---, ---, 
[166.062s][info][gc,stats    ]   Rendezvous                         24 us
[166.062s][info][gc,stats    ] Concurrent Cleanup                  294 us
[166.062s][info][gc,stats    ] Concurrent Class Unloading          313 us
[166.062s][info][gc,stats    ]   Unlink Stale                      221 us
[166.062s][info][gc,stats    ]     System Dictionary                 2 us
[166.062s][info][gc,stats    ]     Weak Class Links                  0 us
[166.062s][info][gc,stats    ]     Code Roots                      218 us
[166.062s][info][gc,stats    ]   Rendezvous                         21 us
[166.062s][info][gc,stats    ]   Purge Unlinked                     27 us
[166.062s][info][gc,stats    ]     Code Roots                       22 us
[166.062s][info][gc,stats    ]     CLDG                              4 us
[166.062s][info][gc,stats    ]     Exception Caches                  0 us
[166.062s][info][gc,stats    ] Rendezvous                           40 us
[166.062s][info][gc,stats    ] 
[166.062s][info][gc,stats    ] Allocation pacing accrued:
[166.062s][info][gc,stats    ]       0 of  6370 ms (  0.0%): <total>
[166.062s][info][gc,stats    ]       0 of  6370 ms (  0.0%): <average total>
[166.062s][info][gc,stats    ] 
[166.062s][info][gc,metaspace] Metaspace: 828K(960K)->828K(960K) NonClass: 774K(832K)->774K(832K) Class: 53K(128K)->53K(128K)
[166.062s][info][gc,ergo     ] Pacer for Idle. Initial: 163M, Alloc Tax Rate: 1.0x
[172.439s][info][gc          ] Trigger: Free (804M) is below minimum threshold (819M)
[172.439s][info][gc,ergo     ] Free: 804M, Max: 4096K regular, 788M humongous, Frag: 2% external, 0% internal; Reserve: 412M, Max: 4096K
[172.439s][info][gc,start    ] GC(29) Concurrent reset
[172.439s][info][gc,task     ] GC(29) Using 4 of 8 workers for concurrent reset
[172.439s][info][gc,ergo     ] GC(29) Pacer for Reset. Non-Taxable: 8192M
[172.440s][info][gc          ] GC(29) Concurrent reset 0.408ms
[172.440s][info][gc,start    ] GC(29) Pause Init Mark (unload classes)
[172.440s][info][gc,task     ] GC(29) Using 8 of 8 workers for init marking
[172.440s][info][gc,ergo     ] GC(29) Pacer for Mark. Expected Live: 129M, Free: 804M, Non-Taxable: 82329K, Alloc Tax Rate: 0.2x
[172.440s][info][gc          ] GC(29) Pause Init Mark (unload classes) 0.133ms
[172.440s][info][gc,start    ] GC(29) Concurrent marking (unload classes)
[172.440s][info][gc,task     ] GC(29) Using 4 of 8 workers for concurrent marking
[172.450s][info][gc          ] GC(29) Concurrent marking (unload classes) 9.904ms
[172.450s][info][gc,start    ] GC(29) Pause Final Mark (unload classes)
[172.450s][info][gc,task     ] GC(29) Using 8 of 8 workers for final marking
[172.451s][info][gc,ergo     ] GC(29) Collectable Garbage: 6560M (95%), Immediate: 6560M (95%), CSet: 0B (0%)
[172.451s][info][gc          ] GC(29) Pause Final Mark (unload classes) 0.374ms
[172.451s][info][gc,start    ] GC(29) Concurrent weak references
[172.451s][info][gc,task     ] GC(29) Using 4 of 8 workers for concurrent weak references
[172.451s][info][gc,ref      ] GC(29) Encountered references: Soft: 82, Weak: 200, Final: 0, Phantom: 5
[172.451s][info][gc,ref      ] GC(29) Discovered  references: Soft: 0, Weak: 55, Final: 0, Phantom: 5
[172.451s][info][gc,ref      ] GC(29) Enqueued    references: Soft: 0, Weak: 0, Final: 0, Phantom: 0
[172.451s][info][gc          ] GC(29) Concurrent weak references 0.081ms
[172.451s][info][gc,start    ] GC(29) Concurrent weak roots
[172.451s][info][gc,task     ] GC(29) Using 4 of 8 workers for concurrent weak root
[172.451s][info][gc          ] GC(29) Concurrent weak roots 0.117ms
[172.451s][info][gc,start    ] GC(29) Concurrent cleanup
[172.451s][info][gc          ] GC(29) Concurrent cleanup 6992M->432M(8192M) 0.275ms
[172.451s][info][gc,ergo     ] GC(29) Free: 7348M, Max: 4096K regular, 2204M humongous, Frag: 71% external, 0% internal; Reserve: 412M, Max: 4096K
[172.451s][info][gc,start    ] GC(29) Concurrent class unloading
[172.451s][info][gc,task     ] GC(29) Using 4 of 8 workers for concurrent class unloading
[172.452s][info][gc          ] GC(29) Concurrent class unloading 0.296ms
[172.452s][info][gc,start    ] GC(29) Rendezvous roots
[172.452s][info][gc          ] GC(29) Rendezvous roots 0.036ms
[172.452s][info][gc,ergo     ] Free: 7348M, Max: 4096K regular, 2204M humongous, Frag: 71% external, 0% internal; Reserve: 412M, Max: 4096K
[172.452s][info][gc,stats    ] 
[172.452s][info][gc,stats    ] All times are wall-clock times, except per-root-class counters, that are sum over
[172.452s][info][gc,stats    ] all workers. Dividing the <total> over the root stage time estimates parallelism.
[172.452s][info][gc,stats    ] 
[172.452s][info][gc,stats    ] Concurrent Reset                    567 us
[172.452s][info][gc,stats    ] Pause Init Mark (G)                 372 us
[172.452s][info][gc,stats    ] Pause Init Mark (N)                 145 us
[172.452s][info][gc,stats    ]   Manage TLABs                        3 us
[172.452s][info][gc,stats    ]   Update Region States               21 us
[172.452s][info][gc,stats    ]   Scan Roots                         43 us, parallelism: 2.43x
[172.452s][info][gc,stats    ]     S: <total>                      104 us
[172.452s][info][gc,stats    ]     S: Thread Roots                 104 us, workers (us):  13,  17,  16,  11,  25,  12,   9,   1, 
[172.452s][info][gc,stats    ] Concurrent Marking                 9954 us
[172.452s][info][gc,stats    ]   Roots                              54 us, parallelism: 0.81x
[172.452s][info][gc,stats    ]     CM: <total>                      44 us
[172.452s][info][gc,stats    ]     CM: VM Strong Roots               8 us, workers (us):   5,   1,   1,   1, ---, ---, ---, ---, 
[172.452s][info][gc,stats    ]     CM: CLDG Roots                   36 us, workers (us):  35,   1, ---, ---, ---, ---, ---, ---, 
[172.452s][info][gc,stats    ] Pause Final Mark (G)                467 us
[172.452s][info][gc,stats    ] Pause Final Mark (N)                387 us
[172.452s][info][gc,stats    ]   Finish Queues                     218 us
[172.452s][info][gc,stats    ]   Update Region States               35 us
[172.452s][info][gc,stats    ]   Manage GC/TLABs                     3 us
[172.452s][info][gc,stats    ]   Choose Collection Set              47 us
[172.452s][info][gc,stats    ]   Rebuild Free Set                   12 us
[172.452s][info][gc,stats    ] Concurrent Weak References           89 us
[172.452s][info][gc,stats    ]   Process                            42 us
[172.452s][info][gc,stats    ] Concurrent Weak Roots               129 us
[172.452s][info][gc,stats    ]   Roots                              74 us, parallelism: 0.42x
[172.452s][info][gc,stats    ]     CWR: <total>                     31 us
[172.452s][info][gc,stats    ]     CWR: VM Weak Roots               30 us, workers (us):  13,  13,   2,   2, ---, ---, ---, ---, 
[172.452s][info][gc,stats    ]     CWR: CLDG Roots                   2 us, workers (us):   2, ---, ---, ---, ---, ---, ---, ---, 
[172.452s][info][gc,stats    ]   Rendezvous                         25 us
[172.452s][info][gc,stats    ] Concurrent Cleanup                  285 us
[172.452s][info][gc,stats    ] Concurrent Class Unloading          323 us
[172.452s][info][gc,stats    ]   Unlink Stale                      227 us
[172.452s][info][gc,stats    ]     System Dictionary                 2 us
[172.452s][info][gc,stats    ]     Weak Class Links                  0 us
[172.452s][info][gc,stats    ]     Code Roots                      224 us
[172.452s][info][gc,stats    ]   Rendezvous                         26 us
[172.452s][info][gc,stats    ]   Purge Unlinked                     24 us
[172.452s][info][gc,stats    ]     Code Roots                       21 us
[172.452s][info][gc,stats    ]     CLDG                              2 us
[172.452s][info][gc,stats    ]     Exception Caches                  0 us
[172.452s][info][gc,stats    ] Rendezvous                           61 us
[172.452s][info][gc,stats    ] 
[172.452s][info][gc,stats    ] Allocation pacing accrued:
[172.452s][info][gc,stats    ]       0 of  6390 ms (  0.0%): <total>
[172.452s][info][gc,stats    ]       0 of  6390 ms (  0.0%): <average total>
[172.452s][info][gc,stats    ] 
[172.452s][info][gc,metaspace] Metaspace: 828K(960K)->828K(960K) NonClass: 774K(832K)->774K(832K) Class: 53K(128K)->53K(128K)
[172.452s][info][gc,ergo     ] Pacer for Idle. Initial: 163M, Alloc Tax Rate: 1.0x
[178.829s][info][gc          ] Trigger: Free (804M) is below minimum threshold (819M)
[178.829s][info][gc,ergo     ] Free: 804M, Max: 4096K regular, 796M humongous, Frag: 1% external, 0% internal; Reserve: 412M, Max: 4096K
[178.829s][info][gc,start    ] GC(30) Concurrent reset
[178.829s][info][gc,task     ] GC(30) Using 4 of 8 workers for concurrent reset
[178.829s][info][gc,ergo     ] GC(30) Pacer for Reset. Non-Taxable: 8192M
[178.830s][info][gc          ] GC(30) Concurrent reset 0.539ms
[178.830s][info][gc,start    ] GC(30) Pause Init Mark (unload classes)
[178.830s][info][gc,task     ] GC(30) Using 8 of 8 workers for init marking
[178.830s][info][gc,ergo     ] GC(30) Pacer for Mark. Expected Live: 129M, Free: 804M, Non-Taxable: 82329K, Alloc Tax Rate: 0.2x
[178.830s][info][gc          ] GC(30) Pause Init Mark (unload classes) 0.222ms
[178.830s][info][gc,start    ] GC(30) Concurrent marking (unload classes)
[178.830s][info][gc,task     ] GC(30) Using 4 of 8 workers for concurrent marking
[178.840s][info][gc          ] GC(30) Concurrent marking (unload classes) 9.969ms
[178.840s][info][gc,start    ] GC(30) Pause Final Mark (unload classes)
[178.840s][info][gc,task     ] GC(30) Using 8 of 8 workers for final marking
[178.840s][info][gc,ergo     ] GC(30) Collectable Garbage: 6560M (95%), Immediate: 6560M (95%), CSet: 0B (0%)
[178.840s][info][gc          ] GC(30) Pause Final Mark (unload classes) 0.279ms
[178.840s][info][gc,start    ] GC(30) Concurrent weak references
[178.841s][info][gc,task     ] GC(30) Using 4 of 8 workers for concurrent weak references
[178.841s][info][gc,ref      ] GC(30) Encountered references: Soft: 82, Weak: 200, Final: 0, Phantom: 5
[178.841s][info][gc,ref      ] GC(30) Discovered  references: Soft: 0, Weak: 0, Final: 0, Phantom: 5
[178.841s][info][gc,ref      ] GC(30) Enqueued    references: Soft: 0, Weak: 0, Final: 0, Phantom: 0
[178.841s][info][gc          ] GC(30) Concurrent weak references 0.121ms
[178.841s][info][gc,start    ] GC(30) Concurrent weak roots
[178.841s][info][gc,task     ] GC(30) Using 4 of 8 workers for concurrent weak root
[178.841s][info][gc          ] GC(30) Concurrent weak roots 0.124ms
[178.841s][info][gc,start    ] GC(30) Concurrent cleanup
[178.841s][info][gc          ] GC(30) Concurrent cleanup 6992M->432M(8192M) 0.272ms
[178.841s][info][gc,ergo     ] GC(30) Free: 7348M, Max: 4096K regular, 2204M humongous, Frag: 71% external, 0% internal; Reserve: 412M, Max: 4096K
[178.841s][info][gc,start    ] GC(30) Concurrent class unloading
[178.841s][info][gc,task     ] GC(30) Using 4 of 8 workers for concurrent class unloading
[178.841s][info][gc          ] GC(30) Concurrent class unloading 0.316ms
[178.841s][info][gc,start    ] GC(30) Rendezvous roots
[178.841s][info][gc          ] GC(30) Rendezvous roots 0.032ms
[178.841s][info][gc,ergo     ] Free: 7348M, Max: 4096K regular, 2204M humongous, Frag: 71% external, 0% internal; Reserve: 412M, Max: 4096K
[178.841s][info][gc,stats    ] 
[178.842s][info][gc,stats    ] All times are wall-clock times, except per-root-class counters, that are sum over
[178.842s][info][gc,stats    ] all workers. Dividing the <total> over the root stage time estimates parallelism.
[178.842s][info][gc,stats    ] 
[178.842s][info][gc,stats    ] Concurrent Reset                    587 us
[178.842s][info][gc,stats    ] Pause Init Mark (G)                 509 us
[178.842s][info][gc,stats    ] Pause Init Mark (N)                 240 us
[178.842s][info][gc,stats    ]   Manage TLABs                        4 us
[178.842s][info][gc,stats    ]   Update Region States               46 us
[178.842s][info][gc,stats    ]   Scan Roots                         58 us, parallelism: 2.53x
[178.842s][info][gc,stats    ]     S: <total>                      146 us
[178.842s][info][gc,stats    ]     S: Thread Roots                 146 us, workers (us):  27,  27,  33,  32,  15,  12,   0,   0, 
[178.842s][info][gc,stats    ] Concurrent Marking                10017 us
[178.842s][info][gc,stats    ]   Roots                              63 us, parallelism: 0.79x
[178.842s][info][gc,stats    ]     CM: <total>                      50 us
[178.842s][info][gc,stats    ]     CM: VM Strong Roots               9 us, workers (us):   5,   1,   1,   1, ---, ---, ---, ---, 
[178.842s][info][gc,stats    ]     CM: CLDG Roots                   41 us, workers (us):  40,   1, ---, ---, ---, ---, ---, ---, 
[178.842s][info][gc,stats    ] Pause Final Mark (G)                388 us
[178.842s][info][gc,stats    ] Pause Final Mark (N)                295 us
[178.842s][info][gc,stats    ]   Finish Queues                     131 us
[178.842s][info][gc,stats    ]   Update Region States               38 us
[178.842s][info][gc,stats    ]   Manage GC/TLABs                     4 us
[178.842s][info][gc,stats    ]   Choose Collection Set              56 us
[178.842s][info][gc,stats    ]   Rebuild Free Set                   12 us
[178.842s][info][gc,stats    ] Concurrent Weak References          134 us
[178.842s][info][gc,stats    ]   Process                            73 us
[178.842s][info][gc,stats    ] Concurrent Weak Roots               140 us
[178.842s][info][gc,stats    ]   Roots                              75 us, parallelism: 0.40x
[178.842s][info][gc,stats    ]     CWR: <total>                     30 us
[178.842s][info][gc,stats    ]     CWR: VM Weak Roots               28 us, workers (us):  13,  12,   2,   2, ---, ---, ---, ---, 
[178.842s][info][gc,stats    ]     CWR: CLDG Roots                   2 us, workers (us): ---,   2, ---, ---, ---, ---, ---, ---, 
[178.842s][info][gc,stats    ]   Rendezvous                         23 us
[178.842s][info][gc,stats    ] Concurrent Cleanup                  286 us
[178.842s][info][gc,stats    ] Concurrent Class Unloading          333 us
[178.842s][info][gc,stats    ]   Unlink Stale                      241 us
[178.842s][info][gc,stats    ]     System Dictionary                 2 us
[178.842s][info][gc,stats    ]     Weak Class Links                  0 us
[178.842s][info][gc,stats    ]     Code Roots                      238 us
[178.842s][info][gc,stats    ]   Rendezvous                         27 us
[178.842s][info][gc,stats    ]   Purge Unlinked                     22 us
[178.842s][info][gc,stats    ]     Code Roots                       19 us
[178.842s][info][gc,stats    ]     CLDG                              2 us
[178.842s][info][gc,stats    ]     Exception Caches                  0 us
[178.842s][info][gc,stats    ] Rendezvous                           44 us
[178.842s][info][gc,stats    ] 
[178.842s][info][gc,stats    ] Allocation pacing accrued:
[178.842s][info][gc,stats    ]       0 of  6390 ms (  0.0%): <total>
[178.842s][info][gc,stats    ]       0 of  6390 ms (  0.0%): <average total>
[178.842s][info][gc,stats    ] 
[178.842s][info][gc,metaspace] Metaspace: 828K(960K)->828K(960K) NonClass: 774K(832K)->774K(832K) Class: 53K(128K)->53K(128K)
[178.842s][info][gc,ergo     ] Pacer for Idle. Initial: 163M, Alloc Tax Rate: 1.0x
[185.219s][info][gc          ] Trigger: Free (816M) is below minimum threshold (819M)
[185.219s][info][gc,ergo     ] Free: 804M, Max: 4096K regular, 788M humongous, Frag: 2% external, 0% internal; Reserve: 412M, Max: 4096K
[185.219s][info][gc,start    ] GC(31) Concurrent reset
[185.220s][info][gc,task     ] GC(31) Using 4 of 8 workers for concurrent reset
[185.220s][info][gc,ergo     ] GC(31) Pacer for Reset. Non-Taxable: 8192M
[185.220s][info][gc          ] GC(31) Concurrent reset 0.610ms
[185.220s][info][gc,start    ] GC(31) Pause Init Mark (unload classes)
[185.220s][info][gc,task     ] GC(31) Using 8 of 8 workers for init marking
[185.220s][info][gc,ergo     ] GC(31) Pacer for Mark. Expected Live: 129M, Free: 804M, Non-Taxable: 82329K, Alloc Tax Rate: 0.2x
[185.221s][info][gc          ] GC(31) Pause Init Mark (unload classes) 0.207ms
[185.221s][info][gc,start    ] GC(31) Concurrent marking (unload classes)
[185.221s][info][gc,task     ] GC(31) Using 4 of 8 workers for concurrent marking
[185.232s][info][gc          ] GC(31) Concurrent marking (unload classes) 10.988ms
[185.232s][info][gc,start    ] GC(31) Pause Final Mark (unload classes)
[185.232s][info][gc,task     ] GC(31) Using 8 of 8 workers for final marking
[185.232s][info][gc,ergo     ] GC(31) Collectable Garbage: 6464M (94%), Immediate: 6464M (94%), CSet: 0B (0%)
[185.232s][info][gc          ] GC(31) Pause Final Mark (unload classes) 0.382ms
[185.232s][info][gc,start    ] GC(31) Concurrent weak references
[185.232s][info][gc,task     ] GC(31) Using 4 of 8 workers for concurrent weak references
[185.232s][info][gc,ref      ] GC(31) Encountered references: Soft: 82, Weak: 200, Final: 0, Phantom: 5
[185.232s][info][gc,ref      ] GC(31) Discovered  references: Soft: 0, Weak: 17, Final: 0, Phantom: 3
[185.232s][info][gc,ref      ] GC(31) Enqueued    references: Soft: 0, Weak: 0, Final: 0, Phantom: 0
[185.232s][info][gc          ] GC(31) Concurrent weak references 0.099ms
[185.232s][info][gc,start    ] GC(31) Concurrent weak roots
[185.232s][info][gc,task     ] GC(31) Using 4 of 8 workers for concurrent weak root
[185.232s][info][gc          ] GC(31) Concurrent weak roots 0.140ms
[185.232s][info][gc,start    ] GC(31) Concurrent cleanup
[185.233s][info][gc          ] GC(31) Concurrent cleanup 6992M->528M(8192M) 0.295ms
[185.233s][info][gc,ergo     ] GC(31) Free: 7252M, Max: 4096K regular, 944M humongous, Frag: 87% external, 0% internal; Reserve: 412M, Max: 4096K
[185.233s][info][gc,start    ] GC(31) Concurrent class unloading
[185.233s][info][gc,task     ] GC(31) Using 4 of 8 workers for concurrent class unloading
[185.233s][info][gc          ] GC(31) Concurrent class unloading 0.379ms
[185.233s][info][gc,start    ] GC(31) Rendezvous roots
[185.233s][info][gc          ] GC(31) Rendezvous roots 0.043ms
[185.233s][info][gc,ergo     ] Free: 7252M, Max: 4096K regular, 944M humongous, Frag: 87% external, 0% internal; Reserve: 412M, Max: 4096K
[185.233s][info][gc,stats    ] 
[185.233s][info][gc,stats    ] All times are wall-clock times, except per-root-class counters, that are sum over
[185.233s][info][gc,stats    ] all workers. Dividing the <total> over the root stage time estimates parallelism.
[185.233s][info][gc,stats    ] 
[185.233s][info][gc,stats    ] Concurrent Reset                    693 us
[185.233s][info][gc,stats    ] Pause Init Mark (G)                 430 us
[185.233s][info][gc,stats    ] Pause Init Mark (N)                 226 us
[185.233s][info][gc,stats    ]   Manage TLABs                        5 us
[185.233s][info][gc,stats    ]   Update Region States               36 us
[185.233s][info][gc,stats    ]   Scan Roots                         62 us, parallelism: 2.35x
[185.233s][info][gc,stats    ]     S: <total>                      145 us
[185.233s][info][gc,stats    ]     S: Thread Roots                 145 us, workers (us):  31,  30,  18,  20,  16,  15,  13,   1, 
[185.233s][info][gc,stats    ] Concurrent Marking                11039 us
[185.233s][info][gc,stats    ]   Roots                              84 us, parallelism: 0.82x
[185.234s][info][gc,stats    ]     CM: <total>                      69 us
[185.234s][info][gc,stats    ]     CM: VM Strong Roots              13 us, workers (us):   4,   4,   4,   2, ---, ---, ---, ---, 
[185.234s][info][gc,stats    ]     CM: CLDG Roots                   56 us, workers (us):   2,  54, ---, ---, ---, ---, ---, ---, 
[185.234s][info][gc,stats    ] Pause Final Mark (G)                521 us
[185.234s][info][gc,stats    ] Pause Final Mark (N)                398 us
[185.234s][info][gc,stats    ]   Finish Queues                     223 us
[185.234s][info][gc,stats    ]   Update Region States               34 us
[185.234s][info][gc,stats    ]   Manage GC/TLABs                     3 us
[185.234s][info][gc,stats    ]   Choose Collection Set              53 us
[185.234s][info][gc,stats    ]   Rebuild Free Set                   13 us
[185.234s][info][gc,stats    ] Concurrent Weak References          111 us
[185.234s][info][gc,stats    ]   Process                            53 us
[185.234s][info][gc,stats    ] Concurrent Weak Roots               168 us
[185.234s][info][gc,stats    ]   Roots                              88 us, parallelism: 0.40x
[185.234s][info][gc,stats    ]     CWR: <total>                     36 us
[185.234s][info][gc,stats    ]     CWR: VM Weak Roots               33 us, workers (us):  22,   9,   2,   1, ---, ---, ---, ---, 
[185.234s][info][gc,stats    ]     CWR: CLDG Roots                   2 us, workers (us):   2, ---, ---, ---, ---, ---, ---, ---, 
[185.234s][info][gc,stats    ]   Rendezvous                         24 us
[185.234s][info][gc,stats    ] Concurrent Cleanup                  326 us
[185.234s][info][gc,stats    ] Concurrent Class Unloading          409 us
[185.234s][info][gc,stats    ]   Unlink Stale                      258 us
[185.234s][info][gc,stats    ]     System Dictionary                 2 us
[185.234s][info][gc,stats    ]     Weak Class Links                  0 us
[185.234s][info][gc,stats    ]     Code Roots                      254 us
[185.234s][info][gc,stats    ]   Rendezvous                         53 us
[185.234s][info][gc,stats    ]   Purge Unlinked                     40 us
[185.234s][info][gc,stats    ]     Code Roots                       34 us
[185.234s][info][gc,stats    ]     CLDG                              4 us
[185.234s][info][gc,stats    ]     Exception Caches                  0 us
[185.234s][info][gc,stats    ] Rendezvous                           71 us
[185.234s][info][gc,stats    ] 
[185.234s][info][gc,stats    ] Allocation pacing accrued:
[185.234s][info][gc,stats    ]       0 of  6392 ms (  0.0%): <total>
[185.234s][info][gc,stats    ]       0 of  6392 ms (  0.0%): <average total>
[185.234s][info][gc,stats    ] 
[185.234s][info][gc,metaspace] Metaspace: 828K(960K)->828K(960K) NonClass: 774K(832K)->774K(832K) Class: 53K(128K)->53K(128K)
[185.234s][info][gc,ergo     ] Pacer for Idle. Initial: 163M, Alloc Tax Rate: 1.0x
[191.510s][info][gc          ] Trigger: Free (816M) is below minimum threshold (819M)
[191.510s][info][gc,ergo     ] Free: 808M, Max: 4096K regular, 796M humongous, Frag: 2% external, 0% internal; Reserve: 412M, Max: 4096K
[191.510s][info][gc,start    ] GC(32) Concurrent reset
[191.510s][info][gc,task     ] GC(32) Using 4 of 8 workers for concurrent reset
[191.510s][info][gc,ergo     ] GC(32) Pacer for Reset. Non-Taxable: 8192M
[191.511s][info][gc          ] GC(32) Concurrent reset 0.881ms
[191.511s][info][gc,start    ] GC(32) Pause Init Mark (unload classes)
[191.511s][info][gc,task     ] GC(32) Using 8 of 8 workers for init marking
[191.511s][info][gc,ergo     ] GC(32) Pacer for Mark. Expected Live: 129M, Free: 804M, Non-Taxable: 82329K, Alloc Tax Rate: 0.2x
[191.511s][info][gc          ] GC(32) Pause Init Mark (unload classes) 0.139ms
[191.511s][info][gc,start    ] GC(32) Concurrent marking (unload classes)
[191.511s][info][gc,task     ] GC(32) Using 4 of 8 workers for concurrent marking
[191.521s][info][gc          ] GC(32) Concurrent marking (unload classes) 9.900ms
[191.521s][info][gc,start    ] GC(32) Pause Final Mark (unload classes)
[191.521s][info][gc,task     ] GC(32) Using 8 of 8 workers for final marking
[191.521s][info][gc,ergo     ] GC(32) Collectable Garbage: 6448M (94%), Immediate: 6448M (94%), CSet: 0B (0%)
[191.521s][info][gc          ] GC(32) Pause Final Mark (unload classes) 0.217ms
[191.521s][info][gc,start    ] GC(32) Concurrent weak references
[191.521s][info][gc,task     ] GC(32) Using 4 of 8 workers for concurrent weak references
[191.521s][info][gc,ref      ] GC(32) Encountered references: Soft: 82, Weak: 200, Final: 0, Phantom: 5
[191.521s][info][gc,ref      ] GC(32) Discovered  references: Soft: 0, Weak: 144, Final: 0, Phantom: 5
[191.521s][info][gc,ref      ] GC(32) Enqueued    references: Soft: 0, Weak: 0, Final: 0, Phantom: 0
[191.521s][info][gc          ] GC(32) Concurrent weak references 0.106ms
[191.521s][info][gc,start    ] GC(32) Concurrent weak roots
[191.521s][info][gc,task     ] GC(32) Using 4 of 8 workers for concurrent weak root
[191.521s][info][gc          ] GC(32) Concurrent weak roots 0.115ms
[191.521s][info][gc,start    ] GC(32) Concurrent cleanup
[191.522s][info][gc          ] GC(32) Concurrent cleanup 6992M->544M(8192M) 0.279ms
[191.522s][info][gc,ergo     ] GC(32) Free: 7236M, Max: 4096K regular, 944M humongous, Frag: 87% external, 0% internal; Reserve: 412M, Max: 4096K
[191.522s][info][gc,start    ] GC(32) Concurrent class unloading
[191.522s][info][gc,task     ] GC(32) Using 4 of 8 workers for concurrent class unloading
[191.522s][info][gc          ] GC(32) Concurrent class unloading 0.310ms
[191.522s][info][gc,start    ] GC(32) Rendezvous roots
[191.522s][info][gc          ] GC(32) Rendezvous roots 0.035ms
[191.522s][info][gc,ergo     ] Free: 7236M, Max: 4096K regular, 944M humongous, Frag: 87% external, 0% internal; Reserve: 412M, Max: 4096K
[191.522s][info][gc,stats    ] 
[191.522s][info][gc,stats    ] All times are wall-clock times, except per-root-class counters, that are sum over
[191.522s][info][gc,stats    ] all workers. Dividing the <total> over the root stage time estimates parallelism.
[191.522s][info][gc,stats    ] 
[191.522s][info][gc,stats    ] Concurrent Reset                    914 us
[191.522s][info][gc,stats    ] Pause Init Mark (G)                 200 us
[191.522s][info][gc,stats    ] Pause Init Mark (N)                 155 us
[191.522s][info][gc,stats    ]   Manage TLABs                        4 us
[191.522s][info][gc,stats    ]   Update Region States               19 us
[191.522s][info][gc,stats    ]   Scan Roots                         30 us, parallelism: 2.95x
[191.522s][info][gc,stats    ]     S: <total>                       89 us
[191.522s][info][gc,stats    ]     S: Thread Roots                  89 us, workers (us):  14,  16,  15,  16,  11,   8,   9,   1, 
[191.522s][info][gc,stats    ] Concurrent Marking                 9946 us
[191.522s][info][gc,stats    ]   Roots                              51 us, parallelism: 0.85x
[191.522s][info][gc,stats    ]     CM: <total>                      44 us
[191.522s][info][gc,stats    ]     CM: VM Strong Roots               8 us, workers (us):   4,   2,   1,   1, ---, ---, ---, ---, 
[191.522s][info][gc,stats    ]     CM: CLDG Roots                   36 us, workers (us):   1,  35, ---, ---, ---, ---, ---, ---, 
[191.522s][info][gc,stats    ] Pause Final Mark (G)                320 us
[191.522s][info][gc,stats    ] Pause Final Mark (N)                230 us
[191.522s][info][gc,stats    ]   Finish Queues                      94 us
[191.522s][info][gc,stats    ]   Update Region States               23 us
[191.522s][info][gc,stats    ]   Manage GC/TLABs                     3 us
[191.522s][info][gc,stats    ]   Choose Collection Set              48 us
[191.522s][info][gc,stats    ]   Rebuild Free Set                   12 us
[191.522s][info][gc,stats    ] Concurrent Weak References          117 us
[191.522s][info][gc,stats    ]   Process                            57 us
[191.522s][info][gc,stats    ] Concurrent Weak Roots               144 us
[191.522s][info][gc,stats    ]   Roots                              70 us, parallelism: 0.45x
[191.522s][info][gc,stats    ]     CWR: <total>                     31 us
[191.523s][info][gc,stats    ]     CWR: VM Weak Roots               29 us, workers (us):  10,   9,   8,   1, ---, ---, ---, ---, 
[191.523s][info][gc,stats    ]     CWR: CLDG Roots                   2 us, workers (us):   2, ---, ---, ---, ---, ---, ---, ---, 
[191.523s][info][gc,stats    ]   Rendezvous                         20 us
[191.523s][info][gc,stats    ] Concurrent Cleanup                  294 us
[191.523s][info][gc,stats    ] Concurrent Class Unloading          339 us
[191.523s][info][gc,stats    ]   Unlink Stale                      226 us
[191.523s][info][gc,stats    ]     System Dictionary                 2 us
[191.523s][info][gc,stats    ]     Weak Class Links                  0 us
[191.523s][info][gc,stats    ]     Code Roots                      223 us
[191.523s][info][gc,stats    ]   Rendezvous                         36 us
[191.523s][info][gc,stats    ]   Purge Unlinked                     21 us
[191.523s][info][gc,stats    ]     Code Roots                       17 us
[191.523s][info][gc,stats    ]     CLDG                              3 us
[191.523s][info][gc,stats    ]     Exception Caches                  0 us
[191.523s][info][gc,stats    ] Rendezvous                           49 us
[191.523s][info][gc,stats    ] 
[191.523s][info][gc,stats    ] Allocation pacing accrued:
[191.523s][info][gc,stats    ]       0 of  6289 ms (  0.0%): <total>
[191.523s][info][gc,stats    ]       0 of  6289 ms (  0.0%): <average total>
[191.523s][info][gc,stats    ] 
[191.523s][info][gc,metaspace] Metaspace: 828K(960K)->828K(960K) NonClass: 774K(832K)->774K(832K) Class: 53K(128K)->53K(128K)
[191.523s][info][gc,ergo     ] Pacer for Idle. Initial: 163M, Alloc Tax Rate: 1.0x
[197.789s][info][gc          ] Trigger: Free (804M) is below minimum threshold (819M)
[197.789s][info][gc,ergo     ] Free: 804M, Max: 4096K regular, 788M humongous, Frag: 2% external, 0% internal; Reserve: 412M, Max: 4096K
[197.789s][info][gc,start    ] GC(33) Concurrent reset
[197.789s][info][gc,task     ] GC(33) Using 4 of 8 workers for concurrent reset
[197.789s][info][gc,ergo     ] GC(33) Pacer for Reset. Non-Taxable: 8192M
[197.790s][info][gc          ] GC(33) Concurrent reset 0.485ms
[197.790s][info][gc,start    ] GC(33) Pause Init Mark (unload classes)
[197.790s][info][gc,task     ] GC(33) Using 8 of 8 workers for init marking
[197.790s][info][gc,ergo     ] GC(33) Pacer for Mark. Expected Live: 129M, Free: 804M, Non-Taxable: 82329K, Alloc Tax Rate: 0.2x
[197.790s][info][gc          ] GC(33) Pause Init Mark (unload classes) 0.147ms
[197.790s][info][gc,start    ] GC(33) Concurrent marking (unload classes)
[197.790s][info][gc,task     ] GC(33) Using 4 of 8 workers for concurrent marking
[197.800s][info][gc          ] GC(33) Concurrent marking (unload classes) 10.000ms
[197.800s][info][gc,start    ] GC(33) Pause Final Mark (unload classes)
[197.800s][info][gc,task     ] GC(33) Using 8 of 8 workers for final marking
[197.800s][info][gc,ergo     ] GC(33) Collectable Garbage: 6464M (94%), Immediate: 6464M (94%), CSet: 0B (0%)
[197.801s][info][gc          ] GC(33) Pause Final Mark (unload classes) 0.224ms
[197.801s][info][gc,start    ] GC(33) Concurrent weak references
[197.801s][info][gc,task     ] GC(33) Using 4 of 8 workers for concurrent weak references
[197.801s][info][gc,ref      ] GC(33) Encountered references: Soft: 82, Weak: 200, Final: 0, Phantom: 5
[197.801s][info][gc,ref      ] GC(33) Discovered  references: Soft: 0, Weak: 25, Final: 0, Phantom: 2
[197.801s][info][gc,ref      ] GC(33) Enqueued    references: Soft: 0, Weak: 0, Final: 0, Phantom: 0
[197.801s][info][gc          ] GC(33) Concurrent weak references 0.124ms
[197.801s][info][gc,start    ] GC(33) Concurrent weak roots
[197.801s][info][gc,task     ] GC(33) Using 4 of 8 workers for concurrent weak root
[197.801s][info][gc          ] GC(33) Concurrent weak roots 0.129ms
[197.801s][info][gc,start    ] GC(33) Concurrent cleanup
[197.801s][info][gc          ] GC(33) Concurrent cleanup 6996M->532M(8192M) 0.280ms
[197.801s][info][gc,ergo     ] GC(33) Free: 7248M, Max: 4096K regular, 944M humongous, Frag: 87% external, 0% internal; Reserve: 412M, Max: 4096K
[197.801s][info][gc,start    ] GC(33) Concurrent class unloading
[197.801s][info][gc,task     ] GC(33) Using 4 of 8 workers for concurrent class unloading
[197.802s][info][gc          ] GC(33) Concurrent class unloading 0.301ms
[197.802s][info][gc,start    ] GC(33) Rendezvous roots
[197.802s][info][gc          ] GC(33) Rendezvous roots 0.030ms
[197.802s][info][gc,ergo     ] Free: 7248M, Max: 4096K regular, 944M humongous, Frag: 87% external, 0% internal; Reserve: 412M, Max: 4096K
[197.802s][info][gc,stats    ] 
[197.802s][info][gc,stats    ] All times are wall-clock times, except per-root-class counters, that are sum over
[197.802s][info][gc,stats    ] all workers. Dividing the <total> over the root stage time estimates parallelism.
[197.802s][info][gc,stats    ] 
[197.802s][info][gc,stats    ] Concurrent Reset                    515 us
[197.802s][info][gc,stats    ] Pause Init Mark (G)                 312 us
[197.802s][info][gc,stats    ] Pause Init Mark (N)                 163 us
[197.802s][info][gc,stats    ]   Manage TLABs                        4 us
[197.802s][info][gc,stats    ]   Update Region States               18 us
[197.802s][info][gc,stats    ]   Scan Roots                         37 us, parallelism: 2.79x
[197.802s][info][gc,stats    ]     S: <total>                      103 us
[197.802s][info][gc,stats    ]     S: Thread Roots                 103 us, workers (us):  12,  17,   9,  14,  10,  17,  12,  14, 
[197.802s][info][gc,stats    ] Concurrent Marking                10055 us
[197.802s][info][gc,stats    ]   Roots                              52 us, parallelism: 0.86x
[197.802s][info][gc,stats    ]     CM: <total>                      45 us
[197.802s][info][gc,stats    ]     CM: VM Strong Roots              10 us, workers (us):   3,   4,   2,   1, ---, ---, ---, ---, 
[197.802s][info][gc,stats    ]     CM: CLDG Roots                   35 us, workers (us):  35,   1, ---, ---, ---, ---, ---, ---, 
[197.802s][info][gc,stats    ] Pause Final Mark (G)                367 us
[197.802s][info][gc,stats    ] Pause Final Mark (N)                239 us
[197.802s][info][gc,stats    ]   Finish Queues                      77 us
[197.802s][info][gc,stats    ]   Update Region States               23 us
[197.802s][info][gc,stats    ]   Manage GC/TLABs                     4 us
[197.802s][info][gc,stats    ]   Choose Collection Set              51 us
[197.802s][info][gc,stats    ]   Rebuild Free Set                   13 us
[197.802s][info][gc,stats    ] Concurrent Weak References          137 us
[197.802s][info][gc,stats    ]   Process                            70 us
[197.802s][info][gc,stats    ] Concurrent Weak Roots               158 us
[197.802s][info][gc,stats    ]   Roots                              74 us, parallelism: 0.42x
[197.802s][info][gc,stats    ]     CWR: <total>                     31 us
[197.802s][info][gc,stats    ]     CWR: VM Weak Roots               28 us, workers (us):  11,  10,   7,   1, ---, ---, ---, ---, 
[197.802s][info][gc,stats    ]     CWR: CLDG Roots                   2 us, workers (us): ---, ---,   2, ---, ---, ---, ---, ---, 
[197.802s][info][gc,stats    ]   Rendezvous                         29 us
[197.802s][info][gc,stats    ] Concurrent Cleanup                  296 us
[197.802s][info][gc,stats    ] Concurrent Class Unloading          316 us
[197.802s][info][gc,stats    ]   Unlink Stale                      234 us
[197.802s][info][gc,stats    ]     System Dictionary                 2 us
[197.802s][info][gc,stats    ]     Weak Class Links                  0 us
[197.802s][info][gc,stats    ]     Code Roots                      231 us
[197.802s][info][gc,stats    ]   Rendezvous                         24 us
[197.802s][info][gc,stats    ]   Purge Unlinked                     18 us
[197.802s][info][gc,stats    ]     Code Roots                       15 us
[197.802s][info][gc,stats    ]     CLDG                              2 us
[197.802s][info][gc,stats    ]     Exception Caches                  0 us
[197.802s][info][gc,stats    ] Rendezvous                           43 us
[197.802s][info][gc,stats    ] 
[197.802s][info][gc,stats    ] Allocation pacing accrued:
[197.802s][info][gc,stats    ]       0 of  6279 ms (  0.0%): <total>
[197.802s][info][gc,stats    ]       0 of  6279 ms (  0.0%): <average total>
[197.802s][info][gc,stats    ] 
[197.802s][info][gc,metaspace] Metaspace: 828K(960K)->828K(960K) NonClass: 774K(832K)->774K(832K) Class: 53K(128K)->53K(128K)
[197.802s][info][gc,ergo     ] Pacer for Idle. Initial: 163M, Alloc Tax Rate: 1.0x
[204.080s][info][gc          ] Trigger: Free (812M) is below minimum threshold (819M)
[204.080s][info][gc,ergo     ] Free: 812M, Max: 4096K regular, 784M humongous, Frag: 4% external, 0% internal; Reserve: 412M, Max: 4096K
[204.080s][info][gc,start    ] GC(34) Concurrent reset
[204.080s][info][gc,task     ] GC(34) Using 4 of 8 workers for concurrent reset
[204.080s][info][gc,ergo     ] GC(34) Pacer for Reset. Non-Taxable: 8192M
[204.080s][info][gc          ] GC(34) Concurrent reset 0.428ms
[204.080s][info][gc,start    ] GC(34) Pause Init Mark (unload classes)
[204.080s][info][gc,task     ] GC(34) Using 8 of 8 workers for init marking
[204.080s][info][gc,ergo     ] GC(34) Pacer for Mark. Expected Live: 129M, Free: 804M, Non-Taxable: 82329K, Alloc Tax Rate: 0.2x
[204.080s][info][gc          ] GC(34) Pause Init Mark (unload classes) 0.124ms
[204.080s][info][gc,start    ] GC(34) Concurrent marking (unload classes)
[204.080s][info][gc,task     ] GC(34) Using 4 of 8 workers for concurrent marking
[204.090s][info][gc          ] GC(34) Concurrent marking (unload classes) 9.311ms
[204.090s][info][gc,start    ] GC(34) Pause Final Mark (unload classes)
[204.090s][info][gc,task     ] GC(34) Using 8 of 8 workers for final marking
[204.090s][info][gc,ergo     ] GC(34) Collectable Garbage: 6448M (94%), Immediate: 6448M (94%), CSet: 0B (0%)
[204.090s][info][gc          ] GC(34) Pause Final Mark (unload classes) 0.234ms
[204.090s][info][gc,start    ] GC(34) Concurrent weak references
[204.090s][info][gc,task     ] GC(34) Using 4 of 8 workers for concurrent weak references
[204.090s][info][gc,ref      ] GC(34) Encountered references: Soft: 82, Weak: 200, Final: 0, Phantom: 5
[204.090s][info][gc,ref      ] GC(34) Discovered  references: Soft: 0, Weak: 48, Final: 0, Phantom: 4
[204.090s][info][gc,ref      ] GC(34) Enqueued    references: Soft: 0, Weak: 0, Final: 0, Phantom: 0
[204.090s][info][gc          ] GC(34) Concurrent weak references 0.123ms
[204.090s][info][gc,start    ] GC(34) Concurrent weak roots
[204.090s][info][gc,task     ] GC(34) Using 4 of 8 workers for concurrent weak root
[204.090s][info][gc          ] GC(34) Concurrent weak roots 0.196ms
[204.090s][info][gc,start    ] GC(34) Concurrent cleanup
[204.091s][info][gc          ] GC(34) Concurrent cleanup 7008M->560M(8192M) 0.311ms
[204.091s][info][gc,ergo     ] GC(34) Free: 7220M, Max: 4096K regular, 944M humongous, Frag: 87% external, 0% internal; Reserve: 412M, Max: 4096K
[204.091s][info][gc,start    ] GC(34) Concurrent class unloading
[204.091s][info][gc,task     ] GC(34) Using 4 of 8 workers for concurrent class unloading
[204.091s][info][gc          ] GC(34) Concurrent class unloading 0.337ms
[204.091s][info][gc,start    ] GC(34) Rendezvous roots
[204.091s][info][gc          ] GC(34) Rendezvous roots 0.037ms
[204.091s][info][gc,ergo     ] Free: 7220M, Max: 4096K regular, 944M humongous, Frag: 87% external, 0% internal; Reserve: 412M, Max: 4096K
[204.091s][info][gc,stats    ] 
[204.091s][info][gc,stats    ] All times are wall-clock times, except per-root-class counters, that are sum over
[204.091s][info][gc,stats    ] all workers. Dividing the <total> over the root stage time estimates parallelism.
[204.091s][info][gc,stats    ] 
[204.091s][info][gc,stats    ] Concurrent Reset                    467 us
[204.091s][info][gc,stats    ] Pause Init Mark (G)                 173 us
[204.091s][info][gc,stats    ] Pause Init Mark (N)                 135 us
[204.091s][info][gc,stats    ]   Manage TLABs                        3 us
[204.091s][info][gc,stats    ]   Update Region States               23 us
[204.091s][info][gc,stats    ]   Scan Roots                         34 us, parallelism: 2.32x
[204.091s][info][gc,stats    ]     S: <total>                       78 us
[204.091s][info][gc,stats    ]     S: Thread Roots                  78 us, workers (us):  20,  17,  17,  10,   7,   7,   0,   0, 
[204.091s][info][gc,stats    ] Concurrent Marking                 9361 us
[204.091s][info][gc,stats    ]   Roots                              44 us, parallelism: 0.83x
[204.091s][info][gc,stats    ]     CM: <total>                      36 us
[204.091s][info][gc,stats    ]     CM: VM Strong Roots               6 us, workers (us):   4,   1,   1,   1, ---, ---, ---, ---, 
[204.091s][info][gc,stats    ]     CM: CLDG Roots                   30 us, workers (us):  29,   1, ---, ---, ---, ---, ---, ---, 
[204.091s][info][gc,stats    ] Pause Final Mark (G)                437 us
[204.091s][info][gc,stats    ] Pause Final Mark (N)                250 us
[204.091s][info][gc,stats    ]   Finish Queues                      86 us
[204.091s][info][gc,stats    ]   Update Region States               32 us
[204.091s][info][gc,stats    ]   Manage GC/TLABs                     3 us
[204.091s][info][gc,stats    ]   Choose Collection Set              49 us
[204.091s][info][gc,stats    ]   Rebuild Free Set                   12 us
[204.091s][info][gc,stats    ] Concurrent Weak References          136 us
[204.091s][info][gc,stats    ]   Process                            72 us
[204.092s][info][gc,stats    ] Concurrent Weak Roots               216 us
[204.092s][info][gc,stats    ]   Roots                              91 us, parallelism: 0.43x
[204.092s][info][gc,stats    ]     CWR: <total>                     39 us
[204.092s][info][gc,stats    ]     CWR: VM Weak Roots               36 us, workers (us):  13,  12,   9,   1, ---, ---, ---, ---, 
[204.092s][info][gc,stats    ]     CWR: CLDG Roots                   3 us, workers (us): ---, ---,   3, ---, ---, ---, ---, ---, 
[204.092s][info][gc,stats    ]   Rendezvous                         79 us
[204.092s][info][gc,stats    ] Concurrent Cleanup                  325 us
[204.092s][info][gc,stats    ] Concurrent Class Unloading          355 us
[204.092s][info][gc,stats    ]   Unlink Stale                      268 us
[204.092s][info][gc,stats    ]     System Dictionary                 2 us
[204.092s][info][gc,stats    ]     Weak Class Links                  0 us
[204.092s][info][gc,stats    ]     Code Roots                      264 us
[204.092s][info][gc,stats    ]   Rendezvous                         20 us
[204.092s][info][gc,stats    ]   Purge Unlinked                     25 us
[204.092s][info][gc,stats    ]     Code Roots                       22 us
[204.092s][info][gc,stats    ]     CLDG                              2 us
[204.092s][info][gc,stats    ]     Exception Caches                  0 us
[204.092s][info][gc,stats    ] Rendezvous                           66 us
[204.092s][info][gc,stats    ] 
[204.092s][info][gc,stats    ] Allocation pacing accrued:
[204.092s][info][gc,stats    ]       0 of  6290 ms (  0.0%): <total>
[204.092s][info][gc,stats    ]       0 of  6290 ms (  0.0%): <average total>
[204.092s][info][gc,stats    ] 
[204.092s][info][gc,metaspace] Metaspace: 828K(960K)->828K(960K) NonClass: 774K(832K)->774K(832K) Class: 53K(128K)->53K(128K)
[204.092s][info][gc,ergo     ] Pacer for Idle. Initial: 163M, Alloc Tax Rate: 1.0x
[210.359s][info][gc          ] Trigger: Free (804M) is below minimum threshold (819M)
[210.359s][info][gc,ergo     ] Free: 804M, Max: 4096K regular, 772M humongous, Frag: 4% external, 0% internal; Reserve: 412M, Max: 4096K
[210.359s][info][gc,start    ] GC(35) Concurrent reset
[210.359s][info][gc,task     ] GC(35) Using 4 of 8 workers for concurrent reset
[210.359s][info][gc,ergo     ] GC(35) Pacer for Reset. Non-Taxable: 8192M
[210.360s][info][gc          ] GC(35) Concurrent reset 0.849ms
[210.360s][info][gc,start    ] GC(35) Pause Init Mark (unload classes)
[210.360s][info][gc,task     ] GC(35) Using 8 of 8 workers for init marking
[210.360s][info][gc,ergo     ] GC(35) Pacer for Mark. Expected Live: 129M, Free: 804M, Non-Taxable: 82329K, Alloc Tax Rate: 0.2x
[210.360s][info][gc          ] GC(35) Pause Init Mark (unload classes) 0.176ms
[210.360s][info][gc,start    ] GC(35) Concurrent marking (unload classes)
[210.361s][info][gc,task     ] GC(35) Using 4 of 8 workers for concurrent marking
[210.372s][info][gc          ] GC(35) Concurrent marking (unload classes) 11.273ms
[210.372s][info][gc,start    ] GC(35) Pause Final Mark (unload classes)
[210.372s][info][gc,task     ] GC(35) Using 8 of 8 workers for final marking
[210.372s][info][gc,ergo     ] GC(35) Collectable Garbage: 6464M (94%), Immediate: 6464M (94%), CSet: 0B (0%)
[210.372s][info][gc          ] GC(35) Pause Final Mark (unload classes) 0.316ms
[210.372s][info][gc,start    ] GC(35) Concurrent weak references
[210.372s][info][gc,task     ] GC(35) Using 4 of 8 workers for concurrent weak references
[210.372s][info][gc,ref      ] GC(35) Encountered references: Soft: 81, Weak: 200, Final: 0, Phantom: 5
[210.372s][info][gc,ref      ] GC(35) Discovered  references: Soft: 0, Weak: 8, Final: 0, Phantom: 5
[210.372s][info][gc,ref      ] GC(35) Enqueued    references: Soft: 0, Weak: 0, Final: 0, Phantom: 0
[210.372s][info][gc          ] GC(35) Concurrent weak references 0.101ms
[210.372s][info][gc,start    ] GC(35) Concurrent weak roots
[210.372s][info][gc,task     ] GC(35) Using 4 of 8 workers for concurrent weak root
[210.372s][info][gc          ] GC(35) Concurrent weak roots 0.132ms
[210.372s][info][gc,start    ] GC(35) Concurrent cleanup
[210.373s][info][gc          ] GC(35) Concurrent cleanup 6992M->528M(8192M) 0.319ms
[210.373s][info][gc,ergo     ] GC(35) Free: 7252M, Max: 4096K regular, 944M humongous, Frag: 87% external, 0% internal; Reserve: 412M, Max: 4096K
[210.373s][info][gc,start    ] GC(35) Concurrent class unloading
[210.373s][info][gc,task     ] GC(35) Using 4 of 8 workers for concurrent class unloading
[210.373s][info][gc          ] GC(35) Concurrent class unloading 0.500ms
[210.373s][info][gc,start    ] GC(35) Rendezvous roots
[210.373s][info][gc          ] GC(35) Rendezvous roots 0.044ms
[210.374s][info][gc,ergo     ] Free: 7252M, Max: 4096K regular, 944M humongous, Frag: 87% external, 0% internal; Reserve: 412M, Max: 4096K
[210.374s][info][gc,stats    ] 
[210.374s][info][gc,stats    ] All times are wall-clock times, except per-root-class counters, that are sum over
[210.374s][info][gc,stats    ] all workers. Dividing the <total> over the root stage time estimates parallelism.
[210.374s][info][gc,stats    ] 
[210.374s][info][gc,stats    ] Concurrent Reset                    913 us
[210.374s][info][gc,stats    ] Pause Init Mark (G)                 489 us
[210.374s][info][gc,stats    ] Pause Init Mark (N)                 189 us
[210.374s][info][gc,stats    ]   Manage TLABs                        5 us
[210.374s][info][gc,stats    ]   Update Region States               24 us
[210.374s][info][gc,stats    ]   Scan Roots                         71 us, parallelism: 2.04x
[210.374s][info][gc,stats    ]     S: <total>                      146 us
[210.374s][info][gc,stats    ]     S: Thread Roots                 146 us, workers (us):  15,  20,  13,  15,  22,  12,  50,   0, 
[210.374s][info][gc,stats    ] Concurrent Marking                11320 us
[210.374s][info][gc,stats    ]   Roots                              58 us, parallelism: 0.84x
[210.374s][info][gc,stats    ]     CM: <total>                      48 us
[210.374s][info][gc,stats    ]     CM: VM Strong Roots              10 us, workers (us):   4,   3,   1,   1, ---, ---, ---, ---, 
[210.374s][info][gc,stats    ]     CM: CLDG Roots                   39 us, workers (us):   1,  38, ---, ---, ---, ---, ---, ---, 
[210.374s][info][gc,stats    ] Pause Final Mark (G)                416 us
[210.374s][info][gc,stats    ] Pause Final Mark (N)                333 us
[210.374s][info][gc,stats    ]   Finish Queues                     178 us
[210.374s][info][gc,stats    ]   Update Region States               34 us
[210.374s][info][gc,stats    ]   Manage GC/TLABs                     3 us
[210.374s][info][gc,stats    ]   Choose Collection Set              51 us
[210.374s][info][gc,stats    ]   Rebuild Free Set                   13 us
[210.374s][info][gc,stats    ] Concurrent Weak References          114 us
[210.374s][info][gc,stats    ]   Process                            55 us
[210.374s][info][gc,stats    ] Concurrent Weak Roots               147 us
[210.374s][info][gc,stats    ]   Roots                              83 us, parallelism: 0.44x
[210.374s][info][gc,stats    ]     CWR: <total>                     37 us
[210.374s][info][gc,stats    ]     CWR: VM Weak Roots               35 us, workers (us):  17,  14,   2,   2, ---, ---, ---, ---, 
[210.374s][info][gc,stats    ]     CWR: CLDG Roots                   2 us, workers (us):   2, ---, ---, ---, ---, ---, ---, ---, 
[210.374s][info][gc,stats    ]   Rendezvous                         25 us
[210.374s][info][gc,stats    ] Concurrent Cleanup                  389 us
[210.374s][info][gc,stats    ] Concurrent Class Unloading          530 us
[210.374s][info][gc,stats    ]   Unlink Stale                      384 us
[210.374s][info][gc,stats    ]     System Dictionary                 3 us
[210.374s][info][gc,stats    ]     Weak Class Links                  0 us
[210.374s][info][gc,stats    ]     Code Roots                      379 us
[210.374s][info][gc,stats    ]   Rendezvous                         32 us
[210.374s][info][gc,stats    ]   Purge Unlinked                     53 us
[210.374s][info][gc,stats    ]     Code Roots                       46 us
[210.374s][info][gc,stats    ]     CLDG                              5 us
[210.374s][info][gc,stats    ]     Exception Caches                  0 us
[210.374s][info][gc,stats    ] Rendezvous                           59 us
[210.374s][info][gc,stats    ] 
[210.374s][info][gc,stats    ] Allocation pacing accrued:
[210.374s][info][gc,stats    ]       0 of  6282 ms (  0.0%): <total>
[210.374s][info][gc,stats    ]       0 of  6282 ms (  0.0%): <average total>
[210.374s][info][gc,stats    ] 
[210.374s][info][gc,metaspace] Metaspace: 828K(960K)->828K(960K) NonClass: 774K(832K)->774K(832K) Class: 53K(128K)->53K(128K)
[210.374s][info][gc,ergo     ] Pacer for Idle. Initial: 163M, Alloc Tax Rate: 1.0x
[216.650s][info][gc          ] Trigger: Free (816M) is below minimum threshold (819M)
[216.650s][info][gc,ergo     ] Free: 804M, Max: 4096K regular, 804M humongous, Frag: 0% external, 0% internal; Reserve: 412M, Max: 4096K
[216.650s][info][gc,start    ] GC(36) Concurrent reset
[216.650s][info][gc,task     ] GC(36) Using 4 of 8 workers for concurrent reset
[216.650s][info][gc,ergo     ] GC(36) Pacer for Reset. Non-Taxable: 8192M
[216.651s][info][gc          ] GC(36) Concurrent reset 0.570ms
[216.651s][info][gc,start    ] GC(36) Pause Init Mark (unload classes)
[216.651s][info][gc,task     ] GC(36) Using 8 of 8 workers for init marking
[216.651s][info][gc,ergo     ] GC(36) Pacer for Mark. Expected Live: 129M, Free: 804M, Non-Taxable: 82329K, Alloc Tax Rate: 0.2x
[216.651s][info][gc          ] GC(36) Pause Init Mark (unload classes) 0.203ms
[216.651s][info][gc,start    ] GC(36) Concurrent marking (unload classes)
[216.651s][info][gc,task     ] GC(36) Using 4 of 8 workers for concurrent marking
[216.664s][info][gc          ] GC(36) Concurrent marking (unload classes) 13.224ms
[216.665s][info][gc,start    ] GC(36) Pause Final Mark (unload classes)
[216.665s][info][gc,task     ] GC(36) Using 8 of 8 workers for final marking
[216.665s][info][gc,ergo     ] GC(36) Collectable Garbage: 6456M (94%), Immediate: 6456M (94%), CSet: 0B (0%)
[216.665s][info][gc          ] GC(36) Pause Final Mark (unload classes) 0.330ms
[216.665s][info][gc,start    ] GC(36) Concurrent weak references
[216.665s][info][gc,task     ] GC(36) Using 4 of 8 workers for concurrent weak references
[216.665s][info][gc,ref      ] GC(36) Encountered references: Soft: 82, Weak: 200, Final: 0, Phantom: 5
[216.665s][info][gc,ref      ] GC(36) Discovered  references: Soft: 0, Weak: 156, Final: 0, Phantom: 5
[216.665s][info][gc,ref      ] GC(36) Enqueued    references: Soft: 0, Weak: 0, Final: 0, Phantom: 0
[216.665s][info][gc          ] GC(36) Concurrent weak references 0.138ms
[216.665s][info][gc,start    ] GC(36) Concurrent weak roots
[216.665s][info][gc,task     ] GC(36) Using 4 of 8 workers for concurrent weak root
[216.665s][info][gc          ] GC(36) Concurrent weak roots 0.153ms
[216.665s][info][gc,start    ] GC(36) Concurrent cleanup
[216.666s][info][gc          ] GC(36) Concurrent cleanup 6992M->536M(8192M) 0.332ms
[216.666s][info][gc,ergo     ] GC(36) Free: 7244M, Max: 4096K regular, 944M humongous, Frag: 87% external, 0% internal; Reserve: 412M, Max: 4096K
[216.666s][info][gc,start    ] GC(36) Concurrent class unloading
[216.666s][info][gc,task     ] GC(36) Using 4 of 8 workers for concurrent class unloading
[216.666s][info][gc          ] GC(36) Concurrent class unloading 0.449ms
[216.666s][info][gc,start    ] GC(36) Rendezvous roots
[216.666s][info][gc          ] GC(36) Rendezvous roots 0.053ms
[216.666s][info][gc,ergo     ] Free: 7244M, Max: 4096K regular, 944M humongous, Frag: 87% external, 0% internal; Reserve: 412M, Max: 4096K
[216.666s][info][gc,stats    ] 
[216.666s][info][gc,stats    ] All times are wall-clock times, except per-root-class counters, that are sum over
[216.666s][info][gc,stats    ] all workers. Dividing the <total> over the root stage time estimates parallelism.
[216.666s][info][gc,stats    ] 
[216.666s][info][gc,stats    ] Concurrent Reset                    623 us
[216.666s][info][gc,stats    ] Pause Init Mark (G)                 301 us
[216.666s][info][gc,stats    ] Pause Init Mark (N)                 226 us
[216.666s][info][gc,stats    ]   Manage TLABs                        5 us
[216.666s][info][gc,stats    ]   Update Region States               45 us
[216.666s][info][gc,stats    ]   Scan Roots                         51 us, parallelism: 2.70x
[216.666s][info][gc,stats    ]     S: <total>                      138 us
[216.666s][info][gc,stats    ]     S: Thread Roots                 138 us, workers (us):  13,  28,  31,  23,  22,  11,   9,   0, 
[216.667s][info][gc,stats    ] Concurrent Marking                13274 us
[216.667s][info][gc,stats    ]   Roots                              71 us, parallelism: 0.85x
[216.667s][info][gc,stats    ]     CM: <total>                      61 us
[216.667s][info][gc,stats    ]     CM: VM Strong Roots              11 us, workers (us):   6,   3,   1,   1, ---, ---, ---, ---, 
[216.667s][info][gc,stats    ]     CM: CLDG Roots                   50 us, workers (us): ---,   1, ---,  48, ---, ---, ---, ---, 
[216.667s][info][gc,stats    ] Pause Final Mark (G)                436 us
[216.667s][info][gc,stats    ] Pause Final Mark (N)                354 us
[216.667s][info][gc,stats    ]   Finish Queues                     125 us
[216.667s][info][gc,stats    ]   Update Region States               43 us
[216.667s][info][gc,stats    ]   Manage GC/TLABs                     5 us
[216.667s][info][gc,stats    ]   Choose Collection Set              62 us
[216.667s][info][gc,stats    ]   Rebuild Free Set                   17 us
[216.667s][info][gc,stats    ] Concurrent Weak References          150 us
[216.667s][info][gc,stats    ]   Process                            68 us
[216.667s][info][gc,stats    ] Concurrent Weak Roots               191 us
[216.667s][info][gc,stats    ]   Roots                              91 us, parallelism: 0.53x
[216.667s][info][gc,stats    ]     CWR: <total>                     48 us
[216.667s][info][gc,stats    ]     CWR: VM Weak Roots               45 us, workers (us):  14,  11,  12,   9, ---, ---, ---, ---, 
[216.667s][info][gc,stats    ]     CWR: CLDG Roots                   3 us, workers (us): ---, ---, ---,   3, ---, ---, ---, ---, 
[216.667s][info][gc,stats    ]   Rendezvous                         35 us
[216.667s][info][gc,stats    ] Concurrent Cleanup                  361 us
[216.667s][info][gc,stats    ] Concurrent Class Unloading          478 us
[216.667s][info][gc,stats    ]   Unlink Stale                      323 us
[216.667s][info][gc,stats    ]     System Dictionary                 3 us
[216.667s][info][gc,stats    ]     Weak Class Links                  0 us
[216.667s][info][gc,stats    ]     Code Roots                      317 us
[216.667s][info][gc,stats    ]   Rendezvous                         36 us
[216.667s][info][gc,stats    ]   Purge Unlinked                     40 us
[216.667s][info][gc,stats    ]     Code Roots                       35 us
[216.667s][info][gc,stats    ]     CLDG                              4 us
[216.667s][info][gc,stats    ]     Exception Caches                  0 us
[216.667s][info][gc,stats    ] Rendezvous                           87 us
[216.667s][info][gc,stats    ] 
[216.667s][info][gc,stats    ] Allocation pacing accrued:
[216.667s][info][gc,stats    ]       0 of  6293 ms (  0.0%): <total>
[216.667s][info][gc,stats    ]       0 of  6293 ms (  0.0%): <average total>
[216.667s][info][gc,stats    ] 
[216.667s][info][gc,metaspace] Metaspace: 828K(960K)->828K(960K) NonClass: 774K(832K)->774K(832K) Class: 53K(128K)->53K(128K)
[216.667s][info][gc,ergo     ] Pacer for Idle. Initial: 163M, Alloc Tax Rate: 1.0x
[222.929s][info][gc          ] Trigger: Free (812M) is below minimum threshold (819M)
[222.929s][info][gc,ergo     ] Free: 812M, Max: 4096K regular, 788M humongous, Frag: 3% external, 0% internal; Reserve: 412M, Max: 4096K
[222.929s][info][gc,start    ] GC(37) Concurrent reset
[222.929s][info][gc,task     ] GC(37) Using 4 of 8 workers for concurrent reset
[222.929s][info][gc,ergo     ] GC(37) Pacer for Reset. Non-Taxable: 8192M
[222.930s][info][gc          ] GC(37) Concurrent reset 0.456ms
[222.930s][info][gc,start    ] GC(37) Pause Init Mark (unload classes)
[222.930s][info][gc,task     ] GC(37) Using 8 of 8 workers for init marking
[222.930s][info][gc,ergo     ] GC(37) Pacer for Mark. Expected Live: 129M, Free: 812M, Non-Taxable: 83148K, Alloc Tax Rate: 0.2x
[222.930s][info][gc          ] GC(37) Pause Init Mark (unload classes) 0.138ms
[222.930s][info][gc,start    ] GC(37) Concurrent marking (unload classes)
[222.930s][info][gc,task     ] GC(37) Using 4 of 8 workers for concurrent marking
[222.939s][info][gc          ] GC(37) Concurrent marking (unload classes) 8.870ms
[222.939s][info][gc,start    ] GC(37) Pause Final Mark (unload classes)
[222.939s][info][gc,task     ] GC(37) Using 8 of 8 workers for final marking
[222.939s][info][gc,ergo     ] GC(37) Collectable Garbage: 6456M (94%), Immediate: 6456M (94%), CSet: 0B (0%)
[222.939s][info][gc          ] GC(37) Pause Final Mark (unload classes) 0.233ms
[222.939s][info][gc,start    ] GC(37) Concurrent weak references
[222.939s][info][gc,task     ] GC(37) Using 4 of 8 workers for concurrent weak references
[222.939s][info][gc,ref      ] GC(37) Encountered references: Soft: 82, Weak: 200, Final: 0, Phantom: 5
[222.939s][info][gc,ref      ] GC(37) Discovered  references: Soft: 0, Weak: 156, Final: 0, Phantom: 5
[222.939s][info][gc,ref      ] GC(37) Enqueued    references: Soft: 0, Weak: 0, Final: 0, Phantom: 0
[222.939s][info][gc          ] GC(37) Concurrent weak references 0.108ms
[222.939s][info][gc,start    ] GC(37) Concurrent weak roots
[222.939s][info][gc,task     ] GC(37) Using 4 of 8 workers for concurrent weak root
[222.940s][info][gc          ] GC(37) Concurrent weak roots 0.235ms
[222.940s][info][gc,start    ] GC(37) Concurrent cleanup
[222.940s][info][gc          ] GC(37) Concurrent cleanup 7000M->544M(8192M) 0.292ms
[222.940s][info][gc,ergo     ] GC(37) Free: 7236M, Max: 4096K regular, 944M humongous, Frag: 87% external, 0% internal; Reserve: 412M, Max: 4096K
[222.940s][info][gc,start    ] GC(37) Concurrent class unloading
[222.940s][info][gc,task     ] GC(37) Using 4 of 8 workers for concurrent class unloading
[222.940s][info][gc          ] GC(37) Concurrent class unloading 0.281ms
[222.940s][info][gc,start    ] GC(37) Rendezvous roots
[222.940s][info][gc          ] GC(37) Rendezvous roots 0.029ms
[222.940s][info][gc,ergo     ] Free: 7236M, Max: 4096K regular, 944M humongous, Frag: 87% external, 0% internal; Reserve: 412M, Max: 4096K
[222.940s][info][gc,stats    ] 
[222.940s][info][gc,stats    ] All times are wall-clock times, except per-root-class counters, that are sum over
[222.940s][info][gc,stats    ] all workers. Dividing the <total> over the root stage time estimates parallelism.
[222.940s][info][gc,stats    ] 
[222.940s][info][gc,stats    ] Concurrent Reset                    486 us
[222.940s][info][gc,stats    ] Pause Init Mark (G)                 196 us
[222.940s][info][gc,stats    ] Pause Init Mark (N)                 151 us
[222.940s][info][gc,stats    ]   Manage TLABs                        4 us
[222.940s][info][gc,stats    ]   Update Region States               23 us
[222.940s][info][gc,stats    ]   Scan Roots                         38 us, parallelism: 3.10x
[222.940s][info][gc,stats    ]     S: <total>                      117 us
[222.941s][info][gc,stats    ]     S: Thread Roots                 117 us, workers (us):  16,  18,   9,  17,  18,  18,  11,  11, 
[222.941s][info][gc,stats    ] Concurrent Marking                 8910 us
[222.941s][info][gc,stats    ]   Roots                              55 us, parallelism: 0.83x
[222.941s][info][gc,stats    ]     CM: <total>                      46 us
[222.941s][info][gc,stats    ]     CM: VM Strong Roots              10 us, workers (us):   5,   3,   1,   1, ---, ---, ---, ---, 
[222.941s][info][gc,stats    ]     CM: CLDG Roots                   36 us, workers (us):  35, ---,   1, ---, ---, ---, ---, ---, 
[222.941s][info][gc,stats    ] Pause Final Mark (G)                443 us
[222.941s][info][gc,stats    ] Pause Final Mark (N)                247 us
[222.941s][info][gc,stats    ]   Finish Queues                      79 us
[222.941s][info][gc,stats    ]   Update Region States               21 us
[222.941s][info][gc,stats    ]   Manage GC/TLABs                    24 us
[222.941s][info][gc,stats    ]   Choose Collection Set              52 us
[222.941s][info][gc,stats    ]   Rebuild Free Set                   11 us
[222.941s][info][gc,stats    ] Concurrent Weak References          122 us
[222.941s][info][gc,stats    ]   Process                            64 us
[222.941s][info][gc,stats    ] Concurrent Weak Roots               262 us
[222.941s][info][gc,stats    ]   Roots                             103 us, parallelism: 0.40x
[222.941s][info][gc,stats    ]     CWR: <total>                     41 us
[222.941s][info][gc,stats    ]     CWR: VM Weak Roots               39 us, workers (us):  11,  11,  10,   7, ---, ---, ---, ---, 
[222.941s][info][gc,stats    ]     CWR: CLDG Roots                   2 us, workers (us): ---, ---,   2, ---, ---, ---, ---, ---, 
[222.941s][info][gc,stats    ]   Rendezvous                         77 us
[222.941s][info][gc,stats    ] Concurrent Cleanup                  307 us
[222.941s][info][gc,stats    ] Concurrent Class Unloading          304 us
[222.941s][info][gc,stats    ]   Unlink Stale                      213 us
[222.941s][info][gc,stats    ]     System Dictionary                 2 us
[222.941s][info][gc,stats    ]     Weak Class Links                  0 us
[222.941s][info][gc,stats    ]     Code Roots                      210 us
[222.941s][info][gc,stats    ]   Rendezvous                         21 us
[222.941s][info][gc,stats    ]   Purge Unlinked                     22 us
[222.941s][info][gc,stats    ]     Code Roots                       18 us
[222.941s][info][gc,stats    ]     CLDG                              3 us
[222.941s][info][gc,stats    ]     Exception Caches                  0 us
[222.941s][info][gc,stats    ] Rendezvous                           41 us
[222.941s][info][gc,stats    ] 
[222.941s][info][gc,stats    ] Allocation pacing accrued:
[222.941s][info][gc,stats    ]       0 of  6274 ms (  0.0%): <total>
[222.941s][info][gc,stats    ]       0 of  6274 ms (  0.0%): <average total>
[222.941s][info][gc,stats    ] 
[222.941s][info][gc,metaspace] Metaspace: 828K(960K)->828K(960K) NonClass: 774K(832K)->774K(832K) Class: 53K(128K)->53K(128K)
[222.941s][info][gc,ergo     ] Pacer for Idle. Initial: 163M, Alloc Tax Rate: 1.0x
[229.218s][info][gc          ] Trigger: Free (816M) is below minimum threshold (819M)
[229.218s][info][gc,ergo     ] Free: 816M, Max: 4096K regular, 780M humongous, Frag: 5% external, 0% internal; Reserve: 412M, Max: 4096K
[229.218s][info][gc,start    ] GC(38) Concurrent reset
[229.218s][info][gc,task     ] GC(38) Using 4 of 8 workers for concurrent reset
[229.218s][info][gc,ergo     ] GC(38) Pacer for Reset. Non-Taxable: 8192M
[229.219s][info][gc          ] GC(38) Concurrent reset 0.505ms
[229.219s][info][gc,start    ] GC(38) Pause Init Mark (unload classes)
[229.219s][info][gc,task     ] GC(38) Using 8 of 8 workers for init marking
[229.219s][info][gc,ergo     ] GC(38) Pacer for Mark. Expected Live: 129M, Free: 812M, Non-Taxable: 83148K, Alloc Tax Rate: 0.2x
[229.219s][info][gc          ] GC(38) Pause Init Mark (unload classes) 0.143ms
[229.219s][info][gc,start    ] GC(38) Concurrent marking (unload classes)
[229.219s][info][gc,task     ] GC(38) Using 4 of 8 workers for concurrent marking
[229.229s][info][gc          ] GC(38) Concurrent marking (unload classes) 9.316ms
[229.229s][info][gc,start    ] GC(38) Pause Final Mark (unload classes)
[229.229s][info][gc,task     ] GC(38) Using 8 of 8 workers for final marking
[229.229s][info][gc,ergo     ] GC(38) Collectable Garbage: 6456M (94%), Immediate: 6456M (94%), CSet: 0B (0%)
[229.229s][info][gc          ] GC(38) Pause Final Mark (unload classes) 0.236ms
[229.229s][info][gc,start    ] GC(38) Concurrent weak references
[229.229s][info][gc,task     ] GC(38) Using 4 of 8 workers for concurrent weak references
[229.229s][info][gc,ref      ] GC(38) Encountered references: Soft: 82, Weak: 200, Final: 0, Phantom: 5
[229.229s][info][gc,ref      ] GC(38) Discovered  references: Soft: 0, Weak: 155, Final: 0, Phantom: 3
[229.229s][info][gc,ref      ] GC(38) Enqueued    references: Soft: 0, Weak: 0, Final: 0, Phantom: 0
[229.229s][info][gc          ] GC(38) Concurrent weak references 0.094ms
[229.229s][info][gc,start    ] GC(38) Concurrent weak roots
[229.229s][info][gc,task     ] GC(38) Using 4 of 8 workers for concurrent weak root
[229.229s][info][gc          ] GC(38) Concurrent weak roots 0.182ms
[229.229s][info][gc,start    ] GC(38) Concurrent cleanup
[229.230s][info][gc          ] GC(38) Concurrent cleanup 7000M->544M(8192M) 0.546ms
[229.230s][info][gc,ergo     ] GC(38) Free: 7236M, Max: 4096K regular, 944M humongous, Frag: 87% external, 0% internal; Reserve: 412M, Max: 4096K
[229.230s][info][gc,start    ] GC(38) Concurrent class unloading
[229.230s][info][gc,task     ] GC(38) Using 4 of 8 workers for concurrent class unloading
[229.230s][info][gc          ] GC(38) Concurrent class unloading 0.355ms
[229.230s][info][gc,start    ] GC(38) Rendezvous roots
[229.230s][info][gc          ] GC(38) Rendezvous roots 0.042ms
[229.230s][info][gc,ergo     ] Free: 7236M, Max: 4096K regular, 944M humongous, Frag: 87% external, 0% internal; Reserve: 412M, Max: 4096K
[229.230s][info][gc,stats    ] 
[229.231s][info][gc,stats    ] All times are wall-clock times, except per-root-class counters, that are sum over
[229.231s][info][gc,stats    ] all workers. Dividing the <total> over the root stage time estimates parallelism.
[229.231s][info][gc,stats    ] 
[229.231s][info][gc,stats    ] Concurrent Reset                    535 us
[229.231s][info][gc,stats    ] Pause Init Mark (G)                 304 us
[229.231s][info][gc,stats    ] Pause Init Mark (N)                 151 us
[229.231s][info][gc,stats    ]   Manage TLABs                        3 us
[229.231s][info][gc,stats    ]   Update Region States               36 us
[229.231s][info][gc,stats    ]   Scan Roots                         42 us, parallelism: 2.79x
[229.231s][info][gc,stats    ]     S: <total>                      118 us
[229.231s][info][gc,stats    ]     S: Thread Roots                 118 us, workers (us):  30,  18,  10,  15,  13,  13,  10,   9, 
[229.231s][info][gc,stats    ] Concurrent Marking                 9360 us
[229.231s][info][gc,stats    ]   Roots                             104 us, parallelism: 0.92x
[229.231s][info][gc,stats    ]     CM: <total>                      96 us
[229.231s][info][gc,stats    ]     CM: VM Strong Roots              11 us, workers (us):   4,   3,   3,   1, ---, ---, ---, ---, 
[229.231s][info][gc,stats    ]     CM: CLDG Roots                   85 us, workers (us):   1, ---, ---,  84, ---, ---, ---, ---, 
[229.231s][info][gc,stats    ] Pause Final Mark (G)                447 us
[229.231s][info][gc,stats    ] Pause Final Mark (N)                248 us
[229.231s][info][gc,stats    ]   Finish Queues                     103 us
[229.231s][info][gc,stats    ]   Update Region States               24 us
[229.231s][info][gc,stats    ]   Manage GC/TLABs                     3 us
[229.231s][info][gc,stats    ]   Choose Collection Set              49 us
[229.231s][info][gc,stats    ]   Rebuild Free Set                   13 us
[229.231s][info][gc,stats    ] Concurrent Weak References          103 us
[229.231s][info][gc,stats    ]   Process                            66 us
[229.231s][info][gc,stats    ] Concurrent Weak Roots               207 us
[229.231s][info][gc,stats    ]   Roots                              95 us, parallelism: 0.48x
[229.231s][info][gc,stats    ]     CWR: <total>                     46 us
[229.231s][info][gc,stats    ]     CWR: VM Weak Roots               42 us, workers (us):  12,  11,  10,   9, ---, ---, ---, ---, 
[229.231s][info][gc,stats    ]     CWR: CLDG Roots                   3 us, workers (us): ---, ---, ---,   3, ---, ---, ---, ---, 
[229.231s][info][gc,stats    ]   Rendezvous                         67 us
[229.231s][info][gc,stats    ] Concurrent Cleanup                  563 us
[229.231s][info][gc,stats    ] Concurrent Class Unloading          376 us
[229.231s][info][gc,stats    ]   Unlink Stale                      250 us
[229.231s][info][gc,stats    ]     System Dictionary                 3 us
[229.231s][info][gc,stats    ]     Weak Class Links                  0 us
[229.231s][info][gc,stats    ]     Code Roots                      246 us
[229.231s][info][gc,stats    ]   Rendezvous                         60 us
[229.231s][info][gc,stats    ]   Purge Unlinked                     24 us
[229.231s][info][gc,stats    ]     Code Roots                       20 us
[229.231s][info][gc,stats    ]     CLDG                              2 us
[229.231s][info][gc,stats    ]     Exception Caches                  0 us
[229.231s][info][gc,stats    ] Rendezvous                           53 us
[229.231s][info][gc,stats    ] 
[229.231s][info][gc,stats    ] Allocation pacing accrued:
[229.231s][info][gc,stats    ]       0 of  6290 ms (  0.0%): <total>
[229.231s][info][gc,stats    ]       0 of  6290 ms (  0.0%): <average total>
[229.231s][info][gc,stats    ] 
[229.231s][info][gc,metaspace] Metaspace: 828K(960K)->828K(960K) NonClass: 774K(832K)->774K(832K) Class: 53K(128K)->53K(128K)
[229.231s][info][gc,ergo     ] Pacer for Idle. Initial: 163M, Alloc Tax Rate: 1.0x
[235.509s][info][gc          ] Trigger: Free (816M) is below minimum threshold (819M)
[235.509s][info][gc,ergo     ] Free: 816M, Max: 4096K regular, 788M humongous, Frag: 4% external, 0% internal; Reserve: 412M, Max: 4096K
[235.509s][info][gc,start    ] GC(39) Concurrent reset
[235.509s][info][gc,task     ] GC(39) Using 4 of 8 workers for concurrent reset
[235.509s][info][gc,ergo     ] GC(39) Pacer for Reset. Non-Taxable: 8192M
[235.510s][info][gc          ] GC(39) Concurrent reset 0.595ms
[235.510s][info][gc,start    ] GC(39) Pause Init Mark (unload classes)
[235.510s][info][gc,task     ] GC(39) Using 8 of 8 workers for init marking
[235.510s][info][gc,ergo     ] GC(39) Pacer for Mark. Expected Live: 129M, Free: 804M, Non-Taxable: 82329K, Alloc Tax Rate: 0.2x
[235.510s][info][gc          ] GC(39) Pause Init Mark (unload classes) 0.200ms
[235.510s][info][gc,start    ] GC(39) Concurrent marking (unload classes)
[235.510s][info][gc,task     ] GC(39) Using 4 of 8 workers for concurrent marking
[235.520s][info][gc          ] GC(39) Concurrent marking (unload classes) 10.036ms
[235.521s][info][gc,start    ] GC(39) Pause Final Mark (unload classes)
[235.521s][info][gc,task     ] GC(39) Using 8 of 8 workers for final marking
[235.521s][info][gc,ergo     ] GC(39) Collectable Garbage: 6464M (94%), Immediate: 6464M (94%), CSet: 0B (0%)
[235.521s][info][gc          ] GC(39) Pause Final Mark (unload classes) 0.366ms
[235.521s][info][gc,start    ] GC(39) Concurrent weak references
[235.521s][info][gc,task     ] GC(39) Using 4 of 8 workers for concurrent weak references
[235.521s][info][gc,ref      ] GC(39) Encountered references: Soft: 82, Weak: 200, Final: 0, Phantom: 5
[235.521s][info][gc,ref      ] GC(39) Discovered  references: Soft: 0, Weak: 55, Final: 0, Phantom: 5
[235.521s][info][gc,ref      ] GC(39) Enqueued    references: Soft: 0, Weak: 0, Final: 0, Phantom: 0
[235.521s][info][gc          ] GC(39) Concurrent weak references 0.103ms
[235.521s][info][gc,start    ] GC(39) Concurrent weak roots
[235.521s][info][gc,task     ] GC(39) Using 4 of 8 workers for concurrent weak root
[235.521s][info][gc          ] GC(39) Concurrent weak roots 0.157ms
[235.521s][info][gc,start    ] GC(39) Concurrent cleanup
[235.522s][info][gc          ] GC(39) Concurrent cleanup 6992M->528M(8192M) 0.292ms
[235.522s][info][gc,ergo     ] GC(39) Free: 7252M, Max: 4096K regular, 944M humongous, Frag: 87% external, 0% internal; Reserve: 412M, Max: 4096K
[235.522s][info][gc,start    ] GC(39) Concurrent class unloading
[235.522s][info][gc,task     ] GC(39) Using 4 of 8 workers for concurrent class unloading
[235.522s][info][gc          ] GC(39) Concurrent class unloading 0.366ms
[235.522s][info][gc,start    ] GC(39) Rendezvous roots
[235.522s][info][gc          ] GC(39) Rendezvous roots 0.060ms
[235.522s][info][gc,ergo     ] Free: 7252M, Max: 4096K regular, 944M humongous, Frag: 87% external, 0% internal; Reserve: 412M, Max: 4096K
[235.522s][info][gc,stats    ] 
[235.522s][info][gc,stats    ] All times are wall-clock times, except per-root-class counters, that are sum over
[235.522s][info][gc,stats    ] all workers. Dividing the <total> over the root stage time estimates parallelism.
[235.522s][info][gc,stats    ] 
[235.522s][info][gc,stats    ] Concurrent Reset                    660 us
[235.522s][info][gc,stats    ] Pause Init Mark (G)                 477 us
[235.522s][info][gc,stats    ] Pause Init Mark (N)                 218 us
[235.522s][info][gc,stats    ]   Manage TLABs                        4 us
[235.522s][info][gc,stats    ]   Update Region States               47 us
[235.522s][info][gc,stats    ]   Scan Roots                         49 us, parallelism: 2.37x
[235.522s][info][gc,stats    ]     S: <total>                      117 us
[235.522s][info][gc,stats    ]     S: Thread Roots                 117 us, workers (us):  23,  29,  21,  15,   0,  16,   1,  12, 
[235.522s][info][gc,stats    ] Concurrent Marking                10074 us
[235.522s][info][gc,stats    ]   Roots                              72 us, parallelism: 0.83x
[235.522s][info][gc,stats    ]     CM: <total>                      59 us
[235.522s][info][gc,stats    ]     CM: VM Strong Roots               9 us, workers (us):   5,   2,   1,   1, ---, ---, ---, ---, 
[235.522s][info][gc,stats    ]     CM: CLDG Roots                   50 us, workers (us):  49,   1, ---, ---, ---, ---, ---, ---, 
[235.522s][info][gc,stats    ] Pause Final Mark (G)                515 us
[235.522s][info][gc,stats    ] Pause Final Mark (N)                384 us
[235.522s][info][gc,stats    ]   Finish Queues                     175 us
[235.522s][info][gc,stats    ]   Update Region States               45 us
[235.522s][info][gc,stats    ]   Manage GC/TLABs                     3 us
[235.522s][info][gc,stats    ]   Choose Collection Set              54 us
[235.522s][info][gc,stats    ]   Rebuild Free Set                   13 us
[235.522s][info][gc,stats    ] Concurrent Weak References          115 us
[235.522s][info][gc,stats    ]   Process                            54 us
[235.522s][info][gc,stats    ] Concurrent Weak Roots               187 us
[235.522s][info][gc,stats    ]   Roots                             102 us, parallelism: 0.30x
[235.522s][info][gc,stats    ]     CWR: <total>                     30 us
[235.522s][info][gc,stats    ]     CWR: VM Weak Roots               29 us, workers (us):  25,   1,   1,   1, ---, ---, ---, ---, 
[235.522s][info][gc,stats    ]     CWR: CLDG Roots                   1 us, workers (us):   1, ---, ---, ---, ---, ---, ---, ---, 
[235.523s][info][gc,stats    ]   Rendezvous                         30 us
[235.523s][info][gc,stats    ] Concurrent Cleanup                  312 us
[235.523s][info][gc,stats    ] Concurrent Class Unloading          396 us
[235.523s][info][gc,stats    ]   Unlink Stale                      274 us
[235.523s][info][gc,stats    ]     System Dictionary                 2 us
[235.523s][info][gc,stats    ]     Weak Class Links                  0 us
[235.523s][info][gc,stats    ]     Code Roots                      270 us
[235.523s][info][gc,stats    ]   Rendezvous                         30 us
[235.523s][info][gc,stats    ]   Purge Unlinked                     33 us
[235.523s][info][gc,stats    ]     Code Roots                       27 us
[235.523s][info][gc,stats    ]     CLDG                              5 us
[235.523s][info][gc,stats    ]     Exception Caches                  0 us
[235.523s][info][gc,stats    ] Rendezvous                           91 us
[235.523s][info][gc,stats    ] 
[235.523s][info][gc,stats    ] Allocation pacing accrued:
[235.523s][info][gc,stats    ]       0 of  6292 ms (  0.0%): <total>
[235.523s][info][gc,stats    ]       0 of  6292 ms (  0.0%): <average total>
[235.523s][info][gc,stats    ] 
[235.523s][info][gc,metaspace] Metaspace: 828K(960K)->828K(960K) NonClass: 774K(832K)->774K(832K) Class: 53K(128K)->53K(128K)
[235.523s][info][gc,ergo     ] Pacer for Idle. Initial: 163M, Alloc Tax Rate: 1.0x
[241.801s][info][gc          ] Trigger: Free (804M) is below minimum threshold (819M)
[241.801s][info][gc,ergo     ] Free: 804M, Max: 4096K regular, 804M humongous, Frag: 0% external, 0% internal; Reserve: 412M, Max: 4096K
[241.801s][info][gc,start    ] GC(40) Concurrent reset
[241.801s][info][gc,task     ] GC(40) Using 4 of 8 workers for concurrent reset
[241.801s][info][gc,ergo     ] GC(40) Pacer for Reset. Non-Taxable: 8192M
[241.802s][info][gc          ] GC(40) Concurrent reset 0.647ms
[241.802s][info][gc,start    ] GC(40) Pause Init Mark (unload classes)
[241.802s][info][gc,task     ] GC(40) Using 8 of 8 workers for init marking
[241.802s][info][gc,ergo     ] GC(40) Pacer for Mark. Expected Live: 129M, Free: 804M, Non-Taxable: 82329K, Alloc Tax Rate: 0.2x
[241.802s][info][gc          ] GC(40) Pause Init Mark (unload classes) 0.226ms
[241.802s][info][gc,start    ] GC(40) Concurrent marking (unload classes)
[241.802s][info][gc,task     ] GC(40) Using 4 of 8 workers for concurrent marking
[241.812s][info][gc          ] GC(40) Concurrent marking (unload classes) 10.104ms
[241.813s][info][gc,start    ] GC(40) Pause Final Mark (unload classes)
[241.813s][info][gc,task     ] GC(40) Using 8 of 8 workers for final marking
[241.813s][info][gc,ergo     ] GC(40) Collectable Garbage: 6436M (94%), Immediate: 6436M (94%), CSet: 0B (0%)
[241.813s][info][gc          ] GC(40) Pause Final Mark (unload classes) 0.257ms
[241.813s][info][gc,start    ] GC(40) Concurrent weak references
[241.813s][info][gc,task     ] GC(40) Using 4 of 8 workers for concurrent weak references
[241.813s][info][gc,ref      ] GC(40) Encountered references: Soft: 82, Weak: 200, Final: 0, Phantom: 5
[241.813s][info][gc,ref      ] GC(40) Discovered  references: Soft: 0, Weak: 54, Final: 0, Phantom: 2
[241.813s][info][gc,ref      ] GC(40) Enqueued    references: Soft: 0, Weak: 0, Final: 0, Phantom: 0
[241.813s][info][gc          ] GC(40) Concurrent weak references 0.081ms
[241.813s][info][gc,start    ] GC(40) Concurrent weak roots
[241.813s][info][gc,task     ] GC(40) Using 4 of 8 workers for concurrent weak root
[241.813s][info][gc          ] GC(40) Concurrent weak roots 0.150ms
[241.813s][info][gc,start    ] GC(40) Concurrent cleanup
[241.813s][info][gc          ] GC(40) Concurrent cleanup 6992M->556M(8192M) 0.287ms
[241.813s][info][gc,ergo     ] GC(40) Free: 7224M, Max: 4096K regular, 940M humongous, Frag: 87% external, 0% internal; Reserve: 412M, Max: 4096K
[241.813s][info][gc,start    ] GC(40) Concurrent class unloading
[241.813s][info][gc,task     ] GC(40) Using 4 of 8 workers for concurrent class unloading
[241.814s][info][gc          ] GC(40) Concurrent class unloading 0.355ms
[241.814s][info][gc,start    ] GC(40) Rendezvous roots
[241.814s][info][gc          ] GC(40) Rendezvous roots 0.040ms
[241.814s][info][gc,ergo     ] Free: 7224M, Max: 4096K regular, 940M humongous, Frag: 87% external, 0% internal; Reserve: 412M, Max: 4096K
[241.814s][info][gc,stats    ] 
[241.814s][info][gc,stats    ] All times are wall-clock times, except per-root-class counters, that are sum over
[241.814s][info][gc,stats    ] all workers. Dividing the <total> over the root stage time estimates parallelism.
[241.814s][info][gc,stats    ] 
[241.814s][info][gc,stats    ] Concurrent Reset                    719 us
[241.814s][info][gc,stats    ] Pause Init Mark (G)                 359 us
[241.814s][info][gc,stats    ] Pause Init Mark (N)                 248 us
[241.814s][info][gc,stats    ]   Manage TLABs                        6 us
[241.814s][info][gc,stats    ]   Update Region States               54 us
[241.814s][info][gc,stats    ]   Scan Roots                         65 us, parallelism: 2.17x
[241.814s][info][gc,stats    ]     S: <total>                      142 us
[241.814s][info][gc,stats    ]     S: Thread Roots                 142 us, workers (us):  30,  21,  22,   1,  15,  19,  14,  19, 
[241.814s][info][gc,stats    ] Concurrent Marking                10136 us
[241.814s][info][gc,stats    ]   Roots                              72 us, parallelism: 0.81x
[241.814s][info][gc,stats    ]     CM: <total>                      58 us
[241.814s][info][gc,stats    ]     CM: VM Strong Roots              11 us, workers (us):   4,   3,   3,   2, ---, ---, ---, ---, 
[241.814s][info][gc,stats    ]     CM: CLDG Roots                   47 us, workers (us):  45,   2, ---, ---, ---, ---, ---, ---, 
[241.814s][info][gc,stats    ] Pause Final Mark (G)                382 us
[241.814s][info][gc,stats    ] Pause Final Mark (N)                273 us
[241.814s][info][gc,stats    ]   Finish Queues                     120 us
[241.814s][info][gc,stats    ]   Update Region States               31 us
[241.814s][info][gc,stats    ]   Manage GC/TLABs                     3 us
[241.814s][info][gc,stats    ]   Choose Collection Set              54 us
[241.814s][info][gc,stats    ]   Rebuild Free Set                   13 us
[241.814s][info][gc,stats    ] Concurrent Weak References           93 us
[241.814s][info][gc,stats    ]   Process                            52 us
[241.814s][info][gc,stats    ] Concurrent Weak Roots               179 us
[241.814s][info][gc,stats    ]   Roots                              99 us, parallelism: 0.31x
[241.814s][info][gc,stats    ]     CWR: <total>                     31 us
[241.814s][info][gc,stats    ]     CWR: VM Weak Roots               29 us, workers (us):  24,   2,   2,   2, ---, ---, ---, ---, 
[241.814s][info][gc,stats    ]     CWR: CLDG Roots                   1 us, workers (us):   1, ---, ---, ---, ---, ---, ---, ---, 
[241.814s][info][gc,stats    ]   Rendezvous                         26 us
[241.814s][info][gc,stats    ] Concurrent Cleanup                  302 us
[241.814s][info][gc,stats    ] Concurrent Class Unloading          384 us
[241.814s][info][gc,stats    ]   Unlink Stale                      266 us
[241.814s][info][gc,stats    ]     System Dictionary                 2 us
[241.814s][info][gc,stats    ]     Weak Class Links                  0 us
[241.814s][info][gc,stats    ]     Code Roots                      262 us
[241.814s][info][gc,stats    ]   Rendezvous                         28 us
[241.814s][info][gc,stats    ]   Purge Unlinked                     34 us
[241.814s][info][gc,stats    ]     Code Roots                       27 us
[241.814s][info][gc,stats    ]     CLDG                              5 us
[241.814s][info][gc,stats    ]     Exception Caches                  0 us
[241.814s][info][gc,stats    ] Rendezvous                           56 us
[241.814s][info][gc,stats    ] 
[241.814s][info][gc,stats    ] Allocation pacing accrued:
[241.814s][info][gc,stats    ]       0 of  6292 ms (  0.0%): <total>
[241.814s][info][gc,stats    ]       0 of  6292 ms (  0.0%): <average total>
[241.814s][info][gc,stats    ] 
[241.814s][info][gc,metaspace] Metaspace: 828K(960K)->828K(960K) NonClass: 774K(832K)->774K(832K) Class: 53K(128K)->53K(128K)
[241.815s][info][gc,ergo     ] Pacer for Idle. Initial: 163M, Alloc Tax Rate: 1.0x
[248.061s][info][gc          ] Trigger: Free (808M) is below minimum threshold (819M)
[248.061s][info][gc,ergo     ] Free: 808M, Max: 4096K regular, 788M humongous, Frag: 3% external, 0% internal; Reserve: 412M, Max: 4096K
[248.061s][info][gc,start    ] GC(41) Concurrent reset
[248.061s][info][gc,task     ] GC(41) Using 4 of 8 workers for concurrent reset
[248.061s][info][gc,ergo     ] GC(41) Pacer for Reset. Non-Taxable: 8192M
[248.061s][info][gc          ] GC(41) Concurrent reset 0.585ms
[248.061s][info][gc,start    ] GC(41) Pause Init Mark (unload classes)
[248.061s][info][gc,task     ] GC(41) Using 8 of 8 workers for init marking
[248.061s][info][gc,ergo     ] GC(41) Pacer for Mark. Expected Live: 129M, Free: 808M, Non-Taxable: 82739K, Alloc Tax Rate: 0.2x
[248.062s][info][gc          ] GC(41) Pause Init Mark (unload classes) 0.189ms
[248.062s][info][gc,start    ] GC(41) Concurrent marking (unload classes)
[248.062s][info][gc,task     ] GC(41) Using 4 of 8 workers for concurrent marking
[248.072s][info][gc          ] GC(41) Concurrent marking (unload classes) 10.287ms
[248.072s][info][gc,start    ] GC(41) Pause Final Mark (unload classes)
[248.072s][info][gc,task     ] GC(41) Using 8 of 8 workers for final marking
[248.072s][info][gc,ergo     ] GC(41) Collectable Garbage: 6376M (93%), Immediate: 6376M (93%), CSet: 0B (0%)
[248.072s][info][gc          ] GC(41) Pause Final Mark (unload classes) 0.257ms
[248.072s][info][gc,start    ] GC(41) Concurrent weak references
[248.072s][info][gc,task     ] GC(41) Using 4 of 8 workers for concurrent weak references
[248.072s][info][gc,ref      ] GC(41) Encountered references: Soft: 82, Weak: 200, Final: 0, Phantom: 5
[248.072s][info][gc,ref      ] GC(41) Discovered  references: Soft: 0, Weak: 66, Final: 0, Phantom: 3
[248.072s][info][gc,ref      ] GC(41) Enqueued    references: Soft: 0, Weak: 0, Final: 0, Phantom: 0
[248.072s][info][gc          ] GC(41) Concurrent weak references 0.103ms
[248.072s][info][gc,start    ] GC(41) Concurrent weak roots
[248.072s][info][gc,task     ] GC(41) Using 4 of 8 workers for concurrent weak root
[248.073s][info][gc          ] GC(41) Concurrent weak roots 0.155ms
[248.073s][info][gc,start    ] GC(41) Concurrent cleanup
[248.073s][info][gc          ] GC(41) Concurrent cleanup 6988M->612M(8192M) 0.298ms
[248.073s][info][gc,ergo     ] GC(41) Free: 7168M, Max: 4096K regular, 1004M humongous, Frag: 86% external, 0% internal; Reserve: 412M, Max: 4096K
[248.073s][info][gc,start    ] GC(41) Concurrent class unloading
[248.073s][info][gc,task     ] GC(41) Using 4 of 8 workers for concurrent class unloading
[248.073s][info][gc          ] GC(41) Concurrent class unloading 0.362ms
[248.073s][info][gc,start    ] GC(41) Rendezvous roots
[248.073s][info][gc          ] GC(41) Rendezvous roots 0.040ms
[248.073s][info][gc,ergo     ] Free: 7168M, Max: 4096K regular, 1004M humongous, Frag: 86% external, 0% internal; Reserve: 412M, Max: 4096K
[248.073s][info][gc,stats    ] 
[248.073s][info][gc,stats    ] All times are wall-clock times, except per-root-class counters, that are sum over
[248.073s][info][gc,stats    ] all workers. Dividing the <total> over the root stage time estimates parallelism.
[248.073s][info][gc,stats    ] 
[248.073s][info][gc,stats    ] Concurrent Reset                    626 us
[248.073s][info][gc,stats    ] Pause Init Mark (G)                 258 us
[248.073s][info][gc,stats    ] Pause Init Mark (N)                 208 us
[248.073s][info][gc,stats    ]   Manage TLABs                        4 us
[248.073s][info][gc,stats    ]   Update Region States               35 us
[248.074s][info][gc,stats    ]   Scan Roots                         66 us, parallelism: 1.96x
[248.074s][info][gc,stats    ]     S: <total>                      129 us
[248.074s][info][gc,stats    ]     S: Thread Roots                 129 us, workers (us):  48,  26,  31,  23,   0,   1,   1,   0, 
[248.074s][info][gc,stats    ] Concurrent Marking                10325 us
[248.074s][info][gc,stats    ]   Roots                              76 us, parallelism: 0.59x
[248.074s][info][gc,stats    ]     CM: <total>                      44 us
[248.074s][info][gc,stats    ]     CM: VM Strong Roots               9 us, workers (us):   5,   1,   1,   2, ---, ---, ---, ---, 
[248.074s][info][gc,stats    ]     CM: CLDG Roots                   36 us, workers (us):  36, ---, ---, ---, ---, ---, ---, ---, 
[248.074s][info][gc,stats    ] Pause Final Mark (G)                360 us
[248.074s][info][gc,stats    ] Pause Final Mark (N)                274 us
[248.074s][info][gc,stats    ]   Finish Queues                     115 us
[248.074s][info][gc,stats    ]   Update Region States               36 us
[248.074s][info][gc,stats    ]   Manage GC/TLABs                     3 us
[248.074s][info][gc,stats    ]   Choose Collection Set              52 us
[248.074s][info][gc,stats    ]   Rebuild Free Set                   13 us
[248.074s][info][gc,stats    ] Concurrent Weak References          115 us
[248.074s][info][gc,stats    ]   Process                            56 us
[248.074s][info][gc,stats    ] Concurrent Weak Roots               184 us
[248.074s][info][gc,stats    ]   Roots                             103 us, parallelism: 0.35x
[248.074s][info][gc,stats    ]     CWR: <total>                     37 us
[248.074s][info][gc,stats    ]     CWR: VM Weak Roots               35 us, workers (us):  29,   2,   2,   2, ---, ---, ---, ---, 
[248.074s][info][gc,stats    ]     CWR: CLDG Roots                   2 us, workers (us):   2, ---, ---, ---, ---, ---, ---, ---, 
[248.074s][info][gc,stats    ]   Rendezvous                         27 us
[248.074s][info][gc,stats    ] Concurrent Cleanup                  314 us
[248.074s][info][gc,stats    ] Concurrent Class Unloading          391 us
[248.074s][info][gc,stats    ]   Unlink Stale                      272 us
[248.074s][info][gc,stats    ]     System Dictionary                 2 us
[248.074s][info][gc,stats    ]     Weak Class Links                  0 us
[248.074s][info][gc,stats    ]     Code Roots                      268 us
[248.074s][info][gc,stats    ]   Rendezvous                         33 us
[248.074s][info][gc,stats    ]   Purge Unlinked                     30 us
[248.074s][info][gc,stats    ]     Code Roots                       24 us
[248.074s][info][gc,stats    ]     CLDG                              4 us
[248.074s][info][gc,stats    ]     Exception Caches                  0 us
[248.074s][info][gc,stats    ] Rendezvous                           55 us
[248.074s][info][gc,stats    ] 
[248.074s][info][gc,stats    ] Allocation pacing accrued:
[248.074s][info][gc,stats    ]       0 of  6259 ms (  0.0%): <total>
[248.074s][info][gc,stats    ]       0 of  6259 ms (  0.0%): <average total>
[248.074s][info][gc,stats    ] 
[248.074s][info][gc,metaspace] Metaspace: 828K(960K)->828K(960K) NonClass: 774K(832K)->774K(832K) Class: 53K(128K)->53K(128K)
[248.074s][info][gc,ergo     ] Pacer for Idle. Initial: 163M, Alloc Tax Rate: 1.0x
[254.260s][info][gc          ] Trigger: Free (816M) is below minimum threshold (819M)
[254.260s][info][gc,ergo     ] Free: 816M, Max: 4096K regular, 812M humongous, Frag: 1% external, 0% internal; Reserve: 412M, Max: 4096K
[254.260s][info][gc,start    ] GC(42) Concurrent reset
[254.260s][info][gc,task     ] GC(42) Using 4 of 8 workers for concurrent reset
[254.260s][info][gc,ergo     ] GC(42) Pacer for Reset. Non-Taxable: 8192M
[254.261s][info][gc          ] GC(42) Concurrent reset 0.612ms
[254.261s][info][gc,start    ] GC(42) Pause Init Mark (unload classes)
[254.261s][info][gc,task     ] GC(42) Using 8 of 8 workers for init marking
[254.261s][info][gc,ergo     ] GC(42) Pacer for Mark. Expected Live: 129M, Free: 816M, Non-Taxable: 83558K, Alloc Tax Rate: 0.2x
[254.261s][info][gc          ] GC(42) Pause Init Mark (unload classes) 0.141ms
[254.261s][info][gc,start    ] GC(42) Concurrent marking (unload classes)
[254.261s][info][gc,task     ] GC(42) Using 4 of 8 workers for concurrent marking
[254.270s][info][gc          ] GC(42) Concurrent marking (unload classes) 9.692ms
[254.271s][info][gc,start    ] GC(42) Pause Final Mark (unload classes)
[254.271s][info][gc,task     ] GC(42) Using 8 of 8 workers for final marking
[254.271s][info][gc,ergo     ] GC(42) Collectable Garbage: 6368M (93%), Immediate: 6368M (93%), CSet: 0B (0%)
[254.271s][info][gc          ] GC(42) Pause Final Mark (unload classes) 0.245ms
[254.271s][info][gc,start    ] GC(42) Concurrent weak references
[254.271s][info][gc,task     ] GC(42) Using 4 of 8 workers for concurrent weak references
[254.271s][info][gc,ref      ] GC(42) Encountered references: Soft: 82, Weak: 200, Final: 0, Phantom: 5
[254.271s][info][gc,ref      ] GC(42) Discovered  references: Soft: 0, Weak: 55, Final: 0, Phantom: 5
[254.271s][info][gc,ref      ] GC(42) Enqueued    references: Soft: 0, Weak: 0, Final: 0, Phantom: 0
[254.271s][info][gc          ] GC(42) Concurrent weak references 0.106ms
[254.271s][info][gc,start    ] GC(42) Concurrent weak roots
[254.271s][info][gc,task     ] GC(42) Using 4 of 8 workers for concurrent weak root
[254.271s][info][gc          ] GC(42) Concurrent weak roots 0.134ms
[254.271s][info][gc,start    ] GC(42) Concurrent cleanup
[254.271s][info][gc          ] GC(42) Concurrent cleanup 6980M->612M(8192M) 0.283ms
[254.271s][info][gc,ergo     ] GC(42) Free: 7168M, Max: 4096K regular, 1004M humongous, Frag: 86% external, 0% internal; Reserve: 412M, Max: 4096K
[254.271s][info][gc,start    ] GC(42) Concurrent class unloading
[254.271s][info][gc,task     ] GC(42) Using 4 of 8 workers for concurrent class unloading
[254.272s][info][gc          ] GC(42) Concurrent class unloading 0.360ms
[254.272s][info][gc,start    ] GC(42) Rendezvous roots
[254.272s][info][gc          ] GC(42) Rendezvous roots 0.039ms
[254.272s][info][gc,ergo     ] Free: 7168M, Max: 4096K regular, 1004M humongous, Frag: 86% external, 0% internal; Reserve: 412M, Max: 4096K
[254.272s][info][gc,stats    ] 
[254.272s][info][gc,stats    ] All times are wall-clock times, except per-root-class counters, that are sum over
[254.272s][info][gc,stats    ] all workers. Dividing the <total> over the root stage time estimates parallelism.
[254.272s][info][gc,stats    ] 
[254.272s][info][gc,stats    ] Concurrent Reset                    658 us
[254.272s][info][gc,stats    ] Pause Init Mark (G)                 201 us
[254.272s][info][gc,stats    ] Pause Init Mark (N)                 156 us
[254.272s][info][gc,stats    ]   Manage TLABs                        5 us
[254.272s][info][gc,stats    ]   Update Region States               25 us
[254.272s][info][gc,stats    ]   Scan Roots                         44 us, parallelism: 2.36x
[254.272s][info][gc,stats    ]     S: <total>                      104 us
[254.272s][info][gc,stats    ]     S: Thread Roots                 104 us, workers (us):  14,  18,  26,  11,  14,  10,  10,   1, 
[254.272s][info][gc,stats    ] Concurrent Marking                 9732 us
[254.272s][info][gc,stats    ]   Roots                              53 us, parallelism: 0.78x
[254.272s][info][gc,stats    ]     CM: <total>                      42 us
[254.272s][info][gc,stats    ]     CM: VM Strong Roots               7 us, workers (us):   4,   1,   1,   1, ---, ---, ---, ---, 
[254.272s][info][gc,stats    ]     CM: CLDG Roots                   35 us, workers (us):  34,   1, ---, ---, ---, ---, ---, ---, 
[254.272s][info][gc,stats    ] Pause Final Mark (G)                344 us
[254.272s][info][gc,stats    ] Pause Final Mark (N)                261 us
[254.272s][info][gc,stats    ]   Finish Queues                      96 us
[254.272s][info][gc,stats    ]   Update Region States               42 us
[254.272s][info][gc,stats    ]   Manage GC/TLABs                     3 us
[254.272s][info][gc,stats    ]   Choose Collection Set              52 us
[254.272s][info][gc,stats    ]   Rebuild Free Set                   13 us
[254.272s][info][gc,stats    ] Concurrent Weak References          119 us
[254.272s][info][gc,stats    ]   Process                            59 us
[254.272s][info][gc,stats    ] Concurrent Weak Roots               150 us
[254.272s][info][gc,stats    ]   Roots                              86 us, parallelism: 0.41x
[254.272s][info][gc,stats    ]     CWR: <total>                     36 us
[254.272s][info][gc,stats    ]     CWR: VM Weak Roots               34 us, workers (us):  21,  10,   2,   2, ---, ---, ---, ---, 
[254.272s][info][gc,stats    ]     CWR: CLDG Roots                   2 us, workers (us): ---,   2, ---, ---, ---, ---, ---, ---, 
[254.272s][info][gc,stats    ]   Rendezvous                         24 us
[254.272s][info][gc,stats    ] Concurrent Cleanup                  297 us
[254.272s][info][gc,stats    ] Concurrent Class Unloading          389 us
[254.272s][info][gc,stats    ]   Unlink Stale                      276 us
[254.272s][info][gc,stats    ]     System Dictionary                 2 us
[254.272s][info][gc,stats    ]     Weak Class Links                  0 us
[254.272s][info][gc,stats    ]     Code Roots                      272 us
[254.272s][info][gc,stats    ]   Rendezvous                         30 us
[254.272s][info][gc,stats    ]   Purge Unlinked                     28 us
[254.272s][info][gc,stats    ]     Code Roots                       22 us
[254.272s][info][gc,stats    ]     CLDG                              4 us
[254.272s][info][gc,stats    ]     Exception Caches                  0 us
[254.272s][info][gc,stats    ] Rendezvous                           53 us
[254.272s][info][gc,stats    ] 
[254.272s][info][gc,stats    ] Allocation pacing accrued:
[254.272s][info][gc,stats    ]       0 of  6199 ms (  0.0%): <total>
[254.272s][info][gc,stats    ]       0 of  6199 ms (  0.0%): <average total>
[254.272s][info][gc,stats    ] 
[254.272s][info][gc,metaspace] Metaspace: 828K(960K)->828K(960K) NonClass: 774K(832K)->774K(832K) Class: 53K(128K)->53K(128K)
[254.272s][info][gc,ergo     ] Pacer for Idle. Initial: 163M, Alloc Tax Rate: 1.0x
[260.342s][info][gc          ] Cancelling GC: Stopping VM
[260.343s][info][gc,heap,exit] Heap
[260.343s][info][gc,heap,exit] Shenandoah Heap
[260.343s][info][gc,heap,exit]  8192M max, 8192M soft max, 8192M committed, 6828M used
[260.343s][info][gc,heap,exit]  2048 x 4096K regions
[260.343s][info][gc,heap,exit] Status: cancelled
[260.343s][info][gc,heap,exit] Reserved region:
[260.344s][info][gc,heap,exit]  - [0x0000000600000000, 0x0000000800000000) 
[260.344s][info][gc,heap,exit] Collection set:
[260.344s][info][gc,heap,exit]  - map (vanilla): 0x000000010efef800
[260.344s][info][gc,heap,exit]  - map (biased):  0x000000010efee000
[260.344s][info][gc,heap,exit] 
[260.344s][info][gc,heap,exit]  Metaspace       used 849K, committed 960K, reserved 1056768K
[260.344s][info][gc,heap,exit]   class space    used 56K, committed 128K, reserved 1048576K
[260.344s][info][gc,stats    ] 
[260.344s][info][gc,stats    ] GC STATISTICS:
[260.344s][info][gc,stats    ]   "(G)" (gross) pauses include VM time: time to notify and block threads, do the pre-
[260.344s][info][gc,stats    ]         and post-safepoint housekeeping. Use -Xlog:safepoint+stats to dissect.
[260.344s][info][gc,stats    ]   "(N)" (net) pauses are the times spent in the actual GC code.
[260.344s][info][gc,stats    ]   "a" is average time for each phase, look at levels to see if average makes sense.
[260.344s][info][gc,stats    ]   "lvls" are quantiles: 0% (minimum), 25%, 50% (median), 75%, 100% (maximum).
[260.344s][info][gc,stats    ] 
[260.344s][info][gc,stats    ]   All times are wall-clock times, except per-root-class counters, that are sum over
[260.344s][info][gc,stats    ]   all workers. Dividing the <total> over the root stage time estimates parallelism.
[260.344s][info][gc,stats    ] 
[260.344s][info][gc,stats    ]   Pacing delays are measured from entering the pacing code till exiting it. Therefore,
[260.344s][info][gc,stats    ]   observed pacing delays may be higher than the threshold when paced thread spent more
[260.344s][info][gc,stats    ]   time in the pacing code. It usually happens when thread is de-scheduled while paced,
[260.344s][info][gc,stats    ]   OS takes longer to unblock the thread, or JVM experiences an STW pause.
[260.344s][info][gc,stats    ] 
[260.344s][info][gc,stats    ]   Higher delay would prevent application outpacing the GC, but it will hide the GC latencies
[260.344s][info][gc,stats    ]   from the STW pause times. Pacing affects the individual threads, and so it would also be
[260.344s][info][gc,stats    ]   invisible to the usual profiling tools, but would add up to end-to-end application latency.
[260.344s][info][gc,stats    ]   Raise max pacing delay with care.
[260.344s][info][gc,stats    ] 
[260.344s][info][gc,stats    ] Concurrent Reset               =    0.023 s (a =      524 us) (n =    43) (lvls, us =      225,      344,      469,      625,     1156)
[260.344s][info][gc,stats    ] Pause Init Mark (G)            =    0.014 s (a =      327 us) (n =    43) (lvls, us =      154,      199,      301,      387,      692)
[260.344s][info][gc,stats    ] Pause Init Mark (N)            =    0.009 s (a =      202 us) (n =    43) (lvls, us =      115,      150,      188,      207,      619)
[260.344s][info][gc,stats    ]   Manage TLABs                 =    0.000 s (a =        4 us) (n =    43) (lvls, us =        3,        3,        4,        4,        6)
[260.344s][info][gc,stats    ]   Update Region States         =    0.001 s (a =       31 us) (n =    43) (lvls, us =       13,       21,       27,       39,       54)
[260.344s][info][gc,stats    ]   Scan Roots                   =    0.002 s (a =       53 us) (n =    43) (lvls, us =       29,       37,       50,       62,      203)
[260.344s][info][gc,stats    ]     S: <total>                 =    0.006 s (a =      135 us) (n =    43) (lvls, us =       73,       93,      115,      133,      929)
[260.344s][info][gc,stats    ]     S: Thread Roots            =    0.006 s (a =      135 us) (n =    43) (lvls, us =       73,       93,      115,      133,      929)
[260.344s][info][gc,stats    ] Concurrent Marking             =    0.430 s (a =    10008 us) (n =    43) (lvls, us =     8633,     9492,     9863,     9961,    13274)
[260.344s][info][gc,stats    ]   Roots                        =    0.003 s (a =       63 us) (n =    43) (lvls, us =       43,       52,       62,       69,      139)
[260.344s][info][gc,stats    ]     CM: <total>                =    0.002 s (a =       56 us) (n =    43) (lvls, us =       36,       42,       46,       58,      255)
[260.344s][info][gc,stats    ]     CM: VM Strong Roots        =    0.001 s (a =       13 us) (n =    43) (lvls, us =        6,        8,        9,       10,      138)
[260.344s][info][gc,stats    ]     CM: CLDG Roots             =    0.002 s (a =       43 us) (n =    43) (lvls, us =       29,       35,       38,       46,      117)
[260.344s][info][gc,stats    ] Pause Final Mark (G)           =    0.018 s (a =      413 us) (n =    43) (lvls, us =      242,      359,      420,      457,      602)
[260.344s][info][gc,stats    ] Pause Final Mark (N)           =    0.013 s (a =      295 us) (n =    43) (lvls, us =      189,      248,      281,      318,      530)
[260.344s][info][gc,stats    ]   Finish Queues                =    0.006 s (a =      131 us) (n =    43) (lvls, us =       74,       93,      119,      152,      233)
[260.344s][info][gc,stats    ]   Update Region States         =    0.001 s (a =       33 us) (n =    43) (lvls, us =       21,       28,       33,       36,       61)
[260.344s][info][gc,stats    ]   Manage GC/TLABs              =    0.000 s (a =        4 us) (n =    43) (lvls, us =        2,        3,        3,        3,       24)
[260.344s][info][gc,stats    ]   Choose Collection Set        =    0.002 s (a =       51 us) (n =    43) (lvls, us =       31,       44,       50,       54,      105)
[260.344s][info][gc,stats    ]   Rebuild Free Set             =    0.001 s (a =       12 us) (n =    43) (lvls, us =       10,       11,       12,       12,       17)
[260.344s][info][gc,stats    ]   Initial Evacuation           =    0.000 s (a =       83 us) (n =     1) (lvls, us =       83,       83,       83,       83,       83)
[260.344s][info][gc,stats    ]     E: <total>                 =    0.000 s (a =      142 us) (n =     1) (lvls, us =      141,      141,      141,      141,      142)
[260.344s][info][gc,stats    ]     E: Thread Roots            =    0.000 s (a =      142 us) (n =     1) (lvls, us =      141,      141,      141,      141,      142)
[260.344s][info][gc,stats    ] Concurrent Weak References     =    0.005 s (a =      115 us) (n =    43) (lvls, us =       64,       95,      111,      121,      186)
[260.344s][info][gc,stats    ]   Process                      =    0.003 s (a =       61 us) (n =    43) (lvls, us =       39,       53,       59,       66,      113)
[260.344s][info][gc,stats    ] Concurrent Weak Roots          =    0.008 s (a =      187 us) (n =    43) (lvls, us =      119,      154,      174,      207,      330)
[260.344s][info][gc,stats    ]   Roots                        =    0.004 s (a =       96 us) (n =    43) (lvls, us =       65,       81,       96,      102,      148)
[260.344s][info][gc,stats    ]     CWR: <total>               =    0.002 s (a =       39 us) (n =    43) (lvls, us =       29,       31,       35,       38,      185)
[260.344s][info][gc,stats    ]     CWR: VM Weak Roots         =    0.002 s (a =       37 us) (n =    43) (lvls, us =       27,       29,       33,       35,      183)
[260.344s][info][gc,stats    ]     CWR: CLDG Roots            =    0.000 s (a =        2 us) (n =    43) (lvls, us =        1,        2,        2,        2,        3)
[260.344s][info][gc,stats    ]   Rendezvous                   =    0.002 s (a =       41 us) (n =    43) (lvls, us =       20,       25,       28,       60,      115)
[260.344s][info][gc,stats    ] Concurrent Cleanup             =    0.014 s (a =      332 us) (n =    43) (lvls, us =      176,      289,      301,      344,      705)
[260.344s][info][gc,stats    ] Concurrent Class Unloading     =    0.016 s (a =      362 us) (n =    43) (lvls, us =      275,      322,      363,      383,      530)
[260.344s][info][gc,stats    ]   Unlink Stale                 =    0.011 s (a =      254 us) (n =    43) (lvls, us =      195,      230,      250,      266,      384)
[260.344s][info][gc,stats    ]     System Dictionary          =    0.000 s (a =        2 us) (n =    43) (lvls, us =        2,        2,        2,        2,        3)
[260.344s][info][gc,stats    ]     Weak Class Links           =    0.000 s (a =        0 us) (n =    43) (lvls, us =        0,        0,        0,        0,        0)
[260.344s][info][gc,stats    ]     Code Roots                 =    0.011 s (a =      250 us) (n =    43) (lvls, us =      193,      227,      246,      264,      379)
[260.344s][info][gc,stats    ]   Rendezvous                   =    0.001 s (a =       29 us) (n =    43) (lvls, us =       18,       22,       27,       30,       62)
[260.344s][info][gc,stats    ]   Purge Unlinked               =    0.001 s (a =       29 us) (n =    43) (lvls, us =       18,       23,       27,       31,       53)
[260.344s][info][gc,stats    ]     Code Roots                 =    0.001 s (a =       24 us) (n =    43) (lvls, us =       15,       19,       22,       26,       46)
[260.344s][info][gc,stats    ]     CLDG                       =    0.000 s (a =        4 us) (n =    43) (lvls, us =        2,        2,        4,        4,        6)
[260.344s][info][gc,stats    ]     Exception Caches           =    0.000 s (a =        0 us) (n =    43) (lvls, us =        0,        0,        0,        0,        0)
[260.344s][info][gc,stats    ] Concurrent Strong Roots        =    0.000 s (a =      201 us) (n =     1) (lvls, us =      201,      201,      201,      201,      201)
[260.344s][info][gc,stats    ]   CSR: <total>                 =    0.000 s (a =      180 us) (n =     1) (lvls, us =      180,      180,      180,      180,      180)
[260.344s][info][gc,stats    ]   CSR: VM Strong Roots         =    0.000 s (a =       33 us) (n =     1) (lvls, us =       33,       33,       33,       33,       33)
[260.344s][info][gc,stats    ]   CSR: CLDG Roots              =    0.000 s (a =      147 us) (n =     1) (lvls, us =      146,      146,      146,      146,      147)
[260.344s][info][gc,stats    ] Rendezvous                     =    0.002 s (a =       57 us) (n =    42) (lvls, us =       32,       46,       52,       63,      104)
[260.344s][info][gc,stats    ] Concurrent Evacuation          =    0.021 s (a =    21483 us) (n =     1) (lvls, us =    21289,    21289,    21289,    21289,    21483)
[260.344s][info][gc,stats    ] Pause Init  Update Refs (G)    =    0.000 s (a =       92 us) (n =     1) (lvls, us =       92,       92,       92,       92,       92)
[260.344s][info][gc,stats    ] Pause Init  Update Refs (N)    =    0.000 s (a =       39 us) (n =     1) (lvls, us =       39,       39,       39,       39,       39)
[260.344s][info][gc,stats    ]   Manage GCLABs                =    0.000 s (a =        3 us) (n =     1) (lvls, us =        3,        3,        3,        3,        3)
[260.344s][info][gc,stats    ] Concurrent Update Thread Roots =    0.000 s (a =      385 us) (n =     1) (lvls, us =      383,      383,      383,      383,      385)
[260.344s][info][gc,stats    ] Concurrent Update Refs         =    0.011 s (a =    10652 us) (n =     1) (lvls, us =    10547,    10547,    10547,    10547,    10652)
[260.344s][info][gc,stats    ] Pause Final Update Refs (G)    =    0.000 s (a =      225 us) (n =     1) (lvls, us =      225,      225,      225,      225,      225)
[260.344s][info][gc,stats    ] Pause Final Update Refs (N)    =    0.000 s (a =      115 us) (n =     1) (lvls, us =      113,      113,      113,      113,      115)
[260.344s][info][gc,stats    ]   Update Region States         =    0.000 s (a =       27 us) (n =     1) (lvls, us =       27,       27,       27,       27,       27)
[260.344s][info][gc,stats    ]   Trash Collection Set         =    0.000 s (a =        5 us) (n =     1) (lvls, us =        5,        5,        5,        5,        5)
[260.345s][info][gc,stats    ]   Rebuild Free Set             =    0.000 s (a =       13 us) (n =     1) (lvls, us =       13,       13,       13,       13,       13)
[260.345s][info][gc,stats    ] Concurrent Cleanup             =    0.000 s (a =      218 us) (n =     1) (lvls, us =      217,      217,      217,      217,      218)
[260.345s][info][gc,stats    ] 
[260.345s][info][gc,stats    ] 
[260.345s][info][gc,stats    ] Under allocation pressure, concurrent cycles may cancel, and either continue cycle
[260.345s][info][gc,stats    ] under stop-the-world pause or result in stop-the-world Full GC. Increase heap size,
[260.345s][info][gc,stats    ] tune GC heuristics, set more aggressive pacing delay, or lower allocation rate
[260.345s][info][gc,stats    ] to avoid Degenerated and Full GC cycles.
[260.345s][info][gc,stats    ] 
[260.345s][info][gc,stats    ]    43 successful concurrent GCs
[260.345s][info][gc,stats    ]       0 invoked explicitly
[260.345s][info][gc,stats    ]       0 invoked implicitly
[260.345s][info][gc,stats    ] 
[260.345s][info][gc,stats    ]     0 Degenerated GCs
[260.345s][info][gc,stats    ]       0 caused by allocation failure
[260.345s][info][gc,stats    ]       0 upgraded to Full GC
[260.345s][info][gc,stats    ] 
[260.345s][info][gc,stats    ]     0 Full GCs
[260.345s][info][gc,stats    ]       0 invoked explicitly
[260.345s][info][gc,stats    ]       0 invoked implicitly
[260.345s][info][gc,stats    ]       0 caused by allocation failure
[260.345s][info][gc,stats    ]       0 upgraded from Degenerated GC
[260.345s][info][gc,stats    ] 
[260.345s][info][gc,stats    ] 
