[2021-07-20T13:28:04.494+0000][0.004s][2294560][2294562][debug] Minimum heap 8589934592  Initial heap 8589934592  Maximum heap 8589934592
[2021-07-20T13:28:04.494+0000][0.004s][2294560][2294562][trace] 1: Minimum young 2863136768  Initial young 2863136768  Maximum young 2863136768
[2021-07-20T13:28:04.494+0000][0.004s][2294560][2294562][trace] Minimum old 524288  Initial old 5726797824  Maximum old 5726797824
[2021-07-20T13:28:04.494+0000][0.004s][2294560][2294562][info ] Using Parallel
[2021-07-20T13:28:04.494+0000][0.004s][2294560][2294562][trace] Trying to allocate at address 0x0000000600000000 heap of size 0x200000000
[2021-07-20T13:28:04.494+0000][0.004s][2294560][2294562][debug] Heap address: 0x0000000600000000, size: 8192 MB, Compressed Oops mode: Zero based, Oop shift amount: 3
[2021-07-20T13:28:04.496+0000][0.006s][2294560][2294562][debug] Running ParallelGC PreTouch head with 13 workers for 513 work units pre-touching 2148007936B.
[2021-07-20T13:28:04.588+0000][0.098s][2294560][2294562][debug] Running ParallelGC PreTouch head with 13 workers for 86 work units pre-touching 357564416B.
[2021-07-20T13:28:04.604+0000][0.114s][2294560][2294562][debug] Running ParallelGC PreTouch head with 13 workers for 86 work units pre-touching 357564416B.
[2021-07-20T13:28:04.624+0000][0.134s][2294560][2294562][debug] Running ParallelGC PreTouch head with 13 workers for 1366 work units pre-touching 5726797824B.
[2021-07-20T13:28:05.198+0000][0.708s][2294560][2294576][info ] Safepoint "ICBufferFull", Time since last: 320944157 ns, Reaching safepoint: 114018 ns, At safepoint: 1606 ns, Total: 115624 ns
[2021-07-20T13:28:05.551+0000][1.061s][2294560][2294576][info ] Safepoint "ICBufferFull", Time since last: 352774642 ns, Reaching safepoint: 128133 ns, At safepoint: 1429 ns, Total: 129562 ns
[2021-07-20T13:28:05.813+0000][1.323s][2294560][2294576][debug] GC(0) Heap before GC invocations=1 (full 0):
[2021-07-20T13:28:05.813+0000][1.323s][2294560][2294576][debug] GC(0)  PSYoungGen      total 2446848K, used 545393K [0x0000000755580000, 0x0000000800000000, 0x0000000800000000)
[2021-07-20T13:28:05.813+0000][1.323s][2294560][2294576][debug] GC(0)   eden space 2097664K, 26% used [0x0000000755580000,0x0000000776a1c518,0x00000007d5600000)
[2021-07-20T13:28:05.813+0000][1.323s][2294560][2294576][debug] GC(0)   from space 349184K, 0% used [0x00000007eab00000,0x00000007eab00000,0x0000000800000000)
[2021-07-20T13:28:05.813+0000][1.323s][2294560][2294576][debug] GC(0)   to   space 349184K, 0% used [0x00000007d5600000,0x00000007d5600000,0x00000007eab00000)
[2021-07-20T13:28:05.813+0000][1.323s][2294560][2294576][debug] GC(0)  ParOldGen       total 5592576K, used 0K [0x0000000600000000, 0x0000000755580000, 0x0000000755580000)
[2021-07-20T13:28:05.813+0000][1.323s][2294560][2294576][debug] GC(0)   object space 5592576K, 0% used [0x0000000600000000,0x0000000600000000,0x0000000755580000)
[2021-07-20T13:28:05.813+0000][1.323s][2294560][2294576][debug] GC(0)  Metaspace       used 20949K, committed 21248K, reserved 1073152K
[2021-07-20T13:28:05.813+0000][1.323s][2294560][2294576][debug] GC(0)   class space    used 2282K, committed 2432K, reserved 1048576K
[2021-07-20T13:28:05.817+0000][1.327s][2294560][2294576][debug] GC(0) Desired survivor size 357564416 bytes, new threshold 7 (max threshold 15)
[2021-07-20T13:28:05.817+0000][1.327s][2294560][2294576][info ] GC(0) PSYoungGen: 545393K(2446848K)->9973K(2446848K) Eden: 545393K(2097664K)->0K(2097664K) From: 0K(349184K)->9973K(349184K)
[2021-07-20T13:28:05.817+0000][1.327s][2294560][2294576][info ] GC(0) ParOldGen: 0K(5592576K)->96K(5592576K)
[2021-07-20T13:28:05.817+0000][1.327s][2294560][2294576][info ] GC(0) Pause Young (Metadata GC Threshold) 532M->9M(7851M) 4.236ms
[2021-07-20T13:28:05.817+0000][1.327s][2294560][2294576][debug] GC(0) Heap after GC invocations=1 (full 0):
[2021-07-20T13:28:05.817+0000][1.327s][2294560][2294576][debug] GC(0)  PSYoungGen      total 2446848K, used 9973K [0x0000000755580000, 0x0000000800000000, 0x0000000800000000)
[2021-07-20T13:28:05.817+0000][1.327s][2294560][2294576][debug] GC(0)   eden space 2097664K, 0% used [0x0000000755580000,0x0000000755580000,0x00000007d5600000)
[2021-07-20T13:28:05.817+0000][1.327s][2294560][2294576][debug] GC(0)   from space 349184K, 2% used [0x00000007d5600000,0x00000007d5fbd6e8,0x00000007eab00000)
[2021-07-20T13:28:05.817+0000][1.327s][2294560][2294576][debug] GC(0)   to   space 349184K, 0% used [0x00000007eab00000,0x00000007eab00000,0x0000000800000000)
[2021-07-20T13:28:05.817+0000][1.327s][2294560][2294576][debug] GC(0)  ParOldGen       total 5592576K, used 96K [0x0000000600000000, 0x0000000755580000, 0x0000000755580000)
[2021-07-20T13:28:05.817+0000][1.327s][2294560][2294576][debug] GC(0)   object space 5592576K, 0% used [0x0000000600000000,0x0000000600018010,0x0000000755580000)
[2021-07-20T13:28:05.817+0000][1.327s][2294560][2294576][debug] GC(0)  Metaspace       used 20949K, committed 21248K, reserved 1073152K
[2021-07-20T13:28:05.817+0000][1.327s][2294560][2294576][debug] GC(0)   class space    used 2282K, committed 2432K, reserved 1048576K
[2021-07-20T13:28:05.817+0000][1.327s][2294560][2294576][debug] GC(1) Heap before GC invocations=2 (full 1):
[2021-07-20T13:28:05.817+0000][1.327s][2294560][2294576][debug] GC(1)  PSYoungGen      total 2446848K, used 9973K [0x0000000755580000, 0x0000000800000000, 0x0000000800000000)
[2021-07-20T13:28:05.817+0000][1.327s][2294560][2294576][debug] GC(1)   eden space 2097664K, 0% used [0x0000000755580000,0x0000000755580000,0x00000007d5600000)
[2021-07-20T13:28:05.817+0000][1.327s][2294560][2294576][debug] GC(1)   from space 349184K, 2% used [0x00000007d5600000,0x00000007d5fbd6e8,0x00000007eab00000)
[2021-07-20T13:28:05.817+0000][1.327s][2294560][2294576][debug] GC(1)   to   space 349184K, 0% used [0x00000007eab00000,0x00000007eab00000,0x0000000800000000)
[2021-07-20T13:28:05.817+0000][1.327s][2294560][2294576][debug] GC(1)  ParOldGen       total 5592576K, used 96K [0x0000000600000000, 0x0000000755580000, 0x0000000755580000)
[2021-07-20T13:28:05.817+0000][1.327s][2294560][2294576][debug] GC(1)   object space 5592576K, 0% used [0x0000000600000000,0x0000000600018010,0x0000000755580000)
[2021-07-20T13:28:05.817+0000][1.327s][2294560][2294576][debug] GC(1)  Metaspace       used 20949K, committed 21248K, reserved 1073152K
[2021-07-20T13:28:05.817+0000][1.327s][2294560][2294576][debug] GC(1)   class space    used 2282K, committed 2432K, reserved 1048576K
[2021-07-20T13:28:05.834+0000][1.344s][2294560][2294576][info ] GC(1) PSYoungGen: 9973K(2446848K)->0K(2446848K) Eden: 0K(2097664K)->0K(2097664K) From: 9973K(349184K)->0K(349184K)
[2021-07-20T13:28:05.834+0000][1.344s][2294560][2294576][info ] GC(1) ParOldGen: 96K(5592576K)->9771K(5592576K)
[2021-07-20T13:28:05.834+0000][1.344s][2294560][2294576][info ] GC(1) Pause Full (Metadata GC Threshold) 9M->9M(7851M) 16.623ms
[2021-07-20T13:28:05.834+0000][1.344s][2294560][2294576][debug] GC(1) Heap after GC invocations=2 (full 1):
[2021-07-20T13:28:05.834+0000][1.344s][2294560][2294576][debug] GC(1)  PSYoungGen      total 2446848K, used 0K [0x0000000755580000, 0x0000000800000000, 0x0000000800000000)
[2021-07-20T13:28:05.834+0000][1.344s][2294560][2294576][debug] GC(1)   eden space 2097664K, 0% used [0x0000000755580000,0x0000000755580000,0x00000007d5600000)
[2021-07-20T13:28:05.834+0000][1.344s][2294560][2294576][debug] GC(1)   from space 349184K, 0% used [0x00000007d5600000,0x00000007d5600000,0x00000007eab00000)
[2021-07-20T13:28:05.834+0000][1.344s][2294560][2294576][debug] GC(1)   to   space 349184K, 0% used [0x00000007eab00000,0x00000007eab00000,0x0000000800000000)
[2021-07-20T13:28:05.834+0000][1.344s][2294560][2294576][debug] GC(1)  ParOldGen       total 5592576K, used 9771K [0x0000000600000000, 0x0000000755580000, 0x0000000755580000)
[2021-07-20T13:28:05.834+0000][1.344s][2294560][2294576][debug] GC(1)   object space 5592576K, 0% used [0x0000000600000000,0x000000060098ad78,0x0000000755580000)
[2021-07-20T13:28:05.834+0000][1.344s][2294560][2294576][debug] GC(1)  Metaspace       used 20949K, committed 21248K, reserved 1073152K
[2021-07-20T13:28:05.834+0000][1.344s][2294560][2294576][debug] GC(1)   class space    used 2282K, committed 2432K, reserved 1048576K
[2021-07-20T13:28:05.834+0000][1.344s][2294560][2294576][info ] Safepoint "CollectForMetadataAllocation", Time since last: 262035484 ns, Reaching safepoint: 179044 ns, At safepoint: 21253374 ns, Total: 21432418 ns
[2021-07-20T13:28:06.113+0000][1.623s][2294560][2294576][info ] Safepoint "ICBufferFull", Time since last: 278803686 ns, Reaching safepoint: 113866 ns, At safepoint: 2730 ns, Total: 116596 ns
[2021-07-20T13:28:06.147+0000][1.657s][2294560][2294576][info ] Safepoint "ICBufferFull", Time since last: 34248683 ns, Reaching safepoint: 35038 ns, At safepoint: 1921 ns, Total: 36959 ns
[2021-07-20T13:28:06.538+0000][2.048s][2294560][2294576][info ] Safepoint "ICBufferFull", Time since last: 390291308 ns, Reaching safepoint: 137385 ns, At safepoint: 1859 ns, Total: 139244 ns
[2021-07-20T13:28:06.849+0000][2.359s][2294560][2294576][info ] Safepoint "ICBufferFull", Time since last: 311238997 ns, Reaching safepoint: 79249 ns, At safepoint: 1900 ns, Total: 81149 ns
[2021-07-20T13:28:06.902+0000][2.412s][2294560][2294576][info ] Safepoint "ICBufferFull", Time since last: 52737448 ns, Reaching safepoint: 70008 ns, At safepoint: 2279 ns, Total: 72287 ns
[2021-07-20T13:28:07.124+0000][2.634s][2294560][2294576][info ] Safepoint "ICBufferFull", Time since last: 221741733 ns, Reaching safepoint: 67602 ns, At safepoint: 4321 ns, Total: 71923 ns
[2021-07-20T13:28:07.196+0000][2.706s][2294560][2294576][debug] GC(2) Heap before GC invocations=3 (full 1):
[2021-07-20T13:28:07.196+0000][2.706s][2294560][2294576][debug] GC(2)  PSYoungGen      total 2446848K, used 661319K [0x0000000755580000, 0x0000000800000000, 0x0000000800000000)
[2021-07-20T13:28:07.196+0000][2.706s][2294560][2294576][debug] GC(2)   eden space 2097664K, 31% used [0x0000000755580000,0x000000077db51e50,0x00000007d5600000)
[2021-07-20T13:28:07.196+0000][2.706s][2294560][2294576][debug] GC(2)   from space 349184K, 0% used [0x00000007d5600000,0x00000007d5600000,0x00000007eab00000)
[2021-07-20T13:28:07.196+0000][2.706s][2294560][2294576][debug] GC(2)   to   space 349184K, 0% used [0x00000007eab00000,0x00000007eab00000,0x0000000800000000)
[2021-07-20T13:28:07.196+0000][2.706s][2294560][2294576][debug] GC(2)  ParOldGen       total 5592576K, used 9771K [0x0000000600000000, 0x0000000755580000, 0x0000000755580000)
[2021-07-20T13:28:07.196+0000][2.706s][2294560][2294576][debug] GC(2)   object space 5592576K, 0% used [0x0000000600000000,0x000000060098ad78,0x0000000755580000)
[2021-07-20T13:28:07.196+0000][2.706s][2294560][2294576][debug] GC(2)  Metaspace       used 35177K, committed 35456K, reserved 1081344K
[2021-07-20T13:28:07.196+0000][2.706s][2294560][2294576][debug] GC(2)   class space    used 4567K, committed 4736K, reserved 1048576K
[2021-07-20T13:28:07.199+0000][2.709s][2294560][2294576][debug] GC(2) Desired survivor size 357564416 bytes, new threshold 7 (max threshold 15)
[2021-07-20T13:28:07.199+0000][2.709s][2294560][2294576][info ] GC(2) PSYoungGen: 661319K(2446848K)->13184K(2446848K) Eden: 661319K(2097664K)->0K(2097664K) From: 0K(349184K)->13184K(349184K)
[2021-07-20T13:28:07.199+0000][2.709s][2294560][2294576][info ] GC(2) ParOldGen: 9771K(5592576K)->9779K(5592576K)
[2021-07-20T13:28:07.199+0000][2.709s][2294560][2294576][info ] GC(2) Pause Young (Metadata GC Threshold) 655M->22M(7851M) 3.527ms
[2021-07-20T13:28:07.199+0000][2.709s][2294560][2294576][debug] GC(2) Heap after GC invocations=3 (full 1):
[2021-07-20T13:28:07.199+0000][2.709s][2294560][2294576][debug] GC(2)  PSYoungGen      total 2446848K, used 13184K [0x0000000755580000, 0x0000000800000000, 0x0000000800000000)
[2021-07-20T13:28:07.199+0000][2.709s][2294560][2294576][debug] GC(2)   eden space 2097664K, 0% used [0x0000000755580000,0x0000000755580000,0x00000007d5600000)
[2021-07-20T13:28:07.199+0000][2.709s][2294560][2294576][debug] GC(2)   from space 349184K, 3% used [0x00000007eab00000,0x00000007eb7e00a0,0x0000000800000000)
[2021-07-20T13:28:07.199+0000][2.709s][2294560][2294576][debug] GC(2)   to   space 349184K, 0% used [0x00000007d5600000,0x00000007d5600000,0x00000007eab00000)
[2021-07-20T13:28:07.199+0000][2.709s][2294560][2294576][debug] GC(2)  ParOldGen       total 5592576K, used 9779K [0x0000000600000000, 0x0000000755580000, 0x0000000755580000)
[2021-07-20T13:28:07.199+0000][2.709s][2294560][2294576][debug] GC(2)   object space 5592576K, 0% used [0x0000000600000000,0x000000060098cd78,0x0000000755580000)
[2021-07-20T13:28:07.199+0000][2.709s][2294560][2294576][debug] GC(2)  Metaspace       used 35177K, committed 35456K, reserved 1081344K
[2021-07-20T13:28:07.199+0000][2.709s][2294560][2294576][debug] GC(2)   class space    used 4567K, committed 4736K, reserved 1048576K
[2021-07-20T13:28:07.199+0000][2.709s][2294560][2294576][debug] GC(3) Heap before GC invocations=4 (full 2):
[2021-07-20T13:28:07.199+0000][2.709s][2294560][2294576][debug] GC(3)  PSYoungGen      total 2446848K, used 13184K [0x0000000755580000, 0x0000000800000000, 0x0000000800000000)
[2021-07-20T13:28:07.199+0000][2.709s][2294560][2294576][debug] GC(3)   eden space 2097664K, 0% used [0x0000000755580000,0x0000000755580000,0x00000007d5600000)
[2021-07-20T13:28:07.199+0000][2.709s][2294560][2294576][debug] GC(3)   from space 349184K, 3% used [0x00000007eab00000,0x00000007eb7e00a0,0x0000000800000000)
[2021-07-20T13:28:07.199+0000][2.709s][2294560][2294576][debug] GC(3)   to   space 349184K, 0% used [0x00000007d5600000,0x00000007d5600000,0x00000007eab00000)
[2021-07-20T13:28:07.199+0000][2.709s][2294560][2294576][debug] GC(3)  ParOldGen       total 5592576K, used 9779K [0x0000000600000000, 0x0000000755580000, 0x0000000755580000)
[2021-07-20T13:28:07.199+0000][2.709s][2294560][2294576][debug] GC(3)   object space 5592576K, 0% used [0x0000000600000000,0x000000060098cd78,0x0000000755580000)
[2021-07-20T13:28:07.199+0000][2.709s][2294560][2294576][debug] GC(3)  Metaspace       used 35177K, committed 35456K, reserved 1081344K
[2021-07-20T13:28:07.199+0000][2.709s][2294560][2294576][debug] GC(3)   class space    used 4567K, committed 4736K, reserved 1048576K
[2021-07-20T13:28:07.226+0000][2.736s][2294560][2294576][info ] GC(3) PSYoungGen: 13184K(2446848K)->0K(2446848K) Eden: 0K(2097664K)->0K(2097664K) From: 13184K(349184K)->0K(349184K)
[2021-07-20T13:28:07.226+0000][2.736s][2294560][2294576][info ] GC(3) ParOldGen: 9779K(5592576K)->22188K(5592576K)
[2021-07-20T13:28:07.226+0000][2.736s][2294560][2294576][info ] GC(3) Pause Full (Metadata GC Threshold) 22M->21M(7851M) 26.885ms
[2021-07-20T13:28:07.226+0000][2.736s][2294560][2294576][debug] GC(3) Heap after GC invocations=4 (full 2):
[2021-07-20T13:28:07.226+0000][2.736s][2294560][2294576][debug] GC(3)  PSYoungGen      total 2446848K, used 0K [0x0000000755580000, 0x0000000800000000, 0x0000000800000000)
[2021-07-20T13:28:07.226+0000][2.736s][2294560][2294576][debug] GC(3)   eden space 2097664K, 0% used [0x0000000755580000,0x0000000755580000,0x00000007d5600000)
[2021-07-20T13:28:07.226+0000][2.736s][2294560][2294576][debug] GC(3)   from space 349184K, 0% used [0x00000007eab00000,0x00000007eab00000,0x0000000800000000)
[2021-07-20T13:28:07.226+0000][2.736s][2294560][2294576][debug] GC(3)   to   space 349184K, 0% used [0x00000007d5600000,0x00000007d5600000,0x00000007eab00000)
[2021-07-20T13:28:07.226+0000][2.736s][2294560][2294576][debug] GC(3)  ParOldGen       total 5592576K, used 22188K [0x0000000600000000, 0x0000000755580000, 0x0000000755580000)
[2021-07-20T13:28:07.226+0000][2.736s][2294560][2294576][debug] GC(3)   object space 5592576K, 0% used [0x0000000600000000,0x00000006015ab338,0x0000000755580000)
[2021-07-20T13:28:07.226+0000][2.736s][2294560][2294576][debug] GC(3)  Metaspace       used 35177K, committed 35456K, reserved 1081344K
[2021-07-20T13:28:07.226+0000][2.736s][2294560][2294576][debug] GC(3)   class space    used 4567K, committed 4736K, reserved 1048576K
[2021-07-20T13:28:07.226+0000][2.736s][2294560][2294576][info ] Safepoint "CollectForMetadataAllocation", Time since last: 71715705 ns, Reaching safepoint: 49639 ns, At safepoint: 30799702 ns, Total: 30849341 ns
[2021-07-20T13:28:07.264+0000][2.774s][2294560][2294576][info ] Safepoint "ICBufferFull", Time since last: 37355506 ns, Reaching safepoint: 119263 ns, At safepoint: 8175 ns, Total: 127438 ns
[2021-07-20T13:28:07.326+0000][2.836s][2294560][2294576][info ] Safepoint "ICBufferFull", Time since last: 62343528 ns, Reaching safepoint: 160896 ns, At safepoint: 10954 ns, Total: 171850 ns
[2021-07-20T13:28:07.373+0000][2.883s][2294560][2294576][info ] Safepoint "ICBufferFull", Time since last: 46854663 ns, Reaching safepoint: 89119 ns, At safepoint: 4812 ns, Total: 93931 ns
[2021-07-20T13:28:07.428+0000][2.938s][2294560][2294576][info ] Safepoint "ICBufferFull", Time since last: 54949209 ns, Reaching safepoint: 107052 ns, At safepoint: 3358 ns, Total: 110410 ns
[2021-07-20T13:28:07.442+0000][2.952s][2294560][2294576][info ] Safepoint "ICBufferFull", Time since last: 14031000 ns, Reaching safepoint: 54283 ns, At safepoint: 1962 ns, Total: 56245 ns
[2021-07-20T13:28:07.512+0000][3.022s][2294560][2294576][info ] Safepoint "ICBufferFull", Time since last: 69416401 ns, Reaching safepoint: 120545 ns, At safepoint: 2500 ns, Total: 123045 ns
[2021-07-20T13:28:07.560+0000][3.070s][2294560][2294576][info ] Safepoint "ICBufferFull", Time since last: 47607608 ns, Reaching safepoint: 51867 ns, At safepoint: 3380 ns, Total: 55247 ns
[2021-07-20T13:28:07.586+0000][3.096s][2294560][2294576][info ] Safepoint "ICBufferFull", Time since last: 26271669 ns, Reaching safepoint: 199586 ns, At safepoint: 8070 ns, Total: 207656 ns
[2021-07-20T13:28:07.766+0000][3.275s][2294560][2294576][info ] Safepoint "ICBufferFull", Time since last: 179220498 ns, Reaching safepoint: 109362 ns, At safepoint: 3795 ns, Total: 113157 ns
[2021-07-20T13:28:07.792+0000][3.302s][2294560][2294576][info ] Safepoint "ICBufferFull", Time since last: 26281142 ns, Reaching safepoint: 62739 ns, At safepoint: 9109 ns, Total: 71848 ns
[2021-07-20T13:28:08.798+0000][4.308s][2294560][2294576][info ] Safepoint "ICBufferFull", Time since last: 1005681889 ns, Reaching safepoint: 198190 ns, At safepoint: 5554 ns, Total: 203744 ns
[2021-07-20T13:28:09.798+0000][5.308s][2294560][2294576][info ] Safepoint "Cleanup", Time since last: 1000147033 ns, Reaching safepoint: 96917 ns, At safepoint: 18683 ns, Total: 115600 ns
[2021-07-20T13:28:16.799+0000][12.309s][2294560][2294576][info ] Safepoint "Cleanup", Time since last: 7000692756 ns, Reaching safepoint: 118330 ns, At safepoint: 5295 ns, Total: 123625 ns
[2021-07-20T13:28:17.799+0000][13.309s][2294560][2294576][info ] Safepoint "Cleanup", Time since last: 1000146713 ns, Reaching safepoint: 206693 ns, At safepoint: 5183 ns, Total: 211876 ns
[2021-07-20T13:28:24.800+0000][20.310s][2294560][2294576][info ] Safepoint "Cleanup", Time since last: 7000683209 ns, Reaching safepoint: 103486 ns, At safepoint: 4861 ns, Total: 108347 ns
[2021-07-20T13:28:28.801+0000][24.311s][2294560][2294576][info ] Safepoint "Cleanup", Time since last: 4000442915 ns, Reaching safepoint: 108430 ns, At safepoint: 4938 ns, Total: 113368 ns
[2021-07-20T13:28:37.802+0000][33.312s][2294560][2294576][info ] Safepoint "Cleanup", Time since last: 9000895292 ns, Reaching safepoint: 221936 ns, At safepoint: 5865 ns, Total: 227801 ns
[2021-07-20T13:28:37.870+0000][33.380s][2294560][2294576][info ] Safepoint "ICBufferFull", Time since last: 68466572 ns, Reaching safepoint: 182906 ns, At safepoint: 7794 ns, Total: 190700 ns
[2021-07-20T13:28:37.909+0000][33.419s][2294560][2294576][info ] Safepoint "ICBufferFull", Time since last: 38779100 ns, Reaching safepoint: 112475 ns, At safepoint: 3295 ns, Total: 115770 ns
[2021-07-20T13:28:37.929+0000][33.439s][2294560][2294576][info ] Safepoint "ICBufferFull", Time since last: 19750762 ns, Reaching safepoint: 151698 ns, At safepoint: 6444 ns, Total: 158142 ns
[2021-07-20T13:28:37.950+0000][33.460s][2294560][2294576][info ] Safepoint "ICBufferFull", Time since last: 21011009 ns, Reaching safepoint: 71002 ns, At safepoint: 4130 ns, Total: 75132 ns
[2021-07-20T13:28:37.972+0000][33.482s][2294560][2294576][info ] Safepoint "ICBufferFull", Time since last: 21325229 ns, Reaching safepoint: 64475 ns, At safepoint: 2786 ns, Total: 67261 ns
[2021-07-20T13:28:37.993+0000][33.503s][2294560][2294576][info ] Safepoint "ICBufferFull", Time since last: 21632755 ns, Reaching safepoint: 64380 ns, At safepoint: 4687 ns, Total: 69067 ns
[2021-07-20T13:28:38.032+0000][33.542s][2294560][2294576][info ] Safepoint "ICBufferFull", Time since last: 38203558 ns, Reaching safepoint: 85933 ns, At safepoint: 5528 ns, Total: 91461 ns
[2021-07-20T13:28:38.062+0000][33.572s][2294560][2294576][info ] Safepoint "ICBufferFull", Time since last: 30128014 ns, Reaching safepoint: 62645 ns, At safepoint: 3166 ns, Total: 65811 ns
[2021-07-20T13:28:38.090+0000][33.600s][2294560][2294576][info ] Safepoint "ICBufferFull", Time since last: 28132369 ns, Reaching safepoint: 78197 ns, At safepoint: 4498 ns, Total: 82695 ns
[2021-07-20T13:28:38.124+0000][33.634s][2294560][2294576][info ] Safepoint "ICBufferFull", Time since last: 34340927 ns, Reaching safepoint: 72719 ns, At safepoint: 7121 ns, Total: 79840 ns
[2021-07-20T13:28:38.146+0000][33.656s][2294560][2294576][info ] Safepoint "ICBufferFull", Time since last: 21942807 ns, Reaching safepoint: 94682 ns, At safepoint: 5558 ns, Total: 100240 ns
[2021-07-20T13:28:38.170+0000][33.680s][2294560][2294576][info ] Safepoint "ICBufferFull", Time since last: 23779843 ns, Reaching safepoint: 69711 ns, At safepoint: 6405 ns, Total: 76116 ns
[2021-07-20T13:28:38.190+0000][33.700s][2294560][2294576][info ] Safepoint "ICBufferFull", Time since last: 19368805 ns, Reaching safepoint: 203351 ns, At safepoint: 13845 ns, Total: 217196 ns
[2021-07-20T13:28:38.234+0000][33.744s][2294560][2294576][info ] Safepoint "ICBufferFull", Time since last: 43757271 ns, Reaching safepoint: 692330 ns, At safepoint: 10967 ns, Total: 703297 ns
[2021-07-20T13:28:39.240+0000][34.750s][2294560][2294576][info ] Safepoint "Cleanup", Time since last: 1005219222 ns, Reaching safepoint: 153565 ns, At safepoint: 4560 ns, Total: 158125 ns
[2021-07-20T13:28:40.433+0000][35.943s][2294560][2294576][info ] Safepoint "Cleanup", Time since last: 1193592327 ns, Reaching safepoint: 61651 ns, At safepoint: 16506 ns, Total: 78157 ns
[2021-07-20T13:28:40.613+0000][36.123s][2294560][2294576][info ] Safepoint "ICBufferFull", Time since last: 179911236 ns, Reaching safepoint: 160277 ns, At safepoint: 5022 ns, Total: 165299 ns
[2021-07-20T13:28:40.723+0000][36.233s][2294560][2294576][info ] Safepoint "ICBufferFull", Time since last: 109088442 ns, Reaching safepoint: 218170 ns, At safepoint: 13847 ns, Total: 232017 ns
[2021-07-20T13:28:41.805+0000][37.315s][2294560][2294576][info ] Safepoint "Cleanup", Time since last: 1081513182 ns, Reaching safepoint: 289173 ns, At safepoint: 3958 ns, Total: 293131 ns
[2021-07-20T13:28:43.805+0000][39.315s][2294560][2294576][info ] Safepoint "Cleanup", Time since last: 2000251224 ns, Reaching safepoint: 137460 ns, At safepoint: 4321 ns, Total: 141781 ns
[2021-07-20T13:28:44.231+0000][39.741s][2294560][2294576][info ] Safepoint "ICBufferFull", Time since last: 414245526 ns, Reaching safepoint: 11401291 ns, At safepoint: 13021 ns, Total: 11414312 ns
[2021-07-20T13:28:44.231+0000][39.741s][2294560][2294576][info ] Safepoint "ICBufferFull", Time since last: 128781 ns, Reaching safepoint: 55695 ns, At safepoint: 63761 ns, Total: 119456 ns
[2021-07-20T13:28:44.231+0000][39.741s][2294560][2294576][info ] Safepoint "ICBufferFull", Time since last: 70395 ns, Reaching safepoint: 170179 ns, At safepoint: 107980 ns, Total: 278159 ns
[2021-07-20T13:28:44.232+0000][39.742s][2294560][2294576][info ] Safepoint "ICBufferFull", Time since last: 91773 ns, Reaching safepoint: 358021 ns, At safepoint: 89482 ns, Total: 447503 ns
[2021-07-20T13:28:44.232+0000][39.742s][2294560][2294576][info ] Safepoint "ICBufferFull", Time since last: 75830 ns, Reaching safepoint: 99353 ns, At safepoint: 118019 ns, Total: 217372 ns
[2021-07-20T13:28:44.267+0000][39.777s][2294560][2294576][info ] Safepoint "ICBufferFull", Time since last: 1165401 ns, Reaching safepoint: 33965350 ns, At safepoint: 55123 ns, Total: 34020473 ns
[2021-07-20T13:28:44.366+0000][39.876s][2294560][2294576][info ] Safepoint "ICBufferFull", Time since last: 596163 ns, Reaching safepoint: 98498291 ns, At safepoint: 84338 ns, Total: 98582629 ns
[2021-07-20T13:28:44.367+0000][39.877s][2294560][2294576][info ] Safepoint "ICBufferFull", Time since last: 133061 ns, Reaching safepoint: 358436 ns, At safepoint: 137620 ns, Total: 496056 ns
[2021-07-20T13:28:44.368+0000][39.878s][2294560][2294576][info ] Safepoint "ICBufferFull", Time since last: 272617 ns, Reaching safepoint: 170753 ns, At safepoint: 70149 ns, Total: 240902 ns
[2021-07-20T13:28:44.368+0000][39.878s][2294560][2294576][info ] Safepoint "ICBufferFull", Time since last: 65982 ns, Reaching safepoint: 171094 ns, At safepoint: 132735 ns, Total: 303829 ns
[2021-07-20T13:28:44.369+0000][39.879s][2294560][2294576][info ] Safepoint "ICBufferFull", Time since last: 403991 ns, Reaching safepoint: 93079 ns, At safepoint: 95326 ns, Total: 188405 ns
[2021-07-20T13:28:44.370+0000][39.880s][2294560][2294576][info ] Safepoint "ICBufferFull", Time since last: 311699 ns, Reaching safepoint: 575533 ns, At safepoint: 148369 ns, Total: 723902 ns
[2021-07-20T13:28:44.370+0000][39.880s][2294560][2294576][info ] Safepoint "ICBufferFull", Time since last: 242639 ns, Reaching safepoint: 109845 ns, At safepoint: 87935 ns, Total: 197780 ns
[2021-07-20T13:28:44.371+0000][39.881s][2294560][2294576][info ] Safepoint "ICBufferFull", Time since last: 400002 ns, Reaching safepoint: 159210 ns, At safepoint: 139357 ns, Total: 298567 ns
[2021-07-20T13:28:44.372+0000][39.882s][2294560][2294576][info ] Safepoint "ICBufferFull", Time since last: 815880 ns, Reaching safepoint: 143179 ns, At safepoint: 84322 ns, Total: 227501 ns
[2021-07-20T13:28:44.372+0000][39.882s][2294560][2294576][info ] Safepoint "ICBufferFull", Time since last: 128620 ns, Reaching safepoint: 110042 ns, At safepoint: 117665 ns, Total: 227707 ns
[2021-07-20T13:28:44.372+0000][39.882s][2294560][2294576][info ] Safepoint "ICBufferFull", Time since last: 67412 ns, Reaching safepoint: 131133 ns, At safepoint: 127764 ns, Total: 258897 ns
[2021-07-20T13:28:44.373+0000][39.883s][2294560][2294576][info ] Safepoint "ICBufferFull", Time since last: 86112 ns, Reaching safepoint: 157150 ns, At safepoint: 109383 ns, Total: 266533 ns
[2021-07-20T13:28:44.374+0000][39.883s][2294560][2294576][info ] Safepoint "ICBufferFull", Time since last: 455957 ns, Reaching safepoint: 103553 ns, At safepoint: 115292 ns, Total: 218845 ns
[2021-07-20T13:28:44.375+0000][39.885s][2294560][2294576][info ] Safepoint "ICBufferFull", Time since last: 926129 ns, Reaching safepoint: 246530 ns, At safepoint: 89372 ns, Total: 335902 ns
[2021-07-20T13:28:44.375+0000][39.885s][2294560][2294576][info ] Safepoint "ICBufferFull", Time since last: 439849 ns, Reaching safepoint: 142513 ns, At safepoint: 87893 ns, Total: 230406 ns
[2021-07-20T13:28:44.377+0000][39.887s][2294560][2294576][info ] Safepoint "ICBufferFull", Time since last: 868345 ns, Reaching safepoint: 182949 ns, At safepoint: 82440 ns, Total: 265389 ns
[2021-07-20T13:28:44.377+0000][39.887s][2294560][2294576][info ] Safepoint "ICBufferFull", Time since last: 130260 ns, Reaching safepoint: 117347 ns, At safepoint: 97647 ns, Total: 214994 ns
[2021-07-20T13:28:44.378+0000][39.888s][2294560][2294576][info ] Safepoint "ICBufferFull", Time since last: 667054 ns, Reaching safepoint: 422042 ns, At safepoint: 94314 ns, Total: 516356 ns
[2021-07-20T13:28:44.380+0000][39.890s][2294560][2294576][info ] Safepoint "ICBufferFull", Time since last: 1463496 ns, Reaching safepoint: 117628 ns, At safepoint: 88101 ns, Total: 205729 ns
[2021-07-20T13:28:44.381+0000][39.891s][2294560][2294576][info ] Safepoint "ICBufferFull", Time since last: 702296 ns, Reaching safepoint: 178924 ns, At safepoint: 112325 ns, Total: 291249 ns
[2021-07-20T13:28:44.381+0000][39.891s][2294560][2294576][info ] Safepoint "ICBufferFull", Time since last: 78013 ns, Reaching safepoint: 175033 ns, At safepoint: 89068 ns, Total: 264101 ns
[2021-07-20T13:28:44.381+0000][39.891s][2294560][2294576][info ] Safepoint "ICBufferFull", Time since last: 57178 ns, Reaching safepoint: 115429 ns, At safepoint: 107289 ns, Total: 222718 ns
[2021-07-20T13:28:44.382+0000][39.892s][2294560][2294576][info ] Safepoint "ICBufferFull", Time since last: 86838 ns, Reaching safepoint: 110870 ns, At safepoint: 95937 ns, Total: 206807 ns
[2021-07-20T13:28:44.382+0000][39.892s][2294560][2294576][info ] Safepoint "ICBufferFull", Time since last: 338663 ns, Reaching safepoint: 178195 ns, At safepoint: 93515 ns, Total: 271710 ns
[2021-07-20T13:28:44.383+0000][39.893s][2294560][2294576][info ] Safepoint "ICBufferFull", Time since last: 231354 ns, Reaching safepoint: 105910 ns, At safepoint: 79977 ns, Total: 185887 ns
[2021-07-20T13:28:44.384+0000][39.894s][2294560][2294576][info ] Safepoint "ICBufferFull", Time since last: 846734 ns, Reaching safepoint: 176102 ns, At safepoint: 91329 ns, Total: 267431 ns
[2021-07-20T13:28:44.384+0000][39.894s][2294560][2294576][info ] Safepoint "ICBufferFull", Time since last: 357514 ns, Reaching safepoint: 101552 ns, At safepoint: 98603 ns, Total: 200155 ns
[2021-07-20T13:28:44.385+0000][39.895s][2294560][2294576][info ] Safepoint "ICBufferFull", Time since last: 363924 ns, Reaching safepoint: 108422 ns, At safepoint: 79322 ns, Total: 187744 ns
[2021-07-20T13:28:44.547+0000][40.057s][2294560][2294576][info ] Safepoint "ICBufferFull", Time since last: 161964547 ns, Reaching safepoint: 214667 ns, At safepoint: 67849 ns, Total: 282516 ns
[2021-07-20T13:28:44.931+0000][40.441s][2294560][2294576][info ] Safepoint "ICBufferFull", Time since last: 382916008 ns, Reaching safepoint: 1362860 ns, At safepoint: 9584 ns, Total: 1372444 ns
[2021-07-20T13:28:44.932+0000][40.442s][2294560][2294576][info ] Safepoint "ICBufferFull", Time since last: 125380 ns, Reaching safepoint: 119188 ns, At safepoint: 85760 ns, Total: 204948 ns
[2021-07-20T13:28:44.932+0000][40.442s][2294560][2294576][info ] Safepoint "ICBufferFull", Time since last: 159702 ns, Reaching safepoint: 108180 ns, At safepoint: 85943 ns, Total: 194123 ns
[2021-07-20T13:28:44.932+0000][40.442s][2294560][2294576][info ] Safepoint "ICBufferFull", Time since last: 91241 ns, Reaching safepoint: 121103 ns, At safepoint: 106613 ns, Total: 227716 ns
[2021-07-20T13:28:44.933+0000][40.443s][2294560][2294576][info ] Safepoint "ICBufferFull", Time since last: 103967 ns, Reaching safepoint: 113218 ns, At safepoint: 75267 ns, Total: 188485 ns
[2021-07-20T13:28:44.933+0000][40.443s][2294560][2294576][info ] Safepoint "ICBufferFull", Time since last: 130570 ns, Reaching safepoint: 107549 ns, At safepoint: 94008 ns, Total: 201557 ns
[2021-07-20T13:28:44.934+0000][40.444s][2294560][2294576][info ] Safepoint "ICBufferFull", Time since last: 374463 ns, Reaching safepoint: 863464 ns, At safepoint: 160732 ns, Total: 1024196 ns
[2021-07-20T13:28:44.935+0000][40.445s][2294560][2294576][info ] Safepoint "ICBufferFull", Time since last: 243277 ns, Reaching safepoint: 110326 ns, At safepoint: 71352 ns, Total: 181678 ns
[2021-07-20T13:28:44.936+0000][40.446s][2294560][2294576][info ] Safepoint "ICBufferFull", Time since last: 705783 ns, Reaching safepoint: 104799 ns, At safepoint: 65173 ns, Total: 169972 ns
[2021-07-20T13:28:44.936+0000][40.446s][2294560][2294576][info ] Safepoint "ICBufferFull", Time since last: 120199 ns, Reaching safepoint: 112606 ns, At safepoint: 112450 ns, Total: 225056 ns
[2021-07-20T13:28:44.936+0000][40.446s][2294560][2294576][info ] Safepoint "ICBufferFull", Time since last: 82383 ns, Reaching safepoint: 121709 ns, At safepoint: 120228 ns, Total: 241937 ns
[2021-07-20T13:28:44.937+0000][40.447s][2294560][2294576][info ] Safepoint "ICBufferFull", Time since last: 333824 ns, Reaching safepoint: 103757 ns, At safepoint: 122823 ns, Total: 226580 ns
[2021-07-20T13:28:44.939+0000][40.449s][2294560][2294576][info ] Safepoint "ICBufferFull", Time since last: 1884906 ns, Reaching safepoint: 63185 ns, At safepoint: 40086 ns, Total: 103271 ns
[2021-07-20T13:28:44.940+0000][40.450s][2294560][2294576][info ] Safepoint "ICBufferFull", Time since last: 301761 ns, Reaching safepoint: 111088 ns, At safepoint: 138231 ns, Total: 249319 ns
[2021-07-20T13:28:44.940+0000][40.450s][2294560][2294576][info ] Safepoint "ICBufferFull", Time since last: 219385 ns, Reaching safepoint: 564520 ns, At safepoint: 99016 ns, Total: 663536 ns
[2021-07-20T13:28:44.941+0000][40.451s][2294560][2294576][info ] Safepoint "ICBufferFull", Time since last: 102259 ns, Reaching safepoint: 92465 ns, At safepoint: 497764 ns, Total: 590229 ns
[2021-07-20T13:28:44.943+0000][40.453s][2294560][2294576][info ] Safepoint "ICBufferFull", Time since last: 1996738 ns, Reaching safepoint: 138371 ns, At safepoint: 49843 ns, Total: 188214 ns
[2021-07-20T13:28:44.944+0000][40.454s][2294560][2294576][info ] Safepoint "ICBufferFull", Time since last: 996284 ns, Reaching safepoint: 111476 ns, At safepoint: 42064 ns, Total: 153540 ns
[2021-07-20T13:28:44.945+0000][40.455s][2294560][2294576][info ] Safepoint "ICBufferFull", Time since last: 80592 ns, Reaching safepoint: 111271 ns, At safepoint: 112342 ns, Total: 223613 ns
[2021-07-20T13:28:44.945+0000][40.455s][2294560][2294576][info ] Safepoint "ICBufferFull", Time since last: 65040 ns, Reaching safepoint: 112741 ns, At safepoint: 131687 ns, Total: 244428 ns
[2021-07-20T13:28:44.945+0000][40.455s][2294560][2294576][info ] Safepoint "ICBufferFull", Time since last: 73615 ns, Reaching safepoint: 119856 ns, At safepoint: 86334 ns, Total: 206190 ns
[2021-07-20T13:28:44.946+0000][40.456s][2294560][2294576][info ] Safepoint "ICBufferFull", Time since last: 132687 ns, Reaching safepoint: 93474 ns, At safepoint: 100538 ns, Total: 194012 ns
[2021-07-20T13:28:44.946+0000][40.456s][2294560][2294576][info ] Safepoint "ICBufferFull", Time since last: 76150 ns, Reaching safepoint: 114191 ns, At safepoint: 113928 ns, Total: 228119 ns
[2021-07-20T13:28:44.946+0000][40.456s][2294560][2294576][info ] Safepoint "ICBufferFull", Time since last: 43499 ns, Reaching safepoint: 103648 ns, At safepoint: 83074 ns, Total: 186722 ns
[2021-07-20T13:28:44.946+0000][40.456s][2294560][2294576][info ] Safepoint "ICBufferFull", Time since last: 81837 ns, Reaching safepoint: 86756 ns, At safepoint: 73880 ns, Total: 160636 ns
[2021-07-20T13:28:44.947+0000][40.457s][2294560][2294576][info ] Safepoint "ICBufferFull", Time since last: 64917 ns, Reaching safepoint: 111335 ns, At safepoint: 106087 ns, Total: 217422 ns
[2021-07-20T13:28:44.947+0000][40.457s][2294560][2294576][info ] Safepoint "ICBufferFull", Time since last: 52589 ns, Reaching safepoint: 90330 ns, At safepoint: 90294 ns, Total: 180624 ns
[2021-07-20T13:28:44.947+0000][40.457s][2294560][2294576][info ] Safepoint "ICBufferFull", Time since last: 227059 ns, Reaching safepoint: 141324 ns, At safepoint: 106759 ns, Total: 248083 ns
[2021-07-20T13:28:44.951+0000][40.461s][2294560][2294576][info ] Safepoint "ICBufferFull", Time since last: 3325444 ns, Reaching safepoint: 141859 ns, At safepoint: 65215 ns, Total: 207074 ns
[2021-07-20T13:28:44.952+0000][40.462s][2294560][2294576][info ] Safepoint "ICBufferFull", Time since last: 729699 ns, Reaching safepoint: 107675 ns, At safepoint: 47826 ns, Total: 155501 ns
[2021-07-20T13:28:44.953+0000][40.463s][2294560][2294576][info ] Safepoint "ICBufferFull", Time since last: 698587 ns, Reaching safepoint: 113162 ns, At safepoint: 103587 ns, Total: 216749 ns
[2021-07-20T13:28:44.953+0000][40.463s][2294560][2294576][info ] Safepoint "ICBufferFull", Time since last: 233759 ns, Reaching safepoint: 107717 ns, At safepoint: 70524 ns, Total: 178241 ns
[2021-07-20T13:28:44.954+0000][40.464s][2294560][2294576][info ] Safepoint "ICBufferFull", Time since last: 367502 ns, Reaching safepoint: 111642 ns, At safepoint: 90401 ns, Total: 202043 ns
[2021-07-20T13:28:44.956+0000][40.466s][2294560][2294576][info ] Safepoint "ICBufferFull", Time since last: 2093272 ns, Reaching safepoint: 115134 ns, At safepoint: 98769 ns, Total: 213903 ns
[2021-07-20T13:28:44.956+0000][40.466s][2294560][2294576][info ] Safepoint "ICBufferFull", Time since last: 55880 ns, Reaching safepoint: 142784 ns, At safepoint: 95549 ns, Total: 238333 ns
[2021-07-20T13:28:44.957+0000][40.467s][2294560][2294576][info ] Safepoint "ICBufferFull", Time since last: 274383 ns, Reaching safepoint: 80082 ns, At safepoint: 56751 ns, Total: 136833 ns
[2021-07-20T13:28:44.957+0000][40.467s][2294560][2294576][info ] Safepoint "ICBufferFull", Time since last: 87458 ns, Reaching safepoint: 106241 ns, At safepoint: 70968 ns, Total: 177209 ns
[2021-07-20T13:28:44.957+0000][40.467s][2294560][2294576][info ] Safepoint "ICBufferFull", Time since last: 43919 ns, Reaching safepoint: 106282 ns, At safepoint: 78562 ns, Total: 184844 ns
[2021-07-20T13:28:44.958+0000][40.468s][2294560][2294576][info ] Safepoint "ICBufferFull", Time since last: 61493 ns, Reaching safepoint: 122312 ns, At safepoint: 89251 ns, Total: 211563 ns
[2021-07-20T13:28:44.958+0000][40.468s][2294560][2294576][info ] Safepoint "ICBufferFull", Time since last: 52275 ns, Reaching safepoint: 110845 ns, At safepoint: 66959 ns, Total: 177804 ns
[2021-07-20T13:28:44.958+0000][40.468s][2294560][2294576][info ] Safepoint "ICBufferFull", Time since last: 58627 ns, Reaching safepoint: 106014 ns, At safepoint: 75669 ns, Total: 181683 ns
[2021-07-20T13:28:44.958+0000][40.468s][2294560][2294576][info ] Safepoint "ICBufferFull", Time since last: 104707 ns, Reaching safepoint: 70690 ns, At safepoint: 56099 ns, Total: 126789 ns
[2021-07-20T13:28:44.959+0000][40.469s][2294560][2294576][info ] Safepoint "ICBufferFull", Time since last: 634247 ns, Reaching safepoint: 70643 ns, At safepoint: 71782 ns, Total: 142425 ns
[2021-07-20T13:28:44.960+0000][40.470s][2294560][2294576][info ] Safepoint "ICBufferFull", Time since last: 552446 ns, Reaching safepoint: 114575 ns, At safepoint: 72985 ns, Total: 187560 ns
[2021-07-20T13:28:44.960+0000][40.470s][2294560][2294576][info ] Safepoint "ICBufferFull", Time since last: 119266 ns, Reaching safepoint: 109960 ns, At safepoint: 73747 ns, Total: 183707 ns
[2021-07-20T13:28:44.960+0000][40.470s][2294560][2294576][info ] Safepoint "ICBufferFull", Time since last: 56901 ns, Reaching safepoint: 108077 ns, At safepoint: 75830 ns, Total: 183907 ns
[2021-07-20T13:28:44.965+0000][40.475s][2294560][2294576][info ] Safepoint "ICBufferFull", Time since last: 4369017 ns, Reaching safepoint: 127801 ns, At safepoint: 58560 ns, Total: 186361 ns
[2021-07-20T13:28:44.965+0000][40.475s][2294560][2294576][info ] Safepoint "ICBufferFull", Time since last: 71386 ns, Reaching safepoint: 120399 ns, At safepoint: 75561 ns, Total: 195960 ns
[2021-07-20T13:28:44.966+0000][40.476s][2294560][2294576][info ] Safepoint "ICBufferFull", Time since last: 558072 ns, Reaching safepoint: 196848 ns, At safepoint: 78372 ns, Total: 275220 ns
[2021-07-20T13:28:44.968+0000][40.478s][2294560][2294576][info ] Safepoint "ICBufferFull", Time since last: 2019636 ns, Reaching safepoint: 137207 ns, At safepoint: 73321 ns, Total: 210528 ns
[2021-07-20T13:28:45.607+0000][41.117s][2294560][2294576][info ] Safepoint "ICBufferFull", Time since last: 638382333 ns, Reaching safepoint: 192355 ns, At safepoint: 111385 ns, Total: 303740 ns
[2021-07-20T13:28:45.607+0000][41.117s][2294560][2294576][info ] Safepoint "ICBufferFull", Time since last: 83271 ns, Reaching safepoint: 113263 ns, At safepoint: 101062 ns, Total: 214325 ns
[2021-07-20T13:28:45.608+0000][41.118s][2294560][2294576][info ] Safepoint "ICBufferFull", Time since last: 221715 ns, Reaching safepoint: 107848 ns, At safepoint: 104039 ns, Total: 211887 ns
[2021-07-20T13:28:45.608+0000][41.118s][2294560][2294576][info ] Safepoint "ICBufferFull", Time since last: 320840 ns, Reaching safepoint: 274639 ns, At safepoint: 117772 ns, Total: 392411 ns
[2021-07-20T13:28:45.977+0000][41.487s][2294560][2294576][debug] GC(4) Heap before GC invocations=5 (full 2):
[2021-07-20T13:28:45.977+0000][41.487s][2294560][2294576][debug] GC(4)  PSYoungGen      total 2446848K, used 2097664K [0x0000000755580000, 0x0000000800000000, 0x0000000800000000)
[2021-07-20T13:28:45.977+0000][41.487s][2294560][2294576][debug] GC(4)   eden space 2097664K, 100% used [0x0000000755580000,0x00000007d5600000,0x00000007d5600000)
[2021-07-20T13:28:45.977+0000][41.487s][2294560][2294576][debug] GC(4)   from space 349184K, 0% used [0x00000007eab00000,0x00000007eab00000,0x0000000800000000)
[2021-07-20T13:28:45.977+0000][41.487s][2294560][2294576][debug] GC(4)   to   space 349184K, 0% used [0x00000007d5600000,0x00000007d5600000,0x00000007eab00000)
[2021-07-20T13:28:45.977+0000][41.487s][2294560][2294576][debug] GC(4)  ParOldGen       total 5592576K, used 22188K [0x0000000600000000, 0x0000000755580000, 0x0000000755580000)
[2021-07-20T13:28:45.977+0000][41.487s][2294560][2294576][debug] GC(4)   object space 5592576K, 0% used [0x0000000600000000,0x00000006015ab338,0x0000000755580000)
[2021-07-20T13:28:45.977+0000][41.487s][2294560][2294576][debug] GC(4)  Metaspace       used 48970K, committed 49344K, reserved 1097728K
[2021-07-20T13:28:45.977+0000][41.487s][2294560][2294576][debug] GC(4)   class space    used 6207K, committed 6400K, reserved 1048576K
[2021-07-20T13:28:46.004+0000][41.514s][2294560][2294576][debug] GC(4) Desired survivor size 357564416 bytes, new threshold 7 (max threshold 15)
[2021-07-20T13:28:46.004+0000][41.514s][2294560][2294576][info ] GC(4) PSYoungGen: 2097664K(2446848K)->112810K(2446848K) Eden: 2097664K(2097664K)->0K(2097664K) From: 0K(349184K)->112810K(349184K)
[2021-07-20T13:28:46.004+0000][41.514s][2294560][2294576][info ] GC(4) ParOldGen: 22188K(5592576K)->22204K(5592576K)
[2021-07-20T13:28:46.004+0000][41.514s][2294560][2294576][info ] GC(4) Pause Young (Allocation Failure) 2070M->131M(7851M) 26.286ms
[2021-07-20T13:28:46.004+0000][41.514s][2294560][2294576][debug] GC(4) Heap after GC invocations=5 (full 2):
[2021-07-20T13:28:46.004+0000][41.514s][2294560][2294576][debug] GC(4)  PSYoungGen      total 2446848K, used 112810K [0x0000000755580000, 0x0000000800000000, 0x0000000800000000)
[2021-07-20T13:28:46.004+0000][41.514s][2294560][2294576][debug] GC(4)   eden space 2097664K, 0% used [0x0000000755580000,0x0000000755580000,0x00000007d5600000)
[2021-07-20T13:28:46.004+0000][41.514s][2294560][2294576][debug] GC(4)   from space 349184K, 32% used [0x00000007d5600000,0x00000007dc42aac8,0x00000007eab00000)
[2021-07-20T13:28:46.004+0000][41.514s][2294560][2294576][debug] GC(4)   to   space 349184K, 0% used [0x00000007eab00000,0x00000007eab00000,0x0000000800000000)
[2021-07-20T13:28:46.004+0000][41.514s][2294560][2294576][debug] GC(4)  ParOldGen       total 5592576K, used 22204K [0x0000000600000000, 0x0000000755580000, 0x0000000755580000)
[2021-07-20T13:28:46.004+0000][41.514s][2294560][2294576][debug] GC(4)   object space 5592576K, 0% used [0x0000000600000000,0x00000006015af338,0x0000000755580000)
[2021-07-20T13:28:46.004+0000][41.514s][2294560][2294576][debug] GC(4)  Metaspace       used 48970K, committed 49344K, reserved 1097728K
[2021-07-20T13:28:46.004+0000][41.514s][2294560][2294576][debug] GC(4)   class space    used 6207K, committed 6400K, reserved 1048576K
[2021-07-20T13:28:46.004+0000][41.514s][2294560][2294576][info ] Safepoint "ParallelGCFailedAllocation", Time since last: 367447461 ns, Reaching safepoint: 1505149 ns, At safepoint: 26951807 ns, Total: 28456956 ns
[2021-07-20T13:28:47.005+0000][42.515s][2294560][2294576][info ] Safepoint "Cleanup", Time since last: 1000096736 ns, Reaching safepoint: 199823 ns, At safepoint: 61501 ns, Total: 261324 ns
[2021-07-20T13:28:47.573+0000][43.083s][2294560][2294576][debug] GC(5) Heap before GC invocations=6 (full 2):
[2021-07-20T13:28:47.573+0000][43.083s][2294560][2294576][debug] GC(5)  PSYoungGen      total 2446848K, used 2210474K [0x0000000755580000, 0x0000000800000000, 0x0000000800000000)
[2021-07-20T13:28:47.573+0000][43.083s][2294560][2294576][debug] GC(5)   eden space 2097664K, 100% used [0x0000000755580000,0x00000007d5600000,0x00000007d5600000)
[2021-07-20T13:28:47.573+0000][43.083s][2294560][2294576][debug] GC(5)   from space 349184K, 32% used [0x00000007d5600000,0x00000007dc42aac8,0x00000007eab00000)
[2021-07-20T13:28:47.573+0000][43.083s][2294560][2294576][debug] GC(5)   to   space 349184K, 0% used [0x00000007eab00000,0x00000007eab00000,0x0000000800000000)
[2021-07-20T13:28:47.573+0000][43.083s][2294560][2294576][debug] GC(5)  ParOldGen       total 5592576K, used 22204K [0x0000000600000000, 0x0000000755580000, 0x0000000755580000)
[2021-07-20T13:28:47.573+0000][43.083s][2294560][2294576][debug] GC(5)   object space 5592576K, 0% used [0x0000000600000000,0x00000006015af338,0x0000000755580000)
[2021-07-20T13:28:47.573+0000][43.083s][2294560][2294576][debug] GC(5)  Metaspace       used 49206K, committed 49664K, reserved 1097728K
[2021-07-20T13:28:47.573+0000][43.083s][2294560][2294576][debug] GC(5)   class space    used 6233K, committed 6464K, reserved 1048576K
[2021-07-20T13:28:47.629+0000][43.139s][2294560][2294576][debug] GC(5) Desired survivor size 357564416 bytes, new threshold 7 (max threshold 15)
[2021-07-20T13:28:47.629+0000][43.139s][2294560][2294576][info ] GC(5) PSYoungGen: 2210474K(2446848K)->300107K(2446848K) Eden: 2097664K(2097664K)->0K(2097664K) From: 112810K(349184K)->300107K(349184K)
[2021-07-20T13:28:47.629+0000][43.139s][2294560][2294576][info ] GC(5) ParOldGen: 22204K(5592576K)->22212K(5592576K)
[2021-07-20T13:28:47.629+0000][43.139s][2294560][2294576][info ] GC(5) Pause Young (Allocation Failure) 2180M->314M(7851M) 55.809ms
[2021-07-20T13:28:47.629+0000][43.139s][2294560][2294576][debug] GC(5) Heap after GC invocations=6 (full 2):
[2021-07-20T13:28:47.629+0000][43.139s][2294560][2294576][debug] GC(5)  PSYoungGen      total 2446848K, used 300107K [0x0000000755580000, 0x0000000800000000, 0x0000000800000000)
[2021-07-20T13:28:47.629+0000][43.139s][2294560][2294576][debug] GC(5)   eden space 2097664K, 0% used [0x0000000755580000,0x0000000755580000,0x00000007d5600000)
[2021-07-20T13:28:47.629+0000][43.139s][2294560][2294576][debug] GC(5)   from space 349184K, 85% used [0x00000007eab00000,0x00000007fd012db8,0x0000000800000000)
[2021-07-20T13:28:47.629+0000][43.139s][2294560][2294576][debug] GC(5)   to   space 349184K, 0% used [0x00000007d5600000,0x00000007d5600000,0x00000007eab00000)
[2021-07-20T13:28:47.629+0000][43.139s][2294560][2294576][debug] GC(5)  ParOldGen       total 5592576K, used 22212K [0x0000000600000000, 0x0000000755580000, 0x0000000755580000)
[2021-07-20T13:28:47.629+0000][43.139s][2294560][2294576][debug] GC(5)   object space 5592576K, 0% used [0x0000000600000000,0x00000006015b1338,0x0000000755580000)
[2021-07-20T13:28:47.629+0000][43.139s][2294560][2294576][debug] GC(5)  Metaspace       used 49206K, committed 49664K, reserved 1097728K
[2021-07-20T13:28:47.629+0000][43.139s][2294560][2294576][debug] GC(5)   class space    used 6233K, committed 6464K, reserved 1048576K
[2021-07-20T13:28:47.629+0000][43.139s][2294560][2294576][info ] Safepoint "ParallelGCFailedAllocation", Time since last: 567918989 ns, Reaching safepoint: 204637 ns, At safepoint: 56371595 ns, Total: 56576232 ns
[2021-07-20T13:28:48.507+0000][44.017s][2294560][2294576][info ] Safepoint "ICBufferFull", Time since last: 876781683 ns, Reaching safepoint: 492486 ns, At safepoint: 270339 ns, Total: 762825 ns
[2021-07-20T13:28:48.957+0000][44.467s][2294560][2294576][debug] GC(6) Heap before GC invocations=7 (full 2):
[2021-07-20T13:28:48.957+0000][44.467s][2294560][2294576][debug] GC(6)  PSYoungGen      total 2446848K, used 2397771K [0x0000000755580000, 0x0000000800000000, 0x0000000800000000)
[2021-07-20T13:28:48.957+0000][44.467s][2294560][2294576][debug] GC(6)   eden space 2097664K, 100% used [0x0000000755580000,0x00000007d5600000,0x00000007d5600000)
[2021-07-20T13:28:48.957+0000][44.467s][2294560][2294576][debug] GC(6)   from space 349184K, 85% used [0x00000007eab00000,0x00000007fd012db8,0x0000000800000000)
[2021-07-20T13:28:48.957+0000][44.467s][2294560][2294576][debug] GC(6)   to   space 349184K, 0% used [0x00000007d5600000,0x00000007d5600000,0x00000007eab00000)
[2021-07-20T13:28:48.957+0000][44.467s][2294560][2294576][debug] GC(6)  ParOldGen       total 5592576K, used 22212K [0x0000000600000000, 0x0000000755580000, 0x0000000755580000)
[2021-07-20T13:28:48.957+0000][44.467s][2294560][2294576][debug] GC(6)   object space 5592576K, 0% used [0x0000000600000000,0x00000006015b1338,0x0000000755580000)
[2021-07-20T13:28:48.957+0000][44.467s][2294560][2294576][debug] GC(6)  Metaspace       used 49289K, committed 49728K, reserved 1097728K
[2021-07-20T13:28:48.957+0000][44.467s][2294560][2294576][debug] GC(6)   class space    used 6237K, committed 6464K, reserved 1048576K
[2021-07-20T13:28:49.073+0000][44.583s][2294560][2294576][debug] GC(6) Desired survivor size 565706752 bytes, new threshold 6 (max threshold 15)
[2021-07-20T13:28:49.073+0000][44.583s][2294560][2294576][info ] GC(6) PSYoungGen: 2397771K(2446848K)->349164K(2446848K) Eden: 2097664K(2097664K)->0K(2097664K) From: 300107K(349184K)->349164K(349184K)
[2021-07-20T13:28:49.073+0000][44.583s][2294560][2294576][info ] GC(6) ParOldGen: 22212K(5592576K)->204220K(5592576K)
[2021-07-20T13:28:49.073+0000][44.583s][2294560][2294576][info ] GC(6) Pause Young (Allocation Failure) 2363M->540M(7851M) 116.014ms
[2021-07-20T13:28:49.073+0000][44.583s][2294560][2294576][debug] GC(6) Heap after GC invocations=7 (full 2):
[2021-07-20T13:28:49.073+0000][44.583s][2294560][2294576][debug] GC(6)  PSYoungGen      total 2446848K, used 349164K [0x0000000755580000, 0x0000000800000000, 0x0000000800000000)
[2021-07-20T13:28:49.073+0000][44.583s][2294560][2294576][debug] GC(6)   eden space 2097664K, 0% used [0x0000000755580000,0x0000000755580000,0x00000007d5600000)
[2021-07-20T13:28:49.073+0000][44.583s][2294560][2294576][debug] GC(6)   from space 349184K, 99% used [0x00000007d5600000,0x00000007eaafb1b0,0x00000007eab00000)
[2021-07-20T13:28:49.073+0000][44.583s][2294560][2294576][debug] GC(6)   to   space 349184K, 0% used [0x00000007eab00000,0x00000007eab00000,0x0000000800000000)
[2021-07-20T13:28:49.073+0000][44.583s][2294560][2294576][debug] GC(6)  ParOldGen       total 5592576K, used 204220K [0x0000000600000000, 0x0000000755580000, 0x0000000755580000)
[2021-07-20T13:28:49.073+0000][44.583s][2294560][2294576][debug] GC(6)   object space 5592576K, 3% used [0x0000000600000000,0x000000060c76f338,0x0000000755580000)
[2021-07-20T13:28:49.073+0000][44.583s][2294560][2294576][debug] GC(6)  Metaspace       used 49289K, committed 49728K, reserved 1097728K
[2021-07-20T13:28:49.073+0000][44.583s][2294560][2294576][debug] GC(6)   class space    used 6237K, committed 6464K, reserved 1048576K
[2021-07-20T13:28:49.073+0000][44.583s][2294560][2294576][info ] Safepoint "ParallelGCFailedAllocation", Time since last: 450089853 ns, Reaching safepoint: 185973 ns, At safepoint: 116562871 ns, Total: 116748844 ns
[2021-07-20T13:28:50.123+0000][45.633s][2294560][2294576][debug] GC(7) Heap before GC invocations=8 (full 2):
[2021-07-20T13:28:50.123+0000][45.633s][2294560][2294576][debug] GC(7)  PSYoungGen      total 2446848K, used 2446828K [0x0000000755580000, 0x0000000800000000, 0x0000000800000000)
[2021-07-20T13:28:50.123+0000][45.633s][2294560][2294576][debug] GC(7)   eden space 2097664K, 100% used [0x0000000755580000,0x00000007d5600000,0x00000007d5600000)
[2021-07-20T13:28:50.123+0000][45.633s][2294560][2294576][debug] GC(7)   from space 349184K, 99% used [0x00000007d5600000,0x00000007eaafb1b0,0x00000007eab00000)
[2021-07-20T13:28:50.123+0000][45.633s][2294560][2294576][debug] GC(7)   to   space 349184K, 0% used [0x00000007eab00000,0x00000007eab00000,0x0000000800000000)
[2021-07-20T13:28:50.123+0000][45.633s][2294560][2294576][debug] GC(7)  ParOldGen       total 5592576K, used 204220K [0x0000000600000000, 0x0000000755580000, 0x0000000755580000)
[2021-07-20T13:28:50.123+0000][45.633s][2294560][2294576][debug] GC(7)   object space 5592576K, 3% used [0x0000000600000000,0x000000060c76f338,0x0000000755580000)
[2021-07-20T13:28:50.123+0000][45.633s][2294560][2294576][debug] GC(7)  Metaspace       used 49324K, committed 49792K, reserved 1097728K
[2021-07-20T13:28:50.123+0000][45.633s][2294560][2294576][debug] GC(7)   class space    used 6244K, committed 6464K, reserved 1048576K
[2021-07-20T13:28:50.256+0000][45.766s][2294560][2294576][debug] GC(7) Desired survivor size 721420288 bytes, new threshold 5 (max threshold 15)
[2021-07-20T13:28:50.256+0000][45.766s][2294560][2294576][debug] GC(7) Running ParallelGC PreTouch head with 13 workers for 172 work units pre-touching 721420288B.
[2021-07-20T13:28:50.256+0000][45.766s][2294560][2294576][info ] GC(7) PSYoungGen: 2446828K(2446848K)->349164K(1736192K) Eden: 2097664K(2097664K)->0K(1387008K) From: 349164K(349184K)->349164K(349184K)
[2021-07-20T13:28:50.256+0000][45.766s][2294560][2294576][info ] GC(7) ParOldGen: 204220K(5592576K)->420112K(5592576K)
[2021-07-20T13:28:50.256+0000][45.766s][2294560][2294576][info ] GC(7) Pause Young (Allocation Failure) 2588M->751M(7157M) 133.578ms
[2021-07-20T13:28:50.256+0000][45.766s][2294560][2294576][debug] GC(7) Heap after GC invocations=8 (full 2):
[2021-07-20T13:28:50.257+0000][45.766s][2294560][2294576][debug] GC(7)  PSYoungGen      total 1736192K, used 349164K [0x0000000755580000, 0x0000000800000000, 0x0000000800000000)
[2021-07-20T13:28:50.257+0000][45.766s][2294560][2294576][debug] GC(7)   eden space 1387008K, 0% used [0x0000000755580000,0x0000000755580000,0x00000007aa000000)
[2021-07-20T13:28:50.257+0000][45.766s][2294560][2294576][debug] GC(7)   from space 349184K, 99% used [0x00000007eab00000,0x00000007ffffb3f0,0x0000000800000000)
[2021-07-20T13:28:50.257+0000][45.766s][2294560][2294576][debug] GC(7)   to   space 704512K, 0% used [0x00000007aa000000,0x00000007aa000000,0x00000007d5000000)
[2021-07-20T13:28:50.257+0000][45.766s][2294560][2294576][debug] GC(7)  ParOldGen       total 5592576K, used 420112K [0x0000000600000000, 0x0000000755580000, 0x0000000755580000)
[2021-07-20T13:28:50.257+0000][45.766s][2294560][2294576][debug] GC(7)   object space 5592576K, 7% used [0x0000000600000000,0x0000000619a443a8,0x0000000755580000)
[2021-07-20T13:28:50.257+0000][45.766s][2294560][2294576][debug] GC(7)  Metaspace       used 49324K, committed 49792K, reserved 1097728K
[2021-07-20T13:28:50.257+0000][45.767s][2294560][2294576][debug] GC(7)   class space    used 6244K, committed 6464K, reserved 1048576K
[2021-07-20T13:28:50.257+0000][45.767s][2294560][2294576][info ] Safepoint "ParallelGCFailedAllocation", Time since last: 1049092914 ns, Reaching safepoint: 184657 ns, At safepoint: 134021243 ns, Total: 134205900 ns
[2021-07-20T13:28:51.056+0000][46.566s][2294560][2294576][debug] GC(8) Heap before GC invocations=9 (full 2):
[2021-07-20T13:28:51.056+0000][46.566s][2294560][2294576][debug] GC(8)  PSYoungGen      total 1736192K, used 1736172K [0x0000000755580000, 0x0000000800000000, 0x0000000800000000)
[2021-07-20T13:28:51.056+0000][46.566s][2294560][2294576][debug] GC(8)   eden space 1387008K, 100% used [0x0000000755580000,0x00000007aa000000,0x00000007aa000000)
[2021-07-20T13:28:51.056+0000][46.566s][2294560][2294576][debug] GC(8)   from space 349184K, 99% used [0x00000007eab00000,0x00000007ffffb3f0,0x0000000800000000)
[2021-07-20T13:28:51.056+0000][46.566s][2294560][2294576][debug] GC(8)   to   space 704512K, 0% used [0x00000007aa000000,0x00000007aa000000,0x00000007d5000000)
[2021-07-20T13:28:51.056+0000][46.566s][2294560][2294576][debug] GC(8)  ParOldGen       total 5592576K, used 420112K [0x0000000600000000, 0x0000000755580000, 0x0000000755580000)
[2021-07-20T13:28:51.056+0000][46.566s][2294560][2294576][debug] GC(8)   object space 5592576K, 7% used [0x0000000600000000,0x0000000619a443a8,0x0000000755580000)
[2021-07-20T13:28:51.056+0000][46.566s][2294560][2294576][debug] GC(8)  Metaspace       used 49436K, committed 49856K, reserved 1097728K
[2021-07-20T13:28:51.056+0000][46.566s][2294560][2294576][debug] GC(8)   class space    used 6246K, committed 6464K, reserved 1048576K
[2021-07-20T13:28:51.173+0000][46.683s][2294560][2294576][debug] GC(8) Desired survivor size 785383424 bytes, new threshold 4 (max threshold 15)
[2021-07-20T13:28:51.173+0000][46.683s][2294560][2294576][debug] GC(8) Running ParallelGC PreTouch head with 13 workers for 102 work units pre-touching 427819008B.
[2021-07-20T13:28:51.174+0000][46.684s][2294560][2294576][info ] GC(8) PSYoungGen: 1736172K(1736192K)->503805K(1890816K) Eden: 1387008K(1387008K)->0K(1387008K) From: 349164K(349184K)->503805K(503808K)
[2021-07-20T13:28:51.174+0000][46.684s][2294560][2294576][info ] GC(8) ParOldGen: 420112K(5592576K)->420120K(5592576K)
[2021-07-20T13:28:51.174+0000][46.684s][2294560][2294576][info ] GC(8) Pause Young (Allocation Failure) 2105M->902M(7308M) 117.380ms
[2021-07-20T13:28:51.174+0000][46.684s][2294560][2294576][debug] GC(8) Heap after GC invocations=9 (full 2):
[2021-07-20T13:28:51.174+0000][46.684s][2294560][2294576][debug] GC(8)  PSYoungGen      total 1890816K, used 503805K [0x0000000755580000, 0x0000000800000000, 0x0000000800000000)
[2021-07-20T13:28:51.174+0000][46.684s][2294560][2294576][debug] GC(8)   eden space 1387008K, 0% used [0x0000000755580000,0x0000000755580000,0x00000007aa000000)
[2021-07-20T13:28:51.174+0000][46.684s][2294560][2294576][debug] GC(8)   from space 503808K, 99% used [0x00000007aa000000,0x00000007c8bff618,0x00000007c8c00000)
[2021-07-20T13:28:51.174+0000][46.684s][2294560][2294576][debug] GC(8)   to   space 766976K, 0% used [0x00000007d1300000,0x00000007d1300000,0x0000000800000000)
[2021-07-20T13:28:51.174+0000][46.684s][2294560][2294576][debug] GC(8)  ParOldGen       total 5592576K, used 420120K [0x0000000600000000, 0x0000000755580000, 0x0000000755580000)
[2021-07-20T13:28:51.174+0000][46.684s][2294560][2294576][debug] GC(8)   object space 5592576K, 7% used [0x0000000600000000,0x0000000619a463a8,0x0000000755580000)
[2021-07-20T13:28:51.174+0000][46.684s][2294560][2294576][debug] GC(8)  Metaspace       used 49436K, committed 49856K, reserved 1097728K
[2021-07-20T13:28:51.174+0000][46.684s][2294560][2294576][debug] GC(8)   class space    used 6246K, committed 6464K, reserved 1048576K
[2021-07-20T13:28:51.174+0000][46.684s][2294560][2294576][info ] Safepoint "ParallelGCFailedAllocation", Time since last: 799048361 ns, Reaching safepoint: 195075 ns, At safepoint: 117992335 ns, Total: 118187410 ns
[2021-07-20T13:28:51.863+0000][47.373s][2294560][2294576][debug] GC(9) Heap before GC invocations=10 (full 2):
[2021-07-20T13:28:51.863+0000][47.373s][2294560][2294576][debug] GC(9)  PSYoungGen      total 1890816K, used 1890813K [0x0000000755580000, 0x0000000800000000, 0x0000000800000000)
[2021-07-20T13:28:51.863+0000][47.373s][2294560][2294576][debug] GC(9)   eden space 1387008K, 100% used [0x0000000755580000,0x00000007aa000000,0x00000007aa000000)
[2021-07-20T13:28:51.863+0000][47.373s][2294560][2294576][debug] GC(9)   from space 503808K, 99% used [0x00000007aa000000,0x00000007c8bff618,0x00000007c8c00000)
[2021-07-20T13:28:51.863+0000][47.373s][2294560][2294576][debug] GC(9)   to   space 766976K, 0% used [0x00000007d1300000,0x00000007d1300000,0x0000000800000000)
[2021-07-20T13:28:51.863+0000][47.373s][2294560][2294576][debug] GC(9)  ParOldGen       total 5592576K, used 420120K [0x0000000600000000, 0x0000000755580000, 0x0000000755580000)
[2021-07-20T13:28:51.863+0000][47.373s][2294560][2294576][debug] GC(9)   object space 5592576K, 7% used [0x0000000600000000,0x0000000619a463a8,0x0000000755580000)
[2021-07-20T13:28:51.863+0000][47.373s][2294560][2294576][debug] GC(9)  Metaspace       used 49474K, committed 49856K, reserved 1097728K
[2021-07-20T13:28:51.863+0000][47.373s][2294560][2294576][debug] GC(9)   class space    used 6246K, committed 6464K, reserved 1048576K
[2021-07-20T13:28:51.986+0000][47.496s][2294560][2294576][debug] GC(9) Desired survivor size 820510720 bytes, new threshold 3 (max threshold 15)
[2021-07-20T13:28:51.986+0000][47.496s][2294560][2294576][debug] GC(9) Running ParallelGC PreTouch head with 13 workers for 48 work units pre-touching 198180864B.
[2021-07-20T13:28:51.987+0000][47.497s][2294560][2294576][debug] GC(9) Running ParallelGC PreTouch tail with 13 workers for 26 work units pre-touching 106430464B.
[2021-07-20T13:28:51.987+0000][47.497s][2294560][2294576][info ] GC(9) PSYoungGen: 1890813K(1890816K)->498370K(1960448K) Eden: 1387008K(1387008K)->0K(1193472K) From: 503805K(503808K)->498370K(766976K)
[2021-07-20T13:28:51.987+0000][47.497s][2294560][2294576][info ] GC(9) ParOldGen: 420120K(5592576K)->566357K(5592576K)
[2021-07-20T13:28:51.987+0000][47.497s][2294560][2294576][info ] GC(9) Pause Young (Allocation Failure) 2256M->1039M(7376M) 123.256ms
[2021-07-20T13:28:51.987+0000][47.497s][2294560][2294576][debug] GC(9) Heap after GC invocations=10 (full 2):
[2021-07-20T13:28:51.987+0000][47.497s][2294560][2294576][debug] GC(9)  PSYoungGen      total 1960448K, used 498370K [0x0000000755580000, 0x0000000800000000, 0x0000000800000000)
[2021-07-20T13:28:51.987+0000][47.497s][2294560][2294576][debug] GC(9)   eden space 1193472K, 0% used [0x0000000755580000,0x0000000755580000,0x000000079e300000)
[2021-07-20T13:28:51.987+0000][47.497s][2294560][2294576][debug] GC(9)   from space 766976K, 64% used [0x00000007d1300000,0x00000007ef9b0aa8,0x0000000800000000)
[2021-07-20T13:28:51.987+0000][47.497s][2294560][2294576][debug] GC(9)   to   space 801280K, 0% used [0x000000079e300000,0x000000079e300000,0x00000007cf180000)
[2021-07-20T13:28:51.987+0000][47.497s][2294560][2294576][debug] GC(9)  ParOldGen       total 5592576K, used 566357K [0x0000000600000000, 0x0000000755580000, 0x0000000755580000)
[2021-07-20T13:28:51.987+0000][47.497s][2294560][2294576][debug] GC(9)   object space 5592576K, 10% used [0x0000000600000000,0x00000006229157a8,0x0000000755580000)
[2021-07-20T13:28:51.987+0000][47.497s][2294560][2294576][debug] GC(9)  Metaspace       used 49474K, committed 49856K, reserved 1097728K
[2021-07-20T13:28:51.987+0000][47.497s][2294560][2294576][debug] GC(9)   class space    used 6246K, committed 6464K, reserved 1048576K
[2021-07-20T13:28:51.987+0000][47.497s][2294560][2294576][info ] Safepoint "ParallelGCFailedAllocation", Time since last: 689205242 ns, Reaching safepoint: 165777 ns, At safepoint: 123732917 ns, Total: 123898694 ns
[2021-07-20T13:28:52.514+0000][48.023s][2294560][2294576][debug] GC(10) Heap before GC invocations=11 (full 2):
[2021-07-20T13:28:52.514+0000][48.024s][2294560][2294576][debug] GC(10)  PSYoungGen      total 1960448K, used 1691842K [0x0000000755580000, 0x0000000800000000, 0x0000000800000000)
[2021-07-20T13:28:52.514+0000][48.024s][2294560][2294576][debug] GC(10)   eden space 1193472K, 100% used [0x0000000755580000,0x000000079e300000,0x000000079e300000)
[2021-07-20T13:28:52.514+0000][48.024s][2294560][2294576][debug] GC(10)   from space 766976K, 64% used [0x00000007d1300000,0x00000007ef9b0aa8,0x0000000800000000)
[2021-07-20T13:28:52.514+0000][48.024s][2294560][2294576][debug] GC(10)   to   space 801280K, 0% used [0x000000079e300000,0x000000079e300000,0x00000007cf180000)
[2021-07-20T13:28:52.514+0000][48.024s][2294560][2294576][debug] GC(10)  ParOldGen       total 5592576K, used 566357K [0x0000000600000000, 0x0000000755580000, 0x0000000755580000)
[2021-07-20T13:28:52.514+0000][48.024s][2294560][2294576][debug] GC(10)   object space 5592576K, 10% used [0x0000000600000000,0x00000006229157a8,0x0000000755580000)
[2021-07-20T13:28:52.514+0000][48.024s][2294560][2294576][debug] GC(10)  Metaspace       used 49478K, committed 49856K, reserved 1097728K
[2021-07-20T13:28:52.514+0000][48.024s][2294560][2294576][debug] GC(10)   class space    used 6246K, committed 6464K, reserved 1048576K
[2021-07-20T13:28:52.625+0000][48.135s][2294560][2294576][debug] GC(10) Desired survivor size 810024960 bytes, new threshold 2 (max threshold 15)
[2021-07-20T13:28:52.625+0000][48.135s][2294560][2294576][debug] GC(10) Running ParallelGC PreTouch head with 6 workers for 6 work units pre-touching 24641536B.
[2021-07-20T13:28:52.625+0000][48.135s][2294560][2294576][info ] GC(10) PSYoungGen: 1691842K(1960448K)->420801K(1994752K) Eden: 1193472K(1193472K)->0K(1193472K) From: 498370K(766976K)->420801K(801280K)
[2021-07-20T13:28:52.625+0000][48.135s][2294560][2294576][info ] GC(10) ParOldGen: 566357K(5592576K)->805972K(5592576K)
[2021-07-20T13:28:52.625+0000][48.135s][2294560][2294576][info ] GC(10) Pause Young (Allocation Failure) 2205M->1198M(7409M) 111.566ms
[2021-07-20T13:28:52.625+0000][48.135s][2294560][2294576][debug] GC(10) Heap after GC invocations=11 (full 2):
[2021-07-20T13:28:52.625+0000][48.135s][2294560][2294576][debug] GC(10)  PSYoungGen      total 1994752K, used 420801K [0x0000000755580000, 0x0000000800000000, 0x0000000800000000)
[2021-07-20T13:28:52.625+0000][48.135s][2294560][2294576][debug] GC(10)   eden space 1193472K, 0% used [0x0000000755580000,0x0000000755580000,0x000000079e300000)
[2021-07-20T13:28:52.625+0000][48.135s][2294560][2294576][debug] GC(10)   from space 801280K, 52% used [0x000000079e300000,0x00000007b7df05e8,0x00000007cf180000)
[2021-07-20T13:28:52.625+0000][48.135s][2294560][2294576][debug] GC(10)   to   space 791040K, 0% used [0x00000007cfb80000,0x00000007cfb80000,0x0000000800000000)
[2021-07-20T13:28:52.625+0000][48.135s][2294560][2294576][debug] GC(10)  ParOldGen       total 5592576K, used 805972K [0x0000000600000000, 0x0000000755580000, 0x0000000755580000)
[2021-07-20T13:28:52.625+0000][48.135s][2294560][2294576][debug] GC(10)   object space 5592576K, 14% used [0x0000000600000000,0x0000000631315080,0x0000000755580000)
[2021-07-20T13:28:52.625+0000][48.135s][2294560][2294576][debug] GC(10)  Metaspace       used 49478K, committed 49856K, reserved 1097728K
[2021-07-20T13:28:52.625+0000][48.135s][2294560][2294576][debug] GC(10)   class space    used 6246K, committed 6464K, reserved 1048576K
[2021-07-20T13:28:52.626+0000][48.135s][2294560][2294576][info ] Safepoint "ParallelGCFailedAllocation", Time since last: 526244183 ns, Reaching safepoint: 152575 ns, At safepoint: 111997921 ns, Total: 112150496 ns
[2021-07-20T13:28:53.175+0000][48.685s][2294560][2294576][debug] GC(11) Heap before GC invocations=12 (full 2):
[2021-07-20T13:28:53.175+0000][48.685s][2294560][2294576][debug] GC(11)  PSYoungGen      total 1994752K, used 1614273K [0x0000000755580000, 0x0000000800000000, 0x0000000800000000)
[2021-07-20T13:28:53.175+0000][48.685s][2294560][2294576][debug] GC(11)   eden space 1193472K, 100% used [0x0000000755580000,0x000000079e300000,0x000000079e300000)
[2021-07-20T13:28:53.175+0000][48.685s][2294560][2294576][debug] GC(11)   from space 801280K, 52% used [0x000000079e300000,0x00000007b7df05e8,0x00000007cf180000)
[2021-07-20T13:28:53.175+0000][48.685s][2294560][2294576][debug] GC(11)   to   space 791040K, 0% used [0x00000007cfb80000,0x00000007cfb80000,0x0000000800000000)
[2021-07-20T13:28:53.175+0000][48.685s][2294560][2294576][debug] GC(11)  ParOldGen       total 5592576K, used 805972K [0x0000000600000000, 0x0000000755580000, 0x0000000755580000)
[2021-07-20T13:28:53.175+0000][48.685s][2294560][2294576][debug] GC(11)   object space 5592576K, 14% used [0x0000000600000000,0x0000000631315080,0x0000000755580000)
[2021-07-20T13:28:53.175+0000][48.685s][2294560][2294576][debug] GC(11)  Metaspace       used 49483K, committed 49856K, reserved 1097728K
[2021-07-20T13:28:53.175+0000][48.685s][2294560][2294576][debug] GC(11)   class space    used 6246K, committed 6464K, reserved 1048576K
[2021-07-20T13:28:53.282+0000][48.792s][2294560][2294576][debug] GC(11) Desired survivor size 771227648 bytes, new threshold 1 (max threshold 15)
[2021-07-20T13:28:53.282+0000][48.792s][2294560][2294576][debug] GC(11) Running ParallelGC PreTouch tail with 13 workers for 15 work units pre-touching 59768832B.
[2021-07-20T13:28:53.282+0000][48.792s][2294560][2294576][debug] GC(11) Running ParallelGC PreTouch tail with 3 workers for 3 work units pre-touching 10485760B.
[2021-07-20T13:28:53.282+0000][48.792s][2294560][2294576][info ] GC(11) PSYoungGen: 1614273K(1994752K)->275889K(2042880K) Eden: 1193472K(1193472K)->0K(1251840K) From: 420801K(801280K)->275889K(791040K)
[2021-07-20T13:28:53.282+0000][48.792s][2294560][2294576][info ] GC(11) ParOldGen: 805972K(5592576K)->1116426K(5592576K)
[2021-07-20T13:28:53.282+0000][48.792s][2294560][2294576][info ] GC(11) Pause Young (Allocation Failure) 2363M->1359M(7456M) 107.361ms
[2021-07-20T13:28:53.282+0000][48.792s][2294560][2294576][debug] GC(11) Heap after GC invocations=12 (full 2):
[2021-07-20T13:28:53.282+0000][48.792s][2294560][2294576][debug] GC(11)  PSYoungGen      total 2042880K, used 275889K [0x0000000755580000, 0x0000000800000000, 0x0000000800000000)
[2021-07-20T13:28:53.282+0000][48.792s][2294560][2294576][debug] GC(11)   eden space 1251840K, 0% used [0x0000000755580000,0x0000000755580000,0x00000007a1c00000)
[2021-07-20T13:28:53.282+0000][48.792s][2294560][2294576][debug] GC(11)   from space 791040K, 34% used [0x00000007cfb80000,0x00000007e08ec500,0x0000000800000000)
[2021-07-20T13:28:53.282+0000][48.792s][2294560][2294576][debug] GC(11)   to   space 753152K, 0% used [0x00000007a1c00000,0x00000007a1c00000,0x00000007cfb80000)
[2021-07-20T13:28:53.282+0000][48.792s][2294560][2294576][debug] GC(11)  ParOldGen       total 5592576K, used 1116426K [0x0000000600000000, 0x0000000755580000, 0x0000000755580000)
[2021-07-20T13:28:53.282+0000][48.792s][2294560][2294576][debug] GC(11)   object space 5592576K, 19% used [0x0000000600000000,0x0000000644242b08,0x0000000755580000)
[2021-07-20T13:28:53.282+0000][48.792s][2294560][2294576][debug] GC(11)  Metaspace       used 49483K, committed 49856K, reserved 1097728K
[2021-07-20T13:28:53.282+0000][48.792s][2294560][2294576][debug] GC(11)   class space    used 6246K, committed 6464K, reserved 1048576K
[2021-07-20T13:28:53.283+0000][48.793s][2294560][2294576][info ] Safepoint "ParallelGCFailedAllocation", Time since last: 549180899 ns, Reaching safepoint: 96093 ns, At safepoint: 107821064 ns, Total: 107917157 ns
[2021-07-20T13:28:53.852+0000][49.362s][2294560][2294576][debug] GC(12) Heap before GC invocations=13 (full 2):
[2021-07-20T13:28:53.852+0000][49.362s][2294560][2294576][debug] GC(12)  PSYoungGen      total 2042880K, used 1527729K [0x0000000755580000, 0x0000000800000000, 0x0000000800000000)
[2021-07-20T13:28:53.852+0000][49.362s][2294560][2294576][debug] GC(12)   eden space 1251840K, 100% used [0x0000000755580000,0x00000007a1c00000,0x00000007a1c00000)
[2021-07-20T13:28:53.852+0000][49.362s][2294560][2294576][debug] GC(12)   from space 791040K, 34% used [0x00000007cfb80000,0x00000007e08ec500,0x0000000800000000)
[2021-07-20T13:28:53.852+0000][49.362s][2294560][2294576][debug] GC(12)   to   space 753152K, 0% used [0x00000007a1c00000,0x00000007a1c00000,0x00000007cfb80000)
[2021-07-20T13:28:53.852+0000][49.362s][2294560][2294576][debug] GC(12)  ParOldGen       total 5592576K, used 1116426K [0x0000000600000000, 0x0000000755580000, 0x0000000755580000)
[2021-07-20T13:28:53.852+0000][49.362s][2294560][2294576][debug] GC(12)   object space 5592576K, 19% used [0x0000000600000000,0x0000000644242b08,0x0000000755580000)
[2021-07-20T13:28:53.852+0000][49.362s][2294560][2294576][debug] GC(12)  Metaspace       used 49504K, committed 49920K, reserved 1097728K
[2021-07-20T13:28:53.852+0000][49.362s][2294560][2294576][debug] GC(12)   class space    used 6246K, committed 6464K, reserved 1048576K
[2021-07-20T13:28:53.943+0000][49.453s][2294560][2294576][debug] GC(12) Desired survivor size 757596160 bytes, new threshold 1 (max threshold 15)
[2021-07-20T13:28:53.943+0000][49.453s][2294560][2294576][info ] GC(12) PSYoungGen: 1527729K(2042880K)->141728K(2004992K) Eden: 1251840K(1251840K)->0K(1251840K) From: 275889K(791040K)->141728K(753152K)
[2021-07-20T13:28:53.943+0000][49.453s][2294560][2294576][info ] GC(12) ParOldGen: 1116426K(5592576K)->1382235K(5592576K)
[2021-07-20T13:28:53.943+0000][49.453s][2294560][2294576][info ] GC(12) Pause Young (Allocation Failure) 2582M->1488M(7419M) 90.736ms
[2021-07-20T13:28:53.943+0000][49.453s][2294560][2294576][debug] GC(12) Heap after GC invocations=13 (full 2):
[2021-07-20T13:28:53.943+0000][49.453s][2294560][2294576][debug] GC(12)  PSYoungGen      total 2004992K, used 141728K [0x0000000755580000, 0x0000000800000000, 0x0000000800000000)
[2021-07-20T13:28:53.943+0000][49.453s][2294560][2294576][debug] GC(12)   eden space 1251840K, 0% used [0x0000000755580000,0x0000000755580000,0x00000007a1c00000)
[2021-07-20T13:28:53.943+0000][49.453s][2294560][2294576][debug] GC(12)   from space 753152K, 18% used [0x00000007a1c00000,0x00000007aa668268,0x00000007cfb80000)
[2021-07-20T13:28:53.943+0000][49.453s][2294560][2294576][debug] GC(12)   to   space 739840K, 0% used [0x00000007d2d80000,0x00000007d2d80000,0x0000000800000000)
[2021-07-20T13:28:53.943+0000][49.453s][2294560][2294576][debug] GC(12)  ParOldGen       total 5592576K, used 1382235K [0x0000000600000000, 0x0000000755580000, 0x0000000755580000)
[2021-07-20T13:28:53.943+0000][49.453s][2294560][2294576][debug] GC(12)   object space 5592576K, 24% used [0x0000000600000000,0x00000006545d6f78,0x0000000755580000)
[2021-07-20T13:28:53.943+0000][49.453s][2294560][2294576][debug] GC(12)  Metaspace       used 49504K, committed 49920K, reserved 1097728K
[2021-07-20T13:28:53.943+0000][49.453s][2294560][2294576][debug] GC(12)   class space    used 6246K, committed 6464K, reserved 1048576K
[2021-07-20T13:28:53.943+0000][49.453s][2294560][2294576][info ] Safepoint "ParallelGCFailedAllocation", Time since last: 569566650 ns, Reaching safepoint: 124820 ns, At safepoint: 91181373 ns, Total: 91306193 ns
[2021-07-20T13:28:54.535+0000][50.045s][2294560][2294576][debug] GC(13) Heap before GC invocations=14 (full 2):
[2021-07-20T13:28:54.535+0000][50.045s][2294560][2294576][debug] GC(13)  PSYoungGen      total 2004992K, used 1393568K [0x0000000755580000, 0x0000000800000000, 0x0000000800000000)
[2021-07-20T13:28:54.535+0000][50.045s][2294560][2294576][debug] GC(13)   eden space 1251840K, 100% used [0x0000000755580000,0x00000007a1c00000,0x00000007a1c00000)
[2021-07-20T13:28:54.535+0000][50.045s][2294560][2294576][debug] GC(13)   from space 753152K, 18% used [0x00000007a1c00000,0x00000007aa668268,0x00000007cfb80000)
[2021-07-20T13:28:54.535+0000][50.045s][2294560][2294576][debug] GC(13)   to   space 739840K, 0% used [0x00000007d2d80000,0x00000007d2d80000,0x0000000800000000)
[2021-07-20T13:28:54.535+0000][50.045s][2294560][2294576][debug] GC(13)  ParOldGen       total 5592576K, used 1382235K [0x0000000600000000, 0x0000000755580000, 0x0000000755580000)
[2021-07-20T13:28:54.535+0000][50.045s][2294560][2294576][debug] GC(13)   object space 5592576K, 24% used [0x0000000600000000,0x00000006545d6f78,0x0000000755580000)
[2021-07-20T13:28:54.535+0000][50.045s][2294560][2294576][debug] GC(13)  Metaspace       used 49506K, committed 49920K, reserved 1097728K
[2021-07-20T13:28:54.535+0000][50.045s][2294560][2294576][debug] GC(13)   class space    used 6246K, committed 6464K, reserved 1048576K
[2021-07-20T13:28:54.599+0000][50.109s][2294560][2294576][debug] GC(13) Desired survivor size 739246080 bytes, new threshold 1 (max threshold 15)
[2021-07-20T13:28:54.599+0000][50.109s][2294560][2294576][debug] GC(13) Running ParallelGC PreTouch tail with 13 workers for 21 work units pre-touching 84410368B.
[2021-07-20T13:28:54.599+0000][50.109s][2294560][2294576][debug] GC(13) Running ParallelGC PreTouch tail with 13 workers for 13 work units pre-touching 52428800B.
[2021-07-20T13:28:54.600+0000][50.109s][2294560][2294576][info ] GC(13) PSYoungGen: 1393568K(2004992K)->150720K(2074112K) Eden: 1251840K(1251840K)->0K(1334272K) From: 141728K(753152K)->150720K(739840K)
[2021-07-20T13:28:54.600+0000][50.109s][2294560][2294576][info ] GC(13) ParOldGen: 1382235K(5592576K)->1538188K(5592576K)
[2021-07-20T13:28:54.600+0000][50.110s][2294560][2294576][info ] GC(13) Pause Young (Allocation Failure) 2710M->1649M(7487M) 64.842ms
[2021-07-20T13:28:54.600+0000][50.110s][2294560][2294576][debug] GC(13) Heap after GC invocations=14 (full 2):
[2021-07-20T13:28:54.600+0000][50.110s][2294560][2294576][debug] GC(13)  PSYoungGen      total 2074112K, used 150720K [0x0000000755580000, 0x0000000800000000, 0x0000000800000000)
[2021-07-20T13:28:54.600+0000][50.110s][2294560][2294576][debug] GC(13)   eden space 1334272K, 0% used [0x0000000755580000,0x0000000755580000,0x00000007a6c80000)
[2021-07-20T13:28:54.600+0000][50.110s][2294560][2294576][debug] GC(13)   from space 739840K, 20% used [0x00000007d2d80000,0x00000007dc0b0328,0x0000000800000000)
[2021-07-20T13:28:54.600+0000][50.110s][2294560][2294576][debug] GC(13)   to   space 721920K, 0% used [0x00000007a6c80000,0x00000007a6c80000,0x00000007d2d80000)
[2021-07-20T13:28:54.600+0000][50.110s][2294560][2294576][debug] GC(13)  ParOldGen       total 5592576K, used 1538188K [0x0000000600000000, 0x0000000755580000, 0x0000000755580000)
[2021-07-20T13:28:54.600+0000][50.110s][2294560][2294576][debug] GC(13)   object space 5592576K, 27% used [0x0000000600000000,0x000000065de232d0,0x0000000755580000)
[2021-07-20T13:28:54.600+0000][50.110s][2294560][2294576][debug] GC(13)  Metaspace       used 49506K, committed 49920K, reserved 1097728K
[2021-07-20T13:28:54.600+0000][50.110s][2294560][2294576][debug] GC(13)   class space    used 6246K, committed 6464K, reserved 1048576K
[2021-07-20T13:28:54.600+0000][50.110s][2294560][2294576][info ] Safepoint "ParallelGCFailedAllocation", Time since last: 590893889 ns, Reaching safepoint: 183279 ns, At safepoint: 65298285 ns, Total: 65481564 ns
[2021-07-20T13:28:55.217+0000][50.727s][2294560][2294576][debug] GC(14) Heap before GC invocations=15 (full 2):
[2021-07-20T13:28:55.217+0000][50.727s][2294560][2294576][debug] GC(14)  PSYoungGen      total 2074112K, used 1484992K [0x0000000755580000, 0x0000000800000000, 0x0000000800000000)
[2021-07-20T13:28:55.217+0000][50.727s][2294560][2294576][debug] GC(14)   eden space 1334272K, 100% used [0x0000000755580000,0x00000007a6c80000,0x00000007a6c80000)
[2021-07-20T13:28:55.217+0000][50.727s][2294560][2294576][debug] GC(14)   from space 739840K, 20% used [0x00000007d2d80000,0x00000007dc0b0328,0x0000000800000000)
[2021-07-20T13:28:55.217+0000][50.727s][2294560][2294576][debug] GC(14)   to   space 721920K, 0% used [0x00000007a6c80000,0x00000007a6c80000,0x00000007d2d80000)
[2021-07-20T13:28:55.217+0000][50.727s][2294560][2294576][debug] GC(14)  ParOldGen       total 5592576K, used 1538188K [0x0000000600000000, 0x0000000755580000, 0x0000000755580000)
[2021-07-20T13:28:55.217+0000][50.727s][2294560][2294576][debug] GC(14)   object space 5592576K, 27% used [0x0000000600000000,0x000000065de232d0,0x0000000755580000)
[2021-07-20T13:28:55.217+0000][50.727s][2294560][2294576][debug] GC(14)  Metaspace       used 49506K, committed 49920K, reserved 1097728K
[2021-07-20T13:28:55.217+0000][50.727s][2294560][2294576][debug] GC(14)   class space    used 6246K, committed 6464K, reserved 1048576K
[2021-07-20T13:28:55.274+0000][50.784s][2294560][2294576][debug] GC(14) Desired survivor size 722468864 bytes, new threshold 1 (max threshold 15)
[2021-07-20T13:28:55.274+0000][50.784s][2294560][2294576][info ] GC(14) PSYoungGen: 1484992K(2074112K)->128736K(2056192K) Eden: 1334272K(1334272K)->0K(1334272K) From: 150720K(739840K)->128736K(721920K)
[2021-07-20T13:28:55.274+0000][50.784s][2294560][2294576][info ] GC(14) ParOldGen: 1538188K(5592576K)->1698883K(5592576K)
[2021-07-20T13:28:55.274+0000][50.784s][2294560][2294576][info ] GC(14) Pause Young (Allocation Failure) 2952M->1784M(7469M) 57.021ms
[2021-07-20T13:28:55.274+0000][50.784s][2294560][2294576][debug] GC(14) Heap after GC invocations=15 (full 2):
[2021-07-20T13:28:55.274+0000][50.784s][2294560][2294576][debug] GC(14)  PSYoungGen      total 2056192K, used 128736K [0x0000000755580000, 0x0000000800000000, 0x0000000800000000)
[2021-07-20T13:28:55.274+0000][50.784s][2294560][2294576][debug] GC(14)   eden space 1334272K, 0% used [0x0000000755580000,0x0000000755580000,0x00000007a6c80000)
[2021-07-20T13:28:55.274+0000][50.784s][2294560][2294576][debug] GC(14)   from space 721920K, 17% used [0x00000007a6c80000,0x00000007aea38168,0x00000007d2d80000)
[2021-07-20T13:28:55.274+0000][50.784s][2294560][2294576][debug] GC(14)   to   space 705536K, 0% used [0x00000007d4f00000,0x00000007d4f00000,0x0000000800000000)
[2021-07-20T13:28:55.274+0000][50.784s][2294560][2294576][debug] GC(14)  ParOldGen       total 5592576K, used 1698883K [0x0000000600000000, 0x0000000755580000, 0x0000000755580000)
[2021-07-20T13:28:55.274+0000][50.784s][2294560][2294576][debug] GC(14)   object space 5592576K, 30% used [0x0000000600000000,0x0000000667b10c20,0x0000000755580000)
[2021-07-20T13:28:55.274+0000][50.784s][2294560][2294576][debug] GC(14)  Metaspace       used 49506K, committed 49920K, reserved 1097728K
[2021-07-20T13:28:55.275+0000][50.784s][2294560][2294576][debug] GC(14)   class space    used 6246K, committed 6464K, reserved 1048576K
[2021-07-20T13:28:55.275+0000][50.785s][2294560][2294576][info ] Safepoint "ParallelGCFailedAllocation", Time since last: 617246841 ns, Reaching safepoint: 167024 ns, At safepoint: 57478582 ns, Total: 57645606 ns
[2021-07-20T13:28:55.920+0000][51.430s][2294560][2294576][debug] GC(15) Heap before GC invocations=16 (full 2):
[2021-07-20T13:28:55.920+0000][51.430s][2294560][2294576][debug] GC(15)  PSYoungGen      total 2056192K, used 1463008K [0x0000000755580000, 0x0000000800000000, 0x0000000800000000)
[2021-07-20T13:28:55.920+0000][51.430s][2294560][2294576][debug] GC(15)   eden space 1334272K, 100% used [0x0000000755580000,0x00000007a6c80000,0x00000007a6c80000)
[2021-07-20T13:28:55.920+0000][51.430s][2294560][2294576][debug] GC(15)   from space 721920K, 17% used [0x00000007a6c80000,0x00000007aea38168,0x00000007d2d80000)
[2021-07-20T13:28:55.920+0000][51.430s][2294560][2294576][debug] GC(15)   to   space 705536K, 0% used [0x00000007d4f00000,0x00000007d4f00000,0x0000000800000000)
[2021-07-20T13:28:55.920+0000][51.430s][2294560][2294576][debug] GC(15)  ParOldGen       total 5592576K, used 1698883K [0x0000000600000000, 0x0000000755580000, 0x0000000755580000)
[2021-07-20T13:28:55.920+0000][51.430s][2294560][2294576][debug] GC(15)   object space 5592576K, 30% used [0x0000000600000000,0x0000000667b10c20,0x0000000755580000)
[2021-07-20T13:28:55.920+0000][51.430s][2294560][2294576][debug] GC(15)  Metaspace       used 49508K, committed 49920K, reserved 1097728K
[2021-07-20T13:28:55.920+0000][51.430s][2294560][2294576][debug] GC(15)   class space    used 6246K, committed 6464K, reserved 1048576K
[2021-07-20T13:28:55.983+0000][51.493s][2294560][2294576][debug] GC(15) Desired survivor size 698351616 bytes, new threshold 1 (max threshold 15)
[2021-07-20T13:28:55.983+0000][51.493s][2294560][2294576][debug] GC(15) Running ParallelGC PreTouch tail with 13 workers for 19 work units pre-touching 76021760B.
[2021-07-20T13:28:55.983+0000][51.493s][2294560][2294576][debug] GC(15) Running ParallelGC PreTouch tail with 9 workers for 9 work units pre-touching 35127296B.
[2021-07-20T13:28:55.983+0000][51.493s][2294560][2294576][info ] GC(15) PSYoungGen: 1463008K(2056192K)->155328K(2114048K) Eden: 1334272K(1334272K)->0K(1408512K) From: 128736K(721920K)->155328K(705536K)
[2021-07-20T13:28:55.983+0000][51.493s][2294560][2294576][info ] GC(15) ParOldGen: 1698883K(5592576K)->1833619K(5592576K)
[2021-07-20T13:28:55.983+0000][51.493s][2294560][2294576][info ] GC(15) Pause Young (Allocation Failure) 3087M->1942M(7526M) 63.326ms
[2021-07-20T13:28:55.983+0000][51.493s][2294560][2294576][debug] GC(15) Heap after GC invocations=16 (full 2):
[2021-07-20T13:28:55.983+0000][51.493s][2294560][2294576][debug] GC(15)  PSYoungGen      total 2114048K, used 155328K [0x0000000755580000, 0x0000000800000000, 0x0000000800000000)
[2021-07-20T13:28:55.983+0000][51.493s][2294560][2294576][debug] GC(15)   eden space 1408512K, 0% used [0x0000000755580000,0x0000000755580000,0x00000007ab500000)
[2021-07-20T13:28:55.983+0000][51.493s][2294560][2294576][debug] GC(15)   from space 705536K, 22% used [0x00000007d4f00000,0x00000007de6b02e8,0x0000000800000000)
[2021-07-20T13:28:55.983+0000][51.493s][2294560][2294576][debug] GC(15)   to   space 681984K, 0% used [0x00000007ab500000,0x00000007ab500000,0x00000007d4f00000)
[2021-07-20T13:28:55.983+0000][51.493s][2294560][2294576][debug] GC(15)  ParOldGen       total 5592576K, used 1833619K [0x0000000600000000, 0x0000000755580000, 0x0000000755580000)
[2021-07-20T13:28:55.983+0000][51.493s][2294560][2294576][debug] GC(15)   object space 5592576K, 32% used [0x0000000600000000,0x000000066fea4df8,0x0000000755580000)
[2021-07-20T13:28:55.983+0000][51.493s][2294560][2294576][debug] GC(15)  Metaspace       used 49508K, committed 49920K, reserved 1097728K
[2021-07-20T13:28:55.983+0000][51.493s][2294560][2294576][debug] GC(15)   class space    used 6246K, committed 6464K, reserved 1048576K
[2021-07-20T13:28:55.984+0000][51.494s][2294560][2294576][info ] Safepoint "ParallelGCFailedAllocation", Time since last: 617184196 ns, Reaching safepoint: 27986606 ns, At safepoint: 63840877 ns, Total: 91827483 ns
[2021-07-20T13:28:56.647+0000][52.157s][2294560][2294576][debug] GC(16) Heap before GC invocations=17 (full 2):
[2021-07-20T13:28:56.647+0000][52.157s][2294560][2294576][debug] GC(16)  PSYoungGen      total 2114048K, used 1563840K [0x0000000755580000, 0x0000000800000000, 0x0000000800000000)
[2021-07-20T13:28:56.647+0000][52.157s][2294560][2294576][debug] GC(16)   eden space 1408512K, 100% used [0x0000000755580000,0x00000007ab500000,0x00000007ab500000)
[2021-07-20T13:28:56.647+0000][52.157s][2294560][2294576][debug] GC(16)   from space 705536K, 22% used [0x00000007d4f00000,0x00000007de6b02e8,0x0000000800000000)
[2021-07-20T13:28:56.647+0000][52.157s][2294560][2294576][debug] GC(16)   to   space 681984K, 0% used [0x00000007ab500000,0x00000007ab500000,0x00000007d4f00000)
[2021-07-20T13:28:56.647+0000][52.157s][2294560][2294576][debug] GC(16)  ParOldGen       total 5592576K, used 1833619K [0x0000000600000000, 0x0000000755580000, 0x0000000755580000)
[2021-07-20T13:28:56.647+0000][52.157s][2294560][2294576][debug] GC(16)   object space 5592576K, 32% used [0x0000000600000000,0x000000066fea4df8,0x0000000755580000)
[2021-07-20T13:28:56.647+0000][52.157s][2294560][2294576][debug] GC(16)  Metaspace       used 49538K, committed 49984K, reserved 1097728K
[2021-07-20T13:28:56.647+0000][52.157s][2294560][2294576][debug] GC(16)   class space    used 6249K, committed 6464K, reserved 1048576K
[2021-07-20T13:28:56.715+0000][52.225s][2294560][2294576][debug] GC(16) Desired survivor size 671612928 bytes, new threshold 1 (max threshold 15)
[2021-07-20T13:28:56.715+0000][52.225s][2294560][2294576][info ] GC(16) PSYoungGen: 1563840K(2114048K)->163312K(2090496K) Eden: 1408512K(1408512K)->0K(1408512K) From: 155328K(705536K)->163312K(681984K)
[2021-07-20T13:28:56.715+0000][52.225s][2294560][2294576][info ] GC(16) ParOldGen: 1833619K(5592576K)->1997948K(5592576K)
[2021-07-20T13:28:56.715+0000][52.225s][2294560][2294576][info ] GC(16) Pause Young (Allocation Failure) 3317M->2110M(7503M) 68.137ms
[2021-07-20T13:28:56.715+0000][52.225s][2294560][2294576][debug] GC(16) Heap after GC invocations=17 (full 2):
[2021-07-20T13:28:56.715+0000][52.225s][2294560][2294576][debug] GC(16)  PSYoungGen      total 2090496K, used 163312K [0x0000000755580000, 0x0000000800000000, 0x0000000800000000)
[2021-07-20T13:28:56.715+0000][52.225s][2294560][2294576][debug] GC(16)   eden space 1408512K, 0% used [0x0000000755580000,0x0000000755580000,0x00000007ab500000)
[2021-07-20T13:28:56.715+0000][52.225s][2294560][2294576][debug] GC(16)   from space 681984K, 23% used [0x00000007ab500000,0x00000007b547c2f8,0x00000007d4f00000)
[2021-07-20T13:28:56.715+0000][52.225s][2294560][2294576][debug] GC(16)   to   space 655872K, 0% used [0x00000007d7f80000,0x00000007d7f80000,0x0000000800000000)
[2021-07-20T13:28:56.715+0000][52.225s][2294560][2294576][debug] GC(16)  ParOldGen       total 5592576K, used 1997948K [0x0000000600000000, 0x0000000755580000, 0x0000000755580000)
[2021-07-20T13:28:56.715+0000][52.225s][2294560][2294576][debug] GC(16)   object space 5592576K, 35% used [0x0000000600000000,0x0000000679f1f180,0x0000000755580000)
[2021-07-20T13:28:56.715+0000][52.225s][2294560][2294576][debug] GC(16)  Metaspace       used 49538K, committed 49984K, reserved 1097728K
[2021-07-20T13:28:56.715+0000][52.225s][2294560][2294576][debug] GC(16)   class space    used 6249K, committed 6464K, reserved 1048576K
[2021-07-20T13:28:56.718+0000][52.228s][2294560][2294576][info ] Safepoint "ParallelGCFailedAllocation", Time since last: 663180565 ns, Reaching safepoint: 183092 ns, At safepoint: 70862267 ns, Total: 71045359 ns
[2021-07-20T13:28:57.361+0000][52.871s][2294560][2294576][debug] GC(17) Heap before GC invocations=18 (full 2):
[2021-07-20T13:28:57.361+0000][52.871s][2294560][2294576][debug] GC(17)  PSYoungGen      total 2090496K, used 1571824K [0x0000000755580000, 0x0000000800000000, 0x0000000800000000)
[2021-07-20T13:28:57.361+0000][52.871s][2294560][2294576][debug] GC(17)   eden space 1408512K, 100% used [0x0000000755580000,0x00000007ab500000,0x00000007ab500000)
[2021-07-20T13:28:57.361+0000][52.871s][2294560][2294576][debug] GC(17)   from space 681984K, 23% used [0x00000007ab500000,0x00000007b547c2f8,0x00000007d4f00000)
[2021-07-20T13:28:57.361+0000][52.871s][2294560][2294576][debug] GC(17)   to   space 655872K, 0% used [0x00000007d7f80000,0x00000007d7f80000,0x0000000800000000)
[2021-07-20T13:28:57.361+0000][52.871s][2294560][2294576][debug] GC(17)  ParOldGen       total 5592576K, used 1997948K [0x0000000600000000, 0x0000000755580000, 0x0000000755580000)
[2021-07-20T13:28:57.361+0000][52.871s][2294560][2294576][debug] GC(17)   object space 5592576K, 35% used [0x0000000600000000,0x0000000679f1f180,0x0000000755580000)
[2021-07-20T13:28:57.361+0000][52.871s][2294560][2294576][debug] GC(17)  Metaspace       used 49543K, committed 49984K, reserved 1097728K
[2021-07-20T13:28:57.361+0000][52.871s][2294560][2294576][debug] GC(17)   class space    used 6250K, committed 6464K, reserved 1048576K
[2021-07-20T13:28:57.433+0000][52.943s][2294560][2294576][debug] GC(17) Desired survivor size 648544256 bytes, new threshold 1 (max threshold 15)
[2021-07-20T13:28:57.433+0000][52.943s][2294560][2294576][debug] GC(17) Running ParallelGC PreTouch tail with 13 workers for 24 work units pre-touching 100663296B.
[2021-07-20T13:28:57.433+0000][52.943s][2294560][2294576][debug] GC(17) Running ParallelGC PreTouch tail with 13 workers for 13 work units pre-touching 50855936B.
[2021-07-20T13:28:57.433+0000][52.943s][2294560][2294576][info ] GC(17) PSYoungGen: 1571824K(2090496K)->143264K(2162688K) Eden: 1408512K(1408512K)->0K(1506816K) From: 163312K(681984K)->143264K(655872K)
[2021-07-20T13:28:57.433+0000][52.943s][2294560][2294576][info ] GC(17) ParOldGen: 1997948K(5592576K)->2182629K(5592576K)
[2021-07-20T13:28:57.433+0000][52.943s][2294560][2294576][info ] GC(17) Pause Young (Allocation Failure) 3486M->2271M(7573M) 71.705ms
[2021-07-20T13:28:57.433+0000][52.943s][2294560][2294576][debug] GC(17) Heap after GC invocations=18 (full 2):
[2021-07-20T13:28:57.433+0000][52.943s][2294560][2294576][debug] GC(17)  PSYoungGen      total 2162688K, used 143264K [0x0000000755580000, 0x0000000800000000, 0x0000000800000000)
[2021-07-20T13:28:57.433+0000][52.943s][2294560][2294576][debug] GC(17)   eden space 1506816K, 0% used [0x0000000755580000,0x0000000755580000,0x00000007b1500000)
[2021-07-20T13:28:57.433+0000][52.943s][2294560][2294576][debug] GC(17)   from space 655872K, 21% used [0x00000007d7f80000,0x00000007e0b68198,0x0000000800000000)
[2021-07-20T13:28:57.433+0000][52.943s][2294560][2294576][debug] GC(17)   to   space 633344K, 0% used [0x00000007b1500000,0x00000007b1500000,0x00000007d7f80000)
[2021-07-20T13:28:57.433+0000][52.943s][2294560][2294576][debug] GC(17)  ParOldGen       total 5592576K, used 2182629K [0x0000000600000000, 0x0000000755580000, 0x0000000755580000)
[2021-07-20T13:28:57.433+0000][52.943s][2294560][2294576][debug] GC(17)   object space 5592576K, 39% used [0x0000000600000000,0x00000006853795c8,0x0000000755580000)
[2021-07-20T13:28:57.433+0000][52.943s][2294560][2294576][debug] GC(17)  Metaspace       used 49543K, committed 49984K, reserved 1097728K
[2021-07-20T13:28:57.433+0000][52.943s][2294560][2294576][debug] GC(17)   class space    used 6250K, committed 6464K, reserved 1048576K
[2021-07-20T13:28:57.433+0000][52.943s][2294560][2294576][info ] Safepoint "ParallelGCFailedAllocation", Time since last: 643136999 ns, Reaching safepoint: 193333 ns, At safepoint: 72102148 ns, Total: 72295481 ns
[2021-07-20T13:28:58.113+0000][53.623s][2294560][2294576][debug] GC(18) Heap before GC invocations=19 (full 2):
[2021-07-20T13:28:58.114+0000][53.623s][2294560][2294576][debug] GC(18)  PSYoungGen      total 2162688K, used 1650080K [0x0000000755580000, 0x0000000800000000, 0x0000000800000000)
[2021-07-20T13:28:58.114+0000][53.623s][2294560][2294576][debug] GC(18)   eden space 1506816K, 100% used [0x0000000755580000,0x00000007b1500000,0x00000007b1500000)
[2021-07-20T13:28:58.114+0000][53.623s][2294560][2294576][debug] GC(18)   from space 655872K, 21% used [0x00000007d7f80000,0x00000007e0b68198,0x0000000800000000)
[2021-07-20T13:28:58.114+0000][53.623s][2294560][2294576][debug] GC(18)   to   space 633344K, 0% used [0x00000007b1500000,0x00000007b1500000,0x00000007d7f80000)
[2021-07-20T13:28:58.114+0000][53.623s][2294560][2294576][debug] GC(18)  ParOldGen       total 5592576K, used 2182629K [0x0000000600000000, 0x0000000755580000, 0x0000000755580000)
[2021-07-20T13:28:58.114+0000][53.624s][2294560][2294576][debug] GC(18)   object space 5592576K, 39% used [0x0000000600000000,0x00000006853795c8,0x0000000755580000)
[2021-07-20T13:28:58.114+0000][53.624s][2294560][2294576][debug] GC(18)  Metaspace       used 49563K, committed 49984K, reserved 1097728K
[2021-07-20T13:28:58.114+0000][53.624s][2294560][2294576][debug] GC(18)   class space    used 6250K, committed 6464K, reserved 1048576K
[2021-07-20T13:28:58.184+0000][53.694s][2294560][2294576][debug] GC(18) Desired survivor size 623902720 bytes, new threshold 1 (max threshold 15)
[2021-07-20T13:28:58.184+0000][53.694s][2294560][2294576][info ] GC(18) PSYoungGen: 1650080K(2162688K)->149360K(2140160K) Eden: 1506816K(1506816K)->0K(1506816K) From: 143264K(655872K)->149360K(633344K)
[2021-07-20T13:28:58.184+0000][53.694s][2294560][2294576][info ] GC(18) ParOldGen: 2182629K(5592576K)->2348206K(5592576K)
[2021-07-20T13:28:58.184+0000][53.694s][2294560][2294576][info ] GC(18) Pause Young (Allocation Failure) 3742M->2439M(7551M) 70.470ms
[2021-07-20T13:28:58.184+0000][53.694s][2294560][2294576][debug] GC(18) Heap after GC invocations=19 (full 2):
[2021-07-20T13:28:58.184+0000][53.694s][2294560][2294576][debug] GC(18)  PSYoungGen      total 2140160K, used 149360K [0x0000000755580000, 0x0000000800000000, 0x0000000800000000)
[2021-07-20T13:28:58.184+0000][53.694s][2294560][2294576][debug] GC(18)   eden space 1506816K, 0% used [0x0000000755580000,0x0000000755580000,0x00000007b1500000)
[2021-07-20T13:28:58.184+0000][53.694s][2294560][2294576][debug] GC(18)   from space 633344K, 23% used [0x00000007b1500000,0x00000007ba6dc1e8,0x00000007d7f80000)
[2021-07-20T13:28:58.184+0000][53.694s][2294560][2294576][debug] GC(18)   to   space 609280K, 0% used [0x00000007dad00000,0x00000007dad00000,0x0000000800000000)
[2021-07-20T13:28:58.184+0000][53.694s][2294560][2294576][debug] GC(18)  ParOldGen       total 5592576K, used 2348206K [0x0000000600000000, 0x0000000755580000, 0x0000000755580000)
[2021-07-20T13:28:58.184+0000][53.694s][2294560][2294576][debug] GC(18)   object space 5592576K, 41% used [0x0000000600000000,0x000000068f52b8d0,0x0000000755580000)
[2021-07-20T13:28:58.184+0000][53.694s][2294560][2294576][debug] GC(18)  Metaspace       used 49563K, committed 49984K, reserved 1097728K
[2021-07-20T13:28:58.184+0000][53.694s][2294560][2294576][debug] GC(18)   class space    used 6250K, committed 6464K, reserved 1048576K
[2021-07-20T13:28:58.185+0000][53.695s][2294560][2294576][info ] Safepoint "ParallelGCFailedAllocation", Time since last: 679897048 ns, Reaching safepoint: 155761 ns, At safepoint: 71801586 ns, Total: 71957347 ns
[2021-07-20T13:28:58.892+0000][54.402s][2294560][2294576][debug] GC(19) Heap before GC invocations=20 (full 2):
[2021-07-20T13:28:58.892+0000][54.402s][2294560][2294576][debug] GC(19)  PSYoungGen      total 2140160K, used 1656176K [0x0000000755580000, 0x0000000800000000, 0x0000000800000000)
[2021-07-20T13:28:58.892+0000][54.402s][2294560][2294576][debug] GC(19)   eden space 1506816K, 100% used [0x0000000755580000,0x00000007b1500000,0x00000007b1500000)
[2021-07-20T13:28:58.892+0000][54.402s][2294560][2294576][debug] GC(19)   from space 633344K, 23% used [0x00000007b1500000,0x00000007ba6dc1e8,0x00000007d7f80000)
[2021-07-20T13:28:58.892+0000][54.402s][2294560][2294576][debug] GC(19)   to   space 609280K, 0% used [0x00000007dad00000,0x00000007dad00000,0x0000000800000000)
[2021-07-20T13:28:58.892+0000][54.402s][2294560][2294576][debug] GC(19)  ParOldGen       total 5592576K, used 2348206K [0x0000000600000000, 0x0000000755580000, 0x0000000755580000)
[2021-07-20T13:28:58.892+0000][54.402s][2294560][2294576][debug] GC(19)   object space 5592576K, 41% used [0x0000000600000000,0x000000068f52b8d0,0x0000000755580000)
[2021-07-20T13:28:58.892+0000][54.402s][2294560][2294576][debug] GC(19)  Metaspace       used 49576K, committed 49984K, reserved 1097728K
[2021-07-20T13:28:58.892+0000][54.402s][2294560][2294576][debug] GC(19)   class space    used 6250K, committed 6464K, reserved 1048576K
[2021-07-20T13:28:58.960+0000][54.470s][2294560][2294576][debug] GC(19) Desired survivor size 594018304 bytes, new threshold 1 (max threshold 15)
[2021-07-20T13:28:58.960+0000][54.470s][2294560][2294576][debug] GC(19) Running ParallelGC PreTouch tail with 13 workers for 25 work units pre-touching 102236160B.
[2021-07-20T13:28:58.960+0000][54.470s][2294560][2294576][debug] GC(19) Running ParallelGC PreTouch tail with 12 workers for 12 work units pre-touching 47710208B.
[2021-07-20T13:28:58.960+0000][54.470s][2294560][2294576][info ] GC(19) PSYoungGen: 1656176K(2140160K)->179776K(2215936K) Eden: 1506816K(1506816K)->0K(1606656K) From: 149360K(633344K)->179776K(609280K)
[2021-07-20T13:28:58.960+0000][54.470s][2294560][2294576][info ] GC(19) ParOldGen: 2348206K(5592576K)->2509636K(5592576K)
[2021-07-20T13:28:58.960+0000][54.470s][2294560][2294576][info ] GC(19) Pause Young (Allocation Failure) 3910M->2626M(7625M) 68.209ms
[2021-07-20T13:28:58.960+0000][54.470s][2294560][2294576][debug] GC(19) Heap after GC invocations=20 (full 2):
[2021-07-20T13:28:58.960+0000][54.470s][2294560][2294576][debug] GC(19)  PSYoungGen      total 2215936K, used 179776K [0x0000000755580000, 0x0000000800000000, 0x0000000800000000)
[2021-07-20T13:28:58.960+0000][54.470s][2294560][2294576][debug] GC(19)   eden space 1606656K, 0% used [0x0000000755580000,0x0000000755580000,0x00000007b7680000)
[2021-07-20T13:28:58.960+0000][54.470s][2294560][2294576][debug] GC(19)   from space 609280K, 29% used [0x00000007dad00000,0x00000007e5c903b0,0x0000000800000000)
[2021-07-20T13:28:58.960+0000][54.470s][2294560][2294576][debug] GC(19)   to   space 580096K, 0% used [0x00000007b7680000,0x00000007b7680000,0x00000007dad00000)
[2021-07-20T13:28:58.960+0000][54.470s][2294560][2294576][debug] GC(19)  ParOldGen       total 5592576K, used 2509636K [0x0000000600000000, 0x0000000755580000, 0x0000000755580000)
[2021-07-20T13:28:58.960+0000][54.470s][2294560][2294576][debug] GC(19)   object space 5592576K, 44% used [0x0000000600000000,0x00000006992d10f0,0x0000000755580000)
[2021-07-20T13:28:58.960+0000][54.470s][2294560][2294576][debug] GC(19)  Metaspace       used 49576K, committed 49984K, reserved 1097728K
[2021-07-20T13:28:58.960+0000][54.470s][2294560][2294576][debug] GC(19)   class space    used 6250K, committed 6464K, reserved 1048576K
[2021-07-20T13:28:58.960+0000][54.470s][2294560][2294576][info ] Safepoint "ParallelGCFailedAllocation", Time since last: 706145043 ns, Reaching safepoint: 161456 ns, At safepoint: 68655248 ns, Total: 68816704 ns
[2021-07-20T13:28:59.699+0000][55.209s][2294560][2294576][debug] GC(20) Heap before GC invocations=21 (full 2):
[2021-07-20T13:28:59.699+0000][55.209s][2294560][2294576][debug] GC(20)  PSYoungGen      total 2215936K, used 1786432K [0x0000000755580000, 0x0000000800000000, 0x0000000800000000)
[2021-07-20T13:28:59.699+0000][55.209s][2294560][2294576][debug] GC(20)   eden space 1606656K, 100% used [0x0000000755580000,0x00000007b7680000,0x00000007b7680000)
[2021-07-20T13:28:59.699+0000][55.209s][2294560][2294576][debug] GC(20)   from space 609280K, 29% used [0x00000007dad00000,0x00000007e5c903b0,0x0000000800000000)
[2021-07-20T13:28:59.699+0000][55.209s][2294560][2294576][debug] GC(20)   to   space 580096K, 0% used [0x00000007b7680000,0x00000007b7680000,0x00000007dad00000)
[2021-07-20T13:28:59.699+0000][55.209s][2294560][2294576][debug] GC(20)  ParOldGen       total 5592576K, used 2509636K [0x0000000600000000, 0x0000000755580000, 0x0000000755580000)
[2021-07-20T13:28:59.699+0000][55.209s][2294560][2294576][debug] GC(20)   object space 5592576K, 44% used [0x0000000600000000,0x00000006992d10f0,0x0000000755580000)
[2021-07-20T13:28:59.699+0000][55.209s][2294560][2294576][debug] GC(20)  Metaspace       used 49590K, committed 49984K, reserved 1097728K
[2021-07-20T13:28:59.699+0000][55.209s][2294560][2294576][debug] GC(20)   class space    used 6250K, committed 6464K, reserved 1048576K
[2021-07-20T13:28:59.774+0000][55.284s][2294560][2294576][debug] GC(20) Desired survivor size 566231040 bytes, new threshold 1 (max threshold 15)
[2021-07-20T13:28:59.774+0000][55.284s][2294560][2294576][info ] GC(20) PSYoungGen: 1786432K(2215936K)->175968K(2186752K) Eden: 1606656K(1606656K)->0K(1606656K) From: 179776K(609280K)->175968K(580096K)
[2021-07-20T13:28:59.774+0000][55.284s][2294560][2294576][info ] GC(20) ParOldGen: 2509636K(5592576K)->2696453K(5592576K)
[2021-07-20T13:28:59.774+0000][55.284s][2294560][2294576][info ] GC(20) Pause Young (Allocation Failure) 4195M->2805M(7597M) 75.039ms
[2021-07-20T13:28:59.774+0000][55.284s][2294560][2294576][debug] GC(20) Heap after GC invocations=21 (full 2):
[2021-07-20T13:28:59.774+0000][55.284s][2294560][2294576][debug] GC(20)  PSYoungGen      total 2186752K, used 175968K [0x0000000755580000, 0x0000000800000000, 0x0000000800000000)
[2021-07-20T13:28:59.774+0000][55.284s][2294560][2294576][debug] GC(20)   eden space 1606656K, 0% used [0x0000000755580000,0x0000000755580000,0x00000007b7680000)
[2021-07-20T13:28:59.774+0000][55.284s][2294560][2294576][debug] GC(20)   from space 580096K, 30% used [0x00000007b7680000,0x00000007c2258298,0x00000007dad00000)
[2021-07-20T13:28:59.774+0000][55.284s][2294560][2294576][debug] GC(20)   to   space 552960K, 0% used [0x00000007de400000,0x00000007de400000,0x0000000800000000)
[2021-07-20T13:28:59.774+0000][55.284s][2294560][2294576][debug] GC(20)  ParOldGen       total 5592576K, used 2696453K [0x0000000600000000, 0x0000000755580000, 0x0000000755580000)
[2021-07-20T13:28:59.774+0000][55.284s][2294560][2294576][debug] GC(20)   object space 5592576K, 48% used [0x0000000600000000,0x00000006a4941530,0x0000000755580000)
[2021-07-20T13:28:59.774+0000][55.284s][2294560][2294576][debug] GC(20)  Metaspace       used 49590K, committed 49984K, reserved 1097728K
[2021-07-20T13:28:59.774+0000][55.284s][2294560][2294576][debug] GC(20)   class space    used 6250K, committed 6464K, reserved 1048576K
[2021-07-20T13:28:59.775+0000][55.285s][2294560][2294576][info ] Safepoint "ParallelGCFailedAllocation", Time since last: 738836268 ns, Reaching safepoint: 83676 ns, At safepoint: 75551353 ns, Total: 75635029 ns
[2021-07-20T13:29:00.512+0000][56.022s][2294560][2294576][debug] GC(21) Heap before GC invocations=22 (full 2):
[2021-07-20T13:29:00.512+0000][56.022s][2294560][2294576][debug] GC(21)  PSYoungGen      total 2186752K, used 1782624K [0x0000000755580000, 0x0000000800000000, 0x0000000800000000)
[2021-07-20T13:29:00.512+0000][56.022s][2294560][2294576][debug] GC(21)   eden space 1606656K, 100% used [0x0000000755580000,0x00000007b7680000,0x00000007b7680000)
[2021-07-20T13:29:00.512+0000][56.022s][2294560][2294576][debug] GC(21)   from space 580096K, 30% used [0x00000007b7680000,0x00000007c2258298,0x00000007dad00000)
[2021-07-20T13:29:00.512+0000][56.022s][2294560][2294576][debug] GC(21)   to   space 552960K, 0% used [0x00000007de400000,0x00000007de400000,0x0000000800000000)
[2021-07-20T13:29:00.512+0000][56.022s][2294560][2294576][debug] GC(21)  ParOldGen       total 5592576K, used 2696453K [0x0000000600000000, 0x0000000755580000, 0x0000000755580000)
[2021-07-20T13:29:00.512+0000][56.022s][2294560][2294576][debug] GC(21)   object space 5592576K, 48% used [0x0000000600000000,0x00000006a4941530,0x0000000755580000)
[2021-07-20T13:29:00.512+0000][56.022s][2294560][2294576][debug] GC(21)  Metaspace       used 49597K, committed 49984K, reserved 1097728K
[2021-07-20T13:29:00.512+0000][56.022s][2294560][2294576][debug] GC(21)   class space    used 6250K, committed 6464K, reserved 1048576K
[2021-07-20T13:29:00.592+0000][56.102s][2294560][2294576][debug] GC(21) Desired survivor size 541589504 bytes, new threshold 1 (max threshold 15)
[2021-07-20T13:29:00.592+0000][56.102s][2294560][2294576][debug] GC(21) Running ParallelGC PreTouch tail with 13 workers for 27 work units pre-touching 110100480B.
[2021-07-20T13:29:00.592+0000][56.102s][2294560][2294576][debug] GC(21) Running ParallelGC PreTouch tail with 13 workers for 14 work units pre-touching 57671680B.
[2021-07-20T13:29:00.592+0000][56.102s][2294560][2294576][info ] GC(21) PSYoungGen: 1782624K(2186752K)->166944K(2267136K) Eden: 1606656K(1606656K)->0K(1714176K) From: 175968K(580096K)->166944K(552960K)
[2021-07-20T13:29:00.593+0000][56.102s][2294560][2294576][info ] GC(21) ParOldGen: 2696453K(5592576K)->2881598K(5592576K)
[2021-07-20T13:29:00.593+0000][56.103s][2294560][2294576][info ] GC(21) Pause Young (Allocation Failure) 4374M->2977M(7675M) 80.164ms
[2021-07-20T13:29:00.593+0000][56.103s][2294560][2294576][debug] GC(21) Heap after GC invocations=22 (full 2):
[2021-07-20T13:29:00.593+0000][56.103s][2294560][2294576][debug] GC(21)  PSYoungGen      total 2267136K, used 166944K [0x0000000755580000, 0x0000000800000000, 0x0000000800000000)
[2021-07-20T13:29:00.593+0000][56.103s][2294560][2294576][debug] GC(21)   eden space 1714176K, 0% used [0x0000000755580000,0x0000000755580000,0x00000007bdf80000)
[2021-07-20T13:29:00.593+0000][56.103s][2294560][2294576][debug] GC(21)   from space 552960K, 30% used [0x00000007de400000,0x00000007e8708208,0x0000000800000000)
[2021-07-20T13:29:00.593+0000][56.103s][2294560][2294576][debug] GC(21)   to   space 528896K, 0% used [0x00000007bdf80000,0x00000007bdf80000,0x00000007de400000)
[2021-07-20T13:29:00.593+0000][56.103s][2294560][2294576][debug] GC(21)  ParOldGen       total 5592576K, used 2881598K [0x0000000600000000, 0x0000000755580000, 0x0000000755580000)
[2021-07-20T13:29:00.593+0000][56.103s][2294560][2294576][debug] GC(21)   object space 5592576K, 51% used [0x0000000600000000,0x00000006afe0f868,0x0000000755580000)
[2021-07-20T13:29:00.593+0000][56.103s][2294560][2294576][debug] GC(21)  Metaspace       used 49597K, committed 49984K, reserved 1097728K
[2021-07-20T13:29:00.593+0000][56.103s][2294560][2294576][debug] GC(21)   class space    used 6250K, committed 6464K, reserved 1048576K
[2021-07-20T13:29:00.593+0000][56.103s][2294560][2294576][info ] Safepoint "ParallelGCFailedAllocation", Time since last: 737364326 ns, Reaching safepoint: 150456 ns, At safepoint: 80627860 ns, Total: 80778316 ns
[2021-07-20T13:29:01.368+0000][56.878s][2294560][2294576][debug] GC(22) Heap before GC invocations=23 (full 2):
[2021-07-20T13:29:01.368+0000][56.878s][2294560][2294576][debug] GC(22)  PSYoungGen      total 2267136K, used 1881120K [0x0000000755580000, 0x0000000800000000, 0x0000000800000000)
[2021-07-20T13:29:01.368+0000][56.878s][2294560][2294576][debug] GC(22)   eden space 1714176K, 100% used [0x0000000755580000,0x00000007bdf80000,0x00000007bdf80000)
[2021-07-20T13:29:01.368+0000][56.878s][2294560][2294576][debug] GC(22)   from space 552960K, 30% used [0x00000007de400000,0x00000007e8708208,0x0000000800000000)
[2021-07-20T13:29:01.368+0000][56.878s][2294560][2294576][debug] GC(22)   to   space 528896K, 0% used [0x00000007bdf80000,0x00000007bdf80000,0x00000007de400000)
[2021-07-20T13:29:01.368+0000][56.878s][2294560][2294576][debug] GC(22)  ParOldGen       total 5592576K, used 2881598K [0x0000000600000000, 0x0000000755580000, 0x0000000755580000)
[2021-07-20T13:29:01.368+0000][56.878s][2294560][2294576][debug] GC(22)   object space 5592576K, 51% used [0x0000000600000000,0x00000006afe0f868,0x0000000755580000)
[2021-07-20T13:29:01.368+0000][56.878s][2294560][2294576][debug] GC(22)  Metaspace       used 49601K, committed 49984K, reserved 1097728K
[2021-07-20T13:29:01.368+0000][56.878s][2294560][2294576][debug] GC(22)   class space    used 6250K, committed 6464K, reserved 1048576K
[2021-07-20T13:29:01.455+0000][56.965s][2294560][2294576][debug] GC(22) Desired survivor size 511705088 bytes, new threshold 1 (max threshold 15)
[2021-07-20T13:29:01.455+0000][56.965s][2294560][2294576][info ] GC(22) PSYoungGen: 1881120K(2267136K)->201393K(2243072K) Eden: 1714176K(1714176K)->0K(1714176K) From: 166944K(552960K)->201393K(528896K)
[2021-07-20T13:29:01.455+0000][56.965s][2294560][2294576][info ] GC(22) ParOldGen: 2881598K(5592576K)->3059670K(5592576K)
[2021-07-20T13:29:01.455+0000][56.965s][2294560][2294576][info ] GC(22) Pause Young (Allocation Failure) 4651M->3184M(7652M) 87.541ms
[2021-07-20T13:29:01.455+0000][56.965s][2294560][2294576][debug] GC(22) Heap after GC invocations=23 (full 2):
[2021-07-20T13:29:01.455+0000][56.965s][2294560][2294576][debug] GC(22)  PSYoungGen      total 2243072K, used 201393K [0x0000000755580000, 0x0000000800000000, 0x0000000800000000)
[2021-07-20T13:29:01.455+0000][56.965s][2294560][2294576][debug] GC(22)   eden space 1714176K, 0% used [0x0000000755580000,0x0000000755580000,0x00000007bdf80000)
[2021-07-20T13:29:01.455+0000][56.965s][2294560][2294576][debug] GC(22)   from space 528896K, 38% used [0x00000007bdf80000,0x00000007ca42c420,0x00000007de400000)
[2021-07-20T13:29:01.455+0000][56.965s][2294560][2294576][debug] GC(22)   to   space 499712K, 0% used [0x00000007e1800000,0x00000007e1800000,0x0000000800000000)
[2021-07-20T13:29:01.455+0000][56.965s][2294560][2294576][debug] GC(22)  ParOldGen       total 5592576K, used 3059670K [0x0000000600000000, 0x0000000755580000, 0x0000000755580000)
[2021-07-20T13:29:01.455+0000][56.965s][2294560][2294576][debug] GC(22)   object space 5592576K, 54% used [0x0000000600000000,0x00000006babf5b30,0x0000000755580000)
[2021-07-20T13:29:01.455+0000][56.965s][2294560][2294576][debug] GC(22)  Metaspace       used 49601K, committed 49984K, reserved 1097728K
[2021-07-20T13:29:01.455+0000][56.965s][2294560][2294576][debug] GC(22)   class space    used 6250K, committed 6464K, reserved 1048576K
[2021-07-20T13:29:01.456+0000][56.966s][2294560][2294576][info ] Safepoint "ParallelGCFailedAllocation", Time since last: 774508267 ns, Reaching safepoint: 198061 ns, At safepoint: 88151348 ns, Total: 88349409 ns
[2021-07-20T13:29:02.456+0000][57.966s][2294560][2294576][info ] Safepoint "Cleanup", Time since last: 1000108804 ns, Reaching safepoint: 142801 ns, At safepoint: 6564 ns, Total: 149365 ns
[2021-07-20T13:29:03.456+0000][58.966s][2294560][2294576][info ] Safepoint "Cleanup", Time since last: 1000125081 ns, Reaching safepoint: 149224 ns, At safepoint: 17905 ns, Total: 167129 ns
[2021-07-20T13:29:03.903+0000][59.413s][2294560][2294576][info ] Safepoint "ICBufferFull", Time since last: 446511362 ns, Reaching safepoint: 185279 ns, At safepoint: 9158 ns, Total: 194437 ns
[2021-07-20T13:29:04.060+0000][59.570s][2294560][2294576][debug] GC(23) Heap before GC invocations=24 (full 2):
[2021-07-20T13:29:04.060+0000][59.570s][2294560][2294576][debug] GC(23)  PSYoungGen      total 2243072K, used 1915569K [0x0000000755580000, 0x0000000800000000, 0x0000000800000000)
[2021-07-20T13:29:04.060+0000][59.570s][2294560][2294576][debug] GC(23)   eden space 1714176K, 100% used [0x0000000755580000,0x00000007bdf80000,0x00000007bdf80000)
[2021-07-20T13:29:04.060+0000][59.570s][2294560][2294576][debug] GC(23)   from space 528896K, 38% used [0x00000007bdf80000,0x00000007ca42c420,0x00000007de400000)
[2021-07-20T13:29:04.060+0000][59.570s][2294560][2294576][debug] GC(23)   to   space 499712K, 0% used [0x00000007e1800000,0x00000007e1800000,0x0000000800000000)
[2021-07-20T13:29:04.060+0000][59.570s][2294560][2294576][debug] GC(23)  ParOldGen       total 5592576K, used 3059670K [0x0000000600000000, 0x0000000755580000, 0x0000000755580000)
[2021-07-20T13:29:04.060+0000][59.570s][2294560][2294576][debug] GC(23)   object space 5592576K, 54% used [0x0000000600000000,0x00000006babf5b30,0x0000000755580000)
[2021-07-20T13:29:04.060+0000][59.570s][2294560][2294576][debug] GC(23)  Metaspace       used 49769K, committed 50176K, reserved 1097728K
[2021-07-20T13:29:04.060+0000][59.570s][2294560][2294576][debug] GC(23)   class space    used 6254K, committed 6464K, reserved 1048576K
[2021-07-20T13:29:04.129+0000][59.639s][2294560][2294576][debug] GC(23) Desired survivor size 492306432 bytes, new threshold 1 (max threshold 15)
[2021-07-20T13:29:04.129+0000][59.639s][2294560][2294576][debug] GC(23) Running ParallelGC PreTouch tail with 13 workers for 25 work units pre-touching 103809024B.
[2021-07-20T13:29:04.130+0000][59.640s][2294560][2294576][debug] GC(23) Running ParallelGC PreTouch tail with 13 workers for 13 work units pre-touching 54525952B.
[2021-07-20T13:29:04.130+0000][59.640s][2294560][2294576][info ] GC(23) PSYoungGen: 1915569K(2243072K)->156464K(2315264K) Eden: 1714176K(1714176K)->0K(1815552K) From: 201393K(528896K)->156464K(499712K)
[2021-07-20T13:29:04.130+0000][59.640s][2294560][2294576][info ] GC(23) ParOldGen: 3059670K(5592576K)->3249519K(5592576K)
[2021-07-20T13:29:04.130+0000][59.640s][2294560][2294576][info ] GC(23) Pause Young (Allocation Failure) 4858M->3326M(7722M) 69.345ms
[2021-07-20T13:29:04.130+0000][59.640s][2294560][2294576][debug] GC(23) Heap after GC invocations=24 (full 2):
[2021-07-20T13:29:04.130+0000][59.640s][2294560][2294576][debug] GC(23)  PSYoungGen      total 2315264K, used 156464K [0x0000000755580000, 0x0000000800000000, 0x0000000800000000)
[2021-07-20T13:29:04.130+0000][59.640s][2294560][2294576][debug] GC(23)   eden space 1815552K, 0% used [0x0000000755580000,0x0000000755580000,0x00000007c4280000)
[2021-07-20T13:29:04.130+0000][59.640s][2294560][2294576][debug] GC(23)   from space 499712K, 31% used [0x00000007e1800000,0x00000007eb0cc318,0x0000000800000000)
[2021-07-20T13:29:04.130+0000][59.640s][2294560][2294576][debug] GC(23)   to   space 480768K, 0% used [0x00000007c4280000,0x00000007c4280000,0x00000007e1800000)
[2021-07-20T13:29:04.130+0000][59.640s][2294560][2294576][debug] GC(23)  ParOldGen       total 5592576K, used 3249519K [0x0000000600000000, 0x0000000755580000, 0x0000000755580000)
[2021-07-20T13:29:04.130+0000][59.640s][2294560][2294576][debug] GC(23)   object space 5592576K, 58% used [0x0000000600000000,0x00000006c655be90,0x0000000755580000)
[2021-07-20T13:29:04.130+0000][59.640s][2294560][2294576][debug] GC(23)  Metaspace       used 49769K, committed 50176K, reserved 1097728K
[2021-07-20T13:29:04.130+0000][59.640s][2294560][2294576][debug] GC(23)   class space    used 6254K, committed 6464K, reserved 1048576K
[2021-07-20T13:29:04.130+0000][59.640s][2294560][2294576][info ] Safepoint "ParallelGCFailedAllocation", Time since last: 157219529 ns, Reaching safepoint: 135490 ns, At safepoint: 69651587 ns, Total: 69787077 ns
[2021-07-20T13:29:05.130+0000][60.640s][2294560][2294576][info ] Safepoint "Cleanup", Time since last: 1000122746 ns, Reaching safepoint: 167796 ns, At safepoint: 7309 ns, Total: 175105 ns
[2021-07-20T13:29:06.131+0000][61.640s][2294560][2294576][info ] Safepoint "Cleanup", Time since last: 1000113281 ns, Reaching safepoint: 116592 ns, At safepoint: 5593 ns, Total: 122185 ns
[2021-07-20T13:29:07.131+0000][62.641s][2294560][2294576][info ] Safepoint "Cleanup", Time since last: 1000131040 ns, Reaching safepoint: 134940 ns, At safepoint: 6430 ns, Total: 141370 ns
[2021-07-20T13:29:07.320+0000][62.830s][2294560][2294576][debug] GC(24) Heap before GC invocations=25 (full 2):
[2021-07-20T13:29:07.320+0000][62.830s][2294560][2294576][debug] GC(24)  PSYoungGen      total 2315264K, used 1972016K [0x0000000755580000, 0x0000000800000000, 0x0000000800000000)
[2021-07-20T13:29:07.320+0000][62.830s][2294560][2294576][debug] GC(24)   eden space 1815552K, 100% used [0x0000000755580000,0x00000007c4280000,0x00000007c4280000)
[2021-07-20T13:29:07.320+0000][62.830s][2294560][2294576][debug] GC(24)   from space 499712K, 31% used [0x00000007e1800000,0x00000007eb0cc318,0x0000000800000000)
[2021-07-20T13:29:07.320+0000][62.830s][2294560][2294576][debug] GC(24)   to   space 480768K, 0% used [0x00000007c4280000,0x00000007c4280000,0x00000007e1800000)
[2021-07-20T13:29:07.320+0000][62.830s][2294560][2294576][debug] GC(24)  ParOldGen       total 5592576K, used 3249519K [0x0000000600000000, 0x0000000755580000, 0x0000000755580000)
[2021-07-20T13:29:07.320+0000][62.830s][2294560][2294576][debug] GC(24)   object space 5592576K, 58% used [0x0000000600000000,0x00000006c655be90,0x0000000755580000)
[2021-07-20T13:29:07.320+0000][62.830s][2294560][2294576][debug] GC(24)  Metaspace       used 49838K, committed 50240K, reserved 1097728K
[2021-07-20T13:29:07.320+0000][62.830s][2294560][2294576][debug] GC(24)   class space    used 6255K, committed 6464K, reserved 1048576K
[2021-07-20T13:29:07.362+0000][62.872s][2294560][2294576][debug] GC(24) Desired survivor size 500695040 bytes, new threshold 1 (max threshold 15)
[2021-07-20T13:29:07.362+0000][62.872s][2294560][2294576][info ] GC(24) PSYoungGen: 1972016K(2315264K)->416K(2296320K) Eden: 1815552K(1815552K)->0K(1815552K) From: 156464K(499712K)->416K(480768K)
[2021-07-20T13:29:07.362+0000][62.872s][2294560][2294576][info ] GC(24) ParOldGen: 3249519K(5592576K)->3421508K(5592576K)
[2021-07-20T13:29:07.363+0000][62.872s][2294560][2294576][info ] GC(24) Pause Young (Allocation Failure) 5099M->3341M(7704M) 42.251ms
[2021-07-20T13:29:07.363+0000][62.873s][2294560][2294576][debug] GC(24) Heap after GC invocations=25 (full 2):
[2021-07-20T13:29:07.363+0000][62.873s][2294560][2294576][debug] GC(24)  PSYoungGen      total 2296320K, used 416K [0x0000000755580000, 0x0000000800000000, 0x0000000800000000)
[2021-07-20T13:29:07.363+0000][62.873s][2294560][2294576][debug] GC(24)   eden space 1815552K, 0% used [0x0000000755580000,0x0000000755580000,0x00000007c4280000)
[2021-07-20T13:29:07.363+0000][62.873s][2294560][2294576][debug] GC(24)   from space 480768K, 0% used [0x00000007c4280000,0x00000007c42e8000,0x00000007e1800000)
[2021-07-20T13:29:07.363+0000][62.873s][2294560][2294576][debug] GC(24)   to   space 488960K, 0% used [0x00000007e2280000,0x00000007e2280000,0x0000000800000000)
[2021-07-20T13:29:07.363+0000][62.873s][2294560][2294576][debug] GC(24)  ParOldGen       total 5592576K, used 3421508K [0x0000000600000000, 0x0000000755580000, 0x0000000755580000)
[2021-07-20T13:29:07.363+0000][62.873s][2294560][2294576][debug] GC(24)   object space 5592576K, 61% used [0x0000000600000000,0x00000006d0d512b8,0x0000000755580000)
[2021-07-20T13:29:07.363+0000][62.873s][2294560][2294576][debug] GC(24)  Metaspace       used 49838K, committed 50240K, reserved 1097728K
[2021-07-20T13:29:07.363+0000][62.873s][2294560][2294576][debug] GC(24)   class space    used 6255K, committed 6464K, reserved 1048576K
[2021-07-20T13:29:07.363+0000][62.873s][2294560][2294576][info ] Safepoint "ParallelGCFailedAllocation", Time since last: 189209160 ns, Reaching safepoint: 146807 ns, At safepoint: 42556341 ns, Total: 42703148 ns
[2021-07-20T13:29:08.363+0000][63.873s][2294560][2294576][info ] Safepoint "Cleanup", Time since last: 1000106778 ns, Reaching safepoint: 113415 ns, At safepoint: 6977 ns, Total: 120392 ns
[2021-07-20T13:29:09.363+0000][64.873s][2294560][2294576][info ] Safepoint "Cleanup", Time since last: 1000121953 ns, Reaching safepoint: 128389 ns, At safepoint: 16974 ns, Total: 145363 ns
[2021-07-20T13:29:10.363+0000][65.873s][2294560][2294576][info ] Safepoint "Cleanup", Time since last: 1000128141 ns, Reaching safepoint: 137206 ns, At safepoint: 5173 ns, Total: 142379 ns
[2021-07-20T13:29:10.645+0000][66.155s][2294560][2294576][debug] GC(25) Heap before GC invocations=26 (full 2):
[2021-07-20T13:29:10.645+0000][66.155s][2294560][2294576][debug] GC(25)  PSYoungGen      total 2296320K, used 1815968K [0x0000000755580000, 0x0000000800000000, 0x0000000800000000)
[2021-07-20T13:29:10.645+0000][66.155s][2294560][2294576][debug] GC(25)   eden space 1815552K, 100% used [0x0000000755580000,0x00000007c4280000,0x00000007c4280000)
[2021-07-20T13:29:10.645+0000][66.155s][2294560][2294576][debug] GC(25)   from space 480768K, 0% used [0x00000007c4280000,0x00000007c42e8000,0x00000007e1800000)
[2021-07-20T13:29:10.645+0000][66.155s][2294560][2294576][debug] GC(25)   to   space 488960K, 0% used [0x00000007e2280000,0x00000007e2280000,0x0000000800000000)
[2021-07-20T13:29:10.645+0000][66.155s][2294560][2294576][debug] GC(25)  ParOldGen       total 5592576K, used 3421508K [0x0000000600000000, 0x0000000755580000, 0x0000000755580000)
[2021-07-20T13:29:10.645+0000][66.155s][2294560][2294576][debug] GC(25)   object space 5592576K, 61% used [0x0000000600000000,0x00000006d0d512b8,0x0000000755580000)
[2021-07-20T13:29:10.645+0000][66.155s][2294560][2294576][debug] GC(25)  Metaspace       used 49850K, committed 50304K, reserved 1097728K
[2021-07-20T13:29:10.645+0000][66.155s][2294560][2294576][debug] GC(25)   class space    used 6255K, committed 6464K, reserved 1048576K
[2021-07-20T13:29:10.649+0000][66.159s][2294560][2294576][debug] GC(25) Desired survivor size 502267904 bytes, new threshold 1 (max threshold 15)
[2021-07-20T13:29:10.649+0000][66.159s][2294560][2294576][debug] GC(25) Running ParallelGC PreTouch head with 1 workers for 1 work units pre-touching 524288B.
[2021-07-20T13:29:10.649+0000][66.159s][2294560][2294576][debug] GC(25) Running ParallelGC PreTouch tail with 3 workers for 3 work units pre-touching 9437184B.
[2021-07-20T13:29:10.649+0000][66.159s][2294560][2294576][info ] GC(25) PSYoungGen: 1815968K(2296320K)->416K(2304000K) Eden: 1815552K(1815552K)->0K(1815040K) From: 416K(480768K)->416K(488960K)
[2021-07-20T13:29:10.649+0000][66.159s][2294560][2294576][info ] GC(25) ParOldGen: 3421508K(5592576K)->3421612K(5592576K)
[2021-07-20T13:29:10.649+0000][66.159s][2294560][2294576][info ] GC(25) Pause Young (Allocation Failure) 5114M->3341M(7711M) 4.132ms
[2021-07-20T13:29:10.649+0000][66.159s][2294560][2294576][debug] GC(25) Heap after GC invocations=26 (full 2):
[2021-07-20T13:29:10.649+0000][66.159s][2294560][2294576][debug] GC(25)  PSYoungGen      total 2304000K, used 416K [0x0000000755580000, 0x0000000800000000, 0x0000000800000000)
[2021-07-20T13:29:10.649+0000][66.159s][2294560][2294576][debug] GC(25)   eden space 1815040K, 0% used [0x0000000755580000,0x0000000755580000,0x00000007c4200000)
[2021-07-20T13:29:10.649+0000][66.159s][2294560][2294576][debug] GC(25)   from space 488960K, 0% used [0x00000007e2280000,0x00000007e22e8000,0x0000000800000000)
[2021-07-20T13:29:10.649+0000][66.159s][2294560][2294576][debug] GC(25)   to   space 490496K, 0% used [0x00000007c4200000,0x00000007c4200000,0x00000007e2100000)
[2021-07-20T13:29:10.649+0000][66.159s][2294560][2294576][debug] GC(25)  ParOldGen       total 5592576K, used 3421612K [0x0000000600000000, 0x0000000755580000, 0x0000000755580000)
[2021-07-20T13:29:10.649+0000][66.159s][2294560][2294576][debug] GC(25)   object space 5592576K, 61% used [0x0000000600000000,0x00000006d0d6b2b8,0x0000000755580000)
[2021-07-20T13:29:10.649+0000][66.159s][2294560][2294576][debug] GC(25)  Metaspace       used 49850K, committed 50304K, reserved 1097728K
[2021-07-20T13:29:10.649+0000][66.159s][2294560][2294576][debug] GC(25)   class space    used 6255K, committed 6464K, reserved 1048576K
[2021-07-20T13:29:10.649+0000][66.159s][2294560][2294576][info ] Safepoint "ParallelGCFailedAllocation", Time since last: 281321595 ns, Reaching safepoint: 116710 ns, At safepoint: 4400420 ns, Total: 4517130 ns
[2021-07-20T13:29:12.650+0000][68.160s][2294560][2294576][info ] Safepoint "Cleanup", Time since last: 2000160083 ns, Reaching safepoint: 119153 ns, At safepoint: 5834 ns, Total: 124987 ns
[2021-07-20T13:29:12.915+0000][68.425s][2294560][2294576][info ] Safepoint "ICBufferFull", Time since last: 264773697 ns, Reaching safepoint: 279003 ns, At safepoint: 14121 ns, Total: 293124 ns
[2021-07-20T13:29:13.230+0000][68.740s][2294560][2294576][info ] Safepoint "ICBufferFull", Time since last: 314146411 ns, Reaching safepoint: 676884 ns, At safepoint: 74131 ns, Total: 751015 ns
[2021-07-20T13:29:13.548+0000][69.058s][2294560][2294576][info ] Safepoint "ICBufferFull", Time since last: 316288107 ns, Reaching safepoint: 2233979 ns, At safepoint: 149840 ns, Total: 2383819 ns
[2021-07-20T13:29:13.552+0000][69.062s][2294560][2294576][info ] Safepoint "ICBufferFull", Time since last: 492243 ns, Reaching safepoint: 3260503 ns, At safepoint: 145188 ns, Total: 3405691 ns
[2021-07-20T13:29:13.553+0000][69.063s][2294560][2294576][info ] Safepoint "ICBufferFull", Time since last: 915165 ns, Reaching safepoint: 149755 ns, At safepoint: 59296 ns, Total: 209051 ns
[2021-07-20T13:29:13.567+0000][69.077s][2294560][2294576][info ] Safepoint "ICBufferFull", Time since last: 13419871 ns, Reaching safepoint: 702704 ns, At safepoint: 75992 ns, Total: 778696 ns
[2021-07-20T13:29:13.569+0000][69.079s][2294560][2294576][info ] Safepoint "ICBufferFull", Time since last: 653408 ns, Reaching safepoint: 499585 ns, At safepoint: 69189 ns, Total: 568774 ns
[2021-07-20T13:29:13.574+0000][69.084s][2294560][2294576][info ] Safepoint "ICBufferFull", Time since last: 252605 ns, Reaching safepoint: 5378040 ns, At safepoint: 186496 ns, Total: 5564536 ns
[2021-07-20T13:29:13.578+0000][69.088s][2294560][2294576][info ] Safepoint "ICBufferFull", Time since last: 3181272 ns, Reaching safepoint: 178849 ns, At safepoint: 129703 ns, Total: 308552 ns
[2021-07-20T13:29:13.579+0000][69.089s][2294560][2294576][info ] Safepoint "ICBufferFull", Time since last: 729752 ns, Reaching safepoint: 119815 ns, At safepoint: 109320 ns, Total: 229135 ns
[2021-07-20T13:29:13.580+0000][69.090s][2294560][2294576][info ] Safepoint "ICBufferFull", Time since last: 773564 ns, Reaching safepoint: 126382 ns, At safepoint: 68907 ns, Total: 195289 ns
[2021-07-20T13:29:13.581+0000][69.091s][2294560][2294576][info ] Safepoint "ICBufferFull", Time since last: 864835 ns, Reaching safepoint: 118520 ns, At safepoint: 93834 ns, Total: 212354 ns
[2021-07-20T13:29:13.582+0000][69.092s][2294560][2294576][info ] Safepoint "ICBufferFull", Time since last: 1158924 ns, Reaching safepoint: 128823 ns, At safepoint: 76742 ns, Total: 205565 ns
[2021-07-20T13:29:13.583+0000][69.093s][2294560][2294576][info ] Safepoint "ICBufferFull", Time since last: 758000 ns, Reaching safepoint: 116605 ns, At safepoint: 100672 ns, Total: 217277 ns
[2021-07-20T13:29:13.585+0000][69.095s][2294560][2294576][info ] Safepoint "ICBufferFull", Time since last: 1297502 ns, Reaching safepoint: 126180 ns, At safepoint: 153393 ns, Total: 279573 ns
[2021-07-20T13:29:13.589+0000][69.099s][2294560][2294576][info ] Safepoint "ICBufferFull", Time since last: 4247277 ns, Reaching safepoint: 169114 ns, At safepoint: 176358 ns, Total: 345472 ns
[2021-07-20T13:29:13.605+0000][69.115s][2294560][2294576][info ] Safepoint "ICBufferFull", Time since last: 11946622 ns, Reaching safepoint: 3285928 ns, At safepoint: 209847 ns, Total: 3495775 ns
[2021-07-20T13:29:13.609+0000][69.119s][2294560][2294576][info ] Safepoint "ICBufferFull", Time since last: 1723816 ns, Reaching safepoint: 2165074 ns, At safepoint: 181577 ns, Total: 2346651 ns
[2021-07-20T13:29:13.610+0000][69.120s][2294560][2294576][info ] Safepoint "ICBufferFull", Time since last: 802253 ns, Reaching safepoint: 195152 ns, At safepoint: 182100 ns, Total: 377252 ns
[2021-07-20T13:29:13.611+0000][69.121s][2294560][2294576][info ] Safepoint "ICBufferFull", Time since last: 48914 ns, Reaching safepoint: 266434 ns, At safepoint: 165569 ns, Total: 432003 ns
[2021-07-20T13:29:13.612+0000][69.122s][2294560][2294576][info ] Safepoint "ICBufferFull", Time since last: 861209 ns, Reaching safepoint: 113687 ns, At safepoint: 141647 ns, Total: 255334 ns
[2021-07-20T13:29:13.613+0000][69.123s][2294560][2294576][info ] Safepoint "ICBufferFull", Time since last: 1344792 ns, Reaching safepoint: 238774 ns, At safepoint: 142402 ns, Total: 381176 ns
[2021-07-20T13:29:13.614+0000][69.124s][2294560][2294576][info ] Safepoint "ICBufferFull", Time since last: 318051 ns, Reaching safepoint: 176701 ns, At safepoint: 128536 ns, Total: 305237 ns
[2021-07-20T13:29:13.615+0000][69.125s][2294560][2294576][info ] Safepoint "ICBufferFull", Time since last: 428178 ns, Reaching safepoint: 180365 ns, At safepoint: 155658 ns, Total: 336023 ns
[2021-07-20T13:29:13.615+0000][69.125s][2294560][2294576][info ] Safepoint "ICBufferFull", Time since last: 219561 ns, Reaching safepoint: 190495 ns, At safepoint: 154056 ns, Total: 344551 ns
[2021-07-20T13:29:13.616+0000][69.126s][2294560][2294576][info ] Safepoint "ICBufferFull", Time since last: 63953 ns, Reaching safepoint: 175972 ns, At safepoint: 137178 ns, Total: 313150 ns
[2021-07-20T13:29:13.616+0000][69.126s][2294560][2294576][info ] Safepoint "ICBufferFull", Time since last: 58091 ns, Reaching safepoint: 178672 ns, At safepoint: 133652 ns, Total: 312324 ns
[2021-07-20T13:29:13.617+0000][69.127s][2294560][2294576][info ] Safepoint "ICBufferFull", Time since last: 780292 ns, Reaching safepoint: 138239 ns, At safepoint: 146450 ns, Total: 284689 ns
[2021-07-20T13:29:13.618+0000][69.128s][2294560][2294576][info ] Safepoint "ICBufferFull", Time since last: 704439 ns, Reaching safepoint: 154194 ns, At safepoint: 148564 ns, Total: 302758 ns
[2021-07-20T13:29:13.620+0000][69.130s][2294560][2294576][info ] Safepoint "ICBufferFull", Time since last: 927628 ns, Reaching safepoint: 549451 ns, At safepoint: 141189 ns, Total: 690640 ns
[2021-07-20T13:29:13.869+0000][69.379s][2294560][2294576][debug] GC(26) Heap before GC invocations=27 (full 2):
[2021-07-20T13:29:13.869+0000][69.379s][2294560][2294576][debug] GC(26)  PSYoungGen      total 2304000K, used 1815455K [0x0000000755580000, 0x0000000800000000, 0x0000000800000000)
[2021-07-20T13:29:13.869+0000][69.379s][2294560][2294576][debug] GC(26)   eden space 1815040K, 99% used [0x0000000755580000,0x00000007c41ffff8,0x00000007c4200000)
[2021-07-20T13:29:13.869+0000][69.379s][2294560][2294576][debug] GC(26)   from space 488960K, 0% used [0x00000007e2280000,0x00000007e22e8000,0x0000000800000000)
[2021-07-20T13:29:13.869+0000][69.379s][2294560][2294576][debug] GC(26)   to   space 490496K, 0% used [0x00000007c4200000,0x00000007c4200000,0x00000007e2100000)
[2021-07-20T13:29:13.869+0000][69.379s][2294560][2294576][debug] GC(26)  ParOldGen       total 5592576K, used 3421612K [0x0000000600000000, 0x0000000755580000, 0x0000000755580000)
[2021-07-20T13:29:13.870+0000][69.379s][2294560][2294576][debug] GC(26)   object space 5592576K, 61% used [0x0000000600000000,0x00000006d0d6b2b8,0x0000000755580000)
[2021-07-20T13:29:13.870+0000][69.379s][2294560][2294576][debug] GC(26)  Metaspace       used 50459K, committed 50880K, reserved 1097728K
[2021-07-20T13:29:13.870+0000][69.379s][2294560][2294576][debug] GC(26)   class space    used 6260K, committed 6464K, reserved 1048576K
[2021-07-20T13:29:13.879+0000][69.389s][2294560][2294576][debug] GC(26) Desired survivor size 497549312 bytes, new threshold 1 (max threshold 15)
[2021-07-20T13:29:13.879+0000][69.389s][2294560][2294576][info ] GC(26) PSYoungGen: 1815455K(2304000K)->5424K(2305536K) Eden: 1815039K(1815040K)->0K(1815040K) From: 416K(488960K)->5424K(490496K)
[2021-07-20T13:29:13.879+0000][69.389s][2294560][2294576][info ] GC(26) ParOldGen: 3421612K(5592576K)->3421692K(5592576K)
[2021-07-20T13:29:13.879+0000][69.389s][2294560][2294576][info ] GC(26) Pause Young (Allocation Failure) 5114M->3346M(7713M) 9.248ms
[2021-07-20T13:29:13.879+0000][69.389s][2294560][2294576][debug] GC(26) Heap after GC invocations=27 (full 2):
[2021-07-20T13:29:13.879+0000][69.389s][2294560][2294576][debug] GC(26)  PSYoungGen      total 2305536K, used 5424K [0x0000000755580000, 0x0000000800000000, 0x0000000800000000)
[2021-07-20T13:29:13.879+0000][69.389s][2294560][2294576][debug] GC(26)   eden space 1815040K, 0% used [0x0000000755580000,0x0000000755580000,0x00000007c4200000)
[2021-07-20T13:29:13.879+0000][69.389s][2294560][2294576][debug] GC(26)   from space 490496K, 1% used [0x00000007c4200000,0x00000007c474c040,0x00000007e2100000)
[2021-07-20T13:29:13.879+0000][69.389s][2294560][2294576][debug] GC(26)   to   space 485888K, 0% used [0x00000007e2580000,0x00000007e2580000,0x0000000800000000)
[2021-07-20T13:29:13.879+0000][69.389s][2294560][2294576][debug] GC(26)  ParOldGen       total 5592576K, used 3421692K [0x0000000600000000, 0x0000000755580000, 0x0000000755580000)
[2021-07-20T13:29:13.879+0000][69.389s][2294560][2294576][debug] GC(26)   object space 5592576K, 61% used [0x0000000600000000,0x00000006d0d7f2b8,0x0000000755580000)
[2021-07-20T13:29:13.879+0000][69.389s][2294560][2294576][debug] GC(26)  Metaspace       used 50459K, committed 50880K, reserved 1097728K
[2021-07-20T13:29:13.879+0000][69.389s][2294560][2294576][debug] GC(26)   class space    used 6260K, committed 6464K, reserved 1048576K
[2021-07-20T13:29:13.879+0000][69.389s][2294560][2294576][info ] Safepoint "ParallelGCFailedAllocation", Time since last: 248322204 ns, Reaching safepoint: 1204872 ns, At safepoint: 9711465 ns, Total: 10916337 ns
[2021-07-20T13:29:15.134+0000][70.644s][2294560][2294576][info ] Safepoint "Cleanup", Time since last: 1254288884 ns, Reaching safepoint: 235463 ns, At safepoint: 162485 ns, Total: 397948 ns
[2021-07-20T13:29:15.685+0000][71.195s][2294560][2294576][debug] GC(27) Heap before GC invocations=28 (full 2):
[2021-07-20T13:29:15.685+0000][71.195s][2294560][2294576][debug] GC(27)  PSYoungGen      total 2305536K, used 1820464K [0x0000000755580000, 0x0000000800000000, 0x0000000800000000)
[2021-07-20T13:29:15.685+0000][71.195s][2294560][2294576][debug] GC(27)   eden space 1815040K, 100% used [0x0000000755580000,0x00000007c4200000,0x00000007c4200000)
[2021-07-20T13:29:15.685+0000][71.195s][2294560][2294576][debug] GC(27)   from space 490496K, 1% used [0x00000007c4200000,0x00000007c474c040,0x00000007e2100000)
[2021-07-20T13:29:15.685+0000][71.195s][2294560][2294576][debug] GC(27)   to   space 485888K, 0% used [0x00000007e2580000,0x00000007e2580000,0x0000000800000000)
[2021-07-20T13:29:15.685+0000][71.195s][2294560][2294576][debug] GC(27)  ParOldGen       total 5592576K, used 3421692K [0x0000000600000000, 0x0000000755580000, 0x0000000755580000)
[2021-07-20T13:29:15.685+0000][71.195s][2294560][2294576][debug] GC(27)   object space 5592576K, 61% used [0x0000000600000000,0x00000006d0d7f2b8,0x0000000755580000)
[2021-07-20T13:29:15.685+0000][71.195s][2294560][2294576][debug] GC(27)  Metaspace       used 50482K, committed 50944K, reserved 1097728K
[2021-07-20T13:29:15.685+0000][71.195s][2294560][2294576][debug] GC(27)   class space    used 6260K, committed 6464K, reserved 1048576K
[2021-07-20T13:29:15.699+0000][71.209s][2294560][2294576][debug] GC(27) Desired survivor size 487587840 bytes, new threshold 1 (max threshold 15)
[2021-07-20T13:29:15.699+0000][71.209s][2294560][2294576][debug] GC(27) Running ParallelGC PreTouch tail with 5 workers for 5 work units pre-touching 19398656B.
[2021-07-20T13:29:15.699+0000][71.209s][2294560][2294576][debug] GC(27) Running ParallelGC PreTouch tail with 2 workers for 2 work units pre-touching 4718592B.
[2021-07-20T13:29:15.699+0000][71.209s][2294560][2294576][info ] GC(27) PSYoungGen: 1820464K(2305536K)->16096K(2319872K) Eden: 1815040K(1815040K)->0K(1833984K) From: 5424K(490496K)->16096K(485888K)
[2021-07-20T13:29:15.699+0000][71.209s][2294560][2294576][info ] GC(27) ParOldGen: 3421692K(5592576K)->3426552K(5592576K)
[2021-07-20T13:29:15.699+0000][71.209s][2294560][2294576][info ] GC(27) Pause Young (Allocation Failure) 5119M->3361M(7727M) 13.317ms
[2021-07-20T13:29:15.699+0000][71.209s][2294560][2294576][debug] GC(27) Heap after GC invocations=28 (full 2):
[2021-07-20T13:29:15.699+0000][71.209s][2294560][2294576][debug] GC(27)  PSYoungGen      total 2319872K, used 16096K [0x0000000755580000, 0x0000000800000000, 0x0000000800000000)
[2021-07-20T13:29:15.699+0000][71.209s][2294560][2294576][debug] GC(27)   eden space 1833984K, 0% used [0x0000000755580000,0x0000000755580000,0x00000007c5480000)
[2021-07-20T13:29:15.699+0000][71.209s][2294560][2294576][debug] GC(27)   from space 485888K, 3% used [0x00000007e2580000,0x00000007e3538030,0x0000000800000000)
[2021-07-20T13:29:15.699+0000][71.209s][2294560][2294576][debug] GC(27)   to   space 476160K, 0% used [0x00000007c5480000,0x00000007c5480000,0x00000007e2580000)
[2021-07-20T13:29:15.699+0000][71.209s][2294560][2294576][debug] GC(27)  ParOldGen       total 5592576K, used 3426552K [0x0000000600000000, 0x0000000755580000, 0x0000000755580000)
[2021-07-20T13:29:15.699+0000][71.209s][2294560][2294576][debug] GC(27)   object space 5592576K, 61% used [0x0000000600000000,0x00000006d123e3e8,0x0000000755580000)
[2021-07-20T13:29:15.699+0000][71.209s][2294560][2294576][debug] GC(27)  Metaspace       used 50482K, committed 50944K, reserved 1097728K
[2021-07-20T13:29:15.699+0000][71.209s][2294560][2294576][debug] GC(27)   class space    used 6260K, committed 6464K, reserved 1048576K
[2021-07-20T13:29:15.699+0000][71.209s][2294560][2294576][info ] Safepoint "ParallelGCFailedAllocation", Time since last: 550853364 ns, Reaching safepoint: 714497 ns, At safepoint: 13776260 ns, Total: 14490757 ns
[2021-07-20T13:29:17.006+0000][72.515s][2294560][2294576][info ] Safepoint "ICBufferFull", Time since last: 1305427313 ns, Reaching safepoint: 864417 ns, At safepoint: 90651 ns, Total: 955068 ns
[2021-07-20T13:29:17.006+0000][72.516s][2294560][2294576][info ] Safepoint "ICBufferFull", Time since last: 167955 ns, Reaching safepoint: 126219 ns, At safepoint: 81962 ns, Total: 208181 ns
[2021-07-20T13:29:17.007+0000][72.517s][2294560][2294576][info ] Safepoint "ICBufferFull", Time since last: 513959 ns, Reaching safepoint: 117714 ns, At safepoint: 90995 ns, Total: 208709 ns
[2021-07-20T13:29:17.008+0000][72.517s][2294560][2294576][info ] Safepoint "ICBufferFull", Time since last: 694637 ns, Reaching safepoint: 113030 ns, At safepoint: 79169 ns, Total: 192199 ns
[2021-07-20T13:29:17.016+0000][72.526s][2294560][2294576][info ] Safepoint "ICBufferFull", Time since last: 8154596 ns, Reaching safepoint: 147527 ns, At safepoint: 79083 ns, Total: 226610 ns
[2021-07-20T13:29:17.221+0000][72.730s][2294560][2294576][info ] Safepoint "ICBufferFull", Time since last: 204428831 ns, Reaching safepoint: 152237 ns, At safepoint: 26641 ns, Total: 178878 ns
[2021-07-20T13:29:17.224+0000][72.733s][2294560][2294576][info ] Safepoint "ICBufferFull", Time since last: 2834644 ns, Reaching safepoint: 157994 ns, At safepoint: 26812 ns, Total: 184806 ns
[2021-07-20T13:29:17.226+0000][72.736s][2294560][2294576][info ] Safepoint "ICBufferFull", Time since last: 2043457 ns, Reaching safepoint: 783527 ns, At safepoint: 31514 ns, Total: 815041 ns
[2021-07-20T13:29:17.227+0000][72.737s][2294560][2294576][info ] Safepoint "ICBufferFull", Time since last: 208280 ns, Reaching safepoint: 112764 ns, At safepoint: 48142 ns, Total: 160906 ns
[2021-07-20T13:29:17.228+0000][72.738s][2294560][2294576][info ] Safepoint "ICBufferFull", Time since last: 1085526 ns, Reaching safepoint: 115767 ns, At safepoint: 52615 ns, Total: 168382 ns
[2021-07-20T13:29:17.231+0000][72.741s][2294560][2294576][info ] Safepoint "ICBufferFull", Time since last: 2844915 ns, Reaching safepoint: 136232 ns, At safepoint: 36930 ns, Total: 173162 ns
[2021-07-20T13:29:17.235+0000][72.745s][2294560][2294576][info ] Safepoint "ICBufferFull", Time since last: 3695120 ns, Reaching safepoint: 129578 ns, At safepoint: 30550 ns, Total: 160128 ns
[2021-07-20T13:29:17.235+0000][72.745s][2294560][2294576][info ] Safepoint "ICBufferFull", Time since last: 222936 ns, Reaching safepoint: 181568 ns, At safepoint: 97079 ns, Total: 278647 ns
[2021-07-20T13:29:17.236+0000][72.746s][2294560][2294576][info ] Safepoint "ICBufferFull", Time since last: 61002 ns, Reaching safepoint: 231801 ns, At safepoint: 86358 ns, Total: 318159 ns
[2021-07-20T13:29:17.237+0000][72.747s][2294560][2294576][info ] Safepoint "ICBufferFull", Time since last: 556550 ns, Reaching safepoint: 1024612 ns, At safepoint: 63000 ns, Total: 1087612 ns
[2021-07-20T13:29:17.238+0000][72.748s][2294560][2294576][info ] Safepoint "ICBufferFull", Time since last: 604580 ns, Reaching safepoint: 121896 ns, At safepoint: 52640 ns, Total: 174536 ns
[2021-07-20T13:29:17.239+0000][72.749s][2294560][2294576][info ] Safepoint "ICBufferFull", Time since last: 127767 ns, Reaching safepoint: 1042066 ns, At safepoint: 132474 ns, Total: 1174540 ns
[2021-07-20T13:29:17.240+0000][72.750s][2294560][2294576][info ] Safepoint "ICBufferFull", Time since last: 591920 ns, Reaching safepoint: 192002 ns, At safepoint: 93949 ns, Total: 285951 ns
[2021-07-20T13:29:17.241+0000][72.751s][2294560][2294576][info ] Safepoint "ICBufferFull", Time since last: 85878 ns, Reaching safepoint: 114250 ns, At safepoint: 102837 ns, Total: 217087 ns
[2021-07-20T13:29:17.241+0000][72.751s][2294560][2294576][info ] Safepoint "ICBufferFull", Time since last: 244513 ns, Reaching safepoint: 175777 ns, At safepoint: 68637 ns, Total: 244414 ns
[2021-07-20T13:29:17.242+0000][72.751s][2294560][2294576][info ] Safepoint "ICBufferFull", Time since last: 157571 ns, Reaching safepoint: 120274 ns, At safepoint: 89477 ns, Total: 209751 ns
[2021-07-20T13:29:17.242+0000][72.752s][2294560][2294576][info ] Safepoint "ICBufferFull", Time since last: 113632 ns, Reaching safepoint: 121144 ns, At safepoint: 115464 ns, Total: 236608 ns
[2021-07-20T13:29:17.242+0000][72.752s][2294560][2294576][info ] Safepoint "ICBufferFull", Time since last: 127233 ns, Reaching safepoint: 116997 ns, At safepoint: 109274 ns, Total: 226271 ns
[2021-07-20T13:29:17.243+0000][72.753s][2294560][2294576][info ] Safepoint "ICBufferFull", Time since last: 110669 ns, Reaching safepoint: 114523 ns, At safepoint: 123161 ns, Total: 237684 ns
[2021-07-20T13:29:17.243+0000][72.753s][2294560][2294576][info ] Safepoint "ICBufferFull", Time since last: 208204 ns, Reaching safepoint: 110341 ns, At safepoint: 70757 ns, Total: 181098 ns
[2021-07-20T13:29:17.243+0000][72.753s][2294560][2294576][info ] Safepoint "ICBufferFull", Time since last: 117730 ns, Reaching safepoint: 271204 ns, At safepoint: 103251 ns, Total: 374455 ns
[2021-07-20T13:29:17.244+0000][72.754s][2294560][2294576][info ] Safepoint "ICBufferFull", Time since last: 128444 ns, Reaching safepoint: 112393 ns, At safepoint: 77156 ns, Total: 189549 ns
[2021-07-20T13:29:17.244+0000][72.754s][2294560][2294576][info ] Safepoint "ICBufferFull", Time since last: 86348 ns, Reaching safepoint: 111059 ns, At safepoint: 111591 ns, Total: 222650 ns
[2021-07-20T13:29:17.244+0000][72.754s][2294560][2294576][info ] Safepoint "ICBufferFull", Time since last: 123069 ns, Reaching safepoint: 141762 ns, At safepoint: 109334 ns, Total: 251096 ns
[2021-07-20T13:29:17.249+0000][72.759s][2294560][2294576][info ] Safepoint "ICBufferFull", Time since last: 3721258 ns, Reaching safepoint: 254412 ns, At safepoint: 229254 ns, Total: 483666 ns
[2021-07-20T13:29:17.254+0000][72.764s][2294560][2294576][info ] Safepoint "ICBufferFull", Time since last: 4601055 ns, Reaching safepoint: 206522 ns, At safepoint: 233098 ns, Total: 439620 ns
[2021-07-20T13:29:17.255+0000][72.765s][2294560][2294576][info ] Safepoint "ICBufferFull", Time since last: 1054720 ns, Reaching safepoint: 126016 ns, At safepoint: 129729 ns, Total: 255745 ns
[2021-07-20T13:29:17.255+0000][72.765s][2294560][2294576][info ] Safepoint "ICBufferFull", Time since last: 62436 ns, Reaching safepoint: 146758 ns, At safepoint: 163706 ns, Total: 310464 ns
[2021-07-20T13:29:17.256+0000][72.766s][2294560][2294576][info ] Safepoint "ICBufferFull", Time since last: 56163 ns, Reaching safepoint: 113147 ns, At safepoint: 111477 ns, Total: 224624 ns
[2021-07-20T13:29:17.256+0000][72.766s][2294560][2294576][info ] Safepoint "ICBufferFull", Time since last: 232399 ns, Reaching safepoint: 430156 ns, At safepoint: 153097 ns, Total: 583253 ns
[2021-07-20T13:29:17.257+0000][72.767s][2294560][2294576][info ] Safepoint "ICBufferFull", Time since last: 305027 ns, Reaching safepoint: 166743 ns, At safepoint: 215189 ns, Total: 381932 ns
[2021-07-20T13:29:17.264+0000][72.774s][2294560][2294576][info ] Safepoint "ICBufferFull", Time since last: 6372255 ns, Reaching safepoint: 133940 ns, At safepoint: 108807 ns, Total: 242747 ns
[2021-07-20T13:29:17.275+0000][72.785s][2294560][2294576][info ] Safepoint "ICBufferFull", Time since last: 10600133 ns, Reaching safepoint: 148809 ns, At safepoint: 88706 ns, Total: 237515 ns
[2021-07-20T13:29:17.285+0000][72.795s][2294560][2294576][debug] GC(28) Heap before GC invocations=29 (full 2):
[2021-07-20T13:29:17.285+0000][72.795s][2294560][2294576][debug] GC(28)  PSYoungGen      total 2319872K, used 1850080K [0x0000000755580000, 0x0000000800000000, 0x0000000800000000)
[2021-07-20T13:29:17.285+0000][72.795s][2294560][2294576][debug] GC(28)   eden space 1833984K, 100% used [0x0000000755580000,0x00000007c5480000,0x00000007c5480000)
[2021-07-20T13:29:17.285+0000][72.795s][2294560][2294576][debug] GC(28)   from space 485888K, 3% used [0x00000007e2580000,0x00000007e3538030,0x0000000800000000)
[2021-07-20T13:29:17.285+0000][72.795s][2294560][2294576][debug] GC(28)   to   space 476160K, 0% used [0x00000007c5480000,0x00000007c5480000,0x00000007e2580000)
[2021-07-20T13:29:17.285+0000][72.795s][2294560][2294576][debug] GC(28)  ParOldGen       total 5592576K, used 3426552K [0x0000000600000000, 0x0000000755580000, 0x0000000755580000)
[2021-07-20T13:29:17.285+0000][72.795s][2294560][2294576][debug] GC(28)   object space 5592576K, 61% used [0x0000000600000000,0x00000006d123e3e8,0x0000000755580000)
[2021-07-20T13:29:17.285+0000][72.795s][2294560][2294576][debug] GC(28)  Metaspace       used 50515K, committed 50944K, reserved 1097728K
[2021-07-20T13:29:17.285+0000][72.795s][2294560][2294576][debug] GC(28)   class space    used 6263K, committed 6464K, reserved 1048576K
[2021-07-20T13:29:17.303+0000][72.813s][2294560][2294576][debug] GC(28) Desired survivor size 474480640 bytes, new threshold 1 (max threshold 15)
[2021-07-20T13:29:17.303+0000][72.813s][2294560][2294576][info ] GC(28) PSYoungGen: 1850080K(2319872K)->14720K(2310144K) Eden: 1833984K(1833984K)->0K(1833984K) From: 16096K(485888K)->14720K(476160K)
[2021-07-20T13:29:17.303+0000][72.813s][2294560][2294576][info ] GC(28) ParOldGen: 3426552K(5592576K)->3441729K(5592576K)
[2021-07-20T13:29:17.303+0000][72.813s][2294560][2294576][info ] GC(28) Pause Young (Allocation Failure) 5152M->3375M(7717M) 18.209ms
[2021-07-20T13:29:17.303+0000][72.813s][2294560][2294576][debug] GC(28) Heap after GC invocations=29 (full 2):
[2021-07-20T13:29:17.303+0000][72.813s][2294560][2294576][debug] GC(28)  PSYoungGen      total 2310144K, used 14720K [0x0000000755580000, 0x0000000800000000, 0x0000000800000000)
[2021-07-20T13:29:17.303+0000][72.813s][2294560][2294576][debug] GC(28)   eden space 1833984K, 0% used [0x0000000755580000,0x0000000755580000,0x00000007c5480000)
[2021-07-20T13:29:17.303+0000][72.813s][2294560][2294576][debug] GC(28)   from space 476160K, 3% used [0x00000007c5480000,0x00000007c62e0000,0x00000007e2580000)
[2021-07-20T13:29:17.303+0000][72.813s][2294560][2294576][debug] GC(28)   to   space 463360K, 0% used [0x00000007e3b80000,0x00000007e3b80000,0x0000000800000000)
[2021-07-20T13:29:17.303+0000][72.813s][2294560][2294576][debug] GC(28)  ParOldGen       total 5592576K, used 3441729K [0x0000000600000000, 0x0000000755580000, 0x0000000755580000)
[2021-07-20T13:29:17.303+0000][72.813s][2294560][2294576][debug] GC(28)   object space 5592576K, 61% used [0x0000000600000000,0x00000006d2110440,0x0000000755580000)
[2021-07-20T13:29:17.303+0000][72.813s][2294560][2294576][debug] GC(28)  Metaspace       used 50515K, committed 50944K, reserved 1097728K
[2021-07-20T13:29:17.303+0000][72.813s][2294560][2294576][debug] GC(28)   class space    used 6263K, committed 6464K, reserved 1048576K
[2021-07-20T13:29:17.305+0000][72.815s][2294560][2294576][info ] Safepoint "ParallelGCFailedAllocation", Time since last: 10036260 ns, Reaching safepoint: 208697 ns, At safepoint: 19932498 ns, Total: 20141195 ns
[2021-07-20T13:29:18.024+0000][73.534s][2294560][2294576][info ] Safepoint "ICBufferFull", Time since last: 717512266 ns, Reaching safepoint: 1120075 ns, At safepoint: 119067 ns, Total: 1239142 ns
[2021-07-20T13:29:18.024+0000][73.534s][2294560][2294576][info ] Safepoint "ICBufferFull", Time since last: 445826 ns, Reaching safepoint: 346081 ns, At safepoint: 64586 ns, Total: 410667 ns
[2021-07-20T13:29:18.028+0000][73.538s][2294560][2294576][info ] Safepoint "ICBufferFull", Time since last: 3597807 ns, Reaching safepoint: 143434 ns, At safepoint: 59481 ns, Total: 202915 ns
[2021-07-20T13:29:18.032+0000][73.542s][2294560][2294576][info ] Safepoint "ICBufferFull", Time since last: 3742091 ns, Reaching safepoint: 134795 ns, At safepoint: 171228 ns, Total: 306023 ns
[2021-07-20T13:29:18.036+0000][73.545s][2294560][2294576][info ] Safepoint "ICBufferFull", Time since last: 2798719 ns, Reaching safepoint: 195522 ns, At safepoint: 259833 ns, Total: 455355 ns
[2021-07-20T13:29:18.038+0000][73.548s][2294560][2294576][info ] Safepoint "ICBufferFull", Time since last: 1900371 ns, Reaching safepoint: 181374 ns, At safepoint: 161629 ns, Total: 343003 ns
[2021-07-20T13:29:18.047+0000][73.557s][2294560][2294576][info ] Safepoint "ICBufferFull", Time since last: 8544978 ns, Reaching safepoint: 229739 ns, At safepoint: 157237 ns, Total: 386976 ns
[2021-07-20T13:29:18.051+0000][73.561s][2294560][2294576][info ] Safepoint "ICBufferFull", Time since last: 3707041 ns, Reaching safepoint: 143101 ns, At safepoint: 119095 ns, Total: 262196 ns
[2021-07-20T13:29:18.053+0000][73.563s][2294560][2294576][info ] Safepoint "ICBufferFull", Time since last: 1652143 ns, Reaching safepoint: 120417 ns, At safepoint: 117976 ns, Total: 238393 ns
[2021-07-20T13:29:18.056+0000][73.566s][2294560][2294576][info ] Safepoint "ICBufferFull", Time since last: 2685434 ns, Reaching safepoint: 193819 ns, At safepoint: 169747 ns, Total: 363566 ns
[2021-07-20T13:29:18.057+0000][73.567s][2294560][2294576][info ] Safepoint "ICBufferFull", Time since last: 79063 ns, Reaching safepoint: 731356 ns, At safepoint: 157682 ns, Total: 889038 ns
[2021-07-20T13:29:18.058+0000][73.567s][2294560][2294576][info ] Safepoint "ICBufferFull", Time since last: 600401 ns, Reaching safepoint: 185217 ns, At safepoint: 153824 ns, Total: 339041 ns
[2021-07-20T13:29:18.062+0000][73.572s][2294560][2294576][info ] Safepoint "ICBufferFull", Time since last: 3781893 ns, Reaching safepoint: 209366 ns, At safepoint: 165036 ns, Total: 374402 ns
[2021-07-20T13:29:18.063+0000][73.573s][2294560][2294576][info ] Safepoint "ICBufferFull", Time since last: 755654 ns, Reaching safepoint: 181624 ns, At safepoint: 164169 ns, Total: 345793 ns
[2021-07-20T13:29:18.064+0000][73.574s][2294560][2294576][info ] Safepoint "ICBufferFull", Time since last: 1007934 ns, Reaching safepoint: 381439 ns, At safepoint: 164934 ns, Total: 546373 ns
[2021-07-20T13:29:18.065+0000][73.575s][2294560][2294576][info ] Safepoint "ICBufferFull", Time since last: 294870 ns, Reaching safepoint: 182459 ns, At safepoint: 193874 ns, Total: 376333 ns
[2021-07-20T13:29:18.065+0000][73.575s][2294560][2294576][info ] Safepoint "ICBufferFull", Time since last: 92632 ns, Reaching safepoint: 199628 ns, At safepoint: 189423 ns, Total: 389051 ns
[2021-07-20T13:29:18.067+0000][73.577s][2294560][2294576][info ] Safepoint "ICBufferFull", Time since last: 674618 ns, Reaching safepoint: 207225 ns, At safepoint: 204660 ns, Total: 411885 ns
[2021-07-20T13:29:18.067+0000][73.577s][2294560][2294576][info ] Safepoint "ICBufferFull", Time since last: 72048 ns, Reaching safepoint: 190229 ns, At safepoint: 190864 ns, Total: 381093 ns
[2021-07-20T13:29:18.068+0000][73.578s][2294560][2294576][info ] Safepoint "ICBufferFull", Time since last: 128140 ns, Reaching safepoint: 217579 ns, At safepoint: 190555 ns, Total: 408134 ns
[2021-07-20T13:29:18.072+0000][73.582s][2294560][2294576][info ] Safepoint "ICBufferFull", Time since last: 3743415 ns, Reaching safepoint: 206419 ns, At safepoint: 223116 ns, Total: 429535 ns
[2021-07-20T13:29:18.075+0000][73.585s][2294560][2294576][info ] Safepoint "ICBufferFull", Time since last: 243419 ns, Reaching safepoint: 328288 ns, At safepoint: 2759742 ns, Total: 3088030 ns
[2021-07-20T13:29:18.076+0000][73.586s][2294560][2294576][info ] Safepoint "ICBufferFull", Time since last: 66787 ns, Reaching safepoint: 229241 ns, At safepoint: 709448 ns, Total: 938689 ns
[2021-07-20T13:29:18.077+0000][73.587s][2294560][2294576][info ] Safepoint "ICBufferFull", Time since last: 86341 ns, Reaching safepoint: 284731 ns, At safepoint: 406643 ns, Total: 691374 ns
[2021-07-20T13:29:18.081+0000][73.591s][2294560][2294576][info ] Safepoint "ICBufferFull", Time since last: 3100290 ns, Reaching safepoint: 252192 ns, At safepoint: 422080 ns, Total: 674272 ns
[2021-07-20T13:29:18.380+0000][73.890s][2294560][2294576][debug] GC(29) Heap before GC invocations=30 (full 2):
[2021-07-20T13:29:18.380+0000][73.890s][2294560][2294576][debug] GC(29)  PSYoungGen      total 2310144K, used 1848704K [0x0000000755580000, 0x0000000800000000, 0x0000000800000000)
[2021-07-20T13:29:18.380+0000][73.890s][2294560][2294576][debug] GC(29)   eden space 1833984K, 100% used [0x0000000755580000,0x00000007c5480000,0x00000007c5480000)
[2021-07-20T13:29:18.380+0000][73.890s][2294560][2294576][debug] GC(29)   from space 476160K, 3% used [0x00000007c5480000,0x00000007c62e0000,0x00000007e2580000)
[2021-07-20T13:29:18.380+0000][73.890s][2294560][2294576][debug] GC(29)   to   space 463360K, 0% used [0x00000007e3b80000,0x00000007e3b80000,0x0000000800000000)
[2021-07-20T13:29:18.380+0000][73.890s][2294560][2294576][debug] GC(29)  ParOldGen       total 5592576K, used 3441729K [0x0000000600000000, 0x0000000755580000, 0x0000000755580000)
[2021-07-20T13:29:18.380+0000][73.890s][2294560][2294576][debug] GC(29)   object space 5592576K, 61% used [0x0000000600000000,0x00000006d2110440,0x0000000755580000)
[2021-07-20T13:29:18.380+0000][73.890s][2294560][2294576][debug] GC(29)  Metaspace       used 50523K, committed 50944K, reserved 1097728K
[2021-07-20T13:29:18.380+0000][73.890s][2294560][2294576][debug] GC(29)   class space    used 6267K, committed 6464K, reserved 1048576K
[2021-07-20T13:29:18.405+0000][73.915s][2294560][2294576][debug] GC(29) Desired survivor size 458227712 bytes, new threshold 1 (max threshold 15)
[2021-07-20T13:29:18.405+0000][73.915s][2294560][2294576][debug] GC(29) Running ParallelGC PreTouch tail with 13 workers for 13 work units pre-touching 52428800B.
[2021-07-20T13:29:18.405+0000][73.915s][2294560][2294576][debug] GC(29) Running ParallelGC PreTouch tail with 6 workers for 6 work units pre-touching 23068672B.
[2021-07-20T13:29:18.405+0000][73.915s][2294560][2294576][info ] GC(29) PSYoungGen: 1848704K(2310144K)->21424K(2348544K) Eden: 1833984K(1833984K)->0K(1885184K) From: 14720K(476160K)->21424K(463360K)
[2021-07-20T13:29:18.405+0000][73.915s][2294560][2294576][info ] GC(29) ParOldGen: 3441729K(5592576K)->3455694K(5592576K)
[2021-07-20T13:29:18.405+0000][73.915s][2294560][2294576][info ] GC(29) Pause Young (Allocation Failure) 5166M->3395M(7755M) 24.940ms
[2021-07-20T13:29:18.405+0000][73.915s][2294560][2294576][debug] GC(29) Heap after GC invocations=30 (full 2):
[2021-07-20T13:29:18.405+0000][73.915s][2294560][2294576][debug] GC(29)  PSYoungGen      total 2348544K, used 21424K [0x0000000755580000, 0x0000000800000000, 0x0000000800000000)
[2021-07-20T13:29:18.405+0000][73.915s][2294560][2294576][debug] GC(29)   eden space 1885184K, 0% used [0x0000000755580000,0x0000000755580000,0x00000007c8680000)
[2021-07-20T13:29:18.405+0000][73.915s][2294560][2294576][debug] GC(29)   from space 463360K, 4% used [0x00000007e3b80000,0x00000007e506c040,0x0000000800000000)
[2021-07-20T13:29:18.405+0000][73.915s][2294560][2294576][debug] GC(29)   to   space 447488K, 0% used [0x00000007c8680000,0x00000007c8680000,0x00000007e3b80000)
[2021-07-20T13:29:18.406+0000][73.915s][2294560][2294576][debug] GC(29)  ParOldGen       total 5592576K, used 3455694K [0x0000000600000000, 0x0000000755580000, 0x0000000755580000)
[2021-07-20T13:29:18.406+0000][73.915s][2294560][2294576][debug] GC(29)   object space 5592576K, 61% used [0x0000000600000000,0x00000006d2eb3b40,0x0000000755580000)
[2021-07-20T13:29:18.406+0000][73.915s][2294560][2294576][debug] GC(29)  Metaspace       used 50523K, committed 50944K, reserved 1097728K
[2021-07-20T13:29:18.406+0000][73.915s][2294560][2294576][debug] GC(29)   class space    used 6267K, committed 6464K, reserved 1048576K
[2021-07-20T13:29:18.406+0000][73.916s][2294560][2294576][info ] Safepoint "ParallelGCFailedAllocation", Time since last: 298940146 ns, Reaching safepoint: 790931 ns, At safepoint: 25503437 ns, Total: 26294368 ns
[2021-07-20T13:29:19.577+0000][75.087s][2294560][2294576][debug] GC(30) Heap before GC invocations=31 (full 2):
[2021-07-20T13:29:19.577+0000][75.087s][2294560][2294576][debug] GC(30)  PSYoungGen      total 2348544K, used 1906608K [0x0000000755580000, 0x0000000800000000, 0x0000000800000000)
[2021-07-20T13:29:19.577+0000][75.087s][2294560][2294576][debug] GC(30)   eden space 1885184K, 100% used [0x0000000755580000,0x00000007c8680000,0x00000007c8680000)
[2021-07-20T13:29:19.577+0000][75.087s][2294560][2294576][debug] GC(30)   from space 463360K, 4% used [0x00000007e3b80000,0x00000007e506c040,0x0000000800000000)
[2021-07-20T13:29:19.577+0000][75.087s][2294560][2294576][debug] GC(30)   to   space 447488K, 0% used [0x00000007c8680000,0x00000007c8680000,0x00000007e3b80000)
[2021-07-20T13:29:19.577+0000][75.087s][2294560][2294576][debug] GC(30)  ParOldGen       total 5592576K, used 3455694K [0x0000000600000000, 0x0000000755580000, 0x0000000755580000)
[2021-07-20T13:29:19.577+0000][75.087s][2294560][2294576][debug] GC(30)   object space 5592576K, 61% used [0x0000000600000000,0x00000006d2eb3b40,0x0000000755580000)
[2021-07-20T13:29:19.577+0000][75.087s][2294560][2294576][debug] GC(30)  Metaspace       used 50524K, committed 50944K, reserved 1097728K
[2021-07-20T13:29:19.577+0000][75.087s][2294560][2294576][debug] GC(30)   class space    used 6267K, committed 6464K, reserved 1048576K
[2021-07-20T13:29:19.606+0000][75.116s][2294560][2294576][debug] GC(30) Desired survivor size 441974784 bytes, new threshold 1 (max threshold 15)
[2021-07-20T13:29:19.606+0000][75.116s][2294560][2294576][info ] GC(30) PSYoungGen: 1906608K(2348544K)->14336K(2332672K) Eden: 1885184K(1885184K)->0K(1885184K) From: 21424K(463360K)->14336K(447488K)
[2021-07-20T13:29:19.606+0000][75.116s][2294560][2294576][info ] GC(30) ParOldGen: 3455694K(5592576K)->3476726K(5592576K)
[2021-07-20T13:29:19.606+0000][75.116s][2294560][2294576][info ] GC(30) Pause Young (Allocation Failure) 5236M->3409M(7739M) 29.224ms
[2021-07-20T13:29:19.606+0000][75.116s][2294560][2294576][debug] GC(30) Heap after GC invocations=31 (full 2):
[2021-07-20T13:29:19.606+0000][75.116s][2294560][2294576][debug] GC(30)  PSYoungGen      total 2332672K, used 14336K [0x0000000755580000, 0x0000000800000000, 0x0000000800000000)
[2021-07-20T13:29:19.606+0000][75.116s][2294560][2294576][debug] GC(30)   eden space 1885184K, 0% used [0x0000000755580000,0x0000000755580000,0x00000007c8680000)
[2021-07-20T13:29:19.606+0000][75.116s][2294560][2294576][debug] GC(30)   from space 447488K, 3% used [0x00000007c8680000,0x00000007c9480010,0x00000007e3b80000)
[2021-07-20T13:29:19.606+0000][75.116s][2294560][2294576][debug] GC(30)   to   space 431616K, 0% used [0x00000007e5a80000,0x00000007e5a80000,0x0000000800000000)
[2021-07-20T13:29:19.606+0000][75.116s][2294560][2294576][debug] GC(30)  ParOldGen       total 5592576K, used 3476726K [0x0000000600000000, 0x0000000755580000, 0x0000000755580000)
[2021-07-20T13:29:19.606+0000][75.116s][2294560][2294576][debug] GC(30)   object space 5592576K, 62% used [0x0000000600000000,0x00000006d433db70,0x0000000755580000)
[2021-07-20T13:29:19.606+0000][75.116s][2294560][2294576][debug] GC(30)  Metaspace       used 50524K, committed 50944K, reserved 1097728K
[2021-07-20T13:29:19.606+0000][75.116s][2294560][2294576][debug] GC(30)   class space    used 6267K, committed 6464K, reserved 1048576K
[2021-07-20T13:29:19.606+0000][75.116s][2294560][2294576][info ] Safepoint "ParallelGCFailedAllocation", Time since last: 1170441832 ns, Reaching safepoint: 293616 ns, At safepoint: 29742115 ns, Total: 30035731 ns
[2021-07-20T13:29:20.524+0000][76.034s][2294560][2294576][debug] GC(31) Heap before GC invocations=32 (full 2):
[2021-07-20T13:29:20.524+0000][76.034s][2294560][2294576][debug] GC(31)  PSYoungGen      total 2332672K, used 1899520K [0x0000000755580000, 0x0000000800000000, 0x0000000800000000)
[2021-07-20T13:29:20.524+0000][76.034s][2294560][2294576][debug] GC(31)   eden space 1885184K, 100% used [0x0000000755580000,0x00000007c8680000,0x00000007c8680000)
[2021-07-20T13:29:20.524+0000][76.034s][2294560][2294576][debug] GC(31)   from space 447488K, 3% used [0x00000007c8680000,0x00000007c9480010,0x00000007e3b80000)
[2021-07-20T13:29:20.524+0000][76.034s][2294560][2294576][debug] GC(31)   to   space 431616K, 0% used [0x00000007e5a80000,0x00000007e5a80000,0x0000000800000000)
[2021-07-20T13:29:20.524+0000][76.034s][2294560][2294576][debug] GC(31)  ParOldGen       total 5592576K, used 3476726K [0x0000000600000000, 0x0000000755580000, 0x0000000755580000)
[2021-07-20T13:29:20.524+0000][76.034s][2294560][2294576][debug] GC(31)   object space 5592576K, 62% used [0x0000000600000000,0x00000006d433db70,0x0000000755580000)
[2021-07-20T13:29:20.524+0000][76.034s][2294560][2294576][debug] GC(31)  Metaspace       used 50524K, committed 50944K, reserved 1097728K
[2021-07-20T13:29:20.524+0000][76.034s][2294560][2294576][debug] GC(31)   class space    used 6267K, committed 6464K, reserved 1048576K
[2021-07-20T13:29:20.556+0000][76.066s][2294560][2294576][debug] GC(31) Desired survivor size 422051840 bytes, new threshold 1 (max threshold 15)
[2021-07-20T13:29:20.556+0000][76.066s][2294560][2294576][debug] GC(31) Running ParallelGC PreTouch tail with 13 workers for 17 work units pre-touching 68681728B.
[2021-07-20T13:29:20.556+0000][76.066s][2294560][2294576][debug] GC(31) Running ParallelGC PreTouch tail with 8 workers for 8 work units pre-touching 32505856B.
[2021-07-20T13:29:20.556+0000][76.066s][2294560][2294576][info ] GC(31) PSYoungGen: 1899520K(2332672K)->28544K(2383872K) Eden: 1885184K(1885184K)->0K(1952256K) From: 14336K(447488K)->28544K(431616K)
[2021-07-20T13:29:20.556+0000][76.066s][2294560][2294576][info ] GC(31) ParOldGen: 3476726K(5592576K)->3490534K(5592576K)
[2021-07-20T13:29:20.556+0000][76.066s][2294560][2294576][info ] GC(31) Pause Young (Allocation Failure) 5250M->3436M(7789M) 31.760ms
[2021-07-20T13:29:20.556+0000][76.066s][2294560][2294576][debug] GC(31) Heap after GC invocations=32 (full 2):
[2021-07-20T13:29:20.556+0000][76.066s][2294560][2294576][debug] GC(31)  PSYoungGen      total 2383872K, used 28544K [0x0000000755580000, 0x0000000800000000, 0x0000000800000000)
[2021-07-20T13:29:20.556+0000][76.066s][2294560][2294576][debug] GC(31)   eden space 1952256K, 0% used [0x0000000755580000,0x0000000755580000,0x00000007cc800000)
[2021-07-20T13:29:20.556+0000][76.066s][2294560][2294576][debug] GC(31)   from space 431616K, 6% used [0x00000007e5a80000,0x00000007e7660040,0x0000000800000000)
[2021-07-20T13:29:20.556+0000][76.066s][2294560][2294576][debug] GC(31)   to   space 412160K, 0% used [0x00000007cc800000,0x00000007cc800000,0x00000007e5a80000)
[2021-07-20T13:29:20.556+0000][76.066s][2294560][2294576][debug] GC(31)  ParOldGen       total 5592576K, used 3490534K [0x0000000600000000, 0x0000000755580000, 0x0000000755580000)
[2021-07-20T13:29:20.556+0000][76.066s][2294560][2294576][debug] GC(31)   object space 5592576K, 62% used [0x0000000600000000,0x00000006d50b9b70,0x0000000755580000)
[2021-07-20T13:29:20.556+0000][76.066s][2294560][2294576][debug] GC(31)  Metaspace       used 50524K, committed 50944K, reserved 1097728K
[2021-07-20T13:29:20.556+0000][76.066s][2294560][2294576][debug] GC(31)   class space    used 6267K, committed 6464K, reserved 1048576K
[2021-07-20T13:29:20.557+0000][76.066s][2294560][2294576][info ] Safepoint "ParallelGCFailedAllocation", Time since last: 917477801 ns, Reaching safepoint: 280599 ns, At safepoint: 32429105 ns, Total: 32709704 ns
[2021-07-20T13:29:21.285+0000][76.795s][2294560][2294576][debug] GC(32) Heap before GC invocations=33 (full 2):
[2021-07-20T13:29:21.286+0000][76.795s][2294560][2294576][debug] GC(32)  PSYoungGen      total 2383872K, used 1980800K [0x0000000755580000, 0x0000000800000000, 0x0000000800000000)
[2021-07-20T13:29:21.286+0000][76.795s][2294560][2294576][debug] GC(32)   eden space 1952256K, 100% used [0x0000000755580000,0x00000007cc800000,0x00000007cc800000)
[2021-07-20T13:29:21.286+0000][76.795s][2294560][2294576][debug] GC(32)   from space 431616K, 6% used [0x00000007e5a80000,0x00000007e7660040,0x0000000800000000)
[2021-07-20T13:29:21.286+0000][76.795s][2294560][2294576][debug] GC(32)   to   space 412160K, 0% used [0x00000007cc800000,0x00000007cc800000,0x00000007e5a80000)
[2021-07-20T13:29:21.286+0000][76.795s][2294560][2294576][debug] GC(32)  ParOldGen       total 5592576K, used 3490534K [0x0000000600000000, 0x0000000755580000, 0x0000000755580000)
[2021-07-20T13:29:21.286+0000][76.795s][2294560][2294576][debug] GC(32)   object space 5592576K, 62% used [0x0000000600000000,0x00000006d50b9b70,0x0000000755580000)
[2021-07-20T13:29:21.286+0000][76.795s][2294560][2294576][debug] GC(32)  Metaspace       used 50530K, committed 50944K, reserved 1097728K
[2021-07-20T13:29:21.286+0000][76.796s][2294560][2294576][debug] GC(32)   class space    used 6267K, committed 6464K, reserved 1048576K
[2021-07-20T13:29:21.312+0000][76.822s][2294560][2294576][debug] GC(32) Desired survivor size 404226048 bytes, new threshold 1 (max threshold 15)
[2021-07-20T13:29:21.312+0000][76.822s][2294560][2294576][info ] GC(32) PSYoungGen: 1980800K(2383872K)->14400K(2364416K) Eden: 1952256K(1952256K)->0K(1952256K) From: 28544K(431616K)->14400K(412160K)
[2021-07-20T13:29:21.312+0000][76.822s][2294560][2294576][info ] GC(32) ParOldGen: 3490534K(5592576K)->3514478K(5592576K)
[2021-07-20T13:29:21.312+0000][76.822s][2294560][2294576][info ] GC(32) Pause Young (Allocation Failure) 5343M->3446M(7770M) 26.216ms
[2021-07-20T13:29:21.312+0000][76.822s][2294560][2294576][debug] GC(32) Heap after GC invocations=33 (full 2):
[2021-07-20T13:29:21.312+0000][76.822s][2294560][2294576][debug] GC(32)  PSYoungGen      total 2364416K, used 14400K [0x0000000755580000, 0x0000000800000000, 0x0000000800000000)
[2021-07-20T13:29:21.312+0000][76.822s][2294560][2294576][debug] GC(32)   eden space 1952256K, 0% used [0x0000000755580000,0x0000000755580000,0x00000007cc800000)
[2021-07-20T13:29:21.312+0000][76.822s][2294560][2294576][debug] GC(32)   from space 412160K, 3% used [0x00000007cc800000,0x00000007cd610010,0x00000007e5a80000)
[2021-07-20T13:29:21.312+0000][76.822s][2294560][2294576][debug] GC(32)   to   space 394752K, 0% used [0x00000007e7e80000,0x00000007e7e80000,0x0000000800000000)
[2021-07-20T13:29:21.312+0000][76.822s][2294560][2294576][debug] GC(32)  ParOldGen       total 5592576K, used 3514478K [0x0000000600000000, 0x0000000755580000, 0x0000000755580000)
[2021-07-20T13:29:21.312+0000][76.822s][2294560][2294576][debug] GC(32)   object space 5592576K, 62% used [0x0000000600000000,0x00000006d681bb90,0x0000000755580000)
[2021-07-20T13:29:21.312+0000][76.822s][2294560][2294576][debug] GC(32)  Metaspace       used 50530K, committed 50944K, reserved 1097728K
[2021-07-20T13:29:21.312+0000][76.822s][2294560][2294576][debug] GC(32)   class space    used 6267K, committed 6464K, reserved 1048576K
[2021-07-20T13:29:21.312+0000][76.822s][2294560][2294576][info ] Safepoint "ParallelGCFailedAllocation", Time since last: 728792468 ns, Reaching safepoint: 160522 ns, At safepoint: 26644236 ns, Total: 26804758 ns
[2021-07-20T13:29:21.948+0000][77.458s][2294560][2294576][debug] GC(33) Heap before GC invocations=34 (full 2):
[2021-07-20T13:29:21.948+0000][77.458s][2294560][2294576][debug] GC(33)  PSYoungGen      total 2364416K, used 1966656K [0x0000000755580000, 0x0000000800000000, 0x0000000800000000)
[2021-07-20T13:29:21.948+0000][77.458s][2294560][2294576][debug] GC(33)   eden space 1952256K, 100% used [0x0000000755580000,0x00000007cc800000,0x00000007cc800000)
[2021-07-20T13:29:21.948+0000][77.458s][2294560][2294576][debug] GC(33)   from space 412160K, 3% used [0x00000007cc800000,0x00000007cd610010,0x00000007e5a80000)
[2021-07-20T13:29:21.948+0000][77.458s][2294560][2294576][debug] GC(33)   to   space 394752K, 0% used [0x00000007e7e80000,0x00000007e7e80000,0x0000000800000000)
[2021-07-20T13:29:21.948+0000][77.458s][2294560][2294576][debug] GC(33)  ParOldGen       total 5592576K, used 3514478K [0x0000000600000000, 0x0000000755580000, 0x0000000755580000)
[2021-07-20T13:29:21.948+0000][77.458s][2294560][2294576][debug] GC(33)   object space 5592576K, 62% used [0x0000000600000000,0x00000006d681bb90,0x0000000755580000)
[2021-07-20T13:29:21.948+0000][77.458s][2294560][2294576][debug] GC(33)  Metaspace       used 50530K, committed 50944K, reserved 1097728K
[2021-07-20T13:29:21.948+0000][77.458s][2294560][2294576][debug] GC(33)   class space    used 6267K, committed 6464K, reserved 1048576K
[2021-07-20T13:29:21.976+0000][77.486s][2294560][2294576][debug] GC(33) Desired survivor size 386400256 bytes, new threshold 1 (max threshold 15)
[2021-07-20T13:29:21.976+0000][77.486s][2294560][2294576][debug] GC(33) Running ParallelGC PreTouch tail with 13 workers for 18 work units pre-touching 73400320B.
[2021-07-20T13:29:21.976+0000][77.486s][2294560][2294576][debug] GC(33) Running ParallelGC PreTouch tail with 9 workers for 9 work units pre-touching 37748736B.
[2021-07-20T13:29:21.976+0000][77.486s][2294560][2294576][info ] GC(33) PSYoungGen: 1966656K(2364416K)->14272K(2418688K) Eden: 1952256K(1952256K)->0K(2023936K) From: 14400K(412160K)->14272K(394752K)
[2021-07-20T13:29:21.976+0000][77.486s][2294560][2294576][info ] GC(33) ParOldGen: 3514478K(5592576K)->3528542K(5592576K)
[2021-07-20T13:29:21.977+0000][77.486s][2294560][2294576][info ] GC(33) Pause Young (Allocation Failure) 5352M->3459M(7823M) 28.016ms
[2021-07-20T13:29:21.977+0000][77.486s][2294560][2294576][debug] GC(33) Heap after GC invocations=34 (full 2):
[2021-07-20T13:29:21.977+0000][77.486s][2294560][2294576][debug] GC(33)  PSYoungGen      total 2418688K, used 14272K [0x0000000755580000, 0x0000000800000000, 0x0000000800000000)
[2021-07-20T13:29:21.977+0000][77.487s][2294560][2294576][debug] GC(33)   eden space 2023936K, 0% used [0x0000000755580000,0x0000000755580000,0x00000007d0e00000)
[2021-07-20T13:29:21.977+0000][77.487s][2294560][2294576][debug] GC(33)   from space 394752K, 3% used [0x00000007e7e80000,0x00000007e8c70000,0x0000000800000000)
[2021-07-20T13:29:21.977+0000][77.487s][2294560][2294576][debug] GC(33)   to   space 377344K, 0% used [0x00000007d0e00000,0x00000007d0e00000,0x00000007e7e80000)
[2021-07-20T13:29:21.977+0000][77.487s][2294560][2294576][debug] GC(33)  ParOldGen       total 5592576K, used 3528542K [0x0000000600000000, 0x0000000755580000, 0x0000000755580000)
[2021-07-20T13:29:21.977+0000][77.487s][2294560][2294576][debug] GC(33)   object space 5592576K, 63% used [0x0000000600000000,0x00000006d75d7ba0,0x0000000755580000)
[2021-07-20T13:29:21.977+0000][77.487s][2294560][2294576][debug] GC(33)  Metaspace       used 50530K, committed 50944K, reserved 1097728K
[2021-07-20T13:29:21.977+0000][77.487s][2294560][2294576][debug] GC(33)   class space    used 6267K, committed 6464K, reserved 1048576K
[2021-07-20T13:29:21.977+0000][77.487s][2294560][2294576][info ] Safepoint "ParallelGCFailedAllocation", Time since last: 636097871 ns, Reaching safepoint: 162584 ns, At safepoint: 28406205 ns, Total: 28568789 ns
[2021-07-20T13:29:22.765+0000][78.275s][2294560][2294576][debug] GC(34) Heap before GC invocations=35 (full 2):
[2021-07-20T13:29:22.765+0000][78.275s][2294560][2294576][debug] GC(34)  PSYoungGen      total 2418688K, used 2038208K [0x0000000755580000, 0x0000000800000000, 0x0000000800000000)
[2021-07-20T13:29:22.765+0000][78.275s][2294560][2294576][debug] GC(34)   eden space 2023936K, 100% used [0x0000000755580000,0x00000007d0e00000,0x00000007d0e00000)
[2021-07-20T13:29:22.765+0000][78.275s][2294560][2294576][debug] GC(34)   from space 394752K, 3% used [0x00000007e7e80000,0x00000007e8c70000,0x0000000800000000)
[2021-07-20T13:29:22.765+0000][78.275s][2294560][2294576][debug] GC(34)   to   space 377344K, 0% used [0x00000007d0e00000,0x00000007d0e00000,0x00000007e7e80000)
[2021-07-20T13:29:22.765+0000][78.275s][2294560][2294576][debug] GC(34)  ParOldGen       total 5592576K, used 3528542K [0x0000000600000000, 0x0000000755580000, 0x0000000755580000)
[2021-07-20T13:29:22.765+0000][78.275s][2294560][2294576][debug] GC(34)   object space 5592576K, 63% used [0x0000000600000000,0x00000006d75d7ba0,0x0000000755580000)
[2021-07-20T13:29:22.765+0000][78.275s][2294560][2294576][debug] GC(34)  Metaspace       used 50562K, committed 50944K, reserved 1097728K
[2021-07-20T13:29:22.765+0000][78.275s][2294560][2294576][debug] GC(34)   class space    used 6270K, committed 6464K, reserved 1048576K
[2021-07-20T13:29:22.793+0000][78.303s][2294560][2294576][debug] GC(34) Desired survivor size 366477312 bytes, new threshold 1 (max threshold 15)
[2021-07-20T13:29:22.793+0000][78.303s][2294560][2294576][info ] GC(34) PSYoungGen: 2038208K(2418688K)->22496K(2401280K) Eden: 2023936K(2023936K)->0K(2023936K) From: 14272K(394752K)->22496K(377344K)
[2021-07-20T13:29:22.794+0000][78.303s][2294560][2294576][info ] GC(34) ParOldGen: 3528542K(5592576K)->3542470K(5592576K)
[2021-07-20T13:29:22.794+0000][78.303s][2294560][2294576][info ] GC(34) Pause Young (Allocation Failure) 5436M->3481M(7806M) 28.546ms
[2021-07-20T13:29:22.794+0000][78.303s][2294560][2294576][debug] GC(34) Heap after GC invocations=35 (full 2):
[2021-07-20T13:29:22.794+0000][78.304s][2294560][2294576][debug] GC(34)  PSYoungGen      total 2401280K, used 22496K [0x0000000755580000, 0x0000000800000000, 0x0000000800000000)
[2021-07-20T13:29:22.794+0000][78.304s][2294560][2294576][debug] GC(34)   eden space 2023936K, 0% used [0x0000000755580000,0x0000000755580000,0x00000007d0e00000)
[2021-07-20T13:29:22.794+0000][78.304s][2294560][2294576][debug] GC(34)   from space 377344K, 5% used [0x00000007d0e00000,0x00000007d23f8020,0x00000007e7e80000)
[2021-07-20T13:29:22.794+0000][78.304s][2294560][2294576][debug] GC(34)   to   space 357888K, 0% used [0x00000007ea280000,0x00000007ea280000,0x0000000800000000)
[2021-07-20T13:29:22.794+0000][78.304s][2294560][2294576][debug] GC(34)  ParOldGen       total 5592576K, used 3542470K [0x0000000600000000, 0x0000000755580000, 0x0000000755580000)
[2021-07-20T13:29:22.794+0000][78.304s][2294560][2294576][debug] GC(34)   object space 5592576K, 63% used [0x0000000600000000,0x00000006d8371ba0,0x0000000755580000)
[2021-07-20T13:29:22.794+0000][78.304s][2294560][2294576][debug] GC(34)  Metaspace       used 50562K, committed 50944K, reserved 1097728K
[2021-07-20T13:29:22.794+0000][78.304s][2294560][2294576][debug] GC(34)   class space    used 6270K, committed 6464K, reserved 1048576K
[2021-07-20T13:29:22.794+0000][78.304s][2294560][2294576][info ] Safepoint "ParallelGCFailedAllocation", Time since last: 787880890 ns, Reaching safepoint: 186695 ns, At safepoint: 28967084 ns, Total: 29153779 ns
[2021-07-20T13:29:23.534+0000][79.044s][2294560][2294576][debug] GC(35) Heap before GC invocations=36 (full 2):
[2021-07-20T13:29:23.534+0000][79.044s][2294560][2294576][debug] GC(35)  PSYoungGen      total 2401280K, used 2046432K [0x0000000755580000, 0x0000000800000000, 0x0000000800000000)
[2021-07-20T13:29:23.534+0000][79.044s][2294560][2294576][debug] GC(35)   eden space 2023936K, 100% used [0x0000000755580000,0x00000007d0e00000,0x00000007d0e00000)
[2021-07-20T13:29:23.534+0000][79.044s][2294560][2294576][debug] GC(35)   from space 377344K, 5% used [0x00000007d0e00000,0x00000007d23f8020,0x00000007e7e80000)
[2021-07-20T13:29:23.534+0000][79.044s][2294560][2294576][debug] GC(35)   to   space 357888K, 0% used [0x00000007ea280000,0x00000007ea280000,0x0000000800000000)
[2021-07-20T13:29:23.534+0000][79.044s][2294560][2294576][debug] GC(35)  ParOldGen       total 5592576K, used 3542470K [0x0000000600000000, 0x0000000755580000, 0x0000000755580000)
[2021-07-20T13:29:23.534+0000][79.044s][2294560][2294576][debug] GC(35)   object space 5592576K, 63% used [0x0000000600000000,0x00000006d8371ba0,0x0000000755580000)
[2021-07-20T13:29:23.534+0000][79.044s][2294560][2294576][debug] GC(35)  Metaspace       used 50569K, committed 50944K, reserved 1097728K
[2021-07-20T13:29:23.534+0000][79.044s][2294560][2294576][debug] GC(35)   class space    used 6270K, committed 6464K, reserved 1048576K
[2021-07-20T13:29:23.567+0000][79.077s][2294560][2294576][debug] GC(35) Desired survivor size 347078656 bytes, new threshold 1 (max threshold 15)
[2021-07-20T13:29:23.567+0000][79.077s][2294560][2294576][debug] GC(35) Running ParallelGC PreTouch tail with 13 workers for 19 work units pre-touching 77070336B.
[2021-07-20T13:29:23.567+0000][79.077s][2294560][2294576][debug] GC(35) Running ParallelGC PreTouch tail with 9 workers for 9 work units pre-touching 37748736B.
[2021-07-20T13:29:23.567+0000][79.077s][2294560][2294576][info ] GC(35) PSYoungGen: 2046432K(2401280K)->21496K(2457088K) Eden: 2023936K(2023936K)->0K(2099200K) From: 22496K(377344K)->21496K(357888K)
[2021-07-20T13:29:23.567+0000][79.077s][2294560][2294576][info ] GC(35) ParOldGen: 3542470K(5592576K)->3564454K(5592576K)
[2021-07-20T13:29:23.567+0000][79.077s][2294560][2294576][info ] GC(35) Pause Young (Allocation Failure) 5457M->3501M(7861M) 33.061ms
[2021-07-20T13:29:23.567+0000][79.077s][2294560][2294576][debug] GC(35) Heap after GC invocations=36 (full 2):
[2021-07-20T13:29:23.567+0000][79.077s][2294560][2294576][debug] GC(35)  PSYoungGen      total 2457088K, used 21496K [0x0000000755580000, 0x0000000800000000, 0x0000000800000000)
[2021-07-20T13:29:23.567+0000][79.077s][2294560][2294576][debug] GC(35)   eden space 2099200K, 0% used [0x0000000755580000,0x0000000755580000,0x00000007d5780000)
[2021-07-20T13:29:23.567+0000][79.077s][2294560][2294576][debug] GC(35)   from space 357888K, 6% used [0x00000007ea280000,0x00000007eb77e3c0,0x0000000800000000)
[2021-07-20T13:29:23.567+0000][79.077s][2294560][2294576][debug] GC(35)   to   space 338944K, 0% used [0x00000007d5780000,0x00000007d5780000,0x00000007ea280000)
[2021-07-20T13:29:23.567+0000][79.077s][2294560][2294576][debug] GC(35)  ParOldGen       total 5592576K, used 3564454K [0x0000000600000000, 0x0000000755580000, 0x0000000755580000)
[2021-07-20T13:29:23.567+0000][79.077s][2294560][2294576][debug] GC(35)   object space 5592576K, 63% used [0x0000000600000000,0x00000006d98e9bc0,0x0000000755580000)
[2021-07-20T13:29:23.567+0000][79.077s][2294560][2294576][debug] GC(35)  Metaspace       used 50569K, committed 50944K, reserved 1097728K
[2021-07-20T13:29:23.567+0000][79.077s][2294560][2294576][debug] GC(35)   class space    used 6270K, committed 6464K, reserved 1048576K
[2021-07-20T13:29:23.567+0000][79.077s][2294560][2294576][info ] Safepoint "ParallelGCFailedAllocation", Time since last: 736657013 ns, Reaching safepoint: 3634782 ns, At safepoint: 33401408 ns, Total: 37036190 ns
[2021-07-20T13:29:24.381+0000][79.891s][2294560][2294576][debug] GC(36) Heap before GC invocations=37 (full 2):
[2021-07-20T13:29:24.381+0000][79.891s][2294560][2294576][debug] GC(36)  PSYoungGen      total 2457088K, used 2120696K [0x0000000755580000, 0x0000000800000000, 0x0000000800000000)
[2021-07-20T13:29:24.381+0000][79.891s][2294560][2294576][debug] GC(36)   eden space 2099200K, 100% used [0x0000000755580000,0x00000007d5780000,0x00000007d5780000)
[2021-07-20T13:29:24.381+0000][79.891s][2294560][2294576][debug] GC(36)   from space 357888K, 6% used [0x00000007ea280000,0x00000007eb77e3c0,0x0000000800000000)
[2021-07-20T13:29:24.381+0000][79.891s][2294560][2294576][debug] GC(36)   to   space 338944K, 0% used [0x00000007d5780000,0x00000007d5780000,0x00000007ea280000)
[2021-07-20T13:29:24.381+0000][79.891s][2294560][2294576][debug] GC(36)  ParOldGen       total 5592576K, used 3564454K [0x0000000600000000, 0x0000000755580000, 0x0000000755580000)
[2021-07-20T13:29:24.381+0000][79.891s][2294560][2294576][debug] GC(36)   object space 5592576K, 63% used [0x0000000600000000,0x00000006d98e9bc0,0x0000000755580000)
[2021-07-20T13:29:24.381+0000][79.891s][2294560][2294576][debug] GC(36)  Metaspace       used 50571K, committed 50944K, reserved 1097728K
[2021-07-20T13:29:24.381+0000][79.891s][2294560][2294576][debug] GC(36)   class space    used 6270K, committed 6464K, reserved 1048576K
[2021-07-20T13:29:24.428+0000][79.938s][2294560][2294576][debug] GC(36) Desired survivor size 322961408 bytes, new threshold 1 (max threshold 15)
[2021-07-20T13:29:24.428+0000][79.938s][2294560][2294576][info ] GC(36) PSYoungGen: 2120696K(2457088K)->51499K(2438144K) Eden: 2099200K(2099200K)->0K(2099200K) From: 21496K(357888K)->51499K(338944K)
[2021-07-20T13:29:24.428+0000][79.938s][2294560][2294576][info ] GC(36) ParOldGen: 3564454K(5592576K)->3584344K(5592576K)
[2021-07-20T13:29:24.428+0000][79.938s][2294560][2294576][info ] GC(36) Pause Young (Allocation Failure) 5551M->3550M(7842M) 47.008ms
[2021-07-20T13:29:24.428+0000][79.938s][2294560][2294576][debug] GC(36) Heap after GC invocations=37 (full 2):
[2021-07-20T13:29:24.428+0000][79.938s][2294560][2294576][debug] GC(36)  PSYoungGen      total 2438144K, used 51499K [0x0000000755580000, 0x0000000800000000, 0x0000000800000000)
[2021-07-20T13:29:24.428+0000][79.938s][2294560][2294576][debug] GC(36)   eden space 2099200K, 0% used [0x0000000755580000,0x0000000755580000,0x00000007d5780000)
[2021-07-20T13:29:24.428+0000][79.938s][2294560][2294576][debug] GC(36)   from space 338944K, 15% used [0x00000007d5780000,0x00000007d89caf90,0x00000007ea280000)
[2021-07-20T13:29:24.428+0000][79.938s][2294560][2294576][debug] GC(36)   to   space 315392K, 0% used [0x00000007ecc00000,0x00000007ecc00000,0x0000000800000000)
[2021-07-20T13:29:24.428+0000][79.938s][2294560][2294576][debug] GC(36)  ParOldGen       total 5592576K, used 3584344K [0x0000000600000000, 0x0000000755580000, 0x0000000755580000)
[2021-07-20T13:29:24.428+0000][79.938s][2294560][2294576][debug] GC(36)   object space 5592576K, 64% used [0x0000000600000000,0x00000006dac560e0,0x0000000755580000)
[2021-07-20T13:29:24.428+0000][79.938s][2294560][2294576][debug] GC(36)  Metaspace       used 50571K, committed 50944K, reserved 1097728K
[2021-07-20T13:29:24.428+0000][79.938s][2294560][2294576][debug] GC(36)   class space    used 6270K, committed 6464K, reserved 1048576K
[2021-07-20T13:29:24.428+0000][79.938s][2294560][2294576][info ] Safepoint "ParallelGCFailedAllocation", Time since last: 812903158 ns, Reaching safepoint: 202554 ns, At safepoint: 47420858 ns, Total: 47623412 ns
[2021-07-20T13:29:25.146+0000][80.656s][2294560][2294576][debug] GC(37) Heap before GC invocations=38 (full 2):
[2021-07-20T13:29:25.146+0000][80.656s][2294560][2294576][debug] GC(37)  PSYoungGen      total 2438144K, used 2150699K [0x0000000755580000, 0x0000000800000000, 0x0000000800000000)
[2021-07-20T13:29:25.146+0000][80.656s][2294560][2294576][debug] GC(37)   eden space 2099200K, 100% used [0x0000000755580000,0x00000007d5780000,0x00000007d5780000)
[2021-07-20T13:29:25.146+0000][80.656s][2294560][2294576][debug] GC(37)   from space 338944K, 15% used [0x00000007d5780000,0x00000007d89caf90,0x00000007ea280000)
[2021-07-20T13:29:25.146+0000][80.656s][2294560][2294576][debug] GC(37)   to   space 315392K, 0% used [0x00000007ecc00000,0x00000007ecc00000,0x0000000800000000)
[2021-07-20T13:29:25.146+0000][80.656s][2294560][2294576][debug] GC(37)  ParOldGen       total 5592576K, used 3584344K [0x0000000600000000, 0x0000000755580000, 0x0000000755580000)
[2021-07-20T13:29:25.146+0000][80.656s][2294560][2294576][debug] GC(37)   object space 5592576K, 64% used [0x0000000600000000,0x00000006dac560e0,0x0000000755580000)
[2021-07-20T13:29:25.146+0000][80.656s][2294560][2294576][debug] GC(37)  Metaspace       used 50573K, committed 50944K, reserved 1097728K
[2021-07-20T13:29:25.146+0000][80.656s][2294560][2294576][debug] GC(37)   class space    used 6270K, committed 6464K, reserved 1048576K
[2021-07-20T13:29:25.187+0000][80.697s][2294560][2294576][debug] GC(37) Desired survivor size 307232768 bytes, new threshold 1 (max threshold 15)
[2021-07-20T13:29:25.187+0000][80.697s][2294560][2294576][debug] GC(37) Running ParallelGC PreTouch tail with 13 workers for 20 work units pre-touching 83361792B.
[2021-07-20T13:29:25.187+0000][80.697s][2294560][2294576][debug] GC(37) Running ParallelGC PreTouch tail with 11 workers for 11 work units pre-touching 43515904B.
[2021-07-20T13:29:25.187+0000][80.697s][2294560][2294576][info ] GC(37) PSYoungGen: 2150699K(2438144K)->14272K(2496000K) Eden: 2099200K(2099200K)->0K(2180608K) From: 51499K(338944K)->14272K(315392K)
[2021-07-20T13:29:25.187+0000][80.697s][2294560][2294576][info ] GC(37) ParOldGen: 3584344K(5592576K)->3635548K(5592576K)
[2021-07-20T13:29:25.187+0000][80.697s][2294560][2294576][info ] GC(37) Pause Young (Allocation Failure) 5600M->3564M(7899M) 41.657ms
[2021-07-20T13:29:25.187+0000][80.697s][2294560][2294576][debug] GC(37) Heap after GC invocations=38 (full 2):
[2021-07-20T13:29:25.187+0000][80.697s][2294560][2294576][debug] GC(37)  PSYoungGen      total 2496000K, used 14272K [0x0000000755580000, 0x0000000800000000, 0x0000000800000000)
[2021-07-20T13:29:25.187+0000][80.697s][2294560][2294576][debug] GC(37)   eden space 2180608K, 0% used [0x0000000755580000,0x0000000755580000,0x00000007da700000)
[2021-07-20T13:29:25.187+0000][80.697s][2294560][2294576][debug] GC(37)   from space 315392K, 4% used [0x00000007ecc00000,0x00000007ed9f0000,0x0000000800000000)
[2021-07-20T13:29:25.187+0000][80.697s][2294560][2294576][debug] GC(37)   to   space 300032K, 0% used [0x00000007da700000,0x00000007da700000,0x00000007ecc00000)
[2021-07-20T13:29:25.187+0000][80.697s][2294560][2294576][debug] GC(37)  ParOldGen       total 5592576K, used 3635548K [0x0000000600000000, 0x0000000755580000, 0x0000000755580000)
[2021-07-20T13:29:25.187+0000][80.697s][2294560][2294576][debug] GC(37)   object space 5592576K, 65% used [0x0000000600000000,0x00000006dde57070,0x0000000755580000)
[2021-07-20T13:29:25.187+0000][80.697s][2294560][2294576][debug] GC(37)  Metaspace       used 50573K, committed 50944K, reserved 1097728K
[2021-07-20T13:29:25.187+0000][80.697s][2294560][2294576][debug] GC(37)   class space    used 6270K, committed 6464K, reserved 1048576K
[2021-07-20T13:29:25.188+0000][80.698s][2294560][2294576][info ] Safepoint "ParallelGCFailedAllocation", Time since last: 717355499 ns, Reaching safepoint: 157764 ns, At safepoint: 42189979 ns, Total: 42347743 ns
[2021-07-20T13:29:25.933+0000][81.443s][2294560][2294576][debug] GC(38) Heap before GC invocations=39 (full 2):
[2021-07-20T13:29:25.933+0000][81.443s][2294560][2294576][debug] GC(38)  PSYoungGen      total 2496000K, used 2194880K [0x0000000755580000, 0x0000000800000000, 0x0000000800000000)
[2021-07-20T13:29:25.933+0000][81.443s][2294560][2294576][debug] GC(38)   eden space 2180608K, 100% used [0x0000000755580000,0x00000007da700000,0x00000007da700000)
[2021-07-20T13:29:25.933+0000][81.443s][2294560][2294576][debug] GC(38)   from space 315392K, 4% used [0x00000007ecc00000,0x00000007ed9f0000,0x0000000800000000)
[2021-07-20T13:29:25.933+0000][81.443s][2294560][2294576][debug] GC(38)   to   space 300032K, 0% used [0x00000007da700000,0x00000007da700000,0x00000007ecc00000)
[2021-07-20T13:29:25.933+0000][81.443s][2294560][2294576][debug] GC(38)  ParOldGen       total 5592576K, used 3635548K [0x0000000600000000, 0x0000000755580000, 0x0000000755580000)
[2021-07-20T13:29:25.933+0000][81.443s][2294560][2294576][debug] GC(38)   object space 5592576K, 65% used [0x0000000600000000,0x00000006dde57070,0x0000000755580000)
[2021-07-20T13:29:25.933+0000][81.443s][2294560][2294576][debug] GC(38)  Metaspace       used 50574K, committed 50944K, reserved 1097728K
[2021-07-20T13:29:25.933+0000][81.443s][2294560][2294576][debug] GC(38)   class space    used 6270K, committed 6464K, reserved 1048576K
[2021-07-20T13:29:25.963+0000][81.473s][2294560][2294576][debug] GC(38) Desired survivor size 291504128 bytes, new threshold 1 (max threshold 15)
[2021-07-20T13:29:25.963+0000][81.473s][2294560][2294576][info ] GC(38) PSYoungGen: 2194880K(2496000K)->14496K(2480640K) Eden: 2180608K(2180608K)->0K(2180608K) From: 14272K(315392K)->14496K(300032K)
[2021-07-20T13:29:25.963+0000][81.473s][2294560][2294576][info ] GC(38) ParOldGen: 3635548K(5592576K)->3649428K(5592576K)
[2021-07-20T13:29:25.963+0000][81.473s][2294560][2294576][info ] GC(38) Pause Young (Allocation Failure) 5693M->3578M(7884M) 29.805ms
[2021-07-20T13:29:25.963+0000][81.473s][2294560][2294576][debug] GC(38) Heap after GC invocations=39 (full 2):
[2021-07-20T13:29:25.963+0000][81.473s][2294560][2294576][debug] GC(38)  PSYoungGen      total 2480640K, used 14496K [0x0000000755580000, 0x0000000800000000, 0x0000000800000000)
[2021-07-20T13:29:25.963+0000][81.473s][2294560][2294576][debug] GC(38)   eden space 2180608K, 0% used [0x0000000755580000,0x0000000755580000,0x00000007da700000)
[2021-07-20T13:29:25.963+0000][81.473s][2294560][2294576][debug] GC(38)   from space 300032K, 4% used [0x00000007da700000,0x00000007db528000,0x00000007ecc00000)
[2021-07-20T13:29:25.963+0000][81.473s][2294560][2294576][debug] GC(38)   to   space 284672K, 0% used [0x00000007eea00000,0x00000007eea00000,0x0000000800000000)
[2021-07-20T13:29:25.963+0000][81.473s][2294560][2294576][debug] GC(38)  ParOldGen       total 5592576K, used 3649428K [0x0000000600000000, 0x0000000755580000, 0x0000000755580000)
[2021-07-20T13:29:25.963+0000][81.473s][2294560][2294576][debug] GC(38)   object space 5592576K, 65% used [0x0000000600000000,0x00000006debe5070,0x0000000755580000)
[2021-07-20T13:29:25.963+0000][81.473s][2294560][2294576][debug] GC(38)  Metaspace       used 50574K, committed 50944K, reserved 1097728K
[2021-07-20T13:29:25.963+0000][81.473s][2294560][2294576][debug] GC(38)   class space    used 6270K, committed 6464K, reserved 1048576K
[2021-07-20T13:29:25.963+0000][81.473s][2294560][2294576][info ] Safepoint "ParallelGCFailedAllocation", Time since last: 745133850 ns, Reaching safepoint: 90596 ns, At safepoint: 30174139 ns, Total: 30264735 ns
[2021-07-20T13:29:26.724+0000][82.234s][2294560][2294576][debug] GC(39) Heap before GC invocations=40 (full 2):
[2021-07-20T13:29:26.724+0000][82.234s][2294560][2294576][debug] GC(39)  PSYoungGen      total 2480640K, used 2195104K [0x0000000755580000, 0x0000000800000000, 0x0000000800000000)
[2021-07-20T13:29:26.724+0000][82.234s][2294560][2294576][debug] GC(39)   eden space 2180608K, 100% used [0x0000000755580000,0x00000007da700000,0x00000007da700000)
[2021-07-20T13:29:26.724+0000][82.234s][2294560][2294576][debug] GC(39)   from space 300032K, 4% used [0x00000007da700000,0x00000007db528000,0x00000007ecc00000)
[2021-07-20T13:29:26.724+0000][82.234s][2294560][2294576][debug] GC(39)   to   space 284672K, 0% used [0x00000007eea00000,0x00000007eea00000,0x0000000800000000)
[2021-07-20T13:29:26.724+0000][82.234s][2294560][2294576][debug] GC(39)  ParOldGen       total 5592576K, used 3649428K [0x0000000600000000, 0x0000000755580000, 0x0000000755580000)
[2021-07-20T13:29:26.724+0000][82.234s][2294560][2294576][debug] GC(39)   object space 5592576K, 65% used [0x0000000600000000,0x00000006debe5070,0x0000000755580000)
[2021-07-20T13:29:26.724+0000][82.234s][2294560][2294576][debug] GC(39)  Metaspace       used 50574K, committed 50944K, reserved 1097728K
[2021-07-20T13:29:26.724+0000][82.234s][2294560][2294576][debug] GC(39)   class space    used 6270K, committed 6464K, reserved 1048576K
[2021-07-20T13:29:26.754+0000][82.264s][2294560][2294576][debug] GC(39) Desired survivor size 275775488 bytes, new threshold 1 (max threshold 15)
[2021-07-20T13:29:26.754+0000][82.264s][2294560][2294576][debug] GC(39) Running ParallelGC PreTouch tail with 13 workers for 15 work units pre-touching 62914560B.
[2021-07-20T13:29:26.754+0000][82.264s][2294560][2294576][debug] GC(39) Running ParallelGC PreTouch tail with 8 workers for 8 work units pre-touching 31457280B.
[2021-07-20T13:29:26.754+0000][82.264s][2294560][2294576][info ] GC(39) PSYoungGen: 2195104K(2480640K)->14528K(2526720K) Eden: 2180608K(2180608K)->0K(2242048K) From: 14496K(300032K)->14528K(284672K)
[2021-07-20T13:29:26.754+0000][82.264s][2294560][2294576][info ] GC(39) ParOldGen: 3649428K(5592576K)->3663596K(5592576K)
[2021-07-20T13:29:26.754+0000][82.264s][2294560][2294576][info ] GC(39) Pause Young (Allocation Failure) 5707M->3591M(7929M) 29.862ms
[2021-07-20T13:29:26.754+0000][82.264s][2294560][2294576][debug] GC(39) Heap after GC invocations=40 (full 2):
[2021-07-20T13:29:26.754+0000][82.264s][2294560][2294576][debug] GC(39)  PSYoungGen      total 2526720K, used 14528K [0x0000000755580000, 0x0000000800000000, 0x0000000800000000)
[2021-07-20T13:29:26.754+0000][82.264s][2294560][2294576][debug] GC(39)   eden space 2242048K, 0% used [0x0000000755580000,0x0000000755580000,0x00000007de300000)
[2021-07-20T13:29:26.754+0000][82.264s][2294560][2294576][debug] GC(39)   from space 284672K, 5% used [0x00000007eea00000,0x00000007ef830010,0x0000000800000000)
[2021-07-20T13:29:26.754+0000][82.264s][2294560][2294576][debug] GC(39)   to   space 269312K, 0% used [0x00000007de300000,0x00000007de300000,0x00000007eea00000)
[2021-07-20T13:29:26.754+0000][82.264s][2294560][2294576][debug] GC(39)  ParOldGen       total 5592576K, used 3663596K [0x0000000600000000, 0x0000000755580000, 0x0000000755580000)
[2021-07-20T13:29:26.754+0000][82.264s][2294560][2294576][debug] GC(39)   object space 5592576K, 65% used [0x0000000600000000,0x00000006df9bb070,0x0000000755580000)
[2021-07-20T13:29:26.754+0000][82.264s][2294560][2294576][debug] GC(39)  Metaspace       used 50574K, committed 50944K, reserved 1097728K
[2021-07-20T13:29:26.754+0000][82.264s][2294560][2294576][debug] GC(39)   class space    used 6270K, committed 6464K, reserved 1048576K
[2021-07-20T13:29:26.754+0000][82.264s][2294560][2294576][info ] Safepoint "ParallelGCFailedAllocation", Time since last: 760921918 ns, Reaching safepoint: 157749 ns, At safepoint: 30284263 ns, Total: 30442012 ns
[2021-07-20T13:29:27.540+0000][83.050s][2294560][2294576][debug] GC(40) Heap before GC invocations=41 (full 2):
[2021-07-20T13:29:27.540+0000][83.050s][2294560][2294576][debug] GC(40)  PSYoungGen      total 2526720K, used 2256576K [0x0000000755580000, 0x0000000800000000, 0x0000000800000000)
[2021-07-20T13:29:27.540+0000][83.050s][2294560][2294576][debug] GC(40)   eden space 2242048K, 100% used [0x0000000755580000,0x00000007de300000,0x00000007de300000)
[2021-07-20T13:29:27.540+0000][83.050s][2294560][2294576][debug] GC(40)   from space 284672K, 5% used [0x00000007eea00000,0x00000007ef830010,0x0000000800000000)
[2021-07-20T13:29:27.540+0000][83.050s][2294560][2294576][debug] GC(40)   to   space 269312K, 0% used [0x00000007de300000,0x00000007de300000,0x00000007eea00000)
[2021-07-20T13:29:27.540+0000][83.050s][2294560][2294576][debug] GC(40)  ParOldGen       total 5592576K, used 3663596K [0x0000000600000000, 0x0000000755580000, 0x0000000755580000)
[2021-07-20T13:29:27.540+0000][83.050s][2294560][2294576][debug] GC(40)   object space 5592576K, 65% used [0x0000000600000000,0x00000006df9bb070,0x0000000755580000)
[2021-07-20T13:29:27.540+0000][83.050s][2294560][2294576][debug] GC(40)  Metaspace       used 50575K, committed 50944K, reserved 1097728K
[2021-07-20T13:29:27.540+0000][83.050s][2294560][2294576][debug] GC(40)   class space    used 6270K, committed 6464K, reserved 1048576K
[2021-07-20T13:29:27.570+0000][83.080s][2294560][2294576][debug] GC(40) Desired survivor size 257949696 bytes, new threshold 1 (max threshold 15)
[2021-07-20T13:29:27.570+0000][83.080s][2294560][2294576][info ] GC(40) PSYoungGen: 2256576K(2526720K)->30048K(2511360K) Eden: 2242048K(2242048K)->0K(2242048K) From: 14528K(284672K)->30048K(269312K)
[2021-07-20T13:29:27.570+0000][83.080s][2294560][2294576][info ] GC(40) ParOldGen: 3663596K(5592576K)->3677796K(5592576K)
[2021-07-20T13:29:27.570+0000][83.080s][2294560][2294576][info ] GC(40) Pause Young (Allocation Failure) 5781M->3620M(7914M) 29.808ms
[2021-07-20T13:29:27.570+0000][83.080s][2294560][2294576][debug] GC(40) Heap after GC invocations=41 (full 2):
[2021-07-20T13:29:27.570+0000][83.080s][2294560][2294576][debug] GC(40)  PSYoungGen      total 2511360K, used 30048K [0x0000000755580000, 0x0000000800000000, 0x0000000800000000)
[2021-07-20T13:29:27.570+0000][83.080s][2294560][2294576][debug] GC(40)   eden space 2242048K, 0% used [0x0000000755580000,0x0000000755580000,0x00000007de300000)
[2021-07-20T13:29:27.570+0000][83.080s][2294560][2294576][debug] GC(40)   from space 269312K, 11% used [0x00000007de300000,0x00000007e0058010,0x00000007eea00000)
[2021-07-20T13:29:27.570+0000][83.080s][2294560][2294576][debug] GC(40)   to   space 251904K, 0% used [0x00000007f0a00000,0x00000007f0a00000,0x0000000800000000)
[2021-07-20T13:29:27.570+0000][83.080s][2294560][2294576][debug] GC(40)  ParOldGen       total 5592576K, used 3677796K [0x0000000600000000, 0x0000000755580000, 0x0000000755580000)
[2021-07-20T13:29:27.570+0000][83.080s][2294560][2294576][debug] GC(40)   object space 5592576K, 65% used [0x0000000600000000,0x00000006e0799080,0x0000000755580000)
[2021-07-20T13:29:27.570+0000][83.080s][2294560][2294576][debug] GC(40)  Metaspace       used 50575K, committed 50944K, reserved 1097728K
[2021-07-20T13:29:27.570+0000][83.080s][2294560][2294576][debug] GC(40)   class space    used 6270K, committed 6464K, reserved 1048576K
[2021-07-20T13:29:27.570+0000][83.080s][2294560][2294576][info ] Safepoint "ParallelGCFailedAllocation", Time since last: 785257056 ns, Reaching safepoint: 154284 ns, At safepoint: 30244909 ns, Total: 30399193 ns
[2021-07-20T13:29:28.395+0000][83.905s][2294560][2294576][debug] GC(41) Heap before GC invocations=42 (full 2):
[2021-07-20T13:29:28.395+0000][83.905s][2294560][2294576][debug] GC(41)  PSYoungGen      total 2511360K, used 2272096K [0x0000000755580000, 0x0000000800000000, 0x0000000800000000)
[2021-07-20T13:29:28.395+0000][83.905s][2294560][2294576][debug] GC(41)   eden space 2242048K, 100% used [0x0000000755580000,0x00000007de300000,0x00000007de300000)
[2021-07-20T13:29:28.395+0000][83.905s][2294560][2294576][debug] GC(41)   from space 269312K, 11% used [0x00000007de300000,0x00000007e0058010,0x00000007eea00000)
[2021-07-20T13:29:28.395+0000][83.905s][2294560][2294576][debug] GC(41)   to   space 251904K, 0% used [0x00000007f0a00000,0x00000007f0a00000,0x0000000800000000)
[2021-07-20T13:29:28.395+0000][83.905s][2294560][2294576][debug] GC(41)  ParOldGen       total 5592576K, used 3677796K [0x0000000600000000, 0x0000000755580000, 0x0000000755580000)
[2021-07-20T13:29:28.395+0000][83.905s][2294560][2294576][debug] GC(41)   object space 5592576K, 65% used [0x0000000600000000,0x00000006e0799080,0x0000000755580000)
[2021-07-20T13:29:28.395+0000][83.905s][2294560][2294576][debug] GC(41)  Metaspace       used 50597K, committed 51008K, reserved 1097728K
[2021-07-20T13:29:28.395+0000][83.905s][2294560][2294576][debug] GC(41)   class space    used 6272K, committed 6464K, reserved 1048576K
[2021-07-20T13:29:28.435+0000][83.945s][2294560][2294576][debug] GC(41) Desired survivor size 239075328 bytes, new threshold 1 (max threshold 15)
[2021-07-20T13:29:28.435+0000][83.945s][2294560][2294576][debug] GC(41) Running ParallelGC PreTouch tail with 13 workers for 17 work units pre-touching 70254592B.
[2021-07-20T13:29:28.435+0000][83.945s][2294560][2294576][debug] GC(41) Running ParallelGC PreTouch tail with 8 workers for 8 work units pre-touching 33554432B.
[2021-07-20T13:29:28.436+0000][83.945s][2294560][2294576][info ] GC(41) PSYoungGen: 2272096K(2511360K)->43171K(2562560K) Eden: 2242048K(2242048K)->0K(2310656K) From: 30048K(269312K)->43171K(251904K)
[2021-07-20T13:29:28.436+0000][83.945s][2294560][2294576][info ] GC(41) ParOldGen: 3677796K(5592576K)->3705596K(5592576K)
[2021-07-20T13:29:28.436+0000][83.946s][2294560][2294576][info ] GC(41) Pause Young (Allocation Failure) 5810M->3660M(7964M) 40.335ms
[2021-07-20T13:29:28.436+0000][83.946s][2294560][2294576][debug] GC(41) Heap after GC invocations=42 (full 2):
[2021-07-20T13:29:28.436+0000][83.946s][2294560][2294576][debug] GC(41)  PSYoungGen      total 2562560K, used 43171K [0x0000000755580000, 0x0000000800000000, 0x0000000800000000)
[2021-07-20T13:29:28.436+0000][83.946s][2294560][2294576][debug] GC(41)   eden space 2310656K, 0% used [0x0000000755580000,0x0000000755580000,0x00000007e2600000)
[2021-07-20T13:29:28.436+0000][83.946s][2294560][2294576][debug] GC(41)   from space 251904K, 17% used [0x00000007f0a00000,0x00000007f3428da0,0x0000000800000000)
[2021-07-20T13:29:28.436+0000][83.946s][2294560][2294576][debug] GC(41)   to   space 233472K, 0% used [0x00000007e2600000,0x00000007e2600000,0x00000007f0a00000)
[2021-07-20T13:29:28.436+0000][83.946s][2294560][2294576][debug] GC(41)  ParOldGen       total 5592576K, used 3705596K [0x0000000600000000, 0x0000000755580000, 0x0000000755580000)
[2021-07-20T13:29:28.436+0000][83.946s][2294560][2294576][debug] GC(41)   object space 5592576K, 66% used [0x0000000600000000,0x00000006e22bf090,0x0000000755580000)
[2021-07-20T13:29:28.436+0000][83.946s][2294560][2294576][debug] GC(41)  Metaspace       used 50597K, committed 51008K, reserved 1097728K
[2021-07-20T13:29:28.436+0000][83.946s][2294560][2294576][debug] GC(41)   class space    used 6272K, committed 6464K, reserved 1048576K
[2021-07-20T13:29:28.436+0000][83.946s][2294560][2294576][info ] Safepoint "ParallelGCFailedAllocation", Time since last: 824724843 ns, Reaching safepoint: 160025 ns, At safepoint: 40734390 ns, Total: 40894415 ns
[2021-07-20T13:29:29.265+0000][84.775s][2294560][2294576][debug] GC(42) Heap before GC invocations=43 (full 2):
[2021-07-20T13:29:29.265+0000][84.775s][2294560][2294576][debug] GC(42)  PSYoungGen      total 2562560K, used 2353827K [0x0000000755580000, 0x0000000800000000, 0x0000000800000000)
[2021-07-20T13:29:29.266+0000][84.775s][2294560][2294576][debug] GC(42)   eden space 2310656K, 100% used [0x0000000755580000,0x00000007e2600000,0x00000007e2600000)
[2021-07-20T13:29:29.266+0000][84.775s][2294560][2294576][debug] GC(42)   from space 251904K, 17% used [0x00000007f0a00000,0x00000007f3428da0,0x0000000800000000)
[2021-07-20T13:29:29.266+0000][84.775s][2294560][2294576][debug] GC(42)   to   space 233472K, 0% used [0x00000007e2600000,0x00000007e2600000,0x00000007f0a00000)
[2021-07-20T13:29:29.266+0000][84.775s][2294560][2294576][debug] GC(42)  ParOldGen       total 5592576K, used 3705596K [0x0000000600000000, 0x0000000755580000, 0x0000000755580000)
[2021-07-20T13:29:29.266+0000][84.775s][2294560][2294576][debug] GC(42)   object space 5592576K, 66% used [0x0000000600000000,0x00000006e22bf090,0x0000000755580000)
[2021-07-20T13:29:29.266+0000][84.775s][2294560][2294576][debug] GC(42)  Metaspace       used 50600K, committed 51008K, reserved 1097728K
[2021-07-20T13:29:29.266+0000][84.776s][2294560][2294576][debug] GC(42)   class space    used 6272K, committed 6464K, reserved 1048576K
[2021-07-20T13:29:29.307+0000][84.817s][2294560][2294576][debug] GC(42) Desired survivor size 226492416 bytes, new threshold 1 (max threshold 15)
[2021-07-20T13:29:29.307+0000][84.817s][2294560][2294576][info ] GC(42) PSYoungGen: 2353827K(2562560K)->14784K(2544128K) Eden: 2310656K(2310656K)->0K(2310656K) From: 43171K(251904K)->14784K(233472K)
[2021-07-20T13:29:29.307+0000][84.817s][2294560][2294576][info ] GC(42) ParOldGen: 3705596K(5592576K)->3748503K(5592576K)
[2021-07-20T13:29:29.307+0000][84.817s][2294560][2294576][info ] GC(42) Pause Young (Allocation Failure) 5917M->3675M(7946M) 41.397ms
[2021-07-20T13:29:29.307+0000][84.817s][2294560][2294576][debug] GC(42) Heap after GC invocations=43 (full 2):
[2021-07-20T13:29:29.307+0000][84.817s][2294560][2294576][debug] GC(42)  PSYoungGen      total 2544128K, used 14784K [0x0000000755580000, 0x0000000800000000, 0x0000000800000000)
[2021-07-20T13:29:29.307+0000][84.817s][2294560][2294576][debug] GC(42)   eden space 2310656K, 0% used [0x0000000755580000,0x0000000755580000,0x00000007e2600000)
[2021-07-20T13:29:29.307+0000][84.817s][2294560][2294576][debug] GC(42)   from space 233472K, 6% used [0x00000007e2600000,0x00000007e3470000,0x00000007f0a00000)
[2021-07-20T13:29:29.307+0000][84.817s][2294560][2294576][debug] GC(42)   to   space 221184K, 0% used [0x00000007f2800000,0x00000007f2800000,0x0000000800000000)
[2021-07-20T13:29:29.307+0000][84.817s][2294560][2294576][debug] GC(42)  ParOldGen       total 5592576K, used 3748503K [0x0000000600000000, 0x0000000755580000, 0x0000000755580000)
[2021-07-20T13:29:29.307+0000][84.817s][2294560][2294576][debug] GC(42)   object space 5592576K, 67% used [0x0000000600000000,0x00000006e4ca5e30,0x0000000755580000)
[2021-07-20T13:29:29.307+0000][84.817s][2294560][2294576][debug] GC(42)  Metaspace       used 50600K, committed 51008K, reserved 1097728K
[2021-07-20T13:29:29.307+0000][84.817s][2294560][2294576][debug] GC(42)   class space    used 6272K, committed 6464K, reserved 1048576K
[2021-07-20T13:29:29.307+0000][84.817s][2294560][2294576][info ] Safepoint "ParallelGCFailedAllocation", Time since last: 829527044 ns, Reaching safepoint: 157565 ns, At safepoint: 41863901 ns, Total: 42021466 ns
[2021-07-20T13:29:30.148+0000][85.658s][2294560][2294576][debug] GC(43) Heap before GC invocations=44 (full 2):
[2021-07-20T13:29:30.148+0000][85.658s][2294560][2294576][debug] GC(43)  PSYoungGen      total 2544128K, used 2325440K [0x0000000755580000, 0x0000000800000000, 0x0000000800000000)
[2021-07-20T13:29:30.148+0000][85.658s][2294560][2294576][debug] GC(43)   eden space 2310656K, 100% used [0x0000000755580000,0x00000007e2600000,0x00000007e2600000)
[2021-07-20T13:29:30.148+0000][85.658s][2294560][2294576][debug] GC(43)   from space 233472K, 6% used [0x00000007e2600000,0x00000007e3470000,0x00000007f0a00000)
[2021-07-20T13:29:30.148+0000][85.658s][2294560][2294576][debug] GC(43)   to   space 221184K, 0% used [0x00000007f2800000,0x00000007f2800000,0x0000000800000000)
[2021-07-20T13:29:30.148+0000][85.658s][2294560][2294576][debug] GC(43)  ParOldGen       total 5592576K, used 3748503K [0x0000000600000000, 0x0000000755580000, 0x0000000755580000)
[2021-07-20T13:29:30.148+0000][85.658s][2294560][2294576][debug] GC(43)   object space 5592576K, 67% used [0x0000000600000000,0x00000006e4ca5e30,0x0000000755580000)
[2021-07-20T13:29:30.148+0000][85.658s][2294560][2294576][debug] GC(43)  Metaspace       used 50600K, committed 51008K, reserved 1097728K
[2021-07-20T13:29:30.148+0000][85.658s][2294560][2294576][debug] GC(43)   class space    used 6272K, committed 6464K, reserved 1048576K
[2021-07-20T13:29:30.176+0000][85.686s][2294560][2294576][debug] GC(43) Desired survivor size 214433792 bytes, new threshold 1 (max threshold 15)
[2021-07-20T13:29:30.176+0000][85.686s][2294560][2294576][debug] GC(43) Running ParallelGC PreTouch tail with 13 workers for 14 work units pre-touching 56098816B.
[2021-07-20T13:29:30.176+0000][85.686s][2294560][2294576][debug] GC(43) Running ParallelGC PreTouch tail with 8 workers for 8 work units pre-touching 31457280B.
[2021-07-20T13:29:30.177+0000][85.687s][2294560][2294576][info ] GC(43) PSYoungGen: 2325440K(2544128K)->14304K(2586624K) Eden: 2310656K(2310656K)->0K(2365440K) From: 14784K(233472K)->14304K(221184K)
[2021-07-20T13:29:30.177+0000][85.687s][2294560][2294576][info ] GC(43) ParOldGen: 3748503K(5592576K)->3762815K(5592576K)
[2021-07-20T13:29:30.177+0000][85.687s][2294560][2294576][info ] GC(43) Pause Young (Allocation Failure) 5931M->3688M(7987M) 28.818ms
[2021-07-20T13:29:30.177+0000][85.687s][2294560][2294576][debug] GC(43) Heap after GC invocations=44 (full 2):
[2021-07-20T13:29:30.177+0000][85.687s][2294560][2294576][debug] GC(43)  PSYoungGen      total 2586624K, used 14304K [0x0000000755580000, 0x0000000800000000, 0x0000000800000000)
[2021-07-20T13:29:30.177+0000][85.687s][2294560][2294576][debug] GC(43)   eden space 2365440K, 0% used [0x0000000755580000,0x0000000755580000,0x00000007e5b80000)
[2021-07-20T13:29:30.177+0000][85.687s][2294560][2294576][debug] GC(43)   from space 221184K, 6% used [0x00000007f2800000,0x00000007f35f8000,0x0000000800000000)
[2021-07-20T13:29:30.177+0000][85.687s][2294560][2294576][debug] GC(43)   to   space 209408K, 0% used [0x00000007e5b80000,0x00000007e5b80000,0x00000007f2800000)
[2021-07-20T13:29:30.177+0000][85.687s][2294560][2294576][debug] GC(43)  ParOldGen       total 5592576K, used 3762815K [0x0000000600000000, 0x0000000755580000, 0x0000000755580000)
[2021-07-20T13:29:30.177+0000][85.687s][2294560][2294576][debug] GC(43)   object space 5592576K, 67% used [0x0000000600000000,0x00000006e5a9fe30,0x0000000755580000)
[2021-07-20T13:29:30.177+0000][85.687s][2294560][2294576][debug] GC(43)  Metaspace       used 50600K, committed 51008K, reserved 1097728K
[2021-07-20T13:29:30.177+0000][85.687s][2294560][2294576][debug] GC(43)   class space    used 6272K, committed 6464K, reserved 1048576K
[2021-07-20T13:29:30.177+0000][85.687s][2294560][2294576][info ] Safepoint "ParallelGCFailedAllocation", Time since last: 840179081 ns, Reaching safepoint: 159043 ns, At safepoint: 29180562 ns, Total: 29339605 ns
[2021-07-20T13:29:31.029+0000][86.539s][2294560][2294576][debug] GC(44) Heap before GC invocations=45 (full 2):
[2021-07-20T13:29:31.029+0000][86.539s][2294560][2294576][debug] GC(44)  PSYoungGen      total 2586624K, used 2379744K [0x0000000755580000, 0x0000000800000000, 0x0000000800000000)
[2021-07-20T13:29:31.029+0000][86.539s][2294560][2294576][debug] GC(44)   eden space 2365440K, 100% used [0x0000000755580000,0x00000007e5b80000,0x00000007e5b80000)
[2021-07-20T13:29:31.029+0000][86.539s][2294560][2294576][debug] GC(44)   from space 221184K, 6% used [0x00000007f2800000,0x00000007f35f8000,0x0000000800000000)
[2021-07-20T13:29:31.029+0000][86.539s][2294560][2294576][debug] GC(44)   to   space 209408K, 0% used [0x00000007e5b80000,0x00000007e5b80000,0x00000007f2800000)
[2021-07-20T13:29:31.030+0000][86.539s][2294560][2294576][debug] GC(44)  ParOldGen       total 5592576K, used 3762815K [0x0000000600000000, 0x0000000755580000, 0x0000000755580000)
[2021-07-20T13:29:31.030+0000][86.539s][2294560][2294576][debug] GC(44)   object space 5592576K, 67% used [0x0000000600000000,0x00000006e5a9fe30,0x0000000755580000)
[2021-07-20T13:29:31.030+0000][86.539s][2294560][2294576][debug] GC(44)  Metaspace       used 50605K, committed 51008K, reserved 1097728K
[2021-07-20T13:29:31.030+0000][86.539s][2294560][2294576][debug] GC(44)   class space    used 6272K, committed 6464K, reserved 1048576K
[2021-07-20T13:29:31.059+0000][86.569s][2294560][2294576][debug] GC(44) Desired survivor size 202899456 bytes, new threshold 1 (max threshold 15)
[2021-07-20T13:29:31.059+0000][86.569s][2294560][2294576][info ] GC(44) PSYoungGen: 2379744K(2586624K)->12832K(2574848K) Eden: 2365440K(2365440K)->0K(2365440K) From: 14304K(221184K)->12832K(209408K)
[2021-07-20T13:29:31.059+0000][86.569s][2294560][2294576][info ] GC(44) ParOldGen: 3762815K(5592576K)->3776703K(5592576K)
[2021-07-20T13:29:31.059+0000][86.569s][2294560][2294576][info ] GC(44) Pause Young (Allocation Failure) 5998M->3700M(7976M) 29.335ms
[2021-07-20T13:29:31.059+0000][86.569s][2294560][2294576][debug] GC(44) Heap after GC invocations=45 (full 2):
[2021-07-20T13:29:31.059+0000][86.569s][2294560][2294576][debug] GC(44)  PSYoungGen      total 2574848K, used 12832K [0x0000000755580000, 0x0000000800000000, 0x0000000800000000)
[2021-07-20T13:29:31.059+0000][86.569s][2294560][2294576][debug] GC(44)   eden space 2365440K, 0% used [0x0000000755580000,0x0000000755580000,0x00000007e5b80000)
[2021-07-20T13:29:31.059+0000][86.569s][2294560][2294576][debug] GC(44)   from space 209408K, 6% used [0x00000007e5b80000,0x00000007e6808000,0x00000007f2800000)
[2021-07-20T13:29:31.059+0000][86.569s][2294560][2294576][debug] GC(44)   to   space 198144K, 0% used [0x00000007f3e80000,0x00000007f3e80000,0x0000000800000000)
[2021-07-20T13:29:31.059+0000][86.569s][2294560][2294576][debug] GC(44)  ParOldGen       total 5592576K, used 3776703K [0x0000000600000000, 0x0000000755580000, 0x0000000755580000)
[2021-07-20T13:29:31.059+0000][86.569s][2294560][2294576][debug] GC(44)   object space 5592576K, 67% used [0x0000000600000000,0x00000006e682fe30,0x0000000755580000)
[2021-07-20T13:29:31.059+0000][86.569s][2294560][2294576][debug] GC(44)  Metaspace       used 50605K, committed 51008K, reserved 1097728K
[2021-07-20T13:29:31.059+0000][86.569s][2294560][2294576][debug] GC(44)   class space    used 6272K, committed 6464K, reserved 1048576K
[2021-07-20T13:29:31.059+0000][86.569s][2294560][2294576][info ] Safepoint "ParallelGCFailedAllocation", Time since last: 852441658 ns, Reaching safepoint: 151872 ns, At safepoint: 29753650 ns, Total: 29905522 ns
[2021-07-20T13:29:31.914+0000][87.424s][2294560][2294576][debug] GC(45) Heap before GC invocations=46 (full 2):
[2021-07-20T13:29:31.914+0000][87.424s][2294560][2294576][debug] GC(45)  PSYoungGen      total 2574848K, used 2378272K [0x0000000755580000, 0x0000000800000000, 0x0000000800000000)
[2021-07-20T13:29:31.914+0000][87.424s][2294560][2294576][debug] GC(45)   eden space 2365440K, 100% used [0x0000000755580000,0x00000007e5b80000,0x00000007e5b80000)
[2021-07-20T13:29:31.914+0000][87.424s][2294560][2294576][debug] GC(45)   from space 209408K, 6% used [0x00000007e5b80000,0x00000007e6808000,0x00000007f2800000)
[2021-07-20T13:29:31.914+0000][87.424s][2294560][2294576][debug] GC(45)   to   space 198144K, 0% used [0x00000007f3e80000,0x00000007f3e80000,0x0000000800000000)
[2021-07-20T13:29:31.914+0000][87.424s][2294560][2294576][debug] GC(45)  ParOldGen       total 5592576K, used 3776703K [0x0000000600000000, 0x0000000755580000, 0x0000000755580000)
[2021-07-20T13:29:31.914+0000][87.424s][2294560][2294576][debug] GC(45)   object space 5592576K, 67% used [0x0000000600000000,0x00000006e682fe30,0x0000000755580000)
[2021-07-20T13:29:31.914+0000][87.424s][2294560][2294576][debug] GC(45)  Metaspace       used 50605K, committed 51008K, reserved 1097728K
[2021-07-20T13:29:31.914+0000][87.424s][2294560][2294576][debug] GC(45)   class space    used 6272K, committed 6464K, reserved 1048576K
[2021-07-20T13:29:31.944+0000][87.454s][2294560][2294576][debug] GC(45) Desired survivor size 192413696 bytes, new threshold 1 (max threshold 15)
[2021-07-20T13:29:31.944+0000][87.454s][2294560][2294576][debug] GC(45) Running ParallelGC PreTouch tail with 11 workers for 11 work units pre-touching 45613056B.
[2021-07-20T13:29:31.944+0000][87.454s][2294560][2294576][debug] GC(45) Running ParallelGC PreTouch tail with 6 workers for 6 work units pre-touching 23592960B.
[2021-07-20T13:29:31.944+0000][87.454s][2294560][2294576][info ] GC(45) PSYoungGen: 2378272K(2574848K)->9728K(2608128K) Eden: 2365440K(2365440K)->0K(2409984K) From: 12832K(209408K)->9728K(198144K)
[2021-07-20T13:29:31.944+0000][87.454s][2294560][2294576][info ] GC(45) ParOldGen: 3776703K(5592576K)->3789047K(5592576K)
[2021-07-20T13:29:31.944+0000][87.454s][2294560][2294576][info ] GC(45) Pause Young (Allocation Failure) 6010M->3709M(8008M) 29.753ms
[2021-07-20T13:29:31.944+0000][87.454s][2294560][2294576][debug] GC(45) Heap after GC invocations=46 (full 2):
[2021-07-20T13:29:31.944+0000][87.454s][2294560][2294576][debug] GC(45)  PSYoungGen      total 2608128K, used 9728K [0x0000000755580000, 0x0000000800000000, 0x0000000800000000)
[2021-07-20T13:29:31.944+0000][87.454s][2294560][2294576][debug] GC(45)   eden space 2409984K, 0% used [0x0000000755580000,0x0000000755580000,0x00000007e8700000)
[2021-07-20T13:29:31.944+0000][87.454s][2294560][2294576][debug] GC(45)   from space 198144K, 4% used [0x00000007f3e80000,0x00000007f4800000,0x0000000800000000)
[2021-07-20T13:29:31.944+0000][87.454s][2294560][2294576][debug] GC(45)   to   space 187904K, 0% used [0x00000007e8700000,0x00000007e8700000,0x00000007f3e80000)
[2021-07-20T13:29:31.944+0000][87.454s][2294560][2294576][debug] GC(45)  ParOldGen       total 5592576K, used 3789047K [0x0000000600000000, 0x0000000755580000, 0x0000000755580000)
[2021-07-20T13:29:31.944+0000][87.454s][2294560][2294576][debug] GC(45)   object space 5592576K, 67% used [0x0000000600000000,0x00000006e743de30,0x0000000755580000)
[2021-07-20T13:29:31.944+0000][87.454s][2294560][2294576][debug] GC(45)  Metaspace       used 50605K, committed 51008K, reserved 1097728K
[2021-07-20T13:29:31.944+0000][87.454s][2294560][2294576][debug] GC(45)   class space    used 6272K, committed 6464K, reserved 1048576K
[2021-07-20T13:29:31.944+0000][87.454s][2294560][2294576][info ] Safepoint "ParallelGCFailedAllocation", Time since last: 854642337 ns, Reaching safepoint: 155437 ns, At safepoint: 30185937 ns, Total: 30341374 ns
[2021-07-20T13:29:32.868+0000][88.378s][2294560][2294576][debug] GC(46) Heap before GC invocations=47 (full 2):
[2021-07-20T13:29:32.868+0000][88.378s][2294560][2294576][debug] GC(46)  PSYoungGen      total 2608128K, used 2419712K [0x0000000755580000, 0x0000000800000000, 0x0000000800000000)
[2021-07-20T13:29:32.868+0000][88.378s][2294560][2294576][debug] GC(46)   eden space 2409984K, 100% used [0x0000000755580000,0x00000007e8700000,0x00000007e8700000)
[2021-07-20T13:29:32.868+0000][88.378s][2294560][2294576][debug] GC(46)   from space 198144K, 4% used [0x00000007f3e80000,0x00000007f4800000,0x0000000800000000)
[2021-07-20T13:29:32.868+0000][88.378s][2294560][2294576][debug] GC(46)   to   space 187904K, 0% used [0x00000007e8700000,0x00000007e8700000,0x00000007f3e80000)
[2021-07-20T13:29:32.868+0000][88.378s][2294560][2294576][debug] GC(46)  ParOldGen       total 5592576K, used 3789047K [0x0000000600000000, 0x0000000755580000, 0x0000000755580000)
[2021-07-20T13:29:32.868+0000][88.378s][2294560][2294576][debug] GC(46)   object space 5592576K, 67% used [0x0000000600000000,0x00000006e743de30,0x0000000755580000)
[2021-07-20T13:29:32.868+0000][88.378s][2294560][2294576][debug] GC(46)  Metaspace       used 50610K, committed 51008K, reserved 1097728K
[2021-07-20T13:29:32.868+0000][88.378s][2294560][2294576][debug] GC(46)   class space    used 6272K, committed 6464K, reserved 1048576K
[2021-07-20T13:29:32.904+0000][88.414s][2294560][2294576][debug] GC(46) Desired survivor size 178257920 bytes, new threshold 1 (max threshold 15)
[2021-07-20T13:29:32.904+0000][88.414s][2294560][2294576][info ] GC(46) PSYoungGen: 2419712K(2608128K)->31031K(2597888K) Eden: 2409984K(2409984K)->0K(2409984K) From: 9728K(198144K)->31031K(187904K)
[2021-07-20T13:29:32.904+0000][88.414s][2294560][2294576][info ] GC(46) ParOldGen: 3789047K(5592576K)->3798303K(5592576K)
[2021-07-20T13:29:32.904+0000][88.414s][2294560][2294576][info ] GC(46) Pause Young (Allocation Failure) 6063M->3739M(7998M) 36.082ms
[2021-07-20T13:29:32.904+0000][88.414s][2294560][2294576][debug] GC(46) Heap after GC invocations=47 (full 2):
[2021-07-20T13:29:32.904+0000][88.414s][2294560][2294576][debug] GC(46)  PSYoungGen      total 2597888K, used 31031K [0x0000000755580000, 0x0000000800000000, 0x0000000800000000)
[2021-07-20T13:29:32.904+0000][88.414s][2294560][2294576][debug] GC(46)   eden space 2409984K, 0% used [0x0000000755580000,0x0000000755580000,0x00000007e8700000)
[2021-07-20T13:29:32.904+0000][88.414s][2294560][2294576][debug] GC(46)   from space 187904K, 16% used [0x00000007e8700000,0x00000007ea54de80,0x00000007f3e80000)
[2021-07-20T13:29:32.904+0000][88.414s][2294560][2294576][debug] GC(46)   to   space 174080K, 0% used [0x00000007f5600000,0x00000007f5600000,0x0000000800000000)
[2021-07-20T13:29:32.904+0000][88.414s][2294560][2294576][debug] GC(46)  ParOldGen       total 5592576K, used 3798303K [0x0000000600000000, 0x0000000755580000, 0x0000000755580000)
[2021-07-20T13:29:32.904+0000][88.414s][2294560][2294576][debug] GC(46)   object space 5592576K, 67% used [0x0000000600000000,0x00000006e7d47e30,0x0000000755580000)
[2021-07-20T13:29:32.904+0000][88.414s][2294560][2294576][debug] GC(46)  Metaspace       used 50610K, committed 51008K, reserved 1097728K
[2021-07-20T13:29:32.904+0000][88.414s][2294560][2294576][debug] GC(46)   class space    used 6272K, committed 6464K, reserved 1048576K
[2021-07-20T13:29:32.905+0000][88.415s][2294560][2294576][info ] Safepoint "ParallelGCFailedAllocation", Time since last: 923609454 ns, Reaching safepoint: 194735 ns, At safepoint: 36601552 ns, Total: 36796287 ns
[2021-07-20T13:29:33.777+0000][89.287s][2294560][2294576][debug] GC(47) Heap before GC invocations=48 (full 2):
[2021-07-20T13:29:33.777+0000][89.287s][2294560][2294576][debug] GC(47)  PSYoungGen      total 2597888K, used 2441015K [0x0000000755580000, 0x0000000800000000, 0x0000000800000000)
[2021-07-20T13:29:33.777+0000][89.287s][2294560][2294576][debug] GC(47)   eden space 2409984K, 100% used [0x0000000755580000,0x00000007e8700000,0x00000007e8700000)
[2021-07-20T13:29:33.777+0000][89.287s][2294560][2294576][debug] GC(47)   from space 187904K, 16% used [0x00000007e8700000,0x00000007ea54de80,0x00000007f3e80000)
[2021-07-20T13:29:33.777+0000][89.287s][2294560][2294576][debug] GC(47)   to   space 174080K, 0% used [0x00000007f5600000,0x00000007f5600000,0x0000000800000000)
[2021-07-20T13:29:33.777+0000][89.287s][2294560][2294576][debug] GC(47)  ParOldGen       total 5592576K, used 3798303K [0x0000000600000000, 0x0000000755580000, 0x0000000755580000)
[2021-07-20T13:29:33.777+0000][89.287s][2294560][2294576][debug] GC(47)   object space 5592576K, 67% used [0x0000000600000000,0x00000006e7d47e30,0x0000000755580000)
[2021-07-20T13:29:33.777+0000][89.287s][2294560][2294576][debug] GC(47)  Metaspace       used 50613K, committed 51008K, reserved 1097728K
[2021-07-20T13:29:33.777+0000][89.287s][2294560][2294576][debug] GC(47)   class space    used 6272K, committed 6464K, reserved 1048576K
[2021-07-20T13:29:33.813+0000][89.323s][2294560][2294576][debug] GC(47) Desired survivor size 168820736 bytes, new threshold 1 (max threshold 15)
[2021-07-20T13:29:33.813+0000][89.323s][2294560][2294576][debug] GC(47) Running ParallelGC PreTouch tail with 12 workers for 12 work units pre-touching 48234496B.
[2021-07-20T13:29:33.813+0000][89.323s][2294560][2294576][debug] GC(47) Running ParallelGC PreTouch tail with 6 workers for 6 work units pre-touching 24641536B.
[2021-07-20T13:29:33.813+0000][89.323s][2294560][2294576][info ] GC(47) PSYoungGen: 2441015K(2597888K)->10592K(2631168K) Eden: 2409984K(2409984K)->0K(2457088K) From: 31031K(187904K)->10592K(174080K)
[2021-07-20T13:29:33.813+0000][89.323s][2294560][2294576][info ] GC(47) ParOldGen: 3798303K(5592576K)->3829015K(5592576K)
[2021-07-20T13:29:33.813+0000][89.323s][2294560][2294576][info ] GC(47) Pause Young (Allocation Failure) 6093M->3749M(8031M) 36.361ms
[2021-07-20T13:29:33.813+0000][89.323s][2294560][2294576][debug] GC(47) Heap after GC invocations=48 (full 2):
[2021-07-20T13:29:33.813+0000][89.323s][2294560][2294576][debug] GC(47)  PSYoungGen      total 2631168K, used 10592K [0x0000000755580000, 0x0000000800000000, 0x0000000800000000)
[2021-07-20T13:29:33.813+0000][89.323s][2294560][2294576][debug] GC(47)   eden space 2457088K, 0% used [0x0000000755580000,0x0000000755580000,0x00000007eb500000)
[2021-07-20T13:29:33.813+0000][89.323s][2294560][2294576][debug] GC(47)   from space 174080K, 6% used [0x00000007f5600000,0x00000007f6058000,0x0000000800000000)
[2021-07-20T13:29:33.813+0000][89.323s][2294560][2294576][debug] GC(47)   to   space 164864K, 0% used [0x00000007eb500000,0x00000007eb500000,0x00000007f5600000)
[2021-07-20T13:29:33.814+0000][89.323s][2294560][2294576][debug] GC(47)  ParOldGen       total 5592576K, used 3829015K [0x0000000600000000, 0x0000000755580000, 0x0000000755580000)
[2021-07-20T13:29:33.814+0000][89.323s][2294560][2294576][debug] GC(47)   object space 5592576K, 68% used [0x0000000600000000,0x00000006e9b45cb0,0x0000000755580000)
[2021-07-20T13:29:33.814+0000][89.323s][2294560][2294576][debug] GC(47)  Metaspace       used 50613K, committed 51008K, reserved 1097728K
[2021-07-20T13:29:33.814+0000][89.323s][2294560][2294576][debug] GC(47)   class space    used 6272K, committed 6464K, reserved 1048576K
[2021-07-20T13:29:33.814+0000][89.324s][2294560][2294576][info ] Safepoint "ParallelGCFailedAllocation", Time since last: 872212594 ns, Reaching safepoint: 153611 ns, At safepoint: 36823059 ns, Total: 36976670 ns
[2021-07-20T13:29:34.690+0000][90.200s][2294560][2294576][debug] GC(48) Heap before GC invocations=49 (full 2):
[2021-07-20T13:29:34.690+0000][90.200s][2294560][2294576][debug] GC(48)  PSYoungGen      total 2631168K, used 2467680K [0x0000000755580000, 0x0000000800000000, 0x0000000800000000)
[2021-07-20T13:29:34.690+0000][90.200s][2294560][2294576][debug] GC(48)   eden space 2457088K, 100% used [0x0000000755580000,0x00000007eb500000,0x00000007eb500000)
[2021-07-20T13:29:34.690+0000][90.200s][2294560][2294576][debug] GC(48)   from space 174080K, 6% used [0x00000007f5600000,0x00000007f6058000,0x0000000800000000)
[2021-07-20T13:29:34.690+0000][90.200s][2294560][2294576][debug] GC(48)   to   space 164864K, 0% used [0x00000007eb500000,0x00000007eb500000,0x00000007f5600000)
[2021-07-20T13:29:34.690+0000][90.200s][2294560][2294576][debug] GC(48)  ParOldGen       total 5592576K, used 3829015K [0x0000000600000000, 0x0000000755580000, 0x0000000755580000)
[2021-07-20T13:29:34.690+0000][90.200s][2294560][2294576][debug] GC(48)   object space 5592576K, 68% used [0x0000000600000000,0x00000006e9b45cb0,0x0000000755580000)
[2021-07-20T13:29:34.690+0000][90.200s][2294560][2294576][debug] GC(48)  Metaspace       used 50613K, committed 51008K, reserved 1097728K
[2021-07-20T13:29:34.690+0000][90.200s][2294560][2294576][debug] GC(48)   class space    used 6272K, committed 6464K, reserved 1048576K
[2021-07-20T13:29:34.721+0000][90.231s][2294560][2294576][debug] GC(48) Desired survivor size 159383552 bytes, new threshold 1 (max threshold 15)
[2021-07-20T13:29:34.721+0000][90.231s][2294560][2294576][info ] GC(48) PSYoungGen: 2467680K(2631168K)->9920K(2621952K) Eden: 2457088K(2457088K)->0K(2457088K) From: 10592K(174080K)->9920K(164864K)
[2021-07-20T13:29:34.721+0000][90.231s][2294560][2294576][info ] GC(48) ParOldGen: 3829015K(5592576K)->3839183K(5592576K)
[2021-07-20T13:29:34.721+0000][90.231s][2294560][2294576][info ] GC(48) Pause Young (Allocation Failure) 6149M->3758M(8022M) 30.974ms
[2021-07-20T13:29:34.721+0000][90.231s][2294560][2294576][debug] GC(48) Heap after GC invocations=49 (full 2):
[2021-07-20T13:29:34.721+0000][90.231s][2294560][2294576][debug] GC(48)  PSYoungGen      total 2621952K, used 9920K [0x0000000755580000, 0x0000000800000000, 0x0000000800000000)
[2021-07-20T13:29:34.721+0000][90.231s][2294560][2294576][debug] GC(48)   eden space 2457088K, 0% used [0x0000000755580000,0x0000000755580000,0x00000007eb500000)
[2021-07-20T13:29:34.721+0000][90.231s][2294560][2294576][debug] GC(48)   from space 164864K, 6% used [0x00000007eb500000,0x00000007ebeb0000,0x00000007f5600000)
[2021-07-20T13:29:34.721+0000][90.231s][2294560][2294576][debug] GC(48)   to   space 155648K, 0% used [0x00000007f6800000,0x00000007f6800000,0x0000000800000000)
[2021-07-20T13:29:34.721+0000][90.231s][2294560][2294576][debug] GC(48)  ParOldGen       total 5592576K, used 3839183K [0x0000000600000000, 0x0000000755580000, 0x0000000755580000)
[2021-07-20T13:29:34.721+0000][90.231s][2294560][2294576][debug] GC(48)   object space 5592576K, 68% used [0x0000000600000000,0x00000006ea533cb0,0x0000000755580000)
[2021-07-20T13:29:34.721+0000][90.231s][2294560][2294576][debug] GC(48)  Metaspace       used 50613K, committed 51008K, reserved 1097728K
[2021-07-20T13:29:34.721+0000][90.231s][2294560][2294576][debug] GC(48)   class space    used 6272K, committed 6464K, reserved 1048576K
[2021-07-20T13:29:34.721+0000][90.231s][2294560][2294576][info ] Safepoint "ParallelGCFailedAllocation", Time since last: 876014284 ns, Reaching safepoint: 160929 ns, At safepoint: 31366264 ns, Total: 31527193 ns
[2021-07-20T13:29:35.722+0000][91.232s][2294560][2294576][info ] Safepoint "Cleanup", Time since last: 1000122109 ns, Reaching safepoint: 160911 ns, At safepoint: 9171 ns, Total: 170082 ns
[2021-07-20T13:29:38.722+0000][94.232s][2294560][2294576][info ] Safepoint "Cleanup", Time since last: 3000326110 ns, Reaching safepoint: 102724 ns, At safepoint: 12242 ns, Total: 114966 ns
[2021-07-20T13:29:40.722+0000][96.232s][2294560][2294576][info ] Safepoint "Cleanup", Time since last: 2000230043 ns, Reaching safepoint: 167695 ns, At safepoint: 6683 ns, Total: 174378 ns
[2021-07-20T13:29:46.189+0000][101.699s][2294560][2294576][info ] Safepoint "Cleanup", Time since last: 5466286988 ns, Reaching safepoint: 176973 ns, At safepoint: 35951 ns, Total: 212924 ns
[2021-07-20T13:29:47.189+0000][102.699s][2294560][2294576][info ] Safepoint "Cleanup", Time since last: 1000109594 ns, Reaching safepoint: 143020 ns, At safepoint: 35303 ns, Total: 178323 ns
[2021-07-20T13:29:47.564+0000][103.074s][2294560][2294576][debug] GC(49) Heap before GC invocations=50 (full 2):
[2021-07-20T13:29:47.564+0000][103.074s][2294560][2294576][debug] GC(49)  PSYoungGen      total 2621952K, used 2467008K [0x0000000755580000, 0x0000000800000000, 0x0000000800000000)
[2021-07-20T13:29:47.564+0000][103.074s][2294560][2294576][debug] GC(49)   eden space 2457088K, 100% used [0x0000000755580000,0x00000007eb500000,0x00000007eb500000)
[2021-07-20T13:29:47.564+0000][103.074s][2294560][2294576][debug] GC(49)   from space 164864K, 6% used [0x00000007eb500000,0x00000007ebeb0000,0x00000007f5600000)
[2021-07-20T13:29:47.564+0000][103.074s][2294560][2294576][debug] GC(49)   to   space 155648K, 0% used [0x00000007f6800000,0x00000007f6800000,0x0000000800000000)
[2021-07-20T13:29:47.564+0000][103.074s][2294560][2294576][debug] GC(49)  ParOldGen       total 5592576K, used 3839183K [0x0000000600000000, 0x0000000755580000, 0x0000000755580000)
[2021-07-20T13:29:47.564+0000][103.074s][2294560][2294576][debug] GC(49)   object space 5592576K, 68% used [0x0000000600000000,0x00000006ea533cb0,0x0000000755580000)
[2021-07-20T13:29:47.564+0000][103.074s][2294560][2294576][debug] GC(49)  Metaspace       used 50680K, committed 51072K, reserved 1097728K
[2021-07-20T13:29:47.564+0000][103.074s][2294560][2294576][debug] GC(49)   class space    used 6272K, committed 6464K, reserved 1048576K
[2021-07-20T13:29:47.590+0000][103.100s][2294560][2294576][debug] GC(49) Desired survivor size 150994944 bytes, new threshold 1 (max threshold 15)
[2021-07-20T13:29:47.590+0000][103.100s][2294560][2294576][debug] GC(49) Running ParallelGC PreTouch tail with 9 workers for 9 work units pre-touching 36700160B.
[2021-07-20T13:29:47.590+0000][103.100s][2294560][2294576][debug] GC(49) Running ParallelGC PreTouch tail with 5 workers for 5 work units pre-touching 18874368B.
[2021-07-20T13:29:47.590+0000][103.100s][2294560][2294576][info ] GC(49) PSYoungGen: 2467008K(2621952K)->7584K(2648576K) Eden: 2457088K(2457088K)->0K(2492928K) From: 9920K(164864K)->7584K(155648K)
[2021-07-20T13:29:47.590+0000][103.100s][2294560][2294576][info ] GC(49) ParOldGen: 3839183K(5592576K)->3847727K(5592576K)
[2021-07-20T13:29:47.591+0000][103.100s][2294560][2294576][info ] GC(49) Pause Young (Allocation Failure) 6158M->3764M(8048M) 26.808ms
[2021-07-20T13:29:47.591+0000][103.100s][2294560][2294576][debug] GC(49) Heap after GC invocations=50 (full 2):
[2021-07-20T13:29:47.591+0000][103.100s][2294560][2294576][debug] GC(49)  PSYoungGen      total 2648576K, used 7584K [0x0000000755580000, 0x0000000800000000, 0x0000000800000000)
[2021-07-20T13:29:47.591+0000][103.101s][2294560][2294576][debug] GC(49)   eden space 2492928K, 0% used [0x0000000755580000,0x0000000755580000,0x00000007ed800000)
[2021-07-20T13:29:47.591+0000][103.101s][2294560][2294576][debug] GC(49)   from space 155648K, 4% used [0x00000007f6800000,0x00000007f6f68000,0x0000000800000000)
[2021-07-20T13:29:47.591+0000][103.101s][2294560][2294576][debug] GC(49)   to   space 147456K, 0% used [0x00000007ed800000,0x00000007ed800000,0x00000007f6800000)
[2021-07-20T13:29:47.591+0000][103.101s][2294560][2294576][debug] GC(49)  ParOldGen       total 5592576K, used 3847727K [0x0000000600000000, 0x0000000755580000, 0x0000000755580000)
[2021-07-20T13:29:47.591+0000][103.101s][2294560][2294576][debug] GC(49)   object space 5592576K, 68% used [0x0000000600000000,0x00000006ead8bcb0,0x0000000755580000)
[2021-07-20T13:29:47.591+0000][103.101s][2294560][2294576][debug] GC(49)  Metaspace       used 50680K, committed 51072K, reserved 1097728K
[2021-07-20T13:29:47.591+0000][103.101s][2294560][2294576][debug] GC(49)   class space    used 6272K, committed 6464K, reserved 1048576K
[2021-07-20T13:29:47.591+0000][103.101s][2294560][2294576][info ] Safepoint "ParallelGCFailedAllocation", Time since last: 374242440 ns, Reaching safepoint: 90549 ns, At safepoint: 27212289 ns, Total: 27302838 ns
[2021-07-20T13:29:48.591+0000][104.101s][2294560][2294576][info ] Safepoint "Cleanup", Time since last: 1000093262 ns, Reaching safepoint: 153873 ns, At safepoint: 60337 ns, Total: 214210 ns
[2021-07-20T13:29:48.981+0000][104.491s][2294560][2294576][debug] GC(50) Heap before GC invocations=51 (full 2):
[2021-07-20T13:29:48.981+0000][104.491s][2294560][2294576][debug] GC(50)  PSYoungGen      total 2648576K, used 2500512K [0x0000000755580000, 0x0000000800000000, 0x0000000800000000)
[2021-07-20T13:29:48.981+0000][104.491s][2294560][2294576][debug] GC(50)   eden space 2492928K, 100% used [0x0000000755580000,0x00000007ed800000,0x00000007ed800000)
[2021-07-20T13:29:48.981+0000][104.491s][2294560][2294576][debug] GC(50)   from space 155648K, 4% used [0x00000007f6800000,0x00000007f6f68000,0x0000000800000000)
[2021-07-20T13:29:48.981+0000][104.491s][2294560][2294576][debug] GC(50)   to   space 147456K, 0% used [0x00000007ed800000,0x00000007ed800000,0x00000007f6800000)
[2021-07-20T13:29:48.981+0000][104.491s][2294560][2294576][debug] GC(50)  ParOldGen       total 5592576K, used 3847727K [0x0000000600000000, 0x0000000755580000, 0x0000000755580000)
[2021-07-20T13:29:48.981+0000][104.491s][2294560][2294576][debug] GC(50)   object space 5592576K, 68% used [0x0000000600000000,0x00000006ead8bcb0,0x0000000755580000)
[2021-07-20T13:29:48.981+0000][104.491s][2294560][2294576][debug] GC(50)  Metaspace       used 50683K, committed 51072K, reserved 1097728K
[2021-07-20T13:29:48.981+0000][104.491s][2294560][2294576][debug] GC(50)   class space    used 6272K, committed 6464K, reserved 1048576K
[2021-07-20T13:29:49.009+0000][104.519s][2294560][2294576][debug] GC(50) Desired survivor size 142606336 bytes, new threshold 1 (max threshold 15)
[2021-07-20T13:29:49.009+0000][104.519s][2294560][2294576][info ] GC(50) PSYoungGen: 2500512K(2648576K)->10272K(2640384K) Eden: 2492928K(2492928K)->0K(2492928K) From: 7584K(155648K)->10272K(147456K)
[2021-07-20T13:29:49.009+0000][104.519s][2294560][2294576][info ] GC(50) ParOldGen: 3847727K(5592576K)->3855007K(5592576K)
[2021-07-20T13:29:49.009+0000][104.519s][2294560][2294576][info ] GC(50) Pause Young (Allocation Failure) 6199M->3774M(8040M) 27.602ms
[2021-07-20T13:29:49.009+0000][104.519s][2294560][2294576][debug] GC(50) Heap after GC invocations=51 (full 2):
[2021-07-20T13:29:49.009+0000][104.519s][2294560][2294576][debug] GC(50)  PSYoungGen      total 2640384K, used 10272K [0x0000000755580000, 0x0000000800000000, 0x0000000800000000)
[2021-07-20T13:29:49.009+0000][104.519s][2294560][2294576][debug] GC(50)   eden space 2492928K, 0% used [0x0000000755580000,0x0000000755580000,0x00000007ed800000)
[2021-07-20T13:29:49.009+0000][104.519s][2294560][2294576][debug] GC(50)   from space 147456K, 6% used [0x00000007ed800000,0x00000007ee208000,0x00000007f6800000)
[2021-07-20T13:29:49.009+0000][104.519s][2294560][2294576][debug] GC(50)   to   space 139264K, 0% used [0x00000007f7800000,0x00000007f7800000,0x0000000800000000)
[2021-07-20T13:29:49.009+0000][104.519s][2294560][2294576][debug] GC(50)  ParOldGen       total 5592576K, used 3855007K [0x0000000600000000, 0x0000000755580000, 0x0000000755580000)
[2021-07-20T13:29:49.009+0000][104.519s][2294560][2294576][debug] GC(50)   object space 5592576K, 68% used [0x0000000600000000,0x00000006eb4a7d80,0x0000000755580000)
[2021-07-20T13:29:49.009+0000][104.519s][2294560][2294576][debug] GC(50)  Metaspace       used 50683K, committed 51072K, reserved 1097728K
[2021-07-20T13:29:49.009+0000][104.519s][2294560][2294576][debug] GC(50)   class space    used 6272K, committed 6464K, reserved 1048576K
[2021-07-20T13:29:49.009+0000][104.519s][2294560][2294576][info ] Safepoint "ParallelGCFailedAllocation", Time since last: 390052118 ns, Reaching safepoint: 166244 ns, At safepoint: 27984345 ns, Total: 28150589 ns
[2021-07-20T13:29:49.941+0000][105.451s][2294560][2294576][debug] GC(51) Heap before GC invocations=52 (full 2):
[2021-07-20T13:29:49.941+0000][105.451s][2294560][2294576][debug] GC(51)  PSYoungGen      total 2640384K, used 2503200K [0x0000000755580000, 0x0000000800000000, 0x0000000800000000)
[2021-07-20T13:29:49.941+0000][105.451s][2294560][2294576][debug] GC(51)   eden space 2492928K, 100% used [0x0000000755580000,0x00000007ed800000,0x00000007ed800000)
[2021-07-20T13:29:49.941+0000][105.451s][2294560][2294576][debug] GC(51)   from space 147456K, 6% used [0x00000007ed800000,0x00000007ee208000,0x00000007f6800000)
[2021-07-20T13:29:49.941+0000][105.451s][2294560][2294576][debug] GC(51)   to   space 139264K, 0% used [0x00000007f7800000,0x00000007f7800000,0x0000000800000000)
[2021-07-20T13:29:49.941+0000][105.451s][2294560][2294576][debug] GC(51)  ParOldGen       total 5592576K, used 3855007K [0x0000000600000000, 0x0000000755580000, 0x0000000755580000)
[2021-07-20T13:29:49.941+0000][105.451s][2294560][2294576][debug] GC(51)   object space 5592576K, 68% used [0x0000000600000000,0x00000006eb4a7d80,0x0000000755580000)
[2021-07-20T13:29:49.941+0000][105.451s][2294560][2294576][debug] GC(51)  Metaspace       used 50683K, committed 51072K, reserved 1097728K
[2021-07-20T13:29:49.941+0000][105.451s][2294560][2294576][debug] GC(51)   class space    used 6272K, committed 6464K, reserved 1048576K
[2021-07-20T13:29:49.971+0000][105.481s][2294560][2294576][debug] GC(51) Desired survivor size 134742016 bytes, new threshold 1 (max threshold 15)
[2021-07-20T13:29:49.971+0000][105.481s][2294560][2294576][debug] GC(51) Running ParallelGC PreTouch tail with 8 workers for 8 work units pre-touching 33030144B.
[2021-07-20T13:29:49.971+0000][105.481s][2294560][2294576][debug] GC(51) Running ParallelGC PreTouch tail with 4 workers for 4 work units pre-touching 16777216B.
[2021-07-20T13:29:49.971+0000][105.481s][2294560][2294576][info ] GC(51) PSYoungGen: 2503200K(2640384K)->6304K(2664448K) Eden: 2492928K(2492928K)->0K(2525184K) From: 10272K(147456K)->6304K(139264K)
[2021-07-20T13:29:49.971+0000][105.481s][2294560][2294576][info ] GC(51) ParOldGen: 3855007K(5592576K)->3864831K(5592576K)
[2021-07-20T13:29:49.971+0000][105.481s][2294560][2294576][info ] GC(51) Pause Young (Allocation Failure) 6209M->3780M(8063M) 29.417ms
[2021-07-20T13:29:49.971+0000][105.481s][2294560][2294576][debug] GC(51) Heap after GC invocations=52 (full 2):
[2021-07-20T13:29:49.971+0000][105.481s][2294560][2294576][debug] GC(51)  PSYoungGen      total 2664448K, used 6304K [0x0000000755580000, 0x0000000800000000, 0x0000000800000000)
[2021-07-20T13:29:49.971+0000][105.481s][2294560][2294576][debug] GC(51)   eden space 2525184K, 0% used [0x0000000755580000,0x0000000755580000,0x00000007ef780000)
[2021-07-20T13:29:49.971+0000][105.481s][2294560][2294576][debug] GC(51)   from space 139264K, 4% used [0x00000007f7800000,0x00000007f7e28000,0x0000000800000000)
[2021-07-20T13:29:49.971+0000][105.481s][2294560][2294576][debug] GC(51)   to   space 131584K, 0% used [0x00000007ef780000,0x00000007ef780000,0x00000007f7800000)
[2021-07-20T13:29:49.971+0000][105.481s][2294560][2294576][debug] GC(51)  ParOldGen       total 5592576K, used 3864831K [0x0000000600000000, 0x0000000755580000, 0x0000000755580000)
[2021-07-20T13:29:49.971+0000][105.481s][2294560][2294576][debug] GC(51)   object space 5592576K, 69% used [0x0000000600000000,0x00000006ebe3fd80,0x0000000755580000)
[2021-07-20T13:29:49.971+0000][105.481s][2294560][2294576][debug] GC(51)  Metaspace       used 50683K, committed 51072K, reserved 1097728K
[2021-07-20T13:29:49.971+0000][105.481s][2294560][2294576][debug] GC(51)   class space    used 6272K, committed 6464K, reserved 1048576K
[2021-07-20T13:29:49.971+0000][105.481s][2294560][2294576][info ] Safepoint "ParallelGCFailedAllocation", Time since last: 931918978 ns, Reaching safepoint: 167007 ns, At safepoint: 29921502 ns, Total: 30088509 ns
[2021-07-20T13:29:50.901+0000][106.411s][2294560][2294576][debug] GC(52) Heap before GC invocations=53 (full 2):
[2021-07-20T13:29:50.901+0000][106.411s][2294560][2294576][debug] GC(52)  PSYoungGen      total 2664448K, used 2531488K [0x0000000755580000, 0x0000000800000000, 0x0000000800000000)
[2021-07-20T13:29:50.901+0000][106.411s][2294560][2294576][debug] GC(52)   eden space 2525184K, 100% used [0x0000000755580000,0x00000007ef780000,0x00000007ef780000)
[2021-07-20T13:29:50.901+0000][106.411s][2294560][2294576][debug] GC(52)   from space 139264K, 4% used [0x00000007f7800000,0x00000007f7e28000,0x0000000800000000)
[2021-07-20T13:29:50.901+0000][106.411s][2294560][2294576][debug] GC(52)   to   space 131584K, 0% used [0x00000007ef780000,0x00000007ef780000,0x00000007f7800000)
[2021-07-20T13:29:50.901+0000][106.411s][2294560][2294576][debug] GC(52)  ParOldGen       total 5592576K, used 3864831K [0x0000000600000000, 0x0000000755580000, 0x0000000755580000)
[2021-07-20T13:29:50.901+0000][106.411s][2294560][2294576][debug] GC(52)   object space 5592576K, 69% used [0x0000000600000000,0x00000006ebe3fd80,0x0000000755580000)
[2021-07-20T13:29:50.901+0000][106.411s][2294560][2294576][debug] GC(52)  Metaspace       used 50684K, committed 51072K, reserved 1097728K
[2021-07-20T13:29:50.901+0000][106.411s][2294560][2294576][debug] GC(52)   class space    used 6272K, committed 6464K, reserved 1048576K
[2021-07-20T13:29:50.922+0000][106.432s][2294560][2294576][debug] GC(52) Desired survivor size 127926272 bytes, new threshold 1 (max threshold 15)
[2021-07-20T13:29:50.922+0000][106.432s][2294560][2294576][info ] GC(52) PSYoungGen: 2531488K(2664448K)->3168K(2656768K) Eden: 2525184K(2525184K)->0K(2525184K) From: 6304K(139264K)->3168K(131584K)
[2021-07-20T13:29:50.922+0000][106.432s][2294560][2294576][info ] GC(52) ParOldGen: 3864831K(5592576K)->3869015K(5592576K)
[2021-07-20T13:29:50.922+0000][106.432s][2294560][2294576][info ] GC(52) Pause Young (Allocation Failure) 6246M->3781M(8056M) 21.240ms
[2021-07-20T13:29:50.922+0000][106.432s][2294560][2294576][debug] GC(52) Heap after GC invocations=53 (full 2):
[2021-07-20T13:29:50.922+0000][106.432s][2294560][2294576][debug] GC(52)  PSYoungGen      total 2656768K, used 3168K [0x0000000755580000, 0x0000000800000000, 0x0000000800000000)
[2021-07-20T13:29:50.922+0000][106.432s][2294560][2294576][debug] GC(52)   eden space 2525184K, 0% used [0x0000000755580000,0x0000000755580000,0x00000007ef780000)
[2021-07-20T13:29:50.922+0000][106.432s][2294560][2294576][debug] GC(52)   from space 131584K, 2% used [0x00000007ef780000,0x00000007efa98000,0x00000007f7800000)
[2021-07-20T13:29:50.922+0000][106.432s][2294560][2294576][debug] GC(52)   to   space 124928K, 0% used [0x00000007f8600000,0x00000007f8600000,0x0000000800000000)
[2021-07-20T13:29:50.922+0000][106.432s][2294560][2294576][debug] GC(52)  ParOldGen       total 5592576K, used 3869015K [0x0000000600000000, 0x0000000755580000, 0x0000000755580000)
[2021-07-20T13:29:50.922+0000][106.432s][2294560][2294576][debug] GC(52)   object space 5592576K, 69% used [0x0000000600000000,0x00000006ec255d80,0x0000000755580000)
[2021-07-20T13:29:50.922+0000][106.432s][2294560][2294576][debug] GC(52)  Metaspace       used 50684K, committed 51072K, reserved 1097728K
[2021-07-20T13:29:50.922+0000][106.432s][2294560][2294576][debug] GC(52)   class space    used 6272K, committed 6464K, reserved 1048576K
[2021-07-20T13:29:50.922+0000][106.432s][2294560][2294576][info ] Safepoint "ParallelGCFailedAllocation", Time since last: 929463575 ns, Reaching safepoint: 114038 ns, At safepoint: 21627608 ns, Total: 21741646 ns
[2021-07-20T13:29:51.856+0000][107.366s][2294560][2294576][debug] GC(53) Heap before GC invocations=54 (full 2):
[2021-07-20T13:29:51.856+0000][107.366s][2294560][2294576][debug] GC(53)  PSYoungGen      total 2656768K, used 2528352K [0x0000000755580000, 0x0000000800000000, 0x0000000800000000)
[2021-07-20T13:29:51.856+0000][107.366s][2294560][2294576][debug] GC(53)   eden space 2525184K, 100% used [0x0000000755580000,0x00000007ef780000,0x00000007ef780000)
[2021-07-20T13:29:51.856+0000][107.366s][2294560][2294576][debug] GC(53)   from space 131584K, 2% used [0x00000007ef780000,0x00000007efa98000,0x00000007f7800000)
[2021-07-20T13:29:51.856+0000][107.366s][2294560][2294576][debug] GC(53)   to   space 124928K, 0% used [0x00000007f8600000,0x00000007f8600000,0x0000000800000000)
[2021-07-20T13:29:51.856+0000][107.366s][2294560][2294576][debug] GC(53)  ParOldGen       total 5592576K, used 3869015K [0x0000000600000000, 0x0000000755580000, 0x0000000755580000)
[2021-07-20T13:29:51.856+0000][107.366s][2294560][2294576][debug] GC(53)   object space 5592576K, 69% used [0x0000000600000000,0x00000006ec255d80,0x0000000755580000)
[2021-07-20T13:29:51.856+0000][107.366s][2294560][2294576][debug] GC(53)  Metaspace       used 50692K, committed 51072K, reserved 1097728K
[2021-07-20T13:29:51.856+0000][107.366s][2294560][2294576][debug] GC(53)   class space    used 6272K, committed 6464K, reserved 1048576K
[2021-07-20T13:29:51.873+0000][107.383s][2294560][2294576][debug] GC(53) Desired survivor size 121110528 bytes, new threshold 1 (max threshold 15)
[2021-07-20T13:29:51.874+0000][107.383s][2294560][2294576][debug] GC(53) Running ParallelGC PreTouch tail with 7 workers for 7 work units pre-touching 28311552B.
[2021-07-20T13:29:51.874+0000][107.384s][2294560][2294576][debug] GC(53) Running ParallelGC PreTouch tail with 4 workers for 4 work units pre-touching 14680064B.
[2021-07-20T13:29:51.874+0000][107.384s][2294560][2294576][info ] GC(53) PSYoungGen: 2528352K(2656768K)->2656K(2677760K) Eden: 2525184K(2525184K)->0K(2552832K) From: 3168K(131584K)->2656K(124928K)
[2021-07-20T13:29:51.874+0000][107.384s][2294560][2294576][info ] GC(53) ParOldGen: 3869015K(5592576K)->3869855K(5592576K)
[2021-07-20T13:29:51.874+0000][107.384s][2294560][2294576][info ] GC(53) Pause Young (Allocation Failure) 6247M->3781M(8076M) 17.277ms
[2021-07-20T13:29:51.874+0000][107.384s][2294560][2294576][debug] GC(53) Heap after GC invocations=54 (full 2):
[2021-07-20T13:29:51.874+0000][107.384s][2294560][2294576][debug] GC(53)  PSYoungGen      total 2677760K, used 2656K [0x0000000755580000, 0x0000000800000000, 0x0000000800000000)
[2021-07-20T13:29:51.874+0000][107.384s][2294560][2294576][debug] GC(53)   eden space 2552832K, 0% used [0x0000000755580000,0x0000000755580000,0x00000007f1280000)
[2021-07-20T13:29:51.874+0000][107.384s][2294560][2294576][debug] GC(53)   from space 124928K, 2% used [0x00000007f8600000,0x00000007f8898000,0x0000000800000000)
[2021-07-20T13:29:51.874+0000][107.384s][2294560][2294576][debug] GC(53)   to   space 118272K, 0% used [0x00000007f1280000,0x00000007f1280000,0x00000007f8600000)
[2021-07-20T13:29:51.874+0000][107.384s][2294560][2294576][debug] GC(53)  ParOldGen       total 5592576K, used 3869855K [0x0000000600000000, 0x0000000755580000, 0x0000000755580000)
[2021-07-20T13:29:51.874+0000][107.384s][2294560][2294576][debug] GC(53)   object space 5592576K, 69% used [0x0000000600000000,0x00000006ec327d80,0x0000000755580000)
[2021-07-20T13:29:51.874+0000][107.384s][2294560][2294576][debug] GC(53)  Metaspace       used 50692K, committed 51072K, reserved 1097728K
[2021-07-20T13:29:51.874+0000][107.384s][2294560][2294576][debug] GC(53)   class space    used 6272K, committed 6464K, reserved 1048576K
[2021-07-20T13:29:51.874+0000][107.384s][2294560][2294576][info ] Safepoint "ParallelGCFailedAllocation", Time since last: 933727124 ns, Reaching safepoint: 137835 ns, At safepoint: 17812160 ns, Total: 17949995 ns
[2021-07-20T13:29:52.808+0000][108.318s][2294560][2294576][debug] GC(54) Heap before GC invocations=55 (full 2):
[2021-07-20T13:29:52.808+0000][108.318s][2294560][2294576][debug] GC(54)  PSYoungGen      total 2677760K, used 2555488K [0x0000000755580000, 0x0000000800000000, 0x0000000800000000)
[2021-07-20T13:29:52.808+0000][108.318s][2294560][2294576][debug] GC(54)   eden space 2552832K, 100% used [0x0000000755580000,0x00000007f1280000,0x00000007f1280000)
[2021-07-20T13:29:52.808+0000][108.318s][2294560][2294576][debug] GC(54)   from space 124928K, 2% used [0x00000007f8600000,0x00000007f8898000,0x0000000800000000)
[2021-07-20T13:29:52.808+0000][108.318s][2294560][2294576][debug] GC(54)   to   space 118272K, 0% used [0x00000007f1280000,0x00000007f1280000,0x00000007f8600000)
[2021-07-20T13:29:52.808+0000][108.318s][2294560][2294576][debug] GC(54)  ParOldGen       total 5592576K, used 3869855K [0x0000000600000000, 0x0000000755580000, 0x0000000755580000)
[2021-07-20T13:29:52.808+0000][108.318s][2294560][2294576][debug] GC(54)   object space 5592576K, 69% used [0x0000000600000000,0x00000006ec327d80,0x0000000755580000)
[2021-07-20T13:29:52.808+0000][108.318s][2294560][2294576][debug] GC(54)  Metaspace       used 50692K, committed 51072K, reserved 1097728K
[2021-07-20T13:29:52.808+0000][108.318s][2294560][2294576][debug] GC(54)   class space    used 6272K, committed 6464K, reserved 1048576K
[2021-07-20T13:29:52.825+0000][108.335s][2294560][2294576][debug] GC(54) Desired survivor size 114294784 bytes, new threshold 1 (max threshold 15)
[2021-07-20T13:29:52.826+0000][108.336s][2294560][2294576][info ] GC(54) PSYoungGen: 2555488K(2677760K)->3232K(2671104K) Eden: 2552832K(2552832K)->0K(2552832K) From: 2656K(124928K)->3232K(118272K)
[2021-07-20T13:29:52.826+0000][108.336s][2294560][2294576][info ] GC(54) ParOldGen: 3869855K(5592576K)->3870215K(5592576K)
[2021-07-20T13:29:52.826+0000][108.336s][2294560][2294576][info ] GC(54) Pause Young (Allocation Failure) 6274M->3782M(8070M) 17.741ms
[2021-07-20T13:29:52.826+0000][108.336s][2294560][2294576][debug] GC(54) Heap after GC invocations=55 (full 2):
[2021-07-20T13:29:52.826+0000][108.336s][2294560][2294576][debug] GC(54)  PSYoungGen      total 2671104K, used 3232K [0x0000000755580000, 0x0000000800000000, 0x0000000800000000)
[2021-07-20T13:29:52.826+0000][108.336s][2294560][2294576][debug] GC(54)   eden space 2552832K, 0% used [0x0000000755580000,0x0000000755580000,0x00000007f1280000)
[2021-07-20T13:29:52.826+0000][108.336s][2294560][2294576][debug] GC(54)   from space 118272K, 2% used [0x00000007f1280000,0x00000007f15a8000,0x00000007f8600000)
[2021-07-20T13:29:52.826+0000][108.336s][2294560][2294576][debug] GC(54)   to   space 111616K, 0% used [0x00000007f9300000,0x00000007f9300000,0x0000000800000000)
[2021-07-20T13:29:52.826+0000][108.336s][2294560][2294576][debug] GC(54)  ParOldGen       total 5592576K, used 3870215K [0x0000000600000000, 0x0000000755580000, 0x0000000755580000)
[2021-07-20T13:29:52.826+0000][108.336s][2294560][2294576][debug] GC(54)   object space 5592576K, 69% used [0x0000000600000000,0x00000006ec381d80,0x0000000755580000)
[2021-07-20T13:29:52.826+0000][108.336s][2294560][2294576][debug] GC(54)  Metaspace       used 50692K, committed 51072K, reserved 1097728K
[2021-07-20T13:29:52.826+0000][108.336s][2294560][2294576][debug] GC(54)   class space    used 6272K, committed 6464K, reserved 1048576K
[2021-07-20T13:29:52.826+0000][108.336s][2294560][2294576][info ] Safepoint "ParallelGCFailedAllocation", Time since last: 933416239 ns, Reaching safepoint: 155885 ns, At safepoint: 18279977 ns, Total: 18435862 ns
[2021-07-20T13:29:53.772+0000][109.282s][2294560][2294576][debug] GC(55) Heap before GC invocations=56 (full 2):
[2021-07-20T13:29:53.772+0000][109.282s][2294560][2294576][debug] GC(55)  PSYoungGen      total 2671104K, used 2556064K [0x0000000755580000, 0x0000000800000000, 0x0000000800000000)
[2021-07-20T13:29:53.773+0000][109.282s][2294560][2294576][debug] GC(55)   eden space 2552832K, 100% used [0x0000000755580000,0x00000007f1280000,0x00000007f1280000)
[2021-07-20T13:29:53.773+0000][109.282s][2294560][2294576][debug] GC(55)   from space 118272K, 2% used [0x00000007f1280000,0x00000007f15a8000,0x00000007f8600000)
[2021-07-20T13:29:53.773+0000][109.282s][2294560][2294576][debug] GC(55)   to   space 111616K, 0% used [0x00000007f9300000,0x00000007f9300000,0x0000000800000000)
[2021-07-20T13:29:53.773+0000][109.282s][2294560][2294576][debug] GC(55)  ParOldGen       total 5592576K, used 3870215K [0x0000000600000000, 0x0000000755580000, 0x0000000755580000)
[2021-07-20T13:29:53.773+0000][109.282s][2294560][2294576][debug] GC(55)   object space 5592576K, 69% used [0x0000000600000000,0x00000006ec381d80,0x0000000755580000)
[2021-07-20T13:29:53.773+0000][109.283s][2294560][2294576][debug] GC(55)  Metaspace       used 50692K, committed 51072K, reserved 1097728K
[2021-07-20T13:29:53.773+0000][109.283s][2294560][2294576][debug] GC(55)   class space    used 6272K, committed 6464K, reserved 1048576K
[2021-07-20T13:29:53.791+0000][109.301s][2294560][2294576][debug] GC(55) Desired survivor size 107479040 bytes, new threshold 1 (max threshold 15)
[2021-07-20T13:29:53.791+0000][109.301s][2294560][2294576][debug] GC(55) Running ParallelGC PreTouch tail with 7 workers for 7 work units pre-touching 27262976B.
[2021-07-20T13:29:53.792+0000][109.302s][2294560][2294576][debug] GC(55) Running ParallelGC PreTouch tail with 4 workers for 4 work units pre-touching 13631488B.
[2021-07-20T13:29:53.792+0000][109.302s][2294560][2294576][info ] GC(55) PSYoungGen: 2556064K(2671104K)->3296K(2691072K) Eden: 2552832K(2552832K)->0K(2579456K) From: 3232K(118272K)->3296K(111616K)
[2021-07-20T13:29:53.792+0000][109.302s][2294560][2294576][info ] GC(55) ParOldGen: 3870215K(5592576K)->3871551K(5592576K)
[2021-07-20T13:29:53.792+0000][109.302s][2294560][2294576][info ] GC(55) Pause Young (Allocation Failure) 6275M->3784M(8089M) 19.141ms
[2021-07-20T13:29:53.792+0000][109.302s][2294560][2294576][debug] GC(55) Heap after GC invocations=56 (full 2):
[2021-07-20T13:29:53.792+0000][109.302s][2294560][2294576][debug] GC(55)  PSYoungGen      total 2691072K, used 3296K [0x0000000755580000, 0x0000000800000000, 0x0000000800000000)
[2021-07-20T13:29:53.792+0000][109.302s][2294560][2294576][debug] GC(55)   eden space 2579456K, 0% used [0x0000000755580000,0x0000000755580000,0x00000007f2c80000)
[2021-07-20T13:29:53.792+0000][109.302s][2294560][2294576][debug] GC(55)   from space 111616K, 2% used [0x00000007f9300000,0x00000007f9638000,0x0000000800000000)
[2021-07-20T13:29:53.792+0000][109.302s][2294560][2294576][debug] GC(55)   to   space 104960K, 0% used [0x00000007f2c80000,0x00000007f2c80000,0x00000007f9300000)
[2021-07-20T13:29:53.792+0000][109.302s][2294560][2294576][debug] GC(55)  ParOldGen       total 5592576K, used 3871551K [0x0000000600000000, 0x0000000755580000, 0x0000000755580000)
[2021-07-20T13:29:53.792+0000][109.302s][2294560][2294576][debug] GC(55)   object space 5592576K, 69% used [0x0000000600000000,0x00000006ec4cfd80,0x0000000755580000)
[2021-07-20T13:29:53.792+0000][109.302s][2294560][2294576][debug] GC(55)  Metaspace       used 50692K, committed 51072K, reserved 1097728K
[2021-07-20T13:29:53.792+0000][109.302s][2294560][2294576][debug] GC(55)   class space    used 6272K, committed 6464K, reserved 1048576K
[2021-07-20T13:29:53.792+0000][109.302s][2294560][2294576][info ] Safepoint "ParallelGCFailedAllocation", Time since last: 946325155 ns, Reaching safepoint: 93815 ns, At safepoint: 19606966 ns, Total: 19700781 ns
[2021-07-20T13:29:54.762+0000][110.271s][2294560][2294576][debug] GC(56) Heap before GC invocations=57 (full 2):
[2021-07-20T13:29:54.762+0000][110.272s][2294560][2294576][debug] GC(56)  PSYoungGen      total 2691072K, used 2582752K [0x0000000755580000, 0x0000000800000000, 0x0000000800000000)
[2021-07-20T13:29:54.762+0000][110.272s][2294560][2294576][debug] GC(56)   eden space 2579456K, 100% used [0x0000000755580000,0x00000007f2c80000,0x00000007f2c80000)
[2021-07-20T13:29:54.762+0000][110.272s][2294560][2294576][debug] GC(56)   from space 111616K, 2% used [0x00000007f9300000,0x00000007f9638000,0x0000000800000000)
[2021-07-20T13:29:54.762+0000][110.272s][2294560][2294576][debug] GC(56)   to   space 104960K, 0% used [0x00000007f2c80000,0x00000007f2c80000,0x00000007f9300000)
[2021-07-20T13:29:54.762+0000][110.272s][2294560][2294576][debug] GC(56)  ParOldGen       total 5592576K, used 3871551K [0x0000000600000000, 0x0000000755580000, 0x0000000755580000)
[2021-07-20T13:29:54.762+0000][110.272s][2294560][2294576][debug] GC(56)   object space 5592576K, 69% used [0x0000000600000000,0x00000006ec4cfd80,0x0000000755580000)
[2021-07-20T13:29:54.762+0000][110.272s][2294560][2294576][debug] GC(56)  Metaspace       used 50714K, committed 51072K, reserved 1097728K
[2021-07-20T13:29:54.762+0000][110.272s][2294560][2294576][debug] GC(56)   class space    used 6274K, committed 6464K, reserved 1048576K
[2021-07-20T13:29:54.782+0000][110.292s][2294560][2294576][debug] GC(56) Desired survivor size 100663296 bytes, new threshold 1 (max threshold 15)
[2021-07-20T13:29:54.782+0000][110.292s][2294560][2294576][info ] GC(56) PSYoungGen: 2582752K(2691072K)->5120K(2684416K) Eden: 2579456K(2579456K)->0K(2579456K) From: 3296K(111616K)->5120K(104960K)
[2021-07-20T13:29:54.782+0000][110.292s][2294560][2294576][info ] GC(56) ParOldGen: 3871551K(5592576K)->3872503K(5592576K)
[2021-07-20T13:29:54.782+0000][110.292s][2294560][2294576][info ] GC(56) Pause Young (Allocation Failure) 6303M->3786M(8083M) 20.111ms
[2021-07-20T13:29:54.782+0000][110.292s][2294560][2294576][debug] GC(56) Heap after GC invocations=57 (full 2):
[2021-07-20T13:29:54.782+0000][110.292s][2294560][2294576][debug] GC(56)  PSYoungGen      total 2684416K, used 5120K [0x0000000755580000, 0x0000000800000000, 0x0000000800000000)
[2021-07-20T13:29:54.782+0000][110.292s][2294560][2294576][debug] GC(56)   eden space 2579456K, 0% used [0x0000000755580000,0x0000000755580000,0x00000007f2c80000)
[2021-07-20T13:29:54.782+0000][110.292s][2294560][2294576][debug] GC(56)   from space 104960K, 4% used [0x00000007f2c80000,0x00000007f3180000,0x00000007f9300000)
[2021-07-20T13:29:54.782+0000][110.292s][2294560][2294576][debug] GC(56)   to   space 98304K, 0% used [0x00000007fa000000,0x00000007fa000000,0x0000000800000000)
[2021-07-20T13:29:54.782+0000][110.292s][2294560][2294576][debug] GC(56)  ParOldGen       total 5592576K, used 3872503K [0x0000000600000000, 0x0000000755580000, 0x0000000755580000)
[2021-07-20T13:29:54.782+0000][110.292s][2294560][2294576][debug] GC(56)   object space 5592576K, 69% used [0x0000000600000000,0x00000006ec5bdd80,0x0000000755580000)
[2021-07-20T13:29:54.782+0000][110.292s][2294560][2294576][debug] GC(56)  Metaspace       used 50714K, committed 51072K, reserved 1097728K
[2021-07-20T13:29:54.782+0000][110.292s][2294560][2294576][debug] GC(56)   class space    used 6274K, committed 6464K, reserved 1048576K
[2021-07-20T13:29:54.782+0000][110.292s][2294560][2294576][info ] Safepoint "ParallelGCFailedAllocation", Time since last: 969293522 ns, Reaching safepoint: 152953 ns, At safepoint: 20611322 ns, Total: 20764275 ns
[2021-07-20T13:29:55.729+0000][111.239s][2294560][2294576][debug] GC(57) Heap before GC invocations=58 (full 2):
[2021-07-20T13:29:55.729+0000][111.239s][2294560][2294576][debug] GC(57)  PSYoungGen      total 2684416K, used 2584576K [0x0000000755580000, 0x0000000800000000, 0x0000000800000000)
[2021-07-20T13:29:55.729+0000][111.239s][2294560][2294576][debug] GC(57)   eden space 2579456K, 100% used [0x0000000755580000,0x00000007f2c80000,0x00000007f2c80000)
[2021-07-20T13:29:55.729+0000][111.239s][2294560][2294576][debug] GC(57)   from space 104960K, 4% used [0x00000007f2c80000,0x00000007f3180000,0x00000007f9300000)
[2021-07-20T13:29:55.729+0000][111.239s][2294560][2294576][debug] GC(57)   to   space 98304K, 0% used [0x00000007fa000000,0x00000007fa000000,0x0000000800000000)
[2021-07-20T13:29:55.729+0000][111.239s][2294560][2294576][debug] GC(57)  ParOldGen       total 5592576K, used 3872503K [0x0000000600000000, 0x0000000755580000, 0x0000000755580000)
[2021-07-20T13:29:55.729+0000][111.239s][2294560][2294576][debug] GC(57)   object space 5592576K, 69% used [0x0000000600000000,0x00000006ec5bdd80,0x0000000755580000)
[2021-07-20T13:29:55.729+0000][111.239s][2294560][2294576][debug] GC(57)  Metaspace       used 50724K, committed 51136K, reserved 1097728K
[2021-07-20T13:29:55.729+0000][111.239s][2294560][2294576][debug] GC(57)   class space    used 6274K, committed 6464K, reserved 1048576K
[2021-07-20T13:29:55.751+0000][111.261s][2294560][2294576][debug] GC(57) Desired survivor size 94896128 bytes, new threshold 1 (max threshold 15)
[2021-07-20T13:29:55.751+0000][111.261s][2294560][2294576][debug] GC(57) Running ParallelGC PreTouch tail with 7 workers for 7 work units pre-touching 26214400B.
[2021-07-20T13:29:55.751+0000][111.261s][2294560][2294576][debug] GC(57) Running ParallelGC PreTouch tail with 4 workers for 4 work units pre-touching 13631488B.
[2021-07-20T13:29:55.751+0000][111.261s][2294560][2294576][info ] GC(57) PSYoungGen: 2584576K(2684416K)->3488K(2703360K) Eden: 2579456K(2579456K)->0K(2605056K) From: 5120K(104960K)->3488K(98304K)
[2021-07-20T13:29:55.751+0000][111.261s][2294560][2294576][info ] GC(57) ParOldGen: 3872503K(5592576K)->3875935K(5592576K)
[2021-07-20T13:29:55.751+0000][111.261s][2294560][2294576][info ] GC(57) Pause Young (Allocation Failure) 6305M->3788M(8101M) 21.712ms
[2021-07-20T13:29:55.751+0000][111.261s][2294560][2294576][debug] GC(57) Heap after GC invocations=58 (full 2):
[2021-07-20T13:29:55.751+0000][111.261s][2294560][2294576][debug] GC(57)  PSYoungGen      total 2703360K, used 3488K [0x0000000755580000, 0x0000000800000000, 0x0000000800000000)
[2021-07-20T13:29:55.751+0000][111.261s][2294560][2294576][debug] GC(57)   eden space 2605056K, 0% used [0x0000000755580000,0x0000000755580000,0x00000007f4580000)
[2021-07-20T13:29:55.751+0000][111.261s][2294560][2294576][debug] GC(57)   from space 98304K, 3% used [0x00000007fa000000,0x00000007fa368000,0x0000000800000000)
[2021-07-20T13:29:55.751+0000][111.261s][2294560][2294576][debug] GC(57)   to   space 92672K, 0% used [0x00000007f4580000,0x00000007f4580000,0x00000007fa000000)
[2021-07-20T13:29:55.751+0000][111.261s][2294560][2294576][debug] GC(57)  ParOldGen       total 5592576K, used 3875935K [0x0000000600000000, 0x0000000755580000, 0x0000000755580000)
[2021-07-20T13:29:55.751+0000][111.261s][2294560][2294576][debug] GC(57)   object space 5592576K, 69% used [0x0000000600000000,0x00000006ec917d80,0x0000000755580000)
[2021-07-20T13:29:55.751+0000][111.261s][2294560][2294576][debug] GC(57)  Metaspace       used 50724K, committed 51136K, reserved 1097728K
[2021-07-20T13:29:55.751+0000][111.261s][2294560][2294576][debug] GC(57)   class space    used 6274K, committed 6464K, reserved 1048576K
[2021-07-20T13:29:55.751+0000][111.261s][2294560][2294576][info ] Safepoint "ParallelGCFailedAllocation", Time since last: 946714240 ns, Reaching safepoint: 89370 ns, At safepoint: 22172957 ns, Total: 22262327 ns
[2021-07-20T13:29:56.718+0000][112.228s][2294560][2294576][debug] GC(58) Heap before GC invocations=59 (full 2):
[2021-07-20T13:29:56.718+0000][112.228s][2294560][2294576][debug] GC(58)  PSYoungGen      total 2703360K, used 2608544K [0x0000000755580000, 0x0000000800000000, 0x0000000800000000)
[2021-07-20T13:29:56.718+0000][112.228s][2294560][2294576][debug] GC(58)   eden space 2605056K, 100% used [0x0000000755580000,0x00000007f4580000,0x00000007f4580000)
[2021-07-20T13:29:56.718+0000][112.228s][2294560][2294576][debug] GC(58)   from space 98304K, 3% used [0x00000007fa000000,0x00000007fa368000,0x0000000800000000)
[2021-07-20T13:29:56.718+0000][112.228s][2294560][2294576][debug] GC(58)   to   space 92672K, 0% used [0x00000007f4580000,0x00000007f4580000,0x00000007fa000000)
[2021-07-20T13:29:56.718+0000][112.228s][2294560][2294576][debug] GC(58)  ParOldGen       total 5592576K, used 3875935K [0x0000000600000000, 0x0000000755580000, 0x0000000755580000)
[2021-07-20T13:29:56.718+0000][112.228s][2294560][2294576][debug] GC(58)   object space 5592576K, 69% used [0x0000000600000000,0x00000006ec917d80,0x0000000755580000)
[2021-07-20T13:29:56.718+0000][112.228s][2294560][2294576][debug] GC(58)  Metaspace       used 50731K, committed 51136K, reserved 1097728K
[2021-07-20T13:29:56.718+0000][112.228s][2294560][2294576][debug] GC(58)   class space    used 6274K, committed 6464K, reserved 1048576K
[2021-07-20T13:29:56.737+0000][112.247s][2294560][2294576][debug] GC(58) Desired survivor size 89128960 bytes, new threshold 1 (max threshold 15)
[2021-07-20T13:29:56.737+0000][112.247s][2294560][2294576][info ] GC(58) PSYoungGen: 2608544K(2703360K)->2400K(2697728K) Eden: 2605056K(2605056K)->0K(2605056K) From: 3488K(98304K)->2400K(92672K)
[2021-07-20T13:29:56.737+0000][112.247s][2294560][2294576][info ] GC(58) ParOldGen: 3875935K(5592576K)->3877143K(5592576K)
[2021-07-20T13:29:56.737+0000][112.247s][2294560][2294576][info ] GC(58) Pause Young (Allocation Failure) 6332M->3788M(8096M) 18.455ms
[2021-07-20T13:29:56.737+0000][112.247s][2294560][2294576][debug] GC(58) Heap after GC invocations=59 (full 2):
[2021-07-20T13:29:56.737+0000][112.247s][2294560][2294576][debug] GC(58)  PSYoungGen      total 2697728K, used 2400K [0x0000000755580000, 0x0000000800000000, 0x0000000800000000)
[2021-07-20T13:29:56.737+0000][112.247s][2294560][2294576][debug] GC(58)   eden space 2605056K, 0% used [0x0000000755580000,0x0000000755580000,0x00000007f4580000)
[2021-07-20T13:29:56.737+0000][112.247s][2294560][2294576][debug] GC(58)   from space 92672K, 2% used [0x00000007f4580000,0x00000007f47d8000,0x00000007fa000000)
[2021-07-20T13:29:56.737+0000][112.247s][2294560][2294576][debug] GC(58)   to   space 87040K, 0% used [0x00000007fab00000,0x00000007fab00000,0x0000000800000000)
[2021-07-20T13:29:56.737+0000][112.247s][2294560][2294576][debug] GC(58)  ParOldGen       total 5592576K, used 3877143K [0x0000000600000000, 0x0000000755580000, 0x0000000755580000)
[2021-07-20T13:29:56.737+0000][112.247s][2294560][2294576][debug] GC(58)   object space 5592576K, 69% used [0x0000000600000000,0x00000006eca45d80,0x0000000755580000)
[2021-07-20T13:29:56.737+0000][112.247s][2294560][2294576][debug] GC(58)  Metaspace       used 50731K, committed 51136K, reserved 1097728K
[2021-07-20T13:29:56.737+0000][112.247s][2294560][2294576][debug] GC(58)   class space    used 6274K, committed 6464K, reserved 1048576K
[2021-07-20T13:29:56.737+0000][112.247s][2294560][2294576][info ] Safepoint "ParallelGCFailedAllocation", Time since last: 966951386 ns, Reaching safepoint: 160491 ns, At safepoint: 18910246 ns, Total: 19070737 ns
[2021-07-20T13:29:57.702+0000][113.212s][2294560][2294576][debug] GC(59) Heap before GC invocations=60 (full 2):
[2021-07-20T13:29:57.702+0000][113.212s][2294560][2294576][debug] GC(59)  PSYoungGen      total 2697728K, used 2607456K [0x0000000755580000, 0x0000000800000000, 0x0000000800000000)
[2021-07-20T13:29:57.702+0000][113.212s][2294560][2294576][debug] GC(59)   eden space 2605056K, 100% used [0x0000000755580000,0x00000007f4580000,0x00000007f4580000)
[2021-07-20T13:29:57.702+0000][113.212s][2294560][2294576][debug] GC(59)   from space 92672K, 2% used [0x00000007f4580000,0x00000007f47d8000,0x00000007fa000000)
[2021-07-20T13:29:57.702+0000][113.212s][2294560][2294576][debug] GC(59)   to   space 87040K, 0% used [0x00000007fab00000,0x00000007fab00000,0x0000000800000000)
[2021-07-20T13:29:57.702+0000][113.212s][2294560][2294576][debug] GC(59)  ParOldGen       total 5592576K, used 3877143K [0x0000000600000000, 0x0000000755580000, 0x0000000755580000)
[2021-07-20T13:29:57.702+0000][113.212s][2294560][2294576][debug] GC(59)   object space 5592576K, 69% used [0x0000000600000000,0x00000006eca45d80,0x0000000755580000)
[2021-07-20T13:29:57.702+0000][113.212s][2294560][2294576][debug] GC(59)  Metaspace       used 50737K, committed 51136K, reserved 1097728K
[2021-07-20T13:29:57.702+0000][113.212s][2294560][2294576][debug] GC(59)   class space    used 6274K, committed 6464K, reserved 1048576K
[2021-07-20T13:29:57.723+0000][113.233s][2294560][2294576][debug] GC(59) Desired survivor size 83361792 bytes, new threshold 1 (max threshold 15)
[2021-07-20T13:29:57.723+0000][113.233s][2294560][2294576][debug] GC(59) Running ParallelGC PreTouch tail with 6 workers for 6 work units pre-touching 23068672B.
[2021-07-20T13:29:57.723+0000][113.233s][2294560][2294576][debug] GC(59) Running ParallelGC PreTouch tail with 3 workers for 3 work units pre-touching 11534336B.
[2021-07-20T13:29:57.723+0000][113.233s][2294560][2294576][info ] GC(59) PSYoungGen: 2607456K(2697728K)->4896K(2714624K) Eden: 2605056K(2605056K)->0K(2627584K) From: 2400K(92672K)->4896K(87040K)
[2021-07-20T13:29:57.723+0000][113.233s][2294560][2294576][info ] GC(59) ParOldGen: 3877143K(5592576K)->3877239K(5592576K)
[2021-07-20T13:29:57.723+0000][113.233s][2294560][2294576][info ] GC(59) Pause Young (Allocation Failure) 6332M->3791M(8112M) 20.815ms
[2021-07-20T13:29:57.723+0000][113.233s][2294560][2294576][debug] GC(59) Heap after GC invocations=60 (full 2):
[2021-07-20T13:29:57.723+0000][113.233s][2294560][2294576][debug] GC(59)  PSYoungGen      total 2714624K, used 4896K [0x0000000755580000, 0x0000000800000000, 0x0000000800000000)
[2021-07-20T13:29:57.723+0000][113.233s][2294560][2294576][debug] GC(59)   eden space 2627584K, 0% used [0x0000000755580000,0x0000000755580000,0x00000007f5b80000)
[2021-07-20T13:29:57.723+0000][113.233s][2294560][2294576][debug] GC(59)   from space 87040K, 5% used [0x00000007fab00000,0x00000007fafc8000,0x0000000800000000)
[2021-07-20T13:29:57.723+0000][113.233s][2294560][2294576][debug] GC(59)   to   space 81408K, 0% used [0x00000007f5b80000,0x00000007f5b80000,0x00000007fab00000)
[2021-07-20T13:29:57.723+0000][113.233s][2294560][2294576][debug] GC(59)  ParOldGen       total 5592576K, used 3877239K [0x0000000600000000, 0x0000000755580000, 0x0000000755580000)
[2021-07-20T13:29:57.723+0000][113.233s][2294560][2294576][debug] GC(59)   object space 5592576K, 69% used [0x0000000600000000,0x00000006eca5dd80,0x0000000755580000)
[2021-07-20T13:29:57.723+0000][113.233s][2294560][2294576][debug] GC(59)  Metaspace       used 50737K, committed 51136K, reserved 1097728K
[2021-07-20T13:29:57.723+0000][113.233s][2294560][2294576][debug] GC(59)   class space    used 6274K, committed 6464K, reserved 1048576K
[2021-07-20T13:29:57.723+0000][113.233s][2294560][2294576][info ] Safepoint "ParallelGCFailedAllocation", Time since last: 964761398 ns, Reaching safepoint: 90939 ns, At safepoint: 21254256 ns, Total: 21345195 ns
[2021-07-20T13:29:58.687+0000][114.197s][2294560][2294576][debug] GC(60) Heap before GC invocations=61 (full 2):
[2021-07-20T13:29:58.687+0000][114.197s][2294560][2294576][debug] GC(60)  PSYoungGen      total 2714624K, used 2632480K [0x0000000755580000, 0x0000000800000000, 0x0000000800000000)
[2021-07-20T13:29:58.687+0000][114.197s][2294560][2294576][debug] GC(60)   eden space 2627584K, 100% used [0x0000000755580000,0x00000007f5b80000,0x00000007f5b80000)
[2021-07-20T13:29:58.687+0000][114.197s][2294560][2294576][debug] GC(60)   from space 87040K, 5% used [0x00000007fab00000,0x00000007fafc8000,0x0000000800000000)
[2021-07-20T13:29:58.687+0000][114.197s][2294560][2294576][debug] GC(60)   to   space 81408K, 0% used [0x00000007f5b80000,0x00000007f5b80000,0x00000007fab00000)
[2021-07-20T13:29:58.687+0000][114.197s][2294560][2294576][debug] GC(60)  ParOldGen       total 5592576K, used 3877239K [0x0000000600000000, 0x0000000755580000, 0x0000000755580000)
[2021-07-20T13:29:58.687+0000][114.197s][2294560][2294576][debug] GC(60)   object space 5592576K, 69% used [0x0000000600000000,0x00000006eca5dd80,0x0000000755580000)
[2021-07-20T13:29:58.687+0000][114.197s][2294560][2294576][debug] GC(60)  Metaspace       used 50739K, committed 51136K, reserved 1097728K
[2021-07-20T13:29:58.687+0000][114.197s][2294560][2294576][debug] GC(60)   class space    used 6274K, committed 6464K, reserved 1048576K
[2021-07-20T13:29:58.711+0000][114.221s][2294560][2294576][debug] GC(60) Desired survivor size 77594624 bytes, new threshold 1 (max threshold 15)
[2021-07-20T13:29:58.711+0000][114.221s][2294560][2294576][info ] GC(60) PSYoungGen: 2632480K(2714624K)->6144K(2708992K) Eden: 2627584K(2627584K)->0K(2627584K) From: 4896K(87040K)->6144K(81408K)
[2021-07-20T13:29:58.711+0000][114.221s][2294560][2294576][info ] GC(60) ParOldGen: 3877239K(5592576K)->3880711K(5592576K)
[2021-07-20T13:29:58.711+0000][114.221s][2294560][2294576][info ] GC(60) Pause Young (Allocation Failure) 6357M->3795M(8107M) 24.581ms
[2021-07-20T13:29:58.711+0000][114.221s][2294560][2294576][debug] GC(60) Heap after GC invocations=61 (full 2):
[2021-07-20T13:29:58.711+0000][114.221s][2294560][2294576][debug] GC(60)  PSYoungGen      total 2708992K, used 6144K [0x0000000755580000, 0x0000000800000000, 0x0000000800000000)
[2021-07-20T13:29:58.711+0000][114.221s][2294560][2294576][debug] GC(60)   eden space 2627584K, 0% used [0x0000000755580000,0x0000000755580000,0x00000007f5b80000)
[2021-07-20T13:29:58.711+0000][114.221s][2294560][2294576][debug] GC(60)   from space 81408K, 7% used [0x00000007f5b80000,0x00000007f6180000,0x00000007fab00000)
[2021-07-20T13:29:58.711+0000][114.221s][2294560][2294576][debug] GC(60)   to   space 75776K, 0% used [0x00000007fb600000,0x00000007fb600000,0x0000000800000000)
[2021-07-20T13:29:58.711+0000][114.221s][2294560][2294576][debug] GC(60)  ParOldGen       total 5592576K, used 3880711K [0x0000000600000000, 0x0000000755580000, 0x0000000755580000)
[2021-07-20T13:29:58.711+0000][114.221s][2294560][2294576][debug] GC(60)   object space 5592576K, 69% used [0x0000000600000000,0x00000006ecdc1d80,0x0000000755580000)
[2021-07-20T13:29:58.711+0000][114.221s][2294560][2294576][debug] GC(60)  Metaspace       used 50739K, committed 51136K, reserved 1097728K
[2021-07-20T13:29:58.711+0000][114.221s][2294560][2294576][debug] GC(60)   class space    used 6274K, committed 6464K, reserved 1048576K
[2021-07-20T13:29:58.712+0000][114.221s][2294560][2294576][info ] Safepoint "ParallelGCFailedAllocation", Time since last: 963169445 ns, Reaching safepoint: 157819 ns, At safepoint: 24986853 ns, Total: 25144672 ns
[2021-07-20T13:29:59.683+0000][115.193s][2294560][2294576][debug] GC(61) Heap before GC invocations=62 (full 2):
[2021-07-20T13:29:59.683+0000][115.193s][2294560][2294576][debug] GC(61)  PSYoungGen      total 2708992K, used 2633728K [0x0000000755580000, 0x0000000800000000, 0x0000000800000000)
[2021-07-20T13:29:59.683+0000][115.193s][2294560][2294576][debug] GC(61)   eden space 2627584K, 100% used [0x0000000755580000,0x00000007f5b80000,0x00000007f5b80000)
[2021-07-20T13:29:59.683+0000][115.193s][2294560][2294576][debug] GC(61)   from space 81408K, 7% used [0x00000007f5b80000,0x00000007f6180000,0x00000007fab00000)
[2021-07-20T13:29:59.683+0000][115.193s][2294560][2294576][debug] GC(61)   to   space 75776K, 0% used [0x00000007fb600000,0x00000007fb600000,0x0000000800000000)
[2021-07-20T13:29:59.683+0000][115.193s][2294560][2294576][debug] GC(61)  ParOldGen       total 5592576K, used 3880711K [0x0000000600000000, 0x0000000755580000, 0x0000000755580000)
[2021-07-20T13:29:59.683+0000][115.193s][2294560][2294576][debug] GC(61)   object space 5592576K, 69% used [0x0000000600000000,0x00000006ecdc1d80,0x0000000755580000)
[2021-07-20T13:29:59.683+0000][115.193s][2294560][2294576][debug] GC(61)  Metaspace       used 50740K, committed 51136K, reserved 1097728K
[2021-07-20T13:29:59.683+0000][115.193s][2294560][2294576][debug] GC(61)   class space    used 6274K, committed 6464K, reserved 1048576K
[2021-07-20T13:29:59.703+0000][115.213s][2294560][2294576][debug] GC(61) Desired survivor size 72876032 bytes, new threshold 1 (max threshold 15)
[2021-07-20T13:29:59.703+0000][115.213s][2294560][2294576][debug] GC(61) Running ParallelGC PreTouch tail with 6 workers for 6 work units pre-touching 22020096B.
[2021-07-20T13:29:59.704+0000][115.214s][2294560][2294576][debug] GC(61) Running ParallelGC PreTouch tail with 3 workers for 3 work units pre-touching 11534336B.
[2021-07-20T13:29:59.704+0000][115.214s][2294560][2294576][info ] GC(61) PSYoungGen: 2633728K(2708992K)->2368K(2724864K) Eden: 2627584K(2627584K)->0K(2649088K) From: 6144K(81408K)->2368K(75776K)
[2021-07-20T13:29:59.704+0000][115.214s][2294560][2294576][info ] GC(61) ParOldGen: 3880711K(5592576K)->3884511K(5592576K)
[2021-07-20T13:29:59.704+0000][115.214s][2294560][2294576][info ] GC(61) Pause Young (Allocation Failure) 6361M->3795M(8122M) 20.791ms
[2021-07-20T13:29:59.704+0000][115.214s][2294560][2294576][debug] GC(61) Heap after GC invocations=62 (full 2):
[2021-07-20T13:29:59.704+0000][115.214s][2294560][2294576][debug] GC(61)  PSYoungGen      total 2724864K, used 2368K [0x0000000755580000, 0x0000000800000000, 0x0000000800000000)
[2021-07-20T13:29:59.704+0000][115.214s][2294560][2294576][debug] GC(61)   eden space 2649088K, 0% used [0x0000000755580000,0x0000000755580000,0x00000007f7080000)
[2021-07-20T13:29:59.704+0000][115.214s][2294560][2294576][debug] GC(61)   from space 75776K, 3% used [0x00000007fb600000,0x00000007fb850000,0x0000000800000000)
[2021-07-20T13:29:59.704+0000][115.214s][2294560][2294576][debug] GC(61)   to   space 71168K, 0% used [0x00000007f7080000,0x00000007f7080000,0x00000007fb600000)
[2021-07-20T13:29:59.704+0000][115.214s][2294560][2294576][debug] GC(61)  ParOldGen       total 5592576K, used 3884511K [0x0000000600000000, 0x0000000755580000, 0x0000000755580000)
[2021-07-20T13:29:59.704+0000][115.214s][2294560][2294576][debug] GC(61)   object space 5592576K, 69% used [0x0000000600000000,0x00000006ed177d80,0x0000000755580000)
[2021-07-20T13:29:59.704+0000][115.214s][2294560][2294576][debug] GC(61)  Metaspace       used 50740K, committed 51136K, reserved 1097728K
[2021-07-20T13:29:59.704+0000][115.214s][2294560][2294576][debug] GC(61)   class space    used 6274K, committed 6464K, reserved 1048576K
[2021-07-20T13:29:59.704+0000][115.214s][2294560][2294576][info ] Safepoint "ParallelGCFailedAllocation", Time since last: 971187494 ns, Reaching safepoint: 93954 ns, At safepoint: 21252895 ns, Total: 21346849 ns
[2021-07-20T13:30:00.696+0000][116.206s][2294560][2294576][debug] GC(62) Heap before GC invocations=63 (full 2):
[2021-07-20T13:30:00.696+0000][116.206s][2294560][2294576][debug] GC(62)  PSYoungGen      total 2724864K, used 2651456K [0x0000000755580000, 0x0000000800000000, 0x0000000800000000)
[2021-07-20T13:30:00.696+0000][116.206s][2294560][2294576][debug] GC(62)   eden space 2649088K, 100% used [0x0000000755580000,0x00000007f7080000,0x00000007f7080000)
[2021-07-20T13:30:00.696+0000][116.206s][2294560][2294576][debug] GC(62)   from space 75776K, 3% used [0x00000007fb600000,0x00000007fb850000,0x0000000800000000)
[2021-07-20T13:30:00.696+0000][116.206s][2294560][2294576][debug] GC(62)   to   space 71168K, 0% used [0x00000007f7080000,0x00000007f7080000,0x00000007fb600000)
[2021-07-20T13:30:00.696+0000][116.206s][2294560][2294576][debug] GC(62)  ParOldGen       total 5592576K, used 3884511K [0x0000000600000000, 0x0000000755580000, 0x0000000755580000)
[2021-07-20T13:30:00.696+0000][116.206s][2294560][2294576][debug] GC(62)   object space 5592576K, 69% used [0x0000000600000000,0x00000006ed177d80,0x0000000755580000)
[2021-07-20T13:30:00.696+0000][116.206s][2294560][2294576][debug] GC(62)  Metaspace       used 50759K, committed 51136K, reserved 1097728K
[2021-07-20T13:30:00.696+0000][116.206s][2294560][2294576][debug] GC(62)   class space    used 6274K, committed 6464K, reserved 1048576K
[2021-07-20T13:30:00.718+0000][116.228s][2294560][2294576][debug] GC(62) Desired survivor size 67633152 bytes, new threshold 1 (max threshold 15)
[2021-07-20T13:30:00.718+0000][116.228s][2294560][2294576][info ] GC(62) PSYoungGen: 2651456K(2724864K)->6528K(2720256K) Eden: 2649088K(2649088K)->0K(2649088K) From: 2368K(75776K)->6528K(71168K)
[2021-07-20T13:30:00.718+0000][116.228s][2294560][2294576][info ] GC(62) ParOldGen: 3884511K(5592576K)->3884631K(5592576K)
[2021-07-20T13:30:00.718+0000][116.228s][2294560][2294576][info ] GC(62) Pause Young (Allocation Failure) 6382M->3799M(8118M) 21.759ms
[2021-07-20T13:30:00.718+0000][116.228s][2294560][2294576][debug] GC(62) Heap after GC invocations=63 (full 2):
[2021-07-20T13:30:00.718+0000][116.228s][2294560][2294576][debug] GC(62)  PSYoungGen      total 2720256K, used 6528K [0x0000000755580000, 0x0000000800000000, 0x0000000800000000)
[2021-07-20T13:30:00.718+0000][116.228s][2294560][2294576][debug] GC(62)   eden space 2649088K, 0% used [0x0000000755580000,0x0000000755580000,0x00000007f7080000)
[2021-07-20T13:30:00.718+0000][116.228s][2294560][2294576][debug] GC(62)   from space 71168K, 9% used [0x00000007f7080000,0x00000007f76e0000,0x00000007fb600000)
[2021-07-20T13:30:00.718+0000][116.228s][2294560][2294576][debug] GC(62)   to   space 66048K, 0% used [0x00000007fbf80000,0x00000007fbf80000,0x0000000800000000)
[2021-07-20T13:30:00.718+0000][116.228s][2294560][2294576][debug] GC(62)  ParOldGen       total 5592576K, used 3884631K [0x0000000600000000, 0x0000000755580000, 0x0000000755580000)
[2021-07-20T13:30:00.718+0000][116.228s][2294560][2294576][debug] GC(62)   object space 5592576K, 69% used [0x0000000600000000,0x00000006ed195d80,0x0000000755580000)
[2021-07-20T13:30:00.718+0000][116.228s][2294560][2294576][debug] GC(62)  Metaspace       used 50759K, committed 51136K, reserved 1097728K
[2021-07-20T13:30:00.718+0000][116.228s][2294560][2294576][debug] GC(62)   class space    used 6274K, committed 6464K, reserved 1048576K
[2021-07-20T13:30:00.719+0000][116.229s][2294560][2294576][info ] Safepoint "ParallelGCFailedAllocation", Time since last: 992173464 ns, Reaching safepoint: 165186 ns, At safepoint: 22149107 ns, Total: 22314293 ns
[2021-07-20T13:30:01.719+0000][117.229s][2294560][2294576][info ] Safepoint "Cleanup", Time since last: 1000097988 ns, Reaching safepoint: 159914 ns, At safepoint: 112913 ns, Total: 272827 ns
[2021-07-20T13:30:01.720+0000][117.230s][2294560][2294576][debug] GC(63) Heap before GC invocations=64 (full 2):
[2021-07-20T13:30:01.720+0000][117.230s][2294560][2294576][debug] GC(63)  PSYoungGen      total 2720256K, used 2655616K [0x0000000755580000, 0x0000000800000000, 0x0000000800000000)
[2021-07-20T13:30:01.720+0000][117.230s][2294560][2294576][debug] GC(63)   eden space 2649088K, 100% used [0x0000000755580000,0x00000007f7080000,0x00000007f7080000)
[2021-07-20T13:30:01.720+0000][117.230s][2294560][2294576][debug] GC(63)   from space 71168K, 9% used [0x00000007f7080000,0x00000007f76e0000,0x00000007fb600000)
[2021-07-20T13:30:01.720+0000][117.230s][2294560][2294576][debug] GC(63)   to   space 66048K, 0% used [0x00000007fbf80000,0x00000007fbf80000,0x0000000800000000)
[2021-07-20T13:30:01.720+0000][117.230s][2294560][2294576][debug] GC(63)  ParOldGen       total 5592576K, used 3884631K [0x0000000600000000, 0x0000000755580000, 0x0000000755580000)
[2021-07-20T13:30:01.720+0000][117.230s][2294560][2294576][debug] GC(63)   object space 5592576K, 69% used [0x0000000600000000,0x00000006ed195d80,0x0000000755580000)
[2021-07-20T13:30:01.720+0000][117.230s][2294560][2294576][debug] GC(63)  Metaspace       used 50761K, committed 51136K, reserved 1097728K
[2021-07-20T13:30:01.720+0000][117.230s][2294560][2294576][debug] GC(63)   class space    used 6274K, committed 6464K, reserved 1048576K
[2021-07-20T13:30:01.745+0000][117.255s][2294560][2294576][debug] GC(63) Desired survivor size 62914560 bytes, new threshold 1 (max threshold 15)
[2021-07-20T13:30:01.745+0000][117.255s][2294560][2294576][debug] GC(63) Running ParallelGC PreTouch tail with 5 workers for 5 work units pre-touching 19922944B.
[2021-07-20T13:30:01.745+0000][117.255s][2294560][2294576][debug] GC(63) Running ParallelGC PreTouch tail with 3 workers for 3 work units pre-touching 9961472B.
[2021-07-20T13:30:01.745+0000][117.255s][2294560][2294576][info ] GC(63) PSYoungGen: 2655616K(2720256K)->5728K(2734592K) Eden: 2649088K(2649088K)->0K(2668544K) From: 6528K(71168K)->5728K(66048K)
[2021-07-20T13:30:01.745+0000][117.255s][2294560][2294576][info ] GC(63) ParOldGen: 3884631K(5592576K)->3889863K(5592576K)
[2021-07-20T13:30:01.745+0000][117.255s][2294560][2294576][info ] GC(63) Pause Young (Allocation Failure) 6386M->3804M(8132M) 25.503ms
[2021-07-20T13:30:01.745+0000][117.255s][2294560][2294576][debug] GC(63) Heap after GC invocations=64 (full 2):
[2021-07-20T13:30:01.745+0000][117.255s][2294560][2294576][debug] GC(63)  PSYoungGen      total 2734592K, used 5728K [0x0000000755580000, 0x0000000800000000, 0x0000000800000000)
[2021-07-20T13:30:01.745+0000][117.255s][2294560][2294576][debug] GC(63)   eden space 2668544K, 0% used [0x0000000755580000,0x0000000755580000,0x00000007f8380000)
[2021-07-20T13:30:01.746+0000][117.255s][2294560][2294576][debug] GC(63)   from space 66048K, 8% used [0x00000007fbf80000,0x00000007fc518000,0x0000000800000000)
[2021-07-20T13:30:01.746+0000][117.255s][2294560][2294576][debug] GC(63)   to   space 61440K, 0% used [0x00000007f8380000,0x00000007f8380000,0x00000007fbf80000)
[2021-07-20T13:30:01.746+0000][117.255s][2294560][2294576][debug] GC(63)  ParOldGen       total 5592576K, used 3889863K [0x0000000600000000, 0x0000000755580000, 0x0000000755580000)
[2021-07-20T13:30:01.746+0000][117.255s][2294560][2294576][debug] GC(63)   object space 5592576K, 69% used [0x0000000600000000,0x00000006ed6b1d80,0x0000000755580000)
[2021-07-20T13:30:01.746+0000][117.255s][2294560][2294576][debug] GC(63)  Metaspace       used 50761K, committed 51136K, reserved 1097728K
[2021-07-20T13:30:01.746+0000][117.255s][2294560][2294576][debug] GC(63)   class space    used 6274K, committed 6464K, reserved 1048576K
[2021-07-20T13:30:01.746+0000][117.256s][2294560][2294576][info ] Safepoint "ParallelGCFailedAllocation", Time since last: 781505 ns, Reaching safepoint: 124849 ns, At safepoint: 25985181 ns, Total: 26110030 ns
[2021-07-20T13:30:02.745+0000][118.255s][2294560][2294576][debug] GC(64) Heap before GC invocations=65 (full 2):
[2021-07-20T13:30:02.745+0000][118.255s][2294560][2294576][debug] GC(64)  PSYoungGen      total 2734592K, used 2674272K [0x0000000755580000, 0x0000000800000000, 0x0000000800000000)
[2021-07-20T13:30:02.745+0000][118.255s][2294560][2294576][debug] GC(64)   eden space 2668544K, 100% used [0x0000000755580000,0x00000007f8380000,0x00000007f8380000)
[2021-07-20T13:30:02.745+0000][118.255s][2294560][2294576][debug] GC(64)   from space 66048K, 8% used [0x00000007fbf80000,0x00000007fc518000,0x0000000800000000)
[2021-07-20T13:30:02.745+0000][118.255s][2294560][2294576][debug] GC(64)   to   space 61440K, 0% used [0x00000007f8380000,0x00000007f8380000,0x00000007fbf80000)
[2021-07-20T13:30:02.745+0000][118.255s][2294560][2294576][debug] GC(64)  ParOldGen       total 5592576K, used 3889863K [0x0000000600000000, 0x0000000755580000, 0x0000000755580000)
[2021-07-20T13:30:02.745+0000][118.255s][2294560][2294576][debug] GC(64)   object space 5592576K, 69% used [0x0000000600000000,0x00000006ed6b1d80,0x0000000755580000)
[2021-07-20T13:30:02.745+0000][118.255s][2294560][2294576][debug] GC(64)  Metaspace       used 50761K, committed 51136K, reserved 1097728K
[2021-07-20T13:30:02.745+0000][118.255s][2294560][2294576][debug] GC(64)   class space    used 6274K, committed 6464K, reserved 1048576K
[2021-07-20T13:30:02.766+0000][118.276s][2294560][2294576][debug] GC(64) Desired survivor size 58720256 bytes, new threshold 1 (max threshold 15)
[2021-07-20T13:30:02.766+0000][118.276s][2294560][2294576][info ] GC(64) PSYoungGen: 2674272K(2734592K)->3328K(2729984K) Eden: 2668544K(2668544K)->0K(2668544K) From: 5728K(66048K)->3328K(61440K)
[2021-07-20T13:30:02.766+0000][118.276s][2294560][2294576][info ] GC(64) ParOldGen: 3889863K(5592576K)->3893199K(5592576K)
[2021-07-20T13:30:02.766+0000][118.276s][2294560][2294576][info ] GC(64) Pause Young (Allocation Failure) 6410M->3805M(8127M) 21.394ms
[2021-07-20T13:30:02.766+0000][118.276s][2294560][2294576][debug] GC(64) Heap after GC invocations=65 (full 2):
[2021-07-20T13:30:02.766+0000][118.276s][2294560][2294576][debug] GC(64)  PSYoungGen      total 2729984K, used 3328K [0x0000000755580000, 0x0000000800000000, 0x0000000800000000)
[2021-07-20T13:30:02.766+0000][118.276s][2294560][2294576][debug] GC(64)   eden space 2668544K, 0% used [0x0000000755580000,0x0000000755580000,0x00000007f8380000)
[2021-07-20T13:30:02.766+0000][118.276s][2294560][2294576][debug] GC(64)   from space 61440K, 5% used [0x00000007f8380000,0x00000007f86c0000,0x00000007fbf80000)
[2021-07-20T13:30:02.766+0000][118.276s][2294560][2294576][debug] GC(64)   to   space 57344K, 0% used [0x00000007fc800000,0x00000007fc800000,0x0000000800000000)
[2021-07-20T13:30:02.766+0000][118.276s][2294560][2294576][debug] GC(64)  ParOldGen       total 5592576K, used 3893199K [0x0000000600000000, 0x0000000755580000, 0x0000000755580000)
[2021-07-20T13:30:02.766+0000][118.276s][2294560][2294576][debug] GC(64)   object space 5592576K, 69% used [0x0000000600000000,0x00000006ed9f3d80,0x0000000755580000)
[2021-07-20T13:30:02.766+0000][118.276s][2294560][2294576][debug] GC(64)  Metaspace       used 50761K, committed 51136K, reserved 1097728K
[2021-07-20T13:30:02.766+0000][118.276s][2294560][2294576][debug] GC(64)   class space    used 6274K, committed 6464K, reserved 1048576K
[2021-07-20T13:30:02.767+0000][118.277s][2294560][2294576][info ] Safepoint "ParallelGCFailedAllocation", Time since last: 998843575 ns, Reaching safepoint: 162231 ns, At safepoint: 21905737 ns, Total: 22067968 ns
[2021-07-20T13:30:03.759+0000][119.269s][2294560][2294576][debug] GC(65) Heap before GC invocations=66 (full 2):
[2021-07-20T13:30:03.759+0000][119.269s][2294560][2294576][debug] GC(65)  PSYoungGen      total 2729984K, used 2671872K [0x0000000755580000, 0x0000000800000000, 0x0000000800000000)
[2021-07-20T13:30:03.759+0000][119.269s][2294560][2294576][debug] GC(65)   eden space 2668544K, 100% used [0x0000000755580000,0x00000007f8380000,0x00000007f8380000)
[2021-07-20T13:30:03.759+0000][119.269s][2294560][2294576][debug] GC(65)   from space 61440K, 5% used [0x00000007f8380000,0x00000007f86c0000,0x00000007fbf80000)
[2021-07-20T13:30:03.759+0000][119.269s][2294560][2294576][debug] GC(65)   to   space 57344K, 0% used [0x00000007fc800000,0x00000007fc800000,0x0000000800000000)
[2021-07-20T13:30:03.759+0000][119.269s][2294560][2294576][debug] GC(65)  ParOldGen       total 5592576K, used 3893199K [0x0000000600000000, 0x0000000755580000, 0x0000000755580000)
[2021-07-20T13:30:03.759+0000][119.269s][2294560][2294576][debug] GC(65)   object space 5592576K, 69% used [0x0000000600000000,0x00000006ed9f3d80,0x0000000755580000)
[2021-07-20T13:30:03.759+0000][119.269s][2294560][2294576][debug] GC(65)  Metaspace       used 50761K, committed 51136K, reserved 1097728K
[2021-07-20T13:30:03.759+0000][119.269s][2294560][2294576][debug] GC(65)   class space    used 6274K, committed 6464K, reserved 1048576K
[2021-07-20T13:30:03.783+0000][119.293s][2294560][2294576][debug] GC(65) Desired survivor size 54525952 bytes, new threshold 1 (max threshold 15)
[2021-07-20T13:30:03.783+0000][119.293s][2294560][2294576][debug] GC(65) Running ParallelGC PreTouch tail with 5 workers for 5 work units pre-touching 17301504B.
[2021-07-20T13:30:03.783+0000][119.293s][2294560][2294576][debug] GC(65) Running ParallelGC PreTouch tail with 3 workers for 3 work units pre-touching 8912896B.
[2021-07-20T13:30:03.783+0000][119.293s][2294560][2294576][info ] GC(65) PSYoungGen: 2671872K(2729984K)->6656K(2742784K) Eden: 2668544K(2668544K)->0K(2685440K) From: 3328K(61440K)->6656K(57344K)
[2021-07-20T13:30:03.783+0000][119.293s][2294560][2294576][info ] GC(65) ParOldGen: 3893199K(5592576K)->3895151K(5592576K)
[2021-07-20T13:30:03.783+0000][119.293s][2294560][2294576][info ] GC(65) Pause Young (Allocation Failure) 6411M->3810M(8140M) 24.434ms
[2021-07-20T13:30:03.783+0000][119.293s][2294560][2294576][debug] GC(65) Heap after GC invocations=66 (full 2):
[2021-07-20T13:30:03.783+0000][119.293s][2294560][2294576][debug] GC(65)  PSYoungGen      total 2742784K, used 6656K [0x0000000755580000, 0x0000000800000000, 0x0000000800000000)
[2021-07-20T13:30:03.784+0000][119.293s][2294560][2294576][debug] GC(65)   eden space 2685440K, 0% used [0x0000000755580000,0x0000000755580000,0x00000007f9400000)
[2021-07-20T13:30:03.784+0000][119.293s][2294560][2294576][debug] GC(65)   from space 57344K, 11% used [0x00000007fc800000,0x00000007fce80000,0x0000000800000000)
[2021-07-20T13:30:03.784+0000][119.293s][2294560][2294576][debug] GC(65)   to   space 53248K, 0% used [0x00000007f9400000,0x00000007f9400000,0x00000007fc800000)
[2021-07-20T13:30:03.784+0000][119.293s][2294560][2294576][debug] GC(65)  ParOldGen       total 5592576K, used 3895151K [0x0000000600000000, 0x0000000755580000, 0x0000000755580000)
[2021-07-20T13:30:03.784+0000][119.293s][2294560][2294576][debug] GC(65)   object space 5592576K, 69% used [0x0000000600000000,0x00000006edbdbd80,0x0000000755580000)
[2021-07-20T13:30:03.784+0000][119.294s][2294560][2294576][debug] GC(65)  Metaspace       used 50761K, committed 51136K, reserved 1097728K
[2021-07-20T13:30:03.784+0000][119.294s][2294560][2294576][debug] GC(65)   class space    used 6274K, committed 6464K, reserved 1048576K
[2021-07-20T13:30:03.784+0000][119.294s][2294560][2294576][info ] Safepoint "ParallelGCFailedAllocation", Time since last: 992013980 ns, Reaching safepoint: 154120 ns, At safepoint: 24837411 ns, Total: 24991531 ns
[2021-07-20T13:30:05.784+0000][121.294s][2294560][2294576][info ] Safepoint "Cleanup", Time since last: 2000234382 ns, Reaching safepoint: 177406 ns, At safepoint: 11801 ns, Total: 189207 ns
[2021-07-20T13:30:06.784+0000][122.294s][2294560][2294576][info ] Safepoint "Cleanup", Time since last: 1000157141 ns, Reaching safepoint: 98351 ns, At safepoint: 8987 ns, Total: 107338 ns
[2021-07-20T13:30:07.785+0000][123.295s][2294560][2294576][info ] Safepoint "Cleanup", Time since last: 1000127223 ns, Reaching safepoint: 83738 ns, At safepoint: 5166 ns, Total: 88904 ns
[2021-07-20T13:30:08.785+0000][124.295s][2294560][2294576][info ] Safepoint "Cleanup", Time since last: 1000126798 ns, Reaching safepoint: 181919 ns, At safepoint: 6842 ns, Total: 188761 ns
[2021-07-20T13:30:14.987+0000][130.497s][2294560][2294576][info ] Safepoint "Cleanup", Time since last: 6202416134 ns, Reaching safepoint: 99559 ns, At safepoint: 22454 ns, Total: 122013 ns
[2021-07-20T13:30:15.988+0000][131.498s][2294560][2294576][info ] Safepoint "Cleanup", Time since last: 1000106813 ns, Reaching safepoint: 95220 ns, At safepoint: 33550 ns, Total: 128770 ns
[2021-07-20T13:30:16.971+0000][132.481s][2294560][2294576][debug] GC(66) Heap before GC invocations=67 (full 2):
[2021-07-20T13:30:16.971+0000][132.481s][2294560][2294576][debug] GC(66)  PSYoungGen      total 2742784K, used 2692096K [0x0000000755580000, 0x0000000800000000, 0x0000000800000000)
[2021-07-20T13:30:16.971+0000][132.481s][2294560][2294576][debug] GC(66)   eden space 2685440K, 100% used [0x0000000755580000,0x00000007f9400000,0x00000007f9400000)
[2021-07-20T13:30:16.971+0000][132.481s][2294560][2294576][debug] GC(66)   from space 57344K, 11% used [0x00000007fc800000,0x00000007fce80000,0x0000000800000000)
[2021-07-20T13:30:16.971+0000][132.481s][2294560][2294576][debug] GC(66)   to   space 53248K, 0% used [0x00000007f9400000,0x00000007f9400000,0x00000007fc800000)
[2021-07-20T13:30:16.971+0000][132.481s][2294560][2294576][debug] GC(66)  ParOldGen       total 5592576K, used 3895151K [0x0000000600000000, 0x0000000755580000, 0x0000000755580000)
[2021-07-20T13:30:16.971+0000][132.481s][2294560][2294576][debug] GC(66)   object space 5592576K, 69% used [0x0000000600000000,0x00000006edbdbd80,0x0000000755580000)
[2021-07-20T13:30:16.971+0000][132.481s][2294560][2294576][debug] GC(66)  Metaspace       used 50830K, committed 51264K, reserved 1097728K
[2021-07-20T13:30:16.971+0000][132.481s][2294560][2294576][debug] GC(66)   class space    used 6274K, committed 6464K, reserved 1048576K
[2021-07-20T13:30:16.998+0000][132.508s][2294560][2294576][debug] GC(66) Desired survivor size 50331648 bytes, new threshold 1 (max threshold 15)
[2021-07-20T13:30:16.998+0000][132.508s][2294560][2294576][info ] GC(66) PSYoungGen: 2692096K(2742784K)->6848K(2738688K) Eden: 2685440K(2685440K)->0K(2685440K) From: 6656K(57344K)->6848K(53248K)
[2021-07-20T13:30:16.998+0000][132.508s][2294560][2294576][info ] GC(66) ParOldGen: 3895151K(5592576K)->3900647K(5592576K)
[2021-07-20T13:30:16.998+0000][132.508s][2294560][2294576][info ] GC(66) Pause Young (Allocation Failure) 6432M->3815M(8136M) 26.845ms
[2021-07-20T13:30:16.998+0000][132.508s][2294560][2294576][debug] GC(66) Heap after GC invocations=67 (full 2):
[2021-07-20T13:30:16.998+0000][132.508s][2294560][2294576][debug] GC(66)  PSYoungGen      total 2738688K, used 6848K [0x0000000755580000, 0x0000000800000000, 0x0000000800000000)
[2021-07-20T13:30:16.998+0000][132.508s][2294560][2294576][debug] GC(66)   eden space 2685440K, 0% used [0x0000000755580000,0x0000000755580000,0x00000007f9400000)
[2021-07-20T13:30:16.998+0000][132.508s][2294560][2294576][debug] GC(66)   from space 53248K, 12% used [0x00000007f9400000,0x00000007f9ab0000,0x00000007fc800000)
[2021-07-20T13:30:16.998+0000][132.508s][2294560][2294576][debug] GC(66)   to   space 49152K, 0% used [0x00000007fd000000,0x00000007fd000000,0x0000000800000000)
[2021-07-20T13:30:16.998+0000][132.508s][2294560][2294576][debug] GC(66)  ParOldGen       total 5592576K, used 3900647K [0x0000000600000000, 0x0000000755580000, 0x0000000755580000)
[2021-07-20T13:30:16.998+0000][132.508s][2294560][2294576][debug] GC(66)   object space 5592576K, 69% used [0x0000000600000000,0x00000006ee139d80,0x0000000755580000)
[2021-07-20T13:30:16.998+0000][132.508s][2294560][2294576][debug] GC(66)  Metaspace       used 50830K, committed 51264K, reserved 1097728K
[2021-07-20T13:30:16.998+0000][132.508s][2294560][2294576][debug] GC(66)   class space    used 6274K, committed 6464K, reserved 1048576K
[2021-07-20T13:30:16.998+0000][132.508s][2294560][2294576][info ] Safepoint "ParallelGCFailedAllocation", Time since last: 983047695 ns, Reaching safepoint: 155931 ns, At safepoint: 27233408 ns, Total: 27389339 ns
[2021-07-20T13:30:17.999+0000][133.509s][2294560][2294576][info ] Safepoint "Cleanup", Time since last: 1000117076 ns, Reaching safepoint: 159640 ns, At safepoint: 113637 ns, Total: 273277 ns
[2021-07-20T13:30:18.061+0000][133.571s][2294560][2294576][debug] GC(67) Heap before GC invocations=68 (full 2):
[2021-07-20T13:30:18.061+0000][133.571s][2294560][2294576][debug] GC(67)  PSYoungGen      total 2738688K, used 2692288K [0x0000000755580000, 0x0000000800000000, 0x0000000800000000)
[2021-07-20T13:30:18.061+0000][133.571s][2294560][2294576][debug] GC(67)   eden space 2685440K, 100% used [0x0000000755580000,0x00000007f9400000,0x00000007f9400000)
[2021-07-20T13:30:18.061+0000][133.571s][2294560][2294576][debug] GC(67)   from space 53248K, 12% used [0x00000007f9400000,0x00000007f9ab0000,0x00000007fc800000)
[2021-07-20T13:30:18.061+0000][133.571s][2294560][2294576][debug] GC(67)   to   space 49152K, 0% used [0x00000007fd000000,0x00000007fd000000,0x0000000800000000)
[2021-07-20T13:30:18.061+0000][133.571s][2294560][2294576][debug] GC(67)  ParOldGen       total 5592576K, used 3900647K [0x0000000600000000, 0x0000000755580000, 0x0000000755580000)
[2021-07-20T13:30:18.061+0000][133.571s][2294560][2294576][debug] GC(67)   object space 5592576K, 69% used [0x0000000600000000,0x00000006ee139d80,0x0000000755580000)
[2021-07-20T13:30:18.061+0000][133.571s][2294560][2294576][debug] GC(67)  Metaspace       used 50833K, committed 51264K, reserved 1097728K
[2021-07-20T13:30:18.061+0000][133.571s][2294560][2294576][debug] GC(67)   class space    used 6274K, committed 6464K, reserved 1048576K
[2021-07-20T13:30:18.087+0000][133.597s][2294560][2294576][debug] GC(67) Desired survivor size 46661632 bytes, new threshold 1 (max threshold 15)
[2021-07-20T13:30:18.087+0000][133.597s][2294560][2294576][debug] GC(67) Running ParallelGC PreTouch tail with 4 workers for 4 work units pre-touching 16252928B.
[2021-07-20T13:30:18.087+0000][133.597s][2294560][2294576][debug] GC(67) Running ParallelGC PreTouch tail with 2 workers for 2 work units pre-touching 8388608B.
[2021-07-20T13:30:18.087+0000][133.597s][2294560][2294576][info ] GC(67) PSYoungGen: 2692288K(2738688K)->6080K(2750464K) Eden: 2685440K(2685440K)->0K(2701312K) From: 6848K(53248K)->6080K(49152K)
[2021-07-20T13:30:18.087+0000][133.597s][2294560][2294576][info ] GC(67) ParOldGen: 3900647K(5592576K)->3906319K(5592576K)
[2021-07-20T13:30:18.087+0000][133.597s][2294560][2294576][info ] GC(67) Pause Young (Allocation Failure) 6438M->3820M(8147M) 26.413ms
[2021-07-20T13:30:18.087+0000][133.597s][2294560][2294576][debug] GC(67) Heap after GC invocations=68 (full 2):
[2021-07-20T13:30:18.087+0000][133.597s][2294560][2294576][debug] GC(67)  PSYoungGen      total 2750464K, used 6080K [0x0000000755580000, 0x0000000800000000, 0x0000000800000000)
[2021-07-20T13:30:18.087+0000][133.597s][2294560][2294576][debug] GC(67)   eden space 2701312K, 0% used [0x0000000755580000,0x0000000755580000,0x00000007fa380000)
[2021-07-20T13:30:18.087+0000][133.597s][2294560][2294576][debug] GC(67)   from space 49152K, 12% used [0x00000007fd000000,0x00000007fd5f0000,0x0000000800000000)
[2021-07-20T13:30:18.087+0000][133.597s][2294560][2294576][debug] GC(67)   to   space 45568K, 0% used [0x00000007fa380000,0x00000007fa380000,0x00000007fd000000)
[2021-07-20T13:30:18.087+0000][133.597s][2294560][2294576][debug] GC(67)  ParOldGen       total 5592576K, used 3906319K [0x0000000600000000, 0x0000000755580000, 0x0000000755580000)
[2021-07-20T13:30:18.087+0000][133.597s][2294560][2294576][debug] GC(67)   object space 5592576K, 69% used [0x0000000600000000,0x00000006ee6c3e10,0x0000000755580000)
[2021-07-20T13:30:18.087+0000][133.597s][2294560][2294576][debug] GC(67)  Metaspace       used 50833K, committed 51264K, reserved 1097728K
[2021-07-20T13:30:18.087+0000][133.597s][2294560][2294576][debug] GC(67)   class space    used 6274K, committed 6464K, reserved 1048576K
[2021-07-20T13:30:18.088+0000][133.598s][2294560][2294576][info ] Safepoint "ParallelGCFailedAllocation", Time since last: 62142176 ns, Reaching safepoint: 159700 ns, At safepoint: 26871739 ns, Total: 27031439 ns
[2021-07-20T13:30:19.133+0000][134.643s][2294560][2294576][debug] GC(68) Heap before GC invocations=69 (full 2):
[2021-07-20T13:30:19.133+0000][134.643s][2294560][2294576][debug] GC(68)  PSYoungGen      total 2750464K, used 2707392K [0x0000000755580000, 0x0000000800000000, 0x0000000800000000)
[2021-07-20T13:30:19.133+0000][134.643s][2294560][2294576][debug] GC(68)   eden space 2701312K, 100% used [0x0000000755580000,0x00000007fa380000,0x00000007fa380000)
[2021-07-20T13:30:19.133+0000][134.643s][2294560][2294576][debug] GC(68)   from space 49152K, 12% used [0x00000007fd000000,0x00000007fd5f0000,0x0000000800000000)
[2021-07-20T13:30:19.133+0000][134.643s][2294560][2294576][debug] GC(68)   to   space 45568K, 0% used [0x00000007fa380000,0x00000007fa380000,0x00000007fd000000)
[2021-07-20T13:30:19.133+0000][134.643s][2294560][2294576][debug] GC(68)  ParOldGen       total 5592576K, used 3906319K [0x0000000600000000, 0x0000000755580000, 0x0000000755580000)
[2021-07-20T13:30:19.133+0000][134.643s][2294560][2294576][debug] GC(68)   object space 5592576K, 69% used [0x0000000600000000,0x00000006ee6c3e10,0x0000000755580000)
[2021-07-20T13:30:19.133+0000][134.643s][2294560][2294576][debug] GC(68)  Metaspace       used 50834K, committed 51264K, reserved 1097728K
[2021-07-20T13:30:19.133+0000][134.643s][2294560][2294576][debug] GC(68)   class space    used 6274K, committed 6464K, reserved 1048576K
[2021-07-20T13:30:19.155+0000][134.665s][2294560][2294576][debug] GC(68) Desired survivor size 44040192 bytes, new threshold 1 (max threshold 15)
[2021-07-20T13:30:19.155+0000][134.665s][2294560][2294576][info ] GC(68) PSYoungGen: 2707392K(2750464K)->2752K(2746880K) Eden: 2701312K(2701312K)->0K(2701312K) From: 6080K(49152K)->2752K(45568K)
[2021-07-20T13:30:19.155+0000][134.665s][2294560][2294576][info ] GC(68) ParOldGen: 3906319K(5592576K)->3910375K(5592576K)
[2021-07-20T13:30:19.155+0000][134.665s][2294560][2294576][info ] GC(68) Pause Young (Allocation Failure) 6458M->3821M(8144M) 22.344ms
[2021-07-20T13:30:19.155+0000][134.665s][2294560][2294576][debug] GC(68) Heap after GC invocations=69 (full 2):
[2021-07-20T13:30:19.155+0000][134.665s][2294560][2294576][debug] GC(68)  PSYoungGen      total 2746880K, used 2752K [0x0000000755580000, 0x0000000800000000, 0x0000000800000000)
[2021-07-20T13:30:19.155+0000][134.665s][2294560][2294576][debug] GC(68)   eden space 2701312K, 0% used [0x0000000755580000,0x0000000755580000,0x00000007fa380000)
[2021-07-20T13:30:19.155+0000][134.665s][2294560][2294576][debug] GC(68)   from space 45568K, 6% used [0x00000007fa380000,0x00000007fa630000,0x00000007fd000000)
[2021-07-20T13:30:19.156+0000][134.665s][2294560][2294576][debug] GC(68)   to   space 43008K, 0% used [0x00000007fd600000,0x00000007fd600000,0x0000000800000000)
[2021-07-20T13:30:19.156+0000][134.665s][2294560][2294576][debug] GC(68)  ParOldGen       total 5592576K, used 3910375K [0x0000000600000000, 0x0000000755580000, 0x0000000755580000)
[2021-07-20T13:30:19.156+0000][134.666s][2294560][2294576][debug] GC(68)   object space 5592576K, 69% used [0x0000000600000000,0x00000006eeab9e10,0x0000000755580000)
[2021-07-20T13:30:19.156+0000][134.666s][2294560][2294576][debug] GC(68)  Metaspace       used 50834K, committed 51264K, reserved 1097728K
[2021-07-20T13:30:19.156+0000][134.666s][2294560][2294576][debug] GC(68)   class space    used 6274K, committed 6464K, reserved 1048576K
[2021-07-20T13:30:19.156+0000][134.666s][2294560][2294576][info ] Safepoint "ParallelGCFailedAllocation", Time since last: 1045090561 ns, Reaching safepoint: 160904 ns, At safepoint: 22818994 ns, Total: 22979898 ns
[2021-07-20T13:30:20.186+0000][135.696s][2294560][2294576][debug] GC(69) Heap before GC invocations=70 (full 2):
[2021-07-20T13:30:20.186+0000][135.696s][2294560][2294576][debug] GC(69)  PSYoungGen      total 2746880K, used 2704064K [0x0000000755580000, 0x0000000800000000, 0x0000000800000000)
[2021-07-20T13:30:20.186+0000][135.696s][2294560][2294576][debug] GC(69)   eden space 2701312K, 100% used [0x0000000755580000,0x00000007fa380000,0x00000007fa380000)
[2021-07-20T13:30:20.186+0000][135.696s][2294560][2294576][debug] GC(69)   from space 45568K, 6% used [0x00000007fa380000,0x00000007fa630000,0x00000007fd000000)
[2021-07-20T13:30:20.186+0000][135.696s][2294560][2294576][debug] GC(69)   to   space 43008K, 0% used [0x00000007fd600000,0x00000007fd600000,0x0000000800000000)
[2021-07-20T13:30:20.186+0000][135.696s][2294560][2294576][debug] GC(69)  ParOldGen       total 5592576K, used 3910375K [0x0000000600000000, 0x0000000755580000, 0x0000000755580000)
[2021-07-20T13:30:20.186+0000][135.696s][2294560][2294576][debug] GC(69)   object space 5592576K, 69% used [0x0000000600000000,0x00000006eeab9e10,0x0000000755580000)
[2021-07-20T13:30:20.186+0000][135.696s][2294560][2294576][debug] GC(69)  Metaspace       used 50834K, committed 51264K, reserved 1097728K
[2021-07-20T13:30:20.186+0000][135.696s][2294560][2294576][debug] GC(69)   class space    used 6274K, committed 6464K, reserved 1048576K
[2021-07-20T13:30:20.206+0000][135.716s][2294560][2294576][debug] GC(69) Desired survivor size 41418752 bytes, new threshold 1 (max threshold 15)
[2021-07-20T13:30:20.206+0000][135.716s][2294560][2294576][debug] GC(69) Running ParallelGC PreTouch tail with 3 workers for 3 work units pre-touching 11534336B.
[2021-07-20T13:30:20.206+0000][135.716s][2294560][2294576][debug] GC(69) Running ParallelGC PreTouch tail with 2 workers for 2 work units pre-touching 6291456B.
[2021-07-20T13:30:20.206+0000][135.716s][2294560][2294576][info ] GC(69) PSYoungGen: 2704064K(2746880K)->2944K(2755584K) Eden: 2701312K(2701312K)->0K(2712576K) From: 2752K(45568K)->2944K(43008K)
[2021-07-20T13:30:20.206+0000][135.716s][2294560][2294576][info ] GC(69) ParOldGen: 3910375K(5592576K)->3910943K(5592576K)
[2021-07-20T13:30:20.206+0000][135.716s][2294560][2294576][info ] GC(69) Pause Young (Allocation Failure) 6459M->3822M(8152M) 20.144ms
[2021-07-20T13:30:20.206+0000][135.716s][2294560][2294576][debug] GC(69) Heap after GC invocations=70 (full 2):
[2021-07-20T13:30:20.206+0000][135.716s][2294560][2294576][debug] GC(69)  PSYoungGen      total 2755584K, used 2944K [0x0000000755580000, 0x0000000800000000, 0x0000000800000000)
[2021-07-20T13:30:20.206+0000][135.716s][2294560][2294576][debug] GC(69)   eden space 2712576K, 0% used [0x0000000755580000,0x0000000755580000,0x00000007fae80000)
[2021-07-20T13:30:20.206+0000][135.716s][2294560][2294576][debug] GC(69)   from space 43008K, 6% used [0x00000007fd600000,0x00000007fd8e0000,0x0000000800000000)
[2021-07-20T13:30:20.206+0000][135.716s][2294560][2294576][debug] GC(69)   to   space 40448K, 0% used [0x00000007fae80000,0x00000007fae80000,0x00000007fd600000)
[2021-07-20T13:30:20.206+0000][135.716s][2294560][2294576][debug] GC(69)  ParOldGen       total 5592576K, used 3910943K [0x0000000600000000, 0x0000000755580000, 0x0000000755580000)
[2021-07-20T13:30:20.206+0000][135.716s][2294560][2294576][debug] GC(69)   object space 5592576K, 69% used [0x0000000600000000,0x00000006eeb47e10,0x0000000755580000)
[2021-07-20T13:30:20.206+0000][135.716s][2294560][2294576][debug] GC(69)  Metaspace       used 50834K, committed 51264K, reserved 1097728K
[2021-07-20T13:30:20.206+0000][135.716s][2294560][2294576][debug] GC(69)   class space    used 6274K, committed 6464K, reserved 1048576K
[2021-07-20T13:30:20.206+0000][135.716s][2294560][2294576][info ] Safepoint "ParallelGCFailedAllocation", Time since last: 1029933130 ns, Reaching safepoint: 131792 ns, At safepoint: 20605920 ns, Total: 20737712 ns
[2021-07-20T13:30:21.223+0000][136.733s][2294560][2294576][debug] GC(70) Heap before GC invocations=71 (full 2):
[2021-07-20T13:30:21.223+0000][136.733s][2294560][2294576][debug] GC(70)  PSYoungGen      total 2755584K, used 2715520K [0x0000000755580000, 0x0000000800000000, 0x0000000800000000)
[2021-07-20T13:30:21.223+0000][136.733s][2294560][2294576][debug] GC(70)   eden space 2712576K, 100% used [0x0000000755580000,0x00000007fae80000,0x00000007fae80000)
[2021-07-20T13:30:21.223+0000][136.733s][2294560][2294576][debug] GC(70)   from space 43008K, 6% used [0x00000007fd600000,0x00000007fd8e0000,0x0000000800000000)
[2021-07-20T13:30:21.223+0000][136.733s][2294560][2294576][debug] GC(70)   to   space 40448K, 0% used [0x00000007fae80000,0x00000007fae80000,0x00000007fd600000)
[2021-07-20T13:30:21.223+0000][136.733s][2294560][2294576][debug] GC(70)  ParOldGen       total 5592576K, used 3910943K [0x0000000600000000, 0x0000000755580000, 0x0000000755580000)
[2021-07-20T13:30:21.223+0000][136.733s][2294560][2294576][debug] GC(70)   object space 5592576K, 69% used [0x0000000600000000,0x00000006eeb47e10,0x0000000755580000)
[2021-07-20T13:30:21.223+0000][136.733s][2294560][2294576][debug] GC(70)  Metaspace       used 50834K, committed 51264K, reserved 1097728K
[2021-07-20T13:30:21.223+0000][136.733s][2294560][2294576][debug] GC(70)   class space    used 6274K, committed 6464K, reserved 1048576K
[2021-07-20T13:30:21.244+0000][136.754s][2294560][2294576][debug] GC(70) Desired survivor size 38797312 bytes, new threshold 1 (max threshold 15)
[2021-07-20T13:30:21.244+0000][136.754s][2294560][2294576][info ] GC(70) PSYoungGen: 2715520K(2755584K)->3392K(2753024K) Eden: 2712576K(2712576K)->0K(2712576K) From: 2944K(43008K)->3392K(40448K)
[2021-07-20T13:30:21.244+0000][136.754s][2294560][2294576][info ] GC(70) ParOldGen: 3910943K(5592576K)->3911623K(5592576K)
[2021-07-20T13:30:21.244+0000][136.754s][2294560][2294576][info ] GC(70) Pause Young (Allocation Failure) 6471M->3823M(8150M) 20.412ms
[2021-07-20T13:30:21.244+0000][136.754s][2294560][2294576][debug] GC(70) Heap after GC invocations=71 (full 2):
[2021-07-20T13:30:21.244+0000][136.754s][2294560][2294576][debug] GC(70)  PSYoungGen      total 2753024K, used 3392K [0x0000000755580000, 0x0000000800000000, 0x0000000800000000)
[2021-07-20T13:30:21.244+0000][136.754s][2294560][2294576][debug] GC(70)   eden space 2712576K, 0% used [0x0000000755580000,0x0000000755580000,0x00000007fae80000)
[2021-07-20T13:30:21.244+0000][136.754s][2294560][2294576][debug] GC(70)   from space 40448K, 8% used [0x00000007fae80000,0x00000007fb1d0000,0x00000007fd600000)
[2021-07-20T13:30:21.244+0000][136.754s][2294560][2294576][debug] GC(70)   to   space 37888K, 0% used [0x00000007fdb00000,0x00000007fdb00000,0x0000000800000000)
[2021-07-20T13:30:21.244+0000][136.754s][2294560][2294576][debug] GC(70)  ParOldGen       total 5592576K, used 3911623K [0x0000000600000000, 0x0000000755580000, 0x0000000755580000)
[2021-07-20T13:30:21.244+0000][136.754s][2294560][2294576][debug] GC(70)   object space 5592576K, 69% used [0x0000000600000000,0x00000006eebf1e10,0x0000000755580000)
[2021-07-20T13:30:21.244+0000][136.754s][2294560][2294576][debug] GC(70)  Metaspace       used 50834K, committed 51264K, reserved 1097728K
[2021-07-20T13:30:21.244+0000][136.754s][2294560][2294576][debug] GC(70)   class space    used 6274K, committed 6464K, reserved 1048576K
[2021-07-20T13:30:21.244+0000][136.754s][2294560][2294576][info ] Safepoint "ParallelGCFailedAllocation", Time since last: 1016596924 ns, Reaching safepoint: 155907 ns, At safepoint: 20829554 ns, Total: 20985461 ns
[2021-07-20T13:30:22.244+0000][137.754s][2294560][2294576][info ] Safepoint "Cleanup", Time since last: 1000068469 ns, Reaching safepoint: 97861 ns, At safepoint: 101149 ns, Total: 199010 ns
[2021-07-20T13:30:22.270+0000][137.780s][2294560][2294576][debug] GC(71) Heap before GC invocations=72 (full 2):
[2021-07-20T13:30:22.270+0000][137.780s][2294560][2294576][debug] GC(71)  PSYoungGen      total 2753024K, used 2715968K [0x0000000755580000, 0x0000000800000000, 0x0000000800000000)
[2021-07-20T13:30:22.270+0000][137.780s][2294560][2294576][debug] GC(71)   eden space 2712576K, 100% used [0x0000000755580000,0x00000007fae80000,0x00000007fae80000)
[2021-07-20T13:30:22.270+0000][137.780s][2294560][2294576][debug] GC(71)   from space 40448K, 8% used [0x00000007fae80000,0x00000007fb1d0000,0x00000007fd600000)
[2021-07-20T13:30:22.270+0000][137.780s][2294560][2294576][debug] GC(71)   to   space 37888K, 0% used [0x00000007fdb00000,0x00000007fdb00000,0x0000000800000000)
[2021-07-20T13:30:22.270+0000][137.780s][2294560][2294576][debug] GC(71)  ParOldGen       total 5592576K, used 3911623K [0x0000000600000000, 0x0000000755580000, 0x0000000755580000)
[2021-07-20T13:30:22.270+0000][137.780s][2294560][2294576][debug] GC(71)   object space 5592576K, 69% used [0x0000000600000000,0x00000006eebf1e10,0x0000000755580000)
[2021-07-20T13:30:22.270+0000][137.780s][2294560][2294576][debug] GC(71)  Metaspace       used 50834K, committed 51264K, reserved 1097728K
[2021-07-20T13:30:22.270+0000][137.780s][2294560][2294576][debug] GC(71)   class space    used 6274K, committed 6464K, reserved 1048576K
[2021-07-20T13:30:22.290+0000][137.800s][2294560][2294576][debug] GC(71) Desired survivor size 36700160 bytes, new threshold 1 (max threshold 15)
[2021-07-20T13:30:22.290+0000][137.800s][2294560][2294576][debug] GC(71) Running ParallelGC PreTouch tail with 3 workers for 3 work units pre-touching 9961472B.
[2021-07-20T13:30:22.290+0000][137.800s][2294560][2294576][debug] GC(71) Running ParallelGC PreTouch tail with 2 workers for 2 work units pre-touching 5242880B.
[2021-07-20T13:30:22.290+0000][137.800s][2294560][2294576][info ] GC(71) PSYoungGen: 2715968K(2753024K)->3168K(2760192K) Eden: 2712576K(2712576K)->0K(2722304K) From: 3392K(40448K)->3168K(37888K)
[2021-07-20T13:30:22.290+0000][137.800s][2294560][2294576][info ] GC(71) ParOldGen: 3911623K(5592576K)->3912807K(5592576K)
[2021-07-20T13:30:22.290+0000][137.800s][2294560][2294576][info ] GC(71) Pause Young (Allocation Failure) 6472M->3824M(8157M) 19.992ms
[2021-07-20T13:30:22.290+0000][137.800s][2294560][2294576][debug] GC(71) Heap after GC invocations=72 (full 2):
[2021-07-20T13:30:22.290+0000][137.800s][2294560][2294576][debug] GC(71)  PSYoungGen      total 2760192K, used 3168K [0x0000000755580000, 0x0000000800000000, 0x0000000800000000)
[2021-07-20T13:30:22.290+0000][137.800s][2294560][2294576][debug] GC(71)   eden space 2722304K, 0% used [0x0000000755580000,0x0000000755580000,0x00000007fb800000)
[2021-07-20T13:30:22.290+0000][137.800s][2294560][2294576][debug] GC(71)   from space 37888K, 8% used [0x00000007fdb00000,0x00000007fde18000,0x0000000800000000)
[2021-07-20T13:30:22.290+0000][137.800s][2294560][2294576][debug] GC(71)   to   space 35840K, 0% used [0x00000007fb800000,0x00000007fb800000,0x00000007fdb00000)
[2021-07-20T13:30:22.290+0000][137.800s][2294560][2294576][debug] GC(71)  ParOldGen       total 5592576K, used 3912807K [0x0000000600000000, 0x0000000755580000, 0x0000000755580000)
[2021-07-20T13:30:22.290+0000][137.800s][2294560][2294576][debug] GC(71)   object space 5592576K, 69% used [0x0000000600000000,0x00000006eed19e10,0x0000000755580000)
[2021-07-20T13:30:22.290+0000][137.800s][2294560][2294576][debug] GC(71)  Metaspace       used 50834K, committed 51264K, reserved 1097728K
[2021-07-20T13:30:22.291+0000][137.800s][2294560][2294576][debug] GC(71)   class space    used 6274K, committed 6464K, reserved 1048576K
[2021-07-20T13:30:22.291+0000][137.801s][2294560][2294576][info ] Safepoint "ParallelGCFailedAllocation", Time since last: 25813997 ns, Reaching safepoint: 168934 ns, At safepoint: 20573724 ns, Total: 20742658 ns
[2021-07-20T13:30:23.353+0000][138.863s][2294560][2294576][debug] GC(72) Heap before GC invocations=73 (full 2):
[2021-07-20T13:30:23.353+0000][138.863s][2294560][2294576][debug] GC(72)  PSYoungGen      total 2760192K, used 2725472K [0x0000000755580000, 0x0000000800000000, 0x0000000800000000)
[2021-07-20T13:30:23.353+0000][138.863s][2294560][2294576][debug] GC(72)   eden space 2722304K, 100% used [0x0000000755580000,0x00000007fb800000,0x00000007fb800000)
[2021-07-20T13:30:23.353+0000][138.863s][2294560][2294576][debug] GC(72)   from space 37888K, 8% used [0x00000007fdb00000,0x00000007fde18000,0x0000000800000000)
[2021-07-20T13:30:23.353+0000][138.863s][2294560][2294576][debug] GC(72)   to   space 35840K, 0% used [0x00000007fb800000,0x00000007fb800000,0x00000007fdb00000)
[2021-07-20T13:30:23.353+0000][138.863s][2294560][2294576][debug] GC(72)  ParOldGen       total 5592576K, used 3912807K [0x0000000600000000, 0x0000000755580000, 0x0000000755580000)
[2021-07-20T13:30:23.353+0000][138.863s][2294560][2294576][debug] GC(72)   object space 5592576K, 69% used [0x0000000600000000,0x00000006eed19e10,0x0000000755580000)
[2021-07-20T13:30:23.353+0000][138.863s][2294560][2294576][debug] GC(72)  Metaspace       used 50834K, committed 51264K, reserved 1097728K
[2021-07-20T13:30:23.353+0000][138.863s][2294560][2294576][debug] GC(72)   class space    used 6274K, committed 6464K, reserved 1048576K
[2021-07-20T13:30:23.374+0000][138.884s][2294560][2294576][debug] GC(72) Desired survivor size 34078720 bytes, new threshold 1 (max threshold 15)
[2021-07-20T13:30:23.374+0000][138.884s][2294560][2294576][info ] GC(72) PSYoungGen: 2725472K(2760192K)->3104K(2758144K) Eden: 2722304K(2722304K)->0K(2722304K) From: 3168K(37888K)->3104K(35840K)
[2021-07-20T13:30:23.374+0000][138.884s][2294560][2294576][info ] GC(72) ParOldGen: 3912807K(5592576K)->3913919K(5592576K)
[2021-07-20T13:30:23.374+0000][138.884s][2294560][2294576][info ] GC(72) Pause Young (Allocation Failure) 6482M->3825M(8155M) 20.763ms
[2021-07-20T13:30:23.374+0000][138.884s][2294560][2294576][debug] GC(72) Heap after GC invocations=73 (full 2):
[2021-07-20T13:30:23.374+0000][138.884s][2294560][2294576][debug] GC(72)  PSYoungGen      total 2758144K, used 3104K [0x0000000755580000, 0x0000000800000000, 0x0000000800000000)
[2021-07-20T13:30:23.374+0000][138.884s][2294560][2294576][debug] GC(72)   eden space 2722304K, 0% used [0x0000000755580000,0x0000000755580000,0x00000007fb800000)
[2021-07-20T13:30:23.374+0000][138.884s][2294560][2294576][debug] GC(72)   from space 35840K, 8% used [0x00000007fb800000,0x00000007fbb08000,0x00000007fdb00000)
[2021-07-20T13:30:23.374+0000][138.884s][2294560][2294576][debug] GC(72)   to   space 33280K, 0% used [0x00000007fdf80000,0x00000007fdf80000,0x0000000800000000)
[2021-07-20T13:30:23.374+0000][138.884s][2294560][2294576][debug] GC(72)  ParOldGen       total 5592576K, used 3913919K [0x0000000600000000, 0x0000000755580000, 0x0000000755580000)
[2021-07-20T13:30:23.374+0000][138.884s][2294560][2294576][debug] GC(72)   object space 5592576K, 69% used [0x0000000600000000,0x00000006eee2fe10,0x0000000755580000)
[2021-07-20T13:30:23.374+0000][138.884s][2294560][2294576][debug] GC(72)  Metaspace       used 50834K, committed 51264K, reserved 1097728K
[2021-07-20T13:30:23.374+0000][138.884s][2294560][2294576][debug] GC(72)   class space    used 6274K, committed 6464K, reserved 1048576K
[2021-07-20T13:30:23.374+0000][138.884s][2294560][2294576][info ] Safepoint "ParallelGCFailedAllocation", Time since last: 1061979912 ns, Reaching safepoint: 158080 ns, At safepoint: 21172709 ns, Total: 21330789 ns
[2021-07-20T13:30:24.375+0000][139.885s][2294560][2294576][info ] Safepoint "Cleanup", Time since last: 1000109326 ns, Reaching safepoint: 157190 ns, At safepoint: 155001 ns, Total: 312191 ns
[2021-07-20T13:30:24.396+0000][139.906s][2294560][2294576][debug] GC(73) Heap before GC invocations=74 (full 2):
[2021-07-20T13:30:24.396+0000][139.906s][2294560][2294576][debug] GC(73)  PSYoungGen      total 2758144K, used 2725408K [0x0000000755580000, 0x0000000800000000, 0x0000000800000000)
[2021-07-20T13:30:24.396+0000][139.906s][2294560][2294576][debug] GC(73)   eden space 2722304K, 100% used [0x0000000755580000,0x00000007fb800000,0x00000007fb800000)
[2021-07-20T13:30:24.396+0000][139.906s][2294560][2294576][debug] GC(73)   from space 35840K, 8% used [0x00000007fb800000,0x00000007fbb08000,0x00000007fdb00000)
[2021-07-20T13:30:24.396+0000][139.906s][2294560][2294576][debug] GC(73)   to   space 33280K, 0% used [0x00000007fdf80000,0x00000007fdf80000,0x0000000800000000)
[2021-07-20T13:30:24.396+0000][139.906s][2294560][2294576][debug] GC(73)  ParOldGen       total 5592576K, used 3913919K [0x0000000600000000, 0x0000000755580000, 0x0000000755580000)
[2021-07-20T13:30:24.396+0000][139.906s][2294560][2294576][debug] GC(73)   object space 5592576K, 69% used [0x0000000600000000,0x00000006eee2fe10,0x0000000755580000)
[2021-07-20T13:30:24.396+0000][139.906s][2294560][2294576][debug] GC(73)  Metaspace       used 50834K, committed 51264K, reserved 1097728K
[2021-07-20T13:30:24.396+0000][139.906s][2294560][2294576][debug] GC(73)   class space    used 6274K, committed 6464K, reserved 1048576K
[2021-07-20T13:30:24.417+0000][139.927s][2294560][2294576][debug] GC(73) Desired survivor size 31981568 bytes, new threshold 1 (max threshold 15)
[2021-07-20T13:30:24.417+0000][139.927s][2294560][2294576][debug] GC(73) Running ParallelGC PreTouch tail with 3 workers for 3 work units pre-touching 9437184B.
[2021-07-20T13:30:24.417+0000][139.927s][2294560][2294576][debug] GC(73) Running ParallelGC PreTouch tail with 2 workers for 2 work units pre-touching 4718592B.
[2021-07-20T13:30:24.417+0000][139.927s][2294560][2294576][info ] GC(73) PSYoungGen: 2725408K(2758144K)->3040K(2764800K) Eden: 2722304K(2722304K)->0K(2731520K) From: 3104K(35840K)->3040K(33280K)
[2021-07-20T13:30:24.417+0000][139.927s][2294560][2294576][info ] GC(73) ParOldGen: 3913919K(5592576K)->3914895K(5592576K)
[2021-07-20T13:30:24.417+0000][139.927s][2294560][2294576][info ] GC(73) Pause Young (Allocation Failure) 6483M->3826M(8161M) 20.572ms
[2021-07-20T13:30:24.417+0000][139.927s][2294560][2294576][debug] GC(73) Heap after GC invocations=74 (full 2):
[2021-07-20T13:30:24.417+0000][139.927s][2294560][2294576][debug] GC(73)  PSYoungGen      total 2764800K, used 3040K [0x0000000755580000, 0x0000000800000000, 0x0000000800000000)
[2021-07-20T13:30:24.417+0000][139.927s][2294560][2294576][debug] GC(73)   eden space 2731520K, 0% used [0x0000000755580000,0x0000000755580000,0x00000007fc100000)
[2021-07-20T13:30:24.417+0000][139.927s][2294560][2294576][debug] GC(73)   from space 33280K, 9% used [0x00000007fdf80000,0x00000007fe278000,0x0000000800000000)
[2021-07-20T13:30:24.417+0000][139.927s][2294560][2294576][debug] GC(73)   to   space 31232K, 0% used [0x00000007fc100000,0x00000007fc100000,0x00000007fdf80000)
[2021-07-20T13:30:24.417+0000][139.927s][2294560][2294576][debug] GC(73)  ParOldGen       total 5592576K, used 3914895K [0x0000000600000000, 0x0000000755580000, 0x0000000755580000)
[2021-07-20T13:30:24.417+0000][139.927s][2294560][2294576][debug] GC(73)   object space 5592576K, 70% used [0x0000000600000000,0x00000006eef23e10,0x0000000755580000)
[2021-07-20T13:30:24.417+0000][139.927s][2294560][2294576][debug] GC(73)  Metaspace       used 50834K, committed 51264K, reserved 1097728K
[2021-07-20T13:30:24.417+0000][139.927s][2294560][2294576][debug] GC(73)   class space    used 6274K, committed 6464K, reserved 1048576K
[2021-07-20T13:30:24.417+0000][139.927s][2294560][2294576][info ] Safepoint "ParallelGCFailedAllocation", Time since last: 21348312 ns, Reaching safepoint: 162293 ns, At safepoint: 21084039 ns, Total: 21246332 ns
[2021-07-20T13:30:25.450+0000][140.960s][2294560][2294576][debug] GC(74) Heap before GC invocations=75 (full 2):
[2021-07-20T13:30:25.450+0000][140.960s][2294560][2294576][debug] GC(74)  PSYoungGen      total 2764800K, used 2734560K [0x0000000755580000, 0x0000000800000000, 0x0000000800000000)
[2021-07-20T13:30:25.450+0000][140.960s][2294560][2294576][debug] GC(74)   eden space 2731520K, 100% used [0x0000000755580000,0x00000007fc100000,0x00000007fc100000)
[2021-07-20T13:30:25.450+0000][140.960s][2294560][2294576][debug] GC(74)   from space 33280K, 9% used [0x00000007fdf80000,0x00000007fe278000,0x0000000800000000)
[2021-07-20T13:30:25.450+0000][140.960s][2294560][2294576][debug] GC(74)   to   space 31232K, 0% used [0x00000007fc100000,0x00000007fc100000,0x00000007fdf80000)
[2021-07-20T13:30:25.450+0000][140.960s][2294560][2294576][debug] GC(74)  ParOldGen       total 5592576K, used 3914895K [0x0000000600000000, 0x0000000755580000, 0x0000000755580000)
[2021-07-20T13:30:25.450+0000][140.960s][2294560][2294576][debug] GC(74)   object space 5592576K, 70% used [0x0000000600000000,0x00000006eef23e10,0x0000000755580000)
[2021-07-20T13:30:25.450+0000][140.960s][2294560][2294576][debug] GC(74)  Metaspace       used 50834K, committed 51264K, reserved 1097728K
[2021-07-20T13:30:25.450+0000][140.960s][2294560][2294576][debug] GC(74)   class space    used 6274K, committed 6464K, reserved 1048576K
[2021-07-20T13:30:25.471+0000][140.981s][2294560][2294576][debug] GC(74) Desired survivor size 29884416 bytes, new threshold 1 (max threshold 15)
[2021-07-20T13:30:25.471+0000][140.981s][2294560][2294576][info ] GC(74) PSYoungGen: 2734560K(2764800K)->3520K(2762752K) Eden: 2731520K(2731520K)->0K(2731520K) From: 3040K(33280K)->3520K(31232K)
[2021-07-20T13:30:25.471+0000][140.981s][2294560][2294576][info ] GC(74) ParOldGen: 3914895K(5592576K)->3915767K(5592576K)
[2021-07-20T13:30:25.471+0000][140.981s][2294560][2294576][info ] GC(74) Pause Young (Allocation Failure) 6493M->3827M(8159M) 20.939ms
[2021-07-20T13:30:25.471+0000][140.981s][2294560][2294576][debug] GC(74) Heap after GC invocations=75 (full 2):
[2021-07-20T13:30:25.471+0000][140.981s][2294560][2294576][debug] GC(74)  PSYoungGen      total 2762752K, used 3520K [0x0000000755580000, 0x0000000800000000, 0x0000000800000000)
[2021-07-20T13:30:25.471+0000][140.981s][2294560][2294576][debug] GC(74)   eden space 2731520K, 0% used [0x0000000755580000,0x0000000755580000,0x00000007fc100000)
[2021-07-20T13:30:25.471+0000][140.981s][2294560][2294576][debug] GC(74)   from space 31232K, 11% used [0x00000007fc100000,0x00000007fc470000,0x00000007fdf80000)
[2021-07-20T13:30:25.471+0000][140.981s][2294560][2294576][debug] GC(74)   to   space 29184K, 0% used [0x00000007fe380000,0x00000007fe380000,0x0000000800000000)
[2021-07-20T13:30:25.471+0000][140.981s][2294560][2294576][debug] GC(74)  ParOldGen       total 5592576K, used 3915767K [0x0000000600000000, 0x0000000755580000, 0x0000000755580000)
[2021-07-20T13:30:25.471+0000][140.981s][2294560][2294576][debug] GC(74)   object space 5592576K, 70% used [0x0000000600000000,0x00000006eeffde10,0x0000000755580000)
[2021-07-20T13:30:25.471+0000][140.981s][2294560][2294576][debug] GC(74)  Metaspace       used 50834K, committed 51264K, reserved 1097728K
[2021-07-20T13:30:25.471+0000][140.981s][2294560][2294576][debug] GC(74)   class space    used 6274K, committed 6464K, reserved 1048576K
[2021-07-20T13:30:25.471+0000][140.981s][2294560][2294576][info ] Safepoint "ParallelGCFailedAllocation", Time since last: 1032664509 ns, Reaching safepoint: 158112 ns, At safepoint: 21341884 ns, Total: 21499996 ns
[2021-07-20T13:30:26.472+0000][141.982s][2294560][2294576][info ] Safepoint "Cleanup", Time since last: 1000189689 ns, Reaching safepoint: 157918 ns, At safepoint: 139907 ns, Total: 297825 ns
[2021-07-20T13:30:26.497+0000][142.007s][2294560][2294576][debug] GC(75) Heap before GC invocations=76 (full 2):
[2021-07-20T13:30:26.497+0000][142.007s][2294560][2294576][debug] GC(75)  PSYoungGen      total 2762752K, used 2735040K [0x0000000755580000, 0x0000000800000000, 0x0000000800000000)
[2021-07-20T13:30:26.497+0000][142.007s][2294560][2294576][debug] GC(75)   eden space 2731520K, 100% used [0x0000000755580000,0x00000007fc100000,0x00000007fc100000)
[2021-07-20T13:30:26.497+0000][142.007s][2294560][2294576][debug] GC(75)   from space 31232K, 11% used [0x00000007fc100000,0x00000007fc470000,0x00000007fdf80000)
[2021-07-20T13:30:26.498+0000][142.007s][2294560][2294576][debug] GC(75)   to   space 29184K, 0% used [0x00000007fe380000,0x00000007fe380000,0x0000000800000000)
[2021-07-20T13:30:26.498+0000][142.007s][2294560][2294576][debug] GC(75)  ParOldGen       total 5592576K, used 3915767K [0x0000000600000000, 0x0000000755580000, 0x0000000755580000)
[2021-07-20T13:30:26.498+0000][142.007s][2294560][2294576][debug] GC(75)   object space 5592576K, 70% used [0x0000000600000000,0x00000006eeffde10,0x0000000755580000)
[2021-07-20T13:30:26.498+0000][142.007s][2294560][2294576][debug] GC(75)  Metaspace       used 50835K, committed 51264K, reserved 1097728K
[2021-07-20T13:30:26.498+0000][142.007s][2294560][2294576][debug] GC(75)   class space    used 6274K, committed 6464K, reserved 1048576K
[2021-07-20T13:30:26.518+0000][142.028s][2294560][2294576][debug] GC(75) Desired survivor size 28311552 bytes, new threshold 1 (max threshold 15)
[2021-07-20T13:30:26.518+0000][142.028s][2294560][2294576][debug] GC(75) Running ParallelGC PreTouch tail with 2 workers for 2 work units pre-touching 7864320B.
[2021-07-20T13:30:26.519+0000][142.028s][2294560][2294576][debug] GC(75) Running ParallelGC PreTouch tail with 1 workers for 1 work units pre-touching 4194304B.
[2021-07-20T13:30:26.519+0000][142.029s][2294560][2294576][info ] GC(75) PSYoungGen: 2735040K(2762752K)->3168K(2768384K) Eden: 2731520K(2731520K)->0K(2739200K) From: 3520K(31232K)->3168K(29184K)
[2021-07-20T13:30:26.519+0000][142.029s][2294560][2294576][info ] GC(75) ParOldGen: 3915767K(5592576K)->3917023K(5592576K)
[2021-07-20T13:30:26.519+0000][142.029s][2294560][2294576][info ] GC(75) Pause Young (Allocation Failure) 6494M->3828M(8165M) 21.098ms
[2021-07-20T13:30:26.519+0000][142.029s][2294560][2294576][debug] GC(75) Heap after GC invocations=76 (full 2):
[2021-07-20T13:30:26.519+0000][142.029s][2294560][2294576][debug] GC(75)  PSYoungGen      total 2768384K, used 3168K [0x0000000755580000, 0x0000000800000000, 0x0000000800000000)
[2021-07-20T13:30:26.519+0000][142.029s][2294560][2294576][debug] GC(75)   eden space 2739200K, 0% used [0x0000000755580000,0x0000000755580000,0x00000007fc880000)
[2021-07-20T13:30:26.519+0000][142.029s][2294560][2294576][debug] GC(75)   from space 29184K, 10% used [0x00000007fe380000,0x00000007fe698000,0x0000000800000000)
[2021-07-20T13:30:26.519+0000][142.029s][2294560][2294576][debug] GC(75)   to   space 27648K, 0% used [0x00000007fc880000,0x00000007fc880000,0x00000007fe380000)
[2021-07-20T13:30:26.519+0000][142.029s][2294560][2294576][debug] GC(75)  ParOldGen       total 5592576K, used 3917023K [0x0000000600000000, 0x0000000755580000, 0x0000000755580000)
[2021-07-20T13:30:26.519+0000][142.029s][2294560][2294576][debug] GC(75)   object space 5592576K, 70% used [0x0000000600000000,0x00000006ef137e10,0x0000000755580000)
[2021-07-20T13:30:26.519+0000][142.029s][2294560][2294576][debug] GC(75)  Metaspace       used 50835K, committed 51264K, reserved 1097728K
[2021-07-20T13:30:26.519+0000][142.029s][2294560][2294576][debug] GC(75)   class space    used 6274K, committed 6464K, reserved 1048576K
[2021-07-20T13:30:26.519+0000][142.029s][2294560][2294576][info ] Safepoint "ParallelGCFailedAllocation", Time since last: 25482529 ns, Reaching safepoint: 94052 ns, At safepoint: 21559198 ns, Total: 21653250 ns
[2021-07-20T13:30:27.519+0000][143.029s][2294560][2294576][info ] Safepoint "Cleanup", Time since last: 1000095662 ns, Reaching safepoint: 158651 ns, At safepoint: 110127 ns, Total: 268778 ns
[2021-07-20T13:30:27.551+0000][143.061s][2294560][2294576][debug] GC(76) Heap before GC invocations=77 (full 2):
[2021-07-20T13:30:27.551+0000][143.061s][2294560][2294576][debug] GC(76)  PSYoungGen      total 2768384K, used 2742368K [0x0000000755580000, 0x0000000800000000, 0x0000000800000000)
[2021-07-20T13:30:27.551+0000][143.061s][2294560][2294576][debug] GC(76)   eden space 2739200K, 100% used [0x0000000755580000,0x00000007fc880000,0x00000007fc880000)
[2021-07-20T13:30:27.551+0000][143.061s][2294560][2294576][debug] GC(76)   from space 29184K, 10% used [0x00000007fe380000,0x00000007fe698000,0x0000000800000000)
[2021-07-20T13:30:27.551+0000][143.061s][2294560][2294576][debug] GC(76)   to   space 27648K, 0% used [0x00000007fc880000,0x00000007fc880000,0x00000007fe380000)
[2021-07-20T13:30:27.551+0000][143.061s][2294560][2294576][debug] GC(76)  ParOldGen       total 5592576K, used 3917023K [0x0000000600000000, 0x0000000755580000, 0x0000000755580000)
[2021-07-20T13:30:27.551+0000][143.061s][2294560][2294576][debug] GC(76)   object space 5592576K, 70% used [0x0000000600000000,0x00000006ef137e10,0x0000000755580000)
[2021-07-20T13:30:27.551+0000][143.061s][2294560][2294576][debug] GC(76)  Metaspace       used 50835K, committed 51264K, reserved 1097728K
[2021-07-20T13:30:27.551+0000][143.061s][2294560][2294576][debug] GC(76)   class space    used 6274K, committed 6464K, reserved 1048576K
[2021-07-20T13:30:27.571+0000][143.081s][2294560][2294576][debug] GC(76) Desired survivor size 26214400 bytes, new threshold 1 (max threshold 15)
[2021-07-20T13:30:27.572+0000][143.081s][2294560][2294576][info ] GC(76) PSYoungGen: 2742368K(2768384K)->4032K(2766848K) Eden: 2739200K(2739200K)->0K(2739200K) From: 3168K(29184K)->4032K(27648K)
[2021-07-20T13:30:27.572+0000][143.081s][2294560][2294576][info ] GC(76) ParOldGen: 3917023K(5592576K)->3918431K(5592576K)
[2021-07-20T13:30:27.572+0000][143.082s][2294560][2294576][info ] GC(76) Pause Young (Allocation Failure) 6503M->3830M(8163M) 20.862ms
[2021-07-20T13:30:27.572+0000][143.082s][2294560][2294576][debug] GC(76) Heap after GC invocations=77 (full 2):
[2021-07-20T13:30:27.572+0000][143.082s][2294560][2294576][debug] GC(76)  PSYoungGen      total 2766848K, used 4032K [0x0000000755580000, 0x0000000800000000, 0x0000000800000000)
[2021-07-20T13:30:27.572+0000][143.082s][2294560][2294576][debug] GC(76)   eden space 2739200K, 0% used [0x0000000755580000,0x0000000755580000,0x00000007fc880000)
[2021-07-20T13:30:27.572+0000][143.082s][2294560][2294576][debug] GC(76)   from space 27648K, 14% used [0x00000007fc880000,0x00000007fcc70000,0x00000007fe380000)
[2021-07-20T13:30:27.572+0000][143.082s][2294560][2294576][debug] GC(76)   to   space 25600K, 0% used [0x00000007fe700000,0x00000007fe700000,0x0000000800000000)
[2021-07-20T13:30:27.572+0000][143.082s][2294560][2294576][debug] GC(76)  ParOldGen       total 5592576K, used 3918431K [0x0000000600000000, 0x0000000755580000, 0x0000000755580000)
[2021-07-20T13:30:27.572+0000][143.082s][2294560][2294576][debug] GC(76)   object space 5592576K, 70% used [0x0000000600000000,0x00000006ef297e10,0x0000000755580000)
[2021-07-20T13:30:27.572+0000][143.082s][2294560][2294576][debug] GC(76)  Metaspace       used 50835K, committed 51264K, reserved 1097728K
[2021-07-20T13:30:27.572+0000][143.082s][2294560][2294576][debug] GC(76)   class space    used 6274K, committed 6464K, reserved 1048576K
[2021-07-20T13:30:27.572+0000][143.082s][2294560][2294576][info ] Safepoint "ParallelGCFailedAllocation", Time since last: 31022307 ns, Reaching safepoint: 160272 ns, At safepoint: 21310930 ns, Total: 21471202 ns
[2021-07-20T13:30:28.606+0000][144.116s][2294560][2294576][debug] GC(77) Heap before GC invocations=78 (full 2):
[2021-07-20T13:30:28.606+0000][144.116s][2294560][2294576][debug] GC(77)  PSYoungGen      total 2766848K, used 2743232K [0x0000000755580000, 0x0000000800000000, 0x0000000800000000)
[2021-07-20T13:30:28.606+0000][144.116s][2294560][2294576][debug] GC(77)   eden space 2739200K, 100% used [0x0000000755580000,0x00000007fc880000,0x00000007fc880000)
[2021-07-20T13:30:28.606+0000][144.116s][2294560][2294576][debug] GC(77)   from space 27648K, 14% used [0x00000007fc880000,0x00000007fcc70000,0x00000007fe380000)
[2021-07-20T13:30:28.606+0000][144.116s][2294560][2294576][debug] GC(77)   to   space 25600K, 0% used [0x00000007fe700000,0x00000007fe700000,0x0000000800000000)
[2021-07-20T13:30:28.606+0000][144.116s][2294560][2294576][debug] GC(77)  ParOldGen       total 5592576K, used 3918431K [0x0000000600000000, 0x0000000755580000, 0x0000000755580000)
[2021-07-20T13:30:28.606+0000][144.116s][2294560][2294576][debug] GC(77)   object space 5592576K, 70% used [0x0000000600000000,0x00000006ef297e10,0x0000000755580000)
[2021-07-20T13:30:28.606+0000][144.116s][2294560][2294576][debug] GC(77)  Metaspace       used 50837K, committed 51264K, reserved 1097728K
[2021-07-20T13:30:28.606+0000][144.116s][2294560][2294576][debug] GC(77)   class space    used 6274K, committed 6464K, reserved 1048576K
[2021-07-20T13:30:28.629+0000][144.139s][2294560][2294576][debug] GC(77) Desired survivor size 24117248 bytes, new threshold 1 (max threshold 15)
[2021-07-20T13:30:28.629+0000][144.139s][2294560][2294576][debug] GC(77) Running ParallelGC PreTouch tail with 2 workers for 2 work units pre-touching 7864320B.
[2021-07-20T13:30:28.630+0000][144.140s][2294560][2294576][debug] GC(77) Running ParallelGC PreTouch tail with 1 workers for 1 work units pre-touching 3670016B.
[2021-07-20T13:30:28.630+0000][144.140s][2294560][2294576][info ] GC(77) PSYoungGen: 2743232K(2766848K)->4064K(2772480K) Eden: 2739200K(2739200K)->0K(2746880K) From: 4032K(27648K)->4064K(25600K)
[2021-07-20T13:30:28.630+0000][144.140s][2294560][2294576][info ] GC(77) ParOldGen: 3918431K(5592576K)->3921215K(5592576K)
[2021-07-20T13:30:28.630+0000][144.140s][2294560][2294576][info ] GC(77) Pause Young (Allocation Failure) 6505M->3833M(8169M) 23.140ms
[2021-07-20T13:30:28.630+0000][144.140s][2294560][2294576][debug] GC(77) Heap after GC invocations=78 (full 2):
[2021-07-20T13:30:28.630+0000][144.140s][2294560][2294576][debug] GC(77)  PSYoungGen      total 2772480K, used 4064K [0x0000000755580000, 0x0000000800000000, 0x0000000800000000)
[2021-07-20T13:30:28.630+0000][144.140s][2294560][2294576][debug] GC(77)   eden space 2746880K, 0% used [0x0000000755580000,0x0000000755580000,0x00000007fd000000)
[2021-07-20T13:30:28.630+0000][144.140s][2294560][2294576][debug] GC(77)   from space 25600K, 15% used [0x00000007fe700000,0x00000007feaf8000,0x0000000800000000)
[2021-07-20T13:30:28.630+0000][144.140s][2294560][2294576][debug] GC(77)   to   space 23552K, 0% used [0x00000007fd000000,0x00000007fd000000,0x00000007fe700000)
[2021-07-20T13:30:28.630+0000][144.140s][2294560][2294576][debug] GC(77)  ParOldGen       total 5592576K, used 3921215K [0x0000000600000000, 0x0000000755580000, 0x0000000755580000)
[2021-07-20T13:30:28.630+0000][144.140s][2294560][2294576][debug] GC(77)   object space 5592576K, 70% used [0x0000000600000000,0x00000006ef54fe10,0x0000000755580000)
[2021-07-20T13:30:28.630+0000][144.140s][2294560][2294576][debug] GC(77)  Metaspace       used 50837K, committed 51264K, reserved 1097728K
[2021-07-20T13:30:28.630+0000][144.140s][2294560][2294576][debug] GC(77)   class space    used 6274K, committed 6464K, reserved 1048576K
[2021-07-20T13:30:28.630+0000][144.140s][2294560][2294576][info ] Safepoint "ParallelGCFailedAllocation", Time since last: 1034441096 ns, Reaching safepoint: 96356 ns, At safepoint: 23629014 ns, Total: 23725370 ns
[2021-07-20T13:30:29.663+0000][145.173s][2294560][2294576][debug] GC(78) Heap before GC invocations=79 (full 2):
[2021-07-20T13:30:29.663+0000][145.173s][2294560][2294576][debug] GC(78)  PSYoungGen      total 2772480K, used 2750944K [0x0000000755580000, 0x0000000800000000, 0x0000000800000000)
[2021-07-20T13:30:29.663+0000][145.173s][2294560][2294576][debug] GC(78)   eden space 2746880K, 100% used [0x0000000755580000,0x00000007fd000000,0x00000007fd000000)
[2021-07-20T13:30:29.663+0000][145.173s][2294560][2294576][debug] GC(78)   from space 25600K, 15% used [0x00000007fe700000,0x00000007feaf8000,0x0000000800000000)
[2021-07-20T13:30:29.663+0000][145.173s][2294560][2294576][debug] GC(78)   to   space 23552K, 0% used [0x00000007fd000000,0x00000007fd000000,0x00000007fe700000)
[2021-07-20T13:30:29.663+0000][145.173s][2294560][2294576][debug] GC(78)  ParOldGen       total 5592576K, used 3921215K [0x0000000600000000, 0x0000000755580000, 0x0000000755580000)
[2021-07-20T13:30:29.663+0000][145.173s][2294560][2294576][debug] GC(78)   object space 5592576K, 70% used [0x0000000600000000,0x00000006ef54fe10,0x0000000755580000)
[2021-07-20T13:30:29.663+0000][145.173s][2294560][2294576][debug] GC(78)  Metaspace       used 50837K, committed 51264K, reserved 1097728K
[2021-07-20T13:30:29.663+0000][145.173s][2294560][2294576][debug] GC(78)   class space    used 6274K, committed 6464K, reserved 1048576K
[2021-07-20T13:30:29.685+0000][145.195s][2294560][2294576][debug] GC(78) Desired survivor size 22544384 bytes, new threshold 1 (max threshold 15)
[2021-07-20T13:30:29.685+0000][145.195s][2294560][2294576][info ] GC(78) PSYoungGen: 2750944K(2772480K)->3520K(2770432K) Eden: 2746880K(2746880K)->0K(2746880K) From: 4064K(25600K)->3520K(23552K)
[2021-07-20T13:30:29.685+0000][145.195s][2294560][2294576][info ] GC(78) ParOldGen: 3921215K(5592576K)->3923247K(5592576K)
[2021-07-20T13:30:29.685+0000][145.195s][2294560][2294576][info ] GC(78) Pause Young (Allocation Failure) 6515M->3834M(8167M) 21.915ms
[2021-07-20T13:30:29.685+0000][145.195s][2294560][2294576][debug] GC(78) Heap after GC invocations=79 (full 2):
[2021-07-20T13:30:29.685+0000][145.195s][2294560][2294576][debug] GC(78)  PSYoungGen      total 2770432K, used 3520K [0x0000000755580000, 0x0000000800000000, 0x0000000800000000)
[2021-07-20T13:30:29.685+0000][145.195s][2294560][2294576][debug] GC(78)   eden space 2746880K, 0% used [0x0000000755580000,0x0000000755580000,0x00000007fd000000)
[2021-07-20T13:30:29.685+0000][145.195s][2294560][2294576][debug] GC(78)   from space 23552K, 14% used [0x00000007fd000000,0x00000007fd370000,0x00000007fe700000)
[2021-07-20T13:30:29.685+0000][145.195s][2294560][2294576][debug] GC(78)   to   space 22016K, 0% used [0x00000007fea80000,0x00000007fea80000,0x0000000800000000)
[2021-07-20T13:30:29.685+0000][145.195s][2294560][2294576][debug] GC(78)  ParOldGen       total 5592576K, used 3923247K [0x0000000600000000, 0x0000000755580000, 0x0000000755580000)
[2021-07-20T13:30:29.685+0000][145.195s][2294560][2294576][debug] GC(78)   object space 5592576K, 70% used [0x0000000600000000,0x00000006ef74be10,0x0000000755580000)
[2021-07-20T13:30:29.685+0000][145.195s][2294560][2294576][debug] GC(78)  Metaspace       used 50837K, committed 51264K, reserved 1097728K
[2021-07-20T13:30:29.685+0000][145.195s][2294560][2294576][debug] GC(78)   class space    used 6274K, committed 6464K, reserved 1048576K
[2021-07-20T13:30:29.685+0000][145.195s][2294560][2294576][info ] Safepoint "ParallelGCFailedAllocation", Time since last: 1032554380 ns, Reaching safepoint: 91673 ns, At safepoint: 22367099 ns, Total: 22458772 ns
[2021-07-20T13:30:30.740+0000][146.250s][2294560][2294576][debug] GC(79) Heap before GC invocations=80 (full 2):
[2021-07-20T13:30:30.740+0000][146.250s][2294560][2294576][debug] GC(79)  PSYoungGen      total 2770432K, used 2750400K [0x0000000755580000, 0x0000000800000000, 0x0000000800000000)
[2021-07-20T13:30:30.740+0000][146.250s][2294560][2294576][debug] GC(79)   eden space 2746880K, 100% used [0x0000000755580000,0x00000007fd000000,0x00000007fd000000)
[2021-07-20T13:30:30.740+0000][146.250s][2294560][2294576][debug] GC(79)   from space 23552K, 14% used [0x00000007fd000000,0x00000007fd370000,0x00000007fe700000)
[2021-07-20T13:30:30.740+0000][146.250s][2294560][2294576][debug] GC(79)   to   space 22016K, 0% used [0x00000007fea80000,0x00000007fea80000,0x0000000800000000)
[2021-07-20T13:30:30.740+0000][146.250s][2294560][2294576][debug] GC(79)  ParOldGen       total 5592576K, used 3923247K [0x0000000600000000, 0x0000000755580000, 0x0000000755580000)
[2021-07-20T13:30:30.740+0000][146.250s][2294560][2294576][debug] GC(79)   object space 5592576K, 70% used [0x0000000600000000,0x00000006ef74be10,0x0000000755580000)
[2021-07-20T13:30:30.740+0000][146.250s][2294560][2294576][debug] GC(79)  Metaspace       used 50837K, committed 51264K, reserved 1097728K
[2021-07-20T13:30:30.740+0000][146.250s][2294560][2294576][debug] GC(79)   class space    used 6274K, committed 6464K, reserved 1048576K
[2021-07-20T13:30:30.763+0000][146.273s][2294560][2294576][debug] GC(79) Desired survivor size 20971520 bytes, new threshold 1 (max threshold 15)
[2021-07-20T13:30:30.763+0000][146.273s][2294560][2294576][debug] GC(79) Running ParallelGC PreTouch tail with 2 workers for 2 work units pre-touching 6815744B.
[2021-07-20T13:30:30.763+0000][146.273s][2294560][2294576][debug] GC(79) Running ParallelGC PreTouch tail with 1 workers for 1 work units pre-touching 3670016B.
[2021-07-20T13:30:30.763+0000][146.273s][2294560][2294576][info ] GC(79) PSYoungGen: 2750400K(2770432K)->4448K(2775552K) Eden: 2746880K(2746880K)->0K(2753536K) From: 3520K(23552K)->4448K(22016K)
[2021-07-20T13:30:30.763+0000][146.273s][2294560][2294576][info ] GC(79) ParOldGen: 3923247K(5592576K)->3925071K(5592576K)
[2021-07-20T13:30:30.763+0000][146.273s][2294560][2294576][info ] GC(79) Pause Young (Allocation Failure) 6517M->3837M(8172M) 23.065ms
[2021-07-20T13:30:30.763+0000][146.273s][2294560][2294576][debug] GC(79) Heap after GC invocations=80 (full 2):
[2021-07-20T13:30:30.763+0000][146.273s][2294560][2294576][debug] GC(79)  PSYoungGen      total 2775552K, used 4448K [0x0000000755580000, 0x0000000800000000, 0x0000000800000000)
[2021-07-20T13:30:30.763+0000][146.273s][2294560][2294576][debug] GC(79)   eden space 2753536K, 0% used [0x0000000755580000,0x0000000755580000,0x00000007fd680000)
[2021-07-20T13:30:30.763+0000][146.273s][2294560][2294576][debug] GC(79)   from space 22016K, 20% used [0x00000007fea80000,0x00000007feed8000,0x0000000800000000)
[2021-07-20T13:30:30.763+0000][146.273s][2294560][2294576][debug] GC(79)   to   space 20480K, 0% used [0x00000007fd680000,0x00000007fd680000,0x00000007fea80000)
[2021-07-20T13:30:30.763+0000][146.273s][2294560][2294576][debug] GC(79)  ParOldGen       total 5592576K, used 3925071K [0x0000000600000000, 0x0000000755580000, 0x0000000755580000)
[2021-07-20T13:30:30.763+0000][146.273s][2294560][2294576][debug] GC(79)   object space 5592576K, 70% used [0x0000000600000000,0x00000006ef913e10,0x0000000755580000)
[2021-07-20T13:30:30.763+0000][146.273s][2294560][2294576][debug] GC(79)  Metaspace       used 50837K, committed 51264K, reserved 1097728K
[2021-07-20T13:30:30.763+0000][146.273s][2294560][2294576][debug] GC(79)   class space    used 6274K, committed 6464K, reserved 1048576K
[2021-07-20T13:30:30.763+0000][146.273s][2294560][2294576][info ] Safepoint "ParallelGCFailedAllocation", Time since last: 1054539698 ns, Reaching safepoint: 158131 ns, At safepoint: 23475613 ns, Total: 23633744 ns
[2021-07-20T13:30:31.801+0000][147.311s][2294560][2294576][debug] GC(80) Heap before GC invocations=81 (full 2):
[2021-07-20T13:30:31.801+0000][147.311s][2294560][2294576][debug] GC(80)  PSYoungGen      total 2775552K, used 2757984K [0x0000000755580000, 0x0000000800000000, 0x0000000800000000)
[2021-07-20T13:30:31.801+0000][147.311s][2294560][2294576][debug] GC(80)   eden space 2753536K, 100% used [0x0000000755580000,0x00000007fd680000,0x00000007fd680000)
[2021-07-20T13:30:31.801+0000][147.311s][2294560][2294576][debug] GC(80)   from space 22016K, 20% used [0x00000007fea80000,0x00000007feed8000,0x0000000800000000)
[2021-07-20T13:30:31.801+0000][147.311s][2294560][2294576][debug] GC(80)   to   space 20480K, 0% used [0x00000007fd680000,0x00000007fd680000,0x00000007fea80000)
[2021-07-20T13:30:31.801+0000][147.311s][2294560][2294576][debug] GC(80)  ParOldGen       total 5592576K, used 3925071K [0x0000000600000000, 0x0000000755580000, 0x0000000755580000)
[2021-07-20T13:30:31.801+0000][147.311s][2294560][2294576][debug] GC(80)   object space 5592576K, 70% used [0x0000000600000000,0x00000006ef913e10,0x0000000755580000)
[2021-07-20T13:30:31.801+0000][147.311s][2294560][2294576][debug] GC(80)  Metaspace       used 50837K, committed 51264K, reserved 1097728K
[2021-07-20T13:30:31.801+0000][147.311s][2294560][2294576][debug] GC(80)   class space    used 6274K, committed 6464K, reserved 1048576K
[2021-07-20T13:30:31.826+0000][147.336s][2294560][2294576][debug] GC(80) Desired survivor size 19922944 bytes, new threshold 1 (max threshold 15)
[2021-07-20T13:30:31.826+0000][147.336s][2294560][2294576][info ] GC(80) PSYoungGen: 2757984K(2775552K)->4320K(2774016K) Eden: 2753536K(2753536K)->0K(2753536K) From: 4448K(22016K)->4320K(20480K)
[2021-07-20T13:30:31.826+0000][147.336s][2294560][2294576][info ] GC(80) ParOldGen: 3925071K(5592576K)->3927759K(5592576K)
[2021-07-20T13:30:31.826+0000][147.336s][2294560][2294576][info ] GC(80) Pause Young (Allocation Failure) 6526M->3839M(8170M) 24.411ms
[2021-07-20T13:30:31.826+0000][147.336s][2294560][2294576][debug] GC(80) Heap after GC invocations=81 (full 2):
[2021-07-20T13:30:31.826+0000][147.336s][2294560][2294576][debug] GC(80)  PSYoungGen      total 2774016K, used 4320K [0x0000000755580000, 0x0000000800000000, 0x0000000800000000)
[2021-07-20T13:30:31.826+0000][147.336s][2294560][2294576][debug] GC(80)   eden space 2753536K, 0% used [0x0000000755580000,0x0000000755580000,0x00000007fd680000)
[2021-07-20T13:30:31.826+0000][147.336s][2294560][2294576][debug] GC(80)   from space 20480K, 21% used [0x00000007fd680000,0x00000007fdab8000,0x00000007fea80000)
[2021-07-20T13:30:31.826+0000][147.336s][2294560][2294576][debug] GC(80)   to   space 19456K, 0% used [0x00000007fed00000,0x00000007fed00000,0x0000000800000000)
[2021-07-20T13:30:31.826+0000][147.336s][2294560][2294576][debug] GC(80)  ParOldGen       total 5592576K, used 3927759K [0x0000000600000000, 0x0000000755580000, 0x0000000755580000)
[2021-07-20T13:30:31.826+0000][147.336s][2294560][2294576][debug] GC(80)   object space 5592576K, 70% used [0x0000000600000000,0x00000006efbb3e10,0x0000000755580000)
[2021-07-20T13:30:31.826+0000][147.336s][2294560][2294576][debug] GC(80)  Metaspace       used 50837K, committed 51264K, reserved 1097728K
[2021-07-20T13:30:31.826+0000][147.336s][2294560][2294576][debug] GC(80)   class space    used 6274K, committed 6464K, reserved 1048576K
[2021-07-20T13:30:31.826+0000][147.336s][2294560][2294576][info ] Safepoint "ParallelGCFailedAllocation", Time since last: 1037980354 ns, Reaching safepoint: 111005 ns, At safepoint: 24850179 ns, Total: 24961184 ns
[2021-07-20T13:30:43.827+0000][159.337s][2294560][2294576][info ] Safepoint "Cleanup", Time since last: 12000967590 ns, Reaching safepoint: 99165 ns, At safepoint: 25112 ns, Total: 124277 ns
[2021-07-20T13:30:45.483+0000][160.993s][2294560][2294576][debug] GC(81) Heap before GC invocations=82 (full 2):
[2021-07-20T13:30:45.483+0000][160.993s][2294560][2294576][debug] GC(81)  PSYoungGen      total 2774016K, used 2757856K [0x0000000755580000, 0x0000000800000000, 0x0000000800000000)
[2021-07-20T13:30:45.483+0000][160.993s][2294560][2294576][debug] GC(81)   eden space 2753536K, 100% used [0x0000000755580000,0x00000007fd680000,0x00000007fd680000)
[2021-07-20T13:30:45.483+0000][160.993s][2294560][2294576][debug] GC(81)   from space 20480K, 21% used [0x00000007fd680000,0x00000007fdab8000,0x00000007fea80000)
[2021-07-20T13:30:45.483+0000][160.993s][2294560][2294576][debug] GC(81)   to   space 19456K, 0% used [0x00000007fed00000,0x00000007fed00000,0x0000000800000000)
[2021-07-20T13:30:45.483+0000][160.993s][2294560][2294576][debug] GC(81)  ParOldGen       total 5592576K, used 3927759K [0x0000000600000000, 0x0000000755580000, 0x0000000755580000)
[2021-07-20T13:30:45.483+0000][160.993s][2294560][2294576][debug] GC(81)   object space 5592576K, 70% used [0x0000000600000000,0x00000006efbb3e10,0x0000000755580000)
[2021-07-20T13:30:45.483+0000][160.993s][2294560][2294576][debug] GC(81)  Metaspace       used 50930K, committed 51328K, reserved 1097728K
[2021-07-20T13:30:45.483+0000][160.993s][2294560][2294576][debug] GC(81)   class space    used 6276K, committed 6464K, reserved 1048576K
[2021-07-20T13:30:45.506+0000][161.016s][2294560][2294576][debug] GC(81) Desired survivor size 18350080 bytes, new threshold 1 (max threshold 15)
[2021-07-20T13:30:45.506+0000][161.016s][2294560][2294576][debug] GC(81) Running ParallelGC PreTouch tail with 2 workers for 2 work units pre-touching 5242880B.
[2021-07-20T13:30:45.506+0000][161.016s][2294560][2294576][debug] GC(81) Running ParallelGC PreTouch tail with 1 workers for 1 work units pre-touching 2621440B.
[2021-07-20T13:30:45.506+0000][161.016s][2294560][2294576][info ] GC(81) PSYoungGen: 2757856K(2774016K)->3808K(2778112K) Eden: 2753536K(2753536K)->0K(2758656K) From: 4320K(20480K)->3808K(19456K)
[2021-07-20T13:30:45.506+0000][161.016s][2294560][2294576][info ] GC(81) ParOldGen: 3927759K(5592576K)->3930295K(5592576K)
[2021-07-20T13:30:45.506+0000][161.016s][2294560][2294576][info ] GC(81) Pause Young (Allocation Failure) 6528M->3841M(8174M) 23.024ms
[2021-07-20T13:30:45.506+0000][161.016s][2294560][2294576][debug] GC(81) Heap after GC invocations=82 (full 2):
[2021-07-20T13:30:45.506+0000][161.016s][2294560][2294576][debug] GC(81)  PSYoungGen      total 2778112K, used 3808K [0x0000000755580000, 0x0000000800000000, 0x0000000800000000)
[2021-07-20T13:30:45.506+0000][161.016s][2294560][2294576][debug] GC(81)   eden space 2758656K, 0% used [0x0000000755580000,0x0000000755580000,0x00000007fdb80000)
[2021-07-20T13:30:45.506+0000][161.016s][2294560][2294576][debug] GC(81)   from space 19456K, 19% used [0x00000007fed00000,0x00000007ff0b8000,0x0000000800000000)
[2021-07-20T13:30:45.506+0000][161.016s][2294560][2294576][debug] GC(81)   to   space 17920K, 0% used [0x00000007fdb80000,0x00000007fdb80000,0x00000007fed00000)
[2021-07-20T13:30:45.506+0000][161.016s][2294560][2294576][debug] GC(81)  ParOldGen       total 5592576K, used 3930295K [0x0000000600000000, 0x0000000755580000, 0x0000000755580000)
[2021-07-20T13:30:45.506+0000][161.016s][2294560][2294576][debug] GC(81)   object space 5592576K, 70% used [0x0000000600000000,0x00000006efe2de10,0x0000000755580000)
[2021-07-20T13:30:45.506+0000][161.016s][2294560][2294576][debug] GC(81)  Metaspace       used 50930K, committed 51328K, reserved 1097728K
[2021-07-20T13:30:45.506+0000][161.016s][2294560][2294576][debug] GC(81)   class space    used 6276K, committed 6464K, reserved 1048576K
[2021-07-20T13:30:45.506+0000][161.016s][2294560][2294576][info ] Safepoint "ParallelGCFailedAllocation", Time since last: 1655300363 ns, Reaching safepoint: 93541 ns, At safepoint: 23321079 ns, Total: 23414620 ns
[2021-07-20T13:30:46.506+0000][162.016s][2294560][2294576][info ] Safepoint "Cleanup", Time since last: 1000096970 ns, Reaching safepoint: 86695 ns, At safepoint: 15505 ns, Total: 102200 ns
[2021-07-20T13:30:48.506+0000][164.016s][2294560][2294576][info ] Safepoint "Cleanup", Time since last: 2000191217 ns, Reaching safepoint: 88877 ns, At safepoint: 11564 ns, Total: 100441 ns
[2021-07-20T13:30:52.906+0000][168.416s][2294560][2294576][debug] GC(82) Heap before GC invocations=83 (full 2):
[2021-07-20T13:30:52.906+0000][168.416s][2294560][2294576][debug] GC(82)  PSYoungGen      total 2778112K, used 2762464K [0x0000000755580000, 0x0000000800000000, 0x0000000800000000)
[2021-07-20T13:30:52.906+0000][168.416s][2294560][2294576][debug] GC(82)   eden space 2758656K, 100% used [0x0000000755580000,0x00000007fdb80000,0x00000007fdb80000)
[2021-07-20T13:30:52.906+0000][168.416s][2294560][2294576][debug] GC(82)   from space 19456K, 19% used [0x00000007fed00000,0x00000007ff0b8000,0x0000000800000000)
[2021-07-20T13:30:52.906+0000][168.416s][2294560][2294576][debug] GC(82)   to   space 17920K, 0% used [0x00000007fdb80000,0x00000007fdb80000,0x00000007fed00000)
[2021-07-20T13:30:52.906+0000][168.416s][2294560][2294576][debug] GC(82)  ParOldGen       total 5592576K, used 3930295K [0x0000000600000000, 0x0000000755580000, 0x0000000755580000)
[2021-07-20T13:30:52.906+0000][168.416s][2294560][2294576][debug] GC(82)   object space 5592576K, 70% used [0x0000000600000000,0x00000006efe2de10,0x0000000755580000)
[2021-07-20T13:30:52.906+0000][168.416s][2294560][2294576][debug] GC(82)  Metaspace       used 50950K, committed 51328K, reserved 1097728K
[2021-07-20T13:30:52.906+0000][168.416s][2294560][2294576][debug] GC(82)   class space    used 6276K, committed 6464K, reserved 1048576K
[2021-07-20T13:30:52.928+0000][168.438s][2294560][2294576][debug] GC(82) Desired survivor size 17301504 bytes, new threshold 1 (max threshold 15)
[2021-07-20T13:30:52.928+0000][168.438s][2294560][2294576][info ] GC(82) PSYoungGen: 2762464K(2778112K)->3072K(2776576K) Eden: 2758656K(2758656K)->0K(2758656K) From: 3808K(19456K)->3072K(17920K)
[2021-07-20T13:30:52.928+0000][168.438s][2294560][2294576][info ] GC(82) ParOldGen: 3930295K(5592576K)->3932319K(5592576K)
[2021-07-20T13:30:52.928+0000][168.438s][2294560][2294576][info ] GC(82) Pause Young (Allocation Failure) 6535M->3843M(8173M) 21.836ms
[2021-07-20T13:30:52.928+0000][168.438s][2294560][2294576][debug] GC(82) Heap after GC invocations=83 (full 2):
[2021-07-20T13:30:52.928+0000][168.438s][2294560][2294576][debug] GC(82)  PSYoungGen      total 2776576K, used 3072K [0x0000000755580000, 0x0000000800000000, 0x0000000800000000)
[2021-07-20T13:30:52.928+0000][168.438s][2294560][2294576][debug] GC(82)   eden space 2758656K, 0% used [0x0000000755580000,0x0000000755580000,0x00000007fdb80000)
[2021-07-20T13:30:52.928+0000][168.438s][2294560][2294576][debug] GC(82)   from space 17920K, 17% used [0x00000007fdb80000,0x00000007fde80000,0x00000007fed00000)
[2021-07-20T13:30:52.928+0000][168.438s][2294560][2294576][debug] GC(82)   to   space 16896K, 0% used [0x00000007fef80000,0x00000007fef80000,0x0000000800000000)
[2021-07-20T13:30:52.928+0000][168.438s][2294560][2294576][debug] GC(82)  ParOldGen       total 5592576K, used 3932319K [0x0000000600000000, 0x0000000755580000, 0x0000000755580000)
[2021-07-20T13:30:52.928+0000][168.438s][2294560][2294576][debug] GC(82)   object space 5592576K, 70% used [0x0000000600000000,0x00000006f0027e50,0x0000000755580000)
[2021-07-20T13:30:52.928+0000][168.438s][2294560][2294576][debug] GC(82)  Metaspace       used 50950K, committed 51328K, reserved 1097728K
[2021-07-20T13:30:52.928+0000][168.438s][2294560][2294576][debug] GC(82)   class space    used 6276K, committed 6464K, reserved 1048576K
[2021-07-20T13:30:52.928+0000][168.438s][2294560][2294576][info ] Safepoint "ParallelGCFailedAllocation", Time since last: 4399353484 ns, Reaching safepoint: 88698 ns, At safepoint: 22123325 ns, Total: 22212023 ns
[2021-07-20T13:31:00.320+0000][175.830s][2294560][2294576][debug] GC(83) Heap before GC invocations=84 (full 2):
[2021-07-20T13:31:00.320+0000][175.830s][2294560][2294576][debug] GC(83)  PSYoungGen      total 2776576K, used 2761728K [0x0000000755580000, 0x0000000800000000, 0x0000000800000000)
[2021-07-20T13:31:00.320+0000][175.830s][2294560][2294576][debug] GC(83)   eden space 2758656K, 100% used [0x0000000755580000,0x00000007fdb80000,0x00000007fdb80000)
[2021-07-20T13:31:00.320+0000][175.830s][2294560][2294576][debug] GC(83)   from space 17920K, 17% used [0x00000007fdb80000,0x00000007fde80000,0x00000007fed00000)
[2021-07-20T13:31:00.320+0000][175.830s][2294560][2294576][debug] GC(83)   to   space 16896K, 0% used [0x00000007fef80000,0x00000007fef80000,0x0000000800000000)
[2021-07-20T13:31:00.320+0000][175.830s][2294560][2294576][debug] GC(83)  ParOldGen       total 5592576K, used 3932319K [0x0000000600000000, 0x0000000755580000, 0x0000000755580000)
[2021-07-20T13:31:00.320+0000][175.830s][2294560][2294576][debug] GC(83)   object space 5592576K, 70% used [0x0000000600000000,0x00000006f0027e50,0x0000000755580000)
[2021-07-20T13:31:00.320+0000][175.830s][2294560][2294576][debug] GC(83)  Metaspace       used 50950K, committed 51328K, reserved 1097728K
[2021-07-20T13:31:00.320+0000][175.830s][2294560][2294576][debug] GC(83)   class space    used 6276K, committed 6464K, reserved 1048576K
[2021-07-20T13:31:00.342+0000][175.852s][2294560][2294576][debug] GC(83) Desired survivor size 16252928 bytes, new threshold 1 (max threshold 15)
[2021-07-20T13:31:00.342+0000][175.852s][2294560][2294576][debug] GC(83) Running ParallelGC PreTouch tail with 2 workers for 2 work units pre-touching 4718592B.
[2021-07-20T13:31:00.342+0000][175.852s][2294560][2294576][debug] GC(83) Running ParallelGC PreTouch tail with 1 workers for 1 work units pre-touching 2621440B.
[2021-07-20T13:31:00.343+0000][175.853s][2294560][2294576][info ] GC(83) PSYoungGen: 2761728K(2776576K)->3232K(2780160K) Eden: 2758656K(2758656K)->0K(2763264K) From: 3072K(17920K)->3232K(16896K)
[2021-07-20T13:31:00.343+0000][175.853s][2294560][2294576][info ] GC(83) ParOldGen: 3932319K(5592576K)->3933951K(5592576K)
[2021-07-20T13:31:00.343+0000][175.853s][2294560][2294576][info ] GC(83) Pause Young (Allocation Failure) 6537M->3844M(8176M) 22.086ms
[2021-07-20T13:31:00.343+0000][175.853s][2294560][2294576][debug] GC(83) Heap after GC invocations=84 (full 2):
[2021-07-20T13:31:00.343+0000][175.853s][2294560][2294576][debug] GC(83)  PSYoungGen      total 2780160K, used 3232K [0x0000000755580000, 0x0000000800000000, 0x0000000800000000)
[2021-07-20T13:31:00.343+0000][175.853s][2294560][2294576][debug] GC(83)   eden space 2763264K, 0% used [0x0000000755580000,0x0000000755580000,0x00000007fe000000)
[2021-07-20T13:31:00.343+0000][175.853s][2294560][2294576][debug] GC(83)   from space 16896K, 19% used [0x00000007fef80000,0x00000007ff2a8000,0x0000000800000000)
[2021-07-20T13:31:00.343+0000][175.853s][2294560][2294576][debug] GC(83)   to   space 15872K, 0% used [0x00000007fe000000,0x00000007fe000000,0x00000007fef80000)
[2021-07-20T13:31:00.343+0000][175.853s][2294560][2294576][debug] GC(83)  ParOldGen       total 5592576K, used 3933951K [0x0000000600000000, 0x0000000755580000, 0x0000000755580000)
[2021-07-20T13:31:00.343+0000][175.853s][2294560][2294576][debug] GC(83)   object space 5592576K, 70% used [0x0000000600000000,0x00000006f01bfe50,0x0000000755580000)
[2021-07-20T13:31:00.343+0000][175.853s][2294560][2294576][debug] GC(83)  Metaspace       used 50950K, committed 51328K, reserved 1097728K
[2021-07-20T13:31:00.343+0000][175.853s][2294560][2294576][debug] GC(83)   class space    used 6276K, committed 6464K, reserved 1048576K
[2021-07-20T13:31:00.343+0000][175.853s][2294560][2294576][info ] Safepoint "ParallelGCFailedAllocation", Time since last: 7392286046 ns, Reaching safepoint: 96971 ns, At safepoint: 22448640 ns, Total: 22545611 ns
[2021-07-20T13:31:06.343+0000][181.853s][2294560][2294576][info ] Safepoint "Cleanup", Time since last: 6000392291 ns, Reaching safepoint: 105238 ns, At safepoint: 15140 ns, Total: 120378 ns
[2021-07-20T13:31:07.707+0000][183.217s][2294560][2294576][debug] GC(84) Heap before GC invocations=85 (full 2):
[2021-07-20T13:31:07.707+0000][183.217s][2294560][2294576][debug] GC(84)  PSYoungGen      total 2780160K, used 2766496K [0x0000000755580000, 0x0000000800000000, 0x0000000800000000)
[2021-07-20T13:31:07.707+0000][183.217s][2294560][2294576][debug] GC(84)   eden space 2763264K, 100% used [0x0000000755580000,0x00000007fe000000,0x00000007fe000000)
[2021-07-20T13:31:07.707+0000][183.217s][2294560][2294576][debug] GC(84)   from space 16896K, 19% used [0x00000007fef80000,0x00000007ff2a8000,0x0000000800000000)
[2021-07-20T13:31:07.707+0000][183.217s][2294560][2294576][debug] GC(84)   to   space 15872K, 0% used [0x00000007fe000000,0x00000007fe000000,0x00000007fef80000)
[2021-07-20T13:31:07.707+0000][183.217s][2294560][2294576][debug] GC(84)  ParOldGen       total 5592576K, used 3933951K [0x0000000600000000, 0x0000000755580000, 0x0000000755580000)
[2021-07-20T13:31:07.707+0000][183.217s][2294560][2294576][debug] GC(84)   object space 5592576K, 70% used [0x0000000600000000,0x00000006f01bfe50,0x0000000755580000)
[2021-07-20T13:31:07.707+0000][183.217s][2294560][2294576][debug] GC(84)  Metaspace       used 50952K, committed 51328K, reserved 1097728K
[2021-07-20T13:31:07.707+0000][183.217s][2294560][2294576][debug] GC(84)   class space    used 6276K, committed 6464K, reserved 1048576K
[2021-07-20T13:31:07.728+0000][183.238s][2294560][2294576][debug] GC(84) Desired survivor size 15728640 bytes, new threshold 1 (max threshold 15)
[2021-07-20T13:31:07.728+0000][183.238s][2294560][2294576][info ] GC(84) PSYoungGen: 2766496K(2780160K)->3008K(2779136K) Eden: 2763264K(2763264K)->0K(2763264K) From: 3232K(16896K)->3008K(15872K)
[2021-07-20T13:31:07.728+0000][183.238s][2294560][2294576][info ] GC(84) ParOldGen: 3933951K(5592576K)->3935223K(5592576K)
[2021-07-20T13:31:07.728+0000][183.238s][2294560][2294576][info ] GC(84) Pause Young (Allocation Failure) 6543M->3845M(8175M) 21.420ms
[2021-07-20T13:31:07.728+0000][183.238s][2294560][2294576][debug] GC(84) Heap after GC invocations=85 (full 2):
[2021-07-20T13:31:07.728+0000][183.238s][2294560][2294576][debug] GC(84)  PSYoungGen      total 2779136K, used 3008K [0x0000000755580000, 0x0000000800000000, 0x0000000800000000)
[2021-07-20T13:31:07.728+0000][183.238s][2294560][2294576][debug] GC(84)   eden space 2763264K, 0% used [0x0000000755580000,0x0000000755580000,0x00000007fe000000)
[2021-07-20T13:31:07.728+0000][183.238s][2294560][2294576][debug] GC(84)   from space 15872K, 18% used [0x00000007fe000000,0x00000007fe2f0000,0x00000007fef80000)
[2021-07-20T13:31:07.728+0000][183.238s][2294560][2294576][debug] GC(84)   to   space 15360K, 0% used [0x00000007ff100000,0x00000007ff100000,0x0000000800000000)
[2021-07-20T13:31:07.728+0000][183.238s][2294560][2294576][debug] GC(84)  ParOldGen       total 5592576K, used 3935223K [0x0000000600000000, 0x0000000755580000, 0x0000000755580000)
[2021-07-20T13:31:07.728+0000][183.238s][2294560][2294576][debug] GC(84)   object space 5592576K, 70% used [0x0000000600000000,0x00000006f02fde50,0x0000000755580000)
[2021-07-20T13:31:07.728+0000][183.238s][2294560][2294576][debug] GC(84)  Metaspace       used 50952K, committed 51328K, reserved 1097728K
[2021-07-20T13:31:07.728+0000][183.238s][2294560][2294576][debug] GC(84)   class space    used 6276K, committed 6464K, reserved 1048576K
[2021-07-20T13:31:07.728+0000][183.238s][2294560][2294576][info ] Safepoint "ParallelGCFailedAllocation", Time since last: 1363135045 ns, Reaching safepoint: 86719 ns, At safepoint: 21740814 ns, Total: 21827533 ns
[2021-07-20T13:31:08.729+0000][184.238s][2294560][2294576][info ] Safepoint "Cleanup", Time since last: 1000092158 ns, Reaching safepoint: 100142 ns, At safepoint: 13393 ns, Total: 113535 ns
[2021-07-20T13:31:15.139+0000][190.649s][2294560][2294576][debug] GC(85) Heap before GC invocations=86 (full 2):
[2021-07-20T13:31:15.139+0000][190.649s][2294560][2294576][debug] GC(85)  PSYoungGen      total 2779136K, used 2766272K [0x0000000755580000, 0x0000000800000000, 0x0000000800000000)
[2021-07-20T13:31:15.139+0000][190.649s][2294560][2294576][debug] GC(85)   eden space 2763264K, 100% used [0x0000000755580000,0x00000007fe000000,0x00000007fe000000)
[2021-07-20T13:31:15.139+0000][190.649s][2294560][2294576][debug] GC(85)   from space 15872K, 18% used [0x00000007fe000000,0x00000007fe2f0000,0x00000007fef80000)
[2021-07-20T13:31:15.139+0000][190.649s][2294560][2294576][debug] GC(85)   to   space 15360K, 0% used [0x00000007ff100000,0x00000007ff100000,0x0000000800000000)
[2021-07-20T13:31:15.139+0000][190.649s][2294560][2294576][debug] GC(85)  ParOldGen       total 5592576K, used 3935223K [0x0000000600000000, 0x0000000755580000, 0x0000000755580000)
[2021-07-20T13:31:15.139+0000][190.649s][2294560][2294576][debug] GC(85)   object space 5592576K, 70% used [0x0000000600000000,0x00000006f02fde50,0x0000000755580000)
[2021-07-20T13:31:15.139+0000][190.649s][2294560][2294576][debug] GC(85)  Metaspace       used 50974K, committed 51392K, reserved 1097728K
[2021-07-20T13:31:15.139+0000][190.649s][2294560][2294576][debug] GC(85)   class space    used 6276K, committed 6464K, reserved 1048576K
[2021-07-20T13:31:15.161+0000][190.671s][2294560][2294576][debug] GC(85) Desired survivor size 14680064 bytes, new threshold 1 (max threshold 15)
[2021-07-20T13:31:15.161+0000][190.671s][2294560][2294576][debug] GC(85) Running ParallelGC PreTouch tail with 1 workers for 1 work units pre-touching 3145728B.
[2021-07-20T13:31:15.161+0000][190.671s][2294560][2294576][debug] GC(85) Running ParallelGC PreTouch tail with 1 workers for 1 work units pre-touching 1572864B.
[2021-07-20T13:31:15.161+0000][190.671s][2294560][2294576][info ] GC(85) PSYoungGen: 2766272K(2779136K)->2944K(2781696K) Eden: 2763264K(2763264K)->0K(2766336K) From: 3008K(15872K)->2944K(15360K)
[2021-07-20T13:31:15.161+0000][190.671s][2294560][2294576][info ] GC(85) ParOldGen: 3935223K(5592576K)->3936399K(5592576K)
[2021-07-20T13:31:15.161+0000][190.671s][2294560][2294576][info ] GC(85) Pause Young (Allocation Failure) 6544M->3847M(8178M) 21.431ms
[2021-07-20T13:31:15.161+0000][190.671s][2294560][2294576][debug] GC(85) Heap after GC invocations=86 (full 2):
[2021-07-20T13:31:15.161+0000][190.671s][2294560][2294576][debug] GC(85)  PSYoungGen      total 2781696K, used 2944K [0x0000000755580000, 0x0000000800000000, 0x0000000800000000)
[2021-07-20T13:31:15.161+0000][190.671s][2294560][2294576][debug] GC(85)   eden space 2766336K, 0% used [0x0000000755580000,0x0000000755580000,0x00000007fe300000)
[2021-07-20T13:31:15.161+0000][190.671s][2294560][2294576][debug] GC(85)   from space 15360K, 19% used [0x00000007ff100000,0x00000007ff3e0000,0x0000000800000000)
[2021-07-20T13:31:15.161+0000][190.671s][2294560][2294576][debug] GC(85)   to   space 14336K, 0% used [0x00000007fe300000,0x00000007fe300000,0x00000007ff100000)
[2021-07-20T13:31:15.161+0000][190.671s][2294560][2294576][debug] GC(85)  ParOldGen       total 5592576K, used 3936399K [0x0000000600000000, 0x0000000755580000, 0x0000000755580000)
[2021-07-20T13:31:15.161+0000][190.671s][2294560][2294576][debug] GC(85)   object space 5592576K, 70% used [0x0000000600000000,0x00000006f0423e50,0x0000000755580000)
[2021-07-20T13:31:15.161+0000][190.671s][2294560][2294576][debug] GC(85)  Metaspace       used 50974K, committed 51392K, reserved 1097728K
[2021-07-20T13:31:15.161+0000][190.671s][2294560][2294576][debug] GC(85)   class space    used 6276K, committed 6464K, reserved 1048576K
[2021-07-20T13:31:15.161+0000][190.671s][2294560][2294576][info ] Safepoint "ParallelGCFailedAllocation", Time since last: 6410628817 ns, Reaching safepoint: 91690 ns, At safepoint: 21768875 ns, Total: 21860565 ns
[2021-07-20T13:31:20.161+0000][195.671s][2294560][2294576][info ] Safepoint "Cleanup", Time since last: 5000329099 ns, Reaching safepoint: 92202 ns, At safepoint: 11924 ns, Total: 104126 ns
[2021-07-20T13:31:22.606+0000][198.116s][2294560][2294576][debug] GC(86) Heap before GC invocations=87 (full 2):
[2021-07-20T13:31:22.606+0000][198.116s][2294560][2294576][debug] GC(86)  PSYoungGen      total 2781696K, used 2769280K [0x0000000755580000, 0x0000000800000000, 0x0000000800000000)
[2021-07-20T13:31:22.606+0000][198.116s][2294560][2294576][debug] GC(86)   eden space 2766336K, 100% used [0x0000000755580000,0x00000007fe300000,0x00000007fe300000)
[2021-07-20T13:31:22.606+0000][198.116s][2294560][2294576][debug] GC(86)   from space 15360K, 19% used [0x00000007ff100000,0x00000007ff3e0000,0x0000000800000000)
[2021-07-20T13:31:22.606+0000][198.116s][2294560][2294576][debug] GC(86)   to   space 14336K, 0% used [0x00000007fe300000,0x00000007fe300000,0x00000007ff100000)
[2021-07-20T13:31:22.606+0000][198.116s][2294560][2294576][debug] GC(86)  ParOldGen       total 5592576K, used 3936399K [0x0000000600000000, 0x0000000755580000, 0x0000000755580000)
[2021-07-20T13:31:22.606+0000][198.116s][2294560][2294576][debug] GC(86)   object space 5592576K, 70% used [0x0000000600000000,0x00000006f0423e50,0x0000000755580000)
[2021-07-20T13:31:22.606+0000][198.116s][2294560][2294576][debug] GC(86)  Metaspace       used 50983K, committed 51392K, reserved 1097728K
[2021-07-20T13:31:22.606+0000][198.116s][2294560][2294576][debug] GC(86)   class space    used 6276K, committed 6464K, reserved 1048576K
[2021-07-20T13:31:22.628+0000][198.138s][2294560][2294576][debug] GC(86) Desired survivor size 14155776 bytes, new threshold 1 (max threshold 15)
[2021-07-20T13:31:22.628+0000][198.138s][2294560][2294576][info ] GC(86) PSYoungGen: 2769280K(2781696K)->3232K(2780672K) Eden: 2766336K(2766336K)->0K(2766336K) From: 2944K(15360K)->3232K(14336K)
[2021-07-20T13:31:22.628+0000][198.138s][2294560][2294576][info ] GC(86) ParOldGen: 3936399K(5592576K)->3937479K(5592576K)
[2021-07-20T13:31:22.628+0000][198.138s][2294560][2294576][info ] GC(86) Pause Young (Allocation Failure) 6548M->3848M(8177M) 21.574ms
[2021-07-20T13:31:22.628+0000][198.138s][2294560][2294576][debug] GC(86) Heap after GC invocations=87 (full 2):
[2021-07-20T13:31:22.628+0000][198.138s][2294560][2294576][debug] GC(86)  PSYoungGen      total 2780672K, used 3232K [0x0000000755580000, 0x0000000800000000, 0x0000000800000000)
[2021-07-20T13:31:22.628+0000][198.138s][2294560][2294576][debug] GC(86)   eden space 2766336K, 0% used [0x0000000755580000,0x0000000755580000,0x00000007fe300000)
[2021-07-20T13:31:22.628+0000][198.138s][2294560][2294576][debug] GC(86)   from space 14336K, 22% used [0x00000007fe300000,0x00000007fe628000,0x00000007ff100000)
[2021-07-20T13:31:22.628+0000][198.138s][2294560][2294576][debug] GC(86)   to   space 13824K, 0% used [0x00000007ff280000,0x00000007ff280000,0x0000000800000000)
[2021-07-20T13:31:22.628+0000][198.138s][2294560][2294576][debug] GC(86)  ParOldGen       total 5592576K, used 3937479K [0x0000000600000000, 0x0000000755580000, 0x0000000755580000)
[2021-07-20T13:31:22.628+0000][198.138s][2294560][2294576][debug] GC(86)   object space 5592576K, 70% used [0x0000000600000000,0x00000006f0531e50,0x0000000755580000)
[2021-07-20T13:31:22.628+0000][198.138s][2294560][2294576][debug] GC(86)  Metaspace       used 50983K, committed 51392K, reserved 1097728K
[2021-07-20T13:31:22.628+0000][198.138s][2294560][2294576][debug] GC(86)   class space    used 6276K, committed 6464K, reserved 1048576K
[2021-07-20T13:31:22.628+0000][198.138s][2294560][2294576][info ] Safepoint "ParallelGCFailedAllocation", Time since last: 2444828675 ns, Reaching safepoint: 93746 ns, At safepoint: 21906906 ns, Total: 22000652 ns
[2021-07-20T13:31:23.628+0000][199.138s][2294560][2294576][info ] Safepoint "Cleanup", Time since last: 1000090765 ns, Reaching safepoint: 90799 ns, At safepoint: 13992 ns, Total: 104791 ns
[2021-07-20T13:31:28.629+0000][204.139s][2294560][2294576][info ] Safepoint "Cleanup", Time since last: 5000320035 ns, Reaching safepoint: 86816 ns, At safepoint: 10846 ns, Total: 97662 ns
[2021-07-20T13:31:30.044+0000][205.554s][2294560][2294576][debug] GC(87) Heap before GC invocations=88 (full 2):
[2021-07-20T13:31:30.044+0000][205.554s][2294560][2294576][debug] GC(87)  PSYoungGen      total 2780672K, used 2769568K [0x0000000755580000, 0x0000000800000000, 0x0000000800000000)
[2021-07-20T13:31:30.044+0000][205.554s][2294560][2294576][debug] GC(87)   eden space 2766336K, 100% used [0x0000000755580000,0x00000007fe300000,0x00000007fe300000)
[2021-07-20T13:31:30.044+0000][205.554s][2294560][2294576][debug] GC(87)   from space 14336K, 22% used [0x00000007fe300000,0x00000007fe628000,0x00000007ff100000)
[2021-07-20T13:31:30.044+0000][205.554s][2294560][2294576][debug] GC(87)   to   space 13824K, 0% used [0x00000007ff280000,0x00000007ff280000,0x0000000800000000)
[2021-07-20T13:31:30.044+0000][205.554s][2294560][2294576][debug] GC(87)  ParOldGen       total 5592576K, used 3937479K [0x0000000600000000, 0x0000000755580000, 0x0000000755580000)
[2021-07-20T13:31:30.044+0000][205.554s][2294560][2294576][debug] GC(87)   object space 5592576K, 70% used [0x0000000600000000,0x00000006f0531e50,0x0000000755580000)
[2021-07-20T13:31:30.044+0000][205.554s][2294560][2294576][debug] GC(87)  Metaspace       used 50993K, committed 51392K, reserved 1097728K
[2021-07-20T13:31:30.044+0000][205.554s][2294560][2294576][debug] GC(87)   class space    used 6276K, committed 6464K, reserved 1048576K
[2021-07-20T13:31:30.071+0000][205.581s][2294560][2294576][debug] GC(87) Desired survivor size 13107200 bytes, new threshold 1 (max threshold 15)
[2021-07-20T13:31:30.071+0000][205.581s][2294560][2294576][debug] GC(87) Running ParallelGC PreTouch tail with 1 workers for 1 work units pre-touching 3145728B.
[2021-07-20T13:31:30.071+0000][205.581s][2294560][2294576][debug] GC(87) Running ParallelGC PreTouch tail with 1 workers for 1 work units pre-touching 1572864B.
[2021-07-20T13:31:30.072+0000][205.581s][2294560][2294576][info ] GC(87) PSYoungGen: 2769568K(2780672K)->3040K(2783232K) Eden: 2766336K(2766336K)->0K(2769408K) From: 3232K(14336K)->3040K(13824K)
[2021-07-20T13:31:30.072+0000][205.581s][2294560][2294576][info ] GC(87) ParOldGen: 3937479K(5592576K)->3938815K(5592576K)
[2021-07-20T13:31:30.072+0000][205.582s][2294560][2294576][info ] GC(87) Pause Young (Allocation Failure) 6549M->3849M(8179M) 27.323ms
[2021-07-20T13:31:30.072+0000][205.582s][2294560][2294576][debug] GC(87) Heap after GC invocations=88 (full 2):
[2021-07-20T13:31:30.072+0000][205.582s][2294560][2294576][debug] GC(87)  PSYoungGen      total 2783232K, used 3040K [0x0000000755580000, 0x0000000800000000, 0x0000000800000000)
[2021-07-20T13:31:30.072+0000][205.582s][2294560][2294576][debug] GC(87)   eden space 2769408K, 0% used [0x0000000755580000,0x0000000755580000,0x00000007fe600000)
[2021-07-20T13:31:30.072+0000][205.582s][2294560][2294576][debug] GC(87)   from space 13824K, 21% used [0x00000007ff280000,0x00000007ff578000,0x0000000800000000)
[2021-07-20T13:31:30.072+0000][205.582s][2294560][2294576][debug] GC(87)   to   space 12800K, 0% used [0x00000007fe600000,0x00000007fe600000,0x00000007ff280000)
[2021-07-20T13:31:30.072+0000][205.582s][2294560][2294576][debug] GC(87)  ParOldGen       total 5592576K, used 3938815K [0x0000000600000000, 0x0000000755580000, 0x0000000755580000)
[2021-07-20T13:31:30.072+0000][205.582s][2294560][2294576][debug] GC(87)   object space 5592576K, 70% used [0x0000000600000000,0x00000006f067fe50,0x0000000755580000)
[2021-07-20T13:31:30.072+0000][205.582s][2294560][2294576][debug] GC(87)  Metaspace       used 50993K, committed 51392K, reserved 1097728K
[2021-07-20T13:31:30.072+0000][205.582s][2294560][2294576][debug] GC(87)   class space    used 6276K, committed 6464K, reserved 1048576K
[2021-07-20T13:31:30.072+0000][205.582s][2294560][2294576][info ] Safepoint "ParallelGCFailedAllocation", Time since last: 1415100829 ns, Reaching safepoint: 97300 ns, At safepoint: 27684713 ns, Total: 27782013 ns
[2021-07-20T13:31:31.072+0000][206.582s][2294560][2294576][info ] Safepoint "Cleanup", Time since last: 1000087150 ns, Reaching safepoint: 89111 ns, At safepoint: 12783 ns, Total: 101894 ns
[2021-07-20T13:31:32.072+0000][207.582s][2294560][2294576][info ] Safepoint "Cleanup", Time since last: 1000102590 ns, Reaching safepoint: 88326 ns, At safepoint: 11905 ns, Total: 100231 ns
[2021-07-20T13:31:37.505+0000][213.015s][2294560][2294576][debug] GC(88) Heap before GC invocations=89 (full 2):
[2021-07-20T13:31:37.505+0000][213.015s][2294560][2294576][debug] GC(88)  PSYoungGen      total 2783232K, used 2772448K [0x0000000755580000, 0x0000000800000000, 0x0000000800000000)
[2021-07-20T13:31:37.505+0000][213.015s][2294560][2294576][debug] GC(88)   eden space 2769408K, 100% used [0x0000000755580000,0x00000007fe600000,0x00000007fe600000)
[2021-07-20T13:31:37.505+0000][213.015s][2294560][2294576][debug] GC(88)   from space 13824K, 21% used [0x00000007ff280000,0x00000007ff578000,0x0000000800000000)
[2021-07-20T13:31:37.505+0000][213.015s][2294560][2294576][debug] GC(88)   to   space 12800K, 0% used [0x00000007fe600000,0x00000007fe600000,0x00000007ff280000)
[2021-07-20T13:31:37.505+0000][213.015s][2294560][2294576][debug] GC(88)  ParOldGen       total 5592576K, used 3938815K [0x0000000600000000, 0x0000000755580000, 0x0000000755580000)
[2021-07-20T13:31:37.505+0000][213.015s][2294560][2294576][debug] GC(88)   object space 5592576K, 70% used [0x0000000600000000,0x00000006f067fe50,0x0000000755580000)
[2021-07-20T13:31:37.505+0000][213.015s][2294560][2294576][debug] GC(88)  Metaspace       used 51000K, committed 51392K, reserved 1097728K
[2021-07-20T13:31:37.505+0000][213.015s][2294560][2294576][debug] GC(88)   class space    used 6276K, committed 6464K, reserved 1048576K
[2021-07-20T13:31:37.525+0000][213.035s][2294560][2294576][debug] GC(88) Desired survivor size 12582912 bytes, new threshold 1 (max threshold 15)
[2021-07-20T13:31:37.525+0000][213.035s][2294560][2294576][info ] GC(88) PSYoungGen: 2772448K(2783232K)->2912K(2782208K) Eden: 2769408K(2769408K)->0K(2769408K) From: 3040K(13824K)->2912K(12800K)
[2021-07-20T13:31:37.525+0000][213.035s][2294560][2294576][info ] GC(88) ParOldGen: 3938815K(5592576K)->3940047K(5592576K)
[2021-07-20T13:31:37.525+0000][213.035s][2294560][2294576][info ] GC(88) Pause Young (Allocation Failure) 6553M->3850M(8178M) 20.227ms
[2021-07-20T13:31:37.525+0000][213.035s][2294560][2294576][debug] GC(88) Heap after GC invocations=89 (full 2):
[2021-07-20T13:31:37.525+0000][213.035s][2294560][2294576][debug] GC(88)  PSYoungGen      total 2782208K, used 2912K [0x0000000755580000, 0x0000000800000000, 0x0000000800000000)
[2021-07-20T13:31:37.525+0000][213.035s][2294560][2294576][debug] GC(88)   eden space 2769408K, 0% used [0x0000000755580000,0x0000000755580000,0x00000007fe600000)
[2021-07-20T13:31:37.525+0000][213.035s][2294560][2294576][debug] GC(88)   from space 12800K, 22% used [0x00000007fe600000,0x00000007fe8d8000,0x00000007ff280000)
[2021-07-20T13:31:37.525+0000][213.035s][2294560][2294576][debug] GC(88)   to   space 12288K, 0% used [0x00000007ff400000,0x00000007ff400000,0x0000000800000000)
[2021-07-20T13:31:37.525+0000][213.035s][2294560][2294576][debug] GC(88)  ParOldGen       total 5592576K, used 3940047K [0x0000000600000000, 0x0000000755580000, 0x0000000755580000)
[2021-07-20T13:31:37.525+0000][213.035s][2294560][2294576][debug] GC(88)   object space 5592576K, 70% used [0x0000000600000000,0x00000006f07b3e50,0x0000000755580000)
[2021-07-20T13:31:37.525+0000][213.035s][2294560][2294576][debug] GC(88)  Metaspace       used 51000K, committed 51392K, reserved 1097728K
[2021-07-20T13:31:37.525+0000][213.035s][2294560][2294576][debug] GC(88)   class space    used 6276K, committed 6464K, reserved 1048576K
[2021-07-20T13:31:37.526+0000][213.036s][2294560][2294576][info ] Safepoint "ParallelGCFailedAllocation", Time since last: 5432799268 ns, Reaching safepoint: 89353 ns, At safepoint: 20588152 ns, Total: 20677505 ns
[2021-07-20T13:31:40.526+0000][216.036s][2294560][2294576][info ] Safepoint "Cleanup", Time since last: 3000205582 ns, Reaching safepoint: 91746 ns, At safepoint: 16813 ns, Total: 108559 ns
[2021-07-20T13:31:44.937+0000][220.447s][2294560][2294576][debug] GC(89) Heap before GC invocations=90 (full 2):
[2021-07-20T13:31:44.937+0000][220.447s][2294560][2294576][debug] GC(89)  PSYoungGen      total 2782208K, used 2772320K [0x0000000755580000, 0x0000000800000000, 0x0000000800000000)
[2021-07-20T13:31:44.937+0000][220.447s][2294560][2294576][debug] GC(89)   eden space 2769408K, 100% used [0x0000000755580000,0x00000007fe600000,0x00000007fe600000)
[2021-07-20T13:31:44.937+0000][220.447s][2294560][2294576][debug] GC(89)   from space 12800K, 22% used [0x00000007fe600000,0x00000007fe8d8000,0x00000007ff280000)
[2021-07-20T13:31:44.937+0000][220.447s][2294560][2294576][debug] GC(89)   to   space 12288K, 0% used [0x00000007ff400000,0x00000007ff400000,0x0000000800000000)
[2021-07-20T13:31:44.937+0000][220.447s][2294560][2294576][debug] GC(89)  ParOldGen       total 5592576K, used 3940047K [0x0000000600000000, 0x0000000755580000, 0x0000000755580000)
[2021-07-20T13:31:44.937+0000][220.447s][2294560][2294576][debug] GC(89)   object space 5592576K, 70% used [0x0000000600000000,0x00000006f07b3e50,0x0000000755580000)
[2021-07-20T13:31:44.937+0000][220.447s][2294560][2294576][debug] GC(89)  Metaspace       used 51013K, committed 51392K, reserved 1097728K
[2021-07-20T13:31:44.937+0000][220.447s][2294560][2294576][debug] GC(89)   class space    used 6276K, committed 6464K, reserved 1048576K
[2021-07-20T13:31:44.958+0000][220.468s][2294560][2294576][debug] GC(89) Desired survivor size 11534336 bytes, new threshold 1 (max threshold 15)
[2021-07-20T13:31:44.958+0000][220.468s][2294560][2294576][debug] GC(89) Running ParallelGC PreTouch tail with 1 workers for 1 work units pre-touching 3145728B.
[2021-07-20T13:31:44.958+0000][220.468s][2294560][2294576][debug] GC(89) Running ParallelGC PreTouch tail with 1 workers for 1 work units pre-touching 1572864B.
[2021-07-20T13:31:44.958+0000][220.468s][2294560][2294576][info ] GC(89) PSYoungGen: 2772320K(2782208K)->3200K(2784768K) Eden: 2769408K(2769408K)->0K(2772480K) From: 2912K(12800K)->3200K(12288K)
[2021-07-20T13:31:44.958+0000][220.468s][2294560][2294576][info ] GC(89) ParOldGen: 3940047K(5592576K)->3941103K(5592576K)
[2021-07-20T13:31:44.958+0000][220.468s][2294560][2294576][info ] GC(89) Pause Young (Allocation Failure) 6555M->3851M(8181M) 21.364ms
[2021-07-20T13:31:44.958+0000][220.468s][2294560][2294576][debug] GC(89) Heap after GC invocations=90 (full 2):
[2021-07-20T13:31:44.958+0000][220.468s][2294560][2294576][debug] GC(89)  PSYoungGen      total 2784768K, used 3200K [0x0000000755580000, 0x0000000800000000, 0x0000000800000000)
[2021-07-20T13:31:44.958+0000][220.468s][2294560][2294576][debug] GC(89)   eden space 2772480K, 0% used [0x0000000755580000,0x0000000755580000,0x00000007fe900000)
[2021-07-20T13:31:44.958+0000][220.468s][2294560][2294576][debug] GC(89)   from space 12288K, 26% used [0x00000007ff400000,0x00000007ff720000,0x0000000800000000)
[2021-07-20T13:31:44.958+0000][220.468s][2294560][2294576][debug] GC(89)   to   space 11264K, 0% used [0x00000007fe900000,0x00000007fe900000,0x00000007ff400000)
[2021-07-20T13:31:44.958+0000][220.468s][2294560][2294576][debug] GC(89)  ParOldGen       total 5592576K, used 3941103K [0x0000000600000000, 0x0000000755580000, 0x0000000755580000)
[2021-07-20T13:31:44.958+0000][220.468s][2294560][2294576][debug] GC(89)   object space 5592576K, 70% used [0x0000000600000000,0x00000006f08bbe50,0x0000000755580000)
[2021-07-20T13:31:44.958+0000][220.468s][2294560][2294576][debug] GC(89)  Metaspace       used 51013K, committed 51392K, reserved 1097728K
[2021-07-20T13:31:44.958+0000][220.468s][2294560][2294576][debug] GC(89)   class space    used 6276K, committed 6464K, reserved 1048576K
[2021-07-20T13:31:44.959+0000][220.469s][2294560][2294576][info ] Safepoint "ParallelGCFailedAllocation", Time since last: 4410867486 ns, Reaching safepoint: 92406 ns, At safepoint: 21736096 ns, Total: 21828502 ns
[2021-07-20T13:31:51.959+0000][227.469s][2294560][2294576][info ] Safepoint "Cleanup", Time since last: 7000436340 ns, Reaching safepoint: 91894 ns, At safepoint: 11004 ns, Total: 102898 ns
[2021-07-20T13:31:52.392+0000][227.902s][2294560][2294576][debug] GC(90) Heap before GC invocations=91 (full 2):
[2021-07-20T13:31:52.393+0000][227.902s][2294560][2294576][debug] GC(90)  PSYoungGen      total 2784768K, used 2775680K [0x0000000755580000, 0x0000000800000000, 0x0000000800000000)
[2021-07-20T13:31:52.393+0000][227.902s][2294560][2294576][debug] GC(90)   eden space 2772480K, 100% used [0x0000000755580000,0x00000007fe900000,0x00000007fe900000)
[2021-07-20T13:31:52.393+0000][227.902s][2294560][2294576][debug] GC(90)   from space 12288K, 26% used [0x00000007ff400000,0x00000007ff720000,0x0000000800000000)
[2021-07-20T13:31:52.393+0000][227.902s][2294560][2294576][debug] GC(90)   to   space 11264K, 0% used [0x00000007fe900000,0x00000007fe900000,0x00000007ff400000)
[2021-07-20T13:31:52.393+0000][227.903s][2294560][2294576][debug] GC(90)  ParOldGen       total 5592576K, used 3941103K [0x0000000600000000, 0x0000000755580000, 0x0000000755580000)
[2021-07-20T13:31:52.393+0000][227.903s][2294560][2294576][debug] GC(90)   object space 5592576K, 70% used [0x0000000600000000,0x00000006f08bbe50,0x0000000755580000)
[2021-07-20T13:31:52.393+0000][227.903s][2294560][2294576][debug] GC(90)  Metaspace       used 51027K, committed 51392K, reserved 1097728K
[2021-07-20T13:31:52.393+0000][227.903s][2294560][2294576][debug] GC(90)   class space    used 6276K, committed 6464K, reserved 1048576K
[2021-07-20T13:31:52.415+0000][227.925s][2294560][2294576][debug] GC(90) Desired survivor size 11010048 bytes, new threshold 1 (max threshold 15)
[2021-07-20T13:31:52.415+0000][227.925s][2294560][2294576][info ] GC(90) PSYoungGen: 2775680K(2784768K)->3360K(2783744K) Eden: 2772480K(2772480K)->0K(2772480K) From: 3200K(12288K)->3360K(11264K)
[2021-07-20T13:31:52.415+0000][227.925s][2294560][2294576][info ] GC(90) ParOldGen: 3941103K(5592576K)->3942503K(5592576K)
[2021-07-20T13:31:52.415+0000][227.925s][2294560][2294576][info ] GC(90) Pause Young (Allocation Failure) 6559M->3853M(8180M) 22.442ms
[2021-07-20T13:31:52.415+0000][227.925s][2294560][2294576][debug] GC(90) Heap after GC invocations=91 (full 2):
[2021-07-20T13:31:52.415+0000][227.925s][2294560][2294576][debug] GC(90)  PSYoungGen      total 2783744K, used 3360K [0x0000000755580000, 0x0000000800000000, 0x0000000800000000)
[2021-07-20T13:31:52.415+0000][227.925s][2294560][2294576][debug] GC(90)   eden space 2772480K, 0% used [0x0000000755580000,0x0000000755580000,0x00000007fe900000)
[2021-07-20T13:31:52.415+0000][227.925s][2294560][2294576][debug] GC(90)   from space 11264K, 29% used [0x00000007fe900000,0x00000007fec48000,0x00000007ff400000)
[2021-07-20T13:31:52.415+0000][227.925s][2294560][2294576][debug] GC(90)   to   space 10752K, 0% used [0x00000007ff580000,0x00000007ff580000,0x0000000800000000)
[2021-07-20T13:31:52.415+0000][227.925s][2294560][2294576][debug] GC(90)  ParOldGen       total 5592576K, used 3942503K [0x0000000600000000, 0x0000000755580000, 0x0000000755580000)
[2021-07-20T13:31:52.415+0000][227.925s][2294560][2294576][debug] GC(90)   object space 5592576K, 70% used [0x0000000600000000,0x00000006f0a19e50,0x0000000755580000)
[2021-07-20T13:31:52.415+0000][227.925s][2294560][2294576][debug] GC(90)  Metaspace       used 51027K, committed 51392K, reserved 1097728K
[2021-07-20T13:31:52.415+0000][227.925s][2294560][2294576][debug] GC(90)   class space    used 6276K, committed 6464K, reserved 1048576K
[2021-07-20T13:31:52.415+0000][227.925s][2294560][2294576][info ] Safepoint "ParallelGCFailedAllocation", Time since last: 433200770 ns, Reaching safepoint: 88737 ns, At safepoint: 22753972 ns, Total: 22842709 ns
[2021-07-20T13:31:53.415+0000][228.925s][2294560][2294576][info ] Safepoint "Cleanup", Time since last: 1000091232 ns, Reaching safepoint: 91201 ns, At safepoint: 10945 ns, Total: 102146 ns
[2021-07-20T13:31:56.416+0000][231.926s][2294560][2294576][info ] Safepoint "Cleanup", Time since last: 3000226322 ns, Reaching safepoint: 93398 ns, At safepoint: 15074 ns, Total: 108472 ns
[2021-07-20T13:31:59.886+0000][235.396s][2294560][2294576][debug] GC(91) Heap before GC invocations=92 (full 2):
[2021-07-20T13:31:59.886+0000][235.396s][2294560][2294576][debug] GC(91)  PSYoungGen      total 2783744K, used 2775840K [0x0000000755580000, 0x0000000800000000, 0x0000000800000000)
[2021-07-20T13:31:59.886+0000][235.396s][2294560][2294576][debug] GC(91)   eden space 2772480K, 100% used [0x0000000755580000,0x00000007fe900000,0x00000007fe900000)
[2021-07-20T13:31:59.886+0000][235.396s][2294560][2294576][debug] GC(91)   from space 11264K, 29% used [0x00000007fe900000,0x00000007fec48000,0x00000007ff400000)
[2021-07-20T13:31:59.886+0000][235.396s][2294560][2294576][debug] GC(91)   to   space 10752K, 0% used [0x00000007ff580000,0x00000007ff580000,0x0000000800000000)
[2021-07-20T13:31:59.886+0000][235.396s][2294560][2294576][debug] GC(91)  ParOldGen       total 5592576K, used 3942503K [0x0000000600000000, 0x0000000755580000, 0x0000000755580000)
[2021-07-20T13:31:59.886+0000][235.396s][2294560][2294576][debug] GC(91)   object space 5592576K, 70% used [0x0000000600000000,0x00000006f0a19e50,0x0000000755580000)
[2021-07-20T13:31:59.886+0000][235.396s][2294560][2294576][debug] GC(91)  Metaspace       used 51045K, committed 51456K, reserved 1097728K
[2021-07-20T13:31:59.886+0000][235.396s][2294560][2294576][debug] GC(91)   class space    used 6276K, committed 6464K, reserved 1048576K
[2021-07-20T13:31:59.907+0000][235.417s][2294560][2294576][debug] GC(91) Desired survivor size 10485760 bytes, new threshold 1 (max threshold 15)
[2021-07-20T13:31:59.907+0000][235.417s][2294560][2294576][debug] GC(91) Running ParallelGC PreTouch tail with 1 workers for 1 work units pre-touching 2621440B.
[2021-07-20T13:31:59.907+0000][235.417s][2294560][2294576][debug] GC(91) Running ParallelGC PreTouch tail with 1 workers for 1 work units pre-touching 1572864B.
[2021-07-20T13:31:59.907+0000][235.417s][2294560][2294576][info ] GC(91) PSYoungGen: 2775840K(2783744K)->3456K(2785792K) Eden: 2772480K(2772480K)->0K(2775040K) From: 3360K(11264K)->3456K(10752K)
[2021-07-20T13:31:59.907+0000][235.417s][2294560][2294576][info ] GC(91) ParOldGen: 3942503K(5592576K)->3944087K(5592576K)
[2021-07-20T13:31:59.907+0000][235.417s][2294560][2294576][info ] GC(91) Pause Young (Allocation Failure) 6560M->3855M(8182M) 21.595ms
[2021-07-20T13:31:59.907+0000][235.417s][2294560][2294576][debug] GC(91) Heap after GC invocations=92 (full 2):
[2021-07-20T13:31:59.907+0000][235.417s][2294560][2294576][debug] GC(91)  PSYoungGen      total 2785792K, used 3456K [0x0000000755580000, 0x0000000800000000, 0x0000000800000000)
[2021-07-20T13:31:59.907+0000][235.417s][2294560][2294576][debug] GC(91)   eden space 2775040K, 0% used [0x0000000755580000,0x0000000755580000,0x00000007feb80000)
[2021-07-20T13:31:59.907+0000][235.417s][2294560][2294576][debug] GC(91)   from space 10752K, 32% used [0x00000007ff580000,0x00000007ff8e0000,0x0000000800000000)
[2021-07-20T13:31:59.907+0000][235.417s][2294560][2294576][debug] GC(91)   to   space 10240K, 0% used [0x00000007feb80000,0x00000007feb80000,0x00000007ff580000)
[2021-07-20T13:31:59.907+0000][235.417s][2294560][2294576][debug] GC(91)  ParOldGen       total 5592576K, used 3944087K [0x0000000600000000, 0x0000000755580000, 0x0000000755580000)
[2021-07-20T13:31:59.907+0000][235.417s][2294560][2294576][debug] GC(91)   object space 5592576K, 70% used [0x0000000600000000,0x00000006f0ba5e50,0x0000000755580000)
[2021-07-20T13:31:59.907+0000][235.417s][2294560][2294576][debug] GC(91)  Metaspace       used 51045K, committed 51456K, reserved 1097728K
[2021-07-20T13:31:59.907+0000][235.417s][2294560][2294576][debug] GC(91)   class space    used 6276K, committed 6464K, reserved 1048576K
[2021-07-20T13:31:59.908+0000][235.418s][2294560][2294576][info ] Safepoint "ParallelGCFailedAllocation", Time since last: 3469819326 ns, Reaching safepoint: 91073 ns, At safepoint: 21942193 ns, Total: 22033266 ns
[2021-07-20T13:32:07.330+0000][242.840s][2294560][2294576][debug] GC(92) Heap before GC invocations=93 (full 2):
[2021-07-20T13:32:07.330+0000][242.840s][2294560][2294576][debug] GC(92)  PSYoungGen      total 2785792K, used 2778496K [0x0000000755580000, 0x0000000800000000, 0x0000000800000000)
[2021-07-20T13:32:07.330+0000][242.840s][2294560][2294576][debug] GC(92)   eden space 2775040K, 100% used [0x0000000755580000,0x00000007feb80000,0x00000007feb80000)
[2021-07-20T13:32:07.330+0000][242.840s][2294560][2294576][debug] GC(92)   from space 10752K, 32% used [0x00000007ff580000,0x00000007ff8e0000,0x0000000800000000)
[2021-07-20T13:32:07.331+0000][242.840s][2294560][2294576][debug] GC(92)   to   space 10240K, 0% used [0x00000007feb80000,0x00000007feb80000,0x00000007ff580000)
[2021-07-20T13:32:07.331+0000][242.840s][2294560][2294576][debug] GC(92)  ParOldGen       total 5592576K, used 3944087K [0x0000000600000000, 0x0000000755580000, 0x0000000755580000)
[2021-07-20T13:32:07.331+0000][242.840s][2294560][2294576][debug] GC(92)   object space 5592576K, 70% used [0x0000000600000000,0x00000006f0ba5e50,0x0000000755580000)
[2021-07-20T13:32:07.331+0000][242.840s][2294560][2294576][debug] GC(92)  Metaspace       used 51045K, committed 51456K, reserved 1097728K
[2021-07-20T13:32:07.331+0000][242.840s][2294560][2294576][debug] GC(92)   class space    used 6276K, committed 6464K, reserved 1048576K
[2021-07-20T13:32:07.352+0000][242.862s][2294560][2294576][debug] GC(92) Desired survivor size 9961472 bytes, new threshold 1 (max threshold 15)
[2021-07-20T13:32:07.352+0000][242.862s][2294560][2294576][info ] GC(92) PSYoungGen: 2778496K(2785792K)->3264K(2785280K) Eden: 2775040K(2775040K)->0K(2775040K) From: 3456K(10752K)->3264K(10240K)
[2021-07-20T13:32:07.352+0000][242.862s][2294560][2294576][info ] GC(92) ParOldGen: 3944087K(5592576K)->3945863K(5592576K)
[2021-07-20T13:32:07.352+0000][242.862s][2294560][2294576][info ] GC(92) Pause Young (Allocation Failure) 6565M->3856M(8181M) 21.102ms
[2021-07-20T13:32:07.352+0000][242.862s][2294560][2294576][debug] GC(92) Heap after GC invocations=93 (full 2):
[2021-07-20T13:32:07.352+0000][242.862s][2294560][2294576][debug] GC(92)  PSYoungGen      total 2785280K, used 3264K [0x0000000755580000, 0x0000000800000000, 0x0000000800000000)
[2021-07-20T13:32:07.352+0000][242.862s][2294560][2294576][debug] GC(92)   eden space 2775040K, 0% used [0x0000000755580000,0x0000000755580000,0x00000007feb80000)
[2021-07-20T13:32:07.352+0000][242.862s][2294560][2294576][debug] GC(92)   from space 10240K, 31% used [0x00000007feb80000,0x00000007feeb0000,0x00000007ff580000)
[2021-07-20T13:32:07.352+0000][242.862s][2294560][2294576][debug] GC(92)   to   space 9728K, 0% used [0x00000007ff680000,0x00000007ff680000,0x0000000800000000)
[2021-07-20T13:32:07.352+0000][242.862s][2294560][2294576][debug] GC(92)  ParOldGen       total 5592576K, used 3945863K [0x0000000600000000, 0x0000000755580000, 0x0000000755580000)
[2021-07-20T13:32:07.352+0000][242.862s][2294560][2294576][debug] GC(92)   object space 5592576K, 70% used [0x0000000600000000,0x00000006f0d61e50,0x0000000755580000)
[2021-07-20T13:32:07.352+0000][242.862s][2294560][2294576][debug] GC(92)  Metaspace       used 51045K, committed 51456K, reserved 1097728K
[2021-07-20T13:32:07.352+0000][242.862s][2294560][2294576][debug] GC(92)   class space    used 6276K, committed 6464K, reserved 1048576K
[2021-07-20T13:32:07.352+0000][242.862s][2294560][2294576][info ] Safepoint "ParallelGCFailedAllocation", Time since last: 7422740295 ns, Reaching safepoint: 87732 ns, At safepoint: 21420616 ns, Total: 21508348 ns
[2021-07-20T13:32:08.352+0000][243.862s][2294560][2294576][info ] Safepoint "Cleanup", Time since last: 1000086754 ns, Reaching safepoint: 84550 ns, At safepoint: 9064 ns, Total: 93614 ns
[2021-07-20T13:32:13.352+0000][248.862s][2294560][2294576][info ] Safepoint "Cleanup", Time since last: 5000288317 ns, Reaching safepoint: 90266 ns, At safepoint: 13430 ns, Total: 103696 ns
[2021-07-20T13:32:14.822+0000][250.332s][2294560][2294576][debug] GC(93) Heap before GC invocations=94 (full 2):
[2021-07-20T13:32:14.822+0000][250.332s][2294560][2294576][debug] GC(93)  PSYoungGen      total 2785280K, used 2778304K [0x0000000755580000, 0x0000000800000000, 0x0000000800000000)
[2021-07-20T13:32:14.822+0000][250.332s][2294560][2294576][debug] GC(93)   eden space 2775040K, 100% used [0x0000000755580000,0x00000007feb80000,0x00000007feb80000)
[2021-07-20T13:32:14.822+0000][250.332s][2294560][2294576][debug] GC(93)   from space 10240K, 31% used [0x00000007feb80000,0x00000007feeb0000,0x00000007ff580000)
[2021-07-20T13:32:14.822+0000][250.332s][2294560][2294576][debug] GC(93)   to   space 9728K, 0% used [0x00000007ff680000,0x00000007ff680000,0x0000000800000000)
[2021-07-20T13:32:14.822+0000][250.332s][2294560][2294576][debug] GC(93)  ParOldGen       total 5592576K, used 3945863K [0x0000000600000000, 0x0000000755580000, 0x0000000755580000)
[2021-07-20T13:32:14.822+0000][250.332s][2294560][2294576][debug] GC(93)   object space 5592576K, 70% used [0x0000000600000000,0x00000006f0d61e50,0x0000000755580000)
[2021-07-20T13:32:14.822+0000][250.332s][2294560][2294576][debug] GC(93)  Metaspace       used 51055K, committed 51456K, reserved 1097728K
[2021-07-20T13:32:14.822+0000][250.332s][2294560][2294576][debug] GC(93)   class space    used 6276K, committed 6464K, reserved 1048576K
[2021-07-20T13:32:14.845+0000][250.354s][2294560][2294576][debug] GC(93) Desired survivor size 9437184 bytes, new threshold 1 (max threshold 15)
[2021-07-20T13:32:14.845+0000][250.355s][2294560][2294576][debug] GC(93) Running ParallelGC PreTouch tail with 1 workers for 1 work units pre-touching 2097152B.
[2021-07-20T13:32:14.845+0000][250.355s][2294560][2294576][debug] GC(93) Running ParallelGC PreTouch tail with 1 workers for 1 work units pre-touching 1048576B.
[2021-07-20T13:32:14.845+0000][250.355s][2294560][2294576][info ] GC(93) PSYoungGen: 2778304K(2785280K)->3072K(2786816K) Eden: 2775040K(2775040K)->0K(2777088K) From: 3264K(10240K)->3072K(9728K)
[2021-07-20T13:32:14.845+0000][250.355s][2294560][2294576][info ] GC(93) ParOldGen: 3945863K(5592576K)->3947191K(5592576K)
[2021-07-20T13:32:14.845+0000][250.355s][2294560][2294576][info ] GC(93) Pause Young (Allocation Failure) 6566M->3857M(8183M) 22.569ms
[2021-07-20T13:32:14.845+0000][250.355s][2294560][2294576][debug] GC(93) Heap after GC invocations=94 (full 2):
[2021-07-20T13:32:14.845+0000][250.355s][2294560][2294576][debug] GC(93)  PSYoungGen      total 2786816K, used 3072K [0x0000000755580000, 0x0000000800000000, 0x0000000800000000)
[2021-07-20T13:32:14.845+0000][250.355s][2294560][2294576][debug] GC(93)   eden space 2777088K, 0% used [0x0000000755580000,0x0000000755580000,0x00000007fed80000)
[2021-07-20T13:32:14.845+0000][250.355s][2294560][2294576][debug] GC(93)   from space 9728K, 31% used [0x00000007ff680000,0x00000007ff980000,0x0000000800000000)
[2021-07-20T13:32:14.845+0000][250.355s][2294560][2294576][debug] GC(93)   to   space 9216K, 0% used [0x00000007fed80000,0x00000007fed80000,0x00000007ff680000)
[2021-07-20T13:32:14.845+0000][250.355s][2294560][2294576][debug] GC(93)  ParOldGen       total 5592576K, used 3947191K [0x0000000600000000, 0x0000000755580000, 0x0000000755580000)
[2021-07-20T13:32:14.845+0000][250.355s][2294560][2294576][debug] GC(93)   object space 5592576K, 70% used [0x0000000600000000,0x00000006f0eade50,0x0000000755580000)
[2021-07-20T13:32:14.845+0000][250.355s][2294560][2294576][debug] GC(93)  Metaspace       used 51055K, committed 51456K, reserved 1097728K
[2021-07-20T13:32:14.845+0000][250.355s][2294560][2294576][debug] GC(93)   class space    used 6276K, committed 6464K, reserved 1048576K
[2021-07-20T13:32:14.845+0000][250.355s][2294560][2294576][info ] Safepoint "ParallelGCFailedAllocation", Time since last: 1469401453 ns, Reaching safepoint: 106309 ns, At safepoint: 22976106 ns, Total: 23082415 ns
[2021-07-20T13:32:18.845+0000][254.355s][2294560][2294576][info ] Safepoint "Cleanup", Time since last: 4000240913 ns, Reaching safepoint: 89888 ns, At safepoint: 22656 ns, Total: 112544 ns
[2021-07-20T13:32:22.316+0000][257.826s][2294560][2294576][debug] GC(94) Heap before GC invocations=95 (full 2):
[2021-07-20T13:32:22.316+0000][257.826s][2294560][2294576][debug] GC(94)  PSYoungGen      total 2786816K, used 2780160K [0x0000000755580000, 0x0000000800000000, 0x0000000800000000)
[2021-07-20T13:32:22.316+0000][257.826s][2294560][2294576][debug] GC(94)   eden space 2777088K, 100% used [0x0000000755580000,0x00000007fed80000,0x00000007fed80000)
[2021-07-20T13:32:22.316+0000][257.826s][2294560][2294576][debug] GC(94)   from space 9728K, 31% used [0x00000007ff680000,0x00000007ff980000,0x0000000800000000)
[2021-07-20T13:32:22.316+0000][257.826s][2294560][2294576][debug] GC(94)   to   space 9216K, 0% used [0x00000007fed80000,0x00000007fed80000,0x00000007ff680000)
[2021-07-20T13:32:22.316+0000][257.826s][2294560][2294576][debug] GC(94)  ParOldGen       total 5592576K, used 3947191K [0x0000000600000000, 0x0000000755580000, 0x0000000755580000)
[2021-07-20T13:32:22.316+0000][257.826s][2294560][2294576][debug] GC(94)   object space 5592576K, 70% used [0x0000000600000000,0x00000006f0eade50,0x0000000755580000)
[2021-07-20T13:32:22.316+0000][257.826s][2294560][2294576][debug] GC(94)  Metaspace       used 51065K, committed 51456K, reserved 1097728K
[2021-07-20T13:32:22.316+0000][257.826s][2294560][2294576][debug] GC(94)   class space    used 6276K, committed 6464K, reserved 1048576K
[2021-07-20T13:32:22.337+0000][257.847s][2294560][2294576][debug] GC(94) Desired survivor size 8912896 bytes, new threshold 1 (max threshold 15)
[2021-07-20T13:32:22.337+0000][257.847s][2294560][2294576][info ] GC(94) PSYoungGen: 2780160K(2786816K)->3136K(2786304K) Eden: 2777088K(2777088K)->0K(2777088K) From: 3072K(9728K)->3136K(9216K)
[2021-07-20T13:32:22.337+0000][257.847s][2294560][2294576][info ] GC(94) ParOldGen: 3947191K(5592576K)->3948391K(5592576K)
[2021-07-20T13:32:22.337+0000][257.847s][2294560][2294576][info ] GC(94) Pause Young (Allocation Failure) 6569M->3858M(8182M) 20.550ms
[2021-07-20T13:32:22.337+0000][257.847s][2294560][2294576][debug] GC(94) Heap after GC invocations=95 (full 2):
[2021-07-20T13:32:22.337+0000][257.847s][2294560][2294576][debug] GC(94)  PSYoungGen      total 2786304K, used 3136K [0x0000000755580000, 0x0000000800000000, 0x0000000800000000)
[2021-07-20T13:32:22.337+0000][257.847s][2294560][2294576][debug] GC(94)   eden space 2777088K, 0% used [0x0000000755580000,0x0000000755580000,0x00000007fed80000)
[2021-07-20T13:32:22.337+0000][257.847s][2294560][2294576][debug] GC(94)   from space 9216K, 34% used [0x00000007fed80000,0x00000007ff090000,0x00000007ff680000)
[2021-07-20T13:32:22.337+0000][257.847s][2294560][2294576][debug] GC(94)   to   space 8704K, 0% used [0x00000007ff780000,0x00000007ff780000,0x0000000800000000)
[2021-07-20T13:32:22.337+0000][257.847s][2294560][2294576][debug] GC(94)  ParOldGen       total 5592576K, used 3948391K [0x0000000600000000, 0x0000000755580000, 0x0000000755580000)
[2021-07-20T13:32:22.337+0000][257.847s][2294560][2294576][debug] GC(94)   object space 5592576K, 70% used [0x0000000600000000,0x00000006f0fd9e50,0x0000000755580000)
[2021-07-20T13:32:22.337+0000][257.847s][2294560][2294576][debug] GC(94)  Metaspace       used 51065K, committed 51456K, reserved 1097728K
[2021-07-20T13:32:22.337+0000][257.847s][2294560][2294576][debug] GC(94)   class space    used 6276K, committed 6464K, reserved 1048576K
[2021-07-20T13:32:22.337+0000][257.847s][2294560][2294576][info ] Safepoint "ParallelGCFailedAllocation", Time since last: 3470689031 ns, Reaching safepoint: 95385 ns, At safepoint: 20906925 ns, Total: 21002310 ns
[2021-07-20T13:32:23.337+0000][258.847s][2294560][2294576][info ] Safepoint "Cleanup", Time since last: 1000087249 ns, Reaching safepoint: 92275 ns, At safepoint: 13665 ns, Total: 105940 ns
[2021-07-20T13:32:24.337+0000][259.847s][2294560][2294576][info ] Safepoint "Cleanup", Time since last: 1000114841 ns, Reaching safepoint: 88883 ns, At safepoint: 13162 ns, Total: 102045 ns
[2021-07-20T13:32:25.338+0000][260.848s][2294560][2294576][info ] Safepoint "Cleanup", Time since last: 1000105246 ns, Reaching safepoint: 85552 ns, At safepoint: 12973 ns, Total: 98525 ns
[2021-07-20T13:32:26.338+0000][261.848s][2294560][2294576][info ] Safepoint "Cleanup", Time since last: 1000125087 ns, Reaching safepoint: 86401 ns, At safepoint: 12979 ns, Total: 99380 ns
[2021-07-20T13:32:29.786+0000][265.296s][2294560][2294576][debug] GC(95) Heap before GC invocations=96 (full 2):
[2021-07-20T13:32:29.786+0000][265.296s][2294560][2294576][debug] GC(95)  PSYoungGen      total 2786304K, used 2780224K [0x0000000755580000, 0x0000000800000000, 0x0000000800000000)
[2021-07-20T13:32:29.786+0000][265.296s][2294560][2294576][debug] GC(95)   eden space 2777088K, 100% used [0x0000000755580000,0x00000007fed80000,0x00000007fed80000)
[2021-07-20T13:32:29.786+0000][265.296s][2294560][2294576][debug] GC(95)   from space 9216K, 34% used [0x00000007fed80000,0x00000007ff090000,0x00000007ff680000)
[2021-07-20T13:32:29.786+0000][265.296s][2294560][2294576][debug] GC(95)   to   space 8704K, 0% used [0x00000007ff780000,0x00000007ff780000,0x0000000800000000)
[2021-07-20T13:32:29.786+0000][265.296s][2294560][2294576][debug] GC(95)  ParOldGen       total 5592576K, used 3948391K [0x0000000600000000, 0x0000000755580000, 0x0000000755580000)
[2021-07-20T13:32:29.786+0000][265.296s][2294560][2294576][debug] GC(95)   object space 5592576K, 70% used [0x0000000600000000,0x00000006f0fd9e50,0x0000000755580000)
[2021-07-20T13:32:29.786+0000][265.296s][2294560][2294576][debug] GC(95)  Metaspace       used 51109K, committed 51520K, reserved 1097728K
[2021-07-20T13:32:29.786+0000][265.296s][2294560][2294576][debug] GC(95)   class space    used 6276K, committed 6464K, reserved 1048576K
[2021-07-20T13:32:29.808+0000][265.318s][2294560][2294576][debug] GC(95) Desired survivor size 8388608 bytes, new threshold 1 (max threshold 15)
[2021-07-20T13:32:29.808+0000][265.318s][2294560][2294576][debug] GC(95) Running ParallelGC PreTouch tail with 1 workers for 1 work units pre-touching 2097152B.
[2021-07-20T13:32:29.808+0000][265.318s][2294560][2294576][debug] GC(95) Running ParallelGC PreTouch tail with 1 workers for 1 work units pre-touching 1048576B.
[2021-07-20T13:32:29.808+0000][265.318s][2294560][2294576][info ] GC(95) PSYoungGen: 2780224K(2786304K)->3168K(2787840K) Eden: 2777088K(2777088K)->0K(2779136K) From: 3136K(9216K)->3168K(8704K)
[2021-07-20T13:32:29.808+0000][265.318s][2294560][2294576][info ] GC(95) ParOldGen: 3948391K(5592576K)->3949695K(5592576K)
[2021-07-20T13:32:29.808+0000][265.318s][2294560][2294576][info ] GC(95) Pause Young (Allocation Failure) 6570M->3860M(8184M) 22.138ms
[2021-07-20T13:32:29.808+0000][265.318s][2294560][2294576][debug] GC(95) Heap after GC invocations=96 (full 2):
[2021-07-20T13:32:29.808+0000][265.318s][2294560][2294576][debug] GC(95)  PSYoungGen      total 2787840K, used 3168K [0x0000000755580000, 0x0000000800000000, 0x0000000800000000)
[2021-07-20T13:32:29.808+0000][265.318s][2294560][2294576][debug] GC(95)   eden space 2779136K, 0% used [0x0000000755580000,0x0000000755580000,0x00000007fef80000)
[2021-07-20T13:32:29.808+0000][265.318s][2294560][2294576][debug] GC(95)   from space 8704K, 36% used [0x00000007ff780000,0x00000007ffa98000,0x0000000800000000)
[2021-07-20T13:32:29.808+0000][265.318s][2294560][2294576][debug] GC(95)   to   space 8192K, 0% used [0x00000007fef80000,0x00000007fef80000,0x00000007ff780000)
[2021-07-20T13:32:29.808+0000][265.318s][2294560][2294576][debug] GC(95)  ParOldGen       total 5592576K, used 3949695K [0x0000000600000000, 0x0000000755580000, 0x0000000755580000)
[2021-07-20T13:32:29.808+0000][265.318s][2294560][2294576][debug] GC(95)   object space 5592576K, 70% used [0x0000000600000000,0x00000006f111fe50,0x0000000755580000)
[2021-07-20T13:32:29.808+0000][265.318s][2294560][2294576][debug] GC(95)  Metaspace       used 51109K, committed 51520K, reserved 1097728K
[2021-07-20T13:32:29.808+0000][265.318s][2294560][2294576][debug] GC(95)   class space    used 6276K, committed 6464K, reserved 1048576K
[2021-07-20T13:32:29.808+0000][265.318s][2294560][2294576][info ] Safepoint "ParallelGCFailedAllocation", Time since last: 3447828706 ns, Reaching safepoint: 91339 ns, At safepoint: 22477482 ns, Total: 22568821 ns
[2021-07-20T13:32:32.808+0000][268.318s][2294560][2294576][info ] Safepoint "Cleanup", Time since last: 3000188739 ns, Reaching safepoint: 87288 ns, At safepoint: 12339 ns, Total: 99627 ns
[2021-07-20T13:32:37.291+0000][272.801s][2294560][2294576][debug] GC(96) Heap before GC invocations=97 (full 2):
[2021-07-20T13:32:37.291+0000][272.801s][2294560][2294576][debug] GC(96)  PSYoungGen      total 2787840K, used 2782304K [0x0000000755580000, 0x0000000800000000, 0x0000000800000000)
[2021-07-20T13:32:37.291+0000][272.801s][2294560][2294576][debug] GC(96)   eden space 2779136K, 100% used [0x0000000755580000,0x00000007fef80000,0x00000007fef80000)
[2021-07-20T13:32:37.291+0000][272.801s][2294560][2294576][debug] GC(96)   from space 8704K, 36% used [0x00000007ff780000,0x00000007ffa98000,0x0000000800000000)
[2021-07-20T13:32:37.291+0000][272.801s][2294560][2294576][debug] GC(96)   to   space 8192K, 0% used [0x00000007fef80000,0x00000007fef80000,0x00000007ff780000)
[2021-07-20T13:32:37.291+0000][272.801s][2294560][2294576][debug] GC(96)  ParOldGen       total 5592576K, used 3949695K [0x0000000600000000, 0x0000000755580000, 0x0000000755580000)
[2021-07-20T13:32:37.291+0000][272.801s][2294560][2294576][debug] GC(96)   object space 5592576K, 70% used [0x0000000600000000,0x00000006f111fe50,0x0000000755580000)
[2021-07-20T13:32:37.291+0000][272.801s][2294560][2294576][debug] GC(96)  Metaspace       used 51113K, committed 51520K, reserved 1097728K
[2021-07-20T13:32:37.291+0000][272.801s][2294560][2294576][debug] GC(96)   class space    used 6276K, committed 6464K, reserved 1048576K
[2021-07-20T13:32:37.313+0000][272.823s][2294560][2294576][debug] GC(96) Desired survivor size 8388608 bytes, new threshold 1 (max threshold 15)
[2021-07-20T13:32:37.313+0000][272.823s][2294560][2294576][info ] GC(96) PSYoungGen: 2782304K(2787840K)->3168K(2787328K) Eden: 2779136K(2779136K)->0K(2779136K) From: 3168K(8704K)->3168K(8192K)
[2021-07-20T13:32:37.313+0000][272.823s][2294560][2294576][info ] GC(96) ParOldGen: 3949695K(5592576K)->3951007K(5592576K)
[2021-07-20T13:32:37.313+0000][272.823s][2294560][2294576][info ] GC(96) Pause Young (Allocation Failure) 6574M->3861M(8183M) 22.172ms
[2021-07-20T13:32:37.313+0000][272.823s][2294560][2294576][debug] GC(96) Heap after GC invocations=97 (full 2):
[2021-07-20T13:32:37.313+0000][272.823s][2294560][2294576][debug] GC(96)  PSYoungGen      total 2787328K, used 3168K [0x0000000755580000, 0x0000000800000000, 0x0000000800000000)
[2021-07-20T13:32:37.313+0000][272.823s][2294560][2294576][debug] GC(96)   eden space 2779136K, 0% used [0x0000000755580000,0x0000000755580000,0x00000007fef80000)
[2021-07-20T13:32:37.313+0000][272.823s][2294560][2294576][debug] GC(96)   from space 8192K, 38% used [0x00000007fef80000,0x00000007ff298000,0x00000007ff780000)
[2021-07-20T13:32:37.313+0000][272.823s][2294560][2294576][debug] GC(96)   to   space 8192K, 0% used [0x00000007ff800000,0x00000007ff800000,0x0000000800000000)
[2021-07-20T13:32:37.313+0000][272.823s][2294560][2294576][debug] GC(96)  ParOldGen       total 5592576K, used 3951007K [0x0000000600000000, 0x0000000755580000, 0x0000000755580000)
[2021-07-20T13:32:37.313+0000][272.823s][2294560][2294576][debug] GC(96)   object space 5592576K, 70% used [0x0000000600000000,0x00000006f1267e50,0x0000000755580000)
[2021-07-20T13:32:37.313+0000][272.823s][2294560][2294576][debug] GC(96)  Metaspace       used 51113K, committed 51520K, reserved 1097728K
[2021-07-20T13:32:37.313+0000][272.823s][2294560][2294576][debug] GC(96)   class space    used 6276K, committed 6464K, reserved 1048576K
[2021-07-20T13:32:37.313+0000][272.823s][2294560][2294576][info ] Safepoint "ParallelGCFailedAllocation", Time since last: 4482041383 ns, Reaching safepoint: 88263 ns, At safepoint: 22513630 ns, Total: 22601893 ns
[2021-07-20T13:32:44.314+0000][279.824s][2294560][2294576][info ] Safepoint "Cleanup", Time since last: 7000440481 ns, Reaching safepoint: 84113 ns, At safepoint: 10495 ns, Total: 94608 ns
[2021-07-20T13:32:54.315+0000][289.825s][2294560][2294576][info ] Safepoint "Cleanup", Time since last: 10000913979 ns, Reaching safepoint: 173992 ns, At safepoint: 10110 ns, Total: 184102 ns
[2021-07-20T13:32:55.657+0000][291.167s][2294560][2294576][info ] Safepoint "Cleanup", Time since last: 1341863615 ns, Reaching safepoint: 62550 ns, At safepoint: 9225 ns, Total: 71775 ns
[2021-07-20T13:32:55.685+0000][291.194s][2294560][2294576][debug] GC(97) Heap before GC invocations=98 (full 2):
[2021-07-20T13:32:55.685+0000][291.195s][2294560][2294576][debug] GC(97)  PSYoungGen      total 2787328K, used 2782304K [0x0000000755580000, 0x0000000800000000, 0x0000000800000000)
[2021-07-20T13:32:55.685+0000][291.195s][2294560][2294576][debug] GC(97)   eden space 2779136K, 100% used [0x0000000755580000,0x00000007fef80000,0x00000007fef80000)
[2021-07-20T13:32:55.685+0000][291.195s][2294560][2294576][debug] GC(97)   from space 8192K, 38% used [0x00000007fef80000,0x00000007ff298000,0x00000007ff780000)
[2021-07-20T13:32:55.685+0000][291.195s][2294560][2294576][debug] GC(97)   to   space 8192K, 0% used [0x00000007ff800000,0x00000007ff800000,0x0000000800000000)
[2021-07-20T13:32:55.685+0000][291.195s][2294560][2294576][debug] GC(97)  ParOldGen       total 5592576K, used 3951007K [0x0000000600000000, 0x0000000755580000, 0x0000000755580000)
[2021-07-20T13:32:55.685+0000][291.195s][2294560][2294576][debug] GC(97)   object space 5592576K, 70% used [0x0000000600000000,0x00000006f1267e50,0x0000000755580000)
[2021-07-20T13:32:55.685+0000][291.195s][2294560][2294576][debug] GC(97)  Metaspace       used 51172K, committed 51584K, reserved 1097728K
[2021-07-20T13:32:55.685+0000][291.195s][2294560][2294576][debug] GC(97)   class space    used 6276K, committed 6464K, reserved 1048576K
[2021-07-20T13:32:55.705+0000][291.215s][2294560][2294576][debug] GC(97) Desired survivor size 7864320 bytes, new threshold 1 (max threshold 15)
[2021-07-20T13:32:55.705+0000][291.215s][2294560][2294576][debug] GC(97) Running ParallelGC PreTouch tail with 1 workers for 1 work units pre-touching 1048576B.
[2021-07-20T13:32:55.705+0000][291.215s][2294560][2294576][debug] GC(97) Running ParallelGC PreTouch tail with 1 workers for 1 work units pre-touching 524288B.
[2021-07-20T13:32:55.705+0000][291.215s][2294560][2294576][info ] GC(97) PSYoungGen: 2782304K(2787328K)->3040K(2788352K) Eden: 2779136K(2779136K)->0K(2780160K) From: 3168K(8192K)->3040K(8192K)
[2021-07-20T13:32:55.705+0000][291.215s][2294560][2294576][info ] GC(97) ParOldGen: 3951007K(5592576K)->3952295K(5592576K)
[2021-07-20T13:32:55.705+0000][291.215s][2294560][2294576][info ] GC(97) Pause Young (Allocation Failure) 6575M->3862M(8184M) 20.411ms
[2021-07-20T13:32:55.705+0000][291.215s][2294560][2294576][debug] GC(97) Heap after GC invocations=98 (full 2):
[2021-07-20T13:32:55.705+0000][291.215s][2294560][2294576][debug] GC(97)  PSYoungGen      total 2788352K, used 3040K [0x0000000755580000, 0x0000000800000000, 0x0000000800000000)
[2021-07-20T13:32:55.705+0000][291.215s][2294560][2294576][debug] GC(97)   eden space 2780160K, 0% used [0x0000000755580000,0x0000000755580000,0x00000007ff080000)
[2021-07-20T13:32:55.705+0000][291.215s][2294560][2294576][debug] GC(97)   from space 8192K, 37% used [0x00000007ff800000,0x00000007ffaf8000,0x0000000800000000)
[2021-07-20T13:32:55.705+0000][291.215s][2294560][2294576][debug] GC(97)   to   space 7680K, 0% used [0x00000007ff080000,0x00000007ff080000,0x00000007ff800000)
[2021-07-20T13:32:55.705+0000][291.215s][2294560][2294576][debug] GC(97)  ParOldGen       total 5592576K, used 3952295K [0x0000000600000000, 0x0000000755580000, 0x0000000755580000)
[2021-07-20T13:32:55.705+0000][291.215s][2294560][2294576][debug] GC(97)   object space 5592576K, 70% used [0x0000000600000000,0x00000006f13a9e50,0x0000000755580000)
[2021-07-20T13:32:55.705+0000][291.215s][2294560][2294576][debug] GC(97)  Metaspace       used 51172K, committed 51584K, reserved 1097728K
[2021-07-20T13:32:55.705+0000][291.215s][2294560][2294576][debug] GC(97)   class space    used 6276K, committed 6464K, reserved 1048576K
[2021-07-20T13:32:55.705+0000][291.215s][2294560][2294576][info ] Safepoint "ParallelGCFailedAllocation", Time since last: 27748162 ns, Reaching safepoint: 74302 ns, At safepoint: 20674090 ns, Total: 20748392 ns
[2021-07-20T13:32:56.705+0000][292.215s][2294560][2294576][info ] Safepoint "Cleanup", Time since last: 1000078147 ns, Reaching safepoint: 89346 ns, At safepoint: 24711 ns, Total: 114057 ns
[2021-07-20T13:33:02.575+0000][298.085s][2294560][2294576][debug] GC(98) Heap before GC invocations=99 (full 2):
[2021-07-20T13:33:02.575+0000][298.085s][2294560][2294576][debug] GC(98)  PSYoungGen      total 2788352K, used 2783200K [0x0000000755580000, 0x0000000800000000, 0x0000000800000000)
[2021-07-20T13:33:02.575+0000][298.085s][2294560][2294576][debug] GC(98)   eden space 2780160K, 100% used [0x0000000755580000,0x00000007ff080000,0x00000007ff080000)
[2021-07-20T13:33:02.575+0000][298.085s][2294560][2294576][debug] GC(98)   from space 8192K, 37% used [0x00000007ff800000,0x00000007ffaf8000,0x0000000800000000)
[2021-07-20T13:33:02.575+0000][298.085s][2294560][2294576][debug] GC(98)   to   space 7680K, 0% used [0x00000007ff080000,0x00000007ff080000,0x00000007ff800000)
[2021-07-20T13:33:02.575+0000][298.085s][2294560][2294576][debug] GC(98)  ParOldGen       total 5592576K, used 3952295K [0x0000000600000000, 0x0000000755580000, 0x0000000755580000)
[2021-07-20T13:33:02.575+0000][298.085s][2294560][2294576][debug] GC(98)   object space 5592576K, 70% used [0x0000000600000000,0x00000006f13a9e50,0x0000000755580000)
[2021-07-20T13:33:02.575+0000][298.085s][2294560][2294576][debug] GC(98)  Metaspace       used 51182K, committed 51584K, reserved 1097728K
[2021-07-20T13:33:02.575+0000][298.085s][2294560][2294576][debug] GC(98)   class space    used 6276K, committed 6464K, reserved 1048576K
[2021-07-20T13:33:02.597+0000][298.107s][2294560][2294576][debug] GC(98) Desired survivor size 7340032 bytes, new threshold 1 (max threshold 15)
[2021-07-20T13:33:02.597+0000][298.107s][2294560][2294576][info ] GC(98) PSYoungGen: 2783200K(2788352K)->3232K(2787840K) Eden: 2780160K(2780160K)->0K(2780160K) From: 3040K(8192K)->3232K(7680K)
[2021-07-20T13:33:02.597+0000][298.107s][2294560][2294576][info ] GC(98) ParOldGen: 3952295K(5592576K)->3953543K(5592576K)
[2021-07-20T13:33:02.597+0000][298.107s][2294560][2294576][info ] GC(98) Pause Young (Allocation Failure) 6577M->3864M(8184M) 22.086ms
[2021-07-20T13:33:02.597+0000][298.107s][2294560][2294576][debug] GC(98) Heap after GC invocations=99 (full 2):
[2021-07-20T13:33:02.597+0000][298.107s][2294560][2294576][debug] GC(98)  PSYoungGen      total 2787840K, used 3232K [0x0000000755580000, 0x0000000800000000, 0x0000000800000000)
[2021-07-20T13:33:02.597+0000][298.107s][2294560][2294576][debug] GC(98)   eden space 2780160K, 0% used [0x0000000755580000,0x0000000755580000,0x00000007ff080000)
[2021-07-20T13:33:02.597+0000][298.107s][2294560][2294576][debug] GC(98)   from space 7680K, 42% used [0x00000007ff080000,0x00000007ff3a8000,0x00000007ff800000)
[2021-07-20T13:33:02.597+0000][298.107s][2294560][2294576][debug] GC(98)   to   space 7168K, 0% used [0x00000007ff900000,0x00000007ff900000,0x0000000800000000)
[2021-07-20T13:33:02.597+0000][298.107s][2294560][2294576][debug] GC(98)  ParOldGen       total 5592576K, used 3953543K [0x0000000600000000, 0x0000000755580000, 0x0000000755580000)
[2021-07-20T13:33:02.597+0000][298.107s][2294560][2294576][debug] GC(98)   object space 5592576K, 70% used [0x0000000600000000,0x00000006f14e1e50,0x0000000755580000)
[2021-07-20T13:33:02.597+0000][298.107s][2294560][2294576][debug] GC(98)  Metaspace       used 51182K, committed 51584K, reserved 1097728K
[2021-07-20T13:33:02.597+0000][298.107s][2294560][2294576][debug] GC(98)   class space    used 6276K, committed 6464K, reserved 1048576K
[2021-07-20T13:33:02.597+0000][298.107s][2294560][2294576][info ] Safepoint "ParallelGCFailedAllocation", Time since last: 5869384084 ns, Reaching safepoint: 90680 ns, At safepoint: 22410672 ns, Total: 22501352 ns
[2021-07-20T13:33:03.597+0000][299.107s][2294560][2294576][info ] Safepoint "Cleanup", Time since last: 1000087732 ns, Reaching safepoint: 86041 ns, At safepoint: 11006 ns, Total: 97047 ns
[2021-07-20T13:33:10.087+0000][305.597s][2294560][2294576][debug] GC(99) Heap before GC invocations=100 (full 2):
[2021-07-20T13:33:10.087+0000][305.597s][2294560][2294576][debug] GC(99)  PSYoungGen      total 2787840K, used 2783392K [0x0000000755580000, 0x0000000800000000, 0x0000000800000000)
[2021-07-20T13:33:10.087+0000][305.597s][2294560][2294576][debug] GC(99)   eden space 2780160K, 100% used [0x0000000755580000,0x00000007ff080000,0x00000007ff080000)
[2021-07-20T13:33:10.087+0000][305.597s][2294560][2294576][debug] GC(99)   from space 7680K, 42% used [0x00000007ff080000,0x00000007ff3a8000,0x00000007ff800000)
[2021-07-20T13:33:10.087+0000][305.597s][2294560][2294576][debug] GC(99)   to   space 7168K, 0% used [0x00000007ff900000,0x00000007ff900000,0x0000000800000000)
[2021-07-20T13:33:10.087+0000][305.597s][2294560][2294576][debug] GC(99)  ParOldGen       total 5592576K, used 3953543K [0x0000000600000000, 0x0000000755580000, 0x0000000755580000)
[2021-07-20T13:33:10.087+0000][305.597s][2294560][2294576][debug] GC(99)   object space 5592576K, 70% used [0x0000000600000000,0x00000006f14e1e50,0x0000000755580000)
[2021-07-20T13:33:10.087+0000][305.597s][2294560][2294576][debug] GC(99)  Metaspace       used 51183K, committed 51584K, reserved 1097728K
[2021-07-20T13:33:10.087+0000][305.597s][2294560][2294576][debug] GC(99)   class space    used 6276K, committed 6464K, reserved 1048576K
[2021-07-20T13:33:10.109+0000][305.619s][2294560][2294576][debug] GC(99) Desired survivor size 7340032 bytes, new threshold 1 (max threshold 15)
[2021-07-20T13:33:10.109+0000][305.619s][2294560][2294576][debug] GC(99) Running ParallelGC PreTouch tail with 1 workers for 1 work units pre-touching 1572864B.
[2021-07-20T13:33:10.109+0000][305.619s][2294560][2294576][debug] GC(99) Running ParallelGC PreTouch tail with 1 workers for 1 work units pre-touching 1048576B.
[2021-07-20T13:33:10.109+0000][305.619s][2294560][2294576][info ] GC(99) PSYoungGen: 2783392K(2787840K)->2912K(2788864K) Eden: 2780160K(2780160K)->0K(2781696K) From: 3232K(7680K)->2912K(7168K)
[2021-07-20T13:33:10.109+0000][305.619s][2294560][2294576][info ] GC(99) ParOldGen: 3953543K(5592576K)->3954975K(5592576K)
[2021-07-20T13:33:10.109+0000][305.619s][2294560][2294576][info ] GC(99) Pause Young (Allocation Failure) 6579M->3865M(8185M) 21.999ms
[2021-07-20T13:33:10.109+0000][305.619s][2294560][2294576][debug] GC(99) Heap after GC invocations=100 (full 2):
[2021-07-20T13:33:10.109+0000][305.619s][2294560][2294576][debug] GC(99)  PSYoungGen      total 2788864K, used 2912K [0x0000000755580000, 0x0000000800000000, 0x0000000800000000)
[2021-07-20T13:33:10.109+0000][305.619s][2294560][2294576][debug] GC(99)   eden space 2781696K, 0% used [0x0000000755580000,0x0000000755580000,0x00000007ff200000)
[2021-07-20T13:33:10.109+0000][305.619s][2294560][2294576][debug] GC(99)   from space 7168K, 40% used [0x00000007ff900000,0x00000007ffbd8000,0x0000000800000000)
[2021-07-20T13:33:10.109+0000][305.619s][2294560][2294576][debug] GC(99)   to   space 7168K, 0% used [0x00000007ff200000,0x00000007ff200000,0x00000007ff900000)
[2021-07-20T13:33:10.109+0000][305.619s][2294560][2294576][debug] GC(99)  ParOldGen       total 5592576K, used 3954975K [0x0000000600000000, 0x0000000755580000, 0x0000000755580000)
[2021-07-20T13:33:10.109+0000][305.619s][2294560][2294576][debug] GC(99)   object space 5592576K, 70% used [0x0000000600000000,0x00000006f1647e90,0x0000000755580000)
[2021-07-20T13:33:10.109+0000][305.619s][2294560][2294576][debug] GC(99)  Metaspace       used 51183K, committed 51584K, reserved 1097728K
[2021-07-20T13:33:10.109+0000][305.619s][2294560][2294576][debug] GC(99)   class space    used 6276K, committed 6464K, reserved 1048576K
[2021-07-20T13:33:10.109+0000][305.619s][2294560][2294576][info ] Safepoint "ParallelGCFailedAllocation", Time since last: 6489313945 ns, Reaching safepoint: 92661 ns, At safepoint: 22349269 ns, Total: 22441930 ns
[2021-07-20T13:33:11.109+0000][306.619s][2294560][2294576][info ] Safepoint "Cleanup", Time since last: 1000056546 ns, Reaching safepoint: 89626 ns, At safepoint: 14079 ns, Total: 103705 ns
[2021-07-20T13:33:17.632+0000][313.142s][2294560][2294576][debug] GC(100) Heap before GC invocations=101 (full 2):
[2021-07-20T13:33:17.632+0000][313.142s][2294560][2294576][debug] GC(100)  PSYoungGen      total 2788864K, used 2784608K [0x0000000755580000, 0x0000000800000000, 0x0000000800000000)
[2021-07-20T13:33:17.632+0000][313.142s][2294560][2294576][debug] GC(100)   eden space 2781696K, 100% used [0x0000000755580000,0x00000007ff200000,0x00000007ff200000)
[2021-07-20T13:33:17.632+0000][313.142s][2294560][2294576][debug] GC(100)   from space 7168K, 40% used [0x00000007ff900000,0x00000007ffbd8000,0x0000000800000000)
[2021-07-20T13:33:17.632+0000][313.142s][2294560][2294576][debug] GC(100)   to   space 7168K, 0% used [0x00000007ff200000,0x00000007ff200000,0x00000007ff900000)
[2021-07-20T13:33:17.632+0000][313.142s][2294560][2294576][debug] GC(100)  ParOldGen       total 5592576K, used 3954975K [0x0000000600000000, 0x0000000755580000, 0x0000000755580000)
[2021-07-20T13:33:17.632+0000][313.142s][2294560][2294576][debug] GC(100)   object space 5592576K, 70% used [0x0000000600000000,0x00000006f1647e90,0x0000000755580000)
[2021-07-20T13:33:17.632+0000][313.142s][2294560][2294576][debug] GC(100)  Metaspace       used 51184K, committed 51584K, reserved 1097728K
[2021-07-20T13:33:17.632+0000][313.142s][2294560][2294576][debug] GC(100)   class space    used 6276K, committed 6464K, reserved 1048576K
[2021-07-20T13:33:17.654+0000][313.164s][2294560][2294576][debug] GC(100) Desired survivor size 6815744 bytes, new threshold 1 (max threshold 15)
[2021-07-20T13:33:17.654+0000][313.164s][2294560][2294576][info ] GC(100) PSYoungGen: 2784608K(2788864K)->2976K(2788864K) Eden: 2781696K(2781696K)->0K(2781696K) From: 2912K(7168K)->2976K(7168K)
[2021-07-20T13:33:17.654+0000][313.164s][2294560][2294576][info ] GC(100) ParOldGen: 3954975K(5592576K)->3956127K(5592576K)
[2021-07-20T13:33:17.654+0000][313.164s][2294560][2294576][info ] GC(100) Pause Young (Allocation Failure) 6581M->3866M(8185M) 22.057ms
[2021-07-20T13:33:17.654+0000][313.164s][2294560][2294576][debug] GC(100) Heap after GC invocations=101 (full 2):
[2021-07-20T13:33:17.654+0000][313.164s][2294560][2294576][debug] GC(100)  PSYoungGen      total 2788864K, used 2976K [0x0000000755580000, 0x0000000800000000, 0x0000000800000000)
[2021-07-20T13:33:17.654+0000][313.164s][2294560][2294576][debug] GC(100)   eden space 2781696K, 0% used [0x0000000755580000,0x0000000755580000,0x00000007ff200000)
[2021-07-20T13:33:17.654+0000][313.164s][2294560][2294576][debug] GC(100)   from space 7168K, 41% used [0x00000007ff200000,0x00000007ff4e8000,0x00000007ff900000)
[2021-07-20T13:33:17.654+0000][313.164s][2294560][2294576][debug] GC(100)   to   space 6656K, 0% used [0x00000007ff980000,0x00000007ff980000,0x0000000800000000)
[2021-07-20T13:33:17.654+0000][313.164s][2294560][2294576][debug] GC(100)  ParOldGen       total 5592576K, used 3956127K [0x0000000600000000, 0x0000000755580000, 0x0000000755580000)
[2021-07-20T13:33:17.654+0000][313.164s][2294560][2294576][debug] GC(100)   object space 5592576K, 70% used [0x0000000600000000,0x00000006f1767e90,0x0000000755580000)
[2021-07-20T13:33:17.654+0000][313.164s][2294560][2294576][debug] GC(100)  Metaspace       used 51184K, committed 51584K, reserved 1097728K
[2021-07-20T13:33:17.654+0000][313.164s][2294560][2294576][debug] GC(100)   class space    used 6276K, committed 6464K, reserved 1048576K
[2021-07-20T13:33:17.654+0000][313.164s][2294560][2294576][info ] Safepoint "ParallelGCFailedAllocation", Time since last: 6522388544 ns, Reaching safepoint: 89416 ns, At safepoint: 22395093 ns, Total: 22484509 ns
[2021-07-20T13:33:23.655+0000][319.165s][2294560][2294576][info ] Safepoint "Cleanup", Time since last: 6000408368 ns, Reaching safepoint: 101749 ns, At safepoint: 14492 ns, Total: 116241 ns
[2021-07-20T13:33:25.192+0000][320.702s][2294560][2294576][debug] GC(101) Heap before GC invocations=102 (full 2):
[2021-07-20T13:33:25.192+0000][320.702s][2294560][2294576][debug] GC(101)  PSYoungGen      total 2788864K, used 2784672K [0x0000000755580000, 0x0000000800000000, 0x0000000800000000)
[2021-07-20T13:33:25.192+0000][320.702s][2294560][2294576][debug] GC(101)   eden space 2781696K, 100% used [0x0000000755580000,0x00000007ff200000,0x00000007ff200000)
[2021-07-20T13:33:25.192+0000][320.702s][2294560][2294576][debug] GC(101)   from space 7168K, 41% used [0x00000007ff200000,0x00000007ff4e8000,0x00000007ff900000)
[2021-07-20T13:33:25.192+0000][320.702s][2294560][2294576][debug] GC(101)   to   space 6656K, 0% used [0x00000007ff980000,0x00000007ff980000,0x0000000800000000)
[2021-07-20T13:33:25.192+0000][320.702s][2294560][2294576][debug] GC(101)  ParOldGen       total 5592576K, used 3956127K [0x0000000600000000, 0x0000000755580000, 0x0000000755580000)
[2021-07-20T13:33:25.192+0000][320.702s][2294560][2294576][debug] GC(101)   object space 5592576K, 70% used [0x0000000600000000,0x00000006f1767e90,0x0000000755580000)
[2021-07-20T13:33:25.192+0000][320.702s][2294560][2294576][debug] GC(101)  Metaspace       used 51186K, committed 51584K, reserved 1097728K
[2021-07-20T13:33:25.192+0000][320.702s][2294560][2294576][debug] GC(101)   class space    used 6276K, committed 6464K, reserved 1048576K
[2021-07-20T13:33:25.214+0000][320.724s][2294560][2294576][debug] GC(101) Desired survivor size 6815744 bytes, new threshold 1 (max threshold 15)
[2021-07-20T13:33:25.214+0000][320.724s][2294560][2294576][debug] GC(101) Running ParallelGC PreTouch tail with 1 workers for 1 work units pre-touching 1048576B.
[2021-07-20T13:33:25.214+0000][320.724s][2294560][2294576][debug] GC(101) Running ParallelGC PreTouch tail with 1 workers for 1 work units pre-touching 524288B.
[2021-07-20T13:33:25.214+0000][320.724s][2294560][2294576][info ] GC(101) PSYoungGen: 2784672K(2788864K)->2784K(2789376K) Eden: 2781696K(2781696K)->0K(2782720K) From: 2976K(7168K)->2784K(6656K)
[2021-07-20T13:33:25.214+0000][320.724s][2294560][2294576][info ] GC(101) ParOldGen: 3956127K(5592576K)->3957071K(5592576K)
[2021-07-20T13:33:25.214+0000][320.724s][2294560][2294576][info ] GC(101) Pause Young (Allocation Failure) 6582M->3867M(8185M) 21.771ms
[2021-07-20T13:33:25.214+0000][320.724s][2294560][2294576][debug] GC(101) Heap after GC invocations=102 (full 2):
[2021-07-20T13:33:25.214+0000][320.724s][2294560][2294576][debug] GC(101)  PSYoungGen      total 2789376K, used 2784K [0x0000000755580000, 0x0000000800000000, 0x0000000800000000)
[2021-07-20T13:33:25.214+0000][320.724s][2294560][2294576][debug] GC(101)   eden space 2782720K, 0% used [0x0000000755580000,0x0000000755580000,0x00000007ff300000)
[2021-07-20T13:33:25.214+0000][320.724s][2294560][2294576][debug] GC(101)   from space 6656K, 41% used [0x00000007ff980000,0x00000007ffc38000,0x0000000800000000)
[2021-07-20T13:33:25.214+0000][320.724s][2294560][2294576][debug] GC(101)   to   space 6656K, 0% used [0x00000007ff300000,0x00000007ff300000,0x00000007ff980000)
[2021-07-20T13:33:25.214+0000][320.724s][2294560][2294576][debug] GC(101)  ParOldGen       total 5592576K, used 3957071K [0x0000000600000000, 0x0000000755580000, 0x0000000755580000)
[2021-07-20T13:33:25.214+0000][320.724s][2294560][2294576][debug] GC(101)   object space 5592576K, 70% used [0x0000000600000000,0x00000006f1853e90,0x0000000755580000)
[2021-07-20T13:33:25.214+0000][320.724s][2294560][2294576][debug] GC(101)  Metaspace       used 51186K, committed 51584K, reserved 1097728K
[2021-07-20T13:33:25.214+0000][320.724s][2294560][2294576][debug] GC(101)   class space    used 6276K, committed 6464K, reserved 1048576K
[2021-07-20T13:33:25.214+0000][320.724s][2294560][2294576][info ] Safepoint "ParallelGCFailedAllocation", Time since last: 1537099537 ns, Reaching safepoint: 96563 ns, At safepoint: 22106502 ns, Total: 22203065 ns
[2021-07-20T13:33:27.214+0000][322.724s][2294560][2294576][info ] Safepoint "Cleanup", Time since last: 2000132912 ns, Reaching safepoint: 93837 ns, At safepoint: 12847 ns, Total: 106684 ns
[2021-07-20T13:33:28.215+0000][323.724s][2294560][2294576][info ] Safepoint "Cleanup", Time since last: 1000103123 ns, Reaching safepoint: 90510 ns, At safepoint: 11606 ns, Total: 102116 ns
[2021-07-20T13:33:32.754+0000][328.264s][2294560][2294576][debug] GC(102) Heap before GC invocations=103 (full 2):
[2021-07-20T13:33:32.754+0000][328.264s][2294560][2294576][debug] GC(102)  PSYoungGen      total 2789376K, used 2785504K [0x0000000755580000, 0x0000000800000000, 0x0000000800000000)
[2021-07-20T13:33:32.754+0000][328.264s][2294560][2294576][debug] GC(102)   eden space 2782720K, 100% used [0x0000000755580000,0x00000007ff300000,0x00000007ff300000)
[2021-07-20T13:33:32.754+0000][328.264s][2294560][2294576][debug] GC(102)   from space 6656K, 41% used [0x00000007ff980000,0x00000007ffc38000,0x0000000800000000)
[2021-07-20T13:33:32.754+0000][328.264s][2294560][2294576][debug] GC(102)   to   space 6656K, 0% used [0x00000007ff300000,0x00000007ff300000,0x00000007ff980000)
[2021-07-20T13:33:32.754+0000][328.264s][2294560][2294576][debug] GC(102)  ParOldGen       total 5592576K, used 3957071K [0x0000000600000000, 0x0000000755580000, 0x0000000755580000)
[2021-07-20T13:33:32.754+0000][328.264s][2294560][2294576][debug] GC(102)   object space 5592576K, 70% used [0x0000000600000000,0x00000006f1853e90,0x0000000755580000)
[2021-07-20T13:33:32.754+0000][328.264s][2294560][2294576][debug] GC(102)  Metaspace       used 51210K, committed 51584K, reserved 1097728K
[2021-07-20T13:33:32.754+0000][328.264s][2294560][2294576][debug] GC(102)   class space    used 6276K, committed 6464K, reserved 1048576K
[2021-07-20T13:33:32.773+0000][328.283s][2294560][2294576][debug] GC(102) Desired survivor size 6291456 bytes, new threshold 1 (max threshold 15)
[2021-07-20T13:33:32.774+0000][328.283s][2294560][2294576][info ] GC(102) PSYoungGen: 2785504K(2789376K)->2560K(2789376K) Eden: 2782720K(2782720K)->0K(2782720K) From: 2784K(6656K)->2560K(6656K)
[2021-07-20T13:33:32.774+0000][328.283s][2294560][2294576][info ] GC(102) ParOldGen: 3957071K(5592576K)->3957951K(5592576K)
[2021-07-20T13:33:32.774+0000][328.284s][2294560][2294576][info ] GC(102) Pause Young (Allocation Failure) 6584M->3867M(8185M) 19.043ms
[2021-07-20T13:33:32.774+0000][328.284s][2294560][2294576][debug] GC(102) Heap after GC invocations=103 (full 2):
[2021-07-20T13:33:32.774+0000][328.284s][2294560][2294576][debug] GC(102)  PSYoungGen      total 2789376K, used 2560K [0x0000000755580000, 0x0000000800000000, 0x0000000800000000)
[2021-07-20T13:33:32.774+0000][328.284s][2294560][2294576][debug] GC(102)   eden space 2782720K, 0% used [0x0000000755580000,0x0000000755580000,0x00000007ff300000)
[2021-07-20T13:33:32.774+0000][328.284s][2294560][2294576][debug] GC(102)   from space 6656K, 38% used [0x00000007ff300000,0x00000007ff580000,0x00000007ff980000)
[2021-07-20T13:33:32.774+0000][328.284s][2294560][2294576][debug] GC(102)   to   space 6144K, 0% used [0x00000007ffa00000,0x00000007ffa00000,0x0000000800000000)
[2021-07-20T13:33:32.774+0000][328.284s][2294560][2294576][debug] GC(102)  ParOldGen       total 5592576K, used 3957951K [0x0000000600000000, 0x0000000755580000, 0x0000000755580000)
[2021-07-20T13:33:32.774+0000][328.284s][2294560][2294576][debug] GC(102)   object space 5592576K, 70% used [0x0000000600000000,0x00000006f192fe90,0x0000000755580000)
[2021-07-20T13:33:32.774+0000][328.284s][2294560][2294576][debug] GC(102)  Metaspace       used 51210K, committed 51584K, reserved 1097728K
[2021-07-20T13:33:32.774+0000][328.284s][2294560][2294576][debug] GC(102)   class space    used 6276K, committed 6464K, reserved 1048576K
[2021-07-20T13:33:32.774+0000][328.284s][2294560][2294576][info ] Safepoint "ParallelGCFailedAllocation", Time since last: 4539772153 ns, Reaching safepoint: 97263 ns, At safepoint: 19362351 ns, Total: 19459614 ns
[2021-07-20T13:33:37.570+0000][333.080s][2294560][2294576][info ] Safepoint "Cleanup", Time since last: 4795767493 ns, Reaching safepoint: 69789 ns, At safepoint: 25800 ns, Total: 95589 ns
[2021-07-20T13:33:38.570+0000][334.080s][2294560][2294576][info ] Safepoint "Cleanup", Time since last: 1000109133 ns, Reaching safepoint: 121746 ns, At safepoint: 13371 ns, Total: 135117 ns
[2021-07-20T13:33:40.286+0000][335.796s][2294560][2294576][debug] GC(103) Heap before GC invocations=104 (full 2):
[2021-07-20T13:33:40.286+0000][335.796s][2294560][2294576][debug] GC(103)  PSYoungGen      total 2789376K, used 2785280K [0x0000000755580000, 0x0000000800000000, 0x0000000800000000)
[2021-07-20T13:33:40.286+0000][335.796s][2294560][2294576][debug] GC(103)   eden space 2782720K, 100% used [0x0000000755580000,0x00000007ff300000,0x00000007ff300000)
[2021-07-20T13:33:40.287+0000][335.796s][2294560][2294576][debug] GC(103)   from space 6656K, 38% used [0x00000007ff300000,0x00000007ff580000,0x00000007ff980000)
[2021-07-20T13:33:40.287+0000][335.796s][2294560][2294576][debug] GC(103)   to   space 6144K, 0% used [0x00000007ffa00000,0x00000007ffa00000,0x0000000800000000)
[2021-07-20T13:33:40.287+0000][335.796s][2294560][2294576][debug] GC(103)  ParOldGen       total 5592576K, used 3957951K [0x0000000600000000, 0x0000000755580000, 0x0000000755580000)
[2021-07-20T13:33:40.287+0000][335.796s][2294560][2294576][debug] GC(103)   object space 5592576K, 70% used [0x0000000600000000,0x00000006f192fe90,0x0000000755580000)
[2021-07-20T13:33:40.287+0000][335.796s][2294560][2294576][debug] GC(103)  Metaspace       used 51277K, committed 51648K, reserved 1097728K
[2021-07-20T13:33:40.287+0000][335.796s][2294560][2294576][debug] GC(103)   class space    used 6281K, committed 6464K, reserved 1048576K
[2021-07-20T13:33:40.308+0000][335.818s][2294560][2294576][debug] GC(103) Desired survivor size 6291456 bytes, new threshold 1 (max threshold 15)
[2021-07-20T13:33:40.308+0000][335.818s][2294560][2294576][debug] GC(103) Running ParallelGC PreTouch tail with 1 workers for 1 work units pre-touching 1048576B.
[2021-07-20T13:33:40.308+0000][335.818s][2294560][2294576][debug] GC(103) Running ParallelGC PreTouch tail with 1 workers for 1 work units pre-touching 524288B.
[2021-07-20T13:33:40.308+0000][335.818s][2294560][2294576][info ] GC(103) PSYoungGen: 2785280K(2789376K)->3264K(2789888K) Eden: 2782720K(2782720K)->0K(2783744K) From: 2560K(6656K)->3264K(6144K)
[2021-07-20T13:33:40.308+0000][335.818s][2294560][2294576][info ] GC(103) ParOldGen: 3957951K(5592576K)->3958463K(5592576K)
[2021-07-20T13:33:40.308+0000][335.818s][2294560][2294576][info ] GC(103) Pause Young (Allocation Failure) 6585M->3868M(8186M) 21.754ms
[2021-07-20T13:33:40.308+0000][335.818s][2294560][2294576][debug] GC(103) Heap after GC invocations=104 (full 2):
[2021-07-20T13:33:40.308+0000][335.818s][2294560][2294576][debug] GC(103)  PSYoungGen      total 2789888K, used 3264K [0x0000000755580000, 0x0000000800000000, 0x0000000800000000)
[2021-07-20T13:33:40.308+0000][335.818s][2294560][2294576][debug] GC(103)   eden space 2783744K, 0% used [0x0000000755580000,0x0000000755580000,0x00000007ff400000)
[2021-07-20T13:33:40.308+0000][335.818s][2294560][2294576][debug] GC(103)   from space 6144K, 53% used [0x00000007ffa00000,0x00000007ffd30000,0x0000000800000000)
[2021-07-20T13:33:40.308+0000][335.818s][2294560][2294576][debug] GC(103)   to   space 6144K, 0% used [0x00000007ff400000,0x00000007ff400000,0x00000007ffa00000)
[2021-07-20T13:33:40.308+0000][335.818s][2294560][2294576][debug] GC(103)  ParOldGen       total 5592576K, used 3958463K [0x0000000600000000, 0x0000000755580000, 0x0000000755580000)
[2021-07-20T13:33:40.308+0000][335.818s][2294560][2294576][debug] GC(103)   object space 5592576K, 70% used [0x0000000600000000,0x00000006f19afe90,0x0000000755580000)
[2021-07-20T13:33:40.308+0000][335.818s][2294560][2294576][debug] GC(103)  Metaspace       used 51277K, committed 51648K, reserved 1097728K
[2021-07-20T13:33:40.308+0000][335.818s][2294560][2294576][debug] GC(103)   class space    used 6281K, committed 6464K, reserved 1048576K
[2021-07-20T13:33:40.309+0000][335.818s][2294560][2294576][info ] Safepoint "ParallelGCFailedAllocation", Time since last: 1716501073 ns, Reaching safepoint: 88739 ns, At safepoint: 22085339 ns, Total: 22174078 ns
[2021-07-20T13:33:43.309+0000][338.819s][2294560][2294576][info ] Safepoint "Cleanup", Time since last: 3000209721 ns, Reaching safepoint: 91593 ns, At safepoint: 11410 ns, Total: 103003 ns
[2021-07-20T13:33:47.817+0000][343.327s][2294560][2294576][debug] GC(104) Heap before GC invocations=105 (full 2):
[2021-07-20T13:33:47.817+0000][343.327s][2294560][2294576][debug] GC(104)  PSYoungGen      total 2789888K, used 2787008K [0x0000000755580000, 0x0000000800000000, 0x0000000800000000)
[2021-07-20T13:33:47.817+0000][343.327s][2294560][2294576][debug] GC(104)   eden space 2783744K, 100% used [0x0000000755580000,0x00000007ff400000,0x00000007ff400000)
[2021-07-20T13:33:47.817+0000][343.327s][2294560][2294576][debug] GC(104)   from space 6144K, 53% used [0x00000007ffa00000,0x00000007ffd30000,0x0000000800000000)
[2021-07-20T13:33:47.817+0000][343.327s][2294560][2294576][debug] GC(104)   to   space 6144K, 0% used [0x00000007ff400000,0x00000007ff400000,0x00000007ffa00000)
[2021-07-20T13:33:47.817+0000][343.327s][2294560][2294576][debug] GC(104)  ParOldGen       total 5592576K, used 3958463K [0x0000000600000000, 0x0000000755580000, 0x0000000755580000)
[2021-07-20T13:33:47.817+0000][343.327s][2294560][2294576][debug] GC(104)   object space 5592576K, 70% used [0x0000000600000000,0x00000006f19afe90,0x0000000755580000)
[2021-07-20T13:33:47.817+0000][343.327s][2294560][2294576][debug] GC(104)  Metaspace       used 51280K, committed 51648K, reserved 1097728K
[2021-07-20T13:33:47.817+0000][343.327s][2294560][2294576][debug] GC(104)   class space    used 6281K, committed 6464K, reserved 1048576K
[2021-07-20T13:33:47.838+0000][343.348s][2294560][2294576][debug] GC(104) Desired survivor size 6291456 bytes, new threshold 1 (max threshold 15)
[2021-07-20T13:33:47.838+0000][343.348s][2294560][2294576][info ] GC(104) PSYoungGen: 2787008K(2789888K)->3456K(2789888K) Eden: 2783744K(2783744K)->0K(2783744K) From: 3264K(6144K)->3456K(6144K)
[2021-07-20T13:33:47.838+0000][343.348s][2294560][2294576][info ] GC(104) ParOldGen: 3958463K(5592576K)->3960055K(5592576K)
[2021-07-20T13:33:47.838+0000][343.348s][2294560][2294576][info ] GC(104) Pause Young (Allocation Failure) 6587M->3870M(8186M) 21.372ms
[2021-07-20T13:33:47.838+0000][343.348s][2294560][2294576][debug] GC(104) Heap after GC invocations=105 (full 2):
[2021-07-20T13:33:47.838+0000][343.348s][2294560][2294576][debug] GC(104)  PSYoungGen      total 2789888K, used 3456K [0x0000000755580000, 0x0000000800000000, 0x0000000800000000)
[2021-07-20T13:33:47.838+0000][343.348s][2294560][2294576][debug] GC(104)   eden space 2783744K, 0% used [0x0000000755580000,0x0000000755580000,0x00000007ff400000)
[2021-07-20T13:33:47.838+0000][343.348s][2294560][2294576][debug] GC(104)   from space 6144K, 56% used [0x00000007ff400000,0x00000007ff760000,0x00000007ffa00000)
[2021-07-20T13:33:47.838+0000][343.348s][2294560][2294576][debug] GC(104)   to   space 6144K, 0% used [0x00000007ffa00000,0x00000007ffa00000,0x0000000800000000)
[2021-07-20T13:33:47.838+0000][343.348s][2294560][2294576][debug] GC(104)  ParOldGen       total 5592576K, used 3960055K [0x0000000600000000, 0x0000000755580000, 0x0000000755580000)
[2021-07-20T13:33:47.838+0000][343.348s][2294560][2294576][debug] GC(104)   object space 5592576K, 70% used [0x0000000600000000,0x00000006f1b3de90,0x0000000755580000)
[2021-07-20T13:33:47.838+0000][343.348s][2294560][2294576][debug] GC(104)  Metaspace       used 51280K, committed 51648K, reserved 1097728K
[2021-07-20T13:33:47.838+0000][343.348s][2294560][2294576][debug] GC(104)   class space    used 6281K, committed 6464K, reserved 1048576K
[2021-07-20T13:33:47.838+0000][343.348s][2294560][2294576][info ] Safepoint "ParallelGCFailedAllocation", Time since last: 4507763798 ns, Reaching safepoint: 88420 ns, At safepoint: 21733874 ns, Total: 21822294 ns
[2021-07-20T13:33:49.839+0000][345.349s][2294560][2294576][info ] Safepoint "Cleanup", Time since last: 2000144080 ns, Reaching safepoint: 91346 ns, At safepoint: 11318 ns, Total: 102664 ns
[2021-07-20T13:33:55.373+0000][350.883s][2294560][2294576][debug] GC(105) Heap before GC invocations=106 (full 2):
[2021-07-20T13:33:55.373+0000][350.883s][2294560][2294576][debug] GC(105)  PSYoungGen      total 2789888K, used 2787200K [0x0000000755580000, 0x0000000800000000, 0x0000000800000000)
[2021-07-20T13:33:55.373+0000][350.883s][2294560][2294576][debug] GC(105)   eden space 2783744K, 100% used [0x0000000755580000,0x00000007ff400000,0x00000007ff400000)
[2021-07-20T13:33:55.373+0000][350.883s][2294560][2294576][debug] GC(105)   from space 6144K, 56% used [0x00000007ff400000,0x00000007ff760000,0x00000007ffa00000)
[2021-07-20T13:33:55.373+0000][350.883s][2294560][2294576][debug] GC(105)   to   space 6144K, 0% used [0x00000007ffa00000,0x00000007ffa00000,0x0000000800000000)
[2021-07-20T13:33:55.373+0000][350.883s][2294560][2294576][debug] GC(105)  ParOldGen       total 5592576K, used 3960055K [0x0000000600000000, 0x0000000755580000, 0x0000000755580000)
[2021-07-20T13:33:55.373+0000][350.883s][2294560][2294576][debug] GC(105)   object space 5592576K, 70% used [0x0000000600000000,0x00000006f1b3de90,0x0000000755580000)
[2021-07-20T13:33:55.373+0000][350.883s][2294560][2294576][debug] GC(105)  Metaspace       used 51306K, committed 51648K, reserved 1097728K
[2021-07-20T13:33:55.373+0000][350.883s][2294560][2294576][debug] GC(105)   class space    used 6281K, committed 6464K, reserved 1048576K
[2021-07-20T13:33:55.395+0000][350.905s][2294560][2294576][debug] GC(105) Desired survivor size 5767168 bytes, new threshold 1 (max threshold 15)
[2021-07-20T13:33:55.395+0000][350.905s][2294560][2294576][debug] GC(105) Running ParallelGC PreTouch tail with 1 workers for 1 work units pre-touching 524288B.
[2021-07-20T13:33:55.396+0000][350.906s][2294560][2294576][info ] GC(105) PSYoungGen: 2787200K(2789888K)->2688K(2790400K) Eden: 2783744K(2783744K)->0K(2784256K) From: 3456K(6144K)->2688K(6144K)
[2021-07-20T13:33:55.396+0000][350.906s][2294560][2294576][info ] GC(105) ParOldGen: 3960055K(5592576K)->3961839K(5592576K)
[2021-07-20T13:33:55.396+0000][350.906s][2294560][2294576][info ] GC(105) Pause Young (Allocation Failure) 6589M->3871M(8186M) 22.278ms
[2021-07-20T13:33:55.396+0000][350.906s][2294560][2294576][debug] GC(105) Heap after GC invocations=106 (full 2):
[2021-07-20T13:33:55.396+0000][350.906s][2294560][2294576][debug] GC(105)  PSYoungGen      total 2790400K, used 2688K [0x0000000755580000, 0x0000000800000000, 0x0000000800000000)
[2021-07-20T13:33:55.396+0000][350.906s][2294560][2294576][debug] GC(105)   eden space 2784256K, 0% used [0x0000000755580000,0x0000000755580000,0x00000007ff480000)
[2021-07-20T13:33:55.396+0000][350.906s][2294560][2294576][debug] GC(105)   from space 6144K, 43% used [0x00000007ffa00000,0x00000007ffca0000,0x0000000800000000)
[2021-07-20T13:33:55.396+0000][350.906s][2294560][2294576][debug] GC(105)   to   space 5632K, 0% used [0x00000007ff480000,0x00000007ff480000,0x00000007ffa00000)
[2021-07-20T13:33:55.396+0000][350.906s][2294560][2294576][debug] GC(105)  ParOldGen       total 5592576K, used 3961839K [0x0000000600000000, 0x0000000755580000, 0x0000000755580000)
[2021-07-20T13:33:55.396+0000][350.906s][2294560][2294576][debug] GC(105)   object space 5592576K, 70% used [0x0000000600000000,0x00000006f1cfbe90,0x0000000755580000)
[2021-07-20T13:33:55.396+0000][350.906s][2294560][2294576][debug] GC(105)  Metaspace       used 51306K, committed 51648K, reserved 1097728K
[2021-07-20T13:33:55.396+0000][350.906s][2294560][2294576][debug] GC(105)   class space    used 6281K, committed 6464K, reserved 1048576K
[2021-07-20T13:33:55.396+0000][350.906s][2294560][2294576][info ] Safepoint "ParallelGCFailedAllocation", Time since last: 5534426176 ns, Reaching safepoint: 88240 ns, At safepoint: 22628992 ns, Total: 22717232 ns
[2021-07-20T13:34:02.931+0000][358.441s][2294560][2294576][debug] GC(106) Heap before GC invocations=107 (full 2):
[2021-07-20T13:34:02.931+0000][358.441s][2294560][2294576][debug] GC(106)  PSYoungGen      total 2790400K, used 2786944K [0x0000000755580000, 0x0000000800000000, 0x0000000800000000)
[2021-07-20T13:34:02.931+0000][358.441s][2294560][2294576][debug] GC(106)   eden space 2784256K, 100% used [0x0000000755580000,0x00000007ff480000,0x00000007ff480000)
[2021-07-20T13:34:02.931+0000][358.441s][2294560][2294576][debug] GC(106)   from space 6144K, 43% used [0x00000007ffa00000,0x00000007ffca0000,0x0000000800000000)
[2021-07-20T13:34:02.931+0000][358.441s][2294560][2294576][debug] GC(106)   to   space 5632K, 0% used [0x00000007ff480000,0x00000007ff480000,0x00000007ffa00000)
[2021-07-20T13:34:02.931+0000][358.441s][2294560][2294576][debug] GC(106)  ParOldGen       total 5592576K, used 3961839K [0x0000000600000000, 0x0000000755580000, 0x0000000755580000)
[2021-07-20T13:34:02.931+0000][358.441s][2294560][2294576][debug] GC(106)   object space 5592576K, 70% used [0x0000000600000000,0x00000006f1cfbe90,0x0000000755580000)
[2021-07-20T13:34:02.931+0000][358.441s][2294560][2294576][debug] GC(106)  Metaspace       used 51306K, committed 51648K, reserved 1097728K
[2021-07-20T13:34:02.931+0000][358.441s][2294560][2294576][debug] GC(106)   class space    used 6281K, committed 6464K, reserved 1048576K
[2021-07-20T13:34:02.953+0000][358.463s][2294560][2294576][debug] GC(106) Desired survivor size 5767168 bytes, new threshold 1 (max threshold 15)
[2021-07-20T13:34:02.954+0000][358.464s][2294560][2294576][info ] GC(106) PSYoungGen: 2786944K(2790400K)->3328K(2789888K) Eden: 2784256K(2784256K)->0K(2784256K) From: 2688K(6144K)->3328K(5632K)
[2021-07-20T13:34:02.954+0000][358.464s][2294560][2294576][info ] GC(106) ParOldGen: 3961839K(5592576K)->3962599K(5592576K)
[2021-07-20T13:34:02.954+0000][358.464s][2294560][2294576][info ] GC(106) Pause Young (Allocation Failure) 6590M->3872M(8186M) 22.640ms
[2021-07-20T13:34:02.954+0000][358.464s][2294560][2294576][debug] GC(106) Heap after GC invocations=107 (full 2):
[2021-07-20T13:34:02.954+0000][358.464s][2294560][2294576][debug] GC(106)  PSYoungGen      total 2789888K, used 3328K [0x0000000755580000, 0x0000000800000000, 0x0000000800000000)
[2021-07-20T13:34:02.954+0000][358.464s][2294560][2294576][debug] GC(106)   eden space 2784256K, 0% used [0x0000000755580000,0x0000000755580000,0x00000007ff480000)
[2021-07-20T13:34:02.954+0000][358.464s][2294560][2294576][debug] GC(106)   from space 5632K, 59% used [0x00000007ff480000,0x00000007ff7c0000,0x00000007ffa00000)
[2021-07-20T13:34:02.954+0000][358.464s][2294560][2294576][debug] GC(106)   to   space 5632K, 0% used [0x00000007ffa80000,0x00000007ffa80000,0x0000000800000000)
[2021-07-20T13:34:02.954+0000][358.464s][2294560][2294576][debug] GC(106)  ParOldGen       total 5592576K, used 3962599K [0x0000000600000000, 0x0000000755580000, 0x0000000755580000)
[2021-07-20T13:34:02.954+0000][358.464s][2294560][2294576][debug] GC(106)   object space 5592576K, 70% used [0x0000000600000000,0x00000006f1db9e90,0x0000000755580000)
[2021-07-20T13:34:02.954+0000][358.464s][2294560][2294576][debug] GC(106)  Metaspace       used 51306K, committed 51648K, reserved 1097728K
[2021-07-20T13:34:02.954+0000][358.464s][2294560][2294576][debug] GC(106)   class space    used 6281K, committed 6464K, reserved 1048576K
[2021-07-20T13:34:02.954+0000][358.464s][2294560][2294576][info ] Safepoint "ParallelGCFailedAllocation", Time since last: 7534946613 ns, Reaching safepoint: 89710 ns, At safepoint: 22968929 ns, Total: 23058639 ns
[2021-07-20T13:34:03.954+0000][359.464s][2294560][2294576][info ] Safepoint "Cleanup", Time since last: 1000109618 ns, Reaching safepoint: 89906 ns, At safepoint: 13906 ns, Total: 103812 ns
[2021-07-20T13:34:07.954+0000][363.464s][2294560][2294576][info ] Safepoint "Cleanup", Time since last: 4000287721 ns, Reaching safepoint: 96078 ns, At safepoint: 10935 ns, Total: 107013 ns
[2021-07-20T13:34:08.955+0000][364.465s][2294560][2294576][info ] Safepoint "Cleanup", Time since last: 1000078646 ns, Reaching safepoint: 93279 ns, At safepoint: 12444 ns, Total: 105723 ns
[2021-07-20T13:34:10.471+0000][365.981s][2294560][2294576][debug] GC(107) Heap before GC invocations=108 (full 2):
[2021-07-20T13:34:10.471+0000][365.981s][2294560][2294576][debug] GC(107)  PSYoungGen      total 2789888K, used 2787584K [0x0000000755580000, 0x0000000800000000, 0x0000000800000000)
[2021-07-20T13:34:10.471+0000][365.981s][2294560][2294576][debug] GC(107)   eden space 2784256K, 100% used [0x0000000755580000,0x00000007ff480000,0x00000007ff480000)
[2021-07-20T13:34:10.471+0000][365.981s][2294560][2294576][debug] GC(107)   from space 5632K, 59% used [0x00000007ff480000,0x00000007ff7c0000,0x00000007ffa00000)
[2021-07-20T13:34:10.471+0000][365.981s][2294560][2294576][debug] GC(107)   to   space 5632K, 0% used [0x00000007ffa80000,0x00000007ffa80000,0x0000000800000000)
[2021-07-20T13:34:10.471+0000][365.981s][2294560][2294576][debug] GC(107)  ParOldGen       total 5592576K, used 3962599K [0x0000000600000000, 0x0000000755580000, 0x0000000755580000)
[2021-07-20T13:34:10.471+0000][365.981s][2294560][2294576][debug] GC(107)   object space 5592576K, 70% used [0x0000000600000000,0x00000006f1db9e90,0x0000000755580000)
[2021-07-20T13:34:10.471+0000][365.981s][2294560][2294576][debug] GC(107)  Metaspace       used 51306K, committed 51648K, reserved 1097728K
[2021-07-20T13:34:10.471+0000][365.981s][2294560][2294576][debug] GC(107)   class space    used 6281K, committed 6464K, reserved 1048576K
[2021-07-20T13:34:10.493+0000][366.003s][2294560][2294576][debug] GC(107) Desired survivor size 5767168 bytes, new threshold 1 (max threshold 15)
[2021-07-20T13:34:10.493+0000][366.003s][2294560][2294576][debug] GC(107) Running ParallelGC PreTouch tail with 1 workers for 1 work units pre-touching 524288B.
[2021-07-20T13:34:10.493+0000][366.003s][2294560][2294576][debug] GC(107) Running ParallelGC PreTouch tail with 1 workers for 1 work units pre-touching 524288B.
[2021-07-20T13:34:10.493+0000][366.003s][2294560][2294576][info ] GC(107) PSYoungGen: 2787584K(2789888K)->3840K(2790400K) Eden: 2784256K(2784256K)->0K(2784768K) From: 3328K(5632K)->3840K(5632K)
[2021-07-20T13:34:10.493+0000][366.003s][2294560][2294576][info ] GC(107) ParOldGen: 3962599K(5592576K)->3964287K(5592576K)
[2021-07-20T13:34:10.493+0000][366.003s][2294560][2294576][info ] GC(107) Pause Young (Allocation Failure) 6591M->3875M(8186M) 22.126ms
[2021-07-20T13:34:10.493+0000][366.003s][2294560][2294576][debug] GC(107) Heap after GC invocations=108 (full 2):
[2021-07-20T13:34:10.493+0000][366.003s][2294560][2294576][debug] GC(107)  PSYoungGen      total 2790400K, used 3840K [0x0000000755580000, 0x0000000800000000, 0x0000000800000000)
[2021-07-20T13:34:10.493+0000][366.003s][2294560][2294576][debug] GC(107)   eden space 2784768K, 0% used [0x0000000755580000,0x0000000755580000,0x00000007ff500000)
[2021-07-20T13:34:10.493+0000][366.003s][2294560][2294576][debug] GC(107)   from space 5632K, 68% used [0x00000007ffa80000,0x00000007ffe40000,0x0000000800000000)
[2021-07-20T13:34:10.493+0000][366.003s][2294560][2294576][debug] GC(107)   to   space 5632K, 0% used [0x00000007ff500000,0x00000007ff500000,0x00000007ffa80000)
[2021-07-20T13:34:10.493+0000][366.003s][2294560][2294576][debug] GC(107)  ParOldGen       total 5592576K, used 3964287K [0x0000000600000000, 0x0000000755580000, 0x0000000755580000)
[2021-07-20T13:34:10.493+0000][366.003s][2294560][2294576][debug] GC(107)   object space 5592576K, 70% used [0x0000000600000000,0x00000006f1f5fe90,0x0000000755580000)
[2021-07-20T13:34:10.493+0000][366.003s][2294560][2294576][debug] GC(107)  Metaspace       used 51306K, committed 51648K, reserved 1097728K
[2021-07-20T13:34:10.493+0000][366.003s][2294560][2294576][debug] GC(107)   class space    used 6281K, committed 6464K, reserved 1048576K
[2021-07-20T13:34:10.493+0000][366.003s][2294560][2294576][info ] Safepoint "ParallelGCFailedAllocation", Time since last: 1515966772 ns, Reaching safepoint: 90234 ns, At safepoint: 22443403 ns, Total: 22533637 ns
[2021-07-20T13:34:15.494+0000][371.004s][2294560][2294576][info ] Safepoint "Cleanup", Time since last: 5000328545 ns, Reaching safepoint: 91096 ns, At safepoint: 11580 ns, Total: 102676 ns
[2021-07-20T13:34:18.035+0000][373.545s][2294560][2294576][debug] GC(108) Heap before GC invocations=109 (full 2):
[2021-07-20T13:34:18.035+0000][373.545s][2294560][2294576][debug] GC(108)  PSYoungGen      total 2790400K, used 2788608K [0x0000000755580000, 0x0000000800000000, 0x0000000800000000)
[2021-07-20T13:34:18.035+0000][373.545s][2294560][2294576][debug] GC(108)   eden space 2784768K, 100% used [0x0000000755580000,0x00000007ff500000,0x00000007ff500000)
[2021-07-20T13:34:18.035+0000][373.545s][2294560][2294576][debug] GC(108)   from space 5632K, 68% used [0x00000007ffa80000,0x00000007ffe40000,0x0000000800000000)
[2021-07-20T13:34:18.035+0000][373.545s][2294560][2294576][debug] GC(108)   to   space 5632K, 0% used [0x00000007ff500000,0x00000007ff500000,0x00000007ffa80000)
[2021-07-20T13:34:18.035+0000][373.545s][2294560][2294576][debug] GC(108)  ParOldGen       total 5592576K, used 3964287K [0x0000000600000000, 0x0000000755580000, 0x0000000755580000)
[2021-07-20T13:34:18.035+0000][373.545s][2294560][2294576][debug] GC(108)   object space 5592576K, 70% used [0x0000000600000000,0x00000006f1f5fe90,0x0000000755580000)
[2021-07-20T13:34:18.035+0000][373.545s][2294560][2294576][debug] GC(108)  Metaspace       used 51306K, committed 51648K, reserved 1097728K
[2021-07-20T13:34:18.035+0000][373.545s][2294560][2294576][debug] GC(108)   class space    used 6281K, committed 6464K, reserved 1048576K
[2021-07-20T13:34:18.059+0000][373.569s][2294560][2294576][debug] GC(108) Desired survivor size 5767168 bytes, new threshold 1 (max threshold 15)
[2021-07-20T13:34:18.059+0000][373.569s][2294560][2294576][info ] GC(108) PSYoungGen: 2788608K(2790400K)->3424K(2790400K) Eden: 2784768K(2784768K)->0K(2784768K) From: 3840K(5632K)->3424K(5632K)
[2021-07-20T13:34:18.059+0000][373.569s][2294560][2294576][info ] GC(108) ParOldGen: 3964287K(5592576K)->3966303K(5592576K)
[2021-07-20T13:34:18.059+0000][373.569s][2294560][2294576][info ] GC(108) Pause Young (Allocation Failure) 6594M->3876M(8186M) 24.189ms
[2021-07-20T13:34:18.059+0000][373.569s][2294560][2294576][debug] GC(108) Heap after GC invocations=109 (full 2):
[2021-07-20T13:34:18.059+0000][373.569s][2294560][2294576][debug] GC(108)  PSYoungGen      total 2790400K, used 3424K [0x0000000755580000, 0x0000000800000000, 0x0000000800000000)
[2021-07-20T13:34:18.059+0000][373.569s][2294560][2294576][debug] GC(108)   eden space 2784768K, 0% used [0x0000000755580000,0x0000000755580000,0x00000007ff500000)
[2021-07-20T13:34:18.059+0000][373.569s][2294560][2294576][debug] GC(108)   from space 5632K, 60% used [0x00000007ff500000,0x00000007ff858000,0x00000007ffa80000)
[2021-07-20T13:34:18.059+0000][373.569s][2294560][2294576][debug] GC(108)   to   space 5632K, 0% used [0x00000007ffa80000,0x00000007ffa80000,0x0000000800000000)
[2021-07-20T13:34:18.059+0000][373.569s][2294560][2294576][debug] GC(108)  ParOldGen       total 5592576K, used 3966303K [0x0000000600000000, 0x0000000755580000, 0x0000000755580000)
[2021-07-20T13:34:18.059+0000][373.569s][2294560][2294576][debug] GC(108)   object space 5592576K, 70% used [0x0000000600000000,0x00000006f2157e90,0x0000000755580000)
[2021-07-20T13:34:18.059+0000][373.569s][2294560][2294576][debug] GC(108)  Metaspace       used 51306K, committed 51648K, reserved 1097728K
[2021-07-20T13:34:18.059+0000][373.569s][2294560][2294576][debug] GC(108)   class space    used 6281K, committed 6464K, reserved 1048576K
[2021-07-20T13:34:18.059+0000][373.569s][2294560][2294576][info ] Safepoint "ParallelGCFailedAllocation", Time since last: 2541008954 ns, Reaching safepoint: 89507 ns, At safepoint: 24500577 ns, Total: 24590084 ns
[2021-07-20T13:34:25.599+0000][381.109s][2294560][2294576][debug] GC(109) Heap before GC invocations=110 (full 2):
[2021-07-20T13:34:25.599+0000][381.109s][2294560][2294576][debug] GC(109)  PSYoungGen      total 2790400K, used 2788192K [0x0000000755580000, 0x0000000800000000, 0x0000000800000000)
[2021-07-20T13:34:25.599+0000][381.109s][2294560][2294576][debug] GC(109)   eden space 2784768K, 100% used [0x0000000755580000,0x00000007ff500000,0x00000007ff500000)
[2021-07-20T13:34:25.599+0000][381.109s][2294560][2294576][debug] GC(109)   from space 5632K, 60% used [0x00000007ff500000,0x00000007ff858000,0x00000007ffa80000)
[2021-07-20T13:34:25.599+0000][381.109s][2294560][2294576][debug] GC(109)   to   space 5632K, 0% used [0x00000007ffa80000,0x00000007ffa80000,0x0000000800000000)
[2021-07-20T13:34:25.599+0000][381.109s][2294560][2294576][debug] GC(109)  ParOldGen       total 5592576K, used 3966303K [0x0000000600000000, 0x0000000755580000, 0x0000000755580000)
[2021-07-20T13:34:25.600+0000][381.109s][2294560][2294576][debug] GC(109)   object space 5592576K, 70% used [0x0000000600000000,0x00000006f2157e90,0x0000000755580000)
[2021-07-20T13:34:25.600+0000][381.109s][2294560][2294576][debug] GC(109)  Metaspace       used 51306K, committed 51648K, reserved 1097728K
[2021-07-20T13:34:25.600+0000][381.109s][2294560][2294576][debug] GC(109)   class space    used 6281K, committed 6464K, reserved 1048576K
[2021-07-20T13:34:25.624+0000][381.134s][2294560][2294576][debug] GC(109) Desired survivor size 5242880 bytes, new threshold 1 (max threshold 15)
[2021-07-20T13:34:25.624+0000][381.134s][2294560][2294576][debug] GC(109) Running ParallelGC PreTouch tail with 1 workers for 1 work units pre-touching 524288B.
[2021-07-20T13:34:25.624+0000][381.134s][2294560][2294576][info ] GC(109) PSYoungGen: 2788192K(2790400K)->3552K(2790912K) Eden: 2784768K(2784768K)->0K(2785280K) From: 3424K(5632K)->3552K(5632K)
[2021-07-20T13:34:25.624+0000][381.134s][2294560][2294576][info ] GC(109) ParOldGen: 3966303K(5592576K)->3968087K(5592576K)
[2021-07-20T13:34:25.624+0000][381.134s][2294560][2294576][info ] GC(109) Pause Young (Allocation Failure) 6596M->3878M(8187M) 24.222ms
[2021-07-20T13:34:25.624+0000][381.134s][2294560][2294576][debug] GC(109) Heap after GC invocations=110 (full 2):
[2021-07-20T13:34:25.624+0000][381.134s][2294560][2294576][debug] GC(109)  PSYoungGen      total 2790912K, used 3552K [0x0000000755580000, 0x0000000800000000, 0x0000000800000000)
[2021-07-20T13:34:25.624+0000][381.134s][2294560][2294576][debug] GC(109)   eden space 2785280K, 0% used [0x0000000755580000,0x0000000755580000,0x00000007ff580000)
[2021-07-20T13:34:25.624+0000][381.134s][2294560][2294576][debug] GC(109)   from space 5632K, 63% used [0x00000007ffa80000,0x00000007ffdf8000,0x0000000800000000)
[2021-07-20T13:34:25.624+0000][381.134s][2294560][2294576][debug] GC(109)   to   space 5120K, 0% used [0x00000007ff580000,0x00000007ff580000,0x00000007ffa80000)
[2021-07-20T13:34:25.624+0000][381.134s][2294560][2294576][debug] GC(109)  ParOldGen       total 5592576K, used 3968087K [0x0000000600000000, 0x0000000755580000, 0x0000000755580000)
[2021-07-20T13:34:25.624+0000][381.134s][2294560][2294576][debug] GC(109)   object space 5592576K, 70% used [0x0000000600000000,0x00000006f2315e90,0x0000000755580000)
[2021-07-20T13:34:25.624+0000][381.134s][2294560][2294576][debug] GC(109)  Metaspace       used 51306K, committed 51648K, reserved 1097728K
[2021-07-20T13:34:25.624+0000][381.134s][2294560][2294576][debug] GC(109)   class space    used 6281K, committed 6464K, reserved 1048576K
[2021-07-20T13:34:25.624+0000][381.134s][2294560][2294576][info ] Safepoint "ParallelGCFailedAllocation", Time since last: 7540180613 ns, Reaching safepoint: 86659 ns, At safepoint: 24546001 ns, Total: 24632660 ns
[2021-07-20T13:34:33.182+0000][388.692s][2294560][2294576][debug] GC(110) Heap before GC invocations=111 (full 2):
[2021-07-20T13:34:33.182+0000][388.692s][2294560][2294576][debug] GC(110)  PSYoungGen      total 2790912K, used 2788832K [0x0000000755580000, 0x0000000800000000, 0x0000000800000000)
[2021-07-20T13:34:33.182+0000][388.692s][2294560][2294576][debug] GC(110)   eden space 2785280K, 100% used [0x0000000755580000,0x00000007ff580000,0x00000007ff580000)
[2021-07-20T13:34:33.182+0000][388.692s][2294560][2294576][debug] GC(110)   from space 5632K, 63% used [0x00000007ffa80000,0x00000007ffdf8000,0x0000000800000000)
[2021-07-20T13:34:33.182+0000][388.692s][2294560][2294576][debug] GC(110)   to   space 5120K, 0% used [0x00000007ff580000,0x00000007ff580000,0x00000007ffa80000)
[2021-07-20T13:34:33.182+0000][388.692s][2294560][2294576][debug] GC(110)  ParOldGen       total 5592576K, used 3968087K [0x0000000600000000, 0x0000000755580000, 0x0000000755580000)
[2021-07-20T13:34:33.182+0000][388.692s][2294560][2294576][debug] GC(110)   object space 5592576K, 70% used [0x0000000600000000,0x00000006f2315e90,0x0000000755580000)
[2021-07-20T13:34:33.182+0000][388.692s][2294560][2294576][debug] GC(110)  Metaspace       used 51343K, committed 51776K, reserved 1097728K
[2021-07-20T13:34:33.182+0000][388.692s][2294560][2294576][debug] GC(110)   class space    used 6281K, committed 6464K, reserved 1048576K
[2021-07-20T13:34:33.205+0000][388.715s][2294560][2294576][debug] GC(110) Desired survivor size 5242880 bytes, new threshold 1 (max threshold 15)
[2021-07-20T13:34:33.205+0000][388.715s][2294560][2294576][info ] GC(110) PSYoungGen: 2788832K(2790912K)->3360K(2790400K) Eden: 2785280K(2785280K)->0K(2785280K) From: 3552K(5632K)->3360K(5120K)
[2021-07-20T13:34:33.205+0000][388.715s][2294560][2294576][info ] GC(110) ParOldGen: 3968087K(5592576K)->3969703K(5592576K)
[2021-07-20T13:34:33.205+0000][388.715s][2294560][2294576][info ] GC(110) Pause Young (Allocation Failure) 6598M->3879M(8186M) 23.364ms
[2021-07-20T13:34:33.206+0000][388.715s][2294560][2294576][debug] GC(110) Heap after GC invocations=111 (full 2):
[2021-07-20T13:34:33.206+0000][388.715s][2294560][2294576][debug] GC(110)  PSYoungGen      total 2790400K, used 3360K [0x0000000755580000, 0x0000000800000000, 0x0000000800000000)
[2021-07-20T13:34:33.206+0000][388.715s][2294560][2294576][debug] GC(110)   eden space 2785280K, 0% used [0x0000000755580000,0x0000000755580000,0x00000007ff580000)
[2021-07-20T13:34:33.206+0000][388.716s][2294560][2294576][debug] GC(110)   from space 5120K, 65% used [0x00000007ff580000,0x00000007ff8c8000,0x00000007ffa80000)
[2021-07-20T13:34:33.206+0000][388.716s][2294560][2294576][debug] GC(110)   to   space 5120K, 0% used [0x00000007ffb00000,0x00000007ffb00000,0x0000000800000000)
[2021-07-20T13:34:33.206+0000][388.716s][2294560][2294576][debug] GC(110)  ParOldGen       total 5592576K, used 3969703K [0x0000000600000000, 0x0000000755580000, 0x0000000755580000)
[2021-07-20T13:34:33.206+0000][388.716s][2294560][2294576][debug] GC(110)   object space 5592576K, 70% used [0x0000000600000000,0x00000006f24a9e90,0x0000000755580000)
[2021-07-20T13:34:33.206+0000][388.716s][2294560][2294576][debug] GC(110)  Metaspace       used 51343K, committed 51776K, reserved 1097728K
[2021-07-20T13:34:33.206+0000][388.716s][2294560][2294576][debug] GC(110)   class space    used 6281K, committed 6464K, reserved 1048576K
[2021-07-20T13:34:33.206+0000][388.716s][2294560][2294576][info ] Safepoint "ParallelGCFailedAllocation", Time since last: 7557936336 ns, Reaching safepoint: 89778 ns, At safepoint: 23742064 ns, Total: 23831842 ns
[2021-07-20T13:34:34.206+0000][389.716s][2294560][2294576][info ] Safepoint "Cleanup", Time since last: 1000088952 ns, Reaching safepoint: 95014 ns, At safepoint: 13997 ns, Total: 109011 ns
[2021-07-20T13:34:40.206+0000][395.716s][2294560][2294576][info ] Safepoint "Cleanup", Time since last: 6000396222 ns, Reaching safepoint: 89859 ns, At safepoint: 14045 ns, Total: 103904 ns
[2021-07-20T13:34:40.742+0000][396.252s][2294560][2294576][debug] GC(111) Heap before GC invocations=112 (full 2):
[2021-07-20T13:34:40.742+0000][396.252s][2294560][2294576][debug] GC(111)  PSYoungGen      total 2790400K, used 2788640K [0x0000000755580000, 0x0000000800000000, 0x0000000800000000)
[2021-07-20T13:34:40.743+0000][396.252s][2294560][2294576][debug] GC(111)   eden space 2785280K, 100% used [0x0000000755580000,0x00000007ff580000,0x00000007ff580000)
[2021-07-20T13:34:40.743+0000][396.252s][2294560][2294576][debug] GC(111)   from space 5120K, 65% used [0x00000007ff580000,0x00000007ff8c8000,0x00000007ffa80000)
[2021-07-20T13:34:40.743+0000][396.252s][2294560][2294576][debug] GC(111)   to   space 5120K, 0% used [0x00000007ffb00000,0x00000007ffb00000,0x0000000800000000)
[2021-07-20T13:34:40.743+0000][396.252s][2294560][2294576][debug] GC(111)  ParOldGen       total 5592576K, used 3969703K [0x0000000600000000, 0x0000000755580000, 0x0000000755580000)
[2021-07-20T13:34:40.743+0000][396.253s][2294560][2294576][debug] GC(111)   object space 5592576K, 70% used [0x0000000600000000,0x00000006f24a9e90,0x0000000755580000)
[2021-07-20T13:34:40.743+0000][396.253s][2294560][2294576][debug] GC(111)  Metaspace       used 51355K, committed 51776K, reserved 1097728K
[2021-07-20T13:34:40.743+0000][396.253s][2294560][2294576][debug] GC(111)   class space    used 6281K, committed 6464K, reserved 1048576K
[2021-07-20T13:34:40.767+0000][396.277s][2294560][2294576][debug] GC(111) Desired survivor size 5242880 bytes, new threshold 1 (max threshold 15)
[2021-07-20T13:34:40.767+0000][396.277s][2294560][2294576][debug] GC(111) Running ParallelGC PreTouch tail with 1 workers for 1 work units pre-touching 524288B.
[2021-07-20T13:34:40.767+0000][396.277s][2294560][2294576][debug] GC(111) Running ParallelGC PreTouch tail with 1 workers for 1 work units pre-touching 524288B.
[2021-07-20T13:34:40.767+0000][396.277s][2294560][2294576][info ] GC(111) PSYoungGen: 2788640K(2790400K)->3360K(2790912K) Eden: 2785280K(2785280K)->0K(2785792K) From: 3360K(5120K)->3360K(5120K)
[2021-07-20T13:34:40.767+0000][396.277s][2294560][2294576][info ] GC(111) ParOldGen: 3969703K(5592576K)->3971423K(5592576K)
[2021-07-20T13:34:40.767+0000][396.277s][2294560][2294576][info ] GC(111) Pause Young (Allocation Failure) 6599M->3881M(8187M) 24.402ms
[2021-07-20T13:34:40.767+0000][396.277s][2294560][2294576][debug] GC(111) Heap after GC invocations=112 (full 2):
[2021-07-20T13:34:40.767+0000][396.277s][2294560][2294576][debug] GC(111)  PSYoungGen      total 2790912K, used 3360K [0x0000000755580000, 0x0000000800000000, 0x0000000800000000)
[2021-07-20T13:34:40.767+0000][396.277s][2294560][2294576][debug] GC(111)   eden space 2785792K, 0% used [0x0000000755580000,0x0000000755580000,0x00000007ff600000)
[2021-07-20T13:34:40.767+0000][396.277s][2294560][2294576][debug] GC(111)   from space 5120K, 65% used [0x00000007ffb00000,0x00000007ffe48000,0x0000000800000000)
[2021-07-20T13:34:40.767+0000][396.277s][2294560][2294576][debug] GC(111)   to   space 5120K, 0% used [0x00000007ff600000,0x00000007ff600000,0x00000007ffb00000)
[2021-07-20T13:34:40.767+0000][396.277s][2294560][2294576][debug] GC(111)  ParOldGen       total 5592576K, used 3971423K [0x0000000600000000, 0x0000000755580000, 0x0000000755580000)
[2021-07-20T13:34:40.767+0000][396.277s][2294560][2294576][debug] GC(111)   object space 5592576K, 71% used [0x0000000600000000,0x00000006f2657e90,0x0000000755580000)
[2021-07-20T13:34:40.767+0000][396.277s][2294560][2294576][debug] GC(111)  Metaspace       used 51355K, committed 51776K, reserved 1097728K
[2021-07-20T13:34:40.767+0000][396.277s][2294560][2294576][debug] GC(111)   class space    used 6281K, committed 6464K, reserved 1048576K
[2021-07-20T13:34:40.767+0000][396.277s][2294560][2294576][info ] Safepoint "ParallelGCFailedAllocation", Time since last: 535877832 ns, Reaching safepoint: 110109 ns, At safepoint: 24950442 ns, Total: 25060551 ns
[2021-07-20T13:34:48.306+0000][403.816s][2294560][2294576][debug] GC(112) Heap before GC invocations=113 (full 2):
[2021-07-20T13:34:48.306+0000][403.816s][2294560][2294576][debug] GC(112)  PSYoungGen      total 2790912K, used 2789152K [0x0000000755580000, 0x0000000800000000, 0x0000000800000000)
[2021-07-20T13:34:48.306+0000][403.816s][2294560][2294576][debug] GC(112)   eden space 2785792K, 100% used [0x0000000755580000,0x00000007ff600000,0x00000007ff600000)
[2021-07-20T13:34:48.306+0000][403.816s][2294560][2294576][debug] GC(112)   from space 5120K, 65% used [0x00000007ffb00000,0x00000007ffe48000,0x0000000800000000)
[2021-07-20T13:34:48.306+0000][403.816s][2294560][2294576][debug] GC(112)   to   space 5120K, 0% used [0x00000007ff600000,0x00000007ff600000,0x00000007ffb00000)
[2021-07-20T13:34:48.306+0000][403.816s][2294560][2294576][debug] GC(112)  ParOldGen       total 5592576K, used 3971423K [0x0000000600000000, 0x0000000755580000, 0x0000000755580000)
[2021-07-20T13:34:48.306+0000][403.816s][2294560][2294576][debug] GC(112)   object space 5592576K, 71% used [0x0000000600000000,0x00000006f2657e90,0x0000000755580000)
[2021-07-20T13:34:48.306+0000][403.816s][2294560][2294576][debug] GC(112)  Metaspace       used 51355K, committed 51776K, reserved 1097728K
[2021-07-20T13:34:48.307+0000][403.816s][2294560][2294576][debug] GC(112)   class space    used 6281K, committed 6464K, reserved 1048576K
[2021-07-20T13:34:48.329+0000][403.839s][2294560][2294576][debug] GC(112) Desired survivor size 5242880 bytes, new threshold 1 (max threshold 15)
[2021-07-20T13:34:48.329+0000][403.839s][2294560][2294576][info ] GC(112) PSYoungGen: 2789152K(2790912K)->3040K(2790912K) Eden: 2785792K(2785792K)->0K(2785792K) From: 3360K(5120K)->3040K(5120K)
[2021-07-20T13:34:48.329+0000][403.839s][2294560][2294576][info ] GC(112) ParOldGen: 3971423K(5592576K)->3972927K(5592576K)
[2021-07-20T13:34:48.329+0000][403.839s][2294560][2294576][info ] GC(112) Pause Young (Allocation Failure) 6602M->3882M(8187M) 22.577ms
[2021-07-20T13:34:48.329+0000][403.839s][2294560][2294576][debug] GC(112) Heap after GC invocations=113 (full 2):
[2021-07-20T13:34:48.329+0000][403.839s][2294560][2294576][debug] GC(112)  PSYoungGen      total 2790912K, used 3040K [0x0000000755580000, 0x0000000800000000, 0x0000000800000000)
[2021-07-20T13:34:48.329+0000][403.839s][2294560][2294576][debug] GC(112)   eden space 2785792K, 0% used [0x0000000755580000,0x0000000755580000,0x00000007ff600000)
[2021-07-20T13:34:48.329+0000][403.839s][2294560][2294576][debug] GC(112)   from space 5120K, 59% used [0x00000007ff600000,0x00000007ff8f8000,0x00000007ffb00000)
[2021-07-20T13:34:48.329+0000][403.839s][2294560][2294576][debug] GC(112)   to   space 5120K, 0% used [0x00000007ffb00000,0x00000007ffb00000,0x0000000800000000)
[2021-07-20T13:34:48.329+0000][403.839s][2294560][2294576][debug] GC(112)  ParOldGen       total 5592576K, used 3972927K [0x0000000600000000, 0x0000000755580000, 0x0000000755580000)
[2021-07-20T13:34:48.329+0000][403.839s][2294560][2294576][debug] GC(112)   object space 5592576K, 71% used [0x0000000600000000,0x00000006f27cfe90,0x0000000755580000)
[2021-07-20T13:34:48.329+0000][403.839s][2294560][2294576][debug] GC(112)  Metaspace       used 51355K, committed 51776K, reserved 1097728K
[2021-07-20T13:34:48.329+0000][403.839s][2294560][2294576][debug] GC(112)   class space    used 6281K, committed 6464K, reserved 1048576K
[2021-07-20T13:34:48.329+0000][403.839s][2294560][2294576][info ] Safepoint "ParallelGCFailedAllocation", Time since last: 7538941547 ns, Reaching safepoint: 90952 ns, At safepoint: 22919131 ns, Total: 23010083 ns
[2021-07-20T13:34:55.869+0000][411.379s][2294560][2294576][debug] GC(113) Heap before GC invocations=114 (full 2):
[2021-07-20T13:34:55.869+0000][411.379s][2294560][2294576][debug] GC(113)  PSYoungGen      total 2790912K, used 2788832K [0x0000000755580000, 0x0000000800000000, 0x0000000800000000)
[2021-07-20T13:34:55.869+0000][411.379s][2294560][2294576][debug] GC(113)   eden space 2785792K, 100% used [0x0000000755580000,0x00000007ff600000,0x00000007ff600000)
[2021-07-20T13:34:55.869+0000][411.379s][2294560][2294576][debug] GC(113)   from space 5120K, 59% used [0x00000007ff600000,0x00000007ff8f8000,0x00000007ffb00000)
[2021-07-20T13:34:55.869+0000][411.379s][2294560][2294576][debug] GC(113)   to   space 5120K, 0% used [0x00000007ffb00000,0x00000007ffb00000,0x0000000800000000)
[2021-07-20T13:34:55.869+0000][411.379s][2294560][2294576][debug] GC(113)  ParOldGen       total 5592576K, used 3972927K [0x0000000600000000, 0x0000000755580000, 0x0000000755580000)
[2021-07-20T13:34:55.869+0000][411.379s][2294560][2294576][debug] GC(113)   object space 5592576K, 71% used [0x0000000600000000,0x00000006f27cfe90,0x0000000755580000)
[2021-07-20T13:34:55.869+0000][411.379s][2294560][2294576][debug] GC(113)  Metaspace       used 51356K, committed 51776K, reserved 1097728K
[2021-07-20T13:34:55.869+0000][411.379s][2294560][2294576][debug] GC(113)   class space    used 6281K, committed 6464K, reserved 1048576K
[2021-07-20T13:34:55.892+0000][411.402s][2294560][2294576][debug] GC(113) Desired survivor size 4718592 bytes, new threshold 1 (max threshold 15)
[2021-07-20T13:34:55.892+0000][411.402s][2294560][2294576][debug] GC(113) Running ParallelGC PreTouch tail with 1 workers for 1 work units pre-touching 524288B.
[2021-07-20T13:34:55.892+0000][411.402s][2294560][2294576][info ] GC(113) PSYoungGen: 2788832K(2790912K)->3328K(2791424K) Eden: 2785792K(2785792K)->0K(2786304K) From: 3040K(5120K)->3328K(5120K)
[2021-07-20T13:34:55.892+0000][411.402s][2294560][2294576][info ] GC(113) ParOldGen: 3972927K(5592576K)->3974327K(5592576K)
[2021-07-20T13:34:55.892+0000][411.402s][2294560][2294576][info ] GC(113) Pause Young (Allocation Failure) 6603M->3884M(8187M) 22.942ms
[2021-07-20T13:34:55.892+0000][411.402s][2294560][2294576][debug] GC(113) Heap after GC invocations=114 (full 2):
[2021-07-20T13:34:55.892+0000][411.402s][2294560][2294576][debug] GC(113)  PSYoungGen      total 2791424K, used 3328K [0x0000000755580000, 0x0000000800000000, 0x0000000800000000)
[2021-07-20T13:34:55.892+0000][411.402s][2294560][2294576][debug] GC(113)   eden space 2786304K, 0% used [0x0000000755580000,0x0000000755580000,0x00000007ff680000)
[2021-07-20T13:34:55.892+0000][411.402s][2294560][2294576][debug] GC(113)   from space 5120K, 65% used [0x00000007ffb00000,0x00000007ffe40000,0x0000000800000000)
[2021-07-20T13:34:55.892+0000][411.402s][2294560][2294576][debug] GC(113)   to   space 4608K, 0% used [0x00000007ff680000,0x00000007ff680000,0x00000007ffb00000)
[2021-07-20T13:34:55.892+0000][411.402s][2294560][2294576][debug] GC(113)  ParOldGen       total 5592576K, used 3974327K [0x0000000600000000, 0x0000000755580000, 0x0000000755580000)
[2021-07-20T13:34:55.892+0000][411.402s][2294560][2294576][debug] GC(113)   object space 5592576K, 71% used [0x0000000600000000,0x00000006f292de90,0x0000000755580000)
[2021-07-20T13:34:55.892+0000][411.402s][2294560][2294576][debug] GC(113)  Metaspace       used 51356K, committed 51776K, reserved 1097728K
[2021-07-20T13:34:55.892+0000][411.402s][2294560][2294576][debug] GC(113)   class space    used 6281K, committed 6464K, reserved 1048576K
[2021-07-20T13:34:55.893+0000][411.403s][2294560][2294576][info ] Safepoint "ParallelGCFailedAllocation", Time since last: 7539868907 ns, Reaching safepoint: 94617 ns, At safepoint: 23295552 ns, Total: 23390169 ns
[2021-07-20T13:35:05.894+0000][421.404s][2294560][2294576][info ] Safepoint "Cleanup", Time since last: 10000842154 ns, Reaching safepoint: 157363 ns, At safepoint: 10301 ns, Total: 167664 ns
[2021-07-20T13:35:07.894+0000][423.404s][2294560][2294576][info ] Safepoint "Cleanup", Time since last: 2000265185 ns, Reaching safepoint: 237068 ns, At safepoint: 8989 ns, Total: 246057 ns
[2021-07-20T13:35:08.894+0000][424.404s][2294560][2294576][info ] Safepoint "Cleanup", Time since last: 1000101728 ns, Reaching safepoint: 101574 ns, At safepoint: 26472 ns, Total: 128046 ns
[2021-07-20T13:35:13.761+0000][429.271s][2294560][2294576][debug] GC(114) Heap before GC invocations=115 (full 2):
[2021-07-20T13:35:13.761+0000][429.271s][2294560][2294576][debug] GC(114)  PSYoungGen      total 2791424K, used 2789632K [0x0000000755580000, 0x0000000800000000, 0x0000000800000000)
[2021-07-20T13:35:13.761+0000][429.271s][2294560][2294576][debug] GC(114)   eden space 2786304K, 100% used [0x0000000755580000,0x00000007ff680000,0x00000007ff680000)
[2021-07-20T13:35:13.761+0000][429.271s][2294560][2294576][debug] GC(114)   from space 5120K, 65% used [0x00000007ffb00000,0x00000007ffe40000,0x0000000800000000)
[2021-07-20T13:35:13.761+0000][429.271s][2294560][2294576][debug] GC(114)   to   space 4608K, 0% used [0x00000007ff680000,0x00000007ff680000,0x00000007ffb00000)
[2021-07-20T13:35:13.761+0000][429.271s][2294560][2294576][debug] GC(114)  ParOldGen       total 5592576K, used 3974327K [0x0000000600000000, 0x0000000755580000, 0x0000000755580000)
[2021-07-20T13:35:13.761+0000][429.271s][2294560][2294576][debug] GC(114)   object space 5592576K, 71% used [0x0000000600000000,0x00000006f292de90,0x0000000755580000)
[2021-07-20T13:35:13.761+0000][429.271s][2294560][2294576][debug] GC(114)  Metaspace       used 51371K, committed 51776K, reserved 1097728K
[2021-07-20T13:35:13.761+0000][429.271s][2294560][2294576][debug] GC(114)   class space    used 6281K, committed 6464K, reserved 1048576K
[2021-07-20T13:35:13.784+0000][429.294s][2294560][2294576][debug] GC(114) Desired survivor size 4718592 bytes, new threshold 1 (max threshold 15)
[2021-07-20T13:35:13.784+0000][429.294s][2294560][2294576][info ] GC(114) PSYoungGen: 2789632K(2791424K)->3232K(2790912K) Eden: 2786304K(2786304K)->0K(2786304K) From: 3328K(5120K)->3232K(4608K)
[2021-07-20T13:35:13.784+0000][429.294s][2294560][2294576][info ] GC(114) ParOldGen: 3974327K(5592576K)->3975839K(5592576K)
[2021-07-20T13:35:13.784+0000][429.294s][2294560][2294576][info ] GC(114) Pause Young (Allocation Failure) 6605M->3885M(8187M) 22.806ms
[2021-07-20T13:35:13.784+0000][429.294s][2294560][2294576][debug] GC(114) Heap after GC invocations=115 (full 2):
[2021-07-20T13:35:13.784+0000][429.294s][2294560][2294576][debug] GC(114)  PSYoungGen      total 2790912K, used 3232K [0x0000000755580000, 0x0000000800000000, 0x0000000800000000)
[2021-07-20T13:35:13.784+0000][429.294s][2294560][2294576][debug] GC(114)   eden space 2786304K, 0% used [0x0000000755580000,0x0000000755580000,0x00000007ff680000)
[2021-07-20T13:35:13.784+0000][429.294s][2294560][2294576][debug] GC(114)   from space 4608K, 70% used [0x00000007ff680000,0x00000007ff9a8000,0x00000007ffb00000)
[2021-07-20T13:35:13.784+0000][429.294s][2294560][2294576][debug] GC(114)   to   space 4608K, 0% used [0x00000007ffb80000,0x00000007ffb80000,0x0000000800000000)
[2021-07-20T13:35:13.784+0000][429.294s][2294560][2294576][debug] GC(114)  ParOldGen       total 5592576K, used 3975839K [0x0000000600000000, 0x0000000755580000, 0x0000000755580000)
[2021-07-20T13:35:13.784+0000][429.294s][2294560][2294576][debug] GC(114)   object space 5592576K, 71% used [0x0000000600000000,0x00000006f2aa7e90,0x0000000755580000)
[2021-07-20T13:35:13.784+0000][429.294s][2294560][2294576][debug] GC(114)  Metaspace       used 51371K, committed 51776K, reserved 1097728K
[2021-07-20T13:35:13.784+0000][429.294s][2294560][2294576][debug] GC(114)   class space    used 6281K, committed 6464K, reserved 1048576K
[2021-07-20T13:35:13.784+0000][429.294s][2294560][2294576][info ] Safepoint "ParallelGCFailedAllocation", Time since last: 4866631138 ns, Reaching safepoint: 88655 ns, At safepoint: 23139393 ns, Total: 23228048 ns
[2021-07-20T13:35:15.784+0000][431.294s][2294560][2294576][info ] Safepoint "Cleanup", Time since last: 2000148082 ns, Reaching safepoint: 91297 ns, At safepoint: 11069 ns, Total: 102366 ns
[2021-07-20T13:35:21.329+0000][436.839s][2294560][2294576][debug] GC(115) Heap before GC invocations=116 (full 2):
[2021-07-20T13:35:21.329+0000][436.839s][2294560][2294576][debug] GC(115)  PSYoungGen      total 2790912K, used 2789536K [0x0000000755580000, 0x0000000800000000, 0x0000000800000000)
[2021-07-20T13:35:21.329+0000][436.839s][2294560][2294576][debug] GC(115)   eden space 2786304K, 100% used [0x0000000755580000,0x00000007ff680000,0x00000007ff680000)
[2021-07-20T13:35:21.329+0000][436.839s][2294560][2294576][debug] GC(115)   from space 4608K, 70% used [0x00000007ff680000,0x00000007ff9a8000,0x00000007ffb00000)
[2021-07-20T13:35:21.329+0000][436.839s][2294560][2294576][debug] GC(115)   to   space 4608K, 0% used [0x00000007ffb80000,0x00000007ffb80000,0x0000000800000000)
[2021-07-20T13:35:21.329+0000][436.839s][2294560][2294576][debug] GC(115)  ParOldGen       total 5592576K, used 3975839K [0x0000000600000000, 0x0000000755580000, 0x0000000755580000)
[2021-07-20T13:35:21.329+0000][436.839s][2294560][2294576][debug] GC(115)   object space 5592576K, 71% used [0x0000000600000000,0x00000006f2aa7e90,0x0000000755580000)
[2021-07-20T13:35:21.329+0000][436.839s][2294560][2294576][debug] GC(115)  Metaspace       used 51372K, committed 51776K, reserved 1097728K
[2021-07-20T13:35:21.329+0000][436.839s][2294560][2294576][debug] GC(115)   class space    used 6281K, committed 6464K, reserved 1048576K
[2021-07-20T13:35:21.352+0000][436.862s][2294560][2294576][debug] GC(115) Desired survivor size 4718592 bytes, new threshold 1 (max threshold 15)
[2021-07-20T13:35:21.352+0000][436.862s][2294560][2294576][debug] GC(115) Running ParallelGC PreTouch tail with 1 workers for 1 work units pre-touching 524288B.
[2021-07-20T13:35:21.352+0000][436.862s][2294560][2294576][debug] GC(115) Running ParallelGC PreTouch tail with 1 workers for 1 work units pre-touching 524288B.
[2021-07-20T13:35:21.352+0000][436.862s][2294560][2294576][info ] GC(115) PSYoungGen: 2789536K(2790912K)->3360K(2791424K) Eden: 2786304K(2786304K)->0K(2786816K) From: 3232K(4608K)->3360K(4608K)
[2021-07-20T13:35:21.352+0000][436.862s][2294560][2294576][info ] GC(115) ParOldGen: 3975839K(5592576K)->3977191K(5592576K)
[2021-07-20T13:35:21.352+0000][436.862s][2294560][2294576][info ] GC(115) Pause Young (Allocation Failure) 6606M->3887M(8187M) 22.833ms
[2021-07-20T13:35:21.352+0000][436.862s][2294560][2294576][debug] GC(115) Heap after GC invocations=116 (full 2):
[2021-07-20T13:35:21.352+0000][436.862s][2294560][2294576][debug] GC(115)  PSYoungGen      total 2791424K, used 3360K [0x0000000755580000, 0x0000000800000000, 0x0000000800000000)
[2021-07-20T13:35:21.352+0000][436.862s][2294560][2294576][debug] GC(115)   eden space 2786816K, 0% used [0x0000000755580000,0x0000000755580000,0x00000007ff700000)
[2021-07-20T13:35:21.352+0000][436.862s][2294560][2294576][debug] GC(115)   from space 4608K, 72% used [0x00000007ffb80000,0x00000007ffec8000,0x0000000800000000)
[2021-07-20T13:35:21.352+0000][436.862s][2294560][2294576][debug] GC(115)   to   space 4608K, 0% used [0x00000007ff700000,0x00000007ff700000,0x00000007ffb80000)
[2021-07-20T13:35:21.352+0000][436.862s][2294560][2294576][debug] GC(115)  ParOldGen       total 5592576K, used 3977191K [0x0000000600000000, 0x0000000755580000, 0x0000000755580000)
[2021-07-20T13:35:21.352+0000][436.862s][2294560][2294576][debug] GC(115)   object space 5592576K, 71% used [0x0000000600000000,0x00000006f2bf9ed0,0x0000000755580000)
[2021-07-20T13:35:21.352+0000][436.862s][2294560][2294576][debug] GC(115)  Metaspace       used 51372K, committed 51776K, reserved 1097728K
[2021-07-20T13:35:21.352+0000][436.862s][2294560][2294576][debug] GC(115)   class space    used 6281K, committed 6464K, reserved 1048576K
[2021-07-20T13:35:21.352+0000][436.862s][2294560][2294576][info ] Safepoint "ParallelGCFailedAllocation", Time since last: 5544469704 ns, Reaching safepoint: 91290 ns, At safepoint: 23159352 ns, Total: 23250642 ns
[2021-07-20T13:35:28.887+0000][444.397s][2294560][2294576][debug] GC(116) Heap before GC invocations=117 (full 2):
[2021-07-20T13:35:28.887+0000][444.397s][2294560][2294576][debug] GC(116)  PSYoungGen      total 2791424K, used 2790176K [0x0000000755580000, 0x0000000800000000, 0x0000000800000000)
[2021-07-20T13:35:28.887+0000][444.397s][2294560][2294576][debug] GC(116)   eden space 2786816K, 100% used [0x0000000755580000,0x00000007ff700000,0x00000007ff700000)
[2021-07-20T13:35:28.887+0000][444.397s][2294560][2294576][debug] GC(116)   from space 4608K, 72% used [0x00000007ffb80000,0x00000007ffec8000,0x0000000800000000)
[2021-07-20T13:35:28.887+0000][444.397s][2294560][2294576][debug] GC(116)   to   space 4608K, 0% used [0x00000007ff700000,0x00000007ff700000,0x00000007ffb80000)
[2021-07-20T13:35:28.888+0000][444.397s][2294560][2294576][debug] GC(116)  ParOldGen       total 5592576K, used 3977191K [0x0000000600000000, 0x0000000755580000, 0x0000000755580000)
[2021-07-20T13:35:28.888+0000][444.397s][2294560][2294576][debug] GC(116)   object space 5592576K, 71% used [0x0000000600000000,0x00000006f2bf9ed0,0x0000000755580000)
[2021-07-20T13:35:28.888+0000][444.397s][2294560][2294576][debug] GC(116)  Metaspace       used 51372K, committed 51776K, reserved 1097728K
[2021-07-20T13:35:28.888+0000][444.397s][2294560][2294576][debug] GC(116)   class space    used 6281K, committed 6464K, reserved 1048576K
[2021-07-20T13:35:28.909+0000][444.419s][2294560][2294576][debug] GC(116) Desired survivor size 4718592 bytes, new threshold 1 (max threshold 15)
[2021-07-20T13:35:28.909+0000][444.419s][2294560][2294576][info ] GC(116) PSYoungGen: 2790176K(2791424K)->3232K(2791424K) Eden: 2786816K(2786816K)->0K(2786816K) From: 3360K(4608K)->3232K(4608K)
[2021-07-20T13:35:28.909+0000][444.419s][2294560][2294576][info ] GC(116) ParOldGen: 3977191K(5592576K)->3978743K(5592576K)
[2021-07-20T13:35:28.909+0000][444.419s][2294560][2294576][info ] GC(116) Pause Young (Allocation Failure) 6608M->3888M(8187M) 21.416ms
[2021-07-20T13:35:28.909+0000][444.419s][2294560][2294576][debug] GC(116) Heap after GC invocations=117 (full 2):
[2021-07-20T13:35:28.909+0000][444.419s][2294560][2294576][debug] GC(116)  PSYoungGen      total 2791424K, used 3232K [0x0000000755580000, 0x0000000800000000, 0x0000000800000000)
[2021-07-20T13:35:28.909+0000][444.419s][2294560][2294576][debug] GC(116)   eden space 2786816K, 0% used [0x0000000755580000,0x0000000755580000,0x00000007ff700000)
[2021-07-20T13:35:28.909+0000][444.419s][2294560][2294576][debug] GC(116)   from space 4608K, 70% used [0x00000007ff700000,0x00000007ffa28000,0x00000007ffb80000)
[2021-07-20T13:35:28.909+0000][444.419s][2294560][2294576][debug] GC(116)   to   space 4608K, 0% used [0x00000007ffb80000,0x00000007ffb80000,0x0000000800000000)
[2021-07-20T13:35:28.909+0000][444.419s][2294560][2294576][debug] GC(116)  ParOldGen       total 5592576K, used 3978743K [0x0000000600000000, 0x0000000755580000, 0x0000000755580000)
[2021-07-20T13:35:28.909+0000][444.419s][2294560][2294576][debug] GC(116)   object space 5592576K, 71% used [0x0000000600000000,0x00000006f2d7ded0,0x0000000755580000)
[2021-07-20T13:35:28.909+0000][444.419s][2294560][2294576][debug] GC(116)  Metaspace       used 51372K, committed 51776K, reserved 1097728K
[2021-07-20T13:35:28.909+0000][444.419s][2294560][2294576][debug] GC(116)   class space    used 6281K, committed 6464K, reserved 1048576K
[2021-07-20T13:35:28.909+0000][444.419s][2294560][2294576][info ] Safepoint "ParallelGCFailedAllocation", Time since last: 7535177932 ns, Reaching safepoint: 97754 ns, At safepoint: 21756662 ns, Total: 21854416 ns
[2021-07-20T13:35:36.479+0000][451.989s][2294560][2294576][debug] GC(117) Heap before GC invocations=118 (full 2):
[2021-07-20T13:35:36.479+0000][451.989s][2294560][2294576][debug] GC(117)  PSYoungGen      total 2791424K, used 2790048K [0x0000000755580000, 0x0000000800000000, 0x0000000800000000)
[2021-07-20T13:35:36.479+0000][451.989s][2294560][2294576][debug] GC(117)   eden space 2786816K, 100% used [0x0000000755580000,0x00000007ff700000,0x00000007ff700000)
[2021-07-20T13:35:36.479+0000][451.989s][2294560][2294576][debug] GC(117)   from space 4608K, 70% used [0x00000007ff700000,0x00000007ffa28000,0x00000007ffb80000)
[2021-07-20T13:35:36.479+0000][451.989s][2294560][2294576][debug] GC(117)   to   space 4608K, 0% used [0x00000007ffb80000,0x00000007ffb80000,0x0000000800000000)
[2021-07-20T13:35:36.479+0000][451.989s][2294560][2294576][debug] GC(117)  ParOldGen       total 5592576K, used 3978743K [0x0000000600000000, 0x0000000755580000, 0x0000000755580000)
[2021-07-20T13:35:36.479+0000][451.989s][2294560][2294576][debug] GC(117)   object space 5592576K, 71% used [0x0000000600000000,0x00000006f2d7ded0,0x0000000755580000)
[2021-07-20T13:35:36.479+0000][451.989s][2294560][2294576][debug] GC(117)  Metaspace       used 51372K, committed 51776K, reserved 1097728K
[2021-07-20T13:35:36.479+0000][451.989s][2294560][2294576][debug] GC(117)   class space    used 6281K, committed 6464K, reserved 1048576K
[2021-07-20T13:35:36.502+0000][452.012s][2294560][2294576][debug] GC(117) Desired survivor size 4718592 bytes, new threshold 1 (max threshold 15)
[2021-07-20T13:35:36.502+0000][452.012s][2294560][2294576][info ] GC(117) PSYoungGen: 2790048K(2791424K)->3264K(2791424K) Eden: 2786816K(2786816K)->0K(2786816K) From: 3232K(4608K)->3264K(4608K)
[2021-07-20T13:35:36.502+0000][452.012s][2294560][2294576][info ] GC(117) ParOldGen: 3978743K(5592576K)->3980127K(5592576K)
[2021-07-20T13:35:36.502+0000][452.012s][2294560][2294576][info ] GC(117) Pause Young (Allocation Failure) 6610M->3890M(8187M) 22.794ms
[2021-07-20T13:35:36.502+0000][452.012s][2294560][2294576][debug] GC(117) Heap after GC invocations=118 (full 2):
[2021-07-20T13:35:36.502+0000][452.012s][2294560][2294576][debug] GC(117)  PSYoungGen      total 2791424K, used 3264K [0x0000000755580000, 0x0000000800000000, 0x0000000800000000)
[2021-07-20T13:35:36.502+0000][452.012s][2294560][2294576][debug] GC(117)   eden space 2786816K, 0% used [0x0000000755580000,0x0000000755580000,0x00000007ff700000)
[2021-07-20T13:35:36.502+0000][452.012s][2294560][2294576][debug] GC(117)   from space 4608K, 70% used [0x00000007ffb80000,0x00000007ffeb0000,0x0000000800000000)
[2021-07-20T13:35:36.502+0000][452.012s][2294560][2294576][debug] GC(117)   to   space 4608K, 0% used [0x00000007ff700000,0x00000007ff700000,0x00000007ffb80000)
[2021-07-20T13:35:36.502+0000][452.012s][2294560][2294576][debug] GC(117)  ParOldGen       total 5592576K, used 3980127K [0x0000000600000000, 0x0000000755580000, 0x0000000755580000)
[2021-07-20T13:35:36.502+0000][452.012s][2294560][2294576][debug] GC(117)   object space 5592576K, 71% used [0x0000000600000000,0x00000006f2ed7ed0,0x0000000755580000)
[2021-07-20T13:35:36.502+0000][452.012s][2294560][2294576][debug] GC(117)  Metaspace       used 51372K, committed 51776K, reserved 1097728K
[2021-07-20T13:35:36.502+0000][452.012s][2294560][2294576][debug] GC(117)   class space    used 6281K, committed 6464K, reserved 1048576K
[2021-07-20T13:35:36.502+0000][452.012s][2294560][2294576][info ] Safepoint "ParallelGCFailedAllocation", Time since last: 7569697386 ns, Reaching safepoint: 93514 ns, At safepoint: 23126912 ns, Total: 23220426 ns
[2021-07-20T13:35:37.502+0000][453.012s][2294560][2294576][info ] Safepoint "Cleanup", Time since last: 1000086909 ns, Reaching safepoint: 97749 ns, At safepoint: 10426 ns, Total: 108175 ns
[2021-07-20T13:35:38.503+0000][454.012s][2294560][2294576][info ] Safepoint "Cleanup", Time since last: 1000120143 ns, Reaching safepoint: 88269 ns, At safepoint: 11811 ns, Total: 100080 ns
[2021-07-20T13:35:43.503+0000][459.013s][2294560][2294576][info ] Safepoint "Cleanup", Time since last: 5000248359 ns, Reaching safepoint: 98901 ns, At safepoint: 12401 ns, Total: 111302 ns
[2021-07-20T13:35:44.046+0000][459.556s][2294560][2294576][debug] GC(118) Heap before GC invocations=119 (full 2):
[2021-07-20T13:35:44.046+0000][459.556s][2294560][2294576][debug] GC(118)  PSYoungGen      total 2791424K, used 2790080K [0x0000000755580000, 0x0000000800000000, 0x0000000800000000)
[2021-07-20T13:35:44.046+0000][459.556s][2294560][2294576][debug] GC(118)   eden space 2786816K, 100% used [0x0000000755580000,0x00000007ff700000,0x00000007ff700000)
[2021-07-20T13:35:44.046+0000][459.556s][2294560][2294576][debug] GC(118)   from space 4608K, 70% used [0x00000007ffb80000,0x00000007ffeb0000,0x0000000800000000)
[2021-07-20T13:35:44.046+0000][459.556s][2294560][2294576][debug] GC(118)   to   space 4608K, 0% used [0x00000007ff700000,0x00000007ff700000,0x00000007ffb80000)
[2021-07-20T13:35:44.046+0000][459.556s][2294560][2294576][debug] GC(118)  ParOldGen       total 5592576K, used 3980127K [0x0000000600000000, 0x0000000755580000, 0x0000000755580000)
[2021-07-20T13:35:44.047+0000][459.556s][2294560][2294576][debug] GC(118)   object space 5592576K, 71% used [0x0000000600000000,0x00000006f2ed7ed0,0x0000000755580000)
[2021-07-20T13:35:44.047+0000][459.556s][2294560][2294576][debug] GC(118)  Metaspace       used 51383K, committed 51776K, reserved 1097728K
[2021-07-20T13:35:44.047+0000][459.556s][2294560][2294576][debug] GC(118)   class space    used 6281K, committed 6464K, reserved 1048576K
[2021-07-20T13:35:44.069+0000][459.579s][2294560][2294576][debug] GC(118) Desired survivor size 4718592 bytes, new threshold 1 (max threshold 15)
[2021-07-20T13:35:44.070+0000][459.580s][2294560][2294576][info ] GC(118) PSYoungGen: 2790080K(2791424K)->3328K(2791424K) Eden: 2786816K(2786816K)->0K(2786816K) From: 3264K(4608K)->3328K(4608K)
[2021-07-20T13:35:44.070+0000][459.580s][2294560][2294576][info ] GC(118) ParOldGen: 3980127K(5592576K)->3981623K(5592576K)
[2021-07-20T13:35:44.070+0000][459.580s][2294560][2294576][info ] GC(118) Pause Young (Allocation Failure) 6611M->3891M(8187M) 23.023ms
[2021-07-20T13:35:44.070+0000][459.580s][2294560][2294576][debug] GC(118) Heap after GC invocations=119 (full 2):
[2021-07-20T13:35:44.070+0000][459.580s][2294560][2294576][debug] GC(118)  PSYoungGen      total 2791424K, used 3328K [0x0000000755580000, 0x0000000800000000, 0x0000000800000000)
[2021-07-20T13:35:44.070+0000][459.580s][2294560][2294576][debug] GC(118)   eden space 2786816K, 0% used [0x0000000755580000,0x0000000755580000,0x00000007ff700000)
[2021-07-20T13:35:44.070+0000][459.580s][2294560][2294576][debug] GC(118)   from space 4608K, 72% used [0x00000007ff700000,0x00000007ffa40000,0x00000007ffb80000)
[2021-07-20T13:35:44.070+0000][459.580s][2294560][2294576][debug] GC(118)   to   space 4608K, 0% used [0x00000007ffb80000,0x00000007ffb80000,0x0000000800000000)
[2021-07-20T13:35:44.070+0000][459.580s][2294560][2294576][debug] GC(118)  ParOldGen       total 5592576K, used 3981623K [0x0000000600000000, 0x0000000755580000, 0x0000000755580000)
[2021-07-20T13:35:44.070+0000][459.580s][2294560][2294576][debug] GC(118)   object space 5592576K, 71% used [0x0000000600000000,0x00000006f304ded0,0x0000000755580000)
[2021-07-20T13:35:44.070+0000][459.580s][2294560][2294576][debug] GC(118)  Metaspace       used 51383K, committed 51776K, reserved 1097728K
[2021-07-20T13:35:44.070+0000][459.580s][2294560][2294576][debug] GC(118)   class space    used 6281K, committed 6464K, reserved 1048576K
[2021-07-20T13:35:44.070+0000][459.580s][2294560][2294576][info ] Safepoint "ParallelGCFailedAllocation", Time since last: 543452928 ns, Reaching safepoint: 94153 ns, At safepoint: 23363689 ns, Total: 23457842 ns
[2021-07-20T13:35:51.620+0000][467.130s][2294560][2294576][debug] GC(119) Heap before GC invocations=120 (full 2):
[2021-07-20T13:35:51.620+0000][467.130s][2294560][2294576][debug] GC(119)  PSYoungGen      total 2791424K, used 2790144K [0x0000000755580000, 0x0000000800000000, 0x0000000800000000)
[2021-07-20T13:35:51.620+0000][467.130s][2294560][2294576][debug] GC(119)   eden space 2786816K, 100% used [0x0000000755580000,0x00000007ff700000,0x00000007ff700000)
[2021-07-20T13:35:51.620+0000][467.130s][2294560][2294576][debug] GC(119)   from space 4608K, 72% used [0x00000007ff700000,0x00000007ffa40000,0x00000007ffb80000)
[2021-07-20T13:35:51.620+0000][467.130s][2294560][2294576][debug] GC(119)   to   space 4608K, 0% used [0x00000007ffb80000,0x00000007ffb80000,0x0000000800000000)
[2021-07-20T13:35:51.620+0000][467.130s][2294560][2294576][debug] GC(119)  ParOldGen       total 5592576K, used 3981623K [0x0000000600000000, 0x0000000755580000, 0x0000000755580000)
[2021-07-20T13:35:51.620+0000][467.130s][2294560][2294576][debug] GC(119)   object space 5592576K, 71% used [0x0000000600000000,0x00000006f304ded0,0x0000000755580000)
[2021-07-20T13:35:51.620+0000][467.130s][2294560][2294576][debug] GC(119)  Metaspace       used 51383K, committed 51776K, reserved 1097728K
[2021-07-20T13:35:51.620+0000][467.130s][2294560][2294576][debug] GC(119)   class space    used 6281K, committed 6464K, reserved 1048576K
[2021-07-20T13:35:51.643+0000][467.153s][2294560][2294576][debug] GC(119) Desired survivor size 4194304 bytes, new threshold 1 (max threshold 15)
[2021-07-20T13:35:51.643+0000][467.153s][2294560][2294576][debug] GC(119) Running ParallelGC PreTouch tail with 1 workers for 1 work units pre-touching 524288B.
[2021-07-20T13:35:51.643+0000][467.153s][2294560][2294576][info ] GC(119) PSYoungGen: 2790144K(2791424K)->3264K(2791936K) Eden: 2786816K(2786816K)->0K(2787328K) From: 3328K(4608K)->3264K(4608K)
[2021-07-20T13:35:51.643+0000][467.153s][2294560][2294576][info ] GC(119) ParOldGen: 3981623K(5592576K)->3983079K(5592576K)
[2021-07-20T13:35:51.643+0000][467.153s][2294560][2294576][info ] GC(119) Pause Young (Allocation Failure) 6613M->3892M(8188M) 23.008ms
[2021-07-20T13:35:51.643+0000][467.153s][2294560][2294576][debug] GC(119) Heap after GC invocations=120 (full 2):
[2021-07-20T13:35:51.643+0000][467.153s][2294560][2294576][debug] GC(119)  PSYoungGen      total 2791936K, used 3264K [0x0000000755580000, 0x0000000800000000, 0x0000000800000000)
[2021-07-20T13:35:51.644+0000][467.153s][2294560][2294576][debug] GC(119)   eden space 2787328K, 0% used [0x0000000755580000,0x0000000755580000,0x00000007ff780000)
[2021-07-20T13:35:51.644+0000][467.153s][2294560][2294576][debug] GC(119)   from space 4608K, 70% used [0x00000007ffb80000,0x00000007ffeb0000,0x0000000800000000)
[2021-07-20T13:35:51.644+0000][467.153s][2294560][2294576][debug] GC(119)   to   space 4096K, 0% used [0x00000007ff780000,0x00000007ff780000,0x00000007ffb80000)
[2021-07-20T13:35:51.644+0000][467.153s][2294560][2294576][debug] GC(119)  ParOldGen       total 5592576K, used 3983079K [0x0000000600000000, 0x0000000755580000, 0x0000000755580000)
[2021-07-20T13:35:51.644+0000][467.153s][2294560][2294576][debug] GC(119)   object space 5592576K, 71% used [0x0000000600000000,0x00000006f31b9ed0,0x0000000755580000)
[2021-07-20T13:35:51.644+0000][467.154s][2294560][2294576][debug] GC(119)  Metaspace       used 51383K, committed 51776K, reserved 1097728K
[2021-07-20T13:35:51.644+0000][467.154s][2294560][2294576][debug] GC(119)   class space    used 6281K, committed 6464K, reserved 1048576K
[2021-07-20T13:35:51.644+0000][467.154s][2294560][2294576][info ] Safepoint "ParallelGCFailedAllocation", Time since last: 7550432989 ns, Reaching safepoint: 99721 ns, At safepoint: 23371717 ns, Total: 23471438 ns
[2021-07-20T13:35:59.221+0000][474.731s][2294560][2294576][debug] GC(120) Heap before GC invocations=121 (full 2):
[2021-07-20T13:35:59.221+0000][474.731s][2294560][2294576][debug] GC(120)  PSYoungGen      total 2791936K, used 2790592K [0x0000000755580000, 0x0000000800000000, 0x0000000800000000)
[2021-07-20T13:35:59.221+0000][474.731s][2294560][2294576][debug] GC(120)   eden space 2787328K, 100% used [0x0000000755580000,0x00000007ff780000,0x00000007ff780000)
[2021-07-20T13:35:59.221+0000][474.731s][2294560][2294576][debug] GC(120)   from space 4608K, 70% used [0x00000007ffb80000,0x00000007ffeb0000,0x0000000800000000)
[2021-07-20T13:35:59.221+0000][474.731s][2294560][2294576][debug] GC(120)   to   space 4096K, 0% used [0x00000007ff780000,0x00000007ff780000,0x00000007ffb80000)
[2021-07-20T13:35:59.221+0000][474.731s][2294560][2294576][debug] GC(120)  ParOldGen       total 5592576K, used 3983079K [0x0000000600000000, 0x0000000755580000, 0x0000000755580000)
[2021-07-20T13:35:59.221+0000][474.731s][2294560][2294576][debug] GC(120)   object space 5592576K, 71% used [0x0000000600000000,0x00000006f31b9ed0,0x0000000755580000)
[2021-07-20T13:35:59.221+0000][474.731s][2294560][2294576][debug] GC(120)  Metaspace       used 51383K, committed 51776K, reserved 1097728K
[2021-07-20T13:35:59.221+0000][474.731s][2294560][2294576][debug] GC(120)   class space    used 6281K, committed 6464K, reserved 1048576K
[2021-07-20T13:35:59.244+0000][474.754s][2294560][2294576][debug] GC(120) Desired survivor size 4194304 bytes, new threshold 1 (max threshold 15)
[2021-07-20T13:35:59.244+0000][474.754s][2294560][2294576][info ] GC(120) PSYoungGen: 2790592K(2791936K)->3456K(2791424K) Eden: 2787328K(2787328K)->0K(2787328K) From: 3264K(4608K)->3456K(4096K)
[2021-07-20T13:35:59.244+0000][474.754s][2294560][2294576][info ] GC(120) ParOldGen: 3983079K(5592576K)->3984535K(5592576K)
[2021-07-20T13:35:59.244+0000][474.754s][2294560][2294576][info ] GC(120) Pause Young (Allocation Failure) 6614M->3894M(8187M) 23.197ms
[2021-07-20T13:35:59.244+0000][474.754s][2294560][2294576][debug] GC(120) Heap after GC invocations=121 (full 2):
[2021-07-20T13:35:59.244+0000][474.754s][2294560][2294576][debug] GC(120)  PSYoungGen      total 2791424K, used 3456K [0x0000000755580000, 0x0000000800000000, 0x0000000800000000)
[2021-07-20T13:35:59.244+0000][474.754s][2294560][2294576][debug] GC(120)   eden space 2787328K, 0% used [0x0000000755580000,0x0000000755580000,0x00000007ff780000)
[2021-07-20T13:35:59.244+0000][474.754s][2294560][2294576][debug] GC(120)   from space 4096K, 84% used [0x00000007ff780000,0x00000007ffae0000,0x00000007ffb80000)
[2021-07-20T13:35:59.244+0000][474.754s][2294560][2294576][debug] GC(120)   to   space 4096K, 0% used [0x00000007ffc00000,0x00000007ffc00000,0x0000000800000000)
[2021-07-20T13:35:59.244+0000][474.754s][2294560][2294576][debug] GC(120)  ParOldGen       total 5592576K, used 3984535K [0x0000000600000000, 0x0000000755580000, 0x0000000755580000)
[2021-07-20T13:35:59.244+0000][474.754s][2294560][2294576][debug] GC(120)   object space 5592576K, 71% used [0x0000000600000000,0x00000006f3325ed0,0x0000000755580000)
[2021-07-20T13:35:59.244+0000][474.754s][2294560][2294576][debug] GC(120)  Metaspace       used 51383K, committed 51776K, reserved 1097728K
[2021-07-20T13:35:59.244+0000][474.754s][2294560][2294576][debug] GC(120)   class space    used 6281K, committed 6464K, reserved 1048576K
[2021-07-20T13:35:59.244+0000][474.754s][2294560][2294576][info ] Safepoint "ParallelGCFailedAllocation", Time since last: 7577055286 ns, Reaching safepoint: 93587 ns, At safepoint: 23532176 ns, Total: 23625763 ns
[2021-07-20T13:36:06.801+0000][482.311s][2294560][2294576][debug] GC(121) Heap before GC invocations=122 (full 2):
[2021-07-20T13:36:06.801+0000][482.311s][2294560][2294576][debug] GC(121)  PSYoungGen      total 2791424K, used 2790784K [0x0000000755580000, 0x0000000800000000, 0x0000000800000000)
[2021-07-20T13:36:06.801+0000][482.311s][2294560][2294576][debug] GC(121)   eden space 2787328K, 100% used [0x0000000755580000,0x00000007ff780000,0x00000007ff780000)
[2021-07-20T13:36:06.801+0000][482.311s][2294560][2294576][debug] GC(121)   from space 4096K, 84% used [0x00000007ff780000,0x00000007ffae0000,0x00000007ffb80000)
[2021-07-20T13:36:06.801+0000][482.311s][2294560][2294576][debug] GC(121)   to   space 4096K, 0% used [0x00000007ffc00000,0x00000007ffc00000,0x0000000800000000)
[2021-07-20T13:36:06.801+0000][482.311s][2294560][2294576][debug] GC(121)  ParOldGen       total 5592576K, used 3984535K [0x0000000600000000, 0x0000000755580000, 0x0000000755580000)
[2021-07-20T13:36:06.801+0000][482.311s][2294560][2294576][debug] GC(121)   object space 5592576K, 71% used [0x0000000600000000,0x00000006f3325ed0,0x0000000755580000)
[2021-07-20T13:36:06.801+0000][482.311s][2294560][2294576][debug] GC(121)  Metaspace       used 51386K, committed 51776K, reserved 1097728K
[2021-07-20T13:36:06.801+0000][482.311s][2294560][2294576][debug] GC(121)   class space    used 6281K, committed 6464K, reserved 1048576K
[2021-07-20T13:36:06.824+0000][482.334s][2294560][2294576][debug] GC(121) Desired survivor size 4194304 bytes, new threshold 1 (max threshold 15)
[2021-07-20T13:36:06.824+0000][482.334s][2294560][2294576][debug] GC(121) Running ParallelGC PreTouch tail with 1 workers for 1 work units pre-touching 524288B.
[2021-07-20T13:36:06.824+0000][482.334s][2294560][2294576][debug] GC(121) Running ParallelGC PreTouch tail with 1 workers for 1 work units pre-touching 524288B.
[2021-07-20T13:36:06.824+0000][482.334s][2294560][2294576][info ] GC(121) PSYoungGen: 2790784K(2791424K)->3232K(2791936K) Eden: 2787328K(2787328K)->0K(2787840K) From: 3456K(4096K)->3232K(4096K)
[2021-07-20T13:36:06.824+0000][482.334s][2294560][2294576][info ] GC(121) ParOldGen: 3984535K(5592576K)->3986263K(5592576K)
[2021-07-20T13:36:06.825+0000][482.334s][2294560][2294576][info ] GC(121) Pause Young (Allocation Failure) 6616M->3895M(8188M) 23.457ms
[2021-07-20T13:36:06.825+0000][482.334s][2294560][2294576][debug] GC(121) Heap after GC invocations=122 (full 2):
[2021-07-20T13:36:06.825+0000][482.335s][2294560][2294576][debug] GC(121)  PSYoungGen      total 2791936K, used 3232K [0x0000000755580000, 0x0000000800000000, 0x0000000800000000)
[2021-07-20T13:36:06.825+0000][482.335s][2294560][2294576][debug] GC(121)   eden space 2787840K, 0% used [0x0000000755580000,0x0000000755580000,0x00000007ff800000)
[2021-07-20T13:36:06.825+0000][482.335s][2294560][2294576][debug] GC(121)   from space 4096K, 78% used [0x00000007ffc00000,0x00000007fff28000,0x0000000800000000)
[2021-07-20T13:36:06.825+0000][482.335s][2294560][2294576][debug] GC(121)   to   space 4096K, 0% used [0x00000007ff800000,0x00000007ff800000,0x00000007ffc00000)
[2021-07-20T13:36:06.825+0000][482.335s][2294560][2294576][debug] GC(121)  ParOldGen       total 5592576K, used 3986263K [0x0000000600000000, 0x0000000755580000, 0x0000000755580000)
[2021-07-20T13:36:06.825+0000][482.335s][2294560][2294576][debug] GC(121)   object space 5592576K, 71% used [0x0000000600000000,0x00000006f34d5ed0,0x0000000755580000)
[2021-07-20T13:36:06.825+0000][482.335s][2294560][2294576][debug] GC(121)  Metaspace       used 51386K, committed 51776K, reserved 1097728K
[2021-07-20T13:36:06.825+0000][482.335s][2294560][2294576][debug] GC(121)   class space    used 6281K, committed 6464K, reserved 1048576K
[2021-07-20T13:36:06.825+0000][482.335s][2294560][2294576][info ] Safepoint "ParallelGCFailedAllocation", Time since last: 7556444469 ns, Reaching safepoint: 95661 ns, At safepoint: 23776509 ns, Total: 23872170 ns
[2021-07-20T13:36:14.408+0000][489.918s][2294560][2294576][debug] GC(122) Heap before GC invocations=123 (full 2):
[2021-07-20T13:36:14.408+0000][489.918s][2294560][2294576][debug] GC(122)  PSYoungGen      total 2791936K, used 2791072K [0x0000000755580000, 0x0000000800000000, 0x0000000800000000)
[2021-07-20T13:36:14.408+0000][489.918s][2294560][2294576][debug] GC(122)   eden space 2787840K, 100% used [0x0000000755580000,0x00000007ff800000,0x00000007ff800000)
[2021-07-20T13:36:14.408+0000][489.918s][2294560][2294576][debug] GC(122)   from space 4096K, 78% used [0x00000007ffc00000,0x00000007fff28000,0x0000000800000000)
[2021-07-20T13:36:14.408+0000][489.918s][2294560][2294576][debug] GC(122)   to   space 4096K, 0% used [0x00000007ff800000,0x00000007ff800000,0x00000007ffc00000)
[2021-07-20T13:36:14.408+0000][489.918s][2294560][2294576][debug] GC(122)  ParOldGen       total 5592576K, used 3986263K [0x0000000600000000, 0x0000000755580000, 0x0000000755580000)
[2021-07-20T13:36:14.409+0000][489.918s][2294560][2294576][debug] GC(122)   object space 5592576K, 71% used [0x0000000600000000,0x00000006f34d5ed0,0x0000000755580000)
[2021-07-20T13:36:14.409+0000][489.918s][2294560][2294576][debug] GC(122)  Metaspace       used 51386K, committed 51776K, reserved 1097728K
[2021-07-20T13:36:14.409+0000][489.918s][2294560][2294576][debug] GC(122)   class space    used 6281K, committed 6464K, reserved 1048576K
[2021-07-20T13:36:14.431+0000][489.941s][2294560][2294576][debug] GC(122) Desired survivor size 4194304 bytes, new threshold 1 (max threshold 15)
[2021-07-20T13:36:14.432+0000][489.942s][2294560][2294576][info ] GC(122) PSYoungGen: 2791072K(2791936K)->3136K(2791936K) Eden: 2787840K(2787840K)->0K(2787840K) From: 3232K(4096K)->3136K(4096K)
[2021-07-20T13:36:14.432+0000][489.942s][2294560][2294576][info ] GC(122) ParOldGen: 3986263K(5592576K)->3987703K(5592576K)
[2021-07-20T13:36:14.432+0000][489.942s][2294560][2294576][info ] GC(122) Pause Young (Allocation Failure) 6618M->3897M(8188M) 23.095ms
[2021-07-20T13:36:14.432+0000][489.942s][2294560][2294576][debug] GC(122) Heap after GC invocations=123 (full 2):
[2021-07-20T13:36:14.432+0000][489.942s][2294560][2294576][debug] GC(122)  PSYoungGen      total 2791936K, used 3136K [0x0000000755580000, 0x0000000800000000, 0x0000000800000000)
[2021-07-20T13:36:14.432+0000][489.942s][2294560][2294576][debug] GC(122)   eden space 2787840K, 0% used [0x0000000755580000,0x0000000755580000,0x00000007ff800000)
[2021-07-20T13:36:14.432+0000][489.942s][2294560][2294576][debug] GC(122)   from space 4096K, 76% used [0x00000007ff800000,0x00000007ffb10000,0x00000007ffc00000)
[2021-07-20T13:36:14.432+0000][489.942s][2294560][2294576][debug] GC(122)   to   space 4096K, 0% used [0x00000007ffc00000,0x00000007ffc00000,0x0000000800000000)
[2021-07-20T13:36:14.432+0000][489.942s][2294560][2294576][debug] GC(122)  ParOldGen       total 5592576K, used 3987703K [0x0000000600000000, 0x0000000755580000, 0x0000000755580000)
[2021-07-20T13:36:14.432+0000][489.942s][2294560][2294576][debug] GC(122)   object space 5592576K, 71% used [0x0000000600000000,0x00000006f363ded0,0x0000000755580000)
[2021-07-20T13:36:14.432+0000][489.942s][2294560][2294576][debug] GC(122)  Metaspace       used 51386K, committed 51776K, reserved 1097728K
[2021-07-20T13:36:14.432+0000][489.942s][2294560][2294576][debug] GC(122)   class space    used 6281K, committed 6464K, reserved 1048576K
[2021-07-20T13:36:14.432+0000][489.942s][2294560][2294576][info ] Safepoint "ParallelGCFailedAllocation", Time since last: 7583632781 ns, Reaching safepoint: 91314 ns, At safepoint: 23433125 ns, Total: 23524439 ns
[2021-07-20T13:36:22.034+0000][497.543s][2294560][2294576][debug] GC(123) Heap before GC invocations=124 (full 2):
[2021-07-20T13:36:22.034+0000][497.544s][2294560][2294576][debug] GC(123)  PSYoungGen      total 2791936K, used 2790976K [0x0000000755580000, 0x0000000800000000, 0x0000000800000000)
[2021-07-20T13:36:22.034+0000][497.544s][2294560][2294576][debug] GC(123)   eden space 2787840K, 100% used [0x0000000755580000,0x00000007ff800000,0x00000007ff800000)
[2021-07-20T13:36:22.034+0000][497.544s][2294560][2294576][debug] GC(123)   from space 4096K, 76% used [0x00000007ff800000,0x00000007ffb10000,0x00000007ffc00000)
[2021-07-20T13:36:22.034+0000][497.544s][2294560][2294576][debug] GC(123)   to   space 4096K, 0% used [0x00000007ffc00000,0x00000007ffc00000,0x0000000800000000)
[2021-07-20T13:36:22.034+0000][497.544s][2294560][2294576][debug] GC(123)  ParOldGen       total 5592576K, used 3987703K [0x0000000600000000, 0x0000000755580000, 0x0000000755580000)
[2021-07-20T13:36:22.034+0000][497.544s][2294560][2294576][debug] GC(123)   object space 5592576K, 71% used [0x0000000600000000,0x00000006f363ded0,0x0000000755580000)
[2021-07-20T13:36:22.034+0000][497.544s][2294560][2294576][debug] GC(123)  Metaspace       used 51386K, committed 51776K, reserved 1097728K
[2021-07-20T13:36:22.034+0000][497.544s][2294560][2294576][debug] GC(123)   class space    used 6281K, committed 6464K, reserved 1048576K
[2021-07-20T13:36:22.057+0000][497.567s][2294560][2294576][debug] GC(123) Desired survivor size 4194304 bytes, new threshold 1 (max threshold 15)
[2021-07-20T13:36:22.058+0000][497.568s][2294560][2294576][info ] GC(123) PSYoungGen: 2790976K(2791936K)->3232K(2791936K) Eden: 2787840K(2787840K)->0K(2787840K) From: 3136K(4096K)->3232K(4096K)
[2021-07-20T13:36:22.058+0000][497.568s][2294560][2294576][info ] GC(123) ParOldGen: 3987703K(5592576K)->3989015K(5592576K)
[2021-07-20T13:36:22.058+0000][497.568s][2294560][2294576][info ] GC(123) Pause Young (Allocation Failure) 6619M->3898M(8188M) 23.932ms
[2021-07-20T13:36:22.058+0000][497.568s][2294560][2294576][debug] GC(123) Heap after GC invocations=124 (full 2):
[2021-07-20T13:36:22.058+0000][497.568s][2294560][2294576][debug] GC(123)  PSYoungGen      total 2791936K, used 3232K [0x0000000755580000, 0x0000000800000000, 0x0000000800000000)
[2021-07-20T13:36:22.058+0000][497.568s][2294560][2294576][debug] GC(123)   eden space 2787840K, 0% used [0x0000000755580000,0x0000000755580000,0x00000007ff800000)
[2021-07-20T13:36:22.058+0000][497.568s][2294560][2294576][debug] GC(123)   from space 4096K, 78% used [0x00000007ffc00000,0x00000007fff28000,0x0000000800000000)
[2021-07-20T13:36:22.058+0000][497.568s][2294560][2294576][debug] GC(123)   to   space 4096K, 0% used [0x00000007ff800000,0x00000007ff800000,0x00000007ffc00000)
[2021-07-20T13:36:22.058+0000][497.568s][2294560][2294576][debug] GC(123)  ParOldGen       total 5592576K, used 3989015K [0x0000000600000000, 0x0000000755580000, 0x0000000755580000)
[2021-07-20T13:36:22.058+0000][497.568s][2294560][2294576][debug] GC(123)   object space 5592576K, 71% used [0x0000000600000000,0x00000006f3785ed0,0x0000000755580000)
[2021-07-20T13:36:22.058+0000][497.568s][2294560][2294576][debug] GC(123)  Metaspace       used 51386K, committed 51776K, reserved 1097728K
[2021-07-20T13:36:22.058+0000][497.568s][2294560][2294576][debug] GC(123)   class space    used 6281K, committed 6464K, reserved 1048576K
[2021-07-20T13:36:22.058+0000][497.568s][2294560][2294576][info ] Safepoint "ParallelGCFailedAllocation", Time since last: 7601575638 ns, Reaching safepoint: 93616 ns, At safepoint: 24255137 ns, Total: 24348753 ns
[2021-07-20T13:36:26.058+0000][501.568s][2294560][2294576][info ] Safepoint "Cleanup", Time since last: 4000275588 ns, Reaching safepoint: 87267 ns, At safepoint: 15452 ns, Total: 102719 ns
[2021-07-20T13:36:29.671+0000][505.181s][2294560][2294576][debug] GC(124) Heap before GC invocations=125 (full 2):
[2021-07-20T13:36:29.671+0000][505.181s][2294560][2294576][debug] GC(124)  PSYoungGen      total 2791936K, used 2791072K [0x0000000755580000, 0x0000000800000000, 0x0000000800000000)
[2021-07-20T13:36:29.671+0000][505.181s][2294560][2294576][debug] GC(124)   eden space 2787840K, 100% used [0x0000000755580000,0x00000007ff800000,0x00000007ff800000)
[2021-07-20T13:36:29.671+0000][505.181s][2294560][2294576][debug] GC(124)   from space 4096K, 78% used [0x00000007ffc00000,0x00000007fff28000,0x0000000800000000)
[2021-07-20T13:36:29.671+0000][505.181s][2294560][2294576][debug] GC(124)   to   space 4096K, 0% used [0x00000007ff800000,0x00000007ff800000,0x00000007ffc00000)
[2021-07-20T13:36:29.671+0000][505.181s][2294560][2294576][debug] GC(124)  ParOldGen       total 5592576K, used 3989015K [0x0000000600000000, 0x0000000755580000, 0x0000000755580000)
[2021-07-20T13:36:29.671+0000][505.181s][2294560][2294576][debug] GC(124)   object space 5592576K, 71% used [0x0000000600000000,0x00000006f3785ed0,0x0000000755580000)
[2021-07-20T13:36:29.671+0000][505.181s][2294560][2294576][debug] GC(124)  Metaspace       used 51388K, committed 51776K, reserved 1097728K
[2021-07-20T13:36:29.671+0000][505.181s][2294560][2294576][debug] GC(124)   class space    used 6281K, committed 6464K, reserved 1048576K
[2021-07-20T13:36:29.694+0000][505.204s][2294560][2294576][debug] GC(124) Desired survivor size 4194304 bytes, new threshold 1 (max threshold 15)
[2021-07-20T13:36:29.694+0000][505.204s][2294560][2294576][info ] GC(124) PSYoungGen: 2791072K(2791936K)->3392K(2791936K) Eden: 2787840K(2787840K)->0K(2787840K) From: 3232K(4096K)->3392K(4096K)
[2021-07-20T13:36:29.694+0000][505.204s][2294560][2294576][info ] GC(124) ParOldGen: 3989015K(5592576K)->3990415K(5592576K)
[2021-07-20T13:36:29.694+0000][505.204s][2294560][2294576][info ] GC(124) Pause Young (Allocation Failure) 6621M->3900M(8188M) 23.130ms
[2021-07-20T13:36:29.694+0000][505.204s][2294560][2294576][debug] GC(124) Heap after GC invocations=125 (full 2):
[2021-07-20T13:36:29.694+0000][505.204s][2294560][2294576][debug] GC(124)  PSYoungGen      total 2791936K, used 3392K [0x0000000755580000, 0x0000000800000000, 0x0000000800000000)
[2021-07-20T13:36:29.694+0000][505.204s][2294560][2294576][debug] GC(124)   eden space 2787840K, 0% used [0x0000000755580000,0x0000000755580000,0x00000007ff800000)
[2021-07-20T13:36:29.694+0000][505.204s][2294560][2294576][debug] GC(124)   from space 4096K, 82% used [0x00000007ff800000,0x00000007ffb50000,0x00000007ffc00000)
[2021-07-20T13:36:29.694+0000][505.204s][2294560][2294576][debug] GC(124)   to   space 4096K, 0% used [0x00000007ffc00000,0x00000007ffc00000,0x0000000800000000)
[2021-07-20T13:36:29.694+0000][505.204s][2294560][2294576][debug] GC(124)  ParOldGen       total 5592576K, used 3990415K [0x0000000600000000, 0x0000000755580000, 0x0000000755580000)
[2021-07-20T13:36:29.694+0000][505.204s][2294560][2294576][debug] GC(124)   object space 5592576K, 71% used [0x0000000600000000,0x00000006f38e3ed0,0x0000000755580000)
[2021-07-20T13:36:29.694+0000][505.204s][2294560][2294576][debug] GC(124)  Metaspace       used 51388K, committed 51776K, reserved 1097728K
[2021-07-20T13:36:29.694+0000][505.204s][2294560][2294576][debug] GC(124)   class space    used 6281K, committed 6464K, reserved 1048576K
[2021-07-20T13:36:29.694+0000][505.204s][2294560][2294576][info ] Safepoint "ParallelGCFailedAllocation", Time since last: 3612451479 ns, Reaching safepoint: 96093 ns, At safepoint: 23472296 ns, Total: 23568389 ns
[2021-07-20T13:36:37.282+0000][512.791s][2294560][2294576][debug] GC(125) Heap before GC invocations=126 (full 2):
[2021-07-20T13:36:37.282+0000][512.792s][2294560][2294576][debug] GC(125)  PSYoungGen      total 2791936K, used 2791232K [0x0000000755580000, 0x0000000800000000, 0x0000000800000000)
[2021-07-20T13:36:37.282+0000][512.792s][2294560][2294576][debug] GC(125)   eden space 2787840K, 100% used [0x0000000755580000,0x00000007ff800000,0x00000007ff800000)
[2021-07-20T13:36:37.282+0000][512.792s][2294560][2294576][debug] GC(125)   from space 4096K, 82% used [0x00000007ff800000,0x00000007ffb50000,0x00000007ffc00000)
[2021-07-20T13:36:37.282+0000][512.792s][2294560][2294576][debug] GC(125)   to   space 4096K, 0% used [0x00000007ffc00000,0x00000007ffc00000,0x0000000800000000)
[2021-07-20T13:36:37.282+0000][512.792s][2294560][2294576][debug] GC(125)  ParOldGen       total 5592576K, used 3990415K [0x0000000600000000, 0x0000000755580000, 0x0000000755580000)
[2021-07-20T13:36:37.282+0000][512.792s][2294560][2294576][debug] GC(125)   object space 5592576K, 71% used [0x0000000600000000,0x00000006f38e3ed0,0x0000000755580000)
[2021-07-20T13:36:37.282+0000][512.792s][2294560][2294576][debug] GC(125)  Metaspace       used 51388K, committed 51776K, reserved 1097728K
[2021-07-20T13:36:37.282+0000][512.792s][2294560][2294576][debug] GC(125)   class space    used 6281K, committed 6464K, reserved 1048576K
[2021-07-20T13:36:37.305+0000][512.815s][2294560][2294576][debug] GC(125) Desired survivor size 4194304 bytes, new threshold 1 (max threshold 15)
[2021-07-20T13:36:37.305+0000][512.815s][2294560][2294576][info ] GC(125) PSYoungGen: 2791232K(2791936K)->3200K(2791936K) Eden: 2787840K(2787840K)->0K(2787840K) From: 3392K(4096K)->3200K(4096K)
[2021-07-20T13:36:37.305+0000][512.815s][2294560][2294576][info ] GC(125) ParOldGen: 3990415K(5592576K)->3992023K(5592576K)
[2021-07-20T13:36:37.305+0000][512.815s][2294560][2294576][info ] GC(125) Pause Young (Allocation Failure) 6622M->3901M(8188M) 23.286ms
[2021-07-20T13:36:37.305+0000][512.815s][2294560][2294576][debug] GC(125) Heap after GC invocations=126 (full 2):
[2021-07-20T13:36:37.305+0000][512.815s][2294560][2294576][debug] GC(125)  PSYoungGen      total 2791936K, used 3200K [0x0000000755580000, 0x0000000800000000, 0x0000000800000000)
[2021-07-20T13:36:37.305+0000][512.815s][2294560][2294576][debug] GC(125)   eden space 2787840K, 0% used [0x0000000755580000,0x0000000755580000,0x00000007ff800000)
[2021-07-20T13:36:37.305+0000][512.815s][2294560][2294576][debug] GC(125)   from space 4096K, 78% used [0x00000007ffc00000,0x00000007fff20000,0x0000000800000000)
[2021-07-20T13:36:37.305+0000][512.815s][2294560][2294576][debug] GC(125)   to   space 4096K, 0% used [0x00000007ff800000,0x00000007ff800000,0x00000007ffc00000)
[2021-07-20T13:36:37.305+0000][512.815s][2294560][2294576][debug] GC(125)  ParOldGen       total 5592576K, used 3992023K [0x0000000600000000, 0x0000000755580000, 0x0000000755580000)
[2021-07-20T13:36:37.305+0000][512.815s][2294560][2294576][debug] GC(125)   object space 5592576K, 71% used [0x0000000600000000,0x00000006f3a75ed0,0x0000000755580000)
[2021-07-20T13:36:37.305+0000][512.815s][2294560][2294576][debug] GC(125)  Metaspace       used 51388K, committed 51776K, reserved 1097728K
[2021-07-20T13:36:37.305+0000][512.815s][2294560][2294576][debug] GC(125)   class space    used 6281K, committed 6464K, reserved 1048576K
[2021-07-20T13:36:37.305+0000][512.815s][2294560][2294576][info ] Safepoint "ParallelGCFailedAllocation", Time since last: 7587239903 ns, Reaching safepoint: 97171 ns, At safepoint: 23626147 ns, Total: 23723318 ns
[2021-07-20T13:36:38.305+0000][513.815s][2294560][2294576][info ] Safepoint "Cleanup", Time since last: 1000083497 ns, Reaching safepoint: 104297 ns, At safepoint: 12687 ns, Total: 116984 ns
[2021-07-20T13:36:44.894+0000][520.404s][2294560][2294576][debug] GC(126) Heap before GC invocations=127 (full 2):
[2021-07-20T13:36:44.894+0000][520.404s][2294560][2294576][debug] GC(126)  PSYoungGen      total 2791936K, used 2791040K [0x0000000755580000, 0x0000000800000000, 0x0000000800000000)
[2021-07-20T13:36:44.894+0000][520.404s][2294560][2294576][debug] GC(126)   eden space 2787840K, 100% used [0x0000000755580000,0x00000007ff800000,0x00000007ff800000)
[2021-07-20T13:36:44.894+0000][520.404s][2294560][2294576][debug] GC(126)   from space 4096K, 78% used [0x00000007ffc00000,0x00000007fff20000,0x0000000800000000)
[2021-07-20T13:36:44.894+0000][520.404s][2294560][2294576][debug] GC(126)   to   space 4096K, 0% used [0x00000007ff800000,0x00000007ff800000,0x00000007ffc00000)
[2021-07-20T13:36:44.894+0000][520.404s][2294560][2294576][debug] GC(126)  ParOldGen       total 5592576K, used 3992023K [0x0000000600000000, 0x0000000755580000, 0x0000000755580000)
[2021-07-20T13:36:44.894+0000][520.404s][2294560][2294576][debug] GC(126)   object space 5592576K, 71% used [0x0000000600000000,0x00000006f3a75ed0,0x0000000755580000)
[2021-07-20T13:36:44.894+0000][520.404s][2294560][2294576][debug] GC(126)  Metaspace       used 51415K, committed 51840K, reserved 1097728K
[2021-07-20T13:36:44.894+0000][520.404s][2294560][2294576][debug] GC(126)   class space    used 6281K, committed 6464K, reserved 1048576K
[2021-07-20T13:36:44.916+0000][520.425s][2294560][2294576][debug] GC(126) Desired survivor size 4194304 bytes, new threshold 1 (max threshold 15)
[2021-07-20T13:36:44.916+0000][520.426s][2294560][2294576][info ] GC(126) PSYoungGen: 2791040K(2791936K)->3328K(2791936K) Eden: 2787840K(2787840K)->0K(2787840K) From: 3200K(4096K)->3328K(4096K)
[2021-07-20T13:36:44.916+0000][520.426s][2294560][2294576][info ] GC(126) ParOldGen: 3992023K(5592576K)->3993519K(5592576K)
[2021-07-20T13:36:44.916+0000][520.426s][2294560][2294576][info ] GC(126) Pause Young (Allocation Failure) 6624M->3903M(8188M) 21.852ms
[2021-07-20T13:36:44.916+0000][520.426s][2294560][2294576][debug] GC(126) Heap after GC invocations=127 (full 2):
[2021-07-20T13:36:44.916+0000][520.426s][2294560][2294576][debug] GC(126)  PSYoungGen      total 2791936K, used 3328K [0x0000000755580000, 0x0000000800000000, 0x0000000800000000)
[2021-07-20T13:36:44.916+0000][520.426s][2294560][2294576][debug] GC(126)   eden space 2787840K, 0% used [0x0000000755580000,0x0000000755580000,0x00000007ff800000)
[2021-07-20T13:36:44.916+0000][520.426s][2294560][2294576][debug] GC(126)   from space 4096K, 81% used [0x00000007ff800000,0x00000007ffb40000,0x00000007ffc00000)
[2021-07-20T13:36:44.916+0000][520.426s][2294560][2294576][debug] GC(126)   to   space 4096K, 0% used [0x00000007ffc00000,0x00000007ffc00000,0x0000000800000000)
[2021-07-20T13:36:44.916+0000][520.426s][2294560][2294576][debug] GC(126)  ParOldGen       total 5592576K, used 3993519K [0x0000000600000000, 0x0000000755580000, 0x0000000755580000)
[2021-07-20T13:36:44.916+0000][520.426s][2294560][2294576][debug] GC(126)   object space 5592576K, 71% used [0x0000000600000000,0x00000006f3bebed0,0x0000000755580000)
[2021-07-20T13:36:44.916+0000][520.426s][2294560][2294576][debug] GC(126)  Metaspace       used 51415K, committed 51840K, reserved 1097728K
[2021-07-20T13:36:44.916+0000][520.426s][2294560][2294576][debug] GC(126)   class space    used 6281K, committed 6464K, reserved 1048576K
[2021-07-20T13:36:44.916+0000][520.426s][2294560][2294576][info ] Safepoint "ParallelGCFailedAllocation", Time since last: 6588234619 ns, Reaching safepoint: 91114 ns, At safepoint: 22173449 ns, Total: 22264563 ns
[2021-07-20T13:36:47.916+0000][523.426s][2294560][2294576][info ] Safepoint "Cleanup", Time since last: 3000202974 ns, Reaching safepoint: 91086 ns, At safepoint: 15305 ns, Total: 106391 ns
[2021-07-20T13:36:52.481+0000][527.991s][2294560][2294576][debug] GC(127) Heap before GC invocations=128 (full 2):
[2021-07-20T13:36:52.481+0000][527.991s][2294560][2294576][debug] GC(127)  PSYoungGen      total 2791936K, used 2791168K [0x0000000755580000, 0x0000000800000000, 0x0000000800000000)
[2021-07-20T13:36:52.481+0000][527.991s][2294560][2294576][debug] GC(127)   eden space 2787840K, 100% used [0x0000000755580000,0x00000007ff800000,0x00000007ff800000)
[2021-07-20T13:36:52.481+0000][527.991s][2294560][2294576][debug] GC(127)   from space 4096K, 81% used [0x00000007ff800000,0x00000007ffb40000,0x00000007ffc00000)
[2021-07-20T13:36:52.481+0000][527.991s][2294560][2294576][debug] GC(127)   to   space 4096K, 0% used [0x00000007ffc00000,0x00000007ffc00000,0x0000000800000000)
[2021-07-20T13:36:52.481+0000][527.991s][2294560][2294576][debug] GC(127)  ParOldGen       total 5592576K, used 3993519K [0x0000000600000000, 0x0000000755580000, 0x0000000755580000)
[2021-07-20T13:36:52.481+0000][527.991s][2294560][2294576][debug] GC(127)   object space 5592576K, 71% used [0x0000000600000000,0x00000006f3bebed0,0x0000000755580000)
[2021-07-20T13:36:52.481+0000][527.991s][2294560][2294576][debug] GC(127)  Metaspace       used 51415K, committed 51840K, reserved 1097728K
[2021-07-20T13:36:52.481+0000][527.991s][2294560][2294576][debug] GC(127)   class space    used 6281K, committed 6464K, reserved 1048576K
[2021-07-20T13:36:52.504+0000][528.014s][2294560][2294576][debug] GC(127) Desired survivor size 4194304 bytes, new threshold 1 (max threshold 15)
[2021-07-20T13:36:52.505+0000][528.015s][2294560][2294576][info ] GC(127) PSYoungGen: 2791168K(2791936K)->3392K(2791936K) Eden: 2787840K(2787840K)->0K(2787840K) From: 3328K(4096K)->3392K(4096K)
[2021-07-20T13:36:52.505+0000][528.015s][2294560][2294576][info ] GC(127) ParOldGen: 3993519K(5592576K)->3995079K(5592576K)
[2021-07-20T13:36:52.505+0000][528.015s][2294560][2294576][info ] GC(127) Pause Young (Allocation Failure) 6625M->3904M(8188M) 23.600ms
[2021-07-20T13:36:52.505+0000][528.015s][2294560][2294576][debug] GC(127) Heap after GC invocations=128 (full 2):
[2021-07-20T13:36:52.505+0000][528.015s][2294560][2294576][debug] GC(127)  PSYoungGen      total 2791936K, used 3392K [0x0000000755580000, 0x0000000800000000, 0x0000000800000000)
[2021-07-20T13:36:52.505+0000][528.015s][2294560][2294576][debug] GC(127)   eden space 2787840K, 0% used [0x0000000755580000,0x0000000755580000,0x00000007ff800000)
[2021-07-20T13:36:52.505+0000][528.015s][2294560][2294576][debug] GC(127)   from space 4096K, 82% used [0x00000007ffc00000,0x00000007fff50000,0x0000000800000000)
[2021-07-20T13:36:52.505+0000][528.015s][2294560][2294576][debug] GC(127)   to   space 4096K, 0% used [0x00000007ff800000,0x00000007ff800000,0x00000007ffc00000)
[2021-07-20T13:36:52.505+0000][528.015s][2294560][2294576][debug] GC(127)  ParOldGen       total 5592576K, used 3995079K [0x0000000600000000, 0x0000000755580000, 0x0000000755580000)
[2021-07-20T13:36:52.505+0000][528.015s][2294560][2294576][debug] GC(127)   object space 5592576K, 71% used [0x0000000600000000,0x00000006f3d71ed0,0x0000000755580000)
[2021-07-20T13:36:52.505+0000][528.015s][2294560][2294576][debug] GC(127)  Metaspace       used 51415K, committed 51840K, reserved 1097728K
[2021-07-20T13:36:52.505+0000][528.015s][2294560][2294576][debug] GC(127)   class space    used 6281K, committed 6464K, reserved 1048576K
[2021-07-20T13:36:52.505+0000][528.015s][2294560][2294576][info ] Safepoint "ParallelGCFailedAllocation", Time since last: 4564597252 ns, Reaching safepoint: 93332 ns, At safepoint: 23915597 ns, Total: 24008929 ns
[2021-07-20T13:37:00.069+0000][535.579s][2294560][2294576][debug] GC(128) Heap before GC invocations=129 (full 2):
[2021-07-20T13:37:00.069+0000][535.579s][2294560][2294576][debug] GC(128)  PSYoungGen      total 2791936K, used 2791232K [0x0000000755580000, 0x0000000800000000, 0x0000000800000000)
[2021-07-20T13:37:00.069+0000][535.579s][2294560][2294576][debug] GC(128)   eden space 2787840K, 100% used [0x0000000755580000,0x00000007ff800000,0x00000007ff800000)
[2021-07-20T13:37:00.069+0000][535.579s][2294560][2294576][debug] GC(128)   from space 4096K, 82% used [0x00000007ffc00000,0x00000007fff50000,0x0000000800000000)
[2021-07-20T13:37:00.069+0000][535.579s][2294560][2294576][debug] GC(128)   to   space 4096K, 0% used [0x00000007ff800000,0x00000007ff800000,0x00000007ffc00000)
[2021-07-20T13:37:00.069+0000][535.579s][2294560][2294576][debug] GC(128)  ParOldGen       total 5592576K, used 3995079K [0x0000000600000000, 0x0000000755580000, 0x0000000755580000)
[2021-07-20T13:37:00.069+0000][535.579s][2294560][2294576][debug] GC(128)   object space 5592576K, 71% used [0x0000000600000000,0x00000006f3d71ed0,0x0000000755580000)
[2021-07-20T13:37:00.069+0000][535.579s][2294560][2294576][debug] GC(128)  Metaspace       used 51415K, committed 51840K, reserved 1097728K
[2021-07-20T13:37:00.069+0000][535.579s][2294560][2294576][debug] GC(128)   class space    used 6281K, committed 6464K, reserved 1048576K
[2021-07-20T13:37:00.092+0000][535.602s][2294560][2294576][debug] GC(128) Desired survivor size 4194304 bytes, new threshold 1 (max threshold 15)
[2021-07-20T13:37:00.093+0000][535.603s][2294560][2294576][info ] GC(128) PSYoungGen: 2791232K(2791936K)->3296K(2791936K) Eden: 2787840K(2787840K)->0K(2787840K) From: 3392K(4096K)->3296K(4096K)
[2021-07-20T13:37:00.093+0000][535.603s][2294560][2294576][info ] GC(128) ParOldGen: 3995079K(5592576K)->3996631K(5592576K)
[2021-07-20T13:37:00.093+0000][535.603s][2294560][2294576][info ] GC(128) Pause Young (Allocation Failure) 6627M->3906M(8188M) 23.586ms
[2021-07-20T13:37:00.093+0000][535.603s][2294560][2294576][debug] GC(128) Heap after GC invocations=129 (full 2):
[2021-07-20T13:37:00.093+0000][535.603s][2294560][2294576][debug] GC(128)  PSYoungGen      total 2791936K, used 3296K [0x0000000755580000, 0x0000000800000000, 0x0000000800000000)
[2021-07-20T13:37:00.093+0000][535.603s][2294560][2294576][debug] GC(128)   eden space 2787840K, 0% used [0x0000000755580000,0x0000000755580000,0x00000007ff800000)
[2021-07-20T13:37:00.093+0000][535.603s][2294560][2294576][debug] GC(128)   from space 4096K, 80% used [0x00000007ff800000,0x00000007ffb38000,0x00000007ffc00000)
[2021-07-20T13:37:00.093+0000][535.603s][2294560][2294576][debug] GC(128)   to   space 4096K, 0% used [0x00000007ffc00000,0x00000007ffc00000,0x0000000800000000)
[2021-07-20T13:37:00.093+0000][535.603s][2294560][2294576][debug] GC(128)  ParOldGen       total 5592576K, used 3996631K [0x0000000600000000, 0x0000000755580000, 0x0000000755580000)
[2021-07-20T13:37:00.093+0000][535.603s][2294560][2294576][debug] GC(128)   object space 5592576K, 71% used [0x0000000600000000,0x00000006f3ef5ed0,0x0000000755580000)
[2021-07-20T13:37:00.093+0000][535.603s][2294560][2294576][debug] GC(128)  Metaspace       used 51415K, committed 51840K, reserved 1097728K
[2021-07-20T13:37:00.093+0000][535.603s][2294560][2294576][debug] GC(128)   class space    used 6281K, committed 6464K, reserved 1048576K
[2021-07-20T13:37:00.093+0000][535.603s][2294560][2294576][info ] Safepoint "ParallelGCFailedAllocation", Time since last: 7563996232 ns, Reaching safepoint: 92075 ns, At safepoint: 23920830 ns, Total: 24012905 ns
[2021-07-20T13:37:07.648+0000][543.158s][2294560][2294576][debug] GC(129) Heap before GC invocations=130 (full 2):
[2021-07-20T13:37:07.649+0000][543.158s][2294560][2294576][debug] GC(129)  PSYoungGen      total 2791936K, used 2791136K [0x0000000755580000, 0x0000000800000000, 0x0000000800000000)
[2021-07-20T13:37:07.649+0000][543.159s][2294560][2294576][debug] GC(129)   eden space 2787840K, 100% used [0x0000000755580000,0x00000007ff800000,0x00000007ff800000)
[2021-07-20T13:37:07.649+0000][543.159s][2294560][2294576][debug] GC(129)   from space 4096K, 80% used [0x00000007ff800000,0x00000007ffb38000,0x00000007ffc00000)
[2021-07-20T13:37:07.649+0000][543.159s][2294560][2294576][debug] GC(129)   to   space 4096K, 0% used [0x00000007ffc00000,0x00000007ffc00000,0x0000000800000000)
[2021-07-20T13:37:07.649+0000][543.159s][2294560][2294576][debug] GC(129)  ParOldGen       total 5592576K, used 3996631K [0x0000000600000000, 0x0000000755580000, 0x0000000755580000)
[2021-07-20T13:37:07.649+0000][543.159s][2294560][2294576][debug] GC(129)   object space 5592576K, 71% used [0x0000000600000000,0x00000006f3ef5ed0,0x0000000755580000)
[2021-07-20T13:37:07.649+0000][543.159s][2294560][2294576][debug] GC(129)  Metaspace       used 51415K, committed 51840K, reserved 1097728K
[2021-07-20T13:37:07.649+0000][543.159s][2294560][2294576][debug] GC(129)   class space    used 6281K, committed 6464K, reserved 1048576K
[2021-07-20T13:37:07.672+0000][543.182s][2294560][2294576][debug] GC(129) Desired survivor size 4194304 bytes, new threshold 1 (max threshold 15)
[2021-07-20T13:37:07.672+0000][543.182s][2294560][2294576][info ] GC(129) PSYoungGen: 2791136K(2791936K)->3232K(2791936K) Eden: 2787840K(2787840K)->0K(2787840K) From: 3296K(4096K)->3232K(4096K)
[2021-07-20T13:37:07.672+0000][543.182s][2294560][2294576][info ] GC(129) ParOldGen: 3996631K(5592576K)->3998159K(5592576K)
[2021-07-20T13:37:07.672+0000][543.182s][2294560][2294576][info ] GC(129) Pause Young (Allocation Failure) 6628M->3907M(8188M) 23.210ms
[2021-07-20T13:37:07.672+0000][543.182s][2294560][2294576][debug] GC(129) Heap after GC invocations=130 (full 2):
[2021-07-20T13:37:07.672+0000][543.182s][2294560][2294576][debug] GC(129)  PSYoungGen      total 2791936K, used 3232K [0x0000000755580000, 0x0000000800000000, 0x0000000800000000)
[2021-07-20T13:37:07.672+0000][543.182s][2294560][2294576][debug] GC(129)   eden space 2787840K, 0% used [0x0000000755580000,0x0000000755580000,0x00000007ff800000)
[2021-07-20T13:37:07.672+0000][543.182s][2294560][2294576][debug] GC(129)   from space 4096K, 78% used [0x00000007ffc00000,0x00000007fff28000,0x0000000800000000)
[2021-07-20T13:37:07.672+0000][543.182s][2294560][2294576][debug] GC(129)   to   space 4096K, 0% used [0x00000007ff800000,0x00000007ff800000,0x00000007ffc00000)
[2021-07-20T13:37:07.672+0000][543.182s][2294560][2294576][debug] GC(129)  ParOldGen       total 5592576K, used 3998159K [0x0000000600000000, 0x0000000755580000, 0x0000000755580000)
[2021-07-20T13:37:07.672+0000][543.182s][2294560][2294576][debug] GC(129)   object space 5592576K, 71% used [0x0000000600000000,0x00000006f4073ed0,0x0000000755580000)
[2021-07-20T13:37:07.672+0000][543.182s][2294560][2294576][debug] GC(129)  Metaspace       used 51415K, committed 51840K, reserved 1097728K
[2021-07-20T13:37:07.672+0000][543.182s][2294560][2294576][debug] GC(129)   class space    used 6281K, committed 6464K, reserved 1048576K
[2021-07-20T13:37:07.672+0000][543.182s][2294560][2294576][info ] Safepoint "ParallelGCFailedAllocation", Time since last: 7555639161 ns, Reaching safepoint: 91822 ns, At safepoint: 23550553 ns, Total: 23642375 ns
