52.211, 399M->114M(12000M), 2020-11-16T14:54:19.958+0000, 3.556s
56.675, 649M->211M(12000M), 2020-11-16T14:54:21.317+0000, 4.915s
63.576, 731M->302M(12000M), 2020-11-16T14:54:22.472+0000, 6.070s
56.939, 826M->368M(12000M), 2020-11-16T14:54:22.695+0000, 6.293s
68.821, 902M->429M(12000M), 2020-11-16T14:54:22.894+0000, 6.492s
68.544, 961M->486M(12000M), 2020-11-16T14:54:23.120+0000, 6.718s
69.175, 1024M->560M(12000M), 2020-11-16T14:54:23.414+0000, 7.012s
65.704, 1084M->627M(12000M), 2020-11-16T14:54:23.660+0000, 7.258s
65.699, 1151M->671M(12000M), 2020-11-16T14:54:23.821+0000, 7.419s
65.479, 942M->722M(12000M), 2020-11-16T14:54:25.109+0000, 8.707s
58.153, 1230M->732M(12000M), 2020-11-16T14:54:26.195+0000, 9.793s
49.465, 1297M->730M(12000M), 2020-11-16T14:54:27.223+0000, 10.821s
39.004, 1298M->743M(12000M), 2020-11-16T14:54:28.488+0000, 12.086s
38.761, 1175M->770M(12000M), 2020-11-16T14:54:30.629+0000, 14.227s
40.433, 1390M->779M(12000M), 2020-11-16T14:54:32.672+0000, 16.270s
59.137, 1831M->804M(12000M), 2020-11-16T14:54:38.107+0000, 21.705s
101.060, 3038M->955M(12000M), 2020-11-16T14:55:18.891+0000, 62.489s
161.607, 2891M->1033M(12000M), 2020-11-16T15:19:26.174+0000, 1509.772s
104.710, 3822M->1075M(12000M), 2020-11-16T15:20:31.854+0000, 1575.452s
112.388, 4076M->1157M(12000M), 2020-11-16T15:21:21.320+0000, 1624.918s
115.974, 3170M->1224M(12000M), 2020-11-16T15:21:56.215+0000, 1659.813s
97.467, 5727M->1352M(12000M), 2020-11-16T15:23:16.336+0000, 1739.934s
106.997, 4744M->1459M(12000M), 2020-11-16T15:24:03.642+0000, 1787.240s
101.781, 4542M->1531M(12000M), 2020-11-16T15:24:47.368+0000, 1830.966s
99.698, 6060M->1626M(12000M), 2020-11-16T15:25:47.397+0000, 1890.995s
129.120, 4525M->1716M(12000M), 2020-11-16T15:26:24.320+0000, 1927.918s
105.613, 6420M->1790M(12000M), 2020-11-16T15:27:23.891+0000, 1987.489s
108.479, 4938M->1866M(12000M), 2020-11-16T15:27:57.519+0000, 2021.117s
140.865, 6894M->1956M(12000M), 2020-11-16T15:29:09.788+0000, 2093.386s
110.694, 4200M->2013M(12000M), 2020-11-16T15:29:39.200+0000, 2122.798s
110.021, 8960M->2118M(12000M), 2020-11-16T15:31:10.180+0000, 2213.778s
120.813, 5827M->2205M(12000M), 2020-11-16T15:31:57.028+0000, 2260.626s
123.371, 6936M->2311M(12000M), 2020-11-16T15:33:03.565+0000, 2327.163s
130.709, 4665M->2360M(12000M), 2020-11-16T15:33:35.586+0000, 2359.184s
114.199, 9316M->2479M(12000M), 2020-11-16T15:35:02.384+0000, 2445.982s
127.639, 7448M->2574M(12000M), 2020-11-16T15:36:05.954+0000, 2509.552s
124.738, 4975M->2617M(12000M), 2020-11-16T15:36:31.122+0000, 2534.721s
114.351, 9588M->2745M(12000M), 2020-11-16T15:38:06.752+0000, 2630.350s
132.510, 9587M->2871M(12000M), 2020-11-16T15:39:23.007+0000, 2706.605s
132.182, 6006M->2914M(12000M), 2020-11-16T15:40:03.812+0000, 2747.410s
118.260, 9832M->3054M(12000M), 2020-11-16T15:41:32.923+0000, 2836.521s
153.264, 9793M->3182M(12000M), 2020-11-16T15:42:53.627+0000, 2917.225s
143.293, 6563M->3212M(12000M), 2020-11-16T15:43:29.645+0000, 2953.243s
125.889, 10119M->3328M(12000M), 2020-11-16T15:44:51.479+0000, 3035.077s
133.130, 10117M->3432M(12000M), 2020-11-16T15:46:10.800+0000, 3114.398s
133.606, 7691M->3481M(12000M), 2020-11-16T15:47:01.225+0000, 3164.823s
133.069, 10267M->3593M(12000M), 2020-11-16T15:48:23.926+0000, 3247.524s
132.704, 8287M->3649M(12000M), 2020-11-16T15:49:20.881+0000, 3304.479s
135.627, 10327M->3749M(12000M), 2020-11-16T15:50:37.127+0000, 3380.725s
227.891, 9892M->3830M(12000M), 2020-11-16T15:51:41.847+0000, 3445.446s
131.106, 6728M->3872M(12000M), 2020-11-16T15:52:10.043+0000, 3473.641s
113.542, 10365M->4005M(12000M), 2020-11-16T15:53:21.531+0000, 3545.129s
124.524, 10340M->4094M(12000M), 2020-11-16T15:54:24.673+0000, 3608.271s
131.059, 7454M->4146M(12000M), 2020-11-16T15:55:00.896+0000, 3644.494s
137.098, 10366M->4247M(12000M), 2020-11-16T15:56:02.506+0000, 3706.104s
142.832, 10360M->4353M(12000M), 2020-11-16T15:57:09.560+0000, 3773.158s
129.667, 7281M->4399M(12000M), 2020-11-16T15:57:44.575+0000, 3808.173s
112.694, 10385M->4503M(12000M), 2020-11-16T15:58:40.790+0000, 3864.388s
119.493, 10378M->4603M(12000M), 2020-11-16T15:59:44.516+0000, 3928.114s
135.013, 10324M->4670M(12000M), 2020-11-16T16:00:47.985+0000, 3991.583s
132.417, 10334M->4774M(12000M), 2020-11-16T16:01:50.852+0000, 4054.450s
132.936, 10280M->4856M(12000M), 2020-11-16T16:02:51.996+0000, 4115.594s
138.299, 10268M->4939M(12000M), 2020-11-16T16:03:54.965+0000, 4178.563s
139.424, 10278M->5017M(12000M), 2020-11-16T16:04:58.123+0000, 4241.721s
132.721, 10275M->5102M(12000M), 2020-11-16T16:05:52.205+0000, 4295.803s
138.303, 10298M->5188M(12000M), 2020-11-16T16:06:51.759+0000, 4355.357s
146.934, 10307M->5271M(12000M), 2020-11-16T16:07:53.877+0000, 4417.475s
172.917, 10296M->5352M(12000M), 2020-11-16T16:08:45.300+0000, 4468.898s
139.494, 10121M->5426M(12000M), 2020-11-16T16:09:36.547+0000, 4520.145s
121.641, 10380M->5510M(12000M), 2020-11-16T16:10:25.000+0000, 4568.598s
146.315, 10318M->5593M(12000M), 2020-11-16T16:11:17.087+0000, 4620.685s
123.674, 10316M->5659M(12000M), 2020-11-16T16:12:08.075+0000, 4671.673s
126.295, 10328M->5742M(12000M), 2020-11-16T16:12:52.920+0000, 4716.518s
129.287, 10391M->5818M(12000M), 2020-11-16T16:13:42.346+0000, 4765.944s
130.420, 10337M->5880M(12000M), 2020-11-16T16:14:24.631+0000, 4808.229s
107.019, 10361M->5963M(12000M), 2020-11-16T16:15:13.675+0000, 4857.273s
125.434, 10357M->6020M(12000M), 2020-11-16T16:15:56.709+0000, 4900.307s
137.286, 6197M->5525M(12000M), 2020-11-16T16:15:58.218+0000, 4901.816s
121.598, 6046M->5048M(12000M), 2020-11-16T16:16:04.141+0000, 4907.739s
130.010, 5599M->4617M(12000M), 2020-11-16T16:16:09.897+0000, 4913.495s
160.949, 5167M->4223M(12000M), 2020-11-16T16:16:15.571+0000, 4919.169s
142.962, 4765M->3850M(12000M), 2020-11-16T16:16:20.444+0000, 4924.042s
160.739, 4398M->3522M(12000M), 2020-11-16T16:16:24.752+0000, 4928.350s
104.787, 10319M->3674M(12000M), 2020-11-16T16:17:36.428+0000, 5000.026s
117.489, 10318M->3816M(12000M), 2020-11-16T16:18:43.899+0000, 5067.497s
133.856, 10308M->3944M(12000M), 2020-11-16T16:19:47.595+0000, 5131.193s
130.209, 8355M->4005M(12000M), 2020-11-16T16:20:29.161+0000, 5172.759s
150.382, 10312M->4123M(12000M), 2020-11-16T16:21:31.043+0000, 5234.641s
163.423, 8033M->4173M(12000M), 2020-11-16T16:22:11.095+0000, 5274.693s
209.866, 10340M->4273M(12000M), 2020-11-16T16:23:15.525+0000, 5339.123s
128.814, 8384M->4340M(12000M), 2020-11-16T16:23:53.330+0000, 5376.928s
121.686, 10342M->4430M(12000M), 2020-11-16T16:24:49.740+0000, 5433.338s
127.788, 9258M->4505M(12000M), 2020-11-16T16:25:31.126+0000, 5474.724s
