[0.008s][info][gc] Using Serial
[0.014s][info][gc,init] Version: 16.0.1+9 (release)
[0.015s][info][gc,init] CPUs: 16 total, 16 available
[0.015s][info][gc,init] Memory: 65536M
[0.015s][info][gc,init] Large Page Support: Disabled
[0.015s][info][gc,init] NUMA Support: Disabled
[0.015s][info][gc,init] Compressed Oops: Enabled (Zero based)
[0.015s][info][gc,init] Heap Min Capacity: 8G
[0.015s][info][gc,init] Heap Initial Capacity: 8G
[0.015s][info][gc,init] Heap Max Capacity: 8G
[0.015s][info][gc,init] Pre-touch: Disabled
[0.015s][info][gc,metaspace] CDS archive(s) mapped at: [0x0000000800000000-0x0000000800bee000-0x0000000800bee000), size 12509184, SharedBaseAddress: 0x0000000800000000, ArchiveRelocationMode: 0.
[0.015s][info][gc,metaspace] Compressed class space mapped at: 0x0000000800c00000-0x0000000840c00000, reserved size: 1073741824
[0.015s][info][gc,metaspace] Narrow klass base: 0x0000000800000000, Narrow klass shift: 3, Narrow klass range: 0x100000000
[1.957s][info][gc,start    ] GC(0) Pause Young (Allocation Failure)
[2.058s][info][gc,heap     ] GC(0) DefNew: 2236928K(2516544K)->132830K(2516544K) Eden: 2236928K(2236928K)->0K(2236928K) From: 0K(279616K)->132830K(279616K)
[2.058s][info][gc,heap     ] GC(0) Tenured: 0K(5592448K)->0K(5592448K)
[2.058s][info][gc,metaspace] GC(0) Metaspace: 831K(960K)->831K(960K) NonClass: 777K(832K)->777K(832K) Class: 53K(128K)->53K(128K)
[2.058s][info][gc          ] GC(0) Pause Young (Allocation Failure) 2184M->129M(7918M) 101.490ms
[2.058s][info][gc,cpu      ] GC(0) User=0.07s Sys=0.03s Real=0.10s
[4.035s][info][gc,start    ] GC(1) Pause Young (Allocation Failure)
[4.127s][info][gc,heap     ] GC(1) DefNew: 2369758K(2516544K)->132701K(2516544K) Eden: 2236928K(2236928K)->0K(2236928K) From: 132830K(279616K)->132701K(279616K)
[4.127s][info][gc,heap     ] GC(1) Tenured: 0K(5592448K)->0K(5592448K)
[4.127s][info][gc,metaspace] GC(1) Metaspace: 831K(960K)->831K(960K) NonClass: 777K(832K)->777K(832K) Class: 53K(128K)->53K(128K)
[4.127s][info][gc          ] GC(1) Pause Young (Allocation Failure) 2314M->129M(7918M) 92.061ms
[4.127s][info][gc,cpu      ] GC(1) User=0.07s Sys=0.03s Real=0.10s
[6.116s][info][gc,start    ] GC(2) Pause Young (Allocation Failure)
[6.158s][info][gc,heap     ] GC(2) DefNew: 2369629K(2516544K)->132829K(2516544K) Eden: 2236928K(2236928K)->0K(2236928K) From: 132701K(279616K)->132829K(279616K)
[6.159s][info][gc,heap     ] GC(2) Tenured: 0K(5592448K)->0K(5592448K)
[6.159s][info][gc,metaspace] GC(2) Metaspace: 831K(960K)->831K(960K) NonClass: 777K(832K)->777K(832K) Class: 53K(128K)->53K(128K)
[6.159s][info][gc          ] GC(2) Pause Young (Allocation Failure) 2314M->129M(7918M) 42.322ms
[6.159s][info][gc,cpu      ] GC(2) User=0.04s Sys=0.01s Real=0.04s
[8.226s][info][gc,start    ] GC(3) Pause Young (Allocation Failure)
[8.266s][info][gc,heap     ] GC(3) DefNew: 2369757K(2516544K)->133037K(2516544K) Eden: 2236928K(2236928K)->0K(2236928K) From: 132829K(279616K)->133037K(279616K)
[8.266s][info][gc,heap     ] GC(3) Tenured: 0K(5592448K)->0K(5592448K)
[8.266s][info][gc,metaspace] GC(3) Metaspace: 831K(960K)->831K(960K) NonClass: 777K(832K)->777K(832K) Class: 53K(128K)->53K(128K)
[8.266s][info][gc          ] GC(3) Pause Young (Allocation Failure) 2314M->129M(7918M) 39.961ms
[8.266s][info][gc,cpu      ] GC(3) User=0.04s Sys=0.00s Real=0.04s
[10.346s][info][gc,start    ] GC(4) Pause Young (Allocation Failure)
[10.385s][info][gc,heap     ] GC(4) DefNew: 2369965K(2516544K)->132790K(2516544K) Eden: 2236928K(2236928K)->0K(2236928K) From: 133037K(279616K)->132790K(279616K)
[10.385s][info][gc,heap     ] GC(4) Tenured: 0K(5592448K)->0K(5592448K)
[10.386s][info][gc,metaspace] GC(4) Metaspace: 831K(960K)->831K(960K) NonClass: 777K(832K)->777K(832K) Class: 53K(128K)->53K(128K)
[10.386s][info][gc          ] GC(4) Pause Young (Allocation Failure) 2314M->129M(7918M) 39.752ms
[10.386s][info][gc,cpu      ] GC(4) User=0.04s Sys=0.00s Real=0.04s
[12.466s][info][gc,start    ] GC(5) Pause Young (Allocation Failure)
[12.507s][info][gc,heap     ] GC(5) DefNew: 2369718K(2516544K)->132947K(2516544K) Eden: 2236928K(2236928K)->0K(2236928K) From: 132790K(279616K)->132947K(279616K)
[12.507s][info][gc,heap     ] GC(5) Tenured: 0K(5592448K)->0K(5592448K)
[12.507s][info][gc,metaspace] GC(5) Metaspace: 831K(960K)->831K(960K) NonClass: 777K(832K)->777K(832K) Class: 53K(128K)->53K(128K)
[12.507s][info][gc          ] GC(5) Pause Young (Allocation Failure) 2314M->129M(7918M) 40.248ms
[12.507s][info][gc,cpu      ] GC(5) User=0.04s Sys=0.00s Real=0.04s
[14.586s][info][gc,start    ] GC(6) Pause Young (Allocation Failure)
[14.625s][info][gc,heap     ] GC(6) DefNew: 2369875K(2516544K)->132814K(2516544K) Eden: 2236928K(2236928K)->0K(2236928K) From: 132947K(279616K)->132814K(279616K)
[14.625s][info][gc,heap     ] GC(6) Tenured: 0K(5592448K)->0K(5592448K)
[14.625s][info][gc,metaspace] GC(6) Metaspace: 831K(960K)->831K(960K) NonClass: 777K(832K)->777K(832K) Class: 53K(128K)->53K(128K)
[14.625s][info][gc          ] GC(6) Pause Young (Allocation Failure) 2314M->129M(7918M) 39.601ms
[14.625s][info][gc,cpu      ] GC(6) User=0.04s Sys=0.00s Real=0.04s
[16.697s][info][gc,start    ] GC(7) Pause Young (Allocation Failure)
[16.735s][info][gc,heap     ] GC(7) DefNew: 2369742K(2516544K)->132901K(2516544K) Eden: 2236928K(2236928K)->0K(2236928K) From: 132814K(279616K)->132901K(279616K)
[16.735s][info][gc,heap     ] GC(7) Tenured: 0K(5592448K)->0K(5592448K)
[16.735s][info][gc,metaspace] GC(7) Metaspace: 831K(960K)->831K(960K) NonClass: 777K(832K)->777K(832K) Class: 53K(128K)->53K(128K)
[16.735s][info][gc          ] GC(7) Pause Young (Allocation Failure) 2314M->129M(7918M) 38.481ms
[16.735s][info][gc,cpu      ] GC(7) User=0.04s Sys=0.00s Real=0.04s
[18.826s][info][gc,start    ] GC(8) Pause Young (Allocation Failure)
[18.867s][info][gc,heap     ] GC(8) DefNew: 2369829K(2516544K)->132894K(2516544K) Eden: 2236928K(2236928K)->0K(2236928K) From: 132901K(279616K)->132894K(279616K)
[18.867s][info][gc,heap     ] GC(8) Tenured: 0K(5592448K)->0K(5592448K)
[18.867s][info][gc,metaspace] GC(8) Metaspace: 831K(960K)->831K(960K) NonClass: 777K(832K)->777K(832K) Class: 53K(128K)->53K(128K)
[18.867s][info][gc          ] GC(8) Pause Young (Allocation Failure) 2314M->129M(7918M) 40.970ms
[18.867s][info][gc,cpu      ] GC(8) User=0.04s Sys=0.00s Real=0.04s
[20.946s][info][gc,start    ] GC(9) Pause Young (Allocation Failure)
[20.985s][info][gc,heap     ] GC(9) DefNew: 2369822K(2516544K)->132704K(2516544K) Eden: 2236928K(2236928K)->0K(2236928K) From: 132894K(279616K)->132704K(279616K)
[20.985s][info][gc,heap     ] GC(9) Tenured: 0K(5592448K)->0K(5592448K)
[20.985s][info][gc,metaspace] GC(9) Metaspace: 831K(960K)->831K(960K) NonClass: 777K(832K)->777K(832K) Class: 53K(128K)->53K(128K)
[20.986s][info][gc          ] GC(9) Pause Young (Allocation Failure) 2314M->129M(7918M) 39.613ms
[20.986s][info][gc,cpu      ] GC(9) User=0.04s Sys=0.00s Real=0.04s
[23.065s][info][gc,start    ] GC(10) Pause Young (Allocation Failure)
[23.105s][info][gc,heap     ] GC(10) DefNew: 2369632K(2516544K)->132932K(2516544K) Eden: 2236928K(2236928K)->0K(2236928K) From: 132704K(279616K)->132932K(279616K)
[23.105s][info][gc,heap     ] GC(10) Tenured: 0K(5592448K)->0K(5592448K)
[23.105s][info][gc,metaspace] GC(10) Metaspace: 831K(960K)->831K(960K) NonClass: 777K(832K)->777K(832K) Class: 53K(128K)->53K(128K)
[23.105s][info][gc          ] GC(10) Pause Young (Allocation Failure) 2314M->129M(7918M) 39.560ms
[23.105s][info][gc,cpu      ] GC(10) User=0.04s Sys=0.00s Real=0.03s
[25.177s][info][gc,start    ] GC(11) Pause Young (Allocation Failure)
[25.216s][info][gc,heap     ] GC(11) DefNew: 2369860K(2516544K)->132838K(2516544K) Eden: 2236928K(2236928K)->0K(2236928K) From: 132932K(279616K)->132838K(279616K)
[25.216s][info][gc,heap     ] GC(11) Tenured: 0K(5592448K)->0K(5592448K)
[25.216s][info][gc,metaspace] GC(11) Metaspace: 831K(960K)->831K(960K) NonClass: 777K(832K)->777K(832K) Class: 53K(128K)->53K(128K)
[25.216s][info][gc          ] GC(11) Pause Young (Allocation Failure) 2314M->129M(7918M) 39.634ms
[25.216s][info][gc,cpu      ] GC(11) User=0.04s Sys=0.00s Real=0.04s
[27.296s][info][gc,start    ] GC(12) Pause Young (Allocation Failure)
[27.335s][info][gc,heap     ] GC(12) DefNew: 2369766K(2516544K)->133001K(2516544K) Eden: 2236928K(2236928K)->0K(2236928K) From: 132838K(279616K)->133001K(279616K)
[27.335s][info][gc,heap     ] GC(12) Tenured: 0K(5592448K)->0K(5592448K)
[27.335s][info][gc,metaspace] GC(12) Metaspace: 831K(960K)->831K(960K) NonClass: 777K(832K)->777K(832K) Class: 53K(128K)->53K(128K)
[27.335s][info][gc          ] GC(12) Pause Young (Allocation Failure) 2314M->129M(7918M) 39.365ms
[27.335s][info][gc,cpu      ] GC(12) User=0.04s Sys=0.00s Real=0.04s
[29.416s][info][gc,start    ] GC(13) Pause Young (Allocation Failure)
[29.456s][info][gc,heap     ] GC(13) DefNew: 2369929K(2516544K)->132733K(2516544K) Eden: 2236928K(2236928K)->0K(2236928K) From: 133001K(279616K)->132733K(279616K)
[29.456s][info][gc,heap     ] GC(13) Tenured: 0K(5592448K)->0K(5592448K)
[29.456s][info][gc,metaspace] GC(13) Metaspace: 831K(960K)->831K(960K) NonClass: 777K(832K)->777K(832K) Class: 53K(128K)->53K(128K)
[29.456s][info][gc          ] GC(13) Pause Young (Allocation Failure) 2314M->129M(7918M) 40.051ms
[29.456s][info][gc,cpu      ] GC(13) User=0.04s Sys=0.00s Real=0.04s
[31.536s][info][gc,start    ] GC(14) Pause Young (Allocation Failure)
[31.575s][info][gc,heap     ] GC(14) DefNew: 2369661K(2516544K)->132892K(2516544K) Eden: 2236928K(2236928K)->0K(2236928K) From: 132733K(279616K)->132892K(279616K)
[31.575s][info][gc,heap     ] GC(14) Tenured: 0K(5592448K)->0K(5592448K)
[31.575s][info][gc,metaspace] GC(14) Metaspace: 831K(960K)->831K(960K) NonClass: 777K(832K)->777K(832K) Class: 53K(128K)->53K(128K)
[31.575s][info][gc          ] GC(14) Pause Young (Allocation Failure) 2314M->129M(7918M) 39.142ms
[31.575s][info][gc,cpu      ] GC(14) User=0.04s Sys=0.00s Real=0.04s
[33.657s][info][gc,start    ] GC(15) Pause Young (Allocation Failure)
[33.725s][info][gc,heap     ] GC(15) DefNew: 2369820K(2516544K)->65738K(2516544K) Eden: 2236928K(2236928K)->0K(2236928K) From: 132892K(279616K)->65738K(279616K)
[33.726s][info][gc,heap     ] GC(15) Tenured: 0K(5592448K)->66944K(5592448K)
[33.726s][info][gc,metaspace] GC(15) Metaspace: 831K(960K)->831K(960K) NonClass: 777K(832K)->777K(832K) Class: 53K(128K)->53K(128K)
[33.726s][info][gc          ] GC(15) Pause Young (Allocation Failure) 2314M->129M(7918M) 69.006ms
[33.726s][info][gc,cpu      ] GC(15) User=0.05s Sys=0.01s Real=0.07s
[35.777s][info][gc,start    ] GC(16) Pause Young (Allocation Failure)
[35.799s][info][gc,heap     ] GC(16) DefNew: 2302666K(2516544K)->65879K(2516544K) Eden: 2236928K(2236928K)->0K(2236928K) From: 65738K(279616K)->65879K(279616K)
[35.799s][info][gc,heap     ] GC(16) Tenured: 66944K(5592448K)->66944K(5592448K)
[35.799s][info][gc,metaspace] GC(16) Metaspace: 831K(960K)->831K(960K) NonClass: 777K(832K)->777K(832K) Class: 53K(128K)->53K(128K)
[35.799s][info][gc          ] GC(16) Pause Young (Allocation Failure) 2314M->129M(7918M) 22.727ms
[35.799s][info][gc,cpu      ] GC(16) User=0.02s Sys=0.00s Real=0.02s
[37.897s][info][gc,start    ] GC(17) Pause Young (Allocation Failure)
[37.919s][info][gc,heap     ] GC(17) DefNew: 2302807K(2516544K)->65771K(2516544K) Eden: 2236928K(2236928K)->0K(2236928K) From: 65879K(279616K)->65771K(279616K)
[37.919s][info][gc,heap     ] GC(17) Tenured: 66944K(5592448K)->66944K(5592448K)
[37.919s][info][gc,metaspace] GC(17) Metaspace: 831K(960K)->831K(960K) NonClass: 777K(832K)->777K(832K) Class: 53K(128K)->53K(128K)
[37.919s][info][gc          ] GC(17) Pause Young (Allocation Failure) 2314M->129M(7918M) 21.598ms
[37.919s][info][gc,cpu      ] GC(17) User=0.02s Sys=0.00s Real=0.02s
[40.017s][info][gc,start    ] GC(18) Pause Young (Allocation Failure)
[40.038s][info][gc,heap     ] GC(18) DefNew: 2302699K(2516544K)->65867K(2516544K) Eden: 2236928K(2236928K)->0K(2236928K) From: 65771K(279616K)->65867K(279616K)
[40.038s][info][gc,heap     ] GC(18) Tenured: 66944K(5592448K)->66944K(5592448K)
[40.038s][info][gc,metaspace] GC(18) Metaspace: 831K(960K)->831K(960K) NonClass: 777K(832K)->777K(832K) Class: 53K(128K)->53K(128K)
[40.038s][info][gc          ] GC(18) Pause Young (Allocation Failure) 2314M->129M(7918M) 21.640ms
[40.038s][info][gc,cpu      ] GC(18) User=0.02s Sys=0.00s Real=0.02s
[42.146s][info][gc,start    ] GC(19) Pause Young (Allocation Failure)
[42.168s][info][gc,heap     ] GC(19) DefNew: 2302795K(2516544K)->66027K(2516544K) Eden: 2236928K(2236928K)->0K(2236928K) From: 65867K(279616K)->66027K(279616K)
[42.168s][info][gc,heap     ] GC(19) Tenured: 66944K(5592448K)->66944K(5592448K)
[42.168s][info][gc,metaspace] GC(19) Metaspace: 831K(960K)->831K(960K) NonClass: 777K(832K)->777K(832K) Class: 53K(128K)->53K(128K)
[42.168s][info][gc          ] GC(19) Pause Young (Allocation Failure) 2314M->129M(7918M) 21.883ms
[42.168s][info][gc,cpu      ] GC(19) User=0.02s Sys=0.00s Real=0.02s
[44.266s][info][gc,start    ] GC(20) Pause Young (Allocation Failure)
[44.287s][info][gc,heap     ] GC(20) DefNew: 2302955K(2516544K)->65893K(2516544K) Eden: 2236928K(2236928K)->0K(2236928K) From: 66027K(279616K)->65893K(279616K)
[44.287s][info][gc,heap     ] GC(20) Tenured: 66944K(5592448K)->66944K(5592448K)
[44.287s][info][gc,metaspace] GC(20) Metaspace: 831K(960K)->831K(960K) NonClass: 777K(832K)->777K(832K) Class: 53K(128K)->53K(128K)
[44.287s][info][gc          ] GC(20) Pause Young (Allocation Failure) 2314M->129M(7918M) 20.808ms
[44.287s][info][gc,cpu      ] GC(20) User=0.02s Sys=0.00s Real=0.02s
[46.386s][info][gc,start    ] GC(21) Pause Young (Allocation Failure)
[46.407s][info][gc,heap     ] GC(21) DefNew: 2302821K(2516544K)->65927K(2516544K) Eden: 2236928K(2236928K)->0K(2236928K) From: 65893K(279616K)->65927K(279616K)
[46.407s][info][gc,heap     ] GC(21) Tenured: 66944K(5592448K)->66944K(5592448K)
[46.407s][info][gc,metaspace] GC(21) Metaspace: 831K(960K)->831K(960K) NonClass: 777K(832K)->777K(832K) Class: 53K(128K)->53K(128K)
[46.407s][info][gc          ] GC(21) Pause Young (Allocation Failure) 2314M->129M(7918M) 20.813ms
[46.407s][info][gc,cpu      ] GC(21) User=0.02s Sys=0.00s Real=0.02s
[48.507s][info][gc,start    ] GC(22) Pause Young (Allocation Failure)
[48.527s][info][gc,heap     ] GC(22) DefNew: 2302855K(2516544K)->65864K(2516544K) Eden: 2236928K(2236928K)->0K(2236928K) From: 65927K(279616K)->65864K(279616K)
[48.527s][info][gc,heap     ] GC(22) Tenured: 66944K(5592448K)->66944K(5592448K)
[48.527s][info][gc,metaspace] GC(22) Metaspace: 831K(960K)->831K(960K) NonClass: 777K(832K)->777K(832K) Class: 53K(128K)->53K(128K)
[48.527s][info][gc          ] GC(22) Pause Young (Allocation Failure) 2314M->129M(7918M) 20.616ms
[48.527s][info][gc,cpu      ] GC(22) User=0.02s Sys=0.00s Real=0.02s
[50.627s][info][gc,start    ] GC(23) Pause Young (Allocation Failure)
[50.648s][info][gc,heap     ] GC(23) DefNew: 2302792K(2516544K)->65753K(2516544K) Eden: 2236928K(2236928K)->0K(2236928K) From: 65864K(279616K)->65753K(279616K)
[50.648s][info][gc,heap     ] GC(23) Tenured: 66944K(5592448K)->66944K(5592448K)
[50.648s][info][gc,metaspace] GC(23) Metaspace: 831K(960K)->831K(960K) NonClass: 777K(832K)->777K(832K) Class: 53K(128K)->53K(128K)
[50.648s][info][gc          ] GC(23) Pause Young (Allocation Failure) 2314M->129M(7918M) 21.489ms
[50.648s][info][gc,cpu      ] GC(23) User=0.02s Sys=0.00s Real=0.02s
[52.747s][info][gc,start    ] GC(24) Pause Young (Allocation Failure)
[52.768s][info][gc,heap     ] GC(24) DefNew: 2302681K(2516544K)->65921K(2516544K) Eden: 2236928K(2236928K)->0K(2236928K) From: 65753K(279616K)->65921K(279616K)
[52.768s][info][gc,heap     ] GC(24) Tenured: 66944K(5592448K)->66944K(5592448K)
[52.768s][info][gc,metaspace] GC(24) Metaspace: 831K(960K)->831K(960K) NonClass: 777K(832K)->777K(832K) Class: 53K(128K)->53K(128K)
[52.768s][info][gc          ] GC(24) Pause Young (Allocation Failure) 2314M->129M(7918M) 20.957ms
[52.768s][info][gc,cpu      ] GC(24) User=0.02s Sys=0.00s Real=0.02s
[54.876s][info][gc,start    ] GC(25) Pause Young (Allocation Failure)
[54.898s][info][gc,heap     ] GC(25) DefNew: 2302849K(2516544K)->65905K(2516544K) Eden: 2236928K(2236928K)->0K(2236928K) From: 65921K(279616K)->65905K(279616K)
[54.898s][info][gc,heap     ] GC(25) Tenured: 66944K(5592448K)->66944K(5592448K)
[54.898s][info][gc,metaspace] GC(25) Metaspace: 831K(960K)->831K(960K) NonClass: 777K(832K)->777K(832K) Class: 53K(128K)->53K(128K)
[54.898s][info][gc          ] GC(25) Pause Young (Allocation Failure) 2314M->129M(7918M) 22.454ms
[54.898s][info][gc,cpu      ] GC(25) User=0.02s Sys=0.00s Real=0.02s
[56.997s][info][gc,start    ] GC(26) Pause Young (Allocation Failure)
[57.018s][info][gc,heap     ] GC(26) DefNew: 2302833K(2516544K)->65978K(2516544K) Eden: 2236928K(2236928K)->0K(2236928K) From: 65905K(279616K)->65978K(279616K)
[57.018s][info][gc,heap     ] GC(26) Tenured: 66944K(5592448K)->66944K(5592448K)
[57.018s][info][gc,metaspace] GC(26) Metaspace: 831K(960K)->831K(960K) NonClass: 777K(832K)->777K(832K) Class: 53K(128K)->53K(128K)
[57.018s][info][gc          ] GC(26) Pause Young (Allocation Failure) 2314M->129M(7918M) 21.209ms
[57.018s][info][gc,cpu      ] GC(26) User=0.02s Sys=0.00s Real=0.02s
[59.116s][info][gc,start    ] GC(27) Pause Young (Allocation Failure)
[59.137s][info][gc,heap     ] GC(27) DefNew: 2302906K(2516544K)->65873K(2516544K) Eden: 2236928K(2236928K)->0K(2236928K) From: 65978K(279616K)->65873K(279616K)
[59.137s][info][gc,heap     ] GC(27) Tenured: 66944K(5592448K)->66944K(5592448K)
[59.137s][info][gc,metaspace] GC(27) Metaspace: 831K(960K)->831K(960K) NonClass: 777K(832K)->777K(832K) Class: 53K(128K)->53K(128K)
[59.137s][info][gc          ] GC(27) Pause Young (Allocation Failure) 2314M->129M(7918M) 20.847ms
[59.137s][info][gc,cpu      ] GC(27) User=0.02s Sys=0.00s Real=0.02s
[61.236s][info][gc,start    ] GC(28) Pause Young (Allocation Failure)
[61.259s][info][gc,heap     ] GC(28) DefNew: 2302801K(2516544K)->65937K(2516544K) Eden: 2236928K(2236928K)->0K(2236928K) From: 65873K(279616K)->65937K(279616K)
[61.259s][info][gc,heap     ] GC(28) Tenured: 66944K(5592448K)->66944K(5592448K)
[61.259s][info][gc,metaspace] GC(28) Metaspace: 831K(960K)->831K(960K) NonClass: 777K(832K)->777K(832K) Class: 53K(128K)->53K(128K)
[61.259s][info][gc          ] GC(28) Pause Young (Allocation Failure) 2314M->129M(7918M) 22.710ms
[61.259s][info][gc,cpu      ] GC(28) User=0.02s Sys=0.00s Real=0.02s
[63.357s][info][gc,start    ] GC(29) Pause Young (Allocation Failure)
[63.382s][info][gc,heap     ] GC(29) DefNew: 2302865K(2516544K)->67232K(2516544K) Eden: 2236928K(2236928K)->0K(2236928K) From: 65937K(279616K)->67232K(279616K)
[63.382s][info][gc,heap     ] GC(29) Tenured: 66944K(5592448K)->66944K(5592448K)
[63.382s][info][gc,metaspace] GC(29) Metaspace: 831K(960K)->831K(960K) NonClass: 777K(832K)->777K(832K) Class: 53K(128K)->53K(128K)
[63.382s][info][gc          ] GC(29) Pause Young (Allocation Failure) 2314M->131M(7918M) 25.229ms
[63.382s][info][gc,cpu      ] GC(29) User=0.02s Sys=0.00s Real=0.02s
[65.477s][info][gc,start    ] GC(30) Pause Young (Allocation Failure)
[65.500s][info][gc,heap     ] GC(30) DefNew: 2304160K(2516544K)->67032K(2516544K) Eden: 2236928K(2236928K)->0K(2236928K) From: 67232K(279616K)->67032K(279616K)
[65.500s][info][gc,heap     ] GC(30) Tenured: 66944K(5592448K)->66944K(5592448K)
[65.500s][info][gc,metaspace] GC(30) Metaspace: 831K(960K)->831K(960K) NonClass: 777K(832K)->777K(832K) Class: 53K(128K)->53K(128K)
[65.500s][info][gc          ] GC(30) Pause Young (Allocation Failure) 2315M->130M(7918M) 23.388ms
[65.500s][info][gc,cpu      ] GC(30) User=0.02s Sys=0.00s Real=0.02s
[67.597s][info][gc,start    ] GC(31) Pause Young (Allocation Failure)
[67.619s][info][gc,heap     ] GC(31) DefNew: 2303960K(2516544K)->67256K(2516544K) Eden: 2236928K(2236928K)->0K(2236928K) From: 67032K(279616K)->67256K(279616K)
[67.619s][info][gc,heap     ] GC(31) Tenured: 66944K(5592448K)->66944K(5592448K)
[67.619s][info][gc,metaspace] GC(31) Metaspace: 831K(960K)->831K(960K) NonClass: 777K(832K)->777K(832K) Class: 53K(128K)->53K(128K)
[67.619s][info][gc          ] GC(31) Pause Young (Allocation Failure) 2315M->131M(7918M) 22.167ms
[67.619s][info][gc,cpu      ] GC(31) User=0.03s Sys=0.00s Real=0.02s
[69.725s][info][gc,start    ] GC(32) Pause Young (Allocation Failure)
[69.748s][info][gc,heap     ] GC(32) DefNew: 2304184K(2516544K)->66991K(2516544K) Eden: 2236928K(2236928K)->0K(2236928K) From: 67256K(279616K)->66991K(279616K)
[69.748s][info][gc,heap     ] GC(32) Tenured: 66944K(5592448K)->66944K(5592448K)
[69.748s][info][gc,metaspace] GC(32) Metaspace: 831K(960K)->831K(960K) NonClass: 777K(832K)->777K(832K) Class: 53K(128K)->53K(128K)
[69.748s][info][gc          ] GC(32) Pause Young (Allocation Failure) 2315M->130M(7918M) 22.788ms
[69.748s][info][gc,cpu      ] GC(32) User=0.02s Sys=0.00s Real=0.02s
[71.846s][info][gc,start    ] GC(33) Pause Young (Allocation Failure)
[71.870s][info][gc,heap     ] GC(33) DefNew: 2303919K(2516544K)->67289K(2516544K) Eden: 2236928K(2236928K)->0K(2236928K) From: 66991K(279616K)->67289K(279616K)
[71.870s][info][gc,heap     ] GC(33) Tenured: 66944K(5592448K)->66944K(5592448K)
[71.870s][info][gc,metaspace] GC(33) Metaspace: 831K(960K)->831K(960K) NonClass: 777K(832K)->777K(832K) Class: 53K(128K)->53K(128K)
[71.870s][info][gc          ] GC(33) Pause Young (Allocation Failure) 2315M->131M(7918M) 24.129ms
[71.870s][info][gc,cpu      ] GC(33) User=0.03s Sys=0.00s Real=0.02s
[73.967s][info][gc,start    ] GC(34) Pause Young (Allocation Failure)
[73.989s][info][gc,heap     ] GC(34) DefNew: 2304217K(2516544K)->67168K(2516544K) Eden: 2236928K(2236928K)->0K(2236928K) From: 67289K(279616K)->67168K(279616K)
[73.989s][info][gc,heap     ] GC(34) Tenured: 66944K(5592448K)->66944K(5592448K)
[73.989s][info][gc,metaspace] GC(34) Metaspace: 831K(960K)->831K(960K) NonClass: 777K(832K)->777K(832K) Class: 53K(128K)->53K(128K)
[73.989s][info][gc          ] GC(34) Pause Young (Allocation Failure) 2315M->130M(7918M) 21.998ms
[73.989s][info][gc,cpu      ] GC(34) User=0.02s Sys=0.00s Real=0.02s
[76.094s][info][gc,start    ] GC(35) Pause Young (Allocation Failure)
[76.118s][info][gc,heap     ] GC(35) DefNew: 2304096K(2516544K)->67273K(2516544K) Eden: 2236928K(2236928K)->0K(2236928K) From: 67168K(279616K)->67273K(279616K)
[76.118s][info][gc,heap     ] GC(35) Tenured: 66944K(5592448K)->66944K(5592448K)
[76.118s][info][gc,metaspace] GC(35) Metaspace: 831K(960K)->831K(960K) NonClass: 777K(832K)->777K(832K) Class: 53K(128K)->53K(128K)
[76.118s][info][gc          ] GC(35) Pause Young (Allocation Failure) 2315M->131M(7918M) 24.424ms
[76.118s][info][gc,cpu      ] GC(35) User=0.02s Sys=0.00s Real=0.03s
[78.206s][info][gc,start    ] GC(36) Pause Young (Allocation Failure)
[78.228s][info][gc,heap     ] GC(36) DefNew: 2304201K(2516544K)->67138K(2516544K) Eden: 2236928K(2236928K)->0K(2236928K) From: 67273K(279616K)->67138K(279616K)
[78.228s][info][gc,heap     ] GC(36) Tenured: 66944K(5592448K)->66944K(5592448K)
[78.228s][info][gc,metaspace] GC(36) Metaspace: 831K(960K)->831K(960K) NonClass: 777K(832K)->777K(832K) Class: 53K(128K)->53K(128K)
[78.228s][info][gc          ] GC(36) Pause Young (Allocation Failure) 2315M->130M(7918M) 21.902ms
[78.228s][info][gc,cpu      ] GC(36) User=0.02s Sys=0.00s Real=0.02s
[80.335s][info][gc,start    ] GC(37) Pause Young (Allocation Failure)
[80.358s][info][gc,heap     ] GC(37) DefNew: 2304066K(2516544K)->67152K(2516544K) Eden: 2236928K(2236928K)->0K(2236928K) From: 67138K(279616K)->67152K(279616K)
[80.358s][info][gc,heap     ] GC(37) Tenured: 66944K(5592448K)->66944K(5592448K)
[80.358s][info][gc,metaspace] GC(37) Metaspace: 831K(960K)->831K(960K) NonClass: 777K(832K)->777K(832K) Class: 53K(128K)->53K(128K)
[80.358s][info][gc          ] GC(37) Pause Young (Allocation Failure) 2315M->130M(7918M) 22.462ms
[80.358s][info][gc,cpu      ] GC(37) User=0.02s Sys=0.00s Real=0.02s
[82.455s][info][gc,start    ] GC(38) Pause Young (Allocation Failure)
[82.478s][info][gc,heap     ] GC(38) DefNew: 2304080K(2516544K)->67027K(2516544K) Eden: 2236928K(2236928K)->0K(2236928K) From: 67152K(279616K)->67027K(279616K)
[82.478s][info][gc,heap     ] GC(38) Tenured: 66944K(5592448K)->66944K(5592448K)
[82.478s][info][gc,metaspace] GC(38) Metaspace: 831K(960K)->831K(960K) NonClass: 777K(832K)->777K(832K) Class: 53K(128K)->53K(128K)
[82.478s][info][gc          ] GC(38) Pause Young (Allocation Failure) 2315M->130M(7918M) 23.082ms
[82.478s][info][gc,cpu      ] GC(38) User=0.03s Sys=0.00s Real=0.02s
[84.576s][info][gc,start    ] GC(39) Pause Young (Allocation Failure)
[84.599s][info][gc,heap     ] GC(39) DefNew: 2303955K(2516544K)->66951K(2516544K) Eden: 2236928K(2236928K)->0K(2236928K) From: 67027K(279616K)->66951K(279616K)
[84.599s][info][gc,heap     ] GC(39) Tenured: 66944K(5592448K)->66944K(5592448K)
[84.599s][info][gc,metaspace] GC(39) Metaspace: 831K(960K)->831K(960K) NonClass: 777K(832K)->777K(832K) Class: 53K(128K)->53K(128K)
[84.599s][info][gc          ] GC(39) Pause Young (Allocation Failure) 2315M->130M(7918M) 23.174ms
[84.599s][info][gc,cpu      ] GC(39) User=0.03s Sys=0.00s Real=0.02s
[86.696s][info][gc,start    ] GC(40) Pause Young (Allocation Failure)
[86.720s][info][gc,heap     ] GC(40) DefNew: 2303879K(2516544K)->67195K(2516544K) Eden: 2236928K(2236928K)->0K(2236928K) From: 66951K(279616K)->67195K(279616K)
[86.720s][info][gc,heap     ] GC(40) Tenured: 66944K(5592448K)->66944K(5592448K)
[86.720s][info][gc,metaspace] GC(40) Metaspace: 831K(960K)->831K(960K) NonClass: 777K(832K)->777K(832K) Class: 53K(128K)->53K(128K)
[86.720s][info][gc          ] GC(40) Pause Young (Allocation Failure) 2315M->130M(7918M) 23.888ms
[86.720s][info][gc,cpu      ] GC(40) User=0.02s Sys=0.00s Real=0.02s
[88.817s][info][gc,start    ] GC(41) Pause Young (Allocation Failure)
[88.839s][info][gc,heap     ] GC(41) DefNew: 2304123K(2516544K)->67258K(2516544K) Eden: 2236928K(2236928K)->0K(2236928K) From: 67195K(279616K)->67258K(279616K)
[88.839s][info][gc,heap     ] GC(41) Tenured: 66944K(5592448K)->66944K(5592448K)
[88.839s][info][gc,metaspace] GC(41) Metaspace: 831K(960K)->831K(960K) NonClass: 777K(832K)->777K(832K) Class: 53K(128K)->53K(128K)
[88.839s][info][gc          ] GC(41) Pause Young (Allocation Failure) 2315M->131M(7918M) 21.920ms
[88.839s][info][gc,cpu      ] GC(41) User=0.02s Sys=0.00s Real=0.02s
[90.937s][info][gc,start    ] GC(42) Pause Young (Allocation Failure)
[90.959s][info][gc,heap     ] GC(42) DefNew: 2304186K(2516544K)->67331K(2516544K) Eden: 2236928K(2236928K)->0K(2236928K) From: 67258K(279616K)->67331K(279616K)
[90.959s][info][gc,heap     ] GC(42) Tenured: 66944K(5592448K)->66944K(5592448K)
[90.959s][info][gc,metaspace] GC(42) Metaspace: 831K(960K)->831K(960K) NonClass: 777K(832K)->777K(832K) Class: 53K(128K)->53K(128K)
[90.959s][info][gc          ] GC(42) Pause Young (Allocation Failure) 2315M->131M(7918M) 22.312ms
[90.959s][info][gc,cpu      ] GC(42) User=0.03s Sys=0.00s Real=0.02s
[93.057s][info][gc,start    ] GC(43) Pause Young (Allocation Failure)
[93.079s][info][gc,heap     ] GC(43) DefNew: 2304259K(2516544K)->67117K(2516544K) Eden: 2236928K(2236928K)->0K(2236928K) From: 67331K(279616K)->67117K(279616K)
[93.079s][info][gc,heap     ] GC(43) Tenured: 66944K(5592448K)->66946K(5592448K)
[93.079s][info][gc,metaspace] GC(43) Metaspace: 831K(960K)->831K(960K) NonClass: 777K(832K)->777K(832K) Class: 53K(128K)->53K(128K)
[93.080s][info][gc          ] GC(43) Pause Young (Allocation Failure) 2315M->130M(7918M) 22.976ms
[93.080s][info][gc,cpu      ] GC(43) User=0.02s Sys=0.00s Real=0.02s
[95.186s][info][gc,start    ] GC(44) Pause Young (Allocation Failure)
[95.208s][info][gc,heap     ] GC(44) DefNew: 2304045K(2516544K)->65988K(2516544K) Eden: 2236928K(2236928K)->0K(2236928K) From: 67117K(279616K)->65988K(279616K)
[95.208s][info][gc,heap     ] GC(44) Tenured: 66946K(5592448K)->68268K(5592448K)
[95.208s][info][gc,metaspace] GC(44) Metaspace: 831K(960K)->831K(960K) NonClass: 777K(832K)->777K(832K) Class: 53K(128K)->53K(128K)
[95.208s][info][gc          ] GC(44) Pause Young (Allocation Failure) 2315M->131M(7918M) 22.737ms
[95.208s][info][gc,cpu      ] GC(44) User=0.02s Sys=0.00s Real=0.02s
[97.306s][info][gc,start    ] GC(45) Pause Young (Allocation Failure)
[97.327s][info][gc,heap     ] GC(45) DefNew: 2302916K(2516544K)->65905K(2516544K) Eden: 2236928K(2236928K)->0K(2236928K) From: 65988K(279616K)->65905K(279616K)
[97.327s][info][gc,heap     ] GC(45) Tenured: 68268K(5592448K)->68268K(5592448K)
[97.327s][info][gc,metaspace] GC(45) Metaspace: 831K(960K)->831K(960K) NonClass: 777K(832K)->777K(832K) Class: 53K(128K)->53K(128K)
[97.327s][info][gc          ] GC(45) Pause Young (Allocation Failure) 2315M->131M(7918M) 21.203ms
[97.327s][info][gc,cpu      ] GC(45) User=0.02s Sys=0.00s Real=0.02s
[99.426s][info][gc,start    ] GC(46) Pause Young (Allocation Failure)
[99.448s][info][gc,heap     ] GC(46) DefNew: 2302833K(2516544K)->65813K(2516544K) Eden: 2236928K(2236928K)->0K(2236928K) From: 65905K(279616K)->65813K(279616K)
[99.449s][info][gc,heap     ] GC(46) Tenured: 68268K(5592448K)->68268K(5592448K)
[99.449s][info][gc,metaspace] GC(46) Metaspace: 831K(960K)->831K(960K) NonClass: 777K(832K)->777K(832K) Class: 53K(128K)->53K(128K)
[99.449s][info][gc          ] GC(46) Pause Young (Allocation Failure) 2315M->130M(7918M) 22.793ms
[99.449s][info][gc,cpu      ] GC(46) User=0.03s Sys=0.00s Real=0.02s
[101.546s][info][gc,start    ] GC(47) Pause Young (Allocation Failure)
[101.567s][info][gc,heap     ] GC(47) DefNew: 2302741K(2516544K)->65859K(2516544K) Eden: 2236928K(2236928K)->0K(2236928K) From: 65813K(279616K)->65859K(279616K)
[101.567s][info][gc,heap     ] GC(47) Tenured: 68268K(5592448K)->68268K(5592448K)
[101.567s][info][gc,metaspace] GC(47) Metaspace: 831K(960K)->831K(960K) NonClass: 777K(832K)->777K(832K) Class: 53K(128K)->53K(128K)
[101.567s][info][gc          ] GC(47) Pause Young (Allocation Failure) 2315M->130M(7918M) 21.132ms
[101.567s][info][gc,cpu      ] GC(47) User=0.02s Sys=0.00s Real=0.02s
[103.666s][info][gc,start    ] GC(48) Pause Young (Allocation Failure)
[103.687s][info][gc,heap     ] GC(48) DefNew: 2302787K(2516544K)->66005K(2516544K) Eden: 2236928K(2236928K)->0K(2236928K) From: 65859K(279616K)->66005K(279616K)
[103.687s][info][gc,heap     ] GC(48) Tenured: 68268K(5592448K)->68268K(5592448K)
[103.687s][info][gc,metaspace] GC(48) Metaspace: 831K(960K)->831K(960K) NonClass: 777K(832K)->777K(832K) Class: 53K(128K)->53K(128K)
[103.687s][info][gc          ] GC(48) Pause Young (Allocation Failure) 2315M->131M(7918M) 20.847ms
[103.687s][info][gc,cpu      ] GC(48) User=0.02s Sys=0.00s Real=0.02s
[105.787s][info][gc,start    ] GC(49) Pause Young (Allocation Failure)
[105.808s][info][gc,heap     ] GC(49) DefNew: 2302933K(2516544K)->65783K(2516544K) Eden: 2236928K(2236928K)->0K(2236928K) From: 66005K(279616K)->65783K(279616K)
[105.808s][info][gc,heap     ] GC(49) Tenured: 68268K(5592448K)->68268K(5592448K)
[105.808s][info][gc,metaspace] GC(49) Metaspace: 831K(960K)->831K(960K) NonClass: 777K(832K)->777K(832K) Class: 53K(128K)->53K(128K)
[105.808s][info][gc          ] GC(49) Pause Young (Allocation Failure) 2315M->130M(7918M) 21.268ms
[105.808s][info][gc,cpu      ] GC(49) User=0.03s Sys=0.00s Real=0.02s
[107.906s][info][gc,start    ] GC(50) Pause Young (Allocation Failure)
[107.928s][info][gc,heap     ] GC(50) DefNew: 2302711K(2516544K)->65800K(2516544K) Eden: 2236928K(2236928K)->0K(2236928K) From: 65783K(279616K)->65800K(279616K)
[107.928s][info][gc,heap     ] GC(50) Tenured: 68268K(5592448K)->68268K(5592448K)
[107.928s][info][gc,metaspace] GC(50) Metaspace: 831K(960K)->831K(960K) NonClass: 777K(832K)->777K(832K) Class: 53K(128K)->53K(128K)
[107.928s][info][gc          ] GC(50) Pause Young (Allocation Failure) 2315M->130M(7918M) 21.930ms
[107.928s][info][gc,cpu      ] GC(50) User=0.03s Sys=0.00s Real=0.02s
[110.035s][info][gc,start    ] GC(51) Pause Young (Allocation Failure)
[110.057s][info][gc,heap     ] GC(51) DefNew: 2302728K(2516544K)->65864K(2516544K) Eden: 2236928K(2236928K)->0K(2236928K) From: 65800K(279616K)->65864K(279616K)
[110.057s][info][gc,heap     ] GC(51) Tenured: 68268K(5592448K)->68268K(5592448K)
[110.057s][info][gc,metaspace] GC(51) Metaspace: 831K(960K)->831K(960K) NonClass: 777K(832K)->777K(832K) Class: 53K(128K)->53K(128K)
[110.057s][info][gc          ] GC(51) Pause Young (Allocation Failure) 2315M->130M(7918M) 22.455ms
[110.057s][info][gc,cpu      ] GC(51) User=0.02s Sys=0.00s Real=0.03s
[112.156s][info][gc,start    ] GC(52) Pause Young (Allocation Failure)
[112.180s][info][gc,heap     ] GC(52) DefNew: 2302792K(2516544K)->65901K(2516544K) Eden: 2236928K(2236928K)->0K(2236928K) From: 65864K(279616K)->65901K(279616K)
[112.180s][info][gc,heap     ] GC(52) Tenured: 68268K(5592448K)->68268K(5592448K)
[112.180s][info][gc,metaspace] GC(52) Metaspace: 831K(960K)->831K(960K) NonClass: 777K(832K)->777K(832K) Class: 53K(128K)->53K(128K)
[112.180s][info][gc          ] GC(52) Pause Young (Allocation Failure) 2315M->131M(7918M) 23.847ms
[112.180s][info][gc,cpu      ] GC(52) User=0.02s Sys=0.00s Real=0.02s
[114.277s][info][gc,start    ] GC(53) Pause Young (Allocation Failure)
[114.299s][info][gc,heap     ] GC(53) DefNew: 2302829K(2516544K)->65809K(2516544K) Eden: 2236928K(2236928K)->0K(2236928K) From: 65901K(279616K)->65809K(279616K)
[114.299s][info][gc,heap     ] GC(53) Tenured: 68268K(5592448K)->68268K(5592448K)
[114.299s][info][gc,metaspace] GC(53) Metaspace: 831K(960K)->831K(960K) NonClass: 777K(832K)->777K(832K) Class: 53K(128K)->53K(128K)
[114.299s][info][gc          ] GC(53) Pause Young (Allocation Failure) 2315M->130M(7918M) 22.838ms
[114.299s][info][gc,cpu      ] GC(53) User=0.03s Sys=0.00s Real=0.02s
[116.396s][info][gc,start    ] GC(54) Pause Young (Allocation Failure)
[116.418s][info][gc,heap     ] GC(54) DefNew: 2302737K(2516544K)->65823K(2516544K) Eden: 2236928K(2236928K)->0K(2236928K) From: 65809K(279616K)->65823K(279616K)
[116.418s][info][gc,heap     ] GC(54) Tenured: 68268K(5592448K)->68268K(5592448K)
[116.418s][info][gc,metaspace] GC(54) Metaspace: 831K(960K)->831K(960K) NonClass: 777K(832K)->777K(832K) Class: 53K(128K)->53K(128K)
[116.418s][info][gc          ] GC(54) Pause Young (Allocation Failure) 2315M->130M(7918M) 21.839ms
[116.418s][info][gc,cpu      ] GC(54) User=0.03s Sys=0.00s Real=0.02s
[118.516s][info][gc,start    ] GC(55) Pause Young (Allocation Failure)
[118.537s][info][gc,heap     ] GC(55) DefNew: 2302751K(2516544K)->65854K(2516544K) Eden: 2236928K(2236928K)->0K(2236928K) From: 65823K(279616K)->65854K(279616K)
[118.538s][info][gc,heap     ] GC(55) Tenured: 68268K(5592448K)->68268K(5592448K)
[118.538s][info][gc,metaspace] GC(55) Metaspace: 831K(960K)->831K(960K) NonClass: 777K(832K)->777K(832K) Class: 53K(128K)->53K(128K)
[118.538s][info][gc          ] GC(55) Pause Young (Allocation Failure) 2315M->130M(7918M) 21.336ms
[118.538s][info][gc,cpu      ] GC(55) User=0.02s Sys=0.00s Real=0.02s
[120.636s][info][gc,start    ] GC(56) Pause Young (Allocation Failure)
[120.659s][info][gc,heap     ] GC(56) DefNew: 2302782K(2516544K)->65938K(2516544K) Eden: 2236928K(2236928K)->0K(2236928K) From: 65854K(279616K)->65938K(279616K)
[120.659s][info][gc,heap     ] GC(56) Tenured: 68268K(5592448K)->68268K(5592448K)
[120.659s][info][gc,metaspace] GC(56) Metaspace: 831K(960K)->831K(960K) NonClass: 777K(832K)->777K(832K) Class: 53K(128K)->53K(128K)
[120.659s][info][gc          ] GC(56) Pause Young (Allocation Failure) 2315M->131M(7918M) 23.421ms
[120.659s][info][gc,cpu      ] GC(56) User=0.03s Sys=0.00s Real=0.02s
[122.765s][info][gc,start    ] GC(57) Pause Young (Allocation Failure)
[122.788s][info][gc,heap     ] GC(57) DefNew: 2302866K(2516544K)->65918K(2516544K) Eden: 2236928K(2236928K)->0K(2236928K) From: 65938K(279616K)->65918K(279616K)
[122.788s][info][gc,heap     ] GC(57) Tenured: 68268K(5592448K)->68268K(5592448K)
[122.788s][info][gc,metaspace] GC(57) Metaspace: 831K(960K)->831K(960K) NonClass: 777K(832K)->777K(832K) Class: 53K(128K)->53K(128K)
[122.788s][info][gc          ] GC(57) Pause Young (Allocation Failure) 2315M->131M(7918M) 23.298ms
[122.788s][info][gc,cpu      ] GC(57) User=0.02s Sys=0.00s Real=0.02s
[124.886s][info][gc,start    ] GC(58) Pause Young (Allocation Failure)
[124.910s][info][gc,heap     ] GC(58) DefNew: 2302846K(2516544K)->67131K(2516544K) Eden: 2236928K(2236928K)->0K(2236928K) From: 65918K(279616K)->67131K(279616K)
[124.910s][info][gc,heap     ] GC(58) Tenured: 68268K(5592448K)->68268K(5592448K)
[124.910s][info][gc,metaspace] GC(58) Metaspace: 831K(960K)->831K(960K) NonClass: 777K(832K)->777K(832K) Class: 53K(128K)->53K(128K)
[124.910s][info][gc          ] GC(58) Pause Young (Allocation Failure) 2315M->132M(7918M) 24.902ms
[124.910s][info][gc,cpu      ] GC(58) User=0.02s Sys=0.00s Real=0.02s
[127.005s][info][gc,start    ] GC(59) Pause Young (Allocation Failure)
[127.027s][info][gc,heap     ] GC(59) DefNew: 2304059K(2516544K)->67124K(2516544K) Eden: 2236928K(2236928K)->0K(2236928K) From: 67131K(279616K)->67124K(279616K)
[127.028s][info][gc,heap     ] GC(59) Tenured: 68268K(5592448K)->68268K(5592448K)
[127.028s][info][gc,metaspace] GC(59) Metaspace: 831K(960K)->831K(960K) NonClass: 777K(832K)->777K(832K) Class: 53K(128K)->53K(128K)
[127.028s][info][gc          ] GC(59) Pause Young (Allocation Failure) 2316M->132M(7918M) 22.355ms
[127.028s][info][gc,cpu      ] GC(59) User=0.02s Sys=0.00s Real=0.02s
[129.125s][info][gc,start    ] GC(60) Pause Young (Allocation Failure)
[129.150s][info][gc,heap     ] GC(60) DefNew: 2304052K(2516544K)->67200K(2516544K) Eden: 2236928K(2236928K)->0K(2236928K) From: 67124K(279616K)->67200K(279616K)
[129.150s][info][gc,heap     ] GC(60) Tenured: 68268K(5592448K)->68268K(5592448K)
[129.150s][info][gc,metaspace] GC(60) Metaspace: 831K(960K)->831K(960K) NonClass: 777K(832K)->777K(832K) Class: 53K(128K)->53K(128K)
[129.150s][info][gc          ] GC(60) Pause Young (Allocation Failure) 2316M->132M(7918M) 24.553ms
[129.150s][info][gc,cpu      ] GC(60) User=0.03s Sys=0.00s Real=0.02s
[131.246s][info][gc,start    ] GC(61) Pause Young (Allocation Failure)
[131.269s][info][gc,heap     ] GC(61) DefNew: 2304128K(2516544K)->67285K(2516544K) Eden: 2236928K(2236928K)->0K(2236928K) From: 67200K(279616K)->67285K(279616K)
[131.269s][info][gc,heap     ] GC(61) Tenured: 68268K(5592448K)->68268K(5592448K)
[131.269s][info][gc,metaspace] GC(61) Metaspace: 831K(960K)->831K(960K) NonClass: 777K(832K)->777K(832K) Class: 53K(128K)->53K(128K)
[131.269s][info][gc          ] GC(61) Pause Young (Allocation Failure) 2316M->132M(7918M) 23.141ms
[131.269s][info][gc,cpu      ] GC(61) User=0.02s Sys=0.00s Real=0.02s
[133.365s][info][gc,start    ] GC(62) Pause Young (Allocation Failure)
[133.388s][info][gc,heap     ] GC(62) DefNew: 2304213K(2516544K)->67224K(2516544K) Eden: 2236928K(2236928K)->0K(2236928K) From: 67285K(279616K)->67224K(279616K)
[133.388s][info][gc,heap     ] GC(62) Tenured: 68268K(5592448K)->68268K(5592448K)
[133.388s][info][gc,metaspace] GC(62) Metaspace: 831K(960K)->831K(960K) NonClass: 777K(832K)->777K(832K) Class: 53K(128K)->53K(128K)
[133.388s][info][gc          ] GC(62) Pause Young (Allocation Failure) 2316M->132M(7918M) 22.834ms
[133.388s][info][gc,cpu      ] GC(62) User=0.03s Sys=0.00s Real=0.02s
[135.485s][info][gc,start    ] GC(63) Pause Young (Allocation Failure)
[135.509s][info][gc,heap     ] GC(63) DefNew: 2304152K(2516544K)->67089K(2516544K) Eden: 2236928K(2236928K)->0K(2236928K) From: 67224K(279616K)->67089K(279616K)
[135.509s][info][gc,heap     ] GC(63) Tenured: 68268K(5592448K)->68268K(5592448K)
[135.509s][info][gc,metaspace] GC(63) Metaspace: 831K(960K)->831K(960K) NonClass: 777K(832K)->777K(832K) Class: 53K(128K)->53K(128K)
[135.509s][info][gc          ] GC(63) Pause Young (Allocation Failure) 2316M->132M(7918M) 23.578ms
[135.509s][info][gc,cpu      ] GC(63) User=0.02s Sys=0.00s Real=0.02s
[137.606s][info][gc,start    ] GC(64) Pause Young (Allocation Failure)
[137.631s][info][gc,heap     ] GC(64) DefNew: 2304017K(2516544K)->67120K(2516544K) Eden: 2236928K(2236928K)->0K(2236928K) From: 67089K(279616K)->67120K(279616K)
[137.631s][info][gc,heap     ] GC(64) Tenured: 68268K(5592448K)->68268K(5592448K)
[137.631s][info][gc,metaspace] GC(64) Metaspace: 831K(960K)->831K(960K) NonClass: 777K(832K)->777K(832K) Class: 53K(128K)->53K(128K)
[137.631s][info][gc          ] GC(64) Pause Young (Allocation Failure) 2316M->132M(7918M) 25.115ms
[137.631s][info][gc,cpu      ] GC(64) User=0.02s Sys=0.00s Real=0.02s
[139.735s][info][gc,start    ] GC(65) Pause Young (Allocation Failure)
[139.758s][info][gc,heap     ] GC(65) DefNew: 2304048K(2516544K)->67101K(2516544K) Eden: 2236928K(2236928K)->0K(2236928K) From: 67120K(279616K)->67101K(279616K)
[139.758s][info][gc,heap     ] GC(65) Tenured: 68268K(5592448K)->68268K(5592448K)
[139.758s][info][gc,metaspace] GC(65) Metaspace: 831K(960K)->831K(960K) NonClass: 777K(832K)->777K(832K) Class: 53K(128K)->53K(128K)
[139.758s][info][gc          ] GC(65) Pause Young (Allocation Failure) 2316M->132M(7918M) 22.632ms
[139.758s][info][gc,cpu      ] GC(65) User=0.02s Sys=0.00s Real=0.02s
[141.856s][info][gc,start    ] GC(66) Pause Young (Allocation Failure)
[141.879s][info][gc,heap     ] GC(66) DefNew: 2304029K(2516544K)->67190K(2516544K) Eden: 2236928K(2236928K)->0K(2236928K) From: 67101K(279616K)->67190K(279616K)
[141.879s][info][gc,heap     ] GC(66) Tenured: 68268K(5592448K)->68268K(5592448K)
[141.879s][info][gc,metaspace] GC(66) Metaspace: 831K(960K)->831K(960K) NonClass: 777K(832K)->777K(832K) Class: 53K(128K)->53K(128K)
[141.879s][info][gc          ] GC(66) Pause Young (Allocation Failure) 2316M->132M(7918M) 22.230ms
[141.879s][info][gc,cpu      ] GC(66) User=0.02s Sys=0.00s Real=0.02s
[143.977s][info][gc,start    ] GC(67) Pause Young (Allocation Failure)
[144.002s][info][gc,heap     ] GC(67) DefNew: 2304118K(2516544K)->67130K(2516544K) Eden: 2236928K(2236928K)->0K(2236928K) From: 67190K(279616K)->67130K(279616K)
[144.002s][info][gc,heap     ] GC(67) Tenured: 68268K(5592448K)->68268K(5592448K)
[144.002s][info][gc,metaspace] GC(67) Metaspace: 831K(960K)->831K(960K) NonClass: 777K(832K)->777K(832K) Class: 53K(128K)->53K(128K)
[144.002s][info][gc          ] GC(67) Pause Young (Allocation Failure) 2316M->132M(7918M) 25.142ms
[144.002s][info][gc,cpu      ] GC(67) User=0.03s Sys=0.00s Real=0.02s
[146.095s][info][gc,start    ] GC(68) Pause Young (Allocation Failure)
[146.119s][info][gc,heap     ] GC(68) DefNew: 2304058K(2516544K)->67237K(2516544K) Eden: 2236928K(2236928K)->0K(2236928K) From: 67130K(279616K)->67237K(279616K)
[146.119s][info][gc,heap     ] GC(68) Tenured: 68268K(5592448K)->68268K(5592448K)
[146.119s][info][gc,metaspace] GC(68) Metaspace: 831K(960K)->831K(960K) NonClass: 777K(832K)->777K(832K) Class: 53K(128K)->53K(128K)
[146.119s][info][gc          ] GC(68) Pause Young (Allocation Failure) 2316M->132M(7918M) 23.993ms
[146.119s][info][gc,cpu      ] GC(68) User=0.03s Sys=0.00s Real=0.02s
[148.215s][info][gc,start    ] GC(69) Pause Young (Allocation Failure)
[148.239s][info][gc,heap     ] GC(69) DefNew: 2304165K(2516544K)->67187K(2516544K) Eden: 2236928K(2236928K)->0K(2236928K) From: 67237K(279616K)->67187K(279616K)
[148.239s][info][gc,heap     ] GC(69) Tenured: 68268K(5592448K)->68268K(5592448K)
[148.239s][info][gc,metaspace] GC(69) Metaspace: 831K(960K)->831K(960K) NonClass: 777K(832K)->777K(832K) Class: 53K(128K)->53K(128K)
[148.239s][info][gc          ] GC(69) Pause Young (Allocation Failure) 2316M->132M(7918M) 24.020ms
[148.239s][info][gc,cpu      ] GC(69) User=0.02s Sys=0.00s Real=0.02s
[150.336s][info][gc,start    ] GC(70) Pause Young (Allocation Failure)
[150.361s][info][gc,heap     ] GC(70) DefNew: 2304115K(2516544K)->67246K(2516544K) Eden: 2236928K(2236928K)->0K(2236928K) From: 67187K(279616K)->67246K(279616K)
[150.361s][info][gc,heap     ] GC(70) Tenured: 68268K(5592448K)->68268K(5592448K)
[150.361s][info][gc,metaspace] GC(70) Metaspace: 831K(960K)->831K(960K) NonClass: 777K(832K)->777K(832K) Class: 53K(128K)->53K(128K)
[150.361s][info][gc          ] GC(70) Pause Young (Allocation Failure) 2316M->132M(7918M) 24.771ms
[150.361s][info][gc,cpu      ] GC(70) User=0.03s Sys=0.00s Real=0.02s
[152.466s][info][gc,start    ] GC(71) Pause Young (Allocation Failure)
[152.490s][info][gc,heap     ] GC(71) DefNew: 2304174K(2516544K)->67129K(2516544K) Eden: 2236928K(2236928K)->0K(2236928K) From: 67246K(279616K)->67129K(279616K)
[152.490s][info][gc,heap     ] GC(71) Tenured: 68268K(5592448K)->68268K(5592448K)
[152.491s][info][gc,metaspace] GC(71) Metaspace: 831K(960K)->831K(960K) NonClass: 777K(832K)->777K(832K) Class: 53K(128K)->53K(128K)
[152.491s][info][gc          ] GC(71) Pause Young (Allocation Failure) 2316M->132M(7918M) 24.838ms
[152.491s][info][gc,cpu      ] GC(71) User=0.03s Sys=0.00s Real=0.02s
[154.577s][info][gc,start    ] GC(72) Pause Young (Allocation Failure)
[154.604s][info][gc,heap     ] GC(72) DefNew: 2304057K(2516544K)->67305K(2516544K) Eden: 2236928K(2236928K)->0K(2236928K) From: 67129K(279616K)->67305K(279616K)
[154.604s][info][gc,heap     ] GC(72) Tenured: 68268K(5592448K)->68273K(5592448K)
[154.604s][info][gc,metaspace] GC(72) Metaspace: 831K(960K)->831K(960K) NonClass: 777K(832K)->777K(832K) Class: 53K(128K)->53K(128K)
[154.604s][info][gc          ] GC(72) Pause Young (Allocation Failure) 2316M->132M(7918M) 27.467ms
[154.604s][info][gc,cpu      ] GC(72) User=0.02s Sys=0.00s Real=0.03s
[156.697s][info][gc,start    ] GC(73) Pause Young (Allocation Failure)
[156.722s][info][gc,heap     ] GC(73) DefNew: 2304233K(2516544K)->65884K(2516544K) Eden: 2236928K(2236928K)->0K(2236928K) From: 67305K(279616K)->65884K(279616K)
[156.722s][info][gc,heap     ] GC(73) Tenured: 68273K(5592448K)->69564K(5592448K)
[156.722s][info][gc,metaspace] GC(73) Metaspace: 831K(960K)->831K(960K) NonClass: 777K(832K)->777K(832K) Class: 53K(128K)->53K(128K)
[156.722s][info][gc          ] GC(73) Pause Young (Allocation Failure) 2316M->132M(7918M) 25.406ms
[156.722s][info][gc,cpu      ] GC(73) User=0.02s Sys=0.00s Real=0.02s
[158.825s][info][gc,start    ] GC(74) Pause Young (Allocation Failure)
[158.849s][info][gc,heap     ] GC(74) DefNew: 2302812K(2516544K)->65923K(2516544K) Eden: 2236928K(2236928K)->0K(2236928K) From: 65884K(279616K)->65923K(279616K)
[158.849s][info][gc,heap     ] GC(74) Tenured: 69564K(5592448K)->69564K(5592448K)
[158.849s][info][gc,metaspace] GC(74) Metaspace: 831K(960K)->831K(960K) NonClass: 777K(832K)->777K(832K) Class: 53K(128K)->53K(128K)
[158.849s][info][gc          ] GC(74) Pause Young (Allocation Failure) 2316M->132M(7918M) 24.687ms
[158.849s][info][gc,cpu      ] GC(74) User=0.02s Sys=0.00s Real=0.02s
[160.945s][info][gc,start    ] GC(75) Pause Young (Allocation Failure)
[160.967s][info][gc,heap     ] GC(75) DefNew: 2302851K(2516544K)->65681K(2516544K) Eden: 2236928K(2236928K)->0K(2236928K) From: 65923K(279616K)->65681K(279616K)
[160.967s][info][gc,heap     ] GC(75) Tenured: 69564K(5592448K)->69564K(5592448K)
[160.967s][info][gc,metaspace] GC(75) Metaspace: 831K(960K)->831K(960K) NonClass: 777K(832K)->777K(832K) Class: 53K(128K)->53K(128K)
[160.967s][info][gc          ] GC(75) Pause Young (Allocation Failure) 2316M->132M(7918M) 21.496ms
[160.967s][info][gc,cpu      ] GC(75) User=0.02s Sys=0.00s Real=0.02s
[163.066s][info][gc,start    ] GC(76) Pause Young (Allocation Failure)
[163.093s][info][gc,heap     ] GC(76) DefNew: 2302609K(2516544K)->66053K(2516544K) Eden: 2236928K(2236928K)->0K(2236928K) From: 65681K(279616K)->66053K(279616K)
[163.093s][info][gc,heap     ] GC(76) Tenured: 69564K(5592448K)->69564K(5592448K)
[163.093s][info][gc,metaspace] GC(76) Metaspace: 831K(960K)->831K(960K) NonClass: 777K(832K)->777K(832K) Class: 53K(128K)->53K(128K)
[163.093s][info][gc          ] GC(76) Pause Young (Allocation Failure) 2316M->132M(7918M) 27.433ms
[163.093s][info][gc,cpu      ] GC(76) User=0.02s Sys=0.00s Real=0.02s
[165.186s][info][gc,start    ] GC(77) Pause Young (Allocation Failure)
[165.210s][info][gc,heap     ] GC(77) DefNew: 2302981K(2516544K)->65934K(2516544K) Eden: 2236928K(2236928K)->0K(2236928K) From: 66053K(279616K)->65934K(279616K)
[165.210s][info][gc,heap     ] GC(77) Tenured: 69564K(5592448K)->69564K(5592448K)
[165.210s][info][gc,metaspace] GC(77) Metaspace: 831K(960K)->831K(960K) NonClass: 777K(832K)->777K(832K) Class: 53K(128K)->53K(128K)
[165.210s][info][gc          ] GC(77) Pause Young (Allocation Failure) 2316M->132M(7918M) 23.721ms
[165.210s][info][gc,cpu      ] GC(77) User=0.02s Sys=0.00s Real=0.02s
[167.307s][info][gc,start    ] GC(78) Pause Young (Allocation Failure)
[167.330s][info][gc,heap     ] GC(78) DefNew: 2302862K(2516544K)->65945K(2516544K) Eden: 2236928K(2236928K)->0K(2236928K) From: 65934K(279616K)->65945K(279616K)
[167.330s][info][gc,heap     ] GC(78) Tenured: 69564K(5592448K)->69564K(5592448K)
[167.330s][info][gc,metaspace] GC(78) Metaspace: 831K(960K)->831K(960K) NonClass: 777K(832K)->777K(832K) Class: 53K(128K)->53K(128K)
[167.330s][info][gc          ] GC(78) Pause Young (Allocation Failure) 2316M->132M(7918M) 23.698ms
[167.330s][info][gc,cpu      ] GC(78) User=0.02s Sys=0.00s Real=0.02s
[169.426s][info][gc,start    ] GC(79) Pause Young (Allocation Failure)
[169.449s][info][gc,heap     ] GC(79) DefNew: 2302873K(2516544K)->65869K(2516544K) Eden: 2236928K(2236928K)->0K(2236928K) From: 65945K(279616K)->65869K(279616K)
[169.449s][info][gc,heap     ] GC(79) Tenured: 69564K(5592448K)->69564K(5592448K)
[169.449s][info][gc,metaspace] GC(79) Metaspace: 831K(960K)->831K(960K) NonClass: 777K(832K)->777K(832K) Class: 53K(128K)->53K(128K)
[169.449s][info][gc          ] GC(79) Pause Young (Allocation Failure) 2316M->132M(7918M) 22.585ms
[169.449s][info][gc,cpu      ] GC(79) User=0.03s Sys=0.00s Real=0.02s
[171.546s][info][gc,start    ] GC(80) Pause Young (Allocation Failure)
[171.569s][info][gc,heap     ] GC(80) DefNew: 2302797K(2516544K)->66027K(2516544K) Eden: 2236928K(2236928K)->0K(2236928K) From: 65869K(279616K)->66027K(279616K)
[171.569s][info][gc,heap     ] GC(80) Tenured: 69564K(5592448K)->69564K(5592448K)
[171.569s][info][gc,metaspace] GC(80) Metaspace: 831K(960K)->831K(960K) NonClass: 777K(832K)->777K(832K) Class: 53K(128K)->53K(128K)
[171.569s][info][gc          ] GC(80) Pause Young (Allocation Failure) 2316M->132M(7918M) 23.073ms
[171.569s][info][gc,cpu      ] GC(80) User=0.02s Sys=0.00s Real=0.02s
[173.667s][info][gc,start    ] GC(81) Pause Young (Allocation Failure)
[173.689s][info][gc,heap     ] GC(81) DefNew: 2302955K(2516544K)->65918K(2516544K) Eden: 2236928K(2236928K)->0K(2236928K) From: 66027K(279616K)->65918K(279616K)
[173.689s][info][gc,heap     ] GC(81) Tenured: 69564K(5592448K)->69564K(5592448K)
[173.689s][info][gc,metaspace] GC(81) Metaspace: 831K(960K)->831K(960K) NonClass: 777K(832K)->777K(832K) Class: 53K(128K)->53K(128K)
[173.689s][info][gc          ] GC(81) Pause Young (Allocation Failure) 2316M->132M(7918M) 22.080ms
[173.689s][info][gc,cpu      ] GC(81) User=0.02s Sys=0.00s Real=0.02s
[175.796s][info][gc,start    ] GC(82) Pause Young (Allocation Failure)
[175.819s][info][gc,heap     ] GC(82) DefNew: 2302846K(2516544K)->65750K(2516544K) Eden: 2236928K(2236928K)->0K(2236928K) From: 65918K(279616K)->65750K(279616K)
[175.819s][info][gc,heap     ] GC(82) Tenured: 69564K(5592448K)->69564K(5592448K)
[175.819s][info][gc,metaspace] GC(82) Metaspace: 831K(960K)->831K(960K) NonClass: 777K(832K)->777K(832K) Class: 53K(128K)->53K(128K)
[175.819s][info][gc          ] GC(82) Pause Young (Allocation Failure) 2316M->132M(7918M) 22.962ms
[175.819s][info][gc,cpu      ] GC(82) User=0.02s Sys=0.00s Real=0.02s
[177.917s][info][gc,start    ] GC(83) Pause Young (Allocation Failure)
[177.941s][info][gc,heap     ] GC(83) DefNew: 2302678K(2516544K)->66016K(2516544K) Eden: 2236928K(2236928K)->0K(2236928K) From: 65750K(279616K)->66016K(279616K)
[177.941s][info][gc,heap     ] GC(83) Tenured: 69564K(5592448K)->69564K(5592448K)
[177.941s][info][gc,metaspace] GC(83) Metaspace: 831K(960K)->831K(960K) NonClass: 777K(832K)->777K(832K) Class: 53K(128K)->53K(128K)
[177.941s][info][gc          ] GC(83) Pause Young (Allocation Failure) 2316M->132M(7918M) 23.270ms
[177.941s][info][gc,cpu      ] GC(83) User=0.02s Sys=0.00s Real=0.02s
[180.037s][info][gc,start    ] GC(84) Pause Young (Allocation Failure)
[180.059s][info][gc,heap     ] GC(84) DefNew: 2302944K(2516544K)->65850K(2516544K) Eden: 2236928K(2236928K)->0K(2236928K) From: 66016K(279616K)->65850K(279616K)
[180.059s][info][gc,heap     ] GC(84) Tenured: 69564K(5592448K)->69564K(5592448K)
[180.059s][info][gc,metaspace] GC(84) Metaspace: 831K(960K)->831K(960K) NonClass: 777K(832K)->777K(832K) Class: 53K(128K)->53K(128K)
[180.059s][info][gc          ] GC(84) Pause Young (Allocation Failure) 2316M->132M(7918M) 22.701ms
[180.059s][info][gc,cpu      ] GC(84) User=0.02s Sys=0.00s Real=0.02s
[182.156s][info][gc,start    ] GC(85) Pause Young (Allocation Failure)
[182.183s][info][gc,heap     ] GC(85) DefNew: 2302778K(2516544K)->65880K(2516544K) Eden: 2236928K(2236928K)->0K(2236928K) From: 65850K(279616K)->65880K(279616K)
[182.183s][info][gc,heap     ] GC(85) Tenured: 69564K(5592448K)->69564K(5592448K)
[182.183s][info][gc,metaspace] GC(85) Metaspace: 831K(960K)->831K(960K) NonClass: 777K(832K)->777K(832K) Class: 53K(128K)->53K(128K)
[182.183s][info][gc          ] GC(85) Pause Young (Allocation Failure) 2316M->132M(7918M) 26.489ms
[182.183s][info][gc,cpu      ] GC(85) User=0.03s Sys=0.00s Real=0.02s
[184.276s][info][gc,start    ] GC(86) Pause Young (Allocation Failure)
[184.303s][info][gc,heap     ] GC(86) DefNew: 2302808K(2516544K)->66844K(2516544K) Eden: 2236928K(2236928K)->0K(2236928K) From: 65880K(279616K)->66844K(279616K)
[184.303s][info][gc,heap     ] GC(86) Tenured: 69564K(5592448K)->69564K(5592448K)
[184.303s][info][gc,metaspace] GC(86) Metaspace: 831K(960K)->831K(960K) NonClass: 777K(832K)->777K(832K) Class: 53K(128K)->53K(128K)
[184.303s][info][gc          ] GC(86) Pause Young (Allocation Failure) 2316M->133M(7918M) 26.777ms
[184.303s][info][gc,cpu      ] GC(86) User=0.02s Sys=0.00s Real=0.02s
[186.396s][info][gc,start    ] GC(87) Pause Young (Allocation Failure)
[186.421s][info][gc,heap     ] GC(87) DefNew: 2303772K(2516544K)->67104K(2516544K) Eden: 2236928K(2236928K)->0K(2236928K) From: 66844K(279616K)->67104K(279616K)
[186.421s][info][gc,heap     ] GC(87) Tenured: 69564K(5592448K)->69564K(5592448K)
[186.421s][info][gc,metaspace] GC(87) Metaspace: 831K(960K)->831K(960K) NonClass: 777K(832K)->777K(832K) Class: 53K(128K)->53K(128K)
[186.421s][info][gc          ] GC(87) Pause Young (Allocation Failure) 2317M->133M(7918M) 25.022ms
[186.421s][info][gc,cpu      ] GC(87) User=0.03s Sys=0.00s Real=0.02s
[188.517s][info][gc,start    ] GC(88) Pause Young (Allocation Failure)
[188.540s][info][gc,heap     ] GC(88) DefNew: 2304032K(2516544K)->67307K(2516544K) Eden: 2236928K(2236928K)->0K(2236928K) From: 67104K(279616K)->67307K(279616K)
[188.540s][info][gc,heap     ] GC(88) Tenured: 69564K(5592448K)->69564K(5592448K)
[188.540s][info][gc,metaspace] GC(88) Metaspace: 831K(960K)->831K(960K) NonClass: 777K(832K)->777K(832K) Class: 53K(128K)->53K(128K)
[188.540s][info][gc          ] GC(88) Pause Young (Allocation Failure) 2317M->133M(7918M) 23.689ms
[188.540s][info][gc,cpu      ] GC(88) User=0.03s Sys=0.00s Real=0.02s
[190.645s][info][gc,start    ] GC(89) Pause Young (Allocation Failure)
[190.666s][info][gc,heap     ] GC(89) DefNew: 2304235K(2516544K)->67220K(2516544K) Eden: 2236928K(2236928K)->0K(2236928K) From: 67307K(279616K)->67220K(279616K)
[190.666s][info][gc,heap     ] GC(89) Tenured: 69564K(5592448K)->69564K(5592448K)
[190.666s][info][gc,metaspace] GC(89) Metaspace: 831K(960K)->831K(960K) NonClass: 777K(832K)->777K(832K) Class: 53K(128K)->53K(128K)
[190.666s][info][gc          ] GC(89) Pause Young (Allocation Failure) 2318M->133M(7918M) 20.969ms
[190.666s][info][gc,cpu      ] GC(89) User=0.02s Sys=0.00s Real=0.02s
[192.765s][info][gc,start    ] GC(90) Pause Young (Allocation Failure)
[192.789s][info][gc,heap     ] GC(90) DefNew: 2304148K(2516544K)->67114K(2516544K) Eden: 2236928K(2236928K)->0K(2236928K) From: 67220K(279616K)->67114K(279616K)
[192.789s][info][gc,heap     ] GC(90) Tenured: 69564K(5592448K)->69564K(5592448K)
[192.789s][info][gc,metaspace] GC(90) Metaspace: 831K(960K)->831K(960K) NonClass: 777K(832K)->777K(832K) Class: 53K(128K)->53K(128K)
[192.789s][info][gc          ] GC(90) Pause Young (Allocation Failure) 2318M->133M(7918M) 24.083ms
[192.789s][info][gc,cpu      ] GC(90) User=0.03s Sys=0.00s Real=0.02s
[194.885s][info][gc,start    ] GC(91) Pause Young (Allocation Failure)
[194.909s][info][gc,heap     ] GC(91) DefNew: 2304042K(2516544K)->67282K(2516544K) Eden: 2236928K(2236928K)->0K(2236928K) From: 67114K(279616K)->67282K(279616K)
[194.909s][info][gc,heap     ] GC(91) Tenured: 69564K(5592448K)->69564K(5592448K)
[194.909s][info][gc,metaspace] GC(91) Metaspace: 831K(960K)->831K(960K) NonClass: 777K(832K)->777K(832K) Class: 53K(128K)->53K(128K)
[194.909s][info][gc          ] GC(91) Pause Young (Allocation Failure) 2317M->133M(7918M) 23.912ms
[194.909s][info][gc,cpu      ] GC(91) User=0.02s Sys=0.00s Real=0.02s
[197.005s][info][gc,start    ] GC(92) Pause Young (Allocation Failure)
[197.029s][info][gc,heap     ] GC(92) DefNew: 2304210K(2516544K)->67175K(2516544K) Eden: 2236928K(2236928K)->0K(2236928K) From: 67282K(279616K)->67175K(279616K)
[197.029s][info][gc,heap     ] GC(92) Tenured: 69564K(5592448K)->69564K(5592448K)
[197.029s][info][gc,metaspace] GC(92) Metaspace: 831K(960K)->831K(960K) NonClass: 777K(832K)->777K(832K) Class: 53K(128K)->53K(128K)
[197.029s][info][gc          ] GC(92) Pause Young (Allocation Failure) 2318M->133M(7918M) 23.892ms
[197.029s][info][gc,cpu      ] GC(92) User=0.03s Sys=0.00s Real=0.02s
[199.125s][info][gc,start    ] GC(93) Pause Young (Allocation Failure)
[199.150s][info][gc,heap     ] GC(93) DefNew: 2304103K(2516544K)->67145K(2516544K) Eden: 2236928K(2236928K)->0K(2236928K) From: 67175K(279616K)->67145K(279616K)
[199.150s][info][gc,heap     ] GC(93) Tenured: 69564K(5592448K)->69564K(5592448K)
[199.150s][info][gc,metaspace] GC(93) Metaspace: 831K(960K)->831K(960K) NonClass: 777K(832K)->777K(832K) Class: 53K(128K)->53K(128K)
[199.150s][info][gc          ] GC(93) Pause Young (Allocation Failure) 2318M->133M(7918M) 24.553ms
[199.150s][info][gc,cpu      ] GC(93) User=0.03s Sys=0.00s Real=0.02s
[201.246s][info][gc,start    ] GC(94) Pause Young (Allocation Failure)
[201.271s][info][gc,heap     ] GC(94) DefNew: 2304073K(2516544K)->67197K(2516544K) Eden: 2236928K(2236928K)->0K(2236928K) From: 67145K(279616K)->67197K(279616K)
[201.271s][info][gc,heap     ] GC(94) Tenured: 69564K(5592448K)->69564K(5592448K)
[201.271s][info][gc,metaspace] GC(94) Metaspace: 831K(960K)->831K(960K) NonClass: 777K(832K)->777K(832K) Class: 53K(128K)->53K(128K)
[201.271s][info][gc          ] GC(94) Pause Young (Allocation Failure) 2318M->133M(7918M) 24.624ms
[201.271s][info][gc,cpu      ] GC(94) User=0.02s Sys=0.00s Real=0.02s
[203.367s][info][gc,start    ] GC(95) Pause Young (Allocation Failure)
[203.392s][info][gc,heap     ] GC(95) DefNew: 2304125K(2516544K)->67278K(2516544K) Eden: 2236928K(2236928K)->0K(2236928K) From: 67197K(279616K)->67278K(279616K)
[203.392s][info][gc,heap     ] GC(95) Tenured: 69564K(5592448K)->69564K(5592448K)
[203.392s][info][gc,metaspace] GC(95) Metaspace: 831K(960K)->831K(960K) NonClass: 777K(832K)->777K(832K) Class: 53K(128K)->53K(128K)
[203.392s][info][gc          ] GC(95) Pause Young (Allocation Failure) 2318M->133M(7918M) 24.359ms
[203.392s][info][gc,cpu      ] GC(95) User=0.02s Sys=0.00s Real=0.02s
[205.487s][info][gc,start    ] GC(96) Pause Young (Allocation Failure)
[205.509s][info][gc,heap     ] GC(96) DefNew: 2304206K(2516544K)->67150K(2516544K) Eden: 2236928K(2236928K)->0K(2236928K) From: 67278K(279616K)->67150K(279616K)
[205.509s][info][gc,heap     ] GC(96) Tenured: 69564K(5592448K)->69564K(5592448K)
[205.509s][info][gc,metaspace] GC(96) Metaspace: 831K(960K)->831K(960K) NonClass: 777K(832K)->777K(832K) Class: 53K(128K)->53K(128K)
[205.509s][info][gc          ] GC(96) Pause Young (Allocation Failure) 2318M->133M(7918M) 22.803ms
[205.509s][info][gc,cpu      ] GC(96) User=0.03s Sys=0.00s Real=0.02s
[207.607s][info][gc,start    ] GC(97) Pause Young (Allocation Failure)
[207.630s][info][gc,heap     ] GC(97) DefNew: 2304078K(2516544K)->67151K(2516544K) Eden: 2236928K(2236928K)->0K(2236928K) From: 67150K(279616K)->67151K(279616K)
[207.630s][info][gc,heap     ] GC(97) Tenured: 69564K(5592448K)->69564K(5592448K)
[207.630s][info][gc,metaspace] GC(97) Metaspace: 831K(960K)->831K(960K) NonClass: 777K(832K)->777K(832K) Class: 53K(128K)->53K(128K)
[207.630s][info][gc          ] GC(97) Pause Young (Allocation Failure) 2318M->133M(7918M) 23.547ms
[207.630s][info][gc,cpu      ] GC(97) User=0.02s Sys=0.00s Real=0.02s
[209.726s][info][gc,start    ] GC(98) Pause Young (Allocation Failure)
[209.752s][info][gc,heap     ] GC(98) DefNew: 2304079K(2516544K)->67345K(2516544K) Eden: 2236928K(2236928K)->0K(2236928K) From: 67151K(279616K)->67345K(279616K)
[209.752s][info][gc,heap     ] GC(98) Tenured: 69564K(5592448K)->69564K(5592448K)
[209.752s][info][gc,metaspace] GC(98) Metaspace: 831K(960K)->831K(960K) NonClass: 777K(832K)->777K(832K) Class: 53K(128K)->53K(128K)
[209.752s][info][gc          ] GC(98) Pause Young (Allocation Failure) 2318M->133M(7918M) 25.511ms
[209.752s][info][gc,cpu      ] GC(98) User=0.03s Sys=0.00s Real=0.02s
[211.855s][info][gc,start    ] GC(99) Pause Young (Allocation Failure)
[211.879s][info][gc,heap     ] GC(99) DefNew: 2304273K(2516544K)->67255K(2516544K) Eden: 2236928K(2236928K)->0K(2236928K) From: 67345K(279616K)->67255K(279616K)
[211.879s][info][gc,heap     ] GC(99) Tenured: 69564K(5592448K)->69564K(5592448K)
[211.879s][info][gc,metaspace] GC(99) Metaspace: 831K(960K)->831K(960K) NonClass: 777K(832K)->777K(832K) Class: 53K(128K)->53K(128K)
[211.879s][info][gc          ] GC(99) Pause Young (Allocation Failure) 2318M->133M(7918M) 24.014ms
[211.879s][info][gc,cpu      ] GC(99) User=0.03s Sys=0.00s Real=0.02s
[213.976s][info][gc,start    ] GC(100) Pause Young (Allocation Failure)
[214.001s][info][gc,heap     ] GC(100) DefNew: 2304183K(2516544K)->67269K(2516544K) Eden: 2236928K(2236928K)->0K(2236928K) From: 67255K(279616K)->67269K(279616K)
[214.001s][info][gc,heap     ] GC(100) Tenured: 69564K(5592448K)->69566K(5592448K)
[214.001s][info][gc,metaspace] GC(100) Metaspace: 831K(960K)->831K(960K) NonClass: 777K(832K)->777K(832K) Class: 53K(128K)->53K(128K)
[214.001s][info][gc          ] GC(100) Pause Young (Allocation Failure) 2318M->133M(7918M) 24.951ms
[214.001s][info][gc,cpu      ] GC(100) User=0.02s Sys=0.00s Real=0.02s
[216.106s][info][gc,start    ] GC(101) Pause Young (Allocation Failure)
[216.128s][info][gc,heap     ] GC(101) DefNew: 2304197K(2516544K)->66233K(2516544K) Eden: 2236928K(2236928K)->0K(2236928K) From: 67269K(279616K)->66233K(279616K)
[216.128s][info][gc,heap     ] GC(101) Tenured: 69566K(5592448K)->70773K(5592448K)
[216.128s][info][gc,metaspace] GC(101) Metaspace: 831K(960K)->831K(960K) NonClass: 777K(832K)->777K(832K) Class: 53K(128K)->53K(128K)
[216.128s][info][gc          ] GC(101) Pause Young (Allocation Failure) 2318M->133M(7918M) 22.422ms
[216.128s][info][gc,cpu      ] GC(101) User=0.02s Sys=0.00s Real=0.02s
[218.235s][info][gc,start    ] GC(102) Pause Young (Allocation Failure)
[218.260s][info][gc,heap     ] GC(102) DefNew: 2303161K(2516544K)->65861K(2516544K) Eden: 2236928K(2236928K)->0K(2236928K) From: 66233K(279616K)->65861K(279616K)
[218.260s][info][gc,heap     ] GC(102) Tenured: 70773K(5592448K)->70893K(5592448K)
[218.260s][info][gc,metaspace] GC(102) Metaspace: 831K(960K)->831K(960K) NonClass: 777K(832K)->777K(832K) Class: 53K(128K)->53K(128K)
[218.260s][info][gc          ] GC(102) Pause Young (Allocation Failure) 2318M->133M(7918M) 24.474ms
[218.260s][info][gc,cpu      ] GC(102) User=0.02s Sys=0.00s Real=0.02s
[220.355s][info][gc,start    ] GC(103) Pause Young (Allocation Failure)
[220.378s][info][gc,heap     ] GC(103) DefNew: 2302789K(2516544K)->65894K(2516544K) Eden: 2236928K(2236928K)->0K(2236928K) From: 65861K(279616K)->65894K(279616K)
[220.378s][info][gc,heap     ] GC(103) Tenured: 70893K(5592448K)->70893K(5592448K)
[220.378s][info][gc,metaspace] GC(103) Metaspace: 831K(960K)->831K(960K) NonClass: 777K(832K)->777K(832K) Class: 53K(128K)->53K(128K)
[220.378s][info][gc          ] GC(103) Pause Young (Allocation Failure) 2318M->133M(7918M) 22.836ms
[220.378s][info][gc,cpu      ] GC(103) User=0.02s Sys=0.00s Real=0.02s
[222.467s][info][gc,start    ] GC(104) Pause Young (Allocation Failure)
[222.489s][info][gc,heap     ] GC(104) DefNew: 2302822K(2516544K)->65817K(2516544K) Eden: 2236928K(2236928K)->0K(2236928K) From: 65894K(279616K)->65817K(279616K)
[222.489s][info][gc,heap     ] GC(104) Tenured: 70893K(5592448K)->70893K(5592448K)
[222.489s][info][gc,metaspace] GC(104) Metaspace: 831K(960K)->831K(960K) NonClass: 777K(832K)->777K(832K) Class: 53K(128K)->53K(128K)
[222.489s][info][gc          ] GC(104) Pause Young (Allocation Failure) 2318M->133M(7918M) 22.307ms
[222.489s][info][gc,cpu      ] GC(104) User=0.02s Sys=0.00s Real=0.02s
[224.587s][info][gc,start    ] GC(105) Pause Young (Allocation Failure)
[224.609s][info][gc,heap     ] GC(105) DefNew: 2302745K(2516544K)->65854K(2516544K) Eden: 2236928K(2236928K)->0K(2236928K) From: 65817K(279616K)->65854K(279616K)
[224.609s][info][gc,heap     ] GC(105) Tenured: 70893K(5592448K)->70893K(5592448K)
[224.609s][info][gc,metaspace] GC(105) Metaspace: 831K(960K)->831K(960K) NonClass: 777K(832K)->777K(832K) Class: 53K(128K)->53K(128K)
[224.609s][info][gc          ] GC(105) Pause Young (Allocation Failure) 2318M->133M(7918M) 22.241ms
[224.609s][info][gc,cpu      ] GC(105) User=0.03s Sys=0.00s Real=0.02s
[226.716s][info][gc,start    ] GC(106) Pause Young (Allocation Failure)
[226.739s][info][gc,heap     ] GC(106) DefNew: 2302782K(2516544K)->65996K(2516544K) Eden: 2236928K(2236928K)->0K(2236928K) From: 65854K(279616K)->65996K(279616K)
[226.739s][info][gc,heap     ] GC(106) Tenured: 70893K(5592448K)->70893K(5592448K)
[226.739s][info][gc,metaspace] GC(106) Metaspace: 831K(960K)->831K(960K) NonClass: 777K(832K)->777K(832K) Class: 53K(128K)->53K(128K)
[226.739s][info][gc          ] GC(106) Pause Young (Allocation Failure) 2318M->133M(7918M) 23.496ms
[226.739s][info][gc,cpu      ] GC(106) User=0.03s Sys=0.00s Real=0.02s
[228.835s][info][gc,start    ] GC(107) Pause Young (Allocation Failure)
[228.859s][info][gc,heap     ] GC(107) DefNew: 2302924K(2516544K)->65839K(2516544K) Eden: 2236928K(2236928K)->0K(2236928K) From: 65996K(279616K)->65839K(279616K)
[228.859s][info][gc,heap     ] GC(107) Tenured: 70893K(5592448K)->70893K(5592448K)
[228.859s][info][gc,metaspace] GC(107) Metaspace: 831K(960K)->831K(960K) NonClass: 777K(832K)->777K(832K) Class: 53K(128K)->53K(128K)
[228.859s][info][gc          ] GC(107) Pause Young (Allocation Failure) 2318M->133M(7918M) 23.476ms
[228.859s][info][gc,cpu      ] GC(107) User=0.02s Sys=0.00s Real=0.02s
[230.955s][info][gc,start    ] GC(108) Pause Young (Allocation Failure)
[230.979s][info][gc,heap     ] GC(108) DefNew: 2302767K(2516544K)->65891K(2516544K) Eden: 2236928K(2236928K)->0K(2236928K) From: 65839K(279616K)->65891K(279616K)
[230.979s][info][gc,heap     ] GC(108) Tenured: 70893K(5592448K)->70893K(5592448K)
[230.979s][info][gc,metaspace] GC(108) Metaspace: 831K(960K)->831K(960K) NonClass: 777K(832K)->777K(832K) Class: 53K(128K)->53K(128K)
[230.979s][info][gc          ] GC(108) Pause Young (Allocation Failure) 2318M->133M(7918M) 23.610ms
[230.979s][info][gc,cpu      ] GC(108) User=0.02s Sys=0.00s Real=0.02s
[233.075s][info][gc,start    ] GC(109) Pause Young (Allocation Failure)
[233.099s][info][gc,heap     ] GC(109) DefNew: 2302819K(2516544K)->65869K(2516544K) Eden: 2236928K(2236928K)->0K(2236928K) From: 65891K(279616K)->65869K(279616K)
[233.100s][info][gc,heap     ] GC(109) Tenured: 70893K(5592448K)->70893K(5592448K)
[233.100s][info][gc,metaspace] GC(109) Metaspace: 831K(960K)->831K(960K) NonClass: 777K(832K)->777K(832K) Class: 53K(128K)->53K(128K)
[233.100s][info][gc          ] GC(109) Pause Young (Allocation Failure) 2318M->133M(7918M) 24.407ms
[233.100s][info][gc,cpu      ] GC(109) User=0.02s Sys=0.00s Real=0.02s
[235.195s][info][gc,start    ] GC(110) Pause Young (Allocation Failure)
[235.216s][info][gc,heap     ] GC(110) DefNew: 2302797K(2516544K)->65951K(2516544K) Eden: 2236928K(2236928K)->0K(2236928K) From: 65869K(279616K)->65951K(279616K)
[235.216s][info][gc,heap     ] GC(110) Tenured: 70893K(5592448K)->70893K(5592448K)
[235.216s][info][gc,metaspace] GC(110) Metaspace: 831K(960K)->831K(960K) NonClass: 777K(832K)->777K(832K) Class: 53K(128K)->53K(128K)
[235.217s][info][gc          ] GC(110) Pause Young (Allocation Failure) 2318M->133M(7918M) 21.297ms
[235.217s][info][gc,cpu      ] GC(110) User=0.02s Sys=0.00s Real=0.02s
[237.316s][info][gc,start    ] GC(111) Pause Young (Allocation Failure)
[237.339s][info][gc,heap     ] GC(111) DefNew: 2302879K(2516544K)->65878K(2516544K) Eden: 2236928K(2236928K)->0K(2236928K) From: 65951K(279616K)->65878K(279616K)
[237.339s][info][gc,heap     ] GC(111) Tenured: 70893K(5592448K)->70893K(5592448K)
[237.339s][info][gc,metaspace] GC(111) Metaspace: 831K(960K)->831K(960K) NonClass: 777K(832K)->777K(832K) Class: 53K(128K)->53K(128K)
[237.339s][info][gc          ] GC(111) Pause Young (Allocation Failure) 2318M->133M(7918M) 22.943ms
[237.339s][info][gc,cpu      ] GC(111) User=0.02s Sys=0.00s Real=0.02s
[239.445s][info][gc,start    ] GC(112) Pause Young (Allocation Failure)
[239.468s][info][gc,heap     ] GC(112) DefNew: 2302806K(2516544K)->65780K(2516544K) Eden: 2236928K(2236928K)->0K(2236928K) From: 65878K(279616K)->65780K(279616K)
[239.468s][info][gc,heap     ] GC(112) Tenured: 70893K(5592448K)->70893K(5592448K)
[239.468s][info][gc,metaspace] GC(112) Metaspace: 831K(960K)->831K(960K) NonClass: 777K(832K)->777K(832K) Class: 53K(128K)->53K(128K)
[239.468s][info][gc          ] GC(112) Pause Young (Allocation Failure) 2318M->133M(7918M) 22.926ms
[239.468s][info][gc,cpu      ] GC(112) User=0.02s Sys=0.00s Real=0.02s
[241.566s][info][gc,start    ] GC(113) Pause Young (Allocation Failure)
[241.592s][info][gc,heap     ] GC(113) DefNew: 2302708K(2516544K)->65870K(2516544K) Eden: 2236928K(2236928K)->0K(2236928K) From: 65780K(279616K)->65870K(279616K)
[241.592s][info][gc,heap     ] GC(113) Tenured: 70893K(5592448K)->70893K(5592448K)
[241.592s][info][gc,metaspace] GC(113) Metaspace: 831K(960K)->831K(960K) NonClass: 777K(832K)->777K(832K) Class: 53K(128K)->53K(128K)
[241.592s][info][gc          ] GC(113) Pause Young (Allocation Failure) 2317M->133M(7918M) 26.018ms
[241.592s][info][gc,cpu      ] GC(113) User=0.03s Sys=0.00s Real=0.03s
[243.687s][info][gc,start    ] GC(114) Pause Young (Allocation Failure)
[243.711s][info][gc,heap     ] GC(114) DefNew: 2302798K(2516544K)->67388K(2516544K) Eden: 2236928K(2236928K)->0K(2236928K) From: 65870K(279616K)->67388K(279616K)
[243.711s][info][gc,heap     ] GC(114) Tenured: 70893K(5592448K)->70893K(5592448K)
[243.711s][info][gc,metaspace] GC(114) Metaspace: 831K(960K)->831K(960K) NonClass: 777K(832K)->777K(832K) Class: 53K(128K)->53K(128K)
[243.711s][info][gc          ] GC(114) Pause Young (Allocation Failure) 2318M->135M(7918M) 24.352ms
[243.711s][info][gc,cpu      ] GC(114) User=0.03s Sys=0.00s Real=0.02s
[245.806s][info][gc,start    ] GC(115) Pause Young (Allocation Failure)
[245.831s][info][gc,heap     ] GC(115) DefNew: 2304316K(2516544K)->67230K(2516544K) Eden: 2236928K(2236928K)->0K(2236928K) From: 67388K(279616K)->67230K(279616K)
[245.831s][info][gc,heap     ] GC(115) Tenured: 70893K(5592448K)->70893K(5592448K)
[245.831s][info][gc,metaspace] GC(115) Metaspace: 831K(960K)->831K(960K) NonClass: 777K(832K)->777K(832K) Class: 53K(128K)->53K(128K)
[245.831s][info][gc          ] GC(115) Pause Young (Allocation Failure) 2319M->134M(7918M) 24.438ms
[245.831s][info][gc,cpu      ] GC(115) User=0.03s Sys=0.00s Real=0.02s
[247.926s][info][gc,start    ] GC(116) Pause Young (Allocation Failure)
[247.951s][info][gc,heap     ] GC(116) DefNew: 2304158K(2516544K)->67170K(2516544K) Eden: 2236928K(2236928K)->0K(2236928K) From: 67230K(279616K)->67170K(279616K)
[247.951s][info][gc,heap     ] GC(116) Tenured: 70893K(5592448K)->70893K(5592448K)
[247.951s][info][gc,metaspace] GC(116) Metaspace: 831K(960K)->831K(960K) NonClass: 777K(832K)->777K(832K) Class: 53K(128K)->53K(128K)
[247.951s][info][gc          ] GC(116) Pause Young (Allocation Failure) 2319M->134M(7918M) 25.325ms
[247.951s][info][gc,cpu      ] GC(116) User=0.02s Sys=0.00s Real=0.02s
[250.055s][info][gc,start    ] GC(117) Pause Young (Allocation Failure)
[250.079s][info][gc,heap     ] GC(117) DefNew: 2304098K(2516544K)->67235K(2516544K) Eden: 2236928K(2236928K)->0K(2236928K) From: 67170K(279616K)->67235K(279616K)
[250.079s][info][gc,heap     ] GC(117) Tenured: 70893K(5592448K)->70893K(5592448K)
[250.079s][info][gc,metaspace] GC(117) Metaspace: 831K(960K)->831K(960K) NonClass: 777K(832K)->777K(832K) Class: 53K(128K)->53K(128K)
[250.079s][info][gc          ] GC(117) Pause Young (Allocation Failure) 2319M->134M(7918M) 23.260ms
[250.079s][info][gc,cpu      ] GC(117) User=0.02s Sys=0.00s Real=0.02s
[252.175s][info][gc,start    ] GC(118) Pause Young (Allocation Failure)
[252.199s][info][gc,heap     ] GC(118) DefNew: 2304163K(2516544K)->67014K(2516544K) Eden: 2236928K(2236928K)->0K(2236928K) From: 67235K(279616K)->67014K(279616K)
[252.199s][info][gc,heap     ] GC(118) Tenured: 70893K(5592448K)->70893K(5592448K)
[252.199s][info][gc,metaspace] GC(118) Metaspace: 831K(960K)->831K(960K) NonClass: 777K(832K)->777K(832K) Class: 53K(128K)->53K(128K)
[252.199s][info][gc          ] GC(118) Pause Young (Allocation Failure) 2319M->134M(7918M) 23.681ms
[252.199s][info][gc,cpu      ] GC(118) User=0.03s Sys=0.00s Real=0.02s
[254.295s][info][gc,start    ] GC(119) Pause Young (Allocation Failure)
[254.319s][info][gc,heap     ] GC(119) DefNew: 2303942K(2516544K)->67192K(2516544K) Eden: 2236928K(2236928K)->0K(2236928K) From: 67014K(279616K)->67192K(279616K)
[254.319s][info][gc,heap     ] GC(119) Tenured: 70893K(5592448K)->70893K(5592448K)
[254.319s][info][gc,metaspace] GC(119) Metaspace: 831K(960K)->831K(960K) NonClass: 777K(832K)->777K(832K) Class: 53K(128K)->53K(128K)
[254.319s][info][gc          ] GC(119) Pause Young (Allocation Failure) 2319M->134M(7918M) 23.787ms
[254.319s][info][gc,cpu      ] GC(119) User=0.02s Sys=0.00s Real=0.02s
[256.416s][info][gc,start    ] GC(120) Pause Young (Allocation Failure)
[256.441s][info][gc,heap     ] GC(120) DefNew: 2304120K(2516544K)->67153K(2516544K) Eden: 2236928K(2236928K)->0K(2236928K) From: 67192K(279616K)->67153K(279616K)
[256.441s][info][gc,heap     ] GC(120) Tenured: 70893K(5592448K)->70893K(5592448K)
[256.441s][info][gc,metaspace] GC(120) Metaspace: 831K(960K)->831K(960K) NonClass: 777K(832K)->777K(832K) Class: 53K(128K)->53K(128K)
[256.441s][info][gc          ] GC(120) Pause Young (Allocation Failure) 2319M->134M(7918M) 25.343ms
[256.441s][info][gc,cpu      ] GC(120) User=0.02s Sys=0.00s Real=0.02s
[258.537s][info][gc,start    ] GC(121) Pause Young (Allocation Failure)
[258.560s][info][gc,heap     ] GC(121) DefNew: 2304081K(2516544K)->67127K(2516544K) Eden: 2236928K(2236928K)->0K(2236928K) From: 67153K(279616K)->67127K(279616K)
[258.560s][info][gc,heap     ] GC(121) Tenured: 70893K(5592448K)->70893K(5592448K)
[258.560s][info][gc,metaspace] GC(121) Metaspace: 831K(960K)->831K(960K) NonClass: 777K(832K)->777K(832K) Class: 53K(128K)->53K(128K)
[258.560s][info][gc          ] GC(121) Pause Young (Allocation Failure) 2319M->134M(7918M) 23.282ms
[258.560s][info][gc,cpu      ] GC(121) User=0.03s Sys=0.00s Real=0.02s
[260.656s][info][gc,start    ] GC(122) Pause Young (Allocation Failure)
[260.679s][info][gc,heap     ] GC(122) DefNew: 2304055K(2516544K)->67307K(2516544K) Eden: 2236928K(2236928K)->0K(2236928K) From: 67127K(279616K)->67307K(279616K)
[260.679s][info][gc,heap     ] GC(122) Tenured: 70893K(5592448K)->70893K(5592448K)
[260.679s][info][gc,metaspace] GC(122) Metaspace: 831K(960K)->831K(960K) NonClass: 777K(832K)->777K(832K) Class: 53K(128K)->53K(128K)
[260.679s][info][gc          ] GC(122) Pause Young (Allocation Failure) 2319M->134M(7918M) 23.095ms
[260.679s][info][gc,cpu      ] GC(122) User=0.02s Sys=0.00s Real=0.02s
[262.775s][info][gc,start    ] GC(123) Pause Young (Allocation Failure)
[262.798s][info][gc,heap     ] GC(123) DefNew: 2304235K(2516544K)->67386K(2516544K) Eden: 2236928K(2236928K)->0K(2236928K) From: 67307K(279616K)->67386K(279616K)
[262.798s][info][gc,heap     ] GC(123) Tenured: 70893K(5592448K)->70893K(5592448K)
[262.798s][info][gc,metaspace] GC(123) Metaspace: 831K(960K)->831K(960K) NonClass: 777K(832K)->777K(832K) Class: 53K(128K)->53K(128K)
[262.798s][info][gc          ] GC(123) Pause Young (Allocation Failure) 2319M->135M(7918M) 22.764ms
[262.798s][info][gc,cpu      ] GC(123) User=0.03s Sys=0.00s Real=0.02s
[264.896s][info][gc,start    ] GC(124) Pause Young (Allocation Failure)
[264.919s][info][gc,heap     ] GC(124) DefNew: 2304314K(2516544K)->67140K(2516544K) Eden: 2236928K(2236928K)->0K(2236928K) From: 67386K(279616K)->67140K(279616K)
[264.919s][info][gc,heap     ] GC(124) Tenured: 70893K(5592448K)->70893K(5592448K)
[264.919s][info][gc,metaspace] GC(124) Metaspace: 831K(960K)->831K(960K) NonClass: 777K(832K)->777K(832K) Class: 53K(128K)->53K(128K)
[264.919s][info][gc          ] GC(124) Pause Young (Allocation Failure) 2319M->134M(7918M) 23.578ms
[264.920s][info][gc,cpu      ] GC(124) User=0.02s Sys=0.00s Real=0.02s
[267.017s][info][gc,start    ] GC(125) Pause Young (Allocation Failure)
[267.041s][info][gc,heap     ] GC(125) DefNew: 2304068K(2516544K)->67260K(2516544K) Eden: 2236928K(2236928K)->0K(2236928K) From: 67140K(279616K)->67260K(279616K)
[267.041s][info][gc,heap     ] GC(125) Tenured: 70893K(5592448K)->70893K(5592448K)
[267.041s][info][gc,metaspace] GC(125) Metaspace: 831K(960K)->831K(960K) NonClass: 777K(832K)->777K(832K) Class: 53K(128K)->53K(128K)
[267.041s][info][gc          ] GC(125) Pause Young (Allocation Failure) 2319M->134M(7918M) 24.109ms
[267.041s][info][gc,cpu      ] GC(125) User=0.02s Sys=0.00s Real=0.03s
[269.146s][info][gc,start    ] GC(126) Pause Young (Allocation Failure)
[269.170s][info][gc,heap     ] GC(126) DefNew: 2304188K(2516544K)->67086K(2516544K) Eden: 2236928K(2236928K)->0K(2236928K) From: 67260K(279616K)->67086K(279616K)
[269.170s][info][gc,heap     ] GC(126) Tenured: 70893K(5592448K)->70893K(5592448K)
[269.170s][info][gc,metaspace] GC(126) Metaspace: 831K(960K)->831K(960K) NonClass: 777K(832K)->777K(832K) Class: 53K(128K)->53K(128K)
[269.170s][info][gc          ] GC(126) Pause Young (Allocation Failure) 2319M->134M(7918M) 24.095ms
[269.170s][info][gc,cpu      ] GC(126) User=0.02s Sys=0.00s Real=0.02s
[271.266s][info][gc,start    ] GC(127) Pause Young (Allocation Failure)
[271.291s][info][gc,heap     ] GC(127) DefNew: 2304014K(2516544K)->67139K(2516544K) Eden: 2236928K(2236928K)->0K(2236928K) From: 67086K(279616K)->67139K(279616K)
[271.291s][info][gc,heap     ] GC(127) Tenured: 70893K(5592448K)->70893K(5592448K)
[271.291s][info][gc,metaspace] GC(127) Metaspace: 831K(960K)->831K(960K) NonClass: 777K(832K)->777K(832K) Class: 53K(128K)->53K(128K)
[271.291s][info][gc          ] GC(127) Pause Young (Allocation Failure) 2319M->134M(7918M) 24.975ms
[271.291s][info][gc,cpu      ] GC(127) User=0.02s Sys=0.00s Real=0.03s
[273.386s][info][gc,start    ] GC(128) Pause Young (Allocation Failure)
[273.409s][info][gc,heap     ] GC(128) DefNew: 2304067K(2516544K)->67165K(2516544K) Eden: 2236928K(2236928K)->0K(2236928K) From: 67139K(279616K)->67165K(279616K)
[273.409s][info][gc,heap     ] GC(128) Tenured: 70893K(5592448K)->70895K(5592448K)
[273.409s][info][gc,metaspace] GC(128) Metaspace: 831K(960K)->831K(960K) NonClass: 777K(832K)->777K(832K) Class: 53K(128K)->53K(128K)
[273.410s][info][gc          ] GC(128) Pause Young (Allocation Failure) 2319M->134M(7918M) 23.238ms
[273.410s][info][gc,cpu      ] GC(128) User=0.02s Sys=0.00s Real=0.02s
[275.506s][info][gc,start    ] GC(129) Pause Young (Allocation Failure)
[275.530s][info][gc,heap     ] GC(129) DefNew: 2304093K(2516544K)->65779K(2516544K) Eden: 2236928K(2236928K)->0K(2236928K) From: 67165K(279616K)->65779K(279616K)
[275.530s][info][gc,heap     ] GC(129) Tenured: 70895K(5592448K)->72195K(5592448K)
[275.530s][info][gc,metaspace] GC(129) Metaspace: 831K(960K)->831K(960K) NonClass: 777K(832K)->777K(832K) Class: 53K(128K)->53K(128K)
[275.530s][info][gc          ] GC(129) Pause Young (Allocation Failure) 2319M->134M(7918M) 23.793ms
[275.530s][info][gc,cpu      ] GC(129) User=0.03s Sys=0.00s Real=0.02s
[277.627s][info][gc,start    ] GC(130) Pause Young (Allocation Failure)
[277.649s][info][gc,heap     ] GC(130) DefNew: 2302707K(2516544K)->65788K(2516544K) Eden: 2236928K(2236928K)->0K(2236928K) From: 65779K(279616K)->65788K(279616K)
[277.649s][info][gc,heap     ] GC(130) Tenured: 72195K(5592448K)->72195K(5592448K)
[277.649s][info][gc,metaspace] GC(130) Metaspace: 831K(960K)->831K(960K) NonClass: 777K(832K)->777K(832K) Class: 53K(128K)->53K(128K)
[277.649s][info][gc          ] GC(130) Pause Young (Allocation Failure) 2319M->134M(7918M) 22.331ms
[277.649s][info][gc,cpu      ] GC(130) User=0.02s Sys=0.00s Real=0.02s
[279.755s][info][gc,start    ] GC(131) Pause Young (Allocation Failure)
[279.778s][info][gc,heap     ] GC(131) DefNew: 2302716K(2516544K)->65775K(2516544K) Eden: 2236928K(2236928K)->0K(2236928K) From: 65788K(279616K)->65775K(279616K)
[279.778s][info][gc,heap     ] GC(131) Tenured: 72195K(5592448K)->72195K(5592448K)
[279.778s][info][gc,metaspace] GC(131) Metaspace: 831K(960K)->831K(960K) NonClass: 777K(832K)->777K(832K) Class: 53K(128K)->53K(128K)
[279.778s][info][gc          ] GC(131) Pause Young (Allocation Failure) 2319M->134M(7918M) 22.346ms
[279.778s][info][gc,cpu      ] GC(131) User=0.02s Sys=0.00s Real=0.02s
[281.867s][info][gc,start    ] GC(132) Pause Young (Allocation Failure)
[281.889s][info][gc,heap     ] GC(132) DefNew: 2302703K(2516544K)->65898K(2516544K) Eden: 2236928K(2236928K)->0K(2236928K) From: 65775K(279616K)->65898K(279616K)
[281.890s][info][gc,heap     ] GC(132) Tenured: 72195K(5592448K)->72195K(5592448K)
[281.890s][info][gc,metaspace] GC(132) Metaspace: 831K(960K)->831K(960K) NonClass: 777K(832K)->777K(832K) Class: 53K(128K)->53K(128K)
[281.890s][info][gc          ] GC(132) Pause Young (Allocation Failure) 2319M->134M(7918M) 22.304ms
[281.890s][info][gc,cpu      ] GC(132) User=0.02s Sys=0.00s Real=0.02s
[283.995s][info][gc,start    ] GC(133) Pause Young (Allocation Failure)
[284.018s][info][gc,heap     ] GC(133) DefNew: 2302826K(2516544K)->65990K(2516544K) Eden: 2236928K(2236928K)->0K(2236928K) From: 65898K(279616K)->65990K(279616K)
[284.018s][info][gc,heap     ] GC(133) Tenured: 72195K(5592448K)->72195K(5592448K)
[284.018s][info][gc,metaspace] GC(133) Metaspace: 831K(960K)->831K(960K) NonClass: 777K(832K)->777K(832K) Class: 53K(128K)->53K(128K)
[284.018s][info][gc          ] GC(133) Pause Young (Allocation Failure) 2319M->134M(7918M) 22.887ms
[284.018s][info][gc,cpu      ] GC(133) User=0.02s Sys=0.00s Real=0.02s
[286.116s][info][gc,start    ] GC(134) Pause Young (Allocation Failure)
[286.140s][info][gc,heap     ] GC(134) DefNew: 2302918K(2516544K)->65832K(2516544K) Eden: 2236928K(2236928K)->0K(2236928K) From: 65990K(279616K)->65832K(279616K)
[286.140s][info][gc,heap     ] GC(134) Tenured: 72195K(5592448K)->72195K(5592448K)
[286.140s][info][gc,metaspace] GC(134) Metaspace: 831K(960K)->831K(960K) NonClass: 777K(832K)->777K(832K) Class: 53K(128K)->53K(128K)
[286.140s][info][gc          ] GC(134) Pause Young (Allocation Failure) 2319M->134M(7918M) 23.355ms
[286.140s][info][gc,cpu      ] GC(134) User=0.02s Sys=0.00s Real=0.02s
[288.237s][info][gc,start    ] GC(135) Pause Young (Allocation Failure)
[288.258s][info][gc,heap     ] GC(135) DefNew: 2302760K(2516544K)->65819K(2516544K) Eden: 2236928K(2236928K)->0K(2236928K) From: 65832K(279616K)->65819K(279616K)
[288.258s][info][gc,heap     ] GC(135) Tenured: 72195K(5592448K)->72195K(5592448K)
[288.258s][info][gc,metaspace] GC(135) Metaspace: 831K(960K)->831K(960K) NonClass: 777K(832K)->777K(832K) Class: 53K(128K)->53K(128K)
[288.258s][info][gc          ] GC(135) Pause Young (Allocation Failure) 2319M->134M(7918M) 21.569ms
[288.258s][info][gc,cpu      ] GC(135) User=0.03s Sys=0.00s Real=0.02s
[290.365s][info][gc,start    ] GC(136) Pause Young (Allocation Failure)
[290.388s][info][gc,heap     ] GC(136) DefNew: 2302747K(2516544K)->65980K(2516544K) Eden: 2236928K(2236928K)->0K(2236928K) From: 65819K(279616K)->65980K(279616K)
[290.388s][info][gc,heap     ] GC(136) Tenured: 72195K(5592448K)->72195K(5592448K)
[290.388s][info][gc,metaspace] GC(136) Metaspace: 831K(960K)->831K(960K) NonClass: 777K(832K)->777K(832K) Class: 53K(128K)->53K(128K)
[290.388s][info][gc          ] GC(136) Pause Young (Allocation Failure) 2319M->134M(7918M) 22.492ms
[290.388s][info][gc,cpu      ] GC(136) User=0.02s Sys=0.00s Real=0.02s
[292.485s][info][gc,start    ] GC(137) Pause Young (Allocation Failure)
[292.507s][info][gc,heap     ] GC(137) DefNew: 2302908K(2516544K)->65927K(2516544K) Eden: 2236928K(2236928K)->0K(2236928K) From: 65980K(279616K)->65927K(279616K)
[292.507s][info][gc,heap     ] GC(137) Tenured: 72195K(5592448K)->72195K(5592448K)
[292.507s][info][gc,metaspace] GC(137) Metaspace: 831K(960K)->831K(960K) NonClass: 777K(832K)->777K(832K) Class: 53K(128K)->53K(128K)
[292.507s][info][gc          ] GC(137) Pause Young (Allocation Failure) 2319M->134M(7918M) 22.005ms
[292.507s][info][gc,cpu      ] GC(137) User=0.02s Sys=0.00s Real=0.02s
[294.597s][info][gc,start    ] GC(138) Pause Young (Allocation Failure)
[294.618s][info][gc,heap     ] GC(138) DefNew: 2302855K(2516544K)->65795K(2516544K) Eden: 2236928K(2236928K)->0K(2236928K) From: 65927K(279616K)->65795K(279616K)
[294.618s][info][gc,heap     ] GC(138) Tenured: 72195K(5592448K)->72195K(5592448K)
[294.618s][info][gc,metaspace] GC(138) Metaspace: 831K(960K)->831K(960K) NonClass: 777K(832K)->777K(832K) Class: 53K(128K)->53K(128K)
[294.618s][info][gc          ] GC(138) Pause Young (Allocation Failure) 2319M->134M(7918M) 21.004ms
[294.618s][info][gc,cpu      ] GC(138) User=0.02s Sys=0.00s Real=0.02s
[296.725s][info][gc,start    ] GC(139) Pause Young (Allocation Failure)
[296.747s][info][gc,heap     ] GC(139) DefNew: 2302723K(2516544K)->65882K(2516544K) Eden: 2236928K(2236928K)->0K(2236928K) From: 65795K(279616K)->65882K(279616K)
[296.747s][info][gc,heap     ] GC(139) Tenured: 72195K(5592448K)->72195K(5592448K)
[296.747s][info][gc,metaspace] GC(139) Metaspace: 831K(960K)->831K(960K) NonClass: 777K(832K)->777K(832K) Class: 53K(128K)->53K(128K)
[296.747s][info][gc          ] GC(139) Pause Young (Allocation Failure) 2319M->134M(7918M) 21.838ms
[296.747s][info][gc,cpu      ] GC(139) User=0.02s Sys=0.00s Real=0.02s
[298.846s][info][gc,start    ] GC(140) Pause Young (Allocation Failure)
[298.868s][info][gc,heap     ] GC(140) DefNew: 2302810K(2516544K)->65869K(2516544K) Eden: 2236928K(2236928K)->0K(2236928K) From: 65882K(279616K)->65869K(279616K)
[298.868s][info][gc,heap     ] GC(140) Tenured: 72195K(5592448K)->72195K(5592448K)
[298.868s][info][gc,metaspace] GC(140) Metaspace: 831K(960K)->831K(960K) NonClass: 777K(832K)->777K(832K) Class: 53K(128K)->53K(128K)
[298.869s][info][gc          ] GC(140) Pause Young (Allocation Failure) 2319M->134M(7918M) 22.941ms
[298.869s][info][gc,cpu      ] GC(140) User=0.02s Sys=0.00s Real=0.02s
[300.966s][info][gc,start    ] GC(141) Pause Young (Allocation Failure)
[300.990s][info][gc,heap     ] GC(141) DefNew: 2302797K(2516544K)->65868K(2516544K) Eden: 2236928K(2236928K)->0K(2236928K) From: 65869K(279616K)->65868K(279616K)
[300.990s][info][gc,heap     ] GC(141) Tenured: 72195K(5592448K)->72195K(5592448K)
[300.990s][info][gc,metaspace] GC(141) Metaspace: 831K(960K)->831K(960K) NonClass: 777K(832K)->777K(832K) Class: 53K(128K)->53K(128K)
[300.990s][info][gc          ] GC(141) Pause Young (Allocation Failure) 2319M->134M(7918M) 23.779ms
[300.990s][info][gc,cpu      ] GC(141) User=0.02s Sys=0.00s Real=0.02s
[303.086s][info][gc,start    ] GC(142) Pause Young (Allocation Failure)
[303.107s][info][gc,heap     ] GC(142) DefNew: 2302796K(2516544K)->65779K(2516544K) Eden: 2236928K(2236928K)->0K(2236928K) From: 65868K(279616K)->65779K(279616K)
[303.107s][info][gc,heap     ] GC(142) Tenured: 72195K(5592448K)->72195K(5592448K)
[303.107s][info][gc,metaspace] GC(142) Metaspace: 831K(960K)->831K(960K) NonClass: 777K(832K)->777K(832K) Class: 53K(128K)->53K(128K)
[303.107s][info][gc          ] GC(142) Pause Young (Allocation Failure) 2319M->134M(7918M) 21.038ms
[303.107s][info][gc,cpu      ] GC(142) User=0.02s Sys=0.00s Real=0.02s
[305.206s][info][gc,start    ] GC(143) Pause Young (Allocation Failure)
[305.230s][info][gc,heap     ] GC(143) DefNew: 2302707K(2516544K)->67064K(2516544K) Eden: 2236928K(2236928K)->0K(2236928K) From: 65779K(279616K)->67064K(279616K)
[305.230s][info][gc,heap     ] GC(143) Tenured: 72195K(5592448K)->72195K(5592448K)
[305.230s][info][gc,metaspace] GC(143) Metaspace: 831K(960K)->831K(960K) NonClass: 777K(832K)->777K(832K) Class: 53K(128K)->53K(128K)
[305.230s][info][gc          ] GC(143) Pause Young (Allocation Failure) 2319M->135M(7918M) 23.944ms
[305.230s][info][gc,cpu      ] GC(143) User=0.02s Sys=0.00s Real=0.03s
[307.336s][info][gc,start    ] GC(144) Pause Young (Allocation Failure)
[307.358s][info][gc,heap     ] GC(144) DefNew: 2303992K(2516544K)->67201K(2516544K) Eden: 2236928K(2236928K)->0K(2236928K) From: 67064K(279616K)->67201K(279616K)
[307.358s][info][gc,heap     ] GC(144) Tenured: 72195K(5592448K)->72195K(5592448K)
[307.358s][info][gc,metaspace] GC(144) Metaspace: 831K(960K)->831K(960K) NonClass: 777K(832K)->777K(832K) Class: 53K(128K)->53K(128K)
[307.358s][info][gc          ] GC(144) Pause Young (Allocation Failure) 2320M->136M(7918M) 21.731ms
[307.358s][info][gc,cpu      ] GC(144) User=0.02s Sys=0.00s Real=0.02s
[309.455s][info][gc,start    ] GC(145) Pause Young (Allocation Failure)
[309.477s][info][gc,heap     ] GC(145) DefNew: 2304129K(2516544K)->67099K(2516544K) Eden: 2236928K(2236928K)->0K(2236928K) From: 67201K(279616K)->67099K(279616K)
[309.477s][info][gc,heap     ] GC(145) Tenured: 72195K(5592448K)->72195K(5592448K)
[309.477s][info][gc,metaspace] GC(145) Metaspace: 831K(960K)->831K(960K) NonClass: 777K(832K)->777K(832K) Class: 53K(128K)->53K(128K)
[309.478s][info][gc          ] GC(145) Pause Young (Allocation Failure) 2320M->136M(7918M) 22.215ms
[309.478s][info][gc,cpu      ] GC(145) User=0.02s Sys=0.00s Real=0.02s
[311.567s][info][gc,start    ] GC(146) Pause Young (Allocation Failure)
[311.589s][info][gc,heap     ] GC(146) DefNew: 2304027K(2516544K)->67390K(2516544K) Eden: 2236928K(2236928K)->0K(2236928K) From: 67099K(279616K)->67390K(279616K)
[311.589s][info][gc,heap     ] GC(146) Tenured: 72195K(5592448K)->72195K(5592448K)
[311.589s][info][gc,metaspace] GC(146) Metaspace: 831K(960K)->831K(960K) NonClass: 777K(832K)->777K(832K) Class: 53K(128K)->53K(128K)
[311.589s][info][gc          ] GC(146) Pause Young (Allocation Failure) 2320M->136M(7918M) 21.983ms
[311.589s][info][gc,cpu      ] GC(146) User=0.03s Sys=0.00s Real=0.02s
[313.687s][info][gc,start    ] GC(147) Pause Young (Allocation Failure)
[313.709s][info][gc,heap     ] GC(147) DefNew: 2304318K(2516544K)->67231K(2516544K) Eden: 2236928K(2236928K)->0K(2236928K) From: 67390K(279616K)->67231K(279616K)
[313.709s][info][gc,heap     ] GC(147) Tenured: 72195K(5592448K)->72195K(5592448K)
[313.709s][info][gc,metaspace] GC(147) Metaspace: 831K(960K)->831K(960K) NonClass: 777K(832K)->777K(832K) Class: 53K(128K)->53K(128K)
[313.709s][info][gc          ] GC(147) Pause Young (Allocation Failure) 2320M->136M(7918M) 21.964ms
[313.709s][info][gc,cpu      ] GC(147) User=0.02s Sys=0.00s Real=0.02s
[315.816s][info][gc,start    ] GC(148) Pause Young (Allocation Failure)
[315.840s][info][gc,heap     ] GC(148) DefNew: 2304159K(2516544K)->67198K(2516544K) Eden: 2236928K(2236928K)->0K(2236928K) From: 67231K(279616K)->67198K(279616K)
[315.840s][info][gc,heap     ] GC(148) Tenured: 72195K(5592448K)->72195K(5592448K)
[315.840s][info][gc,metaspace] GC(148) Metaspace: 831K(960K)->831K(960K) NonClass: 777K(832K)->777K(832K) Class: 53K(128K)->53K(128K)
[315.840s][info][gc          ] GC(148) Pause Young (Allocation Failure) 2320M->136M(7918M) 23.617ms
[315.840s][info][gc,cpu      ] GC(148) User=0.02s Sys=0.00s Real=0.03s
[317.937s][info][gc,start    ] GC(149) Pause Young (Allocation Failure)
[317.959s][info][gc,heap     ] GC(149) DefNew: 2304126K(2516544K)->67129K(2516544K) Eden: 2236928K(2236928K)->0K(2236928K) From: 67198K(279616K)->67129K(279616K)
[317.959s][info][gc,heap     ] GC(149) Tenured: 72195K(5592448K)->72195K(5592448K)
[317.959s][info][gc,metaspace] GC(149) Metaspace: 831K(960K)->831K(960K) NonClass: 777K(832K)->777K(832K) Class: 53K(128K)->53K(128K)
[317.959s][info][gc          ] GC(149) Pause Young (Allocation Failure) 2320M->136M(7918M) 22.266ms
[317.959s][info][gc,cpu      ] GC(149) User=0.02s Sys=0.00s Real=0.02s
[320.056s][info][gc,start    ] GC(150) Pause Young (Allocation Failure)
[320.077s][info][gc,heap     ] GC(150) DefNew: 2304057K(2516544K)->67232K(2516544K) Eden: 2236928K(2236928K)->0K(2236928K) From: 67129K(279616K)->67232K(279616K)
[320.077s][info][gc,heap     ] GC(150) Tenured: 72195K(5592448K)->72195K(5592448K)
[320.077s][info][gc,metaspace] GC(150) Metaspace: 831K(960K)->831K(960K) NonClass: 777K(832K)->777K(832K) Class: 53K(128K)->53K(128K)
[320.078s][info][gc          ] GC(150) Pause Young (Allocation Failure) 2320M->136M(7918M) 21.866ms
[320.078s][info][gc,cpu      ] GC(150) User=0.02s Sys=0.00s Real=0.02s
[322.176s][info][gc,start    ] GC(151) Pause Young (Allocation Failure)
[322.199s][info][gc,heap     ] GC(151) DefNew: 2304160K(2516544K)->67292K(2516544K) Eden: 2236928K(2236928K)->0K(2236928K) From: 67232K(279616K)->67292K(279616K)
[322.199s][info][gc,heap     ] GC(151) Tenured: 72195K(5592448K)->72195K(5592448K)
[322.199s][info][gc,metaspace] GC(151) Metaspace: 831K(960K)->831K(960K) NonClass: 777K(832K)->777K(832K) Class: 53K(128K)->53K(128K)
[322.199s][info][gc          ] GC(151) Pause Young (Allocation Failure) 2320M->136M(7918M) 22.701ms
[322.199s][info][gc,cpu      ] GC(151) User=0.02s Sys=0.00s Real=0.02s
[324.296s][info][gc,start    ] GC(152) Pause Young (Allocation Failure)
[324.318s][info][gc,heap     ] GC(152) DefNew: 2304220K(2516544K)->67281K(2516544K) Eden: 2236928K(2236928K)->0K(2236928K) From: 67292K(279616K)->67281K(279616K)
[324.318s][info][gc,heap     ] GC(152) Tenured: 72195K(5592448K)->72195K(5592448K)
[324.318s][info][gc,metaspace] GC(152) Metaspace: 831K(960K)->831K(960K) NonClass: 777K(832K)->777K(832K) Class: 53K(128K)->53K(128K)
[324.318s][info][gc          ] GC(152) Pause Young (Allocation Failure) 2320M->136M(7918M) 22.041ms
[324.318s][info][gc,cpu      ] GC(152) User=0.02s Sys=0.00s Real=0.02s
[326.426s][info][gc,start    ] GC(153) Pause Young (Allocation Failure)
[326.448s][info][gc,heap     ] GC(153) DefNew: 2304209K(2516544K)->67220K(2516544K) Eden: 2236928K(2236928K)->0K(2236928K) From: 67281K(279616K)->67220K(279616K)
[326.448s][info][gc,heap     ] GC(153) Tenured: 72195K(5592448K)->72195K(5592448K)
[326.448s][info][gc,metaspace] GC(153) Metaspace: 831K(960K)->831K(960K) NonClass: 777K(832K)->777K(832K) Class: 53K(128K)->53K(128K)
[326.448s][info][gc          ] GC(153) Pause Young (Allocation Failure) 2320M->136M(7918M) 22.405ms
[326.448s][info][gc,cpu      ] GC(153) User=0.02s Sys=0.00s Real=0.02s
[328.547s][info][gc,start    ] GC(154) Pause Young (Allocation Failure)
[328.569s][info][gc,heap     ] GC(154) DefNew: 2304148K(2516544K)->67120K(2516544K) Eden: 2236928K(2236928K)->0K(2236928K) From: 67220K(279616K)->67120K(279616K)
[328.569s][info][gc,heap     ] GC(154) Tenured: 72195K(5592448K)->72195K(5592448K)
[328.569s][info][gc,metaspace] GC(154) Metaspace: 831K(960K)->831K(960K) NonClass: 777K(832K)->777K(832K) Class: 53K(128K)->53K(128K)
[328.569s][info][gc          ] GC(154) Pause Young (Allocation Failure) 2320M->136M(7918M) 22.126ms
[328.569s][info][gc,cpu      ] GC(154) User=0.02s Sys=0.00s Real=0.02s
[330.666s][info][gc,start    ] GC(155) Pause Young (Allocation Failure)
[330.688s][info][gc,heap     ] GC(155) DefNew: 2304048K(2516544K)->67115K(2516544K) Eden: 2236928K(2236928K)->0K(2236928K) From: 67120K(279616K)->67115K(279616K)
[330.689s][info][gc,heap     ] GC(155) Tenured: 72195K(5592448K)->72195K(5592448K)
[330.689s][info][gc,metaspace] GC(155) Metaspace: 831K(960K)->831K(960K) NonClass: 777K(832K)->777K(832K) Class: 53K(128K)->53K(128K)
[330.689s][info][gc          ] GC(155) Pause Young (Allocation Failure) 2320M->136M(7918M) 22.077ms
[330.689s][info][gc,cpu      ] GC(155) User=0.02s Sys=0.00s Real=0.02s
[332.786s][info][gc,start    ] GC(156) Pause Young (Allocation Failure)
[332.808s][info][gc,heap     ] GC(156) DefNew: 2304043K(2516544K)->67002K(2516544K) Eden: 2236928K(2236928K)->0K(2236928K) From: 67115K(279616K)->67002K(279616K)
[332.808s][info][gc,heap     ] GC(156) Tenured: 72195K(5592448K)->72195K(5592448K)
[332.808s][info][gc,metaspace] GC(156) Metaspace: 831K(960K)->831K(960K) NonClass: 777K(832K)->777K(832K) Class: 53K(128K)->53K(128K)
[332.808s][info][gc          ] GC(156) Pause Young (Allocation Failure) 2320M->135M(7918M) 22.235ms
[332.808s][info][gc,cpu      ] GC(156) User=0.03s Sys=0.00s Real=0.02s
[334.906s][info][gc,start    ] GC(157) Pause Young (Allocation Failure)
[334.928s][info][gc,heap     ] GC(157) DefNew: 2303930K(2516544K)->67242K(2516544K) Eden: 2236928K(2236928K)->0K(2236928K) From: 67002K(279616K)->67242K(279616K)
[334.928s][info][gc,heap     ] GC(157) Tenured: 72195K(5592448K)->72202K(5592448K)
[334.928s][info][gc,metaspace] GC(157) Metaspace: 831K(960K)->831K(960K) NonClass: 777K(832K)->777K(832K) Class: 53K(128K)->53K(128K)
[334.928s][info][gc          ] GC(157) Pause Young (Allocation Failure) 2320M->136M(7918M) 22.125ms
[334.928s][info][gc,cpu      ] GC(157) User=0.02s Sys=0.00s Real=0.02s
[337.035s][info][gc,start    ] GC(158) Pause Young (Allocation Failure)
[337.058s][info][gc,heap     ] GC(158) DefNew: 2304170K(2516544K)->65989K(2516544K) Eden: 2236928K(2236928K)->0K(2236928K) From: 67242K(279616K)->65989K(279616K)
[337.058s][info][gc,heap     ] GC(158) Tenured: 72202K(5592448K)->73489K(5592448K)
[337.058s][info][gc,metaspace] GC(158) Metaspace: 831K(960K)->831K(960K) NonClass: 777K(832K)->777K(832K) Class: 53K(128K)->53K(128K)
[337.058s][info][gc          ] GC(158) Pause Young (Allocation Failure) 2320M->136M(7918M) 22.906ms
[337.058s][info][gc,cpu      ] GC(158) User=0.03s Sys=0.00s Real=0.02s
[339.156s][info][gc,start    ] GC(159) Pause Young (Allocation Failure)
[339.177s][info][gc,heap     ] GC(159) DefNew: 2302917K(2516544K)->65987K(2516544K) Eden: 2236928K(2236928K)->0K(2236928K) From: 65989K(279616K)->65987K(279616K)
[339.177s][info][gc,heap     ] GC(159) Tenured: 73489K(5592448K)->73489K(5592448K)
[339.177s][info][gc,metaspace] GC(159) Metaspace: 831K(960K)->831K(960K) NonClass: 777K(832K)->777K(832K) Class: 53K(128K)->53K(128K)
[339.178s][info][gc          ] GC(159) Pause Young (Allocation Failure) 2320M->136M(7918M) 21.115ms
[339.178s][info][gc,cpu      ] GC(159) User=0.02s Sys=0.00s Real=0.02s
[341.277s][info][gc,start    ] GC(160) Pause Young (Allocation Failure)
[341.298s][info][gc,heap     ] GC(160) DefNew: 2302915K(2516544K)->65795K(2516544K) Eden: 2236928K(2236928K)->0K(2236928K) From: 65987K(279616K)->65795K(279616K)
[341.298s][info][gc,heap     ] GC(160) Tenured: 73489K(5592448K)->73489K(5592448K)
[341.298s][info][gc,metaspace] GC(160) Metaspace: 831K(960K)->831K(960K) NonClass: 777K(832K)->777K(832K) Class: 53K(128K)->53K(128K)
[341.298s][info][gc          ] GC(160) Pause Young (Allocation Failure) 2320M->136M(7918M) 21.220ms
[341.298s][info][gc,cpu      ] GC(160) User=0.02s Sys=0.00s Real=0.02s
[343.396s][info][gc,start    ] GC(161) Pause Young (Allocation Failure)
[343.416s][info][gc,heap     ] GC(161) DefNew: 2302723K(2516544K)->65915K(2516544K) Eden: 2236928K(2236928K)->0K(2236928K) From: 65795K(279616K)->65915K(279616K)
[343.416s][info][gc,heap     ] GC(161) Tenured: 73489K(5592448K)->73489K(5592448K)
[343.416s][info][gc,metaspace] GC(161) Metaspace: 831K(960K)->831K(960K) NonClass: 777K(832K)->777K(832K) Class: 53K(128K)->53K(128K)
[343.416s][info][gc          ] GC(161) Pause Young (Allocation Failure) 2320M->136M(7918M) 19.771ms
[343.416s][info][gc,cpu      ] GC(161) User=0.02s Sys=0.00s Real=0.02s
[345.516s][info][gc,start    ] GC(162) Pause Young (Allocation Failure)
[345.538s][info][gc,heap     ] GC(162) DefNew: 2302843K(2516544K)->65832K(2516544K) Eden: 2236928K(2236928K)->0K(2236928K) From: 65915K(279616K)->65832K(279616K)
[345.538s][info][gc,heap     ] GC(162) Tenured: 73489K(5592448K)->73489K(5592448K)
[345.538s][info][gc,metaspace] GC(162) Metaspace: 831K(960K)->831K(960K) NonClass: 777K(832K)->777K(832K) Class: 53K(128K)->53K(128K)
[345.538s][info][gc          ] GC(162) Pause Young (Allocation Failure) 2320M->136M(7918M) 21.830ms
[345.538s][info][gc,cpu      ] GC(162) User=0.03s Sys=0.00s Real=0.02s
[347.637s][info][gc,start    ] GC(163) Pause Young (Allocation Failure)
[347.657s][info][gc,heap     ] GC(163) DefNew: 2302760K(2516544K)->65836K(2516544K) Eden: 2236928K(2236928K)->0K(2236928K) From: 65832K(279616K)->65836K(279616K)
[347.657s][info][gc,heap     ] GC(163) Tenured: 73489K(5592448K)->73489K(5592448K)
[347.657s][info][gc,metaspace] GC(163) Metaspace: 831K(960K)->831K(960K) NonClass: 777K(832K)->777K(832K) Class: 53K(128K)->53K(128K)
[347.657s][info][gc          ] GC(163) Pause Young (Allocation Failure) 2320M->136M(7918M) 20.325ms
[347.657s][info][gc,cpu      ] GC(163) User=0.02s Sys=0.00s Real=0.02s
[349.766s][info][gc,start    ] GC(164) Pause Young (Allocation Failure)
[349.788s][info][gc,heap     ] GC(164) DefNew: 2302764K(2516544K)->65853K(2516544K) Eden: 2236928K(2236928K)->0K(2236928K) From: 65836K(279616K)->65853K(279616K)
[349.788s][info][gc,heap     ] GC(164) Tenured: 73489K(5592448K)->73489K(5592448K)
[349.788s][info][gc,metaspace] GC(164) Metaspace: 831K(960K)->831K(960K) NonClass: 777K(832K)->777K(832K) Class: 53K(128K)->53K(128K)
[349.788s][info][gc          ] GC(164) Pause Young (Allocation Failure) 2320M->136M(7918M) 21.624ms
[349.788s][info][gc,cpu      ] GC(164) User=0.02s Sys=0.00s Real=0.02s
[351.886s][info][gc,start    ] GC(165) Pause Young (Allocation Failure)
[351.907s][info][gc,heap     ] GC(165) DefNew: 2302781K(2516544K)->65861K(2516544K) Eden: 2236928K(2236928K)->0K(2236928K) From: 65853K(279616K)->65861K(279616K)
[351.907s][info][gc,heap     ] GC(165) Tenured: 73489K(5592448K)->73489K(5592448K)
[351.907s][info][gc,metaspace] GC(165) Metaspace: 831K(960K)->831K(960K) NonClass: 777K(832K)->777K(832K) Class: 53K(128K)->53K(128K)
[351.907s][info][gc          ] GC(165) Pause Young (Allocation Failure) 2320M->136M(7918M) 21.096ms
[351.907s][info][gc,cpu      ] GC(165) User=0.02s Sys=0.00s Real=0.02s
[353.997s][info][gc,start    ] GC(166) Pause Young (Allocation Failure)
[354.019s][info][gc,heap     ] GC(166) DefNew: 2302789K(2516544K)->65878K(2516544K) Eden: 2236928K(2236928K)->0K(2236928K) From: 65861K(279616K)->65878K(279616K)
[354.019s][info][gc,heap     ] GC(166) Tenured: 73489K(5592448K)->73489K(5592448K)
[354.019s][info][gc,metaspace] GC(166) Metaspace: 831K(960K)->831K(960K) NonClass: 777K(832K)->777K(832K) Class: 53K(128K)->53K(128K)
[354.019s][info][gc          ] GC(166) Pause Young (Allocation Failure) 2320M->136M(7918M) 22.201ms
[354.019s][info][gc,cpu      ] GC(166) User=0.02s Sys=0.00s Real=0.03s
[356.126s][info][gc,start    ] GC(167) Pause Young (Allocation Failure)
[356.147s][info][gc,heap     ] GC(167) DefNew: 2302806K(2516544K)->66070K(2516544K) Eden: 2236928K(2236928K)->0K(2236928K) From: 65878K(279616K)->66070K(279616K)
[356.147s][info][gc,heap     ] GC(167) Tenured: 73489K(5592448K)->73489K(5592448K)
[356.147s][info][gc,metaspace] GC(167) Metaspace: 831K(960K)->831K(960K) NonClass: 777K(832K)->777K(832K) Class: 53K(128K)->53K(128K)
[356.147s][info][gc          ] GC(167) Pause Young (Allocation Failure) 2320M->136M(7918M) 21.005ms
[356.147s][info][gc,cpu      ] GC(167) User=0.03s Sys=0.00s Real=0.02s
[358.245s][info][gc,start    ] GC(168) Pause Young (Allocation Failure)
[358.267s][info][gc,heap     ] GC(168) DefNew: 2302998K(2516544K)->65933K(2516544K) Eden: 2236928K(2236928K)->0K(2236928K) From: 66070K(279616K)->65933K(279616K)
[358.267s][info][gc,heap     ] GC(168) Tenured: 73489K(5592448K)->73489K(5592448K)
[358.267s][info][gc,metaspace] GC(168) Metaspace: 831K(960K)->831K(960K) NonClass: 777K(832K)->777K(832K) Class: 53K(128K)->53K(128K)
[358.267s][info][gc          ] GC(168) Pause Young (Allocation Failure) 2320M->136M(7918M) 22.151ms
[358.268s][info][gc,cpu      ] GC(168) User=0.03s Sys=0.00s Real=0.02s
[360.365s][info][gc,start    ] GC(169) Pause Young (Allocation Failure)
[360.398s][info][gc,heap     ] GC(169) DefNew: 2302861K(2516544K)->65940K(2516544K) Eden: 2236928K(2236928K)->0K(2236928K) From: 65933K(279616K)->65940K(279616K)
[360.398s][info][gc,heap     ] GC(169) Tenured: 73489K(5592448K)->73489K(5592448K)
[360.398s][info][gc,metaspace] GC(169) Metaspace: 831K(960K)->831K(960K) NonClass: 777K(832K)->777K(832K) Class: 53K(128K)->53K(128K)
[360.398s][info][gc          ] GC(169) Pause Young (Allocation Failure) 2320M->136M(7918M) 32.992ms
[360.398s][info][gc,cpu      ] GC(169) User=0.03s Sys=0.01s Real=0.03s
[362.486s][info][gc,start    ] GC(170) Pause Young (Allocation Failure)
[362.509s][info][gc,heap     ] GC(170) DefNew: 2302868K(2516544K)->65793K(2516544K) Eden: 2236928K(2236928K)->0K(2236928K) From: 65940K(279616K)->65793K(279616K)
[362.509s][info][gc,heap     ] GC(170) Tenured: 73489K(5592448K)->73489K(5592448K)
[362.509s][info][gc,metaspace] GC(170) Metaspace: 831K(960K)->831K(960K) NonClass: 777K(832K)->777K(832K) Class: 53K(128K)->53K(128K)
[362.509s][info][gc          ] GC(170) Pause Young (Allocation Failure) 2320M->136M(7918M) 23.260ms
[362.509s][info][gc,cpu      ] GC(170) User=0.03s Sys=0.00s Real=0.03s
[364.607s][info][gc,start    ] GC(171) Pause Young (Allocation Failure)
[364.633s][info][gc,heap     ] GC(171) DefNew: 2302721K(2516544K)->67293K(2516544K) Eden: 2236928K(2236928K)->0K(2236928K) From: 65793K(279616K)->67293K(279616K)
[364.633s][info][gc,heap     ] GC(171) Tenured: 73489K(5592448K)->73489K(5592448K)
[364.633s][info][gc,metaspace] GC(171) Metaspace: 831K(960K)->831K(960K) NonClass: 777K(832K)->777K(832K) Class: 53K(128K)->53K(128K)
[364.633s][info][gc          ] GC(171) Pause Young (Allocation Failure) 2320M->137M(7918M) 26.765ms
[364.633s][info][gc,cpu      ] GC(171) User=0.03s Sys=0.00s Real=0.03s
[366.727s][info][gc,start    ] GC(172) Pause Young (Allocation Failure)
[366.750s][info][gc,heap     ] GC(172) DefNew: 2304221K(2516544K)->67054K(2516544K) Eden: 2236928K(2236928K)->0K(2236928K) From: 67293K(279616K)->67054K(279616K)
[366.750s][info][gc,heap     ] GC(172) Tenured: 73489K(5592448K)->73489K(5592448K)
[366.750s][info][gc,metaspace] GC(172) Metaspace: 831K(960K)->831K(960K) NonClass: 777K(832K)->777K(832K) Class: 53K(128K)->53K(128K)
[366.750s][info][gc          ] GC(172) Pause Young (Allocation Failure) 2321M->137M(7918M) 23.126ms
[366.750s][info][gc,cpu      ] GC(172) User=0.03s Sys=0.00s Real=0.03s
[368.846s][info][gc,start    ] GC(173) Pause Young (Allocation Failure)
[368.869s][info][gc,heap     ] GC(173) DefNew: 2303982K(2516544K)->67065K(2516544K) Eden: 2236928K(2236928K)->0K(2236928K) From: 67054K(279616K)->67065K(279616K)
[368.869s][info][gc,heap     ] GC(173) Tenured: 73489K(5592448K)->73489K(5592448K)
[368.869s][info][gc,metaspace] GC(173) Metaspace: 831K(960K)->831K(960K) NonClass: 777K(832K)->777K(832K) Class: 53K(128K)->53K(128K)
[368.869s][info][gc          ] GC(173) Pause Young (Allocation Failure) 2321M->137M(7918M) 23.197ms
[368.869s][info][gc,cpu      ] GC(173) User=0.02s Sys=0.00s Real=0.03s
[370.967s][info][gc,start    ] GC(174) Pause Young (Allocation Failure)
[370.989s][info][gc,heap     ] GC(174) DefNew: 2303993K(2516544K)->67301K(2516544K) Eden: 2236928K(2236928K)->0K(2236928K) From: 67065K(279616K)->67301K(279616K)
[370.989s][info][gc,heap     ] GC(174) Tenured: 73489K(5592448K)->73489K(5592448K)
[370.989s][info][gc,metaspace] GC(174) Metaspace: 831K(960K)->831K(960K) NonClass: 777K(832K)->777K(832K) Class: 53K(128K)->53K(128K)
[370.989s][info][gc          ] GC(174) Pause Young (Allocation Failure) 2321M->137M(7918M) 22.140ms
[370.989s][info][gc,cpu      ] GC(174) User=0.02s Sys=0.00s Real=0.03s
[373.095s][info][gc,start    ] GC(175) Pause Young (Allocation Failure)
[373.118s][info][gc,heap     ] GC(175) DefNew: 2304229K(2516544K)->67134K(2516544K) Eden: 2236928K(2236928K)->0K(2236928K) From: 67301K(279616K)->67134K(279616K)
[373.118s][info][gc,heap     ] GC(175) Tenured: 73489K(5592448K)->73489K(5592448K)
[373.118s][info][gc,metaspace] GC(175) Metaspace: 831K(960K)->831K(960K) NonClass: 777K(832K)->777K(832K) Class: 53K(128K)->53K(128K)
[373.118s][info][gc          ] GC(175) Pause Young (Allocation Failure) 2321M->137M(7918M) 23.006ms
[373.118s][info][gc,cpu      ] GC(175) User=0.02s Sys=0.00s Real=0.03s
[375.216s][info][gc,start    ] GC(176) Pause Young (Allocation Failure)
[375.240s][info][gc,heap     ] GC(176) DefNew: 2304062K(2516544K)->67115K(2516544K) Eden: 2236928K(2236928K)->0K(2236928K) From: 67134K(279616K)->67115K(279616K)
[375.240s][info][gc,heap     ] GC(176) Tenured: 73489K(5592448K)->73489K(5592448K)
[375.240s][info][gc,metaspace] GC(176) Metaspace: 831K(960K)->831K(960K) NonClass: 777K(832K)->777K(832K) Class: 53K(128K)->53K(128K)
[375.240s][info][gc          ] GC(176) Pause Young (Allocation Failure) 2321M->137M(7918M) 23.760ms
[375.240s][info][gc,cpu      ] GC(176) User=0.02s Sys=0.00s Real=0.03s
[377.336s][info][gc,start    ] GC(177) Pause Young (Allocation Failure)
[377.358s][info][gc,heap     ] GC(177) DefNew: 2304043K(2516544K)->67369K(2516544K) Eden: 2236928K(2236928K)->0K(2236928K) From: 67115K(279616K)->67369K(279616K)
[377.358s][info][gc,heap     ] GC(177) Tenured: 73489K(5592448K)->73489K(5592448K)
[377.358s][info][gc,metaspace] GC(177) Metaspace: 831K(960K)->831K(960K) NonClass: 777K(832K)->777K(832K) Class: 53K(128K)->53K(128K)
[377.358s][info][gc          ] GC(177) Pause Young (Allocation Failure) 2321M->137M(7918M) 21.967ms
[377.358s][info][gc,cpu      ] GC(177) User=0.03s Sys=0.00s Real=0.02s
[379.456s][info][gc,start    ] GC(178) Pause Young (Allocation Failure)
[379.478s][info][gc,heap     ] GC(178) DefNew: 2304297K(2516544K)->67229K(2516544K) Eden: 2236928K(2236928K)->0K(2236928K) From: 67369K(279616K)->67229K(279616K)
[379.478s][info][gc,heap     ] GC(178) Tenured: 73489K(5592448K)->73489K(5592448K)
[379.478s][info][gc,metaspace] GC(178) Metaspace: 831K(960K)->831K(960K) NonClass: 777K(832K)->777K(832K) Class: 53K(128K)->53K(128K)
[379.479s][info][gc          ] GC(178) Pause Young (Allocation Failure) 2322M->137M(7918M) 22.528ms
[379.479s][info][gc,cpu      ] GC(178) User=0.02s Sys=0.00s Real=0.03s
[381.576s][info][gc,start    ] GC(179) Pause Young (Allocation Failure)
[381.598s][info][gc,heap     ] GC(179) DefNew: 2304157K(2516544K)->67109K(2516544K) Eden: 2236928K(2236928K)->0K(2236928K) From: 67229K(279616K)->67109K(279616K)
[381.598s][info][gc,heap     ] GC(179) Tenured: 73489K(5592448K)->73489K(5592448K)
[381.598s][info][gc,metaspace] GC(179) Metaspace: 831K(960K)->831K(960K) NonClass: 777K(832K)->777K(832K) Class: 53K(128K)->53K(128K)
[381.598s][info][gc          ] GC(179) Pause Young (Allocation Failure) 2321M->137M(7918M) 22.251ms
[381.598s][info][gc,cpu      ] GC(179) User=0.02s Sys=0.00s Real=0.03s
[383.697s][info][gc,start    ] GC(180) Pause Young (Allocation Failure)
[383.719s][info][gc,heap     ] GC(180) DefNew: 2304037K(2516544K)->67152K(2516544K) Eden: 2236928K(2236928K)->0K(2236928K) From: 67109K(279616K)->67152K(279616K)
[383.719s][info][gc,heap     ] GC(180) Tenured: 73489K(5592448K)->73489K(5592448K)
[383.719s][info][gc,metaspace] GC(180) Metaspace: 831K(960K)->831K(960K) NonClass: 777K(832K)->777K(832K) Class: 53K(128K)->53K(128K)
[383.719s][info][gc          ] GC(180) Pause Young (Allocation Failure) 2321M->137M(7918M) 22.246ms
[383.719s][info][gc,cpu      ] GC(180) User=0.02s Sys=0.00s Real=0.03s
[385.826s][info][gc,start    ] GC(181) Pause Young (Allocation Failure)
[385.848s][info][gc,heap     ] GC(181) DefNew: 2304080K(2516544K)->67353K(2516544K) Eden: 2236928K(2236928K)->0K(2236928K) From: 67152K(279616K)->67353K(279616K)
[385.848s][info][gc,heap     ] GC(181) Tenured: 73489K(5592448K)->73489K(5592448K)
[385.848s][info][gc,metaspace] GC(181) Metaspace: 831K(960K)->831K(960K) NonClass: 777K(832K)->777K(832K) Class: 53K(128K)->53K(128K)
[385.848s][info][gc          ] GC(181) Pause Young (Allocation Failure) 2321M->137M(7918M) 21.938ms
[385.848s][info][gc,cpu      ] GC(181) User=0.02s Sys=0.00s Real=0.03s
[387.945s][info][gc,start    ] GC(182) Pause Young (Allocation Failure)
[387.968s][info][gc,heap     ] GC(182) DefNew: 2304281K(2516544K)->67161K(2516544K) Eden: 2236928K(2236928K)->0K(2236928K) From: 67353K(279616K)->67161K(279616K)
[387.968s][info][gc,heap     ] GC(182) Tenured: 73489K(5592448K)->73489K(5592448K)
[387.968s][info][gc,metaspace] GC(182) Metaspace: 831K(960K)->831K(960K) NonClass: 777K(832K)->777K(832K) Class: 53K(128K)->53K(128K)
[387.968s][info][gc          ] GC(182) Pause Young (Allocation Failure) 2322M->137M(7918M) 22.732ms
[387.968s][info][gc,cpu      ] GC(182) User=0.02s Sys=0.00s Real=0.03s
[390.056s][info][gc,start    ] GC(183) Pause Young (Allocation Failure)
[390.079s][info][gc,heap     ] GC(183) DefNew: 2304089K(2516544K)->67392K(2516544K) Eden: 2236928K(2236928K)->0K(2236928K) From: 67161K(279616K)->67392K(279616K)
[390.079s][info][gc,heap     ] GC(183) Tenured: 73489K(5592448K)->73489K(5592448K)
[390.079s][info][gc,metaspace] GC(183) Metaspace: 831K(960K)->831K(960K) NonClass: 777K(832K)->777K(832K) Class: 53K(128K)->53K(128K)
[390.079s][info][gc          ] GC(183) Pause Young (Allocation Failure) 2321M->137M(7918M) 22.971ms
[390.079s][info][gc,cpu      ] GC(183) User=0.02s Sys=0.00s Real=0.03s
[392.185s][info][gc,start    ] GC(184) Pause Young (Allocation Failure)
[392.207s][info][gc,heap     ] GC(184) DefNew: 2304320K(2516544K)->67280K(2516544K) Eden: 2236928K(2236928K)->0K(2236928K) From: 67392K(279616K)->67280K(279616K)
[392.207s][info][gc,heap     ] GC(184) Tenured: 73489K(5592448K)->73489K(5592448K)
[392.207s][info][gc,metaspace] GC(184) Metaspace: 831K(960K)->831K(960K) NonClass: 777K(832K)->777K(832K) Class: 53K(128K)->53K(128K)
[392.207s][info][gc          ] GC(184) Pause Young (Allocation Failure) 2322M->137M(7918M) 22.067ms
[392.207s][info][gc,cpu      ] GC(184) User=0.03s Sys=0.00s Real=0.02s
[394.306s][info][gc,start    ] GC(185) Pause Young (Allocation Failure)
[394.327s][info][gc,heap     ] GC(185) DefNew: 2304208K(2516544K)->67169K(2516544K) Eden: 2236928K(2236928K)->0K(2236928K) From: 67280K(279616K)->67169K(279616K)
[394.327s][info][gc,heap     ] GC(185) Tenured: 73489K(5592448K)->73491K(5592448K)
[394.327s][info][gc,metaspace] GC(185) Metaspace: 831K(960K)->831K(960K) NonClass: 777K(832K)->777K(832K) Class: 53K(128K)->53K(128K)
[394.327s][info][gc          ] GC(185) Pause Young (Allocation Failure) 2321M->137M(7918M) 21.160ms
[394.327s][info][gc,cpu      ] GC(185) User=0.02s Sys=0.00s Real=0.02s
[396.435s][info][gc,start    ] GC(186) Pause Young (Allocation Failure)
[396.457s][info][gc,heap     ] GC(186) DefNew: 2304097K(2516544K)->66064K(2516544K) Eden: 2236928K(2236928K)->0K(2236928K) From: 67169K(279616K)->66064K(279616K)
[396.457s][info][gc,heap     ] GC(186) Tenured: 73491K(5592448K)->74804K(5592448K)
[396.457s][info][gc,metaspace] GC(186) Metaspace: 831K(960K)->831K(960K) NonClass: 777K(832K)->777K(832K) Class: 53K(128K)->53K(128K)
[396.457s][info][gc          ] GC(186) Pause Young (Allocation Failure) 2321M->137M(7918M) 22.429ms
[396.457s][info][gc,cpu      ] GC(186) User=0.02s Sys=0.00s Real=0.03s
[398.555s][info][gc,start    ] GC(187) Pause Young (Allocation Failure)
[398.575s][info][gc,heap     ] GC(187) DefNew: 2302992K(2516544K)->65925K(2516544K) Eden: 2236928K(2236928K)->0K(2236928K) From: 66064K(279616K)->65925K(279616K)
[398.575s][info][gc,heap     ] GC(187) Tenured: 74804K(5592448K)->74804K(5592448K)
[398.575s][info][gc,metaspace] GC(187) Metaspace: 831K(960K)->831K(960K) NonClass: 777K(832K)->777K(832K) Class: 53K(128K)->53K(128K)
[398.575s][info][gc          ] GC(187) Pause Young (Allocation Failure) 2322M->137M(7918M) 20.201ms
[398.575s][info][gc,cpu      ] GC(187) User=0.02s Sys=0.00s Real=0.02s
[400.667s][info][gc,start    ] GC(188) Pause Young (Allocation Failure)
[400.688s][info][gc,heap     ] GC(188) DefNew: 2302853K(2516544K)->65858K(2516544K) Eden: 2236928K(2236928K)->0K(2236928K) From: 65925K(279616K)->65858K(279616K)
[400.689s][info][gc,heap     ] GC(188) Tenured: 74804K(5592448K)->74804K(5592448K)
[400.689s][info][gc,metaspace] GC(188) Metaspace: 831K(960K)->831K(960K) NonClass: 777K(832K)->777K(832K) Class: 53K(128K)->53K(128K)
[400.689s][info][gc          ] GC(188) Pause Young (Allocation Failure) 2321M->137M(7918M) 21.769ms
[400.689s][info][gc,cpu      ] GC(188) User=0.02s Sys=0.00s Real=0.03s
[402.786s][info][gc,start    ] GC(189) Pause Young (Allocation Failure)
[402.807s][info][gc,heap     ] GC(189) DefNew: 2302786K(2516544K)->65709K(2516544K) Eden: 2236928K(2236928K)->0K(2236928K) From: 65858K(279616K)->65709K(279616K)
[402.807s][info][gc,heap     ] GC(189) Tenured: 74804K(5592448K)->74804K(5592448K)
[402.807s][info][gc,metaspace] GC(189) Metaspace: 831K(960K)->831K(960K) NonClass: 777K(832K)->777K(832K) Class: 53K(128K)->53K(128K)
[402.807s][info][gc          ] GC(189) Pause Young (Allocation Failure) 2321M->137M(7918M) 20.618ms
[402.807s][info][gc,cpu      ] GC(189) User=0.02s Sys=0.00s Real=0.02s
[404.916s][info][gc,start    ] GC(190) Pause Young (Allocation Failure)
[404.937s][info][gc,heap     ] GC(190) DefNew: 2302637K(2516544K)->65800K(2516544K) Eden: 2236928K(2236928K)->0K(2236928K) From: 65709K(279616K)->65800K(279616K)
[404.937s][info][gc,heap     ] GC(190) Tenured: 74804K(5592448K)->74804K(5592448K)
[404.937s][info][gc,metaspace] GC(190) Metaspace: 831K(960K)->831K(960K) NonClass: 777K(832K)->777K(832K) Class: 53K(128K)->53K(128K)
[404.937s][info][gc          ] GC(190) Pause Young (Allocation Failure) 2321M->137M(7918M) 21.651ms
[404.937s][info][gc,cpu      ] GC(190) User=0.02s Sys=0.00s Real=0.03s
[407.036s][info][gc,start    ] GC(191) Pause Young (Allocation Failure)
[407.057s][info][gc,heap     ] GC(191) DefNew: 2302728K(2516544K)->65859K(2516544K) Eden: 2236928K(2236928K)->0K(2236928K) From: 65800K(279616K)->65859K(279616K)
[407.057s][info][gc,heap     ] GC(191) Tenured: 74804K(5592448K)->74804K(5592448K)
[407.057s][info][gc,metaspace] GC(191) Metaspace: 831K(960K)->831K(960K) NonClass: 777K(832K)->777K(832K) Class: 53K(128K)->53K(128K)
[407.057s][info][gc          ] GC(191) Pause Young (Allocation Failure) 2321M->137M(7918M) 21.170ms
[407.057s][info][gc,cpu      ] GC(191) User=0.03s Sys=0.00s Real=0.02s
[409.157s][info][gc,start    ] GC(192) Pause Young (Allocation Failure)
[409.177s][info][gc,heap     ] GC(192) DefNew: 2302787K(2516544K)->65935K(2516544K) Eden: 2236928K(2236928K)->0K(2236928K) From: 65859K(279616K)->65935K(279616K)
[409.177s][info][gc,heap     ] GC(192) Tenured: 74804K(5592448K)->74804K(5592448K)
[409.177s][info][gc,metaspace] GC(192) Metaspace: 831K(960K)->831K(960K) NonClass: 777K(832K)->777K(832K) Class: 53K(128K)->53K(128K)
[409.177s][info][gc          ] GC(192) Pause Young (Allocation Failure) 2321M->137M(7918M) 20.241ms
[409.177s][info][gc,cpu      ] GC(192) User=0.02s Sys=0.00s Real=0.02s
[411.276s][info][gc,start    ] GC(193) Pause Young (Allocation Failure)
[411.297s][info][gc,heap     ] GC(193) DefNew: 2302863K(2516544K)->65874K(2516544K) Eden: 2236928K(2236928K)->0K(2236928K) From: 65935K(279616K)->65874K(279616K)
[411.297s][info][gc,heap     ] GC(193) Tenured: 74804K(5592448K)->74804K(5592448K)
[411.297s][info][gc,metaspace] GC(193) Metaspace: 831K(960K)->831K(960K) NonClass: 777K(832K)->777K(832K) Class: 53K(128K)->53K(128K)
[411.297s][info][gc          ] GC(193) Pause Young (Allocation Failure) 2321M->137M(7918M) 20.551ms
[411.297s][info][gc,cpu      ] GC(193) User=0.02s Sys=0.00s Real=0.02s
[413.396s][info][gc,start    ] GC(194) Pause Young (Allocation Failure)
[413.419s][info][gc,heap     ] GC(194) DefNew: 2302802K(2516544K)->65902K(2516544K) Eden: 2236928K(2236928K)->0K(2236928K) From: 65874K(279616K)->65902K(279616K)
[413.419s][info][gc,heap     ] GC(194) Tenured: 74804K(5592448K)->74804K(5592448K)
[413.419s][info][gc,metaspace] GC(194) Metaspace: 831K(960K)->831K(960K) NonClass: 777K(832K)->777K(832K) Class: 53K(128K)->53K(128K)
[413.419s][info][gc          ] GC(194) Pause Young (Allocation Failure) 2321M->137M(7918M) 23.070ms
[413.419s][info][gc,cpu      ] GC(194) User=0.02s Sys=0.00s Real=0.03s
[415.517s][info][gc,start    ] GC(195) Pause Young (Allocation Failure)
[415.539s][info][gc,heap     ] GC(195) DefNew: 2302830K(2516544K)->65886K(2516544K) Eden: 2236928K(2236928K)->0K(2236928K) From: 65902K(279616K)->65886K(279616K)
[415.539s][info][gc,heap     ] GC(195) Tenured: 74804K(5592448K)->74804K(5592448K)
[415.539s][info][gc,metaspace] GC(195) Metaspace: 831K(960K)->831K(960K) NonClass: 777K(832K)->777K(832K) Class: 53K(128K)->53K(128K)
[415.539s][info][gc          ] GC(195) Pause Young (Allocation Failure) 2321M->137M(7918M) 22.009ms
[415.539s][info][gc,cpu      ] GC(195) User=0.02s Sys=0.00s Real=0.03s
[417.645s][info][gc,start    ] GC(196) Pause Young (Allocation Failure)
[417.667s][info][gc,heap     ] GC(196) DefNew: 2302814K(2516544K)->65901K(2516544K) Eden: 2236928K(2236928K)->0K(2236928K) From: 65886K(279616K)->65901K(279616K)
[417.667s][info][gc,heap     ] GC(196) Tenured: 74804K(5592448K)->74804K(5592448K)
[417.667s][info][gc,metaspace] GC(196) Metaspace: 831K(960K)->831K(960K) NonClass: 777K(832K)->777K(832K) Class: 53K(128K)->53K(128K)
[417.667s][info][gc          ] GC(196) Pause Young (Allocation Failure) 2321M->137M(7918M) 21.776ms
[417.667s][info][gc,cpu      ] GC(196) User=0.03s Sys=0.00s Real=0.03s
[419.756s][info][gc,start    ] GC(197) Pause Young (Allocation Failure)
[419.778s][info][gc,heap     ] GC(197) DefNew: 2301032K(2516544K)->65895K(2516544K) Eden: 2235130K(2236928K)->0K(2236928K) From: 65901K(279616K)->65895K(279616K)
[419.778s][info][gc,heap     ] GC(197) Tenured: 74804K(5592448K)->74804K(5592448K)
[419.778s][info][gc,metaspace] GC(197) Metaspace: 831K(960K)->831K(960K) NonClass: 777K(832K)->777K(832K) Class: 53K(128K)->53K(128K)
[419.778s][info][gc          ] GC(197) Pause Young (Allocation Failure) 2320M->137M(7918M) 21.455ms
[419.778s][info][gc,cpu      ] GC(197) User=0.02s Sys=0.00s Real=0.03s
[421.885s][info][gc,start    ] GC(198) Pause Young (Allocation Failure)
[421.908s][info][gc,heap     ] GC(198) DefNew: 2302823K(2516544K)->65912K(2516544K) Eden: 2236928K(2236928K)->0K(2236928K) From: 65895K(279616K)->65912K(279616K)
[421.908s][info][gc,heap     ] GC(198) Tenured: 74804K(5592448K)->74804K(5592448K)
[421.908s][info][gc,metaspace] GC(198) Metaspace: 831K(960K)->831K(960K) NonClass: 777K(832K)->777K(832K) Class: 53K(128K)->53K(128K)
[421.908s][info][gc          ] GC(198) Pause Young (Allocation Failure) 2321M->137M(7918M) 22.598ms
[421.908s][info][gc,cpu      ] GC(198) User=0.03s Sys=0.00s Real=0.03s
[424.006s][info][gc,start    ] GC(199) Pause Young (Allocation Failure)
[424.032s][info][gc,heap     ] GC(199) DefNew: 2302840K(2516544K)->67367K(2516544K) Eden: 2236928K(2236928K)->0K(2236928K) From: 65912K(279616K)->67367K(279616K)
[424.032s][info][gc,heap     ] GC(199) Tenured: 74804K(5592448K)->74804K(5592448K)
[424.032s][info][gc,metaspace] GC(199) Metaspace: 831K(960K)->831K(960K) NonClass: 777K(832K)->777K(832K) Class: 53K(128K)->53K(128K)
[424.032s][info][gc          ] GC(199) Pause Young (Allocation Failure) 2321M->138M(7918M) 26.258ms
[424.032s][info][gc,cpu      ] GC(199) User=0.03s Sys=0.00s Real=0.03s
[426.125s][info][gc,start    ] GC(200) Pause Young (Allocation Failure)
[426.146s][info][gc,heap     ] GC(200) DefNew: 2304295K(2516544K)->67192K(2516544K) Eden: 2236928K(2236928K)->0K(2236928K) From: 67367K(279616K)->67192K(279616K)
[426.146s][info][gc,heap     ] GC(200) Tenured: 74804K(5592448K)->74804K(5592448K)
[426.146s][info][gc,metaspace] GC(200) Metaspace: 831K(960K)->831K(960K) NonClass: 777K(832K)->777K(832K) Class: 53K(128K)->53K(128K)
[426.146s][info][gc          ] GC(200) Pause Young (Allocation Failure) 2323M->138M(7918M) 20.964ms
[426.146s][info][gc,cpu      ] GC(200) User=0.02s Sys=0.00s Real=0.02s
[428.246s][info][gc,start    ] GC(201) Pause Young (Allocation Failure)
[428.272s][info][gc,heap     ] GC(201) DefNew: 2304120K(2516544K)->67070K(2516544K) Eden: 2236928K(2236928K)->0K(2236928K) From: 67192K(279616K)->67070K(279616K)
[428.273s][info][gc,heap     ] GC(201) Tenured: 74804K(5592448K)->74804K(5592448K)
[428.273s][info][gc,metaspace] GC(201) Metaspace: 831K(960K)->831K(960K) NonClass: 777K(832K)->777K(832K) Class: 53K(128K)->53K(128K)
[428.273s][info][gc          ] GC(201) Pause Young (Allocation Failure) 2323M->138M(7918M) 26.760ms
[428.273s][info][gc,cpu      ] GC(201) User=0.02s Sys=0.01s Real=0.03s
[430.367s][info][gc,start    ] GC(202) Pause Young (Allocation Failure)
[430.390s][info][gc,heap     ] GC(202) DefNew: 2303998K(2516544K)->67116K(2516544K) Eden: 2236928K(2236928K)->0K(2236928K) From: 67070K(279616K)->67116K(279616K)
[430.390s][info][gc,heap     ] GC(202) Tenured: 74804K(5592448K)->74804K(5592448K)
[430.390s][info][gc,metaspace] GC(202) Metaspace: 831K(960K)->831K(960K) NonClass: 777K(832K)->777K(832K) Class: 53K(128K)->53K(128K)
[430.390s][info][gc          ] GC(202) Pause Young (Allocation Failure) 2323M->138M(7918M) 23.112ms
[430.390s][info][gc,cpu      ] GC(202) User=0.03s Sys=0.00s Real=0.02s
[432.486s][info][gc,start    ] GC(203) Pause Young (Allocation Failure)
[432.508s][info][gc,heap     ] GC(203) DefNew: 2304044K(2516544K)->67321K(2516544K) Eden: 2236928K(2236928K)->0K(2236928K) From: 67116K(279616K)->67321K(279616K)
[432.508s][info][gc,heap     ] GC(203) Tenured: 74804K(5592448K)->74804K(5592448K)
[432.508s][info][gc,metaspace] GC(203) Metaspace: 831K(960K)->831K(960K) NonClass: 777K(832K)->777K(832K) Class: 53K(128K)->53K(128K)
[432.508s][info][gc          ] GC(203) Pause Young (Allocation Failure) 2323M->138M(7918M) 21.221ms
[432.508s][info][gc,cpu      ] GC(203) User=0.02s Sys=0.01s Real=0.03s
[434.607s][info][gc,start    ] GC(204) Pause Young (Allocation Failure)
[434.635s][info][gc,heap     ] GC(204) DefNew: 2304249K(2516544K)->67075K(2516544K) Eden: 2236928K(2236928K)->0K(2236928K) From: 67321K(279616K)->67075K(279616K)
[434.635s][info][gc,heap     ] GC(204) Tenured: 74804K(5592448K)->74804K(5592448K)
[434.635s][info][gc,metaspace] GC(204) Metaspace: 831K(960K)->831K(960K) NonClass: 777K(832K)->777K(832K) Class: 53K(128K)->53K(128K)
[434.635s][info][gc          ] GC(204) Pause Young (Allocation Failure) 2323M->138M(7918M) 28.353ms
[434.635s][info][gc,cpu      ] GC(204) User=0.02s Sys=0.00s Real=0.02s
[436.727s][info][gc,start    ] GC(205) Pause Young (Allocation Failure)
[436.749s][info][gc,heap     ] GC(205) DefNew: 2304003K(2516544K)->66915K(2516544K) Eden: 2236928K(2236928K)->0K(2236928K) From: 67075K(279616K)->66915K(279616K)
[436.749s][info][gc,heap     ] GC(205) Tenured: 74804K(5592448K)->74804K(5592448K)
[436.749s][info][gc,metaspace] GC(205) Metaspace: 831K(960K)->831K(960K) NonClass: 777K(832K)->777K(832K) Class: 53K(128K)->53K(128K)
[436.749s][info][gc          ] GC(205) Pause Young (Allocation Failure) 2323M->138M(7918M) 22.068ms
[436.749s][info][gc,cpu      ] GC(205) User=0.02s Sys=0.00s Real=0.02s
[438.847s][info][gc,start    ] GC(206) Pause Young (Allocation Failure)
[438.868s][info][gc,heap     ] GC(206) DefNew: 2303843K(2516544K)->67145K(2516544K) Eden: 2236928K(2236928K)->0K(2236928K) From: 66915K(279616K)->67145K(279616K)
[438.868s][info][gc,heap     ] GC(206) Tenured: 74804K(5592448K)->74804K(5592448K)
[438.868s][info][gc,metaspace] GC(206) Metaspace: 831K(960K)->831K(960K) NonClass: 777K(832K)->777K(832K) Class: 53K(128K)->53K(128K)
[438.868s][info][gc          ] GC(206) Pause Young (Allocation Failure) 2322M->138M(7918M) 21.511ms
[438.868s][info][gc,cpu      ] GC(206) User=0.02s Sys=0.00s Real=0.02s
[440.967s][info][gc,start    ] GC(207) Pause Young (Allocation Failure)
[440.989s][info][gc,heap     ] GC(207) DefNew: 2304073K(2516544K)->67095K(2516544K) Eden: 2236928K(2236928K)->0K(2236928K) From: 67145K(279616K)->67095K(279616K)
[440.989s][info][gc,heap     ] GC(207) Tenured: 74804K(5592448K)->74804K(5592448K)
[440.989s][info][gc,metaspace] GC(207) Metaspace: 831K(960K)->831K(960K) NonClass: 777K(832K)->777K(832K) Class: 53K(128K)->53K(128K)
[440.989s][info][gc          ] GC(207) Pause Young (Allocation Failure) 2323M->138M(7918M) 21.928ms
[440.989s][info][gc,cpu      ] GC(207) User=0.02s Sys=0.00s Real=0.02s
[443.096s][info][gc,start    ] GC(208) Pause Young (Allocation Failure)
[443.117s][info][gc,heap     ] GC(208) DefNew: 2304023K(2516544K)->67279K(2516544K) Eden: 2236928K(2236928K)->0K(2236928K) From: 67095K(279616K)->67279K(279616K)
[443.117s][info][gc,heap     ] GC(208) Tenured: 74804K(5592448K)->74804K(5592448K)
[443.117s][info][gc,metaspace] GC(208) Metaspace: 831K(960K)->831K(960K) NonClass: 777K(832K)->777K(832K) Class: 53K(128K)->53K(128K)
[443.117s][info][gc          ] GC(208) Pause Young (Allocation Failure) 2323M->138M(7918M) 21.731ms
[443.117s][info][gc,cpu      ] GC(208) User=0.02s Sys=0.00s Real=0.03s
[445.215s][info][gc,start    ] GC(209) Pause Young (Allocation Failure)
[445.237s][info][gc,heap     ] GC(209) DefNew: 2304207K(2516544K)->67315K(2516544K) Eden: 2236928K(2236928K)->0K(2236928K) From: 67279K(279616K)->67315K(279616K)
[445.237s][info][gc,heap     ] GC(209) Tenured: 74804K(5592448K)->74804K(5592448K)
[445.237s][info][gc,metaspace] GC(209) Metaspace: 831K(960K)->831K(960K) NonClass: 777K(832K)->777K(832K) Class: 53K(128K)->53K(128K)
[445.237s][info][gc          ] GC(209) Pause Young (Allocation Failure) 2323M->138M(7918M) 21.714ms
[445.237s][info][gc,cpu      ] GC(209) User=0.02s Sys=0.00s Real=0.03s
[447.336s][info][gc,start    ] GC(210) Pause Young (Allocation Failure)
[447.357s][info][gc,heap     ] GC(210) DefNew: 2304243K(2516544K)->67274K(2516544K) Eden: 2236928K(2236928K)->0K(2236928K) From: 67315K(279616K)->67274K(279616K)
[447.357s][info][gc,heap     ] GC(210) Tenured: 74804K(5592448K)->74804K(5592448K)
[447.357s][info][gc,metaspace] GC(210) Metaspace: 831K(960K)->831K(960K) NonClass: 777K(832K)->777K(832K) Class: 53K(128K)->53K(128K)
[447.357s][info][gc          ] GC(210) Pause Young (Allocation Failure) 2323M->138M(7918M) 21.164ms
[447.357s][info][gc,cpu      ] GC(210) User=0.02s Sys=0.00s Real=0.03s
[449.456s][info][gc,start    ] GC(211) Pause Young (Allocation Failure)
[449.478s][info][gc,heap     ] GC(211) DefNew: 2304202K(2516544K)->67186K(2516544K) Eden: 2236928K(2236928K)->0K(2236928K) From: 67274K(279616K)->67186K(279616K)
[449.478s][info][gc,heap     ] GC(211) Tenured: 74804K(5592448K)->74804K(5592448K)
[449.478s][info][gc,metaspace] GC(211) Metaspace: 831K(960K)->831K(960K) NonClass: 777K(832K)->777K(832K) Class: 53K(128K)->53K(128K)
[449.478s][info][gc          ] GC(211) Pause Young (Allocation Failure) 2323M->138M(7918M) 22.105ms
[449.479s][info][gc,cpu      ] GC(211) User=0.02s Sys=0.00s Real=0.02s
[451.577s][info][gc,start    ] GC(212) Pause Young (Allocation Failure)
[451.599s][info][gc,heap     ] GC(212) DefNew: 2304114K(2516544K)->67340K(2516544K) Eden: 2236928K(2236928K)->0K(2236928K) From: 67186K(279616K)->67340K(279616K)
[451.599s][info][gc,heap     ] GC(212) Tenured: 74804K(5592448K)->74804K(5592448K)
[451.599s][info][gc,metaspace] GC(212) Metaspace: 831K(960K)->831K(960K) NonClass: 777K(832K)->777K(832K) Class: 53K(128K)->53K(128K)
[451.599s][info][gc          ] GC(212) Pause Young (Allocation Failure) 2323M->138M(7918M) 21.753ms
[451.599s][info][gc,cpu      ] GC(212) User=0.02s Sys=0.00s Real=0.02s
[453.697s][info][gc,start    ] GC(213) Pause Young (Allocation Failure)
[453.718s][info][gc,heap     ] GC(213) DefNew: 2304268K(2516544K)->67333K(2516544K) Eden: 2236928K(2236928K)->0K(2236928K) From: 67340K(279616K)->67333K(279616K)
[453.718s][info][gc,heap     ] GC(213) Tenured: 74804K(5592448K)->74809K(5592448K)
[453.718s][info][gc,metaspace] GC(213) Metaspace: 831K(960K)->831K(960K) NonClass: 777K(832K)->777K(832K) Class: 53K(128K)->53K(128K)
[453.718s][info][gc          ] GC(213) Pause Young (Allocation Failure) 2323M->138M(7918M) 21.336ms
[453.718s][info][gc,cpu      ] GC(213) User=0.02s Sys=0.00s Real=0.02s
[455.816s][info][gc,start    ] GC(214) Pause Young (Allocation Failure)
[455.839s][info][gc,heap     ] GC(214) DefNew: 2304261K(2516544K)->65874K(2516544K) Eden: 2236928K(2236928K)->0K(2236928K) From: 67333K(279616K)->65874K(279616K)
[455.839s][info][gc,heap     ] GC(214) Tenured: 74809K(5592448K)->76110K(5592448K)
[455.839s][info][gc,metaspace] GC(214) Metaspace: 831K(960K)->831K(960K) NonClass: 777K(832K)->777K(832K) Class: 53K(128K)->53K(128K)
[455.839s][info][gc          ] GC(214) Pause Young (Allocation Failure) 2323M->138M(7918M) 22.361ms
[455.839s][info][gc,cpu      ] GC(214) User=0.02s Sys=0.00s Real=0.02s
[457.937s][info][gc,start    ] GC(215) Pause Young (Allocation Failure)
[457.959s][info][gc,heap     ] GC(215) DefNew: 2302802K(2516544K)->65834K(2516544K) Eden: 2236928K(2236928K)->0K(2236928K) From: 65874K(279616K)->65834K(279616K)
[457.959s][info][gc,heap     ] GC(215) Tenured: 76110K(5592448K)->76110K(5592448K)
[457.959s][info][gc,metaspace] GC(215) Metaspace: 831K(960K)->831K(960K) NonClass: 777K(832K)->777K(832K) Class: 53K(128K)->53K(128K)
[457.959s][info][gc          ] GC(215) Pause Young (Allocation Failure) 2323M->138M(7918M) 22.358ms
[457.959s][info][gc,cpu      ] GC(215) User=0.02s Sys=0.00s Real=0.02s
[460.057s][info][gc,start    ] GC(216) Pause Young (Allocation Failure)
[460.078s][info][gc,heap     ] GC(216) DefNew: 2302762K(2516544K)->65887K(2516544K) Eden: 2236928K(2236928K)->0K(2236928K) From: 65834K(279616K)->65887K(279616K)
[460.078s][info][gc,heap     ] GC(216) Tenured: 76110K(5592448K)->76110K(5592448K)
[460.078s][info][gc,metaspace] GC(216) Metaspace: 831K(960K)->831K(960K) NonClass: 777K(832K)->777K(832K) Class: 53K(128K)->53K(128K)
[460.078s][info][gc          ] GC(216) Pause Young (Allocation Failure) 2323M->138M(7918M) 21.626ms
[460.078s][info][gc,cpu      ] GC(216) User=0.02s Sys=0.00s Real=0.02s
[462.186s][info][gc,start    ] GC(217) Pause Young (Allocation Failure)
[462.207s][info][gc,heap     ] GC(217) DefNew: 2302815K(2516544K)->65952K(2516544K) Eden: 2236928K(2236928K)->0K(2236928K) From: 65887K(279616K)->65952K(279616K)
[462.207s][info][gc,heap     ] GC(217) Tenured: 76110K(5592448K)->76110K(5592448K)
[462.207s][info][gc,metaspace] GC(217) Metaspace: 831K(960K)->831K(960K) NonClass: 777K(832K)->777K(832K) Class: 53K(128K)->53K(128K)
[462.207s][info][gc          ] GC(217) Pause Young (Allocation Failure) 2323M->138M(7918M) 21.187ms
[462.207s][info][gc,cpu      ] GC(217) User=0.02s Sys=0.00s Real=0.03s
[464.306s][info][gc,start    ] GC(218) Pause Young (Allocation Failure)
[464.326s][info][gc,heap     ] GC(218) DefNew: 2302880K(2516544K)->65873K(2516544K) Eden: 2236928K(2236928K)->0K(2236928K) From: 65952K(279616K)->65873K(279616K)
[464.326s][info][gc,heap     ] GC(218) Tenured: 76110K(5592448K)->76110K(5592448K)
[464.326s][info][gc,metaspace] GC(218) Metaspace: 831K(960K)->831K(960K) NonClass: 777K(832K)->777K(832K) Class: 53K(128K)->53K(128K)
[464.326s][info][gc          ] GC(218) Pause Young (Allocation Failure) 2323M->138M(7918M) 20.770ms
[464.326s][info][gc,cpu      ] GC(218) User=0.02s Sys=0.00s Real=0.02s
[466.426s][info][gc,start    ] GC(219) Pause Young (Allocation Failure)
[466.446s][info][gc,heap     ] GC(219) DefNew: 2302801K(2516544K)->65788K(2516544K) Eden: 2236928K(2236928K)->0K(2236928K) From: 65873K(279616K)->65788K(279616K)
[466.446s][info][gc,heap     ] GC(219) Tenured: 76110K(5592448K)->76110K(5592448K)
[466.446s][info][gc,metaspace] GC(219) Metaspace: 831K(960K)->831K(960K) NonClass: 777K(832K)->777K(832K) Class: 53K(128K)->53K(128K)
[466.446s][info][gc          ] GC(219) Pause Young (Allocation Failure) 2323M->138M(7918M) 20.503ms
[466.446s][info][gc,cpu      ] GC(219) User=0.02s Sys=0.00s Real=0.02s
[468.546s][info][gc,start    ] GC(220) Pause Young (Allocation Failure)
[468.567s][info][gc,heap     ] GC(220) DefNew: 2302716K(2516544K)->66007K(2516544K) Eden: 2236928K(2236928K)->0K(2236928K) From: 65788K(279616K)->66007K(279616K)
[468.567s][info][gc,heap     ] GC(220) Tenured: 76110K(5592448K)->76110K(5592448K)
[468.567s][info][gc,metaspace] GC(220) Metaspace: 831K(960K)->831K(960K) NonClass: 777K(832K)->777K(832K) Class: 53K(128K)->53K(128K)
[468.567s][info][gc          ] GC(220) Pause Young (Allocation Failure) 2323M->138M(7918M) 20.676ms
[468.567s][info][gc,cpu      ] GC(220) User=0.02s Sys=0.00s Real=0.02s
[470.666s][info][gc,start    ] GC(221) Pause Young (Allocation Failure)
[470.687s][info][gc,heap     ] GC(221) DefNew: 2302935K(2516544K)->65988K(2516544K) Eden: 2236928K(2236928K)->0K(2236928K) From: 66007K(279616K)->65988K(279616K)
[470.687s][info][gc,heap     ] GC(221) Tenured: 76110K(5592448K)->76110K(5592448K)
[470.687s][info][gc,metaspace] GC(221) Metaspace: 831K(960K)->831K(960K) NonClass: 777K(832K)->777K(832K) Class: 53K(128K)->53K(128K)
[470.687s][info][gc          ] GC(221) Pause Young (Allocation Failure) 2323M->138M(7918M) 20.947ms
[470.687s][info][gc,cpu      ] GC(221) User=0.02s Sys=0.00s Real=0.02s
[472.787s][info][gc,start    ] GC(222) Pause Young (Allocation Failure)
[472.808s][info][gc,heap     ] GC(222) DefNew: 2302916K(2516544K)->65738K(2516544K) Eden: 2236928K(2236928K)->0K(2236928K) From: 65988K(279616K)->65738K(279616K)
[472.808s][info][gc,heap     ] GC(222) Tenured: 76110K(5592448K)->76110K(5592448K)
[472.808s][info][gc,metaspace] GC(222) Metaspace: 831K(960K)->831K(960K) NonClass: 777K(832K)->777K(832K) Class: 53K(128K)->53K(128K)
[472.808s][info][gc          ] GC(222) Pause Young (Allocation Failure) 2323M->138M(7918M) 21.555ms
[472.808s][info][gc,cpu      ] GC(222) User=0.03s Sys=0.00s Real=0.02s
[474.915s][info][gc,start    ] GC(223) Pause Young (Allocation Failure)
[474.936s][info][gc,heap     ] GC(223) DefNew: 2302666K(2516544K)->65801K(2516544K) Eden: 2236928K(2236928K)->0K(2236928K) From: 65738K(279616K)->65801K(279616K)
[474.936s][info][gc,heap     ] GC(223) Tenured: 76110K(5592448K)->76110K(5592448K)
[474.936s][info][gc,metaspace] GC(223) Metaspace: 831K(960K)->831K(960K) NonClass: 777K(832K)->777K(832K) Class: 53K(128K)->53K(128K)
[474.936s][info][gc          ] GC(223) Pause Young (Allocation Failure) 2323M->138M(7918M) 20.922ms
[474.936s][info][gc,cpu      ] GC(223) User=0.02s Sys=0.00s Real=0.03s
[477.036s][info][gc,start    ] GC(224) Pause Young (Allocation Failure)
[477.056s][info][gc,heap     ] GC(224) DefNew: 2302729K(2516544K)->65822K(2516544K) Eden: 2236928K(2236928K)->0K(2236928K) From: 65801K(279616K)->65822K(279616K)
[477.056s][info][gc,heap     ] GC(224) Tenured: 76110K(5592448K)->76110K(5592448K)
[477.056s][info][gc,metaspace] GC(224) Metaspace: 831K(960K)->831K(960K) NonClass: 777K(832K)->777K(832K) Class: 53K(128K)->53K(128K)
[477.056s][info][gc          ] GC(224) Pause Young (Allocation Failure) 2323M->138M(7918M) 20.611ms
[477.056s][info][gc,cpu      ] GC(224) User=0.02s Sys=0.00s Real=0.02s
[479.156s][info][gc,start    ] GC(225) Pause Young (Allocation Failure)
[479.177s][info][gc,heap     ] GC(225) DefNew: 2302750K(2516544K)->65836K(2516544K) Eden: 2236928K(2236928K)->0K(2236928K) From: 65822K(279616K)->65836K(279616K)
[479.177s][info][gc,heap     ] GC(225) Tenured: 76110K(5592448K)->76110K(5592448K)
[479.177s][info][gc,metaspace] GC(225) Metaspace: 831K(960K)->831K(960K) NonClass: 777K(832K)->777K(832K) Class: 53K(128K)->53K(128K)
[479.177s][info][gc          ] GC(225) Pause Young (Allocation Failure) 2323M->138M(7918M) 21.099ms
[479.177s][info][gc,cpu      ] GC(225) User=0.02s Sys=0.00s Real=0.02s
[481.276s][info][gc,start    ] GC(226) Pause Young (Allocation Failure)
[481.298s][info][gc,heap     ] GC(226) DefNew: 2302764K(2516544K)->65867K(2516544K) Eden: 2236928K(2236928K)->0K(2236928K) From: 65836K(279616K)->65867K(279616K)
[481.298s][info][gc,heap     ] GC(226) Tenured: 76110K(5592448K)->76110K(5592448K)
[481.298s][info][gc,metaspace] GC(226) Metaspace: 831K(960K)->831K(960K) NonClass: 777K(832K)->777K(832K) Class: 53K(128K)->53K(128K)
[481.298s][info][gc          ] GC(226) Pause Young (Allocation Failure) 2323M->138M(7918M) 22.108ms
[481.298s][info][gc,cpu      ] GC(226) User=0.02s Sys=0.00s Real=0.02s
[483.396s][info][gc,start    ] GC(227) Pause Young (Allocation Failure)
[483.420s][info][gc,heap     ] GC(227) DefNew: 2302795K(2516544K)->67217K(2516544K) Eden: 2236928K(2236928K)->0K(2236928K) From: 65867K(279616K)->67217K(279616K)
[483.420s][info][gc,heap     ] GC(227) Tenured: 76110K(5592448K)->76110K(5592448K)
[483.420s][info][gc,metaspace] GC(227) Metaspace: 831K(960K)->831K(960K) NonClass: 777K(832K)->777K(832K) Class: 53K(128K)->53K(128K)
[483.420s][info][gc          ] GC(227) Pause Young (Allocation Failure) 2323M->139M(7918M) 23.895ms
[483.420s][info][gc,cpu      ] GC(227) User=0.02s Sys=0.00s Real=0.02s
[485.516s][info][gc,start    ] GC(228) Pause Young (Allocation Failure)
[485.538s][info][gc,heap     ] GC(228) DefNew: 2304145K(2516544K)->67211K(2516544K) Eden: 2236928K(2236928K)->0K(2236928K) From: 67217K(279616K)->67211K(279616K)
[485.538s][info][gc,heap     ] GC(228) Tenured: 76110K(5592448K)->76110K(5592448K)
[485.538s][info][gc,metaspace] GC(228) Metaspace: 831K(960K)->831K(960K) NonClass: 777K(832K)->777K(832K) Class: 53K(128K)->53K(128K)
[485.538s][info][gc          ] GC(228) Pause Young (Allocation Failure) 2324M->139M(7918M) 22.051ms
[485.538s][info][gc,cpu      ] GC(228) User=0.02s Sys=0.00s Real=0.02s
[487.636s][info][gc,start    ] GC(229) Pause Young (Allocation Failure)
[487.658s][info][gc,heap     ] GC(229) DefNew: 2304139K(2516544K)->67291K(2516544K) Eden: 2236928K(2236928K)->0K(2236928K) From: 67211K(279616K)->67291K(279616K)
[487.658s][info][gc,heap     ] GC(229) Tenured: 76110K(5592448K)->76110K(5592448K)
[487.658s][info][gc,metaspace] GC(229) Metaspace: 831K(960K)->831K(960K) NonClass: 777K(832K)->777K(832K) Class: 53K(128K)->53K(128K)
[487.658s][info][gc          ] GC(229) Pause Young (Allocation Failure) 2324M->140M(7918M) 22.226ms
[487.658s][info][gc,cpu      ] GC(229) User=0.02s Sys=0.00s Real=0.02s
[489.756s][info][gc,start    ] GC(230) Pause Young (Allocation Failure)
[489.779s][info][gc,heap     ] GC(230) DefNew: 2304219K(2516544K)->67112K(2516544K) Eden: 2236928K(2236928K)->0K(2236928K) From: 67291K(279616K)->67112K(279616K)
[489.779s][info][gc,heap     ] GC(230) Tenured: 76110K(5592448K)->76110K(5592448K)
[489.779s][info][gc,metaspace] GC(230) Metaspace: 831K(960K)->831K(960K) NonClass: 777K(832K)->777K(832K) Class: 53K(128K)->53K(128K)
[489.779s][info][gc          ] GC(230) Pause Young (Allocation Failure) 2324M->139M(7918M) 22.628ms
[489.779s][info][gc,cpu      ] GC(230) User=0.02s Sys=0.01s Real=0.02s
[491.877s][info][gc,start    ] GC(231) Pause Young (Allocation Failure)
[491.899s][info][gc,heap     ] GC(231) DefNew: 2304040K(2516544K)->67282K(2516544K) Eden: 2236928K(2236928K)->0K(2236928K) From: 67112K(279616K)->67282K(279616K)
[491.899s][info][gc,heap     ] GC(231) Tenured: 76110K(5592448K)->76110K(5592448K)
[491.899s][info][gc,metaspace] GC(231) Metaspace: 831K(960K)->831K(960K) NonClass: 777K(832K)->777K(832K) Class: 53K(128K)->53K(128K)
[491.899s][info][gc          ] GC(231) Pause Young (Allocation Failure) 2324M->140M(7918M) 21.957ms
[491.899s][info][gc,cpu      ] GC(231) User=0.02s Sys=0.00s Real=0.02s
[493.997s][info][gc,start    ] GC(232) Pause Young (Allocation Failure)
[494.019s][info][gc,heap     ] GC(232) DefNew: 2304210K(2516544K)->67289K(2516544K) Eden: 2236928K(2236928K)->0K(2236928K) From: 67282K(279616K)->67289K(279616K)
[494.019s][info][gc,heap     ] GC(232) Tenured: 76110K(5592448K)->76110K(5592448K)
[494.019s][info][gc,metaspace] GC(232) Metaspace: 831K(960K)->831K(960K) NonClass: 777K(832K)->777K(832K) Class: 53K(128K)->53K(128K)
[494.019s][info][gc          ] GC(232) Pause Young (Allocation Failure) 2324M->140M(7918M) 22.259ms
[494.019s][info][gc,cpu      ] GC(232) User=0.03s Sys=0.00s Real=0.02s
[496.117s][info][gc,start    ] GC(233) Pause Young (Allocation Failure)
[496.139s][info][gc,heap     ] GC(233) DefNew: 2304217K(2516544K)->67188K(2516544K) Eden: 2236928K(2236928K)->0K(2236928K) From: 67289K(279616K)->67188K(279616K)
[496.139s][info][gc,heap     ] GC(233) Tenured: 76110K(5592448K)->76110K(5592448K)
[496.139s][info][gc,metaspace] GC(233) Metaspace: 831K(960K)->831K(960K) NonClass: 777K(832K)->777K(832K) Class: 53K(128K)->53K(128K)
[496.139s][info][gc          ] GC(233) Pause Young (Allocation Failure) 2324M->139M(7918M) 22.184ms
[496.139s][info][gc,cpu      ] GC(233) User=0.02s Sys=0.00s Real=0.02s
[498.246s][info][gc,start    ] GC(234) Pause Young (Allocation Failure)
[498.267s][info][gc,heap     ] GC(234) DefNew: 2304116K(2516544K)->67243K(2516544K) Eden: 2236928K(2236928K)->0K(2236928K) From: 67188K(279616K)->67243K(279616K)
[498.267s][info][gc,heap     ] GC(234) Tenured: 76110K(5592448K)->76110K(5592448K)
[498.267s][info][gc,metaspace] GC(234) Metaspace: 831K(960K)->831K(960K) NonClass: 777K(832K)->777K(832K) Class: 53K(128K)->53K(128K)
[498.267s][info][gc          ] GC(234) Pause Young (Allocation Failure) 2324M->139M(7918M) 21.381ms
[498.267s][info][gc,cpu      ] GC(234) User=0.03s Sys=0.00s Real=0.02s
[500.366s][info][gc,start    ] GC(235) Pause Young (Allocation Failure)
[500.387s][info][gc,heap     ] GC(235) DefNew: 2304171K(2516544K)->67300K(2516544K) Eden: 2236928K(2236928K)->0K(2236928K) From: 67243K(279616K)->67300K(279616K)
[500.387s][info][gc,heap     ] GC(235) Tenured: 76110K(5592448K)->76110K(5592448K)
[500.387s][info][gc,metaspace] GC(235) Metaspace: 831K(960K)->831K(960K) NonClass: 777K(832K)->777K(832K) Class: 53K(128K)->53K(128K)
[500.387s][info][gc          ] GC(235) Pause Young (Allocation Failure) 2324M->140M(7918M) 21.895ms
[500.387s][info][gc,cpu      ] GC(235) User=0.03s Sys=0.00s Real=0.02s
[502.486s][info][gc,start    ] GC(236) Pause Young (Allocation Failure)
[502.509s][info][gc,heap     ] GC(236) DefNew: 2304228K(2516544K)->67118K(2516544K) Eden: 2236928K(2236928K)->0K(2236928K) From: 67300K(279616K)->67118K(279616K)
[502.509s][info][gc,heap     ] GC(236) Tenured: 76110K(5592448K)->76110K(5592448K)
[502.509s][info][gc,metaspace] GC(236) Metaspace: 831K(960K)->831K(960K) NonClass: 777K(832K)->777K(832K) Class: 53K(128K)->53K(128K)
[502.509s][info][gc          ] GC(236) Pause Young (Allocation Failure) 2324M->139M(7918M) 23.565ms
[502.509s][info][gc,cpu      ] GC(236) User=0.02s Sys=0.00s Real=0.02s
[504.607s][info][gc,start    ] GC(237) Pause Young (Allocation Failure)
[504.629s][info][gc,heap     ] GC(237) DefNew: 2304046K(2516544K)->67318K(2516544K) Eden: 2236928K(2236928K)->0K(2236928K) From: 67118K(279616K)->67318K(279616K)
[504.630s][info][gc,heap     ] GC(237) Tenured: 76110K(5592448K)->76110K(5592448K)
[504.630s][info][gc,metaspace] GC(237) Metaspace: 831K(960K)->831K(960K) NonClass: 777K(832K)->777K(832K) Class: 53K(128K)->53K(128K)
[504.630s][info][gc          ] GC(237) Pause Young (Allocation Failure) 2324M->140M(7918M) 22.850ms
[504.630s][info][gc,cpu      ] GC(237) User=0.02s Sys=0.00s Real=0.02s
[506.736s][info][gc,start    ] GC(238) Pause Young (Allocation Failure)
[506.758s][info][gc,heap     ] GC(238) DefNew: 2304246K(2516544K)->66974K(2516544K) Eden: 2236928K(2236928K)->0K(2236928K) From: 67318K(279616K)->66974K(279616K)
[506.758s][info][gc,heap     ] GC(238) Tenured: 76110K(5592448K)->76110K(5592448K)
[506.758s][info][gc,metaspace] GC(238) Metaspace: 831K(960K)->831K(960K) NonClass: 777K(832K)->777K(832K) Class: 53K(128K)->53K(128K)
[506.758s][info][gc          ] GC(238) Pause Young (Allocation Failure) 2324M->139M(7918M) 21.561ms
[506.758s][info][gc,cpu      ] GC(238) User=0.02s Sys=0.00s Real=0.02s
[508.857s][info][gc,start    ] GC(239) Pause Young (Allocation Failure)
[508.879s][info][gc,heap     ] GC(239) DefNew: 2303902K(2516544K)->67147K(2516544K) Eden: 2236928K(2236928K)->0K(2236928K) From: 66974K(279616K)->67147K(279616K)
[508.879s][info][gc,heap     ] GC(239) Tenured: 76110K(5592448K)->76110K(5592448K)
[508.879s][info][gc,metaspace] GC(239) Metaspace: 831K(960K)->831K(960K) NonClass: 777K(832K)->777K(832K) Class: 53K(128K)->53K(128K)
[508.879s][info][gc          ] GC(239) Pause Young (Allocation Failure) 2324M->139M(7918M) 22.544ms
[508.879s][info][gc,cpu      ] GC(239) User=0.03s Sys=0.00s Real=0.02s
[510.976s][info][gc,start    ] GC(240) Pause Young (Allocation Failure)
[510.998s][info][gc,heap     ] GC(240) DefNew: 2304075K(2516544K)->67044K(2516544K) Eden: 2236928K(2236928K)->0K(2236928K) From: 67147K(279616K)->67044K(279616K)
[510.998s][info][gc,heap     ] GC(240) Tenured: 76110K(5592448K)->76110K(5592448K)
[510.998s][info][gc,metaspace] GC(240) Metaspace: 831K(960K)->831K(960K) NonClass: 777K(832K)->777K(832K) Class: 53K(128K)->53K(128K)
[510.998s][info][gc          ] GC(240) Pause Young (Allocation Failure) 2324M->139M(7918M) 21.531ms
[510.998s][info][gc,cpu      ] GC(240) User=0.02s Sys=0.00s Real=0.02s
[513.096s][info][gc,start    ] GC(241) Pause Young (Allocation Failure)
[513.116s][info][gc,heap     ] GC(241) DefNew: 2303972K(2516544K)->67157K(2516544K) Eden: 2236928K(2236928K)->0K(2236928K) From: 67044K(279616K)->67157K(279616K)
[513.116s][info][gc,heap     ] GC(241) Tenured: 76110K(5592448K)->76111K(5592448K)
[513.116s][info][gc,metaspace] GC(241) Metaspace: 831K(960K)->831K(960K) NonClass: 777K(832K)->777K(832K) Class: 53K(128K)->53K(128K)
[513.116s][info][gc          ] GC(241) Pause Young (Allocation Failure) 2324M->139M(7918M) 20.602ms
[513.116s][info][gc,cpu      ] GC(241) User=0.02s Sys=0.00s Real=0.02s
[515.216s][info][gc,start    ] GC(242) Pause Young (Allocation Failure)
[515.237s][info][gc,heap     ] GC(242) DefNew: 2304085K(2516544K)->65769K(2516544K) Eden: 2236928K(2236928K)->0K(2236928K) From: 67157K(279616K)->65769K(279616K)
[515.237s][info][gc,heap     ] GC(242) Tenured: 76111K(5592448K)->77416K(5592448K)
[515.237s][info][gc,metaspace] GC(242) Metaspace: 831K(960K)->831K(960K) NonClass: 777K(832K)->777K(832K) Class: 53K(128K)->53K(128K)
[515.237s][info][gc          ] GC(242) Pause Young (Allocation Failure) 2324M->139M(7918M) 21.056ms
[515.237s][info][gc,cpu      ] GC(242) User=0.02s Sys=0.00s Real=0.02s
[517.336s][info][gc,start    ] GC(243) Pause Young (Allocation Failure)
[517.358s][info][gc,heap     ] GC(243) DefNew: 2302697K(2516544K)->65895K(2516544K) Eden: 2236928K(2236928K)->0K(2236928K) From: 65769K(279616K)->65895K(279616K)
[517.358s][info][gc,heap     ] GC(243) Tenured: 77416K(5592448K)->77416K(5592448K)
[517.358s][info][gc,metaspace] GC(243) Metaspace: 831K(960K)->831K(960K) NonClass: 777K(832K)->777K(832K) Class: 53K(128K)->53K(128K)
[517.358s][info][gc          ] GC(243) Pause Young (Allocation Failure) 2324M->139M(7918M) 21.295ms
[517.358s][info][gc,cpu      ] GC(243) User=0.02s Sys=0.00s Real=0.02s
[519.457s][info][gc,start    ] GC(244) Pause Young (Allocation Failure)
[519.480s][info][gc,heap     ] GC(244) DefNew: 2302823K(2516544K)->65944K(2516544K) Eden: 2236928K(2236928K)->0K(2236928K) From: 65895K(279616K)->65944K(279616K)
[519.480s][info][gc,heap     ] GC(244) Tenured: 77416K(5592448K)->77416K(5592448K)
[519.480s][info][gc,metaspace] GC(244) Metaspace: 831K(960K)->831K(960K) NonClass: 777K(832K)->777K(832K) Class: 53K(128K)->53K(128K)
[519.480s][info][gc          ] GC(244) Pause Young (Allocation Failure) 2324M->140M(7918M) 23.655ms
[519.480s][info][gc,cpu      ] GC(244) User=0.02s Sys=0.00s Real=0.02s
[521.586s][info][gc,start    ] GC(245) Pause Young (Allocation Failure)
[521.607s][info][gc,heap     ] GC(245) DefNew: 2302872K(2516544K)->65694K(2516544K) Eden: 2236928K(2236928K)->0K(2236928K) From: 65944K(279616K)->65694K(279616K)
[521.607s][info][gc,heap     ] GC(245) Tenured: 77416K(5592448K)->77416K(5592448K)
[521.607s][info][gc,metaspace] GC(245) Metaspace: 831K(960K)->831K(960K) NonClass: 777K(832K)->777K(832K) Class: 53K(128K)->53K(128K)
[521.607s][info][gc          ] GC(245) Pause Young (Allocation Failure) 2324M->139M(7918M) 21.609ms
[521.607s][info][gc,cpu      ] GC(245) User=0.02s Sys=0.00s Real=0.02s
[523.705s][info][gc,start    ] GC(246) Pause Young (Allocation Failure)
[523.726s][info][gc,heap     ] GC(246) DefNew: 2302622K(2516544K)->65839K(2516544K) Eden: 2236928K(2236928K)->0K(2236928K) From: 65694K(279616K)->65839K(279616K)
[523.726s][info][gc,heap     ] GC(246) Tenured: 77416K(5592448K)->77416K(5592448K)
[523.726s][info][gc,metaspace] GC(246) Metaspace: 831K(960K)->831K(960K) NonClass: 777K(832K)->777K(832K) Class: 53K(128K)->53K(128K)
[523.726s][info][gc          ] GC(246) Pause Young (Allocation Failure) 2324M->139M(7918M) 21.235ms
[523.727s][info][gc,cpu      ] GC(246) User=0.02s Sys=0.00s Real=0.02s
[525.816s][info][gc,start    ] GC(247) Pause Young (Allocation Failure)
[525.837s][info][gc,heap     ] GC(247) DefNew: 2302262K(2516544K)->66071K(2516544K) Eden: 2236423K(2236928K)->0K(2236928K) From: 65839K(279616K)->66071K(279616K)
[525.837s][info][gc,heap     ] GC(247) Tenured: 77416K(5592448K)->77416K(5592448K)
[525.837s][info][gc,metaspace] GC(247) Metaspace: 831K(960K)->831K(960K) NonClass: 777K(832K)->777K(832K) Class: 53K(128K)->53K(128K)
[525.837s][info][gc          ] GC(247) Pause Young (Allocation Failure) 2323M->140M(7918M) 21.082ms
[525.837s][info][gc,cpu      ] GC(247) User=0.02s Sys=0.00s Real=0.02s
[527.936s][info][gc,start    ] GC(248) Pause Young (Allocation Failure)
[527.961s][info][gc,heap     ] GC(248) DefNew: 2302999K(2516544K)->65811K(2516544K) Eden: 2236928K(2236928K)->0K(2236928K) From: 66071K(279616K)->65811K(279616K)
[527.961s][info][gc,heap     ] GC(248) Tenured: 77416K(5592448K)->77416K(5592448K)
[527.961s][info][gc,metaspace] GC(248) Metaspace: 831K(960K)->831K(960K) NonClass: 777K(832K)->777K(832K) Class: 53K(128K)->53K(128K)
[527.961s][info][gc          ] GC(248) Pause Young (Allocation Failure) 2324M->139M(7918M) 24.666ms
[527.961s][info][gc,cpu      ] GC(248) User=0.02s Sys=0.00s Real=0.02s
[530.066s][info][gc,start    ] GC(249) Pause Young (Allocation Failure)
[530.087s][info][gc,heap     ] GC(249) DefNew: 2302739K(2516544K)->65924K(2516544K) Eden: 2236928K(2236928K)->0K(2236928K) From: 65811K(279616K)->65924K(279616K)
[530.087s][info][gc,heap     ] GC(249) Tenured: 77416K(5592448K)->77416K(5592448K)
[530.087s][info][gc,metaspace] GC(249) Metaspace: 831K(960K)->831K(960K) NonClass: 777K(832K)->777K(832K) Class: 53K(128K)->53K(128K)
[530.088s][info][gc          ] GC(249) Pause Young (Allocation Failure) 2324M->139M(7918M) 21.900ms
[530.088s][info][gc,cpu      ] GC(249) User=0.03s Sys=0.00s Real=0.02s
[532.186s][info][gc,start    ] GC(250) Pause Young (Allocation Failure)
[532.209s][info][gc,heap     ] GC(250) DefNew: 2302852K(2516544K)->65739K(2516544K) Eden: 2236928K(2236928K)->0K(2236928K) From: 65924K(279616K)->65739K(279616K)
[532.209s][info][gc,heap     ] GC(250) Tenured: 77416K(5592448K)->77416K(5592448K)
[532.209s][info][gc,metaspace] GC(250) Metaspace: 831K(960K)->831K(960K) NonClass: 777K(832K)->777K(832K) Class: 53K(128K)->53K(128K)
[532.209s][info][gc          ] GC(250) Pause Young (Allocation Failure) 2324M->139M(7918M) 22.668ms
[532.209s][info][gc,cpu      ] GC(250) User=0.02s Sys=0.00s Real=0.02s
[534.315s][info][gc,start    ] GC(251) Pause Young (Allocation Failure)
[534.336s][info][gc,heap     ] GC(251) DefNew: 2302667K(2516544K)->65764K(2516544K) Eden: 2236928K(2236928K)->0K(2236928K) From: 65739K(279616K)->65764K(279616K)
[534.336s][info][gc,heap     ] GC(251) Tenured: 77416K(5592448K)->77416K(5592448K)
[534.336s][info][gc,metaspace] GC(251) Metaspace: 831K(960K)->831K(960K) NonClass: 777K(832K)->777K(832K) Class: 53K(128K)->53K(128K)
[534.336s][info][gc          ] GC(251) Pause Young (Allocation Failure) 2324M->139M(7918M) 20.951ms
[534.336s][info][gc,cpu      ] GC(251) User=0.02s Sys=0.00s Real=0.02s
[536.427s][info][gc,start    ] GC(252) Pause Young (Allocation Failure)
[536.447s][info][gc,heap     ] GC(252) DefNew: 2302692K(2516544K)->65811K(2516544K) Eden: 2236928K(2236928K)->0K(2236928K) From: 65764K(279616K)->65811K(279616K)
[536.447s][info][gc,heap     ] GC(252) Tenured: 77416K(5592448K)->77416K(5592448K)
[536.447s][info][gc,metaspace] GC(252) Metaspace: 831K(960K)->831K(960K) NonClass: 777K(832K)->777K(832K) Class: 53K(128K)->53K(128K)
[536.447s][info][gc          ] GC(252) Pause Young (Allocation Failure) 2324M->139M(7918M) 20.314ms
[536.447s][info][gc,cpu      ] GC(252) User=0.02s Sys=0.00s Real=0.02s
[538.546s][info][gc,start    ] GC(253) Pause Young (Allocation Failure)
[538.567s][info][gc,heap     ] GC(253) DefNew: 2302739K(2516544K)->65905K(2516544K) Eden: 2236928K(2236928K)->0K(2236928K) From: 65811K(279616K)->65905K(279616K)
[538.567s][info][gc,heap     ] GC(253) Tenured: 77416K(5592448K)->77416K(5592448K)
[538.567s][info][gc,metaspace] GC(253) Metaspace: 831K(960K)->831K(960K) NonClass: 777K(832K)->777K(832K) Class: 53K(128K)->53K(128K)
[538.567s][info][gc          ] GC(253) Pause Young (Allocation Failure) 2324M->139M(7918M) 20.800ms
[538.567s][info][gc,cpu      ] GC(253) User=0.02s Sys=0.00s Real=0.02s
[540.676s][info][gc,start    ] GC(254) Pause Young (Allocation Failure)
[540.699s][info][gc,heap     ] GC(254) DefNew: 2302833K(2516544K)->65859K(2516544K) Eden: 2236928K(2236928K)->0K(2236928K) From: 65905K(279616K)->65859K(279616K)
[540.699s][info][gc,heap     ] GC(254) Tenured: 77416K(5592448K)->77416K(5592448K)
[540.699s][info][gc,metaspace] GC(254) Metaspace: 831K(960K)->831K(960K) NonClass: 777K(832K)->777K(832K) Class: 53K(128K)->53K(128K)
[540.699s][info][gc          ] GC(254) Pause Young (Allocation Failure) 2324M->139M(7918M) 22.827ms
[540.699s][info][gc,cpu      ] GC(254) User=0.02s Sys=0.01s Real=0.02s
[542.795s][info][gc,start    ] GC(255) Pause Young (Allocation Failure)
[542.816s][info][gc,heap     ] GC(255) DefNew: 2302787K(2516544K)->65792K(2516544K) Eden: 2236928K(2236928K)->0K(2236928K) From: 65859K(279616K)->65792K(279616K)
[542.816s][info][gc,heap     ] GC(255) Tenured: 77416K(5592448K)->77416K(5592448K)
[542.816s][info][gc,metaspace] GC(255) Metaspace: 831K(960K)->831K(960K) NonClass: 777K(832K)->777K(832K) Class: 53K(128K)->53K(128K)
[542.816s][info][gc          ] GC(255) Pause Young (Allocation Failure) 2324M->139M(7918M) 21.087ms
[542.816s][info][gc,cpu      ] GC(255) User=0.02s Sys=0.00s Real=0.02s
[544.907s][info][gc,start    ] GC(256) Pause Young (Allocation Failure)
[544.931s][info][gc,heap     ] GC(256) DefNew: 2302720K(2516544K)->67127K(2516544K) Eden: 2236928K(2236928K)->0K(2236928K) From: 65792K(279616K)->67127K(279616K)
[544.931s][info][gc,heap     ] GC(256) Tenured: 77416K(5592448K)->77416K(5592448K)
[544.931s][info][gc,metaspace] GC(256) Metaspace: 831K(960K)->831K(960K) NonClass: 777K(832K)->777K(832K) Class: 53K(128K)->53K(128K)
[544.931s][info][gc          ] GC(256) Pause Young (Allocation Failure) 2324M->141M(7918M) 23.841ms
[544.931s][info][gc,cpu      ] GC(256) User=0.02s Sys=0.00s Real=0.02s
[547.035s][info][gc,start    ] GC(257) Pause Young (Allocation Failure)
[547.056s][info][gc,heap     ] GC(257) DefNew: 2304055K(2516544K)->67137K(2516544K) Eden: 2236928K(2236928K)->0K(2236928K) From: 67127K(279616K)->67137K(279616K)
[547.057s][info][gc,heap     ] GC(257) Tenured: 77416K(5592448K)->77416K(5592448K)
[547.057s][info][gc,metaspace] GC(257) Metaspace: 831K(960K)->831K(960K) NonClass: 777K(832K)->777K(832K) Class: 53K(128K)->53K(128K)
[547.057s][info][gc          ] GC(257) Pause Young (Allocation Failure) 2325M->141M(7918M) 21.396ms
[547.057s][info][gc,cpu      ] GC(257) User=0.02s Sys=0.00s Real=0.02s
[549.156s][info][gc,start    ] GC(258) Pause Young (Allocation Failure)
[549.179s][info][gc,heap     ] GC(258) DefNew: 2304065K(2516544K)->67079K(2516544K) Eden: 2236928K(2236928K)->0K(2236928K) From: 67137K(279616K)->67079K(279616K)
[549.179s][info][gc,heap     ] GC(258) Tenured: 77416K(5592448K)->77416K(5592448K)
[549.179s][info][gc,metaspace] GC(258) Metaspace: 831K(960K)->831K(960K) NonClass: 777K(832K)->777K(832K) Class: 53K(128K)->53K(128K)
[549.179s][info][gc          ] GC(258) Pause Young (Allocation Failure) 2325M->141M(7918M) 22.832ms
[549.179s][info][gc,cpu      ] GC(258) User=0.02s Sys=0.00s Real=0.02s
[551.276s][info][gc,start    ] GC(259) Pause Young (Allocation Failure)
[551.297s][info][gc,heap     ] GC(259) DefNew: 2304007K(2516544K)->67163K(2516544K) Eden: 2236928K(2236928K)->0K(2236928K) From: 67079K(279616K)->67163K(279616K)
[551.297s][info][gc,heap     ] GC(259) Tenured: 77416K(5592448K)->77416K(5592448K)
[551.297s][info][gc,metaspace] GC(259) Metaspace: 831K(960K)->831K(960K) NonClass: 777K(832K)->777K(832K) Class: 53K(128K)->53K(128K)
[551.297s][info][gc          ] GC(259) Pause Young (Allocation Failure) 2325M->141M(7918M) 21.193ms
[551.297s][info][gc,cpu      ] GC(259) User=0.02s Sys=0.01s Real=0.02s
[553.405s][info][gc,start    ] GC(260) Pause Young (Allocation Failure)
[553.427s][info][gc,heap     ] GC(260) DefNew: 2304091K(2516544K)->67295K(2516544K) Eden: 2236928K(2236928K)->0K(2236928K) From: 67163K(279616K)->67295K(279616K)
[553.427s][info][gc,heap     ] GC(260) Tenured: 77416K(5592448K)->77416K(5592448K)
[553.427s][info][gc,metaspace] GC(260) Metaspace: 831K(960K)->831K(960K) NonClass: 777K(832K)->777K(832K) Class: 53K(128K)->53K(128K)
[553.427s][info][gc          ] GC(260) Pause Young (Allocation Failure) 2325M->141M(7918M) 21.856ms
[553.427s][info][gc,cpu      ] GC(260) User=0.02s Sys=0.00s Real=0.02s
[555.526s][info][gc,start    ] GC(261) Pause Young (Allocation Failure)
[555.547s][info][gc,heap     ] GC(261) DefNew: 2304223K(2516544K)->66977K(2516544K) Eden: 2236928K(2236928K)->0K(2236928K) From: 67295K(279616K)->66977K(279616K)
[555.548s][info][gc,heap     ] GC(261) Tenured: 77416K(5592448K)->77416K(5592448K)
[555.548s][info][gc,metaspace] GC(261) Metaspace: 831K(960K)->831K(960K) NonClass: 777K(832K)->777K(832K) Class: 53K(128K)->53K(128K)
[555.548s][info][gc          ] GC(261) Pause Young (Allocation Failure) 2325M->141M(7918M) 21.799ms
[555.548s][info][gc,cpu      ] GC(261) User=0.02s Sys=0.00s Real=0.02s
[557.647s][info][gc,start    ] GC(262) Pause Young (Allocation Failure)
[557.668s][info][gc,heap     ] GC(262) DefNew: 2303905K(2516544K)->67182K(2516544K) Eden: 2236928K(2236928K)->0K(2236928K) From: 66977K(279616K)->67182K(279616K)
[557.668s][info][gc,heap     ] GC(262) Tenured: 77416K(5592448K)->77416K(5592448K)
[557.668s][info][gc,metaspace] GC(262) Metaspace: 831K(960K)->831K(960K) NonClass: 777K(832K)->777K(832K) Class: 53K(128K)->53K(128K)
[557.668s][info][gc          ] GC(262) Pause Young (Allocation Failure) 2325M->141M(7918M) 20.687ms
[557.668s][info][gc,cpu      ] GC(262) User=0.02s Sys=0.00s Real=0.02s
[559.766s][info][gc,start    ] GC(263) Pause Young (Allocation Failure)
[559.786s][info][gc,heap     ] GC(263) DefNew: 2304110K(2516544K)->67131K(2516544K) Eden: 2236928K(2236928K)->0K(2236928K) From: 67182K(279616K)->67131K(279616K)
[559.786s][info][gc,heap     ] GC(263) Tenured: 77416K(5592448K)->77416K(5592448K)
[559.786s][info][gc,metaspace] GC(263) Metaspace: 831K(960K)->831K(960K) NonClass: 777K(832K)->777K(832K) Class: 53K(128K)->53K(128K)
[559.786s][info][gc          ] GC(263) Pause Young (Allocation Failure) 2325M->141M(7918M) 20.466ms
[559.786s][info][gc,cpu      ] GC(263) User=0.02s Sys=0.00s Real=0.02s
[561.886s][info][gc,start    ] GC(264) Pause Young (Allocation Failure)
[561.908s][info][gc,heap     ] GC(264) DefNew: 2304059K(2516544K)->67038K(2516544K) Eden: 2236928K(2236928K)->0K(2236928K) From: 67131K(279616K)->67038K(279616K)
[561.908s][info][gc,heap     ] GC(264) Tenured: 77416K(5592448K)->77416K(5592448K)
[561.908s][info][gc,metaspace] GC(264) Metaspace: 831K(960K)->831K(960K) NonClass: 777K(832K)->777K(832K) Class: 53K(128K)->53K(128K)
[561.908s][info][gc          ] GC(264) Pause Young (Allocation Failure) 2325M->141M(7918M) 22.021ms
[561.908s][info][gc,cpu      ] GC(264) User=0.02s Sys=0.00s Real=0.02s
[564.006s][info][gc,start    ] GC(265) Pause Young (Allocation Failure)
[564.031s][info][gc,heap     ] GC(265) DefNew: 2303966K(2516544K)->67212K(2516544K) Eden: 2236928K(2236928K)->0K(2236928K) From: 67038K(279616K)->67212K(279616K)
[564.031s][info][gc,heap     ] GC(265) Tenured: 77416K(5592448K)->77416K(5592448K)
[564.031s][info][gc,metaspace] GC(265) Metaspace: 831K(960K)->831K(960K) NonClass: 777K(832K)->777K(832K) Class: 53K(128K)->53K(128K)
[564.031s][info][gc          ] GC(265) Pause Young (Allocation Failure) 2325M->141M(7918M) 24.294ms
[564.031s][info][gc,cpu      ] GC(265) User=0.02s Sys=0.00s Real=0.02s
[566.136s][info][gc,start    ] GC(266) Pause Young (Allocation Failure)
[566.158s][info][gc,heap     ] GC(266) DefNew: 2304140K(2516544K)->67111K(2516544K) Eden: 2236928K(2236928K)->0K(2236928K) From: 67212K(279616K)->67111K(279616K)
[566.158s][info][gc,heap     ] GC(266) Tenured: 77416K(5592448K)->77416K(5592448K)
[566.158s][info][gc,metaspace] GC(266) Metaspace: 831K(960K)->831K(960K) NonClass: 777K(832K)->777K(832K) Class: 53K(128K)->53K(128K)
[566.158s][info][gc          ] GC(266) Pause Young (Allocation Failure) 2325M->141M(7918M) 22.294ms
[566.158s][info][gc,cpu      ] GC(266) User=0.02s Sys=0.00s Real=0.02s
[568.256s][info][gc,start    ] GC(267) Pause Young (Allocation Failure)
[568.277s][info][gc,heap     ] GC(267) DefNew: 2304039K(2516544K)->67311K(2516544K) Eden: 2236928K(2236928K)->0K(2236928K) From: 67111K(279616K)->67311K(279616K)
[568.277s][info][gc,heap     ] GC(267) Tenured: 77416K(5592448K)->77416K(5592448K)
[568.277s][info][gc,metaspace] GC(267) Metaspace: 831K(960K)->831K(960K) NonClass: 777K(832K)->777K(832K) Class: 53K(128K)->53K(128K)
[568.278s][info][gc          ] GC(267) Pause Young (Allocation Failure) 2325M->141M(7918M) 21.831ms
[568.278s][info][gc,cpu      ] GC(267) User=0.03s Sys=0.00s Real=0.02s
[570.386s][info][gc,start    ] GC(268) Pause Young (Allocation Failure)
[570.407s][info][gc,heap     ] GC(268) DefNew: 2304239K(2516544K)->67001K(2516544K) Eden: 2236928K(2236928K)->0K(2236928K) From: 67311K(279616K)->67001K(279616K)
[570.407s][info][gc,heap     ] GC(268) Tenured: 77416K(5592448K)->77416K(5592448K)
[570.407s][info][gc,metaspace] GC(268) Metaspace: 831K(960K)->831K(960K) NonClass: 777K(832K)->777K(832K) Class: 53K(128K)->53K(128K)
[570.407s][info][gc          ] GC(268) Pause Young (Allocation Failure) 2325M->141M(7918M) 21.299ms
[570.407s][info][gc,cpu      ] GC(268) User=0.02s Sys=0.00s Real=0.02s
[572.505s][info][gc,start    ] GC(269) Pause Young (Allocation Failure)
[572.527s][info][gc,heap     ] GC(269) DefNew: 2303929K(2516544K)->67139K(2516544K) Eden: 2236928K(2236928K)->0K(2236928K) From: 67001K(279616K)->67139K(279616K)
[572.527s][info][gc,heap     ] GC(269) Tenured: 77416K(5592448K)->77416K(5592448K)
[572.527s][info][gc,metaspace] GC(269) Metaspace: 831K(960K)->831K(960K) NonClass: 777K(832K)->777K(832K) Class: 53K(128K)->53K(128K)
[572.527s][info][gc          ] GC(269) Pause Young (Allocation Failure) 2325M->141M(7918M) 21.808ms
[572.527s][info][gc,cpu      ] GC(269) User=0.03s Sys=0.00s Real=0.02s
[574.626s][info][gc,start    ] GC(270) Pause Young (Allocation Failure)
[574.648s][info][gc,heap     ] GC(270) DefNew: 2304067K(2516544K)->67370K(2516544K) Eden: 2236928K(2236928K)->0K(2236928K) From: 67139K(279616K)->67370K(279616K)
[574.648s][info][gc,heap     ] GC(270) Tenured: 77416K(5592448K)->77419K(5592448K)
[574.648s][info][gc,metaspace] GC(270) Metaspace: 831K(960K)->831K(960K) NonClass: 777K(832K)->777K(832K) Class: 53K(128K)->53K(128K)
[574.648s][info][gc          ] GC(270) Pause Young (Allocation Failure) 2325M->141M(7918M) 21.801ms
[574.648s][info][gc,cpu      ] GC(270) User=0.02s Sys=0.01s Real=0.02s
[576.746s][info][gc,start    ] GC(271) Pause Young (Allocation Failure)
[576.768s][info][gc,heap     ] GC(271) DefNew: 2304298K(2516544K)->66028K(2516544K) Eden: 2236928K(2236928K)->0K(2236928K) From: 67370K(279616K)->66028K(279616K)
[576.768s][info][gc,heap     ] GC(271) Tenured: 77419K(5592448K)->78718K(5592448K)
[576.768s][info][gc,metaspace] GC(271) Metaspace: 831K(960K)->831K(960K) NonClass: 777K(832K)->777K(832K) Class: 53K(128K)->53K(128K)
[576.768s][info][gc          ] GC(271) Pause Young (Allocation Failure) 2325M->141M(7918M) 22.680ms
[576.768s][info][gc,cpu      ] GC(271) User=0.02s Sys=0.00s Real=0.02s
[578.866s][info][gc,start    ] GC(272) Pause Young (Allocation Failure)
[578.887s][info][gc,heap     ] GC(272) DefNew: 2302956K(2516544K)->65886K(2516544K) Eden: 2236928K(2236928K)->0K(2236928K) From: 66028K(279616K)->65886K(279616K)
[578.887s][info][gc,heap     ] GC(272) Tenured: 78718K(5592448K)->78718K(5592448K)
[578.887s][info][gc,metaspace] GC(272) Metaspace: 831K(960K)->831K(960K) NonClass: 777K(832K)->777K(832K) Class: 53K(128K)->53K(128K)
[578.887s][info][gc          ] GC(272) Pause Young (Allocation Failure) 2325M->141M(7918M) 21.653ms
[578.887s][info][gc,cpu      ] GC(272) User=0.02s Sys=0.00s Real=0.02s
[580.986s][info][gc,start    ] GC(273) Pause Young (Allocation Failure)
[581.007s][info][gc,heap     ] GC(273) DefNew: 2302814K(2516544K)->65882K(2516544K) Eden: 2236928K(2236928K)->0K(2236928K) From: 65886K(279616K)->65882K(279616K)
[581.007s][info][gc,heap     ] GC(273) Tenured: 78718K(5592448K)->78718K(5592448K)
[581.007s][info][gc,metaspace] GC(273) Metaspace: 831K(960K)->831K(960K) NonClass: 777K(832K)->777K(832K) Class: 53K(128K)->53K(128K)
[581.007s][info][gc          ] GC(273) Pause Young (Allocation Failure) 2325M->141M(7918M) 20.522ms
[581.007s][info][gc,cpu      ] GC(273) User=0.02s Sys=0.00s Real=0.02s
[583.107s][info][gc,start    ] GC(274) Pause Young (Allocation Failure)
[583.128s][info][gc,heap     ] GC(274) DefNew: 2302810K(2516544K)->65825K(2516544K) Eden: 2236928K(2236928K)->0K(2236928K) From: 65882K(279616K)->65825K(279616K)
[583.128s][info][gc,heap     ] GC(274) Tenured: 78718K(5592448K)->78718K(5592448K)
[583.128s][info][gc,metaspace] GC(274) Metaspace: 831K(960K)->831K(960K) NonClass: 777K(832K)->777K(832K) Class: 53K(128K)->53K(128K)
[583.128s][info][gc          ] GC(274) Pause Young (Allocation Failure) 2325M->141M(7918M) 21.599ms
[583.128s][info][gc,cpu      ] GC(274) User=0.02s Sys=0.00s Real=0.02s
[585.236s][info][gc,start    ] GC(275) Pause Young (Allocation Failure)
[585.256s][info][gc,heap     ] GC(275) DefNew: 2302753K(2516544K)->65743K(2516544K) Eden: 2236928K(2236928K)->0K(2236928K) From: 65825K(279616K)->65743K(279616K)
[585.256s][info][gc,heap     ] GC(275) Tenured: 78718K(5592448K)->78718K(5592448K)
[585.256s][info][gc,metaspace] GC(275) Metaspace: 831K(960K)->831K(960K) NonClass: 777K(832K)->777K(832K) Class: 53K(128K)->53K(128K)
[585.256s][info][gc          ] GC(275) Pause Young (Allocation Failure) 2325M->141M(7918M) 20.392ms
[585.256s][info][gc,cpu      ] GC(275) User=0.02s Sys=0.00s Real=0.02s
[587.356s][info][gc,start    ] GC(276) Pause Young (Allocation Failure)
[587.377s][info][gc,heap     ] GC(276) DefNew: 2302671K(2516544K)->65743K(2516544K) Eden: 2236928K(2236928K)->0K(2236928K) From: 65743K(279616K)->65743K(279616K)
[587.377s][info][gc,heap     ] GC(276) Tenured: 78718K(5592448K)->78718K(5592448K)
[587.377s][info][gc,metaspace] GC(276) Metaspace: 831K(960K)->831K(960K) NonClass: 777K(832K)->777K(832K) Class: 53K(128K)->53K(128K)
[587.377s][info][gc          ] GC(276) Pause Young (Allocation Failure) 2325M->141M(7918M) 21.251ms
[587.377s][info][gc,cpu      ] GC(276) User=0.03s Sys=0.00s Real=0.02s
[589.485s][info][gc,start    ] GC(277) Pause Young (Allocation Failure)
[589.506s][info][gc,heap     ] GC(277) DefNew: 2302671K(2516544K)->65901K(2516544K) Eden: 2236928K(2236928K)->0K(2236928K) From: 65743K(279616K)->65901K(279616K)
[589.506s][info][gc,heap     ] GC(277) Tenured: 78718K(5592448K)->78718K(5592448K)
[589.506s][info][gc,metaspace] GC(277) Metaspace: 831K(960K)->831K(960K) NonClass: 777K(832K)->777K(832K) Class: 53K(128K)->53K(128K)
[589.506s][info][gc          ] GC(277) Pause Young (Allocation Failure) 2325M->141M(7918M) 20.323ms
[589.506s][info][gc,cpu      ] GC(277) User=0.02s Sys=0.00s Real=0.02s
[591.605s][info][gc,start    ] GC(278) Pause Young (Allocation Failure)
[591.626s][info][gc,heap     ] GC(278) DefNew: 2302829K(2516544K)->65775K(2516544K) Eden: 2236928K(2236928K)->0K(2236928K) From: 65901K(279616K)->65775K(279616K)
[591.626s][info][gc,heap     ] GC(278) Tenured: 78718K(5592448K)->78718K(5592448K)
[591.626s][info][gc,metaspace] GC(278) Metaspace: 831K(960K)->831K(960K) NonClass: 777K(832K)->777K(832K) Class: 53K(128K)->53K(128K)
[591.627s][info][gc          ] GC(278) Pause Young (Allocation Failure) 2325M->141M(7918M) 21.510ms
[591.627s][info][gc,cpu      ] GC(278) User=0.02s Sys=0.00s Real=0.02s
[593.717s][info][gc,start    ] GC(279) Pause Young (Allocation Failure)
[593.738s][info][gc,heap     ] GC(279) DefNew: 2302703K(2516544K)->65949K(2516544K) Eden: 2236928K(2236928K)->0K(2236928K) From: 65775K(279616K)->65949K(279616K)
[593.738s][info][gc,heap     ] GC(279) Tenured: 78718K(5592448K)->78718K(5592448K)
[593.738s][info][gc,metaspace] GC(279) Metaspace: 831K(960K)->831K(960K) NonClass: 777K(832K)->777K(832K) Class: 53K(128K)->53K(128K)
[593.738s][info][gc          ] GC(279) Pause Young (Allocation Failure) 2325M->141M(7918M) 21.144ms
[593.738s][info][gc,cpu      ] GC(279) User=0.02s Sys=0.00s Real=0.02s
[595.837s][info][gc,start    ] GC(280) Pause Young (Allocation Failure)
[595.858s][info][gc,heap     ] GC(280) DefNew: 2302877K(2516544K)->65924K(2516544K) Eden: 2236928K(2236928K)->0K(2236928K) From: 65949K(279616K)->65924K(279616K)
[595.858s][info][gc,heap     ] GC(280) Tenured: 78718K(5592448K)->78718K(5592448K)
[595.858s][info][gc,metaspace] GC(280) Metaspace: 831K(960K)->831K(960K) NonClass: 777K(832K)->777K(832K) Class: 53K(128K)->53K(128K)
[595.858s][info][gc          ] GC(280) Pause Young (Allocation Failure) 2325M->141M(7918M) 21.079ms
[595.858s][info][gc,cpu      ] GC(280) User=0.02s Sys=0.00s Real=0.02s
[597.966s][info][gc,start    ] GC(281) Pause Young (Allocation Failure)
[597.986s][info][gc,heap     ] GC(281) DefNew: 2302852K(2516544K)->65774K(2516544K) Eden: 2236928K(2236928K)->0K(2236928K) From: 65924K(279616K)->65774K(279616K)
[597.987s][info][gc,heap     ] GC(281) Tenured: 78718K(5592448K)->78718K(5592448K)
[597.987s][info][gc,metaspace] GC(281) Metaspace: 831K(960K)->831K(960K) NonClass: 777K(832K)->777K(832K) Class: 53K(128K)->53K(128K)
[597.987s][info][gc          ] GC(281) Pause Young (Allocation Failure) 2325M->141M(7918M) 20.844ms
[597.987s][info][gc,cpu      ] GC(281) User=0.02s Sys=0.00s Real=0.02s
[600.086s][info][gc,start    ] GC(282) Pause Young (Allocation Failure)
[600.109s][info][gc,heap     ] GC(282) DefNew: 2302702K(2516544K)->65937K(2516544K) Eden: 2236928K(2236928K)->0K(2236928K) From: 65774K(279616K)->65937K(279616K)
[600.109s][info][gc,heap     ] GC(282) Tenured: 78718K(5592448K)->78718K(5592448K)
[600.109s][info][gc,metaspace] GC(282) Metaspace: 831K(960K)->831K(960K) NonClass: 777K(832K)->777K(832K) Class: 53K(128K)->53K(128K)
[600.109s][info][gc          ] GC(282) Pause Young (Allocation Failure) 2325M->141M(7918M) 22.866ms
[600.109s][info][gc,cpu      ] GC(282) User=0.03s Sys=0.00s Real=0.02s
[602.206s][info][gc,start    ] GC(283) Pause Young (Allocation Failure)
[602.228s][info][gc,heap     ] GC(283) DefNew: 2302865K(2516544K)->65972K(2516544K) Eden: 2236928K(2236928K)->0K(2236928K) From: 65937K(279616K)->65972K(279616K)
[602.228s][info][gc,heap     ] GC(283) Tenured: 78718K(5592448K)->78718K(5592448K)
[602.228s][info][gc,metaspace] GC(283) Metaspace: 831K(960K)->831K(960K) NonClass: 777K(832K)->777K(832K) Class: 53K(128K)->53K(128K)
[602.228s][info][gc          ] GC(283) Pause Young (Allocation Failure) 2325M->141M(7918M) 21.747ms
[602.228s][info][gc,cpu      ] GC(283) User=0.03s Sys=0.00s Real=0.02s
[604.327s][info][gc,start    ] GC(284) Pause Young (Allocation Failure)
[604.349s][info][gc,heap     ] GC(284) DefNew: 2302900K(2516544K)->67224K(2516544K) Eden: 2236928K(2236928K)->0K(2236928K) From: 65972K(279616K)->67224K(279616K)
[604.349s][info][gc,heap     ] GC(284) Tenured: 78718K(5592448K)->78718K(5592448K)
[604.349s][info][gc,metaspace] GC(284) Metaspace: 831K(960K)->831K(960K) NonClass: 777K(832K)->777K(832K) Class: 53K(128K)->53K(128K)
[604.349s][info][gc          ] GC(284) Pause Young (Allocation Failure) 2325M->142M(7918M) 22.168ms
[604.349s][info][gc,cpu      ] GC(284) User=0.02s Sys=0.00s Real=0.02s
[606.456s][info][gc,start    ] GC(285) Pause Young (Allocation Failure)
[606.477s][info][gc,heap     ] GC(285) DefNew: 2304152K(2516544K)->67079K(2516544K) Eden: 2236928K(2236928K)->0K(2236928K) From: 67224K(279616K)->67079K(279616K)
[606.477s][info][gc,heap     ] GC(285) Tenured: 78718K(5592448K)->78718K(5592448K)
[606.477s][info][gc,metaspace] GC(285) Metaspace: 831K(960K)->831K(960K) NonClass: 777K(832K)->777K(832K) Class: 53K(128K)->53K(128K)
[606.477s][info][gc          ] GC(285) Pause Young (Allocation Failure) 2327M->142M(7918M) 21.360ms
[606.477s][info][gc,cpu      ] GC(285) User=0.02s Sys=0.00s Real=0.02s
[608.577s][info][gc,start    ] GC(286) Pause Young (Allocation Failure)
[608.608s][info][gc,heap     ] GC(286) DefNew: 2304007K(2516544K)->67149K(2516544K) Eden: 2236928K(2236928K)->0K(2236928K) From: 67079K(279616K)->67149K(279616K)
[608.608s][info][gc,heap     ] GC(286) Tenured: 78718K(5592448K)->78718K(5592448K)
[608.608s][info][gc,metaspace] GC(286) Metaspace: 831K(960K)->831K(960K) NonClass: 777K(832K)->777K(832K) Class: 53K(128K)->53K(128K)
[608.608s][info][gc          ] GC(286) Pause Young (Allocation Failure) 2326M->142M(7918M) 30.257ms
[608.608s][info][gc,cpu      ] GC(286) User=0.03s Sys=0.01s Real=0.03s
[610.706s][info][gc,start    ] GC(287) Pause Young (Allocation Failure)
[610.727s][info][gc,heap     ] GC(287) DefNew: 2304077K(2516544K)->67261K(2516544K) Eden: 2236928K(2236928K)->0K(2236928K) From: 67149K(279616K)->67261K(279616K)
[610.727s][info][gc,heap     ] GC(287) Tenured: 78718K(5592448K)->78718K(5592448K)
[610.727s][info][gc,metaspace] GC(287) Metaspace: 831K(960K)->831K(960K) NonClass: 777K(832K)->777K(832K) Class: 53K(128K)->53K(128K)
[610.728s][info][gc          ] GC(287) Pause Young (Allocation Failure) 2326M->142M(7918M) 22.015ms
[610.728s][info][gc,cpu      ] GC(287) User=0.02s Sys=0.00s Real=0.02s
[612.817s][info][gc,start    ] GC(288) Pause Young (Allocation Failure)
[612.848s][info][gc,heap     ] GC(288) DefNew: 2304189K(2516544K)->67120K(2516544K) Eden: 2236928K(2236928K)->0K(2236928K) From: 67261K(279616K)->67120K(279616K)
[612.848s][info][gc,heap     ] GC(288) Tenured: 78718K(5592448K)->78718K(5592448K)
[612.848s][info][gc,metaspace] GC(288) Metaspace: 831K(960K)->831K(960K) NonClass: 777K(832K)->777K(832K) Class: 53K(128K)->53K(128K)
[612.848s][info][gc          ] GC(288) Pause Young (Allocation Failure) 2327M->142M(7918M) 31.318ms
[612.848s][info][gc,cpu      ] GC(288) User=0.02s Sys=0.00s Real=0.03s
[614.936s][info][gc,start    ] GC(289) Pause Young (Allocation Failure)
[614.958s][info][gc,heap     ] GC(289) DefNew: 2304048K(2516544K)->67132K(2516544K) Eden: 2236928K(2236928K)->0K(2236928K) From: 67120K(279616K)->67132K(279616K)
[614.958s][info][gc,heap     ] GC(289) Tenured: 78718K(5592448K)->78718K(5592448K)
[614.958s][info][gc,metaspace] GC(289) Metaspace: 831K(960K)->831K(960K) NonClass: 777K(832K)->777K(832K) Class: 53K(128K)->53K(128K)
[614.958s][info][gc          ] GC(289) Pause Young (Allocation Failure) 2326M->142M(7918M) 21.678ms
[614.958s][info][gc,cpu      ] GC(289) User=0.02s Sys=0.00s Real=0.02s
[617.056s][info][gc,start    ] GC(290) Pause Young (Allocation Failure)
[617.077s][info][gc,heap     ] GC(290) DefNew: 2304060K(2516544K)->67218K(2516544K) Eden: 2236928K(2236928K)->0K(2236928K) From: 67132K(279616K)->67218K(279616K)
[617.077s][info][gc,heap     ] GC(290) Tenured: 78718K(5592448K)->78718K(5592448K)
[617.077s][info][gc,metaspace] GC(290) Metaspace: 831K(960K)->831K(960K) NonClass: 777K(832K)->777K(832K) Class: 53K(128K)->53K(128K)
[617.077s][info][gc          ] GC(290) Pause Young (Allocation Failure) 2326M->142M(7918M) 20.627ms
[617.077s][info][gc,cpu      ] GC(290) User=0.02s Sys=0.00s Real=0.02s
[619.185s][info][gc,start    ] GC(291) Pause Young (Allocation Failure)
[619.206s][info][gc,heap     ] GC(291) DefNew: 2304146K(2516544K)->67177K(2516544K) Eden: 2236928K(2236928K)->0K(2236928K) From: 67218K(279616K)->67177K(279616K)
[619.206s][info][gc,heap     ] GC(291) Tenured: 78718K(5592448K)->78718K(5592448K)
[619.206s][info][gc,metaspace] GC(291) Metaspace: 831K(960K)->831K(960K) NonClass: 777K(832K)->777K(832K) Class: 53K(128K)->53K(128K)
[619.206s][info][gc          ] GC(291) Pause Young (Allocation Failure) 2327M->142M(7918M) 20.913ms
[619.206s][info][gc,cpu      ] GC(291) User=0.02s Sys=0.00s Real=0.02s
[621.307s][info][gc,start    ] GC(292) Pause Young (Allocation Failure)
[621.329s][info][gc,heap     ] GC(292) DefNew: 2304105K(2516544K)->67188K(2516544K) Eden: 2236928K(2236928K)->0K(2236928K) From: 67177K(279616K)->67188K(279616K)
[621.329s][info][gc,heap     ] GC(292) Tenured: 78718K(5592448K)->78718K(5592448K)
[621.329s][info][gc,metaspace] GC(292) Metaspace: 831K(960K)->831K(960K) NonClass: 777K(832K)->777K(832K) Class: 53K(128K)->53K(128K)
[621.329s][info][gc          ] GC(292) Pause Young (Allocation Failure) 2326M->142M(7918M) 22.055ms
[621.329s][info][gc,cpu      ] GC(292) User=0.02s Sys=0.00s Real=0.02s
[623.427s][info][gc,start    ] GC(293) Pause Young (Allocation Failure)
[623.448s][info][gc,heap     ] GC(293) DefNew: 2304116K(2516544K)->67364K(2516544K) Eden: 2236928K(2236928K)->0K(2236928K) From: 67188K(279616K)->67364K(279616K)
[623.448s][info][gc,heap     ] GC(293) Tenured: 78718K(5592448K)->78718K(5592448K)
[623.448s][info][gc,metaspace] GC(293) Metaspace: 831K(960K)->831K(960K) NonClass: 777K(832K)->777K(832K) Class: 53K(128K)->53K(128K)
[623.448s][info][gc          ] GC(293) Pause Young (Allocation Failure) 2326M->142M(7918M) 21.524ms
[623.448s][info][gc,cpu      ] GC(293) User=0.02s Sys=0.00s Real=0.02s
[625.546s][info][gc,start    ] GC(294) Pause Young (Allocation Failure)
[625.568s][info][gc,heap     ] GC(294) DefNew: 2304292K(2516544K)->67153K(2516544K) Eden: 2236928K(2236928K)->0K(2236928K) From: 67364K(279616K)->67153K(279616K)
[625.568s][info][gc,heap     ] GC(294) Tenured: 78718K(5592448K)->78718K(5592448K)
[625.568s][info][gc,metaspace] GC(294) Metaspace: 831K(960K)->831K(960K) NonClass: 777K(832K)->777K(832K) Class: 53K(128K)->53K(128K)
[625.568s][info][gc          ] GC(294) Pause Young (Allocation Failure) 2327M->142M(7918M) 21.790ms
[625.568s][info][gc,cpu      ] GC(294) User=0.02s Sys=0.00s Real=0.02s
[627.666s][info][gc,start    ] GC(295) Pause Young (Allocation Failure)
[627.688s][info][gc,heap     ] GC(295) DefNew: 2304081K(2516544K)->67100K(2516544K) Eden: 2236928K(2236928K)->0K(2236928K) From: 67153K(279616K)->67100K(279616K)
[627.688s][info][gc,heap     ] GC(295) Tenured: 78718K(5592448K)->78718K(5592448K)
[627.688s][info][gc,metaspace] GC(295) Metaspace: 831K(960K)->831K(960K) NonClass: 777K(832K)->777K(832K) Class: 53K(128K)->53K(128K)
[627.688s][info][gc          ] GC(295) Pause Young (Allocation Failure) 2326M->142M(7918M) 22.185ms
[627.688s][info][gc,cpu      ] GC(295) User=0.02s Sys=0.00s Real=0.02s
[629.786s][info][gc,start    ] GC(296) Pause Young (Allocation Failure)
[629.808s][info][gc,heap     ] GC(296) DefNew: 2304028K(2516544K)->67126K(2516544K) Eden: 2236928K(2236928K)->0K(2236928K) From: 67100K(279616K)->67126K(279616K)
[629.808s][info][gc,heap     ] GC(296) Tenured: 78718K(5592448K)->78718K(5592448K)
[629.808s][info][gc,metaspace] GC(296) Metaspace: 831K(960K)->831K(960K) NonClass: 777K(832K)->777K(832K) Class: 53K(128K)->53K(128K)
[629.808s][info][gc          ] GC(296) Pause Young (Allocation Failure) 2326M->142M(7918M) 21.925ms
[629.808s][info][gc,cpu      ] GC(296) User=0.03s Sys=0.01s Real=0.02s
[631.915s][info][gc,start    ] GC(297) Pause Young (Allocation Failure)
[631.936s][info][gc,heap     ] GC(297) DefNew: 2304054K(2516544K)->67327K(2516544K) Eden: 2236928K(2236928K)->0K(2236928K) From: 67126K(279616K)->67327K(279616K)
[631.936s][info][gc,heap     ] GC(297) Tenured: 78718K(5592448K)->78718K(5592448K)
[631.936s][info][gc,metaspace] GC(297) Metaspace: 831K(960K)->831K(960K) NonClass: 777K(832K)->777K(832K) Class: 53K(128K)->53K(128K)
[631.936s][info][gc          ] GC(297) Pause Young (Allocation Failure) 2326M->142M(7918M) 20.680ms
[631.936s][info][gc,cpu      ] GC(297) User=0.02s Sys=0.00s Real=0.02s
[634.036s][info][gc,start    ] GC(298) Pause Young (Allocation Failure)
[634.057s][info][gc,heap     ] GC(298) DefNew: 2304255K(2516544K)->67047K(2516544K) Eden: 2236928K(2236928K)->0K(2236928K) From: 67327K(279616K)->67047K(279616K)
[634.057s][info][gc,heap     ] GC(298) Tenured: 78718K(5592448K)->78720K(5592448K)
[634.057s][info][gc,metaspace] GC(298) Metaspace: 831K(960K)->831K(960K) NonClass: 777K(832K)->777K(832K) Class: 53K(128K)->53K(128K)
[634.057s][info][gc          ] GC(298) Pause Young (Allocation Failure) 2327M->142M(7918M) 21.115ms
[634.057s][info][gc,cpu      ] GC(298) User=0.02s Sys=0.00s Real=0.02s
[636.155s][info][gc,start    ] GC(299) Pause Young (Allocation Failure)
[636.177s][info][gc,heap     ] GC(299) DefNew: 2303975K(2516544K)->65824K(2516544K) Eden: 2236928K(2236928K)->0K(2236928K) From: 67047K(279616K)->65824K(279616K)
[636.177s][info][gc,heap     ] GC(299) Tenured: 78720K(5592448K)->80036K(5592448K)
[636.177s][info][gc,metaspace] GC(299) Metaspace: 831K(960K)->831K(960K) NonClass: 777K(832K)->777K(832K) Class: 53K(128K)->53K(128K)
[636.177s][info][gc          ] GC(299) Pause Young (Allocation Failure) 2326M->142M(7918M) 22.449ms
[636.177s][info][gc,cpu      ] GC(299) User=0.02s Sys=0.00s Real=0.02s
[638.276s][info][gc,start    ] GC(300) Pause Young (Allocation Failure)
[638.296s][info][gc,heap     ] GC(300) DefNew: 2302752K(2516544K)->65942K(2516544K) Eden: 2236928K(2236928K)->0K(2236928K) From: 65824K(279616K)->65942K(279616K)
[638.296s][info][gc,heap     ] GC(300) Tenured: 80036K(5592448K)->80036K(5592448K)
[638.296s][info][gc,metaspace] GC(300) Metaspace: 831K(960K)->831K(960K) NonClass: 777K(832K)->777K(832K) Class: 53K(128K)->53K(128K)
[638.296s][info][gc          ] GC(300) Pause Young (Allocation Failure) 2326M->142M(7918M) 20.132ms
[638.296s][info][gc,cpu      ] GC(300) User=0.02s Sys=0.00s Real=0.02s
[640.397s][info][gc,start    ] GC(301) Pause Young (Allocation Failure)
[640.418s][info][gc,heap     ] GC(301) DefNew: 2302870K(2516544K)->65904K(2516544K) Eden: 2236928K(2236928K)->0K(2236928K) From: 65942K(279616K)->65904K(279616K)
[640.418s][info][gc,heap     ] GC(301) Tenured: 80036K(5592448K)->80036K(5592448K)
[640.418s][info][gc,metaspace] GC(301) Metaspace: 831K(960K)->831K(960K) NonClass: 777K(832K)->777K(832K) Class: 53K(128K)->53K(128K)
[640.418s][info][gc          ] GC(301) Pause Young (Allocation Failure) 2327M->142M(7918M) 21.258ms
[640.418s][info][gc,cpu      ] GC(301) User=0.02s Sys=0.00s Real=0.02s
[642.526s][info][gc,start    ] GC(302) Pause Young (Allocation Failure)
[642.546s][info][gc,heap     ] GC(302) DefNew: 2302832K(2516544K)->65797K(2516544K) Eden: 2236928K(2236928K)->0K(2236928K) From: 65904K(279616K)->65797K(279616K)
[642.546s][info][gc,heap     ] GC(302) Tenured: 80036K(5592448K)->80036K(5592448K)
[642.546s][info][gc,metaspace] GC(302) Metaspace: 831K(960K)->831K(960K) NonClass: 777K(832K)->777K(832K) Class: 53K(128K)->53K(128K)
[642.546s][info][gc          ] GC(302) Pause Young (Allocation Failure) 2327M->142M(7918M) 20.188ms
[642.546s][info][gc,cpu      ] GC(302) User=0.02s Sys=0.00s Real=0.02s
[644.646s][info][gc,start    ] GC(303) Pause Young (Allocation Failure)
[644.667s][info][gc,heap     ] GC(303) DefNew: 2302725K(2516544K)->65948K(2516544K) Eden: 2236928K(2236928K)->0K(2236928K) From: 65797K(279616K)->65948K(279616K)
[644.667s][info][gc,heap     ] GC(303) Tenured: 80036K(5592448K)->80036K(5592448K)
[644.667s][info][gc,metaspace] GC(303) Metaspace: 831K(960K)->831K(960K) NonClass: 777K(832K)->777K(832K) Class: 53K(128K)->53K(128K)
[644.667s][info][gc          ] GC(303) Pause Young (Allocation Failure) 2326M->142M(7918M) 20.806ms
[644.667s][info][gc,cpu      ] GC(303) User=0.02s Sys=0.00s Real=0.02s
[646.766s][info][gc,start    ] GC(304) Pause Young (Allocation Failure)
[646.787s][info][gc,heap     ] GC(304) DefNew: 2302876K(2516544K)->65707K(2516544K) Eden: 2236928K(2236928K)->0K(2236928K) From: 65948K(279616K)->65707K(279616K)
[646.788s][info][gc,heap     ] GC(304) Tenured: 80036K(5592448K)->80036K(5592448K)
[646.788s][info][gc,metaspace] GC(304) Metaspace: 831K(960K)->831K(960K) NonClass: 777K(832K)->777K(832K) Class: 53K(128K)->53K(128K)
[646.788s][info][gc          ] GC(304) Pause Young (Allocation Failure) 2327M->142M(7918M) 21.458ms
[646.788s][info][gc,cpu      ] GC(304) User=0.02s Sys=0.00s Real=0.02s
[648.886s][info][gc,start    ] GC(305) Pause Young (Allocation Failure)
[648.907s][info][gc,heap     ] GC(305) DefNew: 2302635K(2516544K)->65859K(2516544K) Eden: 2236928K(2236928K)->0K(2236928K) From: 65707K(279616K)->65859K(279616K)
[648.907s][info][gc,heap     ] GC(305) Tenured: 80036K(5592448K)->80036K(5592448K)
[648.907s][info][gc,metaspace] GC(305) Metaspace: 831K(960K)->831K(960K) NonClass: 777K(832K)->777K(832K) Class: 53K(128K)->53K(128K)
[648.907s][info][gc          ] GC(305) Pause Young (Allocation Failure) 2326M->142M(7918M) 21.067ms
[648.907s][info][gc,cpu      ] GC(305) User=0.02s Sys=0.00s Real=0.02s
[651.007s][info][gc,start    ] GC(306) Pause Young (Allocation Failure)
[651.027s][info][gc,heap     ] GC(306) DefNew: 2302787K(2516544K)->65904K(2516544K) Eden: 2236928K(2236928K)->0K(2236928K) From: 65859K(279616K)->65904K(279616K)
[651.027s][info][gc,heap     ] GC(306) Tenured: 80036K(5592448K)->80036K(5592448K)
[651.027s][info][gc,metaspace] GC(306) Metaspace: 831K(960K)->831K(960K) NonClass: 777K(832K)->777K(832K) Class: 53K(128K)->53K(128K)
[651.027s][info][gc          ] GC(306) Pause Young (Allocation Failure) 2326M->142M(7918M) 20.569ms
[651.027s][info][gc,cpu      ] GC(306) User=0.02s Sys=0.00s Real=0.02s
[653.127s][info][gc,start    ] GC(307) Pause Young (Allocation Failure)
[653.148s][info][gc,heap     ] GC(307) DefNew: 2302832K(2516544K)->65885K(2516544K) Eden: 2236928K(2236928K)->0K(2236928K) From: 65904K(279616K)->65885K(279616K)
[653.148s][info][gc,heap     ] GC(307) Tenured: 80036K(5592448K)->80036K(5592448K)
[653.148s][info][gc,metaspace] GC(307) Metaspace: 831K(960K)->831K(960K) NonClass: 777K(832K)->777K(832K) Class: 53K(128K)->53K(128K)
[653.148s][info][gc          ] GC(307) Pause Young (Allocation Failure) 2327M->142M(7918M) 21.688ms
[653.148s][info][gc,cpu      ] GC(307) User=0.02s Sys=0.00s Real=0.02s
[655.246s][info][gc,start    ] GC(308) Pause Young (Allocation Failure)
[655.270s][info][gc,heap     ] GC(308) DefNew: 2302813K(2516544K)->65889K(2516544K) Eden: 2236928K(2236928K)->0K(2236928K) From: 65885K(279616K)->65889K(279616K)
[655.270s][info][gc,heap     ] GC(308) Tenured: 80036K(5592448K)->80036K(5592448K)
[655.270s][info][gc,metaspace] GC(308) Metaspace: 831K(960K)->831K(960K) NonClass: 777K(832K)->777K(832K) Class: 53K(128K)->53K(128K)
[655.270s][info][gc          ] GC(308) Pause Young (Allocation Failure) 2327M->142M(7918M) 23.534ms
[655.270s][info][gc,cpu      ] GC(308) User=0.02s Sys=0.00s Real=0.02s
[657.367s][info][gc,start    ] GC(309) Pause Young (Allocation Failure)
[657.386s][info][gc,heap     ] GC(309) DefNew: 2302817K(2516544K)->65935K(2516544K) Eden: 2236928K(2236928K)->0K(2236928K) From: 65889K(279616K)->65935K(279616K)
[657.386s][info][gc,heap     ] GC(309) Tenured: 80036K(5592448K)->80036K(5592448K)
[657.386s][info][gc,metaspace] GC(309) Metaspace: 831K(960K)->831K(960K) NonClass: 777K(832K)->777K(832K) Class: 53K(128K)->53K(128K)
[657.386s][info][gc          ] GC(309) Pause Young (Allocation Failure) 2327M->142M(7918M) 19.571ms
[657.386s][info][gc,cpu      ] GC(309) User=0.02s Sys=0.00s Real=0.02s
[659.495s][info][gc,start    ] GC(310) Pause Young (Allocation Failure)
[659.517s][info][gc,heap     ] GC(310) DefNew: 2302863K(2516544K)->65746K(2516544K) Eden: 2236928K(2236928K)->0K(2236928K) From: 65935K(279616K)->65746K(279616K)
[659.517s][info][gc,heap     ] GC(310) Tenured: 80036K(5592448K)->80036K(5592448K)
[659.517s][info][gc,metaspace] GC(310) Metaspace: 831K(960K)->831K(960K) NonClass: 777K(832K)->777K(832K) Class: 53K(128K)->53K(128K)
[659.517s][info][gc          ] GC(310) Pause Young (Allocation Failure) 2327M->142M(7918M) 21.441ms
[659.517s][info][gc,cpu      ] GC(310) User=0.02s Sys=0.00s Real=0.02s
[661.616s][info][gc,start    ] GC(311) Pause Young (Allocation Failure)
[661.638s][info][gc,heap     ] GC(311) DefNew: 2302674K(2516544K)->65978K(2516544K) Eden: 2236928K(2236928K)->0K(2236928K) From: 65746K(279616K)->65978K(279616K)
[661.638s][info][gc,heap     ] GC(311) Tenured: 80036K(5592448K)->80036K(5592448K)
[661.638s][info][gc,metaspace] GC(311) Metaspace: 831K(960K)->831K(960K) NonClass: 777K(832K)->777K(832K) Class: 53K(128K)->53K(128K)
[661.638s][info][gc          ] GC(311) Pause Young (Allocation Failure) 2326M->142M(7918M) 21.279ms
[661.638s][info][gc,cpu      ] GC(311) User=0.02s Sys=0.00s Real=0.02s
[663.737s][info][gc,start    ] GC(312) Pause Young (Allocation Failure)
[663.763s][info][gc,heap     ] GC(312) DefNew: 2302906K(2516544K)->67174K(2516544K) Eden: 2236928K(2236928K)->0K(2236928K) From: 65978K(279616K)->67174K(279616K)
[663.763s][info][gc,heap     ] GC(312) Tenured: 80036K(5592448K)->80036K(5592448K)
[663.763s][info][gc,metaspace] GC(312) Metaspace: 831K(960K)->831K(960K) NonClass: 777K(832K)->777K(832K) Class: 53K(128K)->53K(128K)
[663.763s][info][gc          ] GC(312) Pause Young (Allocation Failure) 2327M->143M(7918M) 25.431ms
[663.763s][info][gc,cpu      ] GC(312) User=0.03s Sys=0.00s Real=0.03s
[665.856s][info][gc,start    ] GC(313) Pause Young (Allocation Failure)
[665.878s][info][gc,heap     ] GC(313) DefNew: 2304102K(2516544K)->67150K(2516544K) Eden: 2236928K(2236928K)->0K(2236928K) From: 67174K(279616K)->67150K(279616K)
[665.878s][info][gc,heap     ] GC(313) Tenured: 80036K(5592448K)->80036K(5592448K)
[665.878s][info][gc,metaspace] GC(313) Metaspace: 831K(960K)->831K(960K) NonClass: 777K(832K)->777K(832K) Class: 53K(128K)->53K(128K)
[665.878s][info][gc          ] GC(313) Pause Young (Allocation Failure) 2328M->143M(7918M) 22.008ms
[665.878s][info][gc,cpu      ] GC(313) User=0.02s Sys=0.00s Real=0.02s
[667.977s][info][gc,start    ] GC(314) Pause Young (Allocation Failure)
[668.000s][info][gc,heap     ] GC(314) DefNew: 2304078K(2516544K)->67022K(2516544K) Eden: 2236928K(2236928K)->0K(2236928K) From: 67150K(279616K)->67022K(279616K)
[668.000s][info][gc,heap     ] GC(314) Tenured: 80036K(5592448K)->80036K(5592448K)
[668.000s][info][gc,metaspace] GC(314) Metaspace: 831K(960K)->831K(960K) NonClass: 777K(832K)->777K(832K) Class: 53K(128K)->53K(128K)
[668.000s][info][gc          ] GC(314) Pause Young (Allocation Failure) 2328M->143M(7918M) 22.875ms
[668.000s][info][gc,cpu      ] GC(314) User=0.03s Sys=0.00s Real=0.02s
[670.105s][info][gc,start    ] GC(315) Pause Young (Allocation Failure)
[670.127s][info][gc,heap     ] GC(315) DefNew: 2303950K(2516544K)->67137K(2516544K) Eden: 2236928K(2236928K)->0K(2236928K) From: 67022K(279616K)->67137K(279616K)
[670.127s][info][gc,heap     ] GC(315) Tenured: 80036K(5592448K)->80036K(5592448K)
[670.128s][info][gc,metaspace] GC(315) Metaspace: 831K(960K)->831K(960K) NonClass: 777K(832K)->777K(832K) Class: 53K(128K)->53K(128K)
[670.128s][info][gc          ] GC(315) Pause Young (Allocation Failure) 2328M->143M(7918M) 22.170ms
[670.128s][info][gc,cpu      ] GC(315) User=0.02s Sys=0.00s Real=0.02s
[672.226s][info][gc,start    ] GC(316) Pause Young (Allocation Failure)
[672.249s][info][gc,heap     ] GC(316) DefNew: 2304065K(2516544K)->67061K(2516544K) Eden: 2236928K(2236928K)->0K(2236928K) From: 67137K(279616K)->67061K(279616K)
[672.249s][info][gc,heap     ] GC(316) Tenured: 80036K(5592448K)->80036K(5592448K)
[672.249s][info][gc,metaspace] GC(316) Metaspace: 831K(960K)->831K(960K) NonClass: 777K(832K)->777K(832K) Class: 53K(128K)->53K(128K)
[672.249s][info][gc          ] GC(316) Pause Young (Allocation Failure) 2328M->143M(7918M) 23.044ms
[672.249s][info][gc,cpu      ] GC(316) User=0.02s Sys=0.00s Real=0.02s
[674.346s][info][gc,start    ] GC(317) Pause Young (Allocation Failure)
[674.368s][info][gc,heap     ] GC(317) DefNew: 2303989K(2516544K)->67053K(2516544K) Eden: 2236928K(2236928K)->0K(2236928K) From: 67061K(279616K)->67053K(279616K)
[674.368s][info][gc,heap     ] GC(317) Tenured: 80036K(5592448K)->80036K(5592448K)
[674.368s][info][gc,metaspace] GC(317) Metaspace: 831K(960K)->831K(960K) NonClass: 777K(832K)->777K(832K) Class: 53K(128K)->53K(128K)
[674.368s][info][gc          ] GC(317) Pause Young (Allocation Failure) 2328M->143M(7918M) 21.396ms
[674.368s][info][gc,cpu      ] GC(317) User=0.02s Sys=0.00s Real=0.02s
[676.466s][info][gc,start    ] GC(318) Pause Young (Allocation Failure)
[676.488s][info][gc,heap     ] GC(318) DefNew: 2303981K(2516544K)->67097K(2516544K) Eden: 2236928K(2236928K)->0K(2236928K) From: 67053K(279616K)->67097K(279616K)
[676.488s][info][gc,heap     ] GC(318) Tenured: 80036K(5592448K)->80036K(5592448K)
[676.488s][info][gc,metaspace] GC(318) Metaspace: 831K(960K)->831K(960K) NonClass: 777K(832K)->777K(832K) Class: 53K(128K)->53K(128K)
[676.488s][info][gc          ] GC(318) Pause Young (Allocation Failure) 2328M->143M(7918M) 21.781ms
[676.488s][info][gc,cpu      ] GC(318) User=0.02s Sys=0.00s Real=0.02s
[678.586s][info][gc,start    ] GC(319) Pause Young (Allocation Failure)
[678.607s][info][gc,heap     ] GC(319) DefNew: 2304025K(2516544K)->67326K(2516544K) Eden: 2236928K(2236928K)->0K(2236928K) From: 67097K(279616K)->67326K(279616K)
[678.608s][info][gc,heap     ] GC(319) Tenured: 80036K(5592448K)->80036K(5592448K)
[678.608s][info][gc,metaspace] GC(319) Metaspace: 831K(960K)->831K(960K) NonClass: 777K(832K)->777K(832K) Class: 53K(128K)->53K(128K)
[678.608s][info][gc          ] GC(319) Pause Young (Allocation Failure) 2328M->143M(7918M) 21.133ms
[678.608s][info][gc,cpu      ] GC(319) User=0.02s Sys=0.00s Real=0.02s
[680.715s][info][gc,start    ] GC(320) Pause Young (Allocation Failure)
[680.737s][info][gc,heap     ] GC(320) DefNew: 2304254K(2516544K)->67132K(2516544K) Eden: 2236928K(2236928K)->0K(2236928K) From: 67326K(279616K)->67132K(279616K)
[680.737s][info][gc,heap     ] GC(320) Tenured: 80036K(5592448K)->80036K(5592448K)
[680.737s][info][gc,metaspace] GC(320) Metaspace: 831K(960K)->831K(960K) NonClass: 777K(832K)->777K(832K) Class: 53K(128K)->53K(128K)
[680.737s][info][gc          ] GC(320) Pause Young (Allocation Failure) 2328M->143M(7918M) 22.043ms
[680.737s][info][gc,cpu      ] GC(320) User=0.03s Sys=0.00s Real=0.02s
[682.836s][info][gc,start    ] GC(321) Pause Young (Allocation Failure)
[682.858s][info][gc,heap     ] GC(321) DefNew: 2304060K(2516544K)->67075K(2516544K) Eden: 2236928K(2236928K)->0K(2236928K) From: 67132K(279616K)->67075K(279616K)
[682.858s][info][gc,heap     ] GC(321) Tenured: 80036K(5592448K)->80036K(5592448K)
[682.858s][info][gc,metaspace] GC(321) Metaspace: 831K(960K)->831K(960K) NonClass: 777K(832K)->777K(832K) Class: 53K(128K)->53K(128K)
[682.858s][info][gc          ] GC(321) Pause Young (Allocation Failure) 2328M->143M(7918M) 22.392ms
[682.858s][info][gc,cpu      ] GC(321) User=0.02s Sys=0.00s Real=0.02s
[684.955s][info][gc,start    ] GC(322) Pause Young (Allocation Failure)
[684.977s][info][gc,heap     ] GC(322) DefNew: 2304003K(2516544K)->67088K(2516544K) Eden: 2236928K(2236928K)->0K(2236928K) From: 67075K(279616K)->67088K(279616K)
[684.977s][info][gc,heap     ] GC(322) Tenured: 80036K(5592448K)->80036K(5592448K)
[684.977s][info][gc,metaspace] GC(322) Metaspace: 831K(960K)->831K(960K) NonClass: 777K(832K)->777K(832K) Class: 53K(128K)->53K(128K)
[684.978s][info][gc          ] GC(322) Pause Young (Allocation Failure) 2328M->143M(7918M) 22.187ms
[684.978s][info][gc,cpu      ] GC(322) User=0.02s Sys=0.00s Real=0.02s
[687.075s][info][gc,start    ] GC(323) Pause Young (Allocation Failure)
[687.096s][info][gc,heap     ] GC(323) DefNew: 2304016K(2516544K)->67125K(2516544K) Eden: 2236928K(2236928K)->0K(2236928K) From: 67088K(279616K)->67125K(279616K)
[687.096s][info][gc,heap     ] GC(323) Tenured: 80036K(5592448K)->80036K(5592448K)
[687.096s][info][gc,metaspace] GC(323) Metaspace: 831K(960K)->831K(960K) NonClass: 777K(832K)->777K(832K) Class: 53K(128K)->53K(128K)
[687.096s][info][gc          ] GC(323) Pause Young (Allocation Failure) 2328M->143M(7918M) 20.832ms
[687.096s][info][gc,cpu      ] GC(323) User=0.02s Sys=0.00s Real=0.02s
[689.196s][info][gc,start    ] GC(324) Pause Young (Allocation Failure)
[689.218s][info][gc,heap     ] GC(324) DefNew: 2304053K(2516544K)->67164K(2516544K) Eden: 2236928K(2236928K)->0K(2236928K) From: 67125K(279616K)->67164K(279616K)
[689.218s][info][gc,heap     ] GC(324) Tenured: 80036K(5592448K)->80036K(5592448K)
[689.218s][info][gc,metaspace] GC(324) Metaspace: 831K(960K)->831K(960K) NonClass: 777K(832K)->777K(832K) Class: 53K(128K)->53K(128K)
[689.218s][info][gc          ] GC(324) Pause Young (Allocation Failure) 2328M->143M(7918M) 22.140ms
[689.218s][info][gc,cpu      ] GC(324) User=0.02s Sys=0.00s Real=0.02s
[691.316s][info][gc,start    ] GC(325) Pause Young (Allocation Failure)
[691.338s][info][gc,heap     ] GC(325) DefNew: 2304092K(2516544K)->67169K(2516544K) Eden: 2236928K(2236928K)->0K(2236928K) From: 67164K(279616K)->67169K(279616K)
[691.338s][info][gc,heap     ] GC(325) Tenured: 80036K(5592448K)->80036K(5592448K)
[691.338s][info][gc,metaspace] GC(325) Metaspace: 831K(960K)->831K(960K) NonClass: 777K(832K)->777K(832K) Class: 53K(128K)->53K(128K)
[691.338s][info][gc          ] GC(325) Pause Young (Allocation Failure) 2328M->143M(7918M) 21.977ms
[691.338s][info][gc,cpu      ] GC(325) User=0.03s Sys=0.00s Real=0.02s
[693.446s][info][gc,start    ] GC(326) Pause Young (Allocation Failure)
[693.468s][info][gc,heap     ] GC(326) DefNew: 2304097K(2516544K)->67153K(2516544K) Eden: 2236928K(2236928K)->0K(2236928K) From: 67169K(279616K)->67153K(279616K)
[693.468s][info][gc,heap     ] GC(326) Tenured: 80036K(5592448K)->80037K(5592448K)
[693.468s][info][gc,metaspace] GC(326) Metaspace: 831K(960K)->831K(960K) NonClass: 777K(832K)->777K(832K) Class: 53K(128K)->53K(128K)
[693.468s][info][gc          ] GC(326) Pause Young (Allocation Failure) 2328M->143M(7918M) 21.980ms
[693.468s][info][gc,cpu      ] GC(326) User=0.02s Sys=0.00s Real=0.02s
[695.576s][info][gc,start    ] GC(327) Pause Young (Allocation Failure)
[695.598s][info][gc,heap     ] GC(327) DefNew: 2304081K(2516544K)->65900K(2516544K) Eden: 2236928K(2236928K)->0K(2236928K) From: 67153K(279616K)->65900K(279616K)
[695.598s][info][gc,heap     ] GC(327) Tenured: 80037K(5592448K)->81324K(5592448K)
[695.598s][info][gc,metaspace] GC(327) Metaspace: 831K(960K)->831K(960K) NonClass: 777K(832K)->777K(832K) Class: 53K(128K)->53K(128K)
[695.598s][info][gc          ] GC(327) Pause Young (Allocation Failure) 2328M->143M(7918M) 22.266ms
[695.598s][info][gc,cpu      ] GC(327) User=0.02s Sys=0.00s Real=0.02s
[697.695s][info][gc,start    ] GC(328) Pause Young (Allocation Failure)
[697.716s][info][gc,heap     ] GC(328) DefNew: 2302828K(2516544K)->65967K(2516544K) Eden: 2236928K(2236928K)->0K(2236928K) From: 65900K(279616K)->65967K(279616K)
[697.716s][info][gc,heap     ] GC(328) Tenured: 81324K(5592448K)->81324K(5592448K)
[697.716s][info][gc,metaspace] GC(328) Metaspace: 831K(960K)->831K(960K) NonClass: 777K(832K)->777K(832K) Class: 53K(128K)->53K(128K)
[697.716s][info][gc          ] GC(328) Pause Young (Allocation Failure) 2328M->143M(7918M) 21.109ms
[697.717s][info][gc,cpu      ] GC(328) User=0.02s Sys=0.00s Real=0.02s
[699.816s][info][gc,start    ] GC(329) Pause Young (Allocation Failure)
[699.836s][info][gc,heap     ] GC(329) DefNew: 2302895K(2516544K)->65824K(2516544K) Eden: 2236928K(2236928K)->0K(2236928K) From: 65967K(279616K)->65824K(279616K)
[699.836s][info][gc,heap     ] GC(329) Tenured: 81324K(5592448K)->81324K(5592448K)
[699.836s][info][gc,metaspace] GC(329) Metaspace: 831K(960K)->831K(960K) NonClass: 777K(832K)->777K(832K) Class: 53K(128K)->53K(128K)
[699.836s][info][gc          ] GC(329) Pause Young (Allocation Failure) 2328M->143M(7918M) 20.563ms
[699.836s][info][gc,cpu      ] GC(329) User=0.02s Sys=0.00s Real=0.02s
[701.935s][info][gc,start    ] GC(330) Pause Young (Allocation Failure)
[701.956s][info][gc,heap     ] GC(330) DefNew: 2302752K(2516544K)->65987K(2516544K) Eden: 2236928K(2236928K)->0K(2236928K) From: 65824K(279616K)->65987K(279616K)
[701.956s][info][gc,heap     ] GC(330) Tenured: 81324K(5592448K)->81324K(5592448K)
[701.956s][info][gc,metaspace] GC(330) Metaspace: 831K(960K)->831K(960K) NonClass: 777K(832K)->777K(832K) Class: 53K(128K)->53K(128K)
[701.956s][info][gc          ] GC(330) Pause Young (Allocation Failure) 2328M->143M(7918M) 20.766ms
[701.956s][info][gc,cpu      ] GC(330) User=0.02s Sys=0.00s Real=0.02s
[704.057s][info][gc,start    ] GC(331) Pause Young (Allocation Failure)
[704.076s][info][gc,heap     ] GC(331) DefNew: 2302915K(2516544K)->65907K(2516544K) Eden: 2236928K(2236928K)->0K(2236928K) From: 65987K(279616K)->65907K(279616K)
[704.076s][info][gc,heap     ] GC(331) Tenured: 81324K(5592448K)->81324K(5592448K)
[704.076s][info][gc,metaspace] GC(331) Metaspace: 831K(960K)->831K(960K) NonClass: 777K(832K)->777K(832K) Class: 53K(128K)->53K(128K)
[704.076s][info][gc          ] GC(331) Pause Young (Allocation Failure) 2328M->143M(7918M) 19.294ms
[704.076s][info][gc,cpu      ] GC(331) User=0.02s Sys=0.00s Real=0.02s
[706.177s][info][gc,start    ] GC(332) Pause Young (Allocation Failure)
[706.197s][info][gc,heap     ] GC(332) DefNew: 2302835K(2516544K)->65796K(2516544K) Eden: 2236928K(2236928K)->0K(2236928K) From: 65907K(279616K)->65796K(279616K)
[706.197s][info][gc,heap     ] GC(332) Tenured: 81324K(5592448K)->81324K(5592448K)
[706.197s][info][gc,metaspace] GC(332) Metaspace: 831K(960K)->831K(960K) NonClass: 777K(832K)->777K(832K) Class: 53K(128K)->53K(128K)
[706.198s][info][gc          ] GC(332) Pause Young (Allocation Failure) 2328M->143M(7918M) 20.353ms
[706.198s][info][gc,cpu      ] GC(332) User=0.02s Sys=0.00s Real=0.02s
[708.296s][info][gc,start    ] GC(333) Pause Young (Allocation Failure)
[708.318s][info][gc,heap     ] GC(333) DefNew: 2302724K(2516544K)->65913K(2516544K) Eden: 2236928K(2236928K)->0K(2236928K) From: 65796K(279616K)->65913K(279616K)
[708.318s][info][gc,heap     ] GC(333) Tenured: 81324K(5592448K)->81324K(5592448K)
[708.318s][info][gc,metaspace] GC(333) Metaspace: 831K(960K)->831K(960K) NonClass: 777K(832K)->777K(832K) Class: 53K(128K)->53K(128K)
[708.318s][info][gc          ] GC(333) Pause Young (Allocation Failure) 2328M->143M(7918M) 21.744ms
[708.318s][info][gc,cpu      ] GC(333) User=0.02s Sys=0.00s Real=0.02s
[710.417s][info][gc,start    ] GC(334) Pause Young (Allocation Failure)
[710.438s][info][gc,heap     ] GC(334) DefNew: 2302841K(2516544K)->65885K(2516544K) Eden: 2236928K(2236928K)->0K(2236928K) From: 65913K(279616K)->65885K(279616K)
[710.438s][info][gc,heap     ] GC(334) Tenured: 81324K(5592448K)->81324K(5592448K)
[710.438s][info][gc,metaspace] GC(334) Metaspace: 831K(960K)->831K(960K) NonClass: 777K(832K)->777K(832K) Class: 53K(128K)->53K(128K)
[710.438s][info][gc          ] GC(334) Pause Young (Allocation Failure) 2328M->143M(7918M) 21.213ms
[710.438s][info][gc,cpu      ] GC(334) User=0.02s Sys=0.00s Real=0.02s
[712.545s][info][gc,start    ] GC(335) Pause Young (Allocation Failure)
[712.570s][info][gc,heap     ] GC(335) DefNew: 2302813K(2516544K)->65847K(2516544K) Eden: 2236928K(2236928K)->0K(2236928K) From: 65885K(279616K)->65847K(279616K)
[712.571s][info][gc,heap     ] GC(335) Tenured: 81324K(5592448K)->81324K(5592448K)
[712.571s][info][gc,metaspace] GC(335) Metaspace: 831K(960K)->831K(960K) NonClass: 777K(832K)->777K(832K) Class: 53K(128K)->53K(128K)
[712.571s][info][gc          ] GC(335) Pause Young (Allocation Failure) 2328M->143M(7918M) 25.072ms
[712.571s][info][gc,cpu      ] GC(335) User=0.03s Sys=0.00s Real=0.03s
[714.665s][info][gc,start    ] GC(336) Pause Young (Allocation Failure)
[714.686s][info][gc,heap     ] GC(336) DefNew: 2302775K(2516544K)->65970K(2516544K) Eden: 2236928K(2236928K)->0K(2236928K) From: 65847K(279616K)->65970K(279616K)
[714.686s][info][gc,heap     ] GC(336) Tenured: 81324K(5592448K)->81324K(5592448K)
[714.686s][info][gc,metaspace] GC(336) Metaspace: 831K(960K)->831K(960K) NonClass: 777K(832K)->777K(832K) Class: 53K(128K)->53K(128K)
[714.686s][info][gc          ] GC(336) Pause Young (Allocation Failure) 2328M->143M(7918M) 20.661ms
[714.686s][info][gc,cpu      ] GC(336) User=0.02s Sys=0.00s Real=0.02s
[716.786s][info][gc,start    ] GC(337) Pause Young (Allocation Failure)
[716.807s][info][gc,heap     ] GC(337) DefNew: 2302898K(2516544K)->65939K(2516544K) Eden: 2236928K(2236928K)->0K(2236928K) From: 65970K(279616K)->65939K(279616K)
[716.807s][info][gc,heap     ] GC(337) Tenured: 81324K(5592448K)->81324K(5592448K)
[716.807s][info][gc,metaspace] GC(337) Metaspace: 831K(960K)->831K(960K) NonClass: 777K(832K)->777K(832K) Class: 53K(128K)->53K(128K)
[716.807s][info][gc          ] GC(337) Pause Young (Allocation Failure) 2328M->143M(7918M) 21.147ms
[716.807s][info][gc,cpu      ] GC(337) User=0.03s Sys=0.00s Real=0.02s
[718.906s][info][gc,start    ] GC(338) Pause Young (Allocation Failure)
[718.927s][info][gc,heap     ] GC(338) DefNew: 2302867K(2516544K)->65908K(2516544K) Eden: 2236928K(2236928K)->0K(2236928K) From: 65939K(279616K)->65908K(279616K)
[718.927s][info][gc,heap     ] GC(338) Tenured: 81324K(5592448K)->81324K(5592448K)
[718.927s][info][gc,metaspace] GC(338) Metaspace: 831K(960K)->831K(960K) NonClass: 777K(832K)->777K(832K) Class: 53K(128K)->53K(128K)
[718.927s][info][gc          ] GC(338) Pause Young (Allocation Failure) 2328M->143M(7918M) 20.673ms
[718.927s][info][gc,cpu      ] GC(338) User=0.02s Sys=0.00s Real=0.02s
[721.027s][info][gc,start    ] GC(339) Pause Young (Allocation Failure)
[721.050s][info][gc,heap     ] GC(339) DefNew: 2302836K(2516544K)->65873K(2516544K) Eden: 2236928K(2236928K)->0K(2236928K) From: 65908K(279616K)->65873K(279616K)
[721.050s][info][gc,heap     ] GC(339) Tenured: 81324K(5592448K)->81324K(5592448K)
[721.050s][info][gc,metaspace] GC(339) Metaspace: 831K(960K)->831K(960K) NonClass: 777K(832K)->777K(832K) Class: 53K(128K)->53K(128K)
[721.050s][info][gc          ] GC(339) Pause Young (Allocation Failure) 2328M->143M(7918M) 23.265ms
[721.050s][info][gc,cpu      ] GC(339) User=0.03s Sys=0.00s Real=0.03s
[723.146s][info][gc,start    ] GC(340) Pause Young (Allocation Failure)
[723.170s][info][gc,heap     ] GC(340) DefNew: 2302801K(2516544K)->67232K(2516544K) Eden: 2236928K(2236928K)->0K(2236928K) From: 65873K(279616K)->67232K(279616K)
[723.170s][info][gc,heap     ] GC(340) Tenured: 81324K(5592448K)->81324K(5592448K)
[723.170s][info][gc,metaspace] GC(340) Metaspace: 831K(960K)->831K(960K) NonClass: 777K(832K)->777K(832K) Class: 53K(128K)->53K(128K)
[723.170s][info][gc          ] GC(340) Pause Young (Allocation Failure) 2328M->145M(7918M) 23.370ms
[723.170s][info][gc,cpu      ] GC(340) User=0.02s Sys=0.00s Real=0.03s
[725.266s][info][gc,start    ] GC(341) Pause Young (Allocation Failure)
[725.288s][info][gc,heap     ] GC(341) DefNew: 2304160K(2516544K)->67320K(2516544K) Eden: 2236928K(2236928K)->0K(2236928K) From: 67232K(279616K)->67320K(279616K)
[725.289s][info][gc,heap     ] GC(341) Tenured: 81324K(5592448K)->81324K(5592448K)
[725.289s][info][gc,metaspace] GC(341) Metaspace: 831K(960K)->831K(960K) NonClass: 777K(832K)->777K(832K) Class: 53K(128K)->53K(128K)
[725.289s][info][gc          ] GC(341) Pause Young (Allocation Failure) 2329M->145M(7918M) 22.832ms
[725.289s][info][gc,cpu      ] GC(341) User=0.02s Sys=0.00s Real=0.03s
[727.387s][info][gc,start    ] GC(342) Pause Young (Allocation Failure)
[727.410s][info][gc,heap     ] GC(342) DefNew: 2304248K(2516544K)->67180K(2516544K) Eden: 2236928K(2236928K)->0K(2236928K) From: 67320K(279616K)->67180K(279616K)
[727.410s][info][gc,heap     ] GC(342) Tenured: 81324K(5592448K)->81324K(5592448K)
[727.410s][info][gc,metaspace] GC(342) Metaspace: 831K(960K)->831K(960K) NonClass: 777K(832K)->777K(832K) Class: 53K(128K)->53K(128K)
[727.410s][info][gc          ] GC(342) Pause Young (Allocation Failure) 2329M->145M(7918M) 23.050ms
[727.410s][info][gc,cpu      ] GC(342) User=0.02s Sys=0.00s Real=0.03s
[729.515s][info][gc,start    ] GC(343) Pause Young (Allocation Failure)
[729.537s][info][gc,heap     ] GC(343) DefNew: 2304108K(2516544K)->67196K(2516544K) Eden: 2236928K(2236928K)->0K(2236928K) From: 67180K(279616K)->67196K(279616K)
[729.537s][info][gc,heap     ] GC(343) Tenured: 81324K(5592448K)->81324K(5592448K)
[729.537s][info][gc,metaspace] GC(343) Metaspace: 831K(960K)->831K(960K) NonClass: 777K(832K)->777K(832K) Class: 53K(128K)->53K(128K)
[729.537s][info][gc          ] GC(343) Pause Young (Allocation Failure) 2329M->145M(7918M) 22.141ms
[729.537s][info][gc,cpu      ] GC(343) User=0.02s Sys=0.00s Real=0.02s
[731.636s][info][gc,start    ] GC(344) Pause Young (Allocation Failure)
[731.658s][info][gc,heap     ] GC(344) DefNew: 2304124K(2516544K)->67334K(2516544K) Eden: 2236928K(2236928K)->0K(2236928K) From: 67196K(279616K)->67334K(279616K)
[731.658s][info][gc,heap     ] GC(344) Tenured: 81324K(5592448K)->81324K(5592448K)
[731.658s][info][gc,metaspace] GC(344) Metaspace: 831K(960K)->831K(960K) NonClass: 777K(832K)->777K(832K) Class: 53K(128K)->53K(128K)
[731.658s][info][gc          ] GC(344) Pause Young (Allocation Failure) 2329M->145M(7918M) 22.298ms
[731.658s][info][gc,cpu      ] GC(344) User=0.02s Sys=0.00s Real=0.02s
[733.756s][info][gc,start    ] GC(345) Pause Young (Allocation Failure)
[733.778s][info][gc,heap     ] GC(345) DefNew: 2304262K(2516544K)->67261K(2516544K) Eden: 2236928K(2236928K)->0K(2236928K) From: 67334K(279616K)->67261K(279616K)
[733.778s][info][gc,heap     ] GC(345) Tenured: 81324K(5592448K)->81324K(5592448K)
[733.778s][info][gc,metaspace] GC(345) Metaspace: 831K(960K)->831K(960K) NonClass: 777K(832K)->777K(832K) Class: 53K(128K)->53K(128K)
[733.778s][info][gc          ] GC(345) Pause Young (Allocation Failure) 2329M->145M(7918M) 21.955ms
[733.778s][info][gc,cpu      ] GC(345) User=0.02s Sys=0.00s Real=0.02s
[735.876s][info][gc,start    ] GC(346) Pause Young (Allocation Failure)
[735.897s][info][gc,heap     ] GC(346) DefNew: 2304189K(2516544K)->67109K(2516544K) Eden: 2236928K(2236928K)->0K(2236928K) From: 67261K(279616K)->67109K(279616K)
[735.897s][info][gc,heap     ] GC(346) Tenured: 81324K(5592448K)->81324K(5592448K)
[735.897s][info][gc,metaspace] GC(346) Metaspace: 831K(960K)->831K(960K) NonClass: 777K(832K)->777K(832K) Class: 53K(128K)->53K(128K)
[735.897s][info][gc          ] GC(346) Pause Young (Allocation Failure) 2329M->144M(7918M) 21.060ms
[735.897s][info][gc,cpu      ] GC(346) User=0.02s Sys=0.00s Real=0.02s
[737.996s][info][gc,start    ] GC(347) Pause Young (Allocation Failure)
[738.020s][info][gc,heap     ] GC(347) DefNew: 2304037K(2516544K)->67181K(2516544K) Eden: 2236928K(2236928K)->0K(2236928K) From: 67109K(279616K)->67181K(279616K)
[738.020s][info][gc,heap     ] GC(347) Tenured: 81324K(5592448K)->81324K(5592448K)
[738.020s][info][gc,metaspace] GC(347) Metaspace: 831K(960K)->831K(960K) NonClass: 777K(832K)->777K(832K) Class: 53K(128K)->53K(128K)
[738.020s][info][gc          ] GC(347) Pause Young (Allocation Failure) 2329M->145M(7918M) 23.837ms
[738.020s][info][gc,cpu      ] GC(347) User=0.02s Sys=0.00s Real=0.03s
[740.117s][info][gc,start    ] GC(348) Pause Young (Allocation Failure)
[740.139s][info][gc,heap     ] GC(348) DefNew: 2304109K(2516544K)->67339K(2516544K) Eden: 2236928K(2236928K)->0K(2236928K) From: 67181K(279616K)->67339K(279616K)
[740.139s][info][gc,heap     ] GC(348) Tenured: 81324K(5592448K)->81324K(5592448K)
[740.139s][info][gc,metaspace] GC(348) Metaspace: 831K(960K)->831K(960K) NonClass: 777K(832K)->777K(832K) Class: 53K(128K)->53K(128K)
[740.139s][info][gc          ] GC(348) Pause Young (Allocation Failure) 2329M->145M(7918M) 22.130ms
[740.139s][info][gc,cpu      ] GC(348) User=0.03s Sys=0.00s Real=0.03s
[742.237s][info][gc,start    ] GC(349) Pause Young (Allocation Failure)
[742.259s][info][gc,heap     ] GC(349) DefNew: 2304267K(2516544K)->67239K(2516544K) Eden: 2236928K(2236928K)->0K(2236928K) From: 67339K(279616K)->67239K(279616K)
[742.259s][info][gc,heap     ] GC(349) Tenured: 81324K(5592448K)->81324K(5592448K)
[742.259s][info][gc,metaspace] GC(349) Metaspace: 831K(960K)->831K(960K) NonClass: 777K(832K)->777K(832K) Class: 53K(128K)->53K(128K)
[742.259s][info][gc          ] GC(349) Pause Young (Allocation Failure) 2329M->145M(7918M) 22.355ms
[742.259s][info][gc,cpu      ] GC(349) User=0.02s Sys=0.00s Real=0.03s
[744.366s][info][gc,start    ] GC(350) Pause Young (Allocation Failure)
[744.386s][info][gc,heap     ] GC(350) DefNew: 2304167K(2516544K)->67174K(2516544K) Eden: 2236928K(2236928K)->0K(2236928K) From: 67239K(279616K)->67174K(279616K)
[744.387s][info][gc,heap     ] GC(350) Tenured: 81324K(5592448K)->81324K(5592448K)
[744.387s][info][gc,metaspace] GC(350) Metaspace: 831K(960K)->831K(960K) NonClass: 777K(832K)->777K(832K) Class: 53K(128K)->53K(128K)
[744.387s][info][gc          ] GC(350) Pause Young (Allocation Failure) 2329M->145M(7918M) 20.756ms
[744.387s][info][gc,cpu      ] GC(350) User=0.02s Sys=0.00s Real=0.02s
[746.486s][info][gc,start    ] GC(351) Pause Young (Allocation Failure)
[746.507s][info][gc,heap     ] GC(351) DefNew: 2304102K(2516544K)->67104K(2516544K) Eden: 2236928K(2236928K)->0K(2236928K) From: 67174K(279616K)->67104K(279616K)
[746.507s][info][gc,heap     ] GC(351) Tenured: 81324K(5592448K)->81324K(5592448K)
[746.507s][info][gc,metaspace] GC(351) Metaspace: 831K(960K)->831K(960K) NonClass: 777K(832K)->777K(832K) Class: 53K(128K)->53K(128K)
[746.507s][info][gc          ] GC(351) Pause Young (Allocation Failure) 2329M->144M(7918M) 21.692ms
[746.507s][info][gc,cpu      ] GC(351) User=0.02s Sys=0.00s Real=0.02s
[748.606s][info][gc,start    ] GC(352) Pause Young (Allocation Failure)
[748.628s][info][gc,heap     ] GC(352) DefNew: 2304032K(2516544K)->67224K(2516544K) Eden: 2236928K(2236928K)->0K(2236928K) From: 67104K(279616K)->67224K(279616K)
[748.628s][info][gc,heap     ] GC(352) Tenured: 81324K(5592448K)->81324K(5592448K)
[748.628s][info][gc,metaspace] GC(352) Metaspace: 831K(960K)->831K(960K) NonClass: 777K(832K)->777K(832K) Class: 53K(128K)->53K(128K)
[748.628s][info][gc          ] GC(352) Pause Young (Allocation Failure) 2329M->145M(7918M) 22.081ms
[748.628s][info][gc,cpu      ] GC(352) User=0.02s Sys=0.00s Real=0.03s
[750.726s][info][gc,start    ] GC(353) Pause Young (Allocation Failure)
[750.748s][info][gc,heap     ] GC(353) DefNew: 2304152K(2516544K)->67165K(2516544K) Eden: 2236928K(2236928K)->0K(2236928K) From: 67224K(279616K)->67165K(279616K)
[750.748s][info][gc,heap     ] GC(353) Tenured: 81324K(5592448K)->81324K(5592448K)
[750.748s][info][gc,metaspace] GC(353) Metaspace: 831K(960K)->831K(960K) NonClass: 777K(832K)->777K(832K) Class: 53K(128K)->53K(128K)
[750.748s][info][gc          ] GC(353) Pause Young (Allocation Failure) 2329M->145M(7918M) 21.924ms
[750.748s][info][gc,cpu      ] GC(353) User=0.03s Sys=0.00s Real=0.02s
[752.846s][info][gc,start    ] GC(354) Pause Young (Allocation Failure)
[752.868s][info][gc,heap     ] GC(354) DefNew: 2304093K(2516544K)->67199K(2516544K) Eden: 2236928K(2236928K)->0K(2236928K) From: 67165K(279616K)->67199K(279616K)
[752.868s][info][gc,heap     ] GC(354) Tenured: 81324K(5592448K)->81325K(5592448K)
[752.868s][info][gc,metaspace] GC(354) Metaspace: 831K(960K)->831K(960K) NonClass: 777K(832K)->777K(832K) Class: 53K(128K)->53K(128K)
[752.868s][info][gc          ] GC(354) Pause Young (Allocation Failure) 2329M->145M(7918M) 21.918ms
[752.868s][info][gc,cpu      ] GC(354) User=0.02s Sys=0.00s Real=0.03s
[754.967s][info][gc,start    ] GC(355) Pause Young (Allocation Failure)
[754.990s][info][gc,heap     ] GC(355) DefNew: 2304127K(2516544K)->65907K(2516544K) Eden: 2236928K(2236928K)->0K(2236928K) From: 67199K(279616K)->65907K(279616K)
[754.990s][info][gc,heap     ] GC(355) Tenured: 81325K(5592448K)->82644K(5592448K)
[754.990s][info][gc,metaspace] GC(355) Metaspace: 831K(960K)->831K(960K) NonClass: 777K(832K)->777K(832K) Class: 53K(128K)->53K(128K)
[754.990s][info][gc          ] GC(355) Pause Young (Allocation Failure) 2329M->145M(7918M) 23.054ms
[754.990s][info][gc,cpu      ] GC(355) User=0.02s Sys=0.01s Real=0.03s
[757.096s][info][gc,start    ] GC(356) Pause Young (Allocation Failure)
[757.117s][info][gc,heap     ] GC(356) DefNew: 2302835K(2516544K)->65756K(2516544K) Eden: 2236928K(2236928K)->0K(2236928K) From: 65907K(279616K)->65756K(279616K)
[757.117s][info][gc,heap     ] GC(356) Tenured: 82644K(5592448K)->82644K(5592448K)
[757.117s][info][gc,metaspace] GC(356) Metaspace: 831K(960K)->831K(960K) NonClass: 777K(832K)->777K(832K) Class: 53K(128K)->53K(128K)
[757.117s][info][gc          ] GC(356) Pause Young (Allocation Failure) 2329M->144M(7918M) 21.351ms
[757.117s][info][gc,cpu      ] GC(356) User=0.02s Sys=0.00s Real=0.02s
[759.207s][info][gc,start    ] GC(357) Pause Young (Allocation Failure)
[759.227s][info][gc,heap     ] GC(357) DefNew: 2302684K(2516544K)->65895K(2516544K) Eden: 2236928K(2236928K)->0K(2236928K) From: 65756K(279616K)->65895K(279616K)
[759.227s][info][gc,heap     ] GC(357) Tenured: 82644K(5592448K)->82644K(5592448K)
[759.227s][info][gc,metaspace] GC(357) Metaspace: 831K(960K)->831K(960K) NonClass: 777K(832K)->777K(832K) Class: 53K(128K)->53K(128K)
[759.228s][info][gc          ] GC(357) Pause Young (Allocation Failure) 2329M->145M(7918M) 20.750ms
[759.228s][info][gc,cpu      ] GC(357) User=0.02s Sys=0.00s Real=0.02s
[761.327s][info][gc,start    ] GC(358) Pause Young (Allocation Failure)
[761.348s][info][gc,heap     ] GC(358) DefNew: 2302823K(2516544K)->65826K(2516544K) Eden: 2236928K(2236928K)->0K(2236928K) From: 65895K(279616K)->65826K(279616K)
[761.348s][info][gc,heap     ] GC(358) Tenured: 82644K(5592448K)->82644K(5592448K)
[761.348s][info][gc,metaspace] GC(358) Metaspace: 831K(960K)->831K(960K) NonClass: 777K(832K)->777K(832K) Class: 53K(128K)->53K(128K)
[761.348s][info][gc          ] GC(358) Pause Young (Allocation Failure) 2329M->144M(7918M) 21.069ms
[761.348s][info][gc,cpu      ] GC(358) User=0.02s Sys=0.00s Real=0.03s
[763.455s][info][gc,start    ] GC(359) Pause Young (Allocation Failure)
[763.475s][info][gc,heap     ] GC(359) DefNew: 2302754K(2516544K)->65925K(2516544K) Eden: 2236928K(2236928K)->0K(2236928K) From: 65826K(279616K)->65925K(279616K)
[763.475s][info][gc,heap     ] GC(359) Tenured: 82644K(5592448K)->82644K(5592448K)
[763.475s][info][gc,metaspace] GC(359) Metaspace: 831K(960K)->831K(960K) NonClass: 777K(832K)->777K(832K) Class: 53K(128K)->53K(128K)
[763.475s][info][gc          ] GC(359) Pause Young (Allocation Failure) 2329M->145M(7918M) 19.923ms
[763.475s][info][gc,cpu      ] GC(359) User=0.02s Sys=0.00s Real=0.02s
[765.576s][info][gc,start    ] GC(360) Pause Young (Allocation Failure)
[765.597s][info][gc,heap     ] GC(360) DefNew: 2302853K(2516544K)->65864K(2516544K) Eden: 2236928K(2236928K)->0K(2236928K) From: 65925K(279616K)->65864K(279616K)
[765.597s][info][gc,heap     ] GC(360) Tenured: 82644K(5592448K)->82644K(5592448K)
[765.597s][info][gc,metaspace] GC(360) Metaspace: 831K(960K)->831K(960K) NonClass: 777K(832K)->777K(832K) Class: 53K(128K)->53K(128K)
[765.597s][info][gc          ] GC(360) Pause Young (Allocation Failure) 2329M->145M(7918M) 20.723ms
[765.597s][info][gc,cpu      ] GC(360) User=0.02s Sys=0.00s Real=0.02s
[767.696s][info][gc,start    ] GC(361) Pause Young (Allocation Failure)
[767.717s][info][gc,heap     ] GC(361) DefNew: 2302792K(2516544K)->65924K(2516544K) Eden: 2236928K(2236928K)->0K(2236928K) From: 65864K(279616K)->65924K(279616K)
[767.717s][info][gc,heap     ] GC(361) Tenured: 82644K(5592448K)->82644K(5592448K)
[767.717s][info][gc,metaspace] GC(361) Metaspace: 831K(960K)->831K(960K) NonClass: 777K(832K)->777K(832K) Class: 53K(128K)->53K(128K)
[767.717s][info][gc          ] GC(361) Pause Young (Allocation Failure) 2329M->145M(7918M) 21.027ms
[767.717s][info][gc,cpu      ] GC(361) User=0.02s Sys=0.00s Real=0.02s
[769.816s][info][gc,start    ] GC(362) Pause Young (Allocation Failure)
[769.837s][info][gc,heap     ] GC(362) DefNew: 2302852K(2516544K)->65683K(2516544K) Eden: 2236928K(2236928K)->0K(2236928K) From: 65924K(279616K)->65683K(279616K)
[769.837s][info][gc,heap     ] GC(362) Tenured: 82644K(5592448K)->82644K(5592448K)
[769.837s][info][gc,metaspace] GC(362) Metaspace: 831K(960K)->831K(960K) NonClass: 777K(832K)->777K(832K) Class: 53K(128K)->53K(128K)
[769.837s][info][gc          ] GC(362) Pause Young (Allocation Failure) 2329M->144M(7918M) 21.101ms
[769.837s][info][gc,cpu      ] GC(362) User=0.02s Sys=0.00s Real=0.02s
[771.936s][info][gc,start    ] GC(363) Pause Young (Allocation Failure)
[771.958s][info][gc,heap     ] GC(363) DefNew: 2302611K(2516544K)->65894K(2516544K) Eden: 2236928K(2236928K)->0K(2236928K) From: 65683K(279616K)->65894K(279616K)
[771.958s][info][gc,heap     ] GC(363) Tenured: 82644K(5592448K)->82644K(5592448K)
[771.958s][info][gc,metaspace] GC(363) Metaspace: 831K(960K)->831K(960K) NonClass: 777K(832K)->777K(832K) Class: 53K(128K)->53K(128K)
[771.958s][info][gc          ] GC(363) Pause Young (Allocation Failure) 2329M->145M(7918M) 22.236ms
[771.958s][info][gc,cpu      ] GC(363) User=0.02s Sys=0.00s Real=0.03s
[774.056s][info][gc,start    ] GC(364) Pause Young (Allocation Failure)
[774.077s][info][gc,heap     ] GC(364) DefNew: 2302822K(2516544K)->65820K(2516544K) Eden: 2236928K(2236928K)->0K(2236928K) From: 65894K(279616K)->65820K(279616K)
[774.077s][info][gc,heap     ] GC(364) Tenured: 82644K(5592448K)->82644K(5592448K)
[774.077s][info][gc,metaspace] GC(364) Metaspace: 831K(960K)->831K(960K) NonClass: 777K(832K)->777K(832K) Class: 53K(128K)->53K(128K)
[774.077s][info][gc          ] GC(364) Pause Young (Allocation Failure) 2329M->144M(7918M) 21.010ms
[774.077s][info][gc,cpu      ] GC(364) User=0.02s Sys=0.00s Real=0.03s
[776.185s][info][gc,start    ] GC(365) Pause Young (Allocation Failure)
[776.206s][info][gc,heap     ] GC(365) DefNew: 2302748K(2516544K)->65959K(2516544K) Eden: 2236928K(2236928K)->0K(2236928K) From: 65820K(279616K)->65959K(279616K)
[776.206s][info][gc,heap     ] GC(365) Tenured: 82644K(5592448K)->82644K(5592448K)
[776.206s][info][gc,metaspace] GC(365) Metaspace: 831K(960K)->831K(960K) NonClass: 777K(832K)->777K(832K) Class: 53K(128K)->53K(128K)
[776.206s][info][gc          ] GC(365) Pause Young (Allocation Failure) 2329M->145M(7918M) 21.163ms
[776.206s][info][gc,cpu      ] GC(365) User=0.02s Sys=0.00s Real=0.02s
[778.296s][info][gc,start    ] GC(366) Pause Young (Allocation Failure)
[778.316s][info][gc,heap     ] GC(366) DefNew: 2302887K(2516544K)->65927K(2516544K) Eden: 2236928K(2236928K)->0K(2236928K) From: 65959K(279616K)->65927K(279616K)
[778.317s][info][gc,heap     ] GC(366) Tenured: 82644K(5592448K)->82644K(5592448K)
[778.317s][info][gc,metaspace] GC(366) Metaspace: 831K(960K)->831K(960K) NonClass: 777K(832K)->777K(832K) Class: 53K(128K)->53K(128K)
[778.317s][info][gc          ] GC(366) Pause Young (Allocation Failure) 2329M->145M(7918M) 20.618ms
[778.317s][info][gc,cpu      ] GC(366) User=0.02s Sys=0.00s Real=0.02s
[780.407s][info][gc,start    ] GC(367) Pause Young (Allocation Failure)
[780.430s][info][gc,heap     ] GC(367) DefNew: 2302855K(2516544K)->65840K(2516544K) Eden: 2236928K(2236928K)->0K(2236928K) From: 65927K(279616K)->65840K(279616K)
[780.430s][info][gc,heap     ] GC(367) Tenured: 82644K(5592448K)->82644K(5592448K)
[780.430s][info][gc,metaspace] GC(367) Metaspace: 831K(960K)->831K(960K) NonClass: 777K(832K)->777K(832K) Class: 53K(128K)->53K(128K)
[780.430s][info][gc          ] GC(367) Pause Young (Allocation Failure) 2329M->145M(7918M) 23.535ms
[780.430s][info][gc,cpu      ] GC(367) User=0.02s Sys=0.00s Real=0.03s
[782.535s][info][gc,start    ] GC(368) Pause Young (Allocation Failure)
[782.557s][info][gc,heap     ] GC(368) DefNew: 2302768K(2516544K)->65993K(2516544K) Eden: 2236928K(2236928K)->0K(2236928K) From: 65840K(279616K)->65993K(279616K)
[782.557s][info][gc,heap     ] GC(368) Tenured: 82644K(5592448K)->82644K(5592448K)
[782.557s][info][gc,metaspace] GC(368) Metaspace: 831K(960K)->831K(960K) NonClass: 777K(832K)->777K(832K) Class: 53K(128K)->53K(128K)
[782.557s][info][gc          ] GC(368) Pause Young (Allocation Failure) 2329M->145M(7918M) 22.072ms
[782.557s][info][gc,cpu      ] GC(368) User=0.02s Sys=0.00s Real=0.03s
[784.656s][info][gc,start    ] GC(369) Pause Young (Allocation Failure)
[784.679s][info][gc,heap     ] GC(369) DefNew: 2302921K(2516544K)->67153K(2516544K) Eden: 2236928K(2236928K)->0K(2236928K) From: 65993K(279616K)->67153K(279616K)
[784.679s][info][gc,heap     ] GC(369) Tenured: 82644K(5592448K)->82644K(5592448K)
[784.679s][info][gc,metaspace] GC(369) Metaspace: 831K(960K)->831K(960K) NonClass: 777K(832K)->777K(832K) Class: 53K(128K)->53K(128K)
[784.679s][info][gc          ] GC(369) Pause Young (Allocation Failure) 2329M->146M(7918M) 23.373ms
[784.679s][info][gc,cpu      ] GC(369) User=0.02s Sys=0.00s Real=0.03s
[786.785s][info][gc,start    ] GC(370) Pause Young (Allocation Failure)
[786.807s][info][gc,heap     ] GC(370) DefNew: 2304081K(2516544K)->67248K(2516544K) Eden: 2236928K(2236928K)->0K(2236928K) From: 67153K(279616K)->67248K(279616K)
[786.807s][info][gc,heap     ] GC(370) Tenured: 82644K(5592448K)->82644K(5592448K)
[786.807s][info][gc,metaspace] GC(370) Metaspace: 831K(960K)->831K(960K) NonClass: 777K(832K)->777K(832K) Class: 53K(128K)->53K(128K)
[786.807s][info][gc          ] GC(370) Pause Young (Allocation Failure) 2330M->146M(7918M) 21.711ms
[786.807s][info][gc,cpu      ] GC(370) User=0.03s Sys=0.00s Real=0.03s
[788.906s][info][gc,start    ] GC(371) Pause Young (Allocation Failure)
[788.927s][info][gc,heap     ] GC(371) DefNew: 2304176K(2516544K)->67170K(2516544K) Eden: 2236928K(2236928K)->0K(2236928K) From: 67248K(279616K)->67170K(279616K)
[788.927s][info][gc,heap     ] GC(371) Tenured: 82644K(5592448K)->82644K(5592448K)
[788.927s][info][gc,metaspace] GC(371) Metaspace: 831K(960K)->831K(960K) NonClass: 777K(832K)->777K(832K) Class: 53K(128K)->53K(128K)
[788.927s][info][gc          ] GC(371) Pause Young (Allocation Failure) 2330M->146M(7918M) 21.535ms
[788.927s][info][gc,cpu      ] GC(371) User=0.02s Sys=0.00s Real=0.03s
[791.027s][info][gc,start    ] GC(372) Pause Young (Allocation Failure)
[791.049s][info][gc,heap     ] GC(372) DefNew: 2304098K(2516544K)->67294K(2516544K) Eden: 2236928K(2236928K)->0K(2236928K) From: 67170K(279616K)->67294K(279616K)
[791.049s][info][gc,heap     ] GC(372) Tenured: 82644K(5592448K)->82644K(5592448K)
[791.049s][info][gc,metaspace] GC(372) Metaspace: 831K(960K)->831K(960K) NonClass: 777K(832K)->777K(832K) Class: 53K(128K)->53K(128K)
[791.049s][info][gc          ] GC(372) Pause Young (Allocation Failure) 2330M->146M(7918M) 22.165ms
[791.049s][info][gc,cpu      ] GC(372) User=0.02s Sys=0.00s Real=0.02s
[793.147s][info][gc,start    ] GC(373) Pause Young (Allocation Failure)
[793.168s][info][gc,heap     ] GC(373) DefNew: 2304222K(2516544K)->67172K(2516544K) Eden: 2236928K(2236928K)->0K(2236928K) From: 67294K(279616K)->67172K(279616K)
[793.168s][info][gc,heap     ] GC(373) Tenured: 82644K(5592448K)->82644K(5592448K)
[793.168s][info][gc,metaspace] GC(373) Metaspace: 831K(960K)->831K(960K) NonClass: 777K(832K)->777K(832K) Class: 53K(128K)->53K(128K)
[793.168s][info][gc          ] GC(373) Pause Young (Allocation Failure) 2330M->146M(7918M) 21.198ms
[793.168s][info][gc,cpu      ] GC(373) User=0.02s Sys=0.00s Real=0.03s
[795.267s][info][gc,start    ] GC(374) Pause Young (Allocation Failure)
[795.288s][info][gc,heap     ] GC(374) DefNew: 2304100K(2516544K)->67209K(2516544K) Eden: 2236928K(2236928K)->0K(2236928K) From: 67172K(279616K)->67209K(279616K)
[795.288s][info][gc,heap     ] GC(374) Tenured: 82644K(5592448K)->82644K(5592448K)
[795.288s][info][gc,metaspace] GC(374) Metaspace: 831K(960K)->831K(960K) NonClass: 777K(832K)->777K(832K) Class: 53K(128K)->53K(128K)
[795.288s][info][gc          ] GC(374) Pause Young (Allocation Failure) 2330M->146M(7918M) 21.453ms
[795.288s][info][gc,cpu      ] GC(374) User=0.02s Sys=0.00s Real=0.02s
[797.386s][info][gc,start    ] GC(375) Pause Young (Allocation Failure)
[797.408s][info][gc,heap     ] GC(375) DefNew: 2304137K(2516544K)->67182K(2516544K) Eden: 2236928K(2236928K)->0K(2236928K) From: 67209K(279616K)->67182K(279616K)
[797.408s][info][gc,heap     ] GC(375) Tenured: 82644K(5592448K)->82644K(5592448K)
[797.408s][info][gc,metaspace] GC(375) Metaspace: 831K(960K)->831K(960K) NonClass: 777K(832K)->777K(832K) Class: 53K(128K)->53K(128K)
[797.408s][info][gc          ] GC(375) Pause Young (Allocation Failure) 2330M->146M(7918M) 21.674ms
[797.408s][info][gc,cpu      ] GC(375) User=0.02s Sys=0.00s Real=0.03s
[799.516s][info][gc,start    ] GC(376) Pause Young (Allocation Failure)
[799.538s][info][gc,heap     ] GC(376) DefNew: 2304110K(2516544K)->67209K(2516544K) Eden: 2236928K(2236928K)->0K(2236928K) From: 67182K(279616K)->67209K(279616K)
[799.538s][info][gc,heap     ] GC(376) Tenured: 82644K(5592448K)->82644K(5592448K)
[799.538s][info][gc,metaspace] GC(376) Metaspace: 831K(960K)->831K(960K) NonClass: 777K(832K)->777K(832K) Class: 53K(128K)->53K(128K)
[799.538s][info][gc          ] GC(376) Pause Young (Allocation Failure) 2330M->146M(7918M) 22.151ms
[799.538s][info][gc,cpu      ] GC(376) User=0.02s Sys=0.00s Real=0.03s
[801.637s][info][gc,start    ] GC(377) Pause Young (Allocation Failure)
[801.660s][info][gc,heap     ] GC(377) DefNew: 2304137K(2516544K)->67180K(2516544K) Eden: 2236928K(2236928K)->0K(2236928K) From: 67209K(279616K)->67180K(279616K)
[801.660s][info][gc,heap     ] GC(377) Tenured: 82644K(5592448K)->82644K(5592448K)
[801.660s][info][gc,metaspace] GC(377) Metaspace: 831K(960K)->831K(960K) NonClass: 777K(832K)->777K(832K) Class: 53K(128K)->53K(128K)
[801.660s][info][gc          ] GC(377) Pause Young (Allocation Failure) 2330M->146M(7918M) 22.723ms
[801.660s][info][gc,cpu      ] GC(377) User=0.03s Sys=0.00s Real=0.02s
[803.757s][info][gc,start    ] GC(378) Pause Young (Allocation Failure)
[803.778s][info][gc,heap     ] GC(378) DefNew: 2304108K(2516544K)->67067K(2516544K) Eden: 2236928K(2236928K)->0K(2236928K) From: 67180K(279616K)->67067K(279616K)
[803.778s][info][gc,heap     ] GC(378) Tenured: 82644K(5592448K)->82644K(5592448K)
[803.778s][info][gc,metaspace] GC(378) Metaspace: 831K(960K)->831K(960K) NonClass: 777K(832K)->777K(832K) Class: 53K(128K)->53K(128K)
[803.778s][info][gc          ] GC(378) Pause Young (Allocation Failure) 2330M->146M(7918M) 21.236ms
[803.778s][info][gc,cpu      ] GC(378) User=0.02s Sys=0.00s Real=0.02s
[805.876s][info][gc,start    ] GC(379) Pause Young (Allocation Failure)
[805.898s][info][gc,heap     ] GC(379) DefNew: 2303995K(2516544K)->67085K(2516544K) Eden: 2236928K(2236928K)->0K(2236928K) From: 67067K(279616K)->67085K(279616K)
[805.898s][info][gc,heap     ] GC(379) Tenured: 82644K(5592448K)->82644K(5592448K)
[805.898s][info][gc,metaspace] GC(379) Metaspace: 831K(960K)->831K(960K) NonClass: 777K(832K)->777K(832K) Class: 53K(128K)->53K(128K)
[805.898s][info][gc          ] GC(379) Pause Young (Allocation Failure) 2330M->146M(7918M) 21.700ms
[805.898s][info][gc,cpu      ] GC(379) User=0.02s Sys=0.00s Real=0.03s
[807.996s][info][gc,start    ] GC(380) Pause Young (Allocation Failure)
[808.018s][info][gc,heap     ] GC(380) DefNew: 2304013K(2516544K)->67133K(2516544K) Eden: 2236928K(2236928K)->0K(2236928K) From: 67085K(279616K)->67133K(279616K)
[808.018s][info][gc,heap     ] GC(380) Tenured: 82644K(5592448K)->82644K(5592448K)
[808.018s][info][gc,metaspace] GC(380) Metaspace: 831K(960K)->831K(960K) NonClass: 777K(832K)->777K(832K) Class: 53K(128K)->53K(128K)
[808.018s][info][gc          ] GC(380) Pause Young (Allocation Failure) 2330M->146M(7918M) 21.782ms
[808.018s][info][gc,cpu      ] GC(380) User=0.02s Sys=0.00s Real=0.03s
[810.125s][info][gc,start    ] GC(381) Pause Young (Allocation Failure)
[810.147s][info][gc,heap     ] GC(381) DefNew: 2304061K(2516544K)->67358K(2516544K) Eden: 2236928K(2236928K)->0K(2236928K) From: 67133K(279616K)->67358K(279616K)
[810.147s][info][gc,heap     ] GC(381) Tenured: 82644K(5592448K)->82644K(5592448K)
[810.147s][info][gc,metaspace] GC(381) Metaspace: 831K(960K)->831K(960K) NonClass: 777K(832K)->777K(832K) Class: 53K(128K)->53K(128K)
[810.147s][info][gc          ] GC(381) Pause Young (Allocation Failure) 2330M->146M(7918M) 21.516ms
[810.147s][info][gc,cpu      ] GC(381) User=0.02s Sys=0.00s Real=0.03s
[812.245s][info][gc,start    ] GC(382) Pause Young (Allocation Failure)
[812.267s][info][gc,heap     ] GC(382) DefNew: 2304286K(2516544K)->67072K(2516544K) Eden: 2236928K(2236928K)->0K(2236928K) From: 67358K(279616K)->67072K(279616K)
[812.267s][info][gc,heap     ] GC(382) Tenured: 82644K(5592448K)->82644K(5592448K)
[812.267s][info][gc,metaspace] GC(382) Metaspace: 831K(960K)->831K(960K) NonClass: 777K(832K)->777K(832K) Class: 53K(128K)->53K(128K)
[812.267s][info][gc          ] GC(382) Pause Young (Allocation Failure) 2330M->146M(7918M) 21.611ms
[812.267s][info][gc,cpu      ] GC(382) User=0.02s Sys=0.00s Real=0.03s
[814.365s][info][gc,start    ] GC(383) Pause Young (Allocation Failure)
[814.387s][info][gc,heap     ] GC(383) DefNew: 2304000K(2516544K)->67017K(2516544K) Eden: 2236928K(2236928K)->0K(2236928K) From: 67072K(279616K)->67017K(279616K)
[814.387s][info][gc,heap     ] GC(383) Tenured: 82644K(5592448K)->82648K(5592448K)
[814.387s][info][gc,metaspace] GC(383) Metaspace: 831K(960K)->831K(960K) NonClass: 777K(832K)->777K(832K) Class: 53K(128K)->53K(128K)
[814.387s][info][gc          ] GC(383) Pause Young (Allocation Failure) 2330M->146M(7918M) 21.968ms
[814.387s][info][gc,cpu      ] GC(383) User=0.02s Sys=0.00s Real=0.03s
[816.486s][info][gc,start    ] GC(384) Pause Young (Allocation Failure)
[816.509s][info][gc,heap     ] GC(384) DefNew: 2303945K(2516544K)->65926K(2516544K) Eden: 2236928K(2236928K)->0K(2236928K) From: 67017K(279616K)->65926K(279616K)
[816.509s][info][gc,heap     ] GC(384) Tenured: 82648K(5592448K)->83950K(5592448K)
[816.509s][info][gc,metaspace] GC(384) Metaspace: 831K(960K)->831K(960K) NonClass: 777K(832K)->777K(832K) Class: 53K(128K)->53K(128K)
[816.509s][info][gc          ] GC(384) Pause Young (Allocation Failure) 2330M->146M(7918M) 23.543ms
[816.509s][info][gc,cpu      ] GC(384) User=0.02s Sys=0.00s Real=0.03s
[818.605s][info][gc,start    ] GC(385) Pause Young (Allocation Failure)
[818.626s][info][gc,heap     ] GC(385) DefNew: 2302854K(2516544K)->65736K(2516544K) Eden: 2236928K(2236928K)->0K(2236928K) From: 65926K(279616K)->65736K(279616K)
[818.627s][info][gc,heap     ] GC(385) Tenured: 83950K(5592448K)->83950K(5592448K)
[818.627s][info][gc,metaspace] GC(385) Metaspace: 831K(960K)->831K(960K) NonClass: 777K(832K)->777K(832K) Class: 53K(128K)->53K(128K)
[818.627s][info][gc          ] GC(385) Pause Young (Allocation Failure) 2330M->146M(7918M) 21.108ms
[818.627s][info][gc,cpu      ] GC(385) User=0.02s Sys=0.00s Real=0.03s
[820.725s][info][gc,start    ] GC(386) Pause Young (Allocation Failure)
[820.746s][info][gc,heap     ] GC(386) DefNew: 2302664K(2516544K)->65946K(2516544K) Eden: 2236928K(2236928K)->0K(2236928K) From: 65736K(279616K)->65946K(279616K)
[820.746s][info][gc,heap     ] GC(386) Tenured: 83950K(5592448K)->83950K(5592448K)
[820.746s][info][gc,metaspace] GC(386) Metaspace: 831K(960K)->831K(960K) NonClass: 777K(832K)->777K(832K) Class: 53K(128K)->53K(128K)
[820.746s][info][gc          ] GC(386) Pause Young (Allocation Failure) 2330M->146M(7918M) 20.390ms
[820.746s][info][gc,cpu      ] GC(386) User=0.02s Sys=0.00s Real=0.02s
[822.845s][info][gc,start    ] GC(387) Pause Young (Allocation Failure)
[822.867s][info][gc,heap     ] GC(387) DefNew: 2302874K(2516544K)->65857K(2516544K) Eden: 2236928K(2236928K)->0K(2236928K) From: 65946K(279616K)->65857K(279616K)
[822.867s][info][gc,heap     ] GC(387) Tenured: 83950K(5592448K)->83950K(5592448K)
[822.867s][info][gc,metaspace] GC(387) Metaspace: 831K(960K)->831K(960K) NonClass: 777K(832K)->777K(832K) Class: 53K(128K)->53K(128K)
[822.867s][info][gc          ] GC(387) Pause Young (Allocation Failure) 2330M->146M(7918M) 21.440ms
[822.867s][info][gc,cpu      ] GC(387) User=0.02s Sys=0.00s Real=0.03s
[824.966s][info][gc,start    ] GC(388) Pause Young (Allocation Failure)
[824.988s][info][gc,heap     ] GC(388) DefNew: 2302785K(2516544K)->65846K(2516544K) Eden: 2236928K(2236928K)->0K(2236928K) From: 65857K(279616K)->65846K(279616K)
[824.988s][info][gc,heap     ] GC(388) Tenured: 83950K(5592448K)->83950K(5592448K)
[824.988s][info][gc,metaspace] GC(388) Metaspace: 831K(960K)->831K(960K) NonClass: 777K(832K)->777K(832K) Class: 53K(128K)->53K(128K)
[824.988s][info][gc          ] GC(388) Pause Young (Allocation Failure) 2330M->146M(7918M) 22.272ms
[824.988s][info][gc,cpu      ] GC(388) User=0.03s Sys=0.00s Real=0.02s
[827.086s][info][gc,start    ] GC(389) Pause Young (Allocation Failure)
[827.107s][info][gc,heap     ] GC(389) DefNew: 2302774K(2516544K)->65824K(2516544K) Eden: 2236928K(2236928K)->0K(2236928K) From: 65846K(279616K)->65824K(279616K)
[827.107s][info][gc,heap     ] GC(389) Tenured: 83950K(5592448K)->83950K(5592448K)
[827.107s][info][gc,metaspace] GC(389) Metaspace: 831K(960K)->831K(960K) NonClass: 777K(832K)->777K(832K) Class: 53K(128K)->53K(128K)
[827.107s][info][gc          ] GC(389) Pause Young (Allocation Failure) 2330M->146M(7918M) 21.688ms
[827.107s][info][gc,cpu      ] GC(389) User=0.02s Sys=0.00s Real=0.03s
[829.206s][info][gc,start    ] GC(390) Pause Young (Allocation Failure)
[829.226s][info][gc,heap     ] GC(390) DefNew: 2302752K(2516544K)->65815K(2516544K) Eden: 2236928K(2236928K)->0K(2236928K) From: 65824K(279616K)->65815K(279616K)
[829.226s][info][gc,heap     ] GC(390) Tenured: 83950K(5592448K)->83950K(5592448K)
[829.226s][info][gc,metaspace] GC(390) Metaspace: 831K(960K)->831K(960K) NonClass: 777K(832K)->777K(832K) Class: 53K(128K)->53K(128K)
[829.226s][info][gc          ] GC(390) Pause Young (Allocation Failure) 2330M->146M(7918M) 20.683ms
[829.226s][info][gc,cpu      ] GC(390) User=0.02s Sys=0.00s Real=0.03s
[831.326s][info][gc,start    ] GC(391) Pause Young (Allocation Failure)
[831.348s][info][gc,heap     ] GC(391) DefNew: 2302743K(2516544K)->65800K(2516544K) Eden: 2236928K(2236928K)->0K(2236928K) From: 65815K(279616K)->65800K(279616K)
[831.348s][info][gc,heap     ] GC(391) Tenured: 83950K(5592448K)->83950K(5592448K)
[831.348s][info][gc,metaspace] GC(391) Metaspace: 831K(960K)->831K(960K) NonClass: 777K(832K)->777K(832K) Class: 53K(128K)->53K(128K)
[831.348s][info][gc          ] GC(391) Pause Young (Allocation Failure) 2330M->146M(7918M) 21.662ms
[831.348s][info][gc,cpu      ] GC(391) User=0.02s Sys=0.00s Real=0.02s
[833.455s][info][gc,start    ] GC(392) Pause Young (Allocation Failure)
[833.475s][info][gc,heap     ] GC(392) DefNew: 2302728K(2516544K)->66010K(2516544K) Eden: 2236928K(2236928K)->0K(2236928K) From: 65800K(279616K)->66010K(279616K)
[833.476s][info][gc,heap     ] GC(392) Tenured: 83950K(5592448K)->83950K(5592448K)
[833.476s][info][gc,metaspace] GC(392) Metaspace: 831K(960K)->831K(960K) NonClass: 777K(832K)->777K(832K) Class: 53K(128K)->53K(128K)
[833.476s][info][gc          ] GC(392) Pause Young (Allocation Failure) 2330M->146M(7918M) 20.359ms
[833.476s][info][gc,cpu      ] GC(392) User=0.02s Sys=0.00s Real=0.02s
[835.576s][info][gc,start    ] GC(393) Pause Young (Allocation Failure)
[835.596s][info][gc,heap     ] GC(393) DefNew: 2302938K(2516544K)->65778K(2516544K) Eden: 2236928K(2236928K)->0K(2236928K) From: 66010K(279616K)->65778K(279616K)
[835.596s][info][gc,heap     ] GC(393) Tenured: 83950K(5592448K)->83950K(5592448K)
[835.596s][info][gc,metaspace] GC(393) Metaspace: 831K(960K)->831K(960K) NonClass: 777K(832K)->777K(832K) Class: 53K(128K)->53K(128K)
[835.596s][info][gc          ] GC(393) Pause Young (Allocation Failure) 2330M->146M(7918M) 20.278ms
[835.596s][info][gc,cpu      ] GC(393) User=0.02s Sys=0.00s Real=0.02s
[837.706s][info][gc,start    ] GC(394) Pause Young (Allocation Failure)
[837.727s][info][gc,heap     ] GC(394) DefNew: 2302706K(2516544K)->65902K(2516544K) Eden: 2236928K(2236928K)->0K(2236928K) From: 65778K(279616K)->65902K(279616K)
[837.727s][info][gc,heap     ] GC(394) Tenured: 83950K(5592448K)->83950K(5592448K)
[837.727s][info][gc,metaspace] GC(394) Metaspace: 831K(960K)->831K(960K) NonClass: 777K(832K)->777K(832K) Class: 53K(128K)->53K(128K)
[837.727s][info][gc          ] GC(394) Pause Young (Allocation Failure) 2330M->146M(7918M) 20.541ms
[837.727s][info][gc,cpu      ] GC(394) User=0.02s Sys=0.00s Real=0.02s
[839.825s][info][gc,start    ] GC(395) Pause Young (Allocation Failure)
[839.846s][info][gc,heap     ] GC(395) DefNew: 2302830K(2516544K)->65729K(2516544K) Eden: 2236928K(2236928K)->0K(2236928K) From: 65902K(279616K)->65729K(279616K)
[839.846s][info][gc,heap     ] GC(395) Tenured: 83950K(5592448K)->83950K(5592448K)
[839.846s][info][gc,metaspace] GC(395) Metaspace: 831K(960K)->831K(960K) NonClass: 777K(832K)->777K(832K) Class: 53K(128K)->53K(128K)
[839.846s][info][gc          ] GC(395) Pause Young (Allocation Failure) 2330M->146M(7918M) 20.312ms
[839.846s][info][gc,cpu      ] GC(395) User=0.02s Sys=0.00s Real=0.03s
[841.937s][info][gc,start    ] GC(396) Pause Young (Allocation Failure)
[841.960s][info][gc,heap     ] GC(396) DefNew: 2302657K(2516544K)->65833K(2516544K) Eden: 2236928K(2236928K)->0K(2236928K) From: 65729K(279616K)->65833K(279616K)
[841.960s][info][gc,heap     ] GC(396) Tenured: 83950K(5592448K)->83950K(5592448K)
[841.960s][info][gc,metaspace] GC(396) Metaspace: 831K(960K)->831K(960K) NonClass: 777K(832K)->777K(832K) Class: 53K(128K)->53K(128K)
[841.960s][info][gc          ] GC(396) Pause Young (Allocation Failure) 2330M->146M(7918M) 22.927ms
[841.960s][info][gc,cpu      ] GC(396) User=0.02s Sys=0.00s Real=0.02s
[844.056s][info][gc,start    ] GC(397) Pause Young (Allocation Failure)
[844.079s][info][gc,heap     ] GC(397) DefNew: 2302761K(2516544K)->67166K(2516544K) Eden: 2236928K(2236928K)->0K(2236928K) From: 65833K(279616K)->67166K(279616K)
[844.080s][info][gc,heap     ] GC(397) Tenured: 83950K(5592448K)->83950K(5592448K)
[844.080s][info][gc,metaspace] GC(397) Metaspace: 831K(960K)->831K(960K) NonClass: 777K(832K)->777K(832K) Class: 53K(128K)->53K(128K)
[844.080s][info][gc          ] GC(397) Pause Young (Allocation Failure) 2330M->147M(7918M) 23.258ms
[844.080s][info][gc,cpu      ] GC(397) User=0.03s Sys=0.00s Real=0.02s
[846.185s][info][gc,start    ] GC(398) Pause Young (Allocation Failure)
[846.207s][info][gc,heap     ] GC(398) DefNew: 2304094K(2516544K)->67167K(2516544K) Eden: 2236928K(2236928K)->0K(2236928K) From: 67166K(279616K)->67167K(279616K)
[846.207s][info][gc,heap     ] GC(398) Tenured: 83950K(5592448K)->83950K(5592448K)
[846.207s][info][gc,metaspace] GC(398) Metaspace: 831K(960K)->831K(960K) NonClass: 777K(832K)->777K(832K) Class: 53K(128K)->53K(128K)
[846.207s][info][gc          ] GC(398) Pause Young (Allocation Failure) 2332M->147M(7918M) 21.858ms
[846.207s][info][gc,cpu      ] GC(398) User=0.03s Sys=0.00s Real=0.02s
[848.306s][info][gc,start    ] GC(399) Pause Young (Allocation Failure)
[848.327s][info][gc,heap     ] GC(399) DefNew: 2304095K(2516544K)->67267K(2516544K) Eden: 2236928K(2236928K)->0K(2236928K) From: 67167K(279616K)->67267K(279616K)
[848.327s][info][gc,heap     ] GC(399) Tenured: 83950K(5592448K)->83950K(5592448K)
[848.327s][info][gc,metaspace] GC(399) Metaspace: 831K(960K)->831K(960K) NonClass: 777K(832K)->777K(832K) Class: 53K(128K)->53K(128K)
[848.328s][info][gc          ] GC(399) Pause Young (Allocation Failure) 2332M->147M(7918M) 21.840ms
[848.328s][info][gc,cpu      ] GC(399) User=0.02s Sys=0.00s Real=0.02s
[850.426s][info][gc,start    ] GC(400) Pause Young (Allocation Failure)
[850.446s][info][gc,heap     ] GC(400) DefNew: 2304195K(2516544K)->67045K(2516544K) Eden: 2236928K(2236928K)->0K(2236928K) From: 67267K(279616K)->67045K(279616K)
[850.446s][info][gc,heap     ] GC(400) Tenured: 83950K(5592448K)->83950K(5592448K)
[850.446s][info][gc,metaspace] GC(400) Metaspace: 831K(960K)->831K(960K) NonClass: 777K(832K)->777K(832K) Class: 53K(128K)->53K(128K)
[850.446s][info][gc          ] GC(400) Pause Young (Allocation Failure) 2332M->147M(7918M) 20.674ms
[850.446s][info][gc,cpu      ] GC(400) User=0.02s Sys=0.00s Real=0.02s
[852.546s][info][gc,start    ] GC(401) Pause Young (Allocation Failure)
[852.568s][info][gc,heap     ] GC(401) DefNew: 2303973K(2516544K)->67317K(2516544K) Eden: 2236928K(2236928K)->0K(2236928K) From: 67045K(279616K)->67317K(279616K)
[852.568s][info][gc,heap     ] GC(401) Tenured: 83950K(5592448K)->83950K(5592448K)
[852.568s][info][gc,metaspace] GC(401) Metaspace: 831K(960K)->831K(960K) NonClass: 777K(832K)->777K(832K) Class: 53K(128K)->53K(128K)
[852.568s][info][gc          ] GC(401) Pause Young (Allocation Failure) 2331M->147M(7918M) 22.287ms
[852.569s][info][gc,cpu      ] GC(401) User=0.02s Sys=0.00s Real=0.02s
[854.676s][info][gc,start    ] GC(402) Pause Young (Allocation Failure)
[854.697s][info][gc,heap     ] GC(402) DefNew: 2304245K(2516544K)->67217K(2516544K) Eden: 2236928K(2236928K)->0K(2236928K) From: 67317K(279616K)->67217K(279616K)
[854.697s][info][gc,heap     ] GC(402) Tenured: 83950K(5592448K)->83950K(5592448K)
[854.697s][info][gc,metaspace] GC(402) Metaspace: 831K(960K)->831K(960K) NonClass: 777K(832K)->777K(832K) Class: 53K(128K)->53K(128K)
[854.697s][info][gc          ] GC(402) Pause Young (Allocation Failure) 2332M->147M(7918M) 21.532ms
[854.697s][info][gc,cpu      ] GC(402) User=0.02s Sys=0.00s Real=0.02s
[856.795s][info][gc,start    ] GC(403) Pause Young (Allocation Failure)
[856.816s][info][gc,heap     ] GC(403) DefNew: 2304145K(2516544K)->67138K(2516544K) Eden: 2236928K(2236928K)->0K(2236928K) From: 67217K(279616K)->67138K(279616K)
[856.816s][info][gc,heap     ] GC(403) Tenured: 83950K(5592448K)->83950K(5592448K)
[856.816s][info][gc,metaspace] GC(403) Metaspace: 831K(960K)->831K(960K) NonClass: 777K(832K)->777K(832K) Class: 53K(128K)->53K(128K)
[856.816s][info][gc          ] GC(403) Pause Young (Allocation Failure) 2332M->147M(7918M) 20.946ms
[856.816s][info][gc,cpu      ] GC(403) User=0.02s Sys=0.00s Real=0.02s
[858.916s][info][gc,start    ] GC(404) Pause Young (Allocation Failure)
[858.939s][info][gc,heap     ] GC(404) DefNew: 2304066K(2516544K)->67251K(2516544K) Eden: 2236928K(2236928K)->0K(2236928K) From: 67138K(279616K)->67251K(279616K)
[858.939s][info][gc,heap     ] GC(404) Tenured: 83950K(5592448K)->83950K(5592448K)
[858.939s][info][gc,metaspace] GC(404) Metaspace: 831K(960K)->831K(960K) NonClass: 777K(832K)->777K(832K) Class: 53K(128K)->53K(128K)
[858.939s][info][gc          ] GC(404) Pause Young (Allocation Failure) 2332M->147M(7918M) 23.809ms
[858.939s][info][gc,cpu      ] GC(404) User=0.02s Sys=0.00s Real=0.02s
[861.027s][info][gc,start    ] GC(405) Pause Young (Allocation Failure)
[861.049s][info][gc,heap     ] GC(405) DefNew: 2304179K(2516544K)->67079K(2516544K) Eden: 2236928K(2236928K)->0K(2236928K) From: 67251K(279616K)->67079K(279616K)
[861.049s][info][gc,heap     ] GC(405) Tenured: 83950K(5592448K)->83950K(5592448K)
[861.049s][info][gc,metaspace] GC(405) Metaspace: 831K(960K)->831K(960K) NonClass: 777K(832K)->777K(832K) Class: 53K(128K)->53K(128K)
[861.049s][info][gc          ] GC(405) Pause Young (Allocation Failure) 2332M->147M(7918M) 22.097ms
[861.049s][info][gc,cpu      ] GC(405) User=0.02s Sys=0.00s Real=0.02s
[863.155s][info][gc,start    ] GC(406) Pause Young (Allocation Failure)
[863.176s][info][gc,heap     ] GC(406) DefNew: 2304007K(2516544K)->67076K(2516544K) Eden: 2236928K(2236928K)->0K(2236928K) From: 67079K(279616K)->67076K(279616K)
[863.177s][info][gc,heap     ] GC(406) Tenured: 83950K(5592448K)->83950K(5592448K)
[863.177s][info][gc,metaspace] GC(406) Metaspace: 831K(960K)->831K(960K) NonClass: 777K(832K)->777K(832K) Class: 53K(128K)->53K(128K)
[863.177s][info][gc          ] GC(406) Pause Young (Allocation Failure) 2331M->147M(7918M) 21.459ms
[863.177s][info][gc,cpu      ] GC(406) User=0.02s Sys=0.00s Real=0.02s
[865.276s][info][gc,start    ] GC(407) Pause Young (Allocation Failure)
[865.299s][info][gc,heap     ] GC(407) DefNew: 2304004K(2516544K)->67123K(2516544K) Eden: 2236928K(2236928K)->0K(2236928K) From: 67076K(279616K)->67123K(279616K)
[865.299s][info][gc,heap     ] GC(407) Tenured: 83950K(5592448K)->83950K(5592448K)
[865.300s][info][gc,metaspace] GC(407) Metaspace: 831K(960K)->831K(960K) NonClass: 777K(832K)->777K(832K) Class: 53K(128K)->53K(128K)
[865.300s][info][gc          ] GC(407) Pause Young (Allocation Failure) 2331M->147M(7918M) 23.793ms
[865.300s][info][gc,cpu      ] GC(407) User=0.03s Sys=0.00s Real=0.02s
[867.396s][info][gc,start    ] GC(408) Pause Young (Allocation Failure)
[867.418s][info][gc,heap     ] GC(408) DefNew: 2304051K(2516544K)->67116K(2516544K) Eden: 2236928K(2236928K)->0K(2236928K) From: 67123K(279616K)->67116K(279616K)
[867.418s][info][gc,heap     ] GC(408) Tenured: 83950K(5592448K)->83950K(5592448K)
[867.418s][info][gc,metaspace] GC(408) Metaspace: 831K(960K)->831K(960K) NonClass: 777K(832K)->777K(832K) Class: 53K(128K)->53K(128K)
[867.418s][info][gc          ] GC(408) Pause Young (Allocation Failure) 2332M->147M(7918M) 22.159ms
[867.419s][info][gc,cpu      ] GC(408) User=0.03s Sys=0.00s Real=0.02s
[869.516s][info][gc,start    ] GC(409) Pause Young (Allocation Failure)
[869.538s][info][gc,heap     ] GC(409) DefNew: 2304044K(2516544K)->67100K(2516544K) Eden: 2236928K(2236928K)->0K(2236928K) From: 67116K(279616K)->67100K(279616K)
[869.538s][info][gc,heap     ] GC(409) Tenured: 83950K(5592448K)->83950K(5592448K)
[869.538s][info][gc,metaspace] GC(409) Metaspace: 831K(960K)->831K(960K) NonClass: 777K(832K)->777K(832K) Class: 53K(128K)->53K(128K)
[869.538s][info][gc          ] GC(409) Pause Young (Allocation Failure) 2332M->147M(7918M) 21.854ms
[869.538s][info][gc,cpu      ] GC(409) User=0.02s Sys=0.00s Real=0.02s
[871.636s][info][gc,start    ] GC(410) Pause Young (Allocation Failure)
[871.657s][info][gc,heap     ] GC(410) DefNew: 2304028K(2516544K)->67286K(2516544K) Eden: 2236928K(2236928K)->0K(2236928K) From: 67100K(279616K)->67286K(279616K)
[871.657s][info][gc,heap     ] GC(410) Tenured: 83950K(5592448K)->83950K(5592448K)
[871.657s][info][gc,metaspace] GC(410) Metaspace: 831K(960K)->831K(960K) NonClass: 777K(832K)->777K(832K) Class: 53K(128K)->53K(128K)
[871.657s][info][gc          ] GC(410) Pause Young (Allocation Failure) 2332M->147M(7918M) 21.831ms
[871.657s][info][gc,cpu      ] GC(410) User=0.02s Sys=0.00s Real=0.02s
[873.756s][info][gc,start    ] GC(411) Pause Young (Allocation Failure)
[873.778s][info][gc,heap     ] GC(411) DefNew: 2304214K(2516544K)->67232K(2516544K) Eden: 2236928K(2236928K)->0K(2236928K) From: 67286K(279616K)->67232K(279616K)
[873.778s][info][gc,heap     ] GC(411) Tenured: 83950K(5592448K)->83953K(5592448K)
[873.778s][info][gc,metaspace] GC(411) Metaspace: 831K(960K)->831K(960K) NonClass: 777K(832K)->777K(832K) Class: 53K(128K)->53K(128K)
[873.778s][info][gc          ] GC(411) Pause Young (Allocation Failure) 2332M->147M(7918M) 21.554ms
[873.778s][info][gc,cpu      ] GC(411) User=0.02s Sys=0.00s Real=0.02s
[875.885s][info][gc,start    ] GC(412) Pause Young (Allocation Failure)
[875.909s][info][gc,heap     ] GC(412) DefNew: 2304160K(2516544K)->65984K(2516544K) Eden: 2236928K(2236928K)->0K(2236928K) From: 67232K(279616K)->65984K(279616K)
[875.909s][info][gc,heap     ] GC(412) Tenured: 83953K(5592448K)->85231K(5592448K)
[875.909s][info][gc,metaspace] GC(412) Metaspace: 831K(960K)->831K(960K) NonClass: 777K(832K)->777K(832K) Class: 53K(128K)->53K(128K)
[875.909s][info][gc          ] GC(412) Pause Young (Allocation Failure) 2332M->147M(7918M) 23.789ms
[875.909s][info][gc,cpu      ] GC(412) User=0.02s Sys=0.00s Real=0.02s
[878.015s][info][gc,start    ] GC(413) Pause Young (Allocation Failure)
[878.036s][info][gc,heap     ] GC(413) DefNew: 2302912K(2516544K)->65661K(2516544K) Eden: 2236928K(2236928K)->0K(2236928K) From: 65984K(279616K)->65661K(279616K)
[878.036s][info][gc,heap     ] GC(413) Tenured: 85231K(5592448K)->85231K(5592448K)
[878.036s][info][gc,metaspace] GC(413) Metaspace: 831K(960K)->831K(960K) NonClass: 777K(832K)->777K(832K) Class: 53K(128K)->53K(128K)
[878.036s][info][gc          ] GC(413) Pause Young (Allocation Failure) 2332M->147M(7918M) 21.087ms
[878.036s][info][gc,cpu      ] GC(413) User=0.02s Sys=0.00s Real=0.02s
[880.127s][info][gc,start    ] GC(414) Pause Young (Allocation Failure)
[880.148s][info][gc,heap     ] GC(414) DefNew: 2302589K(2516544K)->65863K(2516544K) Eden: 2236928K(2236928K)->0K(2236928K) From: 65661K(279616K)->65863K(279616K)
[880.148s][info][gc,heap     ] GC(414) Tenured: 85231K(5592448K)->85231K(5592448K)
[880.148s][info][gc,metaspace] GC(414) Metaspace: 831K(960K)->831K(960K) NonClass: 777K(832K)->777K(832K) Class: 53K(128K)->53K(128K)
[880.148s][info][gc          ] GC(414) Pause Young (Allocation Failure) 2331M->147M(7918M) 21.303ms
[880.148s][info][gc,cpu      ] GC(414) User=0.02s Sys=0.00s Real=0.02s
[882.247s][info][gc,start    ] GC(415) Pause Young (Allocation Failure)
[882.268s][info][gc,heap     ] GC(415) DefNew: 2302791K(2516544K)->65904K(2516544K) Eden: 2236928K(2236928K)->0K(2236928K) From: 65863K(279616K)->65904K(279616K)
[882.268s][info][gc,heap     ] GC(415) Tenured: 85231K(5592448K)->85231K(5592448K)
[882.268s][info][gc,metaspace] GC(415) Metaspace: 831K(960K)->831K(960K) NonClass: 777K(832K)->777K(832K) Class: 53K(128K)->53K(128K)
[882.268s][info][gc          ] GC(415) Pause Young (Allocation Failure) 2332M->147M(7918M) 21.316ms
[882.268s][info][gc,cpu      ] GC(415) User=0.02s Sys=0.00s Real=0.02s
[884.366s][info][gc,start    ] GC(416) Pause Young (Allocation Failure)
[884.387s][info][gc,heap     ] GC(416) DefNew: 2302832K(2516544K)->65771K(2516544K) Eden: 2236928K(2236928K)->0K(2236928K) From: 65904K(279616K)->65771K(279616K)
[884.387s][info][gc,heap     ] GC(416) Tenured: 85231K(5592448K)->85231K(5592448K)
[884.387s][info][gc,metaspace] GC(416) Metaspace: 831K(960K)->831K(960K) NonClass: 777K(832K)->777K(832K) Class: 53K(128K)->53K(128K)
[884.387s][info][gc          ] GC(416) Pause Young (Allocation Failure) 2332M->147M(7918M) 20.874ms
[884.387s][info][gc,cpu      ] GC(416) User=0.02s Sys=0.00s Real=0.02s
[886.497s][info][gc,start    ] GC(417) Pause Young (Allocation Failure)
[886.517s][info][gc,heap     ] GC(417) DefNew: 2302699K(2516544K)->65866K(2516544K) Eden: 2236928K(2236928K)->0K(2236928K) From: 65771K(279616K)->65866K(279616K)
[886.517s][info][gc,heap     ] GC(417) Tenured: 85231K(5592448K)->85231K(5592448K)
[886.517s][info][gc,metaspace] GC(417) Metaspace: 831K(960K)->831K(960K) NonClass: 777K(832K)->777K(832K) Class: 53K(128K)->53K(128K)
[886.517s][info][gc          ] GC(417) Pause Young (Allocation Failure) 2331M->147M(7918M) 20.779ms
[886.517s][info][gc,cpu      ] GC(417) User=0.02s Sys=0.00s Real=0.02s
[888.616s][info][gc,start    ] GC(418) Pause Young (Allocation Failure)
[888.637s][info][gc,heap     ] GC(418) DefNew: 2302794K(2516544K)->65853K(2516544K) Eden: 2236928K(2236928K)->0K(2236928K) From: 65866K(279616K)->65853K(279616K)
[888.637s][info][gc,heap     ] GC(418) Tenured: 85231K(5592448K)->85231K(5592448K)
[888.637s][info][gc,metaspace] GC(418) Metaspace: 831K(960K)->831K(960K) NonClass: 777K(832K)->777K(832K) Class: 53K(128K)->53K(128K)
[888.637s][info][gc          ] GC(418) Pause Young (Allocation Failure) 2332M->147M(7918M) 20.882ms
[888.637s][info][gc,cpu      ] GC(418) User=0.02s Sys=0.00s Real=0.02s
[890.736s][info][gc,start    ] GC(419) Pause Young (Allocation Failure)
[890.757s][info][gc,heap     ] GC(419) DefNew: 2302781K(2516544K)->65992K(2516544K) Eden: 2236928K(2236928K)->0K(2236928K) From: 65853K(279616K)->65992K(279616K)
[890.757s][info][gc,heap     ] GC(419) Tenured: 85231K(5592448K)->85231K(5592448K)
[890.757s][info][gc,metaspace] GC(419) Metaspace: 831K(960K)->831K(960K) NonClass: 777K(832K)->777K(832K) Class: 53K(128K)->53K(128K)
[890.757s][info][gc          ] GC(419) Pause Young (Allocation Failure) 2332M->147M(7918M) 20.541ms
[890.757s][info][gc,cpu      ] GC(419) User=0.02s Sys=0.00s Real=0.02s
[892.856s][info][gc,start    ] GC(420) Pause Young (Allocation Failure)
[892.877s][info][gc,heap     ] GC(420) DefNew: 2302920K(2516544K)->65992K(2516544K) Eden: 2236928K(2236928K)->0K(2236928K) From: 65992K(279616K)->65992K(279616K)
[892.877s][info][gc,heap     ] GC(420) Tenured: 85231K(5592448K)->85231K(5592448K)
[892.877s][info][gc,metaspace] GC(420) Metaspace: 831K(960K)->831K(960K) NonClass: 777K(832K)->777K(832K) Class: 53K(128K)->53K(128K)
[892.877s][info][gc          ] GC(420) Pause Young (Allocation Failure) 2332M->147M(7918M) 21.064ms
[892.877s][info][gc,cpu      ] GC(420) User=0.03s Sys=0.00s Real=0.02s
[894.976s][info][gc,start    ] GC(421) Pause Young (Allocation Failure)
[894.998s][info][gc,heap     ] GC(421) DefNew: 2302920K(2516544K)->65923K(2516544K) Eden: 2236928K(2236928K)->0K(2236928K) From: 65992K(279616K)->65923K(279616K)
[894.998s][info][gc,heap     ] GC(421) Tenured: 85231K(5592448K)->85231K(5592448K)
[894.998s][info][gc,metaspace] GC(421) Metaspace: 831K(960K)->831K(960K) NonClass: 777K(832K)->777K(832K) Class: 53K(128K)->53K(128K)
[894.998s][info][gc          ] GC(421) Pause Young (Allocation Failure) 2332M->147M(7918M) 21.580ms
[894.998s][info][gc,cpu      ] GC(421) User=0.02s Sys=0.00s Real=0.02s
[897.105s][info][gc,start    ] GC(422) Pause Young (Allocation Failure)
[897.125s][info][gc,heap     ] GC(422) DefNew: 2302851K(2516544K)->65911K(2516544K) Eden: 2236928K(2236928K)->0K(2236928K) From: 65923K(279616K)->65911K(279616K)
[897.125s][info][gc,heap     ] GC(422) Tenured: 85231K(5592448K)->85231K(5592448K)
[897.125s][info][gc,metaspace] GC(422) Metaspace: 831K(960K)->831K(960K) NonClass: 777K(832K)->777K(832K) Class: 53K(128K)->53K(128K)
[897.125s][info][gc          ] GC(422) Pause Young (Allocation Failure) 2332M->147M(7918M) 20.222ms
[897.126s][info][gc,cpu      ] GC(422) User=0.02s Sys=0.00s Real=0.02s
[899.226s][info][gc,start    ] GC(423) Pause Young (Allocation Failure)
[899.246s][info][gc,heap     ] GC(423) DefNew: 2302839K(2516544K)->65903K(2516544K) Eden: 2236928K(2236928K)->0K(2236928K) From: 65911K(279616K)->65903K(279616K)
[899.246s][info][gc,heap     ] GC(423) Tenured: 85231K(5592448K)->85231K(5592448K)
[899.246s][info][gc,metaspace] GC(423) Metaspace: 831K(960K)->831K(960K) NonClass: 777K(832K)->777K(832K) Class: 53K(128K)->53K(128K)
[899.247s][info][gc          ] GC(423) Pause Young (Allocation Failure) 2332M->147M(7918M) 20.994ms
[899.247s][info][gc,cpu      ] GC(423) User=0.02s Sys=0.00s Real=0.02s
[901.346s][info][gc,start    ] GC(424) Pause Young (Allocation Failure)
[901.368s][info][gc,heap     ] GC(424) DefNew: 2302831K(2516544K)->65875K(2516544K) Eden: 2236928K(2236928K)->0K(2236928K) From: 65903K(279616K)->65875K(279616K)
[901.368s][info][gc,heap     ] GC(424) Tenured: 85231K(5592448K)->85231K(5592448K)
[901.368s][info][gc,metaspace] GC(424) Metaspace: 831K(960K)->831K(960K) NonClass: 777K(832K)->777K(832K) Class: 53K(128K)->53K(128K)
[901.368s][info][gc          ] GC(424) Pause Young (Allocation Failure) 2332M->147M(7918M) 22.749ms
[901.368s][info][gc,cpu      ] GC(424) User=0.02s Sys=0.00s Real=0.02s
[903.476s][info][gc,start    ] GC(425) Pause Young (Allocation Failure)
[903.501s][info][gc,heap     ] GC(425) DefNew: 2302803K(2516544K)->67264K(2516544K) Eden: 2236928K(2236928K)->0K(2236928K) From: 65875K(279616K)->67264K(279616K)
[903.501s][info][gc,heap     ] GC(425) Tenured: 85231K(5592448K)->85231K(5592448K)
[903.501s][info][gc,metaspace] GC(425) Metaspace: 831K(960K)->831K(960K) NonClass: 777K(832K)->777K(832K) Class: 53K(128K)->53K(128K)
[903.501s][info][gc          ] GC(425) Pause Young (Allocation Failure) 2332M->148M(7918M) 25.109ms
[903.501s][info][gc,cpu      ] GC(425) User=0.03s Sys=0.01s Real=0.02s
[905.596s][info][gc,start    ] GC(426) Pause Young (Allocation Failure)
[905.618s][info][gc,heap     ] GC(426) DefNew: 2304192K(2516544K)->67217K(2516544K) Eden: 2236928K(2236928K)->0K(2236928K) From: 67264K(279616K)->67217K(279616K)
[905.618s][info][gc,heap     ] GC(426) Tenured: 85231K(5592448K)->85231K(5592448K)
[905.618s][info][gc,metaspace] GC(426) Metaspace: 831K(960K)->831K(960K) NonClass: 777K(832K)->777K(832K) Class: 53K(128K)->53K(128K)
[905.618s][info][gc          ] GC(426) Pause Young (Allocation Failure) 2333M->148M(7918M) 22.439ms
[905.618s][info][gc,cpu      ] GC(426) User=0.03s Sys=0.00s Real=0.02s
[907.715s][info][gc,start    ] GC(427) Pause Young (Allocation Failure)
[907.737s][info][gc,heap     ] GC(427) DefNew: 2304145K(2516544K)->67176K(2516544K) Eden: 2236928K(2236928K)->0K(2236928K) From: 67217K(279616K)->67176K(279616K)
[907.737s][info][gc,heap     ] GC(427) Tenured: 85231K(5592448K)->85231K(5592448K)
[907.737s][info][gc,metaspace] GC(427) Metaspace: 831K(960K)->831K(960K) NonClass: 777K(832K)->777K(832K) Class: 53K(128K)->53K(128K)
[907.737s][info][gc          ] GC(427) Pause Young (Allocation Failure) 2333M->148M(7918M) 21.704ms
[907.737s][info][gc,cpu      ] GC(427) User=0.02s Sys=0.00s Real=0.02s
[909.827s][info][gc,start    ] GC(428) Pause Young (Allocation Failure)
[909.849s][info][gc,heap     ] GC(428) DefNew: 2304104K(2516544K)->67199K(2516544K) Eden: 2236928K(2236928K)->0K(2236928K) From: 67176K(279616K)->67199K(279616K)
[909.850s][info][gc,heap     ] GC(428) Tenured: 85231K(5592448K)->85231K(5592448K)
[909.850s][info][gc,metaspace] GC(428) Metaspace: 831K(960K)->831K(960K) NonClass: 777K(832K)->777K(832K) Class: 53K(128K)->53K(128K)
[909.850s][info][gc          ] GC(428) Pause Young (Allocation Failure) 2333M->148M(7918M) 22.833ms
[909.850s][info][gc,cpu      ] GC(428) User=0.03s Sys=0.00s Real=0.02s
[911.955s][info][gc,start    ] GC(429) Pause Young (Allocation Failure)
[911.977s][info][gc,heap     ] GC(429) DefNew: 2304127K(2516544K)->67331K(2516544K) Eden: 2236928K(2236928K)->0K(2236928K) From: 67199K(279616K)->67331K(279616K)
[911.977s][info][gc,heap     ] GC(429) Tenured: 85231K(5592448K)->85231K(5592448K)
[911.977s][info][gc,metaspace] GC(429) Metaspace: 831K(960K)->831K(960K) NonClass: 777K(832K)->777K(832K) Class: 53K(128K)->53K(128K)
[911.977s][info][gc          ] GC(429) Pause Young (Allocation Failure) 2333M->148M(7918M) 21.953ms
[911.977s][info][gc,cpu      ] GC(429) User=0.02s Sys=0.00s Real=0.02s
[914.076s][info][gc,start    ] GC(430) Pause Young (Allocation Failure)
[914.098s][info][gc,heap     ] GC(430) DefNew: 2304259K(2516544K)->67341K(2516544K) Eden: 2236928K(2236928K)->0K(2236928K) From: 67331K(279616K)->67341K(279616K)
[914.098s][info][gc,heap     ] GC(430) Tenured: 85231K(5592448K)->85231K(5592448K)
[914.098s][info][gc,metaspace] GC(430) Metaspace: 831K(960K)->831K(960K) NonClass: 777K(832K)->777K(832K) Class: 53K(128K)->53K(128K)
[914.098s][info][gc          ] GC(430) Pause Young (Allocation Failure) 2333M->148M(7918M) 22.348ms
[914.098s][info][gc,cpu      ] GC(430) User=0.02s Sys=0.00s Real=0.02s
[916.197s][info][gc,start    ] GC(431) Pause Young (Allocation Failure)
[916.219s][info][gc,heap     ] GC(431) DefNew: 2304269K(2516544K)->67290K(2516544K) Eden: 2236928K(2236928K)->0K(2236928K) From: 67341K(279616K)->67290K(279616K)
[916.219s][info][gc,heap     ] GC(431) Tenured: 85231K(5592448K)->85231K(5592448K)
[916.219s][info][gc,metaspace] GC(431) Metaspace: 831K(960K)->831K(960K) NonClass: 777K(832K)->777K(832K) Class: 53K(128K)->53K(128K)
[916.219s][info][gc          ] GC(431) Pause Young (Allocation Failure) 2333M->148M(7918M) 22.037ms
[916.219s][info][gc,cpu      ] GC(431) User=0.02s Sys=0.00s Real=0.02s
[918.317s][info][gc,start    ] GC(432) Pause Young (Allocation Failure)
[918.339s][info][gc,heap     ] GC(432) DefNew: 2304218K(2516544K)->67122K(2516544K) Eden: 2236928K(2236928K)->0K(2236928K) From: 67290K(279616K)->67122K(279616K)
[918.339s][info][gc,heap     ] GC(432) Tenured: 85231K(5592448K)->85231K(5592448K)
[918.339s][info][gc,metaspace] GC(432) Metaspace: 831K(960K)->831K(960K) NonClass: 777K(832K)->777K(832K) Class: 53K(128K)->53K(128K)
[918.339s][info][gc          ] GC(432) Pause Young (Allocation Failure) 2333M->148M(7918M) 21.992ms
[918.339s][info][gc,cpu      ] GC(432) User=0.02s Sys=0.00s Real=0.02s
[920.436s][info][gc,start    ] GC(433) Pause Young (Allocation Failure)
[920.458s][info][gc,heap     ] GC(433) DefNew: 2304050K(2516544K)->67139K(2516544K) Eden: 2236928K(2236928K)->0K(2236928K) From: 67122K(279616K)->67139K(279616K)
[920.458s][info][gc,heap     ] GC(433) Tenured: 85231K(5592448K)->85231K(5592448K)
[920.458s][info][gc,metaspace] GC(433) Metaspace: 831K(960K)->831K(960K) NonClass: 777K(832K)->777K(832K) Class: 53K(128K)->53K(128K)
[920.458s][info][gc          ] GC(433) Pause Young (Allocation Failure) 2333M->148M(7918M) 22.650ms
[920.458s][info][gc,cpu      ] GC(433) User=0.02s Sys=0.00s Real=0.02s
[922.557s][info][gc,start    ] GC(434) Pause Young (Allocation Failure)
[922.579s][info][gc,heap     ] GC(434) DefNew: 2304067K(2516544K)->67274K(2516544K) Eden: 2236928K(2236928K)->0K(2236928K) From: 67139K(279616K)->67274K(279616K)
[922.579s][info][gc,heap     ] GC(434) Tenured: 85231K(5592448K)->85231K(5592448K)
[922.579s][info][gc,metaspace] GC(434) Metaspace: 831K(960K)->831K(960K) NonClass: 777K(832K)->777K(832K) Class: 53K(128K)->53K(128K)
[922.579s][info][gc          ] GC(434) Pause Young (Allocation Failure) 2333M->148M(7918M) 22.125ms
[922.579s][info][gc,cpu      ] GC(434) User=0.02s Sys=0.00s Real=0.02s
[924.685s][info][gc,start    ] GC(435) Pause Young (Allocation Failure)
[924.707s][info][gc,heap     ] GC(435) DefNew: 2304202K(2516544K)->67003K(2516544K) Eden: 2236928K(2236928K)->0K(2236928K) From: 67274K(279616K)->67003K(279616K)
[924.707s][info][gc,heap     ] GC(435) Tenured: 85231K(5592448K)->85231K(5592448K)
[924.707s][info][gc,metaspace] GC(435) Metaspace: 831K(960K)->831K(960K) NonClass: 777K(832K)->777K(832K) Class: 53K(128K)->53K(128K)
[924.707s][info][gc          ] GC(435) Pause Young (Allocation Failure) 2333M->148M(7918M) 22.080ms
[924.708s][info][gc,cpu      ] GC(435) User=0.02s Sys=0.01s Real=0.02s
[926.806s][info][gc,start    ] GC(436) Pause Young (Allocation Failure)
[926.829s][info][gc,heap     ] GC(436) DefNew: 2303931K(2516544K)->67127K(2516544K) Eden: 2236928K(2236928K)->0K(2236928K) From: 67003K(279616K)->67127K(279616K)
[926.829s][info][gc,heap     ] GC(436) Tenured: 85231K(5592448K)->85231K(5592448K)
[926.829s][info][gc,metaspace] GC(436) Metaspace: 831K(960K)->831K(960K) NonClass: 777K(832K)->777K(832K) Class: 53K(128K)->53K(128K)
[926.829s][info][gc          ] GC(436) Pause Young (Allocation Failure) 2333M->148M(7918M) 22.746ms
[926.829s][info][gc,cpu      ] GC(436) User=0.02s Sys=0.00s Real=0.02s
[928.936s][info][gc,start    ] GC(437) Pause Young (Allocation Failure)
[928.957s][info][gc,heap     ] GC(437) DefNew: 2304055K(2516544K)->67077K(2516544K) Eden: 2236928K(2236928K)->0K(2236928K) From: 67127K(279616K)->67077K(279616K)
[928.957s][info][gc,heap     ] GC(437) Tenured: 85231K(5592448K)->85231K(5592448K)
[928.957s][info][gc,metaspace] GC(437) Metaspace: 831K(960K)->831K(960K) NonClass: 777K(832K)->777K(832K) Class: 53K(128K)->53K(128K)
[928.957s][info][gc          ] GC(437) Pause Young (Allocation Failure) 2333M->148M(7918M) 21.093ms
[928.957s][info][gc,cpu      ] GC(437) User=0.02s Sys=0.00s Real=0.02s
[931.056s][info][gc,start    ] GC(438) Pause Young (Allocation Failure)
[931.077s][info][gc,heap     ] GC(438) DefNew: 2304005K(2516544K)->67256K(2516544K) Eden: 2236928K(2236928K)->0K(2236928K) From: 67077K(279616K)->67256K(279616K)
[931.077s][info][gc,heap     ] GC(438) Tenured: 85231K(5592448K)->85231K(5592448K)
[931.077s][info][gc,metaspace] GC(438) Metaspace: 831K(960K)->831K(960K) NonClass: 777K(832K)->777K(832K) Class: 53K(128K)->53K(128K)
[931.077s][info][gc          ] GC(438) Pause Young (Allocation Failure) 2333M->148M(7918M) 21.637ms
[931.077s][info][gc,cpu      ] GC(438) User=0.02s Sys=0.00s Real=0.02s
[933.166s][info][gc,start    ] GC(439) Pause Young (Allocation Failure)
[933.188s][info][gc,heap     ] GC(439) DefNew: 2304184K(2516544K)->67173K(2516544K) Eden: 2236928K(2236928K)->0K(2236928K) From: 67256K(279616K)->67173K(279616K)
[933.188s][info][gc,heap     ] GC(439) Tenured: 85231K(5592448K)->85232K(5592448K)
[933.188s][info][gc,metaspace] GC(439) Metaspace: 831K(960K)->831K(960K) NonClass: 777K(832K)->777K(832K) Class: 53K(128K)->53K(128K)
[933.188s][info][gc          ] GC(439) Pause Young (Allocation Failure) 2333M->148M(7918M) 21.764ms
[933.188s][info][gc,cpu      ] GC(439) User=0.02s Sys=0.00s Real=0.03s
[935.287s][info][gc,start    ] GC(440) Pause Young (Allocation Failure)
[935.311s][info][gc,heap     ] GC(440) DefNew: 2304101K(2516544K)->65704K(2516544K) Eden: 2236928K(2236928K)->0K(2236928K) From: 67173K(279616K)->65704K(279616K)
[935.311s][info][gc,heap     ] GC(440) Tenured: 85232K(5592448K)->86548K(5592448K)
[935.311s][info][gc,metaspace] GC(440) Metaspace: 831K(960K)->831K(960K) NonClass: 777K(832K)->777K(832K) Class: 53K(128K)->53K(128K)
[935.311s][info][gc          ] GC(440) Pause Young (Allocation Failure) 2333M->148M(7918M) 24.005ms
[935.311s][info][gc,cpu      ] GC(440) User=0.02s Sys=0.00s Real=0.03s
[937.416s][info][gc,start    ] GC(441) Pause Young (Allocation Failure)
[937.437s][info][gc,heap     ] GC(441) DefNew: 2302632K(2516544K)->65786K(2516544K) Eden: 2236928K(2236928K)->0K(2236928K) From: 65704K(279616K)->65786K(279616K)
[937.437s][info][gc,heap     ] GC(441) Tenured: 86548K(5592448K)->86548K(5592448K)
[937.437s][info][gc,metaspace] GC(441) Metaspace: 831K(960K)->831K(960K) NonClass: 777K(832K)->777K(832K) Class: 53K(128K)->53K(128K)
[937.437s][info][gc          ] GC(441) Pause Young (Allocation Failure) 2333M->148M(7918M) 21.459ms
[937.437s][info][gc,cpu      ] GC(441) User=0.02s Sys=0.00s Real=0.02s
[939.537s][info][gc,start    ] GC(442) Pause Young (Allocation Failure)
[939.559s][info][gc,heap     ] GC(442) DefNew: 2302714K(2516544K)->65898K(2516544K) Eden: 2236928K(2236928K)->0K(2236928K) From: 65786K(279616K)->65898K(279616K)
[939.559s][info][gc,heap     ] GC(442) Tenured: 86548K(5592448K)->86548K(5592448K)
[939.559s][info][gc,metaspace] GC(442) Metaspace: 831K(960K)->831K(960K) NonClass: 777K(832K)->777K(832K) Class: 53K(128K)->53K(128K)
[939.559s][info][gc          ] GC(442) Pause Young (Allocation Failure) 2333M->148M(7918M) 22.617ms
[939.559s][info][gc,cpu      ] GC(442) User=0.03s Sys=0.00s Real=0.03s
[941.666s][info][gc,start    ] GC(443) Pause Young (Allocation Failure)
[941.688s][info][gc,heap     ] GC(443) DefNew: 2302826K(2516544K)->66021K(2516544K) Eden: 2236928K(2236928K)->0K(2236928K) From: 65898K(279616K)->66021K(279616K)
[941.688s][info][gc,heap     ] GC(443) Tenured: 86548K(5592448K)->86548K(5592448K)
[941.688s][info][gc,metaspace] GC(443) Metaspace: 831K(960K)->831K(960K) NonClass: 777K(832K)->777K(832K) Class: 53K(128K)->53K(128K)
[941.688s][info][gc          ] GC(443) Pause Young (Allocation Failure) 2333M->148M(7918M) 22.895ms
[941.688s][info][gc,cpu      ] GC(443) User=0.03s Sys=0.00s Real=0.02s
[943.777s][info][gc,start    ] GC(444) Pause Young (Allocation Failure)
[943.797s][info][gc,heap     ] GC(444) DefNew: 2302949K(2516544K)->65667K(2516544K) Eden: 2236928K(2236928K)->0K(2236928K) From: 66021K(279616K)->65667K(279616K)
[943.797s][info][gc,heap     ] GC(444) Tenured: 86548K(5592448K)->86548K(5592448K)
[943.797s][info][gc,metaspace] GC(444) Metaspace: 831K(960K)->831K(960K) NonClass: 777K(832K)->777K(832K) Class: 53K(128K)->53K(128K)
[943.797s][info][gc          ] GC(444) Pause Young (Allocation Failure) 2333M->148M(7918M) 20.341ms
[943.797s][info][gc,cpu      ] GC(444) User=0.02s Sys=0.00s Real=0.02s
[945.896s][info][gc,start    ] GC(445) Pause Young (Allocation Failure)
[945.915s][info][gc,heap     ] GC(445) DefNew: 2302595K(2516544K)->65921K(2516544K) Eden: 2236928K(2236928K)->0K(2236928K) From: 65667K(279616K)->65921K(279616K)
[945.915s][info][gc,heap     ] GC(445) Tenured: 86548K(5592448K)->86548K(5592448K)
[945.915s][info][gc,metaspace] GC(445) Metaspace: 831K(960K)->831K(960K) NonClass: 777K(832K)->777K(832K) Class: 53K(128K)->53K(128K)
[945.915s][info][gc          ] GC(445) Pause Young (Allocation Failure) 2333M->148M(7918M) 19.447ms
[945.915s][info][gc,cpu      ] GC(445) User=0.02s Sys=0.00s Real=0.02s
[948.026s][info][gc,start    ] GC(446) Pause Young (Allocation Failure)
[948.047s][info][gc,heap     ] GC(446) DefNew: 2302849K(2516544K)->65911K(2516544K) Eden: 2236928K(2236928K)->0K(2236928K) From: 65921K(279616K)->65911K(279616K)
[948.047s][info][gc,heap     ] GC(446) Tenured: 86548K(5592448K)->86548K(5592448K)
[948.047s][info][gc,metaspace] GC(446) Metaspace: 831K(960K)->831K(960K) NonClass: 777K(832K)->777K(832K) Class: 53K(128K)->53K(128K)
[948.047s][info][gc          ] GC(446) Pause Young (Allocation Failure) 2333M->148M(7918M) 20.925ms
[948.047s][info][gc,cpu      ] GC(446) User=0.02s Sys=0.00s Real=0.02s
[950.145s][info][gc,start    ] GC(447) Pause Young (Allocation Failure)
[950.166s][info][gc,heap     ] GC(447) DefNew: 2302839K(2516544K)->65994K(2516544K) Eden: 2236928K(2236928K)->0K(2236928K) From: 65911K(279616K)->65994K(279616K)
[950.166s][info][gc,heap     ] GC(447) Tenured: 86548K(5592448K)->86548K(5592448K)
[950.166s][info][gc,metaspace] GC(447) Metaspace: 831K(960K)->831K(960K) NonClass: 777K(832K)->777K(832K) Class: 53K(128K)->53K(128K)
[950.166s][info][gc          ] GC(447) Pause Young (Allocation Failure) 2333M->148M(7918M) 21.106ms
[950.166s][info][gc,cpu      ] GC(447) User=0.02s Sys=0.00s Real=0.02s
[952.257s][info][gc,start    ] GC(448) Pause Young (Allocation Failure)
[952.278s][info][gc,heap     ] GC(448) DefNew: 2302922K(2516544K)->66078K(2516544K) Eden: 2236928K(2236928K)->0K(2236928K) From: 65994K(279616K)->66078K(279616K)
[952.278s][info][gc,heap     ] GC(448) Tenured: 86548K(5592448K)->86548K(5592448K)
[952.278s][info][gc,metaspace] GC(448) Metaspace: 831K(960K)->831K(960K) NonClass: 777K(832K)->777K(832K) Class: 53K(128K)->53K(128K)
[952.278s][info][gc          ] GC(448) Pause Young (Allocation Failure) 2333M->149M(7918M) 21.504ms
[952.278s][info][gc,cpu      ] GC(448) User=0.02s Sys=0.00s Real=0.02s
[954.386s][info][gc,start    ] GC(449) Pause Young (Allocation Failure)
[954.407s][info][gc,heap     ] GC(449) DefNew: 2303006K(2516544K)->65828K(2516544K) Eden: 2236928K(2236928K)->0K(2236928K) From: 66078K(279616K)->65828K(279616K)
[954.407s][info][gc,heap     ] GC(449) Tenured: 86548K(5592448K)->86548K(5592448K)
[954.407s][info][gc,metaspace] GC(449) Metaspace: 831K(960K)->831K(960K) NonClass: 777K(832K)->777K(832K) Class: 53K(128K)->53K(128K)
[954.407s][info][gc          ] GC(449) Pause Young (Allocation Failure) 2333M->148M(7918M) 20.935ms
[954.407s][info][gc,cpu      ] GC(449) User=0.02s Sys=0.00s Real=0.02s
[956.506s][info][gc,start    ] GC(450) Pause Young (Allocation Failure)
[956.526s][info][gc,heap     ] GC(450) DefNew: 2302756K(2516544K)->65912K(2516544K) Eden: 2236928K(2236928K)->0K(2236928K) From: 65828K(279616K)->65912K(279616K)
[956.526s][info][gc,heap     ] GC(450) Tenured: 86548K(5592448K)->86548K(5592448K)
[956.526s][info][gc,metaspace] GC(450) Metaspace: 831K(960K)->831K(960K) NonClass: 777K(832K)->777K(832K) Class: 53K(128K)->53K(128K)
[956.526s][info][gc          ] GC(450) Pause Young (Allocation Failure) 2333M->148M(7918M) 20.117ms
[956.526s][info][gc,cpu      ] GC(450) User=0.02s Sys=0.00s Real=0.02s
[958.626s][info][gc,start    ] GC(451) Pause Young (Allocation Failure)
[958.647s][info][gc,heap     ] GC(451) DefNew: 2302840K(2516544K)->65832K(2516544K) Eden: 2236928K(2236928K)->0K(2236928K) From: 65912K(279616K)->65832K(279616K)
[958.647s][info][gc,heap     ] GC(451) Tenured: 86548K(5592448K)->86548K(5592448K)
[958.647s][info][gc,metaspace] GC(451) Metaspace: 831K(960K)->831K(960K) NonClass: 777K(832K)->777K(832K) Class: 53K(128K)->53K(128K)
[958.647s][info][gc          ] GC(451) Pause Young (Allocation Failure) 2333M->148M(7918M) 21.269ms
[958.647s][info][gc,cpu      ] GC(451) User=0.02s Sys=0.00s Real=0.02s
[960.746s][info][gc,start    ] GC(452) Pause Young (Allocation Failure)
[960.769s][info][gc,heap     ] GC(452) DefNew: 2302760K(2516544K)->65922K(2516544K) Eden: 2236928K(2236928K)->0K(2236928K) From: 65832K(279616K)->65922K(279616K)
[960.769s][info][gc,heap     ] GC(452) Tenured: 86548K(5592448K)->86548K(5592448K)
[960.769s][info][gc,metaspace] GC(452) Metaspace: 831K(960K)->831K(960K) NonClass: 777K(832K)->777K(832K) Class: 53K(128K)->53K(128K)
[960.769s][info][gc          ] GC(452) Pause Young (Allocation Failure) 2333M->148M(7918M) 23.123ms
[960.769s][info][gc,cpu      ] GC(452) User=0.02s Sys=0.00s Real=0.02s
[962.866s][info][gc,start    ] GC(453) Pause Young (Allocation Failure)
[962.887s][info][gc,heap     ] GC(453) DefNew: 2302850K(2516544K)->65731K(2516544K) Eden: 2236928K(2236928K)->0K(2236928K) From: 65922K(279616K)->65731K(279616K)
[962.887s][info][gc,heap     ] GC(453) Tenured: 86548K(5592448K)->86548K(5592448K)
[962.887s][info][gc,metaspace] GC(453) Metaspace: 831K(960K)->831K(960K) NonClass: 777K(832K)->777K(832K) Class: 53K(128K)->53K(128K)
[962.887s][info][gc          ] GC(453) Pause Young (Allocation Failure) 2333M->148M(7918M) 21.599ms
[962.888s][info][gc,cpu      ] GC(453) User=0.02s Sys=0.00s Real=0.02s
[964.995s][info][gc,start    ] GC(454) Pause Young (Allocation Failure)
[965.020s][info][gc,heap     ] GC(454) DefNew: 2302659K(2516544K)->67196K(2516544K) Eden: 2236928K(2236928K)->0K(2236928K) From: 65731K(279616K)->67196K(279616K)
[965.020s][info][gc,heap     ] GC(454) Tenured: 86548K(5592448K)->86548K(5592448K)
[965.020s][info][gc,metaspace] GC(454) Metaspace: 831K(960K)->831K(960K) NonClass: 777K(832K)->777K(832K) Class: 53K(128K)->53K(128K)
[965.020s][info][gc          ] GC(454) Pause Young (Allocation Failure) 2333M->150M(7918M) 24.465ms
[965.020s][info][gc,cpu      ] GC(454) User=0.03s Sys=0.00s Real=0.02s
[967.116s][info][gc,start    ] GC(455) Pause Young (Allocation Failure)
[967.138s][info][gc,heap     ] GC(455) DefNew: 2304124K(2516544K)->67298K(2516544K) Eden: 2236928K(2236928K)->0K(2236928K) From: 67196K(279616K)->67298K(279616K)
[967.138s][info][gc,heap     ] GC(455) Tenured: 86548K(5592448K)->86548K(5592448K)
[967.138s][info][gc,metaspace] GC(455) Metaspace: 831K(960K)->831K(960K) NonClass: 777K(832K)->777K(832K) Class: 53K(128K)->53K(128K)
[967.138s][info][gc          ] GC(455) Pause Young (Allocation Failure) 2334M->150M(7918M) 21.983ms
[967.138s][info][gc,cpu      ] GC(455) User=0.02s Sys=0.00s Real=0.02s
[969.236s][info][gc,start    ] GC(456) Pause Young (Allocation Failure)
[969.258s][info][gc,heap     ] GC(456) DefNew: 2304226K(2516544K)->67234K(2516544K) Eden: 2236928K(2236928K)->0K(2236928K) From: 67298K(279616K)->67234K(279616K)
[969.258s][info][gc,heap     ] GC(456) Tenured: 86548K(5592448K)->86548K(5592448K)
[969.258s][info][gc,metaspace] GC(456) Metaspace: 831K(960K)->831K(960K) NonClass: 777K(832K)->777K(832K) Class: 53K(128K)->53K(128K)
[969.258s][info][gc          ] GC(456) Pause Young (Allocation Failure) 2334M->150M(7918M) 22.290ms
[969.258s][info][gc,cpu      ] GC(456) User=0.03s Sys=0.00s Real=0.02s
[971.347s][info][gc,start    ] GC(457) Pause Young (Allocation Failure)
[971.368s][info][gc,heap     ] GC(457) DefNew: 2304162K(2516544K)->67247K(2516544K) Eden: 2236928K(2236928K)->0K(2236928K) From: 67234K(279616K)->67247K(279616K)
[971.368s][info][gc,heap     ] GC(457) Tenured: 86548K(5592448K)->86548K(5592448K)
[971.368s][info][gc,metaspace] GC(457) Metaspace: 831K(960K)->831K(960K) NonClass: 777K(832K)->777K(832K) Class: 53K(128K)->53K(128K)
[971.368s][info][gc          ] GC(457) Pause Young (Allocation Failure) 2334M->150M(7918M) 21.452ms
[971.368s][info][gc,cpu      ] GC(457) User=0.02s Sys=0.00s Real=0.02s
[973.467s][info][gc,start    ] GC(458) Pause Young (Allocation Failure)
[973.489s][info][gc,heap     ] GC(458) DefNew: 2304175K(2516544K)->67095K(2516544K) Eden: 2236928K(2236928K)->0K(2236928K) From: 67247K(279616K)->67095K(279616K)
[973.489s][info][gc,heap     ] GC(458) Tenured: 86548K(5592448K)->86548K(5592448K)
[973.489s][info][gc,metaspace] GC(458) Metaspace: 831K(960K)->831K(960K) NonClass: 777K(832K)->777K(832K) Class: 53K(128K)->53K(128K)
[973.489s][info][gc          ] GC(458) Pause Young (Allocation Failure) 2334M->150M(7918M) 22.416ms
[973.489s][info][gc,cpu      ] GC(458) User=0.02s Sys=0.00s Real=0.02s
[975.596s][info][gc,start    ] GC(459) Pause Young (Allocation Failure)
[975.618s][info][gc,heap     ] GC(459) DefNew: 2304023K(2516544K)->67193K(2516544K) Eden: 2236928K(2236928K)->0K(2236928K) From: 67095K(279616K)->67193K(279616K)
[975.618s][info][gc,heap     ] GC(459) Tenured: 86548K(5592448K)->86548K(5592448K)
[975.618s][info][gc,metaspace] GC(459) Metaspace: 831K(960K)->831K(960K) NonClass: 777K(832K)->777K(832K) Class: 53K(128K)->53K(128K)
[975.618s][info][gc          ] GC(459) Pause Young (Allocation Failure) 2334M->150M(7918M) 21.814ms
[975.618s][info][gc,cpu      ] GC(459) User=0.02s Sys=0.00s Real=0.02s
[977.716s][info][gc,start    ] GC(460) Pause Young (Allocation Failure)
[977.739s][info][gc,heap     ] GC(460) DefNew: 2304121K(2516544K)->67222K(2516544K) Eden: 2236928K(2236928K)->0K(2236928K) From: 67193K(279616K)->67222K(279616K)
[977.739s][info][gc,heap     ] GC(460) Tenured: 86548K(5592448K)->86548K(5592448K)
[977.739s][info][gc,metaspace] GC(460) Metaspace: 831K(960K)->831K(960K) NonClass: 777K(832K)->777K(832K) Class: 53K(128K)->53K(128K)
[977.739s][info][gc          ] GC(460) Pause Young (Allocation Failure) 2334M->150M(7918M) 22.441ms
[977.739s][info][gc,cpu      ] GC(460) User=0.02s Sys=0.00s Real=0.02s
[979.846s][info][gc,start    ] GC(461) Pause Young (Allocation Failure)
[979.868s][info][gc,heap     ] GC(461) DefNew: 2304150K(2516544K)->67123K(2516544K) Eden: 2236928K(2236928K)->0K(2236928K) From: 67222K(279616K)->67123K(279616K)
[979.868s][info][gc,heap     ] GC(461) Tenured: 86548K(5592448K)->86548K(5592448K)
[979.868s][info][gc,metaspace] GC(461) Metaspace: 831K(960K)->831K(960K) NonClass: 777K(832K)->777K(832K) Class: 53K(128K)->53K(128K)
[979.868s][info][gc          ] GC(461) Pause Young (Allocation Failure) 2334M->150M(7918M) 22.233ms
[979.868s][info][gc,cpu      ] GC(461) User=0.02s Sys=0.00s Real=0.02s
[981.965s][info][gc,start    ] GC(462) Pause Young (Allocation Failure)
[981.986s][info][gc,heap     ] GC(462) DefNew: 2304051K(2516544K)->67155K(2516544K) Eden: 2236928K(2236928K)->0K(2236928K) From: 67123K(279616K)->67155K(279616K)
[981.987s][info][gc,heap     ] GC(462) Tenured: 86548K(5592448K)->86548K(5592448K)
[981.987s][info][gc,metaspace] GC(462) Metaspace: 831K(960K)->831K(960K) NonClass: 777K(832K)->777K(832K) Class: 53K(128K)->53K(128K)
[981.987s][info][gc          ] GC(462) Pause Young (Allocation Failure) 2334M->150M(7918M) 21.744ms
[981.987s][info][gc,cpu      ] GC(462) User=0.02s Sys=0.00s Real=0.02s
[984.076s][info][gc,start    ] GC(463) Pause Young (Allocation Failure)
[984.099s][info][gc,heap     ] GC(463) DefNew: 2304083K(2516544K)->67088K(2516544K) Eden: 2236928K(2236928K)->0K(2236928K) From: 67155K(279616K)->67088K(279616K)
[984.099s][info][gc,heap     ] GC(463) Tenured: 86548K(5592448K)->86548K(5592448K)
[984.099s][info][gc,metaspace] GC(463) Metaspace: 831K(960K)->831K(960K) NonClass: 777K(832K)->777K(832K) Class: 53K(128K)->53K(128K)
[984.099s][info][gc          ] GC(463) Pause Young (Allocation Failure) 2334M->150M(7918M) 22.458ms
[984.099s][info][gc,cpu      ] GC(463) User=0.02s Sys=0.00s Real=0.02s
[986.206s][info][gc,start    ] GC(464) Pause Young (Allocation Failure)
[986.226s][info][gc,heap     ] GC(464) DefNew: 2304016K(2516544K)->67057K(2516544K) Eden: 2236928K(2236928K)->0K(2236928K) From: 67088K(279616K)->67057K(279616K)
[986.226s][info][gc,heap     ] GC(464) Tenured: 86548K(5592448K)->86548K(5592448K)
[986.226s][info][gc,metaspace] GC(464) Metaspace: 831K(960K)->831K(960K) NonClass: 777K(832K)->777K(832K) Class: 53K(128K)->53K(128K)
[986.226s][info][gc          ] GC(464) Pause Young (Allocation Failure) 2334M->150M(7918M) 20.748ms
[986.227s][info][gc,cpu      ] GC(464) User=0.02s Sys=0.00s Real=0.02s
[988.326s][info][gc,start    ] GC(465) Pause Young (Allocation Failure)
[988.348s][info][gc,heap     ] GC(465) DefNew: 2303985K(2516544K)->67134K(2516544K) Eden: 2236928K(2236928K)->0K(2236928K) From: 67057K(279616K)->67134K(279616K)
[988.348s][info][gc,heap     ] GC(465) Tenured: 86548K(5592448K)->86548K(5592448K)
[988.348s][info][gc,metaspace] GC(465) Metaspace: 831K(960K)->831K(960K) NonClass: 777K(832K)->777K(832K) Class: 53K(128K)->53K(128K)
[988.348s][info][gc          ] GC(465) Pause Young (Allocation Failure) 2334M->150M(7918M) 21.778ms
[988.348s][info][gc,cpu      ] GC(465) User=0.03s Sys=0.00s Real=0.02s
[990.445s][info][gc,start    ] GC(466) Pause Young (Allocation Failure)
[990.466s][info][gc,heap     ] GC(466) DefNew: 2304062K(2516544K)->67066K(2516544K) Eden: 2236928K(2236928K)->0K(2236928K) From: 67134K(279616K)->67066K(279616K)
[990.466s][info][gc,heap     ] GC(466) Tenured: 86548K(5592448K)->86548K(5592448K)
[990.466s][info][gc,metaspace] GC(466) Metaspace: 831K(960K)->831K(960K) NonClass: 777K(832K)->777K(832K) Class: 53K(128K)->53K(128K)
[990.466s][info][gc          ] GC(466) Pause Young (Allocation Failure) 2334M->150M(7918M) 21.307ms
[990.466s][info][gc,cpu      ] GC(466) User=0.02s Sys=0.00s Real=0.02s
[992.566s][info][gc,start    ] GC(467) Pause Young (Allocation Failure)
[992.587s][info][gc,heap     ] GC(467) DefNew: 2303994K(2516544K)->67211K(2516544K) Eden: 2236928K(2236928K)->0K(2236928K) From: 67066K(279616K)->67211K(279616K)
[992.587s][info][gc,heap     ] GC(467) Tenured: 86548K(5592448K)->86548K(5592448K)
[992.587s][info][gc,metaspace] GC(467) Metaspace: 831K(960K)->831K(960K) NonClass: 777K(832K)->777K(832K) Class: 53K(128K)->53K(128K)
[992.587s][info][gc          ] GC(467) Pause Young (Allocation Failure) 2334M->150M(7918M) 21.689ms
[992.587s][info][gc,cpu      ] GC(467) User=0.02s Sys=0.00s Real=0.02s
[994.686s][info][gc,start    ] GC(468) Pause Young (Allocation Failure)
[994.707s][info][gc,heap     ] GC(468) DefNew: 2304139K(2516544K)->67014K(2516544K) Eden: 2236928K(2236928K)->0K(2236928K) From: 67211K(279616K)->67014K(279616K)
[994.707s][info][gc,heap     ] GC(468) Tenured: 86548K(5592448K)->86552K(5592448K)
[994.707s][info][gc,metaspace] GC(468) Metaspace: 831K(960K)->831K(960K) NonClass: 777K(832K)->777K(832K) Class: 53K(128K)->53K(128K)
[994.707s][info][gc          ] GC(468) Pause Young (Allocation Failure) 2334M->149M(7918M) 21.750ms
[994.707s][info][gc,cpu      ] GC(468) User=0.02s Sys=0.00s Real=0.02s
[996.806s][info][gc,start    ] GC(469) Pause Young (Allocation Failure)
[996.828s][info][gc,heap     ] GC(469) DefNew: 2303942K(2516544K)->65902K(2516544K) Eden: 2236928K(2236928K)->0K(2236928K) From: 67014K(279616K)->65902K(279616K)
[996.828s][info][gc,heap     ] GC(469) Tenured: 86552K(5592448K)->87841K(5592448K)
[996.828s][info][gc,metaspace] GC(469) Metaspace: 831K(960K)->831K(960K) NonClass: 777K(832K)->777K(832K) Class: 53K(128K)->53K(128K)
[996.828s][info][gc          ] GC(469) Pause Young (Allocation Failure) 2334M->150M(7918M) 22.203ms
[996.828s][info][gc,cpu      ] GC(469) User=0.03s Sys=0.00s Real=0.02s
[998.936s][info][gc,start    ] GC(470) Pause Young (Allocation Failure)
[998.956s][info][gc,heap     ] GC(470) DefNew: 2302830K(2516544K)->65898K(2516544K) Eden: 2236928K(2236928K)->0K(2236928K) From: 65902K(279616K)->65898K(279616K)
[998.956s][info][gc,heap     ] GC(470) Tenured: 87841K(5592448K)->87841K(5592448K)
[998.956s][info][gc,metaspace] GC(470) Metaspace: 831K(960K)->831K(960K) NonClass: 777K(832K)->777K(832K) Class: 53K(128K)->53K(128K)
[998.956s][info][gc          ] GC(470) Pause Young (Allocation Failure) 2334M->150M(7918M) 20.788ms
[998.956s][info][gc,cpu      ] GC(470) User=0.02s Sys=0.01s Real=0.02s
[1000.088s][info][gc,heap,exit] Heap
[1000.088s][info][gc,heap,exit]  def new generation   total 2516544K, used 1333873K [0x0000000600000000, 0x00000006aaaa0000, 0x00000006aaaa0000)
[1000.088s][info][gc,heap,exit]   eden space 2236928K,  56% used [0x0000000600000000, 0x000000064d641da0, 0x0000000688880000)
[1000.088s][info][gc,heap,exit]   from space 279616K,  23% used [0x0000000699990000, 0x000000069d9ea908, 0x00000006aaaa0000)
[1000.088s][info][gc,heap,exit]   to   space 279616K,   0% used [0x0000000688880000, 0x0000000688880000, 0x0000000699990000)
[1000.088s][info][gc,heap,exit]  tenured generation   total 5592448K, used 87841K [0x00000006aaaa0000, 0x0000000800000000, 0x0000000800000000)
[1000.088s][info][gc,heap,exit]    the space 5592448K,   1% used [0x00000006aaaa0000, 0x00000006b0068638, 0x00000006b0068800, 0x0000000800000000)
[1000.088s][info][gc,heap,exit]  Metaspace       used 853K, committed 960K, reserved 1056768K
[1000.088s][info][gc,heap,exit]   class space    used 56K, committed 128K, reserved 1048576K
