[0.007s][info][gc,init] Initializing The Z Garbage Collector
[0.007s][info][gc,init] Version: 16.0.1+9 (release)
[0.007s][info][gc,init] NUMA Support: Disabled
[0.007s][info][gc,init] CPUs: 16 total, 16 available
[0.007s][info][gc,init] Memory: 65536M
[0.007s][info][gc,init] Large Page Support: Disabled
[0.007s][info][gc,init] Workers: 10 parallel, 2 concurrent
[0.009s][info][gc,init] Address Space Type: Contiguous/Unrestricted/Complete
[0.009s][info][gc,init] Address Space Size: 131072M x 3 = 393216M
[0.009s][info][gc,init] Min Capacity: 8192M
[0.009s][info][gc,init] Initial Capacity: 8192M
[0.009s][info][gc,init] Max Capacity: 8192M
[0.009s][info][gc,init] Medium Page Size: 32M
[0.009s][info][gc,init] Pre-touch: Disabled
[0.009s][info][gc,init] Uncommit: Implicitly Disabled (-Xms equals -Xmx)
[0.020s][info][gc,init] Runtime Workers: 10 parallel
[0.021s][info][gc     ] Using The Z Garbage Collector
[0.021s][info][gc,metaspace] CDS archive(s) mapped at: [0x0000000800000000-0x0000000800bc5000-0x0000000800bc5000), size 12341248, SharedBaseAddress: 0x0000000800000000, ArchiveRelocationMode: 0.
[0.021s][info][gc,metaspace] Compressed class space mapped at: 0x0000000800c00000-0x0000000840c00000, reserved size: 1073741824
[0.021s][info][gc,metaspace] Narrow klass base: 0x0000000800000000, Narrow klass shift: 3, Narrow klass range: 0x100000000
[0.940s][info][gc,start    ] GC(0) Garbage Collection (Warmup)
[0.940s][info][gc,phases   ] GC(0) Pause Mark Start 0.006ms
[1.006s][info][gc,phases   ] GC(0) Concurrent Mark 65.214ms
[1.006s][info][gc,phases   ] GC(0) Pause Mark End 0.009ms
[1.007s][info][gc,phases   ] GC(0) Concurrent Process Non-Strong References 0.552ms
[1.007s][info][gc,phases   ] GC(0) Concurrent Reset Relocation Set 0.001ms
[1.019s][info][gc,phases   ] GC(0) Concurrent Select Relocation Set 12.567ms
[1.019s][info][gc,phases   ] GC(0) Pause Relocate Start 0.006ms
[1.036s][info][gc,phases   ] GC(0) Concurrent Relocate 16.651ms
[1.036s][info][gc,load     ] GC(0) Load: 3.62/3.78/3.66
[1.036s][info][gc,mmu      ] GC(0) MMU: 2ms/99.6%, 5ms/99.8%, 10ms/99.9%, 20ms/99.9%, 50ms/100.0%, 100ms/100.0%
[1.036s][info][gc,marking  ] GC(0) Mark: 2 stripe(s), 2 proactive flush(es), 1 terminate flush(es), 0 completion(s), 0 continuation(s) 
[1.036s][info][gc,nmethod  ] GC(0) NMethods: 470 registered, 0 unregistered
[1.036s][info][gc,metaspace] GC(0) Metaspace: 0M used, 0M committed, 1032M reserved
[1.036s][info][gc,ref      ] GC(0) Soft: 82 encountered, 0 discovered, 0 enqueued
[1.036s][info][gc,ref      ] GC(0) Weak: 250 encountered, 226 discovered, 50 enqueued
[1.036s][info][gc,ref      ] GC(0) Final: 0 encountered, 0 discovered, 0 enqueued
[1.036s][info][gc,ref      ] GC(0) Phantom: 31 encountered, 29 discovered, 26 enqueued
[1.036s][info][gc,reloc    ] GC(0) Small Pages: 451 / 902M, Empty: 154M, Relocated: 73M, In-Place: 0
[1.036s][info][gc,reloc    ] GC(0) Medium Pages: 0 / 0M, Empty: 0M, Relocated: 0M, In-Place: 0
[1.036s][info][gc,reloc    ] GC(0) Large Pages: 0 / 0M, Empty: 0M, Relocated: 0M, In-Place: 0
[1.036s][info][gc,reloc    ] GC(0) Forwarding Usage: 5M
[1.036s][info][gc,heap     ] GC(0) Min Capacity: 8192M(100%)
[1.036s][info][gc,heap     ] GC(0) Max Capacity: 8192M(100%)
[1.036s][info][gc,heap     ] GC(0) Soft Max Capacity: 8192M(100%)
[1.036s][info][gc,heap     ] GC(0)                Mark Start          Mark End        Relocate Start      Relocate End           High               Low         
[1.036s][info][gc,heap     ] GC(0)  Capacity:     8192M (100%)       8192M (100%)       8192M (100%)       8192M (100%)       8192M (100%)       8192M (100%)   
[1.037s][info][gc,heap     ] GC(0)      Free:     7290M (89%)        7224M (88%)        7356M (90%)        7956M (97%)        7956M (97%)        7220M (88%)    
[1.037s][info][gc,heap     ] GC(0)      Used:      902M (11%)         968M (12%)         836M (10%)         236M (3%)          972M (12%)         236M (3%)     
[1.037s][info][gc,heap     ] GC(0)      Live:         -               132M (2%)          132M (2%)          132M (2%)             -                  -          
[1.037s][info][gc,heap     ] GC(0) Allocated:         -                66M (1%)           88M (1%)          110M (1%)             -                  -          
[1.037s][info][gc,heap     ] GC(0)   Garbage:         -               769M (9%)          615M (8%)     17592186044409M (2         -                  -          
[1.037s][info][gc,heap     ] GC(0) Reclaimed:         -                  -               154M (2%)          776M (9%)             -                  -          
[1.037s][info][gc          ] GC(0) Garbage Collection (Warmup) 902M(11%)->236M(3%)
[1.039s][info][gc,start    ] GC(1) Garbage Collection (Allocation Rate)
[1.039s][info][gc,phases   ] GC(1) Pause Mark Start 0.006ms
[1.094s][info][gc,phases   ] GC(1) Concurrent Mark 54.642ms
[1.094s][info][gc,phases   ] GC(1) Pause Mark End 0.008ms
[1.095s][info][gc,phases   ] GC(1) Concurrent Process Non-Strong References 0.804ms
[1.095s][info][gc,phases   ] GC(1) Concurrent Reset Relocation Set 0.098ms
[1.099s][info][gc,phases   ] GC(1) Concurrent Select Relocation Set 3.458ms
[1.099s][info][gc,phases   ] GC(1) Pause Relocate Start 0.006ms
[1.102s][info][gc,phases   ] GC(1) Concurrent Relocate 3.331ms
[1.102s][info][gc,load     ] GC(1) Load: 3.62/3.78/3.66
[1.102s][info][gc,mmu      ] GC(1) MMU: 2ms/99.6%, 5ms/99.7%, 10ms/99.9%, 20ms/99.9%, 50ms/100.0%, 100ms/100.0%
[1.102s][info][gc,marking  ] GC(1) Mark: 2 stripe(s), 2 proactive flush(es), 1 terminate flush(es), 0 completion(s), 0 continuation(s) 
[1.102s][info][gc,nmethod  ] GC(1) NMethods: 470 registered, 0 unregistered
[1.102s][info][gc,metaspace] GC(1) Metaspace: 0M used, 0M committed, 1032M reserved
[1.102s][info][gc,ref      ] GC(1) Soft: 82 encountered, 0 discovered, 0 enqueued
[1.102s][info][gc,ref      ] GC(1) Weak: 200 encountered, 183 discovered, 0 enqueued
[1.102s][info][gc,ref      ] GC(1) Final: 0 encountered, 0 discovered, 0 enqueued
[1.102s][info][gc,ref      ] GC(1) Phantom: 5 encountered, 5 discovered, 0 enqueued
[1.102s][info][gc,reloc    ] GC(1) Small Pages: 124 / 248M, Empty: 60M, Relocated: 10M, In-Place: 0
[1.102s][info][gc,reloc    ] GC(1) Medium Pages: 0 / 0M, Empty: 0M, Relocated: 0M, In-Place: 0
[1.102s][info][gc,reloc    ] GC(1) Large Pages: 0 / 0M, Empty: 0M, Relocated: 0M, In-Place: 0
[1.102s][info][gc,reloc    ] GC(1) Forwarding Usage: 1M
[1.102s][info][gc,heap     ] GC(1) Min Capacity: 8192M(100%)
[1.102s][info][gc,heap     ] GC(1) Max Capacity: 8192M(100%)
[1.102s][info][gc,heap     ] GC(1) Soft Max Capacity: 8192M(100%)
[1.102s][info][gc,heap     ] GC(1)                Mark Start          Mark End        Relocate Start      Relocate End           High               Low         
[1.102s][info][gc,heap     ] GC(1)  Capacity:     8192M (100%)       8192M (100%)       8192M (100%)       8192M (100%)       8192M (100%)       8192M (100%)   
[1.102s][info][gc,heap     ] GC(1)      Free:     7944M (97%)        7886M (96%)        7938M (97%)        7986M (97%)        7986M (97%)        7878M (96%)    
[1.102s][info][gc,heap     ] GC(1)      Used:      248M (3%)          306M (4%)          254M (3%)          206M (3%)          314M (4%)          206M (3%)     
[1.102s][info][gc,heap     ] GC(1)      Live:         -               132M (2%)          132M (2%)          132M (2%)             -                  -          
[1.102s][info][gc,heap     ] GC(1) Allocated:         -                58M (1%)           66M (1%)           70M (1%)             -                  -          
[1.102s][info][gc,heap     ] GC(1)   Garbage:         -               115M (1%)           55M (1%)            3M (0%)             -                  -          
[1.102s][info][gc,heap     ] GC(1) Reclaimed:         -                  -                60M (1%)          112M (1%)             -                  -          
[1.102s][info][gc          ] GC(1) Garbage Collection (Allocation Rate) 248M(3%)->206M(3%)
[1.137s][info][gc,start    ] GC(2) Garbage Collection (Allocation Rate)
[1.137s][info][gc,phases   ] GC(2) Pause Mark Start 0.006ms
[1.171s][info][gc,phases   ] GC(2) Concurrent Mark 34.147ms
[1.171s][info][gc,phases   ] GC(2) Pause Mark End 0.009ms
[1.172s][info][gc,phases   ] GC(2) Concurrent Process Non-Strong References 0.491ms
[1.172s][info][gc,phases   ] GC(2) Concurrent Reset Relocation Set 0.004ms
[1.175s][info][gc,phases   ] GC(2) Concurrent Select Relocation Set 3.017ms
[1.175s][info][gc,phases   ] GC(2) Pause Relocate Start 0.004ms
[1.177s][info][gc,phases   ] GC(2) Concurrent Relocate 2.053ms
[1.177s][info][gc,load     ] GC(2) Load: 3.62/3.78/3.66
[1.177s][info][gc,mmu      ] GC(2) MMU: 2ms/99.6%, 5ms/99.7%, 10ms/99.9%, 20ms/99.9%, 50ms/100.0%, 100ms/100.0%
[1.177s][info][gc,marking  ] GC(2) Mark: 2 stripe(s), 3 proactive flush(es), 1 terminate flush(es), 0 completion(s), 0 continuation(s) 
[1.177s][info][gc,nmethod  ] GC(2) NMethods: 470 registered, 0 unregistered
[1.177s][info][gc,metaspace] GC(2) Metaspace: 0M used, 0M committed, 1032M reserved
[1.177s][info][gc,ref      ] GC(2) Soft: 82 encountered, 0 discovered, 0 enqueued
[1.177s][info][gc,ref      ] GC(2) Weak: 200 encountered, 170 discovered, 0 enqueued
[1.177s][info][gc,ref      ] GC(2) Final: 0 encountered, 0 discovered, 0 enqueued
[1.177s][info][gc,ref      ] GC(2) Phantom: 5 encountered, 3 discovered, 0 enqueued
[1.177s][info][gc,reloc    ] GC(2) Small Pages: 122 / 244M, Empty: 54M, Relocated: 5M, In-Place: 0
[1.177s][info][gc,reloc    ] GC(2) Medium Pages: 0 / 0M, Empty: 0M, Relocated: 0M, In-Place: 0
[1.177s][info][gc,reloc    ] GC(2) Large Pages: 0 / 0M, Empty: 0M, Relocated: 0M, In-Place: 0
[1.177s][info][gc,reloc    ] GC(2) Forwarding Usage: 0M
[1.177s][info][gc,heap     ] GC(2) Min Capacity: 8192M(100%)
[1.177s][info][gc,heap     ] GC(2) Max Capacity: 8192M(100%)
[1.177s][info][gc,heap     ] GC(2) Soft Max Capacity: 8192M(100%)
[1.177s][info][gc,heap     ] GC(2)                Mark Start          Mark End        Relocate Start      Relocate End           High               Low         
[1.177s][info][gc,heap     ] GC(2)  Capacity:     8192M (100%)       8192M (100%)       8192M (100%)       8192M (100%)       8192M (100%)       8192M (100%)   
[1.177s][info][gc,heap     ] GC(2)      Free:     7948M (97%)        7906M (97%)        7960M (97%)        8000M (98%)        8004M (98%)        7906M (97%)    
[1.177s][info][gc,heap     ] GC(2)      Used:      244M (3%)          286M (3%)          232M (3%)          192M (2%)          286M (3%)          188M (2%)     
[1.177s][info][gc,heap     ] GC(2)      Live:         -               132M (2%)          132M (2%)          132M (2%)             -                  -          
[1.177s][info][gc,heap     ] GC(2) Allocated:         -                42M (1%)           42M (1%)           52M (1%)             -                  -          
[1.177s][info][gc,heap     ] GC(2)   Garbage:         -               111M (1%)           57M (1%)            7M (0%)             -                  -          
[1.177s][info][gc,heap     ] GC(2) Reclaimed:         -                  -                54M (1%)          104M (1%)             -                  -          
[1.177s][info][gc          ] GC(2) Garbage Collection (Allocation Rate) 244M(3%)->192M(2%)
[2.640s][info][gc,start    ] GC(3) Garbage Collection (Warmup)
[2.640s][info][gc,phases   ] GC(3) Pause Mark Start 0.005ms
[2.674s][info][gc,phases   ] GC(3) Concurrent Mark 34.286ms
[2.674s][info][gc,phases   ] GC(3) Pause Mark End 0.008ms
[2.675s][info][gc,phases   ] GC(3) Concurrent Process Non-Strong References 0.348ms
[2.675s][info][gc,phases   ] GC(3) Concurrent Reset Relocation Set 0.003ms
[2.677s][info][gc,phases   ] GC(3) Concurrent Select Relocation Set 2.453ms
[2.677s][info][gc,phases   ] GC(3) Pause Relocate Start 0.003ms
[2.679s][info][gc,phases   ] GC(3) Concurrent Relocate 1.551ms
[2.679s][info][gc,load     ] GC(3) Load: 3.62/3.78/3.66
[2.679s][info][gc,mmu      ] GC(3) MMU: 2ms/99.6%, 5ms/99.7%, 10ms/99.9%, 20ms/99.9%, 50ms/100.0%, 100ms/100.0%
[2.679s][info][gc,marking  ] GC(3) Mark: 2 stripe(s), 2 proactive flush(es), 1 terminate flush(es), 0 completion(s), 0 continuation(s) 
[2.679s][info][gc,nmethod  ] GC(3) NMethods: 470 registered, 0 unregistered
[2.679s][info][gc,metaspace] GC(3) Metaspace: 0M used, 0M committed, 1032M reserved
[2.679s][info][gc,ref      ] GC(3) Soft: 82 encountered, 0 discovered, 0 enqueued
[2.679s][info][gc,ref      ] GC(3) Weak: 200 encountered, 169 discovered, 0 enqueued
[2.679s][info][gc,ref      ] GC(3) Final: 0 encountered, 0 discovered, 0 enqueued
[2.679s][info][gc,ref      ] GC(3) Phantom: 5 encountered, 4 discovered, 0 enqueued
[2.679s][info][gc,reloc    ] GC(3) Small Pages: 857 / 1714M, Empty: 1546M, Relocated: 6M, In-Place: 0
[2.679s][info][gc,reloc    ] GC(3) Medium Pages: 0 / 0M, Empty: 0M, Relocated: 0M, In-Place: 0
[2.679s][info][gc,reloc    ] GC(3) Large Pages: 0 / 0M, Empty: 0M, Relocated: 0M, In-Place: 0
[2.679s][info][gc,reloc    ] GC(3) Forwarding Usage: 0M
[2.679s][info][gc,heap     ] GC(3) Min Capacity: 8192M(100%)
[2.679s][info][gc,heap     ] GC(3) Max Capacity: 8192M(100%)
[2.679s][info][gc,heap     ] GC(3) Soft Max Capacity: 8192M(100%)
[2.679s][info][gc,heap     ] GC(3)                Mark Start          Mark End        Relocate Start      Relocate End           High               Low         
[2.679s][info][gc,heap     ] GC(3)  Capacity:     8192M (100%)       8192M (100%)       8192M (100%)       8192M (100%)       8192M (100%)       8192M (100%)   
[2.679s][info][gc,heap     ] GC(3)      Free:     6478M (79%)        6444M (79%)        7982M (97%)        8004M (98%)        8004M (98%)        6444M (79%)    
[2.679s][info][gc,heap     ] GC(3)      Used:     1714M (21%)        1748M (21%)         210M (3%)          188M (2%)         1748M (21%)         188M (2%)     
[2.679s][info][gc,heap     ] GC(3)      Live:         -               132M (2%)          132M (2%)          132M (2%)             -                  -          
[2.679s][info][gc,heap     ] GC(3) Allocated:         -                34M (0%)           42M (1%)           50M (1%)             -                  -          
[2.679s][info][gc,heap     ] GC(3)   Garbage:         -              1581M (19%)          35M (0%)            5M (0%)             -                  -          
[2.679s][info][gc,heap     ] GC(3) Reclaimed:         -                  -              1546M (19%)        1576M (19%)            -                  -          
[2.679s][info][gc          ] GC(3) Garbage Collection (Warmup) 1714M(21%)->188M(2%)
[4.940s][info][gc,start    ] GC(4) Garbage Collection (Warmup)
[4.940s][info][gc,phases   ] GC(4) Pause Mark Start 0.007ms
[4.978s][info][gc,phases   ] GC(4) Concurrent Mark 37.409ms
[4.978s][info][gc,phases   ] GC(4) Pause Mark End 0.008ms
[4.978s][info][gc,phases   ] GC(4) Concurrent Process Non-Strong References 0.459ms
[4.978s][info][gc,phases   ] GC(4) Concurrent Reset Relocation Set 0.002ms
[4.981s][info][gc,phases   ] GC(4) Concurrent Select Relocation Set 2.852ms
[4.981s][info][gc,phases   ] GC(4) Pause Relocate Start 0.003ms
[4.984s][info][gc,phases   ] GC(4) Concurrent Relocate 2.114ms
[4.984s][info][gc,load     ] GC(4) Load: 3.62/3.78/3.66
[4.984s][info][gc,mmu      ] GC(4) MMU: 2ms/99.6%, 5ms/99.7%, 10ms/99.9%, 20ms/99.9%, 50ms/100.0%, 100ms/100.0%
[4.984s][info][gc,marking  ] GC(4) Mark: 2 stripe(s), 2 proactive flush(es), 1 terminate flush(es), 0 completion(s), 0 continuation(s) 
[4.984s][info][gc,nmethod  ] GC(4) NMethods: 471 registered, 0 unregistered
[4.984s][info][gc,metaspace] GC(4) Metaspace: 0M used, 0M committed, 1032M reserved
[4.984s][info][gc,ref      ] GC(4) Soft: 82 encountered, 0 discovered, 0 enqueued
[4.984s][info][gc,ref      ] GC(4) Weak: 200 encountered, 170 discovered, 0 enqueued
[4.984s][info][gc,ref      ] GC(4) Final: 0 encountered, 0 discovered, 0 enqueued
[4.984s][info][gc,ref      ] GC(4) Phantom: 5 encountered, 3 discovered, 0 enqueued
[4.984s][info][gc,reloc    ] GC(4) Small Pages: 1270 / 2540M, Empty: 2386M, Relocated: 10M, In-Place: 0
[4.984s][info][gc,reloc    ] GC(4) Medium Pages: 0 / 0M, Empty: 0M, Relocated: 0M, In-Place: 0
[4.984s][info][gc,reloc    ] GC(4) Large Pages: 0 / 0M, Empty: 0M, Relocated: 0M, In-Place: 0
[4.984s][info][gc,reloc    ] GC(4) Forwarding Usage: 0M
[4.984s][info][gc,heap     ] GC(4) Min Capacity: 8192M(100%)
[4.984s][info][gc,heap     ] GC(4) Max Capacity: 8192M(100%)
[4.984s][info][gc,heap     ] GC(4) Soft Max Capacity: 8192M(100%)
[4.984s][info][gc,heap     ] GC(4)                Mark Start          Mark End        Relocate Start      Relocate End           High               Low         
[4.984s][info][gc,heap     ] GC(4)  Capacity:     8192M (100%)       8192M (100%)       8192M (100%)       8192M (100%)       8192M (100%)       8192M (100%)   
[4.984s][info][gc,heap     ] GC(4)      Free:     5652M (69%)        5610M (68%)        7990M (98%)        8006M (98%)        8006M (98%)        5606M (68%)    
[4.984s][info][gc,heap     ] GC(4)      Used:     2540M (31%)        2582M (32%)         202M (2%)          186M (2%)         2586M (32%)         186M (2%)     
[4.984s][info][gc,heap     ] GC(4)      Live:         -               132M (2%)          132M (2%)          132M (2%)             -                  -          
[4.984s][info][gc,heap     ] GC(4) Allocated:         -                42M (1%)           48M (1%)           48M (1%)             -                  -          
[4.984s][info][gc,heap     ] GC(4)   Garbage:         -              2407M (29%)          21M (0%)            5M (0%)             -                  -          
[4.984s][info][gc,heap     ] GC(4) Reclaimed:         -                  -              2386M (29%)        2402M (29%)            -                  -          
[4.984s][info][gc          ] GC(4) Garbage Collection (Warmup) 2540M(31%)->186M(2%)
[8.040s][info][gc,start    ] GC(5) Garbage Collection (Proactive)
[8.040s][info][gc,phases   ] GC(5) Pause Mark Start 0.004ms
[8.080s][info][gc,phases   ] GC(5) Concurrent Mark 39.571ms
[8.080s][info][gc,phases   ] GC(5) Pause Mark End 0.008ms
[8.080s][info][gc,phases   ] GC(5) Concurrent Process Non-Strong References 0.432ms
[8.080s][info][gc,phases   ] GC(5) Concurrent Reset Relocation Set 0.002ms
[8.083s][info][gc,phases   ] GC(5) Concurrent Select Relocation Set 2.893ms
[8.083s][info][gc,phases   ] GC(5) Pause Relocate Start 0.005ms
[8.085s][info][gc,phases   ] GC(5) Concurrent Relocate 1.208ms
[8.085s][info][gc,load     ] GC(5) Load: 3.89/3.83/3.68
[8.085s][info][gc,mmu      ] GC(5) MMU: 2ms/99.6%, 5ms/99.7%, 10ms/99.9%, 20ms/99.9%, 50ms/100.0%, 100ms/100.0%
[8.085s][info][gc,marking  ] GC(5) Mark: 2 stripe(s), 2 proactive flush(es), 1 terminate flush(es), 0 completion(s), 0 continuation(s) 
[8.085s][info][gc,nmethod  ] GC(5) NMethods: 473 registered, 0 unregistered
[8.085s][info][gc,metaspace] GC(5) Metaspace: 0M used, 0M committed, 1032M reserved
[8.085s][info][gc,ref      ] GC(5) Soft: 82 encountered, 0 discovered, 0 enqueued
[8.085s][info][gc,ref      ] GC(5) Weak: 200 encountered, 170 discovered, 0 enqueued
[8.085s][info][gc,ref      ] GC(5) Final: 0 encountered, 0 discovered, 0 enqueued
[8.085s][info][gc,ref      ] GC(5) Phantom: 5 encountered, 3 discovered, 0 enqueued
[8.085s][info][gc,reloc    ] GC(5) Small Pages: 1686 / 3372M, Empty: 3224M, Relocated: 6M, In-Place: 0
[8.085s][info][gc,reloc    ] GC(5) Medium Pages: 0 / 0M, Empty: 0M, Relocated: 0M, In-Place: 0
[8.085s][info][gc,reloc    ] GC(5) Large Pages: 0 / 0M, Empty: 0M, Relocated: 0M, In-Place: 0
[8.085s][info][gc,reloc    ] GC(5) Forwarding Usage: 0M
[8.085s][info][gc,heap     ] GC(5) Min Capacity: 8192M(100%)
[8.085s][info][gc,heap     ] GC(5) Max Capacity: 8192M(100%)
[8.085s][info][gc,heap     ] GC(5) Soft Max Capacity: 8192M(100%)
[8.085s][info][gc,heap     ] GC(5)                Mark Start          Mark End        Relocate Start      Relocate End           High               Low         
[8.085s][info][gc,heap     ] GC(5)  Capacity:     8192M (100%)       8192M (100%)       8192M (100%)       8192M (100%)       8192M (100%)       8192M (100%)   
[8.085s][info][gc,heap     ] GC(5)      Free:     4820M (59%)        4772M (58%)        7994M (98%)        8004M (98%)        8004M (98%)        4770M (58%)    
[8.085s][info][gc,heap     ] GC(5)      Used:     3372M (41%)        3420M (42%)         198M (2%)          188M (2%)         3422M (42%)         188M (2%)     
[8.085s][info][gc,heap     ] GC(5)      Live:         -               132M (2%)          132M (2%)          132M (2%)             -                  -          
[8.085s][info][gc,heap     ] GC(5) Allocated:         -                48M (1%)           50M (1%)           50M (1%)             -                  -          
[8.085s][info][gc,heap     ] GC(5)   Garbage:         -              3239M (40%)          15M (0%)            5M (0%)             -                  -          
[8.085s][info][gc,heap     ] GC(5) Reclaimed:         -                  -              3224M (39%)        3234M (39%)            -                  -          
[8.085s][info][gc          ] GC(5) Garbage Collection (Proactive) 3372M(41%)->188M(2%)
[10.040s][info][gc,stats    ] === Garbage Collection Statistics =======================================================================================================================
[10.040s][info][gc,stats    ]                                                              Last 10s              Last 10m              Last 10h                Total
[10.040s][info][gc,stats    ]                                                              Avg / Max             Avg / Max             Avg / Max             Avg / Max
[10.040s][info][gc,stats    ]   Collector: Garbage Collection Cycle                     54.459 / 95.920       54.459 / 95.920       54.459 / 95.920       54.459 / 95.920      ms
[10.040s][info][gc,stats    ]  Contention: Mark Segment Reset Contention                     0 / 4                 0 / 4                 0 / 4                 0 / 4           ops/s
[10.040s][info][gc,stats    ]  Contention: Mark SeqNum Reset Contention                      0 / 0                 0 / 0                 0 / 0                 0 / 0           ops/s
[10.040s][info][gc,stats    ]    Critical: Allocation Stall                                  0 / 0                 0 / 0                 0 / 0                 0 / 0           ops/s
[10.040s][info][gc,stats    ]    Critical: Allocation Stall                              0.000 / 0.000         0.000 / 0.000         0.000 / 0.000         0.000 / 0.000       ms
[10.040s][info][gc,stats    ]    Critical: GC Locker Stall                                   0 / 0                 0 / 0                 0 / 0                 0 / 0           ops/s
[10.040s][info][gc,stats    ]    Critical: GC Locker Stall                               0.000 / 0.000         0.000 / 0.000         0.000 / 0.000         0.000 / 0.000       ms
[10.040s][info][gc,stats    ]    Critical: Relocation Stall                                  0 / 0                 0 / 0                 0 / 0                 0 / 0           ops/s
[10.040s][info][gc,stats    ]    Critical: Relocation Stall                              0.000 / 0.000         0.000 / 0.000         0.000 / 0.000         0.000 / 0.000       ms
[10.040s][info][gc,stats    ]      Memory: Allocation Rate                                1862 / 9212           1862 / 9212           1862 / 9212           1862 / 9212        MB/s
[10.040s][info][gc,stats    ]      Memory: Out Of Memory                                     0 / 0                 0 / 0                 0 / 0                 0 / 0           ops/s
[10.040s][info][gc,stats    ]      Memory: Page Cache Flush                                  0 / 0                 0 / 0                 0 / 0                 0 / 0           MB/s
[10.040s][info][gc,stats    ]      Memory: Page Cache Hit L1                               356 / 521             356 / 521             356 / 521             356 / 521         ops/s
[10.040s][info][gc,stats    ]      Memory: Page Cache Hit L2                                 0 / 0                 0 / 0                 0 / 0                 0 / 0           ops/s
[10.040s][info][gc,stats    ]      Memory: Page Cache Hit L3                               171 / 486             171 / 486             171 / 486             171 / 486         ops/s
[10.040s][info][gc,stats    ]      Memory: Page Cache Miss                                   0 / 1                 0 / 1                 0 / 1                 0 / 1           ops/s
[10.040s][info][gc,stats    ]      Memory: Uncommit                                          0 / 0                 0 / 0                 0 / 0                 0 / 0           MB/s
[10.040s][info][gc,stats    ]      Memory: Undo Object Allocation Failed                     0 / 0                 0 / 0                 0 / 0                 0 / 0           ops/s
[10.040s][info][gc,stats    ]      Memory: Undo Object Allocation Succeeded                  0 / 2                 0 / 2                 0 / 2                 0 / 2           ops/s
[10.040s][info][gc,stats    ]      Memory: Undo Page Allocation                              0 / 0                 0 / 0                 0 / 0                 0 / 0           ops/s
[10.040s][info][gc,stats    ]       Phase: Concurrent Mark                              44.211 / 65.214       44.211 / 65.214       44.211 / 65.214       44.211 / 65.214      ms
[10.040s][info][gc,stats    ]       Phase: Concurrent Mark Continue                      0.000 / 0.000         0.000 / 0.000         0.000 / 0.000         0.000 / 0.000       ms
[10.040s][info][gc,stats    ]       Phase: Concurrent Process Non-Strong References      0.514 / 0.804         0.514 / 0.804         0.514 / 0.804         0.514 / 0.804       ms
[10.040s][info][gc,stats    ]       Phase: Concurrent Relocate                           4.485 / 16.651        4.485 / 16.651        4.485 / 16.651        4.485 / 16.651      ms
[10.040s][info][gc,stats    ]       Phase: Concurrent Reset Relocation Set               0.018 / 0.098         0.018 / 0.098         0.018 / 0.098         0.018 / 0.098       ms
[10.040s][info][gc,stats    ]       Phase: Concurrent Select Relocation Set              4.540 / 12.567        4.540 / 12.567        4.540 / 12.567        4.540 / 12.567      ms
[10.040s][info][gc,stats    ]       Phase: Pause Mark End                                0.008 / 0.009         0.008 / 0.009         0.008 / 0.009         0.008 / 0.009       ms
[10.040s][info][gc,stats    ]       Phase: Pause Mark Start                              0.006 / 0.007         0.006 / 0.007         0.006 / 0.007         0.006 / 0.007       ms
[10.040s][info][gc,stats    ]       Phase: Pause Relocate Start                          0.004 / 0.006         0.004 / 0.006         0.004 / 0.006         0.004 / 0.006       ms
[10.040s][info][gc,stats    ]    Subphase: Concurrent Classes Purge                      0.028 / 0.045         0.028 / 0.045         0.028 / 0.045         0.028 / 0.045       ms
[10.040s][info][gc,stats    ]    Subphase: Concurrent Classes Unlink                     0.289 / 0.339         0.289 / 0.339         0.289 / 0.339         0.289 / 0.339       ms
[10.040s][info][gc,stats    ]    Subphase: Concurrent Mark                              43.505 / 64.907       43.505 / 64.907       43.505 / 64.907       43.505 / 64.907      ms
[10.040s][info][gc,stats    ]    Subphase: Concurrent Mark Idle                          1.160 / 1.290         1.160 / 1.290         1.160 / 1.290         1.160 / 1.290       ms
[10.040s][info][gc,stats    ]    Subphase: Concurrent Mark Try Flush                     0.053 / 0.087         0.053 / 0.087         0.053 / 0.087         0.053 / 0.087       ms
[10.040s][info][gc,stats    ]    Subphase: Concurrent Mark Try Terminate                 0.480 / 1.291         0.480 / 1.291         0.480 / 1.291         0.480 / 1.291       ms
[10.040s][info][gc,stats    ]    Subphase: Concurrent References Enqueue                 0.001 / 0.003         0.001 / 0.003         0.001 / 0.003         0.001 / 0.003       ms
[10.040s][info][gc,stats    ]    Subphase: Concurrent References Process                 0.031 / 0.039         0.031 / 0.039         0.031 / 0.039         0.031 / 0.039       ms
[10.040s][info][gc,stats    ]    Subphase: Concurrent Roots ClassLoaderDataGraph         0.028 / 0.132         0.028 / 0.132         0.028 / 0.132         0.028 / 0.132       ms
[10.040s][info][gc,stats    ]    Subphase: Concurrent Roots CodeCache                    0.000 / 0.000         0.000 / 0.000         0.000 / 0.000         0.000 / 0.000       ms
[10.040s][info][gc,stats    ]    Subphase: Concurrent Roots JavaThreads                  0.197 / 0.259         0.197 / 0.259         0.197 / 0.259         0.197 / 0.259       ms
[10.040s][info][gc,stats    ]    Subphase: Concurrent Roots OopStorageSet                0.005 / 0.009         0.005 / 0.009         0.005 / 0.009         0.005 / 0.009       ms
[10.040s][info][gc,stats    ]    Subphase: Concurrent Weak Roots OopStorageSet           0.057 / 0.120         0.057 / 0.120         0.057 / 0.120         0.057 / 0.120       ms
[10.040s][info][gc,stats    ]    Subphase: Pause Mark Try Complete                       0.000 / 0.000         0.000 / 0.000         0.000 / 0.000         0.000 / 0.000       ms
[10.040s][info][gc,stats    ]      System: Java Threads                                     19 / 20               19 / 20               19 / 20               19 / 20          threads
[10.040s][info][gc,stats    ] =========================================================================================================================================================
[10.840s][info][gc,start    ] GC(6) Garbage Collection (Proactive)
[10.840s][info][gc,phases   ] GC(6) Pause Mark Start 0.005ms
[10.873s][info][gc,phases   ] GC(6) Concurrent Mark 33.436ms
[10.874s][info][gc,phases   ] GC(6) Pause Mark End 0.008ms
[10.874s][info][gc,phases   ] GC(6) Concurrent Process Non-Strong References 0.354ms
[10.874s][info][gc,phases   ] GC(6) Concurrent Reset Relocation Set 0.002ms
[10.876s][info][gc,phases   ] GC(6) Concurrent Select Relocation Set 2.456ms
[10.877s][info][gc,phases   ] GC(6) Pause Relocate Start 0.005ms
[10.879s][info][gc,phases   ] GC(6) Concurrent Relocate 2.002ms
[10.879s][info][gc,load     ] GC(6) Load: 3.66/3.78/3.67
[10.879s][info][gc,mmu      ] GC(6) MMU: 2ms/99.6%, 5ms/99.7%, 10ms/99.9%, 20ms/99.9%, 50ms/100.0%, 100ms/100.0%
[10.879s][info][gc,marking  ] GC(6) Mark: 2 stripe(s), 2 proactive flush(es), 1 terminate flush(es), 0 completion(s), 0 continuation(s) 
[10.879s][info][gc,nmethod  ] GC(6) NMethods: 473 registered, 0 unregistered
[10.879s][info][gc,metaspace] GC(6) Metaspace: 0M used, 0M committed, 1032M reserved
[10.879s][info][gc,ref      ] GC(6) Soft: 82 encountered, 0 discovered, 0 enqueued
[10.879s][info][gc,ref      ] GC(6) Weak: 200 encountered, 170 discovered, 0 enqueued
[10.879s][info][gc,ref      ] GC(6) Final: 0 encountered, 0 discovered, 0 enqueued
[10.879s][info][gc,ref      ] GC(6) Phantom: 5 encountered, 5 discovered, 0 enqueued
[10.879s][info][gc,reloc    ] GC(6) Small Pages: 1530 / 3060M, Empty: 2916M, Relocated: 10M, In-Place: 0
[10.879s][info][gc,reloc    ] GC(6) Medium Pages: 0 / 0M, Empty: 0M, Relocated: 0M, In-Place: 0
[10.879s][info][gc,reloc    ] GC(6) Large Pages: 0 / 0M, Empty: 0M, Relocated: 0M, In-Place: 0
[10.879s][info][gc,reloc    ] GC(6) Forwarding Usage: 1M
[10.879s][info][gc,heap     ] GC(6) Min Capacity: 8192M(100%)
[10.879s][info][gc,heap     ] GC(6) Max Capacity: 8192M(100%)
[10.879s][info][gc,heap     ] GC(6) Soft Max Capacity: 8192M(100%)
[10.879s][info][gc,heap     ] GC(6)                Mark Start          Mark End        Relocate Start      Relocate End           High               Low         
[10.879s][info][gc,heap     ] GC(6)  Capacity:     8192M (100%)       8192M (100%)       8192M (100%)       8192M (100%)       8192M (100%)       8192M (100%)   
[10.879s][info][gc,heap     ] GC(6)      Free:     5132M (63%)        5098M (62%)        8006M (98%)        8004M (98%)        8006M (98%)        5098M (62%)    
[10.879s][info][gc,heap     ] GC(6)      Used:     3060M (37%)        3094M (38%)         186M (2%)          188M (2%)         3094M (38%)         186M (2%)     
[10.879s][info][gc,heap     ] GC(6)      Live:         -               132M (2%)          132M (2%)          132M (2%)             -                  -          
[10.879s][info][gc,heap     ] GC(6) Allocated:         -                34M (0%)           42M (1%)           50M (1%)             -                  -          
[10.879s][info][gc,heap     ] GC(6)   Garbage:         -              2927M (36%)          11M (0%)            5M (0%)             -                  -          
[10.879s][info][gc,heap     ] GC(6) Reclaimed:         -                  -              2916M (36%)        2922M (36%)            -                  -          
[10.879s][info][gc          ] GC(6) Garbage Collection (Proactive) 3060M(37%)->188M(2%)
[13.440s][info][gc,start    ] GC(7) Garbage Collection (Proactive)
[13.440s][info][gc,phases   ] GC(7) Pause Mark Start 0.005ms
[13.477s][info][gc,phases   ] GC(7) Concurrent Mark 37.155ms
[13.477s][info][gc,phases   ] GC(7) Pause Mark End 0.010ms
[13.478s][info][gc,phases   ] GC(7) Concurrent Process Non-Strong References 0.668ms
[13.478s][info][gc,phases   ] GC(7) Concurrent Reset Relocation Set 0.002ms
[13.481s][info][gc,phases   ] GC(7) Concurrent Select Relocation Set 3.131ms
[13.481s][info][gc,phases   ] GC(7) Pause Relocate Start 0.006ms
[13.483s][info][gc,phases   ] GC(7) Concurrent Relocate 1.508ms
[13.483s][info][gc,load     ] GC(7) Load: 3.66/3.78/3.67
[13.483s][info][gc,mmu      ] GC(7) MMU: 2ms/99.5%, 5ms/99.7%, 10ms/99.8%, 20ms/99.9%, 50ms/100.0%, 100ms/100.0%
[13.483s][info][gc,marking  ] GC(7) Mark: 2 stripe(s), 2 proactive flush(es), 1 terminate flush(es), 0 completion(s), 0 continuation(s) 
[13.483s][info][gc,nmethod  ] GC(7) NMethods: 475 registered, 0 unregistered
[13.483s][info][gc,metaspace] GC(7) Metaspace: 0M used, 0M committed, 1032M reserved
[13.483s][info][gc,ref      ] GC(7) Soft: 82 encountered, 0 discovered, 0 enqueued
[13.483s][info][gc,ref      ] GC(7) Weak: 200 encountered, 170 discovered, 0 enqueued
[13.483s][info][gc,ref      ] GC(7) Final: 0 encountered, 0 discovered, 0 enqueued
[13.483s][info][gc,ref      ] GC(7) Phantom: 5 encountered, 5 discovered, 0 enqueued
[13.483s][info][gc,reloc    ] GC(7) Small Pages: 1427 / 2854M, Empty: 2704M, Relocated: 8M, In-Place: 0
[13.483s][info][gc,reloc    ] GC(7) Medium Pages: 0 / 0M, Empty: 0M, Relocated: 0M, In-Place: 0
[13.483s][info][gc,reloc    ] GC(7) Large Pages: 0 / 0M, Empty: 0M, Relocated: 0M, In-Place: 0
[13.483s][info][gc,reloc    ] GC(7) Forwarding Usage: 0M
[13.483s][info][gc,heap     ] GC(7) Min Capacity: 8192M(100%)
[13.483s][info][gc,heap     ] GC(7) Max Capacity: 8192M(100%)
[13.483s][info][gc,heap     ] GC(7) Soft Max Capacity: 8192M(100%)
[13.483s][info][gc,heap     ] GC(7)                Mark Start          Mark End        Relocate Start      Relocate End           High               Low         
[13.483s][info][gc,heap     ] GC(7)  Capacity:     8192M (100%)       8192M (100%)       8192M (100%)       8192M (100%)       8192M (100%)       8192M (100%)   
[13.483s][info][gc,heap     ] GC(7)      Free:     5338M (65%)        5296M (65%)        7992M (98%)        8004M (98%)        8004M (98%)        5296M (65%)    
[13.483s][info][gc,heap     ] GC(7)      Used:     2854M (35%)        2896M (35%)         200M (2%)          188M (2%)         2896M (35%)         188M (2%)     
[13.483s][info][gc,heap     ] GC(7)      Live:         -               132M (2%)          132M (2%)          132M (2%)             -                  -          
[13.483s][info][gc,heap     ] GC(7) Allocated:         -                42M (1%)           50M (1%)           50M (1%)             -                  -          
[13.483s][info][gc,heap     ] GC(7)   Garbage:         -              2721M (33%)          17M (0%)            5M (0%)             -                  -          
[13.483s][info][gc,heap     ] GC(7) Reclaimed:         -                  -              2704M (33%)        2716M (33%)            -                  -          
[13.483s][info][gc          ] GC(7) Garbage Collection (Proactive) 2854M(35%)->188M(2%)
[15.941s][info][gc,start    ] GC(8) Garbage Collection (Proactive)
[15.941s][info][gc,phases   ] GC(8) Pause Mark Start 0.006ms
[15.966s][info][gc,phases   ] GC(8) Concurrent Mark 25.595ms
[15.967s][info][gc,phases   ] GC(8) Pause Mark End 0.008ms
[15.967s][info][gc,phases   ] GC(8) Concurrent Process Non-Strong References 0.555ms
[15.967s][info][gc,phases   ] GC(8) Concurrent Reset Relocation Set 0.002ms
[15.970s][info][gc,phases   ] GC(8) Concurrent Select Relocation Set 2.936ms
[15.970s][info][gc,phases   ] GC(8) Pause Relocate Start 0.006ms
[15.972s][info][gc,phases   ] GC(8) Concurrent Relocate 1.187ms
[15.972s][info][gc,load     ] GC(8) Load: 3.77/3.80/3.67
[15.972s][info][gc,mmu      ] GC(8) MMU: 2ms/99.5%, 5ms/99.7%, 10ms/99.8%, 20ms/99.9%, 50ms/100.0%, 100ms/100.0%
[15.972s][info][gc,marking  ] GC(8) Mark: 2 stripe(s), 2 proactive flush(es), 1 terminate flush(es), 0 completion(s), 0 continuation(s) 
[15.972s][info][gc,nmethod  ] GC(8) NMethods: 475 registered, 0 unregistered
[15.972s][info][gc,metaspace] GC(8) Metaspace: 0M used, 0M committed, 1032M reserved
[15.972s][info][gc,ref      ] GC(8) Soft: 82 encountered, 0 discovered, 0 enqueued
[15.972s][info][gc,ref      ] GC(8) Weak: 200 encountered, 170 discovered, 0 enqueued
[15.972s][info][gc,ref      ] GC(8) Final: 0 encountered, 0 discovered, 0 enqueued
[15.972s][info][gc,ref      ] GC(8) Phantom: 5 encountered, 5 discovered, 0 enqueued
[15.972s][info][gc,reloc    ] GC(8) Small Pages: 1374 / 2748M, Empty: 2596M, Relocated: 8M, In-Place: 0
[15.972s][info][gc,reloc    ] GC(8) Medium Pages: 0 / 0M, Empty: 0M, Relocated: 0M, In-Place: 0
[15.972s][info][gc,reloc    ] GC(8) Large Pages: 0 / 0M, Empty: 0M, Relocated: 0M, In-Place: 0
[15.972s][info][gc,reloc    ] GC(8) Forwarding Usage: 0M
[15.972s][info][gc,heap     ] GC(8) Min Capacity: 8192M(100%)
[15.972s][info][gc,heap     ] GC(8) Max Capacity: 8192M(100%)
[15.972s][info][gc,heap     ] GC(8) Soft Max Capacity: 8192M(100%)
[15.972s][info][gc,heap     ] GC(8)                Mark Start          Mark End        Relocate Start      Relocate End           High               Low         
[15.972s][info][gc,heap     ] GC(8)  Capacity:     8192M (100%)       8192M (100%)       8192M (100%)       8192M (100%)       8192M (100%)       8192M (100%)   
[15.972s][info][gc,heap     ] GC(8)      Free:     5444M (66%)        5412M (66%)        8006M (98%)        8016M (98%)        8016M (98%)        5412M (66%)    
[15.972s][info][gc,heap     ] GC(8)      Used:     2748M (34%)        2780M (34%)         186M (2%)          176M (2%)         2780M (34%)         176M (2%)     
[15.972s][info][gc,heap     ] GC(8)      Live:         -               132M (2%)          132M (2%)          132M (2%)             -                  -          
[15.972s][info][gc,heap     ] GC(8) Allocated:         -                32M (0%)           34M (0%)           38M (0%)             -                  -          
[15.972s][info][gc,heap     ] GC(8)   Garbage:         -              2615M (32%)          19M (0%)            5M (0%)             -                  -          
[15.972s][info][gc,heap     ] GC(8) Reclaimed:         -                  -              2596M (32%)        2610M (32%)            -                  -          
[15.972s][info][gc          ] GC(8) Garbage Collection (Proactive) 2748M(34%)->176M(2%)
[18.540s][info][gc,start    ] GC(9) Garbage Collection (Proactive)
[18.540s][info][gc,phases   ] GC(9) Pause Mark Start 0.004ms
[18.574s][info][gc,phases   ] GC(9) Concurrent Mark 34.041ms
[18.574s][info][gc,phases   ] GC(9) Pause Mark End 0.009ms
[18.574s][info][gc,phases   ] GC(9) Concurrent Process Non-Strong References 0.352ms
[18.574s][info][gc,phases   ] GC(9) Concurrent Reset Relocation Set 0.002ms
[18.577s][info][gc,phases   ] GC(9) Concurrent Select Relocation Set 2.656ms
[18.577s][info][gc,phases   ] GC(9) Pause Relocate Start 0.005ms
[18.579s][info][gc,phases   ] GC(9) Concurrent Relocate 1.422ms
[18.579s][info][gc,load     ] GC(9) Load: 3.77/3.80/3.67
[18.579s][info][gc,mmu      ] GC(9) MMU: 2ms/99.5%, 5ms/99.7%, 10ms/99.8%, 20ms/99.9%, 50ms/100.0%, 100ms/100.0%
[18.579s][info][gc,marking  ] GC(9) Mark: 2 stripe(s), 2 proactive flush(es), 1 terminate flush(es), 0 completion(s), 0 continuation(s) 
[18.579s][info][gc,nmethod  ] GC(9) NMethods: 475 registered, 0 unregistered
[18.579s][info][gc,metaspace] GC(9) Metaspace: 0M used, 0M committed, 1032M reserved
[18.579s][info][gc,ref      ] GC(9) Soft: 82 encountered, 0 discovered, 0 enqueued
[18.579s][info][gc,ref      ] GC(9) Weak: 200 encountered, 78 discovered, 0 enqueued
[18.579s][info][gc,ref      ] GC(9) Final: 0 encountered, 0 discovered, 0 enqueued
[18.579s][info][gc,ref      ] GC(9) Phantom: 5 encountered, 3 discovered, 0 enqueued
[18.579s][info][gc,reloc    ] GC(9) Small Pages: 1425 / 2850M, Empty: 2700M, Relocated: 8M, In-Place: 0
[18.579s][info][gc,reloc    ] GC(9) Medium Pages: 0 / 0M, Empty: 0M, Relocated: 0M, In-Place: 0
[18.579s][info][gc,reloc    ] GC(9) Large Pages: 0 / 0M, Empty: 0M, Relocated: 0M, In-Place: 0
[18.579s][info][gc,reloc    ] GC(9) Forwarding Usage: 0M
[18.579s][info][gc,heap     ] GC(9) Min Capacity: 8192M(100%)
[18.579s][info][gc,heap     ] GC(9) Max Capacity: 8192M(100%)
[18.579s][info][gc,heap     ] GC(9) Soft Max Capacity: 8192M(100%)
[18.579s][info][gc,heap     ] GC(9)                Mark Start          Mark End        Relocate Start      Relocate End           High               Low         
[18.579s][info][gc,heap     ] GC(9)  Capacity:     8192M (100%)       8192M (100%)       8192M (100%)       8192M (100%)       8192M (100%)       8192M (100%)   
[18.579s][info][gc,heap     ] GC(9)      Free:     5342M (65%)        5306M (65%)        7994M (98%)        8004M (98%)        8004M (98%)        5306M (65%)    
[18.579s][info][gc,heap     ] GC(9)      Used:     2850M (35%)        2886M (35%)         198M (2%)          188M (2%)         2886M (35%)         188M (2%)     
[18.579s][info][gc,heap     ] GC(9)      Live:         -               132M (2%)          132M (2%)          132M (2%)             -                  -          
[18.579s][info][gc,heap     ] GC(9) Allocated:         -                36M (0%)           48M (1%)           50M (1%)             -                  -          
[18.579s][info][gc,heap     ] GC(9)   Garbage:         -              2717M (33%)          17M (0%)            5M (0%)             -                  -          
[18.579s][info][gc,heap     ] GC(9) Reclaimed:         -                  -              2700M (33%)        2712M (33%)            -                  -          
[18.579s][info][gc          ] GC(9) Garbage Collection (Proactive) 2850M(35%)->188M(2%)
[20.040s][info][gc,stats    ] === Garbage Collection Statistics =======================================================================================================================
[20.040s][info][gc,stats    ]                                                              Last 10s              Last 10m              Last 10h                Total
[20.040s][info][gc,stats    ]                                                              Avg / Max             Avg / Max             Avg / Max             Avg / Max
[20.041s][info][gc,stats    ]   Collector: Garbage Collection Cycle                     37.940 / 43.080       47.851 / 95.920       47.851 / 95.920       47.851 / 95.920      ms
[20.041s][info][gc,stats    ]  Contention: Mark Segment Reset Contention                     0 / 2                 0 / 4                 0 / 4                 0 / 4           ops/s
[20.041s][info][gc,stats    ]  Contention: Mark SeqNum Reset Contention                      0 / 0                 0 / 0                 0 / 0                 0 / 0           ops/s
[20.041s][info][gc,stats    ]    Critical: Allocation Stall                                  0 / 0                 0 / 0                 0 / 0                 0 / 0           ops/s
[20.041s][info][gc,stats    ]    Critical: Allocation Stall                              0.000 / 0.000         0.000 / 0.000         0.000 / 0.000         0.000 / 0.000       ms
[20.041s][info][gc,stats    ]    Critical: GC Locker Stall                                   0 / 0                 0 / 0                 0 / 0                 0 / 0           ops/s
[20.041s][info][gc,stats    ]    Critical: GC Locker Stall                               0.000 / 0.000         0.000 / 0.000         0.000 / 0.000         0.000 / 0.000       ms
[20.041s][info][gc,stats    ]    Critical: Relocation Stall                                  0 / 0                 0 / 0                 0 / 0                 0 / 0           ops/s
[20.041s][info][gc,stats    ]    Critical: Relocation Stall                              0.000 / 0.000         0.000 / 0.000         0.000 / 0.000         0.000 / 0.000       ms
[20.041s][info][gc,stats    ]      Memory: Allocation Rate                                1044 / 1050           1453 / 9212           1453 / 9212           1453 / 9212        MB/s
[20.041s][info][gc,stats    ]      Memory: Out Of Memory                                     0 / 0                 0 / 0                 0 / 0                 0 / 0           ops/s
[20.041s][info][gc,stats    ]      Memory: Page Cache Flush                                  0 / 0                 0 / 0                 0 / 0                 0 / 0           MB/s
[20.041s][info][gc,stats    ]      Memory: Page Cache Hit L1                               524 / 531             440 / 531             440 / 531             440 / 531         ops/s
[20.041s][info][gc,stats    ]      Memory: Page Cache Hit L2                                 0 / 0                 0 / 0                 0 / 0                 0 / 0           ops/s
[20.041s][info][gc,stats    ]      Memory: Page Cache Hit L3                                 0 / 0                85 / 486              85 / 486              85 / 486         ops/s
[20.041s][info][gc,stats    ]      Memory: Page Cache Miss                                   0 / 0                 0 / 1                 0 / 1                 0 / 1           ops/s
[20.041s][info][gc,stats    ]      Memory: Uncommit                                          0 / 0                 0 / 0                 0 / 0                 0 / 0           MB/s
[20.041s][info][gc,stats    ]      Memory: Undo Object Allocation Failed                     0 / 0                 0 / 0                 0 / 0                 0 / 0           ops/s
[20.041s][info][gc,stats    ]      Memory: Undo Object Allocation Succeeded                  0 / 1                 0 / 2                 0 / 2                 0 / 2           ops/s
[20.041s][info][gc,stats    ]      Memory: Undo Page Allocation                              0 / 1                 0 / 1                 0 / 1                 0 / 1           ops/s
[20.041s][info][gc,stats    ]       Phase: Concurrent Mark                              32.557 / 37.155       39.550 / 65.214       39.550 / 65.214       39.550 / 65.214      ms
[20.041s][info][gc,stats    ]       Phase: Concurrent Mark Continue                      0.000 / 0.000         0.000 / 0.000         0.000 / 0.000         0.000 / 0.000       ms
[20.041s][info][gc,stats    ]       Phase: Concurrent Process Non-Strong References      0.482 / 0.668         0.502 / 0.804         0.502 / 0.804         0.502 / 0.804       ms
[20.041s][info][gc,stats    ]       Phase: Concurrent Relocate                           1.530 / 2.002         3.303 / 16.651        3.303 / 16.651        3.303 / 16.651      ms
[20.041s][info][gc,stats    ]       Phase: Concurrent Reset Relocation Set               0.002 / 0.002         0.012 / 0.098         0.012 / 0.098         0.012 / 0.098       ms
[20.041s][info][gc,stats    ]       Phase: Concurrent Select Relocation Set              2.795 / 3.131         3.842 / 12.567        3.842 / 12.567        3.842 / 12.567      ms
[20.041s][info][gc,stats    ]       Phase: Pause Mark End                                0.008 / 0.010         0.008 / 0.010         0.008 / 0.010         0.008 / 0.010       ms
[20.041s][info][gc,stats    ]       Phase: Pause Mark Start                              0.005 / 0.006         0.005 / 0.007         0.005 / 0.007         0.005 / 0.007       ms
[20.041s][info][gc,stats    ]       Phase: Pause Relocate Start                          0.005 / 0.006         0.005 / 0.006         0.005 / 0.006         0.005 / 0.006       ms
[20.041s][info][gc,stats    ]    Subphase: Concurrent Classes Purge                      0.030 / 0.053         0.029 / 0.053         0.029 / 0.053         0.029 / 0.053       ms
[20.041s][info][gc,stats    ]    Subphase: Concurrent Classes Unlink                     0.310 / 0.399         0.298 / 0.399         0.298 / 0.399         0.298 / 0.399       ms
[20.041s][info][gc,stats    ]    Subphase: Concurrent Mark                              31.854 / 36.845       38.845 / 64.907       38.845 / 64.907       38.845 / 64.907      ms
[20.041s][info][gc,stats    ]    Subphase: Concurrent Mark Idle                          1.114 / 1.231         1.142 / 1.290         1.142 / 1.290         1.142 / 1.290       ms
[20.041s][info][gc,stats    ]    Subphase: Concurrent Mark Try Flush                     0.044 / 0.098         0.049 / 0.098         0.049 / 0.098         0.049 / 0.098       ms
[20.041s][info][gc,stats    ]    Subphase: Concurrent Mark Try Terminate                 0.440 / 1.232         0.464 / 1.291         0.464 / 1.291         0.464 / 1.291       ms
[20.041s][info][gc,stats    ]    Subphase: Concurrent References Enqueue                 0.000 / 0.000         0.001 / 0.003         0.001 / 0.003         0.001 / 0.003       ms
[20.041s][info][gc,stats    ]    Subphase: Concurrent References Process                 0.034 / 0.046         0.032 / 0.046         0.032 / 0.046         0.032 / 0.046       ms
[20.041s][info][gc,stats    ]    Subphase: Concurrent Roots ClassLoaderDataGraph         0.014 / 0.031         0.023 / 0.132         0.023 / 0.132         0.023 / 0.132       ms
[20.041s][info][gc,stats    ]    Subphase: Concurrent Roots CodeCache                    0.000 / 0.000         0.000 / 0.000         0.000 / 0.000         0.000 / 0.000       ms
[20.041s][info][gc,stats    ]    Subphase: Concurrent Roots JavaThreads                  0.205 / 0.277         0.200 / 0.277         0.200 / 0.277         0.200 / 0.277       ms
[20.041s][info][gc,stats    ]    Subphase: Concurrent Roots OopStorageSet                0.004 / 0.005         0.005 / 0.009         0.005 / 0.009         0.005 / 0.009       ms
[20.041s][info][gc,stats    ]    Subphase: Concurrent Weak Roots OopStorageSet           0.041 / 0.058         0.050 / 0.120         0.050 / 0.120         0.050 / 0.120       ms
[20.041s][info][gc,stats    ]    Subphase: Pause Mark Try Complete                       0.000 / 0.000         0.000 / 0.000         0.000 / 0.000         0.000 / 0.000       ms
[20.041s][info][gc,stats    ]      System: Java Threads                                     16 / 16               18 / 20               18 / 20               18 / 20          threads
[20.041s][info][gc,stats    ] =========================================================================================================================================================
[21.039s][info][gc,start    ] GC(10) Garbage Collection (Proactive)
[21.040s][info][gc,phases   ] GC(10) Pause Mark Start 0.005ms
[21.062s][info][gc,phases   ] GC(10) Concurrent Mark 22.557ms
[21.062s][info][gc,phases   ] GC(10) Pause Mark End 0.009ms
[21.063s][info][gc,phases   ] GC(10) Concurrent Process Non-Strong References 0.400ms
[21.063s][info][gc,phases   ] GC(10) Concurrent Reset Relocation Set 0.011ms
[21.065s][info][gc,phases   ] GC(10) Concurrent Select Relocation Set 2.755ms
[21.066s][info][gc,phases   ] GC(10) Pause Relocate Start 0.004ms
[21.067s][info][gc,phases   ] GC(10) Concurrent Relocate 0.897ms
[21.067s][info][gc,load     ] GC(10) Load: 3.62/3.77/3.66
[21.067s][info][gc,mmu      ] GC(10) MMU: 2ms/99.5%, 5ms/99.7%, 10ms/99.8%, 20ms/99.9%, 50ms/100.0%, 100ms/100.0%
[21.067s][info][gc,marking  ] GC(10) Mark: 2 stripe(s), 2 proactive flush(es), 1 terminate flush(es), 0 completion(s), 0 continuation(s) 
[21.067s][info][gc,nmethod  ] GC(10) NMethods: 475 registered, 0 unregistered
[21.067s][info][gc,metaspace] GC(10) Metaspace: 0M used, 0M committed, 1032M reserved
[21.067s][info][gc,ref      ] GC(10) Soft: 82 encountered, 0 discovered, 0 enqueued
[21.067s][info][gc,ref      ] GC(10) Weak: 200 encountered, 169 discovered, 0 enqueued
[21.067s][info][gc,ref      ] GC(10) Final: 0 encountered, 0 discovered, 0 enqueued
[21.067s][info][gc,ref      ] GC(10) Phantom: 5 encountered, 5 discovered, 0 enqueued
[21.067s][info][gc,reloc    ] GC(10) Small Pages: 1375 / 2750M, Empty: 2600M, Relocated: 5M, In-Place: 0
[21.067s][info][gc,reloc    ] GC(10) Medium Pages: 0 / 0M, Empty: 0M, Relocated: 0M, In-Place: 0
[21.067s][info][gc,reloc    ] GC(10) Large Pages: 0 / 0M, Empty: 0M, Relocated: 0M, In-Place: 0
[21.067s][info][gc,reloc    ] GC(10) Forwarding Usage: 0M
[21.067s][info][gc,heap     ] GC(10) Min Capacity: 8192M(100%)
[21.067s][info][gc,heap     ] GC(10) Max Capacity: 8192M(100%)
[21.067s][info][gc,heap     ] GC(10) Soft Max Capacity: 8192M(100%)
[21.067s][info][gc,heap     ] GC(10)                Mark Start          Mark End        Relocate Start      Relocate End           High               Low         
[21.067s][info][gc,heap     ] GC(10)  Capacity:     8192M (100%)       8192M (100%)       8192M (100%)       8192M (100%)       8192M (100%)       8192M (100%)   
[21.067s][info][gc,heap     ] GC(10)      Free:     5442M (66%)        5416M (66%)        8016M (98%)        8020M (98%)        8022M (98%)        5416M (66%)    
[21.067s][info][gc,heap     ] GC(10)      Used:     2750M (34%)        2776M (34%)         176M (2%)          172M (2%)         2776M (34%)         170M (2%)     
[21.067s][info][gc,heap     ] GC(10)      Live:         -               132M (2%)          132M (2%)          132M (2%)             -                  -          
[21.067s][info][gc,heap     ] GC(10) Allocated:         -                26M (0%)           26M (0%)           32M (0%)             -                  -          
[21.067s][info][gc,heap     ] GC(10)   Garbage:         -              2617M (32%)          17M (0%)            7M (0%)             -                  -          
[21.067s][info][gc,heap     ] GC(10) Reclaimed:         -                  -              2600M (32%)        2610M (32%)            -                  -          
[21.067s][info][gc          ] GC(10) Garbage Collection (Proactive) 2750M(34%)->172M(2%)
[23.440s][info][gc,start    ] GC(11) Garbage Collection (Proactive)
[23.440s][info][gc,phases   ] GC(11) Pause Mark Start 0.004ms
[23.473s][info][gc,phases   ] GC(11) Concurrent Mark 32.384ms
[23.473s][info][gc,phases   ] GC(11) Pause Mark End 0.010ms
[23.473s][info][gc,phases   ] GC(11) Concurrent Process Non-Strong References 0.471ms
[23.473s][info][gc,phases   ] GC(11) Concurrent Reset Relocation Set 0.002ms
[23.476s][info][gc,phases   ] GC(11) Concurrent Select Relocation Set 2.859ms
[23.476s][info][gc,phases   ] GC(11) Pause Relocate Start 0.004ms
[23.478s][info][gc,phases   ] GC(11) Concurrent Relocate 1.494ms
[23.478s][info][gc,load     ] GC(11) Load: 3.62/3.77/3.66
[23.478s][info][gc,mmu      ] GC(11) MMU: 2ms/99.5%, 5ms/99.7%, 10ms/99.8%, 20ms/99.9%, 50ms/100.0%, 100ms/100.0%
[23.478s][info][gc,marking  ] GC(11) Mark: 2 stripe(s), 2 proactive flush(es), 1 terminate flush(es), 0 completion(s), 0 continuation(s) 
[23.478s][info][gc,nmethod  ] GC(11) NMethods: 475 registered, 0 unregistered
[23.478s][info][gc,metaspace] GC(11) Metaspace: 0M used, 0M committed, 1032M reserved
[23.478s][info][gc,ref      ] GC(11) Soft: 82 encountered, 0 discovered, 0 enqueued
[23.478s][info][gc,ref      ] GC(11) Weak: 200 encountered, 170 discovered, 0 enqueued
[23.478s][info][gc,ref      ] GC(11) Final: 0 encountered, 0 discovered, 0 enqueued
[23.478s][info][gc,ref      ] GC(11) Phantom: 5 encountered, 3 discovered, 0 enqueued
[23.478s][info][gc,reloc    ] GC(11) Small Pages: 1323 / 2646M, Empty: 2492M, Relocated: 8M, In-Place: 0
[23.478s][info][gc,reloc    ] GC(11) Medium Pages: 0 / 0M, Empty: 0M, Relocated: 0M, In-Place: 0
[23.478s][info][gc,reloc    ] GC(11) Large Pages: 0 / 0M, Empty: 0M, Relocated: 0M, In-Place: 0
[23.478s][info][gc,reloc    ] GC(11) Forwarding Usage: 0M
[23.478s][info][gc,heap     ] GC(11) Min Capacity: 8192M(100%)
[23.478s][info][gc,heap     ] GC(11) Max Capacity: 8192M(100%)
[23.478s][info][gc,heap     ] GC(11) Soft Max Capacity: 8192M(100%)
[23.478s][info][gc,heap     ] GC(11)                Mark Start          Mark End        Relocate Start      Relocate End           High               Low         
[23.478s][info][gc,heap     ] GC(11)  Capacity:     8192M (100%)       8192M (100%)       8192M (100%)       8192M (100%)       8192M (100%)       8192M (100%)   
[23.478s][info][gc,heap     ] GC(11)      Free:     5546M (68%)        5512M (67%)        7996M (98%)        8000M (98%)        8004M (98%)        5512M (67%)    
[23.478s][info][gc,heap     ] GC(11)      Used:     2646M (32%)        2680M (33%)         196M (2%)          192M (2%)         2680M (33%)         188M (2%)     
[23.478s][info][gc,heap     ] GC(11)      Live:         -               132M (2%)          132M (2%)          132M (2%)             -                  -          
[23.478s][info][gc,heap     ] GC(11) Allocated:         -                34M (0%)           42M (1%)           52M (1%)             -                  -          
[23.478s][info][gc,heap     ] GC(11)   Garbage:         -              2513M (31%)          21M (0%)            7M (0%)             -                  -          
[23.478s][info][gc,heap     ] GC(11) Reclaimed:         -                  -              2492M (30%)        2506M (31%)            -                  -          
[23.478s][info][gc          ] GC(11) Garbage Collection (Proactive) 2646M(32%)->192M(2%)
[25.940s][info][gc,start    ] GC(12) Garbage Collection (Proactive)
[25.940s][info][gc,phases   ] GC(12) Pause Mark Start 0.006ms
[25.968s][info][gc,phases   ] GC(12) Concurrent Mark 28.095ms
[25.969s][info][gc,phases   ] GC(12) Pause Mark End 0.009ms
[25.969s][info][gc,phases   ] GC(12) Concurrent Process Non-Strong References 0.477ms
[25.969s][info][gc,phases   ] GC(12) Concurrent Reset Relocation Set 0.002ms
[25.973s][info][gc,phases   ] GC(12) Concurrent Select Relocation Set 3.331ms
[25.973s][info][gc,phases   ] GC(12) Pause Relocate Start 0.007ms
[25.975s][info][gc,phases   ] GC(12) Concurrent Relocate 1.844ms
[25.975s][info][gc,load     ] GC(12) Load: 3.41/3.73/3.65
[25.975s][info][gc,mmu      ] GC(12) MMU: 2ms/99.5%, 5ms/99.7%, 10ms/99.8%, 20ms/99.9%, 50ms/100.0%, 100ms/100.0%
[25.975s][info][gc,marking  ] GC(12) Mark: 2 stripe(s), 2 proactive flush(es), 1 terminate flush(es), 0 completion(s), 0 continuation(s) 
[25.975s][info][gc,nmethod  ] GC(12) NMethods: 475 registered, 0 unregistered
[25.975s][info][gc,metaspace] GC(12) Metaspace: 0M used, 0M committed, 1032M reserved
[25.975s][info][gc,ref      ] GC(12) Soft: 82 encountered, 0 discovered, 0 enqueued
[25.975s][info][gc,ref      ] GC(12) Weak: 200 encountered, 167 discovered, 0 enqueued
[25.975s][info][gc,ref      ] GC(12) Final: 0 encountered, 0 discovered, 0 enqueued
[25.975s][info][gc,ref      ] GC(12) Phantom: 5 encountered, 3 discovered, 0 enqueued
[25.975s][info][gc,reloc    ] GC(12) Small Pages: 1376 / 2752M, Empty: 2600M, Relocated: 8M, In-Place: 0
[25.975s][info][gc,reloc    ] GC(12) Medium Pages: 0 / 0M, Empty: 0M, Relocated: 0M, In-Place: 0
[25.975s][info][gc,reloc    ] GC(12) Large Pages: 0 / 0M, Empty: 0M, Relocated: 0M, In-Place: 0
[25.975s][info][gc,reloc    ] GC(12) Forwarding Usage: 0M
[25.975s][info][gc,heap     ] GC(12) Min Capacity: 8192M(100%)
[25.975s][info][gc,heap     ] GC(12) Max Capacity: 8192M(100%)
[25.975s][info][gc,heap     ] GC(12) Soft Max Capacity: 8192M(100%)
[25.975s][info][gc,heap     ] GC(12)                Mark Start          Mark End        Relocate Start      Relocate End           High               Low         
[25.975s][info][gc,heap     ] GC(12)  Capacity:     8192M (100%)       8192M (100%)       8192M (100%)       8192M (100%)       8192M (100%)       8192M (100%)   
[25.975s][info][gc,heap     ] GC(12)      Free:     5440M (66%)        5406M (66%)        8006M (98%)        8020M (98%)        8020M (98%)        5406M (66%)    
[25.975s][info][gc,heap     ] GC(12)      Used:     2752M (34%)        2786M (34%)         186M (2%)          172M (2%)         2786M (34%)         172M (2%)     
[25.975s][info][gc,heap     ] GC(12)      Live:         -               132M (2%)          132M (2%)          132M (2%)             -                  -          
[25.975s][info][gc,heap     ] GC(12) Allocated:         -                34M (0%)           34M (0%)           34M (0%)             -                  -          
[25.975s][info][gc,heap     ] GC(12)   Garbage:         -              2619M (32%)          19M (0%)            5M (0%)             -                  -          
[25.975s][info][gc,heap     ] GC(12) Reclaimed:         -                  -              2600M (32%)        2614M (32%)            -                  -          
[25.975s][info][gc          ] GC(12) Garbage Collection (Proactive) 2752M(34%)->172M(2%)
[28.140s][info][gc,start    ] GC(13) Garbage Collection (Proactive)
[28.140s][info][gc,phases   ] GC(13) Pause Mark Start 0.004ms
[28.176s][info][gc,phases   ] GC(13) Concurrent Mark 36.198ms
[28.177s][info][gc,phases   ] GC(13) Pause Mark End 0.008ms
[28.177s][info][gc,phases   ] GC(13) Concurrent Process Non-Strong References 0.517ms
[28.177s][info][gc,phases   ] GC(13) Concurrent Reset Relocation Set 0.002ms
[28.180s][info][gc,phases   ] GC(13) Concurrent Select Relocation Set 2.814ms
[28.180s][info][gc,phases   ] GC(13) Pause Relocate Start 0.004ms
[28.181s][info][gc,phases   ] GC(13) Concurrent Relocate 0.908ms
[28.181s][info][gc,load     ] GC(13) Load: 3.41/3.73/3.65
[28.181s][info][gc,mmu      ] GC(13) MMU: 2ms/99.5%, 5ms/99.7%, 10ms/99.8%, 20ms/99.9%, 50ms/100.0%, 100ms/100.0%
[28.181s][info][gc,marking  ] GC(13) Mark: 2 stripe(s), 2 proactive flush(es), 1 terminate flush(es), 0 completion(s), 0 continuation(s) 
[28.181s][info][gc,nmethod  ] GC(13) NMethods: 475 registered, 0 unregistered
[28.181s][info][gc,metaspace] GC(13) Metaspace: 0M used, 0M committed, 1032M reserved
[28.181s][info][gc,ref      ] GC(13) Soft: 82 encountered, 0 discovered, 0 enqueued
[28.181s][info][gc,ref      ] GC(13) Weak: 200 encountered, 53 discovered, 0 enqueued
[28.181s][info][gc,ref      ] GC(13) Final: 0 encountered, 0 discovered, 0 enqueued
[28.181s][info][gc,ref      ] GC(13) Phantom: 5 encountered, 5 discovered, 0 enqueued
[28.181s][info][gc,reloc    ] GC(13) Small Pages: 1219 / 2438M, Empty: 2294M, Relocated: 6M, In-Place: 0
[28.181s][info][gc,reloc    ] GC(13) Medium Pages: 0 / 0M, Empty: 0M, Relocated: 0M, In-Place: 0
[28.181s][info][gc,reloc    ] GC(13) Large Pages: 0 / 0M, Empty: 0M, Relocated: 0M, In-Place: 0
[28.181s][info][gc,reloc    ] GC(13) Forwarding Usage: 0M
[28.181s][info][gc,heap     ] GC(13) Min Capacity: 8192M(100%)
[28.181s][info][gc,heap     ] GC(13) Max Capacity: 8192M(100%)
[28.181s][info][gc,heap     ] GC(13) Soft Max Capacity: 8192M(100%)
[28.181s][info][gc,heap     ] GC(13)                Mark Start          Mark End        Relocate Start      Relocate End           High               Low         
[28.181s][info][gc,heap     ] GC(13)  Capacity:     8192M (100%)       8192M (100%)       8192M (100%)       8192M (100%)       8192M (100%)       8192M (100%)   
[28.181s][info][gc,heap     ] GC(13)      Free:     5754M (70%)        5708M (70%)        7996M (98%)        8002M (98%)        8002M (98%)        5708M (70%)    
[28.181s][info][gc,heap     ] GC(13)      Used:     2438M (30%)        2484M (30%)         196M (2%)          190M (2%)         2484M (30%)         190M (2%)     
[28.181s][info][gc,heap     ] GC(13)      Live:         -               132M (2%)          132M (2%)          132M (2%)             -                  -          
[28.181s][info][gc,heap     ] GC(13) Allocated:         -                46M (1%)           52M (1%)           52M (1%)             -                  -          
[28.181s][info][gc,heap     ] GC(13)   Garbage:         -              2305M (28%)          11M (0%)            5M (0%)             -                  -          
[28.181s][info][gc,heap     ] GC(13) Reclaimed:         -                  -              2294M (28%)        2300M (28%)            -                  -          
[28.181s][info][gc          ] GC(13) Garbage Collection (Proactive) 2438M(30%)->190M(2%)
[30.040s][info][gc,stats    ] === Garbage Collection Statistics =======================================================================================================================
[30.040s][info][gc,stats    ]                                                              Last 10s              Last 10m              Last 10h                Total
[30.040s][info][gc,stats    ]                                                              Avg / Max             Avg / Max             Avg / Max             Avg / Max
[30.040s][info][gc,stats    ]   Collector: Garbage Collection Cycle                     35.080 / 41.058       44.202 / 95.920       44.202 / 95.920       44.202 / 95.920      ms
[30.040s][info][gc,stats    ]  Contention: Mark Segment Reset Contention                     0 / 1                 0 / 4                 0 / 4                 0 / 4           ops/s
[30.040s][info][gc,stats    ]  Contention: Mark SeqNum Reset Contention                      0 / 0                 0 / 0                 0 / 0                 0 / 0           ops/s
[30.040s][info][gc,stats    ]    Critical: Allocation Stall                                  0 / 0                 0 / 0                 0 / 0                 0 / 0           ops/s
[30.040s][info][gc,stats    ]    Critical: Allocation Stall                              0.000 / 0.000         0.000 / 0.000         0.000 / 0.000         0.000 / 0.000       ms
[30.040s][info][gc,stats    ]    Critical: GC Locker Stall                                   0 / 0                 0 / 0                 0 / 0                 0 / 0           ops/s
[30.040s][info][gc,stats    ]    Critical: GC Locker Stall                               0.000 / 0.000         0.000 / 0.000         0.000 / 0.000         0.000 / 0.000       ms
[30.040s][info][gc,stats    ]    Critical: Relocation Stall                                  0 / 0                 0 / 0                 0 / 0                 0 / 0           ops/s
[30.040s][info][gc,stats    ]    Critical: Relocation Stall                              0.000 / 0.000         0.000 / 0.000         0.000 / 0.000         0.000 / 0.000       ms
[30.040s][info][gc,stats    ]      Memory: Allocation Rate                                1044 / 1052           1317 / 9212           1317 / 9212           1317 / 9212        MB/s
[30.040s][info][gc,stats    ]      Memory: Out Of Memory                                     0 / 0                 0 / 0                 0 / 0                 0 / 0           ops/s
[30.040s][info][gc,stats    ]      Memory: Page Cache Flush                                  0 / 0                 0 / 0                 0 / 0                 0 / 0           MB/s
[30.040s][info][gc,stats    ]      Memory: Page Cache Hit L1                               524 / 532             468 / 532             468 / 532             468 / 532         ops/s
[30.040s][info][gc,stats    ]      Memory: Page Cache Hit L2                                 0 / 0                 0 / 0                 0 / 0                 0 / 0           ops/s
[30.040s][info][gc,stats    ]      Memory: Page Cache Hit L3                                 0 / 0                57 / 486              57 / 486              57 / 486         ops/s
[30.040s][info][gc,stats    ]      Memory: Page Cache Miss                                   0 / 0                 0 / 1                 0 / 1                 0 / 1           ops/s
[30.040s][info][gc,stats    ]      Memory: Uncommit                                          0 / 0                 0 / 0                 0 / 0                 0 / 0           MB/s
[30.040s][info][gc,stats    ]      Memory: Undo Object Allocation Failed                     0 / 0                 0 / 0                 0 / 0                 0 / 0           ops/s
[30.040s][info][gc,stats    ]      Memory: Undo Object Allocation Succeeded                  0 / 5                 0 / 5                 0 / 5                 0 / 5           ops/s
[30.040s][info][gc,stats    ]      Memory: Undo Page Allocation                              0 / 0                 0 / 1                 0 / 1                 0 / 1           ops/s
[30.040s][info][gc,stats    ]       Phase: Concurrent Mark                              29.808 / 36.198       36.766 / 65.214       36.766 / 65.214       36.766 / 65.214      ms
[30.040s][info][gc,stats    ]       Phase: Concurrent Mark Continue                      0.000 / 0.000         0.000 / 0.000         0.000 / 0.000         0.000 / 0.000       ms
[30.040s][info][gc,stats    ]       Phase: Concurrent Process Non-Strong References      0.466 / 0.517         0.492 / 0.804         0.492 / 0.804         0.492 / 0.804       ms
[30.040s][info][gc,stats    ]       Phase: Concurrent Relocate                           1.286 / 1.844         2.726 / 16.651        2.726 / 16.651        2.726 / 16.651      ms
[30.040s][info][gc,stats    ]       Phase: Concurrent Reset Relocation Set               0.004 / 0.011         0.010 / 0.098         0.010 / 0.098         0.010 / 0.098       ms
[30.040s][info][gc,stats    ]       Phase: Concurrent Select Relocation Set              2.940 / 3.331         3.584 / 12.567        3.584 / 12.567        3.584 / 12.567      ms
[30.040s][info][gc,stats    ]       Phase: Pause Mark End                                0.009 / 0.010         0.009 / 0.010         0.009 / 0.010         0.009 / 0.010       ms
[30.040s][info][gc,stats    ]       Phase: Pause Mark Start                              0.005 / 0.006         0.005 / 0.007         0.005 / 0.007         0.005 / 0.007       ms
[30.040s][info][gc,stats    ]       Phase: Pause Relocate Start                          0.005 / 0.007         0.005 / 0.007         0.005 / 0.007         0.005 / 0.007       ms
[30.040s][info][gc,stats    ]    Subphase: Concurrent Classes Purge                      0.030 / 0.037         0.029 / 0.053         0.029 / 0.053         0.029 / 0.053       ms
[30.040s][info][gc,stats    ]    Subphase: Concurrent Classes Unlink                     0.293 / 0.304         0.296 / 0.399         0.296 / 0.399         0.296 / 0.399       ms
[30.040s][info][gc,stats    ]    Subphase: Concurrent Mark                              29.066 / 35.916       36.051 / 64.907       36.051 / 64.907       36.051 / 64.907      ms
[30.040s][info][gc,stats    ]    Subphase: Concurrent Mark Idle                          1.169 / 1.227         1.148 / 1.290         1.148 / 1.290         1.148 / 1.290       ms
[30.040s][info][gc,stats    ]    Subphase: Concurrent Mark Try Flush                     0.051 / 0.119         0.050 / 0.119         0.050 / 0.119         0.050 / 0.119       ms
[30.040s][info][gc,stats    ]    Subphase: Concurrent Mark Try Terminate                 0.410 / 1.235         0.450 / 1.291         0.450 / 1.291         0.450 / 1.291       ms
[30.040s][info][gc,stats    ]    Subphase: Concurrent References Enqueue                 0.000 / 0.000         0.000 / 0.003         0.000 / 0.003         0.000 / 0.003       ms
[30.040s][info][gc,stats    ]    Subphase: Concurrent References Process                 0.034 / 0.038         0.033 / 0.046         0.033 / 0.046         0.033 / 0.046       ms
[30.041s][info][gc,stats    ]    Subphase: Concurrent Roots ClassLoaderDataGraph         0.014 / 0.031         0.020 / 0.132         0.020 / 0.132         0.020 / 0.132       ms
[30.041s][info][gc,stats    ]    Subphase: Concurrent Roots CodeCache                    0.000 / 0.000         0.000 / 0.000         0.000 / 0.000         0.000 / 0.000       ms
[30.041s][info][gc,stats    ]    Subphase: Concurrent Roots JavaThreads                  0.187 / 0.244         0.197 / 0.277         0.197 / 0.277         0.197 / 0.277       ms
[30.041s][info][gc,stats    ]    Subphase: Concurrent Roots OopStorageSet                0.004 / 0.006         0.004 / 0.009         0.004 / 0.009         0.004 / 0.009       ms
[30.041s][info][gc,stats    ]    Subphase: Concurrent Weak Roots OopStorageSet           0.036 / 0.042         0.046 / 0.120         0.046 / 0.120         0.046 / 0.120       ms
[30.041s][info][gc,stats    ]    Subphase: Pause Mark Try Complete                       0.000 / 0.000         0.000 / 0.000         0.000 / 0.000         0.000 / 0.000       ms
[30.041s][info][gc,stats    ]      System: Java Threads                                     16 / 16               17 / 20               17 / 20               17 / 20          threads
[30.041s][info][gc,stats    ] =========================================================================================================================================================
[30.639s][info][gc,start    ] GC(14) Garbage Collection (Proactive)
[30.639s][info][gc,phases   ] GC(14) Pause Mark Start 0.006ms
[30.668s][info][gc,phases   ] GC(14) Concurrent Mark 28.891ms
[30.669s][info][gc,phases   ] GC(14) Pause Mark End 0.010ms
[30.669s][info][gc,phases   ] GC(14) Concurrent Process Non-Strong References 0.500ms
[30.669s][info][gc,phases   ] GC(14) Concurrent Reset Relocation Set 0.001ms
[30.672s][info][gc,phases   ] GC(14) Concurrent Select Relocation Set 2.973ms
[30.672s][info][gc,phases   ] GC(14) Pause Relocate Start 0.006ms
[30.673s][info][gc,phases   ] GC(14) Concurrent Relocate 1.239ms
[30.674s][info][gc,load     ] GC(14) Load: 3.46/3.73/3.65
[30.674s][info][gc,mmu      ] GC(14) MMU: 2ms/99.5%, 5ms/99.7%, 10ms/99.8%, 20ms/99.9%, 50ms/100.0%, 100ms/100.0%
[30.674s][info][gc,marking  ] GC(14) Mark: 2 stripe(s), 2 proactive flush(es), 1 terminate flush(es), 0 completion(s), 0 continuation(s) 
[30.674s][info][gc,nmethod  ] GC(14) NMethods: 475 registered, 0 unregistered
[30.674s][info][gc,metaspace] GC(14) Metaspace: 0M used, 0M committed, 1032M reserved
[30.674s][info][gc,ref      ] GC(14) Soft: 82 encountered, 0 discovered, 0 enqueued
[30.674s][info][gc,ref      ] GC(14) Weak: 200 encountered, 170 discovered, 0 enqueued
[30.674s][info][gc,ref      ] GC(14) Final: 0 encountered, 0 discovered, 0 enqueued
[30.674s][info][gc,ref      ] GC(14) Phantom: 5 encountered, 3 discovered, 0 enqueued
[30.674s][info][gc,reloc    ] GC(14) Small Pages: 1377 / 2754M, Empty: 2608M, Relocated: 6M, In-Place: 0
[30.674s][info][gc,reloc    ] GC(14) Medium Pages: 0 / 0M, Empty: 0M, Relocated: 0M, In-Place: 0
[30.674s][info][gc,reloc    ] GC(14) Large Pages: 0 / 0M, Empty: 0M, Relocated: 0M, In-Place: 0
[30.674s][info][gc,reloc    ] GC(14) Forwarding Usage: 0M
[30.674s][info][gc,heap     ] GC(14) Min Capacity: 8192M(100%)
[30.674s][info][gc,heap     ] GC(14) Max Capacity: 8192M(100%)
[30.674s][info][gc,heap     ] GC(14) Soft Max Capacity: 8192M(100%)
[30.674s][info][gc,heap     ] GC(14)                Mark Start          Mark End        Relocate Start      Relocate End           High               Low         
[30.674s][info][gc,heap     ] GC(14)  Capacity:     8192M (100%)       8192M (100%)       8192M (100%)       8192M (100%)       8192M (100%)       8192M (100%)   
[30.674s][info][gc,heap     ] GC(14)      Free:     5438M (66%)        5404M (66%)        8012M (98%)        8014M (98%)        8016M (98%)        5404M (66%)    
[30.674s][info][gc,heap     ] GC(14)      Used:     2754M (34%)        2788M (34%)         180M (2%)          178M (2%)         2788M (34%)         176M (2%)     
[30.674s][info][gc,heap     ] GC(14)      Live:         -               132M (2%)          132M (2%)          132M (2%)             -                  -          
[30.674s][info][gc,heap     ] GC(14) Allocated:         -                34M (0%)           34M (0%)           40M (0%)             -                  -          
[30.674s][info][gc,heap     ] GC(14)   Garbage:         -              2621M (32%)          13M (0%)            5M (0%)             -                  -          
[30.674s][info][gc,heap     ] GC(14) Reclaimed:         -                  -              2608M (32%)        2616M (32%)            -                  -          
[30.674s][info][gc          ] GC(14) Garbage Collection (Proactive) 2754M(34%)->178M(2%)
[32.941s][info][gc,start    ] GC(15) Garbage Collection (Proactive)
[32.941s][info][gc,phases   ] GC(15) Pause Mark Start 0.006ms
[32.980s][info][gc,phases   ] GC(15) Concurrent Mark 38.783ms
[32.980s][info][gc,phases   ] GC(15) Pause Mark End 0.008ms
[32.980s][info][gc,phases   ] GC(15) Concurrent Process Non-Strong References 0.418ms
[32.980s][info][gc,phases   ] GC(15) Concurrent Reset Relocation Set 0.002ms
[32.983s][info][gc,phases   ] GC(15) Concurrent Select Relocation Set 2.925ms
[32.983s][info][gc,phases   ] GC(15) Pause Relocate Start 0.004ms
[32.984s][info][gc,phases   ] GC(15) Concurrent Relocate 1.074ms
[32.984s][info][gc,load     ] GC(15) Load: 3.46/3.73/3.65
[32.984s][info][gc,mmu      ] GC(15) MMU: 2ms/99.5%, 5ms/99.7%, 10ms/99.8%, 20ms/99.9%, 50ms/100.0%, 100ms/100.0%
[32.984s][info][gc,marking  ] GC(15) Mark: 2 stripe(s), 3 proactive flush(es), 1 terminate flush(es), 0 completion(s), 0 continuation(s) 
[32.984s][info][gc,nmethod  ] GC(15) NMethods: 475 registered, 0 unregistered
[32.984s][info][gc,metaspace] GC(15) Metaspace: 0M used, 0M committed, 1032M reserved
[32.984s][info][gc,ref      ] GC(15) Soft: 82 encountered, 0 discovered, 0 enqueued
[32.984s][info][gc,ref      ] GC(15) Weak: 200 encountered, 170 discovered, 0 enqueued
[32.984s][info][gc,ref      ] GC(15) Final: 0 encountered, 0 discovered, 0 enqueued
[32.984s][info][gc,ref      ] GC(15) Phantom: 5 encountered, 4 discovered, 0 enqueued
[32.984s][info][gc,reloc    ] GC(15) Small Pages: 1270 / 2540M, Empty: 2388M, Relocated: 8M, In-Place: 0
[32.984s][info][gc,reloc    ] GC(15) Medium Pages: 0 / 0M, Empty: 0M, Relocated: 0M, In-Place: 0
[32.984s][info][gc,reloc    ] GC(15) Large Pages: 0 / 0M, Empty: 0M, Relocated: 0M, In-Place: 0
[32.984s][info][gc,reloc    ] GC(15) Forwarding Usage: 0M
[32.984s][info][gc,heap     ] GC(15) Min Capacity: 8192M(100%)
[32.984s][info][gc,heap     ] GC(15) Max Capacity: 8192M(100%)
[32.984s][info][gc,heap     ] GC(15) Soft Max Capacity: 8192M(100%)
[32.984s][info][gc,heap     ] GC(15)                Mark Start          Mark End        Relocate Start      Relocate End           High               Low         
[32.984s][info][gc,heap     ] GC(15)  Capacity:     8192M (100%)       8192M (100%)       8192M (100%)       8192M (100%)       8192M (100%)       8192M (100%)   
[32.984s][info][gc,heap     ] GC(15)      Free:     5652M (69%)        5602M (68%)        7990M (98%)        8002M (98%)        8002M (98%)        5602M (68%)    
[32.984s][info][gc,heap     ] GC(15)      Used:     2540M (31%)        2590M (32%)         202M (2%)          190M (2%)         2590M (32%)         190M (2%)     
[32.984s][info][gc,heap     ] GC(15)      Live:         -               132M (2%)          132M (2%)          132M (2%)             -                  -          
[32.984s][info][gc,heap     ] GC(15) Allocated:         -                50M (1%)           50M (1%)           50M (1%)             -                  -          
[32.984s][info][gc,heap     ] GC(15)   Garbage:         -              2407M (29%)          19M (0%)            7M (0%)             -                  -          
[32.984s][info][gc,heap     ] GC(15) Reclaimed:         -                  -              2388M (29%)        2400M (29%)            -                  -          
[32.984s][info][gc          ] GC(15) Garbage Collection (Proactive) 2540M(31%)->190M(2%)
[35.741s][info][gc,start    ] GC(16) Garbage Collection (Proactive)
[35.741s][info][gc,phases   ] GC(16) Pause Mark Start 0.008ms
[35.775s][info][gc,phases   ] GC(16) Concurrent Mark 34.386ms
[35.775s][info][gc,phases   ] GC(16) Pause Mark End 0.008ms
[35.776s][info][gc,phases   ] GC(16) Concurrent Process Non-Strong References 0.424ms
[35.776s][info][gc,phases   ] GC(16) Concurrent Reset Relocation Set 0.002ms
[35.779s][info][gc,phases   ] GC(16) Concurrent Select Relocation Set 3.340ms
[35.779s][info][gc,phases   ] GC(16) Pause Relocate Start 0.004ms
[35.780s][info][gc,phases   ] GC(16) Concurrent Relocate 1.173ms
[35.781s][info][gc,load     ] GC(16) Load: 3.34/3.70/3.64
[35.781s][info][gc,mmu      ] GC(16) MMU: 2ms/99.5%, 5ms/99.7%, 10ms/99.8%, 20ms/99.9%, 50ms/100.0%, 100ms/100.0%
[35.781s][info][gc,marking  ] GC(16) Mark: 2 stripe(s), 2 proactive flush(es), 1 terminate flush(es), 0 completion(s), 0 continuation(s) 
[35.781s][info][gc,nmethod  ] GC(16) NMethods: 475 registered, 0 unregistered
[35.781s][info][gc,metaspace] GC(16) Metaspace: 0M used, 0M committed, 1032M reserved
[35.781s][info][gc,ref      ] GC(16) Soft: 82 encountered, 0 discovered, 0 enqueued
[35.781s][info][gc,ref      ] GC(16) Weak: 200 encountered, 169 discovered, 0 enqueued
[35.781s][info][gc,ref      ] GC(16) Final: 0 encountered, 0 discovered, 0 enqueued
[35.781s][info][gc,ref      ] GC(16) Phantom: 5 encountered, 3 discovered, 0 enqueued
[35.781s][info][gc,reloc    ] GC(16) Small Pages: 1532 / 3064M, Empty: 2910M, Relocated: 8M, In-Place: 0
[35.781s][info][gc,reloc    ] GC(16) Medium Pages: 0 / 0M, Empty: 0M, Relocated: 0M, In-Place: 0
[35.781s][info][gc,reloc    ] GC(16) Large Pages: 0 / 0M, Empty: 0M, Relocated: 0M, In-Place: 0
[35.781s][info][gc,reloc    ] GC(16) Forwarding Usage: 0M
[35.781s][info][gc,heap     ] GC(16) Min Capacity: 8192M(100%)
[35.781s][info][gc,heap     ] GC(16) Max Capacity: 8192M(100%)
[35.781s][info][gc,heap     ] GC(16) Soft Max Capacity: 8192M(100%)
[35.781s][info][gc,heap     ] GC(16)                Mark Start          Mark End        Relocate Start      Relocate End           High               Low         
[35.781s][info][gc,heap     ] GC(16)  Capacity:     8192M (100%)       8192M (100%)       8192M (100%)       8192M (100%)       8192M (100%)       8192M (100%)   
[35.781s][info][gc,heap     ] GC(16)      Free:     5128M (63%)        5092M (62%)        7988M (98%)        8002M (98%)        8002M (98%)        5090M (62%)    
[35.781s][info][gc,heap     ] GC(16)      Used:     3064M (37%)        3100M (38%)         204M (2%)          190M (2%)         3102M (38%)         190M (2%)     
[35.781s][info][gc,heap     ] GC(16)      Live:         -               132M (2%)          132M (2%)          132M (2%)             -                  -          
[35.781s][info][gc,heap     ] GC(16) Allocated:         -                36M (0%)           50M (1%)           50M (1%)             -                  -          
[35.781s][info][gc,heap     ] GC(16)   Garbage:         -              2931M (36%)          21M (0%)            7M (0%)             -                  -          
[35.781s][info][gc,heap     ] GC(16) Reclaimed:         -                  -              2910M (36%)        2924M (36%)            -                  -          
[35.781s][info][gc          ] GC(16) Garbage Collection (Proactive) 3064M(37%)->190M(2%)
[38.140s][info][gc,start    ] GC(17) Garbage Collection (Proactive)
[38.141s][info][gc,phases   ] GC(17) Pause Mark Start 0.004ms
[38.163s][info][gc,phases   ] GC(17) Concurrent Mark 22.569ms
[38.163s][info][gc,phases   ] GC(17) Pause Mark End 0.008ms
[38.164s][info][gc,phases   ] GC(17) Concurrent Process Non-Strong References 0.395ms
[38.164s][info][gc,phases   ] GC(17) Concurrent Reset Relocation Set 0.002ms
[38.167s][info][gc,phases   ] GC(17) Concurrent Select Relocation Set 2.876ms
[38.167s][info][gc,phases   ] GC(17) Pause Relocate Start 0.004ms
[38.168s][info][gc,phases   ] GC(17) Concurrent Relocate 1.389ms
[38.168s][info][gc,load     ] GC(17) Load: 3.34/3.70/3.64
[38.168s][info][gc,mmu      ] GC(17) MMU: 2ms/99.5%, 5ms/99.7%, 10ms/99.8%, 20ms/99.9%, 50ms/100.0%, 100ms/100.0%
[38.168s][info][gc,marking  ] GC(17) Mark: 2 stripe(s), 2 proactive flush(es), 1 terminate flush(es), 0 completion(s), 0 continuation(s) 
[38.168s][info][gc,nmethod  ] GC(17) NMethods: 475 registered, 0 unregistered
[38.168s][info][gc,metaspace] GC(17) Metaspace: 0M used, 0M committed, 1032M reserved
[38.168s][info][gc,ref      ] GC(17) Soft: 82 encountered, 0 discovered, 0 enqueued
[38.168s][info][gc,ref      ] GC(17) Weak: 200 encountered, 170 discovered, 0 enqueued
[38.168s][info][gc,ref      ] GC(17) Final: 0 encountered, 0 discovered, 0 enqueued
[38.168s][info][gc,ref      ] GC(17) Phantom: 5 encountered, 3 discovered, 0 enqueued
[38.168s][info][gc,reloc    ] GC(17) Small Pages: 1323 / 2646M, Empty: 2496M, Relocated: 8M, In-Place: 0
[38.168s][info][gc,reloc    ] GC(17) Medium Pages: 0 / 0M, Empty: 0M, Relocated: 0M, In-Place: 0
[38.168s][info][gc,reloc    ] GC(17) Large Pages: 0 / 0M, Empty: 0M, Relocated: 0M, In-Place: 0
[38.168s][info][gc,reloc    ] GC(17) Forwarding Usage: 0M
[38.168s][info][gc,heap     ] GC(17) Min Capacity: 8192M(100%)
[38.168s][info][gc,heap     ] GC(17) Max Capacity: 8192M(100%)
[38.168s][info][gc,heap     ] GC(17) Soft Max Capacity: 8192M(100%)
[38.168s][info][gc,heap     ] GC(17)                Mark Start          Mark End        Relocate Start      Relocate End           High               Low         
[38.168s][info][gc,heap     ] GC(17)  Capacity:     8192M (100%)       8192M (100%)       8192M (100%)       8192M (100%)       8192M (100%)       8192M (100%)   
[38.168s][info][gc,heap     ] GC(17)      Free:     5546M (68%)        5520M (67%)        8010M (98%)        8016M (98%)        8016M (98%)        5520M (67%)    
[38.168s][info][gc,heap     ] GC(17)      Used:     2646M (32%)        2672M (33%)         182M (2%)          176M (2%)         2672M (33%)         176M (2%)     
[38.168s][info][gc,heap     ] GC(17)      Live:         -               132M (2%)          132M (2%)          132M (2%)             -                  -          
[38.168s][info][gc,heap     ] GC(17) Allocated:         -                26M (0%)           32M (0%)           38M (0%)             -                  -          
[38.168s][info][gc,heap     ] GC(17)   Garbage:         -              2513M (31%)          17M (0%)            5M (0%)             -                  -          
[38.169s][info][gc,heap     ] GC(17) Reclaimed:         -                  -              2496M (30%)        2508M (31%)            -                  -          
[38.169s][info][gc          ] GC(17) Garbage Collection (Proactive) 2646M(32%)->176M(2%)
[40.040s][info][gc,stats    ] === Garbage Collection Statistics =======================================================================================================================
[40.040s][info][gc,stats    ]                                                              Last 10s              Last 10m              Last 10h                Total
[40.040s][info][gc,stats    ]                                                              Avg / Max             Avg / Max             Avg / Max             Avg / Max
[40.040s][info][gc,stats    ]   Collector: Garbage Collection Cycle                     36.386 / 43.612       42.465 / 95.920       42.465 / 95.920       42.465 / 95.920      ms
[40.040s][info][gc,stats    ]  Contention: Mark Segment Reset Contention                     0 / 2                 0 / 4                 0 / 4                 0 / 4           ops/s
[40.040s][info][gc,stats    ]  Contention: Mark SeqNum Reset Contention                      0 / 0                 0 / 0                 0 / 0                 0 / 0           ops/s
[40.040s][info][gc,stats    ]    Critical: Allocation Stall                                  0 / 0                 0 / 0                 0 / 0                 0 / 0           ops/s
[40.040s][info][gc,stats    ]    Critical: Allocation Stall                              0.000 / 0.000         0.000 / 0.000         0.000 / 0.000         0.000 / 0.000       ms
[40.040s][info][gc,stats    ]    Critical: GC Locker Stall                                   0 / 0                 0 / 0                 0 / 0                 0 / 0           ops/s
[40.040s][info][gc,stats    ]    Critical: GC Locker Stall                               0.000 / 0.000         0.000 / 0.000         0.000 / 0.000         0.000 / 0.000       ms
[40.040s][info][gc,stats    ]    Critical: Relocation Stall                                  0 / 0                 0 / 0                 0 / 0                 0 / 0           ops/s
[40.040s][info][gc,stats    ]    Critical: Relocation Stall                              0.000 / 0.000         0.000 / 0.000         0.000 / 0.000         0.000 / 0.000       ms
[40.040s][info][gc,stats    ]      Memory: Allocation Rate                                1044 / 1052           1249 / 9212           1249 / 9212           1249 / 9212        MB/s
[40.040s][info][gc,stats    ]      Memory: Out Of Memory                                     0 / 0                 0 / 0                 0 / 0                 0 / 0           ops/s
[40.040s][info][gc,stats    ]      Memory: Page Cache Flush                                  0 / 0                 0 / 0                 0 / 0                 0 / 0           MB/s
[40.040s][info][gc,stats    ]      Memory: Page Cache Hit L1                               524 / 531             482 / 532             482 / 532             482 / 532         ops/s
[40.040s][info][gc,stats    ]      Memory: Page Cache Hit L2                                 0 / 0                 0 / 0                 0 / 0                 0 / 0           ops/s
[40.040s][info][gc,stats    ]      Memory: Page Cache Hit L3                                 0 / 0                42 / 486              42 / 486              42 / 486         ops/s
[40.040s][info][gc,stats    ]      Memory: Page Cache Miss                                   0 / 0                 0 / 1                 0 / 1                 0 / 1           ops/s
[40.040s][info][gc,stats    ]      Memory: Uncommit                                          0 / 0                 0 / 0                 0 / 0                 0 / 0           MB/s
[40.040s][info][gc,stats    ]      Memory: Undo Object Allocation Failed                     0 / 0                 0 / 0                 0 / 0                 0 / 0           ops/s
[40.040s][info][gc,stats    ]      Memory: Undo Object Allocation Succeeded                  0 / 2                 0 / 5                 0 / 5                 0 / 5           ops/s
[40.040s][info][gc,stats    ]      Memory: Undo Page Allocation                              0 / 0                 0 / 1                 0 / 1                 0 / 1           ops/s
[40.040s][info][gc,stats    ]       Phase: Concurrent Mark                              31.157 / 38.783       35.520 / 65.214       35.520 / 65.214       35.520 / 65.214      ms
[40.040s][info][gc,stats    ]       Phase: Concurrent Mark Continue                      0.000 / 0.000         0.000 / 0.000         0.000 / 0.000         0.000 / 0.000       ms
[40.040s][info][gc,stats    ]       Phase: Concurrent Process Non-Strong References      0.434 / 0.500         0.479 / 0.804         0.479 / 0.804         0.479 / 0.804       ms
[40.040s][info][gc,stats    ]       Phase: Concurrent Relocate                           1.219 / 1.389         2.391 / 16.651        2.391 / 16.651        2.391 / 16.651      ms
[40.040s][info][gc,stats    ]       Phase: Concurrent Reset Relocation Set               0.002 / 0.002         0.008 / 0.098         0.008 / 0.098         0.008 / 0.098       ms
[40.040s][info][gc,stats    ]       Phase: Concurrent Select Relocation Set              3.029 / 3.340         3.461 / 12.567        3.461 / 12.567        3.461 / 12.567      ms
[40.040s][info][gc,stats    ]       Phase: Pause Mark End                                0.009 / 0.010         0.009 / 0.010         0.009 / 0.010         0.009 / 0.010       ms
[40.040s][info][gc,stats    ]       Phase: Pause Mark Start                              0.006 / 0.008         0.005 / 0.008         0.005 / 0.008         0.005 / 0.008       ms
[40.040s][info][gc,stats    ]       Phase: Pause Relocate Start                          0.004 / 0.006         0.005 / 0.007         0.005 / 0.007         0.005 / 0.007       ms
[40.040s][info][gc,stats    ]    Subphase: Concurrent Classes Purge                      0.027 / 0.042         0.029 / 0.053         0.029 / 0.053         0.029 / 0.053       ms
[40.040s][info][gc,stats    ]    Subphase: Concurrent Classes Unlink                     0.284 / 0.314         0.294 / 0.399         0.294 / 0.399         0.294 / 0.399       ms
[40.040s][info][gc,stats    ]    Subphase: Concurrent Mark                              30.450 / 38.526       34.806 / 64.907       34.806 / 64.907       34.806 / 64.907      ms
[40.040s][info][gc,stats    ]    Subphase: Concurrent Mark Idle                          1.108 / 1.258         1.139 / 1.290         1.139 / 1.290         1.139 / 1.290       ms
[40.040s][info][gc,stats    ]    Subphase: Concurrent Mark Try Flush                     0.037 / 0.085         0.047 / 0.119         0.047 / 0.119         0.047 / 0.119       ms
[40.040s][info][gc,stats    ]    Subphase: Concurrent Mark Try Terminate                 0.433 / 1.259         0.446 / 1.291         0.446 / 1.291         0.446 / 1.291       ms
[40.040s][info][gc,stats    ]    Subphase: Concurrent References Enqueue                 0.000 / 0.000         0.000 / 0.003         0.000 / 0.003         0.000 / 0.003       ms
[40.040s][info][gc,stats    ]    Subphase: Concurrent References Process                 0.030 / 0.040         0.032 / 0.046         0.032 / 0.046         0.032 / 0.046       ms
[40.040s][info][gc,stats    ]    Subphase: Concurrent Roots ClassLoaderDataGraph         0.014 / 0.029         0.019 / 0.132         0.019 / 0.132         0.019 / 0.132       ms
[40.040s][info][gc,stats    ]    Subphase: Concurrent Roots CodeCache                    0.000 / 0.000         0.000 / 0.000         0.000 / 0.000         0.000 / 0.000       ms
[40.040s][info][gc,stats    ]    Subphase: Concurrent Roots JavaThreads                  0.184 / 0.218         0.194 / 0.277         0.194 / 0.277         0.194 / 0.277       ms
[40.040s][info][gc,stats    ]    Subphase: Concurrent Roots OopStorageSet                0.004 / 0.004         0.004 / 0.009         0.004 / 0.009         0.004 / 0.009       ms
[40.040s][info][gc,stats    ]    Subphase: Concurrent Weak Roots OopStorageSet           0.037 / 0.046         0.044 / 0.120         0.044 / 0.120         0.044 / 0.120       ms
[40.040s][info][gc,stats    ]    Subphase: Pause Mark Try Complete                       0.000 / 0.000         0.000 / 0.000         0.000 / 0.000         0.000 / 0.000       ms
[40.040s][info][gc,stats    ]      System: Java Threads                                     16 / 16               17 / 20               17 / 20               17 / 20          threads
[40.040s][info][gc,stats    ] =========================================================================================================================================================
[40.741s][info][gc,start    ] GC(18) Garbage Collection (Proactive)
[40.741s][info][gc,phases   ] GC(18) Pause Mark Start 0.023ms
[40.775s][info][gc,phases   ] GC(18) Concurrent Mark 34.351ms
[40.776s][info][gc,phases   ] GC(18) Pause Mark End 0.008ms
[40.776s][info][gc,phases   ] GC(18) Concurrent Process Non-Strong References 0.622ms
[40.776s][info][gc,phases   ] GC(18) Concurrent Reset Relocation Set 0.002ms
[40.779s][info][gc,phases   ] GC(18) Concurrent Select Relocation Set 3.013ms
[40.779s][info][gc,phases   ] GC(18) Pause Relocate Start 0.004ms
[40.780s][info][gc,phases   ] GC(18) Concurrent Relocate 0.714ms
[40.780s][info][gc,load     ] GC(18) Load: 3.48/3.72/3.65
[40.780s][info][gc,mmu      ] GC(18) MMU: 2ms/98.9%, 5ms/99.5%, 10ms/99.8%, 20ms/99.9%, 50ms/99.9%, 100ms/100.0%
[40.780s][info][gc,marking  ] GC(18) Mark: 2 stripe(s), 3 proactive flush(es), 1 terminate flush(es), 0 completion(s), 0 continuation(s) 
[40.780s][info][gc,nmethod  ] GC(18) NMethods: 475 registered, 0 unregistered
[40.780s][info][gc,metaspace] GC(18) Metaspace: 0M used, 0M committed, 1032M reserved
[40.780s][info][gc,ref      ] GC(18) Soft: 82 encountered, 0 discovered, 0 enqueued
[40.780s][info][gc,ref      ] GC(18) Weak: 200 encountered, 170 discovered, 0 enqueued
[40.780s][info][gc,ref      ] GC(18) Final: 0 encountered, 0 discovered, 0 enqueued
[40.780s][info][gc,ref      ] GC(18) Phantom: 5 encountered, 5 discovered, 0 enqueued
[40.780s][info][gc,reloc    ] GC(18) Small Pages: 1426 / 2852M, Empty: 2700M, Relocated: 4M, In-Place: 0
[40.780s][info][gc,reloc    ] GC(18) Medium Pages: 0 / 0M, Empty: 0M, Relocated: 0M, In-Place: 0
[40.780s][info][gc,reloc    ] GC(18) Large Pages: 0 / 0M, Empty: 0M, Relocated: 0M, In-Place: 0
[40.780s][info][gc,reloc    ] GC(18) Forwarding Usage: 0M
[40.780s][info][gc,heap     ] GC(18) Min Capacity: 8192M(100%)
[40.780s][info][gc,heap     ] GC(18) Max Capacity: 8192M(100%)
[40.780s][info][gc,heap     ] GC(18) Soft Max Capacity: 8192M(100%)
[40.780s][info][gc,heap     ] GC(18)                Mark Start          Mark End        Relocate Start      Relocate End           High               Low         
[40.780s][info][gc,heap     ] GC(18)  Capacity:     8192M (100%)       8192M (100%)       8192M (100%)       8192M (100%)       8192M (100%)       8192M (100%)   
[40.780s][info][gc,heap     ] GC(18)      Free:     5340M (65%)        5304M (65%)        7990M (98%)        8002M (98%)        8002M (98%)        5298M (65%)    
[40.780s][info][gc,heap     ] GC(18)      Used:     2852M (35%)        2888M (35%)         202M (2%)          190M (2%)         2894M (35%)         190M (2%)     
[40.780s][info][gc,heap     ] GC(18)      Live:         -               132M (2%)          132M (2%)          132M (2%)             -                  -          
[40.780s][info][gc,heap     ] GC(18) Allocated:         -                36M (0%)           50M (1%)           50M (1%)             -                  -          
[40.780s][info][gc,heap     ] GC(18)   Garbage:         -              2719M (33%)          19M (0%)            7M (0%)             -                  -          
[40.780s][info][gc,heap     ] GC(18) Reclaimed:         -                  -              2700M (33%)        2712M (33%)            -                  -          
[40.781s][info][gc          ] GC(18) Garbage Collection (Proactive) 2852M(35%)->190M(2%)
[43.440s][info][gc,start    ] GC(19) Garbage Collection (Proactive)
[43.440s][info][gc,phases   ] GC(19) Pause Mark Start 0.004ms
[43.476s][info][gc,phases   ] GC(19) Concurrent Mark 35.632ms
[43.476s][info][gc,phases   ] GC(19) Pause Mark End 0.008ms
[43.477s][info][gc,phases   ] GC(19) Concurrent Process Non-Strong References 0.595ms
[43.477s][info][gc,phases   ] GC(19) Concurrent Reset Relocation Set 0.002ms
[43.480s][info][gc,phases   ] GC(19) Concurrent Select Relocation Set 3.063ms
[43.480s][info][gc,phases   ] GC(19) Pause Relocate Start 0.004ms
[43.481s][info][gc,phases   ] GC(19) Concurrent Relocate 1.251ms
[43.481s][info][gc,load     ] GC(19) Load: 3.48/3.72/3.65
[43.481s][info][gc,mmu      ] GC(19) MMU: 2ms/98.9%, 5ms/99.5%, 10ms/99.8%, 20ms/99.9%, 50ms/99.9%, 100ms/100.0%
[43.481s][info][gc,marking  ] GC(19) Mark: 2 stripe(s), 2 proactive flush(es), 1 terminate flush(es), 0 completion(s), 0 continuation(s) 
[43.481s][info][gc,nmethod  ] GC(19) NMethods: 475 registered, 0 unregistered
[43.481s][info][gc,metaspace] GC(19) Metaspace: 0M used, 0M committed, 1032M reserved
[43.481s][info][gc,ref      ] GC(19) Soft: 82 encountered, 0 discovered, 0 enqueued
[43.481s][info][gc,ref      ] GC(19) Weak: 200 encountered, 170 discovered, 0 enqueued
[43.481s][info][gc,ref      ] GC(19) Final: 0 encountered, 0 discovered, 0 enqueued
[43.481s][info][gc,ref      ] GC(19) Phantom: 5 encountered, 5 discovered, 0 enqueued
[43.481s][info][gc,reloc    ] GC(19) Small Pages: 1479 / 2958M, Empty: 2812M, Relocated: 8M, In-Place: 0
[43.481s][info][gc,reloc    ] GC(19) Medium Pages: 0 / 0M, Empty: 0M, Relocated: 0M, In-Place: 0
[43.481s][info][gc,reloc    ] GC(19) Large Pages: 0 / 0M, Empty: 0M, Relocated: 0M, In-Place: 0
[43.481s][info][gc,reloc    ] GC(19) Forwarding Usage: 0M
[43.481s][info][gc,heap     ] GC(19) Min Capacity: 8192M(100%)
[43.481s][info][gc,heap     ] GC(19) Max Capacity: 8192M(100%)
[43.481s][info][gc,heap     ] GC(19) Soft Max Capacity: 8192M(100%)
[43.481s][info][gc,heap     ] GC(19)                Mark Start          Mark End        Relocate Start      Relocate End           High               Low         
[43.481s][info][gc,heap     ] GC(19)  Capacity:     8192M (100%)       8192M (100%)       8192M (100%)       8192M (100%)       8192M (100%)       8192M (100%)   
[43.481s][info][gc,heap     ] GC(19)      Free:     5234M (64%)        5200M (63%)        7996M (98%)        8002M (98%)        8002M (98%)        5192M (63%)    
[43.481s][info][gc,heap     ] GC(19)      Used:     2958M (36%)        2992M (37%)         196M (2%)          190M (2%)         3000M (37%)         190M (2%)     
[43.481s][info][gc,heap     ] GC(19)      Live:         -               132M (2%)          132M (2%)          132M (2%)             -                  -          
[43.481s][info][gc,heap     ] GC(19) Allocated:         -                34M (0%)           50M (1%)           50M (1%)             -                  -          
[43.481s][info][gc,heap     ] GC(19)   Garbage:         -              2825M (34%)          13M (0%)            7M (0%)             -                  -          
[43.481s][info][gc,heap     ] GC(19) Reclaimed:         -                  -              2812M (34%)        2818M (34%)            -                  -          
[43.481s][info][gc          ] GC(19) Garbage Collection (Proactive) 2958M(36%)->190M(2%)
[46.040s][info][gc,start    ] GC(20) Garbage Collection (Proactive)
[46.040s][info][gc,phases   ] GC(20) Pause Mark Start 0.028ms
[46.063s][info][gc,phases   ] GC(20) Concurrent Mark 22.844ms
[46.063s][info][gc,phases   ] GC(20) Pause Mark End 0.008ms
[46.064s][info][gc,phases   ] GC(20) Concurrent Process Non-Strong References 0.402ms
[46.064s][info][gc,phases   ] GC(20) Concurrent Reset Relocation Set 0.001ms
[46.067s][info][gc,phases   ] GC(20) Concurrent Select Relocation Set 2.848ms
[46.067s][info][gc,phases   ] GC(20) Pause Relocate Start 0.004ms
[46.069s][info][gc,phases   ] GC(20) Concurrent Relocate 1.533ms
[46.069s][info][gc,load     ] GC(20) Load: 3.20/3.66/3.63
[46.069s][info][gc,mmu      ] GC(20) MMU: 2ms/98.6%, 5ms/99.4%, 10ms/99.7%, 20ms/99.9%, 50ms/99.9%, 100ms/100.0%
[46.069s][info][gc,marking  ] GC(20) Mark: 2 stripe(s), 2 proactive flush(es), 1 terminate flush(es), 0 completion(s), 0 continuation(s) 
[46.069s][info][gc,nmethod  ] GC(20) NMethods: 475 registered, 0 unregistered
[46.069s][info][gc,metaspace] GC(20) Metaspace: 0M used, 0M committed, 1032M reserved
[46.069s][info][gc,ref      ] GC(20) Soft: 82 encountered, 0 discovered, 0 enqueued
[46.069s][info][gc,ref      ] GC(20) Weak: 200 encountered, 167 discovered, 0 enqueued
[46.069s][info][gc,ref      ] GC(20) Final: 0 encountered, 0 discovered, 0 enqueued
[46.069s][info][gc,ref      ] GC(20) Phantom: 5 encountered, 3 discovered, 0 enqueued
[46.069s][info][gc,reloc    ] GC(20) Small Pages: 1427 / 2854M, Empty: 2708M, Relocated: 8M, In-Place: 0
[46.069s][info][gc,reloc    ] GC(20) Medium Pages: 0 / 0M, Empty: 0M, Relocated: 0M, In-Place: 0
[46.069s][info][gc,reloc    ] GC(20) Large Pages: 0 / 0M, Empty: 0M, Relocated: 0M, In-Place: 0
[46.069s][info][gc,reloc    ] GC(20) Forwarding Usage: 0M
[46.069s][info][gc,heap     ] GC(20) Min Capacity: 8192M(100%)
[46.069s][info][gc,heap     ] GC(20) Max Capacity: 8192M(100%)
[46.069s][info][gc,heap     ] GC(20) Soft Max Capacity: 8192M(100%)
[46.069s][info][gc,heap     ] GC(20)                Mark Start          Mark End        Relocate Start      Relocate End           High               Low         
[46.069s][info][gc,heap     ] GC(20)  Capacity:     8192M (100%)       8192M (100%)       8192M (100%)       8192M (100%)       8192M (100%)       8192M (100%)   
[46.069s][info][gc,heap     ] GC(20)      Free:     5338M (65%)        5312M (65%)        8012M (98%)        8014M (98%)        8016M (98%)        5312M (65%)    
[46.069s][info][gc,heap     ] GC(20)      Used:     2854M (35%)        2880M (35%)         180M (2%)          178M (2%)         2880M (35%)         176M (2%)     
[46.069s][info][gc,heap     ] GC(20)      Live:         -               132M (2%)          132M (2%)          132M (2%)             -                  -          
[46.069s][info][gc,heap     ] GC(20) Allocated:         -                26M (0%)           34M (0%)           38M (0%)             -                  -          
[46.069s][info][gc,heap     ] GC(20)   Garbage:         -              2721M (33%)          13M (0%)            7M (0%)             -                  -          
[46.069s][info][gc,heap     ] GC(20) Reclaimed:         -                  -              2708M (33%)        2714M (33%)            -                  -          
[46.069s][info][gc          ] GC(20) Garbage Collection (Proactive) 2854M(35%)->178M(2%)
[48.540s][info][gc,start    ] GC(21) Garbage Collection (Proactive)
[48.540s][info][gc,phases   ] GC(21) Pause Mark Start 0.005ms
[48.574s][info][gc,phases   ] GC(21) Concurrent Mark 33.893ms
[48.574s][info][gc,phases   ] GC(21) Pause Mark End 0.008ms
[48.574s][info][gc,phases   ] GC(21) Concurrent Process Non-Strong References 0.400ms
[48.574s][info][gc,phases   ] GC(21) Concurrent Reset Relocation Set 0.002ms
[48.577s][info][gc,phases   ] GC(21) Concurrent Select Relocation Set 2.822ms
[48.577s][info][gc,phases   ] GC(21) Pause Relocate Start 0.004ms
[48.579s][info][gc,phases   ] GC(21) Concurrent Relocate 1.267ms
[48.579s][info][gc,load     ] GC(21) Load: 3.20/3.66/3.63
[48.579s][info][gc,mmu      ] GC(21) MMU: 2ms/98.6%, 5ms/99.4%, 10ms/99.7%, 20ms/99.9%, 50ms/99.9%, 100ms/100.0%
[48.579s][info][gc,marking  ] GC(21) Mark: 2 stripe(s), 2 proactive flush(es), 1 terminate flush(es), 0 completion(s), 0 continuation(s) 
[48.579s][info][gc,nmethod  ] GC(21) NMethods: 475 registered, 0 unregistered
[48.579s][info][gc,metaspace] GC(21) Metaspace: 0M used, 0M committed, 1032M reserved
[48.579s][info][gc,ref      ] GC(21) Soft: 82 encountered, 0 discovered, 0 enqueued
[48.579s][info][gc,ref      ] GC(21) Weak: 200 encountered, 170 discovered, 0 enqueued
[48.579s][info][gc,ref      ] GC(21) Final: 0 encountered, 0 discovered, 0 enqueued
[48.579s][info][gc,ref      ] GC(21) Phantom: 5 encountered, 5 discovered, 0 enqueued
[48.579s][info][gc,reloc    ] GC(21) Small Pages: 1376 / 2752M, Empty: 2600M, Relocated: 6M, In-Place: 0
[48.579s][info][gc,reloc    ] GC(21) Medium Pages: 0 / 0M, Empty: 0M, Relocated: 0M, In-Place: 0
[48.579s][info][gc,reloc    ] GC(21) Large Pages: 0 / 0M, Empty: 0M, Relocated: 0M, In-Place: 0
[48.579s][info][gc,reloc    ] GC(21) Forwarding Usage: 0M
[48.579s][info][gc,heap     ] GC(21) Min Capacity: 8192M(100%)
[48.579s][info][gc,heap     ] GC(21) Max Capacity: 8192M(100%)
[48.579s][info][gc,heap     ] GC(21) Soft Max Capacity: 8192M(100%)
[48.579s][info][gc,heap     ] GC(21)                Mark Start          Mark End        Relocate Start      Relocate End           High               Low         
[48.579s][info][gc,heap     ] GC(21)  Capacity:     8192M (100%)       8192M (100%)       8192M (100%)       8192M (100%)       8192M (100%)       8192M (100%)   
[48.579s][info][gc,heap     ] GC(21)      Free:     5440M (66%)        5406M (66%)        7996M (98%)        8004M (98%)        8004M (98%)        5406M (66%)    
[48.579s][info][gc,heap     ] GC(21)      Used:     2752M (34%)        2786M (34%)         196M (2%)          188M (2%)         2786M (34%)         188M (2%)     
[48.579s][info][gc,heap     ] GC(21)      Live:         -               132M (2%)          132M (2%)          132M (2%)             -                  -          
[48.579s][info][gc,heap     ] GC(21) Allocated:         -                34M (0%)           44M (1%)           50M (1%)             -                  -          
[48.579s][info][gc,heap     ] GC(21)   Garbage:         -              2619M (32%)          19M (0%)            5M (0%)             -                  -          
[48.579s][info][gc,heap     ] GC(21) Reclaimed:         -                  -              2600M (32%)        2614M (32%)            -                  -          
[48.579s][info][gc          ] GC(21) Garbage Collection (Proactive) 2752M(34%)->188M(2%)
[50.040s][info][gc,stats    ] === Garbage Collection Statistics =======================================================================================================================
[50.040s][info][gc,stats    ]                                                              Last 10s              Last 10m              Last 10h                Total
[50.040s][info][gc,stats    ]                                                              Avg / Max             Avg / Max             Avg / Max             Avg / Max
[50.040s][info][gc,stats    ]   Collector: Garbage Collection Cycle                     36.955 / 41.094       41.463 / 95.920       41.463 / 95.920       41.463 / 95.920      ms
[50.040s][info][gc,stats    ]  Contention: Mark Segment Reset Contention                     0 / 0                 0 / 4                 0 / 4                 0 / 4           ops/s
[50.040s][info][gc,stats    ]  Contention: Mark SeqNum Reset Contention                      0 / 0                 0 / 0                 0 / 0                 0 / 0           ops/s
[50.040s][info][gc,stats    ]    Critical: Allocation Stall                                  0 / 0                 0 / 0                 0 / 0                 0 / 0           ops/s
[50.040s][info][gc,stats    ]    Critical: Allocation Stall                              0.000 / 0.000         0.000 / 0.000         0.000 / 0.000         0.000 / 0.000       ms
[50.040s][info][gc,stats    ]    Critical: GC Locker Stall                                   0 / 0                 0 / 0                 0 / 0                 0 / 0           ops/s
[50.040s][info][gc,stats    ]    Critical: GC Locker Stall                               0.000 / 0.000         0.000 / 0.000         0.000 / 0.000         0.000 / 0.000       ms
[50.040s][info][gc,stats    ]    Critical: Relocation Stall                                  0 / 0                 0 / 0                 0 / 0                 0 / 0           ops/s
[50.040s][info][gc,stats    ]    Critical: Relocation Stall                              0.000 / 0.000         0.000 / 0.000         0.000 / 0.000         0.000 / 0.000       ms
[50.040s][info][gc,stats    ]      Memory: Allocation Rate                                1044 / 1050           1208 / 9212           1208 / 9212           1208 / 9212        MB/s
[50.040s][info][gc,stats    ]      Memory: Out Of Memory                                     0 / 0                 0 / 0                 0 / 0                 0 / 0           ops/s
[50.040s][info][gc,stats    ]      Memory: Page Cache Flush                                  0 / 0                 0 / 0                 0 / 0                 0 / 0           MB/s
[50.040s][info][gc,stats    ]      Memory: Page Cache Hit L1                               524 / 531             490 / 532             490 / 532             490 / 532         ops/s
[50.040s][info][gc,stats    ]      Memory: Page Cache Hit L2                                 0 / 0                 0 / 0                 0 / 0                 0 / 0           ops/s
[50.040s][info][gc,stats    ]      Memory: Page Cache Hit L3                                 0 / 0                34 / 486              34 / 486              34 / 486         ops/s
[50.040s][info][gc,stats    ]      Memory: Page Cache Miss                                   0 / 0                 0 / 1                 0 / 1                 0 / 1           ops/s
[50.040s][info][gc,stats    ]      Memory: Uncommit                                          0 / 0                 0 / 0                 0 / 0                 0 / 0           MB/s
[50.040s][info][gc,stats    ]      Memory: Undo Object Allocation Failed                     0 / 0                 0 / 0                 0 / 0                 0 / 0           ops/s
[50.040s][info][gc,stats    ]      Memory: Undo Object Allocation Succeeded                  0 / 4                 0 / 5                 0 / 5                 0 / 5           ops/s
[50.040s][info][gc,stats    ]      Memory: Undo Page Allocation                              0 / 0                 0 / 1                 0 / 1                 0 / 1           ops/s
[50.040s][info][gc,stats    ]       Phase: Concurrent Mark                              31.680 / 35.632       34.822 / 65.214       34.822 / 65.214       34.822 / 65.214      ms
[50.040s][info][gc,stats    ]       Phase: Concurrent Mark Continue                      0.000 / 0.000         0.000 / 0.000         0.000 / 0.000         0.000 / 0.000       ms
[50.040s][info][gc,stats    ]       Phase: Concurrent Process Non-Strong References      0.505 / 0.622         0.483 / 0.804         0.483 / 0.804         0.483 / 0.804       ms
[50.040s][info][gc,stats    ]       Phase: Concurrent Relocate                           1.191 / 1.533         2.173 / 16.651        2.173 / 16.651        2.173 / 16.651      ms
[50.040s][info][gc,stats    ]       Phase: Concurrent Reset Relocation Set               0.002 / 0.002         0.007 / 0.098         0.007 / 0.098         0.007 / 0.098       ms
[50.040s][info][gc,stats    ]       Phase: Concurrent Select Relocation Set              2.936 / 3.063         3.365 / 12.567        3.365 / 12.567        3.365 / 12.567      ms
[50.040s][info][gc,stats    ]       Phase: Pause Mark End                                0.008 / 0.008         0.009 / 0.010         0.009 / 0.010         0.009 / 0.010       ms
[50.040s][info][gc,stats    ]       Phase: Pause Mark Start                              0.015 / 0.028         0.007 / 0.028         0.007 / 0.028         0.007 / 0.028       ms
[50.040s][info][gc,stats    ]       Phase: Pause Relocate Start                          0.004 / 0.004         0.005 / 0.007         0.005 / 0.007         0.005 / 0.007       ms
[50.040s][info][gc,stats    ]    Subphase: Concurrent Classes Purge                      0.033 / 0.042         0.029 / 0.053         0.029 / 0.053         0.029 / 0.053       ms
[50.040s][info][gc,stats    ]    Subphase: Concurrent Classes Unlink                     0.300 / 0.372         0.295 / 0.399         0.295 / 0.399         0.295 / 0.399       ms
[50.040s][info][gc,stats    ]    Subphase: Concurrent Mark                              30.998 / 35.366       34.114 / 64.907       34.114 / 64.907       34.114 / 64.907      ms
[50.040s][info][gc,stats    ]    Subphase: Concurrent Mark Idle                          1.154 / 1.258         1.142 / 1.290         1.142 / 1.290         1.142 / 1.290       ms
[50.040s][info][gc,stats    ]    Subphase: Concurrent Mark Try Flush                     0.027 / 0.038         0.043 / 0.119         0.043 / 0.119         0.043 / 0.119       ms
[50.040s][info][gc,stats    ]    Subphase: Concurrent Mark Try Terminate                 0.451 / 1.259         0.447 / 1.291         0.447 / 1.291         0.447 / 1.291       ms
[50.040s][info][gc,stats    ]    Subphase: Concurrent References Enqueue                 0.000 / 0.000         0.000 / 0.003         0.000 / 0.003         0.000 / 0.003       ms
[50.040s][info][gc,stats    ]    Subphase: Concurrent References Process                 0.046 / 0.089         0.035 / 0.089         0.035 / 0.089         0.035 / 0.089       ms
[50.040s][info][gc,stats    ]    Subphase: Concurrent Roots ClassLoaderDataGraph         0.013 / 0.027         0.018 / 0.132         0.018 / 0.132         0.018 / 0.132       ms
[50.040s][info][gc,stats    ]    Subphase: Concurrent Roots CodeCache                    0.000 / 0.000         0.000 / 0.000         0.000 / 0.000         0.000 / 0.000       ms
[50.040s][info][gc,stats    ]    Subphase: Concurrent Roots JavaThreads                  0.172 / 0.190         0.190 / 0.277         0.190 / 0.277         0.190 / 0.277       ms
[50.040s][info][gc,stats    ]    Subphase: Concurrent Roots OopStorageSet                0.004 / 0.005         0.004 / 0.009         0.004 / 0.009         0.004 / 0.009       ms
[50.040s][info][gc,stats    ]    Subphase: Concurrent Weak Roots OopStorageSet           0.042 / 0.065         0.044 / 0.120         0.044 / 0.120         0.044 / 0.120       ms
[50.040s][info][gc,stats    ]    Subphase: Pause Mark Try Complete                       0.000 / 0.000         0.000 / 0.000         0.000 / 0.000         0.000 / 0.000       ms
[50.040s][info][gc,stats    ]      System: Java Threads                                     16 / 16               16 / 20               16 / 20               16 / 20          threads
[50.040s][info][gc,stats    ] =========================================================================================================================================================
[51.140s][info][gc,start    ] GC(22) Garbage Collection (Proactive)
[51.140s][info][gc,phases   ] GC(22) Pause Mark Start 0.005ms
[51.174s][info][gc,phases   ] GC(22) Concurrent Mark 33.736ms
[51.174s][info][gc,phases   ] GC(22) Pause Mark End 0.008ms
[51.174s][info][gc,phases   ] GC(22) Concurrent Process Non-Strong References 0.409ms
[51.175s][info][gc,phases   ] GC(22) Concurrent Reset Relocation Set 0.002ms
[51.177s][info][gc,phases   ] GC(22) Concurrent Select Relocation Set 2.786ms
[51.178s][info][gc,phases   ] GC(22) Pause Relocate Start 0.004ms
[51.179s][info][gc,phases   ] GC(22) Concurrent Relocate 1.484ms
[51.179s][info][gc,load     ] GC(22) Load: 3.42/3.70/3.64
[51.179s][info][gc,mmu      ] GC(22) MMU: 2ms/98.6%, 5ms/99.4%, 10ms/99.7%, 20ms/99.9%, 50ms/99.9%, 100ms/100.0%
[51.179s][info][gc,marking  ] GC(22) Mark: 2 stripe(s), 2 proactive flush(es), 1 terminate flush(es), 0 completion(s), 0 continuation(s) 
[51.179s][info][gc,nmethod  ] GC(22) NMethods: 475 registered, 0 unregistered
[51.179s][info][gc,metaspace] GC(22) Metaspace: 0M used, 0M committed, 1032M reserved
[51.179s][info][gc,ref      ] GC(22) Soft: 82 encountered, 0 discovered, 0 enqueued
[51.179s][info][gc,ref      ] GC(22) Weak: 200 encountered, 170 discovered, 0 enqueued
[51.179s][info][gc,ref      ] GC(22) Final: 0 encountered, 0 discovered, 0 enqueued
[51.179s][info][gc,ref      ] GC(22) Phantom: 5 encountered, 5 discovered, 0 enqueued
[51.179s][info][gc,reloc    ] GC(22) Small Pages: 1426 / 2852M, Empty: 2700M, Relocated: 8M, In-Place: 0
[51.179s][info][gc,reloc    ] GC(22) Medium Pages: 0 / 0M, Empty: 0M, Relocated: 0M, In-Place: 0
[51.179s][info][gc,reloc    ] GC(22) Large Pages: 0 / 0M, Empty: 0M, Relocated: 0M, In-Place: 0
[51.179s][info][gc,reloc    ] GC(22) Forwarding Usage: 0M
[51.179s][info][gc,heap     ] GC(22) Min Capacity: 8192M(100%)
[51.179s][info][gc,heap     ] GC(22) Max Capacity: 8192M(100%)
[51.179s][info][gc,heap     ] GC(22) Soft Max Capacity: 8192M(100%)
[51.179s][info][gc,heap     ] GC(22)                Mark Start          Mark End        Relocate Start      Relocate End           High               Low         
[51.179s][info][gc,heap     ] GC(22)  Capacity:     8192M (100%)       8192M (100%)       8192M (100%)       8192M (100%)       8192M (100%)       8192M (100%)   
[51.179s][info][gc,heap     ] GC(22)      Free:     5340M (65%)        5306M (65%)        7992M (98%)        8002M (98%)        8002M (98%)        5306M (65%)    
[51.179s][info][gc,heap     ] GC(22)      Used:     2852M (35%)        2886M (35%)         200M (2%)          190M (2%)         2886M (35%)         190M (2%)     
[51.179s][info][gc,heap     ] GC(22)      Live:         -               132M (2%)          132M (2%)          132M (2%)             -                  -          
[51.179s][info][gc,heap     ] GC(22) Allocated:         -                34M (0%)           48M (1%)           50M (1%)             -                  -          
[51.179s][info][gc,heap     ] GC(22)   Garbage:         -              2719M (33%)          19M (0%)            7M (0%)             -                  -          
[51.179s][info][gc,heap     ] GC(22) Reclaimed:         -                  -              2700M (33%)        2712M (33%)            -                  -          
[51.179s][info][gc          ] GC(22) Garbage Collection (Proactive) 2852M(35%)->190M(2%)
[53.541s][info][gc,start    ] GC(23) Garbage Collection (Proactive)
[53.541s][info][gc,phases   ] GC(23) Pause Mark Start 0.004ms
[53.564s][info][gc,phases   ] GC(23) Concurrent Mark 23.336ms
[53.564s][info][gc,phases   ] GC(23) Pause Mark End 0.025ms
[53.565s][info][gc,phases   ] GC(23) Concurrent Process Non-Strong References 0.911ms
[53.565s][info][gc,phases   ] GC(23) Concurrent Reset Relocation Set 0.002ms
[53.569s][info][gc,phases   ] GC(23) Concurrent Select Relocation Set 3.277ms
[53.569s][info][gc,phases   ] GC(23) Pause Relocate Start 0.005ms
[53.570s][info][gc,phases   ] GC(23) Concurrent Relocate 1.282ms
[53.570s][info][gc,load     ] GC(23) Load: 3.42/3.70/3.64
[53.570s][info][gc,mmu      ] GC(23) MMU: 2ms/98.6%, 5ms/99.4%, 10ms/99.7%, 20ms/99.8%, 50ms/99.9%, 100ms/100.0%
[53.570s][info][gc,marking  ] GC(23) Mark: 2 stripe(s), 2 proactive flush(es), 1 terminate flush(es), 0 completion(s), 0 continuation(s) 
[53.570s][info][gc,nmethod  ] GC(23) NMethods: 475 registered, 0 unregistered
[53.570s][info][gc,metaspace] GC(23) Metaspace: 0M used, 0M committed, 1032M reserved
[53.570s][info][gc,ref      ] GC(23) Soft: 82 encountered, 0 discovered, 0 enqueued
[53.570s][info][gc,ref      ] GC(23) Weak: 200 encountered, 170 discovered, 0 enqueued
[53.570s][info][gc,ref      ] GC(23) Final: 0 encountered, 0 discovered, 0 enqueued
[53.570s][info][gc,ref      ] GC(23) Phantom: 5 encountered, 3 discovered, 0 enqueued
[53.570s][info][gc,reloc    ] GC(23) Small Pages: 1323 / 2646M, Empty: 2496M, Relocated: 8M, In-Place: 0
[53.570s][info][gc,reloc    ] GC(23) Medium Pages: 0 / 0M, Empty: 0M, Relocated: 0M, In-Place: 0
[53.570s][info][gc,reloc    ] GC(23) Large Pages: 0 / 0M, Empty: 0M, Relocated: 0M, In-Place: 0
[53.570s][info][gc,reloc    ] GC(23) Forwarding Usage: 0M
[53.570s][info][gc,heap     ] GC(23) Min Capacity: 8192M(100%)
[53.570s][info][gc,heap     ] GC(23) Max Capacity: 8192M(100%)
[53.570s][info][gc,heap     ] GC(23) Soft Max Capacity: 8192M(100%)
[53.570s][info][gc,heap     ] GC(23)                Mark Start          Mark End        Relocate Start      Relocate End           High               Low         
[53.570s][info][gc,heap     ] GC(23)  Capacity:     8192M (100%)       8192M (100%)       8192M (100%)       8192M (100%)       8192M (100%)       8192M (100%)   
[53.570s][info][gc,heap     ] GC(23)      Free:     5546M (68%)        5520M (67%)        8006M (98%)        8014M (98%)        8014M (98%)        5520M (67%)    
[53.570s][info][gc,heap     ] GC(23)      Used:     2646M (32%)        2672M (33%)         186M (2%)          178M (2%)         2672M (33%)         178M (2%)     
[53.570s][info][gc,heap     ] GC(23)      Live:         -               132M (2%)          132M (2%)          132M (2%)             -                  -          
[53.570s][info][gc,heap     ] GC(23) Allocated:         -                26M (0%)           36M (0%)           38M (0%)             -                  -          
[53.570s][info][gc,heap     ] GC(23)   Garbage:         -              2513M (31%)          17M (0%)            7M (0%)             -                  -          
[53.570s][info][gc,heap     ] GC(23) Reclaimed:         -                  -              2496M (30%)        2506M (31%)            -                  -          
[53.570s][info][gc          ] GC(23) Garbage Collection (Proactive) 2646M(32%)->178M(2%)
[55.939s][info][gc,start    ] GC(24) Garbage Collection (Proactive)
[55.939s][info][gc,phases   ] GC(24) Pause Mark Start 0.005ms
[55.962s][info][gc,phases   ] GC(24) Concurrent Mark 22.746ms
[55.962s][info][gc,phases   ] GC(24) Pause Mark End 0.008ms
[55.963s][info][gc,phases   ] GC(24) Concurrent Process Non-Strong References 0.412ms
[55.963s][info][gc,phases   ] GC(24) Concurrent Reset Relocation Set 0.002ms
[55.965s][info][gc,phases   ] GC(24) Concurrent Select Relocation Set 2.776ms
[55.965s][info][gc,phases   ] GC(24) Pause Relocate Start 0.004ms
[55.967s][info][gc,phases   ] GC(24) Concurrent Relocate 1.117ms
[55.967s][info][gc,load     ] GC(24) Load: 3.23/3.66/3.62
[55.967s][info][gc,mmu      ] GC(24) MMU: 2ms/98.6%, 5ms/99.4%, 10ms/99.7%, 20ms/99.8%, 50ms/99.9%, 100ms/100.0%
[55.967s][info][gc,marking  ] GC(24) Mark: 2 stripe(s), 2 proactive flush(es), 1 terminate flush(es), 0 completion(s), 0 continuation(s) 
[55.967s][info][gc,nmethod  ] GC(24) NMethods: 475 registered, 0 unregistered
[55.967s][info][gc,metaspace] GC(24) Metaspace: 0M used, 0M committed, 1032M reserved
[55.967s][info][gc,ref      ] GC(24) Soft: 82 encountered, 0 discovered, 0 enqueued
[55.967s][info][gc,ref      ] GC(24) Weak: 200 encountered, 53 discovered, 0 enqueued
[55.967s][info][gc,ref      ] GC(24) Final: 0 encountered, 0 discovered, 0 enqueued
[55.967s][info][gc,ref      ] GC(24) Phantom: 5 encountered, 5 discovered, 0 enqueued
[55.967s][info][gc,reloc    ] GC(24) Small Pages: 1323 / 2646M, Empty: 2498M, Relocated: 6M, In-Place: 0
[55.967s][info][gc,reloc    ] GC(24) Medium Pages: 0 / 0M, Empty: 0M, Relocated: 0M, In-Place: 0
[55.967s][info][gc,reloc    ] GC(24) Large Pages: 0 / 0M, Empty: 0M, Relocated: 0M, In-Place: 0
[55.967s][info][gc,reloc    ] GC(24) Forwarding Usage: 0M
[55.967s][info][gc,heap     ] GC(24) Min Capacity: 8192M(100%)
[55.967s][info][gc,heap     ] GC(24) Max Capacity: 8192M(100%)
[55.967s][info][gc,heap     ] GC(24) Soft Max Capacity: 8192M(100%)
[55.967s][info][gc,heap     ] GC(24)                Mark Start          Mark End        Relocate Start      Relocate End           High               Low         
[55.967s][info][gc,heap     ] GC(24)  Capacity:     8192M (100%)       8192M (100%)       8192M (100%)       8192M (100%)       8192M (100%)       8192M (100%)   
[55.967s][info][gc,heap     ] GC(24)      Free:     5546M (68%)        5520M (67%)        8018M (98%)        8020M (98%)        8022M (98%)        5520M (67%)    
[55.967s][info][gc,heap     ] GC(24)      Used:     2646M (32%)        2672M (33%)         174M (2%)          172M (2%)         2672M (33%)         170M (2%)     
[55.967s][info][gc,heap     ] GC(24)      Live:         -               132M (2%)          132M (2%)          132M (2%)             -                  -          
[55.967s][info][gc,heap     ] GC(24) Allocated:         -                26M (0%)           26M (0%)           34M (0%)             -                  -          
[55.967s][info][gc,heap     ] GC(24)   Garbage:         -              2513M (31%)          15M (0%)            5M (0%)             -                  -          
[55.967s][info][gc,heap     ] GC(24) Reclaimed:         -                  -              2498M (30%)        2508M (31%)            -                  -          
[55.967s][info][gc          ] GC(24) Garbage Collection (Proactive) 2646M(32%)->172M(2%)
[57.940s][info][gc,start    ] GC(25) Garbage Collection (Proactive)
[57.941s][info][gc,phases   ] GC(25) Pause Mark Start 0.005ms
[57.978s][info][gc,phases   ] GC(25) Concurrent Mark 37.429ms
[57.978s][info][gc,phases   ] GC(25) Pause Mark End 0.008ms
[57.979s][info][gc,phases   ] GC(25) Concurrent Process Non-Strong References 0.449ms
[57.979s][info][gc,phases   ] GC(25) Concurrent Reset Relocation Set 0.002ms
[57.982s][info][gc,phases   ] GC(25) Concurrent Select Relocation Set 2.738ms
[57.982s][info][gc,phases   ] GC(25) Pause Relocate Start 0.004ms
[57.982s][info][gc,phases   ] GC(25) Concurrent Relocate 0.685ms
[57.982s][info][gc,load     ] GC(25) Load: 3.23/3.66/3.62
[57.982s][info][gc,mmu      ] GC(25) MMU: 2ms/98.6%, 5ms/99.4%, 10ms/99.7%, 20ms/99.8%, 50ms/99.9%, 100ms/100.0%
[57.982s][info][gc,marking  ] GC(25) Mark: 2 stripe(s), 2 proactive flush(es), 1 terminate flush(es), 0 completion(s), 0 continuation(s) 
[57.982s][info][gc,nmethod  ] GC(25) NMethods: 475 registered, 0 unregistered
[57.982s][info][gc,metaspace] GC(25) Metaspace: 0M used, 0M committed, 1032M reserved
[57.982s][info][gc,ref      ] GC(25) Soft: 82 encountered, 0 discovered, 0 enqueued
[57.982s][info][gc,ref      ] GC(25) Weak: 200 encountered, 61 discovered, 0 enqueued
[57.982s][info][gc,ref      ] GC(25) Final: 0 encountered, 0 discovered, 0 enqueued
[57.982s][info][gc,ref      ] GC(25) Phantom: 5 encountered, 5 discovered, 0 enqueued
[57.982s][info][gc,reloc    ] GC(25) Small Pages: 1114 / 2228M, Empty: 2074M, Relocated: 4M, In-Place: 0
[57.982s][info][gc,reloc    ] GC(25) Medium Pages: 0 / 0M, Empty: 0M, Relocated: 0M, In-Place: 0
[57.983s][info][gc,reloc    ] GC(25) Large Pages: 0 / 0M, Empty: 0M, Relocated: 0M, In-Place: 0
[57.983s][info][gc,reloc    ] GC(25) Forwarding Usage: 0M
[57.983s][info][gc,heap     ] GC(25) Min Capacity: 8192M(100%)
[57.983s][info][gc,heap     ] GC(25) Max Capacity: 8192M(100%)
[57.983s][info][gc,heap     ] GC(25) Soft Max Capacity: 8192M(100%)
[57.983s][info][gc,heap     ] GC(25)                Mark Start          Mark End        Relocate Start      Relocate End           High               Low         
[57.983s][info][gc,heap     ] GC(25)  Capacity:     8192M (100%)       8192M (100%)       8192M (100%)       8192M (100%)       8192M (100%)       8192M (100%)   
[57.983s][info][gc,heap     ] GC(25)      Free:     5964M (73%)        5918M (72%)        7988M (98%)        8002M (98%)        8002M (98%)        5914M (72%)    
[57.983s][info][gc,heap     ] GC(25)      Used:     2228M (27%)        2274M (28%)         204M (2%)          190M (2%)         2278M (28%)         190M (2%)     
[57.983s][info][gc,heap     ] GC(25)      Live:         -               132M (2%)          132M (2%)          132M (2%)             -                  -          
[57.983s][info][gc,heap     ] GC(25) Allocated:         -                46M (1%)           50M (1%)           50M (1%)             -                  -          
[57.983s][info][gc,heap     ] GC(25)   Garbage:         -              2095M (26%)          21M (0%)            7M (0%)             -                  -          
[57.983s][info][gc,heap     ] GC(25) Reclaimed:         -                  -              2074M (25%)        2088M (25%)            -                  -          
[57.983s][info][gc          ] GC(25) Garbage Collection (Proactive) 2228M(27%)->190M(2%)
[60.040s][info][gc,stats    ] === Garbage Collection Statistics =======================================================================================================================
[60.040s][info][gc,stats    ]                                                              Last 10s              Last 10m              Last 10h                Total
[60.040s][info][gc,stats    ]                                                              Avg / Max             Avg / Max             Avg / Max             Avg / Max
[60.040s][info][gc,stats    ]   Collector: Garbage Collection Cycle                     34.515 / 41.932       40.394 / 95.920       40.394 / 95.920       40.394 / 95.920      ms
[60.040s][info][gc,stats    ]  Contention: Mark Segment Reset Contention                     0 / 0                 0 / 4                 0 / 4                 0 / 4           ops/s
[60.040s][info][gc,stats    ]  Contention: Mark SeqNum Reset Contention                      0 / 0                 0 / 0                 0 / 0                 0 / 0           ops/s
[60.040s][info][gc,stats    ]    Critical: Allocation Stall                                  0 / 0                 0 / 0                 0 / 0                 0 / 0           ops/s
[60.040s][info][gc,stats    ]    Critical: Allocation Stall                              0.000 / 0.000         0.000 / 0.000         0.000 / 0.000         0.000 / 0.000       ms
[60.040s][info][gc,stats    ]    Critical: GC Locker Stall                                   0 / 0                 0 / 0                 0 / 0                 0 / 0           ops/s
[60.040s][info][gc,stats    ]    Critical: GC Locker Stall                               0.000 / 0.000         0.000 / 0.000         0.000 / 0.000         0.000 / 0.000       ms
[60.040s][info][gc,stats    ]    Critical: Relocation Stall                                  0 / 0                 0 / 0                 0 / 0                 0 / 0           ops/s
[60.040s][info][gc,stats    ]    Critical: Relocation Stall                              0.000 / 0.000         0.000 / 0.000         0.000 / 0.000         0.000 / 0.000       ms
[60.040s][info][gc,stats    ]      Memory: Allocation Rate                                1044 / 1050           1180 / 9212           1180 / 9212           1180 / 9212        MB/s
[60.040s][info][gc,stats    ]      Memory: Out Of Memory                                     0 / 0                 0 / 0                 0 / 0                 0 / 0           ops/s
[60.040s][info][gc,stats    ]      Memory: Page Cache Flush                                  0 / 0                 0 / 0                 0 / 0                 0 / 0           MB/s
[60.040s][info][gc,stats    ]      Memory: Page Cache Hit L1                               524 / 531             496 / 532             496 / 532             496 / 532         ops/s
[60.040s][info][gc,stats    ]      Memory: Page Cache Hit L2                                 0 / 0                 0 / 0                 0 / 0                 0 / 0           ops/s
[60.040s][info][gc,stats    ]      Memory: Page Cache Hit L3                                 0 / 0                28 / 486              28 / 486              28 / 486         ops/s
[60.040s][info][gc,stats    ]      Memory: Page Cache Miss                                   0 / 0                 0 / 1                 0 / 1                 0 / 1           ops/s
[60.040s][info][gc,stats    ]      Memory: Uncommit                                          0 / 0                 0 / 0                 0 / 0                 0 / 0           MB/s
[60.040s][info][gc,stats    ]      Memory: Undo Object Allocation Failed                     0 / 0                 0 / 0                 0 / 0                 0 / 0           ops/s
[60.040s][info][gc,stats    ]      Memory: Undo Object Allocation Succeeded                  1 / 4                 0 / 5                 0 / 5                 0 / 5           ops/s
[60.040s][info][gc,stats    ]      Memory: Undo Page Allocation                              0 / 0                 0 / 1                 0 / 1                 0 / 1           ops/s
[60.040s][info][gc,stats    ]       Phase: Concurrent Mark                              29.312 / 37.429       33.974 / 65.214       33.974 / 65.214       33.974 / 65.214      ms
[60.040s][info][gc,stats    ]       Phase: Concurrent Mark Continue                      0.000 / 0.000         0.000 / 0.000         0.000 / 0.000         0.000 / 0.000       ms
[60.040s][info][gc,stats    ]       Phase: Concurrent Process Non-Strong References      0.545 / 0.911         0.493 / 0.911         0.493 / 0.911         0.493 / 0.911       ms
[60.040s][info][gc,stats    ]       Phase: Concurrent Relocate                           1.142 / 1.484         2.015 / 16.651        2.015 / 16.651        2.015 / 16.651      ms
[60.040s][info][gc,stats    ]       Phase: Concurrent Reset Relocation Set               0.002 / 0.002         0.006 / 0.098         0.006 / 0.098         0.006 / 0.098       ms
[60.040s][info][gc,stats    ]       Phase: Concurrent Select Relocation Set              2.894 / 3.277         3.293 / 12.567        3.293 / 12.567        3.293 / 12.567      ms
[60.040s][info][gc,stats    ]       Phase: Pause Mark End                                0.012 / 0.025         0.009 / 0.025         0.009 / 0.025         0.009 / 0.025       ms
[60.040s][info][gc,stats    ]       Phase: Pause Mark Start                              0.005 / 0.005         0.007 / 0.028         0.007 / 0.028         0.007 / 0.028       ms
[60.040s][info][gc,stats    ]       Phase: Pause Relocate Start                          0.004 / 0.005         0.004 / 0.007         0.004 / 0.007         0.004 / 0.007       ms
[60.040s][info][gc,stats    ]    Subphase: Concurrent Classes Purge                      0.044 / 0.102         0.032 / 0.102         0.032 / 0.102         0.032 / 0.102       ms
[60.040s][info][gc,stats    ]    Subphase: Concurrent Classes Unlink                     0.337 / 0.495         0.301 / 0.495         0.301 / 0.495         0.301 / 0.495       ms
[60.040s][info][gc,stats    ]    Subphase: Concurrent Mark                              28.576 / 37.194       33.262 / 64.907       33.262 / 64.907       33.262 / 64.907      ms
[60.040s][info][gc,stats    ]    Subphase: Concurrent Mark Idle                          1.238 / 1.287         1.157 / 1.290         1.157 / 1.290         1.157 / 1.290       ms
[60.040s][info][gc,stats    ]    Subphase: Concurrent Mark Try Flush                     0.050 / 0.085         0.044 / 0.119         0.044 / 0.119         0.044 / 0.119       ms
[60.040s][info][gc,stats    ]    Subphase: Concurrent Mark Try Terminate                 0.490 / 1.288         0.454 / 1.291         0.454 / 1.291         0.454 / 1.291       ms
[60.040s][info][gc,stats    ]    Subphase: Concurrent References Enqueue                 0.000 / 0.000         0.000 / 0.003         0.000 / 0.003         0.000 / 0.003       ms
[60.040s][info][gc,stats    ]    Subphase: Concurrent References Process                 0.041 / 0.095         0.036 / 0.095         0.036 / 0.095         0.036 / 0.095       ms
[60.040s][info][gc,stats    ]    Subphase: Concurrent Roots ClassLoaderDataGraph         0.013 / 0.026         0.017 / 0.132         0.017 / 0.132         0.017 / 0.132       ms
[60.040s][info][gc,stats    ]    Subphase: Concurrent Roots CodeCache                    0.000 / 0.000         0.000 / 0.000         0.000 / 0.000         0.000 / 0.000       ms
[60.040s][info][gc,stats    ]    Subphase: Concurrent Roots JavaThreads                  0.175 / 0.196         0.188 / 0.277         0.188 / 0.277         0.188 / 0.277       ms
[60.040s][info][gc,stats    ]    Subphase: Concurrent Roots OopStorageSet                0.003 / 0.004         0.004 / 0.009         0.004 / 0.009         0.004 / 0.009       ms
[60.040s][info][gc,stats    ]    Subphase: Concurrent Weak Roots OopStorageSet           0.042 / 0.089         0.044 / 0.120         0.044 / 0.120         0.044 / 0.120       ms
[60.040s][info][gc,stats    ]    Subphase: Pause Mark Try Complete                       0.000 / 0.000         0.000 / 0.000         0.000 / 0.000         0.000 / 0.000       ms
[60.040s][info][gc,stats    ]      System: Java Threads                                     16 / 16               16 / 20               16 / 20               16 / 20          threads
[60.040s][info][gc,stats    ] =========================================================================================================================================================
[60.941s][info][gc,start    ] GC(26) Garbage Collection (Proactive)
[60.941s][info][gc,phases   ] GC(26) Pause Mark Start 0.004ms
[60.972s][info][gc,phases   ] GC(26) Concurrent Mark 31.625ms
[60.973s][info][gc,phases   ] GC(26) Pause Mark End 0.008ms
[60.973s][info][gc,phases   ] GC(26) Concurrent Process Non-Strong References 0.454ms
[60.973s][info][gc,phases   ] GC(26) Concurrent Reset Relocation Set 0.002ms
[60.977s][info][gc,phases   ] GC(26) Concurrent Select Relocation Set 3.752ms
[60.977s][info][gc,phases   ] GC(26) Pause Relocate Start 0.026ms
[60.979s][info][gc,phases   ] GC(26) Concurrent Relocate 1.896ms
[60.979s][info][gc,load     ] GC(26) Load: 2.97/3.59/3.60
[60.979s][info][gc,mmu      ] GC(26) MMU: 2ms/98.6%, 5ms/99.3%, 10ms/99.7%, 20ms/99.8%, 50ms/99.9%, 100ms/100.0%
[60.979s][info][gc,marking  ] GC(26) Mark: 2 stripe(s), 2 proactive flush(es), 1 terminate flush(es), 0 completion(s), 0 continuation(s) 
[60.979s][info][gc,nmethod  ] GC(26) NMethods: 475 registered, 0 unregistered
[60.979s][info][gc,metaspace] GC(26) Metaspace: 0M used, 0M committed, 1032M reserved
[60.979s][info][gc,ref      ] GC(26) Soft: 82 encountered, 0 discovered, 0 enqueued
[60.979s][info][gc,ref      ] GC(26) Weak: 200 encountered, 170 discovered, 0 enqueued
[60.979s][info][gc,ref      ] GC(26) Final: 0 encountered, 0 discovered, 0 enqueued
[60.979s][info][gc,ref      ] GC(26) Phantom: 5 encountered, 5 discovered, 0 enqueued
[60.979s][info][gc,reloc    ] GC(26) Small Pages: 1635 / 3270M, Empty: 3120M, Relocated: 8M, In-Place: 0
[60.979s][info][gc,reloc    ] GC(26) Medium Pages: 0 / 0M, Empty: 0M, Relocated: 0M, In-Place: 0
[60.979s][info][gc,reloc    ] GC(26) Large Pages: 0 / 0M, Empty: 0M, Relocated: 0M, In-Place: 0
[60.979s][info][gc,reloc    ] GC(26) Forwarding Usage: 0M
[60.979s][info][gc,heap     ] GC(26) Min Capacity: 8192M(100%)
[60.979s][info][gc,heap     ] GC(26) Max Capacity: 8192M(100%)
[60.979s][info][gc,heap     ] GC(26) Soft Max Capacity: 8192M(100%)
[60.979s][info][gc,heap     ] GC(26)                Mark Start          Mark End        Relocate Start      Relocate End           High               Low         
[60.979s][info][gc,heap     ] GC(26)  Capacity:     8192M (100%)       8192M (100%)       8192M (100%)       8192M (100%)       8192M (100%)       8192M (100%)   
[60.979s][info][gc,heap     ] GC(26)      Free:     4922M (60%)        4888M (60%)        8000M (98%)        8002M (98%)        8010M (98%)        4888M (60%)    
[60.979s][info][gc,heap     ] GC(26)      Used:     3270M (40%)        3304M (40%)         192M (2%)          190M (2%)         3304M (40%)         182M (2%)     
[60.979s][info][gc,heap     ] GC(26)      Live:         -               132M (2%)          132M (2%)          132M (2%)             -                  -          
[60.979s][info][gc,heap     ] GC(26) Allocated:         -                34M (0%)           42M (1%)           50M (1%)             -                  -          
[60.979s][info][gc,heap     ] GC(26)   Garbage:         -              3137M (38%)          17M (0%)            7M (0%)             -                  -          
[60.979s][info][gc,heap     ] GC(26) Reclaimed:         -                  -              3120M (38%)        3130M (38%)            -                  -          
[60.979s][info][gc          ] GC(26) Garbage Collection (Proactive) 3270M(40%)->190M(2%)
[63.440s][info][gc,start    ] GC(27) Garbage Collection (Proactive)
[63.440s][info][gc,phases   ] GC(27) Pause Mark Start 0.005ms
[63.462s][info][gc,phases   ] GC(27) Concurrent Mark 22.315ms
[63.462s][info][gc,phases   ] GC(27) Pause Mark End 0.009ms
[63.463s][info][gc,phases   ] GC(27) Concurrent Process Non-Strong References 0.429ms
[63.463s][info][gc,phases   ] GC(27) Concurrent Reset Relocation Set 0.002ms
[63.465s][info][gc,phases   ] GC(27) Concurrent Select Relocation Set 2.765ms
[63.466s][info][gc,phases   ] GC(27) Pause Relocate Start 0.005ms
[63.467s][info][gc,phases   ] GC(27) Concurrent Relocate 1.495ms
[63.467s][info][gc,load     ] GC(27) Load: 2.97/3.59/3.60
[63.467s][info][gc,mmu      ] GC(27) MMU: 2ms/98.6%, 5ms/99.3%, 10ms/99.7%, 20ms/99.8%, 50ms/99.9%, 100ms/100.0%
[63.467s][info][gc,marking  ] GC(27) Mark: 2 stripe(s), 2 proactive flush(es), 1 terminate flush(es), 0 completion(s), 0 continuation(s) 
[63.467s][info][gc,nmethod  ] GC(27) NMethods: 475 registered, 0 unregistered
[63.467s][info][gc,metaspace] GC(27) Metaspace: 0M used, 0M committed, 1032M reserved
[63.467s][info][gc,ref      ] GC(27) Soft: 82 encountered, 0 discovered, 0 enqueued
[63.467s][info][gc,ref      ] GC(27) Weak: 200 encountered, 170 discovered, 0 enqueued
[63.467s][info][gc,ref      ] GC(27) Final: 0 encountered, 0 discovered, 0 enqueued
[63.467s][info][gc,ref      ] GC(27) Phantom: 5 encountered, 3 discovered, 0 enqueued
[63.467s][info][gc,reloc    ] GC(27) Small Pages: 1375 / 2750M, Empty: 2582M, Relocated: 8M, In-Place: 0
[63.467s][info][gc,reloc    ] GC(27) Medium Pages: 0 / 0M, Empty: 0M, Relocated: 0M, In-Place: 0
[63.467s][info][gc,reloc    ] GC(27) Large Pages: 0 / 0M, Empty: 0M, Relocated: 0M, In-Place: 0
[63.467s][info][gc,reloc    ] GC(27) Forwarding Usage: 0M
[63.467s][info][gc,heap     ] GC(27) Min Capacity: 8192M(100%)
[63.467s][info][gc,heap     ] GC(27) Max Capacity: 8192M(100%)
[63.467s][info][gc,heap     ] GC(27) Soft Max Capacity: 8192M(100%)
[63.467s][info][gc,heap     ] GC(27)                Mark Start          Mark End        Relocate Start      Relocate End           High               Low         
[63.467s][info][gc,heap     ] GC(27)  Capacity:     8192M (100%)       8192M (100%)       8192M (100%)       8192M (100%)       8192M (100%)       8192M (100%)   
[63.467s][info][gc,heap     ] GC(27)      Free:     5442M (66%)        5416M (66%)        7996M (98%)        8016M (98%)        8020M (98%)        5416M (66%)    
[63.467s][info][gc,heap     ] GC(27)      Used:     2750M (34%)        2776M (34%)         196M (2%)          176M (2%)         2776M (34%)         172M (2%)     
[63.467s][info][gc,heap     ] GC(27)      Live:         -               132M (2%)          132M (2%)          132M (2%)             -                  -          
[63.467s][info][gc,heap     ] GC(27) Allocated:         -                26M (0%)           28M (0%)           36M (0%)             -                  -          
[63.467s][info][gc,heap     ] GC(27)   Garbage:         -              2617M (32%)          35M (0%)            7M (0%)             -                  -          
[63.467s][info][gc,heap     ] GC(27) Reclaimed:         -                  -              2582M (32%)        2610M (32%)            -                  -          
[63.467s][info][gc          ] GC(27) Garbage Collection (Proactive) 2750M(34%)->176M(2%)
[65.840s][info][gc,start    ] GC(28) Garbage Collection (Proactive)
[65.840s][info][gc,phases   ] GC(28) Pause Mark Start 0.010ms
[65.869s][info][gc,phases   ] GC(28) Concurrent Mark 28.935ms
[65.869s][info][gc,phases   ] GC(28) Pause Mark End 0.008ms
[65.870s][info][gc,phases   ] GC(28) Concurrent Process Non-Strong References 0.418ms
[65.870s][info][gc,phases   ] GC(28) Concurrent Reset Relocation Set 0.002ms
[65.872s][info][gc,phases   ] GC(28) Concurrent Select Relocation Set 2.761ms
[65.872s][info][gc,phases   ] GC(28) Pause Relocate Start 0.003ms
[65.874s][info][gc,phases   ] GC(28) Concurrent Relocate 1.596ms
[65.874s][info][gc,load     ] GC(28) Load: 3.13/3.62/3.61
[65.874s][info][gc,mmu      ] GC(28) MMU: 2ms/98.6%, 5ms/99.3%, 10ms/99.7%, 20ms/99.8%, 50ms/99.9%, 100ms/100.0%
[65.874s][info][gc,marking  ] GC(28) Mark: 2 stripe(s), 2 proactive flush(es), 1 terminate flush(es), 0 completion(s), 0 continuation(s) 
[65.874s][info][gc,nmethod  ] GC(28) NMethods: 479 registered, 0 unregistered
[65.874s][info][gc,metaspace] GC(28) Metaspace: 0M used, 0M committed, 1032M reserved
[65.874s][info][gc,ref      ] GC(28) Soft: 82 encountered, 0 discovered, 0 enqueued
[65.874s][info][gc,ref      ] GC(28) Weak: 200 encountered, 170 discovered, 0 enqueued
[65.874s][info][gc,ref      ] GC(28) Final: 0 encountered, 0 discovered, 0 enqueued
[65.874s][info][gc,ref      ] GC(28) Phantom: 5 encountered, 5 discovered, 0 enqueued
[65.874s][info][gc,reloc    ] GC(28) Small Pages: 1323 / 2646M, Empty: 2436M, Relocated: 6M, In-Place: 0
[65.874s][info][gc,reloc    ] GC(28) Medium Pages: 0 / 0M, Empty: 0M, Relocated: 0M, In-Place: 0
[65.874s][info][gc,reloc    ] GC(28) Large Pages: 0 / 0M, Empty: 0M, Relocated: 0M, In-Place: 0
[65.874s][info][gc,reloc    ] GC(28) Forwarding Usage: 0M
[65.874s][info][gc,heap     ] GC(28) Min Capacity: 8192M(100%)
[65.874s][info][gc,heap     ] GC(28) Max Capacity: 8192M(100%)
[65.874s][info][gc,heap     ] GC(28) Soft Max Capacity: 8192M(100%)
[65.874s][info][gc,heap     ] GC(28)                Mark Start          Mark End        Relocate Start      Relocate End           High               Low         
[65.874s][info][gc,heap     ] GC(28)  Capacity:     8192M (100%)       8192M (100%)       8192M (100%)       8192M (100%)       8192M (100%)       8192M (100%)   
[65.874s][info][gc,heap     ] GC(28)      Free:     5546M (68%)        5512M (67%)        7948M (97%)        8010M (98%)        8010M (98%)        5512M (67%)    
[65.874s][info][gc,heap     ] GC(28)      Used:     2646M (32%)        2680M (33%)         244M (3%)          182M (2%)         2680M (33%)         182M (2%)     
[65.874s][info][gc,heap     ] GC(28)      Live:         -               132M (2%)          132M (2%)          132M (2%)             -                  -          
[65.874s][info][gc,heap     ] GC(28) Allocated:         -                34M (0%)           34M (0%)           42M (1%)             -                  -          
[65.874s][info][gc,heap     ] GC(28)   Garbage:         -              2513M (31%)          77M (1%)            7M (0%)             -                  -          
[65.874s][info][gc,heap     ] GC(28) Reclaimed:         -                  -              2436M (30%)        2506M (31%)            -                  -          
[65.874s][info][gc          ] GC(28) Garbage Collection (Proactive) 2646M(32%)->182M(2%)
[68.040s][info][gc,start    ] GC(29) Garbage Collection (Proactive)
[68.040s][info][gc,phases   ] GC(29) Pause Mark Start 0.005ms
[68.064s][info][gc,phases   ] GC(29) Concurrent Mark 23.747ms
[68.064s][info][gc,phases   ] GC(29) Pause Mark End 0.008ms
[68.064s][info][gc,phases   ] GC(29) Concurrent Process Non-Strong References 0.466ms
[68.064s][info][gc,phases   ] GC(29) Concurrent Reset Relocation Set 0.004ms
[68.067s][info][gc,phases   ] GC(29) Concurrent Select Relocation Set 3.000ms
[68.068s][info][gc,phases   ] GC(29) Pause Relocate Start 0.004ms
[68.068s][info][gc,phases   ] GC(29) Concurrent Relocate 0.794ms
[68.069s][info][gc,load     ] GC(29) Load: 3.13/3.62/3.61
[68.069s][info][gc,mmu      ] GC(29) MMU: 2ms/98.6%, 5ms/99.3%, 10ms/99.7%, 20ms/99.8%, 50ms/99.9%, 100ms/100.0%
[68.069s][info][gc,marking  ] GC(29) Mark: 2 stripe(s), 2 proactive flush(es), 1 terminate flush(es), 0 completion(s), 0 continuation(s) 
[68.069s][info][gc,nmethod  ] GC(29) NMethods: 479 registered, 0 unregistered
[68.069s][info][gc,metaspace] GC(29) Metaspace: 0M used, 0M committed, 1032M reserved
[68.069s][info][gc,ref      ] GC(29) Soft: 82 encountered, 0 discovered, 0 enqueued
[68.069s][info][gc,ref      ] GC(29) Weak: 200 encountered, 170 discovered, 0 enqueued
[68.069s][info][gc,ref      ] GC(29) Final: 0 encountered, 0 discovered, 0 enqueued
[68.069s][info][gc,ref      ] GC(29) Phantom: 5 encountered, 3 discovered, 0 enqueued
[68.069s][info][gc,reloc    ] GC(29) Small Pages: 1221 / 2442M, Empty: 2290M, Relocated: 5M, In-Place: 0
[68.069s][info][gc,reloc    ] GC(29) Medium Pages: 0 / 0M, Empty: 0M, Relocated: 0M, In-Place: 0
[68.069s][info][gc,reloc    ] GC(29) Large Pages: 0 / 0M, Empty: 0M, Relocated: 0M, In-Place: 0
[68.069s][info][gc,reloc    ] GC(29) Forwarding Usage: 0M
[68.069s][info][gc,heap     ] GC(29) Min Capacity: 8192M(100%)
[68.069s][info][gc,heap     ] GC(29) Max Capacity: 8192M(100%)
[68.069s][info][gc,heap     ] GC(29) Soft Max Capacity: 8192M(100%)
[68.069s][info][gc,heap     ] GC(29)                Mark Start          Mark End        Relocate Start      Relocate End           High               Low         
[68.069s][info][gc,heap     ] GC(29)  Capacity:     8192M (100%)       8192M (100%)       8192M (100%)       8192M (100%)       8192M (100%)       8192M (100%)   
[68.069s][info][gc,heap     ] GC(29)      Free:     5750M (70%)        5726M (70%)        8008M (98%)        8018M (98%)        8018M (98%)        5726M (70%)    
[68.069s][info][gc,heap     ] GC(29)      Used:     2442M (30%)        2466M (30%)         184M (2%)          174M (2%)         2466M (30%)         174M (2%)     
[68.069s][info][gc,heap     ] GC(29)      Live:         -               132M (2%)          132M (2%)          132M (2%)             -                  -          
[68.069s][info][gc,heap     ] GC(29) Allocated:         -                24M (0%)           32M (0%)           34M (0%)             -                  -          
[68.069s][info][gc,heap     ] GC(29)   Garbage:         -              2309M (28%)          19M (0%)            7M (0%)             -                  -          
[68.069s][info][gc,heap     ] GC(29) Reclaimed:         -                  -              2290M (28%)        2302M (28%)            -                  -          
[68.069s][info][gc          ] GC(29) Garbage Collection (Proactive) 2442M(30%)->174M(2%)
[70.040s][info][gc,start    ] GC(30) Garbage Collection (Proactive)
[70.040s][info][gc,stats    ] === Garbage Collection Statistics =======================================================================================================================
[70.040s][info][gc,stats    ]                                                              Last 10s              Last 10m              Last 10h                Total
[70.040s][info][gc,stats    ]                                                              Avg / Max             Avg / Max             Avg / Max             Avg / Max
[70.040s][info][gc,stats    ]   Collector: Garbage Collection Cycle                     32.168 / 38.359       39.297 / 95.920       39.297 / 95.920       39.297 / 95.920      ms
[70.040s][info][gc,phases   ] GC(30) Pause Mark Start 0.004ms
[70.040s][info][gc,stats    ]  Contention: Mark Segment Reset Contention                     0 / 0                 0 / 4                 0 / 4                 0 / 4           ops/s
[70.040s][info][gc,stats    ]  Contention: Mark SeqNum Reset Contention                      0 / 0                 0 / 0                 0 / 0                 0 / 0           ops/s
[70.040s][info][gc,stats    ]    Critical: Allocation Stall                                  0 / 0                 0 / 0                 0 / 0                 0 / 0           ops/s
[70.040s][info][gc,stats    ]    Critical: Allocation Stall                              0.000 / 0.000         0.000 / 0.000         0.000 / 0.000         0.000 / 0.000       ms
[70.040s][info][gc,stats    ]    Critical: GC Locker Stall                                   0 / 0                 0 / 0                 0 / 0                 0 / 0           ops/s
[70.040s][info][gc,stats    ]    Critical: GC Locker Stall                               0.000 / 0.000         0.000 / 0.000         0.000 / 0.000         0.000 / 0.000       ms
[70.040s][info][gc,stats    ]    Critical: Relocation Stall                                  0 / 0                 0 / 0                 0 / 0                 0 / 0           ops/s
[70.040s][info][gc,stats    ]    Critical: Relocation Stall                              0.000 / 0.000         0.000 / 0.000         0.000 / 0.000         0.000 / 0.000       ms
[70.040s][info][gc,stats    ]      Memory: Allocation Rate                                1044 / 1054           1161 / 9212           1161 / 9212           1161 / 9212        MB/s
[70.040s][info][gc,stats    ]      Memory: Out Of Memory                                     0 / 0                 0 / 0                 0 / 0                 0 / 0           ops/s
[70.040s][info][gc,stats    ]      Memory: Page Cache Flush                                  0 / 0                 0 / 0                 0 / 0                 0 / 0           MB/s
[70.040s][info][gc,stats    ]      Memory: Page Cache Hit L1                               524 / 531             500 / 532             500 / 532             500 / 532         ops/s
[70.040s][info][gc,stats    ]      Memory: Page Cache Hit L2                                 0 / 0                 0 / 0                 0 / 0                 0 / 0           ops/s
[70.040s][info][gc,stats    ]      Memory: Page Cache Hit L3                                 0 / 0                24 / 486              24 / 486              24 / 486         ops/s
[70.040s][info][gc,stats    ]      Memory: Page Cache Miss                                   0 / 0                 0 / 1                 0 / 1                 0 / 1           ops/s
[70.040s][info][gc,stats    ]      Memory: Uncommit                                          0 / 0                 0 / 0                 0 / 0                 0 / 0           MB/s
[70.040s][info][gc,stats    ]      Memory: Undo Object Allocation Failed                     0 / 0                 0 / 0                 0 / 0                 0 / 0           ops/s
[70.040s][info][gc,stats    ]      Memory: Undo Object Allocation Succeeded                  0 / 1                 0 / 5                 0 / 5                 0 / 5           ops/s
[70.040s][info][gc,stats    ]      Memory: Undo Page Allocation                              0 / 0                 0 / 1                 0 / 1                 0 / 1           ops/s
[70.040s][info][gc,stats    ]       Phase: Concurrent Mark                              26.655 / 31.625       32.998 / 65.214       32.998 / 65.214       32.998 / 65.214      ms
[70.040s][info][gc,stats    ]       Phase: Concurrent Mark Continue                      0.000 / 0.000         0.000 / 0.000         0.000 / 0.000         0.000 / 0.000       ms
[70.040s][info][gc,stats    ]       Phase: Concurrent Process Non-Strong References      0.442 / 0.466         0.486 / 0.911         0.486 / 0.911         0.486 / 0.911       ms
[70.040s][info][gc,stats    ]       Phase: Concurrent Relocate                           1.445 / 1.896         1.939 / 16.651        1.939 / 16.651        1.939 / 16.651      ms
[70.040s][info][gc,stats    ]       Phase: Concurrent Reset Relocation Set               0.003 / 0.004         0.006 / 0.098         0.006 / 0.098         0.006 / 0.098       ms
[70.040s][info][gc,stats    ]       Phase: Concurrent Select Relocation Set              3.069 / 3.752         3.263 / 12.567        3.263 / 12.567        3.263 / 12.567      ms
[70.040s][info][gc,stats    ]       Phase: Pause Mark End                                0.008 / 0.009         0.009 / 0.025         0.009 / 0.025         0.009 / 0.025       ms
[70.040s][info][gc,stats    ]       Phase: Pause Mark Start                              0.006 / 0.010         0.007 / 0.028         0.007 / 0.028         0.007 / 0.028       ms
[70.040s][info][gc,stats    ]       Phase: Pause Relocate Start                          0.010 / 0.026         0.005 / 0.026         0.005 / 0.026         0.005 / 0.026       ms
[70.040s][info][gc,stats    ]    Subphase: Concurrent Classes Purge                      0.032 / 0.044         0.032 / 0.102         0.032 / 0.102         0.032 / 0.102       ms
[70.040s][info][gc,stats    ]    Subphase: Concurrent Classes Unlink                     0.283 / 0.301         0.299 / 0.495         0.299 / 0.495         0.299 / 0.495       ms
[70.040s][info][gc,stats    ]    Subphase: Concurrent Mark                              25.905 / 31.390       32.281 / 64.907       32.281 / 64.907       32.281 / 64.907      ms
[70.040s][info][gc,stats    ]    Subphase: Concurrent Mark Idle                          1.150 / 1.228         1.156 / 1.290         1.156 / 1.290         1.156 / 1.290       ms
[70.040s][info][gc,stats    ]    Subphase: Concurrent Mark Try Flush                     0.028 / 0.044         0.042 / 0.119         0.042 / 0.119         0.042 / 0.119       ms
[70.040s][info][gc,stats    ]    Subphase: Concurrent Mark Try Terminate                 0.390 / 1.229         0.446 / 1.291         0.446 / 1.291         0.446 / 1.291       ms
[70.040s][info][gc,stats    ]    Subphase: Concurrent References Enqueue                 0.000 / 0.000         0.000 / 0.003         0.000 / 0.003         0.000 / 0.003       ms
[70.040s][info][gc,stats    ]    Subphase: Concurrent References Process                 0.028 / 0.030         0.035 / 0.095         0.035 / 0.095         0.035 / 0.095       ms
[70.040s][info][gc,stats    ]    Subphase: Concurrent Roots ClassLoaderDataGraph         0.017 / 0.054         0.017 / 0.132         0.017 / 0.132         0.017 / 0.132       ms
[70.040s][info][gc,stats    ]    Subphase: Concurrent Roots CodeCache                    0.000 / 0.000         0.000 / 0.000         0.000 / 0.000         0.000 / 0.000       ms
[70.040s][info][gc,stats    ]    Subphase: Concurrent Roots JavaThreads                  0.195 / 0.277         0.189 / 0.277         0.189 / 0.277         0.189 / 0.277       ms
[70.040s][info][gc,stats    ]    Subphase: Concurrent Roots OopStorageSet                0.003 / 0.004         0.004 / 0.009         0.004 / 0.009         0.004 / 0.009       ms
[70.040s][info][gc,stats    ]    Subphase: Concurrent Weak Roots OopStorageSet           0.038 / 0.050         0.043 / 0.120         0.043 / 0.120         0.043 / 0.120       ms
[70.040s][info][gc,stats    ]    Subphase: Pause Mark Try Complete                       0.000 / 0.000         0.000 / 0.000         0.000 / 0.000         0.000 / 0.000       ms
[70.040s][info][gc,stats    ]      System: Java Threads                                     16 / 16               16 / 20               16 / 20               16 / 20          threads
[70.040s][info][gc,stats    ] =========================================================================================================================================================
[70.079s][info][gc,phases   ] GC(30) Concurrent Mark 38.640ms
[70.079s][info][gc,phases   ] GC(30) Pause Mark End 0.009ms
[70.079s][info][gc,phases   ] GC(30) Concurrent Process Non-Strong References 0.450ms
[70.079s][info][gc,phases   ] GC(30) Concurrent Reset Relocation Set 0.002ms
[70.082s][info][gc,phases   ] GC(30) Concurrent Select Relocation Set 2.835ms
[70.082s][info][gc,phases   ] GC(30) Pause Relocate Start 0.005ms
[70.083s][info][gc,phases   ] GC(30) Concurrent Relocate 0.849ms
[70.083s][info][gc,load     ] GC(30) Load: 3.13/3.62/3.61
[70.083s][info][gc,mmu      ] GC(30) MMU: 2ms/98.6%, 5ms/99.3%, 10ms/99.7%, 20ms/99.8%, 50ms/99.9%, 100ms/100.0%
[70.083s][info][gc,marking  ] GC(30) Mark: 2 stripe(s), 2 proactive flush(es), 1 terminate flush(es), 0 completion(s), 0 continuation(s) 
[70.083s][info][gc,nmethod  ] GC(30) NMethods: 479 registered, 0 unregistered
[70.083s][info][gc,metaspace] GC(30) Metaspace: 0M used, 0M committed, 1032M reserved
[70.083s][info][gc,ref      ] GC(30) Soft: 82 encountered, 0 discovered, 0 enqueued
[70.083s][info][gc,ref      ] GC(30) Weak: 200 encountered, 61 discovered, 0 enqueued
[70.083s][info][gc,ref      ] GC(30) Final: 0 encountered, 0 discovered, 0 enqueued
[70.083s][info][gc,ref      ] GC(30) Phantom: 5 encountered, 3 discovered, 0 enqueued
[70.083s][info][gc,reloc    ] GC(30) Small Pages: 1114 / 2228M, Empty: 2076M, Relocated: 5M, In-Place: 0
[70.083s][info][gc,reloc    ] GC(30) Medium Pages: 0 / 0M, Empty: 0M, Relocated: 0M, In-Place: 0
[70.084s][info][gc,reloc    ] GC(30) Large Pages: 0 / 0M, Empty: 0M, Relocated: 0M, In-Place: 0
[70.084s][info][gc,reloc    ] GC(30) Forwarding Usage: 0M
[70.084s][info][gc,heap     ] GC(30) Min Capacity: 8192M(100%)
[70.084s][info][gc,heap     ] GC(30) Max Capacity: 8192M(100%)
[70.084s][info][gc,heap     ] GC(30) Soft Max Capacity: 8192M(100%)
[70.084s][info][gc,heap     ] GC(30)                Mark Start          Mark End        Relocate Start      Relocate End           High               Low         
[70.084s][info][gc,heap     ] GC(30)  Capacity:     8192M (100%)       8192M (100%)       8192M (100%)       8192M (100%)       8192M (100%)       8192M (100%)   
[70.084s][info][gc,heap     ] GC(30)      Free:     5964M (73%)        5914M (72%)        7990M (98%)        8000M (98%)        8000M (98%)        5914M (72%)    
[70.084s][info][gc,heap     ] GC(30)      Used:     2228M (27%)        2278M (28%)         202M (2%)          192M (2%)         2278M (28%)         192M (2%)     
[70.084s][info][gc,heap     ] GC(30)      Live:         -               132M (2%)          132M (2%)          132M (2%)             -                  -          
[70.084s][info][gc,heap     ] GC(30) Allocated:         -                50M (1%)           50M (1%)           50M (1%)             -                  -          
[70.084s][info][gc,heap     ] GC(30)   Garbage:         -              2095M (26%)          19M (0%)            9M (0%)             -                  -          
[70.084s][info][gc,heap     ] GC(30) Reclaimed:         -                  -              2076M (25%)        2086M (25%)            -                  -          
[70.084s][info][gc          ] GC(30) Garbage Collection (Proactive) 2228M(27%)->192M(2%)
[73.040s][info][gc,start    ] GC(31) Garbage Collection (Proactive)
[73.040s][info][gc,phases   ] GC(31) Pause Mark Start 0.004ms
[73.076s][info][gc,phases   ] GC(31) Concurrent Mark 36.025ms
[73.076s][info][gc,phases   ] GC(31) Pause Mark End 0.009ms
[73.077s][info][gc,phases   ] GC(31) Concurrent Process Non-Strong References 0.826ms
[73.077s][info][gc,phases   ] GC(31) Concurrent Reset Relocation Set 0.002ms
[73.080s][info][gc,phases   ] GC(31) Concurrent Select Relocation Set 3.016ms
[73.080s][info][gc,phases   ] GC(31) Pause Relocate Start 0.005ms
[73.081s][info][gc,phases   ] GC(31) Concurrent Relocate 0.903ms
[73.081s][info][gc,load     ] GC(31) Load: 2.96/3.57/3.60
[73.081s][info][gc,mmu      ] GC(31) MMU: 2ms/98.6%, 5ms/99.3%, 10ms/99.7%, 20ms/99.8%, 50ms/99.9%, 100ms/100.0%
[73.081s][info][gc,marking  ] GC(31) Mark: 2 stripe(s), 2 proactive flush(es), 1 terminate flush(es), 0 completion(s), 0 continuation(s) 
[73.081s][info][gc,nmethod  ] GC(31) NMethods: 479 registered, 0 unregistered
[73.081s][info][gc,metaspace] GC(31) Metaspace: 0M used, 0M committed, 1032M reserved
[73.081s][info][gc,ref      ] GC(31) Soft: 82 encountered, 0 discovered, 0 enqueued
[73.081s][info][gc,ref      ] GC(31) Weak: 200 encountered, 50 discovered, 0 enqueued
[73.081s][info][gc,ref      ] GC(31) Final: 0 encountered, 0 discovered, 0 enqueued
[73.081s][info][gc,ref      ] GC(31) Phantom: 5 encountered, 5 discovered, 0 enqueued
[73.081s][info][gc,reloc    ] GC(31) Small Pages: 1637 / 3274M, Empty: 3124M, Relocated: 6M, In-Place: 0
[73.081s][info][gc,reloc    ] GC(31) Medium Pages: 0 / 0M, Empty: 0M, Relocated: 0M, In-Place: 0
[73.081s][info][gc,reloc    ] GC(31) Large Pages: 0 / 0M, Empty: 0M, Relocated: 0M, In-Place: 0
[73.081s][info][gc,reloc    ] GC(31) Forwarding Usage: 0M
[73.081s][info][gc,heap     ] GC(31) Min Capacity: 8192M(100%)
[73.081s][info][gc,heap     ] GC(31) Max Capacity: 8192M(100%)
[73.081s][info][gc,heap     ] GC(31) Soft Max Capacity: 8192M(100%)
[73.081s][info][gc,heap     ] GC(31)                Mark Start          Mark End        Relocate Start      Relocate End           High               Low         
[73.081s][info][gc,heap     ] GC(31)  Capacity:     8192M (100%)       8192M (100%)       8192M (100%)       8192M (100%)       8192M (100%)       8192M (100%)   
[73.081s][info][gc,heap     ] GC(31)      Free:     4918M (60%)        4876M (60%)        7992M (98%)        8000M (98%)        8000M (98%)        4874M (59%)    
[73.081s][info][gc,heap     ] GC(31)      Used:     3274M (40%)        3316M (40%)         200M (2%)          192M (2%)         3318M (41%)         192M (2%)     
[73.081s][info][gc,heap     ] GC(31)      Live:         -               132M (2%)          132M (2%)          132M (2%)             -                  -          
[73.081s][info][gc,heap     ] GC(31) Allocated:         -                42M (1%)           50M (1%)           52M (1%)             -                  -          
[73.081s][info][gc,heap     ] GC(31)   Garbage:         -              3141M (38%)          17M (0%)            7M (0%)             -                  -          
[73.081s][info][gc,heap     ] GC(31) Reclaimed:         -                  -              3124M (38%)        3134M (38%)            -                  -          
[73.081s][info][gc          ] GC(31) Garbage Collection (Proactive) 3274M(40%)->192M(2%)
[75.740s][info][gc,start    ] GC(32) Garbage Collection (Proactive)
[75.740s][info][gc,phases   ] GC(32) Pause Mark Start 0.005ms
[75.765s][info][gc,phases   ] GC(32) Concurrent Mark 24.949ms
[75.766s][info][gc,phases   ] GC(32) Pause Mark End 0.008ms
[75.766s][info][gc,phases   ] GC(32) Concurrent Process Non-Strong References 0.538ms
[75.766s][info][gc,phases   ] GC(32) Concurrent Reset Relocation Set 0.002ms
[75.770s][info][gc,phases   ] GC(32) Concurrent Select Relocation Set 3.359ms
[75.770s][info][gc,phases   ] GC(32) Pause Relocate Start 0.004ms
[75.771s][info][gc,phases   ] GC(32) Concurrent Relocate 1.432ms
[75.771s][info][gc,load     ] GC(32) Load: 3.44/3.66/3.63
[75.771s][info][gc,mmu      ] GC(32) MMU: 2ms/98.6%, 5ms/99.3%, 10ms/99.7%, 20ms/99.8%, 50ms/99.9%, 100ms/100.0%
[75.771s][info][gc,marking  ] GC(32) Mark: 2 stripe(s), 2 proactive flush(es), 1 terminate flush(es), 0 completion(s), 0 continuation(s) 
[75.771s][info][gc,nmethod  ] GC(32) NMethods: 479 registered, 0 unregistered
[75.771s][info][gc,metaspace] GC(32) Metaspace: 0M used, 0M committed, 1032M reserved
[75.771s][info][gc,ref      ] GC(32) Soft: 82 encountered, 0 discovered, 0 enqueued
[75.771s][info][gc,ref      ] GC(32) Weak: 200 encountered, 170 discovered, 0 enqueued
[75.771s][info][gc,ref      ] GC(32) Final: 0 encountered, 0 discovered, 0 enqueued
[75.771s][info][gc,ref      ] GC(32) Phantom: 5 encountered, 3 discovered, 0 enqueued
[75.771s][info][gc,reloc    ] GC(32) Small Pages: 1480 / 2960M, Empty: 2812M, Relocated: 10M, In-Place: 0
[75.771s][info][gc,reloc    ] GC(32) Medium Pages: 0 / 0M, Empty: 0M, Relocated: 0M, In-Place: 0
[75.771s][info][gc,reloc    ] GC(32) Large Pages: 0 / 0M, Empty: 0M, Relocated: 0M, In-Place: 0
[75.771s][info][gc,reloc    ] GC(32) Forwarding Usage: 0M
[75.771s][info][gc,heap     ] GC(32) Min Capacity: 8192M(100%)
[75.771s][info][gc,heap     ] GC(32) Max Capacity: 8192M(100%)
[75.771s][info][gc,heap     ] GC(32) Soft Max Capacity: 8192M(100%)
[75.771s][info][gc,heap     ] GC(32)                Mark Start          Mark End        Relocate Start      Relocate End           High               Low         
[75.771s][info][gc,heap     ] GC(32)  Capacity:     8192M (100%)       8192M (100%)       8192M (100%)       8192M (100%)       8192M (100%)       8192M (100%)   
[75.771s][info][gc,heap     ] GC(32)      Free:     5232M (64%)        5206M (64%)        8008M (98%)        8016M (98%)        8016M (98%)        5202M (64%)    
[75.771s][info][gc,heap     ] GC(32)      Used:     2960M (36%)        2986M (36%)         184M (2%)          176M (2%)         2990M (36%)         176M (2%)     
[75.771s][info][gc,heap     ] GC(32)      Live:         -               132M (2%)          132M (2%)          132M (2%)             -                  -          
[75.771s][info][gc,heap     ] GC(32) Allocated:         -                26M (0%)           36M (0%)           38M (0%)             -                  -          
[75.772s][info][gc,heap     ] GC(32)   Garbage:         -              2827M (35%)          15M (0%)            5M (0%)             -                  -          
[75.772s][info][gc,heap     ] GC(32) Reclaimed:         -                  -              2812M (34%)        2822M (34%)            -                  -          
[75.772s][info][gc          ] GC(32) Garbage Collection (Proactive) 2960M(36%)->176M(2%)
[78.240s][info][gc,start    ] GC(33) Garbage Collection (Proactive)
[78.240s][info][gc,phases   ] GC(33) Pause Mark Start 0.004ms
[78.262s][info][gc,phases   ] GC(33) Concurrent Mark 21.921ms
[78.262s][info][gc,phases   ] GC(33) Pause Mark End 0.008ms
[78.263s][info][gc,phases   ] GC(33) Concurrent Process Non-Strong References 0.407ms
[78.263s][info][gc,phases   ] GC(33) Concurrent Reset Relocation Set 0.002ms
[78.266s][info][gc,phases   ] GC(33) Concurrent Select Relocation Set 2.744ms
[78.266s][info][gc,phases   ] GC(33) Pause Relocate Start 0.003ms
[78.267s][info][gc,phases   ] GC(33) Concurrent Relocate 1.194ms
[78.267s][info][gc,load     ] GC(33) Load: 3.44/3.66/3.63
[78.267s][info][gc,mmu      ] GC(33) MMU: 2ms/98.6%, 5ms/99.3%, 10ms/99.7%, 20ms/99.8%, 50ms/99.9%, 100ms/100.0%
[78.267s][info][gc,marking  ] GC(33) Mark: 2 stripe(s), 2 proactive flush(es), 1 terminate flush(es), 0 completion(s), 0 continuation(s) 
[78.267s][info][gc,nmethod  ] GC(33) NMethods: 479 registered, 0 unregistered
[78.267s][info][gc,metaspace] GC(33) Metaspace: 0M used, 0M committed, 1032M reserved
[78.267s][info][gc,ref      ] GC(33) Soft: 82 encountered, 0 discovered, 0 enqueued
[78.267s][info][gc,ref      ] GC(33) Weak: 200 encountered, 61 discovered, 0 enqueued
[78.267s][info][gc,ref      ] GC(33) Final: 0 encountered, 0 discovered, 0 enqueued
[78.267s][info][gc,ref      ] GC(33) Phantom: 5 encountered, 5 discovered, 0 enqueued
[78.267s][info][gc,reloc    ] GC(33) Small Pages: 1374 / 2748M, Empty: 2598M, Relocated: 6M, In-Place: 0
[78.267s][info][gc,reloc    ] GC(33) Medium Pages: 0 / 0M, Empty: 0M, Relocated: 0M, In-Place: 0
[78.267s][info][gc,reloc    ] GC(33) Large Pages: 0 / 0M, Empty: 0M, Relocated: 0M, In-Place: 0
[78.267s][info][gc,reloc    ] GC(33) Forwarding Usage: 0M
[78.267s][info][gc,heap     ] GC(33) Min Capacity: 8192M(100%)
[78.267s][info][gc,heap     ] GC(33) Max Capacity: 8192M(100%)
[78.267s][info][gc,heap     ] GC(33) Soft Max Capacity: 8192M(100%)
[78.267s][info][gc,heap     ] GC(33)                Mark Start          Mark End        Relocate Start      Relocate End           High               Low         
[78.267s][info][gc,heap     ] GC(33)  Capacity:     8192M (100%)       8192M (100%)       8192M (100%)       8192M (100%)       8192M (100%)       8192M (100%)   
[78.267s][info][gc,heap     ] GC(33)      Free:     5444M (66%)        5418M (66%)        8016M (98%)        8018M (98%)        8020M (98%)        5418M (66%)    
[78.267s][info][gc,heap     ] GC(33)      Used:     2748M (34%)        2774M (34%)         176M (2%)          174M (2%)         2774M (34%)         172M (2%)     
[78.267s][info][gc,heap     ] GC(33)      Live:         -               132M (2%)          132M (2%)          132M (2%)             -                  -          
[78.267s][info][gc,heap     ] GC(33) Allocated:         -                26M (0%)           26M (0%)           34M (0%)             -                  -          
[78.267s][info][gc,heap     ] GC(33)   Garbage:         -              2615M (32%)          17M (0%)            7M (0%)             -                  -          
[78.267s][info][gc,heap     ] GC(33) Reclaimed:         -                  -              2598M (32%)        2608M (32%)            -                  -          
[78.267s][info][gc          ] GC(33) Garbage Collection (Proactive) 2748M(34%)->174M(2%)
[80.040s][info][gc,stats    ] === Garbage Collection Statistics =======================================================================================================================
[80.040s][info][gc,stats    ]                                                              Last 10s              Last 10m              Last 10h                Total
[80.040s][info][gc,stats    ]                                                              Avg / Max             Avg / Max             Avg / Max             Avg / Max
[80.040s][info][gc,stats    ]   Collector: Garbage Collection Cycle                     35.627 / 43.443       38.866 / 95.920       38.866 / 95.920       38.866 / 95.920      ms
[80.040s][info][gc,stats    ]  Contention: Mark Segment Reset Contention                     0 / 2                 0 / 4                 0 / 4                 0 / 4           ops/s
[80.040s][info][gc,stats    ]  Contention: Mark SeqNum Reset Contention                      0 / 0                 0 / 0                 0 / 0                 0 / 0           ops/s
[80.040s][info][gc,stats    ]    Critical: Allocation Stall                                  0 / 0                 0 / 0                 0 / 0                 0 / 0           ops/s
[80.040s][info][gc,stats    ]    Critical: Allocation Stall                              0.000 / 0.000         0.000 / 0.000         0.000 / 0.000         0.000 / 0.000       ms
[80.040s][info][gc,stats    ]    Critical: GC Locker Stall                                   0 / 0                 0 / 0                 0 / 0                 0 / 0           ops/s
[80.040s][info][gc,stats    ]    Critical: GC Locker Stall                               0.000 / 0.000         0.000 / 0.000         0.000 / 0.000         0.000 / 0.000       ms
[80.040s][info][gc,stats    ]    Critical: Relocation Stall                                  0 / 0                 0 / 0                 0 / 0                 0 / 0           ops/s
[80.040s][info][gc,stats    ]    Critical: Relocation Stall                              0.000 / 0.000         0.000 / 0.000         0.000 / 0.000         0.000 / 0.000       ms
[80.040s][info][gc,stats    ]      Memory: Allocation Rate                                1044 / 1050           1146 / 9212           1146 / 9212           1146 / 9212        MB/s
[80.040s][info][gc,stats    ]      Memory: Out Of Memory                                     0 / 0                 0 / 0                 0 / 0                 0 / 0           ops/s
[80.040s][info][gc,stats    ]      Memory: Page Cache Flush                                  0 / 0                 0 / 0                 0 / 0                 0 / 0           MB/s
[80.040s][info][gc,stats    ]      Memory: Page Cache Hit L1                               524 / 531             503 / 532             503 / 532             503 / 532         ops/s
[80.040s][info][gc,stats    ]      Memory: Page Cache Hit L2                                 0 / 0                 0 / 0                 0 / 0                 0 / 0           ops/s
[80.040s][info][gc,stats    ]      Memory: Page Cache Hit L3                                 0 / 0                21 / 486              21 / 486              21 / 486         ops/s
[80.040s][info][gc,stats    ]      Memory: Page Cache Miss                                   0 / 0                 0 / 1                 0 / 1                 0 / 1           ops/s
[80.040s][info][gc,stats    ]      Memory: Uncommit                                          0 / 0                 0 / 0                 0 / 0                 0 / 0           MB/s
[80.040s][info][gc,stats    ]      Memory: Undo Object Allocation Failed                     0 / 0                 0 / 0                 0 / 0                 0 / 0           ops/s
[80.040s][info][gc,stats    ]      Memory: Undo Object Allocation Succeeded                  0 / 6                 0 / 6                 0 / 6                 0 / 6           ops/s
[80.040s][info][gc,stats    ]      Memory: Undo Page Allocation                              0 / 0                 0 / 1                 0 / 1                 0 / 1           ops/s
[80.040s][info][gc,stats    ]       Phase: Concurrent Mark                              30.384 / 38.640       32.691 / 65.214       32.691 / 65.214       32.691 / 65.214      ms
[80.040s][info][gc,stats    ]       Phase: Concurrent Mark Continue                      0.000 / 0.000         0.000 / 0.000         0.000 / 0.000         0.000 / 0.000       ms
[80.040s][info][gc,stats    ]       Phase: Concurrent Process Non-Strong References      0.555 / 0.826         0.494 / 0.911         0.494 / 0.911         0.494 / 0.911       ms
[80.040s][info][gc,stats    ]       Phase: Concurrent Relocate                           1.094 / 1.432         1.839 / 16.651        1.839 / 16.651        1.839 / 16.651      ms
[80.040s][info][gc,stats    ]       Phase: Concurrent Reset Relocation Set               0.002 / 0.002         0.005 / 0.098         0.005 / 0.098         0.005 / 0.098       ms
[80.040s][info][gc,stats    ]       Phase: Concurrent Select Relocation Set              2.989 / 3.359         3.231 / 12.567        3.231 / 12.567        3.231 / 12.567      ms
[80.040s][info][gc,stats    ]       Phase: Pause Mark End                                0.008 / 0.009         0.009 / 0.025         0.009 / 0.025         0.009 / 0.025       ms
[80.040s][info][gc,stats    ]       Phase: Pause Mark Start                              0.004 / 0.005         0.006 / 0.028         0.006 / 0.028         0.006 / 0.028       ms
[80.040s][info][gc,stats    ]       Phase: Pause Relocate Start                          0.004 / 0.005         0.005 / 0.026         0.005 / 0.026         0.005 / 0.026       ms
[80.040s][info][gc,stats    ]    Subphase: Concurrent Classes Purge                      0.029 / 0.034         0.031 / 0.102         0.031 / 0.102         0.031 / 0.102       ms
[80.040s][info][gc,stats    ]    Subphase: Concurrent Classes Unlink                     0.367 / 0.571         0.307 / 0.571         0.307 / 0.571         0.307 / 0.571       ms
[80.040s][info][gc,stats    ]    Subphase: Concurrent Mark                              29.674 / 38.365       31.974 / 64.907       31.974 / 64.907       31.974 / 64.907      ms
[80.040s][info][gc,stats    ]    Subphase: Concurrent Mark Idle                          1.111 / 1.161         1.151 / 1.290         1.151 / 1.290         1.151 / 1.290       ms
[80.040s][info][gc,stats    ]    Subphase: Concurrent Mark Try Flush                     0.045 / 0.116         0.042 / 0.119         0.042 / 0.119         0.042 / 0.119       ms
[80.040s][info][gc,stats    ]    Subphase: Concurrent Mark Try Terminate                 0.443 / 1.162         0.445 / 1.291         0.445 / 1.291         0.445 / 1.291       ms
[80.040s][info][gc,stats    ]    Subphase: Concurrent References Enqueue                 0.000 / 0.000         0.000 / 0.003         0.000 / 0.003         0.000 / 0.003       ms
[80.040s][info][gc,stats    ]    Subphase: Concurrent References Process                 0.028 / 0.041         0.034 / 0.095         0.034 / 0.095         0.034 / 0.095       ms
[80.040s][info][gc,stats    ]    Subphase: Concurrent Roots ClassLoaderDataGraph         0.016 / 0.052         0.017 / 0.132         0.017 / 0.132         0.017 / 0.132       ms
[80.040s][info][gc,stats    ]    Subphase: Concurrent Roots CodeCache                    0.000 / 0.000         0.000 / 0.000         0.000 / 0.000         0.000 / 0.000       ms
[80.040s][info][gc,stats    ]    Subphase: Concurrent Roots JavaThreads                  0.187 / 0.252         0.189 / 0.277         0.189 / 0.277         0.189 / 0.277       ms
[80.040s][info][gc,stats    ]    Subphase: Concurrent Roots OopStorageSet                0.003 / 0.004         0.004 / 0.009         0.004 / 0.009         0.004 / 0.009       ms
[80.040s][info][gc,stats    ]    Subphase: Concurrent Weak Roots OopStorageSet           0.039 / 0.061         0.042 / 0.120         0.042 / 0.120         0.042 / 0.120       ms
[80.040s][info][gc,stats    ]    Subphase: Pause Mark Try Complete                       0.000 / 0.000         0.000 / 0.000         0.000 / 0.000         0.000 / 0.000       ms
[80.040s][info][gc,stats    ]      System: Java Threads                                     16 / 16               16 / 20               16 / 20               16 / 20          threads
[80.040s][info][gc,stats    ] =========================================================================================================================================================
[80.440s][info][gc,start    ] GC(34) Garbage Collection (Proactive)
[80.440s][info][gc,phases   ] GC(34) Pause Mark Start 0.005ms
[80.477s][info][gc,phases   ] GC(34) Concurrent Mark 36.803ms
[80.477s][info][gc,phases   ] GC(34) Pause Mark End 0.008ms
[80.478s][info][gc,phases   ] GC(34) Concurrent Process Non-Strong References 0.513ms
[80.478s][info][gc,phases   ] GC(34) Concurrent Reset Relocation Set 0.002ms
[80.481s][info][gc,phases   ] GC(34) Concurrent Select Relocation Set 2.854ms
[80.481s][info][gc,phases   ] GC(34) Pause Relocate Start 0.003ms
[80.482s][info][gc,phases   ] GC(34) Concurrent Relocate 0.945ms
[80.482s][info][gc,load     ] GC(34) Load: 3.33/3.64/3.62
[80.482s][info][gc,mmu      ] GC(34) MMU: 2ms/98.6%, 5ms/99.3%, 10ms/99.7%, 20ms/99.8%, 50ms/99.9%, 100ms/100.0%
[80.482s][info][gc,marking  ] GC(34) Mark: 2 stripe(s), 4 proactive flush(es), 1 terminate flush(es), 0 completion(s), 0 continuation(s) 
[80.482s][info][gc,nmethod  ] GC(34) NMethods: 479 registered, 0 unregistered
[80.482s][info][gc,metaspace] GC(34) Metaspace: 0M used, 0M committed, 1032M reserved
[80.482s][info][gc,ref      ] GC(34) Soft: 82 encountered, 0 discovered, 0 enqueued
[80.482s][info][gc,ref      ] GC(34) Weak: 200 encountered, 64 discovered, 0 enqueued
[80.482s][info][gc,ref      ] GC(34) Final: 0 encountered, 0 discovered, 0 enqueued
[80.482s][info][gc,ref      ] GC(34) Phantom: 5 encountered, 5 discovered, 0 enqueued
[80.482s][info][gc,reloc    ] GC(34) Small Pages: 1219 / 2438M, Empty: 2286M, Relocated: 6M, In-Place: 0
[80.482s][info][gc,reloc    ] GC(34) Medium Pages: 0 / 0M, Empty: 0M, Relocated: 0M, In-Place: 0
[80.482s][info][gc,reloc    ] GC(34) Large Pages: 0 / 0M, Empty: 0M, Relocated: 0M, In-Place: 0
[80.482s][info][gc,reloc    ] GC(34) Forwarding Usage: 0M
[80.482s][info][gc,heap     ] GC(34) Min Capacity: 8192M(100%)
[80.482s][info][gc,heap     ] GC(34) Max Capacity: 8192M(100%)
[80.482s][info][gc,heap     ] GC(34) Soft Max Capacity: 8192M(100%)
[80.482s][info][gc,heap     ] GC(34)                Mark Start          Mark End        Relocate Start      Relocate End           High               Low         
[80.482s][info][gc,heap     ] GC(34)  Capacity:     8192M (100%)       8192M (100%)       8192M (100%)       8192M (100%)       8192M (100%)       8192M (100%)   
[80.482s][info][gc,heap     ] GC(34)      Free:     5754M (70%)        5712M (70%)        7990M (98%)        8002M (98%)        8002M (98%)        5712M (70%)    
[80.482s][info][gc,heap     ] GC(34)      Used:     2438M (30%)        2480M (30%)         202M (2%)          190M (2%)         2480M (30%)         190M (2%)     
[80.482s][info][gc,heap     ] GC(34)      Live:         -               132M (2%)          132M (2%)          132M (2%)             -                  -          
[80.482s][info][gc,heap     ] GC(34) Allocated:         -                42M (1%)           50M (1%)           50M (1%)             -                  -          
[80.482s][info][gc,heap     ] GC(34)   Garbage:         -              2305M (28%)          19M (0%)            7M (0%)             -                  -          
[80.482s][info][gc,heap     ] GC(34) Reclaimed:         -                  -              2286M (28%)        2298M (28%)            -                  -          
[80.482s][info][gc          ] GC(34) Garbage Collection (Proactive) 2438M(30%)->190M(2%)
[83.439s][info][gc,start    ] GC(35) Garbage Collection (Proactive)
[83.439s][info][gc,phases   ] GC(35) Pause Mark Start 0.004ms
[83.474s][info][gc,phases   ] GC(35) Concurrent Mark 35.227ms
[83.474s][info][gc,phases   ] GC(35) Pause Mark End 0.008ms
[83.475s][info][gc,phases   ] GC(35) Concurrent Process Non-Strong References 0.422ms
[83.475s][info][gc,phases   ] GC(35) Concurrent Reset Relocation Set 0.002ms
[83.478s][info][gc,phases   ] GC(35) Concurrent Select Relocation Set 2.975ms
[83.478s][info][gc,phases   ] GC(35) Pause Relocate Start 0.004ms
[83.479s][info][gc,phases   ] GC(35) Concurrent Relocate 1.017ms
[83.479s][info][gc,load     ] GC(35) Load: 3.33/3.64/3.62
[83.479s][info][gc,mmu      ] GC(35) MMU: 2ms/98.6%, 5ms/99.3%, 10ms/99.7%, 20ms/99.8%, 50ms/99.9%, 100ms/100.0%
[83.479s][info][gc,marking  ] GC(35) Mark: 2 stripe(s), 2 proactive flush(es), 1 terminate flush(es), 0 completion(s), 0 continuation(s) 
[83.479s][info][gc,nmethod  ] GC(35) NMethods: 479 registered, 0 unregistered
[83.479s][info][gc,metaspace] GC(35) Metaspace: 0M used, 0M committed, 1032M reserved
[83.479s][info][gc,ref      ] GC(35) Soft: 82 encountered, 0 discovered, 0 enqueued
[83.479s][info][gc,ref      ] GC(35) Weak: 200 encountered, 170 discovered, 0 enqueued
[83.479s][info][gc,ref      ] GC(35) Final: 0 encountered, 0 discovered, 0 enqueued
[83.479s][info][gc,ref      ] GC(35) Phantom: 5 encountered, 3 discovered, 0 enqueued
[83.479s][info][gc,reloc    ] GC(35) Small Pages: 1635 / 3270M, Empty: 3122M, Relocated: 6M, In-Place: 0
[83.479s][info][gc,reloc    ] GC(35) Medium Pages: 0 / 0M, Empty: 0M, Relocated: 0M, In-Place: 0
[83.479s][info][gc,reloc    ] GC(35) Large Pages: 0 / 0M, Empty: 0M, Relocated: 0M, In-Place: 0
[83.479s][info][gc,reloc    ] GC(35) Forwarding Usage: 0M
[83.479s][info][gc,heap     ] GC(35) Min Capacity: 8192M(100%)
[83.479s][info][gc,heap     ] GC(35) Max Capacity: 8192M(100%)
[83.479s][info][gc,heap     ] GC(35) Soft Max Capacity: 8192M(100%)
[83.479s][info][gc,heap     ] GC(35)                Mark Start          Mark End        Relocate Start      Relocate End           High               Low         
[83.479s][info][gc,heap     ] GC(35)  Capacity:     8192M (100%)       8192M (100%)       8192M (100%)       8192M (100%)       8192M (100%)       8192M (100%)   
[83.479s][info][gc,heap     ] GC(35)      Free:     4922M (60%)        4888M (60%)        7994M (98%)        8002M (98%)        8002M (98%)        4888M (60%)    
[83.479s][info][gc,heap     ] GC(35)      Used:     3270M (40%)        3304M (40%)         198M (2%)          190M (2%)         3304M (40%)         190M (2%)     
[83.479s][info][gc,heap     ] GC(35)      Live:         -               132M (2%)          132M (2%)          132M (2%)             -                  -          
[83.479s][info][gc,heap     ] GC(35) Allocated:         -                34M (0%)           50M (1%)           50M (1%)             -                  -          
[83.479s][info][gc,heap     ] GC(35)   Garbage:         -              3137M (38%)          15M (0%)            7M (0%)             -                  -          
[83.479s][info][gc,heap     ] GC(35) Reclaimed:         -                  -              3122M (38%)        3130M (38%)            -                  -          
[83.479s][info][gc          ] GC(35) Garbage Collection (Proactive) 3270M(40%)->190M(2%)
[86.040s][info][gc,start    ] GC(36) Garbage Collection (Proactive)
[86.040s][info][gc,phases   ] GC(36) Pause Mark Start 0.005ms
[86.063s][info][gc,phases   ] GC(36) Concurrent Mark 22.710ms
[86.063s][info][gc,phases   ] GC(36) Pause Mark End 0.009ms
[86.063s][info][gc,phases   ] GC(36) Concurrent Process Non-Strong References 0.437ms
[86.063s][info][gc,phases   ] GC(36) Concurrent Reset Relocation Set 0.002ms
[86.066s][info][gc,phases   ] GC(36) Concurrent Select Relocation Set 2.698ms
[86.066s][info][gc,phases   ] GC(36) Pause Relocate Start 0.004ms
[86.067s][info][gc,phases   ] GC(36) Concurrent Relocate 1.203ms
[86.067s][info][gc,load     ] GC(36) Load: 3.46/3.66/3.62
[86.067s][info][gc,mmu      ] GC(36) MMU: 2ms/98.6%, 5ms/99.3%, 10ms/99.7%, 20ms/99.8%, 50ms/99.9%, 100ms/100.0%
[86.067s][info][gc,marking  ] GC(36) Mark: 2 stripe(s), 2 proactive flush(es), 1 terminate flush(es), 0 completion(s), 0 continuation(s) 
[86.067s][info][gc,nmethod  ] GC(36) NMethods: 479 registered, 0 unregistered
[86.067s][info][gc,metaspace] GC(36) Metaspace: 0M used, 0M committed, 1032M reserved
[86.067s][info][gc,ref      ] GC(36) Soft: 82 encountered, 0 discovered, 0 enqueued
[86.067s][info][gc,ref      ] GC(36) Weak: 200 encountered, 169 discovered, 0 enqueued
[86.068s][info][gc,ref      ] GC(36) Final: 0 encountered, 0 discovered, 0 enqueued
[86.068s][info][gc,ref      ] GC(36) Phantom: 5 encountered, 5 discovered, 0 enqueued
[86.068s][info][gc,reloc    ] GC(36) Small Pages: 1427 / 2854M, Empty: 2708M, Relocated: 6M, In-Place: 0
[86.068s][info][gc,reloc    ] GC(36) Medium Pages: 0 / 0M, Empty: 0M, Relocated: 0M, In-Place: 0
[86.068s][info][gc,reloc    ] GC(36) Large Pages: 0 / 0M, Empty: 0M, Relocated: 0M, In-Place: 0
[86.068s][info][gc,reloc    ] GC(36) Forwarding Usage: 0M
[86.068s][info][gc,heap     ] GC(36) Min Capacity: 8192M(100%)
[86.068s][info][gc,heap     ] GC(36) Max Capacity: 8192M(100%)
[86.068s][info][gc,heap     ] GC(36) Soft Max Capacity: 8192M(100%)
[86.068s][info][gc,heap     ] GC(36)                Mark Start          Mark End        Relocate Start      Relocate End           High               Low         
[86.068s][info][gc,heap     ] GC(36)  Capacity:     8192M (100%)       8192M (100%)       8192M (100%)       8192M (100%)       8192M (100%)       8192M (100%)   
[86.068s][info][gc,heap     ] GC(36)      Free:     5338M (65%)        5312M (65%)        8020M (98%)        8018M (98%)        8022M (98%)        5312M (65%)    
[86.068s][info][gc,heap     ] GC(36)      Used:     2854M (35%)        2880M (35%)         172M (2%)          174M (2%)         2880M (35%)         170M (2%)     
[86.068s][info][gc,heap     ] GC(36)      Live:         -               132M (2%)          132M (2%)          132M (2%)             -                  -          
[86.068s][info][gc,heap     ] GC(36) Allocated:         -                26M (0%)           26M (0%)           34M (0%)             -                  -          
[86.068s][info][gc,heap     ] GC(36)   Garbage:         -              2721M (33%)          13M (0%)            7M (0%)             -                  -          
[86.068s][info][gc,heap     ] GC(36) Reclaimed:         -                  -              2708M (33%)        2714M (33%)            -                  -          
[86.068s][info][gc          ] GC(36) Garbage Collection (Proactive) 2854M(35%)->174M(2%)
[88.540s][info][gc,start    ] GC(37) Garbage Collection (Proactive)
[88.540s][info][gc,phases   ] GC(37) Pause Mark Start 0.005ms
[88.561s][info][gc,phases   ] GC(37) Concurrent Mark 21.559ms
[88.561s][info][gc,phases   ] GC(37) Pause Mark End 0.008ms
[88.562s][info][gc,phases   ] GC(37) Concurrent Process Non-Strong References 0.427ms
[88.562s][info][gc,phases   ] GC(37) Concurrent Reset Relocation Set 0.001ms
[88.565s][info][gc,phases   ] GC(37) Concurrent Select Relocation Set 2.734ms
[88.565s][info][gc,phases   ] GC(37) Pause Relocate Start 0.003ms
[88.566s][info][gc,phases   ] GC(37) Concurrent Relocate 1.024ms
[88.566s][info][gc,load     ] GC(37) Load: 3.46/3.66/3.62
[88.566s][info][gc,mmu      ] GC(37) MMU: 2ms/98.6%, 5ms/99.3%, 10ms/99.7%, 20ms/99.8%, 50ms/99.9%, 100ms/100.0%
[88.566s][info][gc,marking  ] GC(37) Mark: 2 stripe(s), 2 proactive flush(es), 1 terminate flush(es), 0 completion(s), 0 continuation(s) 
[88.566s][info][gc,nmethod  ] GC(37) NMethods: 479 registered, 0 unregistered
[88.566s][info][gc,metaspace] GC(37) Metaspace: 0M used, 0M committed, 1032M reserved
[88.566s][info][gc,ref      ] GC(37) Soft: 82 encountered, 0 discovered, 0 enqueued
[88.566s][info][gc,ref      ] GC(37) Weak: 200 encountered, 170 discovered, 0 enqueued
[88.566s][info][gc,ref      ] GC(37) Final: 0 encountered, 0 discovered, 0 enqueued
[88.566s][info][gc,ref      ] GC(37) Phantom: 5 encountered, 5 discovered, 0 enqueued
[88.566s][info][gc,reloc    ] GC(37) Small Pages: 1375 / 2750M, Empty: 2602M, Relocated: 6M, In-Place: 0
[88.566s][info][gc,reloc    ] GC(37) Medium Pages: 0 / 0M, Empty: 0M, Relocated: 0M, In-Place: 0
[88.566s][info][gc,reloc    ] GC(37) Large Pages: 0 / 0M, Empty: 0M, Relocated: 0M, In-Place: 0
[88.566s][info][gc,reloc    ] GC(37) Forwarding Usage: 0M
[88.566s][info][gc,heap     ] GC(37) Min Capacity: 8192M(100%)
[88.566s][info][gc,heap     ] GC(37) Max Capacity: 8192M(100%)
[88.566s][info][gc,heap     ] GC(37) Soft Max Capacity: 8192M(100%)
[88.566s][info][gc,heap     ] GC(37)                Mark Start          Mark End        Relocate Start      Relocate End           High               Low         
[88.566s][info][gc,heap     ] GC(37)  Capacity:     8192M (100%)       8192M (100%)       8192M (100%)       8192M (100%)       8192M (100%)       8192M (100%)   
[88.566s][info][gc,heap     ] GC(37)      Free:     5442M (66%)        5416M (66%)        8018M (98%)        8026M (98%)        8026M (98%)        5416M (66%)    
[88.566s][info][gc,heap     ] GC(37)      Used:     2750M (34%)        2776M (34%)         174M (2%)          166M (2%)         2776M (34%)         166M (2%)     
[88.566s][info][gc,heap     ] GC(37)      Live:         -               132M (2%)          132M (2%)          132M (2%)             -                  -          
[88.566s][info][gc,heap     ] GC(37) Allocated:         -                26M (0%)           26M (0%)           26M (0%)             -                  -          
[88.566s][info][gc,heap     ] GC(37)   Garbage:         -              2617M (32%)          15M (0%)            7M (0%)             -                  -          
[88.566s][info][gc,heap     ] GC(37) Reclaimed:         -                  -              2602M (32%)        2610M (32%)            -                  -          
[88.566s][info][gc          ] GC(37) Garbage Collection (Proactive) 2750M(34%)->166M(2%)
[90.040s][info][gc,stats    ] === Garbage Collection Statistics =======================================================================================================================
[90.040s][info][gc,stats    ]                                                              Last 10s              Last 10m              Last 10h                Total
[90.040s][info][gc,stats    ]                                                              Avg / Max             Avg / Max             Avg / Max             Avg / Max
[90.040s][info][gc,stats    ]   Collector: Garbage Collection Cycle                     33.939 / 41.714       38.347 / 95.920       38.347 / 95.920       38.347 / 95.920      ms
[90.040s][info][gc,stats    ]  Contention: Mark Segment Reset Contention                     0 / 0                 0 / 4                 0 / 4                 0 / 4           ops/s
[90.040s][info][gc,stats    ]  Contention: Mark SeqNum Reset Contention                      0 / 0                 0 / 0                 0 / 0                 0 / 0           ops/s
[90.040s][info][gc,stats    ]    Critical: Allocation Stall                                  0 / 0                 0 / 0                 0 / 0                 0 / 0           ops/s
[90.040s][info][gc,stats    ]    Critical: Allocation Stall                              0.000 / 0.000         0.000 / 0.000         0.000 / 0.000         0.000 / 0.000       ms
[90.040s][info][gc,stats    ]    Critical: GC Locker Stall                                   0 / 0                 0 / 0                 0 / 0                 0 / 0           ops/s
[90.040s][info][gc,stats    ]    Critical: GC Locker Stall                               0.000 / 0.000         0.000 / 0.000         0.000 / 0.000         0.000 / 0.000       ms
[90.040s][info][gc,stats    ]    Critical: Relocation Stall                                  0 / 0                 0 / 0                 0 / 0                 0 / 0           ops/s
[90.040s][info][gc,stats    ]    Critical: Relocation Stall                              0.000 / 0.000         0.000 / 0.000         0.000 / 0.000         0.000 / 0.000       ms
[90.040s][info][gc,stats    ]      Memory: Allocation Rate                                1044 / 1050           1135 / 9212           1135 / 9212           1135 / 9212        MB/s
[90.040s][info][gc,stats    ]      Memory: Out Of Memory                                     0 / 0                 0 / 0                 0 / 0                 0 / 0           ops/s
[90.040s][info][gc,stats    ]      Memory: Page Cache Flush                                  0 / 0                 0 / 0                 0 / 0                 0 / 0           MB/s
[90.040s][info][gc,stats    ]      Memory: Page Cache Hit L1                               523 / 529             505 / 532             505 / 532             505 / 532         ops/s
[90.040s][info][gc,stats    ]      Memory: Page Cache Hit L2                                 0 / 0                 0 / 0                 0 / 0                 0 / 0           ops/s
[90.040s][info][gc,stats    ]      Memory: Page Cache Hit L3                                 0 / 0                19 / 486              19 / 486              19 / 486         ops/s
[90.040s][info][gc,stats    ]      Memory: Page Cache Miss                                   0 / 0                 0 / 1                 0 / 1                 0 / 1           ops/s
[90.040s][info][gc,stats    ]      Memory: Uncommit                                          0 / 0                 0 / 0                 0 / 0                 0 / 0           MB/s
[90.040s][info][gc,stats    ]      Memory: Undo Object Allocation Failed                     0 / 0                 0 / 0                 0 / 0                 0 / 0           ops/s
[90.040s][info][gc,stats    ]      Memory: Undo Object Allocation Succeeded                  0 / 1                 0 / 6                 0 / 6                 0 / 6           ops/s
[90.040s][info][gc,stats    ]      Memory: Undo Page Allocation                              0 / 0                 0 / 1                 0 / 1                 0 / 1           ops/s
[90.040s][info][gc,stats    ]       Phase: Concurrent Mark                              29.075 / 36.803       32.310 / 65.214       32.310 / 65.214       32.310 / 65.214      ms
[90.040s][info][gc,stats    ]       Phase: Concurrent Mark Continue                      0.000 / 0.000         0.000 / 0.000         0.000 / 0.000         0.000 / 0.000       ms
[90.040s][info][gc,stats    ]       Phase: Concurrent Process Non-Strong References      0.450 / 0.513         0.490 / 0.911         0.490 / 0.911         0.490 / 0.911       ms
[90.040s][info][gc,stats    ]       Phase: Concurrent Relocate                           1.047 / 1.203         1.756 / 16.651        1.756 / 16.651        1.756 / 16.651      ms
[90.040s][info][gc,stats    ]       Phase: Concurrent Reset Relocation Set               0.002 / 0.002         0.005 / 0.098         0.005 / 0.098         0.005 / 0.098       ms
[90.040s][info][gc,stats    ]       Phase: Concurrent Select Relocation Set              2.815 / 2.975         3.187 / 12.567        3.187 / 12.567        3.187 / 12.567      ms
[90.040s][info][gc,stats    ]       Phase: Pause Mark End                                0.008 / 0.009         0.009 / 0.025         0.009 / 0.025         0.009 / 0.025       ms
[90.040s][info][gc,stats    ]       Phase: Pause Mark Start                              0.005 / 0.005         0.006 / 0.028         0.006 / 0.028         0.006 / 0.028       ms
[90.040s][info][gc,stats    ]       Phase: Pause Relocate Start                          0.004 / 0.004         0.005 / 0.026         0.005 / 0.026         0.005 / 0.026       ms
[90.040s][info][gc,stats    ]    Subphase: Concurrent Classes Purge                      0.029 / 0.040         0.031 / 0.102         0.031 / 0.102         0.031 / 0.102       ms
[90.040s][info][gc,stats    ]    Subphase: Concurrent Classes Unlink                     0.287 / 0.290         0.305 / 0.571         0.305 / 0.571         0.305 / 0.571       ms
[90.040s][info][gc,stats    ]    Subphase: Concurrent Mark                              28.331 / 36.561       31.591 / 64.907       31.591 / 64.907       31.591 / 64.907      ms
[90.040s][info][gc,stats    ]    Subphase: Concurrent Mark Idle                          1.176 / 1.277         1.153 / 1.290         1.153 / 1.290         1.153 / 1.290       ms
[90.040s][info][gc,stats    ]    Subphase: Concurrent Mark Try Flush                     0.037 / 0.099         0.042 / 0.119         0.042 / 0.119         0.042 / 0.119       ms
[90.040s][info][gc,stats    ]    Subphase: Concurrent Mark Try Terminate                 0.461 / 1.278         0.447 / 1.291         0.447 / 1.291         0.447 / 1.291       ms
[90.040s][info][gc,stats    ]    Subphase: Concurrent References Enqueue                 0.000 / 0.000         0.000 / 0.003         0.000 / 0.003         0.000 / 0.003       ms
[90.040s][info][gc,stats    ]    Subphase: Concurrent References Process                 0.028 / 0.030         0.033 / 0.095         0.033 / 0.095         0.033 / 0.095       ms
[90.040s][info][gc,stats    ]    Subphase: Concurrent Roots ClassLoaderDataGraph         0.013 / 0.027         0.016 / 0.132         0.016 / 0.132         0.016 / 0.132       ms
[90.040s][info][gc,stats    ]    Subphase: Concurrent Roots CodeCache                    0.000 / 0.000         0.000 / 0.000         0.000 / 0.000         0.000 / 0.000       ms
[90.040s][info][gc,stats    ]    Subphase: Concurrent Roots JavaThreads                  0.176 / 0.194         0.187 / 0.277         0.187 / 0.277         0.187 / 0.277       ms
[90.040s][info][gc,stats    ]    Subphase: Concurrent Roots OopStorageSet                0.003 / 0.004         0.004 / 0.009         0.004 / 0.009         0.004 / 0.009       ms
[90.040s][info][gc,stats    ]    Subphase: Concurrent Weak Roots OopStorageSet           0.038 / 0.049         0.042 / 0.120         0.042 / 0.120         0.042 / 0.120       ms
[90.040s][info][gc,stats    ]    Subphase: Pause Mark Try Complete                       0.000 / 0.000         0.000 / 0.000         0.000 / 0.000         0.000 / 0.000       ms
[90.040s][info][gc,stats    ]      System: Java Threads                                     16 / 16               16 / 20               16 / 20               16 / 20          threads
[90.040s][info][gc,stats    ] =========================================================================================================================================================
[90.641s][info][gc,start    ] GC(38) Garbage Collection (Proactive)
[90.641s][info][gc,phases   ] GC(38) Pause Mark Start 0.004ms
[90.675s][info][gc,phases   ] GC(38) Concurrent Mark 34.612ms
[90.676s][info][gc,phases   ] GC(38) Pause Mark End 0.008ms
[90.676s][info][gc,phases   ] GC(38) Concurrent Process Non-Strong References 0.459ms
[90.676s][info][gc,phases   ] GC(38) Concurrent Reset Relocation Set 0.002ms
[90.679s][info][gc,phases   ] GC(38) Concurrent Select Relocation Set 2.931ms
[90.679s][info][gc,phases   ] GC(38) Pause Relocate Start 0.003ms
[90.680s][info][gc,phases   ] GC(38) Concurrent Relocate 0.730ms
[90.680s][info][gc,load     ] GC(38) Load: 3.34/3.63/3.62
[90.680s][info][gc,mmu      ] GC(38) MMU: 2ms/98.6%, 5ms/99.3%, 10ms/99.7%, 20ms/99.8%, 50ms/99.9%, 100ms/100.0%
[90.680s][info][gc,marking  ] GC(38) Mark: 2 stripe(s), 2 proactive flush(es), 1 terminate flush(es), 0 completion(s), 0 continuation(s) 
[90.680s][info][gc,nmethod  ] GC(38) NMethods: 479 registered, 0 unregistered
[90.680s][info][gc,metaspace] GC(38) Metaspace: 0M used, 0M committed, 1032M reserved
[90.680s][info][gc,ref      ] GC(38) Soft: 82 encountered, 0 discovered, 0 enqueued
[90.680s][info][gc,ref      ] GC(38) Weak: 200 encountered, 58 discovered, 0 enqueued
[90.680s][info][gc,ref      ] GC(38) Final: 0 encountered, 0 discovered, 0 enqueued
[90.680s][info][gc,ref      ] GC(38) Phantom: 5 encountered, 3 discovered, 0 enqueued
[90.680s][info][gc,reloc    ] GC(38) Small Pages: 1167 / 2334M, Empty: 2186M, Relocated: 4M, In-Place: 0
[90.680s][info][gc,reloc    ] GC(38) Medium Pages: 0 / 0M, Empty: 0M, Relocated: 0M, In-Place: 0
[90.680s][info][gc,reloc    ] GC(38) Large Pages: 0 / 0M, Empty: 0M, Relocated: 0M, In-Place: 0
[90.680s][info][gc,reloc    ] GC(38) Forwarding Usage: 0M
[90.680s][info][gc,heap     ] GC(38) Min Capacity: 8192M(100%)
[90.680s][info][gc,heap     ] GC(38) Max Capacity: 8192M(100%)
[90.680s][info][gc,heap     ] GC(38) Soft Max Capacity: 8192M(100%)
[90.680s][info][gc,heap     ] GC(38)                Mark Start          Mark End        Relocate Start      Relocate End           High               Low         
[90.680s][info][gc,heap     ] GC(38)  Capacity:     8192M (100%)       8192M (100%)       8192M (100%)       8192M (100%)       8192M (100%)       8192M (100%)   
[90.680s][info][gc,heap     ] GC(38)      Free:     5858M (72%)        5824M (71%)        7994M (98%)        8002M (98%)        8002M (98%)        5822M (71%)    
[90.680s][info][gc,heap     ] GC(38)      Used:     2334M (28%)        2368M (29%)         198M (2%)          190M (2%)         2370M (29%)         190M (2%)     
[90.680s][info][gc,heap     ] GC(38)      Live:         -               132M (2%)          132M (2%)          132M (2%)             -                  -          
[90.680s][info][gc,heap     ] GC(38) Allocated:         -                34M (0%)           50M (1%)           50M (1%)             -                  -          
[90.680s][info][gc,heap     ] GC(38)   Garbage:         -              2201M (27%)          15M (0%)            7M (0%)             -                  -          
[90.680s][info][gc,heap     ] GC(38) Reclaimed:         -                  -              2186M (27%)        2194M (27%)            -                  -          
[90.680s][info][gc          ] GC(38) Garbage Collection (Proactive) 2334M(28%)->190M(2%)
[93.440s][info][gc,start    ] GC(39) Garbage Collection (Proactive)
[93.440s][info][gc,phases   ] GC(39) Pause Mark Start 0.005ms
[93.476s][info][gc,phases   ] GC(39) Concurrent Mark 35.212ms
[93.476s][info][gc,phases   ] GC(39) Pause Mark End 0.009ms
[93.476s][info][gc,phases   ] GC(39) Concurrent Process Non-Strong References 0.515ms
[93.476s][info][gc,phases   ] GC(39) Concurrent Reset Relocation Set 0.002ms
[93.479s][info][gc,phases   ] GC(39) Concurrent Select Relocation Set 3.108ms
[93.480s][info][gc,phases   ] GC(39) Pause Relocate Start 0.006ms
[93.481s][info][gc,phases   ] GC(39) Concurrent Relocate 1.210ms
[93.481s][info][gc,load     ] GC(39) Load: 3.34/3.63/3.62
[93.481s][info][gc,mmu      ] GC(39) MMU: 2ms/98.6%, 5ms/99.3%, 10ms/99.7%, 20ms/99.8%, 50ms/99.9%, 100ms/100.0%
[93.481s][info][gc,marking  ] GC(39) Mark: 2 stripe(s), 2 proactive flush(es), 1 terminate flush(es), 0 completion(s), 0 continuation(s) 
[93.481s][info][gc,nmethod  ] GC(39) NMethods: 479 registered, 0 unregistered
[93.481s][info][gc,metaspace] GC(39) Metaspace: 0M used, 0M committed, 1032M reserved
[93.481s][info][gc,ref      ] GC(39) Soft: 82 encountered, 0 discovered, 0 enqueued
[93.481s][info][gc,ref      ] GC(39) Weak: 200 encountered, 170 discovered, 0 enqueued
[93.481s][info][gc,ref      ] GC(39) Final: 0 encountered, 0 discovered, 0 enqueued
[93.481s][info][gc,ref      ] GC(39) Phantom: 5 encountered, 5 discovered, 0 enqueued
[93.481s][info][gc,reloc    ] GC(39) Small Pages: 1531 / 3062M, Empty: 2914M, Relocated: 8M, In-Place: 0
[93.481s][info][gc,reloc    ] GC(39) Medium Pages: 0 / 0M, Empty: 0M, Relocated: 0M, In-Place: 0
[93.481s][info][gc,reloc    ] GC(39) Large Pages: 0 / 0M, Empty: 0M, Relocated: 0M, In-Place: 0
[93.481s][info][gc,reloc    ] GC(39) Forwarding Usage: 0M
[93.481s][info][gc,heap     ] GC(39) Min Capacity: 8192M(100%)
[93.481s][info][gc,heap     ] GC(39) Max Capacity: 8192M(100%)
[93.481s][info][gc,heap     ] GC(39) Soft Max Capacity: 8192M(100%)
[93.481s][info][gc,heap     ] GC(39)                Mark Start          Mark End        Relocate Start      Relocate End           High               Low         
[93.481s][info][gc,heap     ] GC(39)  Capacity:     8192M (100%)       8192M (100%)       8192M (100%)       8192M (100%)       8192M (100%)       8192M (100%)   
[93.481s][info][gc,heap     ] GC(39)      Free:     5130M (63%)        5096M (62%)        7994M (98%)        8002M (98%)        8002M (98%)        5088M (62%)    
[93.481s][info][gc,heap     ] GC(39)      Used:     3062M (37%)        3096M (38%)         198M (2%)          190M (2%)         3104M (38%)         190M (2%)     
[93.481s][info][gc,heap     ] GC(39)      Live:         -               132M (2%)          132M (2%)          132M (2%)             -                  -          
[93.481s][info][gc,heap     ] GC(39) Allocated:         -                34M (0%)           50M (1%)           50M (1%)             -                  -          
[93.481s][info][gc,heap     ] GC(39)   Garbage:         -              2929M (36%)          15M (0%)            7M (0%)             -                  -          
[93.481s][info][gc,heap     ] GC(39) Reclaimed:         -                  -              2914M (36%)        2922M (36%)            -                  -          
[93.481s][info][gc          ] GC(39) Garbage Collection (Proactive) 3062M(37%)->190M(2%)
[96.040s][info][gc,start    ] GC(40) Garbage Collection (Proactive)
[96.040s][info][gc,phases   ] GC(40) Pause Mark Start 0.007ms
[96.063s][info][gc,phases   ] GC(40) Concurrent Mark 22.628ms
[96.063s][info][gc,phases   ] GC(40) Pause Mark End 0.008ms
[96.063s][info][gc,phases   ] GC(40) Concurrent Process Non-Strong References 0.398ms
[96.063s][info][gc,phases   ] GC(40) Concurrent Reset Relocation Set 0.002ms
[96.066s][info][gc,phases   ] GC(40) Concurrent Select Relocation Set 2.928ms
[96.066s][info][gc,phases   ] GC(40) Pause Relocate Start 0.003ms
[96.068s][info][gc,phases   ] GC(40) Concurrent Relocate 1.403ms
[96.068s][info][gc,load     ] GC(40) Load: 3.16/3.59/3.60
[96.068s][info][gc,mmu      ] GC(40) MMU: 2ms/98.6%, 5ms/99.3%, 10ms/99.7%, 20ms/99.8%, 50ms/99.9%, 100ms/100.0%
[96.068s][info][gc,marking  ] GC(40) Mark: 2 stripe(s), 2 proactive flush(es), 1 terminate flush(es), 0 completion(s), 0 continuation(s) 
[96.068s][info][gc,nmethod  ] GC(40) NMethods: 479 registered, 0 unregistered
[96.068s][info][gc,metaspace] GC(40) Metaspace: 0M used, 0M committed, 1032M reserved
[96.068s][info][gc,ref      ] GC(40) Soft: 82 encountered, 0 discovered, 0 enqueued
[96.068s][info][gc,ref      ] GC(40) Weak: 200 encountered, 170 discovered, 0 enqueued
[96.068s][info][gc,ref      ] GC(40) Final: 0 encountered, 0 discovered, 0 enqueued
[96.068s][info][gc,ref      ] GC(40) Phantom: 5 encountered, 3 discovered, 0 enqueued
[96.068s][info][gc,reloc    ] GC(40) Small Pages: 1427 / 2854M, Empty: 2708M, Relocated: 6M, In-Place: 0
[96.068s][info][gc,reloc    ] GC(40) Medium Pages: 0 / 0M, Empty: 0M, Relocated: 0M, In-Place: 0
[96.068s][info][gc,reloc    ] GC(40) Large Pages: 0 / 0M, Empty: 0M, Relocated: 0M, In-Place: 0
[96.068s][info][gc,reloc    ] GC(40) Forwarding Usage: 0M
[96.068s][info][gc,heap     ] GC(40) Min Capacity: 8192M(100%)
[96.068s][info][gc,heap     ] GC(40) Max Capacity: 8192M(100%)
[96.068s][info][gc,heap     ] GC(40) Soft Max Capacity: 8192M(100%)
[96.068s][info][gc,heap     ] GC(40)                Mark Start          Mark End        Relocate Start      Relocate End           High               Low         
[96.068s][info][gc,heap     ] GC(40)  Capacity:     8192M (100%)       8192M (100%)       8192M (100%)       8192M (100%)       8192M (100%)       8192M (100%)   
[96.068s][info][gc,heap     ] GC(40)      Free:     5338M (65%)        5312M (65%)        8018M (98%)        8018M (98%)        8018M (98%)        5312M (65%)    
[96.068s][info][gc,heap     ] GC(40)      Used:     2854M (35%)        2880M (35%)         174M (2%)          174M (2%)         2880M (35%)         174M (2%)     
[96.068s][info][gc,heap     ] GC(40)      Live:         -               132M (2%)          132M (2%)          132M (2%)             -                  -          
[96.068s][info][gc,heap     ] GC(40) Allocated:         -                26M (0%)           28M (0%)           34M (0%)             -                  -          
[96.068s][info][gc,heap     ] GC(40)   Garbage:         -              2721M (33%)          13M (0%)            7M (0%)             -                  -          
[96.068s][info][gc,heap     ] GC(40) Reclaimed:         -                  -              2708M (33%)        2714M (33%)            -                  -          
[96.068s][info][gc          ] GC(40) Garbage Collection (Proactive) 2854M(35%)->174M(2%)
[98.540s][info][gc,start    ] GC(41) Garbage Collection (Proactive)
[98.540s][info][gc,phases   ] GC(41) Pause Mark Start 0.004ms
[98.562s][info][gc,phases   ] GC(41) Concurrent Mark 21.574ms
[98.562s][info][gc,phases   ] GC(41) Pause Mark End 0.008ms
[98.562s][info][gc,phases   ] GC(41) Concurrent Process Non-Strong References 0.418ms
[98.562s][info][gc,phases   ] GC(41) Concurrent Reset Relocation Set 0.001ms
[98.565s][info][gc,phases   ] GC(41) Concurrent Select Relocation Set 2.701ms
[98.565s][info][gc,phases   ] GC(41) Pause Relocate Start 0.003ms
[98.566s][info][gc,phases   ] GC(41) Concurrent Relocate 0.881ms
[98.566s][info][gc,load     ] GC(41) Load: 3.16/3.59/3.60
[98.566s][info][gc,mmu      ] GC(41) MMU: 2ms/98.6%, 5ms/99.3%, 10ms/99.7%, 20ms/99.8%, 50ms/99.9%, 100ms/100.0%
[98.566s][info][gc,marking  ] GC(41) Mark: 2 stripe(s), 2 proactive flush(es), 1 terminate flush(es), 0 completion(s), 0 continuation(s) 
[98.566s][info][gc,nmethod  ] GC(41) NMethods: 480 registered, 0 unregistered
[98.566s][info][gc,metaspace] GC(41) Metaspace: 0M used, 0M committed, 1032M reserved
[98.566s][info][gc,ref      ] GC(41) Soft: 82 encountered, 0 discovered, 0 enqueued
[98.566s][info][gc,ref      ] GC(41) Weak: 200 encountered, 170 discovered, 0 enqueued
[98.566s][info][gc,ref      ] GC(41) Final: 0 encountered, 0 discovered, 0 enqueued
[98.566s][info][gc,ref      ] GC(41) Phantom: 5 encountered, 3 discovered, 0 enqueued
[98.566s][info][gc,reloc    ] GC(41) Small Pages: 1375 / 2750M, Empty: 2604M, Relocated: 6M, In-Place: 0
[98.566s][info][gc,reloc    ] GC(41) Medium Pages: 0 / 0M, Empty: 0M, Relocated: 0M, In-Place: 0
[98.566s][info][gc,reloc    ] GC(41) Large Pages: 0 / 0M, Empty: 0M, Relocated: 0M, In-Place: 0
[98.566s][info][gc,reloc    ] GC(41) Forwarding Usage: 0M
[98.566s][info][gc,heap     ] GC(41) Min Capacity: 8192M(100%)
[98.566s][info][gc,heap     ] GC(41) Max Capacity: 8192M(100%)
[98.566s][info][gc,heap     ] GC(41) Soft Max Capacity: 8192M(100%)
[98.566s][info][gc,heap     ] GC(41)                Mark Start          Mark End        Relocate Start      Relocate End           High               Low         
[98.566s][info][gc,heap     ] GC(41)  Capacity:     8192M (100%)       8192M (100%)       8192M (100%)       8192M (100%)       8192M (100%)       8192M (100%)   
[98.566s][info][gc,heap     ] GC(41)      Free:     5442M (66%)        5416M (66%)        8020M (98%)        8026M (98%)        8026M (98%)        5416M (66%)    
[98.566s][info][gc,heap     ] GC(41)      Used:     2750M (34%)        2776M (34%)         172M (2%)          166M (2%)         2776M (34%)         166M (2%)     
[98.566s][info][gc,heap     ] GC(41)      Live:         -               132M (2%)          132M (2%)          132M (2%)             -                  -          
[98.566s][info][gc,heap     ] GC(41) Allocated:         -                26M (0%)           26M (0%)           26M (0%)             -                  -          
[98.566s][info][gc,heap     ] GC(41)   Garbage:         -              2617M (32%)          13M (0%)            7M (0%)             -                  -          
[98.566s][info][gc,heap     ] GC(41) Reclaimed:         -                  -              2604M (32%)        2610M (32%)            -                  -          
[98.566s][info][gc          ] GC(41) Garbage Collection (Proactive) 2750M(34%)->166M(2%)
[100.040s][info][gc,stats    ] === Garbage Collection Statistics =======================================================================================================================
[100.040s][info][gc,stats    ]                                                              Last 10s              Last 10m              Last 10h                Total
[100.040s][info][gc,stats    ]                                                              Avg / Max             Avg / Max             Avg / Max             Avg / Max
[100.040s][info][gc,stats    ]   Collector: Garbage Collection Cycle                     33.438 / 40.612       37.880 / 95.920       37.880 / 95.920       37.880 / 95.920      ms
[100.040s][info][gc,stats    ]  Contention: Mark Segment Reset Contention                     0 / 1                 0 / 4                 0 / 4                 0 / 4           ops/s
[100.040s][info][gc,stats    ]  Contention: Mark SeqNum Reset Contention                      0 / 0                 0 / 0                 0 / 0                 0 / 0           ops/s
[100.040s][info][gc,stats    ]    Critical: Allocation Stall                                  0 / 0                 0 / 0                 0 / 0                 0 / 0           ops/s
[100.040s][info][gc,stats    ]    Critical: Allocation Stall                              0.000 / 0.000         0.000 / 0.000         0.000 / 0.000         0.000 / 0.000       ms
[100.040s][info][gc,stats    ]    Critical: GC Locker Stall                                   0 / 0                 0 / 0                 0 / 0                 0 / 0           ops/s
[100.040s][info][gc,stats    ]    Critical: GC Locker Stall                               0.000 / 0.000         0.000 / 0.000         0.000 / 0.000         0.000 / 0.000       ms
[100.040s][info][gc,stats    ]    Critical: Relocation Stall                                  0 / 0                 0 / 0                 0 / 0                 0 / 0           ops/s
[100.040s][info][gc,stats    ]    Critical: Relocation Stall                              0.000 / 0.000         0.000 / 0.000         0.000 / 0.000         0.000 / 0.000       ms
[100.040s][info][gc,stats    ]      Memory: Allocation Rate                                1044 / 1050           1126 / 9212           1126 / 9212           1126 / 9212        MB/s
[100.040s][info][gc,stats    ]      Memory: Out Of Memory                                     0 / 0                 0 / 0                 0 / 0                 0 / 0           ops/s
[100.040s][info][gc,stats    ]      Memory: Page Cache Flush                                  0 / 0                 0 / 0                 0 / 0                 0 / 0           MB/s
[100.040s][info][gc,stats    ]      Memory: Page Cache Hit L1                               523 / 530             507 / 532             507 / 532             507 / 532         ops/s
[100.040s][info][gc,stats    ]      Memory: Page Cache Hit L2                                 0 / 0                 0 / 0                 0 / 0                 0 / 0           ops/s
[100.040s][info][gc,stats    ]      Memory: Page Cache Hit L3                                 0 / 0                17 / 486              17 / 486              17 / 486         ops/s
[100.040s][info][gc,stats    ]      Memory: Page Cache Miss                                   0 / 0                 0 / 1                 0 / 1                 0 / 1           ops/s
[100.040s][info][gc,stats    ]      Memory: Uncommit                                          0 / 0                 0 / 0                 0 / 0                 0 / 0           MB/s
[100.040s][info][gc,stats    ]      Memory: Undo Object Allocation Failed                     0 / 0                 0 / 0                 0 / 0                 0 / 0           ops/s
[100.040s][info][gc,stats    ]      Memory: Undo Object Allocation Succeeded                  0 / 0                 0 / 6                 0 / 6                 0 / 6           ops/s
[100.040s][info][gc,stats    ]      Memory: Undo Page Allocation                              0 / 0                 0 / 1                 0 / 1                 0 / 1           ops/s
[100.040s][info][gc,stats    ]       Phase: Concurrent Mark                              28.506 / 35.212       31.948 / 65.214       31.948 / 65.214       31.948 / 65.214      ms
[100.040s][info][gc,stats    ]       Phase: Concurrent Mark Continue                      0.000 / 0.000         0.000 / 0.000         0.000 / 0.000         0.000 / 0.000       ms
[100.040s][info][gc,stats    ]       Phase: Concurrent Process Non-Strong References      0.447 / 0.515         0.486 / 0.911         0.486 / 0.911         0.486 / 0.911       ms
[100.040s][info][gc,stats    ]       Phase: Concurrent Relocate                           1.056 / 1.403         1.689 / 16.651        1.689 / 16.651        1.689 / 16.651      ms
[100.040s][info][gc,stats    ]       Phase: Concurrent Reset Relocation Set               0.002 / 0.002         0.004 / 0.098         0.004 / 0.098         0.004 / 0.098       ms
[100.040s][info][gc,stats    ]       Phase: Concurrent Select Relocation Set              2.917 / 3.108         3.161 / 12.567        3.161 / 12.567        3.161 / 12.567      ms
[100.040s][info][gc,stats    ]       Phase: Pause Mark End                                0.008 / 0.009         0.009 / 0.025         0.009 / 0.025         0.009 / 0.025       ms
[100.040s][info][gc,stats    ]       Phase: Pause Mark Start                              0.005 / 0.007         0.006 / 0.028         0.006 / 0.028         0.006 / 0.028       ms
[100.040s][info][gc,stats    ]       Phase: Pause Relocate Start                          0.004 / 0.006         0.005 / 0.026         0.005 / 0.026         0.005 / 0.026       ms
[100.040s][info][gc,stats    ]    Subphase: Concurrent Classes Purge                      0.038 / 0.064         0.032 / 0.102         0.032 / 0.102         0.032 / 0.102       ms
[100.040s][info][gc,stats    ]    Subphase: Concurrent Classes Unlink                     0.277 / 0.285         0.302 / 0.571         0.302 / 0.571         0.302 / 0.571       ms
[100.040s][info][gc,stats    ]    Subphase: Concurrent Mark                              27.810 / 34.920       31.231 / 64.907       31.231 / 64.907       31.231 / 64.907      ms
[100.040s][info][gc,stats    ]    Subphase: Concurrent Mark Idle                          1.205 / 1.296         1.159 / 1.296         1.159 / 1.296         1.159 / 1.296       ms
[100.040s][info][gc,stats    ]    Subphase: Concurrent Mark Try Flush                     0.039 / 0.085         0.042 / 0.119         0.042 / 0.119         0.042 / 0.119       ms
[100.040s][info][gc,stats    ]    Subphase: Concurrent Mark Try Terminate                 0.480 / 1.299         0.450 / 1.299         0.450 / 1.299         0.450 / 1.299       ms
[100.040s][info][gc,stats    ]    Subphase: Concurrent References Enqueue                 0.000 / 0.001         0.000 / 0.003         0.000 / 0.003         0.000 / 0.003       ms
[100.040s][info][gc,stats    ]    Subphase: Concurrent References Process                 0.031 / 0.052         0.033 / 0.095         0.033 / 0.095         0.033 / 0.095       ms
[100.040s][info][gc,stats    ]    Subphase: Concurrent Roots ClassLoaderDataGraph         0.013 / 0.026         0.016 / 0.132         0.016 / 0.132         0.016 / 0.132       ms
[100.040s][info][gc,stats    ]    Subphase: Concurrent Roots CodeCache                    0.000 / 0.000         0.000 / 0.000         0.000 / 0.000         0.000 / 0.000       ms
[100.040s][info][gc,stats    ]    Subphase: Concurrent Roots JavaThreads                  0.167 / 0.195         0.185 / 0.277         0.185 / 0.277         0.185 / 0.277       ms
[100.040s][info][gc,stats    ]    Subphase: Concurrent Roots OopStorageSet                0.004 / 0.004         0.004 / 0.009         0.004 / 0.009         0.004 / 0.009       ms
[100.040s][info][gc,stats    ]    Subphase: Concurrent Weak Roots OopStorageSet           0.036 / 0.047         0.041 / 0.120         0.041 / 0.120         0.041 / 0.120       ms
[100.040s][info][gc,stats    ]    Subphase: Pause Mark Try Complete                       0.000 / 0.000         0.000 / 0.000         0.000 / 0.000         0.000 / 0.000       ms
[100.040s][info][gc,stats    ]      System: Java Threads                                     16 / 16               16 / 20               16 / 20               16 / 20          threads
[100.040s][info][gc,stats    ] =========================================================================================================================================================
[100.639s][info][gc,start    ] GC(42) Garbage Collection (Proactive)
[100.639s][info][gc,phases   ] GC(42) Pause Mark Start 0.004ms
[100.662s][info][gc,phases   ] GC(42) Concurrent Mark 22.825ms
[100.662s][info][gc,phases   ] GC(42) Pause Mark End 0.008ms
[100.663s][info][gc,phases   ] GC(42) Concurrent Process Non-Strong References 0.409ms
[100.663s][info][gc,phases   ] GC(42) Concurrent Reset Relocation Set 0.002ms
[100.665s][info][gc,phases   ] GC(42) Concurrent Select Relocation Set 2.606ms
[100.665s][info][gc,phases   ] GC(42) Pause Relocate Start 0.004ms
[100.666s][info][gc,phases   ] GC(42) Concurrent Relocate 0.783ms
[100.666s][info][gc,load     ] GC(42) Load: 3.06/3.56/3.59
[100.666s][info][gc,mmu      ] GC(42) MMU: 2ms/98.6%, 5ms/99.3%, 10ms/99.7%, 20ms/99.8%, 50ms/99.9%, 100ms/100.0%
[100.666s][info][gc,marking  ] GC(42) Mark: 2 stripe(s), 2 proactive flush(es), 1 terminate flush(es), 0 completion(s), 0 continuation(s) 
[100.666s][info][gc,nmethod  ] GC(42) NMethods: 480 registered, 0 unregistered
[100.666s][info][gc,metaspace] GC(42) Metaspace: 0M used, 0M committed, 1032M reserved
[100.666s][info][gc,ref      ] GC(42) Soft: 82 encountered, 0 discovered, 0 enqueued
[100.666s][info][gc,ref      ] GC(42) Weak: 200 encountered, 170 discovered, 0 enqueued
[100.666s][info][gc,ref      ] GC(42) Final: 0 encountered, 0 discovered, 0 enqueued
[100.666s][info][gc,ref      ] GC(42) Phantom: 5 encountered, 5 discovered, 0 enqueued
[100.666s][info][gc,reloc    ] GC(42) Small Pages: 1167 / 2334M, Empty: 2188M, Relocated: 4M, In-Place: 0
[100.666s][info][gc,reloc    ] GC(42) Medium Pages: 0 / 0M, Empty: 0M, Relocated: 0M, In-Place: 0
[100.666s][info][gc,reloc    ] GC(42) Large Pages: 0 / 0M, Empty: 0M, Relocated: 0M, In-Place: 0
[100.666s][info][gc,reloc    ] GC(42) Forwarding Usage: 0M
[100.666s][info][gc,heap     ] GC(42) Min Capacity: 8192M(100%)
[100.666s][info][gc,heap     ] GC(42) Max Capacity: 8192M(100%)
[100.666s][info][gc,heap     ] GC(42) Soft Max Capacity: 8192M(100%)
[100.666s][info][gc,heap     ] GC(42)                Mark Start          Mark End        Relocate Start      Relocate End           High               Low         
[100.666s][info][gc,heap     ] GC(42)  Capacity:     8192M (100%)       8192M (100%)       8192M (100%)       8192M (100%)       8192M (100%)       8192M (100%)   
[100.666s][info][gc,heap     ] GC(42)      Free:     5858M (72%)        5832M (71%)        8020M (98%)        8026M (98%)        8026M (98%)        5832M (71%)    
[100.666s][info][gc,heap     ] GC(42)      Used:     2334M (28%)        2360M (29%)         172M (2%)          166M (2%)         2360M (29%)         166M (2%)     
[100.666s][info][gc,heap     ] GC(42)      Live:         -               132M (2%)          132M (2%)          132M (2%)             -                  -          
[100.666s][info][gc,heap     ] GC(42) Allocated:         -                26M (0%)           26M (0%)           26M (0%)             -                  -          
[100.666s][info][gc,heap     ] GC(42)   Garbage:         -              2201M (27%)          13M (0%)            7M (0%)             -                  -          
[100.666s][info][gc,heap     ] GC(42) Reclaimed:         -                  -              2188M (27%)        2194M (27%)            -                  -          
[100.666s][info][gc          ] GC(42) Garbage Collection (Proactive) 2334M(28%)->166M(2%)
[102.440s][info][gc,start    ] GC(43) Garbage Collection (Proactive)
[102.440s][info][gc,phases   ] GC(43) Pause Mark Start 0.005ms
[102.476s][info][gc,phases   ] GC(43) Concurrent Mark 35.129ms
[102.476s][info][gc,phases   ] GC(43) Pause Mark End 0.008ms
[102.477s][info][gc,phases   ] GC(43) Concurrent Process Non-Strong References 0.595ms
[102.477s][info][gc,phases   ] GC(43) Concurrent Reset Relocation Set 0.001ms
[102.480s][info][gc,phases   ] GC(43) Concurrent Select Relocation Set 2.927ms
[102.480s][info][gc,phases   ] GC(43) Pause Relocate Start 0.005ms
[102.480s][info][gc,phases   ] GC(43) Concurrent Relocate 0.442ms
[102.480s][info][gc,load     ] GC(43) Load: 3.06/3.56/3.59
[102.480s][info][gc,mmu      ] GC(43) MMU: 2ms/98.6%, 5ms/99.3%, 10ms/99.7%, 20ms/99.8%, 50ms/99.9%, 100ms/100.0%
[102.480s][info][gc,marking  ] GC(43) Mark: 2 stripe(s), 2 proactive flush(es), 1 terminate flush(es), 0 completion(s), 0 continuation(s) 
[102.480s][info][gc,nmethod  ] GC(43) NMethods: 480 registered, 0 unregistered
[102.480s][info][gc,metaspace] GC(43) Metaspace: 0M used, 0M committed, 1032M reserved
[102.480s][info][gc,ref      ] GC(43) Soft: 82 encountered, 0 discovered, 0 enqueued
[102.480s][info][gc,ref      ] GC(43) Weak: 200 encountered, 170 discovered, 0 enqueued
[102.480s][info][gc,ref      ] GC(43) Final: 0 encountered, 0 discovered, 0 enqueued
[102.480s][info][gc,ref      ] GC(43) Phantom: 5 encountered, 3 discovered, 0 enqueued
[102.480s][info][gc,reloc    ] GC(43) Small Pages: 1011 / 2022M, Empty: 1876M, Relocated: 3M, In-Place: 0
[102.480s][info][gc,reloc    ] GC(43) Medium Pages: 0 / 0M, Empty: 0M, Relocated: 0M, In-Place: 0
[102.480s][info][gc,reloc    ] GC(43) Large Pages: 0 / 0M, Empty: 0M, Relocated: 0M, In-Place: 0
[102.480s][info][gc,reloc    ] GC(43) Forwarding Usage: 0M
[102.480s][info][gc,heap     ] GC(43) Min Capacity: 8192M(100%)
[102.480s][info][gc,heap     ] GC(43) Max Capacity: 8192M(100%)
[102.480s][info][gc,heap     ] GC(43) Soft Max Capacity: 8192M(100%)
[102.480s][info][gc,heap     ] GC(43)                Mark Start          Mark End        Relocate Start      Relocate End           High               Low         
[102.480s][info][gc,heap     ] GC(43)  Capacity:     8192M (100%)       8192M (100%)       8192M (100%)       8192M (100%)       8192M (100%)       8192M (100%)   
[102.480s][info][gc,heap     ] GC(43)      Free:     6170M (75%)        6132M (75%)        7996M (98%)        8002M (98%)        8002M (98%)        6128M (75%)    
[102.480s][info][gc,heap     ] GC(43)      Used:     2022M (25%)        2060M (25%)         196M (2%)          190M (2%)         2064M (25%)         190M (2%)     
[102.480s][info][gc,heap     ] GC(43)      Live:         -               132M (2%)          132M (2%)          132M (2%)             -                  -          
[102.480s][info][gc,heap     ] GC(43) Allocated:         -                38M (0%)           50M (1%)           50M (1%)             -                  -          
[102.480s][info][gc,heap     ] GC(43)   Garbage:         -              1889M (23%)          13M (0%)            7M (0%)             -                  -          
[102.480s][info][gc,heap     ] GC(43) Reclaimed:         -                  -              1876M (23%)        1882M (23%)            -                  -          
[102.480s][info][gc          ] GC(43) Garbage Collection (Proactive) 2022M(25%)->190M(2%)
[105.240s][info][gc,start    ] GC(44) Garbage Collection (Proactive)
[105.240s][info][gc,phases   ] GC(44) Pause Mark Start 0.004ms
[105.262s][info][gc,phases   ] GC(44) Concurrent Mark 22.168ms
[105.262s][info][gc,phases   ] GC(44) Pause Mark End 0.010ms
[105.263s][info][gc,phases   ] GC(44) Concurrent Process Non-Strong References 0.435ms
[105.263s][info][gc,phases   ] GC(44) Concurrent Reset Relocation Set 0.001ms
[105.266s][info][gc,phases   ] GC(44) Concurrent Select Relocation Set 2.843ms
[105.266s][info][gc,phases   ] GC(44) Pause Relocate Start 0.004ms
[105.267s][info][gc,phases   ] GC(44) Concurrent Relocate 1.226ms
[105.267s][info][gc,load     ] GC(44) Load: 3.06/3.56/3.59
[105.267s][info][gc,mmu      ] GC(44) MMU: 2ms/98.6%, 5ms/99.3%, 10ms/99.7%, 20ms/99.8%, 50ms/99.9%, 100ms/100.0%
[105.267s][info][gc,marking  ] GC(44) Mark: 2 stripe(s), 2 proactive flush(es), 1 terminate flush(es), 0 completion(s), 0 continuation(s) 
[105.267s][info][gc,nmethod  ] GC(44) NMethods: 480 registered, 0 unregistered
[105.267s][info][gc,metaspace] GC(44) Metaspace: 0M used, 0M committed, 1032M reserved
[105.267s][info][gc,ref      ] GC(44) Soft: 82 encountered, 0 discovered, 0 enqueued
[105.267s][info][gc,ref      ] GC(44) Weak: 200 encountered, 170 discovered, 0 enqueued
[105.267s][info][gc,ref      ] GC(44) Final: 0 encountered, 0 discovered, 0 enqueued
[105.267s][info][gc,ref      ] GC(44) Phantom: 5 encountered, 4 discovered, 0 enqueued
[105.267s][info][gc,reloc    ] GC(44) Small Pages: 1531 / 3062M, Empty: 2916M, Relocated: 6M, In-Place: 0
[105.267s][info][gc,reloc    ] GC(44) Medium Pages: 0 / 0M, Empty: 0M, Relocated: 0M, In-Place: 0
[105.267s][info][gc,reloc    ] GC(44) Large Pages: 0 / 0M, Empty: 0M, Relocated: 0M, In-Place: 0
[105.267s][info][gc,reloc    ] GC(44) Forwarding Usage: 0M
[105.267s][info][gc,heap     ] GC(44) Min Capacity: 8192M(100%)
[105.267s][info][gc,heap     ] GC(44) Max Capacity: 8192M(100%)
[105.267s][info][gc,heap     ] GC(44) Soft Max Capacity: 8192M(100%)
[105.267s][info][gc,heap     ] GC(44)                Mark Start          Mark End        Relocate Start      Relocate End           High               Low         
[105.267s][info][gc,heap     ] GC(44)  Capacity:     8192M (100%)       8192M (100%)       8192M (100%)       8192M (100%)       8192M (100%)       8192M (100%)   
[105.267s][info][gc,heap     ] GC(44)      Free:     5130M (63%)        5104M (62%)        8018M (98%)        8018M (98%)        8020M (98%)        5104M (62%)    
[105.267s][info][gc,heap     ] GC(44)      Used:     3062M (37%)        3088M (38%)         174M (2%)          174M (2%)         3088M (38%)         172M (2%)     
[105.267s][info][gc,heap     ] GC(44)      Live:         -               132M (2%)          132M (2%)          132M (2%)             -                  -          
[105.268s][info][gc,heap     ] GC(44) Allocated:         -                26M (0%)           28M (0%)           34M (0%)             -                  -          
[105.268s][info][gc,heap     ] GC(44)   Garbage:         -              2929M (36%)          13M (0%)            7M (0%)             -                  -          
[105.268s][info][gc,heap     ] GC(44) Reclaimed:         -                  -              2916M (36%)        2922M (36%)            -                  -          
[105.268s][info][gc          ] GC(44) Garbage Collection (Proactive) 3062M(37%)->174M(2%)
[107.641s][info][gc,start    ] GC(45) Garbage Collection (Proactive)
[107.641s][info][gc,phases   ] GC(45) Pause Mark Start 0.005ms
[107.662s][info][gc,phases   ] GC(45) Concurrent Mark 21.163ms
[107.662s][info][gc,phases   ] GC(45) Pause Mark End 0.008ms
[107.662s][info][gc,phases   ] GC(45) Concurrent Process Non-Strong References 0.469ms
[107.663s][info][gc,phases   ] GC(45) Concurrent Reset Relocation Set 0.001ms
[107.665s][info][gc,phases   ] GC(45) Concurrent Select Relocation Set 2.602ms
[107.665s][info][gc,phases   ] GC(45) Pause Relocate Start 0.003ms
[107.666s][info][gc,phases   ] GC(45) Concurrent Relocate 0.725ms
[107.666s][info][gc,load     ] GC(45) Load: 3.06/3.55/3.59
[107.666s][info][gc,mmu      ] GC(45) MMU: 2ms/98.6%, 5ms/99.3%, 10ms/99.7%, 20ms/99.8%, 50ms/99.9%, 100ms/100.0%
[107.666s][info][gc,marking  ] GC(45) Mark: 2 stripe(s), 2 proactive flush(es), 1 terminate flush(es), 0 completion(s), 0 continuation(s) 
[107.666s][info][gc,nmethod  ] GC(45) NMethods: 480 registered, 0 unregistered
[107.666s][info][gc,metaspace] GC(45) Metaspace: 0M used, 0M committed, 1032M reserved
[107.666s][info][gc,ref      ] GC(45) Soft: 82 encountered, 0 discovered, 0 enqueued
[107.666s][info][gc,ref      ] GC(45) Weak: 200 encountered, 170 discovered, 0 enqueued
[107.666s][info][gc,ref      ] GC(45) Final: 0 encountered, 0 discovered, 0 enqueued
[107.666s][info][gc,ref      ] GC(45) Phantom: 5 encountered, 3 discovered, 0 enqueued
[107.666s][info][gc,reloc    ] GC(45) Small Pages: 1323 / 2646M, Empty: 2498M, Relocated: 4M, In-Place: 0
[107.666s][info][gc,reloc    ] GC(45) Medium Pages: 0 / 0M, Empty: 0M, Relocated: 0M, In-Place: 0
[107.666s][info][gc,reloc    ] GC(45) Large Pages: 0 / 0M, Empty: 0M, Relocated: 0M, In-Place: 0
[107.666s][info][gc,reloc    ] GC(45) Forwarding Usage: 0M
[107.666s][info][gc,heap     ] GC(45) Min Capacity: 8192M(100%)
[107.666s][info][gc,heap     ] GC(45) Max Capacity: 8192M(100%)
[107.666s][info][gc,heap     ] GC(45) Soft Max Capacity: 8192M(100%)
[107.666s][info][gc,heap     ] GC(45)                Mark Start          Mark End        Relocate Start      Relocate End           High               Low         
[107.666s][info][gc,heap     ] GC(45)  Capacity:     8192M (100%)       8192M (100%)       8192M (100%)       8192M (100%)       8192M (100%)       8192M (100%)   
[107.666s][info][gc,heap     ] GC(45)      Free:     5546M (68%)        5520M (67%)        8018M (98%)        8024M (98%)        8024M (98%)        5520M (67%)    
[107.666s][info][gc,heap     ] GC(45)      Used:     2646M (32%)        2672M (33%)         174M (2%)          168M (2%)         2672M (33%)         168M (2%)     
[107.666s][info][gc,heap     ] GC(45)      Live:         -               132M (2%)          132M (2%)          132M (2%)             -                  -          
[107.666s][info][gc,heap     ] GC(45) Allocated:         -                26M (0%)           26M (0%)           26M (0%)             -                  -          
[107.666s][info][gc,heap     ] GC(45)   Garbage:         -              2513M (31%)          15M (0%)            9M (0%)             -                  -          
[107.666s][info][gc,heap     ] GC(45) Reclaimed:         -                  -              2498M (30%)        2504M (31%)            -                  -          
[107.666s][info][gc          ] GC(45) Garbage Collection (Proactive) 2646M(32%)->168M(2%)
[109.540s][info][gc,start    ] GC(46) Garbage Collection (Proactive)
[109.540s][info][gc,phases   ] GC(46) Pause Mark Start 0.006ms
[109.577s][info][gc,phases   ] GC(46) Concurrent Mark 36.144ms
[109.577s][info][gc,phases   ] GC(46) Pause Mark End 0.009ms
[109.577s][info][gc,phases   ] GC(46) Concurrent Process Non-Strong References 0.517ms
[109.577s][info][gc,phases   ] GC(46) Concurrent Reset Relocation Set 0.002ms
[109.581s][info][gc,phases   ] GC(46) Concurrent Select Relocation Set 3.190ms
[109.581s][info][gc,phases   ] GC(46) Pause Relocate Start 0.005ms
[109.581s][info][gc,phases   ] GC(46) Concurrent Relocate 0.424ms
[109.581s][info][gc,load     ] GC(46) Load: 3.06/3.55/3.59
[109.581s][info][gc,mmu      ] GC(46) MMU: 2ms/98.6%, 5ms/99.3%, 10ms/99.7%, 20ms/99.8%, 50ms/99.9%, 100ms/100.0%
[109.581s][info][gc,marking  ] GC(46) Mark: 2 stripe(s), 2 proactive flush(es), 1 terminate flush(es), 0 completion(s), 0 continuation(s) 
[109.581s][info][gc,nmethod  ] GC(46) NMethods: 480 registered, 0 unregistered
[109.581s][info][gc,metaspace] GC(46) Metaspace: 0M used, 0M committed, 1032M reserved
[109.581s][info][gc,ref      ] GC(46) Soft: 82 encountered, 0 discovered, 0 enqueued
[109.581s][info][gc,ref      ] GC(46) Weak: 200 encountered, 170 discovered, 0 enqueued
[109.581s][info][gc,ref      ] GC(46) Final: 0 encountered, 0 discovered, 0 enqueued
[109.581s][info][gc,ref      ] GC(46) Phantom: 5 encountered, 5 discovered, 0 enqueued
[109.581s][info][gc,reloc    ] GC(46) Small Pages: 1064 / 2128M, Empty: 1980M, Relocated: 3M, In-Place: 0
[109.581s][info][gc,reloc    ] GC(46) Medium Pages: 0 / 0M, Empty: 0M, Relocated: 0M, In-Place: 0
[109.581s][info][gc,reloc    ] GC(46) Large Pages: 0 / 0M, Empty: 0M, Relocated: 0M, In-Place: 0
[109.581s][info][gc,reloc    ] GC(46) Forwarding Usage: 0M
[109.581s][info][gc,heap     ] GC(46) Min Capacity: 8192M(100%)
[109.581s][info][gc,heap     ] GC(46) Max Capacity: 8192M(100%)
[109.581s][info][gc,heap     ] GC(46) Soft Max Capacity: 8192M(100%)
[109.581s][info][gc,heap     ] GC(46)                Mark Start          Mark End        Relocate Start      Relocate End           High               Low         
[109.581s][info][gc,heap     ] GC(46)  Capacity:     8192M (100%)       8192M (100%)       8192M (100%)       8192M (100%)       8192M (100%)       8192M (100%)   
[109.581s][info][gc,heap     ] GC(46)      Free:     6064M (74%)        6020M (73%)        7994M (98%)        8002M (98%)        8002M (98%)        6018M (73%)    
[109.581s][info][gc,heap     ] GC(46)      Used:     2128M (26%)        2172M (27%)         198M (2%)          190M (2%)         2174M (27%)         190M (2%)     
[109.581s][info][gc,heap     ] GC(46)      Live:         -               132M (2%)          132M (2%)          132M (2%)             -                  -          
[109.581s][info][gc,heap     ] GC(46) Allocated:         -                44M (1%)           50M (1%)           50M (1%)             -                  -          
[109.581s][info][gc,heap     ] GC(46)   Garbage:         -              1995M (24%)          15M (0%)            7M (0%)             -                  -          
[109.581s][info][gc,heap     ] GC(46) Reclaimed:         -                  -              1980M (24%)        1988M (24%)            -                  -          
[109.581s][info][gc          ] GC(46) Garbage Collection (Proactive) 2128M(26%)->190M(2%)
[110.040s][info][gc,stats    ] === Garbage Collection Statistics =======================================================================================================================
[110.040s][info][gc,stats    ]                                                              Last 10s              Last 10m              Last 10h                Total
[110.040s][info][gc,stats    ]                                                              Avg / Max             Avg / Max             Avg / Max             Avg / Max
[110.040s][info][gc,stats    ]   Collector: Garbage Collection Cycle                     32.115 / 40.928       37.266 / 95.920       37.266 / 95.920       37.266 / 95.920      ms
[110.040s][info][gc,stats    ]  Contention: Mark Segment Reset Contention                     0 / 1                 0 / 4                 0 / 4                 0 / 4           ops/s
[110.040s][info][gc,stats    ]  Contention: Mark SeqNum Reset Contention                      0 / 0                 0 / 0                 0 / 0                 0 / 0           ops/s
[110.040s][info][gc,stats    ]    Critical: Allocation Stall                                  0 / 0                 0 / 0                 0 / 0                 0 / 0           ops/s
[110.040s][info][gc,stats    ]    Critical: Allocation Stall                              0.000 / 0.000         0.000 / 0.000         0.000 / 0.000         0.000 / 0.000       ms
[110.040s][info][gc,stats    ]    Critical: GC Locker Stall                                   0 / 0                 0 / 0                 0 / 0                 0 / 0           ops/s
[110.040s][info][gc,stats    ]    Critical: GC Locker Stall                               0.000 / 0.000         0.000 / 0.000         0.000 / 0.000         0.000 / 0.000       ms
[110.040s][info][gc,stats    ]    Critical: Relocation Stall                                  0 / 0                 0 / 0                 0 / 0                 0 / 0           ops/s
[110.040s][info][gc,stats    ]    Critical: Relocation Stall                              0.000 / 0.000         0.000 / 0.000         0.000 / 0.000         0.000 / 0.000       ms
[110.040s][info][gc,stats    ]      Memory: Allocation Rate                                1045 / 1050           1118 / 9212           1118 / 9212           1118 / 9212        MB/s
[110.040s][info][gc,stats    ]      Memory: Out Of Memory                                     0 / 0                 0 / 0                 0 / 0                 0 / 0           ops/s
[110.040s][info][gc,stats    ]      Memory: Page Cache Flush                                  0 / 0                 0 / 0                 0 / 0                 0 / 0           MB/s
[110.040s][info][gc,stats    ]      Memory: Page Cache Hit L1                               524 / 529             508 / 532             508 / 532             508 / 532         ops/s
[110.040s][info][gc,stats    ]      Memory: Page Cache Hit L2                                 0 / 0                 0 / 0                 0 / 0                 0 / 0           ops/s
[110.040s][info][gc,stats    ]      Memory: Page Cache Hit L3                                 0 / 0                15 / 486              15 / 486              15 / 486         ops/s
[110.040s][info][gc,stats    ]      Memory: Page Cache Miss                                   0 / 0                 0 / 1                 0 / 1                 0 / 1           ops/s
[110.040s][info][gc,stats    ]      Memory: Uncommit                                          0 / 0                 0 / 0                 0 / 0                 0 / 0           MB/s
[110.040s][info][gc,stats    ]      Memory: Undo Object Allocation Failed                     0 / 0                 0 / 0                 0 / 0                 0 / 0           ops/s
[110.040s][info][gc,stats    ]      Memory: Undo Object Allocation Succeeded                  0 / 1                 0 / 6                 0 / 6                 0 / 6           ops/s
[110.040s][info][gc,stats    ]      Memory: Undo Page Allocation                              0 / 0                 0 / 1                 0 / 1                 0 / 1           ops/s
[110.040s][info][gc,stats    ]       Phase: Concurrent Mark                              27.486 / 36.144       31.473 / 65.214       31.473 / 65.214       31.473 / 65.214      ms
[110.040s][info][gc,stats    ]       Phase: Concurrent Mark Continue                      0.000 / 0.000         0.000 / 0.000         0.000 / 0.000         0.000 / 0.000       ms
[110.040s][info][gc,stats    ]       Phase: Concurrent Process Non-Strong References      0.485 / 0.595         0.486 / 0.911         0.486 / 0.911         0.486 / 0.911       ms
[110.040s][info][gc,stats    ]       Phase: Concurrent Relocate                           0.720 / 1.226         1.586 / 16.651        1.586 / 16.651        1.586 / 16.651      ms
[110.040s][info][gc,stats    ]       Phase: Concurrent Reset Relocation Set               0.001 / 0.002         0.004 / 0.098         0.004 / 0.098         0.004 / 0.098       ms
[110.040s][info][gc,stats    ]       Phase: Concurrent Select Relocation Set              2.834 / 3.190         3.126 / 12.567        3.126 / 12.567        3.126 / 12.567      ms
[110.040s][info][gc,stats    ]       Phase: Pause Mark End                                0.009 / 0.010         0.009 / 0.025         0.009 / 0.025         0.009 / 0.025       ms
[110.040s][info][gc,stats    ]       Phase: Pause Mark Start                              0.005 / 0.006         0.006 / 0.028         0.006 / 0.028         0.006 / 0.028       ms
[110.040s][info][gc,stats    ]       Phase: Pause Relocate Start                          0.004 / 0.005         0.005 / 0.026         0.005 / 0.026         0.005 / 0.026       ms
[110.040s][info][gc,stats    ]    Subphase: Concurrent Classes Purge                      0.031 / 0.054         0.032 / 0.102         0.032 / 0.102         0.032 / 0.102       ms
[110.040s][info][gc,stats    ]    Subphase: Concurrent Classes Unlink                     0.304 / 0.342         0.302 / 0.571         0.302 / 0.571         0.302 / 0.571       ms
[110.040s][info][gc,stats    ]    Subphase: Concurrent Mark                              26.847 / 35.883       30.764 / 64.907       30.764 / 64.907       30.764 / 64.907      ms
[110.040s][info][gc,stats    ]    Subphase: Concurrent Mark Idle                          1.161 / 1.327         1.159 / 1.327         1.159 / 1.327         1.159 / 1.327       ms
[110.040s][info][gc,stats    ]    Subphase: Concurrent Mark Try Flush                     0.048 / 0.109         0.042 / 0.119         0.042 / 0.119         0.042 / 0.119       ms
[110.040s][info][gc,stats    ]    Subphase: Concurrent Mark Try Terminate                 0.406 / 1.330         0.446 / 1.330         0.446 / 1.330         0.446 / 1.330       ms
[110.040s][info][gc,stats    ]    Subphase: Concurrent References Enqueue                 0.000 / 0.001         0.000 / 0.003         0.000 / 0.003         0.000 / 0.003       ms
[110.040s][info][gc,stats    ]    Subphase: Concurrent References Process                 0.033 / 0.040         0.033 / 0.095         0.033 / 0.095         0.033 / 0.095       ms
[110.040s][info][gc,stats    ]    Subphase: Concurrent Roots ClassLoaderDataGraph         0.014 / 0.026         0.016 / 0.132         0.016 / 0.132         0.016 / 0.132       ms
[110.040s][info][gc,stats    ]    Subphase: Concurrent Roots CodeCache                    0.000 / 0.000         0.000 / 0.000         0.000 / 0.000         0.000 / 0.000       ms
[110.040s][info][gc,stats    ]    Subphase: Concurrent Roots JavaThreads                  0.176 / 0.190         0.184 / 0.277         0.184 / 0.277         0.184 / 0.277       ms
[110.041s][info][gc,stats    ]    Subphase: Concurrent Roots OopStorageSet                0.003 / 0.004         0.004 / 0.009         0.004 / 0.009         0.004 / 0.009       ms
[110.041s][info][gc,stats    ]    Subphase: Concurrent Weak Roots OopStorageSet           0.040 / 0.050         0.041 / 0.120         0.041 / 0.120         0.041 / 0.120       ms
[110.041s][info][gc,stats    ]    Subphase: Pause Mark Try Complete                       0.000 / 0.000         0.000 / 0.000         0.000 / 0.000         0.000 / 0.000       ms
[110.041s][info][gc,stats    ]      System: Java Threads                                     16 / 16               16 / 20               16 / 20               16 / 20          threads
[110.041s][info][gc,stats    ] =========================================================================================================================================================
[112.539s][info][gc,start    ] GC(47) Garbage Collection (Proactive)
[112.539s][info][gc,phases   ] GC(47) Pause Mark Start 0.005ms
[112.562s][info][gc,phases   ] GC(47) Concurrent Mark 22.692ms
[112.562s][info][gc,phases   ] GC(47) Pause Mark End 0.008ms
[112.562s][info][gc,phases   ] GC(47) Concurrent Process Non-Strong References 0.394ms
[112.562s][info][gc,phases   ] GC(47) Concurrent Reset Relocation Set 0.001ms
[112.565s][info][gc,phases   ] GC(47) Concurrent Select Relocation Set 2.703ms
[112.565s][info][gc,phases   ] GC(47) Pause Relocate Start 0.004ms
[112.566s][info][gc,phases   ] GC(47) Concurrent Relocate 0.764ms
[112.566s][info][gc,load     ] GC(47) Load: 3.05/3.54/3.58
[112.566s][info][gc,mmu      ] GC(47) MMU: 2ms/98.6%, 5ms/99.3%, 10ms/99.7%, 20ms/99.8%, 50ms/99.9%, 100ms/100.0%
[112.566s][info][gc,marking  ] GC(47) Mark: 2 stripe(s), 2 proactive flush(es), 1 terminate flush(es), 0 completion(s), 0 continuation(s) 
[112.566s][info][gc,nmethod  ] GC(47) NMethods: 480 registered, 0 unregistered
[112.566s][info][gc,metaspace] GC(47) Metaspace: 0M used, 0M committed, 1032M reserved
[112.566s][info][gc,ref      ] GC(47) Soft: 82 encountered, 0 discovered, 0 enqueued
[112.566s][info][gc,ref      ] GC(47) Weak: 200 encountered, 170 discovered, 0 enqueued
[112.566s][info][gc,ref      ] GC(47) Final: 0 encountered, 0 discovered, 0 enqueued
[112.566s][info][gc,ref      ] GC(47) Phantom: 5 encountered, 5 discovered, 0 enqueued
[112.566s][info][gc,reloc    ] GC(47) Small Pages: 1636 / 3272M, Empty: 3124M, Relocated: 5M, In-Place: 0
[112.566s][info][gc,reloc    ] GC(47) Medium Pages: 0 / 0M, Empty: 0M, Relocated: 0M, In-Place: 0
[112.566s][info][gc,reloc    ] GC(47) Large Pages: 0 / 0M, Empty: 0M, Relocated: 0M, In-Place: 0
[112.566s][info][gc,reloc    ] GC(47) Forwarding Usage: 0M
[112.566s][info][gc,heap     ] GC(47) Min Capacity: 8192M(100%)
[112.566s][info][gc,heap     ] GC(47) Max Capacity: 8192M(100%)
[112.566s][info][gc,heap     ] GC(47) Soft Max Capacity: 8192M(100%)
[112.566s][info][gc,heap     ] GC(47)                Mark Start          Mark End        Relocate Start      Relocate End           High               Low         
[112.566s][info][gc,heap     ] GC(47)  Capacity:     8192M (100%)       8192M (100%)       8192M (100%)       8192M (100%)       8192M (100%)       8192M (100%)   
[112.566s][info][gc,heap     ] GC(47)      Free:     4920M (60%)        4894M (60%)        8018M (98%)        8020M (98%)        8022M (98%)        4894M (60%)    
[112.566s][info][gc,heap     ] GC(47)      Used:     3272M (40%)        3298M (40%)         174M (2%)          172M (2%)         3298M (40%)         170M (2%)     
[112.566s][info][gc,heap     ] GC(47)      Live:         -               132M (2%)          132M (2%)          132M (2%)             -                  -          
[112.566s][info][gc,heap     ] GC(47) Allocated:         -                26M (0%)           26M (0%)           30M (0%)             -                  -          
[112.566s][info][gc,heap     ] GC(47)   Garbage:         -              3139M (38%)          15M (0%)            9M (0%)             -                  -          
[112.566s][info][gc,heap     ] GC(47) Reclaimed:         -                  -              3124M (38%)        3130M (38%)            -                  -          
[112.566s][info][gc          ] GC(47) Garbage Collection (Proactive) 3272M(40%)->172M(2%)
[115.040s][info][gc,start    ] GC(48) Garbage Collection (Proactive)
[115.040s][info][gc,phases   ] GC(48) Pause Mark Start 0.005ms
[115.063s][info][gc,phases   ] GC(48) Concurrent Mark 22.931ms
[115.063s][info][gc,phases   ] GC(48) Pause Mark End 0.008ms
[115.064s][info][gc,phases   ] GC(48) Concurrent Process Non-Strong References 0.444ms
[115.064s][info][gc,phases   ] GC(48) Concurrent Reset Relocation Set 0.001ms
[115.067s][info][gc,phases   ] GC(48) Concurrent Select Relocation Set 2.841ms
[115.067s][info][gc,phases   ] GC(48) Pause Relocate Start 0.004ms
[115.068s][info][gc,phases   ] GC(48) Concurrent Relocate 1.196ms
[115.068s][info][gc,load     ] GC(48) Load: 3.05/3.54/3.58
[115.068s][info][gc,mmu      ] GC(48) MMU: 2ms/98.6%, 5ms/99.3%, 10ms/99.7%, 20ms/99.8%, 50ms/99.9%, 100ms/100.0%
[115.068s][info][gc,marking  ] GC(48) Mark: 2 stripe(s), 2 proactive flush(es), 1 terminate flush(es), 0 completion(s), 0 continuation(s) 
[115.068s][info][gc,nmethod  ] GC(48) NMethods: 480 registered, 0 unregistered
[115.068s][info][gc,metaspace] GC(48) Metaspace: 0M used, 0M committed, 1032M reserved
[115.068s][info][gc,ref      ] GC(48) Soft: 82 encountered, 0 discovered, 0 enqueued
[115.068s][info][gc,ref      ] GC(48) Weak: 200 encountered, 170 discovered, 0 enqueued
[115.068s][info][gc,ref      ] GC(48) Final: 0 encountered, 0 discovered, 0 enqueued
[115.068s][info][gc,ref      ] GC(48) Phantom: 5 encountered, 3 discovered, 0 enqueued
[115.068s][info][gc,reloc    ] GC(48) Small Pages: 1376 / 2752M, Empty: 2604M, Relocated: 6M, In-Place: 0
[115.068s][info][gc,reloc    ] GC(48) Medium Pages: 0 / 0M, Empty: 0M, Relocated: 0M, In-Place: 0
[115.068s][info][gc,reloc    ] GC(48) Large Pages: 0 / 0M, Empty: 0M, Relocated: 0M, In-Place: 0
[115.068s][info][gc,reloc    ] GC(48) Forwarding Usage: 0M
[115.068s][info][gc,heap     ] GC(48) Min Capacity: 8192M(100%)
[115.068s][info][gc,heap     ] GC(48) Max Capacity: 8192M(100%)
[115.068s][info][gc,heap     ] GC(48) Soft Max Capacity: 8192M(100%)
[115.068s][info][gc,heap     ] GC(48)                Mark Start          Mark End        Relocate Start      Relocate End           High               Low         
[115.068s][info][gc,heap     ] GC(48)  Capacity:     8192M (100%)       8192M (100%)       8192M (100%)       8192M (100%)       8192M (100%)       8192M (100%)   
[115.068s][info][gc,heap     ] GC(48)      Free:     5440M (66%)        5414M (66%)        8010M (98%)        8018M (98%)        8018M (98%)        5414M (66%)    
[115.068s][info][gc,heap     ] GC(48)      Used:     2752M (34%)        2778M (34%)         182M (2%)          174M (2%)         2778M (34%)         174M (2%)     
[115.068s][info][gc,heap     ] GC(48)      Live:         -               132M (2%)          132M (2%)          132M (2%)             -                  -          
[115.068s][info][gc,heap     ] GC(48) Allocated:         -                26M (0%)           34M (0%)           34M (0%)             -                  -          
[115.068s][info][gc,heap     ] GC(48)   Garbage:         -              2619M (32%)          15M (0%)            7M (0%)             -                  -          
[115.068s][info][gc,heap     ] GC(48) Reclaimed:         -                  -              2604M (32%)        2612M (32%)            -                  -          
[115.068s][info][gc          ] GC(48) Garbage Collection (Proactive) 2752M(34%)->174M(2%)
[117.041s][info][gc,start    ] GC(49) Garbage Collection (Proactive)
[117.041s][info][gc,phases   ] GC(49) Pause Mark Start 0.005ms
[117.064s][info][gc,phases   ] GC(49) Concurrent Mark 23.027ms
[117.064s][info][gc,phases   ] GC(49) Pause Mark End 0.009ms
[117.064s][info][gc,phases   ] GC(49) Concurrent Process Non-Strong References 0.419ms
[117.064s][info][gc,phases   ] GC(49) Concurrent Reset Relocation Set 0.001ms
[117.067s][info][gc,phases   ] GC(49) Concurrent Select Relocation Set 2.873ms
[117.067s][info][gc,phases   ] GC(49) Pause Relocate Start 0.004ms
[117.068s][info][gc,phases   ] GC(49) Concurrent Relocate 0.544ms
[117.068s][info][gc,load     ] GC(49) Load: 2.89/3.50/3.57
[117.068s][info][gc,mmu      ] GC(49) MMU: 2ms/98.6%, 5ms/99.3%, 10ms/99.7%, 20ms/99.8%, 50ms/99.9%, 100ms/100.0%
[117.068s][info][gc,marking  ] GC(49) Mark: 2 stripe(s), 2 proactive flush(es), 1 terminate flush(es), 0 completion(s), 0 continuation(s) 
[117.068s][info][gc,nmethod  ] GC(49) NMethods: 480 registered, 0 unregistered
[117.068s][info][gc,metaspace] GC(49) Metaspace: 0M used, 0M committed, 1032M reserved
[117.068s][info][gc,ref      ] GC(49) Soft: 82 encountered, 0 discovered, 0 enqueued
[117.068s][info][gc,ref      ] GC(49) Weak: 200 encountered, 170 discovered, 0 enqueued
[117.068s][info][gc,ref      ] GC(49) Final: 0 encountered, 0 discovered, 0 enqueued
[117.068s][info][gc,ref      ] GC(49) Phantom: 5 encountered, 3 discovered, 0 enqueued
[117.068s][info][gc,reloc    ] GC(49) Small Pages: 1115 / 2230M, Empty: 2084M, Relocated: 3M, In-Place: 0
[117.068s][info][gc,reloc    ] GC(49) Medium Pages: 0 / 0M, Empty: 0M, Relocated: 0M, In-Place: 0
[117.068s][info][gc,reloc    ] GC(49) Large Pages: 0 / 0M, Empty: 0M, Relocated: 0M, In-Place: 0
[117.068s][info][gc,reloc    ] GC(49) Forwarding Usage: 0M
[117.068s][info][gc,heap     ] GC(49) Min Capacity: 8192M(100%)
[117.068s][info][gc,heap     ] GC(49) Max Capacity: 8192M(100%)
[117.068s][info][gc,heap     ] GC(49) Soft Max Capacity: 8192M(100%)
[117.068s][info][gc,heap     ] GC(49)                Mark Start          Mark End        Relocate Start      Relocate End           High               Low         
[117.068s][info][gc,heap     ] GC(49)  Capacity:     8192M (100%)       8192M (100%)       8192M (100%)       8192M (100%)       8192M (100%)       8192M (100%)   
[117.068s][info][gc,heap     ] GC(49)      Free:     5962M (73%)        5936M (72%)        8012M (98%)        8018M (98%)        8018M (98%)        5936M (72%)    
[117.068s][info][gc,heap     ] GC(49)      Used:     2230M (27%)        2256M (28%)         180M (2%)          174M (2%)         2256M (28%)         174M (2%)     
[117.068s][info][gc,heap     ] GC(49)      Live:         -               132M (2%)          132M (2%)          132M (2%)             -                  -          
[117.068s][info][gc,heap     ] GC(49) Allocated:         -                26M (0%)           34M (0%)           34M (0%)             -                  -          
[117.068s][info][gc,heap     ] GC(49)   Garbage:         -              2097M (26%)          13M (0%)            7M (0%)             -                  -          
[117.068s][info][gc,heap     ] GC(49) Reclaimed:         -                  -              2084M (25%)        2090M (26%)            -                  -          
[117.068s][info][gc          ] GC(49) Garbage Collection (Proactive) 2230M(27%)->174M(2%)
[118.740s][info][gc,start    ] GC(50) Garbage Collection (Proactive)
[118.740s][info][gc,phases   ] GC(50) Pause Mark Start 0.005ms
[118.776s][info][gc,phases   ] GC(50) Concurrent Mark 35.635ms
[118.776s][info][gc,phases   ] GC(50) Pause Mark End 0.009ms
[118.777s][info][gc,phases   ] GC(50) Concurrent Process Non-Strong References 0.536ms
[118.777s][info][gc,phases   ] GC(50) Concurrent Reset Relocation Set 0.002ms
[118.779s][info][gc,phases   ] GC(50) Concurrent Select Relocation Set 2.818ms
[118.780s][info][gc,phases   ] GC(50) Pause Relocate Start 0.004ms
[118.780s][info][gc,phases   ] GC(50) Concurrent Relocate 0.394ms
[118.780s][info][gc,load     ] GC(50) Load: 2.89/3.50/3.57
[118.780s][info][gc,mmu      ] GC(50) MMU: 2ms/98.6%, 5ms/99.3%, 10ms/99.7%, 20ms/99.8%, 50ms/99.9%, 100ms/100.0%
[118.780s][info][gc,marking  ] GC(50) Mark: 2 stripe(s), 2 proactive flush(es), 1 terminate flush(es), 0 completion(s), 0 continuation(s) 
[118.780s][info][gc,nmethod  ] GC(50) NMethods: 480 registered, 0 unregistered
[118.780s][info][gc,metaspace] GC(50) Metaspace: 0M used, 0M committed, 1032M reserved
[118.780s][info][gc,ref      ] GC(50) Soft: 82 encountered, 0 discovered, 0 enqueued
[118.780s][info][gc,ref      ] GC(50) Weak: 200 encountered, 170 discovered, 0 enqueued
[118.780s][info][gc,ref      ] GC(50) Final: 0 encountered, 0 discovered, 0 enqueued
[118.780s][info][gc,ref      ] GC(50) Phantom: 5 encountered, 3 discovered, 0 enqueued
[118.780s][info][gc,reloc    ] GC(50) Small Pages: 959 / 1918M, Empty: 1772M, Relocated: 2M, In-Place: 0
[118.780s][info][gc,reloc    ] GC(50) Medium Pages: 0 / 0M, Empty: 0M, Relocated: 0M, In-Place: 0
[118.780s][info][gc,reloc    ] GC(50) Large Pages: 0 / 0M, Empty: 0M, Relocated: 0M, In-Place: 0
[118.780s][info][gc,reloc    ] GC(50) Forwarding Usage: 0M
[118.780s][info][gc,heap     ] GC(50) Min Capacity: 8192M(100%)
[118.780s][info][gc,heap     ] GC(50) Max Capacity: 8192M(100%)
[118.780s][info][gc,heap     ] GC(50) Soft Max Capacity: 8192M(100%)
[118.780s][info][gc,heap     ] GC(50)                Mark Start          Mark End        Relocate Start      Relocate End           High               Low         
[118.780s][info][gc,heap     ] GC(50)  Capacity:     8192M (100%)       8192M (100%)       8192M (100%)       8192M (100%)       8192M (100%)       8192M (100%)   
[118.780s][info][gc,heap     ] GC(50)      Free:     6274M (77%)        6232M (76%)        7996M (98%)        8002M (98%)        8002M (98%)        6232M (76%)    
[118.780s][info][gc,heap     ] GC(50)      Used:     1918M (23%)        1960M (24%)         196M (2%)          190M (2%)         1960M (24%)         190M (2%)     
[118.780s][info][gc,heap     ] GC(50)      Live:         -               132M (2%)          132M (2%)          132M (2%)             -                  -          
[118.780s][info][gc,heap     ] GC(50) Allocated:         -                42M (1%)           50M (1%)           50M (1%)             -                  -          
[118.780s][info][gc,heap     ] GC(50)   Garbage:         -              1785M (22%)          13M (0%)            7M (0%)             -                  -          
[118.780s][info][gc,heap     ] GC(50) Reclaimed:         -                  -              1772M (22%)        1778M (22%)            -                  -          
[118.780s][info][gc          ] GC(50) Garbage Collection (Proactive) 1918M(23%)->190M(2%)
[120.040s][info][gc,stats    ] === Garbage Collection Statistics =======================================================================================================================
[120.040s][info][gc,stats    ]                                                              Last 10s              Last 10m              Last 10h                Total
[120.040s][info][gc,stats    ]                                                              Avg / Max             Avg / Max             Avg / Max             Avg / Max
[120.040s][info][gc,stats    ]   Collector: Garbage Collection Cycle                     30.650 / 40.105       36.747 / 95.920       36.747 / 95.920       36.747 / 95.920      ms
[120.040s][info][gc,stats    ]  Contention: Mark Segment Reset Contention                     0 / 2                 0 / 4                 0 / 4                 0 / 4           ops/s
[120.040s][info][gc,stats    ]  Contention: Mark SeqNum Reset Contention                      0 / 0                 0 / 0                 0 / 0                 0 / 0           ops/s
[120.040s][info][gc,stats    ]    Critical: Allocation Stall                                  0 / 0                 0 / 0                 0 / 0                 0 / 0           ops/s
[120.040s][info][gc,stats    ]    Critical: Allocation Stall                              0.000 / 0.000         0.000 / 0.000         0.000 / 0.000         0.000 / 0.000       ms
[120.040s][info][gc,stats    ]    Critical: GC Locker Stall                                   0 / 0                 0 / 0                 0 / 0                 0 / 0           ops/s
[120.040s][info][gc,stats    ]    Critical: GC Locker Stall                               0.000 / 0.000         0.000 / 0.000         0.000 / 0.000         0.000 / 0.000       ms
[120.040s][info][gc,stats    ]    Critical: Relocation Stall                                  0 / 0                 0 / 0                 0 / 0                 0 / 0           ops/s
[120.040s][info][gc,stats    ]    Critical: Relocation Stall                              0.000 / 0.000         0.000 / 0.000         0.000 / 0.000         0.000 / 0.000       ms
[120.040s][info][gc,stats    ]      Memory: Allocation Rate                                1044 / 1050           1112 / 9212           1112 / 9212           1112 / 9212        MB/s
[120.040s][info][gc,stats    ]      Memory: Out Of Memory                                     0 / 0                 0 / 0                 0 / 0                 0 / 0           ops/s
[120.040s][info][gc,stats    ]      Memory: Page Cache Flush                                  0 / 0                 0 / 0                 0 / 0                 0 / 0           MB/s
[120.040s][info][gc,stats    ]      Memory: Page Cache Hit L1                               523 / 529             509 / 532             509 / 532             509 / 532         ops/s
[120.040s][info][gc,stats    ]      Memory: Page Cache Hit L2                                 0 / 0                 0 / 0                 0 / 0                 0 / 0           ops/s
[120.040s][info][gc,stats    ]      Memory: Page Cache Hit L3                                 0 / 0                14 / 486              14 / 486              14 / 486         ops/s
[120.040s][info][gc,stats    ]      Memory: Page Cache Miss                                   0 / 0                 0 / 1                 0 / 1                 0 / 1           ops/s
[120.040s][info][gc,stats    ]      Memory: Uncommit                                          0 / 0                 0 / 0                 0 / 0                 0 / 0           MB/s
[120.040s][info][gc,stats    ]      Memory: Undo Object Allocation Failed                     0 / 0                 0 / 0                 0 / 0                 0 / 0           ops/s
[120.040s][info][gc,stats    ]      Memory: Undo Object Allocation Succeeded                  0 / 0                 0 / 6                 0 / 6                 0 / 6           ops/s
[120.040s][info][gc,stats    ]      Memory: Undo Page Allocation                              0 / 0                 0 / 1                 0 / 1                 0 / 1           ops/s
[120.040s][info][gc,stats    ]       Phase: Concurrent Mark                              26.071 / 35.635       31.049 / 65.214       31.049 / 65.214       31.049 / 65.214      ms
[120.040s][info][gc,stats    ]       Phase: Concurrent Mark Continue                      0.000 / 0.000         0.000 / 0.000         0.000 / 0.000         0.000 / 0.000       ms
[120.040s][info][gc,stats    ]       Phase: Concurrent Process Non-Strong References      0.448 / 0.536         0.483 / 0.911         0.483 / 0.911         0.483 / 0.911       ms
[120.040s][info][gc,stats    ]       Phase: Concurrent Relocate                           0.724 / 1.196         1.519 / 16.651        1.519 / 16.651        1.519 / 16.651      ms
[120.040s][info][gc,stats    ]       Phase: Concurrent Reset Relocation Set               0.001 / 0.002         0.004 / 0.098         0.004 / 0.098         0.004 / 0.098       ms
[120.040s][info][gc,stats    ]       Phase: Concurrent Select Relocation Set              2.809 / 2.873         3.102 / 12.567        3.102 / 12.567        3.102 / 12.567      ms
[120.040s][info][gc,stats    ]       Phase: Pause Mark End                                0.009 / 0.009         0.009 / 0.025         0.009 / 0.025         0.009 / 0.025       ms
[120.040s][info][gc,stats    ]       Phase: Pause Mark Start                              0.005 / 0.005         0.006 / 0.028         0.006 / 0.028         0.006 / 0.028       ms
[120.040s][info][gc,stats    ]       Phase: Pause Relocate Start                          0.004 / 0.004         0.005 / 0.026         0.005 / 0.026         0.005 / 0.026       ms
[120.040s][info][gc,stats    ]    Subphase: Concurrent Classes Purge                      0.027 / 0.037         0.031 / 0.102         0.031 / 0.102         0.031 / 0.102       ms
[120.040s][info][gc,stats    ]    Subphase: Concurrent Classes Unlink                     0.284 / 0.303         0.301 / 0.571         0.301 / 0.571         0.301 / 0.571       ms
[120.040s][info][gc,stats    ]    Subphase: Concurrent Mark                              25.281 / 35.390       30.334 / 64.907       30.334 / 64.907       30.334 / 64.907      ms
[120.040s][info][gc,stats    ]    Subphase: Concurrent Mark Idle                          1.222 / 1.263         1.164 / 1.327         1.164 / 1.327         1.164 / 1.327       ms
[120.040s][info][gc,stats    ]    Subphase: Concurrent Mark Try Flush                     0.028 / 0.045         0.041 / 0.119         0.041 / 0.119         0.041 / 0.119       ms
[120.040s][info][gc,stats    ]    Subphase: Concurrent Mark Try Terminate                 0.476 / 1.265         0.448 / 1.330         0.448 / 1.330         0.448 / 1.330       ms
[120.040s][info][gc,stats    ]    Subphase: Concurrent References Enqueue                 0.000 / 0.000         0.000 / 0.003         0.000 / 0.003         0.000 / 0.003       ms
[120.040s][info][gc,stats    ]    Subphase: Concurrent References Process                 0.034 / 0.046         0.033 / 0.095         0.033 / 0.095         0.033 / 0.095       ms
[120.040s][info][gc,stats    ]    Subphase: Concurrent Roots ClassLoaderDataGraph         0.014 / 0.033         0.016 / 0.132         0.016 / 0.132         0.016 / 0.132       ms
[120.040s][info][gc,stats    ]    Subphase: Concurrent Roots CodeCache                    0.000 / 0.000         0.000 / 0.000         0.000 / 0.000         0.000 / 0.000       ms
[120.040s][info][gc,stats    ]    Subphase: Concurrent Roots JavaThreads                  0.183 / 0.235         0.184 / 0.277         0.184 / 0.277         0.184 / 0.277       ms
[120.040s][info][gc,stats    ]    Subphase: Concurrent Roots OopStorageSet                0.003 / 0.004         0.004 / 0.009         0.004 / 0.009         0.004 / 0.009       ms
[120.040s][info][gc,stats    ]    Subphase: Concurrent Weak Roots OopStorageSet           0.036 / 0.048         0.041 / 0.120         0.041 / 0.120         0.041 / 0.120       ms
[120.040s][info][gc,stats    ]    Subphase: Pause Mark Try Complete                       0.000 / 0.000         0.000 / 0.000         0.000 / 0.000         0.000 / 0.000       ms
[120.040s][info][gc,stats    ]      System: Java Threads                                     16 / 16               16 / 20               16 / 20               16 / 20          threads
[120.040s][info][gc,stats    ] =========================================================================================================================================================
[121.540s][info][gc,start    ] GC(51) Garbage Collection (Proactive)
[121.540s][info][gc,phases   ] GC(51) Pause Mark Start 0.005ms
[121.563s][info][gc,phases   ] GC(51) Concurrent Mark 23.070ms
[121.563s][info][gc,phases   ] GC(51) Pause Mark End 0.009ms
[121.564s][info][gc,phases   ] GC(51) Concurrent Process Non-Strong References 0.433ms
[121.564s][info][gc,phases   ] GC(51) Concurrent Reset Relocation Set 0.001ms
[121.567s][info][gc,phases   ] GC(51) Concurrent Select Relocation Set 3.360ms
[121.567s][info][gc,phases   ] GC(51) Pause Relocate Start 0.004ms
[121.569s][info][gc,phases   ] GC(51) Concurrent Relocate 1.710ms
[121.569s][info][gc,load     ] GC(51) Load: 2.82/3.47/3.56
[121.569s][info][gc,mmu      ] GC(51) MMU: 2ms/98.6%, 5ms/99.3%, 10ms/99.7%, 20ms/99.8%, 50ms/99.9%, 100ms/100.0%
[121.569s][info][gc,marking  ] GC(51) Mark: 2 stripe(s), 2 proactive flush(es), 1 terminate flush(es), 0 completion(s), 0 continuation(s) 
[121.569s][info][gc,nmethod  ] GC(51) NMethods: 481 registered, 0 unregistered
[121.569s][info][gc,metaspace] GC(51) Metaspace: 0M used, 0M committed, 1032M reserved
[121.569s][info][gc,ref      ] GC(51) Soft: 82 encountered, 0 discovered, 0 enqueued
[121.569s][info][gc,ref      ] GC(51) Weak: 200 encountered, 170 discovered, 0 enqueued
[121.569s][info][gc,ref      ] GC(51) Final: 0 encountered, 0 discovered, 0 enqueued
[121.569s][info][gc,ref      ] GC(51) Phantom: 5 encountered, 3 discovered, 0 enqueued
[121.569s][info][gc,reloc    ] GC(51) Small Pages: 1531 / 3062M, Empty: 2908M, Relocated: 12M, In-Place: 0
[121.569s][info][gc,reloc    ] GC(51) Medium Pages: 0 / 0M, Empty: 0M, Relocated: 0M, In-Place: 0
[121.569s][info][gc,reloc    ] GC(51) Large Pages: 0 / 0M, Empty: 0M, Relocated: 0M, In-Place: 0
[121.569s][info][gc,reloc    ] GC(51) Forwarding Usage: 1M
[121.569s][info][gc,heap     ] GC(51) Min Capacity: 8192M(100%)
[121.569s][info][gc,heap     ] GC(51) Max Capacity: 8192M(100%)
[121.569s][info][gc,heap     ] GC(51) Soft Max Capacity: 8192M(100%)
[121.569s][info][gc,heap     ] GC(51)                Mark Start          Mark End        Relocate Start      Relocate End           High               Low         
[121.569s][info][gc,heap     ] GC(51)  Capacity:     8192M (100%)       8192M (100%)       8192M (100%)       8192M (100%)       8192M (100%)       8192M (100%)   
[121.569s][info][gc,heap     ] GC(51)      Free:     5130M (63%)        5104M (62%)        8002M (98%)        8012M (98%)        8012M (98%)        5104M (62%)    
[121.569s][info][gc,heap     ] GC(51)      Used:     3062M (37%)        3088M (38%)         190M (2%)          180M (2%)         3088M (38%)         180M (2%)     
[121.569s][info][gc,heap     ] GC(51)      Live:         -               132M (2%)          132M (2%)          132M (2%)             -                  -          
[121.569s][info][gc,heap     ] GC(51) Allocated:         -                26M (0%)           36M (0%)           40M (0%)             -                  -          
[121.569s][info][gc,heap     ] GC(51)   Garbage:         -              2929M (36%)          21M (0%)            7M (0%)             -                  -          
[121.569s][info][gc,heap     ] GC(51) Reclaimed:         -                  -              2908M (35%)        2922M (36%)            -                  -          
[121.569s][info][gc          ] GC(51) Garbage Collection (Proactive) 3062M(37%)->180M(2%)
[123.836s][info][gc,start    ] GC(52) Garbage Collection (Proactive)
[123.836s][info][gc,phases   ] GC(52) Pause Mark Start 0.005ms
[123.873s][info][gc,phases   ] GC(52) Concurrent Mark 36.922ms
[123.873s][info][gc,phases   ] GC(52) Pause Mark End 0.009ms
[123.874s][info][gc,phases   ] GC(52) Concurrent Process Non-Strong References 0.455ms
[123.874s][info][gc,phases   ] GC(52) Concurrent Reset Relocation Set 0.018ms
[123.877s][info][gc,phases   ] GC(52) Concurrent Select Relocation Set 2.942ms
[123.877s][info][gc,phases   ] GC(52) Pause Relocate Start 0.003ms
[123.878s][info][gc,phases   ] GC(52) Concurrent Relocate 1.312ms
[123.878s][info][gc,load     ] GC(52) Load: 2.82/3.47/3.56
[123.878s][info][gc,mmu      ] GC(52) MMU: 2ms/98.6%, 5ms/99.3%, 10ms/99.7%, 20ms/99.8%, 50ms/99.9%, 100ms/100.0%
[123.878s][info][gc,marking  ] GC(52) Mark: 2 stripe(s), 2 proactive flush(es), 1 terminate flush(es), 0 completion(s), 0 continuation(s) 
[123.878s][info][gc,nmethod  ] GC(52) NMethods: 482 registered, 0 unregistered
[123.878s][info][gc,metaspace] GC(52) Metaspace: 0M used, 0M committed, 1032M reserved
[123.878s][info][gc,ref      ] GC(52) Soft: 82 encountered, 0 discovered, 0 enqueued
[123.878s][info][gc,ref      ] GC(52) Weak: 200 encountered, 170 discovered, 0 enqueued
[123.878s][info][gc,ref      ] GC(52) Final: 0 encountered, 0 discovered, 0 enqueued
[123.878s][info][gc,ref      ] GC(52) Phantom: 5 encountered, 5 discovered, 0 enqueued
[123.879s][info][gc,reloc    ] GC(52) Small Pages: 1268 / 2536M, Empty: 2298M, Relocated: 8M, In-Place: 0
[123.879s][info][gc,reloc    ] GC(52) Medium Pages: 0 / 0M, Empty: 0M, Relocated: 0M, In-Place: 0
[123.879s][info][gc,reloc    ] GC(52) Large Pages: 0 / 0M, Empty: 0M, Relocated: 0M, In-Place: 0
[123.879s][info][gc,reloc    ] GC(52) Forwarding Usage: 0M
[123.879s][info][gc,heap     ] GC(52) Min Capacity: 8192M(100%)
[123.879s][info][gc,heap     ] GC(52) Max Capacity: 8192M(100%)
[123.879s][info][gc,heap     ] GC(52) Soft Max Capacity: 8192M(100%)
[123.879s][info][gc,heap     ] GC(52)                Mark Start          Mark End        Relocate Start      Relocate End           High               Low         
[123.879s][info][gc,heap     ] GC(52)  Capacity:     8192M (100%)       8192M (100%)       8192M (100%)       8192M (100%)       8192M (100%)       8192M (100%)   
[123.879s][info][gc,heap     ] GC(52)      Free:     5656M (69%)        5616M (69%)        7904M (96%)        7998M (98%)        7998M (98%)        5616M (69%)    
[123.879s][info][gc,heap     ] GC(52)      Used:     2536M (31%)        2576M (31%)         288M (4%)          194M (2%)         2576M (31%)         194M (2%)     
[123.879s][info][gc,heap     ] GC(52)      Live:         -               132M (2%)          132M (2%)          132M (2%)             -                  -          
[123.879s][info][gc,heap     ] GC(52) Allocated:         -                40M (0%)           50M (1%)           54M (1%)             -                  -          
[123.879s][info][gc,heap     ] GC(52)   Garbage:         -              2403M (29%)         105M (1%)            7M (0%)             -                  -          
[123.879s][info][gc,heap     ] GC(52) Reclaimed:         -                  -              2298M (28%)        2396M (29%)            -                  -          
[123.879s][info][gc          ] GC(52) Garbage Collection (Proactive) 2536M(31%)->194M(2%)
[126.740s][info][gc,start    ] GC(53) Garbage Collection (Proactive)
[126.740s][info][gc,phases   ] GC(53) Pause Mark Start 0.009ms
[126.763s][info][gc,phases   ] GC(53) Concurrent Mark 23.404ms
[126.763s][info][gc,phases   ] GC(53) Pause Mark End 0.008ms
[126.764s][info][gc,phases   ] GC(53) Concurrent Process Non-Strong References 0.460ms
[126.764s][info][gc,phases   ] GC(53) Concurrent Reset Relocation Set 0.005ms
[126.767s][info][gc,phases   ] GC(53) Concurrent Select Relocation Set 2.867ms
[126.767s][info][gc,phases   ] GC(53) Pause Relocate Start 0.004ms
[126.768s][info][gc,phases   ] GC(53) Concurrent Relocate 1.125ms
[126.768s][info][gc,load     ] GC(53) Load: 2.75/3.45/3.55
[126.768s][info][gc,mmu      ] GC(53) MMU: 2ms/98.6%, 5ms/99.3%, 10ms/99.7%, 20ms/99.8%, 50ms/99.9%, 100ms/100.0%
[126.768s][info][gc,marking  ] GC(53) Mark: 2 stripe(s), 2 proactive flush(es), 1 terminate flush(es), 0 completion(s), 0 continuation(s) 
[126.768s][info][gc,nmethod  ] GC(53) NMethods: 482 registered, 0 unregistered
[126.768s][info][gc,metaspace] GC(53) Metaspace: 0M used, 0M committed, 1032M reserved
[126.768s][info][gc,ref      ] GC(53) Soft: 82 encountered, 0 discovered, 0 enqueued
[126.768s][info][gc,ref      ] GC(53) Weak: 200 encountered, 170 discovered, 0 enqueued
[126.768s][info][gc,ref      ] GC(53) Final: 0 encountered, 0 discovered, 0 enqueued
[126.768s][info][gc,ref      ] GC(53) Phantom: 5 encountered, 3 discovered, 0 enqueued
[126.768s][info][gc,reloc    ] GC(53) Small Pages: 1585 / 3170M, Empty: 3014M, Relocated: 6M, In-Place: 0
[126.768s][info][gc,reloc    ] GC(53) Medium Pages: 0 / 0M, Empty: 0M, Relocated: 0M, In-Place: 0
[126.769s][info][gc,reloc    ] GC(53) Large Pages: 0 / 0M, Empty: 0M, Relocated: 0M, In-Place: 0
[126.769s][info][gc,reloc    ] GC(53) Forwarding Usage: 0M
[126.769s][info][gc,heap     ] GC(53) Min Capacity: 8192M(100%)
[126.769s][info][gc,heap     ] GC(53) Max Capacity: 8192M(100%)
[126.769s][info][gc,heap     ] GC(53) Soft Max Capacity: 8192M(100%)
[126.769s][info][gc,heap     ] GC(53)                Mark Start          Mark End        Relocate Start      Relocate End           High               Low         
[126.769s][info][gc,heap     ] GC(53)  Capacity:     8192M (100%)       8192M (100%)       8192M (100%)       8192M (100%)       8192M (100%)       8192M (100%)   
[126.769s][info][gc,heap     ] GC(53)      Free:     5022M (61%)        4998M (61%)        8004M (98%)        8018M (98%)        8018M (98%)        4998M (61%)    
[126.769s][info][gc,heap     ] GC(53)      Used:     3170M (39%)        3194M (39%)         188M (2%)          174M (2%)         3194M (39%)         174M (2%)     
[126.769s][info][gc,heap     ] GC(53)      Live:         -               132M (2%)          132M (2%)          132M (2%)             -                  -          
[126.769s][info][gc,heap     ] GC(53) Allocated:         -                24M (0%)           32M (0%)           32M (0%)             -                  -          
[126.769s][info][gc,heap     ] GC(53)   Garbage:         -              3037M (37%)          23M (0%)            9M (0%)             -                  -          
[126.769s][info][gc,heap     ] GC(53) Reclaimed:         -                  -              3014M (37%)        3028M (37%)            -                  -          
[126.769s][info][gc          ] GC(53) Garbage Collection (Proactive) 3170M(39%)->174M(2%)
[129.240s][info][gc,start    ] GC(54) Garbage Collection (Proactive)
[129.240s][info][gc,phases   ] GC(54) Pause Mark Start 0.005ms
[129.262s][info][gc,phases   ] GC(54) Concurrent Mark 21.917ms
[129.262s][info][gc,phases   ] GC(54) Pause Mark End 0.008ms
[129.262s][info][gc,phases   ] GC(54) Concurrent Process Non-Strong References 0.378ms
[129.262s][info][gc,phases   ] GC(54) Concurrent Reset Relocation Set 0.002ms
[129.265s][info][gc,phases   ] GC(54) Concurrent Select Relocation Set 2.678ms
[129.265s][info][gc,phases   ] GC(54) Pause Relocate Start 0.003ms
[129.266s][info][gc,phases   ] GC(54) Concurrent Relocate 0.736ms
[129.266s][info][gc,load     ] GC(54) Load: 2.75/3.45/3.55
[129.266s][info][gc,mmu      ] GC(54) MMU: 2ms/98.6%, 5ms/99.3%, 10ms/99.7%, 20ms/99.8%, 50ms/99.9%, 100ms/100.0%
[129.266s][info][gc,marking  ] GC(54) Mark: 2 stripe(s), 2 proactive flush(es), 1 terminate flush(es), 0 completion(s), 0 continuation(s) 
[129.266s][info][gc,nmethod  ] GC(54) NMethods: 482 registered, 0 unregistered
[129.266s][info][gc,metaspace] GC(54) Metaspace: 0M used, 0M committed, 1032M reserved
[129.266s][info][gc,ref      ] GC(54) Soft: 82 encountered, 0 discovered, 0 enqueued
[129.266s][info][gc,ref      ] GC(54) Weak: 200 encountered, 50 discovered, 0 enqueued
[129.266s][info][gc,ref      ] GC(54) Final: 0 encountered, 0 discovered, 0 enqueued
[129.266s][info][gc,ref      ] GC(54) Phantom: 5 encountered, 5 discovered, 0 enqueued
[129.266s][info][gc,reloc    ] GC(54) Small Pages: 1375 / 2750M, Empty: 2598M, Relocated: 4M, In-Place: 0
[129.266s][info][gc,reloc    ] GC(54) Medium Pages: 0 / 0M, Empty: 0M, Relocated: 0M, In-Place: 0
[129.266s][info][gc,reloc    ] GC(54) Large Pages: 0 / 0M, Empty: 0M, Relocated: 0M, In-Place: 0
[129.266s][info][gc,reloc    ] GC(54) Forwarding Usage: 0M
[129.266s][info][gc,heap     ] GC(54) Min Capacity: 8192M(100%)
[129.266s][info][gc,heap     ] GC(54) Max Capacity: 8192M(100%)
[129.266s][info][gc,heap     ] GC(54) Soft Max Capacity: 8192M(100%)
[129.266s][info][gc,heap     ] GC(54)                Mark Start          Mark End        Relocate Start      Relocate End           High               Low         
[129.266s][info][gc,heap     ] GC(54)  Capacity:     8192M (100%)       8192M (100%)       8192M (100%)       8192M (100%)       8192M (100%)       8192M (100%)   
[129.266s][info][gc,heap     ] GC(54)      Free:     5442M (66%)        5418M (66%)        8016M (98%)        8024M (98%)        8024M (98%)        5418M (66%)    
[129.266s][info][gc,heap     ] GC(54)      Used:     2750M (34%)        2774M (34%)         176M (2%)          168M (2%)         2774M (34%)         168M (2%)     
[129.266s][info][gc,heap     ] GC(54)      Live:         -               132M (2%)          132M (2%)          132M (2%)             -                  -          
[129.266s][info][gc,heap     ] GC(54) Allocated:         -                24M (0%)           24M (0%)           24M (0%)             -                  -          
[129.266s][info][gc,heap     ] GC(54)   Garbage:         -              2617M (32%)          19M (0%)           11M (0%)             -                  -          
[129.266s][info][gc,heap     ] GC(54) Reclaimed:         -                  -              2598M (32%)        2606M (32%)            -                  -          
[129.266s][info][gc          ] GC(54) Garbage Collection (Proactive) 2750M(34%)->168M(2%)
[130.040s][info][gc,stats    ] === Garbage Collection Statistics =======================================================================================================================
[130.040s][info][gc,stats    ]                                                              Last 10s              Last 10m              Last 10h                Total
[130.040s][info][gc,stats    ]                                                              Avg / Max             Avg / Max             Avg / Max             Avg / Max
[130.040s][info][gc,stats    ]   Collector: Garbage Collection Cycle                     31.523 / 42.326       36.367 / 95.920       36.367 / 95.920       36.367 / 95.920      ms
[130.040s][info][gc,stats    ]  Contention: Mark Segment Reset Contention                     0 / 1                 0 / 4                 0 / 4                 0 / 4           ops/s
[130.040s][info][gc,stats    ]  Contention: Mark SeqNum Reset Contention                      0 / 0                 0 / 0                 0 / 0                 0 / 0           ops/s
[130.040s][info][gc,stats    ]    Critical: Allocation Stall                                  0 / 0                 0 / 0                 0 / 0                 0 / 0           ops/s
[130.040s][info][gc,stats    ]    Critical: Allocation Stall                              0.000 / 0.000         0.000 / 0.000         0.000 / 0.000         0.000 / 0.000       ms
[130.040s][info][gc,stats    ]    Critical: GC Locker Stall                                   0 / 0                 0 / 0                 0 / 0                 0 / 0           ops/s
[130.040s][info][gc,stats    ]    Critical: GC Locker Stall                               0.000 / 0.000         0.000 / 0.000         0.000 / 0.000         0.000 / 0.000       ms
[130.040s][info][gc,stats    ]    Critical: Relocation Stall                                  0 / 0                 0 / 0                 0 / 0                 0 / 0           ops/s
[130.040s][info][gc,stats    ]    Critical: Relocation Stall                              0.000 / 0.000         0.000 / 0.000         0.000 / 0.000         0.000 / 0.000       ms
[130.040s][info][gc,stats    ]      Memory: Allocation Rate                                1043 / 1050           1107 / 9212           1107 / 9212           1107 / 9212        MB/s
[130.040s][info][gc,stats    ]      Memory: Out Of Memory                                     0 / 0                 0 / 0                 0 / 0                 0 / 0           ops/s
[130.040s][info][gc,stats    ]      Memory: Page Cache Flush                                  0 / 0                 0 / 0                 0 / 0                 0 / 0           MB/s
[130.040s][info][gc,stats    ]      Memory: Page Cache Hit L1                               523 / 533             511 / 533             511 / 533             511 / 533         ops/s
[130.040s][info][gc,stats    ]      Memory: Page Cache Hit L2                                 0 / 0                 0 / 0                 0 / 0                 0 / 0           ops/s
[130.040s][info][gc,stats    ]      Memory: Page Cache Hit L3                                 0 / 0                13 / 486              13 / 486              13 / 486         ops/s
[130.040s][info][gc,stats    ]      Memory: Page Cache Miss                                   0 / 0                 0 / 1                 0 / 1                 0 / 1           ops/s
[130.040s][info][gc,stats    ]      Memory: Uncommit                                          0 / 0                 0 / 0                 0 / 0                 0 / 0           MB/s
[130.041s][info][gc,stats    ]      Memory: Undo Object Allocation Failed                     0 / 0                 0 / 0                 0 / 0                 0 / 0           ops/s
[130.041s][info][gc,stats    ]      Memory: Undo Object Allocation Succeeded                  0 / 2                 0 / 6                 0 / 6                 0 / 6           ops/s
[130.041s][info][gc,stats    ]      Memory: Undo Page Allocation                              0 / 0                 0 / 1                 0 / 1                 0 / 1           ops/s
[130.041s][info][gc,stats    ]       Phase: Concurrent Mark                              26.328 / 36.922       30.706 / 65.214       30.706 / 65.214       30.706 / 65.214      ms
[130.041s][info][gc,stats    ]       Phase: Concurrent Mark Continue                      0.000 / 0.000         0.000 / 0.000         0.000 / 0.000         0.000 / 0.000       ms
[130.041s][info][gc,stats    ]       Phase: Concurrent Process Non-Strong References      0.431 / 0.460         0.479 / 0.911         0.479 / 0.911         0.479 / 0.911       ms
[130.041s][info][gc,stats    ]       Phase: Concurrent Relocate                           1.221 / 1.710         1.497 / 16.651        1.497 / 16.651        1.497 / 16.651      ms
[130.041s][info][gc,stats    ]       Phase: Concurrent Reset Relocation Set               0.006 / 0.018         0.004 / 0.098         0.004 / 0.098         0.004 / 0.098       ms
[130.041s][info][gc,stats    ]       Phase: Concurrent Select Relocation Set              2.962 / 3.360         3.091 / 12.567        3.091 / 12.567        3.091 / 12.567      ms
[130.041s][info][gc,stats    ]       Phase: Pause Mark End                                0.008 / 0.009         0.009 / 0.025         0.009 / 0.025         0.009 / 0.025       ms
[130.041s][info][gc,stats    ]       Phase: Pause Mark Start                              0.006 / 0.009         0.006 / 0.028         0.006 / 0.028         0.006 / 0.028       ms
[130.041s][info][gc,stats    ]       Phase: Pause Relocate Start                          0.004 / 0.004         0.005 / 0.026         0.005 / 0.026         0.005 / 0.026       ms
[130.041s][info][gc,stats    ]    Subphase: Concurrent Classes Purge                      0.031 / 0.046         0.031 / 0.102         0.031 / 0.102         0.031 / 0.102       ms
[130.041s][info][gc,stats    ]    Subphase: Concurrent Classes Unlink                     0.293 / 0.319         0.300 / 0.571         0.300 / 0.571         0.300 / 0.571       ms
[130.041s][info][gc,stats    ]    Subphase: Concurrent Mark                              25.601 / 36.701       29.990 / 64.907       29.990 / 64.907       29.990 / 64.907      ms
[130.041s][info][gc,stats    ]    Subphase: Concurrent Mark Idle                          1.160 / 1.258         1.164 / 1.327         1.164 / 1.327         1.164 / 1.327       ms
[130.041s][info][gc,stats    ]    Subphase: Concurrent Mark Try Flush                     0.027 / 0.042         0.040 / 0.119         0.040 / 0.119         0.040 / 0.119       ms
[130.041s][info][gc,stats    ]    Subphase: Concurrent Mark Try Terminate                 0.392 / 1.259         0.444 / 1.330         0.444 / 1.330         0.444 / 1.330       ms
[130.041s][info][gc,stats    ]    Subphase: Concurrent References Enqueue                 0.000 / 0.000         0.000 / 0.003         0.000 / 0.003         0.000 / 0.003       ms
[130.041s][info][gc,stats    ]    Subphase: Concurrent References Process                 0.023 / 0.028         0.032 / 0.095         0.032 / 0.095         0.032 / 0.095       ms
[130.041s][info][gc,stats    ]    Subphase: Concurrent Roots ClassLoaderDataGraph         0.014 / 0.031         0.016 / 0.132         0.016 / 0.132         0.016 / 0.132       ms
[130.041s][info][gc,stats    ]    Subphase: Concurrent Roots CodeCache                    0.000 / 0.000         0.000 / 0.000         0.000 / 0.000         0.000 / 0.000       ms
[130.041s][info][gc,stats    ]    Subphase: Concurrent Roots JavaThreads                  0.163 / 0.180         0.183 / 0.277         0.183 / 0.277         0.183 / 0.277       ms
[130.041s][info][gc,stats    ]    Subphase: Concurrent Roots OopStorageSet                0.003 / 0.004         0.004 / 0.009         0.004 / 0.009         0.004 / 0.009       ms
[130.041s][info][gc,stats    ]    Subphase: Concurrent Weak Roots OopStorageSet           0.036 / 0.041         0.040 / 0.120         0.040 / 0.120         0.040 / 0.120       ms
[130.041s][info][gc,stats    ]    Subphase: Pause Mark Try Complete                       0.000 / 0.000         0.000 / 0.000         0.000 / 0.000         0.000 / 0.000       ms
[130.041s][info][gc,stats    ]      System: Java Threads                                     16 / 16               16 / 20               16 / 20               16 / 20          threads
[130.041s][info][gc,stats    ] =========================================================================================================================================================
[131.340s][info][gc,start    ] GC(55) Garbage Collection (Proactive)
[131.340s][info][gc,phases   ] GC(55) Pause Mark Start 0.006ms
[131.375s][info][gc,phases   ] GC(55) Concurrent Mark 35.119ms
[131.375s][info][gc,phases   ] GC(55) Pause Mark End 0.009ms
[131.376s][info][gc,phases   ] GC(55) Concurrent Process Non-Strong References 0.553ms
[131.376s][info][gc,phases   ] GC(55) Concurrent Reset Relocation Set 0.002ms
[131.379s][info][gc,phases   ] GC(55) Concurrent Select Relocation Set 2.764ms
[131.379s][info][gc,phases   ] GC(55) Pause Relocate Start 0.003ms
[131.379s][info][gc,phases   ] GC(55) Concurrent Relocate 0.462ms
[131.379s][info][gc,load     ] GC(55) Load: 2.61/3.41/3.53
[131.380s][info][gc,mmu      ] GC(55) MMU: 2ms/98.6%, 5ms/99.3%, 10ms/99.7%, 20ms/99.8%, 50ms/99.9%, 100ms/100.0%
[131.380s][info][gc,marking  ] GC(55) Mark: 2 stripe(s), 2 proactive flush(es), 1 terminate flush(es), 0 completion(s), 0 continuation(s) 
[131.380s][info][gc,nmethod  ] GC(55) NMethods: 482 registered, 0 unregistered
[131.380s][info][gc,metaspace] GC(55) Metaspace: 0M used, 0M committed, 1032M reserved
[131.380s][info][gc,ref      ] GC(55) Soft: 82 encountered, 0 discovered, 0 enqueued
[131.380s][info][gc,ref      ] GC(55) Weak: 200 encountered, 66 discovered, 0 enqueued
[131.380s][info][gc,ref      ] GC(55) Final: 0 encountered, 0 discovered, 0 enqueued
[131.380s][info][gc,ref      ] GC(55) Phantom: 5 encountered, 3 discovered, 0 enqueued
[131.380s][info][gc,reloc    ] GC(55) Small Pages: 1168 / 2336M, Empty: 2188M, Relocated: 3M, In-Place: 0
[131.380s][info][gc,reloc    ] GC(55) Medium Pages: 0 / 0M, Empty: 0M, Relocated: 0M, In-Place: 0
[131.380s][info][gc,reloc    ] GC(55) Large Pages: 0 / 0M, Empty: 0M, Relocated: 0M, In-Place: 0
[131.380s][info][gc,reloc    ] GC(55) Forwarding Usage: 0M
[131.380s][info][gc,heap     ] GC(55) Min Capacity: 8192M(100%)
[131.380s][info][gc,heap     ] GC(55) Max Capacity: 8192M(100%)
[131.380s][info][gc,heap     ] GC(55) Soft Max Capacity: 8192M(100%)
[131.380s][info][gc,heap     ] GC(55)                Mark Start          Mark End        Relocate Start      Relocate End           High               Low         
[131.380s][info][gc,heap     ] GC(55)  Capacity:     8192M (100%)       8192M (100%)       8192M (100%)       8192M (100%)       8192M (100%)       8192M (100%)   
[131.380s][info][gc,heap     ] GC(55)      Free:     5856M (71%)        5824M (71%)        7996M (98%)        8002M (98%)        8002M (98%)        5816M (71%)    
[131.380s][info][gc,heap     ] GC(55)      Used:     2336M (29%)        2368M (29%)         196M (2%)          190M (2%)         2376M (29%)         190M (2%)     
[131.380s][info][gc,heap     ] GC(55)      Live:         -               132M (2%)          132M (2%)          132M (2%)             -                  -          
[131.380s][info][gc,heap     ] GC(55) Allocated:         -                32M (0%)           48M (1%)           48M (1%)             -                  -          
[131.380s][info][gc,heap     ] GC(55)   Garbage:         -              2203M (27%)          15M (0%)            9M (0%)             -                  -          
[131.380s][info][gc,heap     ] GC(55) Reclaimed:         -                  -              2188M (27%)        2194M (27%)            -                  -          
[131.380s][info][gc          ] GC(55) Garbage Collection (Proactive) 2336M(29%)->190M(2%)
[134.140s][info][gc,start    ] GC(56) Garbage Collection (Proactive)
[134.140s][info][gc,phases   ] GC(56) Pause Mark Start 0.005ms
[134.163s][info][gc,phases   ] GC(56) Concurrent Mark 22.652ms
[134.163s][info][gc,phases   ] GC(56) Pause Mark End 0.008ms
[134.163s][info][gc,phases   ] GC(56) Concurrent Process Non-Strong References 0.407ms
[134.163s][info][gc,phases   ] GC(56) Concurrent Reset Relocation Set 0.001ms
[134.166s][info][gc,phases   ] GC(56) Concurrent Select Relocation Set 3.166ms
[134.167s][info][gc,phases   ] GC(56) Pause Relocate Start 0.003ms
[134.168s][info][gc,phases   ] GC(56) Concurrent Relocate 1.578ms
[134.168s][info][gc,load     ] GC(56) Load: 2.61/3.41/3.53
[134.168s][info][gc,mmu      ] GC(56) MMU: 2ms/98.6%, 5ms/99.3%, 10ms/99.7%, 20ms/99.8%, 50ms/99.9%, 100ms/100.0%
[134.168s][info][gc,marking  ] GC(56) Mark: 2 stripe(s), 2 proactive flush(es), 1 terminate flush(es), 0 completion(s), 0 continuation(s) 
[134.168s][info][gc,nmethod  ] GC(56) NMethods: 482 registered, 0 unregistered
[134.168s][info][gc,metaspace] GC(56) Metaspace: 0M used, 0M committed, 1032M reserved
[134.168s][info][gc,ref      ] GC(56) Soft: 82 encountered, 0 discovered, 0 enqueued
[134.168s][info][gc,ref      ] GC(56) Weak: 200 encountered, 170 discovered, 0 enqueued
[134.168s][info][gc,ref      ] GC(56) Final: 0 encountered, 0 discovered, 0 enqueued
[134.168s][info][gc,ref      ] GC(56) Phantom: 5 encountered, 5 discovered, 0 enqueued
[134.168s][info][gc,reloc    ] GC(56) Small Pages: 1531 / 3062M, Empty: 2912M, Relocated: 10M, In-Place: 0
[134.168s][info][gc,reloc    ] GC(56) Medium Pages: 0 / 0M, Empty: 0M, Relocated: 0M, In-Place: 0
[134.168s][info][gc,reloc    ] GC(56) Large Pages: 0 / 0M, Empty: 0M, Relocated: 0M, In-Place: 0
[134.168s][info][gc,reloc    ] GC(56) Forwarding Usage: 1M
[134.168s][info][gc,heap     ] GC(56) Min Capacity: 8192M(100%)
[134.168s][info][gc,heap     ] GC(56) Max Capacity: 8192M(100%)
[134.168s][info][gc,heap     ] GC(56) Soft Max Capacity: 8192M(100%)
[134.168s][info][gc,heap     ] GC(56)                Mark Start          Mark End        Relocate Start      Relocate End           High               Low         
[134.168s][info][gc,heap     ] GC(56)  Capacity:     8192M (100%)       8192M (100%)       8192M (100%)       8192M (100%)       8192M (100%)       8192M (100%)   
[134.168s][info][gc,heap     ] GC(56)      Free:     5130M (63%)        5106M (62%)        8010M (98%)        8018M (98%)        8018M (98%)        5106M (62%)    
[134.168s][info][gc,heap     ] GC(56)      Used:     3062M (37%)        3086M (38%)         182M (2%)          174M (2%)         3086M (38%)         174M (2%)     
[134.168s][info][gc,heap     ] GC(56)      Live:         -               132M (2%)          132M (2%)          132M (2%)             -                  -          
[134.169s][info][gc,heap     ] GC(56) Allocated:         -                24M (0%)           32M (0%)           34M (0%)             -                  -          
[134.169s][info][gc,heap     ] GC(56)   Garbage:         -              2929M (36%)          17M (0%)            7M (0%)             -                  -          
[134.169s][info][gc,heap     ] GC(56) Reclaimed:         -                  -              2912M (36%)        2922M (36%)            -                  -          
[134.169s][info][gc          ] GC(56) Garbage Collection (Proactive) 3062M(37%)->174M(2%)
[136.440s][info][gc,start    ] GC(57) Garbage Collection (Proactive)
[136.440s][info][gc,phases   ] GC(57) Pause Mark Start 0.004ms
[136.463s][info][gc,phases   ] GC(57) Concurrent Mark 22.856ms
[136.463s][info][gc,phases   ] GC(57) Pause Mark End 0.008ms
[136.464s][info][gc,phases   ] GC(57) Concurrent Process Non-Strong References 0.419ms
[136.464s][info][gc,phases   ] GC(57) Concurrent Reset Relocation Set 0.002ms
[136.467s][info][gc,phases   ] GC(57) Concurrent Select Relocation Set 2.728ms
[136.467s][info][gc,phases   ] GC(57) Pause Relocate Start 0.003ms
[136.468s][info][gc,phases   ] GC(57) Concurrent Relocate 1.155ms
[136.468s][info][gc,load     ] GC(57) Load: 2.88/3.45/3.55
[136.468s][info][gc,mmu      ] GC(57) MMU: 2ms/98.6%, 5ms/99.3%, 10ms/99.7%, 20ms/99.8%, 50ms/99.9%, 100ms/100.0%
[136.468s][info][gc,marking  ] GC(57) Mark: 2 stripe(s), 2 proactive flush(es), 1 terminate flush(es), 0 completion(s), 0 continuation(s) 
[136.468s][info][gc,nmethod  ] GC(57) NMethods: 482 registered, 0 unregistered
[136.468s][info][gc,metaspace] GC(57) Metaspace: 0M used, 0M committed, 1032M reserved
[136.468s][info][gc,ref      ] GC(57) Soft: 82 encountered, 0 discovered, 0 enqueued
[136.468s][info][gc,ref      ] GC(57) Weak: 200 encountered, 170 discovered, 0 enqueued
[136.468s][info][gc,ref      ] GC(57) Final: 0 encountered, 0 discovered, 0 enqueued
[136.468s][info][gc,ref      ] GC(57) Phantom: 5 encountered, 5 discovered, 0 enqueued
[136.468s][info][gc,reloc    ] GC(57) Small Pages: 1270 / 2540M, Empty: 2386M, Relocated: 6M, In-Place: 0
[136.468s][info][gc,reloc    ] GC(57) Medium Pages: 0 / 0M, Empty: 0M, Relocated: 0M, In-Place: 0
[136.468s][info][gc,reloc    ] GC(57) Large Pages: 0 / 0M, Empty: 0M, Relocated: 0M, In-Place: 0
[136.468s][info][gc,reloc    ] GC(57) Forwarding Usage: 0M
[136.468s][info][gc,heap     ] GC(57) Min Capacity: 8192M(100%)
[136.468s][info][gc,heap     ] GC(57) Max Capacity: 8192M(100%)
[136.468s][info][gc,heap     ] GC(57) Soft Max Capacity: 8192M(100%)
[136.468s][info][gc,heap     ] GC(57)                Mark Start          Mark End        Relocate Start      Relocate End           High               Low         
[136.468s][info][gc,heap     ] GC(57)  Capacity:     8192M (100%)       8192M (100%)       8192M (100%)       8192M (100%)       8192M (100%)       8192M (100%)   
[136.468s][info][gc,heap     ] GC(57)      Free:     5652M (69%)        5628M (69%)        8006M (98%)        8018M (98%)        8018M (98%)        5628M (69%)    
[136.468s][info][gc,heap     ] GC(57)      Used:     2540M (31%)        2564M (31%)         186M (2%)          174M (2%)         2564M (31%)         174M (2%)     
[136.468s][info][gc,heap     ] GC(57)      Live:         -               132M (2%)          132M (2%)          132M (2%)             -                  -          
[136.468s][info][gc,heap     ] GC(57) Allocated:         -                24M (0%)           32M (0%)           34M (0%)             -                  -          
[136.468s][info][gc,heap     ] GC(57)   Garbage:         -              2407M (29%)          21M (0%)            7M (0%)             -                  -          
[136.468s][info][gc,heap     ] GC(57) Reclaimed:         -                  -              2386M (29%)        2400M (29%)            -                  -          
[136.468s][info][gc          ] GC(57) Garbage Collection (Proactive) 2540M(31%)->174M(2%)
[138.340s][info][gc,start    ] GC(58) Garbage Collection (Proactive)
[138.340s][info][gc,phases   ] GC(58) Pause Mark Start 0.005ms
[138.362s][info][gc,phases   ] GC(58) Concurrent Mark 22.506ms
[138.362s][info][gc,phases   ] GC(58) Pause Mark End 0.009ms
[138.363s][info][gc,phases   ] GC(58) Concurrent Process Non-Strong References 0.414ms
[138.363s][info][gc,phases   ] GC(58) Concurrent Reset Relocation Set 0.002ms
[138.366s][info][gc,phases   ] GC(58) Concurrent Select Relocation Set 2.770ms
[138.366s][info][gc,phases   ] GC(58) Pause Relocate Start 0.003ms
[138.367s][info][gc,phases   ] GC(58) Concurrent Relocate 1.254ms
[138.367s][info][gc,load     ] GC(58) Load: 2.88/3.45/3.55
[138.367s][info][gc,mmu      ] GC(58) MMU: 2ms/98.6%, 5ms/99.3%, 10ms/99.7%, 20ms/99.8%, 50ms/99.9%, 100ms/100.0%
[138.367s][info][gc,marking  ] GC(58) Mark: 2 stripe(s), 2 proactive flush(es), 1 terminate flush(es), 0 completion(s), 0 continuation(s) 
[138.367s][info][gc,nmethod  ] GC(58) NMethods: 482 registered, 0 unregistered
[138.367s][info][gc,metaspace] GC(58) Metaspace: 0M used, 0M committed, 1032M reserved
[138.367s][info][gc,ref      ] GC(58) Soft: 82 encountered, 0 discovered, 0 enqueued
[138.367s][info][gc,ref      ] GC(58) Weak: 200 encountered, 167 discovered, 0 enqueued
[138.367s][info][gc,ref      ] GC(58) Final: 0 encountered, 0 discovered, 0 enqueued
[138.367s][info][gc,ref      ] GC(58) Phantom: 5 encountered, 3 discovered, 0 enqueued
[138.367s][info][gc,reloc    ] GC(58) Small Pages: 1062 / 2124M, Empty: 1974M, Relocated: 6M, In-Place: 0
[138.367s][info][gc,reloc    ] GC(58) Medium Pages: 0 / 0M, Empty: 0M, Relocated: 0M, In-Place: 0
[138.367s][info][gc,reloc    ] GC(58) Large Pages: 0 / 0M, Empty: 0M, Relocated: 0M, In-Place: 0
[138.367s][info][gc,reloc    ] GC(58) Forwarding Usage: 0M
[138.367s][info][gc,heap     ] GC(58) Min Capacity: 8192M(100%)
[138.367s][info][gc,heap     ] GC(58) Max Capacity: 8192M(100%)
[138.367s][info][gc,heap     ] GC(58) Soft Max Capacity: 8192M(100%)
[138.367s][info][gc,heap     ] GC(58)                Mark Start          Mark End        Relocate Start      Relocate End           High               Low         
[138.367s][info][gc,heap     ] GC(58)  Capacity:     8192M (100%)       8192M (100%)       8192M (100%)       8192M (100%)       8192M (100%)       8192M (100%)   
[138.367s][info][gc,heap     ] GC(58)      Free:     6068M (74%)        6044M (74%)        8018M (98%)        8020M (98%)        8020M (98%)        6044M (74%)    
[138.367s][info][gc,heap     ] GC(58)      Used:     2124M (26%)        2148M (26%)         174M (2%)          172M (2%)         2148M (26%)         172M (2%)     
[138.367s][info][gc,heap     ] GC(58)      Live:         -               132M (2%)          132M (2%)          132M (2%)             -                  -          
[138.367s][info][gc,heap     ] GC(58) Allocated:         -                24M (0%)           24M (0%)           32M (0%)             -                  -          
[138.367s][info][gc,heap     ] GC(58)   Garbage:         -              1991M (24%)          17M (0%)            7M (0%)             -                  -          
[138.367s][info][gc,heap     ] GC(58) Reclaimed:         -                  -              1974M (24%)        1984M (24%)            -                  -          
[138.367s][info][gc          ] GC(58) Garbage Collection (Proactive) 2124M(26%)->172M(2%)
[140.040s][info][gc,stats    ] === Garbage Collection Statistics =======================================================================================================================
[140.040s][info][gc,start    ] GC(59) Garbage Collection (Proactive)
[140.040s][info][gc,stats    ]                                                              Last 10s              Last 10m              Last 10h                Total
[140.040s][info][gc,stats    ]                                                              Avg / Max             Avg / Max             Avg / Max             Avg / Max
[140.040s][info][gc,stats    ]   Collector: Garbage Collection Cycle                     30.815 / 39.437       35.991 / 95.920       35.991 / 95.920       35.991 / 95.920      ms
[140.040s][info][gc,stats    ]  Contention: Mark Segment Reset Contention                     0 / 1                 0 / 4                 0 / 4                 0 / 4           ops/s
[140.040s][info][gc,phases   ] GC(59) Pause Mark Start 0.004ms
[140.040s][info][gc,stats    ]  Contention: Mark SeqNum Reset Contention                      0 / 0                 0 / 0                 0 / 0                 0 / 0           ops/s
[140.040s][info][gc,stats    ]    Critical: Allocation Stall                                  0 / 0                 0 / 0                 0 / 0                 0 / 0           ops/s
[140.040s][info][gc,stats    ]    Critical: Allocation Stall                              0.000 / 0.000         0.000 / 0.000         0.000 / 0.000         0.000 / 0.000       ms
[140.040s][info][gc,stats    ]    Critical: GC Locker Stall                                   0 / 0                 0 / 0                 0 / 0                 0 / 0           ops/s
[140.040s][info][gc,stats    ]    Critical: GC Locker Stall                               0.000 / 0.000         0.000 / 0.000         0.000 / 0.000         0.000 / 0.000       ms
[140.040s][info][gc,stats    ]    Critical: Relocation Stall                                  0 / 0                 0 / 0                 0 / 0                 0 / 0           ops/s
[140.040s][info][gc,stats    ]    Critical: Relocation Stall                              0.000 / 0.000         0.000 / 0.000         0.000 / 0.000         0.000 / 0.000       ms
[140.040s][info][gc,stats    ]      Memory: Allocation Rate                                1043 / 1048           1102 / 9212           1102 / 9212           1102 / 9212        MB/s
[140.040s][info][gc,stats    ]      Memory: Out Of Memory                                     0 / 0                 0 / 0                 0 / 0                 0 / 0           ops/s
[140.040s][info][gc,stats    ]      Memory: Page Cache Flush                                  0 / 0                 0 / 0                 0 / 0                 0 / 0           MB/s
[140.040s][info][gc,stats    ]      Memory: Page Cache Hit L1                               523 / 530             511 / 533             511 / 533             511 / 533         ops/s
[140.040s][info][gc,stats    ]      Memory: Page Cache Hit L2                                 0 / 0                 0 / 0                 0 / 0                 0 / 0           ops/s
[140.040s][info][gc,stats    ]      Memory: Page Cache Hit L3                                 0 / 0                12 / 486              12 / 486              12 / 486         ops/s
[140.040s][info][gc,stats    ]      Memory: Page Cache Miss                                   0 / 0                 0 / 1                 0 / 1                 0 / 1           ops/s
[140.040s][info][gc,stats    ]      Memory: Uncommit                                          0 / 0                 0 / 0                 0 / 0                 0 / 0           MB/s
[140.040s][info][gc,stats    ]      Memory: Undo Object Allocation Failed                     0 / 0                 0 / 0                 0 / 0                 0 / 0           ops/s
[140.040s][info][gc,stats    ]      Memory: Undo Object Allocation Succeeded                  0 / 3                 0 / 6                 0 / 6                 0 / 6           ops/s
[140.040s][info][gc,stats    ]      Memory: Undo Page Allocation                              0 / 0                 0 / 1                 0 / 1                 0 / 1           ops/s
[140.040s][info][gc,stats    ]       Phase: Concurrent Mark                              25.783 / 35.119       30.372 / 65.214       30.372 / 65.214       30.372 / 65.214      ms
[140.040s][info][gc,stats    ]       Phase: Concurrent Mark Continue                      0.000 / 0.000         0.000 / 0.000         0.000 / 0.000         0.000 / 0.000       ms
[140.040s][info][gc,stats    ]       Phase: Concurrent Process Non-Strong References      0.448 / 0.553         0.477 / 0.911         0.477 / 0.911         0.477 / 0.911       ms
[140.040s][info][gc,stats    ]       Phase: Concurrent Relocate                           1.112 / 1.578         1.471 / 16.651        1.471 / 16.651        1.471 / 16.651      ms
[140.040s][info][gc,stats    ]       Phase: Concurrent Reset Relocation Set               0.002 / 0.002         0.004 / 0.098         0.004 / 0.098         0.004 / 0.098       ms
[140.040s][info][gc,stats    ]       Phase: Concurrent Select Relocation Set              2.857 / 3.166         3.075 / 12.567        3.075 / 12.567        3.075 / 12.567      ms
[140.040s][info][gc,stats    ]       Phase: Pause Mark End                                0.008 / 0.009         0.009 / 0.025         0.009 / 0.025         0.009 / 0.025       ms
[140.040s][info][gc,stats    ]       Phase: Pause Mark Start                              0.005 / 0.006         0.006 / 0.028         0.006 / 0.028         0.006 / 0.028       ms
[140.040s][info][gc,stats    ]       Phase: Pause Relocate Start                          0.003 / 0.003         0.004 / 0.026         0.004 / 0.026         0.004 / 0.026       ms
[140.040s][info][gc,stats    ]    Subphase: Concurrent Classes Purge                      0.028 / 0.037         0.031 / 0.102         0.031 / 0.102         0.031 / 0.102       ms
[140.040s][info][gc,stats    ]    Subphase: Concurrent Classes Unlink                     0.289 / 0.304         0.300 / 0.571         0.300 / 0.571         0.300 / 0.571       ms
[140.040s][info][gc,stats    ]    Subphase: Concurrent Mark                              25.036 / 34.889       29.654 / 64.907       29.654 / 64.907       29.654 / 64.907      ms
[140.040s][info][gc,stats    ]    Subphase: Concurrent Mark Idle                          1.114 / 1.259         1.161 / 1.327         1.161 / 1.327         1.161 / 1.327       ms
[140.040s][info][gc,stats    ]    Subphase: Concurrent Mark Try Flush                     0.032 / 0.055         0.040 / 0.119         0.040 / 0.119         0.040 / 0.119       ms
[140.040s][info][gc,stats    ]    Subphase: Concurrent Mark Try Terminate                 0.379 / 1.260         0.440 / 1.330         0.440 / 1.330         0.440 / 1.330       ms
[140.040s][info][gc,stats    ]    Subphase: Concurrent References Enqueue                 0.000 / 0.000         0.000 / 0.003         0.000 / 0.003         0.000 / 0.003       ms
[140.040s][info][gc,stats    ]    Subphase: Concurrent References Process                 0.029 / 0.033         0.032 / 0.095         0.032 / 0.095         0.032 / 0.095       ms
[140.040s][info][gc,stats    ]    Subphase: Concurrent Roots ClassLoaderDataGraph         0.015 / 0.043         0.016 / 0.132         0.016 / 0.132         0.016 / 0.132       ms
[140.040s][info][gc,stats    ]    Subphase: Concurrent Roots CodeCache                    0.000 / 0.000         0.000 / 0.000         0.000 / 0.000         0.000 / 0.000       ms
[140.040s][info][gc,stats    ]    Subphase: Concurrent Roots JavaThreads                  0.171 / 0.194         0.182 / 0.277         0.182 / 0.277         0.182 / 0.277       ms
[140.040s][info][gc,stats    ]    Subphase: Concurrent Roots OopStorageSet                0.003 / 0.004         0.004 / 0.009         0.004 / 0.009         0.004 / 0.009       ms
[140.040s][info][gc,stats    ]    Subphase: Concurrent Weak Roots OopStorageSet           0.036 / 0.039         0.040 / 0.120         0.040 / 0.120         0.040 / 0.120       ms
[140.040s][info][gc,stats    ]    Subphase: Pause Mark Try Complete                       0.000 / 0.000         0.000 / 0.000         0.000 / 0.000         0.000 / 0.000       ms
[140.040s][info][gc,stats    ]      System: Java Threads                                     16 / 16               16 / 20               16 / 20               16 / 20          threads
[140.040s][info][gc,stats    ] =========================================================================================================================================================
[140.063s][info][gc,phases   ] GC(59) Concurrent Mark 23.462ms
[140.063s][info][gc,phases   ] GC(59) Pause Mark End 0.009ms
[140.064s][info][gc,phases   ] GC(59) Concurrent Process Non-Strong References 0.408ms
[140.064s][info][gc,phases   ] GC(59) Concurrent Reset Relocation Set 0.001ms
[140.067s][info][gc,phases   ] GC(59) Concurrent Select Relocation Set 3.191ms
[140.067s][info][gc,phases   ] GC(59) Pause Relocate Start 0.006ms
[140.068s][info][gc,phases   ] GC(59) Concurrent Relocate 1.077ms
[140.068s][info][gc,load     ] GC(59) Load: 2.88/3.45/3.55
[140.068s][info][gc,mmu      ] GC(59) MMU: 2ms/98.6%, 5ms/99.3%, 10ms/99.7%, 20ms/99.8%, 50ms/99.9%, 100ms/100.0%
[140.068s][info][gc,marking  ] GC(59) Mark: 2 stripe(s), 2 proactive flush(es), 1 terminate flush(es), 0 completion(s), 0 continuation(s) 
[140.068s][info][gc,nmethod  ] GC(59) NMethods: 482 registered, 0 unregistered
[140.068s][info][gc,metaspace] GC(59) Metaspace: 0M used, 0M committed, 1032M reserved
[140.068s][info][gc,ref      ] GC(59) Soft: 82 encountered, 0 discovered, 0 enqueued
[140.068s][info][gc,ref      ] GC(59) Weak: 200 encountered, 61 discovered, 0 enqueued
[140.068s][info][gc,ref      ] GC(59) Final: 0 encountered, 0 discovered, 0 enqueued
[140.068s][info][gc,ref      ] GC(59) Phantom: 5 encountered, 3 discovered, 0 enqueued
[140.068s][info][gc,reloc    ] GC(59) Small Pages: 958 / 1916M, Empty: 1764M, Relocated: 4M, In-Place: 0
[140.068s][info][gc,reloc    ] GC(59) Medium Pages: 0 / 0M, Empty: 0M, Relocated: 0M, In-Place: 0
[140.068s][info][gc,reloc    ] GC(59) Large Pages: 0 / 0M, Empty: 0M, Relocated: 0M, In-Place: 0
[140.068s][info][gc,reloc    ] GC(59) Forwarding Usage: 0M
[140.068s][info][gc,heap     ] GC(59) Min Capacity: 8192M(100%)
[140.068s][info][gc,heap     ] GC(59) Max Capacity: 8192M(100%)
[140.068s][info][gc,heap     ] GC(59) Soft Max Capacity: 8192M(100%)
[140.068s][info][gc,heap     ] GC(59)                Mark Start          Mark End        Relocate Start      Relocate End           High               Low         
[140.068s][info][gc,heap     ] GC(59)  Capacity:     8192M (100%)       8192M (100%)       8192M (100%)       8192M (100%)       8192M (100%)       8192M (100%)   
[140.068s][info][gc,heap     ] GC(59)      Free:     6276M (77%)        6252M (76%)        8008M (98%)        8014M (98%)        8014M (98%)        6252M (76%)    
[140.069s][info][gc,heap     ] GC(59)      Used:     1916M (23%)        1940M (24%)         184M (2%)          178M (2%)         1940M (24%)         178M (2%)     
[140.069s][info][gc,heap     ] GC(59)      Live:         -               132M (2%)          132M (2%)          132M (2%)             -                  -          
[140.069s][info][gc,heap     ] GC(59) Allocated:         -                24M (0%)           32M (0%)           36M (0%)             -                  -          
[140.069s][info][gc,heap     ] GC(59)   Garbage:         -              1783M (22%)          19M (0%)            9M (0%)             -                  -          
[140.069s][info][gc,heap     ] GC(59) Reclaimed:         -                  -              1764M (22%)        1774M (22%)            -                  -          
[140.069s][info][gc          ] GC(59) Garbage Collection (Proactive) 1916M(23%)->178M(2%)
[141.639s][info][gc,start    ] GC(60) Garbage Collection (Proactive)
[141.640s][info][gc,phases   ] GC(60) Pause Mark Start 0.021ms
[141.676s][info][gc,phases   ] GC(60) Concurrent Mark 36.179ms
[141.676s][info][gc,phases   ] GC(60) Pause Mark End 0.010ms
[141.677s][info][gc,phases   ] GC(60) Concurrent Process Non-Strong References 0.555ms
[141.677s][info][gc,phases   ] GC(60) Concurrent Reset Relocation Set 0.002ms
[141.679s][info][gc,phases   ] GC(60) Concurrent Select Relocation Set 2.780ms
[141.680s][info][gc,phases   ] GC(60) Pause Relocate Start 0.003ms
[141.680s][info][gc,phases   ] GC(60) Concurrent Relocate 0.762ms
[141.680s][info][gc,load     ] GC(60) Load: 2.73/3.41/3.53
[141.680s][info][gc,mmu      ] GC(60) MMU: 2ms/98.6%, 5ms/99.3%, 10ms/99.7%, 20ms/99.8%, 50ms/99.9%, 100ms/100.0%
[141.680s][info][gc,marking  ] GC(60) Mark: 2 stripe(s), 3 proactive flush(es), 1 terminate flush(es), 0 completion(s), 0 continuation(s) 
[141.680s][info][gc,nmethod  ] GC(60) NMethods: 482 registered, 0 unregistered
[141.680s][info][gc,metaspace] GC(60) Metaspace: 0M used, 0M committed, 1032M reserved
[141.680s][info][gc,ref      ] GC(60) Soft: 82 encountered, 0 discovered, 0 enqueued
[141.680s][info][gc,ref      ] GC(60) Weak: 200 encountered, 182 discovered, 0 enqueued
[141.680s][info][gc,ref      ] GC(60) Final: 0 encountered, 0 discovered, 0 enqueued
[141.680s][info][gc,ref      ] GC(60) Phantom: 5 encountered, 3 discovered, 0 enqueued
[141.680s][info][gc,reloc    ] GC(60) Small Pages: 908 / 1816M, Empty: 1662M, Relocated: 4M, In-Place: 0
[141.680s][info][gc,reloc    ] GC(60) Medium Pages: 0 / 0M, Empty: 0M, Relocated: 0M, In-Place: 0
[141.681s][info][gc,reloc    ] GC(60) Large Pages: 0 / 0M, Empty: 0M, Relocated: 0M, In-Place: 0
[141.681s][info][gc,reloc    ] GC(60) Forwarding Usage: 0M
[141.681s][info][gc,heap     ] GC(60) Min Capacity: 8192M(100%)
[141.681s][info][gc,heap     ] GC(60) Max Capacity: 8192M(100%)
[141.681s][info][gc,heap     ] GC(60) Soft Max Capacity: 8192M(100%)
[141.681s][info][gc,heap     ] GC(60)                Mark Start          Mark End        Relocate Start      Relocate End           High               Low         
[141.681s][info][gc,heap     ] GC(60)  Capacity:     8192M (100%)       8192M (100%)       8192M (100%)       8192M (100%)       8192M (100%)       8192M (100%)   
[141.681s][info][gc,heap     ] GC(60)      Free:     6376M (78%)        6336M (77%)        7990M (98%)        8002M (98%)        8002M (98%)        6336M (77%)    
[141.681s][info][gc,heap     ] GC(60)      Used:     1816M (22%)        1856M (23%)         202M (2%)          190M (2%)         1856M (23%)         190M (2%)     
[141.681s][info][gc,heap     ] GC(60)      Live:         -               132M (2%)          132M (2%)          132M (2%)             -                  -          
[141.681s][info][gc,heap     ] GC(60) Allocated:         -                40M (0%)           48M (1%)           48M (1%)             -                  -          
[141.681s][info][gc,heap     ] GC(60)   Garbage:         -              1683M (21%)          21M (0%)            9M (0%)             -                  -          
[141.681s][info][gc,heap     ] GC(60) Reclaimed:         -                  -              1662M (20%)        1674M (20%)            -                  -          
[141.681s][info][gc          ] GC(60) Garbage Collection (Proactive) 1816M(22%)->190M(2%)
[144.440s][info][gc,start    ] GC(61) Garbage Collection (Proactive)
[144.440s][info][gc,phases   ] GC(61) Pause Mark Start 0.005ms
[144.463s][info][gc,phases   ] GC(61) Concurrent Mark 23.215ms
[144.463s][info][gc,phases   ] GC(61) Pause Mark End 0.010ms
[144.464s][info][gc,phases   ] GC(61) Concurrent Process Non-Strong References 0.473ms
[144.464s][info][gc,phases   ] GC(61) Concurrent Reset Relocation Set 0.001ms
[144.467s][info][gc,phases   ] GC(61) Concurrent Select Relocation Set 2.793ms
[144.467s][info][gc,phases   ] GC(61) Pause Relocate Start 0.004ms
[144.468s][info][gc,phases   ] GC(61) Concurrent Relocate 1.452ms
[144.468s][info][gc,load     ] GC(61) Load: 2.73/3.41/3.53
[144.468s][info][gc,mmu      ] GC(61) MMU: 2ms/98.6%, 5ms/99.3%, 10ms/99.7%, 20ms/99.8%, 50ms/99.9%, 100ms/100.0%
[144.468s][info][gc,marking  ] GC(61) Mark: 2 stripe(s), 2 proactive flush(es), 1 terminate flush(es), 0 completion(s), 0 continuation(s) 
[144.468s][info][gc,nmethod  ] GC(61) NMethods: 482 registered, 0 unregistered
[144.468s][info][gc,metaspace] GC(61) Metaspace: 0M used, 0M committed, 1032M reserved
[144.468s][info][gc,ref      ] GC(61) Soft: 82 encountered, 0 discovered, 0 enqueued
[144.468s][info][gc,ref      ] GC(61) Weak: 200 encountered, 170 discovered, 0 enqueued
[144.468s][info][gc,ref      ] GC(61) Final: 0 encountered, 0 discovered, 0 enqueued
[144.468s][info][gc,ref      ] GC(61) Phantom: 5 encountered, 3 discovered, 0 enqueued
[144.468s][info][gc,reloc    ] GC(61) Small Pages: 1531 / 3062M, Empty: 2916M, Relocated: 10M, In-Place: 0
[144.468s][info][gc,reloc    ] GC(61) Medium Pages: 0 / 0M, Empty: 0M, Relocated: 0M, In-Place: 0
[144.468s][info][gc,reloc    ] GC(61) Large Pages: 0 / 0M, Empty: 0M, Relocated: 0M, In-Place: 0
[144.468s][info][gc,reloc    ] GC(61) Forwarding Usage: 0M
[144.469s][info][gc,heap     ] GC(61) Min Capacity: 8192M(100%)
[144.469s][info][gc,heap     ] GC(61) Max Capacity: 8192M(100%)
[144.469s][info][gc,heap     ] GC(61) Soft Max Capacity: 8192M(100%)
[144.469s][info][gc,heap     ] GC(61)                Mark Start          Mark End        Relocate Start      Relocate End           High               Low         
[144.469s][info][gc,heap     ] GC(61)  Capacity:     8192M (100%)       8192M (100%)       8192M (100%)       8192M (100%)       8192M (100%)       8192M (100%)   
[144.469s][info][gc,heap     ] GC(61)      Free:     5130M (63%)        5106M (62%)        8014M (98%)        8018M (98%)        8018M (98%)        5106M (62%)    
[144.469s][info][gc,heap     ] GC(61)      Used:     3062M (37%)        3086M (38%)         178M (2%)          174M (2%)         3086M (38%)         174M (2%)     
[144.469s][info][gc,heap     ] GC(61)      Live:         -               132M (2%)          132M (2%)          132M (2%)             -                  -          
[144.469s][info][gc,heap     ] GC(61) Allocated:         -                24M (0%)           32M (0%)           34M (0%)             -                  -          
[144.469s][info][gc,heap     ] GC(61)   Garbage:         -              2929M (36%)          13M (0%)            7M (0%)             -                  -          
[144.469s][info][gc,heap     ] GC(61) Reclaimed:         -                  -              2916M (36%)        2922M (36%)            -                  -          
[144.469s][info][gc          ] GC(61) Garbage Collection (Proactive) 3062M(37%)->174M(2%)
[146.840s][info][gc,start    ] GC(62) Garbage Collection (Proactive)
[146.840s][info][gc,phases   ] GC(62) Pause Mark Start 0.004ms
[146.863s][info][gc,phases   ] GC(62) Concurrent Mark 22.909ms
[146.863s][info][gc,phases   ] GC(62) Pause Mark End 0.009ms
[146.864s][info][gc,phases   ] GC(62) Concurrent Process Non-Strong References 0.407ms
[146.864s][info][gc,phases   ] GC(62) Concurrent Reset Relocation Set 0.002ms
[146.866s][info][gc,phases   ] GC(62) Concurrent Select Relocation Set 2.796ms
[146.867s][info][gc,phases   ] GC(62) Pause Relocate Start 0.003ms
[146.868s][info][gc,phases   ] GC(62) Concurrent Relocate 1.612ms
[146.868s][info][gc,load     ] GC(62) Load: 2.99/3.45/3.55
[146.868s][info][gc,mmu      ] GC(62) MMU: 2ms/98.6%, 5ms/99.3%, 10ms/99.7%, 20ms/99.8%, 50ms/99.9%, 100ms/100.0%
[146.868s][info][gc,marking  ] GC(62) Mark: 2 stripe(s), 2 proactive flush(es), 1 terminate flush(es), 0 completion(s), 0 continuation(s) 
[146.868s][info][gc,nmethod  ] GC(62) NMethods: 482 registered, 0 unregistered
[146.868s][info][gc,metaspace] GC(62) Metaspace: 0M used, 0M committed, 1032M reserved
[146.868s][info][gc,ref      ] GC(62) Soft: 82 encountered, 0 discovered, 0 enqueued
[146.868s][info][gc,ref      ] GC(62) Weak: 200 encountered, 170 discovered, 0 enqueued
[146.868s][info][gc,ref      ] GC(62) Final: 0 encountered, 0 discovered, 0 enqueued
[146.868s][info][gc,ref      ] GC(62) Phantom: 5 encountered, 3 discovered, 0 enqueued
[146.868s][info][gc,reloc    ] GC(62) Small Pages: 1322 / 2644M, Empty: 2496M, Relocated: 8M, In-Place: 0
[146.868s][info][gc,reloc    ] GC(62) Medium Pages: 0 / 0M, Empty: 0M, Relocated: 0M, In-Place: 0
[146.868s][info][gc,reloc    ] GC(62) Large Pages: 0 / 0M, Empty: 0M, Relocated: 0M, In-Place: 0
[146.868s][info][gc,reloc    ] GC(62) Forwarding Usage: 0M
[146.868s][info][gc,heap     ] GC(62) Min Capacity: 8192M(100%)
[146.868s][info][gc,heap     ] GC(62) Max Capacity: 8192M(100%)
[146.868s][info][gc,heap     ] GC(62) Soft Max Capacity: 8192M(100%)
[146.868s][info][gc,heap     ] GC(62)                Mark Start          Mark End        Relocate Start      Relocate End           High               Low         
[146.868s][info][gc,heap     ] GC(62)  Capacity:     8192M (100%)       8192M (100%)       8192M (100%)       8192M (100%)       8192M (100%)       8192M (100%)   
[146.868s][info][gc,heap     ] GC(62)      Free:     5548M (68%)        5524M (67%)        8012M (98%)        8020M (98%)        8020M (98%)        5524M (67%)    
[146.868s][info][gc,heap     ] GC(62)      Used:     2644M (32%)        2668M (33%)         180M (2%)          172M (2%)         2668M (33%)         172M (2%)     
[146.868s][info][gc,heap     ] GC(62)      Live:         -               132M (2%)          132M (2%)          132M (2%)             -                  -          
[146.868s][info][gc,heap     ] GC(62) Allocated:         -                24M (0%)           32M (0%)           32M (0%)             -                  -          
[146.868s][info][gc,heap     ] GC(62)   Garbage:         -              2511M (31%)          15M (0%)            7M (0%)             -                  -          
[146.868s][info][gc,heap     ] GC(62) Reclaimed:         -                  -              2496M (30%)        2504M (31%)            -                  -          
[146.868s][info][gc          ] GC(62) Garbage Collection (Proactive) 2644M(32%)->172M(2%)
[148.840s][info][gc,start    ] GC(63) Garbage Collection (Proactive)
[148.840s][info][gc,phases   ] GC(63) Pause Mark Start 0.005ms
[148.862s][info][gc,phases   ] GC(63) Concurrent Mark 22.723ms
[148.862s][info][gc,phases   ] GC(63) Pause Mark End 0.008ms
[148.863s][info][gc,phases   ] GC(63) Concurrent Process Non-Strong References 0.432ms
[148.863s][info][gc,phases   ] GC(63) Concurrent Reset Relocation Set 0.002ms
[148.866s][info][gc,phases   ] GC(63) Concurrent Select Relocation Set 2.840ms
[148.866s][info][gc,phases   ] GC(63) Pause Relocate Start 0.003ms
[148.867s][info][gc,phases   ] GC(63) Concurrent Relocate 1.170ms
[148.867s][info][gc,load     ] GC(63) Load: 2.99/3.45/3.55
[148.867s][info][gc,mmu      ] GC(63) MMU: 2ms/98.6%, 5ms/99.3%, 10ms/99.7%, 20ms/99.8%, 50ms/99.9%, 100ms/100.0%
[148.867s][info][gc,marking  ] GC(63) Mark: 2 stripe(s), 2 proactive flush(es), 1 terminate flush(es), 0 completion(s), 0 continuation(s) 
[148.867s][info][gc,nmethod  ] GC(63) NMethods: 482 registered, 0 unregistered
[148.867s][info][gc,metaspace] GC(63) Metaspace: 0M used, 0M committed, 1032M reserved
[148.867s][info][gc,ref      ] GC(63) Soft: 82 encountered, 0 discovered, 0 enqueued
[148.867s][info][gc,ref      ] GC(63) Weak: 200 encountered, 50 discovered, 0 enqueued
[148.867s][info][gc,ref      ] GC(63) Final: 0 encountered, 0 discovered, 0 enqueued
[148.867s][info][gc,ref      ] GC(63) Phantom: 5 encountered, 3 discovered, 0 enqueued
[148.867s][info][gc,reloc    ] GC(63) Small Pages: 1114 / 2228M, Empty: 2074M, Relocated: 6M, In-Place: 0
[148.867s][info][gc,reloc    ] GC(63) Medium Pages: 0 / 0M, Empty: 0M, Relocated: 0M, In-Place: 0
[148.867s][info][gc,reloc    ] GC(63) Large Pages: 0 / 0M, Empty: 0M, Relocated: 0M, In-Place: 0
[148.867s][info][gc,reloc    ] GC(63) Forwarding Usage: 0M
[148.867s][info][gc,heap     ] GC(63) Min Capacity: 8192M(100%)
[148.867s][info][gc,heap     ] GC(63) Max Capacity: 8192M(100%)
[148.867s][info][gc,heap     ] GC(63) Soft Max Capacity: 8192M(100%)
[148.867s][info][gc,heap     ] GC(63)                Mark Start          Mark End        Relocate Start      Relocate End           High               Low         
[148.867s][info][gc,heap     ] GC(63)  Capacity:     8192M (100%)       8192M (100%)       8192M (100%)       8192M (100%)       8192M (100%)       8192M (100%)   
[148.867s][info][gc,heap     ] GC(63)      Free:     5964M (73%)        5940M (73%)        8010M (98%)        8016M (98%)        8016M (98%)        5940M (73%)    
[148.867s][info][gc,heap     ] GC(63)      Used:     2228M (27%)        2252M (27%)         182M (2%)          176M (2%)         2252M (27%)         176M (2%)     
[148.867s][info][gc,heap     ] GC(63)      Live:         -               132M (2%)          132M (2%)          132M (2%)             -                  -          
[148.867s][info][gc,heap     ] GC(63) Allocated:         -                24M (0%)           28M (0%)           36M (0%)             -                  -          
[148.867s][info][gc,heap     ] GC(63)   Garbage:         -              2095M (26%)          21M (0%)            7M (0%)             -                  -          
[148.867s][info][gc,heap     ] GC(63) Reclaimed:         -                  -              2074M (25%)        2088M (25%)            -                  -          
[148.867s][info][gc          ] GC(63) Garbage Collection (Proactive) 2228M(27%)->176M(2%)
[150.040s][info][gc,stats    ] === Garbage Collection Statistics =======================================================================================================================
[150.040s][info][gc,stats    ]                                                              Last 10s              Last 10m              Last 10h                Total
[150.040s][info][gc,stats    ]                                                              Avg / Max             Avg / Max             Avg / Max             Avg / Max
[150.040s][info][gc,stats    ]   Collector: Garbage Collection Cycle                     30.867 / 40.978       35.591 / 95.920       35.591 / 95.920       35.591 / 95.920      ms
[150.040s][info][gc,stats    ]  Contention: Mark Segment Reset Contention                     0 / 3                 0 / 4                 0 / 4                 0 / 4           ops/s
[150.040s][info][gc,stats    ]  Contention: Mark SeqNum Reset Contention                      0 / 0                 0 / 0                 0 / 0                 0 / 0           ops/s
[150.040s][info][gc,stats    ]    Critical: Allocation Stall                                  0 / 0                 0 / 0                 0 / 0                 0 / 0           ops/s
[150.040s][info][gc,stats    ]    Critical: Allocation Stall                              0.000 / 0.000         0.000 / 0.000         0.000 / 0.000         0.000 / 0.000       ms
[150.040s][info][gc,stats    ]    Critical: GC Locker Stall                                   0 / 0                 0 / 0                 0 / 0                 0 / 0           ops/s
[150.040s][info][gc,stats    ]    Critical: GC Locker Stall                               0.000 / 0.000         0.000 / 0.000         0.000 / 0.000         0.000 / 0.000       ms
[150.040s][info][gc,stats    ]    Critical: Relocation Stall                                  0 / 0                 0 / 0                 0 / 0                 0 / 0           ops/s
[150.040s][info][gc,stats    ]    Critical: Relocation Stall                              0.000 / 0.000         0.000 / 0.000         0.000 / 0.000         0.000 / 0.000       ms
[150.040s][info][gc,stats    ]      Memory: Allocation Rate                                1044 / 1052           1098 / 9212           1098 / 9212           1098 / 9212        MB/s
[150.040s][info][gc,stats    ]      Memory: Out Of Memory                                     0 / 0                 0 / 0                 0 / 0                 0 / 0           ops/s
[150.040s][info][gc,stats    ]      Memory: Page Cache Flush                                  0 / 0                 0 / 0                 0 / 0                 0 / 0           MB/s
[150.040s][info][gc,stats    ]      Memory: Page Cache Hit L1                               524 / 530             512 / 533             512 / 533             512 / 533         ops/s
[150.040s][info][gc,stats    ]      Memory: Page Cache Hit L2                                 0 / 0                 0 / 0                 0 / 0                 0 / 0           ops/s
[150.040s][info][gc,stats    ]      Memory: Page Cache Hit L3                                 0 / 0                11 / 486              11 / 486              11 / 486         ops/s
[150.040s][info][gc,stats    ]      Memory: Page Cache Miss                                   0 / 0                 0 / 1                 0 / 1                 0 / 1           ops/s
[150.040s][info][gc,stats    ]      Memory: Uncommit                                          0 / 0                 0 / 0                 0 / 0                 0 / 0           MB/s
[150.040s][info][gc,stats    ]      Memory: Undo Object Allocation Failed                     0 / 0                 0 / 0                 0 / 0                 0 / 0           ops/s
[150.040s][info][gc,stats    ]      Memory: Undo Object Allocation Succeeded                  1 / 6                 0 / 6                 0 / 6                 0 / 6           ops/s
[150.040s][info][gc,stats    ]      Memory: Undo Page Allocation                              0 / 0                 0 / 1                 0 / 1                 0 / 1           ops/s
[150.040s][info][gc,stats    ]       Phase: Concurrent Mark                              25.698 / 36.179       30.007 / 65.214       30.007 / 65.214       30.007 / 65.214      ms
[150.040s][info][gc,stats    ]       Phase: Concurrent Mark Continue                      0.000 / 0.000         0.000 / 0.000         0.000 / 0.000         0.000 / 0.000       ms
[150.040s][info][gc,stats    ]       Phase: Concurrent Process Non-Strong References      0.455 / 0.555         0.475 / 0.911         0.475 / 0.911         0.475 / 0.911       ms
[150.040s][info][gc,stats    ]       Phase: Concurrent Relocate                           1.215 / 1.612         1.451 / 16.651        1.451 / 16.651        1.451 / 16.651      ms
[150.040s][info][gc,stats    ]       Phase: Concurrent Reset Relocation Set               0.002 / 0.002         0.004 / 0.098         0.004 / 0.098         0.004 / 0.098       ms
[150.040s][info][gc,stats    ]       Phase: Concurrent Select Relocation Set              2.880 / 3.191         3.060 / 12.567        3.060 / 12.567        3.060 / 12.567      ms
[150.040s][info][gc,stats    ]       Phase: Pause Mark End                                0.009 / 0.010         0.009 / 0.025         0.009 / 0.025         0.009 / 0.025       ms
[150.040s][info][gc,stats    ]       Phase: Pause Mark Start                              0.008 / 0.021         0.006 / 0.028         0.006 / 0.028         0.006 / 0.028       ms
[150.040s][info][gc,stats    ]       Phase: Pause Relocate Start                          0.004 / 0.006         0.004 / 0.026         0.004 / 0.026         0.004 / 0.026       ms
[150.040s][info][gc,stats    ]    Subphase: Concurrent Classes Purge                      0.028 / 0.039         0.031 / 0.102         0.031 / 0.102         0.031 / 0.102       ms
[150.040s][info][gc,stats    ]    Subphase: Concurrent Classes Unlink                     0.303 / 0.346         0.300 / 0.571         0.300 / 0.571         0.300 / 0.571       ms
[150.040s][info][gc,stats    ]    Subphase: Concurrent Mark                              24.913 / 35.897       29.284 / 64.907       29.284 / 64.907       29.284 / 64.907      ms
[150.040s][info][gc,stats    ]    Subphase: Concurrent Mark Idle                          1.212 / 1.274         1.164 / 1.327         1.164 / 1.327         1.164 / 1.327       ms
[150.040s][info][gc,stats    ]    Subphase: Concurrent Mark Try Flush                     0.032 / 0.068         0.039 / 0.119         0.039 / 0.119         0.039 / 0.119       ms
[150.040s][info][gc,stats    ]    Subphase: Concurrent Mark Try Terminate                 0.412 / 1.275         0.438 / 1.330         0.438 / 1.330         0.438 / 1.330       ms
[150.040s][info][gc,stats    ]    Subphase: Concurrent References Enqueue                 0.000 / 0.000         0.000 / 0.003         0.000 / 0.003         0.000 / 0.003       ms
[150.040s][info][gc,stats    ]    Subphase: Concurrent References Process                 0.028 / 0.046         0.032 / 0.095         0.032 / 0.095         0.032 / 0.095       ms
[150.040s][info][gc,stats    ]    Subphase: Concurrent Roots ClassLoaderDataGraph         0.013 / 0.026         0.015 / 0.132         0.015 / 0.132         0.015 / 0.132       ms
[150.040s][info][gc,stats    ]    Subphase: Concurrent Roots CodeCache                    0.000 / 0.000         0.000 / 0.000         0.000 / 0.000         0.000 / 0.000       ms
[150.040s][info][gc,stats    ]    Subphase: Concurrent Roots JavaThreads                  0.176 / 0.212         0.181 / 0.277         0.181 / 0.277         0.181 / 0.277       ms
[150.040s][info][gc,stats    ]    Subphase: Concurrent Roots OopStorageSet                0.003 / 0.004         0.004 / 0.009         0.004 / 0.009         0.004 / 0.009       ms
[150.040s][info][gc,stats    ]    Subphase: Concurrent Weak Roots OopStorageSet           0.036 / 0.043         0.040 / 0.120         0.040 / 0.120         0.040 / 0.120       ms
[150.040s][info][gc,stats    ]    Subphase: Pause Mark Try Complete                       0.000 / 0.000         0.000 / 0.000         0.000 / 0.000         0.000 / 0.000       ms
[150.040s][info][gc,stats    ]      System: Java Threads                                     16 / 16               16 / 20               16 / 20               16 / 20          threads
[150.040s][info][gc,stats    ] =========================================================================================================================================================
[150.540s][info][gc,start    ] GC(64) Garbage Collection (Proactive)
[150.540s][info][gc,phases   ] GC(64) Pause Mark Start 0.006ms
[150.564s][info][gc,phases   ] GC(64) Concurrent Mark 23.386ms
[150.564s][info][gc,phases   ] GC(64) Pause Mark End 0.008ms
[150.564s][info][gc,phases   ] GC(64) Concurrent Process Non-Strong References 0.399ms
[150.564s][info][gc,phases   ] GC(64) Concurrent Reset Relocation Set 0.002ms
[150.567s][info][gc,phases   ] GC(64) Concurrent Select Relocation Set 2.852ms
[150.567s][info][gc,phases   ] GC(64) Pause Relocate Start 0.004ms
[150.568s][info][gc,phases   ] GC(64) Concurrent Relocate 0.921ms
[150.568s][info][gc,load     ] GC(64) Load: 3.71/3.59/3.60
[150.568s][info][gc,mmu      ] GC(64) MMU: 2ms/98.6%, 5ms/99.3%, 10ms/99.7%, 20ms/99.8%, 50ms/99.9%, 100ms/100.0%
[150.568s][info][gc,marking  ] GC(64) Mark: 2 stripe(s), 2 proactive flush(es), 1 terminate flush(es), 0 completion(s), 0 continuation(s) 
[150.568s][info][gc,nmethod  ] GC(64) NMethods: 482 registered, 0 unregistered
[150.568s][info][gc,metaspace] GC(64) Metaspace: 0M used, 0M committed, 1032M reserved
[150.568s][info][gc,ref      ] GC(64) Soft: 82 encountered, 0 discovered, 0 enqueued
[150.568s][info][gc,ref      ] GC(64) Weak: 200 encountered, 170 discovered, 0 enqueued
[150.568s][info][gc,ref      ] GC(64) Final: 0 encountered, 0 discovered, 0 enqueued
[150.568s][info][gc,ref      ] GC(64) Phantom: 5 encountered, 3 discovered, 0 enqueued
[150.568s][info][gc,reloc    ] GC(64) Small Pages: 960 / 1920M, Empty: 1764M, Relocated: 5M, In-Place: 0
[150.568s][info][gc,reloc    ] GC(64) Medium Pages: 0 / 0M, Empty: 0M, Relocated: 0M, In-Place: 0
[150.568s][info][gc,reloc    ] GC(64) Large Pages: 0 / 0M, Empty: 0M, Relocated: 0M, In-Place: 0
[150.568s][info][gc,reloc    ] GC(64) Forwarding Usage: 0M
[150.568s][info][gc,heap     ] GC(64) Min Capacity: 8192M(100%)
[150.568s][info][gc,heap     ] GC(64) Max Capacity: 8192M(100%)
[150.568s][info][gc,heap     ] GC(64) Soft Max Capacity: 8192M(100%)
[150.568s][info][gc,heap     ] GC(64)                Mark Start          Mark End        Relocate Start      Relocate End           High               Low         
[150.568s][info][gc,heap     ] GC(64)  Capacity:     8192M (100%)       8192M (100%)       8192M (100%)       8192M (100%)       8192M (100%)       8192M (100%)   
[150.568s][info][gc,heap     ] GC(64)      Free:     6272M (77%)        6248M (76%)        8004M (98%)        8014M (98%)        8016M (98%)        6248M (76%)    
[150.568s][info][gc,heap     ] GC(64)      Used:     1920M (23%)        1944M (24%)         188M (2%)          178M (2%)         1944M (24%)         176M (2%)     
[150.568s][info][gc,heap     ] GC(64)      Live:         -               132M (2%)          132M (2%)          132M (2%)             -                  -          
[150.568s][info][gc,heap     ] GC(64) Allocated:         -                24M (0%)           32M (0%)           36M (0%)             -                  -          
[150.568s][info][gc,heap     ] GC(64)   Garbage:         -              1787M (22%)          23M (0%)            9M (0%)             -                  -          
[150.568s][info][gc,heap     ] GC(64) Reclaimed:         -                  -              1764M (22%)        1778M (22%)            -                  -          
[150.569s][info][gc          ] GC(64) Garbage Collection (Proactive) 1920M(23%)->178M(2%)
[152.140s][info][gc,start    ] GC(65) Garbage Collection (Proactive)
[152.140s][info][gc,phases   ] GC(65) Pause Mark Start 0.005ms
[152.176s][info][gc,phases   ] GC(65) Concurrent Mark 35.019ms
[152.176s][info][gc,phases   ] GC(65) Pause Mark End 0.009ms
[152.176s][info][gc,phases   ] GC(65) Concurrent Process Non-Strong References 0.499ms
[152.176s][info][gc,phases   ] GC(65) Concurrent Reset Relocation Set 0.002ms
[152.179s][info][gc,phases   ] GC(65) Concurrent Select Relocation Set 2.882ms
[152.179s][info][gc,phases   ] GC(65) Pause Relocate Start 0.004ms
[152.180s][info][gc,phases   ] GC(65) Concurrent Relocate 0.714ms
[152.180s][info][gc,load     ] GC(65) Load: 3.71/3.59/3.60
[152.180s][info][gc,mmu      ] GC(65) MMU: 2ms/98.6%, 5ms/99.3%, 10ms/99.7%, 20ms/99.8%, 50ms/99.9%, 100ms/100.0%
[152.180s][info][gc,marking  ] GC(65) Mark: 2 stripe(s), 2 proactive flush(es), 1 terminate flush(es), 0 completion(s), 0 continuation(s) 
[152.180s][info][gc,nmethod  ] GC(65) NMethods: 482 registered, 0 unregistered
[152.180s][info][gc,metaspace] GC(65) Metaspace: 0M used, 0M committed, 1032M reserved
[152.180s][info][gc,ref      ] GC(65) Soft: 82 encountered, 0 discovered, 0 enqueued
[152.180s][info][gc,ref      ] GC(65) Weak: 200 encountered, 167 discovered, 0 enqueued
[152.180s][info][gc,ref      ] GC(65) Final: 0 encountered, 0 discovered, 0 enqueued
[152.180s][info][gc,ref      ] GC(65) Phantom: 5 encountered, 5 discovered, 0 enqueued
[152.180s][info][gc,reloc    ] GC(65) Small Pages: 907 / 1814M, Empty: 1662M, Relocated: 4M, In-Place: 0
[152.180s][info][gc,reloc    ] GC(65) Medium Pages: 0 / 0M, Empty: 0M, Relocated: 0M, In-Place: 0
[152.180s][info][gc,reloc    ] GC(65) Large Pages: 0 / 0M, Empty: 0M, Relocated: 0M, In-Place: 0
[152.180s][info][gc,reloc    ] GC(65) Forwarding Usage: 0M
[152.180s][info][gc,heap     ] GC(65) Min Capacity: 8192M(100%)
[152.180s][info][gc,heap     ] GC(65) Max Capacity: 8192M(100%)
[152.180s][info][gc,heap     ] GC(65) Soft Max Capacity: 8192M(100%)
[152.180s][info][gc,heap     ] GC(65)                Mark Start          Mark End        Relocate Start      Relocate End           High               Low         
[152.180s][info][gc,heap     ] GC(65)  Capacity:     8192M (100%)       8192M (100%)       8192M (100%)       8192M (100%)       8192M (100%)       8192M (100%)   
[152.180s][info][gc,heap     ] GC(65)      Free:     6378M (78%)        6338M (77%)        7992M (98%)        8002M (98%)        8002M (98%)        6338M (77%)    
[152.180s][info][gc,heap     ] GC(65)      Used:     1814M (22%)        1854M (23%)         200M (2%)          190M (2%)         1854M (23%)         190M (2%)     
[152.180s][info][gc,heap     ] GC(65)      Live:         -               132M (2%)          132M (2%)          132M (2%)             -                  -          
[152.180s][info][gc,heap     ] GC(65) Allocated:         -                40M (0%)           48M (1%)           48M (1%)             -                  -          
[152.180s][info][gc,heap     ] GC(65)   Garbage:         -              1681M (21%)          19M (0%)            9M (0%)             -                  -          
[152.180s][info][gc,heap     ] GC(65) Reclaimed:         -                  -              1662M (20%)        1672M (20%)            -                  -          
[152.180s][info][gc          ] GC(65) Garbage Collection (Proactive) 1814M(22%)->190M(2%)
[154.840s][info][gc,start    ] GC(66) Garbage Collection (Proactive)
[154.840s][info][gc,phases   ] GC(66) Pause Mark Start 0.007ms
[154.863s][info][gc,phases   ] GC(66) Concurrent Mark 23.033ms
[154.863s][info][gc,phases   ] GC(66) Pause Mark End 0.009ms
[154.864s][info][gc,phases   ] GC(66) Concurrent Process Non-Strong References 0.412ms
[154.864s][info][gc,phases   ] GC(66) Concurrent Reset Relocation Set 0.001ms
[154.867s][info][gc,phases   ] GC(66) Concurrent Select Relocation Set 2.705ms
[154.867s][info][gc,phases   ] GC(66) Pause Relocate Start 0.003ms
[154.868s][info][gc,phases   ] GC(66) Concurrent Relocate 1.200ms
[154.868s][info][gc,load     ] GC(66) Load: 3.71/3.59/3.60
[154.868s][info][gc,mmu      ] GC(66) MMU: 2ms/98.6%, 5ms/99.3%, 10ms/99.7%, 20ms/99.8%, 50ms/99.9%, 100ms/100.0%
[154.868s][info][gc,marking  ] GC(66) Mark: 2 stripe(s), 2 proactive flush(es), 1 terminate flush(es), 0 completion(s), 0 continuation(s) 
[154.868s][info][gc,nmethod  ] GC(66) NMethods: 482 registered, 0 unregistered
[154.868s][info][gc,metaspace] GC(66) Metaspace: 0M used, 0M committed, 1032M reserved
[154.868s][info][gc,ref      ] GC(66) Soft: 82 encountered, 0 discovered, 0 enqueued
[154.868s][info][gc,ref      ] GC(66) Weak: 200 encountered, 142 discovered, 0 enqueued
[154.868s][info][gc,ref      ] GC(66) Final: 0 encountered, 0 discovered, 0 enqueued
[154.868s][info][gc,ref      ] GC(66) Phantom: 5 encountered, 3 discovered, 0 enqueued
[154.868s][info][gc,reloc    ] GC(66) Small Pages: 1480 / 2960M, Empty: 2814M, Relocated: 6M, In-Place: 0
[154.868s][info][gc,reloc    ] GC(66) Medium Pages: 0 / 0M, Empty: 0M, Relocated: 0M, In-Place: 0
[154.868s][info][gc,reloc    ] GC(66) Large Pages: 0 / 0M, Empty: 0M, Relocated: 0M, In-Place: 0
[154.868s][info][gc,reloc    ] GC(66) Forwarding Usage: 0M
[154.868s][info][gc,heap     ] GC(66) Min Capacity: 8192M(100%)
[154.868s][info][gc,heap     ] GC(66) Max Capacity: 8192M(100%)
[154.868s][info][gc,heap     ] GC(66) Soft Max Capacity: 8192M(100%)
[154.868s][info][gc,heap     ] GC(66)                Mark Start          Mark End        Relocate Start      Relocate End           High               Low         
[154.868s][info][gc,heap     ] GC(66)  Capacity:     8192M (100%)       8192M (100%)       8192M (100%)       8192M (100%)       8192M (100%)       8192M (100%)   
[154.868s][info][gc,heap     ] GC(66)      Free:     5232M (64%)        5208M (64%)        8014M (98%)        8018M (98%)        8018M (98%)        5208M (64%)    
[154.868s][info][gc,heap     ] GC(66)      Used:     2960M (36%)        2984M (36%)         178M (2%)          174M (2%)         2984M (36%)         174M (2%)     
[154.868s][info][gc,heap     ] GC(66)      Live:         -               132M (2%)          132M (2%)          132M (2%)             -                  -          
[154.868s][info][gc,heap     ] GC(66) Allocated:         -                24M (0%)           32M (0%)           34M (0%)             -                  -          
[154.868s][info][gc,heap     ] GC(66)   Garbage:         -              2827M (35%)          13M (0%)            7M (0%)             -                  -          
[154.868s][info][gc,heap     ] GC(66) Reclaimed:         -                  -              2814M (34%)        2820M (34%)            -                  -          
[154.868s][info][gc          ] GC(66) Garbage Collection (Proactive) 2960M(36%)->174M(2%)
[157.140s][info][gc,start    ] GC(67) Garbage Collection (Proactive)
[157.140s][info][gc,phases   ] GC(67) Pause Mark Start 0.005ms
[157.161s][info][gc,phases   ] GC(67) Concurrent Mark 21.622ms
[157.162s][info][gc,phases   ] GC(67) Pause Mark End 0.008ms
[157.162s][info][gc,phases   ] GC(67) Concurrent Process Non-Strong References 0.409ms
[157.162s][info][gc,phases   ] GC(67) Concurrent Reset Relocation Set 0.001ms
[157.165s][info][gc,phases   ] GC(67) Concurrent Select Relocation Set 2.805ms
[157.165s][info][gc,phases   ] GC(67) Pause Relocate Start 0.003ms
[157.166s][info][gc,phases   ] GC(67) Concurrent Relocate 0.508ms
[157.166s][info][gc,load     ] GC(67) Load: 3.66/3.58/3.59
[157.166s][info][gc,mmu      ] GC(67) MMU: 2ms/98.6%, 5ms/99.3%, 10ms/99.7%, 20ms/99.8%, 50ms/99.9%, 100ms/100.0%
[157.166s][info][gc,marking  ] GC(67) Mark: 2 stripe(s), 2 proactive flush(es), 1 terminate flush(es), 0 completion(s), 0 continuation(s) 
[157.166s][info][gc,nmethod  ] GC(67) NMethods: 482 registered, 0 unregistered
[157.166s][info][gc,metaspace] GC(67) Metaspace: 0M used, 0M committed, 1032M reserved
[157.166s][info][gc,ref      ] GC(67) Soft: 82 encountered, 0 discovered, 0 enqueued
[157.166s][info][gc,ref      ] GC(67) Weak: 200 encountered, 170 discovered, 0 enqueued
[157.166s][info][gc,ref      ] GC(67) Final: 0 encountered, 0 discovered, 0 enqueued
[157.166s][info][gc,ref      ] GC(67) Phantom: 5 encountered, 5 discovered, 0 enqueued
[157.166s][info][gc,reloc    ] GC(67) Small Pages: 1271 / 2542M, Empty: 2392M, Relocated: 3M, In-Place: 0
[157.166s][info][gc,reloc    ] GC(67) Medium Pages: 0 / 0M, Empty: 0M, Relocated: 0M, In-Place: 0
[157.166s][info][gc,reloc    ] GC(67) Large Pages: 0 / 0M, Empty: 0M, Relocated: 0M, In-Place: 0
[157.166s][info][gc,reloc    ] GC(67) Forwarding Usage: 0M
[157.166s][info][gc,heap     ] GC(67) Min Capacity: 8192M(100%)
[157.166s][info][gc,heap     ] GC(67) Max Capacity: 8192M(100%)
[157.166s][info][gc,heap     ] GC(67) Soft Max Capacity: 8192M(100%)
[157.166s][info][gc,heap     ] GC(67)                Mark Start          Mark End        Relocate Start      Relocate End           High               Low         
[157.166s][info][gc,heap     ] GC(67)  Capacity:     8192M (100%)       8192M (100%)       8192M (100%)       8192M (100%)       8192M (100%)       8192M (100%)   
[157.166s][info][gc,heap     ] GC(67)      Free:     5650M (69%)        5626M (69%)        8018M (98%)        8026M (98%)        8026M (98%)        5626M (69%)    
[157.166s][info][gc,heap     ] GC(67)      Used:     2542M (31%)        2566M (31%)         174M (2%)          166M (2%)         2566M (31%)         166M (2%)     
[157.166s][info][gc,heap     ] GC(67)      Live:         -               132M (2%)          132M (2%)          132M (2%)             -                  -          
[157.166s][info][gc,heap     ] GC(67) Allocated:         -                24M (0%)           24M (0%)           24M (0%)             -                  -          
[157.166s][info][gc,heap     ] GC(67)   Garbage:         -              2409M (29%)          17M (0%)            9M (0%)             -                  -          
[157.166s][info][gc,heap     ] GC(67) Reclaimed:         -                  -              2392M (29%)        2400M (29%)            -                  -          
[157.166s][info][gc          ] GC(67) Garbage Collection (Proactive) 2542M(31%)->166M(2%)
[159.040s][info][gc,start    ] GC(68) Garbage Collection (Proactive)
[159.040s][info][gc,phases   ] GC(68) Pause Mark Start 0.004ms
[159.064s][info][gc,phases   ] GC(68) Concurrent Mark 23.197ms
[159.064s][info][gc,phases   ] GC(68) Pause Mark End 0.008ms
[159.064s][info][gc,phases   ] GC(68) Concurrent Process Non-Strong References 0.408ms
[159.064s][info][gc,phases   ] GC(68) Concurrent Reset Relocation Set 0.001ms
[159.067s][info][gc,phases   ] GC(68) Concurrent Select Relocation Set 2.773ms
[159.067s][info][gc,phases   ] GC(68) Pause Relocate Start 0.005ms
[159.068s][info][gc,phases   ] GC(68) Concurrent Relocate 0.883ms
[159.068s][info][gc,load     ] GC(68) Load: 3.66/3.58/3.59
[159.068s][info][gc,mmu      ] GC(68) MMU: 2ms/98.6%, 5ms/99.3%, 10ms/99.7%, 20ms/99.8%, 50ms/99.9%, 100ms/100.0%
[159.068s][info][gc,marking  ] GC(68) Mark: 2 stripe(s), 2 proactive flush(es), 1 terminate flush(es), 0 completion(s), 0 continuation(s) 
[159.068s][info][gc,nmethod  ] GC(68) NMethods: 482 registered, 0 unregistered
[159.068s][info][gc,metaspace] GC(68) Metaspace: 0M used, 0M committed, 1032M reserved
[159.068s][info][gc,ref      ] GC(68) Soft: 82 encountered, 0 discovered, 0 enqueued
[159.068s][info][gc,ref      ] GC(68) Weak: 200 encountered, 187 discovered, 0 enqueued
[159.068s][info][gc,ref      ] GC(68) Final: 0 encountered, 0 discovered, 0 enqueued
[159.068s][info][gc,ref      ] GC(68) Phantom: 5 encountered, 5 discovered, 0 enqueued
[159.068s][info][gc,reloc    ] GC(68) Small Pages: 1063 / 2126M, Empty: 1978M, Relocated: 5M, In-Place: 0
[159.068s][info][gc,reloc    ] GC(68) Medium Pages: 0 / 0M, Empty: 0M, Relocated: 0M, In-Place: 0
[159.068s][info][gc,reloc    ] GC(68) Large Pages: 0 / 0M, Empty: 0M, Relocated: 0M, In-Place: 0
[159.068s][info][gc,reloc    ] GC(68) Forwarding Usage: 0M
[159.068s][info][gc,heap     ] GC(68) Min Capacity: 8192M(100%)
[159.068s][info][gc,heap     ] GC(68) Max Capacity: 8192M(100%)
[159.068s][info][gc,heap     ] GC(68) Soft Max Capacity: 8192M(100%)
[159.068s][info][gc,heap     ] GC(68)                Mark Start          Mark End        Relocate Start      Relocate End           High               Low         
[159.068s][info][gc,heap     ] GC(68)  Capacity:     8192M (100%)       8192M (100%)       8192M (100%)       8192M (100%)       8192M (100%)       8192M (100%)   
[159.068s][info][gc,heap     ] GC(68)      Free:     6066M (74%)        6042M (74%)        8012M (98%)        8016M (98%)        8016M (98%)        6042M (74%)    
[159.068s][info][gc,heap     ] GC(68)      Used:     2126M (26%)        2150M (26%)         180M (2%)          176M (2%)         2150M (26%)         176M (2%)     
[159.068s][info][gc,heap     ] GC(68)      Live:         -               132M (2%)          132M (2%)          132M (2%)             -                  -          
[159.068s][info][gc,heap     ] GC(68) Allocated:         -                24M (0%)           32M (0%)           34M (0%)             -                  -          
[159.068s][info][gc,heap     ] GC(68)   Garbage:         -              1993M (24%)          15M (0%)            9M (0%)             -                  -          
[159.068s][info][gc,heap     ] GC(68) Reclaimed:         -                  -              1978M (24%)        1984M (24%)            -                  -          
[159.068s][info][gc          ] GC(68) Garbage Collection (Proactive) 2126M(26%)->176M(2%)
[160.039s][info][gc,stats    ] === Garbage Collection Statistics =======================================================================================================================
[160.039s][info][gc,stats    ]                                                              Last 10s              Last 10m              Last 10h                Total
[160.039s][info][gc,stats    ]                                                              Avg / Max             Avg / Max             Avg / Max             Avg / Max
[160.039s][info][gc,stats    ]   Collector: Garbage Collection Cycle                     29.884 / 39.687       35.177 / 95.920       35.177 / 95.920       35.177 / 95.920      ms
[160.039s][info][gc,stats    ]  Contention: Mark Segment Reset Contention                     0 / 2                 0 / 4                 0 / 4                 0 / 4           ops/s
[160.039s][info][gc,stats    ]  Contention: Mark SeqNum Reset Contention                      0 / 0                 0 / 0                 0 / 0                 0 / 0           ops/s
[160.039s][info][gc,stats    ]    Critical: Allocation Stall                                  0 / 0                 0 / 0                 0 / 0                 0 / 0           ops/s
[160.039s][info][gc,stats    ]    Critical: Allocation Stall                              0.000 / 0.000         0.000 / 0.000         0.000 / 0.000         0.000 / 0.000       ms
[160.039s][info][gc,stats    ]    Critical: GC Locker Stall                                   0 / 0                 0 / 0                 0 / 0                 0 / 0           ops/s
[160.039s][info][gc,stats    ]    Critical: GC Locker Stall                               0.000 / 0.000         0.000 / 0.000         0.000 / 0.000         0.000 / 0.000       ms
[160.039s][info][gc,stats    ]    Critical: Relocation Stall                                  0 / 0                 0 / 0                 0 / 0                 0 / 0           ops/s
[160.039s][info][gc,stats    ]    Critical: Relocation Stall                              0.000 / 0.000         0.000 / 0.000         0.000 / 0.000         0.000 / 0.000       ms
[160.039s][info][gc,stats    ]      Memory: Allocation Rate                                1044 / 1050           1095 / 9212           1095 / 9212           1095 / 9212        MB/s
[160.039s][info][gc,stats    ]      Memory: Out Of Memory                                     0 / 0                 0 / 0                 0 / 0                 0 / 0           ops/s
[160.039s][info][gc,stats    ]      Memory: Page Cache Flush                                  0 / 0                 0 / 0                 0 / 0                 0 / 0           MB/s
[160.039s][info][gc,stats    ]      Memory: Page Cache Hit L1                               524 / 529             513 / 533             513 / 533             513 / 533         ops/s
[160.039s][info][gc,stats    ]      Memory: Page Cache Hit L2                                 0 / 0                 0 / 0                 0 / 0                 0 / 0           ops/s
[160.039s][info][gc,stats    ]      Memory: Page Cache Hit L3                                 0 / 0                10 / 486              10 / 486              10 / 486         ops/s
[160.040s][info][gc,stats    ]      Memory: Page Cache Miss                                   0 / 0                 0 / 1                 0 / 1                 0 / 1           ops/s
[160.040s][info][gc,stats    ]      Memory: Uncommit                                          0 / 0                 0 / 0                 0 / 0                 0 / 0           MB/s
[160.040s][info][gc,stats    ]      Memory: Undo Object Allocation Failed                     0 / 0                 0 / 0                 0 / 0                 0 / 0           ops/s
[160.040s][info][gc,stats    ]      Memory: Undo Object Allocation Succeeded                  0 / 2                 0 / 6                 0 / 6                 0 / 6           ops/s
[160.040s][info][gc,stats    ]      Memory: Undo Page Allocation                              0 / 0                 0 / 1                 0 / 1                 0 / 1           ops/s
[160.040s][info][gc,stats    ]       Phase: Concurrent Mark                              25.252 / 35.019       29.662 / 65.214       29.662 / 65.214       29.662 / 65.214      ms
[160.040s][info][gc,stats    ]       Phase: Concurrent Mark Continue                      0.000 / 0.000         0.000 / 0.000         0.000 / 0.000         0.000 / 0.000       ms
[160.040s][info][gc,stats    ]       Phase: Concurrent Process Non-Strong References      0.425 / 0.499         0.471 / 0.911         0.471 / 0.911         0.471 / 0.911       ms
[160.040s][info][gc,stats    ]       Phase: Concurrent Relocate                           0.845 / 1.200         1.407 / 16.651        1.407 / 16.651        1.407 / 16.651      ms
[160.040s][info][gc,stats    ]       Phase: Concurrent Reset Relocation Set               0.001 / 0.002         0.004 / 0.098         0.004 / 0.098         0.004 / 0.098       ms
[160.040s][info][gc,stats    ]       Phase: Concurrent Select Relocation Set              2.804 / 2.882         3.042 / 12.567        3.042 / 12.567        3.042 / 12.567      ms
[160.040s][info][gc,stats    ]       Phase: Pause Mark End                                0.008 / 0.009         0.009 / 0.025         0.009 / 0.025         0.009 / 0.025       ms
[160.040s][info][gc,stats    ]       Phase: Pause Mark Start                              0.005 / 0.007         0.006 / 0.028         0.006 / 0.028         0.006 / 0.028       ms
[160.040s][info][gc,stats    ]       Phase: Pause Relocate Start                          0.004 / 0.005         0.004 / 0.026         0.004 / 0.026         0.004 / 0.026       ms
[160.040s][info][gc,stats    ]    Subphase: Concurrent Classes Purge                      0.024 / 0.025         0.030 / 0.102         0.030 / 0.102         0.030 / 0.102       ms
[160.040s][info][gc,stats    ]    Subphase: Concurrent Classes Unlink                     0.284 / 0.303         0.299 / 0.571         0.299 / 0.571         0.299 / 0.571       ms
[160.040s][info][gc,stats    ]    Subphase: Concurrent Mark                              24.502 / 34.784       28.937 / 64.907       28.937 / 64.907       28.937 / 64.907      ms
[160.040s][info][gc,stats    ]    Subphase: Concurrent Mark Idle                          1.207 / 1.270         1.168 / 1.327         1.168 / 1.327         1.168 / 1.327       ms
[160.040s][info][gc,stats    ]    Subphase: Concurrent Mark Try Flush                     0.031 / 0.051         0.039 / 0.119         0.039 / 0.119         0.039 / 0.119       ms
[160.040s][info][gc,stats    ]    Subphase: Concurrent Mark Try Terminate                 0.460 / 1.272         0.440 / 1.330         0.440 / 1.330         0.440 / 1.330       ms
[160.040s][info][gc,stats    ]    Subphase: Concurrent References Enqueue                 0.000 / 0.000         0.000 / 0.003         0.000 / 0.003         0.000 / 0.003       ms
[160.040s][info][gc,stats    ]    Subphase: Concurrent References Process                 0.028 / 0.033         0.032 / 0.095         0.032 / 0.095         0.032 / 0.095       ms
[160.040s][info][gc,stats    ]    Subphase: Concurrent Roots ClassLoaderDataGraph         0.013 / 0.026         0.015 / 0.132         0.015 / 0.132         0.015 / 0.132       ms
[160.040s][info][gc,stats    ]    Subphase: Concurrent Roots CodeCache                    0.000 / 0.000         0.000 / 0.000         0.000 / 0.000         0.000 / 0.000       ms
[160.040s][info][gc,stats    ]    Subphase: Concurrent Roots JavaThreads                  0.171 / 0.190         0.181 / 0.277         0.181 / 0.277         0.181 / 0.277       ms
[160.040s][info][gc,stats    ]    Subphase: Concurrent Roots OopStorageSet                0.003 / 0.004         0.004 / 0.009         0.004 / 0.009         0.004 / 0.009       ms
[160.040s][info][gc,stats    ]    Subphase: Concurrent Weak Roots OopStorageSet           0.035 / 0.056         0.039 / 0.120         0.039 / 0.120         0.039 / 0.120       ms
[160.040s][info][gc,stats    ]    Subphase: Pause Mark Try Complete                       0.000 / 0.000         0.000 / 0.000         0.000 / 0.000         0.000 / 0.000       ms
[160.040s][info][gc,stats    ]      System: Java Threads                                     16 / 16               16 / 20               16 / 20               16 / 20          threads
[160.040s][info][gc,stats    ] =========================================================================================================================================================
[160.740s][info][gc,start    ] GC(69) Garbage Collection (Proactive)
[160.740s][info][gc,phases   ] GC(69) Pause Mark Start 0.005ms
[160.762s][info][gc,phases   ] GC(69) Concurrent Mark 22.264ms
[160.763s][info][gc,phases   ] GC(69) Pause Mark End 0.009ms
[160.763s][info][gc,phases   ] GC(69) Concurrent Process Non-Strong References 0.426ms
[160.763s][info][gc,phases   ] GC(69) Concurrent Reset Relocation Set 0.001ms
[160.766s][info][gc,phases   ] GC(69) Concurrent Select Relocation Set 2.727ms
[160.766s][info][gc,phases   ] GC(69) Pause Relocate Start 0.003ms
[160.767s][info][gc,phases   ] GC(69) Concurrent Relocate 1.007ms
[160.767s][info][gc,load     ] GC(69) Load: 3.36/3.52/3.57
[160.767s][info][gc,mmu      ] GC(69) MMU: 2ms/98.6%, 5ms/99.3%, 10ms/99.7%, 20ms/99.8%, 50ms/99.9%, 100ms/100.0%
[160.767s][info][gc,marking  ] GC(69) Mark: 2 stripe(s), 2 proactive flush(es), 1 terminate flush(es), 0 completion(s), 0 continuation(s) 
[160.767s][info][gc,nmethod  ] GC(69) NMethods: 482 registered, 0 unregistered
[160.767s][info][gc,metaspace] GC(69) Metaspace: 0M used, 0M committed, 1032M reserved
[160.767s][info][gc,ref      ] GC(69) Soft: 82 encountered, 0 discovered, 0 enqueued
[160.767s][info][gc,ref      ] GC(69) Weak: 200 encountered, 170 discovered, 0 enqueued
[160.767s][info][gc,ref      ] GC(69) Final: 0 encountered, 0 discovered, 0 enqueued
[160.767s][info][gc,ref      ] GC(69) Phantom: 5 encountered, 5 discovered, 0 enqueued
[160.767s][info][gc,reloc    ] GC(69) Small Pages: 961 / 1922M, Empty: 1766M, Relocated: 4M, In-Place: 0
[160.767s][info][gc,reloc    ] GC(69) Medium Pages: 0 / 0M, Empty: 0M, Relocated: 0M, In-Place: 0
[160.767s][info][gc,reloc    ] GC(69) Large Pages: 0 / 0M, Empty: 0M, Relocated: 0M, In-Place: 0
[160.767s][info][gc,reloc    ] GC(69) Forwarding Usage: 0M
[160.767s][info][gc,heap     ] GC(69) Min Capacity: 8192M(100%)
[160.767s][info][gc,heap     ] GC(69) Max Capacity: 8192M(100%)
[160.767s][info][gc,heap     ] GC(69) Soft Max Capacity: 8192M(100%)
[160.767s][info][gc,heap     ] GC(69)                Mark Start          Mark End        Relocate Start      Relocate End           High               Low         
[160.767s][info][gc,heap     ] GC(69)  Capacity:     8192M (100%)       8192M (100%)       8192M (100%)       8192M (100%)       8192M (100%)       8192M (100%)   
[160.767s][info][gc,heap     ] GC(69)      Free:     6270M (77%)        6246M (76%)        8010M (98%)        8020M (98%)        8022M (98%)        6246M (76%)    
[160.767s][info][gc,heap     ] GC(69)      Used:     1922M (23%)        1946M (24%)         182M (2%)          172M (2%)         1946M (24%)         170M (2%)     
[160.767s][info][gc,heap     ] GC(69)      Live:         -               132M (2%)          132M (2%)          132M (2%)             -                  -          
[160.767s][info][gc,heap     ] GC(69) Allocated:         -                24M (0%)           26M (0%)           32M (0%)             -                  -          
[160.767s][info][gc,heap     ] GC(69)   Garbage:         -              1789M (22%)          23M (0%)            7M (0%)             -                  -          
[160.767s][info][gc,heap     ] GC(69) Reclaimed:         -                  -              1766M (22%)        1782M (22%)            -                  -          
[160.767s][info][gc          ] GC(69) Garbage Collection (Proactive) 1922M(23%)->172M(2%)
[162.340s][info][gc,start    ] GC(70) Garbage Collection (Proactive)
[162.340s][info][gc,phases   ] GC(70) Pause Mark Start 0.004ms
[162.362s][info][gc,phases   ] GC(70) Concurrent Mark 22.532ms
[162.363s][info][gc,phases   ] GC(70) Pause Mark End 0.008ms
[162.363s][info][gc,phases   ] GC(70) Concurrent Process Non-Strong References 0.410ms
[162.363s][info][gc,phases   ] GC(70) Concurrent Reset Relocation Set 0.001ms
[162.366s][info][gc,phases   ] GC(70) Concurrent Select Relocation Set 2.980ms
[162.366s][info][gc,phases   ] GC(70) Pause Relocate Start 0.004ms
[162.367s][info][gc,phases   ] GC(70) Concurrent Relocate 1.155ms
[162.367s][info][gc,load     ] GC(70) Load: 3.36/3.52/3.57
[162.367s][info][gc,mmu      ] GC(70) MMU: 2ms/98.6%, 5ms/99.3%, 10ms/99.7%, 20ms/99.8%, 50ms/99.9%, 100ms/100.0%
[162.367s][info][gc,marking  ] GC(70) Mark: 2 stripe(s), 2 proactive flush(es), 1 terminate flush(es), 0 completion(s), 0 continuation(s) 
[162.367s][info][gc,nmethod  ] GC(70) NMethods: 482 registered, 0 unregistered
[162.368s][info][gc,metaspace] GC(70) Metaspace: 0M used, 0M committed, 1032M reserved
[162.368s][info][gc,ref      ] GC(70) Soft: 82 encountered, 0 discovered, 0 enqueued
[162.368s][info][gc,ref      ] GC(70) Weak: 200 encountered, 170 discovered, 0 enqueued
[162.368s][info][gc,ref      ] GC(70) Final: 0 encountered, 0 discovered, 0 enqueued
[162.368s][info][gc,ref      ] GC(70) Phantom: 5 encountered, 5 discovered, 0 enqueued
[162.368s][info][gc,reloc    ] GC(70) Small Pages: 906 / 1812M, Empty: 1658M, Relocated: 4M, In-Place: 0
[162.368s][info][gc,reloc    ] GC(70) Medium Pages: 0 / 0M, Empty: 0M, Relocated: 0M, In-Place: 0
[162.368s][info][gc,reloc    ] GC(70) Large Pages: 0 / 0M, Empty: 0M, Relocated: 0M, In-Place: 0
[162.368s][info][gc,reloc    ] GC(70) Forwarding Usage: 0M
[162.368s][info][gc,heap     ] GC(70) Min Capacity: 8192M(100%)
[162.368s][info][gc,heap     ] GC(70) Max Capacity: 8192M(100%)
[162.368s][info][gc,heap     ] GC(70) Soft Max Capacity: 8192M(100%)
[162.368s][info][gc,heap     ] GC(70)                Mark Start          Mark End        Relocate Start      Relocate End           High               Low         
[162.368s][info][gc,heap     ] GC(70)  Capacity:     8192M (100%)       8192M (100%)       8192M (100%)       8192M (100%)       8192M (100%)       8192M (100%)   
[162.368s][info][gc,heap     ] GC(70)      Free:     6380M (78%)        6356M (78%)        8012M (98%)        8020M (98%)        8020M (98%)        6356M (78%)    
[162.368s][info][gc,heap     ] GC(70)      Used:     1812M (22%)        1836M (22%)         180M (2%)          172M (2%)         1836M (22%)         172M (2%)     
[162.368s][info][gc,heap     ] GC(70)      Live:         -               132M (2%)          132M (2%)          132M (2%)             -                  -          
[162.368s][info][gc,heap     ] GC(70) Allocated:         -                24M (0%)           26M (0%)           32M (0%)             -                  -          
[162.368s][info][gc,heap     ] GC(70)   Garbage:         -              1679M (20%)          21M (0%)            7M (0%)             -                  -          
[162.368s][info][gc,heap     ] GC(70) Reclaimed:         -                  -              1658M (20%)        1672M (20%)            -                  -          
[162.368s][info][gc          ] GC(70) Garbage Collection (Proactive) 1812M(22%)->172M(2%)
[163.840s][info][gc,start    ] GC(71) Garbage Collection (Proactive)
[163.840s][info][gc,phases   ] GC(71) Pause Mark Start 0.004ms
[163.875s][info][gc,phases   ] GC(71) Concurrent Mark 34.115ms
[163.875s][info][gc,phases   ] GC(71) Pause Mark End 0.025ms
[163.875s][info][gc,phases   ] GC(71) Concurrent Process Non-Strong References 0.374ms
[163.875s][info][gc,phases   ] GC(71) Concurrent Reset Relocation Set 0.001ms
[163.878s][info][gc,phases   ] GC(71) Concurrent Select Relocation Set 2.514ms
[163.878s][info][gc,phases   ] GC(71) Pause Relocate Start 0.003ms
[163.878s][info][gc,phases   ] GC(71) Concurrent Relocate 0.666ms
[163.879s][info][gc,load     ] GC(71) Load: 3.36/3.52/3.57
[163.879s][info][gc,mmu      ] GC(71) MMU: 2ms/98.6%, 5ms/99.3%, 10ms/99.7%, 20ms/99.8%, 50ms/99.9%, 100ms/100.0%
[163.879s][info][gc,marking  ] GC(71) Mark: 2 stripe(s), 2 proactive flush(es), 1 terminate flush(es), 0 completion(s), 0 continuation(s) 
[163.879s][info][gc,nmethod  ] GC(71) NMethods: 482 registered, 0 unregistered
[163.879s][info][gc,metaspace] GC(71) Metaspace: 0M used, 0M committed, 1032M reserved
[163.879s][info][gc,ref      ] GC(71) Soft: 82 encountered, 0 discovered, 0 enqueued
[163.879s][info][gc,ref      ] GC(71) Weak: 200 encountered, 170 discovered, 0 enqueued
[163.879s][info][gc,ref      ] GC(71) Final: 0 encountered, 0 discovered, 0 enqueued
[163.879s][info][gc,ref      ] GC(71) Phantom: 5 encountered, 5 discovered, 0 enqueued
[163.879s][info][gc,reloc    ] GC(71) Small Pages: 854 / 1708M, Empty: 1554M, Relocated: 4M, In-Place: 0
[163.879s][info][gc,reloc    ] GC(71) Medium Pages: 0 / 0M, Empty: 0M, Relocated: 0M, In-Place: 0
[163.879s][info][gc,reloc    ] GC(71) Large Pages: 0 / 0M, Empty: 0M, Relocated: 0M, In-Place: 0
[163.879s][info][gc,reloc    ] GC(71) Forwarding Usage: 0M
[163.879s][info][gc,heap     ] GC(71) Min Capacity: 8192M(100%)
[163.879s][info][gc,heap     ] GC(71) Max Capacity: 8192M(100%)
[163.879s][info][gc,heap     ] GC(71) Soft Max Capacity: 8192M(100%)
[163.879s][info][gc,heap     ] GC(71)                Mark Start          Mark End        Relocate Start      Relocate End           High               Low         
[163.879s][info][gc,heap     ] GC(71)  Capacity:     8192M (100%)       8192M (100%)       8192M (100%)       8192M (100%)       8192M (100%)       8192M (100%)   
[163.879s][info][gc,heap     ] GC(71)      Free:     6484M (79%)        6452M (79%)        7990M (98%)        8002M (98%)        8002M (98%)        6452M (79%)    
[163.879s][info][gc,heap     ] GC(71)      Used:     1708M (21%)        1740M (21%)         202M (2%)          190M (2%)         1740M (21%)         190M (2%)     
[163.879s][info][gc,heap     ] GC(71)      Live:         -               132M (2%)          132M (2%)          132M (2%)             -                  -          
[163.879s][info][gc,heap     ] GC(71) Allocated:         -                32M (0%)           48M (1%)           48M (1%)             -                  -          
[163.879s][info][gc,heap     ] GC(71)   Garbage:         -              1575M (19%)          21M (0%)            9M (0%)             -                  -          
[163.879s][info][gc,heap     ] GC(71) Reclaimed:         -                  -              1554M (19%)        1566M (19%)            -                  -          
[163.879s][info][gc          ] GC(71) Garbage Collection (Proactive) 1708M(21%)->190M(2%)
[166.440s][info][gc,start    ] GC(72) Garbage Collection (Proactive)
[166.440s][info][gc,phases   ] GC(72) Pause Mark Start 0.005ms
[166.463s][info][gc,phases   ] GC(72) Concurrent Mark 23.315ms
[166.463s][info][gc,phases   ] GC(72) Pause Mark End 0.008ms
[166.464s][info][gc,phases   ] GC(72) Concurrent Process Non-Strong References 0.395ms
[166.464s][info][gc,phases   ] GC(72) Concurrent Reset Relocation Set 0.001ms
[166.467s][info][gc,phases   ] GC(72) Concurrent Select Relocation Set 2.866ms
[166.467s][info][gc,phases   ] GC(72) Pause Relocate Start 0.004ms
[166.468s][info][gc,phases   ] GC(72) Concurrent Relocate 1.497ms
[166.468s][info][gc,load     ] GC(72) Load: 3.17/3.48/3.56
[166.468s][info][gc,mmu      ] GC(72) MMU: 2ms/98.6%, 5ms/99.3%, 10ms/99.7%, 20ms/99.8%, 50ms/99.9%, 100ms/100.0%
[166.468s][info][gc,marking  ] GC(72) Mark: 2 stripe(s), 2 proactive flush(es), 1 terminate flush(es), 0 completion(s), 0 continuation(s) 
[166.468s][info][gc,nmethod  ] GC(72) NMethods: 482 registered, 0 unregistered
[166.468s][info][gc,metaspace] GC(72) Metaspace: 0M used, 0M committed, 1032M reserved
[166.468s][info][gc,ref      ] GC(72) Soft: 82 encountered, 0 discovered, 0 enqueued
[166.468s][info][gc,ref      ] GC(72) Weak: 200 encountered, 53 discovered, 0 enqueued
[166.468s][info][gc,ref      ] GC(72) Final: 0 encountered, 0 discovered, 0 enqueued
[166.468s][info][gc,ref      ] GC(72) Phantom: 5 encountered, 3 discovered, 0 enqueued
[166.468s][info][gc,reloc    ] GC(72) Small Pages: 1427 / 2854M, Empty: 2702M, Relocated: 10M, In-Place: 0
[166.468s][info][gc,reloc    ] GC(72) Medium Pages: 0 / 0M, Empty: 0M, Relocated: 0M, In-Place: 0
[166.468s][info][gc,reloc    ] GC(72) Large Pages: 0 / 0M, Empty: 0M, Relocated: 0M, In-Place: 0
[166.469s][info][gc,reloc    ] GC(72) Forwarding Usage: 0M
[166.469s][info][gc,heap     ] GC(72) Min Capacity: 8192M(100%)
[166.469s][info][gc,heap     ] GC(72) Max Capacity: 8192M(100%)
[166.469s][info][gc,heap     ] GC(72) Soft Max Capacity: 8192M(100%)
[166.469s][info][gc,heap     ] GC(72)                Mark Start          Mark End        Relocate Start      Relocate End           High               Low         
[166.469s][info][gc,heap     ] GC(72)  Capacity:     8192M (100%)       8192M (100%)       8192M (100%)       8192M (100%)       8192M (100%)       8192M (100%)   
[166.469s][info][gc,heap     ] GC(72)      Free:     5338M (65%)        5314M (65%)        8008M (98%)        8016M (98%)        8016M (98%)        5314M (65%)    
[166.469s][info][gc,heap     ] GC(72)      Used:     2854M (35%)        2878M (35%)         184M (2%)          176M (2%)         2878M (35%)         176M (2%)     
[166.469s][info][gc,heap     ] GC(72)      Live:         -               132M (2%)          132M (2%)          132M (2%)             -                  -          
[166.469s][info][gc,heap     ] GC(72) Allocated:         -                24M (0%)           32M (0%)           36M (0%)             -                  -          
[166.469s][info][gc,heap     ] GC(72)   Garbage:         -              2721M (33%)          19M (0%)            7M (0%)             -                  -          
[166.469s][info][gc,heap     ] GC(72) Reclaimed:         -                  -              2702M (33%)        2714M (33%)            -                  -          
[166.469s][info][gc          ] GC(72) Garbage Collection (Proactive) 2854M(35%)->176M(2%)
[168.641s][info][gc,start    ] GC(73) Garbage Collection (Proactive)
[168.641s][info][gc,phases   ] GC(73) Pause Mark Start 0.005ms
[168.663s][info][gc,phases   ] GC(73) Concurrent Mark 22.642ms
[168.663s][info][gc,phases   ] GC(73) Pause Mark End 0.009ms
[168.664s][info][gc,phases   ] GC(73) Concurrent Process Non-Strong References 0.443ms
[168.664s][info][gc,phases   ] GC(73) Concurrent Reset Relocation Set 0.002ms
[168.667s][info][gc,phases   ] GC(73) Concurrent Select Relocation Set 2.908ms
[168.667s][info][gc,phases   ] GC(73) Pause Relocate Start 0.004ms
[168.668s][info][gc,phases   ] GC(73) Concurrent Relocate 1.162ms
[168.668s][info][gc,load     ] GC(73) Load: 3.17/3.48/3.56
[168.668s][info][gc,mmu      ] GC(73) MMU: 2ms/98.6%, 5ms/99.3%, 10ms/99.7%, 20ms/99.8%, 50ms/99.9%, 100ms/100.0%
[168.668s][info][gc,marking  ] GC(73) Mark: 2 stripe(s), 2 proactive flush(es), 1 terminate flush(es), 0 completion(s), 0 continuation(s) 
[168.668s][info][gc,nmethod  ] GC(73) NMethods: 482 registered, 0 unregistered
[168.668s][info][gc,metaspace] GC(73) Metaspace: 0M used, 0M committed, 1032M reserved
[168.668s][info][gc,ref      ] GC(73) Soft: 82 encountered, 0 discovered, 0 enqueued
[168.668s][info][gc,ref      ] GC(73) Weak: 200 encountered, 169 discovered, 0 enqueued
[168.668s][info][gc,ref      ] GC(73) Final: 0 encountered, 0 discovered, 0 enqueued
[168.668s][info][gc,ref      ] GC(73) Phantom: 5 encountered, 3 discovered, 0 enqueued
[168.668s][info][gc,reloc    ] GC(73) Small Pages: 1219 / 2438M, Empty: 2286M, Relocated: 8M, In-Place: 0
[168.668s][info][gc,reloc    ] GC(73) Medium Pages: 0 / 0M, Empty: 0M, Relocated: 0M, In-Place: 0
[168.668s][info][gc,reloc    ] GC(73) Large Pages: 0 / 0M, Empty: 0M, Relocated: 0M, In-Place: 0
[168.668s][info][gc,reloc    ] GC(73) Forwarding Usage: 0M
[168.668s][info][gc,heap     ] GC(73) Min Capacity: 8192M(100%)
[168.668s][info][gc,heap     ] GC(73) Max Capacity: 8192M(100%)
[168.668s][info][gc,heap     ] GC(73) Soft Max Capacity: 8192M(100%)
[168.668s][info][gc,heap     ] GC(73)                Mark Start          Mark End        Relocate Start      Relocate End           High               Low         
[168.668s][info][gc,heap     ] GC(73)  Capacity:     8192M (100%)       8192M (100%)       8192M (100%)       8192M (100%)       8192M (100%)       8192M (100%)   
[168.668s][info][gc,heap     ] GC(73)      Free:     5754M (70%)        5730M (70%)        8008M (98%)        8020M (98%)        8020M (98%)        5730M (70%)    
[168.668s][info][gc,heap     ] GC(73)      Used:     2438M (30%)        2462M (30%)         184M (2%)          172M (2%)         2462M (30%)         172M (2%)     
[168.668s][info][gc,heap     ] GC(73)      Live:         -               132M (2%)          132M (2%)          132M (2%)             -                  -          
[168.668s][info][gc,heap     ] GC(73) Allocated:         -                24M (0%)           32M (0%)           32M (0%)             -                  -          
[168.668s][info][gc,heap     ] GC(73)   Garbage:         -              2305M (28%)          19M (0%)            7M (0%)             -                  -          
[168.668s][info][gc,heap     ] GC(73) Reclaimed:         -                  -              2286M (28%)        2298M (28%)            -                  -          
[168.668s][info][gc          ] GC(73) Garbage Collection (Proactive) 2438M(30%)->172M(2%)
[170.041s][info][gc,stats    ] === Garbage Collection Statistics =======================================================================================================================
[170.041s][info][gc,stats    ]                                                              Last 10s              Last 10m              Last 10h                Total
[170.041s][info][gc,stats    ]                                                              Avg / Max             Avg / Max             Avg / Max             Avg / Max
[170.041s][info][gc,stats    ]   Collector: Garbage Collection Cycle                     29.854 / 38.206       34.817 / 95.920       34.817 / 95.920       34.817 / 95.920      ms
[170.041s][info][gc,stats    ]  Contention: Mark Segment Reset Contention                     0 / 1                 0 / 4                 0 / 4                 0 / 4           ops/s
[170.041s][info][gc,stats    ]  Contention: Mark SeqNum Reset Contention                      0 / 0                 0 / 0                 0 / 0                 0 / 0           ops/s
[170.041s][info][gc,stats    ]    Critical: Allocation Stall                                  0 / 0                 0 / 0                 0 / 0                 0 / 0           ops/s
[170.041s][info][gc,stats    ]    Critical: Allocation Stall                              0.000 / 0.000         0.000 / 0.000         0.000 / 0.000         0.000 / 0.000       ms
[170.041s][info][gc,stats    ]    Critical: GC Locker Stall                                   0 / 0                 0 / 0                 0 / 0                 0 / 0           ops/s
[170.041s][info][gc,stats    ]    Critical: GC Locker Stall                               0.000 / 0.000         0.000 / 0.000         0.000 / 0.000         0.000 / 0.000       ms
[170.041s][info][gc,stats    ]    Critical: Relocation Stall                                  0 / 0                 0 / 0                 0 / 0                 0 / 0           ops/s
[170.041s][info][gc,stats    ]    Critical: Relocation Stall                              0.000 / 0.000         0.000 / 0.000         0.000 / 0.000         0.000 / 0.000       ms
[170.041s][info][gc,stats    ]      Memory: Allocation Rate                                1044 / 1050           1092 / 9212           1092 / 9212           1092 / 9212        MB/s
[170.041s][info][gc,stats    ]      Memory: Out Of Memory                                     0 / 0                 0 / 0                 0 / 0                 0 / 0           ops/s
[170.041s][info][gc,stats    ]      Memory: Page Cache Flush                                  0 / 0                 0 / 0                 0 / 0                 0 / 0           MB/s
[170.041s][info][gc,stats    ]      Memory: Page Cache Hit L1                               524 / 531             514 / 533             514 / 533             514 / 533         ops/s
[170.041s][info][gc,stats    ]      Memory: Page Cache Hit L2                                 0 / 0                 0 / 0                 0 / 0                 0 / 0           ops/s
[170.041s][info][gc,stats    ]      Memory: Page Cache Hit L3                                 0 / 0                10 / 486              10 / 486              10 / 486         ops/s
[170.041s][info][gc,stats    ]      Memory: Page Cache Miss                                   0 / 0                 0 / 1                 0 / 1                 0 / 1           ops/s
[170.041s][info][gc,stats    ]      Memory: Uncommit                                          0 / 0                 0 / 0                 0 / 0                 0 / 0           MB/s
[170.041s][info][gc,stats    ]      Memory: Undo Object Allocation Failed                     0 / 0                 0 / 0                 0 / 0                 0 / 0           ops/s
[170.041s][info][gc,stats    ]      Memory: Undo Object Allocation Succeeded                  0 / 2                 0 / 6                 0 / 6                 0 / 6           ops/s
[170.041s][info][gc,stats    ]      Memory: Undo Page Allocation                              0 / 0                 0 / 1                 0 / 1                 0 / 1           ops/s
[170.041s][info][gc,stats    ]       Phase: Concurrent Mark                              24.974 / 34.115       29.346 / 65.214       29.346 / 65.214       29.346 / 65.214      ms
[170.041s][info][gc,stats    ]       Phase: Concurrent Mark Continue                      0.000 / 0.000         0.000 / 0.000         0.000 / 0.000         0.000 / 0.000       ms
[170.041s][info][gc,stats    ]       Phase: Concurrent Process Non-Strong References      0.410 / 0.443         0.467 / 0.911         0.467 / 0.911         0.467 / 0.911       ms
[170.041s][info][gc,stats    ]       Phase: Concurrent Relocate                           1.097 / 1.497         1.386 / 16.651        1.386 / 16.651        1.386 / 16.651      ms
[170.041s][info][gc,stats    ]       Phase: Concurrent Reset Relocation Set               0.002 / 0.002         0.003 / 0.098         0.003 / 0.098         0.003 / 0.098       ms
[170.041s][info][gc,stats    ]       Phase: Concurrent Select Relocation Set              2.799 / 2.980         3.025 / 12.567        3.025 / 12.567        3.025 / 12.567      ms
[170.041s][info][gc,stats    ]       Phase: Pause Mark End                                0.012 / 0.025         0.009 / 0.025         0.009 / 0.025         0.009 / 0.025       ms
[170.041s][info][gc,stats    ]       Phase: Pause Mark Start                              0.004 / 0.005         0.006 / 0.028         0.006 / 0.028         0.006 / 0.028       ms
[170.041s][info][gc,stats    ]       Phase: Pause Relocate Start                          0.004 / 0.004         0.004 / 0.026         0.004 / 0.026         0.004 / 0.026       ms
[170.041s][info][gc,stats    ]    Subphase: Concurrent Classes Purge                      0.026 / 0.037         0.030 / 0.102         0.030 / 0.102         0.030 / 0.102       ms
[170.041s][info][gc,stats    ]    Subphase: Concurrent Classes Unlink                     0.275 / 0.312         0.297 / 0.571         0.297 / 0.571         0.297 / 0.571       ms
[170.041s][info][gc,stats    ]    Subphase: Concurrent Mark                              24.267 / 33.871       28.622 / 64.907       28.622 / 64.907       28.622 / 64.907      ms
[170.041s][info][gc,stats    ]    Subphase: Concurrent Mark Idle                          1.152 / 1.263         1.166 / 1.327         1.166 / 1.327         1.166 / 1.327       ms
[170.041s][info][gc,stats    ]    Subphase: Concurrent Mark Try Flush                     0.032 / 0.047         0.038 / 0.119         0.038 / 0.119         0.038 / 0.119       ms
[170.041s][info][gc,stats    ]    Subphase: Concurrent Mark Try Terminate                 0.440 / 1.264         0.440 / 1.330         0.440 / 1.330         0.440 / 1.330       ms
[170.041s][info][gc,stats    ]    Subphase: Concurrent References Enqueue                 0.000 / 0.000         0.000 / 0.003         0.000 / 0.003         0.000 / 0.003       ms
[170.041s][info][gc,stats    ]    Subphase: Concurrent References Process                 0.025 / 0.032         0.031 / 0.095         0.031 / 0.095         0.031 / 0.095       ms
[170.041s][info][gc,stats    ]    Subphase: Concurrent Roots ClassLoaderDataGraph         0.013 / 0.026         0.015 / 0.132         0.015 / 0.132         0.015 / 0.132       ms
[170.041s][info][gc,stats    ]    Subphase: Concurrent Roots CodeCache                    0.000 / 0.000         0.000 / 0.000         0.000 / 0.000         0.000 / 0.000       ms
[170.041s][info][gc,stats    ]    Subphase: Concurrent Roots JavaThreads                  0.168 / 0.188         0.180 / 0.277         0.180 / 0.277         0.180 / 0.277       ms
[170.041s][info][gc,stats    ]    Subphase: Concurrent Roots OopStorageSet                0.003 / 0.004         0.003 / 0.009         0.003 / 0.009         0.003 / 0.009       ms
[170.041s][info][gc,stats    ]    Subphase: Concurrent Weak Roots OopStorageSet           0.035 / 0.042         0.039 / 0.120         0.039 / 0.120         0.039 / 0.120       ms
[170.041s][info][gc,stats    ]    Subphase: Pause Mark Try Complete                       0.000 / 0.000         0.000 / 0.000         0.000 / 0.000         0.000 / 0.000       ms
[170.041s][info][gc,stats    ]      System: Java Threads                                     16 / 16               16 / 20               16 / 20               16 / 20          threads
[170.041s][info][gc,stats    ] =========================================================================================================================================================
[170.541s][info][gc,start    ] GC(74) Garbage Collection (Proactive)
[170.541s][info][gc,phases   ] GC(74) Pause Mark Start 0.004ms
[170.562s][info][gc,phases   ] GC(74) Concurrent Mark 21.751ms
[170.562s][info][gc,phases   ] GC(74) Pause Mark End 0.009ms
[170.563s][info][gc,phases   ] GC(74) Concurrent Process Non-Strong References 0.432ms
[170.563s][info][gc,phases   ] GC(74) Concurrent Reset Relocation Set 0.002ms
[170.566s][info][gc,phases   ] GC(74) Concurrent Select Relocation Set 2.845ms
[170.566s][info][gc,phases   ] GC(74) Pause Relocate Start 0.004ms
[170.567s][info][gc,phases   ] GC(74) Concurrent Relocate 0.848ms
[170.567s][info][gc,load     ] GC(74) Load: 3.16/3.47/3.55
[170.567s][info][gc,mmu      ] GC(74) MMU: 2ms/98.6%, 5ms/99.3%, 10ms/99.7%, 20ms/99.8%, 50ms/99.9%, 100ms/100.0%
[170.567s][info][gc,marking  ] GC(74) Mark: 2 stripe(s), 2 proactive flush(es), 1 terminate flush(es), 0 completion(s), 0 continuation(s) 
[170.567s][info][gc,nmethod  ] GC(74) NMethods: 482 registered, 0 unregistered
[170.567s][info][gc,metaspace] GC(74) Metaspace: 0M used, 0M committed, 1032M reserved
[170.567s][info][gc,ref      ] GC(74) Soft: 82 encountered, 0 discovered, 0 enqueued
[170.567s][info][gc,ref      ] GC(74) Weak: 200 encountered, 170 discovered, 0 enqueued
[170.567s][info][gc,ref      ] GC(74) Final: 0 encountered, 0 discovered, 0 enqueued
[170.567s][info][gc,ref      ] GC(74) Phantom: 5 encountered, 3 discovered, 0 enqueued
[170.567s][info][gc,reloc    ] GC(74) Small Pages: 1063 / 2126M, Empty: 1976M, Relocated: 4M, In-Place: 0
[170.567s][info][gc,reloc    ] GC(74) Medium Pages: 0 / 0M, Empty: 0M, Relocated: 0M, In-Place: 0
[170.567s][info][gc,reloc    ] GC(74) Large Pages: 0 / 0M, Empty: 0M, Relocated: 0M, In-Place: 0
[170.567s][info][gc,reloc    ] GC(74) Forwarding Usage: 0M
[170.567s][info][gc,heap     ] GC(74) Min Capacity: 8192M(100%)
[170.567s][info][gc,heap     ] GC(74) Max Capacity: 8192M(100%)
[170.567s][info][gc,heap     ] GC(74) Soft Max Capacity: 8192M(100%)
[170.567s][info][gc,heap     ] GC(74)                Mark Start          Mark End        Relocate Start      Relocate End           High               Low         
[170.567s][info][gc,heap     ] GC(74)  Capacity:     8192M (100%)       8192M (100%)       8192M (100%)       8192M (100%)       8192M (100%)       8192M (100%)   
[170.567s][info][gc,heap     ] GC(74)      Free:     6066M (74%)        6042M (74%)        8016M (98%)        8018M (98%)        8020M (98%)        6042M (74%)    
[170.567s][info][gc,heap     ] GC(74)      Used:     2126M (26%)        2150M (26%)         176M (2%)          174M (2%)         2150M (26%)         172M (2%)     
[170.567s][info][gc,heap     ] GC(74)      Live:         -               132M (2%)          132M (2%)          132M (2%)             -                  -          
[170.567s][info][gc,heap     ] GC(74) Allocated:         -                24M (0%)           26M (0%)           32M (0%)             -                  -          
[170.567s][info][gc,heap     ] GC(74)   Garbage:         -              1993M (24%)          17M (0%)            9M (0%)             -                  -          
[170.567s][info][gc,heap     ] GC(74) Reclaimed:         -                  -              1976M (24%)        1984M (24%)            -                  -          
[170.567s][info][gc          ] GC(74) Garbage Collection (Proactive) 2126M(26%)->174M(2%)
[172.239s][info][gc,start    ] GC(75) Garbage Collection (Proactive)
[172.239s][info][gc,phases   ] GC(75) Pause Mark Start 0.005ms
[172.262s][info][gc,phases   ] GC(75) Concurrent Mark 22.914ms
[172.263s][info][gc,phases   ] GC(75) Pause Mark End 0.008ms
[172.263s][info][gc,phases   ] GC(75) Concurrent Process Non-Strong References 0.432ms
[172.263s][info][gc,phases   ] GC(75) Concurrent Reset Relocation Set 0.001ms
[172.266s][info][gc,phases   ] GC(75) Concurrent Select Relocation Set 2.798ms
[172.266s][info][gc,phases   ] GC(75) Pause Relocate Start 0.003ms
[172.267s][info][gc,phases   ] GC(75) Concurrent Relocate 0.841ms
[172.267s][info][gc,load     ] GC(75) Load: 3.16/3.47/3.55
[172.267s][info][gc,mmu      ] GC(75) MMU: 2ms/98.6%, 5ms/99.3%, 10ms/99.7%, 20ms/99.8%, 50ms/99.9%, 100ms/100.0%
[172.267s][info][gc,marking  ] GC(75) Mark: 2 stripe(s), 3 proactive flush(es), 1 terminate flush(es), 0 completion(s), 0 continuation(s) 
[172.267s][info][gc,nmethod  ] GC(75) NMethods: 482 registered, 0 unregistered
[172.267s][info][gc,metaspace] GC(75) Metaspace: 0M used, 0M committed, 1032M reserved
[172.267s][info][gc,ref      ] GC(75) Soft: 82 encountered, 0 discovered, 0 enqueued
[172.267s][info][gc,ref      ] GC(75) Weak: 200 encountered, 169 discovered, 0 enqueued
[172.267s][info][gc,ref      ] GC(75) Final: 0 encountered, 0 discovered, 0 enqueued
[172.267s][info][gc,ref      ] GC(75) Phantom: 5 encountered, 5 discovered, 0 enqueued
[172.267s][info][gc,reloc    ] GC(75) Small Pages: 959 / 1918M, Empty: 1764M, Relocated: 4M, In-Place: 0
[172.267s][info][gc,reloc    ] GC(75) Medium Pages: 0 / 0M, Empty: 0M, Relocated: 0M, In-Place: 0
[172.267s][info][gc,reloc    ] GC(75) Large Pages: 0 / 0M, Empty: 0M, Relocated: 0M, In-Place: 0
[172.267s][info][gc,reloc    ] GC(75) Forwarding Usage: 0M
[172.267s][info][gc,heap     ] GC(75) Min Capacity: 8192M(100%)
[172.267s][info][gc,heap     ] GC(75) Max Capacity: 8192M(100%)
[172.267s][info][gc,heap     ] GC(75) Soft Max Capacity: 8192M(100%)
[172.267s][info][gc,heap     ] GC(75)                Mark Start          Mark End        Relocate Start      Relocate End           High               Low         
[172.267s][info][gc,heap     ] GC(75)  Capacity:     8192M (100%)       8192M (100%)       8192M (100%)       8192M (100%)       8192M (100%)       8192M (100%)   
[172.267s][info][gc,heap     ] GC(75)      Free:     6274M (77%)        6250M (76%)        8014M (98%)        8016M (98%)        8022M (98%)        6250M (76%)    
[172.267s][info][gc,heap     ] GC(75)      Used:     1918M (23%)        1942M (24%)         178M (2%)          176M (2%)         1942M (24%)         170M (2%)     
[172.267s][info][gc,heap     ] GC(75)      Live:         -               132M (2%)          132M (2%)          132M (2%)             -                  -          
[172.267s][info][gc,heap     ] GC(75) Allocated:         -                24M (0%)           24M (0%)           34M (0%)             -                  -          
[172.267s][info][gc,heap     ] GC(75)   Garbage:         -              1785M (22%)          21M (0%)            9M (0%)             -                  -          
[172.267s][info][gc,heap     ] GC(75) Reclaimed:         -                  -              1764M (22%)        1776M (22%)            -                  -          
[172.267s][info][gc          ] GC(75) Garbage Collection (Proactive) 1918M(23%)->176M(2%)
[173.839s][info][gc,start    ] GC(76) Garbage Collection (Proactive)
[173.839s][info][gc,phases   ] GC(76) Pause Mark Start 0.005ms
[173.862s][info][gc,phases   ] GC(76) Concurrent Mark 22.961ms
[173.863s][info][gc,phases   ] GC(76) Pause Mark End 0.009ms
[173.863s][info][gc,phases   ] GC(76) Concurrent Process Non-Strong References 0.430ms
[173.863s][info][gc,phases   ] GC(76) Concurrent Reset Relocation Set 0.002ms
[173.866s][info][gc,phases   ] GC(76) Concurrent Select Relocation Set 2.690ms
[173.866s][info][gc,phases   ] GC(76) Pause Relocate Start 0.004ms
[173.867s][info][gc,phases   ] GC(76) Concurrent Relocate 0.855ms
[173.867s][info][gc,load     ] GC(76) Load: 3.16/3.47/3.55
[173.867s][info][gc,mmu      ] GC(76) MMU: 2ms/98.6%, 5ms/99.3%, 10ms/99.7%, 20ms/99.8%, 50ms/99.9%, 100ms/100.0%
[173.867s][info][gc,marking  ] GC(76) Mark: 2 stripe(s), 2 proactive flush(es), 1 terminate flush(es), 0 completion(s), 0 continuation(s) 
[173.867s][info][gc,nmethod  ] GC(76) NMethods: 482 registered, 0 unregistered
[173.867s][info][gc,metaspace] GC(76) Metaspace: 0M used, 0M committed, 1032M reserved
[173.867s][info][gc,ref      ] GC(76) Soft: 82 encountered, 0 discovered, 0 enqueued
[173.867s][info][gc,ref      ] GC(76) Weak: 200 encountered, 170 discovered, 0 enqueued
[173.867s][info][gc,ref      ] GC(76) Final: 0 encountered, 0 discovered, 0 enqueued
[173.867s][info][gc,ref      ] GC(76) Phantom: 5 encountered, 3 discovered, 0 enqueued
[173.867s][info][gc,reloc    ] GC(76) Small Pages: 908 / 1816M, Empty: 1668M, Relocated: 4M, In-Place: 0
[173.867s][info][gc,reloc    ] GC(76) Medium Pages: 0 / 0M, Empty: 0M, Relocated: 0M, In-Place: 0
[173.867s][info][gc,reloc    ] GC(76) Large Pages: 0 / 0M, Empty: 0M, Relocated: 0M, In-Place: 0
[173.867s][info][gc,reloc    ] GC(76) Forwarding Usage: 0M
[173.867s][info][gc,heap     ] GC(76) Min Capacity: 8192M(100%)
[173.867s][info][gc,heap     ] GC(76) Max Capacity: 8192M(100%)
[173.867s][info][gc,heap     ] GC(76) Soft Max Capacity: 8192M(100%)
[173.867s][info][gc,heap     ] GC(76)                Mark Start          Mark End        Relocate Start      Relocate End           High               Low         
[173.867s][info][gc,heap     ] GC(76)  Capacity:     8192M (100%)       8192M (100%)       8192M (100%)       8192M (100%)       8192M (100%)       8192M (100%)   
[173.867s][info][gc,heap     ] GC(76)      Free:     6376M (78%)        6352M (78%)        8012M (98%)        8016M (98%)        8020M (98%)        6352M (78%)    
[173.867s][info][gc,heap     ] GC(76)      Used:     1816M (22%)        1840M (22%)         180M (2%)          176M (2%)         1840M (22%)         172M (2%)     
[173.867s][info][gc,heap     ] GC(76)      Live:         -               132M (2%)          132M (2%)          132M (2%)             -                  -          
[173.867s][info][gc,heap     ] GC(76) Allocated:         -                24M (0%)           32M (0%)           34M (0%)             -                  -          
[173.867s][info][gc,heap     ] GC(76)   Garbage:         -              1683M (21%)          15M (0%)            9M (0%)             -                  -          
[173.867s][info][gc,heap     ] GC(76) Reclaimed:         -                  -              1668M (20%)        1674M (20%)            -                  -          
[173.867s][info][gc          ] GC(76) Garbage Collection (Proactive) 1816M(22%)->176M(2%)
[175.337s][info][gc,start    ] GC(77) Garbage Collection (Proactive)
[175.338s][info][gc,phases   ] GC(77) Pause Mark Start 0.005ms
[175.361s][info][gc,phases   ] GC(77) Concurrent Mark 23.602ms
[175.361s][info][gc,phases   ] GC(77) Pause Mark End 0.008ms
[175.362s][info][gc,phases   ] GC(77) Concurrent Process Non-Strong References 0.462ms
[175.362s][info][gc,phases   ] GC(77) Concurrent Reset Relocation Set 0.001ms
[175.365s][info][gc,phases   ] GC(77) Concurrent Select Relocation Set 2.707ms
[175.365s][info][gc,phases   ] GC(77) Pause Relocate Start 0.004ms
[175.365s][info][gc,phases   ] GC(77) Concurrent Relocate 0.734ms
[175.365s][info][gc,load     ] GC(77) Load: 3.16/3.47/3.55
[175.365s][info][gc,mmu      ] GC(77) MMU: 2ms/98.6%, 5ms/99.3%, 10ms/99.7%, 20ms/99.8%, 50ms/99.9%, 100ms/100.0%
[175.365s][info][gc,marking  ] GC(77) Mark: 2 stripe(s), 2 proactive flush(es), 1 terminate flush(es), 0 completion(s), 0 continuation(s) 
[175.365s][info][gc,nmethod  ] GC(77) NMethods: 482 registered, 0 unregistered
[175.366s][info][gc,metaspace] GC(77) Metaspace: 0M used, 0M committed, 1032M reserved
[175.366s][info][gc,ref      ] GC(77) Soft: 82 encountered, 0 discovered, 0 enqueued
[175.366s][info][gc,ref      ] GC(77) Weak: 200 encountered, 56 discovered, 0 enqueued
[175.366s][info][gc,ref      ] GC(77) Final: 0 encountered, 0 discovered, 0 enqueued
[175.366s][info][gc,ref      ] GC(77) Phantom: 5 encountered, 3 discovered, 0 enqueued
[175.366s][info][gc,reloc    ] GC(77) Small Pages: 856 / 1712M, Empty: 1552M, Relocated: 4M, In-Place: 0
[175.366s][info][gc,reloc    ] GC(77) Medium Pages: 0 / 0M, Empty: 0M, Relocated: 0M, In-Place: 0
[175.366s][info][gc,reloc    ] GC(77) Large Pages: 0 / 0M, Empty: 0M, Relocated: 0M, In-Place: 0
[175.366s][info][gc,reloc    ] GC(77) Forwarding Usage: 0M
[175.366s][info][gc,heap     ] GC(77) Min Capacity: 8192M(100%)
[175.366s][info][gc,heap     ] GC(77) Max Capacity: 8192M(100%)
[175.366s][info][gc,heap     ] GC(77) Soft Max Capacity: 8192M(100%)
[175.366s][info][gc,heap     ] GC(77)                Mark Start          Mark End        Relocate Start      Relocate End           High               Low         
[175.366s][info][gc,heap     ] GC(77)  Capacity:     8192M (100%)       8192M (100%)       8192M (100%)       8192M (100%)       8192M (100%)       8192M (100%)   
[175.366s][info][gc,heap     ] GC(77)      Free:     6480M (79%)        6456M (79%)        8008M (98%)        8026M (98%)        8026M (98%)        6456M (79%)    
[175.366s][info][gc,heap     ] GC(77)      Used:     1712M (21%)        1736M (21%)         184M (2%)          166M (2%)         1736M (21%)         166M (2%)     
[175.366s][info][gc,heap     ] GC(77)      Live:         -               132M (2%)          132M (2%)          132M (2%)             -                  -          
[175.366s][info][gc,heap     ] GC(77) Allocated:         -                24M (0%)           24M (0%)           24M (0%)             -                  -          
[175.366s][info][gc,heap     ] GC(77)   Garbage:         -              1579M (19%)          27M (0%)            9M (0%)             -                  -          
[175.366s][info][gc,heap     ] GC(77) Reclaimed:         -                  -              1552M (19%)        1570M (19%)            -                  -          
[175.366s][info][gc          ] GC(77) Garbage Collection (Proactive) 1712M(21%)->166M(2%)
[176.840s][info][gc,start    ] GC(78) Garbage Collection (Proactive)
[176.840s][info][gc,phases   ] GC(78) Pause Mark Start 0.005ms
[176.865s][info][gc,phases   ] GC(78) Concurrent Mark 25.138ms
[176.865s][info][gc,phases   ] GC(78) Pause Mark End 0.011ms
[176.866s][info][gc,phases   ] GC(78) Concurrent Process Non-Strong References 0.537ms
[176.866s][info][gc,phases   ] GC(78) Concurrent Reset Relocation Set 0.002ms
[176.869s][info][gc,phases   ] GC(78) Concurrent Select Relocation Set 2.855ms
[176.869s][info][gc,phases   ] GC(78) Pause Relocate Start 0.003ms
[176.869s][info][gc,phases   ] GC(78) Concurrent Relocate 0.484ms
[176.869s][info][gc,load     ] GC(78) Load: 3.23/3.48/3.55
[176.869s][info][gc,mmu      ] GC(78) MMU: 2ms/98.6%, 5ms/99.3%, 10ms/99.7%, 20ms/99.8%, 50ms/99.9%, 100ms/100.0%
[176.870s][info][gc,marking  ] GC(78) Mark: 2 stripe(s), 2 proactive flush(es), 1 terminate flush(es), 0 completion(s), 0 continuation(s) 
[176.870s][info][gc,nmethod  ] GC(78) NMethods: 482 registered, 0 unregistered
[176.870s][info][gc,metaspace] GC(78) Metaspace: 0M used, 0M committed, 1032M reserved
[176.870s][info][gc,ref      ] GC(78) Soft: 82 encountered, 0 discovered, 0 enqueued
[176.870s][info][gc,ref      ] GC(78) Weak: 200 encountered, 54 discovered, 0 enqueued
[176.870s][info][gc,ref      ] GC(78) Final: 0 encountered, 0 discovered, 0 enqueued
[176.870s][info][gc,ref      ] GC(78) Phantom: 5 encountered, 3 discovered, 0 enqueued
[176.870s][info][gc,reloc    ] GC(78) Small Pages: 855 / 1710M, Empty: 1562M, Relocated: 3M, In-Place: 0
[176.870s][info][gc,reloc    ] GC(78) Medium Pages: 0 / 0M, Empty: 0M, Relocated: 0M, In-Place: 0
[176.870s][info][gc,reloc    ] GC(78) Large Pages: 0 / 0M, Empty: 0M, Relocated: 0M, In-Place: 0
[176.870s][info][gc,reloc    ] GC(78) Forwarding Usage: 0M
[176.870s][info][gc,heap     ] GC(78) Min Capacity: 8192M(100%)
[176.870s][info][gc,heap     ] GC(78) Max Capacity: 8192M(100%)
[176.870s][info][gc,heap     ] GC(78) Soft Max Capacity: 8192M(100%)
[176.870s][info][gc,heap     ] GC(78)                Mark Start          Mark End        Relocate Start      Relocate End           High               Low         
[176.870s][info][gc,heap     ] GC(78)  Capacity:     8192M (100%)       8192M (100%)       8192M (100%)       8192M (100%)       8192M (100%)       8192M (100%)   
[176.870s][info][gc,heap     ] GC(78)      Free:     6482M (79%)        6458M (79%)        8012M (98%)        8020M (98%)        8020M (98%)        6456M (79%)    
[176.870s][info][gc,heap     ] GC(78)      Used:     1710M (21%)        1734M (21%)         180M (2%)          172M (2%)         1736M (21%)         172M (2%)     
[176.870s][info][gc,heap     ] GC(78)      Live:         -               132M (2%)          132M (2%)          132M (2%)             -                  -          
[176.870s][info][gc,heap     ] GC(78) Allocated:         -                24M (0%)           32M (0%)           32M (0%)             -                  -          
[176.870s][info][gc,heap     ] GC(78)   Garbage:         -              1577M (19%)          15M (0%)            7M (0%)             -                  -          
[176.870s][info][gc,heap     ] GC(78) Reclaimed:         -                  -              1562M (19%)        1570M (19%)            -                  -          
[176.870s][info][gc          ] GC(78) Garbage Collection (Proactive) 1710M(21%)->172M(2%)
[178.440s][info][gc,start    ] GC(79) Garbage Collection (Proactive)
[178.440s][info][gc,phases   ] GC(79) Pause Mark Start 0.005ms
[178.462s][info][gc,phases   ] GC(79) Concurrent Mark 21.860ms
[178.462s][info][gc,phases   ] GC(79) Pause Mark End 0.009ms
[178.462s][info][gc,phases   ] GC(79) Concurrent Process Non-Strong References 0.390ms
[178.462s][info][gc,phases   ] GC(79) Concurrent Reset Relocation Set 0.001ms
[178.465s][info][gc,phases   ] GC(79) Concurrent Select Relocation Set 2.768ms
[178.465s][info][gc,phases   ] GC(79) Pause Relocate Start 0.003ms
[178.466s][info][gc,phases   ] GC(79) Concurrent Relocate 0.674ms
[178.466s][info][gc,load     ] GC(79) Load: 3.23/3.48/3.55
[178.466s][info][gc,mmu      ] GC(79) MMU: 2ms/98.6%, 5ms/99.3%, 10ms/99.7%, 20ms/99.8%, 50ms/99.9%, 100ms/100.0%
[178.466s][info][gc,marking  ] GC(79) Mark: 2 stripe(s), 2 proactive flush(es), 1 terminate flush(es), 0 completion(s), 0 continuation(s) 
[178.466s][info][gc,nmethod  ] GC(79) NMethods: 482 registered, 0 unregistered
[178.466s][info][gc,metaspace] GC(79) Metaspace: 0M used, 0M committed, 1032M reserved
[178.466s][info][gc,ref      ] GC(79) Soft: 82 encountered, 0 discovered, 0 enqueued
[178.466s][info][gc,ref      ] GC(79) Weak: 200 encountered, 54 discovered, 0 enqueued
[178.466s][info][gc,ref      ] GC(79) Final: 0 encountered, 0 discovered, 0 enqueued
[178.466s][info][gc,ref      ] GC(79) Phantom: 5 encountered, 3 discovered, 0 enqueued
[178.466s][info][gc,reloc    ] GC(79) Small Pages: 906 / 1812M, Empty: 1666M, Relocated: 3M, In-Place: 0
[178.466s][info][gc,reloc    ] GC(79) Medium Pages: 0 / 0M, Empty: 0M, Relocated: 0M, In-Place: 0
[178.466s][info][gc,reloc    ] GC(79) Large Pages: 0 / 0M, Empty: 0M, Relocated: 0M, In-Place: 0
[178.466s][info][gc,reloc    ] GC(79) Forwarding Usage: 0M
[178.466s][info][gc,heap     ] GC(79) Min Capacity: 8192M(100%)
[178.466s][info][gc,heap     ] GC(79) Max Capacity: 8192M(100%)
[178.466s][info][gc,heap     ] GC(79) Soft Max Capacity: 8192M(100%)
[178.466s][info][gc,heap     ] GC(79)                Mark Start          Mark End        Relocate Start      Relocate End           High               Low         
[178.466s][info][gc,heap     ] GC(79)  Capacity:     8192M (100%)       8192M (100%)       8192M (100%)       8192M (100%)       8192M (100%)       8192M (100%)   
[178.466s][info][gc,heap     ] GC(79)      Free:     6380M (78%)        6356M (78%)        8022M (98%)        8022M (98%)        8022M (98%)        6356M (78%)    
[178.466s][info][gc,heap     ] GC(79)      Used:     1812M (22%)        1836M (22%)         170M (2%)          170M (2%)         1836M (22%)         170M (2%)     
[178.466s][info][gc,heap     ] GC(79)      Live:         -               132M (2%)          132M (2%)          132M (2%)             -                  -          
[178.466s][info][gc,heap     ] GC(79) Allocated:         -                24M (0%)           24M (0%)           28M (0%)             -                  -          
[178.466s][info][gc,heap     ] GC(79)   Garbage:         -              1679M (20%)          13M (0%)            9M (0%)             -                  -          
[178.466s][info][gc,heap     ] GC(79) Reclaimed:         -                  -              1666M (20%)        1670M (20%)            -                  -          
[178.466s][info][gc          ] GC(79) Garbage Collection (Proactive) 1812M(22%)->170M(2%)
[180.039s][info][gc,stats    ] === Garbage Collection Statistics =======================================================================================================================
[180.039s][info][gc,stats    ]                                                              Last 10s              Last 10m              Last 10h                Total
[180.039s][info][gc,stats    ]                                                              Avg / Max             Avg / Max             Avg / Max             Avg / Max
[180.039s][info][gc,stats    ]   Collector: Garbage Collection Cycle                     27.517 / 29.616       34.270 / 95.920       34.270 / 95.920       34.270 / 95.920      ms
[180.039s][info][gc,stats    ]  Contention: Mark Segment Reset Contention                     0 / 3                 0 / 4                 0 / 4                 0 / 4           ops/s
[180.039s][info][gc,stats    ]  Contention: Mark SeqNum Reset Contention                      0 / 0                 0 / 0                 0 / 0                 0 / 0           ops/s
[180.039s][info][gc,stats    ]    Critical: Allocation Stall                                  0 / 0                 0 / 0                 0 / 0                 0 / 0           ops/s
[180.040s][info][gc,stats    ]    Critical: Allocation Stall                              0.000 / 0.000         0.000 / 0.000         0.000 / 0.000         0.000 / 0.000       ms
[180.040s][info][gc,stats    ]    Critical: GC Locker Stall                                   0 / 0                 0 / 0                 0 / 0                 0 / 0           ops/s
[180.040s][info][gc,stats    ]    Critical: GC Locker Stall                               0.000 / 0.000         0.000 / 0.000         0.000 / 0.000         0.000 / 0.000       ms
[180.040s][info][gc,stats    ]    Critical: Relocation Stall                                  0 / 0                 0 / 0                 0 / 0                 0 / 0           ops/s
[180.040s][info][gc,stats    ]    Critical: Relocation Stall                              0.000 / 0.000         0.000 / 0.000         0.000 / 0.000         0.000 / 0.000       ms
[180.040s][info][gc,stats    ]      Memory: Allocation Rate                                1045 / 1050           1089 / 9212           1089 / 9212           1089 / 9212        MB/s
[180.040s][info][gc,stats    ]      Memory: Out Of Memory                                     0 / 0                 0 / 0                 0 / 0                 0 / 0           ops/s
[180.040s][info][gc,stats    ]      Memory: Page Cache Flush                                  0 / 0                 0 / 0                 0 / 0                 0 / 0           MB/s
[180.040s][info][gc,stats    ]      Memory: Page Cache Hit L1                               524 / 529             514 / 533             514 / 533             514 / 533         ops/s
[180.040s][info][gc,stats    ]      Memory: Page Cache Hit L2                                 0 / 0                 0 / 0                 0 / 0                 0 / 0           ops/s
[180.040s][info][gc,stats    ]      Memory: Page Cache Hit L3                                 0 / 0                 9 / 486               9 / 486               9 / 486         ops/s
[180.040s][info][gc,stats    ]      Memory: Page Cache Miss                                   0 / 0                 0 / 1                 0 / 1                 0 / 1           ops/s
[180.040s][info][gc,stats    ]      Memory: Uncommit                                          0 / 0                 0 / 0                 0 / 0                 0 / 0           MB/s
[180.040s][info][gc,stats    ]      Memory: Undo Object Allocation Failed                     0 / 0                 0 / 0                 0 / 0                 0 / 0           ops/s
[180.040s][info][gc,stats    ]      Memory: Undo Object Allocation Succeeded                  0 / 2                 0 / 6                 0 / 6                 0 / 6           ops/s
[180.040s][info][gc,stats    ]      Memory: Undo Page Allocation                              0 / 0                 0 / 1                 0 / 1                 0 / 1           ops/s
[180.040s][info][gc,stats    ]       Phase: Concurrent Mark                              23.038 / 25.138       28.873 / 65.214       28.873 / 65.214       28.873 / 65.214      ms
[180.040s][info][gc,stats    ]       Phase: Concurrent Mark Continue                      0.000 / 0.000         0.000 / 0.000         0.000 / 0.000         0.000 / 0.000       ms
[180.040s][info][gc,stats    ]       Phase: Concurrent Process Non-Strong References      0.447 / 0.537         0.466 / 0.911         0.466 / 0.911         0.466 / 0.911       ms
[180.040s][info][gc,stats    ]       Phase: Concurrent Relocate                           0.739 / 0.855         1.338 / 16.651        1.338 / 16.651        1.338 / 16.651      ms
[180.040s][info][gc,stats    ]       Phase: Concurrent Reset Relocation Set               0.002 / 0.002         0.003 / 0.098         0.003 / 0.098         0.003 / 0.098       ms
[180.040s][info][gc,stats    ]       Phase: Concurrent Select Relocation Set              2.777 / 2.855         3.007 / 12.567        3.007 / 12.567        3.007 / 12.567      ms
[180.040s][info][gc,stats    ]       Phase: Pause Mark End                                0.009 / 0.011         0.009 / 0.025         0.009 / 0.025         0.009 / 0.025       ms
[180.040s][info][gc,stats    ]       Phase: Pause Mark Start                              0.005 / 0.005         0.006 / 0.028         0.006 / 0.028         0.006 / 0.028       ms
[180.040s][info][gc,stats    ]       Phase: Pause Relocate Start                          0.004 / 0.004         0.004 / 0.026         0.004 / 0.026         0.004 / 0.026       ms
[180.040s][info][gc,stats    ]    Subphase: Concurrent Classes Purge                      0.028 / 0.037         0.030 / 0.102         0.030 / 0.102         0.030 / 0.102       ms
[180.040s][info][gc,stats    ]    Subphase: Concurrent Classes Unlink                     0.295 / 0.318         0.297 / 0.571         0.297 / 0.571         0.297 / 0.571       ms
[180.040s][info][gc,stats    ]    Subphase: Concurrent Mark                              22.270 / 24.811       28.145 / 64.907       28.145 / 64.907       28.145 / 64.907      ms
[180.040s][info][gc,stats    ]    Subphase: Concurrent Mark Idle                          1.110 / 1.301         1.162 / 1.327         1.162 / 1.327         1.162 / 1.327       ms
[180.040s][info][gc,stats    ]    Subphase: Concurrent Mark Try Flush                     0.032 / 0.060         0.038 / 0.119         0.038 / 0.119         0.038 / 0.119       ms
[180.040s][info][gc,stats    ]    Subphase: Concurrent Mark Try Terminate                 0.417 / 1.302         0.438 / 1.330         0.438 / 1.330         0.438 / 1.330       ms
[180.040s][info][gc,stats    ]    Subphase: Concurrent References Enqueue                 0.000 / 0.000         0.000 / 0.003         0.000 / 0.003         0.000 / 0.003       ms
[180.040s][info][gc,stats    ]    Subphase: Concurrent References Process                 0.028 / 0.039         0.031 / 0.095         0.031 / 0.095         0.031 / 0.095       ms
[180.040s][info][gc,stats    ]    Subphase: Concurrent Roots ClassLoaderDataGraph         0.017 / 0.057         0.015 / 0.132         0.015 / 0.132         0.015 / 0.132       ms
[180.040s][info][gc,stats    ]    Subphase: Concurrent Roots CodeCache                    0.000 / 0.000         0.000 / 0.000         0.000 / 0.000         0.000 / 0.000       ms
[180.040s][info][gc,stats    ]    Subphase: Concurrent Roots JavaThreads                  0.178 / 0.226         0.180 / 0.277         0.180 / 0.277         0.180 / 0.277       ms
[180.040s][info][gc,stats    ]    Subphase: Concurrent Roots OopStorageSet                0.005 / 0.022         0.004 / 0.022         0.004 / 0.022         0.004 / 0.022       ms
[180.040s][info][gc,stats    ]    Subphase: Concurrent Weak Roots OopStorageSet           0.037 / 0.049         0.039 / 0.120         0.039 / 0.120         0.039 / 0.120       ms
[180.040s][info][gc,stats    ]    Subphase: Pause Mark Try Complete                       0.000 / 0.000         0.000 / 0.000         0.000 / 0.000         0.000 / 0.000       ms
[180.040s][info][gc,stats    ]      System: Java Threads                                     16 / 16               16 / 20               16 / 20               16 / 20          threads
[180.040s][info][gc,stats    ] =========================================================================================================================================================
[180.041s][info][gc,start    ] GC(80) Garbage Collection (Proactive)
[180.041s][info][gc,phases   ] GC(80) Pause Mark Start 0.005ms
[180.063s][info][gc,phases   ] GC(80) Concurrent Mark 21.905ms
[180.063s][info][gc,phases   ] GC(80) Pause Mark End 0.008ms
[180.063s][info][gc,phases   ] GC(80) Concurrent Process Non-Strong References 0.378ms
[180.063s][info][gc,phases   ] GC(80) Concurrent Reset Relocation Set 0.001ms
[180.066s][info][gc,phases   ] GC(80) Concurrent Select Relocation Set 2.909ms
[180.066s][info][gc,phases   ] GC(80) Pause Relocate Start 0.004ms
[180.067s][info][gc,phases   ] GC(80) Concurrent Relocate 0.837ms
[180.067s][info][gc,load     ] GC(80) Load: 3.23/3.48/3.55
[180.067s][info][gc,mmu      ] GC(80) MMU: 2ms/98.6%, 5ms/99.3%, 10ms/99.7%, 20ms/99.8%, 50ms/99.9%, 100ms/100.0%
[180.067s][info][gc,marking  ] GC(80) Mark: 2 stripe(s), 2 proactive flush(es), 1 terminate flush(es), 0 completion(s), 0 continuation(s) 
[180.067s][info][gc,nmethod  ] GC(80) NMethods: 482 registered, 0 unregistered
[180.067s][info][gc,metaspace] GC(80) Metaspace: 0M used, 0M committed, 1032M reserved
[180.067s][info][gc,ref      ] GC(80) Soft: 82 encountered, 0 discovered, 0 enqueued
[180.067s][info][gc,ref      ] GC(80) Weak: 200 encountered, 60 discovered, 0 enqueued
[180.067s][info][gc,ref      ] GC(80) Final: 0 encountered, 0 discovered, 0 enqueued
[180.067s][info][gc,ref      ] GC(80) Phantom: 5 encountered, 4 discovered, 0 enqueued
[180.067s][info][gc,reloc    ] GC(80) Small Pages: 907 / 1814M, Empty: 1668M, Relocated: 3M, In-Place: 0
[180.067s][info][gc,reloc    ] GC(80) Medium Pages: 0 / 0M, Empty: 0M, Relocated: 0M, In-Place: 0
[180.067s][info][gc,reloc    ] GC(80) Large Pages: 0 / 0M, Empty: 0M, Relocated: 0M, In-Place: 0
[180.067s][info][gc,reloc    ] GC(80) Forwarding Usage: 0M
[180.067s][info][gc,heap     ] GC(80) Min Capacity: 8192M(100%)
[180.067s][info][gc,heap     ] GC(80) Max Capacity: 8192M(100%)
[180.067s][info][gc,heap     ] GC(80) Soft Max Capacity: 8192M(100%)
[180.067s][info][gc,heap     ] GC(80)                Mark Start          Mark End        Relocate Start      Relocate End           High               Low         
[180.067s][info][gc,heap     ] GC(80)  Capacity:     8192M (100%)       8192M (100%)       8192M (100%)       8192M (100%)       8192M (100%)       8192M (100%)   
[180.067s][info][gc,heap     ] GC(80)      Free:     6378M (78%)        6354M (78%)        8022M (98%)        8020M (98%)        8022M (98%)        6354M (78%)    
[180.067s][info][gc,heap     ] GC(80)      Used:     1814M (22%)        1838M (22%)         170M (2%)          172M (2%)         1838M (22%)         170M (2%)     
[180.067s][info][gc,heap     ] GC(80)      Live:         -               132M (2%)          132M (2%)          132M (2%)             -                  -          
[180.067s][info][gc,heap     ] GC(80) Allocated:         -                24M (0%)           24M (0%)           32M (0%)             -                  -          
[180.067s][info][gc,heap     ] GC(80)   Garbage:         -              1681M (21%)          13M (0%)            7M (0%)             -                  -          
[180.067s][info][gc,heap     ] GC(80) Reclaimed:         -                  -              1668M (20%)        1674M (20%)            -                  -          
[180.067s][info][gc          ] GC(80) Garbage Collection (Proactive) 1814M(22%)->172M(2%)
[181.540s][info][gc,start    ] GC(81) Garbage Collection (Proactive)
[181.540s][info][gc,phases   ] GC(81) Pause Mark Start 0.004ms
[181.562s][info][gc,phases   ] GC(81) Concurrent Mark 21.712ms
[181.562s][info][gc,phases   ] GC(81) Pause Mark End 0.008ms
[181.562s][info][gc,phases   ] GC(81) Concurrent Process Non-Strong References 0.421ms
[181.562s][info][gc,phases   ] GC(81) Concurrent Reset Relocation Set 0.001ms
[181.565s][info][gc,phases   ] GC(81) Concurrent Select Relocation Set 2.733ms
[181.565s][info][gc,phases   ] GC(81) Pause Relocate Start 0.004ms
[181.566s][info][gc,phases   ] GC(81) Concurrent Relocate 0.579ms
[181.566s][info][gc,load     ] GC(81) Load: 3.05/3.44/3.54
[181.566s][info][gc,mmu      ] GC(81) MMU: 2ms/98.6%, 5ms/99.3%, 10ms/99.7%, 20ms/99.8%, 50ms/99.9%, 100ms/100.0%
[181.566s][info][gc,marking  ] GC(81) Mark: 2 stripe(s), 2 proactive flush(es), 1 terminate flush(es), 0 completion(s), 0 continuation(s) 
[181.566s][info][gc,nmethod  ] GC(81) NMethods: 484 registered, 0 unregistered
[181.566s][info][gc,metaspace] GC(81) Metaspace: 0M used, 0M committed, 1032M reserved
[181.566s][info][gc,ref      ] GC(81) Soft: 82 encountered, 0 discovered, 0 enqueued
[181.566s][info][gc,ref      ] GC(81) Weak: 200 encountered, 78 discovered, 0 enqueued
[181.566s][info][gc,ref      ] GC(81) Final: 0 encountered, 0 discovered, 0 enqueued
[181.566s][info][gc,ref      ] GC(81) Phantom: 5 encountered, 5 discovered, 0 enqueued
[181.566s][info][gc,reloc    ] GC(81) Small Pages: 855 / 1710M, Empty: 1562M, Relocated: 3M, In-Place: 0
[181.566s][info][gc,reloc    ] GC(81) Medium Pages: 0 / 0M, Empty: 0M, Relocated: 0M, In-Place: 0
[181.566s][info][gc,reloc    ] GC(81) Large Pages: 0 / 0M, Empty: 0M, Relocated: 0M, In-Place: 0
[181.566s][info][gc,reloc    ] GC(81) Forwarding Usage: 0M
[181.566s][info][gc,heap     ] GC(81) Min Capacity: 8192M(100%)
[181.566s][info][gc,heap     ] GC(81) Max Capacity: 8192M(100%)
[181.566s][info][gc,heap     ] GC(81) Soft Max Capacity: 8192M(100%)
[181.566s][info][gc,heap     ] GC(81)                Mark Start          Mark End        Relocate Start      Relocate End           High               Low         
[181.566s][info][gc,heap     ] GC(81)  Capacity:     8192M (100%)       8192M (100%)       8192M (100%)       8192M (100%)       8192M (100%)       8192M (100%)   
[181.566s][info][gc,heap     ] GC(81)      Free:     6482M (79%)        6456M (79%)        8018M (98%)        8026M (98%)        8026M (98%)        6456M (79%)    
[181.566s][info][gc,heap     ] GC(81)      Used:     1710M (21%)        1736M (21%)         174M (2%)          166M (2%)         1736M (21%)         166M (2%)     
[181.566s][info][gc,heap     ] GC(81)      Live:         -               132M (2%)          132M (2%)          132M (2%)             -                  -          
[181.566s][info][gc,heap     ] GC(81) Allocated:         -                26M (0%)           26M (0%)           26M (0%)             -                  -          
[181.566s][info][gc,heap     ] GC(81)   Garbage:         -              1577M (19%)          15M (0%)            7M (0%)             -                  -          
[181.566s][info][gc,heap     ] GC(81) Reclaimed:         -                  -              1562M (19%)        1570M (19%)            -                  -          
[181.566s][info][gc          ] GC(81) Garbage Collection (Proactive) 1710M(21%)->166M(2%)
[182.941s][info][gc,start    ] GC(82) Garbage Collection (Proactive)
[182.941s][info][gc,phases   ] GC(82) Pause Mark Start 0.005ms
[182.978s][info][gc,phases   ] GC(82) Concurrent Mark 36.813ms
[182.978s][info][gc,phases   ] GC(82) Pause Mark End 0.008ms
[182.978s][info][gc,phases   ] GC(82) Concurrent Process Non-Strong References 0.411ms
[182.978s][info][gc,phases   ] GC(82) Concurrent Reset Relocation Set 0.001ms
[182.981s][info][gc,phases   ] GC(82) Concurrent Select Relocation Set 2.683ms
[182.981s][info][gc,phases   ] GC(82) Pause Relocate Start 0.003ms
[182.981s][info][gc,phases   ] GC(82) Concurrent Relocate 0.451ms
[182.982s][info][gc,load     ] GC(82) Load: 3.05/3.44/3.54
[182.982s][info][gc,mmu      ] GC(82) MMU: 2ms/98.6%, 5ms/99.3%, 10ms/99.7%, 20ms/99.8%, 50ms/99.9%, 100ms/100.0%
[182.982s][info][gc,marking  ] GC(82) Mark: 2 stripe(s), 2 proactive flush(es), 1 terminate flush(es), 0 completion(s), 0 continuation(s) 
[182.982s][info][gc,nmethod  ] GC(82) NMethods: 484 registered, 0 unregistered
[182.982s][info][gc,metaspace] GC(82) Metaspace: 0M used, 0M committed, 1032M reserved
[182.982s][info][gc,ref      ] GC(82) Soft: 82 encountered, 0 discovered, 0 enqueued
[182.982s][info][gc,ref      ] GC(82) Weak: 200 encountered, 62 discovered, 0 enqueued
[182.982s][info][gc,ref      ] GC(82) Final: 0 encountered, 0 discovered, 0 enqueued
[182.982s][info][gc,ref      ] GC(82) Phantom: 5 encountered, 3 discovered, 0 enqueued
[182.982s][info][gc,reloc    ] GC(82) Small Pages: 803 / 1606M, Empty: 1444M, Relocated: 2M, In-Place: 0
[182.982s][info][gc,reloc    ] GC(82) Medium Pages: 0 / 0M, Empty: 0M, Relocated: 0M, In-Place: 0
[182.982s][info][gc,reloc    ] GC(82) Large Pages: 0 / 0M, Empty: 0M, Relocated: 0M, In-Place: 0
[182.982s][info][gc,reloc    ] GC(82) Forwarding Usage: 0M
[182.982s][info][gc,heap     ] GC(82) Min Capacity: 8192M(100%)
[182.982s][info][gc,heap     ] GC(82) Max Capacity: 8192M(100%)
[182.982s][info][gc,heap     ] GC(82) Soft Max Capacity: 8192M(100%)
[182.982s][info][gc,heap     ] GC(82)                Mark Start          Mark End        Relocate Start      Relocate End           High               Low         
[182.982s][info][gc,heap     ] GC(82)  Capacity:     8192M (100%)       8192M (100%)       8192M (100%)       8192M (100%)       8192M (100%)       8192M (100%)   
[182.982s][info][gc,heap     ] GC(82)      Free:     6586M (80%)        6536M (80%)        7980M (97%)        8002M (98%)        8002M (98%)        6536M (80%)    
[182.982s][info][gc,heap     ] GC(82)      Used:     1606M (20%)        1656M (20%)         212M (3%)          190M (2%)         1656M (20%)         190M (2%)     
[182.982s][info][gc,heap     ] GC(82)      Live:         -               132M (2%)          132M (2%)          132M (2%)             -                  -          
[182.982s][info][gc,heap     ] GC(82) Allocated:         -                50M (1%)           50M (1%)           50M (1%)             -                  -          
[182.982s][info][gc,heap     ] GC(82)   Garbage:         -              1473M (18%)          29M (0%)            7M (0%)             -                  -          
[182.982s][info][gc,heap     ] GC(82) Reclaimed:         -                  -              1444M (18%)        1466M (18%)            -                  -          
[182.982s][info][gc          ] GC(82) Garbage Collection (Proactive) 1606M(20%)->190M(2%)
[185.939s][info][gc,start    ] GC(83) Garbage Collection (Proactive)
[185.939s][info][gc,phases   ] GC(83) Pause Mark Start 0.007ms
[185.963s][info][gc,phases   ] GC(83) Concurrent Mark 23.171ms
[185.963s][info][gc,phases   ] GC(83) Pause Mark End 0.008ms
[185.963s][info][gc,phases   ] GC(83) Concurrent Process Non-Strong References 0.401ms
[185.963s][info][gc,phases   ] GC(83) Concurrent Reset Relocation Set 0.002ms
[185.966s][info][gc,phases   ] GC(83) Concurrent Select Relocation Set 2.937ms
[185.966s][info][gc,phases   ] GC(83) Pause Relocate Start 0.004ms
[185.968s][info][gc,phases   ] GC(83) Concurrent Relocate 2.004ms
[185.969s][info][gc,load     ] GC(83) Load: 3.44/3.52/3.56
[185.969s][info][gc,mmu      ] GC(83) MMU: 2ms/98.6%, 5ms/99.3%, 10ms/99.7%, 20ms/99.8%, 50ms/99.9%, 100ms/100.0%
[185.969s][info][gc,marking  ] GC(83) Mark: 2 stripe(s), 2 proactive flush(es), 1 terminate flush(es), 0 completion(s), 0 continuation(s) 
[185.969s][info][gc,nmethod  ] GC(83) NMethods: 484 registered, 0 unregistered
[185.969s][info][gc,metaspace] GC(83) Metaspace: 0M used, 0M committed, 1032M reserved
[185.969s][info][gc,ref      ] GC(83) Soft: 82 encountered, 0 discovered, 0 enqueued
[185.969s][info][gc,ref      ] GC(83) Weak: 200 encountered, 61 discovered, 0 enqueued
[185.969s][info][gc,ref      ] GC(83) Final: 0 encountered, 0 discovered, 0 enqueued
[185.969s][info][gc,ref      ] GC(83) Phantom: 5 encountered, 5 discovered, 0 enqueued
[185.969s][info][gc,reloc    ] GC(83) Small Pages: 1636 / 3272M, Empty: 3068M, Relocated: 8M, In-Place: 0
[185.969s][info][gc,reloc    ] GC(83) Medium Pages: 0 / 0M, Empty: 0M, Relocated: 0M, In-Place: 0
[185.969s][info][gc,reloc    ] GC(83) Large Pages: 0 / 0M, Empty: 0M, Relocated: 0M, In-Place: 0
[185.969s][info][gc,reloc    ] GC(83) Forwarding Usage: 0M
[185.969s][info][gc,heap     ] GC(83) Min Capacity: 8192M(100%)
[185.969s][info][gc,heap     ] GC(83) Max Capacity: 8192M(100%)
[185.969s][info][gc,heap     ] GC(83) Soft Max Capacity: 8192M(100%)
[185.969s][info][gc,heap     ] GC(83)                Mark Start          Mark End        Relocate Start      Relocate End           High               Low         
[185.969s][info][gc,heap     ] GC(83)  Capacity:     8192M (100%)       8192M (100%)       8192M (100%)       8192M (100%)       8192M (100%)       8192M (100%)   
[185.969s][info][gc,heap     ] GC(83)      Free:     4920M (60%)        4896M (60%)        7956M (97%)        8018M (98%)        8018M (98%)        4896M (60%)    
[185.969s][info][gc,heap     ] GC(83)      Used:     3272M (40%)        3296M (40%)         236M (3%)          174M (2%)         3296M (40%)         174M (2%)     
[185.969s][info][gc,heap     ] GC(83)      Live:         -               132M (2%)          132M (2%)          132M (2%)             -                  -          
[185.969s][info][gc,heap     ] GC(83) Allocated:         -                24M (0%)           32M (0%)           32M (0%)             -                  -          
[185.969s][info][gc,heap     ] GC(83)   Garbage:         -              3139M (38%)          71M (1%)            9M (0%)             -                  -          
[185.969s][info][gc,heap     ] GC(83) Reclaimed:         -                  -              3068M (37%)        3130M (38%)            -                  -          
[185.969s][info][gc          ] GC(83) Garbage Collection (Proactive) 3272M(40%)->174M(2%)
[188.341s][info][gc,start    ] GC(84) Garbage Collection (Proactive)
[188.341s][info][gc,phases   ] GC(84) Pause Mark Start 0.005ms
[188.362s][info][gc,phases   ] GC(84) Concurrent Mark 21.569ms
[188.362s][info][gc,phases   ] GC(84) Pause Mark End 0.008ms
[188.363s][info][gc,phases   ] GC(84) Concurrent Process Non-Strong References 0.449ms
[188.363s][info][gc,phases   ] GC(84) Concurrent Reset Relocation Set 0.004ms
[188.366s][info][gc,phases   ] GC(84) Concurrent Select Relocation Set 2.734ms
[188.366s][info][gc,phases   ] GC(84) Pause Relocate Start 0.003ms
[188.367s][info][gc,phases   ] GC(84) Concurrent Relocate 1.545ms
[188.367s][info][gc,load     ] GC(84) Load: 3.44/3.52/3.56
[188.367s][info][gc,mmu      ] GC(84) MMU: 2ms/98.6%, 5ms/99.3%, 10ms/99.7%, 20ms/99.8%, 50ms/99.9%, 100ms/100.0%
[188.367s][info][gc,marking  ] GC(84) Mark: 2 stripe(s), 2 proactive flush(es), 1 terminate flush(es), 0 completion(s), 0 continuation(s) 
[188.367s][info][gc,nmethod  ] GC(84) NMethods: 484 registered, 0 unregistered
[188.368s][info][gc,metaspace] GC(84) Metaspace: 0M used, 0M committed, 1032M reserved
[188.368s][info][gc,ref      ] GC(84) Soft: 82 encountered, 0 discovered, 0 enqueued
[188.368s][info][gc,ref      ] GC(84) Weak: 200 encountered, 58 discovered, 0 enqueued
[188.368s][info][gc,ref      ] GC(84) Final: 0 encountered, 0 discovered, 0 enqueued
[188.368s][info][gc,ref      ] GC(84) Phantom: 5 encountered, 3 discovered, 0 enqueued
[188.368s][info][gc,reloc    ] GC(84) Small Pages: 1323 / 2646M, Empty: 2498M, Relocated: 8M, In-Place: 0
[188.368s][info][gc,reloc    ] GC(84) Medium Pages: 0 / 0M, Empty: 0M, Relocated: 0M, In-Place: 0
[188.368s][info][gc,reloc    ] GC(84) Large Pages: 0 / 0M, Empty: 0M, Relocated: 0M, In-Place: 0
[188.368s][info][gc,reloc    ] GC(84) Forwarding Usage: 0M
[188.368s][info][gc,heap     ] GC(84) Min Capacity: 8192M(100%)
[188.368s][info][gc,heap     ] GC(84) Max Capacity: 8192M(100%)
[188.368s][info][gc,heap     ] GC(84) Soft Max Capacity: 8192M(100%)
[188.368s][info][gc,heap     ] GC(84)                Mark Start          Mark End        Relocate Start      Relocate End           High               Low         
[188.368s][info][gc,heap     ] GC(84)  Capacity:     8192M (100%)       8192M (100%)       8192M (100%)       8192M (100%)       8192M (100%)       8192M (100%)   
[188.368s][info][gc,heap     ] GC(84)      Free:     5546M (68%)        5522M (67%)        8020M (98%)        8018M (98%)        8022M (98%)        5522M (67%)    
[188.368s][info][gc,heap     ] GC(84)      Used:     2646M (32%)        2670M (33%)         172M (2%)          174M (2%)         2670M (33%)         170M (2%)     
[188.368s][info][gc,heap     ] GC(84)      Live:         -               132M (2%)          132M (2%)          132M (2%)             -                  -          
[188.368s][info][gc,heap     ] GC(84) Allocated:         -                24M (0%)           24M (0%)           32M (0%)             -                  -          
[188.368s][info][gc,heap     ] GC(84)   Garbage:         -              2513M (31%)          15M (0%)            9M (0%)             -                  -          
[188.368s][info][gc,heap     ] GC(84) Reclaimed:         -                  -              2498M (30%)        2504M (31%)            -                  -          
[188.368s][info][gc          ] GC(84) Garbage Collection (Proactive) 2646M(32%)->174M(2%)
[190.041s][info][gc,stats    ] === Garbage Collection Statistics =======================================================================================================================
[190.041s][info][gc,stats    ]                                                              Last 10s              Last 10m              Last 10h                Total
[190.041s][info][gc,stats    ]                                                              Avg / Max             Avg / Max             Avg / Max             Avg / Max
[190.041s][info][gc,stats    ]   Collector: Garbage Collection Cycle                     29.856 / 40.813       34.010 / 95.920       34.010 / 95.920       34.010 / 95.920      ms
[190.041s][info][gc,stats    ]  Contention: Mark Segment Reset Contention                     0 / 0                 0 / 4                 0 / 4                 0 / 4           ops/s
[190.041s][info][gc,stats    ]  Contention: Mark SeqNum Reset Contention                      0 / 0                 0 / 0                 0 / 0                 0 / 0           ops/s
[190.041s][info][gc,stats    ]    Critical: Allocation Stall                                  0 / 0                 0 / 0                 0 / 0                 0 / 0           ops/s
[190.041s][info][gc,stats    ]    Critical: Allocation Stall                              0.000 / 0.000         0.000 / 0.000         0.000 / 0.000         0.000 / 0.000       ms
[190.041s][info][gc,stats    ]    Critical: GC Locker Stall                                   0 / 0                 0 / 0                 0 / 0                 0 / 0           ops/s
[190.041s][info][gc,stats    ]    Critical: GC Locker Stall                               0.000 / 0.000         0.000 / 0.000         0.000 / 0.000         0.000 / 0.000       ms
[190.041s][info][gc,stats    ]    Critical: Relocation Stall                                  0 / 0                 0 / 0                 0 / 0                 0 / 0           ops/s
[190.041s][info][gc,stats    ]    Critical: Relocation Stall                              0.000 / 0.000         0.000 / 0.000         0.000 / 0.000         0.000 / 0.000       ms
[190.041s][info][gc,stats    ]      Memory: Allocation Rate                                1044 / 1050           1087 / 9212           1087 / 9212           1087 / 9212        MB/s
[190.041s][info][gc,stats    ]      Memory: Out Of Memory                                     0 / 0                 0 / 0                 0 / 0                 0 / 0           ops/s
[190.041s][info][gc,stats    ]      Memory: Page Cache Flush                                  0 / 0                 0 / 0                 0 / 0                 0 / 0           MB/s
[190.041s][info][gc,stats    ]      Memory: Page Cache Hit L1                               524 / 529             515 / 533             515 / 533             515 / 533         ops/s
[190.041s][info][gc,stats    ]      Memory: Page Cache Hit L2                                 0 / 0                 0 / 0                 0 / 0                 0 / 0           ops/s
[190.041s][info][gc,stats    ]      Memory: Page Cache Hit L3                                 0 / 0                 9 / 486               9 / 486               9 / 486         ops/s
[190.041s][info][gc,stats    ]      Memory: Page Cache Miss                                   0 / 0                 0 / 1                 0 / 1                 0 / 1           ops/s
[190.041s][info][gc,stats    ]      Memory: Uncommit                                          0 / 0                 0 / 0                 0 / 0                 0 / 0           MB/s
[190.041s][info][gc,stats    ]      Memory: Undo Object Allocation Failed                     0 / 0                 0 / 0                 0 / 0                 0 / 0           ops/s
[190.041s][info][gc,stats    ]      Memory: Undo Object Allocation Succeeded                  0 / 0                 0 / 6                 0 / 6                 0 / 6           ops/s
[190.041s][info][gc,stats    ]      Memory: Undo Page Allocation                              0 / 0                 0 / 1                 0 / 1                 0 / 1           ops/s
[190.041s][info][gc,stats    ]       Phase: Concurrent Mark                              25.034 / 36.813       28.647 / 65.214       28.647 / 65.214       28.647 / 65.214      ms
[190.041s][info][gc,stats    ]       Phase: Concurrent Mark Continue                      0.000 / 0.000         0.000 / 0.000         0.000 / 0.000         0.000 / 0.000       ms
[190.041s][info][gc,stats    ]       Phase: Concurrent Process Non-Strong References      0.412 / 0.449         0.463 / 0.911         0.463 / 0.911         0.463 / 0.911       ms
[190.041s][info][gc,stats    ]       Phase: Concurrent Relocate                           1.083 / 2.004         1.323 / 16.651        1.323 / 16.651        1.323 / 16.651      ms
[190.041s][info][gc,stats    ]       Phase: Concurrent Reset Relocation Set               0.002 / 0.004         0.003 / 0.098         0.003 / 0.098         0.003 / 0.098       ms
[190.041s][info][gc,stats    ]       Phase: Concurrent Select Relocation Set              2.799 / 2.937         2.994 / 12.567        2.994 / 12.567        2.994 / 12.567      ms
[190.041s][info][gc,stats    ]       Phase: Pause Mark End                                0.008 / 0.008         0.009 / 0.025         0.009 / 0.025         0.009 / 0.025       ms
[190.041s][info][gc,stats    ]       Phase: Pause Mark Start                              0.005 / 0.007         0.006 / 0.028         0.006 / 0.028         0.006 / 0.028       ms
[190.041s][info][gc,stats    ]       Phase: Pause Relocate Start                          0.004 / 0.004         0.004 / 0.026         0.004 / 0.026         0.004 / 0.026       ms
[190.041s][info][gc,stats    ]    Subphase: Concurrent Classes Purge                      0.024 / 0.031         0.029 / 0.102         0.029 / 0.102         0.029 / 0.102       ms
[190.041s][info][gc,stats    ]    Subphase: Concurrent Classes Unlink                     0.286 / 0.314         0.296 / 0.571         0.296 / 0.571         0.296 / 0.571       ms
[190.041s][info][gc,stats    ]    Subphase: Concurrent Mark                              24.261 / 36.531       27.917 / 64.907       27.917 / 64.907       27.917 / 64.907      ms
[190.041s][info][gc,stats    ]    Subphase: Concurrent Mark Idle                          1.194 / 1.268         1.164 / 1.327         1.164 / 1.327         1.164 / 1.327       ms
[190.041s][info][gc,stats    ]    Subphase: Concurrent Mark Try Flush                     0.039 / 0.115         0.038 / 0.119         0.038 / 0.119         0.038 / 0.119       ms
[190.041s][info][gc,stats    ]    Subphase: Concurrent Mark Try Terminate                 0.410 / 1.269         0.436 / 1.330         0.436 / 1.330         0.436 / 1.330       ms
[190.041s][info][gc,stats    ]    Subphase: Concurrent References Enqueue                 0.000 / 0.000         0.000 / 0.003         0.000 / 0.003         0.000 / 0.003       ms
[190.041s][info][gc,stats    ]    Subphase: Concurrent References Process                 0.020 / 0.026         0.030 / 0.095         0.030 / 0.095         0.030 / 0.095       ms
[190.041s][info][gc,stats    ]    Subphase: Concurrent Roots ClassLoaderDataGraph         0.014 / 0.025         0.015 / 0.132         0.015 / 0.132         0.015 / 0.132       ms
[190.041s][info][gc,stats    ]    Subphase: Concurrent Roots CodeCache                    0.000 / 0.000         0.000 / 0.000         0.000 / 0.000         0.000 / 0.000       ms
[190.041s][info][gc,stats    ]    Subphase: Concurrent Roots JavaThreads                  0.167 / 0.195         0.179 / 0.277         0.179 / 0.277         0.179 / 0.277       ms
[190.041s][info][gc,stats    ]    Subphase: Concurrent Roots OopStorageSet                0.003 / 0.004         0.004 / 0.022         0.004 / 0.022         0.004 / 0.022       ms
[190.041s][info][gc,stats    ]    Subphase: Concurrent Weak Roots OopStorageSet           0.035 / 0.040         0.039 / 0.120         0.039 / 0.120         0.039 / 0.120       ms
[190.041s][info][gc,stats    ]    Subphase: Pause Mark Try Complete                       0.000 / 0.000         0.000 / 0.000         0.000 / 0.000         0.000 / 0.000       ms
[190.041s][info][gc,stats    ]      System: Java Threads                                     16 / 16               16 / 20               16 / 20               16 / 20          threads
[190.041s][info][gc,stats    ] =========================================================================================================================================================
[190.339s][info][gc,start    ] GC(85) Garbage Collection (Proactive)
[190.340s][info][gc,phases   ] GC(85) Pause Mark Start 0.004ms
[190.362s][info][gc,phases   ] GC(85) Concurrent Mark 21.980ms
[190.362s][info][gc,phases   ] GC(85) Pause Mark End 0.009ms
[190.362s][info][gc,phases   ] GC(85) Concurrent Process Non-Strong References 0.436ms
[190.362s][info][gc,phases   ] GC(85) Concurrent Reset Relocation Set 0.002ms
[190.365s][info][gc,phases   ] GC(85) Concurrent Select Relocation Set 2.695ms
[190.365s][info][gc,phases   ] GC(85) Pause Relocate Start 0.003ms
[190.366s][info][gc,phases   ] GC(85) Concurrent Relocate 0.956ms
[190.366s][info][gc,load     ] GC(85) Load: 3.44/3.52/3.56
[190.366s][info][gc,mmu      ] GC(85) MMU: 2ms/98.6%, 5ms/99.3%, 10ms/99.7%, 20ms/99.8%, 50ms/99.9%, 100ms/100.0%
[190.366s][info][gc,marking  ] GC(85) Mark: 2 stripe(s), 2 proactive flush(es), 1 terminate flush(es), 0 completion(s), 0 continuation(s) 
[190.366s][info][gc,nmethod  ] GC(85) NMethods: 484 registered, 0 unregistered
[190.366s][info][gc,metaspace] GC(85) Metaspace: 0M used, 0M committed, 1032M reserved
[190.366s][info][gc,ref      ] GC(85) Soft: 82 encountered, 0 discovered, 0 enqueued
[190.366s][info][gc,ref      ] GC(85) Weak: 200 encountered, 63 discovered, 0 enqueued
[190.366s][info][gc,ref      ] GC(85) Final: 0 encountered, 0 discovered, 0 enqueued
[190.366s][info][gc,ref      ] GC(85) Phantom: 5 encountered, 3 discovered, 0 enqueued
[190.366s][info][gc,reloc    ] GC(85) Small Pages: 1115 / 2230M, Empty: 2082M, Relocated: 6M, In-Place: 0
[190.366s][info][gc,reloc    ] GC(85) Medium Pages: 0 / 0M, Empty: 0M, Relocated: 0M, In-Place: 0
[190.366s][info][gc,reloc    ] GC(85) Large Pages: 0 / 0M, Empty: 0M, Relocated: 0M, In-Place: 0
[190.366s][info][gc,reloc    ] GC(85) Forwarding Usage: 0M
[190.366s][info][gc,heap     ] GC(85) Min Capacity: 8192M(100%)
[190.366s][info][gc,heap     ] GC(85) Max Capacity: 8192M(100%)
[190.366s][info][gc,heap     ] GC(85) Soft Max Capacity: 8192M(100%)
[190.366s][info][gc,heap     ] GC(85)                Mark Start          Mark End        Relocate Start      Relocate End           High               Low         
[190.366s][info][gc,heap     ] GC(85)  Capacity:     8192M (100%)       8192M (100%)       8192M (100%)       8192M (100%)       8192M (100%)       8192M (100%)   
[190.366s][info][gc,heap     ] GC(85)      Free:     5962M (73%)        5938M (72%)        8020M (98%)        8024M (98%)        8024M (98%)        5938M (72%)    
[190.366s][info][gc,heap     ] GC(85)      Used:     2230M (27%)        2254M (28%)         172M (2%)          168M (2%)         2254M (28%)         168M (2%)     
[190.366s][info][gc,heap     ] GC(85)      Live:         -               132M (2%)          132M (2%)          132M (2%)             -                  -          
[190.366s][info][gc,heap     ] GC(85) Allocated:         -                24M (0%)           24M (0%)           26M (0%)             -                  -          
[190.366s][info][gc,heap     ] GC(85)   Garbage:         -              2097M (26%)          15M (0%)            9M (0%)             -                  -          
[190.366s][info][gc,heap     ] GC(85) Reclaimed:         -                  -              2082M (25%)        2088M (25%)            -                  -          
[190.366s][info][gc          ] GC(85) Garbage Collection (Proactive) 2230M(27%)->168M(2%)
[192.040s][info][gc,start    ] GC(86) Garbage Collection (Proactive)
[192.040s][info][gc,phases   ] GC(86) Pause Mark Start 0.004ms
[192.062s][info][gc,phases   ] GC(86) Concurrent Mark 22.601ms
[192.062s][info][gc,phases   ] GC(86) Pause Mark End 0.008ms
[192.063s][info][gc,phases   ] GC(86) Concurrent Process Non-Strong References 0.409ms
[192.063s][info][gc,phases   ] GC(86) Concurrent Reset Relocation Set 0.001ms
[192.066s][info][gc,phases   ] GC(86) Concurrent Select Relocation Set 2.888ms
[192.066s][info][gc,phases   ] GC(86) Pause Relocate Start 0.003ms
[192.067s][info][gc,phases   ] GC(86) Concurrent Relocate 0.867ms
[192.067s][info][gc,load     ] GC(86) Load: 3.33/3.49/3.56
[192.067s][info][gc,mmu      ] GC(86) MMU: 2ms/98.6%, 5ms/99.3%, 10ms/99.7%, 20ms/99.8%, 50ms/99.9%, 100ms/100.0%
[192.067s][info][gc,marking  ] GC(86) Mark: 2 stripe(s), 2 proactive flush(es), 1 terminate flush(es), 0 completion(s), 0 continuation(s) 
[192.067s][info][gc,nmethod  ] GC(86) NMethods: 484 registered, 0 unregistered
[192.067s][info][gc,metaspace] GC(86) Metaspace: 0M used, 0M committed, 1032M reserved
[192.067s][info][gc,ref      ] GC(86) Soft: 82 encountered, 0 discovered, 0 enqueued
[192.067s][info][gc,ref      ] GC(86) Weak: 200 encountered, 170 discovered, 0 enqueued
[192.067s][info][gc,ref      ] GC(86) Final: 0 encountered, 0 discovered, 0 enqueued
[192.067s][info][gc,ref      ] GC(86) Phantom: 5 encountered, 5 discovered, 0 enqueued
[192.067s][info][gc,reloc    ] GC(86) Small Pages: 959 / 1918M, Empty: 1766M, Relocated: 4M, In-Place: 0
[192.067s][info][gc,reloc    ] GC(86) Medium Pages: 0 / 0M, Empty: 0M, Relocated: 0M, In-Place: 0
[192.067s][info][gc,reloc    ] GC(86) Large Pages: 0 / 0M, Empty: 0M, Relocated: 0M, In-Place: 0
[192.067s][info][gc,reloc    ] GC(86) Forwarding Usage: 0M
[192.067s][info][gc,heap     ] GC(86) Min Capacity: 8192M(100%)
[192.067s][info][gc,heap     ] GC(86) Max Capacity: 8192M(100%)
[192.067s][info][gc,heap     ] GC(86) Soft Max Capacity: 8192M(100%)
[192.067s][info][gc,heap     ] GC(86)                Mark Start          Mark End        Relocate Start      Relocate End           High               Low         
[192.067s][info][gc,heap     ] GC(86)  Capacity:     8192M (100%)       8192M (100%)       8192M (100%)       8192M (100%)       8192M (100%)       8192M (100%)   
[192.067s][info][gc,heap     ] GC(86)      Free:     6274M (77%)        6250M (76%)        8008M (98%)        8016M (98%)        8016M (98%)        6250M (76%)    
[192.067s][info][gc,heap     ] GC(86)      Used:     1918M (23%)        1942M (24%)         184M (2%)          176M (2%)         1942M (24%)         176M (2%)     
[192.067s][info][gc,heap     ] GC(86)      Live:         -               132M (2%)          132M (2%)          132M (2%)             -                  -          
[192.067s][info][gc,heap     ] GC(86) Allocated:         -                24M (0%)           32M (0%)           32M (0%)             -                  -          
[192.067s][info][gc,heap     ] GC(86)   Garbage:         -              1785M (22%)          19M (0%)           11M (0%)             -                  -          
[192.067s][info][gc,heap     ] GC(86) Reclaimed:         -                  -              1766M (22%)        1774M (22%)            -                  -          
[192.067s][info][gc          ] GC(86) Garbage Collection (Proactive) 1918M(23%)->176M(2%)
[193.640s][info][gc,start    ] GC(87) Garbage Collection (Proactive)
[193.641s][info][gc,phases   ] GC(87) Pause Mark Start 0.004ms
[193.662s][info][gc,phases   ] GC(87) Concurrent Mark 21.725ms
[193.662s][info][gc,phases   ] GC(87) Pause Mark End 0.008ms
[193.663s][info][gc,phases   ] GC(87) Concurrent Process Non-Strong References 0.459ms
[193.663s][info][gc,phases   ] GC(87) Concurrent Reset Relocation Set 0.002ms
[193.666s][info][gc,phases   ] GC(87) Concurrent Select Relocation Set 2.730ms
[193.666s][info][gc,phases   ] GC(87) Pause Relocate Start 0.004ms
[193.667s][info][gc,phases   ] GC(87) Concurrent Relocate 0.899ms
[193.667s][info][gc,load     ] GC(87) Load: 3.33/3.49/3.56
[193.667s][info][gc,mmu      ] GC(87) MMU: 2ms/98.6%, 5ms/99.3%, 10ms/99.7%, 20ms/99.8%, 50ms/99.9%, 100ms/100.0%
[193.667s][info][gc,marking  ] GC(87) Mark: 2 stripe(s), 2 proactive flush(es), 1 terminate flush(es), 0 completion(s), 0 continuation(s) 
[193.667s][info][gc,nmethod  ] GC(87) NMethods: 484 registered, 0 unregistered
[193.667s][info][gc,metaspace] GC(87) Metaspace: 0M used, 0M committed, 1032M reserved
[193.667s][info][gc,ref      ] GC(87) Soft: 82 encountered, 0 discovered, 0 enqueued
[193.667s][info][gc,ref      ] GC(87) Weak: 200 encountered, 184 discovered, 0 enqueued
[193.667s][info][gc,ref      ] GC(87) Final: 0 encountered, 0 discovered, 0 enqueued
[193.667s][info][gc,ref      ] GC(87) Phantom: 5 encountered, 3 discovered, 0 enqueued
[193.667s][info][gc,reloc    ] GC(87) Small Pages: 908 / 1816M, Empty: 1660M, Relocated: 4M, In-Place: 0
[193.667s][info][gc,reloc    ] GC(87) Medium Pages: 0 / 0M, Empty: 0M, Relocated: 0M, In-Place: 0
[193.667s][info][gc,reloc    ] GC(87) Large Pages: 0 / 0M, Empty: 0M, Relocated: 0M, In-Place: 0
[193.667s][info][gc,reloc    ] GC(87) Forwarding Usage: 0M
[193.667s][info][gc,heap     ] GC(87) Min Capacity: 8192M(100%)
[193.667s][info][gc,heap     ] GC(87) Max Capacity: 8192M(100%)
[193.667s][info][gc,heap     ] GC(87) Soft Max Capacity: 8192M(100%)
[193.667s][info][gc,heap     ] GC(87)                Mark Start          Mark End        Relocate Start      Relocate End           High               Low         
[193.667s][info][gc,heap     ] GC(87)  Capacity:     8192M (100%)       8192M (100%)       8192M (100%)       8192M (100%)       8192M (100%)       8192M (100%)   
[193.667s][info][gc,heap     ] GC(87)      Free:     6376M (78%)        6352M (78%)        8012M (98%)        8016M (98%)        8020M (98%)        6352M (78%)    
[193.667s][info][gc,heap     ] GC(87)      Used:     1816M (22%)        1840M (22%)         180M (2%)          176M (2%)         1840M (22%)         172M (2%)     
[193.667s][info][gc,heap     ] GC(87)      Live:         -               132M (2%)          132M (2%)          132M (2%)             -                  -          
[193.667s][info][gc,heap     ] GC(87) Allocated:         -                24M (0%)           24M (0%)           32M (0%)             -                  -          
[193.667s][info][gc,heap     ] GC(87)   Garbage:         -              1683M (21%)          23M (0%)           11M (0%)             -                  -          
[193.667s][info][gc,heap     ] GC(87) Reclaimed:         -                  -              1660M (20%)        1672M (20%)            -                  -          
[193.667s][info][gc          ] GC(87) Garbage Collection (Proactive) 1816M(22%)->176M(2%)
[195.140s][info][gc,start    ] GC(88) Garbage Collection (Proactive)
[195.140s][info][gc,phases   ] GC(88) Pause Mark Start 0.005ms
[195.178s][info][gc,phases   ] GC(88) Concurrent Mark 37.871ms
[195.178s][info][gc,phases   ] GC(88) Pause Mark End 0.008ms
[195.178s][info][gc,phases   ] GC(88) Concurrent Process Non-Strong References 0.415ms
[195.178s][info][gc,phases   ] GC(88) Concurrent Reset Relocation Set 0.002ms
[195.181s][info][gc,phases   ] GC(88) Concurrent Select Relocation Set 2.688ms
[195.181s][info][gc,phases   ] GC(88) Pause Relocate Start 0.004ms
[195.182s][info][gc,phases   ] GC(88) Concurrent Relocate 0.481ms
[195.182s][info][gc,load     ] GC(88) Load: 3.33/3.49/3.56
[195.182s][info][gc,mmu      ] GC(88) MMU: 2ms/98.6%, 5ms/99.3%, 10ms/99.7%, 20ms/99.8%, 50ms/99.9%, 100ms/100.0%
[195.182s][info][gc,marking  ] GC(88) Mark: 2 stripe(s), 2 proactive flush(es), 1 terminate flush(es), 0 completion(s), 0 continuation(s) 
[195.182s][info][gc,nmethod  ] GC(88) NMethods: 484 registered, 0 unregistered
[195.182s][info][gc,metaspace] GC(88) Metaspace: 0M used, 0M committed, 1032M reserved
[195.182s][info][gc,ref      ] GC(88) Soft: 82 encountered, 0 discovered, 0 enqueued
[195.182s][info][gc,ref      ] GC(88) Weak: 200 encountered, 170 discovered, 0 enqueued
[195.182s][info][gc,ref      ] GC(88) Final: 0 encountered, 0 discovered, 0 enqueued
[195.182s][info][gc,ref      ] GC(88) Phantom: 5 encountered, 5 discovered, 0 enqueued
[195.182s][info][gc,reloc    ] GC(88) Small Pages: 856 / 1712M, Empty: 1558M, Relocated: 3M, In-Place: 0
[195.182s][info][gc,reloc    ] GC(88) Medium Pages: 0 / 0M, Empty: 0M, Relocated: 0M, In-Place: 0
[195.182s][info][gc,reloc    ] GC(88) Large Pages: 0 / 0M, Empty: 0M, Relocated: 0M, In-Place: 0
[195.182s][info][gc,reloc    ] GC(88) Forwarding Usage: 0M
[195.182s][info][gc,heap     ] GC(88) Min Capacity: 8192M(100%)
[195.182s][info][gc,heap     ] GC(88) Max Capacity: 8192M(100%)
[195.182s][info][gc,heap     ] GC(88) Soft Max Capacity: 8192M(100%)
[195.182s][info][gc,heap     ] GC(88)                Mark Start          Mark End        Relocate Start      Relocate End           High               Low         
[195.182s][info][gc,heap     ] GC(88)  Capacity:     8192M (100%)       8192M (100%)       8192M (100%)       8192M (100%)       8192M (100%)       8192M (100%)   
[195.182s][info][gc,heap     ] GC(88)      Free:     6480M (79%)        6432M (79%)        7990M (98%)        8002M (98%)        8002M (98%)        6432M (79%)    
[195.182s][info][gc,heap     ] GC(88)      Used:     1712M (21%)        1760M (21%)         202M (2%)          190M (2%)         1760M (21%)         190M (2%)     
[195.182s][info][gc,heap     ] GC(88)      Live:         -               132M (2%)          132M (2%)          132M (2%)             -                  -          
[195.182s][info][gc,heap     ] GC(88) Allocated:         -                48M (1%)           48M (1%)           48M (1%)             -                  -          
[195.182s][info][gc,heap     ] GC(88)   Garbage:         -              1579M (19%)          21M (0%)            9M (0%)             -                  -          
[195.182s][info][gc,heap     ] GC(88) Reclaimed:         -                  -              1558M (19%)        1570M (19%)            -                  -          
[195.182s][info][gc          ] GC(88) Garbage Collection (Proactive) 1712M(21%)->190M(2%)
[198.239s][info][gc,start    ] GC(89) Garbage Collection (Proactive)
[198.240s][info][gc,phases   ] GC(89) Pause Mark Start 0.005ms
[198.273s][info][gc,phases   ] GC(89) Concurrent Mark 33.569ms
[198.273s][info][gc,phases   ] GC(89) Pause Mark End 0.009ms
[198.274s][info][gc,phases   ] GC(89) Concurrent Process Non-Strong References 0.411ms
[198.274s][info][gc,phases   ] GC(89) Concurrent Reset Relocation Set 0.001ms
[198.276s][info][gc,phases   ] GC(89) Concurrent Select Relocation Set 2.496ms
[198.276s][info][gc,phases   ] GC(89) Pause Relocate Start 0.003ms
[198.278s][info][gc,phases   ] GC(89) Concurrent Relocate 1.281ms
[198.278s][info][gc,load     ] GC(89) Load: 3.38/3.50/3.56
[198.278s][info][gc,mmu      ] GC(89) MMU: 2ms/98.6%, 5ms/99.3%, 10ms/99.7%, 20ms/99.8%, 50ms/99.9%, 100ms/100.0%
[198.278s][info][gc,marking  ] GC(89) Mark: 2 stripe(s), 2 proactive flush(es), 1 terminate flush(es), 0 completion(s), 0 continuation(s) 
[198.278s][info][gc,nmethod  ] GC(89) NMethods: 484 registered, 0 unregistered
[198.278s][info][gc,metaspace] GC(89) Metaspace: 0M used, 0M committed, 1032M reserved
[198.278s][info][gc,ref      ] GC(89) Soft: 82 encountered, 0 discovered, 0 enqueued
[198.278s][info][gc,ref      ] GC(89) Weak: 200 encountered, 170 discovered, 0 enqueued
[198.278s][info][gc,ref      ] GC(89) Final: 0 encountered, 0 discovered, 0 enqueued
[198.278s][info][gc,ref      ] GC(89) Phantom: 5 encountered, 3 discovered, 0 enqueued
[198.278s][info][gc,reloc    ] GC(89) Small Pages: 1687 / 3374M, Empty: 3224M, Relocated: 8M, In-Place: 0
[198.278s][info][gc,reloc    ] GC(89) Medium Pages: 0 / 0M, Empty: 0M, Relocated: 0M, In-Place: 0
[198.278s][info][gc,reloc    ] GC(89) Large Pages: 0 / 0M, Empty: 0M, Relocated: 0M, In-Place: 0
[198.278s][info][gc,reloc    ] GC(89) Forwarding Usage: 0M
[198.278s][info][gc,heap     ] GC(89) Min Capacity: 8192M(100%)
[198.278s][info][gc,heap     ] GC(89) Max Capacity: 8192M(100%)
[198.278s][info][gc,heap     ] GC(89) Soft Max Capacity: 8192M(100%)
[198.278s][info][gc,heap     ] GC(89)                Mark Start          Mark End        Relocate Start      Relocate End           High               Low         
[198.278s][info][gc,heap     ] GC(89)  Capacity:     8192M (100%)       8192M (100%)       8192M (100%)       8192M (100%)       8192M (100%)       8192M (100%)   
[198.278s][info][gc,heap     ] GC(89)      Free:     4818M (59%)        4786M (58%)        8002M (98%)        8002M (98%)        8002M (98%)        4786M (58%)    
[198.278s][info][gc,heap     ] GC(89)      Used:     3374M (41%)        3406M (42%)         190M (2%)          190M (2%)         3406M (42%)         190M (2%)     
[198.278s][info][gc,heap     ] GC(89)      Live:         -               132M (2%)          132M (2%)          132M (2%)             -                  -          
[198.278s][info][gc,heap     ] GC(89) Allocated:         -                32M (0%)           40M (0%)           48M (1%)             -                  -          
[198.278s][info][gc,heap     ] GC(89)   Garbage:         -              3241M (40%)          17M (0%)            9M (0%)             -                  -          
[198.278s][info][gc,heap     ] GC(89) Reclaimed:         -                  -              3224M (39%)        3232M (39%)            -                  -          
[198.278s][info][gc          ] GC(89) Garbage Collection (Proactive) 3374M(41%)->190M(2%)
[200.040s][info][gc,stats    ] === Garbage Collection Statistics =======================================================================================================================
[200.040s][info][gc,stats    ]                                                              Last 10s              Last 10m              Last 10h                Total
[200.040s][info][gc,stats    ]                                                              Avg / Max             Avg / Max             Avg / Max             Avg / Max
[200.040s][info][gc,stats    ]   Collector: Garbage Collection Cycle                     32.089 / 41.941       33.904 / 95.920       33.904 / 95.920       33.904 / 95.920      ms
[200.040s][info][gc,stats    ]  Contention: Mark Segment Reset Contention                     0 / 1                 0 / 4                 0 / 4                 0 / 4           ops/s
[200.040s][info][gc,stats    ]  Contention: Mark SeqNum Reset Contention                      0 / 0                 0 / 0                 0 / 0                 0 / 0           ops/s
[200.040s][info][gc,stats    ]    Critical: Allocation Stall                                  0 / 0                 0 / 0                 0 / 0                 0 / 0           ops/s
[200.040s][info][gc,stats    ]    Critical: Allocation Stall                              0.000 / 0.000         0.000 / 0.000         0.000 / 0.000         0.000 / 0.000       ms
[200.040s][info][gc,stats    ]    Critical: GC Locker Stall                                   0 / 0                 0 / 0                 0 / 0                 0 / 0           ops/s
[200.040s][info][gc,stats    ]    Critical: GC Locker Stall                               0.000 / 0.000         0.000 / 0.000         0.000 / 0.000         0.000 / 0.000       ms
[200.040s][info][gc,stats    ]    Critical: Relocation Stall                                  0 / 0                 0 / 0                 0 / 0                 0 / 0           ops/s
[200.040s][info][gc,stats    ]    Critical: Relocation Stall                              0.000 / 0.000         0.000 / 0.000         0.000 / 0.000         0.000 / 0.000       ms
[200.040s][info][gc,stats    ]      Memory: Allocation Rate                                1044 / 1048           1085 / 9212           1085 / 9212           1085 / 9212        MB/s
[200.040s][info][gc,stats    ]      Memory: Out Of Memory                                     0 / 0                 0 / 0                 0 / 0                 0 / 0           ops/s
[200.040s][info][gc,stats    ]      Memory: Page Cache Flush                                  0 / 0                 0 / 0                 0 / 0                 0 / 0           MB/s
[200.040s][info][gc,stats    ]      Memory: Page Cache Hit L1                               523 / 529             515 / 533             515 / 533             515 / 533         ops/s
[200.040s][info][gc,stats    ]      Memory: Page Cache Hit L2                                 0 / 0                 0 / 0                 0 / 0                 0 / 0           ops/s
[200.040s][info][gc,stats    ]      Memory: Page Cache Hit L3                                 0 / 0                 8 / 486               8 / 486               8 / 486         ops/s
[200.040s][info][gc,stats    ]      Memory: Page Cache Miss                                   0 / 0                 0 / 1                 0 / 1                 0 / 1           ops/s
[200.040s][info][gc,stats    ]      Memory: Uncommit                                          0 / 0                 0 / 0                 0 / 0                 0 / 0           MB/s
[200.040s][info][gc,stats    ]      Memory: Undo Object Allocation Failed                     0 / 0                 0 / 0                 0 / 0                 0 / 0           ops/s
[200.040s][info][gc,stats    ]      Memory: Undo Object Allocation Succeeded                  0 / 2                 0 / 6                 0 / 6                 0 / 6           ops/s
[200.040s][info][gc,stats    ]      Memory: Undo Page Allocation                              0 / 0                 0 / 1                 0 / 1                 0 / 1           ops/s
[200.040s][info][gc,stats    ]       Phase: Concurrent Mark                              27.549 / 37.871       28.586 / 65.214       28.586 / 65.214       28.586 / 65.214      ms
[200.040s][info][gc,stats    ]       Phase: Concurrent Mark Continue                      0.000 / 0.000         0.000 / 0.000         0.000 / 0.000         0.000 / 0.000       ms
[200.040s][info][gc,stats    ]       Phase: Concurrent Process Non-Strong References      0.426 / 0.459         0.461 / 0.911         0.461 / 0.911         0.461 / 0.911       ms
[200.040s][info][gc,stats    ]       Phase: Concurrent Relocate                           0.897 / 1.281         1.299 / 16.651        1.299 / 16.651        1.299 / 16.651      ms
[200.040s][info][gc,stats    ]       Phase: Concurrent Reset Relocation Set               0.002 / 0.002         0.003 / 0.098         0.003 / 0.098         0.003 / 0.098       ms
[200.040s][info][gc,stats    ]       Phase: Concurrent Select Relocation Set              2.700 / 2.888         2.978 / 12.567        2.978 / 12.567        2.978 / 12.567      ms
[200.040s][info][gc,stats    ]       Phase: Pause Mark End                                0.008 / 0.009         0.009 / 0.025         0.009 / 0.025         0.009 / 0.025       ms
[200.040s][info][gc,stats    ]       Phase: Pause Mark Start                              0.004 / 0.005         0.006 / 0.028         0.006 / 0.028         0.006 / 0.028       ms
[200.040s][info][gc,stats    ]       Phase: Pause Relocate Start                          0.003 / 0.004         0.004 / 0.026         0.004 / 0.026         0.004 / 0.026       ms
[200.041s][info][gc,stats    ]    Subphase: Concurrent Classes Purge                      0.023 / 0.028         0.029 / 0.102         0.029 / 0.102         0.029 / 0.102       ms
[200.041s][info][gc,stats    ]    Subphase: Concurrent Classes Unlink                     0.294 / 0.333         0.296 / 0.571         0.296 / 0.571         0.296 / 0.571       ms
[200.041s][info][gc,stats    ]    Subphase: Concurrent Mark                              26.756 / 37.602       27.852 / 64.907       27.852 / 64.907       27.852 / 64.907      ms
[200.041s][info][gc,stats    ]    Subphase: Concurrent Mark Idle                          1.200 / 1.261         1.166 / 1.327         1.166 / 1.327         1.166 / 1.327       ms
[200.041s][info][gc,stats    ]    Subphase: Concurrent Mark Try Flush                     0.039 / 0.081         0.038 / 0.119         0.038 / 0.119         0.038 / 0.119       ms
[200.041s][info][gc,stats    ]    Subphase: Concurrent Mark Try Terminate                 0.503 / 1.262         0.440 / 1.330         0.440 / 1.330         0.440 / 1.330       ms
[200.041s][info][gc,stats    ]    Subphase: Concurrent References Enqueue                 0.000 / 0.000         0.000 / 0.003         0.000 / 0.003         0.000 / 0.003       ms
[200.041s][info][gc,stats    ]    Subphase: Concurrent References Process                 0.027 / 0.031         0.030 / 0.095         0.030 / 0.095         0.030 / 0.095       ms
[200.041s][info][gc,stats    ]    Subphase: Concurrent Roots ClassLoaderDataGraph         0.015 / 0.042         0.015 / 0.132         0.015 / 0.132         0.015 / 0.132       ms
[200.041s][info][gc,stats    ]    Subphase: Concurrent Roots CodeCache                    0.000 / 0.000         0.000 / 0.000         0.000 / 0.000         0.000 / 0.000       ms
[200.041s][info][gc,stats    ]    Subphase: Concurrent Roots JavaThreads                  0.173 / 0.194         0.179 / 0.277         0.179 / 0.277         0.179 / 0.277       ms
[200.041s][info][gc,stats    ]    Subphase: Concurrent Roots OopStorageSet                0.004 / 0.005         0.004 / 0.022         0.004 / 0.022         0.004 / 0.022       ms
[200.041s][info][gc,stats    ]    Subphase: Concurrent Weak Roots OopStorageSet           0.036 / 0.050         0.039 / 0.120         0.039 / 0.120         0.039 / 0.120       ms
[200.041s][info][gc,stats    ]    Subphase: Pause Mark Try Complete                       0.000 / 0.000         0.000 / 0.000         0.000 / 0.000         0.000 / 0.000       ms
[200.041s][info][gc,stats    ]      System: Java Threads                                     16 / 16               16 / 20               16 / 20               16 / 20          threads
[200.041s][info][gc,stats    ] =========================================================================================================================================================
[200.840s][info][gc,start    ] GC(90) Garbage Collection (Proactive)
[200.840s][info][gc,phases   ] GC(90) Pause Mark Start 0.005ms
[200.862s][info][gc,phases   ] GC(90) Concurrent Mark 22.515ms
[200.862s][info][gc,phases   ] GC(90) Pause Mark End 0.008ms
[200.863s][info][gc,phases   ] GC(90) Concurrent Process Non-Strong References 0.418ms
[200.863s][info][gc,phases   ] GC(90) Concurrent Reset Relocation Set 0.001ms
[200.866s][info][gc,phases   ] GC(90) Concurrent Select Relocation Set 2.849ms
[200.866s][info][gc,phases   ] GC(90) Pause Relocate Start 0.004ms
[200.867s][info][gc,phases   ] GC(90) Concurrent Relocate 0.819ms
[200.867s][info][gc,load     ] GC(90) Load: 3.27/3.47/3.55
[200.867s][info][gc,mmu      ] GC(90) MMU: 2ms/98.6%, 5ms/99.3%, 10ms/99.7%, 20ms/99.8%, 50ms/99.9%, 100ms/100.0%
[200.867s][info][gc,marking  ] GC(90) Mark: 2 stripe(s), 2 proactive flush(es), 1 terminate flush(es), 0 completion(s), 0 continuation(s) 
[200.867s][info][gc,nmethod  ] GC(90) NMethods: 484 registered, 0 unregistered
[200.867s][info][gc,metaspace] GC(90) Metaspace: 0M used, 0M committed, 1032M reserved
[200.867s][info][gc,ref      ] GC(90) Soft: 82 encountered, 0 discovered, 0 enqueued
[200.867s][info][gc,ref      ] GC(90) Weak: 200 encountered, 58 discovered, 0 enqueued
[200.867s][info][gc,ref      ] GC(90) Final: 0 encountered, 0 discovered, 0 enqueued
[200.867s][info][gc,ref      ] GC(90) Phantom: 5 encountered, 5 discovered, 0 enqueued
[200.867s][info][gc,reloc    ] GC(90) Small Pages: 1427 / 2854M, Empty: 2698M, Relocated: 5M, In-Place: 0
[200.867s][info][gc,reloc    ] GC(90) Medium Pages: 0 / 0M, Empty: 0M, Relocated: 0M, In-Place: 0
[200.867s][info][gc,reloc    ] GC(90) Large Pages: 0 / 0M, Empty: 0M, Relocated: 0M, In-Place: 0
[200.867s][info][gc,reloc    ] GC(90) Forwarding Usage: 0M
[200.867s][info][gc,heap     ] GC(90) Min Capacity: 8192M(100%)
[200.867s][info][gc,heap     ] GC(90) Max Capacity: 8192M(100%)
[200.867s][info][gc,heap     ] GC(90) Soft Max Capacity: 8192M(100%)
[200.867s][info][gc,heap     ] GC(90)                Mark Start          Mark End        Relocate Start      Relocate End           High               Low         
[200.867s][info][gc,heap     ] GC(90)  Capacity:     8192M (100%)       8192M (100%)       8192M (100%)       8192M (100%)       8192M (100%)       8192M (100%)   
[200.867s][info][gc,heap     ] GC(90)      Free:     5338M (65%)        5314M (65%)        8012M (98%)        8014M (98%)        8020M (98%)        5314M (65%)    
[200.867s][info][gc,heap     ] GC(90)      Used:     2854M (35%)        2878M (35%)         180M (2%)          178M (2%)         2878M (35%)         172M (2%)     
[200.867s][info][gc,heap     ] GC(90)      Live:         -               132M (2%)          132M (2%)          132M (2%)             -                  -          
[200.867s][info][gc,heap     ] GC(90) Allocated:         -                24M (0%)           24M (0%)           32M (0%)             -                  -          
[200.867s][info][gc,heap     ] GC(90)   Garbage:         -              2721M (33%)          23M (0%)           13M (0%)             -                  -          
[200.867s][info][gc,heap     ] GC(90) Reclaimed:         -                  -              2698M (33%)        2708M (33%)            -                  -          
[200.867s][info][gc          ] GC(90) Garbage Collection (Proactive) 2854M(35%)->178M(2%)
[203.240s][info][gc,start    ] GC(91) Garbage Collection (Proactive)
[203.240s][info][gc,phases   ] GC(91) Pause Mark Start 0.005ms
[203.263s][info][gc,phases   ] GC(91) Concurrent Mark 23.394ms
[203.263s][info][gc,phases   ] GC(91) Pause Mark End 0.008ms
[203.264s][info][gc,phases   ] GC(91) Concurrent Process Non-Strong References 0.413ms
[203.264s][info][gc,phases   ] GC(91) Concurrent Reset Relocation Set 0.002ms
[203.267s][info][gc,phases   ] GC(91) Concurrent Select Relocation Set 2.949ms
[203.267s][info][gc,phases   ] GC(91) Pause Relocate Start 0.003ms
[203.268s][info][gc,phases   ] GC(91) Concurrent Relocate 1.440ms
[203.268s][info][gc,load     ] GC(91) Load: 3.27/3.47/3.55
[203.268s][info][gc,mmu      ] GC(91) MMU: 2ms/98.6%, 5ms/99.3%, 10ms/99.7%, 20ms/99.8%, 50ms/99.9%, 100ms/100.0%
[203.268s][info][gc,marking  ] GC(91) Mark: 2 stripe(s), 2 proactive flush(es), 1 terminate flush(es), 0 completion(s), 0 continuation(s) 
[203.268s][info][gc,nmethod  ] GC(91) NMethods: 484 registered, 0 unregistered
[203.268s][info][gc,metaspace] GC(91) Metaspace: 0M used, 0M committed, 1032M reserved
[203.268s][info][gc,ref      ] GC(91) Soft: 82 encountered, 0 discovered, 0 enqueued
[203.268s][info][gc,ref      ] GC(91) Weak: 200 encountered, 170 discovered, 0 enqueued
[203.268s][info][gc,ref      ] GC(91) Final: 0 encountered, 0 discovered, 0 enqueued
[203.268s][info][gc,ref      ] GC(91) Phantom: 5 encountered, 3 discovered, 0 enqueued
[203.268s][info][gc,reloc    ] GC(91) Small Pages: 1325 / 2650M, Empty: 2494M, Relocated: 8M, In-Place: 0
[203.269s][info][gc,reloc    ] GC(91) Medium Pages: 0 / 0M, Empty: 0M, Relocated: 0M, In-Place: 0
[203.269s][info][gc,reloc    ] GC(91) Large Pages: 0 / 0M, Empty: 0M, Relocated: 0M, In-Place: 0
[203.269s][info][gc,reloc    ] GC(91) Forwarding Usage: 0M
[203.269s][info][gc,heap     ] GC(91) Min Capacity: 8192M(100%)
[203.269s][info][gc,heap     ] GC(91) Max Capacity: 8192M(100%)
[203.269s][info][gc,heap     ] GC(91) Soft Max Capacity: 8192M(100%)
[203.269s][info][gc,heap     ] GC(91)                Mark Start          Mark End        Relocate Start      Relocate End           High               Low         
[203.269s][info][gc,heap     ] GC(91)  Capacity:     8192M (100%)       8192M (100%)       8192M (100%)       8192M (100%)       8192M (100%)       8192M (100%)   
[203.269s][info][gc,heap     ] GC(91)      Free:     5542M (68%)        5518M (67%)        8004M (98%)        8016M (98%)        8016M (98%)        5518M (67%)    
[203.269s][info][gc,heap     ] GC(91)      Used:     2650M (32%)        2674M (33%)         188M (2%)          176M (2%)         2674M (33%)         176M (2%)     
[203.269s][info][gc,heap     ] GC(91)      Live:         -               132M (2%)          132M (2%)          132M (2%)             -                  -          
[203.269s][info][gc,heap     ] GC(91) Allocated:         -                24M (0%)           32M (0%)           34M (0%)             -                  -          
[203.269s][info][gc,heap     ] GC(91)   Garbage:         -              2517M (31%)          23M (0%)            9M (0%)             -                  -          
[203.269s][info][gc,heap     ] GC(91) Reclaimed:         -                  -              2494M (30%)        2508M (31%)            -                  -          
[203.269s][info][gc          ] GC(91) Garbage Collection (Proactive) 2650M(32%)->176M(2%)
[205.240s][info][gc,start    ] GC(92) Garbage Collection (Proactive)
[205.241s][info][gc,phases   ] GC(92) Pause Mark Start 0.006ms
[205.264s][info][gc,phases   ] GC(92) Concurrent Mark 23.651ms
[205.264s][info][gc,phases   ] GC(92) Pause Mark End 0.009ms
[205.265s][info][gc,phases   ] GC(92) Concurrent Process Non-Strong References 0.476ms
[205.265s][info][gc,phases   ] GC(92) Concurrent Reset Relocation Set 0.002ms
[205.268s][info][gc,phases   ] GC(92) Concurrent Select Relocation Set 2.949ms
[205.268s][info][gc,phases   ] GC(92) Pause Relocate Start 0.004ms
[205.269s][info][gc,phases   ] GC(92) Concurrent Relocate 1.062ms
[205.269s][info][gc,load     ] GC(92) Load: 3.27/3.47/3.55
[205.269s][info][gc,mmu      ] GC(92) MMU: 2ms/98.6%, 5ms/99.3%, 10ms/99.7%, 20ms/99.8%, 50ms/99.9%, 100ms/100.0%
[205.269s][info][gc,marking  ] GC(92) Mark: 2 stripe(s), 2 proactive flush(es), 1 terminate flush(es), 0 completion(s), 0 continuation(s) 
[205.269s][info][gc,nmethod  ] GC(92) NMethods: 484 registered, 0 unregistered
[205.269s][info][gc,metaspace] GC(92) Metaspace: 0M used, 0M committed, 1032M reserved
[205.269s][info][gc,ref      ] GC(92) Soft: 82 encountered, 0 discovered, 0 enqueued
[205.269s][info][gc,ref      ] GC(92) Weak: 200 encountered, 184 discovered, 0 enqueued
[205.269s][info][gc,ref      ] GC(92) Final: 0 encountered, 0 discovered, 0 enqueued
[205.269s][info][gc,ref      ] GC(92) Phantom: 5 encountered, 3 discovered, 0 enqueued
[205.269s][info][gc,reloc    ] GC(92) Small Pages: 1115 / 2230M, Empty: 2076M, Relocated: 6M, In-Place: 0
[205.269s][info][gc,reloc    ] GC(92) Medium Pages: 0 / 0M, Empty: 0M, Relocated: 0M, In-Place: 0
[205.269s][info][gc,reloc    ] GC(92) Large Pages: 0 / 0M, Empty: 0M, Relocated: 0M, In-Place: 0
[205.269s][info][gc,reloc    ] GC(92) Forwarding Usage: 0M
[205.269s][info][gc,heap     ] GC(92) Min Capacity: 8192M(100%)
[205.269s][info][gc,heap     ] GC(92) Max Capacity: 8192M(100%)
[205.269s][info][gc,heap     ] GC(92) Soft Max Capacity: 8192M(100%)
[205.269s][info][gc,heap     ] GC(92)                Mark Start          Mark End        Relocate Start      Relocate End           High               Low         
[205.269s][info][gc,heap     ] GC(92)  Capacity:     8192M (100%)       8192M (100%)       8192M (100%)       8192M (100%)       8192M (100%)       8192M (100%)   
[205.269s][info][gc,heap     ] GC(92)      Free:     5962M (73%)        5938M (72%)        8006M (98%)        8018M (98%)        8018M (98%)        5938M (72%)    
[205.269s][info][gc,heap     ] GC(92)      Used:     2230M (27%)        2254M (28%)         186M (2%)          174M (2%)         2254M (28%)         174M (2%)     
[205.269s][info][gc,heap     ] GC(92)      Live:         -               132M (2%)          132M (2%)          132M (2%)             -                  -          
[205.269s][info][gc,heap     ] GC(92) Allocated:         -                24M (0%)           32M (0%)           32M (0%)             -                  -          
[205.269s][info][gc,heap     ] GC(92)   Garbage:         -              2097M (26%)          21M (0%)            9M (0%)             -                  -          
[205.269s][info][gc,heap     ] GC(92) Reclaimed:         -                  -              2076M (25%)        2088M (25%)            -                  -          
[205.270s][info][gc          ] GC(92) Garbage Collection (Proactive) 2230M(27%)->174M(2%)
[207.040s][info][gc,start    ] GC(93) Garbage Collection (Proactive)
[207.040s][info][gc,phases   ] GC(93) Pause Mark Start 0.008ms
[207.065s][info][gc,phases   ] GC(93) Concurrent Mark 24.879ms
[207.066s][info][gc,phases   ] GC(93) Pause Mark End 0.009ms
[207.066s][info][gc,phases   ] GC(93) Concurrent Process Non-Strong References 0.529ms
[207.066s][info][gc,phases   ] GC(93) Concurrent Reset Relocation Set 0.002ms
[207.069s][info][gc,phases   ] GC(93) Concurrent Select Relocation Set 2.936ms
[207.069s][info][gc,phases   ] GC(93) Pause Relocate Start 0.004ms
[207.070s][info][gc,phases   ] GC(93) Concurrent Relocate 0.734ms
[207.070s][info][gc,load     ] GC(93) Load: 3.01/3.42/3.53
[207.070s][info][gc,mmu      ] GC(93) MMU: 2ms/98.6%, 5ms/99.3%, 10ms/99.7%, 20ms/99.8%, 50ms/99.9%, 100ms/100.0%
[207.070s][info][gc,marking  ] GC(93) Mark: 2 stripe(s), 2 proactive flush(es), 1 terminate flush(es), 0 completion(s), 0 continuation(s) 
[207.070s][info][gc,nmethod  ] GC(93) NMethods: 484 registered, 0 unregistered
[207.070s][info][gc,metaspace] GC(93) Metaspace: 0M used, 0M committed, 1032M reserved
[207.070s][info][gc,ref      ] GC(93) Soft: 82 encountered, 0 discovered, 0 enqueued
[207.070s][info][gc,ref      ] GC(93) Weak: 200 encountered, 170 discovered, 0 enqueued
[207.070s][info][gc,ref      ] GC(93) Final: 0 encountered, 0 discovered, 0 enqueued
[207.070s][info][gc,ref      ] GC(93) Phantom: 5 encountered, 3 discovered, 0 enqueued
[207.070s][info][gc,reloc    ] GC(93) Small Pages: 1011 / 2022M, Empty: 1868M, Relocated: 4M, In-Place: 0
[207.070s][info][gc,reloc    ] GC(93) Medium Pages: 0 / 0M, Empty: 0M, Relocated: 0M, In-Place: 0
[207.070s][info][gc,reloc    ] GC(93) Large Pages: 0 / 0M, Empty: 0M, Relocated: 0M, In-Place: 0
[207.070s][info][gc,reloc    ] GC(93) Forwarding Usage: 0M
[207.070s][info][gc,heap     ] GC(93) Min Capacity: 8192M(100%)
[207.070s][info][gc,heap     ] GC(93) Max Capacity: 8192M(100%)
[207.070s][info][gc,heap     ] GC(93) Soft Max Capacity: 8192M(100%)
[207.070s][info][gc,heap     ] GC(93)                Mark Start          Mark End        Relocate Start      Relocate End           High               Low         
[207.070s][info][gc,heap     ] GC(93)  Capacity:     8192M (100%)       8192M (100%)       8192M (100%)       8192M (100%)       8192M (100%)       8192M (100%)   
[207.070s][info][gc,heap     ] GC(93)      Free:     6170M (75%)        6142M (75%)        8004M (98%)        8014M (98%)        8014M (98%)        6138M (75%)    
[207.070s][info][gc,heap     ] GC(93)      Used:     2022M (25%)        2050M (25%)         188M (2%)          178M (2%)         2054M (25%)         178M (2%)     
[207.070s][info][gc,heap     ] GC(93)      Live:         -               132M (2%)          132M (2%)          132M (2%)             -                  -          
[207.070s][info][gc,heap     ] GC(93) Allocated:         -                28M (0%)           34M (0%)           36M (0%)             -                  -          
[207.070s][info][gc,heap     ] GC(93)   Garbage:         -              1889M (23%)          21M (0%)            9M (0%)             -                  -          
[207.070s][info][gc,heap     ] GC(93) Reclaimed:         -                  -              1868M (23%)        1880M (23%)            -                  -          
[207.070s][info][gc          ] GC(93) Garbage Collection (Proactive) 2022M(25%)->178M(2%)
[208.741s][info][gc,start    ] GC(94) Garbage Collection (Proactive)
[208.741s][info][gc,phases   ] GC(94) Pause Mark Start 0.005ms
[208.763s][info][gc,phases   ] GC(94) Concurrent Mark 22.418ms
[208.763s][info][gc,phases   ] GC(94) Pause Mark End 0.008ms
[208.764s][info][gc,phases   ] GC(94) Concurrent Process Non-Strong References 0.403ms
[208.764s][info][gc,phases   ] GC(94) Concurrent Reset Relocation Set 0.001ms
[208.766s][info][gc,phases   ] GC(94) Concurrent Select Relocation Set 2.729ms
[208.766s][info][gc,phases   ] GC(94) Pause Relocate Start 0.003ms
[208.767s][info][gc,phases   ] GC(94) Concurrent Relocate 0.875ms
[208.767s][info][gc,load     ] GC(94) Load: 3.01/3.42/3.53
[208.767s][info][gc,mmu      ] GC(94) MMU: 2ms/98.6%, 5ms/99.3%, 10ms/99.7%, 20ms/99.8%, 50ms/99.9%, 100ms/100.0%
[208.767s][info][gc,marking  ] GC(94) Mark: 2 stripe(s), 3 proactive flush(es), 1 terminate flush(es), 0 completion(s), 0 continuation(s) 
[208.768s][info][gc,nmethod  ] GC(94) NMethods: 484 registered, 0 unregistered
[208.768s][info][gc,metaspace] GC(94) Metaspace: 0M used, 0M committed, 1032M reserved
[208.768s][info][gc,ref      ] GC(94) Soft: 82 encountered, 0 discovered, 0 enqueued
[208.768s][info][gc,ref      ] GC(94) Weak: 200 encountered, 54 discovered, 0 enqueued
[208.768s][info][gc,ref      ] GC(94) Final: 0 encountered, 0 discovered, 0 enqueued
[208.768s][info][gc,ref      ] GC(94) Phantom: 5 encountered, 3 discovered, 0 enqueued
[208.768s][info][gc,reloc    ] GC(94) Small Pages: 959 / 1918M, Empty: 1766M, Relocated: 4M, In-Place: 0
[208.768s][info][gc,reloc    ] GC(94) Medium Pages: 0 / 0M, Empty: 0M, Relocated: 0M, In-Place: 0
[208.768s][info][gc,reloc    ] GC(94) Large Pages: 0 / 0M, Empty: 0M, Relocated: 0M, In-Place: 0
[208.768s][info][gc,reloc    ] GC(94) Forwarding Usage: 0M
[208.768s][info][gc,heap     ] GC(94) Min Capacity: 8192M(100%)
[208.768s][info][gc,heap     ] GC(94) Max Capacity: 8192M(100%)
[208.768s][info][gc,heap     ] GC(94) Soft Max Capacity: 8192M(100%)
[208.768s][info][gc,heap     ] GC(94)                Mark Start          Mark End        Relocate Start      Relocate End           High               Low         
[208.768s][info][gc,heap     ] GC(94)  Capacity:     8192M (100%)       8192M (100%)       8192M (100%)       8192M (100%)       8192M (100%)       8192M (100%)   
[208.768s][info][gc,heap     ] GC(94)      Free:     6274M (77%)        6250M (76%)        8010M (98%)        8016M (98%)        8016M (98%)        6250M (76%)    
[208.768s][info][gc,heap     ] GC(94)      Used:     1918M (23%)        1942M (24%)         182M (2%)          176M (2%)         1942M (24%)         176M (2%)     
[208.768s][info][gc,heap     ] GC(94)      Live:         -               132M (2%)          132M (2%)          132M (2%)             -                  -          
[208.768s][info][gc,heap     ] GC(94) Allocated:         -                24M (0%)           30M (0%)           32M (0%)             -                  -          
[208.768s][info][gc,heap     ] GC(94)   Garbage:         -              1785M (22%)          19M (0%)           11M (0%)             -                  -          
[208.768s][info][gc,heap     ] GC(94) Reclaimed:         -                  -              1766M (22%)        1774M (22%)            -                  -          
[208.768s][info][gc          ] GC(94) Garbage Collection (Proactive) 1918M(23%)->176M(2%)
[210.040s][info][gc,stats    ] === Garbage Collection Statistics =======================================================================================================================
[210.040s][info][gc,stats    ]                                                              Last 10s              Last 10m              Last 10h                Total
[210.040s][info][gc,stats    ]                                                              Avg / Max             Avg / Max             Avg / Max             Avg / Max
[210.040s][info][gc,stats    ]   Collector: Garbage Collection Cycle                     28.289 / 29.794       33.608 / 95.920       33.608 / 95.920       33.608 / 95.920      ms
[210.040s][info][gc,stats    ]  Contention: Mark Segment Reset Contention                     0 / 2                 0 / 4                 0 / 4                 0 / 4           ops/s
[210.040s][info][gc,stats    ]  Contention: Mark SeqNum Reset Contention                      0 / 0                 0 / 0                 0 / 0                 0 / 0           ops/s
[210.040s][info][gc,stats    ]    Critical: Allocation Stall                                  0 / 0                 0 / 0                 0 / 0                 0 / 0           ops/s
[210.040s][info][gc,stats    ]    Critical: Allocation Stall                              0.000 / 0.000         0.000 / 0.000         0.000 / 0.000         0.000 / 0.000       ms
[210.040s][info][gc,stats    ]    Critical: GC Locker Stall                                   0 / 0                 0 / 0                 0 / 0                 0 / 0           ops/s
[210.040s][info][gc,stats    ]    Critical: GC Locker Stall                               0.000 / 0.000         0.000 / 0.000         0.000 / 0.000         0.000 / 0.000       ms
[210.040s][info][gc,stats    ]    Critical: Relocation Stall                                  0 / 0                 0 / 0                 0 / 0                 0 / 0           ops/s
[210.040s][info][gc,stats    ]    Critical: Relocation Stall                              0.000 / 0.000         0.000 / 0.000         0.000 / 0.000         0.000 / 0.000       ms
[210.040s][info][gc,stats    ]      Memory: Allocation Rate                                1044 / 1048           1083 / 9212           1083 / 9212           1083 / 9212        MB/s
[210.040s][info][gc,stats    ]      Memory: Out Of Memory                                     0 / 0                 0 / 0                 0 / 0                 0 / 0           ops/s
[210.040s][info][gc,stats    ]      Memory: Page Cache Flush                                  0 / 0                 0 / 0                 0 / 0                 0 / 0           MB/s
[210.040s][info][gc,stats    ]      Memory: Page Cache Hit L1                               524 / 529             516 / 533             516 / 533             516 / 533         ops/s
[210.040s][info][gc,stats    ]      Memory: Page Cache Hit L2                                 0 / 0                 0 / 0                 0 / 0                 0 / 0           ops/s
[210.040s][info][gc,stats    ]      Memory: Page Cache Hit L3                                 0 / 0                 8 / 486               8 / 486               8 / 486         ops/s
[210.040s][info][gc,stats    ]      Memory: Page Cache Miss                                   0 / 0                 0 / 1                 0 / 1                 0 / 1           ops/s
[210.040s][info][gc,stats    ]      Memory: Uncommit                                          0 / 0                 0 / 0                 0 / 0                 0 / 0           MB/s
[210.040s][info][gc,stats    ]      Memory: Undo Object Allocation Failed                     0 / 0                 0 / 0                 0 / 0                 0 / 0           ops/s
[210.040s][info][gc,stats    ]      Memory: Undo Object Allocation Succeeded                  0 / 2                 0 / 6                 0 / 6                 0 / 6           ops/s
[210.040s][info][gc,stats    ]      Memory: Undo Page Allocation                              0 / 0                 0 / 1                 0 / 1                 0 / 1           ops/s
[210.040s][info][gc,stats    ]       Phase: Concurrent Mark                              23.371 / 24.879       28.311 / 65.214       28.311 / 65.214       28.311 / 65.214      ms
[210.040s][info][gc,stats    ]       Phase: Concurrent Mark Continue                      0.000 / 0.000         0.000 / 0.000         0.000 / 0.000         0.000 / 0.000       ms
[210.040s][info][gc,stats    ]       Phase: Concurrent Process Non-Strong References      0.448 / 0.529         0.460 / 0.911         0.460 / 0.911         0.460 / 0.911       ms
[210.040s][info][gc,stats    ]       Phase: Concurrent Relocate                           0.986 / 1.440         1.282 / 16.651        1.282 / 16.651        1.282 / 16.651      ms
[210.040s][info][gc,stats    ]       Phase: Concurrent Reset Relocation Set               0.002 / 0.002         0.003 / 0.098         0.003 / 0.098         0.003 / 0.098       ms
[210.040s][info][gc,stats    ]       Phase: Concurrent Select Relocation Set              2.883 / 2.949         2.973 / 12.567        2.973 / 12.567        2.973 / 12.567      ms
[210.040s][info][gc,stats    ]       Phase: Pause Mark End                                0.009 / 0.009         0.009 / 0.025         0.009 / 0.025         0.009 / 0.025       ms
[210.040s][info][gc,stats    ]       Phase: Pause Mark Start                              0.006 / 0.008         0.006 / 0.028         0.006 / 0.028         0.006 / 0.028       ms
[210.040s][info][gc,stats    ]       Phase: Pause Relocate Start                          0.004 / 0.004         0.004 / 0.026         0.004 / 0.026         0.004 / 0.026       ms
[210.040s][info][gc,stats    ]    Subphase: Concurrent Classes Purge                      0.027 / 0.034         0.029 / 0.102         0.029 / 0.102         0.029 / 0.102       ms
[210.040s][info][gc,stats    ]    Subphase: Concurrent Classes Unlink                     0.298 / 0.323         0.296 / 0.571         0.296 / 0.571         0.296 / 0.571       ms
[210.040s][info][gc,stats    ]    Subphase: Concurrent Mark                              22.484 / 24.454       27.570 / 64.907       27.570 / 64.907       27.570 / 64.907      ms
[210.040s][info][gc,stats    ]    Subphase: Concurrent Mark Idle                          1.276 / 1.294         1.171 / 1.327         1.171 / 1.327         1.171 / 1.327       ms
[210.040s][info][gc,stats    ]    Subphase: Concurrent Mark Try Flush                     0.030 / 0.047         0.037 / 0.119         0.037 / 0.119         0.037 / 0.119       ms
[210.040s][info][gc,stats    ]    Subphase: Concurrent Mark Try Terminate                 0.433 / 1.296         0.440 / 1.330         0.440 / 1.330         0.440 / 1.330       ms
[210.040s][info][gc,stats    ]    Subphase: Concurrent References Enqueue                 0.000 / 0.000         0.000 / 0.003         0.000 / 0.003         0.000 / 0.003       ms
[210.040s][info][gc,stats    ]    Subphase: Concurrent References Process                 0.026 / 0.035         0.030 / 0.095         0.030 / 0.095         0.030 / 0.095       ms
[210.040s][info][gc,stats    ]    Subphase: Concurrent Roots ClassLoaderDataGraph         0.018 / 0.044         0.015 / 0.132         0.015 / 0.132         0.015 / 0.132       ms
[210.040s][info][gc,stats    ]    Subphase: Concurrent Roots CodeCache                    0.000 / 0.000         0.000 / 0.000         0.000 / 0.000         0.000 / 0.000       ms
[210.040s][info][gc,stats    ]    Subphase: Concurrent Roots JavaThreads                  0.228 / 0.322         0.181 / 0.322         0.181 / 0.322         0.181 / 0.322       ms
[210.040s][info][gc,stats    ]    Subphase: Concurrent Roots OopStorageSet                0.005 / 0.007         0.004 / 0.022         0.004 / 0.022         0.004 / 0.022       ms
[210.040s][info][gc,stats    ]    Subphase: Concurrent Weak Roots OopStorageSet           0.037 / 0.043         0.039 / 0.120         0.039 / 0.120         0.039 / 0.120       ms
[210.040s][info][gc,stats    ]    Subphase: Pause Mark Try Complete                       0.000 / 0.000         0.000 / 0.000         0.000 / 0.000         0.000 / 0.000       ms
[210.040s][info][gc,stats    ]      System: Java Threads                                     16 / 16               16 / 20               16 / 20               16 / 20          threads
[210.040s][info][gc,stats    ] =========================================================================================================================================================
[210.340s][info][gc,start    ] GC(95) Garbage Collection (Proactive)
[210.340s][info][gc,phases   ] GC(95) Pause Mark Start 0.004ms
[210.360s][info][gc,phases   ] GC(95) Concurrent Mark 20.146ms
[210.360s][info][gc,phases   ] GC(95) Pause Mark End 0.008ms
[210.361s][info][gc,phases   ] GC(95) Concurrent Process Non-Strong References 0.360ms
[210.361s][info][gc,phases   ] GC(95) Concurrent Reset Relocation Set 0.001ms
[210.363s][info][gc,phases   ] GC(95) Concurrent Select Relocation Set 2.309ms
[210.363s][info][gc,phases   ] GC(95) Pause Relocate Start 0.002ms
[210.364s][info][gc,phases   ] GC(95) Concurrent Relocate 0.604ms
[210.364s][info][gc,load     ] GC(95) Load: 3.01/3.42/3.53
[210.364s][info][gc,mmu      ] GC(95) MMU: 2ms/98.6%, 5ms/99.3%, 10ms/99.7%, 20ms/99.8%, 50ms/99.9%, 100ms/100.0%
[210.364s][info][gc,marking  ] GC(95) Mark: 2 stripe(s), 2 proactive flush(es), 1 terminate flush(es), 0 completion(s), 0 continuation(s) 
[210.364s][info][gc,nmethod  ] GC(95) NMethods: 484 registered, 0 unregistered
[210.364s][info][gc,metaspace] GC(95) Metaspace: 0M used, 0M committed, 1032M reserved
[210.364s][info][gc,ref      ] GC(95) Soft: 82 encountered, 0 discovered, 0 enqueued
[210.364s][info][gc,ref      ] GC(95) Weak: 200 encountered, 54 discovered, 0 enqueued
[210.364s][info][gc,ref      ] GC(95) Final: 0 encountered, 0 discovered, 0 enqueued
[210.364s][info][gc,ref      ] GC(95) Phantom: 5 encountered, 3 discovered, 0 enqueued
[210.364s][info][gc,reloc    ] GC(95) Small Pages: 908 / 1816M, Empty: 1662M, Relocated: 5M, In-Place: 0
[210.364s][info][gc,reloc    ] GC(95) Medium Pages: 0 / 0M, Empty: 0M, Relocated: 0M, In-Place: 0
[210.364s][info][gc,reloc    ] GC(95) Large Pages: 0 / 0M, Empty: 0M, Relocated: 0M, In-Place: 0
[210.364s][info][gc,reloc    ] GC(95) Forwarding Usage: 0M
[210.364s][info][gc,heap     ] GC(95) Min Capacity: 8192M(100%)
[210.364s][info][gc,heap     ] GC(95) Max Capacity: 8192M(100%)
[210.364s][info][gc,heap     ] GC(95) Soft Max Capacity: 8192M(100%)
[210.364s][info][gc,heap     ] GC(95)                Mark Start          Mark End        Relocate Start      Relocate End           High               Low         
[210.364s][info][gc,heap     ] GC(95)  Capacity:     8192M (100%)       8192M (100%)       8192M (100%)       8192M (100%)       8192M (100%)       8192M (100%)   
[210.364s][info][gc,heap     ] GC(95)      Free:     6376M (78%)        6352M (78%)        8014M (98%)        8022M (98%)        8022M (98%)        6352M (78%)    
[210.364s][info][gc,heap     ] GC(95)      Used:     1816M (22%)        1840M (22%)         178M (2%)          170M (2%)         1840M (22%)         170M (2%)     
[210.364s][info][gc,heap     ] GC(95)      Live:         -               132M (2%)          132M (2%)          132M (2%)             -                  -          
[210.364s][info][gc,heap     ] GC(95) Allocated:         -                24M (0%)           24M (0%)           26M (0%)             -                  -          
[210.364s][info][gc,heap     ] GC(95)   Garbage:         -              1683M (21%)          21M (0%)           11M (0%)             -                  -          
[210.364s][info][gc,heap     ] GC(95) Reclaimed:         -                  -              1662M (20%)        1672M (20%)            -                  -          
[210.364s][info][gc          ] GC(95) Garbage Collection (Proactive) 1816M(22%)->170M(2%)
[211.940s][info][gc,start    ] GC(96) Garbage Collection (Proactive)
[211.941s][info][gc,phases   ] GC(96) Pause Mark Start 0.006ms
[211.965s][info][gc,phases   ] GC(96) Concurrent Mark 24.533ms
[211.965s][info][gc,phases   ] GC(96) Pause Mark End 0.008ms
[211.966s][info][gc,phases   ] GC(96) Concurrent Process Non-Strong References 0.494ms
[211.966s][info][gc,phases   ] GC(96) Concurrent Reset Relocation Set 0.002ms
[211.969s][info][gc,phases   ] GC(96) Concurrent Select Relocation Set 2.995ms
[211.969s][info][gc,phases   ] GC(96) Pause Relocate Start 0.005ms
[211.970s][info][gc,phases   ] GC(96) Concurrent Relocate 0.668ms
[211.970s][info][gc,load     ] GC(96) Load: 3.25/3.46/3.54
[211.970s][info][gc,mmu      ] GC(96) MMU: 2ms/98.6%, 5ms/99.3%, 10ms/99.7%, 20ms/99.8%, 50ms/99.9%, 100ms/100.0%
[211.970s][info][gc,marking  ] GC(96) Mark: 2 stripe(s), 2 proactive flush(es), 1 terminate flush(es), 0 completion(s), 0 continuation(s) 
[211.970s][info][gc,nmethod  ] GC(96) NMethods: 484 registered, 0 unregistered
[211.970s][info][gc,metaspace] GC(96) Metaspace: 0M used, 0M committed, 1032M reserved
[211.970s][info][gc,ref      ] GC(96) Soft: 82 encountered, 0 discovered, 0 enqueued
[211.970s][info][gc,ref      ] GC(96) Weak: 200 encountered, 170 discovered, 0 enqueued
[211.970s][info][gc,ref      ] GC(96) Final: 0 encountered, 0 discovered, 0 enqueued
[211.970s][info][gc,ref      ] GC(96) Phantom: 5 encountered, 3 discovered, 0 enqueued
[211.970s][info][gc,reloc    ] GC(96) Small Pages: 909 / 1818M, Empty: 1668M, Relocated: 4M, In-Place: 0
[211.970s][info][gc,reloc    ] GC(96) Medium Pages: 0 / 0M, Empty: 0M, Relocated: 0M, In-Place: 0
[211.970s][info][gc,reloc    ] GC(96) Large Pages: 0 / 0M, Empty: 0M, Relocated: 0M, In-Place: 0
[211.970s][info][gc,reloc    ] GC(96) Forwarding Usage: 0M
[211.970s][info][gc,heap     ] GC(96) Min Capacity: 8192M(100%)
[211.970s][info][gc,heap     ] GC(96) Max Capacity: 8192M(100%)
[211.970s][info][gc,heap     ] GC(96) Soft Max Capacity: 8192M(100%)
[211.970s][info][gc,heap     ] GC(96)                Mark Start          Mark End        Relocate Start      Relocate End           High               Low         
[211.970s][info][gc,heap     ] GC(96)  Capacity:     8192M (100%)       8192M (100%)       8192M (100%)       8192M (100%)       8192M (100%)       8192M (100%)   
[211.970s][info][gc,heap     ] GC(96)      Free:     6374M (78%)        6350M (78%)        8010M (98%)        8014M (98%)        8014M (98%)        6346M (77%)    
[211.970s][info][gc,heap     ] GC(96)      Used:     1818M (22%)        1842M (22%)         182M (2%)          178M (2%)         1846M (23%)         178M (2%)     
[211.970s][info][gc,heap     ] GC(96)      Live:         -               132M (2%)          132M (2%)          132M (2%)             -                  -          
[211.970s][info][gc,heap     ] GC(96) Allocated:         -                24M (0%)           32M (0%)           34M (0%)             -                  -          
[211.970s][info][gc,heap     ] GC(96)   Garbage:         -              1685M (21%)          17M (0%)           11M (0%)             -                  -          
[211.970s][info][gc,heap     ] GC(96) Reclaimed:         -                  -              1668M (20%)        1674M (20%)            -                  -          
[211.970s][info][gc          ] GC(96) Garbage Collection (Proactive) 1818M(22%)->178M(2%)
[213.741s][info][gc,start    ] GC(97) Garbage Collection (Proactive)
[213.741s][info][gc,phases   ] GC(97) Pause Mark Start 0.007ms
[213.766s][info][gc,phases   ] GC(97) Concurrent Mark 24.760ms
[213.766s][info][gc,phases   ] GC(97) Pause Mark End 0.009ms
[213.767s][info][gc,phases   ] GC(97) Concurrent Process Non-Strong References 0.523ms
[213.767s][info][gc,phases   ] GC(97) Concurrent Reset Relocation Set 0.002ms
[213.770s][info][gc,phases   ] GC(97) Concurrent Select Relocation Set 3.130ms
[213.770s][info][gc,phases   ] GC(97) Pause Relocate Start 0.004ms
[213.770s][info][gc,phases   ] GC(97) Concurrent Relocate 0.679ms
[213.771s][info][gc,load     ] GC(97) Load: 3.25/3.46/3.54
[213.771s][info][gc,mmu      ] GC(97) MMU: 2ms/98.6%, 5ms/99.3%, 10ms/99.7%, 20ms/99.8%, 50ms/99.9%, 100ms/100.0%
[213.771s][info][gc,marking  ] GC(97) Mark: 2 stripe(s), 2 proactive flush(es), 1 terminate flush(es), 0 completion(s), 0 continuation(s) 
[213.771s][info][gc,nmethod  ] GC(97) NMethods: 484 registered, 0 unregistered
[213.771s][info][gc,metaspace] GC(97) Metaspace: 0M used, 0M committed, 1032M reserved
[213.771s][info][gc,ref      ] GC(97) Soft: 82 encountered, 0 discovered, 0 enqueued
[213.771s][info][gc,ref      ] GC(97) Weak: 200 encountered, 54 discovered, 0 enqueued
[213.771s][info][gc,ref      ] GC(97) Final: 0 encountered, 0 discovered, 0 enqueued
[213.771s][info][gc,ref      ] GC(97) Phantom: 5 encountered, 3 discovered, 0 enqueued
[213.771s][info][gc,reloc    ] GC(97) Small Pages: 1012 / 2024M, Empty: 1870M, Relocated: 4M, In-Place: 0
[213.771s][info][gc,reloc    ] GC(97) Medium Pages: 0 / 0M, Empty: 0M, Relocated: 0M, In-Place: 0
[213.771s][info][gc,reloc    ] GC(97) Large Pages: 0 / 0M, Empty: 0M, Relocated: 0M, In-Place: 0
[213.771s][info][gc,reloc    ] GC(97) Forwarding Usage: 0M
[213.771s][info][gc,heap     ] GC(97) Min Capacity: 8192M(100%)
[213.771s][info][gc,heap     ] GC(97) Max Capacity: 8192M(100%)
[213.771s][info][gc,heap     ] GC(97) Soft Max Capacity: 8192M(100%)
[213.771s][info][gc,heap     ] GC(97)                Mark Start          Mark End        Relocate Start      Relocate End           High               Low         
[213.771s][info][gc,heap     ] GC(97)  Capacity:     8192M (100%)       8192M (100%)       8192M (100%)       8192M (100%)       8192M (100%)       8192M (100%)   
[213.771s][info][gc,heap     ] GC(97)      Free:     6168M (75%)        6142M (75%)        8004M (98%)        8014M (98%)        8014M (98%)        6138M (75%)    
[213.771s][info][gc,heap     ] GC(97)      Used:     2024M (25%)        2050M (25%)         188M (2%)          178M (2%)         2054M (25%)         178M (2%)     
[213.771s][info][gc,heap     ] GC(97)      Live:         -               132M (2%)          132M (2%)          132M (2%)             -                  -          
[213.771s][info][gc,heap     ] GC(97) Allocated:         -                26M (0%)           34M (0%)           34M (0%)             -                  -          
[213.771s][info][gc,heap     ] GC(97)   Garbage:         -              1891M (23%)          21M (0%)           11M (0%)             -                  -          
[213.771s][info][gc,heap     ] GC(97) Reclaimed:         -                  -              1870M (23%)        1880M (23%)            -                  -          
[213.771s][info][gc          ] GC(97) Garbage Collection (Proactive) 2024M(25%)->178M(2%)
[215.441s][info][gc,start    ] GC(98) Garbage Collection (Proactive)
[215.441s][info][gc,phases   ] GC(98) Pause Mark Start 0.011ms
[215.465s][info][gc,phases   ] GC(98) Concurrent Mark 23.826ms
[215.465s][info][gc,phases   ] GC(98) Pause Mark End 0.009ms
[215.465s][info][gc,phases   ] GC(98) Concurrent Process Non-Strong References 0.437ms
[215.465s][info][gc,phases   ] GC(98) Concurrent Reset Relocation Set 0.002ms
[215.468s][info][gc,phases   ] GC(98) Concurrent Select Relocation Set 2.889ms
[215.468s][info][gc,phases   ] GC(98) Pause Relocate Start 0.004ms
[215.469s][info][gc,phases   ] GC(98) Concurrent Relocate 0.448ms
[215.469s][info][gc,load     ] GC(98) Load: 3.31/3.47/3.54
[215.469s][info][gc,mmu      ] GC(98) MMU: 2ms/98.6%, 5ms/99.3%, 10ms/99.7%, 20ms/99.8%, 50ms/99.9%, 100ms/100.0%
[215.469s][info][gc,marking  ] GC(98) Mark: 2 stripe(s), 2 proactive flush(es), 1 terminate flush(es), 0 completion(s), 0 continuation(s) 
[215.469s][info][gc,nmethod  ] GC(98) NMethods: 484 registered, 0 unregistered
[215.469s][info][gc,metaspace] GC(98) Metaspace: 0M used, 0M committed, 1032M reserved
[215.469s][info][gc,ref      ] GC(98) Soft: 82 encountered, 0 discovered, 0 enqueued
[215.469s][info][gc,ref      ] GC(98) Weak: 200 encountered, 60 discovered, 0 enqueued
[215.469s][info][gc,ref      ] GC(98) Final: 0 encountered, 0 discovered, 0 enqueued
[215.469s][info][gc,ref      ] GC(98) Phantom: 5 encountered, 4 discovered, 0 enqueued
[215.469s][info][gc,reloc    ] GC(98) Small Pages: 961 / 1922M, Empty: 1772M, Relocated: 3M, In-Place: 0
[215.469s][info][gc,reloc    ] GC(98) Medium Pages: 0 / 0M, Empty: 0M, Relocated: 0M, In-Place: 0
[215.469s][info][gc,reloc    ] GC(98) Large Pages: 0 / 0M, Empty: 0M, Relocated: 0M, In-Place: 0
[215.469s][info][gc,reloc    ] GC(98) Forwarding Usage: 0M
[215.469s][info][gc,heap     ] GC(98) Min Capacity: 8192M(100%)
[215.469s][info][gc,heap     ] GC(98) Max Capacity: 8192M(100%)
[215.469s][info][gc,heap     ] GC(98) Soft Max Capacity: 8192M(100%)
[215.469s][info][gc,heap     ] GC(98)                Mark Start          Mark End        Relocate Start      Relocate End           High               Low         
[215.469s][info][gc,heap     ] GC(98)  Capacity:     8192M (100%)       8192M (100%)       8192M (100%)       8192M (100%)       8192M (100%)       8192M (100%)   
[215.469s][info][gc,heap     ] GC(98)      Free:     6270M (77%)        6246M (76%)        8008M (98%)        8016M (98%)        8016M (98%)        6246M (76%)    
[215.469s][info][gc,heap     ] GC(98)      Used:     1922M (23%)        1946M (24%)         184M (2%)          176M (2%)         1946M (24%)         176M (2%)     
[215.469s][info][gc,heap     ] GC(98)      Live:         -               132M (2%)          132M (2%)          132M (2%)             -                  -          
[215.469s][info][gc,heap     ] GC(98) Allocated:         -                24M (0%)           34M (0%)           34M (0%)             -                  -          
[215.469s][info][gc,heap     ] GC(98)   Garbage:         -              1789M (22%)          17M (0%)            9M (0%)             -                  -          
[215.469s][info][gc,heap     ] GC(98) Reclaimed:         -                  -              1772M (22%)        1780M (22%)            -                  -          
[215.469s][info][gc          ] GC(98) Garbage Collection (Proactive) 1922M(23%)->176M(2%)
[217.040s][info][gc,start    ] GC(99) Garbage Collection (Proactive)
[217.040s][info][gc,phases   ] GC(99) Pause Mark Start 0.005ms
[217.064s][info][gc,phases   ] GC(99) Concurrent Mark 24.082ms
[217.064s][info][gc,phases   ] GC(99) Pause Mark End 0.009ms
[217.065s][info][gc,phases   ] GC(99) Concurrent Process Non-Strong References 0.445ms
[217.065s][info][gc,phases   ] GC(99) Concurrent Reset Relocation Set 0.001ms
[217.068s][info][gc,phases   ] GC(99) Concurrent Select Relocation Set 2.794ms
[217.068s][info][gc,phases   ] GC(99) Pause Relocate Start 0.004ms
[217.068s][info][gc,phases   ] GC(99) Concurrent Relocate 0.525ms
[217.068s][info][gc,load     ] GC(99) Load: 3.31/3.47/3.54
[217.068s][info][gc,mmu      ] GC(99) MMU: 2ms/98.6%, 5ms/99.3%, 10ms/99.7%, 20ms/99.8%, 50ms/99.9%, 100ms/100.0%
[217.068s][info][gc,marking  ] GC(99) Mark: 2 stripe(s), 2 proactive flush(es), 1 terminate flush(es), 0 completion(s), 0 continuation(s) 
[217.069s][info][gc,nmethod  ] GC(99) NMethods: 484 registered, 0 unregistered
[217.069s][info][gc,metaspace] GC(99) Metaspace: 0M used, 0M committed, 1032M reserved
[217.069s][info][gc,ref      ] GC(99) Soft: 82 encountered, 0 discovered, 0 enqueued
[217.069s][info][gc,ref      ] GC(99) Weak: 200 encountered, 62 discovered, 0 enqueued
[217.069s][info][gc,ref      ] GC(99) Final: 0 encountered, 0 discovered, 0 enqueued
[217.069s][info][gc,ref      ] GC(99) Phantom: 5 encountered, 3 discovered, 0 enqueued
[217.069s][info][gc,reloc    ] GC(99) Small Pages: 906 / 1812M, Empty: 1664M, Relocated: 3M, In-Place: 0
[217.069s][info][gc,reloc    ] GC(99) Medium Pages: 0 / 0M, Empty: 0M, Relocated: 0M, In-Place: 0
[217.069s][info][gc,reloc    ] GC(99) Large Pages: 0 / 0M, Empty: 0M, Relocated: 0M, In-Place: 0
[217.069s][info][gc,reloc    ] GC(99) Forwarding Usage: 0M
[217.069s][info][gc,heap     ] GC(99) Min Capacity: 8192M(100%)
[217.069s][info][gc,heap     ] GC(99) Max Capacity: 8192M(100%)
[217.069s][info][gc,heap     ] GC(99) Soft Max Capacity: 8192M(100%)
[217.069s][info][gc,heap     ] GC(99)                Mark Start          Mark End        Relocate Start      Relocate End           High               Low         
[217.069s][info][gc,heap     ] GC(99)  Capacity:     8192M (100%)       8192M (100%)       8192M (100%)       8192M (100%)       8192M (100%)       8192M (100%)   
[217.069s][info][gc,heap     ] GC(99)      Free:     6380M (78%)        6356M (78%)        8012M (98%)        8016M (98%)        8020M (98%)        6356M (78%)    
[217.069s][info][gc,heap     ] GC(99)      Used:     1812M (22%)        1836M (22%)         180M (2%)          176M (2%)         1836M (22%)         172M (2%)     
[217.069s][info][gc,heap     ] GC(99)      Live:         -               132M (2%)          132M (2%)          132M (2%)             -                  -          
[217.069s][info][gc,heap     ] GC(99) Allocated:         -                24M (0%)           32M (0%)           34M (0%)             -                  -          
[217.069s][info][gc,heap     ] GC(99)   Garbage:         -              1679M (21%)          15M (0%)            9M (0%)             -                  -          
[217.069s][info][gc,heap     ] GC(99) Reclaimed:         -                  -              1664M (20%)        1670M (20%)            -                  -          
[217.069s][info][gc          ] GC(99) Garbage Collection (Proactive) 1812M(22%)->176M(2%)
[218.639s][info][gc,start    ] GC(100) Garbage Collection (Proactive)
[218.640s][info][gc,phases   ] GC(100) Pause Mark Start 0.005ms
[218.663s][info][gc,phases   ] GC(100) Concurrent Mark 23.682ms
[218.663s][info][gc,phases   ] GC(100) Pause Mark End 0.009ms
[218.664s][info][gc,phases   ] GC(100) Concurrent Process Non-Strong References 0.431ms
[218.664s][info][gc,phases   ] GC(100) Concurrent Reset Relocation Set 0.001ms
[218.667s][info][gc,phases   ] GC(100) Concurrent Select Relocation Set 2.761ms
[218.667s][info][gc,phases   ] GC(100) Pause Relocate Start 0.004ms
[218.668s][info][gc,phases   ] GC(100) Concurrent Relocate 0.776ms
[218.668s][info][gc,load     ] GC(100) Load: 3.31/3.47/3.54
[218.668s][info][gc,mmu      ] GC(100) MMU: 2ms/98.6%, 5ms/99.3%, 10ms/99.7%, 20ms/99.8%, 50ms/99.9%, 100ms/100.0%
[218.668s][info][gc,marking  ] GC(100) Mark: 2 stripe(s), 2 proactive flush(es), 1 terminate flush(es), 0 completion(s), 0 continuation(s) 
[218.668s][info][gc,nmethod  ] GC(100) NMethods: 484 registered, 0 unregistered
[218.668s][info][gc,metaspace] GC(100) Metaspace: 0M used, 0M committed, 1032M reserved
[218.668s][info][gc,ref      ] GC(100) Soft: 82 encountered, 0 discovered, 0 enqueued
[218.668s][info][gc,ref      ] GC(100) Weak: 200 encountered, 54 discovered, 0 enqueued
[218.668s][info][gc,ref      ] GC(100) Final: 0 encountered, 0 discovered, 0 enqueued
[218.668s][info][gc,ref      ] GC(100) Phantom: 5 encountered, 3 discovered, 0 enqueued
[218.668s][info][gc,reloc    ] GC(100) Small Pages: 907 / 1814M, Empty: 1666M, Relocated: 4M, In-Place: 0
[218.668s][info][gc,reloc    ] GC(100) Medium Pages: 0 / 0M, Empty: 0M, Relocated: 0M, In-Place: 0
[218.668s][info][gc,reloc    ] GC(100) Large Pages: 0 / 0M, Empty: 0M, Relocated: 0M, In-Place: 0
[218.668s][info][gc,reloc    ] GC(100) Forwarding Usage: 0M
[218.668s][info][gc,heap     ] GC(100) Min Capacity: 8192M(100%)
[218.668s][info][gc,heap     ] GC(100) Max Capacity: 8192M(100%)
[218.668s][info][gc,heap     ] GC(100) Soft Max Capacity: 8192M(100%)
[218.668s][info][gc,heap     ] GC(100)                Mark Start          Mark End        Relocate Start      Relocate End           High               Low         
[218.668s][info][gc,heap     ] GC(100)  Capacity:     8192M (100%)       8192M (100%)       8192M (100%)       8192M (100%)       8192M (100%)       8192M (100%)   
[218.668s][info][gc,heap     ] GC(100)      Free:     6378M (78%)        6354M (78%)        8016M (98%)        8014M (98%)        8018M (98%)        6354M (78%)    
[218.668s][info][gc,heap     ] GC(100)      Used:     1814M (22%)        1838M (22%)         176M (2%)          178M (2%)         1838M (22%)         174M (2%)     
[218.668s][info][gc,heap     ] GC(100)      Live:         -               132M (2%)          132M (2%)          132M (2%)             -                  -          
[218.668s][info][gc,heap     ] GC(100) Allocated:         -                24M (0%)           28M (0%)           34M (0%)             -                  -          
[218.668s][info][gc,heap     ] GC(100)   Garbage:         -              1681M (21%)          15M (0%)           11M (0%)             -                  -          
[218.668s][info][gc,heap     ] GC(100) Reclaimed:         -                  -              1666M (20%)        1670M (20%)            -                  -          
[218.668s][info][gc          ] GC(100) Garbage Collection (Proactive) 1814M(22%)->178M(2%)
[220.040s][info][gc,stats    ] === Garbage Collection Statistics =======================================================================================================================
[220.041s][info][gc,stats    ]                                                              Last 10s              Last 10m              Last 10h                Total
[220.041s][info][gc,stats    ]                                                              Avg / Max             Avg / Max             Avg / Max             Avg / Max
[220.041s][info][gc,stats    ]   Collector: Garbage Collection Cycle                     28.083 / 29.774       33.280 / 95.920       33.280 / 95.920       33.280 / 95.920      ms
[220.041s][info][gc,stats    ]  Contention: Mark Segment Reset Contention                     0 / 0                 0 / 4                 0 / 4                 0 / 4           ops/s
[220.041s][info][gc,stats    ]  Contention: Mark SeqNum Reset Contention                      0 / 0                 0 / 0                 0 / 0                 0 / 0           ops/s
[220.041s][info][gc,stats    ]    Critical: Allocation Stall                                  0 / 0                 0 / 0                 0 / 0                 0 / 0           ops/s
[220.041s][info][gc,stats    ]    Critical: Allocation Stall                              0.000 / 0.000         0.000 / 0.000         0.000 / 0.000         0.000 / 0.000       ms
[220.041s][info][gc,stats    ]    Critical: GC Locker Stall                                   0 / 0                 0 / 0                 0 / 0                 0 / 0           ops/s
[220.041s][info][gc,stats    ]    Critical: GC Locker Stall                               0.000 / 0.000         0.000 / 0.000         0.000 / 0.000         0.000 / 0.000       ms
[220.041s][info][gc,stats    ]    Critical: Relocation Stall                                  0 / 0                 0 / 0                 0 / 0                 0 / 0           ops/s
[220.041s][info][gc,stats    ]    Critical: Relocation Stall                              0.000 / 0.000         0.000 / 0.000         0.000 / 0.000         0.000 / 0.000       ms
[220.041s][info][gc,stats    ]      Memory: Allocation Rate                                1045 / 1050           1081 / 9212           1081 / 9212           1081 / 9212        MB/s
[220.041s][info][gc,stats    ]      Memory: Out Of Memory                                     0 / 0                 0 / 0                 0 / 0                 0 / 0           ops/s
[220.041s][info][gc,stats    ]      Memory: Page Cache Flush                                  0 / 0                 0 / 0                 0 / 0                 0 / 0           MB/s
[220.041s][info][gc,stats    ]      Memory: Page Cache Hit L1                               524 / 529             516 / 533             516 / 533             516 / 533         ops/s
[220.041s][info][gc,stats    ]      Memory: Page Cache Hit L2                                 0 / 0                 0 / 0                 0 / 0                 0 / 0           ops/s
[220.041s][info][gc,stats    ]      Memory: Page Cache Hit L3                                 0 / 0                 7 / 486               7 / 486               7 / 486         ops/s
[220.041s][info][gc,stats    ]      Memory: Page Cache Miss                                   0 / 0                 0 / 1                 0 / 1                 0 / 1           ops/s
[220.041s][info][gc,stats    ]      Memory: Uncommit                                          0 / 0                 0 / 0                 0 / 0                 0 / 0           MB/s
[220.041s][info][gc,stats    ]      Memory: Undo Object Allocation Failed                     0 / 0                 0 / 0                 0 / 0                 0 / 0           ops/s
[220.041s][info][gc,stats    ]      Memory: Undo Object Allocation Succeeded                  0 / 0                 0 / 6                 0 / 6                 0 / 6           ops/s
[220.041s][info][gc,stats    ]      Memory: Undo Page Allocation                              0 / 0                 0 / 1                 0 / 1                 0 / 1           ops/s
[220.041s][info][gc,stats    ]       Phase: Concurrent Mark                              23.505 / 24.760       28.026 / 65.214       28.026 / 65.214       28.026 / 65.214      ms
[220.041s][info][gc,stats    ]       Phase: Concurrent Mark Continue                      0.000 / 0.000         0.000 / 0.000         0.000 / 0.000         0.000 / 0.000       ms
[220.041s][info][gc,stats    ]       Phase: Concurrent Process Non-Strong References      0.448 / 0.523         0.459 / 0.911         0.459 / 0.911         0.459 / 0.911       ms
[220.041s][info][gc,stats    ]       Phase: Concurrent Relocate                           0.617 / 0.776         1.243 / 16.651        1.243 / 16.651        1.243 / 16.651      ms
[220.041s][info][gc,stats    ]       Phase: Concurrent Reset Relocation Set               0.002 / 0.002         0.003 / 0.098         0.003 / 0.098         0.003 / 0.098       ms
[220.041s][info][gc,stats    ]       Phase: Concurrent Select Relocation Set              2.813 / 3.130         2.964 / 12.567        2.964 / 12.567        2.964 / 12.567      ms
[220.041s][info][gc,stats    ]       Phase: Pause Mark End                                0.009 / 0.009         0.009 / 0.025         0.009 / 0.025         0.009 / 0.025       ms
[220.041s][info][gc,stats    ]       Phase: Pause Mark Start                              0.006 / 0.011         0.006 / 0.028         0.006 / 0.028         0.006 / 0.028       ms
[220.041s][info][gc,stats    ]       Phase: Pause Relocate Start                          0.004 / 0.005         0.004 / 0.026         0.004 / 0.026         0.004 / 0.026       ms
[220.041s][info][gc,stats    ]    Subphase: Concurrent Classes Purge                      0.031 / 0.041         0.029 / 0.102         0.029 / 0.102         0.029 / 0.102       ms
[220.041s][info][gc,stats    ]    Subphase: Concurrent Classes Unlink                     0.290 / 0.316         0.296 / 0.571         0.296 / 0.571         0.296 / 0.571       ms
[220.041s][info][gc,stats    ]    Subphase: Concurrent Mark                              22.586 / 24.361       27.274 / 64.907       27.274 / 64.907       27.274 / 64.907      ms
[220.041s][info][gc,stats    ]    Subphase: Concurrent Mark Idle                          1.263 / 1.306         1.177 / 1.327         1.177 / 1.327         1.177 / 1.327       ms
[220.041s][info][gc,stats    ]    Subphase: Concurrent Mark Try Flush                     0.024 / 0.042         0.037 / 0.119         0.037 / 0.119         0.037 / 0.119       ms
[220.041s][info][gc,stats    ]    Subphase: Concurrent Mark Try Terminate                 0.511 / 1.308         0.444 / 1.330         0.444 / 1.330         0.444 / 1.330       ms
[220.041s][info][gc,stats    ]    Subphase: Concurrent References Enqueue                 0.000 / 0.000         0.000 / 0.003         0.000 / 0.003         0.000 / 0.003       ms
[220.041s][info][gc,stats    ]    Subphase: Concurrent References Process                 0.025 / 0.031         0.030 / 0.095         0.030 / 0.095         0.030 / 0.095       ms
[220.041s][info][gc,stats    ]    Subphase: Concurrent Roots ClassLoaderDataGraph         0.023 / 0.064         0.016 / 0.132         0.016 / 0.132         0.016 / 0.132       ms
[220.041s][info][gc,stats    ]    Subphase: Concurrent Roots CodeCache                    0.000 / 0.000         0.000 / 0.000         0.000 / 0.000         0.000 / 0.000       ms
[220.041s][info][gc,stats    ]    Subphase: Concurrent Roots JavaThreads                  0.231 / 0.298         0.184 / 0.322         0.184 / 0.322         0.184 / 0.322       ms
[220.041s][info][gc,stats    ]    Subphase: Concurrent Roots OopStorageSet                0.006 / 0.009         0.004 / 0.022         0.004 / 0.022         0.004 / 0.022       ms
[220.041s][info][gc,stats    ]    Subphase: Concurrent Weak Roots OopStorageSet           0.036 / 0.050         0.038 / 0.120         0.038 / 0.120         0.038 / 0.120       ms
[220.041s][info][gc,stats    ]    Subphase: Pause Mark Try Complete                       0.000 / 0.000         0.000 / 0.000         0.000 / 0.000         0.000 / 0.000       ms
[220.041s][info][gc,stats    ]      System: Java Threads                                     16 / 16               16 / 20               16 / 20               16 / 20          threads
[220.041s][info][gc,stats    ] =========================================================================================================================================================
[220.141s][info][gc,start    ] GC(101) Garbage Collection (Proactive)
[220.141s][info][gc,phases   ] GC(101) Pause Mark Start 0.007ms
[220.166s][info][gc,phases   ] GC(101) Concurrent Mark 25.594ms
[220.167s][info][gc,phases   ] GC(101) Pause Mark End 0.009ms
[220.167s][info][gc,phases   ] GC(101) Concurrent Process Non-Strong References 0.519ms
[220.167s][info][gc,phases   ] GC(101) Concurrent Reset Relocation Set 0.002ms
[220.170s][info][gc,phases   ] GC(101) Concurrent Select Relocation Set 2.982ms
[220.170s][info][gc,phases   ] GC(101) Pause Relocate Start 0.003ms
[220.171s][info][gc,phases   ] GC(101) Concurrent Relocate 0.485ms
[220.171s][info][gc,load     ] GC(101) Load: 3.31/3.47/3.54
[220.171s][info][gc,mmu      ] GC(101) MMU: 2ms/98.6%, 5ms/99.3%, 10ms/99.7%, 20ms/99.8%, 50ms/99.9%, 100ms/100.0%
[220.171s][info][gc,marking  ] GC(101) Mark: 2 stripe(s), 2 proactive flush(es), 1 terminate flush(es), 0 completion(s), 0 continuation(s) 
[220.171s][info][gc,nmethod  ] GC(101) NMethods: 484 registered, 0 unregistered
[220.171s][info][gc,metaspace] GC(101) Metaspace: 0M used, 0M committed, 1032M reserved
[220.171s][info][gc,ref      ] GC(101) Soft: 82 encountered, 0 discovered, 0 enqueued
[220.171s][info][gc,ref      ] GC(101) Weak: 200 encountered, 54 discovered, 0 enqueued
[220.171s][info][gc,ref      ] GC(101) Final: 0 encountered, 0 discovered, 0 enqueued
[220.171s][info][gc,ref      ] GC(101) Phantom: 5 encountered, 3 discovered, 0 enqueued
[220.171s][info][gc,reloc    ] GC(101) Small Pages: 857 / 1714M, Empty: 1566M, Relocated: 3M, In-Place: 0
[220.171s][info][gc,reloc    ] GC(101) Medium Pages: 0 / 0M, Empty: 0M, Relocated: 0M, In-Place: 0
[220.171s][info][gc,reloc    ] GC(101) Large Pages: 0 / 0M, Empty: 0M, Relocated: 0M, In-Place: 0
[220.171s][info][gc,reloc    ] GC(101) Forwarding Usage: 0M
[220.171s][info][gc,heap     ] GC(101) Min Capacity: 8192M(100%)
[220.171s][info][gc,heap     ] GC(101) Max Capacity: 8192M(100%)
[220.171s][info][gc,heap     ] GC(101) Soft Max Capacity: 8192M(100%)
[220.171s][info][gc,heap     ] GC(101)                Mark Start          Mark End        Relocate Start      Relocate End           High               Low         
[220.171s][info][gc,heap     ] GC(101)  Capacity:     8192M (100%)       8192M (100%)       8192M (100%)       8192M (100%)       8192M (100%)       8192M (100%)   
[220.171s][info][gc,heap     ] GC(101)      Free:     6478M (79%)        6448M (79%)        8012M (98%)        8018M (98%)        8018M (98%)        6446M (79%)    
[220.171s][info][gc,heap     ] GC(101)      Used:     1714M (21%)        1744M (21%)         180M (2%)          174M (2%)         1746M (21%)         174M (2%)     
[220.171s][info][gc,heap     ] GC(101)      Live:         -               132M (2%)          132M (2%)          132M (2%)             -                  -          
[220.171s][info][gc,heap     ] GC(101) Allocated:         -                30M (0%)           32M (0%)           32M (0%)             -                  -          
[220.171s][info][gc,heap     ] GC(101)   Garbage:         -              1581M (19%)          15M (0%)            9M (0%)             -                  -          
[220.171s][info][gc,heap     ] GC(101) Reclaimed:         -                  -              1566M (19%)        1572M (19%)            -                  -          
[220.171s][info][gc          ] GC(101) Garbage Collection (Proactive) 1714M(21%)->174M(2%)
[221.840s][info][gc,start    ] GC(102) Garbage Collection (Proactive)
[221.840s][info][gc,phases   ] GC(102) Pause Mark Start 0.007ms
[221.864s][info][gc,phases   ] GC(102) Concurrent Mark 24.150ms
[221.864s][info][gc,phases   ] GC(102) Pause Mark End 0.010ms
[221.865s][info][gc,phases   ] GC(102) Concurrent Process Non-Strong References 0.471ms
[221.865s][info][gc,phases   ] GC(102) Concurrent Reset Relocation Set 0.002ms
[221.868s][info][gc,phases   ] GC(102) Concurrent Select Relocation Set 2.921ms
[221.868s][info][gc,phases   ] GC(102) Pause Relocate Start 0.004ms
[221.869s][info][gc,phases   ] GC(102) Concurrent Relocate 0.534ms
[221.869s][info][gc,load     ] GC(102) Load: 3.68/3.54/3.57
[221.869s][info][gc,mmu      ] GC(102) MMU: 2ms/98.6%, 5ms/99.3%, 10ms/99.7%, 20ms/99.8%, 50ms/99.9%, 100ms/100.0%
[221.869s][info][gc,marking  ] GC(102) Mark: 2 stripe(s), 2 proactive flush(es), 1 terminate flush(es), 0 completion(s), 0 continuation(s) 
[221.869s][info][gc,nmethod  ] GC(102) NMethods: 484 registered, 0 unregistered
[221.869s][info][gc,metaspace] GC(102) Metaspace: 0M used, 0M committed, 1032M reserved
[221.869s][info][gc,ref      ] GC(102) Soft: 82 encountered, 0 discovered, 0 enqueued
[221.869s][info][gc,ref      ] GC(102) Weak: 200 encountered, 187 discovered, 0 enqueued
[221.869s][info][gc,ref      ] GC(102) Final: 0 encountered, 0 discovered, 0 enqueued
[221.869s][info][gc,ref      ] GC(102) Phantom: 5 encountered, 4 discovered, 0 enqueued
[221.869s][info][gc,reloc    ] GC(102) Small Pages: 959 / 1918M, Empty: 1770M, Relocated: 3M, In-Place: 0
[221.869s][info][gc,reloc    ] GC(102) Medium Pages: 0 / 0M, Empty: 0M, Relocated: 0M, In-Place: 0
[221.869s][info][gc,reloc    ] GC(102) Large Pages: 0 / 0M, Empty: 0M, Relocated: 0M, In-Place: 0
[221.869s][info][gc,reloc    ] GC(102) Forwarding Usage: 0M
[221.869s][info][gc,heap     ] GC(102) Min Capacity: 8192M(100%)
[221.869s][info][gc,heap     ] GC(102) Max Capacity: 8192M(100%)
[221.869s][info][gc,heap     ] GC(102) Soft Max Capacity: 8192M(100%)
[221.869s][info][gc,heap     ] GC(102)                Mark Start          Mark End        Relocate Start      Relocate End           High               Low         
[221.869s][info][gc,heap     ] GC(102)  Capacity:     8192M (100%)       8192M (100%)       8192M (100%)       8192M (100%)       8192M (100%)       8192M (100%)   
[221.869s][info][gc,heap     ] GC(102)      Free:     6274M (77%)        6250M (76%)        8012M (98%)        8018M (98%)        8018M (98%)        6250M (76%)    
[221.869s][info][gc,heap     ] GC(102)      Used:     1918M (23%)        1942M (24%)         180M (2%)          174M (2%)         1942M (24%)         174M (2%)     
[221.869s][info][gc,heap     ] GC(102)      Live:         -               132M (2%)          132M (2%)          132M (2%)             -                  -          
[221.869s][info][gc,heap     ] GC(102) Allocated:         -                24M (0%)           32M (0%)           32M (0%)             -                  -          
[221.869s][info][gc,heap     ] GC(102)   Garbage:         -              1785M (22%)          15M (0%)            9M (0%)             -                  -          
[221.869s][info][gc,heap     ] GC(102) Reclaimed:         -                  -              1770M (22%)        1776M (22%)            -                  -          
[221.869s][info][gc          ] GC(102) Garbage Collection (Proactive) 1918M(23%)->174M(2%)
[223.439s][info][gc,start    ] GC(103) Garbage Collection (Proactive)
[223.440s][info][gc,phases   ] GC(103) Pause Mark Start 0.005ms
[223.461s][info][gc,phases   ] GC(103) Concurrent Mark 20.976ms
[223.461s][info][gc,phases   ] GC(103) Pause Mark End 0.009ms
[223.461s][info][gc,phases   ] GC(103) Concurrent Process Non-Strong References 0.441ms
[223.461s][info][gc,phases   ] GC(103) Concurrent Reset Relocation Set 0.001ms
[223.464s][info][gc,phases   ] GC(103) Concurrent Select Relocation Set 2.722ms
[223.464s][info][gc,phases   ] GC(103) Pause Relocate Start 0.003ms
[223.465s][info][gc,phases   ] GC(103) Concurrent Relocate 0.489ms
[223.465s][info][gc,load     ] GC(103) Load: 3.68/3.54/3.57
[223.465s][info][gc,mmu      ] GC(103) MMU: 2ms/98.6%, 5ms/99.3%, 10ms/99.7%, 20ms/99.8%, 50ms/99.9%, 100ms/100.0%
[223.465s][info][gc,marking  ] GC(103) Mark: 2 stripe(s), 2 proactive flush(es), 1 terminate flush(es), 0 completion(s), 0 continuation(s) 
[223.465s][info][gc,nmethod  ] GC(103) NMethods: 484 registered, 0 unregistered
[223.465s][info][gc,metaspace] GC(103) Metaspace: 0M used, 0M committed, 1032M reserved
[223.465s][info][gc,ref      ] GC(103) Soft: 82 encountered, 0 discovered, 0 enqueued
[223.465s][info][gc,ref      ] GC(103) Weak: 200 encountered, 54 discovered, 0 enqueued
[223.465s][info][gc,ref      ] GC(103) Final: 0 encountered, 0 discovered, 0 enqueued
[223.465s][info][gc,ref      ] GC(103) Phantom: 5 encountered, 4 discovered, 0 enqueued
[223.465s][info][gc,reloc    ] GC(103) Small Pages: 907 / 1814M, Empty: 1666M, Relocated: 3M, In-Place: 0
[223.465s][info][gc,reloc    ] GC(103) Medium Pages: 0 / 0M, Empty: 0M, Relocated: 0M, In-Place: 0
[223.465s][info][gc,reloc    ] GC(103) Large Pages: 0 / 0M, Empty: 0M, Relocated: 0M, In-Place: 0
[223.465s][info][gc,reloc    ] GC(103) Forwarding Usage: 0M
[223.465s][info][gc,heap     ] GC(103) Min Capacity: 8192M(100%)
[223.465s][info][gc,heap     ] GC(103) Max Capacity: 8192M(100%)
[223.465s][info][gc,heap     ] GC(103) Soft Max Capacity: 8192M(100%)
[223.465s][info][gc,heap     ] GC(103)                Mark Start          Mark End        Relocate Start      Relocate End           High               Low         
[223.465s][info][gc,heap     ] GC(103)  Capacity:     8192M (100%)       8192M (100%)       8192M (100%)       8192M (100%)       8192M (100%)       8192M (100%)   
[223.465s][info][gc,heap     ] GC(103)      Free:     6378M (78%)        6354M (78%)        8020M (98%)        8026M (98%)        8026M (98%)        6354M (78%)    
[223.465s][info][gc,heap     ] GC(103)      Used:     1814M (22%)        1838M (22%)         172M (2%)          166M (2%)         1838M (22%)         166M (2%)     
[223.465s][info][gc,heap     ] GC(103)      Live:         -               132M (2%)          132M (2%)          132M (2%)             -                  -          
[223.465s][info][gc,heap     ] GC(103) Allocated:         -                24M (0%)           24M (0%)           24M (0%)             -                  -          
[223.465s][info][gc,heap     ] GC(103)   Garbage:         -              1681M (21%)          15M (0%)            9M (0%)             -                  -          
[223.465s][info][gc,heap     ] GC(103) Reclaimed:         -                  -              1666M (20%)        1672M (20%)            -                  -          
[223.465s][info][gc          ] GC(103) Garbage Collection (Proactive) 1814M(22%)->166M(2%)
[225.140s][info][gc,start    ] GC(104) Garbage Collection (Proactive)
[225.140s][info][gc,phases   ] GC(104) Pause Mark Start 0.006ms
[225.164s][info][gc,phases   ] GC(104) Concurrent Mark 23.392ms
[225.164s][info][gc,phases   ] GC(104) Pause Mark End 0.009ms
[225.164s][info][gc,phases   ] GC(104) Concurrent Process Non-Strong References 0.450ms
[225.164s][info][gc,phases   ] GC(104) Concurrent Reset Relocation Set 0.002ms
[225.167s][info][gc,phases   ] GC(104) Concurrent Select Relocation Set 2.892ms
[225.167s][info][gc,phases   ] GC(104) Pause Relocate Start 0.004ms
[225.168s][info][gc,phases   ] GC(104) Concurrent Relocate 0.534ms
[225.168s][info][gc,load     ] GC(104) Load: 3.68/3.54/3.57
[225.168s][info][gc,mmu      ] GC(104) MMU: 2ms/98.6%, 5ms/99.3%, 10ms/99.7%, 20ms/99.8%, 50ms/99.9%, 100ms/100.0%
[225.168s][info][gc,marking  ] GC(104) Mark: 2 stripe(s), 2 proactive flush(es), 1 terminate flush(es), 0 completion(s), 0 continuation(s) 
[225.168s][info][gc,nmethod  ] GC(104) NMethods: 484 registered, 0 unregistered
[225.168s][info][gc,metaspace] GC(104) Metaspace: 0M used, 0M committed, 1032M reserved
[225.168s][info][gc,ref      ] GC(104) Soft: 82 encountered, 0 discovered, 0 enqueued
[225.168s][info][gc,ref      ] GC(104) Weak: 200 encountered, 51 discovered, 0 enqueued
[225.168s][info][gc,ref      ] GC(104) Final: 0 encountered, 0 discovered, 0 enqueued
[225.168s][info][gc,ref      ] GC(104) Phantom: 5 encountered, 3 discovered, 0 enqueued
[225.168s][info][gc,reloc    ] GC(104) Small Pages: 959 / 1918M, Empty: 1770M, Relocated: 3M, In-Place: 0
[225.168s][info][gc,reloc    ] GC(104) Medium Pages: 0 / 0M, Empty: 0M, Relocated: 0M, In-Place: 0
[225.168s][info][gc,reloc    ] GC(104) Large Pages: 0 / 0M, Empty: 0M, Relocated: 0M, In-Place: 0
[225.168s][info][gc,reloc    ] GC(104) Forwarding Usage: 0M
[225.168s][info][gc,heap     ] GC(104) Min Capacity: 8192M(100%)
[225.168s][info][gc,heap     ] GC(104) Max Capacity: 8192M(100%)
[225.168s][info][gc,heap     ] GC(104) Soft Max Capacity: 8192M(100%)
[225.168s][info][gc,heap     ] GC(104)                Mark Start          Mark End        Relocate Start      Relocate End           High               Low         
[225.168s][info][gc,heap     ] GC(104)  Capacity:     8192M (100%)       8192M (100%)       8192M (100%)       8192M (100%)       8192M (100%)       8192M (100%)   
[225.168s][info][gc,heap     ] GC(104)      Free:     6274M (77%)        6250M (76%)        8012M (98%)        8016M (98%)        8016M (98%)        6250M (76%)    
[225.168s][info][gc,heap     ] GC(104)      Used:     1918M (23%)        1942M (24%)         180M (2%)          176M (2%)         1942M (24%)         176M (2%)     
[225.168s][info][gc,heap     ] GC(104)      Live:         -               132M (2%)          132M (2%)          132M (2%)             -                  -          
[225.168s][info][gc,heap     ] GC(104) Allocated:         -                24M (0%)           32M (0%)           34M (0%)             -                  -          
[225.168s][info][gc,heap     ] GC(104)   Garbage:         -              1785M (22%)          15M (0%)            9M (0%)             -                  -          
[225.168s][info][gc,heap     ] GC(104) Reclaimed:         -                  -              1770M (22%)        1776M (22%)            -                  -          
[225.168s][info][gc          ] GC(104) Garbage Collection (Proactive) 1918M(23%)->176M(2%)
[226.740s][info][gc,start    ] GC(105) Garbage Collection (Proactive)
[226.741s][info][gc,phases   ] GC(105) Pause Mark Start 0.007ms
[226.765s][info][gc,phases   ] GC(105) Concurrent Mark 23.979ms
[226.765s][info][gc,phases   ] GC(105) Pause Mark End 0.010ms
[226.765s][info][gc,phases   ] GC(105) Concurrent Process Non-Strong References 0.520ms
[226.765s][info][gc,phases   ] GC(105) Concurrent Reset Relocation Set 0.002ms
[226.768s][info][gc,phases   ] GC(105) Concurrent Select Relocation Set 3.012ms
[226.768s][info][gc,phases   ] GC(105) Pause Relocate Start 0.005ms
[226.769s][info][gc,phases   ] GC(105) Concurrent Relocate 0.687ms
[226.769s][info][gc,load     ] GC(105) Load: 3.79/3.57/3.58
[226.769s][info][gc,mmu      ] GC(105) MMU: 2ms/98.6%, 5ms/99.3%, 10ms/99.7%, 20ms/99.8%, 50ms/99.9%, 100ms/100.0%
[226.769s][info][gc,marking  ] GC(105) Mark: 2 stripe(s), 2 proactive flush(es), 1 terminate flush(es), 0 completion(s), 0 continuation(s) 
[226.769s][info][gc,nmethod  ] GC(105) NMethods: 484 registered, 0 unregistered
[226.769s][info][gc,metaspace] GC(105) Metaspace: 0M used, 0M committed, 1032M reserved
[226.769s][info][gc,ref      ] GC(105) Soft: 82 encountered, 0 discovered, 0 enqueued
[226.769s][info][gc,ref      ] GC(105) Weak: 200 encountered, 62 discovered, 0 enqueued
[226.769s][info][gc,ref      ] GC(105) Final: 0 encountered, 0 discovered, 0 enqueued
[226.769s][info][gc,ref      ] GC(105) Phantom: 5 encountered, 3 discovered, 0 enqueued
[226.769s][info][gc,reloc    ] GC(105) Small Pages: 907 / 1814M, Empty: 1666M, Relocated: 4M, In-Place: 0
[226.769s][info][gc,reloc    ] GC(105) Medium Pages: 0 / 0M, Empty: 0M, Relocated: 0M, In-Place: 0
[226.769s][info][gc,reloc    ] GC(105) Large Pages: 0 / 0M, Empty: 0M, Relocated: 0M, In-Place: 0
[226.769s][info][gc,reloc    ] GC(105) Forwarding Usage: 0M
[226.769s][info][gc,heap     ] GC(105) Min Capacity: 8192M(100%)
[226.769s][info][gc,heap     ] GC(105) Max Capacity: 8192M(100%)
[226.769s][info][gc,heap     ] GC(105) Soft Max Capacity: 8192M(100%)
[226.769s][info][gc,heap     ] GC(105)                Mark Start          Mark End        Relocate Start      Relocate End           High               Low         
[226.769s][info][gc,heap     ] GC(105)  Capacity:     8192M (100%)       8192M (100%)       8192M (100%)       8192M (100%)       8192M (100%)       8192M (100%)   
[226.769s][info][gc,heap     ] GC(105)      Free:     6378M (78%)        6354M (78%)        8012M (98%)        8014M (98%)        8018M (98%)        6354M (78%)    
[226.769s][info][gc,heap     ] GC(105)      Used:     1814M (22%)        1838M (22%)         180M (2%)          178M (2%)         1838M (22%)         174M (2%)     
[226.769s][info][gc,heap     ] GC(105)      Live:         -               132M (2%)          132M (2%)          132M (2%)             -                  -          
[226.769s][info][gc,heap     ] GC(105) Allocated:         -                24M (0%)           32M (0%)           34M (0%)             -                  -          
[226.769s][info][gc,heap     ] GC(105)   Garbage:         -              1681M (21%)          15M (0%)           11M (0%)             -                  -          
[226.769s][info][gc,heap     ] GC(105) Reclaimed:         -                  -              1666M (20%)        1670M (20%)            -                  -          
[226.769s][info][gc          ] GC(105) Garbage Collection (Proactive) 1814M(22%)->178M(2%)
[228.340s][info][gc,start    ] GC(106) Garbage Collection (Proactive)
[228.340s][info][gc,phases   ] GC(106) Pause Mark Start 0.006ms
[228.363s][info][gc,phases   ] GC(106) Concurrent Mark 23.094ms
[228.363s][info][gc,phases   ] GC(106) Pause Mark End 0.009ms
[228.364s][info][gc,phases   ] GC(106) Concurrent Process Non-Strong References 0.438ms
[228.364s][info][gc,phases   ] GC(106) Concurrent Reset Relocation Set 0.002ms
[228.367s][info][gc,phases   ] GC(106) Concurrent Select Relocation Set 2.784ms
[228.367s][info][gc,phases   ] GC(106) Pause Relocate Start 0.004ms
[228.368s][info][gc,phases   ] GC(106) Concurrent Relocate 0.770ms
[228.368s][info][gc,load     ] GC(106) Load: 3.79/3.57/3.58
[228.368s][info][gc,mmu      ] GC(106) MMU: 2ms/98.6%, 5ms/99.3%, 10ms/99.7%, 20ms/99.8%, 50ms/99.9%, 100ms/100.0%
[228.368s][info][gc,marking  ] GC(106) Mark: 2 stripe(s), 2 proactive flush(es), 1 terminate flush(es), 0 completion(s), 0 continuation(s) 
[228.368s][info][gc,nmethod  ] GC(106) NMethods: 484 registered, 0 unregistered
[228.368s][info][gc,metaspace] GC(106) Metaspace: 0M used, 0M committed, 1032M reserved
[228.368s][info][gc,ref      ] GC(106) Soft: 82 encountered, 0 discovered, 0 enqueued
[228.368s][info][gc,ref      ] GC(106) Weak: 200 encountered, 50 discovered, 0 enqueued
[228.368s][info][gc,ref      ] GC(106) Final: 0 encountered, 0 discovered, 0 enqueued
[228.368s][info][gc,ref      ] GC(106) Phantom: 5 encountered, 3 discovered, 0 enqueued
[228.368s][info][gc,reloc    ] GC(106) Small Pages: 908 / 1816M, Empty: 1664M, Relocated: 4M, In-Place: 0
[228.368s][info][gc,reloc    ] GC(106) Medium Pages: 0 / 0M, Empty: 0M, Relocated: 0M, In-Place: 0
[228.368s][info][gc,reloc    ] GC(106) Large Pages: 0 / 0M, Empty: 0M, Relocated: 0M, In-Place: 0
[228.368s][info][gc,reloc    ] GC(106) Forwarding Usage: 0M
[228.368s][info][gc,heap     ] GC(106) Min Capacity: 8192M(100%)
[228.368s][info][gc,heap     ] GC(106) Max Capacity: 8192M(100%)
[228.368s][info][gc,heap     ] GC(106) Soft Max Capacity: 8192M(100%)
[228.368s][info][gc,heap     ] GC(106)                Mark Start          Mark End        Relocate Start      Relocate End           High               Low         
[228.368s][info][gc,heap     ] GC(106)  Capacity:     8192M (100%)       8192M (100%)       8192M (100%)       8192M (100%)       8192M (100%)       8192M (100%)   
[228.368s][info][gc,heap     ] GC(106)      Free:     6376M (78%)        6352M (78%)        8008M (98%)        8016M (98%)        8016M (98%)        6352M (78%)    
[228.368s][info][gc,heap     ] GC(106)      Used:     1816M (22%)        1840M (22%)         184M (2%)          176M (2%)         1840M (22%)         176M (2%)     
[228.368s][info][gc,heap     ] GC(106)      Live:         -               132M (2%)          132M (2%)          132M (2%)             -                  -          
[228.368s][info][gc,heap     ] GC(106) Allocated:         -                24M (0%)           32M (0%)           34M (0%)             -                  -          
[228.368s][info][gc,heap     ] GC(106)   Garbage:         -              1683M (21%)          19M (0%)            9M (0%)             -                  -          
[228.368s][info][gc,heap     ] GC(106) Reclaimed:         -                  -              1664M (20%)        1674M (20%)            -                  -          
[228.368s][info][gc          ] GC(106) Garbage Collection (Proactive) 1816M(22%)->176M(2%)
[229.841s][info][gc,start    ] GC(107) Garbage Collection (Proactive)
[229.841s][info][gc,phases   ] GC(107) Pause Mark Start 0.005ms
[229.863s][info][gc,phases   ] GC(107) Concurrent Mark 22.742ms
[229.864s][info][gc,phases   ] GC(107) Pause Mark End 0.009ms
[229.864s][info][gc,phases   ] GC(107) Concurrent Process Non-Strong References 0.398ms
[229.864s][info][gc,phases   ] GC(107) Concurrent Reset Relocation Set 0.001ms
[229.867s][info][gc,phases   ] GC(107) Concurrent Select Relocation Set 2.707ms
[229.867s][info][gc,phases   ] GC(107) Pause Relocate Start 0.003ms
[229.868s][info][gc,phases   ] GC(107) Concurrent Relocate 0.750ms
[229.868s][info][gc,load     ] GC(107) Load: 3.79/3.57/3.58
[229.868s][info][gc,mmu      ] GC(107) MMU: 2ms/98.6%, 5ms/99.3%, 10ms/99.7%, 20ms/99.8%, 50ms/99.9%, 100ms/100.0%
[229.868s][info][gc,marking  ] GC(107) Mark: 2 stripe(s), 2 proactive flush(es), 1 terminate flush(es), 0 completion(s), 0 continuation(s) 
[229.868s][info][gc,nmethod  ] GC(107) NMethods: 484 registered, 0 unregistered
[229.868s][info][gc,metaspace] GC(107) Metaspace: 0M used, 0M committed, 1032M reserved
[229.868s][info][gc,ref      ] GC(107) Soft: 82 encountered, 0 discovered, 0 enqueued
[229.868s][info][gc,ref      ] GC(107) Weak: 200 encountered, 54 discovered, 0 enqueued
[229.868s][info][gc,ref      ] GC(107) Final: 0 encountered, 0 discovered, 0 enqueued
[229.868s][info][gc,ref      ] GC(107) Phantom: 5 encountered, 3 discovered, 0 enqueued
[229.868s][info][gc,reloc    ] GC(107) Small Pages: 855 / 1710M, Empty: 1560M, Relocated: 4M, In-Place: 0
[229.868s][info][gc,reloc    ] GC(107) Medium Pages: 0 / 0M, Empty: 0M, Relocated: 0M, In-Place: 0
[229.868s][info][gc,reloc    ] GC(107) Large Pages: 0 / 0M, Empty: 0M, Relocated: 0M, In-Place: 0
[229.868s][info][gc,reloc    ] GC(107) Forwarding Usage: 0M
[229.868s][info][gc,heap     ] GC(107) Min Capacity: 8192M(100%)
[229.868s][info][gc,heap     ] GC(107) Max Capacity: 8192M(100%)
[229.868s][info][gc,heap     ] GC(107) Soft Max Capacity: 8192M(100%)
[229.868s][info][gc,heap     ] GC(107)                Mark Start          Mark End        Relocate Start      Relocate End           High               Low         
[229.868s][info][gc,heap     ] GC(107)  Capacity:     8192M (100%)       8192M (100%)       8192M (100%)       8192M (100%)       8192M (100%)       8192M (100%)   
[229.868s][info][gc,heap     ] GC(107)      Free:     6482M (79%)        6458M (79%)        8010M (98%)        8014M (98%)        8014M (98%)        6458M (79%)    
[229.868s][info][gc,heap     ] GC(107)      Used:     1710M (21%)        1734M (21%)         182M (2%)          178M (2%)         1734M (21%)         178M (2%)     
[229.868s][info][gc,heap     ] GC(107)      Live:         -               132M (2%)          132M (2%)          132M (2%)             -                  -          
[229.868s][info][gc,heap     ] GC(107) Allocated:         -                24M (0%)           32M (0%)           36M (0%)             -                  -          
[229.868s][info][gc,heap     ] GC(107)   Garbage:         -              1577M (19%)          17M (0%)            9M (0%)             -                  -          
[229.868s][info][gc,heap     ] GC(107) Reclaimed:         -                  -              1560M (19%)        1568M (19%)            -                  -          
[229.868s][info][gc          ] GC(107) Garbage Collection (Proactive) 1710M(21%)->178M(2%)
[230.039s][info][gc,stats    ] === Garbage Collection Statistics =======================================================================================================================
[230.039s][info][gc,stats    ]                                                              Last 10s              Last 10m              Last 10h                Total
[230.039s][info][gc,stats    ]                                                              Avg / Max             Avg / Max             Avg / Max             Avg / Max
[230.039s][info][gc,stats    ]   Collector: Garbage Collection Cycle                     27.977 / 30.193       32.936 / 95.920       32.936 / 95.920       32.936 / 95.920      ms
[230.039s][info][gc,stats    ]  Contention: Mark Segment Reset Contention                     0 / 1                 0 / 4                 0 / 4                 0 / 4           ops/s
[230.039s][info][gc,stats    ]  Contention: Mark SeqNum Reset Contention                      0 / 0                 0 / 0                 0 / 0                 0 / 0           ops/s
[230.039s][info][gc,stats    ]    Critical: Allocation Stall                                  0 / 0                 0 / 0                 0 / 0                 0 / 0           ops/s
[230.039s][info][gc,stats    ]    Critical: Allocation Stall                              0.000 / 0.000         0.000 / 0.000         0.000 / 0.000         0.000 / 0.000       ms
[230.039s][info][gc,stats    ]    Critical: GC Locker Stall                                   0 / 0                 0 / 0                 0 / 0                 0 / 0           ops/s
[230.039s][info][gc,stats    ]    Critical: GC Locker Stall                               0.000 / 0.000         0.000 / 0.000         0.000 / 0.000         0.000 / 0.000       ms
[230.039s][info][gc,stats    ]    Critical: Relocation Stall                                  0 / 0                 0 / 0                 0 / 0                 0 / 0           ops/s
[230.039s][info][gc,stats    ]    Critical: Relocation Stall                              0.000 / 0.000         0.000 / 0.000         0.000 / 0.000         0.000 / 0.000       ms
[230.039s][info][gc,stats    ]      Memory: Allocation Rate                                1045 / 1048           1079 / 9212           1079 / 9212           1079 / 9212        MB/s
[230.039s][info][gc,stats    ]      Memory: Out Of Memory                                     0 / 0                 0 / 0                 0 / 0                 0 / 0           ops/s
[230.039s][info][gc,stats    ]      Memory: Page Cache Flush                                  0 / 0                 0 / 0                 0 / 0                 0 / 0           MB/s
[230.039s][info][gc,stats    ]      Memory: Page Cache Hit L1                               524 / 528             516 / 533             516 / 533             516 / 533         ops/s
[230.039s][info][gc,stats    ]      Memory: Page Cache Hit L2                                 0 / 0                 0 / 0                 0 / 0                 0 / 0           ops/s
[230.039s][info][gc,stats    ]      Memory: Page Cache Hit L3                                 0 / 0                 7 / 486               7 / 486               7 / 486         ops/s
[230.039s][info][gc,stats    ]      Memory: Page Cache Miss                                   0 / 0                 0 / 1                 0 / 1                 0 / 1           ops/s
[230.039s][info][gc,stats    ]      Memory: Uncommit                                          0 / 0                 0 / 0                 0 / 0                 0 / 0           MB/s
[230.039s][info][gc,stats    ]      Memory: Undo Object Allocation Failed                     0 / 0                 0 / 0                 0 / 0                 0 / 0           ops/s
[230.039s][info][gc,stats    ]      Memory: Undo Object Allocation Succeeded                  0 / 0                 0 / 6                 0 / 6                 0 / 6           ops/s
[230.039s][info][gc,stats    ]      Memory: Undo Page Allocation                              0 / 0                 0 / 1                 0 / 1                 0 / 1           ops/s
[230.039s][info][gc,stats    ]       Phase: Concurrent Mark                              23.418 / 25.594       27.727 / 65.214       27.727 / 65.214       27.727 / 65.214      ms
[230.039s][info][gc,stats    ]       Phase: Concurrent Mark Continue                      0.000 / 0.000         0.000 / 0.000         0.000 / 0.000         0.000 / 0.000       ms
[230.039s][info][gc,stats    ]       Phase: Concurrent Process Non-Strong References      0.463 / 0.520         0.459 / 0.911         0.459 / 0.911         0.459 / 0.911       ms
[230.039s][info][gc,stats    ]       Phase: Concurrent Relocate                           0.607 / 0.770         1.202 / 16.651        1.202 / 16.651        1.202 / 16.651      ms
[230.039s][info][gc,stats    ]       Phase: Concurrent Reset Relocation Set               0.002 / 0.002         0.003 / 0.098         0.003 / 0.098         0.003 / 0.098       ms
[230.039s][info][gc,stats    ]       Phase: Concurrent Select Relocation Set              2.860 / 3.012         2.957 / 12.567        2.957 / 12.567        2.957 / 12.567      ms
[230.039s][info][gc,stats    ]       Phase: Pause Mark End                                0.009 / 0.010         0.009 / 0.025         0.009 / 0.025         0.009 / 0.025       ms
[230.039s][info][gc,stats    ]       Phase: Pause Mark Start                              0.006 / 0.007         0.006 / 0.028         0.006 / 0.028         0.006 / 0.028       ms
[230.039s][info][gc,stats    ]       Phase: Pause Relocate Start                          0.004 / 0.005         0.004 / 0.026         0.004 / 0.026         0.004 / 0.026       ms
[230.039s][info][gc,stats    ]    Subphase: Concurrent Classes Purge                      0.031 / 0.039         0.029 / 0.102         0.029 / 0.102         0.029 / 0.102       ms
[230.039s][info][gc,stats    ]    Subphase: Concurrent Classes Unlink                     0.297 / 0.308         0.296 / 0.571         0.296 / 0.571         0.296 / 0.571       ms
[230.040s][info][gc,stats    ]    Subphase: Concurrent Mark                              22.504 / 25.198       26.965 / 64.907       26.965 / 64.907       26.965 / 64.907      ms
[230.040s][info][gc,stats    ]    Subphase: Concurrent Mark Idle                          1.267 / 1.292         1.182 / 1.327         1.182 / 1.327         1.182 / 1.327       ms
[230.040s][info][gc,stats    ]    Subphase: Concurrent Mark Try Flush                     0.028 / 0.043         0.036 / 0.119         0.036 / 0.119         0.036 / 0.119       ms
[230.040s][info][gc,stats    ]    Subphase: Concurrent Mark Try Terminate                 0.431 / 1.293         0.444 / 1.330         0.444 / 1.330         0.444 / 1.330       ms
[230.040s][info][gc,stats    ]    Subphase: Concurrent References Enqueue                 0.000 / 0.001         0.000 / 0.003         0.000 / 0.003         0.000 / 0.003       ms
[230.040s][info][gc,stats    ]    Subphase: Concurrent References Process                 0.023 / 0.037         0.029 / 0.095         0.029 / 0.095         0.029 / 0.095       ms
[230.040s][info][gc,stats    ]    Subphase: Concurrent Roots ClassLoaderDataGraph         0.019 / 0.041         0.016 / 0.132         0.016 / 0.132         0.016 / 0.132       ms
[230.040s][info][gc,stats    ]    Subphase: Concurrent Roots CodeCache                    0.000 / 0.000         0.000 / 0.000         0.000 / 0.000         0.000 / 0.000       ms
[230.040s][info][gc,stats    ]    Subphase: Concurrent Roots JavaThreads                  0.247 / 0.310         0.188 / 0.322         0.188 / 0.322         0.188 / 0.322       ms
[230.040s][info][gc,stats    ]    Subphase: Concurrent Roots OopStorageSet                0.005 / 0.006         0.004 / 0.022         0.004 / 0.022         0.004 / 0.022       ms
[230.040s][info][gc,stats    ]    Subphase: Concurrent Weak Roots OopStorageSet           0.038 / 0.054         0.038 / 0.120         0.038 / 0.120         0.038 / 0.120       ms
[230.040s][info][gc,stats    ]    Subphase: Pause Mark Try Complete                       0.000 / 0.000         0.000 / 0.000         0.000 / 0.000         0.000 / 0.000       ms
[230.040s][info][gc,stats    ]      System: Java Threads                                     16 / 16               16 / 20               16 / 20               16 / 20          threads
[230.040s][info][gc,stats    ] =========================================================================================================================================================
[231.340s][info][gc,start    ] GC(108) Garbage Collection (Proactive)
[231.340s][info][gc,phases   ] GC(108) Pause Mark Start 0.006ms
[231.364s][info][gc,phases   ] GC(108) Concurrent Mark 23.512ms
[231.364s][info][gc,phases   ] GC(108) Pause Mark End 0.009ms
[231.364s][info][gc,phases   ] GC(108) Concurrent Process Non-Strong References 0.466ms
[231.364s][info][gc,phases   ] GC(108) Concurrent Reset Relocation Set 0.002ms
[231.367s][info][gc,phases   ] GC(108) Concurrent Select Relocation Set 2.886ms
[231.367s][info][gc,phases   ] GC(108) Pause Relocate Start 0.004ms
[231.368s][info][gc,phases   ] GC(108) Concurrent Relocate 0.514ms
[231.368s][info][gc,load     ] GC(108) Load: 4.05/3.62/3.60
[231.368s][info][gc,mmu      ] GC(108) MMU: 2ms/98.6%, 5ms/99.3%, 10ms/99.7%, 20ms/99.8%, 50ms/99.9%, 100ms/100.0%
[231.368s][info][gc,marking  ] GC(108) Mark: 2 stripe(s), 2 proactive flush(es), 1 terminate flush(es), 0 completion(s), 0 continuation(s) 
[231.368s][info][gc,nmethod  ] GC(108) NMethods: 484 registered, 0 unregistered
[231.368s][info][gc,metaspace] GC(108) Metaspace: 0M used, 0M committed, 1032M reserved
[231.368s][info][gc,ref      ] GC(108) Soft: 82 encountered, 0 discovered, 0 enqueued
[231.368s][info][gc,ref      ] GC(108) Weak: 200 encountered, 183 discovered, 0 enqueued
[231.368s][info][gc,ref      ] GC(108) Final: 0 encountered, 0 discovered, 0 enqueued
[231.368s][info][gc,ref      ] GC(108) Phantom: 5 encountered, 4 discovered, 0 enqueued
[231.368s][info][gc,reloc    ] GC(108) Small Pages: 856 / 1712M, Empty: 1558M, Relocated: 3M, In-Place: 0
[231.368s][info][gc,reloc    ] GC(108) Medium Pages: 0 / 0M, Empty: 0M, Relocated: 0M, In-Place: 0
[231.368s][info][gc,reloc    ] GC(108) Large Pages: 0 / 0M, Empty: 0M, Relocated: 0M, In-Place: 0
[231.368s][info][gc,reloc    ] GC(108) Forwarding Usage: 0M
[231.368s][info][gc,heap     ] GC(108) Min Capacity: 8192M(100%)
[231.368s][info][gc,heap     ] GC(108) Max Capacity: 8192M(100%)
[231.368s][info][gc,heap     ] GC(108) Soft Max Capacity: 8192M(100%)
[231.368s][info][gc,heap     ] GC(108)                Mark Start          Mark End        Relocate Start      Relocate End           High               Low         
[231.368s][info][gc,heap     ] GC(108)  Capacity:     8192M (100%)       8192M (100%)       8192M (100%)       8192M (100%)       8192M (100%)       8192M (100%)   
[231.368s][info][gc,heap     ] GC(108)      Free:     6480M (79%)        6456M (79%)        8006M (98%)        8014M (98%)        8014M (98%)        6456M (79%)    
[231.368s][info][gc,heap     ] GC(108)      Used:     1712M (21%)        1736M (21%)         186M (2%)          178M (2%)         1736M (21%)         178M (2%)     
[231.368s][info][gc,heap     ] GC(108)      Live:         -               132M (2%)          132M (2%)          132M (2%)             -                  -          
[231.368s][info][gc,heap     ] GC(108) Allocated:         -                24M (0%)           32M (0%)           36M (0%)             -                  -          
[231.368s][info][gc,heap     ] GC(108)   Garbage:         -              1579M (19%)          21M (0%)            9M (0%)             -                  -          
[231.368s][info][gc,heap     ] GC(108) Reclaimed:         -                  -              1558M (19%)        1570M (19%)            -                  -          
[231.368s][info][gc          ] GC(108) Garbage Collection (Proactive) 1712M(21%)->178M(2%)
[232.840s][info][gc,start    ] GC(109) Garbage Collection (Proactive)
[232.840s][info][gc,phases   ] GC(109) Pause Mark Start 0.007ms
[232.864s][info][gc,phases   ] GC(109) Concurrent Mark 24.449ms
[232.864s][info][gc,phases   ] GC(109) Pause Mark End 0.009ms
[232.865s][info][gc,phases   ] GC(109) Concurrent Process Non-Strong References 0.445ms
[232.865s][info][gc,phases   ] GC(109) Concurrent Reset Relocation Set 0.002ms
[232.868s][info][gc,phases   ] GC(109) Concurrent Select Relocation Set 2.874ms
[232.868s][info][gc,phases   ] GC(109) Pause Relocate Start 0.004ms
[232.868s][info][gc,phases   ] GC(109) Concurrent Relocate 0.534ms
[232.868s][info][gc,load     ] GC(109) Load: 4.05/3.62/3.60
[232.868s][info][gc,mmu      ] GC(109) MMU: 2ms/98.6%, 5ms/99.3%, 10ms/99.7%, 20ms/99.8%, 50ms/99.9%, 100ms/100.0%
[232.868s][info][gc,marking  ] GC(109) Mark: 2 stripe(s), 2 proactive flush(es), 1 terminate flush(es), 0 completion(s), 0 continuation(s) 
[232.868s][info][gc,nmethod  ] GC(109) NMethods: 484 registered, 0 unregistered
[232.868s][info][gc,metaspace] GC(109) Metaspace: 0M used, 0M committed, 1032M reserved
[232.868s][info][gc,ref      ] GC(109) Soft: 82 encountered, 0 discovered, 0 enqueued
[232.868s][info][gc,ref      ] GC(109) Weak: 200 encountered, 51 discovered, 0 enqueued
[232.868s][info][gc,ref      ] GC(109) Final: 0 encountered, 0 discovered, 0 enqueued
[232.868s][info][gc,ref      ] GC(109) Phantom: 5 encountered, 3 discovered, 0 enqueued
[232.868s][info][gc,reloc    ] GC(109) Small Pages: 855 / 1710M, Empty: 1562M, Relocated: 3M, In-Place: 0
[232.869s][info][gc,reloc    ] GC(109) Medium Pages: 0 / 0M, Empty: 0M, Relocated: 0M, In-Place: 0
[232.869s][info][gc,reloc    ] GC(109) Large Pages: 0 / 0M, Empty: 0M, Relocated: 0M, In-Place: 0
[232.869s][info][gc,reloc    ] GC(109) Forwarding Usage: 0M
[232.869s][info][gc,heap     ] GC(109) Min Capacity: 8192M(100%)
[232.869s][info][gc,heap     ] GC(109) Max Capacity: 8192M(100%)
[232.869s][info][gc,heap     ] GC(109) Soft Max Capacity: 8192M(100%)
[232.869s][info][gc,heap     ] GC(109)                Mark Start          Mark End        Relocate Start      Relocate End           High               Low         
[232.869s][info][gc,heap     ] GC(109)  Capacity:     8192M (100%)       8192M (100%)       8192M (100%)       8192M (100%)       8192M (100%)       8192M (100%)   
[232.869s][info][gc,heap     ] GC(109)      Free:     6482M (79%)        6458M (79%)        8010M (98%)        8012M (98%)        8012M (98%)        6458M (79%)    
[232.869s][info][gc,heap     ] GC(109)      Used:     1710M (21%)        1734M (21%)         182M (2%)          180M (2%)         1734M (21%)         180M (2%)     
[232.869s][info][gc,heap     ] GC(109)      Live:         -               132M (2%)          132M (2%)          132M (2%)             -                  -          
[232.869s][info][gc,heap     ] GC(109) Allocated:         -                24M (0%)           34M (0%)           36M (0%)             -                  -          
[232.869s][info][gc,heap     ] GC(109)   Garbage:         -              1577M (19%)          15M (0%)           11M (0%)             -                  -          
[232.869s][info][gc,heap     ] GC(109) Reclaimed:         -                  -              1562M (19%)        1566M (19%)            -                  -          
[232.869s][info][gc          ] GC(109) Garbage Collection (Proactive) 1710M(21%)->180M(2%)
[234.440s][info][gc,start    ] GC(110) Garbage Collection (Proactive)
[234.440s][info][gc,phases   ] GC(110) Pause Mark Start 0.008ms
[234.465s][info][gc,phases   ] GC(110) Concurrent Mark 25.034ms
[234.465s][info][gc,phases   ] GC(110) Pause Mark End 0.008ms
[234.466s][info][gc,phases   ] GC(110) Concurrent Process Non-Strong References 0.475ms
[234.466s][info][gc,phases   ] GC(110) Concurrent Reset Relocation Set 0.001ms
[234.469s][info][gc,phases   ] GC(110) Concurrent Select Relocation Set 3.000ms
[234.469s][info][gc,phases   ] GC(110) Pause Relocate Start 0.012ms
[234.470s][info][gc,phases   ] GC(110) Concurrent Relocate 0.671ms
[234.470s][info][gc,load     ] GC(110) Load: 4.05/3.62/3.60
[234.470s][info][gc,mmu      ] GC(110) MMU: 2ms/98.6%, 5ms/99.3%, 10ms/99.7%, 20ms/99.8%, 50ms/99.9%, 100ms/100.0%
[234.470s][info][gc,marking  ] GC(110) Mark: 2 stripe(s), 2 proactive flush(es), 1 terminate flush(es), 0 completion(s), 0 continuation(s) 
[234.470s][info][gc,nmethod  ] GC(110) NMethods: 484 registered, 0 unregistered
[234.470s][info][gc,metaspace] GC(110) Metaspace: 0M used, 0M committed, 1032M reserved
[234.470s][info][gc,ref      ] GC(110) Soft: 82 encountered, 0 discovered, 0 enqueued
[234.470s][info][gc,ref      ] GC(110) Weak: 200 encountered, 187 discovered, 0 enqueued
[234.470s][info][gc,ref      ] GC(110) Final: 0 encountered, 0 discovered, 0 enqueued
[234.470s][info][gc,ref      ] GC(110) Phantom: 5 encountered, 4 discovered, 0 enqueued
[234.470s][info][gc,reloc    ] GC(110) Small Pages: 909 / 1818M, Empty: 1668M, Relocated: 4M, In-Place: 0
[234.470s][info][gc,reloc    ] GC(110) Medium Pages: 0 / 0M, Empty: 0M, Relocated: 0M, In-Place: 0
[234.470s][info][gc,reloc    ] GC(110) Large Pages: 0 / 0M, Empty: 0M, Relocated: 0M, In-Place: 0
[234.470s][info][gc,reloc    ] GC(110) Forwarding Usage: 0M
[234.470s][info][gc,heap     ] GC(110) Min Capacity: 8192M(100%)
[234.470s][info][gc,heap     ] GC(110) Max Capacity: 8192M(100%)
[234.470s][info][gc,heap     ] GC(110) Soft Max Capacity: 8192M(100%)
[234.470s][info][gc,heap     ] GC(110)                Mark Start          Mark End        Relocate Start      Relocate End           High               Low         
[234.470s][info][gc,heap     ] GC(110)  Capacity:     8192M (100%)       8192M (100%)       8192M (100%)       8192M (100%)       8192M (100%)       8192M (100%)   
[234.470s][info][gc,heap     ] GC(110)      Free:     6374M (78%)        6350M (78%)        8010M (98%)        8014M (98%)        8014M (98%)        6346M (77%)    
[234.470s][info][gc,heap     ] GC(110)      Used:     1818M (22%)        1842M (22%)         182M (2%)          178M (2%)         1846M (23%)         178M (2%)     
[234.470s][info][gc,heap     ] GC(110)      Live:         -               132M (2%)          132M (2%)          132M (2%)             -                  -          
[234.470s][info][gc,heap     ] GC(110) Allocated:         -                24M (0%)           32M (0%)           34M (0%)             -                  -          
[234.470s][info][gc,heap     ] GC(110)   Garbage:         -              1685M (21%)          17M (0%)           11M (0%)             -                  -          
[234.470s][info][gc,heap     ] GC(110) Reclaimed:         -                  -              1668M (20%)        1674M (20%)            -                  -          
[234.470s][info][gc          ] GC(110) Garbage Collection (Proactive) 1818M(22%)->178M(2%)
[236.041s][info][gc,start    ] GC(111) Garbage Collection (Proactive)
[236.041s][info][gc,phases   ] GC(111) Pause Mark Start 0.005ms
[236.065s][info][gc,phases   ] GC(111) Concurrent Mark 23.939ms
[236.065s][info][gc,phases   ] GC(111) Pause Mark End 0.008ms
[236.066s][info][gc,phases   ] GC(111) Concurrent Process Non-Strong References 0.518ms
[236.066s][info][gc,phases   ] GC(111) Concurrent Reset Relocation Set 0.001ms
[236.069s][info][gc,phases   ] GC(111) Concurrent Select Relocation Set 2.967ms
[236.069s][info][gc,phases   ] GC(111) Pause Relocate Start 0.003ms
[236.069s][info][gc,phases   ] GC(111) Concurrent Relocate 0.452ms
[236.069s][info][gc,load     ] GC(111) Load: 3.88/3.60/3.59
[236.069s][info][gc,mmu      ] GC(111) MMU: 2ms/98.6%, 5ms/99.3%, 10ms/99.7%, 20ms/99.8%, 50ms/99.9%, 100ms/100.0%
[236.069s][info][gc,marking  ] GC(111) Mark: 2 stripe(s), 2 proactive flush(es), 1 terminate flush(es), 0 completion(s), 0 continuation(s) 
[236.069s][info][gc,nmethod  ] GC(111) NMethods: 484 registered, 0 unregistered
[236.069s][info][gc,metaspace] GC(111) Metaspace: 0M used, 0M committed, 1032M reserved
[236.069s][info][gc,ref      ] GC(111) Soft: 82 encountered, 0 discovered, 0 enqueued
[236.069s][info][gc,ref      ] GC(111) Weak: 200 encountered, 61 discovered, 0 enqueued
[236.069s][info][gc,ref      ] GC(111) Final: 0 encountered, 0 discovered, 0 enqueued
[236.069s][info][gc,ref      ] GC(111) Phantom: 5 encountered, 3 discovered, 0 enqueued
[236.069s][info][gc,reloc    ] GC(111) Small Pages: 909 / 1818M, Empty: 1668M, Relocated: 3M, In-Place: 0
[236.069s][info][gc,reloc    ] GC(111) Medium Pages: 0 / 0M, Empty: 0M, Relocated: 0M, In-Place: 0
[236.069s][info][gc,reloc    ] GC(111) Large Pages: 0 / 0M, Empty: 0M, Relocated: 0M, In-Place: 0
[236.069s][info][gc,reloc    ] GC(111) Forwarding Usage: 0M
[236.069s][info][gc,heap     ] GC(111) Min Capacity: 8192M(100%)
[236.069s][info][gc,heap     ] GC(111) Max Capacity: 8192M(100%)
[236.069s][info][gc,heap     ] GC(111) Soft Max Capacity: 8192M(100%)
[236.069s][info][gc,heap     ] GC(111)                Mark Start          Mark End        Relocate Start      Relocate End           High               Low         
[236.069s][info][gc,heap     ] GC(111)  Capacity:     8192M (100%)       8192M (100%)       8192M (100%)       8192M (100%)       8192M (100%)       8192M (100%)   
[236.069s][info][gc,heap     ] GC(111)      Free:     6374M (78%)        6350M (78%)        8008M (98%)        8014M (98%)        8014M (98%)        6348M (77%)    
[236.069s][info][gc,heap     ] GC(111)      Used:     1818M (22%)        1842M (22%)         184M (2%)          178M (2%)         1844M (23%)         178M (2%)     
[236.069s][info][gc,heap     ] GC(111)      Live:         -               132M (2%)          132M (2%)          132M (2%)             -                  -          
[236.069s][info][gc,heap     ] GC(111) Allocated:         -                24M (0%)           34M (0%)           36M (0%)             -                  -          
[236.069s][info][gc,heap     ] GC(111)   Garbage:         -              1685M (21%)          17M (0%)            9M (0%)             -                  -          
[236.069s][info][gc,heap     ] GC(111) Reclaimed:         -                  -              1668M (20%)        1676M (20%)            -                  -          
[236.069s][info][gc          ] GC(111) Garbage Collection (Proactive) 1818M(22%)->178M(2%)
[237.640s][info][gc,start    ] GC(112) Garbage Collection (Proactive)
[237.640s][info][gc,phases   ] GC(112) Pause Mark Start 0.005ms
[237.663s][info][gc,phases   ] GC(112) Concurrent Mark 23.762ms
[237.664s][info][gc,phases   ] GC(112) Pause Mark End 0.009ms
[237.664s][info][gc,phases   ] GC(112) Concurrent Process Non-Strong References 0.464ms
[237.664s][info][gc,phases   ] GC(112) Concurrent Reset Relocation Set 0.001ms
[237.667s][info][gc,phases   ] GC(112) Concurrent Select Relocation Set 2.781ms
[237.667s][info][gc,phases   ] GC(112) Pause Relocate Start 0.007ms
[237.668s][info][gc,phases   ] GC(112) Concurrent Relocate 0.510ms
[237.668s][info][gc,load     ] GC(112) Load: 3.88/3.60/3.59
[237.668s][info][gc,mmu      ] GC(112) MMU: 2ms/98.6%, 5ms/99.3%, 10ms/99.7%, 20ms/99.8%, 50ms/99.9%, 100ms/100.0%
[237.668s][info][gc,marking  ] GC(112) Mark: 2 stripe(s), 2 proactive flush(es), 1 terminate flush(es), 0 completion(s), 0 continuation(s) 
[237.668s][info][gc,nmethod  ] GC(112) NMethods: 484 registered, 0 unregistered
[237.668s][info][gc,metaspace] GC(112) Metaspace: 0M used, 0M committed, 1032M reserved
[237.668s][info][gc,ref      ] GC(112) Soft: 82 encountered, 0 discovered, 0 enqueued
[237.668s][info][gc,ref      ] GC(112) Weak: 200 encountered, 55 discovered, 0 enqueued
[237.668s][info][gc,ref      ] GC(112) Final: 0 encountered, 0 discovered, 0 enqueued
[237.668s][info][gc,ref      ] GC(112) Phantom: 5 encountered, 3 discovered, 0 enqueued
[237.668s][info][gc,reloc    ] GC(112) Small Pages: 909 / 1818M, Empty: 1666M, Relocated: 2M, In-Place: 0
[237.668s][info][gc,reloc    ] GC(112) Medium Pages: 0 / 0M, Empty: 0M, Relocated: 0M, In-Place: 0
[237.668s][info][gc,reloc    ] GC(112) Large Pages: 0 / 0M, Empty: 0M, Relocated: 0M, In-Place: 0
[237.668s][info][gc,reloc    ] GC(112) Forwarding Usage: 0M
[237.668s][info][gc,heap     ] GC(112) Min Capacity: 8192M(100%)
[237.668s][info][gc,heap     ] GC(112) Max Capacity: 8192M(100%)
[237.668s][info][gc,heap     ] GC(112) Soft Max Capacity: 8192M(100%)
[237.668s][info][gc,heap     ] GC(112)                Mark Start          Mark End        Relocate Start      Relocate End           High               Low         
[237.668s][info][gc,heap     ] GC(112)  Capacity:     8192M (100%)       8192M (100%)       8192M (100%)       8192M (100%)       8192M (100%)       8192M (100%)   
[237.668s][info][gc,heap     ] GC(112)      Free:     6374M (78%)        6350M (78%)        8006M (98%)        8016M (98%)        8016M (98%)        6350M (78%)    
[237.668s][info][gc,heap     ] GC(112)      Used:     1818M (22%)        1842M (22%)         186M (2%)          176M (2%)         1842M (22%)         176M (2%)     
[237.668s][info][gc,heap     ] GC(112)      Live:         -               132M (2%)          132M (2%)          132M (2%)             -                  -          
[237.668s][info][gc,heap     ] GC(112) Allocated:         -                24M (0%)           34M (0%)           34M (0%)             -                  -          
[237.668s][info][gc,heap     ] GC(112)   Garbage:         -              1685M (21%)          19M (0%)            9M (0%)             -                  -          
[237.668s][info][gc,heap     ] GC(112) Reclaimed:         -                  -              1666M (20%)        1676M (20%)            -                  -          
[237.668s][info][gc          ] GC(112) Garbage Collection (Proactive) 1818M(22%)->176M(2%)
[239.140s][info][gc,start    ] GC(113) Garbage Collection (Proactive)
[239.140s][info][gc,phases   ] GC(113) Pause Mark Start 0.008ms
[239.165s][info][gc,phases   ] GC(113) Concurrent Mark 24.411ms
[239.165s][info][gc,phases   ] GC(113) Pause Mark End 0.009ms
[239.166s][info][gc,phases   ] GC(113) Concurrent Process Non-Strong References 0.552ms
[239.166s][info][gc,phases   ] GC(113) Concurrent Reset Relocation Set 0.002ms
[239.169s][info][gc,phases   ] GC(113) Concurrent Select Relocation Set 3.004ms
[239.169s][info][gc,phases   ] GC(113) Pause Relocate Start 0.005ms
[239.169s][info][gc,phases   ] GC(113) Concurrent Relocate 0.525ms
[239.169s][info][gc,load     ] GC(113) Load: 3.88/3.60/3.59
[239.169s][info][gc,mmu      ] GC(113) MMU: 2ms/98.6%, 5ms/99.3%, 10ms/99.7%, 20ms/99.8%, 50ms/99.9%, 100ms/100.0%
[239.170s][info][gc,marking  ] GC(113) Mark: 2 stripe(s), 2 proactive flush(es), 1 terminate flush(es), 0 completion(s), 0 continuation(s) 
[239.170s][info][gc,nmethod  ] GC(113) NMethods: 484 registered, 0 unregistered
[239.170s][info][gc,metaspace] GC(113) Metaspace: 0M used, 0M committed, 1032M reserved
[239.170s][info][gc,ref      ] GC(113) Soft: 82 encountered, 0 discovered, 0 enqueued
[239.170s][info][gc,ref      ] GC(113) Weak: 200 encountered, 62 discovered, 0 enqueued
[239.170s][info][gc,ref      ] GC(113) Final: 0 encountered, 0 discovered, 0 enqueued
[239.170s][info][gc,ref      ] GC(113) Phantom: 5 encountered, 3 discovered, 0 enqueued
[239.170s][info][gc,reloc    ] GC(113) Small Pages: 855 / 1710M, Empty: 1560M, Relocated: 3M, In-Place: 0
[239.170s][info][gc,reloc    ] GC(113) Medium Pages: 0 / 0M, Empty: 0M, Relocated: 0M, In-Place: 0
[239.170s][info][gc,reloc    ] GC(113) Large Pages: 0 / 0M, Empty: 0M, Relocated: 0M, In-Place: 0
[239.170s][info][gc,reloc    ] GC(113) Forwarding Usage: 0M
[239.170s][info][gc,heap     ] GC(113) Min Capacity: 8192M(100%)
[239.170s][info][gc,heap     ] GC(113) Max Capacity: 8192M(100%)
[239.170s][info][gc,heap     ] GC(113) Soft Max Capacity: 8192M(100%)
[239.170s][info][gc,heap     ] GC(113)                Mark Start          Mark End        Relocate Start      Relocate End           High               Low         
[239.170s][info][gc,heap     ] GC(113)  Capacity:     8192M (100%)       8192M (100%)       8192M (100%)       8192M (100%)       8192M (100%)       8192M (100%)   
[239.170s][info][gc,heap     ] GC(113)      Free:     6482M (79%)        6458M (79%)        8008M (98%)        8014M (98%)        8014M (98%)        6454M (79%)    
[239.170s][info][gc,heap     ] GC(113)      Used:     1710M (21%)        1734M (21%)         184M (2%)          178M (2%)         1738M (21%)         178M (2%)     
[239.170s][info][gc,heap     ] GC(113)      Live:         -               132M (2%)          132M (2%)          132M (2%)             -                  -          
[239.170s][info][gc,heap     ] GC(113) Allocated:         -                24M (0%)           34M (0%)           34M (0%)             -                  -          
[239.170s][info][gc,heap     ] GC(113)   Garbage:         -              1577M (19%)          17M (0%)           11M (0%)             -                  -          
[239.170s][info][gc,heap     ] GC(113) Reclaimed:         -                  -              1560M (19%)        1566M (19%)            -                  -          
[239.170s][info][gc          ] GC(113) Garbage Collection (Proactive) 1710M(21%)->178M(2%)
[240.040s][info][gc,stats    ] === Garbage Collection Statistics =======================================================================================================================
[240.040s][info][gc,stats    ]                                                              Last 10s              Last 10m              Last 10h                Total
[240.040s][info][gc,stats    ]                                                              Avg / Max             Avg / Max             Avg / Max             Avg / Max
[240.040s][info][gc,stats    ]   Collector: Garbage Collection Cycle                     28.726 / 29.749       32.714 / 95.920       32.714 / 95.920       32.714 / 95.920      ms
[240.040s][info][gc,stats    ]  Contention: Mark Segment Reset Contention                     0 / 0                 0 / 4                 0 / 4                 0 / 4           ops/s
[240.040s][info][gc,stats    ]  Contention: Mark SeqNum Reset Contention                      0 / 0                 0 / 0                 0 / 0                 0 / 0           ops/s
[240.040s][info][gc,stats    ]    Critical: Allocation Stall                                  0 / 0                 0 / 0                 0 / 0                 0 / 0           ops/s
[240.040s][info][gc,stats    ]    Critical: Allocation Stall                              0.000 / 0.000         0.000 / 0.000         0.000 / 0.000         0.000 / 0.000       ms
[240.040s][info][gc,stats    ]    Critical: GC Locker Stall                                   0 / 0                 0 / 0                 0 / 0                 0 / 0           ops/s
[240.040s][info][gc,stats    ]    Critical: GC Locker Stall                               0.000 / 0.000         0.000 / 0.000         0.000 / 0.000         0.000 / 0.000       ms
[240.040s][info][gc,stats    ]    Critical: Relocation Stall                                  0 / 0                 0 / 0                 0 / 0                 0 / 0           ops/s
[240.040s][info][gc,stats    ]    Critical: Relocation Stall                              0.000 / 0.000         0.000 / 0.000         0.000 / 0.000         0.000 / 0.000       ms
[240.040s][info][gc,stats    ]      Memory: Allocation Rate                                1045 / 1050           1078 / 9212           1078 / 9212           1078 / 9212        MB/s
[240.040s][info][gc,stats    ]      Memory: Out Of Memory                                     0 / 0                 0 / 0                 0 / 0                 0 / 0           ops/s
[240.040s][info][gc,stats    ]      Memory: Page Cache Flush                                  0 / 0                 0 / 0                 0 / 0                 0 / 0           MB/s
[240.040s][info][gc,stats    ]      Memory: Page Cache Hit L1                               524 / 529             517 / 533             517 / 533             517 / 533         ops/s
[240.040s][info][gc,stats    ]      Memory: Page Cache Hit L2                                 0 / 0                 0 / 0                 0 / 0                 0 / 0           ops/s
[240.040s][info][gc,stats    ]      Memory: Page Cache Hit L3                                 0 / 0                 7 / 486               7 / 486               7 / 486         ops/s
[240.040s][info][gc,stats    ]      Memory: Page Cache Miss                                   0 / 0                 0 / 1                 0 / 1                 0 / 1           ops/s
[240.040s][info][gc,stats    ]      Memory: Uncommit                                          0 / 0                 0 / 0                 0 / 0                 0 / 0           MB/s
[240.040s][info][gc,stats    ]      Memory: Undo Object Allocation Failed                     0 / 0                 0 / 0                 0 / 0                 0 / 0           ops/s
[240.040s][info][gc,stats    ]      Memory: Undo Object Allocation Succeeded                  0 / 0                 0 / 6                 0 / 6                 0 / 6           ops/s
[240.040s][info][gc,stats    ]      Memory: Undo Page Allocation                              0 / 0                 0 / 1                 0 / 1                 0 / 1           ops/s
[240.040s][info][gc,stats    ]       Phase: Concurrent Mark                              24.184 / 25.034       27.541 / 65.214       27.541 / 65.214       27.541 / 65.214      ms
[240.040s][info][gc,stats    ]       Phase: Concurrent Mark Continue                      0.000 / 0.000         0.000 / 0.000         0.000 / 0.000         0.000 / 0.000       ms
[240.040s][info][gc,stats    ]       Phase: Concurrent Process Non-Strong References      0.487 / 0.552         0.461 / 0.911         0.461 / 0.911         0.461 / 0.911       ms
[240.040s][info][gc,stats    ]       Phase: Concurrent Relocate                           0.534 / 0.671         1.167 / 16.651        1.167 / 16.651        1.167 / 16.651      ms
[240.040s][info][gc,stats    ]       Phase: Concurrent Reset Relocation Set               0.002 / 0.002         0.003 / 0.098         0.003 / 0.098         0.003 / 0.098       ms
[240.040s][info][gc,stats    ]       Phase: Concurrent Select Relocation Set              2.918 / 3.004         2.955 / 12.567        2.955 / 12.567        2.955 / 12.567      ms
[240.040s][info][gc,stats    ]       Phase: Pause Mark End                                0.009 / 0.009         0.009 / 0.025         0.009 / 0.025         0.009 / 0.025       ms
[240.040s][info][gc,stats    ]       Phase: Pause Mark Start                              0.006 / 0.008         0.006 / 0.028         0.006 / 0.028         0.006 / 0.028       ms
[240.040s][info][gc,stats    ]       Phase: Pause Relocate Start                          0.006 / 0.012         0.004 / 0.026         0.004 / 0.026         0.004 / 0.026       ms
[240.040s][info][gc,stats    ]    Subphase: Concurrent Classes Purge                      0.030 / 0.034         0.029 / 0.102         0.029 / 0.102         0.029 / 0.102       ms
[240.040s][info][gc,stats    ]    Subphase: Concurrent Classes Unlink                     0.300 / 0.313         0.296 / 0.571         0.296 / 0.571         0.296 / 0.571       ms
[240.040s][info][gc,stats    ]    Subphase: Concurrent Mark                              23.298 / 24.617       26.772 / 64.907       26.772 / 64.907       26.772 / 64.907      ms
[240.040s][info][gc,stats    ]    Subphase: Concurrent Mark Idle                          1.207 / 1.286         1.184 / 1.327         1.184 / 1.327         1.184 / 1.327       ms
[240.040s][info][gc,stats    ]    Subphase: Concurrent Mark Try Flush                     0.030 / 0.045         0.036 / 0.119         0.036 / 0.119         0.036 / 0.119       ms
[240.040s][info][gc,stats    ]    Subphase: Concurrent Mark Try Terminate                 0.490 / 1.289         0.446 / 1.330         0.446 / 1.330         0.446 / 1.330       ms
[240.040s][info][gc,stats    ]    Subphase: Concurrent References Enqueue                 0.000 / 0.000         0.000 / 0.003         0.000 / 0.003         0.000 / 0.003       ms
[240.040s][info][gc,stats    ]    Subphase: Concurrent References Process                 0.031 / 0.058         0.029 / 0.095         0.029 / 0.095         0.029 / 0.095       ms
[240.040s][info][gc,stats    ]    Subphase: Concurrent Roots ClassLoaderDataGraph         0.019 / 0.043         0.016 / 0.132         0.016 / 0.132         0.016 / 0.132       ms
[240.040s][info][gc,stats    ]    Subphase: Concurrent Roots CodeCache                    0.000 / 0.000         0.000 / 0.000         0.000 / 0.000         0.000 / 0.000       ms
[240.040s][info][gc,stats    ]    Subphase: Concurrent Roots JavaThreads                  0.246 / 0.316         0.191 / 0.322         0.191 / 0.322         0.191 / 0.322       ms
[240.040s][info][gc,stats    ]    Subphase: Concurrent Roots OopStorageSet                0.006 / 0.007         0.004 / 0.022         0.004 / 0.022         0.004 / 0.022       ms
[240.040s][info][gc,stats    ]    Subphase: Concurrent Weak Roots OopStorageSet           0.038 / 0.053         0.038 / 0.120         0.038 / 0.120         0.038 / 0.120       ms
[240.040s][info][gc,stats    ]    Subphase: Pause Mark Try Complete                       0.000 / 0.000         0.000 / 0.000         0.000 / 0.000         0.000 / 0.000       ms
[240.040s][info][gc,stats    ]      System: Java Threads                                     16 / 16               16 / 20               16 / 20               16 / 20          threads
[240.040s][info][gc,stats    ] =========================================================================================================================================================
[240.740s][info][gc,start    ] GC(114) Garbage Collection (Proactive)
[240.740s][info][gc,phases   ] GC(114) Pause Mark Start 0.007ms
[240.765s][info][gc,phases   ] GC(114) Concurrent Mark 24.942ms
[240.766s][info][gc,phases   ] GC(114) Pause Mark End 0.009ms
[240.766s][info][gc,phases   ] GC(114) Concurrent Process Non-Strong References 0.590ms
[240.766s][info][gc,phases   ] GC(114) Concurrent Reset Relocation Set 0.001ms
[240.769s][info][gc,phases   ] GC(114) Concurrent Select Relocation Set 2.978ms
[240.769s][info][gc,phases   ] GC(114) Pause Relocate Start 0.005ms
[240.770s][info][gc,phases   ] GC(114) Concurrent Relocate 0.627ms
[240.770s][info][gc,load     ] GC(114) Load: 3.57/3.54/3.57
[240.770s][info][gc,mmu      ] GC(114) MMU: 2ms/98.6%, 5ms/99.3%, 10ms/99.7%, 20ms/99.8%, 50ms/99.9%, 100ms/100.0%
[240.770s][info][gc,marking  ] GC(114) Mark: 2 stripe(s), 2 proactive flush(es), 1 terminate flush(es), 0 completion(s), 0 continuation(s) 
[240.770s][info][gc,nmethod  ] GC(114) NMethods: 484 registered, 0 unregistered
[240.770s][info][gc,metaspace] GC(114) Metaspace: 0M used, 0M committed, 1032M reserved
[240.770s][info][gc,ref      ] GC(114) Soft: 82 encountered, 0 discovered, 0 enqueued
[240.770s][info][gc,ref      ] GC(114) Weak: 200 encountered, 59 discovered, 0 enqueued
[240.770s][info][gc,ref      ] GC(114) Final: 0 encountered, 0 discovered, 0 enqueued
[240.770s][info][gc,ref      ] GC(114) Phantom: 5 encountered, 3 discovered, 0 enqueued
[240.770s][info][gc,reloc    ] GC(114) Small Pages: 909 / 1818M, Empty: 1668M, Relocated: 4M, In-Place: 0
[240.770s][info][gc,reloc    ] GC(114) Medium Pages: 0 / 0M, Empty: 0M, Relocated: 0M, In-Place: 0
[240.770s][info][gc,reloc    ] GC(114) Large Pages: 0 / 0M, Empty: 0M, Relocated: 0M, In-Place: 0
[240.770s][info][gc,reloc    ] GC(114) Forwarding Usage: 0M
[240.770s][info][gc,heap     ] GC(114) Min Capacity: 8192M(100%)
[240.770s][info][gc,heap     ] GC(114) Max Capacity: 8192M(100%)
[240.770s][info][gc,heap     ] GC(114) Soft Max Capacity: 8192M(100%)
[240.770s][info][gc,heap     ] GC(114)                Mark Start          Mark End        Relocate Start      Relocate End           High               Low         
[240.770s][info][gc,heap     ] GC(114)  Capacity:     8192M (100%)       8192M (100%)       8192M (100%)       8192M (100%)       8192M (100%)       8192M (100%)   
[240.770s][info][gc,heap     ] GC(114)      Free:     6374M (78%)        6346M (77%)        8008M (98%)        8014M (98%)        8014M (98%)        6342M (77%)    
[240.770s][info][gc,heap     ] GC(114)      Used:     1818M (22%)        1846M (23%)         184M (2%)          178M (2%)         1850M (23%)         178M (2%)     
[240.770s][info][gc,heap     ] GC(114)      Live:         -               132M (2%)          132M (2%)          132M (2%)             -                  -          
[240.770s][info][gc,heap     ] GC(114) Allocated:         -                28M (0%)           34M (0%)           34M (0%)             -                  -          
[240.770s][info][gc,heap     ] GC(114)   Garbage:         -              1685M (21%)          17M (0%)           11M (0%)             -                  -          
[240.770s][info][gc,heap     ] GC(114) Reclaimed:         -                  -              1668M (20%)        1674M (20%)            -                  -          
[240.770s][info][gc          ] GC(114) Garbage Collection (Proactive) 1818M(22%)->178M(2%)
[242.340s][info][gc,start    ] GC(115) Garbage Collection (Proactive)
[242.341s][info][gc,phases   ] GC(115) Pause Mark Start 0.006ms
[242.365s][info][gc,phases   ] GC(115) Concurrent Mark 24.514ms
[242.365s][info][gc,phases   ] GC(115) Pause Mark End 0.010ms
[242.366s][info][gc,phases   ] GC(115) Concurrent Process Non-Strong References 0.480ms
[242.366s][info][gc,phases   ] GC(115) Concurrent Reset Relocation Set 0.002ms
[242.369s][info][gc,phases   ] GC(115) Concurrent Select Relocation Set 2.906ms
[242.369s][info][gc,phases   ] GC(115) Pause Relocate Start 0.004ms
[242.369s][info][gc,phases   ] GC(115) Concurrent Relocate 0.474ms
[242.369s][info][gc,load     ] GC(115) Load: 3.57/3.54/3.57
[242.369s][info][gc,mmu      ] GC(115) MMU: 2ms/98.6%, 5ms/99.3%, 10ms/99.7%, 20ms/99.8%, 50ms/99.9%, 100ms/100.0%
[242.369s][info][gc,marking  ] GC(115) Mark: 2 stripe(s), 2 proactive flush(es), 1 terminate flush(es), 0 completion(s), 0 continuation(s) 
[242.369s][info][gc,nmethod  ] GC(115) NMethods: 484 registered, 0 unregistered
[242.369s][info][gc,metaspace] GC(115) Metaspace: 0M used, 0M committed, 1032M reserved
[242.369s][info][gc,ref      ] GC(115) Soft: 82 encountered, 0 discovered, 0 enqueued
[242.370s][info][gc,ref      ] GC(115) Weak: 200 encountered, 183 discovered, 0 enqueued
[242.370s][info][gc,ref      ] GC(115) Final: 0 encountered, 0 discovered, 0 enqueued
[242.370s][info][gc,ref      ] GC(115) Phantom: 5 encountered, 4 discovered, 0 enqueued
[242.370s][info][gc,reloc    ] GC(115) Small Pages: 909 / 1818M, Empty: 1658M, Relocated: 3M, In-Place: 0
[242.370s][info][gc,reloc    ] GC(115) Medium Pages: 0 / 0M, Empty: 0M, Relocated: 0M, In-Place: 0
[242.370s][info][gc,reloc    ] GC(115) Large Pages: 0 / 0M, Empty: 0M, Relocated: 0M, In-Place: 0
[242.370s][info][gc,reloc    ] GC(115) Forwarding Usage: 0M
[242.370s][info][gc,heap     ] GC(115) Min Capacity: 8192M(100%)
[242.370s][info][gc,heap     ] GC(115) Max Capacity: 8192M(100%)
[242.370s][info][gc,heap     ] GC(115) Soft Max Capacity: 8192M(100%)
[242.370s][info][gc,heap     ] GC(115)                Mark Start          Mark End        Relocate Start      Relocate End           High               Low         
[242.370s][info][gc,heap     ] GC(115)  Capacity:     8192M (100%)       8192M (100%)       8192M (100%)       8192M (100%)       8192M (100%)       8192M (100%)   
[242.370s][info][gc,heap     ] GC(115)      Free:     6374M (78%)        6348M (77%)        7994M (98%)        8012M (98%)        8012M (98%)        6348M (77%)    
[242.370s][info][gc,heap     ] GC(115)      Used:     1818M (22%)        1844M (23%)         198M (2%)          180M (2%)         1844M (23%)         180M (2%)     
[242.370s][info][gc,heap     ] GC(115)      Live:         -               132M (2%)          132M (2%)          132M (2%)             -                  -          
[242.370s][info][gc,heap     ] GC(115) Allocated:         -                26M (0%)           38M (0%)           38M (0%)             -                  -          
[242.370s][info][gc,heap     ] GC(115)   Garbage:         -              1685M (21%)          27M (0%)            9M (0%)             -                  -          
[242.370s][info][gc,heap     ] GC(115) Reclaimed:         -                  -              1658M (20%)        1676M (20%)            -                  -          
[242.370s][info][gc          ] GC(115) Garbage Collection (Proactive) 1818M(22%)->180M(2%)
[243.939s][info][gc,start    ] GC(116) Garbage Collection (Proactive)
[243.940s][info][gc,phases   ] GC(116) Pause Mark Start 0.006ms
[243.964s][info][gc,phases   ] GC(116) Concurrent Mark 24.906ms
[243.965s][info][gc,phases   ] GC(116) Pause Mark End 0.010ms
[243.965s][info][gc,phases   ] GC(116) Concurrent Process Non-Strong References 0.451ms
[243.965s][info][gc,phases   ] GC(116) Concurrent Reset Relocation Set 0.002ms
[243.968s][info][gc,phases   ] GC(116) Concurrent Select Relocation Set 3.242ms
[243.968s][info][gc,phases   ] GC(116) Pause Relocate Start 0.004ms
[243.970s][info][gc,phases   ] GC(116) Concurrent Relocate 1.316ms
[243.970s][info][gc,load     ] GC(116) Load: 3.57/3.54/3.57
[243.970s][info][gc,mmu      ] GC(116) MMU: 2ms/98.6%, 5ms/99.3%, 10ms/99.7%, 20ms/99.8%, 50ms/99.9%, 100ms/100.0%
[243.970s][info][gc,marking  ] GC(116) Mark: 2 stripe(s), 2 proactive flush(es), 1 terminate flush(es), 0 completion(s), 0 continuation(s) 
[243.970s][info][gc,nmethod  ] GC(116) NMethods: 484 registered, 0 unregistered
[243.970s][info][gc,metaspace] GC(116) Metaspace: 0M used, 0M committed, 1032M reserved
[243.970s][info][gc,ref      ] GC(116) Soft: 82 encountered, 0 discovered, 0 enqueued
[243.970s][info][gc,ref      ] GC(116) Weak: 200 encountered, 58 discovered, 0 enqueued
[243.970s][info][gc,ref      ] GC(116) Final: 0 encountered, 0 discovered, 0 enqueued
[243.970s][info][gc,ref      ] GC(116) Phantom: 5 encountered, 3 discovered, 0 enqueued
[243.970s][info][gc,reloc    ] GC(116) Small Pages: 908 / 1816M, Empty: 1616M, Relocated: 8M, In-Place: 0
[243.970s][info][gc,reloc    ] GC(116) Medium Pages: 0 / 0M, Empty: 0M, Relocated: 0M, In-Place: 0
[243.970s][info][gc,reloc    ] GC(116) Large Pages: 0 / 0M, Empty: 0M, Relocated: 0M, In-Place: 0
[243.970s][info][gc,reloc    ] GC(116) Forwarding Usage: 0M
[243.970s][info][gc,heap     ] GC(116) Min Capacity: 8192M(100%)
[243.970s][info][gc,heap     ] GC(116) Max Capacity: 8192M(100%)
[243.970s][info][gc,heap     ] GC(116) Soft Max Capacity: 8192M(100%)
[243.970s][info][gc,heap     ] GC(116)                Mark Start          Mark End        Relocate Start      Relocate End           High               Low         
[243.970s][info][gc,heap     ] GC(116)  Capacity:     8192M (100%)       8192M (100%)       8192M (100%)       8192M (100%)       8192M (100%)       8192M (100%)   
[243.970s][info][gc,heap     ] GC(116)      Free:     6376M (78%)        6352M (78%)        7958M (97%)        8010M (98%)        8012M (98%)        6352M (78%)    
[243.970s][info][gc,heap     ] GC(116)      Used:     1816M (22%)        1840M (22%)         234M (3%)          182M (2%)         1840M (22%)         180M (2%)     
[243.970s][info][gc,heap     ] GC(116)      Live:         -               132M (2%)          132M (2%)          132M (2%)             -                  -          
[243.970s][info][gc,heap     ] GC(116) Allocated:         -                24M (0%)           34M (0%)           38M (0%)             -                  -          
[243.970s][info][gc,heap     ] GC(116)   Garbage:         -              1683M (21%)          67M (1%)           11M (0%)             -                  -          
[243.970s][info][gc,heap     ] GC(116) Reclaimed:         -                  -              1616M (20%)        1672M (20%)            -                  -          
[243.970s][info][gc          ] GC(116) Garbage Collection (Proactive) 1816M(22%)->182M(2%)
[245.540s][info][gc,start    ] GC(117) Garbage Collection (Proactive)
[245.540s][info][gc,phases   ] GC(117) Pause Mark Start 0.008ms
[245.564s][info][gc,phases   ] GC(117) Concurrent Mark 24.146ms
[245.565s][info][gc,phases   ] GC(117) Pause Mark End 0.009ms
[245.565s][info][gc,phases   ] GC(117) Concurrent Process Non-Strong References 0.526ms
[245.565s][info][gc,phases   ] GC(117) Concurrent Reset Relocation Set 0.004ms
[245.568s][info][gc,phases   ] GC(117) Concurrent Select Relocation Set 2.876ms
[245.568s][info][gc,phases   ] GC(117) Pause Relocate Start 0.004ms
[245.569s][info][gc,phases   ] GC(117) Concurrent Relocate 0.511ms
[245.569s][info][gc,load     ] GC(117) Load: 3.69/3.56/3.58
[245.569s][info][gc,mmu      ] GC(117) MMU: 2ms/98.6%, 5ms/99.3%, 10ms/99.7%, 20ms/99.8%, 50ms/99.9%, 100ms/100.0%
[245.569s][info][gc,marking  ] GC(117) Mark: 2 stripe(s), 2 proactive flush(es), 1 terminate flush(es), 0 completion(s), 0 continuation(s) 
[245.569s][info][gc,nmethod  ] GC(117) NMethods: 484 registered, 0 unregistered
[245.569s][info][gc,metaspace] GC(117) Metaspace: 0M used, 0M committed, 1032M reserved
[245.569s][info][gc,ref      ] GC(117) Soft: 82 encountered, 0 discovered, 0 enqueued
[245.569s][info][gc,ref      ] GC(117) Weak: 200 encountered, 170 discovered, 0 enqueued
[245.569s][info][gc,ref      ] GC(117) Final: 0 encountered, 0 discovered, 0 enqueued
[245.569s][info][gc,ref      ] GC(117) Phantom: 5 encountered, 3 discovered, 0 enqueued
[245.569s][info][gc,reloc    ] GC(117) Small Pages: 909 / 1818M, Empty: 1662M, Relocated: 3M, In-Place: 0
[245.569s][info][gc,reloc    ] GC(117) Medium Pages: 0 / 0M, Empty: 0M, Relocated: 0M, In-Place: 0
[245.569s][info][gc,reloc    ] GC(117) Large Pages: 0 / 0M, Empty: 0M, Relocated: 0M, In-Place: 0
[245.569s][info][gc,reloc    ] GC(117) Forwarding Usage: 0M
[245.569s][info][gc,heap     ] GC(117) Min Capacity: 8192M(100%)
[245.569s][info][gc,heap     ] GC(117) Max Capacity: 8192M(100%)
[245.569s][info][gc,heap     ] GC(117) Soft Max Capacity: 8192M(100%)
[245.569s][info][gc,heap     ] GC(117)                Mark Start          Mark End        Relocate Start      Relocate End           High               Low         
[245.569s][info][gc,heap     ] GC(117)  Capacity:     8192M (100%)       8192M (100%)       8192M (100%)       8192M (100%)       8192M (100%)       8192M (100%)   
[245.569s][info][gc,heap     ] GC(117)      Free:     6374M (78%)        6350M (78%)        8004M (98%)        8014M (98%)        8014M (98%)        6350M (78%)    
[245.569s][info][gc,heap     ] GC(117)      Used:     1818M (22%)        1842M (22%)         188M (2%)          178M (2%)         1842M (22%)         178M (2%)     
[245.569s][info][gc,heap     ] GC(117)      Live:         -               132M (2%)          132M (2%)          132M (2%)             -                  -          
[245.569s][info][gc,heap     ] GC(117) Allocated:         -                24M (0%)           32M (0%)           32M (0%)             -                  -          
[245.569s][info][gc,heap     ] GC(117)   Garbage:         -              1685M (21%)          23M (0%)           13M (0%)             -                  -          
[245.569s][info][gc,heap     ] GC(117) Reclaimed:         -                  -              1662M (20%)        1672M (20%)            -                  -          
[245.569s][info][gc          ] GC(117) Garbage Collection (Proactive) 1818M(22%)->178M(2%)
[247.140s][info][gc,start    ] GC(118) Garbage Collection (Proactive)
[247.140s][info][gc,phases   ] GC(118) Pause Mark Start 0.005ms
[247.162s][info][gc,phases   ] GC(118) Concurrent Mark 22.020ms
[247.162s][info][gc,phases   ] GC(118) Pause Mark End 0.008ms
[247.163s][info][gc,phases   ] GC(118) Concurrent Process Non-Strong References 0.420ms
[247.163s][info][gc,phases   ] GC(118) Concurrent Reset Relocation Set 0.001ms
[247.165s][info][gc,phases   ] GC(118) Concurrent Select Relocation Set 2.720ms
[247.166s][info][gc,phases   ] GC(118) Pause Relocate Start 0.003ms
[247.167s][info][gc,phases   ] GC(118) Concurrent Relocate 1.349ms
[247.167s][info][gc,load     ] GC(118) Load: 3.69/3.56/3.58
[247.167s][info][gc,mmu      ] GC(118) MMU: 2ms/98.6%, 5ms/99.3%, 10ms/99.7%, 20ms/99.8%, 50ms/99.9%, 100ms/100.0%
[247.167s][info][gc,marking  ] GC(118) Mark: 2 stripe(s), 2 proactive flush(es), 1 terminate flush(es), 0 completion(s), 0 continuation(s) 
[247.167s][info][gc,nmethod  ] GC(118) NMethods: 484 registered, 0 unregistered
[247.167s][info][gc,metaspace] GC(118) Metaspace: 0M used, 0M committed, 1032M reserved
[247.167s][info][gc,ref      ] GC(118) Soft: 82 encountered, 0 discovered, 0 enqueued
[247.167s][info][gc,ref      ] GC(118) Weak: 200 encountered, 55 discovered, 0 enqueued
[247.167s][info][gc,ref      ] GC(118) Final: 0 encountered, 0 discovered, 0 enqueued
[247.167s][info][gc,ref      ] GC(118) Phantom: 5 encountered, 3 discovered, 0 enqueued
[247.167s][info][gc,reloc    ] GC(118) Small Pages: 910 / 1820M, Empty: 1670M, Relocated: 6M, In-Place: 0
[247.167s][info][gc,reloc    ] GC(118) Medium Pages: 0 / 0M, Empty: 0M, Relocated: 0M, In-Place: 0
[247.167s][info][gc,reloc    ] GC(118) Large Pages: 0 / 0M, Empty: 0M, Relocated: 0M, In-Place: 0
[247.167s][info][gc,reloc    ] GC(118) Forwarding Usage: 0M
[247.167s][info][gc,heap     ] GC(118) Min Capacity: 8192M(100%)
[247.167s][info][gc,heap     ] GC(118) Max Capacity: 8192M(100%)
[247.167s][info][gc,heap     ] GC(118) Soft Max Capacity: 8192M(100%)
[247.167s][info][gc,heap     ] GC(118)                Mark Start          Mark End        Relocate Start      Relocate End           High               Low         
[247.167s][info][gc,heap     ] GC(118)  Capacity:     8192M (100%)       8192M (100%)       8192M (100%)       8192M (100%)       8192M (100%)       8192M (100%)   
[247.167s][info][gc,heap     ] GC(118)      Free:     6372M (78%)        6348M (77%)        8018M (98%)        8016M (98%)        8018M (98%)        6348M (77%)    
[247.167s][info][gc,heap     ] GC(118)      Used:     1820M (22%)        1844M (23%)         174M (2%)          176M (2%)         1844M (23%)         174M (2%)     
[247.167s][info][gc,heap     ] GC(118)      Live:         -               132M (2%)          132M (2%)          132M (2%)             -                  -          
[247.167s][info][gc,heap     ] GC(118) Allocated:         -                24M (0%)           24M (0%)           34M (0%)             -                  -          
[247.167s][info][gc,heap     ] GC(118)   Garbage:         -              1687M (21%)          17M (0%)            9M (0%)             -                  -          
[247.167s][info][gc,heap     ] GC(118) Reclaimed:         -                  -              1670M (20%)        1678M (20%)            -                  -          
[247.167s][info][gc          ] GC(118) Garbage Collection (Proactive) 1820M(22%)->176M(2%)
[248.741s][info][gc,start    ] GC(119) Garbage Collection (Proactive)
[248.741s][info][gc,phases   ] GC(119) Pause Mark Start 0.004ms
[248.763s][info][gc,phases   ] GC(119) Concurrent Mark 22.587ms
[248.763s][info][gc,phases   ] GC(119) Pause Mark End 0.008ms
[248.764s][info][gc,phases   ] GC(119) Concurrent Process Non-Strong References 0.454ms
[248.764s][info][gc,phases   ] GC(119) Concurrent Reset Relocation Set 0.002ms
[248.767s][info][gc,phases   ] GC(119) Concurrent Select Relocation Set 3.047ms
[248.767s][info][gc,phases   ] GC(119) Pause Relocate Start 0.005ms
[248.768s][info][gc,phases   ] GC(119) Concurrent Relocate 1.034ms
[248.768s][info][gc,load     ] GC(119) Load: 3.69/3.56/3.58
[248.768s][info][gc,mmu      ] GC(119) MMU: 2ms/98.6%, 5ms/99.3%, 10ms/99.7%, 20ms/99.8%, 50ms/99.9%, 100ms/100.0%
[248.768s][info][gc,marking  ] GC(119) Mark: 2 stripe(s), 2 proactive flush(es), 1 terminate flush(es), 0 completion(s), 0 continuation(s) 
[248.768s][info][gc,nmethod  ] GC(119) NMethods: 484 registered, 0 unregistered
[248.768s][info][gc,metaspace] GC(119) Metaspace: 0M used, 0M committed, 1032M reserved
[248.768s][info][gc,ref      ] GC(119) Soft: 82 encountered, 0 discovered, 0 enqueued
[248.769s][info][gc,ref      ] GC(119) Weak: 200 encountered, 170 discovered, 0 enqueued
[248.769s][info][gc,ref      ] GC(119) Final: 0 encountered, 0 discovered, 0 enqueued
[248.769s][info][gc,ref      ] GC(119) Phantom: 5 encountered, 3 discovered, 0 enqueued
[248.769s][info][gc,reloc    ] GC(119) Small Pages: 908 / 1816M, Empty: 1658M, Relocated: 4M, In-Place: 0
[248.769s][info][gc,reloc    ] GC(119) Medium Pages: 0 / 0M, Empty: 0M, Relocated: 0M, In-Place: 0
[248.769s][info][gc,reloc    ] GC(119) Large Pages: 0 / 0M, Empty: 0M, Relocated: 0M, In-Place: 0
[248.769s][info][gc,reloc    ] GC(119) Forwarding Usage: 0M
[248.769s][info][gc,heap     ] GC(119) Min Capacity: 8192M(100%)
[248.769s][info][gc,heap     ] GC(119) Max Capacity: 8192M(100%)
[248.769s][info][gc,heap     ] GC(119) Soft Max Capacity: 8192M(100%)
[248.769s][info][gc,heap     ] GC(119)                Mark Start          Mark End        Relocate Start      Relocate End           High               Low         
[248.769s][info][gc,heap     ] GC(119)  Capacity:     8192M (100%)       8192M (100%)       8192M (100%)       8192M (100%)       8192M (100%)       8192M (100%)   
[248.769s][info][gc,heap     ] GC(119)      Free:     6376M (78%)        6352M (78%)        8002M (98%)        8016M (98%)        8016M (98%)        6352M (78%)    
[248.769s][info][gc,heap     ] GC(119)      Used:     1816M (22%)        1840M (22%)         190M (2%)          176M (2%)         1840M (22%)         176M (2%)     
[248.769s][info][gc,heap     ] GC(119)      Live:         -               132M (2%)          132M (2%)          132M (2%)             -                  -          
[248.769s][info][gc,heap     ] GC(119) Allocated:         -                24M (0%)           32M (0%)           32M (0%)             -                  -          
[248.769s][info][gc,heap     ] GC(119)   Garbage:         -              1683M (21%)          25M (0%)           11M (0%)             -                  -          
[248.769s][info][gc,heap     ] GC(119) Reclaimed:         -                  -              1658M (20%)        1672M (20%)            -                  -          
[248.769s][info][gc          ] GC(119) Garbage Collection (Proactive) 1816M(22%)->176M(2%)
[250.041s][info][gc,stats    ] === Garbage Collection Statistics =======================================================================================================================
[250.041s][info][gc,stats    ]                                                              Last 10s              Last 10m              Last 10h                Total
[250.041s][info][gc,stats    ]                                                              Avg / Max             Avg / Max             Avg / Max             Avg / Max
[250.041s][info][gc,stats    ]   Collector: Garbage Collection Cycle                     28.846 / 30.492       32.521 / 95.920       32.521 / 95.920       32.521 / 95.920      ms
[250.041s][info][gc,stats    ]  Contention: Mark Segment Reset Contention                     0 / 0                 0 / 4                 0 / 4                 0 / 4           ops/s
[250.041s][info][gc,stats    ]  Contention: Mark SeqNum Reset Contention                      0 / 0                 0 / 0                 0 / 0                 0 / 0           ops/s
[250.041s][info][gc,stats    ]    Critical: Allocation Stall                                  0 / 0                 0 / 0                 0 / 0                 0 / 0           ops/s
[250.041s][info][gc,stats    ]    Critical: Allocation Stall                              0.000 / 0.000         0.000 / 0.000         0.000 / 0.000         0.000 / 0.000       ms
[250.041s][info][gc,stats    ]    Critical: GC Locker Stall                                   0 / 0                 0 / 0                 0 / 0                 0 / 0           ops/s
[250.041s][info][gc,stats    ]    Critical: GC Locker Stall                               0.000 / 0.000         0.000 / 0.000         0.000 / 0.000         0.000 / 0.000       ms
[250.041s][info][gc,stats    ]    Critical: Relocation Stall                                  0 / 0                 0 / 0                 0 / 0                 0 / 0           ops/s
[250.041s][info][gc,stats    ]    Critical: Relocation Stall                              0.000 / 0.000         0.000 / 0.000         0.000 / 0.000         0.000 / 0.000       ms
[250.041s][info][gc,stats    ]      Memory: Allocation Rate                                1046 / 1052           1077 / 9212           1077 / 9212           1077 / 9212        MB/s
[250.041s][info][gc,stats    ]      Memory: Out Of Memory                                     0 / 0                 0 / 0                 0 / 0                 0 / 0           ops/s
[250.041s][info][gc,stats    ]      Memory: Page Cache Flush                                  0 / 0                 0 / 0                 0 / 0                 0 / 0           MB/s
[250.041s][info][gc,stats    ]      Memory: Page Cache Hit L1                               525 / 531             517 / 533             517 / 533             517 / 533         ops/s
[250.041s][info][gc,stats    ]      Memory: Page Cache Hit L2                                 0 / 0                 0 / 0                 0 / 0                 0 / 0           ops/s
[250.041s][info][gc,stats    ]      Memory: Page Cache Hit L3                                 0 / 0                 6 / 486               6 / 486               6 / 486         ops/s
[250.041s][info][gc,stats    ]      Memory: Page Cache Miss                                   0 / 0                 0 / 1                 0 / 1                 0 / 1           ops/s
[250.041s][info][gc,stats    ]      Memory: Uncommit                                          0 / 0                 0 / 0                 0 / 0                 0 / 0           MB/s
[250.041s][info][gc,stats    ]      Memory: Undo Object Allocation Failed                     0 / 0                 0 / 0                 0 / 0                 0 / 0           ops/s
[250.041s][info][gc,stats    ]      Memory: Undo Object Allocation Succeeded                  0 / 1                 0 / 6                 0 / 6                 0 / 6           ops/s
[250.041s][info][gc,stats    ]      Memory: Undo Page Allocation                              0 / 0                 0 / 1                 0 / 1                 0 / 1           ops/s
[250.041s][info][gc,stats    ]       Phase: Concurrent Mark                              23.853 / 24.942       27.356 / 65.214       27.356 / 65.214       27.356 / 65.214      ms
[250.041s][info][gc,stats    ]       Phase: Concurrent Mark Continue                      0.000 / 0.000         0.000 / 0.000         0.000 / 0.000         0.000 / 0.000       ms
[250.041s][info][gc,stats    ]       Phase: Concurrent Process Non-Strong References      0.487 / 0.590         0.462 / 0.911         0.462 / 0.911         0.462 / 0.911       ms
[250.041s][info][gc,stats    ]       Phase: Concurrent Relocate                           0.885 / 1.349         1.153 / 16.651        1.153 / 16.651        1.153 / 16.651      ms
[250.041s][info][gc,stats    ]       Phase: Concurrent Reset Relocation Set               0.002 / 0.004         0.003 / 0.098         0.003 / 0.098         0.003 / 0.098       ms
[250.041s][info][gc,stats    ]       Phase: Concurrent Select Relocation Set              2.962 / 3.242         2.955 / 12.567        2.955 / 12.567        2.955 / 12.567      ms
[250.041s][info][gc,stats    ]       Phase: Pause Mark End                                0.009 / 0.010         0.009 / 0.025         0.009 / 0.025         0.009 / 0.025       ms
[250.041s][info][gc,stats    ]       Phase: Pause Mark Start                              0.006 / 0.008         0.006 / 0.028         0.006 / 0.028         0.006 / 0.028       ms
[250.041s][info][gc,stats    ]       Phase: Pause Relocate Start                          0.004 / 0.005         0.004 / 0.026         0.004 / 0.026         0.004 / 0.026       ms
[250.041s][info][gc,stats    ]    Subphase: Concurrent Classes Purge                      0.028 / 0.033         0.029 / 0.102         0.029 / 0.102         0.029 / 0.102       ms
[250.041s][info][gc,stats    ]    Subphase: Concurrent Classes Unlink                     0.307 / 0.339         0.297 / 0.571         0.297 / 0.571         0.297 / 0.571       ms
[250.041s][info][gc,stats    ]    Subphase: Concurrent Mark                              22.971 / 24.521       26.582 / 64.907       26.582 / 64.907       26.582 / 64.907      ms
[250.041s][info][gc,stats    ]    Subphase: Concurrent Mark Idle                          1.250 / 1.321         1.188 / 1.327         1.188 / 1.327         1.188 / 1.327       ms
[250.041s][info][gc,stats    ]    Subphase: Concurrent Mark Try Flush                     0.029 / 0.048         0.035 / 0.119         0.035 / 0.119         0.035 / 0.119       ms
[250.041s][info][gc,stats    ]    Subphase: Concurrent Mark Try Terminate                 0.506 / 1.323         0.449 / 1.330         0.449 / 1.330         0.449 / 1.330       ms
[250.041s][info][gc,stats    ]    Subphase: Concurrent References Enqueue                 0.000 / 0.000         0.000 / 0.003         0.000 / 0.003         0.000 / 0.003       ms
[250.041s][info][gc,stats    ]    Subphase: Concurrent References Process                 0.027 / 0.041         0.029 / 0.095         0.029 / 0.095         0.029 / 0.095       ms
[250.041s][info][gc,stats    ]    Subphase: Concurrent Roots ClassLoaderDataGraph         0.019 / 0.061         0.016 / 0.132         0.016 / 0.132         0.016 / 0.132       ms
[250.041s][info][gc,stats    ]    Subphase: Concurrent Roots CodeCache                    0.000 / 0.000         0.000 / 0.000         0.000 / 0.000         0.000 / 0.000       ms
[250.041s][info][gc,stats    ]    Subphase: Concurrent Roots JavaThreads                  0.229 / 0.317         0.193 / 0.322         0.193 / 0.322         0.193 / 0.322       ms
[250.041s][info][gc,stats    ]    Subphase: Concurrent Roots OopStorageSet                0.005 / 0.006         0.004 / 0.022         0.004 / 0.022         0.004 / 0.022       ms
[250.041s][info][gc,stats    ]    Subphase: Concurrent Weak Roots OopStorageSet           0.037 / 0.052         0.038 / 0.120         0.038 / 0.120         0.038 / 0.120       ms
[250.041s][info][gc,stats    ]    Subphase: Pause Mark Try Complete                       0.000 / 0.000         0.000 / 0.000         0.000 / 0.000         0.000 / 0.000       ms
[250.041s][info][gc,stats    ]      System: Java Threads                                     16 / 16               16 / 20               16 / 20               16 / 20          threads
[250.041s][info][gc,stats    ] =========================================================================================================================================================
[250.241s][info][gc,start    ] GC(120) Garbage Collection (Proactive)
[250.241s][info][gc,phases   ] GC(120) Pause Mark Start 0.006ms
[250.265s][info][gc,phases   ] GC(120) Concurrent Mark 24.126ms
[250.265s][info][gc,phases   ] GC(120) Pause Mark End 0.009ms
[250.266s][info][gc,phases   ] GC(120) Concurrent Process Non-Strong References 0.462ms
[250.266s][info][gc,phases   ] GC(120) Concurrent Reset Relocation Set 0.002ms
[250.269s][info][gc,phases   ] GC(120) Concurrent Select Relocation Set 2.902ms
[250.269s][info][gc,phases   ] GC(120) Pause Relocate Start 0.003ms
[250.270s][info][gc,phases   ] GC(120) Concurrent Relocate 1.179ms
[250.270s][info][gc,load     ] GC(120) Load: 3.69/3.56/3.58
[250.270s][info][gc,mmu      ] GC(120) MMU: 2ms/98.6%, 5ms/99.3%, 10ms/99.7%, 20ms/99.8%, 50ms/99.9%, 100ms/100.0%
[250.270s][info][gc,marking  ] GC(120) Mark: 2 stripe(s), 2 proactive flush(es), 1 terminate flush(es), 0 completion(s), 0 continuation(s) 
[250.270s][info][gc,nmethod  ] GC(120) NMethods: 484 registered, 0 unregistered
[250.270s][info][gc,metaspace] GC(120) Metaspace: 0M used, 0M committed, 1032M reserved
[250.270s][info][gc,ref      ] GC(120) Soft: 82 encountered, 0 discovered, 0 enqueued
[250.270s][info][gc,ref      ] GC(120) Weak: 200 encountered, 170 discovered, 0 enqueued
[250.270s][info][gc,ref      ] GC(120) Final: 0 encountered, 0 discovered, 0 enqueued
[250.270s][info][gc,ref      ] GC(120) Phantom: 5 encountered, 3 discovered, 0 enqueued
[250.270s][info][gc,reloc    ] GC(120) Small Pages: 856 / 1712M, Empty: 1558M, Relocated: 6M, In-Place: 0
[250.270s][info][gc,reloc    ] GC(120) Medium Pages: 0 / 0M, Empty: 0M, Relocated: 0M, In-Place: 0
[250.270s][info][gc,reloc    ] GC(120) Large Pages: 0 / 0M, Empty: 0M, Relocated: 0M, In-Place: 0
[250.270s][info][gc,reloc    ] GC(120) Forwarding Usage: 0M
[250.270s][info][gc,heap     ] GC(120) Min Capacity: 8192M(100%)
[250.270s][info][gc,heap     ] GC(120) Max Capacity: 8192M(100%)
[250.270s][info][gc,heap     ] GC(120) Soft Max Capacity: 8192M(100%)
[250.270s][info][gc,heap     ] GC(120)                Mark Start          Mark End        Relocate Start      Relocate End           High               Low         
[250.270s][info][gc,heap     ] GC(120)  Capacity:     8192M (100%)       8192M (100%)       8192M (100%)       8192M (100%)       8192M (100%)       8192M (100%)   
[250.270s][info][gc,heap     ] GC(120)      Free:     6480M (79%)        6456M (79%)        8006M (98%)        8016M (98%)        8016M (98%)        6456M (79%)    
[250.270s][info][gc,heap     ] GC(120)      Used:     1712M (21%)        1736M (21%)         186M (2%)          176M (2%)         1736M (21%)         176M (2%)     
[250.270s][info][gc,heap     ] GC(120)      Live:         -               132M (2%)          132M (2%)          132M (2%)             -                  -          
[250.270s][info][gc,heap     ] GC(120) Allocated:         -                24M (0%)           32M (0%)           32M (0%)             -                  -          
[250.270s][info][gc,heap     ] GC(120)   Garbage:         -              1579M (19%)          21M (0%)           11M (0%)             -                  -          
[250.270s][info][gc,heap     ] GC(120) Reclaimed:         -                  -              1558M (19%)        1568M (19%)            -                  -          
[250.270s][info][gc          ] GC(120) Garbage Collection (Proactive) 1712M(21%)->176M(2%)
[251.841s][info][gc,start    ] GC(121) Garbage Collection (Proactive)
[251.841s][info][gc,phases   ] GC(121) Pause Mark Start 0.005ms
[251.862s][info][gc,phases   ] GC(121) Concurrent Mark 21.012ms
[251.862s][info][gc,phases   ] GC(121) Pause Mark End 0.008ms
[251.862s][info][gc,phases   ] GC(121) Concurrent Process Non-Strong References 0.366ms
[251.862s][info][gc,phases   ] GC(121) Concurrent Reset Relocation Set 0.001ms
[251.865s][info][gc,phases   ] GC(121) Concurrent Select Relocation Set 2.389ms
[251.865s][info][gc,phases   ] GC(121) Pause Relocate Start 0.003ms
[251.865s][info][gc,phases   ] GC(121) Concurrent Relocate 0.692ms
[251.865s][info][gc,load     ] GC(121) Load: 3.47/3.52/3.56
[251.865s][info][gc,mmu      ] GC(121) MMU: 2ms/98.6%, 5ms/99.3%, 10ms/99.7%, 20ms/99.8%, 50ms/99.9%, 100ms/100.0%
[251.865s][info][gc,marking  ] GC(121) Mark: 2 stripe(s), 2 proactive flush(es), 1 terminate flush(es), 0 completion(s), 0 continuation(s) 
[251.866s][info][gc,nmethod  ] GC(121) NMethods: 484 registered, 0 unregistered
[251.866s][info][gc,metaspace] GC(121) Metaspace: 0M used, 0M committed, 1032M reserved
[251.866s][info][gc,ref      ] GC(121) Soft: 82 encountered, 0 discovered, 0 enqueued
[251.866s][info][gc,ref      ] GC(121) Weak: 200 encountered, 170 discovered, 0 enqueued
[251.866s][info][gc,ref      ] GC(121) Final: 0 encountered, 0 discovered, 0 enqueued
[251.866s][info][gc,ref      ] GC(121) Phantom: 5 encountered, 3 discovered, 0 enqueued
[251.866s][info][gc,reloc    ] GC(121) Small Pages: 908 / 1816M, Empty: 1664M, Relocated: 5M, In-Place: 0
[251.866s][info][gc,reloc    ] GC(121) Medium Pages: 0 / 0M, Empty: 0M, Relocated: 0M, In-Place: 0
[251.866s][info][gc,reloc    ] GC(121) Large Pages: 0 / 0M, Empty: 0M, Relocated: 0M, In-Place: 0
[251.866s][info][gc,reloc    ] GC(121) Forwarding Usage: 0M
[251.866s][info][gc,heap     ] GC(121) Min Capacity: 8192M(100%)
[251.866s][info][gc,heap     ] GC(121) Max Capacity: 8192M(100%)
[251.866s][info][gc,heap     ] GC(121) Soft Max Capacity: 8192M(100%)
[251.866s][info][gc,heap     ] GC(121)                Mark Start          Mark End        Relocate Start      Relocate End           High               Low         
[251.866s][info][gc,heap     ] GC(121)  Capacity:     8192M (100%)       8192M (100%)       8192M (100%)       8192M (100%)       8192M (100%)       8192M (100%)   
[251.866s][info][gc,heap     ] GC(121)      Free:     6376M (78%)        6352M (78%)        8016M (98%)        8022M (98%)        8022M (98%)        6352M (78%)    
[251.866s][info][gc,heap     ] GC(121)      Used:     1816M (22%)        1840M (22%)         176M (2%)          170M (2%)         1840M (22%)         170M (2%)     
[251.866s][info][gc,heap     ] GC(121)      Live:         -               132M (2%)          132M (2%)          132M (2%)             -                  -          
[251.866s][info][gc,heap     ] GC(121) Allocated:         -                24M (0%)           24M (0%)           26M (0%)             -                  -          
[251.866s][info][gc,heap     ] GC(121)   Garbage:         -              1683M (21%)          19M (0%)           11M (0%)             -                  -          
[251.866s][info][gc,heap     ] GC(121) Reclaimed:         -                  -              1664M (20%)        1672M (20%)            -                  -          
[251.866s][info][gc          ] GC(121) Garbage Collection (Proactive) 1816M(22%)->170M(2%)
[253.541s][info][gc,start    ] GC(122) Garbage Collection (Proactive)
[253.541s][info][gc,phases   ] GC(122) Pause Mark Start 0.005ms
[253.564s][info][gc,phases   ] GC(122) Concurrent Mark 23.028ms
[253.564s][info][gc,phases   ] GC(122) Pause Mark End 0.009ms
[253.564s][info][gc,phases   ] GC(122) Concurrent Process Non-Strong References 0.452ms
[253.564s][info][gc,phases   ] GC(122) Concurrent Reset Relocation Set 0.002ms
[253.567s][info][gc,phases   ] GC(122) Concurrent Select Relocation Set 2.799ms
[253.567s][info][gc,phases   ] GC(122) Pause Relocate Start 0.004ms
[253.569s][info][gc,phases   ] GC(122) Concurrent Relocate 1.008ms
[253.569s][info][gc,load     ] GC(122) Load: 3.47/3.52/3.56
[253.569s][info][gc,mmu      ] GC(122) MMU: 2ms/98.6%, 5ms/99.3%, 10ms/99.7%, 20ms/99.8%, 50ms/99.9%, 100ms/100.0%
[253.569s][info][gc,marking  ] GC(122) Mark: 2 stripe(s), 2 proactive flush(es), 1 terminate flush(es), 0 completion(s), 0 continuation(s) 
[253.569s][info][gc,nmethod  ] GC(122) NMethods: 484 registered, 0 unregistered
[253.569s][info][gc,metaspace] GC(122) Metaspace: 0M used, 0M committed, 1032M reserved
[253.569s][info][gc,ref      ] GC(122) Soft: 82 encountered, 0 discovered, 0 enqueued
[253.569s][info][gc,ref      ] GC(122) Weak: 200 encountered, 63 discovered, 0 enqueued
[253.569s][info][gc,ref      ] GC(122) Final: 0 encountered, 0 discovered, 0 enqueued
[253.569s][info][gc,ref      ] GC(122) Phantom: 5 encountered, 4 discovered, 0 enqueued
[253.569s][info][gc,reloc    ] GC(122) Small Pages: 960 / 1920M, Empty: 1768M, Relocated: 6M, In-Place: 0
[253.569s][info][gc,reloc    ] GC(122) Medium Pages: 0 / 0M, Empty: 0M, Relocated: 0M, In-Place: 0
[253.569s][info][gc,reloc    ] GC(122) Large Pages: 0 / 0M, Empty: 0M, Relocated: 0M, In-Place: 0
[253.569s][info][gc,reloc    ] GC(122) Forwarding Usage: 0M
[253.569s][info][gc,heap     ] GC(122) Min Capacity: 8192M(100%)
[253.569s][info][gc,heap     ] GC(122) Max Capacity: 8192M(100%)
[253.569s][info][gc,heap     ] GC(122) Soft Max Capacity: 8192M(100%)
[253.569s][info][gc,heap     ] GC(122)                Mark Start          Mark End        Relocate Start      Relocate End           High               Low         
[253.569s][info][gc,heap     ] GC(122)  Capacity:     8192M (100%)       8192M (100%)       8192M (100%)       8192M (100%)       8192M (100%)       8192M (100%)   
[253.569s][info][gc,heap     ] GC(122)      Free:     6272M (77%)        6248M (76%)        8008M (98%)        8016M (98%)        8016M (98%)        6248M (76%)    
[253.569s][info][gc,heap     ] GC(122)      Used:     1920M (23%)        1944M (24%)         184M (2%)          176M (2%)         1944M (24%)         176M (2%)     
[253.569s][info][gc,heap     ] GC(122)      Live:         -               132M (2%)          132M (2%)          132M (2%)             -                  -          
[253.569s][info][gc,heap     ] GC(122) Allocated:         -                24M (0%)           32M (0%)           34M (0%)             -                  -          
[253.569s][info][gc,heap     ] GC(122)   Garbage:         -              1787M (22%)          19M (0%)            9M (0%)             -                  -          
[253.569s][info][gc,heap     ] GC(122) Reclaimed:         -                  -              1768M (22%)        1778M (22%)            -                  -          
[253.569s][info][gc          ] GC(122) Garbage Collection (Proactive) 1920M(23%)->176M(2%)
[255.141s][info][gc,start    ] GC(123) Garbage Collection (Proactive)
[255.141s][info][gc,phases   ] GC(123) Pause Mark Start 0.007ms
[255.165s][info][gc,phases   ] GC(123) Concurrent Mark 24.047ms
[255.165s][info][gc,phases   ] GC(123) Pause Mark End 0.009ms
[255.166s][info][gc,phases   ] GC(123) Concurrent Process Non-Strong References 0.461ms
[255.166s][info][gc,phases   ] GC(123) Concurrent Reset Relocation Set 0.002ms
[255.169s][info][gc,phases   ] GC(123) Concurrent Select Relocation Set 2.861ms
[255.169s][info][gc,phases   ] GC(123) Pause Relocate Start 0.003ms
[255.170s][info][gc,phases   ] GC(123) Concurrent Relocate 0.813ms
[255.170s][info][gc,load     ] GC(123) Load: 3.47/3.52/3.56
[255.170s][info][gc,mmu      ] GC(123) MMU: 2ms/98.6%, 5ms/99.3%, 10ms/99.7%, 20ms/99.8%, 50ms/99.9%, 100ms/100.0%
[255.170s][info][gc,marking  ] GC(123) Mark: 2 stripe(s), 2 proactive flush(es), 1 terminate flush(es), 0 completion(s), 0 continuation(s) 
[255.170s][info][gc,nmethod  ] GC(123) NMethods: 484 registered, 0 unregistered
[255.170s][info][gc,metaspace] GC(123) Metaspace: 0M used, 0M committed, 1032M reserved
[255.170s][info][gc,ref      ] GC(123) Soft: 82 encountered, 0 discovered, 0 enqueued
[255.170s][info][gc,ref      ] GC(123) Weak: 200 encountered, 170 discovered, 0 enqueued
[255.170s][info][gc,ref      ] GC(123) Final: 0 encountered, 0 discovered, 0 enqueued
[255.170s][info][gc,ref      ] GC(123) Phantom: 5 encountered, 3 discovered, 0 enqueued
[255.170s][info][gc,reloc    ] GC(123) Small Pages: 907 / 1814M, Empty: 1660M, Relocated: 5M, In-Place: 0
[255.170s][info][gc,reloc    ] GC(123) Medium Pages: 0 / 0M, Empty: 0M, Relocated: 0M, In-Place: 0
[255.170s][info][gc,reloc    ] GC(123) Large Pages: 0 / 0M, Empty: 0M, Relocated: 0M, In-Place: 0
[255.170s][info][gc,reloc    ] GC(123) Forwarding Usage: 0M
[255.170s][info][gc,heap     ] GC(123) Min Capacity: 8192M(100%)
[255.170s][info][gc,heap     ] GC(123) Max Capacity: 8192M(100%)
[255.170s][info][gc,heap     ] GC(123) Soft Max Capacity: 8192M(100%)
[255.170s][info][gc,heap     ] GC(123)                Mark Start          Mark End        Relocate Start      Relocate End           High               Low         
[255.170s][info][gc,heap     ] GC(123)  Capacity:     8192M (100%)       8192M (100%)       8192M (100%)       8192M (100%)       8192M (100%)       8192M (100%)   
[255.170s][info][gc,heap     ] GC(123)      Free:     6378M (78%)        6354M (78%)        8004M (98%)        8016M (98%)        8016M (98%)        6348M (77%)    
[255.170s][info][gc,heap     ] GC(123)      Used:     1814M (22%)        1838M (22%)         188M (2%)          176M (2%)         1844M (23%)         176M (2%)     
[255.170s][info][gc,heap     ] GC(123)      Live:         -               132M (2%)          132M (2%)          132M (2%)             -                  -          
[255.170s][info][gc,heap     ] GC(123) Allocated:         -                24M (0%)           34M (0%)           34M (0%)             -                  -          
[255.170s][info][gc,heap     ] GC(123)   Garbage:         -              1681M (21%)          21M (0%)            9M (0%)             -                  -          
[255.170s][info][gc,heap     ] GC(123) Reclaimed:         -                  -              1660M (20%)        1672M (20%)            -                  -          
[255.170s][info][gc          ] GC(123) Garbage Collection (Proactive) 1814M(22%)->176M(2%)
[256.740s][info][gc,start    ] GC(124) Garbage Collection (Proactive)
[256.740s][info][gc,phases   ] GC(124) Pause Mark Start 0.008ms
[256.766s][info][gc,phases   ] GC(124) Concurrent Mark 26.636ms
[256.767s][info][gc,phases   ] GC(124) Pause Mark End 0.009ms
[256.767s][info][gc,phases   ] GC(124) Concurrent Process Non-Strong References 0.525ms
[256.767s][info][gc,phases   ] GC(124) Concurrent Reset Relocation Set 0.002ms
[256.770s][info][gc,phases   ] GC(124) Concurrent Select Relocation Set 2.934ms
[256.770s][info][gc,phases   ] GC(124) Pause Relocate Start 0.004ms
[256.771s][info][gc,phases   ] GC(124) Concurrent Relocate 0.915ms
[256.771s][info][gc,load     ] GC(124) Load: 3.91/3.61/3.59
[256.771s][info][gc,mmu      ] GC(124) MMU: 2ms/98.6%, 5ms/99.3%, 10ms/99.7%, 20ms/99.8%, 50ms/99.9%, 100ms/100.0%
[256.771s][info][gc,marking  ] GC(124) Mark: 2 stripe(s), 2 proactive flush(es), 1 terminate flush(es), 0 completion(s), 0 continuation(s) 
[256.771s][info][gc,nmethod  ] GC(124) NMethods: 484 registered, 0 unregistered
[256.772s][info][gc,metaspace] GC(124) Metaspace: 0M used, 0M committed, 1032M reserved
[256.772s][info][gc,ref      ] GC(124) Soft: 82 encountered, 0 discovered, 0 enqueued
[256.772s][info][gc,ref      ] GC(124) Weak: 200 encountered, 62 discovered, 0 enqueued
[256.772s][info][gc,ref      ] GC(124) Final: 0 encountered, 0 discovered, 0 enqueued
[256.772s][info][gc,ref      ] GC(124) Phantom: 5 encountered, 3 discovered, 0 enqueued
[256.772s][info][gc,reloc    ] GC(124) Small Pages: 907 / 1814M, Empty: 1664M, Relocated: 6M, In-Place: 0
[256.772s][info][gc,reloc    ] GC(124) Medium Pages: 0 / 0M, Empty: 0M, Relocated: 0M, In-Place: 0
[256.772s][info][gc,reloc    ] GC(124) Large Pages: 0 / 0M, Empty: 0M, Relocated: 0M, In-Place: 0
[256.772s][info][gc,reloc    ] GC(124) Forwarding Usage: 0M
[256.772s][info][gc,heap     ] GC(124) Min Capacity: 8192M(100%)
[256.772s][info][gc,heap     ] GC(124) Max Capacity: 8192M(100%)
[256.772s][info][gc,heap     ] GC(124) Soft Max Capacity: 8192M(100%)
[256.772s][info][gc,heap     ] GC(124)                Mark Start          Mark End        Relocate Start      Relocate End           High               Low         
[256.772s][info][gc,heap     ] GC(124)  Capacity:     8192M (100%)       8192M (100%)       8192M (100%)       8192M (100%)       8192M (100%)       8192M (100%)   
[256.772s][info][gc,heap     ] GC(124)      Free:     6378M (78%)        6352M (78%)        8010M (98%)        8014M (98%)        8014M (98%)        6346M (77%)    
[256.772s][info][gc,heap     ] GC(124)      Used:     1814M (22%)        1840M (22%)         182M (2%)          178M (2%)         1846M (23%)         178M (2%)     
[256.772s][info][gc,heap     ] GC(124)      Live:         -               132M (2%)          132M (2%)          132M (2%)             -                  -          
[256.772s][info][gc,heap     ] GC(124) Allocated:         -                26M (0%)           32M (0%)           36M (0%)             -                  -          
[256.772s][info][gc,heap     ] GC(124)   Garbage:         -              1681M (21%)          17M (0%)            9M (0%)             -                  -          
[256.772s][info][gc,heap     ] GC(124) Reclaimed:         -                  -              1664M (20%)        1672M (20%)            -                  -          
[256.772s][info][gc          ] GC(124) Garbage Collection (Proactive) 1814M(22%)->178M(2%)
[258.641s][info][gc,start    ] GC(125) Garbage Collection (Proactive)
[258.641s][info][gc,phases   ] GC(125) Pause Mark Start 0.006ms
[258.679s][info][gc,phases   ] GC(125) Concurrent Mark 37.732ms
[258.679s][info][gc,phases   ] GC(125) Pause Mark End 0.008ms
[258.679s][info][gc,phases   ] GC(125) Concurrent Process Non-Strong References 0.415ms
[258.679s][info][gc,phases   ] GC(125) Concurrent Reset Relocation Set 0.001ms
[258.682s][info][gc,phases   ] GC(125) Concurrent Select Relocation Set 2.711ms
[258.682s][info][gc,phases   ] GC(125) Pause Relocate Start 0.003ms
[258.683s][info][gc,phases   ] GC(125) Concurrent Relocate 0.605ms
[258.683s][info][gc,load     ] GC(125) Load: 3.91/3.61/3.59
[258.683s][info][gc,mmu      ] GC(125) MMU: 2ms/98.6%, 5ms/99.3%, 10ms/99.7%, 20ms/99.8%, 50ms/99.9%, 100ms/100.0%
[258.683s][info][gc,marking  ] GC(125) Mark: 2 stripe(s), 2 proactive flush(es), 1 terminate flush(es), 0 completion(s), 0 continuation(s) 
[258.683s][info][gc,nmethod  ] GC(125) NMethods: 484 registered, 0 unregistered
[258.683s][info][gc,metaspace] GC(125) Metaspace: 0M used, 0M committed, 1032M reserved
[258.683s][info][gc,ref      ] GC(125) Soft: 82 encountered, 0 discovered, 0 enqueued
[258.683s][info][gc,ref      ] GC(125) Weak: 200 encountered, 170 discovered, 0 enqueued
[258.683s][info][gc,ref      ] GC(125) Final: 0 encountered, 0 discovered, 0 enqueued
[258.683s][info][gc,ref      ] GC(125) Phantom: 5 encountered, 3 discovered, 0 enqueued
[258.683s][info][gc,reloc    ] GC(125) Small Pages: 1063 / 2126M, Empty: 1974M, Relocated: 4M, In-Place: 0
[258.683s][info][gc,reloc    ] GC(125) Medium Pages: 0 / 0M, Empty: 0M, Relocated: 0M, In-Place: 0
[258.683s][info][gc,reloc    ] GC(125) Large Pages: 0 / 0M, Empty: 0M, Relocated: 0M, In-Place: 0
[258.683s][info][gc,reloc    ] GC(125) Forwarding Usage: 0M
[258.683s][info][gc,heap     ] GC(125) Min Capacity: 8192M(100%)
[258.683s][info][gc,heap     ] GC(125) Max Capacity: 8192M(100%)
[258.683s][info][gc,heap     ] GC(125) Soft Max Capacity: 8192M(100%)
[258.683s][info][gc,heap     ] GC(125)                Mark Start          Mark End        Relocate Start      Relocate End           High               Low         
[258.683s][info][gc,heap     ] GC(125)  Capacity:     8192M (100%)       8192M (100%)       8192M (100%)       8192M (100%)       8192M (100%)       8192M (100%)   
[258.683s][info][gc,heap     ] GC(125)      Free:     6066M (74%)        6018M (73%)        7992M (98%)        7998M (98%)        7998M (98%)        6018M (73%)    
[258.683s][info][gc,heap     ] GC(125)      Used:     2126M (26%)        2174M (27%)         200M (2%)          194M (2%)         2174M (27%)         194M (2%)     
[258.683s][info][gc,heap     ] GC(125)      Live:         -               132M (2%)          132M (2%)          132M (2%)             -                  -          
[258.683s][info][gc,heap     ] GC(125) Allocated:         -                48M (1%)           48M (1%)           48M (1%)             -                  -          
[258.683s][info][gc,heap     ] GC(125)   Garbage:         -              1993M (24%)          19M (0%)           13M (0%)             -                  -          
[258.683s][info][gc,heap     ] GC(125) Reclaimed:         -                  -              1974M (24%)        1980M (24%)            -                  -          
[258.683s][info][gc          ] GC(125) Garbage Collection (Proactive) 2126M(26%)->194M(2%)
[260.041s][info][gc,stats    ] === Garbage Collection Statistics =======================================================================================================================
[260.041s][info][gc,stats    ]                                                              Last 10s              Last 10m              Last 10h                Total
[260.041s][info][gc,stats    ]                                                              Avg / Max             Avg / Max             Avg / Max             Avg / Max
[260.041s][info][gc,stats    ]   Collector: Garbage Collection Cycle                     30.853 / 42.108       32.442 / 95.920       32.442 / 95.920       32.442 / 95.920      ms
[260.041s][info][gc,stats    ]  Contention: Mark Segment Reset Contention                     0 / 0                 0 / 4                 0 / 4                 0 / 4           ops/s
[260.041s][info][gc,stats    ]  Contention: Mark SeqNum Reset Contention                      0 / 1                 0 / 1                 0 / 1                 0 / 1           ops/s
[260.041s][info][gc,stats    ]    Critical: Allocation Stall                                  0 / 0                 0 / 0                 0 / 0                 0 / 0           ops/s
[260.041s][info][gc,stats    ]    Critical: Allocation Stall                              0.000 / 0.000         0.000 / 0.000         0.000 / 0.000         0.000 / 0.000       ms
[260.041s][info][gc,stats    ]    Critical: GC Locker Stall                                   0 / 0                 0 / 0                 0 / 0                 0 / 0           ops/s
[260.041s][info][gc,stats    ]    Critical: GC Locker Stall                               0.000 / 0.000         0.000 / 0.000         0.000 / 0.000         0.000 / 0.000       ms
[260.041s][info][gc,stats    ]    Critical: Relocation Stall                                  0 / 0                 0 / 0                 0 / 0                 0 / 0           ops/s
[260.041s][info][gc,stats    ]    Critical: Relocation Stall                              0.000 / 0.000         0.000 / 0.000         0.000 / 0.000         0.000 / 0.000       ms
[260.041s][info][gc,stats    ]      Memory: Allocation Rate                                1044 / 1048           1075 / 9212           1075 / 9212           1075 / 9212        MB/s
[260.041s][info][gc,stats    ]      Memory: Out Of Memory                                     0 / 0                 0 / 0                 0 / 0                 0 / 0           ops/s
[260.041s][info][gc,stats    ]      Memory: Page Cache Flush                                  0 / 0                 0 / 0                 0 / 0                 0 / 0           MB/s
[260.041s][info][gc,stats    ]      Memory: Page Cache Hit L1                               524 / 529             517 / 533             517 / 533             517 / 533         ops/s
[260.041s][info][gc,stats    ]      Memory: Page Cache Hit L2                                 0 / 0                 0 / 0                 0 / 0                 0 / 0           ops/s
[260.041s][info][gc,stats    ]      Memory: Page Cache Hit L3                                 0 / 0                 6 / 486               6 / 486               6 / 486         ops/s
[260.041s][info][gc,stats    ]      Memory: Page Cache Miss                                   0 / 0                 0 / 1                 0 / 1                 0 / 1           ops/s
[260.041s][info][gc,stats    ]      Memory: Uncommit                                          0 / 0                 0 / 0                 0 / 0                 0 / 0           MB/s
[260.041s][info][gc,stats    ]      Memory: Undo Object Allocation Failed                     0 / 0                 0 / 0                 0 / 0                 0 / 0           ops/s
[260.041s][info][gc,stats    ]      Memory: Undo Object Allocation Succeeded                  0 / 1                 0 / 6                 0 / 6                 0 / 6           ops/s
[260.041s][info][gc,stats    ]      Memory: Undo Page Allocation                              0 / 0                 0 / 1                 0 / 1                 0 / 1           ops/s
[260.041s][info][gc,stats    ]       Phase: Concurrent Mark                              26.097 / 37.732       27.296 / 65.214       27.296 / 65.214       27.296 / 65.214      ms
[260.041s][info][gc,stats    ]       Phase: Concurrent Mark Continue                      0.000 / 0.000         0.000 / 0.000         0.000 / 0.000         0.000 / 0.000       ms
[260.041s][info][gc,stats    ]       Phase: Concurrent Process Non-Strong References      0.447 / 0.525         0.461 / 0.911         0.461 / 0.911         0.461 / 0.911       ms
[260.041s][info][gc,stats    ]       Phase: Concurrent Relocate                           0.869 / 1.179         1.139 / 16.651        1.139 / 16.651        1.139 / 16.651      ms
[260.041s][info][gc,stats    ]       Phase: Concurrent Reset Relocation Set               0.002 / 0.002         0.003 / 0.098         0.003 / 0.098         0.003 / 0.098       ms
[260.041s][info][gc,stats    ]       Phase: Concurrent Select Relocation Set              2.766 / 2.934         2.946 / 12.567        2.946 / 12.567        2.946 / 12.567      ms
[260.041s][info][gc,stats    ]       Phase: Pause Mark End                                0.009 / 0.009         0.009 / 0.025         0.009 / 0.025         0.009 / 0.025       ms
[260.041s][info][gc,stats    ]       Phase: Pause Mark Start                              0.006 / 0.008         0.006 / 0.028         0.006 / 0.028         0.006 / 0.028       ms
[260.041s][info][gc,stats    ]       Phase: Pause Relocate Start                          0.004 / 0.004         0.004 / 0.026         0.004 / 0.026         0.004 / 0.026       ms
[260.041s][info][gc,stats    ]    Subphase: Concurrent Classes Purge                      0.027 / 0.033         0.029 / 0.102         0.029 / 0.102         0.029 / 0.102       ms
[260.041s][info][gc,stats    ]    Subphase: Concurrent Classes Unlink                     0.293 / 0.327         0.297 / 0.571         0.297 / 0.571         0.297 / 0.571       ms
[260.041s][info][gc,stats    ]    Subphase: Concurrent Mark                              25.262 / 37.405       26.519 / 64.907       26.519 / 64.907       26.519 / 64.907      ms
[260.041s][info][gc,stats    ]    Subphase: Concurrent Mark Idle                          1.236 / 1.299         1.190 / 1.327         1.190 / 1.327         1.190 / 1.327       ms
[260.041s][info][gc,stats    ]    Subphase: Concurrent Mark Try Flush                     0.027 / 0.043         0.035 / 0.119         0.035 / 0.119         0.035 / 0.119       ms
[260.042s][info][gc,stats    ]    Subphase: Concurrent Mark Try Terminate                 0.420 / 1.301         0.448 / 1.330         0.448 / 1.330         0.448 / 1.330       ms
[260.042s][info][gc,stats    ]    Subphase: Concurrent References Enqueue                 0.000 / 0.000         0.000 / 0.003         0.000 / 0.003         0.000 / 0.003       ms
[260.042s][info][gc,stats    ]    Subphase: Concurrent References Process                 0.027 / 0.029         0.029 / 0.095         0.029 / 0.095         0.029 / 0.095       ms
[260.042s][info][gc,stats    ]    Subphase: Concurrent Roots ClassLoaderDataGraph         0.017 / 0.044         0.016 / 0.132         0.016 / 0.132         0.016 / 0.132       ms
[260.042s][info][gc,stats    ]    Subphase: Concurrent Roots CodeCache                    0.000 / 0.000         0.000 / 0.000         0.000 / 0.000         0.000 / 0.000       ms
[260.042s][info][gc,stats    ]    Subphase: Concurrent Roots JavaThreads                  0.222 / 0.304         0.195 / 0.322         0.195 / 0.322         0.195 / 0.322       ms
[260.042s][info][gc,stats    ]    Subphase: Concurrent Roots OopStorageSet                0.004 / 0.007         0.004 / 0.022         0.004 / 0.022         0.004 / 0.022       ms
[260.042s][info][gc,stats    ]    Subphase: Concurrent Weak Roots OopStorageSet           0.036 / 0.045         0.038 / 0.120         0.038 / 0.120         0.038 / 0.120       ms
[260.042s][info][gc,stats    ]    Subphase: Pause Mark Try Complete                       0.000 / 0.000         0.000 / 0.000         0.000 / 0.000         0.000 / 0.000       ms
[260.042s][info][gc,stats    ]      System: Java Threads                                     16 / 16               16 / 20               16 / 20               16 / 20          threads
[260.042s][info][gc,stats    ] =========================================================================================================================================================
[261.440s][info][gc,start    ] GC(126) Garbage Collection (Proactive)
[261.440s][info][gc,phases   ] GC(126) Pause Mark Start 0.006ms
[261.465s][info][gc,phases   ] GC(126) Concurrent Mark 24.424ms
[261.465s][info][gc,phases   ] GC(126) Pause Mark End 0.009ms
[261.465s][info][gc,phases   ] GC(126) Concurrent Process Non-Strong References 0.475ms
[261.465s][info][gc,phases   ] GC(126) Concurrent Reset Relocation Set 0.002ms
[261.469s][info][gc,phases   ] GC(126) Concurrent Select Relocation Set 3.116ms
[261.469s][info][gc,phases   ] GC(126) Pause Relocate Start 0.004ms
[261.470s][info][gc,phases   ] GC(126) Concurrent Relocate 1.532ms
[261.470s][info][gc,load     ] GC(126) Load: 3.92/3.61/3.59
[261.470s][info][gc,mmu      ] GC(126) MMU: 2ms/98.6%, 5ms/99.3%, 10ms/99.7%, 20ms/99.8%, 50ms/99.9%, 100ms/100.0%
[261.470s][info][gc,marking  ] GC(126) Mark: 2 stripe(s), 2 proactive flush(es), 1 terminate flush(es), 0 completion(s), 0 continuation(s) 
[261.470s][info][gc,nmethod  ] GC(126) NMethods: 484 registered, 0 unregistered
[261.470s][info][gc,metaspace] GC(126) Metaspace: 0M used, 0M committed, 1032M reserved
[261.470s][info][gc,ref      ] GC(126) Soft: 82 encountered, 0 discovered, 0 enqueued
[261.470s][info][gc,ref      ] GC(126) Weak: 200 encountered, 52 discovered, 0 enqueued
[261.470s][info][gc,ref      ] GC(126) Final: 0 encountered, 0 discovered, 0 enqueued
[261.470s][info][gc,ref      ] GC(126) Phantom: 5 encountered, 3 discovered, 0 enqueued
[261.470s][info][gc,reloc    ] GC(126) Small Pages: 1533 / 3066M, Empty: 2914M, Relocated: 11M, In-Place: 0
[261.470s][info][gc,reloc    ] GC(126) Medium Pages: 0 / 0M, Empty: 0M, Relocated: 0M, In-Place: 0
[261.470s][info][gc,reloc    ] GC(126) Large Pages: 0 / 0M, Empty: 0M, Relocated: 0M, In-Place: 0
[261.470s][info][gc,reloc    ] GC(126) Forwarding Usage: 1M
[261.470s][info][gc,heap     ] GC(126) Min Capacity: 8192M(100%)
[261.470s][info][gc,heap     ] GC(126) Max Capacity: 8192M(100%)
[261.470s][info][gc,heap     ] GC(126) Soft Max Capacity: 8192M(100%)
[261.470s][info][gc,heap     ] GC(126)                Mark Start          Mark End        Relocate Start      Relocate End           High               Low         
[261.470s][info][gc,heap     ] GC(126)  Capacity:     8192M (100%)       8192M (100%)       8192M (100%)       8192M (100%)       8192M (100%)       8192M (100%)   
[261.470s][info][gc,heap     ] GC(126)      Free:     5126M (63%)        5102M (62%)        8006M (98%)        8016M (98%)        8016M (98%)        5102M (62%)    
[261.470s][info][gc,heap     ] GC(126)      Used:     3066M (37%)        3090M (38%)         186M (2%)          176M (2%)         3090M (38%)         176M (2%)     
[261.471s][info][gc,heap     ] GC(126)      Live:         -               132M (2%)          132M (2%)          132M (2%)             -                  -          
[261.471s][info][gc,heap     ] GC(126) Allocated:         -                24M (0%)           34M (0%)           34M (0%)             -                  -          
[261.471s][info][gc,heap     ] GC(126)   Garbage:         -              2933M (36%)          19M (0%)            9M (0%)             -                  -          
[261.471s][info][gc,heap     ] GC(126) Reclaimed:         -                  -              2914M (36%)        2924M (36%)            -                  -          
[261.471s][info][gc          ] GC(126) Garbage Collection (Proactive) 3066M(37%)->176M(2%)
[263.940s][info][gc,start    ] GC(127) Garbage Collection (Proactive)
[263.940s][info][gc,phases   ] GC(127) Pause Mark Start 0.007ms
[263.964s][info][gc,phases   ] GC(127) Concurrent Mark 24.298ms
[263.964s][info][gc,phases   ] GC(127) Pause Mark End 0.009ms
[263.965s][info][gc,phases   ] GC(127) Concurrent Process Non-Strong References 0.404ms
[263.965s][info][gc,phases   ] GC(127) Concurrent Reset Relocation Set 0.002ms
[263.968s][info][gc,phases   ] GC(127) Concurrent Select Relocation Set 2.858ms
[263.968s][info][gc,phases   ] GC(127) Pause Relocate Start 0.004ms
[263.969s][info][gc,phases   ] GC(127) Concurrent Relocate 0.966ms
[263.969s][info][gc,load     ] GC(127) Load: 3.92/3.61/3.59
[263.969s][info][gc,mmu      ] GC(127) MMU: 2ms/98.6%, 5ms/99.3%, 10ms/99.7%, 20ms/99.8%, 50ms/99.9%, 100ms/100.0%
[263.969s][info][gc,marking  ] GC(127) Mark: 2 stripe(s), 2 proactive flush(es), 1 terminate flush(es), 0 completion(s), 0 continuation(s) 
[263.969s][info][gc,nmethod  ] GC(127) NMethods: 484 registered, 0 unregistered
[263.969s][info][gc,metaspace] GC(127) Metaspace: 0M used, 0M committed, 1032M reserved
[263.969s][info][gc,ref      ] GC(127) Soft: 82 encountered, 0 discovered, 0 enqueued
[263.969s][info][gc,ref      ] GC(127) Weak: 200 encountered, 62 discovered, 0 enqueued
[263.969s][info][gc,ref      ] GC(127) Final: 0 encountered, 0 discovered, 0 enqueued
[263.969s][info][gc,ref      ] GC(127) Phantom: 5 encountered, 3 discovered, 0 enqueued
[263.969s][info][gc,reloc    ] GC(127) Small Pages: 1375 / 2750M, Empty: 2602M, Relocated: 6M, In-Place: 0
[263.969s][info][gc,reloc    ] GC(127) Medium Pages: 0 / 0M, Empty: 0M, Relocated: 0M, In-Place: 0
[263.969s][info][gc,reloc    ] GC(127) Large Pages: 0 / 0M, Empty: 0M, Relocated: 0M, In-Place: 0
[263.969s][info][gc,reloc    ] GC(127) Forwarding Usage: 0M
[263.969s][info][gc,heap     ] GC(127) Min Capacity: 8192M(100%)
[263.969s][info][gc,heap     ] GC(127) Max Capacity: 8192M(100%)
[263.969s][info][gc,heap     ] GC(127) Soft Max Capacity: 8192M(100%)
[263.969s][info][gc,heap     ] GC(127)                Mark Start          Mark End        Relocate Start      Relocate End           High               Low         
[263.969s][info][gc,heap     ] GC(127)  Capacity:     8192M (100%)       8192M (100%)       8192M (100%)       8192M (100%)       8192M (100%)       8192M (100%)   
[263.969s][info][gc,heap     ] GC(127)      Free:     5442M (66%)        5418M (66%)        8010M (98%)        8016M (98%)        8016M (98%)        5418M (66%)    
[263.969s][info][gc,heap     ] GC(127)      Used:     2750M (34%)        2774M (34%)         182M (2%)          176M (2%)         2774M (34%)         176M (2%)     
[263.969s][info][gc,heap     ] GC(127)      Live:         -               132M (2%)          132M (2%)          132M (2%)             -                  -          
[263.969s][info][gc,heap     ] GC(127) Allocated:         -                24M (0%)           34M (0%)           34M (0%)             -                  -          
[263.969s][info][gc,heap     ] GC(127)   Garbage:         -              2617M (32%)          15M (0%)            9M (0%)             -                  -          
[263.969s][info][gc,heap     ] GC(127) Reclaimed:         -                  -              2602M (32%)        2608M (32%)            -                  -          
[263.969s][info][gc          ] GC(127) Garbage Collection (Proactive) 2750M(34%)->176M(2%)
[266.040s][info][gc,start    ] GC(128) Garbage Collection (Proactive)
[266.040s][info][gc,phases   ] GC(128) Pause Mark Start 0.005ms
[266.062s][info][gc,phases   ] GC(128) Concurrent Mark 21.416ms
[266.062s][info][gc,phases   ] GC(128) Pause Mark End 0.008ms
[266.062s][info][gc,phases   ] GC(128) Concurrent Process Non-Strong References 0.378ms
[266.062s][info][gc,phases   ] GC(128) Concurrent Reset Relocation Set 0.001ms
[266.065s][info][gc,phases   ] GC(128) Concurrent Select Relocation Set 2.697ms
[266.065s][info][gc,phases   ] GC(128) Pause Relocate Start 0.004ms
[266.066s][info][gc,phases   ] GC(128) Concurrent Relocate 0.456ms
[266.066s][info][gc,load     ] GC(128) Load: 3.93/3.62/3.60
[266.066s][info][gc,mmu      ] GC(128) MMU: 2ms/98.6%, 5ms/99.3%, 10ms/99.7%, 20ms/99.8%, 50ms/99.9%, 100ms/100.0%
[266.066s][info][gc,marking  ] GC(128) Mark: 2 stripe(s), 2 proactive flush(es), 1 terminate flush(es), 0 completion(s), 0 continuation(s) 
[266.066s][info][gc,nmethod  ] GC(128) NMethods: 484 registered, 0 unregistered
[266.066s][info][gc,metaspace] GC(128) Metaspace: 0M used, 0M committed, 1032M reserved
[266.066s][info][gc,ref      ] GC(128) Soft: 82 encountered, 0 discovered, 0 enqueued
[266.066s][info][gc,ref      ] GC(128) Weak: 200 encountered, 50 discovered, 0 enqueued
[266.066s][info][gc,ref      ] GC(128) Final: 0 encountered, 0 discovered, 0 enqueued
[266.066s][info][gc,ref      ] GC(128) Phantom: 5 encountered, 3 discovered, 0 enqueued
[266.066s][info][gc,reloc    ] GC(128) Small Pages: 1167 / 2334M, Empty: 2184M, Relocated: 3M, In-Place: 0
[266.066s][info][gc,reloc    ] GC(128) Medium Pages: 0 / 0M, Empty: 0M, Relocated: 0M, In-Place: 0
[266.066s][info][gc,reloc    ] GC(128) Large Pages: 0 / 0M, Empty: 0M, Relocated: 0M, In-Place: 0
[266.066s][info][gc,reloc    ] GC(128) Forwarding Usage: 0M
[266.066s][info][gc,heap     ] GC(128) Min Capacity: 8192M(100%)
[266.066s][info][gc,heap     ] GC(128) Max Capacity: 8192M(100%)
[266.066s][info][gc,heap     ] GC(128) Soft Max Capacity: 8192M(100%)
[266.066s][info][gc,heap     ] GC(128)                Mark Start          Mark End        Relocate Start      Relocate End           High               Low         
[266.066s][info][gc,heap     ] GC(128)  Capacity:     8192M (100%)       8192M (100%)       8192M (100%)       8192M (100%)       8192M (100%)       8192M (100%)   
[266.066s][info][gc,heap     ] GC(128)      Free:     5858M (72%)        5834M (71%)        8018M (98%)        8022M (98%)        8022M (98%)        5834M (71%)    
[266.066s][info][gc,heap     ] GC(128)      Used:     2334M (28%)        2358M (29%)         174M (2%)          170M (2%)         2358M (29%)         170M (2%)     
[266.066s][info][gc,heap     ] GC(128)      Live:         -               132M (2%)          132M (2%)          132M (2%)             -                  -          
[266.066s][info][gc,heap     ] GC(128) Allocated:         -                24M (0%)           24M (0%)           26M (0%)             -                  -          
[266.066s][info][gc,heap     ] GC(128)   Garbage:         -              2201M (27%)          17M (0%)           11M (0%)             -                  -          
[266.066s][info][gc,heap     ] GC(128) Reclaimed:         -                  -              2184M (27%)        2190M (27%)            -                  -          
[266.066s][info][gc          ] GC(128) Garbage Collection (Proactive) 2334M(28%)->170M(2%)
[267.840s][info][gc,start    ] GC(129) Garbage Collection (Proactive)
[267.840s][info][gc,phases   ] GC(129) Pause Mark Start 0.005ms
[267.863s][info][gc,phases   ] GC(129) Concurrent Mark 22.054ms
[267.863s][info][gc,phases   ] GC(129) Pause Mark End 0.008ms
[267.863s][info][gc,phases   ] GC(129) Concurrent Process Non-Strong References 0.399ms
[267.863s][info][gc,phases   ] GC(129) Concurrent Reset Relocation Set 0.001ms
[267.866s][info][gc,phases   ] GC(129) Concurrent Select Relocation Set 2.662ms
[267.866s][info][gc,phases   ] GC(129) Pause Relocate Start 0.003ms
[267.866s][info][gc,phases   ] GC(129) Concurrent Relocate 0.526ms
[267.867s][info][gc,load     ] GC(129) Load: 3.93/3.62/3.60
[267.867s][info][gc,mmu      ] GC(129) MMU: 2ms/98.6%, 5ms/99.3%, 10ms/99.7%, 20ms/99.8%, 50ms/99.9%, 100ms/100.0%
[267.867s][info][gc,marking  ] GC(129) Mark: 2 stripe(s), 2 proactive flush(es), 1 terminate flush(es), 0 completion(s), 0 continuation(s) 
[267.867s][info][gc,nmethod  ] GC(129) NMethods: 484 registered, 0 unregistered
[267.867s][info][gc,metaspace] GC(129) Metaspace: 0M used, 0M committed, 1032M reserved
[267.867s][info][gc,ref      ] GC(129) Soft: 82 encountered, 0 discovered, 0 enqueued
[267.867s][info][gc,ref      ] GC(129) Weak: 200 encountered, 52 discovered, 0 enqueued
[267.867s][info][gc,ref      ] GC(129) Final: 0 encountered, 0 discovered, 0 enqueued
[267.867s][info][gc,ref      ] GC(129) Phantom: 5 encountered, 3 discovered, 0 enqueued
[267.867s][info][gc,reloc    ] GC(129) Small Pages: 1013 / 2026M, Empty: 1876M, Relocated: 3M, In-Place: 0
[267.867s][info][gc,reloc    ] GC(129) Medium Pages: 0 / 0M, Empty: 0M, Relocated: 0M, In-Place: 0
[267.867s][info][gc,reloc    ] GC(129) Large Pages: 0 / 0M, Empty: 0M, Relocated: 0M, In-Place: 0
[267.867s][info][gc,reloc    ] GC(129) Forwarding Usage: 0M
[267.867s][info][gc,heap     ] GC(129) Min Capacity: 8192M(100%)
[267.867s][info][gc,heap     ] GC(129) Max Capacity: 8192M(100%)
[267.867s][info][gc,heap     ] GC(129) Soft Max Capacity: 8192M(100%)
[267.867s][info][gc,heap     ] GC(129)                Mark Start          Mark End        Relocate Start      Relocate End           High               Low         
[267.867s][info][gc,heap     ] GC(129)  Capacity:     8192M (100%)       8192M (100%)       8192M (100%)       8192M (100%)       8192M (100%)       8192M (100%)   
[267.867s][info][gc,heap     ] GC(129)      Free:     6166M (75%)        6142M (75%)        8016M (98%)        8022M (98%)        8022M (98%)        6142M (75%)    
[267.867s][info][gc,heap     ] GC(129)      Used:     2026M (25%)        2050M (25%)         176M (2%)          170M (2%)         2050M (25%)         170M (2%)     
[267.867s][info][gc,heap     ] GC(129)      Live:         -               132M (2%)          132M (2%)          132M (2%)             -                  -          
[267.867s][info][gc,heap     ] GC(129) Allocated:         -                24M (0%)           26M (0%)           28M (0%)             -                  -          
[267.867s][info][gc,heap     ] GC(129)   Garbage:         -              1893M (23%)          17M (0%)            9M (0%)             -                  -          
[267.867s][info][gc,heap     ] GC(129) Reclaimed:         -                  -              1876M (23%)        1884M (23%)            -                  -          
[267.867s][info][gc          ] GC(129) Garbage Collection (Proactive) 2026M(25%)->170M(2%)
[269.440s][info][gc,start    ] GC(130) Garbage Collection (Proactive)
[269.440s][info][gc,phases   ] GC(130) Pause Mark Start 0.006ms
[269.463s][info][gc,phases   ] GC(130) Concurrent Mark 22.137ms
[269.463s][info][gc,phases   ] GC(130) Pause Mark End 0.008ms
[269.463s][info][gc,phases   ] GC(130) Concurrent Process Non-Strong References 0.408ms
[269.463s][info][gc,phases   ] GC(130) Concurrent Reset Relocation Set 0.001ms
[269.466s][info][gc,phases   ] GC(130) Concurrent Select Relocation Set 2.734ms
[269.466s][info][gc,phases   ] GC(130) Pause Relocate Start 0.003ms
[269.467s][info][gc,phases   ] GC(130) Concurrent Relocate 0.855ms
[269.467s][info][gc,load     ] GC(130) Load: 3.93/3.62/3.60
[269.467s][info][gc,mmu      ] GC(130) MMU: 2ms/98.6%, 5ms/99.3%, 10ms/99.7%, 20ms/99.8%, 50ms/99.9%, 100ms/100.0%
[269.467s][info][gc,marking  ] GC(130) Mark: 2 stripe(s), 2 proactive flush(es), 1 terminate flush(es), 0 completion(s), 0 continuation(s) 
[269.467s][info][gc,nmethod  ] GC(130) NMethods: 484 registered, 0 unregistered
[269.467s][info][gc,metaspace] GC(130) Metaspace: 0M used, 0M committed, 1032M reserved
[269.467s][info][gc,ref      ] GC(130) Soft: 82 encountered, 0 discovered, 0 enqueued
[269.467s][info][gc,ref      ] GC(130) Weak: 200 encountered, 53 discovered, 0 enqueued
[269.467s][info][gc,ref      ] GC(130) Final: 0 encountered, 0 discovered, 0 enqueued
[269.467s][info][gc,ref      ] GC(130) Phantom: 5 encountered, 5 discovered, 0 enqueued
[269.467s][info][gc,reloc    ] GC(130) Small Pages: 907 / 1814M, Empty: 1664M, Relocated: 5M, In-Place: 0
[269.467s][info][gc,reloc    ] GC(130) Medium Pages: 0 / 0M, Empty: 0M, Relocated: 0M, In-Place: 0
[269.467s][info][gc,reloc    ] GC(130) Large Pages: 0 / 0M, Empty: 0M, Relocated: 0M, In-Place: 0
[269.467s][info][gc,reloc    ] GC(130) Forwarding Usage: 0M
[269.467s][info][gc,heap     ] GC(130) Min Capacity: 8192M(100%)
[269.467s][info][gc,heap     ] GC(130) Max Capacity: 8192M(100%)
[269.467s][info][gc,heap     ] GC(130) Soft Max Capacity: 8192M(100%)
[269.467s][info][gc,heap     ] GC(130)                Mark Start          Mark End        Relocate Start      Relocate End           High               Low         
[269.467s][info][gc,heap     ] GC(130)  Capacity:     8192M (100%)       8192M (100%)       8192M (100%)       8192M (100%)       8192M (100%)       8192M (100%)   
[269.467s][info][gc,heap     ] GC(130)      Free:     6378M (78%)        6354M (78%)        8012M (98%)        8014M (98%)        8018M (98%)        6354M (78%)    
[269.467s][info][gc,heap     ] GC(130)      Used:     1814M (22%)        1838M (22%)         180M (2%)          178M (2%)         1838M (22%)         174M (2%)     
[269.467s][info][gc,heap     ] GC(130)      Live:         -               132M (2%)          132M (2%)          132M (2%)             -                  -          
[269.467s][info][gc,heap     ] GC(130) Allocated:         -                24M (0%)           30M (0%)           34M (0%)             -                  -          
[269.467s][info][gc,heap     ] GC(130)   Garbage:         -              1681M (21%)          17M (0%)           11M (0%)             -                  -          
[269.467s][info][gc,heap     ] GC(130) Reclaimed:         -                  -              1664M (20%)        1670M (20%)            -                  -          
[269.467s][info][gc          ] GC(130) Garbage Collection (Proactive) 1814M(22%)->178M(2%)
[270.040s][info][gc,stats    ] === Garbage Collection Statistics =======================================================================================================================
[270.040s][info][gc,stats    ]                                                              Last 10s              Last 10m              Last 10h                Total
[270.040s][info][gc,stats    ]                                                              Avg / Max             Avg / Max             Avg / Max             Avg / Max
[270.040s][info][gc,stats    ]   Collector: Garbage Collection Cycle                     27.514 / 30.136       32.254 / 95.920       32.254 / 95.920       32.254 / 95.920      ms
[270.040s][info][gc,stats    ]  Contention: Mark Segment Reset Contention                     0 / 1                 0 / 4                 0 / 4                 0 / 4           ops/s
[270.040s][info][gc,stats    ]  Contention: Mark SeqNum Reset Contention                      0 / 0                 0 / 1                 0 / 1                 0 / 1           ops/s
[270.040s][info][gc,stats    ]    Critical: Allocation Stall                                  0 / 0                 0 / 0                 0 / 0                 0 / 0           ops/s
[270.040s][info][gc,stats    ]    Critical: Allocation Stall                              0.000 / 0.000         0.000 / 0.000         0.000 / 0.000         0.000 / 0.000       ms
[270.040s][info][gc,stats    ]    Critical: GC Locker Stall                                   0 / 0                 0 / 0                 0 / 0                 0 / 0           ops/s
[270.040s][info][gc,stats    ]    Critical: GC Locker Stall                               0.000 / 0.000         0.000 / 0.000         0.000 / 0.000         0.000 / 0.000       ms
[270.040s][info][gc,stats    ]    Critical: Relocation Stall                                  0 / 0                 0 / 0                 0 / 0                 0 / 0           ops/s
[270.040s][info][gc,stats    ]    Critical: Relocation Stall                              0.000 / 0.000         0.000 / 0.000         0.000 / 0.000         0.000 / 0.000       ms
[270.040s][info][gc,stats    ]      Memory: Allocation Rate                                1044 / 1050           1074 / 9212           1074 / 9212           1074 / 9212        MB/s
[270.040s][info][gc,stats    ]      Memory: Out Of Memory                                     0 / 0                 0 / 0                 0 / 0                 0 / 0           ops/s
[270.040s][info][gc,stats    ]      Memory: Page Cache Flush                                  0 / 0                 0 / 0                 0 / 0                 0 / 0           MB/s
[270.040s][info][gc,stats    ]      Memory: Page Cache Hit L1                               524 / 531             517 / 533             517 / 533             517 / 533         ops/s
[270.040s][info][gc,stats    ]      Memory: Page Cache Hit L2                                 0 / 0                 0 / 0                 0 / 0                 0 / 0           ops/s
[270.040s][info][gc,stats    ]      Memory: Page Cache Hit L3                                 0 / 0                 6 / 486               6 / 486               6 / 486         ops/s
[270.040s][info][gc,stats    ]      Memory: Page Cache Miss                                   0 / 0                 0 / 1                 0 / 1                 0 / 1           ops/s
[270.040s][info][gc,stats    ]      Memory: Uncommit                                          0 / 0                 0 / 0                 0 / 0                 0 / 0           MB/s
[270.040s][info][gc,stats    ]      Memory: Undo Object Allocation Failed                     0 / 0                 0 / 0                 0 / 0                 0 / 0           ops/s
[270.040s][info][gc,stats    ]      Memory: Undo Object Allocation Succeeded                  0 / 0                 0 / 6                 0 / 6                 0 / 6           ops/s
[270.040s][info][gc,stats    ]      Memory: Undo Page Allocation                              0 / 0                 0 / 1                 0 / 1                 0 / 1           ops/s
[270.040s][info][gc,stats    ]       Phase: Concurrent Mark                              22.866 / 24.424       27.127 / 65.214       27.127 / 65.214       27.127 / 65.214      ms
[270.040s][info][gc,stats    ]       Phase: Concurrent Mark Continue                      0.000 / 0.000         0.000 / 0.000         0.000 / 0.000         0.000 / 0.000       ms
[270.040s][info][gc,stats    ]       Phase: Concurrent Process Non-Strong References      0.413 / 0.475         0.460 / 0.911         0.460 / 0.911         0.460 / 0.911       ms
[270.040s][info][gc,stats    ]       Phase: Concurrent Relocate                           0.867 / 1.532         1.129 / 16.651        1.129 / 16.651        1.129 / 16.651      ms
[270.040s][info][gc,stats    ]       Phase: Concurrent Reset Relocation Set               0.002 / 0.002         0.003 / 0.098         0.003 / 0.098         0.003 / 0.098       ms
[270.040s][info][gc,stats    ]       Phase: Concurrent Select Relocation Set              2.813 / 3.116         2.941 / 12.567        2.941 / 12.567        2.941 / 12.567      ms
[270.040s][info][gc,stats    ]       Phase: Pause Mark End                                0.009 / 0.009         0.009 / 0.025         0.009 / 0.025         0.009 / 0.025       ms
[270.040s][info][gc,stats    ]       Phase: Pause Mark Start                              0.006 / 0.007         0.006 / 0.028         0.006 / 0.028         0.006 / 0.028       ms
[270.040s][info][gc,stats    ]       Phase: Pause Relocate Start                          0.004 / 0.004         0.004 / 0.026         0.004 / 0.026         0.004 / 0.026       ms
[270.040s][info][gc,stats    ]    Subphase: Concurrent Classes Purge                      0.026 / 0.033         0.029 / 0.102         0.029 / 0.102         0.029 / 0.102       ms
[270.040s][info][gc,stats    ]    Subphase: Concurrent Classes Unlink                     0.280 / 0.309         0.296 / 0.571         0.296 / 0.571         0.296 / 0.571       ms
[270.040s][info][gc,stats    ]    Subphase: Concurrent Mark                              22.046 / 24.072       26.348 / 64.907       26.348 / 64.907       26.348 / 64.907      ms
[270.040s][info][gc,stats    ]    Subphase: Concurrent Mark Idle                          1.191 / 1.330         1.190 / 1.330         1.190 / 1.330         1.190 / 1.330       ms
[270.040s][info][gc,stats    ]    Subphase: Concurrent Mark Try Flush                     0.033 / 0.057         0.035 / 0.119         0.035 / 0.119         0.035 / 0.119       ms
[270.040s][info][gc,stats    ]    Subphase: Concurrent Mark Try Terminate                 0.407 / 1.332         0.447 / 1.332         0.447 / 1.332         0.447 / 1.332       ms
[270.040s][info][gc,stats    ]    Subphase: Concurrent References Enqueue                 0.000 / 0.000         0.000 / 0.003         0.000 / 0.003         0.000 / 0.003       ms
[270.040s][info][gc,stats    ]    Subphase: Concurrent References Process                 0.020 / 0.027         0.029 / 0.095         0.029 / 0.095         0.029 / 0.095       ms
[270.040s][info][gc,stats    ]    Subphase: Concurrent Roots ClassLoaderDataGraph         0.018 / 0.041         0.016 / 0.132         0.016 / 0.132         0.016 / 0.132       ms
[270.040s][info][gc,stats    ]    Subphase: Concurrent Roots CodeCache                    0.000 / 0.000         0.000 / 0.000         0.000 / 0.000         0.000 / 0.000       ms
[270.040s][info][gc,stats    ]    Subphase: Concurrent Roots JavaThreads                  0.211 / 0.302         0.195 / 0.322         0.195 / 0.322         0.195 / 0.322       ms
[270.040s][info][gc,stats    ]    Subphase: Concurrent Roots OopStorageSet                0.004 / 0.006         0.004 / 0.022         0.004 / 0.022         0.004 / 0.022       ms
[270.040s][info][gc,stats    ]    Subphase: Concurrent Weak Roots OopStorageSet           0.037 / 0.047         0.038 / 0.120         0.038 / 0.120         0.038 / 0.120       ms
[270.040s][info][gc,stats    ]    Subphase: Pause Mark Try Complete                       0.000 / 0.000         0.000 / 0.000         0.000 / 0.000         0.000 / 0.000       ms
[270.040s][info][gc,stats    ]      System: Java Threads                                     16 / 16               16 / 20               16 / 20               16 / 20          threads
[270.040s][info][gc,stats    ] =========================================================================================================================================================
[270.940s][info][gc,start    ] GC(131) Garbage Collection (Proactive)
[270.940s][info][gc,phases   ] GC(131) Pause Mark Start 0.007ms
[270.965s][info][gc,phases   ] GC(131) Concurrent Mark 24.623ms
[270.965s][info][gc,phases   ] GC(131) Pause Mark End 0.010ms
[270.965s][info][gc,phases   ] GC(131) Concurrent Process Non-Strong References 0.497ms
[270.966s][info][gc,phases   ] GC(131) Concurrent Reset Relocation Set 0.002ms
[270.968s][info][gc,phases   ] GC(131) Concurrent Select Relocation Set 2.898ms
[270.969s][info][gc,phases   ] GC(131) Pause Relocate Start 0.005ms
[270.969s][info][gc,phases   ] GC(131) Concurrent Relocate 0.466ms
[270.969s][info][gc,load     ] GC(131) Load: 4.25/3.69/3.62
[270.969s][info][gc,mmu      ] GC(131) MMU: 2ms/98.6%, 5ms/99.3%, 10ms/99.7%, 20ms/99.8%, 50ms/99.9%, 100ms/100.0%
[270.969s][info][gc,marking  ] GC(131) Mark: 2 stripe(s), 2 proactive flush(es), 1 terminate flush(es), 0 completion(s), 0 continuation(s) 
[270.969s][info][gc,nmethod  ] GC(131) NMethods: 484 registered, 0 unregistered
[270.969s][info][gc,metaspace] GC(131) Metaspace: 0M used, 0M committed, 1032M reserved
[270.969s][info][gc,ref      ] GC(131) Soft: 82 encountered, 0 discovered, 0 enqueued
[270.969s][info][gc,ref      ] GC(131) Weak: 200 encountered, 52 discovered, 0 enqueued
[270.969s][info][gc,ref      ] GC(131) Final: 0 encountered, 0 discovered, 0 enqueued
[270.969s][info][gc,ref      ] GC(131) Phantom: 5 encountered, 3 discovered, 0 enqueued
[270.969s][info][gc,reloc    ] GC(131) Small Pages: 856 / 1712M, Empty: 1562M, Relocated: 3M, In-Place: 0
[270.969s][info][gc,reloc    ] GC(131) Medium Pages: 0 / 0M, Empty: 0M, Relocated: 0M, In-Place: 0
[270.969s][info][gc,reloc    ] GC(131) Large Pages: 0 / 0M, Empty: 0M, Relocated: 0M, In-Place: 0
[270.969s][info][gc,reloc    ] GC(131) Forwarding Usage: 0M
[270.969s][info][gc,heap     ] GC(131) Min Capacity: 8192M(100%)
[270.969s][info][gc,heap     ] GC(131) Max Capacity: 8192M(100%)
[270.969s][info][gc,heap     ] GC(131) Soft Max Capacity: 8192M(100%)
[270.969s][info][gc,heap     ] GC(131)                Mark Start          Mark End        Relocate Start      Relocate End           High               Low         
[270.969s][info][gc,heap     ] GC(131)  Capacity:     8192M (100%)       8192M (100%)       8192M (100%)       8192M (100%)       8192M (100%)       8192M (100%)   
[270.969s][info][gc,heap     ] GC(131)      Free:     6480M (79%)        6456M (79%)        8010M (98%)        8018M (98%)        8018M (98%)        6456M (79%)    
[270.969s][info][gc,heap     ] GC(131)      Used:     1712M (21%)        1736M (21%)         182M (2%)          174M (2%)         1736M (21%)         174M (2%)     
[270.969s][info][gc,heap     ] GC(131)      Live:         -               132M (2%)          132M (2%)          132M (2%)             -                  -          
[270.969s][info][gc,heap     ] GC(131) Allocated:         -                24M (0%)           32M (0%)           32M (0%)             -                  -          
[270.969s][info][gc,heap     ] GC(131)   Garbage:         -              1579M (19%)          17M (0%)            9M (0%)             -                  -          
[270.969s][info][gc,heap     ] GC(131) Reclaimed:         -                  -              1562M (19%)        1570M (19%)            -                  -          
[270.969s][info][gc          ] GC(131) Garbage Collection (Proactive) 1712M(21%)->174M(2%)
[272.640s][info][gc,start    ] GC(132) Garbage Collection (Proactive)
[272.640s][info][gc,phases   ] GC(132) Pause Mark Start 0.005ms
[272.662s][info][gc,phases   ] GC(132) Concurrent Mark 21.538ms
[272.663s][info][gc,phases   ] GC(132) Pause Mark End 0.008ms
[272.663s][info][gc,phases   ] GC(132) Concurrent Process Non-Strong References 0.359ms
[272.663s][info][gc,phases   ] GC(132) Concurrent Reset Relocation Set 0.001ms
[272.666s][info][gc,phases   ] GC(132) Concurrent Select Relocation Set 2.373ms
[272.666s][info][gc,phases   ] GC(132) Pause Relocate Start 0.003ms
[272.666s][info][gc,phases   ] GC(132) Concurrent Relocate 0.422ms
[272.666s][info][gc,load     ] GC(132) Load: 4.25/3.69/3.62
[272.666s][info][gc,mmu      ] GC(132) MMU: 2ms/98.6%, 5ms/99.3%, 10ms/99.7%, 20ms/99.8%, 50ms/99.9%, 100ms/100.0%
[272.666s][info][gc,marking  ] GC(132) Mark: 2 stripe(s), 2 proactive flush(es), 1 terminate flush(es), 0 completion(s), 0 continuation(s) 
[272.666s][info][gc,nmethod  ] GC(132) NMethods: 484 registered, 0 unregistered
[272.666s][info][gc,metaspace] GC(132) Metaspace: 0M used, 0M committed, 1032M reserved
[272.666s][info][gc,ref      ] GC(132) Soft: 82 encountered, 0 discovered, 0 enqueued
[272.666s][info][gc,ref      ] GC(132) Weak: 200 encountered, 61 discovered, 0 enqueued
[272.666s][info][gc,ref      ] GC(132) Final: 0 encountered, 0 discovered, 0 enqueued
[272.666s][info][gc,ref      ] GC(132) Phantom: 5 encountered, 3 discovered, 0 enqueued
[272.666s][info][gc,reloc    ] GC(132) Small Pages: 959 / 1918M, Empty: 1770M, Relocated: 2M, In-Place: 0
[272.666s][info][gc,reloc    ] GC(132) Medium Pages: 0 / 0M, Empty: 0M, Relocated: 0M, In-Place: 0
[272.666s][info][gc,reloc    ] GC(132) Large Pages: 0 / 0M, Empty: 0M, Relocated: 0M, In-Place: 0
[272.666s][info][gc,reloc    ] GC(132) Forwarding Usage: 0M
[272.666s][info][gc,heap     ] GC(132) Min Capacity: 8192M(100%)
[272.666s][info][gc,heap     ] GC(132) Max Capacity: 8192M(100%)
[272.666s][info][gc,heap     ] GC(132) Soft Max Capacity: 8192M(100%)
[272.666s][info][gc,heap     ] GC(132)                Mark Start          Mark End        Relocate Start      Relocate End           High               Low         
[272.666s][info][gc,heap     ] GC(132)  Capacity:     8192M (100%)       8192M (100%)       8192M (100%)       8192M (100%)       8192M (100%)       8192M (100%)   
[272.666s][info][gc,heap     ] GC(132)      Free:     6274M (77%)        6250M (76%)        8020M (98%)        8024M (98%)        8024M (98%)        6250M (76%)    
[272.666s][info][gc,heap     ] GC(132)      Used:     1918M (23%)        1942M (24%)         172M (2%)          168M (2%)         1942M (24%)         168M (2%)     
[272.666s][info][gc,heap     ] GC(132)      Live:         -               132M (2%)          132M (2%)          132M (2%)             -                  -          
[272.666s][info][gc,heap     ] GC(132) Allocated:         -                24M (0%)           24M (0%)           24M (0%)             -                  -          
[272.666s][info][gc,heap     ] GC(132)   Garbage:         -              1785M (22%)          15M (0%)           11M (0%)             -                  -          
[272.666s][info][gc,heap     ] GC(132) Reclaimed:         -                  -              1770M (22%)        1774M (22%)            -                  -          
[272.666s][info][gc          ] GC(132) Garbage Collection (Proactive) 1918M(23%)->168M(2%)
[274.240s][info][gc,start    ] GC(133) Garbage Collection (Proactive)
[274.240s][info][gc,phases   ] GC(133) Pause Mark Start 0.005ms
[274.261s][info][gc,phases   ] GC(133) Concurrent Mark 20.248ms
[274.261s][info][gc,phases   ] GC(133) Pause Mark End 0.009ms
[274.261s][info][gc,phases   ] GC(133) Concurrent Process Non-Strong References 0.401ms
[274.261s][info][gc,phases   ] GC(133) Concurrent Reset Relocation Set 0.001ms
[274.264s][info][gc,phases   ] GC(133) Concurrent Select Relocation Set 2.329ms
[274.264s][info][gc,phases   ] GC(133) Pause Relocate Start 0.003ms
[274.264s][info][gc,phases   ] GC(133) Concurrent Relocate 0.453ms
[274.264s][info][gc,load     ] GC(133) Load: 4.25/3.69/3.62
[274.264s][info][gc,mmu      ] GC(133) MMU: 2ms/98.6%, 5ms/99.3%, 10ms/99.7%, 20ms/99.8%, 50ms/99.9%, 100ms/100.0%
[274.264s][info][gc,marking  ] GC(133) Mark: 2 stripe(s), 2 proactive flush(es), 1 terminate flush(es), 0 completion(s), 0 continuation(s) 
[274.264s][info][gc,nmethod  ] GC(133) NMethods: 484 registered, 0 unregistered
[274.264s][info][gc,metaspace] GC(133) Metaspace: 0M used, 0M committed, 1032M reserved
[274.264s][info][gc,ref      ] GC(133) Soft: 82 encountered, 0 discovered, 0 enqueued
[274.264s][info][gc,ref      ] GC(133) Weak: 200 encountered, 61 discovered, 0 enqueued
[274.264s][info][gc,ref      ] GC(133) Final: 0 encountered, 0 discovered, 0 enqueued
[274.264s][info][gc,ref      ] GC(133) Phantom: 5 encountered, 5 discovered, 0 enqueued
[274.264s][info][gc,reloc    ] GC(133) Small Pages: 908 / 1816M, Empty: 1668M, Relocated: 3M, In-Place: 0
[274.264s][info][gc,reloc    ] GC(133) Medium Pages: 0 / 0M, Empty: 0M, Relocated: 0M, In-Place: 0
[274.264s][info][gc,reloc    ] GC(133) Large Pages: 0 / 0M, Empty: 0M, Relocated: 0M, In-Place: 0
[274.264s][info][gc,reloc    ] GC(133) Forwarding Usage: 0M
[274.264s][info][gc,heap     ] GC(133) Min Capacity: 8192M(100%)
[274.264s][info][gc,heap     ] GC(133) Max Capacity: 8192M(100%)
[274.264s][info][gc,heap     ] GC(133) Soft Max Capacity: 8192M(100%)
[274.264s][info][gc,heap     ] GC(133)                Mark Start          Mark End        Relocate Start      Relocate End           High               Low         
[274.264s][info][gc,heap     ] GC(133)  Capacity:     8192M (100%)       8192M (100%)       8192M (100%)       8192M (100%)       8192M (100%)       8192M (100%)   
[274.264s][info][gc,heap     ] GC(133)      Free:     6376M (78%)        6352M (78%)        8020M (98%)        8024M (98%)        8024M (98%)        6352M (78%)    
[274.264s][info][gc,heap     ] GC(133)      Used:     1816M (22%)        1840M (22%)         172M (2%)          168M (2%)         1840M (22%)         168M (2%)     
[274.264s][info][gc,heap     ] GC(133)      Live:         -               132M (2%)          132M (2%)          132M (2%)             -                  -          
[274.264s][info][gc,heap     ] GC(133) Allocated:         -                24M (0%)           24M (0%)           24M (0%)             -                  -          
[274.264s][info][gc,heap     ] GC(133)   Garbage:         -              1683M (21%)          15M (0%)           11M (0%)             -                  -          
[274.264s][info][gc,heap     ] GC(133) Reclaimed:         -                  -              1668M (20%)        1672M (20%)            -                  -          
[274.264s][info][gc          ] GC(133) Garbage Collection (Proactive) 1816M(22%)->168M(2%)
[275.740s][info][gc,start    ] GC(134) Garbage Collection (Proactive)
[275.740s][info][gc,phases   ] GC(134) Pause Mark Start 0.009ms
[275.761s][info][gc,phases   ] GC(134) Concurrent Mark 20.542ms
[275.761s][info][gc,phases   ] GC(134) Pause Mark End 0.008ms
[275.761s][info][gc,phases   ] GC(134) Concurrent Process Non-Strong References 0.355ms
[275.761s][info][gc,phases   ] GC(134) Concurrent Reset Relocation Set 0.001ms
[275.764s][info][gc,phases   ] GC(134) Concurrent Select Relocation Set 2.507ms
[275.764s][info][gc,phases   ] GC(134) Pause Relocate Start 0.006ms
[275.765s][info][gc,phases   ] GC(134) Concurrent Relocate 0.502ms
[275.765s][info][gc,load     ] GC(134) Load: 4.07/3.66/3.61
[275.765s][info][gc,mmu      ] GC(134) MMU: 2ms/98.6%, 5ms/99.3%, 10ms/99.7%, 20ms/99.8%, 50ms/99.9%, 100ms/100.0%
[275.765s][info][gc,marking  ] GC(134) Mark: 2 stripe(s), 2 proactive flush(es), 1 terminate flush(es), 0 completion(s), 0 continuation(s) 
[275.765s][info][gc,nmethod  ] GC(134) NMethods: 484 registered, 0 unregistered
[275.765s][info][gc,metaspace] GC(134) Metaspace: 0M used, 0M committed, 1032M reserved
[275.765s][info][gc,ref      ] GC(134) Soft: 82 encountered, 0 discovered, 0 enqueued
[275.765s][info][gc,ref      ] GC(134) Weak: 200 encountered, 54 discovered, 0 enqueued
[275.765s][info][gc,ref      ] GC(134) Final: 0 encountered, 0 discovered, 0 enqueued
[275.765s][info][gc,ref      ] GC(134) Phantom: 5 encountered, 3 discovered, 0 enqueued
[275.765s][info][gc,reloc    ] GC(134) Small Pages: 856 / 1712M, Empty: 1564M, Relocated: 3M, In-Place: 0
[275.765s][info][gc,reloc    ] GC(134) Medium Pages: 0 / 0M, Empty: 0M, Relocated: 0M, In-Place: 0
[275.765s][info][gc,reloc    ] GC(134) Large Pages: 0 / 0M, Empty: 0M, Relocated: 0M, In-Place: 0
[275.765s][info][gc,reloc    ] GC(134) Forwarding Usage: 0M
[275.765s][info][gc,heap     ] GC(134) Min Capacity: 8192M(100%)
[275.765s][info][gc,heap     ] GC(134) Max Capacity: 8192M(100%)
[275.765s][info][gc,heap     ] GC(134) Soft Max Capacity: 8192M(100%)
[275.765s][info][gc,heap     ] GC(134)                Mark Start          Mark End        Relocate Start      Relocate End           High               Low         
[275.765s][info][gc,heap     ] GC(134)  Capacity:     8192M (100%)       8192M (100%)       8192M (100%)       8192M (100%)       8192M (100%)       8192M (100%)   
[275.765s][info][gc,heap     ] GC(134)      Free:     6480M (79%)        6456M (79%)        8020M (98%)        8026M (98%)        8026M (98%)        6456M (79%)    
[275.765s][info][gc,heap     ] GC(134)      Used:     1712M (21%)        1736M (21%)         172M (2%)          166M (2%)         1736M (21%)         166M (2%)     
[275.765s][info][gc,heap     ] GC(134)      Live:         -               132M (2%)          132M (2%)          132M (2%)             -                  -          
[275.765s][info][gc,heap     ] GC(134) Allocated:         -                24M (0%)           24M (0%)           24M (0%)             -                  -          
[275.765s][info][gc,heap     ] GC(134)   Garbage:         -              1579M (19%)          15M (0%)            9M (0%)             -                  -          
[275.765s][info][gc,heap     ] GC(134) Reclaimed:         -                  -              1564M (19%)        1570M (19%)            -                  -          
[275.765s][info][gc          ] GC(134) Garbage Collection (Proactive) 1712M(21%)->166M(2%)
[277.140s][info][gc,start    ] GC(135) Garbage Collection (Proactive)
[277.140s][info][gc,phases   ] GC(135) Pause Mark Start 0.008ms
[277.178s][info][gc,phases   ] GC(135) Concurrent Mark 37.782ms
[277.178s][info][gc,phases   ] GC(135) Pause Mark End 0.009ms
[277.178s][info][gc,phases   ] GC(135) Concurrent Process Non-Strong References 0.423ms
[277.178s][info][gc,phases   ] GC(135) Concurrent Reset Relocation Set 0.001ms
[277.181s][info][gc,phases   ] GC(135) Concurrent Select Relocation Set 2.653ms
[277.181s][info][gc,phases   ] GC(135) Pause Relocate Start 0.004ms
[277.181s][info][gc,phases   ] GC(135) Concurrent Relocate 0.454ms
[277.182s][info][gc,load     ] GC(135) Load: 4.07/3.66/3.61
[277.182s][info][gc,mmu      ] GC(135) MMU: 2ms/98.6%, 5ms/99.3%, 10ms/99.7%, 20ms/99.8%, 50ms/99.9%, 100ms/100.0%
[277.182s][info][gc,marking  ] GC(135) Mark: 2 stripe(s), 2 proactive flush(es), 1 terminate flush(es), 0 completion(s), 0 continuation(s) 
[277.182s][info][gc,nmethod  ] GC(135) NMethods: 484 registered, 0 unregistered
[277.182s][info][gc,metaspace] GC(135) Metaspace: 0M used, 0M committed, 1032M reserved
[277.182s][info][gc,ref      ] GC(135) Soft: 82 encountered, 0 discovered, 0 enqueued
[277.182s][info][gc,ref      ] GC(135) Weak: 200 encountered, 60 discovered, 0 enqueued
[277.182s][info][gc,ref      ] GC(135) Final: 0 encountered, 0 discovered, 0 enqueued
[277.182s][info][gc,ref      ] GC(135) Phantom: 5 encountered, 3 discovered, 0 enqueued
[277.182s][info][gc,reloc    ] GC(135) Small Pages: 803 / 1606M, Empty: 1458M, Relocated: 3M, In-Place: 0
[277.182s][info][gc,reloc    ] GC(135) Medium Pages: 0 / 0M, Empty: 0M, Relocated: 0M, In-Place: 0
[277.182s][info][gc,reloc    ] GC(135) Large Pages: 0 / 0M, Empty: 0M, Relocated: 0M, In-Place: 0
[277.182s][info][gc,reloc    ] GC(135) Forwarding Usage: 0M
[277.182s][info][gc,heap     ] GC(135) Min Capacity: 8192M(100%)
[277.182s][info][gc,heap     ] GC(135) Max Capacity: 8192M(100%)
[277.182s][info][gc,heap     ] GC(135) Soft Max Capacity: 8192M(100%)
[277.182s][info][gc,heap     ] GC(135)                Mark Start          Mark End        Relocate Start      Relocate End           High               Low         
[277.182s][info][gc,heap     ] GC(135)  Capacity:     8192M (100%)       8192M (100%)       8192M (100%)       8192M (100%)       8192M (100%)       8192M (100%)   
[277.182s][info][gc,heap     ] GC(135)      Free:     6586M (80%)        6538M (80%)        7996M (98%)        8002M (98%)        8002M (98%)        6538M (80%)    
[277.182s][info][gc,heap     ] GC(135)      Used:     1606M (20%)        1654M (20%)         196M (2%)          190M (2%)         1654M (20%)         190M (2%)     
[277.182s][info][gc,heap     ] GC(135)      Live:         -               132M (2%)          132M (2%)          132M (2%)             -                  -          
[277.182s][info][gc,heap     ] GC(135) Allocated:         -                48M (1%)           48M (1%)           48M (1%)             -                  -          
[277.182s][info][gc,heap     ] GC(135)   Garbage:         -              1473M (18%)          15M (0%)            9M (0%)             -                  -          
[277.182s][info][gc,heap     ] GC(135) Reclaimed:         -                  -              1458M (18%)        1464M (18%)            -                  -          
[277.182s][info][gc          ] GC(135) Garbage Collection (Proactive) 1606M(20%)->190M(2%)
[280.040s][info][gc,stats    ] === Garbage Collection Statistics =======================================================================================================================
[280.040s][info][gc,stats    ]                                                              Last 10s              Last 10m              Last 10h                Total
[280.040s][info][gc,stats    ]                                                              Avg / Max             Avg / Max             Avg / Max             Avg / Max
[280.040s][info][gc,stats    ]   Collector: Garbage Collection Cycle                     29.007 / 41.973       32.134 / 95.920       32.134 / 95.920       32.134 / 95.920      ms
[280.040s][info][gc,stats    ]  Contention: Mark Segment Reset Contention                     0 / 0                 0 / 4                 0 / 4                 0 / 4           ops/s
[280.040s][info][gc,stats    ]  Contention: Mark SeqNum Reset Contention                      0 / 0                 0 / 1                 0 / 1                 0 / 1           ops/s
[280.040s][info][gc,stats    ]    Critical: Allocation Stall                                  0 / 0                 0 / 0                 0 / 0                 0 / 0           ops/s
[280.040s][info][gc,stats    ]    Critical: Allocation Stall                              0.000 / 0.000         0.000 / 0.000         0.000 / 0.000         0.000 / 0.000       ms
[280.040s][info][gc,stats    ]    Critical: GC Locker Stall                                   0 / 0                 0 / 0                 0 / 0                 0 / 0           ops/s
[280.041s][info][gc,stats    ]    Critical: GC Locker Stall                               0.000 / 0.000         0.000 / 0.000         0.000 / 0.000         0.000 / 0.000       ms
[280.041s][info][gc,stats    ]    Critical: Relocation Stall                                  0 / 0                 0 / 0                 0 / 0                 0 / 0           ops/s
[280.041s][info][gc,stats    ]    Critical: Relocation Stall                              0.000 / 0.000         0.000 / 0.000         0.000 / 0.000         0.000 / 0.000       ms
[280.041s][info][gc,stats    ]      Memory: Allocation Rate                                1044 / 1048           1073 / 9212           1073 / 9212           1073 / 9212        MB/s
[280.041s][info][gc,stats    ]      Memory: Out Of Memory                                     0 / 0                 0 / 0                 0 / 0                 0 / 0           ops/s
[280.041s][info][gc,stats    ]      Memory: Page Cache Flush                                  0 / 0                 0 / 0                 0 / 0                 0 / 0           MB/s
[280.041s][info][gc,stats    ]      Memory: Page Cache Hit L1                               523 / 527             518 / 533             518 / 533             518 / 533         ops/s
[280.041s][info][gc,stats    ]      Memory: Page Cache Hit L2                                 0 / 0                 0 / 0                 0 / 0                 0 / 0           ops/s
[280.041s][info][gc,stats    ]      Memory: Page Cache Hit L3                                 0 / 0                 6 / 486               6 / 486               6 / 486         ops/s
[280.041s][info][gc,stats    ]      Memory: Page Cache Miss                                   0 / 0                 0 / 1                 0 / 1                 0 / 1           ops/s
[280.041s][info][gc,stats    ]      Memory: Uncommit                                          0 / 0                 0 / 0                 0 / 0                 0 / 0           MB/s
[280.041s][info][gc,stats    ]      Memory: Undo Object Allocation Failed                     0 / 0                 0 / 0                 0 / 0                 0 / 0           ops/s
[280.041s][info][gc,stats    ]      Memory: Undo Object Allocation Succeeded                  0 / 0                 0 / 6                 0 / 6                 0 / 6           ops/s
[280.041s][info][gc,stats    ]      Memory: Undo Page Allocation                              0 / 0                 0 / 1                 0 / 1                 0 / 1           ops/s
[280.041s][info][gc,stats    ]       Phase: Concurrent Mark                              24.947 / 37.782       27.047 / 65.214       27.047 / 65.214       27.047 / 65.214      ms
[280.041s][info][gc,stats    ]       Phase: Concurrent Mark Continue                      0.000 / 0.000         0.000 / 0.000         0.000 / 0.000         0.000 / 0.000       ms
[280.041s][info][gc,stats    ]       Phase: Concurrent Process Non-Strong References      0.407 / 0.497         0.458 / 0.911         0.458 / 0.911         0.458 / 0.911       ms
[280.041s][info][gc,stats    ]       Phase: Concurrent Relocate                           0.459 / 0.502         1.104 / 16.651        1.104 / 16.651        1.104 / 16.651      ms
[280.041s][info][gc,stats    ]       Phase: Concurrent Reset Relocation Set               0.001 / 0.002         0.003 / 0.098         0.003 / 0.098         0.003 / 0.098       ms
[280.041s][info][gc,stats    ]       Phase: Concurrent Select Relocation Set              2.552 / 2.898         2.927 / 12.567        2.927 / 12.567        2.927 / 12.567      ms
[280.041s][info][gc,stats    ]       Phase: Pause Mark End                                0.009 / 0.010         0.009 / 0.025         0.009 / 0.025         0.009 / 0.025       ms
[280.041s][info][gc,stats    ]       Phase: Pause Mark Start                              0.007 / 0.009         0.006 / 0.028         0.006 / 0.028         0.006 / 0.028       ms
[280.041s][info][gc,stats    ]       Phase: Pause Relocate Start                          0.004 / 0.006         0.004 / 0.026         0.004 / 0.026         0.004 / 0.026       ms
[280.041s][info][gc,stats    ]    Subphase: Concurrent Classes Purge                      0.025 / 0.034         0.029 / 0.102         0.029 / 0.102         0.029 / 0.102       ms
[280.041s][info][gc,stats    ]    Subphase: Concurrent Classes Unlink                     0.275 / 0.301         0.295 / 0.571         0.295 / 0.571         0.295 / 0.571       ms
[280.041s][info][gc,stats    ]    Subphase: Concurrent Mark                              24.203 / 37.365       26.269 / 64.907       26.269 / 64.907       26.269 / 64.907      ms
[280.041s][info][gc,stats    ]    Subphase: Concurrent Mark Idle                          1.129 / 1.263         1.188 / 1.330         1.188 / 1.330         1.188 / 1.330       ms
[280.041s][info][gc,stats    ]    Subphase: Concurrent Mark Try Flush                     0.034 / 0.098         0.035 / 0.119         0.035 / 0.119         0.035 / 0.119       ms
[280.041s][info][gc,stats    ]    Subphase: Concurrent Mark Try Terminate                 0.385 / 1.265         0.444 / 1.332         0.444 / 1.332         0.444 / 1.332       ms
[280.041s][info][gc,stats    ]    Subphase: Concurrent References Enqueue                 0.000 / 0.000         0.000 / 0.003         0.000 / 0.003         0.000 / 0.003       ms
[280.041s][info][gc,stats    ]    Subphase: Concurrent References Process                 0.019 / 0.023         0.028 / 0.095         0.028 / 0.095         0.028 / 0.095       ms
[280.041s][info][gc,stats    ]    Subphase: Concurrent Roots ClassLoaderDataGraph         0.017 / 0.041         0.016 / 0.132         0.016 / 0.132         0.016 / 0.132       ms
[280.041s][info][gc,stats    ]    Subphase: Concurrent Roots CodeCache                    0.000 / 0.000         0.000 / 0.000         0.000 / 0.000         0.000 / 0.000       ms
[280.041s][info][gc,stats    ]    Subphase: Concurrent Roots JavaThreads                  0.216 / 0.323         0.196 / 0.323         0.196 / 0.323         0.196 / 0.323       ms
[280.041s][info][gc,stats    ]    Subphase: Concurrent Roots OopStorageSet                0.004 / 0.006         0.004 / 0.022         0.004 / 0.022         0.004 / 0.022       ms
[280.041s][info][gc,stats    ]    Subphase: Concurrent Weak Roots OopStorageSet           0.033 / 0.044         0.038 / 0.120         0.038 / 0.120         0.038 / 0.120       ms
[280.041s][info][gc,stats    ]    Subphase: Pause Mark Try Complete                       0.000 / 0.000         0.000 / 0.000         0.000 / 0.000         0.000 / 0.000       ms
[280.041s][info][gc,stats    ]      System: Java Threads                                     16 / 16               16 / 20               16 / 20               16 / 20          threads
[280.041s][info][gc,stats    ] =========================================================================================================================================================
[280.340s][info][gc,start    ] GC(136) Garbage Collection (Proactive)
[280.340s][info][gc,phases   ] GC(136) Pause Mark Start 0.004ms
[280.374s][info][gc,phases   ] GC(136) Concurrent Mark 33.075ms
[280.374s][info][gc,phases   ] GC(136) Pause Mark End 0.008ms
[280.374s][info][gc,phases   ] GC(136) Concurrent Process Non-Strong References 0.349ms
[280.374s][info][gc,phases   ] GC(136) Concurrent Reset Relocation Set 0.001ms
[280.377s][info][gc,phases   ] GC(136) Concurrent Select Relocation Set 2.493ms
[280.377s][info][gc,phases   ] GC(136) Pause Relocate Start 0.004ms
[280.377s][info][gc,phases   ] GC(136) Concurrent Relocate 0.630ms
[280.377s][info][gc,load     ] GC(136) Load: 4.07/3.66/3.61
[280.377s][info][gc,mmu      ] GC(136) MMU: 2ms/98.6%, 5ms/99.3%, 10ms/99.7%, 20ms/99.8%, 50ms/99.9%, 100ms/100.0%
[280.377s][info][gc,marking  ] GC(136) Mark: 2 stripe(s), 2 proactive flush(es), 1 terminate flush(es), 0 completion(s), 0 continuation(s) 
[280.377s][info][gc,nmethod  ] GC(136) NMethods: 484 registered, 0 unregistered
[280.377s][info][gc,metaspace] GC(136) Metaspace: 0M used, 0M committed, 1032M reserved
[280.377s][info][gc,ref      ] GC(136) Soft: 82 encountered, 0 discovered, 0 enqueued
[280.377s][info][gc,ref      ] GC(136) Weak: 200 encountered, 61 discovered, 0 enqueued
[280.377s][info][gc,ref      ] GC(136) Final: 0 encountered, 0 discovered, 0 enqueued
[280.377s][info][gc,ref      ] GC(136) Phantom: 5 encountered, 3 discovered, 0 enqueued
[280.377s][info][gc,reloc    ] GC(136) Small Pages: 1740 / 3480M, Empty: 3332M, Relocated: 3M, In-Place: 0
[280.378s][info][gc,reloc    ] GC(136) Medium Pages: 0 / 0M, Empty: 0M, Relocated: 0M, In-Place: 0
[280.378s][info][gc,reloc    ] GC(136) Large Pages: 0 / 0M, Empty: 0M, Relocated: 0M, In-Place: 0
[280.378s][info][gc,reloc    ] GC(136) Forwarding Usage: 0M
[280.378s][info][gc,heap     ] GC(136) Min Capacity: 8192M(100%)
[280.378s][info][gc,heap     ] GC(136) Max Capacity: 8192M(100%)
[280.378s][info][gc,heap     ] GC(136) Soft Max Capacity: 8192M(100%)
[280.378s][info][gc,heap     ] GC(136)                Mark Start          Mark End        Relocate Start      Relocate End           High               Low         
[280.378s][info][gc,heap     ] GC(136)  Capacity:     8192M (100%)       8192M (100%)       8192M (100%)       8192M (100%)       8192M (100%)       8192M (100%)   
[280.378s][info][gc,heap     ] GC(136)      Free:     4712M (58%)        4680M (57%)        8000M (98%)        8000M (98%)        8008M (98%)        4680M (57%)    
[280.378s][info][gc,heap     ] GC(136)      Used:     3480M (42%)        3512M (43%)         192M (2%)          192M (2%)         3512M (43%)         184M (2%)     
[280.378s][info][gc,heap     ] GC(136)      Live:         -               132M (2%)          132M (2%)          132M (2%)             -                  -          
[280.378s][info][gc,heap     ] GC(136) Allocated:         -                32M (0%)           44M (1%)           48M (1%)             -                  -          
[280.378s][info][gc,heap     ] GC(136)   Garbage:         -              3347M (41%)          15M (0%)           11M (0%)             -                  -          
[280.378s][info][gc,heap     ] GC(136) Reclaimed:         -                  -              3332M (41%)        3336M (41%)            -                  -          
[280.378s][info][gc          ] GC(136) Garbage Collection (Proactive) 3480M(42%)->192M(2%)
[282.940s][info][gc,start    ] GC(137) Garbage Collection (Proactive)
[282.941s][info][gc,phases   ] GC(137) Pause Mark Start 0.011ms
[282.966s][info][gc,phases   ] GC(137) Concurrent Mark 24.963ms
[282.966s][info][gc,phases   ] GC(137) Pause Mark End 0.008ms
[282.966s][info][gc,phases   ] GC(137) Concurrent Process Non-Strong References 0.536ms
[282.967s][info][gc,phases   ] GC(137) Concurrent Reset Relocation Set 0.002ms
[282.970s][info][gc,phases   ] GC(137) Concurrent Select Relocation Set 3.172ms
[282.970s][info][gc,phases   ] GC(137) Pause Relocate Start 0.004ms
[282.971s][info][gc,phases   ] GC(137) Concurrent Relocate 0.906ms
[282.971s][info][gc,load     ] GC(137) Load: 4.31/3.72/3.63
[282.971s][info][gc,mmu      ] GC(137) MMU: 2ms/98.6%, 5ms/99.3%, 10ms/99.7%, 20ms/99.8%, 50ms/99.9%, 100ms/100.0%
[282.971s][info][gc,marking  ] GC(137) Mark: 2 stripe(s), 2 proactive flush(es), 1 terminate flush(es), 0 completion(s), 0 continuation(s) 
[282.971s][info][gc,nmethod  ] GC(137) NMethods: 484 registered, 0 unregistered
[282.971s][info][gc,metaspace] GC(137) Metaspace: 0M used, 0M committed, 1032M reserved
[282.971s][info][gc,ref      ] GC(137) Soft: 82 encountered, 0 discovered, 0 enqueued
[282.971s][info][gc,ref      ] GC(137) Weak: 200 encountered, 49 discovered, 0 enqueued
[282.971s][info][gc,ref      ] GC(137) Final: 0 encountered, 0 discovered, 0 enqueued
[282.971s][info][gc,ref      ] GC(137) Phantom: 5 encountered, 3 discovered, 0 enqueued
[282.971s][info][gc,reloc    ] GC(137) Small Pages: 1428 / 2856M, Empty: 2708M, Relocated: 5M, In-Place: 0
[282.971s][info][gc,reloc    ] GC(137) Medium Pages: 0 / 0M, Empty: 0M, Relocated: 0M, In-Place: 0
[282.971s][info][gc,reloc    ] GC(137) Large Pages: 0 / 0M, Empty: 0M, Relocated: 0M, In-Place: 0
[282.971s][info][gc,reloc    ] GC(137) Forwarding Usage: 0M
[282.971s][info][gc,heap     ] GC(137) Min Capacity: 8192M(100%)
[282.971s][info][gc,heap     ] GC(137) Max Capacity: 8192M(100%)
[282.971s][info][gc,heap     ] GC(137) Soft Max Capacity: 8192M(100%)
[282.971s][info][gc,heap     ] GC(137)                Mark Start          Mark End        Relocate Start      Relocate End           High               Low         
[282.971s][info][gc,heap     ] GC(137)  Capacity:     8192M (100%)       8192M (100%)       8192M (100%)       8192M (100%)       8192M (100%)       8192M (100%)   
[282.971s][info][gc,heap     ] GC(137)      Free:     5336M (65%)        5310M (65%)        8010M (98%)        8012M (98%)        8012M (98%)        5304M (65%)    
[282.971s][info][gc,heap     ] GC(137)      Used:     2856M (35%)        2882M (35%)         182M (2%)          180M (2%)         2888M (35%)         180M (2%)     
[282.971s][info][gc,heap     ] GC(137)      Live:         -               132M (2%)          132M (2%)          132M (2%)             -                  -          
[282.971s][info][gc,heap     ] GC(137) Allocated:         -                26M (0%)           34M (0%)           34M (0%)             -                  -          
[282.971s][info][gc,heap     ] GC(137)   Garbage:         -              2723M (33%)          15M (0%)           13M (0%)             -                  -          
[282.971s][info][gc,heap     ] GC(137) Reclaimed:         -                  -              2708M (33%)        2710M (33%)            -                  -          
[282.971s][info][gc          ] GC(137) Garbage Collection (Proactive) 2856M(35%)->180M(2%)
[285.240s][info][gc,start    ] GC(138) Garbage Collection (Proactive)
[285.240s][info][gc,phases   ] GC(138) Pause Mark Start 0.004ms
[285.262s][info][gc,phases   ] GC(138) Concurrent Mark 21.801ms
[285.262s][info][gc,phases   ] GC(138) Pause Mark End 0.007ms
[285.263s][info][gc,phases   ] GC(138) Concurrent Process Non-Strong References 0.343ms
[285.263s][info][gc,phases   ] GC(138) Concurrent Reset Relocation Set 0.001ms
[285.265s][info][gc,phases   ] GC(138) Concurrent Select Relocation Set 2.131ms
[285.265s][info][gc,phases   ] GC(138) Pause Relocate Start 0.004ms
[285.265s][info][gc,phases   ] GC(138) Concurrent Relocate 0.465ms
[285.265s][info][gc,load     ] GC(138) Load: 4.31/3.72/3.63
[285.265s][info][gc,mmu      ] GC(138) MMU: 2ms/98.6%, 5ms/99.3%, 10ms/99.7%, 20ms/99.8%, 50ms/99.9%, 100ms/100.0%
[285.265s][info][gc,marking  ] GC(138) Mark: 2 stripe(s), 2 proactive flush(es), 1 terminate flush(es), 0 completion(s), 0 continuation(s) 
[285.265s][info][gc,nmethod  ] GC(138) NMethods: 484 registered, 0 unregistered
[285.265s][info][gc,metaspace] GC(138) Metaspace: 0M used, 0M committed, 1032M reserved
[285.265s][info][gc,ref      ] GC(138) Soft: 82 encountered, 0 discovered, 0 enqueued
[285.265s][info][gc,ref      ] GC(138) Weak: 200 encountered, 65 discovered, 0 enqueued
[285.265s][info][gc,ref      ] GC(138) Final: 0 encountered, 0 discovered, 0 enqueued
[285.265s][info][gc,ref      ] GC(138) Phantom: 5 encountered, 3 discovered, 0 enqueued
[285.265s][info][gc,reloc    ] GC(138) Small Pages: 1273 / 2546M, Empty: 2398M, Relocated: 3M, In-Place: 0
[285.265s][info][gc,reloc    ] GC(138) Medium Pages: 0 / 0M, Empty: 0M, Relocated: 0M, In-Place: 0
[285.265s][info][gc,reloc    ] GC(138) Large Pages: 0 / 0M, Empty: 0M, Relocated: 0M, In-Place: 0
[285.265s][info][gc,reloc    ] GC(138) Forwarding Usage: 0M
[285.265s][info][gc,heap     ] GC(138) Min Capacity: 8192M(100%)
[285.265s][info][gc,heap     ] GC(138) Max Capacity: 8192M(100%)
[285.266s][info][gc,heap     ] GC(138) Soft Max Capacity: 8192M(100%)
[285.266s][info][gc,heap     ] GC(138)                Mark Start          Mark End        Relocate Start      Relocate End           High               Low         
[285.266s][info][gc,heap     ] GC(138)  Capacity:     8192M (100%)       8192M (100%)       8192M (100%)       8192M (100%)       8192M (100%)       8192M (100%)   
[285.266s][info][gc,heap     ] GC(138)      Free:     5646M (69%)        5622M (69%)        8020M (98%)        8024M (98%)        8024M (98%)        5622M (69%)    
[285.266s][info][gc,heap     ] GC(138)      Used:     2546M (31%)        2570M (31%)         172M (2%)          168M (2%)         2570M (31%)         168M (2%)     
[285.266s][info][gc,heap     ] GC(138)      Live:         -               132M (2%)          132M (2%)          132M (2%)             -                  -          
[285.266s][info][gc,heap     ] GC(138) Allocated:         -                24M (0%)           24M (0%)           24M (0%)             -                  -          
[285.266s][info][gc,heap     ] GC(138)   Garbage:         -              2413M (29%)          15M (0%)           11M (0%)             -                  -          
[285.266s][info][gc,heap     ] GC(138) Reclaimed:         -                  -              2398M (29%)        2402M (29%)            -                  -          
[285.266s][info][gc          ] GC(138) Garbage Collection (Proactive) 2546M(31%)->168M(2%)
[287.240s][info][gc,start    ] GC(139) Garbage Collection (Proactive)
[287.240s][info][gc,phases   ] GC(139) Pause Mark Start 0.005ms
[287.268s][info][gc,phases   ] GC(139) Concurrent Mark 27.253ms
[287.268s][info][gc,phases   ] GC(139) Pause Mark End 0.008ms
[287.268s][info][gc,phases   ] GC(139) Concurrent Process Non-Strong References 0.396ms
[287.268s][info][gc,phases   ] GC(139) Concurrent Reset Relocation Set 0.001ms
[287.271s][info][gc,phases   ] GC(139) Concurrent Select Relocation Set 2.868ms
[287.271s][info][gc,phases   ] GC(139) Pause Relocate Start 0.004ms
[287.272s][info][gc,phases   ] GC(139) Concurrent Relocate 0.452ms
[287.272s][info][gc,load     ] GC(139) Load: 4.12/3.69/3.62
[287.272s][info][gc,mmu      ] GC(139) MMU: 2ms/98.6%, 5ms/99.3%, 10ms/99.7%, 20ms/99.8%, 50ms/99.9%, 100ms/100.0%
[287.272s][info][gc,marking  ] GC(139) Mark: 2 stripe(s), 2 proactive flush(es), 1 terminate flush(es), 0 completion(s), 0 continuation(s) 
[287.272s][info][gc,nmethod  ] GC(139) NMethods: 484 registered, 0 unregistered
[287.272s][info][gc,metaspace] GC(139) Metaspace: 0M used, 0M committed, 1032M reserved
[287.272s][info][gc,ref      ] GC(139) Soft: 82 encountered, 0 discovered, 0 enqueued
[287.272s][info][gc,ref      ] GC(139) Weak: 200 encountered, 54 discovered, 0 enqueued
[287.272s][info][gc,ref      ] GC(139) Final: 0 encountered, 0 discovered, 0 enqueued
[287.272s][info][gc,ref      ] GC(139) Phantom: 5 encountered, 3 discovered, 0 enqueued
[287.272s][info][gc,reloc    ] GC(139) Small Pages: 1116 / 2232M, Empty: 2084M, Relocated: 3M, In-Place: 0
[287.272s][info][gc,reloc    ] GC(139) Medium Pages: 0 / 0M, Empty: 0M, Relocated: 0M, In-Place: 0
[287.272s][info][gc,reloc    ] GC(139) Large Pages: 0 / 0M, Empty: 0M, Relocated: 0M, In-Place: 0
[287.272s][info][gc,reloc    ] GC(139) Forwarding Usage: 0M
[287.272s][info][gc,heap     ] GC(139) Min Capacity: 8192M(100%)
[287.272s][info][gc,heap     ] GC(139) Max Capacity: 8192M(100%)
[287.272s][info][gc,heap     ] GC(139) Soft Max Capacity: 8192M(100%)
[287.272s][info][gc,heap     ] GC(139)                Mark Start          Mark End        Relocate Start      Relocate End           High               Low         
[287.272s][info][gc,heap     ] GC(139)  Capacity:     8192M (100%)       8192M (100%)       8192M (100%)       8192M (100%)       8192M (100%)       8192M (100%)   
[287.272s][info][gc,heap     ] GC(139)      Free:     5960M (73%)        5928M (72%)        8012M (98%)        8016M (98%)        8016M (98%)        5928M (72%)    
[287.272s][info][gc,heap     ] GC(139)      Used:     2232M (27%)        2264M (28%)         180M (2%)          176M (2%)         2264M (28%)         176M (2%)     
[287.272s][info][gc,heap     ] GC(139)      Live:         -               132M (2%)          132M (2%)          132M (2%)             -                  -          
[287.272s][info][gc,heap     ] GC(139) Allocated:         -                32M (0%)           32M (0%)           32M (0%)             -                  -          
[287.272s][info][gc,heap     ] GC(139)   Garbage:         -              2099M (26%)          15M (0%)           11M (0%)             -                  -          
[287.272s][info][gc,heap     ] GC(139) Reclaimed:         -                  -              2084M (25%)        2088M (25%)            -                  -          
[287.272s][info][gc          ] GC(139) Garbage Collection (Proactive) 2232M(27%)->176M(2%)
[289.240s][info][gc,start    ] GC(140) Garbage Collection (Proactive)
[289.241s][info][gc,phases   ] GC(140) Pause Mark Start 0.005ms
[289.265s][info][gc,phases   ] GC(140) Concurrent Mark 24.467ms
[289.265s][info][gc,phases   ] GC(140) Pause Mark End 0.010ms
[289.266s][info][gc,phases   ] GC(140) Concurrent Process Non-Strong References 0.495ms
[289.266s][info][gc,phases   ] GC(140) Concurrent Reset Relocation Set 0.002ms
[289.269s][info][gc,phases   ] GC(140) Concurrent Select Relocation Set 2.945ms
[289.269s][info][gc,phases   ] GC(140) Pause Relocate Start 0.005ms
[289.269s][info][gc,phases   ] GC(140) Concurrent Relocate 0.450ms
[289.269s][info][gc,load     ] GC(140) Load: 4.12/3.69/3.62
[289.269s][info][gc,mmu      ] GC(140) MMU: 2ms/98.6%, 5ms/99.3%, 10ms/99.7%, 20ms/99.8%, 50ms/99.9%, 100ms/100.0%
[289.269s][info][gc,marking  ] GC(140) Mark: 2 stripe(s), 2 proactive flush(es), 1 terminate flush(es), 0 completion(s), 0 continuation(s) 
[289.269s][info][gc,nmethod  ] GC(140) NMethods: 484 registered, 0 unregistered
[289.269s][info][gc,metaspace] GC(140) Metaspace: 0M used, 0M committed, 1032M reserved
[289.269s][info][gc,ref      ] GC(140) Soft: 82 encountered, 0 discovered, 0 enqueued
[289.269s][info][gc,ref      ] GC(140) Weak: 200 encountered, 55 discovered, 0 enqueued
[289.269s][info][gc,ref      ] GC(140) Final: 0 encountered, 0 discovered, 0 enqueued
[289.269s][info][gc,ref      ] GC(140) Phantom: 5 encountered, 3 discovered, 0 enqueued
[289.270s][info][gc,reloc    ] GC(140) Small Pages: 1116 / 2232M, Empty: 2084M, Relocated: 3M, In-Place: 0
[289.270s][info][gc,reloc    ] GC(140) Medium Pages: 0 / 0M, Empty: 0M, Relocated: 0M, In-Place: 0
[289.270s][info][gc,reloc    ] GC(140) Large Pages: 0 / 0M, Empty: 0M, Relocated: 0M, In-Place: 0
[289.270s][info][gc,reloc    ] GC(140) Forwarding Usage: 0M
[289.270s][info][gc,heap     ] GC(140) Min Capacity: 8192M(100%)
[289.270s][info][gc,heap     ] GC(140) Max Capacity: 8192M(100%)
[289.270s][info][gc,heap     ] GC(140) Soft Max Capacity: 8192M(100%)
[289.270s][info][gc,heap     ] GC(140)                Mark Start          Mark End        Relocate Start      Relocate End           High               Low         
[289.270s][info][gc,heap     ] GC(140)  Capacity:     8192M (100%)       8192M (100%)       8192M (100%)       8192M (100%)       8192M (100%)       8192M (100%)   
[289.270s][info][gc,heap     ] GC(140)      Free:     5960M (73%)        5936M (72%)        8012M (98%)        8016M (98%)        8016M (98%)        5934M (72%)    
[289.270s][info][gc,heap     ] GC(140)      Used:     2232M (27%)        2256M (28%)         180M (2%)          176M (2%)         2258M (28%)         176M (2%)     
[289.270s][info][gc,heap     ] GC(140)      Live:         -               132M (2%)          132M (2%)          132M (2%)             -                  -          
[289.270s][info][gc,heap     ] GC(140) Allocated:         -                24M (0%)           32M (0%)           32M (0%)             -                  -          
[289.270s][info][gc,heap     ] GC(140)   Garbage:         -              2099M (26%)          15M (0%)           11M (0%)             -                  -          
[289.270s][info][gc,heap     ] GC(140) Reclaimed:         -                  -              2084M (25%)        2088M (25%)            -                  -          
[289.270s][info][gc          ] GC(140) Garbage Collection (Proactive) 2232M(27%)->176M(2%)
[290.040s][info][gc,stats    ] === Garbage Collection Statistics =======================================================================================================================
[290.040s][info][gc,stats    ]                                                              Last 10s              Last 10m              Last 10h                Total
[290.040s][info][gc,stats    ]                                                              Avg / Max             Avg / Max             Avg / Max             Avg / Max
[290.040s][info][gc,stats    ]   Collector: Garbage Collection Cycle                     30.624 / 37.011       32.081 / 95.920       32.081 / 95.920       32.081 / 95.920      ms
[290.040s][info][gc,stats    ]  Contention: Mark Segment Reset Contention                     0 / 2                 0 / 4                 0 / 4                 0 / 4           ops/s
[290.040s][info][gc,stats    ]  Contention: Mark SeqNum Reset Contention                      0 / 0                 0 / 1                 0 / 1                 0 / 1           ops/s
[290.040s][info][gc,stats    ]    Critical: Allocation Stall                                  0 / 0                 0 / 0                 0 / 0                 0 / 0           ops/s
[290.040s][info][gc,stats    ]    Critical: Allocation Stall                              0.000 / 0.000         0.000 / 0.000         0.000 / 0.000         0.000 / 0.000       ms
[290.040s][info][gc,stats    ]    Critical: GC Locker Stall                                   0 / 0                 0 / 0                 0 / 0                 0 / 0           ops/s
[290.040s][info][gc,stats    ]    Critical: GC Locker Stall                               0.000 / 0.000         0.000 / 0.000         0.000 / 0.000         0.000 / 0.000       ms
[290.040s][info][gc,stats    ]    Critical: Relocation Stall                                  0 / 0                 0 / 0                 0 / 0                 0 / 0           ops/s
[290.040s][info][gc,stats    ]    Critical: Relocation Stall                              0.000 / 0.000         0.000 / 0.000         0.000 / 0.000         0.000 / 0.000       ms
[290.040s][info][gc,stats    ]      Memory: Allocation Rate                                1044 / 1048           1072 / 9212           1072 / 9212           1072 / 9212        MB/s
[290.040s][info][gc,stats    ]      Memory: Out Of Memory                                     0 / 0                 0 / 0                 0 / 0                 0 / 0           ops/s
[290.040s][info][gc,stats    ]      Memory: Page Cache Flush                                  0 / 0                 0 / 0                 0 / 0                 0 / 0           MB/s
[290.040s][info][gc,stats    ]      Memory: Page Cache Hit L1                               518 / 528             518 / 533             518 / 533             518 / 533         ops/s
[290.040s][info][gc,stats    ]      Memory: Page Cache Hit L2                                 0 / 0                 0 / 0                 0 / 0                 0 / 0           ops/s
[290.040s][info][gc,stats    ]      Memory: Page Cache Hit L3                                 4 / 45                6 / 486               6 / 486               6 / 486         ops/s
[290.040s][info][gc,stats    ]      Memory: Page Cache Miss                                   0 / 0                 0 / 1                 0 / 1                 0 / 1           ops/s
[290.040s][info][gc,stats    ]      Memory: Uncommit                                          0 / 0                 0 / 0                 0 / 0                 0 / 0           MB/s
[290.040s][info][gc,stats    ]      Memory: Undo Object Allocation Failed                     0 / 0                 0 / 0                 0 / 0                 0 / 0           ops/s
[290.040s][info][gc,stats    ]      Memory: Undo Object Allocation Succeeded                  0 / 1                 0 / 6                 0 / 6                 0 / 6           ops/s
[290.040s][info][gc,stats    ]      Memory: Undo Page Allocation                              0 / 1                 0 / 1                 0 / 1                 0 / 1           ops/s
[290.040s][info][gc,stats    ]       Phase: Concurrent Mark                              26.312 / 33.075       27.021 / 65.214       27.021 / 65.214       27.021 / 65.214      ms
[290.040s][info][gc,stats    ]       Phase: Concurrent Mark Continue                      0.000 / 0.000         0.000 / 0.000         0.000 / 0.000         0.000 / 0.000       ms
[290.040s][info][gc,stats    ]       Phase: Concurrent Process Non-Strong References      0.424 / 0.536         0.456 / 0.911         0.456 / 0.911         0.456 / 0.911       ms
[290.040s][info][gc,stats    ]       Phase: Concurrent Relocate                           0.581 / 0.906         1.085 / 16.651        1.085 / 16.651        1.085 / 16.651      ms
[290.040s][info][gc,stats    ]       Phase: Concurrent Reset Relocation Set               0.001 / 0.002         0.003 / 0.098         0.003 / 0.098         0.003 / 0.098       ms
[290.040s][info][gc,stats    ]       Phase: Concurrent Select Relocation Set              2.722 / 3.172         2.919 / 12.567        2.919 / 12.567        2.919 / 12.567      ms
[290.040s][info][gc,stats    ]       Phase: Pause Mark End                                0.008 / 0.010         0.009 / 0.025         0.009 / 0.025         0.009 / 0.025       ms
[290.040s][info][gc,stats    ]       Phase: Pause Mark Start                              0.006 / 0.011         0.006 / 0.028         0.006 / 0.028         0.006 / 0.028       ms
[290.040s][info][gc,stats    ]       Phase: Pause Relocate Start                          0.004 / 0.005         0.004 / 0.026         0.004 / 0.026         0.004 / 0.026       ms
[290.040s][info][gc,stats    ]    Subphase: Concurrent Classes Purge                      0.025 / 0.032         0.029 / 0.102         0.029 / 0.102         0.029 / 0.102       ms
[290.040s][info][gc,stats    ]    Subphase: Concurrent Classes Unlink                     0.276 / 0.323         0.294 / 0.571         0.294 / 0.571         0.294 / 0.571       ms
[290.040s][info][gc,stats    ]    Subphase: Concurrent Mark                              25.536 / 32.832       26.243 / 64.907       26.243 / 64.907       26.243 / 64.907      ms
[290.040s][info][gc,stats    ]    Subphase: Concurrent Mark Idle                          1.113 / 1.284         1.185 / 1.330         1.185 / 1.330         1.185 / 1.330       ms
[290.040s][info][gc,stats    ]    Subphase: Concurrent Mark Try Flush                     0.044 / 0.120         0.035 / 0.120         0.035 / 0.120         0.035 / 0.120       ms
[290.040s][info][gc,stats    ]    Subphase: Concurrent Mark Try Terminate                 0.384 / 1.287         0.442 / 1.332         0.442 / 1.332         0.442 / 1.332       ms
[290.040s][info][gc,stats    ]    Subphase: Concurrent References Enqueue                 0.000 / 0.001         0.000 / 0.003         0.000 / 0.003         0.000 / 0.003       ms
[290.040s][info][gc,stats    ]    Subphase: Concurrent References Process                 0.019 / 0.022         0.028 / 0.095         0.028 / 0.095         0.028 / 0.095       ms
[290.040s][info][gc,stats    ]    Subphase: Concurrent Roots ClassLoaderDataGraph         0.022 / 0.064         0.017 / 0.132         0.017 / 0.132         0.017 / 0.132       ms
[290.040s][info][gc,stats    ]    Subphase: Concurrent Roots CodeCache                    0.000 / 0.000         0.000 / 0.000         0.000 / 0.000         0.000 / 0.000       ms
[290.040s][info][gc,stats    ]    Subphase: Concurrent Roots JavaThreads                  0.243 / 0.460         0.198 / 0.460         0.198 / 0.460         0.198 / 0.460       ms
[290.040s][info][gc,stats    ]    Subphase: Concurrent Roots OopStorageSet                0.005 / 0.009         0.004 / 0.022         0.004 / 0.022         0.004 / 0.022       ms
[290.040s][info][gc,stats    ]    Subphase: Concurrent Weak Roots OopStorageSet           0.035 / 0.043         0.038 / 0.120         0.038 / 0.120         0.038 / 0.120       ms
[290.040s][info][gc,stats    ]    Subphase: Pause Mark Try Complete                       0.000 / 0.000         0.000 / 0.000         0.000 / 0.000         0.000 / 0.000       ms
[290.040s][info][gc,stats    ]      System: Java Threads                                     16 / 16               16 / 20               16 / 20               16 / 20          threads
[290.040s][info][gc,stats    ] =========================================================================================================================================================
[291.040s][info][gc,start    ] GC(141) Garbage Collection (Proactive)
[291.041s][info][gc,phases   ] GC(141) Pause Mark Start 0.006ms
[291.065s][info][gc,phases   ] GC(141) Concurrent Mark 24.718ms
[291.065s][info][gc,phases   ] GC(141) Pause Mark End 0.010ms
[291.066s][info][gc,phases   ] GC(141) Concurrent Process Non-Strong References 0.510ms
[291.066s][info][gc,phases   ] GC(141) Concurrent Reset Relocation Set 0.002ms
[291.069s][info][gc,phases   ] GC(141) Concurrent Select Relocation Set 3.023ms
[291.069s][info][gc,phases   ] GC(141) Pause Relocate Start 0.005ms
[291.070s][info][gc,phases   ] GC(141) Concurrent Relocate 0.430ms
[291.070s][info][gc,load     ] GC(141) Load: 4.43/3.76/3.65
[291.070s][info][gc,mmu      ] GC(141) MMU: 2ms/98.6%, 5ms/99.3%, 10ms/99.7%, 20ms/99.8%, 50ms/99.9%, 100ms/100.0%
[291.070s][info][gc,marking  ] GC(141) Mark: 2 stripe(s), 2 proactive flush(es), 1 terminate flush(es), 0 completion(s), 0 continuation(s) 
[291.070s][info][gc,nmethod  ] GC(141) NMethods: 484 registered, 0 unregistered
[291.070s][info][gc,metaspace] GC(141) Metaspace: 0M used, 0M committed, 1032M reserved
[291.070s][info][gc,ref      ] GC(141) Soft: 82 encountered, 0 discovered, 0 enqueued
[291.070s][info][gc,ref      ] GC(141) Weak: 200 encountered, 186 discovered, 0 enqueued
[291.070s][info][gc,ref      ] GC(141) Final: 0 encountered, 0 discovered, 0 enqueued
[291.070s][info][gc,ref      ] GC(141) Phantom: 5 encountered, 3 discovered, 0 enqueued
[291.070s][info][gc,reloc    ] GC(141) Small Pages: 1012 / 2024M, Empty: 1876M, Relocated: 2M, In-Place: 0
[291.070s][info][gc,reloc    ] GC(141) Medium Pages: 0 / 0M, Empty: 0M, Relocated: 0M, In-Place: 0
[291.070s][info][gc,reloc    ] GC(141) Large Pages: 0 / 0M, Empty: 0M, Relocated: 0M, In-Place: 0
[291.070s][info][gc,reloc    ] GC(141) Forwarding Usage: 0M
[291.070s][info][gc,heap     ] GC(141) Min Capacity: 8192M(100%)
[291.070s][info][gc,heap     ] GC(141) Max Capacity: 8192M(100%)
[291.070s][info][gc,heap     ] GC(141) Soft Max Capacity: 8192M(100%)
[291.070s][info][gc,heap     ] GC(141)                Mark Start          Mark End        Relocate Start      Relocate End           High               Low         
[291.070s][info][gc,heap     ] GC(141)  Capacity:     8192M (100%)       8192M (100%)       8192M (100%)       8192M (100%)       8192M (100%)       8192M (100%)   
[291.070s][info][gc,heap     ] GC(141)      Free:     6168M (75%)        6144M (75%)        8012M (98%)        8016M (98%)        8016M (98%)        6140M (75%)    
[291.070s][info][gc,heap     ] GC(141)      Used:     2024M (25%)        2048M (25%)         180M (2%)          176M (2%)         2052M (25%)         176M (2%)     
[291.070s][info][gc,heap     ] GC(141)      Live:         -               132M (2%)          132M (2%)          132M (2%)             -                  -          
[291.070s][info][gc,heap     ] GC(141) Allocated:         -                24M (0%)           32M (0%)           32M (0%)             -                  -          
[291.070s][info][gc,heap     ] GC(141)   Garbage:         -              1891M (23%)          15M (0%)           11M (0%)             -                  -          
[291.070s][info][gc,heap     ] GC(141) Reclaimed:         -                  -              1876M (23%)        1880M (23%)            -                  -          
[291.070s][info][gc          ] GC(141) Garbage Collection (Proactive) 2024M(25%)->176M(2%)
[292.739s][info][gc,start    ] GC(142) Garbage Collection (Proactive)
[292.739s][info][gc,phases   ] GC(142) Pause Mark Start 0.007ms
[292.763s][info][gc,phases   ] GC(142) Concurrent Mark 24.158ms
[292.764s][info][gc,phases   ] GC(142) Pause Mark End 0.008ms
[292.764s][info][gc,phases   ] GC(142) Concurrent Process Non-Strong References 0.454ms
[292.764s][info][gc,phases   ] GC(142) Concurrent Reset Relocation Set 0.001ms
[292.767s][info][gc,phases   ] GC(142) Concurrent Select Relocation Set 2.843ms
[292.767s][info][gc,phases   ] GC(142) Pause Relocate Start 0.003ms
[292.768s][info][gc,phases   ] GC(142) Concurrent Relocate 0.468ms
[292.768s][info][gc,load     ] GC(142) Load: 4.43/3.76/3.65
[292.768s][info][gc,mmu      ] GC(142) MMU: 2ms/98.6%, 5ms/99.3%, 10ms/99.7%, 20ms/99.8%, 50ms/99.9%, 100ms/100.0%
[292.768s][info][gc,marking  ] GC(142) Mark: 2 stripe(s), 2 proactive flush(es), 1 terminate flush(es), 0 completion(s), 0 continuation(s) 
[292.768s][info][gc,nmethod  ] GC(142) NMethods: 484 registered, 0 unregistered
[292.768s][info][gc,metaspace] GC(142) Metaspace: 0M used, 0M committed, 1032M reserved
[292.768s][info][gc,ref      ] GC(142) Soft: 82 encountered, 0 discovered, 0 enqueued
[292.768s][info][gc,ref      ] GC(142) Weak: 200 encountered, 53 discovered, 0 enqueued
[292.768s][info][gc,ref      ] GC(142) Final: 0 encountered, 0 discovered, 0 enqueued
[292.768s][info][gc,ref      ] GC(142) Phantom: 5 encountered, 3 discovered, 0 enqueued
[292.768s][info][gc,reloc    ] GC(142) Small Pages: 960 / 1920M, Empty: 1772M, Relocated: 2M, In-Place: 0
[292.768s][info][gc,reloc    ] GC(142) Medium Pages: 0 / 0M, Empty: 0M, Relocated: 0M, In-Place: 0
[292.768s][info][gc,reloc    ] GC(142) Large Pages: 0 / 0M, Empty: 0M, Relocated: 0M, In-Place: 0
[292.768s][info][gc,reloc    ] GC(142) Forwarding Usage: 0M
[292.768s][info][gc,heap     ] GC(142) Min Capacity: 8192M(100%)
[292.768s][info][gc,heap     ] GC(142) Max Capacity: 8192M(100%)
[292.768s][info][gc,heap     ] GC(142) Soft Max Capacity: 8192M(100%)
[292.768s][info][gc,heap     ] GC(142)                Mark Start          Mark End        Relocate Start      Relocate End           High               Low         
[292.768s][info][gc,heap     ] GC(142)  Capacity:     8192M (100%)       8192M (100%)       8192M (100%)       8192M (100%)       8192M (100%)       8192M (100%)   
[292.768s][info][gc,heap     ] GC(142)      Free:     6272M (77%)        6248M (76%)        8012M (98%)        8016M (98%)        8016M (98%)        6248M (76%)    
[292.768s][info][gc,heap     ] GC(142)      Used:     1920M (23%)        1944M (24%)         180M (2%)          176M (2%)         1944M (24%)         176M (2%)     
[292.768s][info][gc,heap     ] GC(142)      Live:         -               132M (2%)          132M (2%)          132M (2%)             -                  -          
[292.768s][info][gc,heap     ] GC(142) Allocated:         -                24M (0%)           32M (0%)           32M (0%)             -                  -          
[292.768s][info][gc,heap     ] GC(142)   Garbage:         -              1787M (22%)          15M (0%)           11M (0%)             -                  -          
[292.768s][info][gc,heap     ] GC(142) Reclaimed:         -                  -              1772M (22%)        1776M (22%)            -                  -          
[292.768s][info][gc          ] GC(142) Garbage Collection (Proactive) 1920M(23%)->176M(2%)
[294.340s][info][gc,start    ] GC(143) Garbage Collection (Proactive)
[294.340s][info][gc,phases   ] GC(143) Pause Mark Start 0.005ms
[294.363s][info][gc,phases   ] GC(143) Concurrent Mark 23.151ms
[294.363s][info][gc,phases   ] GC(143) Pause Mark End 0.009ms
[294.364s][info][gc,phases   ] GC(143) Concurrent Process Non-Strong References 0.393ms
[294.364s][info][gc,phases   ] GC(143) Concurrent Reset Relocation Set 0.001ms
[294.367s][info][gc,phases   ] GC(143) Concurrent Select Relocation Set 2.704ms
[294.367s][info][gc,phases   ] GC(143) Pause Relocate Start 0.004ms
[294.368s][info][gc,phases   ] GC(143) Concurrent Relocate 0.617ms
[294.368s][info][gc,load     ] GC(143) Load: 4.43/3.76/3.65
[294.368s][info][gc,mmu      ] GC(143) MMU: 2ms/98.6%, 5ms/99.3%, 10ms/99.7%, 20ms/99.8%, 50ms/99.9%, 100ms/100.0%
[294.368s][info][gc,marking  ] GC(143) Mark: 2 stripe(s), 2 proactive flush(es), 1 terminate flush(es), 0 completion(s), 0 continuation(s) 
[294.368s][info][gc,nmethod  ] GC(143) NMethods: 484 registered, 0 unregistered
[294.368s][info][gc,metaspace] GC(143) Metaspace: 0M used, 0M committed, 1032M reserved
[294.368s][info][gc,ref      ] GC(143) Soft: 82 encountered, 0 discovered, 0 enqueued
[294.368s][info][gc,ref      ] GC(143) Weak: 200 encountered, 66 discovered, 0 enqueued
[294.368s][info][gc,ref      ] GC(143) Final: 0 encountered, 0 discovered, 0 enqueued
[294.368s][info][gc,ref      ] GC(143) Phantom: 5 encountered, 4 discovered, 0 enqueued
[294.368s][info][gc,reloc    ] GC(143) Small Pages: 908 / 1816M, Empty: 1666M, Relocated: 3M, In-Place: 0
[294.368s][info][gc,reloc    ] GC(143) Medium Pages: 0 / 0M, Empty: 0M, Relocated: 0M, In-Place: 0
[294.368s][info][gc,reloc    ] GC(143) Large Pages: 0 / 0M, Empty: 0M, Relocated: 0M, In-Place: 0
[294.368s][info][gc,reloc    ] GC(143) Forwarding Usage: 0M
[294.368s][info][gc,heap     ] GC(143) Min Capacity: 8192M(100%)
[294.368s][info][gc,heap     ] GC(143) Max Capacity: 8192M(100%)
[294.368s][info][gc,heap     ] GC(143) Soft Max Capacity: 8192M(100%)
[294.368s][info][gc,heap     ] GC(143)                Mark Start          Mark End        Relocate Start      Relocate End           High               Low         
[294.368s][info][gc,heap     ] GC(143)  Capacity:     8192M (100%)       8192M (100%)       8192M (100%)       8192M (100%)       8192M (100%)       8192M (100%)   
[294.368s][info][gc,heap     ] GC(143)      Free:     6376M (78%)        6352M (78%)        8010M (98%)        8016M (98%)        8016M (98%)        6352M (78%)    
[294.368s][info][gc,heap     ] GC(143)      Used:     1816M (22%)        1840M (22%)         182M (2%)          176M (2%)         1840M (22%)         176M (2%)     
[294.368s][info][gc,heap     ] GC(143)      Live:         -               132M (2%)          132M (2%)          132M (2%)             -                  -          
[294.368s][info][gc,heap     ] GC(143) Allocated:         -                24M (0%)           32M (0%)           32M (0%)             -                  -          
[294.368s][info][gc,heap     ] GC(143)   Garbage:         -              1683M (21%)          17M (0%)           11M (0%)             -                  -          
[294.368s][info][gc,heap     ] GC(143) Reclaimed:         -                  -              1666M (20%)        1672M (20%)            -                  -          
[294.368s][info][gc          ] GC(143) Garbage Collection (Proactive) 1816M(22%)->176M(2%)
[295.937s][info][gc,start    ] GC(144) Garbage Collection (Proactive)
[295.937s][info][gc,phases   ] GC(144) Pause Mark Start 0.008ms
[295.961s][info][gc,phases   ] GC(144) Concurrent Mark 23.732ms
[295.961s][info][gc,phases   ] GC(144) Pause Mark End 0.010ms
[295.961s][info][gc,phases   ] GC(144) Concurrent Process Non-Strong References 0.462ms
[295.961s][info][gc,phases   ] GC(144) Concurrent Reset Relocation Set 0.002ms
[295.964s][info][gc,phases   ] GC(144) Concurrent Select Relocation Set 2.829ms
[295.964s][info][gc,phases   ] GC(144) Pause Relocate Start 0.004ms
[295.965s][info][gc,phases   ] GC(144) Concurrent Relocate 0.940ms
[295.965s][info][gc,load     ] GC(144) Load: 4.40/3.77/3.65
[295.965s][info][gc,mmu      ] GC(144) MMU: 2ms/98.6%, 5ms/99.3%, 10ms/99.7%, 20ms/99.8%, 50ms/99.9%, 100ms/100.0%
[295.965s][info][gc,marking  ] GC(144) Mark: 2 stripe(s), 2 proactive flush(es), 1 terminate flush(es), 0 completion(s), 0 continuation(s) 
[295.965s][info][gc,nmethod  ] GC(144) NMethods: 484 registered, 0 unregistered
[295.965s][info][gc,metaspace] GC(144) Metaspace: 0M used, 0M committed, 1032M reserved
[295.965s][info][gc,ref      ] GC(144) Soft: 82 encountered, 0 discovered, 0 enqueued
[295.965s][info][gc,ref      ] GC(144) Weak: 200 encountered, 184 discovered, 0 enqueued
[295.965s][info][gc,ref      ] GC(144) Final: 0 encountered, 0 discovered, 0 enqueued
[295.965s][info][gc,ref      ] GC(144) Phantom: 5 encountered, 3 discovered, 0 enqueued
[295.965s][info][gc,reloc    ] GC(144) Small Pages: 904 / 1808M, Empty: 1658M, Relocated: 6M, In-Place: 0
[295.965s][info][gc,reloc    ] GC(144) Medium Pages: 0 / 0M, Empty: 0M, Relocated: 0M, In-Place: 0
[295.965s][info][gc,reloc    ] GC(144) Large Pages: 0 / 0M, Empty: 0M, Relocated: 0M, In-Place: 0
[295.965s][info][gc,reloc    ] GC(144) Forwarding Usage: 0M
[295.965s][info][gc,heap     ] GC(144) Min Capacity: 8192M(100%)
[295.965s][info][gc,heap     ] GC(144) Max Capacity: 8192M(100%)
[295.965s][info][gc,heap     ] GC(144) Soft Max Capacity: 8192M(100%)
[295.965s][info][gc,heap     ] GC(144)                Mark Start          Mark End        Relocate Start      Relocate End           High               Low         
[295.965s][info][gc,heap     ] GC(144)  Capacity:     8192M (100%)       8192M (100%)       8192M (100%)       8192M (100%)       8192M (100%)       8192M (100%)   
[295.965s][info][gc,heap     ] GC(144)      Free:     6384M (78%)        6352M (78%)        8010M (98%)        8018M (98%)        8018M (98%)        6352M (78%)    
[295.965s][info][gc,heap     ] GC(144)      Used:     1808M (22%)        1840M (22%)         182M (2%)          174M (2%)         1840M (22%)         174M (2%)     
[295.965s][info][gc,heap     ] GC(144)      Live:         -               132M (2%)          132M (2%)          132M (2%)             -                  -          
[295.965s][info][gc,heap     ] GC(144) Allocated:         -                32M (0%)           32M (0%)           32M (0%)             -                  -          
[295.966s][info][gc,heap     ] GC(144)   Garbage:         -              1675M (20%)          17M (0%)            9M (0%)             -                  -          
[295.966s][info][gc,heap     ] GC(144) Reclaimed:         -                  -              1658M (20%)        1666M (20%)            -                  -          
[295.966s][info][gc          ] GC(144) Garbage Collection (Proactive) 1808M(22%)->174M(2%)
[297.539s][info][gc,start    ] GC(145) Garbage Collection (Proactive)
[297.539s][info][gc,phases   ] GC(145) Pause Mark Start 0.005ms
[297.563s][info][gc,phases   ] GC(145) Concurrent Mark 23.695ms
[297.563s][info][gc,phases   ] GC(145) Pause Mark End 0.010ms
[297.564s][info][gc,phases   ] GC(145) Concurrent Process Non-Strong References 0.449ms
[297.564s][info][gc,phases   ] GC(145) Concurrent Reset Relocation Set 0.002ms
[297.567s][info][gc,phases   ] GC(145) Concurrent Select Relocation Set 2.910ms
[297.567s][info][gc,phases   ] GC(145) Pause Relocate Start 0.004ms
[297.567s][info][gc,phases   ] GC(145) Concurrent Relocate 0.260ms
[297.567s][info][gc,load     ] GC(145) Load: 4.40/3.77/3.65
[297.567s][info][gc,mmu      ] GC(145) MMU: 2ms/98.6%, 5ms/99.3%, 10ms/99.7%, 20ms/99.8%, 50ms/99.9%, 100ms/100.0%
[297.567s][info][gc,marking  ] GC(145) Mark: 2 stripe(s), 2 proactive flush(es), 1 terminate flush(es), 0 completion(s), 0 continuation(s) 
[297.567s][info][gc,nmethod  ] GC(145) NMethods: 484 registered, 0 unregistered
[297.567s][info][gc,metaspace] GC(145) Metaspace: 0M used, 0M committed, 1032M reserved
[297.567s][info][gc,ref      ] GC(145) Soft: 82 encountered, 0 discovered, 0 enqueued
[297.567s][info][gc,ref      ] GC(145) Weak: 200 encountered, 58 discovered, 0 enqueued
[297.567s][info][gc,ref      ] GC(145) Final: 0 encountered, 0 discovered, 0 enqueued
[297.567s][info][gc,ref      ] GC(145) Phantom: 5 encountered, 5 discovered, 0 enqueued
[297.567s][info][gc,reloc    ] GC(145) Small Pages: 911 / 1822M, Empty: 1664M, Relocated: 1M, In-Place: 0
[297.567s][info][gc,reloc    ] GC(145) Medium Pages: 0 / 0M, Empty: 0M, Relocated: 0M, In-Place: 0
[297.567s][info][gc,reloc    ] GC(145) Large Pages: 0 / 0M, Empty: 0M, Relocated: 0M, In-Place: 0
[297.567s][info][gc,reloc    ] GC(145) Forwarding Usage: 0M
[297.567s][info][gc,heap     ] GC(145) Min Capacity: 8192M(100%)
[297.567s][info][gc,heap     ] GC(145) Max Capacity: 8192M(100%)
[297.567s][info][gc,heap     ] GC(145) Soft Max Capacity: 8192M(100%)
[297.568s][info][gc,heap     ] GC(145)                Mark Start          Mark End        Relocate Start      Relocate End           High               Low         
[297.568s][info][gc,heap     ] GC(145)  Capacity:     8192M (100%)       8192M (100%)       8192M (100%)       8192M (100%)       8192M (100%)       8192M (100%)   
[297.568s][info][gc,heap     ] GC(145)      Free:     6370M (78%)        6346M (77%)        8002M (98%)        8016M (98%)        8016M (98%)        6346M (77%)    
[297.568s][info][gc,heap     ] GC(145)      Used:     1822M (22%)        1846M (23%)         190M (2%)          176M (2%)         1846M (23%)         176M (2%)     
[297.568s][info][gc,heap     ] GC(145)      Live:         -               132M (2%)          132M (2%)          132M (2%)             -                  -          
[297.568s][info][gc,heap     ] GC(145) Allocated:         -                24M (0%)           32M (0%)           32M (0%)             -                  -          
[297.568s][info][gc,heap     ] GC(145)   Garbage:         -              1689M (21%)          25M (0%)           11M (0%)             -                  -          
[297.568s][info][gc,heap     ] GC(145) Reclaimed:         -                  -              1664M (20%)        1678M (20%)            -                  -          
[297.568s][info][gc          ] GC(145) Garbage Collection (Proactive) 1822M(22%)->176M(2%)
[299.040s][info][gc,start    ] GC(146) Garbage Collection (Proactive)
[299.040s][info][gc,phases   ] GC(146) Pause Mark Start 0.006ms
[299.068s][info][gc,phases   ] GC(146) Concurrent Mark 27.574ms
[299.068s][info][gc,phases   ] GC(146) Pause Mark End 0.007ms
[299.069s][info][gc,phases   ] GC(146) Concurrent Process Non-Strong References 0.416ms
[299.069s][info][gc,phases   ] GC(146) Concurrent Reset Relocation Set 0.002ms
[299.071s][info][gc,phases   ] GC(146) Concurrent Select Relocation Set 2.745ms
[299.071s][info][gc,phases   ] GC(146) Pause Relocate Start 0.003ms
[299.072s][info][gc,phases   ] GC(146) Concurrent Relocate 0.450ms
[299.072s][info][gc,load     ] GC(146) Load: 4.40/3.77/3.65
[299.072s][info][gc,mmu      ] GC(146) MMU: 2ms/98.6%, 5ms/99.3%, 10ms/99.7%, 20ms/99.8%, 50ms/99.9%, 100ms/100.0%
[299.072s][info][gc,marking  ] GC(146) Mark: 2 stripe(s), 2 proactive flush(es), 1 terminate flush(es), 0 completion(s), 0 continuation(s) 
[299.072s][info][gc,nmethod  ] GC(146) NMethods: 484 registered, 0 unregistered
[299.072s][info][gc,metaspace] GC(146) Metaspace: 0M used, 0M committed, 1032M reserved
[299.072s][info][gc,ref      ] GC(146) Soft: 82 encountered, 0 discovered, 0 enqueued
[299.072s][info][gc,ref      ] GC(146) Weak: 200 encountered, 58 discovered, 0 enqueued
[299.072s][info][gc,ref      ] GC(146) Final: 0 encountered, 0 discovered, 0 enqueued
[299.072s][info][gc,ref      ] GC(146) Phantom: 5 encountered, 3 discovered, 0 enqueued
[299.072s][info][gc,reloc    ] GC(146) Small Pages: 856 / 1712M, Empty: 1562M, Relocated: 3M, In-Place: 0
[299.072s][info][gc,reloc    ] GC(146) Medium Pages: 0 / 0M, Empty: 0M, Relocated: 0M, In-Place: 0
[299.072s][info][gc,reloc    ] GC(146) Large Pages: 0 / 0M, Empty: 0M, Relocated: 0M, In-Place: 0
[299.072s][info][gc,reloc    ] GC(146) Forwarding Usage: 0M
[299.072s][info][gc,heap     ] GC(146) Min Capacity: 8192M(100%)
[299.072s][info][gc,heap     ] GC(146) Max Capacity: 8192M(100%)
[299.072s][info][gc,heap     ] GC(146) Soft Max Capacity: 8192M(100%)
[299.072s][info][gc,heap     ] GC(146)                Mark Start          Mark End        Relocate Start      Relocate End           High               Low         
[299.072s][info][gc,heap     ] GC(146)  Capacity:     8192M (100%)       8192M (100%)       8192M (100%)       8192M (100%)       8192M (100%)       8192M (100%)   
[299.072s][info][gc,heap     ] GC(146)      Free:     6480M (79%)        6448M (79%)        8010M (98%)        8018M (98%)        8018M (98%)        6448M (79%)    
[299.072s][info][gc,heap     ] GC(146)      Used:     1712M (21%)        1744M (21%)         182M (2%)          174M (2%)         1744M (21%)         174M (2%)     
[299.072s][info][gc,heap     ] GC(146)      Live:         -               132M (2%)          132M (2%)          132M (2%)             -                  -          
[299.072s][info][gc,heap     ] GC(146) Allocated:         -                32M (0%)           32M (0%)           32M (0%)             -                  -          
[299.072s][info][gc,heap     ] GC(146)   Garbage:         -              1579M (19%)          17M (0%)            9M (0%)             -                  -          
[299.072s][info][gc,heap     ] GC(146) Reclaimed:         -                  -              1562M (19%)        1570M (19%)            -                  -          
[299.072s][info][gc          ] GC(146) Garbage Collection (Proactive) 1712M(21%)->174M(2%)
[300.040s][info][gc,stats    ] === Garbage Collection Statistics =======================================================================================================================
[300.040s][info][gc,stats    ]                                                              Last 10s              Last 10m              Last 10h                Total
[300.040s][info][gc,stats    ]                                                              Avg / Max             Avg / Max             Avg / Max             Avg / Max
[300.040s][info][gc,stats    ]   Collector: Garbage Collection Cycle                     28.989 / 31.764       31.954 / 95.920       31.954 / 95.920       31.954 / 95.920      ms
[300.040s][info][gc,stats    ]  Contention: Mark Segment Reset Contention                     0 / 0                 0 / 4                 0 / 4                 0 / 4           ops/s
[300.040s][info][gc,stats    ]  Contention: Mark SeqNum Reset Contention                      0 / 0                 0 / 1                 0 / 1                 0 / 1           ops/s
[300.040s][info][gc,stats    ]    Critical: Allocation Stall                                  0 / 0                 0 / 0                 0 / 0                 0 / 0           ops/s
[300.040s][info][gc,stats    ]    Critical: Allocation Stall                              0.000 / 0.000         0.000 / 0.000         0.000 / 0.000         0.000 / 0.000       ms
[300.040s][info][gc,stats    ]    Critical: GC Locker Stall                                   0 / 0                 0 / 0                 0 / 0                 0 / 0           ops/s
[300.040s][info][gc,stats    ]    Critical: GC Locker Stall                               0.000 / 0.000         0.000 / 0.000         0.000 / 0.000         0.000 / 0.000       ms
[300.040s][info][gc,stats    ]    Critical: Relocation Stall                                  0 / 0                 0 / 0                 0 / 0                 0 / 0           ops/s
[300.040s][info][gc,stats    ]    Critical: Relocation Stall                              0.000 / 0.000         0.000 / 0.000         0.000 / 0.000         0.000 / 0.000       ms
[300.040s][info][gc,stats    ]      Memory: Allocation Rate                                1044 / 1050           1071 / 9212           1071 / 9212           1071 / 9212        MB/s
[300.040s][info][gc,stats    ]      Memory: Out Of Memory                                     0 / 0                 0 / 0                 0 / 0                 0 / 0           ops/s
[300.040s][info][gc,stats    ]      Memory: Page Cache Flush                                  0 / 0                 0 / 0                 0 / 0                 0 / 0           MB/s
[300.040s][info][gc,stats    ]      Memory: Page Cache Hit L1                               523 / 527             518 / 533             518 / 533             518 / 533         ops/s
[300.040s][info][gc,stats    ]      Memory: Page Cache Hit L2                                 0 / 0                 0 / 0                 0 / 0                 0 / 0           ops/s
[300.040s][info][gc,stats    ]      Memory: Page Cache Hit L3                                 0 / 0                 5 / 486               5 / 486               5 / 486         ops/s
[300.040s][info][gc,stats    ]      Memory: Page Cache Miss                                   0 / 0                 0 / 1                 0 / 1                 0 / 1           ops/s
[300.040s][info][gc,stats    ]      Memory: Uncommit                                          0 / 0                 0 / 0                 0 / 0                 0 / 0           MB/s
[300.040s][info][gc,stats    ]      Memory: Undo Object Allocation Failed                     0 / 0                 0 / 0                 0 / 0                 0 / 0           ops/s
[300.040s][info][gc,stats    ]      Memory: Undo Object Allocation Succeeded                  0 / 0                 0 / 6                 0 / 6                 0 / 6           ops/s
[300.040s][info][gc,stats    ]      Memory: Undo Page Allocation                              0 / 0                 0 / 1                 0 / 1                 0 / 1           ops/s
[300.040s][info][gc,stats    ]       Phase: Concurrent Mark                              24.505 / 27.574       26.918 / 65.214       26.918 / 65.214       26.918 / 65.214      ms
[300.040s][info][gc,stats    ]       Phase: Concurrent Mark Continue                      0.000 / 0.000         0.000 / 0.000         0.000 / 0.000         0.000 / 0.000       ms
[300.040s][info][gc,stats    ]       Phase: Concurrent Process Non-Strong References      0.447 / 0.510         0.456 / 0.911         0.456 / 0.911         0.456 / 0.911       ms
[300.040s][info][gc,stats    ]       Phase: Concurrent Relocate                           0.528 / 0.940         1.063 / 16.651        1.063 / 16.651        1.063 / 16.651      ms
[300.040s][info][gc,stats    ]       Phase: Concurrent Reset Relocation Set               0.002 / 0.002         0.003 / 0.098         0.003 / 0.098         0.003 / 0.098       ms
[300.040s][info][gc,stats    ]       Phase: Concurrent Select Relocation Set              2.842 / 3.023         2.916 / 12.567        2.916 / 12.567        2.916 / 12.567      ms
[300.040s][info][gc,stats    ]       Phase: Pause Mark End                                0.009 / 0.010         0.009 / 0.025         0.009 / 0.025         0.009 / 0.025       ms
[300.040s][info][gc,stats    ]       Phase: Pause Mark Start                              0.006 / 0.008         0.006 / 0.028         0.006 / 0.028         0.006 / 0.028       ms
[300.040s][info][gc,stats    ]       Phase: Pause Relocate Start                          0.004 / 0.005         0.004 / 0.026         0.004 / 0.026         0.004 / 0.026       ms
[300.040s][info][gc,stats    ]    Subphase: Concurrent Classes Purge                      0.030 / 0.032         0.029 / 0.102         0.029 / 0.102         0.029 / 0.102       ms
[300.040s][info][gc,stats    ]    Subphase: Concurrent Classes Unlink                     0.298 / 0.318         0.295 / 0.571         0.295 / 0.571         0.295 / 0.571       ms
[300.040s][info][gc,stats    ]    Subphase: Concurrent Mark                              23.604 / 27.239       26.135 / 64.907       26.135 / 64.907       26.135 / 64.907      ms
[300.040s][info][gc,stats    ]    Subphase: Concurrent Mark Idle                          1.284 / 1.309         1.190 / 1.330         1.190 / 1.330         1.190 / 1.330       ms
[300.040s][info][gc,stats    ]    Subphase: Concurrent Mark Try Flush                     0.036 / 0.108         0.035 / 0.120         0.035 / 0.120         0.035 / 0.120       ms
[300.040s][info][gc,stats    ]    Subphase: Concurrent Mark Try Terminate                 0.482 / 1.310         0.444 / 1.332         0.444 / 1.332         0.444 / 1.332       ms
[300.040s][info][gc,stats    ]    Subphase: Concurrent References Enqueue                 0.000 / 0.000         0.000 / 0.003         0.000 / 0.003         0.000 / 0.003       ms
[300.040s][info][gc,stats    ]    Subphase: Concurrent References Process                 0.025 / 0.032         0.028 / 0.095         0.028 / 0.095         0.028 / 0.095       ms
[300.040s][info][gc,stats    ]    Subphase: Concurrent Roots ClassLoaderDataGraph         0.021 / 0.041         0.017 / 0.132         0.017 / 0.132         0.017 / 0.132       ms
[300.040s][info][gc,stats    ]    Subphase: Concurrent Roots CodeCache                    0.000 / 0.000         0.000 / 0.000         0.000 / 0.000         0.000 / 0.000       ms
[300.040s][info][gc,stats    ]    Subphase: Concurrent Roots JavaThreads                  0.238 / 0.304         0.199 / 0.460         0.199 / 0.460         0.199 / 0.460       ms
[300.040s][info][gc,stats    ]    Subphase: Concurrent Roots OopStorageSet                0.005 / 0.006         0.004 / 0.022         0.004 / 0.022         0.004 / 0.022       ms
[300.040s][info][gc,stats    ]    Subphase: Concurrent Weak Roots OopStorageSet           0.037 / 0.051         0.038 / 0.120         0.038 / 0.120         0.038 / 0.120       ms
[300.040s][info][gc,stats    ]    Subphase: Pause Mark Try Complete                       0.000 / 0.000         0.000 / 0.000         0.000 / 0.000         0.000 / 0.000       ms
[300.040s][info][gc,stats    ]      System: Java Threads                                     16 / 16               16 / 20               16 / 20               16 / 20          threads
[300.040s][info][gc,stats    ] =========================================================================================================================================================
[300.940s][info][gc,start    ] GC(147) Garbage Collection (Proactive)
[300.940s][info][gc,phases   ] GC(147) Pause Mark Start 0.006ms
[300.965s][info][gc,phases   ] GC(147) Concurrent Mark 24.901ms
[300.965s][info][gc,phases   ] GC(147) Pause Mark End 0.009ms
[300.966s][info][gc,phases   ] GC(147) Concurrent Process Non-Strong References 0.460ms
[300.966s][info][gc,phases   ] GC(147) Concurrent Reset Relocation Set 0.002ms
[300.969s][info][gc,phases   ] GC(147) Concurrent Select Relocation Set 2.973ms
[300.969s][info][gc,phases   ] GC(147) Pause Relocate Start 0.003ms
[300.969s][info][gc,phases   ] GC(147) Concurrent Relocate 0.413ms
[300.969s][info][gc,load     ] GC(147) Load: 4.36/3.77/3.65
[300.969s][info][gc,mmu      ] GC(147) MMU: 2ms/98.6%, 5ms/99.3%, 10ms/99.7%, 20ms/99.8%, 50ms/99.9%, 100ms/100.0%
[300.969s][info][gc,marking  ] GC(147) Mark: 2 stripe(s), 2 proactive flush(es), 1 terminate flush(es), 0 completion(s), 0 continuation(s) 
[300.969s][info][gc,nmethod  ] GC(147) NMethods: 484 registered, 0 unregistered
[300.969s][info][gc,metaspace] GC(147) Metaspace: 0M used, 0M committed, 1032M reserved
[300.969s][info][gc,ref      ] GC(147) Soft: 82 encountered, 0 discovered, 0 enqueued
[300.969s][info][gc,ref      ] GC(147) Weak: 200 encountered, 52 discovered, 0 enqueued
[300.969s][info][gc,ref      ] GC(147) Final: 0 encountered, 0 discovered, 0 enqueued
[300.969s][info][gc,ref      ] GC(147) Phantom: 5 encountered, 3 discovered, 0 enqueued
[300.969s][info][gc,reloc    ] GC(147) Small Pages: 1063 / 2126M, Empty: 1978M, Relocated: 2M, In-Place: 0
[300.969s][info][gc,reloc    ] GC(147) Medium Pages: 0 / 0M, Empty: 0M, Relocated: 0M, In-Place: 0
[300.969s][info][gc,reloc    ] GC(147) Large Pages: 0 / 0M, Empty: 0M, Relocated: 0M, In-Place: 0
[300.969s][info][gc,reloc    ] GC(147) Forwarding Usage: 0M
[300.969s][info][gc,heap     ] GC(147) Min Capacity: 8192M(100%)
[300.969s][info][gc,heap     ] GC(147) Max Capacity: 8192M(100%)
[300.969s][info][gc,heap     ] GC(147) Soft Max Capacity: 8192M(100%)
[300.969s][info][gc,heap     ] GC(147)                Mark Start          Mark End        Relocate Start      Relocate End           High               Low         
[300.969s][info][gc,heap     ] GC(147)  Capacity:     8192M (100%)       8192M (100%)       8192M (100%)       8192M (100%)       8192M (100%)       8192M (100%)   
[300.969s][info][gc,heap     ] GC(147)      Free:     6066M (74%)        6040M (74%)        8010M (98%)        8014M (98%)        8014M (98%)        6038M (74%)    
[300.969s][info][gc,heap     ] GC(147)      Used:     2126M (26%)        2152M (26%)         182M (2%)          178M (2%)         2154M (26%)         178M (2%)     
[300.969s][info][gc,heap     ] GC(147)      Live:         -               132M (2%)          132M (2%)          132M (2%)             -                  -          
[300.969s][info][gc,heap     ] GC(147) Allocated:         -                26M (0%)           34M (0%)           34M (0%)             -                  -          
[300.969s][info][gc,heap     ] GC(147)   Garbage:         -              1993M (24%)          15M (0%)           11M (0%)             -                  -          
[300.969s][info][gc,heap     ] GC(147) Reclaimed:         -                  -              1978M (24%)        1982M (24%)            -                  -          
[300.969s][info][gc          ] GC(147) Garbage Collection (Proactive) 2126M(26%)->178M(2%)
[302.640s][info][gc,start    ] GC(148) Garbage Collection (Proactive)
[302.640s][info][gc,phases   ] GC(148) Pause Mark Start 0.006ms
[302.664s][info][gc,phases   ] GC(148) Concurrent Mark 24.098ms
[302.664s][info][gc,phases   ] GC(148) Pause Mark End 0.009ms
[302.665s][info][gc,phases   ] GC(148) Concurrent Process Non-Strong References 0.469ms
[302.665s][info][gc,phases   ] GC(148) Concurrent Reset Relocation Set 0.001ms
[302.667s][info][gc,phases   ] GC(148) Concurrent Select Relocation Set 2.899ms
[302.668s][info][gc,phases   ] GC(148) Pause Relocate Start 0.004ms
[302.668s][info][gc,phases   ] GC(148) Concurrent Relocate 0.404ms
[302.668s][info][gc,load     ] GC(148) Load: 4.36/3.77/3.65
[302.668s][info][gc,mmu      ] GC(148) MMU: 2ms/98.6%, 5ms/99.3%, 10ms/99.7%, 20ms/99.8%, 50ms/99.9%, 100ms/100.0%
[302.668s][info][gc,marking  ] GC(148) Mark: 2 stripe(s), 2 proactive flush(es), 1 terminate flush(es), 0 completion(s), 0 continuation(s) 
[302.668s][info][gc,nmethod  ] GC(148) NMethods: 484 registered, 0 unregistered
[302.668s][info][gc,metaspace] GC(148) Metaspace: 0M used, 0M committed, 1032M reserved
[302.668s][info][gc,ref      ] GC(148) Soft: 82 encountered, 0 discovered, 0 enqueued
[302.668s][info][gc,ref      ] GC(148) Weak: 200 encountered, 54 discovered, 0 enqueued
[302.668s][info][gc,ref      ] GC(148) Final: 0 encountered, 0 discovered, 0 enqueued
[302.668s][info][gc,ref      ] GC(148) Phantom: 5 encountered, 3 discovered, 0 enqueued
[302.668s][info][gc,reloc    ] GC(148) Small Pages: 961 / 1922M, Empty: 1762M, Relocated: 2M, In-Place: 0
[302.668s][info][gc,reloc    ] GC(148) Medium Pages: 0 / 0M, Empty: 0M, Relocated: 0M, In-Place: 0
[302.668s][info][gc,reloc    ] GC(148) Large Pages: 0 / 0M, Empty: 0M, Relocated: 0M, In-Place: 0
[302.668s][info][gc,reloc    ] GC(148) Forwarding Usage: 0M
[302.668s][info][gc,heap     ] GC(148) Min Capacity: 8192M(100%)
[302.668s][info][gc,heap     ] GC(148) Max Capacity: 8192M(100%)
[302.668s][info][gc,heap     ] GC(148) Soft Max Capacity: 8192M(100%)
[302.668s][info][gc,heap     ] GC(148)                Mark Start          Mark End        Relocate Start      Relocate End           High               Low         
[302.668s][info][gc,heap     ] GC(148)  Capacity:     8192M (100%)       8192M (100%)       8192M (100%)       8192M (100%)       8192M (100%)       8192M (100%)   
[302.668s][info][gc,heap     ] GC(148)      Free:     6270M (77%)        6244M (76%)        7998M (98%)        8014M (98%)        8014M (98%)        6244M (76%)    
[302.668s][info][gc,heap     ] GC(148)      Used:     1922M (23%)        1948M (24%)         194M (2%)          178M (2%)         1948M (24%)         178M (2%)     
[302.668s][info][gc,heap     ] GC(148)      Live:         -               132M (2%)          132M (2%)          132M (2%)             -                  -          
[302.668s][info][gc,heap     ] GC(148) Allocated:         -                26M (0%)           34M (0%)           34M (0%)             -                  -          
[302.668s][info][gc,heap     ] GC(148)   Garbage:         -              1789M (22%)          27M (0%)           11M (0%)             -                  -          
[302.668s][info][gc,heap     ] GC(148) Reclaimed:         -                  -              1762M (22%)        1778M (22%)            -                  -          
[302.668s][info][gc          ] GC(148) Garbage Collection (Proactive) 1922M(23%)->178M(2%)
[304.239s][info][gc,start    ] GC(149) Garbage Collection (Proactive)
[304.240s][info][gc,phases   ] GC(149) Pause Mark Start 0.005ms
[304.264s][info][gc,phases   ] GC(149) Concurrent Mark 24.452ms
[304.264s][info][gc,phases   ] GC(149) Pause Mark End 0.008ms
[304.265s][info][gc,phases   ] GC(149) Concurrent Process Non-Strong References 0.412ms
[304.265s][info][gc,phases   ] GC(149) Concurrent Reset Relocation Set 0.002ms
[304.267s][info][gc,phases   ] GC(149) Concurrent Select Relocation Set 2.790ms
[304.268s][info][gc,phases   ] GC(149) Pause Relocate Start 0.003ms
[304.268s][info][gc,phases   ] GC(149) Concurrent Relocate 0.863ms
[304.269s][info][gc,load     ] GC(149) Load: 4.36/3.77/3.65
[304.269s][info][gc,mmu      ] GC(149) MMU: 2ms/98.6%, 5ms/99.3%, 10ms/99.7%, 20ms/99.8%, 50ms/99.9%, 100ms/100.0%
[304.269s][info][gc,marking  ] GC(149) Mark: 2 stripe(s), 2 proactive flush(es), 1 terminate flush(es), 0 completion(s), 0 continuation(s) 
[304.269s][info][gc,nmethod  ] GC(149) NMethods: 484 registered, 0 unregistered
[304.269s][info][gc,metaspace] GC(149) Metaspace: 0M used, 0M committed, 1032M reserved
[304.269s][info][gc,ref      ] GC(149) Soft: 82 encountered, 0 discovered, 0 enqueued
[304.269s][info][gc,ref      ] GC(149) Weak: 200 encountered, 179 discovered, 0 enqueued
[304.269s][info][gc,ref      ] GC(149) Final: 0 encountered, 0 discovered, 0 enqueued
[304.269s][info][gc,ref      ] GC(149) Phantom: 5 encountered, 4 discovered, 0 enqueued
[304.269s][info][gc,reloc    ] GC(149) Small Pages: 909 / 1818M, Empty: 1610M, Relocated: 4M, In-Place: 0
[304.269s][info][gc,reloc    ] GC(149) Medium Pages: 0 / 0M, Empty: 0M, Relocated: 0M, In-Place: 0
[304.269s][info][gc,reloc    ] GC(149) Large Pages: 0 / 0M, Empty: 0M, Relocated: 0M, In-Place: 0
[304.269s][info][gc,reloc    ] GC(149) Forwarding Usage: 0M
[304.269s][info][gc,heap     ] GC(149) Min Capacity: 8192M(100%)
[304.269s][info][gc,heap     ] GC(149) Max Capacity: 8192M(100%)
[304.269s][info][gc,heap     ] GC(149) Soft Max Capacity: 8192M(100%)
[304.269s][info][gc,heap     ] GC(149)                Mark Start          Mark End        Relocate Start      Relocate End           High               Low         
[304.269s][info][gc,heap     ] GC(149)  Capacity:     8192M (100%)       8192M (100%)       8192M (100%)       8192M (100%)       8192M (100%)       8192M (100%)   
[304.269s][info][gc,heap     ] GC(149)      Free:     6374M (78%)        6350M (78%)        7952M (97%)        8014M (98%)        8014M (98%)        6350M (78%)    
[304.269s][info][gc,heap     ] GC(149)      Used:     1818M (22%)        1842M (22%)         240M (3%)          178M (2%)         1842M (22%)         178M (2%)     
[304.269s][info][gc,heap     ] GC(149)      Live:         -               132M (2%)          132M (2%)          132M (2%)             -                  -          
[304.269s][info][gc,heap     ] GC(149) Allocated:         -                24M (0%)           32M (0%)           32M (0%)             -                  -          
[304.269s][info][gc,heap     ] GC(149)   Garbage:         -              1685M (21%)          75M (1%)           13M (0%)             -                  -          
[304.269s][info][gc,heap     ] GC(149) Reclaimed:         -                  -              1610M (20%)        1672M (20%)            -                  -          
[304.269s][info][gc          ] GC(149) Garbage Collection (Proactive) 1818M(22%)->178M(2%)
[305.840s][info][gc,start    ] GC(150) Garbage Collection (Proactive)
[305.840s][info][gc,phases   ] GC(150) Pause Mark Start 0.014ms
[305.865s][info][gc,phases   ] GC(150) Concurrent Mark 25.173ms
[305.865s][info][gc,phases   ] GC(150) Pause Mark End 0.010ms
[305.866s][info][gc,phases   ] GC(150) Concurrent Process Non-Strong References 0.425ms
[305.866s][info][gc,phases   ] GC(150) Concurrent Reset Relocation Set 0.004ms
[305.869s][info][gc,phases   ] GC(150) Concurrent Select Relocation Set 2.990ms
[305.869s][info][gc,phases   ] GC(150) Pause Relocate Start 0.005ms
[305.869s][info][gc,phases   ] GC(150) Concurrent Relocate 0.522ms
[305.869s][info][gc,load     ] GC(150) Load: 4.17/3.74/3.64
[305.869s][info][gc,mmu      ] GC(150) MMU: 2ms/98.6%, 5ms/99.3%, 10ms/99.7%, 20ms/99.8%, 50ms/99.9%, 100ms/100.0%
[305.869s][info][gc,marking  ] GC(150) Mark: 2 stripe(s), 2 proactive flush(es), 1 terminate flush(es), 0 completion(s), 0 continuation(s) 
[305.869s][info][gc,nmethod  ] GC(150) NMethods: 484 registered, 0 unregistered
[305.869s][info][gc,metaspace] GC(150) Metaspace: 0M used, 0M committed, 1032M reserved
[305.869s][info][gc,ref      ] GC(150) Soft: 82 encountered, 0 discovered, 0 enqueued
[305.869s][info][gc,ref      ] GC(150) Weak: 200 encountered, 50 discovered, 0 enqueued
[305.869s][info][gc,ref      ] GC(150) Final: 0 encountered, 0 discovered, 0 enqueued
[305.869s][info][gc,ref      ] GC(150) Phantom: 5 encountered, 4 discovered, 0 enqueued
[305.869s][info][gc,reloc    ] GC(150) Small Pages: 909 / 1818M, Empty: 1666M, Relocated: 3M, In-Place: 0
[305.869s][info][gc,reloc    ] GC(150) Medium Pages: 0 / 0M, Empty: 0M, Relocated: 0M, In-Place: 0
[305.869s][info][gc,reloc    ] GC(150) Large Pages: 0 / 0M, Empty: 0M, Relocated: 0M, In-Place: 0
[305.869s][info][gc,reloc    ] GC(150) Forwarding Usage: 0M
[305.870s][info][gc,heap     ] GC(150) Min Capacity: 8192M(100%)
[305.870s][info][gc,heap     ] GC(150) Max Capacity: 8192M(100%)
[305.870s][info][gc,heap     ] GC(150) Soft Max Capacity: 8192M(100%)
[305.870s][info][gc,heap     ] GC(150)                Mark Start          Mark End        Relocate Start      Relocate End           High               Low         
[305.870s][info][gc,heap     ] GC(150)  Capacity:     8192M (100%)       8192M (100%)       8192M (100%)       8192M (100%)       8192M (100%)       8192M (100%)   
[305.870s][info][gc,heap     ] GC(150)      Free:     6374M (78%)        6350M (78%)        8008M (98%)        8014M (98%)        8014M (98%)        6350M (78%)    
[305.870s][info][gc,heap     ] GC(150)      Used:     1818M (22%)        1842M (22%)         184M (2%)          178M (2%)         1842M (22%)         178M (2%)     
[305.870s][info][gc,heap     ] GC(150)      Live:         -               132M (2%)          132M (2%)          132M (2%)             -                  -          
[305.870s][info][gc,heap     ] GC(150) Allocated:         -                24M (0%)           32M (0%)           32M (0%)             -                  -          
[305.870s][info][gc,heap     ] GC(150)   Garbage:         -              1685M (21%)          19M (0%)           13M (0%)             -                  -          
[305.870s][info][gc,heap     ] GC(150) Reclaimed:         -                  -              1666M (20%)        1672M (20%)            -                  -          
[305.870s][info][gc          ] GC(150) Garbage Collection (Proactive) 1818M(22%)->178M(2%)
[307.439s][info][gc,start    ] GC(151) Garbage Collection (Proactive)
[307.439s][info][gc,phases   ] GC(151) Pause Mark Start 0.005ms
[307.462s][info][gc,phases   ] GC(151) Concurrent Mark 22.919ms
[307.462s][info][gc,phases   ] GC(151) Pause Mark End 0.009ms
[307.463s][info][gc,phases   ] GC(151) Concurrent Process Non-Strong References 0.429ms
[307.463s][info][gc,phases   ] GC(151) Concurrent Reset Relocation Set 0.002ms
[307.465s][info][gc,phases   ] GC(151) Concurrent Select Relocation Set 2.762ms
[307.466s][info][gc,phases   ] GC(151) Pause Relocate Start 0.004ms
[307.466s][info][gc,phases   ] GC(151) Concurrent Relocate 0.560ms
[307.466s][info][gc,load     ] GC(151) Load: 4.17/3.74/3.64
[307.466s][info][gc,mmu      ] GC(151) MMU: 2ms/98.6%, 5ms/99.3%, 10ms/99.7%, 20ms/99.8%, 50ms/99.9%, 100ms/100.0%
[307.466s][info][gc,marking  ] GC(151) Mark: 2 stripe(s), 2 proactive flush(es), 1 terminate flush(es), 0 completion(s), 0 continuation(s) 
[307.466s][info][gc,nmethod  ] GC(151) NMethods: 484 registered, 0 unregistered
[307.466s][info][gc,metaspace] GC(151) Metaspace: 0M used, 0M committed, 1032M reserved
[307.466s][info][gc,ref      ] GC(151) Soft: 82 encountered, 0 discovered, 0 enqueued
[307.466s][info][gc,ref      ] GC(151) Weak: 200 encountered, 52 discovered, 0 enqueued
[307.466s][info][gc,ref      ] GC(151) Final: 0 encountered, 0 discovered, 0 enqueued
[307.466s][info][gc,ref      ] GC(151) Phantom: 5 encountered, 3 discovered, 0 enqueued
[307.466s][info][gc,reloc    ] GC(151) Small Pages: 909 / 1818M, Empty: 1666M, Relocated: 3M, In-Place: 0
[307.466s][info][gc,reloc    ] GC(151) Medium Pages: 0 / 0M, Empty: 0M, Relocated: 0M, In-Place: 0
[307.466s][info][gc,reloc    ] GC(151) Large Pages: 0 / 0M, Empty: 0M, Relocated: 0M, In-Place: 0
[307.466s][info][gc,reloc    ] GC(151) Forwarding Usage: 0M
[307.466s][info][gc,heap     ] GC(151) Min Capacity: 8192M(100%)
[307.466s][info][gc,heap     ] GC(151) Max Capacity: 8192M(100%)
[307.466s][info][gc,heap     ] GC(151) Soft Max Capacity: 8192M(100%)
[307.466s][info][gc,heap     ] GC(151)                Mark Start          Mark End        Relocate Start      Relocate End           High               Low         
[307.466s][info][gc,heap     ] GC(151)  Capacity:     8192M (100%)       8192M (100%)       8192M (100%)       8192M (100%)       8192M (100%)       8192M (100%)   
[307.466s][info][gc,heap     ] GC(151)      Free:     6374M (78%)        6350M (78%)        8016M (98%)        8018M (98%)        8020M (98%)        6350M (78%)    
[307.466s][info][gc,heap     ] GC(151)      Used:     1818M (22%)        1842M (22%)         176M (2%)          174M (2%)         1842M (22%)         172M (2%)     
[307.466s][info][gc,heap     ] GC(151)      Live:         -               132M (2%)          132M (2%)          132M (2%)             -                  -          
[307.466s][info][gc,heap     ] GC(151) Allocated:         -                24M (0%)           24M (0%)           28M (0%)             -                  -          
[307.466s][info][gc,heap     ] GC(151)   Garbage:         -              1685M (21%)          19M (0%)           13M (0%)             -                  -          
[307.466s][info][gc,heap     ] GC(151) Reclaimed:         -                  -              1666M (20%)        1672M (20%)            -                  -          
[307.466s][info][gc          ] GC(151) Garbage Collection (Proactive) 1818M(22%)->174M(2%)
[309.040s][info][gc,start    ] GC(152) Garbage Collection (Proactive)
[309.040s][info][gc,phases   ] GC(152) Pause Mark Start 0.007ms
[309.065s][info][gc,phases   ] GC(152) Concurrent Mark 24.595ms
[309.065s][info][gc,phases   ] GC(152) Pause Mark End 0.009ms
[309.066s][info][gc,phases   ] GC(152) Concurrent Process Non-Strong References 0.495ms
[309.066s][info][gc,phases   ] GC(152) Concurrent Reset Relocation Set 0.002ms
[309.069s][info][gc,phases   ] GC(152) Concurrent Select Relocation Set 3.096ms
[309.069s][info][gc,phases   ] GC(152) Pause Relocate Start 0.005ms
[309.070s][info][gc,phases   ] GC(152) Concurrent Relocate 0.929ms
[309.070s][info][gc,load     ] GC(152) Load: 4.17/3.74/3.64
[309.070s][info][gc,mmu      ] GC(152) MMU: 2ms/98.6%, 5ms/99.3%, 10ms/99.7%, 20ms/99.8%, 50ms/99.9%, 100ms/100.0%
[309.070s][info][gc,marking  ] GC(152) Mark: 2 stripe(s), 2 proactive flush(es), 1 terminate flush(es), 0 completion(s), 0 continuation(s) 
[309.070s][info][gc,nmethod  ] GC(152) NMethods: 484 registered, 0 unregistered
[309.070s][info][gc,metaspace] GC(152) Metaspace: 0M used, 0M committed, 1032M reserved
[309.070s][info][gc,ref      ] GC(152) Soft: 82 encountered, 0 discovered, 0 enqueued
[309.070s][info][gc,ref      ] GC(152) Weak: 200 encountered, 54 discovered, 0 enqueued
[309.070s][info][gc,ref      ] GC(152) Final: 0 encountered, 0 discovered, 0 enqueued
[309.070s][info][gc,ref      ] GC(152) Phantom: 5 encountered, 3 discovered, 0 enqueued
[309.070s][info][gc,reloc    ] GC(152) Small Pages: 909 / 1818M, Empty: 1664M, Relocated: 6M, In-Place: 0
[309.070s][info][gc,reloc    ] GC(152) Medium Pages: 0 / 0M, Empty: 0M, Relocated: 0M, In-Place: 0
[309.070s][info][gc,reloc    ] GC(152) Large Pages: 0 / 0M, Empty: 0M, Relocated: 0M, In-Place: 0
[309.070s][info][gc,reloc    ] GC(152) Forwarding Usage: 0M
[309.070s][info][gc,heap     ] GC(152) Min Capacity: 8192M(100%)
[309.070s][info][gc,heap     ] GC(152) Max Capacity: 8192M(100%)
[309.070s][info][gc,heap     ] GC(152) Soft Max Capacity: 8192M(100%)
[309.070s][info][gc,heap     ] GC(152)                Mark Start          Mark End        Relocate Start      Relocate End           High               Low         
[309.070s][info][gc,heap     ] GC(152)  Capacity:     8192M (100%)       8192M (100%)       8192M (100%)       8192M (100%)       8192M (100%)       8192M (100%)   
[309.070s][info][gc,heap     ] GC(152)      Free:     6374M (78%)        6350M (78%)        8006M (98%)        8016M (98%)        8016M (98%)        6346M (77%)    
[309.070s][info][gc,heap     ] GC(152)      Used:     1818M (22%)        1842M (22%)         186M (2%)          176M (2%)         1846M (23%)         176M (2%)     
[309.070s][info][gc,heap     ] GC(152)      Live:         -               132M (2%)          132M (2%)          132M (2%)             -                  -          
[309.070s][info][gc,heap     ] GC(152) Allocated:         -                24M (0%)           32M (0%)           32M (0%)             -                  -          
[309.070s][info][gc,heap     ] GC(152)   Garbage:         -              1685M (21%)          21M (0%)           11M (0%)             -                  -          
[309.070s][info][gc,heap     ] GC(152) Reclaimed:         -                  -              1664M (20%)        1674M (20%)            -                  -          
[309.070s][info][gc          ] GC(152) Garbage Collection (Proactive) 1818M(22%)->176M(2%)
[310.040s][info][gc,stats    ] === Garbage Collection Statistics =======================================================================================================================
[310.040s][info][gc,stats    ]                                                              Last 10s              Last 10m              Last 10h                Total
[310.040s][info][gc,stats    ]                                                              Avg / Max             Avg / Max             Avg / Max             Avg / Max
[310.040s][info][gc,stats    ]   Collector: Garbage Collection Cycle                     28.954 / 29.849       31.837 / 95.920       31.837 / 95.920       31.837 / 95.920      ms
[310.040s][info][gc,stats    ]  Contention: Mark Segment Reset Contention                     0 / 0                 0 / 4                 0 / 4                 0 / 4           ops/s
[310.040s][info][gc,stats    ]  Contention: Mark SeqNum Reset Contention                      0 / 0                 0 / 1                 0 / 1                 0 / 1           ops/s
[310.040s][info][gc,stats    ]    Critical: Allocation Stall                                  0 / 0                 0 / 0                 0 / 0                 0 / 0           ops/s
[310.040s][info][gc,stats    ]    Critical: Allocation Stall                              0.000 / 0.000         0.000 / 0.000         0.000 / 0.000         0.000 / 0.000       ms
[310.040s][info][gc,stats    ]    Critical: GC Locker Stall                                   0 / 0                 0 / 0                 0 / 0                 0 / 0           ops/s
[310.040s][info][gc,stats    ]    Critical: GC Locker Stall                               0.000 / 0.000         0.000 / 0.000         0.000 / 0.000         0.000 / 0.000       ms
[310.040s][info][gc,stats    ]    Critical: Relocation Stall                                  0 / 0                 0 / 0                 0 / 0                 0 / 0           ops/s
[310.040s][info][gc,stats    ]    Critical: Relocation Stall                              0.000 / 0.000         0.000 / 0.000         0.000 / 0.000         0.000 / 0.000       ms
[310.040s][info][gc,stats    ]      Memory: Allocation Rate                                1045 / 1050           1070 / 9212           1070 / 9212           1070 / 9212        MB/s
[310.040s][info][gc,stats    ]      Memory: Out Of Memory                                     0 / 0                 0 / 0                 0 / 0                 0 / 0           ops/s
[310.040s][info][gc,stats    ]      Memory: Page Cache Flush                                  0 / 0                 0 / 0                 0 / 0                 0 / 0           MB/s
[310.040s][info][gc,stats    ]      Memory: Page Cache Hit L1                               524 / 528             518 / 533             518 / 533             518 / 533         ops/s
[310.040s][info][gc,stats    ]      Memory: Page Cache Hit L2                                 0 / 0                 0 / 0                 0 / 0                 0 / 0           ops/s
[310.041s][info][gc,stats    ]      Memory: Page Cache Hit L3                                 0 / 0                 5 / 486               5 / 486               5 / 486         ops/s
[310.041s][info][gc,stats    ]      Memory: Page Cache Miss                                   0 / 0                 0 / 1                 0 / 1                 0 / 1           ops/s
[310.041s][info][gc,stats    ]      Memory: Uncommit                                          0 / 0                 0 / 0                 0 / 0                 0 / 0           MB/s
[310.041s][info][gc,stats    ]      Memory: Undo Object Allocation Failed                     0 / 0                 0 / 0                 0 / 0                 0 / 0           ops/s
[310.041s][info][gc,stats    ]      Memory: Undo Object Allocation Succeeded                  0 / 0                 0 / 6                 0 / 6                 0 / 6           ops/s
[310.041s][info][gc,stats    ]      Memory: Undo Page Allocation                              0 / 0                 0 / 1                 0 / 1                 0 / 1           ops/s
[310.041s][info][gc,stats    ]       Phase: Concurrent Mark                              24.356 / 25.173       26.818 / 65.214       26.818 / 65.214       26.818 / 65.214      ms
[310.041s][info][gc,stats    ]       Phase: Concurrent Mark Continue                      0.000 / 0.000         0.000 / 0.000         0.000 / 0.000         0.000 / 0.000       ms
[310.041s][info][gc,stats    ]       Phase: Concurrent Process Non-Strong References      0.448 / 0.495         0.456 / 0.911         0.456 / 0.911         0.456 / 0.911       ms
[310.041s][info][gc,stats    ]       Phase: Concurrent Relocate                           0.615 / 0.929         1.045 / 16.651        1.045 / 16.651        1.045 / 16.651      ms
[310.041s][info][gc,stats    ]       Phase: Concurrent Reset Relocation Set               0.002 / 0.004         0.003 / 0.098         0.003 / 0.098         0.003 / 0.098       ms
[310.041s][info][gc,stats    ]       Phase: Concurrent Select Relocation Set              2.919 / 3.096         2.916 / 12.567        2.916 / 12.567        2.916 / 12.567      ms
[310.041s][info][gc,stats    ]       Phase: Pause Mark End                                0.009 / 0.010         0.009 / 0.025         0.009 / 0.025         0.009 / 0.025       ms
[310.041s][info][gc,stats    ]       Phase: Pause Mark Start                              0.007 / 0.014         0.006 / 0.028         0.006 / 0.028         0.006 / 0.028       ms
[310.041s][info][gc,stats    ]       Phase: Pause Relocate Start                          0.004 / 0.005         0.004 / 0.026         0.004 / 0.026         0.004 / 0.026       ms
[310.041s][info][gc,stats    ]    Subphase: Concurrent Classes Purge                      0.029 / 0.040         0.029 / 0.102         0.029 / 0.102         0.029 / 0.102       ms
[310.041s][info][gc,stats    ]    Subphase: Concurrent Classes Unlink                     0.297 / 0.322         0.295 / 0.571         0.295 / 0.571         0.295 / 0.571       ms
[310.041s][info][gc,stats    ]    Subphase: Concurrent Mark                              23.457 / 24.747       26.030 / 64.907       26.030 / 64.907       26.030 / 64.907      ms
[310.041s][info][gc,stats    ]    Subphase: Concurrent Mark Idle                          1.237 / 1.298         1.192 / 1.330         1.192 / 1.330         1.192 / 1.330       ms
[310.041s][info][gc,stats    ]    Subphase: Concurrent Mark Try Flush                     0.026 / 0.042         0.035 / 0.120         0.035 / 0.120         0.035 / 0.120       ms
[310.041s][info][gc,stats    ]    Subphase: Concurrent Mark Try Terminate                 0.501 / 1.299         0.446 / 1.332         0.446 / 1.332         0.446 / 1.332       ms
[310.041s][info][gc,stats    ]    Subphase: Concurrent References Enqueue                 0.000 / 0.000         0.000 / 0.003         0.000 / 0.003         0.000 / 0.003       ms
[310.041s][info][gc,stats    ]    Subphase: Concurrent References Process                 0.022 / 0.027         0.028 / 0.095         0.028 / 0.095         0.028 / 0.095       ms
[310.041s][info][gc,stats    ]    Subphase: Concurrent Roots ClassLoaderDataGraph         0.018 / 0.041         0.017 / 0.132         0.017 / 0.132         0.017 / 0.132       ms
[310.041s][info][gc,stats    ]    Subphase: Concurrent Roots CodeCache                    0.000 / 0.000         0.000 / 0.000         0.000 / 0.000         0.000 / 0.000       ms
[310.041s][info][gc,stats    ]    Subphase: Concurrent Roots JavaThreads                  0.245 / 0.319         0.201 / 0.460         0.201 / 0.460         0.201 / 0.460       ms
[310.041s][info][gc,stats    ]    Subphase: Concurrent Roots OopStorageSet                0.005 / 0.006         0.004 / 0.022         0.004 / 0.022         0.004 / 0.022       ms
[310.041s][info][gc,stats    ]    Subphase: Concurrent Weak Roots OopStorageSet           0.037 / 0.042         0.038 / 0.120         0.038 / 0.120         0.038 / 0.120       ms
[310.041s][info][gc,stats    ]    Subphase: Pause Mark Try Complete                       0.000 / 0.000         0.000 / 0.000         0.000 / 0.000         0.000 / 0.000       ms
[310.041s][info][gc,stats    ]      System: Java Threads                                     16 / 16               16 / 20               16 / 20               16 / 20          threads
[310.041s][info][gc,stats    ] =========================================================================================================================================================
[310.740s][info][gc,start    ] GC(153) Garbage Collection (Proactive)
[310.740s][info][gc,phases   ] GC(153) Pause Mark Start 0.007ms
[310.765s][info][gc,phases   ] GC(153) Concurrent Mark 24.070ms
[310.765s][info][gc,phases   ] GC(153) Pause Mark End 0.008ms
[310.765s][info][gc,phases   ] GC(153) Concurrent Process Non-Strong References 0.501ms
[310.765s][info][gc,phases   ] GC(153) Concurrent Reset Relocation Set 0.002ms
[310.768s][info][gc,phases   ] GC(153) Concurrent Select Relocation Set 3.056ms
[310.768s][info][gc,phases   ] GC(153) Pause Relocate Start 0.003ms
[310.769s][info][gc,phases   ] GC(153) Concurrent Relocate 0.643ms
[310.769s][info][gc,load     ] GC(153) Load: 4.24/3.76/3.65
[310.769s][info][gc,mmu      ] GC(153) MMU: 2ms/98.6%, 5ms/99.3%, 10ms/99.7%, 20ms/99.8%, 50ms/99.9%, 100ms/100.0%
[310.769s][info][gc,marking  ] GC(153) Mark: 2 stripe(s), 2 proactive flush(es), 1 terminate flush(es), 0 completion(s), 0 continuation(s) 
[310.769s][info][gc,nmethod  ] GC(153) NMethods: 484 registered, 0 unregistered
[310.769s][info][gc,metaspace] GC(153) Metaspace: 0M used, 0M committed, 1032M reserved
[310.769s][info][gc,ref      ] GC(153) Soft: 82 encountered, 0 discovered, 0 enqueued
[310.769s][info][gc,ref      ] GC(153) Weak: 200 encountered, 50 discovered, 0 enqueued
[310.769s][info][gc,ref      ] GC(153) Final: 0 encountered, 0 discovered, 0 enqueued
[310.769s][info][gc,ref      ] GC(153) Phantom: 5 encountered, 3 discovered, 0 enqueued
[310.769s][info][gc,reloc    ] GC(153) Small Pages: 960 / 1920M, Empty: 1768M, Relocated: 4M, In-Place: 0
[310.769s][info][gc,reloc    ] GC(153) Medium Pages: 0 / 0M, Empty: 0M, Relocated: 0M, In-Place: 0
[310.769s][info][gc,reloc    ] GC(153) Large Pages: 0 / 0M, Empty: 0M, Relocated: 0M, In-Place: 0
[310.769s][info][gc,reloc    ] GC(153) Forwarding Usage: 0M
[310.769s][info][gc,heap     ] GC(153) Min Capacity: 8192M(100%)
[310.769s][info][gc,heap     ] GC(153) Max Capacity: 8192M(100%)
[310.769s][info][gc,heap     ] GC(153) Soft Max Capacity: 8192M(100%)
[310.769s][info][gc,heap     ] GC(153)                Mark Start          Mark End        Relocate Start      Relocate End           High               Low         
[310.769s][info][gc,heap     ] GC(153)  Capacity:     8192M (100%)       8192M (100%)       8192M (100%)       8192M (100%)       8192M (100%)       8192M (100%)   
[310.769s][info][gc,heap     ] GC(153)      Free:     6272M (77%)        6248M (76%)        8008M (98%)        8014M (98%)        8014M (98%)        6248M (76%)    
[310.769s][info][gc,heap     ] GC(153)      Used:     1920M (23%)        1944M (24%)         184M (2%)          178M (2%)         1944M (24%)         178M (2%)     
[310.769s][info][gc,heap     ] GC(153)      Live:         -               132M (2%)          132M (2%)          132M (2%)             -                  -          
[310.769s][info][gc,heap     ] GC(153) Allocated:         -                24M (0%)           32M (0%)           32M (0%)             -                  -          
[310.769s][info][gc,heap     ] GC(153)   Garbage:         -              1787M (22%)          19M (0%)           13M (0%)             -                  -          
[310.769s][info][gc,heap     ] GC(153) Reclaimed:         -                  -              1768M (22%)        1774M (22%)            -                  -          
[310.769s][info][gc          ] GC(153) Garbage Collection (Proactive) 1920M(23%)->178M(2%)
[312.339s][info][gc,start    ] GC(154) Garbage Collection (Proactive)
[312.347s][info][gc,phases   ] GC(154) Pause Mark Start 0.007ms
[312.371s][info][gc,phases   ] GC(154) Concurrent Mark 24.064ms
[312.372s][info][gc,phases   ] GC(154) Pause Mark End 0.010ms
[312.372s][info][gc,phases   ] GC(154) Concurrent Process Non-Strong References 0.467ms
[312.372s][info][gc,phases   ] GC(154) Concurrent Reset Relocation Set 0.002ms
[312.375s][info][gc,phases   ] GC(154) Concurrent Select Relocation Set 2.811ms
[312.375s][info][gc,phases   ] GC(154) Pause Relocate Start 0.004ms
[312.376s][info][gc,phases   ] GC(154) Concurrent Relocate 0.530ms
[312.376s][info][gc,load     ] GC(154) Load: 4.24/3.76/3.65
[312.376s][info][gc,mmu      ] GC(154) MMU: 2ms/98.6%, 5ms/99.3%, 10ms/99.7%, 20ms/99.8%, 50ms/99.9%, 100ms/100.0%
[312.376s][info][gc,marking  ] GC(154) Mark: 2 stripe(s), 2 proactive flush(es), 1 terminate flush(es), 0 completion(s), 0 continuation(s) 
[312.376s][info][gc,nmethod  ] GC(154) NMethods: 484 registered, 0 unregistered
[312.376s][info][gc,metaspace] GC(154) Metaspace: 0M used, 0M committed, 1032M reserved
[312.376s][info][gc,ref      ] GC(154) Soft: 82 encountered, 0 discovered, 0 enqueued
[312.376s][info][gc,ref      ] GC(154) Weak: 200 encountered, 167 discovered, 0 enqueued
[312.376s][info][gc,ref      ] GC(154) Final: 0 encountered, 0 discovered, 0 enqueued
[312.376s][info][gc,ref      ] GC(154) Phantom: 5 encountered, 3 discovered, 0 enqueued
[312.376s][info][gc,reloc    ] GC(154) Small Pages: 914 / 1828M, Empty: 1670M, Relocated: 3M, In-Place: 0
[312.376s][info][gc,reloc    ] GC(154) Medium Pages: 0 / 0M, Empty: 0M, Relocated: 0M, In-Place: 0
[312.376s][info][gc,reloc    ] GC(154) Large Pages: 0 / 0M, Empty: 0M, Relocated: 0M, In-Place: 0
[312.376s][info][gc,reloc    ] GC(154) Forwarding Usage: 0M
[312.376s][info][gc,heap     ] GC(154) Min Capacity: 8192M(100%)
[312.376s][info][gc,heap     ] GC(154) Max Capacity: 8192M(100%)
[312.376s][info][gc,heap     ] GC(154) Soft Max Capacity: 8192M(100%)
[312.376s][info][gc,heap     ] GC(154)                Mark Start          Mark End        Relocate Start      Relocate End           High               Low         
[312.376s][info][gc,heap     ] GC(154)  Capacity:     8192M (100%)       8192M (100%)       8192M (100%)       8192M (100%)       8192M (100%)       8192M (100%)   
[312.376s][info][gc,heap     ] GC(154)      Free:     6364M (78%)        6332M (77%)        8002M (98%)        8016M (98%)        8016M (98%)        6332M (77%)    
[312.376s][info][gc,heap     ] GC(154)      Used:     1828M (22%)        1860M (23%)         190M (2%)          176M (2%)         1860M (23%)         176M (2%)     
[312.376s][info][gc,heap     ] GC(154)      Live:         -               132M (2%)          132M (2%)          132M (2%)             -                  -          
[312.376s][info][gc,heap     ] GC(154) Allocated:         -                32M (0%)           32M (0%)           32M (0%)             -                  -          
[312.376s][info][gc,heap     ] GC(154)   Garbage:         -              1695M (21%)          25M (0%)           11M (0%)             -                  -          
[312.376s][info][gc,heap     ] GC(154) Reclaimed:         -                  -              1670M (20%)        1684M (21%)            -                  -          
[312.376s][info][gc          ] GC(154) Garbage Collection (Proactive) 1828M(22%)->176M(2%)
[313.940s][info][gc,start    ] GC(155) Garbage Collection (Proactive)
[313.940s][info][gc,phases   ] GC(155) Pause Mark Start 0.006ms
[313.965s][info][gc,phases   ] GC(155) Concurrent Mark 25.016ms
[313.965s][info][gc,phases   ] GC(155) Pause Mark End 0.009ms
[313.966s][info][gc,phases   ] GC(155) Concurrent Process Non-Strong References 0.442ms
[313.966s][info][gc,phases   ] GC(155) Concurrent Reset Relocation Set 0.003ms
[313.968s][info][gc,phases   ] GC(155) Concurrent Select Relocation Set 2.931ms
[313.969s][info][gc,phases   ] GC(155) Pause Relocate Start 0.005ms
[313.970s][info][gc,phases   ] GC(155) Concurrent Relocate 0.942ms
[313.970s][info][gc,load     ] GC(155) Load: 4.24/3.76/3.65
[313.970s][info][gc,mmu      ] GC(155) MMU: 2ms/98.6%, 5ms/99.3%, 10ms/99.7%, 20ms/99.8%, 50ms/99.9%, 100ms/100.0%
[313.970s][info][gc,marking  ] GC(155) Mark: 2 stripe(s), 2 proactive flush(es), 1 terminate flush(es), 0 completion(s), 0 continuation(s) 
[313.970s][info][gc,nmethod  ] GC(155) NMethods: 484 registered, 0 unregistered
[313.970s][info][gc,metaspace] GC(155) Metaspace: 0M used, 0M committed, 1032M reserved
[313.970s][info][gc,ref      ] GC(155) Soft: 82 encountered, 0 discovered, 0 enqueued
[313.970s][info][gc,ref      ] GC(155) Weak: 200 encountered, 54 discovered, 0 enqueued
[313.970s][info][gc,ref      ] GC(155) Final: 0 encountered, 0 discovered, 0 enqueued
[313.970s][info][gc,ref      ] GC(155) Phantom: 5 encountered, 3 discovered, 0 enqueued
[313.970s][info][gc,reloc    ] GC(155) Small Pages: 905 / 1810M, Empty: 1656M, Relocated: 6M, In-Place: 0
[313.970s][info][gc,reloc    ] GC(155) Medium Pages: 0 / 0M, Empty: 0M, Relocated: 0M, In-Place: 0
[313.970s][info][gc,reloc    ] GC(155) Large Pages: 0 / 0M, Empty: 0M, Relocated: 0M, In-Place: 0
[313.970s][info][gc,reloc    ] GC(155) Forwarding Usage: 0M
[313.970s][info][gc,heap     ] GC(155) Min Capacity: 8192M(100%)
[313.970s][info][gc,heap     ] GC(155) Max Capacity: 8192M(100%)
[313.970s][info][gc,heap     ] GC(155) Soft Max Capacity: 8192M(100%)
[313.970s][info][gc,heap     ] GC(155)                Mark Start          Mark End        Relocate Start      Relocate End           High               Low         
[313.970s][info][gc,heap     ] GC(155)  Capacity:     8192M (100%)       8192M (100%)       8192M (100%)       8192M (100%)       8192M (100%)       8192M (100%)   
[313.970s][info][gc,heap     ] GC(155)      Free:     6382M (78%)        6358M (78%)        8006M (98%)        8016M (98%)        8016M (98%)        6358M (78%)    
[313.970s][info][gc,heap     ] GC(155)      Used:     1810M (22%)        1834M (22%)         186M (2%)          176M (2%)         1834M (22%)         176M (2%)     
[313.970s][info][gc,heap     ] GC(155)      Live:         -               132M (2%)          132M (2%)          132M (2%)             -                  -          
[313.970s][info][gc,heap     ] GC(155) Allocated:         -                24M (0%)           32M (0%)           32M (0%)             -                  -          
[313.970s][info][gc,heap     ] GC(155)   Garbage:         -              1677M (20%)          21M (0%)           11M (0%)             -                  -          
[313.970s][info][gc,heap     ] GC(155) Reclaimed:         -                  -              1656M (20%)        1666M (20%)            -                  -          
[313.970s][info][gc          ] GC(155) Garbage Collection (Proactive) 1810M(22%)->176M(2%)
[315.540s][info][gc,start    ] GC(156) Garbage Collection (Proactive)
[315.540s][info][gc,phases   ] GC(156) Pause Mark Start 0.006ms
[315.564s][info][gc,phases   ] GC(156) Concurrent Mark 24.054ms
[315.564s][info][gc,phases   ] GC(156) Pause Mark End 0.009ms
[315.565s][info][gc,phases   ] GC(156) Concurrent Process Non-Strong References 0.453ms
[315.565s][info][gc,phases   ] GC(156) Concurrent Reset Relocation Set 0.002ms
[315.567s][info][gc,phases   ] GC(156) Concurrent Select Relocation Set 2.902ms
[315.568s][info][gc,phases   ] GC(156) Pause Relocate Start 0.004ms
[315.568s][info][gc,phases   ] GC(156) Concurrent Relocate 0.502ms
[315.568s][info][gc,load     ] GC(156) Load: 4.24/3.76/3.65
[315.568s][info][gc,mmu      ] GC(156) MMU: 2ms/98.6%, 5ms/99.3%, 10ms/99.7%, 20ms/99.8%, 50ms/99.9%, 100ms/100.0%
[315.568s][info][gc,marking  ] GC(156) Mark: 2 stripe(s), 2 proactive flush(es), 1 terminate flush(es), 0 completion(s), 0 continuation(s) 
[315.568s][info][gc,nmethod  ] GC(156) NMethods: 484 registered, 0 unregistered
[315.568s][info][gc,metaspace] GC(156) Metaspace: 0M used, 0M committed, 1032M reserved
[315.568s][info][gc,ref      ] GC(156) Soft: 82 encountered, 0 discovered, 0 enqueued
[315.568s][info][gc,ref      ] GC(156) Weak: 200 encountered, 52 discovered, 0 enqueued
[315.568s][info][gc,ref      ] GC(156) Final: 0 encountered, 0 discovered, 0 enqueued
[315.568s][info][gc,ref      ] GC(156) Phantom: 5 encountered, 3 discovered, 0 enqueued
[315.568s][info][gc,reloc    ] GC(156) Small Pages: 908 / 1816M, Empty: 1666M, Relocated: 3M, In-Place: 0
[315.568s][info][gc,reloc    ] GC(156) Medium Pages: 0 / 0M, Empty: 0M, Relocated: 0M, In-Place: 0
[315.568s][info][gc,reloc    ] GC(156) Large Pages: 0 / 0M, Empty: 0M, Relocated: 0M, In-Place: 0
[315.568s][info][gc,reloc    ] GC(156) Forwarding Usage: 0M
[315.568s][info][gc,heap     ] GC(156) Min Capacity: 8192M(100%)
[315.568s][info][gc,heap     ] GC(156) Max Capacity: 8192M(100%)
[315.568s][info][gc,heap     ] GC(156) Soft Max Capacity: 8192M(100%)
[315.568s][info][gc,heap     ] GC(156)                Mark Start          Mark End        Relocate Start      Relocate End           High               Low         
[315.568s][info][gc,heap     ] GC(156)  Capacity:     8192M (100%)       8192M (100%)       8192M (100%)       8192M (100%)       8192M (100%)       8192M (100%)   
[315.568s][info][gc,heap     ] GC(156)      Free:     6376M (78%)        6352M (78%)        8010M (98%)        8014M (98%)        8016M (98%)        6352M (78%)    
[315.568s][info][gc,heap     ] GC(156)      Used:     1816M (22%)        1840M (22%)         182M (2%)          178M (2%)         1840M (22%)         176M (2%)     
[315.568s][info][gc,heap     ] GC(156)      Live:         -               132M (2%)          132M (2%)          132M (2%)             -                  -          
[315.568s][info][gc,heap     ] GC(156) Allocated:         -                24M (0%)           32M (0%)           32M (0%)             -                  -          
[315.568s][info][gc,heap     ] GC(156)   Garbage:         -              1683M (21%)          17M (0%)           13M (0%)             -                  -          
[315.568s][info][gc,heap     ] GC(156) Reclaimed:         -                  -              1666M (20%)        1670M (20%)            -                  -          
[315.568s][info][gc          ] GC(156) Garbage Collection (Proactive) 1816M(22%)->178M(2%)
[317.140s][info][gc,start    ] GC(157) Garbage Collection (Proactive)
[317.140s][info][gc,phases   ] GC(157) Pause Mark Start 0.016ms
[317.164s][info][gc,phases   ] GC(157) Concurrent Mark 23.833ms
[317.164s][info][gc,phases   ] GC(157) Pause Mark End 0.008ms
[317.164s][info][gc,phases   ] GC(157) Concurrent Process Non-Strong References 0.428ms
[317.164s][info][gc,phases   ] GC(157) Concurrent Reset Relocation Set 0.001ms
[317.167s][info][gc,phases   ] GC(157) Concurrent Select Relocation Set 2.731ms
[317.167s][info][gc,phases   ] GC(157) Pause Relocate Start 0.003ms
[317.168s][info][gc,phases   ] GC(157) Concurrent Relocate 0.493ms
[317.168s][info][gc,load     ] GC(157) Load: 4.22/3.76/3.65
[317.168s][info][gc,mmu      ] GC(157) MMU: 2ms/98.6%, 5ms/99.3%, 10ms/99.7%, 20ms/99.8%, 50ms/99.9%, 100ms/100.0%
[317.168s][info][gc,marking  ] GC(157) Mark: 2 stripe(s), 2 proactive flush(es), 1 terminate flush(es), 0 completion(s), 0 continuation(s) 
[317.168s][info][gc,nmethod  ] GC(157) NMethods: 484 registered, 0 unregistered
[317.168s][info][gc,metaspace] GC(157) Metaspace: 0M used, 0M committed, 1032M reserved
[317.168s][info][gc,ref      ] GC(157) Soft: 82 encountered, 0 discovered, 0 enqueued
[317.168s][info][gc,ref      ] GC(157) Weak: 200 encountered, 61 discovered, 0 enqueued
[317.168s][info][gc,ref      ] GC(157) Final: 0 encountered, 0 discovered, 0 enqueued
[317.168s][info][gc,ref      ] GC(157) Phantom: 5 encountered, 5 discovered, 0 enqueued
[317.168s][info][gc,reloc    ] GC(157) Small Pages: 909 / 1818M, Empty: 1668M, Relocated: 3M, In-Place: 0
[317.168s][info][gc,reloc    ] GC(157) Medium Pages: 0 / 0M, Empty: 0M, Relocated: 0M, In-Place: 0
[317.168s][info][gc,reloc    ] GC(157) Large Pages: 0 / 0M, Empty: 0M, Relocated: 0M, In-Place: 0
[317.168s][info][gc,reloc    ] GC(157) Forwarding Usage: 0M
[317.168s][info][gc,heap     ] GC(157) Min Capacity: 8192M(100%)
[317.168s][info][gc,heap     ] GC(157) Max Capacity: 8192M(100%)
[317.168s][info][gc,heap     ] GC(157) Soft Max Capacity: 8192M(100%)
[317.168s][info][gc,heap     ] GC(157)                Mark Start          Mark End        Relocate Start      Relocate End           High               Low         
[317.168s][info][gc,heap     ] GC(157)  Capacity:     8192M (100%)       8192M (100%)       8192M (100%)       8192M (100%)       8192M (100%)       8192M (100%)   
[317.168s][info][gc,heap     ] GC(157)      Free:     6374M (78%)        6350M (78%)        8010M (98%)        8014M (98%)        8014M (98%)        6350M (78%)    
[317.168s][info][gc,heap     ] GC(157)      Used:     1818M (22%)        1842M (22%)         182M (2%)          178M (2%)         1842M (22%)         178M (2%)     
[317.168s][info][gc,heap     ] GC(157)      Live:         -               132M (2%)          132M (2%)          132M (2%)             -                  -          
[317.168s][info][gc,heap     ] GC(157) Allocated:         -                24M (0%)           32M (0%)           32M (0%)             -                  -          
[317.168s][info][gc,heap     ] GC(157)   Garbage:         -              1685M (21%)          17M (0%)           13M (0%)             -                  -          
[317.168s][info][gc,heap     ] GC(157) Reclaimed:         -                  -              1668M (20%)        1672M (20%)            -                  -          
[317.168s][info][gc          ] GC(157) Garbage Collection (Proactive) 1818M(22%)->178M(2%)
[318.641s][info][gc,start    ] GC(158) Garbage Collection (Proactive)
[318.641s][info][gc,phases   ] GC(158) Pause Mark Start 0.006ms
[318.665s][info][gc,phases   ] GC(158) Concurrent Mark 23.669ms
[318.665s][info][gc,phases   ] GC(158) Pause Mark End 0.008ms
[318.665s][info][gc,phases   ] GC(158) Concurrent Process Non-Strong References 0.450ms
[318.665s][info][gc,phases   ] GC(158) Concurrent Reset Relocation Set 0.001ms
[318.668s][info][gc,phases   ] GC(158) Concurrent Select Relocation Set 2.942ms
[318.668s][info][gc,phases   ] GC(158) Pause Relocate Start 0.004ms
[318.669s][info][gc,phases   ] GC(158) Concurrent Relocate 0.465ms
[318.669s][info][gc,load     ] GC(158) Load: 4.22/3.76/3.65
[318.669s][info][gc,mmu      ] GC(158) MMU: 2ms/98.6%, 5ms/99.3%, 10ms/99.7%, 20ms/99.8%, 50ms/99.9%, 100ms/100.0%
[318.669s][info][gc,marking  ] GC(158) Mark: 2 stripe(s), 2 proactive flush(es), 1 terminate flush(es), 0 completion(s), 0 continuation(s) 
[318.669s][info][gc,nmethod  ] GC(158) NMethods: 484 registered, 0 unregistered
[318.669s][info][gc,metaspace] GC(158) Metaspace: 0M used, 0M committed, 1032M reserved
[318.669s][info][gc,ref      ] GC(158) Soft: 82 encountered, 0 discovered, 0 enqueued
[318.669s][info][gc,ref      ] GC(158) Weak: 200 encountered, 187 discovered, 0 enqueued
[318.669s][info][gc,ref      ] GC(158) Final: 0 encountered, 0 discovered, 0 enqueued
[318.669s][info][gc,ref      ] GC(158) Phantom: 5 encountered, 5 discovered, 0 enqueued
[318.669s][info][gc,reloc    ] GC(158) Small Pages: 857 / 1714M, Empty: 1562M, Relocated: 3M, In-Place: 0
[318.669s][info][gc,reloc    ] GC(158) Medium Pages: 0 / 0M, Empty: 0M, Relocated: 0M, In-Place: 0
[318.669s][info][gc,reloc    ] GC(158) Large Pages: 0 / 0M, Empty: 0M, Relocated: 0M, In-Place: 0
[318.669s][info][gc,reloc    ] GC(158) Forwarding Usage: 0M
[318.669s][info][gc,heap     ] GC(158) Min Capacity: 8192M(100%)
[318.669s][info][gc,heap     ] GC(158) Max Capacity: 8192M(100%)
[318.669s][info][gc,heap     ] GC(158) Soft Max Capacity: 8192M(100%)
[318.669s][info][gc,heap     ] GC(158)                Mark Start          Mark End        Relocate Start      Relocate End           High               Low         
[318.669s][info][gc,heap     ] GC(158)  Capacity:     8192M (100%)       8192M (100%)       8192M (100%)       8192M (100%)       8192M (100%)       8192M (100%)   
[318.669s][info][gc,heap     ] GC(158)      Free:     6478M (79%)        6454M (79%)        8006M (98%)        8014M (98%)        8014M (98%)        6454M (79%)    
[318.669s][info][gc,heap     ] GC(158)      Used:     1714M (21%)        1738M (21%)         186M (2%)          178M (2%)         1738M (21%)         178M (2%)     
[318.669s][info][gc,heap     ] GC(158)      Live:         -               132M (2%)          132M (2%)          132M (2%)             -                  -          
[318.669s][info][gc,heap     ] GC(158) Allocated:         -                24M (0%)           34M (0%)           34M (0%)             -                  -          
[318.669s][info][gc,heap     ] GC(158)   Garbage:         -              1581M (19%)          19M (0%)           11M (0%)             -                  -          
[318.669s][info][gc,heap     ] GC(158) Reclaimed:         -                  -              1562M (19%)        1570M (19%)            -                  -          
[318.669s][info][gc          ] GC(158) Garbage Collection (Proactive) 1714M(21%)->178M(2%)
[320.040s][info][gc,stats    ] === Garbage Collection Statistics =======================================================================================================================
[320.040s][info][gc,stats    ]                                                              Last 10s              Last 10m              Last 10h                Total
[320.040s][info][gc,stats    ]                                                              Avg / Max             Avg / Max             Avg / Max             Avg / Max
[320.040s][info][gc,stats    ]   Collector: Garbage Collection Cycle                     30.014 / 36.610       31.768 / 95.920       31.768 / 95.920       31.768 / 95.920      ms
[320.040s][info][gc,stats    ]  Contention: Mark Segment Reset Contention                     0 / 0                 0 / 4                 0 / 4                 0 / 4           ops/s
[320.040s][info][gc,stats    ]  Contention: Mark SeqNum Reset Contention                      0 / 0                 0 / 1                 0 / 1                 0 / 1           ops/s
[320.040s][info][gc,stats    ]    Critical: Allocation Stall                                  0 / 0                 0 / 0                 0 / 0                 0 / 0           ops/s
[320.040s][info][gc,stats    ]    Critical: Allocation Stall                              0.000 / 0.000         0.000 / 0.000         0.000 / 0.000         0.000 / 0.000       ms
[320.040s][info][gc,stats    ]    Critical: GC Locker Stall                                   0 / 0                 0 / 0                 0 / 0                 0 / 0           ops/s
[320.040s][info][gc,stats    ]    Critical: GC Locker Stall                               0.000 / 0.000         0.000 / 0.000         0.000 / 0.000         0.000 / 0.000       ms
[320.040s][info][gc,stats    ]    Critical: Relocation Stall                                  0 / 0                 0 / 0                 0 / 0                 0 / 0           ops/s
[320.040s][info][gc,stats    ]    Critical: Relocation Stall                              0.000 / 0.000         0.000 / 0.000         0.000 / 0.000         0.000 / 0.000       ms
[320.040s][info][gc,stats    ]      Memory: Allocation Rate                                1045 / 1050           1070 / 9212           1070 / 9212           1070 / 9212        MB/s
[320.040s][info][gc,stats    ]      Memory: Out Of Memory                                     0 / 0                 0 / 0                 0 / 0                 0 / 0           ops/s
[320.040s][info][gc,stats    ]      Memory: Page Cache Flush                                  0 / 0                 0 / 0                 0 / 0                 0 / 0           MB/s
[320.040s][info][gc,stats    ]      Memory: Page Cache Hit L1                               524 / 529             518 / 533             518 / 533             518 / 533         ops/s
[320.040s][info][gc,stats    ]      Memory: Page Cache Hit L2                                 0 / 0                 0 / 0                 0 / 0                 0 / 0           ops/s
[320.040s][info][gc,stats    ]      Memory: Page Cache Hit L3                                 0 / 0                 5 / 486               5 / 486               5 / 486         ops/s
[320.040s][info][gc,stats    ]      Memory: Page Cache Miss                                   0 / 0                 0 / 1                 0 / 1                 0 / 1           ops/s
[320.040s][info][gc,stats    ]      Memory: Uncommit                                          0 / 0                 0 / 0                 0 / 0                 0 / 0           MB/s
[320.040s][info][gc,stats    ]      Memory: Undo Object Allocation Failed                     0 / 0                 0 / 0                 0 / 0                 0 / 0           ops/s
[320.040s][info][gc,stats    ]      Memory: Undo Object Allocation Succeeded                  0 / 0                 0 / 6                 0 / 6                 0 / 6           ops/s
[320.040s][info][gc,stats    ]      Memory: Undo Page Allocation                              0 / 0                 0 / 1                 0 / 1                 0 / 1           ops/s
[320.040s][info][gc,stats    ]       Phase: Concurrent Mark                              24.118 / 25.016       26.716 / 65.214       26.716 / 65.214       26.716 / 65.214      ms
[320.040s][info][gc,stats    ]       Phase: Concurrent Mark Continue                      0.000 / 0.000         0.000 / 0.000         0.000 / 0.000         0.000 / 0.000       ms
[320.040s][info][gc,stats    ]       Phase: Concurrent Process Non-Strong References      0.457 / 0.501         0.456 / 0.911         0.456 / 0.911         0.456 / 0.911       ms
[320.040s][info][gc,stats    ]       Phase: Concurrent Relocate                           0.596 / 0.942         1.028 / 16.651        1.028 / 16.651        1.028 / 16.651      ms
[320.040s][info][gc,stats    ]       Phase: Concurrent Reset Relocation Set               0.002 / 0.003         0.002 / 0.098         0.002 / 0.098         0.002 / 0.098       ms
[320.040s][info][gc,stats    ]       Phase: Concurrent Select Relocation Set              2.896 / 3.056         2.916 / 12.567        2.916 / 12.567        2.916 / 12.567      ms
[320.040s][info][gc,stats    ]       Phase: Pause Mark End                                0.009 / 0.010         0.009 / 0.025         0.009 / 0.025         0.009 / 0.025       ms
[320.040s][info][gc,stats    ]       Phase: Pause Mark Start                              0.008 / 0.016         0.006 / 0.028         0.006 / 0.028         0.006 / 0.028       ms
[320.040s][info][gc,stats    ]       Phase: Pause Relocate Start                          0.004 / 0.005         0.004 / 0.026         0.004 / 0.026         0.004 / 0.026       ms
[320.040s][info][gc,stats    ]    Subphase: Concurrent Classes Purge                      0.040 / 0.087         0.029 / 0.102         0.029 / 0.102         0.029 / 0.102       ms
[320.040s][info][gc,stats    ]    Subphase: Concurrent Classes Unlink                     0.299 / 0.308         0.295 / 0.571         0.295 / 0.571         0.295 / 0.571       ms
[320.040s][info][gc,stats    ]    Subphase: Concurrent Mark                              23.220 / 24.634       25.924 / 64.907       25.924 / 64.907       25.924 / 64.907      ms
[320.040s][info][gc,stats    ]    Subphase: Concurrent Mark Idle                          1.253 / 1.305         1.194 / 1.330         1.194 / 1.330         1.194 / 1.330       ms
[320.040s][info][gc,stats    ]    Subphase: Concurrent Mark Try Flush                     0.032 / 0.045         0.035 / 0.120         0.035 / 0.120         0.035 / 0.120       ms
[320.040s][info][gc,stats    ]    Subphase: Concurrent Mark Try Terminate                 0.426 / 1.308         0.446 / 1.332         0.446 / 1.332         0.446 / 1.332       ms
[320.040s][info][gc,stats    ]    Subphase: Concurrent References Enqueue                 0.000 / 0.001         0.000 / 0.003         0.000 / 0.003         0.000 / 0.003       ms
[320.040s][info][gc,stats    ]    Subphase: Concurrent References Process                 0.026 / 0.034         0.028 / 0.095         0.028 / 0.095         0.028 / 0.095       ms
[320.040s][info][gc,stats    ]    Subphase: Concurrent Roots ClassLoaderDataGraph         0.018 / 0.042         0.017 / 0.132         0.017 / 0.132         0.017 / 0.132       ms
[320.040s][info][gc,stats    ]    Subphase: Concurrent Roots CodeCache                    0.000 / 0.000         0.000 / 0.000         0.000 / 0.000         0.000 / 0.000       ms
[320.040s][info][gc,stats    ]    Subphase: Concurrent Roots JavaThreads                  0.231 / 0.293         0.202 / 0.460         0.202 / 0.460         0.202 / 0.460       ms
[320.040s][info][gc,stats    ]    Subphase: Concurrent Roots OopStorageSet                0.007 / 0.016         0.004 / 0.022         0.004 / 0.022         0.004 / 0.022       ms
[320.040s][info][gc,stats    ]    Subphase: Concurrent Weak Roots OopStorageSet           0.038 / 0.051         0.038 / 0.120         0.038 / 0.120         0.038 / 0.120       ms
[320.040s][info][gc,stats    ]    Subphase: Pause Mark Try Complete                       0.000 / 0.000         0.000 / 0.000         0.000 / 0.000         0.000 / 0.000       ms
[320.040s][info][gc,stats    ]      System: Java Threads                                     16 / 16               16 / 20               16 / 20               16 / 20          threads
[320.040s][info][gc,stats    ] =========================================================================================================================================================
[320.140s][info][gc,start    ] GC(159) Garbage Collection (Proactive)
[320.140s][info][gc,phases   ] GC(159) Pause Mark Start 0.005ms
[320.163s][info][gc,phases   ] GC(159) Concurrent Mark 23.467ms
[320.163s][info][gc,phases   ] GC(159) Pause Mark End 0.009ms
[320.164s][info][gc,phases   ] GC(159) Concurrent Process Non-Strong References 0.394ms
[320.164s][info][gc,phases   ] GC(159) Concurrent Reset Relocation Set 0.001ms
[320.167s][info][gc,phases   ] GC(159) Concurrent Select Relocation Set 2.763ms
[320.167s][info][gc,phases   ] GC(159) Pause Relocate Start 0.004ms
[320.168s][info][gc,phases   ] GC(159) Concurrent Relocate 0.801ms
[320.168s][info][gc,load     ] GC(159) Load: 4.22/3.76/3.65
[320.168s][info][gc,mmu      ] GC(159) MMU: 2ms/98.6%, 5ms/99.3%, 10ms/99.7%, 20ms/99.8%, 50ms/99.9%, 100ms/100.0%
[320.168s][info][gc,marking  ] GC(159) Mark: 2 stripe(s), 2 proactive flush(es), 1 terminate flush(es), 0 completion(s), 0 continuation(s) 
[320.168s][info][gc,nmethod  ] GC(159) NMethods: 484 registered, 0 unregistered
[320.168s][info][gc,metaspace] GC(159) Metaspace: 0M used, 0M committed, 1032M reserved
[320.168s][info][gc,ref      ] GC(159) Soft: 82 encountered, 0 discovered, 0 enqueued
[320.168s][info][gc,ref      ] GC(159) Weak: 200 encountered, 52 discovered, 0 enqueued
[320.168s][info][gc,ref      ] GC(159) Final: 0 encountered, 0 discovered, 0 enqueued
[320.168s][info][gc,ref      ] GC(159) Phantom: 5 encountered, 4 discovered, 0 enqueued
[320.168s][info][gc,reloc    ] GC(159) Small Pages: 856 / 1712M, Empty: 1560M, Relocated: 4M, In-Place: 0
[320.168s][info][gc,reloc    ] GC(159) Medium Pages: 0 / 0M, Empty: 0M, Relocated: 0M, In-Place: 0
[320.168s][info][gc,reloc    ] GC(159) Large Pages: 0 / 0M, Empty: 0M, Relocated: 0M, In-Place: 0
[320.168s][info][gc,reloc    ] GC(159) Forwarding Usage: 0M
[320.168s][info][gc,heap     ] GC(159) Min Capacity: 8192M(100%)
[320.168s][info][gc,heap     ] GC(159) Max Capacity: 8192M(100%)
[320.168s][info][gc,heap     ] GC(159) Soft Max Capacity: 8192M(100%)
[320.168s][info][gc,heap     ] GC(159)                Mark Start          Mark End        Relocate Start      Relocate End           High               Low         
[320.168s][info][gc,heap     ] GC(159)  Capacity:     8192M (100%)       8192M (100%)       8192M (100%)       8192M (100%)       8192M (100%)       8192M (100%)   
[320.168s][info][gc,heap     ] GC(159)      Free:     6480M (79%)        6456M (79%)        8008M (98%)        8014M (98%)        8014M (98%)        6456M (79%)    
[320.168s][info][gc,heap     ] GC(159)      Used:     1712M (21%)        1736M (21%)         184M (2%)          178M (2%)         1736M (21%)         178M (2%)     
[320.168s][info][gc,heap     ] GC(159)      Live:         -               132M (2%)          132M (2%)          132M (2%)             -                  -          
[320.168s][info][gc,heap     ] GC(159) Allocated:         -                24M (0%)           32M (0%)           32M (0%)             -                  -          
[320.168s][info][gc,heap     ] GC(159)   Garbage:         -              1579M (19%)          19M (0%)           13M (0%)             -                  -          
[320.168s][info][gc,heap     ] GC(159) Reclaimed:         -                  -              1560M (19%)        1566M (19%)            -                  -          
[320.168s][info][gc          ] GC(159) Garbage Collection (Proactive) 1712M(21%)->178M(2%)
[321.640s][info][gc,start    ] GC(160) Garbage Collection (Proactive)
[321.641s][info][gc,phases   ] GC(160) Pause Mark Start 0.005ms
[321.663s][info][gc,phases   ] GC(160) Concurrent Mark 22.759ms
[321.663s][info][gc,phases   ] GC(160) Pause Mark End 0.008ms
[321.664s][info][gc,phases   ] GC(160) Concurrent Process Non-Strong References 0.427ms
[321.664s][info][gc,phases   ] GC(160) Concurrent Reset Relocation Set 0.002ms
[321.667s][info][gc,phases   ] GC(160) Concurrent Select Relocation Set 2.853ms
[321.667s][info][gc,phases   ] GC(160) Pause Relocate Start 0.005ms
[321.668s][info][gc,phases   ] GC(160) Concurrent Relocate 0.610ms
[321.668s][info][gc,load     ] GC(160) Load: 4.12/3.75/3.65
[321.668s][info][gc,mmu      ] GC(160) MMU: 2ms/98.6%, 5ms/99.3%, 10ms/99.7%, 20ms/99.8%, 50ms/99.9%, 100ms/100.0%
[321.668s][info][gc,marking  ] GC(160) Mark: 2 stripe(s), 2 proactive flush(es), 1 terminate flush(es), 0 completion(s), 0 continuation(s) 
[321.668s][info][gc,nmethod  ] GC(160) NMethods: 484 registered, 0 unregistered
[321.668s][info][gc,metaspace] GC(160) Metaspace: 0M used, 0M committed, 1032M reserved
[321.668s][info][gc,ref      ] GC(160) Soft: 82 encountered, 0 discovered, 0 enqueued
[321.668s][info][gc,ref      ] GC(160) Weak: 200 encountered, 58 discovered, 0 enqueued
[321.668s][info][gc,ref      ] GC(160) Final: 0 encountered, 0 discovered, 0 enqueued
[321.668s][info][gc,ref      ] GC(160) Phantom: 5 encountered, 3 discovered, 0 enqueued
[321.668s][info][gc,reloc    ] GC(160) Small Pages: 857 / 1714M, Empty: 1562M, Relocated: 3M, In-Place: 0
[321.668s][info][gc,reloc    ] GC(160) Medium Pages: 0 / 0M, Empty: 0M, Relocated: 0M, In-Place: 0
[321.668s][info][gc,reloc    ] GC(160) Large Pages: 0 / 0M, Empty: 0M, Relocated: 0M, In-Place: 0
[321.668s][info][gc,reloc    ] GC(160) Forwarding Usage: 0M
[321.668s][info][gc,heap     ] GC(160) Min Capacity: 8192M(100%)
[321.668s][info][gc,heap     ] GC(160) Max Capacity: 8192M(100%)
[321.668s][info][gc,heap     ] GC(160) Soft Max Capacity: 8192M(100%)
[321.668s][info][gc,heap     ] GC(160)                Mark Start          Mark End        Relocate Start      Relocate End           High               Low         
[321.668s][info][gc,heap     ] GC(160)  Capacity:     8192M (100%)       8192M (100%)       8192M (100%)       8192M (100%)       8192M (100%)       8192M (100%)   
[321.668s][info][gc,heap     ] GC(160)      Free:     6478M (79%)        6454M (79%)        8008M (98%)        8016M (98%)        8016M (98%)        6454M (79%)    
[321.668s][info][gc,heap     ] GC(160)      Used:     1714M (21%)        1738M (21%)         184M (2%)          176M (2%)         1738M (21%)         176M (2%)     
[321.668s][info][gc,heap     ] GC(160)      Live:         -               132M (2%)          132M (2%)          132M (2%)             -                  -          
[321.668s][info][gc,heap     ] GC(160) Allocated:         -                24M (0%)           32M (0%)           32M (0%)             -                  -          
[321.668s][info][gc,heap     ] GC(160)   Garbage:         -              1581M (19%)          19M (0%)           11M (0%)             -                  -          
[321.668s][info][gc,heap     ] GC(160) Reclaimed:         -                  -              1562M (19%)        1570M (19%)            -                  -          
[321.668s][info][gc          ] GC(160) Garbage Collection (Proactive) 1714M(21%)->176M(2%)
[323.140s][info][gc,start    ] GC(161) Garbage Collection (Proactive)
[323.140s][info][gc,phases   ] GC(161) Pause Mark Start 0.006ms
[323.164s][info][gc,phases   ] GC(161) Concurrent Mark 24.184ms
[323.164s][info][gc,phases   ] GC(161) Pause Mark End 0.008ms
[323.165s][info][gc,phases   ] GC(161) Concurrent Process Non-Strong References 0.423ms
[323.165s][info][gc,phases   ] GC(161) Concurrent Reset Relocation Set 0.001ms
[323.168s][info][gc,phases   ] GC(161) Concurrent Select Relocation Set 2.804ms
[323.168s][info][gc,phases   ] GC(161) Pause Relocate Start 0.004ms
[323.168s][info][gc,phases   ] GC(161) Concurrent Relocate 0.536ms
[323.168s][info][gc,load     ] GC(161) Load: 4.12/3.75/3.65
[323.168s][info][gc,mmu      ] GC(161) MMU: 2ms/98.6%, 5ms/99.3%, 10ms/99.7%, 20ms/99.8%, 50ms/99.9%, 100ms/100.0%
[323.168s][info][gc,marking  ] GC(161) Mark: 2 stripe(s), 2 proactive flush(es), 1 terminate flush(es), 0 completion(s), 0 continuation(s) 
[323.168s][info][gc,nmethod  ] GC(161) NMethods: 484 registered, 0 unregistered
[323.168s][info][gc,metaspace] GC(161) Metaspace: 0M used, 0M committed, 1032M reserved
[323.168s][info][gc,ref      ] GC(161) Soft: 82 encountered, 0 discovered, 0 enqueued
[323.168s][info][gc,ref      ] GC(161) Weak: 200 encountered, 51 discovered, 0 enqueued
[323.169s][info][gc,ref      ] GC(161) Final: 0 encountered, 0 discovered, 0 enqueued
[323.169s][info][gc,ref      ] GC(161) Phantom: 5 encountered, 3 discovered, 0 enqueued
[323.169s][info][gc,reloc    ] GC(161) Small Pages: 856 / 1712M, Empty: 1560M, Relocated: 3M, In-Place: 0
[323.169s][info][gc,reloc    ] GC(161) Medium Pages: 0 / 0M, Empty: 0M, Relocated: 0M, In-Place: 0
[323.169s][info][gc,reloc    ] GC(161) Large Pages: 0 / 0M, Empty: 0M, Relocated: 0M, In-Place: 0
[323.169s][info][gc,reloc    ] GC(161) Forwarding Usage: 0M
[323.169s][info][gc,heap     ] GC(161) Min Capacity: 8192M(100%)
[323.169s][info][gc,heap     ] GC(161) Max Capacity: 8192M(100%)
[323.169s][info][gc,heap     ] GC(161) Soft Max Capacity: 8192M(100%)
[323.169s][info][gc,heap     ] GC(161)                Mark Start          Mark End        Relocate Start      Relocate End           High               Low         
[323.169s][info][gc,heap     ] GC(161)  Capacity:     8192M (100%)       8192M (100%)       8192M (100%)       8192M (100%)       8192M (100%)       8192M (100%)   
[323.169s][info][gc,heap     ] GC(161)      Free:     6480M (79%)        6456M (79%)        8008M (98%)        8016M (98%)        8016M (98%)        6456M (79%)    
[323.169s][info][gc,heap     ] GC(161)      Used:     1712M (21%)        1736M (21%)         184M (2%)          176M (2%)         1736M (21%)         176M (2%)     
[323.169s][info][gc,heap     ] GC(161)      Live:         -               132M (2%)          132M (2%)          132M (2%)             -                  -          
[323.169s][info][gc,heap     ] GC(161) Allocated:         -                24M (0%)           32M (0%)           32M (0%)             -                  -          
[323.169s][info][gc,heap     ] GC(161)   Garbage:         -              1579M (19%)          19M (0%)           11M (0%)             -                  -          
[323.169s][info][gc,heap     ] GC(161) Reclaimed:         -                  -              1560M (19%)        1568M (19%)            -                  -          
[323.169s][info][gc          ] GC(161) Garbage Collection (Proactive) 1712M(21%)->176M(2%)
[324.640s][info][gc,start    ] GC(162) Garbage Collection (Proactive)
[324.640s][info][gc,phases   ] GC(162) Pause Mark Start 0.008ms
[324.665s][info][gc,phases   ] GC(162) Concurrent Mark 24.361ms
[324.665s][info][gc,phases   ] GC(162) Pause Mark End 0.009ms
[324.665s][info][gc,phases   ] GC(162) Concurrent Process Non-Strong References 0.432ms
[324.665s][info][gc,phases   ] GC(162) Concurrent Reset Relocation Set 0.001ms
[324.668s][info][gc,phases   ] GC(162) Concurrent Select Relocation Set 2.828ms
[324.668s][info][gc,phases   ] GC(162) Pause Relocate Start 0.004ms
[324.669s][info][gc,phases   ] GC(162) Concurrent Relocate 0.450ms
[324.669s][info][gc,load     ] GC(162) Load: 4.12/3.75/3.65
[324.669s][info][gc,mmu      ] GC(162) MMU: 2ms/98.6%, 5ms/99.3%, 10ms/99.7%, 20ms/99.8%, 50ms/99.9%, 100ms/100.0%
[324.669s][info][gc,marking  ] GC(162) Mark: 2 stripe(s), 2 proactive flush(es), 1 terminate flush(es), 0 completion(s), 0 continuation(s) 
[324.669s][info][gc,nmethod  ] GC(162) NMethods: 484 registered, 0 unregistered
[324.669s][info][gc,metaspace] GC(162) Metaspace: 0M used, 0M committed, 1032M reserved
[324.669s][info][gc,ref      ] GC(162) Soft: 82 encountered, 0 discovered, 0 enqueued
[324.669s][info][gc,ref      ] GC(162) Weak: 200 encountered, 54 discovered, 0 enqueued
[324.669s][info][gc,ref      ] GC(162) Final: 0 encountered, 0 discovered, 0 enqueued
[324.669s][info][gc,ref      ] GC(162) Phantom: 5 encountered, 3 discovered, 0 enqueued
[324.669s][info][gc,reloc    ] GC(162) Small Pages: 856 / 1712M, Empty: 1558M, Relocated: 3M, In-Place: 0
[324.669s][info][gc,reloc    ] GC(162) Medium Pages: 0 / 0M, Empty: 0M, Relocated: 0M, In-Place: 0
[324.669s][info][gc,reloc    ] GC(162) Large Pages: 0 / 0M, Empty: 0M, Relocated: 0M, In-Place: 0
[324.669s][info][gc,reloc    ] GC(162) Forwarding Usage: 0M
[324.669s][info][gc,heap     ] GC(162) Min Capacity: 8192M(100%)
[324.669s][info][gc,heap     ] GC(162) Max Capacity: 8192M(100%)
[324.669s][info][gc,heap     ] GC(162) Soft Max Capacity: 8192M(100%)
[324.669s][info][gc,heap     ] GC(162)                Mark Start          Mark End        Relocate Start      Relocate End           High               Low         
[324.669s][info][gc,heap     ] GC(162)  Capacity:     8192M (100%)       8192M (100%)       8192M (100%)       8192M (100%)       8192M (100%)       8192M (100%)   
[324.669s][info][gc,heap     ] GC(162)      Free:     6480M (79%)        6456M (79%)        8004M (98%)        8014M (98%)        8014M (98%)        6456M (79%)    
[324.669s][info][gc,heap     ] GC(162)      Used:     1712M (21%)        1736M (21%)         188M (2%)          178M (2%)         1736M (21%)         178M (2%)     
[324.669s][info][gc,heap     ] GC(162)      Live:         -               132M (2%)          132M (2%)          132M (2%)             -                  -          
[324.669s][info][gc,heap     ] GC(162) Allocated:         -                24M (0%)           34M (0%)           34M (0%)             -                  -          
[324.669s][info][gc,heap     ] GC(162)   Garbage:         -              1579M (19%)          21M (0%)           11M (0%)             -                  -          
[324.669s][info][gc,heap     ] GC(162) Reclaimed:         -                  -              1558M (19%)        1568M (19%)            -                  -          
[324.669s][info][gc          ] GC(162) Garbage Collection (Proactive) 1712M(21%)->178M(2%)
[326.140s][info][gc,start    ] GC(163) Garbage Collection (Proactive)
[326.140s][info][gc,phases   ] GC(163) Pause Mark Start 0.006ms
[326.164s][info][gc,phases   ] GC(163) Concurrent Mark 23.330ms
[326.164s][info][gc,phases   ] GC(163) Pause Mark End 0.010ms
[326.164s][info][gc,phases   ] GC(163) Concurrent Process Non-Strong References 0.458ms
[326.164s][info][gc,phases   ] GC(163) Concurrent Reset Relocation Set 0.002ms
[326.167s][info][gc,phases   ] GC(163) Concurrent Select Relocation Set 2.846ms
[326.167s][info][gc,phases   ] GC(163) Pause Relocate Start 0.004ms
[326.168s][info][gc,phases   ] GC(163) Concurrent Relocate 0.611ms
[326.168s][info][gc,load     ] GC(163) Load: 4.35/3.81/3.67
[326.168s][info][gc,mmu      ] GC(163) MMU: 2ms/98.6%, 5ms/99.3%, 10ms/99.7%, 20ms/99.8%, 50ms/99.9%, 100ms/100.0%
[326.168s][info][gc,marking  ] GC(163) Mark: 2 stripe(s), 2 proactive flush(es), 1 terminate flush(es), 0 completion(s), 0 continuation(s) 
[326.168s][info][gc,nmethod  ] GC(163) NMethods: 484 registered, 0 unregistered
[326.168s][info][gc,metaspace] GC(163) Metaspace: 0M used, 0M committed, 1032M reserved
[326.168s][info][gc,ref      ] GC(163) Soft: 82 encountered, 0 discovered, 0 enqueued
[326.168s][info][gc,ref      ] GC(163) Weak: 200 encountered, 52 discovered, 0 enqueued
[326.168s][info][gc,ref      ] GC(163) Final: 0 encountered, 0 discovered, 0 enqueued
[326.168s][info][gc,ref      ] GC(163) Phantom: 5 encountered, 3 discovered, 0 enqueued
[326.168s][info][gc,reloc    ] GC(163) Small Pages: 856 / 1712M, Empty: 1560M, Relocated: 3M, In-Place: 0
[326.168s][info][gc,reloc    ] GC(163) Medium Pages: 0 / 0M, Empty: 0M, Relocated: 0M, In-Place: 0
[326.168s][info][gc,reloc    ] GC(163) Large Pages: 0 / 0M, Empty: 0M, Relocated: 0M, In-Place: 0
[326.168s][info][gc,reloc    ] GC(163) Forwarding Usage: 0M
[326.168s][info][gc,heap     ] GC(163) Min Capacity: 8192M(100%)
[326.168s][info][gc,heap     ] GC(163) Max Capacity: 8192M(100%)
[326.168s][info][gc,heap     ] GC(163) Soft Max Capacity: 8192M(100%)
[326.168s][info][gc,heap     ] GC(163)                Mark Start          Mark End        Relocate Start      Relocate End           High               Low         
[326.168s][info][gc,heap     ] GC(163)  Capacity:     8192M (100%)       8192M (100%)       8192M (100%)       8192M (100%)       8192M (100%)       8192M (100%)   
[326.168s][info][gc,heap     ] GC(163)      Free:     6480M (79%)        6456M (79%)        8008M (98%)        8014M (98%)        8014M (98%)        6456M (79%)    
[326.168s][info][gc,heap     ] GC(163)      Used:     1712M (21%)        1736M (21%)         184M (2%)          178M (2%)         1736M (21%)         178M (2%)     
[326.168s][info][gc,heap     ] GC(163)      Live:         -               132M (2%)          132M (2%)          132M (2%)             -                  -          
[326.168s][info][gc,heap     ] GC(163) Allocated:         -                24M (0%)           32M (0%)           32M (0%)             -                  -          
[326.168s][info][gc,heap     ] GC(163)   Garbage:         -              1579M (19%)          19M (0%)           13M (0%)             -                  -          
[326.168s][info][gc,heap     ] GC(163) Reclaimed:         -                  -              1560M (19%)        1566M (19%)            -                  -          
[326.168s][info][gc          ] GC(163) Garbage Collection (Proactive) 1712M(21%)->178M(2%)
[327.640s][info][gc,start    ] GC(164) Garbage Collection (Proactive)
[327.640s][info][gc,phases   ] GC(164) Pause Mark Start 0.036ms
[327.665s][info][gc,phases   ] GC(164) Concurrent Mark 24.261ms
[327.665s][info][gc,phases   ] GC(164) Pause Mark End 0.009ms
[327.665s][info][gc,phases   ] GC(164) Concurrent Process Non-Strong References 0.427ms
[327.665s][info][gc,phases   ] GC(164) Concurrent Reset Relocation Set 0.001ms
[327.668s][info][gc,phases   ] GC(164) Concurrent Select Relocation Set 2.802ms
[327.668s][info][gc,phases   ] GC(164) Pause Relocate Start 0.004ms
[327.669s][info][gc,phases   ] GC(164) Concurrent Relocate 0.453ms
[327.669s][info][gc,load     ] GC(164) Load: 4.35/3.81/3.67
[327.669s][info][gc,mmu      ] GC(164) MMU: 2ms/98.2%, 5ms/99.3%, 10ms/99.6%, 20ms/99.8%, 50ms/99.9%, 100ms/100.0%
[327.669s][info][gc,marking  ] GC(164) Mark: 2 stripe(s), 2 proactive flush(es), 1 terminate flush(es), 0 completion(s), 0 continuation(s) 
[327.669s][info][gc,nmethod  ] GC(164) NMethods: 484 registered, 0 unregistered
[327.669s][info][gc,metaspace] GC(164) Metaspace: 0M used, 0M committed, 1032M reserved
[327.669s][info][gc,ref      ] GC(164) Soft: 82 encountered, 0 discovered, 0 enqueued
[327.669s][info][gc,ref      ] GC(164) Weak: 200 encountered, 62 discovered, 0 enqueued
[327.669s][info][gc,ref      ] GC(164) Final: 0 encountered, 0 discovered, 0 enqueued
[327.669s][info][gc,ref      ] GC(164) Phantom: 5 encountered, 3 discovered, 0 enqueued
[327.669s][info][gc,reloc    ] GC(164) Small Pages: 857 / 1714M, Empty: 1560M, Relocated: 3M, In-Place: 0
[327.669s][info][gc,reloc    ] GC(164) Medium Pages: 0 / 0M, Empty: 0M, Relocated: 0M, In-Place: 0
[327.669s][info][gc,reloc    ] GC(164) Large Pages: 0 / 0M, Empty: 0M, Relocated: 0M, In-Place: 0
[327.669s][info][gc,reloc    ] GC(164) Forwarding Usage: 0M
[327.669s][info][gc,heap     ] GC(164) Min Capacity: 8192M(100%)
[327.669s][info][gc,heap     ] GC(164) Max Capacity: 8192M(100%)
[327.669s][info][gc,heap     ] GC(164) Soft Max Capacity: 8192M(100%)
[327.669s][info][gc,heap     ] GC(164)                Mark Start          Mark End        Relocate Start      Relocate End           High               Low         
[327.669s][info][gc,heap     ] GC(164)  Capacity:     8192M (100%)       8192M (100%)       8192M (100%)       8192M (100%)       8192M (100%)       8192M (100%)   
[327.669s][info][gc,heap     ] GC(164)      Free:     6478M (79%)        6454M (79%)        8006M (98%)        8016M (98%)        8016M (98%)        6454M (79%)    
[327.669s][info][gc,heap     ] GC(164)      Used:     1714M (21%)        1738M (21%)         186M (2%)          176M (2%)         1738M (21%)         176M (2%)     
[327.669s][info][gc,heap     ] GC(164)      Live:         -               132M (2%)          132M (2%)          132M (2%)             -                  -          
[327.669s][info][gc,heap     ] GC(164) Allocated:         -                24M (0%)           32M (0%)           32M (0%)             -                  -          
[327.669s][info][gc,heap     ] GC(164)   Garbage:         -              1581M (19%)          21M (0%)           11M (0%)             -                  -          
[327.669s][info][gc,heap     ] GC(164) Reclaimed:         -                  -              1560M (19%)        1570M (19%)            -                  -          
[327.669s][info][gc          ] GC(164) Garbage Collection (Proactive) 1714M(21%)->176M(2%)
[329.140s][info][gc,start    ] GC(165) Garbage Collection (Proactive)
[329.140s][info][gc,phases   ] GC(165) Pause Mark Start 0.007ms
[329.164s][info][gc,phases   ] GC(165) Concurrent Mark 23.728ms
[329.164s][info][gc,phases   ] GC(165) Pause Mark End 0.008ms
[329.165s][info][gc,phases   ] GC(165) Concurrent Process Non-Strong References 0.448ms
[329.165s][info][gc,phases   ] GC(165) Concurrent Reset Relocation Set 0.002ms
[329.168s][info][gc,phases   ] GC(165) Concurrent Select Relocation Set 2.838ms
[329.168s][info][gc,phases   ] GC(165) Pause Relocate Start 0.003ms
[329.168s][info][gc,phases   ] GC(165) Concurrent Relocate 0.477ms
[329.168s][info][gc,load     ] GC(165) Load: 4.35/3.81/3.67
[329.168s][info][gc,mmu      ] GC(165) MMU: 2ms/98.2%, 5ms/99.3%, 10ms/99.6%, 20ms/99.8%, 50ms/99.9%, 100ms/100.0%
[329.168s][info][gc,marking  ] GC(165) Mark: 2 stripe(s), 2 proactive flush(es), 1 terminate flush(es), 0 completion(s), 0 continuation(s) 
[329.168s][info][gc,nmethod  ] GC(165) NMethods: 484 registered, 0 unregistered
[329.168s][info][gc,metaspace] GC(165) Metaspace: 0M used, 0M committed, 1032M reserved
[329.168s][info][gc,ref      ] GC(165) Soft: 82 encountered, 0 discovered, 0 enqueued
[329.168s][info][gc,ref      ] GC(165) Weak: 200 encountered, 145 discovered, 0 enqueued
[329.168s][info][gc,ref      ] GC(165) Final: 0 encountered, 0 discovered, 0 enqueued
[329.168s][info][gc,ref      ] GC(165) Phantom: 5 encountered, 4 discovered, 0 enqueued
[329.168s][info][gc,reloc    ] GC(165) Small Pages: 856 / 1712M, Empty: 1560M, Relocated: 3M, In-Place: 0
[329.168s][info][gc,reloc    ] GC(165) Medium Pages: 0 / 0M, Empty: 0M, Relocated: 0M, In-Place: 0
[329.168s][info][gc,reloc    ] GC(165) Large Pages: 0 / 0M, Empty: 0M, Relocated: 0M, In-Place: 0
[329.168s][info][gc,reloc    ] GC(165) Forwarding Usage: 0M
[329.168s][info][gc,heap     ] GC(165) Min Capacity: 8192M(100%)
[329.168s][info][gc,heap     ] GC(165) Max Capacity: 8192M(100%)
[329.168s][info][gc,heap     ] GC(165) Soft Max Capacity: 8192M(100%)
[329.168s][info][gc,heap     ] GC(165)                Mark Start          Mark End        Relocate Start      Relocate End           High               Low         
[329.168s][info][gc,heap     ] GC(165)  Capacity:     8192M (100%)       8192M (100%)       8192M (100%)       8192M (100%)       8192M (100%)       8192M (100%)   
[329.168s][info][gc,heap     ] GC(165)      Free:     6480M (79%)        6456M (79%)        8008M (98%)        8016M (98%)        8016M (98%)        6456M (79%)    
[329.168s][info][gc,heap     ] GC(165)      Used:     1712M (21%)        1736M (21%)         184M (2%)          176M (2%)         1736M (21%)         176M (2%)     
[329.168s][info][gc,heap     ] GC(165)      Live:         -               132M (2%)          132M (2%)          132M (2%)             -                  -          
[329.169s][info][gc,heap     ] GC(165) Allocated:         -                24M (0%)           32M (0%)           32M (0%)             -                  -          
[329.169s][info][gc,heap     ] GC(165)   Garbage:         -              1579M (19%)          19M (0%)           11M (0%)             -                  -          
[329.169s][info][gc,heap     ] GC(165) Reclaimed:         -                  -              1560M (19%)        1568M (19%)            -                  -          
[329.169s][info][gc          ] GC(165) Garbage Collection (Proactive) 1712M(21%)->176M(2%)
[330.039s][info][gc,stats    ] === Garbage Collection Statistics =======================================================================================================================
[330.040s][info][gc,stats    ]                                                              Last 10s              Last 10m              Last 10h                Total
[330.040s][info][gc,stats    ]                                                              Avg / Max             Avg / Max             Avg / Max             Avg / Max
[330.040s][info][gc,stats    ]   Collector: Garbage Collection Cycle                     28.142 / 28.738       31.615 / 95.920       31.615 / 95.920       31.615 / 95.920      ms
[330.040s][info][gc,stats    ]  Contention: Mark Segment Reset Contention                     0 / 0                 0 / 4                 0 / 4                 0 / 4           ops/s
[330.040s][info][gc,stats    ]  Contention: Mark SeqNum Reset Contention                      0 / 0                 0 / 1                 0 / 1                 0 / 1           ops/s
[330.040s][info][gc,stats    ]    Critical: Allocation Stall                                  0 / 0                 0 / 0                 0 / 0                 0 / 0           ops/s
[330.040s][info][gc,stats    ]    Critical: Allocation Stall                              0.000 / 0.000         0.000 / 0.000         0.000 / 0.000         0.000 / 0.000       ms
[330.040s][info][gc,stats    ]    Critical: GC Locker Stall                                   0 / 0                 0 / 0                 0 / 0                 0 / 0           ops/s
[330.040s][info][gc,stats    ]    Critical: GC Locker Stall                               0.000 / 0.000         0.000 / 0.000         0.000 / 0.000         0.000 / 0.000       ms
[330.040s][info][gc,stats    ]    Critical: Relocation Stall                                  0 / 0                 0 / 0                 0 / 0                 0 / 0           ops/s
[330.040s][info][gc,stats    ]    Critical: Relocation Stall                              0.000 / 0.000         0.000 / 0.000         0.000 / 0.000         0.000 / 0.000       ms
[330.040s][info][gc,stats    ]      Memory: Allocation Rate                                1045 / 1048           1069 / 9212           1069 / 9212           1069 / 9212        MB/s
[330.040s][info][gc,stats    ]      Memory: Out Of Memory                                     0 / 0                 0 / 0                 0 / 0                 0 / 0           ops/s
[330.040s][info][gc,stats    ]      Memory: Page Cache Flush                                  0 / 0                 0 / 0                 0 / 0                 0 / 0           MB/s
[330.040s][info][gc,stats    ]      Memory: Page Cache Hit L1                               524 / 528             518 / 533             518 / 533             518 / 533         ops/s
[330.040s][info][gc,stats    ]      Memory: Page Cache Hit L2                                 0 / 0                 0 / 0                 0 / 0                 0 / 0           ops/s
[330.040s][info][gc,stats    ]      Memory: Page Cache Hit L3                                 0 / 0                 5 / 486               5 / 486               5 / 486         ops/s
[330.040s][info][gc,stats    ]      Memory: Page Cache Miss                                   0 / 0                 0 / 1                 0 / 1                 0 / 1           ops/s
[330.040s][info][gc,stats    ]      Memory: Uncommit                                          0 / 0                 0 / 0                 0 / 0                 0 / 0           MB/s
[330.040s][info][gc,stats    ]      Memory: Undo Object Allocation Failed                     0 / 0                 0 / 0                 0 / 0                 0 / 0           ops/s
[330.040s][info][gc,stats    ]      Memory: Undo Object Allocation Succeeded                  0 / 0                 0 / 6                 0 / 6                 0 / 6           ops/s
[330.040s][info][gc,stats    ]      Memory: Undo Page Allocation                              0 / 0                 0 / 1                 0 / 1                 0 / 1           ops/s
[330.040s][info][gc,stats    ]       Phase: Concurrent Mark                              23.727 / 24.361       26.590 / 65.214       26.590 / 65.214       26.590 / 65.214      ms
[330.040s][info][gc,stats    ]       Phase: Concurrent Mark Continue                      0.000 / 0.000         0.000 / 0.000         0.000 / 0.000         0.000 / 0.000       ms
[330.040s][info][gc,stats    ]       Phase: Concurrent Process Non-Strong References      0.430 / 0.458         0.455 / 0.911         0.455 / 0.911         0.455 / 0.911       ms
[330.040s][info][gc,stats    ]       Phase: Concurrent Relocate                           0.563 / 0.801         1.009 / 16.651        1.009 / 16.651        1.009 / 16.651      ms
[330.040s][info][gc,stats    ]       Phase: Concurrent Reset Relocation Set               0.001 / 0.002         0.002 / 0.098         0.002 / 0.098         0.002 / 0.098       ms
[330.040s][info][gc,stats    ]       Phase: Concurrent Select Relocation Set              2.819 / 2.853         2.912 / 12.567        2.912 / 12.567        2.912 / 12.567      ms
[330.040s][info][gc,stats    ]       Phase: Pause Mark End                                0.009 / 0.010         0.009 / 0.025         0.009 / 0.025         0.009 / 0.025       ms
[330.040s][info][gc,stats    ]       Phase: Pause Mark Start                              0.010 / 0.036         0.006 / 0.036         0.006 / 0.036         0.006 / 0.036       ms
[330.040s][info][gc,stats    ]       Phase: Pause Relocate Start                          0.004 / 0.005         0.004 / 0.026         0.004 / 0.026         0.004 / 0.026       ms
[330.040s][info][gc,stats    ]    Subphase: Concurrent Classes Purge                      0.028 / 0.039         0.029 / 0.102         0.029 / 0.102         0.029 / 0.102       ms
[330.040s][info][gc,stats    ]    Subphase: Concurrent Classes Unlink                     0.288 / 0.302         0.295 / 0.571         0.295 / 0.571         0.295 / 0.571       ms
[330.040s][info][gc,stats    ]    Subphase: Concurrent Mark                              22.827 / 23.918       25.794 / 64.907       25.794 / 64.907       25.794 / 64.907      ms
[330.040s][info][gc,stats    ]    Subphase: Concurrent Mark Idle                          1.259 / 1.329         1.196 / 1.330         1.196 / 1.330         1.196 / 1.330       ms
[330.040s][info][gc,stats    ]    Subphase: Concurrent Mark Try Flush                     0.030 / 0.060         0.035 / 0.120         0.035 / 0.120         0.035 / 0.120       ms
[330.040s][info][gc,stats    ]    Subphase: Concurrent Mark Try Terminate                 0.429 / 1.361         0.445 / 1.361         0.445 / 1.361         0.445 / 1.361       ms
[330.040s][info][gc,stats    ]    Subphase: Concurrent References Enqueue                 0.000 / 0.001         0.000 / 0.003         0.000 / 0.003         0.000 / 0.003       ms
[330.040s][info][gc,stats    ]    Subphase: Concurrent References Process                 0.024 / 0.033         0.027 / 0.095         0.027 / 0.095         0.027 / 0.095       ms
[330.040s][info][gc,stats    ]    Subphase: Concurrent Roots ClassLoaderDataGraph         0.021 / 0.074         0.017 / 0.132         0.017 / 0.132         0.017 / 0.132       ms
[330.040s][info][gc,stats    ]    Subphase: Concurrent Roots CodeCache                    0.000 / 0.000         0.000 / 0.000         0.000 / 0.000         0.000 / 0.000       ms
[330.040s][info][gc,stats    ]    Subphase: Concurrent Roots JavaThreads                  0.247 / 0.339         0.204 / 0.460         0.204 / 0.460         0.204 / 0.460       ms
[330.040s][info][gc,stats    ]    Subphase: Concurrent Roots OopStorageSet                0.005 / 0.009         0.004 / 0.022         0.004 / 0.022         0.004 / 0.022       ms
[330.040s][info][gc,stats    ]    Subphase: Concurrent Weak Roots OopStorageSet           0.036 / 0.048         0.038 / 0.120         0.038 / 0.120         0.038 / 0.120       ms
[330.040s][info][gc,stats    ]    Subphase: Pause Mark Try Complete                       0.000 / 0.000         0.000 / 0.000         0.000 / 0.000         0.000 / 0.000       ms
[330.040s][info][gc,stats    ]      System: Java Threads                                     16 / 16               16 / 20               16 / 20               16 / 20          threads
[330.040s][info][gc,stats    ] =========================================================================================================================================================
[330.640s][info][gc,start    ] GC(166) Garbage Collection (Proactive)
[330.640s][info][gc,phases   ] GC(166) Pause Mark Start 0.007ms
[330.665s][info][gc,phases   ] GC(166) Concurrent Mark 24.912ms
[330.666s][info][gc,phases   ] GC(166) Pause Mark End 0.009ms
[330.666s][info][gc,phases   ] GC(166) Concurrent Process Non-Strong References 0.539ms
[330.666s][info][gc,phases   ] GC(166) Concurrent Reset Relocation Set 0.001ms
[330.669s][info][gc,phases   ] GC(166) Concurrent Select Relocation Set 3.031ms
[330.669s][info][gc,phases   ] GC(166) Pause Relocate Start 0.006ms
[330.670s][info][gc,phases   ] GC(166) Concurrent Relocate 0.572ms
[330.670s][info][gc,load     ] GC(166) Load: 4.35/3.81/3.67
[330.670s][info][gc,mmu      ] GC(166) MMU: 2ms/98.2%, 5ms/99.3%, 10ms/99.6%, 20ms/99.8%, 50ms/99.9%, 100ms/100.0%
[330.670s][info][gc,marking  ] GC(166) Mark: 2 stripe(s), 2 proactive flush(es), 1 terminate flush(es), 0 completion(s), 0 continuation(s) 
[330.670s][info][gc,nmethod  ] GC(166) NMethods: 484 registered, 0 unregistered
[330.670s][info][gc,metaspace] GC(166) Metaspace: 0M used, 0M committed, 1032M reserved
[330.670s][info][gc,ref      ] GC(166) Soft: 82 encountered, 0 discovered, 0 enqueued
[330.670s][info][gc,ref      ] GC(166) Weak: 200 encountered, 54 discovered, 0 enqueued
[330.670s][info][gc,ref      ] GC(166) Final: 0 encountered, 0 discovered, 0 enqueued
[330.670s][info][gc,ref      ] GC(166) Phantom: 5 encountered, 3 discovered, 0 enqueued
[330.670s][info][gc,reloc    ] GC(166) Small Pages: 856 / 1712M, Empty: 1560M, Relocated: 3M, In-Place: 0
[330.670s][info][gc,reloc    ] GC(166) Medium Pages: 0 / 0M, Empty: 0M, Relocated: 0M, In-Place: 0
[330.670s][info][gc,reloc    ] GC(166) Large Pages: 0 / 0M, Empty: 0M, Relocated: 0M, In-Place: 0
[330.670s][info][gc,reloc    ] GC(166) Forwarding Usage: 0M
[330.670s][info][gc,heap     ] GC(166) Min Capacity: 8192M(100%)
[330.670s][info][gc,heap     ] GC(166) Max Capacity: 8192M(100%)
[330.670s][info][gc,heap     ] GC(166) Soft Max Capacity: 8192M(100%)
[330.670s][info][gc,heap     ] GC(166)                Mark Start          Mark End        Relocate Start      Relocate End           High               Low         
[330.670s][info][gc,heap     ] GC(166)  Capacity:     8192M (100%)       8192M (100%)       8192M (100%)       8192M (100%)       8192M (100%)       8192M (100%)   
[330.670s][info][gc,heap     ] GC(166)      Free:     6480M (79%)        6456M (79%)        8006M (98%)        8014M (98%)        8014M (98%)        6450M (79%)    
[330.670s][info][gc,heap     ] GC(166)      Used:     1712M (21%)        1736M (21%)         186M (2%)          178M (2%)         1742M (21%)         178M (2%)     
[330.670s][info][gc,heap     ] GC(166)      Live:         -               132M (2%)          132M (2%)          132M (2%)             -                  -          
[330.670s][info][gc,heap     ] GC(166) Allocated:         -                24M (0%)           34M (0%)           34M (0%)             -                  -          
[330.670s][info][gc,heap     ] GC(166)   Garbage:         -              1579M (19%)          19M (0%)           11M (0%)             -                  -          
[330.670s][info][gc,heap     ] GC(166) Reclaimed:         -                  -              1560M (19%)        1568M (19%)            -                  -          
[330.670s][info][gc          ] GC(166) Garbage Collection (Proactive) 1712M(21%)->178M(2%)
[332.240s][info][gc,start    ] GC(167) Garbage Collection (Proactive)
[332.240s][info][gc,phases   ] GC(167) Pause Mark Start 0.006ms
[332.264s][info][gc,phases   ] GC(167) Concurrent Mark 23.472ms
[332.264s][info][gc,phases   ] GC(167) Pause Mark End 0.009ms
[332.264s][info][gc,phases   ] GC(167) Concurrent Process Non-Strong References 0.470ms
[332.264s][info][gc,phases   ] GC(167) Concurrent Reset Relocation Set 0.002ms
[332.267s][info][gc,phases   ] GC(167) Concurrent Select Relocation Set 2.895ms
[332.267s][info][gc,phases   ] GC(167) Pause Relocate Start 0.005ms
[332.268s][info][gc,phases   ] GC(167) Concurrent Relocate 0.839ms
[332.268s][info][gc,load     ] GC(167) Load: 4.08/3.76/3.65
[332.268s][info][gc,mmu      ] GC(167) MMU: 2ms/98.2%, 5ms/99.3%, 10ms/99.6%, 20ms/99.8%, 50ms/99.9%, 100ms/100.0%
[332.268s][info][gc,marking  ] GC(167) Mark: 2 stripe(s), 2 proactive flush(es), 1 terminate flush(es), 0 completion(s), 0 continuation(s) 
[332.268s][info][gc,nmethod  ] GC(167) NMethods: 484 registered, 0 unregistered
[332.268s][info][gc,metaspace] GC(167) Metaspace: 0M used, 0M committed, 1032M reserved
[332.268s][info][gc,ref      ] GC(167) Soft: 82 encountered, 0 discovered, 0 enqueued
[332.268s][info][gc,ref      ] GC(167) Weak: 200 encountered, 62 discovered, 0 enqueued
[332.268s][info][gc,ref      ] GC(167) Final: 0 encountered, 0 discovered, 0 enqueued
[332.268s][info][gc,ref      ] GC(167) Phantom: 5 encountered, 3 discovered, 0 enqueued
[332.268s][info][gc,reloc    ] GC(167) Small Pages: 908 / 1816M, Empty: 1664M, Relocated: 4M, In-Place: 0
[332.268s][info][gc,reloc    ] GC(167) Medium Pages: 0 / 0M, Empty: 0M, Relocated: 0M, In-Place: 0
[332.268s][info][gc,reloc    ] GC(167) Large Pages: 0 / 0M, Empty: 0M, Relocated: 0M, In-Place: 0
[332.268s][info][gc,reloc    ] GC(167) Forwarding Usage: 0M
[332.268s][info][gc,heap     ] GC(167) Min Capacity: 8192M(100%)
[332.268s][info][gc,heap     ] GC(167) Max Capacity: 8192M(100%)
[332.268s][info][gc,heap     ] GC(167) Soft Max Capacity: 8192M(100%)
[332.268s][info][gc,heap     ] GC(167)                Mark Start          Mark End        Relocate Start      Relocate End           High               Low         
[332.268s][info][gc,heap     ] GC(167)  Capacity:     8192M (100%)       8192M (100%)       8192M (100%)       8192M (100%)       8192M (100%)       8192M (100%)   
[332.268s][info][gc,heap     ] GC(167)      Free:     6376M (78%)        6352M (78%)        8008M (98%)        8014M (98%)        8016M (98%)        6352M (78%)    
[332.268s][info][gc,heap     ] GC(167)      Used:     1816M (22%)        1840M (22%)         184M (2%)          178M (2%)         1840M (22%)         176M (2%)     
[332.268s][info][gc,heap     ] GC(167)      Live:         -               132M (2%)          132M (2%)          132M (2%)             -                  -          
[332.268s][info][gc,heap     ] GC(167) Allocated:         -                24M (0%)           32M (0%)           32M (0%)             -                  -          
[332.268s][info][gc,heap     ] GC(167)   Garbage:         -              1683M (21%)          19M (0%)           13M (0%)             -                  -          
[332.268s][info][gc,heap     ] GC(167) Reclaimed:         -                  -              1664M (20%)        1670M (20%)            -                  -          
[332.268s][info][gc          ] GC(167) Garbage Collection (Proactive) 1816M(22%)->178M(2%)
[333.839s][info][gc,start    ] GC(168) Garbage Collection (Proactive)
[333.839s][info][gc,phases   ] GC(168) Pause Mark Start 0.007ms
[333.875s][info][gc,phases   ] GC(168) Concurrent Mark 35.317ms
[333.875s][info][gc,phases   ] GC(168) Pause Mark End 0.008ms
[333.875s][info][gc,phases   ] GC(168) Concurrent Process Non-Strong References 0.479ms
[333.875s][info][gc,phases   ] GC(168) Concurrent Reset Relocation Set 0.002ms
[333.878s][info][gc,phases   ] GC(168) Concurrent Select Relocation Set 2.877ms
[333.878s][info][gc,phases   ] GC(168) Pause Relocate Start 0.004ms
[333.879s][info][gc,phases   ] GC(168) Concurrent Relocate 0.559ms
[333.879s][info][gc,load     ] GC(168) Load: 4.08/3.76/3.65
[333.879s][info][gc,mmu      ] GC(168) MMU: 2ms/98.2%, 5ms/99.3%, 10ms/99.6%, 20ms/99.8%, 50ms/99.9%, 100ms/100.0%
[333.879s][info][gc,marking  ] GC(168) Mark: 2 stripe(s), 2 proactive flush(es), 1 terminate flush(es), 0 completion(s), 0 continuation(s) 
[333.879s][info][gc,nmethod  ] GC(168) NMethods: 484 registered, 0 unregistered
[333.879s][info][gc,metaspace] GC(168) Metaspace: 0M used, 0M committed, 1032M reserved
[333.879s][info][gc,ref      ] GC(168) Soft: 82 encountered, 0 discovered, 0 enqueued
[333.879s][info][gc,ref      ] GC(168) Weak: 200 encountered, 52 discovered, 0 enqueued
[333.879s][info][gc,ref      ] GC(168) Final: 0 encountered, 0 discovered, 0 enqueued
[333.879s][info][gc,ref      ] GC(168) Phantom: 5 encountered, 3 discovered, 0 enqueued
[333.879s][info][gc,reloc    ] GC(168) Small Pages: 909 / 1818M, Empty: 1664M, Relocated: 3M, In-Place: 0
[333.879s][info][gc,reloc    ] GC(168) Medium Pages: 0 / 0M, Empty: 0M, Relocated: 0M, In-Place: 0
[333.879s][info][gc,reloc    ] GC(168) Large Pages: 0 / 0M, Empty: 0M, Relocated: 0M, In-Place: 0
[333.879s][info][gc,reloc    ] GC(168) Forwarding Usage: 0M
[333.879s][info][gc,heap     ] GC(168) Min Capacity: 8192M(100%)
[333.879s][info][gc,heap     ] GC(168) Max Capacity: 8192M(100%)
[333.879s][info][gc,heap     ] GC(168) Soft Max Capacity: 8192M(100%)
[333.879s][info][gc,heap     ] GC(168)                Mark Start          Mark End        Relocate Start      Relocate End           High               Low         
[333.879s][info][gc,heap     ] GC(168)  Capacity:     8192M (100%)       8192M (100%)       8192M (100%)       8192M (100%)       8192M (100%)       8192M (100%)   
[333.879s][info][gc,heap     ] GC(168)      Free:     6374M (78%)        6342M (77%)        7990M (98%)        8000M (98%)        8006M (98%)        6342M (77%)    
[333.879s][info][gc,heap     ] GC(168)      Used:     1818M (22%)        1850M (23%)         202M (2%)          192M (2%)         1850M (23%)         186M (2%)     
[333.879s][info][gc,heap     ] GC(168)      Live:         -               132M (2%)          132M (2%)          132M (2%)             -                  -          
[333.879s][info][gc,heap     ] GC(168) Allocated:         -                32M (0%)           48M (1%)           48M (1%)             -                  -          
[333.879s][info][gc,heap     ] GC(168)   Garbage:         -              1685M (21%)          21M (0%)           11M (0%)             -                  -          
[333.879s][info][gc,heap     ] GC(168) Reclaimed:         -                  -              1664M (20%)        1674M (20%)            -                  -          
[333.879s][info][gc          ] GC(168) Garbage Collection (Proactive) 1818M(22%)->192M(2%)
[336.540s][info][gc,start    ] GC(169) Garbage Collection (Proactive)
[336.540s][info][gc,phases   ] GC(169) Pause Mark Start 0.014ms
[336.566s][info][gc,phases   ] GC(169) Concurrent Mark 25.389ms
[336.566s][info][gc,phases   ] GC(169) Pause Mark End 0.008ms
[336.567s][info][gc,phases   ] GC(169) Concurrent Process Non-Strong References 0.542ms
[336.567s][info][gc,phases   ] GC(169) Concurrent Reset Relocation Set 0.002ms
[336.570s][info][gc,phases   ] GC(169) Concurrent Select Relocation Set 3.092ms
[336.570s][info][gc,phases   ] GC(169) Pause Relocate Start 0.003ms
[336.571s][info][gc,phases   ] GC(169) Concurrent Relocate 1.160ms
[336.571s][info][gc,load     ] GC(169) Load: 4.56/3.86/3.69
[336.571s][info][gc,mmu      ] GC(169) MMU: 2ms/98.2%, 5ms/99.3%, 10ms/99.6%, 20ms/99.8%, 50ms/99.9%, 100ms/100.0%
[336.571s][info][gc,marking  ] GC(169) Mark: 2 stripe(s), 2 proactive flush(es), 1 terminate flush(es), 0 completion(s), 0 continuation(s) 
[336.571s][info][gc,nmethod  ] GC(169) NMethods: 484 registered, 0 unregistered
[336.571s][info][gc,metaspace] GC(169) Metaspace: 0M used, 0M committed, 1032M reserved
[336.571s][info][gc,ref      ] GC(169) Soft: 82 encountered, 0 discovered, 0 enqueued
[336.571s][info][gc,ref      ] GC(169) Weak: 200 encountered, 59 discovered, 0 enqueued
[336.571s][info][gc,ref      ] GC(169) Final: 0 encountered, 0 discovered, 0 enqueued
[336.571s][info][gc,ref      ] GC(169) Phantom: 5 encountered, 3 discovered, 0 enqueued
[336.571s][info][gc,reloc    ] GC(169) Small Pages: 1480 / 2960M, Empty: 2810M, Relocated: 8M, In-Place: 0
[336.571s][info][gc,reloc    ] GC(169) Medium Pages: 0 / 0M, Empty: 0M, Relocated: 0M, In-Place: 0
[336.571s][info][gc,reloc    ] GC(169) Large Pages: 0 / 0M, Empty: 0M, Relocated: 0M, In-Place: 0
[336.571s][info][gc,reloc    ] GC(169) Forwarding Usage: 0M
[336.571s][info][gc,heap     ] GC(169) Min Capacity: 8192M(100%)
[336.571s][info][gc,heap     ] GC(169) Max Capacity: 8192M(100%)
[336.571s][info][gc,heap     ] GC(169) Soft Max Capacity: 8192M(100%)
[336.571s][info][gc,heap     ] GC(169)                Mark Start          Mark End        Relocate Start      Relocate End           High               Low         
[336.571s][info][gc,heap     ] GC(169)  Capacity:     8192M (100%)       8192M (100%)       8192M (100%)       8192M (100%)       8192M (100%)       8192M (100%)   
[336.571s][info][gc,heap     ] GC(169)      Free:     5232M (64%)        5200M (63%)        8010M (98%)        8014M (98%)        8014M (98%)        5200M (63%)    
[336.571s][info][gc,heap     ] GC(169)      Used:     2960M (36%)        2992M (37%)         182M (2%)          178M (2%)         2992M (37%)         178M (2%)     
[336.571s][info][gc,heap     ] GC(169)      Live:         -               132M (2%)          132M (2%)          132M (2%)             -                  -          
[336.571s][info][gc,heap     ] GC(169) Allocated:         -                32M (0%)           32M (0%)           32M (0%)             -                  -          
[336.571s][info][gc,heap     ] GC(169)   Garbage:         -              2827M (35%)          17M (0%)           13M (0%)             -                  -          
[336.571s][info][gc,heap     ] GC(169) Reclaimed:         -                  -              2810M (34%)        2814M (34%)            -                  -          
[336.571s][info][gc          ] GC(169) Garbage Collection (Proactive) 2960M(36%)->178M(2%)
[338.840s][info][gc,start    ] GC(170) Garbage Collection (Proactive)
[338.840s][info][gc,phases   ] GC(170) Pause Mark Start 0.005ms
[338.862s][info][gc,phases   ] GC(170) Concurrent Mark 21.971ms
[338.862s][info][gc,phases   ] GC(170) Pause Mark End 0.008ms
[338.863s][info][gc,phases   ] GC(170) Concurrent Process Non-Strong References 0.443ms
[338.863s][info][gc,phases   ] GC(170) Concurrent Reset Relocation Set 0.002ms
[338.866s][info][gc,phases   ] GC(170) Concurrent Select Relocation Set 2.752ms
[338.866s][info][gc,phases   ] GC(170) Pause Relocate Start 0.005ms
[338.866s][info][gc,phases   ] GC(170) Concurrent Relocate 0.555ms
[338.867s][info][gc,load     ] GC(170) Load: 4.56/3.86/3.69
[338.867s][info][gc,mmu      ] GC(170) MMU: 2ms/98.2%, 5ms/99.3%, 10ms/99.6%, 20ms/99.8%, 50ms/99.9%, 100ms/100.0%
[338.867s][info][gc,marking  ] GC(170) Mark: 2 stripe(s), 2 proactive flush(es), 1 terminate flush(es), 0 completion(s), 0 continuation(s) 
[338.867s][info][gc,nmethod  ] GC(170) NMethods: 484 registered, 0 unregistered
[338.867s][info][gc,metaspace] GC(170) Metaspace: 0M used, 0M committed, 1032M reserved
[338.867s][info][gc,ref      ] GC(170) Soft: 82 encountered, 0 discovered, 0 enqueued
[338.867s][info][gc,ref      ] GC(170) Weak: 200 encountered, 58 discovered, 0 enqueued
[338.867s][info][gc,ref      ] GC(170) Final: 0 encountered, 0 discovered, 0 enqueued
[338.867s][info][gc,ref      ] GC(170) Phantom: 5 encountered, 3 discovered, 0 enqueued
[338.867s][info][gc,reloc    ] GC(170) Small Pages: 1273 / 2546M, Empty: 2396M, Relocated: 3M, In-Place: 0
[338.867s][info][gc,reloc    ] GC(170) Medium Pages: 0 / 0M, Empty: 0M, Relocated: 0M, In-Place: 0
[338.867s][info][gc,reloc    ] GC(170) Large Pages: 0 / 0M, Empty: 0M, Relocated: 0M, In-Place: 0
[338.867s][info][gc,reloc    ] GC(170) Forwarding Usage: 0M
[338.867s][info][gc,heap     ] GC(170) Min Capacity: 8192M(100%)
[338.867s][info][gc,heap     ] GC(170) Max Capacity: 8192M(100%)
[338.867s][info][gc,heap     ] GC(170) Soft Max Capacity: 8192M(100%)
[338.867s][info][gc,heap     ] GC(170)                Mark Start          Mark End        Relocate Start      Relocate End           High               Low         
[338.867s][info][gc,heap     ] GC(170)  Capacity:     8192M (100%)       8192M (100%)       8192M (100%)       8192M (100%)       8192M (100%)       8192M (100%)   
[338.867s][info][gc,heap     ] GC(170)      Free:     5646M (69%)        5622M (69%)        8016M (98%)        8018M (98%)        8018M (98%)        5622M (69%)    
[338.867s][info][gc,heap     ] GC(170)      Used:     2546M (31%)        2570M (31%)         176M (2%)          174M (2%)         2570M (31%)         174M (2%)     
[338.867s][info][gc,heap     ] GC(170)      Live:         -               132M (2%)          132M (2%)          132M (2%)             -                  -          
[338.867s][info][gc,heap     ] GC(170) Allocated:         -                24M (0%)           26M (0%)           28M (0%)             -                  -          
[338.867s][info][gc,heap     ] GC(170)   Garbage:         -              2413M (29%)          17M (0%)           13M (0%)             -                  -          
[338.867s][info][gc,heap     ] GC(170) Reclaimed:         -                  -              2396M (29%)        2400M (29%)            -                  -          
[338.867s][info][gc          ] GC(170) Garbage Collection (Proactive) 2546M(31%)->174M(2%)
[340.039s][info][gc,stats    ] === Garbage Collection Statistics =======================================================================================================================
[340.039s][info][gc,stats    ]                                                              Last 10s              Last 10m              Last 10h                Total
[340.039s][info][gc,stats    ]                                                              Avg / Max             Avg / Max             Avg / Max             Avg / Max
[340.039s][info][gc,stats    ]   Collector: Garbage Collection Cycle                     31.023 / 39.824       31.598 / 95.920       31.598 / 95.920       31.598 / 95.920      ms
[340.039s][info][gc,stats    ]  Contention: Mark Segment Reset Contention                     0 / 1                 0 / 4                 0 / 4                 0 / 4           ops/s
[340.039s][info][gc,stats    ]  Contention: Mark SeqNum Reset Contention                      0 / 0                 0 / 1                 0 / 1                 0 / 1           ops/s
[340.039s][info][gc,stats    ]    Critical: Allocation Stall                                  0 / 0                 0 / 0                 0 / 0                 0 / 0           ops/s
[340.039s][info][gc,stats    ]    Critical: Allocation Stall                              0.000 / 0.000         0.000 / 0.000         0.000 / 0.000         0.000 / 0.000       ms
[340.039s][info][gc,stats    ]    Critical: GC Locker Stall                                   0 / 0                 0 / 0                 0 / 0                 0 / 0           ops/s
[340.039s][info][gc,stats    ]    Critical: GC Locker Stall                               0.000 / 0.000         0.000 / 0.000         0.000 / 0.000         0.000 / 0.000       ms
[340.039s][info][gc,stats    ]    Critical: Relocation Stall                                  0 / 0                 0 / 0                 0 / 0                 0 / 0           ops/s
[340.039s][info][gc,stats    ]    Critical: Relocation Stall                              0.000 / 0.000         0.000 / 0.000         0.000 / 0.000         0.000 / 0.000       ms
[340.039s][info][gc,stats    ]      Memory: Allocation Rate                                1044 / 1048           1068 / 9212           1068 / 9212           1068 / 9212        MB/s
[340.039s][info][gc,stats    ]      Memory: Out Of Memory                                     0 / 0                 0 / 0                 0 / 0                 0 / 0           ops/s
[340.039s][info][gc,stats    ]      Memory: Page Cache Flush                                  0 / 0                 0 / 0                 0 / 0                 0 / 0           MB/s
[340.039s][info][gc,stats    ]      Memory: Page Cache Hit L1                               523 / 530             519 / 533             519 / 533             519 / 533         ops/s
[340.039s][info][gc,stats    ]      Memory: Page Cache Hit L2                                 0 / 0                 0 / 0                 0 / 0                 0 / 0           ops/s
[340.039s][info][gc,stats    ]      Memory: Page Cache Hit L3                                 0 / 0                 5 / 486               5 / 486               5 / 486         ops/s
[340.039s][info][gc,stats    ]      Memory: Page Cache Miss                                   0 / 0                 0 / 1                 0 / 1                 0 / 1           ops/s
[340.039s][info][gc,stats    ]      Memory: Uncommit                                          0 / 0                 0 / 0                 0 / 0                 0 / 0           MB/s
[340.039s][info][gc,stats    ]      Memory: Undo Object Allocation Failed                     0 / 0                 0 / 0                 0 / 0                 0 / 0           ops/s
[340.039s][info][gc,stats    ]      Memory: Undo Object Allocation Succeeded                  0 / 0                 0 / 6                 0 / 6                 0 / 6           ops/s
[340.039s][info][gc,stats    ]      Memory: Undo Page Allocation                              0 / 0                 0 / 1                 0 / 1                 0 / 1           ops/s
[340.039s][info][gc,stats    ]       Phase: Concurrent Mark                              26.212 / 35.317       26.579 / 65.214       26.579 / 65.214       26.579 / 65.214      ms
[340.039s][info][gc,stats    ]       Phase: Concurrent Mark Continue                      0.000 / 0.000         0.000 / 0.000         0.000 / 0.000         0.000 / 0.000       ms
[340.039s][info][gc,stats    ]       Phase: Concurrent Process Non-Strong References      0.494 / 0.542         0.456 / 0.911         0.456 / 0.911         0.456 / 0.911       ms
[340.039s][info][gc,stats    ]       Phase: Concurrent Relocate                           0.737 / 1.160         1.001 / 16.651        1.001 / 16.651        1.001 / 16.651      ms
[340.039s][info][gc,stats    ]       Phase: Concurrent Reset Relocation Set               0.002 / 0.002         0.002 / 0.098         0.002 / 0.098         0.002 / 0.098       ms
[340.039s][info][gc,stats    ]       Phase: Concurrent Select Relocation Set              2.929 / 3.092         2.912 / 12.567        2.912 / 12.567        2.912 / 12.567      ms
[340.039s][info][gc,stats    ]       Phase: Pause Mark End                                0.009 / 0.009         0.009 / 0.025         0.009 / 0.025         0.009 / 0.025       ms
[340.039s][info][gc,stats    ]       Phase: Pause Mark Start                              0.008 / 0.014         0.006 / 0.036         0.006 / 0.036         0.006 / 0.036       ms
[340.039s][info][gc,stats    ]       Phase: Pause Relocate Start                          0.004 / 0.006         0.004 / 0.026         0.004 / 0.026         0.004 / 0.026       ms
[340.039s][info][gc,stats    ]    Subphase: Concurrent Classes Purge                      0.035 / 0.039         0.029 / 0.102         0.029 / 0.102         0.029 / 0.102       ms
[340.039s][info][gc,stats    ]    Subphase: Concurrent Classes Unlink                     0.305 / 0.319         0.295 / 0.571         0.295 / 0.571         0.295 / 0.571       ms
[340.039s][info][gc,stats    ]    Subphase: Concurrent Mark                              25.298 / 34.896       25.779 / 64.907       25.779 / 64.907       25.779 / 64.907      ms
[340.039s][info][gc,stats    ]    Subphase: Concurrent Mark Idle                          1.216 / 1.264         1.197 / 1.330         1.197 / 1.330         1.197 / 1.330       ms
[340.039s][info][gc,stats    ]    Subphase: Concurrent Mark Try Flush                     0.029 / 0.053         0.034 / 0.120         0.034 / 0.120         0.034 / 0.120       ms
[340.039s][info][gc,stats    ]    Subphase: Concurrent Mark Try Terminate                 0.461 / 1.265         0.445 / 1.361         0.445 / 1.361         0.445 / 1.361       ms
[340.039s][info][gc,stats    ]    Subphase: Concurrent References Enqueue                 0.000 / 0.001         0.000 / 0.003         0.000 / 0.003         0.000 / 0.003       ms
[340.040s][info][gc,stats    ]    Subphase: Concurrent References Process                 0.022 / 0.029         0.027 / 0.095         0.027 / 0.095         0.027 / 0.095       ms
[340.040s][info][gc,stats    ]    Subphase: Concurrent Roots ClassLoaderDataGraph         0.024 / 0.089         0.017 / 0.132         0.017 / 0.132         0.017 / 0.132       ms
[340.040s][info][gc,stats    ]    Subphase: Concurrent Roots CodeCache                    0.000 / 0.000         0.000 / 0.000         0.000 / 0.000         0.000 / 0.000       ms
[340.040s][info][gc,stats    ]    Subphase: Concurrent Roots JavaThreads                  0.288 / 0.485         0.207 / 0.485         0.207 / 0.485         0.207 / 0.485       ms
[340.040s][info][gc,stats    ]    Subphase: Concurrent Roots OopStorageSet                0.006 / 0.007         0.004 / 0.022         0.004 / 0.022         0.004 / 0.022       ms
[340.040s][info][gc,stats    ]    Subphase: Concurrent Weak Roots OopStorageSet           0.041 / 0.053         0.038 / 0.120         0.038 / 0.120         0.038 / 0.120       ms
[340.040s][info][gc,stats    ]    Subphase: Pause Mark Try Complete                       0.000 / 0.000         0.000 / 0.000         0.000 / 0.000         0.000 / 0.000       ms
[340.040s][info][gc,stats    ]      System: Java Threads                                     16 / 16               16 / 20               16 / 20               16 / 20          threads
[340.040s][info][gc,stats    ] =========================================================================================================================================================
[340.840s][info][gc,start    ] GC(171) Garbage Collection (Proactive)
[340.840s][info][gc,phases   ] GC(171) Pause Mark Start 0.006ms
[340.865s][info][gc,phases   ] GC(171) Concurrent Mark 24.310ms
[340.865s][info][gc,phases   ] GC(171) Pause Mark End 0.010ms
[340.866s][info][gc,phases   ] GC(171) Concurrent Process Non-Strong References 0.510ms
[340.866s][info][gc,phases   ] GC(171) Concurrent Reset Relocation Set 0.002ms
[340.869s][info][gc,phases   ] GC(171) Concurrent Select Relocation Set 3.006ms
[340.869s][info][gc,phases   ] GC(171) Pause Relocate Start 0.003ms
[340.870s][info][gc,phases   ] GC(171) Concurrent Relocate 0.911ms
[340.870s][info][gc,load     ] GC(171) Load: 4.51/3.86/3.69
[340.870s][info][gc,mmu      ] GC(171) MMU: 2ms/98.2%, 5ms/99.3%, 10ms/99.6%, 20ms/99.8%, 50ms/99.9%, 100ms/100.0%
[340.870s][info][gc,marking  ] GC(171) Mark: 2 stripe(s), 2 proactive flush(es), 1 terminate flush(es), 0 completion(s), 0 continuation(s) 
[340.870s][info][gc,nmethod  ] GC(171) NMethods: 484 registered, 0 unregistered
[340.870s][info][gc,metaspace] GC(171) Metaspace: 0M used, 0M committed, 1032M reserved
[340.870s][info][gc,ref      ] GC(171) Soft: 82 encountered, 0 discovered, 0 enqueued
[340.870s][info][gc,ref      ] GC(171) Weak: 200 encountered, 58 discovered, 0 enqueued
[340.870s][info][gc,ref      ] GC(171) Final: 0 encountered, 0 discovered, 0 enqueued
[340.870s][info][gc,ref      ] GC(171) Phantom: 5 encountered, 3 discovered, 0 enqueued
[340.870s][info][gc,reloc    ] GC(171) Small Pages: 1117 / 2234M, Empty: 2082M, Relocated: 6M, In-Place: 0
[340.870s][info][gc,reloc    ] GC(171) Medium Pages: 0 / 0M, Empty: 0M, Relocated: 0M, In-Place: 0
[340.870s][info][gc,reloc    ] GC(171) Large Pages: 0 / 0M, Empty: 0M, Relocated: 0M, In-Place: 0
[340.870s][info][gc,reloc    ] GC(171) Forwarding Usage: 0M
[340.870s][info][gc,heap     ] GC(171) Min Capacity: 8192M(100%)
[340.870s][info][gc,heap     ] GC(171) Max Capacity: 8192M(100%)
[340.870s][info][gc,heap     ] GC(171) Soft Max Capacity: 8192M(100%)
[340.870s][info][gc,heap     ] GC(171)                Mark Start          Mark End        Relocate Start      Relocate End           High               Low         
[340.870s][info][gc,heap     ] GC(171)  Capacity:     8192M (100%)       8192M (100%)       8192M (100%)       8192M (100%)       8192M (100%)       8192M (100%)   
[340.870s][info][gc,heap     ] GC(171)      Free:     5958M (73%)        5934M (72%)        8008M (98%)        8016M (98%)        8016M (98%)        5934M (72%)    
[340.870s][info][gc,heap     ] GC(171)      Used:     2234M (27%)        2258M (28%)         184M (2%)          176M (2%)         2258M (28%)         176M (2%)     
[340.870s][info][gc,heap     ] GC(171)      Live:         -               132M (2%)          132M (2%)          132M (2%)             -                  -          
[340.870s][info][gc,heap     ] GC(171) Allocated:         -                24M (0%)           32M (0%)           32M (0%)             -                  -          
[340.870s][info][gc,heap     ] GC(171)   Garbage:         -              2101M (26%)          19M (0%)           11M (0%)             -                  -          
[340.870s][info][gc,heap     ] GC(171) Reclaimed:         -                  -              2082M (25%)        2090M (26%)            -                  -          
[340.870s][info][gc          ] GC(171) Garbage Collection (Proactive) 2234M(27%)->176M(2%)
[342.640s][info][gc,start    ] GC(172) Garbage Collection (Proactive)
[342.640s][info][gc,phases   ] GC(172) Pause Mark Start 0.006ms
[342.663s][info][gc,phases   ] GC(172) Concurrent Mark 22.894ms
[342.664s][info][gc,phases   ] GC(172) Pause Mark End 0.009ms
[342.664s][info][gc,phases   ] GC(172) Concurrent Process Non-Strong References 0.450ms
[342.664s][info][gc,phases   ] GC(172) Concurrent Reset Relocation Set 0.002ms
[342.667s][info][gc,phases   ] GC(172) Concurrent Select Relocation Set 2.875ms
[342.667s][info][gc,phases   ] GC(172) Pause Relocate Start 0.004ms
[342.668s][info][gc,phases   ] GC(172) Concurrent Relocate 0.981ms
[342.668s][info][gc,load     ] GC(172) Load: 4.51/3.86/3.69
[342.668s][info][gc,mmu      ] GC(172) MMU: 2ms/98.2%, 5ms/99.3%, 10ms/99.6%, 20ms/99.8%, 50ms/99.9%, 100ms/100.0%
[342.668s][info][gc,marking  ] GC(172) Mark: 2 stripe(s), 2 proactive flush(es), 1 terminate flush(es), 0 completion(s), 0 continuation(s) 
[342.668s][info][gc,nmethod  ] GC(172) NMethods: 484 registered, 0 unregistered
[342.668s][info][gc,metaspace] GC(172) Metaspace: 0M used, 0M committed, 1032M reserved
[342.668s][info][gc,ref      ] GC(172) Soft: 82 encountered, 0 discovered, 0 enqueued
[342.668s][info][gc,ref      ] GC(172) Weak: 200 encountered, 54 discovered, 0 enqueued
[342.668s][info][gc,ref      ] GC(172) Final: 0 encountered, 0 discovered, 0 enqueued
[342.668s][info][gc,ref      ] GC(172) Phantom: 5 encountered, 3 discovered, 0 enqueued
[342.668s][info][gc,reloc    ] GC(172) Small Pages: 1012 / 2024M, Empty: 1872M, Relocated: 4M, In-Place: 0
[342.668s][info][gc,reloc    ] GC(172) Medium Pages: 0 / 0M, Empty: 0M, Relocated: 0M, In-Place: 0
[342.668s][info][gc,reloc    ] GC(172) Large Pages: 0 / 0M, Empty: 0M, Relocated: 0M, In-Place: 0
[342.669s][info][gc,reloc    ] GC(172) Forwarding Usage: 0M
[342.669s][info][gc,heap     ] GC(172) Min Capacity: 8192M(100%)
[342.669s][info][gc,heap     ] GC(172) Max Capacity: 8192M(100%)
[342.669s][info][gc,heap     ] GC(172) Soft Max Capacity: 8192M(100%)
[342.669s][info][gc,heap     ] GC(172)                Mark Start          Mark End        Relocate Start      Relocate End           High               Low         
[342.669s][info][gc,heap     ] GC(172)  Capacity:     8192M (100%)       8192M (100%)       8192M (100%)       8192M (100%)       8192M (100%)       8192M (100%)   
[342.669s][info][gc,heap     ] GC(172)      Free:     6168M (75%)        6144M (75%)        8008M (98%)        8012M (98%)        8012M (98%)        6144M (75%)    
[342.669s][info][gc,heap     ] GC(172)      Used:     2024M (25%)        2048M (25%)         184M (2%)          180M (2%)         2048M (25%)         180M (2%)     
[342.669s][info][gc,heap     ] GC(172)      Live:         -               132M (2%)          132M (2%)          132M (2%)             -                  -          
[342.669s][info][gc,heap     ] GC(172) Allocated:         -                24M (0%)           32M (0%)           34M (0%)             -                  -          
[342.669s][info][gc,heap     ] GC(172)   Garbage:         -              1891M (23%)          19M (0%)           13M (0%)             -                  -          
[342.669s][info][gc,heap     ] GC(172) Reclaimed:         -                  -              1872M (23%)        1878M (23%)            -                  -          
[342.669s][info][gc          ] GC(172) Garbage Collection (Proactive) 2024M(25%)->180M(2%)
[344.340s][info][gc,start    ] GC(173) Garbage Collection (Proactive)
[344.340s][info][gc,phases   ] GC(173) Pause Mark Start 0.007ms
[344.364s][info][gc,phases   ] GC(173) Concurrent Mark 24.020ms
[344.364s][info][gc,phases   ] GC(173) Pause Mark End 0.009ms
[344.365s][info][gc,phases   ] GC(173) Concurrent Process Non-Strong References 0.420ms
[344.365s][info][gc,phases   ] GC(173) Concurrent Reset Relocation Set 0.001ms
[344.367s][info][gc,phases   ] GC(173) Concurrent Select Relocation Set 2.777ms
[344.367s][info][gc,phases   ] GC(173) Pause Relocate Start 0.004ms
[344.368s][info][gc,phases   ] GC(173) Concurrent Relocate 0.712ms
[344.368s][info][gc,load     ] GC(173) Load: 4.51/3.86/3.69
[344.368s][info][gc,mmu      ] GC(173) MMU: 2ms/98.2%, 5ms/99.3%, 10ms/99.6%, 20ms/99.8%, 50ms/99.9%, 100ms/100.0%
[344.368s][info][gc,marking  ] GC(173) Mark: 2 stripe(s), 2 proactive flush(es), 1 terminate flush(es), 0 completion(s), 0 continuation(s) 
[344.368s][info][gc,nmethod  ] GC(173) NMethods: 484 registered, 0 unregistered
[344.368s][info][gc,metaspace] GC(173) Metaspace: 0M used, 0M committed, 1032M reserved
[344.368s][info][gc,ref      ] GC(173) Soft: 82 encountered, 0 discovered, 0 enqueued
[344.368s][info][gc,ref      ] GC(173) Weak: 200 encountered, 52 discovered, 0 enqueued
[344.368s][info][gc,ref      ] GC(173) Final: 0 encountered, 0 discovered, 0 enqueued
[344.368s][info][gc,ref      ] GC(173) Phantom: 5 encountered, 3 discovered, 0 enqueued
[344.368s][info][gc,reloc    ] GC(173) Small Pages: 961 / 1922M, Empty: 1768M, Relocated: 4M, In-Place: 0
[344.368s][info][gc,reloc    ] GC(173) Medium Pages: 0 / 0M, Empty: 0M, Relocated: 0M, In-Place: 0
[344.368s][info][gc,reloc    ] GC(173) Large Pages: 0 / 0M, Empty: 0M, Relocated: 0M, In-Place: 0
[344.368s][info][gc,reloc    ] GC(173) Forwarding Usage: 0M
[344.368s][info][gc,heap     ] GC(173) Min Capacity: 8192M(100%)
[344.368s][info][gc,heap     ] GC(173) Max Capacity: 8192M(100%)
[344.368s][info][gc,heap     ] GC(173) Soft Max Capacity: 8192M(100%)
[344.368s][info][gc,heap     ] GC(173)                Mark Start          Mark End        Relocate Start      Relocate End           High               Low         
[344.368s][info][gc,heap     ] GC(173)  Capacity:     8192M (100%)       8192M (100%)       8192M (100%)       8192M (100%)       8192M (100%)       8192M (100%)   
[344.368s][info][gc,heap     ] GC(173)      Free:     6270M (77%)        6246M (76%)        8004M (98%)        8012M (98%)        8012M (98%)        6246M (76%)    
[344.368s][info][gc,heap     ] GC(173)      Used:     1922M (23%)        1946M (24%)         188M (2%)          180M (2%)         1946M (24%)         180M (2%)     
[344.369s][info][gc,heap     ] GC(173)      Live:         -               132M (2%)          132M (2%)          132M (2%)             -                  -          
[344.369s][info][gc,heap     ] GC(173) Allocated:         -                24M (0%)           34M (0%)           34M (0%)             -                  -          
[344.369s][info][gc,heap     ] GC(173)   Garbage:         -              1789M (22%)          21M (0%)           13M (0%)             -                  -          
[344.369s][info][gc,heap     ] GC(173) Reclaimed:         -                  -              1768M (22%)        1776M (22%)            -                  -          
[344.369s][info][gc          ] GC(173) Garbage Collection (Proactive) 1922M(23%)->180M(2%)
[345.940s][info][gc,start    ] GC(174) Garbage Collection (Proactive)
[345.940s][info][gc,phases   ] GC(174) Pause Mark Start 0.006ms
[345.963s][info][gc,phases   ] GC(174) Concurrent Mark 23.616ms
[345.964s][info][gc,phases   ] GC(174) Pause Mark End 0.010ms
[345.964s][info][gc,phases   ] GC(174) Concurrent Process Non-Strong References 0.460ms
[345.964s][info][gc,phases   ] GC(174) Concurrent Reset Relocation Set 0.002ms
[345.967s][info][gc,phases   ] GC(174) Concurrent Select Relocation Set 2.884ms
[345.967s][info][gc,phases   ] GC(174) Pause Relocate Start 0.005ms
[345.968s][info][gc,phases   ] GC(174) Concurrent Relocate 0.829ms
[345.968s][info][gc,load     ] GC(174) Load: 4.15/3.80/3.67
[345.968s][info][gc,mmu      ] GC(174) MMU: 2ms/98.2%, 5ms/99.3%, 10ms/99.6%, 20ms/99.8%, 50ms/99.9%, 100ms/100.0%
[345.968s][info][gc,marking  ] GC(174) Mark: 2 stripe(s), 2 proactive flush(es), 1 terminate flush(es), 0 completion(s), 0 continuation(s) 
[345.968s][info][gc,nmethod  ] GC(174) NMethods: 484 registered, 0 unregistered
[345.968s][info][gc,metaspace] GC(174) Metaspace: 0M used, 0M committed, 1032M reserved
[345.968s][info][gc,ref      ] GC(174) Soft: 82 encountered, 0 discovered, 0 enqueued
[345.968s][info][gc,ref      ] GC(174) Weak: 200 encountered, 62 discovered, 0 enqueued
[345.968s][info][gc,ref      ] GC(174) Final: 0 encountered, 0 discovered, 0 enqueued
[345.968s][info][gc,ref      ] GC(174) Phantom: 5 encountered, 3 discovered, 0 enqueued
[345.968s][info][gc,reloc    ] GC(174) Small Pages: 909 / 1818M, Empty: 1666M, Relocated: 4M, In-Place: 0
[345.968s][info][gc,reloc    ] GC(174) Medium Pages: 0 / 0M, Empty: 0M, Relocated: 0M, In-Place: 0
[345.968s][info][gc,reloc    ] GC(174) Large Pages: 0 / 0M, Empty: 0M, Relocated: 0M, In-Place: 0
[345.968s][info][gc,reloc    ] GC(174) Forwarding Usage: 0M
[345.968s][info][gc,heap     ] GC(174) Min Capacity: 8192M(100%)
[345.968s][info][gc,heap     ] GC(174) Max Capacity: 8192M(100%)
[345.968s][info][gc,heap     ] GC(174) Soft Max Capacity: 8192M(100%)
[345.968s][info][gc,heap     ] GC(174)                Mark Start          Mark End        Relocate Start      Relocate End           High               Low         
[345.968s][info][gc,heap     ] GC(174)  Capacity:     8192M (100%)       8192M (100%)       8192M (100%)       8192M (100%)       8192M (100%)       8192M (100%)   
[345.968s][info][gc,heap     ] GC(174)      Free:     6374M (78%)        6350M (78%)        8008M (98%)        8012M (98%)        8014M (98%)        6350M (78%)    
[345.968s][info][gc,heap     ] GC(174)      Used:     1818M (22%)        1842M (22%)         184M (2%)          180M (2%)         1842M (22%)         178M (2%)     
[345.968s][info][gc,heap     ] GC(174)      Live:         -               132M (2%)          132M (2%)          132M (2%)             -                  -          
[345.968s][info][gc,heap     ] GC(174) Allocated:         -                24M (0%)           32M (0%)           34M (0%)             -                  -          
[345.968s][info][gc,heap     ] GC(174)   Garbage:         -              1685M (21%)          19M (0%)           13M (0%)             -                  -          
[345.968s][info][gc,heap     ] GC(174) Reclaimed:         -                  -              1666M (20%)        1672M (20%)            -                  -          
[345.968s][info][gc          ] GC(174) Garbage Collection (Proactive) 1818M(22%)->180M(2%)
[347.440s][info][gc,start    ] GC(175) Garbage Collection (Proactive)
[347.441s][info][gc,phases   ] GC(175) Pause Mark Start 0.007ms
[347.467s][info][gc,phases   ] GC(175) Concurrent Mark 26.620ms
[347.467s][info][gc,phases   ] GC(175) Pause Mark End 0.008ms
[347.468s][info][gc,phases   ] GC(175) Concurrent Process Non-Strong References 0.507ms
[347.468s][info][gc,phases   ] GC(175) Concurrent Reset Relocation Set 0.001ms
[347.471s][info][gc,phases   ] GC(175) Concurrent Select Relocation Set 2.791ms
[347.471s][info][gc,phases   ] GC(175) Pause Relocate Start 0.003ms
[347.471s][info][gc,phases   ] GC(175) Concurrent Relocate 0.475ms
[347.471s][info][gc,load     ] GC(175) Load: 4.15/3.80/3.67
[347.472s][info][gc,mmu      ] GC(175) MMU: 2ms/98.2%, 5ms/99.3%, 10ms/99.6%, 20ms/99.8%, 50ms/99.9%, 100ms/100.0%
[347.472s][info][gc,marking  ] GC(175) Mark: 2 stripe(s), 2 proactive flush(es), 1 terminate flush(es), 0 completion(s), 0 continuation(s) 
[347.472s][info][gc,nmethod  ] GC(175) NMethods: 484 registered, 0 unregistered
[347.472s][info][gc,metaspace] GC(175) Metaspace: 0M used, 0M committed, 1032M reserved
[347.472s][info][gc,ref      ] GC(175) Soft: 82 encountered, 0 discovered, 0 enqueued
[347.472s][info][gc,ref      ] GC(175) Weak: 200 encountered, 54 discovered, 0 enqueued
[347.472s][info][gc,ref      ] GC(175) Final: 0 encountered, 0 discovered, 0 enqueued
[347.472s][info][gc,ref      ] GC(175) Phantom: 5 encountered, 3 discovered, 0 enqueued
[347.472s][info][gc,reloc    ] GC(175) Small Pages: 857 / 1714M, Empty: 1560M, Relocated: 3M, In-Place: 0
[347.472s][info][gc,reloc    ] GC(175) Medium Pages: 0 / 0M, Empty: 0M, Relocated: 0M, In-Place: 0
[347.472s][info][gc,reloc    ] GC(175) Large Pages: 0 / 0M, Empty: 0M, Relocated: 0M, In-Place: 0
[347.472s][info][gc,reloc    ] GC(175) Forwarding Usage: 0M
[347.472s][info][gc,heap     ] GC(175) Min Capacity: 8192M(100%)
[347.472s][info][gc,heap     ] GC(175) Max Capacity: 8192M(100%)
[347.472s][info][gc,heap     ] GC(175) Soft Max Capacity: 8192M(100%)
[347.472s][info][gc,heap     ] GC(175)                Mark Start          Mark End        Relocate Start      Relocate End           High               Low         
[347.472s][info][gc,heap     ] GC(175)  Capacity:     8192M (100%)       8192M (100%)       8192M (100%)       8192M (100%)       8192M (100%)       8192M (100%)   
[347.472s][info][gc,heap     ] GC(175)      Free:     6478M (79%)        6446M (79%)        8004M (98%)        8014M (98%)        8014M (98%)        6444M (79%)    
[347.472s][info][gc,heap     ] GC(175)      Used:     1714M (21%)        1746M (21%)         188M (2%)          178M (2%)         1748M (21%)         178M (2%)     
[347.472s][info][gc,heap     ] GC(175)      Live:         -               132M (2%)          132M (2%)          132M (2%)             -                  -          
[347.472s][info][gc,heap     ] GC(175) Allocated:         -                32M (0%)           34M (0%)           34M (0%)             -                  -          
[347.472s][info][gc,heap     ] GC(175)   Garbage:         -              1581M (19%)          21M (0%)           11M (0%)             -                  -          
[347.472s][info][gc,heap     ] GC(175) Reclaimed:         -                  -              1560M (19%)        1570M (19%)            -                  -          
[347.472s][info][gc          ] GC(175) Garbage Collection (Proactive) 1714M(21%)->178M(2%)
[349.239s][info][gc,start    ] GC(176) Garbage Collection (Proactive)
[349.240s][info][gc,phases   ] GC(176) Pause Mark Start 0.006ms
[349.264s][info][gc,phases   ] GC(176) Concurrent Mark 24.031ms
[349.264s][info][gc,phases   ] GC(176) Pause Mark End 0.009ms
[349.264s][info][gc,phases   ] GC(176) Concurrent Process Non-Strong References 0.413ms
[349.264s][info][gc,phases   ] GC(176) Concurrent Reset Relocation Set 0.001ms
[349.267s][info][gc,phases   ] GC(176) Concurrent Select Relocation Set 2.829ms
[349.267s][info][gc,phases   ] GC(176) Pause Relocate Start 0.004ms
[349.268s][info][gc,phases   ] GC(176) Concurrent Relocate 0.596ms
[349.268s][info][gc,load     ] GC(176) Load: 4.15/3.80/3.67
[349.268s][info][gc,mmu      ] GC(176) MMU: 2ms/98.2%, 5ms/99.3%, 10ms/99.6%, 20ms/99.8%, 50ms/99.9%, 100ms/100.0%
[349.268s][info][gc,marking  ] GC(176) Mark: 2 stripe(s), 2 proactive flush(es), 1 terminate flush(es), 0 completion(s), 0 continuation(s) 
[349.268s][info][gc,nmethod  ] GC(176) NMethods: 484 registered, 0 unregistered
[349.268s][info][gc,metaspace] GC(176) Metaspace: 0M used, 0M committed, 1032M reserved
[349.268s][info][gc,ref      ] GC(176) Soft: 82 encountered, 0 discovered, 0 enqueued
[349.268s][info][gc,ref      ] GC(176) Weak: 200 encountered, 110 discovered, 0 enqueued
[349.268s][info][gc,ref      ] GC(176) Final: 0 encountered, 0 discovered, 0 enqueued
[349.268s][info][gc,ref      ] GC(176) Phantom: 5 encountered, 3 discovered, 0 enqueued
[349.268s][info][gc,reloc    ] GC(176) Small Pages: 1012 / 2024M, Empty: 1872M, Relocated: 3M, In-Place: 0
[349.268s][info][gc,reloc    ] GC(176) Medium Pages: 0 / 0M, Empty: 0M, Relocated: 0M, In-Place: 0
[349.268s][info][gc,reloc    ] GC(176) Large Pages: 0 / 0M, Empty: 0M, Relocated: 0M, In-Place: 0
[349.268s][info][gc,reloc    ] GC(176) Forwarding Usage: 0M
[349.268s][info][gc,heap     ] GC(176) Min Capacity: 8192M(100%)
[349.268s][info][gc,heap     ] GC(176) Max Capacity: 8192M(100%)
[349.268s][info][gc,heap     ] GC(176) Soft Max Capacity: 8192M(100%)
[349.268s][info][gc,heap     ] GC(176)                Mark Start          Mark End        Relocate Start      Relocate End           High               Low         
[349.268s][info][gc,heap     ] GC(176)  Capacity:     8192M (100%)       8192M (100%)       8192M (100%)       8192M (100%)       8192M (100%)       8192M (100%)   
[349.268s][info][gc,heap     ] GC(176)      Free:     6168M (75%)        6144M (75%)        8006M (98%)        8012M (98%)        8012M (98%)        6144M (75%)    
[349.268s][info][gc,heap     ] GC(176)      Used:     2024M (25%)        2048M (25%)         186M (2%)          180M (2%)         2048M (25%)         180M (2%)     
[349.268s][info][gc,heap     ] GC(176)      Live:         -               132M (2%)          132M (2%)          132M (2%)             -                  -          
[349.268s][info][gc,heap     ] GC(176) Allocated:         -                24M (0%)           34M (0%)           34M (0%)             -                  -          
[349.268s][info][gc,heap     ] GC(176)   Garbage:         -              1891M (23%)          19M (0%)           13M (0%)             -                  -          
[349.268s][info][gc,heap     ] GC(176) Reclaimed:         -                  -              1872M (23%)        1878M (23%)            -                  -          
[349.268s][info][gc          ] GC(176) Garbage Collection (Proactive) 2024M(25%)->180M(2%)
[350.040s][info][gc,stats    ] === Garbage Collection Statistics =======================================================================================================================
[350.040s][info][gc,stats    ]                                                              Last 10s              Last 10m              Last 10h                Total
[350.040s][info][gc,stats    ]                                                              Avg / Max             Avg / Max             Avg / Max             Avg / Max
[350.040s][info][gc,stats    ]   Collector: Garbage Collection Cycle                     29.019 / 31.134       31.510 / 95.920       31.510 / 95.920       31.510 / 95.920      ms
[350.040s][info][gc,stats    ]  Contention: Mark Segment Reset Contention                     0 / 2                 0 / 4                 0 / 4                 0 / 4           ops/s
[350.040s][info][gc,stats    ]  Contention: Mark SeqNum Reset Contention                      0 / 0                 0 / 1                 0 / 1                 0 / 1           ops/s
[350.040s][info][gc,stats    ]    Critical: Allocation Stall                                  0 / 0                 0 / 0                 0 / 0                 0 / 0           ops/s
[350.040s][info][gc,stats    ]    Critical: Allocation Stall                              0.000 / 0.000         0.000 / 0.000         0.000 / 0.000         0.000 / 0.000       ms
[350.040s][info][gc,stats    ]    Critical: GC Locker Stall                                   0 / 0                 0 / 0                 0 / 0                 0 / 0           ops/s
[350.040s][info][gc,stats    ]    Critical: GC Locker Stall                               0.000 / 0.000         0.000 / 0.000         0.000 / 0.000         0.000 / 0.000       ms
[350.040s][info][gc,stats    ]    Critical: Relocation Stall                                  0 / 0                 0 / 0                 0 / 0                 0 / 0           ops/s
[350.040s][info][gc,stats    ]    Critical: Relocation Stall                              0.000 / 0.000         0.000 / 0.000         0.000 / 0.000         0.000 / 0.000       ms
[350.040s][info][gc,stats    ]      Memory: Allocation Rate                                1044 / 1048           1067 / 9212           1067 / 9212           1067 / 9212        MB/s
[350.040s][info][gc,stats    ]      Memory: Out Of Memory                                     0 / 0                 0 / 0                 0 / 0                 0 / 0           ops/s
[350.040s][info][gc,stats    ]      Memory: Page Cache Flush                                  0 / 0                 0 / 0                 0 / 0                 0 / 0           MB/s
[350.040s][info][gc,stats    ]      Memory: Page Cache Hit L1                               524 / 528             519 / 533             519 / 533             519 / 533         ops/s
[350.040s][info][gc,stats    ]      Memory: Page Cache Hit L2                                 0 / 0                 0 / 0                 0 / 0                 0 / 0           ops/s
[350.040s][info][gc,stats    ]      Memory: Page Cache Hit L3                                 0 / 0                 5 / 486               5 / 486               5 / 486         ops/s
[350.040s][info][gc,stats    ]      Memory: Page Cache Miss                                   0 / 0                 0 / 1                 0 / 1                 0 / 1           ops/s
[350.040s][info][gc,stats    ]      Memory: Uncommit                                          0 / 0                 0 / 0                 0 / 0                 0 / 0           MB/s
[350.040s][info][gc,stats    ]      Memory: Undo Object Allocation Failed                     0 / 0                 0 / 0                 0 / 0                 0 / 0           ops/s
[350.040s][info][gc,stats    ]      Memory: Undo Object Allocation Succeeded                  0 / 0                 0 / 6                 0 / 6                 0 / 6           ops/s
[350.040s][info][gc,stats    ]      Memory: Undo Page Allocation                              0 / 0                 0 / 1                 0 / 1                 0 / 1           ops/s
[350.040s][info][gc,stats    ]       Phase: Concurrent Mark                              24.248 / 26.620       26.500 / 65.214       26.500 / 65.214       26.500 / 65.214      ms
[350.040s][info][gc,stats    ]       Phase: Concurrent Mark Continue                      0.000 / 0.000         0.000 / 0.000         0.000 / 0.000         0.000 / 0.000       ms
[350.040s][info][gc,stats    ]       Phase: Concurrent Process Non-Strong References      0.460 / 0.510         0.456 / 0.911         0.456 / 0.911         0.456 / 0.911       ms
[350.040s][info][gc,stats    ]       Phase: Concurrent Relocate                           0.751 / 0.981         0.992 / 16.651        0.992 / 16.651        0.992 / 16.651      ms
[350.040s][info][gc,stats    ]       Phase: Concurrent Reset Relocation Set               0.002 / 0.002         0.002 / 0.098         0.002 / 0.098         0.002 / 0.098       ms
[350.040s][info][gc,stats    ]       Phase: Concurrent Select Relocation Set              2.860 / 3.006         2.910 / 12.567        2.910 / 12.567        2.910 / 12.567      ms
[350.040s][info][gc,stats    ]       Phase: Pause Mark End                                0.009 / 0.010         0.009 / 0.025         0.009 / 0.025         0.009 / 0.025       ms
[350.040s][info][gc,stats    ]       Phase: Pause Mark Start                              0.006 / 0.007         0.006 / 0.036         0.006 / 0.036         0.006 / 0.036       ms
[350.040s][info][gc,stats    ]       Phase: Pause Relocate Start                          0.004 / 0.005         0.004 / 0.026         0.004 / 0.026         0.004 / 0.026       ms
[350.040s][info][gc,stats    ]    Subphase: Concurrent Classes Purge                      0.031 / 0.036         0.029 / 0.102         0.029 / 0.102         0.029 / 0.102       ms
[350.040s][info][gc,stats    ]    Subphase: Concurrent Classes Unlink                     0.298 / 0.319         0.295 / 0.571         0.295 / 0.571         0.295 / 0.571       ms
[350.040s][info][gc,stats    ]    Subphase: Concurrent Mark                              23.393 / 26.190       25.698 / 64.907       25.698 / 64.907       25.698 / 64.907      ms
[350.040s][info][gc,stats    ]    Subphase: Concurrent Mark Idle                          1.232 / 1.319         1.198 / 1.330         1.198 / 1.330         1.198 / 1.330       ms
[350.040s][info][gc,stats    ]    Subphase: Concurrent Mark Try Flush                     0.039 / 0.105         0.035 / 0.120         0.035 / 0.120         0.035 / 0.120       ms
[350.041s][info][gc,stats    ]    Subphase: Concurrent Mark Try Terminate                 0.422 / 1.321         0.445 / 1.361         0.445 / 1.361         0.445 / 1.361       ms
[350.041s][info][gc,stats    ]    Subphase: Concurrent References Enqueue                 0.000 / 0.001         0.000 / 0.003         0.000 / 0.003         0.000 / 0.003       ms
[350.041s][info][gc,stats    ]    Subphase: Concurrent References Process                 0.023 / 0.027         0.027 / 0.095         0.027 / 0.095         0.027 / 0.095       ms
[350.041s][info][gc,stats    ]    Subphase: Concurrent Roots ClassLoaderDataGraph         0.022 / 0.068         0.017 / 0.132         0.017 / 0.132         0.017 / 0.132       ms
[350.041s][info][gc,stats    ]    Subphase: Concurrent Roots CodeCache                    0.000 / 0.000         0.000 / 0.000         0.000 / 0.000         0.000 / 0.000       ms
[350.041s][info][gc,stats    ]    Subphase: Concurrent Roots JavaThreads                  0.258 / 0.309         0.208 / 0.485         0.208 / 0.485         0.208 / 0.485       ms
[350.041s][info][gc,stats    ]    Subphase: Concurrent Roots OopStorageSet                0.006 / 0.009         0.004 / 0.022         0.004 / 0.022         0.004 / 0.022       ms
[350.041s][info][gc,stats    ]    Subphase: Concurrent Weak Roots OopStorageSet           0.037 / 0.044         0.038 / 0.120         0.038 / 0.120         0.038 / 0.120       ms
[350.041s][info][gc,stats    ]    Subphase: Pause Mark Try Complete                       0.000 / 0.000         0.000 / 0.000         0.000 / 0.000         0.000 / 0.000       ms
[350.041s][info][gc,stats    ]      System: Java Threads                                     16 / 16               16 / 20               16 / 20               16 / 20          threads
[350.041s][info][gc,stats    ] =========================================================================================================================================================
[350.940s][info][gc,start    ] GC(177) Garbage Collection (Proactive)
[350.940s][info][gc,phases   ] GC(177) Pause Mark Start 0.007ms
[350.963s][info][gc,phases   ] GC(177) Concurrent Mark 23.170ms
[350.963s][info][gc,phases   ] GC(177) Pause Mark End 0.009ms
[350.964s][info][gc,phases   ] GC(177) Concurrent Process Non-Strong References 0.448ms
[350.964s][info][gc,phases   ] GC(177) Concurrent Reset Relocation Set 0.001ms
[350.967s][info][gc,phases   ] GC(177) Concurrent Select Relocation Set 2.911ms
[350.967s][info][gc,phases   ] GC(177) Pause Relocate Start 0.004ms
[350.968s][info][gc,phases   ] GC(177) Concurrent Relocate 0.696ms
[350.968s][info][gc,load     ] GC(177) Load: 3.98/3.77/3.66
[350.968s][info][gc,mmu      ] GC(177) MMU: 2ms/98.2%, 5ms/99.3%, 10ms/99.6%, 20ms/99.8%, 50ms/99.9%, 100ms/100.0%
[350.968s][info][gc,marking  ] GC(177) Mark: 2 stripe(s), 2 proactive flush(es), 1 terminate flush(es), 0 completion(s), 0 continuation(s) 
[350.968s][info][gc,nmethod  ] GC(177) NMethods: 484 registered, 0 unregistered
[350.968s][info][gc,metaspace] GC(177) Metaspace: 0M used, 0M committed, 1032M reserved
[350.968s][info][gc,ref      ] GC(177) Soft: 82 encountered, 0 discovered, 0 enqueued
[350.968s][info][gc,ref      ] GC(177) Weak: 200 encountered, 62 discovered, 0 enqueued
[350.968s][info][gc,ref      ] GC(177) Final: 0 encountered, 0 discovered, 0 enqueued
[350.968s][info][gc,ref      ] GC(177) Phantom: 5 encountered, 3 discovered, 0 enqueued
[350.968s][info][gc,reloc    ] GC(177) Small Pages: 961 / 1922M, Empty: 1768M, Relocated: 5M, In-Place: 0
[350.968s][info][gc,reloc    ] GC(177) Medium Pages: 0 / 0M, Empty: 0M, Relocated: 0M, In-Place: 0
[350.968s][info][gc,reloc    ] GC(177) Large Pages: 0 / 0M, Empty: 0M, Relocated: 0M, In-Place: 0
[350.968s][info][gc,reloc    ] GC(177) Forwarding Usage: 0M
[350.968s][info][gc,heap     ] GC(177) Min Capacity: 8192M(100%)
[350.968s][info][gc,heap     ] GC(177) Max Capacity: 8192M(100%)
[350.968s][info][gc,heap     ] GC(177) Soft Max Capacity: 8192M(100%)
[350.968s][info][gc,heap     ] GC(177)                Mark Start          Mark End        Relocate Start      Relocate End           High               Low         
[350.968s][info][gc,heap     ] GC(177)  Capacity:     8192M (100%)       8192M (100%)       8192M (100%)       8192M (100%)       8192M (100%)       8192M (100%)   
[350.968s][info][gc,heap     ] GC(177)      Free:     6270M (77%)        6246M (76%)        8006M (98%)        8012M (98%)        8012M (98%)        6246M (76%)    
[350.968s][info][gc,heap     ] GC(177)      Used:     1922M (23%)        1946M (24%)         186M (2%)          180M (2%)         1946M (24%)         180M (2%)     
[350.968s][info][gc,heap     ] GC(177)      Live:         -               132M (2%)          132M (2%)          132M (2%)             -                  -          
[350.968s][info][gc,heap     ] GC(177) Allocated:         -                24M (0%)           32M (0%)           34M (0%)             -                  -          
[350.968s][info][gc,heap     ] GC(177)   Garbage:         -              1789M (22%)          21M (0%)           13M (0%)             -                  -          
[350.968s][info][gc,heap     ] GC(177) Reclaimed:         -                  -              1768M (22%)        1776M (22%)            -                  -          
[350.968s][info][gc          ] GC(177) Garbage Collection (Proactive) 1922M(23%)->180M(2%)
[352.540s][info][gc,start    ] GC(178) Garbage Collection (Proactive)
[352.540s][info][gc,phases   ] GC(178) Pause Mark Start 0.006ms
[352.564s][info][gc,phases   ] GC(178) Concurrent Mark 23.836ms
[352.564s][info][gc,phases   ] GC(178) Pause Mark End 0.009ms
[352.564s][info][gc,phases   ] GC(178) Concurrent Process Non-Strong References 0.438ms
[352.564s][info][gc,phases   ] GC(178) Concurrent Reset Relocation Set 0.002ms
[352.567s][info][gc,phases   ] GC(178) Concurrent Select Relocation Set 2.880ms
[352.567s][info][gc,phases   ] GC(178) Pause Relocate Start 0.004ms
[352.568s][info][gc,phases   ] GC(178) Concurrent Relocate 0.666ms
[352.568s][info][gc,load     ] GC(178) Load: 3.98/3.77/3.66
[352.568s][info][gc,mmu      ] GC(178) MMU: 2ms/98.2%, 5ms/99.3%, 10ms/99.6%, 20ms/99.8%, 50ms/99.9%, 100ms/100.0%
[352.568s][info][gc,marking  ] GC(178) Mark: 2 stripe(s), 2 proactive flush(es), 1 terminate flush(es), 0 completion(s), 0 continuation(s) 
[352.568s][info][gc,nmethod  ] GC(178) NMethods: 484 registered, 0 unregistered
[352.568s][info][gc,metaspace] GC(178) Metaspace: 0M used, 0M committed, 1032M reserved
[352.568s][info][gc,ref      ] GC(178) Soft: 82 encountered, 0 discovered, 0 enqueued
[352.568s][info][gc,ref      ] GC(178) Weak: 200 encountered, 52 discovered, 0 enqueued
[352.568s][info][gc,ref      ] GC(178) Final: 0 encountered, 0 discovered, 0 enqueued
[352.568s][info][gc,ref      ] GC(178) Phantom: 5 encountered, 4 discovered, 0 enqueued
[352.568s][info][gc,reloc    ] GC(178) Small Pages: 909 / 1818M, Empty: 1664M, Relocated: 4M, In-Place: 0
[352.568s][info][gc,reloc    ] GC(178) Medium Pages: 0 / 0M, Empty: 0M, Relocated: 0M, In-Place: 0
[352.568s][info][gc,reloc    ] GC(178) Large Pages: 0 / 0M, Empty: 0M, Relocated: 0M, In-Place: 0
[352.568s][info][gc,reloc    ] GC(178) Forwarding Usage: 0M
[352.568s][info][gc,heap     ] GC(178) Min Capacity: 8192M(100%)
[352.568s][info][gc,heap     ] GC(178) Max Capacity: 8192M(100%)
[352.568s][info][gc,heap     ] GC(178) Soft Max Capacity: 8192M(100%)
[352.568s][info][gc,heap     ] GC(178)                Mark Start          Mark End        Relocate Start      Relocate End           High               Low         
[352.568s][info][gc,heap     ] GC(178)  Capacity:     8192M (100%)       8192M (100%)       8192M (100%)       8192M (100%)       8192M (100%)       8192M (100%)   
[352.568s][info][gc,heap     ] GC(178)      Free:     6374M (78%)        6350M (78%)        8006M (98%)        8016M (98%)        8016M (98%)        6350M (78%)    
[352.568s][info][gc,heap     ] GC(178)      Used:     1818M (22%)        1842M (22%)         186M (2%)          176M (2%)         1842M (22%)         176M (2%)     
[352.568s][info][gc,heap     ] GC(178)      Live:         -               132M (2%)          132M (2%)          132M (2%)             -                  -          
[352.568s][info][gc,heap     ] GC(178) Allocated:         -                24M (0%)           32M (0%)           32M (0%)             -                  -          
[352.568s][info][gc,heap     ] GC(178)   Garbage:         -              1685M (21%)          21M (0%)           11M (0%)             -                  -          
[352.569s][info][gc,heap     ] GC(178) Reclaimed:         -                  -              1664M (20%)        1674M (20%)            -                  -          
[352.569s][info][gc          ] GC(178) Garbage Collection (Proactive) 1818M(22%)->176M(2%)
[354.039s][info][gc,start    ] GC(179) Garbage Collection (Proactive)
[354.039s][info][gc,phases   ] GC(179) Pause Mark Start 0.004ms
[354.060s][info][gc,phases   ] GC(179) Concurrent Mark 20.501ms
[354.060s][info][gc,phases   ] GC(179) Pause Mark End 0.008ms
[354.060s][info][gc,phases   ] GC(179) Concurrent Process Non-Strong References 0.364ms
[354.060s][info][gc,phases   ] GC(179) Concurrent Reset Relocation Set 0.001ms
[354.063s][info][gc,phases   ] GC(179) Concurrent Select Relocation Set 2.622ms
[354.063s][info][gc,phases   ] GC(179) Pause Relocate Start 0.003ms
[354.064s][info][gc,phases   ] GC(179) Concurrent Relocate 0.643ms
[354.064s][info][gc,load     ] GC(179) Load: 3.98/3.77/3.66
[354.064s][info][gc,mmu      ] GC(179) MMU: 2ms/98.2%, 5ms/99.3%, 10ms/99.6%, 20ms/99.8%, 50ms/99.9%, 100ms/100.0%
[354.064s][info][gc,marking  ] GC(179) Mark: 2 stripe(s), 2 proactive flush(es), 1 terminate flush(es), 0 completion(s), 0 continuation(s) 
[354.064s][info][gc,nmethod  ] GC(179) NMethods: 484 registered, 0 unregistered
[354.064s][info][gc,metaspace] GC(179) Metaspace: 0M used, 0M committed, 1032M reserved
[354.064s][info][gc,ref      ] GC(179) Soft: 82 encountered, 0 discovered, 0 enqueued
[354.064s][info][gc,ref      ] GC(179) Weak: 200 encountered, 59 discovered, 0 enqueued
[354.064s][info][gc,ref      ] GC(179) Final: 0 encountered, 0 discovered, 0 enqueued
[354.064s][info][gc,ref      ] GC(179) Phantom: 5 encountered, 5 discovered, 0 enqueued
[354.064s][info][gc,reloc    ] GC(179) Small Pages: 856 / 1712M, Empty: 1560M, Relocated: 4M, In-Place: 0
[354.064s][info][gc,reloc    ] GC(179) Medium Pages: 0 / 0M, Empty: 0M, Relocated: 0M, In-Place: 0
[354.064s][info][gc,reloc    ] GC(179) Large Pages: 0 / 0M, Empty: 0M, Relocated: 0M, In-Place: 0
[354.064s][info][gc,reloc    ] GC(179) Forwarding Usage: 0M
[354.064s][info][gc,heap     ] GC(179) Min Capacity: 8192M(100%)
[354.064s][info][gc,heap     ] GC(179) Max Capacity: 8192M(100%)
[354.064s][info][gc,heap     ] GC(179) Soft Max Capacity: 8192M(100%)
[354.064s][info][gc,heap     ] GC(179)                Mark Start          Mark End        Relocate Start      Relocate End           High               Low         
[354.064s][info][gc,heap     ] GC(179)  Capacity:     8192M (100%)       8192M (100%)       8192M (100%)       8192M (100%)       8192M (100%)       8192M (100%)   
[354.064s][info][gc,heap     ] GC(179)      Free:     6480M (79%)        6456M (79%)        8016M (98%)        8024M (98%)        8024M (98%)        6456M (79%)    
[354.064s][info][gc,heap     ] GC(179)      Used:     1712M (21%)        1736M (21%)         176M (2%)          168M (2%)         1736M (21%)         168M (2%)     
[354.064s][info][gc,heap     ] GC(179)      Live:         -               132M (2%)          132M (2%)          132M (2%)             -                  -          
[354.064s][info][gc,heap     ] GC(179) Allocated:         -                24M (0%)           24M (0%)           24M (0%)             -                  -          
[354.064s][info][gc,heap     ] GC(179)   Garbage:         -              1579M (19%)          19M (0%)           11M (0%)             -                  -          
[354.064s][info][gc,heap     ] GC(179) Reclaimed:         -                  -              1560M (19%)        1568M (19%)            -                  -          
[354.064s][info][gc          ] GC(179) Garbage Collection (Proactive) 1712M(21%)->168M(2%)
[355.640s][info][gc,start    ] GC(180) Garbage Collection (Proactive)
[355.640s][info][gc,phases   ] GC(180) Pause Mark Start 0.005ms
[355.661s][info][gc,phases   ] GC(180) Concurrent Mark 21.399ms
[355.661s][info][gc,phases   ] GC(180) Pause Mark End 0.008ms
[355.662s][info][gc,phases   ] GC(180) Concurrent Process Non-Strong References 0.403ms
[355.662s][info][gc,phases   ] GC(180) Concurrent Reset Relocation Set 0.001ms
[355.664s][info][gc,phases   ] GC(180) Concurrent Select Relocation Set 2.650ms
[355.665s][info][gc,phases   ] GC(180) Pause Relocate Start 0.003ms
[355.665s][info][gc,phases   ] GC(180) Concurrent Relocate 0.556ms
[355.665s][info][gc,load     ] GC(180) Load: 3.98/3.77/3.66
[355.665s][info][gc,mmu      ] GC(180) MMU: 2ms/98.2%, 5ms/99.3%, 10ms/99.6%, 20ms/99.8%, 50ms/99.9%, 100ms/100.0%
[355.665s][info][gc,marking  ] GC(180) Mark: 2 stripe(s), 2 proactive flush(es), 1 terminate flush(es), 0 completion(s), 0 continuation(s) 
[355.665s][info][gc,nmethod  ] GC(180) NMethods: 484 registered, 0 unregistered
[355.665s][info][gc,metaspace] GC(180) Metaspace: 0M used, 0M committed, 1032M reserved
[355.665s][info][gc,ref      ] GC(180) Soft: 82 encountered, 0 discovered, 0 enqueued
[355.665s][info][gc,ref      ] GC(180) Weak: 200 encountered, 65 discovered, 0 enqueued
[355.665s][info][gc,ref      ] GC(180) Final: 0 encountered, 0 discovered, 0 enqueued
[355.665s][info][gc,ref      ] GC(180) Phantom: 5 encountered, 3 discovered, 0 enqueued
[355.665s][info][gc,reloc    ] GC(180) Small Pages: 908 / 1816M, Empty: 1666M, Relocated: 3M, In-Place: 0
[355.665s][info][gc,reloc    ] GC(180) Medium Pages: 0 / 0M, Empty: 0M, Relocated: 0M, In-Place: 0
[355.665s][info][gc,reloc    ] GC(180) Large Pages: 0 / 0M, Empty: 0M, Relocated: 0M, In-Place: 0
[355.665s][info][gc,reloc    ] GC(180) Forwarding Usage: 0M
[355.665s][info][gc,heap     ] GC(180) Min Capacity: 8192M(100%)
[355.665s][info][gc,heap     ] GC(180) Max Capacity: 8192M(100%)
[355.665s][info][gc,heap     ] GC(180) Soft Max Capacity: 8192M(100%)
[355.665s][info][gc,heap     ] GC(180)                Mark Start          Mark End        Relocate Start      Relocate End           High               Low         
[355.665s][info][gc,heap     ] GC(180)  Capacity:     8192M (100%)       8192M (100%)       8192M (100%)       8192M (100%)       8192M (100%)       8192M (100%)   
[355.665s][info][gc,heap     ] GC(180)      Free:     6376M (78%)        6352M (78%)        8018M (98%)        8022M (98%)        8022M (98%)        6352M (78%)    
[355.665s][info][gc,heap     ] GC(180)      Used:     1816M (22%)        1840M (22%)         174M (2%)          170M (2%)         1840M (22%)         170M (2%)     
[355.665s][info][gc,heap     ] GC(180)      Live:         -               132M (2%)          132M (2%)          132M (2%)             -                  -          
[355.665s][info][gc,heap     ] GC(180) Allocated:         -                24M (0%)           24M (0%)           24M (0%)             -                  -          
[355.665s][info][gc,heap     ] GC(180)   Garbage:         -              1683M (21%)          17M (0%)           13M (0%)             -                  -          
[355.665s][info][gc,heap     ] GC(180) Reclaimed:         -                  -              1666M (20%)        1670M (20%)            -                  -          
[355.665s][info][gc          ] GC(180) Garbage Collection (Proactive) 1816M(22%)->170M(2%)
[357.140s][info][gc,start    ] GC(181) Garbage Collection (Proactive)
[357.140s][info][gc,phases   ] GC(181) Pause Mark Start 0.005ms
[357.161s][info][gc,phases   ] GC(181) Concurrent Mark 20.660ms
[357.161s][info][gc,phases   ] GC(181) Pause Mark End 0.008ms
[357.162s][info][gc,phases   ] GC(181) Concurrent Process Non-Strong References 0.389ms
[357.162s][info][gc,phases   ] GC(181) Concurrent Reset Relocation Set 0.001ms
[357.164s][info][gc,phases   ] GC(181) Concurrent Select Relocation Set 2.645ms
[357.164s][info][gc,phases   ] GC(181) Pause Relocate Start 0.003ms
[357.165s][info][gc,phases   ] GC(181) Concurrent Relocate 0.533ms
[357.165s][info][gc,load     ] GC(181) Load: 3.82/3.74/3.65
[357.165s][info][gc,mmu      ] GC(181) MMU: 2ms/98.2%, 5ms/99.3%, 10ms/99.6%, 20ms/99.8%, 50ms/99.9%, 100ms/100.0%
[357.165s][info][gc,marking  ] GC(181) Mark: 2 stripe(s), 2 proactive flush(es), 1 terminate flush(es), 0 completion(s), 0 continuation(s) 
[357.165s][info][gc,nmethod  ] GC(181) NMethods: 484 registered, 0 unregistered
[357.165s][info][gc,metaspace] GC(181) Metaspace: 0M used, 0M committed, 1032M reserved
[357.165s][info][gc,ref      ] GC(181) Soft: 82 encountered, 0 discovered, 0 enqueued
[357.165s][info][gc,ref      ] GC(181) Weak: 200 encountered, 53 discovered, 0 enqueued
[357.165s][info][gc,ref      ] GC(181) Final: 0 encountered, 0 discovered, 0 enqueued
[357.165s][info][gc,ref      ] GC(181) Phantom: 5 encountered, 5 discovered, 0 enqueued
[357.165s][info][gc,reloc    ] GC(181) Small Pages: 857 / 1714M, Empty: 1564M, Relocated: 3M, In-Place: 0
[357.165s][info][gc,reloc    ] GC(181) Medium Pages: 0 / 0M, Empty: 0M, Relocated: 0M, In-Place: 0
[357.165s][info][gc,reloc    ] GC(181) Large Pages: 0 / 0M, Empty: 0M, Relocated: 0M, In-Place: 0
[357.165s][info][gc,reloc    ] GC(181) Forwarding Usage: 0M
[357.165s][info][gc,heap     ] GC(181) Min Capacity: 8192M(100%)
[357.165s][info][gc,heap     ] GC(181) Max Capacity: 8192M(100%)
[357.165s][info][gc,heap     ] GC(181) Soft Max Capacity: 8192M(100%)
[357.165s][info][gc,heap     ] GC(181)                Mark Start          Mark End        Relocate Start      Relocate End           High               Low         
[357.165s][info][gc,heap     ] GC(181)  Capacity:     8192M (100%)       8192M (100%)       8192M (100%)       8192M (100%)       8192M (100%)       8192M (100%)   
[357.165s][info][gc,heap     ] GC(181)      Free:     6478M (79%)        6454M (79%)        8018M (98%)        8022M (98%)        8022M (98%)        6454M (79%)    
[357.165s][info][gc,heap     ] GC(181)      Used:     1714M (21%)        1738M (21%)         174M (2%)          170M (2%)         1738M (21%)         170M (2%)     
[357.165s][info][gc,heap     ] GC(181)      Live:         -               132M (2%)          132M (2%)          132M (2%)             -                  -          
[357.165s][info][gc,heap     ] GC(181) Allocated:         -                24M (0%)           24M (0%)           24M (0%)             -                  -          
[357.165s][info][gc,heap     ] GC(181)   Garbage:         -              1581M (19%)          17M (0%)           13M (0%)             -                  -          
[357.165s][info][gc,heap     ] GC(181) Reclaimed:         -                  -              1564M (19%)        1568M (19%)            -                  -          
[357.165s][info][gc          ] GC(181) Garbage Collection (Proactive) 1714M(21%)->170M(2%)
[358.539s][info][gc,start    ] GC(182) Garbage Collection (Proactive)
[358.539s][info][gc,phases   ] GC(182) Pause Mark Start 0.011ms
[358.579s][info][gc,phases   ] GC(182) Concurrent Mark 39.254ms
[358.579s][info][gc,phases   ] GC(182) Pause Mark End 0.009ms
[358.579s][info][gc,phases   ] GC(182) Concurrent Process Non-Strong References 0.446ms
[358.579s][info][gc,phases   ] GC(182) Concurrent Reset Relocation Set 0.001ms
[358.582s][info][gc,phases   ] GC(182) Concurrent Select Relocation Set 2.681ms
[358.582s][info][gc,phases   ] GC(182) Pause Relocate Start 0.004ms
[358.583s][info][gc,phases   ] GC(182) Concurrent Relocate 0.435ms
[358.583s][info][gc,load     ] GC(182) Load: 3.82/3.74/3.65
[358.583s][info][gc,mmu      ] GC(182) MMU: 2ms/98.2%, 5ms/99.3%, 10ms/99.6%, 20ms/99.8%, 50ms/99.9%, 100ms/100.0%
[358.583s][info][gc,marking  ] GC(182) Mark: 2 stripe(s), 2 proactive flush(es), 1 terminate flush(es), 0 completion(s), 0 continuation(s) 
[358.583s][info][gc,nmethod  ] GC(182) NMethods: 484 registered, 0 unregistered
[358.583s][info][gc,metaspace] GC(182) Metaspace: 0M used, 0M committed, 1032M reserved
[358.583s][info][gc,ref      ] GC(182) Soft: 82 encountered, 0 discovered, 0 enqueued
[358.583s][info][gc,ref      ] GC(182) Weak: 200 encountered, 62 discovered, 0 enqueued
[358.583s][info][gc,ref      ] GC(182) Final: 0 encountered, 0 discovered, 0 enqueued
[358.583s][info][gc,ref      ] GC(182) Phantom: 5 encountered, 3 discovered, 0 enqueued
[358.583s][info][gc,reloc    ] GC(182) Small Pages: 805 / 1610M, Empty: 1460M, Relocated: 3M, In-Place: 0
[358.583s][info][gc,reloc    ] GC(182) Medium Pages: 0 / 0M, Empty: 0M, Relocated: 0M, In-Place: 0
[358.583s][info][gc,reloc    ] GC(182) Large Pages: 0 / 0M, Empty: 0M, Relocated: 0M, In-Place: 0
[358.583s][info][gc,reloc    ] GC(182) Forwarding Usage: 0M
[358.583s][info][gc,heap     ] GC(182) Min Capacity: 8192M(100%)
[358.583s][info][gc,heap     ] GC(182) Max Capacity: 8192M(100%)
[358.583s][info][gc,heap     ] GC(182) Soft Max Capacity: 8192M(100%)
[358.583s][info][gc,heap     ] GC(182)                Mark Start          Mark End        Relocate Start      Relocate End           High               Low         
[358.583s][info][gc,heap     ] GC(182)  Capacity:     8192M (100%)       8192M (100%)       8192M (100%)       8192M (100%)       8192M (100%)       8192M (100%)   
[358.583s][info][gc,heap     ] GC(182)      Free:     6582M (80%)        6534M (80%)        7994M (98%)        8000M (98%)        8000M (98%)        6534M (80%)    
[358.583s][info][gc,heap     ] GC(182)      Used:     1610M (20%)        1658M (20%)         198M (2%)          192M (2%)         1658M (20%)         192M (2%)     
[358.583s][info][gc,heap     ] GC(182)      Live:         -               132M (2%)          132M (2%)          132M (2%)             -                  -          
[358.583s][info][gc,heap     ] GC(182) Allocated:         -                48M (1%)           48M (1%)           48M (1%)             -                  -          
[358.583s][info][gc,heap     ] GC(182)   Garbage:         -              1477M (18%)          17M (0%)           11M (0%)             -                  -          
[358.583s][info][gc,heap     ] GC(182) Reclaimed:         -                  -              1460M (18%)        1466M (18%)            -                  -          
[358.583s][info][gc          ] GC(182) Garbage Collection (Proactive) 1610M(20%)->192M(2%)
[360.040s][info][gc,stats    ] === Garbage Collection Statistics =======================================================================================================================
[360.040s][info][gc,stats    ]                                                              Last 10s              Last 10m              Last 10h                Total
[360.040s][info][gc,stats    ]                                                              Avg / Max             Avg / Max             Avg / Max             Avg / Max
[360.040s][info][gc,stats    ]   Collector: Garbage Collection Cycle                     29.112 / 43.613       31.432 / 95.920       31.432 / 95.920       31.432 / 95.920      ms
[360.040s][info][gc,stats    ]  Contention: Mark Segment Reset Contention                     0 / 1                 0 / 4                 0 / 4                 0 / 4           ops/s
[360.040s][info][gc,stats    ]  Contention: Mark SeqNum Reset Contention                      0 / 0                 0 / 1                 0 / 1                 0 / 1           ops/s
[360.040s][info][gc,stats    ]    Critical: Allocation Stall                                  0 / 0                 0 / 0                 0 / 0                 0 / 0           ops/s
[360.040s][info][gc,stats    ]    Critical: Allocation Stall                              0.000 / 0.000         0.000 / 0.000         0.000 / 0.000         0.000 / 0.000       ms
[360.040s][info][gc,stats    ]    Critical: GC Locker Stall                                   0 / 0                 0 / 0                 0 / 0                 0 / 0           ops/s
[360.040s][info][gc,stats    ]    Critical: GC Locker Stall                               0.000 / 0.000         0.000 / 0.000         0.000 / 0.000         0.000 / 0.000       ms
[360.040s][info][gc,stats    ]    Critical: Relocation Stall                                  0 / 0                 0 / 0                 0 / 0                 0 / 0           ops/s
[360.040s][info][gc,stats    ]    Critical: Relocation Stall                              0.000 / 0.000         0.000 / 0.000         0.000 / 0.000         0.000 / 0.000       ms
[360.040s][info][gc,stats    ]      Memory: Allocation Rate                                1045 / 1048           1067 / 9212           1067 / 9212           1067 / 9212        MB/s
[360.040s][info][gc,stats    ]      Memory: Out Of Memory                                     0 / 0                 0 / 0                 0 / 0                 0 / 0           ops/s
[360.040s][info][gc,stats    ]      Memory: Page Cache Flush                                  0 / 0                 0 / 0                 0 / 0                 0 / 0           MB/s
[360.041s][info][gc,stats    ]      Memory: Page Cache Hit L1                               524 / 528             519 / 533             519 / 533             519 / 533         ops/s
[360.041s][info][gc,stats    ]      Memory: Page Cache Hit L2                                 0 / 0                 0 / 0                 0 / 0                 0 / 0           ops/s
[360.041s][info][gc,stats    ]      Memory: Page Cache Hit L3                                 0 / 0                 4 / 486               4 / 486               4 / 486         ops/s
[360.041s][info][gc,stats    ]      Memory: Page Cache Miss                                   0 / 0                 0 / 1                 0 / 1                 0 / 1           ops/s
[360.041s][info][gc,stats    ]      Memory: Uncommit                                          0 / 0                 0 / 0                 0 / 0                 0 / 0           MB/s
[360.041s][info][gc,stats    ]      Memory: Undo Object Allocation Failed                     0 / 0                 0 / 0                 0 / 0                 0 / 0           ops/s
[360.041s][info][gc,stats    ]      Memory: Undo Object Allocation Succeeded                  0 / 0                 0 / 6                 0 / 6                 0 / 6           ops/s
[360.041s][info][gc,stats    ]      Memory: Undo Page Allocation                              0 / 1                 0 / 1                 0 / 1                 0 / 1           ops/s
[360.041s][info][gc,stats    ]       Phase: Concurrent Mark                              24.803 / 39.254       26.444 / 65.214       26.444 / 65.214       26.444 / 65.214      ms
[360.041s][info][gc,stats    ]       Phase: Concurrent Mark Continue                      0.000 / 0.000         0.000 / 0.000         0.000 / 0.000         0.000 / 0.000       ms
[360.041s][info][gc,stats    ]       Phase: Concurrent Process Non-Strong References      0.415 / 0.448         0.455 / 0.911         0.455 / 0.911         0.455 / 0.911       ms
[360.041s][info][gc,stats    ]       Phase: Concurrent Relocate                           0.588 / 0.696         0.979 / 16.651        0.979 / 16.651        0.979 / 16.651      ms
[360.041s][info][gc,stats    ]       Phase: Concurrent Reset Relocation Set               0.001 / 0.002         0.002 / 0.098         0.002 / 0.098         0.002 / 0.098       ms
[360.041s][info][gc,stats    ]       Phase: Concurrent Select Relocation Set              2.732 / 2.911         2.904 / 12.567        2.904 / 12.567        2.904 / 12.567      ms
[360.041s][info][gc,stats    ]       Phase: Pause Mark End                                0.009 / 0.009         0.009 / 0.025         0.009 / 0.025         0.009 / 0.025       ms
[360.041s][info][gc,stats    ]       Phase: Pause Mark Start                              0.006 / 0.011         0.006 / 0.036         0.006 / 0.036         0.006 / 0.036       ms
[360.041s][info][gc,stats    ]       Phase: Pause Relocate Start                          0.004 / 0.004         0.004 / 0.026         0.004 / 0.026         0.004 / 0.026       ms
[360.041s][info][gc,stats    ]    Subphase: Concurrent Classes Purge                      0.029 / 0.038         0.029 / 0.102         0.029 / 0.102         0.029 / 0.102       ms
[360.041s][info][gc,stats    ]    Subphase: Concurrent Classes Unlink                     0.279 / 0.299         0.294 / 0.571         0.294 / 0.571         0.294 / 0.571       ms
[360.041s][info][gc,stats    ]    Subphase: Concurrent Mark                              24.025 / 38.841       25.643 / 64.907       25.643 / 64.907       25.643 / 64.907      ms
[360.041s][info][gc,stats    ]    Subphase: Concurrent Mark Idle                          1.154 / 1.299         1.197 / 1.330         1.197 / 1.330         1.197 / 1.330       ms
[360.041s][info][gc,stats    ]    Subphase: Concurrent Mark Try Flush                     0.032 / 0.088         0.034 / 0.120         0.034 / 0.120         0.034 / 0.120       ms
[360.041s][info][gc,stats    ]    Subphase: Concurrent Mark Try Terminate                 0.393 / 1.302         0.443 / 1.361         0.443 / 1.361         0.443 / 1.361       ms
[360.041s][info][gc,stats    ]    Subphase: Concurrent References Enqueue                 0.000 / 0.000         0.000 / 0.003         0.000 / 0.003         0.000 / 0.003       ms
[360.041s][info][gc,stats    ]    Subphase: Concurrent References Process                 0.019 / 0.022         0.027 / 0.095         0.027 / 0.095         0.027 / 0.095       ms
[360.041s][info][gc,stats    ]    Subphase: Concurrent Roots ClassLoaderDataGraph         0.019 / 0.060         0.017 / 0.132         0.017 / 0.132         0.017 / 0.132       ms
[360.041s][info][gc,stats    ]    Subphase: Concurrent Roots CodeCache                    0.000 / 0.000         0.000 / 0.000         0.000 / 0.000         0.000 / 0.000       ms
[360.041s][info][gc,stats    ]    Subphase: Concurrent Roots JavaThreads                  0.207 / 0.327         0.208 / 0.485         0.208 / 0.485         0.208 / 0.485       ms
[360.041s][info][gc,stats    ]    Subphase: Concurrent Roots OopStorageSet                0.008 / 0.041         0.004 / 0.041         0.004 / 0.041         0.004 / 0.041       ms
[360.041s][info][gc,stats    ]    Subphase: Concurrent Weak Roots OopStorageSet           0.035 / 0.058         0.038 / 0.120         0.038 / 0.120         0.038 / 0.120       ms
[360.041s][info][gc,stats    ]    Subphase: Pause Mark Try Complete                       0.000 / 0.000         0.000 / 0.000         0.000 / 0.000         0.000 / 0.000       ms
[360.041s][info][gc,stats    ]      System: Java Threads                                     16 / 16               16 / 20               16 / 20               16 / 20          threads
[360.041s][info][gc,stats    ] =========================================================================================================================================================
[361.839s][info][gc,start    ] GC(183) Garbage Collection (Proactive)
[361.839s][info][gc,phases   ] GC(183) Pause Mark Start 0.006ms
[361.877s][info][gc,phases   ] GC(183) Concurrent Mark 37.724ms
[361.877s][info][gc,phases   ] GC(183) Pause Mark End 0.008ms
[361.878s][info][gc,phases   ] GC(183) Concurrent Process Non-Strong References 0.462ms
[361.878s][info][gc,phases   ] GC(183) Concurrent Reset Relocation Set 0.002ms
[361.881s][info][gc,phases   ] GC(183) Concurrent Select Relocation Set 2.881ms
[361.881s][info][gc,phases   ] GC(183) Pause Relocate Start 0.004ms
[361.881s][info][gc,phases   ] GC(183) Concurrent Relocate 0.516ms
[361.882s][info][gc,load     ] GC(183) Load: 3.67/3.71/3.64
[361.882s][info][gc,mmu      ] GC(183) MMU: 2ms/98.2%, 5ms/99.3%, 10ms/99.6%, 20ms/99.8%, 50ms/99.9%, 100ms/100.0%
[361.882s][info][gc,marking  ] GC(183) Mark: 2 stripe(s), 2 proactive flush(es), 1 terminate flush(es), 0 completion(s), 0 continuation(s) 
[361.882s][info][gc,nmethod  ] GC(183) NMethods: 484 registered, 0 unregistered
[361.882s][info][gc,metaspace] GC(183) Metaspace: 0M used, 0M committed, 1032M reserved
[361.882s][info][gc,ref      ] GC(183) Soft: 82 encountered, 0 discovered, 0 enqueued
[361.882s][info][gc,ref      ] GC(183) Weak: 200 encountered, 60 discovered, 0 enqueued
[361.882s][info][gc,ref      ] GC(183) Final: 0 encountered, 0 discovered, 0 enqueued
[361.882s][info][gc,ref      ] GC(183) Phantom: 5 encountered, 3 discovered, 0 enqueued
[361.882s][info][gc,reloc    ] GC(183) Small Pages: 1793 / 3586M, Empty: 3424M, Relocated: 3M, In-Place: 0
[361.882s][info][gc,reloc    ] GC(183) Medium Pages: 0 / 0M, Empty: 0M, Relocated: 0M, In-Place: 0
[361.882s][info][gc,reloc    ] GC(183) Large Pages: 0 / 0M, Empty: 0M, Relocated: 0M, In-Place: 0
[361.882s][info][gc,reloc    ] GC(183) Forwarding Usage: 0M
[361.882s][info][gc,heap     ] GC(183) Min Capacity: 8192M(100%)
[361.882s][info][gc,heap     ] GC(183) Max Capacity: 8192M(100%)
[361.882s][info][gc,heap     ] GC(183) Soft Max Capacity: 8192M(100%)
[361.882s][info][gc,heap     ] GC(183)                Mark Start          Mark End        Relocate Start      Relocate End           High               Low         
[361.882s][info][gc,heap     ] GC(183)  Capacity:     8192M (100%)       8192M (100%)       8192M (100%)       8192M (100%)       8192M (100%)       8192M (100%)   
[361.882s][info][gc,heap     ] GC(183)      Free:     4606M (56%)        4562M (56%)        7980M (97%)        7996M (98%)        7996M (98%)        4558M (56%)    
[361.882s][info][gc,heap     ] GC(183)      Used:     3586M (44%)        3630M (44%)         212M (3%)          196M (2%)         3634M (44%)         196M (2%)     
[361.882s][info][gc,heap     ] GC(183)      Live:         -               132M (2%)          132M (2%)          132M (2%)             -                  -          
[361.882s][info][gc,heap     ] GC(183) Allocated:         -                44M (1%)           50M (1%)           50M (1%)             -                  -          
[361.882s][info][gc,heap     ] GC(183)   Garbage:         -              3453M (42%)          29M (0%)           13M (0%)             -                  -          
[361.882s][info][gc,heap     ] GC(183) Reclaimed:         -                  -              3424M (42%)        3440M (42%)            -                  -          
[361.882s][info][gc          ] GC(183) Garbage Collection (Proactive) 3586M(44%)->196M(2%)
[364.740s][info][gc,start    ] GC(184) Garbage Collection (Proactive)
[364.740s][info][gc,phases   ] GC(184) Pause Mark Start 0.010ms
[364.765s][info][gc,phases   ] GC(184) Concurrent Mark 25.338ms
[364.765s][info][gc,phases   ] GC(184) Pause Mark End 0.008ms
[364.766s][info][gc,phases   ] GC(184) Concurrent Process Non-Strong References 0.427ms
[364.766s][info][gc,phases   ] GC(184) Concurrent Reset Relocation Set 0.002ms
[364.769s][info][gc,phases   ] GC(184) Concurrent Select Relocation Set 3.026ms
[364.771s][info][gc,phases   ] GC(184) Pause Relocate Start 0.004ms
[364.772s][info][gc,phases   ] GC(184) Concurrent Relocate 0.782ms
[364.772s][info][gc,load     ] GC(184) Load: 3.67/3.71/3.64
[364.772s][info][gc,mmu      ] GC(184) MMU: 2ms/98.2%, 5ms/99.3%, 10ms/99.6%, 20ms/99.8%, 50ms/99.9%, 100ms/100.0%
[364.772s][info][gc,marking  ] GC(184) Mark: 2 stripe(s), 2 proactive flush(es), 1 terminate flush(es), 0 completion(s), 0 continuation(s) 
[364.772s][info][gc,nmethod  ] GC(184) NMethods: 484 registered, 0 unregistered
[364.772s][info][gc,metaspace] GC(184) Metaspace: 0M used, 0M committed, 1032M reserved
[364.772s][info][gc,ref      ] GC(184) Soft: 82 encountered, 0 discovered, 0 enqueued
[364.772s][info][gc,ref      ] GC(184) Weak: 200 encountered, 50 discovered, 0 enqueued
[364.772s][info][gc,ref      ] GC(184) Final: 0 encountered, 0 discovered, 0 enqueued
[364.772s][info][gc,ref      ] GC(184) Phantom: 5 encountered, 5 discovered, 0 enqueued
[364.772s][info][gc,reloc    ] GC(184) Small Pages: 1586 / 3172M, Empty: 2968M, Relocated: 4M, In-Place: 0
[364.772s][info][gc,reloc    ] GC(184) Medium Pages: 0 / 0M, Empty: 0M, Relocated: 0M, In-Place: 0
[364.772s][info][gc,reloc    ] GC(184) Large Pages: 0 / 0M, Empty: 0M, Relocated: 0M, In-Place: 0
[364.772s][info][gc,reloc    ] GC(184) Forwarding Usage: 0M
[364.772s][info][gc,heap     ] GC(184) Min Capacity: 8192M(100%)
[364.772s][info][gc,heap     ] GC(184) Max Capacity: 8192M(100%)
[364.772s][info][gc,heap     ] GC(184) Soft Max Capacity: 8192M(100%)
[364.772s][info][gc,heap     ] GC(184)                Mark Start          Mark End        Relocate Start      Relocate End           High               Low         
[364.772s][info][gc,heap     ] GC(184)  Capacity:     8192M (100%)       8192M (100%)       8192M (100%)       8192M (100%)       8192M (100%)       8192M (100%)   
[364.772s][info][gc,heap     ] GC(184)      Free:     5020M (61%)        4996M (61%)        7956M (97%)        8014M (98%)        8014M (98%)        4994M (61%)    
[364.772s][info][gc,heap     ] GC(184)      Used:     3172M (39%)        3196M (39%)         236M (3%)          178M (2%)         3198M (39%)         178M (2%)     
[364.772s][info][gc,heap     ] GC(184)      Live:         -               132M (2%)          132M (2%)          132M (2%)             -                  -          
[364.772s][info][gc,heap     ] GC(184) Allocated:         -                24M (0%)           32M (0%)           32M (0%)             -                  -          
[364.772s][info][gc,heap     ] GC(184)   Garbage:         -              3039M (37%)          71M (1%)           13M (0%)             -                  -          
[364.772s][info][gc,heap     ] GC(184) Reclaimed:         -                  -              2968M (36%)        3026M (37%)            -                  -          
[364.772s][info][gc          ] GC(184) Garbage Collection (Proactive) 3172M(39%)->178M(2%)
[367.339s][info][gc,start    ] GC(185) Garbage Collection (Proactive)
[367.339s][info][gc,phases   ] GC(185) Pause Mark Start 0.005ms
[367.361s][info][gc,phases   ] GC(185) Concurrent Mark 21.282ms
[367.361s][info][gc,phases   ] GC(185) Pause Mark End 0.008ms
[367.361s][info][gc,phases   ] GC(185) Concurrent Process Non-Strong References 0.398ms
[367.361s][info][gc,phases   ] GC(185) Concurrent Reset Relocation Set 0.004ms
[367.364s][info][gc,phases   ] GC(185) Concurrent Select Relocation Set 3.080ms
[367.365s][info][gc,phases   ] GC(185) Pause Relocate Start 0.004ms
[367.366s][info][gc,phases   ] GC(185) Concurrent Relocate 1.156ms
[367.366s][info][gc,load     ] GC(185) Load: 3.46/3.66/3.62
[367.366s][info][gc,mmu      ] GC(185) MMU: 2ms/98.2%, 5ms/99.3%, 10ms/99.6%, 20ms/99.8%, 50ms/99.9%, 100ms/100.0%
[367.366s][info][gc,marking  ] GC(185) Mark: 2 stripe(s), 5 proactive flush(es), 1 terminate flush(es), 0 completion(s), 0 continuation(s) 
[367.366s][info][gc,nmethod  ] GC(185) NMethods: 484 registered, 0 unregistered
[367.366s][info][gc,metaspace] GC(185) Metaspace: 0M used, 0M committed, 1032M reserved
[367.366s][info][gc,ref      ] GC(185) Soft: 82 encountered, 0 discovered, 0 enqueued
[367.366s][info][gc,ref      ] GC(185) Weak: 200 encountered, 62 discovered, 0 enqueued
[367.366s][info][gc,ref      ] GC(185) Final: 0 encountered, 0 discovered, 0 enqueued
[367.366s][info][gc,ref      ] GC(185) Phantom: 5 encountered, 3 discovered, 0 enqueued
[367.366s][info][gc,reloc    ] GC(185) Small Pages: 1430 / 2860M, Empty: 2708M, Relocated: 8M, In-Place: 0
[367.366s][info][gc,reloc    ] GC(185) Medium Pages: 0 / 0M, Empty: 0M, Relocated: 0M, In-Place: 0
[367.366s][info][gc,reloc    ] GC(185) Large Pages: 0 / 0M, Empty: 0M, Relocated: 0M, In-Place: 0
[367.366s][info][gc,reloc    ] GC(185) Forwarding Usage: 0M
[367.366s][info][gc,heap     ] GC(185) Min Capacity: 8192M(100%)
[367.366s][info][gc,heap     ] GC(185) Max Capacity: 8192M(100%)
[367.366s][info][gc,heap     ] GC(185) Soft Max Capacity: 8192M(100%)
[367.366s][info][gc,heap     ] GC(185)                Mark Start          Mark End        Relocate Start      Relocate End           High               Low         
[367.366s][info][gc,heap     ] GC(185)  Capacity:     8192M (100%)       8192M (100%)       8192M (100%)       8192M (100%)       8192M (100%)       8192M (100%)   
[367.366s][info][gc,heap     ] GC(185)      Free:     5332M (65%)        5308M (65%)        8016M (98%)        8020M (98%)        8020M (98%)        5308M (65%)    
[367.366s][info][gc,heap     ] GC(185)      Used:     2860M (35%)        2884M (35%)         176M (2%)          172M (2%)         2884M (35%)         172M (2%)     
[367.366s][info][gc,heap     ] GC(185)      Live:         -               132M (2%)          132M (2%)          132M (2%)             -                  -          
[367.366s][info][gc,heap     ] GC(185) Allocated:         -                24M (0%)           24M (0%)           24M (0%)             -                  -          
[367.366s][info][gc,heap     ] GC(185)   Garbage:         -              2727M (33%)          19M (0%)           15M (0%)             -                  -          
[367.366s][info][gc,heap     ] GC(185) Reclaimed:         -                  -              2708M (33%)        2712M (33%)            -                  -          
[367.366s][info][gc          ] GC(185) Garbage Collection (Proactive) 2860M(35%)->172M(2%)
[369.540s][info][gc,start    ] GC(186) Garbage Collection (Proactive)
[369.540s][info][gc,phases   ] GC(186) Pause Mark Start 0.005ms
[369.561s][info][gc,phases   ] GC(186) Concurrent Mark 21.671ms
[369.562s][info][gc,phases   ] GC(186) Pause Mark End 0.008ms
[369.562s][info][gc,phases   ] GC(186) Concurrent Process Non-Strong References 0.348ms
[369.562s][info][gc,phases   ] GC(186) Concurrent Reset Relocation Set 0.002ms
[369.564s][info][gc,phases   ] GC(186) Concurrent Select Relocation Set 2.319ms
[369.564s][info][gc,phases   ] GC(186) Pause Relocate Start 0.003ms
[369.565s][info][gc,phases   ] GC(186) Concurrent Relocate 0.913ms
[369.565s][info][gc,load     ] GC(186) Load: 3.46/3.66/3.62
[369.565s][info][gc,mmu      ] GC(186) MMU: 2ms/98.2%, 5ms/99.3%, 10ms/99.6%, 20ms/99.8%, 50ms/99.9%, 100ms/100.0%
[369.565s][info][gc,marking  ] GC(186) Mark: 2 stripe(s), 2 proactive flush(es), 1 terminate flush(es), 0 completion(s), 0 continuation(s) 
[369.565s][info][gc,nmethod  ] GC(186) NMethods: 484 registered, 0 unregistered
[369.565s][info][gc,metaspace] GC(186) Metaspace: 0M used, 0M committed, 1032M reserved
[369.565s][info][gc,ref      ] GC(186) Soft: 82 encountered, 0 discovered, 0 enqueued
[369.565s][info][gc,ref      ] GC(186) Weak: 200 encountered, 64 discovered, 0 enqueued
[369.565s][info][gc,ref      ] GC(186) Final: 0 encountered, 0 discovered, 0 enqueued
[369.565s][info][gc,ref      ] GC(186) Phantom: 5 encountered, 5 discovered, 0 enqueued
[369.565s][info][gc,reloc    ] GC(186) Small Pages: 1222 / 2444M, Empty: 2290M, Relocated: 6M, In-Place: 0
[369.565s][info][gc,reloc    ] GC(186) Medium Pages: 0 / 0M, Empty: 0M, Relocated: 0M, In-Place: 0
[369.565s][info][gc,reloc    ] GC(186) Large Pages: 0 / 0M, Empty: 0M, Relocated: 0M, In-Place: 0
[369.565s][info][gc,reloc    ] GC(186) Forwarding Usage: 0M
[369.565s][info][gc,heap     ] GC(186) Min Capacity: 8192M(100%)
[369.565s][info][gc,heap     ] GC(186) Max Capacity: 8192M(100%)
[369.565s][info][gc,heap     ] GC(186) Soft Max Capacity: 8192M(100%)
[369.565s][info][gc,heap     ] GC(186)                Mark Start          Mark End        Relocate Start      Relocate End           High               Low         
[369.565s][info][gc,heap     ] GC(186)  Capacity:     8192M (100%)       8192M (100%)       8192M (100%)       8192M (100%)       8192M (100%)       8192M (100%)   
[369.565s][info][gc,heap     ] GC(186)      Free:     5748M (70%)        5724M (70%)        8014M (98%)        8018M (98%)        8020M (98%)        5724M (70%)    
[369.566s][info][gc,heap     ] GC(186)      Used:     2444M (30%)        2468M (30%)         178M (2%)          174M (2%)         2468M (30%)         172M (2%)     
[369.566s][info][gc,heap     ] GC(186)      Live:         -               132M (2%)          132M (2%)          132M (2%)             -                  -          
[369.566s][info][gc,heap     ] GC(186) Allocated:         -                24M (0%)           24M (0%)           26M (0%)             -                  -          
[369.566s][info][gc,heap     ] GC(186)   Garbage:         -              2311M (28%)          21M (0%)           15M (0%)             -                  -          
[369.566s][info][gc,heap     ] GC(186) Reclaimed:         -                  -              2290M (28%)        2296M (28%)            -                  -          
[369.566s][info][gc          ] GC(186) Garbage Collection (Proactive) 2444M(30%)->174M(2%)
[370.040s][info][gc,stats    ] === Garbage Collection Statistics =======================================================================================================================
[370.040s][info][gc,stats    ]                                                              Last 10s              Last 10m              Last 10h                Total
[370.040s][info][gc,stats    ]                                                              Avg / Max             Avg / Max             Avg / Max             Avg / Max
[370.040s][info][gc,stats    ]   Collector: Garbage Collection Cycle                     31.661 / 42.306       31.437 / 95.920       31.437 / 95.920       31.437 / 95.920      ms
[370.040s][info][gc,stats    ]  Contention: Mark Segment Reset Contention                     0 / 0                 0 / 4                 0 / 4                 0 / 4           ops/s
[370.040s][info][gc,stats    ]  Contention: Mark SeqNum Reset Contention                      0 / 0                 0 / 1                 0 / 1                 0 / 1           ops/s
[370.040s][info][gc,stats    ]    Critical: Allocation Stall                                  0 / 0                 0 / 0                 0 / 0                 0 / 0           ops/s
[370.040s][info][gc,stats    ]    Critical: Allocation Stall                              0.000 / 0.000         0.000 / 0.000         0.000 / 0.000         0.000 / 0.000       ms
[370.040s][info][gc,stats    ]    Critical: GC Locker Stall                                   0 / 0                 0 / 0                 0 / 0                 0 / 0           ops/s
[370.040s][info][gc,stats    ]    Critical: GC Locker Stall                               0.000 / 0.000         0.000 / 0.000         0.000 / 0.000         0.000 / 0.000       ms
[370.040s][info][gc,stats    ]    Critical: Relocation Stall                                  0 / 0                 0 / 0                 0 / 0                 0 / 0           ops/s
[370.040s][info][gc,stats    ]    Critical: Relocation Stall                              0.000 / 0.000         0.000 / 0.000         0.000 / 0.000         0.000 / 0.000       ms
[370.040s][info][gc,stats    ]      Memory: Allocation Rate                                1043 / 1050           1066 / 9212           1066 / 9212           1066 / 9212        MB/s
[370.040s][info][gc,stats    ]      Memory: Out Of Memory                                     0 / 0                 0 / 0                 0 / 0                 0 / 0           ops/s
[370.040s][info][gc,stats    ]      Memory: Page Cache Flush                                  0 / 0                 0 / 0                 0 / 0                 0 / 0           MB/s
[370.040s][info][gc,stats    ]      Memory: Page Cache Hit L1                               517 / 530             519 / 533             519 / 533             519 / 533         ops/s
[370.040s][info][gc,stats    ]      Memory: Page Cache Hit L2                                 0 / 0                 0 / 0                 0 / 0                 0 / 0           ops/s
[370.040s][info][gc,stats    ]      Memory: Page Cache Hit L3                                 6 / 61                4 / 486               4 / 486               4 / 486         ops/s
[370.040s][info][gc,stats    ]      Memory: Page Cache Miss                                   0 / 0                 0 / 1                 0 / 1                 0 / 1           ops/s
[370.040s][info][gc,stats    ]      Memory: Uncommit                                          0 / 0                 0 / 0                 0 / 0                 0 / 0           MB/s
[370.040s][info][gc,stats    ]      Memory: Undo Object Allocation Failed                     0 / 0                 0 / 0                 0 / 0                 0 / 0           ops/s
[370.040s][info][gc,stats    ]      Memory: Undo Object Allocation Succeeded                  0 / 0                 0 / 6                 0 / 6                 0 / 6           ops/s
[370.040s][info][gc,stats    ]      Memory: Undo Page Allocation                              0 / 0                 0 / 1                 0 / 1                 0 / 1           ops/s
[370.040s][info][gc,stats    ]       Phase: Concurrent Mark                              26.504 / 37.724       26.445 / 65.214       26.445 / 65.214       26.445 / 65.214      ms
[370.040s][info][gc,stats    ]       Phase: Concurrent Mark Continue                      0.000 / 0.000         0.000 / 0.000         0.000 / 0.000         0.000 / 0.000       ms
[370.040s][info][gc,stats    ]       Phase: Concurrent Process Non-Strong References      0.409 / 0.462         0.454 / 0.911         0.454 / 0.911         0.454 / 0.911       ms
[370.040s][info][gc,stats    ]       Phase: Concurrent Relocate                           0.842 / 1.156         0.976 / 16.651        0.976 / 16.651        0.976 / 16.651      ms
[370.040s][info][gc,stats    ]       Phase: Concurrent Reset Relocation Set               0.002 / 0.004         0.002 / 0.098         0.002 / 0.098         0.002 / 0.098       ms
[370.040s][info][gc,stats    ]       Phase: Concurrent Select Relocation Set              2.826 / 3.080         2.903 / 12.567        2.903 / 12.567        2.903 / 12.567      ms
[370.040s][info][gc,stats    ]       Phase: Pause Mark End                                0.008 / 0.008         0.009 / 0.025         0.009 / 0.025         0.009 / 0.025       ms
[370.040s][info][gc,stats    ]       Phase: Pause Mark Start                              0.007 / 0.010         0.006 / 0.036         0.006 / 0.036         0.006 / 0.036       ms
[370.041s][info][gc,stats    ]       Phase: Pause Relocate Start                          0.004 / 0.004         0.004 / 0.026         0.004 / 0.026         0.004 / 0.026       ms
[370.041s][info][gc,stats    ]    Subphase: Concurrent Classes Purge                      0.025 / 0.037         0.029 / 0.102         0.029 / 0.102         0.029 / 0.102       ms
[370.041s][info][gc,stats    ]    Subphase: Concurrent Classes Unlink                     0.269 / 0.291         0.294 / 0.571         0.294 / 0.571         0.294 / 0.571       ms
[370.041s][info][gc,stats    ]    Subphase: Concurrent Mark                              25.881 / 37.460       25.649 / 64.907       25.649 / 64.907       25.649 / 64.907      ms
[370.041s][info][gc,stats    ]    Subphase: Concurrent Mark Idle                          1.098 / 1.264         1.195 / 1.330         1.195 / 1.330         1.195 / 1.330       ms
[370.041s][info][gc,stats    ]    Subphase: Concurrent Mark Try Flush                     0.034 / 0.090         0.034 / 0.120         0.034 / 0.120         0.034 / 0.120       ms
[370.041s][info][gc,stats    ]    Subphase: Concurrent Mark Try Terminate                 0.376 / 1.266         0.442 / 1.361         0.442 / 1.361         0.442 / 1.361       ms
[370.041s][info][gc,stats    ]    Subphase: Concurrent References Enqueue                 0.000 / 0.000         0.000 / 0.003         0.000 / 0.003         0.000 / 0.003       ms
[370.041s][info][gc,stats    ]    Subphase: Concurrent References Process                 0.019 / 0.022         0.027 / 0.095         0.027 / 0.095         0.027 / 0.095       ms
[370.041s][info][gc,stats    ]    Subphase: Concurrent Roots ClassLoaderDataGraph         0.018 / 0.039         0.018 / 0.132         0.018 / 0.132         0.018 / 0.132       ms
[370.041s][info][gc,stats    ]    Subphase: Concurrent Roots CodeCache                    0.000 / 0.000         0.000 / 0.000         0.000 / 0.000         0.000 / 0.000       ms
[370.041s][info][gc,stats    ]    Subphase: Concurrent Roots JavaThreads                  0.177 / 0.216         0.208 / 0.485         0.208 / 0.485         0.208 / 0.485       ms
[370.041s][info][gc,stats    ]    Subphase: Concurrent Roots OopStorageSet                0.003 / 0.005         0.004 / 0.041         0.004 / 0.041         0.004 / 0.041       ms
[370.041s][info][gc,stats    ]    Subphase: Concurrent Weak Roots OopStorageSet           0.035 / 0.038         0.038 / 0.120         0.038 / 0.120         0.038 / 0.120       ms
[370.041s][info][gc,stats    ]    Subphase: Pause Mark Try Complete                       0.000 / 0.000         0.000 / 0.000         0.000 / 0.000         0.000 / 0.000       ms
[370.041s][info][gc,stats    ]      System: Java Threads                                     16 / 16               16 / 20               16 / 20               16 / 20          threads
[370.041s][info][gc,stats    ] =========================================================================================================================================================
[371.441s][info][gc,start    ] GC(187) Garbage Collection (Proactive)
[371.441s][info][gc,phases   ] GC(187) Pause Mark Start 0.006ms
[371.465s][info][gc,phases   ] GC(187) Concurrent Mark 24.497ms
[371.465s][info][gc,phases   ] GC(187) Pause Mark End 0.008ms
[371.466s][info][gc,phases   ] GC(187) Concurrent Process Non-Strong References 0.521ms
[371.466s][info][gc,phases   ] GC(187) Concurrent Reset Relocation Set 0.002ms
[371.469s][info][gc,phases   ] GC(187) Concurrent Select Relocation Set 2.982ms
[371.469s][info][gc,phases   ] GC(187) Pause Relocate Start 0.003ms
[371.470s][info][gc,phases   ] GC(187) Concurrent Relocate 0.671ms
[371.470s][info][gc,load     ] GC(187) Load: 3.50/3.67/3.62
[371.470s][info][gc,mmu      ] GC(187) MMU: 2ms/98.2%, 5ms/99.3%, 10ms/99.6%, 20ms/99.8%, 50ms/99.9%, 100ms/100.0%
[371.470s][info][gc,marking  ] GC(187) Mark: 2 stripe(s), 2 proactive flush(es), 1 terminate flush(es), 0 completion(s), 0 continuation(s) 
[371.470s][info][gc,nmethod  ] GC(187) NMethods: 484 registered, 0 unregistered
[371.470s][info][gc,metaspace] GC(187) Metaspace: 0M used, 0M committed, 1032M reserved
[371.470s][info][gc,ref      ] GC(187) Soft: 82 encountered, 0 discovered, 0 enqueued
[371.470s][info][gc,ref      ] GC(187) Weak: 200 encountered, 50 discovered, 0 enqueued
[371.470s][info][gc,ref      ] GC(187) Final: 0 encountered, 0 discovered, 0 enqueued
[371.470s][info][gc,ref      ] GC(187) Phantom: 5 encountered, 3 discovered, 0 enqueued
[371.470s][info][gc,reloc    ] GC(187) Small Pages: 1066 / 2132M, Empty: 1976M, Relocated: 5M, In-Place: 0
[371.470s][info][gc,reloc    ] GC(187) Medium Pages: 0 / 0M, Empty: 0M, Relocated: 0M, In-Place: 0
[371.470s][info][gc,reloc    ] GC(187) Large Pages: 0 / 0M, Empty: 0M, Relocated: 0M, In-Place: 0
[371.470s][info][gc,reloc    ] GC(187) Forwarding Usage: 0M
[371.470s][info][gc,heap     ] GC(187) Min Capacity: 8192M(100%)
[371.470s][info][gc,heap     ] GC(187) Max Capacity: 8192M(100%)
[371.470s][info][gc,heap     ] GC(187) Soft Max Capacity: 8192M(100%)
[371.470s][info][gc,heap     ] GC(187)                Mark Start          Mark End        Relocate Start      Relocate End           High               Low         
[371.470s][info][gc,heap     ] GC(187)  Capacity:     8192M (100%)       8192M (100%)       8192M (100%)       8192M (100%)       8192M (100%)       8192M (100%)   
[371.470s][info][gc,heap     ] GC(187)      Free:     6060M (74%)        6036M (74%)        8004M (98%)        8012M (98%)        8012M (98%)        6036M (74%)    
[371.470s][info][gc,heap     ] GC(187)      Used:     2132M (26%)        2156M (26%)         188M (2%)          180M (2%)         2156M (26%)         180M (2%)     
[371.470s][info][gc,heap     ] GC(187)      Live:         -               132M (2%)          132M (2%)          132M (2%)             -                  -          
[371.470s][info][gc,heap     ] GC(187) Allocated:         -                24M (0%)           32M (0%)           32M (0%)             -                  -          
[371.470s][info][gc,heap     ] GC(187)   Garbage:         -              1999M (24%)          23M (0%)           15M (0%)             -                  -          
[371.470s][info][gc,heap     ] GC(187) Reclaimed:         -                  -              1976M (24%)        1984M (24%)            -                  -          
[371.470s][info][gc          ] GC(187) Garbage Collection (Proactive) 2132M(26%)->180M(2%)
[373.240s][info][gc,start    ] GC(188) Garbage Collection (Proactive)
[373.240s][info][gc,phases   ] GC(188) Pause Mark Start 0.006ms
[373.271s][info][gc,phases   ] GC(188) Concurrent Mark 30.189ms
[373.271s][info][gc,phases   ] GC(188) Pause Mark End 0.010ms
[373.271s][info][gc,phases   ] GC(188) Concurrent Process Non-Strong References 0.527ms
[373.271s][info][gc,phases   ] GC(188) Concurrent Reset Relocation Set 0.002ms
[373.275s][info][gc,phases   ] GC(188) Concurrent Select Relocation Set 3.444ms
[373.275s][info][gc,phases   ] GC(188) Pause Relocate Start 0.007ms
[373.276s][info][gc,phases   ] GC(188) Concurrent Relocate 1.179ms
[373.276s][info][gc,load     ] GC(188) Load: 3.50/3.67/3.62
[373.276s][info][gc,mmu      ] GC(188) MMU: 2ms/98.2%, 5ms/99.3%, 10ms/99.6%, 20ms/99.8%, 50ms/99.9%, 100ms/100.0%
[373.276s][info][gc,marking  ] GC(188) Mark: 2 stripe(s), 2 proactive flush(es), 1 terminate flush(es), 0 completion(s), 0 continuation(s) 
[373.276s][info][gc,nmethod  ] GC(188) NMethods: 484 registered, 0 unregistered
[373.276s][info][gc,metaspace] GC(188) Metaspace: 0M used, 0M committed, 1032M reserved
[373.276s][info][gc,ref      ] GC(188) Soft: 82 encountered, 0 discovered, 0 enqueued
[373.276s][info][gc,ref      ] GC(188) Weak: 200 encountered, 64 discovered, 0 enqueued
[373.276s][info][gc,ref      ] GC(188) Final: 0 encountered, 0 discovered, 0 enqueued
[373.276s][info][gc,ref      ] GC(188) Phantom: 5 encountered, 5 discovered, 0 enqueued
[373.276s][info][gc,reloc    ] GC(188) Small Pages: 1014 / 2028M, Empty: 1874M, Relocated: 5M, In-Place: 0
[373.276s][info][gc,reloc    ] GC(188) Medium Pages: 0 / 0M, Empty: 0M, Relocated: 0M, In-Place: 0
[373.276s][info][gc,reloc    ] GC(188) Large Pages: 0 / 0M, Empty: 0M, Relocated: 0M, In-Place: 0
[373.276s][info][gc,reloc    ] GC(188) Forwarding Usage: 0M
[373.276s][info][gc,heap     ] GC(188) Min Capacity: 8192M(100%)
[373.276s][info][gc,heap     ] GC(188) Max Capacity: 8192M(100%)
[373.276s][info][gc,heap     ] GC(188) Soft Max Capacity: 8192M(100%)
[373.276s][info][gc,heap     ] GC(188)                Mark Start          Mark End        Relocate Start      Relocate End           High               Low         
[373.276s][info][gc,heap     ] GC(188)  Capacity:     8192M (100%)       8192M (100%)       8192M (100%)       8192M (100%)       8192M (100%)       8192M (100%)   
[373.277s][info][gc,heap     ] GC(188)      Free:     6164M (75%)        6130M (75%)        8004M (98%)        8006M (98%)        8010M (98%)        6130M (75%)    
[373.277s][info][gc,heap     ] GC(188)      Used:     2028M (25%)        2062M (25%)         188M (2%)          186M (2%)         2062M (25%)         182M (2%)     
[373.277s][info][gc,heap     ] GC(188)      Live:         -               132M (2%)          132M (2%)          132M (2%)             -                  -          
[373.277s][info][gc,heap     ] GC(188) Allocated:         -                34M (0%)           34M (0%)           38M (0%)             -                  -          
[373.277s][info][gc,heap     ] GC(188)   Garbage:         -              1895M (23%)          21M (0%)           15M (0%)             -                  -          
[373.277s][info][gc,heap     ] GC(188) Reclaimed:         -                  -              1874M (23%)        1880M (23%)            -                  -          
[373.277s][info][gc          ] GC(188) Garbage Collection (Proactive) 2028M(25%)->186M(2%)
[375.540s][info][gc,start    ] GC(189) Garbage Collection (Proactive)
[375.540s][info][gc,phases   ] GC(189) Pause Mark Start 0.007ms
[375.566s][info][gc,phases   ] GC(189) Concurrent Mark 25.912ms
[375.566s][info][gc,phases   ] GC(189) Pause Mark End 0.008ms
[375.567s][info][gc,phases   ] GC(189) Concurrent Process Non-Strong References 0.484ms
[375.567s][info][gc,phases   ] GC(189) Concurrent Reset Relocation Set 0.002ms
[375.570s][info][gc,phases   ] GC(189) Concurrent Select Relocation Set 2.996ms
[375.570s][info][gc,phases   ] GC(189) Pause Relocate Start 0.004ms
[375.571s][info][gc,phases   ] GC(189) Concurrent Relocate 0.918ms
[375.571s][info][gc,load     ] GC(189) Load: 3.50/3.67/3.62
[375.571s][info][gc,mmu      ] GC(189) MMU: 2ms/98.2%, 5ms/99.3%, 10ms/99.6%, 20ms/99.8%, 50ms/99.9%, 100ms/100.0%
[375.571s][info][gc,marking  ] GC(189) Mark: 2 stripe(s), 2 proactive flush(es), 1 terminate flush(es), 0 completion(s), 0 continuation(s) 
[375.571s][info][gc,nmethod  ] GC(189) NMethods: 484 registered, 0 unregistered
[375.571s][info][gc,metaspace] GC(189) Metaspace: 0M used, 0M committed, 1032M reserved
[375.571s][info][gc,ref      ] GC(189) Soft: 82 encountered, 0 discovered, 0 enqueued
[375.571s][info][gc,ref      ] GC(189) Weak: 200 encountered, 50 discovered, 0 enqueued
[375.571s][info][gc,ref      ] GC(189) Final: 0 encountered, 0 discovered, 0 enqueued
[375.571s][info][gc,ref      ] GC(189) Phantom: 5 encountered, 3 discovered, 0 enqueued
[375.571s][info][gc,reloc    ] GC(189) Small Pages: 1274 / 2548M, Empty: 2394M, Relocated: 6M, In-Place: 0
[375.571s][info][gc,reloc    ] GC(189) Medium Pages: 0 / 0M, Empty: 0M, Relocated: 0M, In-Place: 0
[375.571s][info][gc,reloc    ] GC(189) Large Pages: 0 / 0M, Empty: 0M, Relocated: 0M, In-Place: 0
[375.571s][info][gc,reloc    ] GC(189) Forwarding Usage: 0M
[375.571s][info][gc,heap     ] GC(189) Min Capacity: 8192M(100%)
[375.571s][info][gc,heap     ] GC(189) Max Capacity: 8192M(100%)
[375.571s][info][gc,heap     ] GC(189) Soft Max Capacity: 8192M(100%)
[375.571s][info][gc,heap     ] GC(189)                Mark Start          Mark End        Relocate Start      Relocate End           High               Low         
[375.571s][info][gc,heap     ] GC(189)  Capacity:     8192M (100%)       8192M (100%)       8192M (100%)       8192M (100%)       8192M (100%)       8192M (100%)   
[375.571s][info][gc,heap     ] GC(189)      Free:     5644M (69%)        5616M (69%)        8006M (98%)        8014M (98%)        8014M (98%)        5612M (69%)    
[375.571s][info][gc,heap     ] GC(189)      Used:     2548M (31%)        2576M (31%)         186M (2%)          178M (2%)         2580M (31%)         178M (2%)     
[375.571s][info][gc,heap     ] GC(189)      Live:         -               132M (2%)          132M (2%)          132M (2%)             -                  -          
[375.571s][info][gc,heap     ] GC(189) Allocated:         -                28M (0%)           32M (0%)           32M (0%)             -                  -          
[375.571s][info][gc,heap     ] GC(189)   Garbage:         -              2415M (29%)          21M (0%)           13M (0%)             -                  -          
[375.571s][info][gc,heap     ] GC(189) Reclaimed:         -                  -              2394M (29%)        2402M (29%)            -                  -          
[375.571s][info][gc          ] GC(189) Garbage Collection (Proactive) 2548M(31%)->178M(2%)
[377.539s][info][gc,start    ] GC(190) Garbage Collection (Proactive)
[377.539s][info][gc,phases   ] GC(190) Pause Mark Start 0.006ms
[377.566s][info][gc,phases   ] GC(190) Concurrent Mark 27.264ms
[377.567s][info][gc,phases   ] GC(190) Pause Mark End 0.010ms
[377.567s][info][gc,phases   ] GC(190) Concurrent Process Non-Strong References 0.591ms
[377.567s][info][gc,phases   ] GC(190) Concurrent Reset Relocation Set 0.002ms
[377.570s][info][gc,phases   ] GC(190) Concurrent Select Relocation Set 2.989ms
[377.571s][info][gc,phases   ] GC(190) Pause Relocate Start 0.005ms
[377.571s][info][gc,phases   ] GC(190) Concurrent Relocate 0.935ms
[377.572s][info][gc,load     ] GC(190) Load: 3.46/3.66/3.62
[377.572s][info][gc,mmu      ] GC(190) MMU: 2ms/98.2%, 5ms/99.3%, 10ms/99.6%, 20ms/99.8%, 50ms/99.9%, 100ms/100.0%
[377.572s][info][gc,marking  ] GC(190) Mark: 2 stripe(s), 2 proactive flush(es), 1 terminate flush(es), 0 completion(s), 0 continuation(s) 
[377.572s][info][gc,nmethod  ] GC(190) NMethods: 484 registered, 0 unregistered
[377.572s][info][gc,metaspace] GC(190) Metaspace: 0M used, 0M committed, 1032M reserved
[377.572s][info][gc,ref      ] GC(190) Soft: 82 encountered, 0 discovered, 0 enqueued
[377.572s][info][gc,ref      ] GC(190) Weak: 200 encountered, 59 discovered, 0 enqueued
[377.572s][info][gc,ref      ] GC(190) Final: 0 encountered, 0 discovered, 0 enqueued
[377.572s][info][gc,ref      ] GC(190) Phantom: 5 encountered, 3 discovered, 0 enqueued
[377.572s][info][gc,reloc    ] GC(190) Small Pages: 1118 / 2236M, Empty: 2084M, Relocated: 4M, In-Place: 0
[377.572s][info][gc,reloc    ] GC(190) Medium Pages: 0 / 0M, Empty: 0M, Relocated: 0M, In-Place: 0
[377.572s][info][gc,reloc    ] GC(190) Large Pages: 0 / 0M, Empty: 0M, Relocated: 0M, In-Place: 0
[377.572s][info][gc,reloc    ] GC(190) Forwarding Usage: 0M
[377.572s][info][gc,heap     ] GC(190) Min Capacity: 8192M(100%)
[377.572s][info][gc,heap     ] GC(190) Max Capacity: 8192M(100%)
[377.572s][info][gc,heap     ] GC(190) Soft Max Capacity: 8192M(100%)
[377.572s][info][gc,heap     ] GC(190)                Mark Start          Mark End        Relocate Start      Relocate End           High               Low         
[377.572s][info][gc,heap     ] GC(190)  Capacity:     8192M (100%)       8192M (100%)       8192M (100%)       8192M (100%)       8192M (100%)       8192M (100%)   
[377.572s][info][gc,heap     ] GC(190)      Free:     5956M (73%)        5924M (72%)        8008M (98%)        8012M (98%)        8012M (98%)        5924M (72%)    
[377.572s][info][gc,heap     ] GC(190)      Used:     2236M (27%)        2268M (28%)         184M (2%)          180M (2%)         2268M (28%)         180M (2%)     
[377.572s][info][gc,heap     ] GC(190)      Live:         -               132M (2%)          132M (2%)          132M (2%)             -                  -          
[377.572s][info][gc,heap     ] GC(190) Allocated:         -                32M (0%)           32M (0%)           32M (0%)             -                  -          
[377.572s][info][gc,heap     ] GC(190)   Garbage:         -              2103M (26%)          19M (0%)           15M (0%)             -                  -          
[377.572s][info][gc,heap     ] GC(190) Reclaimed:         -                  -              2084M (25%)        2088M (25%)            -                  -          
[377.572s][info][gc          ] GC(190) Garbage Collection (Proactive) 2236M(27%)->180M(2%)
[379.439s][info][gc,start    ] GC(191) Garbage Collection (Proactive)
[379.439s][info][gc,phases   ] GC(191) Pause Mark Start 0.007ms
[379.464s][info][gc,phases   ] GC(191) Concurrent Mark 24.241ms
[379.464s][info][gc,phases   ] GC(191) Pause Mark End 0.009ms
[379.464s][info][gc,phases   ] GC(191) Concurrent Process Non-Strong References 0.470ms
[379.464s][info][gc,phases   ] GC(191) Concurrent Reset Relocation Set 0.001ms
[379.467s][info][gc,phases   ] GC(191) Concurrent Select Relocation Set 2.835ms
[379.467s][info][gc,phases   ] GC(191) Pause Relocate Start 0.004ms
[379.468s][info][gc,phases   ] GC(191) Concurrent Relocate 0.784ms
[379.468s][info][gc,load     ] GC(191) Load: 3.46/3.66/3.62
[379.468s][info][gc,mmu      ] GC(191) MMU: 2ms/98.2%, 5ms/99.3%, 10ms/99.6%, 20ms/99.8%, 50ms/99.9%, 100ms/100.0%
[379.468s][info][gc,marking  ] GC(191) Mark: 2 stripe(s), 2 proactive flush(es), 1 terminate flush(es), 0 completion(s), 0 continuation(s) 
[379.468s][info][gc,nmethod  ] GC(191) NMethods: 484 registered, 0 unregistered
[379.468s][info][gc,metaspace] GC(191) Metaspace: 0M used, 0M committed, 1032M reserved
[379.468s][info][gc,ref      ] GC(191) Soft: 82 encountered, 0 discovered, 0 enqueued
[379.468s][info][gc,ref      ] GC(191) Weak: 200 encountered, 51 discovered, 0 enqueued
[379.468s][info][gc,ref      ] GC(191) Final: 0 encountered, 0 discovered, 0 enqueued
[379.468s][info][gc,ref      ] GC(191) Phantom: 5 encountered, 3 discovered, 0 enqueued
[379.468s][info][gc,reloc    ] GC(191) Small Pages: 1066 / 2132M, Empty: 1978M, Relocated: 4M, In-Place: 0
[379.468s][info][gc,reloc    ] GC(191) Medium Pages: 0 / 0M, Empty: 0M, Relocated: 0M, In-Place: 0
[379.468s][info][gc,reloc    ] GC(191) Large Pages: 0 / 0M, Empty: 0M, Relocated: 0M, In-Place: 0
[379.468s][info][gc,reloc    ] GC(191) Forwarding Usage: 0M
[379.468s][info][gc,heap     ] GC(191) Min Capacity: 8192M(100%)
[379.468s][info][gc,heap     ] GC(191) Max Capacity: 8192M(100%)
[379.468s][info][gc,heap     ] GC(191) Soft Max Capacity: 8192M(100%)
[379.468s][info][gc,heap     ] GC(191)                Mark Start          Mark End        Relocate Start      Relocate End           High               Low         
[379.468s][info][gc,heap     ] GC(191)  Capacity:     8192M (100%)       8192M (100%)       8192M (100%)       8192M (100%)       8192M (100%)       8192M (100%)   
[379.468s][info][gc,heap     ] GC(191)      Free:     6060M (74%)        6036M (74%)        8006M (98%)        8012M (98%)        8012M (98%)        6036M (74%)    
[379.468s][info][gc,heap     ] GC(191)      Used:     2132M (26%)        2156M (26%)         186M (2%)          180M (2%)         2156M (26%)         180M (2%)     
[379.468s][info][gc,heap     ] GC(191)      Live:         -               132M (2%)          132M (2%)          132M (2%)             -                  -          
[379.468s][info][gc,heap     ] GC(191) Allocated:         -                24M (0%)           32M (0%)           32M (0%)             -                  -          
[379.468s][info][gc,heap     ] GC(191)   Garbage:         -              1999M (24%)          21M (0%)           15M (0%)             -                  -          
[379.469s][info][gc,heap     ] GC(191) Reclaimed:         -                  -              1978M (24%)        1984M (24%)            -                  -          
[379.469s][info][gc          ] GC(191) Garbage Collection (Proactive) 2132M(26%)->180M(2%)
[380.040s][info][gc,stats    ] === Garbage Collection Statistics =======================================================================================================================
[380.040s][info][gc,stats    ]                                                              Last 10s              Last 10m              Last 10h                Total
[380.040s][info][gc,stats    ]                                                              Avg / Max             Avg / Max             Avg / Max             Avg / Max
[380.040s][info][gc,stats    ]   Collector: Garbage Collection Cycle                     31.588 / 36.021       31.441 / 95.920       31.441 / 95.920       31.441 / 95.920      ms
[380.040s][info][gc,stats    ]  Contention: Mark Segment Reset Contention                     0 / 3                 0 / 4                 0 / 4                 0 / 4           ops/s
[380.040s][info][gc,stats    ]  Contention: Mark SeqNum Reset Contention                      0 / 0                 0 / 1                 0 / 1                 0 / 1           ops/s
[380.040s][info][gc,stats    ]    Critical: Allocation Stall                                  0 / 0                 0 / 0                 0 / 0                 0 / 0           ops/s
[380.040s][info][gc,stats    ]    Critical: Allocation Stall                              0.000 / 0.000         0.000 / 0.000         0.000 / 0.000         0.000 / 0.000       ms
[380.040s][info][gc,stats    ]    Critical: GC Locker Stall                                   0 / 0                 0 / 0                 0 / 0                 0 / 0           ops/s
[380.040s][info][gc,stats    ]    Critical: GC Locker Stall                               0.000 / 0.000         0.000 / 0.000         0.000 / 0.000         0.000 / 0.000       ms
[380.040s][info][gc,stats    ]    Critical: Relocation Stall                                  0 / 0                 0 / 0                 0 / 0                 0 / 0           ops/s
[380.040s][info][gc,stats    ]    Critical: Relocation Stall                              0.000 / 0.000         0.000 / 0.000         0.000 / 0.000         0.000 / 0.000       ms
[380.040s][info][gc,stats    ]      Memory: Allocation Rate                                1044 / 1050           1066 / 9212           1066 / 9212           1066 / 9212        MB/s
[380.040s][info][gc,stats    ]      Memory: Out Of Memory                                     0 / 0                 0 / 0                 0 / 0                 0 / 0           ops/s
[380.040s][info][gc,stats    ]      Memory: Page Cache Flush                                  0 / 0                 0 / 0                 0 / 0                 0 / 0           MB/s
[380.040s][info][gc,stats    ]      Memory: Page Cache Hit L1                               524 / 529             519 / 533             519 / 533             519 / 533         ops/s
[380.040s][info][gc,stats    ]      Memory: Page Cache Hit L2                                 0 / 0                 0 / 0                 0 / 0                 0 / 0           ops/s
[380.040s][info][gc,stats    ]      Memory: Page Cache Hit L3                                 0 / 0                 4 / 486               4 / 486               4 / 486         ops/s
[380.040s][info][gc,stats    ]      Memory: Page Cache Miss                                   0 / 0                 0 / 1                 0 / 1                 0 / 1           ops/s
[380.040s][info][gc,stats    ]      Memory: Uncommit                                          0 / 0                 0 / 0                 0 / 0                 0 / 0           MB/s
[380.040s][info][gc,stats    ]      Memory: Undo Object Allocation Failed                     0 / 0                 0 / 0                 0 / 0                 0 / 0           ops/s
[380.040s][info][gc,stats    ]      Memory: Undo Object Allocation Succeeded                  0 / 0                 0 / 6                 0 / 6                 0 / 6           ops/s
[380.040s][info][gc,stats    ]      Memory: Undo Page Allocation                              0 / 1                 0 / 1                 0 / 1                 0 / 1           ops/s
[380.040s][info][gc,stats    ]       Phase: Concurrent Mark                              26.421 / 30.189       26.445 / 65.214       26.445 / 65.214       26.445 / 65.214      ms
[380.040s][info][gc,stats    ]       Phase: Concurrent Mark Continue                      0.000 / 0.000         0.000 / 0.000         0.000 / 0.000         0.000 / 0.000       ms
[380.040s][info][gc,stats    ]       Phase: Concurrent Process Non-Strong References      0.518 / 0.591         0.455 / 0.911         0.455 / 0.911         0.455 / 0.911       ms
[380.040s][info][gc,stats    ]       Phase: Concurrent Relocate                           0.897 / 1.179         0.974 / 16.651        0.974 / 16.651        0.974 / 16.651      ms
[380.040s][info][gc,stats    ]       Phase: Concurrent Reset Relocation Set               0.002 / 0.002         0.002 / 0.098         0.002 / 0.098         0.002 / 0.098       ms
[380.040s][info][gc,stats    ]       Phase: Concurrent Select Relocation Set              3.049 / 3.444         2.907 / 12.567        2.907 / 12.567        2.907 / 12.567      ms
[380.041s][info][gc,stats    ]       Phase: Pause Mark End                                0.009 / 0.010         0.009 / 0.025         0.009 / 0.025         0.009 / 0.025       ms
[380.041s][info][gc,stats    ]       Phase: Pause Mark Start                              0.007 / 0.007         0.006 / 0.036         0.006 / 0.036         0.006 / 0.036       ms
[380.041s][info][gc,stats    ]       Phase: Pause Relocate Start                          0.004 / 0.007         0.004 / 0.026         0.004 / 0.026         0.004 / 0.026       ms
[380.041s][info][gc,stats    ]    Subphase: Concurrent Classes Purge                      0.039 / 0.072         0.030 / 0.102         0.030 / 0.102         0.030 / 0.102       ms
[380.041s][info][gc,stats    ]    Subphase: Concurrent Classes Unlink                     0.320 / 0.385         0.295 / 0.571         0.295 / 0.571         0.295 / 0.571       ms
[380.041s][info][gc,stats    ]    Subphase: Concurrent Mark                              25.586 / 29.869       25.647 / 64.907       25.647 / 64.907       25.647 / 64.907      ms
[380.041s][info][gc,stats    ]    Subphase: Concurrent Mark Idle                          1.184 / 1.263         1.194 / 1.330         1.194 / 1.330         1.194 / 1.330       ms
[380.041s][info][gc,stats    ]    Subphase: Concurrent Mark Try Flush                     0.042 / 0.094         0.035 / 0.120         0.035 / 0.120         0.035 / 0.120       ms
[380.041s][info][gc,stats    ]    Subphase: Concurrent Mark Try Terminate                 0.454 / 1.265         0.442 / 1.361         0.442 / 1.361         0.442 / 1.361       ms
[380.041s][info][gc,stats    ]    Subphase: Concurrent References Enqueue                 0.000 / 0.001         0.000 / 0.003         0.000 / 0.003         0.000 / 0.003       ms
[380.041s][info][gc,stats    ]    Subphase: Concurrent References Process                 0.023 / 0.027         0.027 / 0.095         0.027 / 0.095         0.027 / 0.095       ms
[380.041s][info][gc,stats    ]    Subphase: Concurrent Roots ClassLoaderDataGraph         0.020 / 0.041         0.018 / 0.132         0.018 / 0.132         0.018 / 0.132       ms
[380.041s][info][gc,stats    ]    Subphase: Concurrent Roots CodeCache                    0.000 / 0.000         0.000 / 0.000         0.000 / 0.000         0.000 / 0.000       ms
[380.041s][info][gc,stats    ]    Subphase: Concurrent Roots JavaThreads                  0.253 / 0.304         0.209 / 0.485         0.209 / 0.485         0.209 / 0.485       ms
[380.041s][info][gc,stats    ]    Subphase: Concurrent Roots OopStorageSet                0.004 / 0.006         0.004 / 0.041         0.004 / 0.041         0.004 / 0.041       ms
[380.041s][info][gc,stats    ]    Subphase: Concurrent Weak Roots OopStorageSet           0.042 / 0.055         0.038 / 0.120         0.038 / 0.120         0.038 / 0.120       ms
[380.041s][info][gc,stats    ]    Subphase: Pause Mark Try Complete                       0.000 / 0.000         0.000 / 0.000         0.000 / 0.000         0.000 / 0.000       ms
[380.041s][info][gc,stats    ]      System: Java Threads                                     16 / 16               16 / 20               16 / 20               16 / 20          threads
[380.041s][info][gc,stats    ] =========================================================================================================================================================
[381.240s][info][gc,start    ] GC(192) Garbage Collection (Proactive)
[381.241s][info][gc,phases   ] GC(192) Pause Mark Start 0.006ms
[381.264s][info][gc,phases   ] GC(192) Concurrent Mark 23.846ms
[381.265s][info][gc,phases   ] GC(192) Pause Mark End 0.010ms
[381.265s][info][gc,phases   ] GC(192) Concurrent Process Non-Strong References 0.509ms
[381.265s][info][gc,phases   ] GC(192) Concurrent Reset Relocation Set 0.002ms
[381.268s][info][gc,phases   ] GC(192) Concurrent Select Relocation Set 2.965ms
[381.268s][info][gc,phases   ] GC(192) Pause Relocate Start 0.005ms
[381.269s][info][gc,phases   ] GC(192) Concurrent Relocate 0.692ms
[381.269s][info][gc,load     ] GC(192) Load: 3.59/3.68/3.63
[381.269s][info][gc,mmu      ] GC(192) MMU: 2ms/98.2%, 5ms/99.3%, 10ms/99.6%, 20ms/99.8%, 50ms/99.9%, 100ms/100.0%
[381.269s][info][gc,marking  ] GC(192) Mark: 2 stripe(s), 2 proactive flush(es), 1 terminate flush(es), 0 completion(s), 0 continuation(s) 
[381.269s][info][gc,nmethod  ] GC(192) NMethods: 484 registered, 0 unregistered
[381.269s][info][gc,metaspace] GC(192) Metaspace: 0M used, 0M committed, 1032M reserved
[381.269s][info][gc,ref      ] GC(192) Soft: 82 encountered, 0 discovered, 0 enqueued
[381.269s][info][gc,ref      ] GC(192) Weak: 200 encountered, 187 discovered, 0 enqueued
[381.269s][info][gc,ref      ] GC(192) Final: 0 encountered, 0 discovered, 0 enqueued
[381.269s][info][gc,ref      ] GC(192) Phantom: 5 encountered, 3 discovered, 0 enqueued
[381.269s][info][gc,reloc    ] GC(192) Small Pages: 1014 / 2028M, Empty: 1874M, Relocated: 4M, In-Place: 0
[381.269s][info][gc,reloc    ] GC(192) Medium Pages: 0 / 0M, Empty: 0M, Relocated: 0M, In-Place: 0
[381.269s][info][gc,reloc    ] GC(192) Large Pages: 0 / 0M, Empty: 0M, Relocated: 0M, In-Place: 0
[381.269s][info][gc,reloc    ] GC(192) Forwarding Usage: 0M
[381.269s][info][gc,heap     ] GC(192) Min Capacity: 8192M(100%)
[381.269s][info][gc,heap     ] GC(192) Max Capacity: 8192M(100%)
[381.269s][info][gc,heap     ] GC(192) Soft Max Capacity: 8192M(100%)
[381.269s][info][gc,heap     ] GC(192)                Mark Start          Mark End        Relocate Start      Relocate End           High               Low         
[381.269s][info][gc,heap     ] GC(192)  Capacity:     8192M (100%)       8192M (100%)       8192M (100%)       8192M (100%)       8192M (100%)       8192M (100%)   
[381.269s][info][gc,heap     ] GC(192)      Free:     6164M (75%)        6140M (75%)        8006M (98%)        8012M (98%)        8012M (98%)        6140M (75%)    
[381.269s][info][gc,heap     ] GC(192)      Used:     2028M (25%)        2052M (25%)         186M (2%)          180M (2%)         2052M (25%)         180M (2%)     
[381.269s][info][gc,heap     ] GC(192)      Live:         -               132M (2%)          132M (2%)          132M (2%)             -                  -          
[381.269s][info][gc,heap     ] GC(192) Allocated:         -                24M (0%)           32M (0%)           32M (0%)             -                  -          
[381.269s][info][gc,heap     ] GC(192)   Garbage:         -              1895M (23%)          21M (0%)           15M (0%)             -                  -          
[381.269s][info][gc,heap     ] GC(192) Reclaimed:         -                  -              1874M (23%)        1880M (23%)            -                  -          
[381.269s][info][gc          ] GC(192) Garbage Collection (Proactive) 2028M(25%)->180M(2%)
[382.940s][info][gc,start    ] GC(193) Garbage Collection (Proactive)
[382.941s][info][gc,phases   ] GC(193) Pause Mark Start 0.006ms
[382.964s][info][gc,phases   ] GC(193) Concurrent Mark 23.677ms
[382.964s][info][gc,phases   ] GC(193) Pause Mark End 0.008ms
[382.965s][info][gc,phases   ] GC(193) Concurrent Process Non-Strong References 0.442ms
[382.965s][info][gc,phases   ] GC(193) Concurrent Reset Relocation Set 0.001ms
[382.968s][info][gc,phases   ] GC(193) Concurrent Select Relocation Set 2.772ms
[382.968s][info][gc,phases   ] GC(193) Pause Relocate Start 0.003ms
[382.969s][info][gc,phases   ] GC(193) Concurrent Relocate 0.700ms
[382.969s][info][gc,load     ] GC(193) Load: 3.59/3.68/3.63
[382.969s][info][gc,mmu      ] GC(193) MMU: 2ms/98.2%, 5ms/99.3%, 10ms/99.6%, 20ms/99.8%, 50ms/99.9%, 100ms/100.0%
[382.969s][info][gc,marking  ] GC(193) Mark: 2 stripe(s), 3 proactive flush(es), 1 terminate flush(es), 0 completion(s), 0 continuation(s) 
[382.969s][info][gc,nmethod  ] GC(193) NMethods: 484 registered, 0 unregistered
[382.969s][info][gc,metaspace] GC(193) Metaspace: 0M used, 0M committed, 1032M reserved
[382.969s][info][gc,ref      ] GC(193) Soft: 82 encountered, 0 discovered, 0 enqueued
[382.969s][info][gc,ref      ] GC(193) Weak: 200 encountered, 62 discovered, 0 enqueued
[382.969s][info][gc,ref      ] GC(193) Final: 0 encountered, 0 discovered, 0 enqueued
[382.969s][info][gc,ref      ] GC(193) Phantom: 5 encountered, 3 discovered, 0 enqueued
[382.969s][info][gc,reloc    ] GC(193) Small Pages: 962 / 1924M, Empty: 1770M, Relocated: 4M, In-Place: 0
[382.969s][info][gc,reloc    ] GC(193) Medium Pages: 0 / 0M, Empty: 0M, Relocated: 0M, In-Place: 0
[382.969s][info][gc,reloc    ] GC(193) Large Pages: 0 / 0M, Empty: 0M, Relocated: 0M, In-Place: 0
[382.969s][info][gc,reloc    ] GC(193) Forwarding Usage: 0M
[382.969s][info][gc,heap     ] GC(193) Min Capacity: 8192M(100%)
[382.969s][info][gc,heap     ] GC(193) Max Capacity: 8192M(100%)
[382.969s][info][gc,heap     ] GC(193) Soft Max Capacity: 8192M(100%)
[382.969s][info][gc,heap     ] GC(193)                Mark Start          Mark End        Relocate Start      Relocate End           High               Low         
[382.969s][info][gc,heap     ] GC(193)  Capacity:     8192M (100%)       8192M (100%)       8192M (100%)       8192M (100%)       8192M (100%)       8192M (100%)   
[382.969s][info][gc,heap     ] GC(193)      Free:     6268M (77%)        6244M (76%)        8006M (98%)        8012M (98%)        8012M (98%)        6244M (76%)    
[382.969s][info][gc,heap     ] GC(193)      Used:     1924M (23%)        1948M (24%)         186M (2%)          180M (2%)         1948M (24%)         180M (2%)     
[382.969s][info][gc,heap     ] GC(193)      Live:         -               132M (2%)          132M (2%)          132M (2%)             -                  -          
[382.969s][info][gc,heap     ] GC(193) Allocated:         -                24M (0%)           32M (0%)           32M (0%)             -                  -          
[382.969s][info][gc,heap     ] GC(193)   Garbage:         -              1791M (22%)          21M (0%)           15M (0%)             -                  -          
[382.969s][info][gc,heap     ] GC(193) Reclaimed:         -                  -              1770M (22%)        1776M (22%)            -                  -          
[382.969s][info][gc          ] GC(193) Garbage Collection (Proactive) 1924M(23%)->180M(2%)
[384.540s][info][gc,start    ] GC(194) Garbage Collection (Proactive)
[384.540s][info][gc,phases   ] GC(194) Pause Mark Start 0.007ms
[384.564s][info][gc,phases   ] GC(194) Concurrent Mark 24.219ms
[384.564s][info][gc,phases   ] GC(194) Pause Mark End 0.009ms
[384.565s][info][gc,phases   ] GC(194) Concurrent Process Non-Strong References 0.455ms
[384.565s][info][gc,phases   ] GC(194) Concurrent Reset Relocation Set 0.002ms
[384.568s][info][gc,phases   ] GC(194) Concurrent Select Relocation Set 2.838ms
[384.568s][info][gc,phases   ] GC(194) Pause Relocate Start 0.004ms
[384.569s][info][gc,phases   ] GC(194) Concurrent Relocate 0.534ms
[384.569s][info][gc,load     ] GC(194) Load: 3.59/3.68/3.63
[384.569s][info][gc,mmu      ] GC(194) MMU: 2ms/98.2%, 5ms/99.3%, 10ms/99.6%, 20ms/99.8%, 50ms/99.9%, 100ms/100.0%
[384.569s][info][gc,marking  ] GC(194) Mark: 2 stripe(s), 2 proactive flush(es), 1 terminate flush(es), 0 completion(s), 0 continuation(s) 
[384.569s][info][gc,nmethod  ] GC(194) NMethods: 484 registered, 0 unregistered
[384.569s][info][gc,metaspace] GC(194) Metaspace: 0M used, 0M committed, 1032M reserved
[384.569s][info][gc,ref      ] GC(194) Soft: 82 encountered, 0 discovered, 0 enqueued
[384.569s][info][gc,ref      ] GC(194) Weak: 200 encountered, 183 discovered, 0 enqueued
[384.569s][info][gc,ref      ] GC(194) Final: 0 encountered, 0 discovered, 0 enqueued
[384.569s][info][gc,ref      ] GC(194) Phantom: 5 encountered, 4 discovered, 0 enqueued
[384.569s][info][gc,reloc    ] GC(194) Small Pages: 910 / 1820M, Empty: 1666M, Relocated: 3M, In-Place: 0
[384.569s][info][gc,reloc    ] GC(194) Medium Pages: 0 / 0M, Empty: 0M, Relocated: 0M, In-Place: 0
[384.569s][info][gc,reloc    ] GC(194) Large Pages: 0 / 0M, Empty: 0M, Relocated: 0M, In-Place: 0
[384.569s][info][gc,reloc    ] GC(194) Forwarding Usage: 0M
[384.569s][info][gc,heap     ] GC(194) Min Capacity: 8192M(100%)
[384.569s][info][gc,heap     ] GC(194) Max Capacity: 8192M(100%)
[384.569s][info][gc,heap     ] GC(194) Soft Max Capacity: 8192M(100%)
[384.569s][info][gc,heap     ] GC(194)                Mark Start          Mark End        Relocate Start      Relocate End           High               Low         
[384.569s][info][gc,heap     ] GC(194)  Capacity:     8192M (100%)       8192M (100%)       8192M (100%)       8192M (100%)       8192M (100%)       8192M (100%)   
[384.569s][info][gc,heap     ] GC(194)      Free:     6372M (78%)        6348M (77%)        8006M (98%)        8014M (98%)        8014M (98%)        6348M (77%)    
[384.569s][info][gc,heap     ] GC(194)      Used:     1820M (22%)        1844M (23%)         186M (2%)          178M (2%)         1844M (23%)         178M (2%)     
[384.569s][info][gc,heap     ] GC(194)      Live:         -               132M (2%)          132M (2%)          132M (2%)             -                  -          
[384.569s][info][gc,heap     ] GC(194) Allocated:         -                24M (0%)           32M (0%)           32M (0%)             -                  -          
[384.569s][info][gc,heap     ] GC(194)   Garbage:         -              1687M (21%)          21M (0%)           13M (0%)             -                  -          
[384.569s][info][gc,heap     ] GC(194) Reclaimed:         -                  -              1666M (20%)        1674M (20%)            -                  -          
[384.569s][info][gc          ] GC(194) Garbage Collection (Proactive) 1820M(22%)->178M(2%)
[386.039s][info][gc,start    ] GC(195) Garbage Collection (Proactive)
[386.039s][info][gc,phases   ] GC(195) Pause Mark Start 0.005ms
[386.080s][info][gc,phases   ] GC(195) Concurrent Mark 40.571ms
[386.080s][info][gc,phases   ] GC(195) Pause Mark End 0.010ms
[386.080s][info][gc,phases   ] GC(195) Concurrent Process Non-Strong References 0.441ms
[386.080s][info][gc,phases   ] GC(195) Concurrent Reset Relocation Set 0.002ms
[386.083s][info][gc,phases   ] GC(195) Concurrent Select Relocation Set 2.605ms
[386.083s][info][gc,phases   ] GC(195) Pause Relocate Start 0.004ms
[386.084s][info][gc,phases   ] GC(195) Concurrent Relocate 0.500ms
[386.084s][info][gc,load     ] GC(195) Load: 3.30/3.62/3.61
[386.084s][info][gc,mmu      ] GC(195) MMU: 2ms/98.2%, 5ms/99.3%, 10ms/99.6%, 20ms/99.8%, 50ms/99.9%, 100ms/100.0%
[386.084s][info][gc,marking  ] GC(195) Mark: 2 stripe(s), 2 proactive flush(es), 1 terminate flush(es), 0 completion(s), 0 continuation(s) 
[386.084s][info][gc,nmethod  ] GC(195) NMethods: 484 registered, 0 unregistered
[386.084s][info][gc,metaspace] GC(195) Metaspace: 0M used, 0M committed, 1032M reserved
[386.084s][info][gc,ref      ] GC(195) Soft: 82 encountered, 0 discovered, 0 enqueued
[386.084s][info][gc,ref      ] GC(195) Weak: 200 encountered, 54 discovered, 0 enqueued
[386.084s][info][gc,ref      ] GC(195) Final: 0 encountered, 0 discovered, 0 enqueued
[386.084s][info][gc,ref      ] GC(195) Phantom: 5 encountered, 3 discovered, 0 enqueued
[386.084s][info][gc,reloc    ] GC(195) Small Pages: 857 / 1714M, Empty: 1560M, Relocated: 3M, In-Place: 0
[386.084s][info][gc,reloc    ] GC(195) Medium Pages: 0 / 0M, Empty: 0M, Relocated: 0M, In-Place: 0
[386.084s][info][gc,reloc    ] GC(195) Large Pages: 0 / 0M, Empty: 0M, Relocated: 0M, In-Place: 0
[386.084s][info][gc,reloc    ] GC(195) Forwarding Usage: 0M
[386.084s][info][gc,heap     ] GC(195) Min Capacity: 8192M(100%)
[386.084s][info][gc,heap     ] GC(195) Max Capacity: 8192M(100%)
[386.084s][info][gc,heap     ] GC(195) Soft Max Capacity: 8192M(100%)
[386.084s][info][gc,heap     ] GC(195)                Mark Start          Mark End        Relocate Start      Relocate End           High               Low         
[386.084s][info][gc,heap     ] GC(195)  Capacity:     8192M (100%)       8192M (100%)       8192M (100%)       8192M (100%)       8192M (100%)       8192M (100%)   
[386.084s][info][gc,heap     ] GC(195)      Free:     6478M (79%)        6430M (78%)        7990M (98%)        7998M (98%)        7998M (98%)        6430M (78%)    
[386.084s][info][gc,heap     ] GC(195)      Used:     1714M (21%)        1762M (22%)         202M (2%)          194M (2%)         1762M (22%)         194M (2%)     
[386.084s][info][gc,heap     ] GC(195)      Live:         -               132M (2%)          132M (2%)          132M (2%)             -                  -          
[386.084s][info][gc,heap     ] GC(195) Allocated:         -                48M (1%)           48M (1%)           48M (1%)             -                  -          
[386.084s][info][gc,heap     ] GC(195)   Garbage:         -              1581M (19%)          21M (0%)           13M (0%)             -                  -          
[386.084s][info][gc,heap     ] GC(195) Reclaimed:         -                  -              1560M (19%)        1568M (19%)            -                  -          
[386.084s][info][gc          ] GC(195) Garbage Collection (Proactive) 1714M(21%)->194M(2%)
[389.239s][info][gc,start    ] GC(196) Garbage Collection (Proactive)
[389.239s][info][gc,phases   ] GC(196) Pause Mark Start 0.007ms
[389.265s][info][gc,phases   ] GC(196) Concurrent Mark 25.437ms
[389.265s][info][gc,phases   ] GC(196) Pause Mark End 0.009ms
[389.265s][info][gc,phases   ] GC(196) Concurrent Process Non-Strong References 0.446ms
[389.265s][info][gc,phases   ] GC(196) Concurrent Reset Relocation Set 0.002ms
[389.269s][info][gc,phases   ] GC(196) Concurrent Select Relocation Set 3.211ms
[389.269s][info][gc,phases   ] GC(196) Pause Relocate Start 0.005ms
[389.270s][info][gc,phases   ] GC(196) Concurrent Relocate 1.196ms
[389.270s][info][gc,load     ] GC(196) Load: 3.30/3.62/3.61
[389.270s][info][gc,mmu      ] GC(196) MMU: 2ms/98.2%, 5ms/99.3%, 10ms/99.6%, 20ms/99.8%, 50ms/99.9%, 100ms/100.0%
[389.270s][info][gc,marking  ] GC(196) Mark: 2 stripe(s), 2 proactive flush(es), 1 terminate flush(es), 0 completion(s), 0 continuation(s) 
[389.270s][info][gc,nmethod  ] GC(196) NMethods: 484 registered, 0 unregistered
[389.270s][info][gc,metaspace] GC(196) Metaspace: 0M used, 0M committed, 1032M reserved
[389.270s][info][gc,ref      ] GC(196) Soft: 82 encountered, 0 discovered, 0 enqueued
[389.270s][info][gc,ref      ] GC(196) Weak: 200 encountered, 53 discovered, 0 enqueued
[389.270s][info][gc,ref      ] GC(196) Final: 0 encountered, 0 discovered, 0 enqueued
[389.270s][info][gc,ref      ] GC(196) Phantom: 5 encountered, 4 discovered, 0 enqueued
[389.270s][info][gc,reloc    ] GC(196) Small Pages: 1741 / 3482M, Empty: 3328M, Relocated: 8M, In-Place: 0
[389.270s][info][gc,reloc    ] GC(196) Medium Pages: 0 / 0M, Empty: 0M, Relocated: 0M, In-Place: 0
[389.270s][info][gc,reloc    ] GC(196) Large Pages: 0 / 0M, Empty: 0M, Relocated: 0M, In-Place: 0
[389.270s][info][gc,reloc    ] GC(196) Forwarding Usage: 0M
[389.270s][info][gc,heap     ] GC(196) Min Capacity: 8192M(100%)
[389.270s][info][gc,heap     ] GC(196) Max Capacity: 8192M(100%)
[389.270s][info][gc,heap     ] GC(196) Soft Max Capacity: 8192M(100%)
[389.270s][info][gc,heap     ] GC(196)                Mark Start          Mark End        Relocate Start      Relocate End           High               Low         
[389.270s][info][gc,heap     ] GC(196)  Capacity:     8192M (100%)       8192M (100%)       8192M (100%)       8192M (100%)       8192M (100%)       8192M (100%)   
[389.270s][info][gc,heap     ] GC(196)      Free:     4710M (57%)        4686M (57%)        8006M (98%)        8014M (98%)        8014M (98%)        4686M (57%)    
[389.270s][info][gc,heap     ] GC(196)      Used:     3482M (43%)        3506M (43%)         186M (2%)          178M (2%)         3506M (43%)         178M (2%)     
[389.270s][info][gc,heap     ] GC(196)      Live:         -               132M (2%)          132M (2%)          132M (2%)             -                  -          
[389.270s][info][gc,heap     ] GC(196) Allocated:         -                24M (0%)           32M (0%)           32M (0%)             -                  -          
[389.270s][info][gc,heap     ] GC(196)   Garbage:         -              3349M (41%)          21M (0%)           13M (0%)             -                  -          
[389.270s][info][gc,heap     ] GC(196) Reclaimed:         -                  -              3328M (41%)        3336M (41%)            -                  -          
[389.270s][info][gc          ] GC(196) Garbage Collection (Proactive) 3482M(43%)->178M(2%)
[390.040s][info][gc,stats    ] === Garbage Collection Statistics =======================================================================================================================
[390.040s][info][gc,stats    ]                                                              Last 10s              Last 10m              Last 10h                Total
[390.040s][info][gc,stats    ]                                                              Avg / Max             Avg / Max             Avg / Max             Avg / Max
[390.040s][info][gc,stats    ]   Collector: Garbage Collection Cycle                     32.251 / 44.621       31.461 / 95.920       31.461 / 95.920       31.461 / 95.920      ms
[390.040s][info][gc,stats    ]  Contention: Mark Segment Reset Contention                     0 / 1                 0 / 4                 0 / 4                 0 / 4           ops/s
[390.041s][info][gc,stats    ]  Contention: Mark SeqNum Reset Contention                      0 / 0                 0 / 1                 0 / 1                 0 / 1           ops/s
[390.041s][info][gc,stats    ]    Critical: Allocation Stall                                  0 / 0                 0 / 0                 0 / 0                 0 / 0           ops/s
[390.041s][info][gc,stats    ]    Critical: Allocation Stall                              0.000 / 0.000         0.000 / 0.000         0.000 / 0.000         0.000 / 0.000       ms
[390.041s][info][gc,stats    ]    Critical: GC Locker Stall                                   0 / 0                 0 / 0                 0 / 0                 0 / 0           ops/s
[390.041s][info][gc,stats    ]    Critical: GC Locker Stall                               0.000 / 0.000         0.000 / 0.000         0.000 / 0.000         0.000 / 0.000       ms
[390.041s][info][gc,stats    ]    Critical: Relocation Stall                                  0 / 0                 0 / 0                 0 / 0                 0 / 0           ops/s
[390.041s][info][gc,stats    ]    Critical: Relocation Stall                              0.000 / 0.000         0.000 / 0.000         0.000 / 0.000         0.000 / 0.000       ms
[390.041s][info][gc,stats    ]      Memory: Allocation Rate                                1044 / 1048           1065 / 9212           1065 / 9212           1065 / 9212        MB/s
[390.041s][info][gc,stats    ]      Memory: Out Of Memory                                     0 / 0                 0 / 0                 0 / 0                 0 / 0           ops/s
[390.041s][info][gc,stats    ]      Memory: Page Cache Flush                                  0 / 0                 0 / 0                 0 / 0                 0 / 0           MB/s
[390.041s][info][gc,stats    ]      Memory: Page Cache Hit L1                               523 / 529             519 / 533             519 / 533             519 / 533         ops/s
[390.041s][info][gc,stats    ]      Memory: Page Cache Hit L2                                 0 / 0                 0 / 0                 0 / 0                 0 / 0           ops/s
[390.041s][info][gc,stats    ]      Memory: Page Cache Hit L3                                 0 / 0                 4 / 486               4 / 486               4 / 486         ops/s
[390.041s][info][gc,stats    ]      Memory: Page Cache Miss                                   0 / 0                 0 / 1                 0 / 1                 0 / 1           ops/s
[390.041s][info][gc,stats    ]      Memory: Uncommit                                          0 / 0                 0 / 0                 0 / 0                 0 / 0           MB/s
[390.041s][info][gc,stats    ]      Memory: Undo Object Allocation Failed                     0 / 0                 0 / 0                 0 / 0                 0 / 0           ops/s
[390.041s][info][gc,stats    ]      Memory: Undo Object Allocation Succeeded                  0 / 1                 0 / 6                 0 / 6                 0 / 6           ops/s
[390.041s][info][gc,stats    ]      Memory: Undo Page Allocation                              0 / 0                 0 / 1                 0 / 1                 0 / 1           ops/s
[390.041s][info][gc,stats    ]       Phase: Concurrent Mark                              27.550 / 40.571       26.473 / 65.214       26.473 / 65.214       26.473 / 65.214      ms
[390.041s][info][gc,stats    ]       Phase: Concurrent Mark Continue                      0.000 / 0.000         0.000 / 0.000         0.000 / 0.000         0.000 / 0.000       ms
[390.041s][info][gc,stats    ]       Phase: Concurrent Process Non-Strong References      0.459 / 0.509         0.455 / 0.911         0.455 / 0.911         0.455 / 0.911       ms
[390.041s][info][gc,stats    ]       Phase: Concurrent Relocate                           0.724 / 1.196         0.968 / 16.651        0.968 / 16.651        0.968 / 16.651      ms
[390.041s][info][gc,stats    ]       Phase: Concurrent Reset Relocation Set               0.002 / 0.002         0.002 / 0.098         0.002 / 0.098         0.002 / 0.098       ms
[390.041s][info][gc,stats    ]       Phase: Concurrent Select Relocation Set              2.878 / 3.211         2.906 / 12.567        2.906 / 12.567        2.906 / 12.567      ms
[390.041s][info][gc,stats    ]       Phase: Pause Mark End                                0.009 / 0.010         0.009 / 0.025         0.009 / 0.025         0.009 / 0.025       ms
[390.041s][info][gc,stats    ]       Phase: Pause Mark Start                              0.006 / 0.007         0.006 / 0.036         0.006 / 0.036         0.006 / 0.036       ms
[390.041s][info][gc,stats    ]       Phase: Pause Relocate Start                          0.004 / 0.005         0.004 / 0.026         0.004 / 0.026         0.004 / 0.026       ms
[390.041s][info][gc,stats    ]    Subphase: Concurrent Classes Purge                      0.033 / 0.044         0.030 / 0.102         0.030 / 0.102         0.030 / 0.102       ms
[390.041s][info][gc,stats    ]    Subphase: Concurrent Classes Unlink                     0.292 / 0.302         0.295 / 0.571         0.295 / 0.571         0.295 / 0.571       ms
[390.041s][info][gc,stats    ]    Subphase: Concurrent Mark                              26.630 / 40.181       25.672 / 64.907       25.672 / 64.907       25.672 / 64.907      ms
[390.041s][info][gc,stats    ]    Subphase: Concurrent Mark Idle                          1.282 / 1.300         1.196 / 1.330         1.196 / 1.330         1.196 / 1.330       ms
[390.041s][info][gc,stats    ]    Subphase: Concurrent Mark Try Flush                     0.025 / 0.055         0.034 / 0.120         0.034 / 0.120         0.034 / 0.120       ms
[390.041s][info][gc,stats    ]    Subphase: Concurrent Mark Try Terminate                 0.433 / 1.304         0.442 / 1.361         0.442 / 1.361         0.442 / 1.361       ms
[390.041s][info][gc,stats    ]    Subphase: Concurrent References Enqueue                 0.000 / 0.000         0.000 / 0.003         0.000 / 0.003         0.000 / 0.003       ms
[390.041s][info][gc,stats    ]    Subphase: Concurrent References Process                 0.026 / 0.040         0.027 / 0.095         0.027 / 0.095         0.027 / 0.095       ms
[390.041s][info][gc,stats    ]    Subphase: Concurrent Roots ClassLoaderDataGraph         0.018 / 0.041         0.018 / 0.132         0.018 / 0.132         0.018 / 0.132       ms
[390.041s][info][gc,stats    ]    Subphase: Concurrent Roots CodeCache                    0.000 / 0.000         0.000 / 0.000         0.000 / 0.000         0.000 / 0.000       ms
[390.041s][info][gc,stats    ]    Subphase: Concurrent Roots JavaThreads                  0.248 / 0.301         0.210 / 0.485         0.210 / 0.485         0.210 / 0.485       ms
[390.041s][info][gc,stats    ]    Subphase: Concurrent Roots OopStorageSet                0.005 / 0.006         0.004 / 0.041         0.004 / 0.041         0.004 / 0.041       ms
[390.041s][info][gc,stats    ]    Subphase: Concurrent Weak Roots OopStorageSet           0.041 / 0.053         0.038 / 0.120         0.038 / 0.120         0.038 / 0.120       ms
[390.041s][info][gc,stats    ]    Subphase: Pause Mark Try Complete                       0.000 / 0.000         0.000 / 0.000         0.000 / 0.000         0.000 / 0.000       ms
[390.041s][info][gc,stats    ]      System: Java Threads                                     16 / 16               16 / 20               16 / 20               16 / 20          threads
[390.041s][info][gc,stats    ] =========================================================================================================================================================
[391.840s][info][gc,start    ] GC(197) Garbage Collection (Proactive)
[391.840s][info][gc,phases   ] GC(197) Pause Mark Start 0.007ms
[391.865s][info][gc,phases   ] GC(197) Concurrent Mark 24.837ms
[391.865s][info][gc,phases   ] GC(197) Pause Mark End 0.009ms
[391.866s][info][gc,phases   ] GC(197) Concurrent Process Non-Strong References 0.451ms
[391.866s][info][gc,phases   ] GC(197) Concurrent Reset Relocation Set 0.002ms
[391.869s][info][gc,phases   ] GC(197) Concurrent Select Relocation Set 3.126ms
[391.869s][info][gc,phases   ] GC(197) Pause Relocate Start 0.005ms
[391.870s][info][gc,phases   ] GC(197) Concurrent Relocate 1.211ms
[391.870s][info][gc,load     ] GC(197) Load: 3.35/3.62/3.61
[391.870s][info][gc,mmu      ] GC(197) MMU: 2ms/98.2%, 5ms/99.3%, 10ms/99.6%, 20ms/99.8%, 50ms/99.9%, 100ms/100.0%
[391.870s][info][gc,marking  ] GC(197) Mark: 2 stripe(s), 2 proactive flush(es), 1 terminate flush(es), 0 completion(s), 0 continuation(s) 
[391.870s][info][gc,nmethod  ] GC(197) NMethods: 484 registered, 0 unregistered
[391.870s][info][gc,metaspace] GC(197) Metaspace: 0M used, 0M committed, 1032M reserved
[391.870s][info][gc,ref      ] GC(197) Soft: 82 encountered, 0 discovered, 0 enqueued
[391.870s][info][gc,ref      ] GC(197) Weak: 200 encountered, 62 discovered, 0 enqueued
[391.870s][info][gc,ref      ] GC(197) Final: 0 encountered, 0 discovered, 0 enqueued
[391.870s][info][gc,ref      ] GC(197) Phantom: 5 encountered, 3 discovered, 0 enqueued
[391.870s][info][gc,reloc    ] GC(197) Small Pages: 1429 / 2858M, Empty: 2704M, Relocated: 8M, In-Place: 0
[391.870s][info][gc,reloc    ] GC(197) Medium Pages: 0 / 0M, Empty: 0M, Relocated: 0M, In-Place: 0
[391.870s][info][gc,reloc    ] GC(197) Large Pages: 0 / 0M, Empty: 0M, Relocated: 0M, In-Place: 0
[391.870s][info][gc,reloc    ] GC(197) Forwarding Usage: 0M
[391.870s][info][gc,heap     ] GC(197) Min Capacity: 8192M(100%)
[391.870s][info][gc,heap     ] GC(197) Max Capacity: 8192M(100%)
[391.870s][info][gc,heap     ] GC(197) Soft Max Capacity: 8192M(100%)
[391.870s][info][gc,heap     ] GC(197)                Mark Start          Mark End        Relocate Start      Relocate End           High               Low         
[391.871s][info][gc,heap     ] GC(197)  Capacity:     8192M (100%)       8192M (100%)       8192M (100%)       8192M (100%)       8192M (100%)       8192M (100%)   
[391.871s][info][gc,heap     ] GC(197)      Free:     5334M (65%)        5310M (65%)        8006M (98%)        8014M (98%)        8014M (98%)        5310M (65%)    
[391.871s][info][gc,heap     ] GC(197)      Used:     2858M (35%)        2882M (35%)         186M (2%)          178M (2%)         2882M (35%)         178M (2%)     
[391.871s][info][gc,heap     ] GC(197)      Live:         -               132M (2%)          132M (2%)          132M (2%)             -                  -          
[391.871s][info][gc,heap     ] GC(197) Allocated:         -                24M (0%)           32M (0%)           32M (0%)             -                  -          
[391.871s][info][gc,heap     ] GC(197)   Garbage:         -              2725M (33%)          21M (0%)           13M (0%)             -                  -          
[391.871s][info][gc,heap     ] GC(197) Reclaimed:         -                  -              2704M (33%)        2712M (33%)            -                  -          
[391.871s][info][gc          ] GC(197) Garbage Collection (Proactive) 2858M(35%)->178M(2%)
[394.040s][info][gc,start    ] GC(198) Garbage Collection (Proactive)
[394.040s][info][gc,phases   ] GC(198) Pause Mark Start 0.005ms
[394.066s][info][gc,phases   ] GC(198) Concurrent Mark 25.245ms
[394.066s][info][gc,phases   ] GC(198) Pause Mark End 0.009ms
[394.066s][info][gc,phases   ] GC(198) Concurrent Process Non-Strong References 0.507ms
[394.066s][info][gc,phases   ] GC(198) Concurrent Reset Relocation Set 0.002ms
[394.069s][info][gc,phases   ] GC(198) Concurrent Select Relocation Set 2.971ms
[394.069s][info][gc,phases   ] GC(198) Pause Relocate Start 0.005ms
[394.070s][info][gc,phases   ] GC(198) Concurrent Relocate 0.959ms
[394.070s][info][gc,load     ] GC(198) Load: 3.35/3.62/3.61
[394.070s][info][gc,mmu      ] GC(198) MMU: 2ms/98.2%, 5ms/99.3%, 10ms/99.6%, 20ms/99.8%, 50ms/99.9%, 100ms/100.0%
[394.070s][info][gc,marking  ] GC(198) Mark: 2 stripe(s), 2 proactive flush(es), 1 terminate flush(es), 0 completion(s), 0 continuation(s) 
[394.070s][info][gc,nmethod  ] GC(198) NMethods: 484 registered, 0 unregistered
[394.070s][info][gc,metaspace] GC(198) Metaspace: 0M used, 0M committed, 1032M reserved
[394.070s][info][gc,ref      ] GC(198) Soft: 82 encountered, 0 discovered, 0 enqueued
[394.071s][info][gc,ref      ] GC(198) Weak: 200 encountered, 54 discovered, 0 enqueued
[394.071s][info][gc,ref      ] GC(198) Final: 0 encountered, 0 discovered, 0 enqueued
[394.071s][info][gc,ref      ] GC(198) Phantom: 5 encountered, 3 discovered, 0 enqueued
[394.071s][info][gc,reloc    ] GC(198) Small Pages: 1221 / 2442M, Empty: 2290M, Relocated: 6M, In-Place: 0
[394.071s][info][gc,reloc    ] GC(198) Medium Pages: 0 / 0M, Empty: 0M, Relocated: 0M, In-Place: 0
[394.071s][info][gc,reloc    ] GC(198) Large Pages: 0 / 0M, Empty: 0M, Relocated: 0M, In-Place: 0
[394.071s][info][gc,reloc    ] GC(198) Forwarding Usage: 0M
[394.071s][info][gc,heap     ] GC(198) Min Capacity: 8192M(100%)
[394.071s][info][gc,heap     ] GC(198) Max Capacity: 8192M(100%)
[394.071s][info][gc,heap     ] GC(198) Soft Max Capacity: 8192M(100%)
[394.071s][info][gc,heap     ] GC(198)                Mark Start          Mark End        Relocate Start      Relocate End           High               Low         
[394.071s][info][gc,heap     ] GC(198)  Capacity:     8192M (100%)       8192M (100%)       8192M (100%)       8192M (100%)       8192M (100%)       8192M (100%)   
[394.071s][info][gc,heap     ] GC(198)      Free:     5750M (70%)        5724M (70%)        8006M (98%)        8012M (98%)        8012M (98%)        5724M (70%)    
[394.071s][info][gc,heap     ] GC(198)      Used:     2442M (30%)        2468M (30%)         186M (2%)          180M (2%)         2468M (30%)         180M (2%)     
[394.071s][info][gc,heap     ] GC(198)      Live:         -               132M (2%)          132M (2%)          132M (2%)             -                  -          
[394.071s][info][gc,heap     ] GC(198) Allocated:         -                26M (0%)           34M (0%)           34M (0%)             -                  -          
[394.071s][info][gc,heap     ] GC(198)   Garbage:         -              2309M (28%)          19M (0%)           13M (0%)             -                  -          
[394.071s][info][gc,heap     ] GC(198) Reclaimed:         -                  -              2290M (28%)        2296M (28%)            -                  -          
[394.071s][info][gc          ] GC(198) Garbage Collection (Proactive) 2442M(30%)->180M(2%)
[395.940s][info][gc,start    ] GC(199) Garbage Collection (Proactive)
[395.940s][info][gc,phases   ] GC(199) Pause Mark Start 0.009ms
[395.961s][info][gc,phases   ] GC(199) Concurrent Mark 21.098ms
[395.961s][info][gc,phases   ] GC(199) Pause Mark End 0.008ms
[395.962s][info][gc,phases   ] GC(199) Concurrent Process Non-Strong References 0.335ms
[395.962s][info][gc,phases   ] GC(199) Concurrent Reset Relocation Set 0.001ms
[395.964s][info][gc,phases   ] GC(199) Concurrent Select Relocation Set 2.244ms
[395.964s][info][gc,phases   ] GC(199) Pause Relocate Start 0.003ms
[395.964s][info][gc,phases   ] GC(199) Concurrent Relocate 0.605ms
[395.965s][info][gc,load     ] GC(199) Load: 3.41/3.63/3.61
[395.965s][info][gc,mmu      ] GC(199) MMU: 2ms/98.2%, 5ms/99.3%, 10ms/99.6%, 20ms/99.8%, 50ms/99.9%, 100ms/100.0%
[395.965s][info][gc,marking  ] GC(199) Mark: 2 stripe(s), 2 proactive flush(es), 1 terminate flush(es), 0 completion(s), 0 continuation(s) 
[395.965s][info][gc,nmethod  ] GC(199) NMethods: 484 registered, 0 unregistered
[395.965s][info][gc,metaspace] GC(199) Metaspace: 0M used, 0M committed, 1032M reserved
[395.965s][info][gc,ref      ] GC(199) Soft: 82 encountered, 0 discovered, 0 enqueued
[395.965s][info][gc,ref      ] GC(199) Weak: 200 encountered, 58 discovered, 0 enqueued
[395.965s][info][gc,ref      ] GC(199) Final: 0 encountered, 0 discovered, 0 enqueued
[395.965s][info][gc,ref      ] GC(199) Phantom: 5 encountered, 5 discovered, 0 enqueued
[395.965s][info][gc,reloc    ] GC(199) Small Pages: 1065 / 2130M, Empty: 1976M, Relocated: 4M, In-Place: 0
[395.965s][info][gc,reloc    ] GC(199) Medium Pages: 0 / 0M, Empty: 0M, Relocated: 0M, In-Place: 0
[395.965s][info][gc,reloc    ] GC(199) Large Pages: 0 / 0M, Empty: 0M, Relocated: 0M, In-Place: 0
[395.965s][info][gc,reloc    ] GC(199) Forwarding Usage: 0M
[395.965s][info][gc,heap     ] GC(199) Min Capacity: 8192M(100%)
[395.965s][info][gc,heap     ] GC(199) Max Capacity: 8192M(100%)
[395.965s][info][gc,heap     ] GC(199) Soft Max Capacity: 8192M(100%)
[395.965s][info][gc,heap     ] GC(199)                Mark Start          Mark End        Relocate Start      Relocate End           High               Low         
[395.965s][info][gc,heap     ] GC(199)  Capacity:     8192M (100%)       8192M (100%)       8192M (100%)       8192M (100%)       8192M (100%)       8192M (100%)   
[395.965s][info][gc,heap     ] GC(199)      Free:     6062M (74%)        6038M (74%)        8014M (98%)        8020M (98%)        8020M (98%)        6038M (74%)    
[395.965s][info][gc,heap     ] GC(199)      Used:     2130M (26%)        2154M (26%)         178M (2%)          172M (2%)         2154M (26%)         172M (2%)     
[395.965s][info][gc,heap     ] GC(199)      Live:         -               132M (2%)          132M (2%)          132M (2%)             -                  -          
[395.965s][info][gc,heap     ] GC(199) Allocated:         -                24M (0%)           24M (0%)           24M (0%)             -                  -          
[395.965s][info][gc,heap     ] GC(199)   Garbage:         -              1997M (24%)          21M (0%)           15M (0%)             -                  -          
[395.965s][info][gc,heap     ] GC(199) Reclaimed:         -                  -              1976M (24%)        1982M (24%)            -                  -          
[395.965s][info][gc          ] GC(199) Garbage Collection (Proactive) 2130M(26%)->172M(2%)
[397.740s][info][gc,start    ] GC(200) Garbage Collection (Proactive)
[397.740s][info][gc,phases   ] GC(200) Pause Mark Start 0.005ms
[397.761s][info][gc,phases   ] GC(200) Concurrent Mark 20.882ms
[397.761s][info][gc,phases   ] GC(200) Pause Mark End 0.007ms
[397.761s][info][gc,phases   ] GC(200) Concurrent Process Non-Strong References 0.331ms
[397.761s][info][gc,phases   ] GC(200) Concurrent Reset Relocation Set 0.001ms
[397.764s][info][gc,phases   ] GC(200) Concurrent Select Relocation Set 2.306ms
[397.764s][info][gc,phases   ] GC(200) Pause Relocate Start 0.003ms
[397.764s][info][gc,phases   ] GC(200) Concurrent Relocate 0.636ms
[397.764s][info][gc,load     ] GC(200) Load: 3.41/3.63/3.61
[397.764s][info][gc,mmu      ] GC(200) MMU: 2ms/98.2%, 5ms/99.3%, 10ms/99.6%, 20ms/99.8%, 50ms/99.9%, 100ms/100.0%
[397.764s][info][gc,marking  ] GC(200) Mark: 2 stripe(s), 2 proactive flush(es), 1 terminate flush(es), 0 completion(s), 0 continuation(s) 
[397.765s][info][gc,nmethod  ] GC(200) NMethods: 484 registered, 0 unregistered
[397.765s][info][gc,metaspace] GC(200) Metaspace: 0M used, 0M committed, 1032M reserved
[397.765s][info][gc,ref      ] GC(200) Soft: 82 encountered, 0 discovered, 0 enqueued
[397.765s][info][gc,ref      ] GC(200) Weak: 200 encountered, 62 discovered, 0 enqueued
[397.765s][info][gc,ref      ] GC(200) Final: 0 encountered, 0 discovered, 0 enqueued
[397.765s][info][gc,ref      ] GC(200) Phantom: 5 encountered, 3 discovered, 0 enqueued
[397.765s][info][gc,reloc    ] GC(200) Small Pages: 1014 / 2028M, Empty: 1874M, Relocated: 4M, In-Place: 0
[397.765s][info][gc,reloc    ] GC(200) Medium Pages: 0 / 0M, Empty: 0M, Relocated: 0M, In-Place: 0
[397.765s][info][gc,reloc    ] GC(200) Large Pages: 0 / 0M, Empty: 0M, Relocated: 0M, In-Place: 0
[397.765s][info][gc,reloc    ] GC(200) Forwarding Usage: 0M
[397.765s][info][gc,heap     ] GC(200) Min Capacity: 8192M(100%)
[397.765s][info][gc,heap     ] GC(200) Max Capacity: 8192M(100%)
[397.765s][info][gc,heap     ] GC(200) Soft Max Capacity: 8192M(100%)
[397.765s][info][gc,heap     ] GC(200)                Mark Start          Mark End        Relocate Start      Relocate End           High               Low         
[397.765s][info][gc,heap     ] GC(200)  Capacity:     8192M (100%)       8192M (100%)       8192M (100%)       8192M (100%)       8192M (100%)       8192M (100%)   
[397.765s][info][gc,heap     ] GC(200)      Free:     6164M (75%)        6140M (75%)        8014M (98%)        8020M (98%)        8020M (98%)        6140M (75%)    
[397.765s][info][gc,heap     ] GC(200)      Used:     2028M (25%)        2052M (25%)         178M (2%)          172M (2%)         2052M (25%)         172M (2%)     
[397.765s][info][gc,heap     ] GC(200)      Live:         -               132M (2%)          132M (2%)          132M (2%)             -                  -          
[397.765s][info][gc,heap     ] GC(200) Allocated:         -                24M (0%)           24M (0%)           24M (0%)             -                  -          
[397.765s][info][gc,heap     ] GC(200)   Garbage:         -              1895M (23%)          21M (0%)           15M (0%)             -                  -          
[397.765s][info][gc,heap     ] GC(200) Reclaimed:         -                  -              1874M (23%)        1880M (23%)            -                  -          
[397.765s][info][gc          ] GC(200) Garbage Collection (Proactive) 2028M(25%)->172M(2%)
[399.340s][info][gc,start    ] GC(201) Garbage Collection (Proactive)
[399.340s][info][gc,phases   ] GC(201) Pause Mark Start 0.004ms
[399.361s][info][gc,phases   ] GC(201) Concurrent Mark 21.004ms
[399.361s][info][gc,phases   ] GC(201) Pause Mark End 0.007ms
[399.361s][info][gc,phases   ] GC(201) Concurrent Process Non-Strong References 0.347ms
[399.361s][info][gc,phases   ] GC(201) Concurrent Reset Relocation Set 0.001ms
[399.364s][info][gc,phases   ] GC(201) Concurrent Select Relocation Set 2.355ms
[399.364s][info][gc,phases   ] GC(201) Pause Relocate Start 0.003ms
[399.364s][info][gc,phases   ] GC(201) Concurrent Relocate 0.447ms
[399.364s][info][gc,load     ] GC(201) Load: 3.41/3.63/3.61
[399.364s][info][gc,mmu      ] GC(201) MMU: 2ms/98.2%, 5ms/99.3%, 10ms/99.6%, 20ms/99.8%, 50ms/99.9%, 100ms/100.0%
[399.364s][info][gc,marking  ] GC(201) Mark: 2 stripe(s), 2 proactive flush(es), 1 terminate flush(es), 0 completion(s), 0 continuation(s) 
[399.364s][info][gc,nmethod  ] GC(201) NMethods: 484 registered, 0 unregistered
[399.364s][info][gc,metaspace] GC(201) Metaspace: 0M used, 0M committed, 1032M reserved
[399.364s][info][gc,ref      ] GC(201) Soft: 82 encountered, 0 discovered, 0 enqueued
[399.364s][info][gc,ref      ] GC(201) Weak: 200 encountered, 94 discovered, 0 enqueued
[399.364s][info][gc,ref      ] GC(201) Final: 0 encountered, 0 discovered, 0 enqueued
[399.364s][info][gc,ref      ] GC(201) Phantom: 5 encountered, 3 discovered, 0 enqueued
[399.364s][info][gc,reloc    ] GC(201) Small Pages: 910 / 1820M, Empty: 1668M, Relocated: 3M, In-Place: 0
[399.364s][info][gc,reloc    ] GC(201) Medium Pages: 0 / 0M, Empty: 0M, Relocated: 0M, In-Place: 0
[399.364s][info][gc,reloc    ] GC(201) Large Pages: 0 / 0M, Empty: 0M, Relocated: 0M, In-Place: 0
[399.364s][info][gc,reloc    ] GC(201) Forwarding Usage: 0M
[399.364s][info][gc,heap     ] GC(201) Min Capacity: 8192M(100%)
[399.364s][info][gc,heap     ] GC(201) Max Capacity: 8192M(100%)
[399.364s][info][gc,heap     ] GC(201) Soft Max Capacity: 8192M(100%)
[399.364s][info][gc,heap     ] GC(201)                Mark Start          Mark End        Relocate Start      Relocate End           High               Low         
[399.364s][info][gc,heap     ] GC(201)  Capacity:     8192M (100%)       8192M (100%)       8192M (100%)       8192M (100%)       8192M (100%)       8192M (100%)   
[399.364s][info][gc,heap     ] GC(201)      Free:     6372M (78%)        6348M (77%)        8016M (98%)        8022M (98%)        8022M (98%)        6348M (77%)    
[399.364s][info][gc,heap     ] GC(201)      Used:     1820M (22%)        1844M (23%)         176M (2%)          170M (2%)         1844M (23%)         170M (2%)     
[399.364s][info][gc,heap     ] GC(201)      Live:         -               132M (2%)          132M (2%)          132M (2%)             -                  -          
[399.364s][info][gc,heap     ] GC(201) Allocated:         -                24M (0%)           24M (0%)           24M (0%)             -                  -          
[399.364s][info][gc,heap     ] GC(201)   Garbage:         -              1687M (21%)          19M (0%)           13M (0%)             -                  -          
[399.364s][info][gc,heap     ] GC(201) Reclaimed:         -                  -              1668M (20%)        1674M (20%)            -                  -          
[399.364s][info][gc          ] GC(201) Garbage Collection (Proactive) 1820M(22%)->170M(2%)
[400.039s][info][gc,stats    ] === Garbage Collection Statistics =======================================================================================================================
[400.039s][info][gc,stats    ]                                                              Last 10s              Last 10m              Last 10h                Total
[400.039s][info][gc,stats    ]                                                              Avg / Max             Avg / Max             Avg / Max             Avg / Max
[400.039s][info][gc,stats    ]   Collector: Garbage Collection Cycle                     26.885 / 30.310       31.348 / 95.920       31.348 / 95.920       31.348 / 95.920      ms
[400.039s][info][gc,stats    ]  Contention: Mark Segment Reset Contention                     0 / 0                 0 / 4                 0 / 4                 0 / 4           ops/s
[400.039s][info][gc,stats    ]  Contention: Mark SeqNum Reset Contention                      0 / 0                 0 / 1                 0 / 1                 0 / 1           ops/s
[400.039s][info][gc,stats    ]    Critical: Allocation Stall                                  0 / 0                 0 / 0                 0 / 0                 0 / 0           ops/s
[400.039s][info][gc,stats    ]    Critical: Allocation Stall                              0.000 / 0.000         0.000 / 0.000         0.000 / 0.000         0.000 / 0.000       ms
[400.040s][info][gc,stats    ]    Critical: GC Locker Stall                                   0 / 0                 0 / 0                 0 / 0                 0 / 0           ops/s
[400.040s][info][gc,stats    ]    Critical: GC Locker Stall                               0.000 / 0.000         0.000 / 0.000         0.000 / 0.000         0.000 / 0.000       ms
[400.040s][info][gc,stats    ]    Critical: Relocation Stall                                  0 / 0                 0 / 0                 0 / 0                 0 / 0           ops/s
[400.040s][info][gc,stats    ]    Critical: Relocation Stall                              0.000 / 0.000         0.000 / 0.000         0.000 / 0.000         0.000 / 0.000       ms
[400.040s][info][gc,stats    ]      Memory: Allocation Rate                                1044 / 1048           1064 / 9212           1064 / 9212           1064 / 9212        MB/s
[400.040s][info][gc,stats    ]      Memory: Out Of Memory                                     0 / 0                 0 / 0                 0 / 0                 0 / 0           ops/s
[400.040s][info][gc,stats    ]      Memory: Page Cache Flush                                  0 / 0                 0 / 0                 0 / 0                 0 / 0           MB/s
[400.040s][info][gc,stats    ]      Memory: Page Cache Hit L1                               523 / 529             519 / 533             519 / 533             519 / 533         ops/s
[400.040s][info][gc,stats    ]      Memory: Page Cache Hit L2                                 0 / 0                 0 / 0                 0 / 0                 0 / 0           ops/s
[400.040s][info][gc,stats    ]      Memory: Page Cache Hit L3                                 0 / 0                 4 / 486               4 / 486               4 / 486         ops/s
[400.040s][info][gc,stats    ]      Memory: Page Cache Miss                                   0 / 0                 0 / 1                 0 / 1                 0 / 1           ops/s
[400.040s][info][gc,stats    ]      Memory: Uncommit                                          0 / 0                 0 / 0                 0 / 0                 0 / 0           MB/s
[400.040s][info][gc,stats    ]      Memory: Undo Object Allocation Failed                     0 / 0                 0 / 0                 0 / 0                 0 / 0           ops/s
[400.040s][info][gc,stats    ]      Memory: Undo Object Allocation Succeeded                  0 / 0                 0 / 6                 0 / 6                 0 / 6           ops/s
[400.040s][info][gc,stats    ]      Memory: Undo Page Allocation                              0 / 0                 0 / 1                 0 / 1                 0 / 1           ops/s
[400.040s][info][gc,stats    ]       Phase: Concurrent Mark                              22.613 / 25.245       26.377 / 65.214       26.377 / 65.214       26.377 / 65.214      ms
[400.040s][info][gc,stats    ]       Phase: Concurrent Mark Continue                      0.000 / 0.000         0.000 / 0.000         0.000 / 0.000         0.000 / 0.000       ms
[400.040s][info][gc,stats    ]       Phase: Concurrent Process Non-Strong References      0.394 / 0.507         0.454 / 0.911         0.454 / 0.911         0.454 / 0.911       ms
[400.040s][info][gc,stats    ]       Phase: Concurrent Relocate                           0.772 / 1.211         0.963 / 16.651        0.963 / 16.651        0.963 / 16.651      ms
[400.040s][info][gc,stats    ]       Phase: Concurrent Reset Relocation Set               0.002 / 0.002         0.002 / 0.098         0.002 / 0.098         0.002 / 0.098       ms
[400.040s][info][gc,stats    ]       Phase: Concurrent Select Relocation Set              2.600 / 3.126         2.898 / 12.567        2.898 / 12.567        2.898 / 12.567      ms
[400.040s][info][gc,stats    ]       Phase: Pause Mark End                                0.008 / 0.009         0.009 / 0.025         0.009 / 0.025         0.009 / 0.025       ms
[400.040s][info][gc,stats    ]       Phase: Pause Mark Start                              0.006 / 0.009         0.006 / 0.036         0.006 / 0.036         0.006 / 0.036       ms
[400.040s][info][gc,stats    ]       Phase: Pause Relocate Start                          0.004 / 0.005         0.004 / 0.026         0.004 / 0.026         0.004 / 0.026       ms
[400.040s][info][gc,stats    ]    Subphase: Concurrent Classes Purge                      0.026 / 0.038         0.030 / 0.102         0.030 / 0.102         0.030 / 0.102       ms
[400.040s][info][gc,stats    ]    Subphase: Concurrent Classes Unlink                     0.260 / 0.308         0.294 / 0.571         0.294 / 0.571         0.294 / 0.571       ms
[400.040s][info][gc,stats    ]    Subphase: Concurrent Mark                              21.883 / 24.972       25.578 / 64.907       25.578 / 64.907       25.578 / 64.907      ms
[400.040s][info][gc,stats    ]    Subphase: Concurrent Mark Idle                          1.164 / 1.347         1.196 / 1.347         1.196 / 1.347         1.196 / 1.347       ms
[400.040s][info][gc,stats    ]    Subphase: Concurrent Mark Try Flush                     0.027 / 0.047         0.034 / 0.120         0.034 / 0.120         0.034 / 0.120       ms
[400.040s][info][gc,stats    ]    Subphase: Concurrent Mark Try Terminate                 0.395 / 1.350         0.441 / 1.361         0.441 / 1.361         0.441 / 1.361       ms
[400.040s][info][gc,stats    ]    Subphase: Concurrent References Enqueue                 0.000 / 0.000         0.000 / 0.003         0.000 / 0.003         0.000 / 0.003       ms
[400.040s][info][gc,stats    ]    Subphase: Concurrent References Process                 0.020 / 0.028         0.026 / 0.095         0.026 / 0.095         0.026 / 0.095       ms
[400.040s][info][gc,stats    ]    Subphase: Concurrent Roots ClassLoaderDataGraph         0.015 / 0.040         0.018 / 0.132         0.018 / 0.132         0.018 / 0.132       ms
[400.040s][info][gc,stats    ]    Subphase: Concurrent Roots CodeCache                    0.000 / 0.000         0.000 / 0.000         0.000 / 0.000         0.000 / 0.000       ms
[400.040s][info][gc,stats    ]    Subphase: Concurrent Roots JavaThreads                  0.204 / 0.301         0.210 / 0.485         0.210 / 0.485         0.210 / 0.485       ms
[400.040s][info][gc,stats    ]    Subphase: Concurrent Roots OopStorageSet                0.004 / 0.006         0.004 / 0.041         0.004 / 0.041         0.004 / 0.041       ms
[400.040s][info][gc,stats    ]    Subphase: Concurrent Weak Roots OopStorageSet           0.033 / 0.044         0.038 / 0.120         0.038 / 0.120         0.038 / 0.120       ms
[400.040s][info][gc,stats    ]    Subphase: Pause Mark Try Complete                       0.000 / 0.000         0.000 / 0.000         0.000 / 0.000         0.000 / 0.000       ms
[400.040s][info][gc,stats    ]      System: Java Threads                                     16 / 16               16 / 20               16 / 20               16 / 20          threads
[400.040s][info][gc,stats    ] =========================================================================================================================================================
[400.740s][info][gc,start    ] GC(202) Garbage Collection (Proactive)
[400.740s][info][gc,phases   ] GC(202) Pause Mark Start 0.006ms
[400.775s][info][gc,phases   ] GC(202) Concurrent Mark 34.722ms
[400.775s][info][gc,phases   ] GC(202) Pause Mark End 0.009ms
[400.775s][info][gc,phases   ] GC(202) Concurrent Process Non-Strong References 0.486ms
[400.775s][info][gc,phases   ] GC(202) Concurrent Reset Relocation Set 0.001ms
[400.778s][info][gc,phases   ] GC(202) Concurrent Select Relocation Set 2.583ms
[400.778s][info][gc,phases   ] GC(202) Pause Relocate Start 0.005ms
[400.779s][info][gc,phases   ] GC(202) Concurrent Relocate 0.539ms
[400.779s][info][gc,load     ] GC(202) Load: 3.41/3.63/3.61
[400.779s][info][gc,mmu      ] GC(202) MMU: 2ms/98.2%, 5ms/99.3%, 10ms/99.6%, 20ms/99.8%, 50ms/99.9%, 100ms/100.0%
[400.779s][info][gc,marking  ] GC(202) Mark: 2 stripe(s), 2 proactive flush(es), 1 terminate flush(es), 0 completion(s), 0 continuation(s) 
[400.779s][info][gc,nmethod  ] GC(202) NMethods: 484 registered, 0 unregistered
[400.779s][info][gc,metaspace] GC(202) Metaspace: 0M used, 0M committed, 1032M reserved
[400.779s][info][gc,ref      ] GC(202) Soft: 82 encountered, 0 discovered, 0 enqueued
[400.779s][info][gc,ref      ] GC(202) Weak: 200 encountered, 62 discovered, 0 enqueued
[400.779s][info][gc,ref      ] GC(202) Final: 0 encountered, 0 discovered, 0 enqueued
[400.779s][info][gc,ref      ] GC(202) Phantom: 5 encountered, 3 discovered, 0 enqueued
[400.779s][info][gc,reloc    ] GC(202) Small Pages: 805 / 1610M, Empty: 1458M, Relocated: 3M, In-Place: 0
[400.779s][info][gc,reloc    ] GC(202) Medium Pages: 0 / 0M, Empty: 0M, Relocated: 0M, In-Place: 0
[400.779s][info][gc,reloc    ] GC(202) Large Pages: 0 / 0M, Empty: 0M, Relocated: 0M, In-Place: 0
[400.779s][info][gc,reloc    ] GC(202) Forwarding Usage: 0M
[400.779s][info][gc,heap     ] GC(202) Min Capacity: 8192M(100%)
[400.779s][info][gc,heap     ] GC(202) Max Capacity: 8192M(100%)
[400.779s][info][gc,heap     ] GC(202) Soft Max Capacity: 8192M(100%)
[400.779s][info][gc,heap     ] GC(202)                Mark Start          Mark End        Relocate Start      Relocate End           High               Low         
[400.779s][info][gc,heap     ] GC(202)  Capacity:     8192M (100%)       8192M (100%)       8192M (100%)       8192M (100%)       8192M (100%)       8192M (100%)   
[400.779s][info][gc,heap     ] GC(202)      Free:     6582M (80%)        6550M (80%)        7994M (98%)        7996M (98%)        7996M (98%)        6550M (80%)    
[400.779s][info][gc,heap     ] GC(202)      Used:     1610M (20%)        1642M (20%)         198M (2%)          196M (2%)         1642M (20%)         196M (2%)     
[400.779s][info][gc,heap     ] GC(202)      Live:         -               132M (2%)          132M (2%)          132M (2%)             -                  -          
[400.779s][info][gc,heap     ] GC(202) Allocated:         -                32M (0%)           46M (1%)           48M (1%)             -                  -          
[400.779s][info][gc,heap     ] GC(202)   Garbage:         -              1477M (18%)          19M (0%)           15M (0%)             -                  -          
[400.779s][info][gc,heap     ] GC(202) Reclaimed:         -                  -              1458M (18%)        1462M (18%)            -                  -          
[400.779s][info][gc          ] GC(202) Garbage Collection (Proactive) 1610M(20%)->196M(2%)
[403.539s][info][gc,start    ] GC(203) Garbage Collection (Proactive)
[403.539s][info][gc,phases   ] GC(203) Pause Mark Start 0.005ms
[403.561s][info][gc,phases   ] GC(203) Concurrent Mark 21.860ms
[403.561s][info][gc,phases   ] GC(203) Pause Mark End 0.009ms
[403.562s][info][gc,phases   ] GC(203) Concurrent Process Non-Strong References 0.440ms
[403.562s][info][gc,phases   ] GC(203) Concurrent Reset Relocation Set 0.001ms
[403.565s][info][gc,phases   ] GC(203) Concurrent Select Relocation Set 3.151ms
[403.565s][info][gc,phases   ] GC(203) Pause Relocate Start 0.004ms
[403.567s][info][gc,phases   ] GC(203) Concurrent Relocate 1.339ms
[403.567s][info][gc,load     ] GC(203) Load: 3.53/3.65/3.62
[403.567s][info][gc,mmu      ] GC(203) MMU: 2ms/98.2%, 5ms/99.3%, 10ms/99.6%, 20ms/99.8%, 50ms/99.9%, 100ms/100.0%
[403.567s][info][gc,marking  ] GC(203) Mark: 2 stripe(s), 2 proactive flush(es), 1 terminate flush(es), 0 completion(s), 0 continuation(s) 
[403.567s][info][gc,nmethod  ] GC(203) NMethods: 484 registered, 0 unregistered
[403.567s][info][gc,metaspace] GC(203) Metaspace: 0M used, 0M committed, 1032M reserved
[403.567s][info][gc,ref      ] GC(203) Soft: 82 encountered, 0 discovered, 0 enqueued
[403.567s][info][gc,ref      ] GC(203) Weak: 200 encountered, 94 discovered, 0 enqueued
[403.567s][info][gc,ref      ] GC(203) Final: 0 encountered, 0 discovered, 0 enqueued
[403.567s][info][gc,ref      ] GC(203) Phantom: 5 encountered, 3 discovered, 0 enqueued
[403.567s][info][gc,reloc    ] GC(203) Small Pages: 1534 / 3068M, Empty: 2916M, Relocated: 8M, In-Place: 0
[403.567s][info][gc,reloc    ] GC(203) Medium Pages: 0 / 0M, Empty: 0M, Relocated: 0M, In-Place: 0
[403.567s][info][gc,reloc    ] GC(203) Large Pages: 0 / 0M, Empty: 0M, Relocated: 0M, In-Place: 0
[403.567s][info][gc,reloc    ] GC(203) Forwarding Usage: 0M
[403.567s][info][gc,heap     ] GC(203) Min Capacity: 8192M(100%)
[403.567s][info][gc,heap     ] GC(203) Max Capacity: 8192M(100%)
[403.567s][info][gc,heap     ] GC(203) Soft Max Capacity: 8192M(100%)
[403.567s][info][gc,heap     ] GC(203)                Mark Start          Mark End        Relocate Start      Relocate End           High               Low         
[403.567s][info][gc,heap     ] GC(203)  Capacity:     8192M (100%)       8192M (100%)       8192M (100%)       8192M (100%)       8192M (100%)       8192M (100%)   
[403.567s][info][gc,heap     ] GC(203)      Free:     5124M (63%)        5100M (62%)        8016M (98%)        8012M (98%)        8018M (98%)        5100M (62%)    
[403.567s][info][gc,heap     ] GC(203)      Used:     3068M (37%)        3092M (38%)         176M (2%)          180M (2%)         3092M (38%)         174M (2%)     
[403.567s][info][gc,heap     ] GC(203)      Live:         -               132M (2%)          132M (2%)          132M (2%)             -                  -          
[403.567s][info][gc,heap     ] GC(203) Allocated:         -                24M (0%)           24M (0%)           32M (0%)             -                  -          
[403.567s][info][gc,heap     ] GC(203)   Garbage:         -              2935M (36%)          19M (0%)           15M (0%)             -                  -          
[403.567s][info][gc,heap     ] GC(203) Reclaimed:         -                  -              2916M (36%)        2920M (36%)            -                  -          
[403.567s][info][gc          ] GC(203) Garbage Collection (Proactive) 3068M(37%)->180M(2%)
[405.840s][info][gc,start    ] GC(204) Garbage Collection (Proactive)
[405.840s][info][gc,phases   ] GC(204) Pause Mark Start 0.005ms
[405.861s][info][gc,phases   ] GC(204) Concurrent Mark 21.386ms
[405.861s][info][gc,phases   ] GC(204) Pause Mark End 0.009ms
[405.862s][info][gc,phases   ] GC(204) Concurrent Process Non-Strong References 0.426ms
[405.862s][info][gc,phases   ] GC(204) Concurrent Reset Relocation Set 0.002ms
[405.865s][info][gc,phases   ] GC(204) Concurrent Select Relocation Set 2.774ms
[405.865s][info][gc,phases   ] GC(204) Pause Relocate Start 0.004ms
[405.866s][info][gc,phases   ] GC(204) Concurrent Relocate 0.903ms
[405.866s][info][gc,load     ] GC(204) Load: 3.53/3.65/3.62
[405.866s][info][gc,mmu      ] GC(204) MMU: 2ms/98.2%, 5ms/99.3%, 10ms/99.6%, 20ms/99.8%, 50ms/99.9%, 100ms/100.0%
[405.866s][info][gc,marking  ] GC(204) Mark: 2 stripe(s), 2 proactive flush(es), 1 terminate flush(es), 0 completion(s), 0 continuation(s) 
[405.866s][info][gc,nmethod  ] GC(204) NMethods: 484 registered, 0 unregistered
[405.866s][info][gc,metaspace] GC(204) Metaspace: 0M used, 0M committed, 1032M reserved
[405.866s][info][gc,ref      ] GC(204) Soft: 82 encountered, 0 discovered, 0 enqueued
[405.866s][info][gc,ref      ] GC(204) Weak: 200 encountered, 51 discovered, 0 enqueued
[405.866s][info][gc,ref      ] GC(204) Final: 0 encountered, 0 discovered, 0 enqueued
[405.866s][info][gc,ref      ] GC(204) Phantom: 5 encountered, 5 discovered, 0 enqueued
[405.866s][info][gc,reloc    ] GC(204) Small Pages: 1274 / 2548M, Empty: 2396M, Relocated: 6M, In-Place: 0
[405.866s][info][gc,reloc    ] GC(204) Medium Pages: 0 / 0M, Empty: 0M, Relocated: 0M, In-Place: 0
[405.866s][info][gc,reloc    ] GC(204) Large Pages: 0 / 0M, Empty: 0M, Relocated: 0M, In-Place: 0
[405.866s][info][gc,reloc    ] GC(204) Forwarding Usage: 0M
[405.866s][info][gc,heap     ] GC(204) Min Capacity: 8192M(100%)
[405.866s][info][gc,heap     ] GC(204) Max Capacity: 8192M(100%)
[405.866s][info][gc,heap     ] GC(204) Soft Max Capacity: 8192M(100%)
[405.866s][info][gc,heap     ] GC(204)                Mark Start          Mark End        Relocate Start      Relocate End           High               Low         
[405.866s][info][gc,heap     ] GC(204)  Capacity:     8192M (100%)       8192M (100%)       8192M (100%)       8192M (100%)       8192M (100%)       8192M (100%)   
[405.866s][info][gc,heap     ] GC(204)      Free:     5644M (69%)        5620M (69%)        8016M (98%)        8022M (98%)        8022M (98%)        5620M (69%)    
[405.866s][info][gc,heap     ] GC(204)      Used:     2548M (31%)        2572M (31%)         176M (2%)          170M (2%)         2572M (31%)         170M (2%)     
[405.866s][info][gc,heap     ] GC(204)      Live:         -               132M (2%)          132M (2%)          132M (2%)             -                  -          
[405.866s][info][gc,heap     ] GC(204) Allocated:         -                24M (0%)           24M (0%)           24M (0%)             -                  -          
[405.866s][info][gc,heap     ] GC(204)   Garbage:         -              2415M (29%)          19M (0%)           13M (0%)             -                  -          
[405.866s][info][gc,heap     ] GC(204) Reclaimed:         -                  -              2396M (29%)        2402M (29%)            -                  -          
[405.866s][info][gc          ] GC(204) Garbage Collection (Proactive) 2548M(31%)->170M(2%)
[407.739s][info][gc,start    ] GC(205) Garbage Collection (Proactive)
[407.740s][info][gc,phases   ] GC(205) Pause Mark Start 0.004ms
[407.762s][info][gc,phases   ] GC(205) Concurrent Mark 22.254ms
[407.762s][info][gc,phases   ] GC(205) Pause Mark End 0.007ms
[407.762s][info][gc,phases   ] GC(205) Concurrent Process Non-Strong References 0.331ms
[407.762s][info][gc,phases   ] GC(205) Concurrent Reset Relocation Set 0.001ms
[407.765s][info][gc,phases   ] GC(205) Concurrent Select Relocation Set 2.329ms
[407.765s][info][gc,phases   ] GC(205) Pause Relocate Start 0.003ms
[407.766s][info][gc,phases   ] GC(205) Concurrent Relocate 0.695ms
[407.766s][info][gc,load     ] GC(205) Load: 3.49/3.64/3.61
[407.766s][info][gc,mmu      ] GC(205) MMU: 2ms/98.2%, 5ms/99.3%, 10ms/99.6%, 20ms/99.8%, 50ms/99.9%, 100ms/100.0%
[407.766s][info][gc,marking  ] GC(205) Mark: 2 stripe(s), 2 proactive flush(es), 1 terminate flush(es), 0 completion(s), 0 continuation(s) 
[407.766s][info][gc,nmethod  ] GC(205) NMethods: 484 registered, 0 unregistered
[407.766s][info][gc,metaspace] GC(205) Metaspace: 0M used, 0M committed, 1032M reserved
[407.766s][info][gc,ref      ] GC(205) Soft: 82 encountered, 0 discovered, 0 enqueued
[407.766s][info][gc,ref      ] GC(205) Weak: 200 encountered, 61 discovered, 0 enqueued
[407.766s][info][gc,ref      ] GC(205) Final: 0 encountered, 0 discovered, 0 enqueued
[407.766s][info][gc,ref      ] GC(205) Phantom: 5 encountered, 3 discovered, 0 enqueued
[407.766s][info][gc,reloc    ] GC(205) Small Pages: 1065 / 2130M, Empty: 1976M, Relocated: 4M, In-Place: 0
[407.766s][info][gc,reloc    ] GC(205) Medium Pages: 0 / 0M, Empty: 0M, Relocated: 0M, In-Place: 0
[407.766s][info][gc,reloc    ] GC(205) Large Pages: 0 / 0M, Empty: 0M, Relocated: 0M, In-Place: 0
[407.766s][info][gc,reloc    ] GC(205) Forwarding Usage: 0M
[407.766s][info][gc,heap     ] GC(205) Min Capacity: 8192M(100%)
[407.766s][info][gc,heap     ] GC(205) Max Capacity: 8192M(100%)
[407.766s][info][gc,heap     ] GC(205) Soft Max Capacity: 8192M(100%)
[407.766s][info][gc,heap     ] GC(205)                Mark Start          Mark End        Relocate Start      Relocate End           High               Low         
[407.766s][info][gc,heap     ] GC(205)  Capacity:     8192M (100%)       8192M (100%)       8192M (100%)       8192M (100%)       8192M (100%)       8192M (100%)   
[407.766s][info][gc,heap     ] GC(205)      Free:     6062M (74%)        6038M (74%)        8014M (98%)        8018M (98%)        8020M (98%)        6038M (74%)    
[407.766s][info][gc,heap     ] GC(205)      Used:     2130M (26%)        2154M (26%)         178M (2%)          174M (2%)         2154M (26%)         172M (2%)     
[407.766s][info][gc,heap     ] GC(205)      Live:         -               132M (2%)          132M (2%)          132M (2%)             -                  -          
[407.766s][info][gc,heap     ] GC(205) Allocated:         -                24M (0%)           24M (0%)           26M (0%)             -                  -          
[407.766s][info][gc,heap     ] GC(205)   Garbage:         -              1997M (24%)          21M (0%)           15M (0%)             -                  -          
[407.766s][info][gc,heap     ] GC(205) Reclaimed:         -                  -              1976M (24%)        1982M (24%)            -                  -          
[407.766s][info][gc          ] GC(205) Garbage Collection (Proactive) 2130M(26%)->174M(2%)
[409.440s][info][gc,start    ] GC(206) Garbage Collection (Proactive)
[409.440s][info][gc,phases   ] GC(206) Pause Mark Start 0.006ms
[409.464s][info][gc,phases   ] GC(206) Concurrent Mark 23.426ms
[409.464s][info][gc,phases   ] GC(206) Pause Mark End 0.008ms
[409.464s][info][gc,phases   ] GC(206) Concurrent Process Non-Strong References 0.398ms
[409.464s][info][gc,phases   ] GC(206) Concurrent Reset Relocation Set 0.001ms
[409.467s][info][gc,phases   ] GC(206) Concurrent Select Relocation Set 2.851ms
[409.467s][info][gc,phases   ] GC(206) Pause Relocate Start 0.004ms
[409.468s][info][gc,phases   ] GC(206) Concurrent Relocate 0.752ms
[409.468s][info][gc,load     ] GC(206) Load: 3.49/3.64/3.61
[409.468s][info][gc,mmu      ] GC(206) MMU: 2ms/98.2%, 5ms/99.3%, 10ms/99.6%, 20ms/99.8%, 50ms/99.9%, 100ms/100.0%
[409.468s][info][gc,marking  ] GC(206) Mark: 2 stripe(s), 2 proactive flush(es), 1 terminate flush(es), 0 completion(s), 0 continuation(s) 
[409.468s][info][gc,nmethod  ] GC(206) NMethods: 484 registered, 0 unregistered
[409.468s][info][gc,metaspace] GC(206) Metaspace: 0M used, 0M committed, 1032M reserved
[409.468s][info][gc,ref      ] GC(206) Soft: 82 encountered, 0 discovered, 0 enqueued
[409.468s][info][gc,ref      ] GC(206) Weak: 200 encountered, 54 discovered, 0 enqueued
[409.468s][info][gc,ref      ] GC(206) Final: 0 encountered, 0 discovered, 0 enqueued
[409.468s][info][gc,ref      ] GC(206) Phantom: 5 encountered, 3 discovered, 0 enqueued
[409.468s][info][gc,reloc    ] GC(206) Small Pages: 962 / 1924M, Empty: 1770M, Relocated: 4M, In-Place: 0
[409.468s][info][gc,reloc    ] GC(206) Medium Pages: 0 / 0M, Empty: 0M, Relocated: 0M, In-Place: 0
[409.468s][info][gc,reloc    ] GC(206) Large Pages: 0 / 0M, Empty: 0M, Relocated: 0M, In-Place: 0
[409.468s][info][gc,reloc    ] GC(206) Forwarding Usage: 0M
[409.468s][info][gc,heap     ] GC(206) Min Capacity: 8192M(100%)
[409.468s][info][gc,heap     ] GC(206) Max Capacity: 8192M(100%)
[409.468s][info][gc,heap     ] GC(206) Soft Max Capacity: 8192M(100%)
[409.468s][info][gc,heap     ] GC(206)                Mark Start          Mark End        Relocate Start      Relocate End           High               Low         
[409.468s][info][gc,heap     ] GC(206)  Capacity:     8192M (100%)       8192M (100%)       8192M (100%)       8192M (100%)       8192M (100%)       8192M (100%)   
[409.468s][info][gc,heap     ] GC(206)      Free:     6268M (77%)        6244M (76%)        8006M (98%)        8012M (98%)        8012M (98%)        6244M (76%)    
[409.468s][info][gc,heap     ] GC(206)      Used:     1924M (23%)        1948M (24%)         186M (2%)          180M (2%)         1948M (24%)         180M (2%)     
[409.468s][info][gc,heap     ] GC(206)      Live:         -               132M (2%)          132M (2%)          132M (2%)             -                  -          
[409.468s][info][gc,heap     ] GC(206) Allocated:         -                24M (0%)           32M (0%)           32M (0%)             -                  -          
[409.468s][info][gc,heap     ] GC(206)   Garbage:         -              1791M (22%)          21M (0%)           15M (0%)             -                  -          
[409.468s][info][gc,heap     ] GC(206) Reclaimed:         -                  -              1770M (22%)        1776M (22%)            -                  -          
[409.468s][info][gc          ] GC(206) Garbage Collection (Proactive) 1924M(23%)->180M(2%)
[410.041s][info][gc,stats    ] === Garbage Collection Statistics =======================================================================================================================
[410.041s][info][gc,stats    ]                                                              Last 10s              Last 10m              Last 10h                Total
[410.041s][info][gc,stats    ]                                                              Avg / Max             Avg / Max             Avg / Max             Avg / Max
[410.041s][info][gc,stats    ]   Collector: Garbage Collection Cycle                     29.276 / 38.920       31.298 / 95.920       31.298 / 95.920       31.298 / 95.920      ms
[410.041s][info][gc,stats    ]  Contention: Mark Segment Reset Contention                     0 / 1                 0 / 4                 0 / 4                 0 / 4           ops/s
[410.041s][info][gc,stats    ]  Contention: Mark SeqNum Reset Contention                      0 / 0                 0 / 1                 0 / 1                 0 / 1           ops/s
[410.041s][info][gc,stats    ]    Critical: Allocation Stall                                  0 / 0                 0 / 0                 0 / 0                 0 / 0           ops/s
[410.041s][info][gc,stats    ]    Critical: Allocation Stall                              0.000 / 0.000         0.000 / 0.000         0.000 / 0.000         0.000 / 0.000       ms
[410.041s][info][gc,stats    ]    Critical: GC Locker Stall                                   0 / 0                 0 / 0                 0 / 0                 0 / 0           ops/s
[410.041s][info][gc,stats    ]    Critical: GC Locker Stall                               0.000 / 0.000         0.000 / 0.000         0.000 / 0.000         0.000 / 0.000       ms
[410.041s][info][gc,stats    ]    Critical: Relocation Stall                                  0 / 0                 0 / 0                 0 / 0                 0 / 0           ops/s
[410.041s][info][gc,stats    ]    Critical: Relocation Stall                              0.000 / 0.000         0.000 / 0.000         0.000 / 0.000         0.000 / 0.000       ms
[410.041s][info][gc,stats    ]      Memory: Allocation Rate                                1044 / 1048           1064 / 9212           1064 / 9212           1064 / 9212        MB/s
[410.041s][info][gc,stats    ]      Memory: Out Of Memory                                     0 / 0                 0 / 0                 0 / 0                 0 / 0           ops/s
[410.041s][info][gc,stats    ]      Memory: Page Cache Flush                                  0 / 0                 0 / 0                 0 / 0                 0 / 0           MB/s
[410.041s][info][gc,stats    ]      Memory: Page Cache Hit L1                               524 / 530             519 / 533             519 / 533             519 / 533         ops/s
[410.041s][info][gc,stats    ]      Memory: Page Cache Hit L2                                 0 / 0                 0 / 0                 0 / 0                 0 / 0           ops/s
[410.041s][info][gc,stats    ]      Memory: Page Cache Hit L3                                 0 / 0                 4 / 486               4 / 486               4 / 486         ops/s
[410.041s][info][gc,stats    ]      Memory: Page Cache Miss                                   0 / 0                 0 / 1                 0 / 1                 0 / 1           ops/s
[410.041s][info][gc,stats    ]      Memory: Uncommit                                          0 / 0                 0 / 0                 0 / 0                 0 / 0           MB/s
[410.041s][info][gc,stats    ]      Memory: Undo Object Allocation Failed                     0 / 0                 0 / 0                 0 / 0                 0 / 0           ops/s
[410.041s][info][gc,stats    ]      Memory: Undo Object Allocation Succeeded                  0 / 0                 0 / 6                 0 / 6                 0 / 6           ops/s
[410.041s][info][gc,stats    ]      Memory: Undo Page Allocation                              0 / 0                 0 / 1                 0 / 1                 0 / 1           ops/s
[410.041s][info][gc,stats    ]       Phase: Concurrent Mark                              24.730 / 34.722       26.338 / 65.214       26.338 / 65.214       26.338 / 65.214      ms
[410.041s][info][gc,stats    ]       Phase: Concurrent Mark Continue                      0.000 / 0.000         0.000 / 0.000         0.000 / 0.000         0.000 / 0.000       ms
[410.041s][info][gc,stats    ]       Phase: Concurrent Process Non-Strong References      0.416 / 0.486         0.453 / 0.911         0.453 / 0.911         0.453 / 0.911       ms
[410.041s][info][gc,stats    ]       Phase: Concurrent Relocate                           0.845 / 1.339         0.960 / 16.651        0.960 / 16.651        0.960 / 16.651      ms
[410.041s][info][gc,stats    ]       Phase: Concurrent Reset Relocation Set               0.001 / 0.002         0.002 / 0.098         0.002 / 0.098         0.002 / 0.098       ms
[410.041s][info][gc,stats    ]       Phase: Concurrent Select Relocation Set              2.738 / 3.151         2.894 / 12.567        2.894 / 12.567        2.894 / 12.567      ms
[410.041s][info][gc,stats    ]       Phase: Pause Mark End                                0.008 / 0.009         0.009 / 0.025         0.009 / 0.025         0.009 / 0.025       ms
[410.041s][info][gc,stats    ]       Phase: Pause Mark Start                              0.005 / 0.006         0.006 / 0.036         0.006 / 0.036         0.006 / 0.036       ms
[410.041s][info][gc,stats    ]       Phase: Pause Relocate Start                          0.004 / 0.005         0.004 / 0.026         0.004 / 0.026         0.004 / 0.026       ms
[410.041s][info][gc,stats    ]    Subphase: Concurrent Classes Purge                      0.025 / 0.029         0.029 / 0.102         0.029 / 0.102         0.029 / 0.102       ms
[410.041s][info][gc,stats    ]    Subphase: Concurrent Classes Unlink                     0.267 / 0.288         0.293 / 0.571         0.293 / 0.571         0.293 / 0.571       ms
[410.041s][info][gc,stats    ]    Subphase: Concurrent Mark                              23.905 / 34.339       25.538 / 64.907       25.538 / 64.907       25.538 / 64.907      ms
[410.041s][info][gc,stats    ]    Subphase: Concurrent Mark Idle                          1.247 / 1.303         1.197 / 1.347         1.197 / 1.347         1.197 / 1.347       ms
[410.041s][info][gc,stats    ]    Subphase: Concurrent Mark Try Flush                     0.025 / 0.041         0.034 / 0.120         0.034 / 0.120         0.034 / 0.120       ms
[410.041s][info][gc,stats    ]    Subphase: Concurrent Mark Try Terminate                 0.473 / 1.307         0.441 / 1.361         0.441 / 1.361         0.441 / 1.361       ms
[410.041s][info][gc,stats    ]    Subphase: Concurrent References Enqueue                 0.000 / 0.000         0.000 / 0.003         0.000 / 0.003         0.000 / 0.003       ms
[410.041s][info][gc,stats    ]    Subphase: Concurrent References Process                 0.020 / 0.027         0.026 / 0.095         0.026 / 0.095         0.026 / 0.095       ms
[410.041s][info][gc,stats    ]    Subphase: Concurrent Roots ClassLoaderDataGraph         0.015 / 0.034         0.017 / 0.132         0.017 / 0.132         0.017 / 0.132       ms
[410.041s][info][gc,stats    ]    Subphase: Concurrent Roots CodeCache                    0.000 / 0.000         0.000 / 0.000         0.000 / 0.000         0.000 / 0.000       ms
[410.041s][info][gc,stats    ]    Subphase: Concurrent Roots JavaThreads                  0.208 / 0.276         0.210 / 0.485         0.210 / 0.485         0.210 / 0.485       ms
[410.041s][info][gc,stats    ]    Subphase: Concurrent Roots OopStorageSet                0.004 / 0.005         0.004 / 0.041         0.004 / 0.041         0.004 / 0.041       ms
[410.041s][info][gc,stats    ]    Subphase: Concurrent Weak Roots OopStorageSet           0.034 / 0.038         0.038 / 0.120         0.038 / 0.120         0.038 / 0.120       ms
[410.041s][info][gc,stats    ]    Subphase: Pause Mark Try Complete                       0.000 / 0.000         0.000 / 0.000         0.000 / 0.000         0.000 / 0.000       ms
[410.041s][info][gc,stats    ]      System: Java Threads                                     16 / 16               16 / 20               16 / 20               16 / 20          threads
[410.041s][info][gc,stats    ] =========================================================================================================================================================
[411.040s][info][gc,start    ] GC(207) Garbage Collection (Proactive)
[411.040s][info][gc,phases   ] GC(207) Pause Mark Start 0.005ms
[411.066s][info][gc,phases   ] GC(207) Concurrent Mark 25.734ms
[411.066s][info][gc,phases   ] GC(207) Pause Mark End 0.008ms
[411.067s][info][gc,phases   ] GC(207) Concurrent Process Non-Strong References 0.591ms
[411.067s][info][gc,phases   ] GC(207) Concurrent Reset Relocation Set 0.002ms
[411.070s][info][gc,phases   ] GC(207) Concurrent Select Relocation Set 2.780ms
[411.070s][info][gc,phases   ] GC(207) Pause Relocate Start 0.004ms
[411.070s][info][gc,phases   ] GC(207) Concurrent Relocate 0.516ms
[411.070s][info][gc,load     ] GC(207) Load: 3.29/3.60/3.60
[411.070s][info][gc,mmu      ] GC(207) MMU: 2ms/98.2%, 5ms/99.3%, 10ms/99.6%, 20ms/99.8%, 50ms/99.9%, 100ms/100.0%
[411.070s][info][gc,marking  ] GC(207) Mark: 2 stripe(s), 2 proactive flush(es), 1 terminate flush(es), 0 completion(s), 0 continuation(s) 
[411.070s][info][gc,nmethod  ] GC(207) NMethods: 484 registered, 0 unregistered
[411.070s][info][gc,metaspace] GC(207) Metaspace: 0M used, 0M committed, 1032M reserved
[411.070s][info][gc,ref      ] GC(207) Soft: 82 encountered, 0 discovered, 0 enqueued
[411.070s][info][gc,ref      ] GC(207) Weak: 200 encountered, 51 discovered, 0 enqueued
[411.070s][info][gc,ref      ] GC(207) Final: 0 encountered, 0 discovered, 0 enqueued
[411.070s][info][gc,ref      ] GC(207) Phantom: 5 encountered, 3 discovered, 0 enqueued
[411.070s][info][gc,reloc    ] GC(207) Small Pages: 910 / 1820M, Empty: 1666M, Relocated: 3M, In-Place: 0
[411.070s][info][gc,reloc    ] GC(207) Medium Pages: 0 / 0M, Empty: 0M, Relocated: 0M, In-Place: 0
[411.070s][info][gc,reloc    ] GC(207) Large Pages: 0 / 0M, Empty: 0M, Relocated: 0M, In-Place: 0
[411.070s][info][gc,reloc    ] GC(207) Forwarding Usage: 0M
[411.070s][info][gc,heap     ] GC(207) Min Capacity: 8192M(100%)
[411.070s][info][gc,heap     ] GC(207) Max Capacity: 8192M(100%)
[411.070s][info][gc,heap     ] GC(207) Soft Max Capacity: 8192M(100%)
[411.070s][info][gc,heap     ] GC(207)                Mark Start          Mark End        Relocate Start      Relocate End           High               Low         
[411.070s][info][gc,heap     ] GC(207)  Capacity:     8192M (100%)       8192M (100%)       8192M (100%)       8192M (100%)       8192M (100%)       8192M (100%)   
[411.070s][info][gc,heap     ] GC(207)      Free:     6372M (78%)        6346M (77%)        8006M (98%)        8012M (98%)        8012M (98%)        6340M (77%)    
[411.070s][info][gc,heap     ] GC(207)      Used:     1820M (22%)        1846M (23%)         186M (2%)          180M (2%)         1852M (23%)         180M (2%)     
[411.070s][info][gc,heap     ] GC(207)      Live:         -               132M (2%)          132M (2%)          132M (2%)             -                  -          
[411.070s][info][gc,heap     ] GC(207) Allocated:         -                26M (0%)           32M (0%)           32M (0%)             -                  -          
[411.070s][info][gc,heap     ] GC(207)   Garbage:         -              1687M (21%)          21M (0%)           15M (0%)             -                  -          
[411.070s][info][gc,heap     ] GC(207) Reclaimed:         -                  -              1666M (20%)        1672M (20%)            -                  -          
[411.070s][info][gc          ] GC(207) Garbage Collection (Proactive) 1820M(22%)->180M(2%)
[412.740s][info][gc,start    ] GC(208) Garbage Collection (Proactive)
[412.741s][info][gc,phases   ] GC(208) Pause Mark Start 0.007ms
[412.765s][info][gc,phases   ] GC(208) Concurrent Mark 24.736ms
[412.766s][info][gc,phases   ] GC(208) Pause Mark End 0.009ms
[412.766s][info][gc,phases   ] GC(208) Concurrent Process Non-Strong References 0.528ms
[412.766s][info][gc,phases   ] GC(208) Concurrent Reset Relocation Set 0.002ms
[412.769s][info][gc,phases   ] GC(208) Concurrent Select Relocation Set 3.033ms
[412.769s][info][gc,phases   ] GC(208) Pause Relocate Start 0.005ms
[412.770s][info][gc,phases   ] GC(208) Concurrent Relocate 0.613ms
[412.770s][info][gc,load     ] GC(208) Load: 3.29/3.60/3.60
[412.770s][info][gc,mmu      ] GC(208) MMU: 2ms/98.2%, 5ms/99.3%, 10ms/99.6%, 20ms/99.8%, 50ms/99.9%, 100ms/100.0%
[412.770s][info][gc,marking  ] GC(208) Mark: 2 stripe(s), 2 proactive flush(es), 1 terminate flush(es), 0 completion(s), 0 continuation(s) 
[412.770s][info][gc,nmethod  ] GC(208) NMethods: 484 registered, 0 unregistered
[412.770s][info][gc,metaspace] GC(208) Metaspace: 0M used, 0M committed, 1032M reserved
[412.770s][info][gc,ref      ] GC(208) Soft: 82 encountered, 0 discovered, 0 enqueued
[412.770s][info][gc,ref      ] GC(208) Weak: 200 encountered, 54 discovered, 0 enqueued
[412.770s][info][gc,ref      ] GC(208) Final: 0 encountered, 0 discovered, 0 enqueued
[412.770s][info][gc,ref      ] GC(208) Phantom: 5 encountered, 3 discovered, 0 enqueued
[412.770s][info][gc,reloc    ] GC(208) Small Pages: 962 / 1924M, Empty: 1770M, Relocated: 4M, In-Place: 0
[412.770s][info][gc,reloc    ] GC(208) Medium Pages: 0 / 0M, Empty: 0M, Relocated: 0M, In-Place: 0
[412.770s][info][gc,reloc    ] GC(208) Large Pages: 0 / 0M, Empty: 0M, Relocated: 0M, In-Place: 0
[412.770s][info][gc,reloc    ] GC(208) Forwarding Usage: 0M
[412.770s][info][gc,heap     ] GC(208) Min Capacity: 8192M(100%)
[412.770s][info][gc,heap     ] GC(208) Max Capacity: 8192M(100%)
[412.770s][info][gc,heap     ] GC(208) Soft Max Capacity: 8192M(100%)
[412.770s][info][gc,heap     ] GC(208)                Mark Start          Mark End        Relocate Start      Relocate End           High               Low         
[412.770s][info][gc,heap     ] GC(208)  Capacity:     8192M (100%)       8192M (100%)       8192M (100%)       8192M (100%)       8192M (100%)       8192M (100%)   
[412.770s][info][gc,heap     ] GC(208)      Free:     6268M (77%)        6244M (76%)        8006M (98%)        8012M (98%)        8012M (98%)        6240M (76%)    
[412.770s][info][gc,heap     ] GC(208)      Used:     1924M (23%)        1948M (24%)         186M (2%)          180M (2%)         1952M (24%)         180M (2%)     
[412.770s][info][gc,heap     ] GC(208)      Live:         -               132M (2%)          132M (2%)          132M (2%)             -                  -          
[412.770s][info][gc,heap     ] GC(208) Allocated:         -                24M (0%)           32M (0%)           32M (0%)             -                  -          
[412.770s][info][gc,heap     ] GC(208)   Garbage:         -              1791M (22%)          21M (0%)           15M (0%)             -                  -          
[412.770s][info][gc,heap     ] GC(208) Reclaimed:         -                  -              1770M (22%)        1776M (22%)            -                  -          
[412.770s][info][gc          ] GC(208) Garbage Collection (Proactive) 1924M(23%)->180M(2%)
[414.340s][info][gc,start    ] GC(209) Garbage Collection (Proactive)
[414.340s][info][gc,phases   ] GC(209) Pause Mark Start 0.008ms
[414.363s][info][gc,phases   ] GC(209) Concurrent Mark 23.359ms
[414.363s][info][gc,phases   ] GC(209) Pause Mark End 0.008ms
[414.364s][info][gc,phases   ] GC(209) Concurrent Process Non-Strong References 0.447ms
[414.364s][info][gc,phases   ] GC(209) Concurrent Reset Relocation Set 0.002ms
[414.367s][info][gc,phases   ] GC(209) Concurrent Select Relocation Set 2.939ms
[414.367s][info][gc,phases   ] GC(209) Pause Relocate Start 0.004ms
[414.368s][info][gc,phases   ] GC(209) Concurrent Relocate 0.902ms
[414.368s][info][gc,load     ] GC(209) Load: 3.29/3.60/3.60
[414.368s][info][gc,mmu      ] GC(209) MMU: 2ms/98.2%, 5ms/99.3%, 10ms/99.6%, 20ms/99.8%, 50ms/99.9%, 100ms/100.0%
[414.368s][info][gc,marking  ] GC(209) Mark: 2 stripe(s), 2 proactive flush(es), 1 terminate flush(es), 0 completion(s), 0 continuation(s) 
[414.368s][info][gc,nmethod  ] GC(209) NMethods: 484 registered, 0 unregistered
[414.368s][info][gc,metaspace] GC(209) Metaspace: 0M used, 0M committed, 1032M reserved
[414.368s][info][gc,ref      ] GC(209) Soft: 82 encountered, 0 discovered, 0 enqueued
[414.368s][info][gc,ref      ] GC(209) Weak: 200 encountered, 54 discovered, 0 enqueued
[414.368s][info][gc,ref      ] GC(209) Final: 0 encountered, 0 discovered, 0 enqueued
[414.368s][info][gc,ref      ] GC(209) Phantom: 5 encountered, 3 discovered, 0 enqueued
[414.368s][info][gc,reloc    ] GC(209) Small Pages: 910 / 1820M, Empty: 1666M, Relocated: 4M, In-Place: 0
[414.368s][info][gc,reloc    ] GC(209) Medium Pages: 0 / 0M, Empty: 0M, Relocated: 0M, In-Place: 0
[414.368s][info][gc,reloc    ] GC(209) Large Pages: 0 / 0M, Empty: 0M, Relocated: 0M, In-Place: 0
[414.368s][info][gc,reloc    ] GC(209) Forwarding Usage: 0M
[414.368s][info][gc,heap     ] GC(209) Min Capacity: 8192M(100%)
[414.368s][info][gc,heap     ] GC(209) Max Capacity: 8192M(100%)
[414.368s][info][gc,heap     ] GC(209) Soft Max Capacity: 8192M(100%)
[414.368s][info][gc,heap     ] GC(209)                Mark Start          Mark End        Relocate Start      Relocate End           High               Low         
[414.368s][info][gc,heap     ] GC(209)  Capacity:     8192M (100%)       8192M (100%)       8192M (100%)       8192M (100%)       8192M (100%)       8192M (100%)   
[414.368s][info][gc,heap     ] GC(209)      Free:     6372M (78%)        6348M (77%)        8006M (98%)        8014M (98%)        8014M (98%)        6348M (77%)    
[414.368s][info][gc,heap     ] GC(209)      Used:     1820M (22%)        1844M (23%)         186M (2%)          178M (2%)         1844M (23%)         178M (2%)     
[414.368s][info][gc,heap     ] GC(209)      Live:         -               132M (2%)          132M (2%)          132M (2%)             -                  -          
[414.368s][info][gc,heap     ] GC(209) Allocated:         -                24M (0%)           32M (0%)           32M (0%)             -                  -          
[414.368s][info][gc,heap     ] GC(209)   Garbage:         -              1687M (21%)          21M (0%)           13M (0%)             -                  -          
[414.368s][info][gc,heap     ] GC(209) Reclaimed:         -                  -              1666M (20%)        1674M (20%)            -                  -          
[414.368s][info][gc          ] GC(209) Garbage Collection (Proactive) 1820M(22%)->178M(2%)
[415.939s][info][gc,start    ] GC(210) Garbage Collection (Proactive)
[415.939s][info][gc,phases   ] GC(210) Pause Mark Start 0.007ms
[415.964s][info][gc,phases   ] GC(210) Concurrent Mark 25.049ms
[415.965s][info][gc,phases   ] GC(210) Pause Mark End 0.009ms
[415.965s][info][gc,phases   ] GC(210) Concurrent Process Non-Strong References 0.442ms
[415.965s][info][gc,phases   ] GC(210) Concurrent Reset Relocation Set 0.002ms
[415.968s][info][gc,phases   ] GC(210) Concurrent Select Relocation Set 2.885ms
[415.968s][info][gc,phases   ] GC(210) Pause Relocate Start 0.005ms
[415.969s][info][gc,phases   ] GC(210) Concurrent Relocate 0.476ms
[415.969s][info][gc,load     ] GC(210) Load: 3.03/3.54/3.58
[415.969s][info][gc,mmu      ] GC(210) MMU: 2ms/98.2%, 5ms/99.3%, 10ms/99.6%, 20ms/99.8%, 50ms/99.9%, 100ms/100.0%
[415.969s][info][gc,marking  ] GC(210) Mark: 2 stripe(s), 2 proactive flush(es), 1 terminate flush(es), 0 completion(s), 0 continuation(s) 
[415.969s][info][gc,nmethod  ] GC(210) NMethods: 484 registered, 0 unregistered
[415.969s][info][gc,metaspace] GC(210) Metaspace: 0M used, 0M committed, 1032M reserved
[415.969s][info][gc,ref      ] GC(210) Soft: 82 encountered, 0 discovered, 0 enqueued
[415.969s][info][gc,ref      ] GC(210) Weak: 200 encountered, 52 discovered, 0 enqueued
[415.969s][info][gc,ref      ] GC(210) Final: 0 encountered, 0 discovered, 0 enqueued
[415.969s][info][gc,ref      ] GC(210) Phantom: 5 encountered, 3 discovered, 0 enqueued
[415.969s][info][gc,reloc    ] GC(210) Small Pages: 909 / 1818M, Empty: 1664M, Relocated: 3M, In-Place: 0
[415.969s][info][gc,reloc    ] GC(210) Medium Pages: 0 / 0M, Empty: 0M, Relocated: 0M, In-Place: 0
[415.969s][info][gc,reloc    ] GC(210) Large Pages: 0 / 0M, Empty: 0M, Relocated: 0M, In-Place: 0
[415.969s][info][gc,reloc    ] GC(210) Forwarding Usage: 0M
[415.969s][info][gc,heap     ] GC(210) Min Capacity: 8192M(100%)
[415.969s][info][gc,heap     ] GC(210) Max Capacity: 8192M(100%)
[415.969s][info][gc,heap     ] GC(210) Soft Max Capacity: 8192M(100%)
[415.969s][info][gc,heap     ] GC(210)                Mark Start          Mark End        Relocate Start      Relocate End           High               Low         
[415.969s][info][gc,heap     ] GC(210)  Capacity:     8192M (100%)       8192M (100%)       8192M (100%)       8192M (100%)       8192M (100%)       8192M (100%)   
[415.969s][info][gc,heap     ] GC(210)      Free:     6374M (78%)        6350M (78%)        8006M (98%)        8014M (98%)        8014M (98%)        6350M (78%)    
[415.969s][info][gc,heap     ] GC(210)      Used:     1818M (22%)        1842M (22%)         186M (2%)          178M (2%)         1842M (22%)         178M (2%)     
[415.969s][info][gc,heap     ] GC(210)      Live:         -               132M (2%)          132M (2%)          132M (2%)             -                  -          
[415.969s][info][gc,heap     ] GC(210) Allocated:         -                24M (0%)           32M (0%)           32M (0%)             -                  -          
[415.969s][info][gc,heap     ] GC(210)   Garbage:         -              1685M (21%)          21M (0%)           13M (0%)             -                  -          
[415.969s][info][gc,heap     ] GC(210) Reclaimed:         -                  -              1664M (20%)        1672M (20%)            -                  -          
[415.969s][info][gc          ] GC(210) Garbage Collection (Proactive) 1818M(22%)->178M(2%)
[417.540s][info][gc,start    ] GC(211) Garbage Collection (Proactive)
[417.541s][info][gc,phases   ] GC(211) Pause Mark Start 0.005ms
[417.565s][info][gc,phases   ] GC(211) Concurrent Mark 24.414ms
[417.565s][info][gc,phases   ] GC(211) Pause Mark End 0.009ms
[417.566s][info][gc,phases   ] GC(211) Concurrent Process Non-Strong References 0.659ms
[417.566s][info][gc,phases   ] GC(211) Concurrent Reset Relocation Set 0.002ms
[417.570s][info][gc,phases   ] GC(211) Concurrent Select Relocation Set 3.691ms
[417.570s][info][gc,phases   ] GC(211) Pause Relocate Start 0.007ms
[417.571s][info][gc,phases   ] GC(211) Concurrent Relocate 0.703ms
[417.571s][info][gc,load     ] GC(211) Load: 3.03/3.54/3.58
[417.571s][info][gc,mmu      ] GC(211) MMU: 2ms/98.2%, 5ms/99.3%, 10ms/99.6%, 20ms/99.8%, 50ms/99.9%, 100ms/100.0%
[417.571s][info][gc,marking  ] GC(211) Mark: 2 stripe(s), 2 proactive flush(es), 1 terminate flush(es), 0 completion(s), 0 continuation(s) 
[417.571s][info][gc,nmethod  ] GC(211) NMethods: 484 registered, 0 unregistered
[417.571s][info][gc,metaspace] GC(211) Metaspace: 0M used, 0M committed, 1032M reserved
[417.571s][info][gc,ref      ] GC(211) Soft: 82 encountered, 0 discovered, 0 enqueued
[417.571s][info][gc,ref      ] GC(211) Weak: 200 encountered, 51 discovered, 0 enqueued
[417.571s][info][gc,ref      ] GC(211) Final: 0 encountered, 0 discovered, 0 enqueued
[417.571s][info][gc,ref      ] GC(211) Phantom: 5 encountered, 3 discovered, 0 enqueued
[417.571s][info][gc,reloc    ] GC(211) Small Pages: 909 / 1818M, Empty: 1664M, Relocated: 3M, In-Place: 0
[417.571s][info][gc,reloc    ] GC(211) Medium Pages: 0 / 0M, Empty: 0M, Relocated: 0M, In-Place: 0
[417.571s][info][gc,reloc    ] GC(211) Large Pages: 0 / 0M, Empty: 0M, Relocated: 0M, In-Place: 0
[417.571s][info][gc,reloc    ] GC(211) Forwarding Usage: 0M
[417.571s][info][gc,heap     ] GC(211) Min Capacity: 8192M(100%)
[417.571s][info][gc,heap     ] GC(211) Max Capacity: 8192M(100%)
[417.571s][info][gc,heap     ] GC(211) Soft Max Capacity: 8192M(100%)
[417.571s][info][gc,heap     ] GC(211)                Mark Start          Mark End        Relocate Start      Relocate End           High               Low         
[417.571s][info][gc,heap     ] GC(211)  Capacity:     8192M (100%)       8192M (100%)       8192M (100%)       8192M (100%)       8192M (100%)       8192M (100%)   
[417.571s][info][gc,heap     ] GC(211)      Free:     6374M (78%)        6350M (78%)        8006M (98%)        8014M (98%)        8014M (98%)        6348M (77%)    
[417.571s][info][gc,heap     ] GC(211)      Used:     1818M (22%)        1842M (22%)         186M (2%)          178M (2%)         1844M (23%)         178M (2%)     
[417.571s][info][gc,heap     ] GC(211)      Live:         -               132M (2%)          132M (2%)          132M (2%)             -                  -          
[417.571s][info][gc,heap     ] GC(211) Allocated:         -                24M (0%)           32M (0%)           32M (0%)             -                  -          
[417.571s][info][gc,heap     ] GC(211)   Garbage:         -              1685M (21%)          21M (0%)           13M (0%)             -                  -          
[417.571s][info][gc,heap     ] GC(211) Reclaimed:         -                  -              1664M (20%)        1672M (20%)            -                  -          
[417.571s][info][gc          ] GC(211) Garbage Collection (Proactive) 1818M(22%)->178M(2%)
[419.140s][info][gc,start    ] GC(212) Garbage Collection (Proactive)
[419.140s][info][gc,phases   ] GC(212) Pause Mark Start 0.006ms
[419.163s][info][gc,phases   ] GC(212) Concurrent Mark 23.207ms
[419.164s][info][gc,phases   ] GC(212) Pause Mark End 0.008ms
[419.164s][info][gc,phases   ] GC(212) Concurrent Process Non-Strong References 0.393ms
[419.164s][info][gc,phases   ] GC(212) Concurrent Reset Relocation Set 0.001ms
[419.167s][info][gc,phases   ] GC(212) Concurrent Select Relocation Set 2.962ms
[419.167s][info][gc,phases   ] GC(212) Pause Relocate Start 0.004ms
[419.168s][info][gc,phases   ] GC(212) Concurrent Relocate 0.468ms
[419.168s][info][gc,load     ] GC(212) Load: 3.03/3.54/3.58
[419.168s][info][gc,mmu      ] GC(212) MMU: 2ms/98.2%, 5ms/99.3%, 10ms/99.6%, 20ms/99.8%, 50ms/99.9%, 100ms/100.0%
[419.168s][info][gc,marking  ] GC(212) Mark: 2 stripe(s), 2 proactive flush(es), 1 terminate flush(es), 0 completion(s), 0 continuation(s) 
[419.168s][info][gc,nmethod  ] GC(212) NMethods: 484 registered, 0 unregistered
[419.168s][info][gc,metaspace] GC(212) Metaspace: 0M used, 0M committed, 1032M reserved
[419.168s][info][gc,ref      ] GC(212) Soft: 82 encountered, 0 discovered, 0 enqueued
[419.168s][info][gc,ref      ] GC(212) Weak: 200 encountered, 59 discovered, 0 enqueued
[419.168s][info][gc,ref      ] GC(212) Final: 0 encountered, 0 discovered, 0 enqueued
[419.168s][info][gc,ref      ] GC(212) Phantom: 5 encountered, 3 discovered, 0 enqueued
[419.168s][info][gc,reloc    ] GC(212) Small Pages: 909 / 1818M, Empty: 1664M, Relocated: 3M, In-Place: 0
[419.168s][info][gc,reloc    ] GC(212) Medium Pages: 0 / 0M, Empty: 0M, Relocated: 0M, In-Place: 0
[419.168s][info][gc,reloc    ] GC(212) Large Pages: 0 / 0M, Empty: 0M, Relocated: 0M, In-Place: 0
[419.168s][info][gc,reloc    ] GC(212) Forwarding Usage: 0M
[419.168s][info][gc,heap     ] GC(212) Min Capacity: 8192M(100%)
[419.168s][info][gc,heap     ] GC(212) Max Capacity: 8192M(100%)
[419.168s][info][gc,heap     ] GC(212) Soft Max Capacity: 8192M(100%)
[419.168s][info][gc,heap     ] GC(212)                Mark Start          Mark End        Relocate Start      Relocate End           High               Low         
[419.168s][info][gc,heap     ] GC(212)  Capacity:     8192M (100%)       8192M (100%)       8192M (100%)       8192M (100%)       8192M (100%)       8192M (100%)   
[419.168s][info][gc,heap     ] GC(212)      Free:     6374M (78%)        6350M (78%)        8004M (98%)        8012M (98%)        8014M (98%)        6350M (78%)    
[419.168s][info][gc,heap     ] GC(212)      Used:     1818M (22%)        1842M (22%)         188M (2%)          180M (2%)         1842M (22%)         178M (2%)     
[419.168s][info][gc,heap     ] GC(212)      Live:         -               132M (2%)          132M (2%)          132M (2%)             -                  -          
[419.168s][info][gc,heap     ] GC(212) Allocated:         -                24M (0%)           34M (0%)           34M (0%)             -                  -          
[419.168s][info][gc,heap     ] GC(212)   Garbage:         -              1685M (21%)          21M (0%)           13M (0%)             -                  -          
[419.168s][info][gc,heap     ] GC(212) Reclaimed:         -                  -              1664M (20%)        1672M (20%)            -                  -          
[419.168s][info][gc          ] GC(212) Garbage Collection (Proactive) 1818M(22%)->180M(2%)
[420.039s][info][gc,stats    ] === Garbage Collection Statistics =======================================================================================================================
[420.039s][info][gc,stats    ]                                                              Last 10s              Last 10m              Last 10h                Total
[420.039s][info][gc,stats    ]                                                              Avg / Max             Avg / Max             Avg / Max             Avg / Max
[420.039s][info][gc,stats    ]   Collector: Garbage Collection Cycle                     29.232 / 30.169       31.240 / 95.920       31.240 / 95.920       31.240 / 95.920      ms
[420.039s][info][gc,stats    ]  Contention: Mark Segment Reset Contention                     0 / 2                 0 / 4                 0 / 4                 0 / 4           ops/s
[420.039s][info][gc,stats    ]  Contention: Mark SeqNum Reset Contention                      0 / 0                 0 / 1                 0 / 1                 0 / 1           ops/s
[420.039s][info][gc,stats    ]    Critical: Allocation Stall                                  0 / 0                 0 / 0                 0 / 0                 0 / 0           ops/s
[420.039s][info][gc,stats    ]    Critical: Allocation Stall                              0.000 / 0.000         0.000 / 0.000         0.000 / 0.000         0.000 / 0.000       ms
[420.039s][info][gc,stats    ]    Critical: GC Locker Stall                                   0 / 0                 0 / 0                 0 / 0                 0 / 0           ops/s
[420.039s][info][gc,stats    ]    Critical: GC Locker Stall                               0.000 / 0.000         0.000 / 0.000         0.000 / 0.000         0.000 / 0.000       ms
[420.039s][info][gc,stats    ]    Critical: Relocation Stall                                  0 / 0                 0 / 0                 0 / 0                 0 / 0           ops/s
[420.039s][info][gc,stats    ]    Critical: Relocation Stall                              0.000 / 0.000         0.000 / 0.000         0.000 / 0.000         0.000 / 0.000       ms
[420.040s][info][gc,stats    ]      Memory: Allocation Rate                                1044 / 1048           1064 / 9212           1064 / 9212           1064 / 9212        MB/s
[420.040s][info][gc,stats    ]      Memory: Out Of Memory                                     0 / 0                 0 / 0                 0 / 0                 0 / 0           ops/s
[420.040s][info][gc,stats    ]      Memory: Page Cache Flush                                  0 / 0                 0 / 0                 0 / 0                 0 / 0           MB/s
[420.040s][info][gc,stats    ]      Memory: Page Cache Hit L1                               524 / 528             519 / 533             519 / 533             519 / 533         ops/s
[420.040s][info][gc,stats    ]      Memory: Page Cache Hit L2                                 0 / 0                 0 / 0                 0 / 0                 0 / 0           ops/s
[420.040s][info][gc,stats    ]      Memory: Page Cache Hit L3                                 0 / 0                 4 / 486               4 / 486               4 / 486         ops/s
[420.040s][info][gc,stats    ]      Memory: Page Cache Miss                                   0 / 0                 0 / 1                 0 / 1                 0 / 1           ops/s
[420.040s][info][gc,stats    ]      Memory: Uncommit                                          0 / 0                 0 / 0                 0 / 0                 0 / 0           MB/s
[420.040s][info][gc,stats    ]      Memory: Undo Object Allocation Failed                     0 / 0                 0 / 0                 0 / 0                 0 / 0           ops/s
[420.040s][info][gc,stats    ]      Memory: Undo Object Allocation Succeeded                  0 / 1                 0 / 6                 0 / 6                 0 / 6           ops/s
[420.040s][info][gc,stats    ]      Memory: Undo Page Allocation                              0 / 0                 0 / 1                 0 / 1                 0 / 1           ops/s
[420.040s][info][gc,stats    ]       Phase: Concurrent Mark                              24.416 / 25.734       26.283 / 65.214       26.283 / 65.214       26.283 / 65.214      ms
[420.040s][info][gc,stats    ]       Phase: Concurrent Mark Continue                      0.000 / 0.000         0.000 / 0.000         0.000 / 0.000         0.000 / 0.000       ms
[420.040s][info][gc,stats    ]       Phase: Concurrent Process Non-Strong References      0.510 / 0.659         0.455 / 0.911         0.455 / 0.911         0.455 / 0.911       ms
[420.040s][info][gc,stats    ]       Phase: Concurrent Relocate                           0.613 / 0.902         0.950 / 16.651        0.950 / 16.651        0.950 / 16.651      ms
[420.040s][info][gc,stats    ]       Phase: Concurrent Reset Relocation Set               0.002 / 0.002         0.002 / 0.098         0.002 / 0.098         0.002 / 0.098       ms
[420.040s][info][gc,stats    ]       Phase: Concurrent Select Relocation Set              3.048 / 3.691         2.899 / 12.567        2.899 / 12.567        2.899 / 12.567      ms
[420.040s][info][gc,stats    ]       Phase: Pause Mark End                                0.009 / 0.009         0.009 / 0.025         0.009 / 0.025         0.009 / 0.025       ms
[420.040s][info][gc,stats    ]       Phase: Pause Mark Start                              0.006 / 0.008         0.006 / 0.036         0.006 / 0.036         0.006 / 0.036       ms
[420.040s][info][gc,stats    ]       Phase: Pause Relocate Start                          0.005 / 0.007         0.004 / 0.026         0.004 / 0.026         0.004 / 0.026       ms
[420.040s][info][gc,stats    ]    Subphase: Concurrent Classes Purge                      0.031 / 0.039         0.029 / 0.102         0.029 / 0.102         0.029 / 0.102       ms
[420.040s][info][gc,stats    ]    Subphase: Concurrent Classes Unlink                     0.326 / 0.396         0.294 / 0.571         0.294 / 0.571         0.294 / 0.571       ms
[420.040s][info][gc,stats    ]    Subphase: Concurrent Mark                              23.585 / 25.436       25.483 / 64.907       25.483 / 64.907       25.483 / 64.907      ms
[420.040s][info][gc,stats    ]    Subphase: Concurrent Mark Idle                          1.190 / 1.289         1.197 / 1.347         1.197 / 1.347         1.197 / 1.347       ms
[420.040s][info][gc,stats    ]    Subphase: Concurrent Mark Try Flush                     0.033 / 0.061         0.034 / 0.120         0.034 / 0.120         0.034 / 0.120       ms
[420.040s][info][gc,stats    ]    Subphase: Concurrent Mark Try Terminate                 0.405 / 1.290         0.440 / 1.361         0.440 / 1.361         0.440 / 1.361       ms
[420.040s][info][gc,stats    ]    Subphase: Concurrent References Enqueue                 0.000 / 0.001         0.000 / 0.003         0.000 / 0.003         0.000 / 0.003       ms
[420.040s][info][gc,stats    ]    Subphase: Concurrent References Process                 0.026 / 0.040         0.026 / 0.095         0.026 / 0.095         0.026 / 0.095       ms
[420.040s][info][gc,stats    ]    Subphase: Concurrent Roots ClassLoaderDataGraph         0.018 / 0.041         0.017 / 0.132         0.017 / 0.132         0.017 / 0.132       ms
[420.040s][info][gc,stats    ]    Subphase: Concurrent Roots CodeCache                    0.000 / 0.000         0.000 / 0.000         0.000 / 0.000         0.000 / 0.000       ms
[420.040s][info][gc,stats    ]    Subphase: Concurrent Roots JavaThreads                  0.252 / 0.303         0.211 / 0.485         0.211 / 0.485         0.211 / 0.485       ms
[420.040s][info][gc,stats    ]    Subphase: Concurrent Roots OopStorageSet                0.005 / 0.006         0.004 / 0.041         0.004 / 0.041         0.004 / 0.041       ms
[420.040s][info][gc,stats    ]    Subphase: Concurrent Weak Roots OopStorageSet           0.042 / 0.060         0.038 / 0.120         0.038 / 0.120         0.038 / 0.120       ms
[420.040s][info][gc,stats    ]    Subphase: Pause Mark Try Complete                       0.000 / 0.000         0.000 / 0.000         0.000 / 0.000         0.000 / 0.000       ms
[420.040s][info][gc,stats    ]      System: Java Threads                                     16 / 16               16 / 20               16 / 20               16 / 20          threads
[420.040s][info][gc,stats    ] =========================================================================================================================================================
[420.741s][info][gc,start    ] GC(213) Garbage Collection (Proactive)
[420.741s][info][gc,phases   ] GC(213) Pause Mark Start 0.006ms
[420.763s][info][gc,phases   ] GC(213) Concurrent Mark 22.472ms
[420.764s][info][gc,phases   ] GC(213) Pause Mark End 0.010ms
[420.764s][info][gc,phases   ] GC(213) Concurrent Process Non-Strong References 0.414ms
[420.764s][info][gc,phases   ] GC(213) Concurrent Reset Relocation Set 0.001ms
[420.767s][info][gc,phases   ] GC(213) Concurrent Select Relocation Set 2.752ms
[420.767s][info][gc,phases   ] GC(213) Pause Relocate Start 0.003ms
[420.768s][info][gc,phases   ] GC(213) Concurrent Relocate 0.641ms
[420.768s][info][gc,load     ] GC(213) Load: 3.03/3.54/3.58
[420.768s][info][gc,mmu      ] GC(213) MMU: 2ms/98.2%, 5ms/99.3%, 10ms/99.6%, 20ms/99.8%, 50ms/99.9%, 100ms/100.0%
[420.768s][info][gc,marking  ] GC(213) Mark: 2 stripe(s), 2 proactive flush(es), 1 terminate flush(es), 0 completion(s), 0 continuation(s) 
[420.768s][info][gc,nmethod  ] GC(213) NMethods: 484 registered, 0 unregistered
[420.768s][info][gc,metaspace] GC(213) Metaspace: 0M used, 0M committed, 1032M reserved
[420.768s][info][gc,ref      ] GC(213) Soft: 82 encountered, 0 discovered, 0 enqueued
[420.768s][info][gc,ref      ] GC(213) Weak: 200 encountered, 51 discovered, 0 enqueued
[420.768s][info][gc,ref      ] GC(213) Final: 0 encountered, 0 discovered, 0 enqueued
[420.768s][info][gc,ref      ] GC(213) Phantom: 5 encountered, 3 discovered, 0 enqueued
[420.768s][info][gc,reloc    ] GC(213) Small Pages: 910 / 1820M, Empty: 1666M, Relocated: 3M, In-Place: 0
[420.768s][info][gc,reloc    ] GC(213) Medium Pages: 0 / 0M, Empty: 0M, Relocated: 0M, In-Place: 0
[420.768s][info][gc,reloc    ] GC(213) Large Pages: 0 / 0M, Empty: 0M, Relocated: 0M, In-Place: 0
[420.768s][info][gc,reloc    ] GC(213) Forwarding Usage: 0M
[420.768s][info][gc,heap     ] GC(213) Min Capacity: 8192M(100%)
[420.768s][info][gc,heap     ] GC(213) Max Capacity: 8192M(100%)
[420.768s][info][gc,heap     ] GC(213) Soft Max Capacity: 8192M(100%)
[420.768s][info][gc,heap     ] GC(213)                Mark Start          Mark End        Relocate Start      Relocate End           High               Low         
[420.768s][info][gc,heap     ] GC(213)  Capacity:     8192M (100%)       8192M (100%)       8192M (100%)       8192M (100%)       8192M (100%)       8192M (100%)   
[420.768s][info][gc,heap     ] GC(213)      Free:     6372M (78%)        6346M (77%)        8004M (98%)        8008M (98%)        8010M (98%)        6346M (77%)    
[420.768s][info][gc,heap     ] GC(213)      Used:     1820M (22%)        1846M (23%)         188M (2%)          184M (2%)         1846M (23%)         182M (2%)     
[420.768s][info][gc,heap     ] GC(213)      Live:         -               132M (2%)          132M (2%)          132M (2%)             -                  -          
[420.768s][info][gc,heap     ] GC(213) Allocated:         -                26M (0%)           34M (0%)           36M (0%)             -                  -          
[420.768s][info][gc,heap     ] GC(213)   Garbage:         -              1687M (21%)          21M (0%)           15M (0%)             -                  -          
[420.768s][info][gc,heap     ] GC(213) Reclaimed:         -                  -              1666M (20%)        1672M (20%)            -                  -          
[420.768s][info][gc          ] GC(213) Garbage Collection (Proactive) 1820M(22%)->184M(2%)
[422.340s][info][gc,start    ] GC(214) Garbage Collection (Proactive)
[422.340s][info][gc,phases   ] GC(214) Pause Mark Start 0.006ms
[422.365s][info][gc,phases   ] GC(214) Concurrent Mark 24.856ms
[422.365s][info][gc,phases   ] GC(214) Pause Mark End 0.008ms
[422.366s][info][gc,phases   ] GC(214) Concurrent Process Non-Strong References 0.596ms
[422.366s][info][gc,phases   ] GC(214) Concurrent Reset Relocation Set 0.001ms
[422.369s][info][gc,phases   ] GC(214) Concurrent Select Relocation Set 3.287ms
[422.370s][info][gc,phases   ] GC(214) Pause Relocate Start 0.006ms
[422.370s][info][gc,phases   ] GC(214) Concurrent Relocate 0.554ms
[422.370s][info][gc,load     ] GC(214) Load: 2.94/3.51/3.57
[422.370s][info][gc,mmu      ] GC(214) MMU: 2ms/98.2%, 5ms/99.3%, 10ms/99.6%, 20ms/99.8%, 50ms/99.9%, 100ms/100.0%
[422.370s][info][gc,marking  ] GC(214) Mark: 2 stripe(s), 2 proactive flush(es), 1 terminate flush(es), 0 completion(s), 0 continuation(s) 
[422.370s][info][gc,nmethod  ] GC(214) NMethods: 484 registered, 0 unregistered
[422.370s][info][gc,metaspace] GC(214) Metaspace: 0M used, 0M committed, 1032M reserved
[422.370s][info][gc,ref      ] GC(214) Soft: 82 encountered, 0 discovered, 0 enqueued
[422.370s][info][gc,ref      ] GC(214) Weak: 200 encountered, 56 discovered, 0 enqueued
[422.370s][info][gc,ref      ] GC(214) Final: 0 encountered, 0 discovered, 0 enqueued
[422.370s][info][gc,ref      ] GC(214) Phantom: 5 encountered, 5 discovered, 0 enqueued
[422.370s][info][gc,reloc    ] GC(214) Small Pages: 911 / 1822M, Empty: 1660M, Relocated: 2M, In-Place: 0
[422.370s][info][gc,reloc    ] GC(214) Medium Pages: 0 / 0M, Empty: 0M, Relocated: 0M, In-Place: 0
[422.370s][info][gc,reloc    ] GC(214) Large Pages: 0 / 0M, Empty: 0M, Relocated: 0M, In-Place: 0
[422.370s][info][gc,reloc    ] GC(214) Forwarding Usage: 0M
[422.370s][info][gc,heap     ] GC(214) Min Capacity: 8192M(100%)
[422.370s][info][gc,heap     ] GC(214) Max Capacity: 8192M(100%)
[422.370s][info][gc,heap     ] GC(214) Soft Max Capacity: 8192M(100%)
[422.370s][info][gc,heap     ] GC(214)                Mark Start          Mark End        Relocate Start      Relocate End           High               Low         
[422.370s][info][gc,heap     ] GC(214)  Capacity:     8192M (100%)       8192M (100%)       8192M (100%)       8192M (100%)       8192M (100%)       8192M (100%)   
[422.370s][info][gc,heap     ] GC(214)      Free:     6370M (78%)        6344M (77%)        7996M (98%)        8012M (98%)        8012M (98%)        6338M (77%)    
[422.370s][info][gc,heap     ] GC(214)      Used:     1822M (22%)        1848M (23%)         196M (2%)          180M (2%)         1854M (23%)         180M (2%)     
[422.370s][info][gc,heap     ] GC(214)      Live:         -               132M (2%)          132M (2%)          132M (2%)             -                  -          
[422.370s][info][gc,heap     ] GC(214) Allocated:         -                26M (0%)           34M (0%)           34M (0%)             -                  -          
[422.370s][info][gc,heap     ] GC(214)   Garbage:         -              1689M (21%)          29M (0%)           13M (0%)             -                  -          
[422.370s][info][gc,heap     ] GC(214) Reclaimed:         -                  -              1660M (20%)        1676M (20%)            -                  -          
[422.370s][info][gc          ] GC(214) Garbage Collection (Proactive) 1822M(22%)->180M(2%)
[424.040s][info][gc,start    ] GC(215) Garbage Collection (Proactive)
[424.040s][info][gc,phases   ] GC(215) Pause Mark Start 0.007ms
[424.066s][info][gc,phases   ] GC(215) Concurrent Mark 25.720ms
[424.066s][info][gc,phases   ] GC(215) Pause Mark End 0.009ms
[424.067s][info][gc,phases   ] GC(215) Concurrent Process Non-Strong References 0.536ms
[424.067s][info][gc,phases   ] GC(215) Concurrent Reset Relocation Set 0.002ms
[424.070s][info][gc,phases   ] GC(215) Concurrent Select Relocation Set 2.937ms
[424.070s][info][gc,phases   ] GC(215) Pause Relocate Start 0.005ms
[424.071s][info][gc,phases   ] GC(215) Concurrent Relocate 0.779ms
[424.071s][info][gc,load     ] GC(215) Load: 2.94/3.51/3.57
[424.071s][info][gc,mmu      ] GC(215) MMU: 2ms/98.2%, 5ms/99.3%, 10ms/99.6%, 20ms/99.8%, 50ms/99.9%, 100ms/100.0%
[424.071s][info][gc,marking  ] GC(215) Mark: 2 stripe(s), 2 proactive flush(es), 1 terminate flush(es), 0 completion(s), 0 continuation(s) 
[424.071s][info][gc,nmethod  ] GC(215) NMethods: 484 registered, 0 unregistered
[424.071s][info][gc,metaspace] GC(215) Metaspace: 0M used, 0M committed, 1032M reserved
[424.071s][info][gc,ref      ] GC(215) Soft: 82 encountered, 0 discovered, 0 enqueued
[424.071s][info][gc,ref      ] GC(215) Weak: 200 encountered, 55 discovered, 0 enqueued
[424.071s][info][gc,ref      ] GC(215) Final: 0 encountered, 0 discovered, 0 enqueued
[424.071s][info][gc,ref      ] GC(215) Phantom: 5 encountered, 5 discovered, 0 enqueued
[424.071s][info][gc,reloc    ] GC(215) Small Pages: 962 / 1924M, Empty: 1706M, Relocated: 4M, In-Place: 0
[424.071s][info][gc,reloc    ] GC(215) Medium Pages: 0 / 0M, Empty: 0M, Relocated: 0M, In-Place: 0
[424.071s][info][gc,reloc    ] GC(215) Large Pages: 0 / 0M, Empty: 0M, Relocated: 0M, In-Place: 0
[424.071s][info][gc,reloc    ] GC(215) Forwarding Usage: 0M
[424.071s][info][gc,heap     ] GC(215) Min Capacity: 8192M(100%)
[424.071s][info][gc,heap     ] GC(215) Max Capacity: 8192M(100%)
[424.071s][info][gc,heap     ] GC(215) Soft Max Capacity: 8192M(100%)
[424.071s][info][gc,heap     ] GC(215)                Mark Start          Mark End        Relocate Start      Relocate End           High               Low         
[424.071s][info][gc,heap     ] GC(215)  Capacity:     8192M (100%)       8192M (100%)       8192M (100%)       8192M (100%)       8192M (100%)       8192M (100%)   
[424.071s][info][gc,heap     ] GC(215)      Free:     6268M (77%)        6242M (76%)        7938M (97%)        8006M (98%)        8006M (98%)        6234M (76%)    
[424.071s][info][gc,heap     ] GC(215)      Used:     1924M (23%)        1950M (24%)         254M (3%)          186M (2%)         1958M (24%)         186M (2%)     
[424.071s][info][gc,heap     ] GC(215)      Live:         -               132M (2%)          132M (2%)          132M (2%)             -                  -          
[424.071s][info][gc,heap     ] GC(215) Allocated:         -                26M (0%)           36M (0%)           36M (0%)             -                  -          
[424.071s][info][gc,heap     ] GC(215)   Garbage:         -              1791M (22%)          85M (1%)           17M (0%)             -                  -          
[424.071s][info][gc,heap     ] GC(215) Reclaimed:         -                  -              1706M (21%)        1774M (22%)            -                  -          
[424.071s][info][gc          ] GC(215) Garbage Collection (Proactive) 1924M(23%)->186M(2%)
[425.740s][info][gc,start    ] GC(216) Garbage Collection (Proactive)
[425.740s][info][gc,phases   ] GC(216) Pause Mark Start 0.011ms
[425.765s][info][gc,phases   ] GC(216) Concurrent Mark 25.009ms
[425.766s][info][gc,phases   ] GC(216) Pause Mark End 0.009ms
[425.766s][info][gc,phases   ] GC(216) Concurrent Process Non-Strong References 0.769ms
[425.766s][info][gc,phases   ] GC(216) Concurrent Reset Relocation Set 0.005ms
[425.770s][info][gc,phases   ] GC(216) Concurrent Select Relocation Set 3.205ms
[425.770s][info][gc,phases   ] GC(216) Pause Relocate Start 0.007ms
[425.771s][info][gc,phases   ] GC(216) Concurrent Relocate 1.085ms
[425.771s][info][gc,load     ] GC(216) Load: 2.94/3.51/3.57
[425.771s][info][gc,mmu      ] GC(216) MMU: 2ms/98.2%, 5ms/99.3%, 10ms/99.6%, 20ms/99.8%, 50ms/99.9%, 100ms/100.0%
[425.771s][info][gc,marking  ] GC(216) Mark: 2 stripe(s), 2 proactive flush(es), 1 terminate flush(es), 0 completion(s), 0 continuation(s) 
[425.771s][info][gc,nmethod  ] GC(216) NMethods: 484 registered, 0 unregistered
[425.771s][info][gc,metaspace] GC(216) Metaspace: 0M used, 0M committed, 1032M reserved
[425.771s][info][gc,ref      ] GC(216) Soft: 82 encountered, 0 discovered, 0 enqueued
[425.771s][info][gc,ref      ] GC(216) Weak: 200 encountered, 61 discovered, 0 enqueued
[425.771s][info][gc,ref      ] GC(216) Final: 0 encountered, 0 discovered, 0 enqueued
[425.771s][info][gc,ref      ] GC(216) Phantom: 5 encountered, 3 discovered, 0 enqueued
[425.771s][info][gc,reloc    ] GC(216) Small Pages: 964 / 1928M, Empty: 1774M, Relocated: 5M, In-Place: 0
[425.771s][info][gc,reloc    ] GC(216) Medium Pages: 0 / 0M, Empty: 0M, Relocated: 0M, In-Place: 0
[425.771s][info][gc,reloc    ] GC(216) Large Pages: 0 / 0M, Empty: 0M, Relocated: 0M, In-Place: 0
[425.771s][info][gc,reloc    ] GC(216) Forwarding Usage: 0M
[425.771s][info][gc,heap     ] GC(216) Min Capacity: 8192M(100%)
[425.771s][info][gc,heap     ] GC(216) Max Capacity: 8192M(100%)
[425.771s][info][gc,heap     ] GC(216) Soft Max Capacity: 8192M(100%)
[425.771s][info][gc,heap     ] GC(216)                Mark Start          Mark End        Relocate Start      Relocate End           High               Low         
[425.771s][info][gc,heap     ] GC(216)  Capacity:     8192M (100%)       8192M (100%)       8192M (100%)       8192M (100%)       8192M (100%)       8192M (100%)   
[425.771s][info][gc,heap     ] GC(216)      Free:     6264M (76%)        6238M (76%)        8006M (98%)        8010M (98%)        8010M (98%)        6236M (76%)    
[425.771s][info][gc,heap     ] GC(216)      Used:     1928M (24%)        1954M (24%)         186M (2%)          182M (2%)         1956M (24%)         182M (2%)     
[425.771s][info][gc,heap     ] GC(216)      Live:         -               132M (2%)          132M (2%)          132M (2%)             -                  -          
[425.771s][info][gc,heap     ] GC(216) Allocated:         -                26M (0%)           32M (0%)           32M (0%)             -                  -          
[425.771s][info][gc,heap     ] GC(216)   Garbage:         -              1795M (22%)          21M (0%)           17M (0%)             -                  -          
[425.771s][info][gc,heap     ] GC(216) Reclaimed:         -                  -              1774M (22%)        1778M (22%)            -                  -          
[425.771s][info][gc          ] GC(216) Garbage Collection (Proactive) 1928M(24%)->182M(2%)
[427.439s][info][gc,start    ] GC(217) Garbage Collection (Proactive)
[427.440s][info][gc,phases   ] GC(217) Pause Mark Start 0.006ms
[427.464s][info][gc,phases   ] GC(217) Concurrent Mark 23.940ms
[427.464s][info][gc,phases   ] GC(217) Pause Mark End 0.010ms
[427.464s][info][gc,phases   ] GC(217) Concurrent Process Non-Strong References 0.444ms
[427.464s][info][gc,phases   ] GC(217) Concurrent Reset Relocation Set 0.002ms
[427.467s][info][gc,phases   ] GC(217) Concurrent Select Relocation Set 2.854ms
[427.467s][info][gc,phases   ] GC(217) Pause Relocate Start 0.004ms
[427.468s][info][gc,phases   ] GC(217) Concurrent Relocate 0.687ms
[427.468s][info][gc,load     ] GC(217) Load: 2.87/3.49/3.56
[427.468s][info][gc,mmu      ] GC(217) MMU: 2ms/98.2%, 5ms/99.3%, 10ms/99.6%, 20ms/99.8%, 50ms/99.9%, 100ms/100.0%
[427.468s][info][gc,marking  ] GC(217) Mark: 2 stripe(s), 2 proactive flush(es), 1 terminate flush(es), 0 completion(s), 0 continuation(s) 
[427.468s][info][gc,nmethod  ] GC(217) NMethods: 484 registered, 0 unregistered
[427.468s][info][gc,metaspace] GC(217) Metaspace: 0M used, 0M committed, 1032M reserved
[427.468s][info][gc,ref      ] GC(217) Soft: 82 encountered, 0 discovered, 0 enqueued
[427.468s][info][gc,ref      ] GC(217) Weak: 200 encountered, 54 discovered, 0 enqueued
[427.468s][info][gc,ref      ] GC(217) Final: 0 encountered, 0 discovered, 0 enqueued
[427.468s][info][gc,ref      ] GC(217) Phantom: 5 encountered, 3 discovered, 0 enqueued
[427.468s][info][gc,reloc    ] GC(217) Small Pages: 963 / 1926M, Empty: 1770M, Relocated: 4M, In-Place: 0
[427.468s][info][gc,reloc    ] GC(217) Medium Pages: 0 / 0M, Empty: 0M, Relocated: 0M, In-Place: 0
[427.468s][info][gc,reloc    ] GC(217) Large Pages: 0 / 0M, Empty: 0M, Relocated: 0M, In-Place: 0
[427.468s][info][gc,reloc    ] GC(217) Forwarding Usage: 0M
[427.468s][info][gc,heap     ] GC(217) Min Capacity: 8192M(100%)
[427.468s][info][gc,heap     ] GC(217) Max Capacity: 8192M(100%)
[427.468s][info][gc,heap     ] GC(217) Soft Max Capacity: 8192M(100%)
[427.468s][info][gc,heap     ] GC(217)                Mark Start          Mark End        Relocate Start      Relocate End           High               Low         
[427.468s][info][gc,heap     ] GC(217)  Capacity:     8192M (100%)       8192M (100%)       8192M (100%)       8192M (100%)       8192M (100%)       8192M (100%)   
[427.468s][info][gc,heap     ] GC(217)      Free:     6266M (76%)        6242M (76%)        8004M (98%)        8010M (98%)        8010M (98%)        6242M (76%)    
[427.468s][info][gc,heap     ] GC(217)      Used:     1926M (24%)        1950M (24%)         188M (2%)          182M (2%)         1950M (24%)         182M (2%)     
[427.468s][info][gc,heap     ] GC(217)      Live:         -               132M (2%)          132M (2%)          132M (2%)             -                  -          
[427.468s][info][gc,heap     ] GC(217) Allocated:         -                24M (0%)           32M (0%)           32M (0%)             -                  -          
[427.468s][info][gc,heap     ] GC(217)   Garbage:         -              1793M (22%)          23M (0%)           17M (0%)             -                  -          
[427.468s][info][gc,heap     ] GC(217) Reclaimed:         -                  -              1770M (22%)        1776M (22%)            -                  -          
[427.468s][info][gc          ] GC(217) Garbage Collection (Proactive) 1926M(24%)->182M(2%)
[429.140s][info][gc,start    ] GC(218) Garbage Collection (Proactive)
[429.140s][info][gc,phases   ] GC(218) Pause Mark Start 0.006ms
[429.165s][info][gc,phases   ] GC(218) Concurrent Mark 24.016ms
[429.165s][info][gc,phases   ] GC(218) Pause Mark End 0.009ms
[429.165s][info][gc,phases   ] GC(218) Concurrent Process Non-Strong References 0.531ms
[429.165s][info][gc,phases   ] GC(218) Concurrent Reset Relocation Set 0.002ms
[429.168s][info][gc,phases   ] GC(218) Concurrent Select Relocation Set 2.976ms
[429.168s][info][gc,phases   ] GC(218) Pause Relocate Start 0.005ms
[429.169s][info][gc,phases   ] GC(218) Concurrent Relocate 0.516ms
[429.169s][info][gc,load     ] GC(218) Load: 2.87/3.49/3.56
[429.169s][info][gc,mmu      ] GC(218) MMU: 2ms/98.2%, 5ms/99.3%, 10ms/99.6%, 20ms/99.8%, 50ms/99.9%, 100ms/100.0%
[429.169s][info][gc,marking  ] GC(218) Mark: 2 stripe(s), 2 proactive flush(es), 1 terminate flush(es), 0 completion(s), 0 continuation(s) 
[429.169s][info][gc,nmethod  ] GC(218) NMethods: 484 registered, 0 unregistered
[429.169s][info][gc,metaspace] GC(218) Metaspace: 0M used, 0M committed, 1032M reserved
[429.169s][info][gc,ref      ] GC(218) Soft: 82 encountered, 0 discovered, 0 enqueued
[429.169s][info][gc,ref      ] GC(218) Weak: 200 encountered, 54 discovered, 0 enqueued
[429.169s][info][gc,ref      ] GC(218) Final: 0 encountered, 0 discovered, 0 enqueued
[429.169s][info][gc,ref      ] GC(218) Phantom: 5 encountered, 3 discovered, 0 enqueued
[429.169s][info][gc,reloc    ] GC(218) Small Pages: 963 / 1926M, Empty: 1772M, Relocated: 3M, In-Place: 0
[429.169s][info][gc,reloc    ] GC(218) Medium Pages: 0 / 0M, Empty: 0M, Relocated: 0M, In-Place: 0
[429.169s][info][gc,reloc    ] GC(218) Large Pages: 0 / 0M, Empty: 0M, Relocated: 0M, In-Place: 0
[429.169s][info][gc,reloc    ] GC(218) Forwarding Usage: 0M
[429.169s][info][gc,heap     ] GC(218) Min Capacity: 8192M(100%)
[429.169s][info][gc,heap     ] GC(218) Max Capacity: 8192M(100%)
[429.169s][info][gc,heap     ] GC(218) Soft Max Capacity: 8192M(100%)
[429.169s][info][gc,heap     ] GC(218)                Mark Start          Mark End        Relocate Start      Relocate End           High               Low         
[429.169s][info][gc,heap     ] GC(218)  Capacity:     8192M (100%)       8192M (100%)       8192M (100%)       8192M (100%)       8192M (100%)       8192M (100%)   
[429.169s][info][gc,heap     ] GC(218)      Free:     6266M (76%)        6242M (76%)        8006M (98%)        8010M (98%)        8010M (98%)        6242M (76%)    
[429.169s][info][gc,heap     ] GC(218)      Used:     1926M (24%)        1950M (24%)         186M (2%)          182M (2%)         1950M (24%)         182M (2%)     
[429.169s][info][gc,heap     ] GC(218)      Live:         -               132M (2%)          132M (2%)          132M (2%)             -                  -          
[429.169s][info][gc,heap     ] GC(218) Allocated:         -                24M (0%)           32M (0%)           32M (0%)             -                  -          
[429.169s][info][gc,heap     ] GC(218)   Garbage:         -              1793M (22%)          21M (0%)           17M (0%)             -                  -          
[429.169s][info][gc,heap     ] GC(218) Reclaimed:         -                  -              1772M (22%)        1776M (22%)            -                  -          
[429.169s][info][gc          ] GC(218) Garbage Collection (Proactive) 1926M(24%)->182M(2%)
[430.040s][info][gc,stats    ] === Garbage Collection Statistics =======================================================================================================================
[430.040s][info][gc,stats    ]                                                              Last 10s              Last 10m              Last 10h                Total
[430.040s][info][gc,stats    ]                                                              Avg / Max             Avg / Max             Avg / Max             Avg / Max
[430.040s][info][gc,stats    ]   Collector: Garbage Collection Cycle                     29.266 / 30.812       31.186 / 95.920       31.186 / 95.920       31.186 / 95.920      ms
[430.040s][info][gc,stats    ]  Contention: Mark Segment Reset Contention                     0 / 1                 0 / 4                 0 / 4                 0 / 4           ops/s
[430.040s][info][gc,stats    ]  Contention: Mark SeqNum Reset Contention                      0 / 0                 0 / 1                 0 / 1                 0 / 1           ops/s
[430.040s][info][gc,stats    ]    Critical: Allocation Stall                                  0 / 0                 0 / 0                 0 / 0                 0 / 0           ops/s
[430.040s][info][gc,stats    ]    Critical: Allocation Stall                              0.000 / 0.000         0.000 / 0.000         0.000 / 0.000         0.000 / 0.000       ms
[430.040s][info][gc,stats    ]    Critical: GC Locker Stall                                   0 / 0                 0 / 0                 0 / 0                 0 / 0           ops/s
[430.040s][info][gc,stats    ]    Critical: GC Locker Stall                               0.000 / 0.000         0.000 / 0.000         0.000 / 0.000         0.000 / 0.000       ms
[430.040s][info][gc,stats    ]    Critical: Relocation Stall                                  0 / 0                 0 / 0                 0 / 0                 0 / 0           ops/s
[430.040s][info][gc,stats    ]    Critical: Relocation Stall                              0.000 / 0.000         0.000 / 0.000         0.000 / 0.000         0.000 / 0.000       ms
[430.040s][info][gc,stats    ]      Memory: Allocation Rate                                1045 / 1052           1063 / 9212           1063 / 9212           1063 / 9212        MB/s
[430.040s][info][gc,stats    ]      Memory: Out Of Memory                                     0 / 0                 0 / 0                 0 / 0                 0 / 0           ops/s
[430.040s][info][gc,stats    ]      Memory: Page Cache Flush                                  0 / 0                 0 / 0                 0 / 0                 0 / 0           MB/s
[430.040s][info][gc,stats    ]      Memory: Page Cache Hit L1                               524 / 529             519 / 533             519 / 533             519 / 533         ops/s
[430.040s][info][gc,stats    ]      Memory: Page Cache Hit L2                                 0 / 0                 0 / 0                 0 / 0                 0 / 0           ops/s
[430.040s][info][gc,stats    ]      Memory: Page Cache Hit L3                                 0 / 0                 4 / 486               4 / 486               4 / 486         ops/s
[430.040s][info][gc,stats    ]      Memory: Page Cache Miss                                   0 / 0                 0 / 1                 0 / 1                 0 / 1           ops/s
[430.040s][info][gc,stats    ]      Memory: Uncommit                                          0 / 0                 0 / 0                 0 / 0                 0 / 0           MB/s
[430.040s][info][gc,stats    ]      Memory: Undo Object Allocation Failed                     0 / 0                 0 / 0                 0 / 0                 0 / 0           ops/s
[430.040s][info][gc,stats    ]      Memory: Undo Object Allocation Succeeded                  0 / 1                 0 / 6                 0 / 6                 0 / 6           ops/s
[430.040s][info][gc,stats    ]      Memory: Undo Page Allocation                              0 / 0                 0 / 1                 0 / 1                 0 / 1           ops/s
[430.040s][info][gc,stats    ]       Phase: Concurrent Mark                              24.336 / 25.720       26.230 / 65.214       26.230 / 65.214       26.230 / 65.214      ms
[430.040s][info][gc,stats    ]       Phase: Concurrent Mark Continue                      0.000 / 0.000         0.000 / 0.000         0.000 / 0.000         0.000 / 0.000       ms
[430.040s][info][gc,stats    ]       Phase: Concurrent Process Non-Strong References      0.548 / 0.769         0.457 / 0.911         0.457 / 0.911         0.457 / 0.911       ms
[430.040s][info][gc,stats    ]       Phase: Concurrent Relocate                           0.710 / 1.085         0.944 / 16.651        0.944 / 16.651        0.944 / 16.651      ms
[430.040s][info][gc,stats    ]       Phase: Concurrent Reset Relocation Set               0.002 / 0.005         0.002 / 0.098         0.002 / 0.098         0.002 / 0.098       ms
[430.040s][info][gc,stats    ]       Phase: Concurrent Select Relocation Set              3.002 / 3.287         2.902 / 12.567        2.902 / 12.567        2.902 / 12.567      ms
[430.040s][info][gc,stats    ]       Phase: Pause Mark End                                0.009 / 0.010         0.009 / 0.025         0.009 / 0.025         0.009 / 0.025       ms
[430.040s][info][gc,stats    ]       Phase: Pause Mark Start                              0.007 / 0.011         0.006 / 0.036         0.006 / 0.036         0.006 / 0.036       ms
[430.040s][info][gc,stats    ]       Phase: Pause Relocate Start                          0.005 / 0.007         0.004 / 0.026         0.004 / 0.026         0.004 / 0.026       ms
[430.041s][info][gc,stats    ]    Subphase: Concurrent Classes Purge                      0.035 / 0.046         0.030 / 0.102         0.030 / 0.102         0.030 / 0.102       ms
[430.041s][info][gc,stats    ]    Subphase: Concurrent Classes Unlink                     0.345 / 0.468         0.295 / 0.571         0.295 / 0.571         0.295 / 0.571       ms
[430.041s][info][gc,stats    ]    Subphase: Concurrent Mark                              23.492 / 25.239       25.428 / 64.907       25.428 / 64.907       25.428 / 64.907      ms
[430.041s][info][gc,stats    ]    Subphase: Concurrent Mark Idle                          1.214 / 1.295         1.197 / 1.347         1.197 / 1.347         1.197 / 1.347       ms
[430.041s][info][gc,stats    ]    Subphase: Concurrent Mark Try Flush                     0.032 / 0.048         0.034 / 0.120         0.034 / 0.120         0.034 / 0.120       ms
[430.041s][info][gc,stats    ]    Subphase: Concurrent Mark Try Terminate                 0.413 / 1.299         0.440 / 1.361         0.440 / 1.361         0.440 / 1.361       ms
[430.041s][info][gc,stats    ]    Subphase: Concurrent References Enqueue                 0.000 / 0.001         0.000 / 0.003         0.000 / 0.003         0.000 / 0.003       ms
[430.041s][info][gc,stats    ]    Subphase: Concurrent References Process                 0.024 / 0.032         0.026 / 0.095         0.026 / 0.095         0.026 / 0.095       ms
[430.041s][info][gc,stats    ]    Subphase: Concurrent Roots ClassLoaderDataGraph         0.018 / 0.045         0.018 / 0.132         0.018 / 0.132         0.018 / 0.132       ms
[430.041s][info][gc,stats    ]    Subphase: Concurrent Roots CodeCache                    0.000 / 0.000         0.000 / 0.000         0.000 / 0.000         0.000 / 0.000       ms
[430.041s][info][gc,stats    ]    Subphase: Concurrent Roots JavaThreads                  0.222 / 0.302         0.211 / 0.485         0.211 / 0.485         0.211 / 0.485       ms
[430.041s][info][gc,stats    ]    Subphase: Concurrent Roots OopStorageSet                0.004 / 0.006         0.004 / 0.041         0.004 / 0.041         0.004 / 0.041       ms
[430.041s][info][gc,stats    ]    Subphase: Concurrent Weak Roots OopStorageSet           0.042 / 0.054         0.038 / 0.120         0.038 / 0.120         0.038 / 0.120       ms
[430.041s][info][gc,stats    ]    Subphase: Pause Mark Try Complete                       0.000 / 0.000         0.000 / 0.000         0.000 / 0.000         0.000 / 0.000       ms
[430.041s][info][gc,stats    ]      System: Java Threads                                     16 / 16               16 / 20               16 / 20               16 / 20          threads
[430.041s][info][gc,stats    ] =========================================================================================================================================================
[430.740s][info][gc,start    ] GC(219) Garbage Collection (Proactive)
[430.740s][info][gc,phases   ] GC(219) Pause Mark Start 0.006ms
[430.763s][info][gc,phases   ] GC(219) Concurrent Mark 23.531ms
[430.763s][info][gc,phases   ] GC(219) Pause Mark End 0.009ms
[430.764s][info][gc,phases   ] GC(219) Concurrent Process Non-Strong References 0.421ms
[430.764s][info][gc,phases   ] GC(219) Concurrent Reset Relocation Set 0.002ms
[430.767s][info][gc,phases   ] GC(219) Concurrent Select Relocation Set 2.856ms
[430.767s][info][gc,phases   ] GC(219) Pause Relocate Start 0.004ms
[430.768s][info][gc,phases   ] GC(219) Concurrent Relocate 0.527ms
[430.768s][info][gc,load     ] GC(219) Load: 2.87/3.49/3.56
[430.768s][info][gc,mmu      ] GC(219) MMU: 2ms/98.2%, 5ms/99.3%, 10ms/99.6%, 20ms/99.8%, 50ms/99.9%, 100ms/100.0%
[430.768s][info][gc,marking  ] GC(219) Mark: 2 stripe(s), 2 proactive flush(es), 1 terminate flush(es), 0 completion(s), 0 continuation(s) 
[430.768s][info][gc,nmethod  ] GC(219) NMethods: 484 registered, 0 unregistered
[430.768s][info][gc,metaspace] GC(219) Metaspace: 0M used, 0M committed, 1032M reserved
[430.768s][info][gc,ref      ] GC(219) Soft: 82 encountered, 0 discovered, 0 enqueued
[430.768s][info][gc,ref      ] GC(219) Weak: 200 encountered, 50 discovered, 0 enqueued
[430.768s][info][gc,ref      ] GC(219) Final: 0 encountered, 0 discovered, 0 enqueued
[430.768s][info][gc,ref      ] GC(219) Phantom: 5 encountered, 3 discovered, 0 enqueued
[430.768s][info][gc,reloc    ] GC(219) Small Pages: 911 / 1822M, Empty: 1668M, Relocated: 3M, In-Place: 0
[430.768s][info][gc,reloc    ] GC(219) Medium Pages: 0 / 0M, Empty: 0M, Relocated: 0M, In-Place: 0
[430.768s][info][gc,reloc    ] GC(219) Large Pages: 0 / 0M, Empty: 0M, Relocated: 0M, In-Place: 0
[430.768s][info][gc,reloc    ] GC(219) Forwarding Usage: 0M
[430.768s][info][gc,heap     ] GC(219) Min Capacity: 8192M(100%)
[430.768s][info][gc,heap     ] GC(219) Max Capacity: 8192M(100%)
[430.768s][info][gc,heap     ] GC(219) Soft Max Capacity: 8192M(100%)
[430.768s][info][gc,heap     ] GC(219)                Mark Start          Mark End        Relocate Start      Relocate End           High               Low         
[430.768s][info][gc,heap     ] GC(219)  Capacity:     8192M (100%)       8192M (100%)       8192M (100%)       8192M (100%)       8192M (100%)       8192M (100%)   
[430.768s][info][gc,heap     ] GC(219)      Free:     6370M (78%)        6346M (77%)        8006M (98%)        8012M (98%)        8012M (98%)        6346M (77%)    
[430.768s][info][gc,heap     ] GC(219)      Used:     1822M (22%)        1846M (23%)         186M (2%)          180M (2%)         1846M (23%)         180M (2%)     
[430.768s][info][gc,heap     ] GC(219)      Live:         -               132M (2%)          132M (2%)          132M (2%)             -                  -          
[430.768s][info][gc,heap     ] GC(219) Allocated:         -                24M (0%)           32M (0%)           32M (0%)             -                  -          
[430.768s][info][gc,heap     ] GC(219)   Garbage:         -              1689M (21%)          21M (0%)           15M (0%)             -                  -          
[430.768s][info][gc,heap     ] GC(219) Reclaimed:         -                  -              1668M (20%)        1674M (20%)            -                  -          
[430.768s][info][gc          ] GC(219) Garbage Collection (Proactive) 1822M(22%)->180M(2%)
[432.240s][info][gc,start    ] GC(220) Garbage Collection (Proactive)
[432.241s][info][gc,phases   ] GC(220) Pause Mark Start 0.006ms
[432.267s][info][gc,phases   ] GC(220) Concurrent Mark 25.975ms
[432.267s][info][gc,phases   ] GC(220) Pause Mark End 0.008ms
[432.267s][info][gc,phases   ] GC(220) Concurrent Process Non-Strong References 0.502ms
[432.267s][info][gc,phases   ] GC(220) Concurrent Reset Relocation Set 0.001ms
[432.270s][info][gc,phases   ] GC(220) Concurrent Select Relocation Set 2.721ms
[432.270s][info][gc,phases   ] GC(220) Pause Relocate Start 0.004ms
[432.271s][info][gc,phases   ] GC(220) Concurrent Relocate 0.963ms
[432.271s][info][gc,load     ] GC(220) Load: 3.20/3.54/3.58
[432.271s][info][gc,mmu      ] GC(220) MMU: 2ms/98.2%, 5ms/99.3%, 10ms/99.6%, 20ms/99.8%, 50ms/99.9%, 100ms/100.0%
[432.271s][info][gc,marking  ] GC(220) Mark: 2 stripe(s), 2 proactive flush(es), 1 terminate flush(es), 0 completion(s), 0 continuation(s) 
[432.271s][info][gc,nmethod  ] GC(220) NMethods: 484 registered, 0 unregistered
[432.271s][info][gc,metaspace] GC(220) Metaspace: 0M used, 0M committed, 1032M reserved
[432.271s][info][gc,ref      ] GC(220) Soft: 82 encountered, 0 discovered, 0 enqueued
[432.271s][info][gc,ref      ] GC(220) Weak: 200 encountered, 62 discovered, 0 enqueued
[432.271s][info][gc,ref      ] GC(220) Final: 0 encountered, 0 discovered, 0 enqueued
[432.271s][info][gc,ref      ] GC(220) Phantom: 5 encountered, 3 discovered, 0 enqueued
[432.271s][info][gc,reloc    ] GC(220) Small Pages: 858 / 1716M, Empty: 1562M, Relocated: 6M, In-Place: 0
[432.271s][info][gc,reloc    ] GC(220) Medium Pages: 0 / 0M, Empty: 0M, Relocated: 0M, In-Place: 0
[432.271s][info][gc,reloc    ] GC(220) Large Pages: 0 / 0M, Empty: 0M, Relocated: 0M, In-Place: 0
[432.271s][info][gc,reloc    ] GC(220) Forwarding Usage: 0M
[432.271s][info][gc,heap     ] GC(220) Min Capacity: 8192M(100%)
[432.271s][info][gc,heap     ] GC(220) Max Capacity: 8192M(100%)
[432.271s][info][gc,heap     ] GC(220) Soft Max Capacity: 8192M(100%)
[432.271s][info][gc,heap     ] GC(220)                Mark Start          Mark End        Relocate Start      Relocate End           High               Low         
[432.271s][info][gc,heap     ] GC(220)  Capacity:     8192M (100%)       8192M (100%)       8192M (100%)       8192M (100%)       8192M (100%)       8192M (100%)   
[432.271s][info][gc,heap     ] GC(220)      Free:     6476M (79%)        6444M (79%)        8006M (98%)        8014M (98%)        8014M (98%)        6444M (79%)    
[432.271s][info][gc,heap     ] GC(220)      Used:     1716M (21%)        1748M (21%)         186M (2%)          178M (2%)         1748M (21%)         178M (2%)     
[432.271s][info][gc,heap     ] GC(220)      Live:         -               132M (2%)          132M (2%)          132M (2%)             -                  -          
[432.271s][info][gc,heap     ] GC(220) Allocated:         -                32M (0%)           32M (0%)           32M (0%)             -                  -          
[432.271s][info][gc,heap     ] GC(220)   Garbage:         -              1583M (19%)          21M (0%)           13M (0%)             -                  -          
[432.271s][info][gc,heap     ] GC(220) Reclaimed:         -                  -              1562M (19%)        1570M (19%)            -                  -          
[432.271s][info][gc          ] GC(220) Garbage Collection (Proactive) 1716M(21%)->178M(2%)
[433.940s][info][gc,start    ] GC(221) Garbage Collection (Proactive)
[433.940s][info][gc,phases   ] GC(221) Pause Mark Start 0.005ms
[433.962s][info][gc,phases   ] GC(221) Concurrent Mark 22.597ms
[433.963s][info][gc,phases   ] GC(221) Pause Mark End 0.008ms
[433.963s][info][gc,phases   ] GC(221) Concurrent Process Non-Strong References 0.399ms
[433.963s][info][gc,phases   ] GC(221) Concurrent Reset Relocation Set 0.002ms
[433.966s][info][gc,phases   ] GC(221) Concurrent Select Relocation Set 2.674ms
[433.966s][info][gc,phases   ] GC(221) Pause Relocate Start 0.004ms
[433.967s][info][gc,phases   ] GC(221) Concurrent Relocate 1.500ms
[433.967s][info][gc,load     ] GC(221) Load: 3.20/3.54/3.58
[433.968s][info][gc,mmu      ] GC(221) MMU: 2ms/98.2%, 5ms/99.3%, 10ms/99.6%, 20ms/99.8%, 50ms/99.9%, 100ms/100.0%
[433.968s][info][gc,marking  ] GC(221) Mark: 2 stripe(s), 2 proactive flush(es), 1 terminate flush(es), 0 completion(s), 0 continuation(s) 
[433.968s][info][gc,nmethod  ] GC(221) NMethods: 484 registered, 0 unregistered
[433.968s][info][gc,metaspace] GC(221) Metaspace: 0M used, 0M committed, 1032M reserved
[433.968s][info][gc,ref      ] GC(221) Soft: 82 encountered, 0 discovered, 0 enqueued
[433.968s][info][gc,ref      ] GC(221) Weak: 200 encountered, 65 discovered, 0 enqueued
[433.968s][info][gc,ref      ] GC(221) Final: 0 encountered, 0 discovered, 0 enqueued
[433.968s][info][gc,ref      ] GC(221) Phantom: 5 encountered, 5 discovered, 0 enqueued
[433.968s][info][gc,reloc    ] GC(221) Small Pages: 961 / 1922M, Empty: 1768M, Relocated: 6M, In-Place: 0
[433.968s][info][gc,reloc    ] GC(221) Medium Pages: 0 / 0M, Empty: 0M, Relocated: 0M, In-Place: 0
[433.968s][info][gc,reloc    ] GC(221) Large Pages: 0 / 0M, Empty: 0M, Relocated: 0M, In-Place: 0
[433.968s][info][gc,reloc    ] GC(221) Forwarding Usage: 0M
[433.968s][info][gc,heap     ] GC(221) Min Capacity: 8192M(100%)
[433.968s][info][gc,heap     ] GC(221) Max Capacity: 8192M(100%)
[433.968s][info][gc,heap     ] GC(221) Soft Max Capacity: 8192M(100%)
[433.968s][info][gc,heap     ] GC(221)                Mark Start          Mark End        Relocate Start      Relocate End           High               Low         
[433.968s][info][gc,heap     ] GC(221)  Capacity:     8192M (100%)       8192M (100%)       8192M (100%)       8192M (100%)       8192M (100%)       8192M (100%)   
[433.968s][info][gc,heap     ] GC(221)      Free:     6270M (77%)        6246M (76%)        8014M (98%)        8014M (98%)        8014M (98%)        6246M (76%)    
[433.968s][info][gc,heap     ] GC(221)      Used:     1922M (23%)        1946M (24%)         178M (2%)          178M (2%)         1946M (24%)         178M (2%)     
[433.968s][info][gc,heap     ] GC(221)      Live:         -               132M (2%)          132M (2%)          132M (2%)             -                  -          
[433.968s][info][gc,heap     ] GC(221) Allocated:         -                24M (0%)           24M (0%)           32M (0%)             -                  -          
[433.968s][info][gc,heap     ] GC(221)   Garbage:         -              1789M (22%)          21M (0%)           13M (0%)             -                  -          
[433.968s][info][gc,heap     ] GC(221) Reclaimed:         -                  -              1768M (22%)        1776M (22%)            -                  -          
[433.968s][info][gc          ] GC(221) Garbage Collection (Proactive) 1922M(23%)->178M(2%)
[435.640s][info][gc,start    ] GC(222) Garbage Collection (Proactive)
[435.640s][info][gc,phases   ] GC(222) Pause Mark Start 0.007ms
[435.665s][info][gc,phases   ] GC(222) Concurrent Mark 24.753ms
[435.665s][info][gc,phases   ] GC(222) Pause Mark End 0.010ms
[435.665s][info][gc,phases   ] GC(222) Concurrent Process Non-Strong References 0.457ms
[435.666s][info][gc,phases   ] GC(222) Concurrent Reset Relocation Set 0.002ms
[435.668s][info][gc,phases   ] GC(222) Concurrent Select Relocation Set 2.827ms
[435.668s][info][gc,phases   ] GC(222) Pause Relocate Start 0.004ms
[435.670s][info][gc,phases   ] GC(222) Concurrent Relocate 1.191ms
[435.670s][info][gc,load     ] GC(222) Load: 3.20/3.54/3.58
[435.670s][info][gc,mmu      ] GC(222) MMU: 2ms/98.2%, 5ms/99.3%, 10ms/99.6%, 20ms/99.8%, 50ms/99.9%, 100ms/100.0%
[435.670s][info][gc,marking  ] GC(222) Mark: 2 stripe(s), 2 proactive flush(es), 1 terminate flush(es), 0 completion(s), 0 continuation(s) 
[435.670s][info][gc,nmethod  ] GC(222) NMethods: 484 registered, 0 unregistered
[435.670s][info][gc,metaspace] GC(222) Metaspace: 0M used, 0M committed, 1032M reserved
[435.670s][info][gc,ref      ] GC(222) Soft: 82 encountered, 0 discovered, 0 enqueued
[435.670s][info][gc,ref      ] GC(222) Weak: 200 encountered, 52 discovered, 0 enqueued
[435.670s][info][gc,ref      ] GC(222) Final: 0 encountered, 0 discovered, 0 enqueued
[435.670s][info][gc,ref      ] GC(222) Phantom: 5 encountered, 3 discovered, 0 enqueued
[435.670s][info][gc,reloc    ] GC(222) Small Pages: 961 / 1922M, Empty: 1762M, Relocated: 8M, In-Place: 0
[435.670s][info][gc,reloc    ] GC(222) Medium Pages: 0 / 0M, Empty: 0M, Relocated: 0M, In-Place: 0
[435.670s][info][gc,reloc    ] GC(222) Large Pages: 0 / 0M, Empty: 0M, Relocated: 0M, In-Place: 0
[435.670s][info][gc,reloc    ] GC(222) Forwarding Usage: 0M
[435.670s][info][gc,heap     ] GC(222) Min Capacity: 8192M(100%)
[435.670s][info][gc,heap     ] GC(222) Max Capacity: 8192M(100%)
[435.670s][info][gc,heap     ] GC(222) Soft Max Capacity: 8192M(100%)
[435.670s][info][gc,heap     ] GC(222)                Mark Start          Mark End        Relocate Start      Relocate End           High               Low         
[435.670s][info][gc,heap     ] GC(222)  Capacity:     8192M (100%)       8192M (100%)       8192M (100%)       8192M (100%)       8192M (100%)       8192M (100%)   
[435.670s][info][gc,heap     ] GC(222)      Free:     6270M (77%)        6246M (76%)        8000M (98%)        8014M (98%)        8014M (98%)        6246M (76%)    
[435.670s][info][gc,heap     ] GC(222)      Used:     1922M (23%)        1946M (24%)         192M (2%)          178M (2%)         1946M (24%)         178M (2%)     
[435.670s][info][gc,heap     ] GC(222)      Live:         -               132M (2%)          132M (2%)          132M (2%)             -                  -          
[435.670s][info][gc,heap     ] GC(222) Allocated:         -                24M (0%)           32M (0%)           32M (0%)             -                  -          
[435.670s][info][gc,heap     ] GC(222)   Garbage:         -              1789M (22%)          27M (0%)           13M (0%)             -                  -          
[435.670s][info][gc,heap     ] GC(222) Reclaimed:         -                  -              1762M (22%)        1776M (22%)            -                  -          
[435.670s][info][gc          ] GC(222) Garbage Collection (Proactive) 1922M(23%)->178M(2%)
[437.340s][info][gc,start    ] GC(223) Garbage Collection (Proactive)
[437.341s][info][gc,phases   ] GC(223) Pause Mark Start 0.005ms
[437.364s][info][gc,phases   ] GC(223) Concurrent Mark 23.245ms
[437.364s][info][gc,phases   ] GC(223) Pause Mark End 0.009ms
[437.365s][info][gc,phases   ] GC(223) Concurrent Process Non-Strong References 0.447ms
[437.365s][info][gc,phases   ] GC(223) Concurrent Reset Relocation Set 0.002ms
[437.367s][info][gc,phases   ] GC(223) Concurrent Select Relocation Set 2.882ms
[437.368s][info][gc,phases   ] GC(223) Pause Relocate Start 0.005ms
[437.369s][info][gc,phases   ] GC(223) Concurrent Relocate 1.087ms
[437.369s][info][gc,load     ] GC(223) Load: 3.66/3.64/3.61
[437.369s][info][gc,mmu      ] GC(223) MMU: 2ms/98.2%, 5ms/99.3%, 10ms/99.6%, 20ms/99.8%, 50ms/99.9%, 100ms/100.0%
[437.369s][info][gc,marking  ] GC(223) Mark: 2 stripe(s), 3 proactive flush(es), 1 terminate flush(es), 0 completion(s), 0 continuation(s) 
[437.369s][info][gc,nmethod  ] GC(223) NMethods: 484 registered, 0 unregistered
[437.369s][info][gc,metaspace] GC(223) Metaspace: 0M used, 0M committed, 1032M reserved
[437.369s][info][gc,ref      ] GC(223) Soft: 82 encountered, 0 discovered, 0 enqueued
[437.369s][info][gc,ref      ] GC(223) Weak: 200 encountered, 53 discovered, 0 enqueued
[437.369s][info][gc,ref      ] GC(223) Final: 0 encountered, 0 discovered, 0 enqueued
[437.369s][info][gc,ref      ] GC(223) Phantom: 5 encountered, 3 discovered, 0 enqueued
[437.369s][info][gc,reloc    ] GC(223) Small Pages: 961 / 1922M, Empty: 1768M, Relocated: 6M, In-Place: 0
[437.369s][info][gc,reloc    ] GC(223) Medium Pages: 0 / 0M, Empty: 0M, Relocated: 0M, In-Place: 0
[437.369s][info][gc,reloc    ] GC(223) Large Pages: 0 / 0M, Empty: 0M, Relocated: 0M, In-Place: 0
[437.369s][info][gc,reloc    ] GC(223) Forwarding Usage: 0M
[437.369s][info][gc,heap     ] GC(223) Min Capacity: 8192M(100%)
[437.369s][info][gc,heap     ] GC(223) Max Capacity: 8192M(100%)
[437.369s][info][gc,heap     ] GC(223) Soft Max Capacity: 8192M(100%)
[437.369s][info][gc,heap     ] GC(223)                Mark Start          Mark End        Relocate Start      Relocate End           High               Low         
[437.369s][info][gc,heap     ] GC(223)  Capacity:     8192M (100%)       8192M (100%)       8192M (100%)       8192M (100%)       8192M (100%)       8192M (100%)   
[437.369s][info][gc,heap     ] GC(223)      Free:     6270M (77%)        6246M (76%)        8004M (98%)        8010M (98%)        8010M (98%)        6246M (76%)    
[437.369s][info][gc,heap     ] GC(223)      Used:     1922M (23%)        1946M (24%)         188M (2%)          182M (2%)         1946M (24%)         182M (2%)     
[437.369s][info][gc,heap     ] GC(223)      Live:         -               132M (2%)          132M (2%)          132M (2%)             -                  -          
[437.369s][info][gc,heap     ] GC(223) Allocated:         -                24M (0%)           34M (0%)           36M (0%)             -                  -          
[437.369s][info][gc,heap     ] GC(223)   Garbage:         -              1789M (22%)          21M (0%)           13M (0%)             -                  -          
[437.369s][info][gc,heap     ] GC(223) Reclaimed:         -                  -              1768M (22%)        1776M (22%)            -                  -          
[437.369s][info][gc          ] GC(223) Garbage Collection (Proactive) 1922M(23%)->182M(2%)
[438.940s][info][gc,start    ] GC(224) Garbage Collection (Proactive)
[438.940s][info][gc,phases   ] GC(224) Pause Mark Start 0.006ms
[438.963s][info][gc,phases   ] GC(224) Concurrent Mark 23.441ms
[438.963s][info][gc,phases   ] GC(224) Pause Mark End 0.010ms
[438.964s][info][gc,phases   ] GC(224) Concurrent Process Non-Strong References 0.422ms
[438.964s][info][gc,phases   ] GC(224) Concurrent Reset Relocation Set 0.002ms
[438.967s][info][gc,phases   ] GC(224) Concurrent Select Relocation Set 2.861ms
[438.967s][info][gc,phases   ] GC(224) Pause Relocate Start 0.004ms
[438.968s][info][gc,phases   ] GC(224) Concurrent Relocate 0.937ms
[438.968s][info][gc,load     ] GC(224) Load: 3.66/3.64/3.61
[438.968s][info][gc,mmu      ] GC(224) MMU: 2ms/98.2%, 5ms/99.3%, 10ms/99.6%, 20ms/99.8%, 50ms/99.9%, 100ms/100.0%
[438.968s][info][gc,marking  ] GC(224) Mark: 2 stripe(s), 2 proactive flush(es), 1 terminate flush(es), 0 completion(s), 0 continuation(s) 
[438.968s][info][gc,nmethod  ] GC(224) NMethods: 484 registered, 0 unregistered
[438.968s][info][gc,metaspace] GC(224) Metaspace: 0M used, 0M committed, 1032M reserved
[438.968s][info][gc,ref      ] GC(224) Soft: 82 encountered, 0 discovered, 0 enqueued
[438.968s][info][gc,ref      ] GC(224) Weak: 200 encountered, 52 discovered, 0 enqueued
[438.968s][info][gc,ref      ] GC(224) Final: 0 encountered, 0 discovered, 0 enqueued
[438.968s][info][gc,ref      ] GC(224) Phantom: 5 encountered, 3 discovered, 0 enqueued
[438.968s][info][gc,reloc    ] GC(224) Small Pages: 909 / 1818M, Empty: 1656M, Relocated: 6M, In-Place: 0
[438.968s][info][gc,reloc    ] GC(224) Medium Pages: 0 / 0M, Empty: 0M, Relocated: 0M, In-Place: 0
[438.968s][info][gc,reloc    ] GC(224) Large Pages: 0 / 0M, Empty: 0M, Relocated: 0M, In-Place: 0
[438.968s][info][gc,reloc    ] GC(224) Forwarding Usage: 0M
[438.968s][info][gc,heap     ] GC(224) Min Capacity: 8192M(100%)
[438.968s][info][gc,heap     ] GC(224) Max Capacity: 8192M(100%)
[438.968s][info][gc,heap     ] GC(224) Soft Max Capacity: 8192M(100%)
[438.968s][info][gc,heap     ] GC(224)                Mark Start          Mark End        Relocate Start      Relocate End           High               Low         
[438.968s][info][gc,heap     ] GC(224)  Capacity:     8192M (100%)       8192M (100%)       8192M (100%)       8192M (100%)       8192M (100%)       8192M (100%)   
[438.968s][info][gc,heap     ] GC(224)      Free:     6374M (78%)        6350M (78%)        7998M (98%)        8014M (98%)        8014M (98%)        6350M (78%)    
[438.968s][info][gc,heap     ] GC(224)      Used:     1818M (22%)        1842M (22%)         194M (2%)          178M (2%)         1842M (22%)         178M (2%)     
[438.968s][info][gc,heap     ] GC(224)      Live:         -               132M (2%)          132M (2%)          132M (2%)             -                  -          
[438.968s][info][gc,heap     ] GC(224) Allocated:         -                24M (0%)           32M (0%)           32M (0%)             -                  -          
[438.968s][info][gc,heap     ] GC(224)   Garbage:         -              1685M (21%)          29M (0%)           13M (0%)             -                  -          
[438.968s][info][gc,heap     ] GC(224) Reclaimed:         -                  -              1656M (20%)        1672M (20%)            -                  -          
[438.968s][info][gc          ] GC(224) Garbage Collection (Proactive) 1818M(22%)->178M(2%)
[440.040s][info][gc,stats    ] === Garbage Collection Statistics =======================================================================================================================
[440.040s][info][gc,stats    ]                                                              Last 10s              Last 10m              Last 10h                Total
[440.040s][info][gc,stats    ]                                                              Avg / Max             Avg / Max             Avg / Max             Avg / Max
[440.040s][info][gc,stats    ]   Collector: Garbage Collection Cycle                     28.889 / 30.742       31.124 / 95.920       31.124 / 95.920       31.124 / 95.920      ms
[440.040s][info][gc,stats    ]  Contention: Mark Segment Reset Contention                     0 / 1                 0 / 4                 0 / 4                 0 / 4           ops/s
[440.040s][info][gc,stats    ]  Contention: Mark SeqNum Reset Contention                      0 / 0                 0 / 1                 0 / 1                 0 / 1           ops/s
[440.040s][info][gc,stats    ]    Critical: Allocation Stall                                  0 / 0                 0 / 0                 0 / 0                 0 / 0           ops/s
[440.041s][info][gc,stats    ]    Critical: Allocation Stall                              0.000 / 0.000         0.000 / 0.000         0.000 / 0.000         0.000 / 0.000       ms
[440.041s][info][gc,stats    ]    Critical: GC Locker Stall                                   0 / 0                 0 / 0                 0 / 0                 0 / 0           ops/s
[440.041s][info][gc,stats    ]    Critical: GC Locker Stall                               0.000 / 0.000         0.000 / 0.000         0.000 / 0.000         0.000 / 0.000       ms
[440.041s][info][gc,stats    ]    Critical: Relocation Stall                                  0 / 0                 0 / 0                 0 / 0                 0 / 0           ops/s
[440.041s][info][gc,stats    ]    Critical: Relocation Stall                              0.000 / 0.000         0.000 / 0.000         0.000 / 0.000         0.000 / 0.000       ms
[440.041s][info][gc,stats    ]      Memory: Allocation Rate                                1044 / 1048           1063 / 9212           1063 / 9212           1063 / 9212        MB/s
[440.041s][info][gc,stats    ]      Memory: Out Of Memory                                     0 / 0                 0 / 0                 0 / 0                 0 / 0           ops/s
[440.041s][info][gc,stats    ]      Memory: Page Cache Flush                                  0 / 0                 0 / 0                 0 / 0                 0 / 0           MB/s
[440.041s][info][gc,stats    ]      Memory: Page Cache Hit L1                               524 / 529             520 / 533             520 / 533             520 / 533         ops/s
[440.041s][info][gc,stats    ]      Memory: Page Cache Hit L2                                 0 / 0                 0 / 0                 0 / 0                 0 / 0           ops/s
[440.041s][info][gc,stats    ]      Memory: Page Cache Hit L3                                 0 / 0                 4 / 486               4 / 486               4 / 486         ops/s
[440.041s][info][gc,stats    ]      Memory: Page Cache Miss                                   0 / 0                 0 / 1                 0 / 1                 0 / 1           ops/s
[440.041s][info][gc,stats    ]      Memory: Uncommit                                          0 / 0                 0 / 0                 0 / 0                 0 / 0           MB/s
[440.041s][info][gc,stats    ]      Memory: Undo Object Allocation Failed                     0 / 0                 0 / 0                 0 / 0                 0 / 0           ops/s
[440.041s][info][gc,stats    ]      Memory: Undo Object Allocation Succeeded                  0 / 1                 0 / 6                 0 / 6                 0 / 6           ops/s
[440.041s][info][gc,stats    ]      Memory: Undo Page Allocation                              0 / 0                 0 / 1                 0 / 1                 0 / 1           ops/s
[440.041s][info][gc,stats    ]       Phase: Concurrent Mark                              23.924 / 25.975       26.169 / 65.214       26.169 / 65.214       26.169 / 65.214      ms
[440.041s][info][gc,stats    ]       Phase: Concurrent Mark Continue                      0.000 / 0.000         0.000 / 0.000         0.000 / 0.000         0.000 / 0.000       ms
[440.041s][info][gc,stats    ]       Phase: Concurrent Process Non-Strong References      0.441 / 0.502         0.457 / 0.911         0.457 / 0.911         0.457 / 0.911       ms
[440.041s][info][gc,stats    ]       Phase: Concurrent Relocate                           1.034 / 1.500         0.946 / 16.651        0.946 / 16.651        0.946 / 16.651      ms
[440.041s][info][gc,stats    ]       Phase: Concurrent Reset Relocation Set               0.002 / 0.002         0.002 / 0.098         0.002 / 0.098         0.002 / 0.098       ms
[440.041s][info][gc,stats    ]       Phase: Concurrent Select Relocation Set              2.803 / 2.882         2.899 / 12.567        2.899 / 12.567        2.899 / 12.567      ms
[440.041s][info][gc,stats    ]       Phase: Pause Mark End                                0.009 / 0.010         0.009 / 0.025         0.009 / 0.025         0.009 / 0.025       ms
[440.041s][info][gc,stats    ]       Phase: Pause Mark Start                              0.006 / 0.007         0.006 / 0.036         0.006 / 0.036         0.006 / 0.036       ms
[440.041s][info][gc,stats    ]       Phase: Pause Relocate Start                          0.004 / 0.005         0.004 / 0.026         0.004 / 0.026         0.004 / 0.026       ms
[440.041s][info][gc,stats    ]    Subphase: Concurrent Classes Purge                      0.030 / 0.038         0.030 / 0.102         0.030 / 0.102         0.030 / 0.102       ms
[440.041s][info][gc,stats    ]    Subphase: Concurrent Classes Unlink                     0.289 / 0.317         0.295 / 0.571         0.295 / 0.571         0.295 / 0.571       ms
[440.041s][info][gc,stats    ]    Subphase: Concurrent Mark                              23.111 / 25.635       25.366 / 64.907       25.366 / 64.907       25.366 / 64.907      ms
[440.041s][info][gc,stats    ]    Subphase: Concurrent Mark Idle                          1.247 / 1.309         1.199 / 1.347         1.199 / 1.347         1.199 / 1.347       ms
[440.041s][info][gc,stats    ]    Subphase: Concurrent Mark Try Flush                     0.038 / 0.098         0.034 / 0.120         0.034 / 0.120         0.034 / 0.120       ms
[440.041s][info][gc,stats    ]    Subphase: Concurrent Mark Try Terminate                 0.470 / 1.312         0.441 / 1.361         0.441 / 1.361         0.441 / 1.361       ms
[440.041s][info][gc,stats    ]    Subphase: Concurrent References Enqueue                 0.000 / 0.000         0.000 / 0.003         0.000 / 0.003         0.000 / 0.003       ms
[440.041s][info][gc,stats    ]    Subphase: Concurrent References Process                 0.023 / 0.028         0.026 / 0.095         0.026 / 0.095         0.026 / 0.095       ms
[440.041s][info][gc,stats    ]    Subphase: Concurrent Roots ClassLoaderDataGraph         0.017 / 0.040         0.017 / 0.132         0.017 / 0.132         0.017 / 0.132       ms
[440.041s][info][gc,stats    ]    Subphase: Concurrent Roots CodeCache                    0.000 / 0.000         0.000 / 0.000         0.000 / 0.000         0.000 / 0.000       ms
[440.041s][info][gc,stats    ]    Subphase: Concurrent Roots JavaThreads                  0.211 / 0.311         0.211 / 0.485         0.211 / 0.485         0.211 / 0.485       ms
[440.041s][info][gc,stats    ]    Subphase: Concurrent Roots OopStorageSet                0.004 / 0.006         0.004 / 0.041         0.004 / 0.041         0.004 / 0.041       ms
[440.041s][info][gc,stats    ]    Subphase: Concurrent Weak Roots OopStorageSet           0.037 / 0.053         0.038 / 0.120         0.038 / 0.120         0.038 / 0.120       ms
[440.041s][info][gc,stats    ]    Subphase: Pause Mark Try Complete                       0.000 / 0.000         0.000 / 0.000         0.000 / 0.000         0.000 / 0.000       ms
[440.041s][info][gc,stats    ]      System: Java Threads                                     16 / 16               16 / 20               16 / 20               16 / 20          threads
[440.041s][info][gc,stats    ] =========================================================================================================================================================
[440.440s][info][gc,start    ] GC(225) Garbage Collection (Proactive)
[440.440s][info][gc,phases   ] GC(225) Pause Mark Start 0.005ms
[440.464s][info][gc,phases   ] GC(225) Concurrent Mark 23.410ms
[440.464s][info][gc,phases   ] GC(225) Pause Mark End 0.008ms
[440.464s][info][gc,phases   ] GC(225) Concurrent Process Non-Strong References 0.338ms
[440.464s][info][gc,phases   ] GC(225) Concurrent Reset Relocation Set 0.002ms
[440.467s][info][gc,phases   ] GC(225) Concurrent Select Relocation Set 2.348ms
[440.467s][info][gc,phases   ] GC(225) Pause Relocate Start 0.003ms
[440.467s][info][gc,phases   ] GC(225) Concurrent Relocate 0.483ms
[440.467s][info][gc,load     ] GC(225) Load: 3.66/3.64/3.61
[440.467s][info][gc,mmu      ] GC(225) MMU: 2ms/98.2%, 5ms/99.3%, 10ms/99.6%, 20ms/99.8%, 50ms/99.9%, 100ms/100.0%
[440.467s][info][gc,marking  ] GC(225) Mark: 2 stripe(s), 2 proactive flush(es), 1 terminate flush(es), 0 completion(s), 0 continuation(s) 
[440.467s][info][gc,nmethod  ] GC(225) NMethods: 484 registered, 0 unregistered
[440.467s][info][gc,metaspace] GC(225) Metaspace: 0M used, 0M committed, 1032M reserved
[440.467s][info][gc,ref      ] GC(225) Soft: 82 encountered, 0 discovered, 0 enqueued
[440.467s][info][gc,ref      ] GC(225) Weak: 200 encountered, 50 discovered, 0 enqueued
[440.467s][info][gc,ref      ] GC(225) Final: 0 encountered, 0 discovered, 0 enqueued
[440.467s][info][gc,ref      ] GC(225) Phantom: 5 encountered, 3 discovered, 0 enqueued
[440.467s][info][gc,reloc    ] GC(225) Small Pages: 857 / 1714M, Empty: 1558M, Relocated: 3M, In-Place: 0
[440.467s][info][gc,reloc    ] GC(225) Medium Pages: 0 / 0M, Empty: 0M, Relocated: 0M, In-Place: 0
[440.467s][info][gc,reloc    ] GC(225) Large Pages: 0 / 0M, Empty: 0M, Relocated: 0M, In-Place: 0
[440.467s][info][gc,reloc    ] GC(225) Forwarding Usage: 0M
[440.467s][info][gc,heap     ] GC(225) Min Capacity: 8192M(100%)
[440.467s][info][gc,heap     ] GC(225) Max Capacity: 8192M(100%)
[440.467s][info][gc,heap     ] GC(225) Soft Max Capacity: 8192M(100%)
[440.467s][info][gc,heap     ] GC(225)                Mark Start          Mark End        Relocate Start      Relocate End           High               Low         
[440.467s][info][gc,heap     ] GC(225)  Capacity:     8192M (100%)       8192M (100%)       8192M (100%)       8192M (100%)       8192M (100%)       8192M (100%)   
[440.467s][info][gc,heap     ] GC(225)      Free:     6478M (79%)        6454M (79%)        8004M (98%)        8010M (98%)        8010M (98%)        6454M (79%)    
[440.467s][info][gc,heap     ] GC(225)      Used:     1714M (21%)        1738M (21%)         188M (2%)          182M (2%)         1738M (21%)         182M (2%)     
[440.467s][info][gc,heap     ] GC(225)      Live:         -               132M (2%)          132M (2%)          132M (2%)             -                  -          
[440.467s][info][gc,heap     ] GC(225) Allocated:         -                24M (0%)           32M (0%)           34M (0%)             -                  -          
[440.467s][info][gc,heap     ] GC(225)   Garbage:         -              1581M (19%)          23M (0%)           15M (0%)             -                  -          
[440.467s][info][gc,heap     ] GC(225) Reclaimed:         -                  -              1558M (19%)        1566M (19%)            -                  -          
[440.467s][info][gc          ] GC(225) Garbage Collection (Proactive) 1714M(21%)->182M(2%)
[441.940s][info][gc,start    ] GC(226) Garbage Collection (Proactive)
[441.941s][info][gc,phases   ] GC(226) Pause Mark Start 0.004ms
[441.962s][info][gc,phases   ] GC(226) Concurrent Mark 21.686ms
[441.962s][info][gc,phases   ] GC(226) Pause Mark End 0.008ms
[441.963s][info][gc,phases   ] GC(226) Concurrent Process Non-Strong References 0.353ms
[441.963s][info][gc,phases   ] GC(226) Concurrent Reset Relocation Set 0.001ms
[441.965s][info][gc,phases   ] GC(226) Concurrent Select Relocation Set 2.312ms
[441.965s][info][gc,phases   ] GC(226) Pause Relocate Start 0.003ms
[441.966s][info][gc,phases   ] GC(226) Concurrent Relocate 0.380ms
[441.966s][info][gc,load     ] GC(226) Load: 3.53/3.61/3.60
[441.966s][info][gc,mmu      ] GC(226) MMU: 2ms/98.2%, 5ms/99.3%, 10ms/99.6%, 20ms/99.8%, 50ms/99.9%, 100ms/100.0%
[441.966s][info][gc,marking  ] GC(226) Mark: 2 stripe(s), 2 proactive flush(es), 1 terminate flush(es), 0 completion(s), 0 continuation(s) 
[441.966s][info][gc,nmethod  ] GC(226) NMethods: 484 registered, 0 unregistered
[441.966s][info][gc,metaspace] GC(226) Metaspace: 0M used, 0M committed, 1032M reserved
[441.966s][info][gc,ref      ] GC(226) Soft: 82 encountered, 0 discovered, 0 enqueued
[441.966s][info][gc,ref      ] GC(226) Weak: 200 encountered, 51 discovered, 0 enqueued
[441.966s][info][gc,ref      ] GC(226) Final: 0 encountered, 0 discovered, 0 enqueued
[441.966s][info][gc,ref      ] GC(226) Phantom: 5 encountered, 3 discovered, 0 enqueued
[441.966s][info][gc,reloc    ] GC(226) Small Pages: 858 / 1716M, Empty: 1556M, Relocated: 3M, In-Place: 0
[441.966s][info][gc,reloc    ] GC(226) Medium Pages: 0 / 0M, Empty: 0M, Relocated: 0M, In-Place: 0
[441.966s][info][gc,reloc    ] GC(226) Large Pages: 0 / 0M, Empty: 0M, Relocated: 0M, In-Place: 0
[441.966s][info][gc,reloc    ] GC(226) Forwarding Usage: 0M
[441.966s][info][gc,heap     ] GC(226) Min Capacity: 8192M(100%)
[441.966s][info][gc,heap     ] GC(226) Max Capacity: 8192M(100%)
[441.966s][info][gc,heap     ] GC(226) Soft Max Capacity: 8192M(100%)
[441.966s][info][gc,heap     ] GC(226)                Mark Start          Mark End        Relocate Start      Relocate End           High               Low         
[441.966s][info][gc,heap     ] GC(226)  Capacity:     8192M (100%)       8192M (100%)       8192M (100%)       8192M (100%)       8192M (100%)       8192M (100%)   
[441.966s][info][gc,heap     ] GC(226)      Free:     6476M (79%)        6452M (79%)        8008M (98%)        8022M (98%)        8022M (98%)        6452M (79%)    
[441.966s][info][gc,heap     ] GC(226)      Used:     1716M (21%)        1740M (21%)         184M (2%)          170M (2%)         1740M (21%)         170M (2%)     
[441.966s][info][gc,heap     ] GC(226)      Live:         -               132M (2%)          132M (2%)          132M (2%)             -                  -          
[441.966s][info][gc,heap     ] GC(226) Allocated:         -                24M (0%)           24M (0%)           24M (0%)             -                  -          
[441.966s][info][gc,heap     ] GC(226)   Garbage:         -              1583M (19%)          27M (0%)           13M (0%)             -                  -          
[441.966s][info][gc,heap     ] GC(226) Reclaimed:         -                  -              1556M (19%)        1570M (19%)            -                  -          
[441.966s][info][gc          ] GC(226) Garbage Collection (Proactive) 1716M(21%)->170M(2%)
[443.440s][info][gc,start    ] GC(227) Garbage Collection (Proactive)
[443.440s][info][gc,phases   ] GC(227) Pause Mark Start 0.005ms
[443.461s][info][gc,phases   ] GC(227) Concurrent Mark 20.928ms
[443.461s][info][gc,phases   ] GC(227) Pause Mark End 0.008ms
[443.461s][info][gc,phases   ] GC(227) Concurrent Process Non-Strong References 0.360ms
[443.461s][info][gc,phases   ] GC(227) Concurrent Reset Relocation Set 0.002ms
[443.464s][info][gc,phases   ] GC(227) Concurrent Select Relocation Set 2.666ms
[443.464s][info][gc,phases   ] GC(227) Pause Relocate Start 0.003ms
[443.464s][info][gc,phases   ] GC(227) Concurrent Relocate 0.444ms
[443.465s][info][gc,load     ] GC(227) Load: 3.53/3.61/3.60
[443.465s][info][gc,mmu      ] GC(227) MMU: 2ms/98.2%, 5ms/99.3%, 10ms/99.6%, 20ms/99.8%, 50ms/99.9%, 100ms/100.0%
[443.465s][info][gc,marking  ] GC(227) Mark: 2 stripe(s), 3 proactive flush(es), 1 terminate flush(es), 0 completion(s), 0 continuation(s) 
[443.465s][info][gc,nmethod  ] GC(227) NMethods: 484 registered, 0 unregistered
[443.465s][info][gc,metaspace] GC(227) Metaspace: 0M used, 0M committed, 1032M reserved
[443.465s][info][gc,ref      ] GC(227) Soft: 82 encountered, 0 discovered, 0 enqueued
[443.465s][info][gc,ref      ] GC(227) Weak: 200 encountered, 50 discovered, 0 enqueued
[443.465s][info][gc,ref      ] GC(227) Final: 0 encountered, 0 discovered, 0 enqueued
[443.465s][info][gc,ref      ] GC(227) Phantom: 5 encountered, 5 discovered, 0 enqueued
[443.465s][info][gc,reloc    ] GC(227) Small Pages: 857 / 1714M, Empty: 1560M, Relocated: 3M, In-Place: 0
[443.465s][info][gc,reloc    ] GC(227) Medium Pages: 0 / 0M, Empty: 0M, Relocated: 0M, In-Place: 0
[443.465s][info][gc,reloc    ] GC(227) Large Pages: 0 / 0M, Empty: 0M, Relocated: 0M, In-Place: 0
[443.465s][info][gc,reloc    ] GC(227) Forwarding Usage: 0M
[443.465s][info][gc,heap     ] GC(227) Min Capacity: 8192M(100%)
[443.465s][info][gc,heap     ] GC(227) Max Capacity: 8192M(100%)
[443.465s][info][gc,heap     ] GC(227) Soft Max Capacity: 8192M(100%)
[443.465s][info][gc,heap     ] GC(227)                Mark Start          Mark End        Relocate Start      Relocate End           High               Low         
[443.465s][info][gc,heap     ] GC(227)  Capacity:     8192M (100%)       8192M (100%)       8192M (100%)       8192M (100%)       8192M (100%)       8192M (100%)   
[443.465s][info][gc,heap     ] GC(227)      Free:     6478M (79%)        6454M (79%)        8014M (98%)        8022M (98%)        8022M (98%)        6454M (79%)    
[443.465s][info][gc,heap     ] GC(227)      Used:     1714M (21%)        1738M (21%)         178M (2%)          170M (2%)         1738M (21%)         170M (2%)     
[443.465s][info][gc,heap     ] GC(227)      Live:         -               132M (2%)          132M (2%)          132M (2%)             -                  -          
[443.465s][info][gc,heap     ] GC(227) Allocated:         -                24M (0%)           24M (0%)           24M (0%)             -                  -          
[443.465s][info][gc,heap     ] GC(227)   Garbage:         -              1581M (19%)          21M (0%)           13M (0%)             -                  -          
[443.465s][info][gc,heap     ] GC(227) Reclaimed:         -                  -              1560M (19%)        1568M (19%)            -                  -          
[443.465s][info][gc          ] GC(227) Garbage Collection (Proactive) 1714M(21%)->170M(2%)
[444.840s][info][gc,start    ] GC(228) Garbage Collection (Proactive)
[444.840s][info][gc,phases   ] GC(228) Pause Mark Start 0.006ms
[444.864s][info][gc,phases   ] GC(228) Concurrent Mark 24.112ms
[444.864s][info][gc,phases   ] GC(228) Pause Mark End 0.009ms
[444.865s][info][gc,phases   ] GC(228) Concurrent Process Non-Strong References 0.426ms
[444.865s][info][gc,phases   ] GC(228) Concurrent Reset Relocation Set 0.001ms
[444.868s][info][gc,phases   ] GC(228) Concurrent Select Relocation Set 3.086ms
[444.868s][info][gc,phases   ] GC(228) Pause Relocate Start 0.005ms
[444.869s][info][gc,phases   ] GC(228) Concurrent Relocate 0.513ms
[444.869s][info][gc,load     ] GC(228) Load: 3.53/3.61/3.60
[444.869s][info][gc,mmu      ] GC(228) MMU: 2ms/98.2%, 5ms/99.3%, 10ms/99.6%, 20ms/99.8%, 50ms/99.9%, 100ms/100.0%
[444.869s][info][gc,marking  ] GC(228) Mark: 2 stripe(s), 2 proactive flush(es), 1 terminate flush(es), 0 completion(s), 0 continuation(s) 
[444.869s][info][gc,nmethod  ] GC(228) NMethods: 484 registered, 0 unregistered
[444.869s][info][gc,metaspace] GC(228) Metaspace: 0M used, 0M committed, 1032M reserved
[444.869s][info][gc,ref      ] GC(228) Soft: 82 encountered, 0 discovered, 0 enqueued
[444.869s][info][gc,ref      ] GC(228) Weak: 200 encountered, 51 discovered, 0 enqueued
[444.869s][info][gc,ref      ] GC(228) Final: 0 encountered, 0 discovered, 0 enqueued
[444.869s][info][gc,ref      ] GC(228) Phantom: 5 encountered, 4 discovered, 0 enqueued
[444.869s][info][gc,reloc    ] GC(228) Small Pages: 805 / 1610M, Empty: 1454M, Relocated: 3M, In-Place: 0
[444.869s][info][gc,reloc    ] GC(228) Medium Pages: 0 / 0M, Empty: 0M, Relocated: 0M, In-Place: 0
[444.869s][info][gc,reloc    ] GC(228) Large Pages: 0 / 0M, Empty: 0M, Relocated: 0M, In-Place: 0
[444.869s][info][gc,reloc    ] GC(228) Forwarding Usage: 0M
[444.869s][info][gc,heap     ] GC(228) Min Capacity: 8192M(100%)
[444.869s][info][gc,heap     ] GC(228) Max Capacity: 8192M(100%)
[444.869s][info][gc,heap     ] GC(228) Soft Max Capacity: 8192M(100%)
[444.869s][info][gc,heap     ] GC(228)                Mark Start          Mark End        Relocate Start      Relocate End           High               Low         
[444.869s][info][gc,heap     ] GC(228)  Capacity:     8192M (100%)       8192M (100%)       8192M (100%)       8192M (100%)       8192M (100%)       8192M (100%)   
[444.869s][info][gc,heap     ] GC(228)      Free:     6582M (80%)        6558M (80%)        8004M (98%)        8008M (98%)        8008M (98%)        6558M (80%)    
[444.869s][info][gc,heap     ] GC(228)      Used:     1610M (20%)        1634M (20%)         188M (2%)          184M (2%)         1634M (20%)         184M (2%)     
[444.869s][info][gc,heap     ] GC(228)      Live:         -               132M (2%)          132M (2%)          132M (2%)             -                  -          
[444.869s][info][gc,heap     ] GC(228) Allocated:         -                24M (0%)           32M (0%)           38M (0%)             -                  -          
[444.869s][info][gc,heap     ] GC(228)   Garbage:         -              1477M (18%)          23M (0%)           13M (0%)             -                  -          
[444.869s][info][gc,heap     ] GC(228) Reclaimed:         -                  -              1454M (18%)        1464M (18%)            -                  -          
[444.869s][info][gc          ] GC(228) Garbage Collection (Proactive) 1610M(20%)->184M(2%)
[446.540s][info][gc,start    ] GC(229) Garbage Collection (Proactive)
[446.540s][info][gc,phases   ] GC(229) Pause Mark Start 0.005ms
[446.561s][info][gc,phases   ] GC(229) Concurrent Mark 20.808ms
[446.561s][info][gc,phases   ] GC(229) Pause Mark End 0.008ms
[446.562s][info][gc,phases   ] GC(229) Concurrent Process Non-Strong References 0.350ms
[446.562s][info][gc,phases   ] GC(229) Concurrent Reset Relocation Set 0.001ms
[446.564s][info][gc,phases   ] GC(229) Concurrent Select Relocation Set 2.294ms
[446.564s][info][gc,phases   ] GC(229) Pause Relocate Start 0.003ms
[446.565s][info][gc,phases   ] GC(229) Concurrent Relocate 0.588ms
[446.565s][info][gc,load     ] GC(229) Load: 3.41/3.58/3.59
[446.565s][info][gc,mmu      ] GC(229) MMU: 2ms/98.2%, 5ms/99.3%, 10ms/99.6%, 20ms/99.8%, 50ms/99.9%, 100ms/100.0%
[446.565s][info][gc,marking  ] GC(229) Mark: 2 stripe(s), 2 proactive flush(es), 1 terminate flush(es), 0 completion(s), 0 continuation(s) 
[446.565s][info][gc,nmethod  ] GC(229) NMethods: 484 registered, 0 unregistered
[446.565s][info][gc,metaspace] GC(229) Metaspace: 0M used, 0M committed, 1032M reserved
[446.565s][info][gc,ref      ] GC(229) Soft: 82 encountered, 0 discovered, 0 enqueued
[446.565s][info][gc,ref      ] GC(229) Weak: 200 encountered, 65 discovered, 0 enqueued
[446.565s][info][gc,ref      ] GC(229) Final: 0 encountered, 0 discovered, 0 enqueued
[446.565s][info][gc,ref      ] GC(229) Phantom: 5 encountered, 3 discovered, 0 enqueued
[446.565s][info][gc,reloc    ] GC(229) Small Pages: 962 / 1924M, Empty: 1766M, Relocated: 4M, In-Place: 0
[446.565s][info][gc,reloc    ] GC(229) Medium Pages: 0 / 0M, Empty: 0M, Relocated: 0M, In-Place: 0
[446.565s][info][gc,reloc    ] GC(229) Large Pages: 0 / 0M, Empty: 0M, Relocated: 0M, In-Place: 0
[446.565s][info][gc,reloc    ] GC(229) Forwarding Usage: 0M
[446.565s][info][gc,heap     ] GC(229) Min Capacity: 8192M(100%)
[446.565s][info][gc,heap     ] GC(229) Max Capacity: 8192M(100%)
[446.565s][info][gc,heap     ] GC(229) Soft Max Capacity: 8192M(100%)
[446.565s][info][gc,heap     ] GC(229)                Mark Start          Mark End        Relocate Start      Relocate End           High               Low         
[446.565s][info][gc,heap     ] GC(229)  Capacity:     8192M (100%)       8192M (100%)       8192M (100%)       8192M (100%)       8192M (100%)       8192M (100%)   
[446.565s][info][gc,heap     ] GC(229)      Free:     6268M (77%)        6244M (76%)        8010M (98%)        8020M (98%)        8020M (98%)        6244M (76%)    
[446.565s][info][gc,heap     ] GC(229)      Used:     1924M (23%)        1948M (24%)         182M (2%)          172M (2%)         1948M (24%)         172M (2%)     
[446.565s][info][gc,heap     ] GC(229)      Live:         -               132M (2%)          132M (2%)          132M (2%)             -                  -          
[446.565s][info][gc,heap     ] GC(229) Allocated:         -                24M (0%)           24M (0%)           24M (0%)             -                  -          
[446.565s][info][gc,heap     ] GC(229)   Garbage:         -              1791M (22%)          25M (0%)           15M (0%)             -                  -          
[446.565s][info][gc,heap     ] GC(229) Reclaimed:         -                  -              1766M (22%)        1776M (22%)            -                  -          
[446.565s][info][gc          ] GC(229) Garbage Collection (Proactive) 1924M(23%)->172M(2%)
[448.140s][info][gc,start    ] GC(230) Garbage Collection (Proactive)
[448.140s][info][gc,phases   ] GC(230) Pause Mark Start 0.004ms
[448.163s][info][gc,phases   ] GC(230) Concurrent Mark 23.006ms
[448.163s][info][gc,phases   ] GC(230) Pause Mark End 0.009ms
[448.164s][info][gc,phases   ] GC(230) Concurrent Process Non-Strong References 0.399ms
[448.164s][info][gc,phases   ] GC(230) Concurrent Reset Relocation Set 0.002ms
[448.167s][info][gc,phases   ] GC(230) Concurrent Select Relocation Set 2.813ms
[448.167s][info][gc,phases   ] GC(230) Pause Relocate Start 0.005ms
[448.168s][info][gc,phases   ] GC(230) Concurrent Relocate 0.989ms
[448.168s][info][gc,load     ] GC(230) Load: 3.41/3.58/3.59
[448.168s][info][gc,mmu      ] GC(230) MMU: 2ms/98.2%, 5ms/99.3%, 10ms/99.6%, 20ms/99.8%, 50ms/99.9%, 100ms/100.0%
[448.168s][info][gc,marking  ] GC(230) Mark: 2 stripe(s), 2 proactive flush(es), 1 terminate flush(es), 0 completion(s), 0 continuation(s) 
[448.168s][info][gc,nmethod  ] GC(230) NMethods: 484 registered, 0 unregistered
[448.168s][info][gc,metaspace] GC(230) Metaspace: 0M used, 0M committed, 1032M reserved
[448.168s][info][gc,ref      ] GC(230) Soft: 82 encountered, 0 discovered, 0 enqueued
[448.168s][info][gc,ref      ] GC(230) Weak: 200 encountered, 53 discovered, 0 enqueued
[448.168s][info][gc,ref      ] GC(230) Final: 0 encountered, 0 discovered, 0 enqueued
[448.168s][info][gc,ref      ] GC(230) Phantom: 5 encountered, 5 discovered, 0 enqueued
[448.168s][info][gc,reloc    ] GC(230) Small Pages: 910 / 1820M, Empty: 1666M, Relocated: 4M, In-Place: 0
[448.168s][info][gc,reloc    ] GC(230) Medium Pages: 0 / 0M, Empty: 0M, Relocated: 0M, In-Place: 0
[448.168s][info][gc,reloc    ] GC(230) Large Pages: 0 / 0M, Empty: 0M, Relocated: 0M, In-Place: 0
[448.168s][info][gc,reloc    ] GC(230) Forwarding Usage: 0M
[448.168s][info][gc,heap     ] GC(230) Min Capacity: 8192M(100%)
[448.168s][info][gc,heap     ] GC(230) Max Capacity: 8192M(100%)
[448.168s][info][gc,heap     ] GC(230) Soft Max Capacity: 8192M(100%)
[448.168s][info][gc,heap     ] GC(230)                Mark Start          Mark End        Relocate Start      Relocate End           High               Low         
[448.168s][info][gc,heap     ] GC(230)  Capacity:     8192M (100%)       8192M (100%)       8192M (100%)       8192M (100%)       8192M (100%)       8192M (100%)   
[448.168s][info][gc,heap     ] GC(230)      Free:     6372M (78%)        6348M (77%)        8006M (98%)        8010M (98%)        8012M (98%)        6348M (77%)    
[448.168s][info][gc,heap     ] GC(230)      Used:     1820M (22%)        1844M (23%)         186M (2%)          182M (2%)         1844M (23%)         180M (2%)     
[448.168s][info][gc,heap     ] GC(230)      Live:         -               132M (2%)          132M (2%)          132M (2%)             -                  -          
[448.168s][info][gc,heap     ] GC(230) Allocated:         -                24M (0%)           32M (0%)           34M (0%)             -                  -          
[448.168s][info][gc,heap     ] GC(230)   Garbage:         -              1687M (21%)          21M (0%)           15M (0%)             -                  -          
[448.168s][info][gc,heap     ] GC(230) Reclaimed:         -                  -              1666M (20%)        1672M (20%)            -                  -          
[448.168s][info][gc          ] GC(230) Garbage Collection (Proactive) 1820M(22%)->182M(2%)
[449.740s][info][gc,start    ] GC(231) Garbage Collection (Proactive)
[449.740s][info][gc,phases   ] GC(231) Pause Mark Start 0.005ms
[449.761s][info][gc,phases   ] GC(231) Concurrent Mark 20.775ms
[449.761s][info][gc,phases   ] GC(231) Pause Mark End 0.007ms
[449.761s][info][gc,phases   ] GC(231) Concurrent Process Non-Strong References 0.351ms
[449.761s][info][gc,phases   ] GC(231) Concurrent Reset Relocation Set 0.001ms
[449.763s][info][gc,phases   ] GC(231) Concurrent Select Relocation Set 2.311ms
[449.763s][info][gc,phases   ] GC(231) Pause Relocate Start 0.003ms
[449.764s][info][gc,phases   ] GC(231) Concurrent Relocate 0.646ms
[449.764s][info][gc,load     ] GC(231) Load: 3.41/3.58/3.59
[449.764s][info][gc,mmu      ] GC(231) MMU: 2ms/98.2%, 5ms/99.3%, 10ms/99.6%, 20ms/99.8%, 50ms/99.9%, 100ms/100.0%
[449.764s][info][gc,marking  ] GC(231) Mark: 2 stripe(s), 2 proactive flush(es), 1 terminate flush(es), 0 completion(s), 0 continuation(s) 
[449.764s][info][gc,nmethod  ] GC(231) NMethods: 484 registered, 0 unregistered
[449.764s][info][gc,metaspace] GC(231) Metaspace: 0M used, 0M committed, 1032M reserved
[449.764s][info][gc,ref      ] GC(231) Soft: 82 encountered, 0 discovered, 0 enqueued
[449.764s][info][gc,ref      ] GC(231) Weak: 200 encountered, 57 discovered, 0 enqueued
[449.764s][info][gc,ref      ] GC(231) Final: 0 encountered, 0 discovered, 0 enqueued
[449.764s][info][gc,ref      ] GC(231) Phantom: 5 encountered, 5 discovered, 0 enqueued
[449.764s][info][gc,reloc    ] GC(231) Small Pages: 910 / 1820M, Empty: 1662M, Relocated: 5M, In-Place: 0
[449.764s][info][gc,reloc    ] GC(231) Medium Pages: 0 / 0M, Empty: 0M, Relocated: 0M, In-Place: 0
[449.764s][info][gc,reloc    ] GC(231) Large Pages: 0 / 0M, Empty: 0M, Relocated: 0M, In-Place: 0
[449.764s][info][gc,reloc    ] GC(231) Forwarding Usage: 0M
[449.764s][info][gc,heap     ] GC(231) Min Capacity: 8192M(100%)
[449.764s][info][gc,heap     ] GC(231) Max Capacity: 8192M(100%)
[449.764s][info][gc,heap     ] GC(231) Soft Max Capacity: 8192M(100%)
[449.764s][info][gc,heap     ] GC(231)                Mark Start          Mark End        Relocate Start      Relocate End           High               Low         
[449.764s][info][gc,heap     ] GC(231)  Capacity:     8192M (100%)       8192M (100%)       8192M (100%)       8192M (100%)       8192M (100%)       8192M (100%)   
[449.764s][info][gc,heap     ] GC(231)      Free:     6372M (78%)        6348M (77%)        8010M (98%)        8020M (98%)        8020M (98%)        6348M (77%)    
[449.764s][info][gc,heap     ] GC(231)      Used:     1820M (22%)        1844M (23%)         182M (2%)          172M (2%)         1844M (23%)         172M (2%)     
[449.764s][info][gc,heap     ] GC(231)      Live:         -               132M (2%)          132M (2%)          132M (2%)             -                  -          
[449.764s][info][gc,heap     ] GC(231) Allocated:         -                24M (0%)           24M (0%)           24M (0%)             -                  -          
[449.764s][info][gc,heap     ] GC(231)   Garbage:         -              1687M (21%)          25M (0%)           15M (0%)             -                  -          
[449.764s][info][gc,heap     ] GC(231) Reclaimed:         -                  -              1662M (20%)        1672M (20%)            -                  -          
[449.764s][info][gc          ] GC(231) Garbage Collection (Proactive) 1820M(22%)->172M(2%)
[450.040s][info][gc,stats    ] === Garbage Collection Statistics =======================================================================================================================
[450.040s][info][gc,stats    ]                                                              Last 10s              Last 10m              Last 10h                Total
[450.040s][info][gc,stats    ]                                                              Avg / Max             Avg / Max             Avg / Max             Avg / Max
[450.040s][info][gc,stats    ]   Collector: Garbage Collection Cycle                     26.126 / 28.862       30.973 / 95.920       30.973 / 95.920       30.973 / 95.920      ms
[450.040s][info][gc,stats    ]  Contention: Mark Segment Reset Contention                     0 / 0                 0 / 4                 0 / 4                 0 / 4           ops/s
[450.040s][info][gc,stats    ]  Contention: Mark SeqNum Reset Contention                      0 / 0                 0 / 1                 0 / 1                 0 / 1           ops/s
[450.040s][info][gc,stats    ]    Critical: Allocation Stall                                  0 / 0                 0 / 0                 0 / 0                 0 / 0           ops/s
[450.040s][info][gc,stats    ]    Critical: Allocation Stall                              0.000 / 0.000         0.000 / 0.000         0.000 / 0.000         0.000 / 0.000       ms
[450.040s][info][gc,stats    ]    Critical: GC Locker Stall                                   0 / 0                 0 / 0                 0 / 0                 0 / 0           ops/s
[450.040s][info][gc,stats    ]    Critical: GC Locker Stall                               0.000 / 0.000         0.000 / 0.000         0.000 / 0.000         0.000 / 0.000       ms
[450.040s][info][gc,stats    ]    Critical: Relocation Stall                                  0 / 0                 0 / 0                 0 / 0                 0 / 0           ops/s
[450.040s][info][gc,stats    ]    Critical: Relocation Stall                              0.000 / 0.000         0.000 / 0.000         0.000 / 0.000         0.000 / 0.000       ms
[450.040s][info][gc,stats    ]      Memory: Allocation Rate                                1045 / 1048           1062 / 9212           1062 / 9212           1062 / 9212        MB/s
[450.040s][info][gc,stats    ]      Memory: Out Of Memory                                     0 / 0                 0 / 0                 0 / 0                 0 / 0           ops/s
[450.040s][info][gc,stats    ]      Memory: Page Cache Flush                                  0 / 0                 0 / 0                 0 / 0                 0 / 0           MB/s
[450.040s][info][gc,stats    ]      Memory: Page Cache Hit L1                               525 / 528             520 / 533             520 / 533             520 / 533         ops/s
[450.040s][info][gc,stats    ]      Memory: Page Cache Hit L2                                 0 / 0                 0 / 0                 0 / 0                 0 / 0           ops/s
[450.040s][info][gc,stats    ]      Memory: Page Cache Hit L3                                 0 / 0                 4 / 486               4 / 486               4 / 486         ops/s
[450.040s][info][gc,stats    ]      Memory: Page Cache Miss                                   0 / 0                 0 / 1                 0 / 1                 0 / 1           ops/s
[450.040s][info][gc,stats    ]      Memory: Uncommit                                          0 / 0                 0 / 0                 0 / 0                 0 / 0           MB/s
[450.040s][info][gc,stats    ]      Memory: Undo Object Allocation Failed                     0 / 0                 0 / 0                 0 / 0                 0 / 0           ops/s
[450.040s][info][gc,stats    ]      Memory: Undo Object Allocation Succeeded                  0 / 1                 0 / 6                 0 / 6                 0 / 6           ops/s
[450.040s][info][gc,stats    ]      Memory: Undo Page Allocation                              0 / 0                 0 / 1                 0 / 1                 0 / 1           ops/s
[450.040s][info][gc,stats    ]       Phase: Concurrent Mark                              22.104 / 24.112       26.046 / 65.214       26.046 / 65.214       26.046 / 65.214      ms
[450.040s][info][gc,stats    ]       Phase: Concurrent Mark Continue                      0.000 / 0.000         0.000 / 0.000         0.000 / 0.000         0.000 / 0.000       ms
[450.040s][info][gc,stats    ]       Phase: Concurrent Process Non-Strong References      0.368 / 0.426         0.454 / 0.911         0.454 / 0.911         0.454 / 0.911       ms
[450.040s][info][gc,stats    ]       Phase: Concurrent Relocate                           0.578 / 0.989         0.935 / 16.651        0.935 / 16.651        0.935 / 16.651      ms
[450.040s][info][gc,stats    ]       Phase: Concurrent Reset Relocation Set               0.002 / 0.002         0.002 / 0.098         0.002 / 0.098         0.002 / 0.098       ms
[450.040s][info][gc,stats    ]       Phase: Concurrent Select Relocation Set              2.547 / 3.086         2.888 / 12.567        2.888 / 12.567        2.888 / 12.567      ms
[450.040s][info][gc,stats    ]       Phase: Pause Mark End                                0.008 / 0.009         0.009 / 0.025         0.009 / 0.025         0.009 / 0.025       ms
[450.040s][info][gc,stats    ]       Phase: Pause Mark Start                              0.005 / 0.006         0.006 / 0.036         0.006 / 0.036         0.006 / 0.036       ms
[450.041s][info][gc,stats    ]       Phase: Pause Relocate Start                          0.004 / 0.005         0.004 / 0.026         0.004 / 0.026         0.004 / 0.026       ms
[450.041s][info][gc,stats    ]    Subphase: Concurrent Classes Purge                      0.023 / 0.029         0.029 / 0.102         0.029 / 0.102         0.029 / 0.102       ms
[450.041s][info][gc,stats    ]    Subphase: Concurrent Classes Unlink                     0.256 / 0.295         0.294 / 0.571         0.294 / 0.571         0.294 / 0.571       ms
[450.041s][info][gc,stats    ]    Subphase: Concurrent Mark                              21.335 / 23.754       25.245 / 64.907       25.245 / 64.907       25.245 / 64.907      ms
[450.041s][info][gc,stats    ]    Subphase: Concurrent Mark Idle                          1.188 / 1.269         1.198 / 1.347         1.198 / 1.347         1.198 / 1.347       ms
[450.041s][info][gc,stats    ]    Subphase: Concurrent Mark Try Flush                     0.027 / 0.046         0.034 / 0.120         0.034 / 0.120         0.034 / 0.120       ms
[450.041s][info][gc,stats    ]    Subphase: Concurrent Mark Try Terminate                 0.439 / 1.270         0.441 / 1.361         0.441 / 1.361         0.441 / 1.361       ms
[450.041s][info][gc,stats    ]    Subphase: Concurrent References Enqueue                 0.000 / 0.000         0.000 / 0.003         0.000 / 0.003         0.000 / 0.003       ms
[450.041s][info][gc,stats    ]    Subphase: Concurrent References Process                 0.017 / 0.024         0.026 / 0.095         0.026 / 0.095         0.026 / 0.095       ms
[450.041s][info][gc,stats    ]    Subphase: Concurrent Roots ClassLoaderDataGraph         0.015 / 0.041         0.017 / 0.132         0.017 / 0.132         0.017 / 0.132       ms
[450.041s][info][gc,stats    ]    Subphase: Concurrent Roots CodeCache                    0.000 / 0.000         0.000 / 0.000         0.000 / 0.000         0.000 / 0.000       ms
[450.041s][info][gc,stats    ]    Subphase: Concurrent Roots JavaThreads                  0.170 / 0.247         0.210 / 0.485         0.210 / 0.485         0.210 / 0.485       ms
[450.041s][info][gc,stats    ]    Subphase: Concurrent Roots OopStorageSet                0.003 / 0.005         0.004 / 0.041         0.004 / 0.041         0.004 / 0.041       ms
[450.041s][info][gc,stats    ]    Subphase: Concurrent Weak Roots OopStorageSet           0.032 / 0.041         0.038 / 0.120         0.038 / 0.120         0.038 / 0.120       ms
[450.041s][info][gc,stats    ]    Subphase: Pause Mark Try Complete                       0.000 / 0.000         0.000 / 0.000         0.000 / 0.000         0.000 / 0.000       ms
[450.041s][info][gc,stats    ]      System: Java Threads                                     16 / 16               16 / 20               16 / 20               16 / 20          threads
[450.041s][info][gc,stats    ] =========================================================================================================================================================
[451.340s][info][gc,start    ] GC(232) Garbage Collection (Proactive)
[451.340s][info][gc,phases   ] GC(232) Pause Mark Start 0.004ms
[451.361s][info][gc,phases   ] GC(232) Concurrent Mark 20.833ms
[451.361s][info][gc,phases   ] GC(232) Pause Mark End 0.009ms
[451.362s][info][gc,phases   ] GC(232) Concurrent Process Non-Strong References 0.371ms
[451.362s][info][gc,phases   ] GC(232) Concurrent Reset Relocation Set 0.001ms
[451.364s][info][gc,phases   ] GC(232) Concurrent Select Relocation Set 2.353ms
[451.364s][info][gc,phases   ] GC(232) Pause Relocate Start 0.004ms
[451.365s][info][gc,phases   ] GC(232) Concurrent Relocate 0.662ms
[451.365s][info][gc,load     ] GC(232) Load: 3.29/3.55/3.58
[451.365s][info][gc,mmu      ] GC(232) MMU: 2ms/98.2%, 5ms/99.3%, 10ms/99.6%, 20ms/99.8%, 50ms/99.9%, 100ms/100.0%
[451.365s][info][gc,marking  ] GC(232) Mark: 2 stripe(s), 2 proactive flush(es), 1 terminate flush(es), 0 completion(s), 0 continuation(s) 
[451.365s][info][gc,nmethod  ] GC(232) NMethods: 484 registered, 0 unregistered
[451.365s][info][gc,metaspace] GC(232) Metaspace: 0M used, 0M committed, 1032M reserved
[451.365s][info][gc,ref      ] GC(232) Soft: 82 encountered, 0 discovered, 0 enqueued
[451.365s][info][gc,ref      ] GC(232) Weak: 200 encountered, 53 discovered, 0 enqueued
[451.365s][info][gc,ref      ] GC(232) Final: 0 encountered, 0 discovered, 0 enqueued
[451.365s][info][gc,ref      ] GC(232) Phantom: 5 encountered, 5 discovered, 0 enqueued
[451.365s][info][gc,reloc    ] GC(232) Small Pages: 910 / 1820M, Empty: 1666M, Relocated: 4M, In-Place: 0
[451.365s][info][gc,reloc    ] GC(232) Medium Pages: 0 / 0M, Empty: 0M, Relocated: 0M, In-Place: 0
[451.365s][info][gc,reloc    ] GC(232) Large Pages: 0 / 0M, Empty: 0M, Relocated: 0M, In-Place: 0
[451.365s][info][gc,reloc    ] GC(232) Forwarding Usage: 0M
[451.365s][info][gc,heap     ] GC(232) Min Capacity: 8192M(100%)
[451.365s][info][gc,heap     ] GC(232) Max Capacity: 8192M(100%)
[451.365s][info][gc,heap     ] GC(232) Soft Max Capacity: 8192M(100%)
[451.365s][info][gc,heap     ] GC(232)                Mark Start          Mark End        Relocate Start      Relocate End           High               Low         
[451.365s][info][gc,heap     ] GC(232)  Capacity:     8192M (100%)       8192M (100%)       8192M (100%)       8192M (100%)       8192M (100%)       8192M (100%)   
[451.365s][info][gc,heap     ] GC(232)      Free:     6372M (78%)        6348M (77%)        8014M (98%)        8022M (98%)        8022M (98%)        6348M (77%)    
[451.365s][info][gc,heap     ] GC(232)      Used:     1820M (22%)        1844M (23%)         178M (2%)          170M (2%)         1844M (23%)         170M (2%)     
[451.365s][info][gc,heap     ] GC(232)      Live:         -               132M (2%)          132M (2%)          132M (2%)             -                  -          
[451.365s][info][gc,heap     ] GC(232) Allocated:         -                24M (0%)           24M (0%)           24M (0%)             -                  -          
[451.365s][info][gc,heap     ] GC(232)   Garbage:         -              1687M (21%)          21M (0%)           13M (0%)             -                  -          
[451.365s][info][gc,heap     ] GC(232) Reclaimed:         -                  -              1666M (20%)        1674M (20%)            -                  -          
[451.365s][info][gc          ] GC(232) Garbage Collection (Proactive) 1820M(22%)->170M(2%)
[452.740s][info][gc,start    ] GC(233) Garbage Collection (Proactive)
[452.740s][info][gc,phases   ] GC(233) Pause Mark Start 0.005ms
[452.777s][info][gc,phases   ] GC(233) Concurrent Mark 37.641ms
[452.778s][info][gc,phases   ] GC(233) Pause Mark End 0.009ms
[452.778s][info][gc,phases   ] GC(233) Concurrent Process Non-Strong References 0.505ms
[452.778s][info][gc,phases   ] GC(233) Concurrent Reset Relocation Set 0.002ms
[452.781s][info][gc,phases   ] GC(233) Concurrent Select Relocation Set 2.764ms
[452.781s][info][gc,phases   ] GC(233) Pause Relocate Start 0.004ms
[452.782s][info][gc,phases   ] GC(233) Concurrent Relocate 0.672ms
[452.782s][info][gc,load     ] GC(233) Load: 3.29/3.55/3.58
[452.782s][info][gc,mmu      ] GC(233) MMU: 2ms/98.2%, 5ms/99.3%, 10ms/99.6%, 20ms/99.8%, 50ms/99.9%, 100ms/100.0%
[452.782s][info][gc,marking  ] GC(233) Mark: 2 stripe(s), 2 proactive flush(es), 1 terminate flush(es), 0 completion(s), 0 continuation(s) 
[452.782s][info][gc,nmethod  ] GC(233) NMethods: 484 registered, 0 unregistered
[452.782s][info][gc,metaspace] GC(233) Metaspace: 0M used, 0M committed, 1032M reserved
[452.782s][info][gc,ref      ] GC(233) Soft: 82 encountered, 0 discovered, 0 enqueued
[452.782s][info][gc,ref      ] GC(233) Weak: 200 encountered, 61 discovered, 0 enqueued
[452.782s][info][gc,ref      ] GC(233) Final: 0 encountered, 0 discovered, 0 enqueued
[452.782s][info][gc,ref      ] GC(233) Phantom: 5 encountered, 5 discovered, 0 enqueued
[452.782s][info][gc,reloc    ] GC(233) Small Pages: 805 / 1610M, Empty: 1456M, Relocated: 4M, In-Place: 0
[452.782s][info][gc,reloc    ] GC(233) Medium Pages: 0 / 0M, Empty: 0M, Relocated: 0M, In-Place: 0
[452.782s][info][gc,reloc    ] GC(233) Large Pages: 0 / 0M, Empty: 0M, Relocated: 0M, In-Place: 0
[452.782s][info][gc,reloc    ] GC(233) Forwarding Usage: 0M
[452.782s][info][gc,heap     ] GC(233) Min Capacity: 8192M(100%)
[452.782s][info][gc,heap     ] GC(233) Max Capacity: 8192M(100%)
[452.782s][info][gc,heap     ] GC(233) Soft Max Capacity: 8192M(100%)
[452.782s][info][gc,heap     ] GC(233)                Mark Start          Mark End        Relocate Start      Relocate End           High               Low         
[452.782s][info][gc,heap     ] GC(233)  Capacity:     8192M (100%)       8192M (100%)       8192M (100%)       8192M (100%)       8192M (100%)       8192M (100%)   
[452.782s][info][gc,heap     ] GC(233)      Free:     6582M (80%)        6542M (80%)        7990M (98%)        7996M (98%)        7996M (98%)        6534M (80%)    
[452.782s][info][gc,heap     ] GC(233)      Used:     1610M (20%)        1650M (20%)         202M (2%)          196M (2%)         1658M (20%)         196M (2%)     
[452.782s][info][gc,heap     ] GC(233)      Live:         -               132M (2%)          132M (2%)          132M (2%)             -                  -          
[452.782s][info][gc,heap     ] GC(233) Allocated:         -                40M (0%)           48M (1%)           48M (1%)             -                  -          
[452.782s][info][gc,heap     ] GC(233)   Garbage:         -              1477M (18%)          21M (0%)           15M (0%)             -                  -          
[452.782s][info][gc,heap     ] GC(233) Reclaimed:         -                  -              1456M (18%)        1462M (18%)            -                  -          
[452.782s][info][gc          ] GC(233) Garbage Collection (Proactive) 1610M(20%)->196M(2%)
[455.940s][info][gc,start    ] GC(234) Garbage Collection (Proactive)
[455.940s][info][gc,phases   ] GC(234) Pause Mark Start 0.010ms
[455.977s][info][gc,phases   ] GC(234) Concurrent Mark 37.146ms
[455.977s][info][gc,phases   ] GC(234) Pause Mark End 0.008ms
[455.978s][info][gc,phases   ] GC(234) Concurrent Process Non-Strong References 0.446ms
[455.978s][info][gc,phases   ] GC(234) Concurrent Reset Relocation Set 0.001ms
[455.981s][info][gc,phases   ] GC(234) Concurrent Select Relocation Set 2.912ms
[455.981s][info][gc,phases   ] GC(234) Pause Relocate Start 0.003ms
[455.982s][info][gc,phases   ] GC(234) Concurrent Relocate 1.173ms
[455.982s][info][gc,load     ] GC(234) Load: 3.67/3.63/3.61
[455.982s][info][gc,mmu      ] GC(234) MMU: 2ms/98.2%, 5ms/99.3%, 10ms/99.6%, 20ms/99.8%, 50ms/99.9%, 100ms/100.0%
[455.982s][info][gc,marking  ] GC(234) Mark: 2 stripe(s), 2 proactive flush(es), 1 terminate flush(es), 0 completion(s), 0 continuation(s) 
[455.982s][info][gc,nmethod  ] GC(234) NMethods: 484 registered, 0 unregistered
[455.982s][info][gc,metaspace] GC(234) Metaspace: 0M used, 0M committed, 1032M reserved
[455.982s][info][gc,ref      ] GC(234) Soft: 82 encountered, 0 discovered, 0 enqueued
[455.982s][info][gc,ref      ] GC(234) Weak: 200 encountered, 62 discovered, 0 enqueued
[455.982s][info][gc,ref      ] GC(234) Final: 0 encountered, 0 discovered, 0 enqueued
[455.982s][info][gc,ref      ] GC(234) Phantom: 5 encountered, 3 discovered, 0 enqueued
[455.982s][info][gc,reloc    ] GC(234) Small Pages: 1742 / 3484M, Empty: 3330M, Relocated: 8M, In-Place: 0
[455.982s][info][gc,reloc    ] GC(234) Medium Pages: 0 / 0M, Empty: 0M, Relocated: 0M, In-Place: 0
[455.982s][info][gc,reloc    ] GC(234) Large Pages: 0 / 0M, Empty: 0M, Relocated: 0M, In-Place: 0
[455.982s][info][gc,reloc    ] GC(234) Forwarding Usage: 0M
[455.982s][info][gc,heap     ] GC(234) Min Capacity: 8192M(100%)
[455.982s][info][gc,heap     ] GC(234) Max Capacity: 8192M(100%)
[455.982s][info][gc,heap     ] GC(234) Soft Max Capacity: 8192M(100%)
[455.982s][info][gc,heap     ] GC(234)                Mark Start          Mark End        Relocate Start      Relocate End           High               Low         
[455.982s][info][gc,heap     ] GC(234)  Capacity:     8192M (100%)       8192M (100%)       8192M (100%)       8192M (100%)       8192M (100%)       8192M (100%)   
[455.982s][info][gc,heap     ] GC(234)      Free:     4708M (57%)        4664M (57%)        7990M (98%)        7996M (98%)        7996M (98%)        4664M (57%)    
[455.982s][info][gc,heap     ] GC(234)      Used:     3484M (43%)        3528M (43%)         202M (2%)          196M (2%)         3528M (43%)         196M (2%)     
[455.982s][info][gc,heap     ] GC(234)      Live:         -               132M (2%)          132M (2%)          132M (2%)             -                  -          
[455.982s][info][gc,heap     ] GC(234) Allocated:         -                44M (1%)           48M (1%)           48M (1%)             -                  -          
[455.982s][info][gc,heap     ] GC(234)   Garbage:         -              3351M (41%)          21M (0%)           15M (0%)             -                  -          
[455.982s][info][gc,heap     ] GC(234) Reclaimed:         -                  -              3330M (41%)        3336M (41%)            -                  -          
[455.982s][info][gc          ] GC(234) Garbage Collection (Proactive) 3484M(43%)->196M(2%)
[458.840s][info][gc,start    ] GC(235) Garbage Collection (Proactive)
[458.840s][info][gc,phases   ] GC(235) Pause Mark Start 0.005ms
[458.864s][info][gc,phases   ] GC(235) Concurrent Mark 23.903ms
[458.864s][info][gc,phases   ] GC(235) Pause Mark End 0.011ms
[458.865s][info][gc,phases   ] GC(235) Concurrent Process Non-Strong References 0.502ms
[458.865s][info][gc,phases   ] GC(235) Concurrent Reset Relocation Set 0.002ms
[458.868s][info][gc,phases   ] GC(235) Concurrent Select Relocation Set 2.936ms
[458.868s][info][gc,phases   ] GC(235) Pause Relocate Start 0.006ms
[458.869s][info][gc,phases   ] GC(235) Concurrent Relocate 1.389ms
[458.869s][info][gc,load     ] GC(235) Load: 3.67/3.63/3.61
[458.869s][info][gc,mmu      ] GC(235) MMU: 2ms/98.2%, 5ms/99.3%, 10ms/99.6%, 20ms/99.8%, 50ms/99.9%, 100ms/100.0%
[458.869s][info][gc,marking  ] GC(235) Mark: 2 stripe(s), 2 proactive flush(es), 1 terminate flush(es), 0 completion(s), 0 continuation(s) 
[458.869s][info][gc,nmethod  ] GC(235) NMethods: 484 registered, 0 unregistered
[458.869s][info][gc,metaspace] GC(235) Metaspace: 0M used, 0M committed, 1032M reserved
[458.869s][info][gc,ref      ] GC(235) Soft: 82 encountered, 0 discovered, 0 enqueued
[458.869s][info][gc,ref      ] GC(235) Weak: 200 encountered, 183 discovered, 0 enqueued
[458.869s][info][gc,ref      ] GC(235) Final: 0 encountered, 0 discovered, 0 enqueued
[458.869s][info][gc,ref      ] GC(235) Phantom: 5 encountered, 4 discovered, 0 enqueued
[458.869s][info][gc,reloc    ] GC(235) Small Pages: 1586 / 3172M, Empty: 3016M, Relocated: 10M, In-Place: 0
[458.869s][info][gc,reloc    ] GC(235) Medium Pages: 0 / 0M, Empty: 0M, Relocated: 0M, In-Place: 0
[458.869s][info][gc,reloc    ] GC(235) Large Pages: 0 / 0M, Empty: 0M, Relocated: 0M, In-Place: 0
[458.869s][info][gc,reloc    ] GC(235) Forwarding Usage: 0M
[458.869s][info][gc,heap     ] GC(235) Min Capacity: 8192M(100%)
[458.869s][info][gc,heap     ] GC(235) Max Capacity: 8192M(100%)
[458.869s][info][gc,heap     ] GC(235) Soft Max Capacity: 8192M(100%)
[458.869s][info][gc,heap     ] GC(235)                Mark Start          Mark End        Relocate Start      Relocate End           High               Low         
[458.869s][info][gc,heap     ] GC(235)  Capacity:     8192M (100%)       8192M (100%)       8192M (100%)       8192M (100%)       8192M (100%)       8192M (100%)   
[458.869s][info][gc,heap     ] GC(235)      Free:     5020M (61%)        4996M (61%)        8004M (98%)        8012M (98%)        8012M (98%)        4996M (61%)    
[458.869s][info][gc,heap     ] GC(235)      Used:     3172M (39%)        3196M (39%)         188M (2%)          180M (2%)         3196M (39%)         180M (2%)     
[458.869s][info][gc,heap     ] GC(235)      Live:         -               132M (2%)          132M (2%)          132M (2%)             -                  -          
[458.869s][info][gc,heap     ] GC(235) Allocated:         -                24M (0%)           32M (0%)           34M (0%)             -                  -          
[458.869s][info][gc,heap     ] GC(235)   Garbage:         -              3039M (37%)          23M (0%)           13M (0%)             -                  -          
[458.869s][info][gc,heap     ] GC(235) Reclaimed:         -                  -              3016M (37%)        3026M (37%)            -                  -          
[458.869s][info][gc          ] GC(235) Garbage Collection (Proactive) 3172M(39%)->180M(2%)
[460.040s][info][gc,stats    ] === Garbage Collection Statistics =======================================================================================================================
[460.040s][info][gc,stats    ]                                                              Last 10s              Last 10m              Last 10h                Total
[460.040s][info][gc,stats    ]                                                              Avg / Max             Avg / Max             Avg / Max             Avg / Max
[460.040s][info][gc,stats    ]   Collector: Garbage Collection Cycle                     34.645 / 42.369       31.036 / 95.920       31.036 / 95.920       31.036 / 95.920      ms
[460.040s][info][gc,stats    ]  Contention: Mark Segment Reset Contention                     0 / 1                 0 / 4                 0 / 4                 0 / 4           ops/s
[460.040s][info][gc,stats    ]  Contention: Mark SeqNum Reset Contention                      0 / 0                 0 / 1                 0 / 1                 0 / 1           ops/s
[460.040s][info][gc,stats    ]    Critical: Allocation Stall                                  0 / 0                 0 / 0                 0 / 0                 0 / 0           ops/s
[460.040s][info][gc,stats    ]    Critical: Allocation Stall                              0.000 / 0.000         0.000 / 0.000         0.000 / 0.000         0.000 / 0.000       ms
[460.040s][info][gc,stats    ]    Critical: GC Locker Stall                                   0 / 0                 0 / 0                 0 / 0                 0 / 0           ops/s
[460.040s][info][gc,stats    ]    Critical: GC Locker Stall                               0.000 / 0.000         0.000 / 0.000         0.000 / 0.000         0.000 / 0.000       ms
[460.040s][info][gc,stats    ]    Critical: Relocation Stall                                  0 / 0                 0 / 0                 0 / 0                 0 / 0           ops/s
[460.040s][info][gc,stats    ]    Critical: Relocation Stall                              0.000 / 0.000         0.000 / 0.000         0.000 / 0.000         0.000 / 0.000       ms
[460.040s][info][gc,stats    ]      Memory: Allocation Rate                                1043 / 1048           1062 / 9212           1062 / 9212           1062 / 9212        MB/s
[460.040s][info][gc,stats    ]      Memory: Out Of Memory                                     0 / 0                 0 / 0                 0 / 0                 0 / 0           ops/s
[460.040s][info][gc,stats    ]      Memory: Page Cache Flush                                  0 / 0                 0 / 0                 0 / 0                 0 / 0           MB/s
[460.040s][info][gc,stats    ]      Memory: Page Cache Hit L1                               523 / 530             520 / 533             520 / 533             520 / 533         ops/s
[460.040s][info][gc,stats    ]      Memory: Page Cache Hit L2                                 0 / 0                 0 / 0                 0 / 0                 0 / 0           ops/s
[460.040s][info][gc,stats    ]      Memory: Page Cache Hit L3                                 0 / 0                 3 / 486               3 / 486               3 / 486         ops/s
[460.041s][info][gc,stats    ]      Memory: Page Cache Miss                                   0 / 0                 0 / 1                 0 / 1                 0 / 1           ops/s
[460.041s][info][gc,stats    ]      Memory: Uncommit                                          0 / 0                 0 / 0                 0 / 0                 0 / 0           MB/s
[460.041s][info][gc,stats    ]      Memory: Undo Object Allocation Failed                     0 / 0                 0 / 0                 0 / 0                 0 / 0           ops/s
[460.041s][info][gc,stats    ]      Memory: Undo Object Allocation Succeeded                  0 / 0                 0 / 6                 0 / 6                 0 / 6           ops/s
[460.041s][info][gc,stats    ]      Memory: Undo Page Allocation                              0 / 0                 0 / 1                 0 / 1                 0 / 1           ops/s
[460.041s][info][gc,stats    ]       Phase: Concurrent Mark                              29.881 / 37.641       26.111 / 65.214       26.111 / 65.214       26.111 / 65.214      ms
[460.041s][info][gc,stats    ]       Phase: Concurrent Mark Continue                      0.000 / 0.000         0.000 / 0.000         0.000 / 0.000         0.000 / 0.000       ms
[460.041s][info][gc,stats    ]       Phase: Concurrent Process Non-Strong References      0.456 / 0.505         0.454 / 0.911         0.454 / 0.911         0.454 / 0.911       ms
[460.041s][info][gc,stats    ]       Phase: Concurrent Relocate                           0.974 / 1.389         0.936 / 16.651        0.936 / 16.651        0.936 / 16.651      ms
[460.041s][info][gc,stats    ]       Phase: Concurrent Reset Relocation Set               0.002 / 0.002         0.002 / 0.098         0.002 / 0.098         0.002 / 0.098       ms
[460.041s][info][gc,stats    ]       Phase: Concurrent Select Relocation Set              2.741 / 2.936         2.886 / 12.567        2.886 / 12.567        2.886 / 12.567      ms
[460.041s][info][gc,stats    ]       Phase: Pause Mark End                                0.009 / 0.011         0.009 / 0.025         0.009 / 0.025         0.009 / 0.025       ms
[460.041s][info][gc,stats    ]       Phase: Pause Mark Start                              0.006 / 0.010         0.006 / 0.036         0.006 / 0.036         0.006 / 0.036       ms
[460.041s][info][gc,stats    ]       Phase: Pause Relocate Start                          0.004 / 0.006         0.004 / 0.026         0.004 / 0.026         0.004 / 0.026       ms
[460.041s][info][gc,stats    ]    Subphase: Concurrent Classes Purge                      0.030 / 0.036         0.029 / 0.102         0.029 / 0.102         0.029 / 0.102       ms
[460.041s][info][gc,stats    ]    Subphase: Concurrent Classes Unlink                     0.285 / 0.315         0.294 / 0.571         0.294 / 0.571         0.294 / 0.571       ms
[460.041s][info][gc,stats    ]    Subphase: Concurrent Mark                              29.123 / 37.370       25.310 / 64.907       25.310 / 64.907       25.310 / 64.907      ms
[460.041s][info][gc,stats    ]    Subphase: Concurrent Mark Idle                          1.169 / 1.303         1.198 / 1.347         1.198 / 1.347         1.198 / 1.347       ms
[460.041s][info][gc,stats    ]    Subphase: Concurrent Mark Try Flush                     0.048 / 0.135         0.034 / 0.135         0.034 / 0.135         0.034 / 0.135       ms
[460.041s][info][gc,stats    ]    Subphase: Concurrent Mark Try Terminate                 0.409 / 1.304         0.440 / 1.361         0.440 / 1.361         0.440 / 1.361       ms
[460.041s][info][gc,stats    ]    Subphase: Concurrent References Enqueue                 0.000 / 0.000         0.000 / 0.003         0.000 / 0.003         0.000 / 0.003       ms
[460.041s][info][gc,stats    ]    Subphase: Concurrent References Process                 0.024 / 0.031         0.026 / 0.095         0.026 / 0.095         0.026 / 0.095       ms
[460.041s][info][gc,stats    ]    Subphase: Concurrent Roots ClassLoaderDataGraph         0.015 / 0.033         0.017 / 0.132         0.017 / 0.132         0.017 / 0.132       ms
[460.041s][info][gc,stats    ]    Subphase: Concurrent Roots CodeCache                    0.000 / 0.000         0.000 / 0.000         0.000 / 0.000         0.000 / 0.000       ms
[460.041s][info][gc,stats    ]    Subphase: Concurrent Roots JavaThreads                  0.214 / 0.266         0.210 / 0.485         0.210 / 0.485         0.210 / 0.485       ms
[460.041s][info][gc,stats    ]    Subphase: Concurrent Roots OopStorageSet                0.004 / 0.005         0.004 / 0.041         0.004 / 0.041         0.004 / 0.041       ms
[460.041s][info][gc,stats    ]    Subphase: Concurrent Weak Roots OopStorageSet           0.039 / 0.053         0.038 / 0.120         0.038 / 0.120         0.038 / 0.120       ms
[460.041s][info][gc,stats    ]    Subphase: Pause Mark Try Complete                       0.000 / 0.000         0.000 / 0.000         0.000 / 0.000         0.000 / 0.000       ms
[460.041s][info][gc,stats    ]      System: Java Threads                                     16 / 16               16 / 20               16 / 20               16 / 20          threads
[460.041s][info][gc,stats    ] =========================================================================================================================================================
[461.441s][info][gc,start    ] GC(236) Garbage Collection (Proactive)
[461.441s][info][gc,phases   ] GC(236) Pause Mark Start 0.006ms
[461.464s][info][gc,phases   ] GC(236) Concurrent Mark 23.612ms
[461.464s][info][gc,phases   ] GC(236) Pause Mark End 0.009ms
[461.465s][info][gc,phases   ] GC(236) Concurrent Process Non-Strong References 0.456ms
[461.465s][info][gc,phases   ] GC(236) Concurrent Reset Relocation Set 0.002ms
[461.468s][info][gc,phases   ] GC(236) Concurrent Select Relocation Set 2.905ms
[461.468s][info][gc,phases   ] GC(236) Pause Relocate Start 0.004ms
[461.469s][info][gc,phases   ] GC(236) Concurrent Relocate 1.362ms
[461.469s][info][gc,load     ] GC(236) Load: 3.54/3.60/3.60
[461.469s][info][gc,mmu      ] GC(236) MMU: 2ms/98.2%, 5ms/99.3%, 10ms/99.6%, 20ms/99.8%, 50ms/99.9%, 100ms/100.0%
[461.469s][info][gc,marking  ] GC(236) Mark: 2 stripe(s), 2 proactive flush(es), 1 terminate flush(es), 0 completion(s), 0 continuation(s) 
[461.470s][info][gc,nmethod  ] GC(236) NMethods: 484 registered, 0 unregistered
[461.470s][info][gc,metaspace] GC(236) Metaspace: 0M used, 0M committed, 1032M reserved
[461.470s][info][gc,ref      ] GC(236) Soft: 82 encountered, 0 discovered, 0 enqueued
[461.470s][info][gc,ref      ] GC(236) Weak: 200 encountered, 59 discovered, 0 enqueued
[461.470s][info][gc,ref      ] GC(236) Final: 0 encountered, 0 discovered, 0 enqueued
[461.470s][info][gc,ref      ] GC(236) Phantom: 5 encountered, 3 discovered, 0 enqueued
[461.470s][info][gc,reloc    ] GC(236) Small Pages: 1429 / 2858M, Empty: 2702M, Relocated: 10M, In-Place: 0
[461.470s][info][gc,reloc    ] GC(236) Medium Pages: 0 / 0M, Empty: 0M, Relocated: 0M, In-Place: 0
[461.470s][info][gc,reloc    ] GC(236) Large Pages: 0 / 0M, Empty: 0M, Relocated: 0M, In-Place: 0
[461.470s][info][gc,reloc    ] GC(236) Forwarding Usage: 0M
[461.470s][info][gc,heap     ] GC(236) Min Capacity: 8192M(100%)
[461.470s][info][gc,heap     ] GC(236) Max Capacity: 8192M(100%)
[461.470s][info][gc,heap     ] GC(236) Soft Max Capacity: 8192M(100%)
[461.470s][info][gc,heap     ] GC(236)                Mark Start          Mark End        Relocate Start      Relocate End           High               Low         
[461.470s][info][gc,heap     ] GC(236)  Capacity:     8192M (100%)       8192M (100%)       8192M (100%)       8192M (100%)       8192M (100%)       8192M (100%)   
[461.470s][info][gc,heap     ] GC(236)      Free:     5334M (65%)        5310M (65%)        8004M (98%)        8014M (98%)        8014M (98%)        5310M (65%)    
[461.470s][info][gc,heap     ] GC(236)      Used:     2858M (35%)        2882M (35%)         188M (2%)          178M (2%)         2882M (35%)         178M (2%)     
[461.470s][info][gc,heap     ] GC(236)      Live:         -               132M (2%)          132M (2%)          132M (2%)             -                  -          
[461.470s][info][gc,heap     ] GC(236) Allocated:         -                24M (0%)           32M (0%)           32M (0%)             -                  -          
[461.470s][info][gc,heap     ] GC(236)   Garbage:         -              2725M (33%)          23M (0%)           13M (0%)             -                  -          
[461.470s][info][gc,heap     ] GC(236) Reclaimed:         -                  -              2702M (33%)        2712M (33%)            -                  -          
[461.470s][info][gc          ] GC(236) Garbage Collection (Proactive) 2858M(35%)->178M(2%)
[463.540s][info][gc,start    ] GC(237) Garbage Collection (Proactive)
[463.540s][info][gc,phases   ] GC(237) Pause Mark Start 0.007ms
[463.565s][info][gc,phases   ] GC(237) Concurrent Mark 24.417ms
[463.565s][info][gc,phases   ] GC(237) Pause Mark End 0.010ms
[463.566s][info][gc,phases   ] GC(237) Concurrent Process Non-Strong References 0.565ms
[463.566s][info][gc,phases   ] GC(237) Concurrent Reset Relocation Set 0.003ms
[463.569s][info][gc,phases   ] GC(237) Concurrent Select Relocation Set 3.011ms
[463.569s][info][gc,phases   ] GC(237) Pause Relocate Start 0.005ms
[463.570s][info][gc,phases   ] GC(237) Concurrent Relocate 1.099ms
[463.570s][info][gc,load     ] GC(237) Load: 3.54/3.60/3.60
[463.570s][info][gc,mmu      ] GC(237) MMU: 2ms/98.2%, 5ms/99.3%, 10ms/99.6%, 20ms/99.8%, 50ms/99.9%, 100ms/100.0%
[463.570s][info][gc,marking  ] GC(237) Mark: 2 stripe(s), 2 proactive flush(es), 1 terminate flush(es), 0 completion(s), 0 continuation(s) 
[463.570s][info][gc,nmethod  ] GC(237) NMethods: 484 registered, 0 unregistered
[463.570s][info][gc,metaspace] GC(237) Metaspace: 0M used, 0M committed, 1032M reserved
[463.570s][info][gc,ref      ] GC(237) Soft: 82 encountered, 0 discovered, 0 enqueued
[463.570s][info][gc,ref      ] GC(237) Weak: 200 encountered, 178 discovered, 0 enqueued
[463.570s][info][gc,ref      ] GC(237) Final: 0 encountered, 0 discovered, 0 enqueued
[463.570s][info][gc,ref      ] GC(237) Phantom: 5 encountered, 3 discovered, 0 enqueued
[463.570s][info][gc,reloc    ] GC(237) Small Pages: 1169 / 2338M, Empty: 2184M, Relocated: 8M, In-Place: 0
[463.570s][info][gc,reloc    ] GC(237) Medium Pages: 0 / 0M, Empty: 0M, Relocated: 0M, In-Place: 0
[463.570s][info][gc,reloc    ] GC(237) Large Pages: 0 / 0M, Empty: 0M, Relocated: 0M, In-Place: 0
[463.570s][info][gc,reloc    ] GC(237) Forwarding Usage: 0M
[463.570s][info][gc,heap     ] GC(237) Min Capacity: 8192M(100%)
[463.570s][info][gc,heap     ] GC(237) Max Capacity: 8192M(100%)
[463.570s][info][gc,heap     ] GC(237) Soft Max Capacity: 8192M(100%)
[463.570s][info][gc,heap     ] GC(237)                Mark Start          Mark End        Relocate Start      Relocate End           High               Low         
[463.570s][info][gc,heap     ] GC(237)  Capacity:     8192M (100%)       8192M (100%)       8192M (100%)       8192M (100%)       8192M (100%)       8192M (100%)   
[463.570s][info][gc,heap     ] GC(237)      Free:     5854M (71%)        5830M (71%)        8004M (98%)        8010M (98%)        8010M (98%)        5828M (71%)    
[463.570s][info][gc,heap     ] GC(237)      Used:     2338M (29%)        2362M (29%)         188M (2%)          182M (2%)         2364M (29%)         182M (2%)     
[463.570s][info][gc,heap     ] GC(237)      Live:         -               132M (2%)          132M (2%)          132M (2%)             -                  -          
[463.570s][info][gc,heap     ] GC(237) Allocated:         -                24M (0%)           34M (0%)           34M (0%)             -                  -          
[463.570s][info][gc,heap     ] GC(237)   Garbage:         -              2205M (27%)          21M (0%)           15M (0%)             -                  -          
[463.570s][info][gc,heap     ] GC(237) Reclaimed:         -                  -              2184M (27%)        2190M (27%)            -                  -          
[463.570s][info][gc          ] GC(237) Garbage Collection (Proactive) 2338M(29%)->182M(2%)
[465.440s][info][gc,start    ] GC(238) Garbage Collection (Proactive)
[465.441s][info][gc,phases   ] GC(238) Pause Mark Start 0.006ms
[465.466s][info][gc,phases   ] GC(238) Concurrent Mark 25.101ms
[465.466s][info][gc,phases   ] GC(238) Pause Mark End 0.024ms
[465.467s][info][gc,phases   ] GC(238) Concurrent Process Non-Strong References 0.508ms
[465.467s][info][gc,phases   ] GC(238) Concurrent Reset Relocation Set 0.002ms
[465.470s][info][gc,phases   ] GC(238) Concurrent Select Relocation Set 2.997ms
[465.470s][info][gc,phases   ] GC(238) Pause Relocate Start 0.003ms
[465.470s][info][gc,phases   ] GC(238) Concurrent Relocate 0.641ms
[465.470s][info][gc,load     ] GC(238) Load: 3.54/3.60/3.60
[465.470s][info][gc,mmu      ] GC(238) MMU: 2ms/98.2%, 5ms/99.3%, 10ms/99.6%, 20ms/99.8%, 50ms/99.9%, 100ms/100.0%
[465.470s][info][gc,marking  ] GC(238) Mark: 2 stripe(s), 2 proactive flush(es), 1 terminate flush(es), 0 completion(s), 0 continuation(s) 
[465.470s][info][gc,nmethod  ] GC(238) NMethods: 484 registered, 0 unregistered
[465.470s][info][gc,metaspace] GC(238) Metaspace: 0M used, 0M committed, 1032M reserved
[465.470s][info][gc,ref      ] GC(238) Soft: 82 encountered, 0 discovered, 0 enqueued
[465.470s][info][gc,ref      ] GC(238) Weak: 200 encountered, 178 discovered, 0 enqueued
[465.470s][info][gc,ref      ] GC(238) Final: 0 encountered, 0 discovered, 0 enqueued
[465.470s][info][gc,ref      ] GC(238) Phantom: 5 encountered, 3 discovered, 0 enqueued
[465.470s][info][gc,reloc    ] GC(238) Small Pages: 1066 / 2132M, Empty: 1974M, Relocated: 4M, In-Place: 0
[465.471s][info][gc,reloc    ] GC(238) Medium Pages: 0 / 0M, Empty: 0M, Relocated: 0M, In-Place: 0
[465.471s][info][gc,reloc    ] GC(238) Large Pages: 0 / 0M, Empty: 0M, Relocated: 0M, In-Place: 0
[465.471s][info][gc,reloc    ] GC(238) Forwarding Usage: 0M
[465.471s][info][gc,heap     ] GC(238) Min Capacity: 8192M(100%)
[465.471s][info][gc,heap     ] GC(238) Max Capacity: 8192M(100%)
[465.471s][info][gc,heap     ] GC(238) Soft Max Capacity: 8192M(100%)
[465.471s][info][gc,heap     ] GC(238)                Mark Start          Mark End        Relocate Start      Relocate End           High               Low         
[465.471s][info][gc,heap     ] GC(238)  Capacity:     8192M (100%)       8192M (100%)       8192M (100%)       8192M (100%)       8192M (100%)       8192M (100%)   
[465.471s][info][gc,heap     ] GC(238)      Free:     6060M (74%)        6028M (74%)        8000M (98%)        8006M (98%)        8006M (98%)        6026M (74%)    
[465.471s][info][gc,heap     ] GC(238)      Used:     2132M (26%)        2164M (26%)         192M (2%)          186M (2%)         2166M (26%)         186M (2%)     
[465.471s][info][gc,heap     ] GC(238)      Live:         -               132M (2%)          132M (2%)          132M (2%)             -                  -          
[465.471s][info][gc,heap     ] GC(238) Allocated:         -                32M (0%)           34M (0%)           38M (0%)             -                  -          
[465.471s][info][gc,heap     ] GC(238)   Garbage:         -              1999M (24%)          25M (0%)           15M (0%)             -                  -          
[465.471s][info][gc,heap     ] GC(238) Reclaimed:         -                  -              1974M (24%)        1984M (24%)            -                  -          
[465.471s][info][gc          ] GC(238) Garbage Collection (Proactive) 2132M(26%)->186M(2%)
[467.141s][info][gc,start    ] GC(239) Garbage Collection (Proactive)
[467.141s][info][gc,phases   ] GC(239) Pause Mark Start 0.004ms
[467.162s][info][gc,phases   ] GC(239) Concurrent Mark 20.970ms
[467.162s][info][gc,phases   ] GC(239) Pause Mark End 0.007ms
[467.162s][info][gc,phases   ] GC(239) Concurrent Process Non-Strong References 0.364ms
[467.162s][info][gc,phases   ] GC(239) Concurrent Reset Relocation Set 0.001ms
[467.165s][info][gc,phases   ] GC(239) Concurrent Select Relocation Set 2.252ms
[467.165s][info][gc,phases   ] GC(239) Pause Relocate Start 0.003ms
[467.165s][info][gc,phases   ] GC(239) Concurrent Relocate 0.400ms
[467.165s][info][gc,load     ] GC(239) Load: 3.73/3.64/3.61
[467.165s][info][gc,mmu      ] GC(239) MMU: 2ms/98.2%, 5ms/99.3%, 10ms/99.6%, 20ms/99.8%, 50ms/99.9%, 100ms/100.0%
[467.165s][info][gc,marking  ] GC(239) Mark: 2 stripe(s), 2 proactive flush(es), 1 terminate flush(es), 0 completion(s), 0 continuation(s) 
[467.165s][info][gc,nmethod  ] GC(239) NMethods: 484 registered, 0 unregistered
[467.165s][info][gc,metaspace] GC(239) Metaspace: 0M used, 0M committed, 1032M reserved
[467.165s][info][gc,ref      ] GC(239) Soft: 82 encountered, 0 discovered, 0 enqueued
[467.165s][info][gc,ref      ] GC(239) Weak: 200 encountered, 8 discovered, 0 enqueued
[467.165s][info][gc,ref      ] GC(239) Final: 0 encountered, 0 discovered, 0 enqueued
[467.165s][info][gc,ref      ] GC(239) Phantom: 5 encountered, 5 discovered, 0 enqueued
[467.165s][info][gc,reloc    ] GC(239) Small Pages: 964 / 1928M, Empty: 1766M, Relocated: 3M, In-Place: 0
[467.165s][info][gc,reloc    ] GC(239) Medium Pages: 0 / 0M, Empty: 0M, Relocated: 0M, In-Place: 0
[467.165s][info][gc,reloc    ] GC(239) Large Pages: 0 / 0M, Empty: 0M, Relocated: 0M, In-Place: 0
[467.165s][info][gc,reloc    ] GC(239) Forwarding Usage: 0M
[467.165s][info][gc,heap     ] GC(239) Min Capacity: 8192M(100%)
[467.165s][info][gc,heap     ] GC(239) Max Capacity: 8192M(100%)
[467.165s][info][gc,heap     ] GC(239) Soft Max Capacity: 8192M(100%)
[467.165s][info][gc,heap     ] GC(239)                Mark Start          Mark End        Relocate Start      Relocate End           High               Low         
[467.165s][info][gc,heap     ] GC(239)  Capacity:     8192M (100%)       8192M (100%)       8192M (100%)       8192M (100%)       8192M (100%)       8192M (100%)   
[467.165s][info][gc,heap     ] GC(239)      Free:     6264M (76%)        6240M (76%)        8006M (98%)        8022M (98%)        8022M (98%)        6240M (76%)    
[467.165s][info][gc,heap     ] GC(239)      Used:     1928M (24%)        1952M (24%)         186M (2%)          170M (2%)         1952M (24%)         170M (2%)     
[467.165s][info][gc,heap     ] GC(239)      Live:         -               132M (2%)          132M (2%)          132M (2%)             -                  -          
[467.165s][info][gc,heap     ] GC(239) Allocated:         -                24M (0%)           24M (0%)           24M (0%)             -                  -          
[467.165s][info][gc,heap     ] GC(239)   Garbage:         -              1795M (22%)          29M (0%)           13M (0%)             -                  -          
[467.165s][info][gc,heap     ] GC(239) Reclaimed:         -                  -              1766M (22%)        1782M (22%)            -                  -          
[467.165s][info][gc          ] GC(239) Garbage Collection (Proactive) 1928M(24%)->170M(2%)
[468.940s][info][gc,start    ] GC(240) Garbage Collection (Proactive)
[468.940s][info][gc,phases   ] GC(240) Pause Mark Start 0.006ms
[468.964s][info][gc,phases   ] GC(240) Concurrent Mark 24.417ms
[468.964s][info][gc,phases   ] GC(240) Pause Mark End 0.009ms
[468.965s][info][gc,phases   ] GC(240) Concurrent Process Non-Strong References 0.398ms
[468.965s][info][gc,phases   ] GC(240) Concurrent Reset Relocation Set 0.002ms
[468.968s][info][gc,phases   ] GC(240) Concurrent Select Relocation Set 2.932ms
[468.968s][info][gc,phases   ] GC(240) Pause Relocate Start 0.005ms
[468.969s][info][gc,phases   ] GC(240) Concurrent Relocate 0.715ms
[468.969s][info][gc,load     ] GC(240) Load: 3.73/3.64/3.61
[468.969s][info][gc,mmu      ] GC(240) MMU: 2ms/98.2%, 5ms/99.3%, 10ms/99.6%, 20ms/99.8%, 50ms/99.9%, 100ms/100.0%
[468.969s][info][gc,marking  ] GC(240) Mark: 2 stripe(s), 2 proactive flush(es), 1 terminate flush(es), 0 completion(s), 0 continuation(s) 
[468.969s][info][gc,nmethod  ] GC(240) NMethods: 484 registered, 0 unregistered
[468.969s][info][gc,metaspace] GC(240) Metaspace: 0M used, 0M committed, 1032M reserved
[468.969s][info][gc,ref      ] GC(240) Soft: 82 encountered, 0 discovered, 0 enqueued
[468.969s][info][gc,ref      ] GC(240) Weak: 200 encountered, 62 discovered, 0 enqueued
[468.969s][info][gc,ref      ] GC(240) Final: 0 encountered, 0 discovered, 0 enqueued
[468.969s][info][gc,ref      ] GC(240) Phantom: 5 encountered, 3 discovered, 0 enqueued
[468.969s][info][gc,reloc    ] GC(240) Small Pages: 1013 / 2026M, Empty: 1870M, Relocated: 5M, In-Place: 0
[468.969s][info][gc,reloc    ] GC(240) Medium Pages: 0 / 0M, Empty: 0M, Relocated: 0M, In-Place: 0
[468.969s][info][gc,reloc    ] GC(240) Large Pages: 0 / 0M, Empty: 0M, Relocated: 0M, In-Place: 0
[468.969s][info][gc,reloc    ] GC(240) Forwarding Usage: 0M
[468.969s][info][gc,heap     ] GC(240) Min Capacity: 8192M(100%)
[468.969s][info][gc,heap     ] GC(240) Max Capacity: 8192M(100%)
[468.969s][info][gc,heap     ] GC(240) Soft Max Capacity: 8192M(100%)
[468.969s][info][gc,heap     ] GC(240)                Mark Start          Mark End        Relocate Start      Relocate End           High               Low         
[468.969s][info][gc,heap     ] GC(240)  Capacity:     8192M (100%)       8192M (100%)       8192M (100%)       8192M (100%)       8192M (100%)       8192M (100%)   
[468.969s][info][gc,heap     ] GC(240)      Free:     6166M (75%)        6142M (75%)        8004M (98%)        8010M (98%)        8010M (98%)        6142M (75%)    
[468.969s][info][gc,heap     ] GC(240)      Used:     2026M (25%)        2050M (25%)         188M (2%)          182M (2%)         2050M (25%)         182M (2%)     
[468.969s][info][gc,heap     ] GC(240)      Live:         -               132M (2%)          132M (2%)          132M (2%)             -                  -          
[468.969s][info][gc,heap     ] GC(240) Allocated:         -                24M (0%)           32M (0%)           34M (0%)             -                  -          
[468.969s][info][gc,heap     ] GC(240)   Garbage:         -              1893M (23%)          23M (0%)           15M (0%)             -                  -          
[468.969s][info][gc,heap     ] GC(240) Reclaimed:         -                  -              1870M (23%)        1878M (23%)            -                  -          
[468.969s][info][gc          ] GC(240) Garbage Collection (Proactive) 2026M(25%)->182M(2%)
[470.039s][info][gc,stats    ] === Garbage Collection Statistics =======================================================================================================================
[470.039s][info][gc,stats    ]                                                              Last 10s              Last 10m              Last 10h                Total
[470.040s][info][gc,stats    ]                                                              Avg / Max             Avg / Max             Avg / Max             Avg / Max
[470.040s][info][gc,stats    ]   Collector: Garbage Collection Cycle                     28.417 / 29.984       30.981 / 95.920       30.981 / 95.920       30.981 / 95.920      ms
[470.040s][info][gc,stats    ]  Contention: Mark Segment Reset Contention                     0 / 1                 0 / 4                 0 / 4                 0 / 4           ops/s
[470.040s][info][gc,stats    ]  Contention: Mark SeqNum Reset Contention                      0 / 0                 0 / 1                 0 / 1                 0 / 1           ops/s
[470.040s][info][gc,stats    ]    Critical: Allocation Stall                                  0 / 0                 0 / 0                 0 / 0                 0 / 0           ops/s
[470.040s][info][gc,stats    ]    Critical: Allocation Stall                              0.000 / 0.000         0.000 / 0.000         0.000 / 0.000         0.000 / 0.000       ms
[470.040s][info][gc,stats    ]    Critical: GC Locker Stall                                   0 / 0                 0 / 0                 0 / 0                 0 / 0           ops/s
[470.040s][info][gc,stats    ]    Critical: GC Locker Stall                               0.000 / 0.000         0.000 / 0.000         0.000 / 0.000         0.000 / 0.000       ms
[470.040s][info][gc,stats    ]    Critical: Relocation Stall                                  0 / 0                 0 / 0                 0 / 0                 0 / 0           ops/s
[470.040s][info][gc,stats    ]    Critical: Relocation Stall                              0.000 / 0.000         0.000 / 0.000         0.000 / 0.000         0.000 / 0.000       ms
[470.040s][info][gc,stats    ]      Memory: Allocation Rate                                1044 / 1050           1061 / 9212           1061 / 9212           1061 / 9212        MB/s
[470.040s][info][gc,stats    ]      Memory: Out Of Memory                                     0 / 0                 0 / 0                 0 / 0                 0 / 0           ops/s
[470.040s][info][gc,stats    ]      Memory: Page Cache Flush                                  0 / 0                 0 / 0                 0 / 0                 0 / 0           MB/s
[470.040s][info][gc,stats    ]      Memory: Page Cache Hit L1                               524 / 530             520 / 533             520 / 533             520 / 533         ops/s
[470.040s][info][gc,stats    ]      Memory: Page Cache Hit L2                                 0 / 0                 0 / 0                 0 / 0                 0 / 0           ops/s
[470.040s][info][gc,stats    ]      Memory: Page Cache Hit L3                                 0 / 0                 3 / 486               3 / 486               3 / 486         ops/s
[470.040s][info][gc,stats    ]      Memory: Page Cache Miss                                   0 / 0                 0 / 1                 0 / 1                 0 / 1           ops/s
[470.040s][info][gc,stats    ]      Memory: Uncommit                                          0 / 0                 0 / 0                 0 / 0                 0 / 0           MB/s
[470.040s][info][gc,stats    ]      Memory: Undo Object Allocation Failed                     0 / 0                 0 / 0                 0 / 0                 0 / 0           ops/s
[470.040s][info][gc,stats    ]      Memory: Undo Object Allocation Succeeded                  0 / 0                 0 / 6                 0 / 6                 0 / 6           ops/s
[470.040s][info][gc,stats    ]      Memory: Undo Page Allocation                              0 / 0                 0 / 1                 0 / 1                 0 / 1           ops/s
[470.040s][info][gc,stats    ]       Phase: Concurrent Mark                              23.703 / 25.101       26.061 / 65.214       26.061 / 65.214       26.061 / 65.214      ms
[470.040s][info][gc,stats    ]       Phase: Concurrent Mark Continue                      0.000 / 0.000         0.000 / 0.000         0.000 / 0.000         0.000 / 0.000       ms
[470.040s][info][gc,stats    ]       Phase: Concurrent Process Non-Strong References      0.458 / 0.565         0.454 / 0.911         0.454 / 0.911         0.454 / 0.911       ms
[470.040s][info][gc,stats    ]       Phase: Concurrent Relocate                           0.844 / 1.362         0.934 / 16.651        0.934 / 16.651        0.934 / 16.651      ms
[470.040s][info][gc,stats    ]       Phase: Concurrent Reset Relocation Set               0.002 / 0.003         0.002 / 0.098         0.002 / 0.098         0.002 / 0.098       ms
[470.040s][info][gc,stats    ]       Phase: Concurrent Select Relocation Set              2.820 / 3.011         2.884 / 12.567        2.884 / 12.567        2.884 / 12.567      ms
[470.040s][info][gc,stats    ]       Phase: Pause Mark End                                0.012 / 0.024         0.009 / 0.025         0.009 / 0.025         0.009 / 0.025       ms
[470.040s][info][gc,stats    ]       Phase: Pause Mark Start                              0.006 / 0.007         0.006 / 0.036         0.006 / 0.036         0.006 / 0.036       ms
[470.040s][info][gc,stats    ]       Phase: Pause Relocate Start                          0.004 / 0.005         0.004 / 0.026         0.004 / 0.026         0.004 / 0.026       ms
[470.040s][info][gc,stats    ]    Subphase: Concurrent Classes Purge                      0.036 / 0.056         0.030 / 0.102         0.030 / 0.102         0.030 / 0.102       ms
[470.040s][info][gc,stats    ]    Subphase: Concurrent Classes Unlink                     0.289 / 0.335         0.294 / 0.571         0.294 / 0.571         0.294 / 0.571       ms
[470.040s][info][gc,stats    ]    Subphase: Concurrent Mark                              22.947 / 24.710       25.261 / 64.907       25.261 / 64.907       25.261 / 64.907      ms
[470.040s][info][gc,stats    ]    Subphase: Concurrent Mark Idle                          1.131 / 1.243         1.196 / 1.347         1.196 / 1.347         1.196 / 1.347       ms
[470.040s][info][gc,stats    ]    Subphase: Concurrent Mark Try Flush                     0.032 / 0.050         0.034 / 0.135         0.034 / 0.135         0.034 / 0.135       ms
[470.040s][info][gc,stats    ]    Subphase: Concurrent Mark Try Terminate                 0.432 / 1.244         0.440 / 1.361         0.440 / 1.361         0.440 / 1.361       ms
[470.040s][info][gc,stats    ]    Subphase: Concurrent References Enqueue                 0.002 / 0.008         0.000 / 0.008         0.000 / 0.008         0.000 / 0.008       ms
[470.040s][info][gc,stats    ]    Subphase: Concurrent References Process                 0.027 / 0.040         0.026 / 0.095         0.026 / 0.095         0.026 / 0.095       ms
[470.040s][info][gc,stats    ]    Subphase: Concurrent Roots ClassLoaderDataGraph         0.017 / 0.041         0.017 / 0.132         0.017 / 0.132         0.017 / 0.132       ms
[470.040s][info][gc,stats    ]    Subphase: Concurrent Roots CodeCache                    0.000 / 0.000         0.000 / 0.000         0.000 / 0.000         0.000 / 0.000       ms
[470.040s][info][gc,stats    ]    Subphase: Concurrent Roots JavaThreads                  0.216 / 0.303         0.210 / 0.485         0.210 / 0.485         0.210 / 0.485       ms
[470.040s][info][gc,stats    ]    Subphase: Concurrent Roots OopStorageSet                0.004 / 0.006         0.004 / 0.041         0.004 / 0.041         0.004 / 0.041       ms
[470.040s][info][gc,stats    ]    Subphase: Concurrent Weak Roots OopStorageSet           0.037 / 0.045         0.038 / 0.120         0.038 / 0.120         0.038 / 0.120       ms
[470.040s][info][gc,stats    ]    Subphase: Pause Mark Try Complete                       0.000 / 0.000         0.000 / 0.000         0.000 / 0.000         0.000 / 0.000       ms
[470.040s][info][gc,stats    ]      System: Java Threads                                     16 / 16               16 / 20               16 / 20               16 / 20          threads
[470.040s][info][gc,stats    ] =========================================================================================================================================================
[470.740s][info][gc,start    ] GC(241) Garbage Collection (Proactive)
[470.740s][info][gc,phases   ] GC(241) Pause Mark Start 0.005ms
[470.766s][info][gc,phases   ] GC(241) Concurrent Mark 25.491ms
[470.766s][info][gc,phases   ] GC(241) Pause Mark End 0.009ms
[470.767s][info][gc,phases   ] GC(241) Concurrent Process Non-Strong References 0.685ms
[470.767s][info][gc,phases   ] GC(241) Concurrent Reset Relocation Set 0.002ms
[470.770s][info][gc,phases   ] GC(241) Concurrent Select Relocation Set 3.234ms
[470.770s][info][gc,phases   ] GC(241) Pause Relocate Start 0.006ms
[470.771s][info][gc,phases   ] GC(241) Concurrent Relocate 0.908ms
[470.771s][info][gc,load     ] GC(241) Load: 3.73/3.64/3.61
[470.771s][info][gc,mmu      ] GC(241) MMU: 2ms/98.2%, 5ms/99.3%, 10ms/99.6%, 20ms/99.8%, 50ms/99.9%, 100ms/100.0%
[470.771s][info][gc,marking  ] GC(241) Mark: 2 stripe(s), 2 proactive flush(es), 1 terminate flush(es), 0 completion(s), 0 continuation(s) 
[470.771s][info][gc,nmethod  ] GC(241) NMethods: 484 registered, 0 unregistered
[470.771s][info][gc,metaspace] GC(241) Metaspace: 0M used, 0M committed, 1032M reserved
[470.771s][info][gc,ref      ] GC(241) Soft: 82 encountered, 0 discovered, 0 enqueued
[470.771s][info][gc,ref      ] GC(241) Weak: 200 encountered, 54 discovered, 0 enqueued
[470.771s][info][gc,ref      ] GC(241) Final: 0 encountered, 0 discovered, 0 enqueued
[470.771s][info][gc,ref      ] GC(241) Phantom: 5 encountered, 5 discovered, 0 enqueued
[470.771s][info][gc,reloc    ] GC(241) Small Pages: 1014 / 2028M, Empty: 1872M, Relocated: 5M, In-Place: 0
[470.771s][info][gc,reloc    ] GC(241) Medium Pages: 0 / 0M, Empty: 0M, Relocated: 0M, In-Place: 0
[470.771s][info][gc,reloc    ] GC(241) Large Pages: 0 / 0M, Empty: 0M, Relocated: 0M, In-Place: 0
[470.771s][info][gc,reloc    ] GC(241) Forwarding Usage: 0M
[470.771s][info][gc,heap     ] GC(241) Min Capacity: 8192M(100%)
[470.771s][info][gc,heap     ] GC(241) Max Capacity: 8192M(100%)
[470.771s][info][gc,heap     ] GC(241) Soft Max Capacity: 8192M(100%)
[470.771s][info][gc,heap     ] GC(241)                Mark Start          Mark End        Relocate Start      Relocate End           High               Low         
[470.771s][info][gc,heap     ] GC(241)  Capacity:     8192M (100%)       8192M (100%)       8192M (100%)       8192M (100%)       8192M (100%)       8192M (100%)   
[470.771s][info][gc,heap     ] GC(241)      Free:     6164M (75%)        6140M (75%)        8004M (98%)        8010M (98%)        8010M (98%)        6132M (75%)    
[470.771s][info][gc,heap     ] GC(241)      Used:     2028M (25%)        2052M (25%)         188M (2%)          182M (2%)         2060M (25%)         182M (2%)     
[470.771s][info][gc,heap     ] GC(241)      Live:         -               132M (2%)          132M (2%)          132M (2%)             -                  -          
[470.771s][info][gc,heap     ] GC(241) Allocated:         -                24M (0%)           32M (0%)           34M (0%)             -                  -          
[470.771s][info][gc,heap     ] GC(241)   Garbage:         -              1895M (23%)          23M (0%)           15M (0%)             -                  -          
[470.771s][info][gc,heap     ] GC(241) Reclaimed:         -                  -              1872M (23%)        1880M (23%)            -                  -          
[470.771s][info][gc          ] GC(241) Garbage Collection (Proactive) 2028M(25%)->182M(2%)
[472.539s][info][gc,start    ] GC(242) Garbage Collection (Proactive)
[472.539s][info][gc,phases   ] GC(242) Pause Mark Start 0.005ms
[472.562s][info][gc,phases   ] GC(242) Concurrent Mark 22.935ms
[472.562s][info][gc,phases   ] GC(242) Pause Mark End 0.008ms
[472.563s][info][gc,phases   ] GC(242) Concurrent Process Non-Strong References 0.403ms
[472.563s][info][gc,phases   ] GC(242) Concurrent Reset Relocation Set 0.001ms
[472.566s][info][gc,phases   ] GC(242) Concurrent Select Relocation Set 2.797ms
[472.566s][info][gc,phases   ] GC(242) Pause Relocate Start 0.003ms
[472.567s][info][gc,phases   ] GC(242) Concurrent Relocate 0.925ms
[472.567s][info][gc,load     ] GC(242) Load: 4.07/3.71/3.64
[472.567s][info][gc,mmu      ] GC(242) MMU: 2ms/98.2%, 5ms/99.3%, 10ms/99.6%, 20ms/99.8%, 50ms/99.9%, 100ms/100.0%
[472.567s][info][gc,marking  ] GC(242) Mark: 2 stripe(s), 2 proactive flush(es), 1 terminate flush(es), 0 completion(s), 0 continuation(s) 
[472.567s][info][gc,nmethod  ] GC(242) NMethods: 484 registered, 0 unregistered
[472.567s][info][gc,metaspace] GC(242) Metaspace: 0M used, 0M committed, 1032M reserved
[472.567s][info][gc,ref      ] GC(242) Soft: 82 encountered, 0 discovered, 0 enqueued
[472.567s][info][gc,ref      ] GC(242) Weak: 200 encountered, 61 discovered, 0 enqueued
[472.567s][info][gc,ref      ] GC(242) Final: 0 encountered, 0 discovered, 0 enqueued
[472.567s][info][gc,ref      ] GC(242) Phantom: 5 encountered, 4 discovered, 0 enqueued
[472.567s][info][gc,reloc    ] GC(242) Small Pages: 1014 / 2028M, Empty: 1872M, Relocated: 5M, In-Place: 0
[472.567s][info][gc,reloc    ] GC(242) Medium Pages: 0 / 0M, Empty: 0M, Relocated: 0M, In-Place: 0
[472.567s][info][gc,reloc    ] GC(242) Large Pages: 0 / 0M, Empty: 0M, Relocated: 0M, In-Place: 0
[472.567s][info][gc,reloc    ] GC(242) Forwarding Usage: 0M
[472.567s][info][gc,heap     ] GC(242) Min Capacity: 8192M(100%)
[472.567s][info][gc,heap     ] GC(242) Max Capacity: 8192M(100%)
[472.567s][info][gc,heap     ] GC(242) Soft Max Capacity: 8192M(100%)
[472.567s][info][gc,heap     ] GC(242)                Mark Start          Mark End        Relocate Start      Relocate End           High               Low         
[472.567s][info][gc,heap     ] GC(242)  Capacity:     8192M (100%)       8192M (100%)       8192M (100%)       8192M (100%)       8192M (100%)       8192M (100%)   
[472.567s][info][gc,heap     ] GC(242)      Free:     6164M (75%)        6140M (75%)        8012M (98%)        8012M (98%)        8014M (98%)        6140M (75%)    
[472.567s][info][gc,heap     ] GC(242)      Used:     2028M (25%)        2052M (25%)         180M (2%)          180M (2%)         2052M (25%)         178M (2%)     
[472.567s][info][gc,heap     ] GC(242)      Live:         -               132M (2%)          132M (2%)          132M (2%)             -                  -          
[472.567s][info][gc,heap     ] GC(242) Allocated:         -                24M (0%)           24M (0%)           32M (0%)             -                  -          
[472.567s][info][gc,heap     ] GC(242)   Garbage:         -              1895M (23%)          23M (0%)           15M (0%)             -                  -          
[472.567s][info][gc,heap     ] GC(242) Reclaimed:         -                  -              1872M (23%)        1880M (23%)            -                  -          
[472.567s][info][gc          ] GC(242) Garbage Collection (Proactive) 2028M(25%)->180M(2%)
[474.240s][info][gc,start    ] GC(243) Garbage Collection (Proactive)
[474.240s][info][gc,phases   ] GC(243) Pause Mark Start 0.004ms
[474.263s][info][gc,phases   ] GC(243) Concurrent Mark 22.335ms
[474.263s][info][gc,phases   ] GC(243) Pause Mark End 0.008ms
[474.263s][info][gc,phases   ] GC(243) Concurrent Process Non-Strong References 0.419ms
[474.263s][info][gc,phases   ] GC(243) Concurrent Reset Relocation Set 0.001ms
[474.266s][info][gc,phases   ] GC(243) Concurrent Select Relocation Set 2.453ms
[474.266s][info][gc,phases   ] GC(243) Pause Relocate Start 0.003ms
[474.267s][info][gc,phases   ] GC(243) Concurrent Relocate 0.881ms
[474.267s][info][gc,load     ] GC(243) Load: 4.07/3.71/3.64
[474.267s][info][gc,mmu      ] GC(243) MMU: 2ms/98.2%, 5ms/99.3%, 10ms/99.6%, 20ms/99.8%, 50ms/99.9%, 100ms/100.0%
[474.267s][info][gc,marking  ] GC(243) Mark: 2 stripe(s), 2 proactive flush(es), 1 terminate flush(es), 0 completion(s), 0 continuation(s) 
[474.267s][info][gc,nmethod  ] GC(243) NMethods: 484 registered, 0 unregistered
[474.267s][info][gc,metaspace] GC(243) Metaspace: 0M used, 0M committed, 1032M reserved
[474.267s][info][gc,ref      ] GC(243) Soft: 82 encountered, 0 discovered, 0 enqueued
[474.267s][info][gc,ref      ] GC(243) Weak: 200 encountered, 51 discovered, 0 enqueued
[474.267s][info][gc,ref      ] GC(243) Final: 0 encountered, 0 discovered, 0 enqueued
[474.267s][info][gc,ref      ] GC(243) Phantom: 5 encountered, 3 discovered, 0 enqueued
[474.267s][info][gc,reloc    ] GC(243) Small Pages: 962 / 1924M, Empty: 1764M, Relocated: 5M, In-Place: 0
[474.267s][info][gc,reloc    ] GC(243) Medium Pages: 0 / 0M, Empty: 0M, Relocated: 0M, In-Place: 0
[474.267s][info][gc,reloc    ] GC(243) Large Pages: 0 / 0M, Empty: 0M, Relocated: 0M, In-Place: 0
[474.267s][info][gc,reloc    ] GC(243) Forwarding Usage: 0M
[474.267s][info][gc,heap     ] GC(243) Min Capacity: 8192M(100%)
[474.267s][info][gc,heap     ] GC(243) Max Capacity: 8192M(100%)
[474.267s][info][gc,heap     ] GC(243) Soft Max Capacity: 8192M(100%)
[474.267s][info][gc,heap     ] GC(243)                Mark Start          Mark End        Relocate Start      Relocate End           High               Low         
[474.267s][info][gc,heap     ] GC(243)  Capacity:     8192M (100%)       8192M (100%)       8192M (100%)       8192M (100%)       8192M (100%)       8192M (100%)   
[474.267s][info][gc,heap     ] GC(243)      Free:     6268M (77%)        6244M (76%)        8008M (98%)        8014M (98%)        8018M (98%)        6244M (76%)    
[474.267s][info][gc,heap     ] GC(243)      Used:     1924M (23%)        1948M (24%)         184M (2%)          178M (2%)         1948M (24%)         174M (2%)     
[474.267s][info][gc,heap     ] GC(243)      Live:         -               132M (2%)          132M (2%)          132M (2%)             -                  -          
[474.267s][info][gc,heap     ] GC(243) Allocated:         -                24M (0%)           24M (0%)           32M (0%)             -                  -          
[474.267s][info][gc,heap     ] GC(243)   Garbage:         -              1791M (22%)          27M (0%)           13M (0%)             -                  -          
[474.267s][info][gc,heap     ] GC(243) Reclaimed:         -                  -              1764M (22%)        1778M (22%)            -                  -          
[474.267s][info][gc          ] GC(243) Garbage Collection (Proactive) 1924M(23%)->178M(2%)
[475.840s][info][gc,start    ] GC(244) Garbage Collection (Proactive)
[475.840s][info][gc,phases   ] GC(244) Pause Mark Start 0.005ms
[475.861s][info][gc,phases   ] GC(244) Concurrent Mark 21.218ms
[475.861s][info][gc,phases   ] GC(244) Pause Mark End 0.008ms
[475.862s][info][gc,phases   ] GC(244) Concurrent Process Non-Strong References 0.387ms
[475.862s][info][gc,phases   ] GC(244) Concurrent Reset Relocation Set 0.002ms
[475.864s][info][gc,phases   ] GC(244) Concurrent Select Relocation Set 2.605ms
[475.864s][info][gc,phases   ] GC(244) Pause Relocate Start 0.003ms
[475.865s][info][gc,phases   ] GC(244) Concurrent Relocate 0.634ms
[475.865s][info][gc,load     ] GC(244) Load: 4.07/3.71/3.64
[475.865s][info][gc,mmu      ] GC(244) MMU: 2ms/98.2%, 5ms/99.3%, 10ms/99.6%, 20ms/99.8%, 50ms/99.9%, 100ms/100.0%
[475.865s][info][gc,marking  ] GC(244) Mark: 2 stripe(s), 2 proactive flush(es), 1 terminate flush(es), 0 completion(s), 0 continuation(s) 
[475.865s][info][gc,nmethod  ] GC(244) NMethods: 484 registered, 0 unregistered
[475.865s][info][gc,metaspace] GC(244) Metaspace: 0M used, 0M committed, 1032M reserved
[475.865s][info][gc,ref      ] GC(244) Soft: 82 encountered, 0 discovered, 0 enqueued
[475.865s][info][gc,ref      ] GC(244) Weak: 200 encountered, 59 discovered, 0 enqueued
[475.865s][info][gc,ref      ] GC(244) Final: 0 encountered, 0 discovered, 0 enqueued
[475.865s][info][gc,ref      ] GC(244) Phantom: 5 encountered, 3 discovered, 0 enqueued
[475.865s][info][gc,reloc    ] GC(244) Small Pages: 909 / 1818M, Empty: 1658M, Relocated: 5M, In-Place: 0
[475.865s][info][gc,reloc    ] GC(244) Medium Pages: 0 / 0M, Empty: 0M, Relocated: 0M, In-Place: 0
[475.865s][info][gc,reloc    ] GC(244) Large Pages: 0 / 0M, Empty: 0M, Relocated: 0M, In-Place: 0
[475.865s][info][gc,reloc    ] GC(244) Forwarding Usage: 0M
[475.865s][info][gc,heap     ] GC(244) Min Capacity: 8192M(100%)
[475.865s][info][gc,heap     ] GC(244) Max Capacity: 8192M(100%)
[475.865s][info][gc,heap     ] GC(244) Soft Max Capacity: 8192M(100%)
[475.865s][info][gc,heap     ] GC(244)                Mark Start          Mark End        Relocate Start      Relocate End           High               Low         
[475.865s][info][gc,heap     ] GC(244)  Capacity:     8192M (100%)       8192M (100%)       8192M (100%)       8192M (100%)       8192M (100%)       8192M (100%)   
[475.865s][info][gc,heap     ] GC(244)      Free:     6374M (78%)        6350M (78%)        8008M (98%)        8020M (98%)        8020M (98%)        6350M (78%)    
[475.865s][info][gc,heap     ] GC(244)      Used:     1818M (22%)        1842M (22%)         184M (2%)          172M (2%)         1842M (22%)         172M (2%)     
[475.865s][info][gc,heap     ] GC(244)      Live:         -               132M (2%)          132M (2%)          132M (2%)             -                  -          
[475.865s][info][gc,heap     ] GC(244) Allocated:         -                24M (0%)           24M (0%)           24M (0%)             -                  -          
[475.865s][info][gc,heap     ] GC(244)   Garbage:         -              1685M (21%)          27M (0%)           15M (0%)             -                  -          
[475.865s][info][gc,heap     ] GC(244) Reclaimed:         -                  -              1658M (20%)        1670M (20%)            -                  -          
[475.865s][info][gc          ] GC(244) Garbage Collection (Proactive) 1818M(22%)->172M(2%)
[477.340s][info][gc,start    ] GC(245) Garbage Collection (Proactive)
[477.341s][info][gc,phases   ] GC(245) Pause Mark Start 0.005ms
[477.364s][info][gc,phases   ] GC(245) Concurrent Mark 23.355ms
[477.364s][info][gc,phases   ] GC(245) Pause Mark End 0.010ms
[477.365s][info][gc,phases   ] GC(245) Concurrent Process Non-Strong References 0.442ms
[477.365s][info][gc,phases   ] GC(245) Concurrent Reset Relocation Set 0.002ms
[477.367s][info][gc,phases   ] GC(245) Concurrent Select Relocation Set 2.719ms
[477.367s][info][gc,phases   ] GC(245) Pause Relocate Start 0.004ms
[477.368s][info][gc,phases   ] GC(245) Concurrent Relocate 0.696ms
[477.368s][info][gc,load     ] GC(245) Load: 4.07/3.72/3.64
[477.368s][info][gc,mmu      ] GC(245) MMU: 2ms/98.2%, 5ms/99.3%, 10ms/99.6%, 20ms/99.8%, 50ms/99.9%, 100ms/100.0%
[477.368s][info][gc,marking  ] GC(245) Mark: 2 stripe(s), 2 proactive flush(es), 1 terminate flush(es), 0 completion(s), 0 continuation(s) 
[477.368s][info][gc,nmethod  ] GC(245) NMethods: 484 registered, 0 unregistered
[477.368s][info][gc,metaspace] GC(245) Metaspace: 0M used, 0M committed, 1032M reserved
[477.368s][info][gc,ref      ] GC(245) Soft: 82 encountered, 0 discovered, 0 enqueued
[477.368s][info][gc,ref      ] GC(245) Weak: 200 encountered, 62 discovered, 0 enqueued
[477.368s][info][gc,ref      ] GC(245) Final: 0 encountered, 0 discovered, 0 enqueued
[477.368s][info][gc,ref      ] GC(245) Phantom: 5 encountered, 3 discovered, 0 enqueued
[477.368s][info][gc,reloc    ] GC(245) Small Pages: 858 / 1716M, Empty: 1562M, Relocated: 4M, In-Place: 0
[477.368s][info][gc,reloc    ] GC(245) Medium Pages: 0 / 0M, Empty: 0M, Relocated: 0M, In-Place: 0
[477.368s][info][gc,reloc    ] GC(245) Large Pages: 0 / 0M, Empty: 0M, Relocated: 0M, In-Place: 0
[477.368s][info][gc,reloc    ] GC(245) Forwarding Usage: 0M
[477.368s][info][gc,heap     ] GC(245) Min Capacity: 8192M(100%)
[477.368s][info][gc,heap     ] GC(245) Max Capacity: 8192M(100%)
[477.368s][info][gc,heap     ] GC(245) Soft Max Capacity: 8192M(100%)
[477.368s][info][gc,heap     ] GC(245)                Mark Start          Mark End        Relocate Start      Relocate End           High               Low         
[477.369s][info][gc,heap     ] GC(245)  Capacity:     8192M (100%)       8192M (100%)       8192M (100%)       8192M (100%)       8192M (100%)       8192M (100%)   
[477.369s][info][gc,heap     ] GC(245)      Free:     6476M (79%)        6452M (79%)        8004M (98%)        8008M (98%)        8008M (98%)        6452M (79%)    
[477.369s][info][gc,heap     ] GC(245)      Used:     1716M (21%)        1740M (21%)         188M (2%)          184M (2%)         1740M (21%)         184M (2%)     
[477.369s][info][gc,heap     ] GC(245)      Live:         -               132M (2%)          132M (2%)          132M (2%)             -                  -          
[477.369s][info][gc,heap     ] GC(245) Allocated:         -                24M (0%)           34M (0%)           36M (0%)             -                  -          
[477.369s][info][gc,heap     ] GC(245)   Garbage:         -              1583M (19%)          21M (0%)           15M (0%)             -                  -          
[477.369s][info][gc,heap     ] GC(245) Reclaimed:         -                  -              1562M (19%)        1568M (19%)            -                  -          
[477.369s][info][gc          ] GC(245) Garbage Collection (Proactive) 1716M(21%)->184M(2%)
[478.940s][info][gc,start    ] GC(246) Garbage Collection (Proactive)
[478.940s][info][gc,phases   ] GC(246) Pause Mark Start 0.006ms
[478.963s][info][gc,phases   ] GC(246) Concurrent Mark 23.158ms
[478.963s][info][gc,phases   ] GC(246) Pause Mark End 0.008ms
[478.964s][info][gc,phases   ] GC(246) Concurrent Process Non-Strong References 0.377ms
[478.964s][info][gc,phases   ] GC(246) Concurrent Reset Relocation Set 0.001ms
[478.966s][info][gc,phases   ] GC(246) Concurrent Select Relocation Set 2.630ms
[478.966s][info][gc,phases   ] GC(246) Pause Relocate Start 0.003ms
[478.967s][info][gc,phases   ] GC(246) Concurrent Relocate 0.780ms
[478.967s][info][gc,load     ] GC(246) Load: 4.07/3.72/3.64
[478.967s][info][gc,mmu      ] GC(246) MMU: 2ms/98.2%, 5ms/99.3%, 10ms/99.6%, 20ms/99.8%, 50ms/99.9%, 100ms/100.0%
[478.967s][info][gc,marking  ] GC(246) Mark: 2 stripe(s), 2 proactive flush(es), 1 terminate flush(es), 0 completion(s), 0 continuation(s) 
[478.967s][info][gc,nmethod  ] GC(246) NMethods: 484 registered, 0 unregistered
[478.967s][info][gc,metaspace] GC(246) Metaspace: 0M used, 0M committed, 1032M reserved
[478.967s][info][gc,ref      ] GC(246) Soft: 82 encountered, 0 discovered, 0 enqueued
[478.967s][info][gc,ref      ] GC(246) Weak: 200 encountered, 60 discovered, 0 enqueued
[478.967s][info][gc,ref      ] GC(246) Final: 0 encountered, 0 discovered, 0 enqueued
[478.967s][info][gc,ref      ] GC(246) Phantom: 5 encountered, 4 discovered, 0 enqueued
[478.967s][info][gc,reloc    ] GC(246) Small Pages: 910 / 1820M, Empty: 1662M, Relocated: 4M, In-Place: 0
[478.967s][info][gc,reloc    ] GC(246) Medium Pages: 0 / 0M, Empty: 0M, Relocated: 0M, In-Place: 0
[478.967s][info][gc,reloc    ] GC(246) Large Pages: 0 / 0M, Empty: 0M, Relocated: 0M, In-Place: 0
[478.967s][info][gc,reloc    ] GC(246) Forwarding Usage: 0M
[478.967s][info][gc,heap     ] GC(246) Min Capacity: 8192M(100%)
[478.967s][info][gc,heap     ] GC(246) Max Capacity: 8192M(100%)
[478.967s][info][gc,heap     ] GC(246) Soft Max Capacity: 8192M(100%)
[478.967s][info][gc,heap     ] GC(246)                Mark Start          Mark End        Relocate Start      Relocate End           High               Low         
[478.967s][info][gc,heap     ] GC(246)  Capacity:     8192M (100%)       8192M (100%)       8192M (100%)       8192M (100%)       8192M (100%)       8192M (100%)   
[478.967s][info][gc,heap     ] GC(246)      Free:     6372M (78%)        6348M (77%)        8002M (98%)        8012M (98%)        8012M (98%)        6348M (77%)    
[478.968s][info][gc,heap     ] GC(246)      Used:     1820M (22%)        1844M (23%)         190M (2%)          180M (2%)         1844M (23%)         180M (2%)     
[478.968s][info][gc,heap     ] GC(246)      Live:         -               132M (2%)          132M (2%)          132M (2%)             -                  -          
[478.968s][info][gc,heap     ] GC(246) Allocated:         -                24M (0%)           32M (0%)           32M (0%)             -                  -          
[478.968s][info][gc,heap     ] GC(246)   Garbage:         -              1687M (21%)          25M (0%)           15M (0%)             -                  -          
[478.968s][info][gc,heap     ] GC(246) Reclaimed:         -                  -              1662M (20%)        1672M (20%)            -                  -          
[478.968s][info][gc          ] GC(246) Garbage Collection (Proactive) 1820M(22%)->180M(2%)
[480.040s][info][gc,stats    ] === Garbage Collection Statistics =======================================================================================================================
[480.040s][info][gc,stats    ]                                                              Last 10s              Last 10m              Last 10h                Total
[480.040s][info][gc,stats    ]                                                              Avg / Max             Avg / Max             Avg / Max             Avg / Max
[480.040s][info][gc,stats    ]   Collector: Garbage Collection Cycle                     27.677 / 30.990       30.901 / 95.920       30.901 / 95.920       30.901 / 95.920      ms
[480.040s][info][gc,stats    ]  Contention: Mark Segment Reset Contention                     0 / 1                 0 / 4                 0 / 4                 0 / 4           ops/s
[480.041s][info][gc,stats    ]  Contention: Mark SeqNum Reset Contention                      0 / 0                 0 / 1                 0 / 1                 0 / 1           ops/s
[480.041s][info][gc,stats    ]    Critical: Allocation Stall                                  0 / 0                 0 / 0                 0 / 0                 0 / 0           ops/s
[480.041s][info][gc,stats    ]    Critical: Allocation Stall                              0.000 / 0.000         0.000 / 0.000         0.000 / 0.000         0.000 / 0.000       ms
[480.041s][info][gc,stats    ]    Critical: GC Locker Stall                                   0 / 0                 0 / 0                 0 / 0                 0 / 0           ops/s
[480.041s][info][gc,stats    ]    Critical: GC Locker Stall                               0.000 / 0.000         0.000 / 0.000         0.000 / 0.000         0.000 / 0.000       ms
[480.041s][info][gc,stats    ]    Critical: Relocation Stall                                  0 / 0                 0 / 0                 0 / 0                 0 / 0           ops/s
[480.041s][info][gc,stats    ]    Critical: Relocation Stall                              0.000 / 0.000         0.000 / 0.000         0.000 / 0.000         0.000 / 0.000       ms
[480.041s][info][gc,stats    ]      Memory: Allocation Rate                                1044 / 1048           1061 / 9212           1061 / 9212           1061 / 9212        MB/s
[480.041s][info][gc,stats    ]      Memory: Out Of Memory                                     0 / 0                 0 / 0                 0 / 0                 0 / 0           ops/s
[480.041s][info][gc,stats    ]      Memory: Page Cache Flush                                  0 / 0                 0 / 0                 0 / 0                 0 / 0           MB/s
[480.041s][info][gc,stats    ]      Memory: Page Cache Hit L1                               524 / 528             520 / 533             520 / 533             520 / 533         ops/s
[480.041s][info][gc,stats    ]      Memory: Page Cache Hit L2                                 0 / 0                 0 / 0                 0 / 0                 0 / 0           ops/s
[480.041s][info][gc,stats    ]      Memory: Page Cache Hit L3                                 0 / 0                 3 / 486               3 / 486               3 / 486         ops/s
[480.041s][info][gc,stats    ]      Memory: Page Cache Miss                                   0 / 0                 0 / 1                 0 / 1                 0 / 1           ops/s
[480.041s][info][gc,stats    ]      Memory: Uncommit                                          0 / 0                 0 / 0                 0 / 0                 0 / 0           MB/s
[480.041s][info][gc,stats    ]      Memory: Undo Object Allocation Failed                     0 / 0                 0 / 0                 0 / 0                 0 / 0           ops/s
[480.041s][info][gc,stats    ]      Memory: Undo Object Allocation Succeeded                  0 / 1                 0 / 6                 0 / 6                 0 / 6           ops/s
[480.041s][info][gc,stats    ]      Memory: Undo Page Allocation                              0 / 0                 0 / 1                 0 / 1                 0 / 1           ops/s
[480.041s][info][gc,stats    ]       Phase: Concurrent Mark                              23.082 / 25.491       25.989 / 65.214       25.989 / 65.214       25.989 / 65.214      ms
[480.041s][info][gc,stats    ]       Phase: Concurrent Mark Continue                      0.000 / 0.000         0.000 / 0.000         0.000 / 0.000         0.000 / 0.000       ms
[480.041s][info][gc,stats    ]       Phase: Concurrent Process Non-Strong References      0.452 / 0.685         0.454 / 0.911         0.454 / 0.911         0.454 / 0.911       ms
[480.041s][info][gc,stats    ]       Phase: Concurrent Relocate                           0.804 / 0.925         0.930 / 16.651        0.930 / 16.651        0.930 / 16.651      ms
[480.041s][info][gc,stats    ]       Phase: Concurrent Reset Relocation Set               0.002 / 0.002         0.002 / 0.098         0.002 / 0.098         0.002 / 0.098       ms
[480.041s][info][gc,stats    ]       Phase: Concurrent Select Relocation Set              2.740 / 3.234         2.881 / 12.567        2.881 / 12.567        2.881 / 12.567      ms
[480.041s][info][gc,stats    ]       Phase: Pause Mark End                                0.008 / 0.010         0.009 / 0.025         0.009 / 0.025         0.009 / 0.025       ms
[480.041s][info][gc,stats    ]       Phase: Pause Mark Start                              0.005 / 0.006         0.006 / 0.036         0.006 / 0.036         0.006 / 0.036       ms
[480.041s][info][gc,stats    ]       Phase: Pause Relocate Start                          0.004 / 0.006         0.004 / 0.026         0.004 / 0.026         0.004 / 0.026       ms
[480.041s][info][gc,stats    ]    Subphase: Concurrent Classes Purge                      0.029 / 0.043         0.030 / 0.102         0.030 / 0.102         0.030 / 0.102       ms
[480.041s][info][gc,stats    ]    Subphase: Concurrent Classes Unlink                     0.301 / 0.426         0.294 / 0.571         0.294 / 0.571         0.294 / 0.571       ms
[480.041s][info][gc,stats    ]    Subphase: Concurrent Mark                              22.304 / 25.228       25.190 / 64.907       25.190 / 64.907       25.190 / 64.907      ms
[480.041s][info][gc,stats    ]    Subphase: Concurrent Mark Idle                          1.141 / 1.275         1.195 / 1.347         1.195 / 1.347         1.195 / 1.347       ms
[480.041s][info][gc,stats    ]    Subphase: Concurrent Mark Try Flush                     0.029 / 0.055         0.034 / 0.135         0.034 / 0.135         0.034 / 0.135       ms
[480.041s][info][gc,stats    ]    Subphase: Concurrent Mark Try Terminate                 0.429 / 1.278         0.440 / 1.361         0.440 / 1.361         0.440 / 1.361       ms
[480.041s][info][gc,stats    ]    Subphase: Concurrent References Enqueue                 0.000 / 0.000         0.000 / 0.008         0.000 / 0.008         0.000 / 0.008       ms
[480.041s][info][gc,stats    ]    Subphase: Concurrent References Process                 0.023 / 0.030         0.026 / 0.095         0.026 / 0.095         0.026 / 0.095       ms
[480.041s][info][gc,stats    ]    Subphase: Concurrent Roots ClassLoaderDataGraph         0.015 / 0.034         0.017 / 0.132         0.017 / 0.132         0.017 / 0.132       ms
[480.041s][info][gc,stats    ]    Subphase: Concurrent Roots CodeCache                    0.000 / 0.000         0.000 / 0.000         0.000 / 0.000         0.000 / 0.000       ms
[480.041s][info][gc,stats    ]    Subphase: Concurrent Roots JavaThreads                  0.194 / 0.252         0.210 / 0.485         0.210 / 0.485         0.210 / 0.485       ms
[480.041s][info][gc,stats    ]    Subphase: Concurrent Roots OopStorageSet                0.004 / 0.006         0.004 / 0.041         0.004 / 0.041         0.004 / 0.041       ms
[480.041s][info][gc,stats    ]    Subphase: Concurrent Weak Roots OopStorageSet           0.037 / 0.048         0.038 / 0.120         0.038 / 0.120         0.038 / 0.120       ms
[480.041s][info][gc,stats    ]    Subphase: Pause Mark Try Complete                       0.000 / 0.000         0.000 / 0.000         0.000 / 0.000         0.000 / 0.000       ms
[480.041s][info][gc,stats    ]      System: Java Threads                                     16 / 16               16 / 20               16 / 20               16 / 20          threads
[480.041s][info][gc,stats    ] =========================================================================================================================================================
[480.440s][info][gc,start    ] GC(247) Garbage Collection (Proactive)
[480.440s][info][gc,phases   ] GC(247) Pause Mark Start 0.005ms
[480.464s][info][gc,phases   ] GC(247) Concurrent Mark 24.023ms
[480.464s][info][gc,phases   ] GC(247) Pause Mark End 0.009ms
[480.465s][info][gc,phases   ] GC(247) Concurrent Process Non-Strong References 0.447ms
[480.465s][info][gc,phases   ] GC(247) Concurrent Reset Relocation Set 0.002ms
[480.468s][info][gc,phases   ] GC(247) Concurrent Select Relocation Set 2.938ms
[480.468s][info][gc,phases   ] GC(247) Pause Relocate Start 0.004ms
[480.469s][info][gc,phases   ] GC(247) Concurrent Relocate 0.702ms
[480.469s][info][gc,load     ] GC(247) Load: 4.07/3.72/3.64
[480.469s][info][gc,mmu      ] GC(247) MMU: 2ms/98.2%, 5ms/99.3%, 10ms/99.6%, 20ms/99.8%, 50ms/99.9%, 100ms/100.0%
[480.469s][info][gc,marking  ] GC(247) Mark: 2 stripe(s), 3 proactive flush(es), 1 terminate flush(es), 0 completion(s), 0 continuation(s) 
[480.469s][info][gc,nmethod  ] GC(247) NMethods: 484 registered, 0 unregistered
[480.469s][info][gc,metaspace] GC(247) Metaspace: 0M used, 0M committed, 1032M reserved
[480.469s][info][gc,ref      ] GC(247) Soft: 82 encountered, 0 discovered, 0 enqueued
[480.469s][info][gc,ref      ] GC(247) Weak: 200 encountered, 182 discovered, 0 enqueued
[480.469s][info][gc,ref      ] GC(247) Final: 0 encountered, 0 discovered, 0 enqueued
[480.469s][info][gc,ref      ] GC(247) Phantom: 5 encountered, 3 discovered, 0 enqueued
[480.469s][info][gc,reloc    ] GC(247) Small Pages: 859 / 1718M, Empty: 1556M, Relocated: 4M, In-Place: 0
[480.469s][info][gc,reloc    ] GC(247) Medium Pages: 0 / 0M, Empty: 0M, Relocated: 0M, In-Place: 0
[480.469s][info][gc,reloc    ] GC(247) Large Pages: 0 / 0M, Empty: 0M, Relocated: 0M, In-Place: 0
[480.469s][info][gc,reloc    ] GC(247) Forwarding Usage: 0M
[480.469s][info][gc,heap     ] GC(247) Min Capacity: 8192M(100%)
[480.469s][info][gc,heap     ] GC(247) Max Capacity: 8192M(100%)
[480.469s][info][gc,heap     ] GC(247) Soft Max Capacity: 8192M(100%)
[480.469s][info][gc,heap     ] GC(247)                Mark Start          Mark End        Relocate Start      Relocate End           High               Low         
[480.469s][info][gc,heap     ] GC(247)  Capacity:     8192M (100%)       8192M (100%)       8192M (100%)       8192M (100%)       8192M (100%)       8192M (100%)   
[480.469s][info][gc,heap     ] GC(247)      Free:     6474M (79%)        6448M (79%)        7996M (98%)        8010M (98%)        8010M (98%)        6448M (79%)    
[480.469s][info][gc,heap     ] GC(247)      Used:     1718M (21%)        1744M (21%)         196M (2%)          182M (2%)         1744M (21%)         182M (2%)     
[480.469s][info][gc,heap     ] GC(247)      Live:         -               132M (2%)          132M (2%)          132M (2%)             -                  -          
[480.469s][info][gc,heap     ] GC(247) Allocated:         -                26M (0%)           34M (0%)           34M (0%)             -                  -          
[480.469s][info][gc,heap     ] GC(247)   Garbage:         -              1585M (19%)          29M (0%)           15M (0%)             -                  -          
[480.469s][info][gc,heap     ] GC(247) Reclaimed:         -                  -              1556M (19%)        1570M (19%)            -                  -          
[480.469s][info][gc          ] GC(247) Garbage Collection (Proactive) 1718M(21%)->182M(2%)
[482.040s][info][gc,start    ] GC(248) Garbage Collection (Proactive)
[482.040s][info][gc,phases   ] GC(248) Pause Mark Start 0.005ms
[482.064s][info][gc,phases   ] GC(248) Concurrent Mark 23.629ms
[482.064s][info][gc,phases   ] GC(248) Pause Mark End 0.008ms
[482.064s][info][gc,phases   ] GC(248) Concurrent Process Non-Strong References 0.436ms
[482.064s][info][gc,phases   ] GC(248) Concurrent Reset Relocation Set 0.002ms
[482.067s][info][gc,phases   ] GC(248) Concurrent Select Relocation Set 2.768ms
[482.067s][info][gc,phases   ] GC(248) Pause Relocate Start 0.003ms
[482.068s][info][gc,phases   ] GC(248) Concurrent Relocate 0.499ms
[482.068s][info][gc,load     ] GC(248) Load: 3.98/3.71/3.63
[482.068s][info][gc,mmu      ] GC(248) MMU: 2ms/98.2%, 5ms/99.3%, 10ms/99.6%, 20ms/99.8%, 50ms/99.9%, 100ms/100.0%
[482.068s][info][gc,marking  ] GC(248) Mark: 2 stripe(s), 2 proactive flush(es), 1 terminate flush(es), 0 completion(s), 0 continuation(s) 
[482.068s][info][gc,nmethod  ] GC(248) NMethods: 484 registered, 0 unregistered
[482.068s][info][gc,metaspace] GC(248) Metaspace: 0M used, 0M committed, 1032M reserved
[482.068s][info][gc,ref      ] GC(248) Soft: 82 encountered, 0 discovered, 0 enqueued
[482.068s][info][gc,ref      ] GC(248) Weak: 200 encountered, 62 discovered, 0 enqueued
[482.068s][info][gc,ref      ] GC(248) Final: 0 encountered, 0 discovered, 0 enqueued
[482.068s][info][gc,ref      ] GC(248) Phantom: 5 encountered, 3 discovered, 0 enqueued
[482.068s][info][gc,reloc    ] GC(248) Small Pages: 911 / 1822M, Empty: 1660M, Relocated: 3M, In-Place: 0
[482.068s][info][gc,reloc    ] GC(248) Medium Pages: 0 / 0M, Empty: 0M, Relocated: 0M, In-Place: 0
[482.068s][info][gc,reloc    ] GC(248) Large Pages: 0 / 0M, Empty: 0M, Relocated: 0M, In-Place: 0
[482.068s][info][gc,reloc    ] GC(248) Forwarding Usage: 0M
[482.068s][info][gc,heap     ] GC(248) Min Capacity: 8192M(100%)
[482.068s][info][gc,heap     ] GC(248) Max Capacity: 8192M(100%)
[482.068s][info][gc,heap     ] GC(248) Soft Max Capacity: 8192M(100%)
[482.068s][info][gc,heap     ] GC(248)                Mark Start          Mark End        Relocate Start      Relocate End           High               Low         
[482.068s][info][gc,heap     ] GC(248)  Capacity:     8192M (100%)       8192M (100%)       8192M (100%)       8192M (100%)       8192M (100%)       8192M (100%)   
[482.068s][info][gc,heap     ] GC(248)      Free:     6370M (78%)        6344M (77%)        7994M (98%)        8010M (98%)        8010M (98%)        6344M (77%)    
[482.068s][info][gc,heap     ] GC(248)      Used:     1822M (22%)        1848M (23%)         198M (2%)          182M (2%)         1848M (23%)         182M (2%)     
[482.068s][info][gc,heap     ] GC(248)      Live:         -               132M (2%)          132M (2%)          132M (2%)             -                  -          
[482.068s][info][gc,heap     ] GC(248) Allocated:         -                26M (0%)           36M (0%)           36M (0%)             -                  -          
[482.068s][info][gc,heap     ] GC(248)   Garbage:         -              1689M (21%)          29M (0%)           13M (0%)             -                  -          
[482.068s][info][gc,heap     ] GC(248) Reclaimed:         -                  -              1660M (20%)        1676M (20%)            -                  -          
[482.068s][info][gc          ] GC(248) Garbage Collection (Proactive) 1822M(22%)->182M(2%)
[483.540s][info][gc,start    ] GC(249) Garbage Collection (Proactive)
[483.540s][info][gc,phases   ] GC(249) Pause Mark Start 0.006ms
[483.566s][info][gc,phases   ] GC(249) Concurrent Mark 26.146ms
[483.566s][info][gc,phases   ] GC(249) Pause Mark End 0.008ms
[483.567s][info][gc,phases   ] GC(249) Concurrent Process Non-Strong References 0.522ms
[483.567s][info][gc,phases   ] GC(249) Concurrent Reset Relocation Set 0.002ms
[483.570s][info][gc,phases   ] GC(249) Concurrent Select Relocation Set 2.935ms
[483.570s][info][gc,phases   ] GC(249) Pause Relocate Start 0.003ms
[483.571s][info][gc,phases   ] GC(249) Concurrent Relocate 0.879ms
[483.571s][info][gc,load     ] GC(249) Load: 3.98/3.71/3.63
[483.571s][info][gc,mmu      ] GC(249) MMU: 2ms/98.2%, 5ms/99.3%, 10ms/99.6%, 20ms/99.8%, 50ms/99.9%, 100ms/100.0%
[483.571s][info][gc,marking  ] GC(249) Mark: 2 stripe(s), 2 proactive flush(es), 1 terminate flush(es), 0 completion(s), 0 continuation(s) 
[483.571s][info][gc,nmethod  ] GC(249) NMethods: 484 registered, 0 unregistered
[483.571s][info][gc,metaspace] GC(249) Metaspace: 0M used, 0M committed, 1032M reserved
[483.571s][info][gc,ref      ] GC(249) Soft: 82 encountered, 0 discovered, 0 enqueued
[483.571s][info][gc,ref      ] GC(249) Weak: 200 encountered, 59 discovered, 0 enqueued
[483.571s][info][gc,ref      ] GC(249) Final: 0 encountered, 0 discovered, 0 enqueued
[483.571s][info][gc,ref      ] GC(249) Phantom: 5 encountered, 3 discovered, 0 enqueued
[483.571s][info][gc,reloc    ] GC(249) Small Pages: 858 / 1716M, Empty: 1504M, Relocated: 4M, In-Place: 0
[483.571s][info][gc,reloc    ] GC(249) Medium Pages: 0 / 0M, Empty: 0M, Relocated: 0M, In-Place: 0
[483.571s][info][gc,reloc    ] GC(249) Large Pages: 0 / 0M, Empty: 0M, Relocated: 0M, In-Place: 0
[483.571s][info][gc,reloc    ] GC(249) Forwarding Usage: 0M
[483.571s][info][gc,heap     ] GC(249) Min Capacity: 8192M(100%)
[483.571s][info][gc,heap     ] GC(249) Max Capacity: 8192M(100%)
[483.571s][info][gc,heap     ] GC(249) Soft Max Capacity: 8192M(100%)
[483.571s][info][gc,heap     ] GC(249)                Mark Start          Mark End        Relocate Start      Relocate End           High               Low         
[483.571s][info][gc,heap     ] GC(249)  Capacity:     8192M (100%)       8192M (100%)       8192M (100%)       8192M (100%)       8192M (100%)       8192M (100%)   
[483.571s][info][gc,heap     ] GC(249)      Free:     6476M (79%)        6452M (79%)        7948M (97%)        8010M (98%)        8010M (98%)        6444M (79%)    
[483.571s][info][gc,heap     ] GC(249)      Used:     1716M (21%)        1740M (21%)         244M (3%)          182M (2%)         1748M (21%)         182M (2%)     
[483.571s][info][gc,heap     ] GC(249)      Live:         -               132M (2%)          132M (2%)          132M (2%)             -                  -          
[483.571s][info][gc,heap     ] GC(249) Allocated:         -                24M (0%)           32M (0%)           32M (0%)             -                  -          
[483.571s][info][gc,heap     ] GC(249)   Garbage:         -              1583M (19%)          79M (1%)           17M (0%)             -                  -          
[483.571s][info][gc,heap     ] GC(249) Reclaimed:         -                  -              1504M (18%)        1566M (19%)            -                  -          
[483.571s][info][gc          ] GC(249) Garbage Collection (Proactive) 1716M(21%)->182M(2%)
[485.340s][info][gc,start    ] GC(250) Garbage Collection (Proactive)
[485.340s][info][gc,phases   ] GC(250) Pause Mark Start 0.009ms
[485.364s][info][gc,phases   ] GC(250) Concurrent Mark 24.027ms
[485.364s][info][gc,phases   ] GC(250) Pause Mark End 0.009ms
[485.365s][info][gc,phases   ] GC(250) Concurrent Process Non-Strong References 0.446ms
[485.365s][info][gc,phases   ] GC(250) Concurrent Reset Relocation Set 0.004ms
[485.367s][info][gc,phases   ] GC(250) Concurrent Select Relocation Set 2.822ms
[485.368s][info][gc,phases   ] GC(250) Pause Relocate Start 0.004ms
[485.368s][info][gc,phases   ] GC(250) Concurrent Relocate 0.667ms
[485.368s][info][gc,load     ] GC(250) Load: 3.98/3.71/3.63
[485.368s][info][gc,mmu      ] GC(250) MMU: 2ms/98.2%, 5ms/99.3%, 10ms/99.6%, 20ms/99.8%, 50ms/99.9%, 100ms/100.0%
[485.368s][info][gc,marking  ] GC(250) Mark: 2 stripe(s), 2 proactive flush(es), 1 terminate flush(es), 0 completion(s), 0 continuation(s) 
[485.368s][info][gc,nmethod  ] GC(250) NMethods: 484 registered, 0 unregistered
[485.368s][info][gc,metaspace] GC(250) Metaspace: 0M used, 0M committed, 1032M reserved
[485.368s][info][gc,ref      ] GC(250) Soft: 82 encountered, 0 discovered, 0 enqueued
[485.368s][info][gc,ref      ] GC(250) Weak: 200 encountered, 52 discovered, 0 enqueued
[485.368s][info][gc,ref      ] GC(250) Final: 0 encountered, 0 discovered, 0 enqueued
[485.368s][info][gc,ref      ] GC(250) Phantom: 5 encountered, 3 discovered, 0 enqueued
[485.368s][info][gc,reloc    ] GC(250) Small Pages: 1015 / 2030M, Empty: 1876M, Relocated: 5M, In-Place: 0
[485.368s][info][gc,reloc    ] GC(250) Medium Pages: 0 / 0M, Empty: 0M, Relocated: 0M, In-Place: 0
[485.368s][info][gc,reloc    ] GC(250) Large Pages: 0 / 0M, Empty: 0M, Relocated: 0M, In-Place: 0
[485.368s][info][gc,reloc    ] GC(250) Forwarding Usage: 0M
[485.368s][info][gc,heap     ] GC(250) Min Capacity: 8192M(100%)
[485.368s][info][gc,heap     ] GC(250) Max Capacity: 8192M(100%)
[485.368s][info][gc,heap     ] GC(250) Soft Max Capacity: 8192M(100%)
[485.368s][info][gc,heap     ] GC(250)                Mark Start          Mark End        Relocate Start      Relocate End           High               Low         
[485.368s][info][gc,heap     ] GC(250)  Capacity:     8192M (100%)       8192M (100%)       8192M (100%)       8192M (100%)       8192M (100%)       8192M (100%)   
[485.368s][info][gc,heap     ] GC(250)      Free:     6162M (75%)        6138M (75%)        8004M (98%)        8008M (98%)        8008M (98%)        6138M (75%)    
[485.369s][info][gc,heap     ] GC(250)      Used:     2030M (25%)        2054M (25%)         188M (2%)          184M (2%)         2054M (25%)         184M (2%)     
[485.369s][info][gc,heap     ] GC(250)      Live:         -               132M (2%)          132M (2%)          132M (2%)             -                  -          
[485.369s][info][gc,heap     ] GC(250) Allocated:         -                24M (0%)           34M (0%)           34M (0%)             -                  -          
[485.369s][info][gc,heap     ] GC(250)   Garbage:         -              1897M (23%)          21M (0%)           17M (0%)             -                  -          
[485.369s][info][gc,heap     ] GC(250) Reclaimed:         -                  -              1876M (23%)        1880M (23%)            -                  -          
[485.369s][info][gc          ] GC(250) Garbage Collection (Proactive) 2030M(25%)->184M(2%)
[487.040s][info][gc,start    ] GC(251) Garbage Collection (Proactive)
[487.040s][info][gc,phases   ] GC(251) Pause Mark Start 0.006ms
[487.064s][info][gc,phases   ] GC(251) Concurrent Mark 23.630ms
[487.064s][info][gc,phases   ] GC(251) Pause Mark End 0.009ms
[487.064s][info][gc,phases   ] GC(251) Concurrent Process Non-Strong References 0.395ms
[487.064s][info][gc,phases   ] GC(251) Concurrent Reset Relocation Set 0.002ms
[487.067s][info][gc,phases   ] GC(251) Concurrent Select Relocation Set 2.870ms
[487.067s][info][gc,phases   ] GC(251) Pause Relocate Start 0.004ms
[487.068s][info][gc,phases   ] GC(251) Concurrent Relocate 0.731ms
[487.068s][info][gc,load     ] GC(251) Load: 3.74/3.66/3.62
[487.068s][info][gc,mmu      ] GC(251) MMU: 2ms/98.2%, 5ms/99.3%, 10ms/99.6%, 20ms/99.8%, 50ms/99.9%, 100ms/100.0%
[487.068s][info][gc,marking  ] GC(251) Mark: 2 stripe(s), 2 proactive flush(es), 1 terminate flush(es), 0 completion(s), 0 continuation(s) 
[487.068s][info][gc,nmethod  ] GC(251) NMethods: 484 registered, 0 unregistered
[487.068s][info][gc,metaspace] GC(251) Metaspace: 0M used, 0M committed, 1032M reserved
[487.068s][info][gc,ref      ] GC(251) Soft: 82 encountered, 0 discovered, 0 enqueued
[487.068s][info][gc,ref      ] GC(251) Weak: 200 encountered, 52 discovered, 0 enqueued
[487.068s][info][gc,ref      ] GC(251) Final: 0 encountered, 0 discovered, 0 enqueued
[487.068s][info][gc,ref      ] GC(251) Phantom: 5 encountered, 3 discovered, 0 enqueued
[487.068s][info][gc,reloc    ] GC(251) Small Pages: 963 / 1926M, Empty: 1768M, Relocated: 5M, In-Place: 0
[487.068s][info][gc,reloc    ] GC(251) Medium Pages: 0 / 0M, Empty: 0M, Relocated: 0M, In-Place: 0
[487.068s][info][gc,reloc    ] GC(251) Large Pages: 0 / 0M, Empty: 0M, Relocated: 0M, In-Place: 0
[487.068s][info][gc,reloc    ] GC(251) Forwarding Usage: 0M
[487.068s][info][gc,heap     ] GC(251) Min Capacity: 8192M(100%)
[487.068s][info][gc,heap     ] GC(251) Max Capacity: 8192M(100%)
[487.068s][info][gc,heap     ] GC(251) Soft Max Capacity: 8192M(100%)
[487.068s][info][gc,heap     ] GC(251)                Mark Start          Mark End        Relocate Start      Relocate End           High               Low         
[487.068s][info][gc,heap     ] GC(251)  Capacity:     8192M (100%)       8192M (100%)       8192M (100%)       8192M (100%)       8192M (100%)       8192M (100%)   
[487.068s][info][gc,heap     ] GC(251)      Free:     6266M (76%)        6242M (76%)        8000M (98%)        8008M (98%)        8008M (98%)        6242M (76%)    
[487.068s][info][gc,heap     ] GC(251)      Used:     1926M (24%)        1950M (24%)         192M (2%)          184M (2%)         1950M (24%)         184M (2%)     
[487.068s][info][gc,heap     ] GC(251)      Live:         -               132M (2%)          132M (2%)          132M (2%)             -                  -          
[487.068s][info][gc,heap     ] GC(251) Allocated:         -                24M (0%)           34M (0%)           34M (0%)             -                  -          
[487.068s][info][gc,heap     ] GC(251)   Garbage:         -              1793M (22%)          25M (0%)           17M (0%)             -                  -          
[487.068s][info][gc,heap     ] GC(251) Reclaimed:         -                  -              1768M (22%)        1776M (22%)            -                  -          
[487.068s][info][gc          ] GC(251) Garbage Collection (Proactive) 1926M(24%)->184M(2%)
[488.640s][info][gc,start    ] GC(252) Garbage Collection (Proactive)
[488.640s][info][gc,phases   ] GC(252) Pause Mark Start 0.007ms
[488.664s][info][gc,phases   ] GC(252) Concurrent Mark 23.795ms
[488.664s][info][gc,phases   ] GC(252) Pause Mark End 0.010ms
[488.664s][info][gc,phases   ] GC(252) Concurrent Process Non-Strong References 0.453ms
[488.664s][info][gc,phases   ] GC(252) Concurrent Reset Relocation Set 0.002ms
[488.667s][info][gc,phases   ] GC(252) Concurrent Select Relocation Set 2.853ms
[488.667s][info][gc,phases   ] GC(252) Pause Relocate Start 0.004ms
[488.668s][info][gc,phases   ] GC(252) Concurrent Relocate 0.699ms
[488.668s][info][gc,load     ] GC(252) Load: 3.74/3.66/3.62
[488.668s][info][gc,mmu      ] GC(252) MMU: 2ms/98.2%, 5ms/99.3%, 10ms/99.6%, 20ms/99.8%, 50ms/99.9%, 100ms/100.0%
[488.668s][info][gc,marking  ] GC(252) Mark: 2 stripe(s), 2 proactive flush(es), 1 terminate flush(es), 0 completion(s), 0 continuation(s) 
[488.668s][info][gc,nmethod  ] GC(252) NMethods: 484 registered, 0 unregistered
[488.668s][info][gc,metaspace] GC(252) Metaspace: 0M used, 0M committed, 1032M reserved
[488.668s][info][gc,ref      ] GC(252) Soft: 82 encountered, 0 discovered, 0 enqueued
[488.668s][info][gc,ref      ] GC(252) Weak: 200 encountered, 52 discovered, 0 enqueued
[488.668s][info][gc,ref      ] GC(252) Final: 0 encountered, 0 discovered, 0 enqueued
[488.668s][info][gc,ref      ] GC(252) Phantom: 5 encountered, 3 discovered, 0 enqueued
[488.668s][info][gc,reloc    ] GC(252) Small Pages: 911 / 1822M, Empty: 1668M, Relocated: 4M, In-Place: 0
[488.668s][info][gc,reloc    ] GC(252) Medium Pages: 0 / 0M, Empty: 0M, Relocated: 0M, In-Place: 0
[488.668s][info][gc,reloc    ] GC(252) Large Pages: 0 / 0M, Empty: 0M, Relocated: 0M, In-Place: 0
[488.668s][info][gc,reloc    ] GC(252) Forwarding Usage: 0M
[488.668s][info][gc,heap     ] GC(252) Min Capacity: 8192M(100%)
[488.668s][info][gc,heap     ] GC(252) Max Capacity: 8192M(100%)
[488.668s][info][gc,heap     ] GC(252) Soft Max Capacity: 8192M(100%)
[488.668s][info][gc,heap     ] GC(252)                Mark Start          Mark End        Relocate Start      Relocate End           High               Low         
[488.668s][info][gc,heap     ] GC(252)  Capacity:     8192M (100%)       8192M (100%)       8192M (100%)       8192M (100%)       8192M (100%)       8192M (100%)   
[488.668s][info][gc,heap     ] GC(252)      Free:     6370M (78%)        6346M (77%)        8006M (98%)        8010M (98%)        8010M (98%)        6346M (77%)    
[488.668s][info][gc,heap     ] GC(252)      Used:     1822M (22%)        1846M (23%)         186M (2%)          182M (2%)         1846M (23%)         182M (2%)     
[488.668s][info][gc,heap     ] GC(252)      Live:         -               132M (2%)          132M (2%)          132M (2%)             -                  -          
[488.668s][info][gc,heap     ] GC(252) Allocated:         -                24M (0%)           32M (0%)           32M (0%)             -                  -          
[488.668s][info][gc,heap     ] GC(252)   Garbage:         -              1689M (21%)          21M (0%)           17M (0%)             -                  -          
[488.668s][info][gc,heap     ] GC(252) Reclaimed:         -                  -              1668M (20%)        1672M (20%)            -                  -          
[488.669s][info][gc          ] GC(252) Garbage Collection (Proactive) 1822M(22%)->182M(2%)
[490.040s][info][gc,stats    ] === Garbage Collection Statistics =======================================================================================================================
[490.040s][info][gc,stats    ]                                                              Last 10s              Last 10m              Last 10h                Total
[490.040s][info][gc,stats    ]                                                              Avg / Max             Avg / Max             Avg / Max             Avg / Max
[490.040s][info][gc,stats    ]   Collector: Garbage Collection Cycle                     28.843 / 31.132       30.852 / 95.920       30.852 / 95.920       30.852 / 95.920      ms
[490.041s][info][gc,stats    ]  Contention: Mark Segment Reset Contention                     0 / 0                 0 / 4                 0 / 4                 0 / 4           ops/s
[490.041s][info][gc,stats    ]  Contention: Mark SeqNum Reset Contention                      0 / 0                 0 / 1                 0 / 1                 0 / 1           ops/s
[490.041s][info][gc,stats    ]    Critical: Allocation Stall                                  0 / 0                 0 / 0                 0 / 0                 0 / 0           ops/s
[490.041s][info][gc,stats    ]    Critical: Allocation Stall                              0.000 / 0.000         0.000 / 0.000         0.000 / 0.000         0.000 / 0.000       ms
[490.041s][info][gc,stats    ]    Critical: GC Locker Stall                                   0 / 0                 0 / 0                 0 / 0                 0 / 0           ops/s
[490.041s][info][gc,stats    ]    Critical: GC Locker Stall                               0.000 / 0.000         0.000 / 0.000         0.000 / 0.000         0.000 / 0.000       ms
[490.041s][info][gc,stats    ]    Critical: Relocation Stall                                  0 / 0                 0 / 0                 0 / 0                 0 / 0           ops/s
[490.041s][info][gc,stats    ]    Critical: Relocation Stall                              0.000 / 0.000         0.000 / 0.000         0.000 / 0.000         0.000 / 0.000       ms
[490.041s][info][gc,stats    ]      Memory: Allocation Rate                                1045 / 1052           1061 / 9212           1061 / 9212           1061 / 9212        MB/s
[490.041s][info][gc,stats    ]      Memory: Out Of Memory                                     0 / 0                 0 / 0                 0 / 0                 0 / 0           ops/s
[490.041s][info][gc,stats    ]      Memory: Page Cache Flush                                  0 / 0                 0 / 0                 0 / 0                 0 / 0           MB/s
[490.041s][info][gc,stats    ]      Memory: Page Cache Hit L1                               524 / 530             520 / 533             520 / 533             520 / 533         ops/s
[490.041s][info][gc,stats    ]      Memory: Page Cache Hit L2                                 0 / 0                 0 / 0                 0 / 0                 0 / 0           ops/s
[490.041s][info][gc,stats    ]      Memory: Page Cache Hit L3                                 0 / 0                 3 / 486               3 / 486               3 / 486         ops/s
[490.041s][info][gc,stats    ]      Memory: Page Cache Miss                                   0 / 0                 0 / 1                 0 / 1                 0 / 1           ops/s
[490.041s][info][gc,stats    ]      Memory: Uncommit                                          0 / 0                 0 / 0                 0 / 0                 0 / 0           MB/s
[490.041s][info][gc,stats    ]      Memory: Undo Object Allocation Failed                     0 / 0                 0 / 0                 0 / 0                 0 / 0           ops/s
[490.041s][info][gc,stats    ]      Memory: Undo Object Allocation Succeeded                  0 / 0                 0 / 6                 0 / 6                 0 / 6           ops/s
[490.041s][info][gc,stats    ]      Memory: Undo Page Allocation                              0 / 0                 0 / 1                 0 / 1                 0 / 1           ops/s
[490.041s][info][gc,stats    ]       Phase: Concurrent Mark                              24.208 / 26.146       25.946 / 65.214       25.946 / 65.214       25.946 / 65.214      ms
[490.041s][info][gc,stats    ]       Phase: Concurrent Mark Continue                      0.000 / 0.000         0.000 / 0.000         0.000 / 0.000         0.000 / 0.000       ms
[490.041s][info][gc,stats    ]       Phase: Concurrent Process Non-Strong References      0.450 / 0.522         0.454 / 0.911         0.454 / 0.911         0.454 / 0.911       ms
[490.041s][info][gc,stats    ]       Phase: Concurrent Relocate                           0.696 / 0.879         0.925 / 16.651        0.925 / 16.651        0.925 / 16.651      ms
[490.041s][info][gc,stats    ]       Phase: Concurrent Reset Relocation Set               0.002 / 0.004         0.002 / 0.098         0.002 / 0.098         0.002 / 0.098       ms
[490.041s][info][gc,stats    ]       Phase: Concurrent Select Relocation Set              2.864 / 2.938         2.881 / 12.567        2.881 / 12.567        2.881 / 12.567      ms
[490.041s][info][gc,stats    ]       Phase: Pause Mark End                                0.009 / 0.010         0.009 / 0.025         0.009 / 0.025         0.009 / 0.025       ms
[490.041s][info][gc,stats    ]       Phase: Pause Mark Start                              0.006 / 0.009         0.006 / 0.036         0.006 / 0.036         0.006 / 0.036       ms
[490.041s][info][gc,stats    ]       Phase: Pause Relocate Start                          0.004 / 0.004         0.004 / 0.026         0.004 / 0.026         0.004 / 0.026       ms
[490.041s][info][gc,stats    ]    Subphase: Concurrent Classes Purge                      0.029 / 0.039         0.030 / 0.102         0.030 / 0.102         0.030 / 0.102       ms
[490.041s][info][gc,stats    ]    Subphase: Concurrent Classes Unlink                     0.296 / 0.319         0.294 / 0.571         0.294 / 0.571         0.294 / 0.571       ms
[490.041s][info][gc,stats    ]    Subphase: Concurrent Mark                              23.351 / 25.742       25.146 / 64.907       25.146 / 64.907       25.146 / 64.907      ms
[490.041s][info][gc,stats    ]    Subphase: Concurrent Mark Idle                          1.188 / 1.285         1.195 / 1.347         1.195 / 1.347         1.195 / 1.347       ms
[490.041s][info][gc,stats    ]    Subphase: Concurrent Mark Try Flush                     0.029 / 0.043         0.034 / 0.135         0.034 / 0.135         0.034 / 0.135       ms
[490.041s][info][gc,stats    ]    Subphase: Concurrent Mark Try Terminate                 0.446 / 1.288         0.440 / 1.361         0.440 / 1.361         0.440 / 1.361       ms
[490.041s][info][gc,stats    ]    Subphase: Concurrent References Enqueue                 0.000 / 0.000         0.000 / 0.008         0.000 / 0.008         0.000 / 0.008       ms
[490.041s][info][gc,stats    ]    Subphase: Concurrent References Process                 0.026 / 0.036         0.026 / 0.095         0.026 / 0.095         0.026 / 0.095       ms
[490.041s][info][gc,stats    ]    Subphase: Concurrent Roots ClassLoaderDataGraph         0.017 / 0.034         0.017 / 0.132         0.017 / 0.132         0.017 / 0.132       ms
[490.041s][info][gc,stats    ]    Subphase: Concurrent Roots CodeCache                    0.000 / 0.000         0.000 / 0.000         0.000 / 0.000         0.000 / 0.000       ms
[490.041s][info][gc,stats    ]    Subphase: Concurrent Roots JavaThreads                  0.239 / 0.278         0.210 / 0.485         0.210 / 0.485         0.210 / 0.485       ms
[490.041s][info][gc,stats    ]    Subphase: Concurrent Roots OopStorageSet                0.005 / 0.006         0.004 / 0.041         0.004 / 0.041         0.004 / 0.041       ms
[490.041s][info][gc,stats    ]    Subphase: Concurrent Weak Roots OopStorageSet           0.039 / 0.047         0.038 / 0.120         0.038 / 0.120         0.038 / 0.120       ms
[490.041s][info][gc,stats    ]    Subphase: Pause Mark Try Complete                       0.000 / 0.000         0.000 / 0.000         0.000 / 0.000         0.000 / 0.000       ms
[490.041s][info][gc,stats    ]      System: Java Threads                                     16 / 16               16 / 20               16 / 20               16 / 20          threads
[490.041s][info][gc,stats    ] =========================================================================================================================================================
[490.140s][info][gc,start    ] GC(253) Garbage Collection (Proactive)
[490.140s][info][gc,phases   ] GC(253) Pause Mark Start 0.005ms
[490.164s][info][gc,phases   ] GC(253) Concurrent Mark 23.813ms
[490.164s][info][gc,phases   ] GC(253) Pause Mark End 0.008ms
[490.164s][info][gc,phases   ] GC(253) Concurrent Process Non-Strong References 0.394ms
[490.164s][info][gc,phases   ] GC(253) Concurrent Reset Relocation Set 0.002ms
[490.167s][info][gc,phases   ] GC(253) Concurrent Select Relocation Set 2.824ms
[490.167s][info][gc,phases   ] GC(253) Pause Relocate Start 0.005ms
[490.168s][info][gc,phases   ] GC(253) Concurrent Relocate 0.761ms
[490.168s][info][gc,load     ] GC(253) Load: 3.74/3.66/3.62
[490.168s][info][gc,mmu      ] GC(253) MMU: 2ms/98.2%, 5ms/99.3%, 10ms/99.6%, 20ms/99.8%, 50ms/99.9%, 100ms/100.0%
[490.168s][info][gc,marking  ] GC(253) Mark: 2 stripe(s), 2 proactive flush(es), 1 terminate flush(es), 0 completion(s), 0 continuation(s) 
[490.168s][info][gc,nmethod  ] GC(253) NMethods: 484 registered, 0 unregistered
[490.168s][info][gc,metaspace] GC(253) Metaspace: 0M used, 0M committed, 1032M reserved
[490.168s][info][gc,ref      ] GC(253) Soft: 82 encountered, 0 discovered, 0 enqueued
[490.168s][info][gc,ref      ] GC(253) Weak: 200 encountered, 62 discovered, 0 enqueued
[490.168s][info][gc,ref      ] GC(253) Final: 0 encountered, 0 discovered, 0 enqueued
[490.168s][info][gc,ref      ] GC(253) Phantom: 5 encountered, 3 discovered, 0 enqueued
[490.168s][info][gc,reloc    ] GC(253) Small Pages: 859 / 1718M, Empty: 1560M, Relocated: 4M, In-Place: 0
[490.168s][info][gc,reloc    ] GC(253) Medium Pages: 0 / 0M, Empty: 0M, Relocated: 0M, In-Place: 0
[490.168s][info][gc,reloc    ] GC(253) Large Pages: 0 / 0M, Empty: 0M, Relocated: 0M, In-Place: 0
[490.168s][info][gc,reloc    ] GC(253) Forwarding Usage: 0M
[490.168s][info][gc,heap     ] GC(253) Min Capacity: 8192M(100%)
[490.168s][info][gc,heap     ] GC(253) Max Capacity: 8192M(100%)
[490.168s][info][gc,heap     ] GC(253) Soft Max Capacity: 8192M(100%)
[490.168s][info][gc,heap     ] GC(253)                Mark Start          Mark End        Relocate Start      Relocate End           High               Low         
[490.168s][info][gc,heap     ] GC(253)  Capacity:     8192M (100%)       8192M (100%)       8192M (100%)       8192M (100%)       8192M (100%)       8192M (100%)   
[490.168s][info][gc,heap     ] GC(253)      Free:     6474M (79%)        6450M (79%)        8002M (98%)        8010M (98%)        8010M (98%)        6450M (79%)    
[490.168s][info][gc,heap     ] GC(253)      Used:     1718M (21%)        1742M (21%)         190M (2%)          182M (2%)         1742M (21%)         182M (2%)     
[490.168s][info][gc,heap     ] GC(253)      Live:         -               132M (2%)          132M (2%)          132M (2%)             -                  -          
[490.168s][info][gc,heap     ] GC(253) Allocated:         -                24M (0%)           32M (0%)           32M (0%)             -                  -          
[490.168s][info][gc,heap     ] GC(253)   Garbage:         -              1585M (19%)          25M (0%)           17M (0%)             -                  -          
[490.168s][info][gc,heap     ] GC(253) Reclaimed:         -                  -              1560M (19%)        1568M (19%)            -                  -          
[490.168s][info][gc          ] GC(253) Garbage Collection (Proactive) 1718M(21%)->182M(2%)
[491.640s][info][gc,start    ] GC(254) Garbage Collection (Proactive)
[491.640s][info][gc,phases   ] GC(254) Pause Mark Start 0.007ms
[491.665s][info][gc,phases   ] GC(254) Concurrent Mark 24.539ms
[491.665s][info][gc,phases   ] GC(254) Pause Mark End 0.010ms
[491.665s][info][gc,phases   ] GC(254) Concurrent Process Non-Strong References 0.479ms
[491.665s][info][gc,phases   ] GC(254) Concurrent Reset Relocation Set 0.002ms
[491.668s][info][gc,phases   ] GC(254) Concurrent Select Relocation Set 2.909ms
[491.669s][info][gc,phases   ] GC(254) Pause Relocate Start 0.005ms
[491.669s][info][gc,phases   ] GC(254) Concurrent Relocate 0.571ms
[491.669s][info][gc,load     ] GC(254) Load: 3.60/3.63/3.61
[491.669s][info][gc,mmu      ] GC(254) MMU: 2ms/98.2%, 5ms/99.3%, 10ms/99.6%, 20ms/99.8%, 50ms/99.9%, 100ms/100.0%
[491.669s][info][gc,marking  ] GC(254) Mark: 2 stripe(s), 2 proactive flush(es), 1 terminate flush(es), 0 completion(s), 0 continuation(s) 
[491.669s][info][gc,nmethod  ] GC(254) NMethods: 484 registered, 0 unregistered
[491.669s][info][gc,metaspace] GC(254) Metaspace: 0M used, 0M committed, 1032M reserved
[491.669s][info][gc,ref      ] GC(254) Soft: 82 encountered, 0 discovered, 0 enqueued
[491.669s][info][gc,ref      ] GC(254) Weak: 200 encountered, 51 discovered, 0 enqueued
[491.669s][info][gc,ref      ] GC(254) Final: 0 encountered, 0 discovered, 0 enqueued
[491.669s][info][gc,ref      ] GC(254) Phantom: 5 encountered, 3 discovered, 0 enqueued
[491.669s][info][gc,reloc    ] GC(254) Small Pages: 860 / 1720M, Empty: 1562M, Relocated: 3M, In-Place: 0
[491.669s][info][gc,reloc    ] GC(254) Medium Pages: 0 / 0M, Empty: 0M, Relocated: 0M, In-Place: 0
[491.669s][info][gc,reloc    ] GC(254) Large Pages: 0 / 0M, Empty: 0M, Relocated: 0M, In-Place: 0
[491.669s][info][gc,reloc    ] GC(254) Forwarding Usage: 0M
[491.669s][info][gc,heap     ] GC(254) Min Capacity: 8192M(100%)
[491.669s][info][gc,heap     ] GC(254) Max Capacity: 8192M(100%)
[491.669s][info][gc,heap     ] GC(254) Soft Max Capacity: 8192M(100%)
[491.669s][info][gc,heap     ] GC(254)                Mark Start          Mark End        Relocate Start      Relocate End           High               Low         
[491.669s][info][gc,heap     ] GC(254)  Capacity:     8192M (100%)       8192M (100%)       8192M (100%)       8192M (100%)       8192M (100%)       8192M (100%)   
[491.669s][info][gc,heap     ] GC(254)      Free:     6472M (79%)        6448M (79%)        8002M (98%)        8012M (98%)        8012M (98%)        6448M (79%)    
[491.669s][info][gc,heap     ] GC(254)      Used:     1720M (21%)        1744M (21%)         190M (2%)          180M (2%)         1744M (21%)         180M (2%)     
[491.669s][info][gc,heap     ] GC(254)      Live:         -               132M (2%)          132M (2%)          132M (2%)             -                  -          
[491.669s][info][gc,heap     ] GC(254) Allocated:         -                24M (0%)           32M (0%)           32M (0%)             -                  -          
[491.669s][info][gc,heap     ] GC(254)   Garbage:         -              1587M (19%)          25M (0%)           15M (0%)             -                  -          
[491.669s][info][gc,heap     ] GC(254) Reclaimed:         -                  -              1562M (19%)        1572M (19%)            -                  -          
[491.669s][info][gc          ] GC(254) Garbage Collection (Proactive) 1720M(21%)->180M(2%)
[493.240s][info][gc,start    ] GC(255) Garbage Collection (Proactive)
[493.240s][info][gc,phases   ] GC(255) Pause Mark Start 0.005ms
[493.264s][info][gc,phases   ] GC(255) Concurrent Mark 23.679ms
[493.264s][info][gc,phases   ] GC(255) Pause Mark End 0.009ms
[493.264s][info][gc,phases   ] GC(255) Concurrent Process Non-Strong References 0.482ms
[493.265s][info][gc,phases   ] GC(255) Concurrent Reset Relocation Set 0.001ms
[493.267s][info][gc,phases   ] GC(255) Concurrent Select Relocation Set 2.848ms
[493.268s][info][gc,phases   ] GC(255) Pause Relocate Start 0.004ms
[493.268s][info][gc,phases   ] GC(255) Concurrent Relocate 0.668ms
[493.268s][info][gc,load     ] GC(255) Load: 3.60/3.63/3.61
[493.268s][info][gc,mmu      ] GC(255) MMU: 2ms/98.2%, 5ms/99.3%, 10ms/99.6%, 20ms/99.8%, 50ms/99.9%, 100ms/100.0%
[493.268s][info][gc,marking  ] GC(255) Mark: 2 stripe(s), 2 proactive flush(es), 1 terminate flush(es), 0 completion(s), 0 continuation(s) 
[493.268s][info][gc,nmethod  ] GC(255) NMethods: 484 registered, 0 unregistered
[493.268s][info][gc,metaspace] GC(255) Metaspace: 0M used, 0M committed, 1032M reserved
[493.268s][info][gc,ref      ] GC(255) Soft: 82 encountered, 0 discovered, 0 enqueued
[493.268s][info][gc,ref      ] GC(255) Weak: 200 encountered, 65 discovered, 0 enqueued
[493.268s][info][gc,ref      ] GC(255) Final: 0 encountered, 0 discovered, 0 enqueued
[493.268s][info][gc,ref      ] GC(255) Phantom: 5 encountered, 2 discovered, 0 enqueued
[493.268s][info][gc,reloc    ] GC(255) Small Pages: 910 / 1820M, Empty: 1666M, Relocated: 4M, In-Place: 0
[493.268s][info][gc,reloc    ] GC(255) Medium Pages: 0 / 0M, Empty: 0M, Relocated: 0M, In-Place: 0
[493.268s][info][gc,reloc    ] GC(255) Large Pages: 0 / 0M, Empty: 0M, Relocated: 0M, In-Place: 0
[493.268s][info][gc,reloc    ] GC(255) Forwarding Usage: 0M
[493.268s][info][gc,heap     ] GC(255) Min Capacity: 8192M(100%)
[493.269s][info][gc,heap     ] GC(255) Max Capacity: 8192M(100%)
[493.269s][info][gc,heap     ] GC(255) Soft Max Capacity: 8192M(100%)
[493.269s][info][gc,heap     ] GC(255)                Mark Start          Mark End        Relocate Start      Relocate End           High               Low         
[493.269s][info][gc,heap     ] GC(255)  Capacity:     8192M (100%)       8192M (100%)       8192M (100%)       8192M (100%)       8192M (100%)       8192M (100%)   
[493.269s][info][gc,heap     ] GC(255)      Free:     6372M (78%)        6348M (77%)        8006M (98%)        8010M (98%)        8012M (98%)        6348M (77%)    
[493.269s][info][gc,heap     ] GC(255)      Used:     1820M (22%)        1844M (23%)         186M (2%)          182M (2%)         1844M (23%)         180M (2%)     
[493.269s][info][gc,heap     ] GC(255)      Live:         -               132M (2%)          132M (2%)          132M (2%)             -                  -          
[493.269s][info][gc,heap     ] GC(255) Allocated:         -                24M (0%)           32M (0%)           32M (0%)             -                  -          
[493.269s][info][gc,heap     ] GC(255)   Garbage:         -              1687M (21%)          21M (0%)           17M (0%)             -                  -          
[493.269s][info][gc,heap     ] GC(255) Reclaimed:         -                  -              1666M (20%)        1670M (20%)            -                  -          
[493.269s][info][gc          ] GC(255) Garbage Collection (Proactive) 1820M(22%)->182M(2%)
[494.740s][info][gc,start    ] GC(256) Garbage Collection (Proactive)
[494.740s][info][gc,phases   ] GC(256) Pause Mark Start 0.006ms
[494.763s][info][gc,phases   ] GC(256) Concurrent Mark 23.001ms
[494.763s][info][gc,phases   ] GC(256) Pause Mark End 0.008ms
[494.763s][info][gc,phases   ] GC(256) Concurrent Process Non-Strong References 0.439ms
[494.763s][info][gc,phases   ] GC(256) Concurrent Reset Relocation Set 0.001ms
[494.766s][info][gc,phases   ] GC(256) Concurrent Select Relocation Set 2.787ms
[494.766s][info][gc,phases   ] GC(256) Pause Relocate Start 0.003ms
[494.767s][info][gc,phases   ] GC(256) Concurrent Relocate 0.752ms
[494.767s][info][gc,load     ] GC(256) Load: 3.60/3.63/3.61
[494.767s][info][gc,mmu      ] GC(256) MMU: 2ms/98.2%, 5ms/99.3%, 10ms/99.6%, 20ms/99.8%, 50ms/99.9%, 100ms/100.0%
[494.767s][info][gc,marking  ] GC(256) Mark: 2 stripe(s), 2 proactive flush(es), 1 terminate flush(es), 0 completion(s), 0 continuation(s) 
[494.767s][info][gc,nmethod  ] GC(256) NMethods: 484 registered, 0 unregistered
[494.767s][info][gc,metaspace] GC(256) Metaspace: 0M used, 0M committed, 1032M reserved
[494.767s][info][gc,ref      ] GC(256) Soft: 82 encountered, 0 discovered, 0 enqueued
[494.767s][info][gc,ref      ] GC(256) Weak: 200 encountered, 51 discovered, 0 enqueued
[494.767s][info][gc,ref      ] GC(256) Final: 0 encountered, 0 discovered, 0 enqueued
[494.767s][info][gc,ref      ] GC(256) Phantom: 5 encountered, 3 discovered, 0 enqueued
[494.767s][info][gc,reloc    ] GC(256) Small Pages: 859 / 1718M, Empty: 1558M, Relocated: 4M, In-Place: 0
[494.767s][info][gc,reloc    ] GC(256) Medium Pages: 0 / 0M, Empty: 0M, Relocated: 0M, In-Place: 0
[494.767s][info][gc,reloc    ] GC(256) Large Pages: 0 / 0M, Empty: 0M, Relocated: 0M, In-Place: 0
[494.767s][info][gc,reloc    ] GC(256) Forwarding Usage: 0M
[494.767s][info][gc,heap     ] GC(256) Min Capacity: 8192M(100%)
[494.767s][info][gc,heap     ] GC(256) Max Capacity: 8192M(100%)
[494.767s][info][gc,heap     ] GC(256) Soft Max Capacity: 8192M(100%)
[494.767s][info][gc,heap     ] GC(256)                Mark Start          Mark End        Relocate Start      Relocate End           High               Low         
[494.767s][info][gc,heap     ] GC(256)  Capacity:     8192M (100%)       8192M (100%)       8192M (100%)       8192M (100%)       8192M (100%)       8192M (100%)   
[494.767s][info][gc,heap     ] GC(256)      Free:     6474M (79%)        6450M (79%)        8000M (98%)        8010M (98%)        8010M (98%)        6450M (79%)    
[494.767s][info][gc,heap     ] GC(256)      Used:     1718M (21%)        1742M (21%)         192M (2%)          182M (2%)         1742M (21%)         182M (2%)     
[494.767s][info][gc,heap     ] GC(256)      Live:         -               132M (2%)          132M (2%)          132M (2%)             -                  -          
[494.767s][info][gc,heap     ] GC(256) Allocated:         -                24M (0%)           32M (0%)           32M (0%)             -                  -          
[494.767s][info][gc,heap     ] GC(256)   Garbage:         -              1585M (19%)          27M (0%)           17M (0%)             -                  -          
[494.768s][info][gc,heap     ] GC(256) Reclaimed:         -                  -              1558M (19%)        1568M (19%)            -                  -          
[494.768s][info][gc          ] GC(256) Garbage Collection (Proactive) 1718M(21%)->182M(2%)
[496.240s][info][gc,start    ] GC(257) Garbage Collection (Proactive)
[496.240s][info][gc,phases   ] GC(257) Pause Mark Start 0.005ms
[496.263s][info][gc,phases   ] GC(257) Concurrent Mark 22.550ms
[496.263s][info][gc,phases   ] GC(257) Pause Mark End 0.009ms
[496.264s][info][gc,phases   ] GC(257) Concurrent Process Non-Strong References 0.418ms
[496.264s][info][gc,phases   ] GC(257) Concurrent Reset Relocation Set 0.002ms
[496.266s][info][gc,phases   ] GC(257) Concurrent Select Relocation Set 2.715ms
[496.266s][info][gc,phases   ] GC(257) Pause Relocate Start 0.004ms
[496.267s][info][gc,phases   ] GC(257) Concurrent Relocate 0.718ms
[496.267s][info][gc,load     ] GC(257) Load: 3.72/3.65/3.62
[496.267s][info][gc,mmu      ] GC(257) MMU: 2ms/98.2%, 5ms/99.3%, 10ms/99.6%, 20ms/99.8%, 50ms/99.9%, 100ms/100.0%
[496.267s][info][gc,marking  ] GC(257) Mark: 2 stripe(s), 3 proactive flush(es), 1 terminate flush(es), 0 completion(s), 0 continuation(s) 
[496.267s][info][gc,nmethod  ] GC(257) NMethods: 484 registered, 0 unregistered
[496.267s][info][gc,metaspace] GC(257) Metaspace: 0M used, 0M committed, 1032M reserved
[496.267s][info][gc,ref      ] GC(257) Soft: 82 encountered, 0 discovered, 0 enqueued
[496.267s][info][gc,ref      ] GC(257) Weak: 200 encountered, 62 discovered, 0 enqueued
[496.267s][info][gc,ref      ] GC(257) Final: 0 encountered, 0 discovered, 0 enqueued
[496.267s][info][gc,ref      ] GC(257) Phantom: 5 encountered, 3 discovered, 0 enqueued
[496.267s][info][gc,reloc    ] GC(257) Small Pages: 859 / 1718M, Empty: 1560M, Relocated: 3M, In-Place: 0
[496.267s][info][gc,reloc    ] GC(257) Medium Pages: 0 / 0M, Empty: 0M, Relocated: 0M, In-Place: 0
[496.267s][info][gc,reloc    ] GC(257) Large Pages: 0 / 0M, Empty: 0M, Relocated: 0M, In-Place: 0
[496.267s][info][gc,reloc    ] GC(257) Forwarding Usage: 0M
[496.267s][info][gc,heap     ] GC(257) Min Capacity: 8192M(100%)
[496.267s][info][gc,heap     ] GC(257) Max Capacity: 8192M(100%)
[496.267s][info][gc,heap     ] GC(257) Soft Max Capacity: 8192M(100%)
[496.267s][info][gc,heap     ] GC(257)                Mark Start          Mark End        Relocate Start      Relocate End           High               Low         
[496.267s][info][gc,heap     ] GC(257)  Capacity:     8192M (100%)       8192M (100%)       8192M (100%)       8192M (100%)       8192M (100%)       8192M (100%)   
[496.267s][info][gc,heap     ] GC(257)      Free:     6474M (79%)        6450M (79%)        8002M (98%)        8010M (98%)        8010M (98%)        6450M (79%)    
[496.267s][info][gc,heap     ] GC(257)      Used:     1718M (21%)        1742M (21%)         190M (2%)          182M (2%)         1742M (21%)         182M (2%)     
[496.267s][info][gc,heap     ] GC(257)      Live:         -               132M (2%)          132M (2%)          132M (2%)             -                  -          
[496.267s][info][gc,heap     ] GC(257) Allocated:         -                24M (0%)           32M (0%)           34M (0%)             -                  -          
[496.268s][info][gc,heap     ] GC(257)   Garbage:         -              1585M (19%)          25M (0%)           15M (0%)             -                  -          
[496.268s][info][gc,heap     ] GC(257) Reclaimed:         -                  -              1560M (19%)        1570M (19%)            -                  -          
[496.268s][info][gc          ] GC(257) Garbage Collection (Proactive) 1718M(21%)->182M(2%)
[497.740s][info][gc,start    ] GC(258) Garbage Collection (Proactive)
[497.740s][info][gc,phases   ] GC(258) Pause Mark Start 0.005ms
[497.763s][info][gc,phases   ] GC(258) Concurrent Mark 23.039ms
[497.763s][info][gc,phases   ] GC(258) Pause Mark End 0.009ms
[497.763s][info][gc,phases   ] GC(258) Concurrent Process Non-Strong References 0.401ms
[497.763s][info][gc,phases   ] GC(258) Concurrent Reset Relocation Set 0.001ms
[497.766s][info][gc,phases   ] GC(258) Concurrent Select Relocation Set 2.725ms
[497.766s][info][gc,phases   ] GC(258) Pause Relocate Start 0.003ms
[497.767s][info][gc,phases   ] GC(258) Concurrent Relocate 0.570ms
[497.767s][info][gc,load     ] GC(258) Load: 3.72/3.65/3.62
[497.767s][info][gc,mmu      ] GC(258) MMU: 2ms/98.2%, 5ms/99.3%, 10ms/99.6%, 20ms/99.8%, 50ms/99.9%, 100ms/100.0%
[497.767s][info][gc,marking  ] GC(258) Mark: 2 stripe(s), 2 proactive flush(es), 1 terminate flush(es), 0 completion(s), 0 continuation(s) 
[497.767s][info][gc,nmethod  ] GC(258) NMethods: 484 registered, 0 unregistered
[497.767s][info][gc,metaspace] GC(258) Metaspace: 0M used, 0M committed, 1032M reserved
[497.767s][info][gc,ref      ] GC(258) Soft: 82 encountered, 0 discovered, 0 enqueued
[497.767s][info][gc,ref      ] GC(258) Weak: 200 encountered, 51 discovered, 0 enqueued
[497.767s][info][gc,ref      ] GC(258) Final: 0 encountered, 0 discovered, 0 enqueued
[497.767s][info][gc,ref      ] GC(258) Phantom: 5 encountered, 3 discovered, 0 enqueued
[497.767s][info][gc,reloc    ] GC(258) Small Pages: 859 / 1718M, Empty: 1558M, Relocated: 2M, In-Place: 0
[497.767s][info][gc,reloc    ] GC(258) Medium Pages: 0 / 0M, Empty: 0M, Relocated: 0M, In-Place: 0
[497.767s][info][gc,reloc    ] GC(258) Large Pages: 0 / 0M, Empty: 0M, Relocated: 0M, In-Place: 0
[497.767s][info][gc,reloc    ] GC(258) Forwarding Usage: 0M
[497.767s][info][gc,heap     ] GC(258) Min Capacity: 8192M(100%)
[497.767s][info][gc,heap     ] GC(258) Max Capacity: 8192M(100%)
[497.767s][info][gc,heap     ] GC(258) Soft Max Capacity: 8192M(100%)
[497.767s][info][gc,heap     ] GC(258)                Mark Start          Mark End        Relocate Start      Relocate End           High               Low         
[497.767s][info][gc,heap     ] GC(258)  Capacity:     8192M (100%)       8192M (100%)       8192M (100%)       8192M (100%)       8192M (100%)       8192M (100%)   
[497.767s][info][gc,heap     ] GC(258)      Free:     6474M (79%)        6450M (79%)        8002M (98%)        8012M (98%)        8012M (98%)        6450M (79%)    
[497.767s][info][gc,heap     ] GC(258)      Used:     1718M (21%)        1742M (21%)         190M (2%)          180M (2%)         1742M (21%)         180M (2%)     
[497.767s][info][gc,heap     ] GC(258)      Live:         -               132M (2%)          132M (2%)          132M (2%)             -                  -          
[497.767s][info][gc,heap     ] GC(258) Allocated:         -                24M (0%)           30M (0%)           32M (0%)             -                  -          
[497.767s][info][gc,heap     ] GC(258)   Garbage:         -              1585M (19%)          27M (0%)           15M (0%)             -                  -          
[497.767s][info][gc,heap     ] GC(258) Reclaimed:         -                  -              1558M (19%)        1570M (19%)            -                  -          
[497.767s][info][gc          ] GC(258) Garbage Collection (Proactive) 1718M(21%)->180M(2%)
[499.240s][info][gc,start    ] GC(259) Garbage Collection (Proactive)
[499.240s][info][gc,phases   ] GC(259) Pause Mark Start 0.006ms
[499.263s][info][gc,phases   ] GC(259) Concurrent Mark 23.258ms
[499.263s][info][gc,phases   ] GC(259) Pause Mark End 0.008ms
[499.264s][info][gc,phases   ] GC(259) Concurrent Process Non-Strong References 0.445ms
[499.264s][info][gc,phases   ] GC(259) Concurrent Reset Relocation Set 0.002ms
[499.267s][info][gc,phases   ] GC(259) Concurrent Select Relocation Set 2.751ms
[499.267s][info][gc,phases   ] GC(259) Pause Relocate Start 0.003ms
[499.267s][info][gc,phases   ] GC(259) Concurrent Relocate 0.548ms
[499.267s][info][gc,load     ] GC(259) Load: 3.72/3.65/3.62
[499.267s][info][gc,mmu      ] GC(259) MMU: 2ms/98.2%, 5ms/99.3%, 10ms/99.6%, 20ms/99.8%, 50ms/99.9%, 100ms/100.0%
[499.267s][info][gc,marking  ] GC(259) Mark: 2 stripe(s), 2 proactive flush(es), 1 terminate flush(es), 0 completion(s), 0 continuation(s) 
[499.267s][info][gc,nmethod  ] GC(259) NMethods: 484 registered, 0 unregistered
[499.267s][info][gc,metaspace] GC(259) Metaspace: 0M used, 0M committed, 1032M reserved
[499.267s][info][gc,ref      ] GC(259) Soft: 82 encountered, 0 discovered, 0 enqueued
[499.267s][info][gc,ref      ] GC(259) Weak: 200 encountered, 62 discovered, 0 enqueued
[499.267s][info][gc,ref      ] GC(259) Final: 0 encountered, 0 discovered, 0 enqueued
[499.267s][info][gc,ref      ] GC(259) Phantom: 5 encountered, 3 discovered, 0 enqueued
[499.267s][info][gc,reloc    ] GC(259) Small Pages: 858 / 1716M, Empty: 1558M, Relocated: 3M, In-Place: 0
[499.267s][info][gc,reloc    ] GC(259) Medium Pages: 0 / 0M, Empty: 0M, Relocated: 0M, In-Place: 0
[499.267s][info][gc,reloc    ] GC(259) Large Pages: 0 / 0M, Empty: 0M, Relocated: 0M, In-Place: 0
[499.267s][info][gc,reloc    ] GC(259) Forwarding Usage: 0M
[499.268s][info][gc,heap     ] GC(259) Min Capacity: 8192M(100%)
[499.268s][info][gc,heap     ] GC(259) Max Capacity: 8192M(100%)
[499.268s][info][gc,heap     ] GC(259) Soft Max Capacity: 8192M(100%)
[499.268s][info][gc,heap     ] GC(259)                Mark Start          Mark End        Relocate Start      Relocate End           High               Low         
[499.268s][info][gc,heap     ] GC(259)  Capacity:     8192M (100%)       8192M (100%)       8192M (100%)       8192M (100%)       8192M (100%)       8192M (100%)   
[499.268s][info][gc,heap     ] GC(259)      Free:     6476M (79%)        6452M (79%)        8002M (98%)        8012M (98%)        8012M (98%)        6452M (79%)    
[499.268s][info][gc,heap     ] GC(259)      Used:     1716M (21%)        1740M (21%)         190M (2%)          180M (2%)         1740M (21%)         180M (2%)     
[499.268s][info][gc,heap     ] GC(259)      Live:         -               132M (2%)          132M (2%)          132M (2%)             -                  -          
[499.268s][info][gc,heap     ] GC(259) Allocated:         -                24M (0%)           32M (0%)           32M (0%)             -                  -          
[499.268s][info][gc,heap     ] GC(259)   Garbage:         -              1583M (19%)          25M (0%)           15M (0%)             -                  -          
[499.268s][info][gc,heap     ] GC(259) Reclaimed:         -                  -              1558M (19%)        1568M (19%)            -                  -          
[499.268s][info][gc          ] GC(259) Garbage Collection (Proactive) 1716M(21%)->180M(2%)
[500.040s][info][gc,stats    ] === Garbage Collection Statistics =======================================================================================================================
[500.040s][info][gc,stats    ]                                                              Last 10s              Last 10m              Last 10h                Total
[500.040s][info][gc,stats    ]                                                              Avg / Max             Avg / Max             Avg / Max             Avg / Max
[500.040s][info][gc,stats    ]   Collector: Garbage Collection Cycle                     27.934 / 29.269       30.774 / 95.920       30.774 / 95.920       30.774 / 95.920      ms
[500.040s][info][gc,stats    ]  Contention: Mark Segment Reset Contention                     0 / 0                 0 / 4                 0 / 4                 0 / 4           ops/s
[500.040s][info][gc,stats    ]  Contention: Mark SeqNum Reset Contention                      0 / 0                 0 / 1                 0 / 1                 0 / 1           ops/s
[500.040s][info][gc,stats    ]    Critical: Allocation Stall                                  0 / 0                 0 / 0                 0 / 0                 0 / 0           ops/s
[500.040s][info][gc,stats    ]    Critical: Allocation Stall                              0.000 / 0.000         0.000 / 0.000         0.000 / 0.000         0.000 / 0.000       ms
[500.040s][info][gc,stats    ]    Critical: GC Locker Stall                                   0 / 0                 0 / 0                 0 / 0                 0 / 0           ops/s
[500.040s][info][gc,stats    ]    Critical: GC Locker Stall                               0.000 / 0.000         0.000 / 0.000         0.000 / 0.000         0.000 / 0.000       ms
[500.040s][info][gc,stats    ]    Critical: Relocation Stall                                  0 / 0                 0 / 0                 0 / 0                 0 / 0           ops/s
[500.040s][info][gc,stats    ]    Critical: Relocation Stall                              0.000 / 0.000         0.000 / 0.000         0.000 / 0.000         0.000 / 0.000       ms
[500.040s][info][gc,stats    ]      Memory: Allocation Rate                                1046 / 1050           1060 / 9212           1060 / 9212           1060 / 9212        MB/s
[500.040s][info][gc,stats    ]      Memory: Out Of Memory                                     0 / 0                 0 / 0                 0 / 0                 0 / 0           ops/s
[500.040s][info][gc,stats    ]      Memory: Page Cache Flush                                  0 / 0                 0 / 0                 0 / 0                 0 / 0           MB/s
[500.040s][info][gc,stats    ]      Memory: Page Cache Hit L1                               525 / 528             520 / 533             520 / 533             520 / 533         ops/s
[500.040s][info][gc,stats    ]      Memory: Page Cache Hit L2                                 0 / 0                 0 / 0                 0 / 0                 0 / 0           ops/s
[500.040s][info][gc,stats    ]      Memory: Page Cache Hit L3                                 0 / 0                 3 / 486               3 / 486               3 / 486         ops/s
[500.040s][info][gc,stats    ]      Memory: Page Cache Miss                                   0 / 0                 0 / 1                 0 / 1                 0 / 1           ops/s
[500.040s][info][gc,stats    ]      Memory: Uncommit                                          0 / 0                 0 / 0                 0 / 0                 0 / 0           MB/s
[500.040s][info][gc,stats    ]      Memory: Undo Object Allocation Failed                     0 / 0                 0 / 0                 0 / 0                 0 / 0           ops/s
[500.040s][info][gc,stats    ]      Memory: Undo Object Allocation Succeeded                  0 / 0                 0 / 6                 0 / 6                 0 / 6           ops/s
[500.040s][info][gc,stats    ]      Memory: Undo Page Allocation                              0 / 0                 0 / 1                 0 / 1                 0 / 1           ops/s
[500.040s][info][gc,stats    ]       Phase: Concurrent Mark                              23.411 / 24.539       25.878 / 65.214       25.878 / 65.214       25.878 / 65.214      ms
[500.040s][info][gc,stats    ]       Phase: Concurrent Mark Continue                      0.000 / 0.000         0.000 / 0.000         0.000 / 0.000         0.000 / 0.000       ms
[500.041s][info][gc,stats    ]       Phase: Concurrent Process Non-Strong References      0.437 / 0.482         0.454 / 0.911         0.454 / 0.911         0.454 / 0.911       ms
[500.041s][info][gc,stats    ]       Phase: Concurrent Relocate                           0.656 / 0.761         0.918 / 16.651        0.918 / 16.651        0.918 / 16.651      ms
[500.041s][info][gc,stats    ]       Phase: Concurrent Reset Relocation Set               0.002 / 0.002         0.002 / 0.098         0.002 / 0.098         0.002 / 0.098       ms
[500.041s][info][gc,stats    ]       Phase: Concurrent Select Relocation Set              2.794 / 2.909         2.878 / 12.567        2.878 / 12.567        2.878 / 12.567      ms
[500.041s][info][gc,stats    ]       Phase: Pause Mark End                                0.009 / 0.010         0.009 / 0.025         0.009 / 0.025         0.009 / 0.025       ms
[500.041s][info][gc,stats    ]       Phase: Pause Mark Start                              0.006 / 0.007         0.006 / 0.036         0.006 / 0.036         0.006 / 0.036       ms
[500.041s][info][gc,stats    ]       Phase: Pause Relocate Start                          0.004 / 0.005         0.004 / 0.026         0.004 / 0.026         0.004 / 0.026       ms
[500.041s][info][gc,stats    ]    Subphase: Concurrent Classes Purge                      0.030 / 0.039         0.030 / 0.102         0.030 / 0.102         0.030 / 0.102       ms
[500.041s][info][gc,stats    ]    Subphase: Concurrent Classes Unlink                     0.288 / 0.300         0.294 / 0.571         0.294 / 0.571         0.294 / 0.571       ms
[500.041s][info][gc,stats    ]    Subphase: Concurrent Mark                              22.682 / 24.219       25.080 / 64.907       25.080 / 64.907       25.080 / 64.907      ms
[500.041s][info][gc,stats    ]    Subphase: Concurrent Mark Idle                          1.174 / 1.312         1.194 / 1.347         1.194 / 1.347         1.194 / 1.347       ms
[500.041s][info][gc,stats    ]    Subphase: Concurrent Mark Try Flush                     0.034 / 0.074         0.034 / 0.135         0.034 / 0.135         0.034 / 0.135       ms
[500.041s][info][gc,stats    ]    Subphase: Concurrent Mark Try Terminate                 0.434 / 1.314         0.440 / 1.361         0.440 / 1.361         0.440 / 1.361       ms
[500.041s][info][gc,stats    ]    Subphase: Concurrent References Enqueue                 0.000 / 0.000         0.000 / 0.008         0.000 / 0.008         0.000 / 0.008       ms
[500.041s][info][gc,stats    ]    Subphase: Concurrent References Process                 0.021 / 0.026         0.026 / 0.095         0.026 / 0.095         0.026 / 0.095       ms
[500.041s][info][gc,stats    ]    Subphase: Concurrent Roots ClassLoaderDataGraph         0.015 / 0.036         0.017 / 0.132         0.017 / 0.132         0.017 / 0.132       ms
[500.041s][info][gc,stats    ]    Subphase: Concurrent Roots CodeCache                    0.000 / 0.000         0.000 / 0.000         0.000 / 0.000         0.000 / 0.000       ms
[500.041s][info][gc,stats    ]    Subphase: Concurrent Roots JavaThreads                  0.197 / 0.248         0.210 / 0.485         0.210 / 0.485         0.210 / 0.485       ms
[500.041s][info][gc,stats    ]    Subphase: Concurrent Roots OopStorageSet                0.004 / 0.006         0.004 / 0.041         0.004 / 0.041         0.004 / 0.041       ms
[500.041s][info][gc,stats    ]    Subphase: Concurrent Weak Roots OopStorageSet           0.037 / 0.052         0.038 / 0.120         0.038 / 0.120         0.038 / 0.120       ms
[500.041s][info][gc,stats    ]    Subphase: Pause Mark Try Complete                       0.000 / 0.000         0.000 / 0.000         0.000 / 0.000         0.000 / 0.000       ms
[500.041s][info][gc,stats    ]      System: Java Threads                                     16 / 16               16 / 20               16 / 20               16 / 20          threads
[500.041s][info][gc,stats    ] =========================================================================================================================================================
[500.740s][info][gc,start    ] GC(260) Garbage Collection (Proactive)
[500.740s][info][gc,phases   ] GC(260) Pause Mark Start 0.004ms
[500.762s][info][gc,phases   ] GC(260) Concurrent Mark 21.827ms
[500.762s][info][gc,phases   ] GC(260) Pause Mark End 0.008ms
[500.762s][info][gc,phases   ] GC(260) Concurrent Process Non-Strong References 0.356ms
[500.762s][info][gc,phases   ] GC(260) Concurrent Reset Relocation Set 0.001ms
[500.764s][info][gc,phases   ] GC(260) Concurrent Select Relocation Set 2.224ms
[500.764s][info][gc,phases   ] GC(260) Pause Relocate Start 0.004ms
[500.765s][info][gc,phases   ] GC(260) Concurrent Relocate 0.438ms
[500.765s][info][gc,load     ] GC(260) Load: 3.72/3.65/3.62
[500.765s][info][gc,mmu      ] GC(260) MMU: 2ms/98.2%, 5ms/99.3%, 10ms/99.6%, 20ms/99.8%, 50ms/99.9%, 100ms/100.0%
[500.765s][info][gc,marking  ] GC(260) Mark: 2 stripe(s), 2 proactive flush(es), 1 terminate flush(es), 0 completion(s), 0 continuation(s) 
[500.765s][info][gc,nmethod  ] GC(260) NMethods: 484 registered, 0 unregistered
[500.765s][info][gc,metaspace] GC(260) Metaspace: 0M used, 0M committed, 1032M reserved
[500.765s][info][gc,ref      ] GC(260) Soft: 82 encountered, 0 discovered, 0 enqueued
[500.765s][info][gc,ref      ] GC(260) Weak: 200 encountered, 55 discovered, 0 enqueued
[500.765s][info][gc,ref      ] GC(260) Final: 0 encountered, 0 discovered, 0 enqueued
[500.765s][info][gc,ref      ] GC(260) Phantom: 5 encountered, 3 discovered, 0 enqueued
[500.765s][info][gc,reloc    ] GC(260) Small Pages: 858 / 1716M, Empty: 1560M, Relocated: 3M, In-Place: 0
[500.765s][info][gc,reloc    ] GC(260) Medium Pages: 0 / 0M, Empty: 0M, Relocated: 0M, In-Place: 0
[500.765s][info][gc,reloc    ] GC(260) Large Pages: 0 / 0M, Empty: 0M, Relocated: 0M, In-Place: 0
[500.765s][info][gc,reloc    ] GC(260) Forwarding Usage: 0M
[500.765s][info][gc,heap     ] GC(260) Min Capacity: 8192M(100%)
[500.765s][info][gc,heap     ] GC(260) Max Capacity: 8192M(100%)
[500.765s][info][gc,heap     ] GC(260) Soft Max Capacity: 8192M(100%)
[500.765s][info][gc,heap     ] GC(260)                Mark Start          Mark End        Relocate Start      Relocate End           High               Low         
[500.765s][info][gc,heap     ] GC(260)  Capacity:     8192M (100%)       8192M (100%)       8192M (100%)       8192M (100%)       8192M (100%)       8192M (100%)   
[500.765s][info][gc,heap     ] GC(260)      Free:     6476M (79%)        6452M (79%)        8012M (98%)        8020M (98%)        8020M (98%)        6452M (79%)    
[500.765s][info][gc,heap     ] GC(260)      Used:     1716M (21%)        1740M (21%)         180M (2%)          172M (2%)         1740M (21%)         172M (2%)     
[500.765s][info][gc,heap     ] GC(260)      Live:         -               132M (2%)          132M (2%)          132M (2%)             -                  -          
[500.765s][info][gc,heap     ] GC(260) Allocated:         -                24M (0%)           24M (0%)           24M (0%)             -                  -          
[500.765s][info][gc,heap     ] GC(260)   Garbage:         -              1583M (19%)          23M (0%)           15M (0%)             -                  -          
[500.765s][info][gc,heap     ] GC(260) Reclaimed:         -                  -              1560M (19%)        1568M (19%)            -                  -          
[500.765s][info][gc          ] GC(260) Garbage Collection (Proactive) 1716M(21%)->172M(2%)
[502.240s][info][gc,start    ] GC(261) Garbage Collection (Proactive)
[502.240s][info][gc,phases   ] GC(261) Pause Mark Start 0.005ms
[502.262s][info][gc,phases   ] GC(261) Concurrent Mark 22.164ms
[502.262s][info][gc,phases   ] GC(261) Pause Mark End 0.008ms
[502.263s][info][gc,phases   ] GC(261) Concurrent Process Non-Strong References 0.376ms
[502.263s][info][gc,phases   ] GC(261) Concurrent Reset Relocation Set 0.001ms
[502.265s][info][gc,phases   ] GC(261) Concurrent Select Relocation Set 2.543ms
[502.265s][info][gc,phases   ] GC(261) Pause Relocate Start 0.004ms
[502.266s][info][gc,phases   ] GC(261) Concurrent Relocate 0.525ms
[502.266s][info][gc,load     ] GC(261) Load: 3.82/3.68/3.62
[502.266s][info][gc,mmu      ] GC(261) MMU: 2ms/98.2%, 5ms/99.3%, 10ms/99.6%, 20ms/99.8%, 50ms/99.9%, 100ms/100.0%
[502.266s][info][gc,marking  ] GC(261) Mark: 2 stripe(s), 2 proactive flush(es), 1 terminate flush(es), 0 completion(s), 0 continuation(s) 
[502.266s][info][gc,nmethod  ] GC(261) NMethods: 484 registered, 0 unregistered
[502.266s][info][gc,metaspace] GC(261) Metaspace: 0M used, 0M committed, 1032M reserved
[502.266s][info][gc,ref      ] GC(261) Soft: 82 encountered, 0 discovered, 0 enqueued
[502.266s][info][gc,ref      ] GC(261) Weak: 200 encountered, 62 discovered, 0 enqueued
[502.266s][info][gc,ref      ] GC(261) Final: 0 encountered, 0 discovered, 0 enqueued
[502.266s][info][gc,ref      ] GC(261) Phantom: 5 encountered, 3 discovered, 0 enqueued
[502.266s][info][gc,reloc    ] GC(261) Small Pages: 858 / 1716M, Empty: 1562M, Relocated: 3M, In-Place: 0
[502.266s][info][gc,reloc    ] GC(261) Medium Pages: 0 / 0M, Empty: 0M, Relocated: 0M, In-Place: 0
[502.266s][info][gc,reloc    ] GC(261) Large Pages: 0 / 0M, Empty: 0M, Relocated: 0M, In-Place: 0
[502.266s][info][gc,reloc    ] GC(261) Forwarding Usage: 0M
[502.266s][info][gc,heap     ] GC(261) Min Capacity: 8192M(100%)
[502.266s][info][gc,heap     ] GC(261) Max Capacity: 8192M(100%)
[502.266s][info][gc,heap     ] GC(261) Soft Max Capacity: 8192M(100%)
[502.266s][info][gc,heap     ] GC(261)                Mark Start          Mark End        Relocate Start      Relocate End           High               Low         
[502.266s][info][gc,heap     ] GC(261)  Capacity:     8192M (100%)       8192M (100%)       8192M (100%)       8192M (100%)       8192M (100%)       8192M (100%)   
[502.266s][info][gc,heap     ] GC(261)      Free:     6476M (79%)        6452M (79%)        8014M (98%)        8018M (98%)        8018M (98%)        6452M (79%)    
[502.266s][info][gc,heap     ] GC(261)      Used:     1716M (21%)        1740M (21%)         178M (2%)          174M (2%)         1740M (21%)         174M (2%)     
[502.266s][info][gc,heap     ] GC(261)      Live:         -               132M (2%)          132M (2%)          132M (2%)             -                  -          
[502.266s][info][gc,heap     ] GC(261) Allocated:         -                24M (0%)           24M (0%)           26M (0%)             -                  -          
[502.266s][info][gc,heap     ] GC(261)   Garbage:         -              1583M (19%)          21M (0%)           15M (0%)             -                  -          
[502.266s][info][gc,heap     ] GC(261) Reclaimed:         -                  -              1562M (19%)        1568M (19%)            -                  -          
[502.266s][info][gc          ] GC(261) Garbage Collection (Proactive) 1716M(21%)->174M(2%)
[503.639s][info][gc,start    ] GC(262) Garbage Collection (Proactive)
[503.640s][info][gc,phases   ] GC(262) Pause Mark Start 0.005ms
[503.663s][info][gc,phases   ] GC(262) Concurrent Mark 22.946ms
[503.663s][info][gc,phases   ] GC(262) Pause Mark End 0.008ms
[503.663s][info][gc,phases   ] GC(262) Concurrent Process Non-Strong References 0.382ms
[503.663s][info][gc,phases   ] GC(262) Concurrent Reset Relocation Set 0.001ms
[503.666s][info][gc,phases   ] GC(262) Concurrent Select Relocation Set 2.748ms
[503.666s][info][gc,phases   ] GC(262) Pause Relocate Start 0.004ms
[503.667s][info][gc,phases   ] GC(262) Concurrent Relocate 0.771ms
[503.667s][info][gc,load     ] GC(262) Load: 3.82/3.68/3.62
[503.667s][info][gc,mmu      ] GC(262) MMU: 2ms/98.2%, 5ms/99.3%, 10ms/99.6%, 20ms/99.8%, 50ms/99.9%, 100ms/100.0%
[503.667s][info][gc,marking  ] GC(262) Mark: 2 stripe(s), 2 proactive flush(es), 1 terminate flush(es), 0 completion(s), 0 continuation(s) 
[503.667s][info][gc,nmethod  ] GC(262) NMethods: 484 registered, 0 unregistered
[503.667s][info][gc,metaspace] GC(262) Metaspace: 0M used, 0M committed, 1032M reserved
[503.667s][info][gc,ref      ] GC(262) Soft: 82 encountered, 0 discovered, 0 enqueued
[503.667s][info][gc,ref      ] GC(262) Weak: 200 encountered, 50 discovered, 0 enqueued
[503.667s][info][gc,ref      ] GC(262) Final: 0 encountered, 0 discovered, 0 enqueued
[503.667s][info][gc,ref      ] GC(262) Phantom: 5 encountered, 3 discovered, 0 enqueued
[503.667s][info][gc,reloc    ] GC(262) Small Pages: 806 / 1612M, Empty: 1458M, Relocated: 3M, In-Place: 0
[503.667s][info][gc,reloc    ] GC(262) Medium Pages: 0 / 0M, Empty: 0M, Relocated: 0M, In-Place: 0
[503.667s][info][gc,reloc    ] GC(262) Large Pages: 0 / 0M, Empty: 0M, Relocated: 0M, In-Place: 0
[503.667s][info][gc,reloc    ] GC(262) Forwarding Usage: 0M
[503.667s][info][gc,heap     ] GC(262) Min Capacity: 8192M(100%)
[503.667s][info][gc,heap     ] GC(262) Max Capacity: 8192M(100%)
[503.667s][info][gc,heap     ] GC(262) Soft Max Capacity: 8192M(100%)
[503.667s][info][gc,heap     ] GC(262)                Mark Start          Mark End        Relocate Start      Relocate End           High               Low         
[503.667s][info][gc,heap     ] GC(262)  Capacity:     8192M (100%)       8192M (100%)       8192M (100%)       8192M (100%)       8192M (100%)       8192M (100%)   
[503.667s][info][gc,heap     ] GC(262)      Free:     6580M (80%)        6556M (80%)        8008M (98%)        8008M (98%)        8010M (98%)        6556M (80%)    
[503.667s][info][gc,heap     ] GC(262)      Used:     1612M (20%)        1636M (20%)         184M (2%)          184M (2%)         1636M (20%)         182M (2%)     
[503.667s][info][gc,heap     ] GC(262)      Live:         -               132M (2%)          132M (2%)          132M (2%)             -                  -          
[503.667s][info][gc,heap     ] GC(262) Allocated:         -                24M (0%)           30M (0%)           34M (0%)             -                  -          
[503.667s][info][gc,heap     ] GC(262)   Garbage:         -              1479M (18%)          21M (0%)           17M (0%)             -                  -          
[503.667s][info][gc,heap     ] GC(262) Reclaimed:         -                  -              1458M (18%)        1462M (18%)            -                  -          
[503.667s][info][gc          ] GC(262) Garbage Collection (Proactive) 1612M(20%)->184M(2%)
[505.140s][info][gc,start    ] GC(263) Garbage Collection (Proactive)
[505.140s][info][gc,phases   ] GC(263) Pause Mark Start 0.006ms
[505.164s][info][gc,phases   ] GC(263) Concurrent Mark 24.062ms
[505.164s][info][gc,phases   ] GC(263) Pause Mark End 0.008ms
[505.165s][info][gc,phases   ] GC(263) Concurrent Process Non-Strong References 0.393ms
[505.165s][info][gc,phases   ] GC(263) Concurrent Reset Relocation Set 0.001ms
[505.168s][info][gc,phases   ] GC(263) Concurrent Select Relocation Set 2.861ms
[505.168s][info][gc,phases   ] GC(263) Pause Relocate Start 0.003ms
[505.168s][info][gc,phases   ] GC(263) Concurrent Relocate 0.637ms
[505.168s][info][gc,load     ] GC(263) Load: 3.82/3.68/3.62
[505.168s][info][gc,mmu      ] GC(263) MMU: 2ms/98.2%, 5ms/99.3%, 10ms/99.6%, 20ms/99.8%, 50ms/99.9%, 100ms/100.0%
[505.168s][info][gc,marking  ] GC(263) Mark: 2 stripe(s), 3 proactive flush(es), 1 terminate flush(es), 0 completion(s), 0 continuation(s) 
[505.168s][info][gc,nmethod  ] GC(263) NMethods: 484 registered, 0 unregistered
[505.168s][info][gc,metaspace] GC(263) Metaspace: 0M used, 0M committed, 1032M reserved
[505.168s][info][gc,ref      ] GC(263) Soft: 82 encountered, 0 discovered, 0 enqueued
[505.168s][info][gc,ref      ] GC(263) Weak: 200 encountered, 53 discovered, 0 enqueued
[505.168s][info][gc,ref      ] GC(263) Final: 0 encountered, 0 discovered, 0 enqueued
[505.168s][info][gc,ref      ] GC(263) Phantom: 5 encountered, 5 discovered, 0 enqueued
[505.169s][info][gc,reloc    ] GC(263) Small Pages: 859 / 1718M, Empty: 1562M, Relocated: 4M, In-Place: 0
[505.169s][info][gc,reloc    ] GC(263) Medium Pages: 0 / 0M, Empty: 0M, Relocated: 0M, In-Place: 0
[505.169s][info][gc,reloc    ] GC(263) Large Pages: 0 / 0M, Empty: 0M, Relocated: 0M, In-Place: 0
[505.169s][info][gc,reloc    ] GC(263) Forwarding Usage: 0M
[505.169s][info][gc,heap     ] GC(263) Min Capacity: 8192M(100%)
[505.169s][info][gc,heap     ] GC(263) Max Capacity: 8192M(100%)
[505.169s][info][gc,heap     ] GC(263) Soft Max Capacity: 8192M(100%)
[505.169s][info][gc,heap     ] GC(263)                Mark Start          Mark End        Relocate Start      Relocate End           High               Low         
[505.169s][info][gc,heap     ] GC(263)  Capacity:     8192M (100%)       8192M (100%)       8192M (100%)       8192M (100%)       8192M (100%)       8192M (100%)   
[505.169s][info][gc,heap     ] GC(263)      Free:     6474M (79%)        6450M (79%)        8004M (98%)        8008M (98%)        8008M (98%)        6450M (79%)    
[505.169s][info][gc,heap     ] GC(263)      Used:     1718M (21%)        1742M (21%)         188M (2%)          184M (2%)         1742M (21%)         184M (2%)     
[505.169s][info][gc,heap     ] GC(263)      Live:         -               132M (2%)          132M (2%)          132M (2%)             -                  -          
[505.169s][info][gc,heap     ] GC(263) Allocated:         -                24M (0%)           32M (0%)           34M (0%)             -                  -          
[505.169s][info][gc,heap     ] GC(263)   Garbage:         -              1585M (19%)          23M (0%)           17M (0%)             -                  -          
[505.169s][info][gc,heap     ] GC(263) Reclaimed:         -                  -              1562M (19%)        1568M (19%)            -                  -          
[505.169s][info][gc          ] GC(263) Garbage Collection (Proactive) 1718M(21%)->184M(2%)
[506.740s][info][gc,start    ] GC(264) Garbage Collection (Proactive)
[506.740s][info][gc,phases   ] GC(264) Pause Mark Start 0.005ms
[506.761s][info][gc,phases   ] GC(264) Concurrent Mark 21.042ms
[506.761s][info][gc,phases   ] GC(264) Pause Mark End 0.008ms
[506.761s][info][gc,phases   ] GC(264) Concurrent Process Non-Strong References 0.436ms
[506.761s][info][gc,phases   ] GC(264) Concurrent Reset Relocation Set 0.001ms
[506.764s][info][gc,phases   ] GC(264) Concurrent Select Relocation Set 2.714ms
[506.764s][info][gc,phases   ] GC(264) Pause Relocate Start 0.005ms
[506.765s][info][gc,phases   ] GC(264) Concurrent Relocate 0.647ms
[506.765s][info][gc,load     ] GC(264) Load: 3.75/3.67/3.62
[506.765s][info][gc,mmu      ] GC(264) MMU: 2ms/98.2%, 5ms/99.3%, 10ms/99.6%, 20ms/99.8%, 50ms/99.9%, 100ms/100.0%
[506.765s][info][gc,marking  ] GC(264) Mark: 2 stripe(s), 2 proactive flush(es), 1 terminate flush(es), 0 completion(s), 0 continuation(s) 
[506.765s][info][gc,nmethod  ] GC(264) NMethods: 484 registered, 0 unregistered
[506.765s][info][gc,metaspace] GC(264) Metaspace: 0M used, 0M committed, 1032M reserved
[506.765s][info][gc,ref      ] GC(264) Soft: 82 encountered, 0 discovered, 0 enqueued
[506.765s][info][gc,ref      ] GC(264) Weak: 200 encountered, 59 discovered, 0 enqueued
[506.765s][info][gc,ref      ] GC(264) Final: 0 encountered, 0 discovered, 0 enqueued
[506.765s][info][gc,ref      ] GC(264) Phantom: 5 encountered, 5 discovered, 0 enqueued
[506.765s][info][gc,reloc    ] GC(264) Small Pages: 911 / 1822M, Empty: 1664M, Relocated: 4M, In-Place: 0
[506.765s][info][gc,reloc    ] GC(264) Medium Pages: 0 / 0M, Empty: 0M, Relocated: 0M, In-Place: 0
[506.765s][info][gc,reloc    ] GC(264) Large Pages: 0 / 0M, Empty: 0M, Relocated: 0M, In-Place: 0
[506.765s][info][gc,reloc    ] GC(264) Forwarding Usage: 0M
[506.765s][info][gc,heap     ] GC(264) Min Capacity: 8192M(100%)
[506.765s][info][gc,heap     ] GC(264) Max Capacity: 8192M(100%)
[506.765s][info][gc,heap     ] GC(264) Soft Max Capacity: 8192M(100%)
[506.765s][info][gc,heap     ] GC(264)                Mark Start          Mark End        Relocate Start      Relocate End           High               Low         
[506.765s][info][gc,heap     ] GC(264)  Capacity:     8192M (100%)       8192M (100%)       8192M (100%)       8192M (100%)       8192M (100%)       8192M (100%)   
[506.765s][info][gc,heap     ] GC(264)      Free:     6370M (78%)        6346M (77%)        8010M (98%)        8018M (98%)        8018M (98%)        6346M (77%)    
[506.765s][info][gc,heap     ] GC(264)      Used:     1822M (22%)        1846M (23%)         182M (2%)          174M (2%)         1846M (23%)         174M (2%)     
[506.765s][info][gc,heap     ] GC(264)      Live:         -               132M (2%)          132M (2%)          132M (2%)             -                  -          
[506.765s][info][gc,heap     ] GC(264) Allocated:         -                24M (0%)           24M (0%)           24M (0%)             -                  -          
[506.765s][info][gc,heap     ] GC(264)   Garbage:         -              1689M (21%)          25M (0%)           17M (0%)             -                  -          
[506.765s][info][gc,heap     ] GC(264) Reclaimed:         -                  -              1664M (20%)        1672M (20%)            -                  -          
[506.765s][info][gc          ] GC(264) Garbage Collection (Proactive) 1822M(22%)->174M(2%)
[508.340s][info][gc,start    ] GC(265) Garbage Collection (Proactive)
[508.340s][info][gc,phases   ] GC(265) Pause Mark Start 0.005ms
[508.362s][info][gc,phases   ] GC(265) Concurrent Mark 21.152ms
[508.362s][info][gc,phases   ] GC(265) Pause Mark End 0.013ms
[508.362s][info][gc,phases   ] GC(265) Concurrent Process Non-Strong References 0.360ms
[508.362s][info][gc,phases   ] GC(265) Concurrent Reset Relocation Set 0.002ms
[508.364s][info][gc,phases   ] GC(265) Concurrent Select Relocation Set 2.333ms
[508.364s][info][gc,phases   ] GC(265) Pause Relocate Start 0.004ms
[508.365s][info][gc,phases   ] GC(265) Concurrent Relocate 0.581ms
[508.365s][info][gc,load     ] GC(265) Load: 3.75/3.67/3.62
[508.365s][info][gc,mmu      ] GC(265) MMU: 2ms/98.2%, 5ms/99.3%, 10ms/99.6%, 20ms/99.8%, 50ms/99.9%, 100ms/100.0%
[508.365s][info][gc,marking  ] GC(265) Mark: 2 stripe(s), 2 proactive flush(es), 1 terminate flush(es), 0 completion(s), 0 continuation(s) 
[508.365s][info][gc,nmethod  ] GC(265) NMethods: 484 registered, 0 unregistered
[508.365s][info][gc,metaspace] GC(265) Metaspace: 0M used, 0M committed, 1032M reserved
[508.365s][info][gc,ref      ] GC(265) Soft: 82 encountered, 0 discovered, 0 enqueued
[508.365s][info][gc,ref      ] GC(265) Weak: 200 encountered, 62 discovered, 0 enqueued
[508.365s][info][gc,ref      ] GC(265) Final: 0 encountered, 0 discovered, 0 enqueued
[508.365s][info][gc,ref      ] GC(265) Phantom: 5 encountered, 5 discovered, 0 enqueued
[508.365s][info][gc,reloc    ] GC(265) Small Pages: 911 / 1822M, Empty: 1666M, Relocated: 4M, In-Place: 0
[508.365s][info][gc,reloc    ] GC(265) Medium Pages: 0 / 0M, Empty: 0M, Relocated: 0M, In-Place: 0
[508.365s][info][gc,reloc    ] GC(265) Large Pages: 0 / 0M, Empty: 0M, Relocated: 0M, In-Place: 0
[508.365s][info][gc,reloc    ] GC(265) Forwarding Usage: 0M
[508.365s][info][gc,heap     ] GC(265) Min Capacity: 8192M(100%)
[508.365s][info][gc,heap     ] GC(265) Max Capacity: 8192M(100%)
[508.365s][info][gc,heap     ] GC(265) Soft Max Capacity: 8192M(100%)
[508.365s][info][gc,heap     ] GC(265)                Mark Start          Mark End        Relocate Start      Relocate End           High               Low         
[508.365s][info][gc,heap     ] GC(265)  Capacity:     8192M (100%)       8192M (100%)       8192M (100%)       8192M (100%)       8192M (100%)       8192M (100%)   
[508.365s][info][gc,heap     ] GC(265)      Free:     6370M (78%)        6346M (77%)        8012M (98%)        8018M (98%)        8018M (98%)        6346M (77%)    
[508.365s][info][gc,heap     ] GC(265)      Used:     1822M (22%)        1846M (23%)         180M (2%)          174M (2%)         1846M (23%)         174M (2%)     
[508.365s][info][gc,heap     ] GC(265)      Live:         -               132M (2%)          132M (2%)          132M (2%)             -                  -          
[508.365s][info][gc,heap     ] GC(265) Allocated:         -                24M (0%)           24M (0%)           24M (0%)             -                  -          
[508.365s][info][gc,heap     ] GC(265)   Garbage:         -              1689M (21%)          23M (0%)           17M (0%)             -                  -          
[508.365s][info][gc,heap     ] GC(265) Reclaimed:         -                  -              1666M (20%)        1672M (20%)            -                  -          
[508.365s][info][gc          ] GC(265) Garbage Collection (Proactive) 1822M(22%)->174M(2%)
[509.840s][info][gc,start    ] GC(266) Garbage Collection (Proactive)
[509.840s][info][gc,phases   ] GC(266) Pause Mark Start 0.005ms
[509.861s][info][gc,phases   ] GC(266) Concurrent Mark 20.797ms
[509.861s][info][gc,phases   ] GC(266) Pause Mark End 0.008ms
[509.861s][info][gc,phases   ] GC(266) Concurrent Process Non-Strong References 0.339ms
[509.861s][info][gc,phases   ] GC(266) Concurrent Reset Relocation Set 0.001ms
[509.863s][info][gc,phases   ] GC(266) Concurrent Select Relocation Set 2.239ms
[509.864s][info][gc,phases   ] GC(266) Pause Relocate Start 0.004ms
[509.864s][info][gc,phases   ] GC(266) Concurrent Relocate 0.557ms
[509.864s][info][gc,load     ] GC(266) Load: 3.75/3.67/3.62
[509.864s][info][gc,mmu      ] GC(266) MMU: 2ms/98.2%, 5ms/99.3%, 10ms/99.6%, 20ms/99.8%, 50ms/99.9%, 100ms/100.0%
[509.864s][info][gc,marking  ] GC(266) Mark: 2 stripe(s), 2 proactive flush(es), 1 terminate flush(es), 0 completion(s), 0 continuation(s) 
[509.864s][info][gc,nmethod  ] GC(266) NMethods: 484 registered, 0 unregistered
[509.864s][info][gc,metaspace] GC(266) Metaspace: 0M used, 0M committed, 1032M reserved
[509.864s][info][gc,ref      ] GC(266) Soft: 82 encountered, 0 discovered, 0 enqueued
[509.864s][info][gc,ref      ] GC(266) Weak: 200 encountered, 54 discovered, 0 enqueued
[509.864s][info][gc,ref      ] GC(266) Final: 0 encountered, 0 discovered, 0 enqueued
[509.864s][info][gc,ref      ] GC(266) Phantom: 5 encountered, 3 discovered, 0 enqueued
[509.864s][info][gc,reloc    ] GC(266) Small Pages: 859 / 1718M, Empty: 1558M, Relocated: 4M, In-Place: 0
[509.864s][info][gc,reloc    ] GC(266) Medium Pages: 0 / 0M, Empty: 0M, Relocated: 0M, In-Place: 0
[509.864s][info][gc,reloc    ] GC(266) Large Pages: 0 / 0M, Empty: 0M, Relocated: 0M, In-Place: 0
[509.864s][info][gc,reloc    ] GC(266) Forwarding Usage: 0M
[509.864s][info][gc,heap     ] GC(266) Min Capacity: 8192M(100%)
[509.864s][info][gc,heap     ] GC(266) Max Capacity: 8192M(100%)
[509.864s][info][gc,heap     ] GC(266) Soft Max Capacity: 8192M(100%)
[509.864s][info][gc,heap     ] GC(266)                Mark Start          Mark End        Relocate Start      Relocate End           High               Low         
[509.864s][info][gc,heap     ] GC(266)  Capacity:     8192M (100%)       8192M (100%)       8192M (100%)       8192M (100%)       8192M (100%)       8192M (100%)   
[509.864s][info][gc,heap     ] GC(266)      Free:     6474M (79%)        6450M (79%)        8008M (98%)        8020M (98%)        8020M (98%)        6450M (79%)    
[509.864s][info][gc,heap     ] GC(266)      Used:     1718M (21%)        1742M (21%)         184M (2%)          172M (2%)         1742M (21%)         172M (2%)     
[509.864s][info][gc,heap     ] GC(266)      Live:         -               132M (2%)          132M (2%)          132M (2%)             -                  -          
[509.864s][info][gc,heap     ] GC(266) Allocated:         -                24M (0%)           24M (0%)           24M (0%)             -                  -          
[509.864s][info][gc,heap     ] GC(266)   Garbage:         -              1585M (19%)          27M (0%)           15M (0%)             -                  -          
[509.864s][info][gc,heap     ] GC(266) Reclaimed:         -                  -              1558M (19%)        1570M (19%)            -                  -          
[509.864s][info][gc          ] GC(266) Garbage Collection (Proactive) 1718M(21%)->172M(2%)
[510.040s][info][gc,stats    ] === Garbage Collection Statistics =======================================================================================================================
[510.040s][info][gc,stats    ]                                                              Last 10s              Last 10m              Last 10h                Total
[510.040s][info][gc,stats    ]                                                              Avg / Max             Avg / Max             Avg / Max             Avg / Max
[510.040s][info][gc,stats    ]   Collector: Garbage Collection Cycle                     25.986 / 28.438       30.648 / 95.920       30.648 / 95.920       30.648 / 95.920      ms
[510.040s][info][gc,stats    ]  Contention: Mark Segment Reset Contention                     0 / 1                 0 / 4                 0 / 4                 0 / 4           ops/s
[510.040s][info][gc,stats    ]  Contention: Mark SeqNum Reset Contention                      0 / 0                 0 / 1                 0 / 1                 0 / 1           ops/s
[510.040s][info][gc,stats    ]    Critical: Allocation Stall                                  0 / 0                 0 / 0                 0 / 0                 0 / 0           ops/s
[510.040s][info][gc,stats    ]    Critical: Allocation Stall                              0.000 / 0.000         0.000 / 0.000         0.000 / 0.000         0.000 / 0.000       ms
[510.040s][info][gc,stats    ]    Critical: GC Locker Stall                                   0 / 0                 0 / 0                 0 / 0                 0 / 0           ops/s
[510.040s][info][gc,stats    ]    Critical: GC Locker Stall                               0.000 / 0.000         0.000 / 0.000         0.000 / 0.000         0.000 / 0.000       ms
[510.040s][info][gc,stats    ]    Critical: Relocation Stall                                  0 / 0                 0 / 0                 0 / 0                 0 / 0           ops/s
[510.040s][info][gc,stats    ]    Critical: Relocation Stall                              0.000 / 0.000         0.000 / 0.000         0.000 / 0.000         0.000 / 0.000       ms
[510.040s][info][gc,stats    ]      Memory: Allocation Rate                                1045 / 1048           1060 / 9212           1060 / 9212           1060 / 9212        MB/s
[510.040s][info][gc,stats    ]      Memory: Out Of Memory                                     0 / 0                 0 / 0                 0 / 0                 0 / 0           ops/s
[510.040s][info][gc,stats    ]      Memory: Page Cache Flush                                  0 / 0                 0 / 0                 0 / 0                 0 / 0           MB/s
[510.040s][info][gc,stats    ]      Memory: Page Cache Hit L1                               525 / 528             520 / 533             520 / 533             520 / 533         ops/s
[510.040s][info][gc,stats    ]      Memory: Page Cache Hit L2                                 0 / 0                 0 / 0                 0 / 0                 0 / 0           ops/s
[510.040s][info][gc,stats    ]      Memory: Page Cache Hit L3                                 0 / 0                 3 / 486               3 / 486               3 / 486         ops/s
[510.040s][info][gc,stats    ]      Memory: Page Cache Miss                                   0 / 0                 0 / 1                 0 / 1                 0 / 1           ops/s
[510.040s][info][gc,stats    ]      Memory: Uncommit                                          0 / 0                 0 / 0                 0 / 0                 0 / 0           MB/s
[510.040s][info][gc,stats    ]      Memory: Undo Object Allocation Failed                     0 / 0                 0 / 0                 0 / 0                 0 / 0           ops/s
[510.040s][info][gc,stats    ]      Memory: Undo Object Allocation Succeeded                  0 / 0                 0 / 6                 0 / 6                 0 / 6           ops/s
[510.040s][info][gc,stats    ]      Memory: Undo Page Allocation                              0 / 0                 0 / 1                 0 / 1                 0 / 1           ops/s
[510.040s][info][gc,stats    ]       Phase: Concurrent Mark                              21.998 / 24.062       25.776 / 65.214       25.776 / 65.214       25.776 / 65.214      ms
[510.040s][info][gc,stats    ]       Phase: Concurrent Mark Continue                      0.000 / 0.000         0.000 / 0.000         0.000 / 0.000         0.000 / 0.000       ms
[510.040s][info][gc,stats    ]       Phase: Concurrent Process Non-Strong References      0.378 / 0.436         0.452 / 0.911         0.452 / 0.911         0.452 / 0.911       ms
[510.040s][info][gc,stats    ]       Phase: Concurrent Relocate                           0.594 / 0.771         0.909 / 16.651        0.909 / 16.651        0.909 / 16.651      ms
[510.040s][info][gc,stats    ]       Phase: Concurrent Reset Relocation Set               0.001 / 0.002         0.002 / 0.098         0.002 / 0.098         0.002 / 0.098       ms
[510.040s][info][gc,stats    ]       Phase: Concurrent Select Relocation Set              2.523 / 2.861         2.869 / 12.567        2.869 / 12.567        2.869 / 12.567      ms
[510.040s][info][gc,stats    ]       Phase: Pause Mark End                                0.009 / 0.013         0.009 / 0.025         0.009 / 0.025         0.009 / 0.025       ms
[510.040s][info][gc,stats    ]       Phase: Pause Mark Start                              0.005 / 0.006         0.006 / 0.036         0.006 / 0.036         0.006 / 0.036       ms
[510.040s][info][gc,stats    ]       Phase: Pause Relocate Start                          0.004 / 0.005         0.004 / 0.026         0.004 / 0.026         0.004 / 0.026       ms
[510.040s][info][gc,stats    ]    Subphase: Concurrent Classes Purge                      0.021 / 0.025         0.029 / 0.102         0.029 / 0.102         0.029 / 0.102       ms
[510.040s][info][gc,stats    ]    Subphase: Concurrent Classes Unlink                     0.261 / 0.292         0.293 / 0.571         0.293 / 0.571         0.293 / 0.571       ms
[510.040s][info][gc,stats    ]    Subphase: Concurrent Mark                              21.306 / 23.802       24.981 / 64.907       24.981 / 64.907       24.981 / 64.907      ms
[510.040s][info][gc,stats    ]    Subphase: Concurrent Mark Idle                          1.112 / 1.259         1.192 / 1.347         1.192 / 1.347         1.192 / 1.347       ms
[510.040s][info][gc,stats    ]    Subphase: Concurrent Mark Try Flush                     0.030 / 0.056         0.034 / 0.135         0.034 / 0.135         0.034 / 0.135       ms
[510.040s][info][gc,stats    ]    Subphase: Concurrent Mark Try Terminate                 0.412 / 1.260         0.439 / 1.361         0.439 / 1.361         0.439 / 1.361       ms
[510.040s][info][gc,stats    ]    Subphase: Concurrent References Enqueue                 0.000 / 0.000         0.000 / 0.008         0.000 / 0.008         0.000 / 0.008       ms
[510.040s][info][gc,stats    ]    Subphase: Concurrent References Process                 0.020 / 0.039         0.026 / 0.095         0.026 / 0.095         0.026 / 0.095       ms
[510.040s][info][gc,stats    ]    Subphase: Concurrent Roots ClassLoaderDataGraph         0.014 / 0.039         0.017 / 0.132         0.017 / 0.132         0.017 / 0.132       ms
[510.040s][info][gc,stats    ]    Subphase: Concurrent Roots CodeCache                    0.000 / 0.000         0.000 / 0.000         0.000 / 0.000         0.000 / 0.000       ms
[510.040s][info][gc,stats    ]    Subphase: Concurrent Roots JavaThreads                  0.165 / 0.199         0.209 / 0.485         0.209 / 0.485         0.209 / 0.485       ms
[510.040s][info][gc,stats    ]    Subphase: Concurrent Roots OopStorageSet                0.003 / 0.003         0.004 / 0.041         0.004 / 0.041         0.004 / 0.041       ms
[510.040s][info][gc,stats    ]    Subphase: Concurrent Weak Roots OopStorageSet           0.032 / 0.038         0.038 / 0.120         0.038 / 0.120         0.038 / 0.120       ms
[510.040s][info][gc,stats    ]    Subphase: Pause Mark Try Complete                       0.000 / 0.000         0.000 / 0.000         0.000 / 0.000         0.000 / 0.000       ms
[510.040s][info][gc,stats    ]      System: Java Threads                                     16 / 16               16 / 20               16 / 20               16 / 20          threads
[510.040s][info][gc,stats    ] =========================================================================================================================================================
[511.240s][info][gc,start    ] GC(267) Garbage Collection (Proactive)
[511.240s][info][gc,phases   ] GC(267) Pause Mark Start 0.008ms
[511.265s][info][gc,phases   ] GC(267) Concurrent Mark 24.223ms
[511.265s][info][gc,phases   ] GC(267) Pause Mark End 0.010ms
[511.265s][info][gc,phases   ] GC(267) Concurrent Process Non-Strong References 0.426ms
[511.265s][info][gc,phases   ] GC(267) Concurrent Reset Relocation Set 0.001ms
[511.268s][info][gc,phases   ] GC(267) Concurrent Select Relocation Set 2.892ms
[511.268s][info][gc,phases   ] GC(267) Pause Relocate Start 0.003ms
[511.269s][info][gc,phases   ] GC(267) Concurrent Relocate 0.683ms
[511.269s][info][gc,load     ] GC(267) Load: 4.17/3.75/3.65
[511.269s][info][gc,mmu      ] GC(267) MMU: 2ms/98.2%, 5ms/99.3%, 10ms/99.6%, 20ms/99.8%, 50ms/99.9%, 100ms/100.0%
[511.269s][info][gc,marking  ] GC(267) Mark: 2 stripe(s), 2 proactive flush(es), 1 terminate flush(es), 0 completion(s), 0 continuation(s) 
[511.269s][info][gc,nmethod  ] GC(267) NMethods: 484 registered, 0 unregistered
[511.269s][info][gc,metaspace] GC(267) Metaspace: 0M used, 0M committed, 1032M reserved
[511.269s][info][gc,ref      ] GC(267) Soft: 82 encountered, 0 discovered, 0 enqueued
[511.269s][info][gc,ref      ] GC(267) Weak: 200 encountered, 52 discovered, 0 enqueued
[511.269s][info][gc,ref      ] GC(267) Final: 0 encountered, 0 discovered, 0 enqueued
[511.269s][info][gc,ref      ] GC(267) Phantom: 5 encountered, 3 discovered, 0 enqueued
[511.269s][info][gc,reloc    ] GC(267) Small Pages: 806 / 1612M, Empty: 1456M, Relocated: 4M, In-Place: 0
[511.269s][info][gc,reloc    ] GC(267) Medium Pages: 0 / 0M, Empty: 0M, Relocated: 0M, In-Place: 0
[511.269s][info][gc,reloc    ] GC(267) Large Pages: 0 / 0M, Empty: 0M, Relocated: 0M, In-Place: 0
[511.269s][info][gc,reloc    ] GC(267) Forwarding Usage: 0M
[511.269s][info][gc,heap     ] GC(267) Min Capacity: 8192M(100%)
[511.269s][info][gc,heap     ] GC(267) Max Capacity: 8192M(100%)
[511.269s][info][gc,heap     ] GC(267) Soft Max Capacity: 8192M(100%)
[511.269s][info][gc,heap     ] GC(267)                Mark Start          Mark End        Relocate Start      Relocate End           High               Low         
[511.269s][info][gc,heap     ] GC(267)  Capacity:     8192M (100%)       8192M (100%)       8192M (100%)       8192M (100%)       8192M (100%)       8192M (100%)   
[511.269s][info][gc,heap     ] GC(267)      Free:     6580M (80%)        6556M (80%)        8004M (98%)        8012M (98%)        8012M (98%)        6556M (80%)    
[511.269s][info][gc,heap     ] GC(267)      Used:     1612M (20%)        1636M (20%)         188M (2%)          180M (2%)         1636M (20%)         180M (2%)     
[511.269s][info][gc,heap     ] GC(267)      Live:         -               132M (2%)          132M (2%)          132M (2%)             -                  -          
[511.269s][info][gc,heap     ] GC(267) Allocated:         -                24M (0%)           32M (0%)           32M (0%)             -                  -          
[511.269s][info][gc,heap     ] GC(267)   Garbage:         -              1479M (18%)          23M (0%)           15M (0%)             -                  -          
[511.269s][info][gc,heap     ] GC(267) Reclaimed:         -                  -              1456M (18%)        1464M (18%)            -                  -          
[511.269s][info][gc          ] GC(267) Garbage Collection (Proactive) 1612M(20%)->180M(2%)
[512.940s][info][gc,start    ] GC(268) Garbage Collection (Proactive)
[512.940s][info][gc,phases   ] GC(268) Pause Mark Start 0.005ms
[512.964s][info][gc,phases   ] GC(268) Concurrent Mark 23.829ms
[512.964s][info][gc,phases   ] GC(268) Pause Mark End 0.009ms
[512.965s][info][gc,phases   ] GC(268) Concurrent Process Non-Strong References 0.460ms
[512.965s][info][gc,phases   ] GC(268) Concurrent Reset Relocation Set 0.002ms
[512.968s][info][gc,phases   ] GC(268) Concurrent Select Relocation Set 2.885ms
[512.968s][info][gc,phases   ] GC(268) Pause Relocate Start 0.004ms
[512.968s][info][gc,phases   ] GC(268) Concurrent Relocate 0.527ms
[512.968s][info][gc,load     ] GC(268) Load: 4.17/3.75/3.65
[512.968s][info][gc,mmu      ] GC(268) MMU: 2ms/98.2%, 5ms/99.3%, 10ms/99.6%, 20ms/99.8%, 50ms/99.9%, 100ms/100.0%
[512.968s][info][gc,marking  ] GC(268) Mark: 2 stripe(s), 2 proactive flush(es), 1 terminate flush(es), 0 completion(s), 0 continuation(s) 
[512.968s][info][gc,nmethod  ] GC(268) NMethods: 484 registered, 0 unregistered
[512.968s][info][gc,metaspace] GC(268) Metaspace: 0M used, 0M committed, 1032M reserved
[512.968s][info][gc,ref      ] GC(268) Soft: 82 encountered, 0 discovered, 0 enqueued
[512.968s][info][gc,ref      ] GC(268) Weak: 200 encountered, 50 discovered, 0 enqueued
[512.968s][info][gc,ref      ] GC(268) Final: 0 encountered, 0 discovered, 0 enqueued
[512.968s][info][gc,ref      ] GC(268) Phantom: 5 encountered, 5 discovered, 0 enqueued
[512.968s][info][gc,reloc    ] GC(268) Small Pages: 962 / 1924M, Empty: 1770M, Relocated: 3M, In-Place: 0
[512.968s][info][gc,reloc    ] GC(268) Medium Pages: 0 / 0M, Empty: 0M, Relocated: 0M, In-Place: 0
[512.968s][info][gc,reloc    ] GC(268) Large Pages: 0 / 0M, Empty: 0M, Relocated: 0M, In-Place: 0
[512.968s][info][gc,reloc    ] GC(268) Forwarding Usage: 0M
[512.968s][info][gc,heap     ] GC(268) Min Capacity: 8192M(100%)
[512.968s][info][gc,heap     ] GC(268) Max Capacity: 8192M(100%)
[512.968s][info][gc,heap     ] GC(268) Soft Max Capacity: 8192M(100%)
[512.968s][info][gc,heap     ] GC(268)                Mark Start          Mark End        Relocate Start      Relocate End           High               Low         
[512.968s][info][gc,heap     ] GC(268)  Capacity:     8192M (100%)       8192M (100%)       8192M (100%)       8192M (100%)       8192M (100%)       8192M (100%)   
[512.968s][info][gc,heap     ] GC(268)      Free:     6268M (77%)        6244M (76%)        8006M (98%)        8010M (98%)        8010M (98%)        6244M (76%)    
[512.969s][info][gc,heap     ] GC(268)      Used:     1924M (23%)        1948M (24%)         186M (2%)          182M (2%)         1948M (24%)         182M (2%)     
[512.969s][info][gc,heap     ] GC(268)      Live:         -               132M (2%)          132M (2%)          132M (2%)             -                  -          
[512.969s][info][gc,heap     ] GC(268) Allocated:         -                24M (0%)           32M (0%)           32M (0%)             -                  -          
[512.969s][info][gc,heap     ] GC(268)   Garbage:         -              1791M (22%)          21M (0%)           17M (0%)             -                  -          
[512.969s][info][gc,heap     ] GC(268) Reclaimed:         -                  -              1770M (22%)        1774M (22%)            -                  -          
[512.969s][info][gc          ] GC(268) Garbage Collection (Proactive) 1924M(23%)->182M(2%)
[514.540s][info][gc,start    ] GC(269) Garbage Collection (Proactive)
[514.540s][info][gc,phases   ] GC(269) Pause Mark Start 0.006ms
[514.564s][info][gc,phases   ] GC(269) Concurrent Mark 23.772ms
[514.564s][info][gc,phases   ] GC(269) Pause Mark End 0.008ms
[514.565s][info][gc,phases   ] GC(269) Concurrent Process Non-Strong References 0.449ms
[514.565s][info][gc,phases   ] GC(269) Concurrent Reset Relocation Set 0.001ms
[514.568s][info][gc,phases   ] GC(269) Concurrent Select Relocation Set 2.707ms
[514.568s][info][gc,phases   ] GC(269) Pause Relocate Start 0.003ms
[514.568s][info][gc,phases   ] GC(269) Concurrent Relocate 0.473ms
[514.568s][info][gc,load     ] GC(269) Load: 4.17/3.75/3.65
[514.568s][info][gc,mmu      ] GC(269) MMU: 2ms/98.2%, 5ms/99.3%, 10ms/99.6%, 20ms/99.8%, 50ms/99.9%, 100ms/100.0%
[514.568s][info][gc,marking  ] GC(269) Mark: 2 stripe(s), 2 proactive flush(es), 1 terminate flush(es), 0 completion(s), 0 continuation(s) 
[514.568s][info][gc,nmethod  ] GC(269) NMethods: 484 registered, 0 unregistered
[514.568s][info][gc,metaspace] GC(269) Metaspace: 0M used, 0M committed, 1032M reserved
[514.568s][info][gc,ref      ] GC(269) Soft: 82 encountered, 0 discovered, 0 enqueued
[514.568s][info][gc,ref      ] GC(269) Weak: 200 encountered, 57 discovered, 0 enqueued
[514.568s][info][gc,ref      ] GC(269) Final: 0 encountered, 0 discovered, 0 enqueued
[514.568s][info][gc,ref      ] GC(269) Phantom: 5 encountered, 3 discovered, 0 enqueued
[514.568s][info][gc,reloc    ] GC(269) Small Pages: 911 / 1822M, Empty: 1668M, Relocated: 3M, In-Place: 0
[514.568s][info][gc,reloc    ] GC(269) Medium Pages: 0 / 0M, Empty: 0M, Relocated: 0M, In-Place: 0
[514.568s][info][gc,reloc    ] GC(269) Large Pages: 0 / 0M, Empty: 0M, Relocated: 0M, In-Place: 0
[514.568s][info][gc,reloc    ] GC(269) Forwarding Usage: 0M
[514.568s][info][gc,heap     ] GC(269) Min Capacity: 8192M(100%)
[514.568s][info][gc,heap     ] GC(269) Max Capacity: 8192M(100%)
[514.568s][info][gc,heap     ] GC(269) Soft Max Capacity: 8192M(100%)
[514.568s][info][gc,heap     ] GC(269)                Mark Start          Mark End        Relocate Start      Relocate End           High               Low         
[514.568s][info][gc,heap     ] GC(269)  Capacity:     8192M (100%)       8192M (100%)       8192M (100%)       8192M (100%)       8192M (100%)       8192M (100%)   
[514.568s][info][gc,heap     ] GC(269)      Free:     6370M (78%)        6346M (77%)        8006M (98%)        8012M (98%)        8012M (98%)        6346M (77%)    
[514.568s][info][gc,heap     ] GC(269)      Used:     1822M (22%)        1846M (23%)         186M (2%)          180M (2%)         1846M (23%)         180M (2%)     
[514.568s][info][gc,heap     ] GC(269)      Live:         -               132M (2%)          132M (2%)          132M (2%)             -                  -          
[514.568s][info][gc,heap     ] GC(269) Allocated:         -                24M (0%)           32M (0%)           32M (0%)             -                  -          
[514.569s][info][gc,heap     ] GC(269)   Garbage:         -              1689M (21%)          21M (0%)           15M (0%)             -                  -          
[514.569s][info][gc,heap     ] GC(269) Reclaimed:         -                  -              1668M (20%)        1674M (20%)            -                  -          
[514.569s][info][gc          ] GC(269) Garbage Collection (Proactive) 1822M(22%)->180M(2%)
[516.040s][info][gc,start    ] GC(270) Garbage Collection (Proactive)
[516.040s][info][gc,phases   ] GC(270) Pause Mark Start 0.012ms
[516.065s][info][gc,phases   ] GC(270) Concurrent Mark 24.101ms
[516.065s][info][gc,phases   ] GC(270) Pause Mark End 0.021ms
[516.065s][info][gc,phases   ] GC(270) Concurrent Process Non-Strong References 0.467ms
[516.065s][info][gc,phases   ] GC(270) Concurrent Reset Relocation Set 0.001ms
[516.068s][info][gc,phases   ] GC(270) Concurrent Select Relocation Set 2.947ms
[516.068s][info][gc,phases   ] GC(270) Pause Relocate Start 0.004ms
[516.069s][info][gc,phases   ] GC(270) Concurrent Relocate 0.479ms
[516.069s][info][gc,load     ] GC(270) Load: 4.00/3.72/3.64
[516.069s][info][gc,mmu      ] GC(270) MMU: 2ms/98.2%, 5ms/99.3%, 10ms/99.6%, 20ms/99.8%, 50ms/99.9%, 100ms/100.0%
[516.069s][info][gc,marking  ] GC(270) Mark: 2 stripe(s), 2 proactive flush(es), 1 terminate flush(es), 0 completion(s), 0 continuation(s) 
[516.069s][info][gc,nmethod  ] GC(270) NMethods: 484 registered, 0 unregistered
[516.069s][info][gc,metaspace] GC(270) Metaspace: 0M used, 0M committed, 1032M reserved
[516.069s][info][gc,ref      ] GC(270) Soft: 82 encountered, 0 discovered, 0 enqueued
[516.069s][info][gc,ref      ] GC(270) Weak: 200 encountered, 60 discovered, 0 enqueued
[516.069s][info][gc,ref      ] GC(270) Final: 0 encountered, 0 discovered, 0 enqueued
[516.069s][info][gc,ref      ] GC(270) Phantom: 5 encountered, 4 discovered, 0 enqueued
[516.069s][info][gc,reloc    ] GC(270) Small Pages: 858 / 1716M, Empty: 1560M, Relocated: 3M, In-Place: 0
[516.069s][info][gc,reloc    ] GC(270) Medium Pages: 0 / 0M, Empty: 0M, Relocated: 0M, In-Place: 0
[516.069s][info][gc,reloc    ] GC(270) Large Pages: 0 / 0M, Empty: 0M, Relocated: 0M, In-Place: 0
[516.069s][info][gc,reloc    ] GC(270) Forwarding Usage: 0M
[516.069s][info][gc,heap     ] GC(270) Min Capacity: 8192M(100%)
[516.069s][info][gc,heap     ] GC(270) Max Capacity: 8192M(100%)
[516.069s][info][gc,heap     ] GC(270) Soft Max Capacity: 8192M(100%)
[516.069s][info][gc,heap     ] GC(270)                Mark Start          Mark End        Relocate Start      Relocate End           High               Low         
[516.069s][info][gc,heap     ] GC(270)  Capacity:     8192M (100%)       8192M (100%)       8192M (100%)       8192M (100%)       8192M (100%)       8192M (100%)   
[516.069s][info][gc,heap     ] GC(270)      Free:     6476M (79%)        6452M (79%)        8002M (98%)        8010M (98%)        8010M (98%)        6452M (79%)    
[516.069s][info][gc,heap     ] GC(270)      Used:     1716M (21%)        1740M (21%)         190M (2%)          182M (2%)         1740M (21%)         182M (2%)     
[516.069s][info][gc,heap     ] GC(270)      Live:         -               132M (2%)          132M (2%)          132M (2%)             -                  -          
[516.069s][info][gc,heap     ] GC(270) Allocated:         -                24M (0%)           34M (0%)           34M (0%)             -                  -          
[516.069s][info][gc,heap     ] GC(270)   Garbage:         -              1583M (19%)          23M (0%)           15M (0%)             -                  -          
[516.069s][info][gc,heap     ] GC(270) Reclaimed:         -                  -              1560M (19%)        1568M (19%)            -                  -          
[516.069s][info][gc          ] GC(270) Garbage Collection (Proactive) 1716M(21%)->182M(2%)
[517.536s][info][gc,start    ] GC(271) Garbage Collection (Proactive)
[517.536s][info][gc,phases   ] GC(271) Pause Mark Start 0.006ms
[517.561s][info][gc,phases   ] GC(271) Concurrent Mark 24.069ms
[517.561s][info][gc,phases   ] GC(271) Pause Mark End 0.010ms
[517.561s][info][gc,phases   ] GC(271) Concurrent Process Non-Strong References 0.445ms
[517.561s][info][gc,phases   ] GC(271) Concurrent Reset Relocation Set 0.002ms
[517.564s][info][gc,phases   ] GC(271) Concurrent Select Relocation Set 2.759ms
[517.564s][info][gc,phases   ] GC(271) Pause Relocate Start 0.004ms
[517.565s][info][gc,phases   ] GC(271) Concurrent Relocate 0.784ms
[517.565s][info][gc,load     ] GC(271) Load: 4.00/3.72/3.64
[517.565s][info][gc,mmu      ] GC(271) MMU: 2ms/98.2%, 5ms/99.3%, 10ms/99.6%, 20ms/99.8%, 50ms/99.9%, 100ms/100.0%
[517.565s][info][gc,marking  ] GC(271) Mark: 2 stripe(s), 3 proactive flush(es), 1 terminate flush(es), 0 completion(s), 0 continuation(s) 
[517.565s][info][gc,nmethod  ] GC(271) NMethods: 484 registered, 0 unregistered
[517.565s][info][gc,metaspace] GC(271) Metaspace: 0M used, 0M committed, 1032M reserved
[517.565s][info][gc,ref      ] GC(271) Soft: 82 encountered, 0 discovered, 0 enqueued
[517.565s][info][gc,ref      ] GC(271) Weak: 200 encountered, 176 discovered, 0 enqueued
[517.565s][info][gc,ref      ] GC(271) Final: 0 encountered, 0 discovered, 0 enqueued
[517.565s][info][gc,ref      ] GC(271) Phantom: 5 encountered, 3 discovered, 0 enqueued
[517.565s][info][gc,reloc    ] GC(271) Small Pages: 855 / 1710M, Empty: 1556M, Relocated: 4M, In-Place: 0
[517.565s][info][gc,reloc    ] GC(271) Medium Pages: 0 / 0M, Empty: 0M, Relocated: 0M, In-Place: 0
[517.565s][info][gc,reloc    ] GC(271) Large Pages: 0 / 0M, Empty: 0M, Relocated: 0M, In-Place: 0
[517.565s][info][gc,reloc    ] GC(271) Forwarding Usage: 0M
[517.565s][info][gc,heap     ] GC(271) Min Capacity: 8192M(100%)
[517.565s][info][gc,heap     ] GC(271) Max Capacity: 8192M(100%)
[517.565s][info][gc,heap     ] GC(271) Soft Max Capacity: 8192M(100%)
[517.565s][info][gc,heap     ] GC(271)                Mark Start          Mark End        Relocate Start      Relocate End           High               Low         
[517.565s][info][gc,heap     ] GC(271)  Capacity:     8192M (100%)       8192M (100%)       8192M (100%)       8192M (100%)       8192M (100%)       8192M (100%)   
[517.565s][info][gc,heap     ] GC(271)      Free:     6482M (79%)        6450M (79%)        8006M (98%)        8012M (98%)        8012M (98%)        6450M (79%)    
[517.565s][info][gc,heap     ] GC(271)      Used:     1710M (21%)        1742M (21%)         186M (2%)          180M (2%)         1742M (21%)         180M (2%)     
[517.565s][info][gc,heap     ] GC(271)      Live:         -               132M (2%)          132M (2%)          132M (2%)             -                  -          
[517.565s][info][gc,heap     ] GC(271) Allocated:         -                32M (0%)           32M (0%)           32M (0%)             -                  -          
[517.565s][info][gc,heap     ] GC(271)   Garbage:         -              1577M (19%)          21M (0%)           15M (0%)             -                  -          
[517.565s][info][gc,heap     ] GC(271) Reclaimed:         -                  -              1556M (19%)        1562M (19%)            -                  -          
[517.565s][info][gc          ] GC(271) Garbage Collection (Proactive) 1710M(21%)->180M(2%)
[519.041s][info][gc,start    ] GC(272) Garbage Collection (Proactive)
[519.041s][info][gc,phases   ] GC(272) Pause Mark Start 0.005ms
[519.062s][info][gc,phases   ] GC(272) Concurrent Mark 20.973ms
[519.062s][info][gc,phases   ] GC(272) Pause Mark End 0.008ms
[519.062s][info][gc,phases   ] GC(272) Concurrent Process Non-Strong References 0.367ms
[519.062s][info][gc,phases   ] GC(272) Concurrent Reset Relocation Set 0.001ms
[519.065s][info][gc,phases   ] GC(272) Concurrent Select Relocation Set 2.410ms
[519.065s][info][gc,phases   ] GC(272) Pause Relocate Start 0.005ms
[519.066s][info][gc,phases   ] GC(272) Concurrent Relocate 1.090ms
[519.066s][info][gc,load     ] GC(272) Load: 4.00/3.72/3.64
[519.066s][info][gc,mmu      ] GC(272) MMU: 2ms/98.2%, 5ms/99.3%, 10ms/99.6%, 20ms/99.8%, 50ms/99.9%, 100ms/100.0%
[519.066s][info][gc,marking  ] GC(272) Mark: 2 stripe(s), 2 proactive flush(es), 1 terminate flush(es), 0 completion(s), 0 continuation(s) 
[519.066s][info][gc,nmethod  ] GC(272) NMethods: 484 registered, 0 unregistered
[519.066s][info][gc,metaspace] GC(272) Metaspace: 0M used, 0M committed, 1032M reserved
[519.066s][info][gc,ref      ] GC(272) Soft: 82 encountered, 0 discovered, 0 enqueued
[519.066s][info][gc,ref      ] GC(272) Weak: 200 encountered, 51 discovered, 0 enqueued
[519.066s][info][gc,ref      ] GC(272) Final: 0 encountered, 0 discovered, 0 enqueued
[519.066s][info][gc,ref      ] GC(272) Phantom: 5 encountered, 3 discovered, 0 enqueued
[519.066s][info][gc,reloc    ] GC(272) Small Pages: 860 / 1720M, Empty: 1558M, Relocated: 6M, In-Place: 0
[519.066s][info][gc,reloc    ] GC(272) Medium Pages: 0 / 0M, Empty: 0M, Relocated: 0M, In-Place: 0
[519.066s][info][gc,reloc    ] GC(272) Large Pages: 0 / 0M, Empty: 0M, Relocated: 0M, In-Place: 0
[519.066s][info][gc,reloc    ] GC(272) Forwarding Usage: 0M
[519.066s][info][gc,heap     ] GC(272) Min Capacity: 8192M(100%)
[519.066s][info][gc,heap     ] GC(272) Max Capacity: 8192M(100%)
[519.066s][info][gc,heap     ] GC(272) Soft Max Capacity: 8192M(100%)
[519.066s][info][gc,heap     ] GC(272)                Mark Start          Mark End        Relocate Start      Relocate End           High               Low         
[519.066s][info][gc,heap     ] GC(272)  Capacity:     8192M (100%)       8192M (100%)       8192M (100%)       8192M (100%)       8192M (100%)       8192M (100%)   
[519.066s][info][gc,heap     ] GC(272)      Free:     6472M (79%)        6448M (79%)        8006M (98%)        8020M (98%)        8020M (98%)        6448M (79%)    
[519.066s][info][gc,heap     ] GC(272)      Used:     1720M (21%)        1744M (21%)         186M (2%)          172M (2%)         1744M (21%)         172M (2%)     
[519.066s][info][gc,heap     ] GC(272)      Live:         -               132M (2%)          132M (2%)          132M (2%)             -                  -          
[519.066s][info][gc,heap     ] GC(272) Allocated:         -                24M (0%)           24M (0%)           26M (0%)             -                  -          
[519.066s][info][gc,heap     ] GC(272)   Garbage:         -              1587M (19%)          29M (0%)           13M (0%)             -                  -          
[519.066s][info][gc,heap     ] GC(272) Reclaimed:         -                  -              1558M (19%)        1574M (19%)            -                  -          
[519.066s][info][gc          ] GC(272) Garbage Collection (Proactive) 1720M(21%)->172M(2%)
[520.040s][info][gc,stats    ] === Garbage Collection Statistics =======================================================================================================================
[520.040s][info][gc,stats    ]                                                              Last 10s              Last 10m              Last 10h                Total
[520.040s][info][gc,stats    ]                                                              Avg / Max             Avg / Max             Avg / Max             Avg / Max
[520.040s][info][gc,stats    ]   Collector: Garbage Collection Cycle                     27.991 / 28.866       30.590 / 95.920       30.590 / 95.920       30.590 / 95.920      ms
[520.040s][info][gc,stats    ]  Contention: Mark Segment Reset Contention                     0 / 1                 0 / 4                 0 / 4                 0 / 4           ops/s
[520.040s][info][gc,stats    ]  Contention: Mark SeqNum Reset Contention                      0 / 0                 0 / 1                 0 / 1                 0 / 1           ops/s
[520.040s][info][gc,stats    ]    Critical: Allocation Stall                                  0 / 0                 0 / 0                 0 / 0                 0 / 0           ops/s
[520.040s][info][gc,stats    ]    Critical: Allocation Stall                              0.000 / 0.000         0.000 / 0.000         0.000 / 0.000         0.000 / 0.000       ms
[520.040s][info][gc,stats    ]    Critical: GC Locker Stall                                   0 / 0                 0 / 0                 0 / 0                 0 / 0           ops/s
[520.040s][info][gc,stats    ]    Critical: GC Locker Stall                               0.000 / 0.000         0.000 / 0.000         0.000 / 0.000         0.000 / 0.000       ms
[520.040s][info][gc,stats    ]    Critical: Relocation Stall                                  0 / 0                 0 / 0                 0 / 0                 0 / 0           ops/s
[520.040s][info][gc,stats    ]    Critical: Relocation Stall                              0.000 / 0.000         0.000 / 0.000         0.000 / 0.000         0.000 / 0.000       ms
[520.040s][info][gc,stats    ]      Memory: Allocation Rate                                1044 / 1048           1060 / 9212           1060 / 9212           1060 / 9212        MB/s
[520.040s][info][gc,stats    ]      Memory: Out Of Memory                                     0 / 0                 0 / 0                 0 / 0                 0 / 0           ops/s
[520.040s][info][gc,stats    ]      Memory: Page Cache Flush                                  0 / 0                 0 / 0                 0 / 0                 0 / 0           MB/s
[520.040s][info][gc,stats    ]      Memory: Page Cache Hit L1                               524 / 528             520 / 533             520 / 533             520 / 533         ops/s
[520.040s][info][gc,stats    ]      Memory: Page Cache Hit L2                                 0 / 0                 0 / 0                 0 / 0                 0 / 0           ops/s
[520.040s][info][gc,stats    ]      Memory: Page Cache Hit L3                                 0 / 0                 3 / 486               3 / 486               3 / 486         ops/s
[520.040s][info][gc,stats    ]      Memory: Page Cache Miss                                   0 / 0                 0 / 1                 0 / 1                 0 / 1           ops/s
[520.040s][info][gc,stats    ]      Memory: Uncommit                                          0 / 0                 0 / 0                 0 / 0                 0 / 0           MB/s
[520.040s][info][gc,stats    ]      Memory: Undo Object Allocation Failed                     0 / 0                 0 / 0                 0 / 0                 0 / 0           ops/s
[520.040s][info][gc,stats    ]      Memory: Undo Object Allocation Succeeded                  0 / 0                 0 / 6                 0 / 6                 0 / 6           ops/s
[520.040s][info][gc,stats    ]      Memory: Undo Page Allocation                              0 / 0                 0 / 1                 0 / 1                 0 / 1           ops/s
[520.040s][info][gc,stats    ]       Phase: Concurrent Mark                              23.494 / 24.223       25.726 / 65.214       25.726 / 65.214       25.726 / 65.214      ms
[520.040s][info][gc,stats    ]       Phase: Concurrent Mark Continue                      0.000 / 0.000         0.000 / 0.000         0.000 / 0.000         0.000 / 0.000       ms
[520.040s][info][gc,stats    ]       Phase: Concurrent Process Non-Strong References      0.436 / 0.467         0.451 / 0.911         0.451 / 0.911         0.451 / 0.911       ms
[520.040s][info][gc,stats    ]       Phase: Concurrent Relocate                           0.672 / 1.090         0.904 / 16.651        0.904 / 16.651        0.904 / 16.651      ms
[520.040s][info][gc,stats    ]       Phase: Concurrent Reset Relocation Set               0.001 / 0.002         0.002 / 0.098         0.002 / 0.098         0.002 / 0.098       ms
[520.040s][info][gc,stats    ]       Phase: Concurrent Select Relocation Set              2.766 / 2.947         2.867 / 12.567        2.867 / 12.567        2.867 / 12.567      ms
[520.040s][info][gc,stats    ]       Phase: Pause Mark End                                0.011 / 0.021         0.009 / 0.025         0.009 / 0.025         0.009 / 0.025       ms
[520.040s][info][gc,stats    ]       Phase: Pause Mark Start                              0.007 / 0.012         0.006 / 0.036         0.006 / 0.036         0.006 / 0.036       ms
[520.040s][info][gc,stats    ]       Phase: Pause Relocate Start                          0.004 / 0.005         0.004 / 0.026         0.004 / 0.026         0.004 / 0.026       ms
[520.040s][info][gc,stats    ]    Subphase: Concurrent Classes Purge                      0.029 / 0.035         0.029 / 0.102         0.029 / 0.102         0.029 / 0.102       ms
[520.040s][info][gc,stats    ]    Subphase: Concurrent Classes Unlink                     0.292 / 0.316         0.293 / 0.571         0.293 / 0.571         0.293 / 0.571       ms
[520.040s][info][gc,stats    ]    Subphase: Concurrent Mark                              22.684 / 23.814       24.930 / 64.907       24.930 / 64.907       24.930 / 64.907      ms
[520.040s][info][gc,stats    ]    Subphase: Concurrent Mark Idle                          1.209 / 1.301         1.192 / 1.347         1.192 / 1.347         1.192 / 1.347       ms
[520.040s][info][gc,stats    ]    Subphase: Concurrent Mark Try Flush                     0.037 / 0.098         0.034 / 0.135         0.034 / 0.135         0.034 / 0.135       ms
[520.040s][info][gc,stats    ]    Subphase: Concurrent Mark Try Terminate                 0.457 / 1.302         0.439 / 1.361         0.439 / 1.361         0.439 / 1.361       ms
[520.040s][info][gc,stats    ]    Subphase: Concurrent References Enqueue                 0.000 / 0.001         0.000 / 0.008         0.000 / 0.008         0.000 / 0.008       ms
[520.040s][info][gc,stats    ]    Subphase: Concurrent References Process                 0.025 / 0.036         0.026 / 0.095         0.026 / 0.095         0.026 / 0.095       ms
[520.040s][info][gc,stats    ]    Subphase: Concurrent Roots ClassLoaderDataGraph         0.017 / 0.041         0.017 / 0.132         0.017 / 0.132         0.017 / 0.132       ms
[520.040s][info][gc,stats    ]    Subphase: Concurrent Roots CodeCache                    0.000 / 0.000         0.000 / 0.000         0.000 / 0.000         0.000 / 0.000       ms
[520.040s][info][gc,stats    ]    Subphase: Concurrent Roots JavaThreads                  0.221 / 0.294         0.209 / 0.485         0.209 / 0.485         0.209 / 0.485       ms
[520.040s][info][gc,stats    ]    Subphase: Concurrent Roots OopStorageSet                0.004 / 0.006         0.004 / 0.041         0.004 / 0.041         0.004 / 0.041       ms
[520.040s][info][gc,stats    ]    Subphase: Concurrent Weak Roots OopStorageSet           0.037 / 0.043         0.038 / 0.120         0.038 / 0.120         0.038 / 0.120       ms
[520.040s][info][gc,stats    ]    Subphase: Pause Mark Try Complete                       0.000 / 0.000         0.000 / 0.000         0.000 / 0.000         0.000 / 0.000       ms
[520.040s][info][gc,stats    ]      System: Java Threads                                     16 / 16               16 / 20               16 / 20               16 / 20          threads
[520.040s][info][gc,stats    ] =========================================================================================================================================================
[520.640s][info][gc,start    ] GC(273) Garbage Collection (Proactive)
[520.640s][info][gc,phases   ] GC(273) Pause Mark Start 0.006ms
[520.664s][info][gc,phases   ] GC(273) Concurrent Mark 24.020ms
[520.664s][info][gc,phases   ] GC(273) Pause Mark End 0.009ms
[520.665s][info][gc,phases   ] GC(273) Concurrent Process Non-Strong References 0.425ms
[520.665s][info][gc,phases   ] GC(273) Concurrent Reset Relocation Set 0.002ms
[520.668s][info][gc,phases   ] GC(273) Concurrent Select Relocation Set 2.931ms
[520.668s][info][gc,phases   ] GC(273) Pause Relocate Start 0.005ms
[520.668s][info][gc,phases   ] GC(273) Concurrent Relocate 0.634ms
[520.668s][info][gc,load     ] GC(273) Load: 4.00/3.72/3.64
[520.668s][info][gc,mmu      ] GC(273) MMU: 2ms/98.2%, 5ms/99.3%, 10ms/99.6%, 20ms/99.8%, 50ms/99.9%, 100ms/100.0%
[520.668s][info][gc,marking  ] GC(273) Mark: 2 stripe(s), 2 proactive flush(es), 1 terminate flush(es), 0 completion(s), 0 continuation(s) 
[520.668s][info][gc,nmethod  ] GC(273) NMethods: 484 registered, 0 unregistered
[520.668s][info][gc,metaspace] GC(273) Metaspace: 0M used, 0M committed, 1032M reserved
[520.669s][info][gc,ref      ] GC(273) Soft: 82 encountered, 0 discovered, 0 enqueued
[520.669s][info][gc,ref      ] GC(273) Weak: 200 encountered, 54 discovered, 0 enqueued
[520.669s][info][gc,ref      ] GC(273) Final: 0 encountered, 0 discovered, 0 enqueued
[520.669s][info][gc,ref      ] GC(273) Phantom: 5 encountered, 3 discovered, 0 enqueued
[520.669s][info][gc,reloc    ] GC(273) Small Pages: 909 / 1818M, Empty: 1662M, Relocated: 4M, In-Place: 0
[520.669s][info][gc,reloc    ] GC(273) Medium Pages: 0 / 0M, Empty: 0M, Relocated: 0M, In-Place: 0
[520.669s][info][gc,reloc    ] GC(273) Large Pages: 0 / 0M, Empty: 0M, Relocated: 0M, In-Place: 0
[520.669s][info][gc,reloc    ] GC(273) Forwarding Usage: 0M
[520.669s][info][gc,heap     ] GC(273) Min Capacity: 8192M(100%)
[520.669s][info][gc,heap     ] GC(273) Max Capacity: 8192M(100%)
[520.669s][info][gc,heap     ] GC(273) Soft Max Capacity: 8192M(100%)
[520.669s][info][gc,heap     ] GC(273)                Mark Start          Mark End        Relocate Start      Relocate End           High               Low         
[520.669s][info][gc,heap     ] GC(273)  Capacity:     8192M (100%)       8192M (100%)       8192M (100%)       8192M (100%)       8192M (100%)       8192M (100%)   
[520.669s][info][gc,heap     ] GC(273)      Free:     6374M (78%)        6350M (78%)        8004M (98%)        8010M (98%)        8010M (98%)        6350M (78%)    
[520.669s][info][gc,heap     ] GC(273)      Used:     1818M (22%)        1842M (22%)         188M (2%)          182M (2%)         1842M (22%)         182M (2%)     
[520.669s][info][gc,heap     ] GC(273)      Live:         -               132M (2%)          132M (2%)          132M (2%)             -                  -          
[520.669s][info][gc,heap     ] GC(273) Allocated:         -                24M (0%)           32M (0%)           32M (0%)             -                  -          
[520.669s][info][gc,heap     ] GC(273)   Garbage:         -              1685M (21%)          23M (0%)           17M (0%)             -                  -          
[520.669s][info][gc,heap     ] GC(273) Reclaimed:         -                  -              1662M (20%)        1668M (20%)            -                  -          
[520.669s][info][gc          ] GC(273) Garbage Collection (Proactive) 1818M(22%)->182M(2%)
[522.341s][info][gc,start    ] GC(274) Garbage Collection (Proactive)
[522.341s][info][gc,phases   ] GC(274) Pause Mark Start 0.005ms
[522.364s][info][gc,phases   ] GC(274) Concurrent Mark 23.473ms
[522.364s][info][gc,phases   ] GC(274) Pause Mark End 0.009ms
[522.365s][info][gc,phases   ] GC(274) Concurrent Process Non-Strong References 0.387ms
[522.365s][info][gc,phases   ] GC(274) Concurrent Reset Relocation Set 0.002ms
[522.368s][info][gc,phases   ] GC(274) Concurrent Select Relocation Set 2.942ms
[522.368s][info][gc,phases   ] GC(274) Pause Relocate Start 0.006ms
[522.368s][info][gc,phases   ] GC(274) Concurrent Relocate 0.486ms
[522.368s][info][gc,load     ] GC(274) Load: 3.92/3.71/3.64
[522.368s][info][gc,mmu      ] GC(274) MMU: 2ms/98.2%, 5ms/99.3%, 10ms/99.6%, 20ms/99.8%, 50ms/99.9%, 100ms/100.0%
[522.369s][info][gc,marking  ] GC(274) Mark: 2 stripe(s), 2 proactive flush(es), 1 terminate flush(es), 0 completion(s), 0 continuation(s) 
[522.369s][info][gc,nmethod  ] GC(274) NMethods: 484 registered, 0 unregistered
[522.369s][info][gc,metaspace] GC(274) Metaspace: 0M used, 0M committed, 1032M reserved
[522.369s][info][gc,ref      ] GC(274) Soft: 82 encountered, 0 discovered, 0 enqueued
[522.369s][info][gc,ref      ] GC(274) Weak: 200 encountered, 54 discovered, 0 enqueued
[522.369s][info][gc,ref      ] GC(274) Final: 0 encountered, 0 discovered, 0 enqueued
[522.369s][info][gc,ref      ] GC(274) Phantom: 5 encountered, 3 discovered, 0 enqueued
[522.369s][info][gc,reloc    ] GC(274) Small Pages: 963 / 1926M, Empty: 1772M, Relocated: 3M, In-Place: 0
[522.369s][info][gc,reloc    ] GC(274) Medium Pages: 0 / 0M, Empty: 0M, Relocated: 0M, In-Place: 0
[522.369s][info][gc,reloc    ] GC(274) Large Pages: 0 / 0M, Empty: 0M, Relocated: 0M, In-Place: 0
[522.369s][info][gc,reloc    ] GC(274) Forwarding Usage: 0M
[522.369s][info][gc,heap     ] GC(274) Min Capacity: 8192M(100%)
[522.369s][info][gc,heap     ] GC(274) Max Capacity: 8192M(100%)
[522.369s][info][gc,heap     ] GC(274) Soft Max Capacity: 8192M(100%)
[522.369s][info][gc,heap     ] GC(274)                Mark Start          Mark End        Relocate Start      Relocate End           High               Low         
[522.369s][info][gc,heap     ] GC(274)  Capacity:     8192M (100%)       8192M (100%)       8192M (100%)       8192M (100%)       8192M (100%)       8192M (100%)   
[522.369s][info][gc,heap     ] GC(274)      Free:     6266M (76%)        6242M (76%)        8006M (98%)        8012M (98%)        8012M (98%)        6242M (76%)    
[522.369s][info][gc,heap     ] GC(274)      Used:     1926M (24%)        1950M (24%)         186M (2%)          180M (2%)         1950M (24%)         180M (2%)     
[522.369s][info][gc,heap     ] GC(274)      Live:         -               132M (2%)          132M (2%)          132M (2%)             -                  -          
[522.369s][info][gc,heap     ] GC(274) Allocated:         -                24M (0%)           32M (0%)           32M (0%)             -                  -          
[522.369s][info][gc,heap     ] GC(274)   Garbage:         -              1793M (22%)          21M (0%)           15M (0%)             -                  -          
[522.369s][info][gc,heap     ] GC(274) Reclaimed:         -                  -              1772M (22%)        1778M (22%)            -                  -          
[522.369s][info][gc          ] GC(274) Garbage Collection (Proactive) 1926M(24%)->180M(2%)
[523.940s][info][gc,start    ] GC(275) Garbage Collection (Proactive)
[523.940s][info][gc,phases   ] GC(275) Pause Mark Start 0.007ms
[523.966s][info][gc,phases   ] GC(275) Concurrent Mark 26.148ms
[523.967s][info][gc,phases   ] GC(275) Pause Mark End 0.009ms
[523.967s][info][gc,phases   ] GC(275) Concurrent Process Non-Strong References 0.494ms
[523.967s][info][gc,phases   ] GC(275) Concurrent Reset Relocation Set 0.001ms
[523.970s][info][gc,phases   ] GC(275) Concurrent Select Relocation Set 2.749ms
[523.970s][info][gc,phases   ] GC(275) Pause Relocate Start 0.003ms
[523.971s][info][gc,phases   ] GC(275) Concurrent Relocate 0.448ms
[523.971s][info][gc,load     ] GC(275) Load: 3.92/3.71/3.64
[523.971s][info][gc,mmu      ] GC(275) MMU: 2ms/98.2%, 5ms/99.3%, 10ms/99.6%, 20ms/99.8%, 50ms/99.9%, 100ms/100.0%
[523.971s][info][gc,marking  ] GC(275) Mark: 2 stripe(s), 2 proactive flush(es), 1 terminate flush(es), 0 completion(s), 0 continuation(s) 
[523.971s][info][gc,nmethod  ] GC(275) NMethods: 484 registered, 0 unregistered
[523.971s][info][gc,metaspace] GC(275) Metaspace: 0M used, 0M committed, 1032M reserved
[523.971s][info][gc,ref      ] GC(275) Soft: 82 encountered, 0 discovered, 0 enqueued
[523.971s][info][gc,ref      ] GC(275) Weak: 200 encountered, 118 discovered, 0 enqueued
[523.971s][info][gc,ref      ] GC(275) Final: 0 encountered, 0 discovered, 0 enqueued
[523.971s][info][gc,ref      ] GC(275) Phantom: 5 encountered, 3 discovered, 0 enqueued
[523.971s][info][gc,reloc    ] GC(275) Small Pages: 910 / 1820M, Empty: 1666M, Relocated: 3M, In-Place: 0
[523.971s][info][gc,reloc    ] GC(275) Medium Pages: 0 / 0M, Empty: 0M, Relocated: 0M, In-Place: 0
[523.971s][info][gc,reloc    ] GC(275) Large Pages: 0 / 0M, Empty: 0M, Relocated: 0M, In-Place: 0
[523.971s][info][gc,reloc    ] GC(275) Forwarding Usage: 0M
[523.971s][info][gc,heap     ] GC(275) Min Capacity: 8192M(100%)
[523.971s][info][gc,heap     ] GC(275) Max Capacity: 8192M(100%)
[523.971s][info][gc,heap     ] GC(275) Soft Max Capacity: 8192M(100%)
[523.971s][info][gc,heap     ] GC(275)                Mark Start          Mark End        Relocate Start      Relocate End           High               Low         
[523.971s][info][gc,heap     ] GC(275)  Capacity:     8192M (100%)       8192M (100%)       8192M (100%)       8192M (100%)       8192M (100%)       8192M (100%)   
[523.971s][info][gc,heap     ] GC(275)      Free:     6372M (78%)        6340M (77%)        8006M (98%)        8012M (98%)        8012M (98%)        6340M (77%)    
[523.971s][info][gc,heap     ] GC(275)      Used:     1820M (22%)        1852M (23%)         186M (2%)          180M (2%)         1852M (23%)         180M (2%)     
[523.971s][info][gc,heap     ] GC(275)      Live:         -               132M (2%)          132M (2%)          132M (2%)             -                  -          
[523.971s][info][gc,heap     ] GC(275) Allocated:         -                32M (0%)           32M (0%)           32M (0%)             -                  -          
[523.971s][info][gc,heap     ] GC(275)   Garbage:         -              1687M (21%)          21M (0%)           15M (0%)             -                  -          
[523.971s][info][gc,heap     ] GC(275) Reclaimed:         -                  -              1666M (20%)        1672M (20%)            -                  -          
[523.971s][info][gc          ] GC(275) Garbage Collection (Proactive) 1820M(22%)->180M(2%)
[525.640s][info][gc,start    ] GC(276) Garbage Collection (Proactive)
[525.640s][info][gc,phases   ] GC(276) Pause Mark Start 0.005ms
[525.664s][info][gc,phases   ] GC(276) Concurrent Mark 23.838ms
[525.664s][info][gc,phases   ] GC(276) Pause Mark End 0.008ms
[525.664s][info][gc,phases   ] GC(276) Concurrent Process Non-Strong References 0.407ms
[525.664s][info][gc,phases   ] GC(276) Concurrent Reset Relocation Set 0.002ms
[525.667s][info][gc,phases   ] GC(276) Concurrent Select Relocation Set 2.977ms
[525.667s][info][gc,phases   ] GC(276) Pause Relocate Start 0.005ms
[525.668s][info][gc,phases   ] GC(276) Concurrent Relocate 0.623ms
[525.668s][info][gc,load     ] GC(276) Load: 3.92/3.71/3.64
[525.668s][info][gc,mmu      ] GC(276) MMU: 2ms/98.2%, 5ms/99.3%, 10ms/99.6%, 20ms/99.8%, 50ms/99.9%, 100ms/100.0%
[525.668s][info][gc,marking  ] GC(276) Mark: 2 stripe(s), 2 proactive flush(es), 1 terminate flush(es), 0 completion(s), 0 continuation(s) 
[525.668s][info][gc,nmethod  ] GC(276) NMethods: 484 registered, 0 unregistered
[525.668s][info][gc,metaspace] GC(276) Metaspace: 0M used, 0M committed, 1032M reserved
[525.668s][info][gc,ref      ] GC(276) Soft: 82 encountered, 0 discovered, 0 enqueued
[525.668s][info][gc,ref      ] GC(276) Weak: 200 encountered, 64 discovered, 0 enqueued
[525.668s][info][gc,ref      ] GC(276) Final: 0 encountered, 0 discovered, 0 enqueued
[525.668s][info][gc,ref      ] GC(276) Phantom: 5 encountered, 5 discovered, 0 enqueued
[525.668s][info][gc,reloc    ] GC(276) Small Pages: 962 / 1924M, Empty: 1770M, Relocated: 3M, In-Place: 0
[525.668s][info][gc,reloc    ] GC(276) Medium Pages: 0 / 0M, Empty: 0M, Relocated: 0M, In-Place: 0
[525.668s][info][gc,reloc    ] GC(276) Large Pages: 0 / 0M, Empty: 0M, Relocated: 0M, In-Place: 0
[525.668s][info][gc,reloc    ] GC(276) Forwarding Usage: 0M
[525.668s][info][gc,heap     ] GC(276) Min Capacity: 8192M(100%)
[525.668s][info][gc,heap     ] GC(276) Max Capacity: 8192M(100%)
[525.668s][info][gc,heap     ] GC(276) Soft Max Capacity: 8192M(100%)
[525.668s][info][gc,heap     ] GC(276)                Mark Start          Mark End        Relocate Start      Relocate End           High               Low         
[525.668s][info][gc,heap     ] GC(276)  Capacity:     8192M (100%)       8192M (100%)       8192M (100%)       8192M (100%)       8192M (100%)       8192M (100%)   
[525.668s][info][gc,heap     ] GC(276)      Free:     6268M (77%)        6244M (76%)        8006M (98%)        8012M (98%)        8012M (98%)        6244M (76%)    
[525.668s][info][gc,heap     ] GC(276)      Used:     1924M (23%)        1948M (24%)         186M (2%)          180M (2%)         1948M (24%)         180M (2%)     
[525.668s][info][gc,heap     ] GC(276)      Live:         -               132M (2%)          132M (2%)          132M (2%)             -                  -          
[525.668s][info][gc,heap     ] GC(276) Allocated:         -                24M (0%)           32M (0%)           32M (0%)             -                  -          
[525.669s][info][gc,heap     ] GC(276)   Garbage:         -              1791M (22%)          21M (0%)           15M (0%)             -                  -          
[525.669s][info][gc,heap     ] GC(276) Reclaimed:         -                  -              1770M (22%)        1776M (22%)            -                  -          
[525.669s][info][gc          ] GC(276) Garbage Collection (Proactive) 1924M(23%)->180M(2%)
[527.241s][info][gc,start    ] GC(277) Garbage Collection (Proactive)
[527.241s][info][gc,phases   ] GC(277) Pause Mark Start 0.004ms
[527.262s][info][gc,phases   ] GC(277) Concurrent Mark 21.102ms
[527.262s][info][gc,phases   ] GC(277) Pause Mark End 0.007ms
[527.262s][info][gc,phases   ] GC(277) Concurrent Process Non-Strong References 0.374ms
[527.262s][info][gc,phases   ] GC(277) Concurrent Reset Relocation Set 0.001ms
[527.265s][info][gc,phases   ] GC(277) Concurrent Select Relocation Set 2.312ms
[527.265s][info][gc,phases   ] GC(277) Pause Relocate Start 0.003ms
[527.265s][info][gc,phases   ] GC(277) Concurrent Relocate 0.392ms
[527.265s][info][gc,load     ] GC(277) Load: 3.68/3.67/3.62
[527.265s][info][gc,mmu      ] GC(277) MMU: 2ms/98.2%, 5ms/99.3%, 10ms/99.6%, 20ms/99.8%, 50ms/99.9%, 100ms/100.0%
[527.265s][info][gc,marking  ] GC(277) Mark: 2 stripe(s), 2 proactive flush(es), 1 terminate flush(es), 0 completion(s), 0 continuation(s) 
[527.265s][info][gc,nmethod  ] GC(277) NMethods: 484 registered, 0 unregistered
[527.265s][info][gc,metaspace] GC(277) Metaspace: 0M used, 0M committed, 1032M reserved
[527.265s][info][gc,ref      ] GC(277) Soft: 82 encountered, 0 discovered, 0 enqueued
[527.265s][info][gc,ref      ] GC(277) Weak: 200 encountered, 53 discovered, 0 enqueued
[527.265s][info][gc,ref      ] GC(277) Final: 0 encountered, 0 discovered, 0 enqueued
[527.265s][info][gc,ref      ] GC(277) Phantom: 5 encountered, 5 discovered, 0 enqueued
[527.265s][info][gc,reloc    ] GC(277) Small Pages: 910 / 1820M, Empty: 1666M, Relocated: 3M, In-Place: 0
[527.265s][info][gc,reloc    ] GC(277) Medium Pages: 0 / 0M, Empty: 0M, Relocated: 0M, In-Place: 0
[527.265s][info][gc,reloc    ] GC(277) Large Pages: 0 / 0M, Empty: 0M, Relocated: 0M, In-Place: 0
[527.265s][info][gc,reloc    ] GC(277) Forwarding Usage: 0M
[527.265s][info][gc,heap     ] GC(277) Min Capacity: 8192M(100%)
[527.265s][info][gc,heap     ] GC(277) Max Capacity: 8192M(100%)
[527.265s][info][gc,heap     ] GC(277) Soft Max Capacity: 8192M(100%)
[527.265s][info][gc,heap     ] GC(277)                Mark Start          Mark End        Relocate Start      Relocate End           High               Low         
[527.265s][info][gc,heap     ] GC(277)  Capacity:     8192M (100%)       8192M (100%)       8192M (100%)       8192M (100%)       8192M (100%)       8192M (100%)   
[527.265s][info][gc,heap     ] GC(277)      Free:     6372M (78%)        6348M (77%)        8014M (98%)        8020M (98%)        8020M (98%)        6348M (77%)    
[527.265s][info][gc,heap     ] GC(277)      Used:     1820M (22%)        1844M (23%)         178M (2%)          172M (2%)         1844M (23%)         172M (2%)     
[527.265s][info][gc,heap     ] GC(277)      Live:         -               132M (2%)          132M (2%)          132M (2%)             -                  -          
[527.265s][info][gc,heap     ] GC(277) Allocated:         -                24M (0%)           24M (0%)           24M (0%)             -                  -          
[527.265s][info][gc,heap     ] GC(277)   Garbage:         -              1687M (21%)          21M (0%)           15M (0%)             -                  -          
[527.265s][info][gc,heap     ] GC(277) Reclaimed:         -                  -              1666M (20%)        1672M (20%)            -                  -          
[527.265s][info][gc          ] GC(277) Garbage Collection (Proactive) 1820M(22%)->172M(2%)
[528.940s][info][gc,start    ] GC(278) Garbage Collection (Proactive)
[528.940s][info][gc,phases   ] GC(278) Pause Mark Start 0.005ms
[528.963s][info][gc,phases   ] GC(278) Concurrent Mark 22.845ms
[528.963s][info][gc,phases   ] GC(278) Pause Mark End 0.009ms
[528.964s][info][gc,phases   ] GC(278) Concurrent Process Non-Strong References 0.425ms
[528.964s][info][gc,phases   ] GC(278) Concurrent Reset Relocation Set 0.001ms
[528.967s][info][gc,phases   ] GC(278) Concurrent Select Relocation Set 2.829ms
[528.967s][info][gc,phases   ] GC(278) Pause Relocate Start 0.003ms
[528.968s][info][gc,phases   ] GC(278) Concurrent Relocate 0.664ms
[528.968s][info][gc,load     ] GC(278) Load: 3.68/3.67/3.62
[528.968s][info][gc,mmu      ] GC(278) MMU: 2ms/98.2%, 5ms/99.3%, 10ms/99.6%, 20ms/99.8%, 50ms/99.9%, 100ms/100.0%
[528.968s][info][gc,marking  ] GC(278) Mark: 2 stripe(s), 2 proactive flush(es), 1 terminate flush(es), 0 completion(s), 0 continuation(s) 
[528.968s][info][gc,nmethod  ] GC(278) NMethods: 484 registered, 0 unregistered
[528.968s][info][gc,metaspace] GC(278) Metaspace: 0M used, 0M committed, 1032M reserved
[528.968s][info][gc,ref      ] GC(278) Soft: 82 encountered, 0 discovered, 0 enqueued
[528.968s][info][gc,ref      ] GC(278) Weak: 200 encountered, 52 discovered, 0 enqueued
[528.968s][info][gc,ref      ] GC(278) Final: 0 encountered, 0 discovered, 0 enqueued
[528.968s][info][gc,ref      ] GC(278) Phantom: 5 encountered, 3 discovered, 0 enqueued
[528.968s][info][gc,reloc    ] GC(278) Small Pages: 962 / 1924M, Empty: 1770M, Relocated: 3M, In-Place: 0
[528.968s][info][gc,reloc    ] GC(278) Medium Pages: 0 / 0M, Empty: 0M, Relocated: 0M, In-Place: 0
[528.968s][info][gc,reloc    ] GC(278) Large Pages: 0 / 0M, Empty: 0M, Relocated: 0M, In-Place: 0
[528.968s][info][gc,reloc    ] GC(278) Forwarding Usage: 0M
[528.968s][info][gc,heap     ] GC(278) Min Capacity: 8192M(100%)
[528.968s][info][gc,heap     ] GC(278) Max Capacity: 8192M(100%)
[528.968s][info][gc,heap     ] GC(278) Soft Max Capacity: 8192M(100%)
[528.968s][info][gc,heap     ] GC(278)                Mark Start          Mark End        Relocate Start      Relocate End           High               Low         
[528.968s][info][gc,heap     ] GC(278)  Capacity:     8192M (100%)       8192M (100%)       8192M (100%)       8192M (100%)       8192M (100%)       8192M (100%)   
[528.968s][info][gc,heap     ] GC(278)      Free:     6268M (77%)        6244M (76%)        8006M (98%)        8012M (98%)        8012M (98%)        6244M (76%)    
[528.968s][info][gc,heap     ] GC(278)      Used:     1924M (23%)        1948M (24%)         186M (2%)          180M (2%)         1948M (24%)         180M (2%)     
[528.968s][info][gc,heap     ] GC(278)      Live:         -               132M (2%)          132M (2%)          132M (2%)             -                  -          
[528.968s][info][gc,heap     ] GC(278) Allocated:         -                24M (0%)           32M (0%)           32M (0%)             -                  -          
[528.968s][info][gc,heap     ] GC(278)   Garbage:         -              1791M (22%)          21M (0%)           15M (0%)             -                  -          
[528.968s][info][gc,heap     ] GC(278) Reclaimed:         -                  -              1770M (22%)        1776M (22%)            -                  -          
[528.968s][info][gc          ] GC(278) Garbage Collection (Proactive) 1924M(23%)->180M(2%)
[530.041s][info][gc,stats    ] === Garbage Collection Statistics =======================================================================================================================
[530.041s][info][gc,stats    ]                                                              Last 10s              Last 10m              Last 10h                Total
[530.041s][info][gc,stats    ]                                                              Avg / Max             Avg / Max             Avg / Max             Avg / Max
[530.041s][info][gc,stats    ]   Collector: Garbage Collection Cycle                     27.937 / 30.595       30.533 / 95.920       30.533 / 95.920       30.533 / 95.920      ms
[530.041s][info][gc,stats    ]  Contention: Mark Segment Reset Contention                     0 / 1                 0 / 4                 0 / 4                 0 / 4           ops/s
[530.041s][info][gc,stats    ]  Contention: Mark SeqNum Reset Contention                      0 / 0                 0 / 1                 0 / 1                 0 / 1           ops/s
[530.041s][info][gc,stats    ]    Critical: Allocation Stall                                  0 / 0                 0 / 0                 0 / 0                 0 / 0           ops/s
[530.041s][info][gc,stats    ]    Critical: Allocation Stall                              0.000 / 0.000         0.000 / 0.000         0.000 / 0.000         0.000 / 0.000       ms
[530.041s][info][gc,stats    ]    Critical: GC Locker Stall                                   0 / 0                 0 / 0                 0 / 0                 0 / 0           ops/s
[530.041s][info][gc,stats    ]    Critical: GC Locker Stall                               0.000 / 0.000         0.000 / 0.000         0.000 / 0.000         0.000 / 0.000       ms
[530.041s][info][gc,stats    ]    Critical: Relocation Stall                                  0 / 0                 0 / 0                 0 / 0                 0 / 0           ops/s
[530.041s][info][gc,stats    ]    Critical: Relocation Stall                              0.000 / 0.000         0.000 / 0.000         0.000 / 0.000         0.000 / 0.000       ms
[530.041s][info][gc,stats    ]      Memory: Allocation Rate                                1044 / 1048           1060 / 9212           1060 / 9212           1060 / 9212        MB/s
[530.041s][info][gc,stats    ]      Memory: Out Of Memory                                     0 / 0                 0 / 0                 0 / 0                 0 / 0           ops/s
[530.041s][info][gc,stats    ]      Memory: Page Cache Flush                                  0 / 0                 0 / 0                 0 / 0                 0 / 0           MB/s
[530.041s][info][gc,stats    ]      Memory: Page Cache Hit L1                               523 / 528             520 / 533             520 / 533             520 / 533         ops/s
[530.041s][info][gc,stats    ]      Memory: Page Cache Hit L2                                 0 / 0                 0 / 0                 0 / 0                 0 / 0           ops/s
[530.041s][info][gc,stats    ]      Memory: Page Cache Hit L3                                 0 / 0                 3 / 486               3 / 486               3 / 486         ops/s
[530.041s][info][gc,stats    ]      Memory: Page Cache Miss                                   0 / 0                 0 / 1                 0 / 1                 0 / 1           ops/s
[530.041s][info][gc,stats    ]      Memory: Uncommit                                          0 / 0                 0 / 0                 0 / 0                 0 / 0           MB/s
[530.041s][info][gc,stats    ]      Memory: Undo Object Allocation Failed                     0 / 0                 0 / 0                 0 / 0                 0 / 0           ops/s
[530.041s][info][gc,stats    ]      Memory: Undo Object Allocation Succeeded                  0 / 0                 0 / 6                 0 / 6                 0 / 6           ops/s
[530.041s][info][gc,stats    ]      Memory: Undo Page Allocation                              0 / 0                 0 / 1                 0 / 1                 0 / 1           ops/s
[530.041s][info][gc,stats    ]       Phase: Concurrent Mark                              23.571 / 26.148       25.680 / 65.214       25.680 / 65.214       25.680 / 65.214      ms
[530.041s][info][gc,stats    ]       Phase: Concurrent Mark Continue                      0.000 / 0.000         0.000 / 0.000         0.000 / 0.000         0.000 / 0.000       ms
[530.041s][info][gc,stats    ]       Phase: Concurrent Process Non-Strong References      0.419 / 0.494         0.451 / 0.911         0.451 / 0.911         0.451 / 0.911       ms
[530.041s][info][gc,stats    ]       Phase: Concurrent Relocate                           0.541 / 0.664         0.896 / 16.651        0.896 / 16.651        0.896 / 16.651      ms
[530.041s][info][gc,stats    ]       Phase: Concurrent Reset Relocation Set               0.002 / 0.002         0.002 / 0.098         0.002 / 0.098         0.002 / 0.098       ms
[530.041s][info][gc,stats    ]       Phase: Concurrent Select Relocation Set              2.790 / 2.977         2.865 / 12.567        2.865 / 12.567        2.865 / 12.567      ms
[530.041s][info][gc,stats    ]       Phase: Pause Mark End                                0.009 / 0.009         0.009 / 0.025         0.009 / 0.025         0.009 / 0.025       ms
[530.041s][info][gc,stats    ]       Phase: Pause Mark Start                              0.005 / 0.007         0.006 / 0.036         0.006 / 0.036         0.006 / 0.036       ms
[530.041s][info][gc,stats    ]       Phase: Pause Relocate Start                          0.004 / 0.006         0.004 / 0.026         0.004 / 0.026         0.004 / 0.026       ms
[530.041s][info][gc,stats    ]    Subphase: Concurrent Classes Purge                      0.031 / 0.038         0.029 / 0.102         0.029 / 0.102         0.029 / 0.102       ms
[530.041s][info][gc,stats    ]    Subphase: Concurrent Classes Unlink                     0.277 / 0.295         0.293 / 0.571         0.293 / 0.571         0.293 / 0.571       ms
[530.041s][info][gc,stats    ]    Subphase: Concurrent Mark                              22.800 / 25.771       24.884 / 64.907       24.884 / 64.907       24.884 / 64.907      ms
[530.041s][info][gc,stats    ]    Subphase: Concurrent Mark Idle                          1.104 / 1.263         1.191 / 1.347         1.191 / 1.347         1.191 / 1.347       ms
[530.041s][info][gc,stats    ]    Subphase: Concurrent Mark Try Flush                     0.036 / 0.108         0.034 / 0.135         0.034 / 0.135         0.034 / 0.135       ms
[530.041s][info][gc,stats    ]    Subphase: Concurrent Mark Try Terminate                 0.377 / 1.264         0.438 / 1.361         0.438 / 1.361         0.438 / 1.361       ms
[530.041s][info][gc,stats    ]    Subphase: Concurrent References Enqueue                 0.000 / 0.001         0.000 / 0.008         0.000 / 0.008         0.000 / 0.008       ms
[530.041s][info][gc,stats    ]    Subphase: Concurrent References Process                 0.020 / 0.022         0.025 / 0.095         0.025 / 0.095         0.025 / 0.095       ms
[530.041s][info][gc,stats    ]    Subphase: Concurrent Roots ClassLoaderDataGraph         0.016 / 0.041         0.017 / 0.132         0.017 / 0.132         0.017 / 0.132       ms
[530.041s][info][gc,stats    ]    Subphase: Concurrent Roots CodeCache                    0.000 / 0.000         0.000 / 0.000         0.000 / 0.000         0.000 / 0.000       ms
[530.041s][info][gc,stats    ]    Subphase: Concurrent Roots JavaThreads                  0.211 / 0.300         0.209 / 0.485         0.209 / 0.485         0.209 / 0.485       ms
[530.041s][info][gc,stats    ]    Subphase: Concurrent Roots OopStorageSet                0.004 / 0.006         0.004 / 0.041         0.004 / 0.041         0.004 / 0.041       ms
[530.041s][info][gc,stats    ]    Subphase: Concurrent Weak Roots OopStorageSet           0.035 / 0.041         0.037 / 0.120         0.037 / 0.120         0.037 / 0.120       ms
[530.041s][info][gc,stats    ]    Subphase: Pause Mark Try Complete                       0.000 / 0.000         0.000 / 0.000         0.000 / 0.000         0.000 / 0.000       ms
[530.041s][info][gc,stats    ]      System: Java Threads                                     16 / 16               16 / 20               16 / 20               16 / 20          threads
[530.041s][info][gc,stats    ] =========================================================================================================================================================
[530.540s][info][gc,start    ] GC(279) Garbage Collection (Proactive)
[530.540s][info][gc,phases   ] GC(279) Pause Mark Start 0.005ms
[530.563s][info][gc,phases   ] GC(279) Concurrent Mark 23.766ms
[530.564s][info][gc,phases   ] GC(279) Pause Mark End 0.009ms
[530.564s][info][gc,phases   ] GC(279) Concurrent Process Non-Strong References 0.444ms
[530.564s][info][gc,phases   ] GC(279) Concurrent Reset Relocation Set 0.001ms
[530.567s][info][gc,phases   ] GC(279) Concurrent Select Relocation Set 2.763ms
[530.567s][info][gc,phases   ] GC(279) Pause Relocate Start 0.004ms
[530.568s][info][gc,phases   ] GC(279) Concurrent Relocate 0.558ms
[530.568s][info][gc,load     ] GC(279) Load: 3.68/3.67/3.62
[530.568s][info][gc,mmu      ] GC(279) MMU: 2ms/98.2%, 5ms/99.3%, 10ms/99.6%, 20ms/99.8%, 50ms/99.9%, 100ms/100.0%
[530.568s][info][gc,marking  ] GC(279) Mark: 2 stripe(s), 2 proactive flush(es), 1 terminate flush(es), 0 completion(s), 0 continuation(s) 
[530.568s][info][gc,nmethod  ] GC(279) NMethods: 484 registered, 0 unregistered
[530.568s][info][gc,metaspace] GC(279) Metaspace: 0M used, 0M committed, 1032M reserved
[530.568s][info][gc,ref      ] GC(279) Soft: 82 encountered, 0 discovered, 0 enqueued
[530.568s][info][gc,ref      ] GC(279) Weak: 200 encountered, 62 discovered, 0 enqueued
[530.568s][info][gc,ref      ] GC(279) Final: 0 encountered, 0 discovered, 0 enqueued
[530.568s][info][gc,ref      ] GC(279) Phantom: 5 encountered, 5 discovered, 0 enqueued
[530.568s][info][gc,reloc    ] GC(279) Small Pages: 910 / 1820M, Empty: 1666M, Relocated: 3M, In-Place: 0
[530.568s][info][gc,reloc    ] GC(279) Medium Pages: 0 / 0M, Empty: 0M, Relocated: 0M, In-Place: 0
[530.568s][info][gc,reloc    ] GC(279) Large Pages: 0 / 0M, Empty: 0M, Relocated: 0M, In-Place: 0
[530.568s][info][gc,reloc    ] GC(279) Forwarding Usage: 0M
[530.568s][info][gc,heap     ] GC(279) Min Capacity: 8192M(100%)
[530.568s][info][gc,heap     ] GC(279) Max Capacity: 8192M(100%)
[530.568s][info][gc,heap     ] GC(279) Soft Max Capacity: 8192M(100%)
[530.568s][info][gc,heap     ] GC(279)                Mark Start          Mark End        Relocate Start      Relocate End           High               Low         
[530.568s][info][gc,heap     ] GC(279)  Capacity:     8192M (100%)       8192M (100%)       8192M (100%)       8192M (100%)       8192M (100%)       8192M (100%)   
[530.568s][info][gc,heap     ] GC(279)      Free:     6372M (78%)        6348M (77%)        8006M (98%)        8012M (98%)        8012M (98%)        6348M (77%)    
[530.568s][info][gc,heap     ] GC(279)      Used:     1820M (22%)        1844M (23%)         186M (2%)          180M (2%)         1844M (23%)         180M (2%)     
[530.568s][info][gc,heap     ] GC(279)      Live:         -               132M (2%)          132M (2%)          132M (2%)             -                  -          
[530.568s][info][gc,heap     ] GC(279) Allocated:         -                24M (0%)           32M (0%)           32M (0%)             -                  -          
[530.568s][info][gc,heap     ] GC(279)   Garbage:         -              1687M (21%)          21M (0%)           15M (0%)             -                  -          
[530.568s][info][gc,heap     ] GC(279) Reclaimed:         -                  -              1666M (20%)        1672M (20%)            -                  -          
[530.568s][info][gc          ] GC(279) Garbage Collection (Proactive) 1820M(22%)->180M(2%)
[532.140s][info][gc,start    ] GC(280) Garbage Collection (Proactive)
[532.140s][info][gc,phases   ] GC(280) Pause Mark Start 0.005ms
[532.164s][info][gc,phases   ] GC(280) Concurrent Mark 23.797ms
[532.164s][info][gc,phases   ] GC(280) Pause Mark End 0.009ms
[532.164s][info][gc,phases   ] GC(280) Concurrent Process Non-Strong References 0.398ms
[532.164s][info][gc,phases   ] GC(280) Concurrent Reset Relocation Set 0.001ms
[532.167s][info][gc,phases   ] GC(280) Concurrent Select Relocation Set 2.877ms
[532.167s][info][gc,phases   ] GC(280) Pause Relocate Start 0.005ms
[532.168s][info][gc,phases   ] GC(280) Concurrent Relocate 0.520ms
[532.168s][info][gc,load     ] GC(280) Load: 3.71/3.67/3.62
[532.168s][info][gc,mmu      ] GC(280) MMU: 2ms/98.2%, 5ms/99.3%, 10ms/99.6%, 20ms/99.8%, 50ms/99.9%, 100ms/100.0%
[532.168s][info][gc,marking  ] GC(280) Mark: 2 stripe(s), 2 proactive flush(es), 1 terminate flush(es), 0 completion(s), 0 continuation(s) 
[532.168s][info][gc,nmethod  ] GC(280) NMethods: 484 registered, 0 unregistered
[532.168s][info][gc,metaspace] GC(280) Metaspace: 0M used, 0M committed, 1032M reserved
[532.168s][info][gc,ref      ] GC(280) Soft: 82 encountered, 0 discovered, 0 enqueued
[532.168s][info][gc,ref      ] GC(280) Weak: 200 encountered, 59 discovered, 0 enqueued
[532.168s][info][gc,ref      ] GC(280) Final: 0 encountered, 0 discovered, 0 enqueued
[532.168s][info][gc,ref      ] GC(280) Phantom: 5 encountered, 3 discovered, 0 enqueued
[532.168s][info][gc,reloc    ] GC(280) Small Pages: 910 / 1820M, Empty: 1666M, Relocated: 3M, In-Place: 0
[532.168s][info][gc,reloc    ] GC(280) Medium Pages: 0 / 0M, Empty: 0M, Relocated: 0M, In-Place: 0
[532.168s][info][gc,reloc    ] GC(280) Large Pages: 0 / 0M, Empty: 0M, Relocated: 0M, In-Place: 0
[532.168s][info][gc,reloc    ] GC(280) Forwarding Usage: 0M
[532.168s][info][gc,heap     ] GC(280) Min Capacity: 8192M(100%)
[532.168s][info][gc,heap     ] GC(280) Max Capacity: 8192M(100%)
[532.168s][info][gc,heap     ] GC(280) Soft Max Capacity: 8192M(100%)
[532.168s][info][gc,heap     ] GC(280)                Mark Start          Mark End        Relocate Start      Relocate End           High               Low         
[532.168s][info][gc,heap     ] GC(280)  Capacity:     8192M (100%)       8192M (100%)       8192M (100%)       8192M (100%)       8192M (100%)       8192M (100%)   
[532.168s][info][gc,heap     ] GC(280)      Free:     6372M (78%)        6348M (77%)        8006M (98%)        8012M (98%)        8012M (98%)        6348M (77%)    
[532.168s][info][gc,heap     ] GC(280)      Used:     1820M (22%)        1844M (23%)         186M (2%)          180M (2%)         1844M (23%)         180M (2%)     
[532.168s][info][gc,heap     ] GC(280)      Live:         -               132M (2%)          132M (2%)          132M (2%)             -                  -          
[532.168s][info][gc,heap     ] GC(280) Allocated:         -                24M (0%)           32M (0%)           32M (0%)             -                  -          
[532.168s][info][gc,heap     ] GC(280)   Garbage:         -              1687M (21%)          21M (0%)           15M (0%)             -                  -          
[532.168s][info][gc,heap     ] GC(280) Reclaimed:         -                  -              1666M (20%)        1672M (20%)            -                  -          
[532.168s][info][gc          ] GC(280) Garbage Collection (Proactive) 1820M(22%)->180M(2%)
[533.640s][info][gc,start    ] GC(281) Garbage Collection (Proactive)
[533.640s][info][gc,phases   ] GC(281) Pause Mark Start 0.005ms
[533.663s][info][gc,phases   ] GC(281) Concurrent Mark 22.762ms
[533.663s][info][gc,phases   ] GC(281) Pause Mark End 0.008ms
[533.663s][info][gc,phases   ] GC(281) Concurrent Process Non-Strong References 0.425ms
[533.663s][info][gc,phases   ] GC(281) Concurrent Reset Relocation Set 0.001ms
[533.666s][info][gc,phases   ] GC(281) Concurrent Select Relocation Set 2.680ms
[533.666s][info][gc,phases   ] GC(281) Pause Relocate Start 0.003ms
[533.667s][info][gc,phases   ] GC(281) Concurrent Relocate 0.544ms
[533.667s][info][gc,load     ] GC(281) Load: 3.71/3.67/3.62
[533.667s][info][gc,mmu      ] GC(281) MMU: 2ms/98.2%, 5ms/99.3%, 10ms/99.6%, 20ms/99.8%, 50ms/99.9%, 100ms/100.0%
[533.667s][info][gc,marking  ] GC(281) Mark: 2 stripe(s), 2 proactive flush(es), 1 terminate flush(es), 0 completion(s), 0 continuation(s) 
[533.667s][info][gc,nmethod  ] GC(281) NMethods: 484 registered, 0 unregistered
[533.667s][info][gc,metaspace] GC(281) Metaspace: 0M used, 0M committed, 1032M reserved
[533.667s][info][gc,ref      ] GC(281) Soft: 82 encountered, 0 discovered, 0 enqueued
[533.667s][info][gc,ref      ] GC(281) Weak: 200 encountered, 54 discovered, 0 enqueued
[533.667s][info][gc,ref      ] GC(281) Final: 0 encountered, 0 discovered, 0 enqueued
[533.667s][info][gc,ref      ] GC(281) Phantom: 5 encountered, 3 discovered, 0 enqueued
[533.667s][info][gc,reloc    ] GC(281) Small Pages: 858 / 1716M, Empty: 1562M, Relocated: 3M, In-Place: 0
[533.667s][info][gc,reloc    ] GC(281) Medium Pages: 0 / 0M, Empty: 0M, Relocated: 0M, In-Place: 0
[533.667s][info][gc,reloc    ] GC(281) Large Pages: 0 / 0M, Empty: 0M, Relocated: 0M, In-Place: 0
[533.667s][info][gc,reloc    ] GC(281) Forwarding Usage: 0M
[533.667s][info][gc,heap     ] GC(281) Min Capacity: 8192M(100%)
[533.667s][info][gc,heap     ] GC(281) Max Capacity: 8192M(100%)
[533.667s][info][gc,heap     ] GC(281) Soft Max Capacity: 8192M(100%)
[533.667s][info][gc,heap     ] GC(281)                Mark Start          Mark End        Relocate Start      Relocate End           High               Low         
[533.667s][info][gc,heap     ] GC(281)  Capacity:     8192M (100%)       8192M (100%)       8192M (100%)       8192M (100%)       8192M (100%)       8192M (100%)   
[533.667s][info][gc,heap     ] GC(281)      Free:     6476M (79%)        6452M (79%)        8006M (98%)        8012M (98%)        8012M (98%)        6452M (79%)    
[533.667s][info][gc,heap     ] GC(281)      Used:     1716M (21%)        1740M (21%)         186M (2%)          180M (2%)         1740M (21%)         180M (2%)     
[533.667s][info][gc,heap     ] GC(281)      Live:         -               132M (2%)          132M (2%)          132M (2%)             -                  -          
[533.667s][info][gc,heap     ] GC(281) Allocated:         -                24M (0%)           32M (0%)           32M (0%)             -                  -          
[533.667s][info][gc,heap     ] GC(281)   Garbage:         -              1583M (19%)          21M (0%)           15M (0%)             -                  -          
[533.667s][info][gc,heap     ] GC(281) Reclaimed:         -                  -              1562M (19%)        1568M (19%)            -                  -          
[533.667s][info][gc          ] GC(281) Garbage Collection (Proactive) 1716M(21%)->180M(2%)
[535.140s][info][gc,start    ] GC(282) Garbage Collection (Proactive)
[535.140s][info][gc,phases   ] GC(282) Pause Mark Start 0.008ms
[535.165s][info][gc,phases   ] GC(282) Concurrent Mark 24.604ms
[535.165s][info][gc,phases   ] GC(282) Pause Mark End 0.009ms
[535.166s][info][gc,phases   ] GC(282) Concurrent Process Non-Strong References 0.533ms
[535.166s][info][gc,phases   ] GC(282) Concurrent Reset Relocation Set 0.002ms
[535.170s][info][gc,phases   ] GC(282) Concurrent Select Relocation Set 4.147ms
[535.170s][info][gc,phases   ] GC(282) Pause Relocate Start 0.005ms
[535.171s][info][gc,phases   ] GC(282) Concurrent Relocate 0.549ms
[535.171s][info][gc,load     ] GC(282) Load: 3.71/3.67/3.62
[535.171s][info][gc,mmu      ] GC(282) MMU: 2ms/98.2%, 5ms/99.3%, 10ms/99.6%, 20ms/99.8%, 50ms/99.9%, 100ms/100.0%
[535.171s][info][gc,marking  ] GC(282) Mark: 2 stripe(s), 3 proactive flush(es), 1 terminate flush(es), 0 completion(s), 0 continuation(s) 
[535.171s][info][gc,nmethod  ] GC(282) NMethods: 484 registered, 0 unregistered
[535.171s][info][gc,metaspace] GC(282) Metaspace: 0M used, 0M committed, 1032M reserved
[535.171s][info][gc,ref      ] GC(282) Soft: 82 encountered, 0 discovered, 0 enqueued
[535.171s][info][gc,ref      ] GC(282) Weak: 200 encountered, 62 discovered, 0 enqueued
[535.171s][info][gc,ref      ] GC(282) Final: 0 encountered, 0 discovered, 0 enqueued
[535.171s][info][gc,ref      ] GC(282) Phantom: 5 encountered, 3 discovered, 0 enqueued
[535.171s][info][gc,reloc    ] GC(282) Small Pages: 858 / 1716M, Empty: 1562M, Relocated: 3M, In-Place: 0
[535.171s][info][gc,reloc    ] GC(282) Medium Pages: 0 / 0M, Empty: 0M, Relocated: 0M, In-Place: 0
[535.171s][info][gc,reloc    ] GC(282) Large Pages: 0 / 0M, Empty: 0M, Relocated: 0M, In-Place: 0
[535.171s][info][gc,reloc    ] GC(282) Forwarding Usage: 0M
[535.171s][info][gc,heap     ] GC(282) Min Capacity: 8192M(100%)
[535.171s][info][gc,heap     ] GC(282) Max Capacity: 8192M(100%)
[535.171s][info][gc,heap     ] GC(282) Soft Max Capacity: 8192M(100%)
[535.171s][info][gc,heap     ] GC(282)                Mark Start          Mark End        Relocate Start      Relocate End           High               Low         
[535.171s][info][gc,heap     ] GC(282)  Capacity:     8192M (100%)       8192M (100%)       8192M (100%)       8192M (100%)       8192M (100%)       8192M (100%)   
[535.171s][info][gc,heap     ] GC(282)      Free:     6476M (79%)        6452M (79%)        8006M (98%)        8010M (98%)        8010M (98%)        6448M (79%)    
[535.171s][info][gc,heap     ] GC(282)      Used:     1716M (21%)        1740M (21%)         186M (2%)          182M (2%)         1744M (21%)         182M (2%)     
[535.171s][info][gc,heap     ] GC(282)      Live:         -               132M (2%)          132M (2%)          132M (2%)             -                  -          
[535.171s][info][gc,heap     ] GC(282) Allocated:         -                24M (0%)           32M (0%)           32M (0%)             -                  -          
[535.171s][info][gc,heap     ] GC(282)   Garbage:         -              1583M (19%)          21M (0%)           17M (0%)             -                  -          
[535.171s][info][gc,heap     ] GC(282) Reclaimed:         -                  -              1562M (19%)        1566M (19%)            -                  -          
[535.171s][info][gc          ] GC(282) Garbage Collection (Proactive) 1716M(21%)->182M(2%)
[536.940s][info][gc,start    ] GC(283) Garbage Collection (Proactive)
[536.940s][info][gc,phases   ] GC(283) Pause Mark Start 0.005ms
[536.963s][info][gc,phases   ] GC(283) Concurrent Mark 23.216ms
[536.963s][info][gc,phases   ] GC(283) Pause Mark End 0.009ms
[536.964s][info][gc,phases   ] GC(283) Concurrent Process Non-Strong References 0.446ms
[536.964s][info][gc,phases   ] GC(283) Concurrent Reset Relocation Set 0.001ms
[536.966s][info][gc,phases   ] GC(283) Concurrent Select Relocation Set 2.902ms
[536.967s][info][gc,phases   ] GC(283) Pause Relocate Start 0.005ms
[536.968s][info][gc,phases   ] GC(283) Concurrent Relocate 0.800ms
[536.968s][info][gc,load     ] GC(283) Load: 3.57/3.64/3.61
[536.968s][info][gc,mmu      ] GC(283) MMU: 2ms/98.2%, 5ms/99.3%, 10ms/99.6%, 20ms/99.8%, 50ms/99.9%, 100ms/100.0%
[536.968s][info][gc,marking  ] GC(283) Mark: 2 stripe(s), 2 proactive flush(es), 1 terminate flush(es), 0 completion(s), 0 continuation(s) 
[536.968s][info][gc,nmethod  ] GC(283) NMethods: 484 registered, 0 unregistered
[536.968s][info][gc,metaspace] GC(283) Metaspace: 0M used, 0M committed, 1032M reserved
[536.968s][info][gc,ref      ] GC(283) Soft: 82 encountered, 0 discovered, 0 enqueued
[536.968s][info][gc,ref      ] GC(283) Weak: 200 encountered, 56 discovered, 0 enqueued
[536.968s][info][gc,ref      ] GC(283) Final: 0 encountered, 0 discovered, 0 enqueued
[536.968s][info][gc,ref      ] GC(283) Phantom: 5 encountered, 5 discovered, 0 enqueued
[536.968s][info][gc,reloc    ] GC(283) Small Pages: 1015 / 2030M, Empty: 1876M, Relocated: 4M, In-Place: 0
[536.968s][info][gc,reloc    ] GC(283) Medium Pages: 0 / 0M, Empty: 0M, Relocated: 0M, In-Place: 0
[536.968s][info][gc,reloc    ] GC(283) Large Pages: 0 / 0M, Empty: 0M, Relocated: 0M, In-Place: 0
[536.968s][info][gc,reloc    ] GC(283) Forwarding Usage: 0M
[536.968s][info][gc,heap     ] GC(283) Min Capacity: 8192M(100%)
[536.968s][info][gc,heap     ] GC(283) Max Capacity: 8192M(100%)
[536.968s][info][gc,heap     ] GC(283) Soft Max Capacity: 8192M(100%)
[536.968s][info][gc,heap     ] GC(283)                Mark Start          Mark End        Relocate Start      Relocate End           High               Low         
[536.968s][info][gc,heap     ] GC(283)  Capacity:     8192M (100%)       8192M (100%)       8192M (100%)       8192M (100%)       8192M (100%)       8192M (100%)   
[536.968s][info][gc,heap     ] GC(283)      Free:     6162M (75%)        6138M (75%)        8006M (98%)        8010M (98%)        8010M (98%)        6138M (75%)    
[536.968s][info][gc,heap     ] GC(283)      Used:     2030M (25%)        2054M (25%)         186M (2%)          182M (2%)         2054M (25%)         182M (2%)     
[536.968s][info][gc,heap     ] GC(283)      Live:         -               132M (2%)          132M (2%)          132M (2%)             -                  -          
[536.968s][info][gc,heap     ] GC(283) Allocated:         -                24M (0%)           32M (0%)           32M (0%)             -                  -          
[536.968s][info][gc,heap     ] GC(283)   Garbage:         -              1897M (23%)          21M (0%)           17M (0%)             -                  -          
[536.968s][info][gc,heap     ] GC(283) Reclaimed:         -                  -              1876M (23%)        1880M (23%)            -                  -          
[536.968s][info][gc          ] GC(283) Garbage Collection (Proactive) 2030M(25%)->182M(2%)
[538.540s][info][gc,start    ] GC(284) Garbage Collection (Proactive)
[538.540s][info][gc,phases   ] GC(284) Pause Mark Start 0.005ms
[538.563s][info][gc,phases   ] GC(284) Concurrent Mark 23.608ms
[538.563s][info][gc,phases   ] GC(284) Pause Mark End 0.008ms
[538.564s][info][gc,phases   ] GC(284) Concurrent Process Non-Strong References 0.429ms
[538.564s][info][gc,phases   ] GC(284) Concurrent Reset Relocation Set 0.002ms
[538.567s][info][gc,phases   ] GC(284) Concurrent Select Relocation Set 2.780ms
[538.567s][info][gc,phases   ] GC(284) Pause Relocate Start 0.004ms
[538.568s][info][gc,phases   ] GC(284) Concurrent Relocate 0.839ms
[538.568s][info][gc,load     ] GC(284) Load: 3.57/3.64/3.61
[538.568s][info][gc,mmu      ] GC(284) MMU: 2ms/98.2%, 5ms/99.3%, 10ms/99.6%, 20ms/99.8%, 50ms/99.9%, 100ms/100.0%
[538.568s][info][gc,marking  ] GC(284) Mark: 2 stripe(s), 3 proactive flush(es), 1 terminate flush(es), 0 completion(s), 0 continuation(s) 
[538.568s][info][gc,nmethod  ] GC(284) NMethods: 484 registered, 0 unregistered
[538.568s][info][gc,metaspace] GC(284) Metaspace: 0M used, 0M committed, 1032M reserved
[538.568s][info][gc,ref      ] GC(284) Soft: 82 encountered, 0 discovered, 0 enqueued
[538.568s][info][gc,ref      ] GC(284) Weak: 200 encountered, 55 discovered, 0 enqueued
[538.568s][info][gc,ref      ] GC(284) Final: 0 encountered, 0 discovered, 0 enqueued
[538.568s][info][gc,ref      ] GC(284) Phantom: 5 encountered, 3 discovered, 0 enqueued
[538.568s][info][gc,reloc    ] GC(284) Small Pages: 911 / 1822M, Empty: 1666M, Relocated: 4M, In-Place: 0
[538.568s][info][gc,reloc    ] GC(284) Medium Pages: 0 / 0M, Empty: 0M, Relocated: 0M, In-Place: 0
[538.568s][info][gc,reloc    ] GC(284) Large Pages: 0 / 0M, Empty: 0M, Relocated: 0M, In-Place: 0
[538.568s][info][gc,reloc    ] GC(284) Forwarding Usage: 0M
[538.568s][info][gc,heap     ] GC(284) Min Capacity: 8192M(100%)
[538.568s][info][gc,heap     ] GC(284) Max Capacity: 8192M(100%)
[538.568s][info][gc,heap     ] GC(284) Soft Max Capacity: 8192M(100%)
[538.568s][info][gc,heap     ] GC(284)                Mark Start          Mark End        Relocate Start      Relocate End           High               Low         
[538.568s][info][gc,heap     ] GC(284)  Capacity:     8192M (100%)       8192M (100%)       8192M (100%)       8192M (100%)       8192M (100%)       8192M (100%)   
[538.568s][info][gc,heap     ] GC(284)      Free:     6370M (78%)        6346M (77%)        8004M (98%)        8010M (98%)        8010M (98%)        6346M (77%)    
[538.568s][info][gc,heap     ] GC(284)      Used:     1822M (22%)        1846M (23%)         188M (2%)          182M (2%)         1846M (23%)         182M (2%)     
[538.568s][info][gc,heap     ] GC(284)      Live:         -               132M (2%)          132M (2%)          132M (2%)             -                  -          
[538.568s][info][gc,heap     ] GC(284) Allocated:         -                24M (0%)           32M (0%)           34M (0%)             -                  -          
[538.568s][info][gc,heap     ] GC(284)   Garbage:         -              1689M (21%)          23M (0%)           15M (0%)             -                  -          
[538.568s][info][gc,heap     ] GC(284) Reclaimed:         -                  -              1666M (20%)        1674M (20%)            -                  -          
[538.568s][info][gc          ] GC(284) Garbage Collection (Proactive) 1822M(22%)->182M(2%)
[540.040s][info][gc,stats    ] === Garbage Collection Statistics =======================================================================================================================
[540.040s][info][gc,stats    ]                                                              Last 10s              Last 10m              Last 10h                Total
[540.040s][info][gc,stats    ]                                                              Avg / Max             Avg / Max             Avg / Max             Avg / Max
[540.040s][info][gc,stats    ]   Collector: Garbage Collection Cycle                     28.386 / 30.602       30.488 / 95.920       30.488 / 95.920       30.488 / 95.920      ms
[540.040s][info][gc,stats    ]  Contention: Mark Segment Reset Contention                     0 / 0                 0 / 4                 0 / 4                 0 / 4           ops/s
[540.040s][info][gc,stats    ]  Contention: Mark SeqNum Reset Contention                      0 / 0                 0 / 1                 0 / 1                 0 / 1           ops/s
[540.040s][info][gc,stats    ]    Critical: Allocation Stall                                  0 / 0                 0 / 0                 0 / 0                 0 / 0           ops/s
[540.040s][info][gc,stats    ]    Critical: Allocation Stall                              0.000 / 0.000         0.000 / 0.000         0.000 / 0.000         0.000 / 0.000       ms
[540.040s][info][gc,stats    ]    Critical: GC Locker Stall                                   0 / 0                 0 / 0                 0 / 0                 0 / 0           ops/s
[540.040s][info][gc,stats    ]    Critical: GC Locker Stall                               0.000 / 0.000         0.000 / 0.000         0.000 / 0.000         0.000 / 0.000       ms
[540.040s][info][gc,stats    ]    Critical: Relocation Stall                                  0 / 0                 0 / 0                 0 / 0                 0 / 0           ops/s
[540.040s][info][gc,stats    ]    Critical: Relocation Stall                              0.000 / 0.000         0.000 / 0.000         0.000 / 0.000         0.000 / 0.000       ms
[540.040s][info][gc,stats    ]      Memory: Allocation Rate                                1044 / 1048           1059 / 9212           1059 / 9212           1059 / 9212        MB/s
[540.040s][info][gc,stats    ]      Memory: Out Of Memory                                     0 / 0                 0 / 0                 0 / 0                 0 / 0           ops/s
[540.040s][info][gc,stats    ]      Memory: Page Cache Flush                                  0 / 0                 0 / 0                 0 / 0                 0 / 0           MB/s
[540.040s][info][gc,stats    ]      Memory: Page Cache Hit L1                               524 / 528             520 / 533             520 / 533             520 / 533         ops/s
[540.040s][info][gc,stats    ]      Memory: Page Cache Hit L2                                 0 / 0                 0 / 0                 0 / 0                 0 / 0           ops/s
[540.040s][info][gc,stats    ]      Memory: Page Cache Hit L3                                 0 / 0                 3 / 486               3 / 486               3 / 486         ops/s
[540.040s][info][gc,stats    ]      Memory: Page Cache Miss                                   0 / 0                 0 / 1                 0 / 1                 0 / 1           ops/s
[540.040s][info][gc,stats    ]      Memory: Uncommit                                          0 / 0                 0 / 0                 0 / 0                 0 / 0           MB/s
[540.040s][info][gc,stats    ]      Memory: Undo Object Allocation Failed                     0 / 0                 0 / 0                 0 / 0                 0 / 0           ops/s
[540.040s][info][gc,stats    ]      Memory: Undo Object Allocation Succeeded                  0 / 0                 0 / 6                 0 / 6                 0 / 6           ops/s
[540.040s][info][gc,stats    ]      Memory: Undo Page Allocation                              0 / 0                 0 / 1                 0 / 1                 0 / 1           ops/s
[540.040s][info][gc,stats    ]       Phase: Concurrent Mark                              23.626 / 24.604       25.637 / 65.214       25.637 / 65.214       25.637 / 65.214      ms
[540.040s][info][gc,stats    ]       Phase: Concurrent Mark Continue                      0.000 / 0.000         0.000 / 0.000         0.000 / 0.000         0.000 / 0.000       ms
[540.040s][info][gc,stats    ]       Phase: Concurrent Process Non-Strong References      0.446 / 0.533         0.450 / 0.911         0.450 / 0.911         0.450 / 0.911       ms
[540.040s][info][gc,stats    ]       Phase: Concurrent Relocate                           0.635 / 0.839         0.891 / 16.651        0.891 / 16.651        0.891 / 16.651      ms
[540.040s][info][gc,stats    ]       Phase: Concurrent Reset Relocation Set               0.001 / 0.002         0.002 / 0.098         0.002 / 0.098         0.002 / 0.098       ms
[540.040s][info][gc,stats    ]       Phase: Concurrent Select Relocation Set              3.025 / 4.147         2.868 / 12.567        2.868 / 12.567        2.868 / 12.567      ms
[540.040s][info][gc,stats    ]       Phase: Pause Mark End                                0.009 / 0.009         0.009 / 0.025         0.009 / 0.025         0.009 / 0.025       ms
[540.040s][info][gc,stats    ]       Phase: Pause Mark Start                              0.005 / 0.008         0.006 / 0.036         0.006 / 0.036         0.006 / 0.036       ms
[540.040s][info][gc,stats    ]       Phase: Pause Relocate Start                          0.004 / 0.005         0.004 / 0.026         0.004 / 0.026         0.004 / 0.026       ms
[540.040s][info][gc,stats    ]    Subphase: Concurrent Classes Purge                      0.026 / 0.029         0.029 / 0.102         0.029 / 0.102         0.029 / 0.102       ms
[540.040s][info][gc,stats    ]    Subphase: Concurrent Classes Unlink                     0.294 / 0.310         0.293 / 0.571         0.293 / 0.571         0.293 / 0.571       ms
[540.040s][info][gc,stats    ]    Subphase: Concurrent Mark                              22.757 / 24.176       24.840 / 64.907       24.840 / 64.907       24.840 / 64.907      ms
[540.040s][info][gc,stats    ]    Subphase: Concurrent Mark Idle                          1.228 / 1.314         1.191 / 1.347         1.191 / 1.347         1.191 / 1.347       ms
[540.040s][info][gc,stats    ]    Subphase: Concurrent Mark Try Flush                     0.029 / 0.062         0.034 / 0.135         0.034 / 0.135         0.034 / 0.135       ms
[540.040s][info][gc,stats    ]    Subphase: Concurrent Mark Try Terminate                 0.418 / 1.316         0.438 / 1.361         0.438 / 1.361         0.438 / 1.361       ms
[540.040s][info][gc,stats    ]    Subphase: Concurrent References Enqueue                 0.000 / 0.000         0.000 / 0.008         0.000 / 0.008         0.000 / 0.008       ms
[540.040s][info][gc,stats    ]    Subphase: Concurrent References Process                 0.021 / 0.027         0.025 / 0.095         0.025 / 0.095         0.025 / 0.095       ms
[540.040s][info][gc,stats    ]    Subphase: Concurrent Roots ClassLoaderDataGraph         0.019 / 0.062         0.017 / 0.132         0.017 / 0.132         0.017 / 0.132       ms
[540.040s][info][gc,stats    ]    Subphase: Concurrent Roots CodeCache                    0.000 / 0.000         0.000 / 0.000         0.000 / 0.000         0.000 / 0.000       ms
[540.040s][info][gc,stats    ]    Subphase: Concurrent Roots JavaThreads                  0.217 / 0.305         0.209 / 0.485         0.209 / 0.485         0.209 / 0.485       ms
[540.040s][info][gc,stats    ]    Subphase: Concurrent Roots OopStorageSet                0.004 / 0.007         0.004 / 0.041         0.004 / 0.041         0.004 / 0.041       ms
[540.040s][info][gc,stats    ]    Subphase: Concurrent Weak Roots OopStorageSet           0.037 / 0.058         0.037 / 0.120         0.037 / 0.120         0.037 / 0.120       ms
[540.040s][info][gc,stats    ]    Subphase: Pause Mark Try Complete                       0.000 / 0.000         0.000 / 0.000         0.000 / 0.000         0.000 / 0.000       ms
[540.040s][info][gc,stats    ]      System: Java Threads                                     16 / 16               16 / 20               16 / 20               16 / 20          threads
[540.040s][info][gc,stats    ] =========================================================================================================================================================
[540.139s][info][gc,start    ] GC(285) Garbage Collection (Proactive)
[540.139s][info][gc,phases   ] GC(285) Pause Mark Start 0.006ms
[540.163s][info][gc,phases   ] GC(285) Concurrent Mark 23.593ms
[540.163s][info][gc,phases   ] GC(285) Pause Mark End 0.009ms
[540.163s][info][gc,phases   ] GC(285) Concurrent Process Non-Strong References 0.409ms
[540.163s][info][gc,phases   ] GC(285) Concurrent Reset Relocation Set 0.002ms
[540.166s][info][gc,phases   ] GC(285) Concurrent Select Relocation Set 2.879ms
[540.167s][info][gc,phases   ] GC(285) Pause Relocate Start 0.004ms
[540.167s][info][gc,phases   ] GC(285) Concurrent Relocate 0.589ms
[540.167s][info][gc,load     ] GC(285) Load: 3.57/3.64/3.61
[540.167s][info][gc,mmu      ] GC(285) MMU: 2ms/98.2%, 5ms/99.3%, 10ms/99.6%, 20ms/99.8%, 50ms/99.9%, 100ms/100.0%
[540.167s][info][gc,marking  ] GC(285) Mark: 2 stripe(s), 2 proactive flush(es), 1 terminate flush(es), 0 completion(s), 0 continuation(s) 
[540.167s][info][gc,nmethod  ] GC(285) NMethods: 484 registered, 0 unregistered
[540.167s][info][gc,metaspace] GC(285) Metaspace: 0M used, 0M committed, 1032M reserved
[540.167s][info][gc,ref      ] GC(285) Soft: 82 encountered, 0 discovered, 0 enqueued
[540.167s][info][gc,ref      ] GC(285) Weak: 200 encountered, 51 discovered, 0 enqueued
[540.167s][info][gc,ref      ] GC(285) Final: 0 encountered, 0 discovered, 0 enqueued
[540.167s][info][gc,ref      ] GC(285) Phantom: 5 encountered, 3 discovered, 0 enqueued
[540.167s][info][gc,reloc    ] GC(285) Small Pages: 910 / 1820M, Empty: 1666M, Relocated: 3M, In-Place: 0
[540.167s][info][gc,reloc    ] GC(285) Medium Pages: 0 / 0M, Empty: 0M, Relocated: 0M, In-Place: 0
[540.167s][info][gc,reloc    ] GC(285) Large Pages: 0 / 0M, Empty: 0M, Relocated: 0M, In-Place: 0
[540.167s][info][gc,reloc    ] GC(285) Forwarding Usage: 0M
[540.167s][info][gc,heap     ] GC(285) Min Capacity: 8192M(100%)
[540.167s][info][gc,heap     ] GC(285) Max Capacity: 8192M(100%)
[540.167s][info][gc,heap     ] GC(285) Soft Max Capacity: 8192M(100%)
[540.167s][info][gc,heap     ] GC(285)                Mark Start          Mark End        Relocate Start      Relocate End           High               Low         
[540.167s][info][gc,heap     ] GC(285)  Capacity:     8192M (100%)       8192M (100%)       8192M (100%)       8192M (100%)       8192M (100%)       8192M (100%)   
[540.167s][info][gc,heap     ] GC(285)      Free:     6372M (78%)        6346M (77%)        8004M (98%)        8010M (98%)        8010M (98%)        6346M (77%)    
[540.167s][info][gc,heap     ] GC(285)      Used:     1820M (22%)        1846M (23%)         188M (2%)          182M (2%)         1846M (23%)         182M (2%)     
[540.168s][info][gc,heap     ] GC(285)      Live:         -               132M (2%)          132M (2%)          132M (2%)             -                  -          
[540.168s][info][gc,heap     ] GC(285) Allocated:         -                26M (0%)           34M (0%)           34M (0%)             -                  -          
[540.168s][info][gc,heap     ] GC(285)   Garbage:         -              1687M (21%)          21M (0%)           15M (0%)             -                  -          
[540.168s][info][gc,heap     ] GC(285) Reclaimed:         -                  -              1666M (20%)        1672M (20%)            -                  -          
[540.168s][info][gc          ] GC(285) Garbage Collection (Proactive) 1820M(22%)->182M(2%)
[541.640s][info][gc,start    ] GC(286) Garbage Collection (Proactive)
[541.640s][info][gc,phases   ] GC(286) Pause Mark Start 0.005ms
[541.663s][info][gc,phases   ] GC(286) Concurrent Mark 23.011ms
[541.663s][info][gc,phases   ] GC(286) Pause Mark End 0.008ms
[541.664s][info][gc,phases   ] GC(286) Concurrent Process Non-Strong References 0.410ms
[541.664s][info][gc,phases   ] GC(286) Concurrent Reset Relocation Set 0.002ms
[541.666s][info][gc,phases   ] GC(286) Concurrent Select Relocation Set 2.696ms
[541.666s][info][gc,phases   ] GC(286) Pause Relocate Start 0.003ms
[541.668s][info][gc,phases   ] GC(286) Concurrent Relocate 1.157ms
[541.668s][info][gc,load     ] GC(286) Load: 3.85/3.70/3.63
[541.668s][info][gc,mmu      ] GC(286) MMU: 2ms/98.2%, 5ms/99.3%, 10ms/99.6%, 20ms/99.8%, 50ms/99.9%, 100ms/100.0%
[541.668s][info][gc,marking  ] GC(286) Mark: 2 stripe(s), 2 proactive flush(es), 1 terminate flush(es), 0 completion(s), 0 continuation(s) 
[541.668s][info][gc,nmethod  ] GC(286) NMethods: 484 registered, 0 unregistered
[541.668s][info][gc,metaspace] GC(286) Metaspace: 0M used, 0M committed, 1032M reserved
[541.668s][info][gc,ref      ] GC(286) Soft: 82 encountered, 0 discovered, 0 enqueued
[541.668s][info][gc,ref      ] GC(286) Weak: 200 encountered, 60 discovered, 0 enqueued
[541.668s][info][gc,ref      ] GC(286) Final: 0 encountered, 0 discovered, 0 enqueued
[541.668s][info][gc,ref      ] GC(286) Phantom: 5 encountered, 4 discovered, 0 enqueued
[541.668s][info][gc,reloc    ] GC(286) Small Pages: 859 / 1718M, Empty: 1558M, Relocated: 6M, In-Place: 0
[541.668s][info][gc,reloc    ] GC(286) Medium Pages: 0 / 0M, Empty: 0M, Relocated: 0M, In-Place: 0
[541.668s][info][gc,reloc    ] GC(286) Large Pages: 0 / 0M, Empty: 0M, Relocated: 0M, In-Place: 0
[541.668s][info][gc,reloc    ] GC(286) Forwarding Usage: 0M
[541.668s][info][gc,heap     ] GC(286) Min Capacity: 8192M(100%)
[541.668s][info][gc,heap     ] GC(286) Max Capacity: 8192M(100%)
[541.668s][info][gc,heap     ] GC(286) Soft Max Capacity: 8192M(100%)
[541.668s][info][gc,heap     ] GC(286)                Mark Start          Mark End        Relocate Start      Relocate End           High               Low         
[541.668s][info][gc,heap     ] GC(286)  Capacity:     8192M (100%)       8192M (100%)       8192M (100%)       8192M (100%)       8192M (100%)       8192M (100%)   
[541.668s][info][gc,heap     ] GC(286)      Free:     6474M (79%)        6448M (79%)        8006M (98%)        8012M (98%)        8012M (98%)        6448M (79%)    
[541.668s][info][gc,heap     ] GC(286)      Used:     1718M (21%)        1744M (21%)         186M (2%)          180M (2%)         1744M (21%)         180M (2%)     
[541.668s][info][gc,heap     ] GC(286)      Live:         -               132M (2%)          132M (2%)          132M (2%)             -                  -          
[541.668s][info][gc,heap     ] GC(286) Allocated:         -                26M (0%)           26M (0%)           34M (0%)             -                  -          
[541.668s][info][gc,heap     ] GC(286)   Garbage:         -              1585M (19%)          27M (0%)           13M (0%)             -                  -          
[541.668s][info][gc,heap     ] GC(286) Reclaimed:         -                  -              1558M (19%)        1572M (19%)            -                  -          
[541.668s][info][gc          ] GC(286) Garbage Collection (Proactive) 1718M(21%)->180M(2%)
[543.140s][info][gc,start    ] GC(287) Garbage Collection (Proactive)
[543.140s][info][gc,phases   ] GC(287) Pause Mark Start 0.006ms
[543.165s][info][gc,phases   ] GC(287) Concurrent Mark 25.152ms
[543.165s][info][gc,phases   ] GC(287) Pause Mark End 0.008ms
[543.166s][info][gc,phases   ] GC(287) Concurrent Process Non-Strong References 0.430ms
[543.166s][info][gc,phases   ] GC(287) Concurrent Reset Relocation Set 0.003ms
[543.169s][info][gc,phases   ] GC(287) Concurrent Select Relocation Set 2.880ms
[543.169s][info][gc,phases   ] GC(287) Pause Relocate Start 0.004ms
[543.170s][info][gc,phases   ] GC(287) Concurrent Relocate 0.962ms
[543.170s][info][gc,load     ] GC(287) Load: 3.85/3.70/3.63
[543.170s][info][gc,mmu      ] GC(287) MMU: 2ms/98.2%, 5ms/99.3%, 10ms/99.6%, 20ms/99.8%, 50ms/99.9%, 100ms/100.0%
[543.170s][info][gc,marking  ] GC(287) Mark: 2 stripe(s), 2 proactive flush(es), 1 terminate flush(es), 0 completion(s), 0 continuation(s) 
[543.170s][info][gc,nmethod  ] GC(287) NMethods: 484 registered, 0 unregistered
[543.170s][info][gc,metaspace] GC(287) Metaspace: 0M used, 0M committed, 1032M reserved
[543.170s][info][gc,ref      ] GC(287) Soft: 82 encountered, 0 discovered, 0 enqueued
[543.170s][info][gc,ref      ] GC(287) Weak: 200 encountered, 50 discovered, 0 enqueued
[543.170s][info][gc,ref      ] GC(287) Final: 0 encountered, 0 discovered, 0 enqueued
[543.170s][info][gc,ref      ] GC(287) Phantom: 5 encountered, 5 discovered, 0 enqueued
[543.170s][info][gc,reloc    ] GC(287) Small Pages: 858 / 1716M, Empty: 1500M, Relocated: 6M, In-Place: 0
[543.170s][info][gc,reloc    ] GC(287) Medium Pages: 0 / 0M, Empty: 0M, Relocated: 0M, In-Place: 0
[543.170s][info][gc,reloc    ] GC(287) Large Pages: 0 / 0M, Empty: 0M, Relocated: 0M, In-Place: 0
[543.170s][info][gc,reloc    ] GC(287) Forwarding Usage: 0M
[543.170s][info][gc,heap     ] GC(287) Min Capacity: 8192M(100%)
[543.170s][info][gc,heap     ] GC(287) Max Capacity: 8192M(100%)
[543.170s][info][gc,heap     ] GC(287) Soft Max Capacity: 8192M(100%)
[543.170s][info][gc,heap     ] GC(287)                Mark Start          Mark End        Relocate Start      Relocate End           High               Low         
[543.170s][info][gc,heap     ] GC(287)  Capacity:     8192M (100%)       8192M (100%)       8192M (100%)       8192M (100%)       8192M (100%)       8192M (100%)   
[543.170s][info][gc,heap     ] GC(287)      Free:     6476M (79%)        6452M (79%)        7944M (97%)        8012M (98%)        8012M (98%)        6448M (79%)    
[543.170s][info][gc,heap     ] GC(287)      Used:     1716M (21%)        1740M (21%)         248M (3%)          180M (2%)         1744M (21%)         180M (2%)     
[543.170s][info][gc,heap     ] GC(287)      Live:         -               132M (2%)          132M (2%)          132M (2%)             -                  -          
[543.170s][info][gc,heap     ] GC(287) Allocated:         -                24M (0%)           32M (0%)           32M (0%)             -                  -          
[543.170s][info][gc,heap     ] GC(287)   Garbage:         -              1583M (19%)          83M (1%)           15M (0%)             -                  -          
[543.170s][info][gc,heap     ] GC(287) Reclaimed:         -                  -              1500M (18%)        1568M (19%)            -                  -          
[543.170s][info][gc          ] GC(287) Garbage Collection (Proactive) 1716M(21%)->180M(2%)
[544.840s][info][gc,start    ] GC(288) Garbage Collection (Proactive)
[544.840s][info][gc,phases   ] GC(288) Pause Mark Start 0.006ms
[544.862s][info][gc,phases   ] GC(288) Concurrent Mark 21.440ms
[544.862s][info][gc,phases   ] GC(288) Pause Mark End 0.008ms
[544.862s][info][gc,phases   ] GC(288) Concurrent Process Non-Strong References 0.386ms
[544.862s][info][gc,phases   ] GC(288) Concurrent Reset Relocation Set 0.004ms
[544.865s][info][gc,phases   ] GC(288) Concurrent Select Relocation Set 2.759ms
[544.865s][info][gc,phases   ] GC(288) Pause Relocate Start 0.003ms
[544.866s][info][gc,phases   ] GC(288) Concurrent Relocate 0.953ms
[544.866s][info][gc,load     ] GC(288) Load: 3.85/3.70/3.63
[544.866s][info][gc,mmu      ] GC(288) MMU: 2ms/98.2%, 5ms/99.3%, 10ms/99.6%, 20ms/99.8%, 50ms/99.9%, 100ms/100.0%
[544.866s][info][gc,marking  ] GC(288) Mark: 2 stripe(s), 2 proactive flush(es), 1 terminate flush(es), 0 completion(s), 0 continuation(s) 
[544.866s][info][gc,nmethod  ] GC(288) NMethods: 484 registered, 0 unregistered
[544.866s][info][gc,metaspace] GC(288) Metaspace: 0M used, 0M committed, 1032M reserved
[544.866s][info][gc,ref      ] GC(288) Soft: 82 encountered, 0 discovered, 0 enqueued
[544.866s][info][gc,ref      ] GC(288) Weak: 200 encountered, 53 discovered, 0 enqueued
[544.866s][info][gc,ref      ] GC(288) Final: 0 encountered, 0 discovered, 0 enqueued
[544.866s][info][gc,ref      ] GC(288) Phantom: 5 encountered, 3 discovered, 0 enqueued
[544.866s][info][gc,reloc    ] GC(288) Small Pages: 962 / 1924M, Empty: 1766M, Relocated: 6M, In-Place: 0
[544.866s][info][gc,reloc    ] GC(288) Medium Pages: 0 / 0M, Empty: 0M, Relocated: 0M, In-Place: 0
[544.866s][info][gc,reloc    ] GC(288) Large Pages: 0 / 0M, Empty: 0M, Relocated: 0M, In-Place: 0
[544.866s][info][gc,reloc    ] GC(288) Forwarding Usage: 0M
[544.866s][info][gc,heap     ] GC(288) Min Capacity: 8192M(100%)
[544.866s][info][gc,heap     ] GC(288) Max Capacity: 8192M(100%)
[544.867s][info][gc,heap     ] GC(288) Soft Max Capacity: 8192M(100%)
[544.867s][info][gc,heap     ] GC(288)                Mark Start          Mark End        Relocate Start      Relocate End           High               Low         
[544.867s][info][gc,heap     ] GC(288)  Capacity:     8192M (100%)       8192M (100%)       8192M (100%)       8192M (100%)       8192M (100%)       8192M (100%)   
[544.867s][info][gc,heap     ] GC(288)      Free:     6268M (77%)        6244M (76%)        8010M (98%)        8018M (98%)        8018M (98%)        6244M (76%)    
[544.867s][info][gc,heap     ] GC(288)      Used:     1924M (23%)        1948M (24%)         182M (2%)          174M (2%)         1948M (24%)         174M (2%)     
[544.867s][info][gc,heap     ] GC(288)      Live:         -               132M (2%)          132M (2%)          132M (2%)             -                  -          
[544.867s][info][gc,heap     ] GC(288) Allocated:         -                24M (0%)           24M (0%)           26M (0%)             -                  -          
[544.867s][info][gc,heap     ] GC(288)   Garbage:         -              1791M (22%)          25M (0%)           15M (0%)             -                  -          
[544.867s][info][gc,heap     ] GC(288) Reclaimed:         -                  -              1766M (22%)        1776M (22%)            -                  -          
[544.867s][info][gc          ] GC(288) Garbage Collection (Proactive) 1924M(23%)->174M(2%)
[546.540s][info][gc,start    ] GC(289) Garbage Collection (Proactive)
[546.541s][info][gc,phases   ] GC(289) Pause Mark Start 0.007ms
[546.565s][info][gc,phases   ] GC(289) Concurrent Mark 24.332ms
[546.565s][info][gc,phases   ] GC(289) Pause Mark End 0.011ms
[546.566s][info][gc,phases   ] GC(289) Concurrent Process Non-Strong References 0.561ms
[546.566s][info][gc,phases   ] GC(289) Concurrent Reset Relocation Set 0.002ms
[546.569s][info][gc,phases   ] GC(289) Concurrent Select Relocation Set 2.921ms
[546.569s][info][gc,phases   ] GC(289) Pause Relocate Start 0.006ms
[546.570s][info][gc,phases   ] GC(289) Concurrent Relocate 0.758ms
[546.570s][info][gc,load     ] GC(289) Load: 3.62/3.65/3.62
[546.570s][info][gc,mmu      ] GC(289) MMU: 2ms/98.2%, 5ms/99.3%, 10ms/99.6%, 20ms/99.8%, 50ms/99.9%, 100ms/100.0%
[546.570s][info][gc,marking  ] GC(289) Mark: 2 stripe(s), 2 proactive flush(es), 1 terminate flush(es), 0 completion(s), 0 continuation(s) 
[546.570s][info][gc,nmethod  ] GC(289) NMethods: 484 registered, 0 unregistered
[546.570s][info][gc,metaspace] GC(289) Metaspace: 0M used, 0M committed, 1032M reserved
[546.570s][info][gc,ref      ] GC(289) Soft: 82 encountered, 0 discovered, 0 enqueued
[546.570s][info][gc,ref      ] GC(289) Weak: 200 encountered, 51 discovered, 0 enqueued
[546.570s][info][gc,ref      ] GC(289) Final: 0 encountered, 0 discovered, 0 enqueued
[546.570s][info][gc,ref      ] GC(289) Phantom: 5 encountered, 3 discovered, 0 enqueued
[546.570s][info][gc,reloc    ] GC(289) Small Pages: 962 / 1924M, Empty: 1766M, Relocated: 5M, In-Place: 0
[546.570s][info][gc,reloc    ] GC(289) Medium Pages: 0 / 0M, Empty: 0M, Relocated: 0M, In-Place: 0
[546.570s][info][gc,reloc    ] GC(289) Large Pages: 0 / 0M, Empty: 0M, Relocated: 0M, In-Place: 0
[546.570s][info][gc,reloc    ] GC(289) Forwarding Usage: 0M
[546.570s][info][gc,heap     ] GC(289) Min Capacity: 8192M(100%)
[546.570s][info][gc,heap     ] GC(289) Max Capacity: 8192M(100%)
[546.570s][info][gc,heap     ] GC(289) Soft Max Capacity: 8192M(100%)
[546.570s][info][gc,heap     ] GC(289)                Mark Start          Mark End        Relocate Start      Relocate End           High               Low         
[546.570s][info][gc,heap     ] GC(289)  Capacity:     8192M (100%)       8192M (100%)       8192M (100%)       8192M (100%)       8192M (100%)       8192M (100%)   
[546.570s][info][gc,heap     ] GC(289)      Free:     6268M (77%)        6244M (76%)        8002M (98%)        8010M (98%)        8010M (98%)        6236M (76%)    
[546.570s][info][gc,heap     ] GC(289)      Used:     1924M (23%)        1948M (24%)         190M (2%)          182M (2%)         1956M (24%)         182M (2%)     
[546.570s][info][gc,heap     ] GC(289)      Live:         -               132M (2%)          132M (2%)          132M (2%)             -                  -          
[546.570s][info][gc,heap     ] GC(289) Allocated:         -                24M (0%)           32M (0%)           32M (0%)             -                  -          
[546.570s][info][gc,heap     ] GC(289)   Garbage:         -              1791M (22%)          25M (0%)           17M (0%)             -                  -          
[546.570s][info][gc,heap     ] GC(289) Reclaimed:         -                  -              1766M (22%)        1774M (22%)            -                  -          
[546.570s][info][gc          ] GC(289) Garbage Collection (Proactive) 1924M(23%)->182M(2%)
[548.240s][info][gc,start    ] GC(290) Garbage Collection (Proactive)
[548.240s][info][gc,phases   ] GC(290) Pause Mark Start 0.004ms
[548.263s][info][gc,phases   ] GC(290) Concurrent Mark 22.328ms
[548.263s][info][gc,phases   ] GC(290) Pause Mark End 0.008ms
[548.263s][info][gc,phases   ] GC(290) Concurrent Process Non-Strong References 0.341ms
[548.263s][info][gc,phases   ] GC(290) Concurrent Reset Relocation Set 0.002ms
[548.266s][info][gc,phases   ] GC(290) Concurrent Select Relocation Set 2.346ms
[548.266s][info][gc,phases   ] GC(290) Pause Relocate Start 0.003ms
[548.267s][info][gc,phases   ] GC(290) Concurrent Relocate 1.117ms
[548.267s][info][gc,load     ] GC(290) Load: 3.62/3.65/3.62
[548.267s][info][gc,mmu      ] GC(290) MMU: 2ms/98.2%, 5ms/99.3%, 10ms/99.6%, 20ms/99.8%, 50ms/99.9%, 100ms/100.0%
[548.267s][info][gc,marking  ] GC(290) Mark: 2 stripe(s), 2 proactive flush(es), 1 terminate flush(es), 0 completion(s), 0 continuation(s) 
[548.267s][info][gc,nmethod  ] GC(290) NMethods: 484 registered, 0 unregistered
[548.267s][info][gc,metaspace] GC(290) Metaspace: 0M used, 0M committed, 1032M reserved
[548.267s][info][gc,ref      ] GC(290) Soft: 82 encountered, 0 discovered, 0 enqueued
[548.267s][info][gc,ref      ] GC(290) Weak: 200 encountered, 62 discovered, 0 enqueued
[548.267s][info][gc,ref      ] GC(290) Final: 0 encountered, 0 discovered, 0 enqueued
[548.267s][info][gc,ref      ] GC(290) Phantom: 5 encountered, 3 discovered, 0 enqueued
[548.267s][info][gc,reloc    ] GC(290) Small Pages: 963 / 1926M, Empty: 1770M, Relocated: 5M, In-Place: 0
[548.267s][info][gc,reloc    ] GC(290) Medium Pages: 0 / 0M, Empty: 0M, Relocated: 0M, In-Place: 0
[548.267s][info][gc,reloc    ] GC(290) Large Pages: 0 / 0M, Empty: 0M, Relocated: 0M, In-Place: 0
[548.267s][info][gc,reloc    ] GC(290) Forwarding Usage: 0M
[548.267s][info][gc,heap     ] GC(290) Min Capacity: 8192M(100%)
[548.267s][info][gc,heap     ] GC(290) Max Capacity: 8192M(100%)
[548.267s][info][gc,heap     ] GC(290) Soft Max Capacity: 8192M(100%)
[548.267s][info][gc,heap     ] GC(290)                Mark Start          Mark End        Relocate Start      Relocate End           High               Low         
[548.267s][info][gc,heap     ] GC(290)  Capacity:     8192M (100%)       8192M (100%)       8192M (100%)       8192M (100%)       8192M (100%)       8192M (100%)   
[548.267s][info][gc,heap     ] GC(290)      Free:     6266M (76%)        6242M (76%)        8012M (98%)        8010M (98%)        8012M (98%)        6242M (76%)    
[548.267s][info][gc,heap     ] GC(290)      Used:     1926M (24%)        1950M (24%)         180M (2%)          182M (2%)         1950M (24%)         180M (2%)     
[548.267s][info][gc,heap     ] GC(290)      Live:         -               132M (2%)          132M (2%)          132M (2%)             -                  -          
[548.267s][info][gc,heap     ] GC(290) Allocated:         -                24M (0%)           24M (0%)           32M (0%)             -                  -          
[548.267s][info][gc,heap     ] GC(290)   Garbage:         -              1793M (22%)          23M (0%)           17M (0%)             -                  -          
[548.267s][info][gc,heap     ] GC(290) Reclaimed:         -                  -              1770M (22%)        1776M (22%)            -                  -          
[548.267s][info][gc          ] GC(290) Garbage Collection (Proactive) 1926M(24%)->182M(2%)
[549.840s][info][gc,start    ] GC(291) Garbage Collection (Proactive)
[549.841s][info][gc,phases   ] GC(291) Pause Mark Start 0.005ms
[549.865s][info][gc,phases   ] GC(291) Concurrent Mark 24.512ms
[549.865s][info][gc,phases   ] GC(291) Pause Mark End 0.009ms
[549.866s][info][gc,phases   ] GC(291) Concurrent Process Non-Strong References 0.503ms
[549.866s][info][gc,phases   ] GC(291) Concurrent Reset Relocation Set 0.002ms
[549.869s][info][gc,phases   ] GC(291) Concurrent Select Relocation Set 2.902ms
[549.869s][info][gc,phases   ] GC(291) Pause Relocate Start 0.004ms
[549.870s][info][gc,phases   ] GC(291) Concurrent Relocate 0.738ms
[549.870s][info][gc,load     ] GC(291) Load: 3.62/3.65/3.62
[549.870s][info][gc,mmu      ] GC(291) MMU: 2ms/98.2%, 5ms/99.3%, 10ms/99.6%, 20ms/99.8%, 50ms/99.9%, 100ms/100.0%
[549.870s][info][gc,marking  ] GC(291) Mark: 2 stripe(s), 2 proactive flush(es), 1 terminate flush(es), 0 completion(s), 0 continuation(s) 
[549.870s][info][gc,nmethod  ] GC(291) NMethods: 484 registered, 0 unregistered
[549.870s][info][gc,metaspace] GC(291) Metaspace: 0M used, 0M committed, 1032M reserved
[549.870s][info][gc,ref      ] GC(291) Soft: 82 encountered, 0 discovered, 0 enqueued
[549.870s][info][gc,ref      ] GC(291) Weak: 200 encountered, 62 discovered, 0 enqueued
[549.870s][info][gc,ref      ] GC(291) Final: 0 encountered, 0 discovered, 0 enqueued
[549.870s][info][gc,ref      ] GC(291) Phantom: 5 encountered, 3 discovered, 0 enqueued
[549.870s][info][gc,reloc    ] GC(291) Small Pages: 911 / 1822M, Empty: 1662M, Relocated: 5M, In-Place: 0
[549.870s][info][gc,reloc    ] GC(291) Medium Pages: 0 / 0M, Empty: 0M, Relocated: 0M, In-Place: 0
[549.870s][info][gc,reloc    ] GC(291) Large Pages: 0 / 0M, Empty: 0M, Relocated: 0M, In-Place: 0
[549.870s][info][gc,reloc    ] GC(291) Forwarding Usage: 0M
[549.870s][info][gc,heap     ] GC(291) Min Capacity: 8192M(100%)
[549.870s][info][gc,heap     ] GC(291) Max Capacity: 8192M(100%)
[549.870s][info][gc,heap     ] GC(291) Soft Max Capacity: 8192M(100%)
[549.870s][info][gc,heap     ] GC(291)                Mark Start          Mark End        Relocate Start      Relocate End           High               Low         
[549.870s][info][gc,heap     ] GC(291)  Capacity:     8192M (100%)       8192M (100%)       8192M (100%)       8192M (100%)       8192M (100%)       8192M (100%)   
[549.870s][info][gc,heap     ] GC(291)      Free:     6370M (78%)        6346M (77%)        8000M (98%)        8010M (98%)        8010M (98%)        6346M (77%)    
[549.870s][info][gc,heap     ] GC(291)      Used:     1822M (22%)        1846M (23%)         192M (2%)          182M (2%)         1846M (23%)         182M (2%)     
[549.870s][info][gc,heap     ] GC(291)      Live:         -               132M (2%)          132M (2%)          132M (2%)             -                  -          
[549.870s][info][gc,heap     ] GC(291) Allocated:         -                24M (0%)           32M (0%)           32M (0%)             -                  -          
[549.870s][info][gc,heap     ] GC(291)   Garbage:         -              1689M (21%)          27M (0%)           17M (0%)             -                  -          
[549.870s][info][gc,heap     ] GC(291) Reclaimed:         -                  -              1662M (20%)        1672M (20%)            -                  -          
[549.870s][info][gc          ] GC(291) Garbage Collection (Proactive) 1822M(22%)->182M(2%)
[550.040s][info][gc,stats    ] === Garbage Collection Statistics =======================================================================================================================
[550.041s][info][gc,stats    ]                                                              Last 10s              Last 10m              Last 10h                Total
[550.041s][info][gc,stats    ]                                                              Avg / Max             Avg / Max             Avg / Max             Avg / Max
[550.041s][info][gc,stats    ]   Collector: Garbage Collection Cycle                     28.178 / 29.933       30.432 / 95.920       30.432 / 95.920       30.432 / 95.920      ms
[550.041s][info][gc,stats    ]  Contention: Mark Segment Reset Contention                     0 / 0                 0 / 4                 0 / 4                 0 / 4           ops/s
[550.041s][info][gc,stats    ]  Contention: Mark SeqNum Reset Contention                      0 / 0                 0 / 1                 0 / 1                 0 / 1           ops/s
[550.041s][info][gc,stats    ]    Critical: Allocation Stall                                  0 / 0                 0 / 0                 0 / 0                 0 / 0           ops/s
[550.041s][info][gc,stats    ]    Critical: Allocation Stall                              0.000 / 0.000         0.000 / 0.000         0.000 / 0.000         0.000 / 0.000       ms
[550.041s][info][gc,stats    ]    Critical: GC Locker Stall                                   0 / 0                 0 / 0                 0 / 0                 0 / 0           ops/s
[550.041s][info][gc,stats    ]    Critical: GC Locker Stall                               0.000 / 0.000         0.000 / 0.000         0.000 / 0.000         0.000 / 0.000       ms
[550.041s][info][gc,stats    ]    Critical: Relocation Stall                                  0 / 0                 0 / 0                 0 / 0                 0 / 0           ops/s
[550.041s][info][gc,stats    ]    Critical: Relocation Stall                              0.000 / 0.000         0.000 / 0.000         0.000 / 0.000         0.000 / 0.000       ms
[550.041s][info][gc,stats    ]      Memory: Allocation Rate                                1046 / 1050           1059 / 9212           1059 / 9212           1059 / 9212        MB/s
[550.041s][info][gc,stats    ]      Memory: Out Of Memory                                     0 / 0                 0 / 0                 0 / 0                 0 / 0           ops/s
[550.041s][info][gc,stats    ]      Memory: Page Cache Flush                                  0 / 0                 0 / 0                 0 / 0                 0 / 0           MB/s
[550.041s][info][gc,stats    ]      Memory: Page Cache Hit L1                               525 / 529             520 / 533             520 / 533             520 / 533         ops/s
[550.041s][info][gc,stats    ]      Memory: Page Cache Hit L2                                 0 / 0                 0 / 0                 0 / 0                 0 / 0           ops/s
[550.041s][info][gc,stats    ]      Memory: Page Cache Hit L3                                 0 / 0                 3 / 486               3 / 486               3 / 486         ops/s
[550.041s][info][gc,stats    ]      Memory: Page Cache Miss                                   0 / 0                 0 / 1                 0 / 1                 0 / 1           ops/s
[550.041s][info][gc,stats    ]      Memory: Uncommit                                          0 / 0                 0 / 0                 0 / 0                 0 / 0           MB/s
[550.041s][info][gc,stats    ]      Memory: Undo Object Allocation Failed                     0 / 0                 0 / 0                 0 / 0                 0 / 0           ops/s
[550.041s][info][gc,stats    ]      Memory: Undo Object Allocation Succeeded                  0 / 1                 0 / 6                 0 / 6                 0 / 6           ops/s
[550.041s][info][gc,stats    ]      Memory: Undo Page Allocation                              0 / 0                 0 / 1                 0 / 1                 0 / 1           ops/s
[550.041s][info][gc,stats    ]       Phase: Concurrent Mark                              23.481 / 25.152       25.585 / 65.214       25.585 / 65.214       25.585 / 65.214      ms
[550.041s][info][gc,stats    ]       Phase: Concurrent Mark Continue                      0.000 / 0.000         0.000 / 0.000         0.000 / 0.000         0.000 / 0.000       ms
[550.041s][info][gc,stats    ]       Phase: Concurrent Process Non-Strong References      0.434 / 0.561         0.450 / 0.911         0.450 / 0.911         0.450 / 0.911       ms
[550.041s][info][gc,stats    ]       Phase: Concurrent Relocate                           0.896 / 1.157         0.891 / 16.651        0.891 / 16.651        0.891 / 16.651      ms
[550.041s][info][gc,stats    ]       Phase: Concurrent Reset Relocation Set               0.002 / 0.004         0.002 / 0.098         0.002 / 0.098         0.002 / 0.098       ms
[550.041s][info][gc,stats    ]       Phase: Concurrent Select Relocation Set              2.769 / 2.921         2.866 / 12.567        2.866 / 12.567        2.866 / 12.567      ms
[550.041s][info][gc,stats    ]       Phase: Pause Mark End                                0.009 / 0.011         0.009 / 0.025         0.009 / 0.025         0.009 / 0.025       ms
[550.041s][info][gc,stats    ]       Phase: Pause Mark Start                              0.005 / 0.007         0.006 / 0.036         0.006 / 0.036         0.006 / 0.036       ms
[550.041s][info][gc,stats    ]       Phase: Pause Relocate Start                          0.004 / 0.006         0.004 / 0.026         0.004 / 0.026         0.004 / 0.026       ms
[550.041s][info][gc,stats    ]    Subphase: Concurrent Classes Purge                      0.028 / 0.043         0.029 / 0.102         0.029 / 0.102         0.029 / 0.102       ms
[550.041s][info][gc,stats    ]    Subphase: Concurrent Classes Unlink                     0.280 / 0.322         0.292 / 0.571         0.292 / 0.571         0.292 / 0.571       ms
[550.041s][info][gc,stats    ]    Subphase: Concurrent Mark                              22.686 / 24.895       24.788 / 64.907       24.788 / 64.907       24.788 / 64.907      ms
[550.041s][info][gc,stats    ]    Subphase: Concurrent Mark Idle                          1.209 / 1.296         1.192 / 1.347         1.192 / 1.347         1.192 / 1.347       ms
[550.041s][info][gc,stats    ]    Subphase: Concurrent Mark Try Flush                     0.031 / 0.071         0.034 / 0.135         0.034 / 0.135         0.034 / 0.135       ms
[550.041s][info][gc,stats    ]    Subphase: Concurrent Mark Try Terminate                 0.411 / 1.300         0.437 / 1.361         0.437 / 1.361         0.437 / 1.361       ms
[550.041s][info][gc,stats    ]    Subphase: Concurrent References Enqueue                 0.000 / 0.001         0.000 / 0.008         0.000 / 0.008         0.000 / 0.008       ms
[550.041s][info][gc,stats    ]    Subphase: Concurrent References Process                 0.019 / 0.023         0.025 / 0.095         0.025 / 0.095         0.025 / 0.095       ms
[550.041s][info][gc,stats    ]    Subphase: Concurrent Roots ClassLoaderDataGraph         0.016 / 0.034         0.017 / 0.132         0.017 / 0.132         0.017 / 0.132       ms
[550.041s][info][gc,stats    ]    Subphase: Concurrent Roots CodeCache                    0.000 / 0.000         0.000 / 0.000         0.000 / 0.000         0.000 / 0.000       ms
[550.041s][info][gc,stats    ]    Subphase: Concurrent Roots JavaThreads                  0.190 / 0.254         0.209 / 0.485         0.209 / 0.485         0.209 / 0.485       ms
[550.041s][info][gc,stats    ]    Subphase: Concurrent Roots OopStorageSet                0.007 / 0.028         0.004 / 0.041         0.004 / 0.041         0.004 / 0.041       ms
[550.041s][info][gc,stats    ]    Subphase: Concurrent Weak Roots OopStorageSet           0.037 / 0.049         0.037 / 0.120         0.037 / 0.120         0.037 / 0.120       ms
[550.041s][info][gc,stats    ]    Subphase: Pause Mark Try Complete                       0.000 / 0.000         0.000 / 0.000         0.000 / 0.000         0.000 / 0.000       ms
[550.041s][info][gc,stats    ]      System: Java Threads                                     16 / 16               16 / 20               16 / 20               16 / 20          threads
[550.041s][info][gc,stats    ] =========================================================================================================================================================
[551.440s][info][gc,start    ] GC(292) Garbage Collection (Proactive)
[551.440s][info][gc,phases   ] GC(292) Pause Mark Start 0.005ms
[551.462s][info][gc,phases   ] GC(292) Concurrent Mark 21.663ms
[551.462s][info][gc,phases   ] GC(292) Pause Mark End 0.008ms
[551.462s][info][gc,phases   ] GC(292) Concurrent Process Non-Strong References 0.400ms
[551.462s][info][gc,phases   ] GC(292) Concurrent Reset Relocation Set 0.002ms
[551.465s][info][gc,phases   ] GC(292) Concurrent Select Relocation Set 2.609ms
[551.465s][info][gc,phases   ] GC(292) Pause Relocate Start 0.004ms
[551.466s][info][gc,phases   ] GC(292) Concurrent Relocate 0.658ms
[551.466s][info][gc,load     ] GC(292) Load: 3.89/3.71/3.64
[551.466s][info][gc,mmu      ] GC(292) MMU: 2ms/98.2%, 5ms/99.3%, 10ms/99.6%, 20ms/99.8%, 50ms/99.9%, 100ms/100.0%
[551.466s][info][gc,marking  ] GC(292) Mark: 2 stripe(s), 2 proactive flush(es), 1 terminate flush(es), 0 completion(s), 0 continuation(s) 
[551.466s][info][gc,nmethod  ] GC(292) NMethods: 484 registered, 0 unregistered
[551.466s][info][gc,metaspace] GC(292) Metaspace: 0M used, 0M committed, 1032M reserved
[551.466s][info][gc,ref      ] GC(292) Soft: 82 encountered, 0 discovered, 0 enqueued
[551.466s][info][gc,ref      ] GC(292) Weak: 200 encountered, 53 discovered, 0 enqueued
[551.466s][info][gc,ref      ] GC(292) Final: 0 encountered, 0 discovered, 0 enqueued
[551.466s][info][gc,ref      ] GC(292) Phantom: 5 encountered, 5 discovered, 0 enqueued
[551.466s][info][gc,reloc    ] GC(292) Small Pages: 911 / 1822M, Empty: 1666M, Relocated: 4M, In-Place: 0
[551.466s][info][gc,reloc    ] GC(292) Medium Pages: 0 / 0M, Empty: 0M, Relocated: 0M, In-Place: 0
[551.466s][info][gc,reloc    ] GC(292) Large Pages: 0 / 0M, Empty: 0M, Relocated: 0M, In-Place: 0
[551.466s][info][gc,reloc    ] GC(292) Forwarding Usage: 0M
[551.466s][info][gc,heap     ] GC(292) Min Capacity: 8192M(100%)
[551.466s][info][gc,heap     ] GC(292) Max Capacity: 8192M(100%)
[551.466s][info][gc,heap     ] GC(292) Soft Max Capacity: 8192M(100%)
[551.466s][info][gc,heap     ] GC(292)                Mark Start          Mark End        Relocate Start      Relocate End           High               Low         
[551.466s][info][gc,heap     ] GC(292)  Capacity:     8192M (100%)       8192M (100%)       8192M (100%)       8192M (100%)       8192M (100%)       8192M (100%)   
[551.466s][info][gc,heap     ] GC(292)      Free:     6370M (78%)        6346M (77%)        8012M (98%)        8018M (98%)        8018M (98%)        6346M (77%)    
[551.466s][info][gc,heap     ] GC(292)      Used:     1822M (22%)        1846M (23%)         180M (2%)          174M (2%)         1846M (23%)         174M (2%)     
[551.466s][info][gc,heap     ] GC(292)      Live:         -               132M (2%)          132M (2%)          132M (2%)             -                  -          
[551.466s][info][gc,heap     ] GC(292) Allocated:         -                24M (0%)           24M (0%)           24M (0%)             -                  -          
[551.466s][info][gc,heap     ] GC(292)   Garbage:         -              1689M (21%)          23M (0%)           17M (0%)             -                  -          
[551.466s][info][gc,heap     ] GC(292) Reclaimed:         -                  -              1666M (20%)        1672M (20%)            -                  -          
[551.466s][info][gc          ] GC(292) Garbage Collection (Proactive) 1822M(22%)->174M(2%)
[553.040s][info][gc,start    ] GC(293) Garbage Collection (Proactive)
[553.040s][info][gc,phases   ] GC(293) Pause Mark Start 0.005ms
[553.063s][info][gc,phases   ] GC(293) Concurrent Mark 23.000ms
[553.063s][info][gc,phases   ] GC(293) Pause Mark End 0.009ms
[553.063s][info][gc,phases   ] GC(293) Concurrent Process Non-Strong References 0.391ms
[553.063s][info][gc,phases   ] GC(293) Concurrent Reset Relocation Set 0.001ms
[553.066s][info][gc,phases   ] GC(293) Concurrent Select Relocation Set 2.776ms
[553.066s][info][gc,phases   ] GC(293) Pause Relocate Start 0.003ms
[553.067s][info][gc,phases   ] GC(293) Concurrent Relocate 0.869ms
[553.067s][info][gc,load     ] GC(293) Load: 3.89/3.71/3.64
[553.067s][info][gc,mmu      ] GC(293) MMU: 2ms/98.2%, 5ms/99.3%, 10ms/99.6%, 20ms/99.8%, 50ms/99.9%, 100ms/100.0%
[553.067s][info][gc,marking  ] GC(293) Mark: 2 stripe(s), 2 proactive flush(es), 1 terminate flush(es), 0 completion(s), 0 continuation(s) 
[553.067s][info][gc,nmethod  ] GC(293) NMethods: 484 registered, 0 unregistered
[553.067s][info][gc,metaspace] GC(293) Metaspace: 0M used, 0M committed, 1032M reserved
[553.067s][info][gc,ref      ] GC(293) Soft: 82 encountered, 0 discovered, 0 enqueued
[553.067s][info][gc,ref      ] GC(293) Weak: 200 encountered, 53 discovered, 0 enqueued
[553.067s][info][gc,ref      ] GC(293) Final: 0 encountered, 0 discovered, 0 enqueued
[553.067s][info][gc,ref      ] GC(293) Phantom: 5 encountered, 5 discovered, 0 enqueued
[553.068s][info][gc,reloc    ] GC(293) Small Pages: 911 / 1822M, Empty: 1664M, Relocated: 4M, In-Place: 0
[553.068s][info][gc,reloc    ] GC(293) Medium Pages: 0 / 0M, Empty: 0M, Relocated: 0M, In-Place: 0
[553.068s][info][gc,reloc    ] GC(293) Large Pages: 0 / 0M, Empty: 0M, Relocated: 0M, In-Place: 0
[553.068s][info][gc,reloc    ] GC(293) Forwarding Usage: 0M
[553.068s][info][gc,heap     ] GC(293) Min Capacity: 8192M(100%)
[553.068s][info][gc,heap     ] GC(293) Max Capacity: 8192M(100%)
[553.068s][info][gc,heap     ] GC(293) Soft Max Capacity: 8192M(100%)
[553.068s][info][gc,heap     ] GC(293)                Mark Start          Mark End        Relocate Start      Relocate End           High               Low         
[553.068s][info][gc,heap     ] GC(293)  Capacity:     8192M (100%)       8192M (100%)       8192M (100%)       8192M (100%)       8192M (100%)       8192M (100%)   
[553.068s][info][gc,heap     ] GC(293)      Free:     6370M (78%)        6346M (77%)        8002M (98%)        8010M (98%)        8010M (98%)        6346M (77%)    
[553.068s][info][gc,heap     ] GC(293)      Used:     1822M (22%)        1846M (23%)         190M (2%)          182M (2%)         1846M (23%)         182M (2%)     
[553.068s][info][gc,heap     ] GC(293)      Live:         -               132M (2%)          132M (2%)          132M (2%)             -                  -          
[553.068s][info][gc,heap     ] GC(293) Allocated:         -                24M (0%)           32M (0%)           32M (0%)             -                  -          
[553.068s][info][gc,heap     ] GC(293)   Garbage:         -              1689M (21%)          25M (0%)           17M (0%)             -                  -          
[553.068s][info][gc,heap     ] GC(293) Reclaimed:         -                  -              1664M (20%)        1672M (20%)            -                  -          
[553.068s][info][gc          ] GC(293) Garbage Collection (Proactive) 1822M(22%)->182M(2%)
[554.640s][info][gc,start    ] GC(294) Garbage Collection (Proactive)
[554.640s][info][gc,phases   ] GC(294) Pause Mark Start 0.006ms
[554.664s][info][gc,phases   ] GC(294) Concurrent Mark 23.699ms
[554.664s][info][gc,phases   ] GC(294) Pause Mark End 0.009ms
[554.665s][info][gc,phases   ] GC(294) Concurrent Process Non-Strong References 0.412ms
[554.665s][info][gc,phases   ] GC(294) Concurrent Reset Relocation Set 0.002ms
[554.668s][info][gc,phases   ] GC(294) Concurrent Select Relocation Set 2.751ms
[554.668s][info][gc,phases   ] GC(294) Pause Relocate Start 0.004ms
[554.669s][info][gc,phases   ] GC(294) Concurrent Relocate 0.870ms
[554.669s][info][gc,load     ] GC(294) Load: 3.89/3.71/3.64
[554.669s][info][gc,mmu      ] GC(294) MMU: 2ms/98.2%, 5ms/99.3%, 10ms/99.6%, 20ms/99.8%, 50ms/99.9%, 100ms/100.0%
[554.669s][info][gc,marking  ] GC(294) Mark: 2 stripe(s), 2 proactive flush(es), 1 terminate flush(es), 0 completion(s), 0 continuation(s) 
[554.669s][info][gc,nmethod  ] GC(294) NMethods: 484 registered, 0 unregistered
[554.669s][info][gc,metaspace] GC(294) Metaspace: 0M used, 0M committed, 1032M reserved
[554.669s][info][gc,ref      ] GC(294) Soft: 82 encountered, 0 discovered, 0 enqueued
[554.669s][info][gc,ref      ] GC(294) Weak: 200 encountered, 55 discovered, 0 enqueued
[554.669s][info][gc,ref      ] GC(294) Final: 0 encountered, 0 discovered, 0 enqueued
[554.669s][info][gc,ref      ] GC(294) Phantom: 5 encountered, 3 discovered, 0 enqueued
[554.669s][info][gc,reloc    ] GC(294) Small Pages: 911 / 1822M, Empty: 1664M, Relocated: 6M, In-Place: 0
[554.669s][info][gc,reloc    ] GC(294) Medium Pages: 0 / 0M, Empty: 0M, Relocated: 0M, In-Place: 0
[554.669s][info][gc,reloc    ] GC(294) Large Pages: 0 / 0M, Empty: 0M, Relocated: 0M, In-Place: 0
[554.669s][info][gc,reloc    ] GC(294) Forwarding Usage: 0M
[554.669s][info][gc,heap     ] GC(294) Min Capacity: 8192M(100%)
[554.669s][info][gc,heap     ] GC(294) Max Capacity: 8192M(100%)
[554.669s][info][gc,heap     ] GC(294) Soft Max Capacity: 8192M(100%)
[554.669s][info][gc,heap     ] GC(294)                Mark Start          Mark End        Relocate Start      Relocate End           High               Low         
[554.669s][info][gc,heap     ] GC(294)  Capacity:     8192M (100%)       8192M (100%)       8192M (100%)       8192M (100%)       8192M (100%)       8192M (100%)   
[554.669s][info][gc,heap     ] GC(294)      Free:     6370M (78%)        6346M (77%)        8002M (98%)        8012M (98%)        8012M (98%)        6346M (77%)    
[554.669s][info][gc,heap     ] GC(294)      Used:     1822M (22%)        1846M (23%)         190M (2%)          180M (2%)         1846M (23%)         180M (2%)     
[554.669s][info][gc,heap     ] GC(294)      Live:         -               132M (2%)          132M (2%)          132M (2%)             -                  -          
[554.669s][info][gc,heap     ] GC(294) Allocated:         -                24M (0%)           32M (0%)           32M (0%)             -                  -          
[554.669s][info][gc,heap     ] GC(294)   Garbage:         -              1689M (21%)          25M (0%)           15M (0%)             -                  -          
[554.669s][info][gc,heap     ] GC(294) Reclaimed:         -                  -              1664M (20%)        1674M (20%)            -                  -          
[554.669s][info][gc          ] GC(294) Garbage Collection (Proactive) 1822M(22%)->180M(2%)
[556.240s][info][gc,start    ] GC(295) Garbage Collection (Proactive)
[556.241s][info][gc,phases   ] GC(295) Pause Mark Start 0.006ms
[556.265s][info][gc,phases   ] GC(295) Concurrent Mark 24.512ms
[556.265s][info][gc,phases   ] GC(295) Pause Mark End 0.008ms
[556.266s][info][gc,phases   ] GC(295) Concurrent Process Non-Strong References 0.462ms
[556.266s][info][gc,phases   ] GC(295) Concurrent Reset Relocation Set 0.002ms
[556.269s][info][gc,phases   ] GC(295) Concurrent Select Relocation Set 2.898ms
[556.269s][info][gc,phases   ] GC(295) Pause Relocate Start 0.003ms
[556.270s][info][gc,phases   ] GC(295) Concurrent Relocate 0.680ms
[556.270s][info][gc,load     ] GC(295) Load: 4.06/3.75/3.65
[556.270s][info][gc,mmu      ] GC(295) MMU: 2ms/98.2%, 5ms/99.3%, 10ms/99.6%, 20ms/99.8%, 50ms/99.9%, 100ms/100.0%
[556.270s][info][gc,marking  ] GC(295) Mark: 2 stripe(s), 3 proactive flush(es), 1 terminate flush(es), 0 completion(s), 0 continuation(s) 
[556.270s][info][gc,nmethod  ] GC(295) NMethods: 484 registered, 0 unregistered
[556.270s][info][gc,metaspace] GC(295) Metaspace: 0M used, 0M committed, 1032M reserved
[556.270s][info][gc,ref      ] GC(295) Soft: 82 encountered, 0 discovered, 0 enqueued
[556.270s][info][gc,ref      ] GC(295) Weak: 200 encountered, 62 discovered, 0 enqueued
[556.270s][info][gc,ref      ] GC(295) Final: 0 encountered, 0 discovered, 0 enqueued
[556.270s][info][gc,ref      ] GC(295) Phantom: 5 encountered, 3 discovered, 0 enqueued
[556.270s][info][gc,reloc    ] GC(295) Small Pages: 910 / 1820M, Empty: 1664M, Relocated: 4M, In-Place: 0
[556.270s][info][gc,reloc    ] GC(295) Medium Pages: 0 / 0M, Empty: 0M, Relocated: 0M, In-Place: 0
[556.270s][info][gc,reloc    ] GC(295) Large Pages: 0 / 0M, Empty: 0M, Relocated: 0M, In-Place: 0
[556.270s][info][gc,reloc    ] GC(295) Forwarding Usage: 0M
[556.270s][info][gc,heap     ] GC(295) Min Capacity: 8192M(100%)
[556.270s][info][gc,heap     ] GC(295) Max Capacity: 8192M(100%)
[556.270s][info][gc,heap     ] GC(295) Soft Max Capacity: 8192M(100%)
[556.270s][info][gc,heap     ] GC(295)                Mark Start          Mark End        Relocate Start      Relocate End           High               Low         
[556.270s][info][gc,heap     ] GC(295)  Capacity:     8192M (100%)       8192M (100%)       8192M (100%)       8192M (100%)       8192M (100%)       8192M (100%)   
[556.270s][info][gc,heap     ] GC(295)      Free:     6372M (78%)        6348M (77%)        8004M (98%)        8012M (98%)        8012M (98%)        6342M (77%)    
[556.270s][info][gc,heap     ] GC(295)      Used:     1820M (22%)        1844M (23%)         188M (2%)          180M (2%)         1850M (23%)         180M (2%)     
[556.270s][info][gc,heap     ] GC(295)      Live:         -               132M (2%)          132M (2%)          132M (2%)             -                  -          
[556.270s][info][gc,heap     ] GC(295) Allocated:         -                24M (0%)           32M (0%)           32M (0%)             -                  -          
[556.270s][info][gc,heap     ] GC(295)   Garbage:         -              1687M (21%)          23M (0%)           15M (0%)             -                  -          
[556.270s][info][gc,heap     ] GC(295) Reclaimed:         -                  -              1664M (20%)        1672M (20%)            -                  -          
[556.270s][info][gc          ] GC(295) Garbage Collection (Proactive) 1820M(22%)->180M(2%)
[557.840s][info][gc,start    ] GC(296) Garbage Collection (Proactive)
[557.840s][info][gc,phases   ] GC(296) Pause Mark Start 0.005ms
[557.864s][info][gc,phases   ] GC(296) Concurrent Mark 23.640ms
[557.864s][info][gc,phases   ] GC(296) Pause Mark End 0.009ms
[557.864s][info][gc,phases   ] GC(296) Concurrent Process Non-Strong References 0.426ms
[557.864s][info][gc,phases   ] GC(296) Concurrent Reset Relocation Set 0.002ms
[557.867s][info][gc,phases   ] GC(296) Concurrent Select Relocation Set 2.857ms
[557.867s][info][gc,phases   ] GC(296) Pause Relocate Start 0.003ms
[557.868s][info][gc,phases   ] GC(296) Concurrent Relocate 0.738ms
[557.868s][info][gc,load     ] GC(296) Load: 4.06/3.75/3.65
[557.868s][info][gc,mmu      ] GC(296) MMU: 2ms/98.2%, 5ms/99.3%, 10ms/99.6%, 20ms/99.8%, 50ms/99.9%, 100ms/100.0%
[557.868s][info][gc,marking  ] GC(296) Mark: 2 stripe(s), 2 proactive flush(es), 1 terminate flush(es), 0 completion(s), 0 continuation(s) 
[557.868s][info][gc,nmethod  ] GC(296) NMethods: 484 registered, 0 unregistered
[557.868s][info][gc,metaspace] GC(296) Metaspace: 0M used, 0M committed, 1032M reserved
[557.868s][info][gc,ref      ] GC(296) Soft: 82 encountered, 0 discovered, 0 enqueued
[557.868s][info][gc,ref      ] GC(296) Weak: 200 encountered, 59 discovered, 0 enqueued
[557.868s][info][gc,ref      ] GC(296) Final: 0 encountered, 0 discovered, 0 enqueued
[557.868s][info][gc,ref      ] GC(296) Phantom: 5 encountered, 3 discovered, 0 enqueued
[557.868s][info][gc,reloc    ] GC(296) Small Pages: 910 / 1820M, Empty: 1666M, Relocated: 5M, In-Place: 0
[557.868s][info][gc,reloc    ] GC(296) Medium Pages: 0 / 0M, Empty: 0M, Relocated: 0M, In-Place: 0
[557.868s][info][gc,reloc    ] GC(296) Large Pages: 0 / 0M, Empty: 0M, Relocated: 0M, In-Place: 0
[557.868s][info][gc,reloc    ] GC(296) Forwarding Usage: 0M
[557.868s][info][gc,heap     ] GC(296) Min Capacity: 8192M(100%)
[557.868s][info][gc,heap     ] GC(296) Max Capacity: 8192M(100%)
[557.868s][info][gc,heap     ] GC(296) Soft Max Capacity: 8192M(100%)
[557.868s][info][gc,heap     ] GC(296)                Mark Start          Mark End        Relocate Start      Relocate End           High               Low         
[557.868s][info][gc,heap     ] GC(296)  Capacity:     8192M (100%)       8192M (100%)       8192M (100%)       8192M (100%)       8192M (100%)       8192M (100%)   
[557.868s][info][gc,heap     ] GC(296)      Free:     6372M (78%)        6348M (77%)        8006M (98%)        8008M (98%)        8012M (98%)        6348M (77%)    
[557.868s][info][gc,heap     ] GC(296)      Used:     1820M (22%)        1844M (23%)         186M (2%)          184M (2%)         1844M (23%)         180M (2%)     
[557.868s][info][gc,heap     ] GC(296)      Live:         -               132M (2%)          132M (2%)          132M (2%)             -                  -          
[557.868s][info][gc,heap     ] GC(296) Allocated:         -                24M (0%)           32M (0%)           34M (0%)             -                  -          
[557.868s][info][gc,heap     ] GC(296)   Garbage:         -              1687M (21%)          21M (0%)           17M (0%)             -                  -          
[557.868s][info][gc,heap     ] GC(296) Reclaimed:         -                  -              1666M (20%)        1670M (20%)            -                  -          
[557.868s][info][gc          ] GC(296) Garbage Collection (Proactive) 1820M(22%)->184M(2%)
[559.340s][info][gc,start    ] GC(297) Garbage Collection (Proactive)
[559.340s][info][gc,phases   ] GC(297) Pause Mark Start 0.007ms
[559.365s][info][gc,phases   ] GC(297) Concurrent Mark 24.889ms
[559.365s][info][gc,phases   ] GC(297) Pause Mark End 0.009ms
[559.366s][info][gc,phases   ] GC(297) Concurrent Process Non-Strong References 0.500ms
[559.366s][info][gc,phases   ] GC(297) Concurrent Reset Relocation Set 0.002ms
[559.369s][info][gc,phases   ] GC(297) Concurrent Select Relocation Set 2.892ms
[559.369s][info][gc,phases   ] GC(297) Pause Relocate Start 0.005ms
[559.370s][info][gc,phases   ] GC(297) Concurrent Relocate 0.785ms
[559.370s][info][gc,load     ] GC(297) Load: 4.06/3.75/3.65
[559.370s][info][gc,mmu      ] GC(297) MMU: 2ms/98.2%, 5ms/99.3%, 10ms/99.6%, 20ms/99.8%, 50ms/99.9%, 100ms/100.0%
[559.370s][info][gc,marking  ] GC(297) Mark: 2 stripe(s), 2 proactive flush(es), 1 terminate flush(es), 0 completion(s), 0 continuation(s) 
[559.370s][info][gc,nmethod  ] GC(297) NMethods: 484 registered, 0 unregistered
[559.370s][info][gc,metaspace] GC(297) Metaspace: 0M used, 0M committed, 1032M reserved
[559.370s][info][gc,ref      ] GC(297) Soft: 82 encountered, 0 discovered, 0 enqueued
[559.370s][info][gc,ref      ] GC(297) Weak: 200 encountered, 54 discovered, 0 enqueued
[559.370s][info][gc,ref      ] GC(297) Final: 0 encountered, 0 discovered, 0 enqueued
[559.370s][info][gc,ref      ] GC(297) Phantom: 5 encountered, 3 discovered, 0 enqueued
[559.370s][info][gc,reloc    ] GC(297) Small Pages: 859 / 1718M, Empty: 1554M, Relocated: 5M, In-Place: 0
[559.370s][info][gc,reloc    ] GC(297) Medium Pages: 0 / 0M, Empty: 0M, Relocated: 0M, In-Place: 0
[559.370s][info][gc,reloc    ] GC(297) Large Pages: 0 / 0M, Empty: 0M, Relocated: 0M, In-Place: 0
[559.370s][info][gc,reloc    ] GC(297) Forwarding Usage: 0M
[559.370s][info][gc,heap     ] GC(297) Min Capacity: 8192M(100%)
[559.370s][info][gc,heap     ] GC(297) Max Capacity: 8192M(100%)
[559.370s][info][gc,heap     ] GC(297) Soft Max Capacity: 8192M(100%)
[559.370s][info][gc,heap     ] GC(297)                Mark Start          Mark End        Relocate Start      Relocate End           High               Low         
[559.370s][info][gc,heap     ] GC(297)  Capacity:     8192M (100%)       8192M (100%)       8192M (100%)       8192M (100%)       8192M (100%)       8192M (100%)   
[559.370s][info][gc,heap     ] GC(297)      Free:     6474M (79%)        6450M (79%)        7996M (98%)        8010M (98%)        8010M (98%)        6442M (79%)    
[559.370s][info][gc,heap     ] GC(297)      Used:     1718M (21%)        1742M (21%)         196M (2%)          182M (2%)         1750M (21%)         182M (2%)     
[559.370s][info][gc,heap     ] GC(297)      Live:         -               132M (2%)          132M (2%)          132M (2%)             -                  -          
[559.370s][info][gc,heap     ] GC(297) Allocated:         -                24M (0%)           32M (0%)           32M (0%)             -                  -          
[559.370s][info][gc,heap     ] GC(297)   Garbage:         -              1585M (19%)          31M (0%)           17M (0%)             -                  -          
[559.370s][info][gc,heap     ] GC(297) Reclaimed:         -                  -              1554M (19%)        1568M (19%)            -                  -          
[559.370s][info][gc          ] GC(297) Garbage Collection (Proactive) 1718M(21%)->182M(2%)
[560.040s][info][gc,stats    ] === Garbage Collection Statistics =======================================================================================================================
[560.040s][info][gc,stats    ]                                                              Last 10s              Last 10m              Last 10h                Total
[560.040s][info][gc,stats    ]                                                              Avg / Max             Avg / Max             Avg / Max             Avg / Max
[560.040s][info][gc,stats    ]   Collector: Garbage Collection Cycle                     28.216 / 29.813       30.388 / 95.920       30.388 / 95.920       30.388 / 95.920      ms
[560.040s][info][gc,stats    ]  Contention: Mark Segment Reset Contention                     0 / 3                 0 / 4                 0 / 4                 0 / 4           ops/s
[560.040s][info][gc,stats    ]  Contention: Mark SeqNum Reset Contention                      0 / 0                 0 / 1                 0 / 1                 0 / 1           ops/s
[560.040s][info][gc,stats    ]    Critical: Allocation Stall                                  0 / 0                 0 / 0                 0 / 0                 0 / 0           ops/s
[560.040s][info][gc,stats    ]    Critical: Allocation Stall                              0.000 / 0.000         0.000 / 0.000         0.000 / 0.000         0.000 / 0.000       ms
[560.040s][info][gc,stats    ]    Critical: GC Locker Stall                                   0 / 0                 0 / 0                 0 / 0                 0 / 0           ops/s
[560.040s][info][gc,stats    ]    Critical: GC Locker Stall                               0.000 / 0.000         0.000 / 0.000         0.000 / 0.000         0.000 / 0.000       ms
[560.040s][info][gc,stats    ]    Critical: Relocation Stall                                  0 / 0                 0 / 0                 0 / 0                 0 / 0           ops/s
[560.040s][info][gc,stats    ]    Critical: Relocation Stall                              0.000 / 0.000         0.000 / 0.000         0.000 / 0.000         0.000 / 0.000       ms
[560.040s][info][gc,stats    ]      Memory: Allocation Rate                                1044 / 1048           1059 / 9212           1059 / 9212           1059 / 9212        MB/s
[560.040s][info][gc,stats    ]      Memory: Out Of Memory                                     0 / 0                 0 / 0                 0 / 0                 0 / 0           ops/s
[560.040s][info][gc,stats    ]      Memory: Page Cache Flush                                  0 / 0                 0 / 0                 0 / 0                 0 / 0           MB/s
[560.040s][info][gc,stats    ]      Memory: Page Cache Hit L1                               524 / 528             521 / 533             521 / 533             521 / 533         ops/s
[560.040s][info][gc,stats    ]      Memory: Page Cache Hit L2                                 0 / 0                 0 / 0                 0 / 0                 0 / 0           ops/s
[560.040s][info][gc,stats    ]      Memory: Page Cache Hit L3                                 0 / 0                 3 / 486               3 / 486               3 / 486         ops/s
[560.040s][info][gc,stats    ]      Memory: Page Cache Miss                                   0 / 0                 0 / 1                 0 / 1                 0 / 1           ops/s
[560.040s][info][gc,stats    ]      Memory: Uncommit                                          0 / 0                 0 / 0                 0 / 0                 0 / 0           MB/s
[560.040s][info][gc,stats    ]      Memory: Undo Object Allocation Failed                     0 / 0                 0 / 0                 0 / 0                 0 / 0           ops/s
[560.040s][info][gc,stats    ]      Memory: Undo Object Allocation Succeeded                  0 / 1                 0 / 6                 0 / 6                 0 / 6           ops/s
[560.040s][info][gc,stats    ]      Memory: Undo Page Allocation                              0 / 0                 0 / 1                 0 / 1                 0 / 1           ops/s
[560.040s][info][gc,stats    ]       Phase: Concurrent Mark                              23.567 / 24.889       25.544 / 65.214       25.544 / 65.214       25.544 / 65.214      ms
[560.040s][info][gc,stats    ]       Phase: Concurrent Mark Continue                      0.000 / 0.000         0.000 / 0.000         0.000 / 0.000         0.000 / 0.000       ms
[560.040s][info][gc,stats    ]       Phase: Concurrent Process Non-Strong References      0.432 / 0.500         0.450 / 0.911         0.450 / 0.911         0.450 / 0.911       ms
[560.040s][info][gc,stats    ]       Phase: Concurrent Relocate                           0.767 / 0.870         0.888 / 16.651        0.888 / 16.651        0.888 / 16.651      ms
[560.040s][info][gc,stats    ]       Phase: Concurrent Reset Relocation Set               0.002 / 0.002         0.002 / 0.098         0.002 / 0.098         0.002 / 0.098       ms
[560.040s][info][gc,stats    ]       Phase: Concurrent Select Relocation Set              2.797 / 2.898         2.865 / 12.567        2.865 / 12.567        2.865 / 12.567      ms
[560.040s][info][gc,stats    ]       Phase: Pause Mark End                                0.009 / 0.009         0.009 / 0.025         0.009 / 0.025         0.009 / 0.025       ms
[560.040s][info][gc,stats    ]       Phase: Pause Mark Start                              0.006 / 0.007         0.006 / 0.036         0.006 / 0.036         0.006 / 0.036       ms
[560.040s][info][gc,stats    ]       Phase: Pause Relocate Start                          0.004 / 0.005         0.004 / 0.026         0.004 / 0.026         0.004 / 0.026       ms
[560.040s][info][gc,stats    ]    Subphase: Concurrent Classes Purge                      0.026 / 0.034         0.029 / 0.102         0.029 / 0.102         0.029 / 0.102       ms
[560.040s][info][gc,stats    ]    Subphase: Concurrent Classes Unlink                     0.291 / 0.320         0.292 / 0.571         0.292 / 0.571         0.292 / 0.571       ms
[560.040s][info][gc,stats    ]    Subphase: Concurrent Mark                              22.701 / 24.449       24.746 / 64.907       24.746 / 64.907       24.746 / 64.907      ms
[560.040s][info][gc,stats    ]    Subphase: Concurrent Mark Idle                          1.210 / 1.289         1.192 / 1.347         1.192 / 1.347         1.192 / 1.347       ms
[560.040s][info][gc,stats    ]    Subphase: Concurrent Mark Try Flush                     0.031 / 0.045         0.034 / 0.135         0.034 / 0.135         0.034 / 0.135       ms
[560.041s][info][gc,stats    ]    Subphase: Concurrent Mark Try Terminate                 0.411 / 1.291         0.436 / 1.361         0.436 / 1.361         0.436 / 1.361       ms
[560.041s][info][gc,stats    ]    Subphase: Concurrent References Enqueue                 0.000 / 0.001         0.000 / 0.008         0.000 / 0.008         0.000 / 0.008       ms
[560.041s][info][gc,stats    ]    Subphase: Concurrent References Process                 0.019 / 0.022         0.025 / 0.095         0.025 / 0.095         0.025 / 0.095       ms
[560.041s][info][gc,stats    ]    Subphase: Concurrent Roots ClassLoaderDataGraph         0.017 / 0.041         0.017 / 0.132         0.017 / 0.132         0.017 / 0.132       ms
[560.041s][info][gc,stats    ]    Subphase: Concurrent Roots CodeCache                    0.000 / 0.000         0.000 / 0.000         0.000 / 0.000         0.000 / 0.000       ms
[560.041s][info][gc,stats    ]    Subphase: Concurrent Roots JavaThreads                  0.231 / 0.322         0.209 / 0.485         0.209 / 0.485         0.209 / 0.485       ms
[560.041s][info][gc,stats    ]    Subphase: Concurrent Roots OopStorageSet                0.004 / 0.006         0.004 / 0.041         0.004 / 0.041         0.004 / 0.041       ms
[560.041s][info][gc,stats    ]    Subphase: Concurrent Weak Roots OopStorageSet           0.036 / 0.046         0.037 / 0.120         0.037 / 0.120         0.037 / 0.120       ms
[560.041s][info][gc,stats    ]    Subphase: Pause Mark Try Complete                       0.000 / 0.000         0.000 / 0.000         0.000 / 0.000         0.000 / 0.000       ms
[560.041s][info][gc,stats    ]      System: Java Threads                                     16 / 16               16 / 20               16 / 20               16 / 20          threads
[560.041s][info][gc,stats    ] =========================================================================================================================================================
[560.940s][info][gc,start    ] GC(298) Garbage Collection (Proactive)
[560.940s][info][gc,phases   ] GC(298) Pause Mark Start 0.008ms
[560.965s][info][gc,phases   ] GC(298) Concurrent Mark 25.088ms
[560.965s][info][gc,phases   ] GC(298) Pause Mark End 0.009ms
[560.966s][info][gc,phases   ] GC(298) Concurrent Process Non-Strong References 0.524ms
[560.966s][info][gc,phases   ] GC(298) Concurrent Reset Relocation Set 0.002ms
[560.969s][info][gc,phases   ] GC(298) Concurrent Select Relocation Set 2.942ms
[560.969s][info][gc,phases   ] GC(298) Pause Relocate Start 0.005ms
[560.970s][info][gc,phases   ] GC(298) Concurrent Relocate 0.735ms
[560.970s][info][gc,load     ] GC(298) Load: 4.06/3.75/3.65
[560.970s][info][gc,mmu      ] GC(298) MMU: 2ms/98.2%, 5ms/99.3%, 10ms/99.6%, 20ms/99.8%, 50ms/99.9%, 100ms/100.0%
[560.970s][info][gc,marking  ] GC(298) Mark: 2 stripe(s), 2 proactive flush(es), 1 terminate flush(es), 0 completion(s), 0 continuation(s) 
[560.970s][info][gc,nmethod  ] GC(298) NMethods: 484 registered, 0 unregistered
[560.970s][info][gc,metaspace] GC(298) Metaspace: 0M used, 0M committed, 1032M reserved
[560.970s][info][gc,ref      ] GC(298) Soft: 82 encountered, 0 discovered, 0 enqueued
[560.970s][info][gc,ref      ] GC(298) Weak: 200 encountered, 54 discovered, 0 enqueued
[560.970s][info][gc,ref      ] GC(298) Final: 0 encountered, 0 discovered, 0 enqueued
[560.970s][info][gc,ref      ] GC(298) Phantom: 5 encountered, 3 discovered, 0 enqueued
[560.970s][info][gc,reloc    ] GC(298) Small Pages: 911 / 1822M, Empty: 1666M, Relocated: 4M, In-Place: 0
[560.970s][info][gc,reloc    ] GC(298) Medium Pages: 0 / 0M, Empty: 0M, Relocated: 0M, In-Place: 0
[560.970s][info][gc,reloc    ] GC(298) Large Pages: 0 / 0M, Empty: 0M, Relocated: 0M, In-Place: 0
[560.970s][info][gc,reloc    ] GC(298) Forwarding Usage: 0M
[560.970s][info][gc,heap     ] GC(298) Min Capacity: 8192M(100%)
[560.970s][info][gc,heap     ] GC(298) Max Capacity: 8192M(100%)
[560.970s][info][gc,heap     ] GC(298) Soft Max Capacity: 8192M(100%)
[560.970s][info][gc,heap     ] GC(298)                Mark Start          Mark End        Relocate Start      Relocate End           High               Low         
[560.970s][info][gc,heap     ] GC(298)  Capacity:     8192M (100%)       8192M (100%)       8192M (100%)       8192M (100%)       8192M (100%)       8192M (100%)   
[560.970s][info][gc,heap     ] GC(298)      Free:     6370M (78%)        6346M (77%)        8004M (98%)        8008M (98%)        8008M (98%)        6342M (77%)    
[560.970s][info][gc,heap     ] GC(298)      Used:     1822M (22%)        1846M (23%)         188M (2%)          184M (2%)         1850M (23%)         184M (2%)     
[560.970s][info][gc,heap     ] GC(298)      Live:         -               132M (2%)          132M (2%)          132M (2%)             -                  -          
[560.970s][info][gc,heap     ] GC(298) Allocated:         -                24M (0%)           32M (0%)           34M (0%)             -                  -          
[560.970s][info][gc,heap     ] GC(298)   Garbage:         -              1689M (21%)          23M (0%)           17M (0%)             -                  -          
[560.970s][info][gc,heap     ] GC(298) Reclaimed:         -                  -              1666M (20%)        1672M (20%)            -                  -          
[560.970s][info][gc          ] GC(298) Garbage Collection (Proactive) 1822M(22%)->184M(2%)
[562.540s][info][gc,start    ] GC(299) Garbage Collection (Proactive)
[562.540s][info][gc,phases   ] GC(299) Pause Mark Start 0.005ms
[562.563s][info][gc,phases   ] GC(299) Concurrent Mark 22.789ms
[562.563s][info][gc,phases   ] GC(299) Pause Mark End 0.009ms
[562.563s][info][gc,phases   ] GC(299) Concurrent Process Non-Strong References 0.400ms
[562.563s][info][gc,phases   ] GC(299) Concurrent Reset Relocation Set 0.002ms
[562.566s][info][gc,phases   ] GC(299) Concurrent Select Relocation Set 2.942ms
[562.566s][info][gc,phases   ] GC(299) Pause Relocate Start 0.005ms
[562.567s][info][gc,phases   ] GC(299) Concurrent Relocate 0.921ms
[562.567s][info][gc,load     ] GC(299) Load: 3.89/3.72/3.64
[562.567s][info][gc,mmu      ] GC(299) MMU: 2ms/98.2%, 5ms/99.3%, 10ms/99.6%, 20ms/99.8%, 50ms/99.9%, 100ms/100.0%
[562.567s][info][gc,marking  ] GC(299) Mark: 2 stripe(s), 2 proactive flush(es), 1 terminate flush(es), 0 completion(s), 0 continuation(s) 
[562.567s][info][gc,nmethod  ] GC(299) NMethods: 484 registered, 0 unregistered
[562.568s][info][gc,metaspace] GC(299) Metaspace: 0M used, 0M committed, 1032M reserved
[562.568s][info][gc,ref      ] GC(299) Soft: 82 encountered, 0 discovered, 0 enqueued
[562.568s][info][gc,ref      ] GC(299) Weak: 200 encountered, 50 discovered, 0 enqueued
[562.568s][info][gc,ref      ] GC(299) Final: 0 encountered, 0 discovered, 0 enqueued
[562.568s][info][gc,ref      ] GC(299) Phantom: 5 encountered, 5 discovered, 0 enqueued
[562.568s][info][gc,reloc    ] GC(299) Small Pages: 911 / 1822M, Empty: 1662M, Relocated: 4M, In-Place: 0
[562.568s][info][gc,reloc    ] GC(299) Medium Pages: 0 / 0M, Empty: 0M, Relocated: 0M, In-Place: 0
[562.568s][info][gc,reloc    ] GC(299) Large Pages: 0 / 0M, Empty: 0M, Relocated: 0M, In-Place: 0
[562.568s][info][gc,reloc    ] GC(299) Forwarding Usage: 0M
[562.568s][info][gc,heap     ] GC(299) Min Capacity: 8192M(100%)
[562.568s][info][gc,heap     ] GC(299) Max Capacity: 8192M(100%)
[562.568s][info][gc,heap     ] GC(299) Soft Max Capacity: 8192M(100%)
[562.568s][info][gc,heap     ] GC(299)                Mark Start          Mark End        Relocate Start      Relocate End           High               Low         
[562.568s][info][gc,heap     ] GC(299)  Capacity:     8192M (100%)       8192M (100%)       8192M (100%)       8192M (100%)       8192M (100%)       8192M (100%)   
[562.568s][info][gc,heap     ] GC(299)      Free:     6370M (78%)        6346M (77%)        8004M (98%)        8010M (98%)        8010M (98%)        6346M (77%)    
[562.568s][info][gc,heap     ] GC(299)      Used:     1822M (22%)        1846M (23%)         188M (2%)          182M (2%)         1846M (23%)         182M (2%)     
[562.568s][info][gc,heap     ] GC(299)      Live:         -               132M (2%)          132M (2%)          132M (2%)             -                  -          
[562.568s][info][gc,heap     ] GC(299) Allocated:         -                24M (0%)           28M (0%)           32M (0%)             -                  -          
[562.568s][info][gc,heap     ] GC(299)   Garbage:         -              1689M (21%)          27M (0%)           17M (0%)             -                  -          
[562.568s][info][gc,heap     ] GC(299) Reclaimed:         -                  -              1662M (20%)        1672M (20%)            -                  -          
[562.568s][info][gc          ] GC(299) Garbage Collection (Proactive) 1822M(22%)->182M(2%)
[564.139s][info][gc,start    ] GC(300) Garbage Collection (Proactive)
[564.139s][info][gc,phases   ] GC(300) Pause Mark Start 0.004ms
[564.162s][info][gc,phases   ] GC(300) Concurrent Mark 22.324ms
[564.162s][info][gc,phases   ] GC(300) Pause Mark End 0.008ms
[564.162s][info][gc,phases   ] GC(300) Concurrent Process Non-Strong References 0.379ms
[564.162s][info][gc,phases   ] GC(300) Concurrent Reset Relocation Set 0.001ms
[564.165s][info][gc,phases   ] GC(300) Concurrent Select Relocation Set 2.483ms
[564.165s][info][gc,phases   ] GC(300) Pause Relocate Start 0.003ms
[564.166s][info][gc,phases   ] GC(300) Concurrent Relocate 0.642ms
[564.166s][info][gc,load     ] GC(300) Load: 3.89/3.72/3.64
[564.166s][info][gc,mmu      ] GC(300) MMU: 2ms/98.2%, 5ms/99.3%, 10ms/99.6%, 20ms/99.8%, 50ms/99.9%, 100ms/100.0%
[564.166s][info][gc,marking  ] GC(300) Mark: 2 stripe(s), 2 proactive flush(es), 1 terminate flush(es), 0 completion(s), 0 continuation(s) 
[564.166s][info][gc,nmethod  ] GC(300) NMethods: 484 registered, 0 unregistered
[564.166s][info][gc,metaspace] GC(300) Metaspace: 0M used, 0M committed, 1032M reserved
[564.166s][info][gc,ref      ] GC(300) Soft: 82 encountered, 0 discovered, 0 enqueued
[564.166s][info][gc,ref      ] GC(300) Weak: 200 encountered, 53 discovered, 0 enqueued
[564.166s][info][gc,ref      ] GC(300) Final: 0 encountered, 0 discovered, 0 enqueued
[564.166s][info][gc,ref      ] GC(300) Phantom: 5 encountered, 5 discovered, 0 enqueued
[564.166s][info][gc,reloc    ] GC(300) Small Pages: 912 / 1824M, Empty: 1664M, Relocated: 4M, In-Place: 0
[564.166s][info][gc,reloc    ] GC(300) Medium Pages: 0 / 0M, Empty: 0M, Relocated: 0M, In-Place: 0
[564.166s][info][gc,reloc    ] GC(300) Large Pages: 0 / 0M, Empty: 0M, Relocated: 0M, In-Place: 0
[564.166s][info][gc,reloc    ] GC(300) Forwarding Usage: 0M
[564.166s][info][gc,heap     ] GC(300) Min Capacity: 8192M(100%)
[564.166s][info][gc,heap     ] GC(300) Max Capacity: 8192M(100%)
[564.166s][info][gc,heap     ] GC(300) Soft Max Capacity: 8192M(100%)
[564.166s][info][gc,heap     ] GC(300)                Mark Start          Mark End        Relocate Start      Relocate End           High               Low         
[564.166s][info][gc,heap     ] GC(300)  Capacity:     8192M (100%)       8192M (100%)       8192M (100%)       8192M (100%)       8192M (100%)       8192M (100%)   
[564.166s][info][gc,heap     ] GC(300)      Free:     6368M (78%)        6344M (77%)        8008M (98%)        8018M (98%)        8018M (98%)        6344M (77%)    
[564.166s][info][gc,heap     ] GC(300)      Used:     1824M (22%)        1848M (23%)         184M (2%)          174M (2%)         1848M (23%)         174M (2%)     
[564.166s][info][gc,heap     ] GC(300)      Live:         -               132M (2%)          132M (2%)          132M (2%)             -                  -          
[564.166s][info][gc,heap     ] GC(300) Allocated:         -                24M (0%)           24M (0%)           24M (0%)             -                  -          
[564.166s][info][gc,heap     ] GC(300)   Garbage:         -              1691M (21%)          27M (0%)           17M (0%)             -                  -          
[564.166s][info][gc,heap     ] GC(300) Reclaimed:         -                  -              1664M (20%)        1674M (20%)            -                  -          
[564.166s][info][gc          ] GC(300) Garbage Collection (Proactive) 1824M(22%)->174M(2%)
[565.740s][info][gc,start    ] GC(301) Garbage Collection (Proactive)
[565.740s][info][gc,phases   ] GC(301) Pause Mark Start 0.005ms
[565.761s][info][gc,phases   ] GC(301) Concurrent Mark 21.493ms
[565.761s][info][gc,phases   ] GC(301) Pause Mark End 0.007ms
[565.762s][info][gc,phases   ] GC(301) Concurrent Process Non-Strong References 0.349ms
[565.762s][info][gc,phases   ] GC(301) Concurrent Reset Relocation Set 0.001ms
[565.764s][info][gc,phases   ] GC(301) Concurrent Select Relocation Set 2.323ms
[565.764s][info][gc,phases   ] GC(301) Pause Relocate Start 0.003ms
[565.765s][info][gc,phases   ] GC(301) Concurrent Relocate 0.618ms
[565.765s][info][gc,load     ] GC(301) Load: 3.89/3.72/3.64
[565.765s][info][gc,mmu      ] GC(301) MMU: 2ms/98.2%, 5ms/99.3%, 10ms/99.6%, 20ms/99.8%, 50ms/99.9%, 100ms/100.0%
[565.765s][info][gc,marking  ] GC(301) Mark: 2 stripe(s), 2 proactive flush(es), 1 terminate flush(es), 0 completion(s), 0 continuation(s) 
[565.765s][info][gc,nmethod  ] GC(301) NMethods: 484 registered, 0 unregistered
[565.765s][info][gc,metaspace] GC(301) Metaspace: 0M used, 0M committed, 1032M reserved
[565.765s][info][gc,ref      ] GC(301) Soft: 82 encountered, 0 discovered, 0 enqueued
[565.765s][info][gc,ref      ] GC(301) Weak: 200 encountered, 61 discovered, 0 enqueued
[565.765s][info][gc,ref      ] GC(301) Final: 0 encountered, 0 discovered, 0 enqueued
[565.765s][info][gc,ref      ] GC(301) Phantom: 5 encountered, 5 discovered, 0 enqueued
[565.765s][info][gc,reloc    ] GC(301) Small Pages: 911 / 1822M, Empty: 1666M, Relocated: 4M, In-Place: 0
[565.765s][info][gc,reloc    ] GC(301) Medium Pages: 0 / 0M, Empty: 0M, Relocated: 0M, In-Place: 0
[565.765s][info][gc,reloc    ] GC(301) Large Pages: 0 / 0M, Empty: 0M, Relocated: 0M, In-Place: 0
[565.765s][info][gc,reloc    ] GC(301) Forwarding Usage: 0M
[565.765s][info][gc,heap     ] GC(301) Min Capacity: 8192M(100%)
[565.765s][info][gc,heap     ] GC(301) Max Capacity: 8192M(100%)
[565.765s][info][gc,heap     ] GC(301) Soft Max Capacity: 8192M(100%)
[565.765s][info][gc,heap     ] GC(301)                Mark Start          Mark End        Relocate Start      Relocate End           High               Low         
[565.765s][info][gc,heap     ] GC(301)  Capacity:     8192M (100%)       8192M (100%)       8192M (100%)       8192M (100%)       8192M (100%)       8192M (100%)   
[565.765s][info][gc,heap     ] GC(301)      Free:     6370M (78%)        6346M (77%)        8012M (98%)        8018M (98%)        8018M (98%)        6346M (77%)    
[565.765s][info][gc,heap     ] GC(301)      Used:     1822M (22%)        1846M (23%)         180M (2%)          174M (2%)         1846M (23%)         174M (2%)     
[565.765s][info][gc,heap     ] GC(301)      Live:         -               132M (2%)          132M (2%)          132M (2%)             -                  -          
[565.765s][info][gc,heap     ] GC(301) Allocated:         -                24M (0%)           24M (0%)           24M (0%)             -                  -          
[565.765s][info][gc,heap     ] GC(301)   Garbage:         -              1689M (21%)          23M (0%)           17M (0%)             -                  -          
[565.765s][info][gc,heap     ] GC(301) Reclaimed:         -                  -              1666M (20%)        1672M (20%)            -                  -          
[565.765s][info][gc          ] GC(301) Garbage Collection (Proactive) 1822M(22%)->174M(2%)
[567.241s][info][gc,start    ] GC(302) Garbage Collection (Proactive)
[567.241s][info][gc,phases   ] GC(302) Pause Mark Start 0.004ms
[567.263s][info][gc,phases   ] GC(302) Concurrent Mark 22.303ms
[567.264s][info][gc,phases   ] GC(302) Pause Mark End 0.009ms
[567.264s][info][gc,phases   ] GC(302) Concurrent Process Non-Strong References 0.387ms
[567.264s][info][gc,phases   ] GC(302) Concurrent Reset Relocation Set 0.002ms
[567.267s][info][gc,phases   ] GC(302) Concurrent Select Relocation Set 2.768ms
[567.267s][info][gc,phases   ] GC(302) Pause Relocate Start 0.006ms
[567.268s][info][gc,phases   ] GC(302) Concurrent Relocate 0.771ms
[567.268s][info][gc,load     ] GC(302) Load: 4.06/3.76/3.66
[567.268s][info][gc,mmu      ] GC(302) MMU: 2ms/98.2%, 5ms/99.3%, 10ms/99.6%, 20ms/99.8%, 50ms/99.9%, 100ms/100.0%
[567.268s][info][gc,marking  ] GC(302) Mark: 2 stripe(s), 2 proactive flush(es), 1 terminate flush(es), 0 completion(s), 0 continuation(s) 
[567.268s][info][gc,nmethod  ] GC(302) NMethods: 484 registered, 0 unregistered
[567.268s][info][gc,metaspace] GC(302) Metaspace: 0M used, 0M committed, 1032M reserved
[567.268s][info][gc,ref      ] GC(302) Soft: 82 encountered, 0 discovered, 0 enqueued
[567.268s][info][gc,ref      ] GC(302) Weak: 200 encountered, 50 discovered, 0 enqueued
[567.268s][info][gc,ref      ] GC(302) Final: 0 encountered, 0 discovered, 0 enqueued
[567.268s][info][gc,ref      ] GC(302) Phantom: 5 encountered, 5 discovered, 0 enqueued
[567.268s][info][gc,reloc    ] GC(302) Small Pages: 859 / 1718M, Empty: 1560M, Relocated: 4M, In-Place: 0
[567.268s][info][gc,reloc    ] GC(302) Medium Pages: 0 / 0M, Empty: 0M, Relocated: 0M, In-Place: 0
[567.268s][info][gc,reloc    ] GC(302) Large Pages: 0 / 0M, Empty: 0M, Relocated: 0M, In-Place: 0
[567.268s][info][gc,reloc    ] GC(302) Forwarding Usage: 0M
[567.268s][info][gc,heap     ] GC(302) Min Capacity: 8192M(100%)
[567.268s][info][gc,heap     ] GC(302) Max Capacity: 8192M(100%)
[567.268s][info][gc,heap     ] GC(302) Soft Max Capacity: 8192M(100%)
[567.268s][info][gc,heap     ] GC(302)                Mark Start          Mark End        Relocate Start      Relocate End           High               Low         
[567.268s][info][gc,heap     ] GC(302)  Capacity:     8192M (100%)       8192M (100%)       8192M (100%)       8192M (100%)       8192M (100%)       8192M (100%)   
[567.268s][info][gc,heap     ] GC(302)      Free:     6474M (79%)        6450M (79%)        8002M (98%)        8010M (98%)        8010M (98%)        6450M (79%)    
[567.268s][info][gc,heap     ] GC(302)      Used:     1718M (21%)        1742M (21%)         190M (2%)          182M (2%)         1742M (21%)         182M (2%)     
[567.268s][info][gc,heap     ] GC(302)      Live:         -               132M (2%)          132M (2%)          132M (2%)             -                  -          
[567.268s][info][gc,heap     ] GC(302) Allocated:         -                24M (0%)           32M (0%)           32M (0%)             -                  -          
[567.268s][info][gc,heap     ] GC(302)   Garbage:         -              1585M (19%)          25M (0%)           17M (0%)             -                  -          
[567.268s][info][gc,heap     ] GC(302) Reclaimed:         -                  -              1560M (19%)        1568M (19%)            -                  -          
[567.268s][info][gc          ] GC(302) Garbage Collection (Proactive) 1718M(21%)->182M(2%)
[568.741s][info][gc,start    ] GC(303) Garbage Collection (Proactive)
[568.741s][info][gc,phases   ] GC(303) Pause Mark Start 0.006ms
[568.765s][info][gc,phases   ] GC(303) Concurrent Mark 24.078ms
[568.765s][info][gc,phases   ] GC(303) Pause Mark End 0.009ms
[568.765s][info][gc,phases   ] GC(303) Concurrent Process Non-Strong References 0.400ms
[568.765s][info][gc,phases   ] GC(303) Concurrent Reset Relocation Set 0.002ms
[568.768s][info][gc,phases   ] GC(303) Concurrent Select Relocation Set 2.907ms
[568.768s][info][gc,phases   ] GC(303) Pause Relocate Start 0.004ms
[568.769s][info][gc,phases   ] GC(303) Concurrent Relocate 0.689ms
[568.769s][info][gc,load     ] GC(303) Load: 4.06/3.76/3.66
[568.769s][info][gc,mmu      ] GC(303) MMU: 2ms/98.2%, 5ms/99.3%, 10ms/99.6%, 20ms/99.8%, 50ms/99.9%, 100ms/100.0%
[568.769s][info][gc,marking  ] GC(303) Mark: 2 stripe(s), 2 proactive flush(es), 1 terminate flush(es), 0 completion(s), 0 continuation(s) 
[568.769s][info][gc,nmethod  ] GC(303) NMethods: 484 registered, 0 unregistered
[568.769s][info][gc,metaspace] GC(303) Metaspace: 0M used, 0M committed, 1032M reserved
[568.769s][info][gc,ref      ] GC(303) Soft: 82 encountered, 0 discovered, 0 enqueued
[568.769s][info][gc,ref      ] GC(303) Weak: 200 encountered, 53 discovered, 0 enqueued
[568.769s][info][gc,ref      ] GC(303) Final: 0 encountered, 0 discovered, 0 enqueued
[568.769s][info][gc,ref      ] GC(303) Phantom: 5 encountered, 5 discovered, 0 enqueued
[568.769s][info][gc,reloc    ] GC(303) Small Pages: 859 / 1718M, Empty: 1558M, Relocated: 4M, In-Place: 0
[568.769s][info][gc,reloc    ] GC(303) Medium Pages: 0 / 0M, Empty: 0M, Relocated: 0M, In-Place: 0
[568.769s][info][gc,reloc    ] GC(303) Large Pages: 0 / 0M, Empty: 0M, Relocated: 0M, In-Place: 0
[568.769s][info][gc,reloc    ] GC(303) Forwarding Usage: 0M
[568.769s][info][gc,heap     ] GC(303) Min Capacity: 8192M(100%)
[568.769s][info][gc,heap     ] GC(303) Max Capacity: 8192M(100%)
[568.769s][info][gc,heap     ] GC(303) Soft Max Capacity: 8192M(100%)
[568.769s][info][gc,heap     ] GC(303)                Mark Start          Mark End        Relocate Start      Relocate End           High               Low         
[568.769s][info][gc,heap     ] GC(303)  Capacity:     8192M (100%)       8192M (100%)       8192M (100%)       8192M (100%)       8192M (100%)       8192M (100%)   
[568.769s][info][gc,heap     ] GC(303)      Free:     6474M (79%)        6450M (79%)        8000M (98%)        8010M (98%)        8010M (98%)        6450M (79%)    
[568.769s][info][gc,heap     ] GC(303)      Used:     1718M (21%)        1742M (21%)         192M (2%)          182M (2%)         1742M (21%)         182M (2%)     
[568.769s][info][gc,heap     ] GC(303)      Live:         -               132M (2%)          132M (2%)          132M (2%)             -                  -          
[568.769s][info][gc,heap     ] GC(303) Allocated:         -                24M (0%)           32M (0%)           32M (0%)             -                  -          
[568.769s][info][gc,heap     ] GC(303)   Garbage:         -              1585M (19%)          27M (0%)           17M (0%)             -                  -          
[568.769s][info][gc,heap     ] GC(303) Reclaimed:         -                  -              1558M (19%)        1568M (19%)            -                  -          
[568.769s][info][gc          ] GC(303) Garbage Collection (Proactive) 1718M(21%)->182M(2%)
[570.040s][info][gc,stats    ] === Garbage Collection Statistics =======================================================================================================================
[570.040s][info][gc,stats    ]                                                              Last 10s              Last 10m              Last 10h                Total
[570.040s][info][gc,stats    ]                                                              Avg / Max             Avg / Max             Avg / Max             Avg / Max
[570.040s][info][gc,stats    ]   Collector: Garbage Collection Cycle                     27.516 / 29.967       30.331 / 95.920       30.331 / 95.920       30.331 / 95.920      ms
[570.040s][info][gc,stats    ]  Contention: Mark Segment Reset Contention                     0 / 0                 0 / 4                 0 / 4                 0 / 4           ops/s
[570.040s][info][gc,stats    ]  Contention: Mark SeqNum Reset Contention                      0 / 0                 0 / 1                 0 / 1                 0 / 1           ops/s
[570.040s][info][gc,stats    ]    Critical: Allocation Stall                                  0 / 0                 0 / 0                 0 / 0                 0 / 0           ops/s
[570.040s][info][gc,stats    ]    Critical: Allocation Stall                              0.000 / 0.000         0.000 / 0.000         0.000 / 0.000         0.000 / 0.000       ms
[570.040s][info][gc,stats    ]    Critical: GC Locker Stall                                   0 / 0                 0 / 0                 0 / 0                 0 / 0           ops/s
[570.040s][info][gc,stats    ]    Critical: GC Locker Stall                               0.000 / 0.000         0.000 / 0.000         0.000 / 0.000         0.000 / 0.000       ms
[570.040s][info][gc,stats    ]    Critical: Relocation Stall                                  0 / 0                 0 / 0                 0 / 0                 0 / 0           ops/s
[570.040s][info][gc,stats    ]    Critical: Relocation Stall                              0.000 / 0.000         0.000 / 0.000         0.000 / 0.000         0.000 / 0.000       ms
[570.040s][info][gc,stats    ]      Memory: Allocation Rate                                1045 / 1048           1059 / 9212           1059 / 9212           1059 / 9212        MB/s
[570.040s][info][gc,stats    ]      Memory: Out Of Memory                                     0 / 0                 0 / 0                 0 / 0                 0 / 0           ops/s
[570.040s][info][gc,stats    ]      Memory: Page Cache Flush                                  0 / 0                 0 / 0                 0 / 0                 0 / 0           MB/s
[570.040s][info][gc,stats    ]      Memory: Page Cache Hit L1                               524 / 528             521 / 533             521 / 533             521 / 533         ops/s
[570.040s][info][gc,stats    ]      Memory: Page Cache Hit L2                                 0 / 0                 0 / 0                 0 / 0                 0 / 0           ops/s
[570.040s][info][gc,stats    ]      Memory: Page Cache Hit L3                                 0 / 0                 3 / 486               3 / 486               3 / 486         ops/s
[570.040s][info][gc,stats    ]      Memory: Page Cache Miss                                   0 / 0                 0 / 1                 0 / 1                 0 / 1           ops/s
[570.040s][info][gc,stats    ]      Memory: Uncommit                                          0 / 0                 0 / 0                 0 / 0                 0 / 0           MB/s
[570.040s][info][gc,stats    ]      Memory: Undo Object Allocation Failed                     0 / 0                 0 / 0                 0 / 0                 0 / 0           ops/s
[570.040s][info][gc,stats    ]      Memory: Undo Object Allocation Succeeded                  0 / 1                 0 / 6                 0 / 6                 0 / 6           ops/s
[570.040s][info][gc,stats    ]      Memory: Undo Page Allocation                              0 / 0                 0 / 1                 0 / 1                 0 / 1           ops/s
[570.040s][info][gc,stats    ]       Phase: Concurrent Mark                              23.012 / 25.088       25.494 / 65.214       25.494 / 65.214       25.494 / 65.214      ms
[570.040s][info][gc,stats    ]       Phase: Concurrent Mark Continue                      0.000 / 0.000         0.000 / 0.000         0.000 / 0.000         0.000 / 0.000       ms
[570.040s][info][gc,stats    ]       Phase: Concurrent Process Non-Strong References      0.406 / 0.524         0.449 / 0.911         0.449 / 0.911         0.449 / 0.911       ms
[570.040s][info][gc,stats    ]       Phase: Concurrent Relocate                           0.729 / 0.921         0.885 / 16.651        0.885 / 16.651        0.885 / 16.651      ms
[570.040s][info][gc,stats    ]       Phase: Concurrent Reset Relocation Set               0.002 / 0.002         0.002 / 0.098         0.002 / 0.098         0.002 / 0.098       ms
[570.040s][info][gc,stats    ]       Phase: Concurrent Select Relocation Set              2.728 / 2.942         2.862 / 12.567        2.862 / 12.567        2.862 / 12.567      ms
[570.040s][info][gc,stats    ]       Phase: Pause Mark End                                0.008 / 0.009         0.009 / 0.025         0.009 / 0.025         0.009 / 0.025       ms
[570.040s][info][gc,stats    ]       Phase: Pause Mark Start                              0.005 / 0.008         0.006 / 0.036         0.006 / 0.036         0.006 / 0.036       ms
[570.040s][info][gc,stats    ]       Phase: Pause Relocate Start                          0.004 / 0.006         0.004 / 0.026         0.004 / 0.026         0.004 / 0.026       ms
[570.040s][info][gc,stats    ]    Subphase: Concurrent Classes Purge                      0.023 / 0.030         0.029 / 0.102         0.029 / 0.102         0.029 / 0.102       ms
[570.040s][info][gc,stats    ]    Subphase: Concurrent Classes Unlink                     0.276 / 0.324         0.292 / 0.571         0.292 / 0.571         0.292 / 0.571       ms
[570.040s][info][gc,stats    ]    Subphase: Concurrent Mark                              22.261 / 24.712       24.697 / 64.907       24.697 / 64.907       24.697 / 64.907      ms
[570.040s][info][gc,stats    ]    Subphase: Concurrent Mark Idle                          1.146 / 1.262         1.191 / 1.347         1.191 / 1.347         1.191 / 1.347       ms
[570.040s][info][gc,stats    ]    Subphase: Concurrent Mark Try Flush                     0.036 / 0.071         0.034 / 0.135         0.034 / 0.135         0.034 / 0.135       ms
[570.040s][info][gc,stats    ]    Subphase: Concurrent Mark Try Terminate                 0.432 / 1.263         0.436 / 1.361         0.436 / 1.361         0.436 / 1.361       ms
[570.040s][info][gc,stats    ]    Subphase: Concurrent References Enqueue                 0.000 / 0.000         0.000 / 0.008         0.000 / 0.008         0.000 / 0.008       ms
[570.040s][info][gc,stats    ]    Subphase: Concurrent References Process                 0.019 / 0.024         0.025 / 0.095         0.025 / 0.095         0.025 / 0.095       ms
[570.040s][info][gc,stats    ]    Subphase: Concurrent Roots ClassLoaderDataGraph         0.015 / 0.041         0.017 / 0.132         0.017 / 0.132         0.017 / 0.132       ms
[570.040s][info][gc,stats    ]    Subphase: Concurrent Roots CodeCache                    0.000 / 0.000         0.000 / 0.000         0.000 / 0.000         0.000 / 0.000       ms
[570.040s][info][gc,stats    ]    Subphase: Concurrent Roots JavaThreads                  0.186 / 0.300         0.209 / 0.485         0.209 / 0.485         0.209 / 0.485       ms
[570.040s][info][gc,stats    ]    Subphase: Concurrent Roots OopStorageSet                0.003 / 0.006         0.004 / 0.041         0.004 / 0.041         0.004 / 0.041       ms
[570.040s][info][gc,stats    ]    Subphase: Concurrent Weak Roots OopStorageSet           0.034 / 0.038         0.037 / 0.120         0.037 / 0.120         0.037 / 0.120       ms
[570.040s][info][gc,stats    ]    Subphase: Pause Mark Try Complete                       0.000 / 0.000         0.000 / 0.000         0.000 / 0.000         0.000 / 0.000       ms
[570.040s][info][gc,stats    ]      System: Java Threads                                     16 / 16               16 / 20               16 / 20               16 / 20          threads
[570.040s][info][gc,stats    ] =========================================================================================================================================================
[570.340s][info][gc,start    ] GC(304) Garbage Collection (Proactive)
[570.341s][info][gc,phases   ] GC(304) Pause Mark Start 0.039ms
[570.367s][info][gc,phases   ] GC(304) Concurrent Mark 26.043ms
[570.367s][info][gc,phases   ] GC(304) Pause Mark End 0.008ms
[570.367s][info][gc,phases   ] GC(304) Concurrent Process Non-Strong References 0.497ms
[570.367s][info][gc,phases   ] GC(304) Concurrent Reset Relocation Set 0.002ms
[570.370s][info][gc,phases   ] GC(304) Concurrent Select Relocation Set 2.782ms
[570.370s][info][gc,phases   ] GC(304) Pause Relocate Start 0.003ms
[570.371s][info][gc,phases   ] GC(304) Concurrent Relocate 0.736ms
[570.371s][info][gc,load     ] GC(304) Load: 4.06/3.76/3.66
[570.371s][info][gc,mmu      ] GC(304) MMU: 2ms/98.1%, 5ms/99.2%, 10ms/99.6%, 20ms/99.8%, 50ms/99.9%, 100ms/99.9%
[570.371s][info][gc,marking  ] GC(304) Mark: 2 stripe(s), 2 proactive flush(es), 1 terminate flush(es), 0 completion(s), 0 continuation(s) 
[570.371s][info][gc,nmethod  ] GC(304) NMethods: 484 registered, 0 unregistered
[570.371s][info][gc,metaspace] GC(304) Metaspace: 0M used, 0M committed, 1032M reserved
[570.371s][info][gc,ref      ] GC(304) Soft: 82 encountered, 0 discovered, 0 enqueued
[570.371s][info][gc,ref      ] GC(304) Weak: 200 encountered, 54 discovered, 0 enqueued
[570.371s][info][gc,ref      ] GC(304) Final: 0 encountered, 0 discovered, 0 enqueued
[570.371s][info][gc,ref      ] GC(304) Phantom: 5 encountered, 3 discovered, 0 enqueued
[570.371s][info][gc,reloc    ] GC(304) Small Pages: 911 / 1822M, Empty: 1664M, Relocated: 5M, In-Place: 0
[570.371s][info][gc,reloc    ] GC(304) Medium Pages: 0 / 0M, Empty: 0M, Relocated: 0M, In-Place: 0
[570.371s][info][gc,reloc    ] GC(304) Large Pages: 0 / 0M, Empty: 0M, Relocated: 0M, In-Place: 0
[570.371s][info][gc,reloc    ] GC(304) Forwarding Usage: 0M
[570.371s][info][gc,heap     ] GC(304) Min Capacity: 8192M(100%)
[570.371s][info][gc,heap     ] GC(304) Max Capacity: 8192M(100%)
[570.371s][info][gc,heap     ] GC(304) Soft Max Capacity: 8192M(100%)
[570.371s][info][gc,heap     ] GC(304)                Mark Start          Mark End        Relocate Start      Relocate End           High               Low         
[570.371s][info][gc,heap     ] GC(304)  Capacity:     8192M (100%)       8192M (100%)       8192M (100%)       8192M (100%)       8192M (100%)       8192M (100%)   
[570.371s][info][gc,heap     ] GC(304)      Free:     6370M (78%)        6338M (77%)        8000M (98%)        8008M (98%)        8008M (98%)        6336M (77%)    
[570.371s][info][gc,heap     ] GC(304)      Used:     1822M (22%)        1854M (23%)         192M (2%)          184M (2%)         1856M (23%)         184M (2%)     
[570.371s][info][gc,heap     ] GC(304)      Live:         -               132M (2%)          132M (2%)          132M (2%)             -                  -          
[570.371s][info][gc,heap     ] GC(304) Allocated:         -                32M (0%)           34M (0%)           34M (0%)             -                  -          
[570.371s][info][gc,heap     ] GC(304)   Garbage:         -              1689M (21%)          25M (0%)           17M (0%)             -                  -          
[570.371s][info][gc,heap     ] GC(304) Reclaimed:         -                  -              1664M (20%)        1672M (20%)            -                  -          
[570.371s][info][gc          ] GC(304) Garbage Collection (Proactive) 1822M(22%)->184M(2%)
[572.140s][info][gc,start    ] GC(305) Garbage Collection (Proactive)
[572.141s][info][gc,phases   ] GC(305) Pause Mark Start 0.007ms
[572.166s][info][gc,phases   ] GC(305) Concurrent Mark 25.353ms
[572.166s][info][gc,phases   ] GC(305) Pause Mark End 0.008ms
[572.167s][info][gc,phases   ] GC(305) Concurrent Process Non-Strong References 0.524ms
[572.167s][info][gc,phases   ] GC(305) Concurrent Reset Relocation Set 0.002ms
[572.170s][info][gc,phases   ] GC(305) Concurrent Select Relocation Set 2.965ms
[572.170s][info][gc,phases   ] GC(305) Pause Relocate Start 0.003ms
[572.171s][info][gc,phases   ] GC(305) Concurrent Relocate 0.744ms
[572.171s][info][gc,load     ] GC(305) Load: 4.06/3.76/3.66
[572.171s][info][gc,mmu      ] GC(305) MMU: 2ms/98.1%, 5ms/99.2%, 10ms/99.6%, 20ms/99.8%, 50ms/99.9%, 100ms/99.9%
[572.171s][info][gc,marking  ] GC(305) Mark: 2 stripe(s), 2 proactive flush(es), 1 terminate flush(es), 0 completion(s), 0 continuation(s) 
[572.171s][info][gc,nmethod  ] GC(305) NMethods: 484 registered, 0 unregistered
[572.171s][info][gc,metaspace] GC(305) Metaspace: 0M used, 0M committed, 1032M reserved
[572.171s][info][gc,ref      ] GC(305) Soft: 82 encountered, 0 discovered, 0 enqueued
[572.171s][info][gc,ref      ] GC(305) Weak: 200 encountered, 187 discovered, 0 enqueued
[572.171s][info][gc,ref      ] GC(305) Final: 0 encountered, 0 discovered, 0 enqueued
[572.171s][info][gc,ref      ] GC(305) Phantom: 5 encountered, 4 discovered, 0 enqueued
[572.171s][info][gc,reloc    ] GC(305) Small Pages: 1016 / 2032M, Empty: 1872M, Relocated: 4M, In-Place: 0
[572.171s][info][gc,reloc    ] GC(305) Medium Pages: 0 / 0M, Empty: 0M, Relocated: 0M, In-Place: 0
[572.171s][info][gc,reloc    ] GC(305) Large Pages: 0 / 0M, Empty: 0M, Relocated: 0M, In-Place: 0
[572.171s][info][gc,reloc    ] GC(305) Forwarding Usage: 0M
[572.171s][info][gc,heap     ] GC(305) Min Capacity: 8192M(100%)
[572.171s][info][gc,heap     ] GC(305) Max Capacity: 8192M(100%)
[572.171s][info][gc,heap     ] GC(305) Soft Max Capacity: 8192M(100%)
[572.171s][info][gc,heap     ] GC(305)                Mark Start          Mark End        Relocate Start      Relocate End           High               Low         
[572.171s][info][gc,heap     ] GC(305)  Capacity:     8192M (100%)       8192M (100%)       8192M (100%)       8192M (100%)       8192M (100%)       8192M (100%)   
[572.171s][info][gc,heap     ] GC(305)      Free:     6160M (75%)        6128M (75%)        8000M (98%)        8010M (98%)        8010M (98%)        6128M (75%)    
[572.171s][info][gc,heap     ] GC(305)      Used:     2032M (25%)        2064M (25%)         192M (2%)          182M (2%)         2064M (25%)         182M (2%)     
[572.171s][info][gc,heap     ] GC(305)      Live:         -               132M (2%)          132M (2%)          132M (2%)             -                  -          
[572.171s][info][gc,heap     ] GC(305) Allocated:         -                32M (0%)           32M (0%)           32M (0%)             -                  -          
[572.171s][info][gc,heap     ] GC(305)   Garbage:         -              1899M (23%)          27M (0%)           17M (0%)             -                  -          
[572.171s][info][gc,heap     ] GC(305) Reclaimed:         -                  -              1872M (23%)        1882M (23%)            -                  -          
[572.171s][info][gc          ] GC(305) Garbage Collection (Proactive) 2032M(25%)->182M(2%)
[573.840s][info][gc,start    ] GC(306) Garbage Collection (Proactive)
[573.840s][info][gc,phases   ] GC(306) Pause Mark Start 0.004ms
[573.864s][info][gc,phases   ] GC(306) Concurrent Mark 23.479ms
[573.864s][info][gc,phases   ] GC(306) Pause Mark End 0.011ms
[573.865s][info][gc,phases   ] GC(306) Concurrent Process Non-Strong References 0.434ms
[573.865s][info][gc,phases   ] GC(306) Concurrent Reset Relocation Set 0.002ms
[573.867s][info][gc,phases   ] GC(306) Concurrent Select Relocation Set 2.838ms
[573.868s][info][gc,phases   ] GC(306) Pause Relocate Start 0.004ms
[573.868s][info][gc,phases   ] GC(306) Concurrent Relocate 0.734ms
[573.868s][info][gc,load     ] GC(306) Load: 4.06/3.76/3.66
[573.868s][info][gc,mmu      ] GC(306) MMU: 2ms/98.1%, 5ms/99.2%, 10ms/99.6%, 20ms/99.8%, 50ms/99.9%, 100ms/99.9%
[573.868s][info][gc,marking  ] GC(306) Mark: 2 stripe(s), 2 proactive flush(es), 1 terminate flush(es), 0 completion(s), 0 continuation(s) 
[573.868s][info][gc,nmethod  ] GC(306) NMethods: 484 registered, 0 unregistered
[573.868s][info][gc,metaspace] GC(306) Metaspace: 0M used, 0M committed, 1032M reserved
[573.868s][info][gc,ref      ] GC(306) Soft: 82 encountered, 0 discovered, 0 enqueued
[573.868s][info][gc,ref      ] GC(306) Weak: 200 encountered, 50 discovered, 0 enqueued
[573.868s][info][gc,ref      ] GC(306) Final: 0 encountered, 0 discovered, 0 enqueued
[573.868s][info][gc,ref      ] GC(306) Phantom: 5 encountered, 5 discovered, 0 enqueued
[573.868s][info][gc,reloc    ] GC(306) Small Pages: 963 / 1926M, Empty: 1770M, Relocated: 5M, In-Place: 0
[573.869s][info][gc,reloc    ] GC(306) Medium Pages: 0 / 0M, Empty: 0M, Relocated: 0M, In-Place: 0
[573.869s][info][gc,reloc    ] GC(306) Large Pages: 0 / 0M, Empty: 0M, Relocated: 0M, In-Place: 0
[573.869s][info][gc,reloc    ] GC(306) Forwarding Usage: 0M
[573.869s][info][gc,heap     ] GC(306) Min Capacity: 8192M(100%)
[573.869s][info][gc,heap     ] GC(306) Max Capacity: 8192M(100%)
[573.869s][info][gc,heap     ] GC(306) Soft Max Capacity: 8192M(100%)
[573.869s][info][gc,heap     ] GC(306)                Mark Start          Mark End        Relocate Start      Relocate End           High               Low         
[573.869s][info][gc,heap     ] GC(306)  Capacity:     8192M (100%)       8192M (100%)       8192M (100%)       8192M (100%)       8192M (100%)       8192M (100%)   
[573.869s][info][gc,heap     ] GC(306)      Free:     6266M (76%)        6242M (76%)        8004M (98%)        8010M (98%)        8010M (98%)        6242M (76%)    
[573.869s][info][gc,heap     ] GC(306)      Used:     1926M (24%)        1950M (24%)         188M (2%)          182M (2%)         1950M (24%)         182M (2%)     
[573.869s][info][gc,heap     ] GC(306)      Live:         -               132M (2%)          132M (2%)          132M (2%)             -                  -          
[573.869s][info][gc,heap     ] GC(306) Allocated:         -                24M (0%)           32M (0%)           34M (0%)             -                  -          
[573.869s][info][gc,heap     ] GC(306)   Garbage:         -              1793M (22%)          23M (0%)           15M (0%)             -                  -          
[573.869s][info][gc,heap     ] GC(306) Reclaimed:         -                  -              1770M (22%)        1778M (22%)            -                  -          
[573.869s][info][gc          ] GC(306) Garbage Collection (Proactive) 1926M(24%)->182M(2%)
[575.540s][info][gc,start    ] GC(307) Garbage Collection (Proactive)
[575.540s][info][gc,phases   ] GC(307) Pause Mark Start 0.009ms
[575.563s][info][gc,phases   ] GC(307) Concurrent Mark 22.545ms
[575.563s][info][gc,phases   ] GC(307) Pause Mark End 0.009ms
[575.563s][info][gc,phases   ] GC(307) Concurrent Process Non-Strong References 0.439ms
[575.563s][info][gc,phases   ] GC(307) Concurrent Reset Relocation Set 0.002ms
[575.566s][info][gc,phases   ] GC(307) Concurrent Select Relocation Set 3.037ms
[575.566s][info][gc,phases   ] GC(307) Pause Relocate Start 0.006ms
[575.568s][info][gc,phases   ] GC(307) Concurrent Relocate 1.357ms
[575.568s][info][gc,load     ] GC(307) Load: 4.06/3.76/3.66
[575.568s][info][gc,mmu      ] GC(307) MMU: 2ms/98.1%, 5ms/99.2%, 10ms/99.6%, 20ms/99.8%, 50ms/99.9%, 100ms/99.9%
[575.568s][info][gc,marking  ] GC(307) Mark: 2 stripe(s), 2 proactive flush(es), 1 terminate flush(es), 0 completion(s), 0 continuation(s) 
[575.568s][info][gc,nmethod  ] GC(307) NMethods: 484 registered, 0 unregistered
[575.568s][info][gc,metaspace] GC(307) Metaspace: 0M used, 0M committed, 1032M reserved
[575.568s][info][gc,ref      ] GC(307) Soft: 82 encountered, 0 discovered, 0 enqueued
[575.568s][info][gc,ref      ] GC(307) Weak: 200 encountered, 58 discovered, 0 enqueued
[575.568s][info][gc,ref      ] GC(307) Final: 0 encountered, 0 discovered, 0 enqueued
[575.568s][info][gc,ref      ] GC(307) Phantom: 5 encountered, 5 discovered, 0 enqueued
[575.568s][info][gc,reloc    ] GC(307) Small Pages: 962 / 1924M, Empty: 1766M, Relocated: 6M, In-Place: 0
[575.568s][info][gc,reloc    ] GC(307) Medium Pages: 0 / 0M, Empty: 0M, Relocated: 0M, In-Place: 0
[575.568s][info][gc,reloc    ] GC(307) Large Pages: 0 / 0M, Empty: 0M, Relocated: 0M, In-Place: 0
[575.568s][info][gc,reloc    ] GC(307) Forwarding Usage: 0M
[575.568s][info][gc,heap     ] GC(307) Min Capacity: 8192M(100%)
[575.568s][info][gc,heap     ] GC(307) Max Capacity: 8192M(100%)
[575.568s][info][gc,heap     ] GC(307) Soft Max Capacity: 8192M(100%)
[575.568s][info][gc,heap     ] GC(307)                Mark Start          Mark End        Relocate Start      Relocate End           High               Low         
[575.568s][info][gc,heap     ] GC(307)  Capacity:     8192M (100%)       8192M (100%)       8192M (100%)       8192M (100%)       8192M (100%)       8192M (100%)   
[575.568s][info][gc,heap     ] GC(307)      Free:     6268M (77%)        6244M (76%)        8006M (98%)        8012M (98%)        8012M (98%)        6244M (76%)    
[575.568s][info][gc,heap     ] GC(307)      Used:     1924M (23%)        1948M (24%)         186M (2%)          180M (2%)         1948M (24%)         180M (2%)     
[575.568s][info][gc,heap     ] GC(307)      Live:         -               132M (2%)          132M (2%)          132M (2%)             -                  -          
[575.568s][info][gc,heap     ] GC(307) Allocated:         -                24M (0%)           28M (0%)           32M (0%)             -                  -          
[575.568s][info][gc,heap     ] GC(307)   Garbage:         -              1791M (22%)          25M (0%)           15M (0%)             -                  -          
[575.568s][info][gc,heap     ] GC(307) Reclaimed:         -                  -              1766M (22%)        1776M (22%)            -                  -          
[575.568s][info][gc          ] GC(307) Garbage Collection (Proactive) 1924M(23%)->180M(2%)
[577.141s][info][gc,start    ] GC(308) Garbage Collection (Proactive)
[577.141s][info][gc,phases   ] GC(308) Pause Mark Start 0.005ms
[577.164s][info][gc,phases   ] GC(308) Concurrent Mark 22.840ms
[577.164s][info][gc,phases   ] GC(308) Pause Mark End 0.008ms
[577.164s][info][gc,phases   ] GC(308) Concurrent Process Non-Strong References 0.393ms
[577.164s][info][gc,phases   ] GC(308) Concurrent Reset Relocation Set 0.002ms
[577.167s][info][gc,phases   ] GC(308) Concurrent Select Relocation Set 2.876ms
[577.167s][info][gc,phases   ] GC(308) Pause Relocate Start 0.005ms
[577.168s][info][gc,phases   ] GC(308) Concurrent Relocate 0.780ms
[577.168s][info][gc,load     ] GC(308) Load: 3.97/3.75/3.65
[577.168s][info][gc,mmu      ] GC(308) MMU: 2ms/98.1%, 5ms/99.2%, 10ms/99.6%, 20ms/99.8%, 50ms/99.9%, 100ms/99.9%
[577.168s][info][gc,marking  ] GC(308) Mark: 2 stripe(s), 2 proactive flush(es), 1 terminate flush(es), 0 completion(s), 0 continuation(s) 
[577.168s][info][gc,nmethod  ] GC(308) NMethods: 484 registered, 0 unregistered
[577.168s][info][gc,metaspace] GC(308) Metaspace: 0M used, 0M committed, 1032M reserved
[577.168s][info][gc,ref      ] GC(308) Soft: 82 encountered, 0 discovered, 0 enqueued
[577.168s][info][gc,ref      ] GC(308) Weak: 200 encountered, 53 discovered, 0 enqueued
[577.168s][info][gc,ref      ] GC(308) Final: 0 encountered, 0 discovered, 0 enqueued
[577.168s][info][gc,ref      ] GC(308) Phantom: 5 encountered, 3 discovered, 0 enqueued
[577.168s][info][gc,reloc    ] GC(308) Small Pages: 910 / 1820M, Empty: 1658M, Relocated: 5M, In-Place: 0
[577.168s][info][gc,reloc    ] GC(308) Medium Pages: 0 / 0M, Empty: 0M, Relocated: 0M, In-Place: 0
[577.168s][info][gc,reloc    ] GC(308) Large Pages: 0 / 0M, Empty: 0M, Relocated: 0M, In-Place: 0
[577.168s][info][gc,reloc    ] GC(308) Forwarding Usage: 0M
[577.168s][info][gc,heap     ] GC(308) Min Capacity: 8192M(100%)
[577.168s][info][gc,heap     ] GC(308) Max Capacity: 8192M(100%)
[577.168s][info][gc,heap     ] GC(308) Soft Max Capacity: 8192M(100%)
[577.169s][info][gc,heap     ] GC(308)                Mark Start          Mark End        Relocate Start      Relocate End           High               Low         
[577.169s][info][gc,heap     ] GC(308)  Capacity:     8192M (100%)       8192M (100%)       8192M (100%)       8192M (100%)       8192M (100%)       8192M (100%)   
[577.169s][info][gc,heap     ] GC(308)      Free:     6372M (78%)        6348M (77%)        7998M (98%)        8010M (98%)        8010M (98%)        6348M (77%)    
[577.169s][info][gc,heap     ] GC(308)      Used:     1820M (22%)        1844M (23%)         194M (2%)          182M (2%)         1844M (23%)         182M (2%)     
[577.169s][info][gc,heap     ] GC(308)      Live:         -               132M (2%)          132M (2%)          132M (2%)             -                  -          
[577.169s][info][gc,heap     ] GC(308) Allocated:         -                24M (0%)           32M (0%)           34M (0%)             -                  -          
[577.169s][info][gc,heap     ] GC(308)   Garbage:         -              1687M (21%)          29M (0%)           15M (0%)             -                  -          
[577.169s][info][gc,heap     ] GC(308) Reclaimed:         -                  -              1658M (20%)        1672M (20%)            -                  -          
[577.169s][info][gc          ] GC(308) Garbage Collection (Proactive) 1820M(22%)->182M(2%)
[578.640s][info][gc,start    ] GC(309) Garbage Collection (Proactive)
[578.640s][info][gc,phases   ] GC(309) Pause Mark Start 0.005ms
[578.665s][info][gc,phases   ] GC(309) Concurrent Mark 24.433ms
[578.665s][info][gc,phases   ] GC(309) Pause Mark End 0.009ms
[578.666s][info][gc,phases   ] GC(309) Concurrent Process Non-Strong References 0.463ms
[578.666s][info][gc,phases   ] GC(309) Concurrent Reset Relocation Set 0.002ms
[578.669s][info][gc,phases   ] GC(309) Concurrent Select Relocation Set 3.006ms
[578.669s][info][gc,phases   ] GC(309) Pause Relocate Start 0.005ms
[578.669s][info][gc,phases   ] GC(309) Concurrent Relocate 0.715ms
[578.669s][info][gc,load     ] GC(309) Load: 3.97/3.75/3.65
[578.669s][info][gc,mmu      ] GC(309) MMU: 2ms/98.1%, 5ms/99.2%, 10ms/99.6%, 20ms/99.8%, 50ms/99.9%, 100ms/99.9%
[578.669s][info][gc,marking  ] GC(309) Mark: 2 stripe(s), 2 proactive flush(es), 1 terminate flush(es), 0 completion(s), 0 continuation(s) 
[578.669s][info][gc,nmethod  ] GC(309) NMethods: 484 registered, 0 unregistered
[578.669s][info][gc,metaspace] GC(309) Metaspace: 0M used, 0M committed, 1032M reserved
[578.669s][info][gc,ref      ] GC(309) Soft: 82 encountered, 0 discovered, 0 enqueued
[578.670s][info][gc,ref      ] GC(309) Weak: 200 encountered, 62 discovered, 0 enqueued
[578.670s][info][gc,ref      ] GC(309) Final: 0 encountered, 0 discovered, 0 enqueued
[578.670s][info][gc,ref      ] GC(309) Phantom: 5 encountered, 3 discovered, 0 enqueued
[578.670s][info][gc,reloc    ] GC(309) Small Pages: 858 / 1716M, Empty: 1556M, Relocated: 5M, In-Place: 0
[578.670s][info][gc,reloc    ] GC(309) Medium Pages: 0 / 0M, Empty: 0M, Relocated: 0M, In-Place: 0
[578.670s][info][gc,reloc    ] GC(309) Large Pages: 0 / 0M, Empty: 0M, Relocated: 0M, In-Place: 0
[578.670s][info][gc,reloc    ] GC(309) Forwarding Usage: 0M
[578.670s][info][gc,heap     ] GC(309) Min Capacity: 8192M(100%)
[578.670s][info][gc,heap     ] GC(309) Max Capacity: 8192M(100%)
[578.670s][info][gc,heap     ] GC(309) Soft Max Capacity: 8192M(100%)
[578.670s][info][gc,heap     ] GC(309)                Mark Start          Mark End        Relocate Start      Relocate End           High               Low         
[578.670s][info][gc,heap     ] GC(309)  Capacity:     8192M (100%)       8192M (100%)       8192M (100%)       8192M (100%)       8192M (100%)       8192M (100%)   
[578.670s][info][gc,heap     ] GC(309)      Free:     6476M (79%)        6452M (79%)        8000M (98%)        8010M (98%)        8010M (98%)        6452M (79%)    
[578.670s][info][gc,heap     ] GC(309)      Used:     1716M (21%)        1740M (21%)         192M (2%)          182M (2%)         1740M (21%)         182M (2%)     
[578.670s][info][gc,heap     ] GC(309)      Live:         -               132M (2%)          132M (2%)          132M (2%)             -                  -          
[578.670s][info][gc,heap     ] GC(309) Allocated:         -                24M (0%)           32M (0%)           32M (0%)             -                  -          
[578.670s][info][gc,heap     ] GC(309)   Garbage:         -              1583M (19%)          27M (0%)           17M (0%)             -                  -          
[578.670s][info][gc,heap     ] GC(309) Reclaimed:         -                  -              1556M (19%)        1566M (19%)            -                  -          
[578.670s][info][gc          ] GC(309) Garbage Collection (Proactive) 1716M(21%)->182M(2%)
[580.040s][info][gc,stats    ] === Garbage Collection Statistics =======================================================================================================================
[580.040s][info][gc,stats    ]                                                              Last 10s              Last 10m              Last 10h                Total
[580.040s][info][gc,stats    ]                                                              Avg / Max             Avg / Max             Avg / Max             Avg / Max
[580.041s][info][gc,stats    ]   Collector: Garbage Collection Cycle                     29.023 / 30.905       30.306 / 95.920       30.306 / 95.920       30.306 / 95.920      ms
[580.041s][info][gc,stats    ]  Contention: Mark Segment Reset Contention                     0 / 1                 0 / 4                 0 / 4                 0 / 4           ops/s
[580.041s][info][gc,stats    ]  Contention: Mark SeqNum Reset Contention                      0 / 1                 0 / 1                 0 / 1                 0 / 1           ops/s
[580.041s][info][gc,stats    ]    Critical: Allocation Stall                                  0 / 0                 0 / 0                 0 / 0                 0 / 0           ops/s
[580.041s][info][gc,stats    ]    Critical: Allocation Stall                              0.000 / 0.000         0.000 / 0.000         0.000 / 0.000         0.000 / 0.000       ms
[580.041s][info][gc,stats    ]    Critical: GC Locker Stall                                   0 / 0                 0 / 0                 0 / 0                 0 / 0           ops/s
[580.041s][info][gc,stats    ]    Critical: GC Locker Stall                               0.000 / 0.000         0.000 / 0.000         0.000 / 0.000         0.000 / 0.000       ms
[580.041s][info][gc,stats    ]    Critical: Relocation Stall                                  0 / 0                 0 / 0                 0 / 0                 0 / 0           ops/s
[580.041s][info][gc,stats    ]    Critical: Relocation Stall                              0.000 / 0.000         0.000 / 0.000         0.000 / 0.000         0.000 / 0.000       ms
[580.041s][info][gc,stats    ]      Memory: Allocation Rate                                1045 / 1048           1058 / 9212           1058 / 9212           1058 / 9212        MB/s
[580.041s][info][gc,stats    ]      Memory: Out Of Memory                                     0 / 0                 0 / 0                 0 / 0                 0 / 0           ops/s
[580.041s][info][gc,stats    ]      Memory: Page Cache Flush                                  0 / 0                 0 / 0                 0 / 0                 0 / 0           MB/s
[580.041s][info][gc,stats    ]      Memory: Page Cache Hit L1                               524 / 528             521 / 533             521 / 533             521 / 533         ops/s
[580.041s][info][gc,stats    ]      Memory: Page Cache Hit L2                                 0 / 0                 0 / 0                 0 / 0                 0 / 0           ops/s
[580.041s][info][gc,stats    ]      Memory: Page Cache Hit L3                                 0 / 0                 3 / 486               3 / 486               3 / 486         ops/s
[580.041s][info][gc,stats    ]      Memory: Page Cache Miss                                   0 / 0                 0 / 1                 0 / 1                 0 / 1           ops/s
[580.041s][info][gc,stats    ]      Memory: Uncommit                                          0 / 0                 0 / 0                 0 / 0                 0 / 0           MB/s
[580.041s][info][gc,stats    ]      Memory: Undo Object Allocation Failed                     0 / 0                 0 / 0                 0 / 0                 0 / 0           ops/s
[580.041s][info][gc,stats    ]      Memory: Undo Object Allocation Succeeded                  0 / 1                 0 / 6                 0 / 6                 0 / 6           ops/s
[580.041s][info][gc,stats    ]      Memory: Undo Page Allocation                              0 / 0                 0 / 1                 0 / 1                 0 / 1           ops/s
[580.041s][info][gc,stats    ]       Phase: Concurrent Mark                              24.116 / 26.043       25.468 / 65.214       25.468 / 65.214       25.468 / 65.214      ms
[580.041s][info][gc,stats    ]       Phase: Concurrent Mark Continue                      0.000 / 0.000         0.000 / 0.000         0.000 / 0.000         0.000 / 0.000       ms
[580.041s][info][gc,stats    ]       Phase: Concurrent Process Non-Strong References      0.458 / 0.524         0.449 / 0.911         0.449 / 0.911         0.449 / 0.911       ms
[580.041s][info][gc,stats    ]       Phase: Concurrent Relocate                           0.845 / 1.357         0.884 / 16.651        0.884 / 16.651        0.884 / 16.651      ms
[580.041s][info][gc,stats    ]       Phase: Concurrent Reset Relocation Set               0.002 / 0.002         0.002 / 0.098         0.002 / 0.098         0.002 / 0.098       ms
[580.041s][info][gc,stats    ]       Phase: Concurrent Select Relocation Set              2.917 / 3.037         2.863 / 12.567        2.863 / 12.567        2.863 / 12.567      ms
[580.041s][info][gc,stats    ]       Phase: Pause Mark End                                0.009 / 0.011         0.009 / 0.025         0.009 / 0.025         0.009 / 0.025       ms
[580.041s][info][gc,stats    ]       Phase: Pause Mark Start                              0.012 / 0.039         0.006 / 0.039         0.006 / 0.039         0.006 / 0.039       ms
[580.041s][info][gc,stats    ]       Phase: Pause Relocate Start                          0.004 / 0.006         0.004 / 0.026         0.004 / 0.026         0.004 / 0.026       ms
[580.041s][info][gc,stats    ]    Subphase: Concurrent Classes Purge                      0.029 / 0.032         0.029 / 0.102         0.029 / 0.102         0.029 / 0.102       ms
[580.041s][info][gc,stats    ]    Subphase: Concurrent Classes Unlink                     0.295 / 0.315         0.292 / 0.571         0.292 / 0.571         0.292 / 0.571       ms
[580.041s][info][gc,stats    ]    Subphase: Concurrent Mark                              23.320 / 25.453       24.670 / 64.907       24.670 / 64.907       24.670 / 64.907      ms
[580.041s][info][gc,stats    ]    Subphase: Concurrent Mark Idle                          1.168 / 1.300         1.191 / 1.347         1.191 / 1.347         1.191 / 1.347       ms
[580.041s][info][gc,stats    ]    Subphase: Concurrent Mark Try Flush                     0.037 / 0.127         0.034 / 0.135         0.034 / 0.135         0.034 / 0.135       ms
[580.041s][info][gc,stats    ]    Subphase: Concurrent Mark Try Terminate                 0.477 / 1.301         0.437 / 1.361         0.437 / 1.361         0.437 / 1.361       ms
[580.041s][info][gc,stats    ]    Subphase: Concurrent References Enqueue                 0.000 / 0.001         0.000 / 0.008         0.000 / 0.008         0.000 / 0.008       ms
[580.041s][info][gc,stats    ]    Subphase: Concurrent References Process                 0.022 / 0.031         0.025 / 0.095         0.025 / 0.095         0.025 / 0.095       ms
[580.041s][info][gc,stats    ]    Subphase: Concurrent Roots ClassLoaderDataGraph         0.018 / 0.061         0.017 / 0.132         0.017 / 0.132         0.017 / 0.132       ms
[580.041s][info][gc,stats    ]    Subphase: Concurrent Roots CodeCache                    0.000 / 0.000         0.000 / 0.000         0.000 / 0.000         0.000 / 0.000       ms
[580.041s][info][gc,stats    ]    Subphase: Concurrent Roots JavaThreads                  0.245 / 0.458         0.209 / 0.485         0.209 / 0.485         0.209 / 0.485       ms
[580.041s][info][gc,stats    ]    Subphase: Concurrent Roots OopStorageSet                0.004 / 0.009         0.004 / 0.041         0.004 / 0.041         0.004 / 0.041       ms
[580.041s][info][gc,stats    ]    Subphase: Concurrent Weak Roots OopStorageSet           0.037 / 0.042         0.037 / 0.120         0.037 / 0.120         0.037 / 0.120       ms
[580.041s][info][gc,stats    ]    Subphase: Pause Mark Try Complete                       0.000 / 0.000         0.000 / 0.000         0.000 / 0.000         0.000 / 0.000       ms
[580.041s][info][gc,stats    ]      System: Java Threads                                     16 / 16               16 / 20               16 / 20               16 / 20          threads
[580.041s][info][gc,stats    ] =========================================================================================================================================================
[580.240s][info][gc,start    ] GC(310) Garbage Collection (Proactive)
[580.241s][info][gc,phases   ] GC(310) Pause Mark Start 0.005ms
[580.264s][info][gc,phases   ] GC(310) Concurrent Mark 23.053ms
[580.264s][info][gc,phases   ] GC(310) Pause Mark End 0.009ms
[580.264s][info][gc,phases   ] GC(310) Concurrent Process Non-Strong References 0.392ms
[580.264s][info][gc,phases   ] GC(310) Concurrent Reset Relocation Set 0.002ms
[580.267s][info][gc,phases   ] GC(310) Concurrent Select Relocation Set 3.080ms
[580.267s][info][gc,phases   ] GC(310) Pause Relocate Start 0.005ms
[580.269s][info][gc,phases   ] GC(310) Concurrent Relocate 1.001ms
[580.269s][info][gc,load     ] GC(310) Load: 3.97/3.75/3.65
[580.269s][info][gc,mmu      ] GC(310) MMU: 2ms/98.1%, 5ms/99.2%, 10ms/99.6%, 20ms/99.8%, 50ms/99.9%, 100ms/99.9%
[580.269s][info][gc,marking  ] GC(310) Mark: 2 stripe(s), 2 proactive flush(es), 1 terminate flush(es), 0 completion(s), 0 continuation(s) 
[580.269s][info][gc,nmethod  ] GC(310) NMethods: 484 registered, 0 unregistered
[580.269s][info][gc,metaspace] GC(310) Metaspace: 0M used, 0M committed, 1032M reserved
[580.269s][info][gc,ref      ] GC(310) Soft: 82 encountered, 0 discovered, 0 enqueued
[580.269s][info][gc,ref      ] GC(310) Weak: 200 encountered, 50 discovered, 0 enqueued
[580.269s][info][gc,ref      ] GC(310) Final: 0 encountered, 0 discovered, 0 enqueued
[580.269s][info][gc,ref      ] GC(310) Phantom: 5 encountered, 5 discovered, 0 enqueued
[580.269s][info][gc,reloc    ] GC(310) Small Pages: 911 / 1822M, Empty: 1666M, Relocated: 5M, In-Place: 0
[580.269s][info][gc,reloc    ] GC(310) Medium Pages: 0 / 0M, Empty: 0M, Relocated: 0M, In-Place: 0
[580.269s][info][gc,reloc    ] GC(310) Large Pages: 0 / 0M, Empty: 0M, Relocated: 0M, In-Place: 0
[580.269s][info][gc,reloc    ] GC(310) Forwarding Usage: 0M
[580.269s][info][gc,heap     ] GC(310) Min Capacity: 8192M(100%)
[580.269s][info][gc,heap     ] GC(310) Max Capacity: 8192M(100%)
[580.269s][info][gc,heap     ] GC(310) Soft Max Capacity: 8192M(100%)
[580.269s][info][gc,heap     ] GC(310)                Mark Start          Mark End        Relocate Start      Relocate End           High               Low         
[580.269s][info][gc,heap     ] GC(310)  Capacity:     8192M (100%)       8192M (100%)       8192M (100%)       8192M (100%)       8192M (100%)       8192M (100%)   
[580.269s][info][gc,heap     ] GC(310)      Free:     6370M (78%)        6346M (77%)        8004M (98%)        8010M (98%)        8010M (98%)        6346M (77%)    
[580.269s][info][gc,heap     ] GC(310)      Used:     1822M (22%)        1846M (23%)         188M (2%)          182M (2%)         1846M (23%)         182M (2%)     
[580.269s][info][gc,heap     ] GC(310)      Live:         -               132M (2%)          132M (2%)          132M (2%)             -                  -          
[580.269s][info][gc,heap     ] GC(310) Allocated:         -                24M (0%)           32M (0%)           34M (0%)             -                  -          
[580.269s][info][gc,heap     ] GC(310)   Garbage:         -              1689M (21%)          23M (0%)           15M (0%)             -                  -          
[580.269s][info][gc,heap     ] GC(310) Reclaimed:         -                  -              1666M (20%)        1674M (20%)            -                  -          
[580.269s][info][gc          ] GC(310) Garbage Collection (Proactive) 1822M(22%)->182M(2%)
[581.740s][info][gc,start    ] GC(311) Garbage Collection (Proactive)
[581.740s][info][gc,phases   ] GC(311) Pause Mark Start 0.005ms
[581.761s][info][gc,phases   ] GC(311) Concurrent Mark 20.936ms
[581.761s][info][gc,phases   ] GC(311) Pause Mark End 0.007ms
[581.762s][info][gc,phases   ] GC(311) Concurrent Process Non-Strong References 0.344ms
[581.762s][info][gc,phases   ] GC(311) Concurrent Reset Relocation Set 0.001ms
[581.764s][info][gc,phases   ] GC(311) Concurrent Select Relocation Set 2.323ms
[581.764s][info][gc,phases   ] GC(311) Pause Relocate Start 0.003ms
[581.765s][info][gc,phases   ] GC(311) Concurrent Relocate 0.594ms
[581.765s][info][gc,load     ] GC(311) Load: 4.45/3.85/3.69
[581.765s][info][gc,mmu      ] GC(311) MMU: 2ms/98.1%, 5ms/99.2%, 10ms/99.6%, 20ms/99.8%, 50ms/99.9%, 100ms/99.9%
[581.765s][info][gc,marking  ] GC(311) Mark: 2 stripe(s), 2 proactive flush(es), 1 terminate flush(es), 0 completion(s), 0 continuation(s) 
[581.765s][info][gc,nmethod  ] GC(311) NMethods: 484 registered, 0 unregistered
[581.765s][info][gc,metaspace] GC(311) Metaspace: 0M used, 0M committed, 1032M reserved
[581.765s][info][gc,ref      ] GC(311) Soft: 82 encountered, 0 discovered, 0 enqueued
[581.765s][info][gc,ref      ] GC(311) Weak: 200 encountered, 53 discovered, 0 enqueued
[581.765s][info][gc,ref      ] GC(311) Final: 0 encountered, 0 discovered, 0 enqueued
[581.765s][info][gc,ref      ] GC(311) Phantom: 5 encountered, 5 discovered, 0 enqueued
[581.765s][info][gc,reloc    ] GC(311) Small Pages: 858 / 1716M, Empty: 1556M, Relocated: 5M, In-Place: 0
[581.765s][info][gc,reloc    ] GC(311) Medium Pages: 0 / 0M, Empty: 0M, Relocated: 0M, In-Place: 0
[581.765s][info][gc,reloc    ] GC(311) Large Pages: 0 / 0M, Empty: 0M, Relocated: 0M, In-Place: 0
[581.765s][info][gc,reloc    ] GC(311) Forwarding Usage: 0M
[581.765s][info][gc,heap     ] GC(311) Min Capacity: 8192M(100%)
[581.765s][info][gc,heap     ] GC(311) Max Capacity: 8192M(100%)
[581.765s][info][gc,heap     ] GC(311) Soft Max Capacity: 8192M(100%)
[581.765s][info][gc,heap     ] GC(311)                Mark Start          Mark End        Relocate Start      Relocate End           High               Low         
[581.765s][info][gc,heap     ] GC(311)  Capacity:     8192M (100%)       8192M (100%)       8192M (100%)       8192M (100%)       8192M (100%)       8192M (100%)   
[581.765s][info][gc,heap     ] GC(311)      Free:     6476M (79%)        6452M (79%)        8008M (98%)        8018M (98%)        8018M (98%)        6452M (79%)    
[581.765s][info][gc,heap     ] GC(311)      Used:     1716M (21%)        1740M (21%)         184M (2%)          174M (2%)         1740M (21%)         174M (2%)     
[581.765s][info][gc,heap     ] GC(311)      Live:         -               132M (2%)          132M (2%)          132M (2%)             -                  -          
[581.765s][info][gc,heap     ] GC(311) Allocated:         -                24M (0%)           24M (0%)           24M (0%)             -                  -          
[581.765s][info][gc,heap     ] GC(311)   Garbage:         -              1583M (19%)          27M (0%)           17M (0%)             -                  -          
[581.765s][info][gc,heap     ] GC(311) Reclaimed:         -                  -              1556M (19%)        1566M (19%)            -                  -          
[581.765s][info][gc          ] GC(311) Garbage Collection (Proactive) 1716M(21%)->174M(2%)
[583.339s][info][gc,start    ] GC(312) Garbage Collection (Proactive)
[583.339s][info][gc,phases   ] GC(312) Pause Mark Start 0.006ms
[583.364s][info][gc,phases   ] GC(312) Concurrent Mark 24.087ms
[583.364s][info][gc,phases   ] GC(312) Pause Mark End 0.008ms
[583.364s][info][gc,phases   ] GC(312) Concurrent Process Non-Strong References 0.405ms
[583.364s][info][gc,phases   ] GC(312) Concurrent Reset Relocation Set 0.001ms
[583.367s][info][gc,phases   ] GC(312) Concurrent Select Relocation Set 2.991ms
[583.367s][info][gc,phases   ] GC(312) Pause Relocate Start 0.015ms
[583.368s][info][gc,phases   ] GC(312) Concurrent Relocate 0.767ms
[583.368s][info][gc,load     ] GC(312) Load: 4.45/3.85/3.69
[583.368s][info][gc,mmu      ] GC(312) MMU: 2ms/98.1%, 5ms/99.2%, 10ms/99.6%, 20ms/99.8%, 50ms/99.9%, 100ms/99.9%
[583.368s][info][gc,marking  ] GC(312) Mark: 2 stripe(s), 2 proactive flush(es), 1 terminate flush(es), 0 completion(s), 0 continuation(s) 
[583.368s][info][gc,nmethod  ] GC(312) NMethods: 484 registered, 0 unregistered
[583.368s][info][gc,metaspace] GC(312) Metaspace: 0M used, 0M committed, 1032M reserved
[583.368s][info][gc,ref      ] GC(312) Soft: 82 encountered, 0 discovered, 0 enqueued
[583.368s][info][gc,ref      ] GC(312) Weak: 200 encountered, 55 discovered, 0 enqueued
[583.368s][info][gc,ref      ] GC(312) Final: 0 encountered, 0 discovered, 0 enqueued
[583.368s][info][gc,ref      ] GC(312) Phantom: 5 encountered, 3 discovered, 0 enqueued
[583.368s][info][gc,reloc    ] GC(312) Small Pages: 911 / 1822M, Empty: 1666M, Relocated: 4M, In-Place: 0
[583.368s][info][gc,reloc    ] GC(312) Medium Pages: 0 / 0M, Empty: 0M, Relocated: 0M, In-Place: 0
[583.368s][info][gc,reloc    ] GC(312) Large Pages: 0 / 0M, Empty: 0M, Relocated: 0M, In-Place: 0
[583.368s][info][gc,reloc    ] GC(312) Forwarding Usage: 0M
[583.368s][info][gc,heap     ] GC(312) Min Capacity: 8192M(100%)
[583.368s][info][gc,heap     ] GC(312) Max Capacity: 8192M(100%)
[583.368s][info][gc,heap     ] GC(312) Soft Max Capacity: 8192M(100%)
[583.368s][info][gc,heap     ] GC(312)                Mark Start          Mark End        Relocate Start      Relocate End           High               Low         
[583.368s][info][gc,heap     ] GC(312)  Capacity:     8192M (100%)       8192M (100%)       8192M (100%)       8192M (100%)       8192M (100%)       8192M (100%)   
[583.368s][info][gc,heap     ] GC(312)      Free:     6370M (78%)        6346M (77%)        8004M (98%)        8008M (98%)        8010M (98%)        6346M (77%)    
[583.368s][info][gc,heap     ] GC(312)      Used:     1822M (22%)        1846M (23%)         188M (2%)          184M (2%)         1846M (23%)         182M (2%)     
[583.369s][info][gc,heap     ] GC(312)      Live:         -               132M (2%)          132M (2%)          132M (2%)             -                  -          
[583.369s][info][gc,heap     ] GC(312) Allocated:         -                24M (0%)           32M (0%)           34M (0%)             -                  -          
[583.369s][info][gc,heap     ] GC(312)   Garbage:         -              1689M (21%)          23M (0%)           17M (0%)             -                  -          
[583.369s][info][gc,heap     ] GC(312) Reclaimed:         -                  -              1666M (20%)        1672M (20%)            -                  -          
[583.369s][info][gc          ] GC(312) Garbage Collection (Proactive) 1822M(22%)->184M(2%)
[585.040s][info][gc,start    ] GC(313) Garbage Collection (Proactive)
[585.040s][info][gc,phases   ] GC(313) Pause Mark Start 0.007ms
[585.065s][info][gc,phases   ] GC(313) Concurrent Mark 24.736ms
[585.065s][info][gc,phases   ] GC(313) Pause Mark End 0.009ms
[585.066s][info][gc,phases   ] GC(313) Concurrent Process Non-Strong References 0.618ms
[585.066s][info][gc,phases   ] GC(313) Concurrent Reset Relocation Set 0.003ms
[585.069s][info][gc,phases   ] GC(313) Concurrent Select Relocation Set 3.003ms
[585.069s][info][gc,phases   ] GC(313) Pause Relocate Start 0.006ms
[585.070s][info][gc,phases   ] GC(313) Concurrent Relocate 0.952ms
[585.070s][info][gc,load     ] GC(313) Load: 4.45/3.85/3.69
[585.070s][info][gc,mmu      ] GC(313) MMU: 2ms/98.1%, 5ms/99.2%, 10ms/99.6%, 20ms/99.8%, 50ms/99.9%, 100ms/99.9%
[585.070s][info][gc,marking  ] GC(313) Mark: 2 stripe(s), 2 proactive flush(es), 1 terminate flush(es), 0 completion(s), 0 continuation(s) 
[585.070s][info][gc,nmethod  ] GC(313) NMethods: 484 registered, 0 unregistered
[585.070s][info][gc,metaspace] GC(313) Metaspace: 0M used, 0M committed, 1032M reserved
[585.071s][info][gc,ref      ] GC(313) Soft: 82 encountered, 0 discovered, 0 enqueued
[585.071s][info][gc,ref      ] GC(313) Weak: 200 encountered, 47 discovered, 0 enqueued
[585.071s][info][gc,ref      ] GC(313) Final: 0 encountered, 0 discovered, 0 enqueued
[585.071s][info][gc,ref      ] GC(313) Phantom: 5 encountered, 3 discovered, 0 enqueued
[585.071s][info][gc,reloc    ] GC(313) Small Pages: 963 / 1926M, Empty: 1762M, Relocated: 6M, In-Place: 0
[585.071s][info][gc,reloc    ] GC(313) Medium Pages: 0 / 0M, Empty: 0M, Relocated: 0M, In-Place: 0
[585.071s][info][gc,reloc    ] GC(313) Large Pages: 0 / 0M, Empty: 0M, Relocated: 0M, In-Place: 0
[585.071s][info][gc,reloc    ] GC(313) Forwarding Usage: 0M
[585.071s][info][gc,heap     ] GC(313) Min Capacity: 8192M(100%)
[585.071s][info][gc,heap     ] GC(313) Max Capacity: 8192M(100%)
[585.071s][info][gc,heap     ] GC(313) Soft Max Capacity: 8192M(100%)
[585.071s][info][gc,heap     ] GC(313)                Mark Start          Mark End        Relocate Start      Relocate End           High               Low         
[585.071s][info][gc,heap     ] GC(313)  Capacity:     8192M (100%)       8192M (100%)       8192M (100%)       8192M (100%)       8192M (100%)       8192M (100%)   
[585.071s][info][gc,heap     ] GC(313)      Free:     6266M (76%)        6242M (76%)        7994M (98%)        8010M (98%)        8010M (98%)        6234M (76%)    
[585.071s][info][gc,heap     ] GC(313)      Used:     1926M (24%)        1950M (24%)         198M (2%)          182M (2%)         1958M (24%)         182M (2%)     
[585.071s][info][gc,heap     ] GC(313)      Live:         -               132M (2%)          132M (2%)          132M (2%)             -                  -          
[585.071s][info][gc,heap     ] GC(313) Allocated:         -                24M (0%)           34M (0%)           34M (0%)             -                  -          
[585.071s][info][gc,heap     ] GC(313)   Garbage:         -              1793M (22%)          31M (0%)           15M (0%)             -                  -          
[585.071s][info][gc,heap     ] GC(313) Reclaimed:         -                  -              1762M (22%)        1778M (22%)            -                  -          
[585.071s][info][gc          ] GC(313) Garbage Collection (Proactive) 1926M(24%)->182M(2%)
[586.740s][info][gc,start    ] GC(314) Garbage Collection (Proactive)
[586.740s][info][gc,phases   ] GC(314) Pause Mark Start 0.005ms
[586.764s][info][gc,phases   ] GC(314) Concurrent Mark 23.460ms
[586.764s][info][gc,phases   ] GC(314) Pause Mark End 0.008ms
[586.764s][info][gc,phases   ] GC(314) Concurrent Process Non-Strong References 0.414ms
[586.764s][info][gc,phases   ] GC(314) Concurrent Reset Relocation Set 0.002ms
[586.767s][info][gc,phases   ] GC(314) Concurrent Select Relocation Set 2.736ms
[586.767s][info][gc,phases   ] GC(314) Pause Relocate Start 0.003ms
[586.768s][info][gc,phases   ] GC(314) Concurrent Relocate 1.119ms
[586.768s][info][gc,load     ] GC(314) Load: 4.34/3.84/3.69
[586.768s][info][gc,mmu      ] GC(314) MMU: 2ms/98.1%, 5ms/99.2%, 10ms/99.6%, 20ms/99.8%, 50ms/99.9%, 100ms/99.9%
[586.768s][info][gc,marking  ] GC(314) Mark: 2 stripe(s), 2 proactive flush(es), 1 terminate flush(es), 0 completion(s), 0 continuation(s) 
[586.768s][info][gc,nmethod  ] GC(314) NMethods: 484 registered, 0 unregistered
[586.768s][info][gc,metaspace] GC(314) Metaspace: 0M used, 0M committed, 1032M reserved
[586.768s][info][gc,ref      ] GC(314) Soft: 82 encountered, 0 discovered, 0 enqueued
[586.768s][info][gc,ref      ] GC(314) Weak: 200 encountered, 62 discovered, 0 enqueued
[586.768s][info][gc,ref      ] GC(314) Final: 0 encountered, 0 discovered, 0 enqueued
[586.768s][info][gc,ref      ] GC(314) Phantom: 5 encountered, 3 discovered, 0 enqueued
[586.768s][info][gc,reloc    ] GC(314) Small Pages: 962 / 1924M, Empty: 1770M, Relocated: 6M, In-Place: 0
[586.768s][info][gc,reloc    ] GC(314) Medium Pages: 0 / 0M, Empty: 0M, Relocated: 0M, In-Place: 0
[586.768s][info][gc,reloc    ] GC(314) Large Pages: 0 / 0M, Empty: 0M, Relocated: 0M, In-Place: 0
[586.768s][info][gc,reloc    ] GC(314) Forwarding Usage: 0M
[586.768s][info][gc,heap     ] GC(314) Min Capacity: 8192M(100%)
[586.769s][info][gc,heap     ] GC(314) Max Capacity: 8192M(100%)
[586.769s][info][gc,heap     ] GC(314) Soft Max Capacity: 8192M(100%)
[586.769s][info][gc,heap     ] GC(314)                Mark Start          Mark End        Relocate Start      Relocate End           High               Low         
[586.769s][info][gc,heap     ] GC(314)  Capacity:     8192M (100%)       8192M (100%)       8192M (100%)       8192M (100%)       8192M (100%)       8192M (100%)   
[586.769s][info][gc,heap     ] GC(314)      Free:     6268M (77%)        6244M (76%)        8006M (98%)        8010M (98%)        8010M (98%)        6244M (76%)    
[586.769s][info][gc,heap     ] GC(314)      Used:     1924M (23%)        1948M (24%)         186M (2%)          182M (2%)         1948M (24%)         182M (2%)     
[586.769s][info][gc,heap     ] GC(314)      Live:         -               132M (2%)          132M (2%)          132M (2%)             -                  -          
[586.769s][info][gc,heap     ] GC(314) Allocated:         -                24M (0%)           32M (0%)           34M (0%)             -                  -          
[586.769s][info][gc,heap     ] GC(314)   Garbage:         -              1791M (22%)          21M (0%)           15M (0%)             -                  -          
[586.769s][info][gc,heap     ] GC(314) Reclaimed:         -                  -              1770M (22%)        1776M (22%)            -                  -          
[586.769s][info][gc          ] GC(314) Garbage Collection (Proactive) 1924M(23%)->182M(2%)
[588.340s][info][gc,start    ] GC(315) Garbage Collection (Proactive)
[588.340s][info][gc,phases   ] GC(315) Pause Mark Start 0.006ms
[588.365s][info][gc,phases   ] GC(315) Concurrent Mark 24.695ms
[588.365s][info][gc,phases   ] GC(315) Pause Mark End 0.009ms
[588.366s][info][gc,phases   ] GC(315) Concurrent Process Non-Strong References 0.454ms
[588.366s][info][gc,phases   ] GC(315) Concurrent Reset Relocation Set 0.002ms
[588.369s][info][gc,phases   ] GC(315) Concurrent Select Relocation Set 2.918ms
[588.369s][info][gc,phases   ] GC(315) Pause Relocate Start 0.004ms
[588.370s][info][gc,phases   ] GC(315) Concurrent Relocate 0.798ms
[588.370s][info][gc,load     ] GC(315) Load: 4.34/3.84/3.69
[588.370s][info][gc,mmu      ] GC(315) MMU: 2ms/98.1%, 5ms/99.2%, 10ms/99.6%, 20ms/99.8%, 50ms/99.9%, 100ms/99.9%
[588.370s][info][gc,marking  ] GC(315) Mark: 2 stripe(s), 2 proactive flush(es), 1 terminate flush(es), 0 completion(s), 0 continuation(s) 
[588.370s][info][gc,nmethod  ] GC(315) NMethods: 484 registered, 0 unregistered
[588.370s][info][gc,metaspace] GC(315) Metaspace: 0M used, 0M committed, 1032M reserved
[588.370s][info][gc,ref      ] GC(315) Soft: 82 encountered, 0 discovered, 0 enqueued
[588.370s][info][gc,ref      ] GC(315) Weak: 200 encountered, 51 discovered, 0 enqueued
[588.370s][info][gc,ref      ] GC(315) Final: 0 encountered, 0 discovered, 0 enqueued
[588.370s][info][gc,ref      ] GC(315) Phantom: 5 encountered, 3 discovered, 0 enqueued
[588.370s][info][gc,reloc    ] GC(315) Small Pages: 910 / 1820M, Empty: 1660M, Relocated: 4M, In-Place: 0
[588.370s][info][gc,reloc    ] GC(315) Medium Pages: 0 / 0M, Empty: 0M, Relocated: 0M, In-Place: 0
[588.370s][info][gc,reloc    ] GC(315) Large Pages: 0 / 0M, Empty: 0M, Relocated: 0M, In-Place: 0
[588.370s][info][gc,reloc    ] GC(315) Forwarding Usage: 0M
[588.370s][info][gc,heap     ] GC(315) Min Capacity: 8192M(100%)
[588.370s][info][gc,heap     ] GC(315) Max Capacity: 8192M(100%)
[588.370s][info][gc,heap     ] GC(315) Soft Max Capacity: 8192M(100%)
[588.370s][info][gc,heap     ] GC(315)                Mark Start          Mark End        Relocate Start      Relocate End           High               Low         
[588.370s][info][gc,heap     ] GC(315)  Capacity:     8192M (100%)       8192M (100%)       8192M (100%)       8192M (100%)       8192M (100%)       8192M (100%)   
[588.370s][info][gc,heap     ] GC(315)      Free:     6372M (78%)        6348M (77%)        8000M (98%)        8008M (98%)        8008M (98%)        6346M (77%)    
[588.370s][info][gc,heap     ] GC(315)      Used:     1820M (22%)        1844M (23%)         192M (2%)          184M (2%)         1846M (23%)         184M (2%)     
[588.370s][info][gc,heap     ] GC(315)      Live:         -               132M (2%)          132M (2%)          132M (2%)             -                  -          
[588.370s][info][gc,heap     ] GC(315) Allocated:         -                24M (0%)           32M (0%)           34M (0%)             -                  -          
[588.370s][info][gc,heap     ] GC(315)   Garbage:         -              1687M (21%)          27M (0%)           17M (0%)             -                  -          
[588.370s][info][gc,heap     ] GC(315) Reclaimed:         -                  -              1660M (20%)        1670M (20%)            -                  -          
[588.370s][info][gc          ] GC(315) Garbage Collection (Proactive) 1820M(22%)->184M(2%)
[589.941s][info][gc,start    ] GC(316) Garbage Collection (Proactive)
[589.941s][info][gc,phases   ] GC(316) Pause Mark Start 0.005ms
[589.965s][info][gc,phases   ] GC(316) Concurrent Mark 23.880ms
[589.965s][info][gc,phases   ] GC(316) Pause Mark End 0.009ms
[589.966s][info][gc,phases   ] GC(316) Concurrent Process Non-Strong References 0.522ms
[589.966s][info][gc,phases   ] GC(316) Concurrent Reset Relocation Set 0.002ms
[589.968s][info][gc,phases   ] GC(316) Concurrent Select Relocation Set 2.858ms
[589.969s][info][gc,phases   ] GC(316) Pause Relocate Start 0.004ms
[589.969s][info][gc,phases   ] GC(316) Concurrent Relocate 0.754ms
[589.969s][info][gc,load     ] GC(316) Load: 4.34/3.84/3.69
[589.969s][info][gc,mmu      ] GC(316) MMU: 2ms/98.1%, 5ms/99.2%, 10ms/99.6%, 20ms/99.8%, 50ms/99.9%, 100ms/99.9%
[589.969s][info][gc,marking  ] GC(316) Mark: 2 stripe(s), 2 proactive flush(es), 1 terminate flush(es), 0 completion(s), 0 continuation(s) 
[589.969s][info][gc,nmethod  ] GC(316) NMethods: 484 registered, 0 unregistered
[589.969s][info][gc,metaspace] GC(316) Metaspace: 0M used, 0M committed, 1032M reserved
[589.969s][info][gc,ref      ] GC(316) Soft: 82 encountered, 0 discovered, 0 enqueued
[589.969s][info][gc,ref      ] GC(316) Weak: 200 encountered, 53 discovered, 0 enqueued
[589.969s][info][gc,ref      ] GC(316) Final: 0 encountered, 0 discovered, 0 enqueued
[589.969s][info][gc,ref      ] GC(316) Phantom: 5 encountered, 5 discovered, 0 enqueued
[589.969s][info][gc,reloc    ] GC(316) Small Pages: 911 / 1822M, Empty: 1664M, Relocated: 5M, In-Place: 0
[589.969s][info][gc,reloc    ] GC(316) Medium Pages: 0 / 0M, Empty: 0M, Relocated: 0M, In-Place: 0
[589.969s][info][gc,reloc    ] GC(316) Large Pages: 0 / 0M, Empty: 0M, Relocated: 0M, In-Place: 0
[589.969s][info][gc,reloc    ] GC(316) Forwarding Usage: 0M
[589.969s][info][gc,heap     ] GC(316) Min Capacity: 8192M(100%)
[589.970s][info][gc,heap     ] GC(316) Max Capacity: 8192M(100%)
[589.970s][info][gc,heap     ] GC(316) Soft Max Capacity: 8192M(100%)
[589.970s][info][gc,heap     ] GC(316)                Mark Start          Mark End        Relocate Start      Relocate End           High               Low         
[589.970s][info][gc,heap     ] GC(316)  Capacity:     8192M (100%)       8192M (100%)       8192M (100%)       8192M (100%)       8192M (100%)       8192M (100%)   
[589.970s][info][gc,heap     ] GC(316)      Free:     6370M (78%)        6346M (77%)        8002M (98%)        8010M (98%)        8010M (98%)        6346M (77%)    
[589.970s][info][gc,heap     ] GC(316)      Used:     1822M (22%)        1846M (23%)         190M (2%)          182M (2%)         1846M (23%)         182M (2%)     
[589.970s][info][gc,heap     ] GC(316)      Live:         -               132M (2%)          132M (2%)          132M (2%)             -                  -          
[589.970s][info][gc,heap     ] GC(316) Allocated:         -                24M (0%)           32M (0%)           32M (0%)             -                  -          
[589.970s][info][gc,heap     ] GC(316)   Garbage:         -              1689M (21%)          25M (0%)           17M (0%)             -                  -          
[589.970s][info][gc,heap     ] GC(316) Reclaimed:         -                  -              1664M (20%)        1672M (20%)            -                  -          
[589.970s][info][gc          ] GC(316) Garbage Collection (Proactive) 1822M(22%)->182M(2%)
[590.039s][info][gc,stats    ] === Garbage Collection Statistics =======================================================================================================================
[590.039s][info][gc,stats    ]                                                              Last 10s              Last 10m              Last 10h                Total
[590.039s][info][gc,stats    ]                                                              Avg / Max             Avg / Max             Avg / Max             Avg / Max
[590.039s][info][gc,stats    ]   Collector: Garbage Collection Cycle                     28.348 / 30.167       30.262 / 95.920       30.262 / 95.920       30.262 / 95.920      ms
[590.039s][info][gc,stats    ]  Contention: Mark Segment Reset Contention                     0 / 0                 0 / 4                 0 / 4                 0 / 4           ops/s
[590.039s][info][gc,stats    ]  Contention: Mark SeqNum Reset Contention                      0 / 0                 0 / 1                 0 / 1                 0 / 1           ops/s
[590.039s][info][gc,stats    ]    Critical: Allocation Stall                                  0 / 0                 0 / 0                 0 / 0                 0 / 0           ops/s
[590.039s][info][gc,stats    ]    Critical: Allocation Stall                              0.000 / 0.000         0.000 / 0.000         0.000 / 0.000         0.000 / 0.000       ms
[590.039s][info][gc,stats    ]    Critical: GC Locker Stall                                   0 / 0                 0 / 0                 0 / 0                 0 / 0           ops/s
[590.039s][info][gc,stats    ]    Critical: GC Locker Stall                               0.000 / 0.000         0.000 / 0.000         0.000 / 0.000         0.000 / 0.000       ms
[590.039s][info][gc,stats    ]    Critical: Relocation Stall                                  0 / 0                 0 / 0                 0 / 0                 0 / 0           ops/s
[590.040s][info][gc,stats    ]    Critical: Relocation Stall                              0.000 / 0.000         0.000 / 0.000         0.000 / 0.000         0.000 / 0.000       ms
[590.040s][info][gc,stats    ]      Memory: Allocation Rate                                1045 / 1048           1058 / 9212           1058 / 9212           1058 / 9212        MB/s
[590.040s][info][gc,stats    ]      Memory: Out Of Memory                                     0 / 0                 0 / 0                 0 / 0                 0 / 0           ops/s
[590.040s][info][gc,stats    ]      Memory: Page Cache Flush                                  0 / 0                 0 / 0                 0 / 0                 0 / 0           MB/s
[590.040s][info][gc,stats    ]      Memory: Page Cache Hit L1                               525 / 528             521 / 533             521 / 533             521 / 533         ops/s
[590.040s][info][gc,stats    ]      Memory: Page Cache Hit L2                                 0 / 0                 0 / 0                 0 / 0                 0 / 0           ops/s
[590.040s][info][gc,stats    ]      Memory: Page Cache Hit L3                                 0 / 0                 3 / 486               3 / 486               3 / 486         ops/s
[590.040s][info][gc,stats    ]      Memory: Page Cache Miss                                   0 / 0                 0 / 1                 0 / 1                 0 / 1           ops/s
[590.040s][info][gc,stats    ]      Memory: Uncommit                                          0 / 0                 0 / 0                 0 / 0                 0 / 0           MB/s
[590.040s][info][gc,stats    ]      Memory: Undo Object Allocation Failed                     0 / 0                 0 / 0                 0 / 0                 0 / 0           ops/s
[590.040s][info][gc,stats    ]      Memory: Undo Object Allocation Succeeded                  0 / 1                 0 / 6                 0 / 6                 0 / 6           ops/s
[590.040s][info][gc,stats    ]      Memory: Undo Page Allocation                              0 / 0                 0 / 1                 0 / 1                 0 / 1           ops/s
[590.040s][info][gc,stats    ]       Phase: Concurrent Mark                              23.550 / 24.736       25.425 / 65.214       25.425 / 65.214       25.425 / 65.214      ms
[590.040s][info][gc,stats    ]       Phase: Concurrent Mark Continue                      0.000 / 0.000         0.000 / 0.000         0.000 / 0.000         0.000 / 0.000       ms
[590.040s][info][gc,stats    ]       Phase: Concurrent Process Non-Strong References      0.450 / 0.618         0.449 / 0.911         0.449 / 0.911         0.449 / 0.911       ms
[590.040s][info][gc,stats    ]       Phase: Concurrent Relocate                           0.855 / 1.119         0.884 / 16.651        0.884 / 16.651        0.884 / 16.651      ms
[590.040s][info][gc,stats    ]       Phase: Concurrent Reset Relocation Set               0.002 / 0.003         0.002 / 0.098         0.002 / 0.098         0.002 / 0.098       ms
[590.040s][info][gc,stats    ]       Phase: Concurrent Select Relocation Set              2.844 / 3.080         2.863 / 12.567        2.863 / 12.567        2.863 / 12.567      ms
[590.040s][info][gc,stats    ]       Phase: Pause Mark End                                0.009 / 0.009         0.009 / 0.025         0.009 / 0.025         0.009 / 0.025       ms
[590.040s][info][gc,stats    ]       Phase: Pause Mark Start                              0.006 / 0.007         0.006 / 0.039         0.006 / 0.039         0.006 / 0.039       ms
[590.040s][info][gc,stats    ]       Phase: Pause Relocate Start                          0.006 / 0.015         0.004 / 0.026         0.004 / 0.026         0.004 / 0.026       ms
[590.040s][info][gc,stats    ]    Subphase: Concurrent Classes Purge                      0.030 / 0.056         0.029 / 0.102         0.029 / 0.102         0.029 / 0.102       ms
[590.040s][info][gc,stats    ]    Subphase: Concurrent Classes Unlink                     0.294 / 0.358         0.292 / 0.571         0.292 / 0.571         0.292 / 0.571       ms
[590.040s][info][gc,stats    ]    Subphase: Concurrent Mark                              22.708 / 24.347       24.627 / 64.907       24.627 / 64.907       24.627 / 64.907      ms
[590.040s][info][gc,stats    ]    Subphase: Concurrent Mark Idle                          1.179 / 1.279         1.190 / 1.347         1.190 / 1.347         1.190 / 1.347       ms
[590.040s][info][gc,stats    ]    Subphase: Concurrent Mark Try Flush                     0.027 / 0.048         0.034 / 0.135         0.034 / 0.135         0.034 / 0.135       ms
[590.040s][info][gc,stats    ]    Subphase: Concurrent Mark Try Terminate                 0.399 / 1.281         0.436 / 1.361         0.436 / 1.361         0.436 / 1.361       ms
[590.040s][info][gc,stats    ]    Subphase: Concurrent References Enqueue                 0.000 / 0.001         0.000 / 0.008         0.000 / 0.008         0.000 / 0.008       ms
[590.040s][info][gc,stats    ]    Subphase: Concurrent References Process                 0.023 / 0.044         0.025 / 0.095         0.025 / 0.095         0.025 / 0.095       ms
[590.040s][info][gc,stats    ]    Subphase: Concurrent Roots ClassLoaderDataGraph         0.016 / 0.040         0.017 / 0.132         0.017 / 0.132         0.017 / 0.132       ms
[590.040s][info][gc,stats    ]    Subphase: Concurrent Roots CodeCache                    0.000 / 0.000         0.000 / 0.000         0.000 / 0.000         0.000 / 0.000       ms
[590.040s][info][gc,stats    ]    Subphase: Concurrent Roots JavaThreads                  0.225 / 0.358         0.210 / 0.485         0.210 / 0.485         0.210 / 0.485       ms
[590.040s][info][gc,stats    ]    Subphase: Concurrent Roots OopStorageSet                0.004 / 0.006         0.004 / 0.041         0.004 / 0.041         0.004 / 0.041       ms
[590.040s][info][gc,stats    ]    Subphase: Concurrent Weak Roots OopStorageSet           0.037 / 0.049         0.037 / 0.120         0.037 / 0.120         0.037 / 0.120       ms
[590.040s][info][gc,stats    ]    Subphase: Pause Mark Try Complete                       0.000 / 0.000         0.000 / 0.000         0.000 / 0.000         0.000 / 0.000       ms
[590.040s][info][gc,stats    ]      System: Java Threads                                     16 / 16               16 / 20               16 / 20               16 / 20          threads
[590.040s][info][gc,stats    ] =========================================================================================================================================================
[591.541s][info][gc,start    ] GC(317) Garbage Collection (Proactive)
[591.541s][info][gc,phases   ] GC(317) Pause Mark Start 0.005ms
[591.562s][info][gc,phases   ] GC(317) Concurrent Mark 20.735ms
[591.562s][info][gc,phases   ] GC(317) Pause Mark End 0.008ms
[591.562s][info][gc,phases   ] GC(317) Concurrent Process Non-Strong References 0.346ms
[591.562s][info][gc,phases   ] GC(317) Concurrent Reset Relocation Set 0.001ms
[591.564s][info][gc,phases   ] GC(317) Concurrent Select Relocation Set 2.230ms
[591.564s][info][gc,phases   ] GC(317) Pause Relocate Start 0.003ms
[591.565s][info][gc,phases   ] GC(317) Concurrent Relocate 0.628ms
[591.565s][info][gc,load     ] GC(317) Load: 4.07/3.79/3.67
[591.565s][info][gc,mmu      ] GC(317) MMU: 2ms/98.1%, 5ms/99.2%, 10ms/99.6%, 20ms/99.8%, 50ms/99.9%, 100ms/99.9%
[591.565s][info][gc,marking  ] GC(317) Mark: 2 stripe(s), 2 proactive flush(es), 1 terminate flush(es), 0 completion(s), 0 continuation(s) 
[591.565s][info][gc,nmethod  ] GC(317) NMethods: 484 registered, 0 unregistered
[591.565s][info][gc,metaspace] GC(317) Metaspace: 0M used, 0M committed, 1032M reserved
[591.565s][info][gc,ref      ] GC(317) Soft: 82 encountered, 0 discovered, 0 enqueued
[591.565s][info][gc,ref      ] GC(317) Weak: 200 encountered, 51 discovered, 0 enqueued
[591.565s][info][gc,ref      ] GC(317) Final: 0 encountered, 0 discovered, 0 enqueued
[591.565s][info][gc,ref      ] GC(317) Phantom: 5 encountered, 3 discovered, 0 enqueued
[591.565s][info][gc,reloc    ] GC(317) Small Pages: 911 / 1822M, Empty: 1666M, Relocated: 4M, In-Place: 0
[591.565s][info][gc,reloc    ] GC(317) Medium Pages: 0 / 0M, Empty: 0M, Relocated: 0M, In-Place: 0
[591.565s][info][gc,reloc    ] GC(317) Large Pages: 0 / 0M, Empty: 0M, Relocated: 0M, In-Place: 0
[591.565s][info][gc,reloc    ] GC(317) Forwarding Usage: 0M
[591.565s][info][gc,heap     ] GC(317) Min Capacity: 8192M(100%)
[591.565s][info][gc,heap     ] GC(317) Max Capacity: 8192M(100%)
[591.565s][info][gc,heap     ] GC(317) Soft Max Capacity: 8192M(100%)
[591.565s][info][gc,heap     ] GC(317)                Mark Start          Mark End        Relocate Start      Relocate End           High               Low         
[591.565s][info][gc,heap     ] GC(317)  Capacity:     8192M (100%)       8192M (100%)       8192M (100%)       8192M (100%)       8192M (100%)       8192M (100%)   
[591.565s][info][gc,heap     ] GC(317)      Free:     6370M (78%)        6346M (77%)        8012M (98%)        8018M (98%)        8018M (98%)        6346M (77%)    
[591.565s][info][gc,heap     ] GC(317)      Used:     1822M (22%)        1846M (23%)         180M (2%)          174M (2%)         1846M (23%)         174M (2%)     
[591.565s][info][gc,heap     ] GC(317)      Live:         -               132M (2%)          132M (2%)          132M (2%)             -                  -          
[591.565s][info][gc,heap     ] GC(317) Allocated:         -                24M (0%)           24M (0%)           24M (0%)             -                  -          
[591.565s][info][gc,heap     ] GC(317)   Garbage:         -              1689M (21%)          23M (0%)           17M (0%)             -                  -          
[591.565s][info][gc,heap     ] GC(317) Reclaimed:         -                  -              1666M (20%)        1672M (20%)            -                  -          
[591.565s][info][gc          ] GC(317) Garbage Collection (Proactive) 1822M(22%)->174M(2%)
[593.240s][info][gc,start    ] GC(318) Garbage Collection (Proactive)
[593.240s][info][gc,phases   ] GC(318) Pause Mark Start 0.006ms
[593.264s][info][gc,phases   ] GC(318) Concurrent Mark 24.119ms
[593.264s][info][gc,phases   ] GC(318) Pause Mark End 0.009ms
[593.265s][info][gc,phases   ] GC(318) Concurrent Process Non-Strong References 0.399ms
[593.265s][info][gc,phases   ] GC(318) Concurrent Reset Relocation Set 0.001ms
[593.267s][info][gc,phases   ] GC(318) Concurrent Select Relocation Set 2.817ms
[593.268s][info][gc,phases   ] GC(318) Pause Relocate Start 0.004ms
[593.268s][info][gc,phases   ] GC(318) Concurrent Relocate 0.746ms
[593.268s][info][gc,load     ] GC(318) Load: 4.07/3.79/3.67
[593.268s][info][gc,mmu      ] GC(318) MMU: 2ms/98.1%, 5ms/99.2%, 10ms/99.6%, 20ms/99.8%, 50ms/99.9%, 100ms/99.9%
[593.268s][info][gc,marking  ] GC(318) Mark: 2 stripe(s), 2 proactive flush(es), 1 terminate flush(es), 0 completion(s), 0 continuation(s) 
[593.268s][info][gc,nmethod  ] GC(318) NMethods: 484 registered, 0 unregistered
[593.268s][info][gc,metaspace] GC(318) Metaspace: 0M used, 0M committed, 1032M reserved
[593.268s][info][gc,ref      ] GC(318) Soft: 82 encountered, 0 discovered, 0 enqueued
[593.268s][info][gc,ref      ] GC(318) Weak: 200 encountered, 54 discovered, 0 enqueued
[593.268s][info][gc,ref      ] GC(318) Final: 0 encountered, 0 discovered, 0 enqueued
[593.268s][info][gc,ref      ] GC(318) Phantom: 5 encountered, 3 discovered, 0 enqueued
[593.269s][info][gc,reloc    ] GC(318) Small Pages: 963 / 1926M, Empty: 1770M, Relocated: 5M, In-Place: 0
[593.269s][info][gc,reloc    ] GC(318) Medium Pages: 0 / 0M, Empty: 0M, Relocated: 0M, In-Place: 0
[593.269s][info][gc,reloc    ] GC(318) Large Pages: 0 / 0M, Empty: 0M, Relocated: 0M, In-Place: 0
[593.269s][info][gc,reloc    ] GC(318) Forwarding Usage: 0M
[593.269s][info][gc,heap     ] GC(318) Min Capacity: 8192M(100%)
[593.269s][info][gc,heap     ] GC(318) Max Capacity: 8192M(100%)
[593.269s][info][gc,heap     ] GC(318) Soft Max Capacity: 8192M(100%)
[593.269s][info][gc,heap     ] GC(318)                Mark Start          Mark End        Relocate Start      Relocate End           High               Low         
[593.269s][info][gc,heap     ] GC(318)  Capacity:     8192M (100%)       8192M (100%)       8192M (100%)       8192M (100%)       8192M (100%)       8192M (100%)   
[593.269s][info][gc,heap     ] GC(318)      Free:     6266M (76%)        6242M (76%)        8004M (98%)        8010M (98%)        8010M (98%)        6242M (76%)    
[593.269s][info][gc,heap     ] GC(318)      Used:     1926M (24%)        1950M (24%)         188M (2%)          182M (2%)         1950M (24%)         182M (2%)     
[593.269s][info][gc,heap     ] GC(318)      Live:         -               132M (2%)          132M (2%)          132M (2%)             -                  -          
[593.269s][info][gc,heap     ] GC(318) Allocated:         -                24M (0%)           32M (0%)           32M (0%)             -                  -          
[593.269s][info][gc,heap     ] GC(318)   Garbage:         -              1793M (22%)          23M (0%)           17M (0%)             -                  -          
[593.269s][info][gc,heap     ] GC(318) Reclaimed:         -                  -              1770M (22%)        1776M (22%)            -                  -          
[593.269s][info][gc          ] GC(318) Garbage Collection (Proactive) 1926M(24%)->182M(2%)
[594.939s][info][gc,start    ] GC(319) Garbage Collection (Proactive)
[594.940s][info][gc,phases   ] GC(319) Pause Mark Start 0.005ms
[594.964s][info][gc,phases   ] GC(319) Concurrent Mark 24.370ms
[594.964s][info][gc,phases   ] GC(319) Pause Mark End 0.008ms
[594.965s][info][gc,phases   ] GC(319) Concurrent Process Non-Strong References 0.436ms
[594.965s][info][gc,phases   ] GC(319) Concurrent Reset Relocation Set 0.001ms
[594.968s][info][gc,phases   ] GC(319) Concurrent Select Relocation Set 2.952ms
[594.968s][info][gc,phases   ] GC(319) Pause Relocate Start 0.003ms
[594.968s][info][gc,phases   ] GC(319) Concurrent Relocate 0.744ms
[594.968s][info][gc,load     ] GC(319) Load: 4.07/3.79/3.67
[594.968s][info][gc,mmu      ] GC(319) MMU: 2ms/98.1%, 5ms/99.2%, 10ms/99.6%, 20ms/99.8%, 50ms/99.9%, 100ms/99.9%
[594.968s][info][gc,marking  ] GC(319) Mark: 2 stripe(s), 2 proactive flush(es), 1 terminate flush(es), 0 completion(s), 0 continuation(s) 
[594.968s][info][gc,nmethod  ] GC(319) NMethods: 484 registered, 0 unregistered
[594.968s][info][gc,metaspace] GC(319) Metaspace: 0M used, 0M committed, 1032M reserved
[594.968s][info][gc,ref      ] GC(319) Soft: 82 encountered, 0 discovered, 0 enqueued
[594.968s][info][gc,ref      ] GC(319) Weak: 200 encountered, 20 discovered, 0 enqueued
[594.969s][info][gc,ref      ] GC(319) Final: 0 encountered, 0 discovered, 0 enqueued
[594.969s][info][gc,ref      ] GC(319) Phantom: 5 encountered, 3 discovered, 0 enqueued
[594.969s][info][gc,reloc    ] GC(319) Small Pages: 963 / 1926M, Empty: 1770M, Relocated: 5M, In-Place: 0
[594.969s][info][gc,reloc    ] GC(319) Medium Pages: 0 / 0M, Empty: 0M, Relocated: 0M, In-Place: 0
[594.969s][info][gc,reloc    ] GC(319) Large Pages: 0 / 0M, Empty: 0M, Relocated: 0M, In-Place: 0
[594.969s][info][gc,reloc    ] GC(319) Forwarding Usage: 0M
[594.969s][info][gc,heap     ] GC(319) Min Capacity: 8192M(100%)
[594.969s][info][gc,heap     ] GC(319) Max Capacity: 8192M(100%)
[594.969s][info][gc,heap     ] GC(319) Soft Max Capacity: 8192M(100%)
[594.969s][info][gc,heap     ] GC(319)                Mark Start          Mark End        Relocate Start      Relocate End           High               Low         
[594.969s][info][gc,heap     ] GC(319)  Capacity:     8192M (100%)       8192M (100%)       8192M (100%)       8192M (100%)       8192M (100%)       8192M (100%)   
[594.969s][info][gc,heap     ] GC(319)      Free:     6266M (76%)        6242M (76%)        8004M (98%)        8010M (98%)        8010M (98%)        6242M (76%)    
[594.969s][info][gc,heap     ] GC(319)      Used:     1926M (24%)        1950M (24%)         188M (2%)          182M (2%)         1950M (24%)         182M (2%)     
[594.969s][info][gc,heap     ] GC(319)      Live:         -               132M (2%)          132M (2%)          132M (2%)             -                  -          
[594.969s][info][gc,heap     ] GC(319) Allocated:         -                24M (0%)           32M (0%)           32M (0%)             -                  -          
[594.969s][info][gc,heap     ] GC(319)   Garbage:         -              1793M (22%)          23M (0%)           17M (0%)             -                  -          
[594.969s][info][gc,heap     ] GC(319) Reclaimed:         -                  -              1770M (22%)        1776M (22%)            -                  -          
[594.969s][info][gc          ] GC(319) Garbage Collection (Proactive) 1926M(24%)->182M(2%)
[596.641s][info][gc,start    ] GC(320) Garbage Collection (Proactive)
[596.641s][info][gc,phases   ] GC(320) Pause Mark Start 0.008ms
[596.665s][info][gc,phases   ] GC(320) Concurrent Mark 23.922ms
[596.665s][info][gc,phases   ] GC(320) Pause Mark End 0.008ms
[596.665s][info][gc,phases   ] GC(320) Concurrent Process Non-Strong References 0.462ms
[596.665s][info][gc,phases   ] GC(320) Concurrent Reset Relocation Set 0.002ms
[596.668s][info][gc,phases   ] GC(320) Concurrent Select Relocation Set 2.884ms
[596.668s][info][gc,phases   ] GC(320) Pause Relocate Start 0.003ms
[596.669s][info][gc,phases   ] GC(320) Concurrent Relocate 0.744ms
[596.669s][info][gc,load     ] GC(320) Load: 4.38/3.86/3.70
[596.669s][info][gc,mmu      ] GC(320) MMU: 2ms/98.1%, 5ms/99.2%, 10ms/99.6%, 20ms/99.8%, 50ms/99.9%, 100ms/99.9%
[596.669s][info][gc,marking  ] GC(320) Mark: 2 stripe(s), 2 proactive flush(es), 1 terminate flush(es), 0 completion(s), 0 continuation(s) 
[596.669s][info][gc,nmethod  ] GC(320) NMethods: 484 registered, 0 unregistered
[596.669s][info][gc,metaspace] GC(320) Metaspace: 0M used, 0M committed, 1032M reserved
[596.669s][info][gc,ref      ] GC(320) Soft: 82 encountered, 0 discovered, 0 enqueued
[596.669s][info][gc,ref      ] GC(320) Weak: 200 encountered, 176 discovered, 0 enqueued
[596.669s][info][gc,ref      ] GC(320) Final: 0 encountered, 0 discovered, 0 enqueued
[596.669s][info][gc,ref      ] GC(320) Phantom: 5 encountered, 4 discovered, 0 enqueued
[596.669s][info][gc,reloc    ] GC(320) Small Pages: 963 / 1926M, Empty: 1770M, Relocated: 5M, In-Place: 0
[596.669s][info][gc,reloc    ] GC(320) Medium Pages: 0 / 0M, Empty: 0M, Relocated: 0M, In-Place: 0
[596.669s][info][gc,reloc    ] GC(320) Large Pages: 0 / 0M, Empty: 0M, Relocated: 0M, In-Place: 0
[596.669s][info][gc,reloc    ] GC(320) Forwarding Usage: 0M
[596.669s][info][gc,heap     ] GC(320) Min Capacity: 8192M(100%)
[596.669s][info][gc,heap     ] GC(320) Max Capacity: 8192M(100%)
[596.669s][info][gc,heap     ] GC(320) Soft Max Capacity: 8192M(100%)
[596.669s][info][gc,heap     ] GC(320)                Mark Start          Mark End        Relocate Start      Relocate End           High               Low         
[596.669s][info][gc,heap     ] GC(320)  Capacity:     8192M (100%)       8192M (100%)       8192M (100%)       8192M (100%)       8192M (100%)       8192M (100%)   
[596.669s][info][gc,heap     ] GC(320)      Free:     6266M (76%)        6242M (76%)        8002M (98%)        8008M (98%)        8008M (98%)        6240M (76%)    
[596.669s][info][gc,heap     ] GC(320)      Used:     1926M (24%)        1950M (24%)         190M (2%)          184M (2%)         1952M (24%)         184M (2%)     
[596.669s][info][gc,heap     ] GC(320)      Live:         -               132M (2%)          132M (2%)          132M (2%)             -                  -          
[596.670s][info][gc,heap     ] GC(320) Allocated:         -                24M (0%)           34M (0%)           34M (0%)             -                  -          
[596.670s][info][gc,heap     ] GC(320)   Garbage:         -              1793M (22%)          23M (0%)           17M (0%)             -                  -          
[596.670s][info][gc,heap     ] GC(320) Reclaimed:         -                  -              1770M (22%)        1776M (22%)            -                  -          
[596.670s][info][gc          ] GC(320) Garbage Collection (Proactive) 1926M(24%)->184M(2%)
[598.240s][info][gc,start    ] GC(321) Garbage Collection (Proactive)
[598.240s][info][gc,phases   ] GC(321) Pause Mark Start 0.005ms
[598.264s][info][gc,phases   ] GC(321) Concurrent Mark 24.217ms
[598.264s][info][gc,phases   ] GC(321) Pause Mark End 0.010ms
[598.265s][info][gc,phases   ] GC(321) Concurrent Process Non-Strong References 0.437ms
[598.265s][info][gc,phases   ] GC(321) Concurrent Reset Relocation Set 0.002ms
[598.268s][info][gc,phases   ] GC(321) Concurrent Select Relocation Set 2.889ms
[598.268s][info][gc,phases   ] GC(321) Pause Relocate Start 0.005ms
[598.269s][info][gc,phases   ] GC(321) Concurrent Relocate 0.801ms
[598.269s][info][gc,load     ] GC(321) Load: 4.38/3.86/3.70
[598.269s][info][gc,mmu      ] GC(321) MMU: 2ms/98.1%, 5ms/99.2%, 10ms/99.6%, 20ms/99.8%, 50ms/99.9%, 100ms/99.9%
[598.269s][info][gc,marking  ] GC(321) Mark: 2 stripe(s), 2 proactive flush(es), 1 terminate flush(es), 0 completion(s), 0 continuation(s) 
[598.269s][info][gc,nmethod  ] GC(321) NMethods: 484 registered, 0 unregistered
[598.269s][info][gc,metaspace] GC(321) Metaspace: 0M used, 0M committed, 1032M reserved
[598.269s][info][gc,ref      ] GC(321) Soft: 82 encountered, 0 discovered, 0 enqueued
[598.269s][info][gc,ref      ] GC(321) Weak: 200 encountered, 50 discovered, 0 enqueued
[598.269s][info][gc,ref      ] GC(321) Final: 0 encountered, 0 discovered, 0 enqueued
[598.269s][info][gc,ref      ] GC(321) Phantom: 5 encountered, 5 discovered, 0 enqueued
[598.269s][info][gc,reloc    ] GC(321) Small Pages: 911 / 1822M, Empty: 1666M, Relocated: 5M, In-Place: 0
[598.269s][info][gc,reloc    ] GC(321) Medium Pages: 0 / 0M, Empty: 0M, Relocated: 0M, In-Place: 0
[598.269s][info][gc,reloc    ] GC(321) Large Pages: 0 / 0M, Empty: 0M, Relocated: 0M, In-Place: 0
[598.269s][info][gc,reloc    ] GC(321) Forwarding Usage: 0M
[598.269s][info][gc,heap     ] GC(321) Min Capacity: 8192M(100%)
[598.269s][info][gc,heap     ] GC(321) Max Capacity: 8192M(100%)
[598.269s][info][gc,heap     ] GC(321) Soft Max Capacity: 8192M(100%)
[598.269s][info][gc,heap     ] GC(321)                Mark Start          Mark End        Relocate Start      Relocate End           High               Low         
[598.269s][info][gc,heap     ] GC(321)  Capacity:     8192M (100%)       8192M (100%)       8192M (100%)       8192M (100%)       8192M (100%)       8192M (100%)   
[598.269s][info][gc,heap     ] GC(321)      Free:     6370M (78%)        6346M (77%)        8004M (98%)        8008M (98%)        8010M (98%)        6346M (77%)    
[598.269s][info][gc,heap     ] GC(321)      Used:     1822M (22%)        1846M (23%)         188M (2%)          184M (2%)         1846M (23%)         182M (2%)     
[598.269s][info][gc,heap     ] GC(321)      Live:         -               132M (2%)          132M (2%)          132M (2%)             -                  -          
[598.269s][info][gc,heap     ] GC(321) Allocated:         -                24M (0%)           32M (0%)           34M (0%)             -                  -          
[598.269s][info][gc,heap     ] GC(321)   Garbage:         -              1689M (21%)          23M (0%)           17M (0%)             -                  -          
[598.269s][info][gc,heap     ] GC(321) Reclaimed:         -                  -              1666M (20%)        1672M (20%)            -                  -          
[598.269s][info][gc          ] GC(321) Garbage Collection (Proactive) 1822M(22%)->184M(2%)
[599.836s][info][gc,start    ] GC(322) Garbage Collection (Proactive)
[599.836s][info][gc,phases   ] GC(322) Pause Mark Start 0.008ms
[599.862s][info][gc,phases   ] GC(322) Concurrent Mark 25.697ms
[599.862s][info][gc,phases   ] GC(322) Pause Mark End 0.010ms
[599.862s][info][gc,phases   ] GC(322) Concurrent Process Non-Strong References 0.427ms
[599.862s][info][gc,phases   ] GC(322) Concurrent Reset Relocation Set 0.002ms
[599.865s][info][gc,phases   ] GC(322) Concurrent Select Relocation Set 2.898ms
[599.865s][info][gc,phases   ] GC(322) Pause Relocate Start 0.004ms
[599.866s][info][gc,phases   ] GC(322) Concurrent Relocate 1.101ms
[599.867s][info][gc,load     ] GC(322) Load: 4.38/3.86/3.70
[599.867s][info][gc,mmu      ] GC(322) MMU: 2ms/98.1%, 5ms/99.2%, 10ms/99.6%, 20ms/99.8%, 50ms/99.9%, 100ms/99.9%
[599.867s][info][gc,marking  ] GC(322) Mark: 2 stripe(s), 2 proactive flush(es), 1 terminate flush(es), 0 completion(s), 0 continuation(s) 
[599.867s][info][gc,nmethod  ] GC(322) NMethods: 484 registered, 0 unregistered
[599.867s][info][gc,metaspace] GC(322) Metaspace: 0M used, 0M committed, 1032M reserved
[599.867s][info][gc,ref      ] GC(322) Soft: 82 encountered, 0 discovered, 0 enqueued
[599.867s][info][gc,ref      ] GC(322) Weak: 200 encountered, 62 discovered, 0 enqueued
[599.867s][info][gc,ref      ] GC(322) Final: 0 encountered, 0 discovered, 0 enqueued
[599.867s][info][gc,ref      ] GC(322) Phantom: 5 encountered, 3 discovered, 0 enqueued
[599.867s][info][gc,reloc    ] GC(322) Small Pages: 907 / 1814M, Empty: 1652M, Relocated: 6M, In-Place: 0
[599.867s][info][gc,reloc    ] GC(322) Medium Pages: 0 / 0M, Empty: 0M, Relocated: 0M, In-Place: 0
[599.867s][info][gc,reloc    ] GC(322) Large Pages: 0 / 0M, Empty: 0M, Relocated: 0M, In-Place: 0
[599.867s][info][gc,reloc    ] GC(322) Forwarding Usage: 0M
[599.867s][info][gc,heap     ] GC(322) Min Capacity: 8192M(100%)
[599.867s][info][gc,heap     ] GC(322) Max Capacity: 8192M(100%)
[599.867s][info][gc,heap     ] GC(322) Soft Max Capacity: 8192M(100%)
[599.867s][info][gc,heap     ] GC(322)                Mark Start          Mark End        Relocate Start      Relocate End           High               Low         
[599.867s][info][gc,heap     ] GC(322)  Capacity:     8192M (100%)       8192M (100%)       8192M (100%)       8192M (100%)       8192M (100%)       8192M (100%)   
[599.867s][info][gc,heap     ] GC(322)      Free:     6378M (78%)        6346M (77%)        7998M (98%)        8006M (98%)        8006M (98%)        6346M (77%)    
[599.867s][info][gc,heap     ] GC(322)      Used:     1814M (22%)        1846M (23%)         194M (2%)          186M (2%)         1846M (23%)         186M (2%)     
[599.867s][info][gc,heap     ] GC(322)      Live:         -               132M (2%)          132M (2%)          132M (2%)             -                  -          
[599.867s][info][gc,heap     ] GC(322) Allocated:         -                32M (0%)           32M (0%)           38M (0%)             -                  -          
[599.867s][info][gc,heap     ] GC(322)   Garbage:         -              1681M (21%)          29M (0%)           15M (0%)             -                  -          
[599.867s][info][gc,heap     ] GC(322) Reclaimed:         -                  -              1652M (20%)        1666M (20%)            -                  -          
[599.867s][info][gc          ] GC(322) Garbage Collection (Proactive) 1814M(22%)->186M(2%)
[600.040s][info][gc,stats    ] === Garbage Collection Statistics =======================================================================================================================
[600.040s][info][gc,stats    ]                                                              Last 10s              Last 10m              Last 10h                Total
[600.040s][info][gc,stats    ]                                                              Avg / Max             Avg / Max             Avg / Max             Avg / Max
[600.040s][info][gc,stats    ]   Collector: Garbage Collection Cycle                     28.447 / 30.966       30.229 / 95.920       30.229 / 95.920       30.229 / 95.920      ms
[600.040s][info][gc,stats    ]  Contention: Mark Segment Reset Contention                     0 / 1                 0 / 4                 0 / 4                 0 / 4           ops/s
[600.040s][info][gc,stats    ]  Contention: Mark SeqNum Reset Contention                      0 / 0                 0 / 1                 0 / 1                 0 / 1           ops/s
[600.040s][info][gc,stats    ]    Critical: Allocation Stall                                  0 / 0                 0 / 0                 0 / 0                 0 / 0           ops/s
[600.041s][info][gc,stats    ]    Critical: Allocation Stall                              0.000 / 0.000         0.000 / 0.000         0.000 / 0.000         0.000 / 0.000       ms
[600.041s][info][gc,stats    ]    Critical: GC Locker Stall                                   0 / 0                 0 / 0                 0 / 0                 0 / 0           ops/s
[600.041s][info][gc,stats    ]    Critical: GC Locker Stall                               0.000 / 0.000         0.000 / 0.000         0.000 / 0.000         0.000 / 0.000       ms
[600.041s][info][gc,stats    ]    Critical: Relocation Stall                                  0 / 0                 0 / 0                 0 / 0                 0 / 0           ops/s
[600.041s][info][gc,stats    ]    Critical: Relocation Stall                              0.000 / 0.000         0.000 / 0.000         0.000 / 0.000         0.000 / 0.000       ms
[600.041s][info][gc,stats    ]      Memory: Allocation Rate                                1044 / 1048           1058 / 9212           1058 / 9212           1058 / 9212        MB/s
[600.041s][info][gc,stats    ]      Memory: Out Of Memory                                     0 / 0                 0 / 0                 0 / 0                 0 / 0           ops/s
[600.041s][info][gc,stats    ]      Memory: Page Cache Flush                                  0 / 0                 0 / 0                 0 / 0                 0 / 0           MB/s
[600.041s][info][gc,stats    ]      Memory: Page Cache Hit L1                               524 / 528             521 / 533             521 / 533             521 / 533         ops/s
[600.041s][info][gc,stats    ]      Memory: Page Cache Hit L2                                 0 / 0                 0 / 0                 0 / 0                 0 / 0           ops/s
[600.041s][info][gc,stats    ]      Memory: Page Cache Hit L3                                 0 / 0                 3 / 486               3 / 486               3 / 486         ops/s
[600.041s][info][gc,stats    ]      Memory: Page Cache Miss                                   0 / 0                 0 / 1                 0 / 1                 0 / 1           ops/s
[600.041s][info][gc,stats    ]      Memory: Uncommit                                          0 / 0                 0 / 0                 0 / 0                 0 / 0           MB/s
[600.041s][info][gc,stats    ]      Memory: Undo Object Allocation Failed                     0 / 0                 0 / 0                 0 / 0                 0 / 0           ops/s
[600.041s][info][gc,stats    ]      Memory: Undo Object Allocation Succeeded                  0 / 1                 0 / 6                 0 / 6                 0 / 6           ops/s
[600.041s][info][gc,stats    ]      Memory: Undo Page Allocation                              0 / 0                 0 / 1                 0 / 1                 0 / 1           ops/s
[600.041s][info][gc,stats    ]       Phase: Concurrent Mark                              23.843 / 25.697       25.396 / 65.214       25.396 / 65.214       25.396 / 65.214      ms
[600.041s][info][gc,stats    ]       Phase: Concurrent Mark Continue                      0.000 / 0.000         0.000 / 0.000         0.000 / 0.000         0.000 / 0.000       ms
[600.041s][info][gc,stats    ]       Phase: Concurrent Process Non-Strong References      0.418 / 0.462         0.448 / 0.911         0.448 / 0.911         0.448 / 0.911       ms
[600.041s][info][gc,stats    ]       Phase: Concurrent Relocate                           0.794 / 1.101         0.882 / 16.651        0.882 / 16.651        0.882 / 16.651      ms
[600.041s][info][gc,stats    ]       Phase: Concurrent Reset Relocation Set               0.002 / 0.002         0.002 / 0.098         0.002 / 0.098         0.002 / 0.098       ms
[600.041s][info][gc,stats    ]       Phase: Concurrent Select Relocation Set              2.778 / 2.952         2.861 / 12.567        2.861 / 12.567        2.861 / 12.567      ms
[600.041s][info][gc,stats    ]       Phase: Pause Mark End                                0.009 / 0.010         0.009 / 0.025         0.009 / 0.025         0.009 / 0.025       ms
[600.041s][info][gc,stats    ]       Phase: Pause Mark Start                              0.006 / 0.008         0.006 / 0.039         0.006 / 0.039         0.006 / 0.039       ms
[600.041s][info][gc,stats    ]       Phase: Pause Relocate Start                          0.004 / 0.005         0.004 / 0.026         0.004 / 0.026         0.004 / 0.026       ms
[600.041s][info][gc,stats    ]    Subphase: Concurrent Classes Purge                      0.029 / 0.039         0.029 / 0.102         0.029 / 0.102         0.029 / 0.102       ms
[600.041s][info][gc,stats    ]    Subphase: Concurrent Classes Unlink                     0.281 / 0.309         0.292 / 0.571         0.292 / 0.571         0.292 / 0.571       ms
[600.041s][info][gc,stats    ]    Subphase: Concurrent Mark                              23.108 / 25.342       24.599 / 64.907       24.599 / 64.907       24.599 / 64.907      ms
[600.041s][info][gc,stats    ]    Subphase: Concurrent Mark Idle                          1.147 / 1.338         1.190 / 1.347         1.190 / 1.347         1.190 / 1.347       ms
[600.041s][info][gc,stats    ]    Subphase: Concurrent Mark Try Flush                     0.028 / 0.044         0.033 / 0.135         0.033 / 0.135         0.033 / 0.135       ms
[600.041s][info][gc,stats    ]    Subphase: Concurrent Mark Try Terminate                 0.429 / 1.339         0.436 / 1.361         0.436 / 1.361         0.436 / 1.361       ms
[600.041s][info][gc,stats    ]    Subphase: Concurrent References Enqueue                 0.000 / 0.000         0.000 / 0.008         0.000 / 0.008         0.000 / 0.008       ms
[600.041s][info][gc,stats    ]    Subphase: Concurrent References Process                 0.022 / 0.029         0.025 / 0.095         0.025 / 0.095         0.025 / 0.095       ms
[600.041s][info][gc,stats    ]    Subphase: Concurrent Roots ClassLoaderDataGraph         0.018 / 0.041         0.017 / 0.132         0.017 / 0.132         0.017 / 0.132       ms
[600.041s][info][gc,stats    ]    Subphase: Concurrent Roots CodeCache                    0.000 / 0.000         0.000 / 0.000         0.000 / 0.000         0.000 / 0.000       ms
[600.041s][info][gc,stats    ]    Subphase: Concurrent Roots JavaThreads                  0.208 / 0.260         0.210 / 0.485         0.210 / 0.485         0.210 / 0.485       ms
[600.041s][info][gc,stats    ]    Subphase: Concurrent Roots OopStorageSet                0.004 / 0.006         0.004 / 0.041         0.004 / 0.041         0.004 / 0.041       ms
[600.041s][info][gc,stats    ]    Subphase: Concurrent Weak Roots OopStorageSet           0.036 / 0.045         0.037 / 0.120         0.037 / 0.120         0.037 / 0.120       ms
[600.041s][info][gc,stats    ]    Subphase: Pause Mark Try Complete                       0.000 / 0.000         0.000 / 0.000         0.000 / 0.000         0.000 / 0.000       ms
[600.041s][info][gc,stats    ]      System: Java Threads                                     16 / 16               16 / 20               16 / 20               16 / 20          threads
[600.041s][info][gc,stats    ] =========================================================================================================================================================
[601.539s][info][gc,start    ] GC(323) Garbage Collection (Proactive)
[601.540s][info][gc,phases   ] GC(323) Pause Mark Start 0.005ms
[601.563s][info][gc,phases   ] GC(323) Concurrent Mark 23.488ms
[601.563s][info][gc,phases   ] GC(323) Pause Mark End 0.008ms
[601.564s][info][gc,phases   ] GC(323) Concurrent Process Non-Strong References 0.389ms
[601.564s][info][gc,phases   ] GC(323) Concurrent Reset Relocation Set 0.002ms
[601.567s][info][gc,phases   ] GC(323) Concurrent Select Relocation Set 2.805ms
[601.567s][info][gc,phases   ] GC(323) Pause Relocate Start 0.006ms
[601.568s][info][gc,phases   ] GC(323) Concurrent Relocate 1.008ms
[601.568s][info][gc,load     ] GC(323) Load: 4.35/3.86/3.70
[601.568s][info][gc,mmu      ] GC(323) MMU: 2ms/98.1%, 5ms/99.2%, 10ms/99.6%, 20ms/99.8%, 50ms/99.9%, 100ms/99.9%
[601.568s][info][gc,marking  ] GC(323) Mark: 2 stripe(s), 2 proactive flush(es), 1 terminate flush(es), 0 completion(s), 0 continuation(s) 
[601.568s][info][gc,nmethod  ] GC(323) NMethods: 484 registered, 0 unregistered
[601.568s][info][gc,metaspace] GC(323) Metaspace: 0M used, 0M committed, 1032M reserved
[601.568s][info][gc,ref      ] GC(323) Soft: 82 encountered, 0 discovered, 0 enqueued
[601.568s][info][gc,ref      ] GC(323) Weak: 200 encountered, 61 discovered, 0 enqueued
[601.568s][info][gc,ref      ] GC(323) Final: 0 encountered, 0 discovered, 0 enqueued
[601.568s][info][gc,ref      ] GC(323) Phantom: 5 encountered, 5 discovered, 0 enqueued
[601.568s][info][gc,reloc    ] GC(323) Small Pages: 967 / 1934M, Empty: 1774M, Relocated: 5M, In-Place: 0
[601.568s][info][gc,reloc    ] GC(323) Medium Pages: 0 / 0M, Empty: 0M, Relocated: 0M, In-Place: 0
[601.568s][info][gc,reloc    ] GC(323) Large Pages: 0 / 0M, Empty: 0M, Relocated: 0M, In-Place: 0
[601.568s][info][gc,reloc    ] GC(323) Forwarding Usage: 0M
[601.568s][info][gc,heap     ] GC(323) Min Capacity: 8192M(100%)
[601.568s][info][gc,heap     ] GC(323) Max Capacity: 8192M(100%)
[601.568s][info][gc,heap     ] GC(323) Soft Max Capacity: 8192M(100%)
[601.568s][info][gc,heap     ] GC(323)                Mark Start          Mark End        Relocate Start      Relocate End           High               Low         
[601.568s][info][gc,heap     ] GC(323)  Capacity:     8192M (100%)       8192M (100%)       8192M (100%)       8192M (100%)       8192M (100%)       8192M (100%)   
[601.568s][info][gc,heap     ] GC(323)      Free:     6258M (76%)        6232M (76%)        7998M (98%)        8008M (98%)        8008M (98%)        6232M (76%)    
[601.568s][info][gc,heap     ] GC(323)      Used:     1934M (24%)        1960M (24%)         194M (2%)          184M (2%)         1960M (24%)         184M (2%)     
[601.568s][info][gc,heap     ] GC(323)      Live:         -               132M (2%)          132M (2%)          132M (2%)             -                  -          
[601.568s][info][gc,heap     ] GC(323) Allocated:         -                26M (0%)           34M (0%)           34M (0%)             -                  -          
[601.568s][info][gc,heap     ] GC(323)   Garbage:         -              1801M (22%)          27M (0%)           17M (0%)             -                  -          
[601.568s][info][gc,heap     ] GC(323) Reclaimed:         -                  -              1774M (22%)        1784M (22%)            -                  -          
[601.568s][info][gc          ] GC(323) Garbage Collection (Proactive) 1934M(24%)->184M(2%)
[603.240s][info][gc,start    ] GC(324) Garbage Collection (Proactive)
[603.240s][info][gc,phases   ] GC(324) Pause Mark Start 0.005ms
[603.264s][info][gc,phases   ] GC(324) Concurrent Mark 23.413ms
[603.264s][info][gc,phases   ] GC(324) Pause Mark End 0.008ms
[603.264s][info][gc,phases   ] GC(324) Concurrent Process Non-Strong References 0.392ms
[603.264s][info][gc,phases   ] GC(324) Concurrent Reset Relocation Set 0.002ms
[603.267s][info][gc,phases   ] GC(324) Concurrent Select Relocation Set 2.726ms
[603.267s][info][gc,phases   ] GC(324) Pause Relocate Start 0.004ms
[603.268s][info][gc,phases   ] GC(324) Concurrent Relocate 1.009ms
[603.268s][info][gc,load     ] GC(324) Load: 4.35/3.86/3.70
[603.268s][info][gc,mmu      ] GC(324) MMU: 2ms/98.1%, 5ms/99.2%, 10ms/99.6%, 20ms/99.8%, 50ms/99.9%, 100ms/99.9%
[603.268s][info][gc,marking  ] GC(324) Mark: 2 stripe(s), 2 proactive flush(es), 1 terminate flush(es), 0 completion(s), 0 continuation(s) 
[603.268s][info][gc,nmethod  ] GC(324) NMethods: 484 registered, 0 unregistered
[603.268s][info][gc,metaspace] GC(324) Metaspace: 0M used, 0M committed, 1032M reserved
[603.268s][info][gc,ref      ] GC(324) Soft: 82 encountered, 0 discovered, 0 enqueued
[603.268s][info][gc,ref      ] GC(324) Weak: 200 encountered, 59 discovered, 0 enqueued
[603.268s][info][gc,ref      ] GC(324) Final: 0 encountered, 0 discovered, 0 enqueued
[603.268s][info][gc,ref      ] GC(324) Phantom: 5 encountered, 3 discovered, 0 enqueued
[603.268s][info][gc,reloc    ] GC(324) Small Pages: 964 / 1928M, Empty: 1706M, Relocated: 4M, In-Place: 0
[603.268s][info][gc,reloc    ] GC(324) Medium Pages: 0 / 0M, Empty: 0M, Relocated: 0M, In-Place: 0
[603.268s][info][gc,reloc    ] GC(324) Large Pages: 0 / 0M, Empty: 0M, Relocated: 0M, In-Place: 0
[603.268s][info][gc,reloc    ] GC(324) Forwarding Usage: 0M
[603.268s][info][gc,heap     ] GC(324) Min Capacity: 8192M(100%)
[603.268s][info][gc,heap     ] GC(324) Max Capacity: 8192M(100%)
[603.268s][info][gc,heap     ] GC(324) Soft Max Capacity: 8192M(100%)
[603.268s][info][gc,heap     ] GC(324)                Mark Start          Mark End        Relocate Start      Relocate End           High               Low         
[603.268s][info][gc,heap     ] GC(324)  Capacity:     8192M (100%)       8192M (100%)       8192M (100%)       8192M (100%)       8192M (100%)       8192M (100%)   
[603.268s][info][gc,heap     ] GC(324)      Free:     6264M (76%)        6240M (76%)        7938M (97%)        8006M (98%)        8006M (98%)        6240M (76%)    
[603.268s][info][gc,heap     ] GC(324)      Used:     1928M (24%)        1952M (24%)         254M (3%)          186M (2%)         1952M (24%)         186M (2%)     
[603.268s][info][gc,heap     ] GC(324)      Live:         -               132M (2%)          132M (2%)          132M (2%)             -                  -          
[603.268s][info][gc,heap     ] GC(324) Allocated:         -                24M (0%)           32M (0%)           34M (0%)             -                  -          
[603.268s][info][gc,heap     ] GC(324)   Garbage:         -              1795M (22%)          89M (1%)           19M (0%)             -                  -          
[603.268s][info][gc,heap     ] GC(324) Reclaimed:         -                  -              1706M (21%)        1776M (22%)            -                  -          
[603.268s][info][gc          ] GC(324) Garbage Collection (Proactive) 1928M(24%)->186M(2%)
[604.840s][info][gc,start    ] GC(325) Garbage Collection (Proactive)
[604.840s][info][gc,phases   ] GC(325) Pause Mark Start 0.019ms
[604.872s][info][gc,phases   ] GC(325) Concurrent Mark 31.555ms
[604.872s][info][gc,phases   ] GC(325) Pause Mark End 0.010ms
[604.872s][info][gc,phases   ] GC(325) Concurrent Process Non-Strong References 0.524ms
[604.872s][info][gc,phases   ] GC(325) Concurrent Reset Relocation Set 0.004ms
[604.875s][info][gc,phases   ] GC(325) Concurrent Select Relocation Set 2.930ms
[604.876s][info][gc,phases   ] GC(325) Pause Relocate Start 0.006ms
[604.877s][info][gc,phases   ] GC(325) Concurrent Relocate 1.200ms
[604.877s][info][gc,load     ] GC(325) Load: 4.35/3.86/3.70
[604.877s][info][gc,mmu      ] GC(325) MMU: 2ms/98.1%, 5ms/99.2%, 10ms/99.6%, 20ms/99.8%, 50ms/99.9%, 100ms/99.9%
[604.877s][info][gc,marking  ] GC(325) Mark: 2 stripe(s), 2 proactive flush(es), 1 terminate flush(es), 0 completion(s), 0 continuation(s) 
[604.877s][info][gc,nmethod  ] GC(325) NMethods: 484 registered, 0 unregistered
[604.877s][info][gc,metaspace] GC(325) Metaspace: 0M used, 0M committed, 1032M reserved
[604.877s][info][gc,ref      ] GC(325) Soft: 82 encountered, 0 discovered, 0 enqueued
[604.877s][info][gc,ref      ] GC(325) Weak: 200 encountered, 51 discovered, 0 enqueued
[604.877s][info][gc,ref      ] GC(325) Final: 0 encountered, 0 discovered, 0 enqueued
[604.877s][info][gc,ref      ] GC(325) Phantom: 5 encountered, 5 discovered, 0 enqueued
[604.877s][info][gc,reloc    ] GC(325) Small Pages: 912 / 1824M, Empty: 1666M, Relocated: 4M, In-Place: 0
[604.877s][info][gc,reloc    ] GC(325) Medium Pages: 0 / 0M, Empty: 0M, Relocated: 0M, In-Place: 0
[604.877s][info][gc,reloc    ] GC(325) Large Pages: 0 / 0M, Empty: 0M, Relocated: 0M, In-Place: 0
[604.877s][info][gc,reloc    ] GC(325) Forwarding Usage: 0M
[604.877s][info][gc,heap     ] GC(325) Min Capacity: 8192M(100%)
[604.877s][info][gc,heap     ] GC(325) Max Capacity: 8192M(100%)
[604.877s][info][gc,heap     ] GC(325) Soft Max Capacity: 8192M(100%)
[604.877s][info][gc,heap     ] GC(325)                Mark Start          Mark End        Relocate Start      Relocate End           High               Low         
[604.877s][info][gc,heap     ] GC(325)  Capacity:     8192M (100%)       8192M (100%)       8192M (100%)       8192M (100%)       8192M (100%)       8192M (100%)   
[604.877s][info][gc,heap     ] GC(325)      Free:     6368M (78%)        6336M (77%)        7998M (98%)        7998M (98%)        8000M (98%)        6336M (77%)    
[604.877s][info][gc,heap     ] GC(325)      Used:     1824M (22%)        1856M (23%)         194M (2%)          194M (2%)         1856M (23%)         192M (2%)     
[604.877s][info][gc,heap     ] GC(325)      Live:         -               132M (2%)          132M (2%)          132M (2%)             -                  -          
[604.877s][info][gc,heap     ] GC(325) Allocated:         -                32M (0%)           36M (0%)           42M (1%)             -                  -          
[604.877s][info][gc,heap     ] GC(325)   Garbage:         -              1691M (21%)          25M (0%)           19M (0%)             -                  -          
[604.877s][info][gc,heap     ] GC(325) Reclaimed:         -                  -              1666M (20%)        1672M (20%)            -                  -          
[604.877s][info][gc          ] GC(325) Garbage Collection (Proactive) 1824M(22%)->194M(2%)
[607.240s][info][gc,start    ] GC(326) Garbage Collection (Proactive)
[607.240s][info][gc,phases   ] GC(326) Pause Mark Start 0.006ms
[607.265s][info][gc,phases   ] GC(326) Concurrent Mark 25.016ms
[607.266s][info][gc,phases   ] GC(326) Pause Mark End 0.009ms
[607.266s][info][gc,phases   ] GC(326) Concurrent Process Non-Strong References 0.549ms
[607.266s][info][gc,phases   ] GC(326) Concurrent Reset Relocation Set 0.002ms
[607.269s][info][gc,phases   ] GC(326) Concurrent Select Relocation Set 3.146ms
[607.269s][info][gc,phases   ] GC(326) Pause Relocate Start 0.004ms
[607.270s][info][gc,phases   ] GC(326) Concurrent Relocate 0.706ms
[607.270s][info][gc,load     ] GC(326) Load: 4.64/3.93/3.72
[607.270s][info][gc,mmu      ] GC(326) MMU: 2ms/98.1%, 5ms/99.2%, 10ms/99.6%, 20ms/99.8%, 50ms/99.9%, 100ms/99.9%
[607.270s][info][gc,marking  ] GC(326) Mark: 2 stripe(s), 2 proactive flush(es), 1 terminate flush(es), 0 completion(s), 0 continuation(s) 
[607.270s][info][gc,nmethod  ] GC(326) NMethods: 484 registered, 0 unregistered
[607.270s][info][gc,metaspace] GC(326) Metaspace: 0M used, 0M committed, 1032M reserved
[607.270s][info][gc,ref      ] GC(326) Soft: 82 encountered, 0 discovered, 0 enqueued
[607.270s][info][gc,ref      ] GC(326) Weak: 200 encountered, 54 discovered, 0 enqueued
[607.270s][info][gc,ref      ] GC(326) Final: 0 encountered, 0 discovered, 0 enqueued
[607.270s][info][gc,ref      ] GC(326) Phantom: 5 encountered, 3 discovered, 0 enqueued
[607.270s][info][gc,reloc    ] GC(326) Small Pages: 1328 / 2656M, Empty: 2498M, Relocated: 5M, In-Place: 0
[607.270s][info][gc,reloc    ] GC(326) Medium Pages: 0 / 0M, Empty: 0M, Relocated: 0M, In-Place: 0
[607.270s][info][gc,reloc    ] GC(326) Large Pages: 0 / 0M, Empty: 0M, Relocated: 0M, In-Place: 0
[607.270s][info][gc,reloc    ] GC(326) Forwarding Usage: 0M
[607.270s][info][gc,heap     ] GC(326) Min Capacity: 8192M(100%)
[607.270s][info][gc,heap     ] GC(326) Max Capacity: 8192M(100%)
[607.270s][info][gc,heap     ] GC(326) Soft Max Capacity: 8192M(100%)
[607.271s][info][gc,heap     ] GC(326)                Mark Start          Mark End        Relocate Start      Relocate End           High               Low         
[607.271s][info][gc,heap     ] GC(326)  Capacity:     8192M (100%)       8192M (100%)       8192M (100%)       8192M (100%)       8192M (100%)       8192M (100%)   
[607.271s][info][gc,heap     ] GC(326)      Free:     5536M (68%)        5512M (67%)        8000M (98%)        8006M (98%)        8006M (98%)        5506M (67%)    
[607.271s][info][gc,heap     ] GC(326)      Used:     2656M (32%)        2680M (33%)         192M (2%)          186M (2%)         2686M (33%)         186M (2%)     
[607.271s][info][gc,heap     ] GC(326)      Live:         -               132M (2%)          132M (2%)          132M (2%)             -                  -          
[607.271s][info][gc,heap     ] GC(326) Allocated:         -                24M (0%)           34M (0%)           34M (0%)             -                  -          
[607.271s][info][gc,heap     ] GC(326)   Garbage:         -              2523M (31%)          25M (0%)           19M (0%)             -                  -          
[607.271s][info][gc,heap     ] GC(326) Reclaimed:         -                  -              2498M (30%)        2504M (31%)            -                  -          
[607.271s][info][gc          ] GC(326) Garbage Collection (Proactive) 2656M(32%)->186M(2%)
[609.340s][info][gc,start    ] GC(327) Garbage Collection (Proactive)
[609.340s][info][gc,phases   ] GC(327) Pause Mark Start 0.005ms
[609.365s][info][gc,phases   ] GC(327) Concurrent Mark 24.684ms
[609.365s][info][gc,phases   ] GC(327) Pause Mark End 0.009ms
[609.366s][info][gc,phases   ] GC(327) Concurrent Process Non-Strong References 0.535ms
[609.366s][info][gc,phases   ] GC(327) Concurrent Reset Relocation Set 0.003ms
[609.369s][info][gc,phases   ] GC(327) Concurrent Select Relocation Set 3.113ms
[609.369s][info][gc,phases   ] GC(327) Pause Relocate Start 0.005ms
[609.370s][info][gc,phases   ] GC(327) Concurrent Relocate 0.545ms
[609.370s][info][gc,load     ] GC(327) Load: 4.64/3.93/3.72
[609.370s][info][gc,mmu      ] GC(327) MMU: 2ms/98.1%, 5ms/99.2%, 10ms/99.6%, 20ms/99.8%, 50ms/99.9%, 100ms/99.9%
[609.370s][info][gc,marking  ] GC(327) Mark: 2 stripe(s), 2 proactive flush(es), 1 terminate flush(es), 0 completion(s), 0 continuation(s) 
[609.370s][info][gc,nmethod  ] GC(327) NMethods: 484 registered, 0 unregistered
[609.370s][info][gc,metaspace] GC(327) Metaspace: 0M used, 0M committed, 1032M reserved
[609.370s][info][gc,ref      ] GC(327) Soft: 82 encountered, 0 discovered, 0 enqueued
[609.370s][info][gc,ref      ] GC(327) Weak: 200 encountered, 62 discovered, 0 enqueued
[609.370s][info][gc,ref      ] GC(327) Final: 0 encountered, 0 discovered, 0 enqueued
[609.370s][info][gc,ref      ] GC(327) Phantom: 5 encountered, 3 discovered, 0 enqueued
[609.370s][info][gc,reloc    ] GC(327) Small Pages: 1172 / 2344M, Empty: 2186M, Relocated: 3M, In-Place: 0
[609.370s][info][gc,reloc    ] GC(327) Medium Pages: 0 / 0M, Empty: 0M, Relocated: 0M, In-Place: 0
[609.370s][info][gc,reloc    ] GC(327) Large Pages: 0 / 0M, Empty: 0M, Relocated: 0M, In-Place: 0
[609.370s][info][gc,reloc    ] GC(327) Forwarding Usage: 0M
[609.370s][info][gc,heap     ] GC(327) Min Capacity: 8192M(100%)
[609.370s][info][gc,heap     ] GC(327) Max Capacity: 8192M(100%)
[609.370s][info][gc,heap     ] GC(327) Soft Max Capacity: 8192M(100%)
[609.370s][info][gc,heap     ] GC(327)                Mark Start          Mark End        Relocate Start      Relocate End           High               Low         
[609.370s][info][gc,heap     ] GC(327)  Capacity:     8192M (100%)       8192M (100%)       8192M (100%)       8192M (100%)       8192M (100%)       8192M (100%)   
[609.370s][info][gc,heap     ] GC(327)      Free:     5848M (71%)        5824M (71%)        8002M (98%)        8008M (98%)        8008M (98%)        5822M (71%)    
[609.370s][info][gc,heap     ] GC(327)      Used:     2344M (29%)        2368M (29%)         190M (2%)          184M (2%)         2370M (29%)         184M (2%)     
[609.370s][info][gc,heap     ] GC(327)      Live:         -               132M (2%)          132M (2%)          132M (2%)             -                  -          
[609.370s][info][gc,heap     ] GC(327) Allocated:         -                24M (0%)           32M (0%)           32M (0%)             -                  -          
[609.370s][info][gc,heap     ] GC(327)   Garbage:         -              2211M (27%)          25M (0%)           19M (0%)             -                  -          
[609.370s][info][gc,heap     ] GC(327) Reclaimed:         -                  -              2186M (27%)        2192M (27%)            -                  -          
[609.370s][info][gc          ] GC(327) Garbage Collection (Proactive) 2344M(29%)->184M(2%)
[610.040s][info][gc,stats    ] === Garbage Collection Statistics =======================================================================================================================
[610.040s][info][gc,stats    ]                                                              Last 10s              Last 10m              Last 10h                Total
[610.040s][info][gc,stats    ]                                                              Avg / Max             Avg / Max             Avg / Max             Avg / Max
[610.040s][info][gc,stats    ]   Collector: Garbage Collection Cycle                     30.617 / 37.031       29.783 / 44.621       30.235 / 95.920       30.235 / 95.920      ms
[610.040s][info][gc,stats    ]  Contention: Mark Segment Reset Contention                     0 / 1                 0 / 3                 0 / 4                 0 / 4           ops/s
[610.040s][info][gc,stats    ]  Contention: Mark SeqNum Reset Contention                      0 / 0                 0 / 1                 0 / 1                 0 / 1           ops/s
[610.040s][info][gc,stats    ]    Critical: Allocation Stall                                  0 / 0                 0 / 0                 0 / 0                 0 / 0           ops/s
[610.040s][info][gc,stats    ]    Critical: Allocation Stall                              0.000 / 0.000         0.000 / 0.000         0.000 / 0.000         0.000 / 0.000       ms
[610.040s][info][gc,stats    ]    Critical: GC Locker Stall                                   0 / 0                 0 / 0                 0 / 0                 0 / 0           ops/s
[610.040s][info][gc,stats    ]    Critical: GC Locker Stall                               0.000 / 0.000         0.000 / 0.000         0.000 / 0.000         0.000 / 0.000       ms
[610.040s][info][gc,stats    ]    Critical: Relocation Stall                                  0 / 0                 0 / 0                 0 / 0                 0 / 0           ops/s
[610.040s][info][gc,stats    ]    Critical: Relocation Stall                              0.000 / 0.000         0.000 / 0.000         0.000 / 0.000         0.000 / 0.000       ms
[610.040s][info][gc,stats    ]      Memory: Allocation Rate                                1044 / 1050           1044 / 1054           1058 / 9212           1058 / 9212        MB/s
[610.040s][info][gc,stats    ]      Memory: Out Of Memory                                     0 / 0                 0 / 0                 0 / 0                 0 / 0           ops/s
[610.040s][info][gc,stats    ]      Memory: Page Cache Flush                                  0 / 0                 0 / 0                 0 / 0                 0 / 0           MB/s
[610.040s][info][gc,stats    ]      Memory: Page Cache Hit L1                               524 / 529             524 / 533             521 / 533             521 / 533         ops/s
[610.040s][info][gc,stats    ]      Memory: Page Cache Hit L2                                 0 / 0                 0 / 0                 0 / 0                 0 / 0           ops/s
[610.040s][info][gc,stats    ]      Memory: Page Cache Hit L3                                 0 / 0                 0 / 61                2 / 486               2 / 486         ops/s
[610.040s][info][gc,stats    ]      Memory: Page Cache Miss                                   0 / 0                 0 / 0                 0 / 1                 0 / 1           ops/s
[610.040s][info][gc,stats    ]      Memory: Uncommit                                          0 / 0                 0 / 0                 0 / 0                 0 / 0           MB/s
[610.040s][info][gc,stats    ]      Memory: Undo Object Allocation Failed                     0 / 0                 0 / 0                 0 / 0                 0 / 0           ops/s
[610.040s][info][gc,stats    ]      Memory: Undo Object Allocation Succeeded                  0 / 0                 0 / 6                 0 / 6                 0 / 6           ops/s
[610.040s][info][gc,stats    ]      Memory: Undo Page Allocation                              0 / 0                 0 / 1                 0 / 1                 0 / 1           ops/s
[610.040s][info][gc,stats    ]       Phase: Concurrent Mark                              25.631 / 31.555       25.049 / 40.571       25.400 / 65.214       25.400 / 65.214      ms
[610.040s][info][gc,stats    ]       Phase: Concurrent Mark Continue                      0.000 / 0.000         0.000 / 0.000         0.000 / 0.000         0.000 / 0.000       ms
[610.040s][info][gc,stats    ]       Phase: Concurrent Process Non-Strong References      0.478 / 0.549         0.448 / 0.911         0.449 / 0.911         0.449 / 0.911       ms
[610.040s][info][gc,stats    ]       Phase: Concurrent Relocate                           0.893 / 1.200         0.815 / 2.004         0.882 / 16.651        0.882 / 16.651      ms
[610.040s][info][gc,stats    ]       Phase: Concurrent Reset Relocation Set               0.002 / 0.004         0.002 / 0.018         0.002 / 0.098         0.002 / 0.098       ms
[610.040s][info][gc,stats    ]       Phase: Concurrent Select Relocation Set              2.944 / 3.146         2.831 / 4.147         2.862 / 12.567        2.862 / 12.567      ms
[610.040s][info][gc,stats    ]       Phase: Pause Mark End                                0.009 / 0.010         0.009 / 0.025         0.009 / 0.025         0.009 / 0.025       ms
[610.040s][info][gc,stats    ]       Phase: Pause Mark Start                              0.008 / 0.019         0.006 / 0.039         0.006 / 0.039         0.006 / 0.039       ms
[610.040s][info][gc,stats    ]       Phase: Pause Relocate Start                          0.005 / 0.006         0.004 / 0.026         0.004 / 0.026         0.004 / 0.026       ms
[610.040s][info][gc,stats    ]    Subphase: Concurrent Classes Purge                      0.030 / 0.039         0.029 / 0.102         0.029 / 0.102         0.029 / 0.102       ms
[610.040s][info][gc,stats    ]    Subphase: Concurrent Classes Unlink                     0.301 / 0.347         0.292 / 0.571         0.292 / 0.571         0.292 / 0.571       ms
[610.040s][info][gc,stats    ]    Subphase: Concurrent Mark                              24.865 / 31.250       24.251 / 40.181       24.603 / 64.907       24.603 / 64.907      ms
[610.040s][info][gc,stats    ]    Subphase: Concurrent Mark Idle                          1.189 / 1.347         1.190 / 1.347         1.190 / 1.347         1.190 / 1.347       ms
[610.040s][info][gc,stats    ]    Subphase: Concurrent Mark Try Flush                     0.032 / 0.048         0.033 / 0.135         0.033 / 0.135         0.033 / 0.135       ms
[610.040s][info][gc,stats    ]    Subphase: Concurrent Mark Try Terminate                 0.406 / 1.348         0.435 / 1.361         0.436 / 1.361         0.436 / 1.361       ms
[610.040s][info][gc,stats    ]    Subphase: Concurrent References Enqueue                 0.000 / 0.000         0.000 / 0.008         0.000 / 0.008         0.000 / 0.008       ms
[610.040s][info][gc,stats    ]    Subphase: Concurrent References Process                 0.021 / 0.026         0.025 / 0.095         0.025 / 0.095         0.025 / 0.095       ms
[610.041s][info][gc,stats    ]    Subphase: Concurrent Roots ClassLoaderDataGraph         0.022 / 0.067         0.017 / 0.089         0.017 / 0.132         0.017 / 0.132       ms
[610.041s][info][gc,stats    ]    Subphase: Concurrent Roots CodeCache                    0.000 / 0.000         0.000 / 0.000         0.000 / 0.000         0.000 / 0.000       ms
[610.041s][info][gc,stats    ]    Subphase: Concurrent Roots JavaThreads                  0.199 / 0.251         0.210 / 0.485         0.210 / 0.485         0.210 / 0.485       ms
[610.041s][info][gc,stats    ]    Subphase: Concurrent Roots OopStorageSet                0.004 / 0.005         0.004 / 0.041         0.004 / 0.041         0.004 / 0.041       ms
[610.041s][info][gc,stats    ]    Subphase: Concurrent Weak Roots OopStorageSet           0.041 / 0.055         0.037 / 0.089         0.037 / 0.120         0.037 / 0.120       ms
[610.041s][info][gc,stats    ]    Subphase: Pause Mark Try Complete                       0.000 / 0.000         0.000 / 0.000         0.000 / 0.000         0.000 / 0.000       ms
[610.041s][info][gc,stats    ]      System: Java Threads                                     16 / 16               16 / 16               16 / 20               16 / 20          threads
[610.041s][info][gc,stats    ] =========================================================================================================================================================
[611.141s][info][gc,start    ] GC(328) Garbage Collection (Proactive)
[611.141s][info][gc,phases   ] GC(328) Pause Mark Start 0.004ms
[611.164s][info][gc,phases   ] GC(328) Concurrent Mark 23.270ms
[611.164s][info][gc,phases   ] GC(328) Pause Mark End 0.009ms
[611.165s][info][gc,phases   ] GC(328) Concurrent Process Non-Strong References 0.387ms
[611.165s][info][gc,phases   ] GC(328) Concurrent Reset Relocation Set 0.001ms
[611.168s][info][gc,phases   ] GC(328) Concurrent Select Relocation Set 2.764ms
[611.168s][info][gc,phases   ] GC(328) Pause Relocate Start 0.004ms
[611.168s][info][gc,phases   ] GC(328) Concurrent Relocate 0.748ms
[611.168s][info][gc,load     ] GC(328) Load: 4.59/3.93/3.72
[611.168s][info][gc,mmu      ] GC(328) MMU: 2ms/98.1%, 5ms/99.2%, 10ms/99.6%, 20ms/99.8%, 50ms/99.9%, 100ms/99.9%
[611.168s][info][gc,marking  ] GC(328) Mark: 2 stripe(s), 2 proactive flush(es), 1 terminate flush(es), 0 completion(s), 0 continuation(s) 
[611.168s][info][gc,nmethod  ] GC(328) NMethods: 484 registered, 0 unregistered
[611.169s][info][gc,metaspace] GC(328) Metaspace: 0M used, 0M committed, 1032M reserved
[611.169s][info][gc,ref      ] GC(328) Soft: 82 encountered, 0 discovered, 0 enqueued
[611.169s][info][gc,ref      ] GC(328) Weak: 200 encountered, 61 discovered, 0 enqueued
[611.169s][info][gc,ref      ] GC(328) Final: 0 encountered, 0 discovered, 0 enqueued
[611.169s][info][gc,ref      ] GC(328) Phantom: 5 encountered, 5 discovered, 0 enqueued
[611.169s][info][gc,reloc    ] GC(328) Small Pages: 1016 / 2032M, Empty: 1874M, Relocated: 4M, In-Place: 0
[611.169s][info][gc,reloc    ] GC(328) Medium Pages: 0 / 0M, Empty: 0M, Relocated: 0M, In-Place: 0
[611.169s][info][gc,reloc    ] GC(328) Large Pages: 0 / 0M, Empty: 0M, Relocated: 0M, In-Place: 0
[611.169s][info][gc,reloc    ] GC(328) Forwarding Usage: 0M
[611.169s][info][gc,heap     ] GC(328) Min Capacity: 8192M(100%)
[611.169s][info][gc,heap     ] GC(328) Max Capacity: 8192M(100%)
[611.169s][info][gc,heap     ] GC(328) Soft Max Capacity: 8192M(100%)
[611.169s][info][gc,heap     ] GC(328)                Mark Start          Mark End        Relocate Start      Relocate End           High               Low         
[611.169s][info][gc,heap     ] GC(328)  Capacity:     8192M (100%)       8192M (100%)       8192M (100%)       8192M (100%)       8192M (100%)       8192M (100%)   
[611.169s][info][gc,heap     ] GC(328)      Free:     6160M (75%)        6136M (75%)        8002M (98%)        8008M (98%)        8008M (98%)        6136M (75%)    
[611.169s][info][gc,heap     ] GC(328)      Used:     2032M (25%)        2056M (25%)         190M (2%)          184M (2%)         2056M (25%)         184M (2%)     
[611.169s][info][gc,heap     ] GC(328)      Live:         -               132M (2%)          132M (2%)          132M (2%)             -                  -          
[611.169s][info][gc,heap     ] GC(328) Allocated:         -                24M (0%)           32M (0%)           32M (0%)             -                  -          
[611.169s][info][gc,heap     ] GC(328)   Garbage:         -              1899M (23%)          25M (0%)           19M (0%)             -                  -          
[611.169s][info][gc,heap     ] GC(328) Reclaimed:         -                  -              1874M (23%)        1880M (23%)            -                  -          
[611.169s][info][gc          ] GC(328) Garbage Collection (Proactive) 2032M(25%)->184M(2%)
[612.839s][info][gc,start    ] GC(329) Garbage Collection (Proactive)
[612.840s][info][gc,phases   ] GC(329) Pause Mark Start 0.004ms
[612.861s][info][gc,phases   ] GC(329) Concurrent Mark 21.131ms
[612.861s][info][gc,phases   ] GC(329) Pause Mark End 0.018ms
[612.861s][info][gc,phases   ] GC(329) Concurrent Process Non-Strong References 0.361ms
[612.861s][info][gc,phases   ] GC(329) Concurrent Reset Relocation Set 0.001ms
[612.864s][info][gc,phases   ] GC(329) Concurrent Select Relocation Set 2.393ms
[612.864s][info][gc,phases   ] GC(329) Pause Relocate Start 0.004ms
[612.864s][info][gc,phases   ] GC(329) Concurrent Relocate 0.654ms
[612.864s][info][gc,load     ] GC(329) Load: 4.59/3.93/3.72
[612.864s][info][gc,mmu      ] GC(329) MMU: 2ms/98.1%, 5ms/99.2%, 10ms/99.6%, 20ms/99.8%, 50ms/99.9%, 100ms/99.9%
[612.864s][info][gc,marking  ] GC(329) Mark: 2 stripe(s), 2 proactive flush(es), 1 terminate flush(es), 0 completion(s), 0 continuation(s) 
[612.864s][info][gc,nmethod  ] GC(329) NMethods: 484 registered, 0 unregistered
[612.864s][info][gc,metaspace] GC(329) Metaspace: 0M used, 0M committed, 1032M reserved
[612.865s][info][gc,ref      ] GC(329) Soft: 82 encountered, 0 discovered, 0 enqueued
[612.865s][info][gc,ref      ] GC(329) Weak: 200 encountered, 53 discovered, 0 enqueued
[612.865s][info][gc,ref      ] GC(329) Final: 0 encountered, 0 discovered, 0 enqueued
[612.865s][info][gc,ref      ] GC(329) Phantom: 5 encountered, 3 discovered, 0 enqueued
[612.865s][info][gc,reloc    ] GC(329) Small Pages: 964 / 1928M, Empty: 1770M, Relocated: 4M, In-Place: 0
[612.865s][info][gc,reloc    ] GC(329) Medium Pages: 0 / 0M, Empty: 0M, Relocated: 0M, In-Place: 0
[612.865s][info][gc,reloc    ] GC(329) Large Pages: 0 / 0M, Empty: 0M, Relocated: 0M, In-Place: 0
[612.865s][info][gc,reloc    ] GC(329) Forwarding Usage: 0M
[612.865s][info][gc,heap     ] GC(329) Min Capacity: 8192M(100%)
[612.865s][info][gc,heap     ] GC(329) Max Capacity: 8192M(100%)
[612.865s][info][gc,heap     ] GC(329) Soft Max Capacity: 8192M(100%)
[612.865s][info][gc,heap     ] GC(329)                Mark Start          Mark End        Relocate Start      Relocate End           High               Low         
[612.865s][info][gc,heap     ] GC(329)  Capacity:     8192M (100%)       8192M (100%)       8192M (100%)       8192M (100%)       8192M (100%)       8192M (100%)   
[612.865s][info][gc,heap     ] GC(329)      Free:     6264M (76%)        6240M (76%)        8010M (98%)        8016M (98%)        8016M (98%)        6240M (76%)    
[612.865s][info][gc,heap     ] GC(329)      Used:     1928M (24%)        1952M (24%)         182M (2%)          176M (2%)         1952M (24%)         176M (2%)     
[612.865s][info][gc,heap     ] GC(329)      Live:         -               132M (2%)          132M (2%)          132M (2%)             -                  -          
[612.865s][info][gc,heap     ] GC(329) Allocated:         -                24M (0%)           24M (0%)           24M (0%)             -                  -          
[612.865s][info][gc,heap     ] GC(329)   Garbage:         -              1795M (22%)          25M (0%)           19M (0%)             -                  -          
[612.865s][info][gc,heap     ] GC(329) Reclaimed:         -                  -              1770M (22%)        1776M (22%)            -                  -          
[612.865s][info][gc          ] GC(329) Garbage Collection (Proactive) 1928M(24%)->176M(2%)
[614.440s][info][gc,start    ] GC(330) Garbage Collection (Proactive)
[614.440s][info][gc,phases   ] GC(330) Pause Mark Start 0.004ms
[614.465s][info][gc,phases   ] GC(330) Concurrent Mark 24.725ms
[614.465s][info][gc,phases   ] GC(330) Pause Mark End 0.009ms
[614.466s][info][gc,phases   ] GC(330) Concurrent Process Non-Strong References 0.436ms
[614.466s][info][gc,phases   ] GC(330) Concurrent Reset Relocation Set 0.002ms
[614.469s][info][gc,phases   ] GC(330) Concurrent Select Relocation Set 3.070ms
[614.469s][info][gc,phases   ] GC(330) Pause Relocate Start 0.007ms
[614.470s][info][gc,phases   ] GC(330) Concurrent Relocate 1.148ms
[614.470s][info][gc,load     ] GC(330) Load: 4.59/3.93/3.72
[614.470s][info][gc,mmu      ] GC(330) MMU: 2ms/98.1%, 5ms/99.2%, 10ms/99.6%, 20ms/99.8%, 50ms/99.9%, 100ms/99.9%
[614.470s][info][gc,marking  ] GC(330) Mark: 2 stripe(s), 2 proactive flush(es), 1 terminate flush(es), 0 completion(s), 0 continuation(s) 
[614.470s][info][gc,nmethod  ] GC(330) NMethods: 484 registered, 0 unregistered
[614.470s][info][gc,metaspace] GC(330) Metaspace: 0M used, 0M committed, 1032M reserved
[614.470s][info][gc,ref      ] GC(330) Soft: 82 encountered, 0 discovered, 0 enqueued
[614.470s][info][gc,ref      ] GC(330) Weak: 200 encountered, 61 discovered, 0 enqueued
[614.470s][info][gc,ref      ] GC(330) Final: 0 encountered, 0 discovered, 0 enqueued
[614.470s][info][gc,ref      ] GC(330) Phantom: 5 encountered, 3 discovered, 0 enqueued
[614.470s][info][gc,reloc    ] GC(330) Small Pages: 912 / 1824M, Empty: 1666M, Relocated: 4M, In-Place: 0
[614.470s][info][gc,reloc    ] GC(330) Medium Pages: 0 / 0M, Empty: 0M, Relocated: 0M, In-Place: 0
[614.470s][info][gc,reloc    ] GC(330) Large Pages: 0 / 0M, Empty: 0M, Relocated: 0M, In-Place: 0
[614.470s][info][gc,reloc    ] GC(330) Forwarding Usage: 0M
[614.470s][info][gc,heap     ] GC(330) Min Capacity: 8192M(100%)
[614.470s][info][gc,heap     ] GC(330) Max Capacity: 8192M(100%)
[614.470s][info][gc,heap     ] GC(330) Soft Max Capacity: 8192M(100%)
[614.470s][info][gc,heap     ] GC(330)                Mark Start          Mark End        Relocate Start      Relocate End           High               Low         
[614.470s][info][gc,heap     ] GC(330)  Capacity:     8192M (100%)       8192M (100%)       8192M (100%)       8192M (100%)       8192M (100%)       8192M (100%)   
[614.470s][info][gc,heap     ] GC(330)      Free:     6368M (78%)        6344M (77%)        8002M (98%)        8008M (98%)        8008M (98%)        6344M (77%)    
[614.470s][info][gc,heap     ] GC(330)      Used:     1824M (22%)        1848M (23%)         190M (2%)          184M (2%)         1848M (23%)         184M (2%)     
[614.470s][info][gc,heap     ] GC(330)      Live:         -               132M (2%)          132M (2%)          132M (2%)             -                  -          
[614.470s][info][gc,heap     ] GC(330) Allocated:         -                24M (0%)           32M (0%)           32M (0%)             -                  -          
[614.470s][info][gc,heap     ] GC(330)   Garbage:         -              1691M (21%)          25M (0%)           19M (0%)             -                  -          
[614.470s][info][gc,heap     ] GC(330) Reclaimed:         -                  -              1666M (20%)        1672M (20%)            -                  -          
[614.470s][info][gc          ] GC(330) Garbage Collection (Proactive) 1824M(22%)->184M(2%)
[616.240s][info][gc,start    ] GC(331) Garbage Collection (Proactive)
[616.240s][info][gc,phases   ] GC(331) Pause Mark Start 0.005ms
[616.262s][info][gc,phases   ] GC(331) Concurrent Mark 22.263ms
[616.262s][info][gc,phases   ] GC(331) Pause Mark End 0.009ms
[616.263s][info][gc,phases   ] GC(331) Concurrent Process Non-Strong References 0.494ms
[616.263s][info][gc,phases   ] GC(331) Concurrent Reset Relocation Set 0.002ms
[616.266s][info][gc,phases   ] GC(331) Concurrent Select Relocation Set 3.133ms
[616.266s][info][gc,phases   ] GC(331) Pause Relocate Start 0.006ms
[616.267s][info][gc,phases   ] GC(331) Concurrent Relocate 1.271ms
[616.267s][info][gc,load     ] GC(331) Load: 5.51/4.13/3.79
[616.267s][info][gc,mmu      ] GC(331) MMU: 2ms/98.1%, 5ms/99.2%, 10ms/99.6%, 20ms/99.8%, 50ms/99.9%, 100ms/99.9%
[616.267s][info][gc,marking  ] GC(331) Mark: 2 stripe(s), 2 proactive flush(es), 1 terminate flush(es), 0 completion(s), 0 continuation(s) 
[616.267s][info][gc,nmethod  ] GC(331) NMethods: 484 registered, 0 unregistered
[616.267s][info][gc,metaspace] GC(331) Metaspace: 0M used, 0M committed, 1032M reserved
[616.267s][info][gc,ref      ] GC(331) Soft: 82 encountered, 0 discovered, 0 enqueued
[616.267s][info][gc,ref      ] GC(331) Weak: 200 encountered, 61 discovered, 0 enqueued
[616.267s][info][gc,ref      ] GC(331) Final: 0 encountered, 0 discovered, 0 enqueued
[616.267s][info][gc,ref      ] GC(331) Phantom: 5 encountered, 5 discovered, 0 enqueued
[616.268s][info][gc,reloc    ] GC(331) Small Pages: 1016 / 2032M, Empty: 1874M, Relocated: 4M, In-Place: 0
[616.268s][info][gc,reloc    ] GC(331) Medium Pages: 0 / 0M, Empty: 0M, Relocated: 0M, In-Place: 0
[616.268s][info][gc,reloc    ] GC(331) Large Pages: 0 / 0M, Empty: 0M, Relocated: 0M, In-Place: 0
[616.268s][info][gc,reloc    ] GC(331) Forwarding Usage: 0M
[616.268s][info][gc,heap     ] GC(331) Min Capacity: 8192M(100%)
[616.268s][info][gc,heap     ] GC(331) Max Capacity: 8192M(100%)
[616.268s][info][gc,heap     ] GC(331) Soft Max Capacity: 8192M(100%)
[616.268s][info][gc,heap     ] GC(331)                Mark Start          Mark End        Relocate Start      Relocate End           High               Low         
[616.268s][info][gc,heap     ] GC(331)  Capacity:     8192M (100%)       8192M (100%)       8192M (100%)       8192M (100%)       8192M (100%)       8192M (100%)   
[616.268s][info][gc,heap     ] GC(331)      Free:     6160M (75%)        6136M (75%)        8004M (98%)        8008M (98%)        8008M (98%)        6136M (75%)    
[616.268s][info][gc,heap     ] GC(331)      Used:     2032M (25%)        2056M (25%)         188M (2%)          184M (2%)         2056M (25%)         184M (2%)     
[616.268s][info][gc,heap     ] GC(331)      Live:         -               132M (2%)          132M (2%)          132M (2%)             -                  -          
[616.268s][info][gc,heap     ] GC(331) Allocated:         -                24M (0%)           30M (0%)           32M (0%)             -                  -          
[616.268s][info][gc,heap     ] GC(331)   Garbage:         -              1899M (23%)          25M (0%)           19M (0%)             -                  -          
[616.268s][info][gc,heap     ] GC(331) Reclaimed:         -                  -              1874M (23%)        1880M (23%)            -                  -          
[616.268s][info][gc          ] GC(331) Garbage Collection (Proactive) 2032M(25%)->184M(2%)
[617.840s][info][gc,start    ] GC(332) Garbage Collection (Proactive)
[617.840s][info][gc,phases   ] GC(332) Pause Mark Start 0.005ms
[617.861s][info][gc,phases   ] GC(332) Concurrent Mark 21.209ms
[617.861s][info][gc,phases   ] GC(332) Pause Mark End 0.009ms
[617.862s][info][gc,phases   ] GC(332) Concurrent Process Non-Strong References 0.457ms
[617.862s][info][gc,phases   ] GC(332) Concurrent Reset Relocation Set 0.002ms
[617.865s][info][gc,phases   ] GC(332) Concurrent Select Relocation Set 2.758ms
[617.865s][info][gc,phases   ] GC(332) Pause Relocate Start 0.004ms
[617.865s][info][gc,phases   ] GC(332) Concurrent Relocate 0.695ms
[617.865s][info][gc,load     ] GC(332) Load: 5.51/4.13/3.79
[617.865s][info][gc,mmu      ] GC(332) MMU: 2ms/98.1%, 5ms/99.2%, 10ms/99.6%, 20ms/99.8%, 50ms/99.9%, 100ms/99.9%
[617.865s][info][gc,marking  ] GC(332) Mark: 2 stripe(s), 2 proactive flush(es), 1 terminate flush(es), 0 completion(s), 0 continuation(s) 
[617.865s][info][gc,nmethod  ] GC(332) NMethods: 484 registered, 0 unregistered
[617.866s][info][gc,metaspace] GC(332) Metaspace: 0M used, 0M committed, 1032M reserved
[617.866s][info][gc,ref      ] GC(332) Soft: 82 encountered, 0 discovered, 0 enqueued
[617.866s][info][gc,ref      ] GC(332) Weak: 200 encountered, 58 discovered, 0 enqueued
[617.866s][info][gc,ref      ] GC(332) Final: 0 encountered, 0 discovered, 0 enqueued
[617.866s][info][gc,ref      ] GC(332) Phantom: 5 encountered, 3 discovered, 0 enqueued
[617.866s][info][gc,reloc    ] GC(332) Small Pages: 912 / 1824M, Empty: 1664M, Relocated: 4M, In-Place: 0
[617.866s][info][gc,reloc    ] GC(332) Medium Pages: 0 / 0M, Empty: 0M, Relocated: 0M, In-Place: 0
[617.866s][info][gc,reloc    ] GC(332) Large Pages: 0 / 0M, Empty: 0M, Relocated: 0M, In-Place: 0
[617.866s][info][gc,reloc    ] GC(332) Forwarding Usage: 0M
[617.866s][info][gc,heap     ] GC(332) Min Capacity: 8192M(100%)
[617.866s][info][gc,heap     ] GC(332) Max Capacity: 8192M(100%)
[617.866s][info][gc,heap     ] GC(332) Soft Max Capacity: 8192M(100%)
[617.866s][info][gc,heap     ] GC(332)                Mark Start          Mark End        Relocate Start      Relocate End           High               Low         
[617.866s][info][gc,heap     ] GC(332)  Capacity:     8192M (100%)       8192M (100%)       8192M (100%)       8192M (100%)       8192M (100%)       8192M (100%)   
[617.866s][info][gc,heap     ] GC(332)      Free:     6368M (78%)        6344M (77%)        8008M (98%)        8018M (98%)        8018M (98%)        6344M (77%)    
[617.866s][info][gc,heap     ] GC(332)      Used:     1824M (22%)        1848M (23%)         184M (2%)          174M (2%)         1848M (23%)         174M (2%)     
[617.866s][info][gc,heap     ] GC(332)      Live:         -               132M (2%)          132M (2%)          132M (2%)             -                  -          
[617.866s][info][gc,heap     ] GC(332) Allocated:         -                24M (0%)           24M (0%)           24M (0%)             -                  -          
[617.866s][info][gc,heap     ] GC(332)   Garbage:         -              1691M (21%)          27M (0%)           17M (0%)             -                  -          
[617.866s][info][gc,heap     ] GC(332) Reclaimed:         -                  -              1664M (20%)        1674M (20%)            -                  -          
[617.866s][info][gc          ] GC(332) Garbage Collection (Proactive) 1824M(22%)->174M(2%)
[619.439s][info][gc,start    ] GC(333) Garbage Collection (Proactive)
[619.439s][info][gc,phases   ] GC(333) Pause Mark Start 0.008ms
[619.464s][info][gc,phases   ] GC(333) Concurrent Mark 24.353ms
[619.464s][info][gc,phases   ] GC(333) Pause Mark End 0.009ms
[619.464s][info][gc,phases   ] GC(333) Concurrent Process Non-Strong References 0.445ms
[619.464s][info][gc,phases   ] GC(333) Concurrent Reset Relocation Set 0.002ms
[619.467s][info][gc,phases   ] GC(333) Concurrent Select Relocation Set 2.943ms
[619.467s][info][gc,phases   ] GC(333) Pause Relocate Start 0.004ms
[619.468s][info][gc,phases   ] GC(333) Concurrent Relocate 0.649ms
[619.468s][info][gc,load     ] GC(333) Load: 5.51/4.13/3.79
[619.468s][info][gc,mmu      ] GC(333) MMU: 2ms/98.1%, 5ms/99.2%, 10ms/99.6%, 20ms/99.8%, 50ms/99.9%, 100ms/99.9%
[619.468s][info][gc,marking  ] GC(333) Mark: 2 stripe(s), 2 proactive flush(es), 1 terminate flush(es), 0 completion(s), 0 continuation(s) 
[619.468s][info][gc,nmethod  ] GC(333) NMethods: 484 registered, 0 unregistered
[619.468s][info][gc,metaspace] GC(333) Metaspace: 0M used, 0M committed, 1032M reserved
[619.468s][info][gc,ref      ] GC(333) Soft: 82 encountered, 0 discovered, 0 enqueued
[619.468s][info][gc,ref      ] GC(333) Weak: 200 encountered, 62 discovered, 0 enqueued
[619.468s][info][gc,ref      ] GC(333) Final: 0 encountered, 0 discovered, 0 enqueued
[619.468s][info][gc,ref      ] GC(333) Phantom: 5 encountered, 3 discovered, 0 enqueued
[619.468s][info][gc,reloc    ] GC(333) Small Pages: 911 / 1822M, Empty: 1664M, Relocated: 4M, In-Place: 0
[619.468s][info][gc,reloc    ] GC(333) Medium Pages: 0 / 0M, Empty: 0M, Relocated: 0M, In-Place: 0
[619.468s][info][gc,reloc    ] GC(333) Large Pages: 0 / 0M, Empty: 0M, Relocated: 0M, In-Place: 0
[619.468s][info][gc,reloc    ] GC(333) Forwarding Usage: 0M
[619.468s][info][gc,heap     ] GC(333) Min Capacity: 8192M(100%)
[619.468s][info][gc,heap     ] GC(333) Max Capacity: 8192M(100%)
[619.468s][info][gc,heap     ] GC(333) Soft Max Capacity: 8192M(100%)
[619.468s][info][gc,heap     ] GC(333)                Mark Start          Mark End        Relocate Start      Relocate End           High               Low         
[619.468s][info][gc,heap     ] GC(333)  Capacity:     8192M (100%)       8192M (100%)       8192M (100%)       8192M (100%)       8192M (100%)       8192M (100%)   
[619.468s][info][gc,heap     ] GC(333)      Free:     6370M (78%)        6346M (77%)        8002M (98%)        8008M (98%)        8010M (98%)        6346M (77%)    
[619.468s][info][gc,heap     ] GC(333)      Used:     1822M (22%)        1846M (23%)         190M (2%)          184M (2%)         1846M (23%)         182M (2%)     
[619.468s][info][gc,heap     ] GC(333)      Live:         -               132M (2%)          132M (2%)          132M (2%)             -                  -          
[619.468s][info][gc,heap     ] GC(333) Allocated:         -                24M (0%)           32M (0%)           32M (0%)             -                  -          
[619.468s][info][gc,heap     ] GC(333)   Garbage:         -              1689M (21%)          25M (0%)           19M (0%)             -                  -          
[619.468s][info][gc,heap     ] GC(333) Reclaimed:         -                  -              1664M (20%)        1670M (20%)            -                  -          
[619.468s][info][gc          ] GC(333) Garbage Collection (Proactive) 1822M(22%)->184M(2%)
[620.039s][info][gc,stats    ] === Garbage Collection Statistics =======================================================================================================================
[620.039s][info][gc,stats    ]                                                              Last 10s              Last 10m              Last 10h                Total
[620.039s][info][gc,stats    ]                                                              Avg / Max             Avg / Max             Avg / Max             Avg / Max
[620.039s][info][gc,stats    ]   Collector: Garbage Collection Cycle                     27.547 / 30.002       29.641 / 44.621       30.186 / 95.920       30.186 / 95.920      ms
[620.039s][info][gc,stats    ]  Contention: Mark Segment Reset Contention                     0 / 2                 0 / 3                 0 / 4                 0 / 4           ops/s
[620.039s][info][gc,stats    ]  Contention: Mark SeqNum Reset Contention                      0 / 0                 0 / 1                 0 / 1                 0 / 1           ops/s
[620.039s][info][gc,stats    ]    Critical: Allocation Stall                                  0 / 0                 0 / 0                 0 / 0                 0 / 0           ops/s
[620.039s][info][gc,stats    ]    Critical: Allocation Stall                              0.000 / 0.000         0.000 / 0.000         0.000 / 0.000         0.000 / 0.000       ms
[620.039s][info][gc,stats    ]    Critical: GC Locker Stall                                   0 / 0                 0 / 0                 0 / 0                 0 / 0           ops/s
[620.039s][info][gc,stats    ]    Critical: GC Locker Stall                               0.000 / 0.000         0.000 / 0.000         0.000 / 0.000         0.000 / 0.000       ms
[620.039s][info][gc,stats    ]    Critical: Relocation Stall                                  0 / 0                 0 / 0                 0 / 0                 0 / 0           ops/s
[620.039s][info][gc,stats    ]    Critical: Relocation Stall                              0.000 / 0.000         0.000 / 0.000         0.000 / 0.000         0.000 / 0.000       ms
[620.039s][info][gc,stats    ]      Memory: Allocation Rate                                1044 / 1048           1044 / 1054           1057 / 9212           1057 / 9212        MB/s
[620.039s][info][gc,stats    ]      Memory: Out Of Memory                                     0 / 0                 0 / 0                 0 / 0                 0 / 0           ops/s
[620.039s][info][gc,stats    ]      Memory: Page Cache Flush                                  0 / 0                 0 / 0                 0 / 0                 0 / 0           MB/s
[620.039s][info][gc,stats    ]      Memory: Page Cache Hit L1                               524 / 528             524 / 533             521 / 533             521 / 533         ops/s
[620.039s][info][gc,stats    ]      Memory: Page Cache Hit L2                                 0 / 0                 0 / 0                 0 / 0                 0 / 0           ops/s
[620.039s][info][gc,stats    ]      Memory: Page Cache Hit L3                                 0 / 0                 0 / 61                2 / 486               2 / 486         ops/s
[620.039s][info][gc,stats    ]      Memory: Page Cache Miss                                   0 / 0                 0 / 0                 0 / 1                 0 / 1           ops/s
[620.039s][info][gc,stats    ]      Memory: Uncommit                                          0 / 0                 0 / 0                 0 / 0                 0 / 0           MB/s
[620.039s][info][gc,stats    ]      Memory: Undo Object Allocation Failed                     0 / 0                 0 / 0                 0 / 0                 0 / 0           ops/s
[620.039s][info][gc,stats    ]      Memory: Undo Object Allocation Succeeded                  0 / 0                 0 / 6                 0 / 6                 0 / 6           ops/s
[620.039s][info][gc,stats    ]      Memory: Undo Page Allocation                              0 / 0                 0 / 1                 0 / 1                 0 / 1           ops/s
[620.039s][info][gc,stats    ]       Phase: Concurrent Mark                              22.825 / 24.725       24.915 / 40.571       25.353 / 65.214       25.353 / 65.214      ms
[620.039s][info][gc,stats    ]       Phase: Concurrent Mark Continue                      0.000 / 0.000         0.000 / 0.000         0.000 / 0.000         0.000 / 0.000       ms
[620.039s][info][gc,stats    ]       Phase: Concurrent Process Non-Strong References      0.430 / 0.494         0.447 / 0.911         0.449 / 0.911         0.449 / 0.911       ms
[620.039s][info][gc,stats    ]       Phase: Concurrent Relocate                           0.861 / 1.271         0.807 / 2.004         0.882 / 16.651        0.882 / 16.651      ms
[620.039s][info][gc,stats    ]       Phase: Concurrent Reset Relocation Set               0.002 / 0.002         0.002 / 0.018         0.002 / 0.098         0.002 / 0.098       ms
[620.039s][info][gc,stats    ]       Phase: Concurrent Select Relocation Set              2.844 / 3.133         2.832 / 4.147         2.862 / 12.567        2.862 / 12.567      ms
[620.039s][info][gc,stats    ]       Phase: Pause Mark End                                0.011 / 0.018         0.009 / 0.025         0.009 / 0.025         0.009 / 0.025       ms
[620.039s][info][gc,stats    ]       Phase: Pause Mark Start                              0.005 / 0.008         0.006 / 0.039         0.006 / 0.039         0.006 / 0.039       ms
[620.039s][info][gc,stats    ]       Phase: Pause Relocate Start                          0.005 / 0.007         0.004 / 0.026         0.004 / 0.026         0.004 / 0.026       ms
[620.039s][info][gc,stats    ]    Subphase: Concurrent Classes Purge                      0.031 / 0.052         0.029 / 0.102         0.029 / 0.102         0.029 / 0.102       ms
[620.039s][info][gc,stats    ]    Subphase: Concurrent Classes Unlink                     0.288 / 0.317         0.292 / 0.571         0.292 / 0.571         0.292 / 0.571       ms
[620.039s][info][gc,stats    ]    Subphase: Concurrent Mark                              22.052 / 24.469       24.116 / 40.181       24.557 / 64.907       24.557 / 64.907      ms
[620.039s][info][gc,stats    ]    Subphase: Concurrent Mark Idle                          1.170 / 1.282         1.191 / 1.347         1.189 / 1.347         1.189 / 1.347       ms
[620.039s][info][gc,stats    ]    Subphase: Concurrent Mark Try Flush                     0.036 / 0.083         0.033 / 0.135         0.033 / 0.135         0.033 / 0.135       ms
[620.039s][info][gc,stats    ]    Subphase: Concurrent Mark Try Terminate                 0.397 / 1.284         0.434 / 1.361         0.435 / 1.361         0.435 / 1.361       ms
[620.039s][info][gc,stats    ]    Subphase: Concurrent References Enqueue                 0.000 / 0.000         0.000 / 0.008         0.000 / 0.008         0.000 / 0.008       ms
[620.039s][info][gc,stats    ]    Subphase: Concurrent References Process                 0.023 / 0.033         0.024 / 0.095         0.025 / 0.095         0.025 / 0.095       ms
[620.039s][info][gc,stats    ]    Subphase: Concurrent Roots ClassLoaderDataGraph         0.015 / 0.041         0.017 / 0.089         0.017 / 0.132         0.017 / 0.132       ms
[620.039s][info][gc,stats    ]    Subphase: Concurrent Roots CodeCache                    0.000 / 0.000         0.000 / 0.000         0.000 / 0.000         0.000 / 0.000       ms
[620.039s][info][gc,stats    ]    Subphase: Concurrent Roots JavaThreads                  0.196 / 0.301         0.210 / 0.485         0.209 / 0.485         0.209 / 0.485       ms
[620.039s][info][gc,stats    ]    Subphase: Concurrent Roots OopStorageSet                0.004 / 0.006         0.004 / 0.041         0.004 / 0.041         0.004 / 0.041       ms
[620.039s][info][gc,stats    ]    Subphase: Concurrent Weak Roots OopStorageSet           0.038 / 0.053         0.037 / 0.089         0.037 / 0.120         0.037 / 0.120       ms
[620.039s][info][gc,stats    ]    Subphase: Pause Mark Try Complete                       0.000 / 0.000         0.000 / 0.000         0.000 / 0.000         0.000 / 0.000       ms
[620.039s][info][gc,stats    ]      System: Java Threads                                     16 / 16               16 / 16               16 / 20               16 / 20          threads
[620.039s][info][gc,stats    ] =========================================================================================================================================================
[621.140s][info][gc,start    ] GC(334) Garbage Collection (Proactive)
[621.140s][info][gc,phases   ] GC(334) Pause Mark Start 0.004ms
[621.162s][info][gc,phases   ] GC(334) Concurrent Mark 21.812ms
[621.162s][info][gc,phases   ] GC(334) Pause Mark End 0.010ms
[621.162s][info][gc,phases   ] GC(334) Concurrent Process Non-Strong References 0.466ms
[621.162s][info][gc,phases   ] GC(334) Concurrent Reset Relocation Set 0.001ms
[621.165s][info][gc,phases   ] GC(334) Concurrent Select Relocation Set 2.399ms
[621.165s][info][gc,phases   ] GC(334) Pause Relocate Start 0.004ms
[621.165s][info][gc,phases   ] GC(334) Concurrent Relocate 0.675ms
[621.166s][info][gc,load     ] GC(334) Load: 5.51/4.13/3.79
[621.166s][info][gc,mmu      ] GC(334) MMU: 2ms/98.1%, 5ms/99.2%, 10ms/99.6%, 20ms/99.8%, 50ms/99.9%, 100ms/99.9%
[621.166s][info][gc,marking  ] GC(334) Mark: 2 stripe(s), 2 proactive flush(es), 1 terminate flush(es), 0 completion(s), 0 continuation(s) 
[621.166s][info][gc,nmethod  ] GC(334) NMethods: 484 registered, 0 unregistered
[621.166s][info][gc,metaspace] GC(334) Metaspace: 0M used, 0M committed, 1032M reserved
[621.166s][info][gc,ref      ] GC(334) Soft: 82 encountered, 0 discovered, 0 enqueued
[621.166s][info][gc,ref      ] GC(334) Weak: 200 encountered, 53 discovered, 0 enqueued
[621.166s][info][gc,ref      ] GC(334) Final: 0 encountered, 0 discovered, 0 enqueued
[621.166s][info][gc,ref      ] GC(334) Phantom: 5 encountered, 5 discovered, 0 enqueued
[621.166s][info][gc,reloc    ] GC(334) Small Pages: 964 / 1928M, Empty: 1768M, Relocated: 4M, In-Place: 0
[621.166s][info][gc,reloc    ] GC(334) Medium Pages: 0 / 0M, Empty: 0M, Relocated: 0M, In-Place: 0
[621.166s][info][gc,reloc    ] GC(334) Large Pages: 0 / 0M, Empty: 0M, Relocated: 0M, In-Place: 0
[621.166s][info][gc,reloc    ] GC(334) Forwarding Usage: 0M
[621.166s][info][gc,heap     ] GC(334) Min Capacity: 8192M(100%)
[621.166s][info][gc,heap     ] GC(334) Max Capacity: 8192M(100%)
[621.166s][info][gc,heap     ] GC(334) Soft Max Capacity: 8192M(100%)
[621.166s][info][gc,heap     ] GC(334)                Mark Start          Mark End        Relocate Start      Relocate End           High               Low         
[621.166s][info][gc,heap     ] GC(334)  Capacity:     8192M (100%)       8192M (100%)       8192M (100%)       8192M (100%)       8192M (100%)       8192M (100%)   
[621.166s][info][gc,heap     ] GC(334)      Free:     6264M (76%)        6240M (76%)        8008M (98%)        8016M (98%)        8016M (98%)        6240M (76%)    
[621.166s][info][gc,heap     ] GC(334)      Used:     1928M (24%)        1952M (24%)         184M (2%)          176M (2%)         1952M (24%)         176M (2%)     
[621.166s][info][gc,heap     ] GC(334)      Live:         -               132M (2%)          132M (2%)          132M (2%)             -                  -          
[621.166s][info][gc,heap     ] GC(334) Allocated:         -                24M (0%)           24M (0%)           24M (0%)             -                  -          
[621.166s][info][gc,heap     ] GC(334)   Garbage:         -              1795M (22%)          27M (0%)           19M (0%)             -                  -          
[621.166s][info][gc,heap     ] GC(334) Reclaimed:         -                  -              1768M (22%)        1776M (22%)            -                  -          
[621.166s][info][gc          ] GC(334) Garbage Collection (Proactive) 1928M(24%)->176M(2%)
[622.741s][info][gc,start    ] GC(335) Garbage Collection (Proactive)
[622.741s][info][gc,phases   ] GC(335) Pause Mark Start 0.005ms
[622.763s][info][gc,phases   ] GC(335) Concurrent Mark 21.753ms
[622.763s][info][gc,phases   ] GC(335) Pause Mark End 0.008ms
[622.763s][info][gc,phases   ] GC(335) Concurrent Process Non-Strong References 0.407ms
[622.763s][info][gc,phases   ] GC(335) Concurrent Reset Relocation Set 0.001ms
[622.766s][info][gc,phases   ] GC(335) Concurrent Select Relocation Set 2.677ms
[622.766s][info][gc,phases   ] GC(335) Pause Relocate Start 0.003ms
[622.767s][info][gc,phases   ] GC(335) Concurrent Relocate 0.598ms
[622.767s][info][gc,load     ] GC(335) Load: 5.31/4.11/3.79
[622.767s][info][gc,mmu      ] GC(335) MMU: 2ms/98.1%, 5ms/99.2%, 10ms/99.6%, 20ms/99.8%, 50ms/99.9%, 100ms/99.9%
[622.767s][info][gc,marking  ] GC(335) Mark: 2 stripe(s), 3 proactive flush(es), 1 terminate flush(es), 0 completion(s), 0 continuation(s) 
[622.767s][info][gc,nmethod  ] GC(335) NMethods: 484 registered, 0 unregistered
[622.767s][info][gc,metaspace] GC(335) Metaspace: 0M used, 0M committed, 1032M reserved
[622.767s][info][gc,ref      ] GC(335) Soft: 82 encountered, 0 discovered, 0 enqueued
[622.767s][info][gc,ref      ] GC(335) Weak: 200 encountered, 59 discovered, 0 enqueued
[622.767s][info][gc,ref      ] GC(335) Final: 0 encountered, 0 discovered, 0 enqueued
[622.767s][info][gc,ref      ] GC(335) Phantom: 5 encountered, 3 discovered, 0 enqueued
[622.767s][info][gc,reloc    ] GC(335) Small Pages: 912 / 1824M, Empty: 1668M, Relocated: 3M, In-Place: 0
[622.767s][info][gc,reloc    ] GC(335) Medium Pages: 0 / 0M, Empty: 0M, Relocated: 0M, In-Place: 0
[622.767s][info][gc,reloc    ] GC(335) Large Pages: 0 / 0M, Empty: 0M, Relocated: 0M, In-Place: 0
[622.767s][info][gc,reloc    ] GC(335) Forwarding Usage: 0M
[622.767s][info][gc,heap     ] GC(335) Min Capacity: 8192M(100%)
[622.767s][info][gc,heap     ] GC(335) Max Capacity: 8192M(100%)
[622.767s][info][gc,heap     ] GC(335) Soft Max Capacity: 8192M(100%)
[622.767s][info][gc,heap     ] GC(335)                Mark Start          Mark End        Relocate Start      Relocate End           High               Low         
[622.767s][info][gc,heap     ] GC(335)  Capacity:     8192M (100%)       8192M (100%)       8192M (100%)       8192M (100%)       8192M (100%)       8192M (100%)   
[622.767s][info][gc,heap     ] GC(335)      Free:     6368M (78%)        6344M (77%)        8006M (98%)        8008M (98%)        8008M (98%)        6344M (77%)    
[622.767s][info][gc,heap     ] GC(335)      Used:     1824M (22%)        1848M (23%)         186M (2%)          184M (2%)         1848M (23%)         184M (2%)     
[622.767s][info][gc,heap     ] GC(335)      Live:         -               132M (2%)          132M (2%)          132M (2%)             -                  -          
[622.767s][info][gc,heap     ] GC(335) Allocated:         -                24M (0%)           30M (0%)           32M (0%)             -                  -          
[622.767s][info][gc,heap     ] GC(335)   Garbage:         -              1691M (21%)          23M (0%)           19M (0%)             -                  -          
[622.767s][info][gc,heap     ] GC(335) Reclaimed:         -                  -              1668M (20%)        1672M (20%)            -                  -          
[622.767s][info][gc          ] GC(335) Garbage Collection (Proactive) 1824M(22%)->184M(2%)
[624.240s][info][gc,start    ] GC(336) Garbage Collection (Proactive)
[624.240s][info][gc,phases   ] GC(336) Pause Mark Start 0.005ms
[624.263s][info][gc,phases   ] GC(336) Concurrent Mark 22.374ms
[624.263s][info][gc,phases   ] GC(336) Pause Mark End 0.008ms
[624.263s][info][gc,phases   ] GC(336) Concurrent Process Non-Strong References 0.385ms
[624.263s][info][gc,phases   ] GC(336) Concurrent Reset Relocation Set 0.001ms
[624.266s][info][gc,phases   ] GC(336) Concurrent Select Relocation Set 2.779ms
[624.266s][info][gc,phases   ] GC(336) Pause Relocate Start 0.004ms
[624.267s][info][gc,phases   ] GC(336) Concurrent Relocate 0.575ms
[624.267s][info][gc,load     ] GC(336) Load: 5.31/4.11/3.79
[624.267s][info][gc,mmu      ] GC(336) MMU: 2ms/98.1%, 5ms/99.2%, 10ms/99.6%, 20ms/99.8%, 50ms/99.9%, 100ms/99.9%
[624.267s][info][gc,marking  ] GC(336) Mark: 2 stripe(s), 2 proactive flush(es), 1 terminate flush(es), 0 completion(s), 0 continuation(s) 
[624.267s][info][gc,nmethod  ] GC(336) NMethods: 484 registered, 0 unregistered
[624.267s][info][gc,metaspace] GC(336) Metaspace: 0M used, 0M committed, 1032M reserved
[624.267s][info][gc,ref      ] GC(336) Soft: 82 encountered, 0 discovered, 0 enqueued
[624.267s][info][gc,ref      ] GC(336) Weak: 200 encountered, 61 discovered, 0 enqueued
[624.267s][info][gc,ref      ] GC(336) Final: 0 encountered, 0 discovered, 0 enqueued
[624.267s][info][gc,ref      ] GC(336) Phantom: 5 encountered, 5 discovered, 0 enqueued
[624.267s][info][gc,reloc    ] GC(336) Small Pages: 860 / 1720M, Empty: 1562M, Relocated: 3M, In-Place: 0
[624.267s][info][gc,reloc    ] GC(336) Medium Pages: 0 / 0M, Empty: 0M, Relocated: 0M, In-Place: 0
[624.267s][info][gc,reloc    ] GC(336) Large Pages: 0 / 0M, Empty: 0M, Relocated: 0M, In-Place: 0
[624.267s][info][gc,reloc    ] GC(336) Forwarding Usage: 0M
[624.267s][info][gc,heap     ] GC(336) Min Capacity: 8192M(100%)
[624.267s][info][gc,heap     ] GC(336) Max Capacity: 8192M(100%)
[624.267s][info][gc,heap     ] GC(336) Soft Max Capacity: 8192M(100%)
[624.267s][info][gc,heap     ] GC(336)                Mark Start          Mark End        Relocate Start      Relocate End           High               Low         
[624.267s][info][gc,heap     ] GC(336)  Capacity:     8192M (100%)       8192M (100%)       8192M (100%)       8192M (100%)       8192M (100%)       8192M (100%)   
[624.267s][info][gc,heap     ] GC(336)      Free:     6472M (79%)        6448M (79%)        8002M (98%)        8010M (98%)        8010M (98%)        6448M (79%)    
[624.267s][info][gc,heap     ] GC(336)      Used:     1720M (21%)        1744M (21%)         190M (2%)          182M (2%)         1744M (21%)         182M (2%)     
[624.267s][info][gc,heap     ] GC(336)      Live:         -               132M (2%)          132M (2%)          132M (2%)             -                  -          
[624.267s][info][gc,heap     ] GC(336) Allocated:         -                24M (0%)           32M (0%)           32M (0%)             -                  -          
[624.267s][info][gc,heap     ] GC(336)   Garbage:         -              1587M (19%)          25M (0%)           17M (0%)             -                  -          
[624.267s][info][gc,heap     ] GC(336) Reclaimed:         -                  -              1562M (19%)        1570M (19%)            -                  -          
[624.267s][info][gc          ] GC(336) Garbage Collection (Proactive) 1720M(21%)->182M(2%)
[625.741s][info][gc,start    ] GC(337) Garbage Collection (Proactive)
[625.741s][info][gc,phases   ] GC(337) Pause Mark Start 0.005ms
[625.764s][info][gc,phases   ] GC(337) Concurrent Mark 23.378ms
[625.764s][info][gc,phases   ] GC(337) Pause Mark End 0.009ms
[625.765s][info][gc,phases   ] GC(337) Concurrent Process Non-Strong References 0.395ms
[625.765s][info][gc,phases   ] GC(337) Concurrent Reset Relocation Set 0.001ms
[625.768s][info][gc,phases   ] GC(337) Concurrent Select Relocation Set 2.781ms
[625.768s][info][gc,phases   ] GC(337) Pause Relocate Start 0.004ms
[625.768s][info][gc,phases   ] GC(337) Concurrent Relocate 0.482ms
[625.768s][info][gc,load     ] GC(337) Load: 5.31/4.11/3.79
[625.768s][info][gc,mmu      ] GC(337) MMU: 2ms/98.1%, 5ms/99.2%, 10ms/99.6%, 20ms/99.8%, 50ms/99.9%, 100ms/99.9%
[625.768s][info][gc,marking  ] GC(337) Mark: 2 stripe(s), 2 proactive flush(es), 1 terminate flush(es), 0 completion(s), 0 continuation(s) 
[625.768s][info][gc,nmethod  ] GC(337) NMethods: 484 registered, 0 unregistered
[625.768s][info][gc,metaspace] GC(337) Metaspace: 0M used, 0M committed, 1032M reserved
[625.768s][info][gc,ref      ] GC(337) Soft: 82 encountered, 0 discovered, 0 enqueued
[625.768s][info][gc,ref      ] GC(337) Weak: 200 encountered, 62 discovered, 0 enqueued
[625.768s][info][gc,ref      ] GC(337) Final: 0 encountered, 0 discovered, 0 enqueued
[625.768s][info][gc,ref      ] GC(337) Phantom: 5 encountered, 3 discovered, 0 enqueued
[625.768s][info][gc,reloc    ] GC(337) Small Pages: 859 / 1718M, Empty: 1560M, Relocated: 3M, In-Place: 0
[625.768s][info][gc,reloc    ] GC(337) Medium Pages: 0 / 0M, Empty: 0M, Relocated: 0M, In-Place: 0
[625.768s][info][gc,reloc    ] GC(337) Large Pages: 0 / 0M, Empty: 0M, Relocated: 0M, In-Place: 0
[625.768s][info][gc,reloc    ] GC(337) Forwarding Usage: 0M
[625.768s][info][gc,heap     ] GC(337) Min Capacity: 8192M(100%)
[625.768s][info][gc,heap     ] GC(337) Max Capacity: 8192M(100%)
[625.768s][info][gc,heap     ] GC(337) Soft Max Capacity: 8192M(100%)
[625.768s][info][gc,heap     ] GC(337)                Mark Start          Mark End        Relocate Start      Relocate End           High               Low         
[625.768s][info][gc,heap     ] GC(337)  Capacity:     8192M (100%)       8192M (100%)       8192M (100%)       8192M (100%)       8192M (100%)       8192M (100%)   
[625.768s][info][gc,heap     ] GC(337)      Free:     6474M (79%)        6450M (79%)        8002M (98%)        8010M (98%)        8010M (98%)        6450M (79%)    
[625.768s][info][gc,heap     ] GC(337)      Used:     1718M (21%)        1742M (21%)         190M (2%)          182M (2%)         1742M (21%)         182M (2%)     
[625.768s][info][gc,heap     ] GC(337)      Live:         -               132M (2%)          132M (2%)          132M (2%)             -                  -          
[625.768s][info][gc,heap     ] GC(337) Allocated:         -                24M (0%)           32M (0%)           32M (0%)             -                  -          
[625.768s][info][gc,heap     ] GC(337)   Garbage:         -              1585M (19%)          25M (0%)           17M (0%)             -                  -          
[625.768s][info][gc,heap     ] GC(337) Reclaimed:         -                  -              1560M (19%)        1568M (19%)            -                  -          
[625.768s][info][gc          ] GC(337) Garbage Collection (Proactive) 1718M(21%)->182M(2%)
[627.240s][info][gc,start    ] GC(338) Garbage Collection (Proactive)
[627.240s][info][gc,phases   ] GC(338) Pause Mark Start 0.007ms
[627.264s][info][gc,phases   ] GC(338) Concurrent Mark 23.856ms
[627.264s][info][gc,phases   ] GC(338) Pause Mark End 0.009ms
[627.264s][info][gc,phases   ] GC(338) Concurrent Process Non-Strong References 0.394ms
[627.264s][info][gc,phases   ] GC(338) Concurrent Reset Relocation Set 0.001ms
[627.267s][info][gc,phases   ] GC(338) Concurrent Select Relocation Set 2.991ms
[627.267s][info][gc,phases   ] GC(338) Pause Relocate Start 0.004ms
[627.268s][info][gc,phases   ] GC(338) Concurrent Relocate 0.471ms
[627.268s][info][gc,load     ] GC(338) Load: 4.96/4.06/3.77
[627.268s][info][gc,mmu      ] GC(338) MMU: 2ms/98.1%, 5ms/99.2%, 10ms/99.6%, 20ms/99.8%, 50ms/99.9%, 100ms/99.9%
[627.268s][info][gc,marking  ] GC(338) Mark: 2 stripe(s), 2 proactive flush(es), 1 terminate flush(es), 0 completion(s), 0 continuation(s) 
[627.268s][info][gc,nmethod  ] GC(338) NMethods: 484 registered, 0 unregistered
[627.268s][info][gc,metaspace] GC(338) Metaspace: 0M used, 0M committed, 1032M reserved
[627.268s][info][gc,ref      ] GC(338) Soft: 82 encountered, 0 discovered, 0 enqueued
[627.268s][info][gc,ref      ] GC(338) Weak: 200 encountered, 62 discovered, 0 enqueued
[627.268s][info][gc,ref      ] GC(338) Final: 0 encountered, 0 discovered, 0 enqueued
[627.268s][info][gc,ref      ] GC(338) Phantom: 5 encountered, 3 discovered, 0 enqueued
[627.268s][info][gc,reloc    ] GC(338) Small Pages: 859 / 1718M, Empty: 1562M, Relocated: 3M, In-Place: 0
[627.268s][info][gc,reloc    ] GC(338) Medium Pages: 0 / 0M, Empty: 0M, Relocated: 0M, In-Place: 0
[627.268s][info][gc,reloc    ] GC(338) Large Pages: 0 / 0M, Empty: 0M, Relocated: 0M, In-Place: 0
[627.268s][info][gc,reloc    ] GC(338) Forwarding Usage: 0M
[627.268s][info][gc,heap     ] GC(338) Min Capacity: 8192M(100%)
[627.268s][info][gc,heap     ] GC(338) Max Capacity: 8192M(100%)
[627.268s][info][gc,heap     ] GC(338) Soft Max Capacity: 8192M(100%)
[627.268s][info][gc,heap     ] GC(338)                Mark Start          Mark End        Relocate Start      Relocate End           High               Low         
[627.268s][info][gc,heap     ] GC(338)  Capacity:     8192M (100%)       8192M (100%)       8192M (100%)       8192M (100%)       8192M (100%)       8192M (100%)   
[627.268s][info][gc,heap     ] GC(338)      Free:     6474M (79%)        6450M (79%)        8004M (98%)        8010M (98%)        8010M (98%)        6450M (79%)    
[627.268s][info][gc,heap     ] GC(338)      Used:     1718M (21%)        1742M (21%)         188M (2%)          182M (2%)         1742M (21%)         182M (2%)     
[627.268s][info][gc,heap     ] GC(338)      Live:         -               132M (2%)          132M (2%)          132M (2%)             -                  -          
[627.268s][info][gc,heap     ] GC(338) Allocated:         -                24M (0%)           32M (0%)           32M (0%)             -                  -          
[627.268s][info][gc,heap     ] GC(338)   Garbage:         -              1585M (19%)          23M (0%)           17M (0%)             -                  -          
[627.268s][info][gc,heap     ] GC(338) Reclaimed:         -                  -              1562M (19%)        1568M (19%)            -                  -          
[627.268s][info][gc          ] GC(338) Garbage Collection (Proactive) 1718M(21%)->182M(2%)
[628.741s][info][gc,start    ] GC(339) Garbage Collection (Proactive)
[628.741s][info][gc,phases   ] GC(339) Pause Mark Start 0.006ms
[628.765s][info][gc,phases   ] GC(339) Concurrent Mark 24.010ms
[628.765s][info][gc,phases   ] GC(339) Pause Mark End 0.010ms
[628.765s][info][gc,phases   ] GC(339) Concurrent Process Non-Strong References 0.442ms
[628.765s][info][gc,phases   ] GC(339) Concurrent Reset Relocation Set 0.002ms
[628.769s][info][gc,phases   ] GC(339) Concurrent Select Relocation Set 3.155ms
[628.769s][info][gc,phases   ] GC(339) Pause Relocate Start 0.006ms
[628.769s][info][gc,phases   ] GC(339) Concurrent Relocate 0.499ms
[628.769s][info][gc,load     ] GC(339) Load: 4.96/4.06/3.77
[628.769s][info][gc,mmu      ] GC(339) MMU: 2ms/98.1%, 5ms/99.2%, 10ms/99.6%, 20ms/99.8%, 50ms/99.9%, 100ms/99.9%
[628.769s][info][gc,marking  ] GC(339) Mark: 2 stripe(s), 2 proactive flush(es), 1 terminate flush(es), 0 completion(s), 0 continuation(s) 
[628.769s][info][gc,nmethod  ] GC(339) NMethods: 484 registered, 0 unregistered
[628.769s][info][gc,metaspace] GC(339) Metaspace: 0M used, 0M committed, 1032M reserved
[628.769s][info][gc,ref      ] GC(339) Soft: 82 encountered, 0 discovered, 0 enqueued
[628.769s][info][gc,ref      ] GC(339) Weak: 200 encountered, 54 discovered, 0 enqueued
[628.769s][info][gc,ref      ] GC(339) Final: 0 encountered, 0 discovered, 0 enqueued
[628.769s][info][gc,ref      ] GC(339) Phantom: 5 encountered, 3 discovered, 0 enqueued
[628.769s][info][gc,reloc    ] GC(339) Small Pages: 859 / 1718M, Empty: 1562M, Relocated: 3M, In-Place: 0
[628.769s][info][gc,reloc    ] GC(339) Medium Pages: 0 / 0M, Empty: 0M, Relocated: 0M, In-Place: 0
[628.769s][info][gc,reloc    ] GC(339) Large Pages: 0 / 0M, Empty: 0M, Relocated: 0M, In-Place: 0
[628.770s][info][gc,reloc    ] GC(339) Forwarding Usage: 0M
[628.770s][info][gc,heap     ] GC(339) Min Capacity: 8192M(100%)
[628.770s][info][gc,heap     ] GC(339) Max Capacity: 8192M(100%)
[628.770s][info][gc,heap     ] GC(339) Soft Max Capacity: 8192M(100%)
[628.770s][info][gc,heap     ] GC(339)                Mark Start          Mark End        Relocate Start      Relocate End           High               Low         
[628.770s][info][gc,heap     ] GC(339)  Capacity:     8192M (100%)       8192M (100%)       8192M (100%)       8192M (100%)       8192M (100%)       8192M (100%)   
[628.770s][info][gc,heap     ] GC(339)      Free:     6474M (79%)        6450M (79%)        8004M (98%)        8010M (98%)        8010M (98%)        6450M (79%)    
[628.770s][info][gc,heap     ] GC(339)      Used:     1718M (21%)        1742M (21%)         188M (2%)          182M (2%)         1742M (21%)         182M (2%)     
[628.770s][info][gc,heap     ] GC(339)      Live:         -               132M (2%)          132M (2%)          132M (2%)             -                  -          
[628.770s][info][gc,heap     ] GC(339) Allocated:         -                24M (0%)           32M (0%)           32M (0%)             -                  -          
[628.770s][info][gc,heap     ] GC(339)   Garbage:         -              1585M (19%)          23M (0%)           17M (0%)             -                  -          
[628.770s][info][gc,heap     ] GC(339) Reclaimed:         -                  -              1562M (19%)        1568M (19%)            -                  -          
[628.770s][info][gc          ] GC(339) Garbage Collection (Proactive) 1718M(21%)->182M(2%)
[630.040s][info][gc,stats    ] === Garbage Collection Statistics =======================================================================================================================
[630.040s][info][gc,stats    ]                                                              Last 10s              Last 10m              Last 10h                Total
[630.040s][info][gc,stats    ]                                                              Avg / Max             Avg / Max             Avg / Max             Avg / Max
[630.040s][info][gc,stats    ]   Collector: Garbage Collection Cycle                     27.175 / 28.769       29.529 / 44.621       30.133 / 95.920       30.133 / 95.920      ms
[630.040s][info][gc,stats    ]  Contention: Mark Segment Reset Contention                     0 / 0                 0 / 3                 0 / 4                 0 / 4           ops/s
[630.040s][info][gc,stats    ]  Contention: Mark SeqNum Reset Contention                      0 / 0                 0 / 1                 0 / 1                 0 / 1           ops/s
[630.040s][info][gc,stats    ]    Critical: Allocation Stall                                  0 / 0                 0 / 0                 0 / 0                 0 / 0           ops/s
[630.040s][info][gc,stats    ]    Critical: Allocation Stall                              0.000 / 0.000         0.000 / 0.000         0.000 / 0.000         0.000 / 0.000       ms
[630.040s][info][gc,stats    ]    Critical: GC Locker Stall                                   0 / 0                 0 / 0                 0 / 0                 0 / 0           ops/s
[630.040s][info][gc,stats    ]    Critical: GC Locker Stall                               0.000 / 0.000         0.000 / 0.000         0.000 / 0.000         0.000 / 0.000       ms
[630.040s][info][gc,stats    ]    Critical: Relocation Stall                                  0 / 0                 0 / 0                 0 / 0                 0 / 0           ops/s
[630.040s][info][gc,stats    ]    Critical: Relocation Stall                              0.000 / 0.000         0.000 / 0.000         0.000 / 0.000         0.000 / 0.000       ms
[630.040s][info][gc,stats    ]      Memory: Allocation Rate                                1044 / 1048           1044 / 1054           1057 / 9212           1057 / 9212        MB/s
[630.040s][info][gc,stats    ]      Memory: Out Of Memory                                     0 / 0                 0 / 0                 0 / 0                 0 / 0           ops/s
[630.040s][info][gc,stats    ]      Memory: Page Cache Flush                                  0 / 0                 0 / 0                 0 / 0                 0 / 0           MB/s
[630.040s][info][gc,stats    ]      Memory: Page Cache Hit L1                               523 / 528             524 / 533             521 / 533             521 / 533         ops/s
[630.040s][info][gc,stats    ]      Memory: Page Cache Hit L2                                 0 / 0                 0 / 0                 0 / 0                 0 / 0           ops/s
[630.040s][info][gc,stats    ]      Memory: Page Cache Hit L3                                 0 / 0                 0 / 61                2 / 486               2 / 486         ops/s
[630.040s][info][gc,stats    ]      Memory: Page Cache Miss                                   0 / 0                 0 / 0                 0 / 1                 0 / 1           ops/s
[630.040s][info][gc,stats    ]      Memory: Uncommit                                          0 / 0                 0 / 0                 0 / 0                 0 / 0           MB/s
[630.040s][info][gc,stats    ]      Memory: Undo Object Allocation Failed                     0 / 0                 0 / 0                 0 / 0                 0 / 0           ops/s
[630.040s][info][gc,stats    ]      Memory: Undo Object Allocation Succeeded                  0 / 0                 0 / 6                 0 / 6                 0 / 6           ops/s
[630.040s][info][gc,stats    ]      Memory: Undo Page Allocation                              0 / 0                 0 / 1                 0 / 1                 0 / 1           ops/s
[630.040s][info][gc,stats    ]       Phase: Concurrent Mark                              22.864 / 24.010       24.817 / 40.571       25.309 / 65.214       25.309 / 65.214      ms
[630.040s][info][gc,stats    ]       Phase: Concurrent Mark Continue                      0.000 / 0.000         0.000 / 0.000         0.000 / 0.000         0.000 / 0.000       ms
[630.040s][info][gc,stats    ]       Phase: Concurrent Process Non-Strong References      0.415 / 0.466         0.446 / 0.911         0.448 / 0.911         0.448 / 0.911       ms
[630.040s][info][gc,stats    ]       Phase: Concurrent Relocate                           0.550 / 0.675         0.797 / 2.004         0.876 / 16.651        0.876 / 16.651      ms
[630.040s][info][gc,stats    ]       Phase: Concurrent Reset Relocation Set               0.001 / 0.002         0.002 / 0.018         0.002 / 0.098         0.002 / 0.098       ms
[630.040s][info][gc,stats    ]       Phase: Concurrent Select Relocation Set              2.797 / 3.155         2.830 / 4.147         2.861 / 12.567        2.861 / 12.567      ms
[630.040s][info][gc,stats    ]       Phase: Pause Mark End                                0.009 / 0.010         0.009 / 0.025         0.009 / 0.025         0.009 / 0.025       ms
[630.040s][info][gc,stats    ]       Phase: Pause Mark Start                              0.005 / 0.007         0.006 / 0.039         0.006 / 0.039         0.006 / 0.039       ms
[630.040s][info][gc,stats    ]       Phase: Pause Relocate Start                          0.004 / 0.006         0.004 / 0.026         0.004 / 0.026         0.004 / 0.026       ms
[630.040s][info][gc,stats    ]    Subphase: Concurrent Classes Purge                      0.029 / 0.045         0.029 / 0.102         0.029 / 0.102         0.029 / 0.102       ms
[630.040s][info][gc,stats    ]    Subphase: Concurrent Classes Unlink                     0.283 / 0.337         0.292 / 0.571         0.292 / 0.571         0.292 / 0.571       ms
[630.040s][info][gc,stats    ]    Subphase: Concurrent Mark                              22.166 / 23.694       24.019 / 40.181       24.515 / 64.907       24.515 / 64.907      ms
[630.040s][info][gc,stats    ]    Subphase: Concurrent Mark Idle                          1.156 / 1.279         1.191 / 1.347         1.189 / 1.347         1.189 / 1.347       ms
[630.040s][info][gc,stats    ]    Subphase: Concurrent Mark Try Flush                     0.035 / 0.111         0.033 / 0.135         0.034 / 0.135         0.034 / 0.135       ms
[630.040s][info][gc,stats    ]    Subphase: Concurrent Mark Try Terminate                 0.394 / 1.281         0.434 / 1.361         0.434 / 1.361         0.434 / 1.361       ms
[630.040s][info][gc,stats    ]    Subphase: Concurrent References Enqueue                 0.000 / 0.000         0.000 / 0.008         0.000 / 0.008         0.000 / 0.008       ms
[630.040s][info][gc,stats    ]    Subphase: Concurrent References Process                 0.021 / 0.029         0.024 / 0.095         0.025 / 0.095         0.025 / 0.095       ms
[630.040s][info][gc,stats    ]    Subphase: Concurrent Roots ClassLoaderDataGraph         0.015 / 0.033         0.017 / 0.089         0.017 / 0.132         0.017 / 0.132       ms
[630.040s][info][gc,stats    ]    Subphase: Concurrent Roots CodeCache                    0.000 / 0.000         0.000 / 0.000         0.000 / 0.000         0.000 / 0.000       ms
[630.041s][info][gc,stats    ]    Subphase: Concurrent Roots JavaThreads                  0.184 / 0.253         0.209 / 0.485         0.209 / 0.485         0.209 / 0.485       ms
[630.041s][info][gc,stats    ]    Subphase: Concurrent Roots OopStorageSet                0.003 / 0.005         0.004 / 0.041         0.004 / 0.041         0.004 / 0.041       ms
[630.041s][info][gc,stats    ]    Subphase: Concurrent Weak Roots OopStorageSet           0.034 / 0.039         0.037 / 0.089         0.037 / 0.120         0.037 / 0.120       ms
[630.041s][info][gc,stats    ]    Subphase: Pause Mark Try Complete                       0.000 / 0.000         0.000 / 0.000         0.000 / 0.000         0.000 / 0.000       ms
[630.041s][info][gc,stats    ]      System: Java Threads                                     16 / 16               16 / 16               16 / 20               16 / 20          threads
[630.041s][info][gc,stats    ] =========================================================================================================================================================
[630.341s][info][gc,start    ] GC(340) Garbage Collection (Proactive)
[630.341s][info][gc,phases   ] GC(340) Pause Mark Start 0.005ms
[630.363s][info][gc,phases   ] GC(340) Concurrent Mark 21.928ms
[630.363s][info][gc,phases   ] GC(340) Pause Mark End 0.008ms
[630.363s][info][gc,phases   ] GC(340) Concurrent Process Non-Strong References 0.404ms
[630.363s][info][gc,phases   ] GC(340) Concurrent Reset Relocation Set 0.001ms
[630.366s][info][gc,phases   ] GC(340) Concurrent Select Relocation Set 2.912ms
[630.366s][info][gc,phases   ] GC(340) Pause Relocate Start 0.006ms
[630.367s][info][gc,phases   ] GC(340) Concurrent Relocate 0.795ms
[630.367s][info][gc,load     ] GC(340) Load: 4.96/4.06/3.77
[630.367s][info][gc,mmu      ] GC(340) MMU: 2ms/98.1%, 5ms/99.2%, 10ms/99.6%, 20ms/99.8%, 50ms/99.9%, 100ms/99.9%
[630.367s][info][gc,marking  ] GC(340) Mark: 2 stripe(s), 2 proactive flush(es), 1 terminate flush(es), 0 completion(s), 0 continuation(s) 
[630.367s][info][gc,nmethod  ] GC(340) NMethods: 484 registered, 0 unregistered
[630.367s][info][gc,metaspace] GC(340) Metaspace: 0M used, 0M committed, 1032M reserved
[630.367s][info][gc,ref      ] GC(340) Soft: 82 encountered, 0 discovered, 0 enqueued
[630.367s][info][gc,ref      ] GC(340) Weak: 200 encountered, 54 discovered, 0 enqueued
[630.367s][info][gc,ref      ] GC(340) Final: 0 encountered, 0 discovered, 0 enqueued
[630.367s][info][gc,ref      ] GC(340) Phantom: 5 encountered, 3 discovered, 0 enqueued
[630.367s][info][gc,reloc    ] GC(340) Small Pages: 911 / 1822M, Empty: 1666M, Relocated: 3M, In-Place: 0
[630.367s][info][gc,reloc    ] GC(340) Medium Pages: 0 / 0M, Empty: 0M, Relocated: 0M, In-Place: 0
[630.367s][info][gc,reloc    ] GC(340) Large Pages: 0 / 0M, Empty: 0M, Relocated: 0M, In-Place: 0
[630.367s][info][gc,reloc    ] GC(340) Forwarding Usage: 0M
[630.367s][info][gc,heap     ] GC(340) Min Capacity: 8192M(100%)
[630.367s][info][gc,heap     ] GC(340) Max Capacity: 8192M(100%)
[630.367s][info][gc,heap     ] GC(340) Soft Max Capacity: 8192M(100%)
[630.367s][info][gc,heap     ] GC(340)                Mark Start          Mark End        Relocate Start      Relocate End           High               Low         
[630.367s][info][gc,heap     ] GC(340)  Capacity:     8192M (100%)       8192M (100%)       8192M (100%)       8192M (100%)       8192M (100%)       8192M (100%)   
[630.367s][info][gc,heap     ] GC(340)      Free:     6370M (78%)        6346M (77%)        8004M (98%)        8008M (98%)        8010M (98%)        6346M (77%)    
[630.367s][info][gc,heap     ] GC(340)      Used:     1822M (22%)        1846M (23%)         188M (2%)          184M (2%)         1846M (23%)         182M (2%)     
[630.367s][info][gc,heap     ] GC(340)      Live:         -               132M (2%)          132M (2%)          132M (2%)             -                  -          
[630.367s][info][gc,heap     ] GC(340) Allocated:         -                24M (0%)           32M (0%)           32M (0%)             -                  -          
[630.368s][info][gc,heap     ] GC(340)   Garbage:         -              1689M (21%)          23M (0%)           19M (0%)             -                  -          
[630.368s][info][gc,heap     ] GC(340) Reclaimed:         -                  -              1666M (20%)        1670M (20%)            -                  -          
[630.368s][info][gc          ] GC(340) Garbage Collection (Proactive) 1822M(22%)->184M(2%)
[631.940s][info][gc,start    ] GC(341) Garbage Collection (Proactive)
[631.940s][info][gc,phases   ] GC(341) Pause Mark Start 0.005ms
[631.963s][info][gc,phases   ] GC(341) Concurrent Mark 23.366ms
[631.963s][info][gc,phases   ] GC(341) Pause Mark End 0.009ms
[631.964s][info][gc,phases   ] GC(341) Concurrent Process Non-Strong References 0.381ms
[631.964s][info][gc,phases   ] GC(341) Concurrent Reset Relocation Set 0.001ms
[631.967s][info][gc,phases   ] GC(341) Concurrent Select Relocation Set 2.956ms
[631.967s][info][gc,phases   ] GC(341) Pause Relocate Start 0.006ms
[631.968s][info][gc,phases   ] GC(341) Concurrent Relocate 0.551ms
[631.968s][info][gc,load     ] GC(341) Load: 5.12/4.11/3.79
[631.968s][info][gc,mmu      ] GC(341) MMU: 2ms/98.1%, 5ms/99.2%, 10ms/99.6%, 20ms/99.8%, 50ms/99.9%, 100ms/99.9%
[631.968s][info][gc,marking  ] GC(341) Mark: 2 stripe(s), 2 proactive flush(es), 1 terminate flush(es), 0 completion(s), 0 continuation(s) 
[631.968s][info][gc,nmethod  ] GC(341) NMethods: 484 registered, 0 unregistered
[631.968s][info][gc,metaspace] GC(341) Metaspace: 0M used, 0M committed, 1032M reserved
[631.968s][info][gc,ref      ] GC(341) Soft: 82 encountered, 0 discovered, 0 enqueued
[631.968s][info][gc,ref      ] GC(341) Weak: 200 encountered, 78 discovered, 0 enqueued
[631.968s][info][gc,ref      ] GC(341) Final: 0 encountered, 0 discovered, 0 enqueued
[631.968s][info][gc,ref      ] GC(341) Phantom: 5 encountered, 5 discovered, 0 enqueued
[631.968s][info][gc,reloc    ] GC(341) Small Pages: 912 / 1824M, Empty: 1666M, Relocated: 3M, In-Place: 0
[631.968s][info][gc,reloc    ] GC(341) Medium Pages: 0 / 0M, Empty: 0M, Relocated: 0M, In-Place: 0
[631.968s][info][gc,reloc    ] GC(341) Large Pages: 0 / 0M, Empty: 0M, Relocated: 0M, In-Place: 0
[631.968s][info][gc,reloc    ] GC(341) Forwarding Usage: 0M
[631.968s][info][gc,heap     ] GC(341) Min Capacity: 8192M(100%)
[631.968s][info][gc,heap     ] GC(341) Max Capacity: 8192M(100%)
[631.968s][info][gc,heap     ] GC(341) Soft Max Capacity: 8192M(100%)
[631.968s][info][gc,heap     ] GC(341)                Mark Start          Mark End        Relocate Start      Relocate End           High               Low         
[631.968s][info][gc,heap     ] GC(341)  Capacity:     8192M (100%)       8192M (100%)       8192M (100%)       8192M (100%)       8192M (100%)       8192M (100%)   
[631.968s][info][gc,heap     ] GC(341)      Free:     6368M (78%)        6344M (77%)        8002M (98%)        8008M (98%)        8008M (98%)        6344M (77%)    
[631.968s][info][gc,heap     ] GC(341)      Used:     1824M (22%)        1848M (23%)         190M (2%)          184M (2%)         1848M (23%)         184M (2%)     
[631.968s][info][gc,heap     ] GC(341)      Live:         -               132M (2%)          132M (2%)          132M (2%)             -                  -          
[631.968s][info][gc,heap     ] GC(341) Allocated:         -                24M (0%)           32M (0%)           32M (0%)             -                  -          
[631.968s][info][gc,heap     ] GC(341)   Garbage:         -              1691M (21%)          25M (0%)           19M (0%)             -                  -          
[631.968s][info][gc,heap     ] GC(341) Reclaimed:         -                  -              1666M (20%)        1672M (20%)            -                  -          
[631.968s][info][gc          ] GC(341) Garbage Collection (Proactive) 1824M(22%)->184M(2%)
[633.440s][info][gc,start    ] GC(342) Garbage Collection (Proactive)
[633.440s][info][gc,phases   ] GC(342) Pause Mark Start 0.004ms
[633.462s][info][gc,phases   ] GC(342) Concurrent Mark 21.823ms
[633.462s][info][gc,phases   ] GC(342) Pause Mark End 0.009ms
[633.462s][info][gc,phases   ] GC(342) Concurrent Process Non-Strong References 0.401ms
[633.462s][info][gc,phases   ] GC(342) Concurrent Reset Relocation Set 0.001ms
[633.465s][info][gc,phases   ] GC(342) Concurrent Select Relocation Set 2.681ms
[633.465s][info][gc,phases   ] GC(342) Pause Relocate Start 0.004ms
[633.466s][info][gc,phases   ] GC(342) Concurrent Relocate 0.533ms
[633.466s][info][gc,load     ] GC(342) Load: 5.12/4.11/3.79
[633.466s][info][gc,mmu      ] GC(342) MMU: 2ms/98.1%, 5ms/99.2%, 10ms/99.6%, 20ms/99.8%, 50ms/99.9%, 100ms/99.9%
[633.466s][info][gc,marking  ] GC(342) Mark: 2 stripe(s), 2 proactive flush(es), 1 terminate flush(es), 0 completion(s), 0 continuation(s) 
[633.466s][info][gc,nmethod  ] GC(342) NMethods: 484 registered, 0 unregistered
[633.466s][info][gc,metaspace] GC(342) Metaspace: 0M used, 0M committed, 1032M reserved
[633.466s][info][gc,ref      ] GC(342) Soft: 82 encountered, 0 discovered, 0 enqueued
[633.466s][info][gc,ref      ] GC(342) Weak: 200 encountered, 51 discovered, 0 enqueued
[633.466s][info][gc,ref      ] GC(342) Final: 0 encountered, 0 discovered, 0 enqueued
[633.466s][info][gc,ref      ] GC(342) Phantom: 5 encountered, 3 discovered, 0 enqueued
[633.466s][info][gc,reloc    ] GC(342) Small Pages: 860 / 1720M, Empty: 1562M, Relocated: 3M, In-Place: 0
[633.466s][info][gc,reloc    ] GC(342) Medium Pages: 0 / 0M, Empty: 0M, Relocated: 0M, In-Place: 0
[633.466s][info][gc,reloc    ] GC(342) Large Pages: 0 / 0M, Empty: 0M, Relocated: 0M, In-Place: 0
[633.466s][info][gc,reloc    ] GC(342) Forwarding Usage: 0M
[633.466s][info][gc,heap     ] GC(342) Min Capacity: 8192M(100%)
[633.466s][info][gc,heap     ] GC(342) Max Capacity: 8192M(100%)
[633.466s][info][gc,heap     ] GC(342) Soft Max Capacity: 8192M(100%)
[633.466s][info][gc,heap     ] GC(342)                Mark Start          Mark End        Relocate Start      Relocate End           High               Low         
[633.466s][info][gc,heap     ] GC(342)  Capacity:     8192M (100%)       8192M (100%)       8192M (100%)       8192M (100%)       8192M (100%)       8192M (100%)   
[633.466s][info][gc,heap     ] GC(342)      Free:     6472M (79%)        6448M (79%)        8010M (98%)        8016M (98%)        8016M (98%)        6448M (79%)    
[633.466s][info][gc,heap     ] GC(342)      Used:     1720M (21%)        1744M (21%)         182M (2%)          176M (2%)         1744M (21%)         176M (2%)     
[633.466s][info][gc,heap     ] GC(342)      Live:         -               132M (2%)          132M (2%)          132M (2%)             -                  -          
[633.466s][info][gc,heap     ] GC(342) Allocated:         -                24M (0%)           24M (0%)           26M (0%)             -                  -          
[633.466s][info][gc,heap     ] GC(342)   Garbage:         -              1587M (19%)          25M (0%)           17M (0%)             -                  -          
[633.466s][info][gc,heap     ] GC(342) Reclaimed:         -                  -              1562M (19%)        1570M (19%)            -                  -          
[633.466s][info][gc          ] GC(342) Garbage Collection (Proactive) 1720M(21%)->176M(2%)
[634.940s][info][gc,start    ] GC(343) Garbage Collection (Proactive)
[634.940s][info][gc,phases   ] GC(343) Pause Mark Start 0.009ms
[634.962s][info][gc,phases   ] GC(343) Concurrent Mark 21.972ms
[634.962s][info][gc,phases   ] GC(343) Pause Mark End 0.008ms
[634.963s][info][gc,phases   ] GC(343) Concurrent Process Non-Strong References 0.394ms
[634.963s][info][gc,phases   ] GC(343) Concurrent Reset Relocation Set 0.001ms
[634.966s][info][gc,phases   ] GC(343) Concurrent Select Relocation Set 2.690ms
[634.966s][info][gc,phases   ] GC(343) Pause Relocate Start 0.005ms
[634.967s][info][gc,phases   ] GC(343) Concurrent Relocate 0.679ms
[634.967s][info][gc,load     ] GC(343) Load: 5.12/4.11/3.79
[634.967s][info][gc,mmu      ] GC(343) MMU: 2ms/98.1%, 5ms/99.2%, 10ms/99.6%, 20ms/99.8%, 50ms/99.9%, 100ms/99.9%
[634.967s][info][gc,marking  ] GC(343) Mark: 2 stripe(s), 2 proactive flush(es), 1 terminate flush(es), 0 completion(s), 0 continuation(s) 
[634.967s][info][gc,nmethod  ] GC(343) NMethods: 484 registered, 0 unregistered
[634.967s][info][gc,metaspace] GC(343) Metaspace: 0M used, 0M committed, 1032M reserved
[634.967s][info][gc,ref      ] GC(343) Soft: 82 encountered, 0 discovered, 0 enqueued
[634.967s][info][gc,ref      ] GC(343) Weak: 200 encountered, 54 discovered, 0 enqueued
[634.967s][info][gc,ref      ] GC(343) Final: 0 encountered, 0 discovered, 0 enqueued
[634.967s][info][gc,ref      ] GC(343) Phantom: 5 encountered, 3 discovered, 0 enqueued
[634.967s][info][gc,reloc    ] GC(343) Small Pages: 859 / 1718M, Empty: 1562M, Relocated: 3M, In-Place: 0
[634.967s][info][gc,reloc    ] GC(343) Medium Pages: 0 / 0M, Empty: 0M, Relocated: 0M, In-Place: 0
[634.967s][info][gc,reloc    ] GC(343) Large Pages: 0 / 0M, Empty: 0M, Relocated: 0M, In-Place: 0
[634.967s][info][gc,reloc    ] GC(343) Forwarding Usage: 0M
[634.967s][info][gc,heap     ] GC(343) Min Capacity: 8192M(100%)
[634.967s][info][gc,heap     ] GC(343) Max Capacity: 8192M(100%)
[634.967s][info][gc,heap     ] GC(343) Soft Max Capacity: 8192M(100%)
[634.967s][info][gc,heap     ] GC(343)                Mark Start          Mark End        Relocate Start      Relocate End           High               Low         
[634.967s][info][gc,heap     ] GC(343)  Capacity:     8192M (100%)       8192M (100%)       8192M (100%)       8192M (100%)       8192M (100%)       8192M (100%)   
[634.967s][info][gc,heap     ] GC(343)      Free:     6474M (79%)        6450M (79%)        8010M (98%)        8008M (98%)        8012M (98%)        6450M (79%)    
[634.967s][info][gc,heap     ] GC(343)      Used:     1718M (21%)        1742M (21%)         182M (2%)          184M (2%)         1742M (21%)         180M (2%)     
[634.967s][info][gc,heap     ] GC(343)      Live:         -               132M (2%)          132M (2%)          132M (2%)             -                  -          
[634.967s][info][gc,heap     ] GC(343) Allocated:         -                24M (0%)           26M (0%)           32M (0%)             -                  -          
[634.967s][info][gc,heap     ] GC(343)   Garbage:         -              1585M (19%)          23M (0%)           19M (0%)             -                  -          
[634.967s][info][gc,heap     ] GC(343) Reclaimed:         -                  -              1562M (19%)        1566M (19%)            -                  -          
[634.967s][info][gc          ] GC(343) Garbage Collection (Proactive) 1718M(21%)->184M(2%)
[636.340s][info][gc,start    ] GC(344) Garbage Collection (Proactive)
[636.340s][info][gc,phases   ] GC(344) Pause Mark Start 0.006ms
[636.365s][info][gc,phases   ] GC(344) Concurrent Mark 24.696ms
[636.365s][info][gc,phases   ] GC(344) Pause Mark End 0.009ms
[636.366s][info][gc,phases   ] GC(344) Concurrent Process Non-Strong References 0.448ms
[636.366s][info][gc,phases   ] GC(344) Concurrent Reset Relocation Set 0.001ms
[636.369s][info][gc,phases   ] GC(344) Concurrent Select Relocation Set 2.951ms
[636.369s][info][gc,phases   ] GC(344) Pause Relocate Start 0.005ms
[636.370s][info][gc,phases   ] GC(344) Concurrent Relocate 0.936ms
[636.370s][info][gc,load     ] GC(344) Load: 4.87/4.07/3.78
[636.370s][info][gc,mmu      ] GC(344) MMU: 2ms/98.1%, 5ms/99.2%, 10ms/99.6%, 20ms/99.8%, 50ms/99.9%, 100ms/99.9%
[636.370s][info][gc,marking  ] GC(344) Mark: 2 stripe(s), 2 proactive flush(es), 1 terminate flush(es), 0 completion(s), 0 continuation(s) 
[636.370s][info][gc,nmethod  ] GC(344) NMethods: 484 registered, 0 unregistered
[636.370s][info][gc,metaspace] GC(344) Metaspace: 0M used, 0M committed, 1032M reserved
[636.370s][info][gc,ref      ] GC(344) Soft: 82 encountered, 0 discovered, 0 enqueued
[636.370s][info][gc,ref      ] GC(344) Weak: 200 encountered, 54 discovered, 0 enqueued
[636.370s][info][gc,ref      ] GC(344) Final: 0 encountered, 0 discovered, 0 enqueued
[636.370s][info][gc,ref      ] GC(344) Phantom: 5 encountered, 3 discovered, 0 enqueued
[636.370s][info][gc,reloc    ] GC(344) Small Pages: 808 / 1616M, Empty: 1458M, Relocated: 3M, In-Place: 0
[636.370s][info][gc,reloc    ] GC(344) Medium Pages: 0 / 0M, Empty: 0M, Relocated: 0M, In-Place: 0
[636.370s][info][gc,reloc    ] GC(344) Large Pages: 0 / 0M, Empty: 0M, Relocated: 0M, In-Place: 0
[636.370s][info][gc,reloc    ] GC(344) Forwarding Usage: 0M
[636.370s][info][gc,heap     ] GC(344) Min Capacity: 8192M(100%)
[636.370s][info][gc,heap     ] GC(344) Max Capacity: 8192M(100%)
[636.370s][info][gc,heap     ] GC(344) Soft Max Capacity: 8192M(100%)
[636.370s][info][gc,heap     ] GC(344)                Mark Start          Mark End        Relocate Start      Relocate End           High               Low         
[636.370s][info][gc,heap     ] GC(344)  Capacity:     8192M (100%)       8192M (100%)       8192M (100%)       8192M (100%)       8192M (100%)       8192M (100%)   
[636.370s][info][gc,heap     ] GC(344)      Free:     6576M (80%)        6552M (80%)        8002M (98%)        8008M (98%)        8008M (98%)        6552M (80%)    
[636.370s][info][gc,heap     ] GC(344)      Used:     1616M (20%)        1640M (20%)         190M (2%)          184M (2%)         1640M (20%)         184M (2%)     
[636.370s][info][gc,heap     ] GC(344)      Live:         -               132M (2%)          132M (2%)          132M (2%)             -                  -          
[636.370s][info][gc,heap     ] GC(344) Allocated:         -                24M (0%)           32M (0%)           34M (0%)             -                  -          
[636.370s][info][gc,heap     ] GC(344)   Garbage:         -              1483M (18%)          25M (0%)           17M (0%)             -                  -          
[636.370s][info][gc,heap     ] GC(344) Reclaimed:         -                  -              1458M (18%)        1466M (18%)            -                  -          
[636.370s][info][gc          ] GC(344) Garbage Collection (Proactive) 1616M(20%)->184M(2%)
[638.040s][info][gc,start    ] GC(345) Garbage Collection (Proactive)
[638.040s][info][gc,phases   ] GC(345) Pause Mark Start 0.004ms
[638.061s][info][gc,phases   ] GC(345) Concurrent Mark 21.205ms
[638.061s][info][gc,phases   ] GC(345) Pause Mark End 0.009ms
[638.062s][info][gc,phases   ] GC(345) Concurrent Process Non-Strong References 0.382ms
[638.062s][info][gc,phases   ] GC(345) Concurrent Reset Relocation Set 0.001ms
[638.064s][info][gc,phases   ] GC(345) Concurrent Select Relocation Set 2.682ms
[638.064s][info][gc,phases   ] GC(345) Pause Relocate Start 0.003ms
[638.065s][info][gc,phases   ] GC(345) Concurrent Relocate 0.668ms
[638.065s][info][gc,load     ] GC(345) Load: 4.87/4.07/3.78
[638.065s][info][gc,mmu      ] GC(345) MMU: 2ms/98.1%, 5ms/99.2%, 10ms/99.6%, 20ms/99.8%, 50ms/99.9%, 100ms/99.9%
[638.065s][info][gc,marking  ] GC(345) Mark: 2 stripe(s), 2 proactive flush(es), 1 terminate flush(es), 0 completion(s), 0 continuation(s) 
[638.065s][info][gc,nmethod  ] GC(345) NMethods: 484 registered, 0 unregistered
[638.065s][info][gc,metaspace] GC(345) Metaspace: 0M used, 0M committed, 1032M reserved
[638.065s][info][gc,ref      ] GC(345) Soft: 82 encountered, 0 discovered, 0 enqueued
[638.065s][info][gc,ref      ] GC(345) Weak: 200 encountered, 55 discovered, 0 enqueued
[638.065s][info][gc,ref      ] GC(345) Final: 0 encountered, 0 discovered, 0 enqueued
[638.065s][info][gc,ref      ] GC(345) Phantom: 5 encountered, 3 discovered, 0 enqueued
[638.065s][info][gc,reloc    ] GC(345) Small Pages: 963 / 1926M, Empty: 1768M, Relocated: 4M, In-Place: 0
[638.065s][info][gc,reloc    ] GC(345) Medium Pages: 0 / 0M, Empty: 0M, Relocated: 0M, In-Place: 0
[638.065s][info][gc,reloc    ] GC(345) Large Pages: 0 / 0M, Empty: 0M, Relocated: 0M, In-Place: 0
[638.065s][info][gc,reloc    ] GC(345) Forwarding Usage: 0M
[638.065s][info][gc,heap     ] GC(345) Min Capacity: 8192M(100%)
[638.065s][info][gc,heap     ] GC(345) Max Capacity: 8192M(100%)
[638.065s][info][gc,heap     ] GC(345) Soft Max Capacity: 8192M(100%)
[638.065s][info][gc,heap     ] GC(345)                Mark Start          Mark End        Relocate Start      Relocate End           High               Low         
[638.065s][info][gc,heap     ] GC(345)  Capacity:     8192M (100%)       8192M (100%)       8192M (100%)       8192M (100%)       8192M (100%)       8192M (100%)   
[638.065s][info][gc,heap     ] GC(345)      Free:     6266M (76%)        6242M (76%)        8010M (98%)        8016M (98%)        8016M (98%)        6242M (76%)    
[638.065s][info][gc,heap     ] GC(345)      Used:     1926M (24%)        1950M (24%)         182M (2%)          176M (2%)         1950M (24%)         176M (2%)     
[638.065s][info][gc,heap     ] GC(345)      Live:         -               132M (2%)          132M (2%)          132M (2%)             -                  -          
[638.065s][info][gc,heap     ] GC(345) Allocated:         -                24M (0%)           24M (0%)           24M (0%)             -                  -          
[638.065s][info][gc,heap     ] GC(345)   Garbage:         -              1793M (22%)          25M (0%)           19M (0%)             -                  -          
[638.065s][info][gc,heap     ] GC(345) Reclaimed:         -                  -              1768M (22%)        1774M (22%)            -                  -          
[638.065s][info][gc          ] GC(345) Garbage Collection (Proactive) 1926M(24%)->176M(2%)
[639.640s][info][gc,start    ] GC(346) Garbage Collection (Proactive)
[639.640s][info][gc,phases   ] GC(346) Pause Mark Start 0.005ms
[639.662s][info][gc,phases   ] GC(346) Concurrent Mark 21.762ms
[639.662s][info][gc,phases   ] GC(346) Pause Mark End 0.009ms
[639.662s][info][gc,phases   ] GC(346) Concurrent Process Non-Strong References 0.395ms
[639.663s][info][gc,phases   ] GC(346) Concurrent Reset Relocation Set 0.001ms
[639.665s][info][gc,phases   ] GC(346) Concurrent Select Relocation Set 2.602ms
[639.665s][info][gc,phases   ] GC(346) Pause Relocate Start 0.003ms
[639.666s][info][gc,phases   ] GC(346) Concurrent Relocate 0.683ms
[639.666s][info][gc,load     ] GC(346) Load: 4.87/4.07/3.78
[639.666s][info][gc,mmu      ] GC(346) MMU: 2ms/98.1%, 5ms/99.2%, 10ms/99.6%, 20ms/99.8%, 50ms/99.9%, 100ms/99.9%
[639.666s][info][gc,marking  ] GC(346) Mark: 2 stripe(s), 2 proactive flush(es), 1 terminate flush(es), 0 completion(s), 0 continuation(s) 
[639.666s][info][gc,nmethod  ] GC(346) NMethods: 484 registered, 0 unregistered
[639.666s][info][gc,metaspace] GC(346) Metaspace: 0M used, 0M committed, 1032M reserved
[639.666s][info][gc,ref      ] GC(346) Soft: 82 encountered, 0 discovered, 0 enqueued
[639.666s][info][gc,ref      ] GC(346) Weak: 200 encountered, 63 discovered, 0 enqueued
[639.666s][info][gc,ref      ] GC(346) Final: 0 encountered, 0 discovered, 0 enqueued
[639.666s][info][gc,ref      ] GC(346) Phantom: 5 encountered, 5 discovered, 0 enqueued
[639.666s][info][gc,reloc    ] GC(346) Small Pages: 912 / 1824M, Empty: 1666M, Relocated: 4M, In-Place: 0
[639.666s][info][gc,reloc    ] GC(346) Medium Pages: 0 / 0M, Empty: 0M, Relocated: 0M, In-Place: 0
[639.666s][info][gc,reloc    ] GC(346) Large Pages: 0 / 0M, Empty: 0M, Relocated: 0M, In-Place: 0
[639.666s][info][gc,reloc    ] GC(346) Forwarding Usage: 0M
[639.666s][info][gc,heap     ] GC(346) Min Capacity: 8192M(100%)
[639.666s][info][gc,heap     ] GC(346) Max Capacity: 8192M(100%)
[639.666s][info][gc,heap     ] GC(346) Soft Max Capacity: 8192M(100%)
[639.666s][info][gc,heap     ] GC(346)                Mark Start          Mark End        Relocate Start      Relocate End           High               Low         
[639.666s][info][gc,heap     ] GC(346)  Capacity:     8192M (100%)       8192M (100%)       8192M (100%)       8192M (100%)       8192M (100%)       8192M (100%)   
[639.666s][info][gc,heap     ] GC(346)      Free:     6368M (78%)        6344M (77%)        8010M (98%)        8016M (98%)        8016M (98%)        6344M (77%)    
[639.666s][info][gc,heap     ] GC(346)      Used:     1824M (22%)        1848M (23%)         182M (2%)          176M (2%)         1848M (23%)         176M (2%)     
[639.666s][info][gc,heap     ] GC(346)      Live:         -               132M (2%)          132M (2%)          132M (2%)             -                  -          
[639.666s][info][gc,heap     ] GC(346) Allocated:         -                24M (0%)           24M (0%)           24M (0%)             -                  -          
[639.666s][info][gc,heap     ] GC(346)   Garbage:         -              1691M (21%)          25M (0%)           19M (0%)             -                  -          
[639.666s][info][gc,heap     ] GC(346) Reclaimed:         -                  -              1666M (20%)        1672M (20%)            -                  -          
[639.666s][info][gc          ] GC(346) Garbage Collection (Proactive) 1824M(22%)->176M(2%)
[640.040s][info][gc,stats    ] === Garbage Collection Statistics =======================================================================================================================
[640.040s][info][gc,stats    ]                                                              Last 10s              Last 10m              Last 10h                Total
[640.040s][info][gc,stats    ]                                                              Avg / Max             Avg / Max             Avg / Max             Avg / Max
[640.040s][info][gc,stats    ]   Collector: Garbage Collection Cycle                     26.836 / 29.804       29.388 / 44.621       30.067 / 95.920       30.067 / 95.920      ms
[640.040s][info][gc,stats    ]  Contention: Mark Segment Reset Contention                     0 / 1                 0 / 3                 0 / 4                 0 / 4           ops/s
[640.040s][info][gc,stats    ]  Contention: Mark SeqNum Reset Contention                      0 / 0                 0 / 1                 0 / 1                 0 / 1           ops/s
[640.040s][info][gc,stats    ]    Critical: Allocation Stall                                  0 / 0                 0 / 0                 0 / 0                 0 / 0           ops/s
[640.040s][info][gc,stats    ]    Critical: Allocation Stall                              0.000 / 0.000         0.000 / 0.000         0.000 / 0.000         0.000 / 0.000       ms
[640.040s][info][gc,stats    ]    Critical: GC Locker Stall                                   0 / 0                 0 / 0                 0 / 0                 0 / 0           ops/s
[640.040s][info][gc,stats    ]    Critical: GC Locker Stall                               0.000 / 0.000         0.000 / 0.000         0.000 / 0.000         0.000 / 0.000       ms
[640.040s][info][gc,stats    ]    Critical: Relocation Stall                                  0 / 0                 0 / 0                 0 / 0                 0 / 0           ops/s
[640.040s][info][gc,stats    ]    Critical: Relocation Stall                              0.000 / 0.000         0.000 / 0.000         0.000 / 0.000         0.000 / 0.000       ms
[640.040s][info][gc,stats    ]      Memory: Allocation Rate                                1045 / 1048           1044 / 1054           1057 / 9212           1057 / 9212        MB/s
[640.040s][info][gc,stats    ]      Memory: Out Of Memory                                     0 / 0                 0 / 0                 0 / 0                 0 / 0           ops/s
[640.040s][info][gc,stats    ]      Memory: Page Cache Flush                                  0 / 0                 0 / 0                 0 / 0                 0 / 0           MB/s
[640.040s][info][gc,stats    ]      Memory: Page Cache Hit L1                               524 / 528             524 / 533             521 / 533             521 / 533         ops/s
[640.040s][info][gc,stats    ]      Memory: Page Cache Hit L2                                 0 / 0                 0 / 0                 0 / 0                 0 / 0           ops/s
[640.040s][info][gc,stats    ]      Memory: Page Cache Hit L3                                 0 / 0                 0 / 61                2 / 486               2 / 486         ops/s
[640.040s][info][gc,stats    ]      Memory: Page Cache Miss                                   0 / 0                 0 / 0                 0 / 1                 0 / 1           ops/s
[640.040s][info][gc,stats    ]      Memory: Uncommit                                          0 / 0                 0 / 0                 0 / 0                 0 / 0           MB/s
[640.040s][info][gc,stats    ]      Memory: Undo Object Allocation Failed                     0 / 0                 0 / 0                 0 / 0                 0 / 0           ops/s
[640.040s][info][gc,stats    ]      Memory: Undo Object Allocation Succeeded                  0 / 0                 0 / 6                 0 / 6                 0 / 6           ops/s
[640.040s][info][gc,stats    ]      Memory: Undo Page Allocation                              0 / 0                 0 / 1                 0 / 1                 0 / 1           ops/s
[640.040s][info][gc,stats    ]       Phase: Concurrent Mark                              22.393 / 24.696       24.689 / 40.571       25.251 / 65.214       25.251 / 65.214      ms
[640.040s][info][gc,stats    ]       Phase: Concurrent Mark Continue                      0.000 / 0.000         0.000 / 0.000         0.000 / 0.000         0.000 / 0.000       ms
[640.040s][info][gc,stats    ]       Phase: Concurrent Process Non-Strong References      0.401 / 0.448         0.445 / 0.911         0.447 / 0.911         0.447 / 0.911       ms
[640.040s][info][gc,stats    ]       Phase: Concurrent Relocate                           0.692 / 0.936         0.789 / 2.004         0.872 / 16.651        0.872 / 16.651      ms
[640.040s][info][gc,stats    ]       Phase: Concurrent Reset Relocation Set               0.001 / 0.001         0.002 / 0.018         0.002 / 0.098         0.002 / 0.098       ms
[640.040s][info][gc,stats    ]       Phase: Concurrent Select Relocation Set              2.782 / 2.956         2.826 / 4.147         2.859 / 12.567        2.859 / 12.567      ms
[640.040s][info][gc,stats    ]       Phase: Pause Mark End                                0.009 / 0.009         0.009 / 0.025         0.009 / 0.025         0.009 / 0.025       ms
[640.040s][info][gc,stats    ]       Phase: Pause Mark Start                              0.005 / 0.009         0.006 / 0.039         0.006 / 0.039         0.006 / 0.039       ms
[640.040s][info][gc,stats    ]       Phase: Pause Relocate Start                          0.004 / 0.006         0.004 / 0.026         0.004 / 0.026         0.004 / 0.026       ms
[640.040s][info][gc,stats    ]    Subphase: Concurrent Classes Purge                      0.024 / 0.028         0.029 / 0.102         0.029 / 0.102         0.029 / 0.102       ms
[640.040s][info][gc,stats    ]    Subphase: Concurrent Classes Unlink                     0.275 / 0.307         0.291 / 0.571         0.291 / 0.571         0.291 / 0.571       ms
[640.040s][info][gc,stats    ]    Subphase: Concurrent Mark                              21.676 / 24.365       23.891 / 40.181       24.458 / 64.907       24.458 / 64.907      ms
[640.040s][info][gc,stats    ]    Subphase: Concurrent Mark Idle                          1.188 / 1.317         1.192 / 1.347         1.189 / 1.347         1.189 / 1.347       ms
[640.040s][info][gc,stats    ]    Subphase: Concurrent Mark Try Flush                     0.027 / 0.046         0.033 / 0.135         0.033 / 0.135         0.033 / 0.135       ms
[640.040s][info][gc,stats    ]    Subphase: Concurrent Mark Try Terminate                 0.403 / 1.318         0.433 / 1.361         0.434 / 1.361         0.434 / 1.361       ms
[640.040s][info][gc,stats    ]    Subphase: Concurrent References Enqueue                 0.000 / 0.000         0.000 / 0.008         0.000 / 0.008         0.000 / 0.008       ms
[640.040s][info][gc,stats    ]    Subphase: Concurrent References Process                 0.019 / 0.022         0.024 / 0.095         0.024 / 0.095         0.024 / 0.095       ms
[640.040s][info][gc,stats    ]    Subphase: Concurrent Roots ClassLoaderDataGraph         0.014 / 0.033         0.017 / 0.089         0.017 / 0.132         0.017 / 0.132       ms
[640.040s][info][gc,stats    ]    Subphase: Concurrent Roots CodeCache                    0.000 / 0.000         0.000 / 0.000         0.000 / 0.000         0.000 / 0.000       ms
[640.040s][info][gc,stats    ]    Subphase: Concurrent Roots JavaThreads                  0.172 / 0.246         0.209 / 0.485         0.208 / 0.485         0.208 / 0.485       ms
[640.040s][info][gc,stats    ]    Subphase: Concurrent Roots OopStorageSet                0.003 / 0.005         0.004 / 0.041         0.004 / 0.041         0.004 / 0.041       ms
[640.040s][info][gc,stats    ]    Subphase: Concurrent Weak Roots OopStorageSet           0.035 / 0.042         0.037 / 0.089         0.037 / 0.120         0.037 / 0.120       ms
[640.040s][info][gc,stats    ]    Subphase: Pause Mark Try Complete                       0.000 / 0.000         0.000 / 0.000         0.000 / 0.000         0.000 / 0.000       ms
[640.040s][info][gc,stats    ]      System: Java Threads                                     16 / 16               16 / 16               16 / 20               16 / 20          threads
[640.040s][info][gc,stats    ] =========================================================================================================================================================
[641.140s][info][gc,start    ] GC(347) Garbage Collection (Proactive)
[641.140s][info][gc,phases   ] GC(347) Pause Mark Start 0.005ms
[641.164s][info][gc,phases   ] GC(347) Concurrent Mark 23.967ms
[641.164s][info][gc,phases   ] GC(347) Pause Mark End 0.010ms
[641.165s][info][gc,phases   ] GC(347) Concurrent Process Non-Strong References 0.434ms
[641.165s][info][gc,phases   ] GC(347) Concurrent Reset Relocation Set 0.002ms
[641.168s][info][gc,phases   ] GC(347) Concurrent Select Relocation Set 2.945ms
[641.168s][info][gc,phases   ] GC(347) Pause Relocate Start 0.004ms
[641.169s][info][gc,phases   ] GC(347) Concurrent Relocate 0.673ms
[641.169s][info][gc,load     ] GC(347) Load: 4.87/4.07/3.78
[641.169s][info][gc,mmu      ] GC(347) MMU: 2ms/98.1%, 5ms/99.2%, 10ms/99.6%, 20ms/99.8%, 50ms/99.9%, 100ms/99.9%
[641.169s][info][gc,marking  ] GC(347) Mark: 2 stripe(s), 2 proactive flush(es), 1 terminate flush(es), 0 completion(s), 0 continuation(s) 
[641.169s][info][gc,nmethod  ] GC(347) NMethods: 484 registered, 0 unregistered
[641.169s][info][gc,metaspace] GC(347) Metaspace: 0M used, 0M committed, 1032M reserved
[641.169s][info][gc,ref      ] GC(347) Soft: 82 encountered, 0 discovered, 0 enqueued
[641.169s][info][gc,ref      ] GC(347) Weak: 200 encountered, 58 discovered, 0 enqueued
[641.169s][info][gc,ref      ] GC(347) Final: 0 encountered, 0 discovered, 0 enqueued
[641.169s][info][gc,ref      ] GC(347) Phantom: 5 encountered, 4 discovered, 0 enqueued
[641.169s][info][gc,reloc    ] GC(347) Small Pages: 860 / 1720M, Empty: 1562M, Relocated: 4M, In-Place: 0
[641.169s][info][gc,reloc    ] GC(347) Medium Pages: 0 / 0M, Empty: 0M, Relocated: 0M, In-Place: 0
[641.169s][info][gc,reloc    ] GC(347) Large Pages: 0 / 0M, Empty: 0M, Relocated: 0M, In-Place: 0
[641.169s][info][gc,reloc    ] GC(347) Forwarding Usage: 0M
[641.169s][info][gc,heap     ] GC(347) Min Capacity: 8192M(100%)
[641.169s][info][gc,heap     ] GC(347) Max Capacity: 8192M(100%)
[641.169s][info][gc,heap     ] GC(347) Soft Max Capacity: 8192M(100%)
[641.169s][info][gc,heap     ] GC(347)                Mark Start          Mark End        Relocate Start      Relocate End           High               Low         
[641.169s][info][gc,heap     ] GC(347)  Capacity:     8192M (100%)       8192M (100%)       8192M (100%)       8192M (100%)       8192M (100%)       8192M (100%)   
[641.169s][info][gc,heap     ] GC(347)      Free:     6472M (79%)        6448M (79%)        8002M (98%)        8006M (98%)        8006M (98%)        6448M (79%)    
[641.169s][info][gc,heap     ] GC(347)      Used:     1720M (21%)        1744M (21%)         190M (2%)          186M (2%)         1744M (21%)         186M (2%)     
[641.169s][info][gc,heap     ] GC(347)      Live:         -               132M (2%)          132M (2%)          132M (2%)             -                  -          
[641.169s][info][gc,heap     ] GC(347) Allocated:         -                24M (0%)           32M (0%)           36M (0%)             -                  -          
[641.169s][info][gc,heap     ] GC(347)   Garbage:         -              1587M (19%)          25M (0%)           17M (0%)             -                  -          
[641.169s][info][gc,heap     ] GC(347) Reclaimed:         -                  -              1562M (19%)        1570M (19%)            -                  -          
[641.169s][info][gc          ] GC(347) Garbage Collection (Proactive) 1720M(21%)->186M(2%)
[642.840s][info][gc,start    ] GC(348) Garbage Collection (Proactive)
[642.840s][info][gc,phases   ] GC(348) Pause Mark Start 0.004ms
[642.862s][info][gc,phases   ] GC(348) Concurrent Mark 21.523ms
[642.862s][info][gc,phases   ] GC(348) Pause Mark End 0.007ms
[642.862s][info][gc,phases   ] GC(348) Concurrent Process Non-Strong References 0.345ms
[642.862s][info][gc,phases   ] GC(348) Concurrent Reset Relocation Set 0.001ms
[642.865s][info][gc,phases   ] GC(348) Concurrent Select Relocation Set 2.387ms
[642.865s][info][gc,phases   ] GC(348) Pause Relocate Start 0.003ms
[642.865s][info][gc,phases   ] GC(348) Concurrent Relocate 0.692ms
[642.865s][info][gc,load     ] GC(348) Load: 4.80/4.07/3.78
[642.865s][info][gc,mmu      ] GC(348) MMU: 2ms/98.1%, 5ms/99.2%, 10ms/99.6%, 20ms/99.8%, 50ms/99.9%, 100ms/99.9%
[642.865s][info][gc,marking  ] GC(348) Mark: 2 stripe(s), 2 proactive flush(es), 1 terminate flush(es), 0 completion(s), 0 continuation(s) 
[642.865s][info][gc,nmethod  ] GC(348) NMethods: 484 registered, 0 unregistered
[642.865s][info][gc,metaspace] GC(348) Metaspace: 0M used, 0M committed, 1032M reserved
[642.865s][info][gc,ref      ] GC(348) Soft: 82 encountered, 0 discovered, 0 enqueued
[642.865s][info][gc,ref      ] GC(348) Weak: 200 encountered, 65 discovered, 0 enqueued
[642.865s][info][gc,ref      ] GC(348) Final: 0 encountered, 0 discovered, 0 enqueued
[642.866s][info][gc,ref      ] GC(348) Phantom: 5 encountered, 3 discovered, 0 enqueued
[642.866s][info][gc,reloc    ] GC(348) Small Pages: 963 / 1926M, Empty: 1766M, Relocated: 5M, In-Place: 0
[642.866s][info][gc,reloc    ] GC(348) Medium Pages: 0 / 0M, Empty: 0M, Relocated: 0M, In-Place: 0
[642.866s][info][gc,reloc    ] GC(348) Large Pages: 0 / 0M, Empty: 0M, Relocated: 0M, In-Place: 0
[642.866s][info][gc,reloc    ] GC(348) Forwarding Usage: 0M
[642.866s][info][gc,heap     ] GC(348) Min Capacity: 8192M(100%)
[642.866s][info][gc,heap     ] GC(348) Max Capacity: 8192M(100%)
[642.866s][info][gc,heap     ] GC(348) Soft Max Capacity: 8192M(100%)
[642.866s][info][gc,heap     ] GC(348)                Mark Start          Mark End        Relocate Start      Relocate End           High               Low         
[642.866s][info][gc,heap     ] GC(348)  Capacity:     8192M (100%)       8192M (100%)       8192M (100%)       8192M (100%)       8192M (100%)       8192M (100%)   
[642.866s][info][gc,heap     ] GC(348)      Free:     6266M (76%)        6242M (76%)        8008M (98%)        8016M (98%)        8016M (98%)        6242M (76%)    
[642.866s][info][gc,heap     ] GC(348)      Used:     1926M (24%)        1950M (24%)         184M (2%)          176M (2%)         1950M (24%)         176M (2%)     
[642.866s][info][gc,heap     ] GC(348)      Live:         -               132M (2%)          132M (2%)          132M (2%)             -                  -          
[642.866s][info][gc,heap     ] GC(348) Allocated:         -                24M (0%)           24M (0%)           24M (0%)             -                  -          
[642.866s][info][gc,heap     ] GC(348)   Garbage:         -              1793M (22%)          27M (0%)           19M (0%)             -                  -          
[642.866s][info][gc,heap     ] GC(348) Reclaimed:         -                  -              1766M (22%)        1774M (22%)            -                  -          
[642.866s][info][gc          ] GC(348) Garbage Collection (Proactive) 1926M(24%)->176M(2%)
[644.440s][info][gc,start    ] GC(349) Garbage Collection (Proactive)
[644.440s][info][gc,phases   ] GC(349) Pause Mark Start 0.007ms
[644.465s][info][gc,phases   ] GC(349) Concurrent Mark 24.820ms
[644.466s][info][gc,phases   ] GC(349) Pause Mark End 0.009ms
[644.466s][info][gc,phases   ] GC(349) Concurrent Process Non-Strong References 0.507ms
[644.466s][info][gc,phases   ] GC(349) Concurrent Reset Relocation Set 0.002ms
[644.469s][info][gc,phases   ] GC(349) Concurrent Select Relocation Set 2.946ms
[644.469s][info][gc,phases   ] GC(349) Pause Relocate Start 0.005ms
[644.470s][info][gc,phases   ] GC(349) Concurrent Relocate 0.715ms
[644.470s][info][gc,load     ] GC(349) Load: 4.80/4.07/3.78
[644.470s][info][gc,mmu      ] GC(349) MMU: 2ms/98.1%, 5ms/99.2%, 10ms/99.6%, 20ms/99.8%, 50ms/99.9%, 100ms/99.9%
[644.470s][info][gc,marking  ] GC(349) Mark: 2 stripe(s), 2 proactive flush(es), 1 terminate flush(es), 0 completion(s), 0 continuation(s) 
[644.470s][info][gc,nmethod  ] GC(349) NMethods: 484 registered, 0 unregistered
[644.470s][info][gc,metaspace] GC(349) Metaspace: 0M used, 0M committed, 1032M reserved
[644.470s][info][gc,ref      ] GC(349) Soft: 82 encountered, 0 discovered, 0 enqueued
[644.470s][info][gc,ref      ] GC(349) Weak: 200 encountered, 55 discovered, 0 enqueued
[644.470s][info][gc,ref      ] GC(349) Final: 0 encountered, 0 discovered, 0 enqueued
[644.470s][info][gc,ref      ] GC(349) Phantom: 5 encountered, 3 discovered, 0 enqueued
[644.470s][info][gc,reloc    ] GC(349) Small Pages: 912 / 1824M, Empty: 1666M, Relocated: 4M, In-Place: 0
[644.470s][info][gc,reloc    ] GC(349) Medium Pages: 0 / 0M, Empty: 0M, Relocated: 0M, In-Place: 0
[644.470s][info][gc,reloc    ] GC(349) Large Pages: 0 / 0M, Empty: 0M, Relocated: 0M, In-Place: 0
[644.470s][info][gc,reloc    ] GC(349) Forwarding Usage: 0M
[644.470s][info][gc,heap     ] GC(349) Min Capacity: 8192M(100%)
[644.470s][info][gc,heap     ] GC(349) Max Capacity: 8192M(100%)
[644.470s][info][gc,heap     ] GC(349) Soft Max Capacity: 8192M(100%)
[644.470s][info][gc,heap     ] GC(349)                Mark Start          Mark End        Relocate Start      Relocate End           High               Low         
[644.470s][info][gc,heap     ] GC(349)  Capacity:     8192M (100%)       8192M (100%)       8192M (100%)       8192M (100%)       8192M (100%)       8192M (100%)   
[644.470s][info][gc,heap     ] GC(349)      Free:     6368M (78%)        6344M (77%)        8002M (98%)        8008M (98%)        8008M (98%)        6340M (77%)    
[644.470s][info][gc,heap     ] GC(349)      Used:     1824M (22%)        1848M (23%)         190M (2%)          184M (2%)         1852M (23%)         184M (2%)     
[644.470s][info][gc,heap     ] GC(349)      Live:         -               132M (2%)          132M (2%)          132M (2%)             -                  -          
[644.470s][info][gc,heap     ] GC(349) Allocated:         -                24M (0%)           32M (0%)           32M (0%)             -                  -          
[644.470s][info][gc,heap     ] GC(349)   Garbage:         -              1691M (21%)          25M (0%)           19M (0%)             -                  -          
[644.470s][info][gc,heap     ] GC(349) Reclaimed:         -                  -              1666M (20%)        1672M (20%)            -                  -          
[644.470s][info][gc          ] GC(349) Garbage Collection (Proactive) 1824M(22%)->184M(2%)
[646.240s][info][gc,start    ] GC(350) Garbage Collection (Proactive)
[646.240s][info][gc,phases   ] GC(350) Pause Mark Start 0.005ms
[646.264s][info][gc,phases   ] GC(350) Concurrent Mark 24.076ms
[646.264s][info][gc,phases   ] GC(350) Pause Mark End 0.008ms
[646.265s][info][gc,phases   ] GC(350) Concurrent Process Non-Strong References 0.379ms
[646.265s][info][gc,phases   ] GC(350) Concurrent Reset Relocation Set 0.001ms
[646.267s][info][gc,phases   ] GC(350) Concurrent Select Relocation Set 2.776ms
[646.267s][info][gc,phases   ] GC(350) Pause Relocate Start 0.003ms
[646.268s][info][gc,phases   ] GC(350) Concurrent Relocate 0.616ms
[646.268s][info][gc,load     ] GC(350) Load: 4.74/4.07/3.78
[646.268s][info][gc,mmu      ] GC(350) MMU: 2ms/98.1%, 5ms/99.2%, 10ms/99.6%, 20ms/99.8%, 50ms/99.9%, 100ms/99.9%
[646.268s][info][gc,marking  ] GC(350) Mark: 2 stripe(s), 2 proactive flush(es), 1 terminate flush(es), 0 completion(s), 0 continuation(s) 
[646.268s][info][gc,nmethod  ] GC(350) NMethods: 484 registered, 0 unregistered
[646.268s][info][gc,metaspace] GC(350) Metaspace: 0M used, 0M committed, 1032M reserved
[646.268s][info][gc,ref      ] GC(350) Soft: 82 encountered, 0 discovered, 0 enqueued
[646.268s][info][gc,ref      ] GC(350) Weak: 200 encountered, 63 discovered, 0 enqueued
[646.268s][info][gc,ref      ] GC(350) Final: 0 encountered, 0 discovered, 0 enqueued
[646.268s][info][gc,ref      ] GC(350) Phantom: 5 encountered, 4 discovered, 0 enqueued
[646.268s][info][gc,reloc    ] GC(350) Small Pages: 1017 / 2034M, Empty: 1874M, Relocated: 4M, In-Place: 0
[646.268s][info][gc,reloc    ] GC(350) Medium Pages: 0 / 0M, Empty: 0M, Relocated: 0M, In-Place: 0
[646.268s][info][gc,reloc    ] GC(350) Large Pages: 0 / 0M, Empty: 0M, Relocated: 0M, In-Place: 0
[646.268s][info][gc,reloc    ] GC(350) Forwarding Usage: 0M
[646.268s][info][gc,heap     ] GC(350) Min Capacity: 8192M(100%)
[646.268s][info][gc,heap     ] GC(350) Max Capacity: 8192M(100%)
[646.268s][info][gc,heap     ] GC(350) Soft Max Capacity: 8192M(100%)
[646.268s][info][gc,heap     ] GC(350)                Mark Start          Mark End        Relocate Start      Relocate End           High               Low         
[646.268s][info][gc,heap     ] GC(350)  Capacity:     8192M (100%)       8192M (100%)       8192M (100%)       8192M (100%)       8192M (100%)       8192M (100%)   
[646.268s][info][gc,heap     ] GC(350)      Free:     6158M (75%)        6134M (75%)        8000M (98%)        8008M (98%)        8008M (98%)        6134M (75%)    
[646.268s][info][gc,heap     ] GC(350)      Used:     2034M (25%)        2058M (25%)         192M (2%)          184M (2%)         2058M (25%)         184M (2%)     
[646.268s][info][gc,heap     ] GC(350)      Live:         -               132M (2%)          132M (2%)          132M (2%)             -                  -          
[646.268s][info][gc,heap     ] GC(350) Allocated:         -                24M (0%)           32M (0%)           32M (0%)             -                  -          
[646.268s][info][gc,heap     ] GC(350)   Garbage:         -              1901M (23%)          27M (0%)           19M (0%)             -                  -          
[646.268s][info][gc,heap     ] GC(350) Reclaimed:         -                  -              1874M (23%)        1882M (23%)            -                  -          
[646.268s][info][gc          ] GC(350) Garbage Collection (Proactive) 2034M(25%)->184M(2%)
[647.839s][info][gc,start    ] GC(351) Garbage Collection (Proactive)
[647.839s][info][gc,phases   ] GC(351) Pause Mark Start 0.008ms
[647.864s][info][gc,phases   ] GC(351) Concurrent Mark 24.404ms
[647.864s][info][gc,phases   ] GC(351) Pause Mark End 0.009ms
[647.864s][info][gc,phases   ] GC(351) Concurrent Process Non-Strong References 0.424ms
[647.864s][info][gc,phases   ] GC(351) Concurrent Reset Relocation Set 0.001ms
[647.867s][info][gc,phases   ] GC(351) Concurrent Select Relocation Set 2.791ms
[647.867s][info][gc,phases   ] GC(351) Pause Relocate Start 0.004ms
[647.868s][info][gc,phases   ] GC(351) Concurrent Relocate 0.484ms
[647.868s][info][gc,load     ] GC(351) Load: 4.74/4.07/3.78
[647.868s][info][gc,mmu      ] GC(351) MMU: 2ms/98.1%, 5ms/99.2%, 10ms/99.6%, 20ms/99.8%, 50ms/99.9%, 100ms/99.9%
[647.868s][info][gc,marking  ] GC(351) Mark: 2 stripe(s), 2 proactive flush(es), 1 terminate flush(es), 0 completion(s), 0 continuation(s) 
[647.868s][info][gc,nmethod  ] GC(351) NMethods: 484 registered, 0 unregistered
[647.868s][info][gc,metaspace] GC(351) Metaspace: 0M used, 0M committed, 1032M reserved
[647.868s][info][gc,ref      ] GC(351) Soft: 82 encountered, 0 discovered, 0 enqueued
[647.868s][info][gc,ref      ] GC(351) Weak: 200 encountered, 62 discovered, 0 enqueued
[647.868s][info][gc,ref      ] GC(351) Final: 0 encountered, 0 discovered, 0 enqueued
[647.868s][info][gc,ref      ] GC(351) Phantom: 5 encountered, 3 discovered, 0 enqueued
[647.868s][info][gc,reloc    ] GC(351) Small Pages: 912 / 1824M, Empty: 1668M, Relocated: 3M, In-Place: 0
[647.868s][info][gc,reloc    ] GC(351) Medium Pages: 0 / 0M, Empty: 0M, Relocated: 0M, In-Place: 0
[647.868s][info][gc,reloc    ] GC(351) Large Pages: 0 / 0M, Empty: 0M, Relocated: 0M, In-Place: 0
[647.868s][info][gc,reloc    ] GC(351) Forwarding Usage: 0M
[647.868s][info][gc,heap     ] GC(351) Min Capacity: 8192M(100%)
[647.868s][info][gc,heap     ] GC(351) Max Capacity: 8192M(100%)
[647.868s][info][gc,heap     ] GC(351) Soft Max Capacity: 8192M(100%)
[647.868s][info][gc,heap     ] GC(351)                Mark Start          Mark End        Relocate Start      Relocate End           High               Low         
[647.868s][info][gc,heap     ] GC(351)  Capacity:     8192M (100%)       8192M (100%)       8192M (100%)       8192M (100%)       8192M (100%)       8192M (100%)   
[647.868s][info][gc,heap     ] GC(351)      Free:     6368M (78%)        6344M (77%)        8004M (98%)        8008M (98%)        8008M (98%)        6344M (77%)    
[647.868s][info][gc,heap     ] GC(351)      Used:     1824M (22%)        1848M (23%)         188M (2%)          184M (2%)         1848M (23%)         184M (2%)     
[647.868s][info][gc,heap     ] GC(351)      Live:         -               132M (2%)          132M (2%)          132M (2%)             -                  -          
[647.868s][info][gc,heap     ] GC(351) Allocated:         -                24M (0%)           32M (0%)           32M (0%)             -                  -          
[647.868s][info][gc,heap     ] GC(351)   Garbage:         -              1691M (21%)          23M (0%)           19M (0%)             -                  -          
[647.868s][info][gc,heap     ] GC(351) Reclaimed:         -                  -              1668M (20%)        1672M (20%)            -                  -          
[647.868s][info][gc          ] GC(351) Garbage Collection (Proactive) 1824M(22%)->184M(2%)
[649.440s][info][gc,start    ] GC(352) Garbage Collection (Proactive)
[649.440s][info][gc,phases   ] GC(352) Pause Mark Start 0.007ms
[649.465s][info][gc,phases   ] GC(352) Concurrent Mark 24.109ms
[649.465s][info][gc,phases   ] GC(352) Pause Mark End 0.009ms
[649.465s][info][gc,phases   ] GC(352) Concurrent Process Non-Strong References 0.427ms
[649.465s][info][gc,phases   ] GC(352) Concurrent Reset Relocation Set 0.001ms
[649.468s][info][gc,phases   ] GC(352) Concurrent Select Relocation Set 2.870ms
[649.468s][info][gc,phases   ] GC(352) Pause Relocate Start 0.004ms
[649.469s][info][gc,phases   ] GC(352) Concurrent Relocate 0.521ms
[649.469s][info][gc,load     ] GC(352) Load: 4.74/4.07/3.78
[649.469s][info][gc,mmu      ] GC(352) MMU: 2ms/98.1%, 5ms/99.2%, 10ms/99.6%, 20ms/99.8%, 50ms/99.9%, 100ms/99.9%
[649.469s][info][gc,marking  ] GC(352) Mark: 2 stripe(s), 2 proactive flush(es), 1 terminate flush(es), 0 completion(s), 0 continuation(s) 
[649.469s][info][gc,nmethod  ] GC(352) NMethods: 484 registered, 0 unregistered
[649.469s][info][gc,metaspace] GC(352) Metaspace: 0M used, 0M committed, 1032M reserved
[649.469s][info][gc,ref      ] GC(352) Soft: 82 encountered, 0 discovered, 0 enqueued
[649.469s][info][gc,ref      ] GC(352) Weak: 200 encountered, 50 discovered, 0 enqueued
[649.469s][info][gc,ref      ] GC(352) Final: 0 encountered, 0 discovered, 0 enqueued
[649.469s][info][gc,ref      ] GC(352) Phantom: 5 encountered, 3 discovered, 0 enqueued
[649.469s][info][gc,reloc    ] GC(352) Small Pages: 913 / 1826M, Empty: 1668M, Relocated: 3M, In-Place: 0
[649.469s][info][gc,reloc    ] GC(352) Medium Pages: 0 / 0M, Empty: 0M, Relocated: 0M, In-Place: 0
[649.469s][info][gc,reloc    ] GC(352) Large Pages: 0 / 0M, Empty: 0M, Relocated: 0M, In-Place: 0
[649.469s][info][gc,reloc    ] GC(352) Forwarding Usage: 0M
[649.469s][info][gc,heap     ] GC(352) Min Capacity: 8192M(100%)
[649.469s][info][gc,heap     ] GC(352) Max Capacity: 8192M(100%)
[649.469s][info][gc,heap     ] GC(352) Soft Max Capacity: 8192M(100%)
[649.469s][info][gc,heap     ] GC(352)                Mark Start          Mark End        Relocate Start      Relocate End           High               Low         
[649.469s][info][gc,heap     ] GC(352)  Capacity:     8192M (100%)       8192M (100%)       8192M (100%)       8192M (100%)       8192M (100%)       8192M (100%)   
[649.469s][info][gc,heap     ] GC(352)      Free:     6366M (78%)        6342M (77%)        8002M (98%)        8010M (98%)        8010M (98%)        6342M (77%)    
[649.469s][info][gc,heap     ] GC(352)      Used:     1826M (22%)        1850M (23%)         190M (2%)          182M (2%)         1850M (23%)         182M (2%)     
[649.469s][info][gc,heap     ] GC(352)      Live:         -               132M (2%)          132M (2%)          132M (2%)             -                  -          
[649.469s][info][gc,heap     ] GC(352) Allocated:         -                24M (0%)           32M (0%)           32M (0%)             -                  -          
[649.469s][info][gc,heap     ] GC(352)   Garbage:         -              1693M (21%)          25M (0%)           17M (0%)             -                  -          
[649.469s][info][gc,heap     ] GC(352) Reclaimed:         -                  -              1668M (20%)        1676M (20%)            -                  -          
[649.469s][info][gc          ] GC(352) Garbage Collection (Proactive) 1826M(22%)->182M(2%)
[650.040s][info][gc,stats    ] === Garbage Collection Statistics =======================================================================================================================
[650.040s][info][gc,stats    ]                                                              Last 10s              Last 10m              Last 10h                Total
[650.040s][info][gc,stats    ]                                                              Avg / Max             Avg / Max             Avg / Max             Avg / Max
[650.040s][info][gc,stats    ]   Collector: Garbage Collection Cycle                     28.277 / 29.785       29.277 / 44.621       30.036 / 95.920       30.036 / 95.920      ms
[650.040s][info][gc,stats    ]  Contention: Mark Segment Reset Contention                     0 / 1                 0 / 3                 0 / 4                 0 / 4           ops/s
[650.040s][info][gc,stats    ]  Contention: Mark SeqNum Reset Contention                      0 / 0                 0 / 1                 0 / 1                 0 / 1           ops/s
[650.040s][info][gc,stats    ]    Critical: Allocation Stall                                  0 / 0                 0 / 0                 0 / 0                 0 / 0           ops/s
[650.040s][info][gc,stats    ]    Critical: Allocation Stall                              0.000 / 0.000         0.000 / 0.000         0.000 / 0.000         0.000 / 0.000       ms
[650.040s][info][gc,stats    ]    Critical: GC Locker Stall                                   0 / 0                 0 / 0                 0 / 0                 0 / 0           ops/s
[650.040s][info][gc,stats    ]    Critical: GC Locker Stall                               0.000 / 0.000         0.000 / 0.000         0.000 / 0.000         0.000 / 0.000       ms
[650.040s][info][gc,stats    ]    Critical: Relocation Stall                                  0 / 0                 0 / 0                 0 / 0                 0 / 0           ops/s
[650.040s][info][gc,stats    ]    Critical: Relocation Stall                              0.000 / 0.000         0.000 / 0.000         0.000 / 0.000         0.000 / 0.000       ms
[650.040s][info][gc,stats    ]      Memory: Allocation Rate                                1045 / 1050           1044 / 1054           1057 / 9212           1057 / 9212        MB/s
[650.040s][info][gc,stats    ]      Memory: Out Of Memory                                     0 / 0                 0 / 0                 0 / 0                 0 / 0           ops/s
[650.040s][info][gc,stats    ]      Memory: Page Cache Flush                                  0 / 0                 0 / 0                 0 / 0                 0 / 0           MB/s
[650.040s][info][gc,stats    ]      Memory: Page Cache Hit L1                               524 / 528             524 / 533             521 / 533             521 / 533         ops/s
[650.040s][info][gc,stats    ]      Memory: Page Cache Hit L2                                 0 / 0                 0 / 0                 0 / 0                 0 / 0           ops/s
[650.040s][info][gc,stats    ]      Memory: Page Cache Hit L3                                 0 / 0                 0 / 61                2 / 486               2 / 486         ops/s
[650.040s][info][gc,stats    ]      Memory: Page Cache Miss                                   0 / 0                 0 / 0                 0 / 1                 0 / 1           ops/s
[650.040s][info][gc,stats    ]      Memory: Uncommit                                          0 / 0                 0 / 0                 0 / 0                 0 / 0           MB/s
[650.040s][info][gc,stats    ]      Memory: Undo Object Allocation Failed                     0 / 0                 0 / 0                 0 / 0                 0 / 0           ops/s
[650.040s][info][gc,stats    ]      Memory: Undo Object Allocation Succeeded                  0 / 0                 0 / 6                 0 / 6                 0 / 6           ops/s
[650.040s][info][gc,stats    ]      Memory: Undo Page Allocation                              0 / 0                 0 / 1                 0 / 1                 0 / 1           ops/s
[650.040s][info][gc,stats    ]       Phase: Concurrent Mark                              23.816 / 24.820       24.588 / 40.571       25.226 / 65.214       25.226 / 65.214      ms
[650.040s][info][gc,stats    ]       Phase: Concurrent Mark Continue                      0.000 / 0.000         0.000 / 0.000         0.000 / 0.000         0.000 / 0.000       ms
[650.040s][info][gc,stats    ]       Phase: Concurrent Process Non-Strong References      0.419 / 0.507         0.444 / 0.911         0.447 / 0.911         0.447 / 0.911       ms
[650.040s][info][gc,stats    ]       Phase: Concurrent Relocate                           0.617 / 0.715         0.781 / 2.004         0.868 / 16.651        0.868 / 16.651      ms
[650.040s][info][gc,stats    ]       Phase: Concurrent Reset Relocation Set               0.002 / 0.002         0.002 / 0.018         0.002 / 0.098         0.002 / 0.098       ms
[650.040s][info][gc,stats    ]       Phase: Concurrent Select Relocation Set              2.786 / 2.946         2.824 / 4.147         2.858 / 12.567        2.858 / 12.567      ms
[650.040s][info][gc,stats    ]       Phase: Pause Mark End                                0.009 / 0.010         0.009 / 0.025         0.009 / 0.025         0.009 / 0.025       ms
[650.040s][info][gc,stats    ]       Phase: Pause Mark Start                              0.006 / 0.008         0.006 / 0.039         0.006 / 0.039         0.006 / 0.039       ms
[650.040s][info][gc,stats    ]       Phase: Pause Relocate Start                          0.004 / 0.005         0.004 / 0.026         0.004 / 0.026         0.004 / 0.026       ms
[650.040s][info][gc,stats    ]    Subphase: Concurrent Classes Purge                      0.028 / 0.039         0.029 / 0.102         0.029 / 0.102         0.029 / 0.102       ms
[650.040s][info][gc,stats    ]    Subphase: Concurrent Classes Unlink                     0.278 / 0.303         0.291 / 0.571         0.291 / 0.571         0.291 / 0.571       ms
[650.040s][info][gc,stats    ]    Subphase: Concurrent Mark                              22.923 / 24.352       23.788 / 40.181       24.431 / 64.907       24.431 / 64.907      ms
[650.040s][info][gc,stats    ]    Subphase: Concurrent Mark Idle                          1.211 / 1.355         1.193 / 1.355         1.189 / 1.355         1.189 / 1.355       ms
[650.040s][info][gc,stats    ]    Subphase: Concurrent Mark Try Flush                     0.026 / 0.043         0.033 / 0.135         0.033 / 0.135         0.033 / 0.135       ms
[650.040s][info][gc,stats    ]    Subphase: Concurrent Mark Try Terminate                 0.453 / 1.358         0.433 / 1.361         0.434 / 1.361         0.434 / 1.361       ms
[650.040s][info][gc,stats    ]    Subphase: Concurrent References Enqueue                 0.000 / 0.000         0.000 / 0.008         0.000 / 0.008         0.000 / 0.008       ms
[650.040s][info][gc,stats    ]    Subphase: Concurrent References Process                 0.020 / 0.023         0.024 / 0.095         0.024 / 0.095         0.024 / 0.095       ms
[650.040s][info][gc,stats    ]    Subphase: Concurrent Roots ClassLoaderDataGraph         0.019 / 0.041         0.017 / 0.089         0.017 / 0.132         0.017 / 0.132       ms
[650.040s][info][gc,stats    ]    Subphase: Concurrent Roots CodeCache                    0.000 / 0.000         0.000 / 0.000         0.000 / 0.000         0.000 / 0.000       ms
[650.040s][info][gc,stats    ]    Subphase: Concurrent Roots JavaThreads                  0.247 / 0.327         0.210 / 0.485         0.209 / 0.485         0.209 / 0.485       ms
[650.040s][info][gc,stats    ]    Subphase: Concurrent Roots OopStorageSet                0.005 / 0.006         0.004 / 0.041         0.004 / 0.041         0.004 / 0.041       ms
[650.041s][info][gc,stats    ]    Subphase: Concurrent Weak Roots OopStorageSet           0.036 / 0.040         0.037 / 0.089         0.037 / 0.120         0.037 / 0.120       ms
[650.041s][info][gc,stats    ]    Subphase: Pause Mark Try Complete                       0.000 / 0.000         0.000 / 0.000         0.000 / 0.000         0.000 / 0.000       ms
[650.041s][info][gc,stats    ]      System: Java Threads                                     16 / 16               16 / 16               16 / 20               16 / 20          threads
[650.041s][info][gc,stats    ] =========================================================================================================================================================
[650.941s][info][gc,start    ] GC(353) Garbage Collection (Proactive)
[650.941s][info][gc,phases   ] GC(353) Pause Mark Start 0.005ms
[650.963s][info][gc,phases   ] GC(353) Concurrent Mark 22.111ms
[650.963s][info][gc,phases   ] GC(353) Pause Mark End 0.008ms
[650.963s][info][gc,phases   ] GC(353) Concurrent Process Non-Strong References 0.385ms
[650.964s][info][gc,phases   ] GC(353) Concurrent Reset Relocation Set 0.001ms
[650.966s][info][gc,phases   ] GC(353) Concurrent Select Relocation Set 2.676ms
[650.966s][info][gc,phases   ] GC(353) Pause Relocate Start 0.004ms
[650.967s][info][gc,phases   ] GC(353) Concurrent Relocate 0.563ms
[650.967s][info][gc,load     ] GC(353) Load: 4.74/4.07/3.78
[650.967s][info][gc,mmu      ] GC(353) MMU: 2ms/98.1%, 5ms/99.2%, 10ms/99.6%, 20ms/99.8%, 50ms/99.9%, 100ms/99.9%
[650.967s][info][gc,marking  ] GC(353) Mark: 2 stripe(s), 2 proactive flush(es), 1 terminate flush(es), 0 completion(s), 0 continuation(s) 
[650.967s][info][gc,nmethod  ] GC(353) NMethods: 484 registered, 0 unregistered
[650.967s][info][gc,metaspace] GC(353) Metaspace: 0M used, 0M committed, 1032M reserved
[650.967s][info][gc,ref      ] GC(353) Soft: 82 encountered, 0 discovered, 0 enqueued
[650.967s][info][gc,ref      ] GC(353) Weak: 200 encountered, 50 discovered, 0 enqueued
[650.967s][info][gc,ref      ] GC(353) Final: 0 encountered, 0 discovered, 0 enqueued
[650.967s][info][gc,ref      ] GC(353) Phantom: 5 encountered, 5 discovered, 0 enqueued
[650.967s][info][gc,reloc    ] GC(353) Small Pages: 859 / 1718M, Empty: 1562M, Relocated: 3M, In-Place: 0
[650.967s][info][gc,reloc    ] GC(353) Medium Pages: 0 / 0M, Empty: 0M, Relocated: 0M, In-Place: 0
[650.967s][info][gc,reloc    ] GC(353) Large Pages: 0 / 0M, Empty: 0M, Relocated: 0M, In-Place: 0
[650.967s][info][gc,reloc    ] GC(353) Forwarding Usage: 0M
[650.967s][info][gc,heap     ] GC(353) Min Capacity: 8192M(100%)
[650.967s][info][gc,heap     ] GC(353) Max Capacity: 8192M(100%)
[650.967s][info][gc,heap     ] GC(353) Soft Max Capacity: 8192M(100%)
[650.967s][info][gc,heap     ] GC(353)                Mark Start          Mark End        Relocate Start      Relocate End           High               Low         
[650.967s][info][gc,heap     ] GC(353)  Capacity:     8192M (100%)       8192M (100%)       8192M (100%)       8192M (100%)       8192M (100%)       8192M (100%)   
[650.967s][info][gc,heap     ] GC(353)      Free:     6474M (79%)        6450M (79%)        8004M (98%)        8010M (98%)        8010M (98%)        6450M (79%)    
[650.967s][info][gc,heap     ] GC(353)      Used:     1718M (21%)        1742M (21%)         188M (2%)          182M (2%)         1742M (21%)         182M (2%)     
[650.967s][info][gc,heap     ] GC(353)      Live:         -               132M (2%)          132M (2%)          132M (2%)             -                  -          
[650.967s][info][gc,heap     ] GC(353) Allocated:         -                24M (0%)           32M (0%)           32M (0%)             -                  -          
[650.967s][info][gc,heap     ] GC(353)   Garbage:         -              1585M (19%)          23M (0%)           17M (0%)             -                  -          
[650.967s][info][gc,heap     ] GC(353) Reclaimed:         -                  -              1562M (19%)        1568M (19%)            -                  -          
[650.967s][info][gc          ] GC(353) Garbage Collection (Proactive) 1718M(21%)->182M(2%)
[652.540s][info][gc,start    ] GC(354) Garbage Collection (Proactive)
[652.540s][info][gc,phases   ] GC(354) Pause Mark Start 0.004ms
[652.561s][info][gc,phases   ] GC(354) Concurrent Mark 20.737ms
[652.561s][info][gc,phases   ] GC(354) Pause Mark End 0.008ms
[652.562s][info][gc,phases   ] GC(354) Concurrent Process Non-Strong References 0.410ms
[652.562s][info][gc,phases   ] GC(354) Concurrent Reset Relocation Set 0.001ms
[652.564s][info][gc,phases   ] GC(354) Concurrent Select Relocation Set 2.671ms
[652.564s][info][gc,phases   ] GC(354) Pause Relocate Start 0.003ms
[652.565s][info][gc,phases   ] GC(354) Concurrent Relocate 0.524ms
[652.565s][info][gc,load     ] GC(354) Load: 4.36/4.00/3.76
[652.565s][info][gc,mmu      ] GC(354) MMU: 2ms/98.1%, 5ms/99.2%, 10ms/99.6%, 20ms/99.8%, 50ms/99.9%, 100ms/99.9%
[652.565s][info][gc,marking  ] GC(354) Mark: 2 stripe(s), 2 proactive flush(es), 1 terminate flush(es), 0 completion(s), 0 continuation(s) 
[652.565s][info][gc,nmethod  ] GC(354) NMethods: 484 registered, 0 unregistered
[652.565s][info][gc,metaspace] GC(354) Metaspace: 0M used, 0M committed, 1032M reserved
[652.565s][info][gc,ref      ] GC(354) Soft: 82 encountered, 0 discovered, 0 enqueued
[652.565s][info][gc,ref      ] GC(354) Weak: 200 encountered, 65 discovered, 0 enqueued
[652.565s][info][gc,ref      ] GC(354) Final: 0 encountered, 0 discovered, 0 enqueued
[652.565s][info][gc,ref      ] GC(354) Phantom: 5 encountered, 3 discovered, 0 enqueued
[652.565s][info][gc,reloc    ] GC(354) Small Pages: 911 / 1822M, Empty: 1666M, Relocated: 3M, In-Place: 0
[652.565s][info][gc,reloc    ] GC(354) Medium Pages: 0 / 0M, Empty: 0M, Relocated: 0M, In-Place: 0
[652.565s][info][gc,reloc    ] GC(354) Large Pages: 0 / 0M, Empty: 0M, Relocated: 0M, In-Place: 0
[652.565s][info][gc,reloc    ] GC(354) Forwarding Usage: 0M
[652.565s][info][gc,heap     ] GC(354) Min Capacity: 8192M(100%)
[652.565s][info][gc,heap     ] GC(354) Max Capacity: 8192M(100%)
[652.565s][info][gc,heap     ] GC(354) Soft Max Capacity: 8192M(100%)
[652.565s][info][gc,heap     ] GC(354)                Mark Start          Mark End        Relocate Start      Relocate End           High               Low         
[652.565s][info][gc,heap     ] GC(354)  Capacity:     8192M (100%)       8192M (100%)       8192M (100%)       8192M (100%)       8192M (100%)       8192M (100%)   
[652.565s][info][gc,heap     ] GC(354)      Free:     6370M (78%)        6346M (77%)        8012M (98%)        8016M (98%)        8016M (98%)        6346M (77%)    
[652.565s][info][gc,heap     ] GC(354)      Used:     1822M (22%)        1846M (23%)         180M (2%)          176M (2%)         1846M (23%)         176M (2%)     
[652.565s][info][gc,heap     ] GC(354)      Live:         -               132M (2%)          132M (2%)          132M (2%)             -                  -          
[652.565s][info][gc,heap     ] GC(354) Allocated:         -                24M (0%)           24M (0%)           24M (0%)             -                  -          
[652.565s][info][gc,heap     ] GC(354)   Garbage:         -              1689M (21%)          23M (0%)           19M (0%)             -                  -          
[652.565s][info][gc,heap     ] GC(354) Reclaimed:         -                  -              1666M (20%)        1670M (20%)            -                  -          
[652.565s][info][gc          ] GC(354) Garbage Collection (Proactive) 1822M(22%)->176M(2%)
[654.040s][info][gc,start    ] GC(355) Garbage Collection (Proactive)
[654.040s][info][gc,phases   ] GC(355) Pause Mark Start 0.005ms
[654.064s][info][gc,phases   ] GC(355) Concurrent Mark 23.993ms
[654.064s][info][gc,phases   ] GC(355) Pause Mark End 0.008ms
[654.065s][info][gc,phases   ] GC(355) Concurrent Process Non-Strong References 0.395ms
[654.065s][info][gc,phases   ] GC(355) Concurrent Reset Relocation Set 0.001ms
[654.068s][info][gc,phases   ] GC(355) Concurrent Select Relocation Set 2.732ms
[654.068s][info][gc,phases   ] GC(355) Pause Relocate Start 0.003ms
[654.068s][info][gc,phases   ] GC(355) Concurrent Relocate 0.690ms
[654.068s][info][gc,load     ] GC(355) Load: 4.36/4.00/3.76
[654.068s][info][gc,mmu      ] GC(355) MMU: 2ms/98.1%, 5ms/99.2%, 10ms/99.6%, 20ms/99.8%, 50ms/99.9%, 100ms/99.9%
[654.068s][info][gc,marking  ] GC(355) Mark: 2 stripe(s), 2 proactive flush(es), 1 terminate flush(es), 0 completion(s), 0 continuation(s) 
[654.068s][info][gc,nmethod  ] GC(355) NMethods: 484 registered, 0 unregistered
[654.068s][info][gc,metaspace] GC(355) Metaspace: 0M used, 0M committed, 1032M reserved
[654.068s][info][gc,ref      ] GC(355) Soft: 82 encountered, 0 discovered, 0 enqueued
[654.068s][info][gc,ref      ] GC(355) Weak: 200 encountered, 59 discovered, 0 enqueued
[654.068s][info][gc,ref      ] GC(355) Final: 0 encountered, 0 discovered, 0 enqueued
[654.069s][info][gc,ref      ] GC(355) Phantom: 5 encountered, 3 discovered, 0 enqueued
[654.069s][info][gc,reloc    ] GC(355) Small Pages: 860 / 1720M, Empty: 1564M, Relocated: 4M, In-Place: 0
[654.069s][info][gc,reloc    ] GC(355) Medium Pages: 0 / 0M, Empty: 0M, Relocated: 0M, In-Place: 0
[654.069s][info][gc,reloc    ] GC(355) Large Pages: 0 / 0M, Empty: 0M, Relocated: 0M, In-Place: 0
[654.069s][info][gc,reloc    ] GC(355) Forwarding Usage: 0M
[654.069s][info][gc,heap     ] GC(355) Min Capacity: 8192M(100%)
[654.069s][info][gc,heap     ] GC(355) Max Capacity: 8192M(100%)
[654.069s][info][gc,heap     ] GC(355) Soft Max Capacity: 8192M(100%)
[654.069s][info][gc,heap     ] GC(355)                Mark Start          Mark End        Relocate Start      Relocate End           High               Low         
[654.069s][info][gc,heap     ] GC(355)  Capacity:     8192M (100%)       8192M (100%)       8192M (100%)       8192M (100%)       8192M (100%)       8192M (100%)   
[654.069s][info][gc,heap     ] GC(355)      Free:     6472M (79%)        6448M (79%)        8004M (98%)        8008M (98%)        8008M (98%)        6448M (79%)    
[654.069s][info][gc,heap     ] GC(355)      Used:     1720M (21%)        1744M (21%)         188M (2%)          184M (2%)         1744M (21%)         184M (2%)     
[654.069s][info][gc,heap     ] GC(355)      Live:         -               132M (2%)          132M (2%)          132M (2%)             -                  -          
[654.069s][info][gc,heap     ] GC(355) Allocated:         -                24M (0%)           32M (0%)           32M (0%)             -                  -          
[654.069s][info][gc,heap     ] GC(355)   Garbage:         -              1587M (19%)          23M (0%)           19M (0%)             -                  -          
[654.069s][info][gc,heap     ] GC(355) Reclaimed:         -                  -              1564M (19%)        1568M (19%)            -                  -          
[654.069s][info][gc          ] GC(355) Garbage Collection (Proactive) 1720M(21%)->184M(2%)
[655.740s][info][gc,start    ] GC(356) Garbage Collection (Proactive)
[655.740s][info][gc,phases   ] GC(356) Pause Mark Start 0.006ms
[655.765s][info][gc,phases   ] GC(356) Concurrent Mark 24.444ms
[655.765s][info][gc,phases   ] GC(356) Pause Mark End 0.008ms
[655.766s][info][gc,phases   ] GC(356) Concurrent Process Non-Strong References 0.423ms
[655.766s][info][gc,phases   ] GC(356) Concurrent Reset Relocation Set 0.001ms
[655.768s][info][gc,phases   ] GC(356) Concurrent Select Relocation Set 2.833ms
[655.768s][info][gc,phases   ] GC(356) Pause Relocate Start 0.003ms
[655.769s][info][gc,phases   ] GC(356) Concurrent Relocate 0.497ms
[655.769s][info][gc,load     ] GC(356) Load: 4.36/4.00/3.76
[655.769s][info][gc,mmu      ] GC(356) MMU: 2ms/98.1%, 5ms/99.2%, 10ms/99.6%, 20ms/99.8%, 50ms/99.9%, 100ms/99.9%
[655.769s][info][gc,marking  ] GC(356) Mark: 2 stripe(s), 2 proactive flush(es), 1 terminate flush(es), 0 completion(s), 0 continuation(s) 
[655.769s][info][gc,nmethod  ] GC(356) NMethods: 484 registered, 0 unregistered
[655.769s][info][gc,metaspace] GC(356) Metaspace: 0M used, 0M committed, 1032M reserved
[655.769s][info][gc,ref      ] GC(356) Soft: 82 encountered, 0 discovered, 0 enqueued
[655.769s][info][gc,ref      ] GC(356) Weak: 200 encountered, 178 discovered, 0 enqueued
[655.769s][info][gc,ref      ] GC(356) Final: 0 encountered, 0 discovered, 0 enqueued
[655.769s][info][gc,ref      ] GC(356) Phantom: 5 encountered, 3 discovered, 0 enqueued
[655.769s][info][gc,reloc    ] GC(356) Small Pages: 964 / 1928M, Empty: 1772M, Relocated: 3M, In-Place: 0
[655.769s][info][gc,reloc    ] GC(356) Medium Pages: 0 / 0M, Empty: 0M, Relocated: 0M, In-Place: 0
[655.769s][info][gc,reloc    ] GC(356) Large Pages: 0 / 0M, Empty: 0M, Relocated: 0M, In-Place: 0
[655.769s][info][gc,reloc    ] GC(356) Forwarding Usage: 0M
[655.769s][info][gc,heap     ] GC(356) Min Capacity: 8192M(100%)
[655.769s][info][gc,heap     ] GC(356) Max Capacity: 8192M(100%)
[655.769s][info][gc,heap     ] GC(356) Soft Max Capacity: 8192M(100%)
[655.769s][info][gc,heap     ] GC(356)                Mark Start          Mark End        Relocate Start      Relocate End           High               Low         
[655.769s][info][gc,heap     ] GC(356)  Capacity:     8192M (100%)       8192M (100%)       8192M (100%)       8192M (100%)       8192M (100%)       8192M (100%)   
[655.769s][info][gc,heap     ] GC(356)      Free:     6264M (76%)        6240M (76%)        8002M (98%)        8006M (98%)        8006M (98%)        6240M (76%)    
[655.769s][info][gc,heap     ] GC(356)      Used:     1928M (24%)        1952M (24%)         190M (2%)          186M (2%)         1952M (24%)         186M (2%)     
[655.769s][info][gc,heap     ] GC(356)      Live:         -               132M (2%)          132M (2%)          132M (2%)             -                  -          
[655.769s][info][gc,heap     ] GC(356) Allocated:         -                24M (0%)           34M (0%)           34M (0%)             -                  -          
[655.769s][info][gc,heap     ] GC(356)   Garbage:         -              1795M (22%)          23M (0%)           19M (0%)             -                  -          
[655.769s][info][gc,heap     ] GC(356) Reclaimed:         -                  -              1772M (22%)        1776M (22%)            -                  -          
[655.769s][info][gc          ] GC(356) Garbage Collection (Proactive) 1928M(24%)->186M(2%)
[657.340s][info][gc,start    ] GC(357) Garbage Collection (Proactive)
[657.340s][info][gc,phases   ] GC(357) Pause Mark Start 0.007ms
[657.365s][info][gc,phases   ] GC(357) Concurrent Mark 25.297ms
[657.365s][info][gc,phases   ] GC(357) Pause Mark End 0.010ms
[657.366s][info][gc,phases   ] GC(357) Concurrent Process Non-Strong References 0.580ms
[657.366s][info][gc,phases   ] GC(357) Concurrent Reset Relocation Set 0.001ms
[657.369s][info][gc,phases   ] GC(357) Concurrent Select Relocation Set 2.937ms
[657.369s][info][gc,phases   ] GC(357) Pause Relocate Start 0.005ms
[657.370s][info][gc,phases   ] GC(357) Concurrent Relocate 0.529ms
[657.370s][info][gc,load     ] GC(357) Load: 4.01/3.94/3.74
[657.370s][info][gc,mmu      ] GC(357) MMU: 2ms/98.1%, 5ms/99.2%, 10ms/99.6%, 20ms/99.8%, 50ms/99.9%, 100ms/99.9%
[657.370s][info][gc,marking  ] GC(357) Mark: 2 stripe(s), 2 proactive flush(es), 1 terminate flush(es), 0 completion(s), 0 continuation(s) 
[657.370s][info][gc,nmethod  ] GC(357) NMethods: 484 registered, 0 unregistered
[657.370s][info][gc,metaspace] GC(357) Metaspace: 0M used, 0M committed, 1032M reserved
[657.370s][info][gc,ref      ] GC(357) Soft: 82 encountered, 0 discovered, 0 enqueued
[657.370s][info][gc,ref      ] GC(357) Weak: 200 encountered, 56 discovered, 0 enqueued
[657.370s][info][gc,ref      ] GC(357) Final: 0 encountered, 0 discovered, 0 enqueued
[657.370s][info][gc,ref      ] GC(357) Phantom: 5 encountered, 4 discovered, 0 enqueued
[657.370s][info][gc,reloc    ] GC(357) Small Pages: 912 / 1824M, Empty: 1668M, Relocated: 3M, In-Place: 0
[657.370s][info][gc,reloc    ] GC(357) Medium Pages: 0 / 0M, Empty: 0M, Relocated: 0M, In-Place: 0
[657.370s][info][gc,reloc    ] GC(357) Large Pages: 0 / 0M, Empty: 0M, Relocated: 0M, In-Place: 0
[657.370s][info][gc,reloc    ] GC(357) Forwarding Usage: 0M
[657.370s][info][gc,heap     ] GC(357) Min Capacity: 8192M(100%)
[657.370s][info][gc,heap     ] GC(357) Max Capacity: 8192M(100%)
[657.370s][info][gc,heap     ] GC(357) Soft Max Capacity: 8192M(100%)
[657.370s][info][gc,heap     ] GC(357)                Mark Start          Mark End        Relocate Start      Relocate End           High               Low         
[657.370s][info][gc,heap     ] GC(357)  Capacity:     8192M (100%)       8192M (100%)       8192M (100%)       8192M (100%)       8192M (100%)       8192M (100%)   
[657.370s][info][gc,heap     ] GC(357)      Free:     6368M (78%)        6344M (77%)        8004M (98%)        8008M (98%)        8008M (98%)        6344M (77%)    
[657.370s][info][gc,heap     ] GC(357)      Used:     1824M (22%)        1848M (23%)         188M (2%)          184M (2%)         1848M (23%)         184M (2%)     
[657.370s][info][gc,heap     ] GC(357)      Live:         -               132M (2%)          132M (2%)          132M (2%)             -                  -          
[657.370s][info][gc,heap     ] GC(357) Allocated:         -                24M (0%)           32M (0%)           32M (0%)             -                  -          
[657.370s][info][gc,heap     ] GC(357)   Garbage:         -              1691M (21%)          23M (0%)           19M (0%)             -                  -          
[657.370s][info][gc,heap     ] GC(357) Reclaimed:         -                  -              1668M (20%)        1672M (20%)            -                  -          
[657.370s][info][gc          ] GC(357) Garbage Collection (Proactive) 1824M(22%)->184M(2%)
[659.040s][info][gc,start    ] GC(358) Garbage Collection (Proactive)
[659.040s][info][gc,phases   ] GC(358) Pause Mark Start 0.006ms
[659.064s][info][gc,phases   ] GC(358) Concurrent Mark 24.185ms
[659.064s][info][gc,phases   ] GC(358) Pause Mark End 0.010ms
[659.065s][info][gc,phases   ] GC(358) Concurrent Process Non-Strong References 0.434ms
[659.065s][info][gc,phases   ] GC(358) Concurrent Reset Relocation Set 0.002ms
[659.068s][info][gc,phases   ] GC(358) Concurrent Select Relocation Set 2.898ms
[659.068s][info][gc,phases   ] GC(358) Pause Relocate Start 0.005ms
[659.069s][info][gc,phases   ] GC(358) Concurrent Relocate 0.528ms
[659.069s][info][gc,load     ] GC(358) Load: 4.01/3.94/3.74
[659.069s][info][gc,mmu      ] GC(358) MMU: 2ms/98.1%, 5ms/99.2%, 10ms/99.6%, 20ms/99.8%, 50ms/99.9%, 100ms/99.9%
[659.069s][info][gc,marking  ] GC(358) Mark: 2 stripe(s), 2 proactive flush(es), 1 terminate flush(es), 0 completion(s), 0 continuation(s) 
[659.069s][info][gc,nmethod  ] GC(358) NMethods: 484 registered, 0 unregistered
[659.069s][info][gc,metaspace] GC(358) Metaspace: 0M used, 0M committed, 1032M reserved
[659.069s][info][gc,ref      ] GC(358) Soft: 82 encountered, 0 discovered, 0 enqueued
[659.069s][info][gc,ref      ] GC(358) Weak: 200 encountered, 50 discovered, 0 enqueued
[659.069s][info][gc,ref      ] GC(358) Final: 0 encountered, 0 discovered, 0 enqueued
[659.069s][info][gc,ref      ] GC(358) Phantom: 5 encountered, 5 discovered, 0 enqueued
[659.069s][info][gc,reloc    ] GC(358) Small Pages: 964 / 1928M, Empty: 1772M, Relocated: 3M, In-Place: 0
[659.069s][info][gc,reloc    ] GC(358) Medium Pages: 0 / 0M, Empty: 0M, Relocated: 0M, In-Place: 0
[659.069s][info][gc,reloc    ] GC(358) Large Pages: 0 / 0M, Empty: 0M, Relocated: 0M, In-Place: 0
[659.069s][info][gc,reloc    ] GC(358) Forwarding Usage: 0M
[659.069s][info][gc,heap     ] GC(358) Min Capacity: 8192M(100%)
[659.069s][info][gc,heap     ] GC(358) Max Capacity: 8192M(100%)
[659.069s][info][gc,heap     ] GC(358) Soft Max Capacity: 8192M(100%)
[659.069s][info][gc,heap     ] GC(358)                Mark Start          Mark End        Relocate Start      Relocate End           High               Low         
[659.069s][info][gc,heap     ] GC(358)  Capacity:     8192M (100%)       8192M (100%)       8192M (100%)       8192M (100%)       8192M (100%)       8192M (100%)   
[659.069s][info][gc,heap     ] GC(358)      Free:     6264M (76%)        6240M (76%)        8004M (98%)        8008M (98%)        8008M (98%)        6240M (76%)    
[659.069s][info][gc,heap     ] GC(358)      Used:     1928M (24%)        1952M (24%)         188M (2%)          184M (2%)         1952M (24%)         184M (2%)     
[659.069s][info][gc,heap     ] GC(358)      Live:         -               132M (2%)          132M (2%)          132M (2%)             -                  -          
[659.069s][info][gc,heap     ] GC(358) Allocated:         -                24M (0%)           32M (0%)           32M (0%)             -                  -          
[659.069s][info][gc,heap     ] GC(358)   Garbage:         -              1795M (22%)          23M (0%)           19M (0%)             -                  -          
[659.069s][info][gc,heap     ] GC(358) Reclaimed:         -                  -              1772M (22%)        1776M (22%)            -                  -          
[659.069s][info][gc          ] GC(358) Garbage Collection (Proactive) 1928M(24%)->184M(2%)
[660.040s][info][gc,stats    ] === Garbage Collection Statistics =======================================================================================================================
[660.040s][info][gc,stats    ]                                                              Last 10s              Last 10m              Last 10h                Total
[660.040s][info][gc,stats    ]                                                              Avg / Max             Avg / Max             Avg / Max             Avg / Max
[660.040s][info][gc,stats    ]   Collector: Garbage Collection Cycle                     27.826 / 30.020       29.188 / 44.621       29.999 / 95.920       29.999 / 95.920      ms
[660.040s][info][gc,stats    ]  Contention: Mark Segment Reset Contention                     0 / 1                 0 / 3                 0 / 4                 0 / 4           ops/s
[660.040s][info][gc,stats    ]  Contention: Mark SeqNum Reset Contention                      0 / 0                 0 / 1                 0 / 1                 0 / 1           ops/s
[660.040s][info][gc,stats    ]    Critical: Allocation Stall                                  0 / 0                 0 / 0                 0 / 0                 0 / 0           ops/s
[660.040s][info][gc,stats    ]    Critical: Allocation Stall                              0.000 / 0.000         0.000 / 0.000         0.000 / 0.000         0.000 / 0.000       ms
[660.040s][info][gc,stats    ]    Critical: GC Locker Stall                                   0 / 0                 0 / 0                 0 / 0                 0 / 0           ops/s
[660.040s][info][gc,stats    ]    Critical: GC Locker Stall                               0.000 / 0.000         0.000 / 0.000         0.000 / 0.000         0.000 / 0.000       ms
[660.040s][info][gc,stats    ]    Critical: Relocation Stall                                  0 / 0                 0 / 0                 0 / 0                 0 / 0           ops/s
[660.040s][info][gc,stats    ]    Critical: Relocation Stall                              0.000 / 0.000         0.000 / 0.000         0.000 / 0.000         0.000 / 0.000       ms
[660.040s][info][gc,stats    ]      Memory: Allocation Rate                                1044 / 1048           1044 / 1054           1057 / 9212           1057 / 9212        MB/s
[660.040s][info][gc,stats    ]      Memory: Out Of Memory                                     0 / 0                 0 / 0                 0 / 0                 0 / 0           ops/s
[660.040s][info][gc,stats    ]      Memory: Page Cache Flush                                  0 / 0                 0 / 0                 0 / 0                 0 / 0           MB/s
[660.040s][info][gc,stats    ]      Memory: Page Cache Hit L1                               524 / 528             524 / 533             521 / 533             521 / 533         ops/s
[660.040s][info][gc,stats    ]      Memory: Page Cache Hit L2                                 0 / 0                 0 / 0                 0 / 0                 0 / 0           ops/s
[660.040s][info][gc,stats    ]      Memory: Page Cache Hit L3                                 0 / 0                 0 / 61                2 / 486               2 / 486         ops/s
[660.040s][info][gc,stats    ]      Memory: Page Cache Miss                                   0 / 0                 0 / 0                 0 / 1                 0 / 1           ops/s
[660.040s][info][gc,stats    ]      Memory: Uncommit                                          0 / 0                 0 / 0                 0 / 0                 0 / 0           MB/s
[660.040s][info][gc,stats    ]      Memory: Undo Object Allocation Failed                     0 / 0                 0 / 0                 0 / 0                 0 / 0           ops/s
[660.040s][info][gc,stats    ]      Memory: Undo Object Allocation Succeeded                  0 / 0                 0 / 6                 0 / 6                 0 / 6           ops/s
[660.041s][info][gc,stats    ]      Memory: Undo Page Allocation                              0 / 0                 0 / 1                 0 / 1                 0 / 1           ops/s
[660.041s][info][gc,stats    ]       Phase: Concurrent Mark                              23.461 / 25.297       24.511 / 40.571       25.197 / 65.214       25.197 / 65.214      ms
[660.041s][info][gc,stats    ]       Phase: Concurrent Mark Continue                      0.000 / 0.000         0.000 / 0.000         0.000 / 0.000         0.000 / 0.000       ms
[660.041s][info][gc,stats    ]       Phase: Concurrent Process Non-Strong References      0.438 / 0.580         0.443 / 0.826         0.446 / 0.911         0.446 / 0.911       ms
[660.041s][info][gc,stats    ]       Phase: Concurrent Relocate                           0.555 / 0.690         0.773 / 2.004         0.863 / 16.651        0.863 / 16.651      ms
[660.041s][info][gc,stats    ]       Phase: Concurrent Reset Relocation Set               0.001 / 0.002         0.002 / 0.018         0.002 / 0.098         0.002 / 0.098       ms
[660.041s][info][gc,stats    ]       Phase: Concurrent Select Relocation Set              2.791 / 2.937         2.823 / 4.147         2.857 / 12.567        2.857 / 12.567      ms
[660.041s][info][gc,stats    ]       Phase: Pause Mark End                                0.009 / 0.010         0.009 / 0.025         0.009 / 0.025         0.009 / 0.025       ms
[660.041s][info][gc,stats    ]       Phase: Pause Mark Start                              0.006 / 0.007         0.006 / 0.039         0.006 / 0.039         0.006 / 0.039       ms
[660.041s][info][gc,stats    ]       Phase: Pause Relocate Start                          0.004 / 0.005         0.004 / 0.026         0.004 / 0.026         0.004 / 0.026       ms
[660.041s][info][gc,stats    ]    Subphase: Concurrent Classes Purge                      0.027 / 0.038         0.029 / 0.087         0.029 / 0.102         0.029 / 0.102       ms
[660.041s][info][gc,stats    ]    Subphase: Concurrent Classes Unlink                     0.284 / 0.306         0.290 / 0.571         0.291 / 0.571         0.291 / 0.571       ms
[660.041s][info][gc,stats    ]    Subphase: Concurrent Mark                              22.633 / 24.865       23.710 / 40.181       24.401 / 64.907       24.401 / 64.907      ms
[660.041s][info][gc,stats    ]    Subphase: Concurrent Mark Idle                          1.201 / 1.290         1.192 / 1.355         1.189 / 1.355         1.189 / 1.355       ms
[660.041s][info][gc,stats    ]    Subphase: Concurrent Mark Try Flush                     0.033 / 0.050         0.032 / 0.135         0.033 / 0.135         0.033 / 0.135       ms
[660.041s][info][gc,stats    ]    Subphase: Concurrent Mark Try Terminate                 0.410 / 1.291         0.432 / 1.361         0.434 / 1.361         0.434 / 1.361       ms
[660.041s][info][gc,stats    ]    Subphase: Concurrent References Enqueue                 0.000 / 0.000         0.000 / 0.008         0.000 / 0.008         0.000 / 0.008       ms
[660.041s][info][gc,stats    ]    Subphase: Concurrent References Process                 0.020 / 0.025         0.023 / 0.058         0.024 / 0.095         0.024 / 0.095       ms
[660.041s][info][gc,stats    ]    Subphase: Concurrent Roots ClassLoaderDataGraph         0.017 / 0.040         0.017 / 0.089         0.017 / 0.132         0.017 / 0.132       ms
[660.041s][info][gc,stats    ]    Subphase: Concurrent Roots CodeCache                    0.000 / 0.000         0.000 / 0.000         0.000 / 0.000         0.000 / 0.000       ms
[660.041s][info][gc,stats    ]    Subphase: Concurrent Roots JavaThreads                  0.215 / 0.301         0.211 / 0.485         0.209 / 0.485         0.209 / 0.485       ms
[660.041s][info][gc,stats    ]    Subphase: Concurrent Roots OopStorageSet                0.004 / 0.006         0.004 / 0.041         0.004 / 0.041         0.004 / 0.041       ms
[660.041s][info][gc,stats    ]    Subphase: Concurrent Weak Roots OopStorageSet           0.037 / 0.047         0.037 / 0.061         0.037 / 0.120         0.037 / 0.120       ms
[660.041s][info][gc,stats    ]    Subphase: Pause Mark Try Complete                       0.000 / 0.000         0.000 / 0.000         0.000 / 0.000         0.000 / 0.000       ms
[660.041s][info][gc,stats    ]      System: Java Threads                                     16 / 16               16 / 16               16 / 20               16 / 20          threads
[660.041s][info][gc,stats    ] =========================================================================================================================================================
[660.640s][info][gc,start    ] GC(359) Garbage Collection (Proactive)
[660.640s][info][gc,phases   ] GC(359) Pause Mark Start 0.007ms
[660.664s][info][gc,phases   ] GC(359) Concurrent Mark 23.667ms
[660.664s][info][gc,phases   ] GC(359) Pause Mark End 0.009ms
[660.664s][info][gc,phases   ] GC(359) Concurrent Process Non-Strong References 0.423ms
[660.664s][info][gc,phases   ] GC(359) Concurrent Reset Relocation Set 0.002ms
[660.667s][info][gc,phases   ] GC(359) Concurrent Select Relocation Set 2.867ms
[660.667s][info][gc,phases   ] GC(359) Pause Relocate Start 0.004ms
[660.668s][info][gc,phases   ] GC(359) Concurrent Relocate 0.576ms
[660.668s][info][gc,load     ] GC(359) Load: 4.01/3.94/3.74
[660.668s][info][gc,mmu      ] GC(359) MMU: 2ms/98.1%, 5ms/99.2%, 10ms/99.6%, 20ms/99.8%, 50ms/99.9%, 100ms/99.9%
[660.668s][info][gc,marking  ] GC(359) Mark: 2 stripe(s), 2 proactive flush(es), 1 terminate flush(es), 0 completion(s), 0 continuation(s) 
[660.668s][info][gc,nmethod  ] GC(359) NMethods: 484 registered, 0 unregistered
[660.668s][info][gc,metaspace] GC(359) Metaspace: 0M used, 0M committed, 1032M reserved
[660.668s][info][gc,ref      ] GC(359) Soft: 82 encountered, 0 discovered, 0 enqueued
[660.668s][info][gc,ref      ] GC(359) Weak: 200 encountered, 62 discovered, 0 enqueued
[660.668s][info][gc,ref      ] GC(359) Final: 0 encountered, 0 discovered, 0 enqueued
[660.668s][info][gc,ref      ] GC(359) Phantom: 5 encountered, 3 discovered, 0 enqueued
[660.668s][info][gc,reloc    ] GC(359) Small Pages: 912 / 1824M, Empty: 1668M, Relocated: 3M, In-Place: 0
[660.668s][info][gc,reloc    ] GC(359) Medium Pages: 0 / 0M, Empty: 0M, Relocated: 0M, In-Place: 0
[660.668s][info][gc,reloc    ] GC(359) Large Pages: 0 / 0M, Empty: 0M, Relocated: 0M, In-Place: 0
[660.668s][info][gc,reloc    ] GC(359) Forwarding Usage: 0M
[660.668s][info][gc,heap     ] GC(359) Min Capacity: 8192M(100%)
[660.668s][info][gc,heap     ] GC(359) Max Capacity: 8192M(100%)
[660.668s][info][gc,heap     ] GC(359) Soft Max Capacity: 8192M(100%)
[660.668s][info][gc,heap     ] GC(359)                Mark Start          Mark End        Relocate Start      Relocate End           High               Low         
[660.668s][info][gc,heap     ] GC(359)  Capacity:     8192M (100%)       8192M (100%)       8192M (100%)       8192M (100%)       8192M (100%)       8192M (100%)   
[660.668s][info][gc,heap     ] GC(359)      Free:     6368M (78%)        6342M (77%)        8002M (98%)        8008M (98%)        8008M (98%)        6342M (77%)    
[660.668s][info][gc,heap     ] GC(359)      Used:     1824M (22%)        1850M (23%)         190M (2%)          184M (2%)         1850M (23%)         184M (2%)     
[660.668s][info][gc,heap     ] GC(359)      Live:         -               132M (2%)          132M (2%)          132M (2%)             -                  -          
[660.668s][info][gc,heap     ] GC(359) Allocated:         -                26M (0%)           34M (0%)           34M (0%)             -                  -          
[660.668s][info][gc,heap     ] GC(359)   Garbage:         -              1691M (21%)          23M (0%)           17M (0%)             -                  -          
[660.668s][info][gc,heap     ] GC(359) Reclaimed:         -                  -              1668M (20%)        1674M (20%)            -                  -          
[660.668s][info][gc          ] GC(359) Garbage Collection (Proactive) 1824M(22%)->184M(2%)
[662.140s][info][gc,start    ] GC(360) Garbage Collection (Proactive)
[662.140s][info][gc,phases   ] GC(360) Pause Mark Start 0.006ms
[662.165s][info][gc,phases   ] GC(360) Concurrent Mark 24.654ms
[662.165s][info][gc,phases   ] GC(360) Pause Mark End 0.010ms
[662.165s][info][gc,phases   ] GC(360) Concurrent Process Non-Strong References 0.451ms
[662.165s][info][gc,phases   ] GC(360) Concurrent Reset Relocation Set 0.001ms
[662.168s][info][gc,phases   ] GC(360) Concurrent Select Relocation Set 2.798ms
[662.168s][info][gc,phases   ] GC(360) Pause Relocate Start 0.004ms
[662.169s][info][gc,phases   ] GC(360) Concurrent Relocate 0.443ms
[662.169s][info][gc,load     ] GC(360) Load: 3.85/3.90/3.73
[662.169s][info][gc,mmu      ] GC(360) MMU: 2ms/98.1%, 5ms/99.2%, 10ms/99.6%, 20ms/99.8%, 50ms/99.9%, 100ms/99.9%
[662.169s][info][gc,marking  ] GC(360) Mark: 2 stripe(s), 2 proactive flush(es), 1 terminate flush(es), 0 completion(s), 0 continuation(s) 
[662.169s][info][gc,nmethod  ] GC(360) NMethods: 484 registered, 0 unregistered
[662.169s][info][gc,metaspace] GC(360) Metaspace: 0M used, 0M committed, 1032M reserved
[662.169s][info][gc,ref      ] GC(360) Soft: 82 encountered, 0 discovered, 0 enqueued
[662.169s][info][gc,ref      ] GC(360) Weak: 200 encountered, 62 discovered, 0 enqueued
[662.169s][info][gc,ref      ] GC(360) Final: 0 encountered, 0 discovered, 0 enqueued
[662.169s][info][gc,ref      ] GC(360) Phantom: 5 encountered, 3 discovered, 0 enqueued
[662.169s][info][gc,reloc    ] GC(360) Small Pages: 860 / 1720M, Empty: 1556M, Relocated: 3M, In-Place: 0
[662.169s][info][gc,reloc    ] GC(360) Medium Pages: 0 / 0M, Empty: 0M, Relocated: 0M, In-Place: 0
[662.169s][info][gc,reloc    ] GC(360) Large Pages: 0 / 0M, Empty: 0M, Relocated: 0M, In-Place: 0
[662.169s][info][gc,reloc    ] GC(360) Forwarding Usage: 0M
[662.169s][info][gc,heap     ] GC(360) Min Capacity: 8192M(100%)
[662.169s][info][gc,heap     ] GC(360) Max Capacity: 8192M(100%)
[662.169s][info][gc,heap     ] GC(360) Soft Max Capacity: 8192M(100%)
[662.169s][info][gc,heap     ] GC(360)                Mark Start          Mark End        Relocate Start      Relocate End           High               Low         
[662.169s][info][gc,heap     ] GC(360)  Capacity:     8192M (100%)       8192M (100%)       8192M (100%)       8192M (100%)       8192M (100%)       8192M (100%)   
[662.169s][info][gc,heap     ] GC(360)      Free:     6472M (79%)        6446M (79%)        7994M (98%)        8008M (98%)        8008M (98%)        6446M (79%)    
[662.169s][info][gc,heap     ] GC(360)      Used:     1720M (21%)        1746M (21%)         198M (2%)          184M (2%)         1746M (21%)         184M (2%)     
[662.169s][info][gc,heap     ] GC(360)      Live:         -               132M (2%)          132M (2%)          132M (2%)             -                  -          
[662.169s][info][gc,heap     ] GC(360) Allocated:         -                26M (0%)           34M (0%)           34M (0%)             -                  -          
[662.169s][info][gc,heap     ] GC(360)   Garbage:         -              1587M (19%)          31M (0%)           17M (0%)             -                  -          
[662.169s][info][gc,heap     ] GC(360) Reclaimed:         -                  -              1556M (19%)        1570M (19%)            -                  -          
[662.169s][info][gc          ] GC(360) Garbage Collection (Proactive) 1720M(21%)->184M(2%)
[663.640s][info][gc,start    ] GC(361) Garbage Collection (Proactive)
[663.640s][info][gc,phases   ] GC(361) Pause Mark Start 0.006ms
[663.666s][info][gc,phases   ] GC(361) Concurrent Mark 25.277ms
[663.666s][info][gc,phases   ] GC(361) Pause Mark End 0.009ms
[663.667s][info][gc,phases   ] GC(361) Concurrent Process Non-Strong References 0.581ms
[663.667s][info][gc,phases   ] GC(361) Concurrent Reset Relocation Set 0.002ms
[663.670s][info][gc,phases   ] GC(361) Concurrent Select Relocation Set 3.206ms
[663.670s][info][gc,phases   ] GC(361) Pause Relocate Start 0.004ms
[663.671s][info][gc,phases   ] GC(361) Concurrent Relocate 1.109ms
[663.671s][info][gc,load     ] GC(361) Load: 3.85/3.90/3.73
[663.671s][info][gc,mmu      ] GC(361) MMU: 2ms/98.1%, 5ms/99.2%, 10ms/99.6%, 20ms/99.8%, 50ms/99.9%, 100ms/99.9%
[663.671s][info][gc,marking  ] GC(361) Mark: 2 stripe(s), 2 proactive flush(es), 1 terminate flush(es), 0 completion(s), 0 continuation(s) 
[663.671s][info][gc,nmethod  ] GC(361) NMethods: 484 registered, 0 unregistered
[663.671s][info][gc,metaspace] GC(361) Metaspace: 0M used, 0M committed, 1032M reserved
[663.671s][info][gc,ref      ] GC(361) Soft: 82 encountered, 0 discovered, 0 enqueued
[663.671s][info][gc,ref      ] GC(361) Weak: 200 encountered, 167 discovered, 0 enqueued
[663.671s][info][gc,ref      ] GC(361) Final: 0 encountered, 0 discovered, 0 enqueued
[663.671s][info][gc,ref      ] GC(361) Phantom: 5 encountered, 3 discovered, 0 enqueued
[663.671s][info][gc,reloc    ] GC(361) Small Pages: 860 / 1720M, Empty: 1508M, Relocated: 6M, In-Place: 0
[663.671s][info][gc,reloc    ] GC(361) Medium Pages: 0 / 0M, Empty: 0M, Relocated: 0M, In-Place: 0
[663.671s][info][gc,reloc    ] GC(361) Large Pages: 0 / 0M, Empty: 0M, Relocated: 0M, In-Place: 0
[663.671s][info][gc,reloc    ] GC(361) Forwarding Usage: 0M
[663.671s][info][gc,heap     ] GC(361) Min Capacity: 8192M(100%)
[663.671s][info][gc,heap     ] GC(361) Max Capacity: 8192M(100%)
[663.672s][info][gc,heap     ] GC(361) Soft Max Capacity: 8192M(100%)
[663.672s][info][gc,heap     ] GC(361)                Mark Start          Mark End        Relocate Start      Relocate End           High               Low         
[663.672s][info][gc,heap     ] GC(361)  Capacity:     8192M (100%)       8192M (100%)       8192M (100%)       8192M (100%)       8192M (100%)       8192M (100%)   
[663.672s][info][gc,heap     ] GC(361)      Free:     6472M (79%)        6440M (79%)        7944M (97%)        8002M (98%)        8002M (98%)        6438M (79%)    
[663.672s][info][gc,heap     ] GC(361)      Used:     1720M (21%)        1752M (21%)         248M (3%)          190M (2%)         1754M (21%)         190M (2%)     
[663.672s][info][gc,heap     ] GC(361)      Live:         -               132M (2%)          132M (2%)          132M (2%)             -                  -          
[663.672s][info][gc,heap     ] GC(361) Allocated:         -                32M (0%)           36M (0%)           40M (0%)             -                  -          
[663.672s][info][gc,heap     ] GC(361)   Garbage:         -              1587M (19%)          79M (1%)           17M (0%)             -                  -          
[663.672s][info][gc,heap     ] GC(361) Reclaimed:         -                  -              1508M (18%)        1570M (19%)            -                  -          
[663.672s][info][gc          ] GC(361) Garbage Collection (Proactive) 1720M(21%)->190M(2%)
[665.340s][info][gc,start    ] GC(362) Garbage Collection (Proactive)
[665.340s][info][gc,phases   ] GC(362) Pause Mark Start 0.009ms
[665.362s][info][gc,phases   ] GC(362) Concurrent Mark 21.793ms
[665.362s][info][gc,phases   ] GC(362) Pause Mark End 0.008ms
[665.362s][info][gc,phases   ] GC(362) Concurrent Process Non-Strong References 0.391ms
[665.362s][info][gc,phases   ] GC(362) Concurrent Reset Relocation Set 0.003ms
[665.365s][info][gc,phases   ] GC(362) Concurrent Select Relocation Set 2.706ms
[665.365s][info][gc,phases   ] GC(362) Pause Relocate Start 0.003ms
[665.366s][info][gc,phases   ] GC(362) Concurrent Relocate 0.998ms
[665.366s][info][gc,load     ] GC(362) Load: 3.85/3.90/3.73
[665.366s][info][gc,mmu      ] GC(362) MMU: 2ms/98.1%, 5ms/99.2%, 10ms/99.6%, 20ms/99.8%, 50ms/99.9%, 100ms/99.9%
[665.366s][info][gc,marking  ] GC(362) Mark: 2 stripe(s), 2 proactive flush(es), 1 terminate flush(es), 0 completion(s), 0 continuation(s) 
[665.366s][info][gc,nmethod  ] GC(362) NMethods: 484 registered, 0 unregistered
[665.366s][info][gc,metaspace] GC(362) Metaspace: 0M used, 0M committed, 1032M reserved
[665.366s][info][gc,ref      ] GC(362) Soft: 82 encountered, 0 discovered, 0 enqueued
[665.366s][info][gc,ref      ] GC(362) Weak: 200 encountered, 51 discovered, 0 enqueued
[665.366s][info][gc,ref      ] GC(362) Final: 0 encountered, 0 discovered, 0 enqueued
[665.366s][info][gc,ref      ] GC(362) Phantom: 5 encountered, 3 discovered, 0 enqueued
[665.366s][info][gc,reloc    ] GC(362) Small Pages: 964 / 1928M, Empty: 1754M, Relocated: 6M, In-Place: 0
[665.366s][info][gc,reloc    ] GC(362) Medium Pages: 0 / 0M, Empty: 0M, Relocated: 0M, In-Place: 0
[665.366s][info][gc,reloc    ] GC(362) Large Pages: 0 / 0M, Empty: 0M, Relocated: 0M, In-Place: 0
[665.366s][info][gc,reloc    ] GC(362) Forwarding Usage: 0M
[665.366s][info][gc,heap     ] GC(362) Min Capacity: 8192M(100%)
[665.366s][info][gc,heap     ] GC(362) Max Capacity: 8192M(100%)
[665.366s][info][gc,heap     ] GC(362) Soft Max Capacity: 8192M(100%)
[665.366s][info][gc,heap     ] GC(362)                Mark Start          Mark End        Relocate Start      Relocate End           High               Low         
[665.366s][info][gc,heap     ] GC(362)  Capacity:     8192M (100%)       8192M (100%)       8192M (100%)       8192M (100%)       8192M (100%)       8192M (100%)   
[665.366s][info][gc,heap     ] GC(362)      Free:     6264M (76%)        6240M (76%)        7994M (98%)        8012M (98%)        8012M (98%)        6240M (76%)    
[665.366s][info][gc,heap     ] GC(362)      Used:     1928M (24%)        1952M (24%)         198M (2%)          180M (2%)         1952M (24%)         180M (2%)     
[665.366s][info][gc,heap     ] GC(362)      Live:         -               132M (2%)          132M (2%)          132M (2%)             -                  -          
[665.366s][info][gc,heap     ] GC(362) Allocated:         -                24M (0%)           24M (0%)           28M (0%)             -                  -          
[665.366s][info][gc,heap     ] GC(362)   Garbage:         -              1795M (22%)          41M (1%)           19M (0%)             -                  -          
[665.366s][info][gc,heap     ] GC(362) Reclaimed:         -                  -              1754M (21%)        1776M (22%)            -                  -          
[665.366s][info][gc          ] GC(362) Garbage Collection (Proactive) 1928M(24%)->180M(2%)
[667.040s][info][gc,start    ] GC(363) Garbage Collection (Proactive)
[667.040s][info][gc,phases   ] GC(363) Pause Mark Start 0.004ms
[667.064s][info][gc,phases   ] GC(363) Concurrent Mark 23.304ms
[667.064s][info][gc,phases   ] GC(363) Pause Mark End 0.008ms
[667.064s][info][gc,phases   ] GC(363) Concurrent Process Non-Strong References 0.408ms
[667.064s][info][gc,phases   ] GC(363) Concurrent Reset Relocation Set 0.002ms
[667.067s][info][gc,phases   ] GC(363) Concurrent Select Relocation Set 2.773ms
[667.067s][info][gc,phases   ] GC(363) Pause Relocate Start 0.003ms
[667.068s][info][gc,phases   ] GC(363) Concurrent Relocate 0.535ms
[667.068s][info][gc,load     ] GC(363) Load: 3.78/3.89/3.72
[667.068s][info][gc,mmu      ] GC(363) MMU: 2ms/98.1%, 5ms/99.2%, 10ms/99.6%, 20ms/99.8%, 50ms/99.9%, 100ms/99.9%
[667.068s][info][gc,marking  ] GC(363) Mark: 2 stripe(s), 2 proactive flush(es), 1 terminate flush(es), 0 completion(s), 0 continuation(s) 
[667.068s][info][gc,nmethod  ] GC(363) NMethods: 484 registered, 0 unregistered
[667.068s][info][gc,metaspace] GC(363) Metaspace: 0M used, 0M committed, 1032M reserved
[667.068s][info][gc,ref      ] GC(363) Soft: 82 encountered, 0 discovered, 0 enqueued
[667.068s][info][gc,ref      ] GC(363) Weak: 200 encountered, 62 discovered, 0 enqueued
[667.068s][info][gc,ref      ] GC(363) Final: 0 encountered, 0 discovered, 0 enqueued
[667.068s][info][gc,ref      ] GC(363) Phantom: 5 encountered, 5 discovered, 0 enqueued
[667.068s][info][gc,reloc    ] GC(363) Small Pages: 964 / 1928M, Empty: 1770M, Relocated: 3M, In-Place: 0
[667.068s][info][gc,reloc    ] GC(363) Medium Pages: 0 / 0M, Empty: 0M, Relocated: 0M, In-Place: 0
[667.068s][info][gc,reloc    ] GC(363) Large Pages: 0 / 0M, Empty: 0M, Relocated: 0M, In-Place: 0
[667.068s][info][gc,reloc    ] GC(363) Forwarding Usage: 0M
[667.068s][info][gc,heap     ] GC(363) Min Capacity: 8192M(100%)
[667.068s][info][gc,heap     ] GC(363) Max Capacity: 8192M(100%)
[667.068s][info][gc,heap     ] GC(363) Soft Max Capacity: 8192M(100%)
[667.068s][info][gc,heap     ] GC(363)                Mark Start          Mark End        Relocate Start      Relocate End           High               Low         
[667.068s][info][gc,heap     ] GC(363)  Capacity:     8192M (100%)       8192M (100%)       8192M (100%)       8192M (100%)       8192M (100%)       8192M (100%)   
[667.068s][info][gc,heap     ] GC(363)      Free:     6264M (76%)        6240M (76%)        8002M (98%)        8006M (98%)        8006M (98%)        6240M (76%)    
[667.068s][info][gc,heap     ] GC(363)      Used:     1928M (24%)        1952M (24%)         190M (2%)          186M (2%)         1952M (24%)         186M (2%)     
[667.068s][info][gc,heap     ] GC(363)      Live:         -               132M (2%)          132M (2%)          132M (2%)             -                  -          
[667.068s][info][gc,heap     ] GC(363) Allocated:         -                24M (0%)           32M (0%)           34M (0%)             -                  -          
[667.068s][info][gc,heap     ] GC(363)   Garbage:         -              1795M (22%)          25M (0%)           19M (0%)             -                  -          
[667.068s][info][gc,heap     ] GC(363) Reclaimed:         -                  -              1770M (22%)        1776M (22%)            -                  -          
[667.068s][info][gc          ] GC(363) Garbage Collection (Proactive) 1928M(24%)->186M(2%)
[668.639s][info][gc,start    ] GC(364) Garbage Collection (Proactive)
[668.639s][info][gc,phases   ] GC(364) Pause Mark Start 0.008ms
[668.664s][info][gc,phases   ] GC(364) Concurrent Mark 24.871ms
[668.664s][info][gc,phases   ] GC(364) Pause Mark End 0.008ms
[668.665s][info][gc,phases   ] GC(364) Concurrent Process Non-Strong References 0.401ms
[668.665s][info][gc,phases   ] GC(364) Concurrent Reset Relocation Set 0.001ms
[668.668s][info][gc,phases   ] GC(364) Concurrent Select Relocation Set 2.804ms
[668.668s][info][gc,phases   ] GC(364) Pause Relocate Start 0.005ms
[668.668s][info][gc,phases   ] GC(364) Concurrent Relocate 0.535ms
[668.668s][info][gc,load     ] GC(364) Load: 3.78/3.89/3.72
[668.668s][info][gc,mmu      ] GC(364) MMU: 2ms/98.1%, 5ms/99.2%, 10ms/99.6%, 20ms/99.8%, 50ms/99.9%, 100ms/99.9%
[668.668s][info][gc,marking  ] GC(364) Mark: 2 stripe(s), 2 proactive flush(es), 1 terminate flush(es), 0 completion(s), 0 continuation(s) 
[668.668s][info][gc,nmethod  ] GC(364) NMethods: 484 registered, 0 unregistered
[668.668s][info][gc,metaspace] GC(364) Metaspace: 0M used, 0M committed, 1032M reserved
[668.668s][info][gc,ref      ] GC(364) Soft: 82 encountered, 0 discovered, 0 enqueued
[668.669s][info][gc,ref      ] GC(364) Weak: 200 encountered, 53 discovered, 0 enqueued
[668.669s][info][gc,ref      ] GC(364) Final: 0 encountered, 0 discovered, 0 enqueued
[668.669s][info][gc,ref      ] GC(364) Phantom: 5 encountered, 3 discovered, 0 enqueued
[668.669s][info][gc,reloc    ] GC(364) Small Pages: 912 / 1824M, Empty: 1666M, Relocated: 3M, In-Place: 0
[668.669s][info][gc,reloc    ] GC(364) Medium Pages: 0 / 0M, Empty: 0M, Relocated: 0M, In-Place: 0
[668.669s][info][gc,reloc    ] GC(364) Large Pages: 0 / 0M, Empty: 0M, Relocated: 0M, In-Place: 0
[668.669s][info][gc,reloc    ] GC(364) Forwarding Usage: 0M
[668.669s][info][gc,heap     ] GC(364) Min Capacity: 8192M(100%)
[668.669s][info][gc,heap     ] GC(364) Max Capacity: 8192M(100%)
[668.669s][info][gc,heap     ] GC(364) Soft Max Capacity: 8192M(100%)
[668.669s][info][gc,heap     ] GC(364)                Mark Start          Mark End        Relocate Start      Relocate End           High               Low         
[668.669s][info][gc,heap     ] GC(364)  Capacity:     8192M (100%)       8192M (100%)       8192M (100%)       8192M (100%)       8192M (100%)       8192M (100%)   
[668.669s][info][gc,heap     ] GC(364)      Free:     6368M (78%)        6344M (77%)        8000M (98%)        8004M (98%)        8008M (98%)        6344M (77%)    
[668.669s][info][gc,heap     ] GC(364)      Used:     1824M (22%)        1848M (23%)         192M (2%)          188M (2%)         1848M (23%)         184M (2%)     
[668.669s][info][gc,heap     ] GC(364)      Live:         -               132M (2%)          132M (2%)          132M (2%)             -                  -          
[668.669s][info][gc,heap     ] GC(364) Allocated:         -                24M (0%)           34M (0%)           34M (0%)             -                  -          
[668.669s][info][gc,heap     ] GC(364)   Garbage:         -              1691M (21%)          25M (0%)           21M (0%)             -                  -          
[668.669s][info][gc,heap     ] GC(364) Reclaimed:         -                  -              1666M (20%)        1670M (20%)            -                  -          
[668.669s][info][gc          ] GC(364) Garbage Collection (Proactive) 1824M(22%)->188M(2%)
[670.040s][info][gc,stats    ] === Garbage Collection Statistics =======================================================================================================================
[670.040s][info][gc,stats    ]                                                              Last 10s              Last 10m              Last 10h                Total
[670.040s][info][gc,stats    ]                                                              Avg / Max             Avg / Max             Avg / Max             Avg / Max
[670.040s][info][gc,stats    ]   Collector: Garbage Collection Cycle                     28.592 / 31.041       29.141 / 44.621       29.976 / 95.920       29.976 / 95.920      ms
[670.040s][info][gc,stats    ]  Contention: Mark Segment Reset Contention                     0 / 0                 0 / 3                 0 / 4                 0 / 4           ops/s
[670.040s][info][gc,stats    ]  Contention: Mark SeqNum Reset Contention                      0 / 0                 0 / 1                 0 / 1                 0 / 1           ops/s
[670.040s][info][gc,stats    ]    Critical: Allocation Stall                                  0 / 0                 0 / 0                 0 / 0                 0 / 0           ops/s
[670.040s][info][gc,stats    ]    Critical: Allocation Stall                              0.000 / 0.000         0.000 / 0.000         0.000 / 0.000         0.000 / 0.000       ms
[670.040s][info][gc,stats    ]    Critical: GC Locker Stall                                   0 / 0                 0 / 0                 0 / 0                 0 / 0           ops/s
[670.040s][info][gc,stats    ]    Critical: GC Locker Stall                               0.000 / 0.000         0.000 / 0.000         0.000 / 0.000         0.000 / 0.000       ms
[670.040s][info][gc,stats    ]    Critical: Relocation Stall                                  0 / 0                 0 / 0                 0 / 0                 0 / 0           ops/s
[670.040s][info][gc,stats    ]    Critical: Relocation Stall                              0.000 / 0.000         0.000 / 0.000         0.000 / 0.000         0.000 / 0.000       ms
[670.040s][info][gc,stats    ]      Memory: Allocation Rate                                1045 / 1052           1044 / 1052           1056 / 9212           1056 / 9212        MB/s
[670.040s][info][gc,stats    ]      Memory: Out Of Memory                                     0 / 0                 0 / 0                 0 / 0                 0 / 0           ops/s
[670.040s][info][gc,stats    ]      Memory: Page Cache Flush                                  0 / 0                 0 / 0                 0 / 0                 0 / 0           MB/s
[670.040s][info][gc,stats    ]      Memory: Page Cache Hit L1                               524 / 529             524 / 533             521 / 533             521 / 533         ops/s
[670.040s][info][gc,stats    ]      Memory: Page Cache Hit L2                                 0 / 0                 0 / 0                 0 / 0                 0 / 0           ops/s
[670.040s][info][gc,stats    ]      Memory: Page Cache Hit L3                                 0 / 0                 0 / 61                2 / 486               2 / 486         ops/s
[670.040s][info][gc,stats    ]      Memory: Page Cache Miss                                   0 / 0                 0 / 0                 0 / 1                 0 / 1           ops/s
[670.040s][info][gc,stats    ]      Memory: Uncommit                                          0 / 0                 0 / 0                 0 / 0                 0 / 0           MB/s
[670.040s][info][gc,stats    ]      Memory: Undo Object Allocation Failed                     0 / 0                 0 / 0                 0 / 0                 0 / 0           ops/s
[670.040s][info][gc,stats    ]      Memory: Undo Object Allocation Succeeded                  0 / 0                 0 / 6                 0 / 6                 0 / 6           ops/s
[670.040s][info][gc,stats    ]      Memory: Undo Page Allocation                              0 / 0                 0 / 1                 0 / 1                 0 / 1           ops/s
[670.040s][info][gc,stats    ]       Phase: Concurrent Mark                              23.928 / 25.277       24.475 / 40.571       25.176 / 65.214       25.176 / 65.214      ms
[670.040s][info][gc,stats    ]       Phase: Concurrent Mark Continue                      0.000 / 0.000         0.000 / 0.000         0.000 / 0.000         0.000 / 0.000       ms
[670.040s][info][gc,stats    ]       Phase: Concurrent Process Non-Strong References      0.442 / 0.581         0.443 / 0.826         0.446 / 0.911         0.446 / 0.911       ms
[670.040s][info][gc,stats    ]       Phase: Concurrent Relocate                           0.699 / 1.109         0.763 / 2.004         0.860 / 16.651        0.860 / 16.651      ms
[670.040s][info][gc,stats    ]       Phase: Concurrent Reset Relocation Set               0.002 / 0.003         0.002 / 0.018         0.002 / 0.098         0.002 / 0.098       ms
[670.040s][info][gc,stats    ]       Phase: Concurrent Select Relocation Set              2.859 / 3.206         2.821 / 4.147         2.857 / 12.567        2.857 / 12.567      ms
[670.040s][info][gc,stats    ]       Phase: Pause Mark End                                0.009 / 0.010         0.009 / 0.025         0.009 / 0.025         0.009 / 0.025       ms
[670.040s][info][gc,stats    ]       Phase: Pause Mark Start                              0.007 / 0.009         0.006 / 0.039         0.006 / 0.039         0.006 / 0.039       ms
[670.040s][info][gc,stats    ]       Phase: Pause Relocate Start                          0.004 / 0.005         0.004 / 0.015         0.004 / 0.026         0.004 / 0.026       ms
[670.040s][info][gc,stats    ]    Subphase: Concurrent Classes Purge                      0.026 / 0.029         0.029 / 0.087         0.029 / 0.102         0.029 / 0.102       ms
[670.040s][info][gc,stats    ]    Subphase: Concurrent Classes Unlink                     0.291 / 0.334         0.290 / 0.571         0.291 / 0.571         0.291 / 0.571       ms
[670.040s][info][gc,stats    ]    Subphase: Concurrent Mark                              23.181 / 25.000       23.674 / 40.181       24.381 / 64.907       24.381 / 64.907      ms
[670.040s][info][gc,stats    ]    Subphase: Concurrent Mark Idle                          1.129 / 1.278         1.191 / 1.355         1.188 / 1.355         1.188 / 1.355       ms
[670.041s][info][gc,stats    ]    Subphase: Concurrent Mark Try Flush                     0.035 / 0.094         0.032 / 0.135         0.033 / 0.135         0.033 / 0.135       ms
[670.041s][info][gc,stats    ]    Subphase: Concurrent Mark Try Terminate                 0.425 / 1.280         0.432 / 1.361         0.434 / 1.361         0.434 / 1.361       ms
[670.041s][info][gc,stats    ]    Subphase: Concurrent References Enqueue                 0.000 / 0.000         0.000 / 0.008         0.000 / 0.008         0.000 / 0.008       ms
[670.041s][info][gc,stats    ]    Subphase: Concurrent References Process                 0.024 / 0.046         0.023 / 0.058         0.024 / 0.095         0.024 / 0.095       ms
[670.041s][info][gc,stats    ]    Subphase: Concurrent Roots ClassLoaderDataGraph         0.020 / 0.059         0.017 / 0.089         0.017 / 0.132         0.017 / 0.132       ms
[670.041s][info][gc,stats    ]    Subphase: Concurrent Roots CodeCache                    0.000 / 0.000         0.000 / 0.000         0.000 / 0.000         0.000 / 0.000       ms
[670.041s][info][gc,stats    ]    Subphase: Concurrent Roots JavaThreads                  0.222 / 0.310         0.211 / 0.485         0.209 / 0.485         0.209 / 0.485       ms
[670.041s][info][gc,stats    ]    Subphase: Concurrent Roots OopStorageSet                0.004 / 0.006         0.004 / 0.041         0.004 / 0.041         0.004 / 0.041       ms
[670.041s][info][gc,stats    ]    Subphase: Concurrent Weak Roots OopStorageSet           0.039 / 0.060         0.037 / 0.061         0.037 / 0.120         0.037 / 0.120       ms
[670.041s][info][gc,stats    ]    Subphase: Pause Mark Try Complete                       0.000 / 0.000         0.000 / 0.000         0.000 / 0.000         0.000 / 0.000       ms
[670.041s][info][gc,stats    ]      System: Java Threads                                     16 / 16               16 / 16               16 / 20               16 / 20          threads
[670.041s][info][gc,stats    ] =========================================================================================================================================================
[670.240s][info][gc,start    ] GC(365) Garbage Collection (Proactive)
[670.241s][info][gc,phases   ] GC(365) Pause Mark Start 0.006ms
[670.265s][info][gc,phases   ] GC(365) Concurrent Mark 24.084ms
[670.265s][info][gc,phases   ] GC(365) Pause Mark End 0.009ms
[670.265s][info][gc,phases   ] GC(365) Concurrent Process Non-Strong References 0.436ms
[670.265s][info][gc,phases   ] GC(365) Concurrent Reset Relocation Set 0.001ms
[670.268s][info][gc,phases   ] GC(365) Concurrent Select Relocation Set 2.907ms
[670.268s][info][gc,phases   ] GC(365) Pause Relocate Start 0.004ms
[670.269s][info][gc,phases   ] GC(365) Concurrent Relocate 0.483ms
[670.269s][info][gc,load     ] GC(365) Load: 3.78/3.89/3.72
[670.269s][info][gc,mmu      ] GC(365) MMU: 2ms/98.1%, 5ms/99.2%, 10ms/99.6%, 20ms/99.8%, 50ms/99.9%, 100ms/99.9%
[670.269s][info][gc,marking  ] GC(365) Mark: 2 stripe(s), 2 proactive flush(es), 1 terminate flush(es), 0 completion(s), 0 continuation(s) 
[670.269s][info][gc,nmethod  ] GC(365) NMethods: 484 registered, 0 unregistered
[670.269s][info][gc,metaspace] GC(365) Metaspace: 0M used, 0M committed, 1032M reserved
[670.269s][info][gc,ref      ] GC(365) Soft: 82 encountered, 0 discovered, 0 enqueued
[670.269s][info][gc,ref      ] GC(365) Weak: 200 encountered, 54 discovered, 0 enqueued
[670.269s][info][gc,ref      ] GC(365) Final: 0 encountered, 0 discovered, 0 enqueued
[670.269s][info][gc,ref      ] GC(365) Phantom: 5 encountered, 3 discovered, 0 enqueued
[670.269s][info][gc,reloc    ] GC(365) Small Pages: 913 / 1826M, Empty: 1668M, Relocated: 3M, In-Place: 0
[670.269s][info][gc,reloc    ] GC(365) Medium Pages: 0 / 0M, Empty: 0M, Relocated: 0M, In-Place: 0
[670.269s][info][gc,reloc    ] GC(365) Large Pages: 0 / 0M, Empty: 0M, Relocated: 0M, In-Place: 0
[670.269s][info][gc,reloc    ] GC(365) Forwarding Usage: 0M
[670.269s][info][gc,heap     ] GC(365) Min Capacity: 8192M(100%)
[670.269s][info][gc,heap     ] GC(365) Max Capacity: 8192M(100%)
[670.269s][info][gc,heap     ] GC(365) Soft Max Capacity: 8192M(100%)
[670.269s][info][gc,heap     ] GC(365)                Mark Start          Mark End        Relocate Start      Relocate End           High               Low         
[670.269s][info][gc,heap     ] GC(365)  Capacity:     8192M (100%)       8192M (100%)       8192M (100%)       8192M (100%)       8192M (100%)       8192M (100%)   
[670.269s][info][gc,heap     ] GC(365)      Free:     6366M (78%)        6342M (77%)        8002M (98%)        8008M (98%)        8008M (98%)        6342M (77%)    
[670.269s][info][gc,heap     ] GC(365)      Used:     1826M (22%)        1850M (23%)         190M (2%)          184M (2%)         1850M (23%)         184M (2%)     
[670.269s][info][gc,heap     ] GC(365)      Live:         -               132M (2%)          132M (2%)          132M (2%)             -                  -          
[670.269s][info][gc,heap     ] GC(365) Allocated:         -                24M (0%)           32M (0%)           32M (0%)             -                  -          
[670.269s][info][gc,heap     ] GC(365)   Garbage:         -              1693M (21%)          25M (0%)           19M (0%)             -                  -          
[670.269s][info][gc,heap     ] GC(365) Reclaimed:         -                  -              1668M (20%)        1674M (20%)            -                  -          
[670.269s][info][gc          ] GC(365) Garbage Collection (Proactive) 1826M(22%)->184M(2%)
[671.840s][info][gc,start    ] GC(366) Garbage Collection (Proactive)
[671.840s][info][gc,phases   ] GC(366) Pause Mark Start 0.006ms
[671.864s][info][gc,phases   ] GC(366) Concurrent Mark 23.315ms
[671.864s][info][gc,phases   ] GC(366) Pause Mark End 0.009ms
[671.864s][info][gc,phases   ] GC(366) Concurrent Process Non-Strong References 0.450ms
[671.864s][info][gc,phases   ] GC(366) Concurrent Reset Relocation Set 0.002ms
[671.867s][info][gc,phases   ] GC(366) Concurrent Select Relocation Set 2.918ms
[671.867s][info][gc,phases   ] GC(366) Pause Relocate Start 0.004ms
[671.868s][info][gc,phases   ] GC(366) Concurrent Relocate 0.575ms
[671.868s][info][gc,load     ] GC(366) Load: 3.80/3.89/3.73
[671.868s][info][gc,mmu      ] GC(366) MMU: 2ms/98.1%, 5ms/99.2%, 10ms/99.6%, 20ms/99.8%, 50ms/99.9%, 100ms/99.9%
[671.868s][info][gc,marking  ] GC(366) Mark: 2 stripe(s), 2 proactive flush(es), 1 terminate flush(es), 0 completion(s), 0 continuation(s) 
[671.868s][info][gc,nmethod  ] GC(366) NMethods: 484 registered, 0 unregistered
[671.868s][info][gc,metaspace] GC(366) Metaspace: 0M used, 0M committed, 1032M reserved
[671.868s][info][gc,ref      ] GC(366) Soft: 82 encountered, 0 discovered, 0 enqueued
[671.868s][info][gc,ref      ] GC(366) Weak: 200 encountered, 54 discovered, 0 enqueued
[671.868s][info][gc,ref      ] GC(366) Final: 0 encountered, 0 discovered, 0 enqueued
[671.868s][info][gc,ref      ] GC(366) Phantom: 5 encountered, 3 discovered, 0 enqueued
[671.868s][info][gc,reloc    ] GC(366) Small Pages: 912 / 1824M, Empty: 1666M, Relocated: 2M, In-Place: 0
[671.868s][info][gc,reloc    ] GC(366) Medium Pages: 0 / 0M, Empty: 0M, Relocated: 0M, In-Place: 0
[671.868s][info][gc,reloc    ] GC(366) Large Pages: 0 / 0M, Empty: 0M, Relocated: 0M, In-Place: 0
[671.868s][info][gc,reloc    ] GC(366) Forwarding Usage: 0M
[671.868s][info][gc,heap     ] GC(366) Min Capacity: 8192M(100%)
[671.868s][info][gc,heap     ] GC(366) Max Capacity: 8192M(100%)
[671.868s][info][gc,heap     ] GC(366) Soft Max Capacity: 8192M(100%)
[671.868s][info][gc,heap     ] GC(366)                Mark Start          Mark End        Relocate Start      Relocate End           High               Low         
[671.868s][info][gc,heap     ] GC(366)  Capacity:     8192M (100%)       8192M (100%)       8192M (100%)       8192M (100%)       8192M (100%)       8192M (100%)   
[671.868s][info][gc,heap     ] GC(366)      Free:     6368M (78%)        6344M (77%)        8002M (98%)        8008M (98%)        8008M (98%)        6344M (77%)    
[671.868s][info][gc,heap     ] GC(366)      Used:     1824M (22%)        1848M (23%)         190M (2%)          184M (2%)         1848M (23%)         184M (2%)     
[671.868s][info][gc,heap     ] GC(366)      Live:         -               132M (2%)          132M (2%)          132M (2%)             -                  -          
[671.868s][info][gc,heap     ] GC(366) Allocated:         -                24M (0%)           32M (0%)           32M (0%)             -                  -          
[671.868s][info][gc,heap     ] GC(366)   Garbage:         -              1691M (21%)          25M (0%)           19M (0%)             -                  -          
[671.868s][info][gc,heap     ] GC(366) Reclaimed:         -                  -              1666M (20%)        1672M (20%)            -                  -          
[671.868s][info][gc          ] GC(366) Garbage Collection (Proactive) 1824M(22%)->184M(2%)
[673.340s][info][gc,start    ] GC(367) Garbage Collection (Proactive)
[673.340s][info][gc,phases   ] GC(367) Pause Mark Start 0.004ms
[673.362s][info][gc,phases   ] GC(367) Concurrent Mark 21.653ms
[673.362s][info][gc,phases   ] GC(367) Pause Mark End 0.007ms
[673.362s][info][gc,phases   ] GC(367) Concurrent Process Non-Strong References 0.323ms
[673.362s][info][gc,phases   ] GC(367) Concurrent Reset Relocation Set 0.001ms
[673.364s][info][gc,phases   ] GC(367) Concurrent Select Relocation Set 2.215ms
[673.364s][info][gc,phases   ] GC(367) Pause Relocate Start 0.003ms
[673.365s][info][gc,phases   ] GC(367) Concurrent Relocate 0.354ms
[673.365s][info][gc,load     ] GC(367) Load: 3.80/3.89/3.73
[673.365s][info][gc,mmu      ] GC(367) MMU: 2ms/98.1%, 5ms/99.2%, 10ms/99.6%, 20ms/99.8%, 50ms/99.9%, 100ms/99.9%
[673.365s][info][gc,marking  ] GC(367) Mark: 2 stripe(s), 2 proactive flush(es), 1 terminate flush(es), 0 completion(s), 0 continuation(s) 
[673.365s][info][gc,nmethod  ] GC(367) NMethods: 484 registered, 0 unregistered
[673.365s][info][gc,metaspace] GC(367) Metaspace: 0M used, 0M committed, 1032M reserved
[673.365s][info][gc,ref      ] GC(367) Soft: 82 encountered, 0 discovered, 0 enqueued
[673.365s][info][gc,ref      ] GC(367) Weak: 200 encountered, 21 discovered, 0 enqueued
[673.365s][info][gc,ref      ] GC(367) Final: 0 encountered, 0 discovered, 0 enqueued
[673.365s][info][gc,ref      ] GC(367) Phantom: 5 encountered, 4 discovered, 0 enqueued
[673.365s][info][gc,reloc    ] GC(367) Small Pages: 860 / 1720M, Empty: 1562M, Relocated: 2M, In-Place: 0
[673.365s][info][gc,reloc    ] GC(367) Medium Pages: 0 / 0M, Empty: 0M, Relocated: 0M, In-Place: 0
[673.365s][info][gc,reloc    ] GC(367) Large Pages: 0 / 0M, Empty: 0M, Relocated: 0M, In-Place: 0
[673.365s][info][gc,reloc    ] GC(367) Forwarding Usage: 0M
[673.365s][info][gc,heap     ] GC(367) Min Capacity: 8192M(100%)
[673.365s][info][gc,heap     ] GC(367) Max Capacity: 8192M(100%)
[673.365s][info][gc,heap     ] GC(367) Soft Max Capacity: 8192M(100%)
[673.365s][info][gc,heap     ] GC(367)                Mark Start          Mark End        Relocate Start      Relocate End           High               Low         
[673.365s][info][gc,heap     ] GC(367)  Capacity:     8192M (100%)       8192M (100%)       8192M (100%)       8192M (100%)       8192M (100%)       8192M (100%)   
[673.365s][info][gc,heap     ] GC(367)      Free:     6472M (79%)        6448M (79%)        8010M (98%)        8016M (98%)        8016M (98%)        6448M (79%)    
[673.365s][info][gc,heap     ] GC(367)      Used:     1720M (21%)        1744M (21%)         182M (2%)          176M (2%)         1744M (21%)         176M (2%)     
[673.365s][info][gc,heap     ] GC(367)      Live:         -               132M (2%)          132M (2%)          132M (2%)             -                  -          
[673.365s][info][gc,heap     ] GC(367) Allocated:         -                24M (0%)           24M (0%)           24M (0%)             -                  -          
[673.365s][info][gc,heap     ] GC(367)   Garbage:         -              1587M (19%)          25M (0%)           19M (0%)             -                  -          
[673.365s][info][gc,heap     ] GC(367) Reclaimed:         -                  -              1562M (19%)        1568M (19%)            -                  -          
[673.365s][info][gc          ] GC(367) Garbage Collection (Proactive) 1720M(21%)->176M(2%)
[674.940s][info][gc,start    ] GC(368) Garbage Collection (Proactive)
[674.940s][info][gc,phases   ] GC(368) Pause Mark Start 0.005ms
[674.962s][info][gc,phases   ] GC(368) Concurrent Mark 22.544ms
[674.963s][info][gc,phases   ] GC(368) Pause Mark End 0.009ms
[674.963s][info][gc,phases   ] GC(368) Concurrent Process Non-Strong References 0.485ms
[674.963s][info][gc,phases   ] GC(368) Concurrent Reset Relocation Set 0.001ms
[674.966s][info][gc,phases   ] GC(368) Concurrent Select Relocation Set 2.688ms
[674.966s][info][gc,phases   ] GC(368) Pause Relocate Start 0.003ms
[674.967s][info][gc,phases   ] GC(368) Concurrent Relocate 0.566ms
[674.967s][info][gc,load     ] GC(368) Load: 3.80/3.89/3.73
[674.967s][info][gc,mmu      ] GC(368) MMU: 2ms/98.1%, 5ms/99.2%, 10ms/99.6%, 20ms/99.8%, 50ms/99.9%, 100ms/99.9%
[674.967s][info][gc,marking  ] GC(368) Mark: 2 stripe(s), 3 proactive flush(es), 1 terminate flush(es), 0 completion(s), 0 continuation(s) 
[674.967s][info][gc,nmethod  ] GC(368) NMethods: 484 registered, 0 unregistered
[674.967s][info][gc,metaspace] GC(368) Metaspace: 0M used, 0M committed, 1032M reserved
[674.967s][info][gc,ref      ] GC(368) Soft: 82 encountered, 0 discovered, 0 enqueued
[674.967s][info][gc,ref      ] GC(368) Weak: 200 encountered, 16 discovered, 0 enqueued
[674.967s][info][gc,ref      ] GC(368) Final: 0 encountered, 0 discovered, 0 enqueued
[674.967s][info][gc,ref      ] GC(368) Phantom: 5 encountered, 3 discovered, 0 enqueued
[674.967s][info][gc,reloc    ] GC(368) Small Pages: 912 / 1824M, Empty: 1666M, Relocated: 2M, In-Place: 0
[674.967s][info][gc,reloc    ] GC(368) Medium Pages: 0 / 0M, Empty: 0M, Relocated: 0M, In-Place: 0
[674.967s][info][gc,reloc    ] GC(368) Large Pages: 0 / 0M, Empty: 0M, Relocated: 0M, In-Place: 0
[674.967s][info][gc,reloc    ] GC(368) Forwarding Usage: 0M
[674.967s][info][gc,heap     ] GC(368) Min Capacity: 8192M(100%)
[674.967s][info][gc,heap     ] GC(368) Max Capacity: 8192M(100%)
[674.967s][info][gc,heap     ] GC(368) Soft Max Capacity: 8192M(100%)
[674.967s][info][gc,heap     ] GC(368)                Mark Start          Mark End        Relocate Start      Relocate End           High               Low         
[674.967s][info][gc,heap     ] GC(368)  Capacity:     8192M (100%)       8192M (100%)       8192M (100%)       8192M (100%)       8192M (100%)       8192M (100%)   
[674.967s][info][gc,heap     ] GC(368)      Free:     6368M (78%)        6344M (77%)        8006M (98%)        8012M (98%)        8012M (98%)        6344M (77%)    
[674.967s][info][gc,heap     ] GC(368)      Used:     1824M (22%)        1848M (23%)         186M (2%)          180M (2%)         1848M (23%)         180M (2%)     
[674.967s][info][gc,heap     ] GC(368)      Live:         -               132M (2%)          132M (2%)          132M (2%)             -                  -          
[674.967s][info][gc,heap     ] GC(368) Allocated:         -                24M (0%)           28M (0%)           28M (0%)             -                  -          
[674.967s][info][gc,heap     ] GC(368)   Garbage:         -              1691M (21%)          25M (0%)           19M (0%)             -                  -          
[674.967s][info][gc,heap     ] GC(368) Reclaimed:         -                  -              1666M (20%)        1672M (20%)            -                  -          
[674.967s][info][gc          ] GC(368) Garbage Collection (Proactive) 1824M(22%)->180M(2%)
[676.440s][info][gc,start    ] GC(369) Garbage Collection (Proactive)
[676.440s][info][gc,phases   ] GC(369) Pause Mark Start 0.005ms
[676.462s][info][gc,phases   ] GC(369) Concurrent Mark 21.618ms
[676.462s][info][gc,phases   ] GC(369) Pause Mark End 0.008ms
[676.462s][info][gc,phases   ] GC(369) Concurrent Process Non-Strong References 0.381ms
[676.462s][info][gc,phases   ] GC(369) Concurrent Reset Relocation Set 0.001ms
[676.465s][info][gc,phases   ] GC(369) Concurrent Select Relocation Set 2.666ms
[676.465s][info][gc,phases   ] GC(369) Pause Relocate Start 0.003ms
[676.466s][info][gc,phases   ] GC(369) Concurrent Relocate 0.399ms
[676.466s][info][gc,load     ] GC(369) Load: 3.65/3.86/3.71
[676.466s][info][gc,mmu      ] GC(369) MMU: 2ms/98.1%, 5ms/99.2%, 10ms/99.6%, 20ms/99.8%, 50ms/99.9%, 100ms/99.9%
[676.466s][info][gc,marking  ] GC(369) Mark: 2 stripe(s), 2 proactive flush(es), 1 terminate flush(es), 0 completion(s), 0 continuation(s) 
[676.466s][info][gc,nmethod  ] GC(369) NMethods: 484 registered, 0 unregistered
[676.466s][info][gc,metaspace] GC(369) Metaspace: 0M used, 0M committed, 1032M reserved
[676.466s][info][gc,ref      ] GC(369) Soft: 82 encountered, 0 discovered, 0 enqueued
[676.466s][info][gc,ref      ] GC(369) Weak: 200 encountered, 78 discovered, 0 enqueued
[676.466s][info][gc,ref      ] GC(369) Final: 0 encountered, 0 discovered, 0 enqueued
[676.466s][info][gc,ref      ] GC(369) Phantom: 5 encountered, 5 discovered, 0 enqueued
[676.466s][info][gc,reloc    ] GC(369) Small Pages: 860 / 1720M, Empty: 1562M, Relocated: 2M, In-Place: 0
[676.466s][info][gc,reloc    ] GC(369) Medium Pages: 0 / 0M, Empty: 0M, Relocated: 0M, In-Place: 0
[676.466s][info][gc,reloc    ] GC(369) Large Pages: 0 / 0M, Empty: 0M, Relocated: 0M, In-Place: 0
[676.466s][info][gc,reloc    ] GC(369) Forwarding Usage: 0M
[676.466s][info][gc,heap     ] GC(369) Min Capacity: 8192M(100%)
[676.466s][info][gc,heap     ] GC(369) Max Capacity: 8192M(100%)
[676.466s][info][gc,heap     ] GC(369) Soft Max Capacity: 8192M(100%)
[676.466s][info][gc,heap     ] GC(369)                Mark Start          Mark End        Relocate Start      Relocate End           High               Low         
[676.466s][info][gc,heap     ] GC(369)  Capacity:     8192M (100%)       8192M (100%)       8192M (100%)       8192M (100%)       8192M (100%)       8192M (100%)   
[676.466s][info][gc,heap     ] GC(369)      Free:     6472M (79%)        6448M (79%)        8010M (98%)        8016M (98%)        8016M (98%)        6448M (79%)    
[676.466s][info][gc,heap     ] GC(369)      Used:     1720M (21%)        1744M (21%)         182M (2%)          176M (2%)         1744M (21%)         176M (2%)     
[676.466s][info][gc,heap     ] GC(369)      Live:         -               132M (2%)          132M (2%)          132M (2%)             -                  -          
[676.466s][info][gc,heap     ] GC(369) Allocated:         -                24M (0%)           24M (0%)           24M (0%)             -                  -          
[676.466s][info][gc,heap     ] GC(369)   Garbage:         -              1587M (19%)          25M (0%)           19M (0%)             -                  -          
[676.466s][info][gc,heap     ] GC(369) Reclaimed:         -                  -              1562M (19%)        1568M (19%)            -                  -          
[676.466s][info][gc          ] GC(369) Garbage Collection (Proactive) 1720M(21%)->176M(2%)
[677.940s][info][gc,start    ] GC(370) Garbage Collection (Proactive)
[677.940s][info][gc,phases   ] GC(370) Pause Mark Start 0.005ms
[677.960s][info][gc,phases   ] GC(370) Concurrent Mark 20.465ms
[677.960s][info][gc,phases   ] GC(370) Pause Mark End 0.007ms
[677.961s][info][gc,phases   ] GC(370) Concurrent Process Non-Strong References 0.408ms
[677.961s][info][gc,phases   ] GC(370) Concurrent Reset Relocation Set 0.001ms
[677.963s][info][gc,phases   ] GC(370) Concurrent Select Relocation Set 2.626ms
[677.963s][info][gc,phases   ] GC(370) Pause Relocate Start 0.003ms
[677.964s][info][gc,phases   ] GC(370) Concurrent Relocate 0.365ms
[677.964s][info][gc,load     ] GC(370) Load: 3.65/3.86/3.71
[677.964s][info][gc,mmu      ] GC(370) MMU: 2ms/98.1%, 5ms/99.2%, 10ms/99.6%, 20ms/99.8%, 50ms/99.9%, 100ms/99.9%
[677.964s][info][gc,marking  ] GC(370) Mark: 2 stripe(s), 2 proactive flush(es), 1 terminate flush(es), 0 completion(s), 0 continuation(s) 
[677.964s][info][gc,nmethod  ] GC(370) NMethods: 484 registered, 0 unregistered
[677.964s][info][gc,metaspace] GC(370) Metaspace: 0M used, 0M committed, 1032M reserved
[677.964s][info][gc,ref      ] GC(370) Soft: 82 encountered, 0 discovered, 0 enqueued
[677.964s][info][gc,ref      ] GC(370) Weak: 200 encountered, 58 discovered, 0 enqueued
[677.964s][info][gc,ref      ] GC(370) Final: 0 encountered, 0 discovered, 0 enqueued
[677.964s][info][gc,ref      ] GC(370) Phantom: 5 encountered, 5 discovered, 0 enqueued
[677.964s][info][gc,reloc    ] GC(370) Small Pages: 860 / 1720M, Empty: 1562M, Relocated: 2M, In-Place: 0
[677.964s][info][gc,reloc    ] GC(370) Medium Pages: 0 / 0M, Empty: 0M, Relocated: 0M, In-Place: 0
[677.964s][info][gc,reloc    ] GC(370) Large Pages: 0 / 0M, Empty: 0M, Relocated: 0M, In-Place: 0
[677.964s][info][gc,reloc    ] GC(370) Forwarding Usage: 0M
[677.964s][info][gc,heap     ] GC(370) Min Capacity: 8192M(100%)
[677.964s][info][gc,heap     ] GC(370) Max Capacity: 8192M(100%)
[677.964s][info][gc,heap     ] GC(370) Soft Max Capacity: 8192M(100%)
[677.964s][info][gc,heap     ] GC(370)                Mark Start          Mark End        Relocate Start      Relocate End           High               Low         
[677.964s][info][gc,heap     ] GC(370)  Capacity:     8192M (100%)       8192M (100%)       8192M (100%)       8192M (100%)       8192M (100%)       8192M (100%)   
[677.964s][info][gc,heap     ] GC(370)      Free:     6472M (79%)        6448M (79%)        8010M (98%)        8016M (98%)        8016M (98%)        6448M (79%)    
[677.964s][info][gc,heap     ] GC(370)      Used:     1720M (21%)        1744M (21%)         182M (2%)          176M (2%)         1744M (21%)         176M (2%)     
[677.964s][info][gc,heap     ] GC(370)      Live:         -               132M (2%)          132M (2%)          132M (2%)             -                  -          
[677.964s][info][gc,heap     ] GC(370) Allocated:         -                24M (0%)           24M (0%)           24M (0%)             -                  -          
[677.964s][info][gc,heap     ] GC(370)   Garbage:         -              1587M (19%)          25M (0%)           19M (0%)             -                  -          
[677.964s][info][gc,heap     ] GC(370) Reclaimed:         -                  -              1562M (19%)        1568M (19%)            -                  -          
[677.964s][info][gc          ] GC(370) Garbage Collection (Proactive) 1720M(21%)->176M(2%)
[679.340s][info][gc,start    ] GC(371) Garbage Collection (Proactive)
[679.340s][info][gc,phases   ] GC(371) Pause Mark Start 0.005ms
[679.362s][info][gc,phases   ] GC(371) Concurrent Mark 22.176ms
[679.362s][info][gc,phases   ] GC(371) Pause Mark End 0.008ms
[679.362s][info][gc,phases   ] GC(371) Concurrent Process Non-Strong References 0.342ms
[679.362s][info][gc,phases   ] GC(371) Concurrent Reset Relocation Set 0.001ms
[679.365s][info][gc,phases   ] GC(371) Concurrent Select Relocation Set 2.347ms
[679.365s][info][gc,phases   ] GC(371) Pause Relocate Start 0.003ms
[679.365s][info][gc,phases   ] GC(371) Concurrent Relocate 0.345ms
[679.365s][info][gc,load     ] GC(371) Load: 3.65/3.86/3.71
[679.365s][info][gc,mmu      ] GC(371) MMU: 2ms/98.1%, 5ms/99.2%, 10ms/99.6%, 20ms/99.8%, 50ms/99.9%, 100ms/99.9%
[679.365s][info][gc,marking  ] GC(371) Mark: 2 stripe(s), 2 proactive flush(es), 1 terminate flush(es), 0 completion(s), 0 continuation(s) 
[679.365s][info][gc,nmethod  ] GC(371) NMethods: 484 registered, 0 unregistered
[679.365s][info][gc,metaspace] GC(371) Metaspace: 0M used, 0M committed, 1032M reserved
[679.365s][info][gc,ref      ] GC(371) Soft: 82 encountered, 0 discovered, 0 enqueued
[679.365s][info][gc,ref      ] GC(371) Weak: 200 encountered, 83 discovered, 0 enqueued
[679.365s][info][gc,ref      ] GC(371) Final: 0 encountered, 0 discovered, 0 enqueued
[679.365s][info][gc,ref      ] GC(371) Phantom: 5 encountered, 5 discovered, 0 enqueued
[679.365s][info][gc,reloc    ] GC(371) Small Pages: 808 / 1616M, Empty: 1458M, Relocated: 2M, In-Place: 0
[679.365s][info][gc,reloc    ] GC(371) Medium Pages: 0 / 0M, Empty: 0M, Relocated: 0M, In-Place: 0
[679.365s][info][gc,reloc    ] GC(371) Large Pages: 0 / 0M, Empty: 0M, Relocated: 0M, In-Place: 0
[679.365s][info][gc,reloc    ] GC(371) Forwarding Usage: 0M
[679.365s][info][gc,heap     ] GC(371) Min Capacity: 8192M(100%)
[679.365s][info][gc,heap     ] GC(371) Max Capacity: 8192M(100%)
[679.365s][info][gc,heap     ] GC(371) Soft Max Capacity: 8192M(100%)
[679.366s][info][gc,heap     ] GC(371)                Mark Start          Mark End        Relocate Start      Relocate End           High               Low         
[679.366s][info][gc,heap     ] GC(371)  Capacity:     8192M (100%)       8192M (100%)       8192M (100%)       8192M (100%)       8192M (100%)       8192M (100%)   
[679.366s][info][gc,heap     ] GC(371)      Free:     6576M (80%)        6552M (80%)        8010M (98%)        8016M (98%)        8016M (98%)        6552M (80%)    
[679.366s][info][gc,heap     ] GC(371)      Used:     1616M (20%)        1640M (20%)         182M (2%)          176M (2%)         1640M (20%)         176M (2%)     
[679.366s][info][gc,heap     ] GC(371)      Live:         -               132M (2%)          132M (2%)          132M (2%)             -                  -          
[679.366s][info][gc,heap     ] GC(371) Allocated:         -                24M (0%)           24M (0%)           24M (0%)             -                  -          
[679.366s][info][gc,heap     ] GC(371)   Garbage:         -              1483M (18%)          25M (0%)           19M (0%)             -                  -          
[679.366s][info][gc,heap     ] GC(371) Reclaimed:         -                  -              1458M (18%)        1464M (18%)            -                  -          
[679.366s][info][gc          ] GC(371) Garbage Collection (Proactive) 1616M(20%)->176M(2%)
[680.040s][info][gc,stats    ] === Garbage Collection Statistics =======================================================================================================================
[680.040s][info][gc,stats    ]                                                              Last 10s              Last 10m              Last 10h                Total
[680.040s][info][gc,stats    ]                                                              Avg / Max             Avg / Max             Avg / Max             Avg / Max
[680.040s][info][gc,stats    ]   Collector: Garbage Collection Cycle                     26.266 / 28.489       29.005 / 44.621       29.906 / 95.920       29.906 / 95.920      ms
[680.040s][info][gc,stats    ]  Contention: Mark Segment Reset Contention                     0 / 1                 0 / 3                 0 / 4                 0 / 4           ops/s
[680.040s][info][gc,stats    ]  Contention: Mark SeqNum Reset Contention                      0 / 0                 0 / 1                 0 / 1                 0 / 1           ops/s
[680.040s][info][gc,stats    ]    Critical: Allocation Stall                                  0 / 0                 0 / 0                 0 / 0                 0 / 0           ops/s
[680.040s][info][gc,stats    ]    Critical: Allocation Stall                              0.000 / 0.000         0.000 / 0.000         0.000 / 0.000         0.000 / 0.000       ms
[680.040s][info][gc,stats    ]    Critical: GC Locker Stall                                   0 / 0                 0 / 0                 0 / 0                 0 / 0           ops/s
[680.040s][info][gc,stats    ]    Critical: GC Locker Stall                               0.000 / 0.000         0.000 / 0.000         0.000 / 0.000         0.000 / 0.000       ms
[680.040s][info][gc,stats    ]    Critical: Relocation Stall                                  0 / 0                 0 / 0                 0 / 0                 0 / 0           ops/s
[680.040s][info][gc,stats    ]    Critical: Relocation Stall                              0.000 / 0.000         0.000 / 0.000         0.000 / 0.000         0.000 / 0.000       ms
[680.040s][info][gc,stats    ]      Memory: Allocation Rate                                1045 / 1048           1044 / 1052           1056 / 9212           1056 / 9212        MB/s
[680.040s][info][gc,stats    ]      Memory: Out Of Memory                                     0 / 0                 0 / 0                 0 / 0                 0 / 0           ops/s
[680.040s][info][gc,stats    ]      Memory: Page Cache Flush                                  0 / 0                 0 / 0                 0 / 0                 0 / 0           MB/s
[680.040s][info][gc,stats    ]      Memory: Page Cache Hit L1                               524 / 526             524 / 533             521 / 533             521 / 533         ops/s
[680.040s][info][gc,stats    ]      Memory: Page Cache Hit L2                                 0 / 0                 0 / 0                 0 / 0                 0 / 0           ops/s
[680.040s][info][gc,stats    ]      Memory: Page Cache Hit L3                                 0 / 0                 0 / 61                2 / 486               2 / 486         ops/s
[680.040s][info][gc,stats    ]      Memory: Page Cache Miss                                   0 / 0                 0 / 0                 0 / 1                 0 / 1           ops/s
[680.040s][info][gc,stats    ]      Memory: Uncommit                                          0 / 0                 0 / 0                 0 / 0                 0 / 0           MB/s
[680.040s][info][gc,stats    ]      Memory: Undo Object Allocation Failed                     0 / 0                 0 / 0                 0 / 0                 0 / 0           ops/s
[680.040s][info][gc,stats    ]      Memory: Undo Object Allocation Succeeded                  0 / 0                 0 / 6                 0 / 6                 0 / 6           ops/s
[680.040s][info][gc,stats    ]      Memory: Undo Page Allocation                              0 / 0                 0 / 1                 0 / 1                 0 / 1           ops/s
[680.040s][info][gc,stats    ]       Phase: Concurrent Mark                              22.265 / 24.084       24.360 / 40.571       25.121 / 65.214       25.121 / 65.214      ms
[680.040s][info][gc,stats    ]       Phase: Concurrent Mark Continue                      0.000 / 0.000         0.000 / 0.000         0.000 / 0.000         0.000 / 0.000       ms
[680.040s][info][gc,stats    ]       Phase: Concurrent Process Non-Strong References      0.404 / 0.485         0.441 / 0.769         0.446 / 0.911         0.446 / 0.911       ms
[680.040s][info][gc,stats    ]       Phase: Concurrent Relocate                           0.441 / 0.575         0.753 / 2.004         0.852 / 16.651        0.852 / 16.651      ms
[680.040s][info][gc,stats    ]       Phase: Concurrent Reset Relocation Set               0.001 / 0.002         0.002 / 0.018         0.002 / 0.098         0.002 / 0.098       ms
[680.040s][info][gc,stats    ]       Phase: Concurrent Select Relocation Set              2.624 / 2.918         2.814 / 4.147         2.853 / 12.567        2.853 / 12.567      ms
[680.040s][info][gc,stats    ]       Phase: Pause Mark End                                0.008 / 0.009         0.009 / 0.025         0.009 / 0.025         0.009 / 0.025       ms
[680.040s][info][gc,stats    ]       Phase: Pause Mark Start                              0.005 / 0.006         0.006 / 0.039         0.006 / 0.039         0.006 / 0.039       ms
[680.040s][info][gc,stats    ]       Phase: Pause Relocate Start                          0.003 / 0.004         0.004 / 0.015         0.004 / 0.026         0.004 / 0.026       ms
[680.040s][info][gc,stats    ]    Subphase: Concurrent Classes Purge                      0.029 / 0.053         0.029 / 0.087         0.029 / 0.102         0.029 / 0.102       ms
[680.040s][info][gc,stats    ]    Subphase: Concurrent Classes Unlink                     0.280 / 0.325         0.289 / 0.468         0.291 / 0.571         0.291 / 0.571       ms
[680.040s][info][gc,stats    ]    Subphase: Concurrent Mark                              21.501 / 23.810       23.558 / 40.181       24.327 / 64.907       24.327 / 64.907      ms
[680.040s][info][gc,stats    ]    Subphase: Concurrent Mark Idle                          1.168 / 1.291         1.192 / 1.355         1.188 / 1.355         1.188 / 1.355       ms
[680.040s][info][gc,stats    ]    Subphase: Concurrent Mark Try Flush                     0.029 / 0.043         0.032 / 0.135         0.033 / 0.135         0.033 / 0.135       ms
[680.040s][info][gc,stats    ]    Subphase: Concurrent Mark Try Terminate                 0.398 / 1.292         0.432 / 1.361         0.433 / 1.361         0.433 / 1.361       ms
[680.040s][info][gc,stats    ]    Subphase: Concurrent References Enqueue                 0.000 / 0.000         0.000 / 0.008         0.000 / 0.008         0.000 / 0.008       ms
[680.040s][info][gc,stats    ]    Subphase: Concurrent References Process                 0.017 / 0.021         0.023 / 0.058         0.024 / 0.095         0.024 / 0.095       ms
[680.040s][info][gc,stats    ]    Subphase: Concurrent Roots ClassLoaderDataGraph         0.014 / 0.030         0.017 / 0.089         0.017 / 0.132         0.017 / 0.132       ms
[680.040s][info][gc,stats    ]    Subphase: Concurrent Roots CodeCache                    0.000 / 0.000         0.000 / 0.000         0.000 / 0.000         0.000 / 0.000       ms
[680.041s][info][gc,stats    ]    Subphase: Concurrent Roots JavaThreads                  0.176 / 0.222         0.211 / 0.485         0.209 / 0.485         0.209 / 0.485       ms
[680.041s][info][gc,stats    ]    Subphase: Concurrent Roots OopStorageSet                0.003 / 0.005         0.004 / 0.041         0.004 / 0.041         0.004 / 0.041       ms
[680.041s][info][gc,stats    ]    Subphase: Concurrent Weak Roots OopStorageSet           0.034 / 0.042         0.037 / 0.060         0.037 / 0.120         0.037 / 0.120       ms
[680.041s][info][gc,stats    ]    Subphase: Pause Mark Try Complete                       0.000 / 0.000         0.000 / 0.000         0.000 / 0.000         0.000 / 0.000       ms
[680.041s][info][gc,stats    ]      System: Java Threads                                     16 / 16               16 / 16               16 / 20               16 / 20          threads
[680.041s][info][gc,stats    ] =========================================================================================================================================================
[680.740s][info][gc,start    ] GC(372) Garbage Collection (Proactive)
[680.740s][info][gc,phases   ] GC(372) Pause Mark Start 0.005ms
[680.763s][info][gc,phases   ] GC(372) Concurrent Mark 22.144ms
[680.763s][info][gc,phases   ] GC(372) Pause Mark End 0.017ms
[680.763s][info][gc,phases   ] GC(372) Concurrent Process Non-Strong References 0.395ms
[680.763s][info][gc,phases   ] GC(372) Concurrent Reset Relocation Set 0.002ms
[680.766s][info][gc,phases   ] GC(372) Concurrent Select Relocation Set 2.723ms
[680.766s][info][gc,phases   ] GC(372) Pause Relocate Start 0.004ms
[680.767s][info][gc,phases   ] GC(372) Concurrent Relocate 0.475ms
[680.767s][info][gc,load     ] GC(372) Load: 3.65/3.86/3.71
[680.767s][info][gc,mmu      ] GC(372) MMU: 2ms/98.1%, 5ms/99.2%, 10ms/99.6%, 20ms/99.8%, 50ms/99.9%, 100ms/99.9%
[680.767s][info][gc,marking  ] GC(372) Mark: 2 stripe(s), 2 proactive flush(es), 1 terminate flush(es), 0 completion(s), 0 continuation(s) 
[680.767s][info][gc,nmethod  ] GC(372) NMethods: 484 registered, 0 unregistered
[680.767s][info][gc,metaspace] GC(372) Metaspace: 0M used, 0M committed, 1032M reserved
[680.767s][info][gc,ref      ] GC(372) Soft: 82 encountered, 0 discovered, 0 enqueued
[680.767s][info][gc,ref      ] GC(372) Weak: 200 encountered, 53 discovered, 0 enqueued
[680.767s][info][gc,ref      ] GC(372) Final: 0 encountered, 0 discovered, 0 enqueued
[680.767s][info][gc,ref      ] GC(372) Phantom: 5 encountered, 5 discovered, 0 enqueued
[680.767s][info][gc,reloc    ] GC(372) Small Pages: 808 / 1616M, Empty: 1458M, Relocated: 2M, In-Place: 0
[680.767s][info][gc,reloc    ] GC(372) Medium Pages: 0 / 0M, Empty: 0M, Relocated: 0M, In-Place: 0
[680.767s][info][gc,reloc    ] GC(372) Large Pages: 0 / 0M, Empty: 0M, Relocated: 0M, In-Place: 0
[680.767s][info][gc,reloc    ] GC(372) Forwarding Usage: 0M
[680.767s][info][gc,heap     ] GC(372) Min Capacity: 8192M(100%)
[680.767s][info][gc,heap     ] GC(372) Max Capacity: 8192M(100%)
[680.767s][info][gc,heap     ] GC(372) Soft Max Capacity: 8192M(100%)
[680.767s][info][gc,heap     ] GC(372)                Mark Start          Mark End        Relocate Start      Relocate End           High               Low         
[680.767s][info][gc,heap     ] GC(372)  Capacity:     8192M (100%)       8192M (100%)       8192M (100%)       8192M (100%)       8192M (100%)       8192M (100%)   
[680.767s][info][gc,heap     ] GC(372)      Free:     6576M (80%)        6552M (80%)        8008M (98%)        8008M (98%)        8008M (98%)        6552M (80%)    
[680.767s][info][gc,heap     ] GC(372)      Used:     1616M (20%)        1640M (20%)         184M (2%)          184M (2%)         1640M (20%)         184M (2%)     
[680.767s][info][gc,heap     ] GC(372)      Live:         -               132M (2%)          132M (2%)          132M (2%)             -                  -          
[680.767s][info][gc,heap     ] GC(372) Allocated:         -                24M (0%)           26M (0%)           32M (0%)             -                  -          
[680.767s][info][gc,heap     ] GC(372)   Garbage:         -              1483M (18%)          25M (0%)           19M (0%)             -                  -          
[680.767s][info][gc,heap     ] GC(372) Reclaimed:         -                  -              1458M (18%)        1464M (18%)            -                  -          
[680.767s][info][gc          ] GC(372) Garbage Collection (Proactive) 1616M(20%)->184M(2%)
[682.141s][info][gc,start    ] GC(373) Garbage Collection (Proactive)
[682.141s][info][gc,phases   ] GC(373) Pause Mark Start 0.005ms
[682.164s][info][gc,phases   ] GC(373) Concurrent Mark 23.010ms
[682.164s][info][gc,phases   ] GC(373) Pause Mark End 0.008ms
[682.164s][info][gc,phases   ] GC(373) Concurrent Process Non-Strong References 0.414ms
[682.164s][info][gc,phases   ] GC(373) Concurrent Reset Relocation Set 0.002ms
[682.167s][info][gc,phases   ] GC(373) Concurrent Select Relocation Set 2.766ms
[682.167s][info][gc,phases   ] GC(373) Pause Relocate Start 0.003ms
[682.168s][info][gc,phases   ] GC(373) Concurrent Relocate 0.440ms
[682.168s][info][gc,load     ] GC(373) Load: 3.68/3.86/3.72
[682.168s][info][gc,mmu      ] GC(373) MMU: 2ms/98.1%, 5ms/99.2%, 10ms/99.6%, 20ms/99.8%, 50ms/99.9%, 100ms/99.9%
[682.168s][info][gc,marking  ] GC(373) Mark: 2 stripe(s), 2 proactive flush(es), 1 terminate flush(es), 0 completion(s), 0 continuation(s) 
[682.168s][info][gc,nmethod  ] GC(373) NMethods: 484 registered, 0 unregistered
[682.168s][info][gc,metaspace] GC(373) Metaspace: 0M used, 0M committed, 1032M reserved
[682.168s][info][gc,ref      ] GC(373) Soft: 82 encountered, 0 discovered, 0 enqueued
[682.168s][info][gc,ref      ] GC(373) Weak: 200 encountered, 54 discovered, 0 enqueued
[682.168s][info][gc,ref      ] GC(373) Final: 0 encountered, 0 discovered, 0 enqueued
[682.168s][info][gc,ref      ] GC(373) Phantom: 5 encountered, 3 discovered, 0 enqueued
[682.168s][info][gc,reloc    ] GC(373) Small Pages: 808 / 1616M, Empty: 1458M, Relocated: 2M, In-Place: 0
[682.168s][info][gc,reloc    ] GC(373) Medium Pages: 0 / 0M, Empty: 0M, Relocated: 0M, In-Place: 0
[682.168s][info][gc,reloc    ] GC(373) Large Pages: 0 / 0M, Empty: 0M, Relocated: 0M, In-Place: 0
[682.168s][info][gc,reloc    ] GC(373) Forwarding Usage: 0M
[682.168s][info][gc,heap     ] GC(373) Min Capacity: 8192M(100%)
[682.168s][info][gc,heap     ] GC(373) Max Capacity: 8192M(100%)
[682.168s][info][gc,heap     ] GC(373) Soft Max Capacity: 8192M(100%)
[682.168s][info][gc,heap     ] GC(373)                Mark Start          Mark End        Relocate Start      Relocate End           High               Low         
[682.168s][info][gc,heap     ] GC(373)  Capacity:     8192M (100%)       8192M (100%)       8192M (100%)       8192M (100%)       8192M (100%)       8192M (100%)   
[682.168s][info][gc,heap     ] GC(373)      Free:     6576M (80%)        6552M (80%)        8000M (98%)        8006M (98%)        8006M (98%)        6552M (80%)    
[682.168s][info][gc,heap     ] GC(373)      Used:     1616M (20%)        1640M (20%)         192M (2%)          186M (2%)         1640M (20%)         186M (2%)     
[682.168s][info][gc,heap     ] GC(373)      Live:         -               132M (2%)          132M (2%)          132M (2%)             -                  -          
[682.168s][info][gc,heap     ] GC(373) Allocated:         -                24M (0%)           34M (0%)           34M (0%)             -                  -          
[682.168s][info][gc,heap     ] GC(373)   Garbage:         -              1483M (18%)          25M (0%)           19M (0%)             -                  -          
[682.168s][info][gc,heap     ] GC(373) Reclaimed:         -                  -              1458M (18%)        1464M (18%)            -                  -          
[682.168s][info][gc          ] GC(373) Garbage Collection (Proactive) 1616M(20%)->186M(2%)
[683.640s][info][gc,start    ] GC(374) Garbage Collection (Proactive)
[683.640s][info][gc,phases   ] GC(374) Pause Mark Start 0.005ms
[683.661s][info][gc,phases   ] GC(374) Concurrent Mark 20.762ms
[683.661s][info][gc,phases   ] GC(374) Pause Mark End 0.007ms
[683.661s][info][gc,phases   ] GC(374) Concurrent Process Non-Strong References 0.345ms
[683.661s][info][gc,phases   ] GC(374) Concurrent Reset Relocation Set 0.001ms
[683.663s][info][gc,phases   ] GC(374) Concurrent Select Relocation Set 2.264ms
[683.663s][info][gc,phases   ] GC(374) Pause Relocate Start 0.003ms
[683.664s][info][gc,phases   ] GC(374) Concurrent Relocate 0.452ms
[683.664s][info][gc,load     ] GC(374) Load: 3.68/3.86/3.72
[683.664s][info][gc,mmu      ] GC(374) MMU: 2ms/98.1%, 5ms/99.2%, 10ms/99.6%, 20ms/99.8%, 50ms/99.9%, 100ms/99.9%
[683.664s][info][gc,marking  ] GC(374) Mark: 2 stripe(s), 2 proactive flush(es), 1 terminate flush(es), 0 completion(s), 0 continuation(s) 
[683.664s][info][gc,nmethod  ] GC(374) NMethods: 484 registered, 0 unregistered
[683.664s][info][gc,metaspace] GC(374) Metaspace: 0M used, 0M committed, 1032M reserved
[683.664s][info][gc,ref      ] GC(374) Soft: 82 encountered, 0 discovered, 0 enqueued
[683.664s][info][gc,ref      ] GC(374) Weak: 200 encountered, 57 discovered, 0 enqueued
[683.664s][info][gc,ref      ] GC(374) Final: 0 encountered, 0 discovered, 0 enqueued
[683.664s][info][gc,ref      ] GC(374) Phantom: 5 encountered, 3 discovered, 0 enqueued
[683.664s][info][gc,reloc    ] GC(374) Small Pages: 860 / 1720M, Empty: 1562M, Relocated: 3M, In-Place: 0
[683.664s][info][gc,reloc    ] GC(374) Medium Pages: 0 / 0M, Empty: 0M, Relocated: 0M, In-Place: 0
[683.664s][info][gc,reloc    ] GC(374) Large Pages: 0 / 0M, Empty: 0M, Relocated: 0M, In-Place: 0
[683.664s][info][gc,reloc    ] GC(374) Forwarding Usage: 0M
[683.664s][info][gc,heap     ] GC(374) Min Capacity: 8192M(100%)
[683.664s][info][gc,heap     ] GC(374) Max Capacity: 8192M(100%)
[683.664s][info][gc,heap     ] GC(374) Soft Max Capacity: 8192M(100%)
[683.664s][info][gc,heap     ] GC(374)                Mark Start          Mark End        Relocate Start      Relocate End           High               Low         
[683.664s][info][gc,heap     ] GC(374)  Capacity:     8192M (100%)       8192M (100%)       8192M (100%)       8192M (100%)       8192M (100%)       8192M (100%)   
[683.664s][info][gc,heap     ] GC(374)      Free:     6472M (79%)        6448M (79%)        8010M (98%)        8016M (98%)        8016M (98%)        6448M (79%)    
[683.664s][info][gc,heap     ] GC(374)      Used:     1720M (21%)        1744M (21%)         182M (2%)          176M (2%)         1744M (21%)         176M (2%)     
[683.664s][info][gc,heap     ] GC(374)      Live:         -               132M (2%)          132M (2%)          132M (2%)             -                  -          
[683.664s][info][gc,heap     ] GC(374) Allocated:         -                24M (0%)           24M (0%)           24M (0%)             -                  -          
[683.664s][info][gc,heap     ] GC(374)   Garbage:         -              1587M (19%)          25M (0%)           19M (0%)             -                  -          
[683.664s][info][gc,heap     ] GC(374) Reclaimed:         -                  -              1562M (19%)        1568M (19%)            -                  -          
[683.664s][info][gc          ] GC(374) Garbage Collection (Proactive) 1720M(21%)->176M(2%)
[685.141s][info][gc,start    ] GC(375) Garbage Collection (Proactive)
[685.141s][info][gc,phases   ] GC(375) Pause Mark Start 0.005ms
[685.165s][info][gc,phases   ] GC(375) Concurrent Mark 24.558ms
[685.165s][info][gc,phases   ] GC(375) Pause Mark End 0.008ms
[685.166s][info][gc,phases   ] GC(375) Concurrent Process Non-Strong References 0.484ms
[685.166s][info][gc,phases   ] GC(375) Concurrent Reset Relocation Set 0.002ms
[685.169s][info][gc,phases   ] GC(375) Concurrent Select Relocation Set 2.944ms
[685.169s][info][gc,phases   ] GC(375) Pause Relocate Start 0.005ms
[685.170s][info][gc,phases   ] GC(375) Concurrent Relocate 0.457ms
[685.170s][info][gc,load     ] GC(375) Load: 3.68/3.86/3.72
[685.170s][info][gc,mmu      ] GC(375) MMU: 2ms/98.1%, 5ms/99.2%, 10ms/99.6%, 20ms/99.8%, 50ms/99.9%, 100ms/99.9%
[685.170s][info][gc,marking  ] GC(375) Mark: 2 stripe(s), 2 proactive flush(es), 1 terminate flush(es), 0 completion(s), 0 continuation(s) 
[685.170s][info][gc,nmethod  ] GC(375) NMethods: 484 registered, 0 unregistered
[685.170s][info][gc,metaspace] GC(375) Metaspace: 0M used, 0M committed, 1032M reserved
[685.170s][info][gc,ref      ] GC(375) Soft: 82 encountered, 0 discovered, 0 enqueued
[685.170s][info][gc,ref      ] GC(375) Weak: 200 encountered, 62 discovered, 0 enqueued
[685.170s][info][gc,ref      ] GC(375) Final: 0 encountered, 0 discovered, 0 enqueued
[685.170s][info][gc,ref      ] GC(375) Phantom: 5 encountered, 5 discovered, 0 enqueued
[685.170s][info][gc,reloc    ] GC(375) Small Pages: 860 / 1720M, Empty: 1562M, Relocated: 2M, In-Place: 0
[685.170s][info][gc,reloc    ] GC(375) Medium Pages: 0 / 0M, Empty: 0M, Relocated: 0M, In-Place: 0
[685.170s][info][gc,reloc    ] GC(375) Large Pages: 0 / 0M, Empty: 0M, Relocated: 0M, In-Place: 0
[685.170s][info][gc,reloc    ] GC(375) Forwarding Usage: 0M
[685.170s][info][gc,heap     ] GC(375) Min Capacity: 8192M(100%)
[685.170s][info][gc,heap     ] GC(375) Max Capacity: 8192M(100%)
[685.170s][info][gc,heap     ] GC(375) Soft Max Capacity: 8192M(100%)
[685.170s][info][gc,heap     ] GC(375)                Mark Start          Mark End        Relocate Start      Relocate End           High               Low         
[685.170s][info][gc,heap     ] GC(375)  Capacity:     8192M (100%)       8192M (100%)       8192M (100%)       8192M (100%)       8192M (100%)       8192M (100%)   
[685.170s][info][gc,heap     ] GC(375)      Free:     6472M (79%)        6448M (79%)        8002M (98%)        8008M (98%)        8008M (98%)        6442M (79%)    
[685.170s][info][gc,heap     ] GC(375)      Used:     1720M (21%)        1744M (21%)         190M (2%)          184M (2%)         1750M (21%)         184M (2%)     
[685.170s][info][gc,heap     ] GC(375)      Live:         -               132M (2%)          132M (2%)          132M (2%)             -                  -          
[685.170s][info][gc,heap     ] GC(375) Allocated:         -                24M (0%)           32M (0%)           32M (0%)             -                  -          
[685.170s][info][gc,heap     ] GC(375)   Garbage:         -              1587M (19%)          25M (0%)           19M (0%)             -                  -          
[685.170s][info][gc,heap     ] GC(375) Reclaimed:         -                  -              1562M (19%)        1568M (19%)            -                  -          
[685.170s][info][gc          ] GC(375) Garbage Collection (Proactive) 1720M(21%)->184M(2%)
[686.940s][info][gc,start    ] GC(376) Garbage Collection (Proactive)
[686.940s][info][gc,phases   ] GC(376) Pause Mark Start 0.005ms
[686.962s][info][gc,phases   ] GC(376) Concurrent Mark 22.517ms
[686.962s][info][gc,phases   ] GC(376) Pause Mark End 0.009ms
[686.963s][info][gc,phases   ] GC(376) Concurrent Process Non-Strong References 0.423ms
[686.963s][info][gc,phases   ] GC(376) Concurrent Reset Relocation Set 0.001ms
[686.966s][info][gc,phases   ] GC(376) Concurrent Select Relocation Set 2.818ms
[686.966s][info][gc,phases   ] GC(376) Pause Relocate Start 0.005ms
[686.967s][info][gc,phases   ] GC(376) Concurrent Relocate 0.621ms
[686.967s][info][gc,load     ] GC(376) Load: 3.55/3.83/3.71
[686.967s][info][gc,mmu      ] GC(376) MMU: 2ms/98.1%, 5ms/99.2%, 10ms/99.6%, 20ms/99.8%, 50ms/99.9%, 100ms/99.9%
[686.967s][info][gc,marking  ] GC(376) Mark: 2 stripe(s), 2 proactive flush(es), 1 terminate flush(es), 0 completion(s), 0 continuation(s) 
[686.967s][info][gc,nmethod  ] GC(376) NMethods: 484 registered, 0 unregistered
[686.967s][info][gc,metaspace] GC(376) Metaspace: 0M used, 0M committed, 1032M reserved
[686.967s][info][gc,ref      ] GC(376) Soft: 82 encountered, 0 discovered, 0 enqueued
[686.967s][info][gc,ref      ] GC(376) Weak: 200 encountered, 55 discovered, 0 enqueued
[686.967s][info][gc,ref      ] GC(376) Final: 0 encountered, 0 discovered, 0 enqueued
[686.967s][info][gc,ref      ] GC(376) Phantom: 5 encountered, 3 discovered, 0 enqueued
[686.967s][info][gc,reloc    ] GC(376) Small Pages: 1016 / 2032M, Empty: 1874M, Relocated: 3M, In-Place: 0
[686.967s][info][gc,reloc    ] GC(376) Medium Pages: 0 / 0M, Empty: 0M, Relocated: 0M, In-Place: 0
[686.967s][info][gc,reloc    ] GC(376) Large Pages: 0 / 0M, Empty: 0M, Relocated: 0M, In-Place: 0
[686.967s][info][gc,reloc    ] GC(376) Forwarding Usage: 0M
[686.967s][info][gc,heap     ] GC(376) Min Capacity: 8192M(100%)
[686.967s][info][gc,heap     ] GC(376) Max Capacity: 8192M(100%)
[686.967s][info][gc,heap     ] GC(376) Soft Max Capacity: 8192M(100%)
[686.967s][info][gc,heap     ] GC(376)                Mark Start          Mark End        Relocate Start      Relocate End           High               Low         
[686.967s][info][gc,heap     ] GC(376)  Capacity:     8192M (100%)       8192M (100%)       8192M (100%)       8192M (100%)       8192M (100%)       8192M (100%)   
[686.967s][info][gc,heap     ] GC(376)      Free:     6160M (75%)        6136M (75%)        8010M (98%)        8014M (98%)        8014M (98%)        6136M (75%)    
[686.967s][info][gc,heap     ] GC(376)      Used:     2032M (25%)        2056M (25%)         182M (2%)          178M (2%)         2056M (25%)         178M (2%)     
[686.967s][info][gc,heap     ] GC(376)      Live:         -               132M (2%)          132M (2%)          132M (2%)             -                  -          
[686.967s][info][gc,heap     ] GC(376) Allocated:         -                24M (0%)           24M (0%)           26M (0%)             -                  -          
[686.967s][info][gc,heap     ] GC(376)   Garbage:         -              1899M (23%)          25M (0%)           19M (0%)             -                  -          
[686.967s][info][gc,heap     ] GC(376) Reclaimed:         -                  -              1874M (23%)        1880M (23%)            -                  -          
[686.967s][info][gc          ] GC(376) Garbage Collection (Proactive) 2032M(25%)->178M(2%)
[688.540s][info][gc,start    ] GC(377) Garbage Collection (Proactive)
[688.540s][info][gc,phases   ] GC(377) Pause Mark Start 0.005ms
[688.562s][info][gc,phases   ] GC(377) Concurrent Mark 21.899ms
[688.562s][info][gc,phases   ] GC(377) Pause Mark End 0.008ms
[688.563s][info][gc,phases   ] GC(377) Concurrent Process Non-Strong References 0.375ms
[688.563s][info][gc,phases   ] GC(377) Concurrent Reset Relocation Set 0.001ms
[688.565s][info][gc,phases   ] GC(377) Concurrent Select Relocation Set 2.594ms
[688.565s][info][gc,phases   ] GC(377) Pause Relocate Start 0.004ms
[688.566s][info][gc,phases   ] GC(377) Concurrent Relocate 0.530ms
[688.566s][info][gc,load     ] GC(377) Load: 3.55/3.83/3.71
[688.566s][info][gc,mmu      ] GC(377) MMU: 2ms/98.1%, 5ms/99.2%, 10ms/99.6%, 20ms/99.8%, 50ms/99.9%, 100ms/99.9%
[688.566s][info][gc,marking  ] GC(377) Mark: 2 stripe(s), 2 proactive flush(es), 1 terminate flush(es), 0 completion(s), 0 continuation(s) 
[688.566s][info][gc,nmethod  ] GC(377) NMethods: 484 registered, 0 unregistered
[688.566s][info][gc,metaspace] GC(377) Metaspace: 0M used, 0M committed, 1032M reserved
[688.566s][info][gc,ref      ] GC(377) Soft: 82 encountered, 0 discovered, 0 enqueued
[688.566s][info][gc,ref      ] GC(377) Weak: 200 encountered, 62 discovered, 0 enqueued
[688.566s][info][gc,ref      ] GC(377) Final: 0 encountered, 0 discovered, 0 enqueued
[688.566s][info][gc,ref      ] GC(377) Phantom: 5 encountered, 3 discovered, 0 enqueued
[688.566s][info][gc,reloc    ] GC(377) Small Pages: 912 / 1824M, Empty: 1666M, Relocated: 2M, In-Place: 0
[688.566s][info][gc,reloc    ] GC(377) Medium Pages: 0 / 0M, Empty: 0M, Relocated: 0M, In-Place: 0
[688.566s][info][gc,reloc    ] GC(377) Large Pages: 0 / 0M, Empty: 0M, Relocated: 0M, In-Place: 0
[688.566s][info][gc,reloc    ] GC(377) Forwarding Usage: 0M
[688.566s][info][gc,heap     ] GC(377) Min Capacity: 8192M(100%)
[688.566s][info][gc,heap     ] GC(377) Max Capacity: 8192M(100%)
[688.566s][info][gc,heap     ] GC(377) Soft Max Capacity: 8192M(100%)
[688.566s][info][gc,heap     ] GC(377)                Mark Start          Mark End        Relocate Start      Relocate End           High               Low         
[688.566s][info][gc,heap     ] GC(377)  Capacity:     8192M (100%)       8192M (100%)       8192M (100%)       8192M (100%)       8192M (100%)       8192M (100%)   
[688.566s][info][gc,heap     ] GC(377)      Free:     6368M (78%)        6344M (77%)        8010M (98%)        8016M (98%)        8016M (98%)        6344M (77%)    
[688.566s][info][gc,heap     ] GC(377)      Used:     1824M (22%)        1848M (23%)         182M (2%)          176M (2%)         1848M (23%)         176M (2%)     
[688.566s][info][gc,heap     ] GC(377)      Live:         -               132M (2%)          132M (2%)          132M (2%)             -                  -          
[688.566s][info][gc,heap     ] GC(377) Allocated:         -                24M (0%)           24M (0%)           24M (0%)             -                  -          
[688.566s][info][gc,heap     ] GC(377)   Garbage:         -              1691M (21%)          25M (0%)           19M (0%)             -                  -          
[688.566s][info][gc,heap     ] GC(377) Reclaimed:         -                  -              1666M (20%)        1672M (20%)            -                  -          
[688.566s][info][gc          ] GC(377) Garbage Collection (Proactive) 1824M(22%)->176M(2%)
[690.040s][info][gc,stats    ] === Garbage Collection Statistics =======================================================================================================================
[690.040s][info][gc,start    ] GC(378) Garbage Collection (Proactive)
[690.040s][info][gc,stats    ]                                                              Last 10s              Last 10m              Last 10h                Total
[690.040s][info][gc,stats    ]                                                              Avg / Max             Avg / Max             Avg / Max             Avg / Max
[690.040s][info][gc,stats    ]   Collector: Garbage Collection Cycle                     26.657 / 29.041       28.906 / 44.621       29.855 / 95.920       29.855 / 95.920      ms
[690.040s][info][gc,phases   ] GC(378) Pause Mark Start 0.008ms
[690.040s][info][gc,stats    ]  Contention: Mark Segment Reset Contention                     0 / 2                 0 / 3                 0 / 4                 0 / 4           ops/s
[690.040s][info][gc,stats    ]  Contention: Mark SeqNum Reset Contention                      0 / 0                 0 / 1                 0 / 1                 0 / 1           ops/s
[690.040s][info][gc,stats    ]    Critical: Allocation Stall                                  0 / 0                 0 / 0                 0 / 0                 0 / 0           ops/s
[690.040s][info][gc,stats    ]    Critical: Allocation Stall                              0.000 / 0.000         0.000 / 0.000         0.000 / 0.000         0.000 / 0.000       ms
[690.040s][info][gc,stats    ]    Critical: GC Locker Stall                                   0 / 0                 0 / 0                 0 / 0                 0 / 0           ops/s
[690.040s][info][gc,stats    ]    Critical: GC Locker Stall                               0.000 / 0.000         0.000 / 0.000         0.000 / 0.000         0.000 / 0.000       ms
[690.040s][info][gc,stats    ]    Critical: Relocation Stall                                  0 / 0                 0 / 0                 0 / 0                 0 / 0           ops/s
[690.040s][info][gc,stats    ]    Critical: Relocation Stall                              0.000 / 0.000         0.000 / 0.000         0.000 / 0.000         0.000 / 0.000       ms
[690.040s][info][gc,stats    ]      Memory: Allocation Rate                                1044 / 1048           1044 / 1052           1056 / 9212           1056 / 9212        MB/s
[690.040s][info][gc,stats    ]      Memory: Out Of Memory                                     0 / 0                 0 / 0                 0 / 0                 0 / 0           ops/s
[690.040s][info][gc,stats    ]      Memory: Page Cache Flush                                  0 / 0                 0 / 0                 0 / 0                 0 / 0           MB/s
[690.040s][info][gc,stats    ]      Memory: Page Cache Hit L1                               523 / 526             524 / 533             521 / 533             521 / 533         ops/s
[690.041s][info][gc,stats    ]      Memory: Page Cache Hit L2                                 0 / 0                 0 / 0                 0 / 0                 0 / 0           ops/s
[690.041s][info][gc,stats    ]      Memory: Page Cache Hit L3                                 0 / 0                 0 / 61                2 / 486               2 / 486         ops/s
[690.041s][info][gc,stats    ]      Memory: Page Cache Miss                                   0 / 0                 0 / 0                 0 / 1                 0 / 1           ops/s
[690.041s][info][gc,stats    ]      Memory: Uncommit                                          0 / 0                 0 / 0                 0 / 0                 0 / 0           MB/s
[690.041s][info][gc,stats    ]      Memory: Undo Object Allocation Failed                     0 / 0                 0 / 0                 0 / 0                 0 / 0           ops/s
[690.041s][info][gc,stats    ]      Memory: Undo Object Allocation Succeeded                  0 / 0                 0 / 6                 0 / 6                 0 / 6           ops/s
[690.041s][info][gc,stats    ]      Memory: Undo Page Allocation                              0 / 0                 0 / 1                 0 / 1                 0 / 1           ops/s
[690.041s][info][gc,stats    ]       Phase: Concurrent Mark                              22.482 / 24.558       24.271 / 40.571       25.079 / 65.214       25.079 / 65.214      ms
[690.041s][info][gc,stats    ]       Phase: Concurrent Mark Continue                      0.000 / 0.000         0.000 / 0.000         0.000 / 0.000         0.000 / 0.000       ms
[690.041s][info][gc,stats    ]       Phase: Concurrent Process Non-Strong References      0.406 / 0.484         0.440 / 0.769         0.445 / 0.911         0.445 / 0.911       ms
[690.041s][info][gc,stats    ]       Phase: Concurrent Relocate                           0.496 / 0.621         0.745 / 2.004         0.846 / 16.651        0.846 / 16.651      ms
[690.041s][info][gc,stats    ]       Phase: Concurrent Reset Relocation Set               0.001 / 0.002         0.002 / 0.018         0.002 / 0.098         0.002 / 0.098       ms
[690.041s][info][gc,stats    ]       Phase: Concurrent Select Relocation Set              2.685 / 2.944         2.812 / 4.147         2.850 / 12.567        2.850 / 12.567      ms
[690.041s][info][gc,stats    ]       Phase: Pause Mark End                                0.010 / 0.017         0.009 / 0.025         0.009 / 0.025         0.009 / 0.025       ms
[690.041s][info][gc,stats    ]       Phase: Pause Mark Start                              0.005 / 0.005         0.006 / 0.039         0.006 / 0.039         0.006 / 0.039       ms
[690.041s][info][gc,stats    ]       Phase: Pause Relocate Start                          0.004 / 0.005         0.004 / 0.015         0.004 / 0.026         0.004 / 0.026       ms
[690.041s][info][gc,stats    ]    Subphase: Concurrent Classes Purge                      0.029 / 0.047         0.029 / 0.087         0.029 / 0.102         0.029 / 0.102       ms
[690.041s][info][gc,stats    ]    Subphase: Concurrent Classes Unlink                     0.275 / 0.302         0.289 / 0.468         0.291 / 0.571         0.291 / 0.571       ms
[690.041s][info][gc,stats    ]    Subphase: Concurrent Mark                              21.786 / 24.298       23.470 / 40.181       24.287 / 64.907       24.287 / 64.907      ms
[690.041s][info][gc,stats    ]    Subphase: Concurrent Mark Idle                          1.184 / 1.270         1.192 / 1.355         1.188 / 1.355         1.188 / 1.355       ms
[690.041s][info][gc,stats    ]    Subphase: Concurrent Mark Try Flush                     0.029 / 0.041         0.032 / 0.135         0.033 / 0.135         0.033 / 0.135       ms
[690.041s][info][gc,stats    ]    Subphase: Concurrent Mark Try Terminate                 0.444 / 1.272         0.432 / 1.361         0.433 / 1.361         0.433 / 1.361       ms
[690.041s][info][gc,stats    ]    Subphase: Concurrent References Enqueue                 0.000 / 0.000         0.000 / 0.008         0.000 / 0.008         0.000 / 0.008       ms
[690.041s][info][gc,stats    ]    Subphase: Concurrent References Process                 0.019 / 0.021         0.023 / 0.058         0.024 / 0.095         0.024 / 0.095       ms
[690.041s][info][gc,stats    ]    Subphase: Concurrent Roots ClassLoaderDataGraph         0.015 / 0.030         0.017 / 0.089         0.017 / 0.132         0.017 / 0.132       ms
[690.041s][info][gc,stats    ]    Subphase: Concurrent Roots CodeCache                    0.000 / 0.000         0.000 / 0.000         0.000 / 0.000         0.000 / 0.000       ms
[690.041s][info][gc,stats    ]    Subphase: Concurrent Roots JavaThreads                  0.178 / 0.201         0.210 / 0.485         0.208 / 0.485         0.208 / 0.485       ms
[690.041s][info][gc,stats    ]    Subphase: Concurrent Roots OopStorageSet                0.003 / 0.005         0.004 / 0.041         0.004 / 0.041         0.004 / 0.041       ms
[690.041s][info][gc,stats    ]    Subphase: Concurrent Weak Roots OopStorageSet           0.035 / 0.039         0.037 / 0.060         0.037 / 0.120         0.037 / 0.120       ms
[690.041s][info][gc,stats    ]    Subphase: Pause Mark Try Complete                       0.000 / 0.000         0.000 / 0.000         0.000 / 0.000         0.000 / 0.000       ms
[690.041s][info][gc,stats    ]      System: Java Threads                                     16 / 16               16 / 16               16 / 20               16 / 20          threads
[690.041s][info][gc,stats    ] =========================================================================================================================================================
[690.065s][info][gc,phases   ] GC(378) Concurrent Mark 24.269ms
[690.065s][info][gc,phases   ] GC(378) Pause Mark End 0.011ms
[690.065s][info][gc,phases   ] GC(378) Concurrent Process Non-Strong References 0.455ms
[690.065s][info][gc,phases   ] GC(378) Concurrent Reset Relocation Set 0.001ms
[690.068s][info][gc,phases   ] GC(378) Concurrent Select Relocation Set 2.846ms
[690.068s][info][gc,phases   ] GC(378) Pause Relocate Start 0.005ms
[690.069s][info][gc,phases   ] GC(378) Concurrent Relocate 0.396ms
[690.069s][info][gc,load     ] GC(378) Load: 3.55/3.83/3.71
[690.069s][info][gc,mmu      ] GC(378) MMU: 2ms/98.1%, 5ms/99.2%, 10ms/99.6%, 20ms/99.8%, 50ms/99.9%, 100ms/99.9%
[690.069s][info][gc,marking  ] GC(378) Mark: 2 stripe(s), 2 proactive flush(es), 1 terminate flush(es), 0 completion(s), 0 continuation(s) 
[690.069s][info][gc,nmethod  ] GC(378) NMethods: 484 registered, 0 unregistered
[690.069s][info][gc,metaspace] GC(378) Metaspace: 0M used, 0M committed, 1032M reserved
[690.069s][info][gc,ref      ] GC(378) Soft: 82 encountered, 0 discovered, 0 enqueued
[690.069s][info][gc,ref      ] GC(378) Weak: 200 encountered, 62 discovered, 0 enqueued
[690.069s][info][gc,ref      ] GC(378) Final: 0 encountered, 0 discovered, 0 enqueued
[690.069s][info][gc,ref      ] GC(378) Phantom: 5 encountered, 3 discovered, 0 enqueued
[690.069s][info][gc,reloc    ] GC(378) Small Pages: 860 / 1720M, Empty: 1562M, Relocated: 2M, In-Place: 0
[690.069s][info][gc,reloc    ] GC(378) Medium Pages: 0 / 0M, Empty: 0M, Relocated: 0M, In-Place: 0
[690.069s][info][gc,reloc    ] GC(378) Large Pages: 0 / 0M, Empty: 0M, Relocated: 0M, In-Place: 0
[690.069s][info][gc,reloc    ] GC(378) Forwarding Usage: 0M
[690.069s][info][gc,heap     ] GC(378) Min Capacity: 8192M(100%)
[690.069s][info][gc,heap     ] GC(378) Max Capacity: 8192M(100%)
[690.069s][info][gc,heap     ] GC(378) Soft Max Capacity: 8192M(100%)
[690.069s][info][gc,heap     ] GC(378)                Mark Start          Mark End        Relocate Start      Relocate End           High               Low         
[690.069s][info][gc,heap     ] GC(378)  Capacity:     8192M (100%)       8192M (100%)       8192M (100%)       8192M (100%)       8192M (100%)       8192M (100%)   
[690.069s][info][gc,heap     ] GC(378)      Free:     6472M (79%)        6448M (79%)        8002M (98%)        8008M (98%)        8008M (98%)        6448M (79%)    
[690.069s][info][gc,heap     ] GC(378)      Used:     1720M (21%)        1744M (21%)         190M (2%)          184M (2%)         1744M (21%)         184M (2%)     
[690.069s][info][gc,heap     ] GC(378)      Live:         -               132M (2%)          132M (2%)          132M (2%)             -                  -          
[690.069s][info][gc,heap     ] GC(378) Allocated:         -                24M (0%)           32M (0%)           32M (0%)             -                  -          
[690.069s][info][gc,heap     ] GC(378)   Garbage:         -              1587M (19%)          25M (0%)           19M (0%)             -                  -          
[690.069s][info][gc,heap     ] GC(378) Reclaimed:         -                  -              1562M (19%)        1568M (19%)            -                  -          
[690.069s][info][gc          ] GC(378) Garbage Collection (Proactive) 1720M(21%)->184M(2%)
[691.640s][info][gc,start    ] GC(379) Garbage Collection (Proactive)
[691.641s][info][gc,phases   ] GC(379) Pause Mark Start 0.006ms
[691.665s][info][gc,phases   ] GC(379) Concurrent Mark 23.999ms
[691.665s][info][gc,phases   ] GC(379) Pause Mark End 0.009ms
[691.665s][info][gc,phases   ] GC(379) Concurrent Process Non-Strong References 0.467ms
[691.665s][info][gc,phases   ] GC(379) Concurrent Reset Relocation Set 0.001ms
[691.668s][info][gc,phases   ] GC(379) Concurrent Select Relocation Set 3.022ms
[691.668s][info][gc,phases   ] GC(379) Pause Relocate Start 0.005ms
[691.669s][info][gc,phases   ] GC(379) Concurrent Relocate 0.462ms
[691.669s][info][gc,load     ] GC(379) Load: 3.74/3.86/3.72
[691.669s][info][gc,mmu      ] GC(379) MMU: 2ms/98.1%, 5ms/99.2%, 10ms/99.6%, 20ms/99.8%, 50ms/99.9%, 100ms/99.9%
[691.669s][info][gc,marking  ] GC(379) Mark: 2 stripe(s), 2 proactive flush(es), 1 terminate flush(es), 0 completion(s), 0 continuation(s) 
[691.669s][info][gc,nmethod  ] GC(379) NMethods: 484 registered, 0 unregistered
[691.669s][info][gc,metaspace] GC(379) Metaspace: 0M used, 0M committed, 1032M reserved
[691.669s][info][gc,ref      ] GC(379) Soft: 82 encountered, 0 discovered, 0 enqueued
[691.669s][info][gc,ref      ] GC(379) Weak: 200 encountered, 15 discovered, 0 enqueued
[691.669s][info][gc,ref      ] GC(379) Final: 0 encountered, 0 discovered, 0 enqueued
[691.669s][info][gc,ref      ] GC(379) Phantom: 5 encountered, 3 discovered, 0 enqueued
[691.669s][info][gc,reloc    ] GC(379) Small Pages: 912 / 1824M, Empty: 1666M, Relocated: 2M, In-Place: 0
[691.669s][info][gc,reloc    ] GC(379) Medium Pages: 0 / 0M, Empty: 0M, Relocated: 0M, In-Place: 0
[691.669s][info][gc,reloc    ] GC(379) Large Pages: 0 / 0M, Empty: 0M, Relocated: 0M, In-Place: 0
[691.669s][info][gc,reloc    ] GC(379) Forwarding Usage: 0M
[691.669s][info][gc,heap     ] GC(379) Min Capacity: 8192M(100%)
[691.669s][info][gc,heap     ] GC(379) Max Capacity: 8192M(100%)
[691.669s][info][gc,heap     ] GC(379) Soft Max Capacity: 8192M(100%)
[691.669s][info][gc,heap     ] GC(379)                Mark Start          Mark End        Relocate Start      Relocate End           High               Low         
[691.669s][info][gc,heap     ] GC(379)  Capacity:     8192M (100%)       8192M (100%)       8192M (100%)       8192M (100%)       8192M (100%)       8192M (100%)   
[691.669s][info][gc,heap     ] GC(379)      Free:     6368M (78%)        6344M (77%)        8002M (98%)        8008M (98%)        8008M (98%)        6344M (77%)    
[691.669s][info][gc,heap     ] GC(379)      Used:     1824M (22%)        1848M (23%)         190M (2%)          184M (2%)         1848M (23%)         184M (2%)     
[691.669s][info][gc,heap     ] GC(379)      Live:         -               132M (2%)          132M (2%)          132M (2%)             -                  -          
[691.669s][info][gc,heap     ] GC(379) Allocated:         -                24M (0%)           32M (0%)           32M (0%)             -                  -          
[691.669s][info][gc,heap     ] GC(379)   Garbage:         -              1691M (21%)          25M (0%)           19M (0%)             -                  -          
[691.670s][info][gc,heap     ] GC(379) Reclaimed:         -                  -              1666M (20%)        1672M (20%)            -                  -          
[691.670s][info][gc          ] GC(379) Garbage Collection (Proactive) 1824M(22%)->184M(2%)
[693.239s][info][gc,start    ] GC(380) Garbage Collection (Proactive)
[693.239s][info][gc,phases   ] GC(380) Pause Mark Start 0.007ms
[693.265s][info][gc,phases   ] GC(380) Concurrent Mark 25.481ms
[693.265s][info][gc,phases   ] GC(380) Pause Mark End 0.018ms
[693.266s][info][gc,phases   ] GC(380) Concurrent Process Non-Strong References 0.588ms
[693.266s][info][gc,phases   ] GC(380) Concurrent Reset Relocation Set 0.002ms
[693.269s][info][gc,phases   ] GC(380) Concurrent Select Relocation Set 3.013ms
[693.269s][info][gc,phases   ] GC(380) Pause Relocate Start 0.004ms
[693.269s][info][gc,phases   ] GC(380) Concurrent Relocate 0.399ms
[693.269s][info][gc,load     ] GC(380) Load: 3.74/3.86/3.72
[693.269s][info][gc,mmu      ] GC(380) MMU: 2ms/98.1%, 5ms/99.2%, 10ms/99.6%, 20ms/99.8%, 50ms/99.9%, 100ms/99.9%
[693.269s][info][gc,marking  ] GC(380) Mark: 2 stripe(s), 2 proactive flush(es), 1 terminate flush(es), 0 completion(s), 0 continuation(s) 
[693.269s][info][gc,nmethod  ] GC(380) NMethods: 484 registered, 0 unregistered
[693.269s][info][gc,metaspace] GC(380) Metaspace: 0M used, 0M committed, 1032M reserved
[693.269s][info][gc,ref      ] GC(380) Soft: 82 encountered, 0 discovered, 0 enqueued
[693.269s][info][gc,ref      ] GC(380) Weak: 200 encountered, 62 discovered, 0 enqueued
[693.269s][info][gc,ref      ] GC(380) Final: 0 encountered, 0 discovered, 0 enqueued
[693.269s][info][gc,ref      ] GC(380) Phantom: 5 encountered, 3 discovered, 0 enqueued
[693.269s][info][gc,reloc    ] GC(380) Small Pages: 912 / 1824M, Empty: 1666M, Relocated: 2M, In-Place: 0
[693.269s][info][gc,reloc    ] GC(380) Medium Pages: 0 / 0M, Empty: 0M, Relocated: 0M, In-Place: 0
[693.269s][info][gc,reloc    ] GC(380) Large Pages: 0 / 0M, Empty: 0M, Relocated: 0M, In-Place: 0
[693.269s][info][gc,reloc    ] GC(380) Forwarding Usage: 0M
[693.269s][info][gc,heap     ] GC(380) Min Capacity: 8192M(100%)
[693.269s][info][gc,heap     ] GC(380) Max Capacity: 8192M(100%)
[693.269s][info][gc,heap     ] GC(380) Soft Max Capacity: 8192M(100%)
[693.269s][info][gc,heap     ] GC(380)                Mark Start          Mark End        Relocate Start      Relocate End           High               Low         
[693.270s][info][gc,heap     ] GC(380)  Capacity:     8192M (100%)       8192M (100%)       8192M (100%)       8192M (100%)       8192M (100%)       8192M (100%)   
[693.270s][info][gc,heap     ] GC(380)      Free:     6368M (78%)        6344M (77%)        8002M (98%)        8008M (98%)        8008M (98%)        6344M (77%)    
[693.270s][info][gc,heap     ] GC(380)      Used:     1824M (22%)        1848M (23%)         190M (2%)          184M (2%)         1848M (23%)         184M (2%)     
[693.270s][info][gc,heap     ] GC(380)      Live:         -               132M (2%)          132M (2%)          132M (2%)             -                  -          
[693.270s][info][gc,heap     ] GC(380) Allocated:         -                24M (0%)           32M (0%)           32M (0%)             -                  -          
[693.270s][info][gc,heap     ] GC(380)   Garbage:         -              1691M (21%)          25M (0%)           19M (0%)             -                  -          
[693.270s][info][gc,heap     ] GC(380) Reclaimed:         -                  -              1666M (20%)        1672M (20%)            -                  -          
[693.270s][info][gc          ] GC(380) Garbage Collection (Proactive) 1824M(22%)->184M(2%)
[694.940s][info][gc,start    ] GC(381) Garbage Collection (Proactive)
[694.940s][info][gc,phases   ] GC(381) Pause Mark Start 0.010ms
[694.966s][info][gc,phases   ] GC(381) Concurrent Mark 26.212ms
[694.967s][info][gc,phases   ] GC(381) Pause Mark End 0.009ms
[694.967s][info][gc,phases   ] GC(381) Concurrent Process Non-Strong References 0.589ms
[694.967s][info][gc,phases   ] GC(381) Concurrent Reset Relocation Set 0.001ms
[694.970s][info][gc,phases   ] GC(381) Concurrent Select Relocation Set 2.817ms
[694.970s][info][gc,phases   ] GC(381) Pause Relocate Start 0.006ms
[694.971s][info][gc,phases   ] GC(381) Concurrent Relocate 0.589ms
[694.971s][info][gc,load     ] GC(381) Load: 3.74/3.86/3.72
[694.971s][info][gc,mmu      ] GC(381) MMU: 2ms/98.1%, 5ms/99.2%, 10ms/99.6%, 20ms/99.8%, 50ms/99.9%, 100ms/99.9%
[694.971s][info][gc,marking  ] GC(381) Mark: 2 stripe(s), 2 proactive flush(es), 1 terminate flush(es), 0 completion(s), 0 continuation(s) 
[694.971s][info][gc,nmethod  ] GC(381) NMethods: 484 registered, 0 unregistered
[694.971s][info][gc,metaspace] GC(381) Metaspace: 0M used, 0M committed, 1032M reserved
[694.971s][info][gc,ref      ] GC(381) Soft: 82 encountered, 0 discovered, 0 enqueued
[694.971s][info][gc,ref      ] GC(381) Weak: 200 encountered, 9 discovered, 0 enqueued
[694.971s][info][gc,ref      ] GC(381) Final: 0 encountered, 0 discovered, 0 enqueued
[694.971s][info][gc,ref      ] GC(381) Phantom: 5 encountered, 3 discovered, 0 enqueued
[694.971s][info][gc,reloc    ] GC(381) Small Pages: 964 / 1928M, Empty: 1770M, Relocated: 3M, In-Place: 0
[694.971s][info][gc,reloc    ] GC(381) Medium Pages: 0 / 0M, Empty: 0M, Relocated: 0M, In-Place: 0
[694.971s][info][gc,reloc    ] GC(381) Large Pages: 0 / 0M, Empty: 0M, Relocated: 0M, In-Place: 0
[694.971s][info][gc,reloc    ] GC(381) Forwarding Usage: 0M
[694.971s][info][gc,heap     ] GC(381) Min Capacity: 8192M(100%)
[694.971s][info][gc,heap     ] GC(381) Max Capacity: 8192M(100%)
[694.971s][info][gc,heap     ] GC(381) Soft Max Capacity: 8192M(100%)
[694.971s][info][gc,heap     ] GC(381)                Mark Start          Mark End        Relocate Start      Relocate End           High               Low         
[694.971s][info][gc,heap     ] GC(381)  Capacity:     8192M (100%)       8192M (100%)       8192M (100%)       8192M (100%)       8192M (100%)       8192M (100%)   
[694.971s][info][gc,heap     ] GC(381)      Free:     6264M (76%)        6232M (76%)        8002M (98%)        8008M (98%)        8008M (98%)        6232M (76%)    
[694.971s][info][gc,heap     ] GC(381)      Used:     1928M (24%)        1960M (24%)         190M (2%)          184M (2%)         1960M (24%)         184M (2%)     
[694.971s][info][gc,heap     ] GC(381)      Live:         -               132M (2%)          132M (2%)          132M (2%)             -                  -          
[694.971s][info][gc,heap     ] GC(381) Allocated:         -                32M (0%)           32M (0%)           32M (0%)             -                  -          
[694.971s][info][gc,heap     ] GC(381)   Garbage:         -              1795M (22%)          25M (0%)           19M (0%)             -                  -          
[694.971s][info][gc,heap     ] GC(381) Reclaimed:         -                  -              1770M (22%)        1776M (22%)            -                  -          
[694.971s][info][gc          ] GC(381) Garbage Collection (Proactive) 1928M(24%)->184M(2%)
[696.640s][info][gc,start    ] GC(382) Garbage Collection (Proactive)
[696.640s][info][gc,phases   ] GC(382) Pause Mark Start 0.005ms
[696.665s][info][gc,phases   ] GC(382) Concurrent Mark 25.129ms
[696.666s][info][gc,phases   ] GC(382) Pause Mark End 0.009ms
[696.666s][info][gc,phases   ] GC(382) Concurrent Process Non-Strong References 0.603ms
[696.666s][info][gc,phases   ] GC(382) Concurrent Reset Relocation Set 0.001ms
[696.669s][info][gc,phases   ] GC(382) Concurrent Select Relocation Set 2.967ms
[696.669s][info][gc,phases   ] GC(382) Pause Relocate Start 0.005ms
[696.670s][info][gc,phases   ] GC(382) Concurrent Relocate 0.483ms
[696.670s][info][gc,load     ] GC(382) Load: 3.60/3.83/3.71
[696.670s][info][gc,mmu      ] GC(382) MMU: 2ms/98.1%, 5ms/99.2%, 10ms/99.6%, 20ms/99.8%, 50ms/99.9%, 100ms/99.9%
[696.670s][info][gc,marking  ] GC(382) Mark: 2 stripe(s), 2 proactive flush(es), 1 terminate flush(es), 0 completion(s), 0 continuation(s) 
[696.670s][info][gc,nmethod  ] GC(382) NMethods: 484 registered, 0 unregistered
[696.670s][info][gc,metaspace] GC(382) Metaspace: 0M used, 0M committed, 1032M reserved
[696.670s][info][gc,ref      ] GC(382) Soft: 82 encountered, 0 discovered, 0 enqueued
[696.670s][info][gc,ref      ] GC(382) Weak: 200 encountered, 31 discovered, 0 enqueued
[696.670s][info][gc,ref      ] GC(382) Final: 0 encountered, 0 discovered, 0 enqueued
[696.670s][info][gc,ref      ] GC(382) Phantom: 5 encountered, 4 discovered, 0 enqueued
[696.670s][info][gc,reloc    ] GC(382) Small Pages: 964 / 1928M, Empty: 1770M, Relocated: 3M, In-Place: 0
[696.670s][info][gc,reloc    ] GC(382) Medium Pages: 0 / 0M, Empty: 0M, Relocated: 0M, In-Place: 0
[696.670s][info][gc,reloc    ] GC(382) Large Pages: 0 / 0M, Empty: 0M, Relocated: 0M, In-Place: 0
[696.670s][info][gc,reloc    ] GC(382) Forwarding Usage: 0M
[696.670s][info][gc,heap     ] GC(382) Min Capacity: 8192M(100%)
[696.670s][info][gc,heap     ] GC(382) Max Capacity: 8192M(100%)
[696.670s][info][gc,heap     ] GC(382) Soft Max Capacity: 8192M(100%)
[696.670s][info][gc,heap     ] GC(382)                Mark Start          Mark End        Relocate Start      Relocate End           High               Low         
[696.670s][info][gc,heap     ] GC(382)  Capacity:     8192M (100%)       8192M (100%)       8192M (100%)       8192M (100%)       8192M (100%)       8192M (100%)   
[696.670s][info][gc,heap     ] GC(382)      Free:     6264M (76%)        6240M (76%)        8002M (98%)        8008M (98%)        8008M (98%)        6234M (76%)    
[696.670s][info][gc,heap     ] GC(382)      Used:     1928M (24%)        1952M (24%)         190M (2%)          184M (2%)         1958M (24%)         184M (2%)     
[696.670s][info][gc,heap     ] GC(382)      Live:         -               132M (2%)          132M (2%)          132M (2%)             -                  -          
[696.670s][info][gc,heap     ] GC(382) Allocated:         -                24M (0%)           32M (0%)           32M (0%)             -                  -          
[696.670s][info][gc,heap     ] GC(382)   Garbage:         -              1795M (22%)          25M (0%)           19M (0%)             -                  -          
[696.670s][info][gc,heap     ] GC(382) Reclaimed:         -                  -              1770M (22%)        1776M (22%)            -                  -          
[696.670s][info][gc          ] GC(382) Garbage Collection (Proactive) 1928M(24%)->184M(2%)
[698.239s][info][gc,start    ] GC(383) Garbage Collection (Proactive)
[698.239s][info][gc,phases   ] GC(383) Pause Mark Start 0.006ms
[698.264s][info][gc,phases   ] GC(383) Concurrent Mark 24.643ms
[698.264s][info][gc,phases   ] GC(383) Pause Mark End 0.010ms
[698.265s][info][gc,phases   ] GC(383) Concurrent Process Non-Strong References 0.454ms
[698.265s][info][gc,phases   ] GC(383) Concurrent Reset Relocation Set 0.001ms
[698.268s][info][gc,phases   ] GC(383) Concurrent Select Relocation Set 2.813ms
[698.268s][info][gc,phases   ] GC(383) Pause Relocate Start 0.004ms
[698.268s][info][gc,phases   ] GC(383) Concurrent Relocate 0.422ms
[698.268s][info][gc,load     ] GC(383) Load: 3.60/3.83/3.71
[698.268s][info][gc,mmu      ] GC(383) MMU: 2ms/98.1%, 5ms/99.2%, 10ms/99.6%, 20ms/99.8%, 50ms/99.9%, 100ms/99.9%
[698.268s][info][gc,marking  ] GC(383) Mark: 2 stripe(s), 2 proactive flush(es), 1 terminate flush(es), 0 completion(s), 0 continuation(s) 
[698.268s][info][gc,nmethod  ] GC(383) NMethods: 484 registered, 0 unregistered
[698.268s][info][gc,metaspace] GC(383) Metaspace: 0M used, 0M committed, 1032M reserved
[698.268s][info][gc,ref      ] GC(383) Soft: 82 encountered, 0 discovered, 0 enqueued
[698.268s][info][gc,ref      ] GC(383) Weak: 200 encountered, 59 discovered, 0 enqueued
[698.268s][info][gc,ref      ] GC(383) Final: 0 encountered, 0 discovered, 0 enqueued
[698.268s][info][gc,ref      ] GC(383) Phantom: 5 encountered, 3 discovered, 0 enqueued
[698.268s][info][gc,reloc    ] GC(383) Small Pages: 912 / 1824M, Empty: 1666M, Relocated: 2M, In-Place: 0
[698.268s][info][gc,reloc    ] GC(383) Medium Pages: 0 / 0M, Empty: 0M, Relocated: 0M, In-Place: 0
[698.268s][info][gc,reloc    ] GC(383) Large Pages: 0 / 0M, Empty: 0M, Relocated: 0M, In-Place: 0
[698.268s][info][gc,reloc    ] GC(383) Forwarding Usage: 0M
[698.268s][info][gc,heap     ] GC(383) Min Capacity: 8192M(100%)
[698.268s][info][gc,heap     ] GC(383) Max Capacity: 8192M(100%)
[698.268s][info][gc,heap     ] GC(383) Soft Max Capacity: 8192M(100%)
[698.268s][info][gc,heap     ] GC(383)                Mark Start          Mark End        Relocate Start      Relocate End           High               Low         
[698.268s][info][gc,heap     ] GC(383)  Capacity:     8192M (100%)       8192M (100%)       8192M (100%)       8192M (100%)       8192M (100%)       8192M (100%)   
[698.268s][info][gc,heap     ] GC(383)      Free:     6368M (78%)        6344M (77%)        8000M (98%)        8006M (98%)        8008M (98%)        6344M (77%)    
[698.268s][info][gc,heap     ] GC(383)      Used:     1824M (22%)        1848M (23%)         192M (2%)          186M (2%)         1848M (23%)         184M (2%)     
[698.268s][info][gc,heap     ] GC(383)      Live:         -               132M (2%)          132M (2%)          132M (2%)             -                  -          
[698.268s][info][gc,heap     ] GC(383) Allocated:         -                24M (0%)           34M (0%)           34M (0%)             -                  -          
[698.268s][info][gc,heap     ] GC(383)   Garbage:         -              1691M (21%)          25M (0%)           19M (0%)             -                  -          
[698.269s][info][gc,heap     ] GC(383) Reclaimed:         -                  -              1666M (20%)        1672M (20%)            -                  -          
[698.269s][info][gc          ] GC(383) Garbage Collection (Proactive) 1824M(22%)->186M(2%)
[699.839s][info][gc,start    ] GC(384) Garbage Collection (Proactive)
[699.839s][info][gc,phases   ] GC(384) Pause Mark Start 0.004ms
[699.863s][info][gc,phases   ] GC(384) Concurrent Mark 23.519ms
[699.863s][info][gc,phases   ] GC(384) Pause Mark End 0.008ms
[699.863s][info][gc,phases   ] GC(384) Concurrent Process Non-Strong References 0.399ms
[699.863s][info][gc,phases   ] GC(384) Concurrent Reset Relocation Set 0.001ms
[699.866s][info][gc,phases   ] GC(384) Concurrent Select Relocation Set 2.620ms
[699.866s][info][gc,phases   ] GC(384) Pause Relocate Start 0.003ms
[699.867s][info][gc,phases   ] GC(384) Concurrent Relocate 0.525ms
[699.867s][info][gc,load     ] GC(384) Load: 3.60/3.83/3.71
[699.867s][info][gc,mmu      ] GC(384) MMU: 2ms/98.1%, 5ms/99.2%, 10ms/99.6%, 20ms/99.8%, 50ms/99.9%, 100ms/99.9%
[699.867s][info][gc,marking  ] GC(384) Mark: 2 stripe(s), 2 proactive flush(es), 1 terminate flush(es), 0 completion(s), 0 continuation(s) 
[699.867s][info][gc,nmethod  ] GC(384) NMethods: 484 registered, 0 unregistered
[699.867s][info][gc,metaspace] GC(384) Metaspace: 0M used, 0M committed, 1032M reserved
[699.867s][info][gc,ref      ] GC(384) Soft: 82 encountered, 0 discovered, 0 enqueued
[699.867s][info][gc,ref      ] GC(384) Weak: 200 encountered, 146 discovered, 0 enqueued
[699.867s][info][gc,ref      ] GC(384) Final: 0 encountered, 0 discovered, 0 enqueued
[699.867s][info][gc,ref      ] GC(384) Phantom: 5 encountered, 5 discovered, 0 enqueued
[699.867s][info][gc,reloc    ] GC(384) Small Pages: 912 / 1824M, Empty: 1666M, Relocated: 3M, In-Place: 0
[699.867s][info][gc,reloc    ] GC(384) Medium Pages: 0 / 0M, Empty: 0M, Relocated: 0M, In-Place: 0
[699.867s][info][gc,reloc    ] GC(384) Large Pages: 0 / 0M, Empty: 0M, Relocated: 0M, In-Place: 0
[699.867s][info][gc,reloc    ] GC(384) Forwarding Usage: 0M
[699.867s][info][gc,heap     ] GC(384) Min Capacity: 8192M(100%)
[699.867s][info][gc,heap     ] GC(384) Max Capacity: 8192M(100%)
[699.867s][info][gc,heap     ] GC(384) Soft Max Capacity: 8192M(100%)
[699.867s][info][gc,heap     ] GC(384)                Mark Start          Mark End        Relocate Start      Relocate End           High               Low         
[699.867s][info][gc,heap     ] GC(384)  Capacity:     8192M (100%)       8192M (100%)       8192M (100%)       8192M (100%)       8192M (100%)       8192M (100%)   
[699.867s][info][gc,heap     ] GC(384)      Free:     6368M (78%)        6344M (77%)        8006M (98%)        8008M (98%)        8010M (98%)        6344M (77%)    
[699.867s][info][gc,heap     ] GC(384)      Used:     1824M (22%)        1848M (23%)         186M (2%)          184M (2%)         1848M (23%)         182M (2%)     
[699.867s][info][gc,heap     ] GC(384)      Live:         -               132M (2%)          132M (2%)          132M (2%)             -                  -          
[699.867s][info][gc,heap     ] GC(384) Allocated:         -                24M (0%)           28M (0%)           32M (0%)             -                  -          
[699.867s][info][gc,heap     ] GC(384)   Garbage:         -              1691M (21%)          25M (0%)           19M (0%)             -                  -          
[699.867s][info][gc,heap     ] GC(384) Reclaimed:         -                  -              1666M (20%)        1672M (20%)            -                  -          
[699.867s][info][gc          ] GC(384) Garbage Collection (Proactive) 1824M(22%)->184M(2%)
[700.040s][info][gc,stats    ] === Garbage Collection Statistics =======================================================================================================================
[700.040s][info][gc,stats    ]                                                              Last 10s              Last 10m              Last 10h                Total
[700.040s][info][gc,stats    ]                                                              Avg / Max             Avg / Max             Avg / Max             Avg / Max
[700.040s][info][gc,stats    ]   Collector: Garbage Collection Cycle                     29.238 / 30.802       28.859 / 44.621       29.844 / 95.920       29.844 / 95.920      ms
[700.040s][info][gc,stats    ]  Contention: Mark Segment Reset Contention                     0 / 4                 0 / 4                 0 / 4                 0 / 4           ops/s
[700.040s][info][gc,stats    ]  Contention: Mark SeqNum Reset Contention                      0 / 0                 0 / 1                 0 / 1                 0 / 1           ops/s
[700.040s][info][gc,stats    ]    Critical: Allocation Stall                                  0 / 0                 0 / 0                 0 / 0                 0 / 0           ops/s
[700.040s][info][gc,stats    ]    Critical: Allocation Stall                              0.000 / 0.000         0.000 / 0.000         0.000 / 0.000         0.000 / 0.000       ms
[700.040s][info][gc,stats    ]    Critical: GC Locker Stall                                   0 / 0                 0 / 0                 0 / 0                 0 / 0           ops/s
[700.040s][info][gc,stats    ]    Critical: GC Locker Stall                               0.000 / 0.000         0.000 / 0.000         0.000 / 0.000         0.000 / 0.000       ms
[700.040s][info][gc,stats    ]    Critical: Relocation Stall                                  0 / 0                 0 / 0                 0 / 0                 0 / 0           ops/s
[700.041s][info][gc,stats    ]    Critical: Relocation Stall                              0.000 / 0.000         0.000 / 0.000         0.000 / 0.000         0.000 / 0.000       ms
[700.041s][info][gc,stats    ]      Memory: Allocation Rate                                1045 / 1048           1044 / 1052           1056 / 9212           1056 / 9212        MB/s
[700.041s][info][gc,stats    ]      Memory: Out Of Memory                                     0 / 0                 0 / 0                 0 / 0                 0 / 0           ops/s
[700.041s][info][gc,stats    ]      Memory: Page Cache Flush                                  0 / 0                 0 / 0                 0 / 0                 0 / 0           MB/s
[700.041s][info][gc,stats    ]      Memory: Page Cache Hit L1                               524 / 526             524 / 533             521 / 533             521 / 533         ops/s
[700.041s][info][gc,stats    ]      Memory: Page Cache Hit L2                                 0 / 0                 0 / 0                 0 / 0                 0 / 0           ops/s
[700.041s][info][gc,stats    ]      Memory: Page Cache Hit L3                                 0 / 0                 0 / 61                2 / 486               2 / 486         ops/s
[700.041s][info][gc,stats    ]      Memory: Page Cache Miss                                   0 / 0                 0 / 0                 0 / 1                 0 / 1           ops/s
[700.041s][info][gc,stats    ]      Memory: Uncommit                                          0 / 0                 0 / 0                 0 / 0                 0 / 0           MB/s
[700.041s][info][gc,stats    ]      Memory: Undo Object Allocation Failed                     0 / 0                 0 / 0                 0 / 0                 0 / 0           ops/s
[700.041s][info][gc,stats    ]      Memory: Undo Object Allocation Succeeded                  0 / 0                 0 / 6                 0 / 6                 0 / 6           ops/s
[700.041s][info][gc,stats    ]      Memory: Undo Page Allocation                              0 / 0                 0 / 1                 0 / 1                 0 / 1           ops/s
[700.041s][info][gc,stats    ]       Phase: Concurrent Mark                              24.750 / 26.212       24.231 / 40.571       25.073 / 65.214       25.073 / 65.214      ms
[700.041s][info][gc,stats    ]       Phase: Concurrent Mark Continue                      0.000 / 0.000         0.000 / 0.000         0.000 / 0.000         0.000 / 0.000       ms
[700.041s][info][gc,stats    ]       Phase: Concurrent Process Non-Strong References      0.508 / 0.603         0.441 / 0.769         0.446 / 0.911         0.446 / 0.911       ms
[700.041s][info][gc,stats    ]       Phase: Concurrent Relocate                           0.468 / 0.589         0.736 / 2.004         0.840 / 16.651        0.840 / 16.651      ms
[700.041s][info][gc,stats    ]       Phase: Concurrent Reset Relocation Set               0.001 / 0.002         0.002 / 0.018         0.002 / 0.098         0.002 / 0.098       ms
[700.041s][info][gc,stats    ]       Phase: Concurrent Select Relocation Set              2.871 / 3.022         2.812 / 4.147         2.850 / 12.567        2.850 / 12.567      ms
[700.041s][info][gc,stats    ]       Phase: Pause Mark End                                0.010 / 0.018         0.009 / 0.025         0.009 / 0.025         0.009 / 0.025       ms
[700.041s][info][gc,stats    ]       Phase: Pause Mark Start                              0.007 / 0.010         0.006 / 0.039         0.006 / 0.039         0.006 / 0.039       ms
[700.041s][info][gc,stats    ]       Phase: Pause Relocate Start                          0.005 / 0.006         0.004 / 0.015         0.004 / 0.026         0.004 / 0.026       ms
[700.041s][info][gc,stats    ]    Subphase: Concurrent Classes Purge                      0.038 / 0.087         0.029 / 0.087         0.029 / 0.102         0.029 / 0.102       ms
[700.041s][info][gc,stats    ]    Subphase: Concurrent Classes Unlink                     0.319 / 0.387         0.290 / 0.468         0.291 / 0.571         0.291 / 0.571       ms
[700.041s][info][gc,stats    ]    Subphase: Concurrent Mark                              23.898 / 25.962       23.429 / 40.181       24.280 / 64.907       24.280 / 64.907      ms
[700.041s][info][gc,stats    ]    Subphase: Concurrent Mark Idle                          1.188 / 1.303         1.192 / 1.355         1.188 / 1.355         1.188 / 1.355       ms
[700.041s][info][gc,stats    ]    Subphase: Concurrent Mark Try Flush                     0.036 / 0.074         0.032 / 0.135         0.033 / 0.135         0.033 / 0.135       ms
[700.041s][info][gc,stats    ]    Subphase: Concurrent Mark Try Terminate                 0.442 / 1.306         0.431 / 1.361         0.433 / 1.361         0.433 / 1.361       ms
[700.041s][info][gc,stats    ]    Subphase: Concurrent References Enqueue                 0.000 / 0.000         0.000 / 0.008         0.000 / 0.008         0.000 / 0.008       ms
[700.041s][info][gc,stats    ]    Subphase: Concurrent References Process                 0.028 / 0.040         0.023 / 0.058         0.024 / 0.095         0.024 / 0.095       ms
[700.041s][info][gc,stats    ]    Subphase: Concurrent Roots ClassLoaderDataGraph         0.018 / 0.042         0.017 / 0.089         0.017 / 0.132         0.017 / 0.132       ms
[700.041s][info][gc,stats    ]    Subphase: Concurrent Roots CodeCache                    0.000 / 0.000         0.000 / 0.000         0.000 / 0.000         0.000 / 0.000       ms
[700.041s][info][gc,stats    ]    Subphase: Concurrent Roots JavaThreads                  0.240 / 0.302         0.212 / 0.485         0.209 / 0.485         0.209 / 0.485       ms
[700.041s][info][gc,stats    ]    Subphase: Concurrent Roots OopStorageSet                0.004 / 0.006         0.004 / 0.041         0.004 / 0.041         0.004 / 0.041       ms
[700.041s][info][gc,stats    ]    Subphase: Concurrent Weak Roots OopStorageSet           0.043 / 0.057         0.037 / 0.060         0.037 / 0.120         0.037 / 0.120       ms
[700.041s][info][gc,stats    ]    Subphase: Pause Mark Try Complete                       0.000 / 0.000         0.000 / 0.000         0.000 / 0.000         0.000 / 0.000       ms
[700.041s][info][gc,stats    ]      System: Java Threads                                     16 / 16               16 / 16               16 / 20               16 / 20          threads
[700.041s][info][gc,stats    ] =========================================================================================================================================================
[701.440s][info][gc,start    ] GC(385) Garbage Collection (Proactive)
[701.440s][info][gc,phases   ] GC(385) Pause Mark Start 0.005ms
[701.465s][info][gc,phases   ] GC(385) Concurrent Mark 24.695ms
[701.465s][info][gc,phases   ] GC(385) Pause Mark End 0.010ms
[701.466s][info][gc,phases   ] GC(385) Concurrent Process Non-Strong References 0.509ms
[701.466s][info][gc,phases   ] GC(385) Concurrent Reset Relocation Set 0.002ms
[701.469s][info][gc,phases   ] GC(385) Concurrent Select Relocation Set 2.845ms
[701.469s][info][gc,phases   ] GC(385) Pause Relocate Start 0.005ms
[701.469s][info][gc,phases   ] GC(385) Concurrent Relocate 0.457ms
[701.469s][info][gc,load     ] GC(385) Load: 3.63/3.83/3.71
[701.469s][info][gc,mmu      ] GC(385) MMU: 2ms/98.1%, 5ms/99.2%, 10ms/99.6%, 20ms/99.8%, 50ms/99.9%, 100ms/99.9%
[701.469s][info][gc,marking  ] GC(385) Mark: 2 stripe(s), 2 proactive flush(es), 1 terminate flush(es), 0 completion(s), 0 continuation(s) 
[701.469s][info][gc,nmethod  ] GC(385) NMethods: 484 registered, 0 unregistered
[701.469s][info][gc,metaspace] GC(385) Metaspace: 0M used, 0M committed, 1032M reserved
[701.469s][info][gc,ref      ] GC(385) Soft: 82 encountered, 0 discovered, 0 enqueued
[701.469s][info][gc,ref      ] GC(385) Weak: 200 encountered, 14 discovered, 0 enqueued
[701.469s][info][gc,ref      ] GC(385) Final: 0 encountered, 0 discovered, 0 enqueued
[701.469s][info][gc,ref      ] GC(385) Phantom: 5 encountered, 3 discovered, 0 enqueued
[701.469s][info][gc,reloc    ] GC(385) Small Pages: 912 / 1824M, Empty: 1666M, Relocated: 3M, In-Place: 0
[701.469s][info][gc,reloc    ] GC(385) Medium Pages: 0 / 0M, Empty: 0M, Relocated: 0M, In-Place: 0
[701.469s][info][gc,reloc    ] GC(385) Large Pages: 0 / 0M, Empty: 0M, Relocated: 0M, In-Place: 0
[701.469s][info][gc,reloc    ] GC(385) Forwarding Usage: 0M
[701.469s][info][gc,heap     ] GC(385) Min Capacity: 8192M(100%)
[701.469s][info][gc,heap     ] GC(385) Max Capacity: 8192M(100%)
[701.469s][info][gc,heap     ] GC(385) Soft Max Capacity: 8192M(100%)
[701.469s][info][gc,heap     ] GC(385)                Mark Start          Mark End        Relocate Start      Relocate End           High               Low         
[701.469s][info][gc,heap     ] GC(385)  Capacity:     8192M (100%)       8192M (100%)       8192M (100%)       8192M (100%)       8192M (100%)       8192M (100%)   
[701.469s][info][gc,heap     ] GC(385)      Free:     6368M (78%)        6344M (77%)        8000M (98%)        8006M (98%)        8006M (98%)        6342M (77%)    
[701.469s][info][gc,heap     ] GC(385)      Used:     1824M (22%)        1848M (23%)         192M (2%)          186M (2%)         1850M (23%)         186M (2%)     
[701.469s][info][gc,heap     ] GC(385)      Live:         -               132M (2%)          132M (2%)          132M (2%)             -                  -          
[701.469s][info][gc,heap     ] GC(385) Allocated:         -                24M (0%)           34M (0%)           34M (0%)             -                  -          
[701.469s][info][gc,heap     ] GC(385)   Garbage:         -              1691M (21%)          25M (0%)           19M (0%)             -                  -          
[701.469s][info][gc,heap     ] GC(385) Reclaimed:         -                  -              1666M (20%)        1672M (20%)            -                  -          
[701.469s][info][gc          ] GC(385) Garbage Collection (Proactive) 1824M(22%)->186M(2%)
[703.040s][info][gc,start    ] GC(386) Garbage Collection (Proactive)
[703.041s][info][gc,phases   ] GC(386) Pause Mark Start 0.005ms
[703.064s][info][gc,phases   ] GC(386) Concurrent Mark 23.584ms
[703.064s][info][gc,phases   ] GC(386) Pause Mark End 0.008ms
[703.065s][info][gc,phases   ] GC(386) Concurrent Process Non-Strong References 0.399ms
[703.065s][info][gc,phases   ] GC(386) Concurrent Reset Relocation Set 0.001ms
[703.068s][info][gc,phases   ] GC(386) Concurrent Select Relocation Set 2.891ms
[703.068s][info][gc,phases   ] GC(386) Pause Relocate Start 0.003ms
[703.068s][info][gc,phases   ] GC(386) Concurrent Relocate 0.485ms
[703.068s][info][gc,load     ] GC(386) Load: 3.63/3.83/3.71
[703.068s][info][gc,mmu      ] GC(386) MMU: 2ms/98.1%, 5ms/99.2%, 10ms/99.6%, 20ms/99.8%, 50ms/99.9%, 100ms/99.9%
[703.068s][info][gc,marking  ] GC(386) Mark: 2 stripe(s), 2 proactive flush(es), 1 terminate flush(es), 0 completion(s), 0 continuation(s) 
[703.068s][info][gc,nmethod  ] GC(386) NMethods: 484 registered, 0 unregistered
[703.068s][info][gc,metaspace] GC(386) Metaspace: 0M used, 0M committed, 1032M reserved
[703.068s][info][gc,ref      ] GC(386) Soft: 82 encountered, 0 discovered, 0 enqueued
[703.068s][info][gc,ref      ] GC(386) Weak: 200 encountered, 43 discovered, 0 enqueued
[703.068s][info][gc,ref      ] GC(386) Final: 0 encountered, 0 discovered, 0 enqueued
[703.068s][info][gc,ref      ] GC(386) Phantom: 5 encountered, 4 discovered, 0 enqueued
[703.068s][info][gc,reloc    ] GC(386) Small Pages: 912 / 1824M, Empty: 1666M, Relocated: 2M, In-Place: 0
[703.068s][info][gc,reloc    ] GC(386) Medium Pages: 0 / 0M, Empty: 0M, Relocated: 0M, In-Place: 0
[703.068s][info][gc,reloc    ] GC(386) Large Pages: 0 / 0M, Empty: 0M, Relocated: 0M, In-Place: 0
[703.068s][info][gc,reloc    ] GC(386) Forwarding Usage: 0M
[703.068s][info][gc,heap     ] GC(386) Min Capacity: 8192M(100%)
[703.068s][info][gc,heap     ] GC(386) Max Capacity: 8192M(100%)
[703.069s][info][gc,heap     ] GC(386) Soft Max Capacity: 8192M(100%)
[703.069s][info][gc,heap     ] GC(386)                Mark Start          Mark End        Relocate Start      Relocate End           High               Low         
[703.069s][info][gc,heap     ] GC(386)  Capacity:     8192M (100%)       8192M (100%)       8192M (100%)       8192M (100%)       8192M (100%)       8192M (100%)   
[703.069s][info][gc,heap     ] GC(386)      Free:     6368M (78%)        6344M (77%)        8000M (98%)        8006M (98%)        8008M (98%)        6344M (77%)    
[703.069s][info][gc,heap     ] GC(386)      Used:     1824M (22%)        1848M (23%)         192M (2%)          186M (2%)         1848M (23%)         184M (2%)     
[703.069s][info][gc,heap     ] GC(386)      Live:         -               132M (2%)          132M (2%)          132M (2%)             -                  -          
[703.069s][info][gc,heap     ] GC(386) Allocated:         -                24M (0%)           34M (0%)           34M (0%)             -                  -          
[703.069s][info][gc,heap     ] GC(386)   Garbage:         -              1691M (21%)          25M (0%)           19M (0%)             -                  -          
[703.069s][info][gc,heap     ] GC(386) Reclaimed:         -                  -              1666M (20%)        1672M (20%)            -                  -          
[703.069s][info][gc          ] GC(386) Garbage Collection (Proactive) 1824M(22%)->186M(2%)
[704.540s][info][gc,start    ] GC(387) Garbage Collection (Proactive)
[704.540s][info][gc,phases   ] GC(387) Pause Mark Start 0.004ms
[704.561s][info][gc,phases   ] GC(387) Concurrent Mark 21.135ms
[704.562s][info][gc,phases   ] GC(387) Pause Mark End 0.008ms
[704.562s][info][gc,phases   ] GC(387) Concurrent Process Non-Strong References 0.344ms
[704.562s][info][gc,phases   ] GC(387) Concurrent Reset Relocation Set 0.001ms
[704.564s][info][gc,phases   ] GC(387) Concurrent Select Relocation Set 2.328ms
[704.564s][info][gc,phases   ] GC(387) Pause Relocate Start 0.003ms
[704.565s][info][gc,phases   ] GC(387) Concurrent Relocate 0.431ms
[704.565s][info][gc,load     ] GC(387) Load: 3.63/3.83/3.71
[704.565s][info][gc,mmu      ] GC(387) MMU: 2ms/98.1%, 5ms/99.2%, 10ms/99.6%, 20ms/99.8%, 50ms/99.9%, 100ms/99.9%
[704.565s][info][gc,marking  ] GC(387) Mark: 2 stripe(s), 2 proactive flush(es), 1 terminate flush(es), 0 completion(s), 0 continuation(s) 
[704.565s][info][gc,nmethod  ] GC(387) NMethods: 484 registered, 0 unregistered
[704.565s][info][gc,metaspace] GC(387) Metaspace: 0M used, 0M committed, 1032M reserved
[704.565s][info][gc,ref      ] GC(387) Soft: 82 encountered, 0 discovered, 0 enqueued
[704.565s][info][gc,ref      ] GC(387) Weak: 200 encountered, 62 discovered, 0 enqueued
[704.565s][info][gc,ref      ] GC(387) Final: 0 encountered, 0 discovered, 0 enqueued
[704.565s][info][gc,ref      ] GC(387) Phantom: 5 encountered, 5 discovered, 0 enqueued
[704.565s][info][gc,reloc    ] GC(387) Small Pages: 860 / 1720M, Empty: 1562M, Relocated: 3M, In-Place: 0
[704.565s][info][gc,reloc    ] GC(387) Medium Pages: 0 / 0M, Empty: 0M, Relocated: 0M, In-Place: 0
[704.565s][info][gc,reloc    ] GC(387) Large Pages: 0 / 0M, Empty: 0M, Relocated: 0M, In-Place: 0
[704.565s][info][gc,reloc    ] GC(387) Forwarding Usage: 0M
[704.565s][info][gc,heap     ] GC(387) Min Capacity: 8192M(100%)
[704.565s][info][gc,heap     ] GC(387) Max Capacity: 8192M(100%)
[704.565s][info][gc,heap     ] GC(387) Soft Max Capacity: 8192M(100%)
[704.565s][info][gc,heap     ] GC(387)                Mark Start          Mark End        Relocate Start      Relocate End           High               Low         
[704.565s][info][gc,heap     ] GC(387)  Capacity:     8192M (100%)       8192M (100%)       8192M (100%)       8192M (100%)       8192M (100%)       8192M (100%)   
[704.565s][info][gc,heap     ] GC(387)      Free:     6472M (79%)        6448M (79%)        8010M (98%)        8016M (98%)        8016M (98%)        6448M (79%)    
[704.565s][info][gc,heap     ] GC(387)      Used:     1720M (21%)        1744M (21%)         182M (2%)          176M (2%)         1744M (21%)         176M (2%)     
[704.565s][info][gc,heap     ] GC(387)      Live:         -               132M (2%)          132M (2%)          132M (2%)             -                  -          
[704.565s][info][gc,heap     ] GC(387) Allocated:         -                24M (0%)           24M (0%)           24M (0%)             -                  -          
[704.565s][info][gc,heap     ] GC(387)   Garbage:         -              1587M (19%)          25M (0%)           19M (0%)             -                  -          
[704.565s][info][gc,heap     ] GC(387) Reclaimed:         -                  -              1562M (19%)        1568M (19%)            -                  -          
[704.565s][info][gc          ] GC(387) Garbage Collection (Proactive) 1720M(21%)->176M(2%)
[706.140s][info][gc,start    ] GC(388) Garbage Collection (Proactive)
[706.141s][info][gc,phases   ] GC(388) Pause Mark Start 0.004ms
[706.163s][info][gc,phases   ] GC(388) Concurrent Mark 22.016ms
[706.163s][info][gc,phases   ] GC(388) Pause Mark End 0.008ms
[706.163s][info][gc,phases   ] GC(388) Concurrent Process Non-Strong References 0.330ms
[706.163s][info][gc,phases   ] GC(388) Concurrent Reset Relocation Set 0.001ms
[706.165s][info][gc,phases   ] GC(388) Concurrent Select Relocation Set 2.203ms
[706.165s][info][gc,phases   ] GC(388) Pause Relocate Start 0.003ms
[706.166s][info][gc,phases   ] GC(388) Concurrent Relocate 0.469ms
[706.166s][info][gc,load     ] GC(388) Load: 3.63/3.83/3.71
[706.166s][info][gc,mmu      ] GC(388) MMU: 2ms/98.1%, 5ms/99.2%, 10ms/99.6%, 20ms/99.8%, 50ms/99.9%, 100ms/99.9%
[706.166s][info][gc,marking  ] GC(388) Mark: 2 stripe(s), 2 proactive flush(es), 1 terminate flush(es), 0 completion(s), 0 continuation(s) 
[706.166s][info][gc,nmethod  ] GC(388) NMethods: 484 registered, 0 unregistered
[706.166s][info][gc,metaspace] GC(388) Metaspace: 0M used, 0M committed, 1032M reserved
[706.166s][info][gc,ref      ] GC(388) Soft: 82 encountered, 0 discovered, 0 enqueued
[706.166s][info][gc,ref      ] GC(388) Weak: 200 encountered, 62 discovered, 0 enqueued
[706.166s][info][gc,ref      ] GC(388) Final: 0 encountered, 0 discovered, 0 enqueued
[706.166s][info][gc,ref      ] GC(388) Phantom: 5 encountered, 3 discovered, 0 enqueued
[706.166s][info][gc,reloc    ] GC(388) Small Pages: 912 / 1824M, Empty: 1666M, Relocated: 2M, In-Place: 0
[706.166s][info][gc,reloc    ] GC(388) Medium Pages: 0 / 0M, Empty: 0M, Relocated: 0M, In-Place: 0
[706.166s][info][gc,reloc    ] GC(388) Large Pages: 0 / 0M, Empty: 0M, Relocated: 0M, In-Place: 0
[706.166s][info][gc,reloc    ] GC(388) Forwarding Usage: 0M
[706.166s][info][gc,heap     ] GC(388) Min Capacity: 8192M(100%)
[706.166s][info][gc,heap     ] GC(388) Max Capacity: 8192M(100%)
[706.166s][info][gc,heap     ] GC(388) Soft Max Capacity: 8192M(100%)
[706.166s][info][gc,heap     ] GC(388)                Mark Start          Mark End        Relocate Start      Relocate End           High               Low         
[706.166s][info][gc,heap     ] GC(388)  Capacity:     8192M (100%)       8192M (100%)       8192M (100%)       8192M (100%)       8192M (100%)       8192M (100%)   
[706.166s][info][gc,heap     ] GC(388)      Free:     6368M (78%)        6344M (77%)        8010M (98%)        8010M (98%)        8012M (98%)        6344M (77%)    
[706.166s][info][gc,heap     ] GC(388)      Used:     1824M (22%)        1848M (23%)         182M (2%)          182M (2%)         1848M (23%)         180M (2%)     
[706.166s][info][gc,heap     ] GC(388)      Live:         -               132M (2%)          132M (2%)          132M (2%)             -                  -          
[706.166s][info][gc,heap     ] GC(388) Allocated:         -                24M (0%)           24M (0%)           30M (0%)             -                  -          
[706.166s][info][gc,heap     ] GC(388)   Garbage:         -              1691M (21%)          25M (0%)           19M (0%)             -                  -          
[706.166s][info][gc,heap     ] GC(388) Reclaimed:         -                  -              1666M (20%)        1672M (20%)            -                  -          
[706.166s][info][gc          ] GC(388) Garbage Collection (Proactive) 1824M(22%)->182M(2%)
[707.640s][info][gc,start    ] GC(389) Garbage Collection (Proactive)
[707.640s][info][gc,phases   ] GC(389) Pause Mark Start 0.005ms
[707.664s][info][gc,phases   ] GC(389) Concurrent Mark 23.788ms
[707.664s][info][gc,phases   ] GC(389) Pause Mark End 0.008ms
[707.665s][info][gc,phases   ] GC(389) Concurrent Process Non-Strong References 0.426ms
[707.665s][info][gc,phases   ] GC(389) Concurrent Reset Relocation Set 0.001ms
[707.667s][info][gc,phases   ] GC(389) Concurrent Select Relocation Set 2.794ms
[707.667s][info][gc,phases   ] GC(389) Pause Relocate Start 0.003ms
[707.668s][info][gc,phases   ] GC(389) Concurrent Relocate 0.463ms
[707.668s][info][gc,load     ] GC(389) Load: 3.42/3.79/3.69
[707.668s][info][gc,mmu      ] GC(389) MMU: 2ms/98.1%, 5ms/99.2%, 10ms/99.6%, 20ms/99.8%, 50ms/99.9%, 100ms/99.9%
[707.668s][info][gc,marking  ] GC(389) Mark: 2 stripe(s), 2 proactive flush(es), 1 terminate flush(es), 0 completion(s), 0 continuation(s) 
[707.668s][info][gc,nmethod  ] GC(389) NMethods: 484 registered, 0 unregistered
[707.668s][info][gc,metaspace] GC(389) Metaspace: 0M used, 0M committed, 1032M reserved
[707.668s][info][gc,ref      ] GC(389) Soft: 82 encountered, 0 discovered, 0 enqueued
[707.668s][info][gc,ref      ] GC(389) Weak: 200 encountered, 59 discovered, 0 enqueued
[707.668s][info][gc,ref      ] GC(389) Final: 0 encountered, 0 discovered, 0 enqueued
[707.668s][info][gc,ref      ] GC(389) Phantom: 5 encountered, 4 discovered, 0 enqueued
[707.668s][info][gc,reloc    ] GC(389) Small Pages: 860 / 1720M, Empty: 1562M, Relocated: 2M, In-Place: 0
[707.668s][info][gc,reloc    ] GC(389) Medium Pages: 0 / 0M, Empty: 0M, Relocated: 0M, In-Place: 0
[707.668s][info][gc,reloc    ] GC(389) Large Pages: 0 / 0M, Empty: 0M, Relocated: 0M, In-Place: 0
[707.668s][info][gc,reloc    ] GC(389) Forwarding Usage: 0M
[707.668s][info][gc,heap     ] GC(389) Min Capacity: 8192M(100%)
[707.668s][info][gc,heap     ] GC(389) Max Capacity: 8192M(100%)
[707.668s][info][gc,heap     ] GC(389) Soft Max Capacity: 8192M(100%)
[707.668s][info][gc,heap     ] GC(389)                Mark Start          Mark End        Relocate Start      Relocate End           High               Low         
[707.668s][info][gc,heap     ] GC(389)  Capacity:     8192M (100%)       8192M (100%)       8192M (100%)       8192M (100%)       8192M (100%)       8192M (100%)   
[707.668s][info][gc,heap     ] GC(389)      Free:     6472M (79%)        6448M (79%)        8002M (98%)        8008M (98%)        8008M (98%)        6448M (79%)    
[707.668s][info][gc,heap     ] GC(389)      Used:     1720M (21%)        1744M (21%)         190M (2%)          184M (2%)         1744M (21%)         184M (2%)     
[707.668s][info][gc,heap     ] GC(389)      Live:         -               132M (2%)          132M (2%)          132M (2%)             -                  -          
[707.668s][info][gc,heap     ] GC(389) Allocated:         -                24M (0%)           32M (0%)           32M (0%)             -                  -          
[707.668s][info][gc,heap     ] GC(389)   Garbage:         -              1587M (19%)          25M (0%)           19M (0%)             -                  -          
[707.668s][info][gc,heap     ] GC(389) Reclaimed:         -                  -              1562M (19%)        1568M (19%)            -                  -          
[707.668s][info][gc          ] GC(389) Garbage Collection (Proactive) 1720M(21%)->184M(2%)
[709.240s][info][gc,start    ] GC(390) Garbage Collection (Proactive)
[709.240s][info][gc,phases   ] GC(390) Pause Mark Start 0.009ms
[709.265s][info][gc,phases   ] GC(390) Concurrent Mark 24.926ms
[709.265s][info][gc,phases   ] GC(390) Pause Mark End 0.009ms
[709.266s][info][gc,phases   ] GC(390) Concurrent Process Non-Strong References 0.522ms
[709.266s][info][gc,phases   ] GC(390) Concurrent Reset Relocation Set 0.002ms
[709.269s][info][gc,phases   ] GC(390) Concurrent Select Relocation Set 3.207ms
[709.269s][info][gc,phases   ] GC(390) Pause Relocate Start 0.006ms
[709.270s][info][gc,phases   ] GC(390) Concurrent Relocate 0.468ms
[709.270s][info][gc,load     ] GC(390) Load: 3.42/3.79/3.69
[709.270s][info][gc,mmu      ] GC(390) MMU: 2ms/98.1%, 5ms/99.2%, 10ms/99.6%, 20ms/99.8%, 50ms/99.9%, 100ms/99.9%
[709.270s][info][gc,marking  ] GC(390) Mark: 2 stripe(s), 2 proactive flush(es), 1 terminate flush(es), 0 completion(s), 0 continuation(s) 
[709.270s][info][gc,nmethod  ] GC(390) NMethods: 484 registered, 0 unregistered
[709.270s][info][gc,metaspace] GC(390) Metaspace: 0M used, 0M committed, 1032M reserved
[709.270s][info][gc,ref      ] GC(390) Soft: 82 encountered, 0 discovered, 0 enqueued
[709.270s][info][gc,ref      ] GC(390) Weak: 200 encountered, 59 discovered, 0 enqueued
[709.270s][info][gc,ref      ] GC(390) Final: 0 encountered, 0 discovered, 0 enqueued
[709.270s][info][gc,ref      ] GC(390) Phantom: 5 encountered, 4 discovered, 0 enqueued
[709.270s][info][gc,reloc    ] GC(390) Small Pages: 912 / 1824M, Empty: 1666M, Relocated: 2M, In-Place: 0
[709.270s][info][gc,reloc    ] GC(390) Medium Pages: 0 / 0M, Empty: 0M, Relocated: 0M, In-Place: 0
[709.270s][info][gc,reloc    ] GC(390) Large Pages: 0 / 0M, Empty: 0M, Relocated: 0M, In-Place: 0
[709.270s][info][gc,reloc    ] GC(390) Forwarding Usage: 0M
[709.270s][info][gc,heap     ] GC(390) Min Capacity: 8192M(100%)
[709.270s][info][gc,heap     ] GC(390) Max Capacity: 8192M(100%)
[709.270s][info][gc,heap     ] GC(390) Soft Max Capacity: 8192M(100%)
[709.270s][info][gc,heap     ] GC(390)                Mark Start          Mark End        Relocate Start      Relocate End           High               Low         
[709.270s][info][gc,heap     ] GC(390)  Capacity:     8192M (100%)       8192M (100%)       8192M (100%)       8192M (100%)       8192M (100%)       8192M (100%)   
[709.270s][info][gc,heap     ] GC(390)      Free:     6368M (78%)        6340M (77%)        8002M (98%)        8008M (98%)        8008M (98%)        6340M (77%)    
[709.270s][info][gc,heap     ] GC(390)      Used:     1824M (22%)        1852M (23%)         190M (2%)          184M (2%)         1852M (23%)         184M (2%)     
[709.270s][info][gc,heap     ] GC(390)      Live:         -               132M (2%)          132M (2%)          132M (2%)             -                  -          
[709.270s][info][gc,heap     ] GC(390) Allocated:         -                28M (0%)           32M (0%)           32M (0%)             -                  -          
[709.270s][info][gc,heap     ] GC(390)   Garbage:         -              1691M (21%)          25M (0%)           19M (0%)             -                  -          
[709.270s][info][gc,heap     ] GC(390) Reclaimed:         -                  -              1666M (20%)        1672M (20%)            -                  -          
[709.270s][info][gc          ] GC(390) Garbage Collection (Proactive) 1824M(22%)->184M(2%)
[710.041s][info][gc,stats    ] === Garbage Collection Statistics =======================================================================================================================
[710.041s][info][gc,stats    ]                                                              Last 10s              Last 10m              Last 10h                Total
[710.041s][info][gc,stats    ]                                                              Avg / Max             Avg / Max             Avg / Max             Avg / Max
[710.041s][info][gc,stats    ]   Collector: Garbage Collection Cycle                     27.522 / 29.812       28.789 / 44.621       29.808 / 95.920       29.808 / 95.920      ms
[710.041s][info][gc,stats    ]  Contention: Mark Segment Reset Contention                     0 / 0                 0 / 4                 0 / 4                 0 / 4           ops/s
[710.041s][info][gc,stats    ]  Contention: Mark SeqNum Reset Contention                      0 / 0                 0 / 1                 0 / 1                 0 / 1           ops/s
[710.041s][info][gc,stats    ]    Critical: Allocation Stall                                  0 / 0                 0 / 0                 0 / 0                 0 / 0           ops/s
[710.041s][info][gc,stats    ]    Critical: Allocation Stall                              0.000 / 0.000         0.000 / 0.000         0.000 / 0.000         0.000 / 0.000       ms
[710.041s][info][gc,stats    ]    Critical: GC Locker Stall                                   0 / 0                 0 / 0                 0 / 0                 0 / 0           ops/s
[710.041s][info][gc,stats    ]    Critical: GC Locker Stall                               0.000 / 0.000         0.000 / 0.000         0.000 / 0.000         0.000 / 0.000       ms
[710.041s][info][gc,stats    ]    Critical: Relocation Stall                                  0 / 0                 0 / 0                 0 / 0                 0 / 0           ops/s
[710.041s][info][gc,stats    ]    Critical: Relocation Stall                              0.000 / 0.000         0.000 / 0.000         0.000 / 0.000         0.000 / 0.000       ms
[710.041s][info][gc,stats    ]      Memory: Allocation Rate                                1044 / 1048           1044 / 1052           1056 / 9212           1056 / 9212        MB/s
[710.041s][info][gc,stats    ]      Memory: Out Of Memory                                     0 / 0                 0 / 0                 0 / 0                 0 / 0           ops/s
[710.041s][info][gc,stats    ]      Memory: Page Cache Flush                                  0 / 0                 0 / 0                 0 / 0                 0 / 0           MB/s
[710.041s][info][gc,stats    ]      Memory: Page Cache Hit L1                               523 / 526             524 / 533             521 / 533             521 / 533         ops/s
[710.041s][info][gc,stats    ]      Memory: Page Cache Hit L2                                 0 / 0                 0 / 0                 0 / 0                 0 / 0           ops/s
[710.041s][info][gc,stats    ]      Memory: Page Cache Hit L3                                 0 / 0                 0 / 61                2 / 486               2 / 486         ops/s
[710.041s][info][gc,stats    ]      Memory: Page Cache Miss                                   0 / 0                 0 / 0                 0 / 1                 0 / 1           ops/s
[710.041s][info][gc,stats    ]      Memory: Uncommit                                          0 / 0                 0 / 0                 0 / 0                 0 / 0           MB/s
[710.041s][info][gc,stats    ]      Memory: Undo Object Allocation Failed                     0 / 0                 0 / 0                 0 / 0                 0 / 0           ops/s
[710.041s][info][gc,stats    ]      Memory: Undo Object Allocation Succeeded                  0 / 0                 0 / 6                 0 / 6                 0 / 6           ops/s
[710.041s][info][gc,stats    ]      Memory: Undo Page Allocation                              0 / 0                 0 / 1                 0 / 1                 0 / 1           ops/s
[710.041s][info][gc,stats    ]       Phase: Concurrent Mark                              23.358 / 24.926       24.169 / 40.571       25.047 / 65.214       25.047 / 65.214      ms
[710.041s][info][gc,stats    ]       Phase: Concurrent Mark Continue                      0.000 / 0.000         0.000 / 0.000         0.000 / 0.000         0.000 / 0.000       ms
[710.041s][info][gc,stats    ]       Phase: Concurrent Process Non-Strong References      0.422 / 0.522         0.440 / 0.769         0.446 / 0.911         0.446 / 0.911       ms
[710.041s][info][gc,stats    ]       Phase: Concurrent Relocate                           0.462 / 0.485         0.731 / 2.004         0.834 / 16.651        0.834 / 16.651      ms
[710.041s][info][gc,stats    ]       Phase: Concurrent Reset Relocation Set               0.001 / 0.002         0.002 / 0.018         0.002 / 0.098         0.002 / 0.098       ms
[710.041s][info][gc,stats    ]       Phase: Concurrent Select Relocation Set              2.712 / 3.207         2.810 / 4.147         2.848 / 12.567        2.848 / 12.567      ms
[710.041s][info][gc,stats    ]       Phase: Pause Mark End                                0.008 / 0.010         0.009 / 0.025         0.009 / 0.025         0.009 / 0.025       ms
[710.041s][info][gc,stats    ]       Phase: Pause Mark Start                              0.006 / 0.009         0.006 / 0.039         0.006 / 0.039         0.006 / 0.039       ms
[710.041s][info][gc,stats    ]       Phase: Pause Relocate Start                          0.004 / 0.006         0.004 / 0.015         0.004 / 0.026         0.004 / 0.026       ms
[710.041s][info][gc,stats    ]    Subphase: Concurrent Classes Purge                      0.029 / 0.047         0.029 / 0.087         0.029 / 0.102         0.029 / 0.102       ms
[710.041s][info][gc,stats    ]    Subphase: Concurrent Classes Unlink                     0.275 / 0.312         0.289 / 0.468         0.291 / 0.571         0.291 / 0.571       ms
[710.041s][info][gc,stats    ]    Subphase: Concurrent Mark                              22.563 / 24.609       23.364 / 40.181       24.253 / 64.907       24.253 / 64.907      ms
[710.041s][info][gc,stats    ]    Subphase: Concurrent Mark Idle                          1.158 / 1.313         1.192 / 1.355         1.187 / 1.355         1.187 / 1.355       ms
[710.041s][info][gc,stats    ]    Subphase: Concurrent Mark Try Flush                     0.032 / 0.053         0.032 / 0.135         0.033 / 0.135         0.033 / 0.135       ms
[710.041s][info][gc,stats    ]    Subphase: Concurrent Mark Try Terminate                 0.395 / 1.315         0.431 / 1.361         0.433 / 1.361         0.433 / 1.361       ms
[710.041s][info][gc,stats    ]    Subphase: Concurrent References Enqueue                 0.000 / 0.001         0.000 / 0.008         0.000 / 0.008         0.000 / 0.008       ms
[710.041s][info][gc,stats    ]    Subphase: Concurrent References Process                 0.020 / 0.025         0.023 / 0.058         0.024 / 0.095         0.024 / 0.095       ms
[710.041s][info][gc,stats    ]    Subphase: Concurrent Roots ClassLoaderDataGraph         0.018 / 0.048         0.017 / 0.089         0.017 / 0.132         0.017 / 0.132       ms
[710.041s][info][gc,stats    ]    Subphase: Concurrent Roots CodeCache                    0.000 / 0.000         0.000 / 0.000         0.000 / 0.000         0.000 / 0.000       ms
[710.041s][info][gc,stats    ]    Subphase: Concurrent Roots JavaThreads                  0.208 / 0.257         0.212 / 0.485         0.209 / 0.485         0.209 / 0.485       ms
[710.041s][info][gc,stats    ]    Subphase: Concurrent Roots OopStorageSet                0.004 / 0.006         0.004 / 0.041         0.004 / 0.041         0.004 / 0.041       ms
[710.041s][info][gc,stats    ]    Subphase: Concurrent Weak Roots OopStorageSet           0.035 / 0.043         0.037 / 0.060         0.037 / 0.120         0.037 / 0.120       ms
[710.041s][info][gc,stats    ]    Subphase: Pause Mark Try Complete                       0.000 / 0.000         0.000 / 0.000         0.000 / 0.000         0.000 / 0.000       ms
[710.041s][info][gc,stats    ]      System: Java Threads                                     16 / 16               16 / 16               16 / 20               16 / 20          threads
[710.041s][info][gc,stats    ] =========================================================================================================================================================
[710.940s][info][gc,start    ] GC(391) Garbage Collection (Proactive)
[710.940s][info][gc,phases   ] GC(391) Pause Mark Start 0.007ms
[710.966s][info][gc,phases   ] GC(391) Concurrent Mark 26.173ms
[710.966s][info][gc,phases   ] GC(391) Pause Mark End 0.009ms
[710.967s][info][gc,phases   ] GC(391) Concurrent Process Non-Strong References 0.483ms
[710.967s][info][gc,phases   ] GC(391) Concurrent Reset Relocation Set 0.001ms
[710.970s][info][gc,phases   ] GC(391) Concurrent Select Relocation Set 2.920ms
[710.970s][info][gc,phases   ] GC(391) Pause Relocate Start 0.003ms
[710.970s][info][gc,phases   ] GC(391) Concurrent Relocate 0.465ms
[710.970s][info][gc,load     ] GC(391) Load: 3.42/3.79/3.69
[710.970s][info][gc,mmu      ] GC(391) MMU: 2ms/98.1%, 5ms/99.2%, 10ms/99.6%, 20ms/99.8%, 50ms/99.9%, 100ms/99.9%
[710.970s][info][gc,marking  ] GC(391) Mark: 2 stripe(s), 2 proactive flush(es), 1 terminate flush(es), 0 completion(s), 0 continuation(s) 
[710.970s][info][gc,nmethod  ] GC(391) NMethods: 484 registered, 0 unregistered
[710.970s][info][gc,metaspace] GC(391) Metaspace: 0M used, 0M committed, 1032M reserved
[710.971s][info][gc,ref      ] GC(391) Soft: 82 encountered, 0 discovered, 0 enqueued
[710.971s][info][gc,ref      ] GC(391) Weak: 200 encountered, 63 discovered, 0 enqueued
[710.971s][info][gc,ref      ] GC(391) Final: 0 encountered, 0 discovered, 0 enqueued
[710.971s][info][gc,ref      ] GC(391) Phantom: 5 encountered, 3 discovered, 0 enqueued
[710.971s][info][gc,reloc    ] GC(391) Small Pages: 964 / 1928M, Empty: 1770M, Relocated: 3M, In-Place: 0
[710.971s][info][gc,reloc    ] GC(391) Medium Pages: 0 / 0M, Empty: 0M, Relocated: 0M, In-Place: 0
[710.971s][info][gc,reloc    ] GC(391) Large Pages: 0 / 0M, Empty: 0M, Relocated: 0M, In-Place: 0
[710.971s][info][gc,reloc    ] GC(391) Forwarding Usage: 0M
[710.971s][info][gc,heap     ] GC(391) Min Capacity: 8192M(100%)
[710.971s][info][gc,heap     ] GC(391) Max Capacity: 8192M(100%)
[710.971s][info][gc,heap     ] GC(391) Soft Max Capacity: 8192M(100%)
[710.971s][info][gc,heap     ] GC(391)                Mark Start          Mark End        Relocate Start      Relocate End           High               Low         
[710.971s][info][gc,heap     ] GC(391)  Capacity:     8192M (100%)       8192M (100%)       8192M (100%)       8192M (100%)       8192M (100%)       8192M (100%)   
[710.971s][info][gc,heap     ] GC(391)      Free:     6264M (76%)        6240M (76%)        8002M (98%)        8008M (98%)        8008M (98%)        6232M (76%)    
[710.971s][info][gc,heap     ] GC(391)      Used:     1928M (24%)        1952M (24%)         190M (2%)          184M (2%)         1960M (24%)         184M (2%)     
[710.971s][info][gc,heap     ] GC(391)      Live:         -               132M (2%)          132M (2%)          132M (2%)             -                  -          
[710.971s][info][gc,heap     ] GC(391) Allocated:         -                24M (0%)           32M (0%)           32M (0%)             -                  -          
[710.971s][info][gc,heap     ] GC(391)   Garbage:         -              1795M (22%)          25M (0%)           19M (0%)             -                  -          
[710.971s][info][gc,heap     ] GC(391) Reclaimed:         -                  -              1770M (22%)        1776M (22%)            -                  -          
[710.971s][info][gc          ] GC(391) Garbage Collection (Proactive) 1928M(24%)->184M(2%)
[712.640s][info][gc,start    ] GC(392) Garbage Collection (Proactive)
[712.640s][info][gc,phases   ] GC(392) Pause Mark Start 0.004ms
[712.661s][info][gc,phases   ] GC(392) Concurrent Mark 21.308ms
[712.661s][info][gc,phases   ] GC(392) Pause Mark End 0.007ms
[712.662s][info][gc,phases   ] GC(392) Concurrent Process Non-Strong References 0.335ms
[712.662s][info][gc,phases   ] GC(392) Concurrent Reset Relocation Set 0.001ms
[712.664s][info][gc,phases   ] GC(392) Concurrent Select Relocation Set 2.276ms
[712.664s][info][gc,phases   ] GC(392) Pause Relocate Start 0.003ms
[712.664s][info][gc,phases   ] GC(392) Concurrent Relocate 0.376ms
[712.664s][info][gc,load     ] GC(392) Load: 3.23/3.74/3.68
[712.664s][info][gc,mmu      ] GC(392) MMU: 2ms/98.1%, 5ms/99.2%, 10ms/99.6%, 20ms/99.8%, 50ms/99.9%, 100ms/99.9%
[712.664s][info][gc,marking  ] GC(392) Mark: 2 stripe(s), 2 proactive flush(es), 1 terminate flush(es), 0 completion(s), 0 continuation(s) 
[712.664s][info][gc,nmethod  ] GC(392) NMethods: 484 registered, 0 unregistered
[712.664s][info][gc,metaspace] GC(392) Metaspace: 0M used, 0M committed, 1032M reserved
[712.664s][info][gc,ref      ] GC(392) Soft: 82 encountered, 0 discovered, 0 enqueued
[712.665s][info][gc,ref      ] GC(392) Weak: 200 encountered, 34 discovered, 0 enqueued
[712.665s][info][gc,ref      ] GC(392) Final: 0 encountered, 0 discovered, 0 enqueued
[712.665s][info][gc,ref      ] GC(392) Phantom: 5 encountered, 4 discovered, 0 enqueued
[712.665s][info][gc,reloc    ] GC(392) Small Pages: 964 / 1928M, Empty: 1770M, Relocated: 3M, In-Place: 0
[712.665s][info][gc,reloc    ] GC(392) Medium Pages: 0 / 0M, Empty: 0M, Relocated: 0M, In-Place: 0
[712.665s][info][gc,reloc    ] GC(392) Large Pages: 0 / 0M, Empty: 0M, Relocated: 0M, In-Place: 0
[712.665s][info][gc,reloc    ] GC(392) Forwarding Usage: 0M
[712.665s][info][gc,heap     ] GC(392) Min Capacity: 8192M(100%)
[712.665s][info][gc,heap     ] GC(392) Max Capacity: 8192M(100%)
[712.665s][info][gc,heap     ] GC(392) Soft Max Capacity: 8192M(100%)
[712.665s][info][gc,heap     ] GC(392)                Mark Start          Mark End        Relocate Start      Relocate End           High               Low         
[712.665s][info][gc,heap     ] GC(392)  Capacity:     8192M (100%)       8192M (100%)       8192M (100%)       8192M (100%)       8192M (100%)       8192M (100%)   
[712.665s][info][gc,heap     ] GC(392)      Free:     6264M (76%)        6240M (76%)        8010M (98%)        8016M (98%)        8016M (98%)        6240M (76%)    
[712.665s][info][gc,heap     ] GC(392)      Used:     1928M (24%)        1952M (24%)         182M (2%)          176M (2%)         1952M (24%)         176M (2%)     
[712.665s][info][gc,heap     ] GC(392)      Live:         -               132M (2%)          132M (2%)          132M (2%)             -                  -          
[712.665s][info][gc,heap     ] GC(392) Allocated:         -                24M (0%)           24M (0%)           24M (0%)             -                  -          
[712.665s][info][gc,heap     ] GC(392)   Garbage:         -              1795M (22%)          25M (0%)           19M (0%)             -                  -          
[712.665s][info][gc,heap     ] GC(392) Reclaimed:         -                  -              1770M (22%)        1776M (22%)            -                  -          
[712.665s][info][gc          ] GC(392) Garbage Collection (Proactive) 1928M(24%)->176M(2%)
[714.440s][info][gc,start    ] GC(393) Garbage Collection (Proactive)
[714.440s][info][gc,phases   ] GC(393) Pause Mark Start 0.005ms
[714.463s][info][gc,phases   ] GC(393) Concurrent Mark 22.422ms
[714.463s][info][gc,phases   ] GC(393) Pause Mark End 0.009ms
[714.463s][info][gc,phases   ] GC(393) Concurrent Process Non-Strong References 0.397ms
[714.463s][info][gc,phases   ] GC(393) Concurrent Reset Relocation Set 0.001ms
[714.466s][info][gc,phases   ] GC(393) Concurrent Select Relocation Set 2.751ms
[714.466s][info][gc,phases   ] GC(393) Pause Relocate Start 0.004ms
[714.467s][info][gc,phases   ] GC(393) Concurrent Relocate 0.597ms
[714.467s][info][gc,load     ] GC(393) Load: 3.23/3.74/3.68
[714.467s][info][gc,mmu      ] GC(393) MMU: 2ms/98.1%, 5ms/99.2%, 10ms/99.6%, 20ms/99.8%, 50ms/99.9%, 100ms/99.9%
[714.467s][info][gc,marking  ] GC(393) Mark: 2 stripe(s), 2 proactive flush(es), 1 terminate flush(es), 0 completion(s), 0 continuation(s) 
[714.467s][info][gc,nmethod  ] GC(393) NMethods: 484 registered, 0 unregistered
[714.467s][info][gc,metaspace] GC(393) Metaspace: 0M used, 0M committed, 1032M reserved
[714.467s][info][gc,ref      ] GC(393) Soft: 82 encountered, 0 discovered, 0 enqueued
[714.467s][info][gc,ref      ] GC(393) Weak: 200 encountered, 27 discovered, 0 enqueued
[714.467s][info][gc,ref      ] GC(393) Final: 0 encountered, 0 discovered, 0 enqueued
[714.467s][info][gc,ref      ] GC(393) Phantom: 5 encountered, 3 discovered, 0 enqueued
[714.467s][info][gc,reloc    ] GC(393) Small Pages: 1016 / 2032M, Empty: 1874M, Relocated: 3M, In-Place: 0
[714.467s][info][gc,reloc    ] GC(393) Medium Pages: 0 / 0M, Empty: 0M, Relocated: 0M, In-Place: 0
[714.467s][info][gc,reloc    ] GC(393) Large Pages: 0 / 0M, Empty: 0M, Relocated: 0M, In-Place: 0
[714.467s][info][gc,reloc    ] GC(393) Forwarding Usage: 0M
[714.467s][info][gc,heap     ] GC(393) Min Capacity: 8192M(100%)
[714.467s][info][gc,heap     ] GC(393) Max Capacity: 8192M(100%)
[714.467s][info][gc,heap     ] GC(393) Soft Max Capacity: 8192M(100%)
[714.467s][info][gc,heap     ] GC(393)                Mark Start          Mark End        Relocate Start      Relocate End           High               Low         
[714.467s][info][gc,heap     ] GC(393)  Capacity:     8192M (100%)       8192M (100%)       8192M (100%)       8192M (100%)       8192M (100%)       8192M (100%)   
[714.467s][info][gc,heap     ] GC(393)      Free:     6160M (75%)        6136M (75%)        8008M (98%)        8010M (98%)        8010M (98%)        6136M (75%)    
[714.467s][info][gc,heap     ] GC(393)      Used:     2032M (25%)        2056M (25%)         184M (2%)          182M (2%)         2056M (25%)         182M (2%)     
[714.467s][info][gc,heap     ] GC(393)      Live:         -               132M (2%)          132M (2%)          132M (2%)             -                  -          
[714.467s][info][gc,heap     ] GC(393) Allocated:         -                24M (0%)           26M (0%)           30M (0%)             -                  -          
[714.467s][info][gc,heap     ] GC(393)   Garbage:         -              1899M (23%)          25M (0%)           19M (0%)             -                  -          
[714.467s][info][gc,heap     ] GC(393) Reclaimed:         -                  -              1874M (23%)        1880M (23%)            -                  -          
[714.467s][info][gc          ] GC(393) Garbage Collection (Proactive) 2032M(25%)->182M(2%)
[716.039s][info][gc,start    ] GC(394) Garbage Collection (Proactive)
[716.040s][info][gc,phases   ] GC(394) Pause Mark Start 0.004ms
[716.061s][info][gc,phases   ] GC(394) Concurrent Mark 21.241ms
[716.061s][info][gc,phases   ] GC(394) Pause Mark End 0.009ms
[716.061s][info][gc,phases   ] GC(394) Concurrent Process Non-Strong References 0.460ms
[716.062s][info][gc,phases   ] GC(394) Concurrent Reset Relocation Set 0.002ms
[716.064s][info][gc,phases   ] GC(394) Concurrent Select Relocation Set 2.751ms
[716.064s][info][gc,phases   ] GC(394) Pause Relocate Start 0.005ms
[716.065s][info][gc,phases   ] GC(394) Concurrent Relocate 0.407ms
[716.065s][info][gc,load     ] GC(394) Load: 3.23/3.74/3.68
[716.065s][info][gc,mmu      ] GC(394) MMU: 2ms/98.1%, 5ms/99.2%, 10ms/99.6%, 20ms/99.8%, 50ms/99.9%, 100ms/99.9%
[716.065s][info][gc,marking  ] GC(394) Mark: 2 stripe(s), 2 proactive flush(es), 1 terminate flush(es), 0 completion(s), 0 continuation(s) 
[716.065s][info][gc,nmethod  ] GC(394) NMethods: 484 registered, 0 unregistered
[716.065s][info][gc,metaspace] GC(394) Metaspace: 0M used, 0M committed, 1032M reserved
[716.065s][info][gc,ref      ] GC(394) Soft: 82 encountered, 0 discovered, 0 enqueued
[716.065s][info][gc,ref      ] GC(394) Weak: 200 encountered, 62 discovered, 0 enqueued
[716.065s][info][gc,ref      ] GC(394) Final: 0 encountered, 0 discovered, 0 enqueued
[716.065s][info][gc,ref      ] GC(394) Phantom: 5 encountered, 5 discovered, 0 enqueued
[716.065s][info][gc,reloc    ] GC(394) Small Pages: 912 / 1824M, Empty: 1666M, Relocated: 2M, In-Place: 0
[716.065s][info][gc,reloc    ] GC(394) Medium Pages: 0 / 0M, Empty: 0M, Relocated: 0M, In-Place: 0
[716.065s][info][gc,reloc    ] GC(394) Large Pages: 0 / 0M, Empty: 0M, Relocated: 0M, In-Place: 0
[716.065s][info][gc,reloc    ] GC(394) Forwarding Usage: 0M
[716.065s][info][gc,heap     ] GC(394) Min Capacity: 8192M(100%)
[716.065s][info][gc,heap     ] GC(394) Max Capacity: 8192M(100%)
[716.065s][info][gc,heap     ] GC(394) Soft Max Capacity: 8192M(100%)
[716.065s][info][gc,heap     ] GC(394)                Mark Start          Mark End        Relocate Start      Relocate End           High               Low         
[716.065s][info][gc,heap     ] GC(394)  Capacity:     8192M (100%)       8192M (100%)       8192M (100%)       8192M (100%)       8192M (100%)       8192M (100%)   
[716.065s][info][gc,heap     ] GC(394)      Free:     6368M (78%)        6344M (77%)        8010M (98%)        8016M (98%)        8016M (98%)        6344M (77%)    
[716.065s][info][gc,heap     ] GC(394)      Used:     1824M (22%)        1848M (23%)         182M (2%)          176M (2%)         1848M (23%)         176M (2%)     
[716.065s][info][gc,heap     ] GC(394)      Live:         -               132M (2%)          132M (2%)          132M (2%)             -                  -          
[716.065s][info][gc,heap     ] GC(394) Allocated:         -                24M (0%)           24M (0%)           24M (0%)             -                  -          
[716.065s][info][gc,heap     ] GC(394)   Garbage:         -              1691M (21%)          25M (0%)           19M (0%)             -                  -          
[716.065s][info][gc,heap     ] GC(394) Reclaimed:         -                  -              1666M (20%)        1672M (20%)            -                  -          
[716.065s][info][gc          ] GC(394) Garbage Collection (Proactive) 1824M(22%)->176M(2%)
[717.540s][info][gc,start    ] GC(395) Garbage Collection (Proactive)
[717.540s][info][gc,phases   ] GC(395) Pause Mark Start 0.005ms
[717.563s][info][gc,phases   ] GC(395) Concurrent Mark 22.622ms
[717.563s][info][gc,phases   ] GC(395) Pause Mark End 0.008ms
[717.564s][info][gc,phases   ] GC(395) Concurrent Process Non-Strong References 0.394ms
[717.564s][info][gc,phases   ] GC(395) Concurrent Reset Relocation Set 0.001ms
[717.566s][info][gc,phases   ] GC(395) Concurrent Select Relocation Set 2.705ms
[717.566s][info][gc,phases   ] GC(395) Pause Relocate Start 0.003ms
[717.567s][info][gc,phases   ] GC(395) Concurrent Relocate 0.477ms
[717.567s][info][gc,load     ] GC(395) Load: 3.05/3.70/3.66
[717.567s][info][gc,mmu      ] GC(395) MMU: 2ms/98.1%, 5ms/99.2%, 10ms/99.6%, 20ms/99.8%, 50ms/99.9%, 100ms/99.9%
[717.567s][info][gc,marking  ] GC(395) Mark: 2 stripe(s), 2 proactive flush(es), 1 terminate flush(es), 0 completion(s), 0 continuation(s) 
[717.567s][info][gc,nmethod  ] GC(395) NMethods: 484 registered, 0 unregistered
[717.567s][info][gc,metaspace] GC(395) Metaspace: 0M used, 0M committed, 1032M reserved
[717.567s][info][gc,ref      ] GC(395) Soft: 82 encountered, 0 discovered, 0 enqueued
[717.567s][info][gc,ref      ] GC(395) Weak: 200 encountered, 63 discovered, 0 enqueued
[717.567s][info][gc,ref      ] GC(395) Final: 0 encountered, 0 discovered, 0 enqueued
[717.567s][info][gc,ref      ] GC(395) Phantom: 5 encountered, 4 discovered, 0 enqueued
[717.567s][info][gc,reloc    ] GC(395) Small Pages: 860 / 1720M, Empty: 1562M, Relocated: 2M, In-Place: 0
[717.567s][info][gc,reloc    ] GC(395) Medium Pages: 0 / 0M, Empty: 0M, Relocated: 0M, In-Place: 0
[717.567s][info][gc,reloc    ] GC(395) Large Pages: 0 / 0M, Empty: 0M, Relocated: 0M, In-Place: 0
[717.567s][info][gc,reloc    ] GC(395) Forwarding Usage: 0M
[717.567s][info][gc,heap     ] GC(395) Min Capacity: 8192M(100%)
[717.567s][info][gc,heap     ] GC(395) Max Capacity: 8192M(100%)
[717.567s][info][gc,heap     ] GC(395) Soft Max Capacity: 8192M(100%)
[717.567s][info][gc,heap     ] GC(395)                Mark Start          Mark End        Relocate Start      Relocate End           High               Low         
[717.567s][info][gc,heap     ] GC(395)  Capacity:     8192M (100%)       8192M (100%)       8192M (100%)       8192M (100%)       8192M (100%)       8192M (100%)   
[717.567s][info][gc,heap     ] GC(395)      Free:     6472M (79%)        6448M (79%)        8004M (98%)        8008M (98%)        8008M (98%)        6448M (79%)    
[717.567s][info][gc,heap     ] GC(395)      Used:     1720M (21%)        1744M (21%)         188M (2%)          184M (2%)         1744M (21%)         184M (2%)     
[717.567s][info][gc,heap     ] GC(395)      Live:         -               132M (2%)          132M (2%)          132M (2%)             -                  -          
[717.567s][info][gc,heap     ] GC(395) Allocated:         -                24M (0%)           30M (0%)           32M (0%)             -                  -          
[717.567s][info][gc,heap     ] GC(395)   Garbage:         -              1587M (19%)          25M (0%)           19M (0%)             -                  -          
[717.567s][info][gc,heap     ] GC(395) Reclaimed:         -                  -              1562M (19%)        1568M (19%)            -                  -          
[717.567s][info][gc          ] GC(395) Garbage Collection (Proactive) 1720M(21%)->184M(2%)
[719.039s][info][gc,start    ] GC(396) Garbage Collection (Proactive)
[719.040s][info][gc,phases   ] GC(396) Pause Mark Start 0.006ms
[719.064s][info][gc,phases   ] GC(396) Concurrent Mark 23.879ms
[719.064s][info][gc,phases   ] GC(396) Pause Mark End 0.010ms
[719.064s][info][gc,phases   ] GC(396) Concurrent Process Non-Strong References 0.446ms
[719.064s][info][gc,phases   ] GC(396) Concurrent Reset Relocation Set 0.001ms
[719.067s][info][gc,phases   ] GC(396) Concurrent Select Relocation Set 2.858ms
[719.067s][info][gc,phases   ] GC(396) Pause Relocate Start 0.004ms
[719.068s][info][gc,phases   ] GC(396) Concurrent Relocate 0.459ms
[719.068s][info][gc,load     ] GC(396) Load: 3.05/3.70/3.66
[719.068s][info][gc,mmu      ] GC(396) MMU: 2ms/98.1%, 5ms/99.2%, 10ms/99.6%, 20ms/99.8%, 50ms/99.9%, 100ms/99.9%
[719.068s][info][gc,marking  ] GC(396) Mark: 2 stripe(s), 2 proactive flush(es), 1 terminate flush(es), 0 completion(s), 0 continuation(s) 
[719.068s][info][gc,nmethod  ] GC(396) NMethods: 484 registered, 0 unregistered
[719.068s][info][gc,metaspace] GC(396) Metaspace: 0M used, 0M committed, 1032M reserved
[719.068s][info][gc,ref      ] GC(396) Soft: 82 encountered, 0 discovered, 0 enqueued
[719.068s][info][gc,ref      ] GC(396) Weak: 200 encountered, 24 discovered, 0 enqueued
[719.068s][info][gc,ref      ] GC(396) Final: 0 encountered, 0 discovered, 0 enqueued
[719.068s][info][gc,ref      ] GC(396) Phantom: 5 encountered, 3 discovered, 0 enqueued
[719.068s][info][gc,reloc    ] GC(396) Small Pages: 860 / 1720M, Empty: 1562M, Relocated: 2M, In-Place: 0
[719.068s][info][gc,reloc    ] GC(396) Medium Pages: 0 / 0M, Empty: 0M, Relocated: 0M, In-Place: 0
[719.068s][info][gc,reloc    ] GC(396) Large Pages: 0 / 0M, Empty: 0M, Relocated: 0M, In-Place: 0
[719.068s][info][gc,reloc    ] GC(396) Forwarding Usage: 0M
[719.068s][info][gc,heap     ] GC(396) Min Capacity: 8192M(100%)
[719.068s][info][gc,heap     ] GC(396) Max Capacity: 8192M(100%)
[719.068s][info][gc,heap     ] GC(396) Soft Max Capacity: 8192M(100%)
[719.068s][info][gc,heap     ] GC(396)                Mark Start          Mark End        Relocate Start      Relocate End           High               Low         
[719.068s][info][gc,heap     ] GC(396)  Capacity:     8192M (100%)       8192M (100%)       8192M (100%)       8192M (100%)       8192M (100%)       8192M (100%)   
[719.068s][info][gc,heap     ] GC(396)      Free:     6472M (79%)        6448M (79%)        8002M (98%)        8008M (98%)        8008M (98%)        6448M (79%)    
[719.068s][info][gc,heap     ] GC(396)      Used:     1720M (21%)        1744M (21%)         190M (2%)          184M (2%)         1744M (21%)         184M (2%)     
[719.068s][info][gc,heap     ] GC(396)      Live:         -               132M (2%)          132M (2%)          132M (2%)             -                  -          
[719.068s][info][gc,heap     ] GC(396) Allocated:         -                24M (0%)           32M (0%)           32M (0%)             -                  -          
[719.068s][info][gc,heap     ] GC(396)   Garbage:         -              1587M (19%)          25M (0%)           19M (0%)             -                  -          
[719.068s][info][gc,heap     ] GC(396) Reclaimed:         -                  -              1562M (19%)        1568M (19%)            -                  -          
[719.068s][info][gc          ] GC(396) Garbage Collection (Proactive) 1720M(21%)->184M(2%)
[720.040s][info][gc,stats    ] === Garbage Collection Statistics =======================================================================================================================
[720.040s][info][gc,stats    ]                                                              Last 10s              Last 10m              Last 10h                Total
[720.040s][info][gc,stats    ]                                                              Avg / Max             Avg / Max             Avg / Max             Avg / Max
[720.040s][info][gc,stats    ]   Collector: Garbage Collection Cycle                     27.149 / 30.809       28.739 / 44.621       29.768 / 95.920       29.768 / 95.920      ms
[720.040s][info][gc,stats    ]  Contention: Mark Segment Reset Contention                     0 / 0                 0 / 4                 0 / 4                 0 / 4           ops/s
[720.040s][info][gc,stats    ]  Contention: Mark SeqNum Reset Contention                      0 / 0                 0 / 1                 0 / 1                 0 / 1           ops/s
[720.040s][info][gc,stats    ]    Critical: Allocation Stall                                  0 / 0                 0 / 0                 0 / 0                 0 / 0           ops/s
[720.040s][info][gc,stats    ]    Critical: Allocation Stall                              0.000 / 0.000         0.000 / 0.000         0.000 / 0.000         0.000 / 0.000       ms
[720.040s][info][gc,stats    ]    Critical: GC Locker Stall                                   0 / 0                 0 / 0                 0 / 0                 0 / 0           ops/s
[720.040s][info][gc,stats    ]    Critical: GC Locker Stall                               0.000 / 0.000         0.000 / 0.000         0.000 / 0.000         0.000 / 0.000       ms
[720.040s][info][gc,stats    ]    Critical: Relocation Stall                                  0 / 0                 0 / 0                 0 / 0                 0 / 0           ops/s
[720.040s][info][gc,stats    ]    Critical: Relocation Stall                              0.000 / 0.000         0.000 / 0.000         0.000 / 0.000         0.000 / 0.000       ms
[720.040s][info][gc,stats    ]      Memory: Allocation Rate                                1044 / 1048           1044 / 1052           1056 / 9212           1056 / 9212        MB/s
[720.040s][info][gc,stats    ]      Memory: Out Of Memory                                     0 / 0                 0 / 0                 0 / 0                 0 / 0           ops/s
[720.040s][info][gc,stats    ]      Memory: Page Cache Flush                                  0 / 0                 0 / 0                 0 / 0                 0 / 0           MB/s
[720.040s][info][gc,stats    ]      Memory: Page Cache Hit L1                               523 / 526             524 / 533             521 / 533             521 / 533         ops/s
[720.040s][info][gc,stats    ]      Memory: Page Cache Hit L2                                 0 / 0                 0 / 0                 0 / 0                 0 / 0           ops/s
[720.040s][info][gc,stats    ]      Memory: Page Cache Hit L3                                 0 / 0                 0 / 61                2 / 486               2 / 486         ops/s
[720.040s][info][gc,stats    ]      Memory: Page Cache Miss                                   0 / 0                 0 / 0                 0 / 1                 0 / 1           ops/s
[720.040s][info][gc,stats    ]      Memory: Uncommit                                          0 / 0                 0 / 0                 0 / 0                 0 / 0           MB/s
[720.040s][info][gc,stats    ]      Memory: Undo Object Allocation Failed                     0 / 0                 0 / 0                 0 / 0                 0 / 0           ops/s
[720.040s][info][gc,stats    ]      Memory: Undo Object Allocation Succeeded                  0 / 0                 0 / 6                 0 / 6                 0 / 6           ops/s
[720.040s][info][gc,stats    ]      Memory: Undo Page Allocation                              0 / 0                 0 / 1                 0 / 1                 0 / 1           ops/s
[720.040s][info][gc,stats    ]       Phase: Concurrent Mark                              22.941 / 26.173       24.126 / 40.571       25.015 / 65.214       25.015 / 65.214      ms
[720.040s][info][gc,stats    ]       Phase: Concurrent Mark Continue                      0.000 / 0.000         0.000 / 0.000         0.000 / 0.000         0.000 / 0.000       ms
[720.040s][info][gc,stats    ]       Phase: Concurrent Process Non-Strong References      0.419 / 0.483         0.440 / 0.769         0.445 / 0.911         0.445 / 0.911       ms
[720.040s][info][gc,stats    ]       Phase: Concurrent Relocate                           0.463 / 0.597         0.726 / 2.004         0.828 / 16.651        0.828 / 16.651      ms
[720.040s][info][gc,stats    ]       Phase: Concurrent Reset Relocation Set               0.001 / 0.002         0.002 / 0.018         0.002 / 0.098         0.002 / 0.098       ms
[720.040s][info][gc,stats    ]       Phase: Concurrent Select Relocation Set              2.710 / 2.920         2.808 / 4.147         2.846 / 12.567        2.846 / 12.567      ms
[720.040s][info][gc,stats    ]       Phase: Pause Mark End                                0.009 / 0.010         0.009 / 0.025         0.009 / 0.025         0.009 / 0.025       ms
[720.040s][info][gc,stats    ]       Phase: Pause Mark Start                              0.005 / 0.007         0.006 / 0.039         0.006 / 0.039         0.006 / 0.039       ms
[720.040s][info][gc,stats    ]       Phase: Pause Relocate Start                          0.004 / 0.005         0.004 / 0.015         0.004 / 0.026         0.004 / 0.026       ms
[720.040s][info][gc,stats    ]    Subphase: Concurrent Classes Purge                      0.027 / 0.041         0.029 / 0.087         0.029 / 0.102         0.029 / 0.102       ms
[720.040s][info][gc,stats    ]    Subphase: Concurrent Classes Unlink                     0.279 / 0.310         0.289 / 0.468         0.291 / 0.571         0.291 / 0.571       ms
[720.040s][info][gc,stats    ]    Subphase: Concurrent Mark                              22.166 / 25.765       23.321 / 40.181       24.222 / 64.907       24.222 / 64.907      ms
[720.040s][info][gc,stats    ]    Subphase: Concurrent Mark Idle                          1.149 / 1.310         1.190 / 1.355         1.187 / 1.355         1.187 / 1.355       ms
[720.040s][info][gc,stats    ]    Subphase: Concurrent Mark Try Flush                     0.026 / 0.040         0.032 / 0.135         0.033 / 0.135         0.033 / 0.135       ms
[720.040s][info][gc,stats    ]    Subphase: Concurrent Mark Try Terminate                 0.431 / 1.311         0.430 / 1.361         0.433 / 1.361         0.433 / 1.361       ms
[720.040s][info][gc,stats    ]    Subphase: Concurrent References Enqueue                 0.000 / 0.000         0.000 / 0.008         0.000 / 0.008         0.000 / 0.008       ms
[720.040s][info][gc,stats    ]    Subphase: Concurrent References Process                 0.018 / 0.021         0.023 / 0.058         0.024 / 0.095         0.024 / 0.095       ms
[720.040s][info][gc,stats    ]    Subphase: Concurrent Roots ClassLoaderDataGraph         0.016 / 0.042         0.017 / 0.089         0.017 / 0.132         0.017 / 0.132       ms
[720.040s][info][gc,stats    ]    Subphase: Concurrent Roots CodeCache                    0.000 / 0.000         0.000 / 0.000         0.000 / 0.000         0.000 / 0.000       ms
[720.041s][info][gc,stats    ]    Subphase: Concurrent Roots JavaThreads                  0.203 / 0.315         0.212 / 0.485         0.209 / 0.485         0.209 / 0.485       ms
[720.041s][info][gc,stats    ]    Subphase: Concurrent Roots OopStorageSet                0.004 / 0.006         0.004 / 0.041         0.004 / 0.041         0.004 / 0.041       ms
[720.041s][info][gc,stats    ]    Subphase: Concurrent Weak Roots OopStorageSet           0.036 / 0.043         0.037 / 0.060         0.037 / 0.120         0.037 / 0.120       ms
[720.041s][info][gc,stats    ]    Subphase: Pause Mark Try Complete                       0.000 / 0.000         0.000 / 0.000         0.000 / 0.000         0.000 / 0.000       ms
[720.041s][info][gc,stats    ]      System: Java Threads                                     16 / 16               16 / 16               16 / 20               16 / 20          threads
[720.041s][info][gc,stats    ] =========================================================================================================================================================
[720.640s][info][gc,start    ] GC(397) Garbage Collection (Proactive)
[720.640s][info][gc,phases   ] GC(397) Pause Mark Start 0.005ms
[720.661s][info][gc,phases   ] GC(397) Concurrent Mark 21.170ms
[720.661s][info][gc,phases   ] GC(397) Pause Mark End 0.008ms
[720.661s][info][gc,phases   ] GC(397) Concurrent Process Non-Strong References 0.365ms
[720.661s][info][gc,phases   ] GC(397) Concurrent Reset Relocation Set 0.001ms
[720.664s][info][gc,phases   ] GC(397) Concurrent Select Relocation Set 2.357ms
[720.664s][info][gc,phases   ] GC(397) Pause Relocate Start 0.003ms
[720.664s][info][gc,phases   ] GC(397) Concurrent Relocate 0.398ms
[720.664s][info][gc,load     ] GC(397) Load: 3.05/3.70/3.66
[720.664s][info][gc,mmu      ] GC(397) MMU: 2ms/98.1%, 5ms/99.2%, 10ms/99.6%, 20ms/99.8%, 50ms/99.9%, 100ms/99.9%
[720.664s][info][gc,marking  ] GC(397) Mark: 2 stripe(s), 2 proactive flush(es), 1 terminate flush(es), 0 completion(s), 0 continuation(s) 
[720.664s][info][gc,nmethod  ] GC(397) NMethods: 484 registered, 0 unregistered
[720.664s][info][gc,metaspace] GC(397) Metaspace: 0M used, 0M committed, 1032M reserved
[720.664s][info][gc,ref      ] GC(397) Soft: 82 encountered, 0 discovered, 0 enqueued
[720.664s][info][gc,ref      ] GC(397) Weak: 200 encountered, 83 discovered, 0 enqueued
[720.664s][info][gc,ref      ] GC(397) Final: 0 encountered, 0 discovered, 0 enqueued
[720.664s][info][gc,ref      ] GC(397) Phantom: 5 encountered, 5 discovered, 0 enqueued
[720.664s][info][gc,reloc    ] GC(397) Small Pages: 913 / 1826M, Empty: 1664M, Relocated: 2M, In-Place: 0
[720.664s][info][gc,reloc    ] GC(397) Medium Pages: 0 / 0M, Empty: 0M, Relocated: 0M, In-Place: 0
[720.664s][info][gc,reloc    ] GC(397) Large Pages: 0 / 0M, Empty: 0M, Relocated: 0M, In-Place: 0
[720.664s][info][gc,reloc    ] GC(397) Forwarding Usage: 0M
[720.664s][info][gc,heap     ] GC(397) Min Capacity: 8192M(100%)
[720.664s][info][gc,heap     ] GC(397) Max Capacity: 8192M(100%)
[720.665s][info][gc,heap     ] GC(397) Soft Max Capacity: 8192M(100%)
[720.665s][info][gc,heap     ] GC(397)                Mark Start          Mark End        Relocate Start      Relocate End           High               Low         
[720.665s][info][gc,heap     ] GC(397)  Capacity:     8192M (100%)       8192M (100%)       8192M (100%)       8192M (100%)       8192M (100%)       8192M (100%)   
[720.665s][info][gc,heap     ] GC(397)      Free:     6366M (78%)        6340M (77%)        8004M (98%)        8014M (98%)        8014M (98%)        6340M (77%)    
[720.665s][info][gc,heap     ] GC(397)      Used:     1826M (22%)        1852M (23%)         188M (2%)          178M (2%)         1852M (23%)         178M (2%)     
[720.665s][info][gc,heap     ] GC(397)      Live:         -               132M (2%)          132M (2%)          132M (2%)             -                  -          
[720.665s][info][gc,heap     ] GC(397) Allocated:         -                26M (0%)           26M (0%)           26M (0%)             -                  -          
[720.665s][info][gc,heap     ] GC(397)   Garbage:         -              1693M (21%)          29M (0%)           19M (0%)             -                  -          
[720.665s][info][gc,heap     ] GC(397) Reclaimed:         -                  -              1664M (20%)        1674M (20%)            -                  -          
[720.665s][info][gc          ] GC(397) Garbage Collection (Proactive) 1826M(22%)->178M(2%)
[722.241s][info][gc,start    ] GC(398) Garbage Collection (Proactive)
[722.241s][info][gc,phases   ] GC(398) Pause Mark Start 0.005ms
[722.261s][info][gc,phases   ] GC(398) Concurrent Mark 20.643ms
[722.261s][info][gc,phases   ] GC(398) Pause Mark End 0.008ms
[722.262s][info][gc,phases   ] GC(398) Concurrent Process Non-Strong References 0.364ms
[722.262s][info][gc,phases   ] GC(398) Concurrent Reset Relocation Set 0.001ms
[722.265s][info][gc,phases   ] GC(398) Concurrent Select Relocation Set 2.635ms
[722.265s][info][gc,phases   ] GC(398) Pause Relocate Start 0.003ms
[722.265s][info][gc,phases   ] GC(398) Concurrent Relocate 0.493ms
[722.265s][info][gc,load     ] GC(398) Load: 2.97/3.67/3.65
[722.265s][info][gc,mmu      ] GC(398) MMU: 2ms/98.1%, 5ms/99.2%, 10ms/99.6%, 20ms/99.8%, 50ms/99.9%, 100ms/99.9%
[722.265s][info][gc,marking  ] GC(398) Mark: 2 stripe(s), 2 proactive flush(es), 1 terminate flush(es), 0 completion(s), 0 continuation(s) 
[722.265s][info][gc,nmethod  ] GC(398) NMethods: 484 registered, 0 unregistered
[722.265s][info][gc,metaspace] GC(398) Metaspace: 0M used, 0M committed, 1032M reserved
[722.265s][info][gc,ref      ] GC(398) Soft: 82 encountered, 0 discovered, 0 enqueued
[722.265s][info][gc,ref      ] GC(398) Weak: 200 encountered, 50 discovered, 0 enqueued
[722.265s][info][gc,ref      ] GC(398) Final: 0 encountered, 0 discovered, 0 enqueued
[722.265s][info][gc,ref      ] GC(398) Phantom: 5 encountered, 5 discovered, 0 enqueued
[722.265s][info][gc,reloc    ] GC(398) Small Pages: 913 / 1826M, Empty: 1654M, Relocated: 3M, In-Place: 0
[722.265s][info][gc,reloc    ] GC(398) Medium Pages: 0 / 0M, Empty: 0M, Relocated: 0M, In-Place: 0
[722.265s][info][gc,reloc    ] GC(398) Large Pages: 0 / 0M, Empty: 0M, Relocated: 0M, In-Place: 0
[722.265s][info][gc,reloc    ] GC(398) Forwarding Usage: 0M
[722.265s][info][gc,heap     ] GC(398) Min Capacity: 8192M(100%)
[722.265s][info][gc,heap     ] GC(398) Max Capacity: 8192M(100%)
[722.265s][info][gc,heap     ] GC(398) Soft Max Capacity: 8192M(100%)
[722.265s][info][gc,heap     ] GC(398)                Mark Start          Mark End        Relocate Start      Relocate End           High               Low         
[722.265s][info][gc,heap     ] GC(398)  Capacity:     8192M (100%)       8192M (100%)       8192M (100%)       8192M (100%)       8192M (100%)       8192M (100%)   
[722.265s][info][gc,heap     ] GC(398)      Free:     6366M (78%)        6340M (77%)        7994M (98%)        8014M (98%)        8014M (98%)        6340M (77%)    
[722.265s][info][gc,heap     ] GC(398)      Used:     1826M (22%)        1852M (23%)         198M (2%)          178M (2%)         1852M (23%)         178M (2%)     
[722.265s][info][gc,heap     ] GC(398)      Live:         -               132M (2%)          132M (2%)          132M (2%)             -                  -          
[722.265s][info][gc,heap     ] GC(398) Allocated:         -                26M (0%)           26M (0%)           26M (0%)             -                  -          
[722.265s][info][gc,heap     ] GC(398)   Garbage:         -              1693M (21%)          39M (0%)           19M (0%)             -                  -          
[722.265s][info][gc,heap     ] GC(398) Reclaimed:         -                  -              1654M (20%)        1674M (20%)            -                  -          
[722.265s][info][gc          ] GC(398) Garbage Collection (Proactive) 1826M(22%)->178M(2%)
[723.639s][info][gc,start    ] GC(399) Garbage Collection (Proactive)
[723.640s][info][gc,phases   ] GC(399) Pause Mark Start 0.006ms
[723.664s][info][gc,phases   ] GC(399) Concurrent Mark 24.755ms
[723.665s][info][gc,phases   ] GC(399) Pause Mark End 0.009ms
[723.665s][info][gc,phases   ] GC(399) Concurrent Process Non-Strong References 0.444ms
[723.665s][info][gc,phases   ] GC(399) Concurrent Reset Relocation Set 0.002ms
[723.668s][info][gc,phases   ] GC(399) Concurrent Select Relocation Set 2.926ms
[723.668s][info][gc,phases   ] GC(399) Pause Relocate Start 0.005ms
[723.669s][info][gc,phases   ] GC(399) Concurrent Relocate 1.128ms
[723.669s][info][gc,load     ] GC(399) Load: 2.97/3.67/3.65
[723.669s][info][gc,mmu      ] GC(399) MMU: 2ms/98.1%, 5ms/99.2%, 10ms/99.6%, 20ms/99.8%, 50ms/99.9%, 100ms/99.9%
[723.669s][info][gc,marking  ] GC(399) Mark: 2 stripe(s), 2 proactive flush(es), 1 terminate flush(es), 0 completion(s), 0 continuation(s) 
[723.669s][info][gc,nmethod  ] GC(399) NMethods: 484 registered, 0 unregistered
[723.669s][info][gc,metaspace] GC(399) Metaspace: 0M used, 0M committed, 1032M reserved
[723.669s][info][gc,ref      ] GC(399) Soft: 82 encountered, 0 discovered, 0 enqueued
[723.669s][info][gc,ref      ] GC(399) Weak: 200 encountered, 55 discovered, 0 enqueued
[723.669s][info][gc,ref      ] GC(399) Final: 0 encountered, 0 discovered, 0 enqueued
[723.669s][info][gc,ref      ] GC(399) Phantom: 5 encountered, 3 discovered, 0 enqueued
[723.669s][info][gc,reloc    ] GC(399) Small Pages: 809 / 1618M, Empty: 1406M, Relocated: 6M, In-Place: 0
[723.670s][info][gc,reloc    ] GC(399) Medium Pages: 0 / 0M, Empty: 0M, Relocated: 0M, In-Place: 0
[723.670s][info][gc,reloc    ] GC(399) Large Pages: 0 / 0M, Empty: 0M, Relocated: 0M, In-Place: 0
[723.670s][info][gc,reloc    ] GC(399) Forwarding Usage: 0M
[723.670s][info][gc,heap     ] GC(399) Min Capacity: 8192M(100%)
[723.670s][info][gc,heap     ] GC(399) Max Capacity: 8192M(100%)
[723.670s][info][gc,heap     ] GC(399) Soft Max Capacity: 8192M(100%)
[723.670s][info][gc,heap     ] GC(399)                Mark Start          Mark End        Relocate Start      Relocate End           High               Low         
[723.670s][info][gc,heap     ] GC(399)  Capacity:     8192M (100%)       8192M (100%)       8192M (100%)       8192M (100%)       8192M (100%)       8192M (100%)   
[723.670s][info][gc,heap     ] GC(399)      Free:     6574M (80%)        6550M (80%)        7948M (97%)        8006M (98%)        8006M (98%)        6550M (80%)    
[723.670s][info][gc,heap     ] GC(399)      Used:     1618M (20%)        1642M (20%)         244M (3%)          186M (2%)         1642M (20%)         186M (2%)     
[723.670s][info][gc,heap     ] GC(399)      Live:         -               132M (2%)          132M (2%)          132M (2%)             -                  -          
[723.670s][info][gc,heap     ] GC(399) Allocated:         -                24M (0%)           32M (0%)           34M (0%)             -                  -          
[723.670s][info][gc,heap     ] GC(399)   Garbage:         -              1485M (18%)          79M (1%)           19M (0%)             -                  -          
[723.670s][info][gc,heap     ] GC(399) Reclaimed:         -                  -              1406M (17%)        1466M (18%)            -                  -          
[723.670s][info][gc          ] GC(399) Garbage Collection (Proactive) 1618M(20%)->186M(2%)
[725.439s][info][gc,start    ] GC(400) Garbage Collection (Proactive)
[725.439s][info][gc,phases   ] GC(400) Pause Mark Start 0.012ms
[725.464s][info][gc,phases   ] GC(400) Concurrent Mark 24.359ms
[725.464s][info][gc,phases   ] GC(400) Pause Mark End 0.008ms
[725.464s][info][gc,phases   ] GC(400) Concurrent Process Non-Strong References 0.384ms
[725.464s][info][gc,phases   ] GC(400) Concurrent Reset Relocation Set 0.003ms
[725.467s][info][gc,phases   ] GC(400) Concurrent Select Relocation Set 2.838ms
[725.467s][info][gc,phases   ] GC(400) Pause Relocate Start 0.003ms
[725.469s][info][gc,phases   ] GC(400) Concurrent Relocate 1.176ms
[725.469s][info][gc,load     ] GC(400) Load: 2.97/3.67/3.65
[725.469s][info][gc,mmu      ] GC(400) MMU: 2ms/98.1%, 5ms/99.2%, 10ms/99.6%, 20ms/99.8%, 50ms/99.9%, 100ms/99.9%
[725.469s][info][gc,marking  ] GC(400) Mark: 2 stripe(s), 2 proactive flush(es), 1 terminate flush(es), 0 completion(s), 0 continuation(s) 
[725.469s][info][gc,nmethod  ] GC(400) NMethods: 484 registered, 0 unregistered
[725.469s][info][gc,metaspace] GC(400) Metaspace: 0M used, 0M committed, 1032M reserved
[725.469s][info][gc,ref      ] GC(400) Soft: 82 encountered, 0 discovered, 0 enqueued
[725.469s][info][gc,ref      ] GC(400) Weak: 200 encountered, 5 discovered, 0 enqueued
[725.469s][info][gc,ref      ] GC(400) Final: 0 encountered, 0 discovered, 0 enqueued
[725.469s][info][gc,ref      ] GC(400) Phantom: 5 encountered, 5 discovered, 0 enqueued
[725.469s][info][gc,reloc    ] GC(400) Small Pages: 1017 / 2034M, Empty: 1872M, Relocated: 6M, In-Place: 0
[725.469s][info][gc,reloc    ] GC(400) Medium Pages: 0 / 0M, Empty: 0M, Relocated: 0M, In-Place: 0
[725.469s][info][gc,reloc    ] GC(400) Large Pages: 0 / 0M, Empty: 0M, Relocated: 0M, In-Place: 0
[725.469s][info][gc,reloc    ] GC(400) Forwarding Usage: 0M
[725.469s][info][gc,heap     ] GC(400) Min Capacity: 8192M(100%)
[725.469s][info][gc,heap     ] GC(400) Max Capacity: 8192M(100%)
[725.469s][info][gc,heap     ] GC(400) Soft Max Capacity: 8192M(100%)
[725.469s][info][gc,heap     ] GC(400)                Mark Start          Mark End        Relocate Start      Relocate End           High               Low         
[725.469s][info][gc,heap     ] GC(400)  Capacity:     8192M (100%)       8192M (100%)       8192M (100%)       8192M (100%)       8192M (100%)       8192M (100%)   
[725.469s][info][gc,heap     ] GC(400)      Free:     6158M (75%)        6134M (75%)        7998M (98%)        8004M (98%)        8004M (98%)        6134M (75%)    
[725.469s][info][gc,heap     ] GC(400)      Used:     2034M (25%)        2058M (25%)         194M (2%)          188M (2%)         2058M (25%)         188M (2%)     
[725.469s][info][gc,heap     ] GC(400)      Live:         -               132M (2%)          132M (2%)          132M (2%)             -                  -          
[725.469s][info][gc,heap     ] GC(400) Allocated:         -                24M (0%)           32M (0%)           36M (0%)             -                  -          
[725.469s][info][gc,heap     ] GC(400)   Garbage:         -              1901M (23%)          29M (0%)           19M (0%)             -                  -          
[725.469s][info][gc,heap     ] GC(400) Reclaimed:         -                  -              1872M (23%)        1882M (23%)            -                  -          
[725.469s][info][gc          ] GC(400) Garbage Collection (Proactive) 2034M(25%)->188M(2%)
[727.140s][info][gc,start    ] GC(401) Garbage Collection (Proactive)
[727.141s][info][gc,phases   ] GC(401) Pause Mark Start 0.004ms
[727.163s][info][gc,phases   ] GC(401) Concurrent Mark 22.599ms
[727.163s][info][gc,phases   ] GC(401) Pause Mark End 0.010ms
[727.164s][info][gc,phases   ] GC(401) Concurrent Process Non-Strong References 0.483ms
[727.164s][info][gc,phases   ] GC(401) Concurrent Reset Relocation Set 0.002ms
[727.167s][info][gc,phases   ] GC(401) Concurrent Select Relocation Set 2.794ms
[727.167s][info][gc,phases   ] GC(401) Pause Relocate Start 0.005ms
[727.168s][info][gc,phases   ] GC(401) Concurrent Relocate 0.753ms
