[2021-07-20T12:39:04.542+0000][0.004s][2267133][2267135][debug] Minimum heap 8589934592  Initial heap 8589934592  Maximum heap 8589934592
[2021-07-20T12:39:04.542+0000][0.004s][2267133][2267135][trace] 1: Minimum young 2863136768  Initial young 2863136768  Maximum young 2863136768
[2021-07-20T12:39:04.542+0000][0.004s][2267133][2267135][trace] Minimum old 524288  Initial old 5726797824  Maximum old 5726797824
[2021-07-20T12:39:04.542+0000][0.004s][2267133][2267135][trace] Trying to allocate at address 0x0000000600000000 heap of size 0x200000000
[2021-07-20T12:39:06.402+0000][1.865s][2267133][2267135][info ] Using Parallel
[2021-07-20T12:39:06.402+0000][1.865s][2267133][2267135][info ] Heap address: 0x0000000600000000, size: 8192 MB, Compressed Oops mode: Zero based, Oop shift amount: 3
[2021-07-20T12:39:06.466+0000][1.928s][2267133][2267139][info ] Entering safepoint region: Deoptimize
[2021-07-20T12:39:06.466+0000][1.928s][2267133][2267139][info ] Leaving safepoint region
[2021-07-20T12:39:06.466+0000][1.928s][2267133][2267139][info ] Total time for which application threads were stopped: 0.0000751 seconds, Stopping threads took: 0.0000410 seconds
[2021-07-20T12:39:06.620+0000][2.083s][2267133][2267139][info ] Application time: 0.0803960 seconds
[2021-07-20T12:39:06.620+0000][2.083s][2267133][2267139][info ] Entering safepoint region: Deoptimize
[2021-07-20T12:39:06.620+0000][2.083s][2267133][2267139][info ] Leaving safepoint region
[2021-07-20T12:39:06.620+0000][2.083s][2267133][2267139][info ] Total time for which application threads were stopped: 0.0001004 seconds, Stopping threads took: 0.0000086 seconds
[2021-07-20T12:39:06.625+0000][2.087s][2267133][2267139][info ] Application time: 0.0047651 seconds
[2021-07-20T12:39:06.625+0000][2.087s][2267133][2267139][info ] Entering safepoint region: Deoptimize
[2021-07-20T12:39:06.625+0000][2.088s][2267133][2267139][info ] Leaving safepoint region
[2021-07-20T12:39:06.625+0000][2.088s][2267133][2267139][info ] Total time for which application threads were stopped: 0.0000496 seconds, Stopping threads took: 0.0000061 seconds
[2021-07-20T12:39:06.662+0000][2.124s][2267133][2267139][info ] Application time: 0.0369286 seconds
[2021-07-20T12:39:06.662+0000][2.125s][2267133][2267139][info ] Entering safepoint region: Deoptimize
[2021-07-20T12:39:06.662+0000][2.125s][2267133][2267139][info ] Leaving safepoint region
[2021-07-20T12:39:06.662+0000][2.125s][2267133][2267139][info ] Total time for which application threads were stopped: 0.0000798 seconds, Stopping threads took: 0.0000069 seconds
[2021-07-20T12:39:06.993+0000][2.455s][2267133][2267139][info ] Application time: 0.3304322 seconds
[2021-07-20T12:39:06.993+0000][2.455s][2267133][2267139][info ] Entering safepoint region: Deoptimize
[2021-07-20T12:39:06.993+0000][2.455s][2267133][2267139][info ] Leaving safepoint region
[2021-07-20T12:39:06.993+0000][2.455s][2267133][2267139][info ] Total time for which application threads were stopped: 0.0003263 seconds, Stopping threads took: 0.0000795 seconds
[2021-07-20T12:39:07.018+0000][2.481s][2267133][2267139][info ] Application time: 0.0253836 seconds
[2021-07-20T12:39:07.018+0000][2.481s][2267133][2267139][info ] Entering safepoint region: Deoptimize
[2021-07-20T12:39:07.018+0000][2.481s][2267133][2267139][info ] Leaving safepoint region
[2021-07-20T12:39:07.018+0000][2.481s][2267133][2267139][info ] Total time for which application threads were stopped: 0.0001289 seconds, Stopping threads took: 0.0000075 seconds
[2021-07-20T12:39:07.091+0000][2.553s][2267133][2267139][info ] Application time: 0.0723343 seconds
[2021-07-20T12:39:07.091+0000][2.553s][2267133][2267139][info ] Entering safepoint region: Deoptimize
[2021-07-20T12:39:07.091+0000][2.553s][2267133][2267139][info ] Leaving safepoint region
[2021-07-20T12:39:07.091+0000][2.554s][2267133][2267139][info ] Total time for which application threads were stopped: 0.0002323 seconds, Stopping threads took: 0.0000089 seconds
[2021-07-20T12:39:07.092+0000][2.554s][2267133][2267139][info ] Application time: 0.0005958 seconds
[2021-07-20T12:39:07.092+0000][2.554s][2267133][2267139][info ] Entering safepoint region: Deoptimize
[2021-07-20T12:39:07.092+0000][2.554s][2267133][2267139][info ] Leaving safepoint region
[2021-07-20T12:39:07.092+0000][2.554s][2267133][2267139][info ] Total time for which application threads were stopped: 0.0000662 seconds, Stopping threads took: 0.0000162 seconds
[2021-07-20T12:39:07.096+0000][2.559s][2267133][2267139][info ] Application time: 0.0046086 seconds
[2021-07-20T12:39:07.096+0000][2.559s][2267133][2267139][info ] Entering safepoint region: Deoptimize
[2021-07-20T12:39:07.096+0000][2.559s][2267133][2267139][info ] Leaving safepoint region
[2021-07-20T12:39:07.096+0000][2.559s][2267133][2267139][info ] Total time for which application threads were stopped: 0.0000743 seconds, Stopping threads took: 0.0000058 seconds
[2021-07-20T12:39:07.097+0000][2.559s][2267133][2267139][info ] Application time: 0.0001577 seconds
[2021-07-20T12:39:07.097+0000][2.559s][2267133][2267139][info ] Entering safepoint region: Deoptimize
[2021-07-20T12:39:07.097+0000][2.559s][2267133][2267139][info ] Leaving safepoint region
[2021-07-20T12:39:07.097+0000][2.559s][2267133][2267139][info ] Total time for which application threads were stopped: 0.0000547 seconds, Stopping threads took: 0.0000043 seconds
[2021-07-20T12:39:07.124+0000][2.587s][2267133][2267139][info ] Application time: 0.0274614 seconds
[2021-07-20T12:39:07.124+0000][2.587s][2267133][2267139][info ] Entering safepoint region: Deoptimize
[2021-07-20T12:39:07.124+0000][2.587s][2267133][2267139][info ] Leaving safepoint region
[2021-07-20T12:39:07.124+0000][2.587s][2267133][2267139][info ] Total time for which application threads were stopped: 0.0001662 seconds, Stopping threads took: 0.0000084 seconds
[2021-07-20T12:39:07.143+0000][2.605s][2267133][2267139][info ] Application time: 0.0183317 seconds
[2021-07-20T12:39:07.143+0000][2.605s][2267133][2267139][info ] Entering safepoint region: CollectForMetadataAllocation
[2021-07-20T12:39:07.143+0000][2.605s][2267133][2267139][debug] GC(0) Heap before GC invocations=1 (full 0): PSYoungGen      total 2446848K, used 377579K [0x0000000755580000, 0x0000000800000000, 0x0000000800000000)
[2021-07-20T12:39:07.143+0000][2.605s][2267133][2267139][debug] GC(0)   eden space 2097664K, 18% used [0x0000000755580000,0x000000076c63afe0,0x00000007d5600000)
[2021-07-20T12:39:07.143+0000][2.605s][2267133][2267139][debug] GC(0)   from space 349184K, 0% used [0x00000007eab00000,0x00000007eab00000,0x0000000800000000)
[2021-07-20T12:39:07.143+0000][2.605s][2267133][2267139][debug] GC(0)   to   space 349184K, 0% used [0x00000007d5600000,0x00000007d5600000,0x00000007eab00000)
[2021-07-20T12:39:07.143+0000][2.605s][2267133][2267139][debug] GC(0)  ParOldGen       total 5592576K, used 0K [0x0000000600000000, 0x0000000755580000, 0x0000000755580000)
[2021-07-20T12:39:07.143+0000][2.605s][2267133][2267139][debug] GC(0)   object space 5592576K, 0% used [0x0000000600000000,0x0000000600000000,0x0000000755580000)
[2021-07-20T12:39:07.143+0000][2.605s][2267133][2267139][debug] GC(0)  Metaspace       used 20837K, capacity 21170K, committed 21296K, reserved 1069056K
[2021-07-20T12:39:07.143+0000][2.605s][2267133][2267139][debug] GC(0)   class space    used 2202K, capacity 2356K, committed 2432K, reserved 1048576K
[2021-07-20T12:39:07.147+0000][2.609s][2267133][2267139][debug] GC(0) Desired survivor size 357564416 bytes, new threshold 7 (max threshold 15)
[2021-07-20T12:39:07.147+0000][2.609s][2267133][2267139][info ] GC(0) PSYoungGen: 377579K->7435K(2446848K)
[2021-07-20T12:39:07.147+0000][2.609s][2267133][2267139][info ] GC(0) ParOldGen: 0K->80K(5592576K)
[2021-07-20T12:39:07.147+0000][2.609s][2267133][2267139][info ] GC(0) Pause Young (Metadata GC Threshold) 368M->7M(7851M) 4.113ms
[2021-07-20T12:39:07.147+0000][2.609s][2267133][2267139][debug] GC(0) Heap after GC invocations=1 (full 0): PSYoungGen      total 2446848K, used 7435K [0x0000000755580000, 0x0000000800000000, 0x0000000800000000)
[2021-07-20T12:39:07.147+0000][2.609s][2267133][2267139][debug] GC(0)   eden space 2097664K, 0% used [0x0000000755580000,0x0000000755580000,0x00000007d5600000)
[2021-07-20T12:39:07.147+0000][2.609s][2267133][2267139][debug] GC(0)   from space 349184K, 2% used [0x00000007d5600000,0x00000007d5d42f58,0x00000007eab00000)
[2021-07-20T12:39:07.147+0000][2.609s][2267133][2267139][debug] GC(0)   to   space 349184K, 0% used [0x00000007eab00000,0x00000007eab00000,0x0000000800000000)
[2021-07-20T12:39:07.147+0000][2.609s][2267133][2267139][debug] GC(0)  ParOldGen       total 5592576K, used 80K [0x0000000600000000, 0x0000000755580000, 0x0000000755580000)
[2021-07-20T12:39:07.147+0000][2.609s][2267133][2267139][debug] GC(0)   object space 5592576K, 0% used [0x0000000600000000,0x0000000600014010,0x0000000755580000)
[2021-07-20T12:39:07.147+0000][2.609s][2267133][2267139][debug] GC(0)  Metaspace       used 20837K, capacity 21170K, committed 21296K, reserved 1069056K
[2021-07-20T12:39:07.147+0000][2.609s][2267133][2267139][debug] GC(0)   class space    used 2202K, capacity 2356K, committed 2432K, reserved 1048576K
[2021-07-20T12:39:07.147+0000][2.609s][2267133][2267139][debug] GC(1) Heap before GC invocations=2 (full 1): PSYoungGen      total 2446848K, used 7435K [0x0000000755580000, 0x0000000800000000, 0x0000000800000000)
[2021-07-20T12:39:07.147+0000][2.609s][2267133][2267139][debug] GC(1)   eden space 2097664K, 0% used [0x0000000755580000,0x0000000755580000,0x00000007d5600000)
[2021-07-20T12:39:07.147+0000][2.609s][2267133][2267139][debug] GC(1)   from space 349184K, 2% used [0x00000007d5600000,0x00000007d5d42f58,0x00000007eab00000)
[2021-07-20T12:39:07.147+0000][2.609s][2267133][2267139][debug] GC(1)   to   space 349184K, 0% used [0x00000007eab00000,0x00000007eab00000,0x0000000800000000)
[2021-07-20T12:39:07.147+0000][2.609s][2267133][2267139][debug] GC(1)  ParOldGen       total 5592576K, used 80K [0x0000000600000000, 0x0000000755580000, 0x0000000755580000)
[2021-07-20T12:39:07.147+0000][2.609s][2267133][2267139][debug] GC(1)   object space 5592576K, 0% used [0x0000000600000000,0x0000000600014010,0x0000000755580000)
[2021-07-20T12:39:07.147+0000][2.609s][2267133][2267139][debug] GC(1)  Metaspace       used 20837K, capacity 21170K, committed 21296K, reserved 1069056K
[2021-07-20T12:39:07.147+0000][2.609s][2267133][2267139][debug] GC(1)   class space    used 2202K, capacity 2356K, committed 2432K, reserved 1048576K
[2021-07-20T12:39:07.164+0000][2.626s][2267133][2267139][info ] GC(1) PSYoungGen: 7435K->0K(2446848K)
[2021-07-20T12:39:07.164+0000][2.626s][2267133][2267139][info ] GC(1) ParOldGen: 80K->7209K(5592576K)
[2021-07-20T12:39:07.164+0000][2.626s][2267133][2267139][info ] GC(1) Pause Full (Metadata GC Threshold) 7M->7M(7851M) 16.752ms
[2021-07-20T12:39:07.164+0000][2.626s][2267133][2267139][debug] GC(1) Heap after GC invocations=2 (full 1): PSYoungGen      total 2446848K, used 0K [0x0000000755580000, 0x0000000800000000, 0x0000000800000000)
[2021-07-20T12:39:07.164+0000][2.626s][2267133][2267139][debug] GC(1)   eden space 2097664K, 0% used [0x0000000755580000,0x0000000755580000,0x00000007d5600000)
[2021-07-20T12:39:07.164+0000][2.626s][2267133][2267139][debug] GC(1)   from space 349184K, 0% used [0x00000007d5600000,0x00000007d5600000,0x00000007eab00000)
[2021-07-20T12:39:07.164+0000][2.626s][2267133][2267139][debug] GC(1)   to   space 349184K, 0% used [0x00000007eab00000,0x00000007eab00000,0x0000000800000000)
[2021-07-20T12:39:07.164+0000][2.626s][2267133][2267139][debug] GC(1)  ParOldGen       total 5592576K, used 7209K [0x0000000600000000, 0x0000000755580000, 0x0000000755580000)
[2021-07-20T12:39:07.164+0000][2.626s][2267133][2267139][debug] GC(1)   object space 5592576K, 0% used [0x0000000600000000,0x000000060070a598,0x0000000755580000)
[2021-07-20T12:39:07.164+0000][2.626s][2267133][2267139][debug] GC(1)  Metaspace       used 20837K, capacity 21170K, committed 21296K, reserved 1069056K
[2021-07-20T12:39:07.164+0000][2.626s][2267133][2267139][debug] GC(1)   class space    used 2202K, capacity 2356K, committed 2432K, reserved 1048576K
[2021-07-20T12:39:07.164+0000][2.626s][2267133][2267139][info ] Leaving safepoint region
[2021-07-20T12:39:07.164+0000][2.626s][2267133][2267139][info ] Total time for which application threads were stopped: 0.0213025 seconds, Stopping threads took: 0.0000089 seconds
[2021-07-20T12:39:07.167+0000][2.629s][2267133][2267139][info ] Application time: 0.0026346 seconds
[2021-07-20T12:39:07.167+0000][2.629s][2267133][2267139][info ] Entering safepoint region: Deoptimize
[2021-07-20T12:39:07.167+0000][2.629s][2267133][2267139][info ] Leaving safepoint region
[2021-07-20T12:39:07.167+0000][2.629s][2267133][2267139][info ] Total time for which application threads were stopped: 0.0001871 seconds, Stopping threads took: 0.0000072 seconds
[2021-07-20T12:39:07.217+0000][2.679s][2267133][2267139][info ] Application time: 0.0499608 seconds
[2021-07-20T12:39:07.217+0000][2.679s][2267133][2267139][info ] Entering safepoint region: Deoptimize
[2021-07-20T12:39:07.217+0000][2.679s][2267133][2267139][info ] Leaving safepoint region
[2021-07-20T12:39:07.217+0000][2.679s][2267133][2267139][info ] Total time for which application threads were stopped: 0.0002154 seconds, Stopping threads took: 0.0000072 seconds
[2021-07-20T12:39:07.453+0000][2.915s][2267133][2267139][info ] Application time: 0.2359656 seconds
[2021-07-20T12:39:07.453+0000][2.915s][2267133][2267139][info ] Entering safepoint region: Deoptimize
[2021-07-20T12:39:07.453+0000][2.916s][2267133][2267139][info ] Leaving safepoint region
[2021-07-20T12:39:07.453+0000][2.916s][2267133][2267139][info ] Total time for which application threads were stopped: 0.0003343 seconds, Stopping threads took: 0.0000106 seconds
[2021-07-20T12:39:07.492+0000][2.955s][2267133][2267139][info ] Application time: 0.0389405 seconds
[2021-07-20T12:39:07.492+0000][2.955s][2267133][2267139][info ] Entering safepoint region: Deoptimize
[2021-07-20T12:39:07.493+0000][2.955s][2267133][2267139][info ] Leaving safepoint region
[2021-07-20T12:39:07.493+0000][2.955s][2267133][2267139][info ] Total time for which application threads were stopped: 0.0002705 seconds, Stopping threads took: 0.0000089 seconds
[2021-07-20T12:39:07.500+0000][2.962s][2267133][2267139][info ] Application time: 0.0074599 seconds
[2021-07-20T12:39:07.500+0000][2.963s][2267133][2267139][info ] Entering safepoint region: Deoptimize
[2021-07-20T12:39:07.500+0000][2.963s][2267133][2267139][info ] Leaving safepoint region
[2021-07-20T12:39:07.500+0000][2.963s][2267133][2267139][info ] Total time for which application threads were stopped: 0.0001886 seconds, Stopping threads took: 0.0000240 seconds
[2021-07-20T12:39:07.566+0000][3.028s][2267133][2267139][info ] Application time: 0.0655106 seconds
[2021-07-20T12:39:07.566+0000][3.028s][2267133][2267139][info ] Entering safepoint region: Deoptimize
[2021-07-20T12:39:07.566+0000][3.029s][2267133][2267139][info ] Leaving safepoint region
[2021-07-20T12:39:07.566+0000][3.029s][2267133][2267139][info ] Total time for which application threads were stopped: 0.0003521 seconds, Stopping threads took: 0.0000108 seconds
[2021-07-20T12:39:07.777+0000][3.240s][2267133][2267139][info ] Application time: 0.2109989 seconds
[2021-07-20T12:39:07.777+0000][3.240s][2267133][2267139][info ] Entering safepoint region: CollectForMetadataAllocation
[2021-07-20T12:39:07.777+0000][3.240s][2267133][2267139][debug] GC(2) Heap before GC invocations=3 (full 1): PSYoungGen      total 2446848K, used 310454K [0x0000000755580000, 0x0000000800000000, 0x0000000800000000)
[2021-07-20T12:39:07.777+0000][3.240s][2267133][2267139][debug] GC(2)   eden space 2097664K, 14% used [0x0000000755580000,0x00000007684ad9f0,0x00000007d5600000)
[2021-07-20T12:39:07.777+0000][3.240s][2267133][2267139][debug] GC(2)   from space 349184K, 0% used [0x00000007d5600000,0x00000007d5600000,0x00000007eab00000)
[2021-07-20T12:39:07.777+0000][3.240s][2267133][2267139][debug] GC(2)   to   space 349184K, 0% used [0x00000007eab00000,0x00000007eab00000,0x0000000800000000)
[2021-07-20T12:39:07.777+0000][3.240s][2267133][2267139][debug] GC(2)  ParOldGen       total 5592576K, used 7209K [0x0000000600000000, 0x0000000755580000, 0x0000000755580000)
[2021-07-20T12:39:07.777+0000][3.240s][2267133][2267139][debug] GC(2)   object space 5592576K, 0% used [0x0000000600000000,0x000000060070a598,0x0000000755580000)
[2021-07-20T12:39:07.777+0000][3.240s][2267133][2267139][debug] GC(2)  Metaspace       used 34712K, capacity 35302K, committed 35376K, reserved 1081344K
[2021-07-20T12:39:07.777+0000][3.240s][2267133][2267139][debug] GC(2)   class space    used 3661K, capacity 3905K, committed 3968K, reserved 1048576K
[2021-07-20T12:39:07.779+0000][3.242s][2267133][2267139][debug] GC(2) Desired survivor size 357564416 bytes, new threshold 7 (max threshold 15)
[2021-07-20T12:39:07.779+0000][3.242s][2267133][2267139][info ] GC(2) PSYoungGen: 310454K->4560K(2446848K)
[2021-07-20T12:39:07.779+0000][3.242s][2267133][2267139][info ] GC(2) ParOldGen: 7209K->7217K(5592576K)
[2021-07-20T12:39:07.779+0000][3.242s][2267133][2267139][info ] GC(2) Pause Young (Metadata GC Threshold) 310M->11M(7851M) 2.109ms
[2021-07-20T12:39:07.779+0000][3.242s][2267133][2267139][debug] GC(2) Heap after GC invocations=3 (full 1): PSYoungGen      total 2446848K, used 4560K [0x0000000755580000, 0x0000000800000000, 0x0000000800000000)
[2021-07-20T12:39:07.779+0000][3.242s][2267133][2267139][debug] GC(2)   eden space 2097664K, 0% used [0x0000000755580000,0x0000000755580000,0x00000007d5600000)
[2021-07-20T12:39:07.779+0000][3.242s][2267133][2267139][debug] GC(2)   from space 349184K, 1% used [0x00000007eab00000,0x00000007eaf74060,0x0000000800000000)
[2021-07-20T12:39:07.779+0000][3.242s][2267133][2267139][debug] GC(2)   to   space 349184K, 0% used [0x00000007d5600000,0x00000007d5600000,0x00000007eab00000)
[2021-07-20T12:39:07.779+0000][3.242s][2267133][2267139][debug] GC(2)  ParOldGen       total 5592576K, used 7217K [0x0000000600000000, 0x0000000755580000, 0x0000000755580000)
[2021-07-20T12:39:07.779+0000][3.242s][2267133][2267139][debug] GC(2)   object space 5592576K, 0% used [0x0000000600000000,0x000000060070c598,0x0000000755580000)
[2021-07-20T12:39:07.779+0000][3.242s][2267133][2267139][debug] GC(2)  Metaspace       used 34712K, capacity 35302K, committed 35376K, reserved 1081344K
[2021-07-20T12:39:07.779+0000][3.242s][2267133][2267139][debug] GC(2)   class space    used 3661K, capacity 3905K, committed 3968K, reserved 1048576K
[2021-07-20T12:39:07.780+0000][3.242s][2267133][2267139][debug] GC(3) Heap before GC invocations=4 (full 2): PSYoungGen      total 2446848K, used 4560K [0x0000000755580000, 0x0000000800000000, 0x0000000800000000)
[2021-07-20T12:39:07.780+0000][3.242s][2267133][2267139][debug] GC(3)   eden space 2097664K, 0% used [0x0000000755580000,0x0000000755580000,0x00000007d5600000)
[2021-07-20T12:39:07.780+0000][3.242s][2267133][2267139][debug] GC(3)   from space 349184K, 1% used [0x00000007eab00000,0x00000007eaf74060,0x0000000800000000)
[2021-07-20T12:39:07.780+0000][3.242s][2267133][2267139][debug] GC(3)   to   space 349184K, 0% used [0x00000007d5600000,0x00000007d5600000,0x00000007eab00000)
[2021-07-20T12:39:07.780+0000][3.242s][2267133][2267139][debug] GC(3)  ParOldGen       total 5592576K, used 7217K [0x0000000600000000, 0x0000000755580000, 0x0000000755580000)
[2021-07-20T12:39:07.780+0000][3.242s][2267133][2267139][debug] GC(3)   object space 5592576K, 0% used [0x0000000600000000,0x000000060070c598,0x0000000755580000)
[2021-07-20T12:39:07.780+0000][3.242s][2267133][2267139][debug] GC(3)  Metaspace       used 34712K, capacity 35302K, committed 35376K, reserved 1081344K
[2021-07-20T12:39:07.780+0000][3.242s][2267133][2267139][debug] GC(3)   class space    used 3661K, capacity 3905K, committed 3968K, reserved 1048576K
[2021-07-20T12:39:07.839+0000][3.301s][2267133][2267139][info ] GC(3) PSYoungGen: 4560K->0K(2446848K)
[2021-07-20T12:39:07.839+0000][3.302s][2267133][2267139][info ] GC(3) ParOldGen: 7217K->10980K(5592576K)
[2021-07-20T12:39:07.839+0000][3.302s][2267133][2267139][info ] GC(3) Pause Full (Metadata GC Threshold) 11M->10M(7851M) 59.477ms
[2021-07-20T12:39:07.839+0000][3.302s][2267133][2267139][debug] GC(3) Heap after GC invocations=4 (full 2): PSYoungGen      total 2446848K, used 0K [0x0000000755580000, 0x0000000800000000, 0x0000000800000000)
[2021-07-20T12:39:07.839+0000][3.302s][2267133][2267139][debug] GC(3)   eden space 2097664K, 0% used [0x0000000755580000,0x0000000755580000,0x00000007d5600000)
[2021-07-20T12:39:07.839+0000][3.302s][2267133][2267139][debug] GC(3)   from space 349184K, 0% used [0x00000007eab00000,0x00000007eab00000,0x0000000800000000)
[2021-07-20T12:39:07.839+0000][3.302s][2267133][2267139][debug] GC(3)   to   space 349184K, 0% used [0x00000007d5600000,0x00000007d5600000,0x00000007eab00000)
[2021-07-20T12:39:07.839+0000][3.302s][2267133][2267139][debug] GC(3)  ParOldGen       total 5592576K, used 10980K [0x0000000600000000, 0x0000000755580000, 0x0000000755580000)
[2021-07-20T12:39:07.839+0000][3.302s][2267133][2267139][debug] GC(3)   object space 5592576K, 0% used [0x0000000600000000,0x0000000600ab9398,0x0000000755580000)
[2021-07-20T12:39:07.839+0000][3.302s][2267133][2267139][debug] GC(3)  Metaspace       used 34712K, capacity 35302K, committed 35376K, reserved 1081344K
[2021-07-20T12:39:07.839+0000][3.302s][2267133][2267139][debug] GC(3)   class space    used 3661K, capacity 3905K, committed 3968K, reserved 1048576K
[2021-07-20T12:39:07.839+0000][3.302s][2267133][2267139][info ] Leaving safepoint region
[2021-07-20T12:39:07.839+0000][3.302s][2267133][2267139][info ] Total time for which application threads were stopped: 0.0620850 seconds, Stopping threads took: 0.0000114 seconds
[2021-07-20T12:39:08.433+0000][3.895s][2267133][2267139][info ] Application time: 0.5936611 seconds
[2021-07-20T12:39:08.433+0000][3.895s][2267133][2267139][info ] Entering safepoint region: Deoptimize
[2021-07-20T12:39:08.433+0000][3.896s][2267133][2267139][info ] Leaving safepoint region
[2021-07-20T12:39:08.433+0000][3.896s][2267133][2267139][info ] Total time for which application threads were stopped: 0.0004532 seconds, Stopping threads took: 0.0000135 seconds
[2021-07-20T12:39:08.762+0000][4.225s][2267133][2267139][info ] Application time: 0.3286395 seconds
[2021-07-20T12:39:08.762+0000][4.225s][2267133][2267139][info ] Entering safepoint region: Deoptimize
[2021-07-20T12:39:08.763+0000][4.225s][2267133][2267139][info ] Leaving safepoint region
[2021-07-20T12:39:08.763+0000][4.225s][2267133][2267139][info ] Total time for which application threads were stopped: 0.0005038 seconds, Stopping threads took: 0.0000130 seconds
[2021-07-20T12:39:08.775+0000][4.237s][2267133][2267139][info ] Application time: 0.0123778 seconds
[2021-07-20T12:39:08.775+0000][4.237s][2267133][2267139][info ] Entering safepoint region: Deoptimize
[2021-07-20T12:39:08.775+0000][4.238s][2267133][2267139][info ] Leaving safepoint region
[2021-07-20T12:39:08.775+0000][4.238s][2267133][2267139][info ] Total time for which application threads were stopped: 0.0004370 seconds, Stopping threads took: 0.0000127 seconds
[2021-07-20T12:39:09.021+0000][4.483s][2267133][2267139][info ] Application time: 0.2451577 seconds
[2021-07-20T12:39:09.021+0000][4.483s][2267133][2267139][info ] Entering safepoint region: ICBufferFull
[2021-07-20T12:39:09.021+0000][4.483s][2267133][2267139][info ] Leaving safepoint region
[2021-07-20T12:39:09.021+0000][4.483s][2267133][2267139][info ] Total time for which application threads were stopped: 0.0001962 seconds, Stopping threads took: 0.0000290 seconds
[2021-07-20T12:39:09.103+0000][4.565s][2267133][2267139][info ] Application time: 0.0818183 seconds
[2021-07-20T12:39:09.103+0000][4.565s][2267133][2267139][info ] Entering safepoint region: ICBufferFull
[2021-07-20T12:39:09.103+0000][4.565s][2267133][2267139][info ] Leaving safepoint region
[2021-07-20T12:39:09.103+0000][4.565s][2267133][2267139][info ] Total time for which application threads were stopped: 0.0001736 seconds, Stopping threads took: 0.0000314 seconds
[2021-07-20T12:39:09.150+0000][4.612s][2267133][2267139][info ] Application time: 0.0466783 seconds
[2021-07-20T12:39:09.150+0000][4.612s][2267133][2267139][info ] Entering safepoint region: Deoptimize
[2021-07-20T12:39:09.150+0000][4.613s][2267133][2267139][info ] Leaving safepoint region
[2021-07-20T12:39:09.150+0000][4.613s][2267133][2267139][info ] Total time for which application threads were stopped: 0.0005257 seconds, Stopping threads took: 0.0000130 seconds
[2021-07-20T12:39:09.151+0000][4.613s][2267133][2267139][info ] Application time: 0.0004317 seconds
[2021-07-20T12:39:09.151+0000][4.613s][2267133][2267139][info ] Entering safepoint region: Deoptimize
[2021-07-20T12:39:09.151+0000][4.613s][2267133][2267139][info ] Leaving safepoint region
[2021-07-20T12:39:09.151+0000][4.613s][2267133][2267139][info ] Total time for which application threads were stopped: 0.0001349 seconds, Stopping threads took: 0.0000069 seconds
[2021-07-20T12:39:09.160+0000][4.623s][2267133][2267139][info ] Application time: 0.0095816 seconds
[2021-07-20T12:39:09.160+0000][4.623s][2267133][2267139][info ] Entering safepoint region: Deoptimize
[2021-07-20T12:39:09.160+0000][4.623s][2267133][2267139][info ] Leaving safepoint region
[2021-07-20T12:39:09.160+0000][4.623s][2267133][2267139][info ] Total time for which application threads were stopped: 0.0001644 seconds, Stopping threads took: 0.0000083 seconds
[2021-07-20T12:39:09.162+0000][4.624s][2267133][2267139][info ] Application time: 0.0013545 seconds
[2021-07-20T12:39:09.162+0000][4.624s][2267133][2267139][info ] Entering safepoint region: Deoptimize
[2021-07-20T12:39:09.162+0000][4.624s][2267133][2267139][info ] Leaving safepoint region
[2021-07-20T12:39:09.162+0000][4.624s][2267133][2267139][info ] Total time for which application threads were stopped: 0.0001371 seconds, Stopping threads took: 0.0000078 seconds
[2021-07-20T12:39:09.211+0000][4.674s][2267133][2267139][info ] Application time: 0.0492125 seconds
[2021-07-20T12:39:09.211+0000][4.674s][2267133][2267139][info ] Entering safepoint region: Deoptimize
[2021-07-20T12:39:09.212+0000][4.674s][2267133][2267139][info ] Leaving safepoint region
[2021-07-20T12:39:09.212+0000][4.674s][2267133][2267139][info ] Total time for which application threads were stopped: 0.0004222 seconds, Stopping threads took: 0.0000123 seconds
[2021-07-20T12:39:09.297+0000][4.759s][2267133][2267139][info ] Application time: 0.0851815 seconds
[2021-07-20T12:39:09.297+0000][4.759s][2267133][2267139][info ] Entering safepoint region: Deoptimize
[2021-07-20T12:39:09.297+0000][4.760s][2267133][2267139][info ] Leaving safepoint region
[2021-07-20T12:39:09.297+0000][4.760s][2267133][2267139][info ] Total time for which application threads were stopped: 0.0005391 seconds, Stopping threads took: 0.0000154 seconds
[2021-07-20T12:39:09.349+0000][4.812s][2267133][2267139][info ] Application time: 0.0519191 seconds
[2021-07-20T12:39:09.349+0000][4.812s][2267133][2267139][info ] Entering safepoint region: Deoptimize
[2021-07-20T12:39:09.350+0000][4.812s][2267133][2267139][info ] Leaving safepoint region
[2021-07-20T12:39:09.350+0000][4.812s][2267133][2267139][info ] Total time for which application threads were stopped: 0.0005568 seconds, Stopping threads took: 0.0000152 seconds
[2021-07-20T12:39:09.360+0000][4.822s][2267133][2267139][info ] Application time: 0.0098604 seconds
[2021-07-20T12:39:09.360+0000][4.822s][2267133][2267139][info ] Entering safepoint region: Deoptimize
[2021-07-20T12:39:09.360+0000][4.822s][2267133][2267139][info ] Leaving safepoint region
[2021-07-20T12:39:09.360+0000][4.822s][2267133][2267139][info ] Total time for which application threads were stopped: 0.0001717 seconds, Stopping threads took: 0.0000076 seconds
[2021-07-20T12:39:10.360+0000][5.823s][2267133][2267139][info ] Application time: 1.0000990 seconds
[2021-07-20T12:39:10.360+0000][5.823s][2267133][2267139][info ] Entering safepoint region: Cleanup
[2021-07-20T12:39:10.360+0000][5.823s][2267133][2267139][info ] Leaving safepoint region
[2021-07-20T12:39:10.360+0000][5.823s][2267133][2267139][info ] Total time for which application threads were stopped: 0.0002783 seconds, Stopping threads took: 0.0000437 seconds
[2021-07-20T12:39:11.360+0000][6.823s][2267133][2267139][info ] Application time: 1.0000900 seconds
[2021-07-20T12:39:11.361+0000][6.823s][2267133][2267139][info ] Entering safepoint region: Cleanup
[2021-07-20T12:39:11.361+0000][6.823s][2267133][2267139][info ] Leaving safepoint region
[2021-07-20T12:39:11.361+0000][6.823s][2267133][2267139][info ] Total time for which application threads were stopped: 0.0002266 seconds, Stopping threads took: 0.0000286 seconds
[2021-07-20T12:39:12.361+0000][7.823s][2267133][2267139][info ] Application time: 1.0000793 seconds
[2021-07-20T12:39:12.361+0000][7.823s][2267133][2267139][info ] Entering safepoint region: Cleanup
[2021-07-20T12:39:12.361+0000][7.823s][2267133][2267139][info ] Leaving safepoint region
[2021-07-20T12:39:12.361+0000][7.823s][2267133][2267139][info ] Total time for which application threads were stopped: 0.0000540 seconds, Stopping threads took: 0.0000109 seconds
[2021-07-20T12:39:13.361+0000][8.823s][2267133][2267139][info ] Application time: 1.0001010 seconds
[2021-07-20T12:39:13.361+0000][8.824s][2267133][2267139][info ] Entering safepoint region: Cleanup
[2021-07-20T12:39:13.361+0000][8.824s][2267133][2267139][info ] Leaving safepoint region
[2021-07-20T12:39:13.361+0000][8.824s][2267133][2267139][info ] Total time for which application threads were stopped: 0.0001230 seconds, Stopping threads took: 0.0000243 seconds
[2021-07-20T12:39:17.362+0000][12.824s][2267133][2267139][info ] Application time: 4.0004095 seconds
[2021-07-20T12:39:17.362+0000][12.824s][2267133][2267139][info ] Entering safepoint region: Cleanup
[2021-07-20T12:39:17.362+0000][12.824s][2267133][2267139][info ] Leaving safepoint region
[2021-07-20T12:39:17.362+0000][12.824s][2267133][2267139][info ] Total time for which application threads were stopped: 0.0001137 seconds, Stopping threads took: 0.0000219 seconds
[2021-07-20T12:39:19.362+0000][14.824s][2267133][2267139][info ] Application time: 2.0002073 seconds
[2021-07-20T12:39:19.362+0000][14.825s][2267133][2267139][info ] Entering safepoint region: Cleanup
[2021-07-20T12:39:19.362+0000][14.825s][2267133][2267139][info ] Leaving safepoint region
[2021-07-20T12:39:19.362+0000][14.825s][2267133][2267139][info ] Total time for which application threads were stopped: 0.0002103 seconds, Stopping threads took: 0.0000670 seconds
[2021-07-20T12:39:20.362+0000][15.825s][2267133][2267139][info ] Application time: 1.0001058 seconds
[2021-07-20T12:39:20.362+0000][15.825s][2267133][2267139][info ] Entering safepoint region: Cleanup
[2021-07-20T12:39:20.363+0000][15.825s][2267133][2267139][info ] Leaving safepoint region
[2021-07-20T12:39:20.363+0000][15.825s][2267133][2267139][info ] Total time for which application threads were stopped: 0.0001763 seconds, Stopping threads took: 0.0000342 seconds
[2021-07-20T12:39:31.364+0000][26.826s][2267133][2267139][info ] Application time: 11.0009922 seconds
[2021-07-20T12:39:31.364+0000][26.826s][2267133][2267139][info ] Entering safepoint region: Cleanup
[2021-07-20T12:39:31.364+0000][26.826s][2267133][2267139][info ] Leaving safepoint region
[2021-07-20T12:39:31.364+0000][26.826s][2267133][2267139][info ] Total time for which application threads were stopped: 0.0001782 seconds, Stopping threads took: 0.0000366 seconds
[2021-07-20T12:39:39.694+0000][35.157s][2267133][2267139][info ] Application time: 8.3303053 seconds
[2021-07-20T12:39:39.694+0000][35.157s][2267133][2267139][info ] Entering safepoint region: ICBufferFull
[2021-07-20T12:39:39.694+0000][35.157s][2267133][2267139][info ] Leaving safepoint region
[2021-07-20T12:39:39.694+0000][35.157s][2267133][2267139][info ] Total time for which application threads were stopped: 0.0002869 seconds, Stopping threads took: 0.0000595 seconds
[2021-07-20T12:39:39.804+0000][35.267s][2267133][2267139][info ] Application time: 0.1096464 seconds
[2021-07-20T12:39:39.804+0000][35.267s][2267133][2267139][info ] Entering safepoint region: ICBufferFull
[2021-07-20T12:39:39.804+0000][35.267s][2267133][2267139][info ] Leaving safepoint region
[2021-07-20T12:39:39.804+0000][35.267s][2267133][2267139][info ] Total time for which application threads were stopped: 0.0002211 seconds, Stopping threads took: 0.0000186 seconds
[2021-07-20T12:39:39.905+0000][35.368s][2267133][2267139][info ] Application time: 0.1009238 seconds
[2021-07-20T12:39:39.905+0000][35.368s][2267133][2267139][info ] Entering safepoint region: Deoptimize
[2021-07-20T12:39:39.907+0000][35.369s][2267133][2267139][info ] Leaving safepoint region
[2021-07-20T12:39:39.907+0000][35.369s][2267133][2267139][info ] Total time for which application threads were stopped: 0.0014354 seconds, Stopping threads took: 0.0000393 seconds
[2021-07-20T12:39:39.912+0000][35.374s][2267133][2267139][info ] Application time: 0.0052018 seconds
[2021-07-20T12:39:39.912+0000][35.374s][2267133][2267139][info ] Entering safepoint region: Deoptimize
[2021-07-20T12:39:39.913+0000][35.375s][2267133][2267139][info ] Leaving safepoint region
[2021-07-20T12:39:39.913+0000][35.375s][2267133][2267139][info ] Total time for which application threads were stopped: 0.0005779 seconds, Stopping threads took: 0.0000253 seconds
[2021-07-20T12:39:40.913+0000][36.375s][2267133][2267139][info ] Application time: 1.0001005 seconds
[2021-07-20T12:39:40.913+0000][36.375s][2267133][2267139][info ] Entering safepoint region: Cleanup
[2021-07-20T12:39:40.913+0000][36.375s][2267133][2267139][info ] Leaving safepoint region
[2021-07-20T12:39:40.913+0000][36.375s][2267133][2267139][info ] Total time for which application threads were stopped: 0.0001449 seconds, Stopping threads took: 0.0000172 seconds
[2021-07-20T12:39:41.677+0000][37.140s][2267133][2267139][info ] Application time: 0.7645547 seconds
[2021-07-20T12:39:41.677+0000][37.140s][2267133][2267139][info ] Entering safepoint region: Deoptimize
[2021-07-20T12:39:41.678+0000][37.141s][2267133][2267139][info ] Leaving safepoint region
[2021-07-20T12:39:41.678+0000][37.141s][2267133][2267139][info ] Total time for which application threads were stopped: 0.0007007 seconds, Stopping threads took: 0.0000317 seconds
[2021-07-20T12:39:41.680+0000][37.143s][2267133][2267139][info ] Application time: 0.0020105 seconds
[2021-07-20T12:39:41.680+0000][37.143s][2267133][2267139][info ] Entering safepoint region: Deoptimize
[2021-07-20T12:39:41.680+0000][37.143s][2267133][2267139][info ] Leaving safepoint region
[2021-07-20T12:39:41.680+0000][37.143s][2267133][2267139][info ] Total time for which application threads were stopped: 0.0003122 seconds, Stopping threads took: 0.0000089 seconds
[2021-07-20T12:39:41.851+0000][37.313s][2267133][2267139][info ] Application time: 0.1701558 seconds
[2021-07-20T12:39:41.851+0000][37.313s][2267133][2267139][info ] Entering safepoint region: ICBufferFull
[2021-07-20T12:39:41.851+0000][37.313s][2267133][2267139][info ] Leaving safepoint region
[2021-07-20T12:39:41.851+0000][37.313s][2267133][2267139][info ] Total time for which application threads were stopped: 0.0002968 seconds, Stopping threads took: 0.0000320 seconds
[2021-07-20T12:39:41.955+0000][37.417s][2267133][2267139][info ] Application time: 0.1039693 seconds
[2021-07-20T12:39:41.955+0000][37.418s][2267133][2267139][info ] Entering safepoint region: ICBufferFull
[2021-07-20T12:39:41.955+0000][37.418s][2267133][2267139][info ] Leaving safepoint region
[2021-07-20T12:39:41.955+0000][37.418s][2267133][2267139][info ] Total time for which application threads were stopped: 0.0004981 seconds, Stopping threads took: 0.0001636 seconds
[2021-07-20T12:39:41.971+0000][37.433s][2267133][2267139][info ] Application time: 0.0151150 seconds
[2021-07-20T12:39:41.971+0000][37.433s][2267133][2267139][info ] Entering safepoint region: Deoptimize
[2021-07-20T12:39:41.972+0000][37.434s][2267133][2267139][info ] Leaving safepoint region
[2021-07-20T12:39:41.972+0000][37.434s][2267133][2267139][info ] Total time for which application threads were stopped: 0.0009794 seconds, Stopping threads took: 0.0000397 seconds
[2021-07-20T12:39:42.972+0000][38.434s][2267133][2267139][info ] Application time: 1.0001111 seconds
[2021-07-20T12:39:42.972+0000][38.434s][2267133][2267139][info ] Entering safepoint region: Cleanup
[2021-07-20T12:39:42.972+0000][38.435s][2267133][2267139][info ] Leaving safepoint region
[2021-07-20T12:39:42.972+0000][38.435s][2267133][2267139][info ] Total time for which application threads were stopped: 0.0003943 seconds, Stopping threads took: 0.0000526 seconds
[2021-07-20T12:39:44.972+0000][40.435s][2267133][2267139][info ] Application time: 2.0001722 seconds
[2021-07-20T12:39:44.972+0000][40.435s][2267133][2267139][info ] Entering safepoint region: Cleanup
[2021-07-20T12:39:44.973+0000][40.435s][2267133][2267139][info ] Leaving safepoint region
[2021-07-20T12:39:44.973+0000][40.435s][2267133][2267139][info ] Total time for which application threads were stopped: 0.0001543 seconds, Stopping threads took: 0.0000296 seconds
[2021-07-20T12:39:45.118+0000][40.580s][2267133][2267139][info ] Application time: 0.1451743 seconds
[2021-07-20T12:39:45.118+0000][40.580s][2267133][2267139][info ] Entering safepoint region: Deoptimize
[2021-07-20T12:39:45.119+0000][40.581s][2267133][2267139][info ] Leaving safepoint region
[2021-07-20T12:39:45.119+0000][40.581s][2267133][2267139][info ] Total time for which application threads were stopped: 0.0009038 seconds, Stopping threads took: 0.0000324 seconds
[2021-07-20T12:39:45.123+0000][40.585s][2267133][2267139][info ] Application time: 0.0038622 seconds
[2021-07-20T12:39:45.123+0000][40.585s][2267133][2267139][info ] Entering safepoint region: Deoptimize
[2021-07-20T12:39:45.123+0000][40.585s][2267133][2267139][info ] Leaving safepoint region
[2021-07-20T12:39:45.123+0000][40.585s][2267133][2267139][info ] Total time for which application threads were stopped: 0.0004451 seconds, Stopping threads took: 0.0000179 seconds
[2021-07-20T12:39:45.358+0000][40.821s][2267133][2267139][info ] Application time: 0.2351814 seconds
[2021-07-20T12:39:45.358+0000][40.821s][2267133][2267139][info ] Entering safepoint region: Deoptimize
[2021-07-20T12:39:45.360+0000][40.822s][2267133][2267139][info ] Leaving safepoint region
[2021-07-20T12:39:45.360+0000][40.822s][2267133][2267139][info ] Total time for which application threads were stopped: 0.0012819 seconds, Stopping threads took: 0.0000786 seconds
[2021-07-20T12:39:45.558+0000][41.021s][2267133][2267139][info ] Application time: 0.1985892 seconds
[2021-07-20T12:39:45.558+0000][41.021s][2267133][2267139][info ] Entering safepoint region: ICBufferFull
[2021-07-20T12:39:45.559+0000][41.021s][2267133][2267139][info ] Leaving safepoint region
[2021-07-20T12:39:45.559+0000][41.021s][2267133][2267139][info ] Total time for which application threads were stopped: 0.0007920 seconds, Stopping threads took: 0.0000970 seconds
[2021-07-20T12:39:45.719+0000][41.181s][2267133][2267139][info ] Application time: 0.1599932 seconds
[2021-07-20T12:39:45.723+0000][41.185s][2267133][2267139][info ] Entering safepoint region: ICBufferFull
[2021-07-20T12:39:45.723+0000][41.186s][2267133][2267139][info ] Leaving safepoint region
[2021-07-20T12:39:45.723+0000][41.186s][2267133][2267139][info ] Total time for which application threads were stopped: 0.0042432 seconds, Stopping threads took: 0.0038469 seconds
[2021-07-20T12:39:45.980+0000][41.443s][2267133][2267139][info ] Application time: 0.2569565 seconds
[2021-07-20T12:39:45.981+0000][41.444s][2267133][2267139][info ] Entering safepoint region: ICBufferFull
[2021-07-20T12:39:45.982+0000][41.444s][2267133][2267139][info ] Leaving safepoint region
[2021-07-20T12:39:45.982+0000][41.444s][2267133][2267139][info ] Total time for which application threads were stopped: 0.0014256 seconds, Stopping threads took: 0.0011029 seconds
[2021-07-20T12:39:46.192+0000][41.654s][2267133][2267139][info ] Application time: 0.2102101 seconds
[2021-07-20T12:39:46.192+0000][41.655s][2267133][2267139][info ] Entering safepoint region: ICBufferFull
[2021-07-20T12:39:46.193+0000][41.655s][2267133][2267139][info ] Leaving safepoint region
[2021-07-20T12:39:46.193+0000][41.655s][2267133][2267139][info ] Total time for which application threads were stopped: 0.0005696 seconds, Stopping threads took: 0.0001808 seconds
[2021-07-20T12:39:46.324+0000][41.787s][2267133][2267139][info ] Application time: 0.1315200 seconds
[2021-07-20T12:39:46.326+0000][41.789s][2267133][2267139][info ] Entering safepoint region: ParallelGCFailedAllocation
[2021-07-20T12:39:46.327+0000][41.789s][2267133][2267139][debug] GC(4) Heap before GC invocations=5 (full 2): PSYoungGen      total 2446848K, used 2097664K [0x0000000755580000, 0x0000000800000000, 0x0000000800000000)
[2021-07-20T12:39:46.327+0000][41.789s][2267133][2267139][debug] GC(4)   eden space 2097664K, 100% used [0x0000000755580000,0x00000007d5600000,0x00000007d5600000)
[2021-07-20T12:39:46.327+0000][41.789s][2267133][2267139][debug] GC(4)   from space 349184K, 0% used [0x00000007eab00000,0x00000007eab00000,0x0000000800000000)
[2021-07-20T12:39:46.327+0000][41.789s][2267133][2267139][debug] GC(4)   to   space 349184K, 0% used [0x00000007d5600000,0x00000007d5600000,0x00000007eab00000)
[2021-07-20T12:39:46.327+0000][41.790s][2267133][2267139][debug] GC(4)  ParOldGen       total 5592576K, used 10980K [0x0000000600000000, 0x0000000755580000, 0x0000000755580000)
[2021-07-20T12:39:46.327+0000][41.790s][2267133][2267139][debug] GC(4)   object space 5592576K, 0% used [0x0000000600000000,0x0000000600ab9398,0x0000000755580000)
[2021-07-20T12:39:46.327+0000][41.790s][2267133][2267139][debug] GC(4)  Metaspace       used 57059K, capacity 58728K, committed 58928K, reserved 1099776K
[2021-07-20T12:39:46.327+0000][41.790s][2267133][2267139][debug] GC(4)   class space    used 7084K, capacity 7773K, committed 7808K, reserved 1048576K
[2021-07-20T12:39:46.343+0000][41.805s][2267133][2267139][debug] GC(4) Desired survivor size 357564416 bytes, new threshold 7 (max threshold 15)
[2021-07-20T12:39:46.343+0000][41.806s][2267133][2267139][info ] GC(4) PSYoungGen: 2097664K->77654K(2446848K)
[2021-07-20T12:39:46.343+0000][41.806s][2267133][2267139][info ] GC(4) ParOldGen: 10980K->10988K(5592576K)
[2021-07-20T12:39:46.343+0000][41.806s][2267133][2267139][info ] GC(4) Pause Young (Allocation Failure) 2059M->86M(7851M) 15.993ms
[2021-07-20T12:39:46.343+0000][41.806s][2267133][2267139][debug] GC(4) Heap after GC invocations=5 (full 2): PSYoungGen      total 2446848K, used 77654K [0x0000000755580000, 0x0000000800000000, 0x0000000800000000)
[2021-07-20T12:39:46.343+0000][41.806s][2267133][2267139][debug] GC(4)   eden space 2097664K, 0% used [0x0000000755580000,0x0000000755580000,0x00000007d5600000)
[2021-07-20T12:39:46.343+0000][41.806s][2267133][2267139][debug] GC(4)   from space 349184K, 22% used [0x00000007d5600000,0x00000007da1d5800,0x00000007eab00000)
[2021-07-20T12:39:46.343+0000][41.806s][2267133][2267139][debug] GC(4)   to   space 349184K, 0% used [0x00000007eab00000,0x00000007eab00000,0x0000000800000000)
[2021-07-20T12:39:46.343+0000][41.806s][2267133][2267139][debug] GC(4)  ParOldGen       total 5592576K, used 10988K [0x0000000600000000, 0x0000000755580000, 0x0000000755580000)
[2021-07-20T12:39:46.343+0000][41.806s][2267133][2267139][debug] GC(4)   object space 5592576K, 0% used [0x0000000600000000,0x0000000600abb398,0x0000000755580000)
[2021-07-20T12:39:46.343+0000][41.806s][2267133][2267139][debug] GC(4)  Metaspace       used 57059K, capacity 58728K, committed 58928K, reserved 1099776K
[2021-07-20T12:39:46.343+0000][41.806s][2267133][2267139][debug] GC(4)   class space    used 7084K, capacity 7773K, committed 7808K, reserved 1048576K
[2021-07-20T12:39:46.343+0000][41.806s][2267133][2267139][info ] Leaving safepoint region
[2021-07-20T12:39:46.343+0000][41.806s][2267133][2267139][info ] Total time for which application threads were stopped: 0.0191699 seconds, Stopping threads took: 0.0023957 seconds
[2021-07-20T12:39:46.363+0000][41.826s][2267133][2267139][info ] Application time: 0.0199260 seconds
[2021-07-20T12:39:46.364+0000][41.827s][2267133][2267139][info ] Entering safepoint region: CollectForMetadataAllocation
[2021-07-20T12:39:46.365+0000][41.827s][2267133][2267139][debug] GC(5) Heap before GC invocations=6 (full 2): PSYoungGen      total 2446848K, used 481549K [0x0000000755580000, 0x0000000800000000, 0x0000000800000000)
[2021-07-20T12:39:46.365+0000][41.827s][2267133][2267139][debug] GC(5)   eden space 2097664K, 19% used [0x0000000755580000,0x000000076dfede08,0x00000007d5600000)
[2021-07-20T12:39:46.365+0000][41.827s][2267133][2267139][debug] GC(5)   from space 349184K, 22% used [0x00000007d5600000,0x00000007da1d5800,0x00000007eab00000)
[2021-07-20T12:39:46.365+0000][41.827s][2267133][2267139][debug] GC(5)   to   space 349184K, 0% used [0x00000007eab00000,0x00000007eab00000,0x0000000800000000)
[2021-07-20T12:39:46.365+0000][41.827s][2267133][2267139][debug] GC(5)  ParOldGen       total 5592576K, used 10988K [0x0000000600000000, 0x0000000755580000, 0x0000000755580000)
[2021-07-20T12:39:46.365+0000][41.827s][2267133][2267139][debug] GC(5)   object space 5592576K, 0% used [0x0000000600000000,0x0000000600abb398,0x0000000755580000)
[2021-07-20T12:39:46.365+0000][41.827s][2267133][2267139][debug] GC(5)  Metaspace       used 57292K, capacity 58922K, committed 58960K, reserved 1101824K
[2021-07-20T12:39:46.365+0000][41.827s][2267133][2267139][debug] GC(5)   class space    used 7116K, capacity 7795K, committed 7808K, reserved 1048576K
[2021-07-20T12:39:46.377+0000][41.839s][2267133][2267139][debug] GC(5) Desired survivor size 357564416 bytes, new threshold 7 (max threshold 15)
[2021-07-20T12:39:46.377+0000][41.839s][2267133][2267139][info ] GC(5) PSYoungGen: 481549K->78710K(2446848K)
[2021-07-20T12:39:46.377+0000][41.839s][2267133][2267139][info ] GC(5) ParOldGen: 10988K->10996K(5592576K)
[2021-07-20T12:39:46.377+0000][41.839s][2267133][2267139][info ] GC(5) Pause Young (Metadata GC Threshold) 480M->87M(7851M) 12.121ms
[2021-07-20T12:39:46.377+0000][41.839s][2267133][2267139][debug] GC(5) Heap after GC invocations=6 (full 2): PSYoungGen      total 2446848K, used 78710K [0x0000000755580000, 0x0000000800000000, 0x0000000800000000)
[2021-07-20T12:39:46.377+0000][41.839s][2267133][2267139][debug] GC(5)   eden space 2097664K, 0% used [0x0000000755580000,0x0000000755580000,0x00000007d5600000)
[2021-07-20T12:39:46.377+0000][41.839s][2267133][2267139][debug] GC(5)   from space 349184K, 22% used [0x00000007eab00000,0x00000007ef7dd820,0x0000000800000000)
[2021-07-20T12:39:46.377+0000][41.839s][2267133][2267139][debug] GC(5)   to   space 349184K, 0% used [0x00000007d5600000,0x00000007d5600000,0x00000007eab00000)
[2021-07-20T12:39:46.377+0000][41.839s][2267133][2267139][debug] GC(5)  ParOldGen       total 5592576K, used 10996K [0x0000000600000000, 0x0000000755580000, 0x0000000755580000)
[2021-07-20T12:39:46.377+0000][41.839s][2267133][2267139][debug] GC(5)   object space 5592576K, 0% used [0x0000000600000000,0x0000000600abd398,0x0000000755580000)
[2021-07-20T12:39:46.377+0000][41.839s][2267133][2267139][debug] GC(5)  Metaspace       used 57292K, capacity 58922K, committed 58960K, reserved 1101824K
[2021-07-20T12:39:46.377+0000][41.839s][2267133][2267139][debug] GC(5)   class space    used 7116K, capacity 7795K, committed 7808K, reserved 1048576K
[2021-07-20T12:39:46.377+0000][41.839s][2267133][2267139][debug] GC(6) Heap before GC invocations=7 (full 3): PSYoungGen      total 2446848K, used 78710K [0x0000000755580000, 0x0000000800000000, 0x0000000800000000)
[2021-07-20T12:39:46.377+0000][41.839s][2267133][2267139][debug] GC(6)   eden space 2097664K, 0% used [0x0000000755580000,0x0000000755580000,0x00000007d5600000)
[2021-07-20T12:39:46.377+0000][41.839s][2267133][2267139][debug] GC(6)   from space 349184K, 22% used [0x00000007eab00000,0x00000007ef7dd820,0x0000000800000000)
[2021-07-20T12:39:46.377+0000][41.839s][2267133][2267139][debug] GC(6)   to   space 349184K, 0% used [0x00000007d5600000,0x00000007d5600000,0x00000007eab00000)
[2021-07-20T12:39:46.377+0000][41.839s][2267133][2267139][debug] GC(6)  ParOldGen       total 5592576K, used 10996K [0x0000000600000000, 0x0000000755580000, 0x0000000755580000)
[2021-07-20T12:39:46.377+0000][41.839s][2267133][2267139][debug] GC(6)   object space 5592576K, 0% used [0x0000000600000000,0x0000000600abd398,0x0000000755580000)
[2021-07-20T12:39:46.377+0000][41.839s][2267133][2267139][debug] GC(6)  Metaspace       used 57292K, capacity 58922K, committed 58960K, reserved 1101824K
[2021-07-20T12:39:46.377+0000][41.840s][2267133][2267139][debug] GC(6)   class space    used 7116K, capacity 7795K, committed 7808K, reserved 1048576K
[2021-07-20T12:39:46.510+0000][41.973s][2267133][2267139][info ] GC(6) PSYoungGen: 78710K->0K(2446848K)
[2021-07-20T12:39:46.510+0000][41.973s][2267133][2267139][info ] GC(6) ParOldGen: 10996K->88407K(5592576K)
[2021-07-20T12:39:46.510+0000][41.973s][2267133][2267139][info ] GC(6) Pause Full (Metadata GC Threshold) 87M->86M(7851M) 133.097ms
[2021-07-20T12:39:46.510+0000][41.973s][2267133][2267139][debug] GC(6) Heap after GC invocations=7 (full 3): PSYoungGen      total 2446848K, used 0K [0x0000000755580000, 0x0000000800000000, 0x0000000800000000)
[2021-07-20T12:39:46.510+0000][41.973s][2267133][2267139][debug] GC(6)   eden space 2097664K, 0% used [0x0000000755580000,0x0000000755580000,0x00000007d5600000)
[2021-07-20T12:39:46.510+0000][41.973s][2267133][2267139][debug] GC(6)   from space 349184K, 0% used [0x00000007eab00000,0x00000007eab00000,0x0000000800000000)
[2021-07-20T12:39:46.510+0000][41.973s][2267133][2267139][debug] GC(6)   to   space 349184K, 0% used [0x00000007d5600000,0x00000007d5600000,0x00000007eab00000)
[2021-07-20T12:39:46.510+0000][41.973s][2267133][2267139][debug] GC(6)  ParOldGen       total 5592576K, used 88407K [0x0000000600000000, 0x0000000755580000, 0x0000000755580000)
[2021-07-20T12:39:46.510+0000][41.973s][2267133][2267139][debug] GC(6)   object space 5592576K, 1% used [0x0000000600000000,0x0000000605655c60,0x0000000755580000)
[2021-07-20T12:39:46.510+0000][41.973s][2267133][2267139][debug] GC(6)  Metaspace       used 57131K, capacity 58652K, committed 58960K, reserved 1101824K
[2021-07-20T12:39:46.510+0000][41.973s][2267133][2267139][debug] GC(6)   class space    used 7062K, capacity 7698K, committed 7808K, reserved 1048576K
[2021-07-20T12:39:46.510+0000][41.973s][2267133][2267139][info ] Leaving safepoint region
[2021-07-20T12:39:46.510+0000][41.973s][2267133][2267139][info ] Total time for which application threads were stopped: 0.1470980 seconds, Stopping threads took: 0.0010816 seconds
[2021-07-20T12:39:46.678+0000][42.140s][2267133][2267139][info ] Application time: 0.1672450 seconds
[2021-07-20T12:39:46.678+0000][42.141s][2267133][2267139][info ] Entering safepoint region: ICBufferFull
[2021-07-20T12:39:46.679+0000][42.141s][2267133][2267139][info ] Leaving safepoint region
[2021-07-20T12:39:46.679+0000][42.141s][2267133][2267139][info ] Total time for which application threads were stopped: 0.0012520 seconds, Stopping threads took: 0.0007267 seconds
[2021-07-20T12:39:46.998+0000][42.460s][2267133][2267139][info ] Application time: 0.3190165 seconds
[2021-07-20T12:39:46.998+0000][42.461s][2267133][2267139][info ] Entering safepoint region: ICBufferFull
[2021-07-20T12:39:46.999+0000][42.461s][2267133][2267139][info ] Leaving safepoint region
[2021-07-20T12:39:46.999+0000][42.461s][2267133][2267139][info ] Total time for which application threads were stopped: 0.0005829 seconds, Stopping threads took: 0.0001070 seconds
[2021-07-20T12:39:47.999+0000][43.461s][2267133][2267139][info ] Application time: 1.0000754 seconds
[2021-07-20T12:39:48.003+0000][43.465s][2267133][2267139][info ] Entering safepoint region: Cleanup
[2021-07-20T12:39:48.003+0000][43.466s][2267133][2267139][info ] Leaving safepoint region
[2021-07-20T12:39:48.003+0000][43.466s][2267133][2267139][info ] Total time for which application threads were stopped: 0.0047819 seconds, Stopping threads took: 0.0043430 seconds
[2021-07-20T12:39:48.742+0000][44.205s][2267133][2267139][info ] Application time: 0.7387834 seconds
[2021-07-20T12:39:48.743+0000][44.206s][2267133][2267139][info ] Entering safepoint region: ParallelGCFailedAllocation
[2021-07-20T12:39:48.744+0000][44.206s][2267133][2267139][debug] GC(7) Heap before GC invocations=8 (full 3): PSYoungGen      total 2446848K, used 2097664K [0x0000000755580000, 0x0000000800000000, 0x0000000800000000)
[2021-07-20T12:39:48.744+0000][44.206s][2267133][2267139][debug] GC(7)   eden space 2097664K, 100% used [0x0000000755580000,0x00000007d5600000,0x00000007d5600000)
[2021-07-20T12:39:48.744+0000][44.206s][2267133][2267139][debug] GC(7)   from space 349184K, 0% used [0x00000007eab00000,0x00000007eab00000,0x0000000800000000)
[2021-07-20T12:39:48.744+0000][44.206s][2267133][2267139][debug] GC(7)   to   space 349184K, 0% used [0x00000007d5600000,0x00000007d5600000,0x00000007eab00000)
[2021-07-20T12:39:48.744+0000][44.206s][2267133][2267139][debug] GC(7)  ParOldGen       total 5592576K, used 88407K [0x0000000600000000, 0x0000000755580000, 0x0000000755580000)
[2021-07-20T12:39:48.744+0000][44.206s][2267133][2267139][debug] GC(7)   object space 5592576K, 1% used [0x0000000600000000,0x0000000605655c60,0x0000000755580000)
[2021-07-20T12:39:48.744+0000][44.206s][2267133][2267139][debug] GC(7)  Metaspace       used 57148K, capacity 58724K, committed 59216K, reserved 1101824K
[2021-07-20T12:39:48.744+0000][44.206s][2267133][2267139][debug] GC(7)   class space    used 7065K, capacity 7701K, committed 7808K, reserved 1048576K
[2021-07-20T12:39:48.787+0000][44.250s][2267133][2267139][debug] GC(7) Desired survivor size 218103808 bytes, new threshold 6 (max threshold 15)
[2021-07-20T12:39:48.787+0000][44.250s][2267133][2267139][info ] GC(7) PSYoungGen: 2097664K->217585K(2446848K)
[2021-07-20T12:39:48.787+0000][44.250s][2267133][2267139][info ] GC(7) ParOldGen: 88407K->88415K(5592576K)
[2021-07-20T12:39:48.787+0000][44.250s][2267133][2267139][info ] GC(7) Pause Young (Allocation Failure) 2134M->298M(7851M) 43.365ms
[2021-07-20T12:39:48.787+0000][44.250s][2267133][2267139][debug] GC(7) Heap after GC invocations=8 (full 3): PSYoungGen      total 2446848K, used 217585K [0x0000000755580000, 0x0000000800000000, 0x0000000800000000)
[2021-07-20T12:39:48.787+0000][44.250s][2267133][2267139][debug] GC(7)   eden space 2097664K, 0% used [0x0000000755580000,0x0000000755580000,0x00000007d5600000)
[2021-07-20T12:39:48.787+0000][44.250s][2267133][2267139][debug] GC(7)   from space 349184K, 62% used [0x00000007d5600000,0x00000007e2a7c4d8,0x00000007eab00000)
[2021-07-20T12:39:48.787+0000][44.250s][2267133][2267139][debug] GC(7)   to   space 212992K, 0% used [0x00000007f3000000,0x00000007f3000000,0x0000000800000000)
[2021-07-20T12:39:48.787+0000][44.250s][2267133][2267139][debug] GC(7)  ParOldGen       total 5592576K, used 88415K [0x0000000600000000, 0x0000000755580000, 0x0000000755580000)
[2021-07-20T12:39:48.787+0000][44.250s][2267133][2267139][debug] GC(7)   object space 5592576K, 1% used [0x0000000600000000,0x0000000605657c60,0x0000000755580000)
[2021-07-20T12:39:48.787+0000][44.250s][2267133][2267139][debug] GC(7)  Metaspace       used 57148K, capacity 58724K, committed 59216K, reserved 1101824K
[2021-07-20T12:39:48.787+0000][44.250s][2267133][2267139][debug] GC(7)   class space    used 7065K, capacity 7701K, committed 7808K, reserved 1048576K
[2021-07-20T12:39:48.787+0000][44.250s][2267133][2267139][info ] Leaving safepoint region
[2021-07-20T12:39:48.787+0000][44.250s][2267133][2267139][info ] Total time for which application threads were stopped: 0.0451017 seconds, Stopping threads took: 0.0011080 seconds
[2021-07-20T12:39:49.372+0000][44.835s][2267133][2267139][info ] Application time: 0.5848915 seconds
[2021-07-20T12:39:49.374+0000][44.836s][2267133][2267139][info ] Entering safepoint region: ICBufferFull
[2021-07-20T12:39:49.374+0000][44.837s][2267133][2267139][info ] Leaving safepoint region
[2021-07-20T12:39:49.374+0000][44.837s][2267133][2267139][info ] Total time for which application threads were stopped: 0.0020249 seconds, Stopping threads took: 0.0012079 seconds
[2021-07-20T12:39:49.439+0000][44.901s][2267133][2267139][info ] Application time: 0.0641538 seconds
[2021-07-20T12:39:49.439+0000][44.902s][2267133][2267139][info ] Entering safepoint region: ICBufferFull
[2021-07-20T12:39:49.440+0000][44.902s][2267133][2267139][info ] Leaving safepoint region
[2021-07-20T12:39:49.440+0000][44.902s][2267133][2267139][info ] Total time for which application threads were stopped: 0.0012339 seconds, Stopping threads took: 0.0008136 seconds
[2021-07-20T12:39:49.847+0000][45.310s][2267133][2267139][info ] Application time: 0.4074117 seconds
[2021-07-20T12:39:49.847+0000][45.310s][2267133][2267139][info ] Entering safepoint region: ICBufferFull
[2021-07-20T12:39:49.848+0000][45.311s][2267133][2267139][info ] Leaving safepoint region
[2021-07-20T12:39:49.848+0000][45.311s][2267133][2267139][info ] Total time for which application threads were stopped: 0.0008469 seconds, Stopping threads took: 0.0001338 seconds
[2021-07-20T12:39:50.224+0000][45.687s][2267133][2267139][info ] Application time: 0.3760528 seconds
[2021-07-20T12:39:50.224+0000][45.687s][2267133][2267139][info ] Entering safepoint region: Deoptimize
[2021-07-20T12:39:50.226+0000][45.688s][2267133][2267139][info ] Leaving safepoint region
[2021-07-20T12:39:50.226+0000][45.688s][2267133][2267139][info ] Total time for which application threads were stopped: 0.0015480 seconds, Stopping threads took: 0.0001709 seconds
[2021-07-20T12:39:50.482+0000][45.945s][2267133][2267139][info ] Application time: 0.2562968 seconds
[2021-07-20T12:39:50.484+0000][45.947s][2267133][2267139][info ] Entering safepoint region: ParallelGCFailedAllocation
[2021-07-20T12:39:50.485+0000][45.947s][2267133][2267139][debug] GC(8) Heap before GC invocations=9 (full 3): PSYoungGen      total 2446848K, used 2315249K [0x0000000755580000, 0x0000000800000000, 0x0000000800000000)
[2021-07-20T12:39:50.485+0000][45.947s][2267133][2267139][debug] GC(8)   eden space 2097664K, 100% used [0x0000000755580000,0x00000007d5600000,0x00000007d5600000)
[2021-07-20T12:39:50.485+0000][45.947s][2267133][2267139][debug] GC(8)   from space 349184K, 62% used [0x00000007d5600000,0x00000007e2a7c4d8,0x00000007eab00000)
[2021-07-20T12:39:50.485+0000][45.947s][2267133][2267139][debug] GC(8)   to   space 212992K, 0% used [0x00000007f3000000,0x00000007f3000000,0x0000000800000000)
[2021-07-20T12:39:50.485+0000][45.947s][2267133][2267139][debug] GC(8)  ParOldGen       total 5592576K, used 88415K [0x0000000600000000, 0x0000000755580000, 0x0000000755580000)
[2021-07-20T12:39:50.485+0000][45.947s][2267133][2267139][debug] GC(8)   object space 5592576K, 1% used [0x0000000600000000,0x0000000605657c60,0x0000000755580000)
[2021-07-20T12:39:50.485+0000][45.947s][2267133][2267139][debug] GC(8)  Metaspace       used 57186K, capacity 58770K, committed 59344K, reserved 1101824K
[2021-07-20T12:39:50.485+0000][45.947s][2267133][2267139][debug] GC(8)   class space    used 7074K, capacity 7736K, committed 7936K, reserved 1048576K
[2021-07-20T12:39:50.591+0000][46.054s][2267133][2267139][debug] GC(8) Desired survivor size 397934592 bytes, new threshold 5 (max threshold 15)
[2021-07-20T12:39:50.592+0000][46.054s][2267133][2267139][info ] GC(8) PSYoungGen: 2315249K->212961K(2231808K)
[2021-07-20T12:39:50.592+0000][46.054s][2267133][2267139][info ] GC(8) ParOldGen: 88415K->302839K(5592576K)
[2021-07-20T12:39:50.592+0000][46.054s][2267133][2267139][info ] GC(8) Pause Young (Allocation Failure) 2347M->503M(7641M) 106.705ms
[2021-07-20T12:39:50.592+0000][46.054s][2267133][2267139][debug] GC(8) Heap after GC invocations=9 (full 3): PSYoungGen      total 2231808K, used 212961K [0x0000000755580000, 0x0000000800000000, 0x0000000800000000)
[2021-07-20T12:39:50.592+0000][46.054s][2267133][2267139][debug] GC(8)   eden space 2018816K, 0% used [0x0000000755580000,0x0000000755580000,0x00000007d0900000)
[2021-07-20T12:39:50.592+0000][46.054s][2267133][2267139][debug] GC(8)   from space 212992K, 99% used [0x00000007f3000000,0x00000007ffff8700,0x0000000800000000)
[2021-07-20T12:39:50.592+0000][46.054s][2267133][2267139][debug] GC(8)   to   space 388608K, 0% used [0x00000007d0900000,0x00000007d0900000,0x00000007e8480000)
[2021-07-20T12:39:50.592+0000][46.054s][2267133][2267139][debug] GC(8)  ParOldGen       total 5592576K, used 302839K [0x0000000600000000, 0x0000000755580000, 0x0000000755580000)
[2021-07-20T12:39:50.592+0000][46.054s][2267133][2267139][debug] GC(8)   object space 5592576K, 5% used [0x0000000600000000,0x00000006127bdd08,0x0000000755580000)
[2021-07-20T12:39:50.592+0000][46.054s][2267133][2267139][debug] GC(8)  Metaspace       used 57186K, capacity 58770K, committed 59344K, reserved 1101824K
[2021-07-20T12:39:50.592+0000][46.054s][2267133][2267139][debug] GC(8)   class space    used 7074K, capacity 7736K, committed 7936K, reserved 1048576K
[2021-07-20T12:39:50.592+0000][46.054s][2267133][2267139][info ] Leaving safepoint region
[2021-07-20T12:39:50.592+0000][46.054s][2267133][2267139][info ] Total time for which application threads were stopped: 0.1096630 seconds, Stopping threads took: 0.0022867 seconds
[2021-07-20T12:39:51.592+0000][47.054s][2267133][2267139][info ] Application time: 1.0000741 seconds
[2021-07-20T12:39:51.592+0000][47.055s][2267133][2267139][info ] Entering safepoint region: Cleanup
[2021-07-20T12:39:51.592+0000][47.055s][2267133][2267139][info ] Leaving safepoint region
[2021-07-20T12:39:51.592+0000][47.055s][2267133][2267139][info ] Total time for which application threads were stopped: 0.0005003 seconds, Stopping threads took: 0.0001579 seconds
[2021-07-20T12:39:51.869+0000][47.331s][2267133][2267139][info ] Application time: 0.2765055 seconds
[2021-07-20T12:39:51.869+0000][47.332s][2267133][2267139][info ] Entering safepoint region: ParallelGCFailedAllocation
[2021-07-20T12:39:51.869+0000][47.332s][2267133][2267139][debug] GC(9) Heap before GC invocations=10 (full 3): PSYoungGen      total 2231808K, used 2231777K [0x0000000755580000, 0x0000000800000000, 0x0000000800000000)
[2021-07-20T12:39:51.870+0000][47.332s][2267133][2267139][debug] GC(9)   eden space 2018816K, 100% used [0x0000000755580000,0x00000007d0900000,0x00000007d0900000)
[2021-07-20T12:39:51.870+0000][47.332s][2267133][2267139][debug] GC(9)   from space 212992K, 99% used [0x00000007f3000000,0x00000007ffff8700,0x0000000800000000)
[2021-07-20T12:39:51.870+0000][47.332s][2267133][2267139][debug] GC(9)   to   space 388608K, 0% used [0x00000007d0900000,0x00000007d0900000,0x00000007e8480000)
[2021-07-20T12:39:51.870+0000][47.332s][2267133][2267139][debug] GC(9)  ParOldGen       total 5592576K, used 302839K [0x0000000600000000, 0x0000000755580000, 0x0000000755580000)
[2021-07-20T12:39:51.870+0000][47.332s][2267133][2267139][debug] GC(9)   object space 5592576K, 5% used [0x0000000600000000,0x00000006127bdd08,0x0000000755580000)
[2021-07-20T12:39:51.870+0000][47.332s][2267133][2267139][debug] GC(9)  Metaspace       used 57194K, capacity 58770K, committed 59344K, reserved 1101824K
[2021-07-20T12:39:51.870+0000][47.332s][2267133][2267139][debug] GC(9)   class space    used 7074K, capacity 7736K, committed 7936K, reserved 1048576K
[2021-07-20T12:39:51.956+0000][47.419s][2267133][2267139][debug] GC(9) Desired survivor size 515899392 bytes, new threshold 4 (max threshold 15)
[2021-07-20T12:39:51.957+0000][47.420s][2267133][2267139][info ] GC(9) PSYoungGen: 2231777K->388578K(2407424K)
[2021-07-20T12:39:51.957+0000][47.420s][2267133][2267139][info ] GC(9) ParOldGen: 302839K->348815K(5592576K)
[2021-07-20T12:39:51.957+0000][47.420s][2267133][2267139][info ] GC(9) Pause Young (Allocation Failure) 2475M->720M(7812M) 87.734ms
[2021-07-20T12:39:51.957+0000][47.420s][2267133][2267139][debug] GC(9) Heap after GC invocations=10 (full 3): PSYoungGen      total 2407424K, used 388578K [0x0000000755580000, 0x0000000800000000, 0x0000000800000000)
[2021-07-20T12:39:51.957+0000][47.420s][2267133][2267139][debug] GC(9)   eden space 2018816K, 0% used [0x0000000755580000,0x0000000755580000,0x00000007d0900000)
[2021-07-20T12:39:51.957+0000][47.420s][2267133][2267139][debug] GC(9)   from space 388608K, 99% used [0x00000007d0900000,0x00000007e84789c0,0x00000007e8480000)
[2021-07-20T12:39:51.957+0000][47.420s][2267133][2267139][debug] GC(9)   to   space 388608K, 0% used [0x00000007e8480000,0x00000007e8480000,0x0000000800000000)
[2021-07-20T12:39:51.957+0000][47.420s][2267133][2267139][debug] GC(9)  ParOldGen       total 5592576K, used 348815K [0x0000000600000000, 0x0000000755580000, 0x0000000755580000)
[2021-07-20T12:39:51.957+0000][47.420s][2267133][2267139][debug] GC(9)   object space 5592576K, 6% used [0x0000000600000000,0x00000006154a3d78,0x0000000755580000)
[2021-07-20T12:39:51.957+0000][47.420s][2267133][2267139][debug] GC(9)  Metaspace       used 57194K, capacity 58770K, committed 59344K, reserved 1101824K
[2021-07-20T12:39:51.957+0000][47.420s][2267133][2267139][debug] GC(9)   class space    used 7074K, capacity 7736K, committed 7936K, reserved 1048576K
[2021-07-20T12:39:51.958+0000][47.420s][2267133][2267139][info ] Leaving safepoint region
[2021-07-20T12:39:51.958+0000][47.420s][2267133][2267139][info ] Total time for which application threads were stopped: 0.0885551 seconds, Stopping threads took: 0.0001938 seconds
[2021-07-20T12:39:52.958+0000][48.420s][2267133][2267139][info ] Application time: 1.0000732 seconds
[2021-07-20T12:39:52.958+0000][48.421s][2267133][2267139][info ] Entering safepoint region: Cleanup
[2021-07-20T12:39:52.959+0000][48.421s][2267133][2267139][info ] Leaving safepoint region
[2021-07-20T12:39:52.959+0000][48.421s][2267133][2267139][info ] Total time for which application threads were stopped: 0.0012992 seconds, Stopping threads took: 0.0007629 seconds
[2021-07-20T12:39:53.190+0000][48.653s][2267133][2267139][info ] Application time: 0.2311642 seconds
[2021-07-20T12:39:53.192+0000][48.655s][2267133][2267139][info ] Entering safepoint region: ParallelGCFailedAllocation
[2021-07-20T12:39:53.193+0000][48.655s][2267133][2267139][debug] GC(10) Heap before GC invocations=11 (full 3): PSYoungGen      total 2407424K, used 2407394K [0x0000000755580000, 0x0000000800000000, 0x0000000800000000)
[2021-07-20T12:39:53.193+0000][48.655s][2267133][2267139][debug] GC(10)   eden space 2018816K, 100% used [0x0000000755580000,0x00000007d0900000,0x00000007d0900000)
[2021-07-20T12:39:53.193+0000][48.655s][2267133][2267139][debug] GC(10)   from space 388608K, 99% used [0x00000007d0900000,0x00000007e84789c0,0x00000007e8480000)
[2021-07-20T12:39:53.193+0000][48.655s][2267133][2267139][debug] GC(10)   to   space 388608K, 0% used [0x00000007e8480000,0x00000007e8480000,0x0000000800000000)
[2021-07-20T12:39:53.193+0000][48.655s][2267133][2267139][debug] GC(10)  ParOldGen       total 5592576K, used 348815K [0x0000000600000000, 0x0000000755580000, 0x0000000755580000)
[2021-07-20T12:39:53.193+0000][48.655s][2267133][2267139][debug] GC(10)   object space 5592576K, 6% used [0x0000000600000000,0x00000006154a3d78,0x0000000755580000)
[2021-07-20T12:39:53.193+0000][48.655s][2267133][2267139][debug] GC(10)  Metaspace       used 57320K, capacity 58846K, committed 59344K, reserved 1101824K
[2021-07-20T12:39:53.193+0000][48.655s][2267133][2267139][debug] GC(10)   class space    used 7081K, capacity 7739K, committed 7936K, reserved 1048576K
[2021-07-20T12:39:53.333+0000][48.795s][2267133][2267139][debug] GC(10) Desired survivor size 668991488 bytes, new threshold 3 (max threshold 15)
[2021-07-20T12:39:53.335+0000][48.798s][2267133][2267139][info ] GC(10) PSYoungGen: 2407394K->388578K(1878016K)
[2021-07-20T12:39:53.335+0000][48.798s][2267133][2267139][info ] GC(10) ParOldGen: 348815K->567285K(5592576K)
[2021-07-20T12:39:53.335+0000][48.798s][2267133][2267139][info ] GC(10) Pause Young (Allocation Failure) 2691M->933M(7295M) 142.316ms
[2021-07-20T12:39:53.335+0000][48.798s][2267133][2267139][debug] GC(10) Heap after GC invocations=11 (full 3): PSYoungGen      total 1878016K, used 388578K [0x0000000755580000, 0x0000000800000000, 0x0000000800000000)
[2021-07-20T12:39:53.335+0000][48.798s][2267133][2267139][debug] GC(10)   eden space 1489408K, 0% used [0x0000000755580000,0x0000000755580000,0x00000007b0400000)
[2021-07-20T12:39:53.335+0000][48.798s][2267133][2267139][debug] GC(10)   from space 388608K, 99% used [0x00000007e8480000,0x00000007ffff8be0,0x0000000800000000)
[2021-07-20T12:39:53.335+0000][48.798s][2267133][2267139][debug] GC(10)   to   space 653312K, 0% used [0x00000007b0400000,0x00000007b0400000,0x00000007d8200000)
[2021-07-20T12:39:53.335+0000][48.798s][2267133][2267139][debug] GC(10)  ParOldGen       total 5592576K, used 567285K [0x0000000600000000, 0x0000000755580000, 0x0000000755580000)
[2021-07-20T12:39:53.335+0000][48.798s][2267133][2267139][debug] GC(10)   object space 5592576K, 10% used [0x0000000600000000,0x00000006229fd400,0x0000000755580000)
[2021-07-20T12:39:53.336+0000][48.798s][2267133][2267139][debug] GC(10)  Metaspace       used 57320K, capacity 58846K, committed 59344K, reserved 1101824K
[2021-07-20T12:39:53.336+0000][48.798s][2267133][2267139][debug] GC(10)   class space    used 7081K, capacity 7739K, committed 7936K, reserved 1048576K
[2021-07-20T12:39:53.336+0000][48.798s][2267133][2267139][info ] Leaving safepoint region
[2021-07-20T12:39:53.336+0000][48.798s][2267133][2267139][info ] Total time for which application threads were stopped: 0.1454073 seconds, Stopping threads took: 0.0022547 seconds
[2021-07-20T12:39:54.167+0000][49.629s][2267133][2267139][info ] Application time: 0.8312935 seconds
[2021-07-20T12:39:54.167+0000][49.630s][2267133][2267139][info ] Entering safepoint region: ParallelGCFailedAllocation
[2021-07-20T12:39:54.168+0000][49.630s][2267133][2267139][debug] GC(11) Heap before GC invocations=12 (full 3): PSYoungGen      total 1878016K, used 1877986K [0x0000000755580000, 0x0000000800000000, 0x0000000800000000)
[2021-07-20T12:39:54.168+0000][49.630s][2267133][2267139][debug] GC(11)   eden space 1489408K, 100% used [0x0000000755580000,0x00000007b0400000,0x00000007b0400000)
[2021-07-20T12:39:54.168+0000][49.630s][2267133][2267139][debug] GC(11)   from space 388608K, 99% used [0x00000007e8480000,0x00000007ffff8be0,0x0000000800000000)
[2021-07-20T12:39:54.168+0000][49.630s][2267133][2267139][debug] GC(11)   to   space 653312K, 0% used [0x00000007b0400000,0x00000007b0400000,0x00000007d8200000)
[2021-07-20T12:39:54.168+0000][49.630s][2267133][2267139][debug] GC(11)  ParOldGen       total 5592576K, used 567285K [0x0000000600000000, 0x0000000755580000, 0x0000000755580000)
[2021-07-20T12:39:54.168+0000][49.630s][2267133][2267139][debug] GC(11)   object space 5592576K, 10% used [0x0000000600000000,0x00000006229fd400,0x0000000755580000)
[2021-07-20T12:39:54.168+0000][49.630s][2267133][2267139][debug] GC(11)  Metaspace       used 57343K, capacity 58974K, committed 59600K, reserved 1101824K
[2021-07-20T12:39:54.168+0000][49.630s][2267133][2267139][debug] GC(11)   class space    used 7081K, capacity 7739K, committed 7936K, reserved 1048576K
[2021-07-20T12:39:54.275+0000][49.737s][2267133][2267139][debug] GC(11) Desired survivor size 671088640 bytes, new threshold 2 (max threshold 15)
[2021-07-20T12:39:54.276+0000][49.739s][2267133][2267139][info ] GC(11) PSYoungGen: 1877986K->348977K(1838592K)
[2021-07-20T12:39:54.276+0000][49.739s][2267133][2267139][info ] GC(11) ParOldGen: 567285K->762374K(5592576K)
[2021-07-20T12:39:54.276+0000][49.739s][2267133][2267139][info ] GC(11) Pause Young (Allocation Failure) 2387M->1085M(7257M) 108.389ms
[2021-07-20T12:39:54.276+0000][49.739s][2267133][2267139][debug] GC(11) Heap after GC invocations=12 (full 3): PSYoungGen      total 1838592K, used 348977K [0x0000000755580000, 0x0000000800000000, 0x0000000800000000)
[2021-07-20T12:39:54.276+0000][49.739s][2267133][2267139][debug] GC(11)   eden space 1489408K, 0% used [0x0000000755580000,0x0000000755580000,0x00000007b0400000)
[2021-07-20T12:39:54.276+0000][49.739s][2267133][2267139][debug] GC(11)   from space 349184K, 99% used [0x00000007b0400000,0x00000007c58cc7b8,0x00000007c5900000)
[2021-07-20T12:39:54.276+0000][49.739s][2267133][2267139][debug] GC(11)   to   space 655360K, 0% used [0x00000007d8000000,0x00000007d8000000,0x0000000800000000)
[2021-07-20T12:39:54.276+0000][49.739s][2267133][2267139][debug] GC(11)  ParOldGen       total 5592576K, used 762374K [0x0000000600000000, 0x0000000755580000, 0x0000000755580000)
[2021-07-20T12:39:54.276+0000][49.739s][2267133][2267139][debug] GC(11)   object space 5592576K, 13% used [0x0000000600000000,0x000000062e881a00,0x0000000755580000)
[2021-07-20T12:39:54.276+0000][49.739s][2267133][2267139][debug] GC(11)  Metaspace       used 57343K, capacity 58974K, committed 59600K, reserved 1101824K
[2021-07-20T12:39:54.276+0000][49.739s][2267133][2267139][debug] GC(11)   class space    used 7081K, capacity 7739K, committed 7936K, reserved 1048576K
[2021-07-20T12:39:54.276+0000][49.739s][2267133][2267139][info ] Leaving safepoint region
[2021-07-20T12:39:54.276+0000][49.739s][2267133][2267139][info ] Total time for which application threads were stopped: 0.1092961 seconds, Stopping threads took: 0.0001863 seconds
[2021-07-20T12:39:55.062+0000][50.525s][2267133][2267139][info ] Application time: 0.7861501 seconds
[2021-07-20T12:39:55.063+0000][50.525s][2267133][2267139][info ] Entering safepoint region: ParallelGCFailedAllocation
[2021-07-20T12:39:55.063+0000][50.526s][2267133][2267139][debug] GC(12) Heap before GC invocations=13 (full 3): PSYoungGen      total 1838592K, used 1838385K [0x0000000755580000, 0x0000000800000000, 0x0000000800000000)
[2021-07-20T12:39:55.063+0000][50.526s][2267133][2267139][debug] GC(12)   eden space 1489408K, 100% used [0x0000000755580000,0x00000007b0400000,0x00000007b0400000)
[2021-07-20T12:39:55.063+0000][50.526s][2267133][2267139][debug] GC(12)   from space 349184K, 99% used [0x00000007b0400000,0x00000007c58cc7b8,0x00000007c5900000)
[2021-07-20T12:39:55.063+0000][50.526s][2267133][2267139][debug] GC(12)   to   space 655360K, 0% used [0x00000007d8000000,0x00000007d8000000,0x0000000800000000)
[2021-07-20T12:39:55.063+0000][50.526s][2267133][2267139][debug] GC(12)  ParOldGen       total 5592576K, used 762374K [0x0000000600000000, 0x0000000755580000, 0x0000000755580000)
[2021-07-20T12:39:55.063+0000][50.526s][2267133][2267139][debug] GC(12)   object space 5592576K, 13% used [0x0000000600000000,0x000000062e881a00,0x0000000755580000)
[2021-07-20T12:39:55.063+0000][50.526s][2267133][2267139][debug] GC(12)  Metaspace       used 57359K, capacity 58974K, committed 59600K, reserved 1101824K
[2021-07-20T12:39:55.063+0000][50.526s][2267133][2267139][debug] GC(12)   class space    used 7081K, capacity 7739K, committed 7936K, reserved 1048576K
[2021-07-20T12:39:55.168+0000][50.630s][2267133][2267139][debug] GC(12) Desired survivor size 654835712 bytes, new threshold 1 (max threshold 15)
[2021-07-20T12:39:55.169+0000][50.632s][2267133][2267139][info ] GC(12) PSYoungGen: 1838385K->308640K(2156544K)
[2021-07-20T12:39:55.169+0000][50.632s][2267133][2267139][info ] GC(12) ParOldGen: 762374K->975048K(5592576K)
[2021-07-20T12:39:55.169+0000][50.632s][2267133][2267139][info ] GC(12) Pause Young (Allocation Failure) 2539M->1253M(7567M) 106.070ms
[2021-07-20T12:39:55.169+0000][50.632s][2267133][2267139][debug] GC(12) Heap after GC invocations=13 (full 3): PSYoungGen      total 2156544K, used 308640K [0x0000000755580000, 0x0000000800000000, 0x0000000800000000)
[2021-07-20T12:39:55.169+0000][50.632s][2267133][2267139][debug] GC(12)   eden space 1501184K, 0% used [0x0000000755580000,0x0000000755580000,0x00000007b0f80000)
[2021-07-20T12:39:55.169+0000][50.632s][2267133][2267139][debug] GC(12)   from space 655360K, 47% used [0x00000007d8000000,0x00000007ead683c0,0x0000000800000000)
[2021-07-20T12:39:55.169+0000][50.632s][2267133][2267139][debug] GC(12)   to   space 639488K, 0% used [0x00000007b0f80000,0x00000007b0f80000,0x00000007d8000000)
[2021-07-20T12:39:55.169+0000][50.632s][2267133][2267139][debug] GC(12)  ParOldGen       total 5592576K, used 975048K [0x0000000600000000, 0x0000000755580000, 0x0000000755580000)
[2021-07-20T12:39:55.169+0000][50.632s][2267133][2267139][debug] GC(12)   object space 5592576K, 17% used [0x0000000600000000,0x000000063b832100,0x0000000755580000)
[2021-07-20T12:39:55.169+0000][50.632s][2267133][2267139][debug] GC(12)  Metaspace       used 57359K, capacity 58974K, committed 59600K, reserved 1101824K
[2021-07-20T12:39:55.169+0000][50.632s][2267133][2267139][debug] GC(12)   class space    used 7081K, capacity 7739K, committed 7936K, reserved 1048576K
[2021-07-20T12:39:55.169+0000][50.632s][2267133][2267139][info ] Leaving safepoint region
[2021-07-20T12:39:55.169+0000][50.632s][2267133][2267139][info ] Total time for which application threads were stopped: 0.1069255 seconds, Stopping threads took: 0.0002545 seconds
[2021-07-20T12:39:55.960+0000][51.423s][2267133][2267139][info ] Application time: 0.7907936 seconds
[2021-07-20T12:39:55.960+0000][51.423s][2267133][2267139][info ] Entering safepoint region: ParallelGCFailedAllocation
[2021-07-20T12:39:55.961+0000][51.423s][2267133][2267139][debug] GC(13) Heap before GC invocations=14 (full 3): PSYoungGen      total 2156544K, used 1809824K [0x0000000755580000, 0x0000000800000000, 0x0000000800000000)
[2021-07-20T12:39:55.961+0000][51.423s][2267133][2267139][debug] GC(13)   eden space 1501184K, 100% used [0x0000000755580000,0x00000007b0f80000,0x00000007b0f80000)
[2021-07-20T12:39:55.961+0000][51.423s][2267133][2267139][debug] GC(13)   from space 655360K, 47% used [0x00000007d8000000,0x00000007ead683c0,0x0000000800000000)
[2021-07-20T12:39:55.961+0000][51.423s][2267133][2267139][debug] GC(13)   to   space 639488K, 0% used [0x00000007b0f80000,0x00000007b0f80000,0x00000007d8000000)
[2021-07-20T12:39:55.961+0000][51.423s][2267133][2267139][debug] GC(13)  ParOldGen       total 5592576K, used 975048K [0x0000000600000000, 0x0000000755580000, 0x0000000755580000)
[2021-07-20T12:39:55.961+0000][51.423s][2267133][2267139][debug] GC(13)   object space 5592576K, 17% used [0x0000000600000000,0x000000063b832100,0x0000000755580000)
[2021-07-20T12:39:55.961+0000][51.423s][2267133][2267139][debug] GC(13)  Metaspace       used 57362K, capacity 58974K, committed 59600K, reserved 1101824K
[2021-07-20T12:39:55.961+0000][51.423s][2267133][2267139][debug] GC(13)   class space    used 7081K, capacity 7739K, committed 7936K, reserved 1048576K
[2021-07-20T12:39:56.076+0000][51.539s][2267133][2267139][debug] GC(13) Desired survivor size 629145600 bytes, new threshold 1 (max threshold 15)
[2021-07-20T12:39:56.076+0000][51.539s][2267133][2267139][info ] GC(13) PSYoungGen: 1809824K->163840K(2140672K)
[2021-07-20T12:39:56.076+0000][51.539s][2267133][2267139][info ] GC(13) ParOldGen: 975048K->1307833K(5592576K)
[2021-07-20T12:39:56.076+0000][51.539s][2267133][2267139][info ] GC(13) Pause Young (Allocation Failure) 2719M->1437M(7552M) 115.615ms
[2021-07-20T12:39:56.076+0000][51.539s][2267133][2267139][debug] GC(13) Heap after GC invocations=14 (full 3): PSYoungGen      total 2140672K, used 163840K [0x0000000755580000, 0x0000000800000000, 0x0000000800000000)
[2021-07-20T12:39:56.076+0000][51.539s][2267133][2267139][debug] GC(13)   eden space 1501184K, 0% used [0x0000000755580000,0x0000000755580000,0x00000007b0f80000)
[2021-07-20T12:39:56.076+0000][51.539s][2267133][2267139][debug] GC(13)   from space 639488K, 25% used [0x00000007b0f80000,0x00000007baf80258,0x00000007d8000000)
[2021-07-20T12:39:56.076+0000][51.539s][2267133][2267139][debug] GC(13)   to   space 614400K, 0% used [0x00000007da800000,0x00000007da800000,0x0000000800000000)
[2021-07-20T12:39:56.076+0000][51.539s][2267133][2267139][debug] GC(13)  ParOldGen       total 5592576K, used 1307833K [0x0000000600000000, 0x0000000755580000, 0x0000000755580000)
[2021-07-20T12:39:56.076+0000][51.539s][2267133][2267139][debug] GC(13)   object space 5592576K, 23% used [0x0000000600000000,0x000000064fd2e630,0x0000000755580000)
[2021-07-20T12:39:56.077+0000][51.539s][2267133][2267139][debug] GC(13)  Metaspace       used 57362K, capacity 58974K, committed 59600K, reserved 1101824K
[2021-07-20T12:39:56.077+0000][51.539s][2267133][2267139][debug] GC(13)   class space    used 7081K, capacity 7739K, committed 7936K, reserved 1048576K
[2021-07-20T12:39:56.077+0000][51.539s][2267133][2267139][info ] Leaving safepoint region
[2021-07-20T12:39:56.077+0000][51.539s][2267133][2267139][info ] Total time for which application threads were stopped: 0.1163474 seconds, Stopping threads took: 0.0001673 seconds
[2021-07-20T12:39:56.874+0000][52.337s][2267133][2267139][info ] Application time: 0.7977825 seconds
[2021-07-20T12:39:56.875+0000][52.338s][2267133][2267139][info ] Entering safepoint region: ParallelGCFailedAllocation
[2021-07-20T12:39:56.876+0000][52.339s][2267133][2267139][debug] GC(14) Heap before GC invocations=15 (full 3): PSYoungGen      total 2140672K, used 1665024K [0x0000000755580000, 0x0000000800000000, 0x0000000800000000)
[2021-07-20T12:39:56.876+0000][52.339s][2267133][2267139][debug] GC(14)   eden space 1501184K, 100% used [0x0000000755580000,0x00000007b0f80000,0x00000007b0f80000)
[2021-07-20T12:39:56.876+0000][52.339s][2267133][2267139][debug] GC(14)   from space 639488K, 25% used [0x00000007b0f80000,0x00000007baf80258,0x00000007d8000000)
[2021-07-20T12:39:56.876+0000][52.339s][2267133][2267139][debug] GC(14)   to   space 614400K, 0% used [0x00000007da800000,0x00000007da800000,0x0000000800000000)
[2021-07-20T12:39:56.876+0000][52.339s][2267133][2267139][debug] GC(14)  ParOldGen       total 5592576K, used 1307833K [0x0000000600000000, 0x0000000755580000, 0x0000000755580000)
[2021-07-20T12:39:56.876+0000][52.339s][2267133][2267139][debug] GC(14)   object space 5592576K, 23% used [0x0000000600000000,0x000000064fd2e630,0x0000000755580000)
[2021-07-20T12:39:56.876+0000][52.339s][2267133][2267139][debug] GC(14)  Metaspace       used 57371K, capacity 58974K, committed 59600K, reserved 1101824K
[2021-07-20T12:39:56.876+0000][52.339s][2267133][2267139][debug] GC(14)   class space    used 7081K, capacity 7739K, committed 7936K, reserved 1048576K
[2021-07-20T12:39:56.960+0000][52.423s][2267133][2267139][debug] GC(14) Desired survivor size 604504064 bytes, new threshold 1 (max threshold 15)
[2021-07-20T12:39:56.961+0000][52.423s][2267133][2267139][info ] GC(14) PSYoungGen: 1665024K->158416K(2205696K)
[2021-07-20T12:39:56.961+0000][52.423s][2267133][2267139][info ] GC(14) ParOldGen: 1307833K->1486962K(5592576K)
[2021-07-20T12:39:56.961+0000][52.423s][2267133][2267139][info ] GC(14) Pause Young (Allocation Failure) 2903M->1606M(7615M) 84.440ms
[2021-07-20T12:39:56.961+0000][52.423s][2267133][2267139][debug] GC(14) Heap after GC invocations=15 (full 3): PSYoungGen      total 2205696K, used 158416K [0x0000000755580000, 0x0000000800000000, 0x0000000800000000)
[2021-07-20T12:39:56.961+0000][52.423s][2267133][2267139][debug] GC(14)   eden space 1591296K, 0% used [0x0000000755580000,0x0000000755580000,0x00000007b6780000)
[2021-07-20T12:39:56.961+0000][52.423s][2267133][2267139][debug] GC(14)   from space 614400K, 25% used [0x00000007da800000,0x00000007e42b4280,0x0000000800000000)
[2021-07-20T12:39:56.961+0000][52.423s][2267133][2267139][debug] GC(14)   to   space 590336K, 0% used [0x00000007b6780000,0x00000007b6780000,0x00000007da800000)
[2021-07-20T12:39:56.961+0000][52.423s][2267133][2267139][debug] GC(14)  ParOldGen       total 5592576K, used 1486962K [0x0000000600000000, 0x0000000755580000, 0x0000000755580000)
[2021-07-20T12:39:56.961+0000][52.423s][2267133][2267139][debug] GC(14)   object space 5592576K, 26% used [0x0000000600000000,0x000000065ac1c988,0x0000000755580000)
[2021-07-20T12:39:56.961+0000][52.423s][2267133][2267139][debug] GC(14)  Metaspace       used 57371K, capacity 58974K, committed 59600K, reserved 1101824K
[2021-07-20T12:39:56.961+0000][52.423s][2267133][2267139][debug] GC(14)   class space    used 7081K, capacity 7739K, committed 7936K, reserved 1048576K
[2021-07-20T12:39:56.961+0000][52.424s][2267133][2267139][info ] Leaving safepoint region
[2021-07-20T12:39:56.961+0000][52.424s][2267133][2267139][info ] Total time for which application threads were stopped: 0.0866466 seconds, Stopping threads took: 0.0011066 seconds
[2021-07-20T12:39:57.763+0000][53.225s][2267133][2267139][info ] Application time: 0.8015434 seconds
[2021-07-20T12:39:57.763+0000][53.226s][2267133][2267139][info ] Entering safepoint region: ParallelGCFailedAllocation
[2021-07-20T12:39:57.764+0000][53.226s][2267133][2267139][debug] GC(15) Heap before GC invocations=16 (full 3): PSYoungGen      total 2205696K, used 1749712K [0x0000000755580000, 0x0000000800000000, 0x0000000800000000)
[2021-07-20T12:39:57.764+0000][53.226s][2267133][2267139][debug] GC(15)   eden space 1591296K, 100% used [0x0000000755580000,0x00000007b6780000,0x00000007b6780000)
[2021-07-20T12:39:57.764+0000][53.226s][2267133][2267139][debug] GC(15)   from space 614400K, 25% used [0x00000007da800000,0x00000007e42b4280,0x0000000800000000)
[2021-07-20T12:39:57.764+0000][53.226s][2267133][2267139][debug] GC(15)   to   space 590336K, 0% used [0x00000007b6780000,0x00000007b6780000,0x00000007da800000)
[2021-07-20T12:39:57.764+0000][53.226s][2267133][2267139][debug] GC(15)  ParOldGen       total 5592576K, used 1486962K [0x0000000600000000, 0x0000000755580000, 0x0000000755580000)
[2021-07-20T12:39:57.764+0000][53.226s][2267133][2267139][debug] GC(15)   object space 5592576K, 26% used [0x0000000600000000,0x000000065ac1c988,0x0000000755580000)
[2021-07-20T12:39:57.764+0000][53.226s][2267133][2267139][debug] GC(15)  Metaspace       used 57373K, capacity 58974K, committed 59600K, reserved 1101824K
[2021-07-20T12:39:57.764+0000][53.226s][2267133][2267139][debug] GC(15)   class space    used 7081K, capacity 7739K, committed 7936K, reserved 1048576K
[2021-07-20T12:39:57.833+0000][53.295s][2267133][2267139][debug] GC(15) Desired survivor size 578813952 bytes, new threshold 1 (max threshold 15)
[2021-07-20T12:39:57.833+0000][53.296s][2267133][2267139][info ] GC(15) PSYoungGen: 1749712K->167216K(2181632K)
[2021-07-20T12:39:57.833+0000][53.296s][2267133][2267139][info ] GC(15) ParOldGen: 1486962K->1662776K(5592576K)
[2021-07-20T12:39:57.833+0000][53.296s][2267133][2267139][info ] GC(15) Pause Young (Allocation Failure) 3160M->1787M(7592M) 69.406ms
[2021-07-20T12:39:57.833+0000][53.296s][2267133][2267139][debug] GC(15) Heap after GC invocations=16 (full 3): PSYoungGen      total 2181632K, used 167216K [0x0000000755580000, 0x0000000800000000, 0x0000000800000000)
[2021-07-20T12:39:57.833+0000][53.296s][2267133][2267139][debug] GC(15)   eden space 1591296K, 0% used [0x0000000755580000,0x0000000755580000,0x00000007b6780000)
[2021-07-20T12:39:57.833+0000][53.296s][2267133][2267139][debug] GC(15)   from space 590336K, 28% used [0x00000007b6780000,0x00000007c0acc288,0x00000007da800000)
[2021-07-20T12:39:57.833+0000][53.296s][2267133][2267139][debug] GC(15)   to   space 565248K, 0% used [0x00000007dd800000,0x00000007dd800000,0x0000000800000000)
[2021-07-20T12:39:57.833+0000][53.296s][2267133][2267139][debug] GC(15)  ParOldGen       total 5592576K, used 1662776K [0x0000000600000000, 0x0000000755580000, 0x0000000755580000)
[2021-07-20T12:39:57.833+0000][53.296s][2267133][2267139][debug] GC(15)   object space 5592576K, 29% used [0x0000000600000000,0x00000006657ce2a0,0x0000000755580000)
[2021-07-20T12:39:57.833+0000][53.296s][2267133][2267139][debug] GC(15)  Metaspace       used 57373K, capacity 58974K, committed 59600K, reserved 1101824K
[2021-07-20T12:39:57.833+0000][53.296s][2267133][2267139][debug] GC(15)   class space    used 7081K, capacity 7739K, committed 7936K, reserved 1048576K
[2021-07-20T12:39:57.833+0000][53.296s][2267133][2267139][info ] Leaving safepoint region
[2021-07-20T12:39:57.833+0000][53.296s][2267133][2267139][info ] Total time for which application threads were stopped: 0.0706484 seconds, Stopping threads took: 0.0006395 seconds
[2021-07-20T12:39:58.653+0000][54.116s][2267133][2267139][info ] Application time: 0.8200197 seconds
[2021-07-20T12:39:58.654+0000][54.117s][2267133][2267139][info ] Entering safepoint region: ParallelGCFailedAllocation
[2021-07-20T12:39:58.655+0000][54.117s][2267133][2267139][debug] GC(16) Heap before GC invocations=17 (full 3): PSYoungGen      total 2181632K, used 1758512K [0x0000000755580000, 0x0000000800000000, 0x0000000800000000)
[2021-07-20T12:39:58.655+0000][54.117s][2267133][2267139][debug] GC(16)   eden space 1591296K, 100% used [0x0000000755580000,0x00000007b6780000,0x00000007b6780000)
[2021-07-20T12:39:58.655+0000][54.117s][2267133][2267139][debug] GC(16)   from space 590336K, 28% used [0x00000007b6780000,0x00000007c0acc288,0x00000007da800000)
[2021-07-20T12:39:58.655+0000][54.117s][2267133][2267139][debug] GC(16)   to   space 565248K, 0% used [0x00000007dd800000,0x00000007dd800000,0x0000000800000000)
[2021-07-20T12:39:58.655+0000][54.117s][2267133][2267139][debug] GC(16)  ParOldGen       total 5592576K, used 1662776K [0x0000000600000000, 0x0000000755580000, 0x0000000755580000)
[2021-07-20T12:39:58.655+0000][54.117s][2267133][2267139][debug] GC(16)   object space 5592576K, 29% used [0x0000000600000000,0x00000006657ce2a0,0x0000000755580000)
[2021-07-20T12:39:58.655+0000][54.117s][2267133][2267139][debug] GC(16)  Metaspace       used 57405K, capacity 58990K, committed 59600K, reserved 1101824K
[2021-07-20T12:39:58.655+0000][54.117s][2267133][2267139][debug] GC(16)   class space    used 7085K, capacity 7743K, committed 7936K, reserved 1048576K
[2021-07-20T12:39:58.733+0000][54.196s][2267133][2267139][debug] GC(16) Desired survivor size 551026688 bytes, new threshold 1 (max threshold 15)
[2021-07-20T12:39:58.734+0000][54.197s][2267133][2267139][info ] GC(16) PSYoungGen: 1758512K->186112K(2257920K)
[2021-07-20T12:39:58.734+0000][54.197s][2267133][2267139][info ] GC(16) ParOldGen: 1662776K->1843353K(5592576K)
[2021-07-20T12:39:58.734+0000][54.197s][2267133][2267139][info ] GC(16) Pause Young (Allocation Failure) 3341M->1981M(7666M) 79.218ms
[2021-07-20T12:39:58.734+0000][54.197s][2267133][2267139][debug] GC(16) Heap after GC invocations=17 (full 3): PSYoungGen      total 2257920K, used 186112K [0x0000000755580000, 0x0000000800000000, 0x0000000800000000)
[2021-07-20T12:39:58.734+0000][54.197s][2267133][2267139][debug] GC(16)   eden space 1692672K, 0% used [0x0000000755580000,0x0000000755580000,0x00000007bca80000)
[2021-07-20T12:39:58.734+0000][54.197s][2267133][2267139][debug] GC(16)   from space 565248K, 32% used [0x00000007dd800000,0x00000007e8dc0338,0x0000000800000000)
[2021-07-20T12:39:58.734+0000][54.197s][2267133][2267139][debug] GC(16)   to   space 538112K, 0% used [0x00000007bca80000,0x00000007bca80000,0x00000007dd800000)
[2021-07-20T12:39:58.734+0000][54.197s][2267133][2267139][debug] GC(16)  ParOldGen       total 5592576K, used 1843353K [0x0000000600000000, 0x0000000755580000, 0x0000000755580000)
[2021-07-20T12:39:58.734+0000][54.197s][2267133][2267139][debug] GC(16)   object space 5592576K, 32% used [0x0000000600000000,0x00000006708265f8,0x0000000755580000)
[2021-07-20T12:39:58.734+0000][54.197s][2267133][2267139][debug] GC(16)  Metaspace       used 57405K, capacity 58990K, committed 59600K, reserved 1101824K
[2021-07-20T12:39:58.734+0000][54.197s][2267133][2267139][debug] GC(16)   class space    used 7085K, capacity 7743K, committed 7936K, reserved 1048576K
[2021-07-20T12:39:58.734+0000][54.197s][2267133][2267139][info ] Leaving safepoint region
[2021-07-20T12:39:58.734+0000][54.197s][2267133][2267139][info ] Total time for which application threads were stopped: 0.0810055 seconds, Stopping threads took: 0.0011134 seconds
[2021-07-20T12:39:59.622+0000][55.084s][2267133][2267139][info ] Application time: 0.8874566 seconds
[2021-07-20T12:39:59.622+0000][55.084s][2267133][2267139][info ] Entering safepoint region: ParallelGCFailedAllocation
[2021-07-20T12:39:59.622+0000][55.085s][2267133][2267139][debug] GC(17) Heap before GC invocations=18 (full 3): PSYoungGen      total 2257920K, used 1878784K [0x0000000755580000, 0x0000000800000000, 0x0000000800000000)
[2021-07-20T12:39:59.622+0000][55.085s][2267133][2267139][debug] GC(17)   eden space 1692672K, 100% used [0x0000000755580000,0x00000007bca80000,0x00000007bca80000)
[2021-07-20T12:39:59.622+0000][55.085s][2267133][2267139][debug] GC(17)   from space 565248K, 32% used [0x00000007dd800000,0x00000007e8dc0338,0x0000000800000000)
[2021-07-20T12:39:59.622+0000][55.085s][2267133][2267139][debug] GC(17)   to   space 538112K, 0% used [0x00000007bca80000,0x00000007bca80000,0x00000007dd800000)
[2021-07-20T12:39:59.622+0000][55.085s][2267133][2267139][debug] GC(17)  ParOldGen       total 5592576K, used 1843353K [0x0000000600000000, 0x0000000755580000, 0x0000000755580000)
[2021-07-20T12:39:59.622+0000][55.085s][2267133][2267139][debug] GC(17)   object space 5592576K, 32% used [0x0000000600000000,0x00000006708265f8,0x0000000755580000)
[2021-07-20T12:39:59.622+0000][55.085s][2267133][2267139][debug] GC(17)  Metaspace       used 57406K, capacity 58990K, committed 59600K, reserved 1101824K
[2021-07-20T12:39:59.622+0000][55.085s][2267133][2267139][debug] GC(17)   class space    used 7085K, capacity 7743K, committed 7936K, reserved 1048576K
[2021-07-20T12:39:59.711+0000][55.173s][2267133][2267139][debug] GC(17) Desired survivor size 522715136 bytes, new threshold 1 (max threshold 15)
[2021-07-20T12:39:59.711+0000][55.173s][2267133][2267139][info ] GC(17) PSYoungGen: 1878784K->195152K(2230784K)
[2021-07-20T12:39:59.711+0000][55.173s][2267133][2267139][info ] GC(17) ParOldGen: 1843353K->2041706K(5592576K)
[2021-07-20T12:39:59.711+0000][55.173s][2267133][2267139][info ] GC(17) Pause Young (Allocation Failure) 3634M->2184M(7640M) 88.330ms
[2021-07-20T12:39:59.711+0000][55.173s][2267133][2267139][debug] GC(17) Heap after GC invocations=18 (full 3): PSYoungGen      total 2230784K, used 195152K [0x0000000755580000, 0x0000000800000000, 0x0000000800000000)
[2021-07-20T12:39:59.711+0000][55.173s][2267133][2267139][debug] GC(17)   eden space 1692672K, 0% used [0x0000000755580000,0x0000000755580000,0x00000007bca80000)
[2021-07-20T12:39:59.711+0000][55.173s][2267133][2267139][debug] GC(17)   from space 538112K, 36% used [0x00000007bca80000,0x00000007c8914370,0x00000007dd800000)
[2021-07-20T12:39:59.711+0000][55.173s][2267133][2267139][debug] GC(17)   to   space 510464K, 0% used [0x00000007e0d80000,0x00000007e0d80000,0x0000000800000000)
[2021-07-20T12:39:59.711+0000][55.173s][2267133][2267139][debug] GC(17)  ParOldGen       total 5592576K, used 2041706K [0x0000000600000000, 0x0000000755580000, 0x0000000755580000)
[2021-07-20T12:39:59.711+0000][55.173s][2267133][2267139][debug] GC(17)   object space 5592576K, 36% used [0x0000000600000000,0x000000067c9daa00,0x0000000755580000)
[2021-07-20T12:39:59.711+0000][55.173s][2267133][2267139][debug] GC(17)  Metaspace       used 57406K, capacity 58990K, committed 59600K, reserved 1101824K
[2021-07-20T12:39:59.711+0000][55.173s][2267133][2267139][debug] GC(17)   class space    used 7085K, capacity 7743K, committed 7936K, reserved 1048576K
[2021-07-20T12:39:59.711+0000][55.173s][2267133][2267139][info ] Leaving safepoint region
[2021-07-20T12:39:59.711+0000][55.173s][2267133][2267139][info ] Total time for which application threads were stopped: 0.0890694 seconds, Stopping threads took: 0.0001364 seconds
[2021-07-20T12:40:00.585+0000][56.047s][2267133][2267139][info ] Application time: 0.8735750 seconds
[2021-07-20T12:40:00.587+0000][56.050s][2267133][2267139][info ] Entering safepoint region: ParallelGCFailedAllocation
[2021-07-20T12:40:00.588+0000][56.050s][2267133][2267139][debug] GC(18) Heap before GC invocations=19 (full 3): PSYoungGen      total 2230784K, used 1887824K [0x0000000755580000, 0x0000000800000000, 0x0000000800000000)
[2021-07-20T12:40:00.588+0000][56.050s][2267133][2267139][debug] GC(18)   eden space 1692672K, 100% used [0x0000000755580000,0x00000007bca80000,0x00000007bca80000)
[2021-07-20T12:40:00.588+0000][56.050s][2267133][2267139][debug] GC(18)   from space 538112K, 36% used [0x00000007bca80000,0x00000007c8914370,0x00000007dd800000)
[2021-07-20T12:40:00.588+0000][56.050s][2267133][2267139][debug] GC(18)   to   space 510464K, 0% used [0x00000007e0d80000,0x00000007e0d80000,0x0000000800000000)
[2021-07-20T12:40:00.588+0000][56.050s][2267133][2267139][debug] GC(18)  ParOldGen       total 5592576K, used 2041706K [0x0000000600000000, 0x0000000755580000, 0x0000000755580000)
[2021-07-20T12:40:00.588+0000][56.050s][2267133][2267139][debug] GC(18)   object space 5592576K, 36% used [0x0000000600000000,0x000000067c9daa00,0x0000000755580000)
[2021-07-20T12:40:00.588+0000][56.050s][2267133][2267139][debug] GC(18)  Metaspace       used 57425K, capacity 58991K, committed 59600K, reserved 1101824K
[2021-07-20T12:40:00.588+0000][56.050s][2267133][2267139][debug] GC(18)   class space    used 7085K, capacity 7743K, committed 7936K, reserved 1048576K
[2021-07-20T12:40:00.679+0000][56.142s][2267133][2267139][debug] GC(18) Desired survivor size 502267904 bytes, new threshold 1 (max threshold 15)
[2021-07-20T12:40:00.680+0000][56.143s][2267133][2267139][info ] GC(18) PSYoungGen: 1887824K->164992K(2305536K)
[2021-07-20T12:40:00.680+0000][56.143s][2267133][2267139][info ] GC(18) ParOldGen: 2041706K->2244131K(5592576K)
[2021-07-20T12:40:00.680+0000][56.143s][2267133][2267139][info ] GC(18) Pause Young (Allocation Failure) 3837M->2352M(7713M) 92.116ms
[2021-07-20T12:40:00.680+0000][56.143s][2267133][2267139][debug] GC(18) Heap after GC invocations=19 (full 3): PSYoungGen      total 2305536K, used 164992K [0x0000000755580000, 0x0000000800000000, 0x0000000800000000)
[2021-07-20T12:40:00.680+0000][56.143s][2267133][2267139][debug] GC(18)   eden space 1795072K, 0% used [0x0000000755580000,0x0000000755580000,0x00000007c2e80000)
[2021-07-20T12:40:00.680+0000][56.143s][2267133][2267139][debug] GC(18)   from space 510464K, 32% used [0x00000007e0d80000,0x00000007eaea01b8,0x0000000800000000)
[2021-07-20T12:40:00.680+0000][56.143s][2267133][2267139][debug] GC(18)   to   space 490496K, 0% used [0x00000007c2e80000,0x00000007c2e80000,0x00000007e0d80000)
[2021-07-20T12:40:00.680+0000][56.143s][2267133][2267139][debug] GC(18)  ParOldGen       total 5592576K, used 2244131K [0x0000000600000000, 0x0000000755580000, 0x0000000755580000)
[2021-07-20T12:40:00.680+0000][56.143s][2267133][2267139][debug] GC(18)   object space 5592576K, 40% used [0x0000000600000000,0x0000000688f88df0,0x0000000755580000)
[2021-07-20T12:40:00.680+0000][56.143s][2267133][2267139][debug] GC(18)  Metaspace       used 57425K, capacity 58991K, committed 59600K, reserved 1101824K
[2021-07-20T12:40:00.680+0000][56.143s][2267133][2267139][debug] GC(18)   class space    used 7085K, capacity 7743K, committed 7936K, reserved 1048576K
[2021-07-20T12:40:00.680+0000][56.143s][2267133][2267139][info ] Leaving safepoint region
[2021-07-20T12:40:00.680+0000][56.143s][2267133][2267139][info ] Total time for which application threads were stopped: 0.0957332 seconds, Stopping threads took: 0.0029411 seconds
[2021-07-20T12:40:01.659+0000][57.121s][2267133][2267139][info ] Application time: 0.9784685 seconds
[2021-07-20T12:40:01.659+0000][57.122s][2267133][2267139][info ] Entering safepoint region: ParallelGCFailedAllocation
[2021-07-20T12:40:01.660+0000][57.122s][2267133][2267139][debug] GC(19) Heap before GC invocations=20 (full 3): PSYoungGen      total 2305536K, used 1960064K [0x0000000755580000, 0x0000000800000000, 0x0000000800000000)
[2021-07-20T12:40:01.660+0000][57.122s][2267133][2267139][debug] GC(19)   eden space 1795072K, 100% used [0x0000000755580000,0x00000007c2e80000,0x00000007c2e80000)
[2021-07-20T12:40:01.660+0000][57.122s][2267133][2267139][debug] GC(19)   from space 510464K, 32% used [0x00000007e0d80000,0x00000007eaea01b8,0x0000000800000000)
[2021-07-20T12:40:01.660+0000][57.122s][2267133][2267139][debug] GC(19)   to   space 490496K, 0% used [0x00000007c2e80000,0x00000007c2e80000,0x00000007e0d80000)
[2021-07-20T12:40:01.660+0000][57.122s][2267133][2267139][debug] GC(19)  ParOldGen       total 5592576K, used 2244131K [0x0000000600000000, 0x0000000755580000, 0x0000000755580000)
[2021-07-20T12:40:01.660+0000][57.122s][2267133][2267139][debug] GC(19)   object space 5592576K, 40% used [0x0000000600000000,0x0000000688f88df0,0x0000000755580000)
[2021-07-20T12:40:01.660+0000][57.122s][2267133][2267139][debug] GC(19)  Metaspace       used 57439K, capacity 58991K, committed 59600K, reserved 1101824K
[2021-07-20T12:40:01.660+0000][57.122s][2267133][2267139][debug] GC(19)   class space    used 7085K, capacity 7743K, committed 7936K, reserved 1048576K
[2021-07-20T12:40:01.740+0000][57.203s][2267133][2267139][debug] GC(19) Desired survivor size 473956352 bytes, new threshold 1 (max threshold 15)
[2021-07-20T12:40:01.741+0000][57.203s][2267133][2267139][info ] GC(19) PSYoungGen: 1960064K->212480K(2285568K)
[2021-07-20T12:40:01.741+0000][57.203s][2267133][2267139][info ] GC(19) ParOldGen: 2244131K->2415329K(5592576K)
[2021-07-20T12:40:01.741+0000][57.203s][2267133][2267139][info ] GC(19) Pause Young (Allocation Failure) 4105M->2566M(7693M) 80.646ms
[2021-07-20T12:40:01.741+0000][57.203s][2267133][2267139][debug] GC(19) Heap after GC invocations=20 (full 3): PSYoungGen      total 2285568K, used 212480K [0x0000000755580000, 0x0000000800000000, 0x0000000800000000)
[2021-07-20T12:40:01.741+0000][57.203s][2267133][2267139][debug] GC(19)   eden space 1795072K, 0% used [0x0000000755580000,0x0000000755580000,0x00000007c2e80000)
[2021-07-20T12:40:01.741+0000][57.203s][2267133][2267139][debug] GC(19)   from space 490496K, 43% used [0x00000007c2e80000,0x00000007cfe003f0,0x00000007e0d80000)
[2021-07-20T12:40:01.741+0000][57.203s][2267133][2267139][debug] GC(19)   to   space 462848K, 0% used [0x00000007e3c00000,0x00000007e3c00000,0x0000000800000000)
[2021-07-20T12:40:01.741+0000][57.203s][2267133][2267139][debug] GC(19)  ParOldGen       total 5592576K, used 2415329K [0x0000000600000000, 0x0000000755580000, 0x0000000755580000)
[2021-07-20T12:40:01.741+0000][57.203s][2267133][2267139][debug] GC(19)   object space 5592576K, 43% used [0x0000000600000000,0x00000006936b8590,0x0000000755580000)
[2021-07-20T12:40:01.741+0000][57.203s][2267133][2267139][debug] GC(19)  Metaspace       used 57439K, capacity 58991K, committed 59600K, reserved 1101824K
[2021-07-20T12:40:01.741+0000][57.203s][2267133][2267139][debug] GC(19)   class space    used 7085K, capacity 7743K, committed 7936K, reserved 1048576K
[2021-07-20T12:40:01.741+0000][57.203s][2267133][2267139][info ] Leaving safepoint region
[2021-07-20T12:40:01.741+0000][57.203s][2267133][2267139][info ] Total time for which application threads were stopped: 0.0819790 seconds, Stopping threads took: 0.0006645 seconds
[2021-07-20T12:40:02.660+0000][58.122s][2267133][2267139][info ] Application time: 0.9187530 seconds
[2021-07-20T12:40:02.660+0000][58.123s][2267133][2267139][info ] Entering safepoint region: ParallelGCFailedAllocation
[2021-07-20T12:40:02.661+0000][58.123s][2267133][2267139][debug] GC(20) Heap before GC invocations=21 (full 3): PSYoungGen      total 2285568K, used 2007552K [0x0000000755580000, 0x0000000800000000, 0x0000000800000000)
[2021-07-20T12:40:02.661+0000][58.123s][2267133][2267139][debug] GC(20)   eden space 1795072K, 100% used [0x0000000755580000,0x00000007c2e80000,0x00000007c2e80000)
[2021-07-20T12:40:02.661+0000][58.123s][2267133][2267139][debug] GC(20)   from space 490496K, 43% used [0x00000007c2e80000,0x00000007cfe003f0,0x00000007e0d80000)
[2021-07-20T12:40:02.661+0000][58.123s][2267133][2267139][debug] GC(20)   to   space 462848K, 0% used [0x00000007e3c00000,0x00000007e3c00000,0x0000000800000000)
[2021-07-20T12:40:02.661+0000][58.123s][2267133][2267139][debug] GC(20)  ParOldGen       total 5592576K, used 2415329K [0x0000000600000000, 0x0000000755580000, 0x0000000755580000)
[2021-07-20T12:40:02.661+0000][58.123s][2267133][2267139][debug] GC(20)   object space 5592576K, 43% used [0x0000000600000000,0x00000006936b8590,0x0000000755580000)
[2021-07-20T12:40:02.661+0000][58.123s][2267133][2267139][debug] GC(20)  Metaspace       used 57449K, capacity 58991K, committed 59600K, reserved 1101824K
[2021-07-20T12:40:02.661+0000][58.123s][2267133][2267139][debug] GC(20)   class space    used 7085K, capacity 7743K, committed 7936K, reserved 1048576K
[2021-07-20T12:40:02.753+0000][58.215s][2267133][2267139][debug] GC(20) Desired survivor size 450363392 bytes, new threshold 1 (max threshold 15)
[2021-07-20T12:40:02.754+0000][58.216s][2267133][2267139][info ] GC(20) PSYoungGen: 2007552K->199088K(2356224K)
[2021-07-20T12:40:02.754+0000][58.216s][2267133][2267139][info ] GC(20) ParOldGen: 2415329K->2632066K(5592576K)
[2021-07-20T12:40:02.754+0000][58.216s][2267133][2267139][info ] GC(20) Pause Young (Allocation Failure) 4319M->2764M(7762M) 92.790ms
[2021-07-20T12:40:02.754+0000][58.216s][2267133][2267139][debug] GC(20) Heap after GC invocations=21 (full 3): PSYoungGen      total 2356224K, used 199088K [0x0000000755580000, 0x0000000800000000, 0x0000000800000000)
[2021-07-20T12:40:02.754+0000][58.216s][2267133][2267139][debug] GC(20)   eden space 1893376K, 0% used [0x0000000755580000,0x0000000755580000,0x00000007c8e80000)
[2021-07-20T12:40:02.754+0000][58.216s][2267133][2267139][debug] GC(20)   from space 462848K, 43% used [0x00000007e3c00000,0x00000007efe6c2f8,0x0000000800000000)
[2021-07-20T12:40:02.754+0000][58.216s][2267133][2267139][debug] GC(20)   to   space 439808K, 0% used [0x00000007c8e80000,0x00000007c8e80000,0x00000007e3c00000)
[2021-07-20T12:40:02.754+0000][58.216s][2267133][2267139][debug] GC(20)  ParOldGen       total 5592576K, used 2632066K [0x0000000600000000, 0x0000000755580000, 0x0000000755580000)
[2021-07-20T12:40:02.754+0000][58.216s][2267133][2267139][debug] GC(20)   object space 5592576K, 47% used [0x0000000600000000,0x00000006a0a609e0,0x0000000755580000)
[2021-07-20T12:40:02.754+0000][58.216s][2267133][2267139][debug] GC(20)  Metaspace       used 57449K, capacity 58991K, committed 59600K, reserved 1101824K
[2021-07-20T12:40:02.754+0000][58.216s][2267133][2267139][debug] GC(20)   class space    used 7085K, capacity 7743K, committed 7936K, reserved 1048576K
[2021-07-20T12:40:02.754+0000][58.216s][2267133][2267139][info ] Leaving safepoint region
[2021-07-20T12:40:02.754+0000][58.216s][2267133][2267139][info ] Total time for which application threads were stopped: 0.0942641 seconds, Stopping threads took: 0.0008637 seconds
[2021-07-20T12:40:03.736+0000][59.199s][2267133][2267139][info ] Application time: 0.9824719 seconds
[2021-07-20T12:40:03.737+0000][59.199s][2267133][2267139][info ] Entering safepoint region: ParallelGCFailedAllocation
[2021-07-20T12:40:03.737+0000][59.199s][2267133][2267139][debug] GC(21) Heap before GC invocations=22 (full 3): PSYoungGen      total 2356224K, used 2092464K [0x0000000755580000, 0x0000000800000000, 0x0000000800000000)
[2021-07-20T12:40:03.737+0000][59.199s][2267133][2267139][debug] GC(21)   eden space 1893376K, 100% used [0x0000000755580000,0x00000007c8e80000,0x00000007c8e80000)
[2021-07-20T12:40:03.737+0000][59.199s][2267133][2267139][debug] GC(21)   from space 462848K, 43% used [0x00000007e3c00000,0x00000007efe6c2f8,0x0000000800000000)
[2021-07-20T12:40:03.737+0000][59.199s][2267133][2267139][debug] GC(21)   to   space 439808K, 0% used [0x00000007c8e80000,0x00000007c8e80000,0x00000007e3c00000)
[2021-07-20T12:40:03.737+0000][59.199s][2267133][2267139][debug] GC(21)  ParOldGen       total 5592576K, used 2632066K [0x0000000600000000, 0x0000000755580000, 0x0000000755580000)
[2021-07-20T12:40:03.737+0000][59.199s][2267133][2267139][debug] GC(21)   object space 5592576K, 47% used [0x0000000600000000,0x00000006a0a609e0,0x0000000755580000)
[2021-07-20T12:40:03.737+0000][59.199s][2267133][2267139][debug] GC(21)  Metaspace       used 57455K, capacity 58992K, committed 59600K, reserved 1101824K
[2021-07-20T12:40:03.737+0000][59.199s][2267133][2267139][debug] GC(21)   class space    used 7085K, capacity 7743K, committed 7936K, reserved 1048576K
[2021-07-20T12:40:03.841+0000][59.304s][2267133][2267139][debug] GC(21) Desired survivor size 427819008 bytes, new threshold 1 (max threshold 15)
[2021-07-20T12:40:03.841+0000][59.304s][2267133][2267139][info ] GC(21) PSYoungGen: 2092464K->213520K(2333184K)
[2021-07-20T12:40:03.841+0000][59.304s][2267133][2267139][info ] GC(21) ParOldGen: 2632066K->2835267K(5592576K)
[2021-07-20T12:40:03.841+0000][59.304s][2267133][2267139][info ] GC(21) Pause Young (Allocation Failure) 4613M->2977M(7740M) 104.449ms
[2021-07-20T12:40:03.841+0000][59.304s][2267133][2267139][debug] GC(21) Heap after GC invocations=22 (full 3): PSYoungGen      total 2333184K, used 213520K [0x0000000755580000, 0x0000000800000000, 0x0000000800000000)
[2021-07-20T12:40:03.841+0000][59.304s][2267133][2267139][debug] GC(21)   eden space 1893376K, 0% used [0x0000000755580000,0x0000000755580000,0x00000007c8e80000)
[2021-07-20T12:40:03.842+0000][59.304s][2267133][2267139][debug] GC(21)   from space 439808K, 48% used [0x00000007c8e80000,0x00000007d5f04390,0x00000007e3c00000)
[2021-07-20T12:40:03.842+0000][59.304s][2267133][2267139][debug] GC(21)   to   space 417792K, 0% used [0x00000007e6800000,0x00000007e6800000,0x0000000800000000)
[2021-07-20T12:40:03.842+0000][59.304s][2267133][2267139][debug] GC(21)  ParOldGen       total 5592576K, used 2835267K [0x0000000600000000, 0x0000000755580000, 0x0000000755580000)
[2021-07-20T12:40:03.842+0000][59.304s][2267133][2267139][debug] GC(21)   object space 5592576K, 50% used [0x0000000600000000,0x00000006ad0d0d18,0x0000000755580000)
[2021-07-20T12:40:03.842+0000][59.304s][2267133][2267139][debug] GC(21)  Metaspace       used 57455K, capacity 58992K, committed 59600K, reserved 1101824K
[2021-07-20T12:40:03.842+0000][59.304s][2267133][2267139][debug] GC(21)   class space    used 7085K, capacity 7743K, committed 7936K, reserved 1048576K
[2021-07-20T12:40:03.842+0000][59.304s][2267133][2267139][info ] Leaving safepoint region
[2021-07-20T12:40:03.842+0000][59.304s][2267133][2267139][info ] Total time for which application threads were stopped: 0.1052428 seconds, Stopping threads took: 0.0002308 seconds
[2021-07-20T12:40:04.842+0000][60.304s][2267133][2267139][info ] Application time: 1.0000933 seconds
[2021-07-20T12:40:04.842+0000][60.304s][2267133][2267139][info ] Entering safepoint region: Cleanup
[2021-07-20T12:40:04.842+0000][60.305s][2267133][2267139][info ] Leaving safepoint region
[2021-07-20T12:40:04.842+0000][60.305s][2267133][2267139][info ] Total time for which application threads were stopped: 0.0003853 seconds, Stopping threads took: 0.0000866 seconds
[2021-07-20T12:40:05.842+0000][61.305s][2267133][2267139][info ] Application time: 1.0000789 seconds
[2021-07-20T12:40:05.842+0000][61.305s][2267133][2267139][info ] Entering safepoint region: Cleanup
[2021-07-20T12:40:05.843+0000][61.305s][2267133][2267139][info ] Leaving safepoint region
[2021-07-20T12:40:05.843+0000][61.305s][2267133][2267139][info ] Total time for which application threads were stopped: 0.0003685 seconds, Stopping threads took: 0.0000831 seconds
[2021-07-20T12:40:06.397+0000][61.859s][2267133][2267139][info ] Application time: 0.5539484 seconds
[2021-07-20T12:40:06.397+0000][61.859s][2267133][2267139][info ] Entering safepoint region: ICBufferFull
[2021-07-20T12:40:06.397+0000][61.860s][2267133][2267139][info ] Leaving safepoint region
[2021-07-20T12:40:06.397+0000][61.860s][2267133][2267139][info ] Total time for which application threads were stopped: 0.0004375 seconds, Stopping threads took: 0.0000618 seconds
[2021-07-20T12:40:07.342+0000][62.804s][2267133][2267139][info ] Application time: 0.9445058 seconds
[2021-07-20T12:40:07.342+0000][62.804s][2267133][2267139][info ] Entering safepoint region: ParallelGCFailedAllocation
[2021-07-20T12:40:07.342+0000][62.804s][2267133][2267139][debug] GC(22) Heap before GC invocations=23 (full 3): PSYoungGen      total 2333184K, used 2106896K [0x0000000755580000, 0x0000000800000000, 0x0000000800000000)
[2021-07-20T12:40:07.342+0000][62.804s][2267133][2267139][debug] GC(22)   eden space 1893376K, 100% used [0x0000000755580000,0x00000007c8e80000,0x00000007c8e80000)
[2021-07-20T12:40:07.342+0000][62.804s][2267133][2267139][debug] GC(22)   from space 439808K, 48% used [0x00000007c8e80000,0x00000007d5f04390,0x00000007e3c00000)
[2021-07-20T12:40:07.342+0000][62.804s][2267133][2267139][debug] GC(22)   to   space 417792K, 0% used [0x00000007e6800000,0x00000007e6800000,0x0000000800000000)
[2021-07-20T12:40:07.342+0000][62.804s][2267133][2267139][debug] GC(22)  ParOldGen       total 5592576K, used 2835267K [0x0000000600000000, 0x0000000755580000, 0x0000000755580000)
[2021-07-20T12:40:07.342+0000][62.804s][2267133][2267139][debug] GC(22)   object space 5592576K, 50% used [0x0000000600000000,0x00000006ad0d0d18,0x0000000755580000)
[2021-07-20T12:40:07.342+0000][62.804s][2267133][2267139][debug] GC(22)  Metaspace       used 57667K, capacity 59267K, committed 59856K, reserved 1101824K
[2021-07-20T12:40:07.342+0000][62.804s][2267133][2267139][debug] GC(22)   class space    used 7092K, capacity 7752K, committed 7936K, reserved 1048576K
[2021-07-20T12:40:07.418+0000][62.881s][2267133][2267139][debug] GC(22) Desired survivor size 424673280 bytes, new threshold 1 (max threshold 15)
[2021-07-20T12:40:07.419+0000][62.881s][2267133][2267139][info ] GC(22) PSYoungGen: 2106896K->110304K(2381312K)
[2021-07-20T12:40:07.419+0000][62.881s][2267133][2267139][info ] GC(22) ParOldGen: 2835267K->3065132K(5592576K)
[2021-07-20T12:40:07.419+0000][62.881s][2267133][2267139][info ] GC(22) Pause Young (Allocation Failure) 4826M->3101M(7787M) 76.654ms
[2021-07-20T12:40:07.419+0000][62.881s][2267133][2267139][debug] GC(22) Heap after GC invocations=23 (full 3): PSYoungGen      total 2381312K, used 110304K [0x0000000755580000, 0x0000000800000000, 0x0000000800000000)
[2021-07-20T12:40:07.419+0000][62.881s][2267133][2267139][debug] GC(22)   eden space 1963520K, 0% used [0x0000000755580000,0x0000000755580000,0x00000007cd300000)
[2021-07-20T12:40:07.419+0000][62.881s][2267133][2267139][debug] GC(22)   from space 417792K, 26% used [0x00000007e6800000,0x00000007ed3b8208,0x0000000800000000)
[2021-07-20T12:40:07.419+0000][62.881s][2267133][2267139][debug] GC(22)   to   space 414720K, 0% used [0x00000007cd300000,0x00000007cd300000,0x00000007e6800000)
[2021-07-20T12:40:07.419+0000][62.881s][2267133][2267139][debug] GC(22)  ParOldGen       total 5592576K, used 3065132K [0x0000000600000000, 0x0000000755580000, 0x0000000755580000)
[2021-07-20T12:40:07.419+0000][62.881s][2267133][2267139][debug] GC(22)   object space 5592576K, 54% used [0x0000000600000000,0x00000006bb14b198,0x0000000755580000)
[2021-07-20T12:40:07.419+0000][62.881s][2267133][2267139][debug] GC(22)  Metaspace       used 57667K, capacity 59267K, committed 59856K, reserved 1101824K
[2021-07-20T12:40:07.419+0000][62.881s][2267133][2267139][debug] GC(22)   class space    used 7092K, capacity 7752K, committed 7936K, reserved 1048576K
[2021-07-20T12:40:07.419+0000][62.881s][2267133][2267139][info ] Leaving safepoint region
[2021-07-20T12:40:07.419+0000][62.881s][2267133][2267139][info ] Total time for which application threads were stopped: 0.0773349 seconds, Stopping threads took: 0.0000630 seconds
[2021-07-20T12:40:08.419+0000][63.882s][2267133][2267139][info ] Application time: 1.0000851 seconds
[2021-07-20T12:40:08.419+0000][63.882s][2267133][2267139][info ] Entering safepoint region: Cleanup
[2021-07-20T12:40:08.419+0000][63.882s][2267133][2267139][info ] Leaving safepoint region
[2021-07-20T12:40:08.419+0000][63.882s][2267133][2267139][info ] Total time for which application threads were stopped: 0.0003810 seconds, Stopping threads took: 0.0000765 seconds
[2021-07-20T12:40:09.420+0000][64.882s][2267133][2267139][info ] Application time: 1.0000941 seconds
[2021-07-20T12:40:09.420+0000][64.882s][2267133][2267139][info ] Entering safepoint region: Cleanup
[2021-07-20T12:40:09.420+0000][64.882s][2267133][2267139][info ] Leaving safepoint region
[2021-07-20T12:40:09.420+0000][64.882s][2267133][2267139][info ] Total time for which application threads were stopped: 0.0003329 seconds, Stopping threads took: 0.0000751 seconds
[2021-07-20T12:40:10.420+0000][65.883s][2267133][2267139][info ] Application time: 1.0000840 seconds
[2021-07-20T12:40:10.420+0000][65.883s][2267133][2267139][info ] Entering safepoint region: Cleanup
[2021-07-20T12:40:10.420+0000][65.883s][2267133][2267139][info ] Leaving safepoint region
[2021-07-20T12:40:10.420+0000][65.883s][2267133][2267139][info ] Total time for which application threads were stopped: 0.0003336 seconds, Stopping threads took: 0.0000744 seconds
[2021-07-20T12:40:10.865+0000][66.328s][2267133][2267139][info ] Application time: 0.4446809 seconds
[2021-07-20T12:40:10.865+0000][66.328s][2267133][2267139][info ] Entering safepoint region: ParallelGCFailedAllocation
[2021-07-20T12:40:10.865+0000][66.328s][2267133][2267139][debug] GC(23) Heap before GC invocations=24 (full 3): PSYoungGen      total 2381312K, used 2073824K [0x0000000755580000, 0x0000000800000000, 0x0000000800000000)
[2021-07-20T12:40:10.865+0000][66.328s][2267133][2267139][debug] GC(23)   eden space 1963520K, 100% used [0x0000000755580000,0x00000007cd300000,0x00000007cd300000)
[2021-07-20T12:40:10.865+0000][66.328s][2267133][2267139][debug] GC(23)   from space 417792K, 26% used [0x00000007e6800000,0x00000007ed3b8208,0x0000000800000000)
[2021-07-20T12:40:10.865+0000][66.328s][2267133][2267139][debug] GC(23)   to   space 414720K, 0% used [0x00000007cd300000,0x00000007cd300000,0x00000007e6800000)
[2021-07-20T12:40:10.865+0000][66.328s][2267133][2267139][debug] GC(23)  ParOldGen       total 5592576K, used 3065132K [0x0000000600000000, 0x0000000755580000, 0x0000000755580000)
[2021-07-20T12:40:10.865+0000][66.328s][2267133][2267139][debug] GC(23)   object space 5592576K, 54% used [0x0000000600000000,0x00000006bb14b198,0x0000000755580000)
[2021-07-20T12:40:10.865+0000][66.328s][2267133][2267139][debug] GC(23)  Metaspace       used 57700K, capacity 59272K, committed 59856K, reserved 1101824K
[2021-07-20T12:40:10.865+0000][66.328s][2267133][2267139][debug] GC(23)   class space    used 7094K, capacity 7753K, committed 7936K, reserved 1048576K
[2021-07-20T12:40:10.899+0000][66.362s][2267133][2267139][debug] GC(23) Desired survivor size 437780480 bytes, new threshold 1 (max threshold 15)
[2021-07-20T12:40:10.900+0000][66.362s][2267133][2267139][info ] GC(23) PSYoungGen: 2073824K->384K(1964032K)
[2021-07-20T12:40:10.900+0000][66.362s][2267133][2267139][info ] GC(23) ParOldGen: 3065132K->3197090K(5592576K)
[2021-07-20T12:40:10.900+0000][66.362s][2267133][2267139][info ] GC(23) Pause Young (Allocation Failure) 5018M->3122M(7379M) 34.145ms
[2021-07-20T12:40:10.900+0000][66.362s][2267133][2267139][debug] GC(23) Heap after GC invocations=24 (full 3): PSYoungGen      total 1964032K, used 384K [0x0000000755580000, 0x0000000800000000, 0x0000000800000000)
[2021-07-20T12:40:10.900+0000][66.362s][2267133][2267139][debug] GC(23)   eden space 1963520K, 0% used [0x0000000755580000,0x0000000755580000,0x00000007cd300000)
[2021-07-20T12:40:10.900+0000][66.362s][2267133][2267139][debug] GC(23)   from space 512K, 75% used [0x00000007cd300000,0x00000007cd360000,0x00000007cd380000)
[2021-07-20T12:40:10.900+0000][66.362s][2267133][2267139][debug] GC(23)   to   space 427520K, 0% used [0x00000007e5e80000,0x00000007e5e80000,0x0000000800000000)
[2021-07-20T12:40:10.900+0000][66.362s][2267133][2267139][debug] GC(23)  ParOldGen       total 5592576K, used 3197090K [0x0000000600000000, 0x0000000755580000, 0x0000000755580000)
[2021-07-20T12:40:10.900+0000][66.362s][2267133][2267139][debug] GC(23)   object space 5592576K, 57% used [0x0000000600000000,0x00000006c3228a78,0x0000000755580000)
[2021-07-20T12:40:10.900+0000][66.362s][2267133][2267139][debug] GC(23)  Metaspace       used 57700K, capacity 59272K, committed 59856K, reserved 1101824K
[2021-07-20T12:40:10.900+0000][66.362s][2267133][2267139][debug] GC(23)   class space    used 7094K, capacity 7753K, committed 7936K, reserved 1048576K
[2021-07-20T12:40:10.900+0000][66.362s][2267133][2267139][info ] Leaving safepoint region
[2021-07-20T12:40:10.900+0000][66.362s][2267133][2267139][info ] Total time for which application threads were stopped: 0.0347239 seconds, Stopping threads took: 0.0000574 seconds
[2021-07-20T12:40:11.900+0000][67.362s][2267133][2267139][info ] Application time: 1.0000831 seconds
[2021-07-20T12:40:11.900+0000][67.362s][2267133][2267139][info ] Entering safepoint region: Cleanup
[2021-07-20T12:40:11.900+0000][67.363s][2267133][2267139][info ] Leaving safepoint region
[2021-07-20T12:40:11.900+0000][67.363s][2267133][2267139][info ] Total time for which application threads were stopped: 0.0003293 seconds, Stopping threads took: 0.0000749 seconds
[2021-07-20T12:40:12.900+0000][68.363s][2267133][2267139][info ] Application time: 1.0000826 seconds
[2021-07-20T12:40:12.900+0000][68.363s][2267133][2267139][info ] Entering safepoint region: Cleanup
[2021-07-20T12:40:12.901+0000][68.363s][2267133][2267139][info ] Leaving safepoint region
[2021-07-20T12:40:12.901+0000][68.363s][2267133][2267139][info ] Total time for which application threads were stopped: 0.0003143 seconds, Stopping threads took: 0.0000737 seconds
[2021-07-20T12:40:13.901+0000][69.363s][2267133][2267139][info ] Application time: 1.0000811 seconds
[2021-07-20T12:40:13.901+0000][69.363s][2267133][2267139][info ] Entering safepoint region: Cleanup
[2021-07-20T12:40:13.901+0000][69.364s][2267133][2267139][info ] Leaving safepoint region
[2021-07-20T12:40:13.901+0000][69.364s][2267133][2267139][info ] Total time for which application threads were stopped: 0.0003173 seconds, Stopping threads took: 0.0000707 seconds
[2021-07-20T12:40:14.385+0000][69.848s][2267133][2267139][info ] Application time: 0.4838608 seconds
[2021-07-20T12:40:14.385+0000][69.848s][2267133][2267139][info ] Entering safepoint region: ParallelGCFailedAllocation
[2021-07-20T12:40:14.385+0000][69.848s][2267133][2267139][debug] GC(24) Heap before GC invocations=25 (full 3): PSYoungGen      total 1964032K, used 1963904K [0x0000000755580000, 0x0000000800000000, 0x0000000800000000)
[2021-07-20T12:40:14.385+0000][69.848s][2267133][2267139][debug] GC(24)   eden space 1963520K, 100% used [0x0000000755580000,0x00000007cd300000,0x00000007cd300000)
[2021-07-20T12:40:14.385+0000][69.848s][2267133][2267139][debug] GC(24)   from space 512K, 75% used [0x00000007cd300000,0x00000007cd360000,0x00000007cd380000)
[2021-07-20T12:40:14.385+0000][69.848s][2267133][2267139][debug] GC(24)   to   space 427520K, 0% used [0x00000007e5e80000,0x00000007e5e80000,0x0000000800000000)
[2021-07-20T12:40:14.385+0000][69.848s][2267133][2267139][debug] GC(24)  ParOldGen       total 5592576K, used 3197090K [0x0000000600000000, 0x0000000755580000, 0x0000000755580000)
[2021-07-20T12:40:14.385+0000][69.848s][2267133][2267139][debug] GC(24)   object space 5592576K, 57% used [0x0000000600000000,0x00000006c3228a78,0x0000000755580000)
[2021-07-20T12:40:14.385+0000][69.848s][2267133][2267139][debug] GC(24)  Metaspace       used 57703K, capacity 59272K, committed 59856K, reserved 1101824K
[2021-07-20T12:40:14.385+0000][69.848s][2267133][2267139][debug] GC(24)   class space    used 7094K, capacity 7753K, committed 7936K, reserved 1048576K
[2021-07-20T12:40:14.390+0000][69.852s][2267133][2267139][debug] GC(24) Desired survivor size 444071936 bytes, new threshold 1 (max threshold 15)
[2021-07-20T12:40:14.392+0000][69.854s][2267133][2267139][info ] GC(24) PSYoungGen: 1963904K->384K(2356224K)
[2021-07-20T12:40:14.392+0000][69.854s][2267133][2267139][info ] GC(24) ParOldGen: 3197090K->3197162K(5592576K)
[2021-07-20T12:40:14.392+0000][69.854s][2267133][2267139][info ] GC(24) Pause Young (Allocation Failure) 5040M->3122M(7762M) 6.120ms
[2021-07-20T12:40:14.392+0000][69.854s][2267133][2267139][debug] GC(24) Heap after GC invocations=25 (full 3): PSYoungGen      total 2356224K, used 384K [0x0000000755580000, 0x0000000800000000, 0x0000000800000000)
[2021-07-20T12:40:14.392+0000][69.854s][2267133][2267139][debug] GC(24)   eden space 1928704K, 0% used [0x0000000755580000,0x0000000755580000,0x00000007cb100000)
[2021-07-20T12:40:14.392+0000][69.854s][2267133][2267139][debug] GC(24)   from space 427520K, 0% used [0x00000007e5e80000,0x00000007e5ee0000,0x0000000800000000)
[2021-07-20T12:40:14.392+0000][69.854s][2267133][2267139][debug] GC(24)   to   space 433664K, 0% used [0x00000007cb100000,0x00000007cb100000,0x00000007e5880000)
[2021-07-20T12:40:14.392+0000][69.854s][2267133][2267139][debug] GC(24)  ParOldGen       total 5592576K, used 3197162K [0x0000000600000000, 0x0000000755580000, 0x0000000755580000)
[2021-07-20T12:40:14.392+0000][69.854s][2267133][2267139][debug] GC(24)   object space 5592576K, 57% used [0x0000000600000000,0x00000006c323aa78,0x0000000755580000)
[2021-07-20T12:40:14.392+0000][69.854s][2267133][2267139][debug] GC(24)  Metaspace       used 57703K, capacity 59272K, committed 59856K, reserved 1101824K
[2021-07-20T12:40:14.392+0000][69.854s][2267133][2267139][debug] GC(24)   class space    used 7094K, capacity 7753K, committed 7936K, reserved 1048576K
[2021-07-20T12:40:14.392+0000][69.854s][2267133][2267139][info ] Leaving safepoint region
[2021-07-20T12:40:14.392+0000][69.854s][2267133][2267139][info ] Total time for which application threads were stopped: 0.0066709 seconds, Stopping threads took: 0.0000586 seconds
[2021-07-20T12:40:15.096+0000][70.558s][2267133][2267139][info ] Application time: 0.7042225 seconds
[2021-07-20T12:40:15.096+0000][70.559s][2267133][2267139][info ] Entering safepoint region: ICBufferFull
[2021-07-20T12:40:15.096+0000][70.559s][2267133][2267139][info ] Leaving safepoint region
[2021-07-20T12:40:15.096+0000][70.559s][2267133][2267139][info ] Total time for which application threads were stopped: 0.0004662 seconds, Stopping threads took: 0.0000680 seconds
[2021-07-20T12:40:15.223+0000][70.685s][2267133][2267139][info ] Application time: 0.1265197 seconds
[2021-07-20T12:40:15.223+0000][70.686s][2267133][2267139][info ] Entering safepoint region: ICBufferFull
[2021-07-20T12:40:15.224+0000][70.686s][2267133][2267139][info ] Leaving safepoint region
[2021-07-20T12:40:15.224+0000][70.686s][2267133][2267139][info ] Total time for which application threads were stopped: 0.0005178 seconds, Stopping threads took: 0.0000786 seconds
[2021-07-20T12:40:15.647+0000][71.110s][2267133][2267139][info ] Application time: 0.4236227 seconds
[2021-07-20T12:40:15.648+0000][71.111s][2267133][2267139][info ] Entering safepoint region: ICBufferFull
[2021-07-20T12:40:15.649+0000][71.111s][2267133][2267139][info ] Leaving safepoint region
[2021-07-20T12:40:15.649+0000][71.111s][2267133][2267139][info ] Total time for which application threads were stopped: 0.0017831 seconds, Stopping threads took: 0.0012289 seconds
[2021-07-20T12:40:16.039+0000][71.502s][2267133][2267139][info ] Application time: 0.3901353 seconds
[2021-07-20T12:40:16.040+0000][71.503s][2267133][2267139][info ] Entering safepoint region: ICBufferFull
[2021-07-20T12:40:16.041+0000][71.503s][2267133][2267139][info ] Leaving safepoint region
[2021-07-20T12:40:16.041+0000][71.503s][2267133][2267139][info ] Total time for which application threads were stopped: 0.0017906 seconds, Stopping threads took: 0.0012849 seconds
[2021-07-20T12:40:17.037+0000][72.499s][2267133][2267139][info ] Application time: 0.9955324 seconds
[2021-07-20T12:40:17.037+0000][72.499s][2267133][2267139][info ] Entering safepoint region: ICBufferFull
[2021-07-20T12:40:17.037+0000][72.500s][2267133][2267139][info ] Leaving safepoint region
[2021-07-20T12:40:17.037+0000][72.500s][2267133][2267139][info ] Total time for which application threads were stopped: 0.0007893 seconds, Stopping threads took: 0.0001405 seconds
[2021-07-20T12:40:17.267+0000][72.730s][2267133][2267139][info ] Application time: 0.2298678 seconds
[2021-07-20T12:40:17.268+0000][72.731s][2267133][2267139][info ] Entering safepoint region: ParallelGCFailedAllocation
[2021-07-20T12:40:17.269+0000][72.732s][2267133][2267139][debug] GC(25) Heap before GC invocations=26 (full 3): PSYoungGen      total 2356224K, used 1929088K [0x0000000755580000, 0x0000000800000000, 0x0000000800000000)
[2021-07-20T12:40:17.269+0000][72.732s][2267133][2267139][debug] GC(25)   eden space 1928704K, 100% used [0x0000000755580000,0x00000007cb100000,0x00000007cb100000)
[2021-07-20T12:40:17.269+0000][72.732s][2267133][2267139][debug] GC(25)   from space 427520K, 0% used [0x00000007e5e80000,0x00000007e5ee0000,0x0000000800000000)
[2021-07-20T12:40:17.269+0000][72.732s][2267133][2267139][debug] GC(25)   to   space 433664K, 0% used [0x00000007cb100000,0x00000007cb100000,0x00000007e5880000)
[2021-07-20T12:40:17.269+0000][72.732s][2267133][2267139][debug] GC(25)  ParOldGen       total 5592576K, used 3197162K [0x0000000600000000, 0x0000000755580000, 0x0000000755580000)
[2021-07-20T12:40:17.269+0000][72.732s][2267133][2267139][debug] GC(25)   object space 5592576K, 57% used [0x0000000600000000,0x00000006c323aa78,0x0000000755580000)
[2021-07-20T12:40:17.269+0000][72.732s][2267133][2267139][debug] GC(25)  Metaspace       used 58299K, capacity 59869K, committed 60368K, reserved 1101824K
[2021-07-20T12:40:17.269+0000][72.732s][2267133][2267139][debug] GC(25)   class space    used 7099K, capacity 7754K, committed 7936K, reserved 1048576K
[2021-07-20T12:40:17.279+0000][72.741s][2267133][2267139][debug] GC(25) Desired survivor size 442499072 bytes, new threshold 1 (max threshold 15)
[2021-07-20T12:40:17.279+0000][72.741s][2267133][2267139][info ] GC(25) PSYoungGen: 1929088K->13248K(2362368K)
[2021-07-20T12:40:17.279+0000][72.741s][2267133][2267139][info ] GC(25) ParOldGen: 3197162K->3197234K(5592576K)
[2021-07-20T12:40:17.279+0000][72.741s][2267133][2267139][info ] GC(25) Pause Young (Allocation Failure) 5006M->3135M(7768M) 9.742ms
[2021-07-20T12:40:17.279+0000][72.741s][2267133][2267139][debug] GC(25) Heap after GC invocations=26 (full 3): PSYoungGen      total 2362368K, used 13248K [0x0000000755580000, 0x0000000800000000, 0x0000000800000000)
[2021-07-20T12:40:17.279+0000][72.741s][2267133][2267139][debug] GC(25)   eden space 1928704K, 0% used [0x0000000755580000,0x0000000755580000,0x00000007cb100000)
[2021-07-20T12:40:17.279+0000][72.741s][2267133][2267139][debug] GC(25)   from space 433664K, 3% used [0x00000007cb100000,0x00000007cbdf0050,0x00000007e5880000)
[2021-07-20T12:40:17.279+0000][72.741s][2267133][2267139][debug] GC(25)   to   space 432128K, 0% used [0x00000007e5a00000,0x00000007e5a00000,0x0000000800000000)
[2021-07-20T12:40:17.279+0000][72.742s][2267133][2267139][debug] GC(25)  ParOldGen       total 5592576K, used 3197234K [0x0000000600000000, 0x0000000755580000, 0x0000000755580000)
[2021-07-20T12:40:17.279+0000][72.742s][2267133][2267139][debug] GC(25)   object space 5592576K, 57% used [0x0000000600000000,0x00000006c324ca78,0x0000000755580000)
[2021-07-20T12:40:17.279+0000][72.742s][2267133][2267139][debug] GC(25)  Metaspace       used 58299K, capacity 59869K, committed 60368K, reserved 1101824K
[2021-07-20T12:40:17.279+0000][72.742s][2267133][2267139][debug] GC(25)   class space    used 7099K, capacity 7754K, committed 7936K, reserved 1048576K
[2021-07-20T12:40:17.279+0000][72.742s][2267133][2267139][info ] Leaving safepoint region
[2021-07-20T12:40:17.279+0000][72.742s][2267133][2267139][info ] Total time for which application threads were stopped: 0.0118590 seconds, Stopping threads took: 0.0012333 seconds
[2021-07-20T12:40:18.279+0000][73.742s][2267133][2267139][info ] Application time: 1.0000743 seconds
[2021-07-20T12:40:18.284+0000][73.746s][2267133][2267139][info ] Entering safepoint region: Cleanup
[2021-07-20T12:40:18.285+0000][73.747s][2267133][2267139][info ] Leaving safepoint region
[2021-07-20T12:40:18.285+0000][73.747s][2267133][2267139][info ] Total time for which application threads were stopped: 0.0053416 seconds, Stopping threads took: 0.0045655 seconds
[2021-07-20T12:40:18.548+0000][74.011s][2267133][2267139][info ] Application time: 0.2635114 seconds
[2021-07-20T12:40:18.548+0000][74.011s][2267133][2267139][info ] Entering safepoint region: ParallelGCFailedAllocation
[2021-07-20T12:40:18.549+0000][74.011s][2267133][2267139][debug] GC(26) Heap before GC invocations=27 (full 3): PSYoungGen      total 2362368K, used 1941952K [0x0000000755580000, 0x0000000800000000, 0x0000000800000000)
[2021-07-20T12:40:18.549+0000][74.011s][2267133][2267139][debug] GC(26)   eden space 1928704K, 100% used [0x0000000755580000,0x00000007cb100000,0x00000007cb100000)
[2021-07-20T12:40:18.549+0000][74.011s][2267133][2267139][debug] GC(26)   from space 433664K, 3% used [0x00000007cb100000,0x00000007cbdf0050,0x00000007e5880000)
[2021-07-20T12:40:18.549+0000][74.011s][2267133][2267139][debug] GC(26)   to   space 432128K, 0% used [0x00000007e5a00000,0x00000007e5a00000,0x0000000800000000)
[2021-07-20T12:40:18.549+0000][74.011s][2267133][2267139][debug] GC(26)  ParOldGen       total 5592576K, used 3197234K [0x0000000600000000, 0x0000000755580000, 0x0000000755580000)
[2021-07-20T12:40:18.549+0000][74.011s][2267133][2267139][debug] GC(26)   object space 5592576K, 57% used [0x0000000600000000,0x00000006c324ca78,0x0000000755580000)
[2021-07-20T12:40:18.549+0000][74.011s][2267133][2267139][debug] GC(26)  Metaspace       used 58305K, capacity 59869K, committed 60368K, reserved 1101824K
[2021-07-20T12:40:18.549+0000][74.011s][2267133][2267139][debug] GC(26)   class space    used 7100K, capacity 7754K, committed 7936K, reserved 1048576K
[2021-07-20T12:40:18.565+0000][74.027s][2267133][2267139][debug] GC(26) Desired survivor size 436207616 bytes, new threshold 1 (max threshold 15)
[2021-07-20T12:40:18.565+0000][74.027s][2267133][2267139][info ] GC(26) PSYoungGen: 1941952K->17088K(2370048K)
[2021-07-20T12:40:18.565+0000][74.027s][2267133][2267139][info ] GC(26) ParOldGen: 3197234K->3209522K(5592576K)
[2021-07-20T12:40:18.565+0000][74.027s][2267133][2267139][info ] GC(26) Pause Young (Allocation Failure) 5018M->3150M(7776M) 15.789ms
[2021-07-20T12:40:18.565+0000][74.027s][2267133][2267139][debug] GC(26) Heap after GC invocations=27 (full 3): PSYoungGen      total 2370048K, used 17088K [0x0000000755580000, 0x0000000800000000, 0x0000000800000000)
[2021-07-20T12:40:18.565+0000][74.027s][2267133][2267139][debug] GC(26)   eden space 1937920K, 0% used [0x0000000755580000,0x0000000755580000,0x00000007cba00000)
[2021-07-20T12:40:18.565+0000][74.027s][2267133][2267139][debug] GC(26)   from space 432128K, 3% used [0x00000007e5a00000,0x00000007e6ab0010,0x0000000800000000)
[2021-07-20T12:40:18.565+0000][74.027s][2267133][2267139][debug] GC(26)   to   space 425984K, 0% used [0x00000007cba00000,0x00000007cba00000,0x00000007e5a00000)
[2021-07-20T12:40:18.565+0000][74.027s][2267133][2267139][debug] GC(26)  ParOldGen       total 5592576K, used 3209522K [0x0000000600000000, 0x0000000755580000, 0x0000000755580000)
[2021-07-20T12:40:18.565+0000][74.027s][2267133][2267139][debug] GC(26)   object space 5592576K, 57% used [0x0000000600000000,0x00000006c3e4cbb8,0x0000000755580000)
[2021-07-20T12:40:18.565+0000][74.027s][2267133][2267139][debug] GC(26)  Metaspace       used 58305K, capacity 59869K, committed 60368K, reserved 1101824K
[2021-07-20T12:40:18.565+0000][74.027s][2267133][2267139][debug] GC(26)   class space    used 7100K, capacity 7754K, committed 7936K, reserved 1048576K
[2021-07-20T12:40:18.565+0000][74.027s][2267133][2267139][info ] Leaving safepoint region
[2021-07-20T12:40:18.565+0000][74.027s][2267133][2267139][info ] Total time for which application threads were stopped: 0.0167361 seconds, Stopping threads took: 0.0002670 seconds
[2021-07-20T12:40:19.567+0000][75.029s][2267133][2267139][info ] Application time: 1.0019958 seconds
[2021-07-20T12:40:19.570+0000][75.032s][2267133][2267139][info ] Entering safepoint region: Cleanup
[2021-07-20T12:40:19.570+0000][75.033s][2267133][2267139][info ] Leaving safepoint region
[2021-07-20T12:40:19.570+0000][75.033s][2267133][2267139][info ] Total time for which application threads were stopped: 0.0032952 seconds, Stopping threads took: 0.0026441 seconds
[2021-07-20T12:40:19.831+0000][75.294s][2267133][2267139][info ] Application time: 0.2611890 seconds
[2021-07-20T12:40:19.832+0000][75.295s][2267133][2267139][info ] Entering safepoint region: ICBufferFull
[2021-07-20T12:40:19.833+0000][75.296s][2267133][2267139][info ] Leaving safepoint region
[2021-07-20T12:40:19.833+0000][75.296s][2267133][2267139][info ] Total time for which application threads were stopped: 0.0015868 seconds, Stopping threads took: 0.0009949 seconds
[2021-07-20T12:40:19.954+0000][75.417s][2267133][2267139][info ] Application time: 0.1211296 seconds
[2021-07-20T12:40:19.955+0000][75.418s][2267133][2267139][info ] Entering safepoint region: ParallelGCFailedAllocation
[2021-07-20T12:40:19.956+0000][75.419s][2267133][2267139][debug] GC(27) Heap before GC invocations=28 (full 3): PSYoungGen      total 2370048K, used 1955008K [0x0000000755580000, 0x0000000800000000, 0x0000000800000000)
[2021-07-20T12:40:19.956+0000][75.419s][2267133][2267139][debug] GC(27)   eden space 1937920K, 100% used [0x0000000755580000,0x00000007cba00000,0x00000007cba00000)
[2021-07-20T12:40:19.956+0000][75.419s][2267133][2267139][debug] GC(27)   from space 432128K, 3% used [0x00000007e5a00000,0x00000007e6ab0010,0x0000000800000000)
[2021-07-20T12:40:19.956+0000][75.419s][2267133][2267139][debug] GC(27)   to   space 425984K, 0% used [0x00000007cba00000,0x00000007cba00000,0x00000007e5a00000)
[2021-07-20T12:40:19.956+0000][75.419s][2267133][2267139][debug] GC(27)  ParOldGen       total 5592576K, used 3209522K [0x0000000600000000, 0x0000000755580000, 0x0000000755580000)
[2021-07-20T12:40:19.956+0000][75.419s][2267133][2267139][debug] GC(27)   object space 5592576K, 57% used [0x0000000600000000,0x00000006c3e4cbb8,0x0000000755580000)
[2021-07-20T12:40:19.956+0000][75.419s][2267133][2267139][debug] GC(27)  Metaspace       used 58324K, capacity 59933K, committed 60368K, reserved 1101824K
[2021-07-20T12:40:19.956+0000][75.419s][2267133][2267139][debug] GC(27)   class space    used 7102K, capacity 7754K, committed 7936K, reserved 1048576K
[2021-07-20T12:40:20.003+0000][75.465s][2267133][2267139][debug] GC(27) Desired survivor size 426770432 bytes, new threshold 1 (max threshold 15)
[2021-07-20T12:40:20.003+0000][75.466s][2267133][2267139][info ] GC(27) PSYoungGen: 1955008K->19200K(2363904K)
[2021-07-20T12:40:20.003+0000][75.466s][2267133][2267139][info ] GC(27) ParOldGen: 3209522K->3225498K(5592576K)
[2021-07-20T12:40:20.003+0000][75.466s][2267133][2267139][info ] GC(27) Pause Young (Allocation Failure) 5043M->3168M(7770M) 46.752ms
[2021-07-20T12:40:20.003+0000][75.466s][2267133][2267139][debug] GC(27) Heap after GC invocations=28 (full 3): PSYoungGen      total 2363904K, used 19200K [0x0000000755580000, 0x0000000800000000, 0x0000000800000000)
[2021-07-20T12:40:20.003+0000][75.466s][2267133][2267139][debug] GC(27)   eden space 1937920K, 0% used [0x0000000755580000,0x0000000755580000,0x00000007cba00000)
[2021-07-20T12:40:20.003+0000][75.466s][2267133][2267139][debug] GC(27)   from space 425984K, 4% used [0x00000007cba00000,0x00000007cccc0010,0x00000007e5a00000)
[2021-07-20T12:40:20.003+0000][75.466s][2267133][2267139][debug] GC(27)   to   space 416768K, 0% used [0x00000007e6900000,0x00000007e6900000,0x0000000800000000)
[2021-07-20T12:40:20.003+0000][75.466s][2267133][2267139][debug] GC(27)  ParOldGen       total 5592576K, used 3225498K [0x0000000600000000, 0x0000000755580000, 0x0000000755580000)
[2021-07-20T12:40:20.003+0000][75.466s][2267133][2267139][debug] GC(27)   object space 5592576K, 57% used [0x0000000600000000,0x00000006c4de6be0,0x0000000755580000)
[2021-07-20T12:40:20.003+0000][75.466s][2267133][2267139][debug] GC(27)  Metaspace       used 58324K, capacity 59933K, committed 60368K, reserved 1101824K
[2021-07-20T12:40:20.003+0000][75.466s][2267133][2267139][debug] GC(27)   class space    used 7102K, capacity 7754K, committed 7936K, reserved 1048576K
[2021-07-20T12:40:20.003+0000][75.466s][2267133][2267139][info ] Leaving safepoint region
[2021-07-20T12:40:20.003+0000][75.466s][2267133][2267139][info ] Total time for which application threads were stopped: 0.0489628 seconds, Stopping threads took: 0.0011927 seconds
[2021-07-20T12:40:20.136+0000][75.598s][2267133][2267139][info ] Application time: 0.1323850 seconds
[2021-07-20T12:40:20.136+0000][75.599s][2267133][2267139][info ] Entering safepoint region: ICBufferFull
[2021-07-20T12:40:20.137+0000][75.599s][2267133][2267139][info ] Leaving safepoint region
[2021-07-20T12:40:20.137+0000][75.599s][2267133][2267139][info ] Total time for which application threads were stopped: 0.0013113 seconds, Stopping threads took: 0.0007732 seconds
[2021-07-20T12:40:21.137+0000][76.600s][2267133][2267139][info ] Application time: 1.0000742 seconds
[2021-07-20T12:40:21.138+0000][76.601s][2267133][2267139][info ] Entering safepoint region: Cleanup
[2021-07-20T12:40:21.139+0000][76.601s][2267133][2267139][info ] Leaving safepoint region
[2021-07-20T12:40:21.139+0000][76.601s][2267133][2267139][info ] Total time for which application threads were stopped: 0.0018305 seconds, Stopping threads took: 0.0013722 seconds
[2021-07-20T12:40:21.233+0000][76.696s][2267133][2267139][info ] Application time: 0.0941629 seconds
[2021-07-20T12:40:21.233+0000][76.696s][2267133][2267139][info ] Entering safepoint region: ParallelGCFailedAllocation
[2021-07-20T12:40:21.234+0000][76.696s][2267133][2267139][debug] GC(28) Heap before GC invocations=29 (full 3): PSYoungGen      total 2363904K, used 1957120K [0x0000000755580000, 0x0000000800000000, 0x0000000800000000)
[2021-07-20T12:40:21.234+0000][76.696s][2267133][2267139][debug] GC(28)   eden space 1937920K, 99% used [0x0000000755580000,0x00000007cb9ffff0,0x00000007cba00000)
[2021-07-20T12:40:21.234+0000][76.696s][2267133][2267139][debug] GC(28)   from space 425984K, 4% used [0x00000007cba00000,0x00000007cccc0010,0x00000007e5a00000)
[2021-07-20T12:40:21.234+0000][76.696s][2267133][2267139][debug] GC(28)   to   space 416768K, 0% used [0x00000007e6900000,0x00000007e6900000,0x0000000800000000)
[2021-07-20T12:40:21.234+0000][76.696s][2267133][2267139][debug] GC(28)  ParOldGen       total 5592576K, used 3225498K [0x0000000600000000, 0x0000000755580000, 0x0000000755580000)
[2021-07-20T12:40:21.234+0000][76.696s][2267133][2267139][debug] GC(28)   object space 5592576K, 57% used [0x0000000600000000,0x00000006c4de6be0,0x0000000755580000)
[2021-07-20T12:40:21.234+0000][76.696s][2267133][2267139][debug] GC(28)  Metaspace       used 58330K, capacity 59933K, committed 60368K, reserved 1101824K
[2021-07-20T12:40:21.234+0000][76.696s][2267133][2267139][debug] GC(28)   class space    used 7106K, capacity 7754K, committed 7936K, reserved 1048576K
[2021-07-20T12:40:21.254+0000][76.716s][2267133][2267139][debug] GC(28) Desired survivor size 415760384 bytes, new threshold 1 (max threshold 15)
[2021-07-20T12:40:21.254+0000][76.716s][2267133][2267139][info ] GC(28) PSYoungGen: 1957120K->15392K(2390016K)
[2021-07-20T12:40:21.254+0000][76.716s][2267133][2267139][info ] GC(28) ParOldGen: 3225498K->3246257K(5592576K)
[2021-07-20T12:40:21.254+0000][76.716s][2267133][2267139][info ] GC(28) Pause Young (Allocation Failure) 5061M->3185M(7795M) 20.103ms
[2021-07-20T12:40:21.254+0000][76.716s][2267133][2267139][debug] GC(28) Heap after GC invocations=29 (full 3): PSYoungGen      total 2390016K, used 15392K [0x0000000755580000, 0x0000000800000000, 0x0000000800000000)
[2021-07-20T12:40:21.254+0000][76.716s][2267133][2267139][debug] GC(28)   eden space 1973248K, 0% used [0x0000000755580000,0x0000000755580000,0x00000007cdc80000)
[2021-07-20T12:40:21.254+0000][76.716s][2267133][2267139][debug] GC(28)   from space 416768K, 3% used [0x00000007e6900000,0x00000007e7808010,0x0000000800000000)
[2021-07-20T12:40:21.254+0000][76.716s][2267133][2267139][debug] GC(28)   to   space 406016K, 0% used [0x00000007cdc80000,0x00000007cdc80000,0x00000007e6900000)
[2021-07-20T12:40:21.254+0000][76.716s][2267133][2267139][debug] GC(28)  ParOldGen       total 5592576K, used 3246257K [0x0000000600000000, 0x0000000755580000, 0x0000000755580000)
[2021-07-20T12:40:21.254+0000][76.716s][2267133][2267139][debug] GC(28)   object space 5592576K, 58% used [0x0000000600000000,0x00000006c622c600,0x0000000755580000)
[2021-07-20T12:40:21.254+0000][76.716s][2267133][2267139][debug] GC(28)  Metaspace       used 58330K, capacity 59933K, committed 60368K, reserved 1101824K
[2021-07-20T12:40:21.254+0000][76.716s][2267133][2267139][debug] GC(28)   class space    used 7106K, capacity 7754K, committed 7936K, reserved 1048576K
[2021-07-20T12:40:21.254+0000][76.717s][2267133][2267139][info ] Leaving safepoint region
[2021-07-20T12:40:21.254+0000][76.717s][2267133][2267139][info ] Total time for which application threads were stopped: 0.0209136 seconds, Stopping threads took: 0.0001730 seconds
[2021-07-20T12:40:22.235+0000][77.698s][2267133][2267139][info ] Application time: 0.9813147 seconds
[2021-07-20T12:40:22.236+0000][77.698s][2267133][2267139][info ] Entering safepoint region: ParallelGCFailedAllocation
[2021-07-20T12:40:22.236+0000][77.699s][2267133][2267139][debug] GC(29) Heap before GC invocations=30 (full 3): PSYoungGen      total 2390016K, used 1988640K [0x0000000755580000, 0x0000000800000000, 0x0000000800000000)
[2021-07-20T12:40:22.236+0000][77.699s][2267133][2267139][debug] GC(29)   eden space 1973248K, 100% used [0x0000000755580000,0x00000007cdc80000,0x00000007cdc80000)
[2021-07-20T12:40:22.236+0000][77.699s][2267133][2267139][debug] GC(29)   from space 416768K, 3% used [0x00000007e6900000,0x00000007e7808010,0x0000000800000000)
[2021-07-20T12:40:22.236+0000][77.699s][2267133][2267139][debug] GC(29)   to   space 406016K, 0% used [0x00000007cdc80000,0x00000007cdc80000,0x00000007e6900000)
[2021-07-20T12:40:22.236+0000][77.699s][2267133][2267139][debug] GC(29)  ParOldGen       total 5592576K, used 3246257K [0x0000000600000000, 0x0000000755580000, 0x0000000755580000)
[2021-07-20T12:40:22.236+0000][77.699s][2267133][2267139][debug] GC(29)   object space 5592576K, 58% used [0x0000000600000000,0x00000006c622c600,0x0000000755580000)
[2021-07-20T12:40:22.236+0000][77.699s][2267133][2267139][debug] GC(29)  Metaspace       used 58334K, capacity 59933K, committed 60368K, reserved 1101824K
[2021-07-20T12:40:22.236+0000][77.699s][2267133][2267139][debug] GC(29)   class space    used 7106K, capacity 7754K, committed 7936K, reserved 1048576K
[2021-07-20T12:40:22.275+0000][77.737s][2267133][2267139][debug] GC(29) Desired survivor size 400556032 bytes, new threshold 1 (max threshold 15)
[2021-07-20T12:40:22.275+0000][77.737s][2267133][2267139][info ] GC(29) PSYoungGen: 1988640K->25696K(2379264K)
[2021-07-20T12:40:22.275+0000][77.737s][2267133][2267139][info ] GC(29) ParOldGen: 3246257K->3261057K(5592576K)
[2021-07-20T12:40:22.275+0000][77.737s][2267133][2267139][info ] GC(29) Pause Young (Allocation Failure) 5112M->3209M(7785M) 38.543ms
[2021-07-20T12:40:22.275+0000][77.737s][2267133][2267139][debug] GC(29) Heap after GC invocations=30 (full 3): PSYoungGen      total 2379264K, used 25696K [0x0000000755580000, 0x0000000800000000, 0x0000000800000000)
[2021-07-20T12:40:22.275+0000][77.737s][2267133][2267139][debug] GC(29)   eden space 1973248K, 0% used [0x0000000755580000,0x0000000755580000,0x00000007cdc80000)
[2021-07-20T12:40:22.275+0000][77.737s][2267133][2267139][debug] GC(29)   from space 406016K, 6% used [0x00000007cdc80000,0x00000007cf598030,0x00000007e6900000)
[2021-07-20T12:40:22.275+0000][77.737s][2267133][2267139][debug] GC(29)   to   space 391168K, 0% used [0x00000007e8200000,0x00000007e8200000,0x0000000800000000)
[2021-07-20T12:40:22.275+0000][77.737s][2267133][2267139][debug] GC(29)  ParOldGen       total 5592576K, used 3261057K [0x0000000600000000, 0x0000000755580000, 0x0000000755580000)
[2021-07-20T12:40:22.275+0000][77.737s][2267133][2267139][debug] GC(29)   object space 5592576K, 58% used [0x0000000600000000,0x00000006c70a0600,0x0000000755580000)
[2021-07-20T12:40:22.275+0000][77.737s][2267133][2267139][debug] GC(29)  Metaspace       used 58334K, capacity 59933K, committed 60368K, reserved 1101824K
[2021-07-20T12:40:22.275+0000][77.737s][2267133][2267139][debug] GC(29)   class space    used 7106K, capacity 7754K, committed 7936K, reserved 1048576K
[2021-07-20T12:40:22.275+0000][77.737s][2267133][2267139][info ] Leaving safepoint region
[2021-07-20T12:40:22.275+0000][77.737s][2267133][2267139][info ] Total time for which application threads were stopped: 0.0395275 seconds, Stopping threads took: 0.0002520 seconds
[2021-07-20T12:40:23.077+0000][78.540s][2267133][2267139][info ] Application time: 0.8022586 seconds
[2021-07-20T12:40:23.078+0000][78.541s][2267133][2267139][info ] Entering safepoint region: ParallelGCFailedAllocation
[2021-07-20T12:40:23.079+0000][78.541s][2267133][2267139][debug] GC(30) Heap before GC invocations=31 (full 3): PSYoungGen      total 2379264K, used 1998944K [0x0000000755580000, 0x0000000800000000, 0x0000000800000000)
[2021-07-20T12:40:23.079+0000][78.541s][2267133][2267139][debug] GC(30)   eden space 1973248K, 100% used [0x0000000755580000,0x00000007cdc80000,0x00000007cdc80000)
[2021-07-20T12:40:23.079+0000][78.541s][2267133][2267139][debug] GC(30)   from space 406016K, 6% used [0x00000007cdc80000,0x00000007cf598030,0x00000007e6900000)
[2021-07-20T12:40:23.079+0000][78.541s][2267133][2267139][debug] GC(30)   to   space 391168K, 0% used [0x00000007e8200000,0x00000007e8200000,0x0000000800000000)
[2021-07-20T12:40:23.079+0000][78.541s][2267133][2267139][debug] GC(30)  ParOldGen       total 5592576K, used 3261057K [0x0000000600000000, 0x0000000755580000, 0x0000000755580000)
[2021-07-20T12:40:23.079+0000][78.541s][2267133][2267139][debug] GC(30)   object space 5592576K, 58% used [0x0000000600000000,0x00000006c70a0600,0x0000000755580000)
[2021-07-20T12:40:23.079+0000][78.541s][2267133][2267139][debug] GC(30)  Metaspace       used 58335K, capacity 59933K, committed 60368K, reserved 1101824K
[2021-07-20T12:40:23.079+0000][78.541s][2267133][2267139][debug] GC(30)   class space    used 7106K, capacity 7754K, committed 7936K, reserved 1048576K
[2021-07-20T12:40:23.116+0000][78.578s][2267133][2267139][debug] GC(30) Desired survivor size 386924544 bytes, new threshold 1 (max threshold 15)
[2021-07-20T12:40:23.116+0000][78.579s][2267133][2267139][info ] GC(30) PSYoungGen: 1998944K->15264K(2418176K)
[2021-07-20T12:40:23.116+0000][78.579s][2267133][2267139][info ] GC(30) ParOldGen: 3261057K->3286177K(5592576K)
[2021-07-20T12:40:23.116+0000][78.579s][2267133][2267139][info ] GC(30) Pause Young (Allocation Failure) 5136M->3224M(7823M) 37.583ms
[2021-07-20T12:40:23.116+0000][78.579s][2267133][2267139][debug] GC(30) Heap after GC invocations=31 (full 3): PSYoungGen      total 2418176K, used 15264K [0x0000000755580000, 0x0000000800000000, 0x0000000800000000)
[2021-07-20T12:40:23.117+0000][78.579s][2267133][2267139][debug] GC(30)   eden space 2027008K, 0% used [0x0000000755580000,0x0000000755580000,0x00000007d1100000)
[2021-07-20T12:40:23.117+0000][78.579s][2267133][2267139][debug] GC(30)   from space 391168K, 3% used [0x00000007e8200000,0x00000007e90e8010,0x0000000800000000)
[2021-07-20T12:40:23.117+0000][78.579s][2267133][2267139][debug] GC(30)   to   space 377856K, 0% used [0x00000007d1100000,0x00000007d1100000,0x00000007e8200000)
[2021-07-20T12:40:23.117+0000][78.579s][2267133][2267139][debug] GC(30)  ParOldGen       total 5592576K, used 3286177K [0x0000000600000000, 0x0000000755580000, 0x0000000755580000)
[2021-07-20T12:40:23.117+0000][78.579s][2267133][2267139][debug] GC(30)   object space 5592576K, 58% used [0x0000000600000000,0x00000006c8928620,0x0000000755580000)
[2021-07-20T12:40:23.117+0000][78.579s][2267133][2267139][debug] GC(30)  Metaspace       used 58335K, capacity 59933K, committed 60368K, reserved 1101824K
[2021-07-20T12:40:23.117+0000][78.579s][2267133][2267139][debug] GC(30)   class space    used 7106K, capacity 7754K, committed 7936K, reserved 1048576K
[2021-07-20T12:40:23.117+0000][78.579s][2267133][2267139][info ] Leaving safepoint region
[2021-07-20T12:40:23.117+0000][78.579s][2267133][2267139][info ] Total time for which application threads were stopped: 0.0393286 seconds, Stopping threads took: 0.0011443 seconds
[2021-07-20T12:40:23.991+0000][79.453s][2267133][2267139][info ] Application time: 0.8741304 seconds
[2021-07-20T12:40:23.991+0000][79.453s][2267133][2267139][info ] Entering safepoint region: ParallelGCFailedAllocation
[2021-07-20T12:40:23.991+0000][79.454s][2267133][2267139][debug] GC(31) Heap before GC invocations=32 (full 3): PSYoungGen      total 2418176K, used 2042272K [0x0000000755580000, 0x0000000800000000, 0x0000000800000000)
[2021-07-20T12:40:23.991+0000][79.454s][2267133][2267139][debug] GC(31)   eden space 2027008K, 100% used [0x0000000755580000,0x00000007d1100000,0x00000007d1100000)
[2021-07-20T12:40:23.991+0000][79.454s][2267133][2267139][debug] GC(31)   from space 391168K, 3% used [0x00000007e8200000,0x00000007e90e8010,0x0000000800000000)
[2021-07-20T12:40:23.991+0000][79.454s][2267133][2267139][debug] GC(31)   to   space 377856K, 0% used [0x00000007d1100000,0x00000007d1100000,0x00000007e8200000)
[2021-07-20T12:40:23.991+0000][79.454s][2267133][2267139][debug] GC(31)  ParOldGen       total 5592576K, used 3286177K [0x0000000600000000, 0x0000000755580000, 0x0000000755580000)
[2021-07-20T12:40:23.991+0000][79.454s][2267133][2267139][debug] GC(31)   object space 5592576K, 58% used [0x0000000600000000,0x00000006c8928620,0x0000000755580000)
[2021-07-20T12:40:23.991+0000][79.454s][2267133][2267139][debug] GC(31)  Metaspace       used 58335K, capacity 59933K, committed 60368K, reserved 1101824K
[2021-07-20T12:40:23.991+0000][79.454s][2267133][2267139][debug] GC(31)   class space    used 7106K, capacity 7754K, committed 7936K, reserved 1048576K
[2021-07-20T12:40:24.023+0000][79.485s][2267133][2267139][debug] GC(31) Desired survivor size 371720192 bytes, new threshold 1 (max threshold 15)
[2021-07-20T12:40:24.023+0000][79.485s][2267133][2267139][info ] GC(31) PSYoungGen: 2042272K->15360K(2404864K)
[2021-07-20T12:40:24.023+0000][79.485s][2267133][2267139][info ] GC(31) ParOldGen: 3286177K->3300825K(5592576K)
[2021-07-20T12:40:24.023+0000][79.486s][2267133][2267139][info ] GC(31) Pause Young (Allocation Failure) 5203M->3238M(7810M) 31.568ms
[2021-07-20T12:40:24.023+0000][79.486s][2267133][2267139][debug] GC(31) Heap after GC invocations=32 (full 3): PSYoungGen      total 2404864K, used 15360K [0x0000000755580000, 0x0000000800000000, 0x0000000800000000)
[2021-07-20T12:40:24.023+0000][79.486s][2267133][2267139][debug] GC(31)   eden space 2027008K, 0% used [0x0000000755580000,0x0000000755580000,0x00000007d1100000)
[2021-07-20T12:40:24.023+0000][79.486s][2267133][2267139][debug] GC(31)   from space 377856K, 4% used [0x00000007d1100000,0x00000007d2000010,0x00000007e8200000)
[2021-07-20T12:40:24.023+0000][79.486s][2267133][2267139][debug] GC(31)   to   space 363008K, 0% used [0x00000007e9d80000,0x00000007e9d80000,0x0000000800000000)
[2021-07-20T12:40:24.023+0000][79.486s][2267133][2267139][debug] GC(31)  ParOldGen       total 5592576K, used 3300825K [0x0000000600000000, 0x0000000755580000, 0x0000000755580000)
[2021-07-20T12:40:24.023+0000][79.486s][2267133][2267139][debug] GC(31)   object space 5592576K, 59% used [0x0000000600000000,0x00000006c9776620,0x0000000755580000)
[2021-07-20T12:40:24.023+0000][79.486s][2267133][2267139][debug] GC(31)  Metaspace       used 58335K, capacity 59933K, committed 60368K, reserved 1101824K
[2021-07-20T12:40:24.023+0000][79.486s][2267133][2267139][debug] GC(31)   class space    used 7106K, capacity 7754K, committed 7936K, reserved 1048576K
[2021-07-20T12:40:24.023+0000][79.486s][2267133][2267139][info ] Leaving safepoint region
[2021-07-20T12:40:24.023+0000][79.486s][2267133][2267139][info ] Total time for which application threads were stopped: 0.0324184 seconds, Stopping threads took: 0.0001956 seconds
[2021-07-20T12:40:24.852+0000][80.314s][2267133][2267139][info ] Application time: 0.8283435 seconds
[2021-07-20T12:40:24.852+0000][80.315s][2267133][2267139][info ] Entering safepoint region: ParallelGCFailedAllocation
[2021-07-20T12:40:24.853+0000][80.315s][2267133][2267139][debug] GC(32) Heap before GC invocations=33 (full 3): PSYoungGen      total 2404864K, used 2042368K [0x0000000755580000, 0x0000000800000000, 0x0000000800000000)
[2021-07-20T12:40:24.853+0000][80.315s][2267133][2267139][debug] GC(32)   eden space 2027008K, 100% used [0x0000000755580000,0x00000007d1100000,0x00000007d1100000)
[2021-07-20T12:40:24.853+0000][80.315s][2267133][2267139][debug] GC(32)   from space 377856K, 4% used [0x00000007d1100000,0x00000007d2000010,0x00000007e8200000)
[2021-07-20T12:40:24.853+0000][80.315s][2267133][2267139][debug] GC(32)   to   space 363008K, 0% used [0x00000007e9d80000,0x00000007e9d80000,0x0000000800000000)
[2021-07-20T12:40:24.853+0000][80.315s][2267133][2267139][debug] GC(32)  ParOldGen       total 5592576K, used 3300825K [0x0000000600000000, 0x0000000755580000, 0x0000000755580000)
[2021-07-20T12:40:24.853+0000][80.315s][2267133][2267139][debug] GC(32)   object space 5592576K, 59% used [0x0000000600000000,0x00000006c9776620,0x0000000755580000)
[2021-07-20T12:40:24.853+0000][80.315s][2267133][2267139][debug] GC(32)  Metaspace       used 58367K, capacity 59934K, committed 60368K, reserved 1101824K
[2021-07-20T12:40:24.853+0000][80.315s][2267133][2267139][debug] GC(32)   class space    used 7109K, capacity 7754K, committed 7936K, reserved 1048576K
[2021-07-20T12:40:24.887+0000][80.349s][2267133][2267139][debug] GC(32) Desired survivor size 354942976 bytes, new threshold 1 (max threshold 15)
[2021-07-20T12:40:24.887+0000][80.350s][2267133][2267139][info ] GC(32) PSYoungGen: 2042368K->22560K(2449408K)
[2021-07-20T12:40:24.887+0000][80.350s][2267133][2267139][info ] GC(32) ParOldGen: 3300825K->3315801K(5592576K)
[2021-07-20T12:40:24.887+0000][80.350s][2267133][2267139][info ] GC(32) Pause Young (Allocation Failure) 5217M->3260M(7853M) 34.458ms
[2021-07-20T12:40:24.887+0000][80.350s][2267133][2267139][debug] GC(32) Heap after GC invocations=33 (full 3): PSYoungGen      total 2449408K, used 22560K [0x0000000755580000, 0x0000000800000000, 0x0000000800000000)
[2021-07-20T12:40:24.887+0000][80.350s][2267133][2267139][debug] GC(32)   eden space 2086400K, 0% used [0x0000000755580000,0x0000000755580000,0x00000007d4b00000)
[2021-07-20T12:40:24.887+0000][80.350s][2267133][2267139][debug] GC(32)   from space 363008K, 6% used [0x00000007e9d80000,0x00000007eb388010,0x0000000800000000)
[2021-07-20T12:40:24.887+0000][80.350s][2267133][2267139][debug] GC(32)   to   space 346624K, 0% used [0x00000007d4b00000,0x00000007d4b00000,0x00000007e9d80000)
[2021-07-20T12:40:24.887+0000][80.350s][2267133][2267139][debug] GC(32)  ParOldGen       total 5592576K, used 3315801K [0x0000000600000000, 0x0000000755580000, 0x0000000755580000)
[2021-07-20T12:40:24.887+0000][80.350s][2267133][2267139][debug] GC(32)   object space 5592576K, 59% used [0x0000000600000000,0x00000006ca616630,0x0000000755580000)
[2021-07-20T12:40:24.887+0000][80.350s][2267133][2267139][debug] GC(32)  Metaspace       used 58367K, capacity 59934K, committed 60368K, reserved 1101824K
[2021-07-20T12:40:24.887+0000][80.350s][2267133][2267139][debug] GC(32)   class space    used 7109K, capacity 7754K, committed 7936K, reserved 1048576K
[2021-07-20T12:40:24.888+0000][80.350s][2267133][2267139][info ] Leaving safepoint region
[2021-07-20T12:40:24.888+0000][80.350s][2267133][2267139][info ] Total time for which application threads were stopped: 0.0359137 seconds, Stopping threads took: 0.0007982 seconds
[2021-07-20T12:40:25.621+0000][81.083s][2267133][2267139][info ] Application time: 0.7330064 seconds
[2021-07-20T12:40:25.621+0000][81.083s][2267133][2267139][info ] Entering safepoint region: ParallelGCFailedAllocation
[2021-07-20T12:40:25.621+0000][81.084s][2267133][2267139][debug] GC(33) Heap before GC invocations=34 (full 3): PSYoungGen      total 2449408K, used 2108960K [0x0000000755580000, 0x0000000800000000, 0x0000000800000000)
[2021-07-20T12:40:25.621+0000][81.084s][2267133][2267139][debug] GC(33)   eden space 2086400K, 100% used [0x0000000755580000,0x00000007d4b00000,0x00000007d4b00000)
[2021-07-20T12:40:25.621+0000][81.084s][2267133][2267139][debug] GC(33)   from space 363008K, 6% used [0x00000007e9d80000,0x00000007eb388010,0x0000000800000000)
[2021-07-20T12:40:25.621+0000][81.084s][2267133][2267139][debug] GC(33)   to   space 346624K, 0% used [0x00000007d4b00000,0x00000007d4b00000,0x00000007e9d80000)
[2021-07-20T12:40:25.621+0000][81.084s][2267133][2267139][debug] GC(33)  ParOldGen       total 5592576K, used 3315801K [0x0000000600000000, 0x0000000755580000, 0x0000000755580000)
[2021-07-20T12:40:25.621+0000][81.084s][2267133][2267139][debug] GC(33)   object space 5592576K, 59% used [0x0000000600000000,0x00000006ca616630,0x0000000755580000)
[2021-07-20T12:40:25.621+0000][81.084s][2267133][2267139][debug] GC(33)  Metaspace       used 58375K, capacity 59934K, committed 60368K, reserved 1101824K
[2021-07-20T12:40:25.621+0000][81.084s][2267133][2267139][debug] GC(33)   class space    used 7109K, capacity 7754K, committed 7936K, reserved 1048576K
[2021-07-20T12:40:25.659+0000][81.122s][2267133][2267139][debug] GC(33) Desired survivor size 336592896 bytes, new threshold 1 (max threshold 15)
[2021-07-20T12:40:25.659+0000][81.122s][2267133][2267139][info ] GC(33) PSYoungGen: 2108960K->29253K(2433024K)
[2021-07-20T12:40:25.659+0000][81.122s][2267133][2267139][info ] GC(33) ParOldGen: 3315801K->3337017K(5592576K)
[2021-07-20T12:40:25.659+0000][81.122s][2267133][2267139][info ] GC(33) Pause Young (Allocation Failure) 5297M->3287M(7837M) 38.054ms
[2021-07-20T12:40:25.659+0000][81.122s][2267133][2267139][debug] GC(33) Heap after GC invocations=34 (full 3): PSYoungGen      total 2433024K, used 29253K [0x0000000755580000, 0x0000000800000000, 0x0000000800000000)
[2021-07-20T12:40:25.659+0000][81.122s][2267133][2267139][debug] GC(33)   eden space 2086400K, 0% used [0x0000000755580000,0x0000000755580000,0x00000007d4b00000)
[2021-07-20T12:40:25.659+0000][81.122s][2267133][2267139][debug] GC(33)   from space 346624K, 8% used [0x00000007d4b00000,0x00000007d6791480,0x00000007e9d80000)
[2021-07-20T12:40:25.659+0000][81.122s][2267133][2267139][debug] GC(33)   to   space 328704K, 0% used [0x00000007ebf00000,0x00000007ebf00000,0x0000000800000000)
[2021-07-20T12:40:25.659+0000][81.122s][2267133][2267139][debug] GC(33)  ParOldGen       total 5592576K, used 3337017K [0x0000000600000000, 0x0000000755580000, 0x0000000755580000)
[2021-07-20T12:40:25.659+0000][81.122s][2267133][2267139][debug] GC(33)   object space 5592576K, 59% used [0x0000000600000000,0x00000006cbace640,0x0000000755580000)
[2021-07-20T12:40:25.659+0000][81.122s][2267133][2267139][debug] GC(33)  Metaspace       used 58375K, capacity 59934K, committed 60368K, reserved 1101824K
[2021-07-20T12:40:25.659+0000][81.122s][2267133][2267139][debug] GC(33)   class space    used 7109K, capacity 7754K, committed 7936K, reserved 1048576K
[2021-07-20T12:40:25.659+0000][81.122s][2267133][2267139][info ] Leaving safepoint region
[2021-07-20T12:40:25.659+0000][81.122s][2267133][2267139][info ] Total time for which application threads were stopped: 0.0388406 seconds, Stopping threads took: 0.0001796 seconds
[2021-07-20T12:40:26.389+0000][81.851s][2267133][2267139][info ] Application time: 0.7291023 seconds
[2021-07-20T12:40:26.389+0000][81.851s][2267133][2267139][info ] Entering safepoint region: ParallelGCFailedAllocation
[2021-07-20T12:40:26.389+0000][81.852s][2267133][2267139][debug] GC(34) Heap before GC invocations=35 (full 3): PSYoungGen      total 2433024K, used 2115653K [0x0000000755580000, 0x0000000800000000, 0x0000000800000000)
[2021-07-20T12:40:26.389+0000][81.852s][2267133][2267139][debug] GC(34)   eden space 2086400K, 100% used [0x0000000755580000,0x00000007d4b00000,0x00000007d4b00000)
[2021-07-20T12:40:26.389+0000][81.852s][2267133][2267139][debug] GC(34)   from space 346624K, 8% used [0x00000007d4b00000,0x00000007d6791480,0x00000007e9d80000)
[2021-07-20T12:40:26.389+0000][81.852s][2267133][2267139][debug] GC(34)   to   space 328704K, 0% used [0x00000007ebf00000,0x00000007ebf00000,0x0000000800000000)
[2021-07-20T12:40:26.389+0000][81.852s][2267133][2267139][debug] GC(34)  ParOldGen       total 5592576K, used 3337017K [0x0000000600000000, 0x0000000755580000, 0x0000000755580000)
[2021-07-20T12:40:26.389+0000][81.852s][2267133][2267139][debug] GC(34)   object space 5592576K, 59% used [0x0000000600000000,0x00000006cbace640,0x0000000755580000)
[2021-07-20T12:40:26.389+0000][81.852s][2267133][2267139][debug] GC(34)  Metaspace       used 58375K, capacity 59934K, committed 60368K, reserved 1101824K
[2021-07-20T12:40:26.389+0000][81.852s][2267133][2267139][debug] GC(34)   class space    used 7109K, capacity 7754K, committed 7936K, reserved 1048576K
[2021-07-20T12:40:26.434+0000][81.896s][2267133][2267139][debug] GC(34) Desired survivor size 317718528 bytes, new threshold 1 (max threshold 15)
[2021-07-20T12:40:26.435+0000][81.897s][2267133][2267139][info ] GC(34) PSYoungGen: 2115653K->35040K(2485760K)
[2021-07-20T12:40:26.435+0000][81.897s][2267133][2267139][info ] GC(34) ParOldGen: 3337017K->3365822K(5592576K)
[2021-07-20T12:40:26.435+0000][81.897s][2267133][2267139][info ] GC(34) Pause Young (Allocation Failure) 5324M->3321M(7889M) 45.398ms
[2021-07-20T12:40:26.435+0000][81.897s][2267133][2267139][debug] GC(34) Heap after GC invocations=35 (full 3): PSYoungGen      total 2485760K, used 35040K [0x0000000755580000, 0x0000000800000000, 0x0000000800000000)
[2021-07-20T12:40:26.435+0000][81.897s][2267133][2267139][debug] GC(34)   eden space 2157056K, 0% used [0x0000000755580000,0x0000000755580000,0x00000007d9000000)
[2021-07-20T12:40:26.435+0000][81.897s][2267133][2267139][debug] GC(34)   from space 328704K, 10% used [0x00000007ebf00000,0x00000007ee138020,0x0000000800000000)
[2021-07-20T12:40:26.435+0000][81.897s][2267133][2267139][debug] GC(34)   to   space 310272K, 0% used [0x00000007d9000000,0x00000007d9000000,0x00000007ebf00000)
[2021-07-20T12:40:26.435+0000][81.897s][2267133][2267139][debug] GC(34)  ParOldGen       total 5592576K, used 3365822K [0x0000000600000000, 0x0000000755580000, 0x0000000755580000)
[2021-07-20T12:40:26.435+0000][81.897s][2267133][2267139][debug] GC(34)   object space 5592576K, 60% used [0x0000000600000000,0x00000006cd6efac0,0x0000000755580000)
[2021-07-20T12:40:26.435+0000][81.897s][2267133][2267139][debug] GC(34)  Metaspace       used 58375K, capacity 59934K, committed 60368K, reserved 1101824K
[2021-07-20T12:40:26.435+0000][81.897s][2267133][2267139][debug] GC(34)   class space    used 7109K, capacity 7754K, committed 7936K, reserved 1048576K
[2021-07-20T12:40:26.435+0000][81.897s][2267133][2267139][info ] Leaving safepoint region
[2021-07-20T12:40:26.435+0000][81.897s][2267133][2267139][info ] Total time for which application threads were stopped: 0.0461573 seconds, Stopping threads took: 0.0001838 seconds
[2021-07-20T12:40:27.185+0000][82.648s][2267133][2267139][info ] Application time: 0.7505585 seconds
[2021-07-20T12:40:27.186+0000][82.649s][2267133][2267139][info ] Entering safepoint region: ParallelGCFailedAllocation
[2021-07-20T12:40:27.187+0000][82.649s][2267133][2267139][debug] GC(35) Heap before GC invocations=36 (full 3): PSYoungGen      total 2485760K, used 2192096K [0x0000000755580000, 0x0000000800000000, 0x0000000800000000)
[2021-07-20T12:40:27.187+0000][82.649s][2267133][2267139][debug] GC(35)   eden space 2157056K, 100% used [0x0000000755580000,0x00000007d9000000,0x00000007d9000000)
[2021-07-20T12:40:27.187+0000][82.649s][2267133][2267139][debug] GC(35)   from space 328704K, 10% used [0x00000007ebf00000,0x00000007ee138020,0x0000000800000000)
[2021-07-20T12:40:27.187+0000][82.649s][2267133][2267139][debug] GC(35)   to   space 310272K, 0% used [0x00000007d9000000,0x00000007d9000000,0x00000007ebf00000)
[2021-07-20T12:40:27.187+0000][82.649s][2267133][2267139][debug] GC(35)  ParOldGen       total 5592576K, used 3365822K [0x0000000600000000, 0x0000000755580000, 0x0000000755580000)
[2021-07-20T12:40:27.187+0000][82.649s][2267133][2267139][debug] GC(35)   object space 5592576K, 60% used [0x0000000600000000,0x00000006cd6efac0,0x0000000755580000)
[2021-07-20T12:40:27.187+0000][82.649s][2267133][2267139][debug] GC(35)  Metaspace       used 58375K, capacity 59934K, committed 60368K, reserved 1101824K
[2021-07-20T12:40:27.187+0000][82.649s][2267133][2267139][debug] GC(35)   class space    used 7109K, capacity 7754K, committed 7936K, reserved 1048576K
[2021-07-20T12:40:27.231+0000][82.694s][2267133][2267139][debug] GC(35) Desired survivor size 303038464 bytes, new threshold 1 (max threshold 15)
[2021-07-20T12:40:27.231+0000][82.694s][2267133][2267139][info ] GC(35) PSYoungGen: 2192096K->15040K(2467328K)
[2021-07-20T12:40:27.231+0000][82.694s][2267133][2267139][info ] GC(35) ParOldGen: 3365822K->3400526K(5592576K)
[2021-07-20T12:40:27.231+0000][82.694s][2267133][2267139][info ] GC(35) Pause Young (Allocation Failure) 5427M->3335M(7871M) 44.576ms
[2021-07-20T12:40:27.231+0000][82.694s][2267133][2267139][debug] GC(35) Heap after GC invocations=36 (full 3): PSYoungGen      total 2467328K, used 15040K [0x0000000755580000, 0x0000000800000000, 0x0000000800000000)
[2021-07-20T12:40:27.231+0000][82.694s][2267133][2267139][debug] GC(35)   eden space 2157056K, 0% used [0x0000000755580000,0x0000000755580000,0x00000007d9000000)
[2021-07-20T12:40:27.231+0000][82.694s][2267133][2267139][debug] GC(35)   from space 310272K, 4% used [0x00000007d9000000,0x00000007d9eb0000,0x00000007ebf00000)
[2021-07-20T12:40:27.231+0000][82.694s][2267133][2267139][debug] GC(35)   to   space 295936K, 0% used [0x00000007edf00000,0x00000007edf00000,0x0000000800000000)
[2021-07-20T12:40:27.231+0000][82.694s][2267133][2267139][debug] GC(35)  ParOldGen       total 5592576K, used 3400526K [0x0000000600000000, 0x0000000755580000, 0x0000000755580000)
[2021-07-20T12:40:27.231+0000][82.694s][2267133][2267139][debug] GC(35)   object space 5592576K, 60% used [0x0000000600000000,0x00000006cf8d3ae0,0x0000000755580000)
[2021-07-20T12:40:27.231+0000][82.694s][2267133][2267139][debug] GC(35)  Metaspace       used 58375K, capacity 59934K, committed 60368K, reserved 1101824K
[2021-07-20T12:40:27.231+0000][82.694s][2267133][2267139][debug] GC(35)   class space    used 7109K, capacity 7754K, committed 7936K, reserved 1048576K
[2021-07-20T12:40:27.231+0000][82.694s][2267133][2267139][info ] Leaving safepoint region
[2021-07-20T12:40:27.231+0000][82.694s][2267133][2267139][info ] Total time for which application threads were stopped: 0.0461346 seconds, Stopping threads took: 0.0010105 seconds
[2021-07-20T12:40:27.982+0000][83.445s][2267133][2267139][info ] Application time: 0.7509811 seconds
[2021-07-20T12:40:27.987+0000][83.449s][2267133][2267139][info ] Entering safepoint region: ParallelGCFailedAllocation
[2021-07-20T12:40:27.987+0000][83.450s][2267133][2267139][debug] GC(36) Heap before GC invocations=37 (full 3): PSYoungGen      total 2467328K, used 2172096K [0x0000000755580000, 0x0000000800000000, 0x0000000800000000)
[2021-07-20T12:40:27.987+0000][83.450s][2267133][2267139][debug] GC(36)   eden space 2157056K, 100% used [0x0000000755580000,0x00000007d9000000,0x00000007d9000000)
[2021-07-20T12:40:27.987+0000][83.450s][2267133][2267139][debug] GC(36)   from space 310272K, 4% used [0x00000007d9000000,0x00000007d9eb0000,0x00000007ebf00000)
[2021-07-20T12:40:27.987+0000][83.450s][2267133][2267139][debug] GC(36)   to   space 295936K, 0% used [0x00000007edf00000,0x00000007edf00000,0x0000000800000000)
[2021-07-20T12:40:27.987+0000][83.450s][2267133][2267139][debug] GC(36)  ParOldGen       total 5592576K, used 3400526K [0x0000000600000000, 0x0000000755580000, 0x0000000755580000)
[2021-07-20T12:40:27.987+0000][83.450s][2267133][2267139][debug] GC(36)   object space 5592576K, 60% used [0x0000000600000000,0x00000006cf8d3ae0,0x0000000755580000)
[2021-07-20T12:40:27.987+0000][83.450s][2267133][2267139][debug] GC(36)  Metaspace       used 58382K, capacity 59935K, committed 60368K, reserved 1101824K
[2021-07-20T12:40:27.987+0000][83.450s][2267133][2267139][debug] GC(36)   class space    used 7109K, capacity 7754K, committed 7936K, reserved 1048576K
[2021-07-20T12:40:28.021+0000][83.483s][2267133][2267139][debug] GC(36) Desired survivor size 288358400 bytes, new threshold 1 (max threshold 15)
[2021-07-20T12:40:28.021+0000][83.484s][2267133][2267139][info ] GC(36) PSYoungGen: 2172096K->14400K(2514432K)
[2021-07-20T12:40:28.021+0000][83.484s][2267133][2267139][info ] GC(36) ParOldGen: 3400526K->3415254K(5592576K)
[2021-07-20T12:40:28.022+0000][83.484s][2267133][2267139][info ] GC(36) Pause Young (Allocation Failure) 5442M->3349M(7917M) 34.221ms
[2021-07-20T12:40:28.022+0000][83.484s][2267133][2267139][debug] GC(36) Heap after GC invocations=37 (full 3): PSYoungGen      total 2514432K, used 14400K [0x0000000755580000, 0x0000000800000000, 0x0000000800000000)
[2021-07-20T12:40:28.022+0000][83.484s][2267133][2267139][debug] GC(36)   eden space 2218496K, 0% used [0x0000000755580000,0x0000000755580000,0x00000007dcc00000)
[2021-07-20T12:40:28.022+0000][83.484s][2267133][2267139][debug] GC(36)   from space 295936K, 4% used [0x00000007edf00000,0x00000007eed10000,0x0000000800000000)
[2021-07-20T12:40:28.022+0000][83.484s][2267133][2267139][debug] GC(36)   to   space 281600K, 0% used [0x00000007dcc00000,0x00000007dcc00000,0x00000007edf00000)
[2021-07-20T12:40:28.022+0000][83.484s][2267133][2267139][debug] GC(36)  ParOldGen       total 5592576K, used 3415254K [0x0000000600000000, 0x0000000755580000, 0x0000000755580000)
[2021-07-20T12:40:28.022+0000][83.484s][2267133][2267139][debug] GC(36)   object space 5592576K, 61% used [0x0000000600000000,0x00000006d0735ae0,0x0000000755580000)
[2021-07-20T12:40:28.022+0000][83.484s][2267133][2267139][debug] GC(36)  Metaspace       used 58382K, capacity 59935K, committed 60368K, reserved 1101824K
[2021-07-20T12:40:28.022+0000][83.484s][2267133][2267139][debug] GC(36)   class space    used 7109K, capacity 7754K, committed 7936K, reserved 1048576K
[2021-07-20T12:40:28.022+0000][83.484s][2267133][2267139][info ] Leaving safepoint region
[2021-07-20T12:40:28.022+0000][83.484s][2267133][2267139][info ] Total time for which application threads were stopped: 0.0391946 seconds, Stopping threads took: 0.0042918 seconds
[2021-07-20T12:40:28.805+0000][84.268s][2267133][2267139][info ] Application time: 0.7837667 seconds
[2021-07-20T12:40:28.806+0000][84.269s][2267133][2267139][info ] Entering safepoint region: ParallelGCFailedAllocation
[2021-07-20T12:40:28.807+0000][84.269s][2267133][2267139][debug] GC(37) Heap before GC invocations=38 (full 3): PSYoungGen      total 2514432K, used 2232896K [0x0000000755580000, 0x0000000800000000, 0x0000000800000000)
[2021-07-20T12:40:28.807+0000][84.269s][2267133][2267139][debug] GC(37)   eden space 2218496K, 100% used [0x0000000755580000,0x00000007dcc00000,0x00000007dcc00000)
[2021-07-20T12:40:28.807+0000][84.269s][2267133][2267139][debug] GC(37)   from space 295936K, 4% used [0x00000007edf00000,0x00000007eed10000,0x0000000800000000)
[2021-07-20T12:40:28.807+0000][84.269s][2267133][2267139][debug] GC(37)   to   space 281600K, 0% used [0x00000007dcc00000,0x00000007dcc00000,0x00000007edf00000)
[2021-07-20T12:40:28.807+0000][84.269s][2267133][2267139][debug] GC(37)  ParOldGen       total 5592576K, used 3415254K [0x0000000600000000, 0x0000000755580000, 0x0000000755580000)
[2021-07-20T12:40:28.807+0000][84.269s][2267133][2267139][debug] GC(37)   object space 5592576K, 61% used [0x0000000600000000,0x00000006d0735ae0,0x0000000755580000)
[2021-07-20T12:40:28.807+0000][84.269s][2267133][2267139][debug] GC(37)  Metaspace       used 58383K, capacity 59935K, committed 60368K, reserved 1101824K
[2021-07-20T12:40:28.807+0000][84.269s][2267133][2267139][debug] GC(37)   class space    used 7109K, capacity 7754K, committed 7936K, reserved 1048576K
[2021-07-20T12:40:28.843+0000][84.305s][2267133][2267139][debug] GC(37) Desired survivor size 273678336 bytes, new threshold 1 (max threshold 15)
[2021-07-20T12:40:28.843+0000][84.305s][2267133][2267139][info ] GC(37) PSYoungGen: 2232896K->15232K(2500096K)
[2021-07-20T12:40:28.843+0000][84.305s][2267133][2267139][info ] GC(37) ParOldGen: 3415254K->3429246K(5592576K)
[2021-07-20T12:40:28.843+0000][84.305s][2267133][2267139][info ] GC(37) Pause Young (Allocation Failure) 5515M->3363M(7903M) 35.970ms
[2021-07-20T12:40:28.843+0000][84.305s][2267133][2267139][debug] GC(37) Heap after GC invocations=38 (full 3): PSYoungGen      total 2500096K, used 15232K [0x0000000755580000, 0x0000000800000000, 0x0000000800000000)
[2021-07-20T12:40:28.843+0000][84.305s][2267133][2267139][debug] GC(37)   eden space 2218496K, 0% used [0x0000000755580000,0x0000000755580000,0x00000007dcc00000)
[2021-07-20T12:40:28.843+0000][84.305s][2267133][2267139][debug] GC(37)   from space 281600K, 5% used [0x00000007dcc00000,0x00000007ddae0010,0x00000007edf00000)
[2021-07-20T12:40:28.843+0000][84.305s][2267133][2267139][debug] GC(37)   to   space 267264K, 0% used [0x00000007efb00000,0x00000007efb00000,0x0000000800000000)
[2021-07-20T12:40:28.843+0000][84.305s][2267133][2267139][debug] GC(37)  ParOldGen       total 5592576K, used 3429246K [0x0000000600000000, 0x0000000755580000, 0x0000000755580000)
[2021-07-20T12:40:28.843+0000][84.305s][2267133][2267139][debug] GC(37)   object space 5592576K, 61% used [0x0000000600000000,0x00000006d14dfae0,0x0000000755580000)
[2021-07-20T12:40:28.843+0000][84.305s][2267133][2267139][debug] GC(37)  Metaspace       used 58383K, capacity 59935K, committed 60368K, reserved 1101824K
[2021-07-20T12:40:28.843+0000][84.305s][2267133][2267139][debug] GC(37)   class space    used 7109K, capacity 7754K, committed 7936K, reserved 1048576K
[2021-07-20T12:40:28.843+0000][84.305s][2267133][2267139][info ] Leaving safepoint region
[2021-07-20T12:40:28.843+0000][84.305s][2267133][2267139][info ] Total time for which application threads were stopped: 0.0374456 seconds, Stopping threads took: 0.0008577 seconds
[2021-07-20T12:40:29.661+0000][85.124s][2267133][2267139][info ] Application time: 0.8184692 seconds
[2021-07-20T12:40:29.662+0000][85.125s][2267133][2267139][info ] Entering safepoint region: ParallelGCFailedAllocation
[2021-07-20T12:40:29.663+0000][85.125s][2267133][2267139][debug] GC(38) Heap before GC invocations=39 (full 3): PSYoungGen      total 2500096K, used 2233728K [0x0000000755580000, 0x0000000800000000, 0x0000000800000000)
[2021-07-20T12:40:29.663+0000][85.125s][2267133][2267139][debug] GC(38)   eden space 2218496K, 100% used [0x0000000755580000,0x00000007dcc00000,0x00000007dcc00000)
[2021-07-20T12:40:29.663+0000][85.125s][2267133][2267139][debug] GC(38)   from space 281600K, 5% used [0x00000007dcc00000,0x00000007ddae0010,0x00000007edf00000)
[2021-07-20T12:40:29.663+0000][85.125s][2267133][2267139][debug] GC(38)   to   space 267264K, 0% used [0x00000007efb00000,0x00000007efb00000,0x0000000800000000)
[2021-07-20T12:40:29.663+0000][85.125s][2267133][2267139][debug] GC(38)  ParOldGen       total 5592576K, used 3429246K [0x0000000600000000, 0x0000000755580000, 0x0000000755580000)
[2021-07-20T12:40:29.663+0000][85.125s][2267133][2267139][debug] GC(38)   object space 5592576K, 61% used [0x0000000600000000,0x00000006d14dfae0,0x0000000755580000)
[2021-07-20T12:40:29.663+0000][85.125s][2267133][2267139][debug] GC(38)  Metaspace       used 58385K, capacity 59935K, committed 60368K, reserved 1101824K
[2021-07-20T12:40:29.663+0000][85.125s][2267133][2267139][debug] GC(38)   class space    used 7109K, capacity 7754K, committed 7936K, reserved 1048576K
[2021-07-20T12:40:29.711+0000][85.173s][2267133][2267139][debug] GC(38) Desired survivor size 253231104 bytes, new threshold 1 (max threshold 15)
[2021-07-20T12:40:29.712+0000][85.174s][2267133][2267139][info ] GC(38) PSYoungGen: 2233728K->58083K(2548736K)
[2021-07-20T12:40:29.712+0000][85.174s][2267133][2267139][info ] GC(38) ParOldGen: 3429246K->3441662K(5592576K)
[2021-07-20T12:40:29.712+0000][85.174s][2267133][2267139][info ] GC(38) Pause Young (Allocation Failure) 5530M->3417M(7950M) 48.694ms
[2021-07-20T12:40:29.712+0000][85.174s][2267133][2267139][debug] GC(38) Heap after GC invocations=39 (full 3): PSYoungGen      total 2548736K, used 58083K [0x0000000755580000, 0x0000000800000000, 0x0000000800000000)
[2021-07-20T12:40:29.712+0000][85.174s][2267133][2267139][debug] GC(38)   eden space 2281472K, 0% used [0x0000000755580000,0x0000000755580000,0x00000007e0980000)
[2021-07-20T12:40:29.712+0000][85.174s][2267133][2267139][debug] GC(38)   from space 267264K, 21% used [0x00000007efb00000,0x00000007f33b8db0,0x0000000800000000)
[2021-07-20T12:40:29.712+0000][85.174s][2267133][2267139][debug] GC(38)   to   space 247296K, 0% used [0x00000007e0980000,0x00000007e0980000,0x00000007efb00000)
[2021-07-20T12:40:29.712+0000][85.174s][2267133][2267139][debug] GC(38)  ParOldGen       total 5592576K, used 3441662K [0x0000000600000000, 0x0000000755580000, 0x0000000755580000)
[2021-07-20T12:40:29.712+0000][85.174s][2267133][2267139][debug] GC(38)   object space 5592576K, 61% used [0x0000000600000000,0x00000006d20ffaf0,0x0000000755580000)
[2021-07-20T12:40:29.712+0000][85.174s][2267133][2267139][debug] GC(38)  Metaspace       used 58385K, capacity 59935K, committed 60368K, reserved 1101824K
[2021-07-20T12:40:29.712+0000][85.174s][2267133][2267139][debug] GC(38)   class space    used 7109K, capacity 7754K, committed 7936K, reserved 1048576K
[2021-07-20T12:40:29.712+0000][85.174s][2267133][2267139][info ] Leaving safepoint region
[2021-07-20T12:40:29.712+0000][85.174s][2267133][2267139][info ] Total time for which application threads were stopped: 0.0502546 seconds, Stopping threads took: 0.0009067 seconds
[2021-07-20T12:40:30.534+0000][85.996s][2267133][2267139][info ] Application time: 0.8219933 seconds
[2021-07-20T12:40:30.534+0000][85.996s][2267133][2267139][info ] Entering safepoint region: ParallelGCFailedAllocation
[2021-07-20T12:40:30.534+0000][85.997s][2267133][2267139][debug] GC(39) Heap before GC invocations=40 (full 3): PSYoungGen      total 2548736K, used 2339555K [0x0000000755580000, 0x0000000800000000, 0x0000000800000000)
[2021-07-20T12:40:30.534+0000][85.997s][2267133][2267139][debug] GC(39)   eden space 2281472K, 100% used [0x0000000755580000,0x00000007e0980000,0x00000007e0980000)
[2021-07-20T12:40:30.534+0000][85.997s][2267133][2267139][debug] GC(39)   from space 267264K, 21% used [0x00000007efb00000,0x00000007f33b8db0,0x0000000800000000)
[2021-07-20T12:40:30.534+0000][85.997s][2267133][2267139][debug] GC(39)   to   space 247296K, 0% used [0x00000007e0980000,0x00000007e0980000,0x00000007efb00000)
[2021-07-20T12:40:30.534+0000][85.997s][2267133][2267139][debug] GC(39)  ParOldGen       total 5592576K, used 3441662K [0x0000000600000000, 0x0000000755580000, 0x0000000755580000)
[2021-07-20T12:40:30.534+0000][85.997s][2267133][2267139][debug] GC(39)   object space 5592576K, 61% used [0x0000000600000000,0x00000006d20ffaf0,0x0000000755580000)
[2021-07-20T12:40:30.534+0000][85.997s][2267133][2267139][debug] GC(39)  Metaspace       used 58386K, capacity 59935K, committed 60368K, reserved 1101824K
[2021-07-20T12:40:30.534+0000][85.997s][2267133][2267139][debug] GC(39)   class space    used 7109K, capacity 7754K, committed 7936K, reserved 1048576K
[2021-07-20T12:40:30.583+0000][86.046s][2267133][2267139][debug] GC(39) Desired survivor size 240648192 bytes, new threshold 1 (max threshold 15)
[2021-07-20T12:40:30.583+0000][86.046s][2267133][2267139][info ] GC(39) PSYoungGen: 2339555K->14144K(2528768K)
[2021-07-20T12:40:30.583+0000][86.046s][2267133][2267139][info ] GC(39) ParOldGen: 3441662K->3499426K(5592576K)
[2021-07-20T12:40:30.583+0000][86.046s][2267133][2267139][info ] GC(39) Pause Young (Allocation Failure) 5645M->3431M(7931M) 49.038ms
[2021-07-20T12:40:30.584+0000][86.046s][2267133][2267139][debug] GC(39) Heap after GC invocations=40 (full 3): PSYoungGen      total 2528768K, used 14144K [0x0000000755580000, 0x0000000800000000, 0x0000000800000000)
[2021-07-20T12:40:30.584+0000][86.046s][2267133][2267139][debug] GC(39)   eden space 2281472K, 0% used [0x0000000755580000,0x0000000755580000,0x00000007e0980000)
[2021-07-20T12:40:30.584+0000][86.046s][2267133][2267139][debug] GC(39)   from space 247296K, 5% used [0x00000007e0980000,0x00000007e1750000,0x00000007efb00000)
[2021-07-20T12:40:30.584+0000][86.046s][2267133][2267139][debug] GC(39)   to   space 235008K, 0% used [0x00000007f1a80000,0x00000007f1a80000,0x0000000800000000)
[2021-07-20T12:40:30.584+0000][86.046s][2267133][2267139][debug] GC(39)  ParOldGen       total 5592576K, used 3499426K [0x0000000600000000, 0x0000000755580000, 0x0000000755580000)
[2021-07-20T12:40:30.584+0000][86.046s][2267133][2267139][debug] GC(39)   object space 5592576K, 62% used [0x0000000600000000,0x00000006d59688a0,0x0000000755580000)
[2021-07-20T12:40:30.584+0000][86.046s][2267133][2267139][debug] GC(39)  Metaspace       used 58386K, capacity 59935K, committed 60368K, reserved 1101824K
[2021-07-20T12:40:30.584+0000][86.046s][2267133][2267139][debug] GC(39)   class space    used 7109K, capacity 7754K, committed 7936K, reserved 1048576K
[2021-07-20T12:40:30.584+0000][86.046s][2267133][2267139][info ] Leaving safepoint region
[2021-07-20T12:40:30.584+0000][86.046s][2267133][2267139][info ] Total time for which application threads were stopped: 0.0498469 seconds, Stopping threads took: 0.0001787 seconds
[2021-07-20T12:40:30.706+0000][86.169s][2267133][2267139][info ] Application time: 0.1225942 seconds
[2021-07-20T12:40:30.708+0000][86.171s][2267133][2267139][info ] Entering safepoint region: ICBufferFull
[2021-07-20T12:40:30.709+0000][86.171s][2267133][2267139][info ] Leaving safepoint region
[2021-07-20T12:40:30.709+0000][86.171s][2267133][2267139][info ] Total time for which application threads were stopped: 0.0026842 seconds, Stopping threads took: 0.0021856 seconds
[2021-07-20T12:40:31.444+0000][86.907s][2267133][2267139][info ] Application time: 0.7354255 seconds
[2021-07-20T12:40:31.445+0000][86.908s][2267133][2267139][info ] Entering safepoint region: ParallelGCFailedAllocation
[2021-07-20T12:40:31.446+0000][86.908s][2267133][2267139][debug] GC(40) Heap before GC invocations=41 (full 3): PSYoungGen      total 2528768K, used 2295616K [0x0000000755580000, 0x0000000800000000, 0x0000000800000000)
[2021-07-20T12:40:31.446+0000][86.908s][2267133][2267139][debug] GC(40)   eden space 2281472K, 100% used [0x0000000755580000,0x00000007e0980000,0x00000007e0980000)
[2021-07-20T12:40:31.446+0000][86.908s][2267133][2267139][debug] GC(40)   from space 247296K, 5% used [0x00000007e0980000,0x00000007e1750000,0x00000007efb00000)
[2021-07-20T12:40:31.446+0000][86.908s][2267133][2267139][debug] GC(40)   to   space 235008K, 0% used [0x00000007f1a80000,0x00000007f1a80000,0x0000000800000000)
[2021-07-20T12:40:31.446+0000][86.908s][2267133][2267139][debug] GC(40)  ParOldGen       total 5592576K, used 3499426K [0x0000000600000000, 0x0000000755580000, 0x0000000755580000)
[2021-07-20T12:40:31.446+0000][86.908s][2267133][2267139][debug] GC(40)   object space 5592576K, 62% used [0x0000000600000000,0x00000006d59688a0,0x0000000755580000)
[2021-07-20T12:40:31.446+0000][86.908s][2267133][2267139][debug] GC(40)  Metaspace       used 58405K, capacity 59950K, committed 60368K, reserved 1101824K
[2021-07-20T12:40:31.446+0000][86.908s][2267133][2267139][debug] GC(40)   class space    used 7111K, capacity 7759K, committed 7936K, reserved 1048576K
[2021-07-20T12:40:31.479+0000][86.942s][2267133][2267139][debug] GC(40) Desired survivor size 228589568 bytes, new threshold 1 (max threshold 15)
[2021-07-20T12:40:31.480+0000][86.942s][2267133][2267139][info ] GC(40) PSYoungGen: 2295616K->14368K(2572800K)
[2021-07-20T12:40:31.480+0000][86.942s][2267133][2267139][info ] GC(40) ParOldGen: 3499426K->3513146K(5592576K)
[2021-07-20T12:40:31.480+0000][86.942s][2267133][2267139][info ] GC(40) Pause Young (Allocation Failure) 5659M->3444M(7974M) 33.992ms
[2021-07-20T12:40:31.480+0000][86.942s][2267133][2267139][debug] GC(40) Heap after GC invocations=41 (full 3): PSYoungGen      total 2572800K, used 14368K [0x0000000755580000, 0x0000000800000000, 0x0000000800000000)
[2021-07-20T12:40:31.480+0000][86.942s][2267133][2267139][debug] GC(40)   eden space 2337792K, 0% used [0x0000000755580000,0x0000000755580000,0x00000007e4080000)
[2021-07-20T12:40:31.480+0000][86.942s][2267133][2267139][debug] GC(40)   from space 235008K, 6% used [0x00000007f1a80000,0x00000007f2888000,0x0000000800000000)
[2021-07-20T12:40:31.480+0000][86.942s][2267133][2267139][debug] GC(40)   to   space 223232K, 0% used [0x00000007e4080000,0x00000007e4080000,0x00000007f1a80000)
[2021-07-20T12:40:31.480+0000][86.942s][2267133][2267139][debug] GC(40)  ParOldGen       total 5592576K, used 3513146K [0x0000000600000000, 0x0000000755580000, 0x0000000755580000)
[2021-07-20T12:40:31.480+0000][86.942s][2267133][2267139][debug] GC(40)   object space 5592576K, 62% used [0x0000000600000000,0x00000006d66ce8a0,0x0000000755580000)
[2021-07-20T12:40:31.480+0000][86.942s][2267133][2267139][debug] GC(40)  Metaspace       used 58405K, capacity 59950K, committed 60368K, reserved 1101824K
[2021-07-20T12:40:31.480+0000][86.942s][2267133][2267139][debug] GC(40)   class space    used 7111K, capacity 7759K, committed 7936K, reserved 1048576K
[2021-07-20T12:40:31.480+0000][86.942s][2267133][2267139][info ] Leaving safepoint region
[2021-07-20T12:40:31.480+0000][86.942s][2267133][2267139][info ] Total time for which application threads were stopped: 0.0355581 seconds, Stopping threads took: 0.0009302 seconds
[2021-07-20T12:40:32.333+0000][87.796s][2267133][2267139][info ] Application time: 0.8531164 seconds
[2021-07-20T12:40:32.334+0000][87.797s][2267133][2267139][info ] Entering safepoint region: ParallelGCFailedAllocation
[2021-07-20T12:40:32.335+0000][87.797s][2267133][2267139][debug] GC(41) Heap before GC invocations=42 (full 3): PSYoungGen      total 2572800K, used 2352160K [0x0000000755580000, 0x0000000800000000, 0x0000000800000000)
[2021-07-20T12:40:32.335+0000][87.797s][2267133][2267139][debug] GC(41)   eden space 2337792K, 100% used [0x0000000755580000,0x00000007e4080000,0x00000007e4080000)
[2021-07-20T12:40:32.335+0000][87.797s][2267133][2267139][debug] GC(41)   from space 235008K, 6% used [0x00000007f1a80000,0x00000007f2888000,0x0000000800000000)
[2021-07-20T12:40:32.335+0000][87.797s][2267133][2267139][debug] GC(41)   to   space 223232K, 0% used [0x00000007e4080000,0x00000007e4080000,0x00000007f1a80000)
[2021-07-20T12:40:32.335+0000][87.797s][2267133][2267139][debug] GC(41)  ParOldGen       total 5592576K, used 3513146K [0x0000000600000000, 0x0000000755580000, 0x0000000755580000)
[2021-07-20T12:40:32.335+0000][87.797s][2267133][2267139][debug] GC(41)   object space 5592576K, 62% used [0x0000000600000000,0x00000006d66ce8a0,0x0000000755580000)
[2021-07-20T12:40:32.335+0000][87.797s][2267133][2267139][debug] GC(41)  Metaspace       used 58405K, capacity 59950K, committed 60368K, reserved 1101824K
[2021-07-20T12:40:32.335+0000][87.797s][2267133][2267139][debug] GC(41)   class space    used 7111K, capacity 7759K, committed 7936K, reserved 1048576K
[2021-07-20T12:40:32.368+0000][87.830s][2267133][2267139][debug] GC(41) Desired survivor size 217055232 bytes, new threshold 1 (max threshold 15)
[2021-07-20T12:40:32.368+0000][87.831s][2267133][2267139][info ] GC(41) PSYoungGen: 2352160K->12768K(2561024K)
[2021-07-20T12:40:32.368+0000][87.831s][2267133][2267139][info ] GC(41) ParOldGen: 3513146K->3527066K(5592576K)
[2021-07-20T12:40:32.368+0000][87.831s][2267133][2267139][info ] GC(41) Pause Young (Allocation Failure) 5727M->3456M(7962M) 33.328ms
[2021-07-20T12:40:32.368+0000][87.831s][2267133][2267139][debug] GC(41) Heap after GC invocations=42 (full 3): PSYoungGen      total 2561024K, used 12768K [0x0000000755580000, 0x0000000800000000, 0x0000000800000000)
[2021-07-20T12:40:32.368+0000][87.831s][2267133][2267139][debug] GC(41)   eden space 2337792K, 0% used [0x0000000755580000,0x0000000755580000,0x00000007e4080000)
[2021-07-20T12:40:32.368+0000][87.831s][2267133][2267139][debug] GC(41)   from space 223232K, 5% used [0x00000007e4080000,0x00000007e4cf8000,0x00000007f1a80000)
[2021-07-20T12:40:32.368+0000][87.831s][2267133][2267139][debug] GC(41)   to   space 211968K, 0% used [0x00000007f3100000,0x00000007f3100000,0x0000000800000000)
[2021-07-20T12:40:32.368+0000][87.831s][2267133][2267139][debug] GC(41)  ParOldGen       total 5592576K, used 3527066K [0x0000000600000000, 0x0000000755580000, 0x0000000755580000)
[2021-07-20T12:40:32.368+0000][87.831s][2267133][2267139][debug] GC(41)   object space 5592576K, 63% used [0x0000000600000000,0x00000006d74668a0,0x0000000755580000)
[2021-07-20T12:40:32.368+0000][87.831s][2267133][2267139][debug] GC(41)  Metaspace       used 58405K, capacity 59950K, committed 60368K, reserved 1101824K
[2021-07-20T12:40:32.368+0000][87.831s][2267133][2267139][debug] GC(41)   class space    used 7111K, capacity 7759K, committed 7936K, reserved 1048576K
[2021-07-20T12:40:32.368+0000][87.831s][2267133][2267139][info ] Leaving safepoint region
[2021-07-20T12:40:32.368+0000][87.831s][2267133][2267139][info ] Total time for which application threads were stopped: 0.0351180 seconds, Stopping threads took: 0.0011933 seconds
[2021-07-20T12:40:33.216+0000][88.679s][2267133][2267139][info ] Application time: 0.8480361 seconds
[2021-07-20T12:40:33.217+0000][88.679s][2267133][2267139][info ] Entering safepoint region: ParallelGCFailedAllocation
[2021-07-20T12:40:33.217+0000][88.679s][2267133][2267139][debug] GC(42) Heap before GC invocations=43 (full 3): PSYoungGen      total 2561024K, used 2350560K [0x0000000755580000, 0x0000000800000000, 0x0000000800000000)
[2021-07-20T12:40:33.217+0000][88.679s][2267133][2267139][debug] GC(42)   eden space 2337792K, 100% used [0x0000000755580000,0x00000007e4080000,0x00000007e4080000)
[2021-07-20T12:40:33.217+0000][88.679s][2267133][2267139][debug] GC(42)   from space 223232K, 5% used [0x00000007e4080000,0x00000007e4cf8000,0x00000007f1a80000)
[2021-07-20T12:40:33.217+0000][88.679s][2267133][2267139][debug] GC(42)   to   space 211968K, 0% used [0x00000007f3100000,0x00000007f3100000,0x0000000800000000)
[2021-07-20T12:40:33.217+0000][88.679s][2267133][2267139][debug] GC(42)  ParOldGen       total 5592576K, used 3527066K [0x0000000600000000, 0x0000000755580000, 0x0000000755580000)
[2021-07-20T12:40:33.217+0000][88.679s][2267133][2267139][debug] GC(42)   object space 5592576K, 63% used [0x0000000600000000,0x00000006d74668a0,0x0000000755580000)
[2021-07-20T12:40:33.217+0000][88.679s][2267133][2267139][debug] GC(42)  Metaspace       used 58407K, capacity 59951K, committed 60368K, reserved 1101824K
[2021-07-20T12:40:33.217+0000][88.679s][2267133][2267139][debug] GC(42)   class space    used 7111K, capacity 7759K, committed 7936K, reserved 1048576K
[2021-07-20T12:40:33.250+0000][88.713s][2267133][2267139][debug] GC(42) Desired survivor size 204996608 bytes, new threshold 1 (max threshold 15)
[2021-07-20T12:40:33.251+0000][88.713s][2267133][2267139][info ] GC(42) PSYoungGen: 2350560K->14624K(2595840K)
[2021-07-20T12:40:33.251+0000][88.713s][2267133][2267139][info ] GC(42) ParOldGen: 3527066K->3538770K(5592576K)
[2021-07-20T12:40:33.251+0000][88.713s][2267133][2267139][info ] GC(42) Pause Young (Allocation Failure) 5739M->3470M(7996M) 33.669ms
[2021-07-20T12:40:33.251+0000][88.713s][2267133][2267139][debug] GC(42) Heap after GC invocations=43 (full 3): PSYoungGen      total 2595840K, used 14624K [0x0000000755580000, 0x0000000800000000, 0x0000000800000000)
[2021-07-20T12:40:33.251+0000][88.713s][2267133][2267139][debug] GC(42)   eden space 2383872K, 0% used [0x0000000755580000,0x0000000755580000,0x00000007e6d80000)
[2021-07-20T12:40:33.251+0000][88.713s][2267133][2267139][debug] GC(42)   from space 211968K, 6% used [0x00000007f3100000,0x00000007f3f48000,0x0000000800000000)
[2021-07-20T12:40:33.251+0000][88.713s][2267133][2267139][debug] GC(42)   to   space 200192K, 0% used [0x00000007e6d80000,0x00000007e6d80000,0x00000007f3100000)
[2021-07-20T12:40:33.251+0000][88.713s][2267133][2267139][debug] GC(42)  ParOldGen       total 5592576K, used 3538770K [0x0000000600000000, 0x0000000755580000, 0x0000000755580000)
[2021-07-20T12:40:33.251+0000][88.713s][2267133][2267139][debug] GC(42)   object space 5592576K, 63% used [0x0000000600000000,0x00000006d7fd48a0,0x0000000755580000)
[2021-07-20T12:40:33.251+0000][88.713s][2267133][2267139][debug] GC(42)  Metaspace       used 58407K, capacity 59951K, committed 60368K, reserved 1101824K
[2021-07-20T12:40:33.251+0000][88.713s][2267133][2267139][debug] GC(42)   class space    used 7111K, capacity 7759K, committed 7936K, reserved 1048576K
[2021-07-20T12:40:33.251+0000][88.713s][2267133][2267139][info ] Leaving safepoint region
[2021-07-20T12:40:33.251+0000][88.713s][2267133][2267139][info ] Total time for which application threads were stopped: 0.0344427 seconds, Stopping threads took: 0.0001770 seconds
[2021-07-20T12:40:34.169+0000][89.631s][2267133][2267139][info ] Application time: 0.9176734 seconds
[2021-07-20T12:40:34.169+0000][89.631s][2267133][2267139][info ] Entering safepoint region: ParallelGCFailedAllocation
[2021-07-20T12:40:34.169+0000][89.632s][2267133][2267139][debug] GC(43) Heap before GC invocations=44 (full 3): PSYoungGen      total 2595840K, used 2398496K [0x0000000755580000, 0x0000000800000000, 0x0000000800000000)
[2021-07-20T12:40:34.169+0000][89.632s][2267133][2267139][debug] GC(43)   eden space 2383872K, 100% used [0x0000000755580000,0x00000007e6d80000,0x00000007e6d80000)
[2021-07-20T12:40:34.169+0000][89.632s][2267133][2267139][debug] GC(43)   from space 211968K, 6% used [0x00000007f3100000,0x00000007f3f48000,0x0000000800000000)
[2021-07-20T12:40:34.169+0000][89.632s][2267133][2267139][debug] GC(43)   to   space 200192K, 0% used [0x00000007e6d80000,0x00000007e6d80000,0x00000007f3100000)
[2021-07-20T12:40:34.169+0000][89.632s][2267133][2267139][debug] GC(43)  ParOldGen       total 5592576K, used 3538770K [0x0000000600000000, 0x0000000755580000, 0x0000000755580000)
[2021-07-20T12:40:34.169+0000][89.632s][2267133][2267139][debug] GC(43)   object space 5592576K, 63% used [0x0000000600000000,0x00000006d7fd48a0,0x0000000755580000)
[2021-07-20T12:40:34.169+0000][89.632s][2267133][2267139][debug] GC(43)  Metaspace       used 58410K, capacity 59951K, committed 60368K, reserved 1101824K
[2021-07-20T12:40:34.169+0000][89.632s][2267133][2267139][debug] GC(43)   class space    used 7111K, capacity 7759K, committed 7936K, reserved 1048576K
[2021-07-20T12:40:34.211+0000][89.673s][2267133][2267139][debug] GC(43) Desired survivor size 189792256 bytes, new threshold 1 (max threshold 15)
[2021-07-20T12:40:34.211+0000][89.673s][2267133][2267139][info ] GC(43) PSYoungGen: 2398496K->38499K(2584064K)
[2021-07-20T12:40:34.211+0000][89.673s][2267133][2267139][info ] GC(43) ParOldGen: 3538770K->3549978K(5592576K)
[2021-07-20T12:40:34.211+0000][89.673s][2267133][2267139][info ] GC(43) Pause Young (Allocation Failure) 5798M->3504M(7985M) 41.598ms
[2021-07-20T12:40:34.211+0000][89.673s][2267133][2267139][debug] GC(43) Heap after GC invocations=44 (full 3): PSYoungGen      total 2584064K, used 38499K [0x0000000755580000, 0x0000000800000000, 0x0000000800000000)
[2021-07-20T12:40:34.211+0000][89.673s][2267133][2267139][debug] GC(43)   eden space 2383872K, 0% used [0x0000000755580000,0x0000000755580000,0x00000007e6d80000)
[2021-07-20T12:40:34.211+0000][89.673s][2267133][2267139][debug] GC(43)   from space 200192K, 19% used [0x00000007e6d80000,0x00000007e9318da0,0x00000007f3100000)
[2021-07-20T12:40:34.211+0000][89.673s][2267133][2267139][debug] GC(43)   to   space 185344K, 0% used [0x00000007f4b00000,0x00000007f4b00000,0x0000000800000000)
[2021-07-20T12:40:34.211+0000][89.673s][2267133][2267139][debug] GC(43)  ParOldGen       total 5592576K, used 3549978K [0x0000000600000000, 0x0000000755580000, 0x0000000755580000)
[2021-07-20T12:40:34.211+0000][89.673s][2267133][2267139][debug] GC(43)   object space 5592576K, 63% used [0x0000000600000000,0x00000006d8ac68a0,0x0000000755580000)
[2021-07-20T12:40:34.211+0000][89.673s][2267133][2267139][debug] GC(43)  Metaspace       used 58410K, capacity 59951K, committed 60368K, reserved 1101824K
[2021-07-20T12:40:34.211+0000][89.673s][2267133][2267139][debug] GC(43)   class space    used 7111K, capacity 7759K, committed 7936K, reserved 1048576K
[2021-07-20T12:40:34.211+0000][89.673s][2267133][2267139][info ] Leaving safepoint region
[2021-07-20T12:40:34.211+0000][89.673s][2267133][2267139][info ] Total time for which application threads were stopped: 0.0423671 seconds, Stopping threads took: 0.0001762 seconds
[2021-07-20T12:40:35.094+0000][90.557s][2267133][2267139][info ] Application time: 0.8835554 seconds
[2021-07-20T12:40:35.095+0000][90.558s][2267133][2267139][info ] Entering safepoint region: ParallelGCFailedAllocation
[2021-07-20T12:40:35.096+0000][90.558s][2267133][2267139][debug] GC(44) Heap before GC invocations=45 (full 3): PSYoungGen      total 2584064K, used 2422371K [0x0000000755580000, 0x0000000800000000, 0x0000000800000000)
[2021-07-20T12:40:35.096+0000][90.558s][2267133][2267139][debug] GC(44)   eden space 2383872K, 100% used [0x0000000755580000,0x00000007e6d80000,0x00000007e6d80000)
[2021-07-20T12:40:35.096+0000][90.558s][2267133][2267139][debug] GC(44)   from space 200192K, 19% used [0x00000007e6d80000,0x00000007e9318da0,0x00000007f3100000)
[2021-07-20T12:40:35.096+0000][90.558s][2267133][2267139][debug] GC(44)   to   space 185344K, 0% used [0x00000007f4b00000,0x00000007f4b00000,0x0000000800000000)
[2021-07-20T12:40:35.096+0000][90.558s][2267133][2267139][debug] GC(44)  ParOldGen       total 5592576K, used 3549978K [0x0000000600000000, 0x0000000755580000, 0x0000000755580000)
[2021-07-20T12:40:35.096+0000][90.558s][2267133][2267139][debug] GC(44)   object space 5592576K, 63% used [0x0000000600000000,0x00000006d8ac68a0,0x0000000755580000)
[2021-07-20T12:40:35.096+0000][90.558s][2267133][2267139][debug] GC(44)  Metaspace       used 58412K, capacity 59951K, committed 60368K, reserved 1101824K
[2021-07-20T12:40:35.096+0000][90.558s][2267133][2267139][debug] GC(44)   class space    used 7111K, capacity 7759K, committed 7936K, reserved 1048576K
[2021-07-20T12:40:35.139+0000][90.601s][2267133][2267139][debug] GC(44) Desired survivor size 180355072 bytes, new threshold 1 (max threshold 15)
[2021-07-20T12:40:35.139+0000][90.602s][2267133][2267139][info ] GC(44) PSYoungGen: 2422371K->11296K(2619904K)
[2021-07-20T12:40:35.140+0000][90.602s][2267133][2267139][info ] GC(44) ParOldGen: 3549978K->3588165K(5592576K)
[2021-07-20T12:40:35.140+0000][90.602s][2267133][2267139][info ] GC(44) Pause Young (Allocation Failure) 5832M->3515M(8020M) 43.710ms
[2021-07-20T12:40:35.140+0000][90.602s][2267133][2267139][debug] GC(44) Heap after GC invocations=45 (full 3): PSYoungGen      total 2619904K, used 11296K [0x0000000755580000, 0x0000000800000000, 0x0000000800000000)
[2021-07-20T12:40:35.140+0000][90.602s][2267133][2267139][debug] GC(44)   eden space 2434560K, 0% used [0x0000000755580000,0x0000000755580000,0x00000007e9f00000)
[2021-07-20T12:40:35.140+0000][90.602s][2267133][2267139][debug] GC(44)   from space 185344K, 6% used [0x00000007f4b00000,0x00000007f5608000,0x0000000800000000)
[2021-07-20T12:40:35.140+0000][90.602s][2267133][2267139][debug] GC(44)   to   space 176128K, 0% used [0x00000007e9f00000,0x00000007e9f00000,0x00000007f4b00000)
[2021-07-20T12:40:35.140+0000][90.602s][2267133][2267139][debug] GC(44)  ParOldGen       total 5592576K, used 3588165K [0x0000000600000000, 0x0000000755580000, 0x0000000755580000)
[2021-07-20T12:40:35.140+0000][90.602s][2267133][2267139][debug] GC(44)   object space 5592576K, 64% used [0x0000000600000000,0x00000006db011640,0x0000000755580000)
[2021-07-20T12:40:35.140+0000][90.602s][2267133][2267139][debug] GC(44)  Metaspace       used 58412K, capacity 59951K, committed 60368K, reserved 1101824K
[2021-07-20T12:40:35.140+0000][90.602s][2267133][2267139][debug] GC(44)   class space    used 7111K, capacity 7759K, committed 7936K, reserved 1048576K
[2021-07-20T12:40:35.140+0000][90.602s][2267133][2267139][info ] Leaving safepoint region
[2021-07-20T12:40:35.140+0000][90.602s][2267133][2267139][info ] Total time for which application threads were stopped: 0.0451973 seconds, Stopping threads took: 0.0008754 seconds
[2021-07-20T12:40:36.092+0000][91.554s][2267133][2267139][info ] Application time: 0.9522576 seconds
[2021-07-20T12:40:36.093+0000][91.556s][2267133][2267139][info ] Entering safepoint region: ParallelGCFailedAllocation
[2021-07-20T12:40:36.094+0000][91.556s][2267133][2267139][debug] GC(45) Heap before GC invocations=46 (full 3): PSYoungGen      total 2619904K, used 2445856K [0x0000000755580000, 0x0000000800000000, 0x0000000800000000)
[2021-07-20T12:40:36.094+0000][91.556s][2267133][2267139][debug] GC(45)   eden space 2434560K, 100% used [0x0000000755580000,0x00000007e9f00000,0x00000007e9f00000)
[2021-07-20T12:40:36.094+0000][91.556s][2267133][2267139][debug] GC(45)   from space 185344K, 6% used [0x00000007f4b00000,0x00000007f5608000,0x0000000800000000)
[2021-07-20T12:40:36.094+0000][91.556s][2267133][2267139][debug] GC(45)   to   space 176128K, 0% used [0x00000007e9f00000,0x00000007e9f00000,0x00000007f4b00000)
[2021-07-20T12:40:36.094+0000][91.556s][2267133][2267139][debug] GC(45)  ParOldGen       total 5592576K, used 3588165K [0x0000000600000000, 0x0000000755580000, 0x0000000755580000)
[2021-07-20T12:40:36.094+0000][91.556s][2267133][2267139][debug] GC(45)   object space 5592576K, 64% used [0x0000000600000000,0x00000006db011640,0x0000000755580000)
[2021-07-20T12:40:36.094+0000][91.556s][2267133][2267139][debug] GC(45)  Metaspace       used 58417K, capacity 59951K, committed 60368K, reserved 1101824K
[2021-07-20T12:40:36.094+0000][91.556s][2267133][2267139][debug] GC(45)   class space    used 7111K, capacity 7759K, committed 7936K, reserved 1048576K
[2021-07-20T12:40:36.129+0000][91.592s][2267133][2267139][debug] GC(45) Desired survivor size 170393600 bytes, new threshold 1 (max threshold 15)
[2021-07-20T12:40:36.129+0000][91.592s][2267133][2267139][info ] GC(45) PSYoungGen: 2445856K->13243K(2610688K)
[2021-07-20T12:40:36.129+0000][91.592s][2267133][2267139][info ] GC(45) ParOldGen: 3588165K->3598965K(5592576K)
[2021-07-20T12:40:36.129+0000][91.592s][2267133][2267139][info ] GC(45) Pause Young (Allocation Failure) 5892M->3527M(8011M) 35.436ms
[2021-07-20T12:40:36.129+0000][91.592s][2267133][2267139][debug] GC(45) Heap after GC invocations=46 (full 3): PSYoungGen      total 2610688K, used 13243K [0x0000000755580000, 0x0000000800000000, 0x0000000800000000)
[2021-07-20T12:40:36.129+0000][91.592s][2267133][2267139][debug] GC(45)   eden space 2434560K, 0% used [0x0000000755580000,0x0000000755580000,0x00000007e9f00000)
[2021-07-20T12:40:36.129+0000][91.592s][2267133][2267139][debug] GC(45)   from space 176128K, 7% used [0x00000007e9f00000,0x00000007eabeeea0,0x00000007f4b00000)
[2021-07-20T12:40:36.129+0000][91.592s][2267133][2267139][debug] GC(45)   to   space 166400K, 0% used [0x00000007f5d80000,0x00000007f5d80000,0x0000000800000000)
[2021-07-20T12:40:36.129+0000][91.592s][2267133][2267139][debug] GC(45)  ParOldGen       total 5592576K, used 3598965K [0x0000000600000000, 0x0000000755580000, 0x0000000755580000)
[2021-07-20T12:40:36.129+0000][91.592s][2267133][2267139][debug] GC(45)   object space 5592576K, 64% used [0x0000000600000000,0x00000006dba9d640,0x0000000755580000)
[2021-07-20T12:40:36.129+0000][91.592s][2267133][2267139][debug] GC(45)  Metaspace       used 58417K, capacity 59951K, committed 60368K, reserved 1101824K
[2021-07-20T12:40:36.129+0000][91.592s][2267133][2267139][debug] GC(45)   class space    used 7111K, capacity 7759K, committed 7936K, reserved 1048576K
[2021-07-20T12:40:36.130+0000][91.592s][2267133][2267139][info ] Leaving safepoint region
[2021-07-20T12:40:36.130+0000][91.592s][2267133][2267139][info ] Total time for which application threads were stopped: 0.0374894 seconds, Stopping threads took: 0.0013788 seconds
[2021-07-20T12:40:37.042+0000][92.504s][2267133][2267139][info ] Application time: 0.9123346 seconds
[2021-07-20T12:40:37.042+0000][92.505s][2267133][2267139][info ] Entering safepoint region: ParallelGCFailedAllocation
[2021-07-20T12:40:37.042+0000][92.505s][2267133][2267139][debug] GC(46) Heap before GC invocations=47 (full 3): PSYoungGen      total 2610688K, used 2447803K [0x0000000755580000, 0x0000000800000000, 0x0000000800000000)
[2021-07-20T12:40:37.042+0000][92.505s][2267133][2267139][debug] GC(46)   eden space 2434560K, 100% used [0x0000000755580000,0x00000007e9f00000,0x00000007e9f00000)
[2021-07-20T12:40:37.042+0000][92.505s][2267133][2267139][debug] GC(46)   from space 176128K, 7% used [0x00000007e9f00000,0x00000007eabeeea0,0x00000007f4b00000)
[2021-07-20T12:40:37.042+0000][92.505s][2267133][2267139][debug] GC(46)   to   space 166400K, 0% used [0x00000007f5d80000,0x00000007f5d80000,0x0000000800000000)
[2021-07-20T12:40:37.042+0000][92.505s][2267133][2267139][debug] GC(46)  ParOldGen       total 5592576K, used 3598965K [0x0000000600000000, 0x0000000755580000, 0x0000000755580000)
[2021-07-20T12:40:37.042+0000][92.505s][2267133][2267139][debug] GC(46)   object space 5592576K, 64% used [0x0000000600000000,0x00000006dba9d640,0x0000000755580000)
[2021-07-20T12:40:37.042+0000][92.505s][2267133][2267139][debug] GC(46)  Metaspace       used 58417K, capacity 59951K, committed 60368K, reserved 1101824K
[2021-07-20T12:40:37.042+0000][92.505s][2267133][2267139][debug] GC(46)   class space    used 7111K, capacity 7759K, committed 7936K, reserved 1048576K
[2021-07-20T12:40:37.078+0000][92.540s][2267133][2267139][debug] GC(46) Desired survivor size 161480704 bytes, new threshold 1 (max threshold 15)
[2021-07-20T12:40:37.078+0000][92.541s][2267133][2267139][info ] GC(46) PSYoungGen: 2447803K->11040K(2638336K)
[2021-07-20T12:40:37.078+0000][92.541s][2267133][2267139][info ] GC(46) ParOldGen: 3598965K->3611169K(5592576K)
[2021-07-20T12:40:37.078+0000][92.541s][2267133][2267139][info ] GC(46) Pause Young (Allocation Failure) 5905M->3537M(8038M) 35.798ms
[2021-07-20T12:40:37.078+0000][92.541s][2267133][2267139][debug] GC(46) Heap after GC invocations=47 (full 3): PSYoungGen      total 2638336K, used 11040K [0x0000000755580000, 0x0000000800000000, 0x0000000800000000)
[2021-07-20T12:40:37.078+0000][92.541s][2267133][2267139][debug] GC(46)   eden space 2471936K, 0% used [0x0000000755580000,0x0000000755580000,0x00000007ec380000)
[2021-07-20T12:40:37.078+0000][92.541s][2267133][2267139][debug] GC(46)   from space 166400K, 6% used [0x00000007f5d80000,0x00000007f6848000,0x0000000800000000)
[2021-07-20T12:40:37.078+0000][92.541s][2267133][2267139][debug] GC(46)   to   space 157696K, 0% used [0x00000007ec380000,0x00000007ec380000,0x00000007f5d80000)
[2021-07-20T12:40:37.078+0000][92.541s][2267133][2267139][debug] GC(46)  ParOldGen       total 5592576K, used 3611169K [0x0000000600000000, 0x0000000755580000, 0x0000000755580000)
[2021-07-20T12:40:37.078+0000][92.541s][2267133][2267139][debug] GC(46)   object space 5592576K, 64% used [0x0000000600000000,0x00000006dc6884e0,0x0000000755580000)
[2021-07-20T12:40:37.078+0000][92.541s][2267133][2267139][debug] GC(46)  Metaspace       used 58417K, capacity 59951K, committed 60368K, reserved 1101824K
[2021-07-20T12:40:37.078+0000][92.541s][2267133][2267139][debug] GC(46)   class space    used 7111K, capacity 7759K, committed 7936K, reserved 1048576K
[2021-07-20T12:40:37.078+0000][92.541s][2267133][2267139][info ] Leaving safepoint region
[2021-07-20T12:40:37.078+0000][92.541s][2267133][2267139][info ] Total time for which application threads were stopped: 0.0365477 seconds, Stopping threads took: 0.0001674 seconds
[2021-07-20T12:40:38.079+0000][93.541s][2267133][2267139][info ] Application time: 1.0001032 seconds
[2021-07-20T12:40:38.079+0000][93.541s][2267133][2267139][info ] Entering safepoint region: Cleanup
[2021-07-20T12:40:38.079+0000][93.542s][2267133][2267139][info ] Leaving safepoint region
[2021-07-20T12:40:38.079+0000][93.542s][2267133][2267139][info ] Total time for which application threads were stopped: 0.0003770 seconds, Stopping threads took: 0.0000856 seconds
[2021-07-20T12:40:39.079+0000][94.542s][2267133][2267139][info ] Application time: 1.0000951 seconds
[2021-07-20T12:40:39.079+0000][94.542s][2267133][2267139][info ] Entering safepoint region: Cleanup
[2021-07-20T12:40:39.079+0000][94.542s][2267133][2267139][info ] Leaving safepoint region
[2021-07-20T12:40:39.079+0000][94.542s][2267133][2267139][info ] Total time for which application threads were stopped: 0.0002509 seconds, Stopping threads took: 0.0000494 seconds
[2021-07-20T12:40:40.080+0000][95.542s][2267133][2267139][info ] Application time: 1.0000985 seconds
[2021-07-20T12:40:40.080+0000][95.542s][2267133][2267139][info ] Entering safepoint region: Cleanup
[2021-07-20T12:40:40.080+0000][95.542s][2267133][2267139][info ] Leaving safepoint region
[2021-07-20T12:40:40.080+0000][95.542s][2267133][2267139][info ] Total time for which application threads were stopped: 0.0002987 seconds, Stopping threads took: 0.0000432 seconds
[2021-07-20T12:40:41.080+0000][96.542s][2267133][2267139][info ] Application time: 1.0000909 seconds
[2021-07-20T12:40:41.080+0000][96.543s][2267133][2267139][info ] Entering safepoint region: Cleanup
[2021-07-20T12:40:41.080+0000][96.543s][2267133][2267139][info ] Leaving safepoint region
[2021-07-20T12:40:41.080+0000][96.543s][2267133][2267139][info ] Total time for which application threads were stopped: 0.0001925 seconds, Stopping threads took: 0.0000550 seconds
[2021-07-20T12:40:42.080+0000][97.543s][2267133][2267139][info ] Application time: 1.0000806 seconds
[2021-07-20T12:40:42.080+0000][97.543s][2267133][2267139][info ] Entering safepoint region: Cleanup
[2021-07-20T12:40:42.080+0000][97.543s][2267133][2267139][info ] Leaving safepoint region
[2021-07-20T12:40:42.080+0000][97.543s][2267133][2267139][info ] Total time for which application threads were stopped: 0.0001545 seconds, Stopping threads took: 0.0000233 seconds
[2021-07-20T12:40:43.081+0000][98.543s][2267133][2267139][info ] Application time: 1.0000914 seconds
[2021-07-20T12:40:43.081+0000][98.543s][2267133][2267139][info ] Entering safepoint region: Cleanup
[2021-07-20T12:40:43.081+0000][98.543s][2267133][2267139][info ] Leaving safepoint region
[2021-07-20T12:40:43.081+0000][98.543s][2267133][2267139][info ] Total time for which application threads were stopped: 0.0002954 seconds, Stopping threads took: 0.0000519 seconds
[2021-07-20T12:40:44.081+0000][99.543s][2267133][2267139][info ] Application time: 1.0001016 seconds
[2021-07-20T12:40:44.081+0000][99.544s][2267133][2267139][info ] Entering safepoint region: Cleanup
[2021-07-20T12:40:44.081+0000][99.544s][2267133][2267139][info ] Leaving safepoint region
[2021-07-20T12:40:44.081+0000][99.544s][2267133][2267139][info ] Total time for which application threads were stopped: 0.0004131 seconds, Stopping threads took: 0.0000917 seconds
[2021-07-20T12:40:45.082+0000][100.544s][2267133][2267139][info ] Application time: 1.0000804 seconds
[2021-07-20T12:40:45.082+0000][100.544s][2267133][2267139][info ] Entering safepoint region: Cleanup
[2021-07-20T12:40:45.082+0000][100.544s][2267133][2267139][info ] Leaving safepoint region
[2021-07-20T12:40:45.082+0000][100.544s][2267133][2267139][info ] Total time for which application threads were stopped: 0.0002343 seconds, Stopping threads took: 0.0000409 seconds
[2021-07-20T12:40:46.082+0000][101.544s][2267133][2267139][info ] Application time: 1.0000923 seconds
[2021-07-20T12:40:46.082+0000][101.544s][2267133][2267139][info ] Entering safepoint region: Cleanup
[2021-07-20T12:40:46.082+0000][101.545s][2267133][2267139][info ] Leaving safepoint region
[2021-07-20T12:40:46.082+0000][101.545s][2267133][2267139][info ] Total time for which application threads were stopped: 0.0002261 seconds, Stopping threads took: 0.0000487 seconds
[2021-07-20T12:40:47.082+0000][102.545s][2267133][2267139][info ] Application time: 1.0000984 seconds
[2021-07-20T12:40:47.082+0000][102.545s][2267133][2267139][info ] Entering safepoint region: Cleanup
[2021-07-20T12:40:47.082+0000][102.545s][2267133][2267139][info ] Leaving safepoint region
[2021-07-20T12:40:47.082+0000][102.545s][2267133][2267139][info ] Total time for which application threads were stopped: 0.0001868 seconds, Stopping threads took: 0.0000469 seconds
[2021-07-20T12:40:48.083+0000][103.545s][2267133][2267139][info ] Application time: 1.0001108 seconds
[2021-07-20T12:40:48.083+0000][103.545s][2267133][2267139][info ] Entering safepoint region: Cleanup
[2021-07-20T12:40:48.083+0000][103.545s][2267133][2267139][info ] Leaving safepoint region
[2021-07-20T12:40:48.083+0000][103.545s][2267133][2267139][info ] Total time for which application threads were stopped: 0.0002854 seconds, Stopping threads took: 0.0000489 seconds
[2021-07-20T12:40:48.804+0000][104.267s][2267133][2267139][info ] Application time: 0.7215073 seconds
[2021-07-20T12:40:48.805+0000][104.267s][2267133][2267139][info ] Entering safepoint region: ICBufferFull
[2021-07-20T12:40:48.805+0000][104.267s][2267133][2267139][info ] Leaving safepoint region
[2021-07-20T12:40:48.805+0000][104.267s][2267133][2267139][info ] Total time for which application threads were stopped: 0.0005378 seconds, Stopping threads took: 0.0001106 seconds
[2021-07-20T12:40:49.805+0000][105.268s][2267133][2267139][info ] Application time: 1.0001148 seconds
[2021-07-20T12:40:49.805+0000][105.268s][2267133][2267139][info ] Entering safepoint region: Cleanup
[2021-07-20T12:40:49.806+0000][105.268s][2267133][2267139][info ] Leaving safepoint region
[2021-07-20T12:40:49.806+0000][105.268s][2267133][2267139][info ] Total time for which application threads were stopped: 0.0004390 seconds, Stopping threads took: 0.0000976 seconds
[2021-07-20T12:40:50.172+0000][105.635s][2267133][2267139][info ] Application time: 0.3663925 seconds
[2021-07-20T12:40:50.173+0000][105.636s][2267133][2267139][info ] Entering safepoint region: ParallelGCFailedAllocation
[2021-07-20T12:40:50.174+0000][105.636s][2267133][2267139][debug] GC(47) Heap before GC invocations=48 (full 3): PSYoungGen      total 2638336K, used 2482976K [0x0000000755580000, 0x0000000800000000, 0x0000000800000000)
[2021-07-20T12:40:50.174+0000][105.636s][2267133][2267139][debug] GC(47)   eden space 2471936K, 100% used [0x0000000755580000,0x00000007ec380000,0x00000007ec380000)
[2021-07-20T12:40:50.174+0000][105.636s][2267133][2267139][debug] GC(47)   from space 166400K, 6% used [0x00000007f5d80000,0x00000007f6848000,0x0000000800000000)
[2021-07-20T12:40:50.174+0000][105.636s][2267133][2267139][debug] GC(47)   to   space 157696K, 0% used [0x00000007ec380000,0x00000007ec380000,0x00000007f5d80000)
[2021-07-20T12:40:50.174+0000][105.636s][2267133][2267139][debug] GC(47)  ParOldGen       total 5592576K, used 3611169K [0x0000000600000000, 0x0000000755580000, 0x0000000755580000)
[2021-07-20T12:40:50.174+0000][105.636s][2267133][2267139][debug] GC(47)   object space 5592576K, 64% used [0x0000000600000000,0x00000006dc6884e0,0x0000000755580000)
[2021-07-20T12:40:50.174+0000][105.636s][2267133][2267139][debug] GC(47)  Metaspace       used 58479K, capacity 60084K, committed 60624K, reserved 1101824K
[2021-07-20T12:40:50.174+0000][105.636s][2267133][2267139][debug] GC(47)   class space    used 7111K, capacity 7759K, committed 7936K, reserved 1048576K
[2021-07-20T12:40:50.209+0000][105.672s][2267133][2267139][debug] GC(47) Desired survivor size 152567808 bytes, new threshold 1 (max threshold 15)
[2021-07-20T12:40:50.210+0000][105.672s][2267133][2267139][info ] GC(47) PSYoungGen: 2482976K->11872K(2629632K)
[2021-07-20T12:40:50.210+0000][105.672s][2267133][2267139][info ] GC(47) ParOldGen: 3611169K->3621713K(5592576K)
[2021-07-20T12:40:50.210+0000][105.672s][2267133][2267139][info ] GC(47) Pause Young (Allocation Failure) 5951M->3548M(8029M) 35.798ms
[2021-07-20T12:40:50.210+0000][105.672s][2267133][2267139][debug] GC(47) Heap after GC invocations=48 (full 3): PSYoungGen      total 2629632K, used 11872K [0x0000000755580000, 0x0000000800000000, 0x0000000800000000)
[2021-07-20T12:40:50.210+0000][105.672s][2267133][2267139][debug] GC(47)   eden space 2471936K, 0% used [0x0000000755580000,0x0000000755580000,0x00000007ec380000)
[2021-07-20T12:40:50.210+0000][105.672s][2267133][2267139][debug] GC(47)   from space 157696K, 7% used [0x00000007ec380000,0x00000007ecf18000,0x00000007f5d80000)
[2021-07-20T12:40:50.210+0000][105.672s][2267133][2267139][debug] GC(47)   to   space 148992K, 0% used [0x00000007f6e80000,0x00000007f6e80000,0x0000000800000000)
[2021-07-20T12:40:50.210+0000][105.672s][2267133][2267139][debug] GC(47)  ParOldGen       total 5592576K, used 3621713K [0x0000000600000000, 0x0000000755580000, 0x0000000755580000)
[2021-07-20T12:40:50.210+0000][105.672s][2267133][2267139][debug] GC(47)   object space 5592576K, 64% used [0x0000000600000000,0x00000006dd0d44e0,0x0000000755580000)
[2021-07-20T12:40:50.210+0000][105.672s][2267133][2267139][debug] GC(47)  Metaspace       used 58479K, capacity 60084K, committed 60624K, reserved 1101824K
[2021-07-20T12:40:50.210+0000][105.672s][2267133][2267139][debug] GC(47)   class space    used 7111K, capacity 7759K, committed 7936K, reserved 1048576K
[2021-07-20T12:40:50.210+0000][105.672s][2267133][2267139][info ] Leaving safepoint region
[2021-07-20T12:40:50.210+0000][105.672s][2267133][2267139][info ] Total time for which application threads were stopped: 0.0377785 seconds, Stopping threads took: 0.0013206 seconds
[2021-07-20T12:40:51.210+0000][106.673s][2267133][2267139][info ] Application time: 1.0002302 seconds
[2021-07-20T12:40:51.210+0000][106.673s][2267133][2267139][info ] Entering safepoint region: Cleanup
[2021-07-20T12:40:51.211+0000][106.673s][2267133][2267139][info ] Leaving safepoint region
[2021-07-20T12:40:51.211+0000][106.673s][2267133][2267139][info ] Total time for which application threads were stopped: 0.0004744 seconds, Stopping threads took: 0.0001466 seconds
[2021-07-20T12:40:51.521+0000][106.984s][2267133][2267139][info ] Application time: 0.3105538 seconds
[2021-07-20T12:40:51.521+0000][106.984s][2267133][2267139][info ] Entering safepoint region: ParallelGCFailedAllocation
[2021-07-20T12:40:51.522+0000][106.984s][2267133][2267139][debug] GC(48) Heap before GC invocations=49 (full 3): PSYoungGen      total 2629632K, used 2483808K [0x0000000755580000, 0x0000000800000000, 0x0000000800000000)
[2021-07-20T12:40:51.522+0000][106.984s][2267133][2267139][debug] GC(48)   eden space 2471936K, 100% used [0x0000000755580000,0x00000007ec380000,0x00000007ec380000)
[2021-07-20T12:40:51.522+0000][106.984s][2267133][2267139][debug] GC(48)   from space 157696K, 7% used [0x00000007ec380000,0x00000007ecf18000,0x00000007f5d80000)
[2021-07-20T12:40:51.522+0000][106.984s][2267133][2267139][debug] GC(48)   to   space 148992K, 0% used [0x00000007f6e80000,0x00000007f6e80000,0x0000000800000000)
[2021-07-20T12:40:51.522+0000][106.984s][2267133][2267139][debug] GC(48)  ParOldGen       total 5592576K, used 3621713K [0x0000000600000000, 0x0000000755580000, 0x0000000755580000)
[2021-07-20T12:40:51.522+0000][106.984s][2267133][2267139][debug] GC(48)   object space 5592576K, 64% used [0x0000000600000000,0x00000006dd0d44e0,0x0000000755580000)
[2021-07-20T12:40:51.522+0000][106.984s][2267133][2267139][debug] GC(48)  Metaspace       used 58479K, capacity 60084K, committed 60624K, reserved 1101824K
[2021-07-20T12:40:51.522+0000][106.984s][2267133][2267139][debug] GC(48)   class space    used 7111K, capacity 7759K, committed 7936K, reserved 1048576K
[2021-07-20T12:40:51.556+0000][107.018s][2267133][2267139][debug] GC(48) Desired survivor size 144179200 bytes, new threshold 1 (max threshold 15)
[2021-07-20T12:40:51.556+0000][107.019s][2267133][2267139][info ] GC(48) PSYoungGen: 2483808K->9152K(2655232K)
[2021-07-20T12:40:51.556+0000][107.019s][2267133][2267139][info ] GC(48) ParOldGen: 3621713K->3633201K(5592576K)
[2021-07-20T12:40:51.556+0000][107.019s][2267133][2267139][info ] GC(48) Pause Young (Allocation Failure) 5962M->3556M(8054M) 34.377ms
[2021-07-20T12:40:51.556+0000][107.019s][2267133][2267139][debug] GC(48) Heap after GC invocations=49 (full 3): PSYoungGen      total 2655232K, used 9152K [0x0000000755580000, 0x0000000800000000, 0x0000000800000000)
[2021-07-20T12:40:51.556+0000][107.019s][2267133][2267139][debug] GC(48)   eden space 2506240K, 0% used [0x0000000755580000,0x0000000755580000,0x00000007ee500000)
[2021-07-20T12:40:51.556+0000][107.019s][2267133][2267139][debug] GC(48)   from space 148992K, 6% used [0x00000007f6e80000,0x00000007f7770000,0x0000000800000000)
[2021-07-20T12:40:51.556+0000][107.019s][2267133][2267139][debug] GC(48)   to   space 140800K, 0% used [0x00000007ee500000,0x00000007ee500000,0x00000007f6e80000)
[2021-07-20T12:40:51.556+0000][107.019s][2267133][2267139][debug] GC(48)  ParOldGen       total 5592576K, used 3633201K [0x0000000600000000, 0x0000000755580000, 0x0000000755580000)
[2021-07-20T12:40:51.556+0000][107.019s][2267133][2267139][debug] GC(48)   object space 5592576K, 64% used [0x0000000600000000,0x00000006ddc0c5b0,0x0000000755580000)
[2021-07-20T12:40:51.556+0000][107.019s][2267133][2267139][debug] GC(48)  Metaspace       used 58479K, capacity 60084K, committed 60624K, reserved 1101824K
[2021-07-20T12:40:51.556+0000][107.019s][2267133][2267139][debug] GC(48)   class space    used 7111K, capacity 7759K, committed 7936K, reserved 1048576K
[2021-07-20T12:40:51.556+0000][107.019s][2267133][2267139][info ] Leaving safepoint region
[2021-07-20T12:40:51.556+0000][107.019s][2267133][2267139][info ] Total time for which application threads were stopped: 0.0351438 seconds, Stopping threads took: 0.0001656 seconds
[2021-07-20T12:40:52.528+0000][107.990s][2267133][2267139][info ] Application time: 0.9711418 seconds
[2021-07-20T12:40:52.528+0000][107.991s][2267133][2267139][info ] Entering safepoint region: ParallelGCFailedAllocation
[2021-07-20T12:40:52.529+0000][107.991s][2267133][2267139][debug] GC(49) Heap before GC invocations=50 (full 3): PSYoungGen      total 2655232K, used 2515392K [0x0000000755580000, 0x0000000800000000, 0x0000000800000000)
[2021-07-20T12:40:52.529+0000][107.991s][2267133][2267139][debug] GC(49)   eden space 2506240K, 100% used [0x0000000755580000,0x00000007ee500000,0x00000007ee500000)
[2021-07-20T12:40:52.529+0000][107.991s][2267133][2267139][debug] GC(49)   from space 148992K, 6% used [0x00000007f6e80000,0x00000007f7770000,0x0000000800000000)
[2021-07-20T12:40:52.529+0000][107.991s][2267133][2267139][debug] GC(49)   to   space 140800K, 0% used [0x00000007ee500000,0x00000007ee500000,0x00000007f6e80000)
[2021-07-20T12:40:52.529+0000][107.991s][2267133][2267139][debug] GC(49)  ParOldGen       total 5592576K, used 3633201K [0x0000000600000000, 0x0000000755580000, 0x0000000755580000)
[2021-07-20T12:40:52.529+0000][107.991s][2267133][2267139][debug] GC(49)   object space 5592576K, 64% used [0x0000000600000000,0x00000006ddc0c5b0,0x0000000755580000)
[2021-07-20T12:40:52.529+0000][107.991s][2267133][2267139][debug] GC(49)  Metaspace       used 58479K, capacity 60084K, committed 60624K, reserved 1101824K
[2021-07-20T12:40:52.529+0000][107.991s][2267133][2267139][debug] GC(49)   class space    used 7111K, capacity 7759K, committed 7936K, reserved 1048576K
[2021-07-20T12:40:52.559+0000][108.021s][2267133][2267139][debug] GC(49) Desired survivor size 136839168 bytes, new threshold 1 (max threshold 15)
[2021-07-20T12:40:52.559+0000][108.021s][2267133][2267139][info ] GC(49) PSYoungGen: 2515392K->7296K(2647040K)
[2021-07-20T12:40:52.559+0000][108.021s][2267133][2267139][info ] GC(49) ParOldGen: 3633201K->3640881K(5592576K)
[2021-07-20T12:40:52.559+0000][108.022s][2267133][2267139][info ] GC(49) Pause Young (Allocation Failure) 6004M->3562M(8046M) 30.217ms
[2021-07-20T12:40:52.559+0000][108.022s][2267133][2267139][debug] GC(49) Heap after GC invocations=50 (full 3): PSYoungGen      total 2647040K, used 7296K [0x0000000755580000, 0x0000000800000000, 0x0000000800000000)
[2021-07-20T12:40:52.559+0000][108.022s][2267133][2267139][debug] GC(49)   eden space 2506240K, 0% used [0x0000000755580000,0x0000000755580000,0x00000007ee500000)
[2021-07-20T12:40:52.559+0000][108.022s][2267133][2267139][debug] GC(49)   from space 140800K, 5% used [0x00000007ee500000,0x00000007eec20000,0x00000007f6e80000)
[2021-07-20T12:40:52.559+0000][108.022s][2267133][2267139][debug] GC(49)   to   space 133632K, 0% used [0x00000007f7d80000,0x00000007f7d80000,0x0000000800000000)
[2021-07-20T12:40:52.559+0000][108.022s][2267133][2267139][debug] GC(49)  ParOldGen       total 5592576K, used 3640881K [0x0000000600000000, 0x0000000755580000, 0x0000000755580000)
[2021-07-20T12:40:52.559+0000][108.022s][2267133][2267139][debug] GC(49)   object space 5592576K, 65% used [0x0000000600000000,0x00000006de38c5b0,0x0000000755580000)
[2021-07-20T12:40:52.559+0000][108.022s][2267133][2267139][debug] GC(49)  Metaspace       used 58479K, capacity 60084K, committed 60624K, reserved 1101824K
[2021-07-20T12:40:52.559+0000][108.022s][2267133][2267139][debug] GC(49)   class space    used 7111K, capacity 7759K, committed 7936K, reserved 1048576K
[2021-07-20T12:40:52.559+0000][108.022s][2267133][2267139][info ] Leaving safepoint region
[2021-07-20T12:40:52.559+0000][108.022s][2267133][2267139][info ] Total time for which application threads were stopped: 0.0316810 seconds, Stopping threads took: 0.0008457 seconds
[2021-07-20T12:40:53.518+0000][108.981s][2267133][2267139][info ] Application time: 0.9590705 seconds
[2021-07-20T12:40:53.519+0000][108.981s][2267133][2267139][info ] Entering safepoint region: ParallelGCFailedAllocation
[2021-07-20T12:40:53.519+0000][108.981s][2267133][2267139][debug] GC(50) Heap before GC invocations=51 (full 3): PSYoungGen      total 2647040K, used 2513536K [0x0000000755580000, 0x0000000800000000, 0x0000000800000000)
[2021-07-20T12:40:53.519+0000][108.981s][2267133][2267139][debug] GC(50)   eden space 2506240K, 100% used [0x0000000755580000,0x00000007ee500000,0x00000007ee500000)
[2021-07-20T12:40:53.519+0000][108.981s][2267133][2267139][debug] GC(50)   from space 140800K, 5% used [0x00000007ee500000,0x00000007eec20000,0x00000007f6e80000)
[2021-07-20T12:40:53.519+0000][108.981s][2267133][2267139][debug] GC(50)   to   space 133632K, 0% used [0x00000007f7d80000,0x00000007f7d80000,0x0000000800000000)
[2021-07-20T12:40:53.519+0000][108.981s][2267133][2267139][debug] GC(50)  ParOldGen       total 5592576K, used 3640881K [0x0000000600000000, 0x0000000755580000, 0x0000000755580000)
[2021-07-20T12:40:53.519+0000][108.981s][2267133][2267139][debug] GC(50)   object space 5592576K, 65% used [0x0000000600000000,0x00000006de38c5b0,0x0000000755580000)
[2021-07-20T12:40:53.519+0000][108.981s][2267133][2267139][debug] GC(50)  Metaspace       used 58486K, capacity 60088K, committed 60624K, reserved 1101824K
[2021-07-20T12:40:53.519+0000][108.981s][2267133][2267139][debug] GC(50)   class space    used 7111K, capacity 7759K, committed 7936K, reserved 1048576K
[2021-07-20T12:40:53.543+0000][109.005s][2267133][2267139][debug] GC(50) Desired survivor size 130023424 bytes, new threshold 1 (max threshold 15)
[2021-07-20T12:40:53.543+0000][109.006s][2267133][2267139][info ] GC(50) PSYoungGen: 2513536K->3936K(2669056K)
[2021-07-20T12:40:53.543+0000][109.006s][2267133][2267139][info ] GC(50) ParOldGen: 3640881K->3646105K(5592576K)
[2021-07-20T12:40:53.543+0000][109.006s][2267133][2267139][info ] GC(50) Pause Young (Allocation Failure) 6010M->3564M(8068M) 24.340ms
[2021-07-20T12:40:53.543+0000][109.006s][2267133][2267139][debug] GC(50) Heap after GC invocations=51 (full 3): PSYoungGen      total 2669056K, used 3936K [0x0000000755580000, 0x0000000800000000, 0x0000000800000000)
[2021-07-20T12:40:53.543+0000][109.006s][2267133][2267139][debug] GC(50)   eden space 2535424K, 0% used [0x0000000755580000,0x0000000755580000,0x00000007f0180000)
[2021-07-20T12:40:53.543+0000][109.006s][2267133][2267139][debug] GC(50)   from space 133632K, 2% used [0x00000007f7d80000,0x00000007f8158000,0x0000000800000000)
[2021-07-20T12:40:53.543+0000][109.006s][2267133][2267139][debug] GC(50)   to   space 126976K, 0% used [0x00000007f0180000,0x00000007f0180000,0x00000007f7d80000)
[2021-07-20T12:40:53.543+0000][109.006s][2267133][2267139][debug] GC(50)  ParOldGen       total 5592576K, used 3646105K [0x0000000600000000, 0x0000000755580000, 0x0000000755580000)
[2021-07-20T12:40:53.543+0000][109.006s][2267133][2267139][debug] GC(50)   object space 5592576K, 65% used [0x0000000600000000,0x00000006de8a65b0,0x0000000755580000)
[2021-07-20T12:40:53.543+0000][109.006s][2267133][2267139][debug] GC(50)  Metaspace       used 58486K, capacity 60088K, committed 60624K, reserved 1101824K
[2021-07-20T12:40:53.543+0000][109.006s][2267133][2267139][debug] GC(50)   class space    used 7111K, capacity 7759K, committed 7936K, reserved 1048576K
[2021-07-20T12:40:53.543+0000][109.006s][2267133][2267139][info ] Leaving safepoint region
[2021-07-20T12:40:53.543+0000][109.006s][2267133][2267139][info ] Total time for which application threads were stopped: 0.0250978 seconds, Stopping threads took: 0.0001727 seconds
[2021-07-20T12:40:54.512+0000][109.974s][2267133][2267139][info ] Application time: 0.9682211 seconds
[2021-07-20T12:40:54.512+0000][109.974s][2267133][2267139][info ] Entering safepoint region: ParallelGCFailedAllocation
[2021-07-20T12:40:54.512+0000][109.975s][2267133][2267139][debug] GC(51) Heap before GC invocations=52 (full 3): PSYoungGen      total 2669056K, used 2539360K [0x0000000755580000, 0x0000000800000000, 0x0000000800000000)
[2021-07-20T12:40:54.512+0000][109.975s][2267133][2267139][debug] GC(51)   eden space 2535424K, 100% used [0x0000000755580000,0x00000007f0180000,0x00000007f0180000)
[2021-07-20T12:40:54.512+0000][109.975s][2267133][2267139][debug] GC(51)   from space 133632K, 2% used [0x00000007f7d80000,0x00000007f8158000,0x0000000800000000)
[2021-07-20T12:40:54.512+0000][109.975s][2267133][2267139][debug] GC(51)   to   space 126976K, 0% used [0x00000007f0180000,0x00000007f0180000,0x00000007f7d80000)
[2021-07-20T12:40:54.512+0000][109.975s][2267133][2267139][debug] GC(51)  ParOldGen       total 5592576K, used 3646105K [0x0000000600000000, 0x0000000755580000, 0x0000000755580000)
[2021-07-20T12:40:54.512+0000][109.975s][2267133][2267139][debug] GC(51)   object space 5592576K, 65% used [0x0000000600000000,0x00000006de8a65b0,0x0000000755580000)
[2021-07-20T12:40:54.512+0000][109.975s][2267133][2267139][debug] GC(51)  Metaspace       used 58486K, capacity 60088K, committed 60624K, reserved 1101824K
[2021-07-20T12:40:54.512+0000][109.975s][2267133][2267139][debug] GC(51)   class space    used 7111K, capacity 7759K, committed 7936K, reserved 1048576K
[2021-07-20T12:40:54.534+0000][109.996s][2267133][2267139][debug] GC(51) Desired survivor size 122683392 bytes, new threshold 1 (max threshold 15)
[2021-07-20T12:40:54.534+0000][109.996s][2267133][2267139][info ] GC(51) PSYoungGen: 2539360K->4416K(2662400K)
[2021-07-20T12:40:54.534+0000][109.996s][2267133][2267139][info ] GC(51) ParOldGen: 3646105K->3648065K(5592576K)
[2021-07-20T12:40:54.534+0000][109.997s][2267133][2267139][info ] GC(51) Pause Young (Allocation Failure) 6040M->3566M(8061M) 21.653ms
[2021-07-20T12:40:54.534+0000][109.997s][2267133][2267139][debug] GC(51) Heap after GC invocations=52 (full 3): PSYoungGen      total 2662400K, used 4416K [0x0000000755580000, 0x0000000800000000, 0x0000000800000000)
[2021-07-20T12:40:54.534+0000][109.997s][2267133][2267139][debug] GC(51)   eden space 2535424K, 0% used [0x0000000755580000,0x0000000755580000,0x00000007f0180000)
[2021-07-20T12:40:54.534+0000][109.997s][2267133][2267139][debug] GC(51)   from space 126976K, 3% used [0x00000007f0180000,0x00000007f05d0000,0x00000007f7d80000)
[2021-07-20T12:40:54.534+0000][109.997s][2267133][2267139][debug] GC(51)   to   space 119808K, 0% used [0x00000007f8b00000,0x00000007f8b00000,0x0000000800000000)
[2021-07-20T12:40:54.534+0000][109.997s][2267133][2267139][debug] GC(51)  ParOldGen       total 5592576K, used 3648065K [0x0000000600000000, 0x0000000755580000, 0x0000000755580000)
[2021-07-20T12:40:54.534+0000][109.997s][2267133][2267139][debug] GC(51)   object space 5592576K, 65% used [0x0000000600000000,0x00000006dea905b0,0x0000000755580000)
[2021-07-20T12:40:54.534+0000][109.997s][2267133][2267139][debug] GC(51)  Metaspace       used 58486K, capacity 60088K, committed 60624K, reserved 1101824K
[2021-07-20T12:40:54.534+0000][109.997s][2267133][2267139][debug] GC(51)   class space    used 7111K, capacity 7759K, committed 7936K, reserved 1048576K
[2021-07-20T12:40:54.534+0000][109.997s][2267133][2267139][info ] Leaving safepoint region
[2021-07-20T12:40:54.534+0000][109.997s][2267133][2267139][info ] Total time for which application threads were stopped: 0.0224756 seconds, Stopping threads took: 0.0001799 seconds
[2021-07-20T12:40:55.500+0000][110.963s][2267133][2267139][info ] Application time: 0.9658834 seconds
[2021-07-20T12:40:55.501+0000][110.964s][2267133][2267139][info ] Entering safepoint region: ParallelGCFailedAllocation
[2021-07-20T12:40:55.502+0000][110.964s][2267133][2267139][debug] GC(52) Heap before GC invocations=53 (full 3): PSYoungGen      total 2662400K, used 2539840K [0x0000000755580000, 0x0000000800000000, 0x0000000800000000)
[2021-07-20T12:40:55.502+0000][110.964s][2267133][2267139][debug] GC(52)   eden space 2535424K, 100% used [0x0000000755580000,0x00000007f0180000,0x00000007f0180000)
[2021-07-20T12:40:55.502+0000][110.964s][2267133][2267139][debug] GC(52)   from space 126976K, 3% used [0x00000007f0180000,0x00000007f05d0000,0x00000007f7d80000)
[2021-07-20T12:40:55.502+0000][110.964s][2267133][2267139][debug] GC(52)   to   space 119808K, 0% used [0x00000007f8b00000,0x00000007f8b00000,0x0000000800000000)
[2021-07-20T12:40:55.502+0000][110.964s][2267133][2267139][debug] GC(52)  ParOldGen       total 5592576K, used 3648065K [0x0000000600000000, 0x0000000755580000, 0x0000000755580000)
[2021-07-20T12:40:55.502+0000][110.964s][2267133][2267139][debug] GC(52)   object space 5592576K, 65% used [0x0000000600000000,0x00000006dea905b0,0x0000000755580000)
[2021-07-20T12:40:55.502+0000][110.964s][2267133][2267139][debug] GC(52)  Metaspace       used 58486K, capacity 60088K, committed 60624K, reserved 1101824K
[2021-07-20T12:40:55.502+0000][110.964s][2267133][2267139][debug] GC(52)   class space    used 7111K, capacity 7759K, committed 7936K, reserved 1048576K
[2021-07-20T12:40:55.525+0000][110.988s][2267133][2267139][debug] GC(52) Desired survivor size 115867648 bytes, new threshold 1 (max threshold 15)
[2021-07-20T12:40:55.526+0000][110.988s][2267133][2267139][info ] GC(52) PSYoungGen: 2539840K->4768K(2682880K)
[2021-07-20T12:40:55.526+0000][110.988s][2267133][2267139][info ] GC(52) ParOldGen: 3648065K->3650497K(5592576K)
[2021-07-20T12:40:55.526+0000][110.988s][2267133][2267139][info ] GC(52) Pause Young (Allocation Failure) 6042M->3569M(8081M) 23.877ms
[2021-07-20T12:40:55.526+0000][110.988s][2267133][2267139][debug] GC(52) Heap after GC invocations=53 (full 3): PSYoungGen      total 2682880K, used 4768K [0x0000000755580000, 0x0000000800000000, 0x0000000800000000)
[2021-07-20T12:40:55.526+0000][110.988s][2267133][2267139][debug] GC(52)   eden space 2563072K, 0% used [0x0000000755580000,0x0000000755580000,0x00000007f1c80000)
[2021-07-20T12:40:55.526+0000][110.988s][2267133][2267139][debug] GC(52)   from space 119808K, 3% used [0x00000007f8b00000,0x00000007f8fa8000,0x0000000800000000)
[2021-07-20T12:40:55.526+0000][110.988s][2267133][2267139][debug] GC(52)   to   space 113152K, 0% used [0x00000007f1c80000,0x00000007f1c80000,0x00000007f8b00000)
[2021-07-20T12:40:55.526+0000][110.988s][2267133][2267139][debug] GC(52)  ParOldGen       total 5592576K, used 3650497K [0x0000000600000000, 0x0000000755580000, 0x0000000755580000)
[2021-07-20T12:40:55.526+0000][110.988s][2267133][2267139][debug] GC(52)   object space 5592576K, 65% used [0x0000000600000000,0x00000006decf05b0,0x0000000755580000)
[2021-07-20T12:40:55.526+0000][110.988s][2267133][2267139][debug] GC(52)  Metaspace       used 58486K, capacity 60088K, committed 60624K, reserved 1101824K
[2021-07-20T12:40:55.526+0000][110.988s][2267133][2267139][debug] GC(52)   class space    used 7111K, capacity 7759K, committed 7936K, reserved 1048576K
[2021-07-20T12:40:55.526+0000][110.988s][2267133][2267139][info ] Leaving safepoint region
[2021-07-20T12:40:55.526+0000][110.988s][2267133][2267139][info ] Total time for which application threads were stopped: 0.0257688 seconds, Stopping threads took: 0.0012292 seconds
[2021-07-20T12:40:56.500+0000][111.962s][2267133][2267139][info ] Application time: 0.9738916 seconds
[2021-07-20T12:40:56.500+0000][111.963s][2267133][2267139][info ] Entering safepoint region: ParallelGCFailedAllocation
[2021-07-20T12:40:56.501+0000][111.963s][2267133][2267139][debug] GC(53) Heap before GC invocations=54 (full 3): PSYoungGen      total 2682880K, used 2567840K [0x0000000755580000, 0x0000000800000000, 0x0000000800000000)
[2021-07-20T12:40:56.501+0000][111.963s][2267133][2267139][debug] GC(53)   eden space 2563072K, 100% used [0x0000000755580000,0x00000007f1c80000,0x00000007f1c80000)
[2021-07-20T12:40:56.501+0000][111.963s][2267133][2267139][debug] GC(53)   from space 119808K, 3% used [0x00000007f8b00000,0x00000007f8fa8000,0x0000000800000000)
[2021-07-20T12:40:56.501+0000][111.963s][2267133][2267139][debug] GC(53)   to   space 113152K, 0% used [0x00000007f1c80000,0x00000007f1c80000,0x00000007f8b00000)
[2021-07-20T12:40:56.501+0000][111.963s][2267133][2267139][debug] GC(53)  ParOldGen       total 5592576K, used 3650497K [0x0000000600000000, 0x0000000755580000, 0x0000000755580000)
[2021-07-20T12:40:56.501+0000][111.963s][2267133][2267139][debug] GC(53)   object space 5592576K, 65% used [0x0000000600000000,0x00000006decf05b0,0x0000000755580000)
[2021-07-20T12:40:56.501+0000][111.963s][2267133][2267139][debug] GC(53)  Metaspace       used 58489K, capacity 60088K, committed 60624K, reserved 1101824K
[2021-07-20T12:40:56.501+0000][111.963s][2267133][2267139][debug] GC(53)   class space    used 7111K, capacity 7759K, committed 7936K, reserved 1048576K
[2021-07-20T12:40:56.525+0000][111.988s][2267133][2267139][debug] GC(53) Desired survivor size 109576192 bytes, new threshold 1 (max threshold 15)
[2021-07-20T12:40:56.525+0000][111.988s][2267133][2267139][info ] GC(53) PSYoungGen: 2567840K->4768K(2676224K)
[2021-07-20T12:40:56.525+0000][111.988s][2267133][2267139][info ] GC(53) ParOldGen: 3650497K->3653361K(5592576K)
[2021-07-20T12:40:56.525+0000][111.988s][2267133][2267139][info ] GC(53) Pause Young (Allocation Failure) 6072M->3572M(8075M) 24.324ms
[2021-07-20T12:40:56.525+0000][111.988s][2267133][2267139][debug] GC(53) Heap after GC invocations=54 (full 3): PSYoungGen      total 2676224K, used 4768K [0x0000000755580000, 0x0000000800000000, 0x0000000800000000)
[2021-07-20T12:40:56.525+0000][111.988s][2267133][2267139][debug] GC(53)   eden space 2563072K, 0% used [0x0000000755580000,0x0000000755580000,0x00000007f1c80000)
[2021-07-20T12:40:56.525+0000][111.988s][2267133][2267139][debug] GC(53)   from space 113152K, 4% used [0x00000007f1c80000,0x00000007f2128000,0x00000007f8b00000)
[2021-07-20T12:40:56.525+0000][111.988s][2267133][2267139][debug] GC(53)   to   space 107008K, 0% used [0x00000007f9780000,0x00000007f9780000,0x0000000800000000)
[2021-07-20T12:40:56.525+0000][111.988s][2267133][2267139][debug] GC(53)  ParOldGen       total 5592576K, used 3653361K [0x0000000600000000, 0x0000000755580000, 0x0000000755580000)
[2021-07-20T12:40:56.525+0000][111.988s][2267133][2267139][debug] GC(53)   object space 5592576K, 65% used [0x0000000600000000,0x00000006defbc5b0,0x0000000755580000)
[2021-07-20T12:40:56.525+0000][111.988s][2267133][2267139][debug] GC(53)  Metaspace       used 58489K, capacity 60088K, committed 60624K, reserved 1101824K
[2021-07-20T12:40:56.525+0000][111.988s][2267133][2267139][debug] GC(53)   class space    used 7111K, capacity 7759K, committed 7936K, reserved 1048576K
[2021-07-20T12:40:56.525+0000][111.988s][2267133][2267139][info ] Leaving safepoint region
[2021-07-20T12:40:56.525+0000][111.988s][2267133][2267139][info ] Total time for which application threads were stopped: 0.0254942 seconds, Stopping threads took: 0.0005303 seconds
[2021-07-20T12:40:57.506+0000][112.969s][2267133][2267139][info ] Application time: 0.9806713 seconds
[2021-07-20T12:40:57.506+0000][112.969s][2267133][2267139][info ] Entering safepoint region: ParallelGCFailedAllocation
[2021-07-20T12:40:57.507+0000][112.969s][2267133][2267139][debug] GC(54) Heap before GC invocations=55 (full 3): PSYoungGen      total 2676224K, used 2567840K [0x0000000755580000, 0x0000000800000000, 0x0000000800000000)
[2021-07-20T12:40:57.507+0000][112.969s][2267133][2267139][debug] GC(54)   eden space 2563072K, 100% used [0x0000000755580000,0x00000007f1c80000,0x00000007f1c80000)
[2021-07-20T12:40:57.507+0000][112.969s][2267133][2267139][debug] GC(54)   from space 113152K, 4% used [0x00000007f1c80000,0x00000007f2128000,0x00000007f8b00000)
[2021-07-20T12:40:57.507+0000][112.969s][2267133][2267139][debug] GC(54)   to   space 107008K, 0% used [0x00000007f9780000,0x00000007f9780000,0x0000000800000000)
[2021-07-20T12:40:57.507+0000][112.969s][2267133][2267139][debug] GC(54)  ParOldGen       total 5592576K, used 3653361K [0x0000000600000000, 0x0000000755580000, 0x0000000755580000)
[2021-07-20T12:40:57.507+0000][112.969s][2267133][2267139][debug] GC(54)   object space 5592576K, 65% used [0x0000000600000000,0x00000006defbc5b0,0x0000000755580000)
[2021-07-20T12:40:57.507+0000][112.969s][2267133][2267139][debug] GC(54)  Metaspace       used 58496K, capacity 60088K, committed 60624K, reserved 1101824K
[2021-07-20T12:40:57.507+0000][112.969s][2267133][2267139][debug] GC(54)   class space    used 7111K, capacity 7759K, committed 7936K, reserved 1048576K
[2021-07-20T12:40:57.529+0000][112.992s][2267133][2267139][debug] GC(54) Desired survivor size 103284736 bytes, new threshold 1 (max threshold 15)
[2021-07-20T12:40:57.530+0000][112.992s][2267133][2267139][info ] GC(54) PSYoungGen: 2567840K->3872K(2695168K)
[2021-07-20T12:40:57.530+0000][112.992s][2267133][2267139][info ] GC(54) ParOldGen: 3653361K->3655761K(5592576K)
[2021-07-20T12:40:57.530+0000][112.992s][2267133][2267139][info ] GC(54) Pause Young (Allocation Failure) 6075M->3573M(8093M) 22.871ms
[2021-07-20T12:40:57.530+0000][112.992s][2267133][2267139][debug] GC(54) Heap after GC invocations=55 (full 3): PSYoungGen      total 2695168K, used 3872K [0x0000000755580000, 0x0000000800000000, 0x0000000800000000)
[2021-07-20T12:40:57.530+0000][112.992s][2267133][2267139][debug] GC(54)   eden space 2588160K, 0% used [0x0000000755580000,0x0000000755580000,0x00000007f3500000)
[2021-07-20T12:40:57.530+0000][112.992s][2267133][2267139][debug] GC(54)   from space 107008K, 3% used [0x00000007f9780000,0x00000007f9b48000,0x0000000800000000)
[2021-07-20T12:40:57.530+0000][112.992s][2267133][2267139][debug] GC(54)   to   space 100864K, 0% used [0x00000007f3500000,0x00000007f3500000,0x00000007f9780000)
[2021-07-20T12:40:57.530+0000][112.992s][2267133][2267139][debug] GC(54)  ParOldGen       total 5592576K, used 3655761K [0x0000000600000000, 0x0000000755580000, 0x0000000755580000)
[2021-07-20T12:40:57.530+0000][112.992s][2267133][2267139][debug] GC(54)   object space 5592576K, 65% used [0x0000000600000000,0x00000006df2145b0,0x0000000755580000)
[2021-07-20T12:40:57.530+0000][112.992s][2267133][2267139][debug] GC(54)  Metaspace       used 58496K, capacity 60088K, committed 60624K, reserved 1101824K
[2021-07-20T12:40:57.530+0000][112.992s][2267133][2267139][debug] GC(54)   class space    used 7111K, capacity 7759K, committed 7936K, reserved 1048576K
[2021-07-20T12:40:57.530+0000][112.992s][2267133][2267139][info ] Leaving safepoint region
[2021-07-20T12:40:57.530+0000][112.992s][2267133][2267139][info ] Total time for which application threads were stopped: 0.0236992 seconds, Stopping threads took: 0.0002027 seconds
[2021-07-20T12:40:58.513+0000][113.975s][2267133][2267139][info ] Application time: 0.9829875 seconds
[2021-07-20T12:40:58.513+0000][113.976s][2267133][2267139][info ] Entering safepoint region: ParallelGCFailedAllocation
[2021-07-20T12:40:58.513+0000][113.976s][2267133][2267139][debug] GC(55) Heap before GC invocations=56 (full 3): PSYoungGen      total 2695168K, used 2592032K [0x0000000755580000, 0x0000000800000000, 0x0000000800000000)
[2021-07-20T12:40:58.513+0000][113.976s][2267133][2267139][debug] GC(55)   eden space 2588160K, 100% used [0x0000000755580000,0x00000007f3500000,0x00000007f3500000)
[2021-07-20T12:40:58.513+0000][113.976s][2267133][2267139][debug] GC(55)   from space 107008K, 3% used [0x00000007f9780000,0x00000007f9b48000,0x0000000800000000)
[2021-07-20T12:40:58.513+0000][113.976s][2267133][2267139][debug] GC(55)   to   space 100864K, 0% used [0x00000007f3500000,0x00000007f3500000,0x00000007f9780000)
[2021-07-20T12:40:58.513+0000][113.976s][2267133][2267139][debug] GC(55)  ParOldGen       total 5592576K, used 3655761K [0x0000000600000000, 0x0000000755580000, 0x0000000755580000)
[2021-07-20T12:40:58.513+0000][113.976s][2267133][2267139][debug] GC(55)   object space 5592576K, 65% used [0x0000000600000000,0x00000006df2145b0,0x0000000755580000)
[2021-07-20T12:40:58.513+0000][113.976s][2267133][2267139][debug] GC(55)  Metaspace       used 58497K, capacity 60088K, committed 60624K, reserved 1101824K
[2021-07-20T12:40:58.514+0000][113.976s][2267133][2267139][debug] GC(55)   class space    used 7111K, capacity 7759K, committed 7936K, reserved 1048576K
[2021-07-20T12:40:58.537+0000][113.999s][2267133][2267139][debug] GC(55) Desired survivor size 96993280 bytes, new threshold 1 (max threshold 15)
[2021-07-20T12:40:58.537+0000][113.999s][2267133][2267139][info ] GC(55) PSYoungGen: 2592032K->4672K(2689024K)
[2021-07-20T12:40:58.537+0000][113.999s][2267133][2267139][info ] GC(55) ParOldGen: 3655761K->3657953K(5592576K)
[2021-07-20T12:40:58.537+0000][113.999s][2267133][2267139][info ] GC(55) Pause Young (Allocation Failure) 6101M->3576M(8087M) 23.421ms
[2021-07-20T12:40:58.537+0000][113.999s][2267133][2267139][debug] GC(55) Heap after GC invocations=56 (full 3): PSYoungGen      total 2689024K, used 4672K [0x0000000755580000, 0x0000000800000000, 0x0000000800000000)
[2021-07-20T12:40:58.537+0000][113.999s][2267133][2267139][debug] GC(55)   eden space 2588160K, 0% used [0x0000000755580000,0x0000000755580000,0x00000007f3500000)
[2021-07-20T12:40:58.537+0000][113.999s][2267133][2267139][debug] GC(55)   from space 100864K, 4% used [0x00000007f3500000,0x00000007f3990000,0x00000007f9780000)
[2021-07-20T12:40:58.537+0000][113.999s][2267133][2267139][debug] GC(55)   to   space 94720K, 0% used [0x00000007fa380000,0x00000007fa380000,0x0000000800000000)
[2021-07-20T12:40:58.537+0000][114.000s][2267133][2267139][debug] GC(55)  ParOldGen       total 5592576K, used 3657953K [0x0000000600000000, 0x0000000755580000, 0x0000000755580000)
[2021-07-20T12:40:58.537+0000][114.000s][2267133][2267139][debug] GC(55)   object space 5592576K, 65% used [0x0000000600000000,0x00000006df4385b0,0x0000000755580000)
[2021-07-20T12:40:58.537+0000][114.000s][2267133][2267139][debug] GC(55)  Metaspace       used 58497K, capacity 60088K, committed 60624K, reserved 1101824K
[2021-07-20T12:40:58.537+0000][114.000s][2267133][2267139][debug] GC(55)   class space    used 7111K, capacity 7759K, committed 7936K, reserved 1048576K
[2021-07-20T12:40:58.537+0000][114.000s][2267133][2267139][info ] Leaving safepoint region
[2021-07-20T12:40:58.537+0000][114.000s][2267133][2267139][info ] Total time for which application threads were stopped: 0.0242644 seconds, Stopping threads took: 0.0002188 seconds
[2021-07-20T12:40:59.537+0000][115.000s][2267133][2267139][info ] Application time: 1.0000749 seconds
[2021-07-20T12:40:59.538+0000][115.001s][2267133][2267139][info ] Entering safepoint region: Cleanup
[2021-07-20T12:40:59.539+0000][115.001s][2267133][2267139][info ] Leaving safepoint region
[2021-07-20T12:40:59.539+0000][115.001s][2267133][2267139][info ] Total time for which application threads were stopped: 0.0015308 seconds, Stopping threads took: 0.0011694 seconds
[2021-07-20T12:40:59.544+0000][115.006s][2267133][2267139][info ] Application time: 0.0047828 seconds
[2021-07-20T12:40:59.544+0000][115.007s][2267133][2267139][info ] Entering safepoint region: ParallelGCFailedAllocation
[2021-07-20T12:40:59.545+0000][115.007s][2267133][2267139][debug] GC(56) Heap before GC invocations=57 (full 3): PSYoungGen      total 2689024K, used 2592832K [0x0000000755580000, 0x0000000800000000, 0x0000000800000000)
[2021-07-20T12:40:59.545+0000][115.007s][2267133][2267139][debug] GC(56)   eden space 2588160K, 100% used [0x0000000755580000,0x00000007f3500000,0x00000007f3500000)
[2021-07-20T12:40:59.545+0000][115.007s][2267133][2267139][debug] GC(56)   from space 100864K, 4% used [0x00000007f3500000,0x00000007f3990000,0x00000007f9780000)
[2021-07-20T12:40:59.545+0000][115.007s][2267133][2267139][debug] GC(56)   to   space 94720K, 0% used [0x00000007fa380000,0x00000007fa380000,0x0000000800000000)
[2021-07-20T12:40:59.545+0000][115.007s][2267133][2267139][debug] GC(56)  ParOldGen       total 5592576K, used 3657953K [0x0000000600000000, 0x0000000755580000, 0x0000000755580000)
[2021-07-20T12:40:59.545+0000][115.007s][2267133][2267139][debug] GC(56)   object space 5592576K, 65% used [0x0000000600000000,0x00000006df4385b0,0x0000000755580000)
[2021-07-20T12:40:59.545+0000][115.007s][2267133][2267139][debug] GC(56)  Metaspace       used 58499K, capacity 60088K, committed 60624K, reserved 1101824K
[2021-07-20T12:40:59.545+0000][115.007s][2267133][2267139][debug] GC(56)   class space    used 7111K, capacity 7759K, committed 7936K, reserved 1048576K
[2021-07-20T12:40:59.568+0000][115.031s][2267133][2267139][debug] GC(56) Desired survivor size 91226112 bytes, new threshold 1 (max threshold 15)
[2021-07-20T12:40:59.568+0000][115.031s][2267133][2267139][info ] GC(56) PSYoungGen: 2592832K->4224K(2706944K)
[2021-07-20T12:40:59.568+0000][115.031s][2267133][2267139][info ] GC(56) ParOldGen: 3657953K->3660665K(5592576K)
[2021-07-20T12:40:59.568+0000][115.031s][2267133][2267139][info ] GC(56) Pause Young (Allocation Failure) 6104M->3578M(8105M) 23.542ms
[2021-07-20T12:40:59.568+0000][115.031s][2267133][2267139][debug] GC(56) Heap after GC invocations=57 (full 3): PSYoungGen      total 2706944K, used 4224K [0x0000000755580000, 0x0000000800000000, 0x0000000800000000)
[2021-07-20T12:40:59.568+0000][115.031s][2267133][2267139][debug] GC(56)   eden space 2612224K, 0% used [0x0000000755580000,0x0000000755580000,0x00000007f4c80000)
[2021-07-20T12:40:59.569+0000][115.031s][2267133][2267139][debug] GC(56)   from space 94720K, 4% used [0x00000007fa380000,0x00000007fa7a0000,0x0000000800000000)
[2021-07-20T12:40:59.569+0000][115.031s][2267133][2267139][debug] GC(56)   to   space 89088K, 0% used [0x00000007f4c80000,0x00000007f4c80000,0x00000007fa380000)
[2021-07-20T12:40:59.569+0000][115.031s][2267133][2267139][debug] GC(56)  ParOldGen       total 5592576K, used 3660665K [0x0000000600000000, 0x0000000755580000, 0x0000000755580000)
[2021-07-20T12:40:59.569+0000][115.031s][2267133][2267139][debug] GC(56)   object space 5592576K, 65% used [0x0000000600000000,0x00000006df6de5b0,0x0000000755580000)
[2021-07-20T12:40:59.569+0000][115.031s][2267133][2267139][debug] GC(56)  Metaspace       used 58499K, capacity 60088K, committed 60624K, reserved 1101824K
[2021-07-20T12:40:59.569+0000][115.031s][2267133][2267139][debug] GC(56)   class space    used 7111K, capacity 7759K, committed 7936K, reserved 1048576K
[2021-07-20T12:40:59.569+0000][115.031s][2267133][2267139][info ] Leaving safepoint region
[2021-07-20T12:40:59.569+0000][115.031s][2267133][2267139][info ] Total time for which application threads were stopped: 0.0249861 seconds, Stopping threads took: 0.0008230 seconds
[2021-07-20T12:41:00.569+0000][116.032s][2267133][2267139][info ] Application time: 1.0006807 seconds
[2021-07-20T12:41:00.570+0000][116.033s][2267133][2267139][info ] Entering safepoint region: Cleanup
[2021-07-20T12:41:00.571+0000][116.033s][2267133][2267139][info ] Leaving safepoint region
[2021-07-20T12:41:00.571+0000][116.033s][2267133][2267139][info ] Total time for which application threads were stopped: 0.0013979 seconds, Stopping threads took: 0.0010514 seconds
[2021-07-20T12:41:00.618+0000][116.080s][2267133][2267139][info ] Application time: 0.0471426 seconds
[2021-07-20T12:41:00.618+0000][116.081s][2267133][2267139][info ] Entering safepoint region: ParallelGCFailedAllocation
[2021-07-20T12:41:00.619+0000][116.081s][2267133][2267139][debug] GC(57) Heap before GC invocations=58 (full 3): PSYoungGen      total 2706944K, used 2616448K [0x0000000755580000, 0x0000000800000000, 0x0000000800000000)
[2021-07-20T12:41:00.619+0000][116.081s][2267133][2267139][debug] GC(57)   eden space 2612224K, 100% used [0x0000000755580000,0x00000007f4c80000,0x00000007f4c80000)
[2021-07-20T12:41:00.619+0000][116.081s][2267133][2267139][debug] GC(57)   from space 94720K, 4% used [0x00000007fa380000,0x00000007fa7a0000,0x0000000800000000)
[2021-07-20T12:41:00.619+0000][116.081s][2267133][2267139][debug] GC(57)   to   space 89088K, 0% used [0x00000007f4c80000,0x00000007f4c80000,0x00000007fa380000)
[2021-07-20T12:41:00.619+0000][116.081s][2267133][2267139][debug] GC(57)  ParOldGen       total 5592576K, used 3660665K [0x0000000600000000, 0x0000000755580000, 0x0000000755580000)
[2021-07-20T12:41:00.619+0000][116.081s][2267133][2267139][debug] GC(57)   object space 5592576K, 65% used [0x0000000600000000,0x00000006df6de5b0,0x0000000755580000)
[2021-07-20T12:41:00.619+0000][116.081s][2267133][2267139][debug] GC(57)  Metaspace       used 58499K, capacity 60088K, committed 60624K, reserved 1101824K
[2021-07-20T12:41:00.619+0000][116.081s][2267133][2267139][debug] GC(57)   class space    used 7111K, capacity 7759K, committed 7936K, reserved 1048576K
[2021-07-20T12:41:00.643+0000][116.105s][2267133][2267139][debug] GC(57) Desired survivor size 84934656 bytes, new threshold 1 (max threshold 15)
[2021-07-20T12:41:00.643+0000][116.106s][2267133][2267139][info ] GC(57) PSYoungGen: 2616448K->5440K(2701312K)
[2021-07-20T12:41:00.643+0000][116.106s][2267133][2267139][info ] GC(57) ParOldGen: 3660665K->3662521K(5592576K)
[2021-07-20T12:41:00.643+0000][116.106s][2267133][2267139][info ] GC(57) Pause Young (Allocation Failure) 6129M->3581M(8099M) 24.458ms
[2021-07-20T12:41:00.643+0000][116.106s][2267133][2267139][debug] GC(57) Heap after GC invocations=58 (full 3): PSYoungGen      total 2701312K, used 5440K [0x0000000755580000, 0x0000000800000000, 0x0000000800000000)
[2021-07-20T12:41:00.643+0000][116.106s][2267133][2267139][debug] GC(57)   eden space 2612224K, 0% used [0x0000000755580000,0x0000000755580000,0x00000007f4c80000)
[2021-07-20T12:41:00.643+0000][116.106s][2267133][2267139][debug] GC(57)   from space 89088K, 6% used [0x00000007f4c80000,0x00000007f51d0000,0x00000007fa380000)
[2021-07-20T12:41:00.643+0000][116.106s][2267133][2267139][debug] GC(57)   to   space 82944K, 0% used [0x00000007faf00000,0x00000007faf00000,0x0000000800000000)
[2021-07-20T12:41:00.643+0000][116.106s][2267133][2267139][debug] GC(57)  ParOldGen       total 5592576K, used 3662521K [0x0000000600000000, 0x0000000755580000, 0x0000000755580000)
[2021-07-20T12:41:00.643+0000][116.106s][2267133][2267139][debug] GC(57)   object space 5592576K, 65% used [0x0000000600000000,0x00000006df8ae5b0,0x0000000755580000)
[2021-07-20T12:41:00.643+0000][116.106s][2267133][2267139][debug] GC(57)  Metaspace       used 58499K, capacity 60088K, committed 60624K, reserved 1101824K
[2021-07-20T12:41:00.643+0000][116.106s][2267133][2267139][debug] GC(57)   class space    used 7111K, capacity 7759K, committed 7936K, reserved 1048576K
[2021-07-20T12:41:00.643+0000][116.106s][2267133][2267139][info ] Leaving safepoint region
[2021-07-20T12:41:00.643+0000][116.106s][2267133][2267139][info ] Total time for which application threads were stopped: 0.0252885 seconds, Stopping threads took: 0.0001873 seconds
[2021-07-20T12:41:01.644+0000][117.106s][2267133][2267139][info ] Application time: 1.0004817 seconds
[2021-07-20T12:41:01.644+0000][117.107s][2267133][2267139][info ] Entering safepoint region: Cleanup
[2021-07-20T12:41:01.645+0000][117.107s][2267133][2267139][info ] Leaving safepoint region
[2021-07-20T12:41:01.645+0000][117.107s][2267133][2267139][info ] Total time for which application threads were stopped: 0.0009043 seconds, Stopping threads took: 0.0005701 seconds
[2021-07-20T12:41:01.656+0000][117.118s][2267133][2267139][info ] Application time: 0.0110092 seconds
[2021-07-20T12:41:01.656+0000][117.118s][2267133][2267139][info ] Entering safepoint region: ParallelGCFailedAllocation
[2021-07-20T12:41:01.656+0000][117.119s][2267133][2267139][debug] GC(58) Heap before GC invocations=59 (full 3): PSYoungGen      total 2701312K, used 2617664K [0x0000000755580000, 0x0000000800000000, 0x0000000800000000)
[2021-07-20T12:41:01.656+0000][117.119s][2267133][2267139][debug] GC(58)   eden space 2612224K, 100% used [0x0000000755580000,0x00000007f4c80000,0x00000007f4c80000)
[2021-07-20T12:41:01.656+0000][117.119s][2267133][2267139][debug] GC(58)   from space 89088K, 6% used [0x00000007f4c80000,0x00000007f51d0000,0x00000007fa380000)
[2021-07-20T12:41:01.656+0000][117.119s][2267133][2267139][debug] GC(58)   to   space 82944K, 0% used [0x00000007faf00000,0x00000007faf00000,0x0000000800000000)
[2021-07-20T12:41:01.656+0000][117.119s][2267133][2267139][debug] GC(58)  ParOldGen       total 5592576K, used 3662521K [0x0000000600000000, 0x0000000755580000, 0x0000000755580000)
[2021-07-20T12:41:01.656+0000][117.119s][2267133][2267139][debug] GC(58)   object space 5592576K, 65% used [0x0000000600000000,0x00000006df8ae5b0,0x0000000755580000)
[2021-07-20T12:41:01.656+0000][117.119s][2267133][2267139][debug] GC(58)  Metaspace       used 58499K, capacity 60088K, committed 60624K, reserved 1101824K
[2021-07-20T12:41:01.656+0000][117.119s][2267133][2267139][debug] GC(58)   class space    used 7111K, capacity 7759K, committed 7936K, reserved 1048576K
[2021-07-20T12:41:01.679+0000][117.141s][2267133][2267139][debug] GC(58) Desired survivor size 80216064 bytes, new threshold 1 (max threshold 15)
[2021-07-20T12:41:01.679+0000][117.141s][2267133][2267139][info ] GC(58) PSYoungGen: 2617664K->2592K(2717696K)
[2021-07-20T12:41:01.679+0000][117.141s][2267133][2267139][info ] GC(58) ParOldGen: 3662521K->3666201K(5592576K)
[2021-07-20T12:41:01.679+0000][117.141s][2267133][2267139][info ] GC(58) Pause Young (Allocation Failure) 6132M->3582M(8115M) 22.463ms
[2021-07-20T12:41:01.679+0000][117.141s][2267133][2267139][debug] GC(58) Heap after GC invocations=59 (full 3): PSYoungGen      total 2717696K, used 2592K [0x0000000755580000, 0x0000000800000000, 0x0000000800000000)
[2021-07-20T12:41:01.679+0000][117.141s][2267133][2267139][debug] GC(58)   eden space 2634752K, 0% used [0x0000000755580000,0x0000000755580000,0x00000007f6280000)
[2021-07-20T12:41:01.679+0000][117.141s][2267133][2267139][debug] GC(58)   from space 82944K, 3% used [0x00000007faf00000,0x00000007fb188000,0x0000000800000000)
[2021-07-20T12:41:01.679+0000][117.141s][2267133][2267139][debug] GC(58)   to   space 78336K, 0% used [0x00000007f6280000,0x00000007f6280000,0x00000007faf00000)
[2021-07-20T12:41:01.679+0000][117.141s][2267133][2267139][debug] GC(58)  ParOldGen       total 5592576K, used 3666201K [0x0000000600000000, 0x0000000755580000, 0x0000000755580000)
[2021-07-20T12:41:01.679+0000][117.141s][2267133][2267139][debug] GC(58)   object space 5592576K, 65% used [0x0000000600000000,0x00000006dfc465b0,0x0000000755580000)
[2021-07-20T12:41:01.679+0000][117.141s][2267133][2267139][debug] GC(58)  Metaspace       used 58499K, capacity 60088K, committed 60624K, reserved 1101824K
[2021-07-20T12:41:01.679+0000][117.141s][2267133][2267139][debug] GC(58)   class space    used 7111K, capacity 7759K, committed 7936K, reserved 1048576K
[2021-07-20T12:41:01.679+0000][117.142s][2267133][2267139][info ] Leaving safepoint region
[2021-07-20T12:41:01.679+0000][117.142s][2267133][2267139][info ] Total time for which application threads were stopped: 0.0232850 seconds, Stopping threads took: 0.0001899 seconds
[2021-07-20T12:41:02.679+0000][118.142s][2267133][2267139][info ] Application time: 1.0002664 seconds
[2021-07-20T12:41:02.680+0000][118.143s][2267133][2267139][info ] Entering safepoint region: Cleanup
[2021-07-20T12:41:02.681+0000][118.143s][2267133][2267139][info ] Leaving safepoint region
[2021-07-20T12:41:02.681+0000][118.143s][2267133][2267139][info ] Total time for which application threads were stopped: 0.0013376 seconds, Stopping threads took: 0.0009941 seconds
[2021-07-20T12:41:02.698+0000][118.160s][2267133][2267139][info ] Application time: 0.0172677 seconds
[2021-07-20T12:41:02.698+0000][118.161s][2267133][2267139][info ] Entering safepoint region: ParallelGCFailedAllocation
[2021-07-20T12:41:02.699+0000][118.161s][2267133][2267139][debug] GC(59) Heap before GC invocations=60 (full 3): PSYoungGen      total 2717696K, used 2637344K [0x0000000755580000, 0x0000000800000000, 0x0000000800000000)
[2021-07-20T12:41:02.699+0000][118.161s][2267133][2267139][debug] GC(59)   eden space 2634752K, 100% used [0x0000000755580000,0x00000007f6280000,0x00000007f6280000)
[2021-07-20T12:41:02.699+0000][118.161s][2267133][2267139][debug] GC(59)   from space 82944K, 3% used [0x00000007faf00000,0x00000007fb188000,0x0000000800000000)
[2021-07-20T12:41:02.699+0000][118.161s][2267133][2267139][debug] GC(59)   to   space 78336K, 0% used [0x00000007f6280000,0x00000007f6280000,0x00000007faf00000)
[2021-07-20T12:41:02.699+0000][118.161s][2267133][2267139][debug] GC(59)  ParOldGen       total 5592576K, used 3666201K [0x0000000600000000, 0x0000000755580000, 0x0000000755580000)
[2021-07-20T12:41:02.699+0000][118.161s][2267133][2267139][debug] GC(59)   object space 5592576K, 65% used [0x0000000600000000,0x00000006dfc465b0,0x0000000755580000)
[2021-07-20T12:41:02.699+0000][118.161s][2267133][2267139][debug] GC(59)  Metaspace       used 58520K, capacity 60089K, committed 60624K, reserved 1101824K
[2021-07-20T12:41:02.699+0000][118.161s][2267133][2267139][debug] GC(59)   class space    used 7111K, capacity 7759K, committed 7936K, reserved 1048576K
[2021-07-20T12:41:02.718+0000][118.180s][2267133][2267139][debug] GC(59) Desired survivor size 75497472 bytes, new threshold 1 (max threshold 15)
[2021-07-20T12:41:02.718+0000][118.180s][2267133][2267139][info ] GC(59) PSYoungGen: 2637344K->2368K(2713088K)
[2021-07-20T12:41:02.718+0000][118.180s][2267133][2267139][info ] GC(59) ParOldGen: 3666201K->3666513K(5592576K)
[2021-07-20T12:41:02.718+0000][118.180s][2267133][2267139][info ] GC(59) Pause Young (Allocation Failure) 6155M->3582M(8111M) 19.154ms
[2021-07-20T12:41:02.718+0000][118.180s][2267133][2267139][debug] GC(59) Heap after GC invocations=60 (full 3): PSYoungGen      total 2713088K, used 2368K [0x0000000755580000, 0x0000000800000000, 0x0000000800000000)
[2021-07-20T12:41:02.718+0000][118.180s][2267133][2267139][debug] GC(59)   eden space 2634752K, 0% used [0x0000000755580000,0x0000000755580000,0x00000007f6280000)
[2021-07-20T12:41:02.718+0000][118.180s][2267133][2267139][debug] GC(59)   from space 78336K, 3% used [0x00000007f6280000,0x00000007f64d0000,0x00000007faf00000)
[2021-07-20T12:41:02.718+0000][118.180s][2267133][2267139][debug] GC(59)   to   space 73728K, 0% used [0x00000007fb800000,0x00000007fb800000,0x0000000800000000)
[2021-07-20T12:41:02.718+0000][118.180s][2267133][2267139][debug] GC(59)  ParOldGen       total 5592576K, used 3666513K [0x0000000600000000, 0x0000000755580000, 0x0000000755580000)
[2021-07-20T12:41:02.718+0000][118.180s][2267133][2267139][debug] GC(59)   object space 5592576K, 65% used [0x0000000600000000,0x00000006dfc945b0,0x0000000755580000)
[2021-07-20T12:41:02.718+0000][118.180s][2267133][2267139][debug] GC(59)  Metaspace       used 58520K, capacity 60089K, committed 60624K, reserved 1101824K
[2021-07-20T12:41:02.718+0000][118.180s][2267133][2267139][debug] GC(59)   class space    used 7111K, capacity 7759K, committed 7936K, reserved 1048576K
[2021-07-20T12:41:02.718+0000][118.181s][2267133][2267139][info ] Leaving safepoint region
[2021-07-20T12:41:02.718+0000][118.181s][2267133][2267139][info ] Total time for which application threads were stopped: 0.0199891 seconds, Stopping threads took: 0.0002022 seconds
[2021-07-20T12:41:03.720+0000][119.182s][2267133][2267139][info ] Application time: 1.0016497 seconds
[2021-07-20T12:41:03.720+0000][119.183s][2267133][2267139][info ] Entering safepoint region: Cleanup
[2021-07-20T12:41:03.721+0000][119.183s][2267133][2267139][info ] Leaving safepoint region
[2021-07-20T12:41:03.721+0000][119.183s][2267133][2267139][info ] Total time for which application threads were stopped: 0.0009782 seconds, Stopping threads took: 0.0006209 seconds
[2021-07-20T12:41:03.748+0000][119.211s][2267133][2267139][info ] Application time: 0.0275949 seconds
[2021-07-20T12:41:03.753+0000][119.215s][2267133][2267139][info ] Entering safepoint region: ParallelGCFailedAllocation
[2021-07-20T12:41:03.753+0000][119.216s][2267133][2267139][debug] GC(60) Heap before GC invocations=61 (full 3): PSYoungGen      total 2713088K, used 2637120K [0x0000000755580000, 0x0000000800000000, 0x0000000800000000)
[2021-07-20T12:41:03.753+0000][119.216s][2267133][2267139][debug] GC(60)   eden space 2634752K, 100% used [0x0000000755580000,0x00000007f6280000,0x00000007f6280000)
[2021-07-20T12:41:03.753+0000][119.216s][2267133][2267139][debug] GC(60)   from space 78336K, 3% used [0x00000007f6280000,0x00000007f64d0000,0x00000007faf00000)
[2021-07-20T12:41:03.753+0000][119.216s][2267133][2267139][debug] GC(60)   to   space 73728K, 0% used [0x00000007fb800000,0x00000007fb800000,0x0000000800000000)
[2021-07-20T12:41:03.753+0000][119.216s][2267133][2267139][debug] GC(60)  ParOldGen       total 5592576K, used 3666513K [0x0000000600000000, 0x0000000755580000, 0x0000000755580000)
[2021-07-20T12:41:03.753+0000][119.216s][2267133][2267139][debug] GC(60)   object space 5592576K, 65% used [0x0000000600000000,0x00000006dfc945b0,0x0000000755580000)
[2021-07-20T12:41:03.753+0000][119.216s][2267133][2267139][debug] GC(60)  Metaspace       used 58522K, capacity 60089K, committed 60624K, reserved 1101824K
[2021-07-20T12:41:03.753+0000][119.216s][2267133][2267139][debug] GC(60)   class space    used 7111K, capacity 7759K, committed 7936K, reserved 1048576K
[2021-07-20T12:41:03.771+0000][119.233s][2267133][2267139][debug] GC(60) Desired survivor size 70778880 bytes, new threshold 1 (max threshold 15)
[2021-07-20T12:41:03.771+0000][119.233s][2267133][2267139][info ] GC(60) PSYoungGen: 2637120K->2432K(2726912K)
[2021-07-20T12:41:03.771+0000][119.233s][2267133][2267139][info ] GC(60) ParOldGen: 3666513K->3666633K(5592576K)
[2021-07-20T12:41:03.771+0000][119.233s][2267133][2267139][info ] GC(60) Pause Young (Allocation Failure) 6155M->3583M(8124M) 17.389ms
[2021-07-20T12:41:03.771+0000][119.233s][2267133][2267139][debug] GC(60) Heap after GC invocations=61 (full 3): PSYoungGen      total 2726912K, used 2432K [0x0000000755580000, 0x0000000800000000, 0x0000000800000000)
[2021-07-20T12:41:03.771+0000][119.233s][2267133][2267139][debug] GC(60)   eden space 2653184K, 0% used [0x0000000755580000,0x0000000755580000,0x00000007f7480000)
[2021-07-20T12:41:03.771+0000][119.233s][2267133][2267139][debug] GC(60)   from space 73728K, 3% used [0x00000007fb800000,0x00000007fba60000,0x0000000800000000)
[2021-07-20T12:41:03.771+0000][119.233s][2267133][2267139][debug] GC(60)   to   space 69120K, 0% used [0x00000007f7480000,0x00000007f7480000,0x00000007fb800000)
[2021-07-20T12:41:03.771+0000][119.233s][2267133][2267139][debug] GC(60)  ParOldGen       total 5592576K, used 3666633K [0x0000000600000000, 0x0000000755580000, 0x0000000755580000)
[2021-07-20T12:41:03.771+0000][119.233s][2267133][2267139][debug] GC(60)   object space 5592576K, 65% used [0x0000000600000000,0x00000006dfcb25b0,0x0000000755580000)
[2021-07-20T12:41:03.771+0000][119.233s][2267133][2267139][debug] GC(60)  Metaspace       used 58522K, capacity 60089K, committed 60624K, reserved 1101824K
[2021-07-20T12:41:03.771+0000][119.233s][2267133][2267139][debug] GC(60)   class space    used 7111K, capacity 7759K, committed 7936K, reserved 1048576K
[2021-07-20T12:41:03.771+0000][119.234s][2267133][2267139][info ] Leaving safepoint region
[2021-07-20T12:41:03.771+0000][119.234s][2267133][2267139][info ] Total time for which application threads were stopped: 0.0226423 seconds, Stopping threads took: 0.0045662 seconds
[2021-07-20T12:41:04.771+0000][120.234s][2267133][2267139][info ] Application time: 1.0000738 seconds
[2021-07-20T12:41:04.771+0000][120.234s][2267133][2267139][info ] Entering safepoint region: Cleanup
[2021-07-20T12:41:04.772+0000][120.234s][2267133][2267139][info ] Leaving safepoint region
[2021-07-20T12:41:04.772+0000][120.234s][2267133][2267139][info ] Total time for which application threads were stopped: 0.0004782 seconds, Stopping threads took: 0.0001574 seconds
[2021-07-20T12:41:04.803+0000][120.266s][2267133][2267139][info ] Application time: 0.0313910 seconds
[2021-07-20T12:41:04.805+0000][120.268s][2267133][2267139][info ] Entering safepoint region: ParallelGCFailedAllocation
[2021-07-20T12:41:04.806+0000][120.268s][2267133][2267139][debug] GC(61) Heap before GC invocations=62 (full 3): PSYoungGen      total 2726912K, used 2655616K [0x0000000755580000, 0x0000000800000000, 0x0000000800000000)
[2021-07-20T12:41:04.806+0000][120.268s][2267133][2267139][debug] GC(61)   eden space 2653184K, 100% used [0x0000000755580000,0x00000007f7480000,0x00000007f7480000)
[2021-07-20T12:41:04.806+0000][120.268s][2267133][2267139][debug] GC(61)   from space 73728K, 3% used [0x00000007fb800000,0x00000007fba60000,0x0000000800000000)
[2021-07-20T12:41:04.806+0000][120.268s][2267133][2267139][debug] GC(61)   to   space 69120K, 0% used [0x00000007f7480000,0x00000007f7480000,0x00000007fb800000)
[2021-07-20T12:41:04.806+0000][120.268s][2267133][2267139][debug] GC(61)  ParOldGen       total 5592576K, used 3666633K [0x0000000600000000, 0x0000000755580000, 0x0000000755580000)
[2021-07-20T12:41:04.806+0000][120.268s][2267133][2267139][debug] GC(61)   object space 5592576K, 65% used [0x0000000600000000,0x00000006dfcb25b0,0x0000000755580000)
[2021-07-20T12:41:04.806+0000][120.268s][2267133][2267139][debug] GC(61)  Metaspace       used 58523K, capacity 60089K, committed 60624K, reserved 1101824K
[2021-07-20T12:41:04.806+0000][120.268s][2267133][2267139][debug] GC(61)   class space    used 7111K, capacity 7759K, committed 7936K, reserved 1048576K
[2021-07-20T12:41:04.829+0000][120.291s][2267133][2267139][debug] GC(61) Desired survivor size 66060288 bytes, new threshold 1 (max threshold 15)
[2021-07-20T12:41:04.829+0000][120.291s][2267133][2267139][info ] GC(61) PSYoungGen: 2655616K->4992K(2722304K)
[2021-07-20T12:41:04.829+0000][120.291s][2267133][2267139][info ] GC(61) ParOldGen: 3666633K->3666729K(5592576K)
[2021-07-20T12:41:04.829+0000][120.291s][2267133][2267139][info ] GC(61) Pause Young (Allocation Failure) 6174M->3585M(8120M) 22.815ms
[2021-07-20T12:41:04.829+0000][120.291s][2267133][2267139][debug] GC(61) Heap after GC invocations=62 (full 3): PSYoungGen      total 2722304K, used 4992K [0x0000000755580000, 0x0000000800000000, 0x0000000800000000)
[2021-07-20T12:41:04.829+0000][120.291s][2267133][2267139][debug] GC(61)   eden space 2653184K, 0% used [0x0000000755580000,0x0000000755580000,0x00000007f7480000)
[2021-07-20T12:41:04.829+0000][120.291s][2267133][2267139][debug] GC(61)   from space 69120K, 7% used [0x00000007f7480000,0x00000007f7960000,0x00000007fb800000)
[2021-07-20T12:41:04.829+0000][120.291s][2267133][2267139][debug] GC(61)   to   space 64512K, 0% used [0x00000007fc100000,0x00000007fc100000,0x0000000800000000)
[2021-07-20T12:41:04.829+0000][120.291s][2267133][2267139][debug] GC(61)  ParOldGen       total 5592576K, used 3666729K [0x0000000600000000, 0x0000000755580000, 0x0000000755580000)
[2021-07-20T12:41:04.829+0000][120.291s][2267133][2267139][debug] GC(61)   object space 5592576K, 65% used [0x0000000600000000,0x00000006dfcca5b0,0x0000000755580000)
[2021-07-20T12:41:04.829+0000][120.291s][2267133][2267139][debug] GC(61)  Metaspace       used 58523K, capacity 60089K, committed 60624K, reserved 1101824K
[2021-07-20T12:41:04.829+0000][120.291s][2267133][2267139][debug] GC(61)   class space    used 7111K, capacity 7759K, committed 7936K, reserved 1048576K
[2021-07-20T12:41:04.829+0000][120.291s][2267133][2267139][info ] Leaving safepoint region
[2021-07-20T12:41:04.829+0000][120.291s][2267133][2267139][info ] Total time for which application threads were stopped: 0.0257993 seconds, Stopping threads took: 0.0023068 seconds
[2021-07-20T12:41:05.829+0000][121.292s][2267133][2267139][info ] Application time: 1.0001693 seconds
[2021-07-20T12:41:05.829+0000][121.292s][2267133][2267139][info ] Entering safepoint region: Cleanup
[2021-07-20T12:41:05.830+0000][121.292s][2267133][2267139][info ] Leaving safepoint region
[2021-07-20T12:41:05.830+0000][121.292s][2267133][2267139][info ] Total time for which application threads were stopped: 0.0006110 seconds, Stopping threads took: 0.0002358 seconds
[2021-07-20T12:41:05.861+0000][121.323s][2267133][2267139][info ] Application time: 0.0307773 seconds
[2021-07-20T12:41:05.861+0000][121.324s][2267133][2267139][info ] Entering safepoint region: ParallelGCFailedAllocation
[2021-07-20T12:41:05.862+0000][121.324s][2267133][2267139][debug] GC(62) Heap before GC invocations=63 (full 3): PSYoungGen      total 2722304K, used 2658176K [0x0000000755580000, 0x0000000800000000, 0x0000000800000000)
[2021-07-20T12:41:05.862+0000][121.324s][2267133][2267139][debug] GC(62)   eden space 2653184K, 100% used [0x0000000755580000,0x00000007f7480000,0x00000007f7480000)
[2021-07-20T12:41:05.862+0000][121.324s][2267133][2267139][debug] GC(62)   from space 69120K, 7% used [0x00000007f7480000,0x00000007f7960000,0x00000007fb800000)
[2021-07-20T12:41:05.862+0000][121.324s][2267133][2267139][debug] GC(62)   to   space 64512K, 0% used [0x00000007fc100000,0x00000007fc100000,0x0000000800000000)
[2021-07-20T12:41:05.862+0000][121.324s][2267133][2267139][debug] GC(62)  ParOldGen       total 5592576K, used 3666729K [0x0000000600000000, 0x0000000755580000, 0x0000000755580000)
[2021-07-20T12:41:05.862+0000][121.324s][2267133][2267139][debug] GC(62)   object space 5592576K, 65% used [0x0000000600000000,0x00000006dfcca5b0,0x0000000755580000)
[2021-07-20T12:41:05.862+0000][121.324s][2267133][2267139][debug] GC(62)  Metaspace       used 58523K, capacity 60089K, committed 60624K, reserved 1101824K
[2021-07-20T12:41:05.862+0000][121.324s][2267133][2267139][debug] GC(62)   class space    used 7111K, capacity 7759K, committed 7936K, reserved 1048576K
[2021-07-20T12:41:05.889+0000][121.351s][2267133][2267139][debug] GC(62) Desired survivor size 61341696 bytes, new threshold 1 (max threshold 15)
[2021-07-20T12:41:05.889+0000][121.351s][2267133][2267139][info ] GC(62) PSYoungGen: 2658176K->5280K(2736128K)
[2021-07-20T12:41:05.889+0000][121.351s][2267133][2267139][info ] GC(62) ParOldGen: 3666729K->3670441K(5592576K)
[2021-07-20T12:41:05.889+0000][121.351s][2267133][2267139][info ] GC(62) Pause Young (Allocation Failure) 6176M->3589M(8133M) 26.988ms
[2021-07-20T12:41:05.889+0000][121.351s][2267133][2267139][debug] GC(62) Heap after GC invocations=63 (full 3): PSYoungGen      total 2736128K, used 5280K [0x0000000755580000, 0x0000000800000000, 0x0000000800000000)
[2021-07-20T12:41:05.889+0000][121.351s][2267133][2267139][debug] GC(62)   eden space 2671616K, 0% used [0x0000000755580000,0x0000000755580000,0x00000007f8680000)
[2021-07-20T12:41:05.889+0000][121.351s][2267133][2267139][debug] GC(62)   from space 64512K, 8% used [0x00000007fc100000,0x00000007fc628000,0x0000000800000000)
[2021-07-20T12:41:05.889+0000][121.351s][2267133][2267139][debug] GC(62)   to   space 59904K, 0% used [0x00000007f8680000,0x00000007f8680000,0x00000007fc100000)
[2021-07-20T12:41:05.889+0000][121.351s][2267133][2267139][debug] GC(62)  ParOldGen       total 5592576K, used 3670441K [0x0000000600000000, 0x0000000755580000, 0x0000000755580000)
[2021-07-20T12:41:05.889+0000][121.351s][2267133][2267139][debug] GC(62)   object space 5592576K, 65% used [0x0000000600000000,0x00000006e006a5b0,0x0000000755580000)
[2021-07-20T12:41:05.889+0000][121.351s][2267133][2267139][debug] GC(62)  Metaspace       used 58523K, capacity 60089K, committed 60624K, reserved 1101824K
[2021-07-20T12:41:05.889+0000][121.351s][2267133][2267139][debug] GC(62)   class space    used 7111K, capacity 7759K, committed 7936K, reserved 1048576K
[2021-07-20T12:41:05.889+0000][121.352s][2267133][2267139][info ] Leaving safepoint region
[2021-07-20T12:41:05.889+0000][121.352s][2267133][2267139][info ] Total time for which application threads were stopped: 0.0284810 seconds, Stopping threads took: 0.0008252 seconds
[2021-07-20T12:41:06.890+0000][122.352s][2267133][2267139][info ] Application time: 1.0007320 seconds
[2021-07-20T12:41:06.890+0000][122.352s][2267133][2267139][info ] Entering safepoint region: Cleanup
[2021-07-20T12:41:06.890+0000][122.353s][2267133][2267139][info ] Leaving safepoint region
[2021-07-20T12:41:06.890+0000][122.353s][2267133][2267139][info ] Total time for which application threads were stopped: 0.0004885 seconds, Stopping threads took: 0.0001285 seconds
[2021-07-20T12:41:07.890+0000][123.353s][2267133][2267139][info ] Application time: 1.0001116 seconds
[2021-07-20T12:41:07.891+0000][123.353s][2267133][2267139][info ] Entering safepoint region: Cleanup
[2021-07-20T12:41:07.891+0000][123.353s][2267133][2267139][info ] Leaving safepoint region
[2021-07-20T12:41:07.891+0000][123.353s][2267133][2267139][info ] Total time for which application threads were stopped: 0.0003558 seconds, Stopping threads took: 0.0000533 seconds
[2021-07-20T12:41:08.891+0000][124.353s][2267133][2267139][info ] Application time: 1.0000959 seconds
[2021-07-20T12:41:08.891+0000][124.354s][2267133][2267139][info ] Entering safepoint region: Cleanup
[2021-07-20T12:41:08.891+0000][124.354s][2267133][2267139][info ] Leaving safepoint region
[2021-07-20T12:41:08.891+0000][124.354s][2267133][2267139][info ] Total time for which application threads were stopped: 0.0002178 seconds, Stopping threads took: 0.0000456 seconds
[2021-07-20T12:41:09.891+0000][125.354s][2267133][2267139][info ] Application time: 1.0000974 seconds
[2021-07-20T12:41:09.891+0000][125.354s][2267133][2267139][info ] Entering safepoint region: Cleanup
[2021-07-20T12:41:09.892+0000][125.354s][2267133][2267139][info ] Leaving safepoint region
[2021-07-20T12:41:09.892+0000][125.354s][2267133][2267139][info ] Total time for which application threads were stopped: 0.0003273 seconds, Stopping threads took: 0.0000476 seconds
[2021-07-20T12:41:10.892+0000][126.354s][2267133][2267139][info ] Application time: 1.0000918 seconds
[2021-07-20T12:41:10.892+0000][126.354s][2267133][2267139][info ] Entering safepoint region: Cleanup
[2021-07-20T12:41:10.892+0000][126.355s][2267133][2267139][info ] Leaving safepoint region
[2021-07-20T12:41:10.892+0000][126.355s][2267133][2267139][info ] Total time for which application threads were stopped: 0.0004105 seconds, Stopping threads took: 0.0000932 seconds
[2021-07-20T12:41:11.892+0000][127.355s][2267133][2267139][info ] Application time: 1.0001115 seconds
[2021-07-20T12:41:11.892+0000][127.355s][2267133][2267139][info ] Entering safepoint region: Cleanup
[2021-07-20T12:41:11.893+0000][127.355s][2267133][2267139][info ] Leaving safepoint region
[2021-07-20T12:41:11.893+0000][127.355s][2267133][2267139][info ] Total time for which application threads were stopped: 0.0003720 seconds, Stopping threads took: 0.0000693 seconds
[2021-07-20T12:41:12.893+0000][128.355s][2267133][2267139][info ] Application time: 1.0000914 seconds
[2021-07-20T12:41:12.893+0000][128.356s][2267133][2267139][info ] Entering safepoint region: Cleanup
[2021-07-20T12:41:12.893+0000][128.356s][2267133][2267139][info ] Leaving safepoint region
[2021-07-20T12:41:12.893+0000][128.356s][2267133][2267139][info ] Total time for which application threads were stopped: 0.0005000 seconds, Stopping threads took: 0.0001030 seconds
[2021-07-20T12:41:13.894+0000][129.356s][2267133][2267139][info ] Application time: 1.0001037 seconds
[2021-07-20T12:41:13.894+0000][129.356s][2267133][2267139][info ] Entering safepoint region: Cleanup
[2021-07-20T12:41:13.894+0000][129.356s][2267133][2267139][info ] Leaving safepoint region
[2021-07-20T12:41:13.894+0000][129.356s][2267133][2267139][info ] Total time for which application threads were stopped: 0.0003992 seconds, Stopping threads took: 0.0000647 seconds
[2021-07-20T12:41:14.894+0000][130.357s][2267133][2267139][info ] Application time: 1.0000944 seconds
[2021-07-20T12:41:14.894+0000][130.357s][2267133][2267139][info ] Entering safepoint region: Cleanup
[2021-07-20T12:41:14.894+0000][130.357s][2267133][2267139][info ] Leaving safepoint region
[2021-07-20T12:41:14.894+0000][130.357s][2267133][2267139][info ] Total time for which application threads were stopped: 0.0003473 seconds, Stopping threads took: 0.0000733 seconds
[2021-07-20T12:41:15.895+0000][131.357s][2267133][2267139][info ] Application time: 1.0000943 seconds
[2021-07-20T12:41:15.895+0000][131.357s][2267133][2267139][info ] Entering safepoint region: Cleanup
[2021-07-20T12:41:15.896+0000][131.358s][2267133][2267139][info ] Leaving safepoint region
[2021-07-20T12:41:15.896+0000][131.358s][2267133][2267139][info ] Total time for which application threads were stopped: 0.0009227 seconds, Stopping threads took: 0.0005035 seconds
[2021-07-20T12:41:16.896+0000][132.358s][2267133][2267139][info ] Application time: 1.0000953 seconds
[2021-07-20T12:41:16.896+0000][132.358s][2267133][2267139][info ] Entering safepoint region: Cleanup
[2021-07-20T12:41:16.896+0000][132.358s][2267133][2267139][info ] Leaving safepoint region
[2021-07-20T12:41:16.896+0000][132.358s][2267133][2267139][info ] Total time for which application threads were stopped: 0.0001691 seconds, Stopping threads took: 0.0000302 seconds
[2021-07-20T12:41:17.896+0000][133.358s][2267133][2267139][info ] Application time: 1.0000609 seconds
[2021-07-20T12:41:17.896+0000][133.359s][2267133][2267139][info ] Entering safepoint region: Cleanup
[2021-07-20T12:41:17.896+0000][133.359s][2267133][2267139][info ] Leaving safepoint region
[2021-07-20T12:41:17.896+0000][133.359s][2267133][2267139][info ] Total time for which application threads were stopped: 0.0004285 seconds, Stopping threads took: 0.0000830 seconds
[2021-07-20T12:41:18.896+0000][134.359s][2267133][2267139][info ] Application time: 1.0000670 seconds
[2021-07-20T12:41:18.897+0000][134.359s][2267133][2267139][info ] Entering safepoint region: Cleanup
[2021-07-20T12:41:18.897+0000][134.359s][2267133][2267139][info ] Leaving safepoint region
[2021-07-20T12:41:18.897+0000][134.359s][2267133][2267139][info ] Total time for which application threads were stopped: 0.0004718 seconds, Stopping threads took: 0.0001476 seconds
[2021-07-20T12:41:18.906+0000][134.369s][2267133][2267139][info ] Application time: 0.0093539 seconds
[2021-07-20T12:41:18.907+0000][134.370s][2267133][2267139][info ] Entering safepoint region: ParallelGCFailedAllocation
[2021-07-20T12:41:18.908+0000][134.370s][2267133][2267139][debug] GC(63) Heap before GC invocations=64 (full 3): PSYoungGen      total 2736128K, used 2676896K [0x0000000755580000, 0x0000000800000000, 0x0000000800000000)
[2021-07-20T12:41:18.908+0000][134.370s][2267133][2267139][debug] GC(63)   eden space 2671616K, 100% used [0x0000000755580000,0x00000007f8680000,0x00000007f8680000)
[2021-07-20T12:41:18.908+0000][134.370s][2267133][2267139][debug] GC(63)   from space 64512K, 8% used [0x00000007fc100000,0x00000007fc628000,0x0000000800000000)
[2021-07-20T12:41:18.908+0000][134.370s][2267133][2267139][debug] GC(63)   to   space 59904K, 0% used [0x00000007f8680000,0x00000007f8680000,0x00000007fc100000)
[2021-07-20T12:41:18.908+0000][134.370s][2267133][2267139][debug] GC(63)  ParOldGen       total 5592576K, used 3670441K [0x0000000600000000, 0x0000000755580000, 0x0000000755580000)
[2021-07-20T12:41:18.908+0000][134.370s][2267133][2267139][debug] GC(63)   object space 5592576K, 65% used [0x0000000600000000,0x00000006e006a5b0,0x0000000755580000)
[2021-07-20T12:41:18.908+0000][134.370s][2267133][2267139][debug] GC(63)  Metaspace       used 58582K, capacity 60164K, committed 60624K, reserved 1101824K
[2021-07-20T12:41:18.908+0000][134.370s][2267133][2267139][debug] GC(63)   class space    used 7112K, capacity 7760K, committed 7936K, reserved 1048576K
[2021-07-20T12:41:18.937+0000][134.399s][2267133][2267139][debug] GC(63) Desired survivor size 56623104 bytes, new threshold 1 (max threshold 15)
[2021-07-20T12:41:18.937+0000][134.400s][2267133][2267139][info ] GC(63) PSYoungGen: 2676896K->7232K(2731520K)
[2021-07-20T12:41:18.937+0000][134.400s][2267133][2267139][info ] GC(63) ParOldGen: 3670441K->3674217K(5592576K)
[2021-07-20T12:41:18.937+0000][134.400s][2267133][2267139][info ] GC(63) Pause Young (Allocation Failure) 6198M->3595M(8129M) 29.278ms
[2021-07-20T12:41:18.937+0000][134.400s][2267133][2267139][debug] GC(63) Heap after GC invocations=64 (full 3): PSYoungGen      total 2731520K, used 7232K [0x0000000755580000, 0x0000000800000000, 0x0000000800000000)
[2021-07-20T12:41:18.937+0000][134.400s][2267133][2267139][debug] GC(63)   eden space 2671616K, 0% used [0x0000000755580000,0x0000000755580000,0x00000007f8680000)
[2021-07-20T12:41:18.937+0000][134.400s][2267133][2267139][debug] GC(63)   from space 59904K, 12% used [0x00000007f8680000,0x00000007f8d90000,0x00000007fc100000)
[2021-07-20T12:41:18.937+0000][134.400s][2267133][2267139][debug] GC(63)   to   space 55296K, 0% used [0x00000007fca00000,0x00000007fca00000,0x0000000800000000)
[2021-07-20T12:41:18.937+0000][134.400s][2267133][2267139][debug] GC(63)  ParOldGen       total 5592576K, used 3674217K [0x0000000600000000, 0x0000000755580000, 0x0000000755580000)
[2021-07-20T12:41:18.937+0000][134.400s][2267133][2267139][debug] GC(63)   object space 5592576K, 65% used [0x0000000600000000,0x00000006e041a5b0,0x0000000755580000)
[2021-07-20T12:41:18.937+0000][134.400s][2267133][2267139][debug] GC(63)  Metaspace       used 58582K, capacity 60164K, committed 60624K, reserved 1101824K
[2021-07-20T12:41:18.937+0000][134.400s][2267133][2267139][debug] GC(63)   class space    used 7112K, capacity 7760K, committed 7936K, reserved 1048576K
[2021-07-20T12:41:18.937+0000][134.400s][2267133][2267139][info ] Leaving safepoint region
[2021-07-20T12:41:18.937+0000][134.400s][2267133][2267139][info ] Total time for which application threads were stopped: 0.0308972 seconds, Stopping threads took: 0.0009500 seconds
[2021-07-20T12:41:19.937+0000][135.400s][2267133][2267139][info ] Application time: 1.0000744 seconds
[2021-07-20T12:41:19.938+0000][135.400s][2267133][2267139][info ] Entering safepoint region: Cleanup
[2021-07-20T12:41:19.938+0000][135.400s][2267133][2267139][info ] Leaving safepoint region
[2021-07-20T12:41:19.938+0000][135.400s][2267133][2267139][info ] Total time for which application threads were stopped: 0.0005328 seconds, Stopping threads took: 0.0001934 seconds
[2021-07-20T12:41:20.277+0000][135.740s][2267133][2267139][info ] Application time: 0.3394513 seconds
[2021-07-20T12:41:20.278+0000][135.740s][2267133][2267139][info ] Entering safepoint region: ParallelGCFailedAllocation
[2021-07-20T12:41:20.278+0000][135.740s][2267133][2267139][debug] GC(64) Heap before GC invocations=65 (full 3): PSYoungGen      total 2731520K, used 2678848K [0x0000000755580000, 0x0000000800000000, 0x0000000800000000)
[2021-07-20T12:41:20.278+0000][135.740s][2267133][2267139][debug] GC(64)   eden space 2671616K, 100% used [0x0000000755580000,0x00000007f8680000,0x00000007f8680000)
[2021-07-20T12:41:20.278+0000][135.740s][2267133][2267139][debug] GC(64)   from space 59904K, 12% used [0x00000007f8680000,0x00000007f8d90000,0x00000007fc100000)
[2021-07-20T12:41:20.278+0000][135.741s][2267133][2267139][debug] GC(64)   to   space 55296K, 0% used [0x00000007fca00000,0x00000007fca00000,0x0000000800000000)
[2021-07-20T12:41:20.278+0000][135.741s][2267133][2267139][debug] GC(64)  ParOldGen       total 5592576K, used 3674217K [0x0000000600000000, 0x0000000755580000, 0x0000000755580000)
[2021-07-20T12:41:20.278+0000][135.741s][2267133][2267139][debug] GC(64)   object space 5592576K, 65% used [0x0000000600000000,0x00000006e041a5b0,0x0000000755580000)
[2021-07-20T12:41:20.278+0000][135.741s][2267133][2267139][debug] GC(64)  Metaspace       used 58584K, capacity 60164K, committed 60624K, reserved 1101824K
[2021-07-20T12:41:20.278+0000][135.741s][2267133][2267139][debug] GC(64)   class space    used 7112K, capacity 7760K, committed 7936K, reserved 1048576K
[2021-07-20T12:41:20.309+0000][135.771s][2267133][2267139][debug] GC(64) Desired survivor size 52428800 bytes, new threshold 1 (max threshold 15)
[2021-07-20T12:41:20.309+0000][135.772s][2267133][2267139][info ] GC(64) PSYoungGen: 2678848K->6112K(2744832K)
[2021-07-20T12:41:20.309+0000][135.772s][2267133][2267139][info ] GC(64) ParOldGen: 3674217K->3680273K(5592576K)
[2021-07-20T12:41:20.309+0000][135.772s][2267133][2267139][info ] GC(64) Pause Young (Allocation Failure) 6204M->3599M(8142M) 31.184ms
[2021-07-20T12:41:20.309+0000][135.772s][2267133][2267139][debug] GC(64) Heap after GC invocations=65 (full 3): PSYoungGen      total 2744832K, used 6112K [0x0000000755580000, 0x0000000800000000, 0x0000000800000000)
[2021-07-20T12:41:20.309+0000][135.772s][2267133][2267139][debug] GC(64)   eden space 2689536K, 0% used [0x0000000755580000,0x0000000755580000,0x00000007f9800000)
[2021-07-20T12:41:20.309+0000][135.772s][2267133][2267139][debug] GC(64)   from space 55296K, 11% used [0x00000007fca00000,0x00000007fcff8000,0x0000000800000000)
[2021-07-20T12:41:20.309+0000][135.772s][2267133][2267139][debug] GC(64)   to   space 51200K, 0% used [0x00000007f9800000,0x00000007f9800000,0x00000007fca00000)
[2021-07-20T12:41:20.309+0000][135.772s][2267133][2267139][debug] GC(64)  ParOldGen       total 5592576K, used 3680273K [0x0000000600000000, 0x0000000755580000, 0x0000000755580000)
[2021-07-20T12:41:20.309+0000][135.772s][2267133][2267139][debug] GC(64)   object space 5592576K, 65% used [0x0000000600000000,0x00000006e0a04640,0x0000000755580000)
[2021-07-20T12:41:20.309+0000][135.772s][2267133][2267139][debug] GC(64)  Metaspace       used 58584K, capacity 60164K, committed 60624K, reserved 1101824K
[2021-07-20T12:41:20.309+0000][135.772s][2267133][2267139][debug] GC(64)   class space    used 7112K, capacity 7760K, committed 7936K, reserved 1048576K
[2021-07-20T12:41:20.309+0000][135.772s][2267133][2267139][info ] Leaving safepoint region
[2021-07-20T12:41:20.309+0000][135.772s][2267133][2267139][info ] Total time for which application threads were stopped: 0.0319280 seconds, Stopping threads took: 0.0001703 seconds
[2021-07-20T12:41:21.310+0000][136.772s][2267133][2267139][info ] Application time: 1.0004281 seconds
[2021-07-20T12:41:21.314+0000][136.777s][2267133][2267139][info ] Entering safepoint region: Cleanup
[2021-07-20T12:41:21.315+0000][136.777s][2267133][2267139][info ] Leaving safepoint region
[2021-07-20T12:41:21.315+0000][136.777s][2267133][2267139][info ] Total time for which application threads were stopped: 0.0047765 seconds, Stopping threads took: 0.0043850 seconds
[2021-07-20T12:41:21.359+0000][136.821s][2267133][2267139][info ] Application time: 0.0442214 seconds
[2021-07-20T12:41:21.359+0000][136.822s][2267133][2267139][info ] Entering safepoint region: ParallelGCFailedAllocation
[2021-07-20T12:41:21.360+0000][136.822s][2267133][2267139][debug] GC(65) Heap before GC invocations=66 (full 3): PSYoungGen      total 2744832K, used 2695648K [0x0000000755580000, 0x0000000800000000, 0x0000000800000000)
[2021-07-20T12:41:21.360+0000][136.822s][2267133][2267139][debug] GC(65)   eden space 2689536K, 100% used [0x0000000755580000,0x00000007f9800000,0x00000007f9800000)
[2021-07-20T12:41:21.360+0000][136.822s][2267133][2267139][debug] GC(65)   from space 55296K, 11% used [0x00000007fca00000,0x00000007fcff8000,0x0000000800000000)
[2021-07-20T12:41:21.360+0000][136.822s][2267133][2267139][debug] GC(65)   to   space 51200K, 0% used [0x00000007f9800000,0x00000007f9800000,0x00000007fca00000)
[2021-07-20T12:41:21.360+0000][136.822s][2267133][2267139][debug] GC(65)  ParOldGen       total 5592576K, used 3680273K [0x0000000600000000, 0x0000000755580000, 0x0000000755580000)
[2021-07-20T12:41:21.360+0000][136.822s][2267133][2267139][debug] GC(65)   object space 5592576K, 65% used [0x0000000600000000,0x00000006e0a04640,0x0000000755580000)
[2021-07-20T12:41:21.360+0000][136.822s][2267133][2267139][debug] GC(65)  Metaspace       used 58585K, capacity 60164K, committed 60624K, reserved 1101824K
[2021-07-20T12:41:21.360+0000][136.822s][2267133][2267139][debug] GC(65)   class space    used 7112K, capacity 7760K, committed 7936K, reserved 1048576K
[2021-07-20T12:41:21.387+0000][136.849s][2267133][2267139][debug] GC(65) Desired survivor size 48758784 bytes, new threshold 1 (max threshold 15)
[2021-07-20T12:41:21.387+0000][136.850s][2267133][2267139][info ] GC(65) PSYoungGen: 2695648K->5344K(2740736K)
[2021-07-20T12:41:21.387+0000][136.850s][2267133][2267139][info ] GC(65) ParOldGen: 3680273K->3684105K(5592576K)
[2021-07-20T12:41:21.387+0000][136.850s][2267133][2267139][info ] GC(65) Pause Young (Allocation Failure) 6226M->3602M(8138M) 27.549ms
[2021-07-20T12:41:21.387+0000][136.850s][2267133][2267139][debug] GC(65) Heap after GC invocations=66 (full 3): PSYoungGen      total 2740736K, used 5344K [0x0000000755580000, 0x0000000800000000, 0x0000000800000000)
[2021-07-20T12:41:21.387+0000][136.850s][2267133][2267139][debug] GC(65)   eden space 2689536K, 0% used [0x0000000755580000,0x0000000755580000,0x00000007f9800000)
[2021-07-20T12:41:21.387+0000][136.850s][2267133][2267139][debug] GC(65)   from space 51200K, 10% used [0x00000007f9800000,0x00000007f9d38000,0x00000007fca00000)
[2021-07-20T12:41:21.387+0000][136.850s][2267133][2267139][debug] GC(65)   to   space 47616K, 0% used [0x00000007fd180000,0x00000007fd180000,0x0000000800000000)
[2021-07-20T12:41:21.387+0000][136.850s][2267133][2267139][debug] GC(65)  ParOldGen       total 5592576K, used 3684105K [0x0000000600000000, 0x0000000755580000, 0x0000000755580000)
[2021-07-20T12:41:21.387+0000][136.850s][2267133][2267139][debug] GC(65)   object space 5592576K, 65% used [0x0000000600000000,0x00000006e0dc2640,0x0000000755580000)
[2021-07-20T12:41:21.387+0000][136.850s][2267133][2267139][debug] GC(65)  Metaspace       used 58585K, capacity 60164K, committed 60624K, reserved 1101824K
[2021-07-20T12:41:21.387+0000][136.850s][2267133][2267139][debug] GC(65)   class space    used 7112K, capacity 7760K, committed 7936K, reserved 1048576K
[2021-07-20T12:41:21.387+0000][136.850s][2267133][2267139][info ] Leaving safepoint region
[2021-07-20T12:41:21.387+0000][136.850s][2267133][2267139][info ] Total time for which application threads were stopped: 0.0283698 seconds, Stopping threads took: 0.0001755 seconds
[2021-07-20T12:41:22.388+0000][137.850s][2267133][2267139][info ] Application time: 1.0003121 seconds
[2021-07-20T12:41:22.388+0000][137.851s][2267133][2267139][info ] Entering safepoint region: Cleanup
[2021-07-20T12:41:22.389+0000][137.851s][2267133][2267139][info ] Leaving safepoint region
[2021-07-20T12:41:22.389+0000][137.851s][2267133][2267139][info ] Total time for which application threads were stopped: 0.0010155 seconds, Stopping threads took: 0.0006616 seconds
[2021-07-20T12:41:22.440+0000][137.902s][2267133][2267139][info ] Application time: 0.0508428 seconds
[2021-07-20T12:41:22.440+0000][137.902s][2267133][2267139][info ] Entering safepoint region: ParallelGCFailedAllocation
[2021-07-20T12:41:22.440+0000][137.903s][2267133][2267139][debug] GC(66) Heap before GC invocations=67 (full 3): PSYoungGen      total 2740736K, used 2694880K [0x0000000755580000, 0x0000000800000000, 0x0000000800000000)
[2021-07-20T12:41:22.440+0000][137.903s][2267133][2267139][debug] GC(66)   eden space 2689536K, 100% used [0x0000000755580000,0x00000007f9800000,0x00000007f9800000)
[2021-07-20T12:41:22.440+0000][137.903s][2267133][2267139][debug] GC(66)   from space 51200K, 10% used [0x00000007f9800000,0x00000007f9d38000,0x00000007fca00000)
[2021-07-20T12:41:22.440+0000][137.903s][2267133][2267139][debug] GC(66)   to   space 47616K, 0% used [0x00000007fd180000,0x00000007fd180000,0x0000000800000000)
[2021-07-20T12:41:22.440+0000][137.903s][2267133][2267139][debug] GC(66)  ParOldGen       total 5592576K, used 3684105K [0x0000000600000000, 0x0000000755580000, 0x0000000755580000)
[2021-07-20T12:41:22.440+0000][137.903s][2267133][2267139][debug] GC(66)   object space 5592576K, 65% used [0x0000000600000000,0x00000006e0dc2640,0x0000000755580000)
[2021-07-20T12:41:22.440+0000][137.903s][2267133][2267139][debug] GC(66)  Metaspace       used 58585K, capacity 60164K, committed 60624K, reserved 1101824K
[2021-07-20T12:41:22.440+0000][137.903s][2267133][2267139][debug] GC(66)   class space    used 7112K, capacity 7760K, committed 7936K, reserved 1048576K
[2021-07-20T12:41:22.466+0000][137.928s][2267133][2267139][debug] GC(66) Desired survivor size 46137344 bytes, new threshold 1 (max threshold 15)
[2021-07-20T12:41:22.466+0000][137.928s][2267133][2267139][info ] GC(66) PSYoungGen: 2694880K->3680K(2750976K)
[2021-07-20T12:41:22.466+0000][137.928s][2267133][2267139][info ] GC(66) ParOldGen: 3684105K->3687353K(5592576K)
[2021-07-20T12:41:22.466+0000][137.928s][2267133][2267139][info ] GC(66) Pause Young (Allocation Failure) 6229M->3604M(8148M) 25.514ms
[2021-07-20T12:41:22.466+0000][137.928s][2267133][2267139][debug] GC(66) Heap after GC invocations=67 (full 3): PSYoungGen      total 2750976K, used 3680K [0x0000000755580000, 0x0000000800000000, 0x0000000800000000)
[2021-07-20T12:41:22.466+0000][137.928s][2267133][2267139][debug] GC(66)   eden space 2703360K, 0% used [0x0000000755580000,0x0000000755580000,0x00000007fa580000)
[2021-07-20T12:41:22.466+0000][137.928s][2267133][2267139][debug] GC(66)   from space 47616K, 7% used [0x00000007fd180000,0x00000007fd518000,0x0000000800000000)
[2021-07-20T12:41:22.466+0000][137.928s][2267133][2267139][debug] GC(66)   to   space 45056K, 0% used [0x00000007fa580000,0x00000007fa580000,0x00000007fd180000)
[2021-07-20T12:41:22.466+0000][137.928s][2267133][2267139][debug] GC(66)  ParOldGen       total 5592576K, used 3687353K [0x0000000600000000, 0x0000000755580000, 0x0000000755580000)
[2021-07-20T12:41:22.466+0000][137.928s][2267133][2267139][debug] GC(66)   object space 5592576K, 65% used [0x0000000600000000,0x00000006e10ee640,0x0000000755580000)
[2021-07-20T12:41:22.466+0000][137.928s][2267133][2267139][debug] GC(66)  Metaspace       used 58585K, capacity 60164K, committed 60624K, reserved 1101824K
[2021-07-20T12:41:22.466+0000][137.928s][2267133][2267139][debug] GC(66)   class space    used 7112K, capacity 7760K, committed 7936K, reserved 1048576K
[2021-07-20T12:41:22.466+0000][137.928s][2267133][2267139][info ] Leaving safepoint region
[2021-07-20T12:41:22.466+0000][137.928s][2267133][2267139][info ] Total time for which application threads were stopped: 0.0263707 seconds, Stopping threads took: 0.0002223 seconds
[2021-07-20T12:41:23.468+0000][138.930s][2267133][2267139][info ] Application time: 1.0017808 seconds
[2021-07-20T12:41:23.468+0000][138.931s][2267133][2267139][info ] Entering safepoint region: Cleanup
[2021-07-20T12:41:23.469+0000][138.931s][2267133][2267139][info ] Leaving safepoint region
[2021-07-20T12:41:23.469+0000][138.931s][2267133][2267139][info ] Total time for which application threads were stopped: 0.0008612 seconds, Stopping threads took: 0.0005287 seconds
[2021-07-20T12:41:23.581+0000][139.044s][2267133][2267139][info ] Application time: 0.1123907 seconds
[2021-07-20T12:41:23.581+0000][139.044s][2267133][2267139][info ] Entering safepoint region: ParallelGCFailedAllocation
[2021-07-20T12:41:23.582+0000][139.044s][2267133][2267139][debug] GC(67) Heap before GC invocations=68 (full 3): PSYoungGen      total 2750976K, used 2707040K [0x0000000755580000, 0x0000000800000000, 0x0000000800000000)
[2021-07-20T12:41:23.582+0000][139.044s][2267133][2267139][debug] GC(67)   eden space 2703360K, 100% used [0x0000000755580000,0x00000007fa580000,0x00000007fa580000)
[2021-07-20T12:41:23.582+0000][139.044s][2267133][2267139][debug] GC(67)   from space 47616K, 7% used [0x00000007fd180000,0x00000007fd518000,0x0000000800000000)
[2021-07-20T12:41:23.582+0000][139.044s][2267133][2267139][debug] GC(67)   to   space 45056K, 0% used [0x00000007fa580000,0x00000007fa580000,0x00000007fd180000)
[2021-07-20T12:41:23.582+0000][139.044s][2267133][2267139][debug] GC(67)  ParOldGen       total 5592576K, used 3687353K [0x0000000600000000, 0x0000000755580000, 0x0000000755580000)
[2021-07-20T12:41:23.582+0000][139.044s][2267133][2267139][debug] GC(67)   object space 5592576K, 65% used [0x0000000600000000,0x00000006e10ee640,0x0000000755580000)
[2021-07-20T12:41:23.582+0000][139.044s][2267133][2267139][debug] GC(67)  Metaspace       used 58586K, capacity 60164K, committed 60624K, reserved 1101824K
[2021-07-20T12:41:23.582+0000][139.044s][2267133][2267139][debug] GC(67)   class space    used 7112K, capacity 7760K, committed 7936K, reserved 1048576K
[2021-07-20T12:41:23.603+0000][139.066s][2267133][2267139][debug] GC(67) Desired survivor size 42991616 bytes, new threshold 1 (max threshold 15)
[2021-07-20T12:41:23.603+0000][139.066s][2267133][2267139][info ] GC(67) PSYoungGen: 2707040K->2560K(2748416K)
[2021-07-20T12:41:23.604+0000][139.066s][2267133][2267139][info ] GC(67) ParOldGen: 3687353K->3689193K(5592576K)
[2021-07-20T12:41:23.604+0000][139.066s][2267133][2267139][info ] GC(67) Pause Young (Allocation Failure) 6244M->3605M(8145M) 21.757ms
[2021-07-20T12:41:23.604+0000][139.066s][2267133][2267139][debug] GC(67) Heap after GC invocations=68 (full 3): PSYoungGen      total 2748416K, used 2560K [0x0000000755580000, 0x0000000800000000, 0x0000000800000000)
[2021-07-20T12:41:23.604+0000][139.066s][2267133][2267139][debug] GC(67)   eden space 2703360K, 0% used [0x0000000755580000,0x0000000755580000,0x00000007fa580000)
[2021-07-20T12:41:23.604+0000][139.066s][2267133][2267139][debug] GC(67)   from space 45056K, 5% used [0x00000007fa580000,0x00000007fa800000,0x00000007fd180000)
[2021-07-20T12:41:23.604+0000][139.066s][2267133][2267139][debug] GC(67)   to   space 41984K, 0% used [0x00000007fd700000,0x00000007fd700000,0x0000000800000000)
[2021-07-20T12:41:23.604+0000][139.066s][2267133][2267139][debug] GC(67)  ParOldGen       total 5592576K, used 3689193K [0x0000000600000000, 0x0000000755580000, 0x0000000755580000)
[2021-07-20T12:41:23.604+0000][139.066s][2267133][2267139][debug] GC(67)   object space 5592576K, 65% used [0x0000000600000000,0x00000006e12ba640,0x0000000755580000)
[2021-07-20T12:41:23.604+0000][139.066s][2267133][2267139][debug] GC(67)  Metaspace       used 58586K, capacity 60164K, committed 60624K, reserved 1101824K
[2021-07-20T12:41:23.604+0000][139.066s][2267133][2267139][debug] GC(67)   class space    used 7112K, capacity 7760K, committed 7936K, reserved 1048576K
[2021-07-20T12:41:23.604+0000][139.066s][2267133][2267139][info ] Leaving safepoint region
[2021-07-20T12:41:23.604+0000][139.066s][2267133][2267139][info ] Total time for which application threads were stopped: 0.0225594 seconds, Stopping threads took: 0.0002080 seconds
[2021-07-20T12:41:24.606+0000][140.068s][2267133][2267139][info ] Application time: 1.0022427 seconds
[2021-07-20T12:41:24.606+0000][140.069s][2267133][2267139][info ] Entering safepoint region: Cleanup
[2021-07-20T12:41:24.607+0000][140.069s][2267133][2267139][info ] Leaving safepoint region
[2021-07-20T12:41:24.607+0000][140.069s][2267133][2267139][info ] Total time for which application threads were stopped: 0.0007114 seconds, Stopping threads took: 0.0003777 seconds
[2021-07-20T12:41:24.664+0000][140.127s][2267133][2267139][info ] Application time: 0.0574282 seconds
[2021-07-20T12:41:24.664+0000][140.127s][2267133][2267139][info ] Entering safepoint region: ParallelGCFailedAllocation
[2021-07-20T12:41:24.665+0000][140.127s][2267133][2267139][debug] GC(68) Heap before GC invocations=69 (full 3): PSYoungGen      total 2748416K, used 2705920K [0x0000000755580000, 0x0000000800000000, 0x0000000800000000)
[2021-07-20T12:41:24.665+0000][140.127s][2267133][2267139][debug] GC(68)   eden space 2703360K, 100% used [0x0000000755580000,0x00000007fa580000,0x00000007fa580000)
[2021-07-20T12:41:24.665+0000][140.127s][2267133][2267139][debug] GC(68)   from space 45056K, 5% used [0x00000007fa580000,0x00000007fa800000,0x00000007fd180000)
[2021-07-20T12:41:24.665+0000][140.127s][2267133][2267139][debug] GC(68)   to   space 41984K, 0% used [0x00000007fd700000,0x00000007fd700000,0x0000000800000000)
[2021-07-20T12:41:24.665+0000][140.127s][2267133][2267139][debug] GC(68)  ParOldGen       total 5592576K, used 3689193K [0x0000000600000000, 0x0000000755580000, 0x0000000755580000)
[2021-07-20T12:41:24.665+0000][140.127s][2267133][2267139][debug] GC(68)   object space 5592576K, 65% used [0x0000000600000000,0x00000006e12ba640,0x0000000755580000)
[2021-07-20T12:41:24.665+0000][140.127s][2267133][2267139][debug] GC(68)  Metaspace       used 58587K, capacity 60164K, committed 60624K, reserved 1101824K
[2021-07-20T12:41:24.665+0000][140.127s][2267133][2267139][debug] GC(68)   class space    used 7112K, capacity 7760K, committed 7936K, reserved 1048576K
[2021-07-20T12:41:24.688+0000][140.150s][2267133][2267139][debug] GC(68) Desired survivor size 40370176 bytes, new threshold 1 (max threshold 15)
[2021-07-20T12:41:24.688+0000][140.151s][2267133][2267139][info ] GC(68) PSYoungGen: 2705920K->4064K(2756608K)
[2021-07-20T12:41:24.688+0000][140.151s][2267133][2267139][info ] GC(68) ParOldGen: 3689193K->3689825K(5592576K)
[2021-07-20T12:41:24.688+0000][140.151s][2267133][2267139][info ] GC(68) Pause Young (Allocation Failure) 6245M->3607M(8153M) 23.378ms
[2021-07-20T12:41:24.688+0000][140.151s][2267133][2267139][debug] GC(68) Heap after GC invocations=69 (full 3): PSYoungGen      total 2756608K, used 4064K [0x0000000755580000, 0x0000000800000000, 0x0000000800000000)
[2021-07-20T12:41:24.688+0000][140.151s][2267133][2267139][debug] GC(68)   eden space 2714624K, 0% used [0x0000000755580000,0x0000000755580000,0x00000007fb080000)
[2021-07-20T12:41:24.688+0000][140.151s][2267133][2267139][debug] GC(68)   from space 41984K, 9% used [0x00000007fd700000,0x00000007fdaf8000,0x0000000800000000)
[2021-07-20T12:41:24.688+0000][140.151s][2267133][2267139][debug] GC(68)   to   space 39424K, 0% used [0x00000007fb080000,0x00000007fb080000,0x00000007fd700000)
[2021-07-20T12:41:24.688+0000][140.151s][2267133][2267139][debug] GC(68)  ParOldGen       total 5592576K, used 3689825K [0x0000000600000000, 0x0000000755580000, 0x0000000755580000)
[2021-07-20T12:41:24.688+0000][140.151s][2267133][2267139][debug] GC(68)   object space 5592576K, 65% used [0x0000000600000000,0x00000006e1358640,0x0000000755580000)
[2021-07-20T12:41:24.688+0000][140.151s][2267133][2267139][debug] GC(68)  Metaspace       used 58587K, capacity 60164K, committed 60624K, reserved 1101824K
[2021-07-20T12:41:24.688+0000][140.151s][2267133][2267139][debug] GC(68)   class space    used 7112K, capacity 7760K, committed 7936K, reserved 1048576K
[2021-07-20T12:41:24.688+0000][140.151s][2267133][2267139][info ] Leaving safepoint region
[2021-07-20T12:41:24.688+0000][140.151s][2267133][2267139][info ] Total time for which application threads were stopped: 0.0241681 seconds, Stopping threads took: 0.0001695 seconds
[2021-07-20T12:41:25.689+0000][141.151s][2267133][2267139][info ] Application time: 1.0002532 seconds
[2021-07-20T12:41:25.689+0000][141.152s][2267133][2267139][info ] Entering safepoint region: Cleanup
[2021-07-20T12:41:25.690+0000][141.152s][2267133][2267139][info ] Leaving safepoint region
[2021-07-20T12:41:25.690+0000][141.152s][2267133][2267139][info ] Total time for which application threads were stopped: 0.0010220 seconds, Stopping threads took: 0.0006735 seconds
[2021-07-20T12:41:25.754+0000][141.217s][2267133][2267139][info ] Application time: 0.0643418 seconds
[2021-07-20T12:41:25.754+0000][141.217s][2267133][2267139][info ] Entering safepoint region: ParallelGCFailedAllocation
[2021-07-20T12:41:25.755+0000][141.217s][2267133][2267139][debug] GC(69) Heap before GC invocations=70 (full 3): PSYoungGen      total 2756608K, used 2718688K [0x0000000755580000, 0x0000000800000000, 0x0000000800000000)
[2021-07-20T12:41:25.755+0000][141.217s][2267133][2267139][debug] GC(69)   eden space 2714624K, 100% used [0x0000000755580000,0x00000007fb080000,0x00000007fb080000)
[2021-07-20T12:41:25.755+0000][141.217s][2267133][2267139][debug] GC(69)   from space 41984K, 9% used [0x00000007fd700000,0x00000007fdaf8000,0x0000000800000000)
[2021-07-20T12:41:25.755+0000][141.217s][2267133][2267139][debug] GC(69)   to   space 39424K, 0% used [0x00000007fb080000,0x00000007fb080000,0x00000007fd700000)
[2021-07-20T12:41:25.755+0000][141.217s][2267133][2267139][debug] GC(69)  ParOldGen       total 5592576K, used 3689825K [0x0000000600000000, 0x0000000755580000, 0x0000000755580000)
[2021-07-20T12:41:25.755+0000][141.217s][2267133][2267139][debug] GC(69)   object space 5592576K, 65% used [0x0000000600000000,0x00000006e1358640,0x0000000755580000)
[2021-07-20T12:41:25.755+0000][141.217s][2267133][2267139][debug] GC(69)  Metaspace       used 58587K, capacity 60164K, committed 60624K, reserved 1101824K
[2021-07-20T12:41:25.755+0000][141.217s][2267133][2267139][debug] GC(69)   class space    used 7112K, capacity 7760K, committed 7936K, reserved 1048576K
[2021-07-20T12:41:25.779+0000][141.242s][2267133][2267139][debug] GC(69) Desired survivor size 37748736 bytes, new threshold 1 (max threshold 15)
[2021-07-20T12:41:25.779+0000][141.242s][2267133][2267139][info ] GC(69) PSYoungGen: 2718688K->4032K(2754048K)
[2021-07-20T12:41:25.779+0000][141.242s][2267133][2267139][info ] GC(69) ParOldGen: 3689825K->3691961K(5592576K)
[2021-07-20T12:41:25.779+0000][141.242s][2267133][2267139][info ] GC(69) Pause Young (Allocation Failure) 6258M->3609M(8151M) 24.453ms
[2021-07-20T12:41:25.779+0000][141.242s][2267133][2267139][debug] GC(69) Heap after GC invocations=70 (full 3): PSYoungGen      total 2754048K, used 4032K [0x0000000755580000, 0x0000000800000000, 0x0000000800000000)
[2021-07-20T12:41:25.779+0000][141.242s][2267133][2267139][debug] GC(69)   eden space 2714624K, 0% used [0x0000000755580000,0x0000000755580000,0x00000007fb080000)
[2021-07-20T12:41:25.779+0000][141.242s][2267133][2267139][debug] GC(69)   from space 39424K, 10% used [0x00000007fb080000,0x00000007fb470000,0x00000007fd700000)
[2021-07-20T12:41:25.779+0000][141.242s][2267133][2267139][debug] GC(69)   to   space 36864K, 0% used [0x00000007fdc00000,0x00000007fdc00000,0x0000000800000000)
[2021-07-20T12:41:25.779+0000][141.242s][2267133][2267139][debug] GC(69)  ParOldGen       total 5592576K, used 3691961K [0x0000000600000000, 0x0000000755580000, 0x0000000755580000)
[2021-07-20T12:41:25.779+0000][141.242s][2267133][2267139][debug] GC(69)   object space 5592576K, 66% used [0x0000000600000000,0x00000006e156e640,0x0000000755580000)
[2021-07-20T12:41:25.779+0000][141.242s][2267133][2267139][debug] GC(69)  Metaspace       used 58587K, capacity 60164K, committed 60624K, reserved 1101824K
[2021-07-20T12:41:25.779+0000][141.242s][2267133][2267139][debug] GC(69)   class space    used 7112K, capacity 7760K, committed 7936K, reserved 1048576K
[2021-07-20T12:41:25.779+0000][141.242s][2267133][2267139][info ] Leaving safepoint region
[2021-07-20T12:41:25.779+0000][141.242s][2267133][2267139][info ] Total time for which application threads were stopped: 0.0251863 seconds, Stopping threads took: 0.0001712 seconds
[2021-07-20T12:41:26.780+0000][142.242s][2267133][2267139][info ] Application time: 1.0005401 seconds
[2021-07-20T12:41:26.780+0000][142.243s][2267133][2267139][info ] Entering safepoint region: Cleanup
[2021-07-20T12:41:26.781+0000][142.243s][2267133][2267139][info ] Leaving safepoint region
[2021-07-20T12:41:26.781+0000][142.243s][2267133][2267139][info ] Total time for which application threads were stopped: 0.0008284 seconds, Stopping threads took: 0.0004881 seconds
[2021-07-20T12:41:26.844+0000][142.307s][2267133][2267139][info ] Application time: 0.0635432 seconds
[2021-07-20T12:41:26.845+0000][142.307s][2267133][2267139][info ] Entering safepoint region: ParallelGCFailedAllocation
[2021-07-20T12:41:26.845+0000][142.307s][2267133][2267139][debug] GC(70) Heap before GC invocations=71 (full 3): PSYoungGen      total 2754048K, used 2718656K [0x0000000755580000, 0x0000000800000000, 0x0000000800000000)
[2021-07-20T12:41:26.845+0000][142.307s][2267133][2267139][debug] GC(70)   eden space 2714624K, 100% used [0x0000000755580000,0x00000007fb080000,0x00000007fb080000)
[2021-07-20T12:41:26.845+0000][142.307s][2267133][2267139][debug] GC(70)   from space 39424K, 10% used [0x00000007fb080000,0x00000007fb470000,0x00000007fd700000)
[2021-07-20T12:41:26.845+0000][142.307s][2267133][2267139][debug] GC(70)   to   space 36864K, 0% used [0x00000007fdc00000,0x00000007fdc00000,0x0000000800000000)
[2021-07-20T12:41:26.845+0000][142.307s][2267133][2267139][debug] GC(70)  ParOldGen       total 5592576K, used 3691961K [0x0000000600000000, 0x0000000755580000, 0x0000000755580000)
[2021-07-20T12:41:26.845+0000][142.307s][2267133][2267139][debug] GC(70)   object space 5592576K, 66% used [0x0000000600000000,0x00000006e156e640,0x0000000755580000)
[2021-07-20T12:41:26.845+0000][142.307s][2267133][2267139][debug] GC(70)  Metaspace       used 58587K, capacity 60164K, committed 60624K, reserved 1101824K
[2021-07-20T12:41:26.845+0000][142.307s][2267133][2267139][debug] GC(70)   class space    used 7112K, capacity 7760K, committed 7936K, reserved 1048576K
[2021-07-20T12:41:26.870+0000][142.333s][2267133][2267139][debug] GC(70) Desired survivor size 35127296 bytes, new threshold 1 (max threshold 15)
[2021-07-20T12:41:26.870+0000][142.333s][2267133][2267139][info ] GC(70) PSYoungGen: 2718656K->4672K(2761728K)
[2021-07-20T12:41:26.870+0000][142.333s][2267133][2267139][info ] GC(70) ParOldGen: 3691961K->3694121K(5592576K)
[2021-07-20T12:41:26.870+0000][142.333s][2267133][2267139][info ] GC(70) Pause Young (Allocation Failure) 6260M->3612M(8158M) 25.459ms
[2021-07-20T12:41:26.870+0000][142.333s][2267133][2267139][debug] GC(70) Heap after GC invocations=71 (full 3): PSYoungGen      total 2761728K, used 4672K [0x0000000755580000, 0x0000000800000000, 0x0000000800000000)
[2021-07-20T12:41:26.870+0000][142.333s][2267133][2267139][debug] GC(70)   eden space 2724864K, 0% used [0x0000000755580000,0x0000000755580000,0x00000007fba80000)
[2021-07-20T12:41:26.870+0000][142.333s][2267133][2267139][debug] GC(70)   from space 36864K, 12% used [0x00000007fdc00000,0x00000007fe090000,0x0000000800000000)
[2021-07-20T12:41:26.870+0000][142.333s][2267133][2267139][debug] GC(70)   to   space 34304K, 0% used [0x00000007fba80000,0x00000007fba80000,0x00000007fdc00000)
[2021-07-20T12:41:26.870+0000][142.333s][2267133][2267139][debug] GC(70)  ParOldGen       total 5592576K, used 3694121K [0x0000000600000000, 0x0000000755580000, 0x0000000755580000)
[2021-07-20T12:41:26.870+0000][142.333s][2267133][2267139][debug] GC(70)   object space 5592576K, 66% used [0x0000000600000000,0x00000006e178a640,0x0000000755580000)
[2021-07-20T12:41:26.870+0000][142.333s][2267133][2267139][debug] GC(70)  Metaspace       used 58587K, capacity 60164K, committed 60624K, reserved 1101824K
[2021-07-20T12:41:26.870+0000][142.333s][2267133][2267139][debug] GC(70)   class space    used 7112K, capacity 7760K, committed 7936K, reserved 1048576K
[2021-07-20T12:41:26.871+0000][142.333s][2267133][2267139][info ] Leaving safepoint region
[2021-07-20T12:41:26.871+0000][142.333s][2267133][2267139][info ] Total time for which application threads were stopped: 0.0262047 seconds, Stopping threads took: 0.0001606 seconds
[2021-07-20T12:41:27.871+0000][143.334s][2267133][2267139][info ] Application time: 1.0005591 seconds
[2021-07-20T12:41:27.872+0000][143.335s][2267133][2267139][info ] Entering safepoint region: Cleanup
[2021-07-20T12:41:27.873+0000][143.335s][2267133][2267139][info ] Leaving safepoint region
[2021-07-20T12:41:27.873+0000][143.335s][2267133][2267139][info ] Total time for which application threads were stopped: 0.0015924 seconds, Stopping threads took: 0.0012433 seconds
[2021-07-20T12:41:27.955+0000][143.417s][2267133][2267139][info ] Application time: 0.0820178 seconds
[2021-07-20T12:41:27.955+0000][143.418s][2267133][2267139][info ] Entering safepoint region: ParallelGCFailedAllocation
[2021-07-20T12:41:27.956+0000][143.418s][2267133][2267139][debug] GC(71) Heap before GC invocations=72 (full 3): PSYoungGen      total 2761728K, used 2729536K [0x0000000755580000, 0x0000000800000000, 0x0000000800000000)
[2021-07-20T12:41:27.956+0000][143.418s][2267133][2267139][debug] GC(71)   eden space 2724864K, 100% used [0x0000000755580000,0x00000007fba80000,0x00000007fba80000)
[2021-07-20T12:41:27.956+0000][143.418s][2267133][2267139][debug] GC(71)   from space 36864K, 12% used [0x00000007fdc00000,0x00000007fe090000,0x0000000800000000)
[2021-07-20T12:41:27.956+0000][143.418s][2267133][2267139][debug] GC(71)   to   space 34304K, 0% used [0x00000007fba80000,0x00000007fba80000,0x00000007fdc00000)
[2021-07-20T12:41:27.956+0000][143.418s][2267133][2267139][debug] GC(71)  ParOldGen       total 5592576K, used 3694121K [0x0000000600000000, 0x0000000755580000, 0x0000000755580000)
[2021-07-20T12:41:27.956+0000][143.418s][2267133][2267139][debug] GC(71)   object space 5592576K, 66% used [0x0000000600000000,0x00000006e178a640,0x0000000755580000)
[2021-07-20T12:41:27.956+0000][143.418s][2267133][2267139][debug] GC(71)  Metaspace       used 58587K, capacity 60164K, committed 60624K, reserved 1101824K
[2021-07-20T12:41:27.956+0000][143.418s][2267133][2267139][debug] GC(71)   class space    used 7112K, capacity 7760K, committed 7936K, reserved 1048576K
[2021-07-20T12:41:27.980+0000][143.442s][2267133][2267139][debug] GC(71) Desired survivor size 33030144 bytes, new threshold 1 (max threshold 15)
[2021-07-20T12:41:27.980+0000][143.442s][2267133][2267139][info ] GC(71) PSYoungGen: 2729536K->3392K(2759168K)
[2021-07-20T12:41:27.980+0000][143.442s][2267133][2267139][info ] GC(71) ParOldGen: 3694121K->3696601K(5592576K)
[2021-07-20T12:41:27.980+0000][143.442s][2267133][2267139][info ] GC(71) Pause Young (Allocation Failure) 6273M->3613M(8156M) 23.899ms
[2021-07-20T12:41:27.980+0000][143.442s][2267133][2267139][debug] GC(71) Heap after GC invocations=72 (full 3): PSYoungGen      total 2759168K, used 3392K [0x0000000755580000, 0x0000000800000000, 0x0000000800000000)
[2021-07-20T12:41:27.980+0000][143.442s][2267133][2267139][debug] GC(71)   eden space 2724864K, 0% used [0x0000000755580000,0x0000000755580000,0x00000007fba80000)
[2021-07-20T12:41:27.980+0000][143.442s][2267133][2267139][debug] GC(71)   from space 34304K, 9% used [0x00000007fba80000,0x00000007fbdd0000,0x00000007fdc00000)
[2021-07-20T12:41:27.980+0000][143.442s][2267133][2267139][debug] GC(71)   to   space 32256K, 0% used [0x00000007fe080000,0x00000007fe080000,0x0000000800000000)
[2021-07-20T12:41:27.980+0000][143.442s][2267133][2267139][debug] GC(71)  ParOldGen       total 5592576K, used 3696601K [0x0000000600000000, 0x0000000755580000, 0x0000000755580000)
[2021-07-20T12:41:27.980+0000][143.442s][2267133][2267139][debug] GC(71)   object space 5592576K, 66% used [0x0000000600000000,0x00000006e19f6640,0x0000000755580000)
[2021-07-20T12:41:27.980+0000][143.442s][2267133][2267139][debug] GC(71)  Metaspace       used 58587K, capacity 60164K, committed 60624K, reserved 1101824K
[2021-07-20T12:41:27.980+0000][143.442s][2267133][2267139][debug] GC(71)   class space    used 7112K, capacity 7760K, committed 7936K, reserved 1048576K
[2021-07-20T12:41:27.980+0000][143.442s][2267133][2267139][info ] Leaving safepoint region
[2021-07-20T12:41:27.980+0000][143.442s][2267133][2267139][info ] Total time for which application threads were stopped: 0.0250534 seconds, Stopping threads took: 0.0005285 seconds
[2021-07-20T12:41:28.980+0000][144.442s][2267133][2267139][info ] Application time: 1.0000745 seconds
[2021-07-20T12:41:28.985+0000][144.447s][2267133][2267139][info ] Entering safepoint region: Cleanup
[2021-07-20T12:41:28.985+0000][144.447s][2267133][2267139][info ] Leaving safepoint region
[2021-07-20T12:41:28.985+0000][144.447s][2267133][2267139][info ] Total time for which application threads were stopped: 0.0048803 seconds, Stopping threads took: 0.0044829 seconds
[2021-07-20T12:41:29.050+0000][144.513s][2267133][2267139][info ] Application time: 0.0655593 seconds
[2021-07-20T12:41:29.051+0000][144.514s][2267133][2267139][info ] Entering safepoint region: ParallelGCFailedAllocation
[2021-07-20T12:41:29.052+0000][144.514s][2267133][2267139][debug] GC(72) Heap before GC invocations=73 (full 3): PSYoungGen      total 2759168K, used 2728256K [0x0000000755580000, 0x0000000800000000, 0x0000000800000000)
[2021-07-20T12:41:29.052+0000][144.514s][2267133][2267139][debug] GC(72)   eden space 2724864K, 100% used [0x0000000755580000,0x00000007fba80000,0x00000007fba80000)
[2021-07-20T12:41:29.052+0000][144.514s][2267133][2267139][debug] GC(72)   from space 34304K, 9% used [0x00000007fba80000,0x00000007fbdd0000,0x00000007fdc00000)
[2021-07-20T12:41:29.052+0000][144.514s][2267133][2267139][debug] GC(72)   to   space 32256K, 0% used [0x00000007fe080000,0x00000007fe080000,0x0000000800000000)
[2021-07-20T12:41:29.052+0000][144.514s][2267133][2267139][debug] GC(72)  ParOldGen       total 5592576K, used 3696601K [0x0000000600000000, 0x0000000755580000, 0x0000000755580000)
[2021-07-20T12:41:29.052+0000][144.514s][2267133][2267139][debug] GC(72)   object space 5592576K, 66% used [0x0000000600000000,0x00000006e19f6640,0x0000000755580000)
[2021-07-20T12:41:29.052+0000][144.514s][2267133][2267139][debug] GC(72)  Metaspace       used 58587K, capacity 60164K, committed 60624K, reserved 1101824K
[2021-07-20T12:41:29.052+0000][144.514s][2267133][2267139][debug] GC(72)   class space    used 7112K, capacity 7760K, committed 7936K, reserved 1048576K
[2021-07-20T12:41:29.074+0000][144.537s][2267133][2267139][debug] GC(72) Desired survivor size 30932992 bytes, new threshold 1 (max threshold 15)
[2021-07-20T12:41:29.075+0000][144.537s][2267133][2267139][info ] GC(72) PSYoungGen: 2728256K->2976K(2765824K)
[2021-07-20T12:41:29.075+0000][144.537s][2267133][2267139][info ] GC(72) ParOldGen: 3696601K->3698025K(5592576K)
[2021-07-20T12:41:29.075+0000][144.537s][2267133][2267139][info ] GC(72) Pause Young (Allocation Failure) 6274M->3614M(8162M) 22.868ms
[2021-07-20T12:41:29.075+0000][144.537s][2267133][2267139][debug] GC(72) Heap after GC invocations=73 (full 3): PSYoungGen      total 2765824K, used 2976K [0x0000000755580000, 0x0000000800000000, 0x0000000800000000)
[2021-07-20T12:41:29.075+0000][144.537s][2267133][2267139][debug] GC(72)   eden space 2733568K, 0% used [0x0000000755580000,0x0000000755580000,0x00000007fc300000)
[2021-07-20T12:41:29.075+0000][144.537s][2267133][2267139][debug] GC(72)   from space 32256K, 9% used [0x00000007fe080000,0x00000007fe368000,0x0000000800000000)
[2021-07-20T12:41:29.075+0000][144.537s][2267133][2267139][debug] GC(72)   to   space 30208K, 0% used [0x00000007fc300000,0x00000007fc300000,0x00000007fe080000)
[2021-07-20T12:41:29.075+0000][144.537s][2267133][2267139][debug] GC(72)  ParOldGen       total 5592576K, used 3698025K [0x0000000600000000, 0x0000000755580000, 0x0000000755580000)
[2021-07-20T12:41:29.075+0000][144.537s][2267133][2267139][debug] GC(72)   object space 5592576K, 66% used [0x0000000600000000,0x00000006e1b5a640,0x0000000755580000)
[2021-07-20T12:41:29.075+0000][144.537s][2267133][2267139][debug] GC(72)  Metaspace       used 58587K, capacity 60164K, committed 60624K, reserved 1101824K
[2021-07-20T12:41:29.075+0000][144.537s][2267133][2267139][debug] GC(72)   class space    used 7112K, capacity 7760K, committed 7936K, reserved 1048576K
[2021-07-20T12:41:29.075+0000][144.537s][2267133][2267139][info ] Leaving safepoint region
[2021-07-20T12:41:29.075+0000][144.537s][2267133][2267139][info ] Total time for which application threads were stopped: 0.0243485 seconds, Stopping threads took: 0.0008410 seconds
[2021-07-20T12:41:30.075+0000][145.537s][2267133][2267139][info ] Application time: 1.0000748 seconds
[2021-07-20T12:41:30.075+0000][145.538s][2267133][2267139][info ] Entering safepoint region: Cleanup
[2021-07-20T12:41:30.075+0000][145.538s][2267133][2267139][info ] Leaving safepoint region
[2021-07-20T12:41:30.076+0000][145.538s][2267133][2267139][info ] Total time for which application threads were stopped: 0.0004959 seconds, Stopping threads took: 0.0001578 seconds
[2021-07-20T12:41:30.150+0000][145.613s][2267133][2267139][info ] Application time: 0.0746729 seconds
[2021-07-20T12:41:30.151+0000][145.614s][2267133][2267139][info ] Entering safepoint region: ParallelGCFailedAllocation
[2021-07-20T12:41:30.152+0000][145.614s][2267133][2267139][debug] GC(73) Heap before GC invocations=74 (full 3): PSYoungGen      total 2765824K, used 2736544K [0x0000000755580000, 0x0000000800000000, 0x0000000800000000)
[2021-07-20T12:41:30.152+0000][145.614s][2267133][2267139][debug] GC(73)   eden space 2733568K, 100% used [0x0000000755580000,0x00000007fc300000,0x00000007fc300000)
[2021-07-20T12:41:30.152+0000][145.614s][2267133][2267139][debug] GC(73)   from space 32256K, 9% used [0x00000007fe080000,0x00000007fe368000,0x0000000800000000)
[2021-07-20T12:41:30.152+0000][145.614s][2267133][2267139][debug] GC(73)   to   space 30208K, 0% used [0x00000007fc300000,0x00000007fc300000,0x00000007fe080000)
[2021-07-20T12:41:30.152+0000][145.614s][2267133][2267139][debug] GC(73)  ParOldGen       total 5592576K, used 3698025K [0x0000000600000000, 0x0000000755580000, 0x0000000755580000)
[2021-07-20T12:41:30.152+0000][145.614s][2267133][2267139][debug] GC(73)   object space 5592576K, 66% used [0x0000000600000000,0x00000006e1b5a640,0x0000000755580000)
[2021-07-20T12:41:30.152+0000][145.614s][2267133][2267139][debug] GC(73)  Metaspace       used 58588K, capacity 60164K, committed 60624K, reserved 1101824K
[2021-07-20T12:41:30.152+0000][145.614s][2267133][2267139][debug] GC(73)   class space    used 7112K, capacity 7760K, committed 7936K, reserved 1048576K
[2021-07-20T12:41:30.175+0000][145.637s][2267133][2267139][debug] GC(73) Desired survivor size 28835840 bytes, new threshold 1 (max threshold 15)
[2021-07-20T12:41:30.175+0000][145.637s][2267133][2267139][info ] GC(73) PSYoungGen: 2736544K->3456K(2763776K)
[2021-07-20T12:41:30.175+0000][145.637s][2267133][2267139][info ] GC(73) ParOldGen: 3698025K->3699025K(5592576K)
[2021-07-20T12:41:30.175+0000][145.637s][2267133][2267139][info ] GC(73) Pause Young (Allocation Failure) 6283M->3615M(8160M) 23.169ms
[2021-07-20T12:41:30.175+0000][145.638s][2267133][2267139][debug] GC(73) Heap after GC invocations=74 (full 3): PSYoungGen      total 2763776K, used 3456K [0x0000000755580000, 0x0000000800000000, 0x0000000800000000)
[2021-07-20T12:41:30.175+0000][145.638s][2267133][2267139][debug] GC(73)   eden space 2733568K, 0% used [0x0000000755580000,0x0000000755580000,0x00000007fc300000)
[2021-07-20T12:41:30.175+0000][145.638s][2267133][2267139][debug] GC(73)   from space 30208K, 11% used [0x00000007fc300000,0x00000007fc660000,0x00000007fe080000)
[2021-07-20T12:41:30.175+0000][145.638s][2267133][2267139][debug] GC(73)   to   space 28160K, 0% used [0x00000007fe480000,0x00000007fe480000,0x0000000800000000)
[2021-07-20T12:41:30.175+0000][145.638s][2267133][2267139][debug] GC(73)  ParOldGen       total 5592576K, used 3699025K [0x0000000600000000, 0x0000000755580000, 0x0000000755580000)
[2021-07-20T12:41:30.175+0000][145.638s][2267133][2267139][debug] GC(73)   object space 5592576K, 66% used [0x0000000600000000,0x00000006e1c54640,0x0000000755580000)
[2021-07-20T12:41:30.175+0000][145.638s][2267133][2267139][debug] GC(73)  Metaspace       used 58588K, capacity 60164K, committed 60624K, reserved 1101824K
[2021-07-20T12:41:30.175+0000][145.638s][2267133][2267139][debug] GC(73)   class space    used 7112K, capacity 7760K, committed 7936K, reserved 1048576K
[2021-07-20T12:41:30.175+0000][145.638s][2267133][2267139][info ] Leaving safepoint region
[2021-07-20T12:41:30.175+0000][145.638s][2267133][2267139][info ] Total time for which application threads were stopped: 0.0249120 seconds, Stopping threads took: 0.0011367 seconds
[2021-07-20T12:41:31.175+0000][146.638s][2267133][2267139][info ] Application time: 1.0000794 seconds
[2021-07-20T12:41:31.176+0000][146.639s][2267133][2267139][info ] Entering safepoint region: Cleanup
[2021-07-20T12:41:31.177+0000][146.639s][2267133][2267139][info ] Leaving safepoint region
[2021-07-20T12:41:31.177+0000][146.639s][2267133][2267139][info ] Total time for which application threads were stopped: 0.0014446 seconds, Stopping threads took: 0.0011101 seconds
[2021-07-20T12:41:31.254+0000][146.716s][2267133][2267139][info ] Application time: 0.0770796 seconds
[2021-07-20T12:41:31.254+0000][146.717s][2267133][2267139][info ] Entering safepoint region: ParallelGCFailedAllocation
[2021-07-20T12:41:31.254+0000][146.717s][2267133][2267139][debug] GC(74) Heap before GC invocations=75 (full 3): PSYoungGen      total 2763776K, used 2737024K [0x0000000755580000, 0x0000000800000000, 0x0000000800000000)
[2021-07-20T12:41:31.254+0000][146.717s][2267133][2267139][debug] GC(74)   eden space 2733568K, 100% used [0x0000000755580000,0x00000007fc300000,0x00000007fc300000)
[2021-07-20T12:41:31.254+0000][146.717s][2267133][2267139][debug] GC(74)   from space 30208K, 11% used [0x00000007fc300000,0x00000007fc660000,0x00000007fe080000)
[2021-07-20T12:41:31.254+0000][146.717s][2267133][2267139][debug] GC(74)   to   space 28160K, 0% used [0x00000007fe480000,0x00000007fe480000,0x0000000800000000)
[2021-07-20T12:41:31.254+0000][146.717s][2267133][2267139][debug] GC(74)  ParOldGen       total 5592576K, used 3699025K [0x0000000600000000, 0x0000000755580000, 0x0000000755580000)
[2021-07-20T12:41:31.254+0000][146.717s][2267133][2267139][debug] GC(74)   object space 5592576K, 66% used [0x0000000600000000,0x00000006e1c54640,0x0000000755580000)
[2021-07-20T12:41:31.254+0000][146.717s][2267133][2267139][debug] GC(74)  Metaspace       used 58588K, capacity 60164K, committed 60624K, reserved 1101824K
[2021-07-20T12:41:31.254+0000][146.717s][2267133][2267139][debug] GC(74)   class space    used 7112K, capacity 7760K, committed 7936K, reserved 1048576K
[2021-07-20T12:41:31.278+0000][146.741s][2267133][2267139][debug] GC(74) Desired survivor size 27262976 bytes, new threshold 1 (max threshold 15)
[2021-07-20T12:41:31.278+0000][146.741s][2267133][2267139][info ] GC(74) PSYoungGen: 2737024K->3552K(2769408K)
[2021-07-20T12:41:31.278+0000][146.741s][2267133][2267139][info ] GC(74) ParOldGen: 3699025K->3700601K(5592576K)
[2021-07-20T12:41:31.278+0000][146.741s][2267133][2267139][info ] GC(74) Pause Young (Allocation Failure) 6285M->3617M(8166M) 23.961ms
[2021-07-20T12:41:31.279+0000][146.741s][2267133][2267139][debug] GC(74) Heap after GC invocations=75 (full 3): PSYoungGen      total 2769408K, used 3552K [0x0000000755580000, 0x0000000800000000, 0x0000000800000000)
[2021-07-20T12:41:31.279+0000][146.741s][2267133][2267139][debug] GC(74)   eden space 2741248K, 0% used [0x0000000755580000,0x0000000755580000,0x00000007fca80000)
[2021-07-20T12:41:31.279+0000][146.741s][2267133][2267139][debug] GC(74)   from space 28160K, 12% used [0x00000007fe480000,0x00000007fe7f8000,0x0000000800000000)
[2021-07-20T12:41:31.279+0000][146.741s][2267133][2267139][debug] GC(74)   to   space 26624K, 0% used [0x00000007fca80000,0x00000007fca80000,0x00000007fe480000)
[2021-07-20T12:41:31.279+0000][146.741s][2267133][2267139][debug] GC(74)  ParOldGen       total 5592576K, used 3700601K [0x0000000600000000, 0x0000000755580000, 0x0000000755580000)
[2021-07-20T12:41:31.279+0000][146.741s][2267133][2267139][debug] GC(74)   object space 5592576K, 66% used [0x0000000600000000,0x00000006e1dde640,0x0000000755580000)
[2021-07-20T12:41:31.279+0000][146.741s][2267133][2267139][debug] GC(74)  Metaspace       used 58588K, capacity 60164K, committed 60624K, reserved 1101824K
[2021-07-20T12:41:31.279+0000][146.741s][2267133][2267139][debug] GC(74)   class space    used 7112K, capacity 7760K, committed 7936K, reserved 1048576K
[2021-07-20T12:41:31.279+0000][146.741s][2267133][2267139][info ] Leaving safepoint region
[2021-07-20T12:41:31.279+0000][146.741s][2267133][2267139][info ] Total time for which application threads were stopped: 0.0248016 seconds, Stopping threads took: 0.0001763 seconds
[2021-07-20T12:41:32.279+0000][147.742s][2267133][2267139][info ] Application time: 1.0006310 seconds
[2021-07-20T12:41:32.280+0000][147.743s][2267133][2267139][info ] Entering safepoint region: Cleanup
[2021-07-20T12:41:32.281+0000][147.743s][2267133][2267139][info ] Leaving safepoint region
[2021-07-20T12:41:32.281+0000][147.743s][2267133][2267139][info ] Total time for which application threads were stopped: 0.0013857 seconds, Stopping threads took: 0.0010462 seconds
[2021-07-20T12:41:32.354+0000][147.816s][2267133][2267139][info ] Application time: 0.0732327 seconds
[2021-07-20T12:41:32.354+0000][147.817s][2267133][2267139][info ] Entering safepoint region: ParallelGCFailedAllocation
[2021-07-20T12:41:32.355+0000][147.817s][2267133][2267139][debug] GC(75) Heap before GC invocations=76 (full 3): PSYoungGen      total 2769408K, used 2744800K [0x0000000755580000, 0x0000000800000000, 0x0000000800000000)
[2021-07-20T12:41:32.355+0000][147.817s][2267133][2267139][debug] GC(75)   eden space 2741248K, 100% used [0x0000000755580000,0x00000007fca80000,0x00000007fca80000)
[2021-07-20T12:41:32.355+0000][147.817s][2267133][2267139][debug] GC(75)   from space 28160K, 12% used [0x00000007fe480000,0x00000007fe7f8000,0x0000000800000000)
[2021-07-20T12:41:32.355+0000][147.817s][2267133][2267139][debug] GC(75)   to   space 26624K, 0% used [0x00000007fca80000,0x00000007fca80000,0x00000007fe480000)
[2021-07-20T12:41:32.355+0000][147.817s][2267133][2267139][debug] GC(75)  ParOldGen       total 5592576K, used 3700601K [0x0000000600000000, 0x0000000755580000, 0x0000000755580000)
[2021-07-20T12:41:32.355+0000][147.817s][2267133][2267139][debug] GC(75)   object space 5592576K, 66% used [0x0000000600000000,0x00000006e1dde640,0x0000000755580000)
[2021-07-20T12:41:32.355+0000][147.817s][2267133][2267139][debug] GC(75)  Metaspace       used 58588K, capacity 60164K, committed 60624K, reserved 1101824K
[2021-07-20T12:41:32.355+0000][147.817s][2267133][2267139][debug] GC(75)   class space    used 7112K, capacity 7760K, committed 7936K, reserved 1048576K
[2021-07-20T12:41:32.379+0000][147.841s][2267133][2267139][debug] GC(75) Desired survivor size 25165824 bytes, new threshold 1 (max threshold 15)
[2021-07-20T12:41:32.379+0000][147.841s][2267133][2267139][info ] GC(75) PSYoungGen: 2744800K->3904K(2767872K)
[2021-07-20T12:41:32.379+0000][147.841s][2267133][2267139][info ] GC(75) ParOldGen: 3700601K->3702113K(5592576K)
[2021-07-20T12:41:32.379+0000][147.841s][2267133][2267139][info ] GC(75) Pause Young (Allocation Failure) 6294M->3619M(8164M) 24.174ms
[2021-07-20T12:41:32.379+0000][147.841s][2267133][2267139][debug] GC(75) Heap after GC invocations=76 (full 3): PSYoungGen      total 2767872K, used 3904K [0x0000000755580000, 0x0000000800000000, 0x0000000800000000)
[2021-07-20T12:41:32.379+0000][147.841s][2267133][2267139][debug] GC(75)   eden space 2741248K, 0% used [0x0000000755580000,0x0000000755580000,0x00000007fca80000)
[2021-07-20T12:41:32.379+0000][147.841s][2267133][2267139][debug] GC(75)   from space 26624K, 14% used [0x00000007fca80000,0x00000007fce50000,0x00000007fe480000)
[2021-07-20T12:41:32.379+0000][147.841s][2267133][2267139][debug] GC(75)   to   space 24576K, 0% used [0x00000007fe800000,0x00000007fe800000,0x0000000800000000)
[2021-07-20T12:41:32.379+0000][147.841s][2267133][2267139][debug] GC(75)  ParOldGen       total 5592576K, used 3702113K [0x0000000600000000, 0x0000000755580000, 0x0000000755580000)
[2021-07-20T12:41:32.379+0000][147.841s][2267133][2267139][debug] GC(75)   object space 5592576K, 66% used [0x0000000600000000,0x00000006e1f58640,0x0000000755580000)
[2021-07-20T12:41:32.379+0000][147.841s][2267133][2267139][debug] GC(75)  Metaspace       used 58588K, capacity 60164K, committed 60624K, reserved 1101824K
[2021-07-20T12:41:32.379+0000][147.841s][2267133][2267139][debug] GC(75)   class space    used 7112K, capacity 7760K, committed 7936K, reserved 1048576K
[2021-07-20T12:41:32.379+0000][147.842s][2267133][2267139][info ] Leaving safepoint region
[2021-07-20T12:41:32.379+0000][147.842s][2267133][2267139][info ] Total time for which application threads were stopped: 0.0249896 seconds, Stopping threads took: 0.0001642 seconds
[2021-07-20T12:41:33.379+0000][148.842s][2267133][2267139][info ] Application time: 1.0002704 seconds
[2021-07-20T12:41:33.380+0000][148.843s][2267133][2267139][info ] Entering safepoint region: Cleanup
[2021-07-20T12:41:33.381+0000][148.843s][2267133][2267139][info ] Leaving safepoint region
[2021-07-20T12:41:33.381+0000][148.843s][2267133][2267139][info ] Total time for which application threads were stopped: 0.0013769 seconds, Stopping threads took: 0.0010215 seconds
[2021-07-20T12:41:33.473+0000][148.935s][2267133][2267139][info ] Application time: 0.0919770 seconds
[2021-07-20T12:41:33.473+0000][148.935s][2267133][2267139][info ] Entering safepoint region: ParallelGCFailedAllocation
[2021-07-20T12:41:33.473+0000][148.936s][2267133][2267139][debug] GC(76) Heap before GC invocations=77 (full 3): PSYoungGen      total 2767872K, used 2745152K [0x0000000755580000, 0x0000000800000000, 0x0000000800000000)
[2021-07-20T12:41:33.473+0000][148.936s][2267133][2267139][debug] GC(76)   eden space 2741248K, 100% used [0x0000000755580000,0x00000007fca80000,0x00000007fca80000)
[2021-07-20T12:41:33.473+0000][148.936s][2267133][2267139][debug] GC(76)   from space 26624K, 14% used [0x00000007fca80000,0x00000007fce50000,0x00000007fe480000)
[2021-07-20T12:41:33.473+0000][148.936s][2267133][2267139][debug] GC(76)   to   space 24576K, 0% used [0x00000007fe800000,0x00000007fe800000,0x0000000800000000)
[2021-07-20T12:41:33.473+0000][148.936s][2267133][2267139][debug] GC(76)  ParOldGen       total 5592576K, used 3702113K [0x0000000600000000, 0x0000000755580000, 0x0000000755580000)
[2021-07-20T12:41:33.473+0000][148.936s][2267133][2267139][debug] GC(76)   object space 5592576K, 66% used [0x0000000600000000,0x00000006e1f58640,0x0000000755580000)
[2021-07-20T12:41:33.473+0000][148.936s][2267133][2267139][debug] GC(76)  Metaspace       used 58588K, capacity 60164K, committed 60624K, reserved 1101824K
[2021-07-20T12:41:33.473+0000][148.936s][2267133][2267139][debug] GC(76)   class space    used 7112K, capacity 7760K, committed 7936K, reserved 1048576K
[2021-07-20T12:41:33.499+0000][148.961s][2267133][2267139][debug] GC(76) Desired survivor size 23592960 bytes, new threshold 1 (max threshold 15)
[2021-07-20T12:41:33.499+0000][148.961s][2267133][2267139][info ] GC(76) PSYoungGen: 2745152K->4320K(2772992K)
[2021-07-20T12:41:33.499+0000][148.961s][2267133][2267139][info ] GC(76) ParOldGen: 3702113K->3703873K(5592576K)
[2021-07-20T12:41:33.499+0000][148.961s][2267133][2267139][info ] GC(76) Pause Young (Allocation Failure) 6296M->3621M(8169M) 25.396ms
[2021-07-20T12:41:33.499+0000][148.961s][2267133][2267139][debug] GC(76) Heap after GC invocations=77 (full 3): PSYoungGen      total 2772992K, used 4320K [0x0000000755580000, 0x0000000800000000, 0x0000000800000000)
[2021-07-20T12:41:33.499+0000][148.961s][2267133][2267139][debug] GC(76)   eden space 2748416K, 0% used [0x0000000755580000,0x0000000755580000,0x00000007fd180000)
[2021-07-20T12:41:33.499+0000][148.961s][2267133][2267139][debug] GC(76)   from space 24576K, 17% used [0x00000007fe800000,0x00000007fec38000,0x0000000800000000)
[2021-07-20T12:41:33.499+0000][148.961s][2267133][2267139][debug] GC(76)   to   space 23040K, 0% used [0x00000007fd180000,0x00000007fd180000,0x00000007fe800000)
[2021-07-20T12:41:33.499+0000][148.961s][2267133][2267139][debug] GC(76)  ParOldGen       total 5592576K, used 3703873K [0x0000000600000000, 0x0000000755580000, 0x0000000755580000)
[2021-07-20T12:41:33.499+0000][148.961s][2267133][2267139][debug] GC(76)   object space 5592576K, 66% used [0x0000000600000000,0x00000006e2110640,0x0000000755580000)
[2021-07-20T12:41:33.499+0000][148.961s][2267133][2267139][debug] GC(76)  Metaspace       used 58588K, capacity 60164K, committed 60624K, reserved 1101824K
[2021-07-20T12:41:33.499+0000][148.961s][2267133][2267139][debug] GC(76)   class space    used 7112K, capacity 7760K, committed 7936K, reserved 1048576K
[2021-07-20T12:41:33.499+0000][148.961s][2267133][2267139][info ] Leaving safepoint region
[2021-07-20T12:41:33.499+0000][148.961s][2267133][2267139][info ] Total time for which application threads were stopped: 0.0261707 seconds, Stopping threads took: 0.0001470 seconds
[2021-07-20T12:41:34.499+0000][149.962s][2267133][2267139][info ] Application time: 1.0002705 seconds
[2021-07-20T12:41:34.500+0000][149.963s][2267133][2267139][info ] Entering safepoint region: Cleanup
[2021-07-20T12:41:34.501+0000][149.963s][2267133][2267139][info ] Leaving safepoint region
[2021-07-20T12:41:34.501+0000][149.963s][2267133][2267139][info ] Total time for which application threads were stopped: 0.0014716 seconds, Stopping threads took: 0.0010731 seconds
[2021-07-20T12:41:34.581+0000][150.044s][2267133][2267139][info ] Application time: 0.0803572 seconds
[2021-07-20T12:41:34.582+0000][150.045s][2267133][2267139][info ] Entering safepoint region: ParallelGCFailedAllocation
[2021-07-20T12:41:34.583+0000][150.045s][2267133][2267139][debug] GC(77) Heap before GC invocations=78 (full 3): PSYoungGen      total 2772992K, used 2752736K [0x0000000755580000, 0x0000000800000000, 0x0000000800000000)
[2021-07-20T12:41:34.583+0000][150.045s][2267133][2267139][debug] GC(77)   eden space 2748416K, 100% used [0x0000000755580000,0x00000007fd180000,0x00000007fd180000)
[2021-07-20T12:41:34.583+0000][150.045s][2267133][2267139][debug] GC(77)   from space 24576K, 17% used [0x00000007fe800000,0x00000007fec38000,0x0000000800000000)
[2021-07-20T12:41:34.583+0000][150.045s][2267133][2267139][debug] GC(77)   to   space 23040K, 0% used [0x00000007fd180000,0x00000007fd180000,0x00000007fe800000)
[2021-07-20T12:41:34.583+0000][150.045s][2267133][2267139][debug] GC(77)  ParOldGen       total 5592576K, used 3703873K [0x0000000600000000, 0x0000000755580000, 0x0000000755580000)
[2021-07-20T12:41:34.583+0000][150.045s][2267133][2267139][debug] GC(77)   object space 5592576K, 66% used [0x0000000600000000,0x00000006e2110640,0x0000000755580000)
[2021-07-20T12:41:34.583+0000][150.045s][2267133][2267139][debug] GC(77)  Metaspace       used 58588K, capacity 60164K, committed 60624K, reserved 1101824K
[2021-07-20T12:41:34.583+0000][150.045s][2267133][2267139][debug] GC(77)   class space    used 7112K, capacity 7760K, committed 7936K, reserved 1048576K
[2021-07-20T12:41:34.608+0000][150.070s][2267133][2267139][debug] GC(77) Desired survivor size 22020096 bytes, new threshold 1 (max threshold 15)
[2021-07-20T12:41:34.608+0000][150.070s][2267133][2267139][info ] GC(77) PSYoungGen: 2752736K->3840K(2771456K)
[2021-07-20T12:41:34.608+0000][150.070s][2267133][2267139][info ] GC(77) ParOldGen: 3703873K->3706281K(5592576K)
[2021-07-20T12:41:34.608+0000][150.070s][2267133][2267139][info ] GC(77) Pause Young (Allocation Failure) 6305M->3623M(8168M) 25.059ms
[2021-07-20T12:41:34.608+0000][150.070s][2267133][2267139][debug] GC(77) Heap after GC invocations=78 (full 3): PSYoungGen      total 2771456K, used 3840K [0x0000000755580000, 0x0000000800000000, 0x0000000800000000)
[2021-07-20T12:41:34.608+0000][150.070s][2267133][2267139][debug] GC(77)   eden space 2748416K, 0% used [0x0000000755580000,0x0000000755580000,0x00000007fd180000)
[2021-07-20T12:41:34.608+0000][150.070s][2267133][2267139][debug] GC(77)   from space 23040K, 16% used [0x00000007fd180000,0x00000007fd540000,0x00000007fe800000)
[2021-07-20T12:41:34.608+0000][150.070s][2267133][2267139][debug] GC(77)   to   space 21504K, 0% used [0x00000007feb00000,0x00000007feb00000,0x0000000800000000)
[2021-07-20T12:41:34.608+0000][150.070s][2267133][2267139][debug] GC(77)  ParOldGen       total 5592576K, used 3706281K [0x0000000600000000, 0x0000000755580000, 0x0000000755580000)
[2021-07-20T12:41:34.608+0000][150.070s][2267133][2267139][debug] GC(77)   object space 5592576K, 66% used [0x0000000600000000,0x00000006e236a640,0x0000000755580000)
[2021-07-20T12:41:34.608+0000][150.070s][2267133][2267139][debug] GC(77)  Metaspace       used 58588K, capacity 60164K, committed 60624K, reserved 1101824K
[2021-07-20T12:41:34.608+0000][150.070s][2267133][2267139][debug] GC(77)   class space    used 7112K, capacity 7760K, committed 7936K, reserved 1048576K
[2021-07-20T12:41:34.608+0000][150.071s][2267133][2267139][info ] Leaving safepoint region
[2021-07-20T12:41:34.608+0000][150.071s][2267133][2267139][info ] Total time for which application threads were stopped: 0.0269068 seconds, Stopping threads took: 0.0012229 seconds
[2021-07-20T12:41:35.608+0000][151.071s][2267133][2267139][info ] Application time: 1.0000858 seconds
[2021-07-20T12:41:35.608+0000][151.071s][2267133][2267139][info ] Entering safepoint region: Cleanup
[2021-07-20T12:41:35.609+0000][151.071s][2267133][2267139][info ] Leaving safepoint region
[2021-07-20T12:41:35.609+0000][151.071s][2267133][2267139][info ] Total time for which application threads were stopped: 0.0003539 seconds, Stopping threads took: 0.0000775 seconds
[2021-07-20T12:41:36.609+0000][152.071s][2267133][2267139][info ] Application time: 1.0001031 seconds
[2021-07-20T12:41:36.609+0000][152.071s][2267133][2267139][info ] Entering safepoint region: Cleanup
[2021-07-20T12:41:36.609+0000][152.071s][2267133][2267139][info ] Leaving safepoint region
[2021-07-20T12:41:36.609+0000][152.071s][2267133][2267139][info ] Total time for which application threads were stopped: 0.0001685 seconds, Stopping threads took: 0.0000271 seconds
[2021-07-20T12:41:37.609+0000][153.071s][2267133][2267139][info ] Application time: 1.0000871 seconds
[2021-07-20T12:41:37.609+0000][153.072s][2267133][2267139][info ] Entering safepoint region: Cleanup
[2021-07-20T12:41:37.609+0000][153.072s][2267133][2267139][info ] Leaving safepoint region
[2021-07-20T12:41:37.609+0000][153.072s][2267133][2267139][info ] Total time for which application threads were stopped: 0.0003232 seconds, Stopping threads took: 0.0000508 seconds
[2021-07-20T12:41:38.609+0000][154.072s][2267133][2267139][info ] Application time: 1.0000928 seconds
[2021-07-20T12:41:38.609+0000][154.072s][2267133][2267139][info ] Entering safepoint region: Cleanup
[2021-07-20T12:41:38.610+0000][154.072s][2267133][2267139][info ] Leaving safepoint region
[2021-07-20T12:41:38.610+0000][154.072s][2267133][2267139][info ] Total time for which application threads were stopped: 0.0003061 seconds, Stopping threads took: 0.0000472 seconds
[2021-07-20T12:41:39.610+0000][155.072s][2267133][2267139][info ] Application time: 1.0000893 seconds
[2021-07-20T12:41:39.610+0000][155.072s][2267133][2267139][info ] Entering safepoint region: Cleanup
[2021-07-20T12:41:39.610+0000][155.073s][2267133][2267139][info ] Leaving safepoint region
[2021-07-20T12:41:39.610+0000][155.073s][2267133][2267139][info ] Total time for which application threads were stopped: 0.0001542 seconds, Stopping threads took: 0.0000510 seconds
[2021-07-20T12:41:40.610+0000][156.073s][2267133][2267139][info ] Application time: 1.0001101 seconds
[2021-07-20T12:41:40.610+0000][156.073s][2267133][2267139][info ] Entering safepoint region: Cleanup
[2021-07-20T12:41:40.610+0000][156.073s][2267133][2267139][info ] Leaving safepoint region
[2021-07-20T12:41:40.610+0000][156.073s][2267133][2267139][info ] Total time for which application threads were stopped: 0.0002609 seconds, Stopping threads took: 0.0000666 seconds
[2021-07-20T12:41:41.611+0000][157.073s][2267133][2267139][info ] Application time: 1.0001039 seconds
[2021-07-20T12:41:41.611+0000][157.073s][2267133][2267139][info ] Entering safepoint region: Cleanup
[2021-07-20T12:41:41.611+0000][157.073s][2267133][2267139][info ] Leaving safepoint region
[2021-07-20T12:41:41.611+0000][157.073s][2267133][2267139][info ] Total time for which application threads were stopped: 0.0002061 seconds, Stopping threads took: 0.0000348 seconds
[2021-07-20T12:41:42.611+0000][158.073s][2267133][2267139][info ] Application time: 1.0000935 seconds
[2021-07-20T12:41:42.611+0000][158.073s][2267133][2267139][info ] Entering safepoint region: Cleanup
[2021-07-20T12:41:42.611+0000][158.074s][2267133][2267139][info ] Leaving safepoint region
[2021-07-20T12:41:42.611+0000][158.074s][2267133][2267139][info ] Total time for which application threads were stopped: 0.0001900 seconds, Stopping threads took: 0.0000330 seconds
[2021-07-20T12:41:43.611+0000][159.074s][2267133][2267139][info ] Application time: 1.0000824 seconds
[2021-07-20T12:41:43.611+0000][159.074s][2267133][2267139][info ] Entering safepoint region: Cleanup
[2021-07-20T12:41:43.611+0000][159.074s][2267133][2267139][info ] Leaving safepoint region
[2021-07-20T12:41:43.611+0000][159.074s][2267133][2267139][info ] Total time for which application threads were stopped: 0.0002278 seconds, Stopping threads took: 0.0000676 seconds
[2021-07-20T12:41:44.612+0000][160.074s][2267133][2267139][info ] Application time: 1.0000986 seconds
[2021-07-20T12:41:44.612+0000][160.074s][2267133][2267139][info ] Entering safepoint region: Cleanup
[2021-07-20T12:41:44.612+0000][160.075s][2267133][2267139][info ] Leaving safepoint region
[2021-07-20T12:41:44.612+0000][160.075s][2267133][2267139][info ] Total time for which application threads were stopped: 0.0008178 seconds, Stopping threads took: 0.0003905 seconds
[2021-07-20T12:41:45.613+0000][161.075s][2267133][2267139][info ] Application time: 1.0001084 seconds
[2021-07-20T12:41:45.613+0000][161.075s][2267133][2267139][info ] Entering safepoint region: Cleanup
[2021-07-20T12:41:45.613+0000][161.076s][2267133][2267139][info ] Leaving safepoint region
[2021-07-20T12:41:45.613+0000][161.076s][2267133][2267139][info ] Total time for which application threads were stopped: 0.0005074 seconds, Stopping threads took: 0.0001071 seconds
[2021-07-20T12:41:46.613+0000][162.076s][2267133][2267139][info ] Application time: 1.0000772 seconds
[2021-07-20T12:41:46.613+0000][162.076s][2267133][2267139][info ] Entering safepoint region: Cleanup
[2021-07-20T12:41:46.614+0000][162.076s][2267133][2267139][info ] Leaving safepoint region
[2021-07-20T12:41:46.614+0000][162.076s][2267133][2267139][info ] Total time for which application threads were stopped: 0.0003349 seconds, Stopping threads took: 0.0000658 seconds
[2021-07-20T12:41:47.419+0000][162.881s][2267133][2267139][info ] Application time: 0.8053604 seconds
[2021-07-20T12:41:47.419+0000][162.882s][2267133][2267139][info ] Entering safepoint region: ParallelGCFailedAllocation
[2021-07-20T12:41:47.419+0000][162.882s][2267133][2267139][debug] GC(78) Heap before GC invocations=79 (full 3): PSYoungGen      total 2771456K, used 2752256K [0x0000000755580000, 0x0000000800000000, 0x0000000800000000)
[2021-07-20T12:41:47.419+0000][162.882s][2267133][2267139][debug] GC(78)   eden space 2748416K, 100% used [0x0000000755580000,0x00000007fd180000,0x00000007fd180000)
[2021-07-20T12:41:47.419+0000][162.882s][2267133][2267139][debug] GC(78)   from space 23040K, 16% used [0x00000007fd180000,0x00000007fd540000,0x00000007fe800000)
[2021-07-20T12:41:47.419+0000][162.882s][2267133][2267139][debug] GC(78)   to   space 21504K, 0% used [0x00000007feb00000,0x00000007feb00000,0x0000000800000000)
[2021-07-20T12:41:47.419+0000][162.882s][2267133][2267139][debug] GC(78)  ParOldGen       total 5592576K, used 3706281K [0x0000000600000000, 0x0000000755580000, 0x0000000755580000)
[2021-07-20T12:41:47.419+0000][162.882s][2267133][2267139][debug] GC(78)   object space 5592576K, 66% used [0x0000000600000000,0x00000006e236a640,0x0000000755580000)
[2021-07-20T12:41:47.419+0000][162.882s][2267133][2267139][debug] GC(78)  Metaspace       used 58673K, capacity 60285K, committed 60624K, reserved 1101824K
[2021-07-20T12:41:47.420+0000][162.882s][2267133][2267139][debug] GC(78)   class space    used 7117K, capacity 7800K, committed 7936K, reserved 1048576K
[2021-07-20T12:41:47.445+0000][162.908s][2267133][2267139][debug] GC(78) Desired survivor size 20447232 bytes, new threshold 1 (max threshold 15)
[2021-07-20T12:41:47.445+0000][162.908s][2267133][2267139][info ] GC(78) PSYoungGen: 2752256K->4352K(2776064K)
[2021-07-20T12:41:47.445+0000][162.908s][2267133][2267139][info ] GC(78) ParOldGen: 3706281K->3708065K(5592576K)
[2021-07-20T12:41:47.445+0000][162.908s][2267133][2267139][info ] GC(78) Pause Young (Allocation Failure) 6307M->3625M(8172M) 25.712ms
[2021-07-20T12:41:47.445+0000][162.908s][2267133][2267139][debug] GC(78) Heap after GC invocations=79 (full 3): PSYoungGen      total 2776064K, used 4352K [0x0000000755580000, 0x0000000800000000, 0x0000000800000000)
[2021-07-20T12:41:47.445+0000][162.908s][2267133][2267139][debug] GC(78)   eden space 2754560K, 0% used [0x0000000755580000,0x0000000755580000,0x00000007fd780000)
[2021-07-20T12:41:47.445+0000][162.908s][2267133][2267139][debug] GC(78)   from space 21504K, 20% used [0x00000007feb00000,0x00000007fef40000,0x0000000800000000)
[2021-07-20T12:41:47.445+0000][162.908s][2267133][2267139][debug] GC(78)   to   space 19968K, 0% used [0x00000007fd780000,0x00000007fd780000,0x00000007feb00000)
[2021-07-20T12:41:47.445+0000][162.908s][2267133][2267139][debug] GC(78)  ParOldGen       total 5592576K, used 3708065K [0x0000000600000000, 0x0000000755580000, 0x0000000755580000)
[2021-07-20T12:41:47.445+0000][162.908s][2267133][2267139][debug] GC(78)   object space 5592576K, 66% used [0x0000000600000000,0x00000006e2528640,0x0000000755580000)
[2021-07-20T12:41:47.445+0000][162.908s][2267133][2267139][debug] GC(78)  Metaspace       used 58673K, capacity 60285K, committed 60624K, reserved 1101824K
[2021-07-20T12:41:47.445+0000][162.908s][2267133][2267139][debug] GC(78)   class space    used 7117K, capacity 7800K, committed 7936K, reserved 1048576K
[2021-07-20T12:41:47.445+0000][162.908s][2267133][2267139][info ] Leaving safepoint region
[2021-07-20T12:41:47.445+0000][162.908s][2267133][2267139][info ] Total time for which application threads were stopped: 0.0263896 seconds, Stopping threads took: 0.0001157 seconds
[2021-07-20T12:41:48.446+0000][163.908s][2267133][2267139][info ] Application time: 1.0000691 seconds
[2021-07-20T12:41:48.446+0000][163.908s][2267133][2267139][info ] Entering safepoint region: Cleanup
[2021-07-20T12:41:48.446+0000][163.908s][2267133][2267139][info ] Leaving safepoint region
[2021-07-20T12:41:48.446+0000][163.908s][2267133][2267139][info ] Total time for which application threads were stopped: 0.0003862 seconds, Stopping threads took: 0.0000887 seconds
[2021-07-20T12:41:49.446+0000][164.908s][2267133][2267139][info ] Application time: 1.0000628 seconds
[2021-07-20T12:41:49.446+0000][164.909s][2267133][2267139][info ] Entering safepoint region: Cleanup
[2021-07-20T12:41:49.446+0000][164.909s][2267133][2267139][info ] Leaving safepoint region
[2021-07-20T12:41:49.446+0000][164.909s][2267133][2267139][info ] Total time for which application threads were stopped: 0.0003763 seconds, Stopping threads took: 0.0000822 seconds
[2021-07-20T12:41:50.446+0000][165.909s][2267133][2267139][info ] Application time: 1.0000635 seconds
[2021-07-20T12:41:50.447+0000][165.909s][2267133][2267139][info ] Entering safepoint region: Cleanup
[2021-07-20T12:41:50.447+0000][165.909s][2267133][2267139][info ] Leaving safepoint region
[2021-07-20T12:41:50.447+0000][165.909s][2267133][2267139][info ] Total time for which application threads were stopped: 0.0003842 seconds, Stopping threads took: 0.0000885 seconds
[2021-07-20T12:41:51.447+0000][166.909s][2267133][2267139][info ] Application time: 1.0000647 seconds
[2021-07-20T12:41:51.447+0000][166.910s][2267133][2267139][info ] Entering safepoint region: Cleanup
[2021-07-20T12:41:51.447+0000][166.910s][2267133][2267139][info ] Leaving safepoint region
[2021-07-20T12:41:51.447+0000][166.910s][2267133][2267139][info ] Total time for which application threads were stopped: 0.0003784 seconds, Stopping threads took: 0.0000818 seconds
[2021-07-20T12:41:52.447+0000][167.910s][2267133][2267139][info ] Application time: 1.0000655 seconds
[2021-07-20T12:41:52.448+0000][167.910s][2267133][2267139][info ] Entering safepoint region: Cleanup
[2021-07-20T12:41:52.448+0000][167.910s][2267133][2267139][info ] Leaving safepoint region
[2021-07-20T12:41:52.448+0000][167.910s][2267133][2267139][info ] Total time for which application threads were stopped: 0.0004087 seconds, Stopping threads took: 0.0001058 seconds
[2021-07-20T12:41:53.448+0000][168.910s][2267133][2267139][info ] Application time: 1.0000648 seconds
[2021-07-20T12:41:53.448+0000][168.911s][2267133][2267139][info ] Entering safepoint region: Cleanup
[2021-07-20T12:41:53.448+0000][168.911s][2267133][2267139][info ] Leaving safepoint region
[2021-07-20T12:41:53.448+0000][168.911s][2267133][2267139][info ] Total time for which application threads were stopped: 0.0003954 seconds, Stopping threads took: 0.0001004 seconds
[2021-07-20T12:41:54.449+0000][169.911s][2267133][2267139][info ] Application time: 1.0000660 seconds
[2021-07-20T12:41:54.449+0000][169.911s][2267133][2267139][info ] Entering safepoint region: Cleanup
[2021-07-20T12:41:54.449+0000][169.911s][2267133][2267139][info ] Leaving safepoint region
[2021-07-20T12:41:54.449+0000][169.911s][2267133][2267139][info ] Total time for which application threads were stopped: 0.0003853 seconds, Stopping threads took: 0.0000944 seconds
[2021-07-20T12:41:55.122+0000][170.585s][2267133][2267139][info ] Application time: 0.6731242 seconds
[2021-07-20T12:41:55.122+0000][170.585s][2267133][2267139][info ] Entering safepoint region: ParallelGCFailedAllocation
[2021-07-20T12:41:55.123+0000][170.585s][2267133][2267139][debug] GC(79) Heap before GC invocations=80 (full 3): PSYoungGen      total 2776064K, used 2758912K [0x0000000755580000, 0x0000000800000000, 0x0000000800000000)
[2021-07-20T12:41:55.123+0000][170.585s][2267133][2267139][debug] GC(79)   eden space 2754560K, 100% used [0x0000000755580000,0x00000007fd780000,0x00000007fd780000)
[2021-07-20T12:41:55.123+0000][170.585s][2267133][2267139][debug] GC(79)   from space 21504K, 20% used [0x00000007feb00000,0x00000007fef40000,0x0000000800000000)
[2021-07-20T12:41:55.123+0000][170.585s][2267133][2267139][debug] GC(79)   to   space 19968K, 0% used [0x00000007fd780000,0x00000007fd780000,0x00000007feb00000)
[2021-07-20T12:41:55.123+0000][170.585s][2267133][2267139][debug] GC(79)  ParOldGen       total 5592576K, used 3708065K [0x0000000600000000, 0x0000000755580000, 0x0000000755580000)
[2021-07-20T12:41:55.123+0000][170.585s][2267133][2267139][debug] GC(79)   object space 5592576K, 66% used [0x0000000600000000,0x00000006e2528640,0x0000000755580000)
[2021-07-20T12:41:55.123+0000][170.585s][2267133][2267139][debug] GC(79)  Metaspace       used 58699K, capacity 60285K, committed 60624K, reserved 1101824K
[2021-07-20T12:41:55.123+0000][170.585s][2267133][2267139][debug] GC(79)   class space    used 7117K, capacity 7800K, committed 7936K, reserved 1048576K
[2021-07-20T12:41:55.148+0000][170.610s][2267133][2267139][debug] GC(79) Desired survivor size 19398656 bytes, new threshold 1 (max threshold 15)
[2021-07-20T12:41:55.148+0000][170.610s][2267133][2267139][info ] GC(79) PSYoungGen: 2758912K->3680K(2774528K)
[2021-07-20T12:41:55.148+0000][170.610s][2267133][2267139][info ] GC(79) ParOldGen: 3708065K->3710713K(5592576K)
[2021-07-20T12:41:55.148+0000][170.610s][2267133][2267139][info ] GC(79) Pause Young (Allocation Failure) 6315M->3627M(8171M) 25.130ms
[2021-07-20T12:41:55.148+0000][170.610s][2267133][2267139][debug] GC(79) Heap after GC invocations=80 (full 3): PSYoungGen      total 2774528K, used 3680K [0x0000000755580000, 0x0000000800000000, 0x0000000800000000)
[2021-07-20T12:41:55.148+0000][170.610s][2267133][2267139][debug] GC(79)   eden space 2754560K, 0% used [0x0000000755580000,0x0000000755580000,0x00000007fd780000)
[2021-07-20T12:41:55.148+0000][170.610s][2267133][2267139][debug] GC(79)   from space 19968K, 18% used [0x00000007fd780000,0x00000007fdb18000,0x00000007feb00000)
[2021-07-20T12:41:55.148+0000][170.610s][2267133][2267139][debug] GC(79)   to   space 18944K, 0% used [0x00000007fed80000,0x00000007fed80000,0x0000000800000000)
[2021-07-20T12:41:55.148+0000][170.610s][2267133][2267139][debug] GC(79)  ParOldGen       total 5592576K, used 3710713K [0x0000000600000000, 0x0000000755580000, 0x0000000755580000)
[2021-07-20T12:41:55.148+0000][170.610s][2267133][2267139][debug] GC(79)   object space 5592576K, 66% used [0x0000000600000000,0x00000006e27be680,0x0000000755580000)
[2021-07-20T12:41:55.148+0000][170.610s][2267133][2267139][debug] GC(79)  Metaspace       used 58699K, capacity 60285K, committed 60624K, reserved 1101824K
[2021-07-20T12:41:55.148+0000][170.610s][2267133][2267139][debug] GC(79)   class space    used 7117K, capacity 7800K, committed 7936K, reserved 1048576K
[2021-07-20T12:41:55.148+0000][170.610s][2267133][2267139][info ] Leaving safepoint region
[2021-07-20T12:41:55.148+0000][170.610s][2267133][2267139][info ] Total time for which application threads were stopped: 0.0258177 seconds, Stopping threads took: 0.0000896 seconds
[2021-07-20T12:41:56.148+0000][171.610s][2267133][2267139][info ] Application time: 1.0000606 seconds
[2021-07-20T12:41:56.148+0000][171.611s][2267133][2267139][info ] Entering safepoint region: Cleanup
[2021-07-20T12:41:56.148+0000][171.611s][2267133][2267139][info ] Leaving safepoint region
[2021-07-20T12:41:56.148+0000][171.611s][2267133][2267139][info ] Total time for which application threads were stopped: 0.0004057 seconds, Stopping threads took: 0.0000970 seconds
[2021-07-20T12:41:57.149+0000][172.611s][2267133][2267139][info ] Application time: 1.0000668 seconds
[2021-07-20T12:41:57.149+0000][172.611s][2267133][2267139][info ] Entering safepoint region: Cleanup
[2021-07-20T12:41:57.149+0000][172.611s][2267133][2267139][info ] Leaving safepoint region
[2021-07-20T12:41:57.149+0000][172.611s][2267133][2267139][info ] Total time for which application threads were stopped: 0.0003800 seconds, Stopping threads took: 0.0000874 seconds
[2021-07-20T12:41:58.149+0000][173.611s][2267133][2267139][info ] Application time: 1.0000247 seconds
[2021-07-20T12:41:58.149+0000][173.612s][2267133][2267139][info ] Entering safepoint region: Cleanup
[2021-07-20T12:41:58.149+0000][173.612s][2267133][2267139][info ] Leaving safepoint region
[2021-07-20T12:41:58.149+0000][173.612s][2267133][2267139][info ] Total time for which application threads were stopped: 0.0004272 seconds, Stopping threads took: 0.0001158 seconds
[2021-07-20T12:41:59.150+0000][174.612s][2267133][2267139][info ] Application time: 1.0000636 seconds
[2021-07-20T12:41:59.150+0000][174.612s][2267133][2267139][info ] Entering safepoint region: Cleanup
[2021-07-20T12:41:59.150+0000][174.612s][2267133][2267139][info ] Leaving safepoint region
[2021-07-20T12:41:59.150+0000][174.612s][2267133][2267139][info ] Total time for which application threads were stopped: 0.0003712 seconds, Stopping threads took: 0.0000867 seconds
[2021-07-20T12:42:00.150+0000][175.613s][2267133][2267139][info ] Application time: 1.0000619 seconds
[2021-07-20T12:42:00.150+0000][175.613s][2267133][2267139][info ] Entering safepoint region: Cleanup
[2021-07-20T12:42:00.150+0000][175.613s][2267133][2267139][info ] Leaving safepoint region
[2021-07-20T12:42:00.150+0000][175.613s][2267133][2267139][info ] Total time for which application threads were stopped: 0.0004003 seconds, Stopping threads took: 0.0000889 seconds
[2021-07-20T12:42:01.151+0000][176.613s][2267133][2267139][info ] Application time: 1.0000712 seconds
[2021-07-20T12:42:01.151+0000][176.613s][2267133][2267139][info ] Entering safepoint region: Cleanup
[2021-07-20T12:42:01.151+0000][176.613s][2267133][2267139][info ] Leaving safepoint region
[2021-07-20T12:42:01.151+0000][176.613s][2267133][2267139][info ] Total time for which application threads were stopped: 0.0003716 seconds, Stopping threads took: 0.0000915 seconds
[2021-07-20T12:42:02.151+0000][177.614s][2267133][2267139][info ] Application time: 1.0000678 seconds
[2021-07-20T12:42:02.151+0000][177.614s][2267133][2267139][info ] Entering safepoint region: Cleanup
[2021-07-20T12:42:02.151+0000][177.614s][2267133][2267139][info ] Leaving safepoint region
[2021-07-20T12:42:02.151+0000][177.614s][2267133][2267139][info ] Total time for which application threads were stopped: 0.0003881 seconds, Stopping threads took: 0.0000868 seconds
[2021-07-20T12:42:02.749+0000][178.212s][2267133][2267139][info ] Application time: 0.5977063 seconds
[2021-07-20T12:42:02.749+0000][178.212s][2267133][2267139][info ] Entering safepoint region: ParallelGCFailedAllocation
[2021-07-20T12:42:02.750+0000][178.212s][2267133][2267139][debug] GC(80) Heap before GC invocations=81 (full 3): PSYoungGen      total 2774528K, used 2758240K [0x0000000755580000, 0x0000000800000000, 0x0000000800000000)
[2021-07-20T12:42:02.750+0000][178.212s][2267133][2267139][debug] GC(80)   eden space 2754560K, 100% used [0x0000000755580000,0x00000007fd780000,0x00000007fd780000)
[2021-07-20T12:42:02.750+0000][178.212s][2267133][2267139][debug] GC(80)   from space 19968K, 18% used [0x00000007fd780000,0x00000007fdb18000,0x00000007feb00000)
[2021-07-20T12:42:02.750+0000][178.212s][2267133][2267139][debug] GC(80)   to   space 18944K, 0% used [0x00000007fed80000,0x00000007fed80000,0x0000000800000000)
[2021-07-20T12:42:02.750+0000][178.212s][2267133][2267139][debug] GC(80)  ParOldGen       total 5592576K, used 3710713K [0x0000000600000000, 0x0000000755580000, 0x0000000755580000)
[2021-07-20T12:42:02.750+0000][178.212s][2267133][2267139][debug] GC(80)   object space 5592576K, 66% used [0x0000000600000000,0x00000006e27be680,0x0000000755580000)
[2021-07-20T12:42:02.750+0000][178.212s][2267133][2267139][debug] GC(80)  Metaspace       used 58702K, capacity 60285K, committed 60624K, reserved 1101824K
[2021-07-20T12:42:02.750+0000][178.212s][2267133][2267139][debug] GC(80)   class space    used 7117K, capacity 7800K, committed 7936K, reserved 1048576K
[2021-07-20T12:42:02.774+0000][178.236s][2267133][2267139][debug] GC(80) Desired survivor size 18350080 bytes, new threshold 1 (max threshold 15)
[2021-07-20T12:42:02.774+0000][178.236s][2267133][2267139][info ] GC(80) PSYoungGen: 2758240K->3488K(2778112K)
[2021-07-20T12:42:02.774+0000][178.236s][2267133][2267139][info ] GC(80) ParOldGen: 3710713K->3712305K(5592576K)
[2021-07-20T12:42:02.774+0000][178.236s][2267133][2267139][info ] GC(80) Pause Young (Allocation Failure) 6317M->3628M(8174M) 24.152ms
[2021-07-20T12:42:02.774+0000][178.236s][2267133][2267139][debug] GC(80) Heap after GC invocations=81 (full 3): PSYoungGen      total 2778112K, used 3488K [0x0000000755580000, 0x0000000800000000, 0x0000000800000000)
[2021-07-20T12:42:02.774+0000][178.236s][2267133][2267139][debug] GC(80)   eden space 2759168K, 0% used [0x0000000755580000,0x0000000755580000,0x00000007fdc00000)
[2021-07-20T12:42:02.774+0000][178.236s][2267133][2267139][debug] GC(80)   from space 18944K, 18% used [0x00000007fed80000,0x00000007ff0e8000,0x0000000800000000)
[2021-07-20T12:42:02.774+0000][178.236s][2267133][2267139][debug] GC(80)   to   space 17920K, 0% used [0x00000007fdc00000,0x00000007fdc00000,0x00000007fed80000)
[2021-07-20T12:42:02.774+0000][178.236s][2267133][2267139][debug] GC(80)  ParOldGen       total 5592576K, used 3712305K [0x0000000600000000, 0x0000000755580000, 0x0000000755580000)
[2021-07-20T12:42:02.774+0000][178.236s][2267133][2267139][debug] GC(80)   object space 5592576K, 66% used [0x0000000600000000,0x00000006e294c680,0x0000000755580000)
[2021-07-20T12:42:02.774+0000][178.236s][2267133][2267139][debug] GC(80)  Metaspace       used 58702K, capacity 60285K, committed 60624K, reserved 1101824K
[2021-07-20T12:42:02.774+0000][178.236s][2267133][2267139][debug] GC(80)   class space    used 7117K, capacity 7800K, committed 7936K, reserved 1048576K
[2021-07-20T12:42:02.774+0000][178.236s][2267133][2267139][info ] Leaving safepoint region
[2021-07-20T12:42:02.774+0000][178.236s][2267133][2267139][info ] Total time for which application threads were stopped: 0.0247938 seconds, Stopping threads took: 0.0000970 seconds
[2021-07-20T12:42:03.774+0000][179.237s][2267133][2267139][info ] Application time: 1.0000617 seconds
[2021-07-20T12:42:03.774+0000][179.237s][2267133][2267139][info ] Entering safepoint region: Cleanup
[2021-07-20T12:42:03.774+0000][179.237s][2267133][2267139][info ] Leaving safepoint region
[2021-07-20T12:42:03.774+0000][179.237s][2267133][2267139][info ] Total time for which application threads were stopped: 0.0003772 seconds, Stopping threads took: 0.0000843 seconds
[2021-07-20T12:42:04.775+0000][180.237s][2267133][2267139][info ] Application time: 1.0000652 seconds
[2021-07-20T12:42:04.775+0000][180.237s][2267133][2267139][info ] Entering safepoint region: Cleanup
[2021-07-20T12:42:04.775+0000][180.237s][2267133][2267139][info ] Leaving safepoint region
[2021-07-20T12:42:04.775+0000][180.237s][2267133][2267139][info ] Total time for which application threads were stopped: 0.0003874 seconds, Stopping threads took: 0.0000918 seconds
[2021-07-20T12:42:05.775+0000][181.238s][2267133][2267139][info ] Application time: 1.0000665 seconds
[2021-07-20T12:42:05.775+0000][181.238s][2267133][2267139][info ] Entering safepoint region: Cleanup
[2021-07-20T12:42:05.776+0000][181.238s][2267133][2267139][info ] Leaving safepoint region
[2021-07-20T12:42:05.776+0000][181.238s][2267133][2267139][info ] Total time for which application threads were stopped: 0.0004088 seconds, Stopping threads took: 0.0000972 seconds
[2021-07-20T12:42:06.776+0000][182.238s][2267133][2267139][info ] Application time: 1.0000654 seconds
[2021-07-20T12:42:06.776+0000][182.238s][2267133][2267139][info ] Entering safepoint region: Cleanup
[2021-07-20T12:42:06.776+0000][182.238s][2267133][2267139][info ] Leaving safepoint region
[2021-07-20T12:42:06.776+0000][182.238s][2267133][2267139][info ] Total time for which application threads were stopped: 0.0003529 seconds, Stopping threads took: 0.0000725 seconds
[2021-07-20T12:42:07.776+0000][183.239s][2267133][2267139][info ] Application time: 1.0000642 seconds
[2021-07-20T12:42:07.776+0000][183.239s][2267133][2267139][info ] Entering safepoint region: Cleanup
[2021-07-20T12:42:07.776+0000][183.239s][2267133][2267139][info ] Leaving safepoint region
[2021-07-20T12:42:07.776+0000][183.239s][2267133][2267139][info ] Total time for which application threads were stopped: 0.0003931 seconds, Stopping threads took: 0.0000922 seconds
[2021-07-20T12:42:08.777+0000][184.239s][2267133][2267139][info ] Application time: 1.0000638 seconds
[2021-07-20T12:42:08.777+0000][184.239s][2267133][2267139][info ] Entering safepoint region: Cleanup
[2021-07-20T12:42:08.777+0000][184.239s][2267133][2267139][info ] Leaving safepoint region
[2021-07-20T12:42:08.777+0000][184.239s][2267133][2267139][info ] Total time for which application threads were stopped: 0.0003662 seconds, Stopping threads took: 0.0000742 seconds
[2021-07-20T12:42:09.777+0000][185.240s][2267133][2267139][info ] Application time: 1.0000650 seconds
[2021-07-20T12:42:09.777+0000][185.240s][2267133][2267139][info ] Entering safepoint region: Cleanup
[2021-07-20T12:42:09.777+0000][185.240s][2267133][2267139][info ] Leaving safepoint region
[2021-07-20T12:42:09.777+0000][185.240s][2267133][2267139][info ] Total time for which application threads were stopped: 0.0003823 seconds, Stopping threads took: 0.0000861 seconds
[2021-07-20T12:42:10.310+0000][185.773s][2267133][2267139][info ] Application time: 0.5327524 seconds
[2021-07-20T12:42:10.310+0000][185.773s][2267133][2267139][info ] Entering safepoint region: ParallelGCFailedAllocation
[2021-07-20T12:42:10.311+0000][185.773s][2267133][2267139][debug] GC(81) Heap before GC invocations=82 (full 3): PSYoungGen      total 2778112K, used 2762656K [0x0000000755580000, 0x0000000800000000, 0x0000000800000000)
[2021-07-20T12:42:10.311+0000][185.773s][2267133][2267139][debug] GC(81)   eden space 2759168K, 100% used [0x0000000755580000,0x00000007fdc00000,0x00000007fdc00000)
[2021-07-20T12:42:10.311+0000][185.773s][2267133][2267139][debug] GC(81)   from space 18944K, 18% used [0x00000007fed80000,0x00000007ff0e8000,0x0000000800000000)
[2021-07-20T12:42:10.311+0000][185.773s][2267133][2267139][debug] GC(81)   to   space 17920K, 0% used [0x00000007fdc00000,0x00000007fdc00000,0x00000007fed80000)
[2021-07-20T12:42:10.311+0000][185.773s][2267133][2267139][debug] GC(81)  ParOldGen       total 5592576K, used 3712305K [0x0000000600000000, 0x0000000755580000, 0x0000000755580000)
[2021-07-20T12:42:10.311+0000][185.773s][2267133][2267139][debug] GC(81)   object space 5592576K, 66% used [0x0000000600000000,0x00000006e294c680,0x0000000755580000)
[2021-07-20T12:42:10.311+0000][185.773s][2267133][2267139][debug] GC(81)  Metaspace       used 58705K, capacity 60285K, committed 60624K, reserved 1101824K
[2021-07-20T12:42:10.311+0000][185.773s][2267133][2267139][debug] GC(81)   class space    used 7117K, capacity 7800K, committed 7936K, reserved 1048576K
[2021-07-20T12:42:10.332+0000][185.795s][2267133][2267139][debug] GC(81) Desired survivor size 17301504 bytes, new threshold 1 (max threshold 15)
[2021-07-20T12:42:10.332+0000][185.795s][2267133][2267139][info ] GC(81) PSYoungGen: 2762656K->3264K(2777088K)
[2021-07-20T12:42:10.332+0000][185.795s][2267133][2267139][info ] GC(81) ParOldGen: 3712305K->3713889K(5592576K)
[2021-07-20T12:42:10.332+0000][185.795s][2267133][2267139][info ] GC(81) Pause Young (Allocation Failure) 6323M->3630M(8173M) 21.522ms
[2021-07-20T12:42:10.332+0000][185.795s][2267133][2267139][debug] GC(81) Heap after GC invocations=82 (full 3): PSYoungGen      total 2777088K, used 3264K [0x0000000755580000, 0x0000000800000000, 0x0000000800000000)
[2021-07-20T12:42:10.332+0000][185.795s][2267133][2267139][debug] GC(81)   eden space 2759168K, 0% used [0x0000000755580000,0x0000000755580000,0x00000007fdc00000)
[2021-07-20T12:42:10.332+0000][185.795s][2267133][2267139][debug] GC(81)   from space 17920K, 18% used [0x00000007fdc00000,0x00000007fdf30000,0x00000007fed80000)
[2021-07-20T12:42:10.332+0000][185.795s][2267133][2267139][debug] GC(81)   to   space 16896K, 0% used [0x00000007fef80000,0x00000007fef80000,0x0000000800000000)
[2021-07-20T12:42:10.332+0000][185.795s][2267133][2267139][debug] GC(81)  ParOldGen       total 5592576K, used 3713889K [0x0000000600000000, 0x0000000755580000, 0x0000000755580000)
[2021-07-20T12:42:10.332+0000][185.795s][2267133][2267139][debug] GC(81)   object space 5592576K, 66% used [0x0000000600000000,0x00000006e2ad8680,0x0000000755580000)
[2021-07-20T12:42:10.332+0000][185.795s][2267133][2267139][debug] GC(81)  Metaspace       used 58705K, capacity 60285K, committed 60624K, reserved 1101824K
[2021-07-20T12:42:10.332+0000][185.795s][2267133][2267139][debug] GC(81)   class space    used 7117K, capacity 7800K, committed 7936K, reserved 1048576K
[2021-07-20T12:42:10.332+0000][185.795s][2267133][2267139][info ] Leaving safepoint region
[2021-07-20T12:42:10.332+0000][185.795s][2267133][2267139][info ] Total time for which application threads were stopped: 0.0221571 seconds, Stopping threads took: 0.0000833 seconds
[2021-07-20T12:42:11.333+0000][186.795s][2267133][2267139][info ] Application time: 1.0000704 seconds
[2021-07-20T12:42:11.333+0000][186.795s][2267133][2267139][info ] Entering safepoint region: Cleanup
[2021-07-20T12:42:11.333+0000][186.795s][2267133][2267139][info ] Leaving safepoint region
[2021-07-20T12:42:11.333+0000][186.795s][2267133][2267139][info ] Total time for which application threads were stopped: 0.0003728 seconds, Stopping threads took: 0.0000757 seconds
[2021-07-20T12:42:12.333+0000][187.795s][2267133][2267139][info ] Application time: 1.0000714 seconds
[2021-07-20T12:42:12.333+0000][187.796s][2267133][2267139][info ] Entering safepoint region: Cleanup
[2021-07-20T12:42:12.333+0000][187.796s][2267133][2267139][info ] Leaving safepoint region
[2021-07-20T12:42:12.333+0000][187.796s][2267133][2267139][info ] Total time for which application threads were stopped: 0.0003870 seconds, Stopping threads took: 0.0000865 seconds
[2021-07-20T12:42:13.334+0000][188.796s][2267133][2267139][info ] Application time: 1.0000643 seconds
[2021-07-20T12:42:13.334+0000][188.796s][2267133][2267139][info ] Entering safepoint region: Cleanup
[2021-07-20T12:42:13.334+0000][188.796s][2267133][2267139][info ] Leaving safepoint region
[2021-07-20T12:42:13.334+0000][188.796s][2267133][2267139][info ] Total time for which application threads were stopped: 0.0003770 seconds, Stopping threads took: 0.0000802 seconds
[2021-07-20T12:42:14.334+0000][189.796s][2267133][2267139][info ] Application time: 1.0000628 seconds
[2021-07-20T12:42:14.334+0000][189.797s][2267133][2267139][info ] Entering safepoint region: Cleanup
[2021-07-20T12:42:14.334+0000][189.797s][2267133][2267139][info ] Leaving safepoint region
[2021-07-20T12:42:14.334+0000][189.797s][2267133][2267139][info ] Total time for which application threads were stopped: 0.0003876 seconds, Stopping threads took: 0.0000924 seconds
[2021-07-20T12:42:15.334+0000][190.797s][2267133][2267139][info ] Application time: 1.0000332 seconds
[2021-07-20T12:42:15.335+0000][190.797s][2267133][2267139][info ] Entering safepoint region: Cleanup
[2021-07-20T12:42:15.335+0000][190.797s][2267133][2267139][info ] Leaving safepoint region
[2021-07-20T12:42:15.335+0000][190.797s][2267133][2267139][info ] Total time for which application threads were stopped: 0.0003923 seconds, Stopping threads took: 0.0000837 seconds
[2021-07-20T12:42:16.335+0000][191.797s][2267133][2267139][info ] Application time: 1.0000629 seconds
[2021-07-20T12:42:16.335+0000][191.798s][2267133][2267139][info ] Entering safepoint region: Cleanup
[2021-07-20T12:42:16.335+0000][191.798s][2267133][2267139][info ] Leaving safepoint region
[2021-07-20T12:42:16.335+0000][191.798s][2267133][2267139][info ] Total time for which application threads were stopped: 0.0004074 seconds, Stopping threads took: 0.0001038 seconds
[2021-07-20T12:42:17.335+0000][192.798s][2267133][2267139][info ] Application time: 1.0000638 seconds
[2021-07-20T12:42:17.336+0000][192.798s][2267133][2267139][info ] Entering safepoint region: Cleanup
[2021-07-20T12:42:17.336+0000][192.798s][2267133][2267139][info ] Leaving safepoint region
[2021-07-20T12:42:17.336+0000][192.798s][2267133][2267139][info ] Total time for which application threads were stopped: 0.0003812 seconds, Stopping threads took: 0.0000862 seconds
[2021-07-20T12:42:17.939+0000][193.401s][2267133][2267139][info ] Application time: 0.6029063 seconds
[2021-07-20T12:42:17.939+0000][193.401s][2267133][2267139][info ] Entering safepoint region: ParallelGCFailedAllocation
[2021-07-20T12:42:17.939+0000][193.402s][2267133][2267139][debug] GC(82) Heap before GC invocations=83 (full 3): PSYoungGen      total 2777088K, used 2762432K [0x0000000755580000, 0x0000000800000000, 0x0000000800000000)
[2021-07-20T12:42:17.939+0000][193.402s][2267133][2267139][debug] GC(82)   eden space 2759168K, 100% used [0x0000000755580000,0x00000007fdc00000,0x00000007fdc00000)
[2021-07-20T12:42:17.939+0000][193.402s][2267133][2267139][debug] GC(82)   from space 17920K, 18% used [0x00000007fdc00000,0x00000007fdf30000,0x00000007fed80000)
[2021-07-20T12:42:17.939+0000][193.402s][2267133][2267139][debug] GC(82)   to   space 16896K, 0% used [0x00000007fef80000,0x00000007fef80000,0x0000000800000000)
[2021-07-20T12:42:17.939+0000][193.402s][2267133][2267139][debug] GC(82)  ParOldGen       total 5592576K, used 3713889K [0x0000000600000000, 0x0000000755580000, 0x0000000755580000)
[2021-07-20T12:42:17.939+0000][193.402s][2267133][2267139][debug] GC(82)   object space 5592576K, 66% used [0x0000000600000000,0x00000006e2ad8680,0x0000000755580000)
[2021-07-20T12:42:17.939+0000][193.402s][2267133][2267139][debug] GC(82)  Metaspace       used 58727K, capacity 60349K, committed 60624K, reserved 1101824K
[2021-07-20T12:42:17.939+0000][193.402s][2267133][2267139][debug] GC(82)   class space    used 7117K, capacity 7800K, committed 7936K, reserved 1048576K
[2021-07-20T12:42:17.960+0000][193.422s][2267133][2267139][debug] GC(82) Desired survivor size 16252928 bytes, new threshold 1 (max threshold 15)
[2021-07-20T12:42:17.960+0000][193.423s][2267133][2267139][info ] GC(82) PSYoungGen: 2762432K->2848K(2780160K)
[2021-07-20T12:42:17.960+0000][193.423s][2267133][2267139][info ] GC(82) ParOldGen: 3713889K->3715321K(5592576K)
[2021-07-20T12:42:17.960+0000][193.423s][2267133][2267139][info ] GC(82) Pause Young (Allocation Failure) 6324M->3631M(8176M) 20.722ms
[2021-07-20T12:42:17.960+0000][193.423s][2267133][2267139][debug] GC(82) Heap after GC invocations=83 (full 3): PSYoungGen      total 2780160K, used 2848K [0x0000000755580000, 0x0000000800000000, 0x0000000800000000)
[2021-07-20T12:42:17.960+0000][193.423s][2267133][2267139][debug] GC(82)   eden space 2763264K, 0% used [0x0000000755580000,0x0000000755580000,0x00000007fe000000)
[2021-07-20T12:42:17.960+0000][193.423s][2267133][2267139][debug] GC(82)   from space 16896K, 16% used [0x00000007fef80000,0x00000007ff248000,0x0000000800000000)
[2021-07-20T12:42:17.960+0000][193.423s][2267133][2267139][debug] GC(82)   to   space 15872K, 0% used [0x00000007fe000000,0x00000007fe000000,0x00000007fef80000)
[2021-07-20T12:42:17.960+0000][193.423s][2267133][2267139][debug] GC(82)  ParOldGen       total 5592576K, used 3715321K [0x0000000600000000, 0x0000000755580000, 0x0000000755580000)
[2021-07-20T12:42:17.960+0000][193.423s][2267133][2267139][debug] GC(82)   object space 5592576K, 66% used [0x0000000600000000,0x00000006e2c3e680,0x0000000755580000)
[2021-07-20T12:42:17.960+0000][193.423s][2267133][2267139][debug] GC(82)  Metaspace       used 58727K, capacity 60349K, committed 60624K, reserved 1101824K
[2021-07-20T12:42:17.960+0000][193.423s][2267133][2267139][debug] GC(82)   class space    used 7117K, capacity 7800K, committed 7936K, reserved 1048576K
[2021-07-20T12:42:17.960+0000][193.423s][2267133][2267139][info ] Leaving safepoint region
[2021-07-20T12:42:17.960+0000][193.423s][2267133][2267139][info ] Total time for which application threads were stopped: 0.0213471 seconds, Stopping threads took: 0.0000867 seconds
[2021-07-20T12:42:18.960+0000][194.423s][2267133][2267139][info ] Application time: 1.0000306 seconds
[2021-07-20T12:42:18.960+0000][194.423s][2267133][2267139][info ] Entering safepoint region: Cleanup
[2021-07-20T12:42:18.961+0000][194.423s][2267133][2267139][info ] Leaving safepoint region
[2021-07-20T12:42:18.961+0000][194.423s][2267133][2267139][info ] Total time for which application threads were stopped: 0.0003845 seconds, Stopping threads took: 0.0000861 seconds
[2021-07-20T12:42:19.961+0000][195.423s][2267133][2267139][info ] Application time: 1.0000640 seconds
[2021-07-20T12:42:19.961+0000][195.423s][2267133][2267139][info ] Entering safepoint region: Cleanup
[2021-07-20T12:42:19.961+0000][195.424s][2267133][2267139][info ] Leaving safepoint region
[2021-07-20T12:42:19.961+0000][195.424s][2267133][2267139][info ] Total time for which application threads were stopped: 0.0003845 seconds, Stopping threads took: 0.0000900 seconds
[2021-07-20T12:42:20.961+0000][196.424s][2267133][2267139][info ] Application time: 1.0000457 seconds
[2021-07-20T12:42:20.961+0000][196.424s][2267133][2267139][info ] Entering safepoint region: Cleanup
[2021-07-20T12:42:20.962+0000][196.424s][2267133][2267139][info ] Leaving safepoint region
[2021-07-20T12:42:20.962+0000][196.424s][2267133][2267139][info ] Total time for which application threads were stopped: 0.0003820 seconds, Stopping threads took: 0.0000994 seconds
[2021-07-20T12:42:21.962+0000][197.424s][2267133][2267139][info ] Application time: 1.0000648 seconds
[2021-07-20T12:42:21.962+0000][197.424s][2267133][2267139][info ] Entering safepoint region: Cleanup
[2021-07-20T12:42:21.962+0000][197.425s][2267133][2267139][info ] Leaving safepoint region
[2021-07-20T12:42:21.962+0000][197.425s][2267133][2267139][info ] Total time for which application threads were stopped: 0.0003635 seconds, Stopping threads took: 0.0000812 seconds
[2021-07-20T12:42:22.962+0000][198.425s][2267133][2267139][info ] Application time: 1.0000646 seconds
[2021-07-20T12:42:22.962+0000][198.425s][2267133][2267139][info ] Entering safepoint region: Cleanup
[2021-07-20T12:42:22.963+0000][198.425s][2267133][2267139][info ] Leaving safepoint region
[2021-07-20T12:42:22.963+0000][198.425s][2267133][2267139][info ] Total time for which application threads were stopped: 0.0003739 seconds, Stopping threads took: 0.0000892 seconds
[2021-07-20T12:42:23.963+0000][199.425s][2267133][2267139][info ] Application time: 1.0000831 seconds
[2021-07-20T12:42:23.963+0000][199.425s][2267133][2267139][info ] Entering safepoint region: Cleanup
[2021-07-20T12:42:23.963+0000][199.426s][2267133][2267139][info ] Leaving safepoint region
[2021-07-20T12:42:23.963+0000][199.426s][2267133][2267139][info ] Total time for which application threads were stopped: 0.0003922 seconds, Stopping threads took: 0.0000910 seconds
[2021-07-20T12:42:24.963+0000][200.426s][2267133][2267139][info ] Application time: 1.0000650 seconds
[2021-07-20T12:42:24.963+0000][200.426s][2267133][2267139][info ] Entering safepoint region: Cleanup
[2021-07-20T12:42:24.964+0000][200.426s][2267133][2267139][info ] Leaving safepoint region
[2021-07-20T12:42:24.964+0000][200.426s][2267133][2267139][info ] Total time for which application threads were stopped: 0.0006092 seconds, Stopping threads took: 0.0003201 seconds
[2021-07-20T12:42:25.573+0000][201.035s][2267133][2267139][info ] Application time: 0.6087626 seconds
[2021-07-20T12:42:25.573+0000][201.035s][2267133][2267139][info ] Entering safepoint region: ParallelGCFailedAllocation
[2021-07-20T12:42:25.573+0000][201.036s][2267133][2267139][debug] GC(83) Heap before GC invocations=84 (full 3): PSYoungGen      total 2780160K, used 2766112K [0x0000000755580000, 0x0000000800000000, 0x0000000800000000)
[2021-07-20T12:42:25.573+0000][201.036s][2267133][2267139][debug] GC(83)   eden space 2763264K, 100% used [0x0000000755580000,0x00000007fe000000,0x00000007fe000000)
[2021-07-20T12:42:25.573+0000][201.036s][2267133][2267139][debug] GC(83)   from space 16896K, 16% used [0x00000007fef80000,0x00000007ff248000,0x0000000800000000)
[2021-07-20T12:42:25.573+0000][201.036s][2267133][2267139][debug] GC(83)   to   space 15872K, 0% used [0x00000007fe000000,0x00000007fe000000,0x00000007fef80000)
[2021-07-20T12:42:25.573+0000][201.036s][2267133][2267139][debug] GC(83)  ParOldGen       total 5592576K, used 3715321K [0x0000000600000000, 0x0000000755580000, 0x0000000755580000)
[2021-07-20T12:42:25.573+0000][201.036s][2267133][2267139][debug] GC(83)   object space 5592576K, 66% used [0x0000000600000000,0x00000006e2c3e680,0x0000000755580000)
[2021-07-20T12:42:25.573+0000][201.036s][2267133][2267139][debug] GC(83)  Metaspace       used 58735K, capacity 60350K, committed 60624K, reserved 1101824K
[2021-07-20T12:42:25.573+0000][201.036s][2267133][2267139][debug] GC(83)   class space    used 7117K, capacity 7800K, committed 7936K, reserved 1048576K
[2021-07-20T12:42:25.596+0000][201.058s][2267133][2267139][debug] GC(83) Desired survivor size 15204352 bytes, new threshold 1 (max threshold 15)
[2021-07-20T12:42:25.596+0000][201.058s][2267133][2267139][info ] GC(83) PSYoungGen: 2766112K->2784K(2779136K)
[2021-07-20T12:42:25.596+0000][201.058s][2267133][2267139][info ] GC(83) ParOldGen: 3715321K->3716345K(5592576K)
[2021-07-20T12:42:25.596+0000][201.058s][2267133][2267139][info ] GC(83) Pause Young (Allocation Failure) 6329M->3631M(8175M) 22.776ms
[2021-07-20T12:42:25.596+0000][201.058s][2267133][2267139][debug] GC(83) Heap after GC invocations=84 (full 3): PSYoungGen      total 2779136K, used 2784K [0x0000000755580000, 0x0000000800000000, 0x0000000800000000)
[2021-07-20T12:42:25.596+0000][201.058s][2267133][2267139][debug] GC(83)   eden space 2763264K, 0% used [0x0000000755580000,0x0000000755580000,0x00000007fe000000)
[2021-07-20T12:42:25.596+0000][201.058s][2267133][2267139][debug] GC(83)   from space 15872K, 17% used [0x00000007fe000000,0x00000007fe2b8000,0x00000007fef80000)
[2021-07-20T12:42:25.596+0000][201.058s][2267133][2267139][debug] GC(83)   to   space 14848K, 0% used [0x00000007ff180000,0x00000007ff180000,0x0000000800000000)
[2021-07-20T12:42:25.596+0000][201.059s][2267133][2267139][debug] GC(83)  ParOldGen       total 5592576K, used 3716345K [0x0000000600000000, 0x0000000755580000, 0x0000000755580000)
[2021-07-20T12:42:25.596+0000][201.059s][2267133][2267139][debug] GC(83)   object space 5592576K, 66% used [0x0000000600000000,0x00000006e2d3e680,0x0000000755580000)
[2021-07-20T12:42:25.596+0000][201.059s][2267133][2267139][debug] GC(83)  Metaspace       used 58735K, capacity 60350K, committed 60624K, reserved 1101824K
[2021-07-20T12:42:25.596+0000][201.059s][2267133][2267139][debug] GC(83)   class space    used 7117K, capacity 7800K, committed 7936K, reserved 1048576K
[2021-07-20T12:42:25.596+0000][201.059s][2267133][2267139][info ] Leaving safepoint region
[2021-07-20T12:42:25.596+0000][201.059s][2267133][2267139][info ] Total time for which application threads were stopped: 0.0234145 seconds, Stopping threads took: 0.0000845 seconds
[2021-07-20T12:42:26.596+0000][202.059s][2267133][2267139][info ] Application time: 1.0000697 seconds
[2021-07-20T12:42:26.596+0000][202.059s][2267133][2267139][info ] Entering safepoint region: Cleanup
[2021-07-20T12:42:26.597+0000][202.059s][2267133][2267139][info ] Leaving safepoint region
[2021-07-20T12:42:26.597+0000][202.059s][2267133][2267139][info ] Total time for which application threads were stopped: 0.0003725 seconds, Stopping threads took: 0.0000904 seconds
[2021-07-20T12:42:27.597+0000][203.059s][2267133][2267139][info ] Application time: 1.0000643 seconds
[2021-07-20T12:42:27.597+0000][203.059s][2267133][2267139][info ] Entering safepoint region: Cleanup
[2021-07-20T12:42:27.597+0000][203.060s][2267133][2267139][info ] Leaving safepoint region
[2021-07-20T12:42:27.597+0000][203.060s][2267133][2267139][info ] Total time for which application threads were stopped: 0.0003749 seconds, Stopping threads took: 0.0000859 seconds
[2021-07-20T12:42:28.597+0000][204.060s][2267133][2267139][info ] Application time: 1.0000667 seconds
[2021-07-20T12:42:28.597+0000][204.060s][2267133][2267139][info ] Entering safepoint region: Cleanup
[2021-07-20T12:42:28.598+0000][204.060s][2267133][2267139][info ] Leaving safepoint region
[2021-07-20T12:42:28.598+0000][204.060s][2267133][2267139][info ] Total time for which application threads were stopped: 0.0003907 seconds, Stopping threads took: 0.0000998 seconds
[2021-07-20T12:42:29.598+0000][205.060s][2267133][2267139][info ] Application time: 1.0000655 seconds
[2021-07-20T12:42:29.598+0000][205.060s][2267133][2267139][info ] Entering safepoint region: Cleanup
[2021-07-20T12:42:29.598+0000][205.061s][2267133][2267139][info ] Leaving safepoint region
[2021-07-20T12:42:29.598+0000][205.061s][2267133][2267139][info ] Total time for which application threads were stopped: 0.0004071 seconds, Stopping threads took: 0.0001085 seconds
[2021-07-20T12:42:30.598+0000][206.061s][2267133][2267139][info ] Application time: 1.0000651 seconds
[2021-07-20T12:42:30.598+0000][206.061s][2267133][2267139][info ] Entering safepoint region: Cleanup
[2021-07-20T12:42:30.599+0000][206.061s][2267133][2267139][info ] Leaving safepoint region
[2021-07-20T12:42:30.599+0000][206.061s][2267133][2267139][info ] Total time for which application threads were stopped: 0.0003783 seconds, Stopping threads took: 0.0000896 seconds
[2021-07-20T12:42:31.599+0000][207.061s][2267133][2267139][info ] Application time: 1.0000668 seconds
[2021-07-20T12:42:31.599+0000][207.061s][2267133][2267139][info ] Entering safepoint region: Cleanup
[2021-07-20T12:42:31.599+0000][207.062s][2267133][2267139][info ] Leaving safepoint region
[2021-07-20T12:42:31.599+0000][207.062s][2267133][2267139][info ] Total time for which application threads were stopped: 0.0003692 seconds, Stopping threads took: 0.0000884 seconds
[2021-07-20T12:42:32.599+0000][208.062s][2267133][2267139][info ] Application time: 1.0000657 seconds
[2021-07-20T12:42:32.599+0000][208.062s][2267133][2267139][info ] Entering safepoint region: Cleanup
[2021-07-20T12:42:32.600+0000][208.062s][2267133][2267139][info ] Leaving safepoint region
[2021-07-20T12:42:32.600+0000][208.062s][2267133][2267139][info ] Total time for which application threads were stopped: 0.0003801 seconds, Stopping threads took: 0.0000840 seconds
[2021-07-20T12:42:33.163+0000][208.625s][2267133][2267139][info ] Application time: 0.5631509 seconds
[2021-07-20T12:42:33.163+0000][208.625s][2267133][2267139][info ] Entering safepoint region: ParallelGCFailedAllocation
[2021-07-20T12:42:33.163+0000][208.626s][2267133][2267139][debug] GC(84) Heap before GC invocations=85 (full 3): PSYoungGen      total 2779136K, used 2766048K [0x0000000755580000, 0x0000000800000000, 0x0000000800000000)
[2021-07-20T12:42:33.163+0000][208.626s][2267133][2267139][debug] GC(84)   eden space 2763264K, 100% used [0x0000000755580000,0x00000007fe000000,0x00000007fe000000)
[2021-07-20T12:42:33.163+0000][208.626s][2267133][2267139][debug] GC(84)   from space 15872K, 17% used [0x00000007fe000000,0x00000007fe2b8000,0x00000007fef80000)
[2021-07-20T12:42:33.163+0000][208.626s][2267133][2267139][debug] GC(84)   to   space 14848K, 0% used [0x00000007ff180000,0x00000007ff180000,0x0000000800000000)
[2021-07-20T12:42:33.163+0000][208.626s][2267133][2267139][debug] GC(84)  ParOldGen       total 5592576K, used 3716345K [0x0000000600000000, 0x0000000755580000, 0x0000000755580000)
[2021-07-20T12:42:33.163+0000][208.626s][2267133][2267139][debug] GC(84)   object space 5592576K, 66% used [0x0000000600000000,0x00000006e2d3e680,0x0000000755580000)
[2021-07-20T12:42:33.163+0000][208.626s][2267133][2267139][debug] GC(84)  Metaspace       used 58745K, capacity 60350K, committed 60624K, reserved 1101824K
[2021-07-20T12:42:33.163+0000][208.626s][2267133][2267139][debug] GC(84)   class space    used 7117K, capacity 7800K, committed 7936K, reserved 1048576K
[2021-07-20T12:42:33.186+0000][208.649s][2267133][2267139][debug] GC(84) Desired survivor size 14680064 bytes, new threshold 1 (max threshold 15)
[2021-07-20T12:42:33.186+0000][208.649s][2267133][2267139][info ] GC(84) PSYoungGen: 2766048K->3168K(2781696K)
[2021-07-20T12:42:33.186+0000][208.649s][2267133][2267139][info ] GC(84) ParOldGen: 3716345K->3717449K(5592576K)
[2021-07-20T12:42:33.186+0000][208.649s][2267133][2267139][info ] GC(84) Pause Young (Allocation Failure) 6330M->3633M(8178M) 23.141ms
[2021-07-20T12:42:33.186+0000][208.649s][2267133][2267139][debug] GC(84) Heap after GC invocations=85 (full 3): PSYoungGen      total 2781696K, used 3168K [0x0000000755580000, 0x0000000800000000, 0x0000000800000000)
[2021-07-20T12:42:33.186+0000][208.649s][2267133][2267139][debug] GC(84)   eden space 2766848K, 0% used [0x0000000755580000,0x0000000755580000,0x00000007fe380000)
[2021-07-20T12:42:33.187+0000][208.649s][2267133][2267139][debug] GC(84)   from space 14848K, 21% used [0x00000007ff180000,0x00000007ff498000,0x0000000800000000)
[2021-07-20T12:42:33.187+0000][208.649s][2267133][2267139][debug] GC(84)   to   space 14336K, 0% used [0x00000007fe380000,0x00000007fe380000,0x00000007ff180000)
[2021-07-20T12:42:33.187+0000][208.649s][2267133][2267139][debug] GC(84)  ParOldGen       total 5592576K, used 3717449K [0x0000000600000000, 0x0000000755580000, 0x0000000755580000)
[2021-07-20T12:42:33.187+0000][208.649s][2267133][2267139][debug] GC(84)   object space 5592576K, 66% used [0x0000000600000000,0x00000006e2e52680,0x0000000755580000)
[2021-07-20T12:42:33.187+0000][208.649s][2267133][2267139][debug] GC(84)  Metaspace       used 58745K, capacity 60350K, committed 60624K, reserved 1101824K
[2021-07-20T12:42:33.187+0000][208.649s][2267133][2267139][debug] GC(84)   class space    used 7117K, capacity 7800K, committed 7936K, reserved 1048576K
[2021-07-20T12:42:33.187+0000][208.649s][2267133][2267139][info ] Leaving safepoint region
[2021-07-20T12:42:33.187+0000][208.649s][2267133][2267139][info ] Total time for which application threads were stopped: 0.0237742 seconds, Stopping threads took: 0.0000930 seconds
[2021-07-20T12:42:34.187+0000][209.649s][2267133][2267139][info ] Application time: 1.0000681 seconds
[2021-07-20T12:42:34.187+0000][209.649s][2267133][2267139][info ] Entering safepoint region: Cleanup
[2021-07-20T12:42:34.187+0000][209.650s][2267133][2267139][info ] Leaving safepoint region
[2021-07-20T12:42:34.187+0000][209.650s][2267133][2267139][info ] Total time for which application threads were stopped: 0.0003899 seconds, Stopping threads took: 0.0000824 seconds
[2021-07-20T12:42:35.187+0000][210.650s][2267133][2267139][info ] Application time: 1.0000661 seconds
[2021-07-20T12:42:35.187+0000][210.650s][2267133][2267139][info ] Entering safepoint region: Cleanup
[2021-07-20T12:42:35.188+0000][210.650s][2267133][2267139][info ] Leaving safepoint region
[2021-07-20T12:42:35.188+0000][210.650s][2267133][2267139][info ] Total time for which application threads were stopped: 0.0003847 seconds, Stopping threads took: 0.0000926 seconds
[2021-07-20T12:42:36.188+0000][211.650s][2267133][2267139][info ] Application time: 1.0000642 seconds
[2021-07-20T12:42:36.188+0000][211.650s][2267133][2267139][info ] Entering safepoint region: Cleanup
[2021-07-20T12:42:36.188+0000][211.651s][2267133][2267139][info ] Leaving safepoint region
[2021-07-20T12:42:36.188+0000][211.651s][2267133][2267139][info ] Total time for which application threads were stopped: 0.0004032 seconds, Stopping threads took: 0.0000866 seconds
[2021-07-20T12:42:37.188+0000][212.651s][2267133][2267139][info ] Application time: 1.0000443 seconds
[2021-07-20T12:42:37.188+0000][212.651s][2267133][2267139][info ] Entering safepoint region: Cleanup
[2021-07-20T12:42:37.189+0000][212.651s][2267133][2267139][info ] Leaving safepoint region
[2021-07-20T12:42:37.189+0000][212.651s][2267133][2267139][info ] Total time for which application threads were stopped: 0.0003638 seconds, Stopping threads took: 0.0000801 seconds
[2021-07-20T12:42:38.189+0000][213.651s][2267133][2267139][info ] Application time: 1.0000801 seconds
[2021-07-20T12:42:38.189+0000][213.651s][2267133][2267139][info ] Entering safepoint region: Cleanup
[2021-07-20T12:42:38.189+0000][213.652s][2267133][2267139][info ] Leaving safepoint region
[2021-07-20T12:42:38.189+0000][213.652s][2267133][2267139][info ] Total time for which application threads were stopped: 0.0003963 seconds, Stopping threads took: 0.0000982 seconds
[2021-07-20T12:42:39.189+0000][214.652s][2267133][2267139][info ] Application time: 1.0000647 seconds
[2021-07-20T12:42:39.189+0000][214.652s][2267133][2267139][info ] Entering safepoint region: Cleanup
[2021-07-20T12:42:39.190+0000][214.652s][2267133][2267139][info ] Leaving safepoint region
[2021-07-20T12:42:39.190+0000][214.652s][2267133][2267139][info ] Total time for which application threads were stopped: 0.0003766 seconds, Stopping threads took: 0.0000867 seconds
[2021-07-20T12:42:40.190+0000][215.652s][2267133][2267139][info ] Application time: 1.0000672 seconds
[2021-07-20T12:42:40.190+0000][215.652s][2267133][2267139][info ] Entering safepoint region: Cleanup
[2021-07-20T12:42:40.190+0000][215.653s][2267133][2267139][info ] Leaving safepoint region
[2021-07-20T12:42:40.190+0000][215.653s][2267133][2267139][info ] Total time for which application threads were stopped: 0.0003701 seconds, Stopping threads took: 0.0000838 seconds
[2021-07-20T12:42:40.788+0000][216.251s][2267133][2267139][info ] Application time: 0.5981886 seconds
[2021-07-20T12:42:40.788+0000][216.251s][2267133][2267139][info ] Entering safepoint region: ParallelGCFailedAllocation
[2021-07-20T12:42:40.789+0000][216.251s][2267133][2267139][debug] GC(85) Heap before GC invocations=86 (full 3): PSYoungGen      total 2781696K, used 2770016K [0x0000000755580000, 0x0000000800000000, 0x0000000800000000)
[2021-07-20T12:42:40.789+0000][216.251s][2267133][2267139][debug] GC(85)   eden space 2766848K, 100% used [0x0000000755580000,0x00000007fe380000,0x00000007fe380000)
[2021-07-20T12:42:40.789+0000][216.251s][2267133][2267139][debug] GC(85)   from space 14848K, 21% used [0x00000007ff180000,0x00000007ff498000,0x0000000800000000)
[2021-07-20T12:42:40.789+0000][216.251s][2267133][2267139][debug] GC(85)   to   space 14336K, 0% used [0x00000007fe380000,0x00000007fe380000,0x00000007ff180000)
[2021-07-20T12:42:40.789+0000][216.251s][2267133][2267139][debug] GC(85)  ParOldGen       total 5592576K, used 3717449K [0x0000000600000000, 0x0000000755580000, 0x0000000755580000)
[2021-07-20T12:42:40.789+0000][216.251s][2267133][2267139][debug] GC(85)   object space 5592576K, 66% used [0x0000000600000000,0x00000006e2e52680,0x0000000755580000)
[2021-07-20T12:42:40.789+0000][216.251s][2267133][2267139][debug] GC(85)  Metaspace       used 58758K, capacity 60351K, committed 60624K, reserved 1101824K
[2021-07-20T12:42:40.789+0000][216.251s][2267133][2267139][debug] GC(85)   class space    used 7117K, capacity 7800K, committed 7936K, reserved 1048576K
[2021-07-20T12:42:40.813+0000][216.275s][2267133][2267139][debug] GC(85) Desired survivor size 13631488 bytes, new threshold 1 (max threshold 15)
[2021-07-20T12:42:40.813+0000][216.275s][2267133][2267139][info ] GC(85) PSYoungGen: 2770016K->3360K(2781184K)
[2021-07-20T12:42:40.813+0000][216.275s][2267133][2267139][info ] GC(85) ParOldGen: 3717449K->3719041K(5592576K)
[2021-07-20T12:42:40.813+0000][216.275s][2267133][2267139][info ] GC(85) Pause Young (Allocation Failure) 6335M->3635M(8177M) 24.049ms
[2021-07-20T12:42:40.813+0000][216.275s][2267133][2267139][debug] GC(85) Heap after GC invocations=86 (full 3): PSYoungGen      total 2781184K, used 3360K [0x0000000755580000, 0x0000000800000000, 0x0000000800000000)
[2021-07-20T12:42:40.813+0000][216.275s][2267133][2267139][debug] GC(85)   eden space 2766848K, 0% used [0x0000000755580000,0x0000000755580000,0x00000007fe380000)
[2021-07-20T12:42:40.813+0000][216.275s][2267133][2267139][debug] GC(85)   from space 14336K, 23% used [0x00000007fe380000,0x00000007fe6c8000,0x00000007ff180000)
[2021-07-20T12:42:40.813+0000][216.275s][2267133][2267139][debug] GC(85)   to   space 13312K, 0% used [0x00000007ff300000,0x00000007ff300000,0x0000000800000000)
[2021-07-20T12:42:40.813+0000][216.275s][2267133][2267139][debug] GC(85)  ParOldGen       total 5592576K, used 3719041K [0x0000000600000000, 0x0000000755580000, 0x0000000755580000)
[2021-07-20T12:42:40.813+0000][216.275s][2267133][2267139][debug] GC(85)   object space 5592576K, 66% used [0x0000000600000000,0x00000006e2fe0680,0x0000000755580000)
[2021-07-20T12:42:40.813+0000][216.275s][2267133][2267139][debug] GC(85)  Metaspace       used 58758K, capacity 60351K, committed 60624K, reserved 1101824K
[2021-07-20T12:42:40.813+0000][216.275s][2267133][2267139][debug] GC(85)   class space    used 7117K, capacity 7800K, committed 7936K, reserved 1048576K
[2021-07-20T12:42:40.813+0000][216.276s][2267133][2267139][info ] Leaving safepoint region
[2021-07-20T12:42:40.813+0000][216.276s][2267133][2267139][info ] Total time for which application threads were stopped: 0.0247157 seconds, Stopping threads took: 0.0000954 seconds
[2021-07-20T12:42:41.813+0000][217.276s][2267133][2267139][info ] Application time: 1.0000686 seconds
[2021-07-20T12:42:41.813+0000][217.276s][2267133][2267139][info ] Entering safepoint region: Cleanup
[2021-07-20T12:42:41.814+0000][217.276s][2267133][2267139][info ] Leaving safepoint region
[2021-07-20T12:42:41.814+0000][217.276s][2267133][2267139][info ] Total time for which application threads were stopped: 0.0003868 seconds, Stopping threads took: 0.0000974 seconds
[2021-07-20T12:42:42.814+0000][218.276s][2267133][2267139][info ] Application time: 1.0000656 seconds
[2021-07-20T12:42:42.814+0000][218.276s][2267133][2267139][info ] Entering safepoint region: Cleanup
[2021-07-20T12:42:42.814+0000][218.277s][2267133][2267139][info ] Leaving safepoint region
[2021-07-20T12:42:42.814+0000][218.277s][2267133][2267139][info ] Total time for which application threads were stopped: 0.0003798 seconds, Stopping threads took: 0.0000996 seconds
[2021-07-20T12:42:43.814+0000][219.277s][2267133][2267139][info ] Application time: 1.0000634 seconds
[2021-07-20T12:42:43.814+0000][219.277s][2267133][2267139][info ] Entering safepoint region: Cleanup
[2021-07-20T12:42:43.815+0000][219.277s][2267133][2267139][info ] Leaving safepoint region
[2021-07-20T12:42:43.815+0000][219.277s][2267133][2267139][info ] Total time for which application threads were stopped: 0.0003775 seconds, Stopping threads took: 0.0000880 seconds
[2021-07-20T12:42:44.815+0000][220.277s][2267133][2267139][info ] Application time: 1.0000632 seconds
[2021-07-20T12:42:44.815+0000][220.277s][2267133][2267139][info ] Entering safepoint region: Cleanup
[2021-07-20T12:42:44.815+0000][220.278s][2267133][2267139][info ] Leaving safepoint region
[2021-07-20T12:42:44.815+0000][220.278s][2267133][2267139][info ] Total time for which application threads were stopped: 0.0005245 seconds, Stopping threads took: 0.0002268 seconds
[2021-07-20T12:42:45.815+0000][221.278s][2267133][2267139][info ] Application time: 1.0000247 seconds
[2021-07-20T12:42:45.815+0000][221.278s][2267133][2267139][info ] Entering safepoint region: Cleanup
[2021-07-20T12:42:45.816+0000][221.278s][2267133][2267139][info ] Leaving safepoint region
[2021-07-20T12:42:45.816+0000][221.278s][2267133][2267139][info ] Total time for which application threads were stopped: 0.0003811 seconds, Stopping threads took: 0.0000871 seconds
[2021-07-20T12:42:46.816+0000][222.278s][2267133][2267139][info ] Application time: 1.0000644 seconds
[2021-07-20T12:42:46.816+0000][222.278s][2267133][2267139][info ] Entering safepoint region: Cleanup
[2021-07-20T12:42:46.816+0000][222.279s][2267133][2267139][info ] Leaving safepoint region
[2021-07-20T12:42:46.816+0000][222.279s][2267133][2267139][info ] Total time for which application threads were stopped: 0.0003770 seconds, Stopping threads took: 0.0000908 seconds
[2021-07-20T12:42:47.816+0000][223.279s][2267133][2267139][info ] Application time: 1.0000318 seconds
[2021-07-20T12:42:47.816+0000][223.279s][2267133][2267139][info ] Entering safepoint region: Cleanup
[2021-07-20T12:42:47.817+0000][223.279s][2267133][2267139][info ] Leaving safepoint region
[2021-07-20T12:42:47.817+0000][223.279s][2267133][2267139][info ] Total time for which application threads were stopped: 0.0003785 seconds, Stopping threads took: 0.0000830 seconds
[2021-07-20T12:42:48.410+0000][223.873s][2267133][2267139][info ] Application time: 0.5937564 seconds
[2021-07-20T12:42:48.411+0000][223.873s][2267133][2267139][info ] Entering safepoint region: ParallelGCFailedAllocation
[2021-07-20T12:42:48.411+0000][223.873s][2267133][2267139][debug] GC(86) Heap before GC invocations=87 (full 3): PSYoungGen      total 2781184K, used 2770208K [0x0000000755580000, 0x0000000800000000, 0x0000000800000000)
[2021-07-20T12:42:48.411+0000][223.873s][2267133][2267139][debug] GC(86)   eden space 2766848K, 100% used [0x0000000755580000,0x00000007fe380000,0x00000007fe380000)
[2021-07-20T12:42:48.411+0000][223.873s][2267133][2267139][debug] GC(86)   from space 14336K, 23% used [0x00000007fe380000,0x00000007fe6c8000,0x00000007ff180000)
[2021-07-20T12:42:48.411+0000][223.873s][2267133][2267139][debug] GC(86)   to   space 13312K, 0% used [0x00000007ff300000,0x00000007ff300000,0x0000000800000000)
[2021-07-20T12:42:48.411+0000][223.873s][2267133][2267139][debug] GC(86)  ParOldGen       total 5592576K, used 3719041K [0x0000000600000000, 0x0000000755580000, 0x0000000755580000)
[2021-07-20T12:42:48.411+0000][223.873s][2267133][2267139][debug] GC(86)   object space 5592576K, 66% used [0x0000000600000000,0x00000006e2fe0680,0x0000000755580000)
[2021-07-20T12:42:48.411+0000][223.873s][2267133][2267139][debug] GC(86)  Metaspace       used 58765K, capacity 60351K, committed 60624K, reserved 1101824K
[2021-07-20T12:42:48.411+0000][223.873s][2267133][2267139][debug] GC(86)   class space    used 7117K, capacity 7800K, committed 7936K, reserved 1048576K
[2021-07-20T12:42:48.435+0000][223.897s][2267133][2267139][debug] GC(86) Desired survivor size 13107200 bytes, new threshold 1 (max threshold 15)
[2021-07-20T12:42:48.435+0000][223.897s][2267133][2267139][info ] GC(86) PSYoungGen: 2770208K->3328K(2783232K)
[2021-07-20T12:42:48.435+0000][223.897s][2267133][2267139][info ] GC(86) ParOldGen: 3719041K->3720585K(5592576K)
[2021-07-20T12:42:48.435+0000][223.897s][2267133][2267139][info ] GC(86) Pause Young (Allocation Failure) 6337M->3636M(8179M) 23.850ms
[2021-07-20T12:42:48.435+0000][223.897s][2267133][2267139][debug] GC(86) Heap after GC invocations=87 (full 3): PSYoungGen      total 2783232K, used 3328K [0x0000000755580000, 0x0000000800000000, 0x0000000800000000)
[2021-07-20T12:42:48.435+0000][223.897s][2267133][2267139][debug] GC(86)   eden space 2769920K, 0% used [0x0000000755580000,0x0000000755580000,0x00000007fe680000)
[2021-07-20T12:42:48.435+0000][223.897s][2267133][2267139][debug] GC(86)   from space 13312K, 25% used [0x00000007ff300000,0x00000007ff640000,0x0000000800000000)
[2021-07-20T12:42:48.435+0000][223.897s][2267133][2267139][debug] GC(86)   to   space 12800K, 0% used [0x00000007fe680000,0x00000007fe680000,0x00000007ff300000)
[2021-07-20T12:42:48.435+0000][223.897s][2267133][2267139][debug] GC(86)  ParOldGen       total 5592576K, used 3720585K [0x0000000600000000, 0x0000000755580000, 0x0000000755580000)
[2021-07-20T12:42:48.435+0000][223.897s][2267133][2267139][debug] GC(86)   object space 5592576K, 66% used [0x0000000600000000,0x00000006e3162680,0x0000000755580000)
[2021-07-20T12:42:48.435+0000][223.897s][2267133][2267139][debug] GC(86)  Metaspace       used 58765K, capacity 60351K, committed 60624K, reserved 1101824K
[2021-07-20T12:42:48.435+0000][223.897s][2267133][2267139][debug] GC(86)   class space    used 7117K, capacity 7800K, committed 7936K, reserved 1048576K
[2021-07-20T12:42:48.435+0000][223.897s][2267133][2267139][info ] Leaving safepoint region
[2021-07-20T12:42:48.435+0000][223.897s][2267133][2267139][info ] Total time for which application threads were stopped: 0.0245149 seconds, Stopping threads took: 0.0000825 seconds
[2021-07-20T12:42:49.435+0000][224.898s][2267133][2267139][info ] Application time: 1.0000739 seconds
[2021-07-20T12:42:49.435+0000][224.898s][2267133][2267139][info ] Entering safepoint region: Cleanup
[2021-07-20T12:42:49.435+0000][224.898s][2267133][2267139][info ] Leaving safepoint region
[2021-07-20T12:42:49.435+0000][224.898s][2267133][2267139][info ] Total time for which application threads were stopped: 0.0003861 seconds, Stopping threads took: 0.0000898 seconds
[2021-07-20T12:42:50.436+0000][225.898s][2267133][2267139][info ] Application time: 1.0000628 seconds
[2021-07-20T12:42:50.436+0000][225.898s][2267133][2267139][info ] Entering safepoint region: Cleanup
[2021-07-20T12:42:50.436+0000][225.898s][2267133][2267139][info ] Leaving safepoint region
[2021-07-20T12:42:50.436+0000][225.898s][2267133][2267139][info ] Total time for which application threads were stopped: 0.0003878 seconds, Stopping threads took: 0.0000961 seconds
[2021-07-20T12:42:51.436+0000][226.899s][2267133][2267139][info ] Application time: 1.0000713 seconds
[2021-07-20T12:42:51.436+0000][226.899s][2267133][2267139][info ] Entering safepoint region: Cleanup
[2021-07-20T12:42:51.437+0000][226.899s][2267133][2267139][info ] Leaving safepoint region
[2021-07-20T12:42:51.437+0000][226.899s][2267133][2267139][info ] Total time for which application threads were stopped: 0.0004261 seconds, Stopping threads took: 0.0001182 seconds
[2021-07-20T12:42:52.437+0000][227.899s][2267133][2267139][info ] Application time: 1.0000691 seconds
[2021-07-20T12:42:52.437+0000][227.899s][2267133][2267139][info ] Entering safepoint region: Cleanup
[2021-07-20T12:42:52.437+0000][227.899s][2267133][2267139][info ] Leaving safepoint region
[2021-07-20T12:42:52.437+0000][227.900s][2267133][2267139][info ] Total time for which application threads were stopped: 0.0003811 seconds, Stopping threads took: 0.0000843 seconds
[2021-07-20T12:42:53.437+0000][228.900s][2267133][2267139][info ] Application time: 1.0000655 seconds
[2021-07-20T12:42:53.437+0000][228.900s][2267133][2267139][info ] Entering safepoint region: Cleanup
[2021-07-20T12:42:53.438+0000][228.900s][2267133][2267139][info ] Leaving safepoint region
[2021-07-20T12:42:53.438+0000][228.900s][2267133][2267139][info ] Total time for which application threads were stopped: 0.0003959 seconds, Stopping threads took: 0.0000785 seconds
[2021-07-20T12:42:54.438+0000][229.900s][2267133][2267139][info ] Application time: 1.0000630 seconds
[2021-07-20T12:42:54.438+0000][229.900s][2267133][2267139][info ] Entering safepoint region: Cleanup
[2021-07-20T12:42:54.438+0000][229.900s][2267133][2267139][info ] Leaving safepoint region
[2021-07-20T12:42:54.438+0000][229.900s][2267133][2267139][info ] Total time for which application threads were stopped: 0.0003763 seconds, Stopping threads took: 0.0000856 seconds
[2021-07-20T12:42:55.438+0000][230.901s][2267133][2267139][info ] Application time: 1.0000657 seconds
[2021-07-20T12:42:55.438+0000][230.901s][2267133][2267139][info ] Entering safepoint region: Cleanup
[2021-07-20T12:42:55.439+0000][230.901s][2267133][2267139][info ] Leaving safepoint region
[2021-07-20T12:42:55.439+0000][230.901s][2267133][2267139][info ] Total time for which application threads were stopped: 0.0003920 seconds, Stopping threads took: 0.0000885 seconds
[2021-07-20T12:42:56.054+0000][231.517s][2267133][2267139][info ] Application time: 0.6157922 seconds
[2021-07-20T12:42:56.054+0000][231.517s][2267133][2267139][info ] Entering safepoint region: ParallelGCFailedAllocation
[2021-07-20T12:42:56.055+0000][231.517s][2267133][2267139][debug] GC(87) Heap before GC invocations=88 (full 3): PSYoungGen      total 2783232K, used 2773248K [0x0000000755580000, 0x0000000800000000, 0x0000000800000000)
[2021-07-20T12:42:56.055+0000][231.517s][2267133][2267139][debug] GC(87)   eden space 2769920K, 100% used [0x0000000755580000,0x00000007fe680000,0x00000007fe680000)
[2021-07-20T12:42:56.055+0000][231.517s][2267133][2267139][debug] GC(87)   from space 13312K, 25% used [0x00000007ff300000,0x00000007ff640000,0x0000000800000000)
[2021-07-20T12:42:56.055+0000][231.517s][2267133][2267139][debug] GC(87)   to   space 12800K, 0% used [0x00000007fe680000,0x00000007fe680000,0x00000007ff300000)
[2021-07-20T12:42:56.055+0000][231.517s][2267133][2267139][debug] GC(87)  ParOldGen       total 5592576K, used 3720585K [0x0000000600000000, 0x0000000755580000, 0x0000000755580000)
[2021-07-20T12:42:56.055+0000][231.517s][2267133][2267139][debug] GC(87)   object space 5592576K, 66% used [0x0000000600000000,0x00000006e3162680,0x0000000755580000)
[2021-07-20T12:42:56.055+0000][231.517s][2267133][2267139][debug] GC(87)  Metaspace       used 58783K, capacity 60351K, committed 60624K, reserved 1101824K
[2021-07-20T12:42:56.055+0000][231.517s][2267133][2267139][debug] GC(87)   class space    used 7117K, capacity 7800K, committed 7936K, reserved 1048576K
[2021-07-20T12:42:56.078+0000][231.541s][2267133][2267139][debug] GC(87) Desired survivor size 12058624 bytes, new threshold 1 (max threshold 15)
[2021-07-20T12:42:56.079+0000][231.541s][2267133][2267139][info ] GC(87) PSYoungGen: 2773248K->3232K(2782720K)
[2021-07-20T12:42:56.079+0000][231.541s][2267133][2267139][info ] GC(87) ParOldGen: 3720585K->3722097K(5592576K)
[2021-07-20T12:42:56.079+0000][231.541s][2267133][2267139][info ] GC(87) Pause Young (Allocation Failure) 6341M->3638M(8179M) 23.743ms
[2021-07-20T12:42:56.079+0000][231.541s][2267133][2267139][debug] GC(87) Heap after GC invocations=88 (full 3): PSYoungGen      total 2782720K, used 3232K [0x0000000755580000, 0x0000000800000000, 0x0000000800000000)
[2021-07-20T12:42:56.079+0000][231.541s][2267133][2267139][debug] GC(87)   eden space 2769920K, 0% used [0x0000000755580000,0x0000000755580000,0x00000007fe680000)
[2021-07-20T12:42:56.079+0000][231.541s][2267133][2267139][debug] GC(87)   from space 12800K, 25% used [0x00000007fe680000,0x00000007fe9a8000,0x00000007ff300000)
[2021-07-20T12:42:56.079+0000][231.541s][2267133][2267139][debug] GC(87)   to   space 11776K, 0% used [0x00000007ff480000,0x00000007ff480000,0x0000000800000000)
[2021-07-20T12:42:56.079+0000][231.541s][2267133][2267139][debug] GC(87)  ParOldGen       total 5592576K, used 3722097K [0x0000000600000000, 0x0000000755580000, 0x0000000755580000)
[2021-07-20T12:42:56.079+0000][231.541s][2267133][2267139][debug] GC(87)   object space 5592576K, 66% used [0x0000000600000000,0x00000006e32dc680,0x0000000755580000)
[2021-07-20T12:42:56.079+0000][231.541s][2267133][2267139][debug] GC(87)  Metaspace       used 58783K, capacity 60351K, committed 60624K, reserved 1101824K
[2021-07-20T12:42:56.079+0000][231.541s][2267133][2267139][debug] GC(87)   class space    used 7117K, capacity 7800K, committed 7936K, reserved 1048576K
[2021-07-20T12:42:56.079+0000][231.541s][2267133][2267139][info ] Leaving safepoint region
[2021-07-20T12:42:56.079+0000][231.541s][2267133][2267139][info ] Total time for which application threads were stopped: 0.0244158 seconds, Stopping threads took: 0.0000840 seconds
[2021-07-20T12:42:57.079+0000][232.541s][2267133][2267139][info ] Application time: 1.0000688 seconds
[2021-07-20T12:42:57.079+0000][232.541s][2267133][2267139][info ] Entering safepoint region: Cleanup
[2021-07-20T12:42:57.079+0000][232.542s][2267133][2267139][info ] Leaving safepoint region
[2021-07-20T12:42:57.079+0000][232.542s][2267133][2267139][info ] Total time for which application threads were stopped: 0.0003776 seconds, Stopping threads took: 0.0000811 seconds
[2021-07-20T12:42:58.079+0000][233.542s][2267133][2267139][info ] Application time: 1.0000649 seconds
[2021-07-20T12:42:58.079+0000][233.542s][2267133][2267139][info ] Entering safepoint region: Cleanup
[2021-07-20T12:42:58.080+0000][233.542s][2267133][2267139][info ] Leaving safepoint region
[2021-07-20T12:42:58.080+0000][233.542s][2267133][2267139][info ] Total time for which application threads were stopped: 0.0003919 seconds, Stopping threads took: 0.0000981 seconds
[2021-07-20T12:42:59.080+0000][234.542s][2267133][2267139][info ] Application time: 1.0000686 seconds
[2021-07-20T12:42:59.080+0000][234.542s][2267133][2267139][info ] Entering safepoint region: Cleanup
[2021-07-20T12:42:59.080+0000][234.543s][2267133][2267139][info ] Leaving safepoint region
[2021-07-20T12:42:59.080+0000][234.543s][2267133][2267139][info ] Total time for which application threads were stopped: 0.0003746 seconds, Stopping threads took: 0.0000773 seconds
[2021-07-20T12:43:00.080+0000][235.543s][2267133][2267139][info ] Application time: 1.0000656 seconds
[2021-07-20T12:43:00.080+0000][235.543s][2267133][2267139][info ] Entering safepoint region: Cleanup
[2021-07-20T12:43:00.081+0000][235.543s][2267133][2267139][info ] Leaving safepoint region
[2021-07-20T12:43:00.081+0000][235.543s][2267133][2267139][info ] Total time for which application threads were stopped: 0.0003742 seconds, Stopping threads took: 0.0000906 seconds
[2021-07-20T12:43:01.081+0000][236.543s][2267133][2267139][info ] Application time: 1.0000681 seconds
[2021-07-20T12:43:01.081+0000][236.543s][2267133][2267139][info ] Entering safepoint region: Cleanup
[2021-07-20T12:43:01.081+0000][236.544s][2267133][2267139][info ] Leaving safepoint region
[2021-07-20T12:43:01.081+0000][236.544s][2267133][2267139][info ] Total time for which application threads were stopped: 0.0005710 seconds, Stopping threads took: 0.0001350 seconds
[2021-07-20T12:43:02.082+0000][237.544s][2267133][2267139][info ] Application time: 1.0000694 seconds
[2021-07-20T12:43:02.082+0000][237.544s][2267133][2267139][info ] Entering safepoint region: Cleanup
[2021-07-20T12:43:02.082+0000][237.544s][2267133][2267139][info ] Leaving safepoint region
[2021-07-20T12:43:02.082+0000][237.544s][2267133][2267139][info ] Total time for which application threads were stopped: 0.0003768 seconds, Stopping threads took: 0.0000913 seconds
[2021-07-20T12:43:03.082+0000][238.545s][2267133][2267139][info ] Application time: 1.0000556 seconds
[2021-07-20T12:43:03.082+0000][238.545s][2267133][2267139][info ] Entering safepoint region: Cleanup
[2021-07-20T12:43:03.082+0000][238.545s][2267133][2267139][info ] Leaving safepoint region
[2021-07-20T12:43:03.082+0000][238.545s][2267133][2267139][info ] Total time for which application threads were stopped: 0.0003775 seconds, Stopping threads took: 0.0000817 seconds
[2021-07-20T12:43:03.730+0000][239.192s][2267133][2267139][info ] Application time: 0.6474449 seconds
[2021-07-20T12:43:03.730+0000][239.193s][2267133][2267139][info ] Entering safepoint region: ParallelGCFailedAllocation
[2021-07-20T12:43:03.730+0000][239.193s][2267133][2267139][debug] GC(88) Heap before GC invocations=89 (full 3): PSYoungGen      total 2782720K, used 2773152K [0x0000000755580000, 0x0000000800000000, 0x0000000800000000)
[2021-07-20T12:43:03.730+0000][239.193s][2267133][2267139][debug] GC(88)   eden space 2769920K, 100% used [0x0000000755580000,0x00000007fe680000,0x00000007fe680000)
[2021-07-20T12:43:03.730+0000][239.193s][2267133][2267139][debug] GC(88)   from space 12800K, 25% used [0x00000007fe680000,0x00000007fe9a8000,0x00000007ff300000)
[2021-07-20T12:43:03.730+0000][239.193s][2267133][2267139][debug] GC(88)   to   space 11776K, 0% used [0x00000007ff480000,0x00000007ff480000,0x0000000800000000)
[2021-07-20T12:43:03.730+0000][239.193s][2267133][2267139][debug] GC(88)  ParOldGen       total 5592576K, used 3722097K [0x0000000600000000, 0x0000000755580000, 0x0000000755580000)
[2021-07-20T12:43:03.730+0000][239.193s][2267133][2267139][debug] GC(88)   object space 5592576K, 66% used [0x0000000600000000,0x00000006e32dc680,0x0000000755580000)
[2021-07-20T12:43:03.730+0000][239.193s][2267133][2267139][debug] GC(88)  Metaspace       used 58787K, capacity 60415K, committed 60880K, reserved 1101824K
[2021-07-20T12:43:03.730+0000][239.193s][2267133][2267139][debug] GC(88)   class space    used 7117K, capacity 7800K, committed 7936K, reserved 1048576K
[2021-07-20T12:43:03.754+0000][239.216s][2267133][2267139][debug] GC(88) Desired survivor size 11534336 bytes, new threshold 1 (max threshold 15)
[2021-07-20T12:43:03.754+0000][239.217s][2267133][2267139][info ] GC(88) PSYoungGen: 2773152K->3072K(2784768K)
[2021-07-20T12:43:03.754+0000][239.217s][2267133][2267139][info ] GC(88) ParOldGen: 3722097K->3723473K(5592576K)
[2021-07-20T12:43:03.754+0000][239.217s][2267133][2267139][info ] GC(88) Pause Young (Allocation Failure) 6343M->3639M(8181M) 23.677ms
[2021-07-20T12:43:03.754+0000][239.217s][2267133][2267139][debug] GC(88) Heap after GC invocations=89 (full 3): PSYoungGen      total 2784768K, used 3072K [0x0000000755580000, 0x0000000800000000, 0x0000000800000000)
[2021-07-20T12:43:03.754+0000][239.217s][2267133][2267139][debug] GC(88)   eden space 2772992K, 0% used [0x0000000755580000,0x0000000755580000,0x00000007fe980000)
[2021-07-20T12:43:03.754+0000][239.217s][2267133][2267139][debug] GC(88)   from space 11776K, 26% used [0x00000007ff480000,0x00000007ff780000,0x0000000800000000)
[2021-07-20T12:43:03.754+0000][239.217s][2267133][2267139][debug] GC(88)   to   space 11264K, 0% used [0x00000007fe980000,0x00000007fe980000,0x00000007ff480000)
[2021-07-20T12:43:03.754+0000][239.217s][2267133][2267139][debug] GC(88)  ParOldGen       total 5592576K, used 3723473K [0x0000000600000000, 0x0000000755580000, 0x0000000755580000)
[2021-07-20T12:43:03.754+0000][239.217s][2267133][2267139][debug] GC(88)   object space 5592576K, 66% used [0x0000000600000000,0x00000006e3434680,0x0000000755580000)
[2021-07-20T12:43:03.754+0000][239.217s][2267133][2267139][debug] GC(88)  Metaspace       used 58787K, capacity 60415K, committed 60880K, reserved 1101824K
[2021-07-20T12:43:03.754+0000][239.217s][2267133][2267139][debug] GC(88)   class space    used 7117K, capacity 7800K, committed 7936K, reserved 1048576K
[2021-07-20T12:43:03.754+0000][239.217s][2267133][2267139][info ] Leaving safepoint region
[2021-07-20T12:43:03.754+0000][239.217s][2267133][2267139][info ] Total time for which application threads were stopped: 0.0243568 seconds, Stopping threads took: 0.0000962 seconds
[2021-07-20T12:43:04.754+0000][240.217s][2267133][2267139][info ] Application time: 1.0000693 seconds
[2021-07-20T12:43:04.755+0000][240.217s][2267133][2267139][info ] Entering safepoint region: Cleanup
[2021-07-20T12:43:04.755+0000][240.217s][2267133][2267139][info ] Leaving safepoint region
[2021-07-20T12:43:04.755+0000][240.217s][2267133][2267139][info ] Total time for which application threads were stopped: 0.0003653 seconds, Stopping threads took: 0.0000830 seconds
[2021-07-20T12:43:05.755+0000][241.217s][2267133][2267139][info ] Application time: 1.0000660 seconds
[2021-07-20T12:43:05.755+0000][241.217s][2267133][2267139][info ] Entering safepoint region: Cleanup
[2021-07-20T12:43:05.755+0000][241.218s][2267133][2267139][info ] Leaving safepoint region
[2021-07-20T12:43:05.755+0000][241.218s][2267133][2267139][info ] Total time for which application threads were stopped: 0.0003741 seconds, Stopping threads took: 0.0000790 seconds
[2021-07-20T12:43:10.756+0000][246.218s][2267133][2267139][info ] Application time: 5.0003113 seconds
[2021-07-20T12:43:10.756+0000][246.218s][2267133][2267139][info ] Entering safepoint region: Cleanup
[2021-07-20T12:43:10.756+0000][246.218s][2267133][2267139][info ] Leaving safepoint region
[2021-07-20T12:43:10.756+0000][246.218s][2267133][2267139][info ] Total time for which application threads were stopped: 0.0003663 seconds, Stopping threads took: 0.0000795 seconds
[2021-07-20T12:43:11.348+0000][246.811s][2267133][2267139][info ] Application time: 0.5921116 seconds
[2021-07-20T12:43:11.348+0000][246.811s][2267133][2267139][info ] Entering safepoint region: ParallelGCFailedAllocation
[2021-07-20T12:43:11.349+0000][246.811s][2267133][2267139][debug] GC(89) Heap before GC invocations=90 (full 3): PSYoungGen      total 2784768K, used 2776064K [0x0000000755580000, 0x0000000800000000, 0x0000000800000000)
[2021-07-20T12:43:11.349+0000][246.811s][2267133][2267139][debug] GC(89)   eden space 2772992K, 100% used [0x0000000755580000,0x00000007fe980000,0x00000007fe980000)
[2021-07-20T12:43:11.349+0000][246.811s][2267133][2267139][debug] GC(89)   from space 11776K, 26% used [0x00000007ff480000,0x00000007ff780000,0x0000000800000000)
[2021-07-20T12:43:11.349+0000][246.811s][2267133][2267139][debug] GC(89)   to   space 11264K, 0% used [0x00000007fe980000,0x00000007fe980000,0x00000007ff480000)
[2021-07-20T12:43:11.349+0000][246.811s][2267133][2267139][debug] GC(89)  ParOldGen       total 5592576K, used 3723473K [0x0000000600000000, 0x0000000755580000, 0x0000000755580000)
[2021-07-20T12:43:11.349+0000][246.811s][2267133][2267139][debug] GC(89)   object space 5592576K, 66% used [0x0000000600000000,0x00000006e3434680,0x0000000755580000)
[2021-07-20T12:43:11.349+0000][246.811s][2267133][2267139][debug] GC(89)  Metaspace       used 58789K, capacity 60415K, committed 60880K, reserved 1101824K
[2021-07-20T12:43:11.349+0000][246.811s][2267133][2267139][debug] GC(89)   class space    used 7117K, capacity 7800K, committed 7936K, reserved 1048576K
[2021-07-20T12:43:11.372+0000][246.834s][2267133][2267139][debug] GC(89) Desired survivor size 11010048 bytes, new threshold 1 (max threshold 15)
[2021-07-20T12:43:11.372+0000][246.834s][2267133][2267139][info ] GC(89) PSYoungGen: 2776064K->3168K(2784256K)
[2021-07-20T12:43:11.372+0000][246.834s][2267133][2267139][info ] GC(89) ParOldGen: 3723473K->3724649K(5592576K)
[2021-07-20T12:43:11.372+0000][246.835s][2267133][2267139][info ] GC(89) Pause Young (Allocation Failure) 6347M->3640M(8180M) 23.381ms
[2021-07-20T12:43:11.372+0000][246.835s][2267133][2267139][debug] GC(89) Heap after GC invocations=90 (full 3): PSYoungGen      total 2784256K, used 3168K [0x0000000755580000, 0x0000000800000000, 0x0000000800000000)
[2021-07-20T12:43:11.372+0000][246.835s][2267133][2267139][debug] GC(89)   eden space 2772992K, 0% used [0x0000000755580000,0x0000000755580000,0x00000007fe980000)
[2021-07-20T12:43:11.372+0000][246.835s][2267133][2267139][debug] GC(89)   from space 11264K, 28% used [0x00000007fe980000,0x00000007fec98000,0x00000007ff480000)
[2021-07-20T12:43:11.372+0000][246.835s][2267133][2267139][debug] GC(89)   to   space 10752K, 0% used [0x00000007ff580000,0x00000007ff580000,0x0000000800000000)
[2021-07-20T12:43:11.372+0000][246.835s][2267133][2267139][debug] GC(89)  ParOldGen       total 5592576K, used 3724649K [0x0000000600000000, 0x0000000755580000, 0x0000000755580000)
[2021-07-20T12:43:11.372+0000][246.835s][2267133][2267139][debug] GC(89)   object space 5592576K, 66% used [0x0000000600000000,0x00000006e355a680,0x0000000755580000)
[2021-07-20T12:43:11.372+0000][246.835s][2267133][2267139][debug] GC(89)  Metaspace       used 58789K, capacity 60415K, committed 60880K, reserved 1101824K
[2021-07-20T12:43:11.372+0000][246.835s][2267133][2267139][debug] GC(89)   class space    used 7117K, capacity 7800K, committed 7936K, reserved 1048576K
[2021-07-20T12:43:11.372+0000][246.835s][2267133][2267139][info ] Leaving safepoint region
[2021-07-20T12:43:11.372+0000][246.835s][2267133][2267139][info ] Total time for which application threads were stopped: 0.0240045 seconds, Stopping threads took: 0.0000845 seconds
[2021-07-20T12:43:19.036+0000][254.498s][2267133][2267139][info ] Application time: 7.6635126 seconds
[2021-07-20T12:43:19.036+0000][254.498s][2267133][2267139][info ] Entering safepoint region: ParallelGCFailedAllocation
[2021-07-20T12:43:19.036+0000][254.499s][2267133][2267139][debug] GC(90) Heap before GC invocations=91 (full 3): PSYoungGen      total 2784256K, used 2776160K [0x0000000755580000, 0x0000000800000000, 0x0000000800000000)
[2021-07-20T12:43:19.036+0000][254.499s][2267133][2267139][debug] GC(90)   eden space 2772992K, 100% used [0x0000000755580000,0x00000007fe980000,0x00000007fe980000)
[2021-07-20T12:43:19.036+0000][254.499s][2267133][2267139][debug] GC(90)   from space 11264K, 28% used [0x00000007fe980000,0x00000007fec98000,0x00000007ff480000)
[2021-07-20T12:43:19.036+0000][254.499s][2267133][2267139][debug] GC(90)   to   space 10752K, 0% used [0x00000007ff580000,0x00000007ff580000,0x0000000800000000)
[2021-07-20T12:43:19.036+0000][254.499s][2267133][2267139][debug] GC(90)  ParOldGen       total 5592576K, used 3724649K [0x0000000600000000, 0x0000000755580000, 0x0000000755580000)
[2021-07-20T12:43:19.036+0000][254.499s][2267133][2267139][debug] GC(90)   object space 5592576K, 66% used [0x0000000600000000,0x00000006e355a680,0x0000000755580000)
[2021-07-20T12:43:19.036+0000][254.499s][2267133][2267139][debug] GC(90)  Metaspace       used 58806K, capacity 60416K, committed 60880K, reserved 1101824K
[2021-07-20T12:43:19.036+0000][254.499s][2267133][2267139][debug] GC(90)   class space    used 7117K, capacity 7800K, committed 7936K, reserved 1048576K
[2021-07-20T12:43:19.060+0000][254.522s][2267133][2267139][debug] GC(90) Desired survivor size 10485760 bytes, new threshold 1 (max threshold 15)
[2021-07-20T12:43:19.060+0000][254.522s][2267133][2267139][info ] GC(90) PSYoungGen: 2776160K->3264K(2785792K)
[2021-07-20T12:43:19.060+0000][254.522s][2267133][2267139][info ] GC(90) ParOldGen: 3724649K->3726001K(5592576K)
[2021-07-20T12:43:19.060+0000][254.522s][2267133][2267139][info ] GC(90) Pause Young (Allocation Failure) 6348M->3641M(8182M) 23.686ms
[2021-07-20T12:43:19.060+0000][254.522s][2267133][2267139][debug] GC(90) Heap after GC invocations=91 (full 3): PSYoungGen      total 2785792K, used 3264K [0x0000000755580000, 0x0000000800000000, 0x0000000800000000)
[2021-07-20T12:43:19.060+0000][254.522s][2267133][2267139][debug] GC(90)   eden space 2775040K, 0% used [0x0000000755580000,0x0000000755580000,0x00000007feb80000)
[2021-07-20T12:43:19.060+0000][254.522s][2267133][2267139][debug] GC(90)   from space 10752K, 30% used [0x00000007ff580000,0x00000007ff8b0000,0x0000000800000000)
[2021-07-20T12:43:19.060+0000][254.522s][2267133][2267139][debug] GC(90)   to   space 10240K, 0% used [0x00000007feb80000,0x00000007feb80000,0x00000007ff580000)
[2021-07-20T12:43:19.060+0000][254.522s][2267133][2267139][debug] GC(90)  ParOldGen       total 5592576K, used 3726001K [0x0000000600000000, 0x0000000755580000, 0x0000000755580000)
[2021-07-20T12:43:19.060+0000][254.522s][2267133][2267139][debug] GC(90)   object space 5592576K, 66% used [0x0000000600000000,0x00000006e36ac680,0x0000000755580000)
[2021-07-20T12:43:19.060+0000][254.522s][2267133][2267139][debug] GC(90)  Metaspace       used 58806K, capacity 60416K, committed 60880K, reserved 1101824K
[2021-07-20T12:43:19.060+0000][254.522s][2267133][2267139][debug] GC(90)   class space    used 7117K, capacity 7800K, committed 7936K, reserved 1048576K
[2021-07-20T12:43:19.060+0000][254.523s][2267133][2267139][info ] Leaving safepoint region
[2021-07-20T12:43:19.060+0000][254.523s][2267133][2267139][info ] Total time for which application threads were stopped: 0.0243485 seconds, Stopping threads took: 0.0000921 seconds
[2021-07-20T12:43:20.060+0000][255.523s][2267133][2267139][info ] Application time: 1.0000672 seconds
[2021-07-20T12:43:20.060+0000][255.523s][2267133][2267139][info ] Entering safepoint region: Cleanup
[2021-07-20T12:43:20.061+0000][255.523s][2267133][2267139][info ] Leaving safepoint region
[2021-07-20T12:43:20.061+0000][255.523s][2267133][2267139][info ] Total time for which application threads were stopped: 0.0003768 seconds, Stopping threads took: 0.0000816 seconds
[2021-07-20T12:43:21.061+0000][256.523s][2267133][2267139][info ] Application time: 1.0000654 seconds
[2021-07-20T12:43:21.061+0000][256.523s][2267133][2267139][info ] Entering safepoint region: Cleanup
[2021-07-20T12:43:21.061+0000][256.524s][2267133][2267139][info ] Leaving safepoint region
[2021-07-20T12:43:21.061+0000][256.524s][2267133][2267139][info ] Total time for which application threads were stopped: 0.0003832 seconds, Stopping threads took: 0.0000869 seconds
[2021-07-20T12:43:25.061+0000][260.524s][2267133][2267139][info ] Application time: 4.0001755 seconds
[2021-07-20T12:43:25.061+0000][260.524s][2267133][2267139][info ] Entering safepoint region: Cleanup
[2021-07-20T12:43:25.062+0000][260.524s][2267133][2267139][info ] Leaving safepoint region
[2021-07-20T12:43:25.062+0000][260.524s][2267133][2267139][info ] Total time for which application threads were stopped: 0.0003695 seconds, Stopping threads took: 0.0000830 seconds
[2021-07-20T12:43:26.062+0000][261.524s][2267133][2267139][info ] Application time: 1.0000657 seconds
[2021-07-20T12:43:26.062+0000][261.524s][2267133][2267139][info ] Entering safepoint region: Cleanup
[2021-07-20T12:43:26.062+0000][261.525s][2267133][2267139][info ] Leaving safepoint region
[2021-07-20T12:43:26.062+0000][261.525s][2267133][2267139][info ] Total time for which application threads were stopped: 0.0003563 seconds, Stopping threads took: 0.0000779 seconds
[2021-07-20T12:43:26.725+0000][262.187s][2267133][2267139][info ] Application time: 0.6626668 seconds
[2021-07-20T12:43:26.725+0000][262.187s][2267133][2267139][info ] Entering safepoint region: ParallelGCFailedAllocation
[2021-07-20T12:43:26.725+0000][262.188s][2267133][2267139][debug] GC(91) Heap before GC invocations=92 (full 3): PSYoungGen      total 2785792K, used 2778303K [0x0000000755580000, 0x0000000800000000, 0x0000000800000000)
[2021-07-20T12:43:26.725+0000][262.188s][2267133][2267139][debug] GC(91)   eden space 2775040K, 99% used [0x0000000755580000,0x00000007feb7fff0,0x00000007feb80000)
[2021-07-20T12:43:26.725+0000][262.188s][2267133][2267139][debug] GC(91)   from space 10752K, 30% used [0x00000007ff580000,0x00000007ff8b0000,0x0000000800000000)
[2021-07-20T12:43:26.725+0000][262.188s][2267133][2267139][debug] GC(91)   to   space 10240K, 0% used [0x00000007feb80000,0x00000007feb80000,0x00000007ff580000)
[2021-07-20T12:43:26.725+0000][262.188s][2267133][2267139][debug] GC(91)  ParOldGen       total 5592576K, used 3726001K [0x0000000600000000, 0x0000000755580000, 0x0000000755580000)
[2021-07-20T12:43:26.725+0000][262.188s][2267133][2267139][debug] GC(91)   object space 5592576K, 66% used [0x0000000600000000,0x00000006e36ac680,0x0000000755580000)
[2021-07-20T12:43:26.725+0000][262.188s][2267133][2267139][debug] GC(91)  Metaspace       used 58842K, capacity 60482K, committed 60880K, reserved 1101824K
[2021-07-20T12:43:26.725+0000][262.188s][2267133][2267139][debug] GC(91)   class space    used 7117K, capacity 7800K, committed 7936K, reserved 1048576K
[2021-07-20T12:43:26.749+0000][262.211s][2267133][2267139][debug] GC(91) Desired survivor size 9961472 bytes, new threshold 1 (max threshold 15)
[2021-07-20T12:43:26.749+0000][262.211s][2267133][2267139][info ] GC(91) PSYoungGen: 2778303K->2976K(2785280K)
[2021-07-20T12:43:26.749+0000][262.211s][2267133][2267139][info ] GC(91) ParOldGen: 3726001K->3727401K(5592576K)
[2021-07-20T12:43:26.749+0000][262.211s][2267133][2267139][info ] GC(91) Pause Young (Allocation Failure) 6351M->3642M(8181M) 23.572ms
[2021-07-20T12:43:26.749+0000][262.211s][2267133][2267139][debug] GC(91) Heap after GC invocations=92 (full 3): PSYoungGen      total 2785280K, used 2976K [0x0000000755580000, 0x0000000800000000, 0x0000000800000000)
[2021-07-20T12:43:26.749+0000][262.211s][2267133][2267139][debug] GC(91)   eden space 2775040K, 0% used [0x0000000755580000,0x0000000755580000,0x00000007feb80000)
[2021-07-20T12:43:26.749+0000][262.211s][2267133][2267139][debug] GC(91)   from space 10240K, 29% used [0x00000007feb80000,0x00000007fee68000,0x00000007ff580000)
[2021-07-20T12:43:26.749+0000][262.211s][2267133][2267139][debug] GC(91)   to   space 9728K, 0% used [0x00000007ff680000,0x00000007ff680000,0x0000000800000000)
[2021-07-20T12:43:26.749+0000][262.211s][2267133][2267139][debug] GC(91)  ParOldGen       total 5592576K, used 3727401K [0x0000000600000000, 0x0000000755580000, 0x0000000755580000)
[2021-07-20T12:43:26.749+0000][262.211s][2267133][2267139][debug] GC(91)   object space 5592576K, 66% used [0x0000000600000000,0x00000006e380a680,0x0000000755580000)
[2021-07-20T12:43:26.749+0000][262.211s][2267133][2267139][debug] GC(91)  Metaspace       used 58842K, capacity 60482K, committed 60880K, reserved 1101824K
[2021-07-20T12:43:26.749+0000][262.211s][2267133][2267139][debug] GC(91)   class space    used 7117K, capacity 7800K, committed 7936K, reserved 1048576K
[2021-07-20T12:43:26.749+0000][262.212s][2267133][2267139][info ] Leaving safepoint region
[2021-07-20T12:43:26.749+0000][262.212s][2267133][2267139][info ] Total time for which application threads were stopped: 0.0242658 seconds, Stopping threads took: 0.0000916 seconds
[2021-07-20T12:43:27.749+0000][263.212s][2267133][2267139][info ] Application time: 1.0000693 seconds
[2021-07-20T12:43:27.749+0000][263.212s][2267133][2267139][info ] Entering safepoint region: Cleanup
[2021-07-20T12:43:27.750+0000][263.212s][2267133][2267139][info ] Leaving safepoint region
[2021-07-20T12:43:27.750+0000][263.212s][2267133][2267139][info ] Total time for which application threads were stopped: 0.0003812 seconds, Stopping threads took: 0.0000928 seconds
[2021-07-20T12:43:34.431+0000][269.894s][2267133][2267139][info ] Application time: 6.6817437 seconds
[2021-07-20T12:43:34.431+0000][269.894s][2267133][2267139][info ] Entering safepoint region: ParallelGCFailedAllocation
[2021-07-20T12:43:34.432+0000][269.894s][2267133][2267139][debug] GC(92) Heap before GC invocations=93 (full 3): PSYoungGen      total 2785280K, used 2778016K [0x0000000755580000, 0x0000000800000000, 0x0000000800000000)
[2021-07-20T12:43:34.432+0000][269.894s][2267133][2267139][debug] GC(92)   eden space 2775040K, 100% used [0x0000000755580000,0x00000007feb80000,0x00000007feb80000)
[2021-07-20T12:43:34.432+0000][269.894s][2267133][2267139][debug] GC(92)   from space 10240K, 29% used [0x00000007feb80000,0x00000007fee68000,0x00000007ff580000)
[2021-07-20T12:43:34.432+0000][269.894s][2267133][2267139][debug] GC(92)   to   space 9728K, 0% used [0x00000007ff680000,0x00000007ff680000,0x0000000800000000)
[2021-07-20T12:43:34.432+0000][269.894s][2267133][2267139][debug] GC(92)  ParOldGen       total 5592576K, used 3727401K [0x0000000600000000, 0x0000000755580000, 0x0000000755580000)
[2021-07-20T12:43:34.432+0000][269.894s][2267133][2267139][debug] GC(92)   object space 5592576K, 66% used [0x0000000600000000,0x00000006e380a680,0x0000000755580000)
[2021-07-20T12:43:34.432+0000][269.894s][2267133][2267139][debug] GC(92)  Metaspace       used 58845K, capacity 60482K, committed 60880K, reserved 1101824K
[2021-07-20T12:43:34.432+0000][269.894s][2267133][2267139][debug] GC(92)   class space    used 7117K, capacity 7800K, committed 7936K, reserved 1048576K
[2021-07-20T12:43:34.457+0000][269.919s][2267133][2267139][debug] GC(92) Desired survivor size 9437184 bytes, new threshold 1 (max threshold 15)
[2021-07-20T12:43:34.457+0000][269.919s][2267133][2267139][info ] GC(92) PSYoungGen: 2778016K->3072K(2786816K)
[2021-07-20T12:43:34.457+0000][269.919s][2267133][2267139][info ] GC(92) ParOldGen: 3727401K->3728617K(5592576K)
[2021-07-20T12:43:34.457+0000][269.919s][2267133][2267139][info ] GC(92) Pause Young (Allocation Failure) 6352M->3644M(8183M) 24.849ms
[2021-07-20T12:43:34.457+0000][269.919s][2267133][2267139][debug] GC(92) Heap after GC invocations=93 (full 3): PSYoungGen      total 2786816K, used 3072K [0x0000000755580000, 0x0000000800000000, 0x0000000800000000)
[2021-07-20T12:43:34.457+0000][269.919s][2267133][2267139][debug] GC(92)   eden space 2777088K, 0% used [0x0000000755580000,0x0000000755580000,0x00000007fed80000)
[2021-07-20T12:43:34.457+0000][269.919s][2267133][2267139][debug] GC(92)   from space 9728K, 31% used [0x00000007ff680000,0x00000007ff980000,0x0000000800000000)
[2021-07-20T12:43:34.457+0000][269.919s][2267133][2267139][debug] GC(92)   to   space 9216K, 0% used [0x00000007fed80000,0x00000007fed80000,0x00000007ff680000)
[2021-07-20T12:43:34.457+0000][269.919s][2267133][2267139][debug] GC(92)  ParOldGen       total 5592576K, used 3728617K [0x0000000600000000, 0x0000000755580000, 0x0000000755580000)
[2021-07-20T12:43:34.457+0000][269.919s][2267133][2267139][debug] GC(92)   object space 5592576K, 66% used [0x0000000600000000,0x00000006e393a680,0x0000000755580000)
[2021-07-20T12:43:34.457+0000][269.919s][2267133][2267139][debug] GC(92)  Metaspace       used 58845K, capacity 60482K, committed 60880K, reserved 1101824K
[2021-07-20T12:43:34.457+0000][269.919s][2267133][2267139][debug] GC(92)   class space    used 7117K, capacity 7800K, committed 7936K, reserved 1048576K
[2021-07-20T12:43:34.457+0000][269.919s][2267133][2267139][info ] Leaving safepoint region
[2021-07-20T12:43:34.457+0000][269.919s][2267133][2267139][info ] Total time for which application threads were stopped: 0.0255116 seconds, Stopping threads took: 0.0000962 seconds
[2021-07-20T12:43:42.116+0000][277.579s][2267133][2267139][info ] Application time: 7.6594334 seconds
[2021-07-20T12:43:42.116+0000][277.579s][2267133][2267139][info ] Entering safepoint region: ParallelGCFailedAllocation
[2021-07-20T12:43:42.117+0000][277.579s][2267133][2267139][debug] GC(93) Heap before GC invocations=94 (full 3): PSYoungGen      total 2786816K, used 2780160K [0x0000000755580000, 0x0000000800000000, 0x0000000800000000)
[2021-07-20T12:43:42.117+0000][277.579s][2267133][2267139][debug] GC(93)   eden space 2777088K, 100% used [0x0000000755580000,0x00000007fed80000,0x00000007fed80000)
[2021-07-20T12:43:42.117+0000][277.579s][2267133][2267139][debug] GC(93)   from space 9728K, 31% used [0x00000007ff680000,0x00000007ff980000,0x0000000800000000)
[2021-07-20T12:43:42.117+0000][277.579s][2267133][2267139][debug] GC(93)   to   space 9216K, 0% used [0x00000007fed80000,0x00000007fed80000,0x00000007ff680000)
[2021-07-20T12:43:42.117+0000][277.579s][2267133][2267139][debug] GC(93)  ParOldGen       total 5592576K, used 3728617K [0x0000000600000000, 0x0000000755580000, 0x0000000755580000)
[2021-07-20T12:43:42.117+0000][277.579s][2267133][2267139][debug] GC(93)   object space 5592576K, 66% used [0x0000000600000000,0x00000006e393a680,0x0000000755580000)
[2021-07-20T12:43:42.117+0000][277.579s][2267133][2267139][debug] GC(93)  Metaspace       used 58850K, capacity 60482K, committed 60880K, reserved 1101824K
[2021-07-20T12:43:42.117+0000][277.579s][2267133][2267139][debug] GC(93)   class space    used 7117K, capacity 7800K, committed 7936K, reserved 1048576K
[2021-07-20T12:43:42.140+0000][277.603s][2267133][2267139][debug] GC(93) Desired survivor size 8912896 bytes, new threshold 1 (max threshold 15)
[2021-07-20T12:43:42.140+0000][277.603s][2267133][2267139][info ] GC(93) PSYoungGen: 2780160K->2848K(2786304K)
[2021-07-20T12:43:42.140+0000][277.603s][2267133][2267139][info ] GC(93) ParOldGen: 3728617K->3729865K(5592576K)
[2021-07-20T12:43:42.140+0000][277.603s][2267133][2267139][info ] GC(93) Pause Young (Allocation Failure) 6356M->3645M(8182M) 23.421ms
[2021-07-20T12:43:42.140+0000][277.603s][2267133][2267139][debug] GC(93) Heap after GC invocations=94 (full 3): PSYoungGen      total 2786304K, used 2848K [0x0000000755580000, 0x0000000800000000, 0x0000000800000000)
[2021-07-20T12:43:42.140+0000][277.603s][2267133][2267139][debug] GC(93)   eden space 2777088K, 0% used [0x0000000755580000,0x0000000755580000,0x00000007fed80000)
[2021-07-20T12:43:42.140+0000][277.603s][2267133][2267139][debug] GC(93)   from space 9216K, 30% used [0x00000007fed80000,0x00000007ff048000,0x00000007ff680000)
[2021-07-20T12:43:42.140+0000][277.603s][2267133][2267139][debug] GC(93)   to   space 8704K, 0% used [0x00000007ff780000,0x00000007ff780000,0x0000000800000000)
[2021-07-20T12:43:42.140+0000][277.603s][2267133][2267139][debug] GC(93)  ParOldGen       total 5592576K, used 3729865K [0x0000000600000000, 0x0000000755580000, 0x0000000755580000)
[2021-07-20T12:43:42.140+0000][277.603s][2267133][2267139][debug] GC(93)   object space 5592576K, 66% used [0x0000000600000000,0x00000006e3a72680,0x0000000755580000)
[2021-07-20T12:43:42.140+0000][277.603s][2267133][2267139][debug] GC(93)  Metaspace       used 58850K, capacity 60482K, committed 60880K, reserved 1101824K
[2021-07-20T12:43:42.140+0000][277.603s][2267133][2267139][debug] GC(93)   class space    used 7117K, capacity 7800K, committed 7936K, reserved 1048576K
[2021-07-20T12:43:42.140+0000][277.603s][2267133][2267139][info ] Leaving safepoint region
[2021-07-20T12:43:42.140+0000][277.603s][2267133][2267139][info ] Total time for which application threads were stopped: 0.0240502 seconds, Stopping threads took: 0.0000897 seconds
[2021-07-20T12:43:46.141+0000][281.603s][2267133][2267139][info ] Application time: 4.0002413 seconds
[2021-07-20T12:43:46.141+0000][281.603s][2267133][2267139][info ] Entering safepoint region: Cleanup
[2021-07-20T12:43:46.141+0000][281.604s][2267133][2267139][info ] Leaving safepoint region
[2021-07-20T12:43:46.141+0000][281.604s][2267133][2267139][info ] Total time for which application threads were stopped: 0.0003765 seconds, Stopping threads took: 0.0000879 seconds
[2021-07-20T12:43:47.141+0000][282.604s][2267133][2267139][info ] Application time: 1.0000411 seconds
[2021-07-20T12:43:47.141+0000][282.604s][2267133][2267139][info ] Entering safepoint region: Cleanup
[2021-07-20T12:43:47.142+0000][282.604s][2267133][2267139][info ] Leaving safepoint region
[2021-07-20T12:43:47.142+0000][282.604s][2267133][2267139][info ] Total time for which application threads were stopped: 0.0003839 seconds, Stopping threads took: 0.0000910 seconds
[2021-07-20T12:43:48.142+0000][283.604s][2267133][2267139][info ] Application time: 1.0001004 seconds
[2021-07-20T12:43:48.142+0000][283.604s][2267133][2267139][info ] Entering safepoint region: Cleanup
[2021-07-20T12:43:48.142+0000][283.605s][2267133][2267139][info ] Leaving safepoint region
[2021-07-20T12:43:48.142+0000][283.605s][2267133][2267139][info ] Total time for which application threads were stopped: 0.0005111 seconds, Stopping threads took: 0.0001067 seconds
[2021-07-20T12:43:59.143+0000][294.606s][2267133][2267139][info ] Application time: 11.0009620 seconds
[2021-07-20T12:43:59.143+0000][294.606s][2267133][2267139][info ] Entering safepoint region: Cleanup
[2021-07-20T12:43:59.144+0000][294.606s][2267133][2267139][info ] Leaving safepoint region
[2021-07-20T12:43:59.144+0000][294.606s][2267133][2267139][info ] Total time for which application threads were stopped: 0.0004508 seconds, Stopping threads took: 0.0000931 seconds
[2021-07-20T12:44:00.136+0000][295.599s][2267133][2267139][info ] Application time: 0.9925605 seconds
[2021-07-20T12:44:00.136+0000][295.599s][2267133][2267139][info ] Entering safepoint region: ParallelGCFailedAllocation
[2021-07-20T12:44:00.137+0000][295.599s][2267133][2267139][debug] GC(94) Heap before GC invocations=95 (full 3): PSYoungGen      total 2786304K, used 2779936K [0x0000000755580000, 0x0000000800000000, 0x0000000800000000)
[2021-07-20T12:44:00.137+0000][295.599s][2267133][2267139][debug] GC(94)   eden space 2777088K, 100% used [0x0000000755580000,0x00000007fed80000,0x00000007fed80000)
[2021-07-20T12:44:00.137+0000][295.599s][2267133][2267139][debug] GC(94)   from space 9216K, 30% used [0x00000007fed80000,0x00000007ff048000,0x00000007ff680000)
[2021-07-20T12:44:00.137+0000][295.599s][2267133][2267139][debug] GC(94)   to   space 8704K, 0% used [0x00000007ff780000,0x00000007ff780000,0x0000000800000000)
[2021-07-20T12:44:00.137+0000][295.599s][2267133][2267139][debug] GC(94)  ParOldGen       total 5592576K, used 3729865K [0x0000000600000000, 0x0000000755580000, 0x0000000755580000)
[2021-07-20T12:44:00.137+0000][295.599s][2267133][2267139][debug] GC(94)   object space 5592576K, 66% used [0x0000000600000000,0x00000006e3a72680,0x0000000755580000)
[2021-07-20T12:44:00.137+0000][295.599s][2267133][2267139][debug] GC(94)  Metaspace       used 58917K, capacity 60482K, committed 60880K, reserved 1101824K
[2021-07-20T12:44:00.137+0000][295.599s][2267133][2267139][debug] GC(94)   class space    used 7117K, capacity 7800K, committed 7936K, reserved 1048576K
[2021-07-20T12:44:00.160+0000][295.623s][2267133][2267139][debug] GC(94) Desired survivor size 8388608 bytes, new threshold 1 (max threshold 15)
[2021-07-20T12:44:00.160+0000][295.623s][2267133][2267139][info ] GC(94) PSYoungGen: 2779936K->3232K(2787840K)
[2021-07-20T12:44:00.160+0000][295.623s][2267133][2267139][info ] GC(94) ParOldGen: 3729865K->3730873K(5592576K)
[2021-07-20T12:44:00.160+0000][295.623s][2267133][2267139][info ] GC(94) Pause Young (Allocation Failure) 6357M->3646M(8184M) 23.519ms
[2021-07-20T12:44:00.160+0000][295.623s][2267133][2267139][debug] GC(94) Heap after GC invocations=95 (full 3): PSYoungGen      total 2787840K, used 3232K [0x0000000755580000, 0x0000000800000000, 0x0000000800000000)
[2021-07-20T12:44:00.160+0000][295.623s][2267133][2267139][debug] GC(94)   eden space 2779136K, 0% used [0x0000000755580000,0x0000000755580000,0x00000007fef80000)
[2021-07-20T12:44:00.160+0000][295.623s][2267133][2267139][debug] GC(94)   from space 8704K, 37% used [0x00000007ff780000,0x00000007ffaa8000,0x0000000800000000)
[2021-07-20T12:44:00.160+0000][295.623s][2267133][2267139][debug] GC(94)   to   space 8192K, 0% used [0x00000007fef80000,0x00000007fef80000,0x00000007ff780000)
[2021-07-20T12:44:00.160+0000][295.623s][2267133][2267139][debug] GC(94)  ParOldGen       total 5592576K, used 3730873K [0x0000000600000000, 0x0000000755580000, 0x0000000755580000)
[2021-07-20T12:44:00.160+0000][295.623s][2267133][2267139][debug] GC(94)   object space 5592576K, 66% used [0x0000000600000000,0x00000006e3b6e680,0x0000000755580000)
[2021-07-20T12:44:00.160+0000][295.623s][2267133][2267139][debug] GC(94)  Metaspace       used 58917K, capacity 60482K, committed 60880K, reserved 1101824K
[2021-07-20T12:44:00.160+0000][295.623s][2267133][2267139][debug] GC(94)   class space    used 7117K, capacity 7800K, committed 7936K, reserved 1048576K
[2021-07-20T12:44:00.161+0000][295.623s][2267133][2267139][info ] Leaving safepoint region
[2021-07-20T12:44:00.161+0000][295.623s][2267133][2267139][info ] Total time for which application threads were stopped: 0.0241509 seconds, Stopping threads took: 0.0000849 seconds
[2021-07-20T12:44:01.161+0000][296.623s][2267133][2267139][info ] Application time: 1.0000717 seconds
[2021-07-20T12:44:01.161+0000][296.623s][2267133][2267139][info ] Entering safepoint region: Cleanup
[2021-07-20T12:44:01.161+0000][296.623s][2267133][2267139][info ] Leaving safepoint region
[2021-07-20T12:44:01.161+0000][296.623s][2267133][2267139][info ] Total time for which application threads were stopped: 0.0003563 seconds, Stopping threads took: 0.0000773 seconds
[2021-07-20T12:44:02.161+0000][297.624s][2267133][2267139][info ] Application time: 1.0000651 seconds
[2021-07-20T12:44:02.161+0000][297.624s][2267133][2267139][info ] Entering safepoint region: Cleanup
[2021-07-20T12:44:02.161+0000][297.624s][2267133][2267139][info ] Leaving safepoint region
[2021-07-20T12:44:02.162+0000][297.624s][2267133][2267139][info ] Total time for which application threads were stopped: 0.0003907 seconds, Stopping threads took: 0.0000875 seconds
[2021-07-20T12:44:03.162+0000][298.624s][2267133][2267139][info ] Application time: 1.0000703 seconds
[2021-07-20T12:44:03.162+0000][298.624s][2267133][2267139][info ] Entering safepoint region: Cleanup
[2021-07-20T12:44:03.162+0000][298.624s][2267133][2267139][info ] Leaving safepoint region
[2021-07-20T12:44:03.162+0000][298.624s][2267133][2267139][info ] Total time for which application threads were stopped: 0.0003621 seconds, Stopping threads took: 0.0000839 seconds
[2021-07-20T12:44:04.162+0000][299.625s][2267133][2267139][info ] Application time: 1.0000628 seconds
[2021-07-20T12:44:04.162+0000][299.625s][2267133][2267139][info ] Entering safepoint region: Cleanup
[2021-07-20T12:44:04.162+0000][299.625s][2267133][2267139][info ] Leaving safepoint region
[2021-07-20T12:44:04.162+0000][299.625s][2267133][2267139][info ] Total time for which application threads were stopped: 0.0003870 seconds, Stopping threads took: 0.0000879 seconds
[2021-07-20T12:44:05.163+0000][300.625s][2267133][2267139][info ] Application time: 1.0000637 seconds
[2021-07-20T12:44:05.163+0000][300.625s][2267133][2267139][info ] Entering safepoint region: Cleanup
[2021-07-20T12:44:05.163+0000][300.625s][2267133][2267139][info ] Leaving safepoint region
[2021-07-20T12:44:05.163+0000][300.625s][2267133][2267139][info ] Total time for which application threads were stopped: 0.0003874 seconds, Stopping threads took: 0.0000965 seconds
[2021-07-20T12:44:06.163+0000][301.626s][2267133][2267139][info ] Application time: 1.0000624 seconds
[2021-07-20T12:44:06.163+0000][301.626s][2267133][2267139][info ] Entering safepoint region: Cleanup
[2021-07-20T12:44:06.163+0000][301.626s][2267133][2267139][info ] Leaving safepoint region
[2021-07-20T12:44:06.163+0000][301.626s][2267133][2267139][info ] Total time for which application threads were stopped: 0.0003792 seconds, Stopping threads took: 0.0000815 seconds
[2021-07-20T12:44:07.164+0000][302.626s][2267133][2267139][info ] Application time: 1.0000646 seconds
[2021-07-20T12:44:07.164+0000][302.626s][2267133][2267139][info ] Entering safepoint region: Cleanup
[2021-07-20T12:44:07.164+0000][302.626s][2267133][2267139][info ] Leaving safepoint region
[2021-07-20T12:44:07.164+0000][302.626s][2267133][2267139][info ] Total time for which application threads were stopped: 0.0003739 seconds, Stopping threads took: 0.0000818 seconds
[2021-07-20T12:44:07.854+0000][303.317s][2267133][2267139][info ] Application time: 0.6903343 seconds
[2021-07-20T12:44:07.854+0000][303.317s][2267133][2267139][info ] Entering safepoint region: ParallelGCFailedAllocation
[2021-07-20T12:44:07.855+0000][303.317s][2267133][2267139][debug] GC(95) Heap before GC invocations=96 (full 3): PSYoungGen      total 2787840K, used 2782368K [0x0000000755580000, 0x0000000800000000, 0x0000000800000000)
[2021-07-20T12:44:07.855+0000][303.317s][2267133][2267139][debug] GC(95)   eden space 2779136K, 100% used [0x0000000755580000,0x00000007fef80000,0x00000007fef80000)
[2021-07-20T12:44:07.855+0000][303.317s][2267133][2267139][debug] GC(95)   from space 8704K, 37% used [0x00000007ff780000,0x00000007ffaa8000,0x0000000800000000)
[2021-07-20T12:44:07.855+0000][303.317s][2267133][2267139][debug] GC(95)   to   space 8192K, 0% used [0x00000007fef80000,0x00000007fef80000,0x00000007ff780000)
[2021-07-20T12:44:07.855+0000][303.317s][2267133][2267139][debug] GC(95)  ParOldGen       total 5592576K, used 3730873K [0x0000000600000000, 0x0000000755580000, 0x0000000755580000)
[2021-07-20T12:44:07.855+0000][303.317s][2267133][2267139][debug] GC(95)   object space 5592576K, 66% used [0x0000000600000000,0x00000006e3b6e680,0x0000000755580000)
[2021-07-20T12:44:07.855+0000][303.317s][2267133][2267139][debug] GC(95)  Metaspace       used 58921K, capacity 60482K, committed 60880K, reserved 1101824K
[2021-07-20T12:44:07.855+0000][303.317s][2267133][2267139][debug] GC(95)   class space    used 7117K, capacity 7800K, committed 7936K, reserved 1048576K
[2021-07-20T12:44:07.876+0000][303.338s][2267133][2267139][debug] GC(95) Desired survivor size 8388608 bytes, new threshold 1 (max threshold 15)
[2021-07-20T12:44:07.876+0000][303.338s][2267133][2267139][info ] GC(95) PSYoungGen: 2782368K->2912K(2787328K)
[2021-07-20T12:44:07.876+0000][303.338s][2267133][2267139][info ] GC(95) ParOldGen: 3730873K->3732177K(5592576K)
[2021-07-20T12:44:07.876+0000][303.338s][2267133][2267139][info ] GC(95) Pause Young (Allocation Failure) 6360M->3647M(8183M) 21.006ms
[2021-07-20T12:44:07.876+0000][303.338s][2267133][2267139][debug] GC(95) Heap after GC invocations=96 (full 3): PSYoungGen      total 2787328K, used 2912K [0x0000000755580000, 0x0000000800000000, 0x0000000800000000)
[2021-07-20T12:44:07.876+0000][303.338s][2267133][2267139][debug] GC(95)   eden space 2779136K, 0% used [0x0000000755580000,0x0000000755580000,0x00000007fef80000)
[2021-07-20T12:44:07.876+0000][303.338s][2267133][2267139][debug] GC(95)   from space 8192K, 35% used [0x00000007fef80000,0x00000007ff258000,0x00000007ff780000)
[2021-07-20T12:44:07.876+0000][303.338s][2267133][2267139][debug] GC(95)   to   space 8192K, 0% used [0x00000007ff800000,0x00000007ff800000,0x0000000800000000)
[2021-07-20T12:44:07.876+0000][303.338s][2267133][2267139][debug] GC(95)  ParOldGen       total 5592576K, used 3732177K [0x0000000600000000, 0x0000000755580000, 0x0000000755580000)
[2021-07-20T12:44:07.876+0000][303.338s][2267133][2267139][debug] GC(95)   object space 5592576K, 66% used [0x0000000600000000,0x00000006e3cb46c0,0x0000000755580000)
[2021-07-20T12:44:07.876+0000][303.338s][2267133][2267139][debug] GC(95)  Metaspace       used 58921K, capacity 60482K, committed 60880K, reserved 1101824K
[2021-07-20T12:44:07.876+0000][303.338s][2267133][2267139][debug] GC(95)   class space    used 7117K, capacity 7800K, committed 7936K, reserved 1048576K
[2021-07-20T12:44:07.876+0000][303.339s][2267133][2267139][info ] Leaving safepoint region
[2021-07-20T12:44:07.876+0000][303.339s][2267133][2267139][info ] Total time for which application threads were stopped: 0.0216903 seconds, Stopping threads took: 0.0000927 seconds
[2021-07-20T12:44:08.876+0000][304.339s][2267133][2267139][info ] Application time: 1.0000696 seconds
[2021-07-20T12:44:08.876+0000][304.339s][2267133][2267139][info ] Entering safepoint region: Cleanup
[2021-07-20T12:44:08.877+0000][304.339s][2267133][2267139][info ] Leaving safepoint region
[2021-07-20T12:44:08.877+0000][304.339s][2267133][2267139][info ] Total time for which application threads were stopped: 0.0003768 seconds, Stopping threads took: 0.0000855 seconds
[2021-07-20T12:44:09.877+0000][305.339s][2267133][2267139][info ] Application time: 1.0000645 seconds
[2021-07-20T12:44:09.877+0000][305.339s][2267133][2267139][info ] Entering safepoint region: Cleanup
[2021-07-20T12:44:09.877+0000][305.339s][2267133][2267139][info ] Leaving safepoint region
[2021-07-20T12:44:09.877+0000][305.339s][2267133][2267139][info ] Total time for which application threads were stopped: 0.0003745 seconds, Stopping threads took: 0.0000797 seconds
[2021-07-20T12:44:10.877+0000][306.340s][2267133][2267139][info ] Application time: 1.0000691 seconds
[2021-07-20T12:44:10.877+0000][306.340s][2267133][2267139][info ] Entering safepoint region: Cleanup
[2021-07-20T12:44:10.878+0000][306.340s][2267133][2267139][info ] Leaving safepoint region
[2021-07-20T12:44:10.878+0000][306.340s][2267133][2267139][info ] Total time for which application threads were stopped: 0.0004175 seconds, Stopping threads took: 0.0000945 seconds
[2021-07-20T12:44:11.878+0000][307.340s][2267133][2267139][info ] Application time: 1.0000648 seconds
[2021-07-20T12:44:11.878+0000][307.340s][2267133][2267139][info ] Entering safepoint region: Cleanup
[2021-07-20T12:44:11.878+0000][307.341s][2267133][2267139][info ] Leaving safepoint region
[2021-07-20T12:44:11.878+0000][307.341s][2267133][2267139][info ] Total time for which application threads were stopped: 0.0003756 seconds, Stopping threads took: 0.0000875 seconds
[2021-07-20T12:44:12.878+0000][308.341s][2267133][2267139][info ] Application time: 1.0000641 seconds
[2021-07-20T12:44:12.878+0000][308.341s][2267133][2267139][info ] Entering safepoint region: Cleanup
[2021-07-20T12:44:12.879+0000][308.341s][2267133][2267139][info ] Leaving safepoint region
[2021-07-20T12:44:12.879+0000][308.341s][2267133][2267139][info ] Total time for which application threads were stopped: 0.0003905 seconds, Stopping threads took: 0.0000838 seconds
[2021-07-20T12:44:13.879+0000][309.341s][2267133][2267139][info ] Application time: 1.0000655 seconds
[2021-07-20T12:44:13.879+0000][309.341s][2267133][2267139][info ] Entering safepoint region: Cleanup
[2021-07-20T12:44:13.879+0000][309.341s][2267133][2267139][info ] Leaving safepoint region
[2021-07-20T12:44:13.879+0000][309.342s][2267133][2267139][info ] Total time for which application threads were stopped: 0.0003827 seconds, Stopping threads took: 0.0000856 seconds
[2021-07-20T12:44:14.879+0000][310.342s][2267133][2267139][info ] Application time: 1.0000644 seconds
[2021-07-20T12:44:14.879+0000][310.342s][2267133][2267139][info ] Entering safepoint region: Cleanup
[2021-07-20T12:44:14.879+0000][310.342s][2267133][2267139][info ] Leaving safepoint region
[2021-07-20T12:44:14.880+0000][310.342s][2267133][2267139][info ] Total time for which application threads were stopped: 0.0003731 seconds, Stopping threads took: 0.0000829 seconds
[2021-07-20T12:44:15.563+0000][311.025s][2267133][2267139][info ] Application time: 0.6833844 seconds
[2021-07-20T12:44:15.563+0000][311.025s][2267133][2267139][info ] Entering safepoint region: ParallelGCFailedAllocation
[2021-07-20T12:44:15.563+0000][311.026s][2267133][2267139][debug] GC(96) Heap before GC invocations=97 (full 3): PSYoungGen      total 2787328K, used 2782048K [0x0000000755580000, 0x0000000800000000, 0x0000000800000000)
[2021-07-20T12:44:15.563+0000][311.026s][2267133][2267139][debug] GC(96)   eden space 2779136K, 100% used [0x0000000755580000,0x00000007fef80000,0x00000007fef80000)
[2021-07-20T12:44:15.563+0000][311.026s][2267133][2267139][debug] GC(96)   from space 8192K, 35% used [0x00000007fef80000,0x00000007ff258000,0x00000007ff780000)
[2021-07-20T12:44:15.563+0000][311.026s][2267133][2267139][debug] GC(96)   to   space 8192K, 0% used [0x00000007ff800000,0x00000007ff800000,0x0000000800000000)
[2021-07-20T12:44:15.563+0000][311.026s][2267133][2267139][debug] GC(96)  ParOldGen       total 5592576K, used 3732177K [0x0000000600000000, 0x0000000755580000, 0x0000000755580000)
[2021-07-20T12:44:15.563+0000][311.026s][2267133][2267139][debug] GC(96)   object space 5592576K, 66% used [0x0000000600000000,0x00000006e3cb46c0,0x0000000755580000)
[2021-07-20T12:44:15.563+0000][311.026s][2267133][2267139][debug] GC(96)  Metaspace       used 58923K, capacity 60482K, committed 60880K, reserved 1101824K
[2021-07-20T12:44:15.563+0000][311.026s][2267133][2267139][debug] GC(96)   class space    used 7117K, capacity 7800K, committed 7936K, reserved 1048576K
[2021-07-20T12:44:15.585+0000][311.048s][2267133][2267139][debug] GC(96) Desired survivor size 7864320 bytes, new threshold 1 (max threshold 15)
[2021-07-20T12:44:15.586+0000][311.048s][2267133][2267139][info ] GC(96) PSYoungGen: 2782048K->2464K(2788352K)
[2021-07-20T12:44:15.586+0000][311.048s][2267133][2267139][info ] GC(96) ParOldGen: 3732177K->3733113K(5592576K)
[2021-07-20T12:44:15.586+0000][311.048s][2267133][2267139][info ] GC(96) Pause Young (Allocation Failure) 6361M->3648M(8184M) 22.205ms
[2021-07-20T12:44:15.586+0000][311.048s][2267133][2267139][debug] GC(96) Heap after GC invocations=97 (full 3): PSYoungGen      total 2788352K, used 2464K [0x0000000755580000, 0x0000000800000000, 0x0000000800000000)
[2021-07-20T12:44:15.586+0000][311.048s][2267133][2267139][debug] GC(96)   eden space 2780160K, 0% used [0x0000000755580000,0x0000000755580000,0x00000007ff080000)
[2021-07-20T12:44:15.586+0000][311.048s][2267133][2267139][debug] GC(96)   from space 8192K, 30% used [0x00000007ff800000,0x00000007ffa68000,0x0000000800000000)
[2021-07-20T12:44:15.586+0000][311.048s][2267133][2267139][debug] GC(96)   to   space 7680K, 0% used [0x00000007ff080000,0x00000007ff080000,0x00000007ff800000)
[2021-07-20T12:44:15.586+0000][311.048s][2267133][2267139][debug] GC(96)  ParOldGen       total 5592576K, used 3733113K [0x0000000600000000, 0x0000000755580000, 0x0000000755580000)
[2021-07-20T12:44:15.586+0000][311.048s][2267133][2267139][debug] GC(96)   object space 5592576K, 66% used [0x0000000600000000,0x00000006e3d9e6c0,0x0000000755580000)
[2021-07-20T12:44:15.586+0000][311.048s][2267133][2267139][debug] GC(96)  Metaspace       used 58923K, capacity 60482K, committed 60880K, reserved 1101824K
[2021-07-20T12:44:15.586+0000][311.048s][2267133][2267139][debug] GC(96)   class space    used 7117K, capacity 7800K, committed 7936K, reserved 1048576K
[2021-07-20T12:44:15.586+0000][311.048s][2267133][2267139][info ] Leaving safepoint region
[2021-07-20T12:44:15.586+0000][311.048s][2267133][2267139][info ] Total time for which application threads were stopped: 0.0228521 seconds, Stopping threads took: 0.0000714 seconds
[2021-07-20T12:44:16.586+0000][312.048s][2267133][2267139][info ] Application time: 1.0000719 seconds
[2021-07-20T12:44:16.586+0000][312.048s][2267133][2267139][info ] Entering safepoint region: Cleanup
[2021-07-20T12:44:16.586+0000][312.049s][2267133][2267139][info ] Leaving safepoint region
[2021-07-20T12:44:16.586+0000][312.049s][2267133][2267139][info ] Total time for which application threads were stopped: 0.0003742 seconds, Stopping threads took: 0.0000823 seconds
[2021-07-20T12:44:17.586+0000][313.049s][2267133][2267139][info ] Application time: 1.0000629 seconds
[2021-07-20T12:44:17.586+0000][313.049s][2267133][2267139][info ] Entering safepoint region: Cleanup
[2021-07-20T12:44:17.587+0000][313.049s][2267133][2267139][info ] Leaving safepoint region
[2021-07-20T12:44:17.587+0000][313.049s][2267133][2267139][info ] Total time for which application threads were stopped: 0.0003633 seconds, Stopping threads took: 0.0000796 seconds
[2021-07-20T12:44:18.587+0000][314.049s][2267133][2267139][info ] Application time: 1.0000665 seconds
[2021-07-20T12:44:18.587+0000][314.049s][2267133][2267139][info ] Entering safepoint region: Cleanup
[2021-07-20T12:44:18.587+0000][314.050s][2267133][2267139][info ] Leaving safepoint region
[2021-07-20T12:44:18.587+0000][314.050s][2267133][2267139][info ] Total time for which application threads were stopped: 0.0003792 seconds, Stopping threads took: 0.0000799 seconds
[2021-07-20T12:44:19.587+0000][315.050s][2267133][2267139][info ] Application time: 1.0000648 seconds
[2021-07-20T12:44:19.587+0000][315.050s][2267133][2267139][info ] Entering safepoint region: Cleanup
[2021-07-20T12:44:19.588+0000][315.050s][2267133][2267139][info ] Leaving safepoint region
[2021-07-20T12:44:19.588+0000][315.050s][2267133][2267139][info ] Total time for which application threads were stopped: 0.0003935 seconds, Stopping threads took: 0.0000974 seconds
[2021-07-20T12:44:20.588+0000][316.050s][2267133][2267139][info ] Application time: 1.0000644 seconds
[2021-07-20T12:44:20.588+0000][316.050s][2267133][2267139][info ] Entering safepoint region: Cleanup
[2021-07-20T12:44:20.588+0000][316.051s][2267133][2267139][info ] Leaving safepoint region
[2021-07-20T12:44:20.588+0000][316.051s][2267133][2267139][info ] Total time for which application threads were stopped: 0.0004142 seconds, Stopping threads took: 0.0001038 seconds
[2021-07-20T12:44:21.588+0000][317.051s][2267133][2267139][info ] Application time: 1.0000632 seconds
[2021-07-20T12:44:21.588+0000][317.051s][2267133][2267139][info ] Entering safepoint region: Cleanup
[2021-07-20T12:44:21.589+0000][317.051s][2267133][2267139][info ] Leaving safepoint region
[2021-07-20T12:44:21.589+0000][317.051s][2267133][2267139][info ] Total time for which application threads were stopped: 0.0003755 seconds, Stopping threads took: 0.0000831 seconds
[2021-07-20T12:44:22.589+0000][318.051s][2267133][2267139][info ] Application time: 1.0000661 seconds
[2021-07-20T12:44:22.589+0000][318.051s][2267133][2267139][info ] Entering safepoint region: Cleanup
[2021-07-20T12:44:22.589+0000][318.052s][2267133][2267139][info ] Leaving safepoint region
[2021-07-20T12:44:22.589+0000][318.052s][2267133][2267139][info ] Total time for which application threads were stopped: 0.0004237 seconds, Stopping threads took: 0.0001106 seconds
[2021-07-20T12:44:23.280+0000][318.742s][2267133][2267139][info ] Application time: 0.6906081 seconds
[2021-07-20T12:44:23.280+0000][318.743s][2267133][2267139][info ] Entering safepoint region: ParallelGCFailedAllocation
[2021-07-20T12:44:23.280+0000][318.743s][2267133][2267139][debug] GC(97) Heap before GC invocations=98 (full 3): PSYoungGen      total 2788352K, used 2782624K [0x0000000755580000, 0x0000000800000000, 0x0000000800000000)
[2021-07-20T12:44:23.280+0000][318.743s][2267133][2267139][debug] GC(97)   eden space 2780160K, 100% used [0x0000000755580000,0x00000007ff080000,0x00000007ff080000)
[2021-07-20T12:44:23.280+0000][318.743s][2267133][2267139][debug] GC(97)   from space 8192K, 30% used [0x00000007ff800000,0x00000007ffa68000,0x0000000800000000)
[2021-07-20T12:44:23.280+0000][318.743s][2267133][2267139][debug] GC(97)   to   space 7680K, 0% used [0x00000007ff080000,0x00000007ff080000,0x00000007ff800000)
[2021-07-20T12:44:23.280+0000][318.743s][2267133][2267139][debug] GC(97)  ParOldGen       total 5592576K, used 3733113K [0x0000000600000000, 0x0000000755580000, 0x0000000755580000)
[2021-07-20T12:44:23.280+0000][318.743s][2267133][2267139][debug] GC(97)   object space 5592576K, 66% used [0x0000000600000000,0x00000006e3d9e6c0,0x0000000755580000)
[2021-07-20T12:44:23.280+0000][318.743s][2267133][2267139][debug] GC(97)  Metaspace       used 58925K, capacity 60546K, committed 60880K, reserved 1101824K
[2021-07-20T12:44:23.280+0000][318.743s][2267133][2267139][debug] GC(97)   class space    used 7117K, capacity 7800K, committed 7936K, reserved 1048576K
[2021-07-20T12:44:23.303+0000][318.766s][2267133][2267139][debug] GC(97) Desired survivor size 7340032 bytes, new threshold 1 (max threshold 15)
[2021-07-20T12:44:23.303+0000][318.766s][2267133][2267139][info ] GC(97) PSYoungGen: 2782624K->2816K(2787840K)
[2021-07-20T12:44:23.303+0000][318.766s][2267133][2267139][info ] GC(97) ParOldGen: 3733113K->3733761K(5592576K)
[2021-07-20T12:44:23.303+0000][318.766s][2267133][2267139][info ] GC(97) Pause Young (Allocation Failure) 6363M->3649M(8184M) 22.741ms
[2021-07-20T12:44:23.303+0000][318.766s][2267133][2267139][debug] GC(97) Heap after GC invocations=98 (full 3): PSYoungGen      total 2787840K, used 2816K [0x0000000755580000, 0x0000000800000000, 0x0000000800000000)
[2021-07-20T12:44:23.303+0000][318.766s][2267133][2267139][debug] GC(97)   eden space 2780160K, 0% used [0x0000000755580000,0x0000000755580000,0x00000007ff080000)
[2021-07-20T12:44:23.303+0000][318.766s][2267133][2267139][debug] GC(97)   from space 7680K, 36% used [0x00000007ff080000,0x00000007ff340000,0x00000007ff800000)
[2021-07-20T12:44:23.303+0000][318.766s][2267133][2267139][debug] GC(97)   to   space 7168K, 0% used [0x00000007ff900000,0x00000007ff900000,0x0000000800000000)
[2021-07-20T12:44:23.303+0000][318.766s][2267133][2267139][debug] GC(97)  ParOldGen       total 5592576K, used 3733761K [0x0000000600000000, 0x0000000755580000, 0x0000000755580000)
[2021-07-20T12:44:23.303+0000][318.766s][2267133][2267139][debug] GC(97)   object space 5592576K, 66% used [0x0000000600000000,0x00000006e3e406c0,0x0000000755580000)
[2021-07-20T12:44:23.303+0000][318.766s][2267133][2267139][debug] GC(97)  Metaspace       used 58925K, capacity 60546K, committed 60880K, reserved 1101824K
[2021-07-20T12:44:23.303+0000][318.766s][2267133][2267139][debug] GC(97)   class space    used 7117K, capacity 7800K, committed 7936K, reserved 1048576K
[2021-07-20T12:44:23.303+0000][318.766s][2267133][2267139][info ] Leaving safepoint region
[2021-07-20T12:44:23.303+0000][318.766s][2267133][2267139][info ] Total time for which application threads were stopped: 0.0234037 seconds, Stopping threads took: 0.0000954 seconds
[2021-07-20T12:44:24.303+0000][319.766s][2267133][2267139][info ] Application time: 1.0000705 seconds
[2021-07-20T12:44:24.304+0000][319.766s][2267133][2267139][info ] Entering safepoint region: Cleanup
[2021-07-20T12:44:24.304+0000][319.766s][2267133][2267139][info ] Leaving safepoint region
[2021-07-20T12:44:24.304+0000][319.766s][2267133][2267139][info ] Total time for which application threads were stopped: 0.0003871 seconds, Stopping threads took: 0.0000831 seconds
[2021-07-20T12:44:25.304+0000][320.766s][2267133][2267139][info ] Application time: 1.0000677 seconds
[2021-07-20T12:44:25.304+0000][320.767s][2267133][2267139][info ] Entering safepoint region: Cleanup
[2021-07-20T12:44:25.304+0000][320.767s][2267133][2267139][info ] Leaving safepoint region
[2021-07-20T12:44:25.304+0000][320.767s][2267133][2267139][info ] Total time for which application threads were stopped: 0.0003869 seconds, Stopping threads took: 0.0000924 seconds
[2021-07-20T12:44:26.304+0000][321.767s][2267133][2267139][info ] Application time: 1.0000656 seconds
[2021-07-20T12:44:26.305+0000][321.767s][2267133][2267139][info ] Entering safepoint region: Cleanup
[2021-07-20T12:44:26.305+0000][321.767s][2267133][2267139][info ] Leaving safepoint region
[2021-07-20T12:44:26.305+0000][321.767s][2267133][2267139][info ] Total time for which application threads were stopped: 0.0003843 seconds, Stopping threads took: 0.0000821 seconds
[2021-07-20T12:44:27.305+0000][322.767s][2267133][2267139][info ] Application time: 1.0000467 seconds
[2021-07-20T12:44:27.305+0000][322.768s][2267133][2267139][info ] Entering safepoint region: Cleanup
[2021-07-20T12:44:27.305+0000][322.768s][2267133][2267139][info ] Leaving safepoint region
[2021-07-20T12:44:27.305+0000][322.768s][2267133][2267139][info ] Total time for which application threads were stopped: 0.0003721 seconds, Stopping threads took: 0.0000847 seconds
[2021-07-20T12:44:28.305+0000][323.768s][2267133][2267139][info ] Application time: 1.0000152 seconds
[2021-07-20T12:44:28.305+0000][323.768s][2267133][2267139][info ] Entering safepoint region: Cleanup
[2021-07-20T12:44:28.306+0000][323.768s][2267133][2267139][info ] Leaving safepoint region
[2021-07-20T12:44:28.306+0000][323.768s][2267133][2267139][info ] Total time for which application threads were stopped: 0.0003854 seconds, Stopping threads took: 0.0000904 seconds
[2021-07-20T12:44:29.306+0000][324.768s][2267133][2267139][info ] Application time: 1.0000276 seconds
[2021-07-20T12:44:29.306+0000][324.768s][2267133][2267139][info ] Entering safepoint region: Cleanup
[2021-07-20T12:44:29.306+0000][324.769s][2267133][2267139][info ] Leaving safepoint region
[2021-07-20T12:44:29.306+0000][324.769s][2267133][2267139][info ] Total time for which application threads were stopped: 0.0003648 seconds, Stopping threads took: 0.0000680 seconds
[2021-07-20T12:44:30.306+0000][325.769s][2267133][2267139][info ] Application time: 1.0000664 seconds
[2021-07-20T12:44:30.306+0000][325.769s][2267133][2267139][info ] Entering safepoint region: Cleanup
[2021-07-20T12:44:30.307+0000][325.769s][2267133][2267139][info ] Leaving safepoint region
[2021-07-20T12:44:30.307+0000][325.769s][2267133][2267139][info ] Total time for which application threads were stopped: 0.0003938 seconds, Stopping threads took: 0.0001018 seconds
[2021-07-20T12:44:30.995+0000][326.457s][2267133][2267139][info ] Application time: 0.6878687 seconds
[2021-07-20T12:44:30.995+0000][326.457s][2267133][2267139][info ] Entering safepoint region: ParallelGCFailedAllocation
[2021-07-20T12:44:30.995+0000][326.458s][2267133][2267139][debug] GC(98) Heap before GC invocations=99 (full 3): PSYoungGen      total 2787840K, used 2782976K [0x0000000755580000, 0x0000000800000000, 0x0000000800000000)
[2021-07-20T12:44:30.995+0000][326.458s][2267133][2267139][debug] GC(98)   eden space 2780160K, 100% used [0x0000000755580000,0x00000007ff080000,0x00000007ff080000)
[2021-07-20T12:44:30.995+0000][326.458s][2267133][2267139][debug] GC(98)   from space 7680K, 36% used [0x00000007ff080000,0x00000007ff340000,0x00000007ff800000)
[2021-07-20T12:44:30.995+0000][326.458s][2267133][2267139][debug] GC(98)   to   space 7168K, 0% used [0x00000007ff900000,0x00000007ff900000,0x0000000800000000)
[2021-07-20T12:44:30.995+0000][326.458s][2267133][2267139][debug] GC(98)  ParOldGen       total 5592576K, used 3733761K [0x0000000600000000, 0x0000000755580000, 0x0000000755580000)
[2021-07-20T12:44:30.995+0000][326.458s][2267133][2267139][debug] GC(98)   object space 5592576K, 66% used [0x0000000600000000,0x00000006e3e406c0,0x0000000755580000)
[2021-07-20T12:44:30.995+0000][326.458s][2267133][2267139][debug] GC(98)  Metaspace       used 58935K, capacity 60546K, committed 60880K, reserved 1101824K
[2021-07-20T12:44:30.995+0000][326.458s][2267133][2267139][debug] GC(98)   class space    used 7117K, capacity 7800K, committed 7936K, reserved 1048576K
[2021-07-20T12:44:31.015+0000][326.478s][2267133][2267139][debug] GC(98) Desired survivor size 7340032 bytes, new threshold 1 (max threshold 15)
[2021-07-20T12:44:31.016+0000][326.478s][2267133][2267139][info ] GC(98) PSYoungGen: 2782976K->2496K(2788864K)
[2021-07-20T12:44:31.016+0000][326.478s][2267133][2267139][info ] GC(98) ParOldGen: 3733761K->3735041K(5592576K)
[2021-07-20T12:44:31.016+0000][326.478s][2267133][2267139][info ] GC(98) Pause Young (Allocation Failure) 6364M->3649M(8185M) 20.404ms
[2021-07-20T12:44:31.016+0000][326.478s][2267133][2267139][debug] GC(98) Heap after GC invocations=99 (full 3): PSYoungGen      total 2788864K, used 2496K [0x0000000755580000, 0x0000000800000000, 0x0000000800000000)
[2021-07-20T12:44:31.016+0000][326.478s][2267133][2267139][debug] GC(98)   eden space 2781696K, 0% used [0x0000000755580000,0x0000000755580000,0x00000007ff200000)
[2021-07-20T12:44:31.016+0000][326.478s][2267133][2267139][debug] GC(98)   from space 7168K, 34% used [0x00000007ff900000,0x00000007ffb70000,0x0000000800000000)
[2021-07-20T12:44:31.016+0000][326.478s][2267133][2267139][debug] GC(98)   to   space 7168K, 0% used [0x00000007ff200000,0x00000007ff200000,0x00000007ff900000)
[2021-07-20T12:44:31.016+0000][326.478s][2267133][2267139][debug] GC(98)  ParOldGen       total 5592576K, used 3735041K [0x0000000600000000, 0x0000000755580000, 0x0000000755580000)
[2021-07-20T12:44:31.016+0000][326.478s][2267133][2267139][debug] GC(98)   object space 5592576K, 66% used [0x0000000600000000,0x00000006e3f806c0,0x0000000755580000)
[2021-07-20T12:44:31.016+0000][326.478s][2267133][2267139][debug] GC(98)  Metaspace       used 58935K, capacity 60546K, committed 60880K, reserved 1101824K
[2021-07-20T12:44:31.016+0000][326.478s][2267133][2267139][debug] GC(98)   class space    used 7117K, capacity 7800K, committed 7936K, reserved 1048576K
[2021-07-20T12:44:31.016+0000][326.478s][2267133][2267139][info ] Leaving safepoint region
[2021-07-20T12:44:31.016+0000][326.478s][2267133][2267139][info ] Total time for which application threads were stopped: 0.0210214 seconds, Stopping threads took: 0.0000882 seconds
[2021-07-20T12:44:32.016+0000][327.478s][2267133][2267139][info ] Application time: 1.0000880 seconds
[2021-07-20T12:44:32.016+0000][327.478s][2267133][2267139][info ] Entering safepoint region: Cleanup
[2021-07-20T12:44:32.016+0000][327.479s][2267133][2267139][info ] Leaving safepoint region
[2021-07-20T12:44:32.016+0000][327.479s][2267133][2267139][info ] Total time for which application threads were stopped: 0.0004094 seconds, Stopping threads took: 0.0001045 seconds
[2021-07-20T12:44:33.016+0000][328.479s][2267133][2267139][info ] Application time: 1.0000653 seconds
[2021-07-20T12:44:33.016+0000][328.479s][2267133][2267139][info ] Entering safepoint region: Cleanup
[2021-07-20T12:44:33.017+0000][328.479s][2267133][2267139][info ] Leaving safepoint region
[2021-07-20T12:44:33.017+0000][328.479s][2267133][2267139][info ] Total time for which application threads were stopped: 0.0003825 seconds, Stopping threads took: 0.0000888 seconds
[2021-07-20T12:44:34.017+0000][329.479s][2267133][2267139][info ] Application time: 1.0000650 seconds
[2021-07-20T12:44:34.017+0000][329.479s][2267133][2267139][info ] Entering safepoint region: Cleanup
[2021-07-20T12:44:34.017+0000][329.480s][2267133][2267139][info ] Leaving safepoint region
[2021-07-20T12:44:34.017+0000][329.480s][2267133][2267139][info ] Total time for which application threads were stopped: 0.0003913 seconds, Stopping threads took: 0.0000948 seconds
[2021-07-20T12:44:35.017+0000][330.480s][2267133][2267139][info ] Application time: 1.0000737 seconds
[2021-07-20T12:44:35.017+0000][330.480s][2267133][2267139][info ] Entering safepoint region: Cleanup
[2021-07-20T12:44:35.018+0000][330.480s][2267133][2267139][info ] Leaving safepoint region
[2021-07-20T12:44:35.018+0000][330.480s][2267133][2267139][info ] Total time for which application threads were stopped: 0.0003802 seconds, Stopping threads took: 0.0000938 seconds
[2021-07-20T12:44:36.018+0000][331.480s][2267133][2267139][info ] Application time: 1.0000648 seconds
[2021-07-20T12:44:36.018+0000][331.480s][2267133][2267139][info ] Entering safepoint region: Cleanup
[2021-07-20T12:44:36.018+0000][331.481s][2267133][2267139][info ] Leaving safepoint region
[2021-07-20T12:44:36.018+0000][331.481s][2267133][2267139][info ] Total time for which application threads were stopped: 0.0004129 seconds, Stopping threads took: 0.0000897 seconds
[2021-07-20T12:44:37.018+0000][332.481s][2267133][2267139][info ] Application time: 1.0000192 seconds
[2021-07-20T12:44:37.018+0000][332.481s][2267133][2267139][info ] Entering safepoint region: Cleanup
[2021-07-20T12:44:37.019+0000][332.481s][2267133][2267139][info ] Leaving safepoint region
[2021-07-20T12:44:37.019+0000][332.481s][2267133][2267139][info ] Total time for which application threads were stopped: 0.0003649 seconds, Stopping threads took: 0.0000810 seconds
[2021-07-20T12:44:38.019+0000][333.481s][2267133][2267139][info ] Application time: 1.0000676 seconds
[2021-07-20T12:44:38.019+0000][333.481s][2267133][2267139][info ] Entering safepoint region: Cleanup
[2021-07-20T12:44:38.019+0000][333.482s][2267133][2267139][info ] Leaving safepoint region
[2021-07-20T12:44:38.019+0000][333.482s][2267133][2267139][info ] Total time for which application threads were stopped: 0.0003659 seconds, Stopping threads took: 0.0000837 seconds
[2021-07-20T12:44:38.708+0000][334.171s][2267133][2267139][info ] Application time: 0.6891887 seconds
[2021-07-20T12:44:38.709+0000][334.171s][2267133][2267139][info ] Entering safepoint region: ParallelGCFailedAllocation
[2021-07-20T12:44:38.709+0000][334.171s][2267133][2267139][debug] GC(99) Heap before GC invocations=100 (full 3): PSYoungGen      total 2788864K, used 2784192K [0x0000000755580000, 0x0000000800000000, 0x0000000800000000)
[2021-07-20T12:44:38.709+0000][334.171s][2267133][2267139][debug] GC(99)   eden space 2781696K, 100% used [0x0000000755580000,0x00000007ff200000,0x00000007ff200000)
[2021-07-20T12:44:38.709+0000][334.171s][2267133][2267139][debug] GC(99)   from space 7168K, 34% used [0x00000007ff900000,0x00000007ffb70000,0x0000000800000000)
[2021-07-20T12:44:38.709+0000][334.171s][2267133][2267139][debug] GC(99)   to   space 7168K, 0% used [0x00000007ff200000,0x00000007ff200000,0x00000007ff900000)
[2021-07-20T12:44:38.709+0000][334.171s][2267133][2267139][debug] GC(99)  ParOldGen       total 5592576K, used 3735041K [0x0000000600000000, 0x0000000755580000, 0x0000000755580000)
[2021-07-20T12:44:38.709+0000][334.171s][2267133][2267139][debug] GC(99)   object space 5592576K, 66% used [0x0000000600000000,0x00000006e3f806c0,0x0000000755580000)
[2021-07-20T12:44:38.709+0000][334.171s][2267133][2267139][debug] GC(99)  Metaspace       used 58946K, capacity 60546K, committed 60880K, reserved 1101824K
[2021-07-20T12:44:38.709+0000][334.171s][2267133][2267139][debug] GC(99)   class space    used 7117K, capacity 7800K, committed 7936K, reserved 1048576K
[2021-07-20T12:44:38.733+0000][334.196s][2267133][2267139][debug] GC(99) Desired survivor size 7340032 bytes, new threshold 1 (max threshold 15)
[2021-07-20T12:44:38.733+0000][334.196s][2267133][2267139][info ] GC(99) PSYoungGen: 2784192K->3808K(2788864K)
[2021-07-20T12:44:38.733+0000][334.196s][2267133][2267139][info ] GC(99) ParOldGen: 3735041K->3735833K(5592576K)
[2021-07-20T12:44:38.733+0000][334.196s][2267133][2267139][info ] GC(99) Pause Young (Allocation Failure) 6366M->3651M(8185M) 24.244ms
[2021-07-20T12:44:38.733+0000][334.196s][2267133][2267139][debug] GC(99) Heap after GC invocations=100 (full 3): PSYoungGen      total 2788864K, used 3808K [0x0000000755580000, 0x0000000800000000, 0x0000000800000000)
[2021-07-20T12:44:38.733+0000][334.196s][2267133][2267139][debug] GC(99)   eden space 2781696K, 0% used [0x0000000755580000,0x0000000755580000,0x00000007ff200000)
[2021-07-20T12:44:38.733+0000][334.196s][2267133][2267139][debug] GC(99)   from space 7168K, 53% used [0x00000007ff200000,0x00000007ff5b8000,0x00000007ff900000)
[2021-07-20T12:44:38.733+0000][334.196s][2267133][2267139][debug] GC(99)   to   space 7168K, 0% used [0x00000007ff900000,0x00000007ff900000,0x0000000800000000)
[2021-07-20T12:44:38.733+0000][334.196s][2267133][2267139][debug] GC(99)  ParOldGen       total 5592576K, used 3735833K [0x0000000600000000, 0x0000000755580000, 0x0000000755580000)
[2021-07-20T12:44:38.733+0000][334.196s][2267133][2267139][debug] GC(99)   object space 5592576K, 66% used [0x0000000600000000,0x00000006e40466c0,0x0000000755580000)
[2021-07-20T12:44:38.733+0000][334.196s][2267133][2267139][debug] GC(99)  Metaspace       used 58946K, capacity 60546K, committed 60880K, reserved 1101824K
[2021-07-20T12:44:38.733+0000][334.196s][2267133][2267139][debug] GC(99)   class space    used 7117K, capacity 7800K, committed 7936K, reserved 1048576K
[2021-07-20T12:44:38.733+0000][334.196s][2267133][2267139][info ] Leaving safepoint region
[2021-07-20T12:44:38.733+0000][334.196s][2267133][2267139][info ] Total time for which application threads were stopped: 0.0249742 seconds, Stopping threads took: 0.0000951 seconds
[2021-07-20T12:44:39.734+0000][335.196s][2267133][2267139][info ] Application time: 1.0000731 seconds
[2021-07-20T12:44:39.734+0000][335.196s][2267133][2267139][info ] Entering safepoint region: Cleanup
[2021-07-20T12:44:39.734+0000][335.196s][2267133][2267139][info ] Leaving safepoint region
[2021-07-20T12:44:39.734+0000][335.196s][2267133][2267139][info ] Total time for which application threads were stopped: 0.0004490 seconds, Stopping threads took: 0.0000880 seconds
[2021-07-20T12:44:40.734+0000][336.197s][2267133][2267139][info ] Application time: 1.0000686 seconds
[2021-07-20T12:44:40.734+0000][336.197s][2267133][2267139][info ] Entering safepoint region: Cleanup
[2021-07-20T12:44:40.735+0000][336.197s][2267133][2267139][info ] Leaving safepoint region
[2021-07-20T12:44:40.735+0000][336.197s][2267133][2267139][info ] Total time for which application threads were stopped: 0.0004038 seconds, Stopping threads took: 0.0000904 seconds
[2021-07-20T12:44:41.735+0000][337.197s][2267133][2267139][info ] Application time: 1.0000663 seconds
[2021-07-20T12:44:41.735+0000][337.197s][2267133][2267139][info ] Entering safepoint region: Cleanup
[2021-07-20T12:44:41.735+0000][337.198s][2267133][2267139][info ] Leaving safepoint region
[2021-07-20T12:44:41.735+0000][337.198s][2267133][2267139][info ] Total time for which application threads were stopped: 0.0003899 seconds, Stopping threads took: 0.0000882 seconds
[2021-07-20T12:44:42.735+0000][338.198s][2267133][2267139][info ] Application time: 1.0000652 seconds
[2021-07-20T12:44:42.735+0000][338.198s][2267133][2267139][info ] Entering safepoint region: Cleanup
[2021-07-20T12:44:42.736+0000][338.198s][2267133][2267139][info ] Leaving safepoint region
[2021-07-20T12:44:42.736+0000][338.198s][2267133][2267139][info ] Total time for which application threads were stopped: 0.0003819 seconds, Stopping threads took: 0.0000923 seconds
[2021-07-20T12:44:43.736+0000][339.198s][2267133][2267139][info ] Application time: 1.0000672 seconds
[2021-07-20T12:44:43.736+0000][339.198s][2267133][2267139][info ] Entering safepoint region: Cleanup
[2021-07-20T12:44:43.736+0000][339.199s][2267133][2267139][info ] Leaving safepoint region
[2021-07-20T12:44:43.736+0000][339.199s][2267133][2267139][info ] Total time for which application threads were stopped: 0.0003813 seconds, Stopping threads took: 0.0000851 seconds
[2021-07-20T12:44:44.736+0000][340.199s][2267133][2267139][info ] Application time: 1.0000285 seconds
[2021-07-20T12:44:44.736+0000][340.199s][2267133][2267139][info ] Entering safepoint region: Cleanup
[2021-07-20T12:44:44.737+0000][340.199s][2267133][2267139][info ] Leaving safepoint region
[2021-07-20T12:44:44.737+0000][340.199s][2267133][2267139][info ] Total time for which application threads were stopped: 0.0005716 seconds, Stopping threads took: 0.0002848 seconds
[2021-07-20T12:44:45.737+0000][341.199s][2267133][2267139][info ] Application time: 1.0000633 seconds
[2021-07-20T12:44:45.737+0000][341.199s][2267133][2267139][info ] Entering safepoint region: Cleanup
[2021-07-20T12:44:45.737+0000][341.200s][2267133][2267139][info ] Leaving safepoint region
[2021-07-20T12:44:45.737+0000][341.200s][2267133][2267139][info ] Total time for which application threads were stopped: 0.0004011 seconds, Stopping threads took: 0.0000855 seconds
[2021-07-20T12:44:46.433+0000][341.895s][2267133][2267139][info ] Application time: 0.6953879 seconds
[2021-07-20T12:44:46.433+0000][341.895s][2267133][2267139][info ] Entering safepoint region: ParallelGCFailedAllocation
[2021-07-20T12:44:46.433+0000][341.896s][2267133][2267139][debug] GC(100) Heap before GC invocations=101 (full 3): PSYoungGen      total 2788864K, used 2785504K [0x0000000755580000, 0x0000000800000000, 0x0000000800000000)
[2021-07-20T12:44:46.433+0000][341.896s][2267133][2267139][debug] GC(100)   eden space 2781696K, 100% used [0x0000000755580000,0x00000007ff200000,0x00000007ff200000)
[2021-07-20T12:44:46.433+0000][341.896s][2267133][2267139][debug] GC(100)   from space 7168K, 53% used [0x00000007ff200000,0x00000007ff5b8000,0x00000007ff900000)
[2021-07-20T12:44:46.433+0000][341.896s][2267133][2267139][debug] GC(100)   to   space 7168K, 0% used [0x00000007ff900000,0x00000007ff900000,0x0000000800000000)
[2021-07-20T12:44:46.433+0000][341.896s][2267133][2267139][debug] GC(100)  ParOldGen       total 5592576K, used 3735833K [0x0000000600000000, 0x0000000755580000, 0x0000000755580000)
[2021-07-20T12:44:46.433+0000][341.896s][2267133][2267139][debug] GC(100)   object space 5592576K, 66% used [0x0000000600000000,0x00000006e40466c0,0x0000000755580000)
[2021-07-20T12:44:46.433+0000][341.896s][2267133][2267139][debug] GC(100)  Metaspace       used 59009K, capacity 60622K, committed 60880K, reserved 1101824K
[2021-07-20T12:44:46.433+0000][341.896s][2267133][2267139][debug] GC(100)   class space    used 7122K, capacity 7803K, committed 7936K, reserved 1048576K
[2021-07-20T12:44:46.457+0000][341.920s][2267133][2267139][debug] GC(100) Desired survivor size 6815744 bytes, new threshold 1 (max threshold 15)
[2021-07-20T12:44:46.458+0000][341.920s][2267133][2267139][info ] GC(100) PSYoungGen: 2785504K->3232K(2789376K)
[2021-07-20T12:44:46.458+0000][341.920s][2267133][2267139][info ] GC(100) ParOldGen: 3735833K->3738089K(5592576K)
[2021-07-20T12:44:46.458+0000][341.920s][2267133][2267139][info ] GC(100) Pause Young (Allocation Failure) 6368M->3653M(8185M) 24.472ms
[2021-07-20T12:44:46.458+0000][341.920s][2267133][2267139][debug] GC(100) Heap after GC invocations=101 (full 3): PSYoungGen      total 2789376K, used 3232K [0x0000000755580000, 0x0000000800000000, 0x0000000800000000)
[2021-07-20T12:44:46.458+0000][341.920s][2267133][2267139][debug] GC(100)   eden space 2782208K, 0% used [0x0000000755580000,0x0000000755580000,0x00000007ff280000)
[2021-07-20T12:44:46.458+0000][341.920s][2267133][2267139][debug] GC(100)   from space 7168K, 45% used [0x00000007ff900000,0x00000007ffc28000,0x0000000800000000)
[2021-07-20T12:44:46.458+0000][341.920s][2267133][2267139][debug] GC(100)   to   space 6656K, 0% used [0x00000007ff280000,0x00000007ff280000,0x00000007ff900000)
[2021-07-20T12:44:46.458+0000][341.920s][2267133][2267139][debug] GC(100)  ParOldGen       total 5592576K, used 3738089K [0x0000000600000000, 0x0000000755580000, 0x0000000755580000)
[2021-07-20T12:44:46.458+0000][341.920s][2267133][2267139][debug] GC(100)   object space 5592576K, 66% used [0x0000000600000000,0x00000006e427a6c0,0x0000000755580000)
[2021-07-20T12:44:46.458+0000][341.920s][2267133][2267139][debug] GC(100)  Metaspace       used 59009K, capacity 60622K, committed 60880K, reserved 1101824K
[2021-07-20T12:44:46.458+0000][341.920s][2267133][2267139][debug] GC(100)   class space    used 7122K, capacity 7803K, committed 7936K, reserved 1048576K
[2021-07-20T12:44:46.458+0000][341.920s][2267133][2267139][info ] Leaving safepoint region
[2021-07-20T12:44:46.458+0000][341.920s][2267133][2267139][info ] Total time for which application threads were stopped: 0.0251601 seconds, Stopping threads took: 0.0000951 seconds
[2021-07-20T12:44:47.458+0000][342.920s][2267133][2267139][info ] Application time: 1.0000694 seconds
[2021-07-20T12:44:47.458+0000][342.920s][2267133][2267139][info ] Entering safepoint region: Cleanup
[2021-07-20T12:44:47.458+0000][342.921s][2267133][2267139][info ] Leaving safepoint region
[2021-07-20T12:44:47.458+0000][342.921s][2267133][2267139][info ] Total time for which application threads were stopped: 0.0003854 seconds, Stopping threads took: 0.0000785 seconds
[2021-07-20T12:44:48.458+0000][343.921s][2267133][2267139][info ] Application time: 1.0000641 seconds
[2021-07-20T12:44:48.459+0000][343.921s][2267133][2267139][info ] Entering safepoint region: Cleanup
[2021-07-20T12:44:48.459+0000][343.921s][2267133][2267139][info ] Leaving safepoint region
[2021-07-20T12:44:48.459+0000][343.921s][2267133][2267139][info ] Total time for which application threads were stopped: 0.0003946 seconds, Stopping threads took: 0.0000977 seconds
[2021-07-20T12:44:49.459+0000][344.921s][2267133][2267139][info ] Application time: 1.0000650 seconds
[2021-07-20T12:44:49.459+0000][344.921s][2267133][2267139][info ] Entering safepoint region: Cleanup
[2021-07-20T12:44:49.459+0000][344.922s][2267133][2267139][info ] Leaving safepoint region
[2021-07-20T12:44:49.459+0000][344.922s][2267133][2267139][info ] Total time for which application threads were stopped: 0.0003834 seconds, Stopping threads took: 0.0000857 seconds
[2021-07-20T12:44:50.459+0000][345.922s][2267133][2267139][info ] Application time: 1.0000214 seconds
[2021-07-20T12:44:50.459+0000][345.922s][2267133][2267139][info ] Entering safepoint region: Cleanup
[2021-07-20T12:44:50.460+0000][345.922s][2267133][2267139][info ] Leaving safepoint region
[2021-07-20T12:44:50.460+0000][345.922s][2267133][2267139][info ] Total time for which application threads were stopped: 0.0003572 seconds, Stopping threads took: 0.0000659 seconds
[2021-07-20T12:44:51.460+0000][346.922s][2267133][2267139][info ] Application time: 1.0000672 seconds
[2021-07-20T12:44:51.460+0000][346.922s][2267133][2267139][info ] Entering safepoint region: Cleanup
[2021-07-20T12:44:51.460+0000][346.923s][2267133][2267139][info ] Leaving safepoint region
[2021-07-20T12:44:51.460+0000][346.923s][2267133][2267139][info ] Total time for which application threads were stopped: 0.0003797 seconds, Stopping threads took: 0.0000933 seconds
[2021-07-20T12:44:52.460+0000][347.923s][2267133][2267139][info ] Application time: 1.0000713 seconds
[2021-07-20T12:44:52.460+0000][347.923s][2267133][2267139][info ] Entering safepoint region: Cleanup
[2021-07-20T12:44:52.461+0000][347.923s][2267133][2267139][info ] Leaving safepoint region
[2021-07-20T12:44:52.461+0000][347.923s][2267133][2267139][info ] Total time for which application threads were stopped: 0.0003910 seconds, Stopping threads took: 0.0000981 seconds
[2021-07-20T12:44:53.461+0000][348.923s][2267133][2267139][info ] Application time: 1.0000879 seconds
[2021-07-20T12:44:53.461+0000][348.923s][2267133][2267139][info ] Entering safepoint region: Cleanup
[2021-07-20T12:44:53.461+0000][348.924s][2267133][2267139][info ] Leaving safepoint region
[2021-07-20T12:44:53.461+0000][348.924s][2267133][2267139][info ] Total time for which application threads were stopped: 0.0003940 seconds, Stopping threads took: 0.0000906 seconds
[2021-07-20T12:44:54.139+0000][349.601s][2267133][2267139][info ] Application time: 0.6776527 seconds
[2021-07-20T12:44:54.139+0000][349.602s][2267133][2267139][info ] Entering safepoint region: ParallelGCFailedAllocation
[2021-07-20T12:44:54.139+0000][349.602s][2267133][2267139][debug] GC(101) Heap before GC invocations=102 (full 3): PSYoungGen      total 2789376K, used 2785440K [0x0000000755580000, 0x0000000800000000, 0x0000000800000000)
[2021-07-20T12:44:54.139+0000][349.602s][2267133][2267139][debug] GC(101)   eden space 2782208K, 100% used [0x0000000755580000,0x00000007ff280000,0x00000007ff280000)
[2021-07-20T12:44:54.139+0000][349.602s][2267133][2267139][debug] GC(101)   from space 7168K, 45% used [0x00000007ff900000,0x00000007ffc28000,0x0000000800000000)
[2021-07-20T12:44:54.139+0000][349.602s][2267133][2267139][debug] GC(101)   to   space 6656K, 0% used [0x00000007ff280000,0x00000007ff280000,0x00000007ff900000)
[2021-07-20T12:44:54.139+0000][349.602s][2267133][2267139][debug] GC(101)  ParOldGen       total 5592576K, used 3738089K [0x0000000600000000, 0x0000000755580000, 0x0000000755580000)
[2021-07-20T12:44:54.139+0000][349.602s][2267133][2267139][debug] GC(101)   object space 5592576K, 66% used [0x0000000600000000,0x00000006e427a6c0,0x0000000755580000)
[2021-07-20T12:44:54.139+0000][349.602s][2267133][2267139][debug] GC(101)  Metaspace       used 59034K, capacity 60623K, committed 60880K, reserved 1101824K
[2021-07-20T12:44:54.139+0000][349.602s][2267133][2267139][debug] GC(101)   class space    used 7122K, capacity 7803K, committed 7936K, reserved 1048576K
[2021-07-20T12:44:54.163+0000][349.626s][2267133][2267139][debug] GC(101) Desired survivor size 6291456 bytes, new threshold 1 (max threshold 15)
[2021-07-20T12:44:54.163+0000][349.626s][2267133][2267139][info ] GC(101) PSYoungGen: 2785440K->3328K(2788864K)
[2021-07-20T12:44:54.163+0000][349.626s][2267133][2267139][info ] GC(101) ParOldGen: 3738089K->3739425K(5592576K)
[2021-07-20T12:44:54.164+0000][349.626s][2267133][2267139][info ] GC(101) Pause Young (Allocation Failure) 6370M->3655M(8185M) 24.058ms
[2021-07-20T12:44:54.164+0000][349.626s][2267133][2267139][debug] GC(101) Heap after GC invocations=102 (full 3): PSYoungGen      total 2788864K, used 3328K [0x0000000755580000, 0x0000000800000000, 0x0000000800000000)
[2021-07-20T12:44:54.164+0000][349.626s][2267133][2267139][debug] GC(101)   eden space 2782208K, 0% used [0x0000000755580000,0x0000000755580000,0x00000007ff280000)
[2021-07-20T12:44:54.164+0000][349.626s][2267133][2267139][debug] GC(101)   from space 6656K, 50% used [0x00000007ff280000,0x00000007ff5c0000,0x00000007ff900000)
[2021-07-20T12:44:54.164+0000][349.626s][2267133][2267139][debug] GC(101)   to   space 6144K, 0% used [0x00000007ffa00000,0x00000007ffa00000,0x0000000800000000)
[2021-07-20T12:44:54.164+0000][349.626s][2267133][2267139][debug] GC(101)  ParOldGen       total 5592576K, used 3739425K [0x0000000600000000, 0x0000000755580000, 0x0000000755580000)
[2021-07-20T12:44:54.164+0000][349.626s][2267133][2267139][debug] GC(101)   object space 5592576K, 66% used [0x0000000600000000,0x00000006e43c86c0,0x0000000755580000)
[2021-07-20T12:44:54.164+0000][349.626s][2267133][2267139][debug] GC(101)  Metaspace       used 59034K, capacity 60623K, committed 60880K, reserved 1101824K
[2021-07-20T12:44:54.164+0000][349.626s][2267133][2267139][debug] GC(101)   class space    used 7122K, capacity 7803K, committed 7936K, reserved 1048576K
[2021-07-20T12:44:54.164+0000][349.626s][2267133][2267139][info ] Leaving safepoint region
[2021-07-20T12:44:54.164+0000][349.626s][2267133][2267139][info ] Total time for which application threads were stopped: 0.0247524 seconds, Stopping threads took: 0.0000841 seconds
[2021-07-20T12:44:55.164+0000][350.626s][2267133][2267139][info ] Application time: 1.0000695 seconds
[2021-07-20T12:44:55.164+0000][350.626s][2267133][2267139][info ] Entering safepoint region: Cleanup
[2021-07-20T12:44:55.164+0000][350.627s][2267133][2267139][info ] Leaving safepoint region
[2021-07-20T12:44:55.164+0000][350.627s][2267133][2267139][info ] Total time for which application threads were stopped: 0.0003990 seconds, Stopping threads took: 0.0000938 seconds
[2021-07-20T12:44:56.164+0000][351.627s][2267133][2267139][info ] Application time: 1.0000666 seconds
[2021-07-20T12:44:56.164+0000][351.627s][2267133][2267139][info ] Entering safepoint region: Cleanup
[2021-07-20T12:44:56.165+0000][351.627s][2267133][2267139][info ] Leaving safepoint region
[2021-07-20T12:44:56.165+0000][351.627s][2267133][2267139][info ] Total time for which application threads were stopped: 0.0003926 seconds, Stopping threads took: 0.0000936 seconds
[2021-07-20T12:44:57.165+0000][352.627s][2267133][2267139][info ] Application time: 1.0000662 seconds
[2021-07-20T12:44:57.165+0000][352.627s][2267133][2267139][info ] Entering safepoint region: Cleanup
[2021-07-20T12:44:57.165+0000][352.628s][2267133][2267139][info ] Leaving safepoint region
[2021-07-20T12:44:57.165+0000][352.628s][2267133][2267139][info ] Total time for which application threads were stopped: 0.0003844 seconds, Stopping threads took: 0.0000886 seconds
[2021-07-20T12:44:58.165+0000][353.628s][2267133][2267139][info ] Application time: 1.0000668 seconds
[2021-07-20T12:44:58.165+0000][353.628s][2267133][2267139][info ] Entering safepoint region: Cleanup
[2021-07-20T12:44:58.166+0000][353.628s][2267133][2267139][info ] Leaving safepoint region
[2021-07-20T12:44:58.166+0000][353.628s][2267133][2267139][info ] Total time for which application threads were stopped: 0.0003989 seconds, Stopping threads took: 0.0000854 seconds
[2021-07-20T12:44:59.166+0000][354.628s][2267133][2267139][info ] Application time: 1.0000669 seconds
[2021-07-20T12:44:59.166+0000][354.628s][2267133][2267139][info ] Entering safepoint region: Cleanup
[2021-07-20T12:44:59.166+0000][354.629s][2267133][2267139][info ] Leaving safepoint region
[2021-07-20T12:44:59.166+0000][354.629s][2267133][2267139][info ] Total time for which application threads were stopped: 0.0004089 seconds, Stopping threads took: 0.0000961 seconds
[2021-07-20T12:45:00.166+0000][355.629s][2267133][2267139][info ] Application time: 1.0000658 seconds
[2021-07-20T12:45:00.167+0000][355.629s][2267133][2267139][info ] Entering safepoint region: Cleanup
[2021-07-20T12:45:00.167+0000][355.629s][2267133][2267139][info ] Leaving safepoint region
[2021-07-20T12:45:00.167+0000][355.629s][2267133][2267139][info ] Total time for which application threads were stopped: 0.0003743 seconds, Stopping threads took: 0.0000856 seconds
[2021-07-20T12:45:01.167+0000][356.629s][2267133][2267139][info ] Application time: 1.0000632 seconds
[2021-07-20T12:45:01.167+0000][356.629s][2267133][2267139][info ] Entering safepoint region: Cleanup
[2021-07-20T12:45:01.167+0000][356.630s][2267133][2267139][info ] Leaving safepoint region
[2021-07-20T12:45:01.167+0000][356.630s][2267133][2267139][info ] Total time for which application threads were stopped: 0.0003744 seconds, Stopping threads took: 0.0000774 seconds
[2021-07-20T12:45:01.849+0000][357.311s][2267133][2267139][info ] Application time: 0.6815333 seconds
[2021-07-20T12:45:01.849+0000][357.311s][2267133][2267139][info ] Entering safepoint region: ParallelGCFailedAllocation
[2021-07-20T12:45:01.849+0000][357.312s][2267133][2267139][debug] GC(102) Heap before GC invocations=103 (full 3): PSYoungGen      total 2788864K, used 2785536K [0x0000000755580000, 0x0000000800000000, 0x0000000800000000)
[2021-07-20T12:45:01.849+0000][357.312s][2267133][2267139][debug] GC(102)   eden space 2782208K, 100% used [0x0000000755580000,0x00000007ff280000,0x00000007ff280000)
[2021-07-20T12:45:01.849+0000][357.312s][2267133][2267139][debug] GC(102)   from space 6656K, 50% used [0x00000007ff280000,0x00000007ff5c0000,0x00000007ff900000)
[2021-07-20T12:45:01.849+0000][357.312s][2267133][2267139][debug] GC(102)   to   space 6144K, 0% used [0x00000007ffa00000,0x00000007ffa00000,0x0000000800000000)
[2021-07-20T12:45:01.849+0000][357.312s][2267133][2267139][debug] GC(102)  ParOldGen       total 5592576K, used 3739425K [0x0000000600000000, 0x0000000755580000, 0x0000000755580000)
[2021-07-20T12:45:01.849+0000][357.312s][2267133][2267139][debug] GC(102)   object space 5592576K, 66% used [0x0000000600000000,0x00000006e43c86c0,0x0000000755580000)
[2021-07-20T12:45:01.849+0000][357.312s][2267133][2267139][debug] GC(102)  Metaspace       used 59036K, capacity 60623K, committed 60880K, reserved 1101824K
[2021-07-20T12:45:01.849+0000][357.312s][2267133][2267139][debug] GC(102)   class space    used 7122K, capacity 7803K, committed 7936K, reserved 1048576K
[2021-07-20T12:45:01.872+0000][357.334s][2267133][2267139][debug] GC(102) Desired survivor size 6291456 bytes, new threshold 1 (max threshold 15)
[2021-07-20T12:45:01.872+0000][357.334s][2267133][2267139][info ] GC(102) PSYoungGen: 2785536K->3264K(2789888K)
[2021-07-20T12:45:01.872+0000][357.334s][2267133][2267139][info ] GC(102) ParOldGen: 3739425K->3741241K(5592576K)
[2021-07-20T12:45:01.872+0000][357.334s][2267133][2267139][info ] GC(102) Pause Young (Allocation Failure) 6372M->3656M(8186M) 22.434ms
[2021-07-20T12:45:01.872+0000][357.334s][2267133][2267139][debug] GC(102) Heap after GC invocations=103 (full 3): PSYoungGen      total 2789888K, used 3264K [0x0000000755580000, 0x0000000800000000, 0x0000000800000000)
[2021-07-20T12:45:01.872+0000][357.334s][2267133][2267139][debug] GC(102)   eden space 2783744K, 0% used [0x0000000755580000,0x0000000755580000,0x00000007ff400000)
[2021-07-20T12:45:01.872+0000][357.334s][2267133][2267139][debug] GC(102)   from space 6144K, 53% used [0x00000007ffa00000,0x00000007ffd30000,0x0000000800000000)
[2021-07-20T12:45:01.872+0000][357.334s][2267133][2267139][debug] GC(102)   to   space 6144K, 0% used [0x00000007ff400000,0x00000007ff400000,0x00000007ffa00000)
[2021-07-20T12:45:01.872+0000][357.334s][2267133][2267139][debug] GC(102)  ParOldGen       total 5592576K, used 3741241K [0x0000000600000000, 0x0000000755580000, 0x0000000755580000)
[2021-07-20T12:45:01.872+0000][357.334s][2267133][2267139][debug] GC(102)   object space 5592576K, 66% used [0x0000000600000000,0x00000006e458e6c0,0x0000000755580000)
[2021-07-20T12:45:01.872+0000][357.334s][2267133][2267139][debug] GC(102)  Metaspace       used 59036K, capacity 60623K, committed 60880K, reserved 1101824K
[2021-07-20T12:45:01.872+0000][357.334s][2267133][2267139][debug] GC(102)   class space    used 7122K, capacity 7803K, committed 7936K, reserved 1048576K
[2021-07-20T12:45:01.872+0000][357.334s][2267133][2267139][info ] Leaving safepoint region
[2021-07-20T12:45:01.872+0000][357.334s][2267133][2267139][info ] Total time for which application threads were stopped: 0.0230898 seconds, Stopping threads took: 0.0000850 seconds
[2021-07-20T12:45:02.872+0000][358.335s][2267133][2267139][info ] Application time: 1.0000677 seconds
[2021-07-20T12:45:02.872+0000][358.335s][2267133][2267139][info ] Entering safepoint region: Cleanup
[2021-07-20T12:45:02.872+0000][358.335s][2267133][2267139][info ] Leaving safepoint region
[2021-07-20T12:45:02.872+0000][358.335s][2267133][2267139][info ] Total time for which application threads were stopped: 0.0003877 seconds, Stopping threads took: 0.0000854 seconds
[2021-07-20T12:45:03.873+0000][359.335s][2267133][2267139][info ] Application time: 1.0000656 seconds
[2021-07-20T12:45:03.873+0000][359.335s][2267133][2267139][info ] Entering safepoint region: Cleanup
[2021-07-20T12:45:03.873+0000][359.335s][2267133][2267139][info ] Leaving safepoint region
[2021-07-20T12:45:03.873+0000][359.335s][2267133][2267139][info ] Total time for which application threads were stopped: 0.0003961 seconds, Stopping threads took: 0.0000906 seconds
[2021-07-20T12:45:04.873+0000][360.336s][2267133][2267139][info ] Application time: 1.0000641 seconds
[2021-07-20T12:45:04.873+0000][360.336s][2267133][2267139][info ] Entering safepoint region: Cleanup
[2021-07-20T12:45:04.874+0000][360.336s][2267133][2267139][info ] Leaving safepoint region
[2021-07-20T12:45:04.874+0000][360.336s][2267133][2267139][info ] Total time for which application threads were stopped: 0.0004141 seconds, Stopping threads took: 0.0000979 seconds
[2021-07-20T12:45:05.874+0000][361.336s][2267133][2267139][info ] Application time: 1.0000673 seconds
[2021-07-20T12:45:05.874+0000][361.336s][2267133][2267139][info ] Entering safepoint region: Cleanup
[2021-07-20T12:45:05.874+0000][361.337s][2267133][2267139][info ] Leaving safepoint region
[2021-07-20T12:45:05.874+0000][361.337s][2267133][2267139][info ] Total time for which application threads were stopped: 0.0003948 seconds, Stopping threads took: 0.0000964 seconds
[2021-07-20T12:45:06.874+0000][362.337s][2267133][2267139][info ] Application time: 1.0000670 seconds
[2021-07-20T12:45:06.874+0000][362.337s][2267133][2267139][info ] Entering safepoint region: Cleanup
[2021-07-20T12:45:06.875+0000][362.337s][2267133][2267139][info ] Leaving safepoint region
[2021-07-20T12:45:06.875+0000][362.337s][2267133][2267139][info ] Total time for which application threads were stopped: 0.0005543 seconds, Stopping threads took: 0.0002547 seconds
[2021-07-20T12:45:07.875+0000][363.337s][2267133][2267139][info ] Application time: 1.0000720 seconds
[2021-07-20T12:45:07.875+0000][363.337s][2267133][2267139][info ] Entering safepoint region: Cleanup
[2021-07-20T12:45:07.875+0000][363.338s][2267133][2267139][info ] Leaving safepoint region
[2021-07-20T12:45:07.875+0000][363.338s][2267133][2267139][info ] Total time for which application threads were stopped: 0.0003822 seconds, Stopping threads took: 0.0000920 seconds
[2021-07-20T12:45:08.875+0000][364.338s][2267133][2267139][info ] Application time: 1.0000375 seconds
[2021-07-20T12:45:08.875+0000][364.338s][2267133][2267139][info ] Entering safepoint region: Cleanup
[2021-07-20T12:45:08.876+0000][364.338s][2267133][2267139][info ] Leaving safepoint region
[2021-07-20T12:45:08.876+0000][364.338s][2267133][2267139][info ] Total time for which application threads were stopped: 0.0003663 seconds, Stopping threads took: 0.0000811 seconds
[2021-07-20T12:45:09.590+0000][365.053s][2267133][2267139][info ] Application time: 0.7143843 seconds
[2021-07-20T12:45:09.590+0000][365.053s][2267133][2267139][info ] Entering safepoint region: ParallelGCFailedAllocation
[2021-07-20T12:45:09.590+0000][365.053s][2267133][2267139][debug] GC(103) Heap before GC invocations=104 (full 3): PSYoungGen      total 2789888K, used 2787008K [0x0000000755580000, 0x0000000800000000, 0x0000000800000000)
[2021-07-20T12:45:09.591+0000][365.053s][2267133][2267139][debug] GC(103)   eden space 2783744K, 100% used [0x0000000755580000,0x00000007ff400000,0x00000007ff400000)
[2021-07-20T12:45:09.591+0000][365.053s][2267133][2267139][debug] GC(103)   from space 6144K, 53% used [0x00000007ffa00000,0x00000007ffd30000,0x0000000800000000)
[2021-07-20T12:45:09.591+0000][365.053s][2267133][2267139][debug] GC(103)   to   space 6144K, 0% used [0x00000007ff400000,0x00000007ff400000,0x00000007ffa00000)
[2021-07-20T12:45:09.591+0000][365.053s][2267133][2267139][debug] GC(103)  ParOldGen       total 5592576K, used 3741241K [0x0000000600000000, 0x0000000755580000, 0x0000000755580000)
[2021-07-20T12:45:09.591+0000][365.053s][2267133][2267139][debug] GC(103)   object space 5592576K, 66% used [0x0000000600000000,0x00000006e458e6c0,0x0000000755580000)
[2021-07-20T12:45:09.591+0000][365.053s][2267133][2267139][debug] GC(103)  Metaspace       used 59037K, capacity 60623K, committed 60880K, reserved 1101824K
[2021-07-20T12:45:09.591+0000][365.053s][2267133][2267139][debug] GC(103)   class space    used 7122K, capacity 7803K, committed 7936K, reserved 1048576K
[2021-07-20T12:45:09.615+0000][365.077s][2267133][2267139][debug] GC(103) Desired survivor size 5767168 bytes, new threshold 1 (max threshold 15)
[2021-07-20T12:45:09.615+0000][365.077s][2267133][2267139][info ] GC(103) PSYoungGen: 2787008K->3424K(2789888K)
[2021-07-20T12:45:09.615+0000][365.077s][2267133][2267139][info ] GC(103) ParOldGen: 3741241K->3742569K(5592576K)
[2021-07-20T12:45:09.615+0000][365.077s][2267133][2267139][info ] GC(103) Pause Young (Allocation Failure) 6375M->3658M(8186M) 24.360ms
[2021-07-20T12:45:09.615+0000][365.077s][2267133][2267139][debug] GC(103) Heap after GC invocations=104 (full 3): PSYoungGen      total 2789888K, used 3424K [0x0000000755580000, 0x0000000800000000, 0x0000000800000000)
[2021-07-20T12:45:09.615+0000][365.077s][2267133][2267139][debug] GC(103)   eden space 2783744K, 0% used [0x0000000755580000,0x0000000755580000,0x00000007ff400000)
[2021-07-20T12:45:09.615+0000][365.077s][2267133][2267139][debug] GC(103)   from space 6144K, 55% used [0x00000007ff400000,0x00000007ff758000,0x00000007ffa00000)
[2021-07-20T12:45:09.615+0000][365.077s][2267133][2267139][debug] GC(103)   to   space 5632K, 0% used [0x00000007ffa80000,0x00000007ffa80000,0x0000000800000000)
[2021-07-20T12:45:09.615+0000][365.078s][2267133][2267139][debug] GC(103)  ParOldGen       total 5592576K, used 3742569K [0x0000000600000000, 0x0000000755580000, 0x0000000755580000)
[2021-07-20T12:45:09.615+0000][365.078s][2267133][2267139][debug] GC(103)   object space 5592576K, 66% used [0x0000000600000000,0x00000006e46da6c0,0x0000000755580000)
[2021-07-20T12:45:09.615+0000][365.078s][2267133][2267139][debug] GC(103)  Metaspace       used 59037K, capacity 60623K, committed 60880K, reserved 1101824K
[2021-07-20T12:45:09.615+0000][365.078s][2267133][2267139][debug] GC(103)   class space    used 7122K, capacity 7803K, committed 7936K, reserved 1048576K
[2021-07-20T12:45:09.615+0000][365.078s][2267133][2267139][info ] Leaving safepoint region
[2021-07-20T12:45:09.615+0000][365.078s][2267133][2267139][info ] Total time for which application threads were stopped: 0.0250170 seconds, Stopping threads took: 0.0000798 seconds
[2021-07-20T12:45:10.615+0000][366.078s][2267133][2267139][info ] Application time: 1.0000269 seconds
[2021-07-20T12:45:10.615+0000][366.078s][2267133][2267139][info ] Entering safepoint region: Cleanup
[2021-07-20T12:45:10.616+0000][366.078s][2267133][2267139][info ] Leaving safepoint region
[2021-07-20T12:45:10.616+0000][366.078s][2267133][2267139][info ] Total time for which application threads were stopped: 0.0003779 seconds, Stopping threads took: 0.0000731 seconds
[2021-07-20T12:45:11.616+0000][367.078s][2267133][2267139][info ] Application time: 1.0000283 seconds
[2021-07-20T12:45:11.616+0000][367.078s][2267133][2267139][info ] Entering safepoint region: Cleanup
[2021-07-20T12:45:11.616+0000][367.078s][2267133][2267139][info ] Leaving safepoint region
[2021-07-20T12:45:11.616+0000][367.078s][2267133][2267139][info ] Total time for which application threads were stopped: 0.0003635 seconds, Stopping threads took: 0.0000777 seconds
[2021-07-20T12:45:12.616+0000][368.079s][2267133][2267139][info ] Application time: 1.0000670 seconds
[2021-07-20T12:45:12.616+0000][368.079s][2267133][2267139][info ] Entering safepoint region: Cleanup
[2021-07-20T12:45:12.617+0000][368.079s][2267133][2267139][info ] Leaving safepoint region
[2021-07-20T12:45:12.617+0000][368.079s][2267133][2267139][info ] Total time for which application threads were stopped: 0.0003898 seconds, Stopping threads took: 0.0000938 seconds
[2021-07-20T12:45:13.617+0000][369.079s][2267133][2267139][info ] Application time: 1.0000670 seconds
[2021-07-20T12:45:13.617+0000][369.079s][2267133][2267139][info ] Entering safepoint region: Cleanup
[2021-07-20T12:45:13.617+0000][369.079s][2267133][2267139][info ] Leaving safepoint region
[2021-07-20T12:45:13.617+0000][369.080s][2267133][2267139][info ] Total time for which application threads were stopped: 0.0003900 seconds, Stopping threads took: 0.0000970 seconds
[2021-07-20T12:45:14.617+0000][370.080s][2267133][2267139][info ] Application time: 1.0000661 seconds
[2021-07-20T12:45:14.617+0000][370.080s][2267133][2267139][info ] Entering safepoint region: Cleanup
[2021-07-20T12:45:14.618+0000][370.080s][2267133][2267139][info ] Leaving safepoint region
[2021-07-20T12:45:14.618+0000][370.080s][2267133][2267139][info ] Total time for which application threads were stopped: 0.0005438 seconds, Stopping threads took: 0.0002336 seconds
[2021-07-20T12:45:15.618+0000][371.080s][2267133][2267139][info ] Application time: 1.0000560 seconds
[2021-07-20T12:45:15.618+0000][371.080s][2267133][2267139][info ] Entering safepoint region: Cleanup
[2021-07-20T12:45:15.618+0000][371.081s][2267133][2267139][info ] Leaving safepoint region
[2021-07-20T12:45:15.618+0000][371.081s][2267133][2267139][info ] Total time for which application threads were stopped: 0.0003849 seconds, Stopping threads took: 0.0000920 seconds
[2021-07-20T12:45:16.618+0000][372.081s][2267133][2267139][info ] Application time: 1.0000438 seconds
[2021-07-20T12:45:16.618+0000][372.081s][2267133][2267139][info ] Entering safepoint region: Cleanup
[2021-07-20T12:45:16.619+0000][372.081s][2267133][2267139][info ] Leaving safepoint region
[2021-07-20T12:45:16.619+0000][372.081s][2267133][2267139][info ] Total time for which application threads were stopped: 0.0003526 seconds, Stopping threads took: 0.0000710 seconds
[2021-07-20T12:45:17.302+0000][372.765s][2267133][2267139][info ] Application time: 0.6833660 seconds
[2021-07-20T12:45:17.302+0000][372.765s][2267133][2267139][info ] Entering safepoint region: ParallelGCFailedAllocation
[2021-07-20T12:45:17.302+0000][372.765s][2267133][2267139][debug] GC(104) Heap before GC invocations=105 (full 3): PSYoungGen      total 2789888K, used 2787168K [0x0000000755580000, 0x0000000800000000, 0x0000000800000000)
[2021-07-20T12:45:17.302+0000][372.765s][2267133][2267139][debug] GC(104)   eden space 2783744K, 100% used [0x0000000755580000,0x00000007ff400000,0x00000007ff400000)
[2021-07-20T12:45:17.302+0000][372.765s][2267133][2267139][debug] GC(104)   from space 6144K, 55% used [0x00000007ff400000,0x00000007ff758000,0x00000007ffa00000)
[2021-07-20T12:45:17.302+0000][372.765s][2267133][2267139][debug] GC(104)   to   space 5632K, 0% used [0x00000007ffa80000,0x00000007ffa80000,0x0000000800000000)
[2021-07-20T12:45:17.302+0000][372.765s][2267133][2267139][debug] GC(104)  ParOldGen       total 5592576K, used 3742569K [0x0000000600000000, 0x0000000755580000, 0x0000000755580000)
[2021-07-20T12:45:17.302+0000][372.765s][2267133][2267139][debug] GC(104)   object space 5592576K, 66% used [0x0000000600000000,0x00000006e46da6c0,0x0000000755580000)
[2021-07-20T12:45:17.302+0000][372.765s][2267133][2267139][debug] GC(104)  Metaspace       used 59037K, capacity 60623K, committed 60880K, reserved 1101824K
[2021-07-20T12:45:17.302+0000][372.765s][2267133][2267139][debug] GC(104)   class space    used 7122K, capacity 7803K, committed 7936K, reserved 1048576K
[2021-07-20T12:45:17.327+0000][372.790s][2267133][2267139][debug] GC(104) Desired survivor size 5767168 bytes, new threshold 1 (max threshold 15)
[2021-07-20T12:45:17.327+0000][372.790s][2267133][2267139][info ] GC(104) PSYoungGen: 2787168K->3584K(2790400K)
[2021-07-20T12:45:17.327+0000][372.790s][2267133][2267139][info ] GC(104) ParOldGen: 3742569K->3744265K(5592576K)
[2021-07-20T12:45:17.327+0000][372.790s][2267133][2267139][info ] GC(104) Pause Young (Allocation Failure) 6376M->3660M(8186M) 24.908ms
[2021-07-20T12:45:17.327+0000][372.790s][2267133][2267139][debug] GC(104) Heap after GC invocations=105 (full 3): PSYoungGen      total 2790400K, used 3584K [0x0000000755580000, 0x0000000800000000, 0x0000000800000000)
[2021-07-20T12:45:17.327+0000][372.790s][2267133][2267139][debug] GC(104)   eden space 2784768K, 0% used [0x0000000755580000,0x0000000755580000,0x00000007ff500000)
[2021-07-20T12:45:17.327+0000][372.790s][2267133][2267139][debug] GC(104)   from space 5632K, 63% used [0x00000007ffa80000,0x00000007ffe00000,0x0000000800000000)
[2021-07-20T12:45:17.328+0000][372.790s][2267133][2267139][debug] GC(104)   to   space 5632K, 0% used [0x00000007ff500000,0x00000007ff500000,0x00000007ffa80000)
[2021-07-20T12:45:17.328+0000][372.790s][2267133][2267139][debug] GC(104)  ParOldGen       total 5592576K, used 3744265K [0x0000000600000000, 0x0000000755580000, 0x0000000755580000)
[2021-07-20T12:45:17.328+0000][372.790s][2267133][2267139][debug] GC(104)   object space 5592576K, 66% used [0x0000000600000000,0x00000006e48826c0,0x0000000755580000)
[2021-07-20T12:45:17.328+0000][372.790s][2267133][2267139][debug] GC(104)  Metaspace       used 59037K, capacity 60623K, committed 60880K, reserved 1101824K
[2021-07-20T12:45:17.328+0000][372.790s][2267133][2267139][debug] GC(104)   class space    used 7122K, capacity 7803K, committed 7936K, reserved 1048576K
[2021-07-20T12:45:17.328+0000][372.790s][2267133][2267139][info ] Leaving safepoint region
[2021-07-20T12:45:17.328+0000][372.790s][2267133][2267139][info ] Total time for which application threads were stopped: 0.0255499 seconds, Stopping threads took: 0.0000963 seconds
[2021-07-20T12:45:18.328+0000][373.790s][2267133][2267139][info ] Application time: 1.0000701 seconds
[2021-07-20T12:45:18.328+0000][373.790s][2267133][2267139][info ] Entering safepoint region: Cleanup
[2021-07-20T12:45:18.328+0000][373.791s][2267133][2267139][info ] Leaving safepoint region
[2021-07-20T12:45:18.328+0000][373.791s][2267133][2267139][info ] Total time for which application threads were stopped: 0.0003786 seconds, Stopping threads took: 0.0000864 seconds
[2021-07-20T12:45:19.328+0000][374.791s][2267133][2267139][info ] Application time: 1.0000647 seconds
[2021-07-20T12:45:19.328+0000][374.791s][2267133][2267139][info ] Entering safepoint region: Cleanup
[2021-07-20T12:45:19.329+0000][374.791s][2267133][2267139][info ] Leaving safepoint region
[2021-07-20T12:45:19.329+0000][374.791s][2267133][2267139][info ] Total time for which application threads were stopped: 0.0003895 seconds, Stopping threads took: 0.0000949 seconds
[2021-07-20T12:45:20.329+0000][375.791s][2267133][2267139][info ] Application time: 1.0000640 seconds
[2021-07-20T12:45:20.329+0000][375.791s][2267133][2267139][info ] Entering safepoint region: Cleanup
[2021-07-20T12:45:20.329+0000][375.792s][2267133][2267139][info ] Leaving safepoint region
[2021-07-20T12:45:20.329+0000][375.792s][2267133][2267139][info ] Total time for which application threads were stopped: 0.0003805 seconds, Stopping threads took: 0.0000922 seconds
[2021-07-20T12:45:21.329+0000][376.792s][2267133][2267139][info ] Application time: 1.0000714 seconds
[2021-07-20T12:45:21.329+0000][376.792s][2267133][2267139][info ] Entering safepoint region: Cleanup
[2021-07-20T12:45:21.330+0000][376.792s][2267133][2267139][info ] Leaving safepoint region
[2021-07-20T12:45:21.330+0000][376.792s][2267133][2267139][info ] Total time for which application threads were stopped: 0.0003990 seconds, Stopping threads took: 0.0001027 seconds
[2021-07-20T12:45:22.330+0000][377.792s][2267133][2267139][info ] Application time: 1.0000639 seconds
[2021-07-20T12:45:22.330+0000][377.792s][2267133][2267139][info ] Entering safepoint region: Cleanup
[2021-07-20T12:45:22.330+0000][377.793s][2267133][2267139][info ] Leaving safepoint region
[2021-07-20T12:45:22.330+0000][377.793s][2267133][2267139][info ] Total time for which application threads were stopped: 0.0003805 seconds, Stopping threads took: 0.0000883 seconds
[2021-07-20T12:45:23.330+0000][378.793s][2267133][2267139][info ] Application time: 1.0000648 seconds
[2021-07-20T12:45:23.330+0000][378.793s][2267133][2267139][info ] Entering safepoint region: Cleanup
[2021-07-20T12:45:23.331+0000][378.793s][2267133][2267139][info ] Leaving safepoint region
[2021-07-20T12:45:23.331+0000][378.793s][2267133][2267139][info ] Total time for which application threads were stopped: 0.0003964 seconds, Stopping threads took: 0.0000917 seconds
[2021-07-20T12:45:24.331+0000][379.793s][2267133][2267139][info ] Application time: 1.0000661 seconds
[2021-07-20T12:45:24.331+0000][379.793s][2267133][2267139][info ] Entering safepoint region: Cleanup
[2021-07-20T12:45:24.331+0000][379.794s][2267133][2267139][info ] Leaving safepoint region
[2021-07-20T12:45:24.331+0000][379.794s][2267133][2267139][info ] Total time for which application threads were stopped: 0.0003997 seconds, Stopping threads took: 0.0001063 seconds
[2021-07-20T12:45:25.035+0000][380.497s][2267133][2267139][info ] Application time: 0.7036177 seconds
[2021-07-20T12:45:25.035+0000][380.497s][2267133][2267139][info ] Entering safepoint region: ParallelGCFailedAllocation
[2021-07-20T12:45:25.035+0000][380.498s][2267133][2267139][debug] GC(105) Heap before GC invocations=106 (full 3): PSYoungGen      total 2790400K, used 2788352K [0x0000000755580000, 0x0000000800000000, 0x0000000800000000)
[2021-07-20T12:45:25.035+0000][380.498s][2267133][2267139][debug] GC(105)   eden space 2784768K, 100% used [0x0000000755580000,0x00000007ff500000,0x00000007ff500000)
[2021-07-20T12:45:25.035+0000][380.498s][2267133][2267139][debug] GC(105)   from space 5632K, 63% used [0x00000007ffa80000,0x00000007ffe00000,0x0000000800000000)
[2021-07-20T12:45:25.035+0000][380.498s][2267133][2267139][debug] GC(105)   to   space 5632K, 0% used [0x00000007ff500000,0x00000007ff500000,0x00000007ffa80000)
[2021-07-20T12:45:25.035+0000][380.498s][2267133][2267139][debug] GC(105)  ParOldGen       total 5592576K, used 3744265K [0x0000000600000000, 0x0000000755580000, 0x0000000755580000)
[2021-07-20T12:45:25.035+0000][380.498s][2267133][2267139][debug] GC(105)   object space 5592576K, 66% used [0x0000000600000000,0x00000006e48826c0,0x0000000755580000)
[2021-07-20T12:45:25.035+0000][380.498s][2267133][2267139][debug] GC(105)  Metaspace       used 59037K, capacity 60623K, committed 60880K, reserved 1101824K
[2021-07-20T12:45:25.035+0000][380.498s][2267133][2267139][debug] GC(105)   class space    used 7122K, capacity 7803K, committed 7936K, reserved 1048576K
[2021-07-20T12:45:25.060+0000][380.523s][2267133][2267139][debug] GC(105) Desired survivor size 5767168 bytes, new threshold 1 (max threshold 15)
[2021-07-20T12:45:25.060+0000][380.523s][2267133][2267139][info ] GC(105) PSYoungGen: 2788352K->3296K(2790400K)
[2021-07-20T12:45:25.060+0000][380.523s][2267133][2267139][info ] GC(105) ParOldGen: 3744265K->3746081K(5592576K)
[2021-07-20T12:45:25.060+0000][380.523s][2267133][2267139][info ] GC(105) Pause Young (Allocation Failure) 6379M->3661M(8186M) 25.054ms
[2021-07-20T12:45:25.060+0000][380.523s][2267133][2267139][debug] GC(105) Heap after GC invocations=106 (full 3): PSYoungGen      total 2790400K, used 3296K [0x0000000755580000, 0x0000000800000000, 0x0000000800000000)
[2021-07-20T12:45:25.060+0000][380.523s][2267133][2267139][debug] GC(105)   eden space 2784768K, 0% used [0x0000000755580000,0x0000000755580000,0x00000007ff500000)
[2021-07-20T12:45:25.060+0000][380.523s][2267133][2267139][debug] GC(105)   from space 5632K, 58% used [0x00000007ff500000,0x00000007ff838000,0x00000007ffa80000)
[2021-07-20T12:45:25.060+0000][380.523s][2267133][2267139][debug] GC(105)   to   space 5632K, 0% used [0x00000007ffa80000,0x00000007ffa80000,0x0000000800000000)
[2021-07-20T12:45:25.060+0000][380.523s][2267133][2267139][debug] GC(105)  ParOldGen       total 5592576K, used 3746081K [0x0000000600000000, 0x0000000755580000, 0x0000000755580000)
[2021-07-20T12:45:25.060+0000][380.523s][2267133][2267139][debug] GC(105)   object space 5592576K, 66% used [0x0000000600000000,0x00000006e4a486c0,0x0000000755580000)
[2021-07-20T12:45:25.060+0000][380.523s][2267133][2267139][debug] GC(105)  Metaspace       used 59037K, capacity 60623K, committed 60880K, reserved 1101824K
[2021-07-20T12:45:25.060+0000][380.523s][2267133][2267139][debug] GC(105)   class space    used 7122K, capacity 7803K, committed 7936K, reserved 1048576K
[2021-07-20T12:45:25.060+0000][380.523s][2267133][2267139][info ] Leaving safepoint region
[2021-07-20T12:45:25.060+0000][380.523s][2267133][2267139][info ] Total time for which application threads were stopped: 0.0257033 seconds, Stopping threads took: 0.0000918 seconds
[2021-07-20T12:45:26.061+0000][381.523s][2267133][2267139][info ] Application time: 1.0000715 seconds
[2021-07-20T12:45:26.061+0000][381.523s][2267133][2267139][info ] Entering safepoint region: Cleanup
[2021-07-20T12:45:26.061+0000][381.523s][2267133][2267139][info ] Leaving safepoint region
[2021-07-20T12:45:26.061+0000][381.523s][2267133][2267139][info ] Total time for which application threads were stopped: 0.0003897 seconds, Stopping threads took: 0.0000866 seconds
[2021-07-20T12:45:27.061+0000][382.524s][2267133][2267139][info ] Application time: 1.0000639 seconds
[2021-07-20T12:45:27.061+0000][382.524s][2267133][2267139][info ] Entering safepoint region: Cleanup
[2021-07-20T12:45:27.062+0000][382.524s][2267133][2267139][info ] Leaving safepoint region
[2021-07-20T12:45:27.062+0000][382.524s][2267133][2267139][info ] Total time for which application threads were stopped: 0.0003964 seconds, Stopping threads took: 0.0000847 seconds
[2021-07-20T12:45:28.062+0000][383.524s][2267133][2267139][info ] Application time: 1.0000382 seconds
[2021-07-20T12:45:28.062+0000][383.524s][2267133][2267139][info ] Entering safepoint region: Cleanup
[2021-07-20T12:45:28.062+0000][383.524s][2267133][2267139][info ] Leaving safepoint region
[2021-07-20T12:45:28.062+0000][383.524s][2267133][2267139][info ] Total time for which application threads were stopped: 0.0003785 seconds, Stopping threads took: 0.0000825 seconds
[2021-07-20T12:45:29.062+0000][384.525s][2267133][2267139][info ] Application time: 1.0000657 seconds
[2021-07-20T12:45:29.062+0000][384.525s][2267133][2267139][info ] Entering safepoint region: Cleanup
[2021-07-20T12:45:29.063+0000][384.525s][2267133][2267139][info ] Leaving safepoint region
[2021-07-20T12:45:29.063+0000][384.525s][2267133][2267139][info ] Total time for which application threads were stopped: 0.0004065 seconds, Stopping threads took: 0.0000979 seconds
[2021-07-20T12:45:30.063+0000][385.525s][2267133][2267139][info ] Application time: 1.0000663 seconds
[2021-07-20T12:45:30.063+0000][385.525s][2267133][2267139][info ] Entering safepoint region: Cleanup
[2021-07-20T12:45:30.063+0000][385.526s][2267133][2267139][info ] Leaving safepoint region
[2021-07-20T12:45:30.063+0000][385.526s][2267133][2267139][info ] Total time for which application threads were stopped: 0.0004150 seconds, Stopping threads took: 0.0001021 seconds
[2021-07-20T12:45:31.063+0000][386.526s][2267133][2267139][info ] Application time: 1.0000663 seconds
[2021-07-20T12:45:31.063+0000][386.526s][2267133][2267139][info ] Entering safepoint region: Cleanup
[2021-07-20T12:45:31.064+0000][386.526s][2267133][2267139][info ] Leaving safepoint region
[2021-07-20T12:45:31.064+0000][386.526s][2267133][2267139][info ] Total time for which application threads were stopped: 0.0003833 seconds, Stopping threads took: 0.0000927 seconds
[2021-07-20T12:45:32.064+0000][387.526s][2267133][2267139][info ] Application time: 1.0000679 seconds
[2021-07-20T12:45:32.064+0000][387.526s][2267133][2267139][info ] Entering safepoint region: Cleanup
[2021-07-20T12:45:32.064+0000][387.527s][2267133][2267139][info ] Leaving safepoint region
[2021-07-20T12:45:32.064+0000][387.527s][2267133][2267139][info ] Total time for which application threads were stopped: 0.0003894 seconds, Stopping threads took: 0.0000884 seconds
[2021-07-20T12:45:32.753+0000][388.216s][2267133][2267139][info ] Application time: 0.6892128 seconds
[2021-07-20T12:45:32.753+0000][388.216s][2267133][2267139][info ] Entering safepoint region: ParallelGCFailedAllocation
[2021-07-20T12:45:32.754+0000][388.216s][2267133][2267139][debug] GC(106) Heap before GC invocations=107 (full 3): PSYoungGen      total 2790400K, used 2788064K [0x0000000755580000, 0x0000000800000000, 0x0000000800000000)
[2021-07-20T12:45:32.754+0000][388.216s][2267133][2267139][debug] GC(106)   eden space 2784768K, 100% used [0x0000000755580000,0x00000007ff500000,0x00000007ff500000)
[2021-07-20T12:45:32.754+0000][388.216s][2267133][2267139][debug] GC(106)   from space 5632K, 58% used [0x00000007ff500000,0x00000007ff838000,0x00000007ffa80000)
[2021-07-20T12:45:32.754+0000][388.216s][2267133][2267139][debug] GC(106)   to   space 5632K, 0% used [0x00000007ffa80000,0x00000007ffa80000,0x0000000800000000)
[2021-07-20T12:45:32.754+0000][388.216s][2267133][2267139][debug] GC(106)  ParOldGen       total 5592576K, used 3746081K [0x0000000600000000, 0x0000000755580000, 0x0000000755580000)
[2021-07-20T12:45:32.754+0000][388.216s][2267133][2267139][debug] GC(106)   object space 5592576K, 66% used [0x0000000600000000,0x00000006e4a486c0,0x0000000755580000)
[2021-07-20T12:45:32.754+0000][388.216s][2267133][2267139][debug] GC(106)  Metaspace       used 59037K, capacity 60623K, committed 60880K, reserved 1101824K
[2021-07-20T12:45:32.754+0000][388.216s][2267133][2267139][debug] GC(106)   class space    used 7122K, capacity 7803K, committed 7936K, reserved 1048576K
[2021-07-20T12:45:32.780+0000][388.243s][2267133][2267139][debug] GC(106) Desired survivor size 5767168 bytes, new threshold 1 (max threshold 15)
[2021-07-20T12:45:32.780+0000][388.243s][2267133][2267139][info ] GC(106) PSYoungGen: 2788064K->3552K(2790400K)
[2021-07-20T12:45:32.780+0000][388.243s][2267133][2267139][info ] GC(106) ParOldGen: 3746081K->3747777K(5592576K)
[2021-07-20T12:45:32.780+0000][388.243s][2267133][2267139][info ] GC(106) Pause Young (Allocation Failure) 6381M->3663M(8186M) 26.380ms
[2021-07-20T12:45:32.780+0000][388.243s][2267133][2267139][debug] GC(106) Heap after GC invocations=107 (full 3): PSYoungGen      total 2790400K, used 3552K [0x0000000755580000, 0x0000000800000000, 0x0000000800000000)
[2021-07-20T12:45:32.780+0000][388.243s][2267133][2267139][debug] GC(106)   eden space 2784768K, 0% used [0x0000000755580000,0x0000000755580000,0x00000007ff500000)
[2021-07-20T12:45:32.780+0000][388.243s][2267133][2267139][debug] GC(106)   from space 5632K, 63% used [0x00000007ffa80000,0x00000007ffdf8000,0x0000000800000000)
[2021-07-20T12:45:32.780+0000][388.243s][2267133][2267139][debug] GC(106)   to   space 5632K, 0% used [0x00000007ff500000,0x00000007ff500000,0x00000007ffa80000)
[2021-07-20T12:45:32.780+0000][388.243s][2267133][2267139][debug] GC(106)  ParOldGen       total 5592576K, used 3747777K [0x0000000600000000, 0x0000000755580000, 0x0000000755580000)
[2021-07-20T12:45:32.780+0000][388.243s][2267133][2267139][debug] GC(106)   object space 5592576K, 67% used [0x0000000600000000,0x00000006e4bf06c0,0x0000000755580000)
[2021-07-20T12:45:32.780+0000][388.243s][2267133][2267139][debug] GC(106)  Metaspace       used 59037K, capacity 60623K, committed 60880K, reserved 1101824K
[2021-07-20T12:45:32.780+0000][388.243s][2267133][2267139][debug] GC(106)   class space    used 7122K, capacity 7803K, committed 7936K, reserved 1048576K
[2021-07-20T12:45:32.780+0000][388.243s][2267133][2267139][info ] Leaving safepoint region
[2021-07-20T12:45:32.780+0000][388.243s][2267133][2267139][info ] Total time for which application threads were stopped: 0.0270399 seconds, Stopping threads took: 0.0000894 seconds
[2021-07-20T12:45:33.780+0000][389.243s][2267133][2267139][info ] Application time: 1.0000259 seconds
[2021-07-20T12:45:33.781+0000][389.243s][2267133][2267139][info ] Entering safepoint region: Cleanup
[2021-07-20T12:45:33.781+0000][389.243s][2267133][2267139][info ] Leaving safepoint region
[2021-07-20T12:45:33.781+0000][389.243s][2267133][2267139][info ] Total time for which application threads were stopped: 0.0003815 seconds, Stopping threads took: 0.0000861 seconds
[2021-07-20T12:45:34.781+0000][390.243s][2267133][2267139][info ] Application time: 1.0000659 seconds
[2021-07-20T12:45:34.781+0000][390.243s][2267133][2267139][info ] Entering safepoint region: Cleanup
[2021-07-20T12:45:34.781+0000][390.244s][2267133][2267139][info ] Leaving safepoint region
[2021-07-20T12:45:34.781+0000][390.244s][2267133][2267139][info ] Total time for which application threads were stopped: 0.0003930 seconds, Stopping threads took: 0.0000893 seconds
[2021-07-20T12:45:35.781+0000][391.244s][2267133][2267139][info ] Application time: 1.0000625 seconds
[2021-07-20T12:45:35.782+0000][391.244s][2267133][2267139][info ] Entering safepoint region: Cleanup
[2021-07-20T12:45:35.782+0000][391.244s][2267133][2267139][info ] Leaving safepoint region
[2021-07-20T12:45:35.782+0000][391.244s][2267133][2267139][info ] Total time for which application threads were stopped: 0.0003934 seconds, Stopping threads took: 0.0000832 seconds
[2021-07-20T12:45:36.782+0000][392.244s][2267133][2267139][info ] Application time: 1.0000649 seconds
[2021-07-20T12:45:36.782+0000][392.244s][2267133][2267139][info ] Entering safepoint region: Cleanup
[2021-07-20T12:45:36.782+0000][392.245s][2267133][2267139][info ] Leaving safepoint region
[2021-07-20T12:45:36.782+0000][392.245s][2267133][2267139][info ] Total time for which application threads were stopped: 0.0004001 seconds, Stopping threads took: 0.0000910 seconds
[2021-07-20T12:45:37.782+0000][393.245s][2267133][2267139][info ] Application time: 1.0000601 seconds
[2021-07-20T12:45:37.783+0000][393.245s][2267133][2267139][info ] Entering safepoint region: Cleanup
[2021-07-20T12:45:37.783+0000][393.245s][2267133][2267139][info ] Leaving safepoint region
[2021-07-20T12:45:37.783+0000][393.245s][2267133][2267139][info ] Total time for which application threads were stopped: 0.0003855 seconds, Stopping threads took: 0.0000893 seconds
[2021-07-20T12:45:38.783+0000][394.245s][2267133][2267139][info ] Application time: 1.0000674 seconds
[2021-07-20T12:45:38.783+0000][394.246s][2267133][2267139][info ] Entering safepoint region: Cleanup
[2021-07-20T12:45:38.783+0000][394.246s][2267133][2267139][info ] Leaving safepoint region
[2021-07-20T12:45:38.783+0000][394.246s][2267133][2267139][info ] Total time for which application threads were stopped: 0.0003935 seconds, Stopping threads took: 0.0000919 seconds
[2021-07-20T12:45:39.783+0000][395.246s][2267133][2267139][info ] Application time: 1.0000677 seconds
[2021-07-20T12:45:39.784+0000][395.246s][2267133][2267139][info ] Entering safepoint region: Cleanup
[2021-07-20T12:45:39.784+0000][395.246s][2267133][2267139][info ] Leaving safepoint region
[2021-07-20T12:45:39.784+0000][395.246s][2267133][2267139][info ] Total time for which application threads were stopped: 0.0003802 seconds, Stopping threads took: 0.0000895 seconds
[2021-07-20T12:45:40.484+0000][395.947s][2267133][2267139][info ] Application time: 0.7002711 seconds
[2021-07-20T12:45:40.484+0000][395.947s][2267133][2267139][info ] Entering safepoint region: ParallelGCFailedAllocation
[2021-07-20T12:45:40.485+0000][395.947s][2267133][2267139][debug] GC(107) Heap before GC invocations=108 (full 3): PSYoungGen      total 2790400K, used 2788320K [0x0000000755580000, 0x0000000800000000, 0x0000000800000000)
[2021-07-20T12:45:40.485+0000][395.947s][2267133][2267139][debug] GC(107)   eden space 2784768K, 100% used [0x0000000755580000,0x00000007ff500000,0x00000007ff500000)
[2021-07-20T12:45:40.485+0000][395.947s][2267133][2267139][debug] GC(107)   from space 5632K, 63% used [0x00000007ffa80000,0x00000007ffdf8000,0x0000000800000000)
[2021-07-20T12:45:40.485+0000][395.947s][2267133][2267139][debug] GC(107)   to   space 5632K, 0% used [0x00000007ff500000,0x00000007ff500000,0x00000007ffa80000)
[2021-07-20T12:45:40.485+0000][395.947s][2267133][2267139][debug] GC(107)  ParOldGen       total 5592576K, used 3747777K [0x0000000600000000, 0x0000000755580000, 0x0000000755580000)
[2021-07-20T12:45:40.485+0000][395.947s][2267133][2267139][debug] GC(107)   object space 5592576K, 67% used [0x0000000600000000,0x00000006e4bf06c0,0x0000000755580000)
[2021-07-20T12:45:40.485+0000][395.947s][2267133][2267139][debug] GC(107)  Metaspace       used 59082K, capacity 60690K, committed 61104K, reserved 1101824K
[2021-07-20T12:45:40.485+0000][395.947s][2267133][2267139][debug] GC(107)   class space    used 7122K, capacity 7803K, committed 7936K, reserved 1048576K
[2021-07-20T12:45:40.509+0000][395.971s][2267133][2267139][debug] GC(107) Desired survivor size 5242880 bytes, new threshold 1 (max threshold 15)
[2021-07-20T12:45:40.509+0000][395.972s][2267133][2267139][info ] GC(107) PSYoungGen: 2788320K->2944K(2790400K)
[2021-07-20T12:45:40.509+0000][395.972s][2267133][2267139][info ] GC(107) ParOldGen: 3747777K->3749633K(5592576K)
[2021-07-20T12:45:40.509+0000][395.972s][2267133][2267139][info ] GC(107) Pause Young (Allocation Failure) 6382M->3664M(8186M) 24.492ms
[2021-07-20T12:45:40.509+0000][395.972s][2267133][2267139][debug] GC(107) Heap after GC invocations=108 (full 3): PSYoungGen      total 2790400K, used 2944K [0x0000000755580000, 0x0000000800000000, 0x0000000800000000)
[2021-07-20T12:45:40.509+0000][395.972s][2267133][2267139][debug] GC(107)   eden space 2784768K, 0% used [0x0000000755580000,0x0000000755580000,0x00000007ff500000)
[2021-07-20T12:45:40.509+0000][395.972s][2267133][2267139][debug] GC(107)   from space 5632K, 52% used [0x00000007ff500000,0x00000007ff7e0000,0x00000007ffa80000)
[2021-07-20T12:45:40.509+0000][395.972s][2267133][2267139][debug] GC(107)   to   space 5120K, 0% used [0x00000007ffb00000,0x00000007ffb00000,0x0000000800000000)
[2021-07-20T12:45:40.509+0000][395.972s][2267133][2267139][debug] GC(107)  ParOldGen       total 5592576K, used 3749633K [0x0000000600000000, 0x0000000755580000, 0x0000000755580000)
[2021-07-20T12:45:40.509+0000][395.972s][2267133][2267139][debug] GC(107)   object space 5592576K, 67% used [0x0000000600000000,0x00000006e4dc06c0,0x0000000755580000)
[2021-07-20T12:45:40.509+0000][395.972s][2267133][2267139][debug] GC(107)  Metaspace       used 59082K, capacity 60690K, committed 61104K, reserved 1101824K
[2021-07-20T12:45:40.509+0000][395.972s][2267133][2267139][debug] GC(107)   class space    used 7122K, capacity 7803K, committed 7936K, reserved 1048576K
[2021-07-20T12:45:40.509+0000][395.972s][2267133][2267139][info ] Leaving safepoint region
[2021-07-20T12:45:40.509+0000][395.972s][2267133][2267139][info ] Total time for which application threads were stopped: 0.0251517 seconds, Stopping threads took: 0.0000972 seconds
[2021-07-20T12:45:41.509+0000][396.972s][2267133][2267139][info ] Application time: 1.0000685 seconds
[2021-07-20T12:45:41.510+0000][396.972s][2267133][2267139][info ] Entering safepoint region: Cleanup
[2021-07-20T12:45:41.510+0000][396.972s][2267133][2267139][info ] Leaving safepoint region
[2021-07-20T12:45:41.510+0000][396.972s][2267133][2267139][info ] Total time for which application threads were stopped: 0.0003805 seconds, Stopping threads took: 0.0000886 seconds
[2021-07-20T12:45:42.510+0000][397.972s][2267133][2267139][info ] Application time: 1.0000659 seconds
[2021-07-20T12:45:42.510+0000][397.972s][2267133][2267139][info ] Entering safepoint region: Cleanup
[2021-07-20T12:45:42.510+0000][397.973s][2267133][2267139][info ] Leaving safepoint region
[2021-07-20T12:45:42.510+0000][397.973s][2267133][2267139][info ] Total time for which application threads were stopped: 0.0003885 seconds, Stopping threads took: 0.0000844 seconds
[2021-07-20T12:45:43.510+0000][398.973s][2267133][2267139][info ] Application time: 1.0000678 seconds
[2021-07-20T12:45:43.511+0000][398.973s][2267133][2267139][info ] Entering safepoint region: Cleanup
[2021-07-20T12:45:43.511+0000][398.973s][2267133][2267139][info ] Leaving safepoint region
[2021-07-20T12:45:43.511+0000][398.973s][2267133][2267139][info ] Total time for which application threads were stopped: 0.0003972 seconds, Stopping threads took: 0.0000912 seconds
[2021-07-20T12:45:44.511+0000][399.973s][2267133][2267139][info ] Application time: 1.0000692 seconds
[2021-07-20T12:45:44.511+0000][399.974s][2267133][2267139][info ] Entering safepoint region: Cleanup
[2021-07-20T12:45:44.511+0000][399.974s][2267133][2267139][info ] Leaving safepoint region
[2021-07-20T12:45:44.511+0000][399.974s][2267133][2267139][info ] Total time for which application threads were stopped: 0.0003851 seconds, Stopping threads took: 0.0000872 seconds
[2021-07-20T12:45:45.511+0000][400.974s][2267133][2267139][info ] Application time: 1.0000671 seconds
[2021-07-20T12:45:45.512+0000][400.974s][2267133][2267139][info ] Entering safepoint region: Cleanup
[2021-07-20T12:45:45.512+0000][400.974s][2267133][2267139][info ] Leaving safepoint region
[2021-07-20T12:45:45.512+0000][400.974s][2267133][2267139][info ] Total time for which application threads were stopped: 0.0003659 seconds, Stopping threads took: 0.0000848 seconds
[2021-07-20T12:45:46.512+0000][401.974s][2267133][2267139][info ] Application time: 1.0000633 seconds
[2021-07-20T12:45:46.512+0000][401.975s][2267133][2267139][info ] Entering safepoint region: Cleanup
[2021-07-20T12:45:46.512+0000][401.975s][2267133][2267139][info ] Leaving safepoint region
[2021-07-20T12:45:46.512+0000][401.975s][2267133][2267139][info ] Total time for which application threads were stopped: 0.0003926 seconds, Stopping threads took: 0.0000778 seconds
[2021-07-20T12:45:47.512+0000][402.975s][2267133][2267139][info ] Application time: 1.0000663 seconds
[2021-07-20T12:45:47.513+0000][402.975s][2267133][2267139][info ] Entering safepoint region: Cleanup
[2021-07-20T12:45:47.513+0000][402.975s][2267133][2267139][info ] Leaving safepoint region
[2021-07-20T12:45:47.513+0000][402.975s][2267133][2267139][info ] Total time for which application threads were stopped: 0.0003765 seconds, Stopping threads took: 0.0000934 seconds
[2021-07-20T12:45:48.217+0000][403.680s][2267133][2267139][info ] Application time: 0.7045406 seconds
[2021-07-20T12:45:48.218+0000][403.680s][2267133][2267139][info ] Entering safepoint region: ParallelGCFailedAllocation
[2021-07-20T12:45:48.218+0000][403.680s][2267133][2267139][debug] GC(108) Heap before GC invocations=109 (full 3): PSYoungGen      total 2790400K, used 2787712K [0x0000000755580000, 0x0000000800000000, 0x0000000800000000)
[2021-07-20T12:45:48.218+0000][403.680s][2267133][2267139][debug] GC(108)   eden space 2784768K, 100% used [0x0000000755580000,0x00000007ff500000,0x00000007ff500000)
[2021-07-20T12:45:48.218+0000][403.680s][2267133][2267139][debug] GC(108)   from space 5632K, 52% used [0x00000007ff500000,0x00000007ff7e0000,0x00000007ffa80000)
[2021-07-20T12:45:48.218+0000][403.680s][2267133][2267139][debug] GC(108)   to   space 5120K, 0% used [0x00000007ffb00000,0x00000007ffb00000,0x0000000800000000)
[2021-07-20T12:45:48.218+0000][403.680s][2267133][2267139][debug] GC(108)  ParOldGen       total 5592576K, used 3749633K [0x0000000600000000, 0x0000000755580000, 0x0000000755580000)
[2021-07-20T12:45:48.218+0000][403.680s][2267133][2267139][debug] GC(108)   object space 5592576K, 67% used [0x0000000600000000,0x00000006e4dc06c0,0x0000000755580000)
[2021-07-20T12:45:48.218+0000][403.680s][2267133][2267139][debug] GC(108)  Metaspace       used 59082K, capacity 60690K, committed 61104K, reserved 1101824K
[2021-07-20T12:45:48.218+0000][403.680s][2267133][2267139][debug] GC(108)   class space    used 7122K, capacity 7803K, committed 7936K, reserved 1048576K
[2021-07-20T12:45:48.242+0000][403.705s][2267133][2267139][debug] GC(108) Desired survivor size 5242880 bytes, new threshold 1 (max threshold 15)
[2021-07-20T12:45:48.242+0000][403.705s][2267133][2267139][info ] GC(108) PSYoungGen: 2787712K->3296K(2790912K)
[2021-07-20T12:45:48.242+0000][403.705s][2267133][2267139][info ] GC(108) ParOldGen: 3749633K->3750761K(5592576K)
[2021-07-20T12:45:48.242+0000][403.705s][2267133][2267139][info ] GC(108) Pause Young (Allocation Failure) 6384M->3666M(8187M) 24.372ms
[2021-07-20T12:45:48.242+0000][403.705s][2267133][2267139][debug] GC(108) Heap after GC invocations=109 (full 3): PSYoungGen      total 2790912K, used 3296K [0x0000000755580000, 0x0000000800000000, 0x0000000800000000)
[2021-07-20T12:45:48.242+0000][403.705s][2267133][2267139][debug] GC(108)   eden space 2785792K, 0% used [0x0000000755580000,0x0000000755580000,0x00000007ff600000)
[2021-07-20T12:45:48.242+0000][403.705s][2267133][2267139][debug] GC(108)   from space 5120K, 64% used [0x00000007ffb00000,0x00000007ffe38000,0x0000000800000000)
[2021-07-20T12:45:48.242+0000][403.705s][2267133][2267139][debug] GC(108)   to   space 5120K, 0% used [0x00000007ff600000,0x00000007ff600000,0x00000007ffb00000)
[2021-07-20T12:45:48.242+0000][403.705s][2267133][2267139][debug] GC(108)  ParOldGen       total 5592576K, used 3750761K [0x0000000600000000, 0x0000000755580000, 0x0000000755580000)
[2021-07-20T12:45:48.242+0000][403.705s][2267133][2267139][debug] GC(108)   object space 5592576K, 67% used [0x0000000600000000,0x00000006e4eda6c0,0x0000000755580000)
[2021-07-20T12:45:48.242+0000][403.705s][2267133][2267139][debug] GC(108)  Metaspace       used 59082K, capacity 60690K, committed 61104K, reserved 1101824K
[2021-07-20T12:45:48.242+0000][403.705s][2267133][2267139][debug] GC(108)   class space    used 7122K, capacity 7803K, committed 7936K, reserved 1048576K
[2021-07-20T12:45:48.242+0000][403.705s][2267133][2267139][info ] Leaving safepoint region
[2021-07-20T12:45:48.242+0000][403.705s][2267133][2267139][info ] Total time for which application threads were stopped: 0.0250099 seconds, Stopping threads took: 0.0000952 seconds
[2021-07-20T12:45:55.951+0000][411.413s][2267133][2267139][info ] Application time: 7.7083230 seconds
[2021-07-20T12:45:55.951+0000][411.413s][2267133][2267139][info ] Entering safepoint region: ParallelGCFailedAllocation
[2021-07-20T12:45:55.951+0000][411.414s][2267133][2267139][debug] GC(109) Heap before GC invocations=110 (full 3): PSYoungGen      total 2790912K, used 2789088K [0x0000000755580000, 0x0000000800000000, 0x0000000800000000)
[2021-07-20T12:45:55.951+0000][411.414s][2267133][2267139][debug] GC(109)   eden space 2785792K, 100% used [0x0000000755580000,0x00000007ff600000,0x00000007ff600000)
[2021-07-20T12:45:55.951+0000][411.414s][2267133][2267139][debug] GC(109)   from space 5120K, 64% used [0x00000007ffb00000,0x00000007ffe38000,0x0000000800000000)
[2021-07-20T12:45:55.951+0000][411.414s][2267133][2267139][debug] GC(109)   to   space 5120K, 0% used [0x00000007ff600000,0x00000007ff600000,0x00000007ffb00000)
[2021-07-20T12:45:55.951+0000][411.414s][2267133][2267139][debug] GC(109)  ParOldGen       total 5592576K, used 3750761K [0x0000000600000000, 0x0000000755580000, 0x0000000755580000)
[2021-07-20T12:45:55.951+0000][411.414s][2267133][2267139][debug] GC(109)   object space 5592576K, 67% used [0x0000000600000000,0x00000006e4eda6c0,0x0000000755580000)
[2021-07-20T12:45:55.951+0000][411.414s][2267133][2267139][debug] GC(109)  Metaspace       used 59083K, capacity 60690K, committed 61104K, reserved 1101824K
[2021-07-20T12:45:55.951+0000][411.414s][2267133][2267139][debug] GC(109)   class space    used 7122K, capacity 7803K, committed 7936K, reserved 1048576K
[2021-07-20T12:45:55.974+0000][411.436s][2267133][2267139][debug] GC(109) Desired survivor size 5242880 bytes, new threshold 1 (max threshold 15)
[2021-07-20T12:45:55.974+0000][411.436s][2267133][2267139][info ] GC(109) PSYoungGen: 2789088K->3392K(2790912K)
[2021-07-20T12:45:55.974+0000][411.436s][2267133][2267139][info ] GC(109) ParOldGen: 3750761K->3751977K(5592576K)
[2021-07-20T12:45:55.974+0000][411.436s][2267133][2267139][info ] GC(109) Pause Young (Allocation Failure) 6386M->3667M(8187M) 22.463ms
[2021-07-20T12:45:55.974+0000][411.436s][2267133][2267139][debug] GC(109) Heap after GC invocations=110 (full 3): PSYoungGen      total 2790912K, used 3392K [0x0000000755580000, 0x0000000800000000, 0x0000000800000000)
[2021-07-20T12:45:55.974+0000][411.436s][2267133][2267139][debug] GC(109)   eden space 2785792K, 0% used [0x0000000755580000,0x0000000755580000,0x00000007ff600000)
[2021-07-20T12:45:55.974+0000][411.436s][2267133][2267139][debug] GC(109)   from space 5120K, 66% used [0x00000007ff600000,0x00000007ff950000,0x00000007ffb00000)
[2021-07-20T12:45:55.974+0000][411.436s][2267133][2267139][debug] GC(109)   to   space 5120K, 0% used [0x00000007ffb00000,0x00000007ffb00000,0x0000000800000000)
[2021-07-20T12:45:55.974+0000][411.436s][2267133][2267139][debug] GC(109)  ParOldGen       total 5592576K, used 3751977K [0x0000000600000000, 0x0000000755580000, 0x0000000755580000)
[2021-07-20T12:45:55.974+0000][411.436s][2267133][2267139][debug] GC(109)   object space 5592576K, 67% used [0x0000000600000000,0x00000006e500a6c0,0x0000000755580000)
[2021-07-20T12:45:55.974+0000][411.436s][2267133][2267139][debug] GC(109)  Metaspace       used 59083K, capacity 60690K, committed 61104K, reserved 1101824K
[2021-07-20T12:45:55.974+0000][411.436s][2267133][2267139][debug] GC(109)   class space    used 7122K, capacity 7803K, committed 7936K, reserved 1048576K
[2021-07-20T12:45:55.974+0000][411.436s][2267133][2267139][info ] Leaving safepoint region
[2021-07-20T12:45:55.974+0000][411.436s][2267133][2267139][info ] Total time for which application threads were stopped: 0.0231193 seconds, Stopping threads took: 0.0000860 seconds
[2021-07-20T12:45:59.974+0000][415.437s][2267133][2267139][info ] Application time: 4.0002395 seconds
[2021-07-20T12:45:59.974+0000][415.437s][2267133][2267139][info ] Entering safepoint region: Cleanup
[2021-07-20T12:45:59.975+0000][415.437s][2267133][2267139][info ] Leaving safepoint region
[2021-07-20T12:45:59.975+0000][415.437s][2267133][2267139][info ] Total time for which application threads were stopped: 0.0003976 seconds, Stopping threads took: 0.0000993 seconds
[2021-07-20T12:46:07.975+0000][423.438s][2267133][2267139][info ] Application time: 8.0007317 seconds
[2021-07-20T12:46:07.975+0000][423.438s][2267133][2267139][info ] Entering safepoint region: Cleanup
[2021-07-20T12:46:07.976+0000][423.438s][2267133][2267139][info ] Leaving safepoint region
[2021-07-20T12:46:07.976+0000][423.438s][2267133][2267139][info ] Total time for which application threads were stopped: 0.0003326 seconds, Stopping threads took: 0.0000651 seconds
[2021-07-20T12:46:10.976+0000][426.438s][2267133][2267139][info ] Application time: 3.0002328 seconds
[2021-07-20T12:46:10.976+0000][426.439s][2267133][2267139][info ] Entering safepoint region: Cleanup
[2021-07-20T12:46:10.976+0000][426.439s][2267133][2267139][info ] Leaving safepoint region
[2021-07-20T12:46:10.976+0000][426.439s][2267133][2267139][info ] Total time for which application threads were stopped: 0.0003871 seconds, Stopping threads took: 0.0000852 seconds
[2021-07-20T12:46:11.976+0000][427.439s][2267133][2267139][info ] Application time: 1.0000658 seconds
[2021-07-20T12:46:11.977+0000][427.439s][2267133][2267139][info ] Entering safepoint region: Cleanup
[2021-07-20T12:46:11.977+0000][427.439s][2267133][2267139][info ] Leaving safepoint region
[2021-07-20T12:46:11.977+0000][427.439s][2267133][2267139][info ] Total time for which application threads were stopped: 0.0003681 seconds, Stopping threads took: 0.0000781 seconds
[2021-07-20T12:46:12.977+0000][428.439s][2267133][2267139][info ] Application time: 1.0000643 seconds
[2021-07-20T12:46:12.977+0000][428.440s][2267133][2267139][info ] Entering safepoint region: Cleanup
[2021-07-20T12:46:12.977+0000][428.440s][2267133][2267139][info ] Leaving safepoint region
[2021-07-20T12:46:12.977+0000][428.440s][2267133][2267139][info ] Total time for which application threads were stopped: 0.0004293 seconds, Stopping threads took: 0.0001125 seconds
[2021-07-20T12:46:13.921+0000][429.384s][2267133][2267139][info ] Application time: 0.9440019 seconds
[2021-07-20T12:46:13.922+0000][429.384s][2267133][2267139][info ] Entering safepoint region: ParallelGCFailedAllocation
[2021-07-20T12:46:13.922+0000][429.384s][2267133][2267139][debug] GC(110) Heap before GC invocations=111 (full 3): PSYoungGen      total 2790912K, used 2789184K [0x0000000755580000, 0x0000000800000000, 0x0000000800000000)
[2021-07-20T12:46:13.922+0000][429.384s][2267133][2267139][debug] GC(110)   eden space 2785792K, 100% used [0x0000000755580000,0x00000007ff600000,0x00000007ff600000)
[2021-07-20T12:46:13.922+0000][429.384s][2267133][2267139][debug] GC(110)   from space 5120K, 66% used [0x00000007ff600000,0x00000007ff950000,0x00000007ffb00000)
[2021-07-20T12:46:13.922+0000][429.384s][2267133][2267139][debug] GC(110)   to   space 5120K, 0% used [0x00000007ffb00000,0x00000007ffb00000,0x0000000800000000)
[2021-07-20T12:46:13.922+0000][429.384s][2267133][2267139][debug] GC(110)  ParOldGen       total 5592576K, used 3751977K [0x0000000600000000, 0x0000000755580000, 0x0000000755580000)
[2021-07-20T12:46:13.922+0000][429.384s][2267133][2267139][debug] GC(110)   object space 5592576K, 67% used [0x0000000600000000,0x00000006e500a6c0,0x0000000755580000)
[2021-07-20T12:46:13.922+0000][429.384s][2267133][2267139][debug] GC(110)  Metaspace       used 59102K, capacity 60690K, committed 61104K, reserved 1101824K
[2021-07-20T12:46:13.922+0000][429.384s][2267133][2267139][debug] GC(110)   class space    used 7122K, capacity 7803K, committed 7936K, reserved 1048576K
[2021-07-20T12:46:13.947+0000][429.409s][2267133][2267139][debug] GC(110) Desired survivor size 5242880 bytes, new threshold 1 (max threshold 15)
[2021-07-20T12:46:13.947+0000][429.409s][2267133][2267139][info ] GC(110) PSYoungGen: 2789184K->3296K(2790912K)
[2021-07-20T12:46:13.947+0000][429.409s][2267133][2267139][info ] GC(110) ParOldGen: 3751977K->3753577K(5592576K)
[2021-07-20T12:46:13.947+0000][429.409s][2267133][2267139][info ] GC(110) Pause Young (Allocation Failure) 6387M->3668M(8187M) 24.833ms
[2021-07-20T12:46:13.947+0000][429.409s][2267133][2267139][debug] GC(110) Heap after GC invocations=111 (full 3): PSYoungGen      total 2790912K, used 3296K [0x0000000755580000, 0x0000000800000000, 0x0000000800000000)
[2021-07-20T12:46:13.947+0000][429.409s][2267133][2267139][debug] GC(110)   eden space 2785792K, 0% used [0x0000000755580000,0x0000000755580000,0x00000007ff600000)
[2021-07-20T12:46:13.947+0000][429.409s][2267133][2267139][debug] GC(110)   from space 5120K, 64% used [0x00000007ffb00000,0x00000007ffe38000,0x0000000800000000)
[2021-07-20T12:46:13.947+0000][429.409s][2267133][2267139][debug] GC(110)   to   space 5120K, 0% used [0x00000007ff600000,0x00000007ff600000,0x00000007ffb00000)
[2021-07-20T12:46:13.947+0000][429.409s][2267133][2267139][debug] GC(110)  ParOldGen       total 5592576K, used 3753577K [0x0000000600000000, 0x0000000755580000, 0x0000000755580000)
[2021-07-20T12:46:13.947+0000][429.409s][2267133][2267139][debug] GC(110)   object space 5592576K, 67% used [0x0000000600000000,0x00000006e519a6c0,0x0000000755580000)
[2021-07-20T12:46:13.947+0000][429.409s][2267133][2267139][debug] GC(110)  Metaspace       used 59102K, capacity 60690K, committed 61104K, reserved 1101824K
[2021-07-20T12:46:13.947+0000][429.409s][2267133][2267139][debug] GC(110)   class space    used 7122K, capacity 7803K, committed 7936K, reserved 1048576K
[2021-07-20T12:46:13.947+0000][429.409s][2267133][2267139][info ] Leaving safepoint region
[2021-07-20T12:46:13.947+0000][429.409s][2267133][2267139][info ] Total time for which application threads were stopped: 0.0254754 seconds, Stopping threads took: 0.0000811 seconds
[2021-07-20T12:46:14.947+0000][430.409s][2267133][2267139][info ] Application time: 1.0000693 seconds
[2021-07-20T12:46:14.947+0000][430.410s][2267133][2267139][info ] Entering safepoint region: Cleanup
[2021-07-20T12:46:14.947+0000][430.410s][2267133][2267139][info ] Leaving safepoint region
[2021-07-20T12:46:14.947+0000][430.410s][2267133][2267139][info ] Total time for which application threads were stopped: 0.0003935 seconds, Stopping threads took: 0.0000882 seconds
[2021-07-20T12:46:15.947+0000][431.410s][2267133][2267139][info ] Application time: 1.0000650 seconds
[2021-07-20T12:46:15.948+0000][431.410s][2267133][2267139][info ] Entering safepoint region: Cleanup
[2021-07-20T12:46:15.948+0000][431.410s][2267133][2267139][info ] Leaving safepoint region
[2021-07-20T12:46:15.948+0000][431.410s][2267133][2267139][info ] Total time for which application threads were stopped: 0.0003785 seconds, Stopping threads took: 0.0000845 seconds
[2021-07-20T12:46:16.948+0000][432.410s][2267133][2267139][info ] Application time: 1.0000655 seconds
[2021-07-20T12:46:16.948+0000][432.411s][2267133][2267139][info ] Entering safepoint region: Cleanup
[2021-07-20T12:46:16.948+0000][432.411s][2267133][2267139][info ] Leaving safepoint region
[2021-07-20T12:46:16.948+0000][432.411s][2267133][2267139][info ] Total time for which application threads were stopped: 0.0004204 seconds, Stopping threads took: 0.0001083 seconds
[2021-07-20T12:46:17.949+0000][433.411s][2267133][2267139][info ] Application time: 1.0000649 seconds
[2021-07-20T12:46:17.949+0000][433.411s][2267133][2267139][info ] Entering safepoint region: Cleanup
[2021-07-20T12:46:17.949+0000][433.411s][2267133][2267139][info ] Leaving safepoint region
[2021-07-20T12:46:17.949+0000][433.411s][2267133][2267139][info ] Total time for which application threads were stopped: 0.0003833 seconds, Stopping threads took: 0.0000859 seconds
[2021-07-20T12:46:18.949+0000][434.412s][2267133][2267139][info ] Application time: 1.0000672 seconds
[2021-07-20T12:46:18.949+0000][434.412s][2267133][2267139][info ] Entering safepoint region: Cleanup
[2021-07-20T12:46:18.949+0000][434.412s][2267133][2267139][info ] Leaving safepoint region
[2021-07-20T12:46:18.949+0000][434.412s][2267133][2267139][info ] Total time for which application threads were stopped: 0.0003935 seconds, Stopping threads took: 0.0000923 seconds
[2021-07-20T12:46:19.950+0000][435.412s][2267133][2267139][info ] Application time: 1.0000857 seconds
[2021-07-20T12:46:19.950+0000][435.412s][2267133][2267139][info ] Entering safepoint region: Cleanup
[2021-07-20T12:46:19.950+0000][435.412s][2267133][2267139][info ] Leaving safepoint region
[2021-07-20T12:46:19.950+0000][435.412s][2267133][2267139][info ] Total time for which application threads were stopped: 0.0003963 seconds, Stopping threads took: 0.0000926 seconds
[2021-07-20T12:46:20.950+0000][436.413s][2267133][2267139][info ] Application time: 1.0000712 seconds
[2021-07-20T12:46:20.950+0000][436.413s][2267133][2267139][info ] Entering safepoint region: Cleanup
[2021-07-20T12:46:20.951+0000][436.413s][2267133][2267139][info ] Leaving safepoint region
[2021-07-20T12:46:20.951+0000][436.413s][2267133][2267139][info ] Total time for which application threads were stopped: 0.0004506 seconds, Stopping threads took: 0.0000872 seconds
[2021-07-20T12:46:21.676+0000][437.139s][2267133][2267139][info ] Application time: 0.7255591 seconds
[2021-07-20T12:46:21.676+0000][437.139s][2267133][2267139][info ] Entering safepoint region: ParallelGCFailedAllocation
[2021-07-20T12:46:21.677+0000][437.139s][2267133][2267139][debug] GC(111) Heap before GC invocations=112 (full 3): PSYoungGen      total 2790912K, used 2789088K [0x0000000755580000, 0x0000000800000000, 0x0000000800000000)
[2021-07-20T12:46:21.677+0000][437.139s][2267133][2267139][debug] GC(111)   eden space 2785792K, 100% used [0x0000000755580000,0x00000007ff600000,0x00000007ff600000)
[2021-07-20T12:46:21.677+0000][437.139s][2267133][2267139][debug] GC(111)   from space 5120K, 64% used [0x00000007ffb00000,0x00000007ffe38000,0x0000000800000000)
[2021-07-20T12:46:21.677+0000][437.139s][2267133][2267139][debug] GC(111)   to   space 5120K, 0% used [0x00000007ff600000,0x00000007ff600000,0x00000007ffb00000)
[2021-07-20T12:46:21.677+0000][437.139s][2267133][2267139][debug] GC(111)  ParOldGen       total 5592576K, used 3753577K [0x0000000600000000, 0x0000000755580000, 0x0000000755580000)
[2021-07-20T12:46:21.677+0000][437.139s][2267133][2267139][debug] GC(111)   object space 5592576K, 67% used [0x0000000600000000,0x00000006e519a6c0,0x0000000755580000)
[2021-07-20T12:46:21.677+0000][437.139s][2267133][2267139][debug] GC(111)  Metaspace       used 59103K, capacity 60690K, committed 61104K, reserved 1101824K
[2021-07-20T12:46:21.677+0000][437.139s][2267133][2267139][debug] GC(111)   class space    used 7122K, capacity 7803K, committed 7936K, reserved 1048576K
[2021-07-20T12:46:21.701+0000][437.164s][2267133][2267139][debug] GC(111) Desired survivor size 4718592 bytes, new threshold 1 (max threshold 15)
[2021-07-20T12:46:21.701+0000][437.164s][2267133][2267139][info ] GC(111) PSYoungGen: 2789088K->3360K(2790912K)
[2021-07-20T12:46:21.701+0000][437.164s][2267133][2267139][info ] GC(111) ParOldGen: 3753577K->3754841K(5592576K)
[2021-07-20T12:46:21.701+0000][437.164s][2267133][2267139][info ] GC(111) Pause Young (Allocation Failure) 6389M->3670M(8187M) 24.535ms
[2021-07-20T12:46:21.701+0000][437.164s][2267133][2267139][debug] GC(111) Heap after GC invocations=112 (full 3): PSYoungGen      total 2790912K, used 3360K [0x0000000755580000, 0x0000000800000000, 0x0000000800000000)
[2021-07-20T12:46:21.701+0000][437.164s][2267133][2267139][debug] GC(111)   eden space 2785792K, 0% used [0x0000000755580000,0x0000000755580000,0x00000007ff600000)
[2021-07-20T12:46:21.701+0000][437.164s][2267133][2267139][debug] GC(111)   from space 5120K, 65% used [0x00000007ff600000,0x00000007ff948000,0x00000007ffb00000)
[2021-07-20T12:46:21.701+0000][437.164s][2267133][2267139][debug] GC(111)   to   space 4608K, 0% used [0x00000007ffb80000,0x00000007ffb80000,0x0000000800000000)
[2021-07-20T12:46:21.701+0000][437.164s][2267133][2267139][debug] GC(111)  ParOldGen       total 5592576K, used 3754841K [0x0000000600000000, 0x0000000755580000, 0x0000000755580000)
[2021-07-20T12:46:21.701+0000][437.164s][2267133][2267139][debug] GC(111)   object space 5592576K, 67% used [0x0000000600000000,0x00000006e52d6700,0x0000000755580000)
[2021-07-20T12:46:21.701+0000][437.164s][2267133][2267139][debug] GC(111)  Metaspace       used 59103K, capacity 60690K, committed 61104K, reserved 1101824K
[2021-07-20T12:46:21.701+0000][437.164s][2267133][2267139][debug] GC(111)   class space    used 7122K, capacity 7803K, committed 7936K, reserved 1048576K
[2021-07-20T12:46:21.701+0000][437.164s][2267133][2267139][info ] Leaving safepoint region
[2021-07-20T12:46:21.701+0000][437.164s][2267133][2267139][info ] Total time for which application threads were stopped: 0.0251912 seconds, Stopping threads took: 0.0000915 seconds
[2021-07-20T12:46:22.701+0000][438.164s][2267133][2267139][info ] Application time: 1.0000700 seconds
[2021-07-20T12:46:22.702+0000][438.164s][2267133][2267139][info ] Entering safepoint region: Cleanup
[2021-07-20T12:46:22.702+0000][438.164s][2267133][2267139][info ] Leaving safepoint region
[2021-07-20T12:46:22.702+0000][438.164s][2267133][2267139][info ] Total time for which application threads were stopped: 0.0003852 seconds, Stopping threads took: 0.0000839 seconds
[2021-07-20T12:46:23.702+0000][439.164s][2267133][2267139][info ] Application time: 1.0000664 seconds
[2021-07-20T12:46:23.702+0000][439.165s][2267133][2267139][info ] Entering safepoint region: Cleanup
[2021-07-20T12:46:23.702+0000][439.165s][2267133][2267139][info ] Leaving safepoint region
[2021-07-20T12:46:23.702+0000][439.165s][2267133][2267139][info ] Total time for which application threads were stopped: 0.0003875 seconds, Stopping threads took: 0.0000807 seconds
[2021-07-20T12:46:24.702+0000][440.165s][2267133][2267139][info ] Application time: 1.0000641 seconds
[2021-07-20T12:46:24.703+0000][440.165s][2267133][2267139][info ] Entering safepoint region: Cleanup
[2021-07-20T12:46:24.703+0000][440.165s][2267133][2267139][info ] Leaving safepoint region
[2021-07-20T12:46:24.703+0000][440.165s][2267133][2267139][info ] Total time for which application threads were stopped: 0.0003722 seconds, Stopping threads took: 0.0000862 seconds
[2021-07-20T12:46:25.703+0000][441.165s][2267133][2267139][info ] Application time: 1.0000626 seconds
[2021-07-20T12:46:25.703+0000][441.165s][2267133][2267139][info ] Entering safepoint region: Cleanup
[2021-07-20T12:46:25.703+0000][441.166s][2267133][2267139][info ] Leaving safepoint region
[2021-07-20T12:46:25.703+0000][441.166s][2267133][2267139][info ] Total time for which application threads were stopped: 0.0003909 seconds, Stopping threads took: 0.0000799 seconds
[2021-07-20T12:46:26.703+0000][442.166s][2267133][2267139][info ] Application time: 1.0000334 seconds
[2021-07-20T12:46:26.704+0000][442.166s][2267133][2267139][info ] Entering safepoint region: Cleanup
[2021-07-20T12:46:26.704+0000][442.166s][2267133][2267139][info ] Leaving safepoint region
[2021-07-20T12:46:26.704+0000][442.166s][2267133][2267139][info ] Total time for which application threads were stopped: 0.0003779 seconds, Stopping threads took: 0.0000865 seconds
[2021-07-20T12:46:27.704+0000][443.166s][2267133][2267139][info ] Application time: 1.0000631 seconds
[2021-07-20T12:46:27.704+0000][443.166s][2267133][2267139][info ] Entering safepoint region: Cleanup
[2021-07-20T12:46:27.704+0000][443.167s][2267133][2267139][info ] Leaving safepoint region
[2021-07-20T12:46:27.704+0000][443.167s][2267133][2267139][info ] Total time for which application threads were stopped: 0.0003902 seconds, Stopping threads took: 0.0000909 seconds
[2021-07-20T12:46:28.704+0000][444.167s][2267133][2267139][info ] Application time: 1.0000642 seconds
[2021-07-20T12:46:28.705+0000][444.167s][2267133][2267139][info ] Entering safepoint region: Cleanup
[2021-07-20T12:46:28.705+0000][444.167s][2267133][2267139][info ] Leaving safepoint region
[2021-07-20T12:46:28.705+0000][444.167s][2267133][2267139][info ] Total time for which application threads were stopped: 0.0003703 seconds, Stopping threads took: 0.0000840 seconds
[2021-07-20T12:46:29.434+0000][444.896s][2267133][2267139][info ] Application time: 0.7291446 seconds
[2021-07-20T12:46:29.434+0000][444.897s][2267133][2267139][info ] Entering safepoint region: ParallelGCFailedAllocation
[2021-07-20T12:46:29.434+0000][444.897s][2267133][2267139][debug] GC(112) Heap before GC invocations=113 (full 3): PSYoungGen      total 2790912K, used 2789152K [0x0000000755580000, 0x0000000800000000, 0x0000000800000000)
[2021-07-20T12:46:29.434+0000][444.897s][2267133][2267139][debug] GC(112)   eden space 2785792K, 100% used [0x0000000755580000,0x00000007ff600000,0x00000007ff600000)
[2021-07-20T12:46:29.434+0000][444.897s][2267133][2267139][debug] GC(112)   from space 5120K, 65% used [0x00000007ff600000,0x00000007ff948000,0x00000007ffb00000)
[2021-07-20T12:46:29.434+0000][444.897s][2267133][2267139][debug] GC(112)   to   space 4608K, 0% used [0x00000007ffb80000,0x00000007ffb80000,0x0000000800000000)
[2021-07-20T12:46:29.434+0000][444.897s][2267133][2267139][debug] GC(112)  ParOldGen       total 5592576K, used 3754841K [0x0000000600000000, 0x0000000755580000, 0x0000000755580000)
[2021-07-20T12:46:29.434+0000][444.897s][2267133][2267139][debug] GC(112)   object space 5592576K, 67% used [0x0000000600000000,0x00000006e52d6700,0x0000000755580000)
[2021-07-20T12:46:29.434+0000][444.897s][2267133][2267139][debug] GC(112)  Metaspace       used 59103K, capacity 60690K, committed 61104K, reserved 1101824K
[2021-07-20T12:46:29.434+0000][444.897s][2267133][2267139][debug] GC(112)   class space    used 7122K, capacity 7803K, committed 7936K, reserved 1048576K
[2021-07-20T12:46:29.459+0000][444.922s][2267133][2267139][debug] GC(112) Desired survivor size 4718592 bytes, new threshold 1 (max threshold 15)
[2021-07-20T12:46:29.459+0000][444.922s][2267133][2267139][info ] GC(112) PSYoungGen: 2789152K->3264K(2791424K)
[2021-07-20T12:46:29.459+0000][444.922s][2267133][2267139][info ] GC(112) ParOldGen: 3754841K->3756305K(5592576K)
[2021-07-20T12:46:29.459+0000][444.922s][2267133][2267139][info ] GC(112) Pause Young (Allocation Failure) 6390M->3671M(8187M) 24.869ms
[2021-07-20T12:46:29.459+0000][444.922s][2267133][2267139][debug] GC(112) Heap after GC invocations=113 (full 3): PSYoungGen      total 2791424K, used 3264K [0x0000000755580000, 0x0000000800000000, 0x0000000800000000)
[2021-07-20T12:46:29.459+0000][444.922s][2267133][2267139][debug] GC(112)   eden space 2786816K, 0% used [0x0000000755580000,0x0000000755580000,0x00000007ff700000)
[2021-07-20T12:46:29.459+0000][444.922s][2267133][2267139][debug] GC(112)   from space 4608K, 70% used [0x00000007ffb80000,0x00000007ffeb0000,0x0000000800000000)
[2021-07-20T12:46:29.459+0000][444.922s][2267133][2267139][debug] GC(112)   to   space 4608K, 0% used [0x00000007ff700000,0x00000007ff700000,0x00000007ffb80000)
[2021-07-20T12:46:29.459+0000][444.922s][2267133][2267139][debug] GC(112)  ParOldGen       total 5592576K, used 3756305K [0x0000000600000000, 0x0000000755580000, 0x0000000755580000)
[2021-07-20T12:46:29.459+0000][444.922s][2267133][2267139][debug] GC(112)   object space 5592576K, 67% used [0x0000000600000000,0x00000006e5444700,0x0000000755580000)
[2021-07-20T12:46:29.459+0000][444.922s][2267133][2267139][debug] GC(112)  Metaspace       used 59103K, capacity 60690K, committed 61104K, reserved 1101824K
[2021-07-20T12:46:29.459+0000][444.922s][2267133][2267139][debug] GC(112)   class space    used 7122K, capacity 7803K, committed 7936K, reserved 1048576K
[2021-07-20T12:46:29.459+0000][444.922s][2267133][2267139][info ] Leaving safepoint region
[2021-07-20T12:46:29.459+0000][444.922s][2267133][2267139][info ] Total time for which application threads were stopped: 0.0254945 seconds, Stopping threads took: 0.0000877 seconds
[2021-07-20T12:46:30.460+0000][445.922s][2267133][2267139][info ] Application time: 1.0000262 seconds
[2021-07-20T12:46:30.460+0000][445.922s][2267133][2267139][info ] Entering safepoint region: Cleanup
[2021-07-20T12:46:30.460+0000][445.923s][2267133][2267139][info ] Leaving safepoint region
[2021-07-20T12:46:30.460+0000][445.923s][2267133][2267139][info ] Total time for which application threads were stopped: 0.0004502 seconds, Stopping threads took: 0.0001465 seconds
[2021-07-20T12:46:31.460+0000][446.923s][2267133][2267139][info ] Application time: 1.0000671 seconds
[2021-07-20T12:46:31.460+0000][446.923s][2267133][2267139][info ] Entering safepoint region: Cleanup
[2021-07-20T12:46:31.461+0000][446.923s][2267133][2267139][info ] Leaving safepoint region
[2021-07-20T12:46:31.461+0000][446.923s][2267133][2267139][info ] Total time for which application threads were stopped: 0.0003917 seconds, Stopping threads took: 0.0000997 seconds
[2021-07-20T12:46:32.461+0000][447.923s][2267133][2267139][info ] Application time: 1.0000635 seconds
[2021-07-20T12:46:32.461+0000][447.923s][2267133][2267139][info ] Entering safepoint region: Cleanup
[2021-07-20T12:46:32.461+0000][447.924s][2267133][2267139][info ] Leaving safepoint region
[2021-07-20T12:46:32.461+0000][447.924s][2267133][2267139][info ] Total time for which application threads were stopped: 0.0003865 seconds, Stopping threads took: 0.0000888 seconds
[2021-07-20T12:46:33.461+0000][448.924s][2267133][2267139][info ] Application time: 1.0000662 seconds
[2021-07-20T12:46:33.461+0000][448.924s][2267133][2267139][info ] Entering safepoint region: Cleanup
[2021-07-20T12:46:33.462+0000][448.924s][2267133][2267139][info ] Leaving safepoint region
[2021-07-20T12:46:33.462+0000][448.924s][2267133][2267139][info ] Total time for which application threads were stopped: 0.0003875 seconds, Stopping threads took: 0.0000919 seconds
[2021-07-20T12:46:34.462+0000][449.924s][2267133][2267139][info ] Application time: 1.0000665 seconds
[2021-07-20T12:46:34.462+0000][449.924s][2267133][2267139][info ] Entering safepoint region: Cleanup
[2021-07-20T12:46:34.462+0000][449.925s][2267133][2267139][info ] Leaving safepoint region
[2021-07-20T12:46:34.462+0000][449.925s][2267133][2267139][info ] Total time for which application threads were stopped: 0.0003888 seconds, Stopping threads took: 0.0000950 seconds
[2021-07-20T12:46:35.462+0000][450.925s][2267133][2267139][info ] Application time: 1.0000645 seconds
[2021-07-20T12:46:35.462+0000][450.925s][2267133][2267139][info ] Entering safepoint region: Cleanup
[2021-07-20T12:46:35.463+0000][450.925s][2267133][2267139][info ] Leaving safepoint region
[2021-07-20T12:46:35.463+0000][450.925s][2267133][2267139][info ] Total time for which application threads were stopped: 0.0003878 seconds, Stopping threads took: 0.0000990 seconds
[2021-07-20T12:46:36.463+0000][451.925s][2267133][2267139][info ] Application time: 1.0000635 seconds
[2021-07-20T12:46:36.463+0000][451.925s][2267133][2267139][info ] Entering safepoint region: Cleanup
[2021-07-20T12:46:36.463+0000][451.926s][2267133][2267139][info ] Leaving safepoint region
[2021-07-20T12:46:36.463+0000][451.926s][2267133][2267139][info ] Total time for which application threads were stopped: 0.0003756 seconds, Stopping threads took: 0.0000850 seconds
[2021-07-20T12:46:37.190+0000][452.652s][2267133][2267139][info ] Application time: 0.7266474 seconds
[2021-07-20T12:46:37.190+0000][452.652s][2267133][2267139][info ] Entering safepoint region: ParallelGCFailedAllocation
[2021-07-20T12:46:37.190+0000][452.653s][2267133][2267139][debug] GC(113) Heap before GC invocations=114 (full 3): PSYoungGen      total 2791424K, used 2790080K [0x0000000755580000, 0x0000000800000000, 0x0000000800000000)
[2021-07-20T12:46:37.190+0000][452.653s][2267133][2267139][debug] GC(113)   eden space 2786816K, 100% used [0x0000000755580000,0x00000007ff700000,0x00000007ff700000)
[2021-07-20T12:46:37.190+0000][452.653s][2267133][2267139][debug] GC(113)   from space 4608K, 70% used [0x00000007ffb80000,0x00000007ffeb0000,0x0000000800000000)
[2021-07-20T12:46:37.190+0000][452.653s][2267133][2267139][debug] GC(113)   to   space 4608K, 0% used [0x00000007ff700000,0x00000007ff700000,0x00000007ffb80000)
[2021-07-20T12:46:37.190+0000][452.653s][2267133][2267139][debug] GC(113)  ParOldGen       total 5592576K, used 3756305K [0x0000000600000000, 0x0000000755580000, 0x0000000755580000)
[2021-07-20T12:46:37.190+0000][452.653s][2267133][2267139][debug] GC(113)   object space 5592576K, 67% used [0x0000000600000000,0x00000006e5444700,0x0000000755580000)
[2021-07-20T12:46:37.190+0000][452.653s][2267133][2267139][debug] GC(113)  Metaspace       used 59103K, capacity 60690K, committed 61104K, reserved 1101824K
[2021-07-20T12:46:37.190+0000][452.653s][2267133][2267139][debug] GC(113)   class space    used 7122K, capacity 7803K, committed 7936K, reserved 1048576K
[2021-07-20T12:46:37.214+0000][452.677s][2267133][2267139][debug] GC(113) Desired survivor size 4718592 bytes, new threshold 1 (max threshold 15)
[2021-07-20T12:46:37.214+0000][452.677s][2267133][2267139][info ] GC(113) PSYoungGen: 2790080K->3168K(2791424K)
[2021-07-20T12:46:37.214+0000][452.677s][2267133][2267139][info ] GC(113) ParOldGen: 3756305K->3757737K(5592576K)
[2021-07-20T12:46:37.214+0000][452.677s][2267133][2267139][info ] GC(113) Pause Young (Allocation Failure) 6392M->3672M(8187M) 24.270ms
[2021-07-20T12:46:37.215+0000][452.677s][2267133][2267139][debug] GC(113) Heap after GC invocations=114 (full 3): PSYoungGen      total 2791424K, used 3168K [0x0000000755580000, 0x0000000800000000, 0x0000000800000000)
[2021-07-20T12:46:37.215+0000][452.677s][2267133][2267139][debug] GC(113)   eden space 2786816K, 0% used [0x0000000755580000,0x0000000755580000,0x00000007ff700000)
[2021-07-20T12:46:37.215+0000][452.677s][2267133][2267139][debug] GC(113)   from space 4608K, 68% used [0x00000007ff700000,0x00000007ffa18000,0x00000007ffb80000)
[2021-07-20T12:46:37.215+0000][452.677s][2267133][2267139][debug] GC(113)   to   space 4608K, 0% used [0x00000007ffb80000,0x00000007ffb80000,0x0000000800000000)
[2021-07-20T12:46:37.215+0000][452.677s][2267133][2267139][debug] GC(113)  ParOldGen       total 5592576K, used 3757737K [0x0000000600000000, 0x0000000755580000, 0x0000000755580000)
[2021-07-20T12:46:37.215+0000][452.677s][2267133][2267139][debug] GC(113)   object space 5592576K, 67% used [0x0000000600000000,0x00000006e55aa700,0x0000000755580000)
[2021-07-20T12:46:37.215+0000][452.677s][2267133][2267139][debug] GC(113)  Metaspace       used 59103K, capacity 60690K, committed 61104K, reserved 1101824K
[2021-07-20T12:46:37.215+0000][452.677s][2267133][2267139][debug] GC(113)   class space    used 7122K, capacity 7803K, committed 7936K, reserved 1048576K
[2021-07-20T12:46:37.215+0000][452.677s][2267133][2267139][info ] Leaving safepoint region
[2021-07-20T12:46:37.215+0000][452.677s][2267133][2267139][info ] Total time for which application threads were stopped: 0.0248701 seconds, Stopping threads took: 0.0000675 seconds
[2021-07-20T12:46:38.215+0000][453.677s][2267133][2267139][info ] Application time: 1.0000681 seconds
[2021-07-20T12:46:38.215+0000][453.677s][2267133][2267139][info ] Entering safepoint region: Cleanup
[2021-07-20T12:46:38.215+0000][453.678s][2267133][2267139][info ] Leaving safepoint region
[2021-07-20T12:46:38.215+0000][453.678s][2267133][2267139][info ] Total time for which application threads were stopped: 0.0003873 seconds, Stopping threads took: 0.0000849 seconds
[2021-07-20T12:46:39.215+0000][454.678s][2267133][2267139][info ] Application time: 1.0000684 seconds
[2021-07-20T12:46:39.215+0000][454.678s][2267133][2267139][info ] Entering safepoint region: Cleanup
[2021-07-20T12:46:39.216+0000][454.678s][2267133][2267139][info ] Leaving safepoint region
[2021-07-20T12:46:39.216+0000][454.678s][2267133][2267139][info ] Total time for which application threads were stopped: 0.0003893 seconds, Stopping threads took: 0.0000904 seconds
[2021-07-20T12:46:40.216+0000][455.678s][2267133][2267139][info ] Application time: 1.0000256 seconds
[2021-07-20T12:46:40.216+0000][455.678s][2267133][2267139][info ] Entering safepoint region: Cleanup
[2021-07-20T12:46:40.216+0000][455.679s][2267133][2267139][info ] Leaving safepoint region
[2021-07-20T12:46:40.216+0000][455.679s][2267133][2267139][info ] Total time for which application threads were stopped: 0.0004179 seconds, Stopping threads took: 0.0000979 seconds
[2021-07-20T12:46:41.216+0000][456.679s][2267133][2267139][info ] Application time: 1.0000691 seconds
[2021-07-20T12:46:41.216+0000][456.679s][2267133][2267139][info ] Entering safepoint region: Cleanup
[2021-07-20T12:46:41.217+0000][456.679s][2267133][2267139][info ] Leaving safepoint region
[2021-07-20T12:46:41.217+0000][456.679s][2267133][2267139][info ] Total time for which application threads were stopped: 0.0003658 seconds, Stopping threads took: 0.0000785 seconds
[2021-07-20T12:46:42.217+0000][457.679s][2267133][2267139][info ] Application time: 1.0000698 seconds
[2021-07-20T12:46:42.217+0000][457.679s][2267133][2267139][info ] Entering safepoint region: Cleanup
[2021-07-20T12:46:42.217+0000][457.680s][2267133][2267139][info ] Leaving safepoint region
[2021-07-20T12:46:42.217+0000][457.680s][2267133][2267139][info ] Total time for which application threads were stopped: 0.0003710 seconds, Stopping threads took: 0.0000847 seconds
[2021-07-20T12:46:43.217+0000][458.680s][2267133][2267139][info ] Application time: 1.0000678 seconds
[2021-07-20T12:46:43.217+0000][458.680s][2267133][2267139][info ] Entering safepoint region: Cleanup
[2021-07-20T12:46:43.218+0000][458.680s][2267133][2267139][info ] Leaving safepoint region
[2021-07-20T12:46:43.218+0000][458.680s][2267133][2267139][info ] Total time for which application threads were stopped: 0.0003947 seconds, Stopping threads took: 0.0000886 seconds
[2021-07-20T12:46:44.218+0000][459.680s][2267133][2267139][info ] Application time: 1.0000647 seconds
[2021-07-20T12:46:44.218+0000][459.680s][2267133][2267139][info ] Entering safepoint region: Cleanup
[2021-07-20T12:46:44.218+0000][459.681s][2267133][2267139][info ] Leaving safepoint region
[2021-07-20T12:46:44.218+0000][459.681s][2267133][2267139][info ] Total time for which application threads were stopped: 0.0003977 seconds, Stopping threads took: 0.0000989 seconds
[2021-07-20T12:46:44.941+0000][460.403s][2267133][2267139][info ] Application time: 0.7227617 seconds
[2021-07-20T12:46:44.941+0000][460.404s][2267133][2267139][info ] Entering safepoint region: ParallelGCFailedAllocation
[2021-07-20T12:46:44.941+0000][460.404s][2267133][2267139][debug] GC(114) Heap before GC invocations=115 (full 3): PSYoungGen      total 2791424K, used 2789984K [0x0000000755580000, 0x0000000800000000, 0x0000000800000000)
[2021-07-20T12:46:44.941+0000][460.404s][2267133][2267139][debug] GC(114)   eden space 2786816K, 100% used [0x0000000755580000,0x00000007ff700000,0x00000007ff700000)
[2021-07-20T12:46:44.941+0000][460.404s][2267133][2267139][debug] GC(114)   from space 4608K, 68% used [0x00000007ff700000,0x00000007ffa18000,0x00000007ffb80000)
[2021-07-20T12:46:44.941+0000][460.404s][2267133][2267139][debug] GC(114)   to   space 4608K, 0% used [0x00000007ffb80000,0x00000007ffb80000,0x0000000800000000)
[2021-07-20T12:46:44.941+0000][460.404s][2267133][2267139][debug] GC(114)  ParOldGen       total 5592576K, used 3757737K [0x0000000600000000, 0x0000000755580000, 0x0000000755580000)
[2021-07-20T12:46:44.941+0000][460.404s][2267133][2267139][debug] GC(114)   object space 5592576K, 67% used [0x0000000600000000,0x00000006e55aa700,0x0000000755580000)
[2021-07-20T12:46:44.941+0000][460.404s][2267133][2267139][debug] GC(114)  Metaspace       used 59113K, capacity 60690K, committed 61104K, reserved 1101824K
[2021-07-20T12:46:44.941+0000][460.404s][2267133][2267139][debug] GC(114)   class space    used 7122K, capacity 7803K, committed 7936K, reserved 1048576K
[2021-07-20T12:46:44.966+0000][460.428s][2267133][2267139][debug] GC(114) Desired survivor size 4718592 bytes, new threshold 1 (max threshold 15)
[2021-07-20T12:46:44.966+0000][460.428s][2267133][2267139][info ] GC(114) PSYoungGen: 2789984K->3136K(2791424K)
[2021-07-20T12:46:44.966+0000][460.428s][2267133][2267139][info ] GC(114) ParOldGen: 3757737K->3759009K(5592576K)
[2021-07-20T12:46:44.966+0000][460.428s][2267133][2267139][info ] GC(114) Pause Young (Allocation Failure) 6394M->3673M(8187M) 24.408ms
[2021-07-20T12:46:44.966+0000][460.428s][2267133][2267139][debug] GC(114) Heap after GC invocations=115 (full 3): PSYoungGen      total 2791424K, used 3136K [0x0000000755580000, 0x0000000800000000, 0x0000000800000000)
[2021-07-20T12:46:44.966+0000][460.428s][2267133][2267139][debug] GC(114)   eden space 2786816K, 0% used [0x0000000755580000,0x0000000755580000,0x00000007ff700000)
[2021-07-20T12:46:44.966+0000][460.428s][2267133][2267139][debug] GC(114)   from space 4608K, 68% used [0x00000007ffb80000,0x00000007ffe90000,0x0000000800000000)
[2021-07-20T12:46:44.966+0000][460.428s][2267133][2267139][debug] GC(114)   to   space 4608K, 0% used [0x00000007ff700000,0x00000007ff700000,0x00000007ffb80000)
[2021-07-20T12:46:44.966+0000][460.428s][2267133][2267139][debug] GC(114)  ParOldGen       total 5592576K, used 3759009K [0x0000000600000000, 0x0000000755580000, 0x0000000755580000)
[2021-07-20T12:46:44.966+0000][460.428s][2267133][2267139][debug] GC(114)   object space 5592576K, 67% used [0x0000000600000000,0x00000006e56e8700,0x0000000755580000)
[2021-07-20T12:46:44.966+0000][460.428s][2267133][2267139][debug] GC(114)  Metaspace       used 59113K, capacity 60690K, committed 61104K, reserved 1101824K
[2021-07-20T12:46:44.966+0000][460.428s][2267133][2267139][debug] GC(114)   class space    used 7122K, capacity 7803K, committed 7936K, reserved 1048576K
[2021-07-20T12:46:44.966+0000][460.429s][2267133][2267139][info ] Leaving safepoint region
[2021-07-20T12:46:44.966+0000][460.429s][2267133][2267139][info ] Total time for which application threads were stopped: 0.0250858 seconds, Stopping threads took: 0.0000891 seconds
[2021-07-20T12:46:45.966+0000][461.429s][2267133][2267139][info ] Application time: 1.0000626 seconds
[2021-07-20T12:46:45.966+0000][461.429s][2267133][2267139][info ] Entering safepoint region: Cleanup
[2021-07-20T12:46:45.967+0000][461.429s][2267133][2267139][info ] Leaving safepoint region
[2021-07-20T12:46:45.967+0000][461.429s][2267133][2267139][info ] Total time for which application threads were stopped: 0.0003694 seconds, Stopping threads took: 0.0000794 seconds
[2021-07-20T12:46:46.967+0000][462.429s][2267133][2267139][info ] Application time: 1.0000700 seconds
[2021-07-20T12:46:46.967+0000][462.429s][2267133][2267139][info ] Entering safepoint region: Cleanup
[2021-07-20T12:46:46.967+0000][462.430s][2267133][2267139][info ] Leaving safepoint region
[2021-07-20T12:46:46.967+0000][462.430s][2267133][2267139][info ] Total time for which application threads were stopped: 0.0003788 seconds, Stopping threads took: 0.0000856 seconds
[2021-07-20T12:46:47.967+0000][463.430s][2267133][2267139][info ] Application time: 1.0000548 seconds
[2021-07-20T12:46:47.967+0000][463.430s][2267133][2267139][info ] Entering safepoint region: Cleanup
[2021-07-20T12:46:47.968+0000][463.430s][2267133][2267139][info ] Leaving safepoint region
[2021-07-20T12:46:47.968+0000][463.430s][2267133][2267139][info ] Total time for which application threads were stopped: 0.0004010 seconds, Stopping threads took: 0.0000998 seconds
[2021-07-20T12:46:48.968+0000][464.430s][2267133][2267139][info ] Application time: 1.0000655 seconds
[2021-07-20T12:46:48.968+0000][464.430s][2267133][2267139][info ] Entering safepoint region: Cleanup
[2021-07-20T12:46:48.968+0000][464.431s][2267133][2267139][info ] Leaving safepoint region
[2021-07-20T12:46:48.968+0000][464.431s][2267133][2267139][info ] Total time for which application threads were stopped: 0.0004045 seconds, Stopping threads took: 0.0000930 seconds
[2021-07-20T12:46:49.968+0000][465.431s][2267133][2267139][info ] Application time: 1.0000687 seconds
[2021-07-20T12:46:49.968+0000][465.431s][2267133][2267139][info ] Entering safepoint region: Cleanup
[2021-07-20T12:46:49.969+0000][465.431s][2267133][2267139][info ] Leaving safepoint region
[2021-07-20T12:46:49.969+0000][465.431s][2267133][2267139][info ] Total time for which application threads were stopped: 0.0004295 seconds, Stopping threads took: 0.0001155 seconds
[2021-07-20T12:46:50.969+0000][466.431s][2267133][2267139][info ] Application time: 1.0000659 seconds
[2021-07-20T12:46:50.969+0000][466.431s][2267133][2267139][info ] Entering safepoint region: Cleanup
[2021-07-20T12:46:50.969+0000][466.432s][2267133][2267139][info ] Leaving safepoint region
[2021-07-20T12:46:50.969+0000][466.432s][2267133][2267139][info ] Total time for which application threads were stopped: 0.0003934 seconds, Stopping threads took: 0.0000918 seconds
[2021-07-20T12:46:51.969+0000][467.432s][2267133][2267139][info ] Application time: 1.0000654 seconds
[2021-07-20T12:46:51.969+0000][467.432s][2267133][2267139][info ] Entering safepoint region: Cleanup
[2021-07-20T12:46:51.970+0000][467.432s][2267133][2267139][info ] Leaving safepoint region
[2021-07-20T12:46:51.970+0000][467.432s][2267133][2267139][info ] Total time for which application threads were stopped: 0.0004014 seconds, Stopping threads took: 0.0001015 seconds
[2021-07-20T12:46:52.701+0000][468.163s][2267133][2267139][info ] Application time: 0.7310551 seconds
[2021-07-20T12:46:52.701+0000][468.163s][2267133][2267139][info ] Entering safepoint region: ParallelGCFailedAllocation
[2021-07-20T12:46:52.701+0000][468.164s][2267133][2267139][debug] GC(115) Heap before GC invocations=116 (full 3): PSYoungGen      total 2791424K, used 2789952K [0x0000000755580000, 0x0000000800000000, 0x0000000800000000)
[2021-07-20T12:46:52.701+0000][468.164s][2267133][2267139][debug] GC(115)   eden space 2786816K, 100% used [0x0000000755580000,0x00000007ff700000,0x00000007ff700000)
[2021-07-20T12:46:52.701+0000][468.164s][2267133][2267139][debug] GC(115)   from space 4608K, 68% used [0x00000007ffb80000,0x00000007ffe90000,0x0000000800000000)
[2021-07-20T12:46:52.701+0000][468.164s][2267133][2267139][debug] GC(115)   to   space 4608K, 0% used [0x00000007ff700000,0x00000007ff700000,0x00000007ffb80000)
[2021-07-20T12:46:52.701+0000][468.164s][2267133][2267139][debug] GC(115)  ParOldGen       total 5592576K, used 3759009K [0x0000000600000000, 0x0000000755580000, 0x0000000755580000)
[2021-07-20T12:46:52.701+0000][468.164s][2267133][2267139][debug] GC(115)   object space 5592576K, 67% used [0x0000000600000000,0x00000006e56e8700,0x0000000755580000)
[2021-07-20T12:46:52.701+0000][468.164s][2267133][2267139][debug] GC(115)  Metaspace       used 59113K, capacity 60690K, committed 61104K, reserved 1101824K
[2021-07-20T12:46:52.701+0000][468.164s][2267133][2267139][debug] GC(115)   class space    used 7122K, capacity 7803K, committed 7936K, reserved 1048576K
[2021-07-20T12:46:52.727+0000][468.190s][2267133][2267139][debug] GC(115) Desired survivor size 4718592 bytes, new threshold 1 (max threshold 15)
[2021-07-20T12:46:52.727+0000][468.190s][2267133][2267139][info ] GC(115) PSYoungGen: 2789952K->3424K(2791424K)
[2021-07-20T12:46:52.727+0000][468.190s][2267133][2267139][info ] GC(115) ParOldGen: 3759009K->3760369K(5592576K)
[2021-07-20T12:46:52.727+0000][468.190s][2267133][2267139][info ] GC(115) Pause Young (Allocation Failure) 6395M->3675M(8187M) 26.211ms
[2021-07-20T12:46:52.727+0000][468.190s][2267133][2267139][debug] GC(115) Heap after GC invocations=116 (full 3): PSYoungGen      total 2791424K, used 3424K [0x0000000755580000, 0x0000000800000000, 0x0000000800000000)
[2021-07-20T12:46:52.727+0000][468.190s][2267133][2267139][debug] GC(115)   eden space 2786816K, 0% used [0x0000000755580000,0x0000000755580000,0x00000007ff700000)
[2021-07-20T12:46:52.728+0000][468.190s][2267133][2267139][debug] GC(115)   from space 4608K, 74% used [0x00000007ff700000,0x00000007ffa58000,0x00000007ffb80000)
[2021-07-20T12:46:52.728+0000][468.190s][2267133][2267139][debug] GC(115)   to   space 4608K, 0% used [0x00000007ffb80000,0x00000007ffb80000,0x0000000800000000)
[2021-07-20T12:46:52.728+0000][468.190s][2267133][2267139][debug] GC(115)  ParOldGen       total 5592576K, used 3760369K [0x0000000600000000, 0x0000000755580000, 0x0000000755580000)
[2021-07-20T12:46:52.728+0000][468.190s][2267133][2267139][debug] GC(115)   object space 5592576K, 67% used [0x0000000600000000,0x00000006e583c700,0x0000000755580000)
[2021-07-20T12:46:52.728+0000][468.190s][2267133][2267139][debug] GC(115)  Metaspace       used 59113K, capacity 60690K, committed 61104K, reserved 1101824K
[2021-07-20T12:46:52.728+0000][468.190s][2267133][2267139][debug] GC(115)   class space    used 7122K, capacity 7803K, committed 7936K, reserved 1048576K
[2021-07-20T12:46:52.728+0000][468.190s][2267133][2267139][info ] Leaving safepoint region
[2021-07-20T12:46:52.728+0000][468.190s][2267133][2267139][info ] Total time for which application threads were stopped: 0.0269086 seconds, Stopping threads took: 0.0000908 seconds
[2021-07-20T12:46:53.728+0000][469.190s][2267133][2267139][info ] Application time: 1.0000713 seconds
[2021-07-20T12:46:53.728+0000][469.190s][2267133][2267139][info ] Entering safepoint region: Cleanup
[2021-07-20T12:46:53.728+0000][469.191s][2267133][2267139][info ] Leaving safepoint region
[2021-07-20T12:46:53.728+0000][469.191s][2267133][2267139][info ] Total time for which application threads were stopped: 0.0003784 seconds, Stopping threads took: 0.0000941 seconds
[2021-07-20T12:46:54.728+0000][470.191s][2267133][2267139][info ] Application time: 1.0000727 seconds
[2021-07-20T12:46:54.728+0000][470.191s][2267133][2267139][info ] Entering safepoint region: Cleanup
[2021-07-20T12:46:54.729+0000][470.191s][2267133][2267139][info ] Leaving safepoint region
[2021-07-20T12:46:54.729+0000][470.191s][2267133][2267139][info ] Total time for which application threads were stopped: 0.0003647 seconds, Stopping threads took: 0.0000825 seconds
[2021-07-20T12:46:55.729+0000][471.191s][2267133][2267139][info ] Application time: 1.0000638 seconds
[2021-07-20T12:46:55.729+0000][471.191s][2267133][2267139][info ] Entering safepoint region: Cleanup
[2021-07-20T12:46:55.729+0000][471.192s][2267133][2267139][info ] Leaving safepoint region
[2021-07-20T12:46:55.729+0000][471.192s][2267133][2267139][info ] Total time for which application threads were stopped: 0.0003861 seconds, Stopping threads took: 0.0000912 seconds
[2021-07-20T12:46:56.729+0000][472.192s][2267133][2267139][info ] Application time: 1.0000632 seconds
[2021-07-20T12:46:56.729+0000][472.192s][2267133][2267139][info ] Entering safepoint region: Cleanup
[2021-07-20T12:46:56.730+0000][472.192s][2267133][2267139][info ] Leaving safepoint region
[2021-07-20T12:46:56.730+0000][472.192s][2267133][2267139][info ] Total time for which application threads were stopped: 0.0003698 seconds, Stopping threads took: 0.0000853 seconds
[2021-07-20T12:46:57.730+0000][473.192s][2267133][2267139][info ] Application time: 1.0000639 seconds
[2021-07-20T12:46:57.730+0000][473.192s][2267133][2267139][info ] Entering safepoint region: Cleanup
[2021-07-20T12:46:57.730+0000][473.193s][2267133][2267139][info ] Leaving safepoint region
[2021-07-20T12:46:57.730+0000][473.193s][2267133][2267139][info ] Total time for which application threads were stopped: 0.0003697 seconds, Stopping threads took: 0.0000857 seconds
[2021-07-20T12:46:58.730+0000][474.193s][2267133][2267139][info ] Application time: 1.0000708 seconds
[2021-07-20T12:46:58.730+0000][474.193s][2267133][2267139][info ] Entering safepoint region: Cleanup
[2021-07-20T12:46:58.731+0000][474.193s][2267133][2267139][info ] Leaving safepoint region
[2021-07-20T12:46:58.731+0000][474.193s][2267133][2267139][info ] Total time for which application threads were stopped: 0.0003887 seconds, Stopping threads took: 0.0000882 seconds
[2021-07-20T12:46:59.731+0000][475.193s][2267133][2267139][info ] Application time: 1.0000623 seconds
[2021-07-20T12:46:59.731+0000][475.193s][2267133][2267139][info ] Entering safepoint region: Cleanup
[2021-07-20T12:46:59.731+0000][475.194s][2267133][2267139][info ] Leaving safepoint region
[2021-07-20T12:46:59.731+0000][475.194s][2267133][2267139][info ] Total time for which application threads were stopped: 0.0003828 seconds, Stopping threads took: 0.0000853 seconds
[2021-07-20T12:47:00.457+0000][475.919s][2267133][2267139][info ] Application time: 0.7256475 seconds
[2021-07-20T12:47:00.457+0000][475.919s][2267133][2267139][info ] Entering safepoint region: ParallelGCFailedAllocation
[2021-07-20T12:47:00.457+0000][475.920s][2267133][2267139][debug] GC(116) Heap before GC invocations=117 (full 3): PSYoungGen      total 2791424K, used 2790240K [0x0000000755580000, 0x0000000800000000, 0x0000000800000000)
[2021-07-20T12:47:00.457+0000][475.920s][2267133][2267139][debug] GC(116)   eden space 2786816K, 100% used [0x0000000755580000,0x00000007ff700000,0x00000007ff700000)
[2021-07-20T12:47:00.457+0000][475.920s][2267133][2267139][debug] GC(116)   from space 4608K, 74% used [0x00000007ff700000,0x00000007ffa58000,0x00000007ffb80000)
[2021-07-20T12:47:00.457+0000][475.920s][2267133][2267139][debug] GC(116)   to   space 4608K, 0% used [0x00000007ffb80000,0x00000007ffb80000,0x0000000800000000)
[2021-07-20T12:47:00.457+0000][475.920s][2267133][2267139][debug] GC(116)  ParOldGen       total 5592576K, used 3760369K [0x0000000600000000, 0x0000000755580000, 0x0000000755580000)
[2021-07-20T12:47:00.457+0000][475.920s][2267133][2267139][debug] GC(116)   object space 5592576K, 67% used [0x0000000600000000,0x00000006e583c700,0x0000000755580000)
[2021-07-20T12:47:00.457+0000][475.920s][2267133][2267139][debug] GC(116)  Metaspace       used 59114K, capacity 60690K, committed 61104K, reserved 1101824K
[2021-07-20T12:47:00.457+0000][475.920s][2267133][2267139][debug] GC(116)   class space    used 7122K, capacity 7803K, committed 7936K, reserved 1048576K
[2021-07-20T12:47:00.480+0000][475.943s][2267133][2267139][debug] GC(116) Desired survivor size 4718592 bytes, new threshold 1 (max threshold 15)
[2021-07-20T12:47:00.480+0000][475.943s][2267133][2267139][info ] GC(116) PSYoungGen: 2790240K->3328K(2791424K)
[2021-07-20T12:47:00.480+0000][475.943s][2267133][2267139][info ] GC(116) ParOldGen: 3760369K->3761841K(5592576K)
[2021-07-20T12:47:00.480+0000][475.943s][2267133][2267139][info ] GC(116) Pause Young (Allocation Failure) 6397M->3676M(8187M) 22.817ms
[2021-07-20T12:47:00.480+0000][475.943s][2267133][2267139][debug] GC(116) Heap after GC invocations=117 (full 3): PSYoungGen      total 2791424K, used 3328K [0x0000000755580000, 0x0000000800000000, 0x0000000800000000)
[2021-07-20T12:47:00.480+0000][475.943s][2267133][2267139][debug] GC(116)   eden space 2786816K, 0% used [0x0000000755580000,0x0000000755580000,0x00000007ff700000)
[2021-07-20T12:47:00.480+0000][475.943s][2267133][2267139][debug] GC(116)   from space 4608K, 72% used [0x00000007ffb80000,0x00000007ffec0000,0x0000000800000000)
[2021-07-20T12:47:00.480+0000][475.943s][2267133][2267139][debug] GC(116)   to   space 4608K, 0% used [0x00000007ff700000,0x00000007ff700000,0x00000007ffb80000)
[2021-07-20T12:47:00.480+0000][475.943s][2267133][2267139][debug] GC(116)  ParOldGen       total 5592576K, used 3761841K [0x0000000600000000, 0x0000000755580000, 0x0000000755580000)
[2021-07-20T12:47:00.480+0000][475.943s][2267133][2267139][debug] GC(116)   object space 5592576K, 67% used [0x0000000600000000,0x00000006e59ac700,0x0000000755580000)
[2021-07-20T12:47:00.480+0000][475.943s][2267133][2267139][debug] GC(116)  Metaspace       used 59114K, capacity 60690K, committed 61104K, reserved 1101824K
[2021-07-20T12:47:00.480+0000][475.943s][2267133][2267139][debug] GC(116)   class space    used 7122K, capacity 7803K, committed 7936K, reserved 1048576K
[2021-07-20T12:47:00.480+0000][475.943s][2267133][2267139][info ] Leaving safepoint region
[2021-07-20T12:47:00.480+0000][475.943s][2267133][2267139][info ] Total time for which application threads were stopped: 0.0234978 seconds, Stopping threads took: 0.0000831 seconds
[2021-07-20T12:47:01.480+0000][476.943s][2267133][2267139][info ] Application time: 1.0000711 seconds
[2021-07-20T12:47:01.481+0000][476.943s][2267133][2267139][info ] Entering safepoint region: Cleanup
[2021-07-20T12:47:01.481+0000][476.943s][2267133][2267139][info ] Leaving safepoint region
[2021-07-20T12:47:01.481+0000][476.943s][2267133][2267139][info ] Total time for which application threads were stopped: 0.0003890 seconds, Stopping threads took: 0.0000914 seconds
[2021-07-20T12:47:02.481+0000][477.943s][2267133][2267139][info ] Application time: 1.0000670 seconds
[2021-07-20T12:47:02.481+0000][477.944s][2267133][2267139][info ] Entering safepoint region: Cleanup
[2021-07-20T12:47:02.481+0000][477.944s][2267133][2267139][info ] Leaving safepoint region
[2021-07-20T12:47:02.481+0000][477.944s][2267133][2267139][info ] Total time for which application threads were stopped: 0.0003929 seconds, Stopping threads took: 0.0000905 seconds
[2021-07-20T12:47:03.481+0000][478.944s][2267133][2267139][info ] Application time: 1.0000819 seconds
[2021-07-20T12:47:03.482+0000][478.944s][2267133][2267139][info ] Entering safepoint region: Cleanup
[2021-07-20T12:47:03.482+0000][478.944s][2267133][2267139][info ] Leaving safepoint region
[2021-07-20T12:47:03.482+0000][478.944s][2267133][2267139][info ] Total time for which application threads were stopped: 0.0003671 seconds, Stopping threads took: 0.0000796 seconds
[2021-07-20T12:47:04.482+0000][479.944s][2267133][2267139][info ] Application time: 1.0000820 seconds
[2021-07-20T12:47:04.482+0000][479.945s][2267133][2267139][info ] Entering safepoint region: Cleanup
[2021-07-20T12:47:04.482+0000][479.945s][2267133][2267139][info ] Leaving safepoint region
[2021-07-20T12:47:04.482+0000][479.945s][2267133][2267139][info ] Total time for which application threads were stopped: 0.0003954 seconds, Stopping threads took: 0.0000895 seconds
[2021-07-20T12:47:05.482+0000][480.945s][2267133][2267139][info ] Application time: 1.0000662 seconds
[2021-07-20T12:47:05.483+0000][480.945s][2267133][2267139][info ] Entering safepoint region: Cleanup
[2021-07-20T12:47:05.483+0000][480.945s][2267133][2267139][info ] Leaving safepoint region
[2021-07-20T12:47:05.483+0000][480.945s][2267133][2267139][info ] Total time for which application threads were stopped: 0.0003922 seconds, Stopping threads took: 0.0000861 seconds
[2021-07-20T12:47:06.483+0000][481.945s][2267133][2267139][info ] Application time: 1.0000635 seconds
[2021-07-20T12:47:06.483+0000][481.946s][2267133][2267139][info ] Entering safepoint region: Cleanup
[2021-07-20T12:47:06.484+0000][481.946s][2267133][2267139][info ] Leaving safepoint region
[2021-07-20T12:47:06.484+0000][481.946s][2267133][2267139][info ] Total time for which application threads were stopped: 0.0003864 seconds, Stopping threads took: 0.0000965 seconds
[2021-07-20T12:47:07.484+0000][482.946s][2267133][2267139][info ] Application time: 1.0000638 seconds
[2021-07-20T12:47:07.484+0000][482.946s][2267133][2267139][info ] Entering safepoint region: Cleanup
[2021-07-20T12:47:07.484+0000][482.947s][2267133][2267139][info ] Leaving safepoint region
[2021-07-20T12:47:07.484+0000][482.947s][2267133][2267139][info ] Total time for which application threads were stopped: 0.0004150 seconds, Stopping threads took: 0.0001033 seconds
[2021-07-20T12:47:08.216+0000][483.679s][2267133][2267139][info ] Application time: 0.7320738 seconds
[2021-07-20T12:47:08.216+0000][483.679s][2267133][2267139][info ] Entering safepoint region: ParallelGCFailedAllocation
[2021-07-20T12:47:08.217+0000][483.679s][2267133][2267139][debug] GC(117) Heap before GC invocations=118 (full 3): PSYoungGen      total 2791424K, used 2790144K [0x0000000755580000, 0x0000000800000000, 0x0000000800000000)
[2021-07-20T12:47:08.217+0000][483.679s][2267133][2267139][debug] GC(117)   eden space 2786816K, 100% used [0x0000000755580000,0x00000007ff700000,0x00000007ff700000)
[2021-07-20T12:47:08.217+0000][483.679s][2267133][2267139][debug] GC(117)   from space 4608K, 72% used [0x00000007ffb80000,0x00000007ffec0000,0x0000000800000000)
[2021-07-20T12:47:08.217+0000][483.679s][2267133][2267139][debug] GC(117)   to   space 4608K, 0% used [0x00000007ff700000,0x00000007ff700000,0x00000007ffb80000)
[2021-07-20T12:47:08.217+0000][483.679s][2267133][2267139][debug] GC(117)  ParOldGen       total 5592576K, used 3761841K [0x0000000600000000, 0x0000000755580000, 0x0000000755580000)
[2021-07-20T12:47:08.217+0000][483.679s][2267133][2267139][debug] GC(117)   object space 5592576K, 67% used [0x0000000600000000,0x00000006e59ac700,0x0000000755580000)
[2021-07-20T12:47:08.217+0000][483.679s][2267133][2267139][debug] GC(117)  Metaspace       used 59116K, capacity 60692K, committed 61104K, reserved 1101824K
[2021-07-20T12:47:08.217+0000][483.679s][2267133][2267139][debug] GC(117)   class space    used 7122K, capacity 7803K, committed 7936K, reserved 1048576K
[2021-07-20T12:47:08.239+0000][483.702s][2267133][2267139][debug] GC(117) Desired survivor size 4194304 bytes, new threshold 1 (max threshold 15)
[2021-07-20T12:47:08.240+0000][483.702s][2267133][2267139][info ] GC(117) PSYoungGen: 2790144K->3360K(2791424K)
[2021-07-20T12:47:08.240+0000][483.702s][2267133][2267139][info ] GC(117) ParOldGen: 3761841K->3763297K(5592576K)
[2021-07-20T12:47:08.240+0000][483.702s][2267133][2267139][info ] GC(117) Pause Young (Allocation Failure) 6398M->3678M(8187M) 22.845ms
[2021-07-20T12:47:08.240+0000][483.702s][2267133][2267139][debug] GC(117) Heap after GC invocations=118 (full 3): PSYoungGen      total 2791424K, used 3360K [0x0000000755580000, 0x0000000800000000, 0x0000000800000000)
[2021-07-20T12:47:08.240+0000][483.702s][2267133][2267139][debug] GC(117)   eden space 2786816K, 0% used [0x0000000755580000,0x0000000755580000,0x00000007ff700000)
[2021-07-20T12:47:08.240+0000][483.702s][2267133][2267139][debug] GC(117)   from space 4608K, 72% used [0x00000007ff700000,0x00000007ffa48000,0x00000007ffb80000)
[2021-07-20T12:47:08.240+0000][483.702s][2267133][2267139][debug] GC(117)   to   space 4096K, 0% used [0x00000007ffc00000,0x00000007ffc00000,0x0000000800000000)
[2021-07-20T12:47:08.240+0000][483.702s][2267133][2267139][debug] GC(117)  ParOldGen       total 5592576K, used 3763297K [0x0000000600000000, 0x0000000755580000, 0x0000000755580000)
[2021-07-20T12:47:08.240+0000][483.702s][2267133][2267139][debug] GC(117)   object space 5592576K, 67% used [0x0000000600000000,0x00000006e5b18700,0x0000000755580000)
[2021-07-20T12:47:08.240+0000][483.702s][2267133][2267139][debug] GC(117)  Metaspace       used 59116K, capacity 60692K, committed 61104K, reserved 1101824K
[2021-07-20T12:47:08.240+0000][483.702s][2267133][2267139][debug] GC(117)   class space    used 7122K, capacity 7803K, committed 7936K, reserved 1048576K
[2021-07-20T12:47:08.240+0000][483.702s][2267133][2267139][info ] Leaving safepoint region
[2021-07-20T12:47:08.240+0000][483.702s][2267133][2267139][info ] Total time for which application threads were stopped: 0.0235123 seconds, Stopping threads took: 0.0000856 seconds
[2021-07-20T12:47:09.240+0000][484.702s][2267133][2267139][info ] Application time: 1.0000680 seconds
[2021-07-20T12:47:09.240+0000][484.702s][2267133][2267139][info ] Entering safepoint region: Cleanup
[2021-07-20T12:47:09.240+0000][484.703s][2267133][2267139][info ] Leaving safepoint region
[2021-07-20T12:47:09.240+0000][484.703s][2267133][2267139][info ] Total time for which application threads were stopped: 0.0004213 seconds, Stopping threads took: 0.0000948 seconds
[2021-07-20T12:47:10.240+0000][485.703s][2267133][2267139][info ] Application time: 1.0000679 seconds
[2021-07-20T12:47:10.241+0000][485.703s][2267133][2267139][info ] Entering safepoint region: Cleanup
[2021-07-20T12:47:10.241+0000][485.703s][2267133][2267139][info ] Leaving safepoint region
[2021-07-20T12:47:10.241+0000][485.703s][2267133][2267139][info ] Total time for which application threads were stopped: 0.0003734 seconds, Stopping threads took: 0.0000830 seconds
[2021-07-20T12:47:11.241+0000][486.703s][2267133][2267139][info ] Application time: 1.0000728 seconds
[2021-07-20T12:47:11.241+0000][486.703s][2267133][2267139][info ] Entering safepoint region: Cleanup
[2021-07-20T12:47:11.241+0000][486.704s][2267133][2267139][info ] Leaving safepoint region
[2021-07-20T12:47:11.241+0000][486.704s][2267133][2267139][info ] Total time for which application threads were stopped: 0.0003903 seconds, Stopping threads took: 0.0000831 seconds
[2021-07-20T12:47:12.241+0000][487.704s][2267133][2267139][info ] Application time: 1.0000663 seconds
[2021-07-20T12:47:12.242+0000][487.704s][2267133][2267139][info ] Entering safepoint region: Cleanup
[2021-07-20T12:47:12.242+0000][487.704s][2267133][2267139][info ] Leaving safepoint region
[2021-07-20T12:47:12.242+0000][487.704s][2267133][2267139][info ] Total time for which application threads were stopped: 0.0003920 seconds, Stopping threads took: 0.0000903 seconds
[2021-07-20T12:47:13.242+0000][488.704s][2267133][2267139][info ] Application time: 1.0000223 seconds
[2021-07-20T12:47:13.242+0000][488.704s][2267133][2267139][info ] Entering safepoint region: Cleanup
[2021-07-20T12:47:13.242+0000][488.705s][2267133][2267139][info ] Leaving safepoint region
[2021-07-20T12:47:13.242+0000][488.705s][2267133][2267139][info ] Total time for which application threads were stopped: 0.0003970 seconds, Stopping threads took: 0.0000868 seconds
[2021-07-20T12:47:14.242+0000][489.705s][2267133][2267139][info ] Application time: 1.0000247 seconds
[2021-07-20T12:47:14.242+0000][489.705s][2267133][2267139][info ] Entering safepoint region: Cleanup
[2021-07-20T12:47:14.243+0000][489.705s][2267133][2267139][info ] Leaving safepoint region
[2021-07-20T12:47:14.243+0000][489.705s][2267133][2267139][info ] Total time for which application threads were stopped: 0.0004140 seconds, Stopping threads took: 0.0001082 seconds
[2021-07-20T12:47:15.243+0000][490.705s][2267133][2267139][info ] Application time: 1.0000675 seconds
[2021-07-20T12:47:15.243+0000][490.705s][2267133][2267139][info ] Entering safepoint region: Cleanup
[2021-07-20T12:47:15.243+0000][490.706s][2267133][2267139][info ] Leaving safepoint region
[2021-07-20T12:47:15.243+0000][490.706s][2267133][2267139][info ] Total time for which application threads were stopped: 0.0003941 seconds, Stopping threads took: 0.0000891 seconds
[2021-07-20T12:47:15.960+0000][491.422s][2267133][2267139][info ] Application time: 0.7166641 seconds
[2021-07-20T12:47:15.960+0000][491.423s][2267133][2267139][info ] Entering safepoint region: ParallelGCFailedAllocation
[2021-07-20T12:47:15.960+0000][491.423s][2267133][2267139][debug] GC(118) Heap before GC invocations=119 (full 3): PSYoungGen      total 2791424K, used 2790176K [0x0000000755580000, 0x0000000800000000, 0x0000000800000000)
[2021-07-20T12:47:15.960+0000][491.423s][2267133][2267139][debug] GC(118)   eden space 2786816K, 100% used [0x0000000755580000,0x00000007ff700000,0x00000007ff700000)
[2021-07-20T12:47:15.960+0000][491.423s][2267133][2267139][debug] GC(118)   from space 4608K, 72% used [0x00000007ff700000,0x00000007ffa48000,0x00000007ffb80000)
[2021-07-20T12:47:15.960+0000][491.423s][2267133][2267139][debug] GC(118)   to   space 4096K, 0% used [0x00000007ffc00000,0x00000007ffc00000,0x0000000800000000)
[2021-07-20T12:47:15.960+0000][491.423s][2267133][2267139][debug] GC(118)  ParOldGen       total 5592576K, used 3763297K [0x0000000600000000, 0x0000000755580000, 0x0000000755580000)
[2021-07-20T12:47:15.960+0000][491.423s][2267133][2267139][debug] GC(118)   object space 5592576K, 67% used [0x0000000600000000,0x00000006e5b18700,0x0000000755580000)
[2021-07-20T12:47:15.960+0000][491.423s][2267133][2267139][debug] GC(118)  Metaspace       used 59116K, capacity 60692K, committed 61104K, reserved 1101824K
[2021-07-20T12:47:15.960+0000][491.423s][2267133][2267139][debug] GC(118)   class space    used 7122K, capacity 7803K, committed 7936K, reserved 1048576K
[2021-07-20T12:47:15.985+0000][491.448s][2267133][2267139][debug] GC(118) Desired survivor size 4194304 bytes, new threshold 1 (max threshold 15)
[2021-07-20T12:47:15.986+0000][491.448s][2267133][2267139][info ] GC(118) PSYoungGen: 2790176K->3264K(2791936K)
[2021-07-20T12:47:15.986+0000][491.448s][2267133][2267139][info ] GC(118) ParOldGen: 3763297K->3764921K(5592576K)
[2021-07-20T12:47:15.986+0000][491.448s][2267133][2267139][info ] GC(118) Pause Young (Allocation Failure) 6399M->3679M(8188M) 25.038ms
[2021-07-20T12:47:15.986+0000][491.448s][2267133][2267139][debug] GC(118) Heap after GC invocations=119 (full 3): PSYoungGen      total 2791936K, used 3264K [0x0000000755580000, 0x0000000800000000, 0x0000000800000000)
[2021-07-20T12:47:15.986+0000][491.448s][2267133][2267139][debug] GC(118)   eden space 2787840K, 0% used [0x0000000755580000,0x0000000755580000,0x00000007ff800000)
[2021-07-20T12:47:15.986+0000][491.448s][2267133][2267139][debug] GC(118)   from space 4096K, 79% used [0x00000007ffc00000,0x00000007fff30000,0x0000000800000000)
[2021-07-20T12:47:15.986+0000][491.448s][2267133][2267139][debug] GC(118)   to   space 4096K, 0% used [0x00000007ff800000,0x00000007ff800000,0x00000007ffc00000)
[2021-07-20T12:47:15.986+0000][491.448s][2267133][2267139][debug] GC(118)  ParOldGen       total 5592576K, used 3764921K [0x0000000600000000, 0x0000000755580000, 0x0000000755580000)
[2021-07-20T12:47:15.986+0000][491.448s][2267133][2267139][debug] GC(118)   object space 5592576K, 67% used [0x0000000600000000,0x00000006e5cae700,0x0000000755580000)
[2021-07-20T12:47:15.986+0000][491.448s][2267133][2267139][debug] GC(118)  Metaspace       used 59116K, capacity 60692K, committed 61104K, reserved 1101824K
[2021-07-20T12:47:15.986+0000][491.448s][2267133][2267139][debug] GC(118)   class space    used 7122K, capacity 7803K, committed 7936K, reserved 1048576K
[2021-07-20T12:47:15.986+0000][491.448s][2267133][2267139][info ] Leaving safepoint region
[2021-07-20T12:47:15.986+0000][491.448s][2267133][2267139][info ] Total time for which application threads were stopped: 0.0257205 seconds, Stopping threads took: 0.0000888 seconds
[2021-07-20T12:47:16.986+0000][492.448s][2267133][2267139][info ] Application time: 1.0000705 seconds
[2021-07-20T12:47:16.986+0000][492.448s][2267133][2267139][info ] Entering safepoint region: Cleanup
[2021-07-20T12:47:16.986+0000][492.449s][2267133][2267139][info ] Leaving safepoint region
[2021-07-20T12:47:16.986+0000][492.449s][2267133][2267139][info ] Total time for which application threads were stopped: 0.0003886 seconds, Stopping threads took: 0.0000865 seconds
[2021-07-20T12:47:17.986+0000][493.449s][2267133][2267139][info ] Application time: 1.0000689 seconds
[2021-07-20T12:47:17.986+0000][493.449s][2267133][2267139][info ] Entering safepoint region: Cleanup
[2021-07-20T12:47:17.987+0000][493.449s][2267133][2267139][info ] Leaving safepoint region
[2021-07-20T12:47:17.987+0000][493.449s][2267133][2267139][info ] Total time for which application threads were stopped: 0.0003893 seconds, Stopping threads took: 0.0000864 seconds
[2021-07-20T12:47:18.987+0000][494.449s][2267133][2267139][info ] Application time: 1.0000656 seconds
[2021-07-20T12:47:18.987+0000][494.449s][2267133][2267139][info ] Entering safepoint region: Cleanup
[2021-07-20T12:47:18.987+0000][494.450s][2267133][2267139][info ] Leaving safepoint region
[2021-07-20T12:47:18.987+0000][494.450s][2267133][2267139][info ] Total time for which application threads were stopped: 0.0003855 seconds, Stopping threads took: 0.0000805 seconds
[2021-07-20T12:47:19.987+0000][495.450s][2267133][2267139][info ] Application time: 1.0000153 seconds
[2021-07-20T12:47:19.987+0000][495.450s][2267133][2267139][info ] Entering safepoint region: Cleanup
[2021-07-20T12:47:19.988+0000][495.450s][2267133][2267139][info ] Leaving safepoint region
[2021-07-20T12:47:19.988+0000][495.450s][2267133][2267139][info ] Total time for which application threads were stopped: 0.0003895 seconds, Stopping threads took: 0.0000938 seconds
[2021-07-20T12:47:20.988+0000][496.450s][2267133][2267139][info ] Application time: 1.0000648 seconds
[2021-07-20T12:47:20.988+0000][496.450s][2267133][2267139][info ] Entering safepoint region: Cleanup
[2021-07-20T12:47:20.988+0000][496.451s][2267133][2267139][info ] Leaving safepoint region
[2021-07-20T12:47:20.988+0000][496.451s][2267133][2267139][info ] Total time for which application threads were stopped: 0.0003974 seconds, Stopping threads took: 0.0000954 seconds
[2021-07-20T12:47:21.988+0000][497.451s][2267133][2267139][info ] Application time: 1.0000662 seconds
[2021-07-20T12:47:21.988+0000][497.451s][2267133][2267139][info ] Entering safepoint region: Cleanup
[2021-07-20T12:47:21.989+0000][497.451s][2267133][2267139][info ] Leaving safepoint region
[2021-07-20T12:47:21.989+0000][497.451s][2267133][2267139][info ] Total time for which application threads were stopped: 0.0003978 seconds, Stopping threads took: 0.0000887 seconds
[2021-07-20T12:47:22.989+0000][498.451s][2267133][2267139][info ] Application time: 1.0000661 seconds
[2021-07-20T12:47:22.989+0000][498.451s][2267133][2267139][info ] Entering safepoint region: Cleanup
[2021-07-20T12:47:22.989+0000][498.452s][2267133][2267139][info ] Leaving safepoint region
[2021-07-20T12:47:22.989+0000][498.452s][2267133][2267139][info ] Total time for which application threads were stopped: 0.0003977 seconds, Stopping threads took: 0.0000929 seconds
[2021-07-20T12:47:23.720+0000][499.183s][2267133][2267139][info ] Application time: 0.7309548 seconds
[2021-07-20T12:47:23.720+0000][499.183s][2267133][2267139][info ] Entering safepoint region: ParallelGCFailedAllocation
[2021-07-20T12:47:23.721+0000][499.183s][2267133][2267139][debug] GC(119) Heap before GC invocations=120 (full 3): PSYoungGen      total 2791936K, used 2791104K [0x0000000755580000, 0x0000000800000000, 0x0000000800000000)
[2021-07-20T12:47:23.721+0000][499.183s][2267133][2267139][debug] GC(119)   eden space 2787840K, 100% used [0x0000000755580000,0x00000007ff800000,0x00000007ff800000)
[2021-07-20T12:47:23.721+0000][499.183s][2267133][2267139][debug] GC(119)   from space 4096K, 79% used [0x00000007ffc00000,0x00000007fff30000,0x0000000800000000)
[2021-07-20T12:47:23.721+0000][499.183s][2267133][2267139][debug] GC(119)   to   space 4096K, 0% used [0x00000007ff800000,0x00000007ff800000,0x00000007ffc00000)
[2021-07-20T12:47:23.721+0000][499.183s][2267133][2267139][debug] GC(119)  ParOldGen       total 5592576K, used 3764921K [0x0000000600000000, 0x0000000755580000, 0x0000000755580000)
[2021-07-20T12:47:23.721+0000][499.183s][2267133][2267139][debug] GC(119)   object space 5592576K, 67% used [0x0000000600000000,0x00000006e5cae700,0x0000000755580000)
[2021-07-20T12:47:23.721+0000][499.183s][2267133][2267139][debug] GC(119)  Metaspace       used 59116K, capacity 60692K, committed 61104K, reserved 1101824K
[2021-07-20T12:47:23.721+0000][499.183s][2267133][2267139][debug] GC(119)   class space    used 7122K, capacity 7803K, committed 7936K, reserved 1048576K
[2021-07-20T12:47:23.745+0000][499.208s][2267133][2267139][debug] GC(119) Desired survivor size 4194304 bytes, new threshold 1 (max threshold 15)
[2021-07-20T12:47:23.745+0000][499.208s][2267133][2267139][info ] GC(119) PSYoungGen: 2791104K->3072K(2791936K)
[2021-07-20T12:47:23.745+0000][499.208s][2267133][2267139][info ] GC(119) ParOldGen: 3764921K->3766361K(5592576K)
[2021-07-20T12:47:23.746+0000][499.208s][2267133][2267139][info ] GC(119) Pause Young (Allocation Failure) 6402M->3681M(8188M) 24.735ms
[2021-07-20T12:47:23.746+0000][499.208s][2267133][2267139][debug] GC(119) Heap after GC invocations=120 (full 3): PSYoungGen      total 2791936K, used 3072K [0x0000000755580000, 0x0000000800000000, 0x0000000800000000)
[2021-07-20T12:47:23.746+0000][499.208s][2267133][2267139][debug] GC(119)   eden space 2787840K, 0% used [0x0000000755580000,0x0000000755580000,0x00000007ff800000)
[2021-07-20T12:47:23.746+0000][499.208s][2267133][2267139][debug] GC(119)   from space 4096K, 75% used [0x00000007ff800000,0x00000007ffb00000,0x00000007ffc00000)
[2021-07-20T12:47:23.746+0000][499.208s][2267133][2267139][debug] GC(119)   to   space 4096K, 0% used [0x00000007ffc00000,0x00000007ffc00000,0x0000000800000000)
[2021-07-20T12:47:23.746+0000][499.208s][2267133][2267139][debug] GC(119)  ParOldGen       total 5592576K, used 3766361K [0x0000000600000000, 0x0000000755580000, 0x0000000755580000)
[2021-07-20T12:47:23.746+0000][499.208s][2267133][2267139][debug] GC(119)   object space 5592576K, 67% used [0x0000000600000000,0x00000006e5e16700,0x0000000755580000)
[2021-07-20T12:47:23.746+0000][499.208s][2267133][2267139][debug] GC(119)  Metaspace       used 59116K, capacity 60692K, committed 61104K, reserved 1101824K
[2021-07-20T12:47:23.746+0000][499.208s][2267133][2267139][debug] GC(119)   class space    used 7122K, capacity 7803K, committed 7936K, reserved 1048576K
[2021-07-20T12:47:23.746+0000][499.208s][2267133][2267139][info ] Leaving safepoint region
[2021-07-20T12:47:23.746+0000][499.208s][2267133][2267139][info ] Total time for which application threads were stopped: 0.0254108 seconds, Stopping threads took: 0.0000834 seconds
[2021-07-20T12:47:24.746+0000][500.208s][2267133][2267139][info ] Application time: 1.0000670 seconds
[2021-07-20T12:47:24.746+0000][500.208s][2267133][2267139][info ] Entering safepoint region: Cleanup
[2021-07-20T12:47:24.746+0000][500.209s][2267133][2267139][info ] Leaving safepoint region
[2021-07-20T12:47:24.746+0000][500.209s][2267133][2267139][info ] Total time for which application threads were stopped: 0.0003816 seconds, Stopping threads took: 0.0000904 seconds
[2021-07-20T12:47:25.746+0000][501.209s][2267133][2267139][info ] Application time: 1.0000699 seconds
[2021-07-20T12:47:25.746+0000][501.209s][2267133][2267139][info ] Entering safepoint region: Cleanup
[2021-07-20T12:47:25.747+0000][501.209s][2267133][2267139][info ] Leaving safepoint region
[2021-07-20T12:47:25.747+0000][501.209s][2267133][2267139][info ] Total time for which application threads were stopped: 0.0003737 seconds, Stopping threads took: 0.0000879 seconds
[2021-07-20T12:47:26.747+0000][502.209s][2267133][2267139][info ] Application time: 1.0000784 seconds
[2021-07-20T12:47:26.747+0000][502.209s][2267133][2267139][info ] Entering safepoint region: Cleanup
[2021-07-20T12:47:26.747+0000][502.210s][2267133][2267139][info ] Leaving safepoint region
[2021-07-20T12:47:26.747+0000][502.210s][2267133][2267139][info ] Total time for which application threads were stopped: 0.0003905 seconds, Stopping threads took: 0.0000999 seconds
[2021-07-20T12:47:27.747+0000][503.210s][2267133][2267139][info ] Application time: 1.0000413 seconds
[2021-07-20T12:47:27.747+0000][503.210s][2267133][2267139][info ] Entering safepoint region: Cleanup
[2021-07-20T12:47:27.748+0000][503.210s][2267133][2267139][info ] Leaving safepoint region
[2021-07-20T12:47:27.748+0000][503.210s][2267133][2267139][info ] Total time for which application threads were stopped: 0.0003750 seconds, Stopping threads took: 0.0000792 seconds
[2021-07-20T12:47:28.748+0000][504.210s][2267133][2267139][info ] Application time: 1.0000708 seconds
[2021-07-20T12:47:28.748+0000][504.210s][2267133][2267139][info ] Entering safepoint region: Cleanup
[2021-07-20T12:47:28.748+0000][504.211s][2267133][2267139][info ] Leaving safepoint region
[2021-07-20T12:47:28.748+0000][504.211s][2267133][2267139][info ] Total time for which application threads were stopped: 0.0004070 seconds, Stopping threads took: 0.0000961 seconds
[2021-07-20T12:47:29.748+0000][505.211s][2267133][2267139][info ] Application time: 1.0000578 seconds
[2021-07-20T12:47:29.748+0000][505.211s][2267133][2267139][info ] Entering safepoint region: Cleanup
[2021-07-20T12:47:29.749+0000][505.211s][2267133][2267139][info ] Leaving safepoint region
[2021-07-20T12:47:29.749+0000][505.211s][2267133][2267139][info ] Total time for which application threads were stopped: 0.0003550 seconds, Stopping threads took: 0.0000721 seconds
[2021-07-20T12:47:30.749+0000][506.211s][2267133][2267139][info ] Application time: 1.0000682 seconds
[2021-07-20T12:47:30.749+0000][506.211s][2267133][2267139][info ] Entering safepoint region: Cleanup
[2021-07-20T12:47:30.749+0000][506.212s][2267133][2267139][info ] Leaving safepoint region
[2021-07-20T12:47:30.749+0000][506.212s][2267133][2267139][info ] Total time for which application threads were stopped: 0.0003779 seconds, Stopping threads took: 0.0000861 seconds
[2021-07-20T12:47:31.499+0000][506.961s][2267133][2267139][info ] Application time: 0.7496646 seconds
[2021-07-20T12:47:31.499+0000][506.961s][2267133][2267139][info ] Entering safepoint region: ParallelGCFailedAllocation
[2021-07-20T12:47:31.499+0000][506.962s][2267133][2267139][debug] GC(120) Heap before GC invocations=121 (full 3): PSYoungGen      total 2791936K, used 2790912K [0x0000000755580000, 0x0000000800000000, 0x0000000800000000)
[2021-07-20T12:47:31.499+0000][506.962s][2267133][2267139][debug] GC(120)   eden space 2787840K, 100% used [0x0000000755580000,0x00000007ff800000,0x00000007ff800000)
[2021-07-20T12:47:31.499+0000][506.962s][2267133][2267139][debug] GC(120)   from space 4096K, 75% used [0x00000007ff800000,0x00000007ffb00000,0x00000007ffc00000)
[2021-07-20T12:47:31.499+0000][506.962s][2267133][2267139][debug] GC(120)   to   space 4096K, 0% used [0x00000007ffc00000,0x00000007ffc00000,0x0000000800000000)
[2021-07-20T12:47:31.499+0000][506.962s][2267133][2267139][debug] GC(120)  ParOldGen       total 5592576K, used 3766361K [0x0000000600000000, 0x0000000755580000, 0x0000000755580000)
[2021-07-20T12:47:31.499+0000][506.962s][2267133][2267139][debug] GC(120)   object space 5592576K, 67% used [0x0000000600000000,0x00000006e5e16700,0x0000000755580000)
[2021-07-20T12:47:31.499+0000][506.962s][2267133][2267139][debug] GC(120)  Metaspace       used 59118K, capacity 60692K, committed 61104K, reserved 1101824K
[2021-07-20T12:47:31.499+0000][506.962s][2267133][2267139][debug] GC(120)   class space    used 7122K, capacity 7803K, committed 7936K, reserved 1048576K
[2021-07-20T12:47:31.524+0000][506.986s][2267133][2267139][debug] GC(120) Desired survivor size 4194304 bytes, new threshold 1 (max threshold 15)
[2021-07-20T12:47:31.524+0000][506.986s][2267133][2267139][info ] GC(120) PSYoungGen: 2790912K->3264K(2791936K)
[2021-07-20T12:47:31.524+0000][506.986s][2267133][2267139][info ] GC(120) ParOldGen: 3766361K->3767665K(5592576K)
[2021-07-20T12:47:31.524+0000][506.986s][2267133][2267139][info ] GC(120) Pause Young (Allocation Failure) 6403M->3682M(8188M) 24.582ms
[2021-07-20T12:47:31.524+0000][506.986s][2267133][2267139][debug] GC(120) Heap after GC invocations=121 (full 3): PSYoungGen      total 2791936K, used 3264K [0x0000000755580000, 0x0000000800000000, 0x0000000800000000)
[2021-07-20T12:47:31.524+0000][506.986s][2267133][2267139][debug] GC(120)   eden space 2787840K, 0% used [0x0000000755580000,0x0000000755580000,0x00000007ff800000)
[2021-07-20T12:47:31.524+0000][506.987s][2267133][2267139][debug] GC(120)   from space 4096K, 79% used [0x00000007ffc00000,0x00000007fff30000,0x0000000800000000)
[2021-07-20T12:47:31.524+0000][506.987s][2267133][2267139][debug] GC(120)   to   space 4096K, 0% used [0x00000007ff800000,0x00000007ff800000,0x00000007ffc00000)
[2021-07-20T12:47:31.524+0000][506.987s][2267133][2267139][debug] GC(120)  ParOldGen       total 5592576K, used 3767665K [0x0000000600000000, 0x0000000755580000, 0x0000000755580000)
[2021-07-20T12:47:31.524+0000][506.987s][2267133][2267139][debug] GC(120)   object space 5592576K, 67% used [0x0000000600000000,0x00000006e5f5c700,0x0000000755580000)
[2021-07-20T12:47:31.524+0000][506.987s][2267133][2267139][debug] GC(120)  Metaspace       used 59118K, capacity 60692K, committed 61104K, reserved 1101824K
[2021-07-20T12:47:31.524+0000][506.987s][2267133][2267139][debug] GC(120)   class space    used 7122K, capacity 7803K, committed 7936K, reserved 1048576K
[2021-07-20T12:47:31.524+0000][506.987s][2267133][2267139][info ] Leaving safepoint region
[2021-07-20T12:47:31.524+0000][506.987s][2267133][2267139][info ] Total time for which application threads were stopped: 0.0252905 seconds, Stopping threads took: 0.0001076 seconds
[2021-07-20T12:47:32.524+0000][507.987s][2267133][2267139][info ] Application time: 1.0000707 seconds
[2021-07-20T12:47:32.524+0000][507.987s][2267133][2267139][info ] Entering safepoint region: Cleanup
[2021-07-20T12:47:32.525+0000][507.987s][2267133][2267139][info ] Leaving safepoint region
[2021-07-20T12:47:32.525+0000][507.987s][2267133][2267139][info ] Total time for which application threads were stopped: 0.0003789 seconds, Stopping threads took: 0.0000844 seconds
[2021-07-20T12:47:33.525+0000][508.987s][2267133][2267139][info ] Application time: 1.0000660 seconds
[2021-07-20T12:47:33.525+0000][508.987s][2267133][2267139][info ] Entering safepoint region: Cleanup
[2021-07-20T12:47:33.525+0000][508.988s][2267133][2267139][info ] Leaving safepoint region
[2021-07-20T12:47:33.525+0000][508.988s][2267133][2267139][info ] Total time for which application threads were stopped: 0.0004040 seconds, Stopping threads took: 0.0000935 seconds
[2021-07-20T12:47:34.525+0000][509.988s][2267133][2267139][info ] Application time: 1.0000629 seconds
[2021-07-20T12:47:34.525+0000][509.988s][2267133][2267139][info ] Entering safepoint region: Cleanup
[2021-07-20T12:47:34.526+0000][509.988s][2267133][2267139][info ] Leaving safepoint region
[2021-07-20T12:47:34.526+0000][509.988s][2267133][2267139][info ] Total time for which application threads were stopped: 0.0003817 seconds, Stopping threads took: 0.0000966 seconds
[2021-07-20T12:47:35.526+0000][510.988s][2267133][2267139][info ] Application time: 1.0000655 seconds
[2021-07-20T12:47:35.526+0000][510.988s][2267133][2267139][info ] Entering safepoint region: Cleanup
[2021-07-20T12:47:35.526+0000][510.989s][2267133][2267139][info ] Leaving safepoint region
[2021-07-20T12:47:35.526+0000][510.989s][2267133][2267139][info ] Total time for which application threads were stopped: 0.0003780 seconds, Stopping threads took: 0.0000819 seconds
[2021-07-20T12:47:36.526+0000][511.989s][2267133][2267139][info ] Application time: 1.0000654 seconds
[2021-07-20T12:47:36.526+0000][511.989s][2267133][2267139][info ] Entering safepoint region: Cleanup
[2021-07-20T12:47:36.527+0000][511.989s][2267133][2267139][info ] Leaving safepoint region
[2021-07-20T12:47:36.527+0000][511.989s][2267133][2267139][info ] Total time for which application threads were stopped: 0.0003811 seconds, Stopping threads took: 0.0000889 seconds
[2021-07-20T12:47:37.527+0000][512.989s][2267133][2267139][info ] Application time: 1.0000635 seconds
[2021-07-20T12:47:37.527+0000][512.989s][2267133][2267139][info ] Entering safepoint region: Cleanup
[2021-07-20T12:47:37.527+0000][512.990s][2267133][2267139][info ] Leaving safepoint region
[2021-07-20T12:47:37.527+0000][512.990s][2267133][2267139][info ] Total time for which application threads were stopped: 0.0003798 seconds, Stopping threads took: 0.0000876 seconds
[2021-07-20T12:47:38.527+0000][513.990s][2267133][2267139][info ] Application time: 1.0000635 seconds
[2021-07-20T12:47:38.527+0000][513.990s][2267133][2267139][info ] Entering safepoint region: Cleanup
[2021-07-20T12:47:38.528+0000][513.990s][2267133][2267139][info ] Leaving safepoint region
[2021-07-20T12:47:38.528+0000][513.990s][2267133][2267139][info ] Total time for which application threads were stopped: 0.0003955 seconds, Stopping threads took: 0.0000900 seconds
[2021-07-20T12:47:39.258+0000][514.720s][2267133][2267139][info ] Application time: 0.7299515 seconds
[2021-07-20T12:47:39.258+0000][514.720s][2267133][2267139][info ] Entering safepoint region: ParallelGCFailedAllocation
[2021-07-20T12:47:39.258+0000][514.721s][2267133][2267139][debug] GC(121) Heap before GC invocations=122 (full 3): PSYoungGen      total 2791936K, used 2791104K [0x0000000755580000, 0x0000000800000000, 0x0000000800000000)
[2021-07-20T12:47:39.258+0000][514.721s][2267133][2267139][debug] GC(121)   eden space 2787840K, 100% used [0x0000000755580000,0x00000007ff800000,0x00000007ff800000)
[2021-07-20T12:47:39.258+0000][514.721s][2267133][2267139][debug] GC(121)   from space 4096K, 79% used [0x00000007ffc00000,0x00000007fff30000,0x0000000800000000)
[2021-07-20T12:47:39.258+0000][514.721s][2267133][2267139][debug] GC(121)   to   space 4096K, 0% used [0x00000007ff800000,0x00000007ff800000,0x00000007ffc00000)
[2021-07-20T12:47:39.258+0000][514.721s][2267133][2267139][debug] GC(121)  ParOldGen       total 5592576K, used 3767665K [0x0000000600000000, 0x0000000755580000, 0x0000000755580000)
[2021-07-20T12:47:39.258+0000][514.721s][2267133][2267139][debug] GC(121)   object space 5592576K, 67% used [0x0000000600000000,0x00000006e5f5c700,0x0000000755580000)
[2021-07-20T12:47:39.258+0000][514.721s][2267133][2267139][debug] GC(121)  Metaspace       used 59118K, capacity 60692K, committed 61104K, reserved 1101824K
[2021-07-20T12:47:39.258+0000][514.721s][2267133][2267139][debug] GC(121)   class space    used 7122K, capacity 7803K, committed 7936K, reserved 1048576K
[2021-07-20T12:47:39.283+0000][514.745s][2267133][2267139][debug] GC(121) Desired survivor size 4194304 bytes, new threshold 1 (max threshold 15)
[2021-07-20T12:47:39.283+0000][514.745s][2267133][2267139][info ] GC(121) PSYoungGen: 2791104K->3136K(2791936K)
[2021-07-20T12:47:39.283+0000][514.745s][2267133][2267139][info ] GC(121) ParOldGen: 3767665K->3769049K(5592576K)
[2021-07-20T12:47:39.283+0000][514.745s][2267133][2267139][info ] GC(121) Pause Young (Allocation Failure) 6405M->3683M(8188M) 24.743ms
[2021-07-20T12:47:39.283+0000][514.745s][2267133][2267139][debug] GC(121) Heap after GC invocations=122 (full 3): PSYoungGen      total 2791936K, used 3136K [0x0000000755580000, 0x0000000800000000, 0x0000000800000000)
[2021-07-20T12:47:39.283+0000][514.745s][2267133][2267139][debug] GC(121)   eden space 2787840K, 0% used [0x0000000755580000,0x0000000755580000,0x00000007ff800000)
[2021-07-20T12:47:39.283+0000][514.745s][2267133][2267139][debug] GC(121)   from space 4096K, 76% used [0x00000007ff800000,0x00000007ffb10000,0x00000007ffc00000)
[2021-07-20T12:47:39.283+0000][514.745s][2267133][2267139][debug] GC(121)   to   space 4096K, 0% used [0x00000007ffc00000,0x00000007ffc00000,0x0000000800000000)
[2021-07-20T12:47:39.283+0000][514.745s][2267133][2267139][debug] GC(121)  ParOldGen       total 5592576K, used 3769049K [0x0000000600000000, 0x0000000755580000, 0x0000000755580000)
[2021-07-20T12:47:39.283+0000][514.745s][2267133][2267139][debug] GC(121)   object space 5592576K, 67% used [0x0000000600000000,0x00000006e60b6700,0x0000000755580000)
[2021-07-20T12:47:39.283+0000][514.745s][2267133][2267139][debug] GC(121)  Metaspace       used 59118K, capacity 60692K, committed 61104K, reserved 1101824K
[2021-07-20T12:47:39.283+0000][514.745s][2267133][2267139][debug] GC(121)   class space    used 7122K, capacity 7803K, committed 7936K, reserved 1048576K
[2021-07-20T12:47:39.283+0000][514.746s][2267133][2267139][info ] Leaving safepoint region
[2021-07-20T12:47:39.283+0000][514.746s][2267133][2267139][info ] Total time for which application threads were stopped: 0.0254036 seconds, Stopping threads took: 0.0000867 seconds
[2021-07-20T12:47:40.283+0000][515.746s][2267133][2267139][info ] Application time: 1.0000688 seconds
[2021-07-20T12:47:40.283+0000][515.746s][2267133][2267139][info ] Entering safepoint region: Cleanup
[2021-07-20T12:47:40.284+0000][515.746s][2267133][2267139][info ] Leaving safepoint region
[2021-07-20T12:47:40.284+0000][515.746s][2267133][2267139][info ] Total time for which application threads were stopped: 0.0003965 seconds, Stopping threads took: 0.0000962 seconds
[2021-07-20T12:47:41.284+0000][516.746s][2267133][2267139][info ] Application time: 1.0000662 seconds
[2021-07-20T12:47:41.284+0000][516.746s][2267133][2267139][info ] Entering safepoint region: Cleanup
[2021-07-20T12:47:41.284+0000][516.747s][2267133][2267139][info ] Leaving safepoint region
[2021-07-20T12:47:41.284+0000][516.747s][2267133][2267139][info ] Total time for which application threads were stopped: 0.0004101 seconds, Stopping threads took: 0.0000997 seconds
[2021-07-20T12:47:42.284+0000][517.747s][2267133][2267139][info ] Application time: 1.0000665 seconds
[2021-07-20T12:47:42.284+0000][517.747s][2267133][2267139][info ] Entering safepoint region: Cleanup
[2021-07-20T12:47:42.285+0000][517.747s][2267133][2267139][info ] Leaving safepoint region
[2021-07-20T12:47:42.285+0000][517.747s][2267133][2267139][info ] Total time for which application threads were stopped: 0.0003723 seconds, Stopping threads took: 0.0000834 seconds
[2021-07-20T12:47:43.285+0000][518.747s][2267133][2267139][info ] Application time: 1.0000635 seconds
[2021-07-20T12:47:43.285+0000][518.747s][2267133][2267139][info ] Entering safepoint region: Cleanup
[2021-07-20T12:47:43.285+0000][518.748s][2267133][2267139][info ] Leaving safepoint region
[2021-07-20T12:47:43.285+0000][518.748s][2267133][2267139][info ] Total time for which application threads were stopped: 0.0004097 seconds, Stopping threads took: 0.0001007 seconds
[2021-07-20T12:47:44.285+0000][519.748s][2267133][2267139][info ] Application time: 1.0000660 seconds
[2021-07-20T12:47:44.285+0000][519.748s][2267133][2267139][info ] Entering safepoint region: Cleanup
[2021-07-20T12:47:44.286+0000][519.748s][2267133][2267139][info ] Leaving safepoint region
[2021-07-20T12:47:44.286+0000][519.748s][2267133][2267139][info ] Total time for which application threads were stopped: 0.0003573 seconds, Stopping threads took: 0.0000719 seconds
[2021-07-20T12:47:45.286+0000][520.748s][2267133][2267139][info ] Application time: 1.0000299 seconds
[2021-07-20T12:47:45.286+0000][520.748s][2267133][2267139][info ] Entering safepoint region: Cleanup
[2021-07-20T12:47:45.286+0000][520.749s][2267133][2267139][info ] Leaving safepoint region
[2021-07-20T12:47:45.286+0000][520.749s][2267133][2267139][info ] Total time for which application threads were stopped: 0.0003811 seconds, Stopping threads took: 0.0000875 seconds
[2021-07-20T12:47:46.286+0000][521.749s][2267133][2267139][info ] Application time: 1.0000692 seconds
[2021-07-20T12:47:46.286+0000][521.749s][2267133][2267139][info ] Entering safepoint region: Cleanup
[2021-07-20T12:47:46.287+0000][521.749s][2267133][2267139][info ] Leaving safepoint region
[2021-07-20T12:47:46.287+0000][521.749s][2267133][2267139][info ] Total time for which application threads were stopped: 0.0003959 seconds, Stopping threads took: 0.0000928 seconds
[2021-07-20T12:47:47.003+0000][522.465s][2267133][2267139][info ] Application time: 0.7160495 seconds
[2021-07-20T12:47:47.003+0000][522.465s][2267133][2267139][info ] Entering safepoint region: ParallelGCFailedAllocation
[2021-07-20T12:47:47.003+0000][522.466s][2267133][2267139][debug] GC(122) Heap before GC invocations=123 (full 3): PSYoungGen      total 2791936K, used 2790976K [0x0000000755580000, 0x0000000800000000, 0x0000000800000000)
[2021-07-20T12:47:47.003+0000][522.466s][2267133][2267139][debug] GC(122)   eden space 2787840K, 100% used [0x0000000755580000,0x00000007ff800000,0x00000007ff800000)
[2021-07-20T12:47:47.003+0000][522.466s][2267133][2267139][debug] GC(122)   from space 4096K, 76% used [0x00000007ff800000,0x00000007ffb10000,0x00000007ffc00000)
[2021-07-20T12:47:47.003+0000][522.466s][2267133][2267139][debug] GC(122)   to   space 4096K, 0% used [0x00000007ffc00000,0x00000007ffc00000,0x0000000800000000)
[2021-07-20T12:47:47.003+0000][522.466s][2267133][2267139][debug] GC(122)  ParOldGen       total 5592576K, used 3769049K [0x0000000600000000, 0x0000000755580000, 0x0000000755580000)
[2021-07-20T12:47:47.003+0000][522.466s][2267133][2267139][debug] GC(122)   object space 5592576K, 67% used [0x0000000600000000,0x00000006e60b6700,0x0000000755580000)
[2021-07-20T12:47:47.003+0000][522.466s][2267133][2267139][debug] GC(122)  Metaspace       used 59147K, capacity 60757K, committed 61104K, reserved 1101824K
[2021-07-20T12:47:47.003+0000][522.466s][2267133][2267139][debug] GC(122)   class space    used 7122K, capacity 7803K, committed 7936K, reserved 1048576K
[2021-07-20T12:47:47.028+0000][522.490s][2267133][2267139][debug] GC(122) Desired survivor size 4194304 bytes, new threshold 1 (max threshold 15)
[2021-07-20T12:47:47.028+0000][522.491s][2267133][2267139][info ] GC(122) PSYoungGen: 2790976K->3232K(2791936K)
[2021-07-20T12:47:47.028+0000][522.491s][2267133][2267139][info ] GC(122) ParOldGen: 3769049K->3770289K(5592576K)
[2021-07-20T12:47:47.028+0000][522.491s][2267133][2267139][info ] GC(122) Pause Young (Allocation Failure) 6406M->3685M(8188M) 24.922ms
[2021-07-20T12:47:47.028+0000][522.491s][2267133][2267139][debug] GC(122) Heap after GC invocations=123 (full 3): PSYoungGen      total 2791936K, used 3232K [0x0000000755580000, 0x0000000800000000, 0x0000000800000000)
[2021-07-20T12:47:47.028+0000][522.491s][2267133][2267139][debug] GC(122)   eden space 2787840K, 0% used [0x0000000755580000,0x0000000755580000,0x00000007ff800000)
[2021-07-20T12:47:47.028+0000][522.491s][2267133][2267139][debug] GC(122)   from space 4096K, 78% used [0x00000007ffc00000,0x00000007fff28000,0x0000000800000000)
[2021-07-20T12:47:47.028+0000][522.491s][2267133][2267139][debug] GC(122)   to   space 4096K, 0% used [0x00000007ff800000,0x00000007ff800000,0x00000007ffc00000)
[2021-07-20T12:47:47.028+0000][522.491s][2267133][2267139][debug] GC(122)  ParOldGen       total 5592576K, used 3770289K [0x0000000600000000, 0x0000000755580000, 0x0000000755580000)
[2021-07-20T12:47:47.028+0000][522.491s][2267133][2267139][debug] GC(122)   object space 5592576K, 67% used [0x0000000600000000,0x00000006e61ec700,0x0000000755580000)
[2021-07-20T12:47:47.028+0000][522.491s][2267133][2267139][debug] GC(122)  Metaspace       used 59147K, capacity 60757K, committed 61104K, reserved 1101824K
[2021-07-20T12:47:47.028+0000][522.491s][2267133][2267139][debug] GC(122)   class space    used 7122K, capacity 7803K, committed 7936K, reserved 1048576K
[2021-07-20T12:47:47.028+0000][522.491s][2267133][2267139][info ] Leaving safepoint region
[2021-07-20T12:47:47.028+0000][522.491s][2267133][2267139][info ] Total time for which application threads were stopped: 0.0255906 seconds, Stopping threads took: 0.0000879 seconds
[2021-07-20T12:47:48.028+0000][523.491s][2267133][2267139][info ] Application time: 1.0000713 seconds
[2021-07-20T12:47:48.029+0000][523.491s][2267133][2267139][info ] Entering safepoint region: Cleanup
[2021-07-20T12:47:48.029+0000][523.491s][2267133][2267139][info ] Leaving safepoint region
[2021-07-20T12:47:48.029+0000][523.491s][2267133][2267139][info ] Total time for which application threads were stopped: 0.0003827 seconds, Stopping threads took: 0.0000833 seconds
[2021-07-20T12:47:49.029+0000][524.491s][2267133][2267139][info ] Application time: 1.0000829 seconds
[2021-07-20T12:47:49.029+0000][524.492s][2267133][2267139][info ] Entering safepoint region: Cleanup
[2021-07-20T12:47:49.029+0000][524.492s][2267133][2267139][info ] Leaving safepoint region
[2021-07-20T12:47:49.029+0000][524.492s][2267133][2267139][info ] Total time for which application threads were stopped: 0.0003914 seconds, Stopping threads took: 0.0000822 seconds
[2021-07-20T12:47:50.029+0000][525.492s][2267133][2267139][info ] Application time: 1.0000679 seconds
[2021-07-20T12:47:50.030+0000][525.492s][2267133][2267139][info ] Entering safepoint region: Cleanup
[2021-07-20T12:47:50.030+0000][525.492s][2267133][2267139][info ] Leaving safepoint region
[2021-07-20T12:47:50.030+0000][525.492s][2267133][2267139][info ] Total time for which application threads were stopped: 0.0003855 seconds, Stopping threads took: 0.0000905 seconds
[2021-07-20T12:47:51.030+0000][526.492s][2267133][2267139][info ] Application time: 1.0000625 seconds
[2021-07-20T12:47:51.030+0000][526.493s][2267133][2267139][info ] Entering safepoint region: Cleanup
[2021-07-20T12:47:51.030+0000][526.493s][2267133][2267139][info ] Leaving safepoint region
[2021-07-20T12:47:51.030+0000][526.493s][2267133][2267139][info ] Total time for which application threads were stopped: 0.0003758 seconds, Stopping threads took: 0.0000771 seconds
[2021-07-20T12:47:52.030+0000][527.493s][2267133][2267139][info ] Application time: 1.0000416 seconds
[2021-07-20T12:47:52.031+0000][527.493s][2267133][2267139][info ] Entering safepoint region: Cleanup
[2021-07-20T12:47:52.031+0000][527.493s][2267133][2267139][info ] Leaving safepoint region
[2021-07-20T12:47:52.031+0000][527.493s][2267133][2267139][info ] Total time for which application threads were stopped: 0.0003844 seconds, Stopping threads took: 0.0000974 seconds
[2021-07-20T12:47:53.031+0000][528.493s][2267133][2267139][info ] Application time: 1.0000154 seconds
[2021-07-20T12:47:53.031+0000][528.493s][2267133][2267139][info ] Entering safepoint region: Cleanup
[2021-07-20T12:47:53.031+0000][528.494s][2267133][2267139][info ] Leaving safepoint region
[2021-07-20T12:47:53.031+0000][528.494s][2267133][2267139][info ] Total time for which application threads were stopped: 0.0003979 seconds, Stopping threads took: 0.0000942 seconds
[2021-07-20T12:47:54.031+0000][529.494s][2267133][2267139][info ] Application time: 1.0000667 seconds
[2021-07-20T12:47:54.031+0000][529.494s][2267133][2267139][info ] Entering safepoint region: Cleanup
[2021-07-20T12:47:54.032+0000][529.494s][2267133][2267139][info ] Leaving safepoint region
[2021-07-20T12:47:54.032+0000][529.494s][2267133][2267139][info ] Total time for which application threads were stopped: 0.0003833 seconds, Stopping threads took: 0.0000917 seconds
[2021-07-20T12:47:54.780+0000][530.242s][2267133][2267139][info ] Application time: 0.7478247 seconds
[2021-07-20T12:47:54.780+0000][530.242s][2267133][2267139][info ] Entering safepoint region: ParallelGCFailedAllocation
[2021-07-20T12:47:54.780+0000][530.242s][2267133][2267139][debug] GC(123) Heap before GC invocations=124 (full 3): PSYoungGen      total 2791936K, used 2791072K [0x0000000755580000, 0x0000000800000000, 0x0000000800000000)
[2021-07-20T12:47:54.780+0000][530.242s][2267133][2267139][debug] GC(123)   eden space 2787840K, 100% used [0x0000000755580000,0x00000007ff800000,0x00000007ff800000)
[2021-07-20T12:47:54.780+0000][530.242s][2267133][2267139][debug] GC(123)   from space 4096K, 78% used [0x00000007ffc00000,0x00000007fff28000,0x0000000800000000)
[2021-07-20T12:47:54.780+0000][530.243s][2267133][2267139][debug] GC(123)   to   space 4096K, 0% used [0x00000007ff800000,0x00000007ff800000,0x00000007ffc00000)
[2021-07-20T12:47:54.780+0000][530.243s][2267133][2267139][debug] GC(123)  ParOldGen       total 5592576K, used 3770289K [0x0000000600000000, 0x0000000755580000, 0x0000000755580000)
[2021-07-20T12:47:54.780+0000][530.243s][2267133][2267139][debug] GC(123)   object space 5592576K, 67% used [0x0000000600000000,0x00000006e61ec700,0x0000000755580000)
[2021-07-20T12:47:54.780+0000][530.243s][2267133][2267139][debug] GC(123)  Metaspace       used 59147K, capacity 60757K, committed 61104K, reserved 1101824K
[2021-07-20T12:47:54.780+0000][530.243s][2267133][2267139][debug] GC(123)   class space    used 7122K, capacity 7803K, committed 7936K, reserved 1048576K
[2021-07-20T12:47:54.805+0000][530.267s][2267133][2267139][debug] GC(123) Desired survivor size 4194304 bytes, new threshold 1 (max threshold 15)
[2021-07-20T12:47:54.805+0000][530.267s][2267133][2267139][info ] GC(123) PSYoungGen: 2791072K->3104K(2791936K)
[2021-07-20T12:47:54.805+0000][530.267s][2267133][2267139][info ] GC(123) ParOldGen: 3770289K->3771761K(5592576K)
[2021-07-20T12:47:54.805+0000][530.267s][2267133][2267139][info ] GC(123) Pause Young (Allocation Failure) 6407M->3686M(8188M) 24.792ms
[2021-07-20T12:47:54.805+0000][530.267s][2267133][2267139][debug] GC(123) Heap after GC invocations=124 (full 3): PSYoungGen      total 2791936K, used 3104K [0x0000000755580000, 0x0000000800000000, 0x0000000800000000)
[2021-07-20T12:47:54.805+0000][530.267s][2267133][2267139][debug] GC(123)   eden space 2787840K, 0% used [0x0000000755580000,0x0000000755580000,0x00000007ff800000)
[2021-07-20T12:47:54.805+0000][530.267s][2267133][2267139][debug] GC(123)   from space 4096K, 75% used [0x00000007ff800000,0x00000007ffb08000,0x00000007ffc00000)
[2021-07-20T12:47:54.805+0000][530.267s][2267133][2267139][debug] GC(123)   to   space 4096K, 0% used [0x00000007ffc00000,0x00000007ffc00000,0x0000000800000000)
[2021-07-20T12:47:54.805+0000][530.267s][2267133][2267139][debug] GC(123)  ParOldGen       total 5592576K, used 3771761K [0x0000000600000000, 0x0000000755580000, 0x0000000755580000)
[2021-07-20T12:47:54.805+0000][530.267s][2267133][2267139][debug] GC(123)   object space 5592576K, 67% used [0x0000000600000000,0x00000006e635c700,0x0000000755580000)
[2021-07-20T12:47:54.805+0000][530.267s][2267133][2267139][debug] GC(123)  Metaspace       used 59147K, capacity 60757K, committed 61104K, reserved 1101824K
[2021-07-20T12:47:54.805+0000][530.267s][2267133][2267139][debug] GC(123)   class space    used 7122K, capacity 7803K, committed 7936K, reserved 1048576K
[2021-07-20T12:47:54.805+0000][530.268s][2267133][2267139][info ] Leaving safepoint region
[2021-07-20T12:47:54.805+0000][530.268s][2267133][2267139][info ] Total time for which application threads were stopped: 0.0254176 seconds, Stopping threads took: 0.0000794 seconds
[2021-07-20T12:47:55.805+0000][531.268s][2267133][2267139][info ] Application time: 1.0000274 seconds
[2021-07-20T12:47:55.805+0000][531.268s][2267133][2267139][info ] Entering safepoint region: Cleanup
[2021-07-20T12:47:55.806+0000][531.268s][2267133][2267139][info ] Leaving safepoint region
[2021-07-20T12:47:55.806+0000][531.268s][2267133][2267139][info ] Total time for which application threads were stopped: 0.0003960 seconds, Stopping threads took: 0.0000891 seconds
[2021-07-20T12:47:56.806+0000][532.268s][2267133][2267139][info ] Application time: 1.0000642 seconds
[2021-07-20T12:47:56.806+0000][532.268s][2267133][2267139][info ] Entering safepoint region: Cleanup
[2021-07-20T12:47:56.806+0000][532.268s][2267133][2267139][info ] Leaving safepoint region
[2021-07-20T12:47:56.806+0000][532.269s][2267133][2267139][info ] Total time for which application threads were stopped: 0.0003791 seconds, Stopping threads took: 0.0000920 seconds
[2021-07-20T12:47:57.806+0000][533.269s][2267133][2267139][info ] Application time: 1.0000653 seconds
[2021-07-20T12:47:57.806+0000][533.269s][2267133][2267139][info ] Entering safepoint region: Cleanup
[2021-07-20T12:47:57.807+0000][533.269s][2267133][2267139][info ] Leaving safepoint region
[2021-07-20T12:47:57.807+0000][533.269s][2267133][2267139][info ] Total time for which application threads were stopped: 0.0004046 seconds, Stopping threads took: 0.0001066 seconds
[2021-07-20T12:47:58.807+0000][534.269s][2267133][2267139][info ] Application time: 1.0000661 seconds
[2021-07-20T12:47:58.807+0000][534.269s][2267133][2267139][info ] Entering safepoint region: Cleanup
[2021-07-20T12:47:58.807+0000][534.270s][2267133][2267139][info ] Leaving safepoint region
[2021-07-20T12:47:58.807+0000][534.270s][2267133][2267139][info ] Total time for which application threads were stopped: 0.0003907 seconds, Stopping threads took: 0.0000945 seconds
[2021-07-20T12:47:59.807+0000][535.270s][2267133][2267139][info ] Application time: 1.0000712 seconds
[2021-07-20T12:47:59.807+0000][535.270s][2267133][2267139][info ] Entering safepoint region: Cleanup
[2021-07-20T12:47:59.808+0000][535.270s][2267133][2267139][info ] Leaving safepoint region
[2021-07-20T12:47:59.808+0000][535.270s][2267133][2267139][info ] Total time for which application threads were stopped: 0.0003939 seconds, Stopping threads took: 0.0000978 seconds
[2021-07-20T12:48:02.536+0000][537.998s][2267133][2267139][info ] Application time: 2.7279616 seconds
[2021-07-20T12:48:02.536+0000][537.998s][2267133][2267139][info ] Entering safepoint region: ParallelGCFailedAllocation
[2021-07-20T12:48:02.536+0000][537.998s][2267133][2267139][debug] GC(124) Heap before GC invocations=125 (full 3): PSYoungGen      total 2791936K, used 2790944K [0x0000000755580000, 0x0000000800000000, 0x0000000800000000)
[2021-07-20T12:48:02.536+0000][537.998s][2267133][2267139][debug] GC(124)   eden space 2787840K, 100% used [0x0000000755580000,0x00000007ff800000,0x00000007ff800000)
[2021-07-20T12:48:02.536+0000][537.998s][2267133][2267139][debug] GC(124)   from space 4096K, 75% used [0x00000007ff800000,0x00000007ffb08000,0x00000007ffc00000)
[2021-07-20T12:48:02.536+0000][537.998s][2267133][2267139][debug] GC(124)   to   space 4096K, 0% used [0x00000007ffc00000,0x00000007ffc00000,0x0000000800000000)
[2021-07-20T12:48:02.536+0000][537.998s][2267133][2267139][debug] GC(124)  ParOldGen       total 5592576K, used 3771761K [0x0000000600000000, 0x0000000755580000, 0x0000000755580000)
[2021-07-20T12:48:02.536+0000][537.998s][2267133][2267139][debug] GC(124)   object space 5592576K, 67% used [0x0000000600000000,0x00000006e635c700,0x0000000755580000)
[2021-07-20T12:48:02.536+0000][537.998s][2267133][2267139][debug] GC(124)  Metaspace       used 59147K, capacity 60757K, committed 61104K, reserved 1101824K
[2021-07-20T12:48:02.536+0000][537.998s][2267133][2267139][debug] GC(124)   class space    used 7122K, capacity 7803K, committed 7936K, reserved 1048576K
[2021-07-20T12:48:02.561+0000][538.023s][2267133][2267139][debug] GC(124) Desired survivor size 4194304 bytes, new threshold 1 (max threshold 15)
[2021-07-20T12:48:02.561+0000][538.023s][2267133][2267139][info ] GC(124) PSYoungGen: 2790944K->3200K(2791936K)
[2021-07-20T12:48:02.561+0000][538.023s][2267133][2267139][info ] GC(124) ParOldGen: 3771761K->3773121K(5592576K)
[2021-07-20T12:48:02.561+0000][538.023s][2267133][2267139][info ] GC(124) Pause Young (Allocation Failure) 6408M->3687M(8188M) 24.720ms
[2021-07-20T12:48:02.561+0000][538.023s][2267133][2267139][debug] GC(124) Heap after GC invocations=125 (full 3): PSYoungGen      total 2791936K, used 3200K [0x0000000755580000, 0x0000000800000000, 0x0000000800000000)
[2021-07-20T12:48:02.561+0000][538.023s][2267133][2267139][debug] GC(124)   eden space 2787840K, 0% used [0x0000000755580000,0x0000000755580000,0x00000007ff800000)
[2021-07-20T12:48:02.561+0000][538.023s][2267133][2267139][debug] GC(124)   from space 4096K, 78% used [0x00000007ffc00000,0x00000007fff20000,0x0000000800000000)
[2021-07-20T12:48:02.561+0000][538.023s][2267133][2267139][debug] GC(124)   to   space 4096K, 0% used [0x00000007ff800000,0x00000007ff800000,0x00000007ffc00000)
[2021-07-20T12:48:02.561+0000][538.023s][2267133][2267139][debug] GC(124)  ParOldGen       total 5592576K, used 3773121K [0x0000000600000000, 0x0000000755580000, 0x0000000755580000)
[2021-07-20T12:48:02.561+0000][538.023s][2267133][2267139][debug] GC(124)   object space 5592576K, 67% used [0x0000000600000000,0x00000006e64b0700,0x0000000755580000)
[2021-07-20T12:48:02.561+0000][538.023s][2267133][2267139][debug] GC(124)  Metaspace       used 59147K, capacity 60757K, committed 61104K, reserved 1101824K
[2021-07-20T12:48:02.561+0000][538.023s][2267133][2267139][debug] GC(124)   class space    used 7122K, capacity 7803K, committed 7936K, reserved 1048576K
[2021-07-20T12:48:02.561+0000][538.023s][2267133][2267139][info ] Leaving safepoint region
[2021-07-20T12:48:02.561+0000][538.023s][2267133][2267139][info ] Total time for which application threads were stopped: 0.0253736 seconds, Stopping threads took: 0.0000899 seconds
[2021-07-20T12:48:10.317+0000][545.780s][2267133][2267139][info ] Application time: 7.7560635 seconds
[2021-07-20T12:48:10.317+0000][545.780s][2267133][2267139][info ] Entering safepoint region: ParallelGCFailedAllocation
[2021-07-20T12:48:10.317+0000][545.780s][2267133][2267139][debug] GC(125) Heap before GC invocations=126 (full 3): PSYoungGen      total 2791936K, used 2791040K [0x0000000755580000, 0x0000000800000000, 0x0000000800000000)
[2021-07-20T12:48:10.317+0000][545.780s][2267133][2267139][debug] GC(125)   eden space 2787840K, 100% used [0x0000000755580000,0x00000007ff800000,0x00000007ff800000)
[2021-07-20T12:48:10.317+0000][545.780s][2267133][2267139][debug] GC(125)   from space 4096K, 78% used [0x00000007ffc00000,0x00000007fff20000,0x0000000800000000)
[2021-07-20T12:48:10.317+0000][545.780s][2267133][2267139][debug] GC(125)   to   space 4096K, 0% used [0x00000007ff800000,0x00000007ff800000,0x00000007ffc00000)
[2021-07-20T12:48:10.318+0000][545.780s][2267133][2267139][debug] GC(125)  ParOldGen       total 5592576K, used 3773121K [0x0000000600000000, 0x0000000755580000, 0x0000000755580000)
[2021-07-20T12:48:10.318+0000][545.780s][2267133][2267139][debug] GC(125)   object space 5592576K, 67% used [0x0000000600000000,0x00000006e64b0700,0x0000000755580000)
[2021-07-20T12:48:10.318+0000][545.780s][2267133][2267139][debug] GC(125)  Metaspace       used 59147K, capacity 60757K, committed 61104K, reserved 1101824K
[2021-07-20T12:48:10.318+0000][545.780s][2267133][2267139][debug] GC(125)   class space    used 7122K, capacity 7803K, committed 7936K, reserved 1048576K
[2021-07-20T12:48:10.343+0000][545.805s][2267133][2267139][debug] GC(125) Desired survivor size 4194304 bytes, new threshold 1 (max threshold 15)
[2021-07-20T12:48:10.343+0000][545.806s][2267133][2267139][info ] GC(125) PSYoungGen: 2791040K->3168K(2791936K)
[2021-07-20T12:48:10.343+0000][545.806s][2267133][2267139][info ] GC(125) ParOldGen: 3773121K->3774417K(5592576K)
[2021-07-20T12:48:10.343+0000][545.806s][2267133][2267139][info ] GC(125) Pause Young (Allocation Failure) 6410M->3689M(8188M) 25.539ms
[2021-07-20T12:48:10.343+0000][545.806s][2267133][2267139][debug] GC(125) Heap after GC invocations=126 (full 3): PSYoungGen      total 2791936K, used 3168K [0x0000000755580000, 0x0000000800000000, 0x0000000800000000)
[2021-07-20T12:48:10.343+0000][545.806s][2267133][2267139][debug] GC(125)   eden space 2787840K, 0% used [0x0000000755580000,0x0000000755580000,0x00000007ff800000)
[2021-07-20T12:48:10.343+0000][545.806s][2267133][2267139][debug] GC(125)   from space 4096K, 77% used [0x00000007ff800000,0x00000007ffb18000,0x00000007ffc00000)
[2021-07-20T12:48:10.343+0000][545.806s][2267133][2267139][debug] GC(125)   to   space 4096K, 0% used [0x00000007ffc00000,0x00000007ffc00000,0x0000000800000000)
[2021-07-20T12:48:10.343+0000][545.806s][2267133][2267139][debug] GC(125)  ParOldGen       total 5592576K, used 3774417K [0x0000000600000000, 0x0000000755580000, 0x0000000755580000)
[2021-07-20T12:48:10.343+0000][545.806s][2267133][2267139][debug] GC(125)   object space 5592576K, 67% used [0x0000000600000000,0x00000006e65f4700,0x0000000755580000)
[2021-07-20T12:48:10.343+0000][545.806s][2267133][2267139][debug] GC(125)  Metaspace       used 59147K, capacity 60757K, committed 61104K, reserved 1101824K
[2021-07-20T12:48:10.343+0000][545.806s][2267133][2267139][debug] GC(125)   class space    used 7122K, capacity 7803K, committed 7936K, reserved 1048576K
[2021-07-20T12:48:10.343+0000][545.806s][2267133][2267139][info ] Leaving safepoint region
[2021-07-20T12:48:10.343+0000][545.806s][2267133][2267139][info ] Total time for which application threads were stopped: 0.0262114 seconds, Stopping threads took: 0.0000972 seconds
