[0.003s][info][gc,init] CardTable entry size: 512
[0.003s][info][gc     ] Using G1
[0.006s][info][gc,init] Version: 21+35-LTS (release)
[0.006s][info][gc,init] CPUs: 12 total, 12 available
[0.006s][info][gc,init] Memory: 65536M
[0.006s][info][gc,init] Large Page Support: Disabled
[0.006s][info][gc,init] NUMA Support: Disabled
[0.006s][info][gc,init] Compressed Oops: Enabled (Zero based)
[0.006s][info][gc,init] Heap Region Size: 4M
[0.006s][info][gc,init] Heap Min Capacity: 8G
[0.006s][info][gc,init] Heap Initial Capacity: 8G
[0.006s][info][gc,init] Heap Max Capacity: 8G
[0.006s][info][gc,init] Pre-touch: Disabled
[0.006s][info][gc,init] Parallel Workers: 10
[0.006s][info][gc,init] Concurrent Workers: 3
[0.006s][info][gc,init] Concurrent Refinement Workers: 10
[0.006s][info][gc,init] Periodic GC: Disabled
[0.010s][info][gc,metaspace] CDS archive(s) mapped at: [0x000000c000000000-0x000000c000ca4000-0x000000c000ca4000), size 13254656, SharedBaseAddress: 0x000000c000000000, ArchiveRelocationMode: 1.
[0.010s][info][gc,metaspace] Compressed class space mapped at: 0x000000c001000000-0x000000c041000000, reserved size: 1073741824
[0.010s][info][gc,metaspace] Narrow klass base: 0x000000c000000000, Narrow klass shift: 0, Narrow klass range: 0x100000000
[0.021s][info][gc,start    ] GC(0) Pause Full (System.gc())
[0.021s][info][gc,task     ] GC(0) Using 3 workers of 10 for full compaction
[0.021s][info][gc,phases,start] GC(0) Phase 1: Mark live objects
[0.021s][info][gc,phases      ] GC(0) Phase 1: Mark live objects 0.410ms
[0.021s][info][gc,phases,start] GC(0) Phase 2: Prepare compaction
[0.021s][info][gc,phases      ] GC(0) Phase 2: Prepare compaction 0.194ms
[0.021s][info][gc,phases,start] GC(0) Phase 3: Adjust pointers
[0.022s][info][gc,phases      ] GC(0) Phase 3: Adjust pointers 0.256ms
[0.022s][info][gc,phases,start] GC(0) Phase 4: Compact heap
[0.022s][info][gc,phases      ] GC(0) Phase 4: Compact heap 0.360ms
[0.022s][info][gc,phases,start] GC(0) Phase 5: Reset Metadata
[0.022s][info][gc,phases      ] GC(0) Phase 5: Reset Metadata 0.489ms
[0.030s][info][gc,heap        ] GC(0) Eden regions: 2->0(102)
[0.030s][info][gc,heap        ] GC(0) Survivor regions: 0->0(0)
[0.030s][info][gc,heap        ] GC(0) Old regions: 1->3
[0.030s][info][gc,heap        ] GC(0) Humongous regions: 0->0
[0.030s][info][gc,metaspace   ] GC(0) Metaspace: 335K(512K)->335K(512K) NonClass: 302K(384K)->302K(384K) Class: 33K(128K)->33K(128K)
[0.030s][info][gc             ] GC(0) Pause Full (System.gc()) 5M->1M(8192M) 9.599ms
[0.030s][info][gc,cpu         ] GC(0) User=0.00s Sys=0.02s Real=0.01s
[0.488s][info][gc,start       ] GC(1) Pause Full (System.gc())
[0.488s][info][gc,task        ] GC(1) Using 4 workers of 10 for full compaction
[0.489s][info][gc,phases,start] GC(1) Phase 1: Mark live objects
[0.490s][info][gc,phases      ] GC(1) Phase 1: Mark live objects 1.604ms
[0.490s][info][gc,phases,start] GC(1) Phase 2: Prepare compaction
[0.491s][info][gc,phases      ] GC(1) Phase 2: Prepare compaction 0.415ms
[0.491s][info][gc,phases,start] GC(1) Phase 3: Adjust pointers
[0.492s][info][gc,phases      ] GC(1) Phase 3: Adjust pointers 0.834ms
[0.492s][info][gc,phases,start] GC(1) Phase 4: Compact heap
[0.492s][info][gc,phases      ] GC(1) Phase 4: Compact heap 0.476ms
[0.492s][info][gc,phases,start] GC(1) Phase 5: Reset Metadata
[0.493s][info][gc,phases      ] GC(1) Phase 5: Reset Metadata 0.995ms
[0.499s][info][gc,heap        ] GC(1) Eden regions: 1->0(102)
[0.499s][info][gc,heap        ] GC(1) Survivor regions: 0->0(0)
[0.499s][info][gc,heap        ] GC(1) Old regions: 3->4
[0.499s][info][gc,heap        ] GC(1) Humongous regions: 0->0
[0.499s][info][gc,metaspace   ] GC(1) Metaspace: 353K(512K)->352K(512K) NonClass: 315K(384K)->315K(384K) Class: 37K(128K)->36K(128K)
[0.499s][info][gc             ] GC(1) Pause Full (System.gc()) 3M->1M(8192M) 11.280ms
[0.499s][info][gc,cpu         ] GC(1) User=0.03s Sys=0.00s Real=0.01s
[0.955s][info][gc,start       ] GC(2) Pause Full (System.gc())
[0.955s][info][gc,task        ] GC(2) Using 5 workers of 10 for full compaction
[0.955s][info][gc,phases,start] GC(2) Phase 1: Mark live objects
[0.956s][info][gc,phases      ] GC(2) Phase 1: Mark live objects 1.205ms
[0.956s][info][gc,phases,start] GC(2) Phase 2: Prepare compaction
[0.957s][info][gc,phases      ] GC(2) Phase 2: Prepare compaction 0.394ms
[0.957s][info][gc,phases,start] GC(2) Phase 3: Adjust pointers
[0.958s][info][gc,phases      ] GC(2) Phase 3: Adjust pointers 0.699ms
[0.958s][info][gc,phases,start] GC(2) Phase 4: Compact heap
[0.958s][info][gc,phases      ] GC(2) Phase 4: Compact heap 0.294ms
[0.958s][info][gc,phases,start] GC(2) Phase 5: Reset Metadata
[0.959s][info][gc,phases      ] GC(2) Phase 5: Reset Metadata 1.414ms
[0.965s][info][gc,heap        ] GC(2) Eden regions: 1->0(102)
[0.965s][info][gc,heap        ] GC(2) Survivor regions: 0->0(0)
[0.965s][info][gc,heap        ] GC(2) Old regions: 4->4
[0.965s][info][gc,heap        ] GC(2) Humongous regions: 0->0
[0.965s][info][gc,metaspace   ] GC(2) Metaspace: 357K(512K)->357K(512K) NonClass: 319K(384K)->319K(384K) Class: 38K(128K)->38K(128K)
[0.965s][info][gc             ] GC(2) Pause Full (System.gc()) 3M->1M(8192M) 9.972ms
[0.965s][info][gc,cpu         ] GC(2) User=0.03s Sys=0.01s Real=0.01s
[1.421s][info][gc,start       ] GC(3) Pause Full (System.gc())
[1.422s][info][gc,task        ] GC(3) Using 5 workers of 10 for full compaction
[1.422s][info][gc,phases,start] GC(3) Phase 1: Mark live objects
[1.423s][info][gc,phases      ] GC(3) Phase 1: Mark live objects 1.445ms
[1.423s][info][gc,phases,start] GC(3) Phase 2: Prepare compaction
[1.424s][info][gc,phases      ] GC(3) Phase 2: Prepare compaction 0.426ms
[1.424s][info][gc,phases,start] GC(3) Phase 3: Adjust pointers
[1.424s][info][gc,phases      ] GC(3) Phase 3: Adjust pointers 0.746ms
[1.425s][info][gc,phases,start] GC(3) Phase 4: Compact heap
[1.425s][info][gc,phases      ] GC(3) Phase 4: Compact heap 0.582ms
[1.425s][info][gc,phases,start] GC(3) Phase 5: Reset Metadata
[1.426s][info][gc,phases      ] GC(3) Phase 5: Reset Metadata 1.158ms
[1.433s][info][gc,heap        ] GC(3) Eden regions: 1->0(102)
[1.433s][info][gc,heap        ] GC(3) Survivor regions: 0->0(0)
[1.433s][info][gc,heap        ] GC(3) Old regions: 4->4
[1.433s][info][gc,heap        ] GC(3) Humongous regions: 0->0
[1.433s][info][gc,metaspace   ] GC(3) Metaspace: 363K(512K)->363K(512K) NonClass: 323K(384K)->323K(384K) Class: 40K(128K)->40K(128K)
[1.433s][info][gc             ] GC(3) Pause Full (System.gc()) 3M->1M(8192M) 11.406ms
[1.433s][info][gc,cpu         ] GC(3) User=0.03s Sys=0.00s Real=0.01s
[1.886s][info][gc,start       ] GC(4) Pause Full (System.gc())
[1.886s][info][gc,task        ] GC(4) Using 5 workers of 10 for full compaction
[1.886s][info][gc,phases,start] GC(4) Phase 1: Mark live objects
[1.887s][info][gc,phases      ] GC(4) Phase 1: Mark live objects 1.146ms
[1.887s][info][gc,phases,start] GC(4) Phase 2: Prepare compaction
[1.888s][info][gc,phases      ] GC(4) Phase 2: Prepare compaction 0.543ms
[1.888s][info][gc,phases,start] GC(4) Phase 3: Adjust pointers
[1.889s][info][gc,phases      ] GC(4) Phase 3: Adjust pointers 0.808ms
[1.889s][info][gc,phases,start] GC(4) Phase 4: Compact heap
[1.889s][info][gc,phases      ] GC(4) Phase 4: Compact heap 0.438ms
[1.889s][info][gc,phases,start] GC(4) Phase 5: Reset Metadata
[1.890s][info][gc,phases      ] GC(4) Phase 5: Reset Metadata 0.621ms
[1.894s][info][gc,heap        ] GC(4) Eden regions: 1->0(102)
[1.894s][info][gc,heap        ] GC(4) Survivor regions: 0->0(0)
[1.894s][info][gc,heap        ] GC(4) Old regions: 4->4
[1.894s][info][gc,heap        ] GC(4) Humongous regions: 0->0
[1.894s][info][gc,metaspace   ] GC(4) Metaspace: 368K(512K)->356K(512K) NonClass: 326K(384K)->317K(384K) Class: 41K(128K)->38K(128K)
[1.894s][info][gc             ] GC(4) Pause Full (System.gc()) 3M->1M(8192M) 8.127ms
[1.894s][info][gc,cpu         ] GC(4) User=0.03s Sys=0.01s Real=0.01s
[2.352s][info][gc,start       ] GC(5) Pause Full (System.gc())
[2.352s][info][gc,task        ] GC(5) Using 5 workers of 10 for full compaction
[2.352s][info][gc,phases,start] GC(5) Phase 1: Mark live objects
[2.353s][info][gc,phases      ] GC(5) Phase 1: Mark live objects 1.466ms
[2.353s][info][gc,phases,start] GC(5) Phase 2: Prepare compaction
[2.354s][info][gc,phases      ] GC(5) Phase 2: Prepare compaction 0.366ms
[2.354s][info][gc,phases,start] GC(5) Phase 3: Adjust pointers
[2.354s][info][gc,phases      ] GC(5) Phase 3: Adjust pointers 0.527ms
[2.354s][info][gc,phases,start] GC(5) Phase 4: Compact heap
[2.355s][info][gc,phases      ] GC(5) Phase 4: Compact heap 0.273ms
[2.355s][info][gc,phases,start] GC(5) Phase 5: Reset Metadata
[2.356s][info][gc,phases      ] GC(5) Phase 5: Reset Metadata 1.261ms
[2.362s][info][gc,heap        ] GC(5) Eden regions: 1->0(102)
[2.362s][info][gc,heap        ] GC(5) Survivor regions: 0->0(0)
[2.362s][info][gc,heap        ] GC(5) Old regions: 4->4
[2.362s][info][gc,heap        ] GC(5) Humongous regions: 0->0
[2.362s][info][gc,metaspace   ] GC(5) Metaspace: 361K(512K)->358K(512K) NonClass: 321K(384K)->318K(384K) Class: 40K(128K)->39K(128K)
[2.362s][info][gc             ] GC(5) Pause Full (System.gc()) 3M->1M(8192M) 10.420ms
[2.362s][info][gc,cpu         ] GC(5) User=0.03s Sys=0.00s Real=0.01s
[2.820s][info][gc,start       ] GC(6) Pause Full (System.gc())
[2.820s][info][gc,task        ] GC(6) Using 5 workers of 10 for full compaction
[2.820s][info][gc,phases,start] GC(6) Phase 1: Mark live objects
[2.822s][info][gc,phases      ] GC(6) Phase 1: Mark live objects 1.527ms
[2.822s][info][gc,phases,start] GC(6) Phase 2: Prepare compaction
[2.822s][info][gc,phases      ] GC(6) Phase 2: Prepare compaction 0.428ms
[2.822s][info][gc,phases,start] GC(6) Phase 3: Adjust pointers
[2.823s][info][gc,phases      ] GC(6) Phase 3: Adjust pointers 0.640ms
[2.823s][info][gc,phases,start] GC(6) Phase 4: Compact heap
[2.823s][info][gc,phases      ] GC(6) Phase 4: Compact heap 0.327ms
[2.823s][info][gc,phases,start] GC(6) Phase 5: Reset Metadata
[2.824s][info][gc,phases      ] GC(6) Phase 5: Reset Metadata 1.372ms
[2.829s][info][gc,heap        ] GC(6) Eden regions: 1->0(102)
[2.829s][info][gc,heap        ] GC(6) Survivor regions: 0->0(0)
[2.829s][info][gc,heap        ] GC(6) Old regions: 4->4
[2.829s][info][gc,heap        ] GC(6) Humongous regions: 0->0
[2.829s][info][gc,metaspace   ] GC(6) Metaspace: 363K(512K)->363K(512K) NonClass: 322K(384K)->322K(384K) Class: 40K(128K)->40K(128K)
[2.829s][info][gc             ] GC(6) Pause Full (System.gc()) 3M->1M(8192M) 9.403ms
[2.829s][info][gc,cpu         ] GC(6) User=0.04s Sys=0.00s Real=0.01s
[3.287s][info][gc,start       ] GC(7) Pause Full (System.gc())
[3.287s][info][gc,task        ] GC(7) Using 5 workers of 10 for full compaction
[3.287s][info][gc,phases,start] GC(7) Phase 1: Mark live objects
[3.289s][info][gc,phases      ] GC(7) Phase 1: Mark live objects 1.464ms
[3.289s][info][gc,phases,start] GC(7) Phase 2: Prepare compaction
[3.289s][info][gc,phases      ] GC(7) Phase 2: Prepare compaction 0.377ms
[3.289s][info][gc,phases,start] GC(7) Phase 3: Adjust pointers
[3.290s][info][gc,phases      ] GC(7) Phase 3: Adjust pointers 0.540ms
[3.290s][info][gc,phases,start] GC(7) Phase 4: Compact heap
[3.290s][info][gc,phases      ] GC(7) Phase 4: Compact heap 0.286ms
[3.290s][info][gc,phases,start] GC(7) Phase 5: Reset Metadata
[3.291s][info][gc,phases      ] GC(7) Phase 5: Reset Metadata 1.117ms
[3.297s][info][gc,heap        ] GC(7) Eden regions: 1->0(102)
[3.297s][info][gc,heap        ] GC(7) Survivor regions: 0->0(0)
[3.297s][info][gc,heap        ] GC(7) Old regions: 4->4
[3.297s][info][gc,heap        ] GC(7) Humongous regions: 0->0
[3.297s][info][gc,metaspace   ] GC(7) Metaspace: 368K(512K)->368K(512K) NonClass: 325K(384K)->325K(384K) Class: 42K(128K)->42K(128K)
[3.297s][info][gc             ] GC(7) Pause Full (System.gc()) 3M->1M(8192M) 10.454ms
[3.297s][info][gc,cpu         ] GC(7) User=0.03s Sys=0.00s Real=0.01s
[3.754s][info][gc,start       ] GC(8) Pause Full (System.gc())
[3.754s][info][gc,task        ] GC(8) Using 5 workers of 10 for full compaction
[3.754s][info][gc,phases,start] GC(8) Phase 1: Mark live objects
[3.755s][info][gc,phases      ] GC(8) Phase 1: Mark live objects 1.341ms
[3.755s][info][gc,phases,start] GC(8) Phase 2: Prepare compaction
[3.756s][info][gc,phases      ] GC(8) Phase 2: Prepare compaction 0.441ms
[3.756s][info][gc,phases,start] GC(8) Phase 3: Adjust pointers
[3.757s][info][gc,phases      ] GC(8) Phase 3: Adjust pointers 0.653ms
[3.757s][info][gc,phases,start] GC(8) Phase 4: Compact heap
[3.757s][info][gc,phases      ] GC(8) Phase 4: Compact heap 0.300ms
[3.757s][info][gc,phases,start] GC(8) Phase 5: Reset Metadata
[3.758s][info][gc,phases      ] GC(8) Phase 5: Reset Metadata 1.328ms
[3.764s][info][gc,heap        ] GC(8) Eden regions: 1->0(102)
[3.764s][info][gc,heap        ] GC(8) Survivor regions: 0->0(0)
[3.764s][info][gc,heap        ] GC(8) Old regions: 4->4
[3.764s][info][gc,heap        ] GC(8) Humongous regions: 0->0
[3.764s][info][gc,metaspace   ] GC(8) Metaspace: 375K(576K)->375K(576K) NonClass: 330K(448K)->330K(448K) Class: 44K(128K)->44K(128K)
[3.764s][info][gc             ] GC(8) Pause Full (System.gc()) 3M->1M(8192M) 10.688ms
[3.764s][info][gc,cpu         ] GC(8) User=0.04s Sys=0.00s Real=0.01s
[4.222s][info][gc,start       ] GC(9) Pause Full (System.gc())
[4.222s][info][gc,task        ] GC(9) Using 5 workers of 10 for full compaction
[4.222s][info][gc,phases,start] GC(9) Phase 1: Mark live objects
[4.224s][info][gc,phases      ] GC(9) Phase 1: Mark live objects 1.715ms
[4.224s][info][gc,phases,start] GC(9) Phase 2: Prepare compaction
[4.224s][info][gc,phases      ] GC(9) Phase 2: Prepare compaction 0.449ms
[4.224s][info][gc,phases,start] GC(9) Phase 3: Adjust pointers
[4.225s][info][gc,phases      ] GC(9) Phase 3: Adjust pointers 0.575ms
[4.225s][info][gc,phases,start] GC(9) Phase 4: Compact heap
[4.225s][info][gc,phases      ] GC(9) Phase 4: Compact heap 0.294ms
[4.225s][info][gc,phases,start] GC(9) Phase 5: Reset Metadata
[4.227s][info][gc,phases      ] GC(9) Phase 5: Reset Metadata 1.357ms
[4.232s][info][gc,heap        ] GC(9) Eden regions: 1->0(102)
[4.232s][info][gc,heap        ] GC(9) Survivor regions: 0->0(0)
[4.232s][info][gc,heap        ] GC(9) Old regions: 4->4
[4.232s][info][gc,heap        ] GC(9) Humongous regions: 0->0
[4.232s][info][gc,metaspace   ] GC(9) Metaspace: 380K(576K)->360K(576K) NonClass: 334K(448K)->323K(448K) Class: 46K(128K)->37K(128K)
[4.232s][info][gc             ] GC(9) Pause Full (System.gc()) 3M->1M(8192M) 9.877ms
[4.232s][info][gc,cpu         ] GC(9) User=0.03s Sys=0.00s Real=0.01s
[4.688s][info][gc,start       ] GC(10) Pause Full (System.gc())
[4.689s][info][gc,task        ] GC(10) Using 5 workers of 10 for full compaction
[4.689s][info][gc,phases,start] GC(10) Phase 1: Mark live objects
[4.690s][info][gc,phases      ] GC(10) Phase 1: Mark live objects 1.432ms
[4.690s][info][gc,phases,start] GC(10) Phase 2: Prepare compaction
[4.691s][info][gc,phases      ] GC(10) Phase 2: Prepare compaction 0.480ms
[4.691s][info][gc,phases,start] GC(10) Phase 3: Adjust pointers
[4.691s][info][gc,phases      ] GC(10) Phase 3: Adjust pointers 0.556ms
[4.691s][info][gc,phases,start] GC(10) Phase 4: Compact heap
[4.692s][info][gc,phases      ] GC(10) Phase 4: Compact heap 0.291ms
[4.692s][info][gc,phases,start] GC(10) Phase 5: Reset Metadata
[4.693s][info][gc,phases      ] GC(10) Phase 5: Reset Metadata 1.668ms
[4.698s][info][gc,heap        ] GC(10) Eden regions: 1->0(102)
[4.698s][info][gc,heap        ] GC(10) Survivor regions: 0->0(0)
[4.698s][info][gc,heap        ] GC(10) Old regions: 4->4
[4.698s][info][gc,heap        ] GC(10) Humongous regions: 0->0
[4.698s][info][gc,metaspace   ] GC(10) Metaspace: 367K(576K)->364K(576K) NonClass: 328K(448K)->326K(448K) Class: 39K(128K)->38K(128K)
[4.698s][info][gc             ] GC(10) Pause Full (System.gc()) 3M->1M(8192M) 9.816ms
[4.698s][info][gc,cpu         ] GC(10) User=0.03s Sys=0.00s Real=0.01s
[5.157s][info][gc,start       ] GC(11) Pause Full (System.gc())
[5.157s][info][gc,task        ] GC(11) Using 5 workers of 10 for full compaction
[5.157s][info][gc,phases,start] GC(11) Phase 1: Mark live objects
[5.159s][info][gc,phases      ] GC(11) Phase 1: Mark live objects 1.580ms
[5.159s][info][gc,phases,start] GC(11) Phase 2: Prepare compaction
[5.160s][info][gc,phases      ] GC(11) Phase 2: Prepare compaction 0.820ms
[5.160s][info][gc,phases,start] GC(11) Phase 3: Adjust pointers
[5.161s][info][gc,phases      ] GC(11) Phase 3: Adjust pointers 0.857ms
[5.161s][info][gc,phases,start] GC(11) Phase 4: Compact heap
[5.161s][info][gc,phases      ] GC(11) Phase 4: Compact heap 0.284ms
[5.161s][info][gc,phases,start] GC(11) Phase 5: Reset Metadata
[5.162s][info][gc,phases      ] GC(11) Phase 5: Reset Metadata 0.608ms
[5.166s][info][gc,heap        ] GC(11) Eden regions: 1->0(102)
[5.166s][info][gc,heap        ] GC(11) Survivor regions: 0->0(0)
[5.166s][info][gc,heap        ] GC(11) Old regions: 4->4
[5.166s][info][gc,heap        ] GC(11) Humongous regions: 0->0
[5.166s][info][gc,metaspace   ] GC(11) Metaspace: 372K(576K)->371K(576K) NonClass: 332K(448K)->332K(448K) Class: 39K(128K)->39K(128K)
[5.166s][info][gc             ] GC(11) Pause Full (System.gc()) 3M->1M(8192M) 9.037ms
[5.166s][info][gc,cpu         ] GC(11) User=0.03s Sys=0.01s Real=0.01s
[5.620s][info][gc,start       ] GC(12) Pause Full (System.gc())
[5.620s][info][gc,task        ] GC(12) Using 5 workers of 10 for full compaction
[5.620s][info][gc,phases,start] GC(12) Phase 1: Mark live objects
[5.622s][info][gc,phases      ] GC(12) Phase 1: Mark live objects 1.640ms
[5.622s][info][gc,phases,start] GC(12) Phase 2: Prepare compaction
[5.622s][info][gc,phases      ] GC(12) Phase 2: Prepare compaction 0.384ms
[5.622s][info][gc,phases,start] GC(12) Phase 3: Adjust pointers
[5.623s][info][gc,phases      ] GC(12) Phase 3: Adjust pointers 0.544ms
[5.623s][info][gc,phases,start] GC(12) Phase 4: Compact heap
[5.623s][info][gc,phases      ] GC(12) Phase 4: Compact heap 0.368ms
[5.623s][info][gc,phases,start] GC(12) Phase 5: Reset Metadata
[5.624s][info][gc,phases      ] GC(12) Phase 5: Reset Metadata 1.017ms
[5.628s][info][gc,heap        ] GC(12) Eden regions: 1->0(102)
[5.628s][info][gc,heap        ] GC(12) Survivor regions: 0->0(0)
[5.628s][info][gc,heap        ] GC(12) Old regions: 4->4
[5.628s][info][gc,heap        ] GC(12) Humongous regions: 0->0
[5.628s][info][gc,metaspace   ] GC(12) Metaspace: 378K(576K)->377K(576K) NonClass: 337K(448K)->337K(448K) Class: 40K(128K)->40K(128K)
[5.629s][info][gc             ] GC(12) Pause Full (System.gc()) 3M->1M(8192M) 8.535ms
[5.629s][info][gc,cpu         ] GC(12) User=0.03s Sys=0.00s Real=0.01s
[6.083s][info][gc,start       ] GC(13) Pause Full (System.gc())
[6.083s][info][gc,task        ] GC(13) Using 5 workers of 10 for full compaction
[6.083s][info][gc,phases,start] GC(13) Phase 1: Mark live objects
[6.085s][info][gc,phases      ] GC(13) Phase 1: Mark live objects 2.149ms
[6.085s][info][gc,phases,start] GC(13) Phase 2: Prepare compaction
[6.086s][info][gc,phases      ] GC(13) Phase 2: Prepare compaction 0.384ms
[6.086s][info][gc,phases,start] GC(13) Phase 3: Adjust pointers
[6.086s][info][gc,phases      ] GC(13) Phase 3: Adjust pointers 0.592ms
[6.087s][info][gc,phases,start] GC(13) Phase 4: Compact heap
[6.087s][info][gc,phases      ] GC(13) Phase 4: Compact heap 0.473ms
[6.087s][info][gc,phases,start] GC(13) Phase 5: Reset Metadata
[6.088s][info][gc,phases      ] GC(13) Phase 5: Reset Metadata 0.965ms
[6.092s][info][gc,heap        ] GC(13) Eden regions: 1->0(102)
[6.092s][info][gc,heap        ] GC(13) Survivor regions: 0->0(0)
[6.092s][info][gc,heap        ] GC(13) Old regions: 4->4
[6.092s][info][gc,heap        ] GC(13) Humongous regions: 0->0
[6.092s][info][gc,metaspace   ] GC(13) Metaspace: 382K(576K)->382K(576K) NonClass: 340K(448K)->340K(448K) Class: 42K(128K)->42K(128K)
[6.092s][info][gc             ] GC(13) Pause Full (System.gc()) 3M->1M(8192M) 9.006ms
[6.092s][info][gc,cpu         ] GC(13) User=0.03s Sys=0.00s Real=0.01s
[6.546s][info][gc,start       ] GC(14) Pause Full (System.gc())
[6.547s][info][gc,task        ] GC(14) Using 5 workers of 10 for full compaction
[6.547s][info][gc,phases,start] GC(14) Phase 1: Mark live objects
[6.548s][info][gc,phases      ] GC(14) Phase 1: Mark live objects 1.370ms
[6.548s][info][gc,phases,start] GC(14) Phase 2: Prepare compaction
[6.549s][info][gc,phases      ] GC(14) Phase 2: Prepare compaction 0.492ms
[6.549s][info][gc,phases,start] GC(14) Phase 3: Adjust pointers
[6.549s][info][gc,phases      ] GC(14) Phase 3: Adjust pointers 0.597ms
[6.549s][info][gc,phases,start] GC(14) Phase 4: Compact heap
[6.550s][info][gc,phases      ] GC(14) Phase 4: Compact heap 0.362ms
[6.550s][info][gc,phases,start] GC(14) Phase 5: Reset Metadata
[6.551s][info][gc,phases      ] GC(14) Phase 5: Reset Metadata 1.574ms
[6.557s][info][gc,heap        ] GC(14) Eden regions: 1->0(102)
[6.557s][info][gc,heap        ] GC(14) Survivor regions: 0->0(0)
[6.557s][info][gc,heap        ] GC(14) Old regions: 4->4
[6.557s][info][gc,heap        ] GC(14) Humongous regions: 0->0
[6.557s][info][gc,metaspace   ] GC(14) Metaspace: 389K(576K)->389K(576K) NonClass: 345K(448K)->345K(448K) Class: 43K(128K)->43K(128K)
[6.557s][info][gc             ] GC(14) Pause Full (System.gc()) 3M->1M(8192M) 11.014ms
[6.557s][info][gc,cpu         ] GC(14) User=0.04s Sys=0.00s Real=0.01s
[7.015s][info][gc,start       ] GC(15) Pause Full (System.gc())
[7.015s][info][gc,task        ] GC(15) Using 5 workers of 10 for full compaction
[7.016s][info][gc,phases,start] GC(15) Phase 1: Mark live objects
[7.017s][info][gc,phases      ] GC(15) Phase 1: Mark live objects 1.897ms
[7.018s][info][gc,phases,start] GC(15) Phase 2: Prepare compaction
[7.018s][info][gc,phases      ] GC(15) Phase 2: Prepare compaction 0.348ms
[7.018s][info][gc,phases,start] GC(15) Phase 3: Adjust pointers
[7.019s][info][gc,phases      ] GC(15) Phase 3: Adjust pointers 0.542ms
[7.019s][info][gc,phases,start] GC(15) Phase 4: Compact heap
[7.019s][info][gc,phases      ] GC(15) Phase 4: Compact heap 0.269ms
[7.019s][info][gc,phases,start] GC(15) Phase 5: Reset Metadata
[7.020s][info][gc,phases      ] GC(15) Phase 5: Reset Metadata 0.865ms
[7.026s][info][gc,heap        ] GC(15) Eden regions: 1->0(102)
[7.026s][info][gc,heap        ] GC(15) Survivor regions: 0->0(0)
[7.026s][info][gc,heap        ] GC(15) Old regions: 4->4
[7.026s][info][gc,heap        ] GC(15) Humongous regions: 0->0
[7.026s][info][gc,metaspace   ] GC(15) Metaspace: 398K(640K)->395K(640K) NonClass: 352K(512K)->351K(512K) Class: 45K(128K)->44K(128K)
[7.026s][info][gc             ] GC(15) Pause Full (System.gc()) 3M->1M(8192M) 10.751ms
[7.026s][info][gc,cpu         ] GC(15) User=0.03s Sys=0.01s Real=0.01s
[7.481s][info][gc,start       ] GC(16) Pause Full (System.gc())
[7.481s][info][gc,task        ] GC(16) Using 5 workers of 10 for full compaction
[7.481s][info][gc,phases,start] GC(16) Phase 1: Mark live objects
[7.482s][info][gc,phases      ] GC(16) Phase 1: Mark live objects 0.620ms
[7.482s][info][gc,phases,start] GC(16) Phase 2: Prepare compaction
[7.482s][info][gc,phases      ] GC(16) Phase 2: Prepare compaction 0.201ms
[7.482s][info][gc,phases,start] GC(16) Phase 3: Adjust pointers
[7.482s][info][gc,phases      ] GC(16) Phase 3: Adjust pointers 0.282ms
[7.483s][info][gc,phases,start] GC(16) Phase 4: Compact heap
[7.483s][info][gc,phases      ] GC(16) Phase 4: Compact heap 0.178ms
[7.483s][info][gc,phases,start] GC(16) Phase 5: Reset Metadata
[7.483s][info][gc,phases      ] GC(16) Phase 5: Reset Metadata 0.341ms
[7.485s][info][gc,heap        ] GC(16) Eden regions: 1->0(102)
[7.485s][info][gc,heap        ] GC(16) Survivor regions: 0->0(0)
[7.485s][info][gc,heap        ] GC(16) Old regions: 4->4
[7.485s][info][gc,heap        ] GC(16) Humongous regions: 0->0
[7.485s][info][gc,metaspace   ] GC(16) Metaspace: 404K(640K)->403K(640K) NonClass: 358K(512K)->357K(512K) Class: 45K(128K)->45K(128K)
[7.485s][info][gc             ] GC(16) Pause Full (System.gc()) 3M->1M(8192M) 3.304ms
[7.485s][info][gc,cpu         ] GC(16) User=0.01s Sys=0.00s Real=0.00s
[7.939s][info][gc,start       ] GC(17) Pause Full (System.gc())
[7.939s][info][gc,task        ] GC(17) Using 5 workers of 10 for full compaction
[7.939s][info][gc,phases,start] GC(17) Phase 1: Mark live objects
[7.941s][info][gc,phases      ] GC(17) Phase 1: Mark live objects 1.402ms
[7.941s][info][gc,phases,start] GC(17) Phase 2: Prepare compaction
[7.941s][info][gc,phases      ] GC(17) Phase 2: Prepare compaction 0.519ms
[7.941s][info][gc,phases,start] GC(17) Phase 3: Adjust pointers
[7.942s][info][gc,phases      ] GC(17) Phase 3: Adjust pointers 0.790ms
[7.942s][info][gc,phases,start] GC(17) Phase 4: Compact heap
[7.943s][info][gc,phases      ] GC(17) Phase 4: Compact heap 0.395ms
[7.943s][info][gc,phases,start] GC(17) Phase 5: Reset Metadata
[7.943s][info][gc,phases      ] GC(17) Phase 5: Reset Metadata 0.640ms
[7.947s][info][gc,heap        ] GC(17) Eden regions: 1->0(102)
[7.947s][info][gc,heap        ] GC(17) Survivor regions: 0->0(0)
[7.947s][info][gc,heap        ] GC(17) Old regions: 4->4
[7.947s][info][gc,heap        ] GC(17) Humongous regions: 0->0
[7.947s][info][gc,metaspace   ] GC(17) Metaspace: 408K(640K)->408K(640K) NonClass: 361K(512K)->361K(512K) Class: 47K(128K)->47K(128K)
[7.947s][info][gc             ] GC(17) Pause Full (System.gc()) 3M->1M(8192M) 8.065ms
[7.947s][info][gc,cpu         ] GC(17) User=0.02s Sys=0.00s Real=0.00s
[8.405s][info][gc,start       ] GC(18) Pause Full (System.gc())
[8.405s][info][gc,task        ] GC(18) Using 5 workers of 10 for full compaction
[8.405s][info][gc,phases,start] GC(18) Phase 1: Mark live objects
[8.407s][info][gc,phases      ] GC(18) Phase 1: Mark live objects 1.605ms
[8.407s][info][gc,phases,start] GC(18) Phase 2: Prepare compaction
[8.407s][info][gc,phases      ] GC(18) Phase 2: Prepare compaction 0.432ms
[8.407s][info][gc,phases,start] GC(18) Phase 3: Adjust pointers
[8.408s][info][gc,phases      ] GC(18) Phase 3: Adjust pointers 0.672ms
[8.408s][info][gc,phases,start] GC(18) Phase 4: Compact heap
[8.408s][info][gc,phases      ] GC(18) Phase 4: Compact heap 0.300ms
[8.408s][info][gc,phases,start] GC(18) Phase 5: Reset Metadata
[8.409s][info][gc,phases      ] GC(18) Phase 5: Reset Metadata 1.080ms
[8.414s][info][gc,heap        ] GC(18) Eden regions: 1->0(102)
[8.414s][info][gc,heap        ] GC(18) Survivor regions: 0->0(0)
[8.414s][info][gc,heap        ] GC(18) Old regions: 4->4
[8.414s][info][gc,heap        ] GC(18) Humongous regions: 0->0
[8.414s][info][gc,metaspace   ] GC(18) Metaspace: 413K(640K)->382K(640K) NonClass: 364K(512K)->340K(512K) Class: 48K(128K)->41K(128K)
[8.414s][info][gc             ] GC(18) Pause Full (System.gc()) 3M->1M(8192M) 9.311ms
[8.414s][info][gc,cpu         ] GC(18) User=0.03s Sys=0.00s Real=0.01s
[8.867s][info][gc,start       ] GC(19) Pause Full (System.gc())
[8.867s][info][gc,task        ] GC(19) Using 5 workers of 10 for full compaction
[8.867s][info][gc,phases,start] GC(19) Phase 1: Mark live objects
[8.869s][info][gc,phases      ] GC(19) Phase 1: Mark live objects 1.455ms
[8.869s][info][gc,phases,start] GC(19) Phase 2: Prepare compaction
[8.869s][info][gc,phases      ] GC(19) Phase 2: Prepare compaction 0.532ms
[8.869s][info][gc,phases,start] GC(19) Phase 3: Adjust pointers
[8.870s][info][gc,phases      ] GC(19) Phase 3: Adjust pointers 0.747ms
[8.870s][info][gc,phases,start] GC(19) Phase 4: Compact heap
[8.871s][info][gc,phases      ] GC(19) Phase 4: Compact heap 0.398ms
[8.871s][info][gc,phases,start] GC(19) Phase 5: Reset Metadata
[8.871s][info][gc,phases      ] GC(19) Phase 5: Reset Metadata 0.656ms
[8.874s][info][gc,heap        ] GC(19) Eden regions: 1->0(102)
[8.874s][info][gc,heap        ] GC(19) Survivor regions: 0->0(0)
[8.874s][info][gc,heap        ] GC(19) Old regions: 4->4
[8.874s][info][gc,heap        ] GC(19) Humongous regions: 0->0
[8.874s][info][gc,metaspace   ] GC(19) Metaspace: 391K(640K)->388K(640K) NonClass: 348K(512K)->346K(512K) Class: 43K(128K)->42K(128K)
[8.874s][info][gc             ] GC(19) Pause Full (System.gc()) 3M->1M(8192M) 7.145ms
[8.874s][info][gc,cpu         ] GC(19) User=0.02s Sys=0.00s Real=0.01s
[9.331s][info][gc,start       ] GC(20) Pause Full (System.gc())
[9.331s][info][gc,task        ] GC(20) Using 5 workers of 10 for full compaction
[9.331s][info][gc,phases,start] GC(20) Phase 1: Mark live objects
[9.332s][info][gc,phases      ] GC(20) Phase 1: Mark live objects 1.081ms
[9.332s][info][gc,phases,start] GC(20) Phase 2: Prepare compaction
[9.332s][info][gc,phases      ] GC(20) Phase 2: Prepare compaction 0.339ms
[9.332s][info][gc,phases,start] GC(20) Phase 3: Adjust pointers
[9.333s][info][gc,phases      ] GC(20) Phase 3: Adjust pointers 0.491ms
[9.333s][info][gc,phases,start] GC(20) Phase 4: Compact heap
[9.333s][info][gc,phases      ] GC(20) Phase 4: Compact heap 0.294ms
[9.333s][info][gc,phases,start] GC(20) Phase 5: Reset Metadata
[9.334s][info][gc,phases      ] GC(20) Phase 5: Reset Metadata 0.290ms
[9.336s][info][gc,heap        ] GC(20) Eden regions: 1->0(102)
[9.336s][info][gc,heap        ] GC(20) Survivor regions: 0->0(0)
[9.336s][info][gc,heap        ] GC(20) Old regions: 4->4
[9.336s][info][gc,heap        ] GC(20) Humongous regions: 0->0
[9.336s][info][gc,metaspace   ] GC(20) Metaspace: 397K(640K)->397K(640K) NonClass: 353K(512K)->353K(512K) Class: 43K(128K)->43K(128K)
[9.336s][info][gc             ] GC(20) Pause Full (System.gc()) 3M->1M(8192M) 5.638ms
[9.336s][info][gc,cpu         ] GC(20) User=0.02s Sys=0.00s Real=0.00s
[9.793s][info][gc,start       ] GC(21) Pause Full (System.gc())
[9.793s][info][gc,task        ] GC(21) Using 5 workers of 10 for full compaction
[9.793s][info][gc,phases,start] GC(21) Phase 1: Mark live objects
[9.794s][info][gc,phases      ] GC(21) Phase 1: Mark live objects 1.245ms
[9.794s][info][gc,phases,start] GC(21) Phase 2: Prepare compaction
[9.795s][info][gc,phases      ] GC(21) Phase 2: Prepare compaction 0.486ms
[9.795s][info][gc,phases,start] GC(21) Phase 3: Adjust pointers
[9.795s][info][gc,phases      ] GC(21) Phase 3: Adjust pointers 0.595ms
[9.795s][info][gc,phases,start] GC(21) Phase 4: Compact heap
[9.796s][info][gc,phases      ] GC(21) Phase 4: Compact heap 0.299ms
[9.796s][info][gc,phases,start] GC(21) Phase 5: Reset Metadata
[9.797s][info][gc,phases      ] GC(21) Phase 5: Reset Metadata 1.256ms
[9.803s][info][gc,heap        ] GC(21) Eden regions: 1->0(102)
[9.803s][info][gc,heap        ] GC(21) Survivor regions: 0->0(0)
[9.803s][info][gc,heap        ] GC(21) Old regions: 4->4
[9.803s][info][gc,heap        ] GC(21) Humongous regions: 0->0
[9.803s][info][gc,metaspace   ] GC(21) Metaspace: 408K(640K)->408K(640K) NonClass: 363K(512K)->363K(512K) Class: 45K(128K)->45K(128K)
[9.803s][info][gc             ] GC(21) Pause Full (System.gc()) 3M->1M(8192M) 10.468ms
[9.803s][info][gc,cpu         ] GC(21) User=0.03s Sys=0.00s Real=0.01s
[10.260s][info][gc,start       ] GC(22) Pause Full (System.gc())
[10.260s][info][gc,task        ] GC(22) Using 5 workers of 10 for full compaction
[10.260s][info][gc,phases,start] GC(22) Phase 1: Mark live objects
[10.261s][info][gc,phases      ] GC(22) Phase 1: Mark live objects 0.931ms
[10.261s][info][gc,phases,start] GC(22) Phase 2: Prepare compaction
[10.261s][info][gc,phases      ] GC(22) Phase 2: Prepare compaction 0.438ms
[10.261s][info][gc,phases,start] GC(22) Phase 3: Adjust pointers
[10.262s][info][gc,phases      ] GC(22) Phase 3: Adjust pointers 0.627ms
[10.262s][info][gc,phases,start] GC(22) Phase 4: Compact heap
[10.262s][info][gc,phases      ] GC(22) Phase 4: Compact heap 0.336ms
[10.262s][info][gc,phases,start] GC(22) Phase 5: Reset Metadata
[10.263s][info][gc,phases      ] GC(22) Phase 5: Reset Metadata 0.597ms
[10.266s][info][gc,heap        ] GC(22) Eden regions: 1->0(102)
[10.266s][info][gc,heap        ] GC(22) Survivor regions: 0->0(0)
[10.266s][info][gc,heap        ] GC(22) Old regions: 4->4
[10.266s][info][gc,heap        ] GC(22) Humongous regions: 0->0
[10.266s][info][gc,metaspace   ] GC(22) Metaspace: 414K(640K)->414K(640K) NonClass: 367K(512K)->367K(512K) Class: 47K(128K)->47K(128K)
[10.266s][info][gc             ] GC(22) Pause Full (System.gc()) 3M->1M(8192M) 6.665ms
[10.266s][info][gc,cpu         ] GC(22) User=0.03s Sys=0.00s Real=0.00s
[10.722s][info][gc,start       ] GC(23) Pause Full (System.gc())
[10.722s][info][gc,task        ] GC(23) Using 5 workers of 10 for full compaction
[10.722s][info][gc,phases,start] GC(23) Phase 1: Mark live objects
[10.723s][info][gc,phases      ] GC(23) Phase 1: Mark live objects 0.680ms
[10.723s][info][gc,phases,start] GC(23) Phase 2: Prepare compaction
[10.723s][info][gc,phases      ] GC(23) Phase 2: Prepare compaction 0.291ms
[10.723s][info][gc,phases,start] GC(23) Phase 3: Adjust pointers
[10.724s][info][gc,phases      ] GC(23) Phase 3: Adjust pointers 0.424ms
[10.724s][info][gc,phases,start] GC(23) Phase 4: Compact heap
[10.724s][info][gc,phases      ] GC(23) Phase 4: Compact heap 0.235ms
[10.724s][info][gc,phases,start] GC(23) Phase 5: Reset Metadata
[10.724s][info][gc,phases      ] GC(23) Phase 5: Reset Metadata 0.313ms
[10.726s][info][gc,heap        ] GC(23) Eden regions: 1->0(102)
[10.726s][info][gc,heap        ] GC(23) Survivor regions: 0->0(0)
[10.726s][info][gc,heap        ] GC(23) Old regions: 4->4
[10.726s][info][gc,heap        ] GC(23) Humongous regions: 0->0
[10.726s][info][gc,metaspace   ] GC(23) Metaspace: 420K(640K)->420K(640K) NonClass: 371K(512K)->371K(512K) Class: 49K(128K)->49K(128K)
[10.726s][info][gc             ] GC(23) Pause Full (System.gc()) 3M->1M(8192M) 4.105ms
[10.726s][info][gc,cpu         ] GC(23) User=0.01s Sys=0.00s Real=0.00s
[11.183s][info][gc,start       ] GC(24) Pause Full (System.gc())
[11.183s][info][gc,task        ] GC(24) Using 5 workers of 10 for full compaction
[11.183s][info][gc,phases,start] GC(24) Phase 1: Mark live objects
[11.185s][info][gc,phases      ] GC(24) Phase 1: Mark live objects 1.569ms
[11.185s][info][gc,phases,start] GC(24) Phase 2: Prepare compaction
[11.185s][info][gc,phases      ] GC(24) Phase 2: Prepare compaction 0.386ms
[11.185s][info][gc,phases,start] GC(24) Phase 3: Adjust pointers
[11.186s][info][gc,phases      ] GC(24) Phase 3: Adjust pointers 0.543ms
[11.186s][info][gc,phases,start] GC(24) Phase 4: Compact heap
[11.186s][info][gc,phases      ] GC(24) Phase 4: Compact heap 0.280ms
[11.186s][info][gc,phases,start] GC(24) Phase 5: Reset Metadata
[11.188s][info][gc,phases      ] GC(24) Phase 5: Reset Metadata 1.507ms
[11.192s][info][gc,heap        ] GC(24) Eden regions: 1->0(102)
[11.192s][info][gc,heap        ] GC(24) Survivor regions: 0->0(0)
[11.192s][info][gc,heap        ] GC(24) Old regions: 4->4
[11.192s][info][gc,heap        ] GC(24) Humongous regions: 0->0
[11.192s][info][gc,metaspace   ] GC(24) Metaspace: 428K(640K)->399K(640K) NonClass: 378K(512K)->361K(512K) Class: 50K(128K)->38K(128K)
[11.192s][info][gc             ] GC(24) Pause Full (System.gc()) 3M->1M(8192M) 9.648ms
[11.193s][info][gc,cpu         ] GC(24) User=0.03s Sys=0.00s Real=0.01s
[11.655s][info][gc,start       ] GC(25) Pause Full (System.gc())
[11.656s][info][gc,task        ] GC(25) Using 5 workers of 10 for full compaction
[11.656s][info][gc,phases,start] GC(25) Phase 1: Mark live objects
[11.659s][info][gc,phases      ] GC(25) Phase 1: Mark live objects 2.916ms
[11.659s][info][gc,phases,start] GC(25) Phase 2: Prepare compaction
[11.660s][info][gc,phases      ] GC(25) Phase 2: Prepare compaction 0.439ms
[11.660s][info][gc,phases,start] GC(25) Phase 3: Adjust pointers
[11.661s][info][gc,phases      ] GC(25) Phase 3: Adjust pointers 0.933ms
[11.661s][info][gc,phases,start] GC(25) Phase 4: Compact heap
[11.661s][info][gc,phases      ] GC(25) Phase 4: Compact heap 0.477ms
[11.662s][info][gc,phases,start] GC(25) Phase 5: Reset Metadata
[11.662s][info][gc,phases      ] GC(25) Phase 5: Reset Metadata 0.648ms
[11.666s][info][gc,heap        ] GC(25) Eden regions: 1->0(102)
[11.666s][info][gc,heap        ] GC(25) Survivor regions: 0->0(0)
[11.666s][info][gc,heap        ] GC(25) Old regions: 4->4
[11.666s][info][gc,heap        ] GC(25) Humongous regions: 0->0
[11.666s][info][gc,metaspace   ] GC(25) Metaspace: 405K(640K)->402K(640K) NonClass: 365K(512K)->364K(512K) Class: 39K(128K)->38K(128K)
[11.666s][info][gc             ] GC(25) Pause Full (System.gc()) 3M->1M(8192M) 10.720ms
[11.666s][info][gc,cpu         ] GC(25) User=0.03s Sys=0.00s Real=0.01s
[12.119s][info][gc,start       ] GC(26) Pause Full (System.gc())
[12.119s][info][gc,task        ] GC(26) Using 5 workers of 10 for full compaction
[12.119s][info][gc,phases,start] GC(26) Phase 1: Mark live objects
[12.122s][info][gc,phases      ] GC(26) Phase 1: Mark live objects 2.610ms
[12.122s][info][gc,phases,start] GC(26) Phase 2: Prepare compaction
[12.122s][info][gc,phases      ] GC(26) Phase 2: Prepare compaction 0.407ms
[12.122s][info][gc,phases,start] GC(26) Phase 3: Adjust pointers
[12.123s][info][gc,phases      ] GC(26) Phase 3: Adjust pointers 0.745ms
[12.123s][info][gc,phases,start] GC(26) Phase 4: Compact heap
[12.123s][info][gc,phases      ] GC(26) Phase 4: Compact heap 0.301ms
[12.123s][info][gc,phases,start] GC(26) Phase 5: Reset Metadata
[12.125s][info][gc,phases      ] GC(26) Phase 5: Reset Metadata 1.039ms
[12.131s][info][gc,heap        ] GC(26) Eden regions: 1->0(102)
[12.131s][info][gc,heap        ] GC(26) Survivor regions: 0->0(0)
[12.131s][info][gc,heap        ] GC(26) Old regions: 4->4
[12.131s][info][gc,heap        ] GC(26) Humongous regions: 0->0
[12.131s][info][gc,metaspace   ] GC(26) Metaspace: 407K(640K)->390K(640K) NonClass: 367K(512K)->354K(512K) Class: 40K(128K)->36K(128K)
[12.131s][info][gc             ] GC(26) Pause Full (System.gc()) 3M->1M(8192M) 11.869ms
[12.131s][info][gc,cpu         ] GC(26) User=0.03s Sys=0.01s Real=0.01s
[12.585s][info][gc,start       ] GC(27) Pause Full (System.gc())
[12.585s][info][gc,task        ] GC(27) Using 5 workers of 10 for full compaction
[12.586s][info][gc,phases,start] GC(27) Phase 1: Mark live objects
[12.587s][info][gc,phases      ] GC(27) Phase 1: Mark live objects 1.493ms
[12.587s][info][gc,phases,start] GC(27) Phase 2: Prepare compaction
[12.587s][info][gc,phases      ] GC(27) Phase 2: Prepare compaction 0.379ms
[12.588s][info][gc,phases,start] GC(27) Phase 3: Adjust pointers
[12.588s][info][gc,phases      ] GC(27) Phase 3: Adjust pointers 0.758ms
[12.588s][info][gc,phases,start] GC(27) Phase 4: Compact heap
[12.589s][info][gc,phases      ] GC(27) Phase 4: Compact heap 0.389ms
[12.589s][info][gc,phases,start] GC(27) Phase 5: Reset Metadata
[12.590s][info][gc,phases      ] GC(27) Phase 5: Reset Metadata 1.349ms
[12.595s][info][gc,heap        ] GC(27) Eden regions: 1->0(102)
[12.595s][info][gc,heap        ] GC(27) Survivor regions: 0->0(0)
[12.595s][info][gc,heap        ] GC(27) Old regions: 4->4
[12.595s][info][gc,heap        ] GC(27) Humongous regions: 0->0
[12.595s][info][gc,metaspace   ] GC(27) Metaspace: 396K(640K)->393K(640K) NonClass: 358K(512K)->356K(512K) Class: 37K(128K)->36K(128K)
[12.595s][info][gc             ] GC(27) Pause Full (System.gc()) 3M->1M(8192M) 9.907ms
[12.595s][info][gc,cpu         ] GC(27) User=0.03s Sys=0.00s Real=0.01s
[13.050s][info][gc,start       ] GC(28) Pause Full (System.gc())
[13.050s][info][gc,task        ] GC(28) Using 5 workers of 10 for full compaction
[13.050s][info][gc,phases,start] GC(28) Phase 1: Mark live objects
[13.051s][info][gc,phases      ] GC(28) Phase 1: Mark live objects 1.270ms
[13.051s][info][gc,phases,start] GC(28) Phase 2: Prepare compaction
[13.052s][info][gc,phases      ] GC(28) Phase 2: Prepare compaction 0.476ms
[13.052s][info][gc,phases,start] GC(28) Phase 3: Adjust pointers
[13.053s][info][gc,phases      ] GC(28) Phase 3: Adjust pointers 0.707ms
[13.053s][info][gc,phases,start] GC(28) Phase 4: Compact heap
[13.053s][info][gc,phases      ] GC(28) Phase 4: Compact heap 0.445ms
[13.053s][info][gc,phases,start] GC(28) Phase 5: Reset Metadata
[13.054s][info][gc,phases      ] GC(28) Phase 5: Reset Metadata 0.607ms
[13.057s][info][gc,heap        ] GC(28) Eden regions: 1->0(102)
[13.057s][info][gc,heap        ] GC(28) Survivor regions: 0->0(0)
[13.057s][info][gc,heap        ] GC(28) Old regions: 4->4
[13.057s][info][gc,heap        ] GC(28) Humongous regions: 0->0
[13.057s][info][gc,metaspace   ] GC(28) Metaspace: 402K(640K)->401K(640K) NonClass: 363K(512K)->363K(512K) Class: 38K(128K)->38K(128K)
[13.057s][info][gc             ] GC(28) Pause Full (System.gc()) 3M->1M(8192M) 7.174ms
[13.057s][info][gc,cpu         ] GC(28) User=0.02s Sys=0.00s Real=0.00s
[13.511s][info][gc,start       ] GC(29) Pause Full (System.gc())
[13.511s][info][gc,task        ] GC(29) Using 5 workers of 10 for full compaction
[13.511s][info][gc,phases,start] GC(29) Phase 1: Mark live objects
[13.514s][info][gc,phases      ] GC(29) Phase 1: Mark live objects 2.605ms
[13.514s][info][gc,phases,start] GC(29) Phase 2: Prepare compaction
[13.515s][info][gc,phases      ] GC(29) Phase 2: Prepare compaction 0.515ms
[13.515s][info][gc,phases,start] GC(29) Phase 3: Adjust pointers
[13.516s][info][gc,phases      ] GC(29) Phase 3: Adjust pointers 0.778ms
[13.516s][info][gc,phases,start] GC(29) Phase 4: Compact heap
[13.516s][info][gc,phases      ] GC(29) Phase 4: Compact heap 0.481ms
[13.516s][info][gc,phases,start] GC(29) Phase 5: Reset Metadata
[13.517s][info][gc,phases      ] GC(29) Phase 5: Reset Metadata 1.015ms
[13.521s][info][gc,heap        ] GC(29) Eden regions: 1->0(102)
[13.521s][info][gc,heap        ] GC(29) Survivor regions: 0->0(0)
[13.521s][info][gc,heap        ] GC(29) Old regions: 4->4
[13.521s][info][gc,heap        ] GC(29) Humongous regions: 0->0
[13.521s][info][gc,metaspace   ] GC(29) Metaspace: 408K(640K)->407K(640K) NonClass: 368K(512K)->367K(512K) Class: 39K(128K)->39K(128K)
[13.521s][info][gc             ] GC(29) Pause Full (System.gc()) 3M->1M(8192M) 10.122ms
[13.521s][info][gc,cpu         ] GC(29) User=0.02s Sys=0.00s Real=0.01s
[13.977s][info][gc,start       ] GC(30) Pause Full (System.gc())
[13.977s][info][gc,task        ] GC(30) Using 5 workers of 10 for full compaction
[13.977s][info][gc,phases,start] GC(30) Phase 1: Mark live objects
[13.980s][info][gc,phases      ] GC(30) Phase 1: Mark live objects 2.658ms
[13.980s][info][gc,phases,start] GC(30) Phase 2: Prepare compaction
[13.980s][info][gc,phases      ] GC(30) Phase 2: Prepare compaction 0.433ms
[13.980s][info][gc,phases,start] GC(30) Phase 3: Adjust pointers
[13.981s][info][gc,phases      ] GC(30) Phase 3: Adjust pointers 0.605ms
[13.981s][info][gc,phases,start] GC(30) Phase 4: Compact heap
[13.981s][info][gc,phases      ] GC(30) Phase 4: Compact heap 0.317ms
[13.981s][info][gc,phases,start] GC(30) Phase 5: Reset Metadata
[13.983s][info][gc,phases      ] GC(30) Phase 5: Reset Metadata 1.450ms
[13.989s][info][gc,heap        ] GC(30) Eden regions: 1->0(102)
[13.989s][info][gc,heap        ] GC(30) Survivor regions: 0->0(0)
[13.989s][info][gc,heap        ] GC(30) Old regions: 4->4
[13.989s][info][gc,heap        ] GC(30) Humongous regions: 0->0
[13.989s][info][gc,metaspace   ] GC(30) Metaspace: 412K(640K)->411K(640K) NonClass: 371K(512K)->370K(512K) Class: 41K(128K)->40K(128K)
[13.989s][info][gc             ] GC(30) Pause Full (System.gc()) 3M->1M(8192M) 12.129ms
[13.989s][info][gc,cpu         ] GC(30) User=0.03s Sys=0.01s Real=0.02s
[14.441s][info][gc,start       ] GC(31) Pause Full (System.gc())
[14.441s][info][gc,task        ] GC(31) Using 5 workers of 10 for full compaction
[14.441s][info][gc,phases,start] GC(31) Phase 1: Mark live objects
[14.442s][info][gc,phases      ] GC(31) Phase 1: Mark live objects 0.531ms
[14.442s][info][gc,phases,start] GC(31) Phase 2: Prepare compaction
[14.442s][info][gc,phases      ] GC(31) Phase 2: Prepare compaction 0.205ms
[14.442s][info][gc,phases,start] GC(31) Phase 3: Adjust pointers
[14.442s][info][gc,phases      ] GC(31) Phase 3: Adjust pointers 0.306ms
[14.442s][info][gc,phases,start] GC(31) Phase 4: Compact heap
[14.442s][info][gc,phases      ] GC(31) Phase 4: Compact heap 0.145ms
[14.442s][info][gc,phases,start] GC(31) Phase 5: Reset Metadata
[14.443s][info][gc,phases      ] GC(31) Phase 5: Reset Metadata 0.274ms
[14.444s][info][gc,heap        ] GC(31) Eden regions: 1->0(102)
[14.444s][info][gc,heap        ] GC(31) Survivor regions: 0->0(0)
[14.444s][info][gc,heap        ] GC(31) Old regions: 4->4
[14.444s][info][gc,heap        ] GC(31) Humongous regions: 0->0
[14.444s][info][gc,metaspace   ] GC(31) Metaspace: 417K(640K)->416K(640K) NonClass: 374K(512K)->374K(512K) Class: 42K(128K)->41K(128K)
[14.444s][info][gc             ] GC(31) Pause Full (System.gc()) 3M->1M(8192M) 3.123ms
[14.444s][info][gc,cpu         ] GC(31) User=0.01s Sys=0.00s Real=0.00s
[14.900s][info][gc,start       ] GC(32) Pause Full (System.gc())
[14.901s][info][gc,task        ] GC(32) Using 5 workers of 10 for full compaction
[14.901s][info][gc,phases,start] GC(32) Phase 1: Mark live objects
[14.902s][info][gc,phases      ] GC(32) Phase 1: Mark live objects 1.809ms
[14.903s][info][gc,phases,start] GC(32) Phase 2: Prepare compaction
[14.903s][info][gc,phases      ] GC(32) Phase 2: Prepare compaction 0.419ms
[14.903s][info][gc,phases,start] GC(32) Phase 3: Adjust pointers
[14.904s][info][gc,phases      ] GC(32) Phase 3: Adjust pointers 0.633ms
[14.904s][info][gc,phases,start] GC(32) Phase 4: Compact heap
[14.904s][info][gc,phases      ] GC(32) Phase 4: Compact heap 0.296ms
[14.904s][info][gc,phases,start] GC(32) Phase 5: Reset Metadata
[14.905s][info][gc,phases      ] GC(32) Phase 5: Reset Metadata 1.004ms
[14.907s][info][gc,heap        ] GC(32) Eden regions: 1->0(102)
[14.907s][info][gc,heap        ] GC(32) Survivor regions: 0->0(0)
[14.907s][info][gc,heap        ] GC(32) Old regions: 4->4
[14.907s][info][gc,heap        ] GC(32) Humongous regions: 0->0
[14.907s][info][gc,metaspace   ] GC(32) Metaspace: 421K(640K)->421K(640K) NonClass: 378K(512K)->378K(512K) Class: 43K(128K)->43K(128K)
[14.907s][info][gc             ] GC(32) Pause Full (System.gc()) 3M->1M(8192M) 6.492ms
[14.907s][info][gc,cpu         ] GC(32) User=0.02s Sys=0.00s Real=0.00s
[15.364s][info][gc,start       ] GC(33) Pause Full (System.gc())
[15.364s][info][gc,task        ] GC(33) Using 5 workers of 10 for full compaction
[15.364s][info][gc,phases,start] GC(33) Phase 1: Mark live objects
[15.366s][info][gc,phases      ] GC(33) Phase 1: Mark live objects 1.172ms
[15.366s][info][gc,phases,start] GC(33) Phase 2: Prepare compaction
[15.366s][info][gc,phases      ] GC(33) Phase 2: Prepare compaction 0.579ms
[15.366s][info][gc,phases,start] GC(33) Phase 3: Adjust pointers
[15.367s][info][gc,phases      ] GC(33) Phase 3: Adjust pointers 0.787ms
[15.367s][info][gc,phases,start] GC(33) Phase 4: Compact heap
[15.368s][info][gc,phases      ] GC(33) Phase 4: Compact heap 0.409ms
[15.368s][info][gc,phases,start] GC(33) Phase 5: Reset Metadata
[15.368s][info][gc,phases      ] GC(33) Phase 5: Reset Metadata 0.623ms
[15.372s][info][gc,heap        ] GC(33) Eden regions: 1->0(102)
[15.372s][info][gc,heap        ] GC(33) Survivor regions: 0->0(0)
[15.372s][info][gc,heap        ] GC(33) Old regions: 4->4
[15.372s][info][gc,heap        ] GC(33) Humongous regions: 0->0
[15.372s][info][gc,metaspace   ] GC(33) Metaspace: 426K(640K)->426K(640K) NonClass: 381K(512K)->381K(512K) Class: 45K(128K)->45K(128K)
[15.372s][info][gc             ] GC(33) Pause Full (System.gc()) 3M->1M(8192M) 7.746ms
[15.372s][info][gc,cpu         ] GC(33) User=0.03s Sys=0.00s Real=0.01s
[15.826s][info][gc,start       ] GC(34) Pause Full (System.gc())
[15.826s][info][gc,task        ] GC(34) Using 5 workers of 10 for full compaction
[15.827s][info][gc,phases,start] GC(34) Phase 1: Mark live objects
[15.828s][info][gc,phases      ] GC(34) Phase 1: Mark live objects 1.256ms
[15.828s][info][gc,phases,start] GC(34) Phase 2: Prepare compaction
[15.829s][info][gc,phases      ] GC(34) Phase 2: Prepare compaction 0.572ms
[15.829s][info][gc,phases,start] GC(34) Phase 3: Adjust pointers
[15.829s][info][gc,phases      ] GC(34) Phase 3: Adjust pointers 0.764ms
[15.829s][info][gc,phases,start] GC(34) Phase 4: Compact heap
[15.830s][info][gc,phases      ] GC(34) Phase 4: Compact heap 0.483ms
[15.830s][info][gc,phases,start] GC(34) Phase 5: Reset Metadata
[15.831s][info][gc,phases      ] GC(34) Phase 5: Reset Metadata 0.669ms
[15.834s][info][gc,heap        ] GC(34) Eden regions: 1->0(102)
[15.834s][info][gc,heap        ] GC(34) Survivor regions: 0->0(0)
[15.834s][info][gc,heap        ] GC(34) Old regions: 4->4
[15.834s][info][gc,heap        ] GC(34) Humongous regions: 0->0
[15.834s][info][gc,metaspace   ] GC(34) Metaspace: 433K(640K)->433K(640K) NonClass: 386K(512K)->386K(512K) Class: 47K(128K)->47K(128K)
[15.834s][info][gc             ] GC(34) Pause Full (System.gc()) 3M->1M(8192M) 8.075ms
[15.834s][info][gc,cpu         ] GC(34) User=0.03s Sys=0.00s Real=0.01s
[16.287s][info][gc,start       ] GC(35) Pause Full (System.gc())
[16.287s][info][gc,task        ] GC(35) Using 5 workers of 10 for full compaction
[16.287s][info][gc,phases,start] GC(35) Phase 1: Mark live objects
[16.287s][info][gc,phases      ] GC(35) Phase 1: Mark live objects 0.375ms
[16.287s][info][gc,phases,start] GC(35) Phase 2: Prepare compaction
[16.287s][info][gc,phases      ] GC(35) Phase 2: Prepare compaction 0.224ms
[16.287s][info][gc,phases,start] GC(35) Phase 3: Adjust pointers
[16.288s][info][gc,phases      ] GC(35) Phase 3: Adjust pointers 0.306ms
[16.288s][info][gc,phases,start] GC(35) Phase 4: Compact heap
[16.288s][info][gc,phases      ] GC(35) Phase 4: Compact heap 0.194ms
[16.288s][info][gc,phases,start] GC(35) Phase 5: Reset Metadata
[16.288s][info][gc,phases      ] GC(35) Phase 5: Reset Metadata 0.255ms
[16.290s][info][gc,heap        ] GC(35) Eden regions: 1->0(102)
[16.290s][info][gc,heap        ] GC(35) Survivor regions: 0->0(0)
[16.290s][info][gc,heap        ] GC(35) Old regions: 4->4
[16.290s][info][gc,heap        ] GC(35) Humongous regions: 0->0
[16.290s][info][gc,metaspace   ] GC(35) Metaspace: 438K(640K)->438K(640K) NonClass: 389K(512K)->389K(512K) Class: 48K(128K)->48K(128K)
[16.290s][info][gc             ] GC(35) Pause Full (System.gc()) 3M->1M(8192M) 2.983ms
[16.290s][info][gc,cpu         ] GC(35) User=0.01s Sys=0.00s Real=0.01s
[16.743s][info][gc,start       ] GC(36) Pause Full (System.gc())
[16.743s][info][gc,task        ] GC(36) Using 5 workers of 10 for full compaction
[16.743s][info][gc,phases,start] GC(36) Phase 1: Mark live objects
[16.745s][info][gc,phases      ] GC(36) Phase 1: Mark live objects 1.381ms
[16.745s][info][gc,phases,start] GC(36) Phase 2: Prepare compaction
[16.745s][info][gc,phases      ] GC(36) Phase 2: Prepare compaction 0.511ms
[16.745s][info][gc,phases,start] GC(36) Phase 3: Adjust pointers
[16.746s][info][gc,phases      ] GC(36) Phase 3: Adjust pointers 0.645ms
[16.746s][info][gc,phases,start] GC(36) Phase 4: Compact heap
[16.746s][info][gc,phases      ] GC(36) Phase 4: Compact heap 0.361ms
[16.746s][info][gc,phases,start] GC(36) Phase 5: Reset Metadata
[16.747s][info][gc,phases      ] GC(36) Phase 5: Reset Metadata 0.633ms
[16.751s][info][gc,heap        ] GC(36) Eden regions: 1->0(102)
[16.751s][info][gc,heap        ] GC(36) Survivor regions: 0->0(0)
[16.751s][info][gc,heap        ] GC(36) Old regions: 4->4
[16.751s][info][gc,heap        ] GC(36) Humongous regions: 0->0
[16.751s][info][gc,metaspace   ] GC(36) Metaspace: 445K(640K)->421K(640K) NonClass: 394K(512K)->381K(512K) Class: 50K(128K)->40K(128K)
[16.751s][info][gc             ] GC(36) Pause Full (System.gc()) 3M->1M(8192M) 7.686ms
[16.751s][info][gc,cpu         ] GC(36) User=0.03s Sys=0.00s Real=0.01s
[17.207s][info][gc,start       ] GC(37) Pause Full (System.gc())
[17.207s][info][gc,task        ] GC(37) Using 5 workers of 10 for full compaction
[17.207s][info][gc,phases,start] GC(37) Phase 1: Mark live objects
[17.208s][info][gc,phases      ] GC(37) Phase 1: Mark live objects 1.016ms
[17.208s][info][gc,phases,start] GC(37) Phase 2: Prepare compaction
[17.209s][info][gc,phases      ] GC(37) Phase 2: Prepare compaction 0.382ms
[17.209s][info][gc,phases,start] GC(37) Phase 3: Adjust pointers
[17.209s][info][gc,phases      ] GC(37) Phase 3: Adjust pointers 0.525ms
[17.209s][info][gc,phases,start] GC(37) Phase 4: Compact heap
[17.209s][info][gc,phases      ] GC(37) Phase 4: Compact heap 0.288ms
[17.209s][info][gc,phases,start] GC(37) Phase 5: Reset Metadata
[17.210s][info][gc,phases      ] GC(37) Phase 5: Reset Metadata 0.604ms
[17.213s][info][gc,heap        ] GC(37) Eden regions: 1->0(102)
[17.213s][info][gc,heap        ] GC(37) Survivor regions: 0->0(0)
[17.213s][info][gc,heap        ] GC(37) Old regions: 4->4
[17.213s][info][gc,heap        ] GC(37) Humongous regions: 0->0
[17.213s][info][gc,metaspace   ] GC(37) Metaspace: 427K(640K)->424K(640K) NonClass: 385K(512K)->384K(512K) Class: 41K(128K)->40K(128K)
[17.213s][info][gc             ] GC(37) Pause Full (System.gc()) 3M->1M(8192M) 6.349ms
[17.213s][info][gc,cpu         ] GC(37) User=0.02s Sys=0.00s Real=0.01s
[17.666s][info][gc,start       ] GC(38) Pause Full (System.gc())
[17.666s][info][gc,task        ] GC(38) Using 5 workers of 10 for full compaction
[17.667s][info][gc,phases,start] GC(38) Phase 1: Mark live objects
[17.668s][info][gc,phases      ] GC(38) Phase 1: Mark live objects 1.285ms
[17.668s][info][gc,phases,start] GC(38) Phase 2: Prepare compaction
[17.669s][info][gc,phases      ] GC(38) Phase 2: Prepare compaction 0.540ms
[17.669s][info][gc,phases,start] GC(38) Phase 3: Adjust pointers
[17.669s][info][gc,phases      ] GC(38) Phase 3: Adjust pointers 0.821ms
[17.669s][info][gc,phases,start] GC(38) Phase 4: Compact heap
[17.670s][info][gc,phases      ] GC(38) Phase 4: Compact heap 0.378ms
[17.670s][info][gc,phases,start] GC(38) Phase 5: Reset Metadata
[17.670s][info][gc,phases      ] GC(38) Phase 5: Reset Metadata 0.606ms
[17.674s][info][gc,heap        ] GC(38) Eden regions: 1->0(102)
[17.674s][info][gc,heap        ] GC(38) Survivor regions: 0->0(0)
[17.674s][info][gc,heap        ] GC(38) Old regions: 4->4
[17.674s][info][gc,heap        ] GC(38) Humongous regions: 0->0
[17.674s][info][gc,metaspace   ] GC(38) Metaspace: 429K(640K)->428K(640K) NonClass: 387K(512K)->386K(512K) Class: 42K(128K)->41K(128K)
[17.674s][info][gc             ] GC(38) Pause Full (System.gc()) 3M->1M(8192M) 7.841ms
[17.674s][info][gc,cpu         ] GC(38) User=0.03s Sys=0.00s Real=0.01s
[18.130s][info][gc,start       ] GC(39) Pause Full (System.gc())
[18.130s][info][gc,task        ] GC(39) Using 5 workers of 10 for full compaction
[18.131s][info][gc,phases,start] GC(39) Phase 1: Mark live objects
[18.132s][info][gc,phases      ] GC(39) Phase 1: Mark live objects 1.161ms
[18.132s][info][gc,phases,start] GC(39) Phase 2: Prepare compaction
[18.132s][info][gc,phases      ] GC(39) Phase 2: Prepare compaction 0.580ms
[18.132s][info][gc,phases,start] GC(39) Phase 3: Adjust pointers
[18.133s][info][gc,phases      ] GC(39) Phase 3: Adjust pointers 0.767ms
[18.133s][info][gc,phases,start] GC(39) Phase 4: Compact heap
[18.134s][info][gc,phases      ] GC(39) Phase 4: Compact heap 0.346ms
[18.134s][info][gc,phases,start] GC(39) Phase 5: Reset Metadata
[18.134s][info][gc,phases      ] GC(39) Phase 5: Reset Metadata 0.620ms
[18.138s][info][gc,heap        ] GC(39) Eden regions: 1->0(102)
[18.138s][info][gc,heap        ] GC(39) Survivor regions: 0->0(0)
[18.138s][info][gc,heap        ] GC(39) Old regions: 4->4
[18.138s][info][gc,heap        ] GC(39) Humongous regions: 0->0
[18.138s][info][gc,metaspace   ] GC(39) Metaspace: 433K(640K)->432K(640K) NonClass: 390K(512K)->389K(512K) Class: 43K(128K)->42K(128K)
[18.138s][info][gc             ] GC(39) Pause Full (System.gc()) 3M->1M(8192M) 7.218ms
[18.138s][info][gc,cpu         ] GC(39) User=0.02s Sys=0.00s Real=0.00s
[18.591s][info][gc,start       ] GC(40) Pause Full (System.gc())
[18.591s][info][gc,task        ] GC(40) Using 5 workers of 10 for full compaction
[18.591s][info][gc,phases,start] GC(40) Phase 1: Mark live objects
[18.592s][info][gc,phases      ] GC(40) Phase 1: Mark live objects 1.294ms
[18.592s][info][gc,phases,start] GC(40) Phase 2: Prepare compaction
[18.593s][info][gc,phases      ] GC(40) Phase 2: Prepare compaction 0.421ms
[18.593s][info][gc,phases,start] GC(40) Phase 3: Adjust pointers
[18.594s][info][gc,phases      ] GC(40) Phase 3: Adjust pointers 1.133ms
[18.594s][info][gc,phases,start] GC(40) Phase 4: Compact heap
[18.596s][info][gc,phases      ] GC(40) Phase 4: Compact heap 1.838ms
[18.596s][info][gc,phases,start] GC(40) Phase 5: Reset Metadata
[18.597s][info][gc,phases      ] GC(40) Phase 5: Reset Metadata 0.910ms
[18.601s][info][gc,heap        ] GC(40) Eden regions: 1->0(102)
[18.601s][info][gc,heap        ] GC(40) Survivor regions: 0->0(0)
[18.601s][info][gc,heap        ] GC(40) Old regions: 4->4
[18.601s][info][gc,heap        ] GC(40) Humongous regions: 0->0
[18.601s][info][gc,metaspace   ] GC(40) Metaspace: 439K(640K)->438K(640K) NonClass: 394K(512K)->393K(512K) Class: 44K(128K)->44K(128K)
[18.601s][info][gc             ] GC(40) Pause Full (System.gc()) 3M->1M(8192M) 10.085ms
[18.601s][info][gc,cpu         ] GC(40) User=0.03s Sys=0.00s Real=0.01s
[19.055s][info][gc,start       ] GC(41) Pause Full (System.gc())
[19.055s][info][gc,task        ] GC(41) Using 5 workers of 10 for full compaction
[19.055s][info][gc,phases,start] GC(41) Phase 1: Mark live objects
[19.058s][info][gc,phases      ] GC(41) Phase 1: Mark live objects 2.841ms
[19.058s][info][gc,phases,start] GC(41) Phase 2: Prepare compaction
[19.058s][info][gc,phases      ] GC(41) Phase 2: Prepare compaction 0.470ms
[19.058s][info][gc,phases,start] GC(41) Phase 3: Adjust pointers
[19.059s][info][gc,phases      ] GC(41) Phase 3: Adjust pointers 0.716ms
[19.059s][info][gc,phases,start] GC(41) Phase 4: Compact heap
[19.060s][info][gc,phases      ] GC(41) Phase 4: Compact heap 0.370ms
[19.060s][info][gc,phases,start] GC(41) Phase 5: Reset Metadata
[19.060s][info][gc,phases      ] GC(41) Phase 5: Reset Metadata 0.716ms
[19.064s][info][gc,heap        ] GC(41) Eden regions: 1->0(102)
[19.064s][info][gc,heap        ] GC(41) Survivor regions: 0->0(0)
[19.064s][info][gc,heap        ] GC(41) Old regions: 4->4
[19.064s][info][gc,heap        ] GC(41) Humongous regions: 0->0
[19.064s][info][gc,metaspace   ] GC(41) Metaspace: 447K(640K)->446K(640K) NonClass: 401K(512K)->400K(512K) Class: 45K(128K)->45K(128K)
[19.064s][info][gc             ] GC(41) Pause Full (System.gc()) 5M->1M(8192M) 9.479ms
[19.064s][info][gc,cpu         ] GC(41) User=0.03s Sys=0.01s Real=0.01s
[19.519s][info][gc,start       ] GC(42) Pause Full (System.gc())
[19.519s][info][gc,task        ] GC(42) Using 5 workers of 10 for full compaction
[19.519s][info][gc,phases,start] GC(42) Phase 1: Mark live objects
[19.521s][info][gc,phases      ] GC(42) Phase 1: Mark live objects 1.575ms
[19.521s][info][gc,phases,start] GC(42) Phase 2: Prepare compaction
[19.521s][info][gc,phases      ] GC(42) Phase 2: Prepare compaction 0.454ms
[19.521s][info][gc,phases,start] GC(42) Phase 3: Adjust pointers
[19.522s][info][gc,phases      ] GC(42) Phase 3: Adjust pointers 0.643ms
[19.522s][info][gc,phases,start] GC(42) Phase 4: Compact heap
[19.522s][info][gc,phases      ] GC(42) Phase 4: Compact heap 0.447ms
[19.522s][info][gc,phases,start] GC(42) Phase 5: Reset Metadata
[19.523s][info][gc,phases      ] GC(42) Phase 5: Reset Metadata 0.635ms
[19.527s][info][gc,heap        ] GC(42) Eden regions: 1->0(102)
[19.527s][info][gc,heap        ] GC(42) Survivor regions: 0->0(0)
[19.527s][info][gc,heap        ] GC(42) Old regions: 4->4
[19.527s][info][gc,heap        ] GC(42) Humongous regions: 0->0
[19.527s][info][gc,metaspace   ] GC(42) Metaspace: 458K(640K)->457K(640K) NonClass: 411K(512K)->410K(512K) Class: 47K(128K)->46K(128K)
[19.527s][info][gc             ] GC(42) Pause Full (System.gc()) 3M->1M(8192M) 7.782ms
[19.527s][info][gc,cpu         ] GC(42) User=0.03s Sys=0.00s Real=0.00s
[19.982s][info][gc,start       ] GC(43) Pause Full (System.gc())
[19.982s][info][gc,task        ] GC(43) Using 5 workers of 10 for full compaction
[19.982s][info][gc,phases,start] GC(43) Phase 1: Mark live objects
[19.983s][info][gc,phases      ] GC(43) Phase 1: Mark live objects 1.220ms
[19.983s][info][gc,phases,start] GC(43) Phase 2: Prepare compaction
[19.984s][info][gc,phases      ] GC(43) Phase 2: Prepare compaction 0.481ms
[19.984s][info][gc,phases,start] GC(43) Phase 3: Adjust pointers
[19.984s][info][gc,phases      ] GC(43) Phase 3: Adjust pointers 0.616ms
[19.985s][info][gc,phases,start] GC(43) Phase 4: Compact heap
[19.985s][info][gc,phases      ] GC(43) Phase 4: Compact heap 0.358ms
[19.985s][info][gc,phases,start] GC(43) Phase 5: Reset Metadata
[19.986s][info][gc,phases      ] GC(43) Phase 5: Reset Metadata 0.689ms
[19.988s][info][gc,heap        ] GC(43) Eden regions: 1->0(102)
[19.988s][info][gc,heap        ] GC(43) Survivor regions: 0->0(0)
[19.988s][info][gc,heap        ] GC(43) Old regions: 4->4
[19.988s][info][gc,heap        ] GC(43) Humongous regions: 0->0
[19.988s][info][gc,metaspace   ] GC(43) Metaspace: 462K(640K)->461K(640K) NonClass: 414K(512K)->413K(512K) Class: 48K(128K)->47K(128K)
[19.989s][info][gc             ] GC(43) Pause Full (System.gc()) 3M->1M(8192M) 6.650ms
[19.989s][info][gc,cpu         ] GC(43) User=0.02s Sys=0.00s Real=0.01s
[20.443s][info][gc,start       ] GC(44) Pause Full (System.gc())
[20.443s][info][gc,task        ] GC(44) Using 5 workers of 10 for full compaction
[20.443s][info][gc,phases,start] GC(44) Phase 1: Mark live objects
[20.444s][info][gc,phases      ] GC(44) Phase 1: Mark live objects 0.959ms
[20.444s][info][gc,phases,start] GC(44) Phase 2: Prepare compaction
[20.444s][info][gc,phases      ] GC(44) Phase 2: Prepare compaction 0.519ms
[20.444s][info][gc,phases,start] GC(44) Phase 3: Adjust pointers
[20.445s][info][gc,phases      ] GC(44) Phase 3: Adjust pointers 0.762ms
[20.445s][info][gc,phases,start] GC(44) Phase 4: Compact heap
[20.446s][info][gc,phases      ] GC(44) Phase 4: Compact heap 0.424ms
[20.446s][info][gc,phases,start] GC(44) Phase 5: Reset Metadata
[20.446s][info][gc,phases      ] GC(44) Phase 5: Reset Metadata 0.628ms
[20.450s][info][gc,heap        ] GC(44) Eden regions: 1->0(102)
[20.450s][info][gc,heap        ] GC(44) Survivor regions: 0->0(0)
[20.450s][info][gc,heap        ] GC(44) Old regions: 4->4
[20.450s][info][gc,heap        ] GC(44) Humongous regions: 0->0
[20.450s][info][gc,metaspace   ] GC(44) Metaspace: 466K(640K)->466K(640K) NonClass: 416K(512K)->416K(512K) Class: 49K(128K)->49K(128K)
[20.450s][info][gc             ] GC(44) Pause Full (System.gc()) 3M->1M(8192M) 7.329ms
[20.450s][info][gc,cpu         ] GC(44) User=0.03s Sys=0.00s Real=0.01s
[20.904s][info][gc,start       ] GC(45) Pause Full (System.gc())
[20.904s][info][gc,task        ] GC(45) Using 5 workers of 10 for full compaction
[20.904s][info][gc,phases,start] GC(45) Phase 1: Mark live objects
[20.905s][info][gc,phases      ] GC(45) Phase 1: Mark live objects 1.360ms
[20.905s][info][gc,phases,start] GC(45) Phase 2: Prepare compaction
[20.906s][info][gc,phases      ] GC(45) Phase 2: Prepare compaction 0.411ms
[20.906s][info][gc,phases,start] GC(45) Phase 3: Adjust pointers
[20.906s][info][gc,phases      ] GC(45) Phase 3: Adjust pointers 0.602ms
[20.906s][info][gc,phases,start] GC(45) Phase 4: Compact heap
[20.907s][info][gc,phases      ] GC(45) Phase 4: Compact heap 0.298ms
[20.907s][info][gc,phases,start] GC(45) Phase 5: Reset Metadata
[20.907s][info][gc,phases      ] GC(45) Phase 5: Reset Metadata 0.621ms
[20.911s][info][gc,heap        ] GC(45) Eden regions: 1->0(102)
[20.911s][info][gc,heap        ] GC(45) Survivor regions: 0->0(0)
[20.911s][info][gc,heap        ] GC(45) Old regions: 4->4
[20.911s][info][gc,heap        ] GC(45) Humongous regions: 0->0
[20.911s][info][gc,metaspace   ] GC(45) Metaspace: 471K(640K)->455K(640K) NonClass: 420K(512K)->411K(512K) Class: 51K(128K)->44K(128K)
[20.911s][info][gc             ] GC(45) Pause Full (System.gc()) 3M->1M(8192M) 7.269ms
[20.911s][info][gc,cpu         ] GC(45) User=0.03s Sys=0.00s Real=0.01s
[21.367s][info][gc,start       ] GC(46) Pause Full (System.gc())
[21.367s][info][gc,task        ] GC(46) Using 5 workers of 10 for full compaction
[21.367s][info][gc,phases,start] GC(46) Phase 1: Mark live objects
[21.368s][info][gc,phases      ] GC(46) Phase 1: Mark live objects 1.172ms
[21.368s][info][gc,phases,start] GC(46) Phase 2: Prepare compaction
[21.369s][info][gc,phases      ] GC(46) Phase 2: Prepare compaction 0.452ms
[21.369s][info][gc,phases,start] GC(46) Phase 3: Adjust pointers
[21.369s][info][gc,phases      ] GC(46) Phase 3: Adjust pointers 0.549ms
[21.369s][info][gc,phases,start] GC(46) Phase 4: Compact heap
[21.370s][info][gc,phases      ] GC(46) Phase 4: Compact heap 0.304ms
[21.370s][info][gc,phases,start] GC(46) Phase 5: Reset Metadata
[21.370s][info][gc,phases      ] GC(46) Phase 5: Reset Metadata 0.632ms
[21.374s][info][gc,heap        ] GC(46) Eden regions: 1->0(102)
[21.374s][info][gc,heap        ] GC(46) Survivor regions: 0->0(0)
[21.374s][info][gc,heap        ] GC(46) Old regions: 4->4
[21.374s][info][gc,heap        ] GC(46) Humongous regions: 0->0
[21.374s][info][gc,metaspace   ] GC(46) Metaspace: 460K(640K)->457K(640K) NonClass: 414K(512K)->412K(512K) Class: 46K(128K)->45K(128K)
[21.374s][info][gc             ] GC(46) Pause Full (System.gc()) 3M->1M(8192M) 7.162ms
[21.374s][info][gc,cpu         ] GC(46) User=0.02s Sys=0.00s Real=0.01s
[21.830s][info][gc,start       ] GC(47) Pause Full (System.gc())
[21.830s][info][gc,task        ] GC(47) Using 5 workers of 10 for full compaction
[21.830s][info][gc,phases,start] GC(47) Phase 1: Mark live objects
[21.831s][info][gc,phases      ] GC(47) Phase 1: Mark live objects 1.275ms
[21.831s][info][gc,phases,start] GC(47) Phase 2: Prepare compaction
[21.832s][info][gc,phases      ] GC(47) Phase 2: Prepare compaction 0.471ms
[21.832s][info][gc,phases,start] GC(47) Phase 3: Adjust pointers
[21.832s][info][gc,phases      ] GC(47) Phase 3: Adjust pointers 0.711ms
[21.832s][info][gc,phases,start] GC(47) Phase 4: Compact heap
[21.833s][info][gc,phases      ] GC(47) Phase 4: Compact heap 0.396ms
[21.833s][info][gc,phases,start] GC(47) Phase 5: Reset Metadata
[21.833s][info][gc,phases      ] GC(47) Phase 5: Reset Metadata 0.625ms
[21.837s][info][gc,heap        ] GC(47) Eden regions: 1->0(102)
[21.837s][info][gc,heap        ] GC(47) Survivor regions: 0->0(0)
[21.837s][info][gc,heap        ] GC(47) Old regions: 4->4
[21.837s][info][gc,heap        ] GC(47) Humongous regions: 0->0
[21.837s][info][gc,metaspace   ] GC(47) Metaspace: 462K(640K)->460K(640K) NonClass: 416K(512K)->414K(512K) Class: 46K(128K)->45K(128K)
[21.837s][info][gc             ] GC(47) Pause Full (System.gc()) 3M->1M(8192M) 6.914ms
[21.837s][info][gc,cpu         ] GC(47) User=0.03s Sys=0.01s Real=0.00s
[22.288s][info][gc,start       ] GC(48) Pause Full (System.gc())
[22.289s][info][gc,task        ] GC(48) Using 5 workers of 10 for full compaction
[22.289s][info][gc,phases,start] GC(48) Phase 1: Mark live objects
[22.290s][info][gc,phases      ] GC(48) Phase 1: Mark live objects 1.071ms
[22.293s][info][gc,phases,start] GC(48) Phase 2: Prepare compaction
[22.294s][info][gc,phases      ] GC(48) Phase 2: Prepare compaction 0.454ms
[22.294s][info][gc,phases,start] GC(48) Phase 3: Adjust pointers
[22.294s][info][gc,phases      ] GC(48) Phase 3: Adjust pointers 0.684ms
[22.294s][info][gc,phases,start] GC(48) Phase 4: Compact heap
[22.295s][info][gc,phases      ] GC(48) Phase 4: Compact heap 0.355ms
[22.295s][info][gc,phases,start] GC(48) Phase 5: Reset Metadata
[22.295s][info][gc,phases      ] GC(48) Phase 5: Reset Metadata 0.625ms
[22.299s][info][gc,heap        ] GC(48) Eden regions: 1->0(102)
[22.299s][info][gc,heap        ] GC(48) Survivor regions: 0->0(0)
[22.299s][info][gc,heap        ] GC(48) Old regions: 4->4
[22.299s][info][gc,heap        ] GC(48) Humongous regions: 0->0
[22.299s][info][gc,metaspace   ] GC(48) Metaspace: 465K(640K)->462K(640K) NonClass: 417K(512K)->416K(512K) Class: 47K(128K)->46K(128K)
[22.299s][info][gc             ] GC(48) Pause Full (System.gc()) 3M->1M(8192M) 11.369ms
[22.299s][info][gc,cpu         ] GC(48) User=0.03s Sys=0.00s Real=0.01s
[22.754s][info][gc,start       ] GC(49) Pause Full (System.gc())
[22.754s][info][gc,task        ] GC(49) Using 5 workers of 10 for full compaction
[22.755s][info][gc,phases,start] GC(49) Phase 1: Mark live objects
[22.755s][info][gc,phases      ] GC(49) Phase 1: Mark live objects 0.831ms
[22.756s][info][gc,phases,start] GC(49) Phase 2: Prepare compaction
[22.756s][info][gc,phases      ] GC(49) Phase 2: Prepare compaction 0.464ms
[22.756s][info][gc,phases,start] GC(49) Phase 3: Adjust pointers
[22.757s][info][gc,phases      ] GC(49) Phase 3: Adjust pointers 0.598ms
[22.757s][info][gc,phases,start] GC(49) Phase 4: Compact heap
[22.757s][info][gc,phases      ] GC(49) Phase 4: Compact heap 0.370ms
[22.757s][info][gc,phases,start] GC(49) Phase 5: Reset Metadata
[22.758s][info][gc,phases      ] GC(49) Phase 5: Reset Metadata 0.615ms
[22.761s][info][gc,heap        ] GC(49) Eden regions: 1->0(102)
[22.761s][info][gc,heap        ] GC(49) Survivor regions: 0->0(0)
[22.761s][info][gc,heap        ] GC(49) Old regions: 4->4
[22.761s][info][gc,heap        ] GC(49) Humongous regions: 0->0
[22.761s][info][gc,metaspace   ] GC(49) Metaspace: 467K(640K)->467K(640K) NonClass: 419K(512K)->419K(512K) Class: 47K(128K)->47K(128K)
[22.761s][info][gc             ] GC(49) Pause Full (System.gc()) 3M->1M(8192M) 6.969ms
[22.761s][info][gc,cpu         ] GC(49) User=0.02s Sys=0.00s Real=0.01s
[23.217s][info][gc,start       ] GC(50) Pause Full (System.gc())
[23.217s][info][gc,task        ] GC(50) Using 5 workers of 10 for full compaction
[23.217s][info][gc,phases,start] GC(50) Phase 1: Mark live objects
[23.218s][info][gc,phases      ] GC(50) Phase 1: Mark live objects 1.378ms
[23.218s][info][gc,phases,start] GC(50) Phase 2: Prepare compaction
[23.219s][info][gc,phases      ] GC(50) Phase 2: Prepare compaction 0.381ms
[23.219s][info][gc,phases,start] GC(50) Phase 3: Adjust pointers
[23.219s][info][gc,phases      ] GC(50) Phase 3: Adjust pointers 0.560ms
[23.219s][info][gc,phases,start] GC(50) Phase 4: Compact heap
[23.219s][info][gc,phases      ] GC(50) Phase 4: Compact heap 0.284ms
[23.219s][info][gc,phases,start] GC(50) Phase 5: Reset Metadata
[23.220s][info][gc,phases      ] GC(50) Phase 5: Reset Metadata 0.539ms
[23.224s][info][gc,heap        ] GC(50) Eden regions: 1->0(102)
[23.224s][info][gc,heap        ] GC(50) Survivor regions: 0->0(0)
[23.224s][info][gc,heap        ] GC(50) Old regions: 4->4
[23.224s][info][gc,heap        ] GC(50) Humongous regions: 0->0
[23.224s][info][gc,metaspace   ] GC(50) Metaspace: 472K(640K)->417K(640K) NonClass: 422K(512K)->380K(512K) Class: 49K(128K)->36K(128K)
[23.224s][info][gc             ] GC(50) Pause Full (System.gc()) 3M->1M(8192M) 7.398ms
[23.224s][info][gc,cpu         ] GC(50) User=0.03s Sys=0.00s Real=0.01s
[23.676s][info][gc,start       ] GC(51) Pause Full (System.gc())
[23.676s][info][gc,task        ] GC(51) Using 5 workers of 10 for full compaction
[23.676s][info][gc,phases,start] GC(51) Phase 1: Mark live objects
[23.677s][info][gc,phases      ] GC(51) Phase 1: Mark live objects 1.102ms
[23.677s][info][gc,phases,start] GC(51) Phase 2: Prepare compaction
[23.678s][info][gc,phases      ] GC(51) Phase 2: Prepare compaction 0.439ms
[23.678s][info][gc,phases,start] GC(51) Phase 3: Adjust pointers
[23.678s][info][gc,phases      ] GC(51) Phase 3: Adjust pointers 0.597ms
[23.678s][info][gc,phases,start] GC(51) Phase 4: Compact heap
[23.679s][info][gc,phases      ] GC(51) Phase 4: Compact heap 0.322ms
[23.679s][info][gc,phases,start] GC(51) Phase 5: Reset Metadata
[23.679s][info][gc,phases      ] GC(51) Phase 5: Reset Metadata 0.614ms
[23.683s][info][gc,heap        ] GC(51) Eden regions: 1->0(102)
[23.683s][info][gc,heap        ] GC(51) Survivor regions: 0->0(0)
[23.683s][info][gc,heap        ] GC(51) Old regions: 4->4
[23.683s][info][gc,heap        ] GC(51) Humongous regions: 0->0
[23.683s][info][gc,metaspace   ] GC(51) Metaspace: 422K(640K)->419K(640K) NonClass: 384K(512K)->381K(512K) Class: 38K(128K)->37K(128K)
[23.683s][info][gc             ] GC(51) Pause Full (System.gc()) 3M->1M(8192M) 7.127ms
[23.683s][info][gc,cpu         ] GC(51) User=0.03s Sys=0.00s Real=0.01s
[24.137s][info][gc,start       ] GC(52) Pause Full (System.gc())
[24.137s][info][gc,task        ] GC(52) Using 5 workers of 10 for full compaction
[24.137s][info][gc,phases,start] GC(52) Phase 1: Mark live objects
[24.138s][info][gc,phases      ] GC(52) Phase 1: Mark live objects 1.160ms
[24.138s][info][gc,phases,start] GC(52) Phase 2: Prepare compaction
[24.139s][info][gc,phases      ] GC(52) Phase 2: Prepare compaction 0.509ms
[24.139s][info][gc,phases,start] GC(52) Phase 3: Adjust pointers
[24.140s][info][gc,phases      ] GC(52) Phase 3: Adjust pointers 0.661ms
[24.140s][info][gc,phases,start] GC(52) Phase 4: Compact heap
[24.140s][info][gc,phases      ] GC(52) Phase 4: Compact heap 0.351ms
[24.140s][info][gc,phases,start] GC(52) Phase 5: Reset Metadata
[24.141s][info][gc,phases      ] GC(52) Phase 5: Reset Metadata 0.629ms
[24.144s][info][gc,heap        ] GC(52) Eden regions: 1->0(102)
[24.145s][info][gc,heap        ] GC(52) Survivor regions: 0->0(0)
[24.145s][info][gc,heap        ] GC(52) Old regions: 4->4
[24.145s][info][gc,heap        ] GC(52) Humongous regions: 0->0
[24.145s][info][gc,metaspace   ] GC(52) Metaspace: 424K(640K)->423K(640K) NonClass: 385K(512K)->384K(512K) Class: 39K(128K)->38K(128K)
[24.145s][info][gc             ] GC(52) Pause Full (System.gc()) 3M->1M(8192M) 7.640ms
[24.145s][info][gc,cpu         ] GC(52) User=0.02s Sys=0.00s Real=0.01s
[24.596s][info][gc,start       ] GC(53) Pause Full (System.gc())
[24.597s][info][gc,task        ] GC(53) Using 5 workers of 10 for full compaction
[24.597s][info][gc,phases,start] GC(53) Phase 1: Mark live objects
[24.598s][info][gc,phases      ] GC(53) Phase 1: Mark live objects 1.014ms
[24.598s][info][gc,phases,start] GC(53) Phase 2: Prepare compaction
[24.598s][info][gc,phases      ] GC(53) Phase 2: Prepare compaction 0.428ms
[24.598s][info][gc,phases,start] GC(53) Phase 3: Adjust pointers
[24.599s][info][gc,phases      ] GC(53) Phase 3: Adjust pointers 0.625ms
[24.599s][info][gc,phases,start] GC(53) Phase 4: Compact heap
[24.599s][info][gc,phases      ] GC(53) Phase 4: Compact heap 0.338ms
[24.599s][info][gc,phases,start] GC(53) Phase 5: Reset Metadata
[24.600s][info][gc,phases      ] GC(53) Phase 5: Reset Metadata 0.596ms
[24.603s][info][gc,heap        ] GC(53) Eden regions: 1->0(102)
[24.603s][info][gc,heap        ] GC(53) Survivor regions: 0->0(0)
[24.603s][info][gc,heap        ] GC(53) Old regions: 4->4
[24.603s][info][gc,heap        ] GC(53) Humongous regions: 0->0
[24.603s][info][gc,metaspace   ] GC(53) Metaspace: 428K(640K)->428K(640K) NonClass: 388K(512K)->388K(512K) Class: 40K(128K)->40K(128K)
[24.603s][info][gc             ] GC(53) Pause Full (System.gc()) 3M->1M(8192M) 6.676ms
[24.603s][info][gc,cpu         ] GC(53) User=0.03s Sys=0.01s Real=0.01s
[25.056s][info][gc,start       ] GC(54) Pause Full (System.gc())
[25.056s][info][gc,task        ] GC(54) Using 5 workers of 10 for full compaction
[25.057s][info][gc,phases,start] GC(54) Phase 1: Mark live objects
[25.058s][info][gc,phases      ] GC(54) Phase 1: Mark live objects 0.989ms
[25.058s][info][gc,phases,start] GC(54) Phase 2: Prepare compaction
[25.058s][info][gc,phases      ] GC(54) Phase 2: Prepare compaction 0.451ms
[25.058s][info][gc,phases,start] GC(54) Phase 3: Adjust pointers
[25.059s][info][gc,phases      ] GC(54) Phase 3: Adjust pointers 0.628ms
[25.059s][info][gc,phases,start] GC(54) Phase 4: Compact heap
[25.059s][info][gc,phases      ] GC(54) Phase 4: Compact heap 0.308ms
[25.059s][info][gc,phases,start] GC(54) Phase 5: Reset Metadata
[25.060s][info][gc,phases      ] GC(54) Phase 5: Reset Metadata 0.618ms
[25.063s][info][gc,heap        ] GC(54) Eden regions: 1->0(102)
[25.063s][info][gc,heap        ] GC(54) Survivor regions: 0->0(0)
[25.063s][info][gc,heap        ] GC(54) Old regions: 4->4
[25.063s][info][gc,heap        ] GC(54) Humongous regions: 0->0
[25.063s][info][gc,metaspace   ] GC(54) Metaspace: 435K(640K)->435K(640K) NonClass: 392K(512K)->392K(512K) Class: 42K(128K)->42K(128K)
[25.063s][info][gc             ] GC(54) Pause Full (System.gc()) 3M->1M(8192M) 7.005ms
[25.063s][info][gc,cpu         ] GC(54) User=0.03s Sys=0.00s Real=0.01s
[25.517s][info][gc,start       ] GC(55) Pause Full (System.gc())
[25.517s][info][gc,task        ] GC(55) Using 5 workers of 10 for full compaction
[25.517s][info][gc,phases,start] GC(55) Phase 1: Mark live objects
[25.518s][info][gc,phases      ] GC(55) Phase 1: Mark live objects 1.039ms
[25.518s][info][gc,phases,start] GC(55) Phase 2: Prepare compaction
[25.518s][info][gc,phases      ] GC(55) Phase 2: Prepare compaction 0.470ms
[25.518s][info][gc,phases,start] GC(55) Phase 3: Adjust pointers
[25.519s][info][gc,phases      ] GC(55) Phase 3: Adjust pointers 0.673ms
[25.519s][info][gc,phases,start] GC(55) Phase 4: Compact heap
[25.520s][info][gc,phases      ] GC(55) Phase 4: Compact heap 0.352ms
[25.520s][info][gc,phases,start] GC(55) Phase 5: Reset Metadata
[25.520s][info][gc,phases      ] GC(55) Phase 5: Reset Metadata 0.637ms
[25.524s][info][gc,heap        ] GC(55) Eden regions: 1->0(102)
[25.524s][info][gc,heap        ] GC(55) Survivor regions: 0->0(0)
[25.524s][info][gc,heap        ] GC(55) Old regions: 4->4
[25.524s][info][gc,heap        ] GC(55) Humongous regions: 0->0
[25.524s][info][gc,metaspace   ] GC(55) Metaspace: 441K(640K)->438K(640K) NonClass: 396K(512K)->395K(512K) Class: 44K(128K)->42K(128K)
[25.524s][info][gc             ] GC(55) Pause Full (System.gc()) 3M->1M(8192M) 7.262ms
[25.524s][info][gc,cpu         ] GC(55) User=0.02s Sys=0.00s Real=0.01s
[25.979s][info][gc,start       ] GC(56) Pause Full (System.gc())
[25.979s][info][gc,task        ] GC(56) Using 5 workers of 10 for full compaction
[25.979s][info][gc,phases,start] GC(56) Phase 1: Mark live objects
[25.980s][info][gc,phases      ] GC(56) Phase 1: Mark live objects 1.066ms
[25.980s][info][gc,phases,start] GC(56) Phase 2: Prepare compaction
[25.981s][info][gc,phases      ] GC(56) Phase 2: Prepare compaction 0.494ms
[25.981s][info][gc,phases,start] GC(56) Phase 3: Adjust pointers
[25.981s][info][gc,phases      ] GC(56) Phase 3: Adjust pointers 0.660ms
[25.981s][info][gc,phases,start] GC(56) Phase 4: Compact heap
[25.982s][info][gc,phases      ] GC(56) Phase 4: Compact heap 0.396ms
[25.982s][info][gc,phases,start] GC(56) Phase 5: Reset Metadata
[25.983s][info][gc,phases      ] GC(56) Phase 5: Reset Metadata 0.630ms
[25.986s][info][gc,heap        ] GC(56) Eden regions: 1->0(102)
[25.986s][info][gc,heap        ] GC(56) Survivor regions: 0->0(0)
[25.986s][info][gc,heap        ] GC(56) Old regions: 4->4
[25.986s][info][gc,heap        ] GC(56) Humongous regions: 0->0
[25.986s][info][gc,metaspace   ] GC(56) Metaspace: 446K(640K)->446K(640K) NonClass: 402K(512K)->402K(512K) Class: 44K(128K)->43K(128K)
[25.986s][info][gc             ] GC(56) Pause Full (System.gc()) 3M->1M(8192M) 7.346ms
[25.986s][info][gc,cpu         ] GC(56) User=0.03s Sys=0.00s Real=0.00s
[26.438s][info][gc,start       ] GC(57) Pause Full (System.gc())
[26.438s][info][gc,task        ] GC(57) Using 5 workers of 10 for full compaction
[26.438s][info][gc,phases,start] GC(57) Phase 1: Mark live objects
[26.439s][info][gc,phases      ] GC(57) Phase 1: Mark live objects 0.546ms
[26.439s][info][gc,phases,start] GC(57) Phase 2: Prepare compaction
[26.439s][info][gc,phases      ] GC(57) Phase 2: Prepare compaction 0.345ms
[26.439s][info][gc,phases,start] GC(57) Phase 3: Adjust pointers
[26.440s][info][gc,phases      ] GC(57) Phase 3: Adjust pointers 0.480ms
[26.440s][info][gc,phases,start] GC(57) Phase 4: Compact heap
[26.440s][info][gc,phases      ] GC(57) Phase 4: Compact heap 0.235ms
[26.440s][info][gc,phases,start] GC(57) Phase 5: Reset Metadata
[26.440s][info][gc,phases      ] GC(57) Phase 5: Reset Metadata 0.315ms
[26.442s][info][gc,heap        ] GC(57) Eden regions: 1->0(102)
[26.442s][info][gc,heap        ] GC(57) Survivor regions: 0->0(0)
[26.442s][info][gc,heap        ] GC(57) Old regions: 4->4
[26.442s][info][gc,heap        ] GC(57) Humongous regions: 0->0
[26.442s][info][gc,metaspace   ] GC(57) Metaspace: 453K(640K)->453K(640K) NonClass: 407K(512K)->407K(512K) Class: 45K(128K)->45K(128K)
[26.442s][info][gc             ] GC(57) Pause Full (System.gc()) 3M->1M(8192M) 4.144ms
[26.442s][info][gc,cpu         ] GC(57) User=0.02s Sys=0.00s Real=0.00s
[26.898s][info][gc,start       ] GC(58) Pause Full (System.gc())
[26.898s][info][gc,task        ] GC(58) Using 5 workers of 10 for full compaction
[26.899s][info][gc,phases,start] GC(58) Phase 1: Mark live objects
[26.900s][info][gc,phases      ] GC(58) Phase 1: Mark live objects 0.960ms
[26.900s][info][gc,phases,start] GC(58) Phase 2: Prepare compaction
[26.900s][info][gc,phases      ] GC(58) Phase 2: Prepare compaction 0.481ms
[26.900s][info][gc,phases,start] GC(58) Phase 3: Adjust pointers
[26.901s][info][gc,phases      ] GC(58) Phase 3: Adjust pointers 0.618ms
[26.901s][info][gc,phases,start] GC(58) Phase 4: Compact heap
[26.901s][info][gc,phases      ] GC(58) Phase 4: Compact heap 0.342ms
[26.901s][info][gc,phases,start] GC(58) Phase 5: Reset Metadata
[26.902s][info][gc,phases      ] GC(58) Phase 5: Reset Metadata 0.605ms
[26.905s][info][gc,heap        ] GC(58) Eden regions: 1->0(102)
[26.905s][info][gc,heap        ] GC(58) Survivor regions: 0->0(0)
[26.905s][info][gc,heap        ] GC(58) Old regions: 4->4
[26.905s][info][gc,heap        ] GC(58) Humongous regions: 0->0
[26.905s][info][gc,metaspace   ] GC(58) Metaspace: 458K(640K)->458K(640K) NonClass: 410K(512K)->410K(512K) Class: 47K(128K)->47K(128K)
[26.905s][info][gc             ] GC(58) Pause Full (System.gc()) 3M->1M(8192M) 6.930ms
[26.905s][info][gc,cpu         ] GC(58) User=0.02s Sys=0.00s Real=0.00s
[27.358s][info][gc,start       ] GC(59) Pause Full (System.gc())
[27.358s][info][gc,task        ] GC(59) Using 5 workers of 10 for full compaction
[27.359s][info][gc,phases,start] GC(59) Phase 1: Mark live objects
[27.360s][info][gc,phases      ] GC(59) Phase 1: Mark live objects 1.185ms
[27.360s][info][gc,phases,start] GC(59) Phase 2: Prepare compaction
[27.360s][info][gc,phases      ] GC(59) Phase 2: Prepare compaction 0.421ms
[27.360s][info][gc,phases,start] GC(59) Phase 3: Adjust pointers
[27.361s][info][gc,phases      ] GC(59) Phase 3: Adjust pointers 0.594ms
[27.361s][info][gc,phases,start] GC(59) Phase 4: Compact heap
[27.361s][info][gc,phases      ] GC(59) Phase 4: Compact heap 0.358ms
[27.361s][info][gc,phases,start] GC(59) Phase 5: Reset Metadata
[27.362s][info][gc,phases      ] GC(59) Phase 5: Reset Metadata 0.587ms
[27.366s][info][gc,heap        ] GC(59) Eden regions: 1->0(102)
[27.366s][info][gc,heap        ] GC(59) Survivor regions: 0->0(0)
[27.366s][info][gc,heap        ] GC(59) Old regions: 4->4
[27.366s][info][gc,heap        ] GC(59) Humongous regions: 0->0
[27.366s][info][gc,metaspace   ] GC(59) Metaspace: 463K(640K)->463K(640K) NonClass: 414K(512K)->414K(512K) Class: 49K(128K)->49K(128K)
[27.366s][info][gc             ] GC(59) Pause Full (System.gc()) 3M->1M(8192M) 7.261ms
[27.366s][info][gc,cpu         ] GC(59) User=0.03s Sys=0.01s Real=0.00s
[27.822s][info][gc,start       ] GC(60) Pause Full (System.gc())
[27.822s][info][gc,task        ] GC(60) Using 5 workers of 10 for full compaction
[27.822s][info][gc,phases,start] GC(60) Phase 1: Mark live objects
[27.823s][info][gc,phases      ] GC(60) Phase 1: Mark live objects 1.099ms
[27.823s][info][gc,phases,start] GC(60) Phase 2: Prepare compaction
[27.824s][info][gc,phases      ] GC(60) Phase 2: Prepare compaction 0.463ms
[27.824s][info][gc,phases,start] GC(60) Phase 3: Adjust pointers
[27.824s][info][gc,phases      ] GC(60) Phase 3: Adjust pointers 0.622ms
[27.824s][info][gc,phases,start] GC(60) Phase 4: Compact heap
[27.825s][info][gc,phases      ] GC(60) Phase 4: Compact heap 0.330ms
[27.825s][info][gc,phases,start] GC(60) Phase 5: Reset Metadata
[27.825s][info][gc,phases      ] GC(60) Phase 5: Reset Metadata 0.590ms
[27.829s][info][gc,heap        ] GC(60) Eden regions: 1->0(102)
[27.829s][info][gc,heap        ] GC(60) Survivor regions: 0->0(0)
[27.829s][info][gc,heap        ] GC(60) Old regions: 4->4
[27.829s][info][gc,heap        ] GC(60) Humongous regions: 0->0
[27.829s][info][gc,metaspace   ] GC(60) Metaspace: 468K(640K)->443K(640K) NonClass: 417K(512K)->403K(512K) Class: 50K(128K)->40K(128K)
[27.829s][info][gc             ] GC(60) Pause Full (System.gc()) 3M->1M(8192M) 7.226ms
[27.829s][info][gc,cpu         ] GC(60) User=0.03s Sys=0.00s Real=0.01s
[28.285s][info][gc,start       ] GC(61) Pause Full (System.gc())
[28.285s][info][gc,task        ] GC(61) Using 5 workers of 10 for full compaction
[28.285s][info][gc,phases,start] GC(61) Phase 1: Mark live objects
[28.286s][info][gc,phases      ] GC(61) Phase 1: Mark live objects 0.855ms
[28.286s][info][gc,phases,start] GC(61) Phase 2: Prepare compaction
[28.286s][info][gc,phases      ] GC(61) Phase 2: Prepare compaction 0.438ms
[28.286s][info][gc,phases,start] GC(61) Phase 3: Adjust pointers
[28.287s][info][gc,phases      ] GC(61) Phase 3: Adjust pointers 0.614ms
[28.287s][info][gc,phases,start] GC(61) Phase 4: Compact heap
[28.287s][info][gc,phases      ] GC(61) Phase 4: Compact heap 0.354ms
[28.287s][info][gc,phases,start] GC(61) Phase 5: Reset Metadata
[28.288s][info][gc,phases      ] GC(61) Phase 5: Reset Metadata 0.338ms
[28.290s][info][gc,heap        ] GC(61) Eden regions: 1->0(102)
[28.290s][info][gc,heap        ] GC(61) Survivor regions: 0->0(0)
[28.290s][info][gc,heap        ] GC(61) Old regions: 4->4
[28.290s][info][gc,heap        ] GC(61) Humongous regions: 0->0
[28.290s][info][gc,metaspace   ] GC(61) Metaspace: 448K(640K)->445K(640K) NonClass: 406K(512K)->405K(512K) Class: 41K(128K)->40K(128K)
[28.290s][info][gc             ] GC(61) Pause Full (System.gc()) 3M->1M(8192M) 5.021ms
[28.290s][info][gc,cpu         ] GC(61) User=0.01s Sys=0.00s Real=0.01s
[28.746s][info][gc,start       ] GC(62) Pause Full (System.gc())
[28.746s][info][gc,task        ] GC(62) Using 5 workers of 10 for full compaction
[28.746s][info][gc,phases,start] GC(62) Phase 1: Mark live objects
[28.747s][info][gc,phases      ] GC(62) Phase 1: Mark live objects 1.350ms
[28.747s][info][gc,phases,start] GC(62) Phase 2: Prepare compaction
[28.748s][info][gc,phases      ] GC(62) Phase 2: Prepare compaction 0.600ms
[28.748s][info][gc,phases,start] GC(62) Phase 3: Adjust pointers
[28.749s][info][gc,phases      ] GC(62) Phase 3: Adjust pointers 0.831ms
[28.749s][info][gc,phases,start] GC(62) Phase 4: Compact heap
[28.749s][info][gc,phases      ] GC(62) Phase 4: Compact heap 0.473ms
[28.749s][info][gc,phases,start] GC(62) Phase 5: Reset Metadata
[28.750s][info][gc,phases      ] GC(62) Phase 5: Reset Metadata 0.319ms
[28.752s][info][gc,heap        ] GC(62) Eden regions: 1->0(102)
[28.752s][info][gc,heap        ] GC(62) Survivor regions: 0->0(0)
[28.752s][info][gc,heap        ] GC(62) Old regions: 4->4
[28.752s][info][gc,heap        ] GC(62) Humongous regions: 0->0
[28.752s][info][gc,metaspace   ] GC(62) Metaspace: 450K(640K)->449K(640K) NonClass: 408K(512K)->407K(512K) Class: 42K(128K)->41K(128K)
[28.752s][info][gc             ] GC(62) Pause Full (System.gc()) 3M->1M(8192M) 6.158ms
[28.752s][info][gc,cpu         ] GC(62) User=0.02s Sys=0.00s Real=0.01s
[29.208s][info][gc,start       ] GC(63) Pause Full (System.gc())
[29.208s][info][gc,task        ] GC(63) Using 5 workers of 10 for full compaction
[29.209s][info][gc,phases,start] GC(63) Phase 1: Mark live objects
[29.210s][info][gc,phases      ] GC(63) Phase 1: Mark live objects 1.360ms
[29.210s][info][gc,phases,start] GC(63) Phase 2: Prepare compaction
[29.210s][info][gc,phases      ] GC(63) Phase 2: Prepare compaction 0.523ms
[29.210s][info][gc,phases,start] GC(63) Phase 3: Adjust pointers
[29.211s][info][gc,phases      ] GC(63) Phase 3: Adjust pointers 0.730ms
[29.211s][info][gc,phases,start] GC(63) Phase 4: Compact heap
[29.212s][info][gc,phases      ] GC(63) Phase 4: Compact heap 0.466ms
[29.212s][info][gc,phases,start] GC(63) Phase 5: Reset Metadata
[29.212s][info][gc,phases      ] GC(63) Phase 5: Reset Metadata 0.360ms
[29.215s][info][gc,heap        ] GC(63) Eden regions: 1->0(102)
[29.215s][info][gc,heap        ] GC(63) Survivor regions: 0->0(0)
[29.215s][info][gc,heap        ] GC(63) Old regions: 4->4
[29.215s][info][gc,heap        ] GC(63) Humongous regions: 0->0
[29.215s][info][gc,metaspace   ] GC(63) Metaspace: 457K(640K)->456K(640K) NonClass: 413K(512K)->413K(512K) Class: 43K(128K)->42K(128K)
[29.215s][info][gc             ] GC(63) Pause Full (System.gc()) 3M->1M(8192M) 6.900ms
[29.215s][info][gc,cpu         ] GC(63) User=0.02s Sys=0.00s Real=0.00s
[29.672s][info][gc,start       ] GC(64) Pause Full (System.gc())
[29.672s][info][gc,task        ] GC(64) Using 5 workers of 10 for full compaction
[29.672s][info][gc,phases,start] GC(64) Phase 1: Mark live objects
[29.673s][info][gc,phases      ] GC(64) Phase 1: Mark live objects 1.131ms
[29.673s][info][gc,phases,start] GC(64) Phase 2: Prepare compaction
[29.674s][info][gc,phases      ] GC(64) Phase 2: Prepare compaction 0.548ms
[29.674s][info][gc,phases,start] GC(64) Phase 3: Adjust pointers
[29.674s][info][gc,phases      ] GC(64) Phase 3: Adjust pointers 0.672ms
[29.674s][info][gc,phases,start] GC(64) Phase 4: Compact heap
[29.675s][info][gc,phases      ] GC(64) Phase 4: Compact heap 0.338ms
[29.675s][info][gc,phases,start] GC(64) Phase 5: Reset Metadata
[29.675s][info][gc,phases      ] GC(64) Phase 5: Reset Metadata 0.600ms
[29.679s][info][gc,heap        ] GC(64) Eden regions: 1->0(102)
[29.679s][info][gc,heap        ] GC(64) Survivor regions: 0->0(0)
[29.679s][info][gc,heap        ] GC(64) Old regions: 4->4
[29.679s][info][gc,heap        ] GC(64) Humongous regions: 0->0
[29.679s][info][gc,metaspace   ] GC(64) Metaspace: 465K(704K)->464K(704K) NonClass: 420K(576K)->420K(576K) Class: 44K(128K)->44K(128K)
[29.679s][info][gc             ] GC(64) Pause Full (System.gc()) 3M->1M(8192M) 7.407ms
[29.679s][info][gc,cpu         ] GC(64) User=0.02s Sys=0.00s Real=0.01s
[30.132s][info][gc,start       ] GC(65) Pause Full (System.gc())
[30.132s][info][gc,task        ] GC(65) Using 5 workers of 10 for full compaction
[30.132s][info][gc,phases,start] GC(65) Phase 1: Mark live objects
[30.133s][info][gc,phases      ] GC(65) Phase 1: Mark live objects 1.179ms
[30.133s][info][gc,phases,start] GC(65) Phase 2: Prepare compaction
[30.133s][info][gc,phases      ] GC(65) Phase 2: Prepare compaction 0.392ms
[30.133s][info][gc,phases,start] GC(65) Phase 3: Adjust pointers
[30.134s][info][gc,phases      ] GC(65) Phase 3: Adjust pointers 0.598ms
[30.134s][info][gc,phases,start] GC(65) Phase 4: Compact heap
[30.134s][info][gc,phases      ] GC(65) Phase 4: Compact heap 0.309ms
[30.134s][info][gc,phases,start] GC(65) Phase 5: Reset Metadata
[30.135s][info][gc,phases      ] GC(65) Phase 5: Reset Metadata 0.602ms
[30.139s][info][gc,heap        ] GC(65) Eden regions: 1->0(102)
[30.139s][info][gc,heap        ] GC(65) Survivor regions: 0->0(0)
[30.139s][info][gc,heap        ] GC(65) Old regions: 4->4
[30.139s][info][gc,heap        ] GC(65) Humongous regions: 0->0
[30.139s][info][gc,metaspace   ] GC(65) Metaspace: 469K(704K)->468K(704K) NonClass: 423K(576K)->423K(576K) Class: 45K(128K)->45K(128K)
[30.139s][info][gc             ] GC(65) Pause Full (System.gc()) 3M->1M(8192M) 7.151ms
[30.139s][info][gc,cpu         ] GC(65) User=0.02s Sys=0.01s Real=0.01s
[30.595s][info][gc,start       ] GC(66) Pause Full (System.gc())
[30.595s][info][gc,task        ] GC(66) Using 5 workers of 10 for full compaction
[30.595s][info][gc,phases,start] GC(66) Phase 1: Mark live objects
[30.596s][info][gc,phases      ] GC(66) Phase 1: Mark live objects 1.086ms
[30.596s][info][gc,phases,start] GC(66) Phase 2: Prepare compaction
[30.597s][info][gc,phases      ] GC(66) Phase 2: Prepare compaction 0.454ms
[30.597s][info][gc,phases,start] GC(66) Phase 3: Adjust pointers
[30.597s][info][gc,phases      ] GC(66) Phase 3: Adjust pointers 0.651ms
[30.597s][info][gc,phases,start] GC(66) Phase 4: Compact heap
[30.598s][info][gc,phases      ] GC(66) Phase 4: Compact heap 0.358ms
[30.598s][info][gc,phases,start] GC(66) Phase 5: Reset Metadata
[30.598s][info][gc,phases      ] GC(66) Phase 5: Reset Metadata 0.707ms
[30.602s][info][gc,heap        ] GC(66) Eden regions: 1->0(102)
[30.602s][info][gc,heap        ] GC(66) Survivor regions: 0->0(0)
[30.602s][info][gc,heap        ] GC(66) Old regions: 4->4
[30.602s][info][gc,heap        ] GC(66) Humongous regions: 0->0
[30.602s][info][gc,metaspace   ] GC(66) Metaspace: 475K(704K)->474K(704K) NonClass: 428K(576K)->428K(576K) Class: 47K(128K)->46K(128K)
[30.602s][info][gc             ] GC(66) Pause Full (System.gc()) 3M->1M(8192M) 6.869ms
[30.602s][info][gc,cpu         ] GC(66) User=0.03s Sys=0.00s Real=0.01s
[31.055s][info][gc,start       ] GC(67) Pause Full (System.gc())
[31.055s][info][gc,task        ] GC(67) Using 5 workers of 10 for full compaction
[31.055s][info][gc,phases,start] GC(67) Phase 1: Mark live objects
[31.057s][info][gc,phases      ] GC(67) Phase 1: Mark live objects 1.101ms
[31.057s][info][gc,phases,start] GC(67) Phase 2: Prepare compaction
[31.057s][info][gc,phases      ] GC(67) Phase 2: Prepare compaction 0.447ms
[31.057s][info][gc,phases,start] GC(67) Phase 3: Adjust pointers
[31.058s][info][gc,phases      ] GC(67) Phase 3: Adjust pointers 0.671ms
[31.058s][info][gc,phases,start] GC(67) Phase 4: Compact heap
[31.058s][info][gc,phases      ] GC(67) Phase 4: Compact heap 0.344ms
[31.058s][info][gc,phases,start] GC(67) Phase 5: Reset Metadata
[31.059s][info][gc,phases      ] GC(67) Phase 5: Reset Metadata 0.636ms
[31.062s][info][gc,heap        ] GC(67) Eden regions: 1->0(102)
[31.062s][info][gc,heap        ] GC(67) Survivor regions: 0->0(0)
[31.062s][info][gc,heap        ] GC(67) Old regions: 4->4
[31.062s][info][gc,heap        ] GC(67) Humongous regions: 0->0
[31.062s][info][gc,metaspace   ] GC(67) Metaspace: 481K(704K)->481K(704K) NonClass: 432K(576K)->432K(576K) Class: 48K(128K)->48K(128K)
[31.062s][info][gc             ] GC(67) Pause Full (System.gc()) 3M->1M(8192M) 7.253ms
[31.062s][info][gc,cpu         ] GC(67) User=0.03s Sys=0.00s Real=0.01s
[31.519s][info][gc,start       ] GC(68) Pause Full (System.gc())
[31.519s][info][gc,task        ] GC(68) Using 5 workers of 10 for full compaction
[31.519s][info][gc,phases,start] GC(68) Phase 1: Mark live objects
[31.520s][info][gc,phases      ] GC(68) Phase 1: Mark live objects 0.936ms
[31.520s][info][gc,phases,start] GC(68) Phase 2: Prepare compaction
[31.521s][info][gc,phases      ] GC(68) Phase 2: Prepare compaction 0.467ms
[31.521s][info][gc,phases,start] GC(68) Phase 3: Adjust pointers
[31.521s][info][gc,phases      ] GC(68) Phase 3: Adjust pointers 0.619ms
[31.521s][info][gc,phases,start] GC(68) Phase 4: Compact heap
[31.522s][info][gc,phases      ] GC(68) Phase 4: Compact heap 0.327ms
[31.522s][info][gc,phases,start] GC(68) Phase 5: Reset Metadata
[31.522s][info][gc,phases      ] GC(68) Phase 5: Reset Metadata 0.509ms
[31.526s][info][gc,heap        ] GC(68) Eden regions: 1->0(102)
[31.526s][info][gc,heap        ] GC(68) Survivor regions: 0->0(0)
[31.526s][info][gc,heap        ] GC(68) Old regions: 4->4
[31.526s][info][gc,heap        ] GC(68) Humongous regions: 0->0
[31.526s][info][gc,metaspace   ] GC(68) Metaspace: 486K(704K)->486K(704K) NonClass: 436K(576K)->436K(576K) Class: 50K(128K)->50K(128K)
[31.526s][info][gc             ] GC(68) Pause Full (System.gc()) 3M->1M(8192M) 7.106ms
[31.526s][info][gc,cpu         ] GC(68) User=0.02s Sys=0.00s Real=0.00s
[31.979s][info][gc,start       ] GC(69) Pause Full (System.gc())
[31.979s][info][gc,task        ] GC(69) Using 5 workers of 10 for full compaction
[31.979s][info][gc,phases,start] GC(69) Phase 1: Mark live objects
[31.980s][info][gc,phases      ] GC(69) Phase 1: Mark live objects 1.038ms
[31.980s][info][gc,phases,start] GC(69) Phase 2: Prepare compaction
[31.981s][info][gc,phases      ] GC(69) Phase 2: Prepare compaction 0.484ms
[31.981s][info][gc,phases,start] GC(69) Phase 3: Adjust pointers
[31.981s][info][gc,phases      ] GC(69) Phase 3: Adjust pointers 0.651ms
[31.981s][info][gc,phases,start] GC(69) Phase 4: Compact heap
[31.982s][info][gc,phases      ] GC(69) Phase 4: Compact heap 0.380ms
[31.982s][info][gc,phases,start] GC(69) Phase 5: Reset Metadata
[31.983s][info][gc,phases      ] GC(69) Phase 5: Reset Metadata 0.833ms
[31.986s][info][gc,heap        ] GC(69) Eden regions: 1->0(102)
[31.986s][info][gc,heap        ] GC(69) Survivor regions: 0->0(0)
[31.986s][info][gc,heap        ] GC(69) Old regions: 4->4
[31.986s][info][gc,heap        ] GC(69) Humongous regions: 0->0
[31.986s][info][gc,metaspace   ] GC(69) Metaspace: 491K(832K)->491K(832K) NonClass: 439K(640K)->439K(640K) Class: 51K(192K)->51K(192K)
[31.986s][info][gc             ] GC(69) Pause Full (System.gc()) 3M->1M(8192M) 7.173ms
[31.986s][info][gc,cpu         ] GC(69) User=0.03s Sys=0.00s Real=0.00s
[32.441s][info][gc,start       ] GC(70) Pause Full (System.gc())
[32.441s][info][gc,task        ] GC(70) Using 5 workers of 10 for full compaction
[32.441s][info][gc,phases,start] GC(70) Phase 1: Mark live objects
[32.442s][info][gc,phases      ] GC(70) Phase 1: Mark live objects 1.155ms
[32.443s][info][gc,phases,start] GC(70) Phase 2: Prepare compaction
[32.443s][info][gc,phases      ] GC(70) Phase 2: Prepare compaction 0.447ms
[32.443s][info][gc,phases,start] GC(70) Phase 3: Adjust pointers
[32.444s][info][gc,phases      ] GC(70) Phase 3: Adjust pointers 0.625ms
[32.444s][info][gc,phases,start] GC(70) Phase 4: Compact heap
[32.444s][info][gc,phases      ] GC(70) Phase 4: Compact heap 0.327ms
[32.444s][info][gc,phases,start] GC(70) Phase 5: Reset Metadata
[32.445s][info][gc,phases      ] GC(70) Phase 5: Reset Metadata 1.081ms
[32.447s][info][gc,heap        ] GC(70) Eden regions: 1->0(102)
[32.448s][info][gc,heap        ] GC(70) Survivor regions: 0->0(0)
[32.448s][info][gc,heap        ] GC(70) Old regions: 4->4
[32.448s][info][gc,heap        ] GC(70) Humongous regions: 0->0
[32.448s][info][gc,metaspace   ] GC(70) Metaspace: 496K(832K)->449K(832K) NonClass: 442K(640K)->406K(640K) Class: 53K(192K)->42K(192K)
[32.448s][info][gc             ] GC(70) Pause Full (System.gc()) 3M->1M(8192M) 6.444ms
[32.448s][info][gc,cpu         ] GC(70) User=0.02s Sys=0.00s Real=0.00s
[32.902s][info][gc,start       ] GC(71) Pause Full (System.gc())
[32.902s][info][gc,task        ] GC(71) Using 5 workers of 10 for full compaction
[32.902s][info][gc,phases,start] GC(71) Phase 1: Mark live objects
[32.903s][info][gc,phases      ] GC(71) Phase 1: Mark live objects 0.841ms
[32.903s][info][gc,phases,start] GC(71) Phase 2: Prepare compaction
[32.904s][info][gc,phases      ] GC(71) Phase 2: Prepare compaction 0.407ms
[32.904s][info][gc,phases,start] GC(71) Phase 3: Adjust pointers
[32.904s][info][gc,phases      ] GC(71) Phase 3: Adjust pointers 0.570ms
[32.904s][info][gc,phases,start] GC(71) Phase 4: Compact heap
[32.904s][info][gc,phases      ] GC(71) Phase 4: Compact heap 0.337ms
[32.904s][info][gc,phases,start] GC(71) Phase 5: Reset Metadata
[32.905s][info][gc,phases      ] GC(71) Phase 5: Reset Metadata 0.555ms
[32.909s][info][gc,heap        ] GC(71) Eden regions: 1->0(102)
[32.909s][info][gc,heap        ] GC(71) Survivor regions: 0->0(0)
[32.909s][info][gc,heap        ] GC(71) Old regions: 4->4
[32.909s][info][gc,heap        ] GC(71) Humongous regions: 0->0
[32.909s][info][gc,metaspace   ] GC(71) Metaspace: 454K(832K)->450K(832K) NonClass: 410K(640K)->407K(640K) Class: 43K(192K)->42K(192K)
[32.909s][info][gc             ] GC(71) Pause Full (System.gc()) 3M->1M(8192M) 6.750ms
[32.909s][info][gc,cpu         ] GC(71) User=0.03s Sys=0.01s Real=0.01s
[33.364s][info][gc,start       ] GC(72) Pause Full (System.gc())
[33.364s][info][gc,task        ] GC(72) Using 5 workers of 10 for full compaction
[33.364s][info][gc,phases,start] GC(72) Phase 1: Mark live objects
[33.365s][info][gc,phases      ] GC(72) Phase 1: Mark live objects 1.090ms
[33.365s][info][gc,phases,start] GC(72) Phase 2: Prepare compaction
[33.365s][info][gc,phases      ] GC(72) Phase 2: Prepare compaction 0.397ms
[33.365s][info][gc,phases,start] GC(72) Phase 3: Adjust pointers
[33.366s][info][gc,phases      ] GC(72) Phase 3: Adjust pointers 0.563ms
[33.366s][info][gc,phases,start] GC(72) Phase 4: Compact heap
[33.366s][info][gc,phases      ] GC(72) Phase 4: Compact heap 0.353ms
[33.366s][info][gc,phases,start] GC(72) Phase 5: Reset Metadata
[33.367s][info][gc,phases      ] GC(72) Phase 5: Reset Metadata 0.626ms
[33.370s][info][gc,heap        ] GC(72) Eden regions: 1->0(102)
[33.370s][info][gc,heap        ] GC(72) Survivor regions: 0->0(0)
[33.370s][info][gc,heap        ] GC(72) Old regions: 4->4
[33.370s][info][gc,heap        ] GC(72) Humongous regions: 0->0
[33.370s][info][gc,metaspace   ] GC(72) Metaspace: 455K(832K)->452K(832K) NonClass: 411K(640K)->409K(640K) Class: 44K(192K)->43K(192K)
[33.370s][info][gc             ] GC(72) Pause Full (System.gc()) 3M->1M(8192M) 6.545ms
[33.370s][info][gc,cpu         ] GC(72) User=0.02s Sys=0.00s Real=0.01s
[33.826s][info][gc,start       ] GC(73) Pause Full (System.gc())
[33.826s][info][gc,task        ] GC(73) Using 5 workers of 10 for full compaction
[33.826s][info][gc,phases,start] GC(73) Phase 1: Mark live objects
[33.827s][info][gc,phases      ] GC(73) Phase 1: Mark live objects 1.221ms
[33.828s][info][gc,phases,start] GC(73) Phase 2: Prepare compaction
[33.828s][info][gc,phases      ] GC(73) Phase 2: Prepare compaction 0.484ms
[33.828s][info][gc,phases,start] GC(73) Phase 3: Adjust pointers
[33.829s][info][gc,phases      ] GC(73) Phase 3: Adjust pointers 0.637ms
[33.829s][info][gc,phases,start] GC(73) Phase 4: Compact heap
[33.829s][info][gc,phases      ] GC(73) Phase 4: Compact heap 0.346ms
[33.829s][info][gc,phases,start] GC(73) Phase 5: Reset Metadata
[33.830s][info][gc,phases      ] GC(73) Phase 5: Reset Metadata 0.617ms
[33.833s][info][gc,heap        ] GC(73) Eden regions: 1->0(102)
[33.833s][info][gc,heap        ] GC(73) Survivor regions: 0->0(0)
[33.833s][info][gc,heap        ] GC(73) Old regions: 4->4
[33.833s][info][gc,heap        ] GC(73) Humongous regions: 0->0
[33.833s][info][gc,metaspace   ] GC(73) Metaspace: 458K(832K)->454K(832K) NonClass: 412K(640K)->410K(640K) Class: 45K(192K)->44K(192K)
[33.833s][info][gc             ] GC(73) Pause Full (System.gc()) 3M->1M(8192M) 6.783ms
[33.833s][info][gc,cpu         ] GC(73) User=0.02s Sys=0.00s Real=0.01s
[34.285s][info][gc,start       ] GC(74) Pause Full (System.gc())
[34.285s][info][gc,task        ] GC(74) Using 5 workers of 10 for full compaction
[34.285s][info][gc,phases,start] GC(74) Phase 1: Mark live objects
[34.287s][info][gc,phases      ] GC(74) Phase 1: Mark live objects 1.320ms
[34.287s][info][gc,phases,start] GC(74) Phase 2: Prepare compaction
[34.287s][info][gc,phases      ] GC(74) Phase 2: Prepare compaction 0.524ms
[34.287s][info][gc,phases,start] GC(74) Phase 3: Adjust pointers
[34.288s][info][gc,phases      ] GC(74) Phase 3: Adjust pointers 0.829ms
[34.288s][info][gc,phases,start] GC(74) Phase 4: Compact heap
[34.288s][info][gc,phases      ] GC(74) Phase 4: Compact heap 0.403ms
[34.288s][info][gc,phases,start] GC(74) Phase 5: Reset Metadata
[34.289s][info][gc,phases      ] GC(74) Phase 5: Reset Metadata 0.611ms
[34.293s][info][gc,heap        ] GC(74) Eden regions: 1->0(102)
[34.293s][info][gc,heap        ] GC(74) Survivor regions: 0->0(0)
[34.293s][info][gc,heap        ] GC(74) Old regions: 4->4
[34.293s][info][gc,heap        ] GC(74) Humongous regions: 0->0
[34.293s][info][gc,metaspace   ] GC(74) Metaspace: 459K(832K)->456K(832K) NonClass: 413K(640K)->411K(640K) Class: 46K(192K)->45K(192K)
[34.293s][info][gc             ] GC(74) Pause Full (System.gc()) 3M->1M(8192M) 7.752ms
[34.293s][info][gc,cpu         ] GC(74) User=0.02s Sys=0.00s Real=0.01s
[34.746s][info][gc,start       ] GC(75) Pause Full (System.gc())
[34.746s][info][gc,task        ] GC(75) Using 5 workers of 10 for full compaction
[34.747s][info][gc,phases,start] GC(75) Phase 1: Mark live objects
[34.748s][info][gc,phases      ] GC(75) Phase 1: Mark live objects 1.316ms
[34.748s][info][gc,phases,start] GC(75) Phase 2: Prepare compaction
[34.749s][info][gc,phases      ] GC(75) Phase 2: Prepare compaction 0.518ms
[34.749s][info][gc,phases,start] GC(75) Phase 3: Adjust pointers
[34.749s][info][gc,phases      ] GC(75) Phase 3: Adjust pointers 0.712ms
[34.749s][info][gc,phases,start] GC(75) Phase 4: Compact heap
[34.750s][info][gc,phases      ] GC(75) Phase 4: Compact heap 0.395ms
[34.750s][info][gc,phases,start] GC(75) Phase 5: Reset Metadata
[34.750s][info][gc,phases      ] GC(75) Phase 5: Reset Metadata 0.748ms
[34.754s][info][gc,heap        ] GC(75) Eden regions: 1->0(102)
[34.754s][info][gc,heap        ] GC(75) Survivor regions: 0->0(0)
[34.754s][info][gc,heap        ] GC(75) Old regions: 4->4
[34.754s][info][gc,heap        ] GC(75) Humongous regions: 0->0
[34.754s][info][gc,metaspace   ] GC(75) Metaspace: 462K(832K)->459K(832K) NonClass: 415K(640K)->413K(640K) Class: 46K(192K)->45K(192K)
[34.754s][info][gc             ] GC(75) Pause Full (System.gc()) 3M->1M(8192M) 8.110ms
[34.754s][info][gc,cpu         ] GC(75) User=0.03s Sys=0.00s Real=0.01s
[35.209s][info][gc,start       ] GC(76) Pause Full (System.gc())
[35.209s][info][gc,task        ] GC(76) Using 5 workers of 10 for full compaction
[35.209s][info][gc,phases,start] GC(76) Phase 1: Mark live objects
[35.211s][info][gc,phases      ] GC(76) Phase 1: Mark live objects 1.906ms
[35.211s][info][gc,phases,start] GC(76) Phase 2: Prepare compaction
[35.211s][info][gc,phases      ] GC(76) Phase 2: Prepare compaction 0.548ms
[35.211s][info][gc,phases,start] GC(76) Phase 3: Adjust pointers
[35.212s][info][gc,phases      ] GC(76) Phase 3: Adjust pointers 0.722ms
[35.212s][info][gc,phases,start] GC(76) Phase 4: Compact heap
[35.213s][info][gc,phases      ] GC(76) Phase 4: Compact heap 0.400ms
[35.213s][info][gc,phases,start] GC(76) Phase 5: Reset Metadata
[35.213s][info][gc,phases      ] GC(76) Phase 5: Reset Metadata 0.588ms
[35.217s][info][gc,heap        ] GC(76) Eden regions: 1->0(102)
[35.217s][info][gc,heap        ] GC(76) Survivor regions: 0->0(0)
[35.217s][info][gc,heap        ] GC(76) Old regions: 4->4
[35.217s][info][gc,heap        ] GC(76) Humongous regions: 0->0
[35.217s][info][gc,metaspace   ] GC(76) Metaspace: 464K(832K)->461K(832K) NonClass: 416K(640K)->414K(640K) Class: 47K(192K)->46K(192K)
[35.217s][info][gc             ] GC(76) Pause Full (System.gc()) 3M->1M(8192M) 8.191ms
[35.217s][info][gc,cpu         ] GC(76) User=0.03s Sys=0.00s Real=0.00s
[35.669s][info][gc,start       ] GC(77) Pause Full (System.gc())
[35.669s][info][gc,task        ] GC(77) Using 5 workers of 10 for full compaction
[35.670s][info][gc,phases,start] GC(77) Phase 1: Mark live objects
[35.671s][info][gc,phases      ] GC(77) Phase 1: Mark live objects 0.987ms
[35.671s][info][gc,phases,start] GC(77) Phase 2: Prepare compaction
[35.671s][info][gc,phases      ] GC(77) Phase 2: Prepare compaction 0.584ms
[35.671s][info][gc,phases,start] GC(77) Phase 3: Adjust pointers
[35.672s][info][gc,phases      ] GC(77) Phase 3: Adjust pointers 0.766ms
[35.672s][info][gc,phases,start] GC(77) Phase 4: Compact heap
[35.672s][info][gc,phases      ] GC(77) Phase 4: Compact heap 0.361ms
[35.672s][info][gc,phases,start] GC(77) Phase 5: Reset Metadata
[35.673s][info][gc,phases      ] GC(77) Phase 5: Reset Metadata 0.617ms
[35.677s][info][gc,heap        ] GC(77) Eden regions: 1->0(102)
[35.677s][info][gc,heap        ] GC(77) Survivor regions: 0->0(0)
[35.677s][info][gc,heap        ] GC(77) Old regions: 4->4
[35.677s][info][gc,heap        ] GC(77) Humongous regions: 0->0
[35.677s][info][gc,metaspace   ] GC(77) Metaspace: 467K(832K)->435K(704K) NonClass: 419K(640K)->400K(576K) Class: 48K(192K)->35K(128K)
[35.677s][info][gc             ] GC(77) Pause Full (System.gc()) 3M->1M(8192M) 7.786ms
[35.677s][info][gc,cpu         ] GC(77) User=0.03s Sys=0.00s Real=0.00s
[36.129s][info][gc,start       ] GC(78) Pause Full (System.gc())
[36.129s][info][gc,task        ] GC(78) Using 5 workers of 10 for full compaction
[36.129s][info][gc,phases,start] GC(78) Phase 1: Mark live objects
[36.131s][info][gc,phases      ] GC(78) Phase 1: Mark live objects 1.195ms
[36.131s][info][gc,phases,start] GC(78) Phase 2: Prepare compaction
[36.131s][info][gc,phases      ] GC(78) Phase 2: Prepare compaction 0.584ms
[36.131s][info][gc,phases,start] GC(78) Phase 3: Adjust pointers
[36.132s][info][gc,phases      ] GC(78) Phase 3: Adjust pointers 0.640ms
[36.132s][info][gc,phases,start] GC(78) Phase 4: Compact heap
[36.132s][info][gc,phases      ] GC(78) Phase 4: Compact heap 0.392ms
[36.132s][info][gc,phases,start] GC(78) Phase 5: Reset Metadata
[36.133s][info][gc,phases      ] GC(78) Phase 5: Reset Metadata 0.560ms
[36.137s][info][gc,heap        ] GC(78) Eden regions: 1->0(102)
[36.137s][info][gc,heap        ] GC(78) Survivor regions: 0->0(0)
[36.137s][info][gc,heap        ] GC(78) Old regions: 4->4
[36.137s][info][gc,heap        ] GC(78) Humongous regions: 0->0
[36.137s][info][gc,metaspace   ] GC(78) Metaspace: 441K(704K)->438K(704K) NonClass: 404K(576K)->402K(576K) Class: 37K(128K)->36K(128K)
[36.137s][info][gc             ] GC(78) Pause Full (System.gc()) 3M->1M(8192M) 7.520ms
[36.137s][info][gc,cpu         ] GC(78) User=0.02s Sys=0.00s Real=0.00s
[36.589s][info][gc,start       ] GC(79) Pause Full (System.gc())
[36.589s][info][gc,task        ] GC(79) Using 5 workers of 10 for full compaction
[36.590s][info][gc,phases,start] GC(79) Phase 1: Mark live objects
[36.590s][info][gc,phases      ] GC(79) Phase 1: Mark live objects 0.936ms
[36.590s][info][gc,phases,start] GC(79) Phase 2: Prepare compaction
[36.591s][info][gc,phases      ] GC(79) Phase 2: Prepare compaction 0.528ms
[36.591s][info][gc,phases,start] GC(79) Phase 3: Adjust pointers
[36.592s][info][gc,phases      ] GC(79) Phase 3: Adjust pointers 0.742ms
[36.592s][info][gc,phases,start] GC(79) Phase 4: Compact heap
[36.592s][info][gc,phases      ] GC(79) Phase 4: Compact heap 0.395ms
[36.592s][info][gc,phases,start] GC(79) Phase 5: Reset Metadata
[36.593s][info][gc,phases      ] GC(79) Phase 5: Reset Metadata 0.652ms
[36.596s][info][gc,heap        ] GC(79) Eden regions: 1->0(102)
[36.596s][info][gc,heap        ] GC(79) Survivor regions: 0->0(0)
[36.596s][info][gc,heap        ] GC(79) Old regions: 4->4
[36.596s][info][gc,heap        ] GC(79) Humongous regions: 0->0
[36.596s][info][gc,metaspace   ] GC(79) Metaspace: 443K(704K)->443K(704K) NonClass: 406K(576K)->406K(576K) Class: 37K(128K)->37K(128K)
[36.596s][info][gc             ] GC(79) Pause Full (System.gc()) 3M->1M(8192M) 6.935ms
[36.596s][info][gc,cpu         ] GC(79) User=0.02s Sys=0.00s Real=0.00s
[37.050s][info][gc,start       ] GC(80) Pause Full (System.gc())
[37.050s][info][gc,task        ] GC(80) Using 5 workers of 10 for full compaction
[37.050s][info][gc,phases,start] GC(80) Phase 1: Mark live objects
[37.052s][info][gc,phases      ] GC(80) Phase 1: Mark live objects 1.581ms
[37.052s][info][gc,phases,start] GC(80) Phase 2: Prepare compaction
[37.052s][info][gc,phases      ] GC(80) Phase 2: Prepare compaction 0.493ms
[37.052s][info][gc,phases,start] GC(80) Phase 3: Adjust pointers
[37.053s][info][gc,phases      ] GC(80) Phase 3: Adjust pointers 0.625ms
[37.053s][info][gc,phases,start] GC(80) Phase 4: Compact heap
[37.053s][info][gc,phases      ] GC(80) Phase 4: Compact heap 0.365ms
[37.053s][info][gc,phases,start] GC(80) Phase 5: Reset Metadata
[37.054s][info][gc,phases      ] GC(80) Phase 5: Reset Metadata 0.578ms
[37.058s][info][gc,heap        ] GC(80) Eden regions: 1->0(102)
[37.058s][info][gc,heap        ] GC(80) Survivor regions: 0->0(0)
[37.058s][info][gc,heap        ] GC(80) Old regions: 4->4
[37.058s][info][gc,heap        ] GC(80) Humongous regions: 0->0
[37.058s][info][gc,metaspace   ] GC(80) Metaspace: 456K(704K)->454K(704K) NonClass: 416K(576K)->416K(576K) Class: 39K(128K)->38K(128K)
[37.058s][info][gc             ] GC(80) Pause Full (System.gc()) 3M->1M(8192M) 7.855ms
[37.058s][info][gc,cpu         ] GC(80) User=0.03s Sys=0.00s Real=0.01s
[37.515s][info][gc,start       ] GC(81) Pause Full (System.gc())
[37.515s][info][gc,task        ] GC(81) Using 5 workers of 10 for full compaction
[37.515s][info][gc,phases,start] GC(81) Phase 1: Mark live objects
[37.518s][info][gc,phases      ] GC(81) Phase 1: Mark live objects 2.737ms
[37.518s][info][gc,phases,start] GC(81) Phase 2: Prepare compaction
[37.519s][info][gc,phases      ] GC(81) Phase 2: Prepare compaction 0.524ms
[37.519s][info][gc,phases,start] GC(81) Phase 3: Adjust pointers
[37.520s][info][gc,phases      ] GC(81) Phase 3: Adjust pointers 0.795ms
[37.520s][info][gc,phases,start] GC(81) Phase 4: Compact heap
[37.520s][info][gc,phases      ] GC(81) Phase 4: Compact heap 0.478ms
[37.520s][info][gc,phases,start] GC(81) Phase 5: Reset Metadata
[37.521s][info][gc,phases      ] GC(81) Phase 5: Reset Metadata 0.622ms
[37.525s][info][gc,heap        ] GC(81) Eden regions: 1->0(102)
[37.525s][info][gc,heap        ] GC(81) Survivor regions: 0->0(0)
[37.525s][info][gc,heap        ] GC(81) Old regions: 4->4
[37.525s][info][gc,heap        ] GC(81) Humongous regions: 0->0
[37.525s][info][gc,metaspace   ] GC(81) Metaspace: 459K(704K)->458K(704K) NonClass: 419K(576K)->418K(576K) Class: 40K(128K)->39K(128K)
[37.525s][info][gc             ] GC(81) Pause Full (System.gc()) 3M->1M(8192M) 9.713ms
[37.525s][info][gc,cpu         ] GC(81) User=0.03s Sys=0.01s Real=0.01s
[37.980s][info][gc,start       ] GC(82) Pause Full (System.gc())
[37.980s][info][gc,task        ] GC(82) Using 5 workers of 10 for full compaction
[37.980s][info][gc,phases,start] GC(82) Phase 1: Mark live objects
[37.982s][info][gc,phases      ] GC(82) Phase 1: Mark live objects 1.468ms
[37.982s][info][gc,phases,start] GC(82) Phase 2: Prepare compaction
[37.982s][info][gc,phases      ] GC(82) Phase 2: Prepare compaction 0.548ms
[37.982s][info][gc,phases,start] GC(82) Phase 3: Adjust pointers
[37.983s][info][gc,phases      ] GC(82) Phase 3: Adjust pointers 0.789ms
[37.983s][info][gc,phases,start] GC(82) Phase 4: Compact heap
[37.983s][info][gc,phases      ] GC(82) Phase 4: Compact heap 0.401ms
[37.983s][info][gc,phases,start] GC(82) Phase 5: Reset Metadata
[37.984s][info][gc,phases      ] GC(82) Phase 5: Reset Metadata 0.728ms
[37.987s][info][gc,heap        ] GC(82) Eden regions: 1->0(102)
[37.987s][info][gc,heap        ] GC(82) Survivor regions: 0->0(0)
[37.988s][info][gc,heap        ] GC(82) Old regions: 4->4
[37.988s][info][gc,heap        ] GC(82) Humongous regions: 0->0
[37.988s][info][gc,metaspace   ] GC(82) Metaspace: 464K(704K)->463K(704K) NonClass: 423K(576K)->422K(576K) Class: 41K(128K)->40K(128K)
[37.988s][info][gc             ] GC(82) Pause Full (System.gc()) 3M->1M(8192M) 7.735ms
[37.988s][info][gc,cpu         ] GC(82) User=0.03s Sys=0.00s Real=0.01s
[38.442s][info][gc,start       ] GC(83) Pause Full (System.gc())
[38.442s][info][gc,task        ] GC(83) Using 5 workers of 10 for full compaction
[38.442s][info][gc,phases,start] GC(83) Phase 1: Mark live objects
[38.444s][info][gc,phases      ] GC(83) Phase 1: Mark live objects 1.445ms
[38.444s][info][gc,phases,start] GC(83) Phase 2: Prepare compaction
[38.444s][info][gc,phases      ] GC(83) Phase 2: Prepare compaction 0.528ms
[38.444s][info][gc,phases,start] GC(83) Phase 3: Adjust pointers
[38.445s][info][gc,phases      ] GC(83) Phase 3: Adjust pointers 0.774ms
[38.445s][info][gc,phases,start] GC(83) Phase 4: Compact heap
[38.446s][info][gc,phases      ] GC(83) Phase 4: Compact heap 0.417ms
[38.446s][info][gc,phases,start] GC(83) Phase 5: Reset Metadata
[38.446s][info][gc,phases      ] GC(83) Phase 5: Reset Metadata 0.666ms
[38.450s][info][gc,heap        ] GC(83) Eden regions: 1->0(102)
[38.450s][info][gc,heap        ] GC(83) Survivor regions: 0->0(0)
[38.450s][info][gc,heap        ] GC(83) Old regions: 4->4
[38.450s][info][gc,heap        ] GC(83) Humongous regions: 0->0
[38.450s][info][gc,metaspace   ] GC(83) Metaspace: 472K(704K)->471K(704K) NonClass: 429K(576K)->429K(576K) Class: 42K(128K)->42K(128K)
[38.450s][info][gc             ] GC(83) Pause Full (System.gc()) 3M->1M(8192M) 8.224ms
[38.450s][info][gc,cpu         ] GC(83) User=0.03s Sys=0.00s Real=0.01s
[38.904s][info][gc,start       ] GC(84) Pause Full (System.gc())
[38.904s][info][gc,task        ] GC(84) Using 5 workers of 10 for full compaction
[38.905s][info][gc,phases,start] GC(84) Phase 1: Mark live objects
[38.906s][info][gc,phases      ] GC(84) Phase 1: Mark live objects 1.000ms
[38.906s][info][gc,phases,start] GC(84) Phase 2: Prepare compaction
[38.906s][info][gc,phases      ] GC(84) Phase 2: Prepare compaction 0.434ms
[38.906s][info][gc,phases,start] GC(84) Phase 3: Adjust pointers
[38.907s][info][gc,phases      ] GC(84) Phase 3: Adjust pointers 0.571ms
[38.907s][info][gc,phases,start] GC(84) Phase 4: Compact heap
[38.907s][info][gc,phases      ] GC(84) Phase 4: Compact heap 0.336ms
[38.907s][info][gc,phases,start] GC(84) Phase 5: Reset Metadata
[38.908s][info][gc,phases      ] GC(84) Phase 5: Reset Metadata 0.616ms
[38.911s][info][gc,heap        ] GC(84) Eden regions: 1->0(102)
[38.911s][info][gc,heap        ] GC(84) Survivor regions: 0->0(0)
[38.911s][info][gc,heap        ] GC(84) Old regions: 4->4
[38.911s][info][gc,heap        ] GC(84) Humongous regions: 0->0
[38.911s][info][gc,metaspace   ] GC(84) Metaspace: 479K(704K)->479K(704K) NonClass: 436K(576K)->436K(576K) Class: 43K(128K)->43K(128K)
[38.911s][info][gc             ] GC(84) Pause Full (System.gc()) 3M->1M(8192M) 6.998ms
[38.911s][info][gc,cpu         ] GC(84) User=0.02s Sys=0.00s Real=0.01s
[39.367s][info][gc,start       ] GC(85) Pause Full (System.gc())
[39.367s][info][gc,task        ] GC(85) Using 5 workers of 10 for full compaction
[39.368s][info][gc,phases,start] GC(85) Phase 1: Mark live objects
[39.369s][info][gc,phases      ] GC(85) Phase 1: Mark live objects 1.093ms
[39.369s][info][gc,phases,start] GC(85) Phase 2: Prepare compaction
[39.369s][info][gc,phases      ] GC(85) Phase 2: Prepare compaction 0.497ms
[39.369s][info][gc,phases,start] GC(85) Phase 3: Adjust pointers
[39.370s][info][gc,phases      ] GC(85) Phase 3: Adjust pointers 0.737ms
[39.370s][info][gc,phases,start] GC(85) Phase 4: Compact heap
[39.370s][info][gc,phases      ] GC(85) Phase 4: Compact heap 0.418ms
[39.370s][info][gc,phases,start] GC(85) Phase 5: Reset Metadata
[39.371s][info][gc,phases      ] GC(85) Phase 5: Reset Metadata 0.353ms
[39.374s][info][gc,heap        ] GC(85) Eden regions: 1->0(102)
[39.374s][info][gc,heap        ] GC(85) Survivor regions: 0->0(0)
[39.374s][info][gc,heap        ] GC(85) Old regions: 4->4
[39.374s][info][gc,heap        ] GC(85) Humongous regions: 0->0
[39.374s][info][gc,metaspace   ] GC(85) Metaspace: 512K(704K)->512K(704K) NonClass: 466K(576K)->466K(576K) Class: 45K(128K)->45K(128K)
[39.374s][info][gc             ] GC(85) Pause Full (System.gc()) 3M->1M(8192M) 7.124ms
[39.374s][info][gc,cpu         ] GC(85) User=0.03s Sys=0.00s Real=0.01s
[39.832s][info][gc,start       ] GC(86) Pause Full (System.gc())
[39.832s][info][gc,task        ] GC(86) Using 5 workers of 10 for full compaction
[39.832s][info][gc,phases,start] GC(86) Phase 1: Mark live objects
[39.833s][info][gc,phases      ] GC(86) Phase 1: Mark live objects 1.189ms
[39.833s][info][gc,phases,start] GC(86) Phase 2: Prepare compaction
[39.834s][info][gc,phases      ] GC(86) Phase 2: Prepare compaction 0.524ms
[39.834s][info][gc,phases,start] GC(86) Phase 3: Adjust pointers
[39.835s][info][gc,phases      ] GC(86) Phase 3: Adjust pointers 0.738ms
[39.835s][info][gc,phases,start] GC(86) Phase 4: Compact heap
[39.835s][info][gc,phases      ] GC(86) Phase 4: Compact heap 0.371ms
[39.835s][info][gc,phases,start] GC(86) Phase 5: Reset Metadata
[39.836s][info][gc,phases      ] GC(86) Phase 5: Reset Metadata 1.009ms
[39.839s][info][gc,heap        ] GC(86) Eden regions: 1->0(102)
[39.839s][info][gc,heap        ] GC(86) Survivor regions: 0->0(0)
[39.839s][info][gc,heap        ] GC(86) Old regions: 4->4
[39.839s][info][gc,heap        ] GC(86) Humongous regions: 0->0
[39.839s][info][gc,metaspace   ] GC(86) Metaspace: 525K(704K)->525K(704K) NonClass: 477K(576K)->477K(576K) Class: 47K(128K)->47K(128K)
[39.839s][info][gc             ] GC(86) Pause Full (System.gc()) 5M->1M(8192M) 6.846ms
[39.839s][info][gc,cpu         ] GC(86) User=0.02s Sys=0.00s Real=0.01s
[40.295s][info][gc,start       ] GC(87) Pause Full (System.gc())
[40.295s][info][gc,task        ] GC(87) Using 5 workers of 10 for full compaction
[40.295s][info][gc,phases,start] GC(87) Phase 1: Mark live objects
[40.296s][info][gc,phases      ] GC(87) Phase 1: Mark live objects 1.396ms
[40.296s][info][gc,phases,start] GC(87) Phase 2: Prepare compaction
[40.297s][info][gc,phases      ] GC(87) Phase 2: Prepare compaction 0.505ms
[40.297s][info][gc,phases,start] GC(87) Phase 3: Adjust pointers
[40.298s][info][gc,phases      ] GC(87) Phase 3: Adjust pointers 0.800ms
[40.298s][info][gc,phases,start] GC(87) Phase 4: Compact heap
[40.298s][info][gc,phases      ] GC(87) Phase 4: Compact heap 0.441ms
[40.298s][info][gc,phases,start] GC(87) Phase 5: Reset Metadata
[40.299s][info][gc,phases      ] GC(87) Phase 5: Reset Metadata 0.655ms
[40.302s][info][gc,heap        ] GC(87) Eden regions: 1->0(102)
[40.302s][info][gc,heap        ] GC(87) Survivor regions: 0->0(0)
[40.302s][info][gc,heap        ] GC(87) Old regions: 4->4
[40.302s][info][gc,heap        ] GC(87) Humongous regions: 0->0
[40.302s][info][gc,metaspace   ] GC(87) Metaspace: 530K(704K)->526K(704K) NonClass: 481K(576K)->479K(576K) Class: 49K(128K)->47K(128K)
[40.302s][info][gc             ] GC(87) Pause Full (System.gc()) 3M->1M(8192M) 7.860ms
[40.302s][info][gc,cpu         ] GC(87) User=0.02s Sys=0.00s Real=0.01s
[40.757s][info][gc,start       ] GC(88) Pause Full (System.gc())
[40.757s][info][gc,task        ] GC(88) Using 5 workers of 10 for full compaction
[40.757s][info][gc,phases,start] GC(88) Phase 1: Mark live objects
[40.759s][info][gc,phases      ] GC(88) Phase 1: Mark live objects 1.441ms
[40.759s][info][gc,phases,start] GC(88) Phase 2: Prepare compaction
[40.759s][info][gc,phases      ] GC(88) Phase 2: Prepare compaction 0.451ms
[40.759s][info][gc,phases,start] GC(88) Phase 3: Adjust pointers
[40.760s][info][gc,phases      ] GC(88) Phase 3: Adjust pointers 0.659ms
[40.760s][info][gc,phases,start] GC(88) Phase 4: Compact heap
[40.760s][info][gc,phases      ] GC(88) Phase 4: Compact heap 0.374ms
[40.760s][info][gc,phases,start] GC(88) Phase 5: Reset Metadata
[40.761s][info][gc,phases      ] GC(88) Phase 5: Reset Metadata 0.652ms
[40.765s][info][gc,heap        ] GC(88) Eden regions: 1->0(102)
[40.765s][info][gc,heap        ] GC(88) Survivor regions: 0->0(0)
[40.765s][info][gc,heap        ] GC(88) Old regions: 4->4
[40.765s][info][gc,heap        ] GC(88) Humongous regions: 0->0
[40.765s][info][gc,metaspace   ] GC(88) Metaspace: 531K(704K)->505K(704K) NonClass: 482K(576K)->462K(576K) Class: 48K(128K)->42K(128K)
[40.765s][info][gc             ] GC(88) Pause Full (System.gc()) 3M->1M(8192M) 7.876ms
[40.765s][info][gc,cpu         ] GC(88) User=0.03s Sys=0.00s Real=0.01s
[41.220s][info][gc,start       ] GC(89) Pause Full (System.gc())
[41.220s][info][gc,task        ] GC(89) Using 5 workers of 10 for full compaction
[41.220s][info][gc,phases,start] GC(89) Phase 1: Mark live objects
[41.221s][info][gc,phases      ] GC(89) Phase 1: Mark live objects 1.374ms
[41.222s][info][gc,phases,start] GC(89) Phase 2: Prepare compaction
[41.222s][info][gc,phases      ] GC(89) Phase 2: Prepare compaction 0.533ms
[41.222s][info][gc,phases,start] GC(89) Phase 3: Adjust pointers
[41.223s][info][gc,phases      ] GC(89) Phase 3: Adjust pointers 0.796ms
[41.223s][info][gc,phases,start] GC(89) Phase 4: Compact heap
[41.224s][info][gc,phases      ] GC(89) Phase 4: Compact heap 0.500ms
[41.224s][info][gc,phases,start] GC(89) Phase 5: Reset Metadata
[41.224s][info][gc,phases      ] GC(89) Phase 5: Reset Metadata 0.625ms
[41.228s][info][gc,heap        ] GC(89) Eden regions: 1->0(102)
[41.228s][info][gc,heap        ] GC(89) Survivor regions: 0->0(0)
[41.228s][info][gc,heap        ] GC(89) Old regions: 4->4
[41.228s][info][gc,heap        ] GC(89) Humongous regions: 0->0
[41.228s][info][gc,metaspace   ] GC(89) Metaspace: 510K(704K)->507K(704K) NonClass: 465K(576K)->463K(576K) Class: 44K(128K)->43K(128K)
[41.228s][info][gc             ] GC(89) Pause Full (System.gc()) 3M->1M(8192M) 8.268ms
[41.228s][info][gc,cpu         ] GC(89) User=0.03s Sys=0.00s Real=0.01s
[41.684s][info][gc,start       ] GC(90) Pause Full (System.gc())
[41.684s][info][gc,task        ] GC(90) Using 5 workers of 10 for full compaction
[41.684s][info][gc,phases,start] GC(90) Phase 1: Mark live objects
[41.685s][info][gc,phases      ] GC(90) Phase 1: Mark live objects 1.462ms
[41.685s][info][gc,phases,start] GC(90) Phase 2: Prepare compaction
[41.686s][info][gc,phases      ] GC(90) Phase 2: Prepare compaction 0.533ms
[41.686s][info][gc,phases,start] GC(90) Phase 3: Adjust pointers
[41.687s][info][gc,phases      ] GC(90) Phase 3: Adjust pointers 0.732ms
[41.687s][info][gc,phases,start] GC(90) Phase 4: Compact heap
[41.687s][info][gc,phases      ] GC(90) Phase 4: Compact heap 0.353ms
[41.687s][info][gc,phases,start] GC(90) Phase 5: Reset Metadata
[41.688s][info][gc,phases      ] GC(90) Phase 5: Reset Metadata 0.684ms
[41.692s][info][gc,heap        ] GC(90) Eden regions: 1->0(102)
[41.692s][info][gc,heap        ] GC(90) Survivor regions: 0->0(0)
[41.692s][info][gc,heap        ] GC(90) Old regions: 4->4
[41.692s][info][gc,heap        ] GC(90) Humongous regions: 0->0
[41.692s][info][gc,metaspace   ] GC(90) Metaspace: 512K(704K)->511K(704K) NonClass: 467K(576K)->466K(576K) Class: 45K(128K)->44K(128K)
[41.692s][info][gc             ] GC(90) Pause Full (System.gc()) 3M->1M(8192M) 8.143ms
[41.692s][info][gc,cpu         ] GC(90) User=0.03s Sys=0.01s Real=0.01s
[42.145s][info][gc,start       ] GC(91) Pause Full (System.gc())
[42.145s][info][gc,task        ] GC(91) Using 5 workers of 10 for full compaction
[42.145s][info][gc,phases,start] GC(91) Phase 1: Mark live objects
[42.147s][info][gc,phases      ] GC(91) Phase 1: Mark live objects 1.815ms
[42.147s][info][gc,phases,start] GC(91) Phase 2: Prepare compaction
[42.148s][info][gc,phases      ] GC(91) Phase 2: Prepare compaction 0.548ms
[42.148s][info][gc,phases,start] GC(91) Phase 3: Adjust pointers
[42.148s][info][gc,phases      ] GC(91) Phase 3: Adjust pointers 0.761ms
[42.149s][info][gc,phases,start] GC(91) Phase 4: Compact heap
[42.149s][info][gc,phases      ] GC(91) Phase 4: Compact heap 0.404ms
[42.149s][info][gc,phases,start] GC(91) Phase 5: Reset Metadata
[42.150s][info][gc,phases      ] GC(91) Phase 5: Reset Metadata 0.761ms
[42.153s][info][gc,heap        ] GC(91) Eden regions: 1->0(102)
[42.153s][info][gc,heap        ] GC(91) Survivor regions: 0->0(0)
[42.153s][info][gc,heap        ] GC(91) Old regions: 4->4
[42.153s][info][gc,heap        ] GC(91) Humongous regions: 0->0
[42.153s][info][gc,metaspace   ] GC(91) Metaspace: 516K(704K)->516K(704K) NonClass: 469K(576K)->469K(576K) Class: 46K(128K)->46K(128K)
[42.153s][info][gc             ] GC(91) Pause Full (System.gc()) 3M->1M(8192M) 8.219ms
[42.153s][info][gc,cpu         ] GC(91) User=0.03s Sys=0.00s Real=0.01s
[42.610s][info][gc,start       ] GC(92) Pause Full (System.gc())
[42.610s][info][gc,task        ] GC(92) Using 5 workers of 10 for full compaction
[42.611s][info][gc,phases,start] GC(92) Phase 1: Mark live objects
[42.612s][info][gc,phases      ] GC(92) Phase 1: Mark live objects 1.466ms
[42.612s][info][gc,phases,start] GC(92) Phase 2: Prepare compaction
[42.613s][info][gc,phases      ] GC(92) Phase 2: Prepare compaction 0.508ms
[42.613s][info][gc,phases,start] GC(92) Phase 3: Adjust pointers
[42.613s][info][gc,phases      ] GC(92) Phase 3: Adjust pointers 0.760ms
[42.613s][info][gc,phases,start] GC(92) Phase 4: Compact heap
[42.614s][info][gc,phases      ] GC(92) Phase 4: Compact heap 0.404ms
[42.614s][info][gc,phases,start] GC(92) Phase 5: Reset Metadata
[42.614s][info][gc,phases      ] GC(92) Phase 5: Reset Metadata 0.626ms
[42.618s][info][gc,heap        ] GC(92) Eden regions: 1->0(102)
[42.618s][info][gc,heap        ] GC(92) Survivor regions: 0->0(0)
[42.618s][info][gc,heap        ] GC(92) Old regions: 4->4
[42.618s][info][gc,heap        ] GC(92) Humongous regions: 0->0
[42.618s][info][gc,metaspace   ] GC(92) Metaspace: 521K(704K)->521K(704K) NonClass: 473K(576K)->473K(576K) Class: 48K(128K)->48K(128K)
[42.618s][info][gc             ] GC(92) Pause Full (System.gc()) 3M->1M(8192M) 8.268ms
[42.618s][info][gc,cpu         ] GC(92) User=0.02s Sys=0.00s Real=0.01s
[43.072s][info][gc,start       ] GC(93) Pause Full (System.gc())
[43.073s][info][gc,task        ] GC(93) Using 5 workers of 10 for full compaction
[43.073s][info][gc,phases,start] GC(93) Phase 1: Mark live objects
[43.074s][info][gc,phases      ] GC(93) Phase 1: Mark live objects 1.037ms
[43.074s][info][gc,phases,start] GC(93) Phase 2: Prepare compaction
[43.074s][info][gc,phases      ] GC(93) Phase 2: Prepare compaction 0.515ms
[43.074s][info][gc,phases,start] GC(93) Phase 3: Adjust pointers
[43.075s][info][gc,phases      ] GC(93) Phase 3: Adjust pointers 0.773ms
[43.075s][info][gc,phases,start] GC(93) Phase 4: Compact heap
[43.076s][info][gc,phases      ] GC(93) Phase 4: Compact heap 0.427ms
[43.076s][info][gc,phases,start] GC(93) Phase 5: Reset Metadata
[43.076s][info][gc,phases      ] GC(93) Phase 5: Reset Metadata 0.682ms
[43.080s][info][gc,heap        ] GC(93) Eden regions: 1->0(102)
[43.080s][info][gc,heap        ] GC(93) Survivor regions: 0->0(0)
[43.080s][info][gc,heap        ] GC(93) Old regions: 4->4
[43.080s][info][gc,heap        ] GC(93) Humongous regions: 0->0
[43.080s][info][gc,metaspace   ] GC(93) Metaspace: 526K(704K)->526K(704K) NonClass: 476K(576K)->476K(576K) Class: 50K(128K)->50K(128K)
[43.080s][info][gc             ] GC(93) Pause Full (System.gc()) 3M->1M(8192M) 7.665ms
[43.080s][info][gc,cpu         ] GC(93) User=0.02s Sys=0.00s Real=0.01s
[43.535s][info][gc,start       ] GC(94) Pause Full (System.gc())
[43.535s][info][gc,task        ] GC(94) Using 5 workers of 10 for full compaction
[43.535s][info][gc,phases,start] GC(94) Phase 1: Mark live objects
[43.537s][info][gc,phases      ] GC(94) Phase 1: Mark live objects 1.291ms
[43.537s][info][gc,phases,start] GC(94) Phase 2: Prepare compaction
[43.537s][info][gc,phases      ] GC(94) Phase 2: Prepare compaction 0.617ms
[43.537s][info][gc,phases,start] GC(94) Phase 3: Adjust pointers
[43.538s][info][gc,phases      ] GC(94) Phase 3: Adjust pointers 0.800ms
[43.538s][info][gc,phases,start] GC(94) Phase 4: Compact heap
[43.539s][info][gc,phases      ] GC(94) Phase 4: Compact heap 0.456ms
[43.539s][info][gc,phases,start] GC(94) Phase 5: Reset Metadata
[43.540s][info][gc,phases      ] GC(94) Phase 5: Reset Metadata 0.860ms
[43.544s][info][gc,heap        ] GC(94) Eden regions: 1->0(102)
[43.544s][info][gc,heap        ] GC(94) Survivor regions: 0->0(0)
[43.544s][info][gc,heap        ] GC(94) Old regions: 4->4
[43.544s][info][gc,heap        ] GC(94) Humongous regions: 0->0
[43.544s][info][gc,metaspace   ] GC(94) Metaspace: 531K(704K)->531K(704K) NonClass: 479K(576K)->479K(576K) Class: 51K(128K)->51K(128K)
[43.544s][info][gc             ] GC(94) Pause Full (System.gc()) 3M->1M(8192M) 8.974ms
[43.544s][info][gc,cpu         ] GC(94) User=0.03s Sys=0.01s Real=0.01s
[44.002s][info][gc,start       ] GC(95) Pause Full (System.gc())
[44.002s][info][gc,task        ] GC(95) Using 5 workers of 10 for full compaction
[44.002s][info][gc,phases,start] GC(95) Phase 1: Mark live objects
[44.004s][info][gc,phases      ] GC(95) Phase 1: Mark live objects 1.640ms
[44.004s][info][gc,phases,start] GC(95) Phase 2: Prepare compaction
[44.004s][info][gc,phases      ] GC(95) Phase 2: Prepare compaction 0.469ms
[44.004s][info][gc,phases,start] GC(95) Phase 3: Adjust pointers
[44.005s][info][gc,phases      ] GC(95) Phase 3: Adjust pointers 1.108ms
[44.005s][info][gc,phases,start] GC(95) Phase 4: Compact heap
[44.006s][info][gc,phases      ] GC(95) Phase 4: Compact heap 0.501ms
[44.006s][info][gc,phases,start] GC(95) Phase 5: Reset Metadata
[44.007s][info][gc,phases      ] GC(95) Phase 5: Reset Metadata 1.049ms
[44.011s][info][gc,heap        ] GC(95) Eden regions: 1->0(102)
[44.011s][info][gc,heap        ] GC(95) Survivor regions: 0->0(0)
[44.011s][info][gc,heap        ] GC(95) Old regions: 4->4
[44.011s][info][gc,heap        ] GC(95) Humongous regions: 0->0
[44.011s][info][gc,metaspace   ] GC(95) Metaspace: 536K(768K)->531K(768K) NonClass: 482K(640K)->480K(640K) Class: 53K(128K)->51K(128K)
[44.011s][info][gc             ] GC(95) Pause Full (System.gc()) 3M->1M(8192M) 9.543ms
[44.011s][info][gc,cpu         ] GC(95) User=0.03s Sys=0.00s Real=0.01s
[44.468s][info][gc,start       ] GC(96) Pause Full (System.gc())
[44.468s][info][gc,task        ] GC(96) Using 5 workers of 10 for full compaction
[44.469s][info][gc,phases,start] GC(96) Phase 1: Mark live objects
[44.472s][info][gc,phases      ] GC(96) Phase 1: Mark live objects 3.259ms
[44.472s][info][gc,phases,start] GC(96) Phase 2: Prepare compaction
[44.473s][info][gc,phases      ] GC(96) Phase 2: Prepare compaction 0.415ms
[44.473s][info][gc,phases,start] GC(96) Phase 3: Adjust pointers
[44.473s][info][gc,phases      ] GC(96) Phase 3: Adjust pointers 0.638ms
[44.473s][info][gc,phases,start] GC(96) Phase 4: Compact heap
[44.474s][info][gc,phases      ] GC(96) Phase 4: Compact heap 0.360ms
[44.474s][info][gc,phases,start] GC(96) Phase 5: Reset Metadata
[44.475s][info][gc,phases      ] GC(96) Phase 5: Reset Metadata 0.896ms
[44.480s][info][gc,heap        ] GC(96) Eden regions: 1->0(102)
[44.481s][info][gc,heap        ] GC(96) Survivor regions: 0->0(0)
[44.481s][info][gc,heap        ] GC(96) Old regions: 4->4
[44.481s][info][gc,heap        ] GC(96) Humongous regions: 0->0
[44.481s][info][gc,metaspace   ] GC(96) Metaspace: 542K(832K)->541K(768K) NonClass: 489K(704K)->489K(640K) Class: 52K(128K)->52K(128K)
[44.481s][info][gc             ] GC(96) Pause Full (System.gc()) 3M->1M(8192M) 12.382ms
[44.481s][info][gc,cpu         ] GC(96) User=0.04s Sys=0.00s Real=0.01s
[44.938s][info][gc,start       ] GC(97) Pause Full (System.gc())
[44.938s][info][gc,task        ] GC(97) Using 5 workers of 10 for full compaction
[44.939s][info][gc,phases,start] GC(97) Phase 1: Mark live objects
[44.941s][info][gc,phases      ] GC(97) Phase 1: Mark live objects 2.543ms
[44.941s][info][gc,phases,start] GC(97) Phase 2: Prepare compaction
[44.942s][info][gc,phases      ] GC(97) Phase 2: Prepare compaction 0.511ms
[44.942s][info][gc,phases,start] GC(97) Phase 3: Adjust pointers
[44.943s][info][gc,phases      ] GC(97) Phase 3: Adjust pointers 0.796ms
[44.943s][info][gc,phases,start] GC(97) Phase 4: Compact heap
[44.943s][info][gc,phases      ] GC(97) Phase 4: Compact heap 0.400ms
[44.943s][info][gc,phases,start] GC(97) Phase 5: Reset Metadata
[44.944s][info][gc,phases      ] GC(97) Phase 5: Reset Metadata 0.637ms
[44.948s][info][gc,heap        ] GC(97) Eden regions: 1->0(102)
[44.948s][info][gc,heap        ] GC(97) Survivor regions: 0->0(0)
[44.948s][info][gc,heap        ] GC(97) Old regions: 4->4
[44.948s][info][gc,heap        ] GC(97) Humongous regions: 0->0
[44.948s][info][gc,metaspace   ] GC(97) Metaspace: 546K(832K)->527K(832K) NonClass: 492K(704K)->478K(704K) Class: 54K(128K)->49K(128K)
[44.948s][info][gc             ] GC(97) Pause Full (System.gc()) 3M->1M(8192M) 9.630ms
[44.948s][info][gc,cpu         ] GC(97) User=0.03s Sys=0.00s Real=0.01s
[45.405s][info][gc,start       ] GC(98) Pause Full (System.gc())
[45.405s][info][gc,task        ] GC(98) Using 5 workers of 10 for full compaction
[45.405s][info][gc,phases,start] GC(98) Phase 1: Mark live objects
[45.407s][info][gc,phases      ] GC(98) Phase 1: Mark live objects 2.164ms
[45.407s][info][gc,phases,start] GC(98) Phase 2: Prepare compaction
[45.408s][info][gc,phases      ] GC(98) Phase 2: Prepare compaction 0.970ms
[45.408s][info][gc,phases,start] GC(98) Phase 3: Adjust pointers
[45.409s][info][gc,phases      ] GC(98) Phase 3: Adjust pointers 0.897ms
[45.409s][info][gc,phases,start] GC(98) Phase 4: Compact heap
[45.410s][info][gc,phases      ] GC(98) Phase 4: Compact heap 0.458ms
[45.410s][info][gc,phases,start] GC(98) Phase 5: Reset Metadata
[45.411s][info][gc,phases      ] GC(98) Phase 5: Reset Metadata 1.147ms
[45.415s][info][gc,heap        ] GC(98) Eden regions: 1->0(102)
[45.415s][info][gc,heap        ] GC(98) Survivor regions: 0->0(0)
[45.415s][info][gc,heap        ] GC(98) Old regions: 4->4
[45.415s][info][gc,heap        ] GC(98) Humongous regions: 0->0
[45.415s][info][gc,metaspace   ] GC(98) Metaspace: 532K(832K)->493K(768K) NonClass: 481K(704K)->458K(640K) Class: 51K(128K)->35K(128K)
[45.415s][info][gc             ] GC(98) Pause Full (System.gc()) 3M->1M(8192M) 10.427ms
[45.415s][info][gc,cpu         ] GC(98) User=0.03s Sys=0.01s Real=0.01s
[45.870s][info][gc,start       ] GC(99) Pause Full (System.gc())
[45.870s][info][gc,task        ] GC(99) Using 5 workers of 10 for full compaction
[45.870s][info][gc,phases,start] GC(99) Phase 1: Mark live objects
[45.873s][info][gc,phases      ] GC(99) Phase 1: Mark live objects 2.457ms
[45.873s][info][gc,phases,start] GC(99) Phase 2: Prepare compaction
[45.873s][info][gc,phases      ] GC(99) Phase 2: Prepare compaction 0.380ms
[45.873s][info][gc,phases,start] GC(99) Phase 3: Adjust pointers
[45.874s][info][gc,phases      ] GC(99) Phase 3: Adjust pointers 0.793ms
[45.874s][info][gc,phases,start] GC(99) Phase 4: Compact heap
[45.874s][info][gc,phases      ] GC(99) Phase 4: Compact heap 0.447ms
[45.874s][info][gc,phases,start] GC(99) Phase 5: Reset Metadata
[45.875s][info][gc,phases      ] GC(99) Phase 5: Reset Metadata 0.992ms
[45.879s][info][gc,heap        ] GC(99) Eden regions: 1->0(102)
[45.879s][info][gc,heap        ] GC(99) Survivor regions: 0->0(0)
[45.879s][info][gc,heap        ] GC(99) Old regions: 4->4
[45.879s][info][gc,heap        ] GC(99) Humongous regions: 0->0
[45.879s][info][gc,metaspace   ] GC(99) Metaspace: 498K(768K)->496K(768K) NonClass: 461K(640K)->459K(640K) Class: 37K(128K)->36K(128K)
[45.879s][info][gc             ] GC(99) Pause Full (System.gc()) 3M->1M(8192M) 8.972ms
[45.879s][info][gc,cpu         ] GC(99) User=0.03s Sys=0.00s Real=0.01s
[46.335s][info][gc,start       ] GC(100) Pause Full (System.gc())
[46.335s][info][gc,task        ] GC(100) Using 5 workers of 10 for full compaction
[46.336s][info][gc,phases,start] GC(100) Phase 1: Mark live objects
[46.337s][info][gc,phases      ] GC(100) Phase 1: Mark live objects 1.459ms
[46.337s][info][gc,phases,start] GC(100) Phase 2: Prepare compaction
[46.337s][info][gc,phases      ] GC(100) Phase 2: Prepare compaction 0.355ms
[46.338s][info][gc,phases,start] GC(100) Phase 3: Adjust pointers
[46.338s][info][gc,phases      ] GC(100) Phase 3: Adjust pointers 0.630ms
[46.338s][info][gc,phases,start] GC(100) Phase 4: Compact heap
[46.339s][info][gc,phases      ] GC(100) Phase 4: Compact heap 0.443ms
[46.339s][info][gc,phases,start] GC(100) Phase 5: Reset Metadata
[46.340s][info][gc,phases      ] GC(100) Phase 5: Reset Metadata 0.998ms
[46.344s][info][gc,heap        ] GC(100) Eden regions: 1->0(102)
[46.344s][info][gc,heap        ] GC(100) Survivor regions: 0->0(0)
[46.344s][info][gc,heap        ] GC(100) Old regions: 4->4
[46.344s][info][gc,heap        ] GC(100) Humongous regions: 0->0
[46.344s][info][gc,metaspace   ] GC(100) Metaspace: 501K(768K)->501K(768K) NonClass: 463K(640K)->463K(640K) Class: 37K(128K)->37K(128K)
[46.344s][info][gc             ] GC(100) Pause Full (System.gc()) 3M->1M(8192M) 8.545ms
[46.344s][info][gc,cpu         ] GC(100) User=0.03s Sys=0.00s Real=0.01s
[46.801s][info][gc,start       ] GC(101) Pause Full (System.gc())
[46.801s][info][gc,task        ] GC(101) Using 5 workers of 10 for full compaction
[46.802s][info][gc,phases,start] GC(101) Phase 1: Mark live objects
[46.803s][info][gc,phases      ] GC(101) Phase 1: Mark live objects 1.599ms
[46.803s][info][gc,phases,start] GC(101) Phase 2: Prepare compaction
[46.804s][info][gc,phases      ] GC(101) Phase 2: Prepare compaction 0.394ms
[46.804s][info][gc,phases,start] GC(101) Phase 3: Adjust pointers
[46.804s][info][gc,phases      ] GC(101) Phase 3: Adjust pointers 0.635ms
[46.805s][info][gc,phases,start] GC(101) Phase 4: Compact heap
[46.805s][info][gc,phases      ] GC(101) Phase 4: Compact heap 0.496ms
[46.805s][info][gc,phases,start] GC(101) Phase 5: Reset Metadata
[46.806s][info][gc,phases      ] GC(101) Phase 5: Reset Metadata 1.171ms
[46.810s][info][gc,heap        ] GC(101) Eden regions: 1->0(102)
[46.810s][info][gc,heap        ] GC(101) Survivor regions: 0->0(0)
[46.810s][info][gc,heap        ] GC(101) Old regions: 4->4
[46.810s][info][gc,heap        ] GC(101) Humongous regions: 0->0
[46.810s][info][gc,metaspace   ] GC(101) Metaspace: 506K(768K)->506K(768K) NonClass: 466K(640K)->466K(640K) Class: 39K(128K)->39K(128K)
[46.810s][info][gc             ] GC(101) Pause Full (System.gc()) 3M->1M(8192M) 9.088ms
[46.810s][info][gc,cpu         ] GC(101) User=0.03s Sys=0.00s Real=0.01s
[47.264s][info][gc,start       ] GC(102) Pause Full (System.gc())
[47.264s][info][gc,task        ] GC(102) Using 5 workers of 10 for full compaction
[47.264s][info][gc,phases,start] GC(102) Phase 1: Mark live objects
[47.266s][info][gc,phases      ] GC(102) Phase 1: Mark live objects 1.328ms
[47.266s][info][gc,phases,start] GC(102) Phase 2: Prepare compaction
[47.266s][info][gc,phases      ] GC(102) Phase 2: Prepare compaction 0.364ms
[47.266s][info][gc,phases,start] GC(102) Phase 3: Adjust pointers
[47.267s][info][gc,phases      ] GC(102) Phase 3: Adjust pointers 0.628ms
[47.267s][info][gc,phases,start] GC(102) Phase 4: Compact heap
[47.267s][info][gc,phases      ] GC(102) Phase 4: Compact heap 0.304ms
[47.267s][info][gc,phases,start] GC(102) Phase 5: Reset Metadata
[47.270s][info][gc,phases      ] GC(102) Phase 5: Reset Metadata 2.565ms
[47.274s][info][gc,heap        ] GC(102) Eden regions: 1->0(102)
[47.274s][info][gc,heap        ] GC(102) Survivor regions: 0->0(0)
[47.274s][info][gc,heap        ] GC(102) Old regions: 4->4
[47.274s][info][gc,heap        ] GC(102) Humongous regions: 0->0
[47.274s][info][gc,metaspace   ] GC(102) Metaspace: 511K(768K)->511K(768K) NonClass: 469K(640K)->469K(640K) Class: 41K(128K)->41K(128K)
[47.274s][info][gc             ] GC(102) Pause Full (System.gc()) 3M->1M(8192M) 10.095ms
[47.274s][info][gc,cpu         ] GC(102) User=0.03s Sys=0.01s Real=0.01s
[47.728s][info][gc,start       ] GC(103) Pause Full (System.gc())
[47.728s][info][gc,task        ] GC(103) Using 5 workers of 10 for full compaction
[47.729s][info][gc,phases,start] GC(103) Phase 1: Mark live objects
[47.730s][info][gc,phases      ] GC(103) Phase 1: Mark live objects 1.639ms
[47.730s][info][gc,phases,start] GC(103) Phase 2: Prepare compaction
[47.731s][info][gc,phases      ] GC(103) Phase 2: Prepare compaction 0.380ms
[47.731s][info][gc,phases,start] GC(103) Phase 3: Adjust pointers
[47.732s][info][gc,phases      ] GC(103) Phase 3: Adjust pointers 1.013ms
[47.732s][info][gc,phases,start] GC(103) Phase 4: Compact heap
[47.732s][info][gc,phases      ] GC(103) Phase 4: Compact heap 0.444ms
[47.732s][info][gc,phases,start] GC(103) Phase 5: Reset Metadata
[47.734s][info][gc,phases      ] GC(103) Phase 5: Reset Metadata 1.450ms
[47.738s][info][gc,heap        ] GC(103) Eden regions: 1->0(102)
[47.738s][info][gc,heap        ] GC(103) Survivor regions: 0->0(0)
[47.738s][info][gc,heap        ] GC(103) Old regions: 4->4
[47.738s][info][gc,heap        ] GC(103) Humongous regions: 0->0
[47.738s][info][gc,metaspace   ] GC(103) Metaspace: 516K(768K)->516K(768K) NonClass: 473K(640K)->473K(640K) Class: 42K(128K)->42K(128K)
[47.738s][info][gc             ] GC(103) Pause Full (System.gc()) 3M->1M(8192M) 9.338ms
[47.738s][info][gc,cpu         ] GC(103) User=0.03s Sys=0.00s Real=0.01s
[48.195s][info][gc,start       ] GC(104) Pause Full (System.gc())
[48.195s][info][gc,task        ] GC(104) Using 5 workers of 10 for full compaction
[48.195s][info][gc,phases,start] GC(104) Phase 1: Mark live objects
[48.197s][info][gc,phases      ] GC(104) Phase 1: Mark live objects 1.845ms
[48.197s][info][gc,phases,start] GC(104) Phase 2: Prepare compaction
[48.198s][info][gc,phases      ] GC(104) Phase 2: Prepare compaction 0.473ms
[48.198s][info][gc,phases,start] GC(104) Phase 3: Adjust pointers
[48.198s][info][gc,phases      ] GC(104) Phase 3: Adjust pointers 0.613ms
[48.199s][info][gc,phases,start] GC(104) Phase 4: Compact heap
[48.199s][info][gc,phases      ] GC(104) Phase 4: Compact heap 0.323ms
[48.199s][info][gc,phases,start] GC(104) Phase 5: Reset Metadata
[48.201s][info][gc,phases      ] GC(104) Phase 5: Reset Metadata 1.995ms
[48.207s][info][gc,heap        ] GC(104) Eden regions: 1->0(102)
[48.207s][info][gc,heap        ] GC(104) Survivor regions: 0->0(0)
[48.207s][info][gc,heap        ] GC(104) Old regions: 4->4
[48.207s][info][gc,heap        ] GC(104) Humongous regions: 0->0
[48.207s][info][gc,metaspace   ] GC(104) Metaspace: 521K(768K)->521K(768K) NonClass: 477K(640K)->477K(640K) Class: 44K(128K)->44K(128K)
[48.207s][info][gc             ] GC(104) Pause Full (System.gc()) 3M->1M(8192M) 11.805ms
[48.207s][info][gc,cpu         ] GC(104) User=0.03s Sys=0.00s Real=0.01s
[48.664s][info][gc,start       ] GC(105) Pause Full (System.gc())
[48.664s][info][gc,task        ] GC(105) Using 5 workers of 10 for full compaction
[48.664s][info][gc,phases,start] GC(105) Phase 1: Mark live objects
[48.666s][info][gc,phases      ] GC(105) Phase 1: Mark live objects 1.402ms
[48.666s][info][gc,phases,start] GC(105) Phase 2: Prepare compaction
[48.666s][info][gc,phases      ] GC(105) Phase 2: Prepare compaction 0.512ms
[48.666s][info][gc,phases,start] GC(105) Phase 3: Adjust pointers
[48.667s][info][gc,phases      ] GC(105) Phase 3: Adjust pointers 0.745ms
[48.667s][info][gc,phases,start] GC(105) Phase 4: Compact heap
[48.667s][info][gc,phases      ] GC(105) Phase 4: Compact heap 0.338ms
[48.667s][info][gc,phases,start] GC(105) Phase 5: Reset Metadata
[48.668s][info][gc,phases      ] GC(105) Phase 5: Reset Metadata 0.592ms
[48.672s][info][gc,heap        ] GC(105) Eden regions: 1->0(102)
[48.672s][info][gc,heap        ] GC(105) Survivor regions: 0->0(0)
[48.672s][info][gc,heap        ] GC(105) Old regions: 4->4
[48.672s][info][gc,heap        ] GC(105) Humongous regions: 0->0
[48.672s][info][gc,metaspace   ] GC(105) Metaspace: 526K(768K)->521K(768K) NonClass: 480K(640K)->477K(640K) Class: 46K(128K)->43K(128K)
[48.672s][info][gc             ] GC(105) Pause Full (System.gc()) 3M->1M(8192M) 7.821ms
[48.672s][info][gc,cpu         ] GC(105) User=0.02s Sys=0.00s Real=0.01s
[49.130s][info][gc,start       ] GC(106) Pause Full (System.gc())
[49.130s][info][gc,task        ] GC(106) Using 5 workers of 10 for full compaction
[49.131s][info][gc,phases,start] GC(106) Phase 1: Mark live objects
[49.132s][info][gc,phases      ] GC(106) Phase 1: Mark live objects 1.763ms
[49.132s][info][gc,phases,start] GC(106) Phase 2: Prepare compaction
[49.133s][info][gc,phases      ] GC(106) Phase 2: Prepare compaction 0.531ms
[49.133s][info][gc,phases,start] GC(106) Phase 3: Adjust pointers
[49.134s][info][gc,phases      ] GC(106) Phase 3: Adjust pointers 1.252ms
[49.134s][info][gc,phases,start] GC(106) Phase 4: Compact heap
[49.135s][info][gc,phases      ] GC(106) Phase 4: Compact heap 0.409ms
[49.135s][info][gc,phases,start] GC(106) Phase 5: Reset Metadata
[49.135s][info][gc,phases      ] GC(106) Phase 5: Reset Metadata 0.657ms
[49.139s][info][gc,heap        ] GC(106) Eden regions: 1->0(102)
[49.140s][info][gc,heap        ] GC(106) Survivor regions: 0->0(0)
[49.140s][info][gc,heap        ] GC(106) Old regions: 4->4
[49.140s][info][gc,heap        ] GC(106) Humongous regions: 0->0
[49.140s][info][gc,metaspace   ] GC(106) Metaspace: 527K(768K)->526K(768K) NonClass: 481K(640K)->481K(640K) Class: 45K(128K)->44K(128K)
[49.140s][info][gc             ] GC(106) Pause Full (System.gc()) 3M->1M(8192M) 9.271ms
[49.140s][info][gc,cpu         ] GC(106) User=0.02s Sys=0.01s Real=0.01s
[49.593s][info][gc,start       ] GC(107) Pause Full (System.gc())
[49.593s][info][gc,task        ] GC(107) Using 5 workers of 10 for full compaction
[49.593s][info][gc,phases,start] GC(107) Phase 1: Mark live objects
[49.597s][info][gc,phases      ] GC(107) Phase 1: Mark live objects 3.785ms
[49.597s][info][gc,phases,start] GC(107) Phase 2: Prepare compaction
[49.598s][info][gc,phases      ] GC(107) Phase 2: Prepare compaction 0.409ms
[49.598s][info][gc,phases,start] GC(107) Phase 3: Adjust pointers
[49.599s][info][gc,phases      ] GC(107) Phase 3: Adjust pointers 1.478ms
[49.599s][info][gc,phases,start] GC(107) Phase 4: Compact heap
[49.600s][info][gc,phases      ] GC(107) Phase 4: Compact heap 0.505ms
[49.600s][info][gc,phases,start] GC(107) Phase 5: Reset Metadata
[49.601s][info][gc,phases      ] GC(107) Phase 5: Reset Metadata 1.276ms
[49.605s][info][gc,heap        ] GC(107) Eden regions: 1->0(102)
[49.605s][info][gc,heap        ] GC(107) Survivor regions: 0->0(0)
[49.605s][info][gc,heap        ] GC(107) Old regions: 4->4
[49.605s][info][gc,heap        ] GC(107) Humongous regions: 0->0
[49.605s][info][gc,metaspace   ] GC(107) Metaspace: 531K(768K)->516K(768K) NonClass: 485K(640K)->476K(640K) Class: 46K(128K)->40K(128K)
[49.605s][info][gc             ] GC(107) Pause Full (System.gc()) 5M->1M(8192M) 12.096ms
[49.605s][info][gc,cpu         ] GC(107) User=0.03s Sys=0.00s Real=0.01s
[50.060s][info][gc,start       ] GC(108) Pause Full (System.gc())
[50.060s][info][gc,task        ] GC(108) Using 5 workers of 10 for full compaction
[50.060s][info][gc,phases,start] GC(108) Phase 1: Mark live objects
[50.063s][info][gc,phases      ] GC(108) Phase 1: Mark live objects 2.597ms
[50.063s][info][gc,phases,start] GC(108) Phase 2: Prepare compaction
[50.064s][info][gc,phases      ] GC(108) Phase 2: Prepare compaction 0.978ms
[50.064s][info][gc,phases,start] GC(108) Phase 3: Adjust pointers
[50.065s][info][gc,phases      ] GC(108) Phase 3: Adjust pointers 1.119ms
[50.065s][info][gc,phases,start] GC(108) Phase 4: Compact heap
[50.066s][info][gc,phases      ] GC(108) Phase 4: Compact heap 0.437ms
[50.066s][info][gc,phases,start] GC(108) Phase 5: Reset Metadata
[50.066s][info][gc,phases      ] GC(108) Phase 5: Reset Metadata 0.663ms
[50.070s][info][gc,heap        ] GC(108) Eden regions: 1->0(102)
[50.070s][info][gc,heap        ] GC(108) Survivor regions: 0->0(0)
[50.070s][info][gc,heap        ] GC(108) Old regions: 4->4
[50.070s][info][gc,heap        ] GC(108) Humongous regions: 0->0
[50.070s][info][gc,metaspace   ] GC(108) Metaspace: 521K(768K)->518K(768K) NonClass: 479K(640K)->478K(640K) Class: 41K(128K)->40K(128K)
[50.070s][info][gc             ] GC(108) Pause Full (System.gc()) 3M->1M(8192M) 10.332ms
[50.070s][info][gc,cpu         ] GC(108) User=0.03s Sys=0.00s Real=0.01s
[50.528s][info][gc,start       ] GC(109) Pause Full (System.gc())
[50.528s][info][gc,task        ] GC(109) Using 5 workers of 10 for full compaction
[50.528s][info][gc,phases,start] GC(109) Phase 1: Mark live objects
[50.532s][info][gc,phases      ] GC(109) Phase 1: Mark live objects 3.470ms
[50.532s][info][gc,phases,start] GC(109) Phase 2: Prepare compaction
[50.532s][info][gc,phases      ] GC(109) Phase 2: Prepare compaction 0.636ms
[50.532s][info][gc,phases,start] GC(109) Phase 3: Adjust pointers
[50.533s][info][gc,phases      ] GC(109) Phase 3: Adjust pointers 0.742ms
[50.533s][info][gc,phases,start] GC(109) Phase 4: Compact heap
[50.534s][info][gc,phases      ] GC(109) Phase 4: Compact heap 0.419ms
[50.534s][info][gc,phases,start] GC(109) Phase 5: Reset Metadata
[50.534s][info][gc,phases      ] GC(109) Phase 5: Reset Metadata 0.648ms
[50.538s][info][gc,heap        ] GC(109) Eden regions: 1->0(102)
[50.538s][info][gc,heap        ] GC(109) Survivor regions: 0->0(0)
[50.538s][info][gc,heap        ] GC(109) Old regions: 4->4
[50.538s][info][gc,heap        ] GC(109) Humongous regions: 0->0
[50.538s][info][gc,metaspace   ] GC(109) Metaspace: 523K(768K)->522K(768K) NonClass: 481K(640K)->481K(640K) Class: 42K(128K)->41K(128K)
[50.538s][info][gc             ] GC(109) Pause Full (System.gc()) 3M->1M(8192M) 10.429ms
[50.538s][info][gc,cpu         ] GC(109) User=0.03s Sys=0.00s Real=0.01s
[50.995s][info][gc,start       ] GC(110) Pause Full (System.gc())
[50.995s][info][gc,task        ] GC(110) Using 5 workers of 10 for full compaction
[50.995s][info][gc,phases,start] GC(110) Phase 1: Mark live objects
[50.998s][info][gc,phases      ] GC(110) Phase 1: Mark live objects 2.734ms
[50.998s][info][gc,phases,start] GC(110) Phase 2: Prepare compaction
[50.998s][info][gc,phases      ] GC(110) Phase 2: Prepare compaction 0.534ms
[50.998s][info][gc,phases,start] GC(110) Phase 3: Adjust pointers
[50.999s][info][gc,phases      ] GC(110) Phase 3: Adjust pointers 0.766ms
[50.999s][info][gc,phases,start] GC(110) Phase 4: Compact heap
[51.000s][info][gc,phases      ] GC(110) Phase 4: Compact heap 0.306ms
[51.000s][info][gc,phases,start] GC(110) Phase 5: Reset Metadata
[51.001s][info][gc,phases      ] GC(110) Phase 5: Reset Metadata 1.409ms
[51.007s][info][gc,heap        ] GC(110) Eden regions: 1->0(102)
[51.007s][info][gc,heap        ] GC(110) Survivor regions: 0->0(0)
[51.007s][info][gc,heap        ] GC(110) Old regions: 4->4
[51.007s][info][gc,heap        ] GC(110) Humongous regions: 0->0
[51.007s][info][gc,metaspace   ] GC(110) Metaspace: 528K(768K)->527K(768K) NonClass: 485K(640K)->484K(640K) Class: 43K(128K)->42K(128K)
[51.007s][info][gc             ] GC(110) Pause Full (System.gc()) 3M->1M(8192M) 12.633ms
[51.007s][info][gc,cpu         ] GC(110) User=0.04s Sys=0.01s Real=0.01s
[51.461s][info][gc,start       ] GC(111) Pause Full (System.gc())
[51.461s][info][gc,task        ] GC(111) Using 5 workers of 10 for full compaction
[51.461s][info][gc,phases,start] GC(111) Phase 1: Mark live objects
[51.463s][info][gc,phases      ] GC(111) Phase 1: Mark live objects 2.017ms
[51.463s][info][gc,phases,start] GC(111) Phase 2: Prepare compaction
[51.463s][info][gc,phases      ] GC(111) Phase 2: Prepare compaction 0.436ms
[51.463s][info][gc,phases,start] GC(111) Phase 3: Adjust pointers
[51.464s][info][gc,phases      ] GC(111) Phase 3: Adjust pointers 0.825ms
[51.464s][info][gc,phases,start] GC(111) Phase 4: Compact heap
[51.465s][info][gc,phases      ] GC(111) Phase 4: Compact heap 0.581ms
[51.465s][info][gc,phases,start] GC(111) Phase 5: Reset Metadata
[51.466s][info][gc,phases      ] GC(111) Phase 5: Reset Metadata 0.978ms
[51.470s][info][gc,heap        ] GC(111) Eden regions: 1->0(102)
[51.470s][info][gc,heap        ] GC(111) Survivor regions: 0->0(0)
[51.470s][info][gc,heap        ] GC(111) Old regions: 4->4
[51.470s][info][gc,heap        ] GC(111) Humongous regions: 0->0
[51.470s][info][gc,metaspace   ] GC(111) Metaspace: 532K(768K)->531K(768K) NonClass: 488K(640K)->487K(640K) Class: 44K(128K)->44K(128K)
[51.470s][info][gc             ] GC(111) Pause Full (System.gc()) 3M->1M(8192M) 9.198ms
[51.470s][info][gc,cpu         ] GC(111) User=0.03s Sys=0.00s Real=0.01s
[51.923s][info][gc,start       ] GC(112) Pause Full (System.gc())
[51.924s][info][gc,task        ] GC(112) Using 5 workers of 10 for full compaction
[51.924s][info][gc,phases,start] GC(112) Phase 1: Mark live objects
[51.926s][info][gc,phases      ] GC(112) Phase 1: Mark live objects 1.651ms
[51.926s][info][gc,phases,start] GC(112) Phase 2: Prepare compaction
[51.926s][info][gc,phases      ] GC(112) Phase 2: Prepare compaction 0.403ms
[51.926s][info][gc,phases,start] GC(112) Phase 3: Adjust pointers
[51.927s][info][gc,phases      ] GC(112) Phase 3: Adjust pointers 0.634ms
[51.927s][info][gc,phases,start] GC(112) Phase 4: Compact heap
[51.927s][info][gc,phases      ] GC(112) Phase 4: Compact heap 0.306ms
[51.927s][info][gc,phases,start] GC(112) Phase 5: Reset Metadata
[51.929s][info][gc,phases      ] GC(112) Phase 5: Reset Metadata 2.099ms
[51.935s][info][gc,heap        ] GC(112) Eden regions: 1->0(102)
[51.935s][info][gc,heap        ] GC(112) Survivor regions: 0->0(0)
[51.935s][info][gc,heap        ] GC(112) Old regions: 4->4
[51.935s][info][gc,heap        ] GC(112) Humongous regions: 0->0
[51.935s][info][gc,metaspace   ] GC(112) Metaspace: 536K(768K)->536K(768K) NonClass: 490K(640K)->490K(640K) Class: 45K(128K)->45K(128K)
[51.935s][info][gc             ] GC(112) Pause Full (System.gc()) 3M->1M(8192M) 11.835ms
[51.935s][info][gc,cpu         ] GC(112) User=0.03s Sys=0.00s Real=0.01s
[52.393s][info][gc,start       ] GC(113) Pause Full (System.gc())
[52.393s][info][gc,task        ] GC(113) Using 5 workers of 10 for full compaction
[52.393s][info][gc,phases,start] GC(113) Phase 1: Mark live objects
[52.395s][info][gc,phases      ] GC(113) Phase 1: Mark live objects 2.319ms
[52.396s][info][gc,phases,start] GC(113) Phase 2: Prepare compaction
[52.396s][info][gc,phases      ] GC(113) Phase 2: Prepare compaction 0.481ms
[52.396s][info][gc,phases,start] GC(113) Phase 3: Adjust pointers
[52.397s][info][gc,phases      ] GC(113) Phase 3: Adjust pointers 1.089ms
[52.397s][info][gc,phases,start] GC(113) Phase 4: Compact heap
[52.397s][info][gc,phases      ] GC(113) Phase 4: Compact heap 0.307ms
[52.398s][info][gc,phases,start] GC(113) Phase 5: Reset Metadata
[52.399s][info][gc,phases      ] GC(113) Phase 5: Reset Metadata 1.525ms
[52.404s][info][gc,heap        ] GC(113) Eden regions: 1->0(102)
[52.405s][info][gc,heap        ] GC(113) Survivor regions: 0->0(0)
[52.405s][info][gc,heap        ] GC(113) Old regions: 4->4
[52.405s][info][gc,heap        ] GC(113) Humongous regions: 0->0
[52.405s][info][gc,metaspace   ] GC(113) Metaspace: 541K(768K)->540K(768K) NonClass: 493K(640K)->493K(640K) Class: 47K(128K)->46K(128K)
[52.405s][info][gc             ] GC(113) Pause Full (System.gc()) 3M->1M(8192M) 11.881ms
[52.405s][info][gc,cpu         ] GC(113) User=0.03s Sys=0.00s Real=0.01s
[52.858s][info][gc,start       ] GC(114) Pause Full (System.gc())
[52.858s][info][gc,task        ] GC(114) Using 5 workers of 10 for full compaction
[52.858s][info][gc,phases,start] GC(114) Phase 1: Mark live objects
[52.860s][info][gc,phases      ] GC(114) Phase 1: Mark live objects 1.830ms
[52.860s][info][gc,phases,start] GC(114) Phase 2: Prepare compaction
[52.860s][info][gc,phases      ] GC(114) Phase 2: Prepare compaction 0.363ms
[52.860s][info][gc,phases,start] GC(114) Phase 3: Adjust pointers
[52.861s][info][gc,phases      ] GC(114) Phase 3: Adjust pointers 0.569ms
[52.861s][info][gc,phases,start] GC(114) Phase 4: Compact heap
[52.861s][info][gc,phases      ] GC(114) Phase 4: Compact heap 0.350ms
[52.861s][info][gc,phases,start] GC(114) Phase 5: Reset Metadata
[52.863s][info][gc,phases      ] GC(114) Phase 5: Reset Metadata 1.201ms
[52.869s][info][gc,heap        ] GC(114) Eden regions: 1->0(102)
[52.869s][info][gc,heap        ] GC(114) Survivor regions: 0->0(0)
[52.869s][info][gc,heap        ] GC(114) Old regions: 4->4
[52.869s][info][gc,heap        ] GC(114) Humongous regions: 0->0
[52.869s][info][gc,metaspace   ] GC(114) Metaspace: 545K(768K)->544K(768K) NonClass: 496K(640K)->496K(640K) Class: 48K(128K)->47K(128K)
[52.869s][info][gc             ] GC(114) Pause Full (System.gc()) 3M->1M(8192M) 10.997ms
[52.869s][info][gc,cpu         ] GC(114) User=0.04s Sys=0.00s Real=0.01s
[53.326s][info][gc,start       ] GC(115) Pause Full (System.gc())
[53.326s][info][gc,task        ] GC(115) Using 5 workers of 10 for full compaction
[53.326s][info][gc,phases,start] GC(115) Phase 1: Mark live objects
[53.328s][info][gc,phases      ] GC(115) Phase 1: Mark live objects 1.885ms
[53.328s][info][gc,phases,start] GC(115) Phase 2: Prepare compaction
[53.329s][info][gc,phases      ] GC(115) Phase 2: Prepare compaction 0.450ms
[53.329s][info][gc,phases,start] GC(115) Phase 3: Adjust pointers
[53.330s][info][gc,phases      ] GC(115) Phase 3: Adjust pointers 0.889ms
[53.330s][info][gc,phases,start] GC(115) Phase 4: Compact heap
[53.330s][info][gc,phases      ] GC(115) Phase 4: Compact heap 0.320ms
[53.330s][info][gc,phases,start] GC(115) Phase 5: Reset Metadata
[53.332s][info][gc,phases      ] GC(115) Phase 5: Reset Metadata 1.468ms
[53.338s][info][gc,heap        ] GC(115) Eden regions: 1->0(102)
[53.338s][info][gc,heap        ] GC(115) Survivor regions: 0->0(0)
[53.338s][info][gc,heap        ] GC(115) Old regions: 4->4
[53.338s][info][gc,heap        ] GC(115) Humongous regions: 0->0
[53.338s][info][gc,metaspace   ] GC(115) Metaspace: 549K(768K)->548K(768K) NonClass: 499K(640K)->499K(640K) Class: 49K(128K)->49K(128K)
[53.338s][info][gc             ] GC(115) Pause Full (System.gc()) 3M->1M(8192M) 11.685ms
[53.338s][info][gc,cpu         ] GC(115) User=0.03s Sys=0.00s Real=0.02s
[53.791s][info][gc,start       ] GC(116) Pause Full (System.gc())
[53.791s][info][gc,task        ] GC(116) Using 5 workers of 10 for full compaction
[53.791s][info][gc,phases,start] GC(116) Phase 1: Mark live objects
[53.794s][info][gc,phases      ] GC(116) Phase 1: Mark live objects 2.960ms
[53.794s][info][gc,phases,start] GC(116) Phase 2: Prepare compaction
[53.795s][info][gc,phases      ] GC(116) Phase 2: Prepare compaction 0.963ms
[53.795s][info][gc,phases,start] GC(116) Phase 3: Adjust pointers
[53.797s][info][gc,phases      ] GC(116) Phase 3: Adjust pointers 1.578ms
[53.797s][info][gc,phases,start] GC(116) Phase 4: Compact heap
[53.797s][info][gc,phases      ] GC(116) Phase 4: Compact heap 0.468ms
[53.797s][info][gc,phases,start] GC(116) Phase 5: Reset Metadata
[53.798s][info][gc,phases      ] GC(116) Phase 5: Reset Metadata 0.998ms
[53.802s][info][gc,heap        ] GC(116) Eden regions: 1->0(102)
[53.802s][info][gc,heap        ] GC(116) Survivor regions: 0->0(0)
[53.802s][info][gc,heap        ] GC(116) Old regions: 4->4
[53.802s][info][gc,heap        ] GC(116) Humongous regions: 0->0
[53.802s][info][gc,metaspace   ] GC(116) Metaspace: 553K(768K)->552K(768K) NonClass: 502K(640K)->501K(640K) Class: 50K(128K)->50K(128K)
[53.802s][info][gc             ] GC(116) Pause Full (System.gc()) 3M->1M(8192M) 11.762ms
[53.802s][info][gc,cpu         ] GC(116) User=0.03s Sys=0.00s Real=0.01s
[54.256s][info][gc,start       ] GC(117) Pause Full (System.gc())
[54.256s][info][gc,task        ] GC(117) Using 5 workers of 10 for full compaction
[54.256s][info][gc,phases,start] GC(117) Phase 1: Mark live objects
[54.258s][info][gc,phases      ] GC(117) Phase 1: Mark live objects 1.370ms
[54.258s][info][gc,phases,start] GC(117) Phase 2: Prepare compaction
[54.258s][info][gc,phases      ] GC(117) Phase 2: Prepare compaction 0.368ms
[54.258s][info][gc,phases,start] GC(117) Phase 3: Adjust pointers
[54.259s][info][gc,phases      ] GC(117) Phase 3: Adjust pointers 1.085ms
[54.259s][info][gc,phases,start] GC(117) Phase 4: Compact heap
[54.260s][info][gc,phases      ] GC(117) Phase 4: Compact heap 0.440ms
[54.260s][info][gc,phases,start] GC(117) Phase 5: Reset Metadata
[54.260s][info][gc,phases      ] GC(117) Phase 5: Reset Metadata 0.606ms
[54.264s][info][gc,heap        ] GC(117) Eden regions: 1->0(102)
[54.264s][info][gc,heap        ] GC(117) Survivor regions: 0->0(0)
[54.264s][info][gc,heap        ] GC(117) Old regions: 4->4
[54.264s][info][gc,heap        ] GC(117) Humongous regions: 0->0
[54.264s][info][gc,metaspace   ] GC(117) Metaspace: 557K(896K)->557K(896K) NonClass: 505K(704K)->505K(704K) Class: 52K(192K)->52K(192K)
[54.264s][info][gc             ] GC(117) Pause Full (System.gc()) 3M->1M(8192M) 8.441ms
[54.264s][info][gc,cpu         ] GC(117) User=0.03s Sys=0.00s Real=0.01s
[54.718s][info][gc,start       ] GC(118) Pause Full (System.gc())
[54.718s][info][gc,task        ] GC(118) Using 5 workers of 10 for full compaction
[54.718s][info][gc,phases,start] GC(118) Phase 1: Mark live objects
[54.721s][info][gc,phases      ] GC(118) Phase 1: Mark live objects 2.389ms
[54.721s][info][gc,phases,start] GC(118) Phase 2: Prepare compaction
[54.721s][info][gc,phases      ] GC(118) Phase 2: Prepare compaction 0.389ms
[54.721s][info][gc,phases,start] GC(118) Phase 3: Adjust pointers
[54.722s][info][gc,phases      ] GC(118) Phase 3: Adjust pointers 0.807ms
[54.722s][info][gc,phases,start] GC(118) Phase 4: Compact heap
[54.723s][info][gc,phases      ] GC(118) Phase 4: Compact heap 0.452ms
[54.723s][info][gc,phases,start] GC(118) Phase 5: Reset Metadata
[54.724s][info][gc,phases      ] GC(118) Phase 5: Reset Metadata 1.189ms
[54.728s][info][gc,heap        ] GC(118) Eden regions: 1->0(102)
[54.728s][info][gc,heap        ] GC(118) Survivor regions: 0->0(0)
[54.728s][info][gc,heap        ] GC(118) Old regions: 4->4
[54.728s][info][gc,heap        ] GC(118) Humongous regions: 0->0
[54.728s][info][gc,metaspace   ] GC(118) Metaspace: 562K(896K)->562K(896K) NonClass: 508K(704K)->508K(704K) Class: 53K(192K)->53K(192K)
[54.728s][info][gc             ] GC(118) Pause Full (System.gc()) 3M->1M(8192M) 9.737ms
[54.728s][info][gc,cpu         ] GC(118) User=0.03s Sys=0.00s Real=0.01s
[55.183s][info][gc,start       ] GC(119) Pause Full (System.gc())
[55.184s][info][gc,task        ] GC(119) Using 5 workers of 10 for full compaction
[55.184s][info][gc,phases,start] GC(119) Phase 1: Mark live objects
[55.187s][info][gc,phases      ] GC(119) Phase 1: Mark live objects 3.002ms
[55.187s][info][gc,phases,start] GC(119) Phase 2: Prepare compaction
[55.188s][info][gc,phases      ] GC(119) Phase 2: Prepare compaction 0.640ms
[55.188s][info][gc,phases,start] GC(119) Phase 3: Adjust pointers
[55.189s][info][gc,phases      ] GC(119) Phase 3: Adjust pointers 0.870ms
[55.189s][info][gc,phases,start] GC(119) Phase 4: Compact heap
[55.189s][info][gc,phases      ] GC(119) Phase 4: Compact heap 0.373ms
[55.189s][info][gc,phases,start] GC(119) Phase 5: Reset Metadata
[55.190s][info][gc,phases      ] GC(119) Phase 5: Reset Metadata 0.611ms
[55.194s][info][gc,heap        ] GC(119) Eden regions: 1->0(102)
[55.194s][info][gc,heap        ] GC(119) Survivor regions: 0->0(0)
[55.194s][info][gc,heap        ] GC(119) Old regions: 4->4
[55.194s][info][gc,heap        ] GC(119) Humongous regions: 0->0
[55.194s][info][gc,metaspace   ] GC(119) Metaspace: 567K(896K)->567K(896K) NonClass: 511K(704K)->511K(704K) Class: 55K(192K)->55K(192K)
[55.194s][info][gc             ] GC(119) Pause Full (System.gc()) 3M->1M(8192M) 10.257ms
[55.194s][info][gc,cpu         ] GC(119) User=0.03s Sys=0.00s Real=0.01s
[55.651s][info][gc,start       ] GC(120) Pause Full (System.gc())
[55.651s][info][gc,task        ] GC(120) Using 5 workers of 10 for full compaction
[55.651s][info][gc,phases,start] GC(120) Phase 1: Mark live objects
[55.653s][info][gc,phases      ] GC(120) Phase 1: Mark live objects 1.846ms
[55.653s][info][gc,phases,start] GC(120) Phase 2: Prepare compaction
[55.654s][info][gc,phases      ] GC(120) Phase 2: Prepare compaction 0.388ms
[55.654s][info][gc,phases,start] GC(120) Phase 3: Adjust pointers
[55.654s][info][gc,phases      ] GC(120) Phase 3: Adjust pointers 0.625ms
[55.654s][info][gc,phases,start] GC(120) Phase 4: Compact heap
[55.655s][info][gc,phases      ] GC(120) Phase 4: Compact heap 0.321ms
[55.655s][info][gc,phases,start] GC(120) Phase 5: Reset Metadata
[55.656s][info][gc,phases      ] GC(120) Phase 5: Reset Metadata 0.872ms
[55.659s][info][gc,heap        ] GC(120) Eden regions: 1->0(102)
[55.659s][info][gc,heap        ] GC(120) Survivor regions: 0->0(0)
[55.659s][info][gc,heap        ] GC(120) Old regions: 4->4
[55.659s][info][gc,heap        ] GC(120) Humongous regions: 0->0
[55.659s][info][gc,metaspace   ] GC(120) Metaspace: 574K(896K)->574K(896K) NonClass: 516K(704K)->516K(704K) Class: 57K(192K)->57K(192K)
[55.659s][info][gc             ] GC(120) Pause Full (System.gc()) 3M->1M(8192M) 8.361ms
[55.659s][info][gc,cpu         ] GC(120) User=0.03s Sys=0.00s Real=0.01s
[56.113s][info][gc,start       ] GC(121) Pause Full (System.gc())
[56.114s][info][gc,task        ] GC(121) Using 5 workers of 10 for full compaction
[56.114s][info][gc,phases,start] GC(121) Phase 1: Mark live objects
[56.117s][info][gc,phases      ] GC(121) Phase 1: Mark live objects 3.385ms
[56.117s][info][gc,phases,start] GC(121) Phase 2: Prepare compaction
[56.118s][info][gc,phases      ] GC(121) Phase 2: Prepare compaction 1.000ms
[56.119s][info][gc,phases,start] GC(121) Phase 3: Adjust pointers
[56.119s][info][gc,phases      ] GC(121) Phase 3: Adjust pointers 0.969ms
[56.120s][info][gc,phases,start] GC(121) Phase 4: Compact heap
[56.120s][info][gc,phases      ] GC(121) Phase 4: Compact heap 0.569ms
[56.120s][info][gc,phases,start] GC(121) Phase 5: Reset Metadata
[56.121s][info][gc,phases      ] GC(121) Phase 5: Reset Metadata 1.002ms
[56.125s][info][gc,heap        ] GC(121) Eden regions: 1->0(102)
[56.125s][info][gc,heap        ] GC(121) Survivor regions: 0->0(0)
[56.125s][info][gc,heap        ] GC(121) Old regions: 4->4
[56.125s][info][gc,heap        ] GC(121) Humongous regions: 0->0
[56.125s][info][gc,metaspace   ] GC(121) Metaspace: 579K(896K)->574K(896K) NonClass: 519K(704K)->517K(704K) Class: 59K(192K)->56K(192K)
[56.125s][info][gc             ] GC(121) Pause Full (System.gc()) 3M->1M(8192M) 11.908ms
[56.125s][info][gc,cpu         ] GC(121) User=0.03s Sys=0.00s Real=0.01s
[56.581s][info][gc,start       ] GC(122) Pause Full (System.gc())
[56.581s][info][gc,task        ] GC(122) Using 5 workers of 10 for full compaction
[56.581s][info][gc,phases,start] GC(122) Phase 1: Mark live objects
[56.582s][info][gc,phases      ] GC(122) Phase 1: Mark live objects 1.023ms
[56.582s][info][gc,phases,start] GC(122) Phase 2: Prepare compaction
[56.582s][info][gc,phases      ] GC(122) Phase 2: Prepare compaction 0.314ms
[56.582s][info][gc,phases,start] GC(122) Phase 3: Adjust pointers
[56.583s][info][gc,phases      ] GC(122) Phase 3: Adjust pointers 0.421ms
[56.583s][info][gc,phases,start] GC(122) Phase 4: Compact heap
[56.583s][info][gc,phases      ] GC(122) Phase 4: Compact heap 0.250ms
[56.583s][info][gc,phases,start] GC(122) Phase 5: Reset Metadata
[56.583s][info][gc,phases      ] GC(122) Phase 5: Reset Metadata 0.335ms
[56.585s][info][gc,heap        ] GC(122) Eden regions: 1->0(102)
[56.585s][info][gc,heap        ] GC(122) Survivor regions: 0->0(0)
[56.585s][info][gc,heap        ] GC(122) Old regions: 4->4
[56.585s][info][gc,heap        ] GC(122) Humongous regions: 0->0
[56.585s][info][gc,metaspace   ] GC(122) Metaspace: 579K(896K)->578K(896K) NonClass: 521K(704K)->520K(704K) Class: 58K(192K)->57K(192K)
[56.586s][info][gc             ] GC(122) Pause Full (System.gc()) 3M->1M(8192M) 4.717ms
[56.586s][info][gc,cpu         ] GC(122) User=0.02s Sys=0.00s Real=0.00s
[57.039s][info][gc,start       ] GC(123) Pause Full (System.gc())
[57.039s][info][gc,task        ] GC(123) Using 5 workers of 10 for full compaction
[57.040s][info][gc,phases,start] GC(123) Phase 1: Mark live objects
[57.041s][info][gc,phases      ] GC(123) Phase 1: Mark live objects 1.907ms
[57.042s][info][gc,phases,start] GC(123) Phase 2: Prepare compaction
[57.042s][info][gc,phases      ] GC(123) Phase 2: Prepare compaction 0.387ms
[57.042s][info][gc,phases,start] GC(123) Phase 3: Adjust pointers
[57.044s][info][gc,phases      ] GC(123) Phase 3: Adjust pointers 1.578ms
[57.044s][info][gc,phases,start] GC(123) Phase 4: Compact heap
[57.044s][info][gc,phases      ] GC(123) Phase 4: Compact heap 0.452ms
[57.044s][info][gc,phases,start] GC(123) Phase 5: Reset Metadata
[57.045s][info][gc,phases      ] GC(123) Phase 5: Reset Metadata 1.011ms
[57.049s][info][gc,heap        ] GC(123) Eden regions: 1->0(102)
[57.049s][info][gc,heap        ] GC(123) Survivor regions: 0->0(0)
[57.049s][info][gc,heap        ] GC(123) Old regions: 4->4
[57.049s][info][gc,heap        ] GC(123) Humongous regions: 0->0
[57.049s][info][gc,metaspace   ] GC(123) Metaspace: 583K(896K)->582K(896K) NonClass: 523K(704K)->523K(704K) Class: 59K(192K)->59K(192K)
[57.049s][info][gc             ] GC(123) Pause Full (System.gc()) 3M->1M(8192M) 10.002ms
[57.049s][info][gc,cpu         ] GC(123) User=0.03s Sys=0.00s Real=0.01s
[57.502s][info][gc,start       ] GC(124) Pause Full (System.gc())
[57.502s][info][gc,task        ] GC(124) Using 5 workers of 10 for full compaction
[57.503s][info][gc,phases,start] GC(124) Phase 1: Mark live objects
[57.505s][info][gc,phases      ] GC(124) Phase 1: Mark live objects 1.928ms
[57.505s][info][gc,phases,start] GC(124) Phase 2: Prepare compaction
[57.505s][info][gc,phases      ] GC(124) Phase 2: Prepare compaction 0.386ms
[57.505s][info][gc,phases,start] GC(124) Phase 3: Adjust pointers
[57.506s][info][gc,phases      ] GC(124) Phase 3: Adjust pointers 1.381ms
[57.506s][info][gc,phases,start] GC(124) Phase 4: Compact heap
[57.507s][info][gc,phases      ] GC(124) Phase 4: Compact heap 0.451ms
[57.507s][info][gc,phases,start] GC(124) Phase 5: Reset Metadata
[57.508s][info][gc,phases      ] GC(124) Phase 5: Reset Metadata 0.593ms
[57.511s][info][gc,heap        ] GC(124) Eden regions: 1->0(102)
[57.511s][info][gc,heap        ] GC(124) Survivor regions: 0->0(0)
[57.511s][info][gc,heap        ] GC(124) Old regions: 4->4
[57.511s][info][gc,heap        ] GC(124) Humongous regions: 0->0
[57.511s][info][gc,metaspace   ] GC(124) Metaspace: 589K(896K)->560K(896K) NonClass: 529K(704K)->511K(704K) Class: 60K(192K)->48K(192K)
[57.511s][info][gc             ] GC(124) Pause Full (System.gc()) 3M->1M(8192M) 8.485ms
[57.511s][info][gc,cpu         ] GC(124) User=0.03s Sys=0.00s Real=0.01s
[57.968s][info][gc,start       ] GC(125) Pause Full (System.gc())
[57.968s][info][gc,task        ] GC(125) Using 5 workers of 10 for full compaction
[57.969s][info][gc,phases,start] GC(125) Phase 1: Mark live objects
[57.970s][info][gc,phases      ] GC(125) Phase 1: Mark live objects 1.837ms
[57.971s][info][gc,phases,start] GC(125) Phase 2: Prepare compaction
[57.971s][info][gc,phases      ] GC(125) Phase 2: Prepare compaction 0.385ms
[57.971s][info][gc,phases,start] GC(125) Phase 3: Adjust pointers
[57.972s][info][gc,phases      ] GC(125) Phase 3: Adjust pointers 0.902ms
[57.972s][info][gc,phases,start] GC(125) Phase 4: Compact heap
[57.972s][info][gc,phases      ] GC(125) Phase 4: Compact heap 0.373ms
[57.972s][info][gc,phases,start] GC(125) Phase 5: Reset Metadata
[57.973s][info][gc,phases      ] GC(125) Phase 5: Reset Metadata 0.673ms
[57.977s][info][gc,heap        ] GC(125) Eden regions: 1->0(102)
[57.977s][info][gc,heap        ] GC(125) Survivor regions: 0->0(0)
[57.977s][info][gc,heap        ] GC(125) Old regions: 4->4
[57.977s][info][gc,heap        ] GC(125) Humongous regions: 0->0
[57.977s][info][gc,metaspace   ] GC(125) Metaspace: 565K(896K)->563K(896K) NonClass: 515K(704K)->514K(704K) Class: 50K(192K)->49K(192K)
[57.977s][info][gc             ] GC(125) Pause Full (System.gc()) 3M->1M(8192M) 8.683ms
[57.977s][info][gc,cpu         ] GC(125) User=0.03s Sys=0.00s Real=0.00s
[58.434s][info][gc,start       ] GC(126) Pause Full (System.gc())
[58.434s][info][gc,task        ] GC(126) Using 5 workers of 10 for full compaction
[58.434s][info][gc,phases,start] GC(126) Phase 1: Mark live objects
[58.436s][info][gc,phases      ] GC(126) Phase 1: Mark live objects 2.239ms
[58.437s][info][gc,phases,start] GC(126) Phase 2: Prepare compaction
[58.437s][info][gc,phases      ] GC(126) Phase 2: Prepare compaction 0.529ms
[58.437s][info][gc,phases,start] GC(126) Phase 3: Adjust pointers
[58.438s][info][gc,phases      ] GC(126) Phase 3: Adjust pointers 1.171ms
[58.438s][info][gc,phases,start] GC(126) Phase 4: Compact heap
[58.439s][info][gc,phases      ] GC(126) Phase 4: Compact heap 0.442ms
[58.439s][info][gc,phases,start] GC(126) Phase 5: Reset Metadata
[58.440s][info][gc,phases      ] GC(126) Phase 5: Reset Metadata 0.686ms
[58.443s][info][gc,heap        ] GC(126) Eden regions: 1->0(102)
[58.443s][info][gc,heap        ] GC(126) Survivor regions: 0->0(0)
[58.443s][info][gc,heap        ] GC(126) Old regions: 4->4
[58.443s][info][gc,heap        ] GC(126) Humongous regions: 0->0
[58.443s][info][gc,metaspace   ] GC(126) Metaspace: 568K(896K)->568K(896K) NonClass: 518K(704K)->518K(704K) Class: 50K(192K)->50K(192K)
[58.443s][info][gc             ] GC(126) Pause Full (System.gc()) 3M->1M(8192M) 9.520ms
[58.444s][info][gc,cpu         ] GC(126) User=0.03s Sys=0.00s Real=0.01s
[58.901s][info][gc,start       ] GC(127) Pause Full (System.gc())
[58.901s][info][gc,task        ] GC(127) Using 5 workers of 10 for full compaction
[58.901s][info][gc,phases,start] GC(127) Phase 1: Mark live objects
[58.903s][info][gc,phases      ] GC(127) Phase 1: Mark live objects 1.790ms
[58.903s][info][gc,phases,start] GC(127) Phase 2: Prepare compaction
[58.903s][info][gc,phases      ] GC(127) Phase 2: Prepare compaction 0.369ms
[58.903s][info][gc,phases,start] GC(127) Phase 3: Adjust pointers
[58.904s][info][gc,phases      ] GC(127) Phase 3: Adjust pointers 0.727ms
[58.904s][info][gc,phases,start] GC(127) Phase 4: Compact heap
[58.905s][info][gc,phases      ] GC(127) Phase 4: Compact heap 0.480ms
[58.905s][info][gc,phases,start] GC(127) Phase 5: Reset Metadata
[58.906s][info][gc,phases      ] GC(127) Phase 5: Reset Metadata 1.056ms
[58.910s][info][gc,heap        ] GC(127) Eden regions: 1->0(102)
[58.910s][info][gc,heap        ] GC(127) Survivor regions: 0->0(0)
[58.910s][info][gc,heap        ] GC(127) Old regions: 4->4
[58.910s][info][gc,heap        ] GC(127) Humongous regions: 0->0
[58.910s][info][gc,metaspace   ] GC(127) Metaspace: 576K(896K)->576K(896K) NonClass: 523K(704K)->523K(704K) Class: 52K(192K)->52K(192K)
[58.910s][info][gc             ] GC(127) Pause Full (System.gc()) 3M->1M(8192M) 8.814ms
[58.910s][info][gc,cpu         ] GC(127) User=0.03s Sys=0.00s Real=0.01s
[59.367s][info][gc,start       ] GC(128) Pause Full (System.gc())
[59.367s][info][gc,task        ] GC(128) Using 5 workers of 10 for full compaction
[59.367s][info][gc,phases,start] GC(128) Phase 1: Mark live objects
[59.371s][info][gc,phases      ] GC(128) Phase 1: Mark live objects 3.295ms
[59.371s][info][gc,phases,start] GC(128) Phase 2: Prepare compaction
[59.371s][info][gc,phases      ] GC(128) Phase 2: Prepare compaction 0.492ms
[59.371s][info][gc,phases,start] GC(128) Phase 3: Adjust pointers
[59.372s][info][gc,phases      ] GC(128) Phase 3: Adjust pointers 0.823ms
[59.372s][info][gc,phases,start] GC(128) Phase 4: Compact heap
[59.373s][info][gc,phases      ] GC(128) Phase 4: Compact heap 0.445ms
[59.373s][info][gc,phases,start] GC(128) Phase 5: Reset Metadata
[59.373s][info][gc,phases      ] GC(128) Phase 5: Reset Metadata 0.667ms
[59.377s][info][gc,heap        ] GC(128) Eden regions: 1->0(102)
[59.377s][info][gc,heap        ] GC(128) Survivor regions: 0->0(0)
[59.377s][info][gc,heap        ] GC(128) Old regions: 4->4
[59.377s][info][gc,heap        ] GC(128) Humongous regions: 0->0
[59.377s][info][gc,metaspace   ] GC(128) Metaspace: 588K(896K)->585K(896K) NonClass: 533K(704K)->532K(704K) Class: 54K(192K)->52K(192K)
[59.377s][info][gc             ] GC(128) Pause Full (System.gc()) 3M->1M(8192M) 10.155ms
[59.377s][info][gc,cpu         ] GC(128) User=0.03s Sys=0.00s Real=0.01s
[59.834s][info][gc,start       ] GC(129) Pause Full (System.gc())
[59.834s][info][gc,task        ] GC(129) Using 5 workers of 10 for full compaction
[59.835s][info][gc,phases,start] GC(129) Phase 1: Mark live objects
[59.838s][info][gc,phases      ] GC(129) Phase 1: Mark live objects 3.242ms
[59.838s][info][gc,phases,start] GC(129) Phase 2: Prepare compaction
[59.839s][info][gc,phases      ] GC(129) Phase 2: Prepare compaction 0.491ms
[59.839s][info][gc,phases,start] GC(129) Phase 3: Adjust pointers
[59.839s][info][gc,phases      ] GC(129) Phase 3: Adjust pointers 0.844ms
[59.839s][info][gc,phases,start] GC(129) Phase 4: Compact heap
[59.840s][info][gc,phases      ] GC(129) Phase 4: Compact heap 0.406ms
[59.840s][info][gc,phases,start] GC(129) Phase 5: Reset Metadata
[59.841s][info][gc,phases      ] GC(129) Phase 5: Reset Metadata 0.646ms
[59.844s][info][gc,heap        ] GC(129) Eden regions: 1->0(102)
[59.845s][info][gc,heap        ] GC(129) Survivor regions: 0->0(0)
[59.845s][info][gc,heap        ] GC(129) Old regions: 4->4
[59.845s][info][gc,heap        ] GC(129) Humongous regions: 0->0
[59.845s][info][gc,metaspace   ] GC(129) Metaspace: 592K(896K)->591K(896K) NonClass: 537K(704K)->537K(704K) Class: 54K(192K)->53K(192K)
[59.845s][info][gc             ] GC(129) Pause Full (System.gc()) 3M->1M(8192M) 10.423ms
[59.845s][info][gc,cpu         ] GC(129) User=0.03s Sys=0.00s Real=0.01s
[60.302s][info][gc,start       ] GC(130) Pause Full (System.gc())
[60.302s][info][gc,task        ] GC(130) Using 5 workers of 10 for full compaction
[60.302s][info][gc,phases,start] GC(130) Phase 1: Mark live objects
[60.304s][info][gc,phases      ] GC(130) Phase 1: Mark live objects 1.631ms
[60.304s][info][gc,phases,start] GC(130) Phase 2: Prepare compaction
[60.304s][info][gc,phases      ] GC(130) Phase 2: Prepare compaction 0.435ms
[60.304s][info][gc,phases,start] GC(130) Phase 3: Adjust pointers
[60.306s][info][gc,phases      ] GC(130) Phase 3: Adjust pointers 1.111ms
[60.306s][info][gc,phases,start] GC(130) Phase 4: Compact heap
[60.306s][info][gc,phases      ] GC(130) Phase 4: Compact heap 0.298ms
[60.306s][info][gc,phases,start] GC(130) Phase 5: Reset Metadata
[60.308s][info][gc,phases      ] GC(130) Phase 5: Reset Metadata 1.829ms
[60.314s][info][gc,heap        ] GC(130) Eden regions: 1->0(102)
[60.314s][info][gc,heap        ] GC(130) Survivor regions: 0->0(0)
[60.314s][info][gc,heap        ] GC(130) Old regions: 4->4
[60.314s][info][gc,heap        ] GC(130) Humongous regions: 0->0
[60.314s][info][gc,metaspace   ] GC(130) Metaspace: 596K(896K)->596K(896K) NonClass: 540K(704K)->540K(704K) Class: 55K(192K)->55K(192K)
[60.314s][info][gc             ] GC(130) Pause Full (System.gc()) 5M->1M(8192M) 11.921ms
[60.314s][info][gc,cpu         ] GC(130) User=0.03s Sys=0.00s Real=0.01s
[60.766s][info][gc,start       ] GC(131) Pause Full (System.gc())
[60.767s][info][gc,task        ] GC(131) Using 5 workers of 10 for full compaction
[60.767s][info][gc,phases,start] GC(131) Phase 1: Mark live objects
[60.771s][info][gc,phases      ] GC(131) Phase 1: Mark live objects 4.038ms
[60.771s][info][gc,phases,start] GC(131) Phase 2: Prepare compaction
[60.771s][info][gc,phases      ] GC(131) Phase 2: Prepare compaction 0.578ms
[60.771s][info][gc,phases,start] GC(131) Phase 3: Adjust pointers
[60.772s][info][gc,phases      ] GC(131) Phase 3: Adjust pointers 0.721ms
[60.772s][info][gc,phases,start] GC(131) Phase 4: Compact heap
[60.773s][info][gc,phases      ] GC(131) Phase 4: Compact heap 0.429ms
[60.773s][info][gc,phases,start] GC(131) Phase 5: Reset Metadata
[60.773s][info][gc,phases      ] GC(131) Phase 5: Reset Metadata 0.616ms
[60.777s][info][gc,heap        ] GC(131) Eden regions: 1->0(102)
[60.777s][info][gc,heap        ] GC(131) Survivor regions: 0->0(0)
[60.777s][info][gc,heap        ] GC(131) Old regions: 4->4
[60.777s][info][gc,heap        ] GC(131) Humongous regions: 0->0
[60.777s][info][gc,metaspace   ] GC(131) Metaspace: 601K(896K)->588K(896K) NonClass: 543K(704K)->536K(704K) Class: 57K(192K)->52K(192K)
[60.777s][info][gc             ] GC(131) Pause Full (System.gc()) 3M->1M(8192M) 10.986ms
[60.777s][info][gc,cpu         ] GC(131) User=0.03s Sys=0.01s Real=0.02s
[61.234s][info][gc,start       ] GC(132) Pause Full (System.gc())
[61.235s][info][gc,task        ] GC(132) Using 5 workers of 10 for full compaction
[61.235s][info][gc,phases,start] GC(132) Phase 1: Mark live objects
[61.237s][info][gc,phases      ] GC(132) Phase 1: Mark live objects 2.030ms
[61.237s][info][gc,phases,start] GC(132) Phase 2: Prepare compaction
[61.237s][info][gc,phases      ] GC(132) Phase 2: Prepare compaction 0.445ms
[61.237s][info][gc,phases,start] GC(132) Phase 3: Adjust pointers
[61.238s][info][gc,phases      ] GC(132) Phase 3: Adjust pointers 0.575ms
[61.238s][info][gc,phases,start] GC(132) Phase 4: Compact heap
[61.238s][info][gc,phases      ] GC(132) Phase 4: Compact heap 0.289ms
[61.238s][info][gc,phases,start] GC(132) Phase 5: Reset Metadata
[61.240s][info][gc,phases      ] GC(132) Phase 5: Reset Metadata 1.194ms
[61.245s][info][gc,heap        ] GC(132) Eden regions: 1->0(102)
[61.245s][info][gc,heap        ] GC(132) Survivor regions: 0->0(0)
[61.245s][info][gc,heap        ] GC(132) Old regions: 4->4
[61.245s][info][gc,heap        ] GC(132) Humongous regions: 0->0
[61.245s][info][gc,metaspace   ] GC(132) Metaspace: 593K(896K)->591K(896K) NonClass: 540K(704K)->538K(704K) Class: 53K(192K)->52K(192K)
[61.245s][info][gc             ] GC(132) Pause Full (System.gc()) 3M->1M(8192M) 10.806ms
[61.245s][info][gc,cpu         ] GC(132) User=0.04s Sys=0.00s Real=0.01s
[61.699s][info][gc,start       ] GC(133) Pause Full (System.gc())
[61.699s][info][gc,task        ] GC(133) Using 5 workers of 10 for full compaction
[61.699s][info][gc,phases,start] GC(133) Phase 1: Mark live objects
[61.701s][info][gc,phases      ] GC(133) Phase 1: Mark live objects 1.426ms
[61.701s][info][gc,phases,start] GC(133) Phase 2: Prepare compaction
[61.701s][info][gc,phases      ] GC(133) Phase 2: Prepare compaction 0.552ms
[61.701s][info][gc,phases,start] GC(133) Phase 3: Adjust pointers
[61.702s][info][gc,phases      ] GC(133) Phase 3: Adjust pointers 0.777ms
[61.702s][info][gc,phases,start] GC(133) Phase 4: Compact heap
[61.703s][info][gc,phases      ] GC(133) Phase 4: Compact heap 0.414ms
[61.703s][info][gc,phases,start] GC(133) Phase 5: Reset Metadata
[61.703s][info][gc,phases      ] GC(133) Phase 5: Reset Metadata 0.640ms
[61.707s][info][gc,heap        ] GC(133) Eden regions: 1->0(102)
[61.707s][info][gc,heap        ] GC(133) Survivor regions: 0->0(0)
[61.707s][info][gc,heap        ] GC(133) Old regions: 4->4
[61.707s][info][gc,heap        ] GC(133) Humongous regions: 0->0
[61.707s][info][gc,metaspace   ] GC(133) Metaspace: 596K(896K)->596K(896K) NonClass: 541K(704K)->541K(704K) Class: 54K(192K)->54K(192K)
[61.707s][info][gc             ] GC(133) Pause Full (System.gc()) 3M->1M(8192M) 8.389ms
[61.707s][info][gc,cpu         ] GC(133) User=0.03s Sys=0.00s Real=0.01s
[62.164s][info][gc,start       ] GC(134) Pause Full (System.gc())
[62.164s][info][gc,task        ] GC(134) Using 5 workers of 10 for full compaction
[62.165s][info][gc,phases,start] GC(134) Phase 1: Mark live objects
[62.167s][info][gc,phases      ] GC(134) Phase 1: Mark live objects 2.289ms
[62.169s][info][gc,phases,start] GC(134) Phase 2: Prepare compaction
[62.169s][info][gc,phases      ] GC(134) Phase 2: Prepare compaction 0.592ms
[62.170s][info][gc,phases,start] GC(134) Phase 3: Adjust pointers
[62.170s][info][gc,phases      ] GC(134) Phase 3: Adjust pointers 0.842ms
[62.170s][info][gc,phases,start] GC(134) Phase 4: Compact heap
[62.171s][info][gc,phases      ] GC(134) Phase 4: Compact heap 0.426ms
[62.171s][info][gc,phases,start] GC(134) Phase 5: Reset Metadata
[62.172s][info][gc,phases      ] GC(134) Phase 5: Reset Metadata 0.661ms
[62.176s][info][gc,heap        ] GC(134) Eden regions: 1->0(102)
[62.176s][info][gc,heap        ] GC(134) Survivor regions: 0->0(0)
[62.176s][info][gc,heap        ] GC(134) Old regions: 4->4
[62.176s][info][gc,heap        ] GC(134) Humongous regions: 0->0
[62.176s][info][gc,metaspace   ] GC(134) Metaspace: 601K(896K)->601K(896K) NonClass: 545K(704K)->545K(704K) Class: 55K(192K)->55K(192K)
[62.176s][info][gc             ] GC(134) Pause Full (System.gc()) 3M->1M(8192M) 11.539ms
[62.176s][info][gc,cpu         ] GC(134) User=0.03s Sys=0.00s Real=0.01s
[62.632s][info][gc,start       ] GC(135) Pause Full (System.gc())
[62.632s][info][gc,task        ] GC(135) Using 5 workers of 10 for full compaction
[62.632s][info][gc,phases,start] GC(135) Phase 1: Mark live objects
[62.633s][info][gc,phases      ] GC(135) Phase 1: Mark live objects 1.249ms
[62.633s][info][gc,phases,start] GC(135) Phase 2: Prepare compaction
[62.634s][info][gc,phases      ] GC(135) Phase 2: Prepare compaction 0.538ms
[62.634s][info][gc,phases,start] GC(135) Phase 3: Adjust pointers
[62.634s][info][gc,phases      ] GC(135) Phase 3: Adjust pointers 0.734ms
[62.634s][info][gc,phases,start] GC(135) Phase 4: Compact heap
[62.635s][info][gc,phases      ] GC(135) Phase 4: Compact heap 0.326ms
[62.635s][info][gc,phases,start] GC(135) Phase 5: Reset Metadata
[62.635s][info][gc,phases      ] GC(135) Phase 5: Reset Metadata 0.286ms
[62.637s][info][gc,heap        ] GC(135) Eden regions: 1->0(102)
[62.637s][info][gc,heap        ] GC(135) Survivor regions: 0->0(0)
[62.637s][info][gc,heap        ] GC(135) Old regions: 4->4
[62.637s][info][gc,heap        ] GC(135) Humongous regions: 0->0
[62.637s][info][gc,metaspace   ] GC(135) Metaspace: 606K(896K)->606K(896K) NonClass: 548K(704K)->548K(704K) Class: 57K(192K)->57K(192K)
[62.637s][info][gc             ] GC(135) Pause Full (System.gc()) 3M->1M(8192M) 5.413ms
[62.637s][info][gc,cpu         ] GC(135) User=0.01s Sys=0.00s Real=0.00s
[63.095s][info][gc,start       ] GC(136) Pause Full (System.gc())
[63.095s][info][gc,task        ] GC(136) Using 5 workers of 10 for full compaction
[63.095s][info][gc,phases,start] GC(136) Phase 1: Mark live objects
[63.098s][info][gc,phases      ] GC(136) Phase 1: Mark live objects 2.632ms
[63.098s][info][gc,phases,start] GC(136) Phase 2: Prepare compaction
[63.100s][info][gc,phases      ] GC(136) Phase 2: Prepare compaction 1.610ms
[63.100s][info][gc,phases,start] GC(136) Phase 3: Adjust pointers
[63.101s][info][gc,phases      ] GC(136) Phase 3: Adjust pointers 1.068ms
[63.101s][info][gc,phases,start] GC(136) Phase 4: Compact heap
[63.101s][info][gc,phases      ] GC(136) Phase 4: Compact heap 0.547ms
[63.101s][info][gc,phases,start] GC(136) Phase 5: Reset Metadata
[63.103s][info][gc,phases      ] GC(136) Phase 5: Reset Metadata 1.865ms
[63.114s][info][gc,heap        ] GC(136) Eden regions: 1->0(102)
[63.114s][info][gc,heap        ] GC(136) Survivor regions: 0->0(0)
[63.114s][info][gc,heap        ] GC(136) Old regions: 4->4
[63.114s][info][gc,heap        ] GC(136) Humongous regions: 0->0
[63.114s][info][gc,metaspace   ] GC(136) Metaspace: 611K(960K)->611K(960K) NonClass: 551K(768K)->551K(768K) Class: 59K(192K)->59K(192K)
[63.114s][info][gc             ] GC(136) Pause Full (System.gc()) 3M->1M(8192M) 18.992ms
[63.114s][info][gc,cpu         ] GC(136) User=0.04s Sys=0.01s Real=0.02s
[63.571s][info][gc,start       ] GC(137) Pause Full (System.gc())
[63.571s][info][gc,task        ] GC(137) Using 5 workers of 10 for full compaction
[63.571s][info][gc,phases,start] GC(137) Phase 1: Mark live objects
[63.575s][info][gc,phases      ] GC(137) Phase 1: Mark live objects 3.082ms
[63.575s][info][gc,phases,start] GC(137) Phase 2: Prepare compaction
[63.576s][info][gc,phases      ] GC(137) Phase 2: Prepare compaction 0.884ms
[63.576s][info][gc,phases,start] GC(137) Phase 3: Adjust pointers
[63.577s][info][gc,phases      ] GC(137) Phase 3: Adjust pointers 1.300ms
[63.577s][info][gc,phases,start] GC(137) Phase 4: Compact heap
[63.578s][info][gc,phases      ] GC(137) Phase 4: Compact heap 0.756ms
[63.578s][info][gc,phases,start] GC(137) Phase 5: Reset Metadata
[63.580s][info][gc,phases      ] GC(137) Phase 5: Reset Metadata 2.174ms
[63.591s][info][gc,heap        ] GC(137) Eden regions: 1->0(102)
[63.591s][info][gc,heap        ] GC(137) Survivor regions: 0->0(0)
[63.591s][info][gc,heap        ] GC(137) Old regions: 4->4
[63.591s][info][gc,heap        ] GC(137) Humongous regions: 0->0
[63.591s][info][gc,metaspace   ] GC(137) Metaspace: 616K(960K)->602K(960K) NonClass: 554K(768K)->547K(768K) Class: 61K(192K)->55K(192K)
[63.591s][info][gc             ] GC(137) Pause Full (System.gc()) 3M->1M(8192M) 19.887ms
[63.591s][info][gc,cpu         ] GC(137) User=0.05s Sys=0.00s Real=0.02s
[64.047s][info][gc,start       ] GC(138) Pause Full (System.gc())
[64.047s][info][gc,task        ] GC(138) Using 5 workers of 10 for full compaction
[64.048s][info][gc,phases,start] GC(138) Phase 1: Mark live objects
[64.050s][info][gc,phases      ] GC(138) Phase 1: Mark live objects 2.731ms
[64.050s][info][gc,phases,start] GC(138) Phase 2: Prepare compaction
[64.051s][info][gc,phases      ] GC(138) Phase 2: Prepare compaction 0.470ms
[64.051s][info][gc,phases,start] GC(138) Phase 3: Adjust pointers
[64.052s][info][gc,phases      ] GC(138) Phase 3: Adjust pointers 1.030ms
[64.052s][info][gc,phases,start] GC(138) Phase 4: Compact heap
[64.052s][info][gc,phases      ] GC(138) Phase 4: Compact heap 0.390ms
[64.052s][info][gc,phases,start] GC(138) Phase 5: Reset Metadata
[64.057s][info][gc,phases      ] GC(138) Phase 5: Reset Metadata 4.664ms
[64.068s][info][gc,heap        ] GC(138) Eden regions: 1->0(102)
[64.068s][info][gc,heap        ] GC(138) Survivor regions: 0->0(0)
[64.068s][info][gc,heap        ] GC(138) Old regions: 4->4
[64.068s][info][gc,heap        ] GC(138) Humongous regions: 0->0
[64.068s][info][gc,metaspace   ] GC(138) Metaspace: 607K(960K)->604K(960K) NonClass: 550K(768K)->549K(768K) Class: 56K(192K)->55K(192K)
[64.068s][info][gc             ] GC(138) Pause Full (System.gc()) 3M->1M(8192M) 21.141ms
[64.068s][info][gc,cpu         ] GC(138) User=0.03s Sys=0.00s Real=0.03s
[64.526s][info][gc,start       ] GC(139) Pause Full (System.gc())
[64.526s][info][gc,task        ] GC(139) Using 5 workers of 10 for full compaction
[64.526s][info][gc,phases,start] GC(139) Phase 1: Mark live objects
[64.529s][info][gc,phases      ] GC(139) Phase 1: Mark live objects 3.412ms
[64.530s][info][gc,phases,start] GC(139) Phase 2: Prepare compaction
[64.530s][info][gc,phases      ] GC(139) Phase 2: Prepare compaction 0.425ms
[64.530s][info][gc,phases,start] GC(139) Phase 3: Adjust pointers
[64.531s][info][gc,phases      ] GC(139) Phase 3: Adjust pointers 0.768ms
[64.531s][info][gc,phases,start] GC(139) Phase 4: Compact heap
[64.531s][info][gc,phases      ] GC(139) Phase 4: Compact heap 0.499ms
[64.531s][info][gc,phases,start] GC(139) Phase 5: Reset Metadata
[64.533s][info][gc,phases      ] GC(139) Phase 5: Reset Metadata 1.963ms
[64.543s][info][gc,heap        ] GC(139) Eden regions: 1->0(102)
[64.543s][info][gc,heap        ] GC(139) Survivor regions: 0->0(0)
[64.543s][info][gc,heap        ] GC(139) Old regions: 4->4
[64.543s][info][gc,heap        ] GC(139) Humongous regions: 0->0
[64.543s][info][gc,metaspace   ] GC(139) Metaspace: 610K(960K)->609K(960K) NonClass: 553K(768K)->552K(768K) Class: 57K(192K)->56K(192K)
[64.543s][info][gc             ] GC(139) Pause Full (System.gc()) 3M->1M(8192M) 17.599ms
[64.543s][info][gc,cpu         ] GC(139) User=0.04s Sys=0.00s Real=0.02s
[65.001s][info][gc,start       ] GC(140) Pause Full (System.gc())
[65.001s][info][gc,task        ] GC(140) Using 5 workers of 10 for full compaction
[65.001s][info][gc,phases,start] GC(140) Phase 1: Mark live objects
[65.003s][info][gc,phases      ] GC(140) Phase 1: Mark live objects 1.724ms
[65.003s][info][gc,phases,start] GC(140) Phase 2: Prepare compaction
[65.003s][info][gc,phases      ] GC(140) Phase 2: Prepare compaction 0.381ms
[65.003s][info][gc,phases,start] GC(140) Phase 3: Adjust pointers
[65.005s][info][gc,phases      ] GC(140) Phase 3: Adjust pointers 1.355ms
[65.005s][info][gc,phases,start] GC(140) Phase 4: Compact heap
[65.005s][info][gc,phases      ] GC(140) Phase 4: Compact heap 0.738ms
[65.005s][info][gc,phases,start] GC(140) Phase 5: Reset Metadata
[65.007s][info][gc,phases      ] GC(140) Phase 5: Reset Metadata 1.750ms
[65.017s][info][gc,heap        ] GC(140) Eden regions: 1->0(102)
[65.018s][info][gc,heap        ] GC(140) Survivor regions: 0->0(0)
[65.018s][info][gc,heap        ] GC(140) Old regions: 4->4
[65.018s][info][gc,heap        ] GC(140) Humongous regions: 0->0
[65.018s][info][gc,metaspace   ] GC(140) Metaspace: 614K(960K)->613K(960K) NonClass: 555K(768K)->555K(768K) Class: 58K(192K)->57K(192K)
[65.018s][info][gc             ] GC(140) Pause Full (System.gc()) 3M->1M(8192M) 17.003ms
[65.018s][info][gc,cpu         ] GC(140) User=0.04s Sys=0.00s Real=0.02s
[65.473s][info][gc,start       ] GC(141) Pause Full (System.gc())
[65.473s][info][gc,task        ] GC(141) Using 5 workers of 10 for full compaction
[65.473s][info][gc,phases,start] GC(141) Phase 1: Mark live objects
[65.476s][info][gc,phases      ] GC(141) Phase 1: Mark live objects 2.456ms
[65.476s][info][gc,phases,start] GC(141) Phase 2: Prepare compaction
[65.477s][info][gc,phases      ] GC(141) Phase 2: Prepare compaction 0.855ms
[65.477s][info][gc,phases,start] GC(141) Phase 3: Adjust pointers
[65.478s][info][gc,phases      ] GC(141) Phase 3: Adjust pointers 1.271ms
[65.478s][info][gc,phases,start] GC(141) Phase 4: Compact heap
[65.479s][info][gc,phases      ] GC(141) Phase 4: Compact heap 0.711ms
[65.479s][info][gc,phases,start] GC(141) Phase 5: Reset Metadata
[65.481s][info][gc,phases      ] GC(141) Phase 5: Reset Metadata 1.887ms
[65.490s][info][gc,heap        ] GC(141) Eden regions: 1->0(102)
[65.490s][info][gc,heap        ] GC(141) Survivor regions: 0->0(0)
[65.490s][info][gc,heap        ] GC(141) Old regions: 4->4
[65.490s][info][gc,heap        ] GC(141) Humongous regions: 0->0
[65.490s][info][gc,metaspace   ] GC(141) Metaspace: 618K(960K)->618K(960K) NonClass: 558K(768K)->558K(768K) Class: 59K(192K)->59K(192K)
[65.490s][info][gc             ] GC(141) Pause Full (System.gc()) 3M->1M(8192M) 16.992ms
[65.490s][info][gc,cpu         ] GC(141) User=0.05s Sys=0.00s Real=0.02s
[65.948s][info][gc,start       ] GC(142) Pause Full (System.gc())
[65.948s][info][gc,task        ] GC(142) Using 5 workers of 10 for full compaction
[65.948s][info][gc,phases,start] GC(142) Phase 1: Mark live objects
[65.951s][info][gc,phases      ] GC(142) Phase 1: Mark live objects 2.767ms
[65.951s][info][gc,phases,start] GC(142) Phase 2: Prepare compaction
[65.952s][info][gc,phases      ] GC(142) Phase 2: Prepare compaction 0.863ms
[65.952s][info][gc,phases,start] GC(142) Phase 3: Adjust pointers
[65.954s][info][gc,phases      ] GC(142) Phase 3: Adjust pointers 1.676ms
[65.954s][info][gc,phases,start] GC(142) Phase 4: Compact heap
[65.955s][info][gc,phases      ] GC(142) Phase 4: Compact heap 0.700ms
[65.955s][info][gc,phases,start] GC(142) Phase 5: Reset Metadata
[65.957s][info][gc,phases      ] GC(142) Phase 5: Reset Metadata 1.886ms
[65.967s][info][gc,heap        ] GC(142) Eden regions: 1->0(102)
[65.967s][info][gc,heap        ] GC(142) Survivor regions: 0->0(0)
[65.967s][info][gc,heap        ] GC(142) Old regions: 4->4
[65.967s][info][gc,heap        ] GC(142) Humongous regions: 0->0
[65.967s][info][gc,metaspace   ] GC(142) Metaspace: 623K(960K)->623K(960K) NonClass: 561K(768K)->561K(768K) Class: 61K(192K)->61K(192K)
[65.967s][info][gc             ] GC(142) Pause Full (System.gc()) 3M->1M(8192M) 18.765ms
[65.967s][info][gc,cpu         ] GC(142) User=0.05s Sys=0.01s Real=0.01s
[66.420s][info][gc,start       ] GC(143) Pause Full (System.gc())
[66.420s][info][gc,task        ] GC(143) Using 5 workers of 10 for full compaction
[66.420s][info][gc,phases,start] GC(143) Phase 1: Mark live objects
[66.422s][info][gc,phases      ] GC(143) Phase 1: Mark live objects 1.247ms
[66.422s][info][gc,phases,start] GC(143) Phase 2: Prepare compaction
[66.422s][info][gc,phases      ] GC(143) Phase 2: Prepare compaction 0.391ms
[66.422s][info][gc,phases,start] GC(143) Phase 3: Adjust pointers
[66.423s][info][gc,phases      ] GC(143) Phase 3: Adjust pointers 0.802ms
[66.423s][info][gc,phases,start] GC(143) Phase 4: Compact heap
[66.423s][info][gc,phases      ] GC(143) Phase 4: Compact heap 0.372ms
[66.423s][info][gc,phases,start] GC(143) Phase 5: Reset Metadata
[66.425s][info][gc,phases      ] GC(143) Phase 5: Reset Metadata 1.488ms
[66.435s][info][gc,heap        ] GC(143) Eden regions: 1->0(102)
[66.435s][info][gc,heap        ] GC(143) Survivor regions: 0->0(0)
[66.435s][info][gc,heap        ] GC(143) Old regions: 4->4
[66.435s][info][gc,heap        ] GC(143) Humongous regions: 0->0
[66.435s][info][gc,metaspace   ] GC(143) Metaspace: 628K(960K)->628K(960K) NonClass: 565K(768K)->565K(768K) Class: 63K(192K)->63K(192K)
[66.435s][info][gc             ] GC(143) Pause Full (System.gc()) 3M->1M(8192M) 15.384ms
[66.435s][info][gc,cpu         ] GC(143) User=0.04s Sys=0.00s Real=0.01s
[66.892s][info][gc,start       ] GC(144) Pause Full (System.gc())
[66.892s][info][gc,task        ] GC(144) Using 5 workers of 10 for full compaction
[66.893s][info][gc,phases,start] GC(144) Phase 1: Mark live objects
[66.894s][info][gc,phases      ] GC(144) Phase 1: Mark live objects 1.275ms
[66.894s][info][gc,phases,start] GC(144) Phase 2: Prepare compaction
[66.894s][info][gc,phases      ] GC(144) Phase 2: Prepare compaction 0.382ms
[66.894s][info][gc,phases,start] GC(144) Phase 3: Adjust pointers
[66.895s][info][gc,phases      ] GC(144) Phase 3: Adjust pointers 0.616ms
[66.895s][info][gc,phases,start] GC(144) Phase 4: Compact heap
[66.895s][info][gc,phases      ] GC(144) Phase 4: Compact heap 0.294ms
[66.895s][info][gc,phases,start] GC(144) Phase 5: Reset Metadata
[66.897s][info][gc,phases      ] GC(144) Phase 5: Reset Metadata 1.732ms
[66.907s][info][gc,heap        ] GC(144) Eden regions: 1->0(102)
[66.907s][info][gc,heap        ] GC(144) Survivor regions: 0->0(0)
[66.907s][info][gc,heap        ] GC(144) Old regions: 4->4
[66.907s][info][gc,heap        ] GC(144) Humongous regions: 0->0
[66.907s][info][gc,metaspace   ] GC(144) Metaspace: 633K(960K)->633K(960K) NonClass: 568K(768K)->568K(768K) Class: 64K(192K)->64K(192K)
[66.907s][info][gc             ] GC(144) Pause Full (System.gc()) 3M->1M(8192M) 14.560ms
[66.907s][info][gc,cpu         ] GC(144) User=0.04s Sys=0.00s Real=0.01s
[67.362s][info][gc,start       ] GC(145) Pause Full (System.gc())
[67.363s][info][gc,task        ] GC(145) Using 5 workers of 10 for full compaction
[67.363s][info][gc,phases,start] GC(145) Phase 1: Mark live objects
[67.364s][info][gc,phases      ] GC(145) Phase 1: Mark live objects 1.108ms
[67.364s][info][gc,phases,start] GC(145) Phase 2: Prepare compaction
[67.364s][info][gc,phases      ] GC(145) Phase 2: Prepare compaction 0.325ms
[67.364s][info][gc,phases,start] GC(145) Phase 3: Adjust pointers
[67.365s][info][gc,phases      ] GC(145) Phase 3: Adjust pointers 0.489ms
[67.365s][info][gc,phases,start] GC(145) Phase 4: Compact heap
[67.365s][info][gc,phases      ] GC(145) Phase 4: Compact heap 0.265ms
[67.365s][info][gc,phases,start] GC(145) Phase 5: Reset Metadata
[67.366s][info][gc,phases      ] GC(145) Phase 5: Reset Metadata 0.709ms
[67.370s][info][gc,heap        ] GC(145) Eden regions: 1->0(102)
[67.370s][info][gc,heap        ] GC(145) Survivor regions: 0->0(0)
[67.370s][info][gc,heap        ] GC(145) Old regions: 4->4
[67.370s][info][gc,heap        ] GC(145) Humongous regions: 0->0
[67.370s][info][gc,metaspace   ] GC(145) Metaspace: 638K(960K)->633K(960K) NonClass: 571K(768K)->569K(768K) Class: 66K(192K)->64K(192K)
[67.370s][info][gc             ] GC(145) Pause Full (System.gc()) 3M->1M(8192M) 7.985ms
[67.370s][info][gc,cpu         ] GC(145) User=0.02s Sys=0.00s Real=0.01s
[67.825s][info][gc,start       ] GC(146) Pause Full (System.gc())
[67.825s][info][gc,task        ] GC(146) Using 5 workers of 10 for full compaction
[67.825s][info][gc,phases,start] GC(146) Phase 1: Mark live objects
[67.827s][info][gc,phases      ] GC(146) Phase 1: Mark live objects 1.914ms
[67.827s][info][gc,phases,start] GC(146) Phase 2: Prepare compaction
[67.828s][info][gc,phases      ] GC(146) Phase 2: Prepare compaction 0.368ms
[67.828s][info][gc,phases,start] GC(146) Phase 3: Adjust pointers
[67.828s][info][gc,phases      ] GC(146) Phase 3: Adjust pointers 0.649ms
[67.828s][info][gc,phases,start] GC(146) Phase 4: Compact heap
[67.829s][info][gc,phases      ] GC(146) Phase 4: Compact heap 0.440ms
[67.829s][info][gc,phases,start] GC(146) Phase 5: Reset Metadata
[67.831s][info][gc,phases      ] GC(146) Phase 5: Reset Metadata 1.799ms
[67.841s][info][gc,heap        ] GC(146) Eden regions: 1->0(102)
[67.841s][info][gc,heap        ] GC(146) Survivor regions: 0->0(0)
[67.841s][info][gc,heap        ] GC(146) Old regions: 4->4
[67.841s][info][gc,heap        ] GC(146) Humongous regions: 0->0
[67.841s][info][gc,metaspace   ] GC(146) Metaspace: 638K(960K)->637K(960K) NonClass: 572K(768K)->572K(768K) Class: 65K(192K)->65K(192K)
[67.841s][info][gc             ] GC(146) Pause Full (System.gc()) 3M->1M(8192M) 16.467ms
[67.841s][info][gc,cpu         ] GC(146) User=0.04s Sys=0.00s Real=0.02s
[68.301s][info][gc,start       ] GC(147) Pause Full (System.gc())
[68.302s][info][gc,task        ] GC(147) Using 5 workers of 10 for full compaction
[68.302s][info][gc,phases,start] GC(147) Phase 1: Mark live objects
[68.304s][info][gc,phases      ] GC(147) Phase 1: Mark live objects 1.841ms
[68.304s][info][gc,phases,start] GC(147) Phase 2: Prepare compaction
[68.305s][info][gc,phases      ] GC(147) Phase 2: Prepare compaction 0.945ms
[68.305s][info][gc,phases,start] GC(147) Phase 3: Adjust pointers
[68.306s][info][gc,phases      ] GC(147) Phase 3: Adjust pointers 1.495ms
[68.306s][info][gc,phases,start] GC(147) Phase 4: Compact heap
[68.307s][info][gc,phases      ] GC(147) Phase 4: Compact heap 0.737ms
[68.307s][info][gc,phases,start] GC(147) Phase 5: Reset Metadata
[68.308s][info][gc,phases      ] GC(147) Phase 5: Reset Metadata 1.470ms
[68.315s][info][gc,heap        ] GC(147) Eden regions: 1->0(102)
[68.315s][info][gc,heap        ] GC(147) Survivor regions: 0->0(0)
[68.315s][info][gc,heap        ] GC(147) Old regions: 4->4
[68.315s][info][gc,heap        ] GC(147) Humongous regions: 0->0
[68.315s][info][gc,metaspace   ] GC(147) Metaspace: 642K(960K)->642K(960K) NonClass: 575K(768K)->575K(768K) Class: 67K(192K)->66K(192K)
[68.315s][info][gc             ] GC(147) Pause Full (System.gc()) 3M->1M(8192M) 13.268ms
[68.315s][info][gc,cpu         ] GC(147) User=0.03s Sys=0.00s Real=0.01s
[68.768s][info][gc,start       ] GC(148) Pause Full (System.gc())
[68.768s][info][gc,task        ] GC(148) Using 5 workers of 10 for full compaction
[68.768s][info][gc,phases,start] GC(148) Phase 1: Mark live objects
[68.771s][info][gc,phases      ] GC(148) Phase 1: Mark live objects 3.029ms
[68.772s][info][gc,phases,start] GC(148) Phase 2: Prepare compaction
[68.772s][info][gc,phases      ] GC(148) Phase 2: Prepare compaction 0.739ms
[68.772s][info][gc,phases,start] GC(148) Phase 3: Adjust pointers
[68.773s][info][gc,phases      ] GC(148) Phase 3: Adjust pointers 0.847ms
[68.773s][info][gc,phases,start] GC(148) Phase 4: Compact heap
[68.774s][info][gc,phases      ] GC(148) Phase 4: Compact heap 0.458ms
[68.774s][info][gc,phases,start] GC(148) Phase 5: Reset Metadata
[68.775s][info][gc,phases      ] GC(148) Phase 5: Reset Metadata 1.728ms
[68.786s][info][gc,heap        ] GC(148) Eden regions: 1->0(102)
[68.786s][info][gc,heap        ] GC(148) Survivor regions: 0->0(0)
[68.786s][info][gc,heap        ] GC(148) Old regions: 4->4
[68.786s][info][gc,heap        ] GC(148) Humongous regions: 0->0
[68.786s][info][gc,metaspace   ] GC(148) Metaspace: 647K(1088K)->531K(1088K) NonClass: 578K(832K)->489K(832K) Class: 68K(256K)->42K(256K)
[68.786s][info][gc             ] GC(148) Pause Full (System.gc()) 3M->1M(8192M) 18.295ms
[68.786s][info][gc,cpu         ] GC(148) User=0.04s Sys=0.00s Real=0.01s
[69.244s][info][gc,start       ] GC(149) Pause Full (System.gc())
[69.244s][info][gc,task        ] GC(149) Using 5 workers of 10 for full compaction
[69.244s][info][gc,phases,start] GC(149) Phase 1: Mark live objects
[69.252s][info][gc,phases      ] GC(149) Phase 1: Mark live objects 7.506ms
[69.252s][info][gc,phases,start] GC(149) Phase 2: Prepare compaction
[69.252s][info][gc,phases      ] GC(149) Phase 2: Prepare compaction 0.361ms
[69.252s][info][gc,phases,start] GC(149) Phase 3: Adjust pointers
[69.253s][info][gc,phases      ] GC(149) Phase 3: Adjust pointers 0.610ms
[69.253s][info][gc,phases,start] GC(149) Phase 4: Compact heap
[69.253s][info][gc,phases      ] GC(149) Phase 4: Compact heap 0.347ms
[69.253s][info][gc,phases,start] GC(149) Phase 5: Reset Metadata
[69.255s][info][gc,phases      ] GC(149) Phase 5: Reset Metadata 1.602ms
[69.265s][info][gc,heap        ] GC(149) Eden regions: 1->0(102)
[69.265s][info][gc,heap        ] GC(149) Survivor regions: 0->0(0)
[69.265s][info][gc,heap        ] GC(149) Old regions: 4->4
[69.265s][info][gc,heap        ] GC(149) Humongous regions: 0->0
[69.265s][info][gc,metaspace   ] GC(149) Metaspace: 536K(1088K)->533K(1024K) NonClass: 492K(832K)->490K(832K) Class: 44K(256K)->43K(192K)
[69.265s][info][gc             ] GC(149) Pause Full (System.gc()) 3M->1M(8192M) 21.288ms
[69.265s][info][gc,cpu         ] GC(149) User=0.04s Sys=0.00s Real=0.02s
[69.719s][info][gc,start       ] GC(150) Pause Full (System.gc())
[69.719s][info][gc,task        ] GC(150) Using 5 workers of 10 for full compaction
[69.719s][info][gc,phases,start] GC(150) Phase 1: Mark live objects
[69.721s][info][gc,phases      ] GC(150) Phase 1: Mark live objects 1.779ms
[69.721s][info][gc,phases,start] GC(150) Phase 2: Prepare compaction
[69.722s][info][gc,phases      ] GC(150) Phase 2: Prepare compaction 0.584ms
[69.722s][info][gc,phases,start] GC(150) Phase 3: Adjust pointers
[69.723s][info][gc,phases      ] GC(150) Phase 3: Adjust pointers 1.098ms
[69.723s][info][gc,phases,start] GC(150) Phase 4: Compact heap
[69.724s][info][gc,phases      ] GC(150) Phase 4: Compact heap 0.816ms
[69.724s][info][gc,phases,start] GC(150) Phase 5: Reset Metadata
[69.727s][info][gc,phases      ] GC(150) Phase 5: Reset Metadata 2.833ms
[69.737s][info][gc,heap        ] GC(150) Eden regions: 1->0(102)
[69.737s][info][gc,heap        ] GC(150) Survivor regions: 0->0(0)
[69.737s][info][gc,heap        ] GC(150) Old regions: 4->4
[69.737s][info][gc,heap        ] GC(150) Humongous regions: 0->0
[69.737s][info][gc,metaspace   ] GC(150) Metaspace: 538K(1024K)->538K(1024K) NonClass: 493K(832K)->493K(832K) Class: 45K(192K)->45K(192K)
[69.737s][info][gc             ] GC(150) Pause Full (System.gc()) 3M->1M(8192M) 17.669ms
[69.737s][info][gc,cpu         ] GC(150) User=0.04s Sys=0.00s Real=0.01s
[70.193s][info][gc,start       ] GC(151) Pause Full (System.gc())
[70.193s][info][gc,task        ] GC(151) Using 5 workers of 10 for full compaction
[70.194s][info][gc,phases,start] GC(151) Phase 1: Mark live objects
[70.196s][info][gc,phases      ] GC(151) Phase 1: Mark live objects 2.903ms
[70.197s][info][gc,phases,start] GC(151) Phase 2: Prepare compaction
[70.197s][info][gc,phases      ] GC(151) Phase 2: Prepare compaction 0.710ms
[70.197s][info][gc,phases,start] GC(151) Phase 3: Adjust pointers
[70.199s][info][gc,phases      ] GC(151) Phase 3: Adjust pointers 1.240ms
[70.199s][info][gc,phases,start] GC(151) Phase 4: Compact heap
[70.200s][info][gc,phases      ] GC(151) Phase 4: Compact heap 0.958ms
[70.200s][info][gc,phases,start] GC(151) Phase 5: Reset Metadata
[70.202s][info][gc,phases      ] GC(151) Phase 5: Reset Metadata 2.036ms
[70.211s][info][gc,heap        ] GC(151) Eden regions: 1->0(102)
[70.212s][info][gc,heap        ] GC(151) Survivor regions: 0->0(0)
[70.212s][info][gc,heap        ] GC(151) Old regions: 4->4
[70.212s][info][gc,heap        ] GC(151) Humongous regions: 0->0
[70.212s][info][gc,metaspace   ] GC(151) Metaspace: 543K(1024K)->543K(1024K) NonClass: 496K(832K)->496K(832K) Class: 47K(192K)->47K(192K)
[70.212s][info][gc             ] GC(151) Pause Full (System.gc()) 3M->1M(8192M) 18.539ms
[70.212s][info][gc,cpu         ] GC(151) User=0.05s Sys=0.00s Real=0.02s
[70.668s][info][gc,start       ] GC(152) Pause Full (System.gc())
[70.668s][info][gc,task        ] GC(152) Using 5 workers of 10 for full compaction
[70.668s][info][gc,phases,start] GC(152) Phase 1: Mark live objects
[70.671s][info][gc,phases      ] GC(152) Phase 1: Mark live objects 2.551ms
[70.671s][info][gc,phases,start] GC(152) Phase 2: Prepare compaction
[70.672s][info][gc,phases      ] GC(152) Phase 2: Prepare compaction 0.795ms
[70.672s][info][gc,phases,start] GC(152) Phase 3: Adjust pointers
[70.673s][info][gc,phases      ] GC(152) Phase 3: Adjust pointers 1.328ms
[70.673s][info][gc,phases,start] GC(152) Phase 4: Compact heap
[70.674s][info][gc,phases      ] GC(152) Phase 4: Compact heap 0.765ms
[70.674s][info][gc,phases,start] GC(152) Phase 5: Reset Metadata
[70.676s][info][gc,phases      ] GC(152) Phase 5: Reset Metadata 1.597ms
[70.685s][info][gc,heap        ] GC(152) Eden regions: 1->0(102)
[70.685s][info][gc,heap        ] GC(152) Survivor regions: 0->0(0)
[70.685s][info][gc,heap        ] GC(152) Old regions: 4->4
[70.685s][info][gc,heap        ] GC(152) Humongous regions: 0->0
[70.685s][info][gc,metaspace   ] GC(152) Metaspace: 548K(1024K)->545K(1024K) NonClass: 499K(832K)->498K(832K) Class: 48K(192K)->47K(192K)
[70.685s][info][gc             ] GC(152) Pause Full (System.gc()) 3M->1M(8192M) 17.445ms
[70.685s][info][gc,cpu         ] GC(152) User=0.05s Sys=0.01s Real=0.01s
[71.142s][info][gc,start       ] GC(153) Pause Full (System.gc())
[71.142s][info][gc,task        ] GC(153) Using 5 workers of 10 for full compaction
[71.143s][info][gc,phases,start] GC(153) Phase 1: Mark live objects
[71.145s][info][gc,phases      ] GC(153) Phase 1: Mark live objects 2.633ms
[71.145s][info][gc,phases,start] GC(153) Phase 2: Prepare compaction
[71.146s][info][gc,phases      ] GC(153) Phase 2: Prepare compaction 0.794ms
[71.146s][info][gc,phases,start] GC(153) Phase 3: Adjust pointers
[71.148s][info][gc,phases      ] GC(153) Phase 3: Adjust pointers 1.348ms
[71.148s][info][gc,phases,start] GC(153) Phase 4: Compact heap
[71.148s][info][gc,phases      ] GC(153) Phase 4: Compact heap 0.736ms
[71.148s][info][gc,phases,start] GC(153) Phase 5: Reset Metadata
[71.150s][info][gc,phases      ] GC(153) Phase 5: Reset Metadata 1.932ms
[71.160s][info][gc,heap        ] GC(153) Eden regions: 1->0(102)
[71.160s][info][gc,heap        ] GC(153) Survivor regions: 0->0(0)
[71.160s][info][gc,heap        ] GC(153) Old regions: 4->4
[71.160s][info][gc,heap        ] GC(153) Humongous regions: 0->0
[71.160s][info][gc,metaspace   ] GC(153) Metaspace: 550K(1024K)->550K(1024K) NonClass: 501K(832K)->501K(832K) Class: 49K(192K)->48K(192K)
[71.160s][info][gc             ] GC(153) Pause Full (System.gc()) 3M->1M(8192M) 17.344ms
[71.160s][info][gc,cpu         ] GC(153) User=0.05s Sys=0.00s Real=0.02s
[71.614s][info][gc,start       ] GC(154) Pause Full (System.gc())
[71.615s][info][gc,task        ] GC(154) Using 5 workers of 10 for full compaction
[71.615s][info][gc,phases,start] GC(154) Phase 1: Mark live objects
[71.617s][info][gc,phases      ] GC(154) Phase 1: Mark live objects 2.635ms
[71.617s][info][gc,phases,start] GC(154) Phase 2: Prepare compaction
[71.618s][info][gc,phases      ] GC(154) Phase 2: Prepare compaction 0.791ms
[71.618s][info][gc,phases,start] GC(154) Phase 3: Adjust pointers
[71.621s][info][gc,phases      ] GC(154) Phase 3: Adjust pointers 2.456ms
[71.621s][info][gc,phases,start] GC(154) Phase 4: Compact heap
[71.622s][info][gc,phases      ] GC(154) Phase 4: Compact heap 0.734ms
[71.622s][info][gc,phases,start] GC(154) Phase 5: Reset Metadata
[71.624s][info][gc,phases      ] GC(154) Phase 5: Reset Metadata 2.065ms
[71.634s][info][gc,heap        ] GC(154) Eden regions: 1->0(102)
[71.634s][info][gc,heap        ] GC(154) Survivor regions: 0->0(0)
[71.634s][info][gc,heap        ] GC(154) Old regions: 4->4
[71.634s][info][gc,heap        ] GC(154) Humongous regions: 0->0
[71.634s][info][gc,metaspace   ] GC(154) Metaspace: 555K(1024K)->542K(1024K) NonClass: 504K(832K)->495K(832K) Class: 50K(192K)->47K(192K)
[71.634s][info][gc             ] GC(154) Pause Full (System.gc()) 3M->1M(8192M) 19.830ms
[71.634s][info][gc,cpu         ] GC(154) User=0.05s Sys=0.00s Real=0.02s
[72.093s][info][gc,start       ] GC(155) Pause Full (System.gc())
[72.093s][info][gc,task        ] GC(155) Using 5 workers of 10 for full compaction
[72.093s][info][gc,phases,start] GC(155) Phase 1: Mark live objects
[72.103s][info][gc,phases      ] GC(155) Phase 1: Mark live objects 9.184ms
[72.103s][info][gc,phases,start] GC(155) Phase 2: Prepare compaction
[72.103s][info][gc,phases      ] GC(155) Phase 2: Prepare compaction 0.584ms
[72.103s][info][gc,phases,start] GC(155) Phase 3: Adjust pointers
[72.105s][info][gc,phases      ] GC(155) Phase 3: Adjust pointers 2.110ms
[72.105s][info][gc,phases,start] GC(155) Phase 4: Compact heap
[72.106s][info][gc,phases      ] GC(155) Phase 4: Compact heap 0.716ms
[72.106s][info][gc,phases,start] GC(155) Phase 5: Reset Metadata
[72.109s][info][gc,phases      ] GC(155) Phase 5: Reset Metadata 2.481ms
[72.118s][info][gc,heap        ] GC(155) Eden regions: 1->0(102)
[72.118s][info][gc,heap        ] GC(155) Survivor regions: 0->0(0)
[72.118s][info][gc,heap        ] GC(155) Old regions: 4->4
[72.118s][info][gc,heap        ] GC(155) Humongous regions: 0->0
[72.118s][info][gc,metaspace   ] GC(155) Metaspace: 547K(1024K)->544K(1024K) NonClass: 498K(832K)->496K(832K) Class: 49K(192K)->48K(192K)
[72.118s][info][gc             ] GC(155) Pause Full (System.gc()) 3M->1M(8192M) 25.256ms
[72.118s][info][gc,cpu         ] GC(155) User=0.04s Sys=0.00s Real=0.03s
[72.575s][info][gc,start       ] GC(156) Pause Full (System.gc())
[72.575s][info][gc,task        ] GC(156) Using 5 workers of 10 for full compaction
[72.575s][info][gc,phases,start] GC(156) Phase 1: Mark live objects
[72.577s][info][gc,phases      ] GC(156) Phase 1: Mark live objects 2.014ms
[72.577s][info][gc,phases,start] GC(156) Phase 2: Prepare compaction
[72.578s][info][gc,phases      ] GC(156) Phase 2: Prepare compaction 0.592ms
[72.578s][info][gc,phases,start] GC(156) Phase 3: Adjust pointers
[72.579s][info][gc,phases      ] GC(156) Phase 3: Adjust pointers 1.245ms
[72.579s][info][gc,phases,start] GC(156) Phase 4: Compact heap
[72.580s][info][gc,phases      ] GC(156) Phase 4: Compact heap 0.381ms
[72.580s][info][gc,phases,start] GC(156) Phase 5: Reset Metadata
[72.581s][info][gc,phases      ] GC(156) Phase 5: Reset Metadata 1.443ms
[72.589s][info][gc,heap        ] GC(156) Eden regions: 1->0(102)
[72.589s][info][gc,heap        ] GC(156) Survivor regions: 0->0(0)
[72.589s][info][gc,heap        ] GC(156) Old regions: 4->4
[72.589s][info][gc,heap        ] GC(156) Humongous regions: 0->0
[72.589s][info][gc,metaspace   ] GC(156) Metaspace: 549K(1024K)->546K(1024K) NonClass: 499K(832K)->497K(832K) Class: 49K(192K)->48K(192K)
[72.589s][info][gc             ] GC(156) Pause Full (System.gc()) 3M->1M(8192M) 14.229ms
[72.589s][info][gc,cpu         ] GC(156) User=0.05s Sys=0.00s Real=0.02s
[73.046s][info][gc,start       ] GC(157) Pause Full (System.gc())
[73.046s][info][gc,task        ] GC(157) Using 5 workers of 10 for full compaction
[73.046s][info][gc,phases,start] GC(157) Phase 1: Mark live objects
[73.048s][info][gc,phases      ] GC(157) Phase 1: Mark live objects 1.610ms
[73.048s][info][gc,phases,start] GC(157) Phase 2: Prepare compaction
[73.049s][info][gc,phases      ] GC(157) Phase 2: Prepare compaction 0.450ms
[73.049s][info][gc,phases,start] GC(157) Phase 3: Adjust pointers
[73.049s][info][gc,phases      ] GC(157) Phase 3: Adjust pointers 0.777ms
[73.049s][info][gc,phases,start] GC(157) Phase 4: Compact heap
[73.050s][info][gc,phases      ] GC(157) Phase 4: Compact heap 0.388ms
[73.050s][info][gc,phases,start] GC(157) Phase 5: Reset Metadata
[73.051s][info][gc,phases      ] GC(157) Phase 5: Reset Metadata 1.645ms
[73.060s][info][gc,heap        ] GC(157) Eden regions: 1->0(102)
[73.060s][info][gc,heap        ] GC(157) Survivor regions: 0->0(0)
[73.060s][info][gc,heap        ] GC(157) Old regions: 4->4
[73.060s][info][gc,heap        ] GC(157) Humongous regions: 0->0
[73.060s][info][gc,metaspace   ] GC(157) Metaspace: 551K(1024K)->548K(1024K) NonClass: 500K(832K)->498K(832K) Class: 50K(192K)->49K(192K)
[73.060s][info][gc             ] GC(157) Pause Full (System.gc()) 3M->1M(8192M) 13.901ms
[73.060s][info][gc,cpu         ] GC(157) User=0.04s Sys=0.00s Real=0.02s
[73.514s][info][gc,start       ] GC(158) Pause Full (System.gc())
[73.514s][info][gc,task        ] GC(158) Using 5 workers of 10 for full compaction
[73.514s][info][gc,phases,start] GC(158) Phase 1: Mark live objects
[73.516s][info][gc,phases      ] GC(158) Phase 1: Mark live objects 1.717ms
[73.516s][info][gc,phases,start] GC(158) Phase 2: Prepare compaction
[73.516s][info][gc,phases      ] GC(158) Phase 2: Prepare compaction 0.580ms
[73.516s][info][gc,phases,start] GC(158) Phase 3: Adjust pointers
[73.517s][info][gc,phases      ] GC(158) Phase 3: Adjust pointers 0.931ms
[73.517s][info][gc,phases,start] GC(158) Phase 4: Compact heap
[73.518s][info][gc,phases      ] GC(158) Phase 4: Compact heap 0.514ms
[73.518s][info][gc,phases,start] GC(158) Phase 5: Reset Metadata
[73.519s][info][gc,phases      ] GC(158) Phase 5: Reset Metadata 1.635ms
[73.528s][info][gc,heap        ] GC(158) Eden regions: 1->0(102)
[73.528s][info][gc,heap        ] GC(158) Survivor regions: 0->0(0)
[73.528s][info][gc,heap        ] GC(158) Old regions: 4->4
[73.528s][info][gc,heap        ] GC(158) Humongous regions: 0->0
[73.528s][info][gc,metaspace   ] GC(158) Metaspace: 553K(1024K)->553K(1024K) NonClass: 501K(832K)->501K(832K) Class: 51K(192K)->51K(192K)
[73.528s][info][gc             ] GC(158) Pause Full (System.gc()) 3M->1M(8192M) 14.081ms
[73.528s][info][gc,cpu         ] GC(158) User=0.04s Sys=0.00s Real=0.02s
[73.983s][info][gc,start       ] GC(159) Pause Full (System.gc())
[73.984s][info][gc,task        ] GC(159) Using 5 workers of 10 for full compaction
[73.984s][info][gc,phases,start] GC(159) Phase 1: Mark live objects
[73.987s][info][gc,phases      ] GC(159) Phase 1: Mark live objects 2.782ms
[73.987s][info][gc,phases,start] GC(159) Phase 2: Prepare compaction
[73.988s][info][gc,phases      ] GC(159) Phase 2: Prepare compaction 0.797ms
[73.988s][info][gc,phases,start] GC(159) Phase 3: Adjust pointers
[73.989s][info][gc,phases      ] GC(159) Phase 3: Adjust pointers 1.028ms
[73.989s][info][gc,phases,start] GC(159) Phase 4: Compact heap
[73.989s][info][gc,phases      ] GC(159) Phase 4: Compact heap 0.336ms
[73.989s][info][gc,phases,start] GC(159) Phase 5: Reset Metadata
[73.990s][info][gc,phases      ] GC(159) Phase 5: Reset Metadata 1.469ms
[74.000s][info][gc,heap        ] GC(159) Eden regions: 1->0(102)
[74.000s][info][gc,heap        ] GC(159) Survivor regions: 0->0(0)
[74.000s][info][gc,heap        ] GC(159) Old regions: 4->4
[74.000s][info][gc,heap        ] GC(159) Humongous regions: 0->0
[74.000s][info][gc,metaspace   ] GC(159) Metaspace: 558K(1024K)->551K(1024K) NonClass: 504K(832K)->500K(832K) Class: 53K(192K)->51K(192K)
[74.000s][info][gc             ] GC(159) Pause Full (System.gc()) 3M->1M(8192M) 16.601ms
[74.000s][info][gc,cpu         ] GC(159) User=0.05s Sys=0.00s Real=0.02s
[74.456s][info][gc,start       ] GC(160) Pause Full (System.gc())
[74.456s][info][gc,task        ] GC(160) Using 5 workers of 10 for full compaction
[74.456s][info][gc,phases,start] GC(160) Phase 1: Mark live objects
[74.458s][info][gc,phases      ] GC(160) Phase 1: Mark live objects 2.299ms
[74.458s][info][gc,phases,start] GC(160) Phase 2: Prepare compaction
[74.459s][info][gc,phases      ] GC(160) Phase 2: Prepare compaction 0.583ms
[74.459s][info][gc,phases,start] GC(160) Phase 3: Adjust pointers
[74.460s][info][gc,phases      ] GC(160) Phase 3: Adjust pointers 0.982ms
[74.460s][info][gc,phases,start] GC(160) Phase 4: Compact heap
[74.461s][info][gc,phases      ] GC(160) Phase 4: Compact heap 0.498ms
[74.461s][info][gc,phases,start] GC(160) Phase 5: Reset Metadata
[74.462s][info][gc,phases      ] GC(160) Phase 5: Reset Metadata 1.732ms
[74.472s][info][gc,heap        ] GC(160) Eden regions: 1->0(102)
[74.472s][info][gc,heap        ] GC(160) Survivor regions: 0->0(0)
[74.472s][info][gc,heap        ] GC(160) Old regions: 4->4
[74.472s][info][gc,heap        ] GC(160) Humongous regions: 0->0
[74.472s][info][gc,metaspace   ] GC(160) Metaspace: 556K(1024K)->514K(1024K) NonClass: 503K(832K)->478K(832K) Class: 52K(192K)->35K(192K)
[74.472s][info][gc             ] GC(160) Pause Full (System.gc()) 3M->1M(8192M) 16.753ms
[74.473s][info][gc,cpu         ] GC(160) User=0.04s Sys=0.00s Real=0.02s
[74.925s][info][gc,start       ] GC(161) Pause Full (System.gc())
[74.925s][info][gc,task        ] GC(161) Using 5 workers of 10 for full compaction
[74.925s][info][gc,phases,start] GC(161) Phase 1: Mark live objects
[74.928s][info][gc,phases      ] GC(161) Phase 1: Mark live objects 2.412ms
[74.928s][info][gc,phases,start] GC(161) Phase 2: Prepare compaction
[74.928s][info][gc,phases      ] GC(161) Phase 2: Prepare compaction 0.468ms
[74.928s][info][gc,phases,start] GC(161) Phase 3: Adjust pointers
[74.929s][info][gc,phases      ] GC(161) Phase 3: Adjust pointers 0.888ms
[74.929s][info][gc,phases,start] GC(161) Phase 4: Compact heap
[74.930s][info][gc,phases      ] GC(161) Phase 4: Compact heap 0.385ms
[74.930s][info][gc,phases,start] GC(161) Phase 5: Reset Metadata
[74.932s][info][gc,phases      ] GC(161) Phase 5: Reset Metadata 2.093ms
[74.943s][info][gc,heap        ] GC(161) Eden regions: 1->0(102)
[74.943s][info][gc,heap        ] GC(161) Survivor regions: 0->0(0)
[74.943s][info][gc,heap        ] GC(161) Old regions: 4->4
[74.943s][info][gc,heap        ] GC(161) Humongous regions: 0->0
[74.943s][info][gc,metaspace   ] GC(161) Metaspace: 519K(1024K)->516K(960K) NonClass: 481K(832K)->480K(768K) Class: 37K(192K)->36K(192K)
[74.943s][info][gc             ] GC(161) Pause Full (System.gc()) 3M->1M(8192M) 18.131ms
[74.943s][info][gc,cpu         ] GC(161) User=0.04s Sys=0.00s Real=0.02s
[75.400s][info][gc,start       ] GC(162) Pause Full (System.gc())
[75.400s][info][gc,task        ] GC(162) Using 5 workers of 10 for full compaction
[75.400s][info][gc,phases,start] GC(162) Phase 1: Mark live objects
[75.401s][info][gc,phases      ] GC(162) Phase 1: Mark live objects 0.998ms
[75.401s][info][gc,phases,start] GC(162) Phase 2: Prepare compaction
[75.402s][info][gc,phases      ] GC(162) Phase 2: Prepare compaction 0.427ms
[75.402s][info][gc,phases,start] GC(162) Phase 3: Adjust pointers
[75.403s][info][gc,phases      ] GC(162) Phase 3: Adjust pointers 0.655ms
[75.403s][info][gc,phases,start] GC(162) Phase 4: Compact heap
[75.403s][info][gc,phases      ] GC(162) Phase 4: Compact heap 0.377ms
[75.403s][info][gc,phases,start] GC(162) Phase 5: Reset Metadata
[75.404s][info][gc,phases      ] GC(162) Phase 5: Reset Metadata 1.374ms
[75.409s][info][gc,heap        ] GC(162) Eden regions: 1->0(102)
[75.409s][info][gc,heap        ] GC(162) Survivor regions: 0->0(0)
[75.409s][info][gc,heap        ] GC(162) Old regions: 4->4
[75.409s][info][gc,heap        ] GC(162) Humongous regions: 0->0
[75.409s][info][gc,metaspace   ] GC(162) Metaspace: 521K(960K)->521K(960K) NonClass: 483K(768K)->483K(768K) Class: 37K(192K)->37K(192K)
[75.409s][info][gc             ] GC(162) Pause Full (System.gc()) 3M->1M(8192M) 9.294ms
[75.410s][info][gc,cpu         ] GC(162) User=0.03s Sys=0.00s Real=0.01s
[75.863s][info][gc,start       ] GC(163) Pause Full (System.gc())
[75.864s][info][gc,task        ] GC(163) Using 5 workers of 10 for full compaction
[75.864s][info][gc,phases,start] GC(163) Phase 1: Mark live objects
[75.866s][info][gc,phases      ] GC(163) Phase 1: Mark live objects 2.040ms
[75.866s][info][gc,phases,start] GC(163) Phase 2: Prepare compaction
[75.867s][info][gc,phases      ] GC(163) Phase 2: Prepare compaction 0.838ms
[75.867s][info][gc,phases,start] GC(163) Phase 3: Adjust pointers
[75.868s][info][gc,phases      ] GC(163) Phase 3: Adjust pointers 1.603ms
[75.868s][info][gc,phases,start] GC(163) Phase 4: Compact heap
[75.869s][info][gc,phases      ] GC(163) Phase 4: Compact heap 0.757ms
[75.869s][info][gc,phases,start] GC(163) Phase 5: Reset Metadata
[75.872s][info][gc,phases      ] GC(163) Phase 5: Reset Metadata 3.274ms
[75.881s][info][gc,heap        ] GC(163) Eden regions: 1->0(102)
[75.881s][info][gc,heap        ] GC(163) Survivor regions: 0->0(0)
[75.881s][info][gc,heap        ] GC(163) Old regions: 4->4
[75.881s][info][gc,heap        ] GC(163) Humongous regions: 0->0
[75.881s][info][gc,metaspace   ] GC(163) Metaspace: 526K(960K)->526K(960K) NonClass: 486K(768K)->486K(768K) Class: 39K(192K)->39K(192K)
[75.881s][info][gc             ] GC(163) Pause Full (System.gc()) 3M->1M(8192M) 17.324ms
[75.881s][info][gc,cpu         ] GC(163) User=0.04s Sys=0.01s Real=0.02s
[76.338s][info][gc,start       ] GC(164) Pause Full (System.gc())
[76.338s][info][gc,task        ] GC(164) Using 5 workers of 10 for full compaction
[76.339s][info][gc,phases,start] GC(164) Phase 1: Mark live objects
[76.340s][info][gc,phases      ] GC(164) Phase 1: Mark live objects 1.125ms
[76.340s][info][gc,phases,start] GC(164) Phase 2: Prepare compaction
[76.340s][info][gc,phases      ] GC(164) Phase 2: Prepare compaction 0.586ms
[76.340s][info][gc,phases,start] GC(164) Phase 3: Adjust pointers
[76.341s][info][gc,phases      ] GC(164) Phase 3: Adjust pointers 0.990ms
[76.341s][info][gc,phases,start] GC(164) Phase 4: Compact heap
[76.342s][info][gc,phases      ] GC(164) Phase 4: Compact heap 0.498ms
[76.342s][info][gc,phases,start] GC(164) Phase 5: Reset Metadata
[76.344s][info][gc,phases      ] GC(164) Phase 5: Reset Metadata 2.078ms
[76.356s][info][gc,heap        ] GC(164) Eden regions: 1->0(102)
[76.356s][info][gc,heap        ] GC(164) Survivor regions: 0->0(0)
[76.356s][info][gc,heap        ] GC(164) Old regions: 4->4
[76.356s][info][gc,heap        ] GC(164) Humongous regions: 0->0
[76.356s][info][gc,metaspace   ] GC(164) Metaspace: 531K(960K)->531K(960K) NonClass: 490K(768K)->490K(768K) Class: 41K(192K)->41K(192K)
[76.356s][info][gc             ] GC(164) Pause Full (System.gc()) 3M->1M(8192M) 18.092ms
[76.356s][info][gc,cpu         ] GC(164) User=0.03s Sys=0.00s Real=0.01s
[76.812s][info][gc,start       ] GC(165) Pause Full (System.gc())
[76.812s][info][gc,task        ] GC(165) Using 5 workers of 10 for full compaction
[76.812s][info][gc,phases,start] GC(165) Phase 1: Mark live objects
[76.817s][info][gc,phases      ] GC(165) Phase 1: Mark live objects 4.706ms
[76.817s][info][gc,phases,start] GC(165) Phase 2: Prepare compaction
[76.818s][info][gc,phases      ] GC(165) Phase 2: Prepare compaction 1.015ms
[76.818s][info][gc,phases,start] GC(165) Phase 3: Adjust pointers
[76.819s][info][gc,phases      ] GC(165) Phase 3: Adjust pointers 0.912ms
[76.819s][info][gc,phases,start] GC(165) Phase 4: Compact heap
[76.821s][info][gc,phases      ] GC(165) Phase 4: Compact heap 1.679ms
[76.821s][info][gc,phases,start] GC(165) Phase 5: Reset Metadata
[76.822s][info][gc,phases      ] GC(165) Phase 5: Reset Metadata 1.482ms
[76.832s][info][gc,heap        ] GC(165) Eden regions: 1->0(102)
[76.832s][info][gc,heap        ] GC(165) Survivor regions: 0->0(0)
[76.832s][info][gc,heap        ] GC(165) Old regions: 4->4
[76.832s][info][gc,heap        ] GC(165) Humongous regions: 0->0
[76.832s][info][gc,metaspace   ] GC(165) Metaspace: 536K(960K)->532K(960K) NonClass: 493K(768K)->491K(768K) Class: 42K(192K)->40K(192K)
[76.832s][info][gc             ] GC(165) Pause Full (System.gc()) 3M->1M(8192M) 20.058ms
[76.832s][info][gc,cpu         ] GC(165) User=0.04s Sys=0.00s Real=0.02s
[77.287s][info][gc,start       ] GC(166) Pause Full (System.gc())
[77.287s][info][gc,task        ] GC(166) Using 5 workers of 10 for full compaction
[77.287s][info][gc,phases,start] GC(166) Phase 1: Mark live objects
[77.290s][info][gc,phases      ] GC(166) Phase 1: Mark live objects 2.479ms
[77.290s][info][gc,phases,start] GC(166) Phase 2: Prepare compaction
[77.290s][info][gc,phases      ] GC(166) Phase 2: Prepare compaction 0.644ms
[77.291s][info][gc,phases,start] GC(166) Phase 3: Adjust pointers
[77.292s][info][gc,phases      ] GC(166) Phase 3: Adjust pointers 1.110ms
[77.292s][info][gc,phases,start] GC(166) Phase 4: Compact heap
[77.292s][info][gc,phases      ] GC(166) Phase 4: Compact heap 0.530ms
[77.292s][info][gc,phases,start] GC(166) Phase 5: Reset Metadata
[77.294s][info][gc,phases      ] GC(166) Phase 5: Reset Metadata 2.015ms
[77.304s][info][gc,heap        ] GC(166) Eden regions: 1->0(102)
[77.304s][info][gc,heap        ] GC(166) Survivor regions: 0->0(0)
[77.304s][info][gc,heap        ] GC(166) Old regions: 4->4
[77.304s][info][gc,heap        ] GC(166) Humongous regions: 0->0
[77.304s][info][gc,metaspace   ] GC(166) Metaspace: 537K(960K)->536K(960K) NonClass: 494K(768K)->494K(768K) Class: 42K(192K)->42K(192K)
[77.304s][info][gc             ] GC(166) Pause Full (System.gc()) 3M->1M(8192M) 17.459ms
[77.304s][info][gc,cpu         ] GC(166) User=0.04s Sys=0.00s Real=0.02s
[77.759s][info][gc,start       ] GC(167) Pause Full (System.gc())
[77.759s][info][gc,task        ] GC(167) Using 5 workers of 10 for full compaction
[77.759s][info][gc,phases,start] GC(167) Phase 1: Mark live objects
[77.761s][info][gc,phases      ] GC(167) Phase 1: Mark live objects 2.049ms
[77.762s][info][gc,phases,start] GC(167) Phase 2: Prepare compaction
[77.762s][info][gc,phases      ] GC(167) Phase 2: Prepare compaction 0.837ms
[77.762s][info][gc,phases,start] GC(167) Phase 3: Adjust pointers
[77.764s][info][gc,phases      ] GC(167) Phase 3: Adjust pointers 1.551ms
[77.764s][info][gc,phases,start] GC(167) Phase 4: Compact heap
[77.765s][info][gc,phases      ] GC(167) Phase 4: Compact heap 0.807ms
[77.765s][info][gc,phases,start] GC(167) Phase 5: Reset Metadata
[77.767s][info][gc,phases      ] GC(167) Phase 5: Reset Metadata 2.130ms
[77.776s][info][gc,heap        ] GC(167) Eden regions: 1->0(102)
[77.776s][info][gc,heap        ] GC(167) Survivor regions: 0->0(0)
[77.776s][info][gc,heap        ] GC(167) Old regions: 4->4
[77.776s][info][gc,heap        ] GC(167) Humongous regions: 0->0
[77.776s][info][gc,metaspace   ] GC(167) Metaspace: 541K(960K)->541K(960K) NonClass: 497K(768K)->497K(768K) Class: 43K(192K)->43K(192K)
[77.776s][info][gc             ] GC(167) Pause Full (System.gc()) 3M->1M(8192M) 17.475ms
[77.777s][info][gc,cpu         ] GC(167) User=0.05s Sys=0.01s Real=0.01s
[78.233s][info][gc,start       ] GC(168) Pause Full (System.gc())
[78.233s][info][gc,task        ] GC(168) Using 5 workers of 10 for full compaction
[78.233s][info][gc,phases,start] GC(168) Phase 1: Mark live objects
[78.235s][info][gc,phases      ] GC(168) Phase 1: Mark live objects 2.266ms
[78.235s][info][gc,phases,start] GC(168) Phase 2: Prepare compaction
[78.236s][info][gc,phases      ] GC(168) Phase 2: Prepare compaction 0.379ms
[78.236s][info][gc,phases,start] GC(168) Phase 3: Adjust pointers
[78.236s][info][gc,phases      ] GC(168) Phase 3: Adjust pointers 0.617ms
[78.236s][info][gc,phases,start] GC(168) Phase 4: Compact heap
[78.237s][info][gc,phases      ] GC(168) Phase 4: Compact heap 0.340ms
[78.237s][info][gc,phases,start] GC(168) Phase 5: Reset Metadata
[78.239s][info][gc,phases      ] GC(168) Phase 5: Reset Metadata 1.983ms
[78.248s][info][gc,heap        ] GC(168) Eden regions: 1->0(102)
[78.249s][info][gc,heap        ] GC(168) Survivor regions: 0->0(0)
[78.249s][info][gc,heap        ] GC(168) Old regions: 4->4
[78.249s][info][gc,heap        ] GC(168) Humongous regions: 0->0
[78.249s][info][gc,metaspace   ] GC(168) Metaspace: 546K(960K)->526K(960K) NonClass: 501K(768K)->485K(768K) Class: 45K(192K)->40K(192K)
[78.249s][info][gc             ] GC(168) Pause Full (System.gc()) 3M->1M(8192M) 15.973ms
[78.249s][info][gc,cpu         ] GC(168) User=0.04s Sys=0.00s Real=0.02s
[78.707s][info][gc,start       ] GC(169) Pause Full (System.gc())
[78.707s][info][gc,task        ] GC(169) Using 5 workers of 10 for full compaction
[78.707s][info][gc,phases,start] GC(169) Phase 1: Mark live objects
[78.710s][info][gc,phases      ] GC(169) Phase 1: Mark live objects 2.617ms
[78.710s][info][gc,phases,start] GC(169) Phase 2: Prepare compaction
[78.711s][info][gc,phases      ] GC(169) Phase 2: Prepare compaction 0.815ms
[78.711s][info][gc,phases,start] GC(169) Phase 3: Adjust pointers
[78.712s][info][gc,phases      ] GC(169) Phase 3: Adjust pointers 1.590ms
[78.712s][info][gc,phases,start] GC(169) Phase 4: Compact heap
[78.713s][info][gc,phases      ] GC(169) Phase 4: Compact heap 0.704ms
[78.713s][info][gc,phases,start] GC(169) Phase 5: Reset Metadata
[78.715s][info][gc,phases      ] GC(169) Phase 5: Reset Metadata 1.752ms
[78.724s][info][gc,heap        ] GC(169) Eden regions: 1->0(102)
[78.724s][info][gc,heap        ] GC(169) Survivor regions: 0->0(0)
[78.724s][info][gc,heap        ] GC(169) Old regions: 4->4
[78.724s][info][gc,heap        ] GC(169) Humongous regions: 0->0
[78.724s][info][gc,metaspace   ] GC(169) Metaspace: 537K(960K)->534K(960K) NonClass: 495K(768K)->493K(768K) Class: 42K(192K)->41K(192K)
[78.724s][info][gc             ] GC(169) Pause Full (System.gc()) 3M->1M(8192M) 17.626ms
[78.724s][info][gc,cpu         ] GC(169) User=0.05s Sys=0.00s Real=0.02s
[79.183s][info][gc,start       ] GC(170) Pause Full (System.gc())
[79.183s][info][gc,task        ] GC(170) Using 5 workers of 10 for full compaction
[79.183s][info][gc,phases,start] GC(170) Phase 1: Mark live objects
[79.186s][info][gc,phases      ] GC(170) Phase 1: Mark live objects 2.606ms
[79.186s][info][gc,phases,start] GC(170) Phase 2: Prepare compaction
[79.187s][info][gc,phases      ] GC(170) Phase 2: Prepare compaction 0.843ms
[79.187s][info][gc,phases,start] GC(170) Phase 3: Adjust pointers
[79.188s][info][gc,phases      ] GC(170) Phase 3: Adjust pointers 1.300ms
[79.188s][info][gc,phases,start] GC(170) Phase 4: Compact heap
[79.189s][info][gc,phases      ] GC(170) Phase 4: Compact heap 0.703ms
[79.189s][info][gc,phases,start] GC(170) Phase 5: Reset Metadata
[79.191s][info][gc,phases      ] GC(170) Phase 5: Reset Metadata 1.863ms
[79.201s][info][gc,heap        ] GC(170) Eden regions: 1->0(102)
[79.201s][info][gc,heap        ] GC(170) Survivor regions: 0->0(0)
[79.201s][info][gc,heap        ] GC(170) Old regions: 4->4
[79.201s][info][gc,heap        ] GC(170) Humongous regions: 0->0
[79.201s][info][gc,metaspace   ] GC(170) Metaspace: 583K(1024K)->580K(1024K) NonClass: 540K(832K)->538K(832K) Class: 43K(192K)->42K(192K)
[79.201s][info][gc             ] GC(170) Pause Full (System.gc()) 3M->1M(8192M) 18.319ms
[79.201s][info][gc,cpu         ] GC(170) User=0.04s Sys=0.00s Real=0.02s
[79.659s][info][gc,start       ] GC(171) Pause Full (System.gc())
[79.659s][info][gc,task        ] GC(171) Using 5 workers of 10 for full compaction
[79.660s][info][gc,phases,start] GC(171) Phase 1: Mark live objects
[79.664s][info][gc,phases      ] GC(171) Phase 1: Mark live objects 4.755ms
[79.664s][info][gc,phases,start] GC(171) Phase 2: Prepare compaction
[79.665s][info][gc,phases      ] GC(171) Phase 2: Prepare compaction 0.975ms
[79.666s][info][gc,phases,start] GC(171) Phase 3: Adjust pointers
[79.667s][info][gc,phases      ] GC(171) Phase 3: Adjust pointers 1.669ms
[79.667s][info][gc,phases,start] GC(171) Phase 4: Compact heap
[79.668s][info][gc,phases      ] GC(171) Phase 4: Compact heap 0.723ms
[79.668s][info][gc,phases,start] GC(171) Phase 5: Reset Metadata
[79.670s][info][gc,phases      ] GC(171) Phase 5: Reset Metadata 1.900ms
[79.681s][info][gc,heap        ] GC(171) Eden regions: 1->0(102)
[79.681s][info][gc,heap        ] GC(171) Survivor regions: 0->0(0)
[79.681s][info][gc,heap        ] GC(171) Old regions: 4->4
[79.681s][info][gc,heap        ] GC(171) Humongous regions: 0->0
[79.681s][info][gc,metaspace   ] GC(171) Metaspace: 618K(1024K)->614K(1024K) NonClass: 574K(832K)->571K(832K) Class: 43K(192K)->42K(192K)
[79.681s][info][gc             ] GC(171) Pause Full (System.gc()) 3M->1M(8192M) 21.972ms
[79.681s][info][gc,cpu         ] GC(171) User=0.05s Sys=0.00s Real=0.02s
[80.138s][info][gc,start       ] GC(172) Pause Full (System.gc())
[80.138s][info][gc,task        ] GC(172) Using 5 workers of 10 for full compaction
[80.139s][info][gc,phases,start] GC(172) Phase 1: Mark live objects
[80.141s][info][gc,phases      ] GC(172) Phase 1: Mark live objects 2.392ms
[80.141s][info][gc,phases,start] GC(172) Phase 2: Prepare compaction
[80.142s][info][gc,phases      ] GC(172) Phase 2: Prepare compaction 0.942ms
[80.142s][info][gc,phases,start] GC(172) Phase 3: Adjust pointers
[80.144s][info][gc,phases      ] GC(172) Phase 3: Adjust pointers 1.518ms
[80.144s][info][gc,phases,start] GC(172) Phase 4: Compact heap
[80.145s][info][gc,phases      ] GC(172) Phase 4: Compact heap 0.942ms
[80.145s][info][gc,phases,start] GC(172) Phase 5: Reset Metadata
[80.147s][info][gc,phases      ] GC(172) Phase 5: Reset Metadata 1.968ms
[80.156s][info][gc,heap        ] GC(172) Eden regions: 1->0(102)
[80.156s][info][gc,heap        ] GC(172) Survivor regions: 0->0(0)
[80.156s][info][gc,heap        ] GC(172) Old regions: 4->4
[80.156s][info][gc,heap        ] GC(172) Humongous regions: 0->0
[80.156s][info][gc,metaspace   ] GC(172) Metaspace: 621K(1024K)->621K(1024K) NonClass: 576K(832K)->576K(832K) Class: 44K(192K)->44K(192K)
[80.156s][info][gc             ] GC(172) Pause Full (System.gc()) 3M->1M(8192M) 18.143ms
[80.156s][info][gc,cpu         ] GC(172) User=0.06s Sys=0.00s Real=0.01s
[80.612s][info][gc,start       ] GC(173) Pause Full (System.gc())
[80.613s][info][gc,task        ] GC(173) Using 5 workers of 10 for full compaction
[80.613s][info][gc,phases,start] GC(173) Phase 1: Mark live objects
[80.617s][info][gc,phases      ] GC(173) Phase 1: Mark live objects 4.126ms
[80.617s][info][gc,phases,start] GC(173) Phase 2: Prepare compaction
[80.618s][info][gc,phases      ] GC(173) Phase 2: Prepare compaction 0.834ms
[80.618s][info][gc,phases,start] GC(173) Phase 3: Adjust pointers
[80.620s][info][gc,phases      ] GC(173) Phase 3: Adjust pointers 1.498ms
[80.620s][info][gc,phases,start] GC(173) Phase 4: Compact heap
[80.621s][info][gc,phases      ] GC(173) Phase 4: Compact heap 1.518ms
[80.621s][info][gc,phases,start] GC(173) Phase 5: Reset Metadata
[80.623s][info][gc,phases      ] GC(173) Phase 5: Reset Metadata 1.911ms
[80.634s][info][gc,heap        ] GC(173) Eden regions: 1->0(102)
[80.634s][info][gc,heap        ] GC(173) Survivor regions: 0->0(0)
[80.634s][info][gc,heap        ] GC(173) Old regions: 4->4
[80.634s][info][gc,heap        ] GC(173) Humongous regions: 0->0
[80.634s][info][gc,metaspace   ] GC(173) Metaspace: 626K(1024K)->624K(1024K) NonClass: 580K(832K)->579K(832K) Class: 46K(192K)->45K(192K)
[80.634s][info][gc             ] GC(173) Pause Full (System.gc()) 3M->1M(8192M) 21.497ms
[80.634s][info][gc,cpu         ] GC(173) User=0.04s Sys=0.00s Real=0.02s
[81.092s][info][gc,start       ] GC(174) Pause Full (System.gc())
[81.092s][info][gc,task        ] GC(174) Using 5 workers of 10 for full compaction
[81.092s][info][gc,phases,start] GC(174) Phase 1: Mark live objects
[81.094s][info][gc,phases      ] GC(174) Phase 1: Mark live objects 1.607ms
[81.094s][info][gc,phases,start] GC(174) Phase 2: Prepare compaction
[81.094s][info][gc,phases      ] GC(174) Phase 2: Prepare compaction 0.827ms
[81.094s][info][gc,phases,start] GC(174) Phase 3: Adjust pointers
[81.095s][info][gc,phases      ] GC(174) Phase 3: Adjust pointers 0.638ms
[81.095s][info][gc,phases,start] GC(174) Phase 4: Compact heap
[81.095s][info][gc,phases      ] GC(174) Phase 4: Compact heap 0.289ms
[81.095s][info][gc,phases,start] GC(174) Phase 5: Reset Metadata
[81.097s][info][gc,phases      ] GC(174) Phase 5: Reset Metadata 1.467ms
[81.106s][info][gc,heap        ] GC(174) Eden regions: 1->0(102)
[81.106s][info][gc,heap        ] GC(174) Survivor regions: 0->0(0)
[81.106s][info][gc,heap        ] GC(174) Old regions: 4->4
[81.106s][info][gc,heap        ] GC(174) Humongous regions: 0->0
[81.106s][info][gc,metaspace   ] GC(174) Metaspace: 629K(1024K)->628K(1024K) NonClass: 582K(832K)->582K(832K) Class: 47K(192K)->46K(192K)
[81.106s][info][gc             ] GC(174) Pause Full (System.gc()) 3M->1M(8192M) 14.343ms
[81.106s][info][gc,cpu         ] GC(174) User=0.03s Sys=0.00s Real=0.01s
[81.559s][info][gc,start       ] GC(175) Pause Full (System.gc())
[81.559s][info][gc,task        ] GC(175) Using 5 workers of 10 for full compaction
[81.559s][info][gc,phases,start] GC(175) Phase 1: Mark live objects
[81.561s][info][gc,phases      ] GC(175) Phase 1: Mark live objects 1.413ms
[81.561s][info][gc,phases,start] GC(175) Phase 2: Prepare compaction
[81.561s][info][gc,phases      ] GC(175) Phase 2: Prepare compaction 0.384ms
[81.561s][info][gc,phases,start] GC(175) Phase 3: Adjust pointers
[81.562s][info][gc,phases      ] GC(175) Phase 3: Adjust pointers 0.819ms
[81.562s][info][gc,phases,start] GC(175) Phase 4: Compact heap
[81.562s][info][gc,phases      ] GC(175) Phase 4: Compact heap 0.333ms
[81.562s][info][gc,phases,start] GC(175) Phase 5: Reset Metadata
[81.564s][info][gc,phases      ] GC(175) Phase 5: Reset Metadata 1.636ms
[81.573s][info][gc,heap        ] GC(175) Eden regions: 1->0(102)
[81.575s][info][gc,heap        ] GC(175) Survivor regions: 0->0(0)
[81.575s][info][gc,heap        ] GC(175) Old regions: 4->4
[81.575s][info][gc,heap        ] GC(175) Humongous regions: 0->0
[81.575s][info][gc,metaspace   ] GC(175) Metaspace: 633K(1024K)->633K(1024K) NonClass: 585K(832K)->585K(832K) Class: 48K(192K)->48K(192K)
[81.575s][info][gc             ] GC(175) Pause Full (System.gc()) 3M->1M(8192M) 16.307ms
[81.575s][info][gc,cpu         ] GC(175) User=0.04s Sys=0.00s Real=0.01s
[82.031s][info][gc,start       ] GC(176) Pause Full (System.gc())
[82.031s][info][gc,task        ] GC(176) Using 5 workers of 10 for full compaction
[82.031s][info][gc,phases,start] GC(176) Phase 1: Mark live objects
[82.034s][info][gc,phases      ] GC(176) Phase 1: Mark live objects 2.565ms
[82.034s][info][gc,phases,start] GC(176) Phase 2: Prepare compaction
[82.034s][info][gc,phases      ] GC(176) Phase 2: Prepare compaction 0.454ms
[82.034s][info][gc,phases,start] GC(176) Phase 3: Adjust pointers
[82.035s][info][gc,phases      ] GC(176) Phase 3: Adjust pointers 1.097ms
[82.035s][info][gc,phases,start] GC(176) Phase 4: Compact heap
[82.036s][info][gc,phases      ] GC(176) Phase 4: Compact heap 0.789ms
[82.036s][info][gc,phases,start] GC(176) Phase 5: Reset Metadata
[82.040s][info][gc,phases      ] GC(176) Phase 5: Reset Metadata 3.344ms
[82.049s][info][gc,heap        ] GC(176) Eden regions: 1->0(102)
[82.049s][info][gc,heap        ] GC(176) Survivor regions: 0->0(0)
[82.049s][info][gc,heap        ] GC(176) Old regions: 4->4
[82.049s][info][gc,heap        ] GC(176) Humongous regions: 0->0
[82.049s][info][gc,metaspace   ] GC(176) Metaspace: 638K(1024K)->636K(1024K) NonClass: 588K(832K)->587K(832K) Class: 50K(192K)->49K(192K)
[82.049s][info][gc             ] GC(176) Pause Full (System.gc()) 3M->1M(8192M) 18.424ms
[82.049s][info][gc,cpu         ] GC(176) User=0.05s Sys=0.00s Real=0.02s
[82.502s][info][gc,start       ] GC(177) Pause Full (System.gc())
[82.502s][info][gc,task        ] GC(177) Using 5 workers of 10 for full compaction
[82.502s][info][gc,phases,start] GC(177) Phase 1: Mark live objects
[82.505s][info][gc,phases      ] GC(177) Phase 1: Mark live objects 2.905ms
[82.505s][info][gc,phases,start] GC(177) Phase 2: Prepare compaction
[82.506s][info][gc,phases      ] GC(177) Phase 2: Prepare compaction 0.583ms
[82.506s][info][gc,phases,start] GC(177) Phase 3: Adjust pointers
[82.507s][info][gc,phases      ] GC(177) Phase 3: Adjust pointers 0.919ms
[82.507s][info][gc,phases,start] GC(177) Phase 4: Compact heap
[82.507s][info][gc,phases      ] GC(177) Phase 4: Compact heap 0.500ms
[82.507s][info][gc,phases,start] GC(177) Phase 5: Reset Metadata
[82.509s][info][gc,phases      ] GC(177) Phase 5: Reset Metadata 1.494ms
[82.519s][info][gc,heap        ] GC(177) Eden regions: 1->0(102)
[82.519s][info][gc,heap        ] GC(177) Survivor regions: 0->0(0)
[82.519s][info][gc,heap        ] GC(177) Old regions: 4->4
[82.519s][info][gc,heap        ] GC(177) Humongous regions: 0->0
[82.519s][info][gc,metaspace   ] GC(177) Metaspace: 641K(1024K)->640K(1024K) NonClass: 590K(832K)->590K(832K) Class: 50K(192K)->50K(192K)
[82.519s][info][gc             ] GC(177) Pause Full (System.gc()) 3M->1M(8192M) 17.009ms
[82.519s][info][gc,cpu         ] GC(177) User=0.04s Sys=0.01s Real=0.02s
[82.974s][info][gc,start       ] GC(178) Pause Full (System.gc())
[82.975s][info][gc,task        ] GC(178) Using 5 workers of 10 for full compaction
[82.975s][info][gc,phases,start] GC(178) Phase 1: Mark live objects
[82.977s][info][gc,phases      ] GC(178) Phase 1: Mark live objects 2.099ms
[82.977s][info][gc,phases,start] GC(178) Phase 2: Prepare compaction
[82.978s][info][gc,phases      ] GC(178) Phase 2: Prepare compaction 0.591ms
[82.978s][info][gc,phases,start] GC(178) Phase 3: Adjust pointers
[82.979s][info][gc,phases      ] GC(178) Phase 3: Adjust pointers 1.275ms
[82.979s][info][gc,phases,start] GC(178) Phase 4: Compact heap
[82.980s][info][gc,phases      ] GC(178) Phase 4: Compact heap 0.942ms
[82.980s][info][gc,phases,start] GC(178) Phase 5: Reset Metadata
[82.982s][info][gc,phases      ] GC(178) Phase 5: Reset Metadata 2.175ms
[82.994s][info][gc,heap        ] GC(178) Eden regions: 1->0(102)
[82.994s][info][gc,heap        ] GC(178) Survivor regions: 0->0(0)
[82.994s][info][gc,heap        ] GC(178) Old regions: 4->4
[82.994s][info][gc,heap        ] GC(178) Humongous regions: 0->0
[82.994s][info][gc,metaspace   ] GC(178) Metaspace: 645K(1024K)->645K(1024K) NonClass: 593K(832K)->593K(832K) Class: 52K(192K)->52K(192K)
[82.994s][info][gc             ] GC(178) Pause Full (System.gc()) 3M->1M(8192M) 19.514ms
[82.994s][info][gc,cpu         ] GC(178) User=0.04s Sys=0.00s Real=0.02s
[83.450s][info][gc,start       ] GC(179) Pause Full (System.gc())
[83.450s][info][gc,task        ] GC(179) Using 5 workers of 10 for full compaction
[83.450s][info][gc,phases,start] GC(179) Phase 1: Mark live objects
[83.452s][info][gc,phases      ] GC(179) Phase 1: Mark live objects 1.545ms
[83.452s][info][gc,phases,start] GC(179) Phase 2: Prepare compaction
[83.452s][info][gc,phases      ] GC(179) Phase 2: Prepare compaction 0.408ms
[83.452s][info][gc,phases,start] GC(179) Phase 3: Adjust pointers
[83.453s][info][gc,phases      ] GC(179) Phase 3: Adjust pointers 0.646ms
[83.453s][info][gc,phases,start] GC(179) Phase 4: Compact heap
[83.453s][info][gc,phases      ] GC(179) Phase 4: Compact heap 0.346ms
[83.453s][info][gc,phases,start] GC(179) Phase 5: Reset Metadata
[83.455s][info][gc,phases      ] GC(179) Phase 5: Reset Metadata 2.002ms
[83.465s][info][gc,heap        ] GC(179) Eden regions: 1->0(102)
[83.465s][info][gc,heap        ] GC(179) Survivor regions: 0->0(0)
[83.465s][info][gc,heap        ] GC(179) Old regions: 4->4
[83.465s][info][gc,heap        ] GC(179) Humongous regions: 0->0
[83.465s][info][gc,metaspace   ] GC(179) Metaspace: 650K(1024K)->649K(1024K) NonClass: 597K(832K)->596K(832K) Class: 53K(192K)->52K(192K)
[83.465s][info][gc             ] GC(179) Pause Full (System.gc()) 3M->1M(8192M) 15.211ms
[83.465s][info][gc,cpu         ] GC(179) User=0.04s Sys=0.00s Real=0.01s
[83.923s][info][gc,start       ] GC(180) Pause Full (System.gc())
[83.923s][info][gc,task        ] GC(180) Using 5 workers of 10 for full compaction
[83.924s][info][gc,phases,start] GC(180) Phase 1: Mark live objects
[83.927s][info][gc,phases      ] GC(180) Phase 1: Mark live objects 3.646ms
[83.927s][info][gc,phases,start] GC(180) Phase 2: Prepare compaction
[83.928s][info][gc,phases      ] GC(180) Phase 2: Prepare compaction 0.921ms
[83.928s][info][gc,phases,start] GC(180) Phase 3: Adjust pointers
[83.930s][info][gc,phases      ] GC(180) Phase 3: Adjust pointers 1.348ms
[83.930s][info][gc,phases,start] GC(180) Phase 4: Compact heap
[83.932s][info][gc,phases      ] GC(180) Phase 4: Compact heap 1.623ms
[83.932s][info][gc,phases,start] GC(180) Phase 5: Reset Metadata
[83.934s][info][gc,phases      ] GC(180) Phase 5: Reset Metadata 2.031ms
[83.943s][info][gc,heap        ] GC(180) Eden regions: 1->0(102)
[83.943s][info][gc,heap        ] GC(180) Survivor regions: 0->0(0)
[83.943s][info][gc,heap        ] GC(180) Old regions: 4->4
[83.943s][info][gc,heap        ] GC(180) Humongous regions: 0->0
[83.943s][info][gc,metaspace   ] GC(180) Metaspace: 654K(1024K)->653K(1024K) NonClass: 599K(832K)->599K(832K) Class: 54K(192K)->54K(192K)
[83.944s][info][gc             ] GC(180) Pause Full (System.gc()) 3M->1M(8192M) 20.325ms
[83.944s][info][gc,cpu         ] GC(180) User=0.04s Sys=0.01s Real=0.02s
[84.402s][info][gc,start       ] GC(181) Pause Full (System.gc())
[84.402s][info][gc,task        ] GC(181) Using 5 workers of 10 for full compaction
[84.403s][info][gc,phases,start] GC(181) Phase 1: Mark live objects
[84.404s][info][gc,phases      ] GC(181) Phase 1: Mark live objects 1.422ms
[84.404s][info][gc,phases,start] GC(181) Phase 2: Prepare compaction
[84.405s][info][gc,phases      ] GC(181) Phase 2: Prepare compaction 0.487ms
[84.405s][info][gc,phases,start] GC(181) Phase 3: Adjust pointers
[84.406s][info][gc,phases      ] GC(181) Phase 3: Adjust pointers 1.167ms
[84.406s][info][gc,phases,start] GC(181) Phase 4: Compact heap
[84.406s][info][gc,phases      ] GC(181) Phase 4: Compact heap 0.399ms
[84.406s][info][gc,phases,start] GC(181) Phase 5: Reset Metadata
[84.408s][info][gc,phases      ] GC(181) Phase 5: Reset Metadata 1.421ms
[84.418s][info][gc,heap        ] GC(181) Eden regions: 1->0(102)
[84.418s][info][gc,heap        ] GC(181) Survivor regions: 0->0(0)
[84.418s][info][gc,heap        ] GC(181) Old regions: 4->4
[84.418s][info][gc,heap        ] GC(181) Humongous regions: 0->0
[84.418s][info][gc,metaspace   ] GC(181) Metaspace: 658K(1024K)->658K(1024K) NonClass: 602K(832K)->602K(832K) Class: 55K(192K)->55K(192K)
[84.418s][info][gc             ] GC(181) Pause Full (System.gc()) 3M->1M(8192M) 15.757ms
[84.418s][info][gc,cpu         ] GC(181) User=0.03s Sys=0.00s Real=0.02s
[84.870s][info][gc,start       ] GC(182) Pause Full (System.gc())
[84.871s][info][gc,task        ] GC(182) Using 5 workers of 10 for full compaction
[84.871s][info][gc,phases,start] GC(182) Phase 1: Mark live objects
[84.872s][info][gc,phases      ] GC(182) Phase 1: Mark live objects 1.481ms
[84.872s][info][gc,phases,start] GC(182) Phase 2: Prepare compaction
[84.873s][info][gc,phases      ] GC(182) Phase 2: Prepare compaction 0.359ms
[84.873s][info][gc,phases,start] GC(182) Phase 3: Adjust pointers
[84.873s][info][gc,phases      ] GC(182) Phase 3: Adjust pointers 0.942ms
[84.874s][info][gc,phases,start] GC(182) Phase 4: Compact heap
[84.874s][info][gc,phases      ] GC(182) Phase 4: Compact heap 0.383ms
[84.874s][info][gc,phases,start] GC(182) Phase 5: Reset Metadata
[84.875s][info][gc,phases      ] GC(182) Phase 5: Reset Metadata 1.405ms
[84.884s][info][gc,heap        ] GC(182) Eden regions: 1->0(102)
[84.884s][info][gc,heap        ] GC(182) Survivor regions: 0->0(0)
[84.884s][info][gc,heap        ] GC(182) Old regions: 4->4
[84.884s][info][gc,heap        ] GC(182) Humongous regions: 0->0
[84.884s][info][gc,metaspace   ] GC(182) Metaspace: 663K(1024K)->663K(1024K) NonClass: 605K(832K)->605K(832K) Class: 57K(192K)->57K(192K)
[84.884s][info][gc             ] GC(182) Pause Full (System.gc()) 3M->1M(8192M) 13.631ms
[84.884s][info][gc,cpu         ] GC(182) User=0.03s Sys=0.00s Real=0.01s
[85.341s][info][gc,start       ] GC(183) Pause Full (System.gc())
[85.341s][info][gc,task        ] GC(183) Using 5 workers of 10 for full compaction
[85.342s][info][gc,phases,start] GC(183) Phase 1: Mark live objects
[85.344s][info][gc,phases      ] GC(183) Phase 1: Mark live objects 2.492ms
[85.344s][info][gc,phases,start] GC(183) Phase 2: Prepare compaction
[85.345s][info][gc,phases      ] GC(183) Phase 2: Prepare compaction 0.757ms
[85.345s][info][gc,phases,start] GC(183) Phase 3: Adjust pointers
[85.346s][info][gc,phases      ] GC(183) Phase 3: Adjust pointers 1.297ms
[85.346s][info][gc,phases,start] GC(183) Phase 4: Compact heap
[85.347s][info][gc,phases      ] GC(183) Phase 4: Compact heap 0.619ms
[85.347s][info][gc,phases,start] GC(183) Phase 5: Reset Metadata
[85.350s][info][gc,phases      ] GC(183) Phase 5: Reset Metadata 2.733ms
[85.360s][info][gc,heap        ] GC(183) Eden regions: 1->0(102)
[85.360s][info][gc,heap        ] GC(183) Survivor regions: 0->0(0)
[85.360s][info][gc,heap        ] GC(183) Old regions: 4->4
[85.360s][info][gc,heap        ] GC(183) Humongous regions: 0->0
[85.360s][info][gc,metaspace   ] GC(183) Metaspace: 668K(1024K)->637K(1024K) NonClass: 608K(832K)->586K(832K) Class: 59K(192K)->51K(192K)
[85.360s][info][gc             ] GC(183) Pause Full (System.gc()) 3M->1M(8192M) 18.721ms
[85.360s][info][gc,cpu         ] GC(183) User=0.05s Sys=0.00s Real=0.02s
[85.817s][info][gc,start       ] GC(184) Pause Full (System.gc())
[85.817s][info][gc,task        ] GC(184) Using 5 workers of 10 for full compaction
[85.817s][info][gc,phases,start] GC(184) Phase 1: Mark live objects
[85.819s][info][gc,phases      ] GC(184) Phase 1: Mark live objects 2.113ms
[85.819s][info][gc,phases,start] GC(184) Phase 2: Prepare compaction
[85.820s][info][gc,phases      ] GC(184) Phase 2: Prepare compaction 0.455ms
[85.820s][info][gc,phases,start] GC(184) Phase 3: Adjust pointers
[85.821s][info][gc,phases      ] GC(184) Phase 3: Adjust pointers 0.886ms
[85.821s][info][gc,phases,start] GC(184) Phase 4: Compact heap
[85.821s][info][gc,phases      ] GC(184) Phase 4: Compact heap 0.562ms
[85.821s][info][gc,phases,start] GC(184) Phase 5: Reset Metadata
[85.824s][info][gc,phases      ] GC(184) Phase 5: Reset Metadata 2.427ms
[85.834s][info][gc,heap        ] GC(184) Eden regions: 1->0(102)
[85.834s][info][gc,heap        ] GC(184) Survivor regions: 0->0(0)
[85.834s][info][gc,heap        ] GC(184) Old regions: 4->4
[85.834s][info][gc,heap        ] GC(184) Humongous regions: 0->0
[85.834s][info][gc,metaspace   ] GC(184) Metaspace: 642K(1024K)->639K(1024K) NonClass: 589K(832K)->587K(832K) Class: 53K(192K)->52K(192K)
[85.834s][info][gc             ] GC(184) Pause Full (System.gc()) 3M->1M(8192M) 17.449ms
[85.834s][info][gc,cpu         ] GC(184) User=0.04s Sys=0.01s Real=0.02s
[86.290s][info][gc,start       ] GC(185) Pause Full (System.gc())
[86.290s][info][gc,task        ] GC(185) Using 5 workers of 10 for full compaction
[86.290s][info][gc,phases,start] GC(185) Phase 1: Mark live objects
[86.294s][info][gc,phases      ] GC(185) Phase 1: Mark live objects 3.682ms
[86.294s][info][gc,phases,start] GC(185) Phase 2: Prepare compaction
[86.294s][info][gc,phases      ] GC(185) Phase 2: Prepare compaction 0.562ms
[86.294s][info][gc,phases,start] GC(185) Phase 3: Adjust pointers
[86.296s][info][gc,phases      ] GC(185) Phase 3: Adjust pointers 2.097ms
[86.297s][info][gc,phases,start] GC(185) Phase 4: Compact heap
[86.298s][info][gc,phases      ] GC(185) Phase 4: Compact heap 1.280ms
[86.298s][info][gc,phases,start] GC(185) Phase 5: Reset Metadata
[86.300s][info][gc,phases      ] GC(185) Phase 5: Reset Metadata 2.019ms
[86.310s][info][gc,heap        ] GC(185) Eden regions: 1->0(102)
[86.310s][info][gc,heap        ] GC(185) Survivor regions: 0->0(0)
[86.310s][info][gc,heap        ] GC(185) Old regions: 4->4
[86.311s][info][gc,heap        ] GC(185) Humongous regions: 0->0
[86.311s][info][gc,metaspace   ] GC(185) Metaspace: 644K(1024K)->641K(1024K) NonClass: 590K(832K)->588K(832K) Class: 54K(192K)->53K(192K)
[86.311s][info][gc             ] GC(185) Pause Full (System.gc()) 3M->1M(8192M) 21.004ms
[86.311s][info][gc,cpu         ] GC(185) User=0.03s Sys=0.00s Real=0.02s
[86.764s][info][gc,start       ] GC(186) Pause Full (System.gc())
[86.764s][info][gc,task        ] GC(186) Using 5 workers of 10 for full compaction
[86.765s][info][gc,phases,start] GC(186) Phase 1: Mark live objects
[86.769s][info][gc,phases      ] GC(186) Phase 1: Mark live objects 4.112ms
[86.769s][info][gc,phases,start] GC(186) Phase 2: Prepare compaction
[86.771s][info][gc,phases      ] GC(186) Phase 2: Prepare compaction 2.293ms
[86.771s][info][gc,phases,start] GC(186) Phase 3: Adjust pointers
[86.773s][info][gc,phases      ] GC(186) Phase 3: Adjust pointers 1.463ms
[86.773s][info][gc,phases,start] GC(186) Phase 4: Compact heap
[86.774s][info][gc,phases      ] GC(186) Phase 4: Compact heap 0.751ms
[86.774s][info][gc,phases,start] GC(186) Phase 5: Reset Metadata
[86.776s][info][gc,phases      ] GC(186) Phase 5: Reset Metadata 1.943ms
[86.785s][info][gc,heap        ] GC(186) Eden regions: 1->0(102)
[86.785s][info][gc,heap        ] GC(186) Survivor regions: 0->0(0)
[86.785s][info][gc,heap        ] GC(186) Old regions: 4->4
[86.785s][info][gc,heap        ] GC(186) Humongous regions: 0->0
[86.785s][info][gc,metaspace   ] GC(186) Metaspace: 646K(1024K)->643K(1024K) NonClass: 591K(832K)->589K(832K) Class: 55K(192K)->54K(192K)
[86.785s][info][gc             ] GC(186) Pause Full (System.gc()) 3M->1M(8192M) 20.414ms
[86.785s][info][gc,cpu         ] GC(186) User=0.05s Sys=0.00s Real=0.02s
[87.242s][info][gc,start       ] GC(187) Pause Full (System.gc())
[87.242s][info][gc,task        ] GC(187) Using 5 workers of 10 for full compaction
[87.242s][info][gc,phases,start] GC(187) Phase 1: Mark live objects
[87.244s][info][gc,phases      ] GC(187) Phase 1: Mark live objects 1.735ms
[87.244s][info][gc,phases,start] GC(187) Phase 2: Prepare compaction
[87.245s][info][gc,phases      ] GC(187) Phase 2: Prepare compaction 0.624ms
[87.245s][info][gc,phases,start] GC(187) Phase 3: Adjust pointers
[87.246s][info][gc,phases      ] GC(187) Phase 3: Adjust pointers 1.039ms
[87.246s][info][gc,phases,start] GC(187) Phase 4: Compact heap
[87.246s][info][gc,phases      ] GC(187) Phase 4: Compact heap 0.365ms
[87.246s][info][gc,phases,start] GC(187) Phase 5: Reset Metadata
[87.248s][info][gc,phases      ] GC(187) Phase 5: Reset Metadata 1.646ms
[87.258s][info][gc,heap        ] GC(187) Eden regions: 1->0(102)
[87.258s][info][gc,heap        ] GC(187) Survivor regions: 0->0(0)
[87.258s][info][gc,heap        ] GC(187) Old regions: 4->4
[87.258s][info][gc,heap        ] GC(187) Humongous regions: 0->0
[87.258s][info][gc,metaspace   ] GC(187) Metaspace: 648K(1024K)->648K(1024K) NonClass: 592K(832K)->592K(832K) Class: 55K(192K)->55K(192K)
[87.258s][info][gc             ] GC(187) Pause Full (System.gc()) 3M->1M(8192M) 16.144ms
[87.258s][info][gc,cpu         ] GC(187) User=0.04s Sys=0.00s Real=0.02s
[87.710s][info][gc,start       ] GC(188) Pause Full (System.gc())
[87.711s][info][gc,task        ] GC(188) Using 5 workers of 10 for full compaction
[87.711s][info][gc,phases,start] GC(188) Phase 1: Mark live objects
[87.714s][info][gc,phases      ] GC(188) Phase 1: Mark live objects 3.219ms
[87.714s][info][gc,phases,start] GC(188) Phase 2: Prepare compaction
[87.715s][info][gc,phases      ] GC(188) Phase 2: Prepare compaction 0.512ms
[87.715s][info][gc,phases,start] GC(188) Phase 3: Adjust pointers
[87.716s][info][gc,phases      ] GC(188) Phase 3: Adjust pointers 0.876ms
[87.716s][info][gc,phases,start] GC(188) Phase 4: Compact heap
[87.716s][info][gc,phases      ] GC(188) Phase 4: Compact heap 0.384ms
[87.716s][info][gc,phases,start] GC(188) Phase 5: Reset Metadata
[87.718s][info][gc,phases      ] GC(188) Phase 5: Reset Metadata 2.263ms
[87.728s][info][gc,heap        ] GC(188) Eden regions: 1->0(102)
[87.728s][info][gc,heap        ] GC(188) Survivor regions: 0->0(0)
[87.729s][info][gc,heap        ] GC(188) Old regions: 4->4
[87.729s][info][gc,heap        ] GC(188) Humongous regions: 0->0
[87.729s][info][gc,metaspace   ] GC(188) Metaspace: 653K(1024K)->651K(1024K) NonClass: 595K(832K)->594K(832K) Class: 57K(192K)->56K(192K)
[87.729s][info][gc             ] GC(188) Pause Full (System.gc()) 3M->1M(8192M) 18.214ms
[87.729s][info][gc,cpu         ] GC(188) User=0.04s Sys=0.00s Real=0.02s
[88.186s][info][gc,start       ] GC(189) Pause Full (System.gc())
[88.186s][info][gc,task        ] GC(189) Using 5 workers of 10 for full compaction
[88.186s][info][gc,phases,start] GC(189) Phase 1: Mark live objects
[88.189s][info][gc,phases      ] GC(189) Phase 1: Mark live objects 2.762ms
[88.189s][info][gc,phases,start] GC(189) Phase 2: Prepare compaction
[88.190s][info][gc,phases      ] GC(189) Phase 2: Prepare compaction 0.454ms
[88.190s][info][gc,phases,start] GC(189) Phase 3: Adjust pointers
[88.191s][info][gc,phases      ] GC(189) Phase 3: Adjust pointers 1.048ms
[88.191s][info][gc,phases,start] GC(189) Phase 4: Compact heap
[88.191s][info][gc,phases      ] GC(189) Phase 4: Compact heap 0.615ms
[88.191s][info][gc,phases,start] GC(189) Phase 5: Reset Metadata
[88.193s][info][gc,phases      ] GC(189) Phase 5: Reset Metadata 1.577ms
[88.203s][info][gc,heap        ] GC(189) Eden regions: 1->0(102)
[88.203s][info][gc,heap        ] GC(189) Survivor regions: 0->0(0)
[88.203s][info][gc,heap        ] GC(189) Old regions: 4->4
[88.203s][info][gc,heap        ] GC(189) Humongous regions: 0->0
[88.203s][info][gc,metaspace   ] GC(189) Metaspace: 656K(1024K)->605K(1024K) NonClass: 598K(832K)->568K(832K) Class: 58K(192K)->37K(192K)
[88.203s][info][gc             ] GC(189) Pause Full (System.gc()) 3M->1M(8192M) 17.368ms
[88.203s][info][gc,cpu         ] GC(189) User=0.04s Sys=0.00s Real=0.02s
[88.659s][info][gc,start       ] GC(190) Pause Full (System.gc())
[88.660s][info][gc,task        ] GC(190) Using 5 workers of 10 for full compaction
[88.660s][info][gc,phases,start] GC(190) Phase 1: Mark live objects
[88.663s][info][gc,phases      ] GC(190) Phase 1: Mark live objects 3.569ms
[88.664s][info][gc,phases,start] GC(190) Phase 2: Prepare compaction
[88.664s][info][gc,phases      ] GC(190) Phase 2: Prepare compaction 0.443ms
[88.664s][info][gc,phases,start] GC(190) Phase 3: Adjust pointers
[88.665s][info][gc,phases      ] GC(190) Phase 3: Adjust pointers 0.630ms
[88.665s][info][gc,phases,start] GC(190) Phase 4: Compact heap
[88.665s][info][gc,phases      ] GC(190) Phase 4: Compact heap 0.332ms
[88.665s][info][gc,phases,start] GC(190) Phase 5: Reset Metadata
[88.667s][info][gc,phases      ] GC(190) Phase 5: Reset Metadata 1.450ms
[88.677s][info][gc,heap        ] GC(190) Eden regions: 1->0(102)
[88.677s][info][gc,heap        ] GC(190) Survivor regions: 0->0(0)
[88.677s][info][gc,heap        ] GC(190) Old regions: 4->4
[88.677s][info][gc,heap        ] GC(190) Humongous regions: 0->0
[88.677s][info][gc,metaspace   ] GC(190) Metaspace: 610K(1024K)->607K(960K) NonClass: 571K(832K)->570K(768K) Class: 38K(192K)->37K(192K)
[88.677s][info][gc             ] GC(190) Pause Full (System.gc()) 3M->1M(8192M) 17.247ms
[88.677s][info][gc,cpu         ] GC(190) User=0.04s Sys=0.00s Real=0.01s
[89.133s][info][gc,start       ] GC(191) Pause Full (System.gc())
[89.133s][info][gc,task        ] GC(191) Using 5 workers of 10 for full compaction
[89.133s][info][gc,phases,start] GC(191) Phase 1: Mark live objects
[89.136s][info][gc,phases      ] GC(191) Phase 1: Mark live objects 2.284ms
[89.136s][info][gc,phases,start] GC(191) Phase 2: Prepare compaction
[89.136s][info][gc,phases      ] GC(191) Phase 2: Prepare compaction 0.787ms
[89.136s][info][gc,phases,start] GC(191) Phase 3: Adjust pointers
[89.139s][info][gc,phases      ] GC(191) Phase 3: Adjust pointers 2.437ms
[89.139s][info][gc,phases,start] GC(191) Phase 4: Compact heap
[89.140s][info][gc,phases      ] GC(191) Phase 4: Compact heap 0.882ms
[89.140s][info][gc,phases,start] GC(191) Phase 5: Reset Metadata
[89.143s][info][gc,phases      ] GC(191) Phase 5: Reset Metadata 2.794ms
[89.152s][info][gc,heap        ] GC(191) Eden regions: 1->0(102)
[89.152s][info][gc,heap        ] GC(191) Survivor regions: 0->0(0)
[89.152s][info][gc,heap        ] GC(191) Old regions: 4->4
[89.152s][info][gc,heap        ] GC(191) Humongous regions: 0->0
[89.152s][info][gc,metaspace   ] GC(191) Metaspace: 612K(960K)->612K(960K) NonClass: 573K(768K)->573K(768K) Class: 39K(192K)->39K(192K)
[89.152s][info][gc             ] GC(191) Pause Full (System.gc()) 3M->1M(8192M) 19.554ms
[89.152s][info][gc,cpu         ] GC(191) User=0.05s Sys=0.01s Real=0.02s
[89.609s][info][gc,start       ] GC(192) Pause Full (System.gc())
[89.609s][info][gc,task        ] GC(192) Using 5 workers of 10 for full compaction
[89.609s][info][gc,phases,start] GC(192) Phase 1: Mark live objects
[89.612s][info][gc,phases      ] GC(192) Phase 1: Mark live objects 3.138ms
[89.613s][info][gc,phases,start] GC(192) Phase 2: Prepare compaction
[89.615s][info][gc,phases      ] GC(192) Phase 2: Prepare compaction 2.616ms
[89.615s][info][gc,phases,start] GC(192) Phase 3: Adjust pointers
[89.617s][info][gc,phases      ] GC(192) Phase 3: Adjust pointers 1.460ms
[89.617s][info][gc,phases,start] GC(192) Phase 4: Compact heap
[89.618s][info][gc,phases      ] GC(192) Phase 4: Compact heap 0.709ms
[89.618s][info][gc,phases,start] GC(192) Phase 5: Reset Metadata
[89.620s][info][gc,phases      ] GC(192) Phase 5: Reset Metadata 2.400ms
[89.630s][info][gc,heap        ] GC(192) Eden regions: 1->0(102)
[89.630s][info][gc,heap        ] GC(192) Survivor regions: 0->0(0)
[89.630s][info][gc,heap        ] GC(192) Old regions: 4->4
[89.630s][info][gc,heap        ] GC(192) Humongous regions: 0->0
[89.630s][info][gc,metaspace   ] GC(192) Metaspace: 619K(960K)->619K(960K) NonClass: 578K(768K)->578K(768K) Class: 40K(192K)->40K(192K)
[89.630s][info][gc             ] GC(192) Pause Full (System.gc()) 3M->1M(8192M) 21.269ms
[89.630s][info][gc,cpu         ] GC(192) User=0.03s Sys=0.00s Real=0.02s
[90.088s][info][gc,start       ] GC(193) Pause Full (System.gc())
[90.088s][info][gc,task        ] GC(193) Using 5 workers of 10 for full compaction
[90.089s][info][gc,phases,start] GC(193) Phase 1: Mark live objects
[90.091s][info][gc,phases      ] GC(193) Phase 1: Mark live objects 2.073ms
[90.091s][info][gc,phases,start] GC(193) Phase 2: Prepare compaction
[90.091s][info][gc,phases      ] GC(193) Phase 2: Prepare compaction 0.822ms
[90.092s][info][gc,phases,start] GC(193) Phase 3: Adjust pointers
[90.095s][info][gc,phases      ] GC(193) Phase 3: Adjust pointers 3.180ms
[90.095s][info][gc,phases,start] GC(193) Phase 4: Compact heap
[90.096s][info][gc,phases      ] GC(193) Phase 4: Compact heap 0.856ms
[90.096s][info][gc,phases,start] GC(193) Phase 5: Reset Metadata
[90.100s][info][gc,phases      ] GC(193) Phase 5: Reset Metadata 4.292ms
[90.110s][info][gc,heap        ] GC(193) Eden regions: 1->0(102)
[90.110s][info][gc,heap        ] GC(193) Survivor regions: 0->0(0)
[90.110s][info][gc,heap        ] GC(193) Old regions: 4->4
[90.110s][info][gc,heap        ] GC(193) Humongous regions: 0->0
[90.110s][info][gc,metaspace   ] GC(193) Metaspace: 624K(960K)->624K(960K) NonClass: 582K(768K)->582K(768K) Class: 42K(192K)->42K(192K)
[90.110s][info][gc             ] GC(193) Pause Full (System.gc()) 3M->1M(8192M) 22.082ms
[90.110s][info][gc,cpu         ] GC(193) User=0.05s Sys=0.00s Real=0.02s
[90.564s][info][gc,start       ] GC(194) Pause Full (System.gc())
[90.564s][info][gc,task        ] GC(194) Using 5 workers of 10 for full compaction
[90.565s][info][gc,phases,start] GC(194) Phase 1: Mark live objects
[90.568s][info][gc,phases      ] GC(194) Phase 1: Mark live objects 3.491ms
[90.568s][info][gc,phases,start] GC(194) Phase 2: Prepare compaction
[90.569s][info][gc,phases      ] GC(194) Phase 2: Prepare compaction 0.853ms
[90.569s][info][gc,phases,start] GC(194) Phase 3: Adjust pointers
[90.571s][info][gc,phases      ] GC(194) Phase 3: Adjust pointers 1.760ms
[90.571s][info][gc,phases,start] GC(194) Phase 4: Compact heap
[90.572s][info][gc,phases      ] GC(194) Phase 4: Compact heap 0.692ms
[90.572s][info][gc,phases,start] GC(194) Phase 5: Reset Metadata
[90.573s][info][gc,phases      ] GC(194) Phase 5: Reset Metadata 1.870ms
[90.584s][info][gc,heap        ] GC(194) Eden regions: 1->0(102)
[90.584s][info][gc,heap        ] GC(194) Survivor regions: 0->0(0)
[90.584s][info][gc,heap        ] GC(194) Old regions: 4->4
[90.584s][info][gc,heap        ] GC(194) Humongous regions: 0->0
[90.584s][info][gc,metaspace   ] GC(194) Metaspace: 629K(960K)->629K(960K) NonClass: 585K(768K)->585K(768K) Class: 44K(192K)->44K(192K)
[90.584s][info][gc             ] GC(194) Pause Full (System.gc()) 3M->1M(8192M) 20.115ms
[90.584s][info][gc,cpu         ] GC(194) User=0.04s Sys=0.01s Real=0.02s
[91.042s][info][gc,start       ] GC(195) Pause Full (System.gc())
[91.042s][info][gc,task        ] GC(195) Using 5 workers of 10 for full compaction
[91.042s][info][gc,phases,start] GC(195) Phase 1: Mark live objects
[91.045s][info][gc,phases      ] GC(195) Phase 1: Mark live objects 2.573ms
[91.045s][info][gc,phases,start] GC(195) Phase 2: Prepare compaction
[91.046s][info][gc,phases      ] GC(195) Phase 2: Prepare compaction 1.619ms
[91.047s][info][gc,phases,start] GC(195) Phase 3: Adjust pointers
[91.048s][info][gc,phases      ] GC(195) Phase 3: Adjust pointers 1.493ms
[91.048s][info][gc,phases,start] GC(195) Phase 4: Compact heap
[91.049s][info][gc,phases      ] GC(195) Phase 4: Compact heap 0.779ms
[91.049s][info][gc,phases,start] GC(195) Phase 5: Reset Metadata
[91.052s][info][gc,phases      ] GC(195) Phase 5: Reset Metadata 3.258ms
[91.062s][info][gc,heap        ] GC(195) Eden regions: 1->0(102)
[91.062s][info][gc,heap        ] GC(195) Survivor regions: 0->0(0)
[91.062s][info][gc,heap        ] GC(195) Old regions: 4->4
[91.062s][info][gc,heap        ] GC(195) Humongous regions: 0->0
[91.062s][info][gc,metaspace   ] GC(195) Metaspace: 634K(960K)->634K(960K) NonClass: 588K(768K)->588K(768K) Class: 46K(192K)->46K(192K)
[91.062s][info][gc             ] GC(195) Pause Full (System.gc()) 3M->1M(8192M) 19.800ms
[91.062s][info][gc,cpu         ] GC(195) User=0.05s Sys=0.00s Real=0.02s
[91.515s][info][gc,start       ] GC(196) Pause Full (System.gc())
[91.515s][info][gc,task        ] GC(196) Using 5 workers of 10 for full compaction
[91.515s][info][gc,phases,start] GC(196) Phase 1: Mark live objects
[91.518s][info][gc,phases      ] GC(196) Phase 1: Mark live objects 2.618ms
[91.518s][info][gc,phases,start] GC(196) Phase 2: Prepare compaction
[91.519s][info][gc,phases      ] GC(196) Phase 2: Prepare compaction 0.841ms
[91.519s][info][gc,phases,start] GC(196) Phase 3: Adjust pointers
[91.520s][info][gc,phases      ] GC(196) Phase 3: Adjust pointers 1.481ms
[91.520s][info][gc,phases,start] GC(196) Phase 4: Compact heap
[91.521s][info][gc,phases      ] GC(196) Phase 4: Compact heap 0.807ms
[91.521s][info][gc,phases,start] GC(196) Phase 5: Reset Metadata
[91.523s][info][gc,phases      ] GC(196) Phase 5: Reset Metadata 2.040ms
[91.535s][info][gc,heap        ] GC(196) Eden regions: 1->0(102)
[91.535s][info][gc,heap        ] GC(196) Survivor regions: 0->0(0)
[91.535s][info][gc,heap        ] GC(196) Old regions: 4->4
[91.535s][info][gc,heap        ] GC(196) Humongous regions: 0->0
[91.535s][info][gc,metaspace   ] GC(196) Metaspace: 639K(960K)->639K(960K) NonClass: 591K(768K)->591K(768K) Class: 47K(192K)->47K(192K)
[91.535s][info][gc             ] GC(196) Pause Full (System.gc()) 3M->1M(8192M) 20.285ms
[91.535s][info][gc,cpu         ] GC(196) User=0.04s Sys=0.00s Real=0.02s
[91.988s][info][gc,start       ] GC(197) Pause Full (System.gc())
[91.988s][info][gc,task        ] GC(197) Using 5 workers of 10 for full compaction
[91.988s][info][gc,phases,start] GC(197) Phase 1: Mark live objects
[91.993s][info][gc,phases      ] GC(197) Phase 1: Mark live objects 4.995ms
[91.993s][info][gc,phases,start] GC(197) Phase 2: Prepare compaction
[91.994s][info][gc,phases      ] GC(197) Phase 2: Prepare compaction 1.115ms
[91.994s][info][gc,phases,start] GC(197) Phase 3: Adjust pointers
[91.997s][info][gc,phases      ] GC(197) Phase 3: Adjust pointers 2.442ms
[91.997s][info][gc,phases,start] GC(197) Phase 4: Compact heap
[91.998s][info][gc,phases      ] GC(197) Phase 4: Compact heap 0.666ms
[91.998s][info][gc,phases,start] GC(197) Phase 5: Reset Metadata
[92.001s][info][gc,phases      ] GC(197) Phase 5: Reset Metadata 3.434ms
[92.011s][info][gc,heap        ] GC(197) Eden regions: 1->0(102)
[92.011s][info][gc,heap        ] GC(197) Survivor regions: 0->0(0)
[92.012s][info][gc,heap        ] GC(197) Old regions: 4->4
[92.012s][info][gc,heap        ] GC(197) Humongous regions: 0->0
[92.012s][info][gc,metaspace   ] GC(197) Metaspace: 644K(960K)->638K(960K) NonClass: 595K(768K)->592K(768K) Class: 49K(192K)->46K(192K)
[92.012s][info][gc             ] GC(197) Pause Full (System.gc()) 3M->1M(8192M) 23.859ms
[92.012s][info][gc,cpu         ] GC(197) User=0.04s Sys=0.00s Real=0.02s
[92.467s][info][gc,start       ] GC(198) Pause Full (System.gc())
[92.467s][info][gc,task        ] GC(198) Using 5 workers of 10 for full compaction
[92.468s][info][gc,phases,start] GC(198) Phase 1: Mark live objects
[92.473s][info][gc,phases      ] GC(198) Phase 1: Mark live objects 4.984ms
[92.473s][info][gc,phases,start] GC(198) Phase 2: Prepare compaction
[92.475s][info][gc,phases      ] GC(198) Phase 2: Prepare compaction 2.342ms
[92.475s][info][gc,phases,start] GC(198) Phase 3: Adjust pointers
[92.477s][info][gc,phases      ] GC(198) Phase 3: Adjust pointers 1.745ms
[92.477s][info][gc,phases,start] GC(198) Phase 4: Compact heap
[92.478s][info][gc,phases      ] GC(198) Phase 4: Compact heap 1.246ms
[92.478s][info][gc,phases,start] GC(198) Phase 5: Reset Metadata
[92.481s][info][gc,phases      ] GC(198) Phase 5: Reset Metadata 2.522ms
[92.490s][info][gc,heap        ] GC(198) Eden regions: 1->0(102)
[92.490s][info][gc,heap        ] GC(198) Survivor regions: 0->0(0)
[92.490s][info][gc,heap        ] GC(198) Old regions: 4->4
[92.490s][info][gc,heap        ] GC(198) Humongous regions: 0->0
[92.490s][info][gc,metaspace   ] GC(198) Metaspace: 643K(960K)->642K(960K) NonClass: 595K(768K)->595K(768K) Class: 47K(192K)->47K(192K)
[92.490s][info][gc             ] GC(198) Pause Full (System.gc()) 3M->1M(8192M) 22.958ms
[92.490s][info][gc,cpu         ] GC(198) User=0.05s Sys=0.01s Real=0.02s
[92.949s][info][gc,start       ] GC(199) Pause Full (System.gc())
[92.949s][info][gc,task        ] GC(199) Using 5 workers of 10 for full compaction
[92.949s][info][gc,phases,start] GC(199) Phase 1: Mark live objects
[92.955s][info][gc,phases      ] GC(199) Phase 1: Mark live objects 5.153ms
[92.955s][info][gc,phases,start] GC(199) Phase 2: Prepare compaction
[92.955s][info][gc,phases      ] GC(199) Phase 2: Prepare compaction 0.529ms
[92.955s][info][gc,phases,start] GC(199) Phase 3: Adjust pointers
[92.956s][info][gc,phases      ] GC(199) Phase 3: Adjust pointers 0.703ms
[92.956s][info][gc,phases,start] GC(199) Phase 4: Compact heap
[92.956s][info][gc,phases      ] GC(199) Phase 4: Compact heap 0.355ms
[92.956s][info][gc,phases,start] GC(199) Phase 5: Reset Metadata
[92.957s][info][gc,phases      ] GC(199) Phase 5: Reset Metadata 0.628ms
[92.960s][info][gc,heap        ] GC(199) Eden regions: 1->0(102)
[92.960s][info][gc,heap        ] GC(199) Survivor regions: 0->0(0)
[92.960s][info][gc,heap        ] GC(199) Old regions: 4->4
[92.960s][info][gc,heap        ] GC(199) Humongous regions: 0->0
[92.960s][info][gc,metaspace   ] GC(199) Metaspace: 647K(960K)->616K(960K) NonClass: 598K(768K)->574K(768K) Class: 49K(192K)->42K(192K)
[92.960s][info][gc             ] GC(199) Pause Full (System.gc()) 3M->1M(8192M) 11.226ms
[92.960s][info][gc,cpu         ] GC(199) User=0.03s Sys=0.00s Real=0.01s
[93.413s][info][gc,start       ] GC(200) Pause Full (System.gc())
[93.413s][info][gc,task        ] GC(200) Using 5 workers of 10 for full compaction
[93.413s][info][gc,phases,start] GC(200) Phase 1: Mark live objects
[93.417s][info][gc,phases      ] GC(200) Phase 1: Mark live objects 3.613ms
[93.417s][info][gc,phases,start] GC(200) Phase 2: Prepare compaction
[93.418s][info][gc,phases      ] GC(200) Phase 2: Prepare compaction 1.383ms
[93.418s][info][gc,phases,start] GC(200) Phase 3: Adjust pointers
[93.419s][info][gc,phases      ] GC(200) Phase 3: Adjust pointers 0.818ms
[93.419s][info][gc,phases,start] GC(200) Phase 4: Compact heap
[93.419s][info][gc,phases      ] GC(200) Phase 4: Compact heap 0.405ms
[93.419s][info][gc,phases,start] GC(200) Phase 5: Reset Metadata
[93.421s][info][gc,phases      ] GC(200) Phase 5: Reset Metadata 1.587ms
[93.429s][info][gc,heap        ] GC(200) Eden regions: 1->0(102)
[93.429s][info][gc,heap        ] GC(200) Survivor regions: 0->0(0)
[93.429s][info][gc,heap        ] GC(200) Old regions: 4->4
[93.429s][info][gc,heap        ] GC(200) Humongous regions: 0->0
[93.429s][info][gc,metaspace   ] GC(200) Metaspace: 621K(960K)->618K(960K) NonClass: 577K(768K)->575K(768K) Class: 43K(192K)->42K(192K)
[93.429s][info][gc             ] GC(200) Pause Full (System.gc()) 3M->1M(8192M) 16.393ms
[93.429s][info][gc,cpu         ] GC(200) User=0.04s Sys=0.00s Real=0.02s
[93.887s][info][gc,start       ] GC(201) Pause Full (System.gc())
[93.887s][info][gc,task        ] GC(201) Using 5 workers of 10 for full compaction
[93.887s][info][gc,phases,start] GC(201) Phase 1: Mark live objects
[93.893s][info][gc,phases      ] GC(201) Phase 1: Mark live objects 5.804ms
[93.893s][info][gc,phases,start] GC(201) Phase 2: Prepare compaction
[93.894s][info][gc,phases      ] GC(201) Phase 2: Prepare compaction 0.972ms
[93.894s][info][gc,phases,start] GC(201) Phase 3: Adjust pointers
[93.899s][info][gc,phases      ] GC(201) Phase 3: Adjust pointers 4.651ms
[93.899s][info][gc,phases,start] GC(201) Phase 4: Compact heap
[93.899s][info][gc,phases      ] GC(201) Phase 4: Compact heap 0.444ms
[93.899s][info][gc,phases,start] GC(201) Phase 5: Reset Metadata
[93.901s][info][gc,phases      ] GC(201) Phase 5: Reset Metadata 1.708ms
[93.911s][info][gc,heap        ] GC(201) Eden regions: 1->0(102)
[93.911s][info][gc,heap        ] GC(201) Survivor regions: 0->0(0)
[93.911s][info][gc,heap        ] GC(201) Old regions: 4->4
[93.911s][info][gc,heap        ] GC(201) Humongous regions: 0->0
[93.911s][info][gc,metaspace   ] GC(201) Metaspace: 623K(960K)->622K(960K) NonClass: 578K(768K)->578K(768K) Class: 44K(192K)->44K(192K)
[93.911s][info][gc             ] GC(201) Pause Full (System.gc()) 3M->1M(8192M) 24.086ms
[93.911s][info][gc,cpu         ] GC(201) User=0.05s Sys=0.00s Real=0.03s
[94.368s][info][gc,start       ] GC(202) Pause Full (System.gc())
[94.369s][info][gc,task        ] GC(202) Using 5 workers of 10 for full compaction
[94.369s][info][gc,phases,start] GC(202) Phase 1: Mark live objects
[94.376s][info][gc,phases      ] GC(202) Phase 1: Mark live objects 7.090ms
[94.376s][info][gc,phases,start] GC(202) Phase 2: Prepare compaction
[94.379s][info][gc,phases      ] GC(202) Phase 2: Prepare compaction 3.104ms
[94.379s][info][gc,phases,start] GC(202) Phase 3: Adjust pointers
[94.381s][info][gc,phases      ] GC(202) Phase 3: Adjust pointers 1.726ms
[94.381s][info][gc,phases,start] GC(202) Phase 4: Compact heap
[94.383s][info][gc,phases      ] GC(202) Phase 4: Compact heap 1.651ms
[94.383s][info][gc,phases,start] GC(202) Phase 5: Reset Metadata
[94.385s][info][gc,phases      ] GC(202) Phase 5: Reset Metadata 1.923ms
[94.395s][info][gc,heap        ] GC(202) Eden regions: 1->0(102)
[94.395s][info][gc,heap        ] GC(202) Survivor regions: 0->0(0)
[94.395s][info][gc,heap        ] GC(202) Old regions: 4->4
[94.395s][info][gc,heap        ] GC(202) Humongous regions: 0->0
[94.395s][info][gc,metaspace   ] GC(202) Metaspace: 627K(960K)->622K(960K) NonClass: 581K(768K)->577K(768K) Class: 45K(192K)->44K(192K)
[94.395s][info][gc             ] GC(202) Pause Full (System.gc()) 3M->1M(8192M) 26.723ms
[94.395s][info][gc,cpu         ] GC(202) User=0.04s Sys=0.01s Real=0.02s
[94.854s][info][gc,start       ] GC(203) Pause Full (System.gc())
[94.854s][info][gc,task        ] GC(203) Using 5 workers of 10 for full compaction
[94.854s][info][gc,phases,start] GC(203) Phase 1: Mark live objects
[94.860s][info][gc,phases      ] GC(203) Phase 1: Mark live objects 5.617ms
[94.860s][info][gc,phases,start] GC(203) Phase 2: Prepare compaction
[94.860s][info][gc,phases      ] GC(203) Phase 2: Prepare compaction 0.625ms
[94.860s][info][gc,phases,start] GC(203) Phase 3: Adjust pointers
[94.863s][info][gc,phases      ] GC(203) Phase 3: Adjust pointers 2.232ms
[94.863s][info][gc,phases,start] GC(203) Phase 4: Compact heap
[94.864s][info][gc,phases      ] GC(203) Phase 4: Compact heap 1.689ms
[94.865s][info][gc,phases,start] GC(203) Phase 5: Reset Metadata
[94.867s][info][gc,phases      ] GC(203) Phase 5: Reset Metadata 2.314ms
[94.876s][info][gc,heap        ] GC(203) Eden regions: 1->0(102)
[94.876s][info][gc,heap        ] GC(203) Survivor regions: 0->0(0)
[94.876s][info][gc,heap        ] GC(203) Old regions: 4->4
[94.876s][info][gc,heap        ] GC(203) Humongous regions: 0->0
[94.876s][info][gc,metaspace   ] GC(203) Metaspace: 627K(960K)->624K(960K) NonClass: 581K(768K)->578K(768K) Class: 46K(192K)->45K(192K)
[94.876s][info][gc             ] GC(203) Pause Full (System.gc()) 3M->1M(8192M) 22.485ms
[94.876s][info][gc,cpu         ] GC(203) User=0.04s Sys=0.00s Real=0.02s
[95.331s][info][gc,start       ] GC(204) Pause Full (System.gc())
[95.331s][info][gc,task        ] GC(204) Using 5 workers of 10 for full compaction
[95.332s][info][gc,phases,start] GC(204) Phase 1: Mark live objects
[95.342s][info][gc,phases      ] GC(204) Phase 1: Mark live objects 9.948ms
[95.342s][info][gc,phases,start] GC(204) Phase 2: Prepare compaction
[95.342s][info][gc,phases      ] GC(204) Phase 2: Prepare compaction 0.481ms
[95.342s][info][gc,phases,start] GC(204) Phase 3: Adjust pointers
[95.343s][info][gc,phases      ] GC(204) Phase 3: Adjust pointers 1.025ms
[95.343s][info][gc,phases,start] GC(204) Phase 4: Compact heap
[95.344s][info][gc,phases      ] GC(204) Phase 4: Compact heap 0.594ms
[95.344s][info][gc,phases,start] GC(204) Phase 5: Reset Metadata
[95.346s][info][gc,phases      ] GC(204) Phase 5: Reset Metadata 2.153ms
[95.355s][info][gc,heap        ] GC(204) Eden regions: 1->0(102)
[95.356s][info][gc,heap        ] GC(204) Survivor regions: 0->0(0)
[95.356s][info][gc,heap        ] GC(204) Old regions: 4->4
[95.356s][info][gc,heap        ] GC(204) Humongous regions: 0->0
[95.356s][info][gc,metaspace   ] GC(204) Metaspace: 629K(960K)->625K(960K) NonClass: 582K(768K)->579K(768K) Class: 46K(192K)->45K(192K)
[95.356s][info][gc             ] GC(204) Pause Full (System.gc()) 3M->1M(8192M) 24.686ms
[95.356s][info][gc,cpu         ] GC(204) User=0.04s Sys=0.00s Real=0.02s
[95.808s][info][gc,start       ] GC(205) Pause Full (System.gc())
[95.808s][info][gc,task        ] GC(205) Using 5 workers of 10 for full compaction
[95.809s][info][gc,phases,start] GC(205) Phase 1: Mark live objects
[95.815s][info][gc,phases      ] GC(205) Phase 1: Mark live objects 6.921ms
[95.816s][info][gc,phases,start] GC(205) Phase 2: Prepare compaction
[95.817s][info][gc,phases      ] GC(205) Phase 2: Prepare compaction 1.338ms
[95.817s][info][gc,phases,start] GC(205) Phase 3: Adjust pointers
[95.818s][info][gc,phases      ] GC(205) Phase 3: Adjust pointers 1.553ms
[95.818s][info][gc,phases,start] GC(205) Phase 4: Compact heap
[95.819s][info][gc,phases      ] GC(205) Phase 4: Compact heap 0.426ms
[95.819s][info][gc,phases,start] GC(205) Phase 5: Reset Metadata
[95.821s][info][gc,phases      ] GC(205) Phase 5: Reset Metadata 1.812ms
[95.831s][info][gc,heap        ] GC(205) Eden regions: 1->0(102)
[95.831s][info][gc,heap        ] GC(205) Survivor regions: 0->0(0)
[95.831s][info][gc,heap        ] GC(205) Old regions: 4->4
[95.831s][info][gc,heap        ] GC(205) Humongous regions: 0->0
[95.831s][info][gc,metaspace   ] GC(205) Metaspace: 630K(960K)->629K(960K) NonClass: 583K(768K)->582K(768K) Class: 47K(192K)->47K(192K)
[95.831s][info][gc             ] GC(205) Pause Full (System.gc()) 3M->1M(8192M) 23.279ms
[95.831s][info][gc,cpu         ] GC(205) User=0.04s Sys=0.00s Real=0.02s
[96.292s][info][gc,start       ] GC(206) Pause Full (System.gc())
[96.293s][info][gc,task        ] GC(206) Using 5 workers of 10 for full compaction
[96.293s][info][gc,phases,start] GC(206) Phase 1: Mark live objects
[96.300s][info][gc,phases      ] GC(206) Phase 1: Mark live objects 7.349ms
[96.300s][info][gc,phases,start] GC(206) Phase 2: Prepare compaction
[96.301s][info][gc,phases      ] GC(206) Phase 2: Prepare compaction 0.875ms
[96.301s][info][gc,phases,start] GC(206) Phase 3: Adjust pointers
[96.305s][info][gc,phases      ] GC(206) Phase 3: Adjust pointers 3.536ms
[96.305s][info][gc,phases,start] GC(206) Phase 4: Compact heap
[96.306s][info][gc,phases      ] GC(206) Phase 4: Compact heap 0.777ms
[96.306s][info][gc,phases,start] GC(206) Phase 5: Reset Metadata
[96.308s][info][gc,phases      ] GC(206) Phase 5: Reset Metadata 2.241ms
[96.314s][info][gc,heap        ] GC(206) Eden regions: 1->0(102)
[96.314s][info][gc,heap        ] GC(206) Survivor regions: 0->0(0)
[96.314s][info][gc,heap        ] GC(206) Old regions: 4->4
[96.314s][info][gc,heap        ] GC(206) Humongous regions: 0->0
[96.314s][info][gc,metaspace   ] GC(206) Metaspace: 634K(960K)->633K(960K) NonClass: 586K(768K)->585K(768K) Class: 48K(192K)->48K(192K)
[96.314s][info][gc             ] GC(206) Pause Full (System.gc()) 3M->1M(8192M) 21.624ms
[96.314s][info][gc,cpu         ] GC(206) User=0.03s Sys=0.01s Real=0.02s
[96.770s][info][gc,start       ] GC(207) Pause Full (System.gc())
[96.771s][info][gc,task        ] GC(207) Using 5 workers of 10 for full compaction
[96.771s][info][gc,phases,start] GC(207) Phase 1: Mark live objects
[96.780s][info][gc,phases      ] GC(207) Phase 1: Mark live objects 9.477ms
[96.780s][info][gc,phases,start] GC(207) Phase 2: Prepare compaction
[96.781s][info][gc,phases      ] GC(207) Phase 2: Prepare compaction 0.643ms
[96.781s][info][gc,phases,start] GC(207) Phase 3: Adjust pointers
[96.783s][info][gc,phases      ] GC(207) Phase 3: Adjust pointers 1.770ms
[96.783s][info][gc,phases,start] GC(207) Phase 4: Compact heap
[96.783s][info][gc,phases      ] GC(207) Phase 4: Compact heap 0.625ms
[96.783s][info][gc,phases,start] GC(207) Phase 5: Reset Metadata
[96.786s][info][gc,phases      ] GC(207) Phase 5: Reset Metadata 2.898ms
[96.794s][info][gc,heap        ] GC(207) Eden regions: 1->0(102)
[96.794s][info][gc,heap        ] GC(207) Survivor regions: 0->0(0)
[96.794s][info][gc,heap        ] GC(207) Old regions: 4->4
[96.794s][info][gc,heap        ] GC(207) Humongous regions: 0->0
[96.794s][info][gc,metaspace   ] GC(207) Metaspace: 638K(960K)->607K(960K) NonClass: 588K(768K)->570K(768K) Class: 50K(192K)->37K(192K)
[96.794s][info][gc             ] GC(207) Pause Full (System.gc()) 3M->1M(8192M) 23.820ms
[96.794s][info][gc,cpu         ] GC(207) User=0.04s Sys=0.00s Real=0.02s
[97.250s][info][gc,start       ] GC(208) Pause Full (System.gc())
[97.250s][info][gc,task        ] GC(208) Using 5 workers of 10 for full compaction
[97.250s][info][gc,phases,start] GC(208) Phase 1: Mark live objects
[97.255s][info][gc,phases      ] GC(208) Phase 1: Mark live objects 4.466ms
[97.255s][info][gc,phases,start] GC(208) Phase 2: Prepare compaction
[97.255s][info][gc,phases      ] GC(208) Phase 2: Prepare compaction 0.507ms
[97.255s][info][gc,phases,start] GC(208) Phase 3: Adjust pointers
[97.257s][info][gc,phases      ] GC(208) Phase 3: Adjust pointers 1.378ms
[97.257s][info][gc,phases,start] GC(208) Phase 4: Compact heap
[97.257s][info][gc,phases      ] GC(208) Phase 4: Compact heap 0.498ms
[97.257s][info][gc,phases,start] GC(208) Phase 5: Reset Metadata
[97.259s][info][gc,phases      ] GC(208) Phase 5: Reset Metadata 2.111ms
[97.268s][info][gc,heap        ] GC(208) Eden regions: 1->0(102)
[97.268s][info][gc,heap        ] GC(208) Survivor regions: 0->0(0)
[97.268s][info][gc,heap        ] GC(208) Old regions: 4->4
[97.268s][info][gc,heap        ] GC(208) Humongous regions: 0->0
[97.268s][info][gc,metaspace   ] GC(208) Metaspace: 612K(960K)->609K(960K) NonClass: 573K(768K)->572K(768K) Class: 38K(192K)->37K(192K)
[97.268s][info][gc             ] GC(208) Pause Full (System.gc()) 3M->1M(8192M) 18.323ms
[97.268s][info][gc,cpu         ] GC(208) User=0.04s Sys=0.00s Real=0.02s
[97.725s][info][gc,start       ] GC(209) Pause Full (System.gc())
[97.725s][info][gc,task        ] GC(209) Using 5 workers of 10 for full compaction
[97.725s][info][gc,phases,start] GC(209) Phase 1: Mark live objects
[97.728s][info][gc,phases      ] GC(209) Phase 1: Mark live objects 2.518ms
[97.728s][info][gc,phases,start] GC(209) Phase 2: Prepare compaction
[97.728s][info][gc,phases      ] GC(209) Phase 2: Prepare compaction 0.439ms
[97.728s][info][gc,phases,start] GC(209) Phase 3: Adjust pointers
[97.729s][info][gc,phases      ] GC(209) Phase 3: Adjust pointers 0.868ms
[97.729s][info][gc,phases,start] GC(209) Phase 4: Compact heap
[97.730s][info][gc,phases      ] GC(209) Phase 4: Compact heap 0.779ms
[97.730s][info][gc,phases,start] GC(209) Phase 5: Reset Metadata
[97.733s][info][gc,phases      ] GC(209) Phase 5: Reset Metadata 3.034ms
[97.741s][info][gc,heap        ] GC(209) Eden regions: 1->0(102)
[97.741s][info][gc,heap        ] GC(209) Survivor regions: 0->0(0)
[97.741s][info][gc,heap        ] GC(209) Old regions: 4->4
[97.741s][info][gc,heap        ] GC(209) Humongous regions: 0->0
[97.741s][info][gc,metaspace   ] GC(209) Metaspace: 614K(960K)->613K(960K) NonClass: 575K(768K)->575K(768K) Class: 39K(192K)->38K(192K)
[97.741s][info][gc             ] GC(209) Pause Full (System.gc()) 3M->1M(8192M) 16.061ms
[97.741s][info][gc,cpu         ] GC(209) User=0.03s Sys=0.00s Real=0.02s
[98.196s][info][gc,start       ] GC(210) Pause Full (System.gc())
[98.196s][info][gc,task        ] GC(210) Using 5 workers of 10 for full compaction
[98.197s][info][gc,phases,start] GC(210) Phase 1: Mark live objects
[98.199s][info][gc,phases      ] GC(210) Phase 1: Mark live objects 2.569ms
[98.199s][info][gc,phases,start] GC(210) Phase 2: Prepare compaction
[98.200s][info][gc,phases      ] GC(210) Phase 2: Prepare compaction 0.729ms
[98.200s][info][gc,phases,start] GC(210) Phase 3: Adjust pointers
[98.201s][info][gc,phases      ] GC(210) Phase 3: Adjust pointers 1.209ms
[98.201s][info][gc,phases,start] GC(210) Phase 4: Compact heap
[98.202s][info][gc,phases      ] GC(210) Phase 4: Compact heap 0.503ms
[98.202s][info][gc,phases,start] GC(210) Phase 5: Reset Metadata
[98.204s][info][gc,phases      ] GC(210) Phase 5: Reset Metadata 1.653ms
[98.213s][info][gc,heap        ] GC(210) Eden regions: 1->0(102)
[98.213s][info][gc,heap        ] GC(210) Survivor regions: 0->0(0)
[98.213s][info][gc,heap        ] GC(210) Old regions: 4->4
[98.213s][info][gc,heap        ] GC(210) Humongous regions: 0->0
[98.213s][info][gc,metaspace   ] GC(210) Metaspace: 618K(960K)->618K(960K) NonClass: 578K(768K)->578K(768K) Class: 40K(192K)->40K(192K)
[98.213s][info][gc             ] GC(210) Pause Full (System.gc()) 3M->1M(8192M) 16.533ms
[98.213s][info][gc,cpu         ] GC(210) User=0.03s Sys=0.01s Real=0.02s
[98.668s][info][gc,start       ] GC(211) Pause Full (System.gc())
[98.668s][info][gc,task        ] GC(211) Using 5 workers of 10 for full compaction
[98.668s][info][gc,phases,start] GC(211) Phase 1: Mark live objects
[98.673s][info][gc,phases      ] GC(211) Phase 1: Mark live objects 4.602ms
[98.673s][info][gc,phases,start] GC(211) Phase 2: Prepare compaction
[98.674s][info][gc,phases      ] GC(211) Phase 2: Prepare compaction 0.947ms
[98.674s][info][gc,phases,start] GC(211) Phase 3: Adjust pointers
[98.677s][info][gc,phases      ] GC(211) Phase 3: Adjust pointers 2.430ms
[98.677s][info][gc,phases,start] GC(211) Phase 4: Compact heap
[98.677s][info][gc,phases      ] GC(211) Phase 4: Compact heap 0.452ms
[98.677s][info][gc,phases,start] GC(211) Phase 5: Reset Metadata
[98.679s][info][gc,phases      ] GC(211) Phase 5: Reset Metadata 1.656ms
[98.686s][info][gc,heap        ] GC(211) Eden regions: 1->0(102)
[98.686s][info][gc,heap        ] GC(211) Survivor regions: 0->0(0)
[98.686s][info][gc,heap        ] GC(211) Old regions: 4->4
[98.686s][info][gc,heap        ] GC(211) Humongous regions: 0->0
[98.686s][info][gc,metaspace   ] GC(211) Metaspace: 623K(960K)->622K(960K) NonClass: 581K(768K)->580K(768K) Class: 42K(192K)->41K(192K)
[98.686s][info][gc             ] GC(211) Pause Full (System.gc()) 3M->1M(8192M) 18.216ms
[98.686s][info][gc,cpu         ] GC(211) User=0.03s Sys=0.00s Real=0.01s
[99.144s][info][gc,start       ] GC(212) Pause Full (System.gc())
[99.144s][info][gc,task        ] GC(212) Using 5 workers of 10 for full compaction
[99.144s][info][gc,phases,start] GC(212) Phase 1: Mark live objects
[99.150s][info][gc,phases      ] GC(212) Phase 1: Mark live objects 5.872ms
[99.150s][info][gc,phases,start] GC(212) Phase 2: Prepare compaction
[99.152s][info][gc,phases      ] GC(212) Phase 2: Prepare compaction 1.704ms
[99.152s][info][gc,phases,start] GC(212) Phase 3: Adjust pointers
[99.154s][info][gc,phases      ] GC(212) Phase 3: Adjust pointers 2.280ms
[99.154s][info][gc,phases,start] GC(212) Phase 4: Compact heap
[99.155s][info][gc,phases      ] GC(212) Phase 4: Compact heap 0.530ms
[99.155s][info][gc,phases,start] GC(212) Phase 5: Reset Metadata
[99.156s][info][gc,phases      ] GC(212) Phase 5: Reset Metadata 1.660ms
[99.168s][info][gc,heap        ] GC(212) Eden regions: 1->0(102)
[99.168s][info][gc,heap        ] GC(212) Survivor regions: 0->0(0)
[99.168s][info][gc,heap        ] GC(212) Old regions: 4->4
[99.168s][info][gc,heap        ] GC(212) Humongous regions: 0->0
[99.168s][info][gc,metaspace   ] GC(212) Metaspace: 627K(960K)->626K(960K) NonClass: 584K(768K)->583K(768K) Class: 42K(192K)->42K(192K)
[99.168s][info][gc             ] GC(212) Pause Full (System.gc()) 3M->1M(8192M) 24.443ms
[99.168s][info][gc,cpu         ] GC(212) User=0.05s Sys=0.00s Real=0.03s
[99.621s][info][gc,start       ] GC(213) Pause Full (System.gc())
[99.622s][info][gc,task        ] GC(213) Using 5 workers of 10 for full compaction
[99.622s][info][gc,phases,start] GC(213) Phase 1: Mark live objects
[99.625s][info][gc,phases      ] GC(213) Phase 1: Mark live objects 3.366ms
[99.625s][info][gc,phases,start] GC(213) Phase 2: Prepare compaction
[99.626s][info][gc,phases      ] GC(213) Phase 2: Prepare compaction 0.593ms
[99.626s][info][gc,phases,start] GC(213) Phase 3: Adjust pointers
[99.627s][info][gc,phases      ] GC(213) Phase 3: Adjust pointers 0.970ms
[99.627s][info][gc,phases,start] GC(213) Phase 4: Compact heap
[99.627s][info][gc,phases      ] GC(213) Phase 4: Compact heap 0.527ms
[99.627s][info][gc,phases,start] GC(213) Phase 5: Reset Metadata
[99.629s][info][gc,phases      ] GC(213) Phase 5: Reset Metadata 1.943ms
[99.639s][info][gc,heap        ] GC(213) Eden regions: 1->0(102)
[99.639s][info][gc,heap        ] GC(213) Survivor regions: 0->0(0)
[99.639s][info][gc,heap        ] GC(213) Old regions: 4->4
[99.639s][info][gc,heap        ] GC(213) Humongous regions: 0->0
[99.639s][info][gc,metaspace   ] GC(213) Metaspace: 633K(960K)->632K(960K) NonClass: 589K(768K)->588K(768K) Class: 44K(192K)->43K(192K)
[99.639s][info][gc             ] GC(213) Pause Full (System.gc()) 3M->1M(8192M) 17.861ms
[99.639s][info][gc,cpu         ] GC(213) User=0.04s Sys=0.01s Real=0.02s
[100.097s][info][gc,start       ] GC(214) Pause Full (System.gc())
[100.097s][info][gc,task        ] GC(214) Using 5 workers of 10 for full compaction
[100.097s][info][gc,phases,start] GC(214) Phase 1: Mark live objects
[100.102s][info][gc,phases      ] GC(214) Phase 1: Mark live objects 4.170ms
[100.102s][info][gc,phases,start] GC(214) Phase 2: Prepare compaction
[100.102s][info][gc,phases      ] GC(214) Phase 2: Prepare compaction 0.834ms
[100.103s][info][gc,phases,start] GC(214) Phase 3: Adjust pointers
[100.104s][info][gc,phases      ] GC(214) Phase 3: Adjust pointers 1.665ms
[100.104s][info][gc,phases,start] GC(214) Phase 4: Compact heap
[100.105s][info][gc,phases      ] GC(214) Phase 4: Compact heap 0.762ms
[100.105s][info][gc,phases,start] GC(214) Phase 5: Reset Metadata
[100.107s][info][gc,phases      ] GC(214) Phase 5: Reset Metadata 1.769ms
[100.116s][info][gc,heap        ] GC(214) Eden regions: 1->0(102)
[100.116s][info][gc,heap        ] GC(214) Survivor regions: 0->0(0)
[100.116s][info][gc,heap        ] GC(214) Old regions: 4->4
[100.116s][info][gc,heap        ] GC(214) Humongous regions: 0->0
[100.116s][info][gc,metaspace   ] GC(214) Metaspace: 639K(960K)->638K(960K) NonClass: 593K(768K)->593K(768K) Class: 45K(192K)->44K(192K)
[100.116s][info][gc             ] GC(214) Pause Full (System.gc()) 5M->1M(8192M) 19.141ms
[100.116s][info][gc,cpu         ] GC(214) User=0.05s Sys=0.00s Real=0.01s
[100.570s][info][gc,start       ] GC(215) Pause Full (System.gc())
[100.570s][info][gc,task        ] GC(215) Using 5 workers of 10 for full compaction
[100.570s][info][gc,phases,start] GC(215) Phase 1: Mark live objects
[100.573s][info][gc,phases      ] GC(215) Phase 1: Mark live objects 3.249ms
[100.573s][info][gc,phases,start] GC(215) Phase 2: Prepare compaction
[100.574s][info][gc,phases      ] GC(215) Phase 2: Prepare compaction 0.790ms
[100.574s][info][gc,phases,start] GC(215) Phase 3: Adjust pointers
[100.576s][info][gc,phases      ] GC(215) Phase 3: Adjust pointers 1.234ms
[100.576s][info][gc,phases,start] GC(215) Phase 4: Compact heap
[100.576s][info][gc,phases      ] GC(215) Phase 4: Compact heap 0.687ms
[100.576s][info][gc,phases,start] GC(215) Phase 5: Reset Metadata
[100.578s][info][gc,phases      ] GC(215) Phase 5: Reset Metadata 1.721ms
[100.588s][info][gc,heap        ] GC(215) Eden regions: 1->0(102)
[100.588s][info][gc,heap        ] GC(215) Survivor regions: 0->0(0)
[100.588s][info][gc,heap        ] GC(215) Old regions: 4->4
[100.588s][info][gc,heap        ] GC(215) Humongous regions: 0->0
[100.588s][info][gc,metaspace   ] GC(215) Metaspace: 643K(960K)->642K(960K) NonClass: 596K(768K)->596K(768K) Class: 46K(192K)->46K(192K)
[100.588s][info][gc             ] GC(215) Pause Full (System.gc()) 3M->1M(8192M) 18.490ms
[100.588s][info][gc,cpu         ] GC(215) User=0.05s Sys=0.00s Real=0.02s
[101.044s][info][gc,start       ] GC(216) Pause Full (System.gc())
[101.044s][info][gc,task        ] GC(216) Using 5 workers of 10 for full compaction
[101.044s][info][gc,phases,start] GC(216) Phase 1: Mark live objects
[101.047s][info][gc,phases      ] GC(216) Phase 1: Mark live objects 2.918ms
[101.047s][info][gc,phases,start] GC(216) Phase 2: Prepare compaction
[101.048s][info][gc,phases      ] GC(216) Phase 2: Prepare compaction 0.786ms
[101.048s][info][gc,phases,start] GC(216) Phase 3: Adjust pointers
[101.049s][info][gc,phases      ] GC(216) Phase 3: Adjust pointers 1.323ms
[101.049s][info][gc,phases,start] GC(216) Phase 4: Compact heap
[101.050s][info][gc,phases      ] GC(216) Phase 4: Compact heap 0.689ms
[101.050s][info][gc,phases,start] GC(216) Phase 5: Reset Metadata
[101.052s][info][gc,phases      ] GC(216) Phase 5: Reset Metadata 1.620ms
[101.061s][info][gc,heap        ] GC(216) Eden regions: 1->0(102)
[101.061s][info][gc,heap        ] GC(216) Survivor regions: 0->0(0)
[101.061s][info][gc,heap        ] GC(216) Old regions: 4->4
[101.061s][info][gc,heap        ] GC(216) Humongous regions: 0->0
[101.061s][info][gc,metaspace   ] GC(216) Metaspace: 647K(960K)->646K(960K) NonClass: 599K(768K)->598K(768K) Class: 47K(192K)->47K(192K)
[101.061s][info][gc             ] GC(216) Pause Full (System.gc()) 3M->1M(8192M) 17.707ms
[101.061s][info][gc,cpu         ] GC(216) User=0.05s Sys=0.00s Real=0.02s
[101.515s][info][gc,start       ] GC(217) Pause Full (System.gc())
[101.515s][info][gc,task        ] GC(217) Using 5 workers of 10 for full compaction
[101.516s][info][gc,phases,start] GC(217) Phase 1: Mark live objects
[101.518s][info][gc,phases      ] GC(217) Phase 1: Mark live objects 2.803ms
[101.518s][info][gc,phases,start] GC(217) Phase 2: Prepare compaction
[101.519s][info][gc,phases      ] GC(217) Phase 2: Prepare compaction 0.814ms
[101.519s][info][gc,phases,start] GC(217) Phase 3: Adjust pointers
[101.521s][info][gc,phases      ] GC(217) Phase 3: Adjust pointers 1.261ms
[101.521s][info][gc,phases,start] GC(217) Phase 4: Compact heap
[101.521s][info][gc,phases      ] GC(217) Phase 4: Compact heap 0.512ms
[101.521s][info][gc,phases,start] GC(217) Phase 5: Reset Metadata
[101.523s][info][gc,phases      ] GC(217) Phase 5: Reset Metadata 1.577ms
[101.533s][info][gc,heap        ] GC(217) Eden regions: 1->0(102)
[101.533s][info][gc,heap        ] GC(217) Survivor regions: 0->0(0)
[101.533s][info][gc,heap        ] GC(217) Old regions: 4->4
[101.533s][info][gc,heap        ] GC(217) Humongous regions: 0->0
[101.533s][info][gc,metaspace   ] GC(217) Metaspace: 651K(960K)->634K(960K) NonClass: 602K(768K)->592K(768K) Class: 49K(192K)->42K(192K)
[101.533s][info][gc             ] GC(217) Pause Full (System.gc()) 3M->1M(8192M) 17.657ms
[101.533s][info][gc,cpu         ] GC(217) User=0.04s Sys=0.00s Real=0.02s
[101.990s][info][gc,start       ] GC(218) Pause Full (System.gc())
[101.990s][info][gc,task        ] GC(218) Using 5 workers of 10 for full compaction
[101.990s][info][gc,phases,start] GC(218) Phase 1: Mark live objects
[101.993s][info][gc,phases      ] GC(218) Phase 1: Mark live objects 2.451ms
[101.993s][info][gc,phases,start] GC(218) Phase 2: Prepare compaction
[101.995s][info][gc,phases      ] GC(218) Phase 2: Prepare compaction 2.237ms
[101.998s][info][gc,phases,start] GC(218) Phase 3: Adjust pointers
[102.000s][info][gc,phases      ] GC(218) Phase 3: Adjust pointers 1.840ms
[102.000s][info][gc,phases,start] GC(218) Phase 4: Compact heap
[102.001s][info][gc,phases      ] GC(218) Phase 4: Compact heap 1.061ms
[102.001s][info][gc,phases,start] GC(218) Phase 5: Reset Metadata
[102.003s][info][gc,phases      ] GC(218) Phase 5: Reset Metadata 1.857ms
[102.013s][info][gc,heap        ] GC(218) Eden regions: 1->0(102)
[102.013s][info][gc,heap        ] GC(218) Survivor regions: 0->0(0)
[102.013s][info][gc,heap        ] GC(218) Old regions: 4->4
[102.013s][info][gc,heap        ] GC(218) Humongous regions: 0->0
[102.013s][info][gc,metaspace   ] GC(218) Metaspace: 639K(960K)->636K(960K) NonClass: 595K(768K)->594K(768K) Class: 43K(192K)->42K(192K)
[102.013s][info][gc             ] GC(218) Pause Full (System.gc()) 3M->1M(8192M) 23.252ms
[102.013s][info][gc,cpu         ] GC(218) User=0.05s Sys=0.00s Real=0.02s
[102.467s][info][gc,start       ] GC(219) Pause Full (System.gc())
[102.467s][info][gc,task        ] GC(219) Using 5 workers of 10 for full compaction
[102.467s][info][gc,phases,start] GC(219) Phase 1: Mark live objects
[102.470s][info][gc,phases      ] GC(219) Phase 1: Mark live objects 2.536ms
[102.470s][info][gc,phases,start] GC(219) Phase 2: Prepare compaction
[102.471s][info][gc,phases      ] GC(219) Phase 2: Prepare compaction 0.778ms
[102.471s][info][gc,phases,start] GC(219) Phase 3: Adjust pointers
[102.472s][info][gc,phases      ] GC(219) Phase 3: Adjust pointers 1.428ms
[102.472s][info][gc,phases,start] GC(219) Phase 4: Compact heap
[102.473s][info][gc,phases      ] GC(219) Phase 4: Compact heap 0.693ms
[102.473s][info][gc,phases,start] GC(219) Phase 5: Reset Metadata
[102.475s][info][gc,phases      ] GC(219) Phase 5: Reset Metadata 1.645ms
[102.485s][info][gc,heap        ] GC(219) Eden regions: 1->0(102)
[102.485s][info][gc,heap        ] GC(219) Survivor regions: 0->0(0)
[102.485s][info][gc,heap        ] GC(219) Old regions: 4->4
[102.485s][info][gc,heap        ] GC(219) Humongous regions: 0->0
[102.485s][info][gc,metaspace   ] GC(219) Metaspace: 641K(960K)->638K(960K) NonClass: 597K(768K)->595K(768K) Class: 44K(192K)->43K(192K)
[102.485s][info][gc             ] GC(219) Pause Full (System.gc()) 3M->1M(8192M) 18.120ms
[102.485s][info][gc,cpu         ] GC(219) User=0.05s Sys=0.00s Real=0.02s
[102.938s][info][gc,start       ] GC(220) Pause Full (System.gc())
[102.938s][info][gc,task        ] GC(220) Using 5 workers of 10 for full compaction
[102.939s][info][gc,phases,start] GC(220) Phase 1: Mark live objects
[102.941s][info][gc,phases      ] GC(220) Phase 1: Mark live objects 2.560ms
[102.941s][info][gc,phases,start] GC(220) Phase 2: Prepare compaction
[102.942s][info][gc,phases      ] GC(220) Phase 2: Prepare compaction 0.783ms
[102.942s][info][gc,phases,start] GC(220) Phase 3: Adjust pointers
[102.944s][info][gc,phases      ] GC(220) Phase 3: Adjust pointers 1.337ms
[102.944s][info][gc,phases,start] GC(220) Phase 4: Compact heap
[102.944s][info][gc,phases      ] GC(220) Phase 4: Compact heap 0.693ms
[102.944s][info][gc,phases,start] GC(220) Phase 5: Reset Metadata
[102.946s][info][gc,phases      ] GC(220) Phase 5: Reset Metadata 1.769ms
[102.956s][info][gc,heap        ] GC(220) Eden regions: 1->0(102)
[102.956s][info][gc,heap        ] GC(220) Survivor regions: 0->0(0)
[102.956s][info][gc,heap        ] GC(220) Old regions: 4->4
[102.956s][info][gc,heap        ] GC(220) Humongous regions: 0->0
[102.956s][info][gc,metaspace   ] GC(220) Metaspace: 643K(960K)->641K(960K) NonClass: 599K(768K)->597K(768K) Class: 44K(192K)->43K(192K)
[102.956s][info][gc             ] GC(220) Pause Full (System.gc()) 3M->1M(8192M) 17.455ms
[102.956s][info][gc,cpu         ] GC(220) User=0.05s Sys=0.01s Real=0.01s
[103.412s][info][gc,start       ] GC(221) Pause Full (System.gc())
[103.412s][info][gc,task        ] GC(221) Using 5 workers of 10 for full compaction
[103.413s][info][gc,phases,start] GC(221) Phase 1: Mark live objects
[103.415s][info][gc,phases      ] GC(221) Phase 1: Mark live objects 2.598ms
[103.415s][info][gc,phases,start] GC(221) Phase 2: Prepare compaction
[103.416s][info][gc,phases      ] GC(221) Phase 2: Prepare compaction 0.778ms
[103.416s][info][gc,phases,start] GC(221) Phase 3: Adjust pointers
[103.418s][info][gc,phases      ] GC(221) Phase 3: Adjust pointers 1.435ms
[103.418s][info][gc,phases,start] GC(221) Phase 4: Compact heap
[103.418s][info][gc,phases      ] GC(221) Phase 4: Compact heap 0.818ms
[103.419s][info][gc,phases,start] GC(221) Phase 5: Reset Metadata
[103.421s][info][gc,phases      ] GC(221) Phase 5: Reset Metadata 2.219ms
[103.430s][info][gc,heap        ] GC(221) Eden regions: 1->0(102)
[103.430s][info][gc,heap        ] GC(221) Survivor regions: 0->0(0)
[103.430s][info][gc,heap        ] GC(221) Old regions: 4->4
[103.430s][info][gc,heap        ] GC(221) Humongous regions: 0->0
[103.430s][info][gc,metaspace   ] GC(221) Metaspace: 646K(960K)->645K(960K) NonClass: 600K(768K)->600K(768K) Class: 45K(192K)->44K(192K)
[103.430s][info][gc             ] GC(221) Pause Full (System.gc()) 3M->1M(8192M) 17.658ms
[103.430s][info][gc,cpu         ] GC(221) User=0.05s Sys=0.00s Real=0.02s
[103.886s][info][gc,start       ] GC(222) Pause Full (System.gc())
[103.886s][info][gc,task        ] GC(222) Using 5 workers of 10 for full compaction
[103.887s][info][gc,phases,start] GC(222) Phase 1: Mark live objects
[103.889s][info][gc,phases      ] GC(222) Phase 1: Mark live objects 2.467ms
[103.889s][info][gc,phases,start] GC(222) Phase 2: Prepare compaction
[103.890s][info][gc,phases      ] GC(222) Phase 2: Prepare compaction 0.853ms
[103.890s][info][gc,phases,start] GC(222) Phase 3: Adjust pointers
[103.892s][info][gc,phases      ] GC(222) Phase 3: Adjust pointers 1.620ms
[103.892s][info][gc,phases,start] GC(222) Phase 4: Compact heap
[103.893s][info][gc,phases      ] GC(222) Phase 4: Compact heap 0.699ms
[103.893s][info][gc,phases,start] GC(222) Phase 5: Reset Metadata
[103.894s][info][gc,phases      ] GC(222) Phase 5: Reset Metadata 1.773ms
[103.904s][info][gc,heap        ] GC(222) Eden regions: 1->0(102)
[103.904s][info][gc,heap        ] GC(222) Survivor regions: 0->0(0)
[103.904s][info][gc,heap        ] GC(222) Old regions: 4->4
[103.904s][info][gc,heap        ] GC(222) Humongous regions: 0->0
[103.904s][info][gc,metaspace   ] GC(222) Metaspace: 650K(960K)->645K(960K) NonClass: 603K(768K)->601K(768K) Class: 46K(192K)->44K(192K)
[103.904s][info][gc             ] GC(222) Pause Full (System.gc()) 3M->1M(8192M) 18.089ms
[103.904s][info][gc,cpu         ] GC(222) User=0.05s Sys=0.00s Real=0.02s
[104.360s][info][gc,start       ] GC(223) Pause Full (System.gc())
[104.360s][info][gc,task        ] GC(223) Using 5 workers of 10 for full compaction
[104.360s][info][gc,phases,start] GC(223) Phase 1: Mark live objects
[104.363s][info][gc,phases      ] GC(223) Phase 1: Mark live objects 2.892ms
[104.363s][info][gc,phases,start] GC(223) Phase 2: Prepare compaction
[104.364s][info][gc,phases      ] GC(223) Phase 2: Prepare compaction 0.793ms
[104.364s][info][gc,phases,start] GC(223) Phase 3: Adjust pointers
[104.365s][info][gc,phases      ] GC(223) Phase 3: Adjust pointers 1.532ms
[104.365s][info][gc,phases,start] GC(223) Phase 4: Compact heap
[104.366s][info][gc,phases      ] GC(223) Phase 4: Compact heap 0.707ms
[104.366s][info][gc,phases,start] GC(223) Phase 5: Reset Metadata
[104.368s][info][gc,phases      ] GC(223) Phase 5: Reset Metadata 1.797ms
[104.378s][info][gc,heap        ] GC(223) Eden regions: 1->0(102)
[104.378s][info][gc,heap        ] GC(223) Survivor regions: 0->0(0)
[104.378s][info][gc,heap        ] GC(223) Old regions: 4->4
[104.378s][info][gc,heap        ] GC(223) Humongous regions: 0->0
[104.378s][info][gc,metaspace   ] GC(223) Metaspace: 650K(960K)->648K(960K) NonClass: 604K(768K)->603K(768K) Class: 46K(192K)->45K(192K)
[104.378s][info][gc             ] GC(223) Pause Full (System.gc()) 3M->1M(8192M) 18.709ms
[104.378s][info][gc,cpu         ] GC(223) User=0.04s Sys=0.01s Real=0.02s
[104.834s][info][gc,start       ] GC(224) Pause Full (System.gc())
[104.834s][info][gc,task        ] GC(224) Using 5 workers of 10 for full compaction
[104.834s][info][gc,phases,start] GC(224) Phase 1: Mark live objects
[104.836s][info][gc,phases      ] GC(224) Phase 1: Mark live objects 1.890ms
[104.836s][info][gc,phases,start] GC(224) Phase 2: Prepare compaction
[104.837s][info][gc,phases      ] GC(224) Phase 2: Prepare compaction 0.780ms
[104.837s][info][gc,phases,start] GC(224) Phase 3: Adjust pointers
[104.838s][info][gc,phases      ] GC(224) Phase 3: Adjust pointers 1.312ms
[104.838s][info][gc,phases,start] GC(224) Phase 4: Compact heap
[104.839s][info][gc,phases      ] GC(224) Phase 4: Compact heap 0.691ms
[104.839s][info][gc,phases,start] GC(224) Phase 5: Reset Metadata
[104.840s][info][gc,phases      ] GC(224) Phase 5: Reset Metadata 1.236ms
[104.846s][info][gc,heap        ] GC(224) Eden regions: 1->0(102)
[104.846s][info][gc,heap        ] GC(224) Survivor regions: 0->0(0)
[104.846s][info][gc,heap        ] GC(224) Old regions: 4->4
[104.846s][info][gc,heap        ] GC(224) Humongous regions: 0->0
[104.846s][info][gc,metaspace   ] GC(224) Metaspace: 653K(960K)->653K(960K) NonClass: 606K(768K)->606K(768K) Class: 46K(192K)->46K(192K)
[104.846s][info][gc             ] GC(224) Pause Full (System.gc()) 3M->1M(8192M) 12.409ms
[104.846s][info][gc,cpu         ] GC(224) User=0.03s Sys=0.00s Real=0.01s
[105.303s][info][gc,start       ] GC(225) Pause Full (System.gc())
[105.303s][info][gc,task        ] GC(225) Using 5 workers of 10 for full compaction
[105.303s][info][gc,phases,start] GC(225) Phase 1: Mark live objects
[105.308s][info][gc,phases      ] GC(225) Phase 1: Mark live objects 4.206ms
[105.308s][info][gc,phases,start] GC(225) Phase 2: Prepare compaction
[105.309s][info][gc,phases      ] GC(225) Phase 2: Prepare compaction 0.787ms
[105.309s][info][gc,phases,start] GC(225) Phase 3: Adjust pointers
[105.310s][info][gc,phases      ] GC(225) Phase 3: Adjust pointers 1.310ms
[105.310s][info][gc,phases,start] GC(225) Phase 4: Compact heap
[105.311s][info][gc,phases      ] GC(225) Phase 4: Compact heap 0.699ms
[105.311s][info][gc,phases,start] GC(225) Phase 5: Reset Metadata
[105.313s][info][gc,phases      ] GC(225) Phase 5: Reset Metadata 1.793ms
[105.322s][info][gc,heap        ] GC(225) Eden regions: 1->0(102)
[105.322s][info][gc,heap        ] GC(225) Survivor regions: 0->0(0)
[105.322s][info][gc,heap        ] GC(225) Old regions: 4->4
[105.322s][info][gc,heap        ] GC(225) Humongous regions: 0->0
[105.322s][info][gc,metaspace   ] GC(225) Metaspace: 658K(960K)->652K(960K) NonClass: 609K(768K)->606K(768K) Class: 48K(192K)->46K(192K)
[105.322s][info][gc             ] GC(225) Pause Full (System.gc()) 3M->1M(8192M) 19.379ms
[105.322s][info][gc,cpu         ] GC(225) User=0.05s Sys=0.00s Real=0.02s
[105.775s][info][gc,start       ] GC(226) Pause Full (System.gc())
[105.776s][info][gc,task        ] GC(226) Using 5 workers of 10 for full compaction
[105.776s][info][gc,phases,start] GC(226) Phase 1: Mark live objects
[105.779s][info][gc,phases      ] GC(226) Phase 1: Mark live objects 2.844ms
[105.779s][info][gc,phases,start] GC(226) Phase 2: Prepare compaction
[105.780s][info][gc,phases      ] GC(226) Phase 2: Prepare compaction 0.841ms
[105.780s][info][gc,phases,start] GC(226) Phase 3: Adjust pointers
[105.781s][info][gc,phases      ] GC(226) Phase 3: Adjust pointers 1.331ms
[105.781s][info][gc,phases,start] GC(226) Phase 4: Compact heap
[105.782s][info][gc,phases      ] GC(226) Phase 4: Compact heap 0.723ms
[105.782s][info][gc,phases,start] GC(226) Phase 5: Reset Metadata
[105.783s][info][gc,phases      ] GC(226) Phase 5: Reset Metadata 1.557ms
[105.793s][info][gc,heap        ] GC(226) Eden regions: 1->0(102)
[105.793s][info][gc,heap        ] GC(226) Survivor regions: 0->0(0)
[105.793s][info][gc,heap        ] GC(226) Old regions: 4->4
[105.793s][info][gc,heap        ] GC(226) Humongous regions: 0->0
[105.793s][info][gc,metaspace   ] GC(226) Metaspace: 657K(960K)->654K(960K) NonClass: 609K(768K)->608K(768K) Class: 47K(192K)->46K(192K)
[105.793s][info][gc             ] GC(226) Pause Full (System.gc()) 3M->1M(8192M) 17.286ms
[105.793s][info][gc,cpu         ] GC(226) User=0.05s Sys=0.00s Real=0.02s
[106.247s][info][gc,start       ] GC(227) Pause Full (System.gc())
[106.248s][info][gc,task        ] GC(227) Using 5 workers of 10 for full compaction
[106.248s][info][gc,phases,start] GC(227) Phase 1: Mark live objects
[106.251s][info][gc,phases      ] GC(227) Phase 1: Mark live objects 2.701ms
[106.251s][info][gc,phases,start] GC(227) Phase 2: Prepare compaction
[106.251s][info][gc,phases      ] GC(227) Phase 2: Prepare compaction 0.806ms
[106.251s][info][gc,phases,start] GC(227) Phase 3: Adjust pointers
[106.253s][info][gc,phases      ] GC(227) Phase 3: Adjust pointers 1.271ms
[106.253s][info][gc,phases,start] GC(227) Phase 4: Compact heap
[106.254s][info][gc,phases      ] GC(227) Phase 4: Compact heap 0.699ms
[106.254s][info][gc,phases,start] GC(227) Phase 5: Reset Metadata
[106.255s][info][gc,phases      ] GC(227) Phase 5: Reset Metadata 1.732ms
[106.267s][info][gc,heap        ] GC(227) Eden regions: 1->0(102)
[106.267s][info][gc,heap        ] GC(227) Survivor regions: 0->0(0)
[106.267s][info][gc,heap        ] GC(227) Old regions: 4->4
[106.267s][info][gc,heap        ] GC(227) Humongous regions: 0->0
[106.267s][info][gc,metaspace   ] GC(227) Metaspace: 659K(960K)->659K(960K) NonClass: 611K(768K)->611K(768K) Class: 48K(192K)->48K(192K)
[106.267s][info][gc             ] GC(227) Pause Full (System.gc()) 3M->1M(8192M) 19.773ms
[106.267s][info][gc,cpu         ] GC(227) User=0.04s Sys=0.00s Real=0.02s
[106.720s][info][gc,start       ] GC(228) Pause Full (System.gc())
[106.720s][info][gc,task        ] GC(228) Using 5 workers of 10 for full compaction
[106.720s][info][gc,phases,start] GC(228) Phase 1: Mark live objects
[106.723s][info][gc,phases      ] GC(228) Phase 1: Mark live objects 2.639ms
[106.723s][info][gc,phases,start] GC(228) Phase 2: Prepare compaction
[106.723s][info][gc,phases      ] GC(228) Phase 2: Prepare compaction 0.799ms
[106.724s][info][gc,phases,start] GC(228) Phase 3: Adjust pointers
[106.725s][info][gc,phases      ] GC(228) Phase 3: Adjust pointers 1.275ms
[106.725s][info][gc,phases,start] GC(228) Phase 4: Compact heap
[106.726s][info][gc,phases      ] GC(228) Phase 4: Compact heap 0.688ms
[106.726s][info][gc,phases,start] GC(228) Phase 5: Reset Metadata
[106.727s][info][gc,phases      ] GC(228) Phase 5: Reset Metadata 1.659ms
[106.737s][info][gc,heap        ] GC(228) Eden regions: 1->0(102)
[106.738s][info][gc,heap        ] GC(228) Survivor regions: 0->0(0)
[106.738s][info][gc,heap        ] GC(228) Old regions: 4->4
[106.738s][info][gc,heap        ] GC(228) Humongous regions: 0->0
[106.738s][info][gc,metaspace   ] GC(228) Metaspace: 665K(960K)->663K(960K) NonClass: 615K(768K)->614K(768K) Class: 49K(192K)->48K(192K)
[106.738s][info][gc             ] GC(228) Pause Full (System.gc()) 3M->1M(8192M) 18.043ms
[106.738s][info][gc,cpu         ] GC(228) User=0.05s Sys=0.00s Real=0.02s
[107.191s][info][gc,start       ] GC(229) Pause Full (System.gc())
[107.191s][info][gc,task        ] GC(229) Using 5 workers of 10 for full compaction
[107.191s][info][gc,phases,start] GC(229) Phase 1: Mark live objects
[107.194s][info][gc,phases      ] GC(229) Phase 1: Mark live objects 2.517ms
[107.194s][info][gc,phases,start] GC(229) Phase 2: Prepare compaction
[107.195s][info][gc,phases      ] GC(229) Phase 2: Prepare compaction 0.824ms
[107.195s][info][gc,phases,start] GC(229) Phase 3: Adjust pointers
[107.196s][info][gc,phases      ] GC(229) Phase 3: Adjust pointers 1.425ms
[107.196s][info][gc,phases,start] GC(229) Phase 4: Compact heap
[107.197s][info][gc,phases      ] GC(229) Phase 4: Compact heap 0.885ms
[107.197s][info][gc,phases,start] GC(229) Phase 5: Reset Metadata
[107.200s][info][gc,phases      ] GC(229) Phase 5: Reset Metadata 2.481ms
[107.209s][info][gc,heap        ] GC(229) Eden regions: 1->0(102)
[107.209s][info][gc,heap        ] GC(229) Survivor regions: 0->0(0)
[107.209s][info][gc,heap        ] GC(229) Old regions: 4->4
[107.209s][info][gc,heap        ] GC(229) Humongous regions: 0->0
[107.209s][info][gc,metaspace   ] GC(229) Metaspace: 668K(960K)->667K(960K) NonClass: 617K(768K)->617K(768K) Class: 50K(192K)->50K(192K)
[107.209s][info][gc             ] GC(229) Pause Full (System.gc()) 3M->1M(8192M) 18.327ms
[107.209s][info][gc,cpu         ] GC(229) User=0.05s Sys=0.00s Real=0.02s
[107.661s][info][gc,start       ] GC(230) Pause Full (System.gc())
[107.661s][info][gc,task        ] GC(230) Using 5 workers of 10 for full compaction
[107.662s][info][gc,phases,start] GC(230) Phase 1: Mark live objects
[107.665s][info][gc,phases      ] GC(230) Phase 1: Mark live objects 3.178ms
[107.665s][info][gc,phases,start] GC(230) Phase 2: Prepare compaction
[107.665s][info][gc,phases      ] GC(230) Phase 2: Prepare compaction 0.564ms
[107.665s][info][gc,phases,start] GC(230) Phase 3: Adjust pointers
[107.666s][info][gc,phases      ] GC(230) Phase 3: Adjust pointers 0.816ms
[107.666s][info][gc,phases,start] GC(230) Phase 4: Compact heap
[107.667s][info][gc,phases      ] GC(230) Phase 4: Compact heap 0.372ms
[107.667s][info][gc,phases,start] GC(230) Phase 5: Reset Metadata
[107.668s][info][gc,phases      ] GC(230) Phase 5: Reset Metadata 1.412ms
[107.676s][info][gc,heap        ] GC(230) Eden regions: 1->0(102)
[107.676s][info][gc,heap        ] GC(230) Survivor regions: 0->0(0)
[107.676s][info][gc,heap        ] GC(230) Old regions: 4->4
[107.676s][info][gc,heap        ] GC(230) Humongous regions: 0->0
[107.676s][info][gc,metaspace   ] GC(230) Metaspace: 672K(960K)->672K(960K) NonClass: 620K(768K)->620K(768K) Class: 51K(192K)->51K(192K)
[107.676s][info][gc             ] GC(230) Pause Full (System.gc()) 3M->1M(8192M) 14.488ms
[107.676s][info][gc,cpu         ] GC(230) User=0.03s Sys=0.01s Real=0.01s
[108.133s][info][gc,start       ] GC(231) Pause Full (System.gc())
[108.133s][info][gc,task        ] GC(231) Using 5 workers of 10 for full compaction
[108.133s][info][gc,phases,start] GC(231) Phase 1: Mark live objects
[108.136s][info][gc,phases      ] GC(231) Phase 1: Mark live objects 2.535ms
[108.136s][info][gc,phases,start] GC(231) Phase 2: Prepare compaction
[108.136s][info][gc,phases      ] GC(231) Phase 2: Prepare compaction 0.802ms
[108.137s][info][gc,phases,start] GC(231) Phase 3: Adjust pointers
[108.138s][info][gc,phases      ] GC(231) Phase 3: Adjust pointers 1.349ms
[108.138s][info][gc,phases,start] GC(231) Phase 4: Compact heap
[108.139s][info][gc,phases      ] GC(231) Phase 4: Compact heap 0.691ms
[108.139s][info][gc,phases,start] GC(231) Phase 5: Reset Metadata
[108.140s][info][gc,phases      ] GC(231) Phase 5: Reset Metadata 1.646ms
[108.150s][info][gc,heap        ] GC(231) Eden regions: 1->0(102)
[108.150s][info][gc,heap        ] GC(231) Survivor regions: 0->0(0)
[108.150s][info][gc,heap        ] GC(231) Old regions: 4->4
[108.150s][info][gc,heap        ] GC(231) Humongous regions: 0->0
[108.150s][info][gc,metaspace   ] GC(231) Metaspace: 677K(960K)->675K(960K) NonClass: 623K(768K)->622K(768K) Class: 53K(192K)->52K(192K)
[108.150s][info][gc             ] GC(231) Pause Full (System.gc()) 3M->1M(8192M) 17.172ms
[108.150s][info][gc,cpu         ] GC(231) User=0.05s Sys=0.00s Real=0.02s
[108.603s][info][gc,start       ] GC(232) Pause Full (System.gc())
[108.603s][info][gc,task        ] GC(232) Using 5 workers of 10 for full compaction
[108.603s][info][gc,phases,start] GC(232) Phase 1: Mark live objects
[108.606s][info][gc,phases      ] GC(232) Phase 1: Mark live objects 3.210ms
[108.606s][info][gc,phases,start] GC(232) Phase 2: Prepare compaction
[108.607s][info][gc,phases      ] GC(232) Phase 2: Prepare compaction 0.794ms
[108.607s][info][gc,phases,start] GC(232) Phase 3: Adjust pointers
[108.609s][info][gc,phases      ] GC(232) Phase 3: Adjust pointers 1.264ms
[108.609s][info][gc,phases,start] GC(232) Phase 4: Compact heap
[108.609s][info][gc,phases      ] GC(232) Phase 4: Compact heap 0.687ms
[108.609s][info][gc,phases,start] GC(232) Phase 5: Reset Metadata
[108.612s][info][gc,phases      ] GC(232) Phase 5: Reset Metadata 2.290ms
[108.622s][info][gc,heap        ] GC(232) Eden regions: 1->0(102)
[108.622s][info][gc,heap        ] GC(232) Survivor regions: 0->0(0)
[108.622s][info][gc,heap        ] GC(232) Old regions: 4->4
[108.622s][info][gc,heap        ] GC(232) Humongous regions: 0->0
[108.623s][info][gc,metaspace   ] GC(232) Metaspace: 680K(960K)->679K(960K) NonClass: 626K(768K)->625K(768K) Class: 54K(192K)->53K(192K)
[108.623s][info][gc             ] GC(232) Pause Full (System.gc()) 3M->1M(8192M) 19.809ms
[108.623s][info][gc,cpu         ] GC(232) User=0.05s Sys=0.00s Real=0.02s
[109.079s][info][gc,start       ] GC(233) Pause Full (System.gc())
[109.080s][info][gc,task        ] GC(233) Using 5 workers of 10 for full compaction
[109.080s][info][gc,phases,start] GC(233) Phase 1: Mark live objects
[109.083s][info][gc,phases      ] GC(233) Phase 1: Mark live objects 3.496ms
[109.083s][info][gc,phases,start] GC(233) Phase 2: Prepare compaction
[109.084s][info][gc,phases      ] GC(233) Phase 2: Prepare compaction 0.832ms
[109.084s][info][gc,phases,start] GC(233) Phase 3: Adjust pointers
[109.086s][info][gc,phases      ] GC(233) Phase 3: Adjust pointers 1.329ms
[109.086s][info][gc,phases,start] GC(233) Phase 4: Compact heap
[109.086s][info][gc,phases      ] GC(233) Phase 4: Compact heap 0.706ms
[109.087s][info][gc,phases,start] GC(233) Phase 5: Reset Metadata
[109.088s][info][gc,phases      ] GC(233) Phase 5: Reset Metadata 1.612ms
[109.098s][info][gc,heap        ] GC(233) Eden regions: 1->0(102)
[109.098s][info][gc,heap        ] GC(233) Survivor regions: 0->0(0)
[109.098s][info][gc,heap        ] GC(233) Old regions: 4->4
[109.098s][info][gc,heap        ] GC(233) Humongous regions: 0->0
[109.098s][info][gc,metaspace   ] GC(233) Metaspace: 684K(960K)->683K(960K) NonClass: 628K(768K)->628K(768K) Class: 55K(192K)->55K(192K)
[109.098s][info][gc             ] GC(233) Pause Full (System.gc()) 3M->1M(8192M) 18.491ms
[109.098s][info][gc,cpu         ] GC(233) User=0.05s Sys=0.00s Real=0.02s
[109.552s][info][gc,start       ] GC(234) Pause Full (System.gc())
[109.552s][info][gc,task        ] GC(234) Using 5 workers of 10 for full compaction
[109.552s][info][gc,phases,start] GC(234) Phase 1: Mark live objects
[109.554s][info][gc,phases      ] GC(234) Phase 1: Mark live objects 1.363ms
[109.554s][info][gc,phases,start] GC(234) Phase 2: Prepare compaction
[109.554s][info][gc,phases      ] GC(234) Phase 2: Prepare compaction 0.351ms
[109.554s][info][gc,phases,start] GC(234) Phase 3: Adjust pointers
[109.555s][info][gc,phases      ] GC(234) Phase 3: Adjust pointers 0.542ms
[109.555s][info][gc,phases,start] GC(234) Phase 4: Compact heap
[109.555s][info][gc,phases      ] GC(234) Phase 4: Compact heap 0.284ms
[109.555s][info][gc,phases,start] GC(234) Phase 5: Reset Metadata
[109.557s][info][gc,phases      ] GC(234) Phase 5: Reset Metadata 1.496ms
[109.564s][info][gc,heap        ] GC(234) Eden regions: 1->0(102)
[109.564s][info][gc,heap        ] GC(234) Survivor regions: 0->0(0)
[109.564s][info][gc,heap        ] GC(234) Old regions: 4->4
[109.564s][info][gc,heap        ] GC(234) Humongous regions: 0->0
[109.564s][info][gc,metaspace   ] GC(234) Metaspace: 688K(960K)->688K(960K) NonClass: 631K(768K)->631K(768K) Class: 56K(192K)->56K(192K)
[109.564s][info][gc             ] GC(234) Pause Full (System.gc()) 3M->1M(8192M) 11.613ms
[109.564s][info][gc,cpu         ] GC(234) User=0.03s Sys=0.01s Real=0.01s
[110.021s][info][gc,start       ] GC(235) Pause Full (System.gc())
[110.022s][info][gc,task        ] GC(235) Using 5 workers of 10 for full compaction
[110.022s][info][gc,phases,start] GC(235) Phase 1: Mark live objects
[110.024s][info][gc,phases      ] GC(235) Phase 1: Mark live objects 2.214ms
[110.024s][info][gc,phases,start] GC(235) Phase 2: Prepare compaction
[110.025s][info][gc,phases      ] GC(235) Phase 2: Prepare compaction 0.793ms
[110.025s][info][gc,phases,start] GC(235) Phase 3: Adjust pointers
[110.026s][info][gc,phases      ] GC(235) Phase 3: Adjust pointers 1.319ms
[110.026s][info][gc,phases,start] GC(235) Phase 4: Compact heap
[110.027s][info][gc,phases      ] GC(235) Phase 4: Compact heap 0.698ms
[110.027s][info][gc,phases,start] GC(235) Phase 5: Reset Metadata
[110.029s][info][gc,phases      ] GC(235) Phase 5: Reset Metadata 1.988ms
[110.040s][info][gc,heap        ] GC(235) Eden regions: 1->0(102)
[110.040s][info][gc,heap        ] GC(235) Survivor regions: 0->0(0)
[110.040s][info][gc,heap        ] GC(235) Old regions: 4->4
[110.040s][info][gc,heap        ] GC(235) Humongous regions: 0->0
[110.040s][info][gc,metaspace   ] GC(235) Metaspace: 693K(960K)->693K(960K) NonClass: 635K(768K)->635K(768K) Class: 58K(192K)->58K(192K)
[110.040s][info][gc             ] GC(235) Pause Full (System.gc()) 3M->1M(8192M) 18.549ms
[110.040s][info][gc,cpu         ] GC(235) User=0.05s Sys=0.00s Real=0.02s
[110.497s][info][gc,start       ] GC(236) Pause Full (System.gc())
[110.497s][info][gc,task        ] GC(236) Using 5 workers of 10 for full compaction
[110.497s][info][gc,phases,start] GC(236) Phase 1: Mark live objects
[110.502s][info][gc,phases      ] GC(236) Phase 1: Mark live objects 5.111ms
[110.502s][info][gc,phases,start] GC(236) Phase 2: Prepare compaction
[110.505s][info][gc,phases      ] GC(236) Phase 2: Prepare compaction 3.214ms
[110.506s][info][gc,phases,start] GC(236) Phase 3: Adjust pointers
[110.508s][info][gc,phases      ] GC(236) Phase 3: Adjust pointers 2.789ms
[110.508s][info][gc,phases,start] GC(236) Phase 4: Compact heap
[110.509s][info][gc,phases      ] GC(236) Phase 4: Compact heap 0.725ms
[110.509s][info][gc,phases,start] GC(236) Phase 5: Reset Metadata
[110.511s][info][gc,phases      ] GC(236) Phase 5: Reset Metadata 2.189ms
[110.522s][info][gc,heap        ] GC(236) Eden regions: 1->0(102)
[110.522s][info][gc,heap        ] GC(236) Survivor regions: 0->0(0)
[110.522s][info][gc,heap        ] GC(236) Old regions: 4->4
[110.522s][info][gc,heap        ] GC(236) Humongous regions: 0->0
[110.522s][info][gc,metaspace   ] GC(236) Metaspace: 698K(1024K)->698K(1024K) NonClass: 638K(832K)->638K(832K) Class: 60K(192K)->60K(192K)
[110.522s][info][gc             ] GC(236) Pause Full (System.gc()) 3M->1M(8192M) 25.303ms
[110.522s][info][gc,cpu         ] GC(236) User=0.05s Sys=0.00s Real=0.03s
[110.976s][info][gc,start       ] GC(237) Pause Full (System.gc())
[110.976s][info][gc,task        ] GC(237) Using 5 workers of 10 for full compaction
[110.977s][info][gc,phases,start] GC(237) Phase 1: Mark live objects
[110.979s][info][gc,phases      ] GC(237) Phase 1: Mark live objects 2.325ms
[110.979s][info][gc,phases,start] GC(237) Phase 2: Prepare compaction
[110.980s][info][gc,phases      ] GC(237) Phase 2: Prepare compaction 0.816ms
[110.980s][info][gc,phases,start] GC(237) Phase 3: Adjust pointers
[110.981s][info][gc,phases      ] GC(237) Phase 3: Adjust pointers 1.431ms
[110.981s][info][gc,phases,start] GC(237) Phase 4: Compact heap
[110.982s][info][gc,phases      ] GC(237) Phase 4: Compact heap 0.714ms
[110.982s][info][gc,phases,start] GC(237) Phase 5: Reset Metadata
[110.984s][info][gc,phases      ] GC(237) Phase 5: Reset Metadata 1.733ms
[110.994s][info][gc,heap        ] GC(237) Eden regions: 1->0(102)
[110.994s][info][gc,heap        ] GC(237) Survivor regions: 0->0(0)
[110.994s][info][gc,heap        ] GC(237) Old regions: 4->4
[110.994s][info][gc,heap        ] GC(237) Humongous regions: 0->0
[110.994s][info][gc,metaspace   ] GC(237) Metaspace: 703K(1024K)->703K(1024K) NonClass: 641K(832K)->641K(832K) Class: 62K(192K)->62K(192K)
[110.994s][info][gc             ] GC(237) Pause Full (System.gc()) 3M->1M(8192M) 18.242ms
[110.994s][info][gc,cpu         ] GC(237) User=0.05s Sys=0.00s Real=0.02s
[111.452s][info][gc,start       ] GC(238) Pause Full (System.gc())
[111.452s][info][gc,task        ] GC(238) Using 5 workers of 10 for full compaction
[111.452s][info][gc,phases,start] GC(238) Phase 1: Mark live objects
[111.455s][info][gc,phases      ] GC(238) Phase 1: Mark live objects 2.887ms
[111.455s][info][gc,phases,start] GC(238) Phase 2: Prepare compaction
[111.456s][info][gc,phases      ] GC(238) Phase 2: Prepare compaction 0.802ms
[111.456s][info][gc,phases,start] GC(238) Phase 3: Adjust pointers
[111.458s][info][gc,phases      ] GC(238) Phase 3: Adjust pointers 2.289ms
[111.458s][info][gc,phases,start] GC(238) Phase 4: Compact heap
[111.459s][info][gc,phases      ] GC(238) Phase 4: Compact heap 0.719ms
[111.459s][info][gc,phases,start] GC(238) Phase 5: Reset Metadata
[111.462s][info][gc,phases      ] GC(238) Phase 5: Reset Metadata 2.093ms
[111.472s][info][gc,heap        ] GC(238) Eden regions: 1->0(102)
[111.472s][info][gc,heap        ] GC(238) Survivor regions: 0->0(0)
[111.472s][info][gc,heap        ] GC(238) Old regions: 4->4
[111.472s][info][gc,heap        ] GC(238) Humongous regions: 0->0
[111.472s][info][gc,metaspace   ] GC(238) Metaspace: 708K(1024K)->708K(1024K) NonClass: 644K(832K)->644K(832K) Class: 63K(192K)->63K(192K)
[111.472s][info][gc             ] GC(238) Pause Full (System.gc()) 3M->1M(8192M) 19.872ms
[111.472s][info][gc,cpu         ] GC(238) User=0.04s Sys=0.00s Real=0.02s
[111.927s][info][gc,start       ] GC(239) Pause Full (System.gc())
[111.927s][info][gc,task        ] GC(239) Using 5 workers of 10 for full compaction
[111.927s][info][gc,phases,start] GC(239) Phase 1: Mark live objects
[111.931s][info][gc,phases      ] GC(239) Phase 1: Mark live objects 3.873ms
[111.931s][info][gc,phases,start] GC(239) Phase 2: Prepare compaction
[111.932s][info][gc,phases      ] GC(239) Phase 2: Prepare compaction 0.884ms
[111.932s][info][gc,phases,start] GC(239) Phase 3: Adjust pointers
[111.934s][info][gc,phases      ] GC(239) Phase 3: Adjust pointers 1.141ms
[111.934s][info][gc,phases,start] GC(239) Phase 4: Compact heap
[111.935s][info][gc,phases      ] GC(239) Phase 4: Compact heap 1.045ms
[111.935s][info][gc,phases,start] GC(239) Phase 5: Reset Metadata
[111.937s][info][gc,phases      ] GC(239) Phase 5: Reset Metadata 1.895ms
[111.946s][info][gc,heap        ] GC(239) Eden regions: 1->0(102)
[111.946s][info][gc,heap        ] GC(239) Survivor regions: 0->0(0)
[111.946s][info][gc,heap        ] GC(239) Old regions: 4->4
[111.946s][info][gc,heap        ] GC(239) Humongous regions: 0->0
[111.946s][info][gc,metaspace   ] GC(239) Metaspace: 713K(1024K)->684K(1024K) NonClass: 648K(832K)->631K(832K) Class: 65K(192K)->53K(192K)
[111.946s][info][gc             ] GC(239) Pause Full (System.gc()) 3M->1M(8192M) 19.120ms
[111.946s][info][gc,cpu         ] GC(239) User=0.04s Sys=0.00s Real=0.01s
[112.400s][info][gc,start       ] GC(240) Pause Full (System.gc())
[112.400s][info][gc,task        ] GC(240) Using 5 workers of 10 for full compaction
[112.401s][info][gc,phases,start] GC(240) Phase 1: Mark live objects
[112.403s][info][gc,phases      ] GC(240) Phase 1: Mark live objects 2.571ms
[112.403s][info][gc,phases,start] GC(240) Phase 2: Prepare compaction
[112.404s][info][gc,phases      ] GC(240) Phase 2: Prepare compaction 0.806ms
[112.404s][info][gc,phases,start] GC(240) Phase 3: Adjust pointers
[112.405s][info][gc,phases      ] GC(240) Phase 3: Adjust pointers 1.395ms
[112.405s][info][gc,phases,start] GC(240) Phase 4: Compact heap
[112.406s][info][gc,phases      ] GC(240) Phase 4: Compact heap 0.689ms
[112.406s][info][gc,phases,start] GC(240) Phase 5: Reset Metadata
[112.408s][info][gc,phases      ] GC(240) Phase 5: Reset Metadata 1.784ms
[112.418s][info][gc,heap        ] GC(240) Eden regions: 1->0(102)
[112.418s][info][gc,heap        ] GC(240) Survivor regions: 0->0(0)
[112.418s][info][gc,heap        ] GC(240) Old regions: 4->4
[112.418s][info][gc,heap        ] GC(240) Humongous regions: 0->0
[112.418s][info][gc,metaspace   ] GC(240) Metaspace: 689K(1024K)->687K(1024K) NonClass: 635K(832K)->633K(832K) Class: 54K(192K)->53K(192K)
[112.418s][info][gc             ] GC(240) Pause Full (System.gc()) 3M->1M(8192M) 18.236ms
[112.418s][info][gc,cpu         ] GC(240) User=0.04s Sys=0.00s Real=0.02s
[112.871s][info][gc,start       ] GC(241) Pause Full (System.gc())
[112.871s][info][gc,task        ] GC(241) Using 5 workers of 10 for full compaction
[112.871s][info][gc,phases,start] GC(241) Phase 1: Mark live objects
[112.873s][info][gc,phases      ] GC(241) Phase 1: Mark live objects 1.392ms
[112.873s][info][gc,phases,start] GC(241) Phase 2: Prepare compaction
[112.873s][info][gc,phases      ] GC(241) Phase 2: Prepare compaction 0.422ms
[112.873s][info][gc,phases,start] GC(241) Phase 3: Adjust pointers
[112.874s][info][gc,phases      ] GC(241) Phase 3: Adjust pointers 0.622ms
[112.874s][info][gc,phases,start] GC(241) Phase 4: Compact heap
[112.874s][info][gc,phases      ] GC(241) Phase 4: Compact heap 0.300ms
[112.874s][info][gc,phases,start] GC(241) Phase 5: Reset Metadata
[112.876s][info][gc,phases      ] GC(241) Phase 5: Reset Metadata 1.447ms
[112.885s][info][gc,heap        ] GC(241) Eden regions: 1->0(102)
[112.885s][info][gc,heap        ] GC(241) Survivor regions: 0->0(0)
[112.885s][info][gc,heap        ] GC(241) Old regions: 4->4
[112.885s][info][gc,heap        ] GC(241) Humongous regions: 0->0
[112.885s][info][gc,metaspace   ] GC(241) Metaspace: 692K(1024K)->692K(1024K) NonClass: 636K(832K)->636K(832K) Class: 55K(192K)->55K(192K)
[112.885s][info][gc             ] GC(241) Pause Full (System.gc()) 3M->1M(8192M) 14.513ms
[112.885s][info][gc,cpu         ] GC(241) User=0.04s Sys=0.01s Real=0.01s
[113.339s][info][gc,start       ] GC(242) Pause Full (System.gc())
[113.339s][info][gc,task        ] GC(242) Using 5 workers of 10 for full compaction
[113.340s][info][gc,phases,start] GC(242) Phase 1: Mark live objects
[113.342s][info][gc,phases      ] GC(242) Phase 1: Mark live objects 2.106ms
[113.342s][info][gc,phases,start] GC(242) Phase 2: Prepare compaction
[113.343s][info][gc,phases      ] GC(242) Phase 2: Prepare compaction 0.805ms
[113.343s][info][gc,phases,start] GC(242) Phase 3: Adjust pointers
[113.344s][info][gc,phases      ] GC(242) Phase 3: Adjust pointers 1.335ms
[113.344s][info][gc,phases,start] GC(242) Phase 4: Compact heap
[113.345s][info][gc,phases      ] GC(242) Phase 4: Compact heap 0.788ms
[113.345s][info][gc,phases,start] GC(242) Phase 5: Reset Metadata
[113.347s][info][gc,phases      ] GC(242) Phase 5: Reset Metadata 1.693ms
[113.357s][info][gc,heap        ] GC(242) Eden regions: 1->0(102)
[113.357s][info][gc,heap        ] GC(242) Survivor regions: 0->0(0)
[113.357s][info][gc,heap        ] GC(242) Old regions: 4->4
[113.357s][info][gc,heap        ] GC(242) Humongous regions: 0->0
[113.357s][info][gc,metaspace   ] GC(242) Metaspace: 697K(1024K)->697K(1024K) NonClass: 640K(832K)->640K(832K) Class: 56K(192K)->56K(192K)
[113.357s][info][gc             ] GC(242) Pause Full (System.gc()) 3M->1M(8192M) 18.061ms
[113.357s][info][gc,cpu         ] GC(242) User=0.04s Sys=0.00s Real=0.02s
[113.815s][info][gc,start       ] GC(243) Pause Full (System.gc())
[113.815s][info][gc,task        ] GC(243) Using 5 workers of 10 for full compaction
[113.815s][info][gc,phases,start] GC(243) Phase 1: Mark live objects
[113.820s][info][gc,phases      ] GC(243) Phase 1: Mark live objects 4.461ms
[113.820s][info][gc,phases,start] GC(243) Phase 2: Prepare compaction
[113.821s][info][gc,phases      ] GC(243) Phase 2: Prepare compaction 0.926ms
[113.821s][info][gc,phases,start] GC(243) Phase 3: Adjust pointers
[113.822s][info][gc,phases      ] GC(243) Phase 3: Adjust pointers 1.306ms
[113.822s][info][gc,phases,start] GC(243) Phase 4: Compact heap
[113.823s][info][gc,phases      ] GC(243) Phase 4: Compact heap 0.798ms
[113.823s][info][gc,phases,start] GC(243) Phase 5: Reset Metadata
[113.826s][info][gc,phases      ] GC(243) Phase 5: Reset Metadata 2.593ms
[113.838s][info][gc,heap        ] GC(243) Eden regions: 1->0(102)
[113.838s][info][gc,heap        ] GC(243) Survivor regions: 0->0(0)
[113.838s][info][gc,heap        ] GC(243) Old regions: 4->4
[113.838s][info][gc,heap        ] GC(243) Humongous regions: 0->0
[113.838s][info][gc,metaspace   ] GC(243) Metaspace: 702K(1024K)->610K(1024K) NonClass: 643K(832K)->572K(832K) Class: 58K(192K)->37K(192K)
[113.838s][info][gc             ] GC(243) Pause Full (System.gc()) 3M->1M(8192M) 22.784ms
[113.838s][info][gc,cpu         ] GC(243) User=0.05s Sys=0.00s Real=0.03s
[114.292s][info][gc,start       ] GC(244) Pause Full (System.gc())
[114.292s][info][gc,task        ] GC(244) Using 5 workers of 10 for full compaction
[114.292s][info][gc,phases,start] GC(244) Phase 1: Mark live objects
[114.297s][info][gc,phases      ] GC(244) Phase 1: Mark live objects 4.821ms
[114.297s][info][gc,phases,start] GC(244) Phase 2: Prepare compaction
[114.298s][info][gc,phases      ] GC(244) Phase 2: Prepare compaction 0.698ms
[114.298s][info][gc,phases,start] GC(244) Phase 3: Adjust pointers
[114.300s][info][gc,phases      ] GC(244) Phase 3: Adjust pointers 1.865ms
[114.300s][info][gc,phases,start] GC(244) Phase 4: Compact heap
[114.300s][info][gc,phases      ] GC(244) Phase 4: Compact heap 0.503ms
[114.300s][info][gc,phases,start] GC(244) Phase 5: Reset Metadata
[114.302s][info][gc,phases      ] GC(244) Phase 5: Reset Metadata 1.864ms
[114.313s][info][gc,heap        ] GC(244) Eden regions: 1->0(102)
[114.313s][info][gc,heap        ] GC(244) Survivor regions: 0->0(0)
[114.313s][info][gc,heap        ] GC(244) Old regions: 4->4
[114.313s][info][gc,heap        ] GC(244) Humongous regions: 0->0
[114.313s][info][gc,metaspace   ] GC(244) Metaspace: 615K(1024K)->611K(1024K) NonClass: 575K(832K)->573K(832K) Class: 39K(192K)->38K(192K)
[114.313s][info][gc             ] GC(244) Pause Full (System.gc()) 3M->1M(8192M) 20.834ms
[114.313s][info][gc,cpu         ] GC(244) User=0.04s Sys=0.00s Real=0.02s
[114.766s][info][gc,start       ] GC(245) Pause Full (System.gc())
[114.766s][info][gc,task        ] GC(245) Using 5 workers of 10 for full compaction
[114.767s][info][gc,phases,start] GC(245) Phase 1: Mark live objects
[114.770s][info][gc,phases      ] GC(245) Phase 1: Mark live objects 3.831ms
[114.771s][info][gc,phases,start] GC(245) Phase 2: Prepare compaction
[114.771s][info][gc,phases      ] GC(245) Phase 2: Prepare compaction 0.536ms
[114.771s][info][gc,phases,start] GC(245) Phase 3: Adjust pointers
[114.772s][info][gc,phases      ] GC(245) Phase 3: Adjust pointers 1.025ms
[114.772s][info][gc,phases,start] GC(245) Phase 4: Compact heap
[114.773s][info][gc,phases      ] GC(245) Phase 4: Compact heap 0.430ms
[114.773s][info][gc,phases,start] GC(245) Phase 5: Reset Metadata
[114.774s][info][gc,phases      ] GC(245) Phase 5: Reset Metadata 1.301ms
[114.783s][info][gc,heap        ] GC(245) Eden regions: 1->0(102)
[114.783s][info][gc,heap        ] GC(245) Survivor regions: 0->0(0)
[114.783s][info][gc,heap        ] GC(245) Old regions: 4->4
[114.783s][info][gc,heap        ] GC(245) Humongous regions: 0->0
[114.783s][info][gc,metaspace   ] GC(245) Metaspace: 616K(1024K)->613K(1024K) NonClass: 576K(832K)->574K(832K) Class: 40K(192K)->39K(192K)
[114.783s][info][gc             ] GC(245) Pause Full (System.gc()) 3M->1M(8192M) 16.580ms
[114.783s][info][gc,cpu         ] GC(245) User=0.05s Sys=0.01s Real=0.02s
[115.239s][info][gc,start       ] GC(246) Pause Full (System.gc())
[115.239s][info][gc,task        ] GC(246) Using 5 workers of 10 for full compaction
[115.239s][info][gc,phases,start] GC(246) Phase 1: Mark live objects
[115.241s][info][gc,phases      ] GC(246) Phase 1: Mark live objects 2.250ms
[115.242s][info][gc,phases,start] GC(246) Phase 2: Prepare compaction
[115.242s][info][gc,phases      ] GC(246) Phase 2: Prepare compaction 0.450ms
[115.242s][info][gc,phases,start] GC(246) Phase 3: Adjust pointers
[115.243s][info][gc,phases      ] GC(246) Phase 3: Adjust pointers 0.712ms
[115.243s][info][gc,phases,start] GC(246) Phase 4: Compact heap
[115.243s][info][gc,phases      ] GC(246) Phase 4: Compact heap 0.367ms
[115.243s][info][gc,phases,start] GC(246) Phase 5: Reset Metadata
[115.245s][info][gc,phases      ] GC(246) Phase 5: Reset Metadata 1.512ms
[115.254s][info][gc,heap        ] GC(246) Eden regions: 1->0(102)
[115.254s][info][gc,heap        ] GC(246) Survivor regions: 0->0(0)
[115.254s][info][gc,heap        ] GC(246) Old regions: 4->4
[115.254s][info][gc,heap        ] GC(246) Humongous regions: 0->0
[115.254s][info][gc,metaspace   ] GC(246) Metaspace: 618K(1024K)->604K(1024K) NonClass: 577K(832K)->569K(832K) Class: 40K(192K)->35K(192K)
[115.254s][info][gc             ] GC(246) Pause Full (System.gc()) 3M->1M(8192M) 14.869ms
[115.254s][info][gc,cpu         ] GC(246) User=0.04s Sys=0.00s Real=0.01s
[115.706s][info][gc,start       ] GC(247) Pause Full (System.gc())
[115.707s][info][gc,task        ] GC(247) Using 5 workers of 10 for full compaction
[115.707s][info][gc,phases,start] GC(247) Phase 1: Mark live objects
[115.709s][info][gc,phases      ] GC(247) Phase 1: Mark live objects 1.977ms
[115.709s][info][gc,phases,start] GC(247) Phase 2: Prepare compaction
[115.709s][info][gc,phases      ] GC(247) Phase 2: Prepare compaction 0.582ms
[115.709s][info][gc,phases,start] GC(247) Phase 3: Adjust pointers
[115.711s][info][gc,phases      ] GC(247) Phase 3: Adjust pointers 1.107ms
[115.711s][info][gc,phases,start] GC(247) Phase 4: Compact heap
[115.711s][info][gc,phases      ] GC(247) Phase 4: Compact heap 0.556ms
[115.711s][info][gc,phases,start] GC(247) Phase 5: Reset Metadata
[115.713s][info][gc,phases      ] GC(247) Phase 5: Reset Metadata 1.587ms
[115.722s][info][gc,heap        ] GC(247) Eden regions: 1->0(102)
[115.722s][info][gc,heap        ] GC(247) Survivor regions: 0->0(0)
[115.722s][info][gc,heap        ] GC(247) Old regions: 4->4
[115.722s][info][gc,heap        ] GC(247) Humongous regions: 0->0
[115.722s][info][gc,metaspace   ] GC(247) Metaspace: 609K(1024K)->607K(960K) NonClass: 572K(832K)->571K(768K) Class: 37K(192K)->36K(192K)
[115.722s][info][gc             ] GC(247) Pause Full (System.gc()) 3M->1M(8192M) 15.474ms
[115.722s][info][gc,cpu         ] GC(247) User=0.04s Sys=0.00s Real=0.02s
[116.177s][info][gc,start       ] GC(248) Pause Full (System.gc())
[116.177s][info][gc,task        ] GC(248) Using 5 workers of 10 for full compaction
[116.177s][info][gc,phases,start] GC(248) Phase 1: Mark live objects
[116.180s][info][gc,phases      ] GC(248) Phase 1: Mark live objects 2.656ms
[116.180s][info][gc,phases,start] GC(248) Phase 2: Prepare compaction
[116.181s][info][gc,phases      ] GC(248) Phase 2: Prepare compaction 0.843ms
[116.181s][info][gc,phases,start] GC(248) Phase 3: Adjust pointers
[116.182s][info][gc,phases      ] GC(248) Phase 3: Adjust pointers 1.316ms
[116.182s][info][gc,phases,start] GC(248) Phase 4: Compact heap
[116.183s][info][gc,phases      ] GC(248) Phase 4: Compact heap 0.690ms
[116.183s][info][gc,phases,start] GC(248) Phase 5: Reset Metadata
[116.185s][info][gc,phases      ] GC(248) Phase 5: Reset Metadata 1.968ms
[116.194s][info][gc,heap        ] GC(248) Eden regions: 1->0(102)
[116.194s][info][gc,heap        ] GC(248) Survivor regions: 0->0(0)
[116.194s][info][gc,heap        ] GC(248) Old regions: 4->4
[116.194s][info][gc,heap        ] GC(248) Humongous regions: 0->0
[116.194s][info][gc,metaspace   ] GC(248) Metaspace: 612K(960K)->604K(960K) NonClass: 574K(768K)->569K(768K) Class: 37K(192K)->35K(192K)
[116.194s][info][gc             ] GC(248) Pause Full (System.gc()) 3M->1M(8192M) 17.445ms
[116.194s][info][gc,cpu         ] GC(248) User=0.05s Sys=0.01s Real=0.01s
[116.648s][info][gc,start       ] GC(249) Pause Full (System.gc())
[116.648s][info][gc,task        ] GC(249) Using 5 workers of 10 for full compaction
[116.649s][info][gc,phases,start] GC(249) Phase 1: Mark live objects
[116.651s][info][gc,phases      ] GC(249) Phase 1: Mark live objects 2.628ms
[116.651s][info][gc,phases,start] GC(249) Phase 2: Prepare compaction
[116.652s][info][gc,phases      ] GC(249) Phase 2: Prepare compaction 0.795ms
[116.652s][info][gc,phases,start] GC(249) Phase 3: Adjust pointers
[116.654s][info][gc,phases      ] GC(249) Phase 3: Adjust pointers 1.349ms
[116.654s][info][gc,phases,start] GC(249) Phase 4: Compact heap
[116.654s][info][gc,phases      ] GC(249) Phase 4: Compact heap 0.696ms
[116.654s][info][gc,phases,start] GC(249) Phase 5: Reset Metadata
[116.656s][info][gc,phases      ] GC(249) Phase 5: Reset Metadata 1.597ms
[116.668s][info][gc,heap        ] GC(249) Eden regions: 1->0(102)
[116.668s][info][gc,heap        ] GC(249) Survivor regions: 0->0(0)
[116.668s][info][gc,heap        ] GC(249) Old regions: 4->4
[116.668s][info][gc,heap        ] GC(249) Humongous regions: 0->0
[116.668s][info][gc,metaspace   ] GC(249) Metaspace: 609K(960K)->606K(960K) NonClass: 572K(768K)->570K(768K) Class: 37K(192K)->36K(192K)
[116.668s][info][gc             ] GC(249) Pause Full (System.gc()) 3M->1M(8192M) 20.081ms
[116.668s][info][gc,cpu         ] GC(249) User=0.05s Sys=0.00s Real=0.02s
[117.125s][info][gc,start       ] GC(250) Pause Full (System.gc())
[117.125s][info][gc,task        ] GC(250) Using 5 workers of 10 for full compaction
[117.126s][info][gc,phases,start] GC(250) Phase 1: Mark live objects
[117.135s][info][gc,phases      ] GC(250) Phase 1: Mark live objects 8.842ms
[117.135s][info][gc,phases,start] GC(250) Phase 2: Prepare compaction
[117.135s][info][gc,phases      ] GC(250) Phase 2: Prepare compaction 0.666ms
[117.135s][info][gc,phases,start] GC(250) Phase 3: Adjust pointers
[117.136s][info][gc,phases      ] GC(250) Phase 3: Adjust pointers 1.010ms
[117.136s][info][gc,phases,start] GC(250) Phase 4: Compact heap
[117.137s][info][gc,phases      ] GC(250) Phase 4: Compact heap 0.466ms
[117.137s][info][gc,phases,start] GC(250) Phase 5: Reset Metadata
[117.138s][info][gc,phases      ] GC(250) Phase 5: Reset Metadata 1.364ms
[117.143s][info][gc,heap        ] GC(250) Eden regions: 1->0(102)
[117.143s][info][gc,heap        ] GC(250) Survivor regions: 0->0(0)
[117.143s][info][gc,heap        ] GC(250) Old regions: 4->4
[117.143s][info][gc,heap        ] GC(250) Humongous regions: 0->0
[117.143s][info][gc,metaspace   ] GC(250) Metaspace: 611K(960K)->610K(960K) NonClass: 573K(768K)->573K(768K) Class: 37K(192K)->37K(192K)
[117.143s][info][gc             ] GC(250) Pause Full (System.gc()) 3M->1M(8192M) 17.886ms
[117.143s][info][gc,cpu         ] GC(250) User=0.04s Sys=0.00s Real=0.02s
[117.596s][info][gc,start       ] GC(251) Pause Full (System.gc())
[117.596s][info][gc,task        ] GC(251) Using 5 workers of 10 for full compaction
[117.596s][info][gc,phases,start] GC(251) Phase 1: Mark live objects
[117.600s][info][gc,phases      ] GC(251) Phase 1: Mark live objects 3.704ms
[117.600s][info][gc,phases,start] GC(251) Phase 2: Prepare compaction
[117.601s][info][gc,phases      ] GC(251) Phase 2: Prepare compaction 0.581ms
[117.601s][info][gc,phases,start] GC(251) Phase 3: Adjust pointers
[117.602s][info][gc,phases      ] GC(251) Phase 3: Adjust pointers 1.000ms
[117.602s][info][gc,phases,start] GC(251) Phase 4: Compact heap
[117.602s][info][gc,phases      ] GC(251) Phase 4: Compact heap 0.505ms
[117.602s][info][gc,phases,start] GC(251) Phase 5: Reset Metadata
[117.604s][info][gc,phases      ] GC(251) Phase 5: Reset Metadata 1.751ms
[117.614s][info][gc,heap        ] GC(251) Eden regions: 1->0(102)
[117.614s][info][gc,heap        ] GC(251) Survivor regions: 0->0(0)
[117.614s][info][gc,heap        ] GC(251) Old regions: 4->4
[117.614s][info][gc,heap        ] GC(251) Humongous regions: 0->0
[117.614s][info][gc,metaspace   ] GC(251) Metaspace: 615K(960K)->609K(960K) NonClass: 576K(768K)->572K(768K) Class: 39K(192K)->36K(192K)
[117.614s][info][gc             ] GC(251) Pause Full (System.gc()) 3M->1M(8192M) 18.333ms
[117.614s][info][gc,cpu         ] GC(251) User=0.05s Sys=0.00s Real=0.02s
[118.071s][info][gc,start       ] GC(252) Pause Full (System.gc())
[118.072s][info][gc,task        ] GC(252) Using 5 workers of 10 for full compaction
[118.072s][info][gc,phases,start] GC(252) Phase 1: Mark live objects
[118.076s][info][gc,phases      ] GC(252) Phase 1: Mark live objects 4.486ms
[118.076s][info][gc,phases,start] GC(252) Phase 2: Prepare compaction
[118.077s][info][gc,phases      ] GC(252) Phase 2: Prepare compaction 0.708ms
[118.077s][info][gc,phases,start] GC(252) Phase 3: Adjust pointers
[118.078s][info][gc,phases      ] GC(252) Phase 3: Adjust pointers 1.078ms
[118.078s][info][gc,phases,start] GC(252) Phase 4: Compact heap
[118.079s][info][gc,phases      ] GC(252) Phase 4: Compact heap 0.349ms
[118.079s][info][gc,phases,start] GC(252) Phase 5: Reset Metadata
[118.081s][info][gc,phases      ] GC(252) Phase 5: Reset Metadata 1.745ms
[118.089s][info][gc,heap        ] GC(252) Eden regions: 1->0(102)
[118.090s][info][gc,heap        ] GC(252) Survivor regions: 0->0(0)
[118.090s][info][gc,heap        ] GC(252) Old regions: 4->4
[118.090s][info][gc,heap        ] GC(252) Humongous regions: 0->0
[118.090s][info][gc,metaspace   ] GC(252) Metaspace: 614K(960K)->611K(960K) NonClass: 576K(768K)->574K(768K) Class: 38K(192K)->37K(192K)
[118.090s][info][gc             ] GC(252) Pause Full (System.gc()) 3M->1M(8192M) 18.118ms
[118.090s][info][gc,cpu         ] GC(252) User=0.05s Sys=0.00s Real=0.02s
[118.544s][info][gc,start       ] GC(253) Pause Full (System.gc())
[118.544s][info][gc,task        ] GC(253) Using 5 workers of 10 for full compaction
[118.545s][info][gc,phases,start] GC(253) Phase 1: Mark live objects
[118.547s][info][gc,phases      ] GC(253) Phase 1: Mark live objects 2.583ms
[118.547s][info][gc,phases,start] GC(253) Phase 2: Prepare compaction
[118.548s][info][gc,phases      ] GC(253) Phase 2: Prepare compaction 0.786ms
[118.548s][info][gc,phases,start] GC(253) Phase 3: Adjust pointers
[118.550s][info][gc,phases      ] GC(253) Phase 3: Adjust pointers 1.390ms
[118.550s][info][gc,phases,start] GC(253) Phase 4: Compact heap
[118.550s][info][gc,phases      ] GC(253) Phase 4: Compact heap 0.706ms
[118.550s][info][gc,phases,start] GC(253) Phase 5: Reset Metadata
[118.552s][info][gc,phases      ] GC(253) Phase 5: Reset Metadata 1.799ms
[118.562s][info][gc,heap        ] GC(253) Eden regions: 1->0(102)
[118.562s][info][gc,heap        ] GC(253) Survivor regions: 0->0(0)
[118.562s][info][gc,heap        ] GC(253) Old regions: 4->4
[118.562s][info][gc,heap        ] GC(253) Humongous regions: 0->0
[118.562s][info][gc,metaspace   ] GC(253) Metaspace: 616K(960K)->613K(960K) NonClass: 577K(768K)->576K(768K) Class: 38K(192K)->37K(192K)
[118.562s][info][gc             ] GC(253) Pause Full (System.gc()) 3M->1M(8192M) 17.825ms
[118.562s][info][gc,cpu         ] GC(253) User=0.05s Sys=0.00s Real=0.02s
[119.019s][info][gc,start       ] GC(254) Pause Full (System.gc())
[119.019s][info][gc,task        ] GC(254) Using 5 workers of 10 for full compaction
[119.019s][info][gc,phases,start] GC(254) Phase 1: Mark live objects
[119.023s][info][gc,phases      ] GC(254) Phase 1: Mark live objects 3.364ms
[119.023s][info][gc,phases,start] GC(254) Phase 2: Prepare compaction
[119.024s][info][gc,phases      ] GC(254) Phase 2: Prepare compaction 0.829ms
[119.024s][info][gc,phases,start] GC(254) Phase 3: Adjust pointers
[119.025s][info][gc,phases      ] GC(254) Phase 3: Adjust pointers 1.410ms
[119.025s][info][gc,phases,start] GC(254) Phase 4: Compact heap
[119.026s][info][gc,phases      ] GC(254) Phase 4: Compact heap 1.007ms
[119.026s][info][gc,phases,start] GC(254) Phase 5: Reset Metadata
[119.028s][info][gc,phases      ] GC(254) Phase 5: Reset Metadata 1.684ms
[119.038s][info][gc,heap        ] GC(254) Eden regions: 1->0(102)
[119.038s][info][gc,heap        ] GC(254) Survivor regions: 0->0(0)
[119.038s][info][gc,heap        ] GC(254) Old regions: 4->4
[119.038s][info][gc,heap        ] GC(254) Humongous regions: 0->0
[119.038s][info][gc,metaspace   ] GC(254) Metaspace: 620K(960K)->619K(960K) NonClass: 580K(768K)->580K(768K) Class: 39K(192K)->38K(192K)
[119.038s][info][gc             ] GC(254) Pause Full (System.gc()) 3M->1M(8192M) 19.026ms
[119.038s][info][gc,cpu         ] GC(254) User=0.05s Sys=0.00s Real=0.02s
[119.495s][info][gc,start       ] GC(255) Pause Full (System.gc())
[119.495s][info][gc,task        ] GC(255) Using 5 workers of 10 for full compaction
[119.495s][info][gc,phases,start] GC(255) Phase 1: Mark live objects
[119.500s][info][gc,phases      ] GC(255) Phase 1: Mark live objects 4.407ms
[119.500s][info][gc,phases,start] GC(255) Phase 2: Prepare compaction
[119.502s][info][gc,phases      ] GC(255) Phase 2: Prepare compaction 1.971ms
[119.502s][info][gc,phases,start] GC(255) Phase 3: Adjust pointers
[119.503s][info][gc,phases      ] GC(255) Phase 3: Adjust pointers 1.362ms
[119.503s][info][gc,phases,start] GC(255) Phase 4: Compact heap
[119.504s][info][gc,phases      ] GC(255) Phase 4: Compact heap 0.705ms
[119.504s][info][gc,phases,start] GC(255) Phase 5: Reset Metadata
[119.507s][info][gc,phases      ] GC(255) Phase 5: Reset Metadata 2.971ms
[119.518s][info][gc,heap        ] GC(255) Eden regions: 1->0(102)
[119.518s][info][gc,heap        ] GC(255) Survivor regions: 0->0(0)
[119.518s][info][gc,heap        ] GC(255) Old regions: 4->4
[119.518s][info][gc,heap        ] GC(255) Humongous regions: 0->0
[119.518s][info][gc,metaspace   ] GC(255) Metaspace: 624K(960K)->623K(960K) NonClass: 583K(768K)->583K(768K) Class: 40K(192K)->39K(192K)
[119.518s][info][gc             ] GC(255) Pause Full (System.gc()) 3M->1M(8192M) 23.449ms
[119.518s][info][gc,cpu         ] GC(255) User=0.05s Sys=0.01s Real=0.03s
[119.974s][info][gc,start       ] GC(256) Pause Full (System.gc())
[119.974s][info][gc,task        ] GC(256) Using 5 workers of 10 for full compaction
[119.975s][info][gc,phases,start] GC(256) Phase 1: Mark live objects
[119.978s][info][gc,phases      ] GC(256) Phase 1: Mark live objects 3.740ms
[119.978s][info][gc,phases,start] GC(256) Phase 2: Prepare compaction
[119.979s][info][gc,phases      ] GC(256) Phase 2: Prepare compaction 0.818ms
[119.979s][info][gc,phases,start] GC(256) Phase 3: Adjust pointers
[119.981s][info][gc,phases      ] GC(256) Phase 3: Adjust pointers 1.466ms
[119.981s][info][gc,phases,start] GC(256) Phase 4: Compact heap
[119.982s][info][gc,phases      ] GC(256) Phase 4: Compact heap 0.807ms
[119.982s][info][gc,phases,start] GC(256) Phase 5: Reset Metadata
[119.984s][info][gc,phases      ] GC(256) Phase 5: Reset Metadata 2.193ms
[119.994s][info][gc,heap        ] GC(256) Eden regions: 1->0(102)
[119.994s][info][gc,heap        ] GC(256) Survivor regions: 0->0(0)
[119.994s][info][gc,heap        ] GC(256) Old regions: 4->4
[119.994s][info][gc,heap        ] GC(256) Humongous regions: 0->0
[119.994s][info][gc,metaspace   ] GC(256) Metaspace: 641K(960K)->635K(960K) NonClass: 599K(768K)->595K(768K) Class: 42K(192K)->39K(192K)
[119.994s][info][gc             ] GC(256) Pause Full (System.gc()) 5M->1M(8192M) 20.026ms
[119.994s][info][gc,cpu         ] GC(256) User=0.05s Sys=0.00s Real=0.02s
[120.450s][info][gc,start       ] GC(257) Pause Full (System.gc())
[120.450s][info][gc,task        ] GC(257) Using 5 workers of 10 for full compaction
[120.451s][info][gc,phases,start] GC(257) Phase 1: Mark live objects
[120.454s][info][gc,phases      ] GC(257) Phase 1: Mark live objects 3.732ms
[120.454s][info][gc,phases,start] GC(257) Phase 2: Prepare compaction
[120.455s][info][gc,phases      ] GC(257) Phase 2: Prepare compaction 0.808ms
[120.455s][info][gc,phases,start] GC(257) Phase 3: Adjust pointers
[120.457s][info][gc,phases      ] GC(257) Phase 3: Adjust pointers 1.453ms
[120.457s][info][gc,phases,start] GC(257) Phase 4: Compact heap
[120.458s][info][gc,phases      ] GC(257) Phase 4: Compact heap 0.705ms
[120.458s][info][gc,phases,start] GC(257) Phase 5: Reset Metadata
[120.460s][info][gc,phases      ] GC(257) Phase 5: Reset Metadata 2.115ms
[120.471s][info][gc,heap        ] GC(257) Eden regions: 1->0(102)
[120.471s][info][gc,heap        ] GC(257) Survivor regions: 0->0(0)
[120.471s][info][gc,heap        ] GC(257) Old regions: 4->4
[120.471s][info][gc,heap        ] GC(257) Humongous regions: 0->0
[120.471s][info][gc,metaspace   ] GC(257) Metaspace: 640K(960K)->637K(960K) NonClass: 599K(768K)->597K(768K) Class: 41K(192K)->40K(192K)
[120.471s][info][gc             ] GC(257) Pause Full (System.gc()) 5M->1M(8192M) 20.932ms
[120.471s][info][gc,cpu         ] GC(257) User=0.05s Sys=0.00s Real=0.02s
[120.928s][info][gc,start       ] GC(258) Pause Full (System.gc())
[120.928s][info][gc,task        ] GC(258) Using 5 workers of 10 for full compaction
[120.929s][info][gc,phases,start] GC(258) Phase 1: Mark live objects
[120.933s][info][gc,phases      ] GC(258) Phase 1: Mark live objects 4.362ms
[120.933s][info][gc,phases,start] GC(258) Phase 2: Prepare compaction
[120.935s][info][gc,phases      ] GC(258) Phase 2: Prepare compaction 2.344ms
[120.936s][info][gc,phases,start] GC(258) Phase 3: Adjust pointers
[120.937s][info][gc,phases      ] GC(258) Phase 3: Adjust pointers 1.279ms
[120.937s][info][gc,phases,start] GC(258) Phase 4: Compact heap
[120.937s][info][gc,phases      ] GC(258) Phase 4: Compact heap 0.566ms
[120.937s][info][gc,phases,start] GC(258) Phase 5: Reset Metadata
[120.940s][info][gc,phases      ] GC(258) Phase 5: Reset Metadata 2.298ms
[120.951s][info][gc,heap        ] GC(258) Eden regions: 1->0(102)
[120.951s][info][gc,heap        ] GC(258) Survivor regions: 0->0(0)
[120.951s][info][gc,heap        ] GC(258) Old regions: 4->4
[120.951s][info][gc,heap        ] GC(258) Humongous regions: 0->0
[120.951s][info][gc,metaspace   ] GC(258) Metaspace: 642K(960K)->641K(960K) NonClass: 600K(768K)->600K(768K) Class: 41K(192K)->41K(192K)
[120.951s][info][gc             ] GC(258) Pause Full (System.gc()) 3M->1M(8192M) 23.067ms
[120.951s][info][gc,cpu         ] GC(258) User=0.05s Sys=0.00s Real=0.02s
[121.403s][info][gc,start       ] GC(259) Pause Full (System.gc())
[121.404s][info][gc,task        ] GC(259) Using 5 workers of 10 for full compaction
[121.404s][info][gc,phases,start] GC(259) Phase 1: Mark live objects
[121.408s][info][gc,phases      ] GC(259) Phase 1: Mark live objects 4.033ms
[121.408s][info][gc,phases,start] GC(259) Phase 2: Prepare compaction
[121.408s][info][gc,phases      ] GC(259) Phase 2: Prepare compaction 0.383ms
[121.408s][info][gc,phases,start] GC(259) Phase 3: Adjust pointers
[121.409s][info][gc,phases      ] GC(259) Phase 3: Adjust pointers 0.833ms
[121.409s][info][gc,phases,start] GC(259) Phase 4: Compact heap
[121.410s][info][gc,phases      ] GC(259) Phase 4: Compact heap 0.355ms
[121.410s][info][gc,phases,start] GC(259) Phase 5: Reset Metadata
[121.412s][info][gc,phases      ] GC(259) Phase 5: Reset Metadata 2.296ms
[121.423s][info][gc,heap        ] GC(259) Eden regions: 1->0(102)
[121.423s][info][gc,heap        ] GC(259) Survivor regions: 0->0(0)
[121.423s][info][gc,heap        ] GC(259) Old regions: 4->4
[121.423s][info][gc,heap        ] GC(259) Humongous regions: 0->0
[121.423s][info][gc,metaspace   ] GC(259) Metaspace: 646K(960K)->646K(960K) NonClass: 603K(768K)->603K(768K) Class: 43K(192K)->43K(192K)
[121.423s][info][gc             ] GC(259) Pause Full (System.gc()) 3M->1M(8192M) 19.572ms
[121.423s][info][gc,cpu         ] GC(259) User=0.04s Sys=0.00s Real=0.02s
[121.879s][info][gc,start       ] GC(260) Pause Full (System.gc())
[121.879s][info][gc,task        ] GC(260) Using 5 workers of 10 for full compaction
[121.880s][info][gc,phases,start] GC(260) Phase 1: Mark live objects
[121.883s][info][gc,phases      ] GC(260) Phase 1: Mark live objects 3.626ms
[121.883s][info][gc,phases,start] GC(260) Phase 2: Prepare compaction
[121.885s][info][gc,phases      ] GC(260) Phase 2: Prepare compaction 1.700ms
[121.885s][info][gc,phases,start] GC(260) Phase 3: Adjust pointers
[121.886s][info][gc,phases      ] GC(260) Phase 3: Adjust pointers 1.396ms
[121.886s][info][gc,phases,start] GC(260) Phase 4: Compact heap
[121.887s][info][gc,phases      ] GC(260) Phase 4: Compact heap 0.461ms
[121.887s][info][gc,phases,start] GC(260) Phase 5: Reset Metadata
[121.888s][info][gc,phases      ] GC(260) Phase 5: Reset Metadata 1.461ms
[121.898s][info][gc,heap        ] GC(260) Eden regions: 1->0(102)
[121.898s][info][gc,heap        ] GC(260) Survivor regions: 0->0(0)
[121.898s][info][gc,heap        ] GC(260) Old regions: 4->4
[121.898s][info][gc,heap        ] GC(260) Humongous regions: 0->0
[121.898s][info][gc,metaspace   ] GC(260) Metaspace: 651K(960K)->650K(960K) NonClass: 607K(768K)->606K(768K) Class: 44K(192K)->43K(192K)
[121.898s][info][gc             ] GC(260) Pause Full (System.gc()) 3M->1M(8192M) 18.893ms
[121.898s][info][gc,cpu         ] GC(260) User=0.03s Sys=0.00s Real=0.02s
[122.354s][info][gc,start       ] GC(261) Pause Full (System.gc())
[122.354s][info][gc,task        ] GC(261) Using 5 workers of 10 for full compaction
[122.354s][info][gc,phases,start] GC(261) Phase 1: Mark live objects
[122.359s][info][gc,phases      ] GC(261) Phase 1: Mark live objects 4.848ms
[122.359s][info][gc,phases,start] GC(261) Phase 2: Prepare compaction
[122.360s][info][gc,phases      ] GC(261) Phase 2: Prepare compaction 1.029ms
[122.360s][info][gc,phases,start] GC(261) Phase 3: Adjust pointers
[122.362s][info][gc,phases      ] GC(261) Phase 3: Adjust pointers 1.280ms
[122.362s][info][gc,phases,start] GC(261) Phase 4: Compact heap
[122.363s][info][gc,phases      ] GC(261) Phase 4: Compact heap 0.730ms
[122.363s][info][gc,phases,start] GC(261) Phase 5: Reset Metadata
[122.364s][info][gc,phases      ] GC(261) Phase 5: Reset Metadata 1.194ms
[122.370s][info][gc,heap        ] GC(261) Eden regions: 1->0(102)
[122.370s][info][gc,heap        ] GC(261) Survivor regions: 0->0(0)
[122.370s][info][gc,heap        ] GC(261) Old regions: 4->4
[122.370s][info][gc,heap        ] GC(261) Humongous regions: 0->0
[122.370s][info][gc,metaspace   ] GC(261) Metaspace: 655K(960K)->654K(960K) NonClass: 609K(768K)->609K(768K) Class: 45K(192K)->45K(192K)
[122.370s][info][gc             ] GC(261) Pause Full (System.gc()) 3M->1M(8192M) 15.790ms
[122.370s][info][gc,cpu         ] GC(261) User=0.03s Sys=0.01s Real=0.02s
[122.826s][info][gc,start       ] GC(262) Pause Full (System.gc())
[122.826s][info][gc,task        ] GC(262) Using 5 workers of 10 for full compaction
[122.826s][info][gc,phases,start] GC(262) Phase 1: Mark live objects
[122.829s][info][gc,phases      ] GC(262) Phase 1: Mark live objects 3.241ms
[122.830s][info][gc,phases,start] GC(262) Phase 2: Prepare compaction
[122.830s][info][gc,phases      ] GC(262) Phase 2: Prepare compaction 0.778ms
[122.830s][info][gc,phases,start] GC(262) Phase 3: Adjust pointers
[122.832s][info][gc,phases      ] GC(262) Phase 3: Adjust pointers 1.659ms
[122.832s][info][gc,phases,start] GC(262) Phase 4: Compact heap
[122.833s][info][gc,phases      ] GC(262) Phase 4: Compact heap 0.587ms
[122.833s][info][gc,phases,start] GC(262) Phase 5: Reset Metadata
[122.836s][info][gc,phases      ] GC(262) Phase 5: Reset Metadata 2.974ms
[122.846s][info][gc,heap        ] GC(262) Eden regions: 1->0(102)
[122.846s][info][gc,heap        ] GC(262) Survivor regions: 0->0(0)
[122.846s][info][gc,heap        ] GC(262) Old regions: 4->4
[122.846s][info][gc,heap        ] GC(262) Humongous regions: 0->0
[122.846s][info][gc,metaspace   ] GC(262) Metaspace: 659K(960K)->659K(960K) NonClass: 612K(768K)->612K(768K) Class: 46K(192K)->46K(192K)
[122.846s][info][gc             ] GC(262) Pause Full (System.gc()) 3M->1M(8192M) 20.518ms
[122.846s][info][gc,cpu         ] GC(262) User=0.04s Sys=0.00s Real=0.02s
[123.299s][info][gc,start       ] GC(263) Pause Full (System.gc())
[123.299s][info][gc,task        ] GC(263) Using 5 workers of 10 for full compaction
[123.299s][info][gc,phases,start] GC(263) Phase 1: Mark live objects
[123.302s][info][gc,phases      ] GC(263) Phase 1: Mark live objects 3.009ms
[123.302s][info][gc,phases,start] GC(263) Phase 2: Prepare compaction
[123.304s][info][gc,phases      ] GC(263) Phase 2: Prepare compaction 1.285ms
[123.304s][info][gc,phases,start] GC(263) Phase 3: Adjust pointers
[123.305s][info][gc,phases      ] GC(263) Phase 3: Adjust pointers 1.462ms
[123.305s][info][gc,phases,start] GC(263) Phase 4: Compact heap
[123.306s][info][gc,phases      ] GC(263) Phase 4: Compact heap 0.418ms
[123.306s][info][gc,phases,start] GC(263) Phase 5: Reset Metadata
[123.308s][info][gc,phases      ] GC(263) Phase 5: Reset Metadata 1.749ms
[123.318s][info][gc,heap        ] GC(263) Eden regions: 1->0(102)
[123.318s][info][gc,heap        ] GC(263) Survivor regions: 0->0(0)
[123.318s][info][gc,heap        ] GC(263) Old regions: 4->4
[123.318s][info][gc,heap        ] GC(263) Humongous regions: 0->0
[123.318s][info][gc,metaspace   ] GC(263) Metaspace: 664K(960K)->664K(960K) NonClass: 615K(768K)->615K(768K) Class: 48K(192K)->48K(192K)
[123.318s][info][gc             ] GC(263) Pause Full (System.gc()) 3M->1M(8192M) 18.701ms
[123.318s][info][gc,cpu         ] GC(263) User=0.04s Sys=0.00s Real=0.02s
[123.775s][info][gc,start       ] GC(264) Pause Full (System.gc())
[123.775s][info][gc,task        ] GC(264) Using 5 workers of 10 for full compaction
[123.775s][info][gc,phases,start] GC(264) Phase 1: Mark live objects
[123.779s][info][gc,phases      ] GC(264) Phase 1: Mark live objects 3.281ms
[123.779s][info][gc,phases,start] GC(264) Phase 2: Prepare compaction
[123.779s][info][gc,phases      ] GC(264) Phase 2: Prepare compaction 0.652ms
[123.779s][info][gc,phases,start] GC(264) Phase 3: Adjust pointers
[123.781s][info][gc,phases      ] GC(264) Phase 3: Adjust pointers 2.216ms
[123.782s][info][gc,phases,start] GC(264) Phase 4: Compact heap
[123.782s][info][gc,phases      ] GC(264) Phase 4: Compact heap 0.438ms
[123.782s][info][gc,phases,start] GC(264) Phase 5: Reset Metadata
[123.784s][info][gc,phases      ] GC(264) Phase 5: Reset Metadata 2.185ms
[123.791s][info][gc,heap        ] GC(264) Eden regions: 1->0(102)
[123.791s][info][gc,heap        ] GC(264) Survivor regions: 0->0(0)
[123.791s][info][gc,heap        ] GC(264) Old regions: 4->4
[123.791s][info][gc,heap        ] GC(264) Humongous regions: 0->0
[123.791s][info][gc,metaspace   ] GC(264) Metaspace: 669K(960K)->666K(960K) NonClass: 618K(768K)->617K(768K) Class: 50K(192K)->48K(192K)
[123.791s][info][gc             ] GC(264) Pause Full (System.gc()) 3M->1M(8192M) 16.520ms
[123.791s][info][gc,cpu         ] GC(264) User=0.03s Sys=0.00s Real=0.02s
[124.246s][info][gc,start       ] GC(265) Pause Full (System.gc())
[124.246s][info][gc,task        ] GC(265) Using 5 workers of 10 for full compaction
[124.246s][info][gc,phases,start] GC(265) Phase 1: Mark live objects
[124.248s][info][gc,phases      ] GC(265) Phase 1: Mark live objects 1.795ms
[124.248s][info][gc,phases,start] GC(265) Phase 2: Prepare compaction
[124.248s][info][gc,phases      ] GC(265) Phase 2: Prepare compaction 0.438ms
[124.248s][info][gc,phases,start] GC(265) Phase 3: Adjust pointers
[124.249s][info][gc,phases      ] GC(265) Phase 3: Adjust pointers 0.748ms
[124.249s][info][gc,phases,start] GC(265) Phase 4: Compact heap
[124.250s][info][gc,phases      ] GC(265) Phase 4: Compact heap 0.418ms
[124.250s][info][gc,phases,start] GC(265) Phase 5: Reset Metadata
[124.251s][info][gc,phases      ] GC(265) Phase 5: Reset Metadata 1.878ms
[124.261s][info][gc,heap        ] GC(265) Eden regions: 1->0(102)
[124.262s][info][gc,heap        ] GC(265) Survivor regions: 0->0(0)
[124.262s][info][gc,heap        ] GC(265) Old regions: 4->4
[124.262s][info][gc,heap        ] GC(265) Humongous regions: 0->0
[124.262s][info][gc,metaspace   ] GC(265) Metaspace: 671K(960K)->670K(960K) NonClass: 620K(768K)->620K(768K) Class: 50K(192K)->50K(192K)
[124.262s][info][gc             ] GC(265) Pause Full (System.gc()) 3M->1M(8192M) 15.871ms
[124.262s][info][gc,cpu         ] GC(265) User=0.04s Sys=0.01s Real=0.02s
[124.721s][info][gc,start       ] GC(266) Pause Full (System.gc())
[124.721s][info][gc,task        ] GC(266) Using 5 workers of 10 for full compaction
[124.721s][info][gc,phases,start] GC(266) Phase 1: Mark live objects
[124.724s][info][gc,phases      ] GC(266) Phase 1: Mark live objects 2.694ms
[124.724s][info][gc,phases,start] GC(266) Phase 2: Prepare compaction
[124.724s][info][gc,phases      ] GC(266) Phase 2: Prepare compaction 0.593ms
[124.724s][info][gc,phases,start] GC(266) Phase 3: Adjust pointers
[124.725s][info][gc,phases      ] GC(266) Phase 3: Adjust pointers 1.059ms
[124.725s][info][gc,phases,start] GC(266) Phase 4: Compact heap
[124.726s][info][gc,phases      ] GC(266) Phase 4: Compact heap 0.638ms
[124.726s][info][gc,phases,start] GC(266) Phase 5: Reset Metadata
[124.728s][info][gc,phases      ] GC(266) Phase 5: Reset Metadata 1.707ms
[124.739s][info][gc,heap        ] GC(266) Eden regions: 1->0(102)
[124.739s][info][gc,heap        ] GC(266) Survivor regions: 0->0(0)
[124.739s][info][gc,heap        ] GC(266) Old regions: 4->4
[124.739s][info][gc,heap        ] GC(266) Humongous regions: 0->0
[124.739s][info][gc,metaspace   ] GC(266) Metaspace: 675K(960K)->674K(960K) NonClass: 623K(768K)->623K(768K) Class: 51K(192K)->51K(192K)
[124.739s][info][gc             ] GC(266) Pause Full (System.gc()) 3M->1M(8192M) 18.499ms
[124.739s][info][gc,cpu         ] GC(266) User=0.04s Sys=0.00s Real=0.02s
[125.194s][info][gc,start       ] GC(267) Pause Full (System.gc())
[125.194s][info][gc,task        ] GC(267) Using 5 workers of 10 for full compaction
[125.194s][info][gc,phases,start] GC(267) Phase 1: Mark live objects
[125.197s][info][gc,phases      ] GC(267) Phase 1: Mark live objects 2.597ms
[125.197s][info][gc,phases,start] GC(267) Phase 2: Prepare compaction
[125.198s][info][gc,phases      ] GC(267) Phase 2: Prepare compaction 0.826ms
[125.198s][info][gc,phases,start] GC(267) Phase 3: Adjust pointers
[125.200s][info][gc,phases      ] GC(267) Phase 3: Adjust pointers 2.338ms
[125.200s][info][gc,phases,start] GC(267) Phase 4: Compact heap
[125.201s][info][gc,phases      ] GC(267) Phase 4: Compact heap 0.831ms
[125.201s][info][gc,phases,start] GC(267) Phase 5: Reset Metadata
[125.203s][info][gc,phases      ] GC(267) Phase 5: Reset Metadata 1.848ms
[125.213s][info][gc,heap        ] GC(267) Eden regions: 1->0(102)
[125.214s][info][gc,heap        ] GC(267) Survivor regions: 0->0(0)
[125.214s][info][gc,heap        ] GC(267) Old regions: 4->4
[125.214s][info][gc,heap        ] GC(267) Humongous regions: 0->0
[125.214s][info][gc,metaspace   ] GC(267) Metaspace: 679K(960K)->679K(960K) NonClass: 626K(768K)->626K(768K) Class: 53K(192K)->53K(192K)
[125.214s][info][gc             ] GC(267) Pause Full (System.gc()) 3M->1M(8192M) 20.079ms
[125.214s][info][gc,cpu         ] GC(267) User=0.05s Sys=0.00s Real=0.02s
[125.671s][info][gc,start       ] GC(268) Pause Full (System.gc())
[125.671s][info][gc,task        ] GC(268) Using 5 workers of 10 for full compaction
[125.671s][info][gc,phases,start] GC(268) Phase 1: Mark live objects
[125.676s][info][gc,phases      ] GC(268) Phase 1: Mark live objects 4.759ms
[125.676s][info][gc,phases,start] GC(268) Phase 2: Prepare compaction
[125.679s][info][gc,phases      ] GC(268) Phase 2: Prepare compaction 2.385ms
[125.679s][info][gc,phases,start] GC(268) Phase 3: Adjust pointers
[125.681s][info][gc,phases      ] GC(268) Phase 3: Adjust pointers 1.937ms
[125.681s][info][gc,phases,start] GC(268) Phase 4: Compact heap
[125.682s][info][gc,phases      ] GC(268) Phase 4: Compact heap 1.349ms
[125.682s][info][gc,phases,start] GC(268) Phase 5: Reset Metadata
[125.684s][info][gc,phases      ] GC(268) Phase 5: Reset Metadata 1.620ms
[125.695s][info][gc,heap        ] GC(268) Eden regions: 1->0(102)
[125.695s][info][gc,heap        ] GC(268) Survivor regions: 0->0(0)
[125.695s][info][gc,heap        ] GC(268) Old regions: 4->4
[125.695s][info][gc,heap        ] GC(268) Humongous regions: 0->0
[125.695s][info][gc,metaspace   ] GC(268) Metaspace: 684K(960K)->684K(960K) NonClass: 629K(768K)->629K(768K) Class: 54K(192K)->54K(192K)
[125.695s][info][gc             ] GC(268) Pause Full (System.gc()) 3M->1M(8192M) 23.937ms
[125.695s][info][gc,cpu         ] GC(268) User=0.05s Sys=0.00s Real=0.02s
[126.152s][info][gc,start       ] GC(269) Pause Full (System.gc())
[126.152s][info][gc,task        ] GC(269) Using 5 workers of 10 for full compaction
[126.152s][info][gc,phases,start] GC(269) Phase 1: Mark live objects
[126.155s][info][gc,phases      ] GC(269) Phase 1: Mark live objects 2.839ms
[126.155s][info][gc,phases,start] GC(269) Phase 2: Prepare compaction
[126.156s][info][gc,phases      ] GC(269) Phase 2: Prepare compaction 1.017ms
[126.156s][info][gc,phases,start] GC(269) Phase 3: Adjust pointers
[126.158s][info][gc,phases      ] GC(269) Phase 3: Adjust pointers 1.603ms
[126.158s][info][gc,phases,start] GC(269) Phase 4: Compact heap
[126.159s][info][gc,phases      ] GC(269) Phase 4: Compact heap 1.513ms
[126.159s][info][gc,phases,start] GC(269) Phase 5: Reset Metadata
[126.162s][info][gc,phases      ] GC(269) Phase 5: Reset Metadata 2.246ms
[126.170s][info][gc,heap        ] GC(269) Eden regions: 1->0(102)
[126.170s][info][gc,heap        ] GC(269) Survivor regions: 0->0(0)
[126.170s][info][gc,heap        ] GC(269) Old regions: 4->4
[126.170s][info][gc,heap        ] GC(269) Humongous regions: 0->0
[126.170s][info][gc,metaspace   ] GC(269) Metaspace: 689K(960K)->686K(960K) NonClass: 633K(768K)->631K(768K) Class: 56K(192K)->55K(192K)
[126.170s][info][gc             ] GC(269) Pause Full (System.gc()) 3M->1M(8192M) 18.366ms
[126.170s][info][gc,cpu         ] GC(269) User=0.04s Sys=0.01s Real=0.02s
[126.623s][info][gc,start       ] GC(270) Pause Full (System.gc())
[126.623s][info][gc,task        ] GC(270) Using 5 workers of 10 for full compaction
[126.623s][info][gc,phases,start] GC(270) Phase 1: Mark live objects
[126.627s][info][gc,phases      ] GC(270) Phase 1: Mark live objects 4.383ms
[126.627s][info][gc,phases,start] GC(270) Phase 2: Prepare compaction
[126.630s][info][gc,phases      ] GC(270) Phase 2: Prepare compaction 3.049ms
[126.630s][info][gc,phases,start] GC(270) Phase 3: Adjust pointers
[126.632s][info][gc,phases      ] GC(270) Phase 3: Adjust pointers 1.393ms
[126.632s][info][gc,phases,start] GC(270) Phase 4: Compact heap
[126.633s][info][gc,phases      ] GC(270) Phase 4: Compact heap 1.191ms
[126.633s][info][gc,phases,start] GC(270) Phase 5: Reset Metadata
[126.635s][info][gc,phases      ] GC(270) Phase 5: Reset Metadata 2.222ms
[126.645s][info][gc,heap        ] GC(270) Eden regions: 1->0(102)
[126.645s][info][gc,heap        ] GC(270) Survivor regions: 0->0(0)
[126.645s][info][gc,heap        ] GC(270) Old regions: 4->4
[126.645s][info][gc,heap        ] GC(270) Humongous regions: 0->0
[126.645s][info][gc,metaspace   ] GC(270) Metaspace: 691K(960K)->690K(960K) NonClass: 635K(768K)->634K(768K) Class: 56K(192K)->56K(192K)
[126.645s][info][gc             ] GC(270) Pause Full (System.gc()) 3M->1M(8192M) 22.690ms
[126.645s][info][gc,cpu         ] GC(270) User=0.04s Sys=0.00s Real=0.02s
[127.100s][info][gc,start       ] GC(271) Pause Full (System.gc())
[127.101s][info][gc,task        ] GC(271) Using 5 workers of 10 for full compaction
[127.101s][info][gc,phases,start] GC(271) Phase 1: Mark live objects
[127.103s][info][gc,phases      ] GC(271) Phase 1: Mark live objects 2.335ms
[127.103s][info][gc,phases,start] GC(271) Phase 2: Prepare compaction
[127.104s][info][gc,phases      ] GC(271) Phase 2: Prepare compaction 0.829ms
[127.104s][info][gc,phases,start] GC(271) Phase 3: Adjust pointers
[127.107s][info][gc,phases      ] GC(271) Phase 3: Adjust pointers 2.458ms
[127.107s][info][gc,phases,start] GC(271) Phase 4: Compact heap
[127.108s][info][gc,phases      ] GC(271) Phase 4: Compact heap 1.265ms
[127.108s][info][gc,phases,start] GC(271) Phase 5: Reset Metadata
[127.110s][info][gc,phases      ] GC(271) Phase 5: Reset Metadata 1.802ms
[127.120s][info][gc,heap        ] GC(271) Eden regions: 1->0(102)
[127.120s][info][gc,heap        ] GC(271) Survivor regions: 0->0(0)
[127.120s][info][gc,heap        ] GC(271) Old regions: 4->4
[127.120s][info][gc,heap        ] GC(271) Humongous regions: 0->0
[127.120s][info][gc,metaspace   ] GC(271) Metaspace: 695K(960K)->695K(960K) NonClass: 637K(768K)->637K(768K) Class: 58K(192K)->58K(192K)
[127.120s][info][gc             ] GC(271) Pause Full (System.gc()) 3M->1M(8192M) 19.820ms
[127.120s][info][gc,cpu         ] GC(271) User=0.04s Sys=0.00s Real=0.02s
[127.573s][info][gc,start       ] GC(272) Pause Full (System.gc())
[127.573s][info][gc,task        ] GC(272) Using 5 workers of 10 for full compaction
[127.573s][info][gc,phases,start] GC(272) Phase 1: Mark live objects
[127.575s][info][gc,phases      ] GC(272) Phase 1: Mark live objects 1.865ms
[127.575s][info][gc,phases,start] GC(272) Phase 2: Prepare compaction
[127.576s][info][gc,phases      ] GC(272) Phase 2: Prepare compaction 0.458ms
[127.576s][info][gc,phases,start] GC(272) Phase 3: Adjust pointers
[127.577s][info][gc,phases      ] GC(272) Phase 3: Adjust pointers 0.761ms
[127.577s][info][gc,phases,start] GC(272) Phase 4: Compact heap
[127.577s][info][gc,phases      ] GC(272) Phase 4: Compact heap 0.380ms
[127.577s][info][gc,phases,start] GC(272) Phase 5: Reset Metadata
[127.579s][info][gc,phases      ] GC(272) Phase 5: Reset Metadata 1.631ms
[127.589s][info][gc,heap        ] GC(272) Eden regions: 1->0(102)
[127.589s][info][gc,heap        ] GC(272) Survivor regions: 0->0(0)
[127.589s][info][gc,heap        ] GC(272) Old regions: 4->4
[127.589s][info][gc,heap        ] GC(272) Humongous regions: 0->0
[127.589s][info][gc,metaspace   ] GC(272) Metaspace: 700K(960K)->672K(960K) NonClass: 641K(768K)->624K(768K) Class: 59K(192K)->47K(192K)
[127.589s][info][gc             ] GC(272) Pause Full (System.gc()) 3M->1M(8192M) 15.586ms
[127.589s][info][gc,cpu         ] GC(272) User=0.05s Sys=0.01s Real=0.02s
[128.046s][info][gc,start       ] GC(273) Pause Full (System.gc())
[128.046s][info][gc,task        ] GC(273) Using 5 workers of 10 for full compaction
[128.046s][info][gc,phases,start] GC(273) Phase 1: Mark live objects
[128.049s][info][gc,phases      ] GC(273) Phase 1: Mark live objects 2.938ms
[128.049s][info][gc,phases,start] GC(273) Phase 2: Prepare compaction
[128.050s][info][gc,phases      ] GC(273) Phase 2: Prepare compaction 0.474ms
[128.050s][info][gc,phases,start] GC(273) Phase 3: Adjust pointers
[128.051s][info][gc,phases      ] GC(273) Phase 3: Adjust pointers 0.779ms
[128.051s][info][gc,phases,start] GC(273) Phase 4: Compact heap
[128.051s][info][gc,phases      ] GC(273) Phase 4: Compact heap 0.407ms
[128.051s][info][gc,phases,start] GC(273) Phase 5: Reset Metadata
[128.053s][info][gc,phases      ] GC(273) Phase 5: Reset Metadata 1.458ms
[128.063s][info][gc,heap        ] GC(273) Eden regions: 1->0(102)
[128.063s][info][gc,heap        ] GC(273) Survivor regions: 0->0(0)
[128.063s][info][gc,heap        ] GC(273) Old regions: 4->4
[128.063s][info][gc,heap        ] GC(273) Humongous regions: 0->0
[128.063s][info][gc,metaspace   ] GC(273) Metaspace: 677K(960K)->674K(960K) NonClass: 627K(768K)->626K(768K) Class: 49K(192K)->48K(192K)
[128.063s][info][gc             ] GC(273) Pause Full (System.gc()) 3M->1M(8192M) 17.448ms
[128.064s][info][gc,cpu         ] GC(273) User=0.04s Sys=0.00s Real=0.02s
[128.523s][info][gc,start       ] GC(274) Pause Full (System.gc())
[128.523s][info][gc,task        ] GC(274) Using 5 workers of 10 for full compaction
[128.523s][info][gc,phases,start] GC(274) Phase 1: Mark live objects
[128.526s][info][gc,phases      ] GC(274) Phase 1: Mark live objects 3.124ms
[128.526s][info][gc,phases,start] GC(274) Phase 2: Prepare compaction
[128.527s][info][gc,phases      ] GC(274) Phase 2: Prepare compaction 0.796ms
[128.527s][info][gc,phases,start] GC(274) Phase 3: Adjust pointers
[128.529s][info][gc,phases      ] GC(274) Phase 3: Adjust pointers 1.331ms
[128.529s][info][gc,phases,start] GC(274) Phase 4: Compact heap
[128.529s][info][gc,phases      ] GC(274) Phase 4: Compact heap 0.827ms
[128.530s][info][gc,phases,start] GC(274) Phase 5: Reset Metadata
[128.533s][info][gc,phases      ] GC(274) Phase 5: Reset Metadata 3.246ms
[128.543s][info][gc,heap        ] GC(274) Eden regions: 1->0(102)
[128.543s][info][gc,heap        ] GC(274) Survivor regions: 0->0(0)
[128.543s][info][gc,heap        ] GC(274) Old regions: 4->4
[128.543s][info][gc,heap        ] GC(274) Humongous regions: 0->0
[128.543s][info][gc,metaspace   ] GC(274) Metaspace: 679K(960K)->621K(960K) NonClass: 629K(768K)->584K(768K) Class: 49K(192K)->36K(192K)
[128.543s][info][gc             ] GC(274) Pause Full (System.gc()) 3M->1M(8192M) 20.164ms
[128.543s][info][gc,cpu         ] GC(274) User=0.04s Sys=0.00s Real=0.02s
[129.000s][info][gc,start       ] GC(275) Pause Full (System.gc())
[129.000s][info][gc,task        ] GC(275) Using 5 workers of 10 for full compaction
[129.000s][info][gc,phases,start] GC(275) Phase 1: Mark live objects
[129.003s][info][gc,phases      ] GC(275) Phase 1: Mark live objects 2.665ms
[129.003s][info][gc,phases,start] GC(275) Phase 2: Prepare compaction
[129.004s][info][gc,phases      ] GC(275) Phase 2: Prepare compaction 0.821ms
[129.004s][info][gc,phases,start] GC(275) Phase 3: Adjust pointers
[129.006s][info][gc,phases      ] GC(275) Phase 3: Adjust pointers 1.673ms
[129.006s][info][gc,phases,start] GC(275) Phase 4: Compact heap
[129.007s][info][gc,phases      ] GC(275) Phase 4: Compact heap 0.818ms
[129.007s][info][gc,phases,start] GC(275) Phase 5: Reset Metadata
[129.009s][info][gc,phases      ] GC(275) Phase 5: Reset Metadata 1.962ms
[129.018s][info][gc,heap        ] GC(275) Eden regions: 1->0(102)
[129.018s][info][gc,heap        ] GC(275) Survivor regions: 0->0(0)
[129.018s][info][gc,heap        ] GC(275) Old regions: 4->4
[129.018s][info][gc,heap        ] GC(275) Humongous regions: 0->0
[129.018s][info][gc,metaspace   ] GC(275) Metaspace: 626K(960K)->623K(960K) NonClass: 587K(768K)->585K(768K) Class: 38K(192K)->37K(192K)
[129.018s][info][gc             ] GC(275) Pause Full (System.gc()) 3M->1M(8192M) 18.256ms
[129.018s][info][gc,cpu         ] GC(275) User=0.05s Sys=0.00s Real=0.02s
[129.476s][info][gc,start       ] GC(276) Pause Full (System.gc())
[129.476s][info][gc,task        ] GC(276) Using 5 workers of 10 for full compaction
[129.476s][info][gc,phases,start] GC(276) Phase 1: Mark live objects
[129.479s][info][gc,phases      ] GC(276) Phase 1: Mark live objects 2.259ms
[129.479s][info][gc,phases,start] GC(276) Phase 2: Prepare compaction
[129.479s][info][gc,phases      ] GC(276) Phase 2: Prepare compaction 0.809ms
[129.480s][info][gc,phases,start] GC(276) Phase 3: Adjust pointers
[129.482s][info][gc,phases      ] GC(276) Phase 3: Adjust pointers 2.268ms
[129.482s][info][gc,phases,start] GC(276) Phase 4: Compact heap
[129.483s][info][gc,phases      ] GC(276) Phase 4: Compact heap 0.699ms
[129.483s][info][gc,phases,start] GC(276) Phase 5: Reset Metadata
[129.485s][info][gc,phases      ] GC(276) Phase 5: Reset Metadata 2.542ms
[129.496s][info][gc,heap        ] GC(276) Eden regions: 1->0(102)
[129.496s][info][gc,heap        ] GC(276) Survivor regions: 0->0(0)
[129.496s][info][gc,heap        ] GC(276) Old regions: 4->4
[129.496s][info][gc,heap        ] GC(276) Humongous regions: 0->0
[129.496s][info][gc,metaspace   ] GC(276) Metaspace: 628K(960K)->628K(960K) NonClass: 588K(768K)->588K(768K) Class: 39K(192K)->39K(192K)
[129.496s][info][gc             ] GC(276) Pause Full (System.gc()) 3M->1M(8192M) 19.816ms
[129.496s][info][gc,cpu         ] GC(276) User=0.05s Sys=0.00s Real=0.02s
[129.949s][info][gc,start       ] GC(277) Pause Full (System.gc())
[129.949s][info][gc,task        ] GC(277) Using 5 workers of 10 for full compaction
[129.950s][info][gc,phases,start] GC(277) Phase 1: Mark live objects
[129.952s][info][gc,phases      ] GC(277) Phase 1: Mark live objects 2.195ms
[129.952s][info][gc,phases,start] GC(277) Phase 2: Prepare compaction
[129.953s][info][gc,phases      ] GC(277) Phase 2: Prepare compaction 0.809ms
[129.953s][info][gc,phases,start] GC(277) Phase 3: Adjust pointers
[129.954s][info][gc,phases      ] GC(277) Phase 3: Adjust pointers 1.370ms
[129.954s][info][gc,phases,start] GC(277) Phase 4: Compact heap
[129.955s][info][gc,phases      ] GC(277) Phase 4: Compact heap 0.704ms
[129.955s][info][gc,phases,start] GC(277) Phase 5: Reset Metadata
[129.957s][info][gc,phases      ] GC(277) Phase 5: Reset Metadata 1.656ms
[129.967s][info][gc,heap        ] GC(277) Eden regions: 1->0(102)
[129.967s][info][gc,heap        ] GC(277) Survivor regions: 0->0(0)
[129.967s][info][gc,heap        ] GC(277) Old regions: 4->4
[129.967s][info][gc,heap        ] GC(277) Humongous regions: 0->0
[129.967s][info][gc,metaspace   ] GC(277) Metaspace: 633K(960K)->633K(960K) NonClass: 592K(768K)->592K(768K) Class: 41K(192K)->41K(192K)
[129.967s][info][gc             ] GC(277) Pause Full (System.gc()) 3M->1M(8192M) 18.372ms
[129.967s][info][gc,cpu         ] GC(277) User=0.05s Sys=0.00s Real=0.02s
[130.424s][info][gc,start       ] GC(278) Pause Full (System.gc())
[130.424s][info][gc,task        ] GC(278) Using 5 workers of 10 for full compaction
[130.424s][info][gc,phases,start] GC(278) Phase 1: Mark live objects
[130.426s][info][gc,phases      ] GC(278) Phase 1: Mark live objects 2.223ms
[130.426s][info][gc,phases,start] GC(278) Phase 2: Prepare compaction
[130.427s][info][gc,phases      ] GC(278) Phase 2: Prepare compaction 0.793ms
[130.427s][info][gc,phases,start] GC(278) Phase 3: Adjust pointers
[130.429s][info][gc,phases      ] GC(278) Phase 3: Adjust pointers 2.054ms
[130.429s][info][gc,phases,start] GC(278) Phase 4: Compact heap
[130.430s][info][gc,phases      ] GC(278) Phase 4: Compact heap 0.715ms
[130.430s][info][gc,phases,start] GC(278) Phase 5: Reset Metadata
[130.433s][info][gc,phases      ] GC(278) Phase 5: Reset Metadata 2.367ms
[130.443s][info][gc,heap        ] GC(278) Eden regions: 1->0(102)
[130.443s][info][gc,heap        ] GC(278) Survivor regions: 0->0(0)
[130.443s][info][gc,heap        ] GC(278) Old regions: 4->4
[130.443s][info][gc,heap        ] GC(278) Humongous regions: 0->0
[130.443s][info][gc,metaspace   ] GC(278) Metaspace: 638K(960K)->638K(960K) NonClass: 595K(768K)->595K(768K) Class: 42K(192K)->42K(192K)
[130.443s][info][gc             ] GC(278) Pause Full (System.gc()) 3M->1M(8192M) 19.608ms
[130.443s][info][gc,cpu         ] GC(278) User=0.04s Sys=0.00s Real=0.02s
[130.900s][info][gc,start       ] GC(279) Pause Full (System.gc())
[130.900s][info][gc,task        ] GC(279) Using 5 workers of 10 for full compaction
[130.900s][info][gc,phases,start] GC(279) Phase 1: Mark live objects
[130.903s][info][gc,phases      ] GC(279) Phase 1: Mark live objects 2.331ms
[130.903s][info][gc,phases,start] GC(279) Phase 2: Prepare compaction
[130.904s][info][gc,phases      ] GC(279) Phase 2: Prepare compaction 1.686ms
[130.904s][info][gc,phases,start] GC(279) Phase 3: Adjust pointers
[130.907s][info][gc,phases      ] GC(279) Phase 3: Adjust pointers 2.118ms
[130.907s][info][gc,phases,start] GC(279) Phase 4: Compact heap
[130.907s][info][gc,phases      ] GC(279) Phase 4: Compact heap 0.820ms
[130.908s][info][gc,phases,start] GC(279) Phase 5: Reset Metadata
[130.910s][info][gc,phases      ] GC(279) Phase 5: Reset Metadata 2.367ms
[130.920s][info][gc,heap        ] GC(279) Eden regions: 1->0(102)
[130.920s][info][gc,heap        ] GC(279) Survivor regions: 0->0(0)
[130.920s][info][gc,heap        ] GC(279) Old regions: 4->4
[130.920s][info][gc,heap        ] GC(279) Humongous regions: 0->0
[130.920s][info][gc,metaspace   ] GC(279) Metaspace: 643K(960K)->643K(960K) NonClass: 598K(768K)->598K(768K) Class: 44K(192K)->44K(192K)
[130.920s][info][gc             ] GC(279) Pause Full (System.gc()) 3M->1M(8192M) 20.030ms
[130.920s][info][gc,cpu         ] GC(279) User=0.05s Sys=0.01s Real=0.02s
[131.375s][info][gc,start       ] GC(280) Pause Full (System.gc())
[131.375s][info][gc,task        ] GC(280) Using 5 workers of 10 for full compaction
[131.375s][info][gc,phases,start] GC(280) Phase 1: Mark live objects
[131.382s][info][gc,phases      ] GC(280) Phase 1: Mark live objects 6.312ms
[131.382s][info][gc,phases,start] GC(280) Phase 2: Prepare compaction
[131.383s][info][gc,phases      ] GC(280) Phase 2: Prepare compaction 1.586ms
[131.383s][info][gc,phases,start] GC(280) Phase 3: Adjust pointers
[131.386s][info][gc,phases      ] GC(280) Phase 3: Adjust pointers 2.731ms
[131.386s][info][gc,phases,start] GC(280) Phase 4: Compact heap
[131.387s][info][gc,phases      ] GC(280) Phase 4: Compact heap 0.643ms
[131.387s][info][gc,phases,start] GC(280) Phase 5: Reset Metadata
[131.389s][info][gc,phases      ] GC(280) Phase 5: Reset Metadata 1.798ms
[131.399s][info][gc,heap        ] GC(280) Eden regions: 1->0(102)
[131.399s][info][gc,heap        ] GC(280) Survivor regions: 0->0(0)
[131.399s][info][gc,heap        ] GC(280) Old regions: 4->4
[131.399s][info][gc,heap        ] GC(280) Humongous regions: 0->0
[131.399s][info][gc,metaspace   ] GC(280) Metaspace: 648K(960K)->643K(960K) NonClass: 601K(768K)->599K(768K) Class: 46K(192K)->43K(192K)
[131.399s][info][gc             ] GC(280) Pause Full (System.gc()) 3M->1M(8192M) 24.659ms
[131.399s][info][gc,cpu         ] GC(280) User=0.05s Sys=0.00s Real=0.03s
[131.853s][info][gc,start       ] GC(281) Pause Full (System.gc())
[131.853s][info][gc,task        ] GC(281) Using 5 workers of 10 for full compaction
[131.853s][info][gc,phases,start] GC(281) Phase 1: Mark live objects
[131.855s][info][gc,phases      ] GC(281) Phase 1: Mark live objects 1.913ms
[131.855s][info][gc,phases,start] GC(281) Phase 2: Prepare compaction
[131.855s][info][gc,phases      ] GC(281) Phase 2: Prepare compaction 0.324ms
[131.855s][info][gc,phases,start] GC(281) Phase 3: Adjust pointers
[131.856s][info][gc,phases      ] GC(281) Phase 3: Adjust pointers 0.498ms
[131.856s][info][gc,phases,start] GC(281) Phase 4: Compact heap
[131.856s][info][gc,phases      ] GC(281) Phase 4: Compact heap 0.267ms
[131.856s][info][gc,phases,start] GC(281) Phase 5: Reset Metadata
[131.858s][info][gc,phases      ] GC(281) Phase 5: Reset Metadata 1.903ms
[131.867s][info][gc,heap        ] GC(281) Eden regions: 1->0(102)
[131.867s][info][gc,heap        ] GC(281) Survivor regions: 0->0(0)
[131.867s][info][gc,heap        ] GC(281) Old regions: 4->4
[131.867s][info][gc,heap        ] GC(281) Humongous regions: 0->0
[131.867s][info][gc,metaspace   ] GC(281) Metaspace: 648K(960K)->633K(960K) NonClass: 602K(768K)->591K(768K) Class: 45K(192K)->42K(192K)
[131.867s][info][gc             ] GC(281) Pause Full (System.gc()) 3M->1M(8192M) 14.673ms
[131.867s][info][gc,cpu         ] GC(281) User=0.04s Sys=0.00s Real=0.02s
[132.325s][info][gc,start       ] GC(282) Pause Full (System.gc())
[132.325s][info][gc,task        ] GC(282) Using 5 workers of 10 for full compaction
[132.326s][info][gc,phases,start] GC(282) Phase 1: Mark live objects
[132.330s][info][gc,phases      ] GC(282) Phase 1: Mark live objects 4.389ms
[132.330s][info][gc,phases,start] GC(282) Phase 2: Prepare compaction
[132.333s][info][gc,phases      ] GC(282) Phase 2: Prepare compaction 3.101ms
[132.333s][info][gc,phases,start] GC(282) Phase 3: Adjust pointers
[132.335s][info][gc,phases      ] GC(282) Phase 3: Adjust pointers 1.206ms
[132.335s][info][gc,phases,start] GC(282) Phase 4: Compact heap
[132.335s][info][gc,phases      ] GC(282) Phase 4: Compact heap 0.663ms
[132.335s][info][gc,phases,start] GC(282) Phase 5: Reset Metadata
[132.338s][info][gc,phases      ] GC(282) Phase 5: Reset Metadata 2.194ms
[132.348s][info][gc,heap        ] GC(282) Eden regions: 1->0(102)
[132.348s][info][gc,heap        ] GC(282) Survivor regions: 0->0(0)
[132.348s][info][gc,heap        ] GC(282) Old regions: 4->4
[132.348s][info][gc,heap        ] GC(282) Humongous regions: 0->0
[132.348s][info][gc,metaspace   ] GC(282) Metaspace: 638K(960K)->635K(960K) NonClass: 595K(768K)->592K(768K) Class: 43K(192K)->42K(192K)
[132.348s][info][gc             ] GC(282) Pause Full (System.gc()) 3M->1M(8192M) 22.706ms
[132.348s][info][gc,cpu         ] GC(282) User=0.05s Sys=0.01s Real=0.03s
[132.801s][info][gc,start       ] GC(283) Pause Full (System.gc())
[132.801s][info][gc,task        ] GC(283) Using 5 workers of 10 for full compaction
[132.801s][info][gc,phases,start] GC(283) Phase 1: Mark live objects
[132.804s][info][gc,phases      ] GC(283) Phase 1: Mark live objects 2.785ms
[132.804s][info][gc,phases,start] GC(283) Phase 2: Prepare compaction
[132.805s][info][gc,phases      ] GC(283) Phase 2: Prepare compaction 0.794ms
[132.805s][info][gc,phases,start] GC(283) Phase 3: Adjust pointers
[132.807s][info][gc,phases      ] GC(283) Phase 3: Adjust pointers 1.963ms
[132.807s][info][gc,phases,start] GC(283) Phase 4: Compact heap
[132.808s][info][gc,phases      ] GC(283) Phase 4: Compact heap 0.772ms
[132.808s][info][gc,phases,start] GC(283) Phase 5: Reset Metadata
[132.810s][info][gc,phases      ] GC(283) Phase 5: Reset Metadata 2.412ms
[132.820s][info][gc,heap        ] GC(283) Eden regions: 1->0(102)
[132.820s][info][gc,heap        ] GC(283) Survivor regions: 0->0(0)
[132.820s][info][gc,heap        ] GC(283) Old regions: 4->4
[132.820s][info][gc,heap        ] GC(283) Humongous regions: 0->0
[132.820s][info][gc,metaspace   ] GC(283) Metaspace: 640K(960K)->621K(960K) NonClass: 596K(768K)->585K(768K) Class: 44K(192K)->36K(192K)
[132.820s][info][gc             ] GC(283) Pause Full (System.gc()) 3M->1M(8192M) 19.383ms
[132.820s][info][gc,cpu         ] GC(283) User=0.05s Sys=0.00s Real=0.02s
[133.278s][info][gc,start       ] GC(284) Pause Full (System.gc())
[133.278s][info][gc,task        ] GC(284) Using 5 workers of 10 for full compaction
[133.279s][info][gc,phases,start] GC(284) Phase 1: Mark live objects
[133.282s][info][gc,phases      ] GC(284) Phase 1: Mark live objects 3.327ms
[133.282s][info][gc,phases,start] GC(284) Phase 2: Prepare compaction
[133.283s][info][gc,phases      ] GC(284) Phase 2: Prepare compaction 0.815ms
[133.283s][info][gc,phases,start] GC(284) Phase 3: Adjust pointers
[133.285s][info][gc,phases      ] GC(284) Phase 3: Adjust pointers 1.858ms
[133.285s][info][gc,phases,start] GC(284) Phase 4: Compact heap
[133.287s][info][gc,phases      ] GC(284) Phase 4: Compact heap 2.156ms
[133.287s][info][gc,phases,start] GC(284) Phase 5: Reset Metadata
[133.289s][info][gc,phases      ] GC(284) Phase 5: Reset Metadata 1.617ms
[133.299s][info][gc,heap        ] GC(284) Eden regions: 1->0(102)
[133.299s][info][gc,heap        ] GC(284) Survivor regions: 0->0(0)
[133.299s][info][gc,heap        ] GC(284) Old regions: 4->4
[133.299s][info][gc,heap        ] GC(284) Humongous regions: 0->0
[133.299s][info][gc,metaspace   ] GC(284) Metaspace: 626K(960K)->624K(896K) NonClass: 588K(768K)->586K(768K) Class: 38K(192K)->37K(128K)
[133.299s][info][gc             ] GC(284) Pause Full (System.gc()) 3M->1M(8192M) 20.766ms
[133.299s][info][gc,cpu         ] GC(284) User=0.05s Sys=0.00s Real=0.02s
[133.756s][info][gc,start       ] GC(285) Pause Full (System.gc())
[133.756s][info][gc,task        ] GC(285) Using 5 workers of 10 for full compaction
[133.756s][info][gc,phases,start] GC(285) Phase 1: Mark live objects
[133.759s][info][gc,phases      ] GC(285) Phase 1: Mark live objects 3.128ms
[133.759s][info][gc,phases,start] GC(285) Phase 2: Prepare compaction
[133.760s][info][gc,phases      ] GC(285) Phase 2: Prepare compaction 0.775ms
[133.760s][info][gc,phases,start] GC(285) Phase 3: Adjust pointers
[133.763s][info][gc,phases      ] GC(285) Phase 3: Adjust pointers 3.269ms
[133.763s][info][gc,phases,start] GC(285) Phase 4: Compact heap
[133.764s][info][gc,phases      ] GC(285) Phase 4: Compact heap 0.777ms
[133.764s][info][gc,phases,start] GC(285) Phase 5: Reset Metadata
[133.766s][info][gc,phases      ] GC(285) Phase 5: Reset Metadata 2.343ms
[133.777s][info][gc,heap        ] GC(285) Eden regions: 1->0(102)
[133.777s][info][gc,heap        ] GC(285) Survivor regions: 0->0(0)
[133.777s][info][gc,heap        ] GC(285) Old regions: 4->4
[133.777s][info][gc,heap        ] GC(285) Humongous regions: 0->0
[133.777s][info][gc,metaspace   ] GC(285) Metaspace: 629K(896K)->626K(896K) NonClass: 590K(768K)->588K(768K) Class: 38K(128K)->37K(128K)
[133.777s][info][gc             ] GC(285) Pause Full (System.gc()) 3M->1M(8192M) 21.153ms
[133.777s][info][gc,cpu         ] GC(285) User=0.04s Sys=0.01s Real=0.03s
[134.233s][info][gc,start       ] GC(286) Pause Full (System.gc())
[134.233s][info][gc,task        ] GC(286) Using 5 workers of 10 for full compaction
[134.233s][info][gc,phases,start] GC(286) Phase 1: Mark live objects
[134.235s][info][gc,phases      ] GC(286) Phase 1: Mark live objects 1.843ms
[134.235s][info][gc,phases,start] GC(286) Phase 2: Prepare compaction
[134.236s][info][gc,phases      ] GC(286) Phase 2: Prepare compaction 0.987ms
[134.236s][info][gc,phases,start] GC(286) Phase 3: Adjust pointers
[134.237s][info][gc,phases      ] GC(286) Phase 3: Adjust pointers 1.065ms
[134.237s][info][gc,phases,start] GC(286) Phase 4: Compact heap
[134.238s][info][gc,phases      ] GC(286) Phase 4: Compact heap 0.546ms
[134.238s][info][gc,phases,start] GC(286) Phase 5: Reset Metadata
[134.240s][info][gc,phases      ] GC(286) Phase 5: Reset Metadata 1.713ms
[134.251s][info][gc,heap        ] GC(286) Eden regions: 1->0(102)
[134.251s][info][gc,heap        ] GC(286) Survivor regions: 0->0(0)
[134.251s][info][gc,heap        ] GC(286) Old regions: 4->4
[134.251s][info][gc,heap        ] GC(286) Humongous regions: 0->0
[134.251s][info][gc,metaspace   ] GC(286) Metaspace: 631K(896K)->628K(896K) NonClass: 592K(768K)->590K(768K) Class: 39K(128K)->38K(128K)
[134.251s][info][gc             ] GC(286) Pause Full (System.gc()) 3M->1M(8192M) 18.078ms
[134.251s][info][gc,cpu         ] GC(286) User=0.04s Sys=0.00s Real=0.02s
[134.708s][info][gc,start       ] GC(287) Pause Full (System.gc())
[134.708s][info][gc,task        ] GC(287) Using 5 workers of 10 for full compaction
[134.708s][info][gc,phases,start] GC(287) Phase 1: Mark live objects
[134.709s][info][gc,phases      ] GC(287) Phase 1: Mark live objects 1.169ms
[134.709s][info][gc,phases,start] GC(287) Phase 2: Prepare compaction
[134.710s][info][gc,phases      ] GC(287) Phase 2: Prepare compaction 0.331ms
[134.710s][info][gc,phases,start] GC(287) Phase 3: Adjust pointers
[134.711s][info][gc,phases      ] GC(287) Phase 3: Adjust pointers 0.860ms
[134.711s][info][gc,phases,start] GC(287) Phase 4: Compact heap
[134.711s][info][gc,phases      ] GC(287) Phase 4: Compact heap 0.493ms
[134.711s][info][gc,phases,start] GC(287) Phase 5: Reset Metadata
[134.713s][info][gc,phases      ] GC(287) Phase 5: Reset Metadata 2.073ms
[134.720s][info][gc,heap        ] GC(287) Eden regions: 1->0(102)
[134.724s][info][gc,heap        ] GC(287) Survivor regions: 0->0(0)
[134.724s][info][gc,heap        ] GC(287) Old regions: 4->4
[134.724s][info][gc,heap        ] GC(287) Humongous regions: 0->0
[134.724s][info][gc,metaspace   ] GC(287) Metaspace: 633K(896K)->633K(896K) NonClass: 593K(768K)->593K(768K) Class: 39K(128K)->39K(128K)
[134.724s][info][gc             ] GC(287) Pause Full (System.gc()) 3M->1M(8192M) 15.671ms
[134.724s][info][gc,cpu         ] GC(287) User=0.02s Sys=0.00s Real=0.01s
[135.181s][info][gc,start       ] GC(288) Pause Full (System.gc())
[135.181s][info][gc,task        ] GC(288) Using 5 workers of 10 for full compaction
[135.181s][info][gc,phases,start] GC(288) Phase 1: Mark live objects
[135.182s][info][gc,phases      ] GC(288) Phase 1: Mark live objects 1.296ms
[135.182s][info][gc,phases,start] GC(288) Phase 2: Prepare compaction
[135.183s][info][gc,phases      ] GC(288) Phase 2: Prepare compaction 0.361ms
[135.183s][info][gc,phases,start] GC(288) Phase 3: Adjust pointers
[135.184s][info][gc,phases      ] GC(288) Phase 3: Adjust pointers 1.267ms
[135.184s][info][gc,phases,start] GC(288) Phase 4: Compact heap
[135.184s][info][gc,phases      ] GC(288) Phase 4: Compact heap 0.353ms
[135.184s][info][gc,phases,start] GC(288) Phase 5: Reset Metadata
[135.186s][info][gc,phases      ] GC(288) Phase 5: Reset Metadata 1.871ms
[135.196s][info][gc,heap        ] GC(288) Eden regions: 1->0(102)
[135.196s][info][gc,heap        ] GC(288) Survivor regions: 0->0(0)
[135.196s][info][gc,heap        ] GC(288) Old regions: 4->4
[135.196s][info][gc,heap        ] GC(288) Humongous regions: 0->0
[135.196s][info][gc,metaspace   ] GC(288) Metaspace: 638K(896K)->638K(896K) NonClass: 597K(768K)->597K(768K) Class: 41K(128K)->41K(128K)
[135.196s][info][gc             ] GC(288) Pause Full (System.gc()) 3M->1M(8192M) 15.539ms
[135.196s][info][gc,cpu         ] GC(288) User=0.04s Sys=0.00s Real=0.01s
[135.652s][info][gc,start       ] GC(289) Pause Full (System.gc())
[135.652s][info][gc,task        ] GC(289) Using 5 workers of 10 for full compaction
[135.652s][info][gc,phases,start] GC(289) Phase 1: Mark live objects
[135.654s][info][gc,phases      ] GC(289) Phase 1: Mark live objects 1.695ms
[135.654s][info][gc,phases,start] GC(289) Phase 2: Prepare compaction
[135.654s][info][gc,phases      ] GC(289) Phase 2: Prepare compaction 0.582ms
[135.654s][info][gc,phases,start] GC(289) Phase 3: Adjust pointers
[135.656s][info][gc,phases      ] GC(289) Phase 3: Adjust pointers 1.432ms
[135.656s][info][gc,phases,start] GC(289) Phase 4: Compact heap
[135.656s][info][gc,phases      ] GC(289) Phase 4: Compact heap 0.501ms
[135.656s][info][gc,phases,start] GC(289) Phase 5: Reset Metadata
[135.658s][info][gc,phases      ] GC(289) Phase 5: Reset Metadata 2.074ms
[135.669s][info][gc,heap        ] GC(289) Eden regions: 1->0(102)
[135.669s][info][gc,heap        ] GC(289) Survivor regions: 0->0(0)
[135.669s][info][gc,heap        ] GC(289) Old regions: 4->4
[135.669s][info][gc,heap        ] GC(289) Humongous regions: 0->0
[135.669s][info][gc,metaspace   ] GC(289) Metaspace: 643K(896K)->624K(896K) NonClass: 600K(768K)->586K(768K) Class: 43K(128K)->38K(128K)
[135.669s][info][gc             ] GC(289) Pause Full (System.gc()) 3M->1M(8192M) 17.466ms
[135.669s][info][gc,cpu         ] GC(289) User=0.04s Sys=0.00s Real=0.02s
[136.122s][info][gc,start       ] GC(290) Pause Full (System.gc())
[136.122s][info][gc,task        ] GC(290) Using 5 workers of 10 for full compaction
[136.122s][info][gc,phases,start] GC(290) Phase 1: Mark live objects
[136.125s][info][gc,phases      ] GC(290) Phase 1: Mark live objects 2.672ms
[136.125s][info][gc,phases,start] GC(290) Phase 2: Prepare compaction
[136.125s][info][gc,phases      ] GC(290) Phase 2: Prepare compaction 0.387ms
[136.125s][info][gc,phases,start] GC(290) Phase 3: Adjust pointers
[136.126s][info][gc,phases      ] GC(290) Phase 3: Adjust pointers 1.001ms
[136.126s][info][gc,phases,start] GC(290) Phase 4: Compact heap
[136.127s][info][gc,phases      ] GC(290) Phase 4: Compact heap 0.334ms
[136.127s][info][gc,phases,start] GC(290) Phase 5: Reset Metadata
[136.128s][info][gc,phases      ] GC(290) Phase 5: Reset Metadata 1.696ms
[136.141s][info][gc,heap        ] GC(290) Eden regions: 1->0(102)
[136.141s][info][gc,heap        ] GC(290) Survivor regions: 0->0(0)
[136.141s][info][gc,heap        ] GC(290) Old regions: 4->4
[136.141s][info][gc,heap        ] GC(290) Humongous regions: 0->0
[136.141s][info][gc,metaspace   ] GC(290) Metaspace: 629K(896K)->626K(896K) NonClass: 589K(768K)->587K(768K) Class: 40K(128K)->39K(128K)
[136.141s][info][gc             ] GC(290) Pause Full (System.gc()) 3M->1M(8192M) 18.916ms
[136.141s][info][gc,cpu         ] GC(290) User=0.03s Sys=0.00s Real=0.02s
[136.595s][info][gc,start       ] GC(291) Pause Full (System.gc())
[136.595s][info][gc,task        ] GC(291) Using 5 workers of 10 for full compaction
[136.595s][info][gc,phases,start] GC(291) Phase 1: Mark live objects
[136.599s][info][gc,phases      ] GC(291) Phase 1: Mark live objects 4.152ms
[136.599s][info][gc,phases,start] GC(291) Phase 2: Prepare compaction
[136.600s][info][gc,phases      ] GC(291) Phase 2: Prepare compaction 0.990ms
[136.600s][info][gc,phases,start] GC(291) Phase 3: Adjust pointers
[136.602s][info][gc,phases      ] GC(291) Phase 3: Adjust pointers 1.906ms
[136.602s][info][gc,phases,start] GC(291) Phase 4: Compact heap
[136.604s][info][gc,phases      ] GC(291) Phase 4: Compact heap 1.379ms
[136.604s][info][gc,phases,start] GC(291) Phase 5: Reset Metadata
[136.607s][info][gc,phases      ] GC(291) Phase 5: Reset Metadata 3.162ms
[136.617s][info][gc,heap        ] GC(291) Eden regions: 1->0(102)
[136.617s][info][gc,heap        ] GC(291) Survivor regions: 0->0(0)
[136.617s][info][gc,heap        ] GC(291) Old regions: 4->4
[136.617s][info][gc,heap        ] GC(291) Humongous regions: 0->0
[136.617s][info][gc,metaspace   ] GC(291) Metaspace: 631K(896K)->631K(896K) NonClass: 590K(768K)->590K(768K) Class: 40K(128K)->40K(128K)
[136.617s][info][gc             ] GC(291) Pause Full (System.gc()) 3M->1M(8192M) 22.553ms
[136.617s][info][gc,cpu         ] GC(291) User=0.04s Sys=0.00s Real=0.03s
[137.075s][info][gc,start       ] GC(292) Pause Full (System.gc())
[137.076s][info][gc,task        ] GC(292) Using 5 workers of 10 for full compaction
[137.076s][info][gc,phases,start] GC(292) Phase 1: Mark live objects
[137.079s][info][gc,phases      ] GC(292) Phase 1: Mark live objects 2.999ms
[137.079s][info][gc,phases,start] GC(292) Phase 2: Prepare compaction
[137.081s][info][gc,phases      ] GC(292) Phase 2: Prepare compaction 1.706ms
[137.081s][info][gc,phases,start] GC(292) Phase 3: Adjust pointers
[137.082s][info][gc,phases      ] GC(292) Phase 3: Adjust pointers 1.188ms
[137.082s][info][gc,phases,start] GC(292) Phase 4: Compact heap
[137.083s][info][gc,phases      ] GC(292) Phase 4: Compact heap 0.565ms
[137.083s][info][gc,phases,start] GC(292) Phase 5: Reset Metadata
[137.084s][info][gc,phases      ] GC(292) Phase 5: Reset Metadata 1.510ms
[137.093s][info][gc,heap        ] GC(292) Eden regions: 1->0(102)
[137.093s][info][gc,heap        ] GC(292) Survivor regions: 0->0(0)
[137.093s][info][gc,heap        ] GC(292) Old regions: 4->4
[137.093s][info][gc,heap        ] GC(292) Humongous regions: 0->0
[137.093s][info][gc,metaspace   ] GC(292) Metaspace: 636K(896K)->636K(896K) NonClass: 594K(768K)->594K(768K) Class: 42K(128K)->42K(128K)
[137.093s][info][gc             ] GC(292) Pause Full (System.gc()) 3M->1M(8192M) 17.349ms
[137.093s][info][gc,cpu         ] GC(292) User=0.05s Sys=0.00s Real=0.02s
[137.549s][info][gc,start       ] GC(293) Pause Full (System.gc())
[137.549s][info][gc,task        ] GC(293) Using 5 workers of 10 for full compaction
[137.550s][info][gc,phases,start] GC(293) Phase 1: Mark live objects
[137.552s][info][gc,phases      ] GC(293) Phase 1: Mark live objects 2.320ms
[137.552s][info][gc,phases,start] GC(293) Phase 2: Prepare compaction
[137.552s][info][gc,phases      ] GC(293) Phase 2: Prepare compaction 0.432ms
[137.553s][info][gc,phases,start] GC(293) Phase 3: Adjust pointers
[137.553s][info][gc,phases      ] GC(293) Phase 3: Adjust pointers 0.708ms
[137.553s][info][gc,phases,start] GC(293) Phase 4: Compact heap
[137.554s][info][gc,phases      ] GC(293) Phase 4: Compact heap 0.372ms
[137.554s][info][gc,phases,start] GC(293) Phase 5: Reset Metadata
[137.555s][info][gc,phases      ] GC(293) Phase 5: Reset Metadata 1.660ms
[137.565s][info][gc,heap        ] GC(293) Eden regions: 1->0(102)
[137.565s][info][gc,heap        ] GC(293) Survivor regions: 0->0(0)
[137.565s][info][gc,heap        ] GC(293) Old regions: 4->4
[137.565s][info][gc,heap        ] GC(293) Humongous regions: 0->0
[137.565s][info][gc,metaspace   ] GC(293) Metaspace: 641K(896K)->626K(896K) NonClass: 597K(768K)->588K(768K) Class: 44K(128K)->37K(128K)
[137.565s][info][gc             ] GC(293) Pause Full (System.gc()) 3M->1M(8192M) 15.534ms
[137.565s][info][gc,cpu         ] GC(293) User=0.04s Sys=0.00s Real=0.01s
[138.022s][info][gc,start       ] GC(294) Pause Full (System.gc())
[138.022s][info][gc,task        ] GC(294) Using 5 workers of 10 for full compaction
[138.023s][info][gc,phases,start] GC(294) Phase 1: Mark live objects
[138.025s][info][gc,phases      ] GC(294) Phase 1: Mark live objects 2.351ms
[138.025s][info][gc,phases,start] GC(294) Phase 2: Prepare compaction
[138.026s][info][gc,phases      ] GC(294) Phase 2: Prepare compaction 0.606ms
[138.026s][info][gc,phases,start] GC(294) Phase 3: Adjust pointers
[138.027s][info][gc,phases      ] GC(294) Phase 3: Adjust pointers 1.579ms
[138.027s][info][gc,phases,start] GC(294) Phase 4: Compact heap
[138.028s][info][gc,phases      ] GC(294) Phase 4: Compact heap 0.520ms
[138.028s][info][gc,phases,start] GC(294) Phase 5: Reset Metadata
[138.030s][info][gc,phases      ] GC(294) Phase 5: Reset Metadata 2.258ms
[138.040s][info][gc,heap        ] GC(294) Eden regions: 1->0(102)
[138.040s][info][gc,heap        ] GC(294) Survivor regions: 0->0(0)
[138.040s][info][gc,heap        ] GC(294) Old regions: 4->4
[138.040s][info][gc,heap        ] GC(294) Humongous regions: 0->0
[138.040s][info][gc,metaspace   ] GC(294) Metaspace: 631K(896K)->628K(896K) NonClass: 592K(768K)->590K(768K) Class: 39K(128K)->38K(128K)
[138.040s][info][gc             ] GC(294) Pause Full (System.gc()) 3M->1M(8192M) 17.978ms
[138.040s][info][gc,cpu         ] GC(294) User=0.04s Sys=0.00s Real=0.02s
[138.496s][info][gc,start       ] GC(295) Pause Full (System.gc())
[138.496s][info][gc,task        ] GC(295) Using 5 workers of 10 for full compaction
[138.496s][info][gc,phases,start] GC(295) Phase 1: Mark live objects
[138.499s][info][gc,phases      ] GC(295) Phase 1: Mark live objects 2.781ms
[138.499s][info][gc,phases,start] GC(295) Phase 2: Prepare compaction
[138.500s][info][gc,phases      ] GC(295) Phase 2: Prepare compaction 0.628ms
[138.500s][info][gc,phases,start] GC(295) Phase 3: Adjust pointers
[138.501s][info][gc,phases      ] GC(295) Phase 3: Adjust pointers 0.686ms
[138.501s][info][gc,phases,start] GC(295) Phase 4: Compact heap
[138.501s][info][gc,phases      ] GC(295) Phase 4: Compact heap 0.277ms
[138.501s][info][gc,phases,start] GC(295) Phase 5: Reset Metadata
[138.502s][info][gc,phases      ] GC(295) Phase 5: Reset Metadata 1.501ms
[138.511s][info][gc,heap        ] GC(295) Eden regions: 1->0(102)
[138.511s][info][gc,heap        ] GC(295) Survivor regions: 0->0(0)
[138.511s][info][gc,heap        ] GC(295) Old regions: 4->4
[138.511s][info][gc,heap        ] GC(295) Humongous regions: 0->0
[138.511s][info][gc,metaspace   ] GC(295) Metaspace: 633K(896K)->633K(896K) NonClass: 593K(768K)->593K(768K) Class: 39K(128K)->39K(128K)
[138.512s][info][gc             ] GC(295) Pause Full (System.gc()) 3M->1M(8192M) 15.512ms
[138.512s][info][gc,cpu         ] GC(295) User=0.03s Sys=0.00s Real=0.02s
[138.966s][info][gc,start       ] GC(296) Pause Full (System.gc())
[138.967s][info][gc,task        ] GC(296) Using 5 workers of 10 for full compaction
[138.967s][info][gc,phases,start] GC(296) Phase 1: Mark live objects
[138.968s][info][gc,phases      ] GC(296) Phase 1: Mark live objects 1.573ms
[138.968s][info][gc,phases,start] GC(296) Phase 2: Prepare compaction
[138.969s][info][gc,phases      ] GC(296) Phase 2: Prepare compaction 0.454ms
[138.969s][info][gc,phases,start] GC(296) Phase 3: Adjust pointers
[138.970s][info][gc,phases      ] GC(296) Phase 3: Adjust pointers 1.495ms
[138.970s][info][gc,phases,start] GC(296) Phase 4: Compact heap
[138.971s][info][gc,phases      ] GC(296) Phase 4: Compact heap 0.406ms
[138.971s][info][gc,phases,start] GC(296) Phase 5: Reset Metadata
[138.973s][info][gc,phases      ] GC(296) Phase 5: Reset Metadata 1.864ms
[138.983s][info][gc,heap        ] GC(296) Eden regions: 1->0(102)
[138.983s][info][gc,heap        ] GC(296) Survivor regions: 0->0(0)
[138.983s][info][gc,heap        ] GC(296) Old regions: 4->4
[138.983s][info][gc,heap        ] GC(296) Humongous regions: 0->0
[138.983s][info][gc,metaspace   ] GC(296) Metaspace: 638K(896K)->638K(896K) NonClass: 597K(768K)->597K(768K) Class: 41K(128K)->41K(128K)
[138.983s][info][gc             ] GC(296) Pause Full (System.gc()) 3M->1M(8192M) 16.986ms
[138.983s][info][gc,cpu         ] GC(296) User=0.04s Sys=0.00s Real=0.02s
[139.436s][info][gc,start       ] GC(297) Pause Full (System.gc())
[139.436s][info][gc,task        ] GC(297) Using 5 workers of 10 for full compaction
[139.436s][info][gc,phases,start] GC(297) Phase 1: Mark live objects
[139.439s][info][gc,phases      ] GC(297) Phase 1: Mark live objects 2.446ms
[139.439s][info][gc,phases,start] GC(297) Phase 2: Prepare compaction
[139.439s][info][gc,phases      ] GC(297) Phase 2: Prepare compaction 0.405ms
[139.439s][info][gc,phases,start] GC(297) Phase 3: Adjust pointers
[139.440s][info][gc,phases      ] GC(297) Phase 3: Adjust pointers 0.695ms
[139.440s][info][gc,phases,start] GC(297) Phase 4: Compact heap
[139.440s][info][gc,phases      ] GC(297) Phase 4: Compact heap 0.407ms
[139.440s][info][gc,phases,start] GC(297) Phase 5: Reset Metadata
[139.442s][info][gc,phases      ] GC(297) Phase 5: Reset Metadata 1.851ms
[139.454s][info][gc,heap        ] GC(297) Eden regions: 1->0(102)
[139.454s][info][gc,heap        ] GC(297) Survivor regions: 0->0(0)
[139.454s][info][gc,heap        ] GC(297) Old regions: 4->4
[139.454s][info][gc,heap        ] GC(297) Humongous regions: 0->0
[139.454s][info][gc,metaspace   ] GC(297) Metaspace: 643K(896K)->643K(896K) NonClass: 600K(768K)->600K(768K) Class: 43K(128K)->43K(128K)
[139.454s][info][gc             ] GC(297) Pause Full (System.gc()) 3M->1M(8192M) 17.945ms
[139.454s][info][gc,cpu         ] GC(297) User=0.03s Sys=0.00s Real=0.02s
[139.911s][info][gc,start       ] GC(298) Pause Full (System.gc())
[139.911s][info][gc,task        ] GC(298) Using 5 workers of 10 for full compaction
[139.911s][info][gc,phases,start] GC(298) Phase 1: Mark live objects
[139.914s][info][gc,phases      ] GC(298) Phase 1: Mark live objects 2.749ms
[139.914s][info][gc,phases,start] GC(298) Phase 2: Prepare compaction
[139.914s][info][gc,phases      ] GC(298) Phase 2: Prepare compaction 0.455ms
[139.914s][info][gc,phases,start] GC(298) Phase 3: Adjust pointers
[139.915s][info][gc,phases      ] GC(298) Phase 3: Adjust pointers 1.164ms
[139.916s][info][gc,phases,start] GC(298) Phase 4: Compact heap
[139.916s][info][gc,phases      ] GC(298) Phase 4: Compact heap 0.407ms
[139.916s][info][gc,phases,start] GC(298) Phase 5: Reset Metadata
[139.918s][info][gc,phases      ] GC(298) Phase 5: Reset Metadata 2.170ms
[139.929s][info][gc,heap        ] GC(298) Eden regions: 1->0(102)
[139.929s][info][gc,heap        ] GC(298) Survivor regions: 0->0(0)
[139.929s][info][gc,heap        ] GC(298) Old regions: 4->4
[139.929s][info][gc,heap        ] GC(298) Humongous regions: 0->0
[139.929s][info][gc,metaspace   ] GC(298) Metaspace: 648K(896K)->648K(896K) NonClass: 603K(768K)->603K(768K) Class: 45K(128K)->45K(128K)
[139.929s][info][gc             ] GC(298) Pause Full (System.gc()) 3M->1M(8192M) 18.825ms
[139.929s][info][gc,cpu         ] GC(298) User=0.04s Sys=0.01s Real=0.02s
[140.389s][info][gc,start       ] GC(299) Pause Full (System.gc())
[140.389s][info][gc,task        ] GC(299) Using 5 workers of 10 for full compaction
[140.389s][info][gc,phases,start] GC(299) Phase 1: Mark live objects
[140.392s][info][gc,phases      ] GC(299) Phase 1: Mark live objects 2.846ms
[140.392s][info][gc,phases,start] GC(299) Phase 2: Prepare compaction
[140.393s][info][gc,phases      ] GC(299) Phase 2: Prepare compaction 0.808ms
[140.393s][info][gc,phases,start] GC(299) Phase 3: Adjust pointers
[140.395s][info][gc,phases      ] GC(299) Phase 3: Adjust pointers 2.059ms
[140.395s][info][gc,phases,start] GC(299) Phase 4: Compact heap
[140.397s][info][gc,phases      ] GC(299) Phase 4: Compact heap 1.523ms
[140.397s][info][gc,phases,start] GC(299) Phase 5: Reset Metadata
[140.399s][info][gc,phases      ] GC(299) Phase 5: Reset Metadata 2.542ms
[140.410s][info][gc,heap        ] GC(299) Eden regions: 1->0(102)
[140.410s][info][gc,heap        ] GC(299) Survivor regions: 0->0(0)
[140.410s][info][gc,heap        ] GC(299) Old regions: 4->4
[140.410s][info][gc,heap        ] GC(299) Humongous regions: 0->0
[140.410s][info][gc,metaspace   ] GC(299) Metaspace: 654K(896K)->640K(896K) NonClass: 607K(768K)->600K(768K) Class: 46K(128K)->40K(128K)
[140.410s][info][gc             ] GC(299) Pause Full (System.gc()) 3M->1M(8192M) 21.403ms
[140.410s][info][gc,cpu         ] GC(299) User=0.05s Sys=0.00s Real=0.02s
[140.867s][info][gc,start       ] GC(300) Pause Full (System.gc())
[140.867s][info][gc,task        ] GC(300) Using 5 workers of 10 for full compaction
[140.868s][info][gc,phases,start] GC(300) Phase 1: Mark live objects
[140.871s][info][gc,phases      ] GC(300) Phase 1: Mark live objects 2.932ms
[140.871s][info][gc,phases,start] GC(300) Phase 2: Prepare compaction
[140.871s][info][gc,phases      ] GC(300) Phase 2: Prepare compaction 0.519ms
[140.871s][info][gc,phases,start] GC(300) Phase 3: Adjust pointers
[140.873s][info][gc,phases      ] GC(300) Phase 3: Adjust pointers 1.377ms
[140.873s][info][gc,phases,start] GC(300) Phase 4: Compact heap
[140.873s][info][gc,phases      ] GC(300) Phase 4: Compact heap 0.565ms
[140.873s][info][gc,phases,start] GC(300) Phase 5: Reset Metadata
[140.875s][info][gc,phases      ] GC(300) Phase 5: Reset Metadata 1.576ms
[140.885s][info][gc,heap        ] GC(300) Eden regions: 1->0(102)
[140.885s][info][gc,heap        ] GC(300) Survivor regions: 0->0(0)
[140.885s][info][gc,heap        ] GC(300) Old regions: 4->4
[140.885s][info][gc,heap        ] GC(300) Humongous regions: 0->0
[140.885s][info][gc,metaspace   ] GC(300) Metaspace: 645K(896K)->643K(896K) NonClass: 603K(768K)->601K(768K) Class: 42K(128K)->41K(128K)
[140.885s][info][gc             ] GC(300) Pause Full (System.gc()) 3M->1M(8192M) 17.741ms
[140.885s][info][gc,cpu         ] GC(300) User=0.04s Sys=0.00s Real=0.01s
[141.341s][info][gc,start       ] GC(301) Pause Full (System.gc())
[141.341s][info][gc,task        ] GC(301) Using 5 workers of 10 for full compaction
[141.341s][info][gc,phases,start] GC(301) Phase 1: Mark live objects
[141.344s][info][gc,phases      ] GC(301) Phase 1: Mark live objects 2.380ms
[141.344s][info][gc,phases,start] GC(301) Phase 2: Prepare compaction
[141.344s][info][gc,phases      ] GC(301) Phase 2: Prepare compaction 0.543ms
[141.344s][info][gc,phases,start] GC(301) Phase 3: Adjust pointers
[141.346s][info][gc,phases      ] GC(301) Phase 3: Adjust pointers 1.276ms
[141.346s][info][gc,phases,start] GC(301) Phase 4: Compact heap
[141.346s][info][gc,phases      ] GC(301) Phase 4: Compact heap 0.398ms
[141.346s][info][gc,phases,start] GC(301) Phase 5: Reset Metadata
[141.348s][info][gc,phases      ] GC(301) Phase 5: Reset Metadata 1.754ms
[141.359s][info][gc,heap        ] GC(301) Eden regions: 1->0(102)
[141.359s][info][gc,heap        ] GC(301) Survivor regions: 0->0(0)
[141.359s][info][gc,heap        ] GC(301) Old regions: 4->4
[141.359s][info][gc,heap        ] GC(301) Humongous regions: 0->0
[141.359s][info][gc,metaspace   ] GC(301) Metaspace: 648K(896K)->648K(896K) NonClass: 605K(768K)->605K(768K) Class: 42K(128K)->42K(128K)
[141.359s][info][gc             ] GC(301) Pause Full (System.gc()) 3M->1M(8192M) 17.735ms
[141.359s][info][gc,cpu         ] GC(301) User=0.04s Sys=0.01s Real=0.02s
[141.813s][info][gc,start       ] GC(302) Pause Full (System.gc())
[141.813s][info][gc,task        ] GC(302) Using 5 workers of 10 for full compaction
[141.814s][info][gc,phases,start] GC(302) Phase 1: Mark live objects
[141.816s][info][gc,phases      ] GC(302) Phase 1: Mark live objects 2.683ms
[141.816s][info][gc,phases,start] GC(302) Phase 2: Prepare compaction
[141.817s][info][gc,phases      ] GC(302) Phase 2: Prepare compaction 0.382ms
[141.817s][info][gc,phases,start] GC(302) Phase 3: Adjust pointers
[141.818s][info][gc,phases      ] GC(302) Phase 3: Adjust pointers 0.933ms
[141.818s][info][gc,phases,start] GC(302) Phase 4: Compact heap
[141.818s][info][gc,phases      ] GC(302) Phase 4: Compact heap 0.348ms
[141.818s][info][gc,phases,start] GC(302) Phase 5: Reset Metadata
[141.820s][info][gc,phases      ] GC(302) Phase 5: Reset Metadata 1.578ms
[141.832s][info][gc,heap        ] GC(302) Eden regions: 1->0(102)
[141.832s][info][gc,heap        ] GC(302) Survivor regions: 0->0(0)
[141.832s][info][gc,heap        ] GC(302) Old regions: 4->4
[141.832s][info][gc,heap        ] GC(302) Humongous regions: 0->0
[141.832s][info][gc,metaspace   ] GC(302) Metaspace: 653K(896K)->651K(896K) NonClass: 608K(768K)->607K(768K) Class: 44K(128K)->43K(128K)
[141.832s][info][gc             ] GC(302) Pause Full (System.gc()) 3M->1M(8192M) 18.514ms
[141.832s][info][gc,cpu         ] GC(302) User=0.04s Sys=0.00s Real=0.02s
[142.289s][info][gc,start       ] GC(303) Pause Full (System.gc())
[142.289s][info][gc,task        ] GC(303) Using 5 workers of 10 for full compaction
[142.289s][info][gc,phases,start] GC(303) Phase 1: Mark live objects
[142.291s][info][gc,phases      ] GC(303) Phase 1: Mark live objects 2.539ms
[142.292s][info][gc,phases,start] GC(303) Phase 2: Prepare compaction
[142.292s][info][gc,phases      ] GC(303) Phase 2: Prepare compaction 0.472ms
[142.292s][info][gc,phases,start] GC(303) Phase 3: Adjust pointers
[142.293s][info][gc,phases      ] GC(303) Phase 3: Adjust pointers 0.863ms
[142.293s][info][gc,phases,start] GC(303) Phase 4: Compact heap
[142.293s][info][gc,phases      ] GC(303) Phase 4: Compact heap 0.491ms
[142.293s][info][gc,phases,start] GC(303) Phase 5: Reset Metadata
[142.296s][info][gc,phases      ] GC(303) Phase 5: Reset Metadata 2.798ms
[142.308s][info][gc,heap        ] GC(303) Eden regions: 1->0(102)
[142.308s][info][gc,heap        ] GC(303) Survivor regions: 0->0(0)
[142.308s][info][gc,heap        ] GC(303) Old regions: 4->4
[142.308s][info][gc,heap        ] GC(303) Humongous regions: 0->0
[142.308s][info][gc,metaspace   ] GC(303) Metaspace: 656K(896K)->649K(896K) NonClass: 610K(768K)->607K(768K) Class: 45K(128K)->42K(128K)
[142.308s][info][gc             ] GC(303) Pause Full (System.gc()) 3M->1M(8192M) 19.683ms
[142.308s][info][gc,cpu         ] GC(303) User=0.04s Sys=0.00s Real=0.02s
[142.763s][info][gc,start       ] GC(304) Pause Full (System.gc())
[142.763s][info][gc,task        ] GC(304) Using 5 workers of 10 for full compaction
[142.763s][info][gc,phases,start] GC(304) Phase 1: Mark live objects
[142.769s][info][gc,phases      ] GC(304) Phase 1: Mark live objects 5.618ms
[142.769s][info][gc,phases,start] GC(304) Phase 2: Prepare compaction
[142.769s][info][gc,phases      ] GC(304) Phase 2: Prepare compaction 0.473ms
[142.769s][info][gc,phases,start] GC(304) Phase 3: Adjust pointers
[142.771s][info][gc,phases      ] GC(304) Phase 3: Adjust pointers 1.305ms
[142.771s][info][gc,phases,start] GC(304) Phase 4: Compact heap
[142.772s][info][gc,phases      ] GC(304) Phase 4: Compact heap 0.765ms
[142.772s][info][gc,phases,start] GC(304) Phase 5: Reset Metadata
[142.774s][info][gc,phases      ] GC(304) Phase 5: Reset Metadata 2.324ms
[142.783s][info][gc,heap        ] GC(304) Eden regions: 1->0(102)
[142.783s][info][gc,heap        ] GC(304) Survivor regions: 0->0(0)
[142.783s][info][gc,heap        ] GC(304) Old regions: 4->4
[142.783s][info][gc,heap        ] GC(304) Humongous regions: 0->0
[142.783s][info][gc,metaspace   ] GC(304) Metaspace: 654K(896K)->652K(896K) NonClass: 610K(768K)->609K(768K) Class: 44K(128K)->43K(128K)
[142.783s][info][gc             ] GC(304) Pause Full (System.gc()) 3M->1M(8192M) 20.628ms
[142.783s][info][gc,cpu         ] GC(304) User=0.04s Sys=0.00s Real=0.02s
[143.235s][info][gc,start       ] GC(305) Pause Full (System.gc())
[143.235s][info][gc,task        ] GC(305) Using 5 workers of 10 for full compaction
[143.236s][info][gc,phases,start] GC(305) Phase 1: Mark live objects
[143.237s][info][gc,phases      ] GC(305) Phase 1: Mark live objects 1.497ms
[143.237s][info][gc,phases,start] GC(305) Phase 2: Prepare compaction
[143.238s][info][gc,phases      ] GC(305) Phase 2: Prepare compaction 0.365ms
[143.238s][info][gc,phases,start] GC(305) Phase 3: Adjust pointers
[143.238s][info][gc,phases      ] GC(305) Phase 3: Adjust pointers 0.666ms
[143.238s][info][gc,phases,start] GC(305) Phase 4: Compact heap
[143.239s][info][gc,phases      ] GC(305) Phase 4: Compact heap 0.324ms
[143.239s][info][gc,phases,start] GC(305) Phase 5: Reset Metadata
[143.240s][info][gc,phases      ] GC(305) Phase 5: Reset Metadata 1.402ms
[143.249s][info][gc,heap        ] GC(305) Eden regions: 1->0(102)
[143.249s][info][gc,heap        ] GC(305) Survivor regions: 0->0(0)
[143.249s][info][gc,heap        ] GC(305) Old regions: 4->4
[143.249s][info][gc,heap        ] GC(305) Humongous regions: 0->0
[143.249s][info][gc,metaspace   ] GC(305) Metaspace: 657K(896K)->657K(896K) NonClass: 612K(768K)->612K(768K) Class: 44K(128K)->44K(128K)
[143.249s][info][gc             ] GC(305) Pause Full (System.gc()) 3M->1M(8192M) 13.883ms
[143.249s][info][gc,cpu         ] GC(305) User=0.04s Sys=0.01s Real=0.02s
[143.706s][info][gc,start       ] GC(306) Pause Full (System.gc())
[143.706s][info][gc,task        ] GC(306) Using 5 workers of 10 for full compaction
[143.706s][info][gc,phases,start] GC(306) Phase 1: Mark live objects
[143.708s][info][gc,phases      ] GC(306) Phase 1: Mark live objects 1.779ms
[143.708s][info][gc,phases,start] GC(306) Phase 2: Prepare compaction
[143.709s][info][gc,phases      ] GC(306) Phase 2: Prepare compaction 0.351ms
[143.709s][info][gc,phases,start] GC(306) Phase 3: Adjust pointers
[143.709s][info][gc,phases      ] GC(306) Phase 3: Adjust pointers 0.617ms
[143.709s][info][gc,phases,start] GC(306) Phase 4: Compact heap
[143.710s][info][gc,phases      ] GC(306) Phase 4: Compact heap 0.291ms
[143.710s][info][gc,phases,start] GC(306) Phase 5: Reset Metadata
[143.711s][info][gc,phases      ] GC(306) Phase 5: Reset Metadata 1.711ms
[143.722s][info][gc,heap        ] GC(306) Eden regions: 1->0(102)
[143.722s][info][gc,heap        ] GC(306) Survivor regions: 0->0(0)
[143.722s][info][gc,heap        ] GC(306) Old regions: 4->4
[143.722s][info][gc,heap        ] GC(306) Humongous regions: 0->0
[143.722s][info][gc,metaspace   ] GC(306) Metaspace: 662K(896K)->656K(896K) NonClass: 615K(768K)->612K(768K) Class: 46K(128K)->44K(128K)
[143.722s][info][gc             ] GC(306) Pause Full (System.gc()) 3M->1M(8192M) 15.665ms
[143.722s][info][gc,cpu         ] GC(306) User=0.04s Sys=0.00s Real=0.02s
[144.179s][info][gc,start       ] GC(307) Pause Full (System.gc())
[144.179s][info][gc,task        ] GC(307) Using 5 workers of 10 for full compaction
[144.179s][info][gc,phases,start] GC(307) Phase 1: Mark live objects
[144.181s][info][gc,phases      ] GC(307) Phase 1: Mark live objects 1.681ms
[144.181s][info][gc,phases,start] GC(307) Phase 2: Prepare compaction
[144.181s][info][gc,phases      ] GC(307) Phase 2: Prepare compaction 0.443ms
[144.181s][info][gc,phases,start] GC(307) Phase 3: Adjust pointers
[144.182s][info][gc,phases      ] GC(307) Phase 3: Adjust pointers 0.746ms
[144.182s][info][gc,phases,start] GC(307) Phase 4: Compact heap
[144.182s][info][gc,phases      ] GC(307) Phase 4: Compact heap 0.350ms
[144.182s][info][gc,phases,start] GC(307) Phase 5: Reset Metadata
[144.184s][info][gc,phases      ] GC(307) Phase 5: Reset Metadata 2.032ms
[144.198s][info][gc,heap        ] GC(307) Eden regions: 1->0(102)
[144.198s][info][gc,heap        ] GC(307) Survivor regions: 0->0(0)
[144.198s][info][gc,heap        ] GC(307) Old regions: 4->4
[144.198s][info][gc,heap        ] GC(307) Humongous regions: 0->0
[144.198s][info][gc,metaspace   ] GC(307) Metaspace: 661K(896K)->659K(896K) NonClass: 615K(768K)->614K(768K) Class: 45K(128K)->44K(128K)
[144.198s][info][gc             ] GC(307) Pause Full (System.gc()) 3M->1M(8192M) 19.705ms
[144.198s][info][gc,cpu         ] GC(307) User=0.03s Sys=0.00s Real=0.02s
[144.653s][info][gc,start       ] GC(308) Pause Full (System.gc())
[144.653s][info][gc,task        ] GC(308) Using 5 workers of 10 for full compaction
[144.654s][info][gc,phases,start] GC(308) Phase 1: Mark live objects
[144.657s][info][gc,phases      ] GC(308) Phase 1: Mark live objects 3.578ms
[144.657s][info][gc,phases,start] GC(308) Phase 2: Prepare compaction
[144.658s][info][gc,phases      ] GC(308) Phase 2: Prepare compaction 0.457ms
[144.658s][info][gc,phases,start] GC(308) Phase 3: Adjust pointers
[144.659s][info][gc,phases      ] GC(308) Phase 3: Adjust pointers 0.848ms
[144.659s][info][gc,phases,start] GC(308) Phase 4: Compact heap
[144.659s][info][gc,phases      ] GC(308) Phase 4: Compact heap 0.377ms
[144.659s][info][gc,phases,start] GC(308) Phase 5: Reset Metadata
[144.661s][info][gc,phases      ] GC(308) Phase 5: Reset Metadata 1.797ms
[144.672s][info][gc,heap        ] GC(308) Eden regions: 1->0(102)
[144.672s][info][gc,heap        ] GC(308) Survivor regions: 0->0(0)
[144.672s][info][gc,heap        ] GC(308) Old regions: 4->4
[144.672s][info][gc,heap        ] GC(308) Humongous regions: 0->0
[144.672s][info][gc,metaspace   ] GC(308) Metaspace: 664K(896K)->663K(896K) NonClass: 617K(768K)->617K(768K) Class: 46K(128K)->45K(128K)
[144.672s][info][gc             ] GC(308) Pause Full (System.gc()) 3M->1M(8192M) 18.891ms
[144.672s][info][gc,cpu         ] GC(308) User=0.04s Sys=0.00s Real=0.02s
[145.125s][info][gc,start       ] GC(309) Pause Full (System.gc())
[145.125s][info][gc,task        ] GC(309) Using 5 workers of 10 for full compaction
[145.125s][info][gc,phases,start] GC(309) Phase 1: Mark live objects
[145.126s][info][gc,phases      ] GC(309) Phase 1: Mark live objects 1.454ms
[145.127s][info][gc,phases,start] GC(309) Phase 2: Prepare compaction
[145.127s][info][gc,phases      ] GC(309) Phase 2: Prepare compaction 0.439ms
[145.127s][info][gc,phases,start] GC(309) Phase 3: Adjust pointers
[145.128s][info][gc,phases      ] GC(309) Phase 3: Adjust pointers 0.695ms
[145.128s][info][gc,phases,start] GC(309) Phase 4: Compact heap
[145.128s][info][gc,phases      ] GC(309) Phase 4: Compact heap 0.393ms
[145.128s][info][gc,phases,start] GC(309) Phase 5: Reset Metadata
[145.130s][info][gc,phases      ] GC(309) Phase 5: Reset Metadata 2.326ms
[145.142s][info][gc,heap        ] GC(309) Eden regions: 1->0(102)
[145.142s][info][gc,heap        ] GC(309) Survivor regions: 0->0(0)
[145.142s][info][gc,heap        ] GC(309) Old regions: 4->4
[145.142s][info][gc,heap        ] GC(309) Humongous regions: 0->0
[145.142s][info][gc,metaspace   ] GC(309) Metaspace: 668K(896K)->668K(896K) NonClass: 620K(768K)->620K(768K) Class: 47K(128K)->47K(128K)
[145.142s][info][gc             ] GC(309) Pause Full (System.gc()) 3M->1M(8192M) 16.898ms
[145.142s][info][gc,cpu         ] GC(309) User=0.03s Sys=0.00s Real=0.02s
[145.595s][info][gc,start       ] GC(310) Pause Full (System.gc())
[145.595s][info][gc,task        ] GC(310) Using 5 workers of 10 for full compaction
[145.595s][info][gc,phases,start] GC(310) Phase 1: Mark live objects
[145.599s][info][gc,phases      ] GC(310) Phase 1: Mark live objects 3.750ms
[145.599s][info][gc,phases,start] GC(310) Phase 2: Prepare compaction
[145.600s][info][gc,phases      ] GC(310) Phase 2: Prepare compaction 0.619ms
[145.600s][info][gc,phases,start] GC(310) Phase 3: Adjust pointers
[145.601s][info][gc,phases      ] GC(310) Phase 3: Adjust pointers 0.983ms
[145.601s][info][gc,phases,start] GC(310) Phase 4: Compact heap
[145.602s][info][gc,phases      ] GC(310) Phase 4: Compact heap 1.397ms
[145.602s][info][gc,phases,start] GC(310) Phase 5: Reset Metadata
[145.604s][info][gc,phases      ] GC(310) Phase 5: Reset Metadata 1.874ms
[145.614s][info][gc,heap        ] GC(310) Eden regions: 1->0(102)
[145.614s][info][gc,heap        ] GC(310) Survivor regions: 0->0(0)
[145.614s][info][gc,heap        ] GC(310) Old regions: 4->4
[145.614s][info][gc,heap        ] GC(310) Humongous regions: 0->0
[145.614s][info][gc,metaspace   ] GC(310) Metaspace: 673K(896K)->625K(832K) NonClass: 623K(768K)->587K(704K) Class: 49K(128K)->38K(128K)
[145.614s][info][gc             ] GC(310) Pause Full (System.gc()) 3M->1M(8192M) 19.588ms
[145.614s][info][gc,cpu         ] GC(310) User=0.04s Sys=0.00s Real=0.02s
[146.071s][info][gc,start       ] GC(311) Pause Full (System.gc())
[146.071s][info][gc,task        ] GC(311) Using 5 workers of 10 for full compaction
[146.072s][info][gc,phases,start] GC(311) Phase 1: Mark live objects
[146.075s][info][gc,phases      ] GC(311) Phase 1: Mark live objects 3.100ms
[146.075s][info][gc,phases,start] GC(311) Phase 2: Prepare compaction
[146.078s][info][gc,phases      ] GC(311) Phase 2: Prepare compaction 2.903ms
[146.078s][info][gc,phases,start] GC(311) Phase 3: Adjust pointers
[146.079s][info][gc,phases      ] GC(311) Phase 3: Adjust pointers 1.542ms
[146.079s][info][gc,phases,start] GC(311) Phase 4: Compact heap
[146.080s][info][gc,phases      ] GC(311) Phase 4: Compact heap 0.904ms
[146.080s][info][gc,phases,start] GC(311) Phase 5: Reset Metadata
[146.083s][info][gc,phases      ] GC(311) Phase 5: Reset Metadata 2.101ms
[146.093s][info][gc,heap        ] GC(311) Eden regions: 1->0(102)
[146.093s][info][gc,heap        ] GC(311) Survivor regions: 0->0(0)
[146.093s][info][gc,heap        ] GC(311) Old regions: 4->4
[146.093s][info][gc,heap        ] GC(311) Humongous regions: 0->0
[146.093s][info][gc,metaspace   ] GC(311) Metaspace: 630K(832K)->627K(832K) NonClass: 590K(704K)->588K(704K) Class: 40K(128K)->39K(128K)
[146.093s][info][gc             ] GC(311) Pause Full (System.gc()) 3M->1M(8192M) 22.197ms
[146.093s][info][gc,cpu         ] GC(311) User=0.05s Sys=0.00s Real=0.02s
[146.550s][info][gc,start       ] GC(312) Pause Full (System.gc())
[146.550s][info][gc,task        ] GC(312) Using 5 workers of 10 for full compaction
[146.551s][info][gc,phases,start] GC(312) Phase 1: Mark live objects
[146.557s][info][gc,phases      ] GC(312) Phase 1: Mark live objects 6.806ms
[146.558s][info][gc,phases,start] GC(312) Phase 2: Prepare compaction
[146.559s][info][gc,phases      ] GC(312) Phase 2: Prepare compaction 1.282ms
[146.559s][info][gc,phases,start] GC(312) Phase 3: Adjust pointers
[146.562s][info][gc,phases      ] GC(312) Phase 3: Adjust pointers 2.726ms
[146.562s][info][gc,phases,start] GC(312) Phase 4: Compact heap
[146.562s][info][gc,phases      ] GC(312) Phase 4: Compact heap 0.672ms
[146.562s][info][gc,phases,start] GC(312) Phase 5: Reset Metadata
[146.565s][info][gc,phases      ] GC(312) Phase 5: Reset Metadata 2.841ms
[146.575s][info][gc,heap        ] GC(312) Eden regions: 1->0(102)
[146.575s][info][gc,heap        ] GC(312) Survivor regions: 0->0(0)
[146.575s][info][gc,heap        ] GC(312) Old regions: 4->4
[146.575s][info][gc,heap        ] GC(312) Humongous regions: 0->0
[146.575s][info][gc,metaspace   ] GC(312) Metaspace: 632K(832K)->631K(832K) NonClass: 591K(704K)->591K(704K) Class: 40K(128K)->40K(128K)
[146.575s][info][gc             ] GC(312) Pause Full (System.gc()) 3M->1M(8192M) 24.918ms
[146.575s][info][gc,cpu         ] GC(312) User=0.04s Sys=0.01s Real=0.02s
[147.031s][info][gc,start       ] GC(313) Pause Full (System.gc())
[147.031s][info][gc,task        ] GC(313) Using 5 workers of 10 for full compaction
[147.031s][info][gc,phases,start] GC(313) Phase 1: Mark live objects
[147.035s][info][gc,phases      ] GC(313) Phase 1: Mark live objects 3.843ms
[147.035s][info][gc,phases,start] GC(313) Phase 2: Prepare compaction
[147.037s][info][gc,phases      ] GC(313) Phase 2: Prepare compaction 1.401ms
[147.037s][info][gc,phases,start] GC(313) Phase 3: Adjust pointers
[147.039s][info][gc,phases      ] GC(313) Phase 3: Adjust pointers 2.132ms
[147.039s][info][gc,phases,start] GC(313) Phase 4: Compact heap
[147.040s][info][gc,phases      ] GC(313) Phase 4: Compact heap 0.763ms
[147.040s][info][gc,phases,start] GC(313) Phase 5: Reset Metadata
[147.041s][info][gc,phases      ] GC(313) Phase 5: Reset Metadata 1.728ms
[147.052s][info][gc,heap        ] GC(313) Eden regions: 1->0(102)
[147.052s][info][gc,heap        ] GC(313) Survivor regions: 0->0(0)
[147.052s][info][gc,heap        ] GC(313) Old regions: 4->4
[147.052s][info][gc,heap        ] GC(313) Humongous regions: 0->0
[147.052s][info][gc,metaspace   ] GC(313) Metaspace: 636K(832K)->635K(832K) NonClass: 594K(704K)->593K(704K) Class: 42K(128K)->41K(128K)
[147.052s][info][gc             ] GC(313) Pause Full (System.gc()) 3M->1M(8192M) 21.497ms
[147.052s][info][gc,cpu         ] GC(313) User=0.04s Sys=0.00s Real=0.02s
[147.509s][info][gc,start       ] GC(314) Pause Full (System.gc())
[147.509s][info][gc,task        ] GC(314) Using 5 workers of 10 for full compaction
[147.509s][info][gc,phases,start] GC(314) Phase 1: Mark live objects
[147.512s][info][gc,phases      ] GC(314) Phase 1: Mark live objects 3.141ms
[147.512s][info][gc,phases,start] GC(314) Phase 2: Prepare compaction
[147.513s][info][gc,phases      ] GC(314) Phase 2: Prepare compaction 0.411ms
[147.513s][info][gc,phases,start] GC(314) Phase 3: Adjust pointers
[147.514s][info][gc,phases      ] GC(314) Phase 3: Adjust pointers 1.015ms
[147.514s][info][gc,phases,start] GC(314) Phase 4: Compact heap
[147.514s][info][gc,phases      ] GC(314) Phase 4: Compact heap 0.676ms
[147.514s][info][gc,phases,start] GC(314) Phase 5: Reset Metadata
[147.516s][info][gc,phases      ] GC(314) Phase 5: Reset Metadata 1.856ms
[147.526s][info][gc,heap        ] GC(314) Eden regions: 1->0(102)
[147.526s][info][gc,heap        ] GC(314) Survivor regions: 0->0(0)
[147.526s][info][gc,heap        ] GC(314) Old regions: 4->4
[147.526s][info][gc,heap        ] GC(314) Humongous regions: 0->0
[147.526s][info][gc,metaspace   ] GC(314) Metaspace: 640K(832K)->640K(832K) NonClass: 597K(704K)->597K(704K) Class: 43K(128K)->43K(128K)
[147.526s][info][gc             ] GC(314) Pause Full (System.gc()) 3M->1M(8192M) 17.687ms
[147.526s][info][gc,cpu         ] GC(314) User=0.04s Sys=0.00s Real=0.01s
[147.982s][info][gc,start       ] GC(315) Pause Full (System.gc())
[147.982s][info][gc,task        ] GC(315) Using 5 workers of 10 for full compaction
[147.982s][info][gc,phases,start] GC(315) Phase 1: Mark live objects
[147.984s][info][gc,phases      ] GC(315) Phase 1: Mark live objects 1.969ms
[147.984s][info][gc,phases,start] GC(315) Phase 2: Prepare compaction
[147.985s][info][gc,phases      ] GC(315) Phase 2: Prepare compaction 0.422ms
[147.985s][info][gc,phases,start] GC(315) Phase 3: Adjust pointers
[147.985s][info][gc,phases      ] GC(315) Phase 3: Adjust pointers 0.888ms
[147.985s][info][gc,phases,start] GC(315) Phase 4: Compact heap
[147.986s][info][gc,phases      ] GC(315) Phase 4: Compact heap 0.350ms
[147.986s][info][gc,phases,start] GC(315) Phase 5: Reset Metadata
[147.988s][info][gc,phases      ] GC(315) Phase 5: Reset Metadata 1.690ms
[147.997s][info][gc,heap        ] GC(315) Eden regions: 1->0(102)
[147.997s][info][gc,heap        ] GC(315) Survivor regions: 0->0(0)
[147.997s][info][gc,heap        ] GC(315) Old regions: 4->4
[147.997s][info][gc,heap        ] GC(315) Humongous regions: 0->0
[147.997s][info][gc,metaspace   ] GC(315) Metaspace: 645K(832K)->629K(832K) NonClass: 600K(704K)->591K(704K) Class: 45K(128K)->38K(128K)
[147.997s][info][gc             ] GC(315) Pause Full (System.gc()) 3M->1M(8192M) 15.511ms
[147.997s][info][gc,cpu         ] GC(315) User=0.04s Sys=0.00s Real=0.02s
[148.450s][info][gc,start       ] GC(316) Pause Full (System.gc())
[148.450s][info][gc,task        ] GC(316) Using 5 workers of 10 for full compaction
[148.451s][info][gc,phases,start] GC(316) Phase 1: Mark live objects
[148.454s][info][gc,phases      ] GC(316) Phase 1: Mark live objects 3.158ms
[148.454s][info][gc,phases,start] GC(316) Phase 2: Prepare compaction
[148.455s][info][gc,phases      ] GC(316) Phase 2: Prepare compaction 0.809ms
[148.455s][info][gc,phases,start] GC(316) Phase 3: Adjust pointers
[148.455s][info][gc,phases      ] GC(316) Phase 3: Adjust pointers 0.792ms
[148.456s][info][gc,phases,start] GC(316) Phase 4: Compact heap
[148.456s][info][gc,phases      ] GC(316) Phase 4: Compact heap 0.299ms
[148.456s][info][gc,phases,start] GC(316) Phase 5: Reset Metadata
[148.458s][info][gc,phases      ] GC(316) Phase 5: Reset Metadata 2.202ms
[148.467s][info][gc,heap        ] GC(316) Eden regions: 1->0(102)
[148.467s][info][gc,heap        ] GC(316) Survivor regions: 0->0(0)
[148.467s][info][gc,heap        ] GC(316) Old regions: 4->4
[148.467s][info][gc,heap        ] GC(316) Humongous regions: 0->0
[148.467s][info][gc,metaspace   ] GC(316) Metaspace: 634K(832K)->631K(832K) NonClass: 594K(704K)->593K(704K) Class: 39K(128K)->38K(128K)
[148.467s][info][gc             ] GC(316) Pause Full (System.gc()) 3M->1M(8192M) 16.768ms
[148.467s][info][gc,cpu         ] GC(316) User=0.04s Sys=0.00s Real=0.02s
[148.920s][info][gc,start       ] GC(317) Pause Full (System.gc())
[148.920s][info][gc,task        ] GC(317) Using 5 workers of 10 for full compaction
[148.921s][info][gc,phases,start] GC(317) Phase 1: Mark live objects
[148.924s][info][gc,phases      ] GC(317) Phase 1: Mark live objects 3.283ms
[148.924s][info][gc,phases,start] GC(317) Phase 2: Prepare compaction
[148.925s][info][gc,phases      ] GC(317) Phase 2: Prepare compaction 0.587ms
[148.925s][info][gc,phases,start] GC(317) Phase 3: Adjust pointers
[148.926s][info][gc,phases      ] GC(317) Phase 3: Adjust pointers 0.948ms
[148.926s][info][gc,phases,start] GC(317) Phase 4: Compact heap
[148.926s][info][gc,phases      ] GC(317) Phase 4: Compact heap 0.502ms
[148.926s][info][gc,phases,start] GC(317) Phase 5: Reset Metadata
[148.928s][info][gc,phases      ] GC(317) Phase 5: Reset Metadata 1.671ms
[148.937s][info][gc,heap        ] GC(317) Eden regions: 1->0(102)
[148.937s][info][gc,heap        ] GC(317) Survivor regions: 0->0(0)
[148.937s][info][gc,heap        ] GC(317) Old regions: 4->4
[148.937s][info][gc,heap        ] GC(317) Humongous regions: 0->0
[148.937s][info][gc,metaspace   ] GC(317) Metaspace: 636K(832K)->635K(832K) NonClass: 596K(704K)->595K(704K) Class: 40K(128K)->39K(128K)
[148.937s][info][gc             ] GC(317) Pause Full (System.gc()) 3M->1M(8192M) 17.207ms
[148.938s][info][gc,cpu         ] GC(317) User=0.05s Sys=0.00s Real=0.02s
[149.395s][info][gc,start       ] GC(318) Pause Full (System.gc())
[149.395s][info][gc,task        ] GC(318) Using 5 workers of 10 for full compaction
[149.396s][info][gc,phases,start] GC(318) Phase 1: Mark live objects
[149.399s][info][gc,phases      ] GC(318) Phase 1: Mark live objects 3.648ms
[149.399s][info][gc,phases,start] GC(318) Phase 2: Prepare compaction
[149.400s][info][gc,phases      ] GC(318) Phase 2: Prepare compaction 0.838ms
[149.400s][info][gc,phases,start] GC(318) Phase 3: Adjust pointers
[149.402s][info][gc,phases      ] GC(318) Phase 3: Adjust pointers 1.276ms
[149.402s][info][gc,phases,start] GC(318) Phase 4: Compact heap
[149.402s][info][gc,phases      ] GC(318) Phase 4: Compact heap 0.529ms
[149.402s][info][gc,phases,start] GC(318) Phase 5: Reset Metadata
[149.404s][info][gc,phases      ] GC(318) Phase 5: Reset Metadata 1.849ms
[149.415s][info][gc,heap        ] GC(318) Eden regions: 1->0(102)
[149.415s][info][gc,heap        ] GC(318) Survivor regions: 0->0(0)
[149.415s][info][gc,heap        ] GC(318) Old regions: 4->4
[149.415s][info][gc,heap        ] GC(318) Humongous regions: 0->0
[149.415s][info][gc,metaspace   ] GC(318) Metaspace: 640K(832K)->623K(832K) NonClass: 599K(704K)->586K(704K) Class: 41K(128K)->37K(128K)
[149.415s][info][gc             ] GC(318) Pause Full (System.gc()) 3M->1M(8192M) 20.324ms
[149.415s][info][gc,cpu         ] GC(318) User=0.04s Sys=0.00s Real=0.02s
[149.872s][info][gc,start       ] GC(319) Pause Full (System.gc())
[149.872s][info][gc,task        ] GC(319) Using 5 workers of 10 for full compaction
[149.872s][info][gc,phases,start] GC(319) Phase 1: Mark live objects
[149.876s][info][gc,phases      ] GC(319) Phase 1: Mark live objects 3.910ms
[149.876s][info][gc,phases,start] GC(319) Phase 2: Prepare compaction
[149.878s][info][gc,phases      ] GC(319) Phase 2: Prepare compaction 1.307ms
[149.878s][info][gc,phases,start] GC(319) Phase 3: Adjust pointers
[149.880s][info][gc,phases      ] GC(319) Phase 3: Adjust pointers 2.609ms
[149.881s][info][gc,phases,start] GC(319) Phase 4: Compact heap
[149.882s][info][gc,phases      ] GC(319) Phase 4: Compact heap 1.151ms
[149.882s][info][gc,phases,start] GC(319) Phase 5: Reset Metadata
[149.885s][info][gc,phases      ] GC(319) Phase 5: Reset Metadata 3.129ms
[149.895s][info][gc,heap        ] GC(319) Eden regions: 1->0(102)
[149.895s][info][gc,heap        ] GC(319) Survivor regions: 0->0(0)
[149.895s][info][gc,heap        ] GC(319) Old regions: 4->4
[149.895s][info][gc,heap        ] GC(319) Humongous regions: 0->0
[149.895s][info][gc,metaspace   ] GC(319) Metaspace: 628K(832K)->625K(832K) NonClass: 589K(704K)->587K(704K) Class: 39K(128K)->38K(128K)
[149.895s][info][gc             ] GC(319) Pause Full (System.gc()) 3M->1M(8192M) 22.900ms
[149.895s][info][gc,cpu         ] GC(319) User=0.05s Sys=0.01s Real=0.02s
[150.348s][info][gc,start       ] GC(320) Pause Full (System.gc())
[150.348s][info][gc,task        ] GC(320) Using 5 workers of 10 for full compaction
[150.349s][info][gc,phases,start] GC(320) Phase 1: Mark live objects
[150.352s][info][gc,phases      ] GC(320) Phase 1: Mark live objects 3.003ms
[150.352s][info][gc,phases,start] GC(320) Phase 2: Prepare compaction
[150.353s][info][gc,phases      ] GC(320) Phase 2: Prepare compaction 0.844ms
[150.353s][info][gc,phases,start] GC(320) Phase 3: Adjust pointers
[150.354s][info][gc,phases      ] GC(320) Phase 3: Adjust pointers 1.383ms
[150.354s][info][gc,phases,start] GC(320) Phase 4: Compact heap
[150.355s][info][gc,phases      ] GC(320) Phase 4: Compact heap 0.702ms
[150.355s][info][gc,phases,start] GC(320) Phase 5: Reset Metadata
[150.357s][info][gc,phases      ] GC(320) Phase 5: Reset Metadata 1.989ms
[150.367s][info][gc,heap        ] GC(320) Eden regions: 1->0(102)
[150.367s][info][gc,heap        ] GC(320) Survivor regions: 0->0(0)
[150.367s][info][gc,heap        ] GC(320) Old regions: 4->4
[150.367s][info][gc,heap        ] GC(320) Humongous regions: 0->0
[150.367s][info][gc,metaspace   ] GC(320) Metaspace: 630K(832K)->630K(832K) NonClass: 590K(704K)->590K(704K) Class: 40K(128K)->40K(128K)
[150.367s][info][gc             ] GC(320) Pause Full (System.gc()) 3M->1M(8192M) 18.879ms
[150.367s][info][gc,cpu         ] GC(320) User=0.05s Sys=0.00s Real=0.02s
[150.821s][info][gc,start       ] GC(321) Pause Full (System.gc())
[150.822s][info][gc,task        ] GC(321) Using 5 workers of 10 for full compaction
[150.822s][info][gc,phases,start] GC(321) Phase 1: Mark live objects
[150.823s][info][gc,phases      ] GC(321) Phase 1: Mark live objects 1.497ms
[150.823s][info][gc,phases,start] GC(321) Phase 2: Prepare compaction
[150.824s][info][gc,phases      ] GC(321) Phase 2: Prepare compaction 0.437ms
[150.824s][info][gc,phases,start] GC(321) Phase 3: Adjust pointers
[150.825s][info][gc,phases      ] GC(321) Phase 3: Adjust pointers 0.710ms
[150.825s][info][gc,phases,start] GC(321) Phase 4: Compact heap
[150.825s][info][gc,phases      ] GC(321) Phase 4: Compact heap 0.379ms
[150.825s][info][gc,phases,start] GC(321) Phase 5: Reset Metadata
[150.827s][info][gc,phases      ] GC(321) Phase 5: Reset Metadata 1.870ms
[150.837s][info][gc,heap        ] GC(321) Eden regions: 1->0(102)
[150.838s][info][gc,heap        ] GC(321) Survivor regions: 0->0(0)
[150.838s][info][gc,heap        ] GC(321) Old regions: 4->4
[150.838s][info][gc,heap        ] GC(321) Humongous regions: 0->0
[150.838s][info][gc,metaspace   ] GC(321) Metaspace: 635K(832K)->635K(832K) NonClass: 593K(704K)->593K(704K) Class: 41K(128K)->41K(128K)
[150.838s][info][gc             ] GC(321) Pause Full (System.gc()) 3M->1M(8192M) 16.181ms
[150.838s][info][gc,cpu         ] GC(321) User=0.04s Sys=0.00s Real=0.02s
[151.292s][info][gc,start       ] GC(322) Pause Full (System.gc())
[151.292s][info][gc,task        ] GC(322) Using 5 workers of 10 for full compaction
[151.292s][info][gc,phases,start] GC(322) Phase 1: Mark live objects
[151.294s][info][gc,phases      ] GC(322) Phase 1: Mark live objects 2.423ms
[151.294s][info][gc,phases,start] GC(322) Phase 2: Prepare compaction
[151.295s][info][gc,phases      ] GC(322) Phase 2: Prepare compaction 0.831ms
[151.295s][info][gc,phases,start] GC(322) Phase 3: Adjust pointers
[151.297s][info][gc,phases      ] GC(322) Phase 3: Adjust pointers 1.283ms
[151.297s][info][gc,phases,start] GC(322) Phase 4: Compact heap
[151.297s][info][gc,phases      ] GC(322) Phase 4: Compact heap 0.734ms
[151.298s][info][gc,phases,start] GC(322) Phase 5: Reset Metadata
[151.300s][info][gc,phases      ] GC(322) Phase 5: Reset Metadata 2.080ms
[151.311s][info][gc,heap        ] GC(322) Eden regions: 1->0(102)
[151.311s][info][gc,heap        ] GC(322) Survivor regions: 0->0(0)
[151.311s][info][gc,heap        ] GC(322) Old regions: 4->4
[151.311s][info][gc,heap        ] GC(322) Humongous regions: 0->0
[151.312s][info][gc,metaspace   ] GC(322) Metaspace: 640K(832K)->640K(832K) NonClass: 596K(704K)->596K(704K) Class: 43K(128K)->43K(128K)
[151.312s][info][gc             ] GC(322) Pause Full (System.gc()) 3M->1M(8192M) 20.041ms
[151.312s][info][gc,cpu         ] GC(322) User=0.04s Sys=0.01s Real=0.02s
[151.764s][info][gc,start       ] GC(323) Pause Full (System.gc())
[151.764s][info][gc,task        ] GC(323) Using 5 workers of 10 for full compaction
[151.764s][info][gc,phases,start] GC(323) Phase 1: Mark live objects
[151.768s][info][gc,phases      ] GC(323) Phase 1: Mark live objects 3.592ms
[151.768s][info][gc,phases,start] GC(323) Phase 2: Prepare compaction
[151.769s][info][gc,phases      ] GC(323) Phase 2: Prepare compaction 0.800ms
[151.769s][info][gc,phases,start] GC(323) Phase 3: Adjust pointers
[151.770s][info][gc,phases      ] GC(323) Phase 3: Adjust pointers 1.503ms
[151.770s][info][gc,phases,start] GC(323) Phase 4: Compact heap
[151.772s][info][gc,phases      ] GC(323) Phase 4: Compact heap 1.506ms
[151.772s][info][gc,phases,start] GC(323) Phase 5: Reset Metadata
[151.774s][info][gc,phases      ] GC(323) Phase 5: Reset Metadata 1.776ms
[151.784s][info][gc,heap        ] GC(323) Eden regions: 1->0(102)
[151.784s][info][gc,heap        ] GC(323) Survivor regions: 0->0(0)
[151.784s][info][gc,heap        ] GC(323) Old regions: 4->4
[151.784s][info][gc,heap        ] GC(323) Humongous regions: 0->0
[151.784s][info][gc,metaspace   ] GC(323) Metaspace: 645K(832K)->629K(832K) NonClass: 600K(704K)->591K(704K) Class: 45K(128K)->38K(128K)
[151.784s][info][gc             ] GC(323) Pause Full (System.gc()) 3M->1M(8192M) 20.157ms
[151.784s][info][gc,cpu         ] GC(323) User=0.05s Sys=0.00s Real=0.02s
[152.237s][info][gc,start       ] GC(324) Pause Full (System.gc())
[152.238s][info][gc,task        ] GC(324) Using 5 workers of 10 for full compaction
[152.238s][info][gc,phases,start] GC(324) Phase 1: Mark live objects
[152.241s][info][gc,phases      ] GC(324) Phase 1: Mark live objects 3.285ms
[152.241s][info][gc,phases,start] GC(324) Phase 2: Prepare compaction
[152.242s][info][gc,phases      ] GC(324) Phase 2: Prepare compaction 0.812ms
[152.242s][info][gc,phases,start] GC(324) Phase 3: Adjust pointers
[152.244s][info][gc,phases      ] GC(324) Phase 3: Adjust pointers 1.655ms
[152.244s][info][gc,phases,start] GC(324) Phase 4: Compact heap
[152.245s][info][gc,phases      ] GC(324) Phase 4: Compact heap 0.886ms
[152.245s][info][gc,phases,start] GC(324) Phase 5: Reset Metadata
[152.247s][info][gc,phases      ] GC(324) Phase 5: Reset Metadata 1.912ms
[152.257s][info][gc,heap        ] GC(324) Eden regions: 1->0(102)
[152.257s][info][gc,heap        ] GC(324) Survivor regions: 0->0(0)
[152.257s][info][gc,heap        ] GC(324) Old regions: 4->4
[152.257s][info][gc,heap        ] GC(324) Humongous regions: 0->0
[152.257s][info][gc,metaspace   ] GC(324) Metaspace: 634K(832K)->631K(832K) NonClass: 594K(704K)->593K(704K) Class: 39K(128K)->38K(128K)
[152.257s][info][gc             ] GC(324) Pause Full (System.gc()) 3M->1M(8192M) 19.589ms
[152.257s][info][gc,cpu         ] GC(324) User=0.05s Sys=0.00s Real=0.02s
[152.714s][info][gc,start       ] GC(325) Pause Full (System.gc())
[152.714s][info][gc,task        ] GC(325) Using 5 workers of 10 for full compaction
[152.715s][info][gc,phases,start] GC(325) Phase 1: Mark live objects
[152.716s][info][gc,phases      ] GC(325) Phase 1: Mark live objects 1.804ms
[152.717s][info][gc,phases,start] GC(325) Phase 2: Prepare compaction
[152.717s][info][gc,phases      ] GC(325) Phase 2: Prepare compaction 0.379ms
[152.717s][info][gc,phases,start] GC(325) Phase 3: Adjust pointers
[152.718s][info][gc,phases      ] GC(325) Phase 3: Adjust pointers 0.684ms
[152.718s][info][gc,phases,start] GC(325) Phase 4: Compact heap
[152.718s][info][gc,phases      ] GC(325) Phase 4: Compact heap 0.356ms
[152.718s][info][gc,phases,start] GC(325) Phase 5: Reset Metadata
[152.719s][info][gc,phases      ] GC(325) Phase 5: Reset Metadata 1.408ms
[152.728s][info][gc,heap        ] GC(325) Eden regions: 1->0(102)
[152.728s][info][gc,heap        ] GC(325) Survivor regions: 0->0(0)
[152.728s][info][gc,heap        ] GC(325) Old regions: 4->4
[152.728s][info][gc,heap        ] GC(325) Humongous regions: 0->0
[152.728s][info][gc,metaspace   ] GC(325) Metaspace: 636K(832K)->635K(832K) NonClass: 596K(704K)->595K(704K) Class: 40K(128K)->39K(128K)
[152.728s][info][gc             ] GC(325) Pause Full (System.gc()) 3M->1M(8192M) 14.167ms
[152.729s][info][gc,cpu         ] GC(325) User=0.04s Sys=0.01s Real=0.02s
[153.185s][info][gc,start       ] GC(326) Pause Full (System.gc())
[153.185s][info][gc,task        ] GC(326) Using 5 workers of 10 for full compaction
[153.185s][info][gc,phases,start] GC(326) Phase 1: Mark live objects
[153.186s][info][gc,phases      ] GC(326) Phase 1: Mark live objects 0.648ms
[153.186s][info][gc,phases,start] GC(326) Phase 2: Prepare compaction
[153.186s][info][gc,phases      ] GC(326) Phase 2: Prepare compaction 0.271ms
[153.186s][info][gc,phases,start] GC(326) Phase 3: Adjust pointers
[153.187s][info][gc,phases      ] GC(326) Phase 3: Adjust pointers 0.371ms
[153.187s][info][gc,phases,start] GC(326) Phase 4: Compact heap
[153.187s][info][gc,phases      ] GC(326) Phase 4: Compact heap 0.234ms
[153.187s][info][gc,phases,start] GC(326) Phase 5: Reset Metadata
[153.187s][info][gc,phases      ] GC(326) Phase 5: Reset Metadata 0.286ms
[153.189s][info][gc,heap        ] GC(326) Eden regions: 1->0(102)
[153.189s][info][gc,heap        ] GC(326) Survivor regions: 0->0(0)
[153.189s][info][gc,heap        ] GC(326) Old regions: 4->4
[153.189s][info][gc,heap        ] GC(326) Humongous regions: 0->0
[153.189s][info][gc,metaspace   ] GC(326) Metaspace: 640K(832K)->639K(832K) NonClass: 599K(704K)->598K(704K) Class: 41K(128K)->41K(128K)
[153.189s][info][gc             ] GC(326) Pause Full (System.gc()) 3M->1M(8192M) 3.853ms
[153.189s][info][gc,cpu         ] GC(326) User=0.02s Sys=0.00s Real=0.01s
[153.646s][info][gc,start       ] GC(327) Pause Full (System.gc())
[153.646s][info][gc,task        ] GC(327) Using 5 workers of 10 for full compaction
[153.647s][info][gc,phases,start] GC(327) Phase 1: Mark live objects
[153.650s][info][gc,phases      ] GC(327) Phase 1: Mark live objects 3.216ms
[153.650s][info][gc,phases,start] GC(327) Phase 2: Prepare compaction
[153.651s][info][gc,phases      ] GC(327) Phase 2: Prepare compaction 0.542ms
[153.651s][info][gc,phases,start] GC(327) Phase 3: Adjust pointers
[153.651s][info][gc,phases      ] GC(327) Phase 3: Adjust pointers 0.710ms
[153.651s][info][gc,phases,start] GC(327) Phase 4: Compact heap
[153.652s][info][gc,phases      ] GC(327) Phase 4: Compact heap 0.381ms
[153.652s][info][gc,phases,start] GC(327) Phase 5: Reset Metadata
[153.654s][info][gc,phases      ] GC(327) Phase 5: Reset Metadata 1.813ms
[153.665s][info][gc,heap        ] GC(327) Eden regions: 1->0(102)
[153.665s][info][gc,heap        ] GC(327) Survivor regions: 0->0(0)
[153.665s][info][gc,heap        ] GC(327) Old regions: 4->4
[153.665s][info][gc,heap        ] GC(327) Humongous regions: 0->0
[153.665s][info][gc,metaspace   ] GC(327) Metaspace: 644K(832K)->638K(832K) NonClass: 601K(704K)->598K(704K) Class: 42K(128K)->40K(128K)
[153.665s][info][gc             ] GC(327) Pause Full (System.gc()) 3M->1M(8192M) 18.706ms
[153.665s][info][gc,cpu         ] GC(327) User=0.04s Sys=0.00s Real=0.02s
[154.120s][info][gc,start       ] GC(328) Pause Full (System.gc())
[154.120s][info][gc,task        ] GC(328) Using 5 workers of 10 for full compaction
[154.121s][info][gc,phases,start] GC(328) Phase 1: Mark live objects
[154.124s][info][gc,phases      ] GC(328) Phase 1: Mark live objects 3.335ms
[154.124s][info][gc,phases,start] GC(328) Phase 2: Prepare compaction
[154.125s][info][gc,phases      ] GC(328) Phase 2: Prepare compaction 0.813ms
[154.125s][info][gc,phases,start] GC(328) Phase 3: Adjust pointers
[154.127s][info][gc,phases      ] GC(328) Phase 3: Adjust pointers 1.971ms
[154.127s][info][gc,phases,start] GC(328) Phase 4: Compact heap
[154.128s][info][gc,phases      ] GC(328) Phase 4: Compact heap 0.548ms
[154.128s][info][gc,phases,start] GC(328) Phase 5: Reset Metadata
[154.131s][info][gc,phases      ] GC(328) Phase 5: Reset Metadata 3.772ms
[154.142s][info][gc,heap        ] GC(328) Eden regions: 1->0(102)
[154.142s][info][gc,heap        ] GC(328) Survivor regions: 0->0(0)
[154.142s][info][gc,heap        ] GC(328) Old regions: 4->4
[154.142s][info][gc,heap        ] GC(328) Humongous regions: 0->0
[154.142s][info][gc,metaspace   ] GC(328) Metaspace: 643K(832K)->640K(832K) NonClass: 601K(704K)->600K(704K) Class: 41K(128K)->40K(128K)
[154.142s][info][gc             ] GC(328) Pause Full (System.gc()) 3M->1M(8192M) 22.003ms
[154.142s][info][gc,cpu         ] GC(328) User=0.05s Sys=0.00s Real=0.02s
[154.595s][info][gc,start       ] GC(329) Pause Full (System.gc())
[154.596s][info][gc,task        ] GC(329) Using 5 workers of 10 for full compaction
[154.596s][info][gc,phases,start] GC(329) Phase 1: Mark live objects
[154.600s][info][gc,phases      ] GC(329) Phase 1: Mark live objects 4.641ms
[154.601s][info][gc,phases,start] GC(329) Phase 2: Prepare compaction
[154.601s][info][gc,phases      ] GC(329) Phase 2: Prepare compaction 0.488ms
[154.601s][info][gc,phases,start] GC(329) Phase 3: Adjust pointers
[154.602s][info][gc,phases      ] GC(329) Phase 3: Adjust pointers 1.069ms
[154.602s][info][gc,phases,start] GC(329) Phase 4: Compact heap
[154.603s][info][gc,phases      ] GC(329) Phase 4: Compact heap 0.321ms
[154.603s][info][gc,phases,start] GC(329) Phase 5: Reset Metadata
[154.604s][info][gc,phases      ] GC(329) Phase 5: Reset Metadata 1.636ms
[154.614s][info][gc,heap        ] GC(329) Eden regions: 1->0(102)
[154.614s][info][gc,heap        ] GC(329) Survivor regions: 0->0(0)
[154.614s][info][gc,heap        ] GC(329) Old regions: 4->4
[154.614s][info][gc,heap        ] GC(329) Humongous regions: 0->0
[154.614s][info][gc,metaspace   ] GC(329) Metaspace: 645K(832K)->645K(832K) NonClass: 603K(704K)->603K(704K) Class: 42K(128K)->42K(128K)
[154.614s][info][gc             ] GC(329) Pause Full (System.gc()) 3M->1M(8192M) 18.969ms
[154.614s][info][gc,cpu         ] GC(329) User=0.03s Sys=0.00s Real=0.02s
[155.072s][info][gc,start       ] GC(330) Pause Full (System.gc())
[155.072s][info][gc,task        ] GC(330) Using 5 workers of 10 for full compaction
[155.072s][info][gc,phases,start] GC(330) Phase 1: Mark live objects
[155.076s][info][gc,phases      ] GC(330) Phase 1: Mark live objects 3.423ms
[155.076s][info][gc,phases,start] GC(330) Phase 2: Prepare compaction
[155.077s][info][gc,phases      ] GC(330) Phase 2: Prepare compaction 0.647ms
[155.077s][info][gc,phases,start] GC(330) Phase 3: Adjust pointers
[155.078s][info][gc,phases      ] GC(330) Phase 3: Adjust pointers 1.842ms
[155.079s][info][gc,phases,start] GC(330) Phase 4: Compact heap
[155.079s][info][gc,phases      ] GC(330) Phase 4: Compact heap 0.500ms
[155.079s][info][gc,phases,start] GC(330) Phase 5: Reset Metadata
[155.081s][info][gc,phases      ] GC(330) Phase 5: Reset Metadata 2.265ms
[155.091s][info][gc,heap        ] GC(330) Eden regions: 1->0(102)
[155.091s][info][gc,heap        ] GC(330) Survivor regions: 0->0(0)
[155.091s][info][gc,heap        ] GC(330) Old regions: 4->4
[155.091s][info][gc,heap        ] GC(330) Humongous regions: 0->0
[155.091s][info][gc,metaspace   ] GC(330) Metaspace: 650K(832K)->648K(832K) NonClass: 606K(704K)->605K(704K) Class: 44K(128K)->43K(128K)
[155.091s][info][gc             ] GC(330) Pause Full (System.gc()) 3M->1M(8192M) 19.287ms
[155.091s][info][gc,cpu         ] GC(330) User=0.05s Sys=0.00s Real=0.02s
[155.545s][info][gc,start       ] GC(331) Pause Full (System.gc())
[155.545s][info][gc,task        ] GC(331) Using 5 workers of 10 for full compaction
[155.545s][info][gc,phases,start] GC(331) Phase 1: Mark live objects
[155.550s][info][gc,phases      ] GC(331) Phase 1: Mark live objects 4.385ms
[155.550s][info][gc,phases,start] GC(331) Phase 2: Prepare compaction
[155.550s][info][gc,phases      ] GC(331) Phase 2: Prepare compaction 0.730ms
[155.550s][info][gc,phases,start] GC(331) Phase 3: Adjust pointers
[155.551s][info][gc,phases      ] GC(331) Phase 3: Adjust pointers 1.031ms
[155.551s][info][gc,phases,start] GC(331) Phase 4: Compact heap
[155.552s][info][gc,phases      ] GC(331) Phase 4: Compact heap 0.285ms
[155.552s][info][gc,phases,start] GC(331) Phase 5: Reset Metadata
[155.554s][info][gc,phases      ] GC(331) Phase 5: Reset Metadata 2.005ms
[155.565s][info][gc,heap        ] GC(331) Eden regions: 1->0(102)
[155.565s][info][gc,heap        ] GC(331) Survivor regions: 0->0(0)
[155.565s][info][gc,heap        ] GC(331) Old regions: 4->4
[155.565s][info][gc,heap        ] GC(331) Humongous regions: 0->0
[155.565s][info][gc,metaspace   ] GC(331) Metaspace: 653K(832K)->647K(832K) NonClass: 609K(704K)->605K(704K) Class: 44K(128K)->42K(128K)
[155.565s][info][gc             ] GC(331) Pause Full (System.gc()) 3M->1M(8192M) 20.146ms
[155.565s][info][gc,cpu         ] GC(331) User=0.04s Sys=0.00s Real=0.02s
[156.021s][info][gc,start       ] GC(332) Pause Full (System.gc())
[156.022s][info][gc,task        ] GC(332) Using 5 workers of 10 for full compaction
[156.022s][info][gc,phases,start] GC(332) Phase 1: Mark live objects
[156.024s][info][gc,phases      ] GC(332) Phase 1: Mark live objects 2.338ms
[156.024s][info][gc,phases,start] GC(332) Phase 2: Prepare compaction
[156.025s][info][gc,phases      ] GC(332) Phase 2: Prepare compaction 0.595ms
[156.025s][info][gc,phases,start] GC(332) Phase 3: Adjust pointers
[156.026s][info][gc,phases      ] GC(332) Phase 3: Adjust pointers 0.785ms
[156.026s][info][gc,phases,start] GC(332) Phase 4: Compact heap
[156.026s][info][gc,phases      ] GC(332) Phase 4: Compact heap 0.330ms
[156.026s][info][gc,phases,start] GC(332) Phase 5: Reset Metadata
[156.028s][info][gc,phases      ] GC(332) Phase 5: Reset Metadata 1.833ms
[156.038s][info][gc,heap        ] GC(332) Eden regions: 1->0(102)
[156.038s][info][gc,heap        ] GC(332) Survivor regions: 0->0(0)
[156.038s][info][gc,heap        ] GC(332) Old regions: 4->4
[156.038s][info][gc,heap        ] GC(332) Humongous regions: 0->0
[156.038s][info][gc,metaspace   ] GC(332) Metaspace: 652K(832K)->649K(832K) NonClass: 608K(704K)->607K(704K) Class: 43K(128K)->42K(128K)
[156.038s][info][gc             ] GC(332) Pause Full (System.gc()) 3M->1M(8192M) 17.004ms
[156.038s][info][gc,cpu         ] GC(332) User=0.04s Sys=0.00s Real=0.02s
[156.492s][info][gc,start       ] GC(333) Pause Full (System.gc())
[156.492s][info][gc,task        ] GC(333) Using 5 workers of 10 for full compaction
[156.492s][info][gc,phases,start] GC(333) Phase 1: Mark live objects
[156.494s][info][gc,phases      ] GC(333) Phase 1: Mark live objects 2.232ms
[156.494s][info][gc,phases,start] GC(333) Phase 2: Prepare compaction
[156.495s][info][gc,phases      ] GC(333) Phase 2: Prepare compaction 0.595ms
[156.495s][info][gc,phases,start] GC(333) Phase 3: Adjust pointers
[156.496s][info][gc,phases      ] GC(333) Phase 3: Adjust pointers 1.095ms
[156.496s][info][gc,phases,start] GC(333) Phase 4: Compact heap
[156.496s][info][gc,phases      ] GC(333) Phase 4: Compact heap 0.517ms
[156.497s][info][gc,phases,start] GC(333) Phase 5: Reset Metadata
[156.498s][info][gc,phases      ] GC(333) Phase 5: Reset Metadata 1.856ms
[156.508s][info][gc,heap        ] GC(333) Eden regions: 1->0(102)
[156.508s][info][gc,heap        ] GC(333) Survivor regions: 0->0(0)
[156.508s][info][gc,heap        ] GC(333) Old regions: 4->4
[156.508s][info][gc,heap        ] GC(333) Humongous regions: 0->0
[156.508s][info][gc,metaspace   ] GC(333) Metaspace: 654K(832K)->654K(832K) NonClass: 610K(704K)->610K(704K) Class: 44K(128K)->44K(128K)
[156.508s][info][gc             ] GC(333) Pause Full (System.gc()) 3M->1M(8192M) 16.699ms
[156.508s][info][gc,cpu         ] GC(333) User=0.04s Sys=0.00s Real=0.02s
[156.963s][info][gc,start       ] GC(334) Pause Full (System.gc())
[156.963s][info][gc,task        ] GC(334) Using 5 workers of 10 for full compaction
[156.963s][info][gc,phases,start] GC(334) Phase 1: Mark live objects
[156.966s][info][gc,phases      ] GC(334) Phase 1: Mark live objects 3.110ms
[156.966s][info][gc,phases,start] GC(334) Phase 2: Prepare compaction
[156.967s][info][gc,phases      ] GC(334) Phase 2: Prepare compaction 0.811ms
[156.967s][info][gc,phases,start] GC(334) Phase 3: Adjust pointers
[156.969s][info][gc,phases      ] GC(334) Phase 3: Adjust pointers 1.251ms
[156.969s][info][gc,phases,start] GC(334) Phase 4: Compact heap
[156.969s][info][gc,phases      ] GC(334) Phase 4: Compact heap 0.642ms
[156.969s][info][gc,phases,start] GC(334) Phase 5: Reset Metadata
[156.971s][info][gc,phases      ] GC(334) Phase 5: Reset Metadata 1.852ms
[156.981s][info][gc,heap        ] GC(334) Eden regions: 1->0(102)
[156.981s][info][gc,heap        ] GC(334) Survivor regions: 0->0(0)
[156.981s][info][gc,heap        ] GC(334) Old regions: 4->4
[156.981s][info][gc,heap        ] GC(334) Humongous regions: 0->0
[156.981s][info][gc,metaspace   ] GC(334) Metaspace: 659K(832K)->659K(832K) NonClass: 613K(704K)->613K(704K) Class: 46K(128K)->46K(128K)
[156.981s][info][gc             ] GC(334) Pause Full (System.gc()) 3M->1M(8192M) 18.137ms
[156.981s][info][gc,cpu         ] GC(334) User=0.04s Sys=0.00s Real=0.02s
[157.439s][info][gc,start       ] GC(335) Pause Full (System.gc())
[157.440s][info][gc,task        ] GC(335) Using 5 workers of 10 for full compaction
[157.440s][info][gc,phases,start] GC(335) Phase 1: Mark live objects
[157.446s][info][gc,phases      ] GC(335) Phase 1: Mark live objects 5.799ms
[157.446s][info][gc,phases,start] GC(335) Phase 2: Prepare compaction
[157.447s][info][gc,phases      ] GC(335) Phase 2: Prepare compaction 1.019ms
[157.447s][info][gc,phases,start] GC(335) Phase 3: Adjust pointers
[157.449s][info][gc,phases      ] GC(335) Phase 3: Adjust pointers 2.271ms
[157.449s][info][gc,phases,start] GC(335) Phase 4: Compact heap
[157.451s][info][gc,phases      ] GC(335) Phase 4: Compact heap 2.063ms
[157.452s][info][gc,phases,start] GC(335) Phase 5: Reset Metadata
[157.453s][info][gc,phases      ] GC(335) Phase 5: Reset Metadata 1.654ms
[157.463s][info][gc,heap        ] GC(335) Eden regions: 1->0(102)
[157.463s][info][gc,heap        ] GC(335) Survivor regions: 0->0(0)
[157.463s][info][gc,heap        ] GC(335) Old regions: 4->4
[157.463s][info][gc,heap        ] GC(335) Humongous regions: 0->0
[157.463s][info][gc,metaspace   ] GC(335) Metaspace: 664K(832K)->625K(832K) NonClass: 617K(704K)->587K(704K) Class: 47K(128K)->38K(128K)
[157.463s][info][gc             ] GC(335) Pause Full (System.gc()) 3M->1M(8192M) 23.829ms
[157.463s][info][gc,cpu         ] GC(335) User=0.05s Sys=0.01s Real=0.02s
[157.920s][info][gc,start       ] GC(336) Pause Full (System.gc())
[157.920s][info][gc,task        ] GC(336) Using 5 workers of 10 for full compaction
[157.921s][info][gc,phases,start] GC(336) Phase 1: Mark live objects
[157.924s][info][gc,phases      ] GC(336) Phase 1: Mark live objects 3.025ms
[157.924s][info][gc,phases,start] GC(336) Phase 2: Prepare compaction
[157.924s][info][gc,phases      ] GC(336) Phase 2: Prepare compaction 0.803ms
[157.924s][info][gc,phases,start] GC(336) Phase 3: Adjust pointers
[157.926s][info][gc,phases      ] GC(336) Phase 3: Adjust pointers 1.306ms
[157.926s][info][gc,phases,start] GC(336) Phase 4: Compact heap
[157.927s][info][gc,phases      ] GC(336) Phase 4: Compact heap 0.837ms
[157.927s][info][gc,phases,start] GC(336) Phase 5: Reset Metadata
[157.929s][info][gc,phases      ] GC(336) Phase 5: Reset Metadata 2.186ms
[157.939s][info][gc,heap        ] GC(336) Eden regions: 1->0(102)
[157.939s][info][gc,heap        ] GC(336) Survivor regions: 0->0(0)
[157.939s][info][gc,heap        ] GC(336) Old regions: 4->4
[157.939s][info][gc,heap        ] GC(336) Humongous regions: 0->0
[157.939s][info][gc,metaspace   ] GC(336) Metaspace: 630K(832K)->620K(832K) NonClass: 590K(704K)->584K(704K) Class: 40K(128K)->36K(128K)
[157.939s][info][gc             ] GC(336) Pause Full (System.gc()) 3M->1M(8192M) 18.745ms
[157.939s][info][gc,cpu         ] GC(336) User=0.05s Sys=0.00s Real=0.02s
[158.396s][info][gc,start       ] GC(337) Pause Full (System.gc())
[158.396s][info][gc,task        ] GC(337) Using 5 workers of 10 for full compaction
[158.397s][info][gc,phases,start] GC(337) Phase 1: Mark live objects
[158.400s][info][gc,phases      ] GC(337) Phase 1: Mark live objects 3.912ms
[158.401s][info][gc,phases,start] GC(337) Phase 2: Prepare compaction
[158.401s][info][gc,phases      ] GC(337) Phase 2: Prepare compaction 0.775ms
[158.401s][info][gc,phases,start] GC(337) Phase 3: Adjust pointers
[158.403s][info][gc,phases      ] GC(337) Phase 3: Adjust pointers 1.306ms
[158.403s][info][gc,phases,start] GC(337) Phase 4: Compact heap
[158.404s][info][gc,phases      ] GC(337) Phase 4: Compact heap 0.952ms
[158.404s][info][gc,phases,start] GC(337) Phase 5: Reset Metadata
[158.406s][info][gc,phases      ] GC(337) Phase 5: Reset Metadata 1.971ms
[158.416s][info][gc,heap        ] GC(337) Eden regions: 1->0(102)
[158.416s][info][gc,heap        ] GC(337) Survivor regions: 0->0(0)
[158.416s][info][gc,heap        ] GC(337) Old regions: 4->4
[158.416s][info][gc,heap        ] GC(337) Humongous regions: 0->0
[158.416s][info][gc,metaspace   ] GC(337) Metaspace: 625K(832K)->620K(832K) NonClass: 587K(704K)->584K(704K) Class: 37K(128K)->36K(128K)
[158.416s][info][gc             ] GC(337) Pause Full (System.gc()) 3M->1M(8192M) 19.746ms
[158.416s][info][gc,cpu         ] GC(337) User=0.05s Sys=0.00s Real=0.02s
[158.873s][info][gc,start       ] GC(338) Pause Full (System.gc())
[158.873s][info][gc,task        ] GC(338) Using 5 workers of 10 for full compaction
[158.873s][info][gc,phases,start] GC(338) Phase 1: Mark live objects
[158.876s][info][gc,phases      ] GC(338) Phase 1: Mark live objects 2.659ms
[158.876s][info][gc,phases,start] GC(338) Phase 2: Prepare compaction
[158.876s][info][gc,phases      ] GC(338) Phase 2: Prepare compaction 0.777ms
[158.877s][info][gc,phases,start] GC(338) Phase 3: Adjust pointers
[158.878s][info][gc,phases      ] GC(338) Phase 3: Adjust pointers 1.414ms
[158.878s][info][gc,phases,start] GC(338) Phase 4: Compact heap
[158.879s][info][gc,phases      ] GC(338) Phase 4: Compact heap 0.709ms
[158.879s][info][gc,phases,start] GC(338) Phase 5: Reset Metadata
[158.880s][info][gc,phases      ] GC(338) Phase 5: Reset Metadata 1.743ms
[158.890s][info][gc,heap        ] GC(338) Eden regions: 1->0(102)
[158.890s][info][gc,heap        ] GC(338) Survivor regions: 0->0(0)
[158.890s][info][gc,heap        ] GC(338) Old regions: 4->4
[158.890s][info][gc,heap        ] GC(338) Humongous regions: 0->0
[158.890s][info][gc,metaspace   ] GC(338) Metaspace: 625K(832K)->622K(832K) NonClass: 587K(704K)->585K(704K) Class: 37K(128K)->36K(128K)
[158.890s][info][gc             ] GC(338) Pause Full (System.gc()) 3M->1M(8192M) 17.756ms
[158.890s][info][gc,cpu         ] GC(338) User=0.05s Sys=0.01s Real=0.02s
[159.348s][info][gc,start       ] GC(339) Pause Full (System.gc())
[159.348s][info][gc,task        ] GC(339) Using 5 workers of 10 for full compaction
[159.348s][info][gc,phases,start] GC(339) Phase 1: Mark live objects
[159.351s][info][gc,phases      ] GC(339) Phase 1: Mark live objects 3.153ms
[159.351s][info][gc,phases,start] GC(339) Phase 2: Prepare compaction
[159.352s][info][gc,phases      ] GC(339) Phase 2: Prepare compaction 0.806ms
[159.352s][info][gc,phases,start] GC(339) Phase 3: Adjust pointers
[159.354s][info][gc,phases      ] GC(339) Phase 3: Adjust pointers 1.280ms
[159.354s][info][gc,phases,start] GC(339) Phase 4: Compact heap
[159.354s][info][gc,phases      ] GC(339) Phase 4: Compact heap 0.693ms
[159.354s][info][gc,phases,start] GC(339) Phase 5: Reset Metadata
[159.356s][info][gc,phases      ] GC(339) Phase 5: Reset Metadata 1.717ms
[159.368s][info][gc,heap        ] GC(339) Eden regions: 1->0(102)
[159.368s][info][gc,heap        ] GC(339) Survivor regions: 0->0(0)
[159.368s][info][gc,heap        ] GC(339) Old regions: 4->4
[159.368s][info][gc,heap        ] GC(339) Humongous regions: 0->0
[159.368s][info][gc,metaspace   ] GC(339) Metaspace: 627K(832K)->626K(832K) NonClass: 588K(704K)->587K(704K) Class: 38K(128K)->38K(128K)
[159.368s][info][gc             ] GC(339) Pause Full (System.gc()) 3M->1M(8192M) 19.988ms
[159.368s][info][gc,cpu         ] GC(339) User=0.05s Sys=0.00s Real=0.02s
[159.821s][info][gc,start       ] GC(340) Pause Full (System.gc())
[159.821s][info][gc,task        ] GC(340) Using 5 workers of 10 for full compaction
[159.821s][info][gc,phases,start] GC(340) Phase 1: Mark live objects
[159.824s][info][gc,phases      ] GC(340) Phase 1: Mark live objects 2.795ms
[159.824s][info][gc,phases,start] GC(340) Phase 2: Prepare compaction
[159.824s][info][gc,phases      ] GC(340) Phase 2: Prepare compaction 0.357ms
[159.824s][info][gc,phases,start] GC(340) Phase 3: Adjust pointers
[159.825s][info][gc,phases      ] GC(340) Phase 3: Adjust pointers 0.686ms
[159.825s][info][gc,phases,start] GC(340) Phase 4: Compact heap
[159.825s][info][gc,phases      ] GC(340) Phase 4: Compact heap 0.290ms
[159.825s][info][gc,phases,start] GC(340) Phase 5: Reset Metadata
[159.827s][info][gc,phases      ] GC(340) Phase 5: Reset Metadata 1.360ms
[159.836s][info][gc,heap        ] GC(340) Eden regions: 1->0(102)
[159.836s][info][gc,heap        ] GC(340) Survivor regions: 0->0(0)
[159.836s][info][gc,heap        ] GC(340) Old regions: 4->4
[159.836s][info][gc,heap        ] GC(340) Humongous regions: 0->0
[159.836s][info][gc,metaspace   ] GC(340) Metaspace: 631K(832K)->630K(832K) NonClass: 591K(704K)->590K(704K) Class: 39K(128K)->39K(128K)
[159.836s][info][gc             ] GC(340) Pause Full (System.gc()) 3M->1M(8192M) 15.548ms
[159.836s][info][gc,cpu         ] GC(340) User=0.04s Sys=0.00s Real=0.02s
[160.295s][info][gc,start       ] GC(341) Pause Full (System.gc())
[160.295s][info][gc,task        ] GC(341) Using 5 workers of 10 for full compaction
[160.296s][info][gc,phases,start] GC(341) Phase 1: Mark live objects
[160.300s][info][gc,phases      ] GC(341) Phase 1: Mark live objects 4.529ms
[160.300s][info][gc,phases,start] GC(341) Phase 2: Prepare compaction
[160.301s][info][gc,phases      ] GC(341) Phase 2: Prepare compaction 0.905ms
[160.301s][info][gc,phases,start] GC(341) Phase 3: Adjust pointers
[160.304s][info][gc,phases      ] GC(341) Phase 3: Adjust pointers 2.734ms
[160.304s][info][gc,phases,start] GC(341) Phase 4: Compact heap
[160.305s][info][gc,phases      ] GC(341) Phase 4: Compact heap 0.529ms
[160.305s][info][gc,phases,start] GC(341) Phase 5: Reset Metadata
[160.306s][info][gc,phases      ] GC(341) Phase 5: Reset Metadata 1.713ms
[160.315s][info][gc,heap        ] GC(341) Eden regions: 1->0(102)
[160.315s][info][gc,heap        ] GC(341) Survivor regions: 0->0(0)
[160.315s][info][gc,heap        ] GC(341) Old regions: 4->4
[160.315s][info][gc,heap        ] GC(341) Humongous regions: 0->0
[160.315s][info][gc,metaspace   ] GC(341) Metaspace: 635K(832K)->635K(832K) NonClass: 594K(704K)->594K(704K) Class: 41K(128K)->41K(128K)
[160.315s][info][gc             ] GC(341) Pause Full (System.gc()) 3M->1M(8192M) 20.285ms
[160.316s][info][gc,cpu         ] GC(341) User=0.05s Sys=0.01s Real=0.02s
[160.773s][info][gc,start       ] GC(342) Pause Full (System.gc())
[160.773s][info][gc,task        ] GC(342) Using 5 workers of 10 for full compaction
[160.773s][info][gc,phases,start] GC(342) Phase 1: Mark live objects
[160.774s][info][gc,phases      ] GC(342) Phase 1: Mark live objects 1.477ms
[160.774s][info][gc,phases,start] GC(342) Phase 2: Prepare compaction
[160.775s][info][gc,phases      ] GC(342) Phase 2: Prepare compaction 0.792ms
[160.775s][info][gc,phases,start] GC(342) Phase 3: Adjust pointers
[160.777s][info][gc,phases      ] GC(342) Phase 3: Adjust pointers 1.369ms
[160.777s][info][gc,phases,start] GC(342) Phase 4: Compact heap
[160.778s][info][gc,phases      ] GC(342) Phase 4: Compact heap 1.156ms
[160.778s][info][gc,phases,start] GC(342) Phase 5: Reset Metadata
[160.780s][info][gc,phases      ] GC(342) Phase 5: Reset Metadata 2.163ms
[160.790s][info][gc,heap        ] GC(342) Eden regions: 1->0(102)
[160.790s][info][gc,heap        ] GC(342) Survivor regions: 0->0(0)
[160.790s][info][gc,heap        ] GC(342) Old regions: 4->4
[160.790s][info][gc,heap        ] GC(342) Humongous regions: 0->0
[160.790s][info][gc,metaspace   ] GC(342) Metaspace: 645K(896K)->645K(896K) NonClass: 602K(768K)->602K(768K) Class: 42K(128K)->42K(128K)
[160.790s][info][gc             ] GC(342) Pause Full (System.gc()) 3M->1M(8192M) 17.697ms
[160.790s][info][gc,cpu         ] GC(342) User=0.05s Sys=0.00s Real=0.02s
[161.246s][info][gc,start       ] GC(343) Pause Full (System.gc())
[161.246s][info][gc,task        ] GC(343) Using 5 workers of 10 for full compaction
[161.246s][info][gc,phases,start] GC(343) Phase 1: Mark live objects
[161.249s][info][gc,phases      ] GC(343) Phase 1: Mark live objects 2.236ms
[161.249s][info][gc,phases,start] GC(343) Phase 2: Prepare compaction
[161.249s][info][gc,phases      ] GC(343) Phase 2: Prepare compaction 0.817ms
[161.250s][info][gc,phases,start] GC(343) Phase 3: Adjust pointers
[161.251s][info][gc,phases      ] GC(343) Phase 3: Adjust pointers 1.330ms
[161.251s][info][gc,phases,start] GC(343) Phase 4: Compact heap
[161.252s][info][gc,phases      ] GC(343) Phase 4: Compact heap 0.692ms
[161.252s][info][gc,phases,start] GC(343) Phase 5: Reset Metadata
[161.254s][info][gc,phases      ] GC(343) Phase 5: Reset Metadata 1.937ms
[161.264s][info][gc,heap        ] GC(343) Eden regions: 1->0(102)
[161.264s][info][gc,heap        ] GC(343) Survivor regions: 0->0(0)
[161.264s][info][gc,heap        ] GC(343) Old regions: 4->4
[161.264s][info][gc,heap        ] GC(343) Humongous regions: 0->0
[161.264s][info][gc,metaspace   ] GC(343) Metaspace: 650K(896K)->650K(896K) NonClass: 605K(768K)->605K(768K) Class: 44K(128K)->44K(128K)
[161.264s][info][gc             ] GC(343) Pause Full (System.gc()) 3M->1M(8192M) 17.955ms
[161.264s][info][gc,cpu         ] GC(343) User=0.05s Sys=0.00s Real=0.02s
[161.718s][info][gc,start       ] GC(344) Pause Full (System.gc())
[161.718s][info][gc,task        ] GC(344) Using 5 workers of 10 for full compaction
[161.718s][info][gc,phases,start] GC(344) Phase 1: Mark live objects
[161.721s][info][gc,phases      ] GC(344) Phase 1: Mark live objects 2.681ms
[161.721s][info][gc,phases,start] GC(344) Phase 2: Prepare compaction
[161.722s][info][gc,phases      ] GC(344) Phase 2: Prepare compaction 0.803ms
[161.722s][info][gc,phases,start] GC(344) Phase 3: Adjust pointers
[161.723s][info][gc,phases      ] GC(344) Phase 3: Adjust pointers 1.454ms
[161.723s][info][gc,phases,start] GC(344) Phase 4: Compact heap
[161.724s][info][gc,phases      ] GC(344) Phase 4: Compact heap 0.711ms
[161.724s][info][gc,phases,start] GC(344) Phase 5: Reset Metadata
[161.726s][info][gc,phases      ] GC(344) Phase 5: Reset Metadata 1.610ms
[161.737s][info][gc,heap        ] GC(344) Eden regions: 1->0(102)
[161.737s][info][gc,heap        ] GC(344) Survivor regions: 0->0(0)
[161.737s][info][gc,heap        ] GC(344) Old regions: 4->4
[161.737s][info][gc,heap        ] GC(344) Humongous regions: 0->0
[161.737s][info][gc,metaspace   ] GC(344) Metaspace: 655K(896K)->655K(896K) NonClass: 608K(768K)->608K(768K) Class: 46K(128K)->46K(128K)
[161.737s][info][gc             ] GC(344) Pause Full (System.gc()) 3M->1M(8192M) 18.883ms
[161.737s][info][gc,cpu         ] GC(344) User=0.05s Sys=0.01s Real=0.02s
[162.193s][info][gc,start       ] GC(345) Pause Full (System.gc())
[162.194s][info][gc,task        ] GC(345) Using 5 workers of 10 for full compaction
[162.194s][info][gc,phases,start] GC(345) Phase 1: Mark live objects
[162.196s][info][gc,phases      ] GC(345) Phase 1: Mark live objects 2.479ms
[162.196s][info][gc,phases,start] GC(345) Phase 2: Prepare compaction
[162.197s][info][gc,phases      ] GC(345) Phase 2: Prepare compaction 0.354ms
[162.197s][info][gc,phases,start] GC(345) Phase 3: Adjust pointers
[162.198s][info][gc,phases      ] GC(345) Phase 3: Adjust pointers 0.740ms
[162.198s][info][gc,phases,start] GC(345) Phase 4: Compact heap
[162.198s][info][gc,phases      ] GC(345) Phase 4: Compact heap 0.396ms
[162.198s][info][gc,phases,start] GC(345) Phase 5: Reset Metadata
[162.199s][info][gc,phases      ] GC(345) Phase 5: Reset Metadata 1.210ms
[162.207s][info][gc,heap        ] GC(345) Eden regions: 1->0(102)
[162.207s][info][gc,heap        ] GC(345) Survivor regions: 0->0(0)
[162.207s][info][gc,heap        ] GC(345) Old regions: 4->4
[162.207s][info][gc,heap        ] GC(345) Humongous regions: 0->0
[162.207s][info][gc,metaspace   ] GC(345) Metaspace: 660K(896K)->641K(896K) NonClass: 612K(768K)->601K(768K) Class: 48K(128K)->39K(128K)
[162.207s][info][gc             ] GC(345) Pause Full (System.gc()) 3M->1M(8192M) 13.308ms
[162.207s][info][gc,cpu         ] GC(345) User=0.03s Sys=0.00s Real=0.02s
[162.665s][info][gc,start       ] GC(346) Pause Full (System.gc())
[162.665s][info][gc,task        ] GC(346) Using 5 workers of 10 for full compaction
[162.665s][info][gc,phases,start] GC(346) Phase 1: Mark live objects
[162.668s][info][gc,phases      ] GC(346) Phase 1: Mark live objects 2.762ms
[162.668s][info][gc,phases,start] GC(346) Phase 2: Prepare compaction
[162.669s][info][gc,phases      ] GC(346) Phase 2: Prepare compaction 0.798ms
[162.669s][info][gc,phases,start] GC(346) Phase 3: Adjust pointers
[162.670s][info][gc,phases      ] GC(346) Phase 3: Adjust pointers 1.276ms
[162.670s][info][gc,phases,start] GC(346) Phase 4: Compact heap
[162.671s][info][gc,phases      ] GC(346) Phase 4: Compact heap 0.701ms
[162.671s][info][gc,phases,start] GC(346) Phase 5: Reset Metadata
[162.673s][info][gc,phases      ] GC(346) Phase 5: Reset Metadata 2.263ms
[162.684s][info][gc,heap        ] GC(346) Eden regions: 1->0(102)
[162.684s][info][gc,heap        ] GC(346) Survivor regions: 0->0(0)
[162.684s][info][gc,heap        ] GC(346) Old regions: 4->4
[162.684s][info][gc,heap        ] GC(346) Humongous regions: 0->0
[162.684s][info][gc,metaspace   ] GC(346) Metaspace: 646K(896K)->643K(896K) NonClass: 604K(768K)->603K(768K) Class: 41K(128K)->40K(128K)
[162.684s][info][gc             ] GC(346) Pause Full (System.gc()) 3M->1M(8192M) 18.752ms
[162.684s][info][gc,cpu         ] GC(346) User=0.05s Sys=0.00s Real=0.02s
[163.142s][info][gc,start       ] GC(347) Pause Full (System.gc())
[163.142s][info][gc,task        ] GC(347) Using 5 workers of 10 for full compaction
[163.142s][info][gc,phases,start] GC(347) Phase 1: Mark live objects
[163.145s][info][gc,phases      ] GC(347) Phase 1: Mark live objects 2.990ms
[163.145s][info][gc,phases,start] GC(347) Phase 2: Prepare compaction
[163.146s][info][gc,phases      ] GC(347) Phase 2: Prepare compaction 0.791ms
[163.146s][info][gc,phases,start] GC(347) Phase 3: Adjust pointers
[163.148s][info][gc,phases      ] GC(347) Phase 3: Adjust pointers 2.378ms
[163.148s][info][gc,phases,start] GC(347) Phase 4: Compact heap
[163.150s][info][gc,phases      ] GC(347) Phase 4: Compact heap 1.390ms
[163.150s][info][gc,phases,start] GC(347) Phase 5: Reset Metadata
[163.152s][info][gc,phases      ] GC(347) Phase 5: Reset Metadata 1.848ms
[163.161s][info][gc,heap        ] GC(347) Eden regions: 1->0(102)
[163.161s][info][gc,heap        ] GC(347) Survivor regions: 0->0(0)
[163.161s][info][gc,heap        ] GC(347) Old regions: 4->4
[163.161s][info][gc,heap        ] GC(347) Humongous regions: 0->0
[163.161s][info][gc,metaspace   ] GC(347) Metaspace: 648K(896K)->647K(896K) NonClass: 606K(768K)->606K(768K) Class: 41K(128K)->41K(128K)
[163.161s][info][gc             ] GC(347) Pause Full (System.gc()) 3M->1M(8192M) 19.706ms
[163.161s][info][gc,cpu         ] GC(347) User=0.05s Sys=0.00s Real=0.02s
[163.618s][info][gc,start       ] GC(348) Pause Full (System.gc())
[163.618s][info][gc,task        ] GC(348) Using 5 workers of 10 for full compaction
[163.618s][info][gc,phases,start] GC(348) Phase 1: Mark live objects
[163.620s][info][gc,phases      ] GC(348) Phase 1: Mark live objects 2.127ms
[163.620s][info][gc,phases,start] GC(348) Phase 2: Prepare compaction
[163.622s][info][gc,phases      ] GC(348) Phase 2: Prepare compaction 1.719ms
[163.622s][info][gc,phases,start] GC(348) Phase 3: Adjust pointers
[163.623s][info][gc,phases      ] GC(348) Phase 3: Adjust pointers 1.401ms
[163.624s][info][gc,phases,start] GC(348) Phase 4: Compact heap
[163.624s][info][gc,phases      ] GC(348) Phase 4: Compact heap 0.444ms
[163.624s][info][gc,phases,start] GC(348) Phase 5: Reset Metadata
[163.626s][info][gc,phases      ] GC(348) Phase 5: Reset Metadata 1.625ms
[163.636s][info][gc,heap        ] GC(348) Eden regions: 1->0(102)
[163.636s][info][gc,heap        ] GC(348) Survivor regions: 0->0(0)
[163.636s][info][gc,heap        ] GC(348) Old regions: 4->4
[163.636s][info][gc,heap        ] GC(348) Humongous regions: 0->0
[163.636s][info][gc,metaspace   ] GC(348) Metaspace: 652K(896K)->652K(896K) NonClass: 609K(768K)->609K(768K) Class: 43K(128K)->43K(128K)
[163.636s][info][gc             ] GC(348) Pause Full (System.gc()) 3M->1M(8192M) 18.182ms
[163.636s][info][gc,cpu         ] GC(348) User=0.04s Sys=0.01s Real=0.01s
[164.093s][info][gc,start       ] GC(349) Pause Full (System.gc())
[164.093s][info][gc,task        ] GC(349) Using 5 workers of 10 for full compaction
[164.093s][info][gc,phases,start] GC(349) Phase 1: Mark live objects
[164.097s][info][gc,phases      ] GC(349) Phase 1: Mark live objects 3.885ms
[164.097s][info][gc,phases,start] GC(349) Phase 2: Prepare compaction
[164.100s][info][gc,phases      ] GC(349) Phase 2: Prepare compaction 2.671ms
[164.100s][info][gc,phases,start] GC(349) Phase 3: Adjust pointers
[164.101s][info][gc,phases      ] GC(349) Phase 3: Adjust pointers 1.426ms
[164.101s][info][gc,phases,start] GC(349) Phase 4: Compact heap
[164.102s][info][gc,phases      ] GC(349) Phase 4: Compact heap 0.748ms
[164.102s][info][gc,phases,start] GC(349) Phase 5: Reset Metadata
[164.104s][info][gc,phases      ] GC(349) Phase 5: Reset Metadata 2.105ms
[164.114s][info][gc,heap        ] GC(349) Eden regions: 1->0(102)
[164.114s][info][gc,heap        ] GC(349) Survivor regions: 0->0(0)
[164.114s][info][gc,heap        ] GC(349) Old regions: 4->4
[164.114s][info][gc,heap        ] GC(349) Humongous regions: 0->0
[164.114s][info][gc,metaspace   ] GC(349) Metaspace: 657K(896K)->657K(896K) NonClass: 612K(768K)->612K(768K) Class: 44K(128K)->44K(128K)
[164.114s][info][gc             ] GC(349) Pause Full (System.gc()) 3M->1M(8192M) 21.420ms
[164.114s][info][gc,cpu         ] GC(349) User=0.05s Sys=0.00s Real=0.02s
[164.571s][info][gc,start       ] GC(350) Pause Full (System.gc())
[164.572s][info][gc,task        ] GC(350) Using 5 workers of 10 for full compaction
[164.572s][info][gc,phases,start] GC(350) Phase 1: Mark live objects
[164.574s][info][gc,phases      ] GC(350) Phase 1: Mark live objects 2.373ms
[164.574s][info][gc,phases,start] GC(350) Phase 2: Prepare compaction
[164.575s][info][gc,phases      ] GC(350) Phase 2: Prepare compaction 0.859ms
[164.575s][info][gc,phases,start] GC(350) Phase 3: Adjust pointers
[164.577s][info][gc,phases      ] GC(350) Phase 3: Adjust pointers 1.879ms
[164.577s][info][gc,phases,start] GC(350) Phase 4: Compact heap
[164.578s][info][gc,phases      ] GC(350) Phase 4: Compact heap 0.859ms
[164.578s][info][gc,phases,start] GC(350) Phase 5: Reset Metadata
[164.580s][info][gc,phases      ] GC(350) Phase 5: Reset Metadata 1.963ms
[164.590s][info][gc,heap        ] GC(350) Eden regions: 1->0(102)
[164.590s][info][gc,heap        ] GC(350) Survivor regions: 0->0(0)
[164.590s][info][gc,heap        ] GC(350) Old regions: 4->4
[164.590s][info][gc,heap        ] GC(350) Humongous regions: 0->0
[164.590s][info][gc,metaspace   ] GC(350) Metaspace: 662K(896K)->662K(896K) NonClass: 615K(768K)->615K(768K) Class: 46K(128K)->46K(128K)
[164.590s][info][gc             ] GC(350) Pause Full (System.gc()) 3M->1M(8192M) 18.996ms
[164.590s][info][gc,cpu         ] GC(350) User=0.05s Sys=0.00s Real=0.02s
[165.044s][info][gc,start       ] GC(351) Pause Full (System.gc())
[165.044s][info][gc,task        ] GC(351) Using 5 workers of 10 for full compaction
[165.044s][info][gc,phases,start] GC(351) Phase 1: Mark live objects
[165.047s][info][gc,phases      ] GC(351) Phase 1: Mark live objects 2.704ms
[165.047s][info][gc,phases,start] GC(351) Phase 2: Prepare compaction
[165.048s][info][gc,phases      ] GC(351) Phase 2: Prepare compaction 0.809ms
[165.048s][info][gc,phases,start] GC(351) Phase 3: Adjust pointers
[165.049s][info][gc,phases      ] GC(351) Phase 3: Adjust pointers 1.570ms
[165.049s][info][gc,phases,start] GC(351) Phase 4: Compact heap
[165.050s][info][gc,phases      ] GC(351) Phase 4: Compact heap 0.726ms
[165.050s][info][gc,phases,start] GC(351) Phase 5: Reset Metadata
[165.053s][info][gc,phases      ] GC(351) Phase 5: Reset Metadata 2.764ms
[165.064s][info][gc,heap        ] GC(351) Eden regions: 1->0(102)
[165.064s][info][gc,heap        ] GC(351) Survivor regions: 0->0(0)
[165.064s][info][gc,heap        ] GC(351) Old regions: 4->4
[165.064s][info][gc,heap        ] GC(351) Humongous regions: 0->0
[165.064s][info][gc,metaspace   ] GC(351) Metaspace: 667K(896K)->667K(896K) NonClass: 619K(768K)->619K(768K) Class: 48K(128K)->48K(128K)
[165.064s][info][gc             ] GC(351) Pause Full (System.gc()) 3M->1M(8192M) 20.462ms
[165.064s][info][gc,cpu         ] GC(351) User=0.05s Sys=0.01s Real=0.02s
[165.521s][info][gc,start       ] GC(352) Pause Full (System.gc())
[165.521s][info][gc,task        ] GC(352) Using 5 workers of 10 for full compaction
[165.521s][info][gc,phases,start] GC(352) Phase 1: Mark live objects
[165.524s][info][gc,phases      ] GC(352) Phase 1: Mark live objects 2.888ms
[165.524s][info][gc,phases,start] GC(352) Phase 2: Prepare compaction
[165.526s][info][gc,phases      ] GC(352) Phase 2: Prepare compaction 1.645ms
[165.526s][info][gc,phases,start] GC(352) Phase 3: Adjust pointers
[165.529s][info][gc,phases      ] GC(352) Phase 3: Adjust pointers 2.765ms
[165.529s][info][gc,phases,start] GC(352) Phase 4: Compact heap
[165.530s][info][gc,phases      ] GC(352) Phase 4: Compact heap 0.743ms
[165.530s][info][gc,phases,start] GC(352) Phase 5: Reset Metadata
[165.532s][info][gc,phases      ] GC(352) Phase 5: Reset Metadata 2.645ms
[165.542s][info][gc,heap        ] GC(352) Eden regions: 1->0(102)
[165.542s][info][gc,heap        ] GC(352) Survivor regions: 0->0(0)
[165.542s][info][gc,heap        ] GC(352) Old regions: 4->4
[165.542s][info][gc,heap        ] GC(352) Humongous regions: 0->0
[165.542s][info][gc,metaspace   ] GC(352) Metaspace: 672K(896K)->672K(896K) NonClass: 622K(768K)->622K(768K) Class: 50K(128K)->50K(128K)
[165.542s][info][gc             ] GC(352) Pause Full (System.gc()) 3M->1M(8192M) 21.050ms
[165.542s][info][gc,cpu         ] GC(352) User=0.05s Sys=0.00s Real=0.02s
[165.996s][info][gc,start       ] GC(353) Pause Full (System.gc())
[165.997s][info][gc,task        ] GC(353) Using 5 workers of 10 for full compaction
[165.997s][info][gc,phases,start] GC(353) Phase 1: Mark live objects
[166.000s][info][gc,phases      ] GC(353) Phase 1: Mark live objects 3.374ms
[166.000s][info][gc,phases,start] GC(353) Phase 2: Prepare compaction
[166.002s][info][gc,phases      ] GC(353) Phase 2: Prepare compaction 1.529ms
[166.002s][info][gc,phases,start] GC(353) Phase 3: Adjust pointers
[166.003s][info][gc,phases      ] GC(353) Phase 3: Adjust pointers 1.342ms
[166.003s][info][gc,phases,start] GC(353) Phase 4: Compact heap
[166.004s][info][gc,phases      ] GC(353) Phase 4: Compact heap 0.913ms
[166.004s][info][gc,phases,start] GC(353) Phase 5: Reset Metadata
[166.007s][info][gc,phases      ] GC(353) Phase 5: Reset Metadata 2.506ms
[166.016s][info][gc,heap        ] GC(353) Eden regions: 1->0(102)
[166.016s][info][gc,heap        ] GC(353) Survivor regions: 0->0(0)
[166.016s][info][gc,heap        ] GC(353) Old regions: 4->4
[166.016s][info][gc,heap        ] GC(353) Humongous regions: 0->0
[166.016s][info][gc,metaspace   ] GC(353) Metaspace: 677K(960K)->677K(960K) NonClass: 625K(832K)->625K(832K) Class: 51K(128K)->51K(128K)
[166.016s][info][gc             ] GC(353) Pause Full (System.gc()) 3M->1M(8192M) 20.030ms
[166.016s][info][gc,cpu         ] GC(353) User=0.04s Sys=0.00s Real=0.02s
[166.469s][info][gc,start       ] GC(354) Pause Full (System.gc())
[166.469s][info][gc,task        ] GC(354) Using 5 workers of 10 for full compaction
[166.470s][info][gc,phases,start] GC(354) Phase 1: Mark live objects
[166.472s][info][gc,phases      ] GC(354) Phase 1: Mark live objects 2.887ms
[166.473s][info][gc,phases,start] GC(354) Phase 2: Prepare compaction
[166.473s][info][gc,phases      ] GC(354) Phase 2: Prepare compaction 0.815ms
[166.473s][info][gc,phases,start] GC(354) Phase 3: Adjust pointers
[166.475s][info][gc,phases      ] GC(354) Phase 3: Adjust pointers 1.615ms
[166.475s][info][gc,phases,start] GC(354) Phase 4: Compact heap
[166.476s][info][gc,phases      ] GC(354) Phase 4: Compact heap 0.613ms
[166.476s][info][gc,phases,start] GC(354) Phase 5: Reset Metadata
[166.479s][info][gc,phases      ] GC(354) Phase 5: Reset Metadata 3.019ms
[166.489s][info][gc,heap        ] GC(354) Eden regions: 1->0(102)
[166.489s][info][gc,heap        ] GC(354) Survivor regions: 0->0(0)
[166.489s][info][gc,heap        ] GC(354) Old regions: 4->4
[166.489s][info][gc,heap        ] GC(354) Humongous regions: 0->0
[166.489s][info][gc,metaspace   ] GC(354) Metaspace: 682K(1024K)->682K(1024K) NonClass: 629K(832K)->629K(832K) Class: 53K(192K)->53K(192K)
[166.489s][info][gc             ] GC(354) Pause Full (System.gc()) 3M->1M(8192M) 19.633ms
[166.489s][info][gc,cpu         ] GC(354) User=0.04s Sys=0.01s Real=0.02s
[166.946s][info][gc,start       ] GC(355) Pause Full (System.gc())
[166.946s][info][gc,task        ] GC(355) Using 5 workers of 10 for full compaction
[166.946s][info][gc,phases,start] GC(355) Phase 1: Mark live objects
[166.949s][info][gc,phases      ] GC(355) Phase 1: Mark live objects 3.178ms
[166.949s][info][gc,phases,start] GC(355) Phase 2: Prepare compaction
[166.950s][info][gc,phases      ] GC(355) Phase 2: Prepare compaction 1.245ms
[166.950s][info][gc,phases,start] GC(355) Phase 3: Adjust pointers
[166.952s][info][gc,phases      ] GC(355) Phase 3: Adjust pointers 1.648ms
[166.952s][info][gc,phases,start] GC(355) Phase 4: Compact heap
[166.953s][info][gc,phases      ] GC(355) Phase 4: Compact heap 0.649ms
[166.953s][info][gc,phases,start] GC(355) Phase 5: Reset Metadata
[166.955s][info][gc,phases      ] GC(355) Phase 5: Reset Metadata 1.770ms
[166.964s][info][gc,heap        ] GC(355) Eden regions: 1->0(102)
[166.964s][info][gc,heap        ] GC(355) Survivor regions: 0->0(0)
[166.964s][info][gc,heap        ] GC(355) Old regions: 4->4
[166.964s][info][gc,heap        ] GC(355) Humongous regions: 0->0
[166.964s][info][gc,metaspace   ] GC(355) Metaspace: 687K(1024K)->687K(1024K) NonClass: 632K(832K)->632K(832K) Class: 55K(192K)->55K(192K)
[166.964s][info][gc             ] GC(355) Pause Full (System.gc()) 3M->1M(8192M) 18.671ms
[166.964s][info][gc,cpu         ] GC(355) User=0.04s Sys=0.00s Real=0.02s
[167.421s][info][gc,start       ] GC(356) Pause Full (System.gc())
[167.421s][info][gc,task        ] GC(356) Using 5 workers of 10 for full compaction
[167.421s][info][gc,phases,start] GC(356) Phase 1: Mark live objects
[167.425s][info][gc,phases      ] GC(356) Phase 1: Mark live objects 3.599ms
[167.425s][info][gc,phases,start] GC(356) Phase 2: Prepare compaction
[167.426s][info][gc,phases      ] GC(356) Phase 2: Prepare compaction 1.034ms
[167.426s][info][gc,phases,start] GC(356) Phase 3: Adjust pointers
[167.428s][info][gc,phases      ] GC(356) Phase 3: Adjust pointers 1.431ms
[167.428s][info][gc,phases,start] GC(356) Phase 4: Compact heap
[167.429s][info][gc,phases      ] GC(356) Phase 4: Compact heap 1.747ms
[167.430s][info][gc,phases,start] GC(356) Phase 5: Reset Metadata
[167.432s][info][gc,phases      ] GC(356) Phase 5: Reset Metadata 2.558ms
[167.443s][info][gc,heap        ] GC(356) Eden regions: 1->0(102)
[167.443s][info][gc,heap        ] GC(356) Survivor regions: 0->0(0)
[167.443s][info][gc,heap        ] GC(356) Old regions: 4->4
[167.443s][info][gc,heap        ] GC(356) Humongous regions: 0->0
[167.443s][info][gc,metaspace   ] GC(356) Metaspace: 692K(1024K)->643K(1024K) NonClass: 635K(832K)->599K(832K) Class: 57K(192K)->43K(192K)
[167.443s][info][gc             ] GC(356) Pause Full (System.gc()) 3M->1M(8192M) 22.027ms
[167.443s][info][gc,cpu         ] GC(356) User=0.05s Sys=0.00s Real=0.02s
[167.900s][info][gc,start       ] GC(357) Pause Full (System.gc())
[167.901s][info][gc,task        ] GC(357) Using 5 workers of 10 for full compaction
[167.901s][info][gc,phases,start] GC(357) Phase 1: Mark live objects
[167.905s][info][gc,phases      ] GC(357) Phase 1: Mark live objects 3.838ms
[167.905s][info][gc,phases,start] GC(357) Phase 2: Prepare compaction
[167.907s][info][gc,phases      ] GC(357) Phase 2: Prepare compaction 1.955ms
[167.907s][info][gc,phases,start] GC(357) Phase 3: Adjust pointers
[167.909s][info][gc,phases      ] GC(357) Phase 3: Adjust pointers 1.795ms
[167.909s][info][gc,phases,start] GC(357) Phase 4: Compact heap
[167.909s][info][gc,phases      ] GC(357) Phase 4: Compact heap 0.689ms
[167.909s][info][gc,phases,start] GC(357) Phase 5: Reset Metadata
[167.912s][info][gc,phases      ] GC(357) Phase 5: Reset Metadata 2.929ms
[167.923s][info][gc,heap        ] GC(357) Eden regions: 1->0(102)
[167.923s][info][gc,heap        ] GC(357) Survivor regions: 0->0(0)
[167.923s][info][gc,heap        ] GC(357) Old regions: 4->4
[167.923s][info][gc,heap        ] GC(357) Humongous regions: 0->0
[167.923s][info][gc,metaspace   ] GC(357) Metaspace: 648K(1024K)->644K(1024K) NonClass: 602K(832K)->600K(832K) Class: 45K(192K)->44K(192K)
[167.923s][info][gc             ] GC(357) Pause Full (System.gc()) 3M->1M(8192M) 22.893ms
[167.923s][info][gc,cpu         ] GC(357) User=0.05s Sys=0.00s Real=0.02s
[168.380s][info][gc,start       ] GC(358) Pause Full (System.gc())
[168.380s][info][gc,task        ] GC(358) Using 5 workers of 10 for full compaction
[168.381s][info][gc,phases,start] GC(358) Phase 1: Mark live objects
[168.384s][info][gc,phases      ] GC(358) Phase 1: Mark live objects 2.919ms
[168.384s][info][gc,phases,start] GC(358) Phase 2: Prepare compaction
[168.386s][info][gc,phases      ] GC(358) Phase 2: Prepare compaction 2.099ms
[168.386s][info][gc,phases,start] GC(358) Phase 3: Adjust pointers
[168.389s][info][gc,phases      ] GC(358) Phase 3: Adjust pointers 2.940ms
[168.389s][info][gc,phases,start] GC(358) Phase 4: Compact heap
[168.390s][info][gc,phases      ] GC(358) Phase 4: Compact heap 0.954ms
[168.390s][info][gc,phases,start] GC(358) Phase 5: Reset Metadata
[168.393s][info][gc,phases      ] GC(358) Phase 5: Reset Metadata 2.947ms
[168.404s][info][gc,heap        ] GC(358) Eden regions: 1->0(102)
[168.404s][info][gc,heap        ] GC(358) Survivor regions: 0->0(0)
[168.404s][info][gc,heap        ] GC(358) Old regions: 4->4
[168.404s][info][gc,heap        ] GC(358) Humongous regions: 0->0
[168.404s][info][gc,metaspace   ] GC(358) Metaspace: 649K(1024K)->649K(1024K) NonClass: 603K(832K)->603K(832K) Class: 46K(192K)->46K(192K)
[168.404s][info][gc             ] GC(358) Pause Full (System.gc()) 3M->1M(8192M) 23.538ms
[168.404s][info][gc,cpu         ] GC(358) User=0.04s Sys=0.01s Real=0.02s
[168.857s][info][gc,start       ] GC(359) Pause Full (System.gc())
[168.857s][info][gc,task        ] GC(359) Using 5 workers of 10 for full compaction
[168.858s][info][gc,phases,start] GC(359) Phase 1: Mark live objects
[168.865s][info][gc,phases      ] GC(359) Phase 1: Mark live objects 7.530ms
[168.865s][info][gc,phases,start] GC(359) Phase 2: Prepare compaction
[168.866s][info][gc,phases      ] GC(359) Phase 2: Prepare compaction 1.039ms
[168.866s][info][gc,phases,start] GC(359) Phase 3: Adjust pointers
[168.868s][info][gc,phases      ] GC(359) Phase 3: Adjust pointers 2.103ms
[168.868s][info][gc,phases,start] GC(359) Phase 4: Compact heap
[168.869s][info][gc,phases      ] GC(359) Phase 4: Compact heap 0.628ms
[168.869s][info][gc,phases,start] GC(359) Phase 5: Reset Metadata
[168.872s][info][gc,phases      ] GC(359) Phase 5: Reset Metadata 2.801ms
[168.882s][info][gc,heap        ] GC(359) Eden regions: 1->0(102)
[168.882s][info][gc,heap        ] GC(359) Survivor regions: 0->0(0)
[168.882s][info][gc,heap        ] GC(359) Old regions: 4->4
[168.882s][info][gc,heap        ] GC(359) Humongous regions: 0->0
[168.882s][info][gc,metaspace   ] GC(359) Metaspace: 654K(1024K)->629K(1024K) NonClass: 607K(832K)->592K(832K) Class: 47K(192K)->37K(192K)
[168.882s][info][gc             ] GC(359) Pause Full (System.gc()) 3M->1M(8192M) 24.525ms
[168.882s][info][gc,cpu         ] GC(359) User=0.05s Sys=0.00s Real=0.02s
[169.335s][info][gc,start       ] GC(360) Pause Full (System.gc())
[169.336s][info][gc,task        ] GC(360) Using 5 workers of 10 for full compaction
[169.336s][info][gc,phases,start] GC(360) Phase 1: Mark live objects
[169.343s][info][gc,phases      ] GC(360) Phase 1: Mark live objects 6.636ms
[169.343s][info][gc,phases,start] GC(360) Phase 2: Prepare compaction
[169.343s][info][gc,phases      ] GC(360) Phase 2: Prepare compaction 0.880ms
[169.344s][info][gc,phases,start] GC(360) Phase 3: Adjust pointers
[169.346s][info][gc,phases      ] GC(360) Phase 3: Adjust pointers 2.407ms
[169.346s][info][gc,phases,start] GC(360) Phase 4: Compact heap
[169.347s][info][gc,phases      ] GC(360) Phase 4: Compact heap 1.346ms
[169.347s][info][gc,phases,start] GC(360) Phase 5: Reset Metadata
[169.349s][info][gc,phases      ] GC(360) Phase 5: Reset Metadata 1.654ms
[169.359s][info][gc,heap        ] GC(360) Eden regions: 1->0(102)
[169.359s][info][gc,heap        ] GC(360) Survivor regions: 0->0(0)
[169.359s][info][gc,heap        ] GC(360) Old regions: 4->4
[169.359s][info][gc,heap        ] GC(360) Humongous regions: 0->0
[169.359s][info][gc,metaspace   ] GC(360) Metaspace: 634K(1024K)->632K(1024K) NonClass: 595K(832K)->594K(832K) Class: 38K(192K)->37K(192K)
[169.359s][info][gc             ] GC(360) Pause Full (System.gc()) 3M->1M(8192M) 23.932ms
[169.359s][info][gc,cpu         ] GC(360) User=0.05s Sys=0.00s Real=0.03s
[169.818s][info][gc,start       ] GC(361) Pause Full (System.gc())
[169.818s][info][gc,task        ] GC(361) Using 5 workers of 10 for full compaction
[169.818s][info][gc,phases,start] GC(361) Phase 1: Mark live objects
[169.821s][info][gc,phases      ] GC(361) Phase 1: Mark live objects 2.414ms
[169.821s][info][gc,phases,start] GC(361) Phase 2: Prepare compaction
[169.822s][info][gc,phases      ] GC(361) Phase 2: Prepare compaction 1.168ms
[169.822s][info][gc,phases,start] GC(361) Phase 3: Adjust pointers
[169.823s][info][gc,phases      ] GC(361) Phase 3: Adjust pointers 1.631ms
[169.823s][info][gc,phases,start] GC(361) Phase 4: Compact heap
[169.824s][info][gc,phases      ] GC(361) Phase 4: Compact heap 0.494ms
[169.824s][info][gc,phases,start] GC(361) Phase 5: Reset Metadata
[169.826s][info][gc,phases      ] GC(361) Phase 5: Reset Metadata 1.609ms
[169.836s][info][gc,heap        ] GC(361) Eden regions: 1->0(102)
[169.836s][info][gc,heap        ] GC(361) Survivor regions: 0->0(0)
[169.836s][info][gc,heap        ] GC(361) Old regions: 4->4
[169.836s][info][gc,heap        ] GC(361) Humongous regions: 0->0
[169.836s][info][gc,metaspace   ] GC(361) Metaspace: 637K(1024K)->637K(1024K) NonClass: 597K(832K)->597K(832K) Class: 39K(192K)->39K(192K)
[169.836s][info][gc             ] GC(361) Pause Full (System.gc()) 3M->1M(8192M) 17.834ms
[169.836s][info][gc,cpu         ] GC(361) User=0.04s Sys=0.00s Real=0.01s
[170.292s][info][gc,start       ] GC(362) Pause Full (System.gc())
[170.292s][info][gc,task        ] GC(362) Using 5 workers of 10 for full compaction
[170.292s][info][gc,phases,start] GC(362) Phase 1: Mark live objects
[170.294s][info][gc,phases      ] GC(362) Phase 1: Mark live objects 1.475ms
[170.294s][info][gc,phases,start] GC(362) Phase 2: Prepare compaction
[170.294s][info][gc,phases      ] GC(362) Phase 2: Prepare compaction 0.464ms
[170.294s][info][gc,phases,start] GC(362) Phase 3: Adjust pointers
[170.297s][info][gc,phases      ] GC(362) Phase 3: Adjust pointers 2.048ms
[170.297s][info][gc,phases,start] GC(362) Phase 4: Compact heap
[170.297s][info][gc,phases      ] GC(362) Phase 4: Compact heap 0.804ms
[170.297s][info][gc,phases,start] GC(362) Phase 5: Reset Metadata
[170.300s][info][gc,phases      ] GC(362) Phase 5: Reset Metadata 2.056ms
[170.311s][info][gc,heap        ] GC(362) Eden regions: 1->0(102)
[170.311s][info][gc,heap        ] GC(362) Survivor regions: 0->0(0)
[170.311s][info][gc,heap        ] GC(362) Old regions: 4->4
[170.311s][info][gc,heap        ] GC(362) Humongous regions: 0->0
[170.311s][info][gc,metaspace   ] GC(362) Metaspace: 642K(1024K)->642K(1024K) NonClass: 600K(832K)->600K(832K) Class: 41K(192K)->41K(192K)
[170.311s][info][gc             ] GC(362) Pause Full (System.gc()) 3M->1M(8192M) 19.059ms
[170.311s][info][gc,cpu         ] GC(362) User=0.04s Sys=0.01s Real=0.02s
[170.766s][info][gc,start       ] GC(363) Pause Full (System.gc())
[170.766s][info][gc,task        ] GC(363) Using 5 workers of 10 for full compaction
[170.766s][info][gc,phases,start] GC(363) Phase 1: Mark live objects
[170.768s][info][gc,phases      ] GC(363) Phase 1: Mark live objects 1.669ms
[170.768s][info][gc,phases,start] GC(363) Phase 2: Prepare compaction
[170.769s][info][gc,phases      ] GC(363) Phase 2: Prepare compaction 0.358ms
[170.769s][info][gc,phases,start] GC(363) Phase 3: Adjust pointers
[170.769s][info][gc,phases      ] GC(363) Phase 3: Adjust pointers 0.688ms
[170.769s][info][gc,phases,start] GC(363) Phase 4: Compact heap
[170.770s][info][gc,phases      ] GC(363) Phase 4: Compact heap 0.317ms
[170.770s][info][gc,phases,start] GC(363) Phase 5: Reset Metadata
[170.772s][info][gc,phases      ] GC(363) Phase 5: Reset Metadata 2.251ms
[170.781s][info][gc,heap        ] GC(363) Eden regions: 1->0(102)
[170.782s][info][gc,heap        ] GC(363) Survivor regions: 0->0(0)
[170.782s][info][gc,heap        ] GC(363) Old regions: 4->4
[170.782s][info][gc,heap        ] GC(363) Humongous regions: 0->0
[170.782s][info][gc,metaspace   ] GC(363) Metaspace: 647K(1024K)->644K(1024K) NonClass: 604K(832K)->602K(832K) Class: 42K(192K)->41K(192K)
[170.782s][info][gc             ] GC(363) Pause Full (System.gc()) 3M->1M(8192M) 15.508ms
[170.782s][info][gc,cpu         ] GC(363) User=0.04s Sys=0.00s Real=0.02s
[171.241s][info][gc,start       ] GC(364) Pause Full (System.gc())
[171.241s][info][gc,task        ] GC(364) Using 5 workers of 10 for full compaction
[171.241s][info][gc,phases,start] GC(364) Phase 1: Mark live objects
[171.244s][info][gc,phases      ] GC(364) Phase 1: Mark live objects 2.625ms
[171.244s][info][gc,phases,start] GC(364) Phase 2: Prepare compaction
[171.245s][info][gc,phases      ] GC(364) Phase 2: Prepare compaction 1.123ms
[171.245s][info][gc,phases,start] GC(364) Phase 3: Adjust pointers
[171.246s][info][gc,phases      ] GC(364) Phase 3: Adjust pointers 1.361ms
[171.246s][info][gc,phases,start] GC(364) Phase 4: Compact heap
[171.248s][info][gc,phases      ] GC(364) Phase 4: Compact heap 1.621ms
[171.248s][info][gc,phases,start] GC(364) Phase 5: Reset Metadata
[171.249s][info][gc,phases      ] GC(364) Phase 5: Reset Metadata 1.403ms
[171.259s][info][gc,heap        ] GC(364) Eden regions: 1->0(102)
[171.259s][info][gc,heap        ] GC(364) Survivor regions: 0->0(0)
[171.259s][info][gc,heap        ] GC(364) Old regions: 4->4
[171.259s][info][gc,heap        ] GC(364) Humongous regions: 0->0
[171.259s][info][gc,metaspace   ] GC(364) Metaspace: 649K(1024K)->648K(1024K) NonClass: 606K(832K)->605K(832K) Class: 43K(192K)->42K(192K)
[171.259s][info][gc             ] GC(364) Pause Full (System.gc()) 3M->1M(8192M) 18.709ms
[171.259s][info][gc,cpu         ] GC(364) User=0.04s Sys=0.00s Real=0.02s
[171.717s][info][gc,start       ] GC(365) Pause Full (System.gc())
[171.717s][info][gc,task        ] GC(365) Using 5 workers of 10 for full compaction
[171.717s][info][gc,phases,start] GC(365) Phase 1: Mark live objects
[171.719s][info][gc,phases      ] GC(365) Phase 1: Mark live objects 1.686ms
[171.719s][info][gc,phases,start] GC(365) Phase 2: Prepare compaction
[171.720s][info][gc,phases      ] GC(365) Phase 2: Prepare compaction 1.080ms
[171.720s][info][gc,phases,start] GC(365) Phase 3: Adjust pointers
[171.722s][info][gc,phases      ] GC(365) Phase 3: Adjust pointers 1.968ms
[171.722s][info][gc,phases,start] GC(365) Phase 4: Compact heap
[171.722s][info][gc,phases      ] GC(365) Phase 4: Compact heap 0.321ms
[171.722s][info][gc,phases,start] GC(365) Phase 5: Reset Metadata
[171.724s][info][gc,phases      ] GC(365) Phase 5: Reset Metadata 1.611ms
[171.735s][info][gc,heap        ] GC(365) Eden regions: 1->0(102)
[171.735s][info][gc,heap        ] GC(365) Survivor regions: 0->0(0)
[171.735s][info][gc,heap        ] GC(365) Old regions: 4->4
[171.735s][info][gc,heap        ] GC(365) Humongous regions: 0->0
[171.735s][info][gc,metaspace   ] GC(365) Metaspace: 653K(1024K)->653K(1024K) NonClass: 609K(832K)->609K(832K) Class: 44K(192K)->44K(192K)
[171.735s][info][gc             ] GC(365) Pause Full (System.gc()) 3M->1M(8192M) 17.989ms
[171.735s][info][gc,cpu         ] GC(365) User=0.04s Sys=0.00s Real=0.01s
[172.191s][info][gc,start       ] GC(366) Pause Full (System.gc())
[172.191s][info][gc,task        ] GC(366) Using 5 workers of 10 for full compaction
[172.191s][info][gc,phases,start] GC(366) Phase 1: Mark live objects
[172.193s][info][gc,phases      ] GC(366) Phase 1: Mark live objects 1.728ms
[172.193s][info][gc,phases,start] GC(366) Phase 2: Prepare compaction
[172.193s][info][gc,phases      ] GC(366) Phase 2: Prepare compaction 0.375ms
[172.193s][info][gc,phases,start] GC(366) Phase 3: Adjust pointers
[172.194s][info][gc,phases      ] GC(366) Phase 3: Adjust pointers 0.864ms
[172.194s][info][gc,phases,start] GC(366) Phase 4: Compact heap
[172.195s][info][gc,phases      ] GC(366) Phase 4: Compact heap 0.393ms
[172.195s][info][gc,phases,start] GC(366) Phase 5: Reset Metadata
[172.198s][info][gc,phases      ] GC(366) Phase 5: Reset Metadata 3.286ms
[172.209s][info][gc,heap        ] GC(366) Eden regions: 1->0(102)
[172.209s][info][gc,heap        ] GC(366) Survivor regions: 0->0(0)
[172.209s][info][gc,heap        ] GC(366) Old regions: 4->4
[172.209s][info][gc,heap        ] GC(366) Humongous regions: 0->0
[172.209s][info][gc,metaspace   ] GC(366) Metaspace: 658K(1024K)->658K(1024K) NonClass: 612K(832K)->612K(832K) Class: 46K(192K)->46K(192K)
[172.209s][info][gc             ] GC(366) Pause Full (System.gc()) 3M->1M(8192M) 17.879ms
[172.209s][info][gc,cpu         ] GC(366) User=0.04s Sys=0.00s Real=0.02s
[172.664s][info][gc,start       ] GC(367) Pause Full (System.gc())
[172.664s][info][gc,task        ] GC(367) Using 5 workers of 10 for full compaction
[172.664s][info][gc,phases,start] GC(367) Phase 1: Mark live objects
[172.667s][info][gc,phases      ] GC(367) Phase 1: Mark live objects 2.802ms
[172.667s][info][gc,phases,start] GC(367) Phase 2: Prepare compaction
[172.668s][info][gc,phases      ] GC(367) Phase 2: Prepare compaction 0.601ms
[172.668s][info][gc,phases,start] GC(367) Phase 3: Adjust pointers
[172.669s][info][gc,phases      ] GC(367) Phase 3: Adjust pointers 1.071ms
[172.669s][info][gc,phases,start] GC(367) Phase 4: Compact heap
[172.669s][info][gc,phases      ] GC(367) Phase 4: Compact heap 0.506ms
[172.669s][info][gc,phases,start] GC(367) Phase 5: Reset Metadata
[172.672s][info][gc,phases      ] GC(367) Phase 5: Reset Metadata 2.268ms
[172.681s][info][gc,heap        ] GC(367) Eden regions: 1->0(102)
[172.681s][info][gc,heap        ] GC(367) Survivor regions: 0->0(0)
[172.681s][info][gc,heap        ] GC(367) Old regions: 4->4
[172.681s][info][gc,heap        ] GC(367) Humongous regions: 0->0
[172.681s][info][gc,metaspace   ] GC(367) Metaspace: 663K(1024K)->663K(1024K) NonClass: 615K(832K)->615K(832K) Class: 47K(192K)->47K(192K)
[172.681s][info][gc             ] GC(367) Pause Full (System.gc()) 3M->1M(8192M) 17.809ms
[172.681s][info][gc,cpu         ] GC(367) User=0.04s Sys=0.00s Real=0.02s
[173.138s][info][gc,start       ] GC(368) Pause Full (System.gc())
[173.138s][info][gc,task        ] GC(368) Using 5 workers of 10 for full compaction
[173.139s][info][gc,phases,start] GC(368) Phase 1: Mark live objects
[173.141s][info][gc,phases      ] GC(368) Phase 1: Mark live objects 2.661ms
[173.141s][info][gc,phases,start] GC(368) Phase 2: Prepare compaction
[173.142s][info][gc,phases      ] GC(368) Phase 2: Prepare compaction 0.805ms
[173.142s][info][gc,phases,start] GC(368) Phase 3: Adjust pointers
[173.144s][info][gc,phases      ] GC(368) Phase 3: Adjust pointers 1.311ms
[173.144s][info][gc,phases,start] GC(368) Phase 4: Compact heap
[173.145s][info][gc,phases      ] GC(368) Phase 4: Compact heap 1.149ms
[173.145s][info][gc,phases,start] GC(368) Phase 5: Reset Metadata
[173.147s][info][gc,phases      ] GC(368) Phase 5: Reset Metadata 1.826ms
[173.157s][info][gc,heap        ] GC(368) Eden regions: 1->0(102)
[173.157s][info][gc,heap        ] GC(368) Survivor regions: 0->0(0)
[173.157s][info][gc,heap        ] GC(368) Old regions: 4->4
[173.157s][info][gc,heap        ] GC(368) Humongous regions: 0->0
[173.157s][info][gc,metaspace   ] GC(368) Metaspace: 668K(1024K)->668K(1024K) NonClass: 618K(832K)->618K(832K) Class: 49K(192K)->49K(192K)
[173.157s][info][gc             ] GC(368) Pause Full (System.gc()) 3M->1M(8192M) 18.796ms
[173.157s][info][gc,cpu         ] GC(368) User=0.05s Sys=0.00s Real=0.02s
[173.610s][info][gc,start       ] GC(369) Pause Full (System.gc())
[173.610s][info][gc,task        ] GC(369) Using 5 workers of 10 for full compaction
[173.610s][info][gc,phases,start] GC(369) Phase 1: Mark live objects
[173.613s][info][gc,phases      ] GC(369) Phase 1: Mark live objects 2.255ms
[173.613s][info][gc,phases,start] GC(369) Phase 2: Prepare compaction
[173.615s][info][gc,phases      ] GC(369) Phase 2: Prepare compaction 2.569ms
[173.615s][info][gc,phases,start] GC(369) Phase 3: Adjust pointers
[173.616s][info][gc,phases      ] GC(369) Phase 3: Adjust pointers 0.931ms
[173.616s][info][gc,phases,start] GC(369) Phase 4: Compact heap
[173.617s][info][gc,phases      ] GC(369) Phase 4: Compact heap 0.379ms
[173.617s][info][gc,phases,start] GC(369) Phase 5: Reset Metadata
[173.619s][info][gc,phases      ] GC(369) Phase 5: Reset Metadata 2.019ms
[173.630s][info][gc,heap        ] GC(369) Eden regions: 1->0(102)
[173.630s][info][gc,heap        ] GC(369) Survivor regions: 0->0(0)
[173.630s][info][gc,heap        ] GC(369) Old regions: 4->4
[173.630s][info][gc,heap        ] GC(369) Humongous regions: 0->0
[173.630s][info][gc,metaspace   ] GC(369) Metaspace: 673K(1024K)->673K(1024K) NonClass: 622K(832K)->622K(832K) Class: 51K(192K)->51K(192K)
[173.630s][info][gc             ] GC(369) Pause Full (System.gc()) 3M->1M(8192M) 20.385ms
[173.630s][info][gc,cpu         ] GC(369) User=0.04s Sys=0.01s Real=0.02s
[174.085s][info][gc,start       ] GC(370) Pause Full (System.gc())
[174.085s][info][gc,task        ] GC(370) Using 5 workers of 10 for full compaction
[174.086s][info][gc,phases,start] GC(370) Phase 1: Mark live objects
[174.088s][info][gc,phases      ] GC(370) Phase 1: Mark live objects 2.385ms
[174.088s][info][gc,phases,start] GC(370) Phase 2: Prepare compaction
[174.089s][info][gc,phases      ] GC(370) Phase 2: Prepare compaction 0.428ms
[174.089s][info][gc,phases,start] GC(370) Phase 3: Adjust pointers
[174.089s][info][gc,phases      ] GC(370) Phase 3: Adjust pointers 0.763ms
[174.089s][info][gc,phases,start] GC(370) Phase 4: Compact heap
[174.092s][info][gc,phases      ] GC(370) Phase 4: Compact heap 2.834ms
[174.092s][info][gc,phases,start] GC(370) Phase 5: Reset Metadata
[174.098s][info][gc,phases      ] GC(370) Phase 5: Reset Metadata 5.890ms
[174.109s][info][gc,heap        ] GC(370) Eden regions: 1->0(102)
[174.109s][info][gc,heap        ] GC(370) Survivor regions: 0->0(0)
[174.110s][info][gc,heap        ] GC(370) Old regions: 4->4
[174.110s][info][gc,heap        ] GC(370) Humongous regions: 0->0
[174.110s][info][gc,metaspace   ] GC(370) Metaspace: 678K(1024K)->643K(1024K) NonClass: 625K(832K)->599K(832K) Class: 53K(192K)->43K(192K)
[174.110s][info][gc             ] GC(370) Pause Full (System.gc()) 3M->1M(8192M) 24.138ms
[174.110s][info][gc,cpu         ] GC(370) User=0.04s Sys=0.00s Real=0.03s
[174.562s][info][gc,start       ] GC(371) Pause Full (System.gc())
[174.562s][info][gc,task        ] GC(371) Using 5 workers of 10 for full compaction
[174.563s][info][gc,phases,start] GC(371) Phase 1: Mark live objects
[174.568s][info][gc,phases      ] GC(371) Phase 1: Mark live objects 5.458ms
[174.568s][info][gc,phases,start] GC(371) Phase 2: Prepare compaction
[174.569s][info][gc,phases      ] GC(371) Phase 2: Prepare compaction 0.961ms
[174.569s][info][gc,phases,start] GC(371) Phase 3: Adjust pointers
[174.571s][info][gc,phases      ] GC(371) Phase 3: Adjust pointers 2.245ms
[174.571s][info][gc,phases,start] GC(371) Phase 4: Compact heap
[174.572s][info][gc,phases      ] GC(371) Phase 4: Compact heap 0.829ms
[174.572s][info][gc,phases,start] GC(371) Phase 5: Reset Metadata
[174.575s][info][gc,phases      ] GC(371) Phase 5: Reset Metadata 2.450ms
[174.585s][info][gc,heap        ] GC(371) Eden regions: 1->0(102)
[174.585s][info][gc,heap        ] GC(371) Survivor regions: 0->0(0)
[174.586s][info][gc,heap        ] GC(371) Old regions: 4->4
[174.586s][info][gc,heap        ] GC(371) Humongous regions: 0->0
[174.586s][info][gc,metaspace   ] GC(371) Metaspace: 648K(1024K)->644K(1024K) NonClass: 602K(832K)->600K(832K) Class: 45K(192K)->44K(192K)
[174.586s][info][gc             ] GC(371) Pause Full (System.gc()) 3M->1M(8192M) 23.393ms
[174.586s][info][gc,cpu         ] GC(371) User=0.04s Sys=0.00s Real=0.02s
[175.039s][info][gc,start       ] GC(372) Pause Full (System.gc())
[175.039s][info][gc,task        ] GC(372) Using 5 workers of 10 for full compaction
[175.039s][info][gc,phases,start] GC(372) Phase 1: Mark live objects
[175.042s][info][gc,phases      ] GC(372) Phase 1: Mark live objects 2.389ms
[175.042s][info][gc,phases,start] GC(372) Phase 2: Prepare compaction
[175.043s][info][gc,phases      ] GC(372) Phase 2: Prepare compaction 0.603ms
[175.043s][info][gc,phases,start] GC(372) Phase 3: Adjust pointers
[175.044s][info][gc,phases      ] GC(372) Phase 3: Adjust pointers 1.847ms
[175.044s][info][gc,phases,start] GC(372) Phase 4: Compact heap
[175.045s][info][gc,phases      ] GC(372) Phase 4: Compact heap 0.412ms
[175.045s][info][gc,phases,start] GC(372) Phase 5: Reset Metadata
[175.047s][info][gc,phases      ] GC(372) Phase 5: Reset Metadata 2.242ms
[175.060s][info][gc,heap        ] GC(372) Eden regions: 1->0(102)
[175.060s][info][gc,heap        ] GC(372) Survivor regions: 0->0(0)
[175.060s][info][gc,heap        ] GC(372) Old regions: 4->4
[175.060s][info][gc,heap        ] GC(372) Humongous regions: 0->0
[175.060s][info][gc,metaspace   ] GC(372) Metaspace: 649K(1024K)->648K(1024K) NonClass: 603K(832K)->603K(832K) Class: 46K(192K)->45K(192K)
[175.060s][info][gc             ] GC(372) Pause Full (System.gc()) 3M->1M(8192M) 21.082ms
[175.060s][info][gc,cpu         ] GC(372) User=0.04s Sys=0.01s Real=0.02s
[175.516s][info][gc,start       ] GC(373) Pause Full (System.gc())
[175.516s][info][gc,task        ] GC(373) Using 5 workers of 10 for full compaction
[175.517s][info][gc,phases,start] GC(373) Phase 1: Mark live objects
[175.519s][info][gc,phases      ] GC(373) Phase 1: Mark live objects 2.581ms
[175.519s][info][gc,phases,start] GC(373) Phase 2: Prepare compaction
[175.520s][info][gc,phases      ] GC(373) Phase 2: Prepare compaction 0.582ms
[175.520s][info][gc,phases,start] GC(373) Phase 3: Adjust pointers
[175.521s][info][gc,phases      ] GC(373) Phase 3: Adjust pointers 1.030ms
[175.521s][info][gc,phases,start] GC(373) Phase 4: Compact heap
[175.521s][info][gc,phases      ] GC(373) Phase 4: Compact heap 0.582ms
[175.521s][info][gc,phases,start] GC(373) Phase 5: Reset Metadata
[175.523s][info][gc,phases      ] GC(373) Phase 5: Reset Metadata 1.543ms
[175.533s][info][gc,heap        ] GC(373) Eden regions: 1->0(102)
[175.533s][info][gc,heap        ] GC(373) Survivor regions: 0->0(0)
[175.533s][info][gc,heap        ] GC(373) Old regions: 4->4
[175.533s][info][gc,heap        ] GC(373) Humongous regions: 0->0
[175.533s][info][gc,metaspace   ] GC(373) Metaspace: 653K(1024K)->653K(1024K) NonClass: 606K(832K)->606K(832K) Class: 47K(192K)->46K(192K)
[175.533s][info][gc             ] GC(373) Pause Full (System.gc()) 3M->1M(8192M) 17.079ms
[175.533s][info][gc,cpu         ] GC(373) User=0.04s Sys=0.00s Real=0.01s
[175.986s][info][gc,start       ] GC(374) Pause Full (System.gc())
[175.986s][info][gc,task        ] GC(374) Using 5 workers of 10 for full compaction
[175.987s][info][gc,phases,start] GC(374) Phase 1: Mark live objects
[175.989s][info][gc,phases      ] GC(374) Phase 1: Mark live objects 2.372ms
[175.989s][info][gc,phases,start] GC(374) Phase 2: Prepare compaction
[175.990s][info][gc,phases      ] GC(374) Phase 2: Prepare compaction 0.601ms
[175.990s][info][gc,phases,start] GC(374) Phase 3: Adjust pointers
[175.991s][info][gc,phases      ] GC(374) Phase 3: Adjust pointers 0.962ms
[175.991s][info][gc,phases,start] GC(374) Phase 4: Compact heap
[175.991s][info][gc,phases      ] GC(374) Phase 4: Compact heap 0.511ms
[175.991s][info][gc,phases,start] GC(374) Phase 5: Reset Metadata
[175.994s][info][gc,phases      ] GC(374) Phase 5: Reset Metadata 2.277ms
[176.004s][info][gc,heap        ] GC(374) Eden regions: 1->0(102)
[176.004s][info][gc,heap        ] GC(374) Survivor regions: 0->0(0)
[176.004s][info][gc,heap        ] GC(374) Old regions: 4->4
[176.004s][info][gc,heap        ] GC(374) Humongous regions: 0->0
[176.004s][info][gc,metaspace   ] GC(374) Metaspace: 658K(1024K)->657K(1024K) NonClass: 609K(832K)->609K(832K) Class: 48K(192K)->48K(192K)
[176.004s][info][gc             ] GC(374) Pause Full (System.gc()) 3M->1M(8192M) 17.709ms
[176.004s][info][gc,cpu         ] GC(374) User=0.04s Sys=0.00s Real=0.01s
[176.459s][info][gc,start       ] GC(375) Pause Full (System.gc())
[176.459s][info][gc,task        ] GC(375) Using 5 workers of 10 for full compaction
[176.459s][info][gc,phases,start] GC(375) Phase 1: Mark live objects
[176.463s][info][gc,phases      ] GC(375) Phase 1: Mark live objects 3.806ms
[176.463s][info][gc,phases,start] GC(375) Phase 2: Prepare compaction
[176.464s][info][gc,phases      ] GC(375) Phase 2: Prepare compaction 0.617ms
[176.464s][info][gc,phases,start] GC(375) Phase 3: Adjust pointers
[176.465s][info][gc,phases      ] GC(375) Phase 3: Adjust pointers 1.015ms
[176.465s][info][gc,phases,start] GC(375) Phase 4: Compact heap
[176.466s][info][gc,phases      ] GC(375) Phase 4: Compact heap 1.129ms
[176.466s][info][gc,phases,start] GC(375) Phase 5: Reset Metadata
[176.468s][info][gc,phases      ] GC(375) Phase 5: Reset Metadata 1.867ms
[176.478s][info][gc,heap        ] GC(375) Eden regions: 1->0(102)
[176.478s][info][gc,heap        ] GC(375) Survivor regions: 0->0(0)
[176.478s][info][gc,heap        ] GC(375) Old regions: 4->4
[176.478s][info][gc,heap        ] GC(375) Humongous regions: 0->0
[176.478s][info][gc,metaspace   ] GC(375) Metaspace: 662K(1024K)->652K(1024K) NonClass: 612K(832K)->604K(832K) Class: 49K(192K)->47K(192K)
[176.478s][info][gc             ] GC(375) Pause Full (System.gc()) 3M->1M(8192M) 19.151ms
[176.478s][info][gc,cpu         ] GC(375) User=0.04s Sys=0.00s Real=0.02s
[176.932s][info][gc,start       ] GC(376) Pause Full (System.gc())
[176.932s][info][gc,task        ] GC(376) Using 5 workers of 10 for full compaction
[176.933s][info][gc,phases,start] GC(376) Phase 1: Mark live objects
[176.936s][info][gc,phases      ] GC(376) Phase 1: Mark live objects 3.130ms
[176.936s][info][gc,phases,start] GC(376) Phase 2: Prepare compaction
[176.937s][info][gc,phases      ] GC(376) Phase 2: Prepare compaction 0.792ms
[176.937s][info][gc,phases,start] GC(376) Phase 3: Adjust pointers
[176.938s][info][gc,phases      ] GC(376) Phase 3: Adjust pointers 1.284ms
[176.938s][info][gc,phases,start] GC(376) Phase 4: Compact heap
[176.939s][info][gc,phases      ] GC(376) Phase 4: Compact heap 0.744ms
[176.939s][info][gc,phases,start] GC(376) Phase 5: Reset Metadata
[176.941s][info][gc,phases      ] GC(376) Phase 5: Reset Metadata 1.904ms
[176.953s][info][gc,heap        ] GC(376) Eden regions: 1->0(102)
[176.953s][info][gc,heap        ] GC(376) Survivor regions: 0->0(0)
[176.953s][info][gc,heap        ] GC(376) Old regions: 4->4
[176.953s][info][gc,heap        ] GC(376) Humongous regions: 0->0
[176.953s][info][gc,metaspace   ] GC(376) Metaspace: 657K(1024K)->653K(1024K) NonClass: 608K(832K)->605K(832K) Class: 49K(192K)->48K(192K)
[176.953s][info][gc             ] GC(376) Pause Full (System.gc()) 3M->1M(8192M) 20.466ms
[176.953s][info][gc,cpu         ] GC(376) User=0.04s Sys=0.00s Real=0.02s
[177.407s][info][gc,start       ] GC(377) Pause Full (System.gc())
[177.407s][info][gc,task        ] GC(377) Using 5 workers of 10 for full compaction
[177.408s][info][gc,phases,start] GC(377) Phase 1: Mark live objects
[177.410s][info][gc,phases      ] GC(377) Phase 1: Mark live objects 2.190ms
[177.410s][info][gc,phases,start] GC(377) Phase 2: Prepare compaction
[177.410s][info][gc,phases      ] GC(377) Phase 2: Prepare compaction 0.391ms
[177.410s][info][gc,phases,start] GC(377) Phase 3: Adjust pointers
[177.412s][info][gc,phases      ] GC(377) Phase 3: Adjust pointers 1.601ms
[177.412s][info][gc,phases,start] GC(377) Phase 4: Compact heap
[177.412s][info][gc,phases      ] GC(377) Phase 4: Compact heap 0.333ms
[177.412s][info][gc,phases,start] GC(377) Phase 5: Reset Metadata
[177.414s][info][gc,phases      ] GC(377) Phase 5: Reset Metadata 2.137ms
[177.424s][info][gc,heap        ] GC(377) Eden regions: 1->0(102)
[177.424s][info][gc,heap        ] GC(377) Survivor regions: 0->0(0)
[177.424s][info][gc,heap        ] GC(377) Old regions: 4->4
[177.424s][info][gc,heap        ] GC(377) Humongous regions: 0->0
[177.424s][info][gc,metaspace   ] GC(377) Metaspace: 658K(1024K)->657K(1024K) NonClass: 609K(832K)->608K(832K) Class: 49K(192K)->49K(192K)
[177.424s][info][gc             ] GC(377) Pause Full (System.gc()) 3M->1M(8192M) 17.059ms
[177.424s][info][gc,cpu         ] GC(377) User=0.04s Sys=0.00s Real=0.01s
[177.879s][info][gc,start       ] GC(378) Pause Full (System.gc())
[177.879s][info][gc,task        ] GC(378) Using 5 workers of 10 for full compaction
[177.879s][info][gc,phases,start] GC(378) Phase 1: Mark live objects
[177.882s][info][gc,phases      ] GC(378) Phase 1: Mark live objects 3.173ms
[177.883s][info][gc,phases,start] GC(378) Phase 2: Prepare compaction
[177.884s][info][gc,phases      ] GC(378) Phase 2: Prepare compaction 1.524ms
[177.884s][info][gc,phases,start] GC(378) Phase 3: Adjust pointers
[177.886s][info][gc,phases      ] GC(378) Phase 3: Adjust pointers 1.500ms
[177.886s][info][gc,phases,start] GC(378) Phase 4: Compact heap
[177.886s][info][gc,phases      ] GC(378) Phase 4: Compact heap 0.509ms
[177.886s][info][gc,phases,start] GC(378) Phase 5: Reset Metadata
[177.888s][info][gc,phases      ] GC(378) Phase 5: Reset Metadata 1.971ms
[177.898s][info][gc,heap        ] GC(378) Eden regions: 1->0(102)
[177.898s][info][gc,heap        ] GC(378) Survivor regions: 0->0(0)
[177.898s][info][gc,heap        ] GC(378) Old regions: 4->4
[177.898s][info][gc,heap        ] GC(378) Humongous regions: 0->0
[177.898s][info][gc,metaspace   ] GC(378) Metaspace: 662K(1024K)->657K(1024K) NonClass: 611K(832K)->607K(832K) Class: 51K(192K)->49K(192K)
[177.898s][info][gc             ] GC(378) Pause Full (System.gc()) 3M->1M(8192M) 19.463ms
[177.898s][info][gc,cpu         ] GC(378) User=0.04s Sys=0.00s Real=0.02s
[178.354s][info][gc,start       ] GC(379) Pause Full (System.gc())
[178.354s][info][gc,task        ] GC(379) Using 5 workers of 10 for full compaction
[178.354s][info][gc,phases,start] GC(379) Phase 1: Mark live objects
[178.357s][info][gc,phases      ] GC(379) Phase 1: Mark live objects 2.166ms
[178.357s][info][gc,phases,start] GC(379) Phase 2: Prepare compaction
[178.357s][info][gc,phases      ] GC(379) Phase 2: Prepare compaction 0.598ms
[178.357s][info][gc,phases,start] GC(379) Phase 3: Adjust pointers
[178.359s][info][gc,phases      ] GC(379) Phase 3: Adjust pointers 1.544ms
[178.359s][info][gc,phases,start] GC(379) Phase 4: Compact heap
[178.359s][info][gc,phases      ] GC(379) Phase 4: Compact heap 0.561ms
[178.359s][info][gc,phases,start] GC(379) Phase 5: Reset Metadata
[178.361s][info][gc,phases      ] GC(379) Phase 5: Reset Metadata 1.906ms
[178.372s][info][gc,heap        ] GC(379) Eden regions: 1->0(102)
[178.372s][info][gc,heap        ] GC(379) Survivor regions: 0->0(0)
[178.372s][info][gc,heap        ] GC(379) Old regions: 4->4
[178.372s][info][gc,heap        ] GC(379) Humongous regions: 0->0
[178.372s][info][gc,metaspace   ] GC(379) Metaspace: 662K(1024K)->659K(1024K) NonClass: 611K(832K)->608K(832K) Class: 51K(192K)->50K(192K)
[178.372s][info][gc             ] GC(379) Pause Full (System.gc()) 3M->1M(8192M) 17.906ms
[178.372s][info][gc,cpu         ] GC(379) User=0.04s Sys=0.01s Real=0.02s
[178.827s][info][gc,start       ] GC(380) Pause Full (System.gc())
[178.827s][info][gc,task        ] GC(380) Using 5 workers of 10 for full compaction
[178.827s][info][gc,phases,start] GC(380) Phase 1: Mark live objects
[178.833s][info][gc,phases      ] GC(380) Phase 1: Mark live objects 5.520ms
[178.833s][info][gc,phases,start] GC(380) Phase 2: Prepare compaction
[178.834s][info][gc,phases      ] GC(380) Phase 2: Prepare compaction 0.817ms
[178.834s][info][gc,phases,start] GC(380) Phase 3: Adjust pointers
[178.836s][info][gc,phases      ] GC(380) Phase 3: Adjust pointers 2.104ms
[178.836s][info][gc,phases,start] GC(380) Phase 4: Compact heap
[178.837s][info][gc,phases      ] GC(380) Phase 4: Compact heap 1.177ms
[178.837s][info][gc,phases,start] GC(380) Phase 5: Reset Metadata
[178.839s][info][gc,phases      ] GC(380) Phase 5: Reset Metadata 1.624ms
[178.848s][info][gc,heap        ] GC(380) Eden regions: 1->0(102)
[178.848s][info][gc,heap        ] GC(380) Survivor regions: 0->0(0)
[178.848s][info][gc,heap        ] GC(380) Old regions: 4->4
[178.848s][info][gc,heap        ] GC(380) Humongous regions: 0->0
[178.848s][info][gc,metaspace   ] GC(380) Metaspace: 664K(1024K)->661K(1024K) NonClass: 612K(832K)->610K(832K) Class: 52K(192K)->51K(192K)
[178.848s][info][gc             ] GC(380) Pause Full (System.gc()) 3M->1M(8192M) 21.475ms
[178.848s][info][gc,cpu         ] GC(380) User=0.05s Sys=0.00s Real=0.02s
[179.304s][info][gc,start       ] GC(381) Pause Full (System.gc())
[179.304s][info][gc,task        ] GC(381) Using 5 workers of 10 for full compaction
[179.305s][info][gc,phases,start] GC(381) Phase 1: Mark live objects
[179.307s][info][gc,phases      ] GC(381) Phase 1: Mark live objects 2.711ms
[179.307s][info][gc,phases,start] GC(381) Phase 2: Prepare compaction
[179.308s][info][gc,phases      ] GC(381) Phase 2: Prepare compaction 0.779ms
[179.308s][info][gc,phases,start] GC(381) Phase 3: Adjust pointers
[179.310s][info][gc,phases      ] GC(381) Phase 3: Adjust pointers 1.516ms
[179.310s][info][gc,phases,start] GC(381) Phase 4: Compact heap
[179.311s][info][gc,phases      ] GC(381) Phase 4: Compact heap 0.939ms
[179.311s][info][gc,phases,start] GC(381) Phase 5: Reset Metadata
[179.313s][info][gc,phases      ] GC(381) Phase 5: Reset Metadata 2.609ms
[179.324s][info][gc,heap        ] GC(381) Eden regions: 1->0(102)
[179.324s][info][gc,heap        ] GC(381) Survivor regions: 0->0(0)
[179.324s][info][gc,heap        ] GC(381) Old regions: 4->4
[179.324s][info][gc,heap        ] GC(381) Humongous regions: 0->0
[179.324s][info][gc,metaspace   ] GC(381) Metaspace: 666K(1024K)->665K(1024K) NonClass: 613K(832K)->612K(832K) Class: 52K(192K)->52K(192K)
[179.324s][info][gc             ] GC(381) Pause Full (System.gc()) 3M->1M(8192M) 19.427ms
[179.324s][info][gc,cpu         ] GC(381) User=0.05s Sys=0.00s Real=0.02s
[179.777s][info][gc,start       ] GC(382) Pause Full (System.gc())
[179.777s][info][gc,task        ] GC(382) Using 5 workers of 10 for full compaction
[179.777s][info][gc,phases,start] GC(382) Phase 1: Mark live objects
[179.782s][info][gc,phases      ] GC(382) Phase 1: Mark live objects 4.341ms
[179.782s][info][gc,phases,start] GC(382) Phase 2: Prepare compaction
[179.782s][info][gc,phases      ] GC(382) Phase 2: Prepare compaction 0.785ms
[179.783s][info][gc,phases,start] GC(382) Phase 3: Adjust pointers
[179.784s][info][gc,phases      ] GC(382) Phase 3: Adjust pointers 1.266ms
[179.784s][info][gc,phases,start] GC(382) Phase 4: Compact heap
[179.785s][info][gc,phases      ] GC(382) Phase 4: Compact heap 0.773ms
[179.785s][info][gc,phases,start] GC(382) Phase 5: Reset Metadata
[179.787s][info][gc,phases      ] GC(382) Phase 5: Reset Metadata 2.373ms
[179.798s][info][gc,heap        ] GC(382) Eden regions: 1->0(102)
[179.798s][info][gc,heap        ] GC(382) Survivor regions: 0->0(0)
[179.798s][info][gc,heap        ] GC(382) Old regions: 4->4
[179.798s][info][gc,heap        ] GC(382) Humongous regions: 0->0
[179.798s][info][gc,metaspace   ] GC(382) Metaspace: 670K(1024K)->669K(1024K) NonClass: 616K(832K)->615K(832K) Class: 53K(192K)->53K(192K)
[179.798s][info][gc             ] GC(382) Pause Full (System.gc()) 3M->1M(8192M) 21.455ms
[179.798s][info][gc,cpu         ] GC(382) User=0.04s Sys=0.01s Real=0.02s
[180.254s][info][gc,start       ] GC(383) Pause Full (System.gc())
[180.254s][info][gc,task        ] GC(383) Using 5 workers of 10 for full compaction
[180.255s][info][gc,phases,start] GC(383) Phase 1: Mark live objects
[180.261s][info][gc,phases      ] GC(383) Phase 1: Mark live objects 6.247ms
[180.261s][info][gc,phases,start] GC(383) Phase 2: Prepare compaction
[180.263s][info][gc,phases      ] GC(383) Phase 2: Prepare compaction 2.028ms
[180.263s][info][gc,phases,start] GC(383) Phase 3: Adjust pointers
[180.264s][info][gc,phases      ] GC(383) Phase 3: Adjust pointers 1.217ms
[180.264s][info][gc,phases,start] GC(383) Phase 4: Compact heap
[180.265s][info][gc,phases      ] GC(383) Phase 4: Compact heap 0.607ms
[180.265s][info][gc,phases,start] GC(383) Phase 5: Reset Metadata
[180.267s][info][gc,phases      ] GC(383) Phase 5: Reset Metadata 2.073ms
[180.277s][info][gc,heap        ] GC(383) Eden regions: 1->0(102)
[180.277s][info][gc,heap        ] GC(383) Survivor regions: 0->0(0)
[180.277s][info][gc,heap        ] GC(383) Old regions: 4->4
[180.277s][info][gc,heap        ] GC(383) Humongous regions: 0->0
[180.277s][info][gc,metaspace   ] GC(383) Metaspace: 674K(1024K)->673K(1024K) NonClass: 619K(832K)->619K(832K) Class: 55K(192K)->54K(192K)
[180.277s][info][gc             ] GC(383) Pause Full (System.gc()) 5M->1M(8192M) 22.654ms
[180.277s][info][gc,cpu         ] GC(383) User=0.05s Sys=0.00s Real=0.03s
[180.729s][info][gc,start       ] GC(384) Pause Full (System.gc())
[180.730s][info][gc,task        ] GC(384) Using 5 workers of 10 for full compaction
[180.730s][info][gc,phases,start] GC(384) Phase 1: Mark live objects
[180.733s][info][gc,phases      ] GC(384) Phase 1: Mark live objects 2.914ms
[180.733s][info][gc,phases,start] GC(384) Phase 2: Prepare compaction
[180.734s][info][gc,phases      ] GC(384) Phase 2: Prepare compaction 0.808ms
[180.734s][info][gc,phases,start] GC(384) Phase 3: Adjust pointers
[180.735s][info][gc,phases      ] GC(384) Phase 3: Adjust pointers 1.371ms
[180.735s][info][gc,phases,start] GC(384) Phase 4: Compact heap
[180.736s][info][gc,phases      ] GC(384) Phase 4: Compact heap 0.705ms
[180.736s][info][gc,phases,start] GC(384) Phase 5: Reset Metadata
[180.738s][info][gc,phases      ] GC(384) Phase 5: Reset Metadata 1.807ms
[180.748s][info][gc,heap        ] GC(384) Eden regions: 1->0(102)
[180.748s][info][gc,heap        ] GC(384) Survivor regions: 0->0(0)
[180.748s][info][gc,heap        ] GC(384) Old regions: 4->4
[180.748s][info][gc,heap        ] GC(384) Humongous regions: 0->0
[180.748s][info][gc,metaspace   ] GC(384) Metaspace: 682K(1024K)->672K(1024K) NonClass: 626K(832K)->618K(832K) Class: 56K(192K)->53K(192K)
[180.748s][info][gc             ] GC(384) Pause Full (System.gc()) 3M->1M(8192M) 18.507ms
[180.748s][info][gc,cpu         ] GC(384) User=0.05s Sys=0.00s Real=0.02s
[181.205s][info][gc,start       ] GC(385) Pause Full (System.gc())
[181.206s][info][gc,task        ] GC(385) Using 5 workers of 10 for full compaction
[181.206s][info][gc,phases,start] GC(385) Phase 1: Mark live objects
[181.209s][info][gc,phases      ] GC(385) Phase 1: Mark live objects 3.574ms
[181.210s][info][gc,phases,start] GC(385) Phase 2: Prepare compaction
[181.211s][info][gc,phases      ] GC(385) Phase 2: Prepare compaction 1.738ms
[181.211s][info][gc,phases,start] GC(385) Phase 3: Adjust pointers
[181.213s][info][gc,phases      ] GC(385) Phase 3: Adjust pointers 1.562ms
[181.213s][info][gc,phases,start] GC(385) Phase 4: Compact heap
[181.214s][info][gc,phases      ] GC(385) Phase 4: Compact heap 0.887ms
[181.214s][info][gc,phases,start] GC(385) Phase 5: Reset Metadata
[181.216s][info][gc,phases      ] GC(385) Phase 5: Reset Metadata 2.208ms
[181.226s][info][gc,heap        ] GC(385) Eden regions: 1->0(102)
[181.226s][info][gc,heap        ] GC(385) Survivor regions: 0->0(0)
[181.226s][info][gc,heap        ] GC(385) Old regions: 4->4
[181.226s][info][gc,heap        ] GC(385) Humongous regions: 0->0
[181.226s][info][gc,metaspace   ] GC(385) Metaspace: 677K(1024K)->674K(1024K) NonClass: 621K(832K)->619K(832K) Class: 55K(192K)->54K(192K)
[181.226s][info][gc             ] GC(385) Pause Full (System.gc()) 3M->1M(8192M) 20.138ms
[181.226s][info][gc,cpu         ] GC(385) User=0.04s Sys=0.01s Real=0.02s
[181.679s][info][gc,start       ] GC(386) Pause Full (System.gc())
[181.679s][info][gc,task        ] GC(386) Using 5 workers of 10 for full compaction
[181.680s][info][gc,phases,start] GC(386) Phase 1: Mark live objects
[181.683s][info][gc,phases      ] GC(386) Phase 1: Mark live objects 2.904ms
[181.683s][info][gc,phases,start] GC(386) Phase 2: Prepare compaction
[181.683s][info][gc,phases      ] GC(386) Phase 2: Prepare compaction 0.792ms
[181.683s][info][gc,phases,start] GC(386) Phase 3: Adjust pointers
[181.685s][info][gc,phases      ] GC(386) Phase 3: Adjust pointers 1.437ms
[181.685s][info][gc,phases,start] GC(386) Phase 4: Compact heap
[181.686s][info][gc,phases      ] GC(386) Phase 4: Compact heap 1.272ms
[181.686s][info][gc,phases,start] GC(386) Phase 5: Reset Metadata
[181.688s][info][gc,phases      ] GC(386) Phase 5: Reset Metadata 1.945ms
[181.699s][info][gc,heap        ] GC(386) Eden regions: 1->0(102)
[181.699s][info][gc,heap        ] GC(386) Survivor regions: 0->0(0)
[181.699s][info][gc,heap        ] GC(386) Old regions: 4->4
[181.699s][info][gc,heap        ] GC(386) Humongous regions: 0->0
[181.699s][info][gc,metaspace   ] GC(386) Metaspace: 679K(1024K)->678K(1024K) NonClass: 622K(832K)->622K(832K) Class: 56K(192K)->55K(192K)
[181.699s][info][gc             ] GC(386) Pause Full (System.gc()) 3M->1M(8192M) 19.453ms
[181.699s][info][gc,cpu         ] GC(386) User=0.05s Sys=0.00s Real=0.02s
[182.152s][info][gc,start       ] GC(387) Pause Full (System.gc())
[182.152s][info][gc,task        ] GC(387) Using 5 workers of 10 for full compaction
[182.152s][info][gc,phases,start] GC(387) Phase 1: Mark live objects
[182.154s][info][gc,phases      ] GC(387) Phase 1: Mark live objects 1.843ms
[182.154s][info][gc,phases,start] GC(387) Phase 2: Prepare compaction
[182.155s][info][gc,phases      ] GC(387) Phase 2: Prepare compaction 0.350ms
[182.155s][info][gc,phases,start] GC(387) Phase 3: Adjust pointers
[182.155s][info][gc,phases      ] GC(387) Phase 3: Adjust pointers 0.750ms
[182.155s][info][gc,phases,start] GC(387) Phase 4: Compact heap
[182.156s][info][gc,phases      ] GC(387) Phase 4: Compact heap 0.314ms
[182.156s][info][gc,phases,start] GC(387) Phase 5: Reset Metadata
[182.157s][info][gc,phases      ] GC(387) Phase 5: Reset Metadata 1.077ms
[182.163s][info][gc,heap        ] GC(387) Eden regions: 1->0(102)
[182.163s][info][gc,heap        ] GC(387) Survivor regions: 0->0(0)
[182.163s][info][gc,heap        ] GC(387) Old regions: 4->4
[182.163s][info][gc,heap        ] GC(387) Humongous regions: 0->0
[182.164s][info][gc,metaspace   ] GC(387) Metaspace: 683K(1024K)->682K(1024K) NonClass: 625K(832K)->625K(832K) Class: 57K(192K)->57K(192K)
[182.164s][info][gc             ] GC(387) Pause Full (System.gc()) 3M->1M(8192M) 11.472ms
[182.164s][info][gc,cpu         ] GC(387) User=0.03s Sys=0.00s Real=0.01s
[182.621s][info][gc,start       ] GC(388) Pause Full (System.gc())
[182.621s][info][gc,task        ] GC(388) Using 5 workers of 10 for full compaction
[182.621s][info][gc,phases,start] GC(388) Phase 1: Mark live objects
[182.624s][info][gc,phases      ] GC(388) Phase 1: Mark live objects 3.296ms
[182.625s][info][gc,phases,start] GC(388) Phase 2: Prepare compaction
[182.626s][info][gc,phases      ] GC(388) Phase 2: Prepare compaction 1.121ms
[182.626s][info][gc,phases,start] GC(388) Phase 3: Adjust pointers
[182.628s][info][gc,phases      ] GC(388) Phase 3: Adjust pointers 2.267ms
[182.628s][info][gc,phases,start] GC(388) Phase 4: Compact heap
[182.629s][info][gc,phases      ] GC(388) Phase 4: Compact heap 1.233ms
[182.629s][info][gc,phases,start] GC(388) Phase 5: Reset Metadata
[182.632s][info][gc,phases      ] GC(388) Phase 5: Reset Metadata 2.372ms
[182.642s][info][gc,heap        ] GC(388) Eden regions: 1->0(102)
[182.642s][info][gc,heap        ] GC(388) Survivor regions: 0->0(0)
[182.642s][info][gc,heap        ] GC(388) Old regions: 4->4
[182.642s][info][gc,heap        ] GC(388) Humongous regions: 0->0
[182.642s][info][gc,metaspace   ] GC(388) Metaspace: 687K(1024K)->686K(1024K) NonClass: 628K(832K)->628K(832K) Class: 58K(192K)->58K(192K)
[182.642s][info][gc             ] GC(388) Pause Full (System.gc()) 3M->1M(8192M) 20.958ms
[182.642s][info][gc,cpu         ] GC(388) User=0.05s Sys=0.00s Real=0.02s
[183.096s][info][gc,start       ] GC(389) Pause Full (System.gc())
[183.096s][info][gc,task        ] GC(389) Using 5 workers of 10 for full compaction
[183.096s][info][gc,phases,start] GC(389) Phase 1: Mark live objects
[183.099s][info][gc,phases      ] GC(389) Phase 1: Mark live objects 2.890ms
[183.099s][info][gc,phases,start] GC(389) Phase 2: Prepare compaction
[183.100s][info][gc,phases      ] GC(389) Phase 2: Prepare compaction 0.799ms
[183.100s][info][gc,phases,start] GC(389) Phase 3: Adjust pointers
[183.102s][info][gc,phases      ] GC(389) Phase 3: Adjust pointers 1.544ms
[183.102s][info][gc,phases,start] GC(389) Phase 4: Compact heap
[183.103s][info][gc,phases      ] GC(389) Phase 4: Compact heap 1.618ms
[183.103s][info][gc,phases,start] GC(389) Phase 5: Reset Metadata
[183.105s][info][gc,phases      ] GC(389) Phase 5: Reset Metadata 1.625ms
[183.115s][info][gc,heap        ] GC(389) Eden regions: 1->0(102)
[183.115s][info][gc,heap        ] GC(389) Survivor regions: 0->0(0)
[183.115s][info][gc,heap        ] GC(389) Old regions: 4->4
[183.115s][info][gc,heap        ] GC(389) Humongous regions: 0->0
[183.115s][info][gc,metaspace   ] GC(389) Metaspace: 691K(1024K)->690K(1024K) NonClass: 631K(832K)->630K(832K) Class: 60K(192K)->59K(192K)
[183.115s][info][gc             ] GC(389) Pause Full (System.gc()) 3M->1M(8192M) 19.094ms
[183.115s][info][gc,cpu         ] GC(389) User=0.06s Sys=0.00s Real=0.02s
[183.571s][info][gc,start       ] GC(390) Pause Full (System.gc())
[183.571s][info][gc,task        ] GC(390) Using 5 workers of 10 for full compaction
[183.571s][info][gc,phases,start] GC(390) Phase 1: Mark live objects
[183.575s][info][gc,phases      ] GC(390) Phase 1: Mark live objects 3.497ms
[183.575s][info][gc,phases,start] GC(390) Phase 2: Prepare compaction
[183.576s][info][gc,phases      ] GC(390) Phase 2: Prepare compaction 0.823ms
[183.576s][info][gc,phases,start] GC(390) Phase 3: Adjust pointers
[183.578s][info][gc,phases      ] GC(390) Phase 3: Adjust pointers 2.199ms
[183.578s][info][gc,phases,start] GC(390) Phase 4: Compact heap
[183.579s][info][gc,phases      ] GC(390) Phase 4: Compact heap 0.768ms
[183.579s][info][gc,phases,start] GC(390) Phase 5: Reset Metadata
[183.581s][info][gc,phases      ] GC(390) Phase 5: Reset Metadata 1.859ms
[183.593s][info][gc,heap        ] GC(390) Eden regions: 1->0(102)
[183.593s][info][gc,heap        ] GC(390) Survivor regions: 0->0(0)
[183.593s][info][gc,heap        ] GC(390) Old regions: 4->4
[183.593s][info][gc,heap        ] GC(390) Humongous regions: 0->0
[183.593s][info][gc,metaspace   ] GC(390) Metaspace: 695K(1024K)->694K(1024K) NonClass: 634K(832K)->633K(832K) Class: 61K(192K)->60K(192K)
[183.593s][info][gc             ] GC(390) Pause Full (System.gc()) 3M->1M(8192M) 22.448ms
[183.593s][info][gc,cpu         ] GC(390) User=0.05s Sys=0.00s Real=0.02s
[184.049s][info][gc,start       ] GC(391) Pause Full (System.gc())
[184.049s][info][gc,task        ] GC(391) Using 5 workers of 10 for full compaction
[184.050s][info][gc,phases,start] GC(391) Phase 1: Mark live objects
[184.053s][info][gc,phases      ] GC(391) Phase 1: Mark live objects 3.130ms
[184.053s][info][gc,phases,start] GC(391) Phase 2: Prepare compaction
[184.054s][info][gc,phases      ] GC(391) Phase 2: Prepare compaction 0.788ms
[184.054s][info][gc,phases,start] GC(391) Phase 3: Adjust pointers
[184.056s][info][gc,phases      ] GC(391) Phase 3: Adjust pointers 2.125ms
[184.056s][info][gc,phases,start] GC(391) Phase 4: Compact heap
[184.056s][info][gc,phases      ] GC(391) Phase 4: Compact heap 0.692ms
[184.057s][info][gc,phases,start] GC(391) Phase 5: Reset Metadata
[184.059s][info][gc,phases      ] GC(391) Phase 5: Reset Metadata 2.832ms
[184.070s][info][gc,heap        ] GC(391) Eden regions: 1->0(102)
[184.070s][info][gc,heap        ] GC(391) Survivor regions: 0->0(0)
[184.070s][info][gc,heap        ] GC(391) Old regions: 4->4
[184.070s][info][gc,heap        ] GC(391) Humongous regions: 0->0
[184.070s][info][gc,metaspace   ] GC(391) Metaspace: 699K(1024K)->699K(1024K) NonClass: 637K(832K)->637K(832K) Class: 62K(192K)->62K(192K)
[184.070s][info][gc             ] GC(391) Pause Full (System.gc()) 3M->1M(8192M) 20.509ms
[184.070s][info][gc,cpu         ] GC(391) User=0.04s Sys=0.00s Real=0.02s
[184.525s][info][gc,start       ] GC(392) Pause Full (System.gc())
[184.525s][info][gc,task        ] GC(392) Using 5 workers of 10 for full compaction
[184.526s][info][gc,phases,start] GC(392) Phase 1: Mark live objects
[184.530s][info][gc,phases      ] GC(392) Phase 1: Mark live objects 4.004ms
[184.530s][info][gc,phases,start] GC(392) Phase 2: Prepare compaction
[184.531s][info][gc,phases      ] GC(392) Phase 2: Prepare compaction 0.849ms
[184.531s][info][gc,phases,start] GC(392) Phase 3: Adjust pointers
[184.532s][info][gc,phases      ] GC(392) Phase 3: Adjust pointers 1.652ms
[184.532s][info][gc,phases,start] GC(392) Phase 4: Compact heap
[184.533s][info][gc,phases      ] GC(392) Phase 4: Compact heap 0.787ms
[184.533s][info][gc,phases,start] GC(392) Phase 5: Reset Metadata
[184.535s][info][gc,phases      ] GC(392) Phase 5: Reset Metadata 1.933ms
[184.545s][info][gc,heap        ] GC(392) Eden regions: 1->0(102)
[184.545s][info][gc,heap        ] GC(392) Survivor regions: 0->0(0)
[184.545s][info][gc,heap        ] GC(392) Old regions: 4->4
[184.545s][info][gc,heap        ] GC(392) Humongous regions: 0->0
[184.546s][info][gc,metaspace   ] GC(392) Metaspace: 704K(1024K)->702K(1024K) NonClass: 640K(832K)->639K(832K) Class: 64K(192K)->63K(192K)
[184.546s][info][gc             ] GC(392) Pause Full (System.gc()) 3M->1M(8192M) 20.257ms
[184.546s][info][gc,cpu         ] GC(392) User=0.05s Sys=0.01s Real=0.02s
[185.003s][info][gc,start       ] GC(393) Pause Full (System.gc())
[185.003s][info][gc,task        ] GC(393) Using 5 workers of 10 for full compaction
[185.003s][info][gc,phases,start] GC(393) Phase 1: Mark live objects
[185.006s][info][gc,phases      ] GC(393) Phase 1: Mark live objects 2.695ms
[185.006s][info][gc,phases,start] GC(393) Phase 2: Prepare compaction
[185.007s][info][gc,phases      ] GC(393) Phase 2: Prepare compaction 0.884ms
[185.007s][info][gc,phases,start] GC(393) Phase 3: Adjust pointers
[185.008s][info][gc,phases      ] GC(393) Phase 3: Adjust pointers 1.296ms
[185.008s][info][gc,phases,start] GC(393) Phase 4: Compact heap
[185.009s][info][gc,phases      ] GC(393) Phase 4: Compact heap 0.792ms
[185.009s][info][gc,phases,start] GC(393) Phase 5: Reset Metadata
[185.012s][info][gc,phases      ] GC(393) Phase 5: Reset Metadata 2.505ms
[185.022s][info][gc,heap        ] GC(393) Eden regions: 1->0(102)
[185.022s][info][gc,heap        ] GC(393) Survivor regions: 0->0(0)
[185.022s][info][gc,heap        ] GC(393) Old regions: 4->4
[185.022s][info][gc,heap        ] GC(393) Humongous regions: 0->0
[185.022s][info][gc,metaspace   ] GC(393) Metaspace: 707K(1024K)->706K(1024K) NonClass: 642K(832K)->642K(832K) Class: 65K(192K)->64K(192K)
[185.022s][info][gc             ] GC(393) Pause Full (System.gc()) 3M->1M(8192M) 19.244ms
[185.022s][info][gc,cpu         ] GC(393) User=0.05s Sys=0.00s Real=0.02s
[185.479s][info][gc,start       ] GC(394) Pause Full (System.gc())
[185.479s][info][gc,task        ] GC(394) Using 5 workers of 10 for full compaction
[185.479s][info][gc,phases,start] GC(394) Phase 1: Mark live objects
[185.482s][info][gc,phases      ] GC(394) Phase 1: Mark live objects 2.325ms
[185.482s][info][gc,phases,start] GC(394) Phase 2: Prepare compaction
[185.483s][info][gc,phases      ] GC(394) Phase 2: Prepare compaction 1.355ms
[185.483s][info][gc,phases,start] GC(394) Phase 3: Adjust pointers
[185.485s][info][gc,phases      ] GC(394) Phase 3: Adjust pointers 1.380ms
[185.485s][info][gc,phases,start] GC(394) Phase 4: Compact heap
[185.485s][info][gc,phases      ] GC(394) Phase 4: Compact heap 0.736ms
[185.485s][info][gc,phases,start] GC(394) Phase 5: Reset Metadata
[185.488s][info][gc,phases      ] GC(394) Phase 5: Reset Metadata 2.170ms
[185.499s][info][gc,heap        ] GC(394) Eden regions: 1->0(102)
[185.499s][info][gc,heap        ] GC(394) Survivor regions: 0->0(0)
[185.499s][info][gc,heap        ] GC(394) Old regions: 4->4
[185.499s][info][gc,heap        ] GC(394) Humongous regions: 0->0
[185.499s][info][gc,metaspace   ] GC(394) Metaspace: 711K(1088K)->711K(1088K) NonClass: 645K(896K)->645K(896K) Class: 66K(192K)->66K(192K)
[185.499s][info][gc             ] GC(394) Pause Full (System.gc()) 3M->1M(8192M) 20.141ms
[185.499s][info][gc,cpu         ] GC(394) User=0.05s Sys=0.00s Real=0.02s
[185.953s][info][gc,start       ] GC(395) Pause Full (System.gc())
[185.954s][info][gc,task        ] GC(395) Using 5 workers of 10 for full compaction
[185.954s][info][gc,phases,start] GC(395) Phase 1: Mark live objects
[185.956s][info][gc,phases      ] GC(395) Phase 1: Mark live objects 2.644ms
[185.956s][info][gc,phases,start] GC(395) Phase 2: Prepare compaction
[185.957s][info][gc,phases      ] GC(395) Phase 2: Prepare compaction 0.854ms
[185.957s][info][gc,phases,start] GC(395) Phase 3: Adjust pointers
[185.959s][info][gc,phases      ] GC(395) Phase 3: Adjust pointers 2.101ms
[185.960s][info][gc,phases,start] GC(395) Phase 4: Compact heap
[185.960s][info][gc,phases      ] GC(395) Phase 4: Compact heap 0.759ms
[185.960s][info][gc,phases,start] GC(395) Phase 5: Reset Metadata
[185.962s][info][gc,phases      ] GC(395) Phase 5: Reset Metadata 1.835ms
[185.973s][info][gc,heap        ] GC(395) Eden regions: 1->0(102)
[185.973s][info][gc,heap        ] GC(395) Survivor regions: 0->0(0)
[185.973s][info][gc,heap        ] GC(395) Old regions: 4->4
[185.973s][info][gc,heap        ] GC(395) Humongous regions: 0->0
[185.973s][info][gc,metaspace   ] GC(395) Metaspace: 716K(1088K)->716K(1088K) NonClass: 648K(896K)->648K(896K) Class: 68K(192K)->68K(192K)
[185.973s][info][gc             ] GC(395) Pause Full (System.gc()) 3M->1M(8192M) 19.605ms
[185.973s][info][gc,cpu         ] GC(395) User=0.04s Sys=0.01s Real=0.02s
[186.430s][info][gc,start       ] GC(396) Pause Full (System.gc())
[186.431s][info][gc,task        ] GC(396) Using 5 workers of 10 for full compaction
[186.431s][info][gc,phases,start] GC(396) Phase 1: Mark live objects
[186.436s][info][gc,phases      ] GC(396) Phase 1: Mark live objects 5.541ms
[186.436s][info][gc,phases,start] GC(396) Phase 2: Prepare compaction
[186.438s][info][gc,phases      ] GC(396) Phase 2: Prepare compaction 1.598ms
[186.438s][info][gc,phases,start] GC(396) Phase 3: Adjust pointers
[186.441s][info][gc,phases      ] GC(396) Phase 3: Adjust pointers 2.680ms
[186.441s][info][gc,phases,start] GC(396) Phase 4: Compact heap
[186.442s][info][gc,phases      ] GC(396) Phase 4: Compact heap 0.733ms
[186.442s][info][gc,phases,start] GC(396) Phase 5: Reset Metadata
[186.443s][info][gc,phases      ] GC(396) Phase 5: Reset Metadata 1.556ms
[186.453s][info][gc,heap        ] GC(396) Eden regions: 1->0(102)
[186.453s][info][gc,heap        ] GC(396) Survivor regions: 0->0(0)
[186.453s][info][gc,heap        ] GC(396) Old regions: 4->4
[186.453s][info][gc,heap        ] GC(396) Humongous regions: 0->0
[186.453s][info][gc,metaspace   ] GC(396) Metaspace: 721K(1088K)->721K(1088K) NonClass: 652K(896K)->652K(896K) Class: 69K(192K)->69K(192K)
[186.453s][info][gc             ] GC(396) Pause Full (System.gc()) 3M->1M(8192M) 23.122ms
[186.453s][info][gc,cpu         ] GC(396) User=0.05s Sys=0.00s Real=0.02s
[186.911s][info][gc,start       ] GC(397) Pause Full (System.gc())
[186.911s][info][gc,task        ] GC(397) Using 5 workers of 10 for full compaction
[186.911s][info][gc,phases,start] GC(397) Phase 1: Mark live objects
[186.915s][info][gc,phases      ] GC(397) Phase 1: Mark live objects 3.632ms
[186.915s][info][gc,phases,start] GC(397) Phase 2: Prepare compaction
[186.916s][info][gc,phases      ] GC(397) Phase 2: Prepare compaction 0.831ms
[186.916s][info][gc,phases,start] GC(397) Phase 3: Adjust pointers
[186.917s][info][gc,phases      ] GC(397) Phase 3: Adjust pointers 1.531ms
[186.917s][info][gc,phases,start] GC(397) Phase 4: Compact heap
[186.918s][info][gc,phases      ] GC(397) Phase 4: Compact heap 0.600ms
[186.918s][info][gc,phases,start] GC(397) Phase 5: Reset Metadata
[186.921s][info][gc,phases      ] GC(397) Phase 5: Reset Metadata 2.685ms
[186.933s][info][gc,heap        ] GC(397) Eden regions: 1->0(102)
[186.933s][info][gc,heap        ] GC(397) Survivor regions: 0->0(0)
[186.933s][info][gc,heap        ] GC(397) Old regions: 4->4
[186.933s][info][gc,heap        ] GC(397) Humongous regions: 0->0
[186.933s][info][gc,metaspace   ] GC(397) Metaspace: 726K(1088K)->726K(1088K) NonClass: 655K(896K)->655K(896K) Class: 71K(192K)->71K(192K)
[186.933s][info][gc             ] GC(397) Pause Full (System.gc()) 3M->1M(8192M) 22.156ms
[186.933s][info][gc,cpu         ] GC(397) User=0.04s Sys=0.00s Real=0.02s
[187.389s][info][gc,start       ] GC(398) Pause Full (System.gc())
[187.389s][info][gc,task        ] GC(398) Using 5 workers of 10 for full compaction
[187.389s][info][gc,phases,start] GC(398) Phase 1: Mark live objects
[187.392s][info][gc,phases      ] GC(398) Phase 1: Mark live objects 3.043ms
[187.392s][info][gc,phases,start] GC(398) Phase 2: Prepare compaction
[187.393s][info][gc,phases      ] GC(398) Phase 2: Prepare compaction 1.424ms
[187.394s][info][gc,phases,start] GC(398) Phase 3: Adjust pointers
[187.395s][info][gc,phases      ] GC(398) Phase 3: Adjust pointers 1.432ms
[187.395s][info][gc,phases,start] GC(398) Phase 4: Compact heap
[187.396s][info][gc,phases      ] GC(398) Phase 4: Compact heap 0.790ms
[187.396s][info][gc,phases,start] GC(398) Phase 5: Reset Metadata
[187.398s][info][gc,phases      ] GC(398) Phase 5: Reset Metadata 2.016ms
[187.410s][info][gc,heap        ] GC(398) Eden regions: 1->0(102)
[187.410s][info][gc,heap        ] GC(398) Survivor regions: 0->0(0)
[187.410s][info][gc,heap        ] GC(398) Old regions: 4->4
[187.410s][info][gc,heap        ] GC(398) Humongous regions: 0->0
[187.410s][info][gc,metaspace   ] GC(398) Metaspace: 731K(1088K)->731K(1088K) NonClass: 658K(896K)->658K(896K) Class: 73K(192K)->73K(192K)
[187.410s][info][gc             ] GC(398) Pause Full (System.gc()) 3M->1M(8192M) 21.308ms
[187.410s][info][gc,cpu         ] GC(398) User=0.04s Sys=0.01s Real=0.02s
[187.867s][info][gc,start       ] GC(399) Pause Full (System.gc())
[187.867s][info][gc,task        ] GC(399) Using 5 workers of 10 for full compaction
[187.867s][info][gc,phases,start] GC(399) Phase 1: Mark live objects
[187.870s][info][gc,phases      ] GC(399) Phase 1: Mark live objects 2.987ms
[187.870s][info][gc,phases,start] GC(399) Phase 2: Prepare compaction
[187.872s][info][gc,phases      ] GC(399) Phase 2: Prepare compaction 1.071ms
[187.872s][info][gc,phases,start] GC(399) Phase 3: Adjust pointers
[187.873s][info][gc,phases      ] GC(399) Phase 3: Adjust pointers 1.466ms
[187.873s][info][gc,phases,start] GC(399) Phase 4: Compact heap
[187.875s][info][gc,phases      ] GC(399) Phase 4: Compact heap 1.531ms
[187.875s][info][gc,phases,start] GC(399) Phase 5: Reset Metadata
[187.877s][info][gc,phases      ] GC(399) Phase 5: Reset Metadata 2.782ms
[187.886s][info][gc,heap        ] GC(399) Eden regions: 1->0(102)
[187.886s][info][gc,heap        ] GC(399) Survivor regions: 0->0(0)
[187.886s][info][gc,heap        ] GC(399) Old regions: 4->4
[187.886s][info][gc,heap        ] GC(399) Humongous regions: 0->0
[187.886s][info][gc,metaspace   ] GC(399) Metaspace: 736K(1088K)->736K(1088K) NonClass: 661K(896K)->661K(896K) Class: 75K(192K)->75K(192K)
[187.886s][info][gc             ] GC(399) Pause Full (System.gc()) 3M->1M(8192M) 19.458ms
[187.886s][info][gc,cpu         ] GC(399) User=0.05s Sys=0.00s Real=0.02s
[188.343s][info][gc,start       ] GC(400) Pause Full (System.gc())
[188.343s][info][gc,task        ] GC(400) Using 5 workers of 10 for full compaction
[188.343s][info][gc,phases,start] GC(400) Phase 1: Mark live objects
[188.348s][info][gc,phases      ] GC(400) Phase 1: Mark live objects 4.615ms
[188.348s][info][gc,phases,start] GC(400) Phase 2: Prepare compaction
[188.351s][info][gc,phases      ] GC(400) Phase 2: Prepare compaction 2.921ms
[188.351s][info][gc,phases,start] GC(400) Phase 3: Adjust pointers
[188.353s][info][gc,phases      ] GC(400) Phase 3: Adjust pointers 2.135ms
[188.353s][info][gc,phases,start] GC(400) Phase 4: Compact heap
[188.354s][info][gc,phases      ] GC(400) Phase 4: Compact heap 1.134ms
[188.354s][info][gc,phases,start] GC(400) Phase 5: Reset Metadata
[188.357s][info][gc,phases      ] GC(400) Phase 5: Reset Metadata 2.392ms
[188.368s][info][gc,heap        ] GC(400) Eden regions: 1->0(102)
[188.368s][info][gc,heap        ] GC(400) Survivor regions: 0->0(0)
[188.368s][info][gc,heap        ] GC(400) Old regions: 4->4
[188.368s][info][gc,heap        ] GC(400) Humongous regions: 0->0
[188.368s][info][gc,metaspace   ] GC(400) Metaspace: 741K(1216K)->701K(1216K) NonClass: 665K(960K)->635K(960K) Class: 76K(256K)->65K(256K)
[188.368s][info][gc             ] GC(400) Pause Full (System.gc()) 3M->1M(8192M) 24.818ms
[188.368s][info][gc,cpu         ] GC(400) User=0.05s Sys=0.00s Real=0.03s
[188.820s][info][gc,start       ] GC(401) Pause Full (System.gc())
[188.820s][info][gc,task        ] GC(401) Using 5 workers of 10 for full compaction
[188.820s][info][gc,phases,start] GC(401) Phase 1: Mark live objects
[188.825s][info][gc,phases      ] GC(401) Phase 1: Mark live objects 5.246ms
[188.825s][info][gc,phases,start] GC(401) Phase 2: Prepare compaction
[188.826s][info][gc,phases      ] GC(401) Phase 2: Prepare compaction 0.797ms
[188.826s][info][gc,phases,start] GC(401) Phase 3: Adjust pointers
[188.828s][info][gc,phases      ] GC(401) Phase 3: Adjust pointers 1.298ms
[188.828s][info][gc,phases,start] GC(401) Phase 4: Compact heap
[188.828s][info][gc,phases      ] GC(401) Phase 4: Compact heap 0.464ms
[188.828s][info][gc,phases,start] GC(401) Phase 5: Reset Metadata
[188.831s][info][gc,phases      ] GC(401) Phase 5: Reset Metadata 2.450ms
[188.841s][info][gc,heap        ] GC(401) Eden regions: 1->0(102)
[188.841s][info][gc,heap        ] GC(401) Survivor regions: 0->0(0)
[188.841s][info][gc,heap        ] GC(401) Old regions: 4->4
[188.841s][info][gc,heap        ] GC(401) Humongous regions: 0->0
[188.841s][info][gc,metaspace   ] GC(401) Metaspace: 706K(1216K)->702K(1216K) NonClass: 638K(960K)->636K(960K) Class: 67K(256K)->66K(256K)
[188.841s][info][gc             ] GC(401) Pause Full (System.gc()) 3M->1M(8192M) 21.189ms
[188.841s][info][gc,cpu         ] GC(401) User=0.04s Sys=0.00s Real=0.02s
[189.294s][info][gc,start       ] GC(402) Pause Full (System.gc())
[189.294s][info][gc,task        ] GC(402) Using 5 workers of 10 for full compaction
[189.294s][info][gc,phases,start] GC(402) Phase 1: Mark live objects
[189.302s][info][gc,phases      ] GC(402) Phase 1: Mark live objects 7.412ms
[189.302s][info][gc,phases,start] GC(402) Phase 2: Prepare compaction
[189.303s][info][gc,phases      ] GC(402) Phase 2: Prepare compaction 1.169ms
[189.303s][info][gc,phases,start] GC(402) Phase 3: Adjust pointers
[189.304s][info][gc,phases      ] GC(402) Phase 3: Adjust pointers 1.233ms
[189.304s][info][gc,phases,start] GC(402) Phase 4: Compact heap
[189.305s][info][gc,phases      ] GC(402) Phase 4: Compact heap 0.553ms
[189.305s][info][gc,phases,start] GC(402) Phase 5: Reset Metadata
[189.308s][info][gc,phases      ] GC(402) Phase 5: Reset Metadata 2.900ms
[189.319s][info][gc,heap        ] GC(402) Eden regions: 1->0(102)
[189.319s][info][gc,heap        ] GC(402) Survivor regions: 0->0(0)
[189.319s][info][gc,heap        ] GC(402) Old regions: 4->4
[189.319s][info][gc,heap        ] GC(402) Humongous regions: 0->0
[189.319s][info][gc,metaspace   ] GC(402) Metaspace: 707K(1216K)->704K(1216K) NonClass: 639K(960K)->637K(960K) Class: 68K(256K)->67K(256K)
[189.319s][info][gc             ] GC(402) Pause Full (System.gc()) 3M->1M(8192M) 25.452ms
[189.319s][info][gc,cpu         ] GC(402) User=0.05s Sys=0.00s Real=0.03s
[189.776s][info][gc,start       ] GC(403) Pause Full (System.gc())
[189.776s][info][gc,task        ] GC(403) Using 5 workers of 10 for full compaction
[189.777s][info][gc,phases,start] GC(403) Phase 1: Mark live objects
[189.784s][info][gc,phases      ] GC(403) Phase 1: Mark live objects 7.763ms
[189.784s][info][gc,phases,start] GC(403) Phase 2: Prepare compaction
[189.785s][info][gc,phases      ] GC(403) Phase 2: Prepare compaction 0.856ms
[189.785s][info][gc,phases,start] GC(403) Phase 3: Adjust pointers
[189.787s][info][gc,phases      ] GC(403) Phase 3: Adjust pointers 1.484ms
[189.787s][info][gc,phases,start] GC(403) Phase 4: Compact heap
[189.789s][info][gc,phases      ] GC(403) Phase 4: Compact heap 1.944ms
[189.789s][info][gc,phases,start] GC(403) Phase 5: Reset Metadata
[189.791s][info][gc,phases      ] GC(403) Phase 5: Reset Metadata 1.902ms
[189.802s][info][gc,heap        ] GC(403) Eden regions: 1->0(102)
[189.802s][info][gc,heap        ] GC(403) Survivor regions: 0->0(0)
[189.802s][info][gc,heap        ] GC(403) Old regions: 4->4
[189.802s][info][gc,heap        ] GC(403) Humongous regions: 0->0
[189.802s][info][gc,metaspace   ] GC(403) Metaspace: 709K(1216K)->706K(1216K) NonClass: 640K(960K)->638K(960K) Class: 69K(256K)->68K(256K)
[189.802s][info][gc             ] GC(403) Pause Full (System.gc()) 3M->1M(8192M) 25.903ms
[189.802s][info][gc,cpu         ] GC(403) User=0.04s Sys=0.00s Real=0.02s
[190.258s][info][gc,start       ] GC(404) Pause Full (System.gc())
[190.258s][info][gc,task        ] GC(404) Using 5 workers of 10 for full compaction
[190.258s][info][gc,phases,start] GC(404) Phase 1: Mark live objects
[190.262s][info][gc,phases      ] GC(404) Phase 1: Mark live objects 3.788ms
[190.262s][info][gc,phases,start] GC(404) Phase 2: Prepare compaction
[190.263s][info][gc,phases      ] GC(404) Phase 2: Prepare compaction 0.720ms
[190.263s][info][gc,phases,start] GC(404) Phase 3: Adjust pointers
[190.265s][info][gc,phases      ] GC(404) Phase 3: Adjust pointers 1.726ms
[190.265s][info][gc,phases,start] GC(404) Phase 4: Compact heap
[190.265s][info][gc,phases      ] GC(404) Phase 4: Compact heap 0.595ms
[190.265s][info][gc,phases,start] GC(404) Phase 5: Reset Metadata
[190.267s][info][gc,phases      ] GC(404) Phase 5: Reset Metadata 2.015ms
[190.277s][info][gc,heap        ] GC(404) Eden regions: 1->0(102)
[190.277s][info][gc,heap        ] GC(404) Survivor regions: 0->0(0)
[190.277s][info][gc,heap        ] GC(404) Old regions: 4->4
[190.277s][info][gc,heap        ] GC(404) Humongous regions: 0->0
[190.278s][info][gc,metaspace   ] GC(404) Metaspace: 711K(1216K)->710K(1216K) NonClass: 641K(960K)->641K(960K) Class: 69K(256K)->69K(256K)
[190.278s][info][gc             ] GC(404) Pause Full (System.gc()) 3M->1M(8192M) 19.489ms
[190.278s][info][gc,cpu         ] GC(404) User=0.04s Sys=0.00s Real=0.02s
[190.734s][info][gc,start       ] GC(405) Pause Full (System.gc())
[190.734s][info][gc,task        ] GC(405) Using 5 workers of 10 for full compaction
[190.734s][info][gc,phases,start] GC(405) Phase 1: Mark live objects
[190.738s][info][gc,phases      ] GC(405) Phase 1: Mark live objects 4.068ms
[190.738s][info][gc,phases,start] GC(405) Phase 2: Prepare compaction
[190.742s][info][gc,phases      ] GC(405) Phase 2: Prepare compaction 3.551ms
[190.742s][info][gc,phases,start] GC(405) Phase 3: Adjust pointers
[190.745s][info][gc,phases      ] GC(405) Phase 3: Adjust pointers 2.475ms
[190.745s][info][gc,phases,start] GC(405) Phase 4: Compact heap
[190.745s][info][gc,phases      ] GC(405) Phase 4: Compact heap 0.547ms
[190.745s][info][gc,phases,start] GC(405) Phase 5: Reset Metadata
[190.747s][info][gc,phases      ] GC(405) Phase 5: Reset Metadata 1.770ms
[190.757s][info][gc,heap        ] GC(405) Eden regions: 1->0(102)
[190.757s][info][gc,heap        ] GC(405) Survivor regions: 0->0(0)
[190.757s][info][gc,heap        ] GC(405) Old regions: 4->4
[190.757s][info][gc,heap        ] GC(405) Humongous regions: 0->0
[190.757s][info][gc,metaspace   ] GC(405) Metaspace: 715K(1216K)->714K(1216K) NonClass: 644K(960K)->644K(960K) Class: 71K(256K)->70K(256K)
[190.757s][info][gc             ] GC(405) Pause Full (System.gc()) 3M->1M(8192M) 22.900ms
[190.757s][info][gc,cpu         ] GC(405) User=0.05s Sys=0.01s Real=0.03s
[191.210s][info][gc,start       ] GC(406) Pause Full (System.gc())
[191.210s][info][gc,task        ] GC(406) Using 5 workers of 10 for full compaction
[191.210s][info][gc,phases,start] GC(406) Phase 1: Mark live objects
[191.213s][info][gc,phases      ] GC(406) Phase 1: Mark live objects 3.055ms
[191.213s][info][gc,phases,start] GC(406) Phase 2: Prepare compaction
[191.214s][info][gc,phases      ] GC(406) Phase 2: Prepare compaction 0.796ms
[191.214s][info][gc,phases,start] GC(406) Phase 3: Adjust pointers
[191.217s][info][gc,phases      ] GC(406) Phase 3: Adjust pointers 3.097ms
[191.217s][info][gc,phases,start] GC(406) Phase 4: Compact heap
[191.218s][info][gc,phases      ] GC(406) Phase 4: Compact heap 0.722ms
[191.218s][info][gc,phases,start] GC(406) Phase 5: Reset Metadata
[191.220s][info][gc,phases      ] GC(406) Phase 5: Reset Metadata 2.304ms
[191.231s][info][gc,heap        ] GC(406) Eden regions: 1->0(102)
[191.231s][info][gc,heap        ] GC(406) Survivor regions: 0->0(0)
[191.231s][info][gc,heap        ] GC(406) Old regions: 4->4
[191.231s][info][gc,heap        ] GC(406) Humongous regions: 0->0
[191.231s][info][gc,metaspace   ] GC(406) Metaspace: 719K(1216K)->718K(1216K) NonClass: 647K(960K)->646K(960K) Class: 72K(256K)->71K(256K)
[191.231s][info][gc             ] GC(406) Pause Full (System.gc()) 3M->1M(8192M) 21.955ms
[191.231s][info][gc,cpu         ] GC(406) User=0.05s Sys=0.00s Real=0.02s
[191.685s][info][gc,start       ] GC(407) Pause Full (System.gc())
[191.686s][info][gc,task        ] GC(407) Using 5 workers of 10 for full compaction
[191.686s][info][gc,phases,start] GC(407) Phase 1: Mark live objects
[191.689s][info][gc,phases      ] GC(407) Phase 1: Mark live objects 3.436ms
[191.689s][info][gc,phases,start] GC(407) Phase 2: Prepare compaction
[191.692s][info][gc,phases      ] GC(407) Phase 2: Prepare compaction 2.239ms
[191.692s][info][gc,phases,start] GC(407) Phase 3: Adjust pointers
[191.694s][info][gc,phases      ] GC(407) Phase 3: Adjust pointers 1.983ms
[191.694s][info][gc,phases,start] GC(407) Phase 4: Compact heap
[191.694s][info][gc,phases      ] GC(407) Phase 4: Compact heap 0.548ms
[191.694s][info][gc,phases,start] GC(407) Phase 5: Reset Metadata
[191.698s][info][gc,phases      ] GC(407) Phase 5: Reset Metadata 3.160ms
[191.708s][info][gc,heap        ] GC(407) Eden regions: 1->0(102)
[191.708s][info][gc,heap        ] GC(407) Survivor regions: 0->0(0)
[191.708s][info][gc,heap        ] GC(407) Old regions: 4->4
[191.708s][info][gc,heap        ] GC(407) Humongous regions: 0->0
[191.708s][info][gc,metaspace   ] GC(407) Metaspace: 723K(1216K)->723K(1216K) NonClass: 650K(960K)->650K(960K) Class: 73K(256K)->73K(256K)
[191.708s][info][gc             ] GC(407) Pause Full (System.gc()) 3M->1M(8192M) 22.589ms
[191.708s][info][gc,cpu         ] GC(407) User=0.04s Sys=0.00s Real=0.03s
[192.160s][info][gc,start       ] GC(408) Pause Full (System.gc())
[192.161s][info][gc,task        ] GC(408) Using 5 workers of 10 for full compaction
[192.161s][info][gc,phases,start] GC(408) Phase 1: Mark live objects
[192.164s][info][gc,phases      ] GC(408) Phase 1: Mark live objects 2.935ms
[192.164s][info][gc,phases,start] GC(408) Phase 2: Prepare compaction
[192.165s][info][gc,phases      ] GC(408) Phase 2: Prepare compaction 1.444ms
[192.165s][info][gc,phases,start] GC(408) Phase 3: Adjust pointers
[192.166s][info][gc,phases      ] GC(408) Phase 3: Adjust pointers 0.820ms
[192.166s][info][gc,phases,start] GC(408) Phase 4: Compact heap
[192.167s][info][gc,phases      ] GC(408) Phase 4: Compact heap 1.295ms
[192.168s][info][gc,phases,start] GC(408) Phase 5: Reset Metadata
[192.171s][info][gc,phases      ] GC(408) Phase 5: Reset Metadata 3.738ms
[192.183s][info][gc,heap        ] GC(408) Eden regions: 1->0(102)
[192.183s][info][gc,heap        ] GC(408) Survivor regions: 0->0(0)
[192.183s][info][gc,heap        ] GC(408) Old regions: 4->4
[192.183s][info][gc,heap        ] GC(408) Humongous regions: 0->0
[192.183s][info][gc,metaspace   ] GC(408) Metaspace: 728K(1216K)->728K(1216K) NonClass: 653K(960K)->653K(960K) Class: 75K(256K)->75K(256K)
[192.183s][info][gc             ] GC(408) Pause Full (System.gc()) 3M->1M(8192M) 23.016ms
[192.183s][info][gc,cpu         ] GC(408) User=0.05s Sys=0.01s Real=0.02s
[192.637s][info][gc,start       ] GC(409) Pause Full (System.gc())
[192.637s][info][gc,task        ] GC(409) Using 5 workers of 10 for full compaction
[192.637s][info][gc,phases,start] GC(409) Phase 1: Mark live objects
[192.640s][info][gc,phases      ] GC(409) Phase 1: Mark live objects 2.671ms
[192.640s][info][gc,phases,start] GC(409) Phase 2: Prepare compaction
[192.643s][info][gc,phases      ] GC(409) Phase 2: Prepare compaction 2.521ms
[192.643s][info][gc,phases,start] GC(409) Phase 3: Adjust pointers
[192.644s][info][gc,phases      ] GC(409) Phase 3: Adjust pointers 1.673ms
[192.644s][info][gc,phases,start] GC(409) Phase 4: Compact heap
[192.645s][info][gc,phases      ] GC(409) Phase 4: Compact heap 0.580ms
[192.645s][info][gc,phases,start] GC(409) Phase 5: Reset Metadata
[192.647s][info][gc,phases      ] GC(409) Phase 5: Reset Metadata 2.121ms
[192.657s][info][gc,heap        ] GC(409) Eden regions: 1->0(102)
[192.657s][info][gc,heap        ] GC(409) Survivor regions: 0->0(0)
[192.657s][info][gc,heap        ] GC(409) Old regions: 4->4
[192.657s][info][gc,heap        ] GC(409) Humongous regions: 0->0
[192.657s][info][gc,metaspace   ] GC(409) Metaspace: 733K(1216K)->733K(1216K) NonClass: 656K(960K)->656K(960K) Class: 77K(256K)->77K(256K)
[192.657s][info][gc             ] GC(409) Pause Full (System.gc()) 3M->1M(8192M) 20.406ms
[192.657s][info][gc,cpu         ] GC(409) User=0.04s Sys=0.00s Real=0.02s
[193.114s][info][gc,start       ] GC(410) Pause Full (System.gc())
[193.114s][info][gc,task        ] GC(410) Using 5 workers of 10 for full compaction
[193.115s][info][gc,phases,start] GC(410) Phase 1: Mark live objects
[193.120s][info][gc,phases      ] GC(410) Phase 1: Mark live objects 5.629ms
[193.120s][info][gc,phases,start] GC(410) Phase 2: Prepare compaction
[193.122s][info][gc,phases      ] GC(410) Phase 2: Prepare compaction 1.264ms
[193.122s][info][gc,phases,start] GC(410) Phase 3: Adjust pointers
[193.123s][info][gc,phases      ] GC(410) Phase 3: Adjust pointers 1.163ms
[193.123s][info][gc,phases,start] GC(410) Phase 4: Compact heap
[193.124s][info][gc,phases      ] GC(410) Phase 4: Compact heap 1.405ms
[193.124s][info][gc,phases,start] GC(410) Phase 5: Reset Metadata
[193.126s][info][gc,phases      ] GC(410) Phase 5: Reset Metadata 1.850ms
[193.136s][info][gc,heap        ] GC(410) Eden regions: 1->0(102)
[193.137s][info][gc,heap        ] GC(410) Survivor regions: 0->0(0)
[193.137s][info][gc,heap        ] GC(410) Old regions: 4->4
[193.137s][info][gc,heap        ] GC(410) Humongous regions: 0->0
[193.137s][info][gc,metaspace   ] GC(410) Metaspace: 738K(1216K)->735K(1216K) NonClass: 659K(960K)->658K(960K) Class: 78K(256K)->76K(256K)
[193.137s][info][gc             ] GC(410) Pause Full (System.gc()) 3M->1M(8192M) 22.433ms
[193.137s][info][gc,cpu         ] GC(410) User=0.05s Sys=0.00s Real=0.03s
[193.594s][info][gc,start       ] GC(411) Pause Full (System.gc())
[193.594s][info][gc,task        ] GC(411) Using 5 workers of 10 for full compaction
[193.594s][info][gc,phases,start] GC(411) Phase 1: Mark live objects
[193.604s][info][gc,phases      ] GC(411) Phase 1: Mark live objects 9.319ms
[193.604s][info][gc,phases,start] GC(411) Phase 2: Prepare compaction
[193.604s][info][gc,phases      ] GC(411) Phase 2: Prepare compaction 0.485ms
[193.604s][info][gc,phases,start] GC(411) Phase 3: Adjust pointers
[193.606s][info][gc,phases      ] GC(411) Phase 3: Adjust pointers 1.482ms
[193.606s][info][gc,phases,start] GC(411) Phase 4: Compact heap
[193.606s][info][gc,phases      ] GC(411) Phase 4: Compact heap 0.541ms
[193.606s][info][gc,phases,start] GC(411) Phase 5: Reset Metadata
[193.607s][info][gc,phases      ] GC(411) Phase 5: Reset Metadata 0.673ms
[193.612s][info][gc,heap        ] GC(411) Eden regions: 1->0(102)
[193.612s][info][gc,heap        ] GC(411) Survivor regions: 0->0(0)
[193.612s][info][gc,heap        ] GC(411) Old regions: 4->4
[193.612s][info][gc,heap        ] GC(411) Humongous regions: 0->0
[193.612s][info][gc,metaspace   ] GC(411) Metaspace: 740K(1216K)->647K(1152K) NonClass: 661K(960K)->607K(960K) Class: 78K(256K)->40K(192K)
[193.612s][info][gc             ] GC(411) Pause Full (System.gc()) 3M->1M(8192M) 18.261ms
[193.612s][info][gc,cpu         ] GC(411) User=0.04s Sys=0.00s Real=0.02s
[194.066s][info][gc,start       ] GC(412) Pause Full (System.gc())
[194.066s][info][gc,task        ] GC(412) Using 5 workers of 10 for full compaction
[194.066s][info][gc,phases,start] GC(412) Phase 1: Mark live objects
[194.069s][info][gc,phases      ] GC(412) Phase 1: Mark live objects 2.302ms
[194.069s][info][gc,phases,start] GC(412) Phase 2: Prepare compaction
[194.071s][info][gc,phases      ] GC(412) Phase 2: Prepare compaction 2.231ms
[194.071s][info][gc,phases,start] GC(412) Phase 3: Adjust pointers
[194.072s][info][gc,phases      ] GC(412) Phase 3: Adjust pointers 1.263ms
[194.072s][info][gc,phases,start] GC(412) Phase 4: Compact heap
[194.073s][info][gc,phases      ] GC(412) Phase 4: Compact heap 0.365ms
[194.073s][info][gc,phases,start] GC(412) Phase 5: Reset Metadata
[194.074s][info][gc,phases      ] GC(412) Phase 5: Reset Metadata 1.862ms
[194.086s][info][gc,heap        ] GC(412) Eden regions: 1->0(102)
[194.089s][info][gc,heap        ] GC(412) Survivor regions: 0->0(0)
[194.089s][info][gc,heap        ] GC(412) Old regions: 4->4
[194.089s][info][gc,heap        ] GC(412) Humongous regions: 0->0
[194.089s][info][gc,metaspace   ] GC(412) Metaspace: 652K(1152K)->650K(1152K) NonClass: 610K(960K)->609K(960K) Class: 41K(192K)->40K(192K)
[194.090s][info][gc             ] GC(412) Pause Full (System.gc()) 3M->1M(8192M) 23.431ms
[194.090s][info][gc,cpu         ] GC(412) User=0.04s Sys=0.00s Real=0.02s
[194.545s][info][gc,start       ] GC(413) Pause Full (System.gc())
[194.546s][info][gc,task        ] GC(413) Using 5 workers of 10 for full compaction
[194.546s][info][gc,phases,start] GC(413) Phase 1: Mark live objects
[194.547s][info][gc,phases      ] GC(413) Phase 1: Mark live objects 1.521ms
[194.547s][info][gc,phases,start] GC(413) Phase 2: Prepare compaction
[194.549s][info][gc,phases      ] GC(413) Phase 2: Prepare compaction 1.597ms
[194.549s][info][gc,phases,start] GC(413) Phase 3: Adjust pointers
[194.550s][info][gc,phases      ] GC(413) Phase 3: Adjust pointers 0.642ms
[194.550s][info][gc,phases,start] GC(413) Phase 4: Compact heap
[194.550s][info][gc,phases      ] GC(413) Phase 4: Compact heap 0.329ms
[194.550s][info][gc,phases,start] GC(413) Phase 5: Reset Metadata
[194.551s][info][gc,phases      ] GC(413) Phase 5: Reset Metadata 0.644ms
[194.554s][info][gc,heap        ] GC(413) Eden regions: 1->0(102)
[194.554s][info][gc,heap        ] GC(413) Survivor regions: 0->0(0)
[194.554s][info][gc,heap        ] GC(413) Old regions: 4->4
[194.554s][info][gc,heap        ] GC(413) Humongous regions: 0->0
[194.554s][info][gc,metaspace   ] GC(413) Metaspace: 655K(1152K)->655K(1152K) NonClass: 612K(960K)->612K(960K) Class: 42K(192K)->42K(192K)
[194.554s][info][gc             ] GC(413) Pause Full (System.gc()) 3M->1M(8192M) 8.301ms
[194.554s][info][gc,cpu         ] GC(413) User=0.02s Sys=0.00s Real=0.01s
[195.008s][info][gc,start       ] GC(414) Pause Full (System.gc())
[195.008s][info][gc,task        ] GC(414) Using 5 workers of 10 for full compaction
[195.008s][info][gc,phases,start] GC(414) Phase 1: Mark live objects
[195.010s][info][gc,phases      ] GC(414) Phase 1: Mark live objects 1.783ms
[195.010s][info][gc,phases,start] GC(414) Phase 2: Prepare compaction
[195.010s][info][gc,phases      ] GC(414) Phase 2: Prepare compaction 0.441ms
[195.010s][info][gc,phases,start] GC(414) Phase 3: Adjust pointers
[195.011s][info][gc,phases      ] GC(414) Phase 3: Adjust pointers 0.711ms
[195.011s][info][gc,phases,start] GC(414) Phase 4: Compact heap
[195.011s][info][gc,phases      ] GC(414) Phase 4: Compact heap 0.372ms
[195.011s][info][gc,phases,start] GC(414) Phase 5: Reset Metadata
[195.012s][info][gc,phases      ] GC(414) Phase 5: Reset Metadata 1.034ms
[195.016s][info][gc,heap        ] GC(414) Eden regions: 1->0(102)
[195.016s][info][gc,heap        ] GC(414) Survivor regions: 0->0(0)
[195.016s][info][gc,heap        ] GC(414) Old regions: 4->4
[195.016s][info][gc,heap        ] GC(414) Humongous regions: 0->0
[195.016s][info][gc,metaspace   ] GC(414) Metaspace: 660K(1152K)->660K(1152K) NonClass: 616K(960K)->616K(960K) Class: 44K(192K)->44K(192K)
[195.016s][info][gc             ] GC(414) Pause Full (System.gc()) 3M->1M(8192M) 8.503ms
[195.016s][info][gc,cpu         ] GC(414) User=0.03s Sys=0.00s Real=0.01s
[195.471s][info][gc,start       ] GC(415) Pause Full (System.gc())
[195.471s][info][gc,task        ] GC(415) Using 5 workers of 10 for full compaction
[195.471s][info][gc,phases,start] GC(415) Phase 1: Mark live objects
[195.472s][info][gc,phases      ] GC(415) Phase 1: Mark live objects 0.690ms
[195.472s][info][gc,phases,start] GC(415) Phase 2: Prepare compaction
[195.472s][info][gc,phases      ] GC(415) Phase 2: Prepare compaction 0.270ms
[195.472s][info][gc,phases,start] GC(415) Phase 3: Adjust pointers
[195.473s][info][gc,phases      ] GC(415) Phase 3: Adjust pointers 0.523ms
[195.473s][info][gc,phases,start] GC(415) Phase 4: Compact heap
[195.473s][info][gc,phases      ] GC(415) Phase 4: Compact heap 0.348ms
[195.473s][info][gc,phases,start] GC(415) Phase 5: Reset Metadata
[195.474s][info][gc,phases      ] GC(415) Phase 5: Reset Metadata 0.434ms
[195.475s][info][gc,heap        ] GC(415) Eden regions: 1->0(102)
[195.475s][info][gc,heap        ] GC(415) Survivor regions: 0->0(0)
[195.475s][info][gc,heap        ] GC(415) Old regions: 4->4
[195.475s][info][gc,heap        ] GC(415) Humongous regions: 0->0
[195.475s][info][gc,metaspace   ] GC(415) Metaspace: 665K(1152K)->662K(1152K) NonClass: 619K(960K)->618K(960K) Class: 45K(192K)->44K(192K)
[195.475s][info][gc             ] GC(415) Pause Full (System.gc()) 3M->1M(8192M) 4.165ms
[195.475s][info][gc,cpu         ] GC(415) User=0.02s Sys=0.00s Real=0.00s
[195.931s][info][gc,start       ] GC(416) Pause Full (System.gc())
[195.931s][info][gc,task        ] GC(416) Using 5 workers of 10 for full compaction
[195.932s][info][gc,phases,start] GC(416) Phase 1: Mark live objects
[195.935s][info][gc,phases      ] GC(416) Phase 1: Mark live objects 3.043ms
[195.935s][info][gc,phases,start] GC(416) Phase 2: Prepare compaction
[195.935s][info][gc,phases      ] GC(416) Phase 2: Prepare compaction 0.575ms
[195.935s][info][gc,phases,start] GC(416) Phase 3: Adjust pointers
[195.937s][info][gc,phases      ] GC(416) Phase 3: Adjust pointers 1.804ms
[195.937s][info][gc,phases,start] GC(416) Phase 4: Compact heap
[195.938s][info][gc,phases      ] GC(416) Phase 4: Compact heap 0.404ms
[195.938s][info][gc,phases,start] GC(416) Phase 5: Reset Metadata
[195.940s][info][gc,phases      ] GC(416) Phase 5: Reset Metadata 2.642ms
[195.953s][info][gc,heap        ] GC(416) Eden regions: 1->0(102)
[195.953s][info][gc,heap        ] GC(416) Survivor regions: 0->0(0)
[195.953s][info][gc,heap        ] GC(416) Old regions: 4->4
[195.953s][info][gc,heap        ] GC(416) Humongous regions: 0->0
[195.953s][info][gc,metaspace   ] GC(416) Metaspace: 667K(1152K)->666K(1152K) NonClass: 621K(960K)->620K(960K) Class: 46K(192K)->45K(192K)
[195.954s][info][gc             ] GC(416) Pause Full (System.gc()) 3M->1M(8192M) 22.186ms
[195.954s][info][gc,cpu         ] GC(416) User=0.03s Sys=0.00s Real=0.02s
[196.410s][info][gc,start       ] GC(417) Pause Full (System.gc())
[196.410s][info][gc,task        ] GC(417) Using 5 workers of 10 for full compaction
[196.410s][info][gc,phases,start] GC(417) Phase 1: Mark live objects
[196.416s][info][gc,phases      ] GC(417) Phase 1: Mark live objects 5.371ms
[196.416s][info][gc,phases,start] GC(417) Phase 2: Prepare compaction
[196.416s][info][gc,phases      ] GC(417) Phase 2: Prepare compaction 0.377ms
[196.416s][info][gc,phases,start] GC(417) Phase 3: Adjust pointers
[196.417s][info][gc,phases      ] GC(417) Phase 3: Adjust pointers 0.808ms
[196.417s][info][gc,phases,start] GC(417) Phase 4: Compact heap
[196.418s][info][gc,phases      ] GC(417) Phase 4: Compact heap 0.776ms
[196.418s][info][gc,phases,start] GC(417) Phase 5: Reset Metadata
[196.420s][info][gc,phases      ] GC(417) Phase 5: Reset Metadata 2.511ms
[196.429s][info][gc,heap        ] GC(417) Eden regions: 1->0(102)
[196.429s][info][gc,heap        ] GC(417) Survivor regions: 0->0(0)
[196.429s][info][gc,heap        ] GC(417) Old regions: 4->4
[196.429s][info][gc,heap        ] GC(417) Humongous regions: 0->0
[196.429s][info][gc,metaspace   ] GC(417) Metaspace: 671K(1152K)->671K(1152K) NonClass: 624K(960K)->624K(960K) Class: 47K(192K)->47K(192K)
[196.429s][info][gc             ] GC(417) Pause Full (System.gc()) 3M->1M(8192M) 19.324ms
[196.429s][info][gc,cpu         ] GC(417) User=0.04s Sys=0.01s Real=0.02s
[196.886s][info][gc,start       ] GC(418) Pause Full (System.gc())
[196.886s][info][gc,task        ] GC(418) Using 5 workers of 10 for full compaction
[196.886s][info][gc,phases,start] GC(418) Phase 1: Mark live objects
[196.888s][info][gc,phases      ] GC(418) Phase 1: Mark live objects 1.702ms
[196.888s][info][gc,phases,start] GC(418) Phase 2: Prepare compaction
[196.889s][info][gc,phases      ] GC(418) Phase 2: Prepare compaction 0.905ms
[196.889s][info][gc,phases,start] GC(418) Phase 3: Adjust pointers
[196.889s][info][gc,phases      ] GC(418) Phase 3: Adjust pointers 0.620ms
[196.889s][info][gc,phases,start] GC(418) Phase 4: Compact heap
[196.890s][info][gc,phases      ] GC(418) Phase 4: Compact heap 0.287ms
[196.890s][info][gc,phases,start] GC(418) Phase 5: Reset Metadata
[196.891s][info][gc,phases      ] GC(418) Phase 5: Reset Metadata 1.018ms
[196.897s][info][gc,heap        ] GC(418) Eden regions: 1->0(102)
[196.897s][info][gc,heap        ] GC(418) Survivor regions: 0->0(0)
[196.897s][info][gc,heap        ] GC(418) Old regions: 4->4
[196.897s][info][gc,heap        ] GC(418) Humongous regions: 0->0
[196.897s][info][gc,metaspace   ] GC(418) Metaspace: 676K(1152K)->640K(1152K) NonClass: 627K(960K)->599K(960K) Class: 49K(192K)->40K(192K)
[196.897s][info][gc             ] GC(418) Pause Full (System.gc()) 3M->1M(8192M) 11.412ms
[196.897s][info][gc,cpu         ] GC(418) User=0.03s Sys=0.00s Real=0.02s
[197.354s][info][gc,start       ] GC(419) Pause Full (System.gc())
[197.354s][info][gc,task        ] GC(419) Using 5 workers of 10 for full compaction
[197.354s][info][gc,phases,start] GC(419) Phase 1: Mark live objects
[197.356s][info][gc,phases      ] GC(419) Phase 1: Mark live objects 2.221ms
[197.356s][info][gc,phases,start] GC(419) Phase 2: Prepare compaction
[197.357s][info][gc,phases      ] GC(419) Phase 2: Prepare compaction 1.001ms
[197.357s][info][gc,phases,start] GC(419) Phase 3: Adjust pointers
[197.359s][info][gc,phases      ] GC(419) Phase 3: Adjust pointers 1.419ms
[197.359s][info][gc,phases,start] GC(419) Phase 4: Compact heap
[197.359s][info][gc,phases      ] GC(419) Phase 4: Compact heap 0.487ms
[197.359s][info][gc,phases,start] GC(419) Phase 5: Reset Metadata
[197.361s][info][gc,phases      ] GC(419) Phase 5: Reset Metadata 1.729ms
[197.368s][info][gc,heap        ] GC(419) Eden regions: 1->0(102)
[197.368s][info][gc,heap        ] GC(419) Survivor regions: 0->0(0)
[197.368s][info][gc,heap        ] GC(419) Old regions: 4->4
[197.368s][info][gc,heap        ] GC(419) Humongous regions: 0->0
[197.368s][info][gc,metaspace   ] GC(419) Metaspace: 645K(1152K)->642K(1152K) NonClass: 602K(960K)->600K(960K) Class: 42K(192K)->41K(192K)
[197.368s][info][gc             ] GC(419) Pause Full (System.gc()) 3M->1M(8192M) 14.641ms
[197.368s][info][gc,cpu         ] GC(419) User=0.04s Sys=0.00s Real=0.02s
[197.823s][info][gc,start       ] GC(420) Pause Full (System.gc())
[197.823s][info][gc,task        ] GC(420) Using 5 workers of 10 for full compaction
[197.823s][info][gc,phases,start] GC(420) Phase 1: Mark live objects
[197.826s][info][gc,phases      ] GC(420) Phase 1: Mark live objects 2.522ms
[197.826s][info][gc,phases,start] GC(420) Phase 2: Prepare compaction
[197.826s][info][gc,phases      ] GC(420) Phase 2: Prepare compaction 0.357ms
[197.826s][info][gc,phases,start] GC(420) Phase 3: Adjust pointers
[197.827s][info][gc,phases      ] GC(420) Phase 3: Adjust pointers 0.729ms
[197.827s][info][gc,phases,start] GC(420) Phase 4: Compact heap
[197.828s][info][gc,phases      ] GC(420) Phase 4: Compact heap 0.275ms
[197.828s][info][gc,phases,start] GC(420) Phase 5: Reset Metadata
[197.829s][info][gc,phases      ] GC(420) Phase 5: Reset Metadata 1.777ms
[197.839s][info][gc,heap        ] GC(420) Eden regions: 1->0(102)
[197.839s][info][gc,heap        ] GC(420) Survivor regions: 0->0(0)
[197.839s][info][gc,heap        ] GC(420) Old regions: 4->4
[197.839s][info][gc,heap        ] GC(420) Humongous regions: 0->0
[197.839s][info][gc,metaspace   ] GC(420) Metaspace: 647K(1152K)->643K(1152K) NonClass: 603K(960K)->601K(960K) Class: 43K(192K)->42K(192K)
[197.839s][info][gc             ] GC(420) Pause Full (System.gc()) 3M->1M(8192M) 16.039ms
[197.839s][info][gc,cpu         ] GC(420) User=0.04s Sys=0.01s Real=0.02s
[198.291s][info][gc,start       ] GC(421) Pause Full (System.gc())
[198.292s][info][gc,task        ] GC(421) Using 5 workers of 10 for full compaction
[198.292s][info][gc,phases,start] GC(421) Phase 1: Mark live objects
[198.294s][info][gc,phases      ] GC(421) Phase 1: Mark live objects 2.148ms
[198.294s][info][gc,phases,start] GC(421) Phase 2: Prepare compaction
[198.294s][info][gc,phases      ] GC(421) Phase 2: Prepare compaction 0.380ms
[198.294s][info][gc,phases,start] GC(421) Phase 3: Adjust pointers
[198.295s][info][gc,phases      ] GC(421) Phase 3: Adjust pointers 0.697ms
[198.295s][info][gc,phases,start] GC(421) Phase 4: Compact heap
[198.296s][info][gc,phases      ] GC(421) Phase 4: Compact heap 0.307ms
[198.296s][info][gc,phases,start] GC(421) Phase 5: Reset Metadata
[198.297s][info][gc,phases      ] GC(421) Phase 5: Reset Metadata 1.436ms
[198.308s][info][gc,heap        ] GC(421) Eden regions: 1->0(102)
[198.308s][info][gc,heap        ] GC(421) Survivor regions: 0->0(0)
[198.308s][info][gc,heap        ] GC(421) Old regions: 4->4
[198.308s][info][gc,heap        ] GC(421) Humongous regions: 0->0
[198.308s][info][gc,metaspace   ] GC(421) Metaspace: 648K(1152K)->648K(1152K) NonClass: 605K(960K)->605K(960K) Class: 43K(192K)->43K(192K)
[198.308s][info][gc             ] GC(421) Pause Full (System.gc()) 3M->1M(8192M) 16.644ms
[198.308s][info][gc,cpu         ] GC(421) User=0.04s Sys=0.00s Real=0.02s
[198.762s][info][gc,start       ] GC(422) Pause Full (System.gc())
[198.762s][info][gc,task        ] GC(422) Using 5 workers of 10 for full compaction
[198.762s][info][gc,phases,start] GC(422) Phase 1: Mark live objects
[198.764s][info][gc,phases      ] GC(422) Phase 1: Mark live objects 1.813ms
[198.764s][info][gc,phases,start] GC(422) Phase 2: Prepare compaction
[198.765s][info][gc,phases      ] GC(422) Phase 2: Prepare compaction 0.584ms
[198.765s][info][gc,phases,start] GC(422) Phase 3: Adjust pointers
[198.766s][info][gc,phases      ] GC(422) Phase 3: Adjust pointers 0.815ms
[198.766s][info][gc,phases,start] GC(422) Phase 4: Compact heap
[198.766s][info][gc,phases      ] GC(422) Phase 4: Compact heap 0.386ms
[198.766s][info][gc,phases,start] GC(422) Phase 5: Reset Metadata
[198.768s][info][gc,phases      ] GC(422) Phase 5: Reset Metadata 1.738ms
[198.777s][info][gc,heap        ] GC(422) Eden regions: 1->0(102)
[198.777s][info][gc,heap        ] GC(422) Survivor regions: 0->0(0)
[198.777s][info][gc,heap        ] GC(422) Old regions: 4->4
[198.777s][info][gc,heap        ] GC(422) Humongous regions: 0->0
[198.777s][info][gc,metaspace   ] GC(422) Metaspace: 653K(1152K)->653K(1152K) NonClass: 608K(960K)->608K(960K) Class: 45K(192K)->45K(192K)
[198.777s][info][gc             ] GC(422) Pause Full (System.gc()) 3M->1M(8192M) 15.204ms
[198.777s][info][gc,cpu         ] GC(422) User=0.04s Sys=0.00s Real=0.02s
[199.234s][info][gc,start       ] GC(423) Pause Full (System.gc())
[199.234s][info][gc,task        ] GC(423) Using 5 workers of 10 for full compaction
[199.234s][info][gc,phases,start] GC(423) Phase 1: Mark live objects
[199.236s][info][gc,phases      ] GC(423) Phase 1: Mark live objects 2.306ms
[199.236s][info][gc,phases,start] GC(423) Phase 2: Prepare compaction
[199.237s][info][gc,phases      ] GC(423) Phase 2: Prepare compaction 0.588ms
[199.237s][info][gc,phases,start] GC(423) Phase 3: Adjust pointers
[199.238s][info][gc,phases      ] GC(423) Phase 3: Adjust pointers 0.831ms
[199.238s][info][gc,phases,start] GC(423) Phase 4: Compact heap
[199.238s][info][gc,phases      ] GC(423) Phase 4: Compact heap 0.378ms
[199.238s][info][gc,phases,start] GC(423) Phase 5: Reset Metadata
[199.240s][info][gc,phases      ] GC(423) Phase 5: Reset Metadata 1.463ms
[199.250s][info][gc,heap        ] GC(423) Eden regions: 1->0(102)
[199.250s][info][gc,heap        ] GC(423) Survivor regions: 0->0(0)
[199.250s][info][gc,heap        ] GC(423) Old regions: 4->4
[199.250s][info][gc,heap        ] GC(423) Humongous regions: 0->0
[199.250s][info][gc,metaspace   ] GC(423) Metaspace: 658K(1152K)->649K(1152K) NonClass: 611K(960K)->604K(960K) Class: 47K(192K)->44K(192K)
[199.250s][info][gc             ] GC(423) Pause Full (System.gc()) 3M->1M(8192M) 16.678ms
[199.250s][info][gc,cpu         ] GC(423) User=0.04s Sys=0.00s Real=0.02s
[199.706s][info][gc,start       ] GC(424) Pause Full (System.gc())
[199.706s][info][gc,task        ] GC(424) Using 5 workers of 10 for full compaction
[199.707s][info][gc,phases,start] GC(424) Phase 1: Mark live objects
[199.712s][info][gc,phases      ] GC(424) Phase 1: Mark live objects 5.012ms
[199.712s][info][gc,phases,start] GC(424) Phase 2: Prepare compaction
[199.712s][info][gc,phases      ] GC(424) Phase 2: Prepare compaction 0.681ms
[199.713s][info][gc,phases,start] GC(424) Phase 3: Adjust pointers
[199.714s][info][gc,phases      ] GC(424) Phase 3: Adjust pointers 1.304ms
[199.714s][info][gc,phases,start] GC(424) Phase 4: Compact heap
[199.714s][info][gc,phases      ] GC(424) Phase 4: Compact heap 0.522ms
[199.714s][info][gc,phases,start] GC(424) Phase 5: Reset Metadata
[199.717s][info][gc,phases      ] GC(424) Phase 5: Reset Metadata 2.047ms
[199.727s][info][gc,heap        ] GC(424) Eden regions: 1->0(102)
[199.727s][info][gc,heap        ] GC(424) Survivor regions: 0->0(0)
[199.727s][info][gc,heap        ] GC(424) Old regions: 4->4
[199.727s][info][gc,heap        ] GC(424) Humongous regions: 0->0
[199.728s][info][gc,metaspace   ] GC(424) Metaspace: 654K(1152K)->651K(1152K) NonClass: 608K(960K)->605K(960K) Class: 46K(192K)->45K(192K)
[199.728s][info][gc             ] GC(424) Pause Full (System.gc()) 3M->1M(8192M) 21.378ms
[199.728s][info][gc,cpu         ] GC(424) User=0.05s Sys=0.00s Real=0.02s
[200.180s][info][gc,start       ] GC(425) Pause Full (System.gc())
[200.181s][info][gc,task        ] GC(425) Using 5 workers of 10 for full compaction
[200.181s][info][gc,phases,start] GC(425) Phase 1: Mark live objects
[200.184s][info][gc,phases      ] GC(425) Phase 1: Mark live objects 3.206ms
[200.184s][info][gc,phases,start] GC(425) Phase 2: Prepare compaction
[200.185s][info][gc,phases      ] GC(425) Phase 2: Prepare compaction 0.951ms
[200.185s][info][gc,phases,start] GC(425) Phase 3: Adjust pointers
[200.188s][info][gc,phases      ] GC(425) Phase 3: Adjust pointers 2.541ms
[200.188s][info][gc,phases,start] GC(425) Phase 4: Compact heap
[200.189s][info][gc,phases      ] GC(425) Phase 4: Compact heap 1.117ms
[200.189s][info][gc,phases,start] GC(425) Phase 5: Reset Metadata
[200.192s][info][gc,phases      ] GC(425) Phase 5: Reset Metadata 2.762ms
[200.202s][info][gc,heap        ] GC(425) Eden regions: 1->0(102)
[200.202s][info][gc,heap        ] GC(425) Survivor regions: 0->0(0)
[200.202s][info][gc,heap        ] GC(425) Old regions: 4->4
[200.202s][info][gc,heap        ] GC(425) Humongous regions: 0->0
[200.202s][info][gc,metaspace   ] GC(425) Metaspace: 656K(1152K)->652K(1152K) NonClass: 609K(960K)->607K(960K) Class: 46K(192K)->45K(192K)
[200.203s][info][gc             ] GC(425) Pause Full (System.gc()) 3M->1M(8192M) 22.206ms
[200.203s][info][gc,cpu         ] GC(425) User=0.05s Sys=0.00s Real=0.02s
[200.655s][info][gc,start       ] GC(426) Pause Full (System.gc())
[200.656s][info][gc,task        ] GC(426) Using 5 workers of 10 for full compaction
[200.656s][info][gc,phases,start] GC(426) Phase 1: Mark live objects
[200.658s][info][gc,phases      ] GC(426) Phase 1: Mark live objects 1.898ms
[200.658s][info][gc,phases,start] GC(426) Phase 2: Prepare compaction
[200.658s][info][gc,phases      ] GC(426) Phase 2: Prepare compaction 0.493ms
[200.658s][info][gc,phases,start] GC(426) Phase 3: Adjust pointers
[200.659s][info][gc,phases      ] GC(426) Phase 3: Adjust pointers 0.758ms
[200.659s][info][gc,phases,start] GC(426) Phase 4: Compact heap
[200.659s][info][gc,phases      ] GC(426) Phase 4: Compact heap 0.391ms
[200.659s][info][gc,phases,start] GC(426) Phase 5: Reset Metadata
[200.661s][info][gc,phases      ] GC(426) Phase 5: Reset Metadata 1.460ms
[200.671s][info][gc,heap        ] GC(426) Eden regions: 1->0(102)
[200.671s][info][gc,heap        ] GC(426) Survivor regions: 0->0(0)
[200.671s][info][gc,heap        ] GC(426) Old regions: 4->4
[200.671s][info][gc,heap        ] GC(426) Humongous regions: 0->0
[200.671s][info][gc,metaspace   ] GC(426) Metaspace: 657K(1152K)->654K(1152K) NonClass: 610K(960K)->608K(960K) Class: 47K(192K)->46K(192K)
[200.672s][info][gc             ] GC(426) Pause Full (System.gc()) 3M->1M(8192M) 16.145ms
[200.672s][info][gc,cpu         ] GC(426) User=0.04s Sys=0.01s Real=0.02s
[201.125s][info][gc,start       ] GC(427) Pause Full (System.gc())
[201.125s][info][gc,task        ] GC(427) Using 5 workers of 10 for full compaction
[201.126s][info][gc,phases,start] GC(427) Phase 1: Mark live objects
[201.129s][info][gc,phases      ] GC(427) Phase 1: Mark live objects 3.018ms
[201.129s][info][gc,phases,start] GC(427) Phase 2: Prepare compaction
[201.129s][info][gc,phases      ] GC(427) Phase 2: Prepare compaction 0.393ms
[201.129s][info][gc,phases,start] GC(427) Phase 3: Adjust pointers
[201.130s][info][gc,phases      ] GC(427) Phase 3: Adjust pointers 0.758ms
[201.130s][info][gc,phases,start] GC(427) Phase 4: Compact heap
[201.130s][info][gc,phases      ] GC(427) Phase 4: Compact heap 0.329ms
[201.130s][info][gc,phases,start] GC(427) Phase 5: Reset Metadata
[201.132s][info][gc,phases      ] GC(427) Phase 5: Reset Metadata 1.423ms
[201.143s][info][gc,heap        ] GC(427) Eden regions: 1->0(102)
[201.143s][info][gc,heap        ] GC(427) Survivor regions: 0->0(0)
[201.143s][info][gc,heap        ] GC(427) Old regions: 4->4
[201.143s][info][gc,heap        ] GC(427) Humongous regions: 0->0
[201.143s][info][gc,metaspace   ] GC(427) Metaspace: 659K(1152K)->631K(1024K) NonClass: 611K(960K)->595K(832K) Class: 48K(192K)->36K(192K)
[201.143s][info][gc             ] GC(427) Pause Full (System.gc()) 3M->1M(8192M) 18.031ms
[201.143s][info][gc,cpu         ] GC(427) User=0.04s Sys=0.00s Real=0.02s
[201.600s][info][gc,start       ] GC(428) Pause Full (System.gc())
[201.600s][info][gc,task        ] GC(428) Using 5 workers of 10 for full compaction
[201.601s][info][gc,phases,start] GC(428) Phase 1: Mark live objects
[201.603s][info][gc,phases      ] GC(428) Phase 1: Mark live objects 2.712ms
[201.603s][info][gc,phases,start] GC(428) Phase 2: Prepare compaction
[201.604s][info][gc,phases      ] GC(428) Phase 2: Prepare compaction 0.805ms
[201.604s][info][gc,phases,start] GC(428) Phase 3: Adjust pointers
[201.606s][info][gc,phases      ] GC(428) Phase 3: Adjust pointers 1.302ms
[201.606s][info][gc,phases,start] GC(428) Phase 4: Compact heap
[201.606s][info][gc,phases      ] GC(428) Phase 4: Compact heap 0.797ms
[201.607s][info][gc,phases,start] GC(428) Phase 5: Reset Metadata
[201.609s][info][gc,phases      ] GC(428) Phase 5: Reset Metadata 1.869ms
[201.619s][info][gc,heap        ] GC(428) Eden regions: 1->0(102)
[201.619s][info][gc,heap        ] GC(428) Survivor regions: 0->0(0)
[201.619s][info][gc,heap        ] GC(428) Old regions: 4->4
[201.619s][info][gc,heap        ] GC(428) Humongous regions: 0->0
[201.619s][info][gc,metaspace   ] GC(428) Metaspace: 636K(1024K)->634K(1024K) NonClass: 598K(832K)->596K(832K) Class: 38K(192K)->37K(192K)
[201.619s][info][gc             ] GC(428) Pause Full (System.gc()) 3M->1M(8192M) 18.917ms
[201.619s][info][gc,cpu         ] GC(428) User=0.05s Sys=0.00s Real=0.02s
[202.075s][info][gc,start       ] GC(429) Pause Full (System.gc())
[202.075s][info][gc,task        ] GC(429) Using 5 workers of 10 for full compaction
[202.075s][info][gc,phases,start] GC(429) Phase 1: Mark live objects
[202.078s][info][gc,phases      ] GC(429) Phase 1: Mark live objects 2.722ms
[202.078s][info][gc,phases,start] GC(429) Phase 2: Prepare compaction
[202.079s][info][gc,phases      ] GC(429) Phase 2: Prepare compaction 0.797ms
[202.079s][info][gc,phases,start] GC(429) Phase 3: Adjust pointers
[202.080s][info][gc,phases      ] GC(429) Phase 3: Adjust pointers 1.275ms
[202.080s][info][gc,phases,start] GC(429) Phase 4: Compact heap
[202.081s][info][gc,phases      ] GC(429) Phase 4: Compact heap 0.707ms
[202.081s][info][gc,phases,start] GC(429) Phase 5: Reset Metadata
[202.083s][info][gc,phases      ] GC(429) Phase 5: Reset Metadata 1.763ms
[202.095s][info][gc,heap        ] GC(429) Eden regions: 1->0(102)
[202.095s][info][gc,heap        ] GC(429) Survivor regions: 0->0(0)
[202.095s][info][gc,heap        ] GC(429) Old regions: 4->4
[202.095s][info][gc,heap        ] GC(429) Humongous regions: 0->0
[202.095s][info][gc,metaspace   ] GC(429) Metaspace: 639K(1024K)->631K(1024K) NonClass: 600K(832K)->594K(832K) Class: 38K(192K)->36K(192K)
[202.095s][info][gc             ] GC(429) Pause Full (System.gc()) 3M->1M(8192M) 20.157ms
[202.095s][info][gc,cpu         ] GC(429) User=0.05s Sys=0.00s Real=0.02s
[202.552s][info][gc,start       ] GC(430) Pause Full (System.gc())
[202.552s][info][gc,task        ] GC(430) Using 5 workers of 10 for full compaction
[202.552s][info][gc,phases,start] GC(430) Phase 1: Mark live objects
[202.555s][info][gc,phases      ] GC(430) Phase 1: Mark live objects 2.603ms
[202.555s][info][gc,phases,start] GC(430) Phase 2: Prepare compaction
[202.556s][info][gc,phases      ] GC(430) Phase 2: Prepare compaction 0.802ms
[202.556s][info][gc,phases,start] GC(430) Phase 3: Adjust pointers
[202.557s][info][gc,phases      ] GC(430) Phase 3: Adjust pointers 1.323ms
[202.557s][info][gc,phases,start] GC(430) Phase 4: Compact heap
[202.558s][info][gc,phases      ] GC(430) Phase 4: Compact heap 0.806ms
[202.558s][info][gc,phases,start] GC(430) Phase 5: Reset Metadata
[202.560s][info][gc,phases      ] GC(430) Phase 5: Reset Metadata 2.155ms
[202.571s][info][gc,heap        ] GC(430) Eden regions: 1->0(102)
[202.571s][info][gc,heap        ] GC(430) Survivor regions: 0->0(0)
[202.571s][info][gc,heap        ] GC(430) Old regions: 4->4
[202.571s][info][gc,heap        ] GC(430) Humongous regions: 0->0
[202.571s][info][gc,metaspace   ] GC(430) Metaspace: 636K(1024K)->633K(1024K) NonClass: 597K(832K)->595K(832K) Class: 38K(192K)->37K(192K)
[202.571s][info][gc             ] GC(430) Pause Full (System.gc()) 3M->1M(8192M) 19.578ms
[202.571s][info][gc,cpu         ] GC(430) User=0.05s Sys=0.00s Real=0.02s
[203.029s][info][gc,start       ] GC(431) Pause Full (System.gc())
[203.029s][info][gc,task        ] GC(431) Using 5 workers of 10 for full compaction
[203.029s][info][gc,phases,start] GC(431) Phase 1: Mark live objects
[203.033s][info][gc,phases      ] GC(431) Phase 1: Mark live objects 3.856ms
[203.033s][info][gc,phases,start] GC(431) Phase 2: Prepare compaction
[203.034s][info][gc,phases      ] GC(431) Phase 2: Prepare compaction 0.828ms
[203.034s][info][gc,phases,start] GC(431) Phase 3: Adjust pointers
[203.037s][info][gc,phases      ] GC(431) Phase 3: Adjust pointers 2.498ms
[203.037s][info][gc,phases,start] GC(431) Phase 4: Compact heap
[203.038s][info][gc,phases      ] GC(431) Phase 4: Compact heap 1.188ms
[203.038s][info][gc,phases,start] GC(431) Phase 5: Reset Metadata
[203.040s][info][gc,phases      ] GC(431) Phase 5: Reset Metadata 2.049ms
[203.050s][info][gc,heap        ] GC(431) Eden regions: 1->0(102)
[203.050s][info][gc,heap        ] GC(431) Survivor regions: 0->0(0)
[203.050s][info][gc,heap        ] GC(431) Old regions: 4->4
[203.050s][info][gc,heap        ] GC(431) Humongous regions: 0->0
[203.050s][info][gc,metaspace   ] GC(431) Metaspace: 638K(1024K)->638K(1024K) NonClass: 598K(832K)->598K(832K) Class: 39K(192K)->39K(192K)
[203.050s][info][gc             ] GC(431) Pause Full (System.gc()) 3M->1M(8192M) 21.655ms
[203.050s][info][gc,cpu         ] GC(431) User=0.04s Sys=0.01s Real=0.02s
[203.507s][info][gc,start       ] GC(432) Pause Full (System.gc())
[203.507s][info][gc,task        ] GC(432) Using 5 workers of 10 for full compaction
[203.507s][info][gc,phases,start] GC(432) Phase 1: Mark live objects
[203.510s][info][gc,phases      ] GC(432) Phase 1: Mark live objects 2.397ms
[203.510s][info][gc,phases,start] GC(432) Phase 2: Prepare compaction
[203.511s][info][gc,phases      ] GC(432) Phase 2: Prepare compaction 0.797ms
[203.511s][info][gc,phases,start] GC(432) Phase 3: Adjust pointers
[203.512s][info][gc,phases      ] GC(432) Phase 3: Adjust pointers 1.361ms
[203.512s][info][gc,phases,start] GC(432) Phase 4: Compact heap
[203.513s][info][gc,phases      ] GC(432) Phase 4: Compact heap 0.887ms
[203.513s][info][gc,phases,start] GC(432) Phase 5: Reset Metadata
[203.515s][info][gc,phases      ] GC(432) Phase 5: Reset Metadata 1.944ms
[203.525s][info][gc,heap        ] GC(432) Eden regions: 1->0(102)
[203.525s][info][gc,heap        ] GC(432) Survivor regions: 0->0(0)
[203.525s][info][gc,heap        ] GC(432) Old regions: 4->4
[203.525s][info][gc,heap        ] GC(432) Humongous regions: 0->0
[203.525s][info][gc,metaspace   ] GC(432) Metaspace: 643K(1024K)->643K(1024K) NonClass: 602K(832K)->602K(832K) Class: 41K(192K)->41K(192K)
[203.525s][info][gc             ] GC(432) Pause Full (System.gc()) 3M->1M(8192M) 18.293ms
[203.525s][info][gc,cpu         ] GC(432) User=0.05s Sys=0.00s Real=0.01s
[203.983s][info][gc,start       ] GC(433) Pause Full (System.gc())
[203.983s][info][gc,task        ] GC(433) Using 5 workers of 10 for full compaction
[203.983s][info][gc,phases,start] GC(433) Phase 1: Mark live objects
[203.985s][info][gc,phases      ] GC(433) Phase 1: Mark live objects 2.186ms
[203.985s][info][gc,phases,start] GC(433) Phase 2: Prepare compaction
[203.986s][info][gc,phases      ] GC(433) Phase 2: Prepare compaction 0.805ms
[203.986s][info][gc,phases,start] GC(433) Phase 3: Adjust pointers
[203.988s][info][gc,phases      ] GC(433) Phase 3: Adjust pointers 1.340ms
[203.988s][info][gc,phases,start] GC(433) Phase 4: Compact heap
[203.988s][info][gc,phases      ] GC(433) Phase 4: Compact heap 0.705ms
[203.988s][info][gc,phases,start] GC(433) Phase 5: Reset Metadata
[203.990s][info][gc,phases      ] GC(433) Phase 5: Reset Metadata 1.692ms
[204.001s][info][gc,heap        ] GC(433) Eden regions: 1->0(102)
[204.002s][info][gc,heap        ] GC(433) Survivor regions: 0->0(0)
[204.002s][info][gc,heap        ] GC(433) Old regions: 4->4
[204.002s][info][gc,heap        ] GC(433) Humongous regions: 0->0
[204.002s][info][gc,metaspace   ] GC(433) Metaspace: 648K(1024K)->648K(1024K) NonClass: 605K(832K)->605K(832K) Class: 42K(192K)->42K(192K)
[204.002s][info][gc             ] GC(433) Pause Full (System.gc()) 3M->1M(8192M) 18.868ms
[204.002s][info][gc,cpu         ] GC(433) User=0.04s Sys=0.00s Real=0.02s
[204.459s][info][gc,start       ] GC(434) Pause Full (System.gc())
[204.459s][info][gc,task        ] GC(434) Using 5 workers of 10 for full compaction
[204.459s][info][gc,phases,start] GC(434) Phase 1: Mark live objects
[204.463s][info][gc,phases      ] GC(434) Phase 1: Mark live objects 3.709ms
[204.463s][info][gc,phases,start] GC(434) Phase 2: Prepare compaction
[204.464s][info][gc,phases      ] GC(434) Phase 2: Prepare compaction 0.810ms
[204.464s][info][gc,phases,start] GC(434) Phase 3: Adjust pointers
[204.466s][info][gc,phases      ] GC(434) Phase 3: Adjust pointers 2.425ms
[204.466s][info][gc,phases,start] GC(434) Phase 4: Compact heap
[204.467s][info][gc,phases      ] GC(434) Phase 4: Compact heap 0.732ms
[204.467s][info][gc,phases,start] GC(434) Phase 5: Reset Metadata
[204.469s][info][gc,phases      ] GC(434) Phase 5: Reset Metadata 1.905ms
[204.479s][info][gc,heap        ] GC(434) Eden regions: 1->0(102)
[204.480s][info][gc,heap        ] GC(434) Survivor regions: 0->0(0)
[204.480s][info][gc,heap        ] GC(434) Old regions: 4->4
[204.480s][info][gc,heap        ] GC(434) Humongous regions: 0->0
[204.480s][info][gc,metaspace   ] GC(434) Metaspace: 653K(1024K)->640K(1024K) NonClass: 608K(832K)->599K(832K) Class: 44K(192K)->40K(192K)
[204.480s][info][gc             ] GC(434) Pause Full (System.gc()) 3M->1M(8192M) 20.989ms
[204.480s][info][gc,cpu         ] GC(434) User=0.04s Sys=0.01s Real=0.02s
[204.936s][info][gc,start       ] GC(435) Pause Full (System.gc())
[204.936s][info][gc,task        ] GC(435) Using 5 workers of 10 for full compaction
[204.936s][info][gc,phases,start] GC(435) Phase 1: Mark live objects
[204.939s][info][gc,phases      ] GC(435) Phase 1: Mark live objects 2.953ms
[204.939s][info][gc,phases,start] GC(435) Phase 2: Prepare compaction
[204.940s][info][gc,phases      ] GC(435) Phase 2: Prepare compaction 0.865ms
[204.940s][info][gc,phases,start] GC(435) Phase 3: Adjust pointers
[204.942s][info][gc,phases      ] GC(435) Phase 3: Adjust pointers 1.302ms
[204.942s][info][gc,phases,start] GC(435) Phase 4: Compact heap
[204.942s][info][gc,phases      ] GC(435) Phase 4: Compact heap 0.880ms
[204.943s][info][gc,phases,start] GC(435) Phase 5: Reset Metadata
[204.944s][info][gc,phases      ] GC(435) Phase 5: Reset Metadata 1.818ms
[204.954s][info][gc,heap        ] GC(435) Eden regions: 1->0(102)
[204.954s][info][gc,heap        ] GC(435) Survivor regions: 0->0(0)
[204.954s][info][gc,heap        ] GC(435) Old regions: 4->4
[204.954s][info][gc,heap        ] GC(435) Humongous regions: 0->0
[204.954s][info][gc,metaspace   ] GC(435) Metaspace: 645K(1024K)->642K(1024K) NonClass: 602K(832K)->600K(832K) Class: 42K(192K)->41K(192K)
[204.955s][info][gc             ] GC(435) Pause Full (System.gc()) 3M->1M(8192M) 18.694ms
[204.955s][info][gc,cpu         ] GC(435) User=0.05s Sys=0.00s Real=0.02s
[205.412s][info][gc,start       ] GC(436) Pause Full (System.gc())
[205.412s][info][gc,task        ] GC(436) Using 5 workers of 10 for full compaction
[205.413s][info][gc,phases,start] GC(436) Phase 1: Mark live objects
[205.415s][info][gc,phases      ] GC(436) Phase 1: Mark live objects 2.591ms
[205.415s][info][gc,phases,start] GC(436) Phase 2: Prepare compaction
[205.416s][info][gc,phases      ] GC(436) Phase 2: Prepare compaction 0.817ms
[205.416s][info][gc,phases,start] GC(436) Phase 3: Adjust pointers
[205.417s][info][gc,phases      ] GC(436) Phase 3: Adjust pointers 1.331ms
[205.417s][info][gc,phases,start] GC(436) Phase 4: Compact heap
[205.418s][info][gc,phases      ] GC(436) Phase 4: Compact heap 0.695ms
[205.418s][info][gc,phases,start] GC(436) Phase 5: Reset Metadata
[205.420s][info][gc,phases      ] GC(436) Phase 5: Reset Metadata 1.856ms
[205.430s][info][gc,heap        ] GC(436) Eden regions: 1->0(102)
[205.430s][info][gc,heap        ] GC(436) Survivor regions: 0->0(0)
[205.430s][info][gc,heap        ] GC(436) Old regions: 4->4
[205.430s][info][gc,heap        ] GC(436) Humongous regions: 0->0
[205.430s][info][gc,metaspace   ] GC(436) Metaspace: 647K(1024K)->646K(1024K) NonClass: 603K(832K)->603K(832K) Class: 43K(192K)->42K(192K)
[205.430s][info][gc             ] GC(436) Pause Full (System.gc()) 3M->1M(8192M) 18.181ms
[205.430s][info][gc,cpu         ] GC(436) User=0.05s Sys=0.00s Real=0.02s
[205.887s][info][gc,start       ] GC(437) Pause Full (System.gc())
[205.888s][info][gc,task        ] GC(437) Using 5 workers of 10 for full compaction
[205.888s][info][gc,phases,start] GC(437) Phase 1: Mark live objects
[205.892s][info][gc,phases      ] GC(437) Phase 1: Mark live objects 4.369ms
[205.892s][info][gc,phases,start] GC(437) Phase 2: Prepare compaction
[205.893s][info][gc,phases      ] GC(437) Phase 2: Prepare compaction 0.916ms
[205.893s][info][gc,phases,start] GC(437) Phase 3: Adjust pointers
[205.896s][info][gc,phases      ] GC(437) Phase 3: Adjust pointers 2.293ms
[205.896s][info][gc,phases,start] GC(437) Phase 4: Compact heap
[205.897s][info][gc,phases      ] GC(437) Phase 4: Compact heap 0.735ms
[205.897s][info][gc,phases,start] GC(437) Phase 5: Reset Metadata
[205.898s][info][gc,phases      ] GC(437) Phase 5: Reset Metadata 1.594ms
[205.908s][info][gc,heap        ] GC(437) Eden regions: 1->0(102)
[205.908s][info][gc,heap        ] GC(437) Survivor regions: 0->0(0)
[205.908s][info][gc,heap        ] GC(437) Old regions: 4->4
[205.908s][info][gc,heap        ] GC(437) Humongous regions: 0->0
[205.908s][info][gc,metaspace   ] GC(437) Metaspace: 651K(1024K)->650K(1024K) NonClass: 606K(832K)->606K(832K) Class: 44K(192K)->43K(192K)
[205.908s][info][gc             ] GC(437) Pause Full (System.gc()) 3M->1M(8192M) 20.623ms
[205.908s][info][gc,cpu         ] GC(437) User=0.05s Sys=0.01s Real=0.02s
[206.363s][info][gc,start       ] GC(438) Pause Full (System.gc())
[206.364s][info][gc,task        ] GC(438) Using 5 workers of 10 for full compaction
[206.364s][info][gc,phases,start] GC(438) Phase 1: Mark live objects
[206.367s][info][gc,phases      ] GC(438) Phase 1: Mark live objects 2.960ms
[206.367s][info][gc,phases,start] GC(438) Phase 2: Prepare compaction
[206.368s][info][gc,phases      ] GC(438) Phase 2: Prepare compaction 0.891ms
[206.368s][info][gc,phases,start] GC(438) Phase 3: Adjust pointers
[206.369s][info][gc,phases      ] GC(438) Phase 3: Adjust pointers 1.328ms
[206.369s][info][gc,phases,start] GC(438) Phase 4: Compact heap
[206.370s][info][gc,phases      ] GC(438) Phase 4: Compact heap 0.701ms
[206.370s][info][gc,phases,start] GC(438) Phase 5: Reset Metadata
[206.372s][info][gc,phases      ] GC(438) Phase 5: Reset Metadata 1.952ms
[206.381s][info][gc,heap        ] GC(438) Eden regions: 1->0(102)
[206.382s][info][gc,heap        ] GC(438) Survivor regions: 0->0(0)
[206.382s][info][gc,heap        ] GC(438) Old regions: 4->4
[206.382s][info][gc,heap        ] GC(438) Humongous regions: 0->0
[206.382s][info][gc,metaspace   ] GC(438) Metaspace: 655K(1024K)->654K(1024K) NonClass: 609K(832K)->609K(832K) Class: 45K(192K)->45K(192K)
[206.382s][info][gc             ] GC(438) Pause Full (System.gc()) 3M->1M(8192M) 18.268ms
[206.382s][info][gc,cpu         ] GC(438) User=0.05s Sys=0.00s Real=0.02s
[206.839s][info][gc,start       ] GC(439) Pause Full (System.gc())
[206.839s][info][gc,task        ] GC(439) Using 5 workers of 10 for full compaction
[206.840s][info][gc,phases,start] GC(439) Phase 1: Mark live objects
[206.843s][info][gc,phases      ] GC(439) Phase 1: Mark live objects 3.381ms
[206.843s][info][gc,phases,start] GC(439) Phase 2: Prepare compaction
[206.844s][info][gc,phases      ] GC(439) Phase 2: Prepare compaction 0.952ms
[206.844s][info][gc,phases,start] GC(439) Phase 3: Adjust pointers
[206.845s][info][gc,phases      ] GC(439) Phase 3: Adjust pointers 1.366ms
[206.846s][info][gc,phases,start] GC(439) Phase 4: Compact heap
[206.846s][info][gc,phases      ] GC(439) Phase 4: Compact heap 0.684ms
[206.846s][info][gc,phases,start] GC(439) Phase 5: Reset Metadata
[206.848s][info][gc,phases      ] GC(439) Phase 5: Reset Metadata 2.229ms
[206.858s][info][gc,heap        ] GC(439) Eden regions: 1->0(102)
[206.858s][info][gc,heap        ] GC(439) Survivor regions: 0->0(0)
[206.858s][info][gc,heap        ] GC(439) Old regions: 4->4
[206.858s][info][gc,heap        ] GC(439) Humongous regions: 0->0
[206.858s][info][gc,metaspace   ] GC(439) Metaspace: 659K(1024K)->658K(1024K) NonClass: 612K(832K)->612K(832K) Class: 46K(192K)->46K(192K)
[206.858s][info][gc             ] GC(439) Pause Full (System.gc()) 3M->1M(8192M) 19.261ms
[206.858s][info][gc,cpu         ] GC(439) User=0.05s Sys=0.00s Real=0.02s
[207.314s][info][gc,start       ] GC(440) Pause Full (System.gc())
[207.314s][info][gc,task        ] GC(440) Using 5 workers of 10 for full compaction
[207.314s][info][gc,phases,start] GC(440) Phase 1: Mark live objects
[207.317s][info][gc,phases      ] GC(440) Phase 1: Mark live objects 3.220ms
[207.318s][info][gc,phases,start] GC(440) Phase 2: Prepare compaction
[207.318s][info][gc,phases      ] GC(440) Phase 2: Prepare compaction 0.818ms
[207.318s][info][gc,phases,start] GC(440) Phase 3: Adjust pointers
[207.320s][info][gc,phases      ] GC(440) Phase 3: Adjust pointers 1.376ms
[207.320s][info][gc,phases,start] GC(440) Phase 4: Compact heap
[207.321s][info][gc,phases      ] GC(440) Phase 4: Compact heap 0.858ms
[207.321s][info][gc,phases,start] GC(440) Phase 5: Reset Metadata
[207.323s][info][gc,phases      ] GC(440) Phase 5: Reset Metadata 1.985ms
[207.333s][info][gc,heap        ] GC(440) Eden regions: 1->0(102)
[207.333s][info][gc,heap        ] GC(440) Survivor regions: 0->0(0)
[207.333s][info][gc,heap        ] GC(440) Old regions: 4->4
[207.333s][info][gc,heap        ] GC(440) Humongous regions: 0->0
[207.333s][info][gc,metaspace   ] GC(440) Metaspace: 663K(1024K)->662K(1024K) NonClass: 615K(832K)->614K(832K) Class: 48K(192K)->47K(192K)
[207.333s][info][gc             ] GC(440) Pause Full (System.gc()) 3M->1M(8192M) 19.489ms
[207.333s][info][gc,cpu         ] GC(440) User=0.05s Sys=0.01s Real=0.02s
[207.789s][info][gc,start       ] GC(441) Pause Full (System.gc())
[207.789s][info][gc,task        ] GC(441) Using 5 workers of 10 for full compaction
[207.789s][info][gc,phases,start] GC(441) Phase 1: Mark live objects
[207.793s][info][gc,phases      ] GC(441) Phase 1: Mark live objects 3.307ms
[207.793s][info][gc,phases,start] GC(441) Phase 2: Prepare compaction
[207.794s][info][gc,phases      ] GC(441) Phase 2: Prepare compaction 0.945ms
[207.794s][info][gc,phases,start] GC(441) Phase 3: Adjust pointers
[207.795s][info][gc,phases      ] GC(441) Phase 3: Adjust pointers 1.445ms
[207.795s][info][gc,phases,start] GC(441) Phase 4: Compact heap
[207.796s][info][gc,phases      ] GC(441) Phase 4: Compact heap 0.769ms
[207.796s][info][gc,phases,start] GC(441) Phase 5: Reset Metadata
[207.799s][info][gc,phases      ] GC(441) Phase 5: Reset Metadata 2.325ms
[207.809s][info][gc,heap        ] GC(441) Eden regions: 1->0(102)
[207.809s][info][gc,heap        ] GC(441) Survivor regions: 0->0(0)
[207.809s][info][gc,heap        ] GC(441) Old regions: 4->4
[207.809s][info][gc,heap        ] GC(441) Humongous regions: 0->0
[207.809s][info][gc,metaspace   ] GC(441) Metaspace: 667K(1024K)->666K(1024K) NonClass: 618K(832K)->617K(832K) Class: 49K(192K)->48K(192K)
[207.809s][info][gc             ] GC(441) Pause Full (System.gc()) 3M->1M(8192M) 20.505ms
[207.809s][info][gc,cpu         ] GC(441) User=0.05s Sys=0.00s Real=0.02s
[208.267s][info][gc,start       ] GC(442) Pause Full (System.gc())
[208.267s][info][gc,task        ] GC(442) Using 5 workers of 10 for full compaction
[208.267s][info][gc,phases,start] GC(442) Phase 1: Mark live objects
[208.270s][info][gc,phases      ] GC(442) Phase 1: Mark live objects 2.860ms
[208.270s][info][gc,phases,start] GC(442) Phase 2: Prepare compaction
[208.271s][info][gc,phases      ] GC(442) Phase 2: Prepare compaction 0.806ms
[208.271s][info][gc,phases,start] GC(442) Phase 3: Adjust pointers
[208.272s][info][gc,phases      ] GC(442) Phase 3: Adjust pointers 1.391ms
[208.272s][info][gc,phases,start] GC(442) Phase 4: Compact heap
[208.273s][info][gc,phases      ] GC(442) Phase 4: Compact heap 0.849ms
[208.273s][info][gc,phases,start] GC(442) Phase 5: Reset Metadata
[208.276s][info][gc,phases      ] GC(442) Phase 5: Reset Metadata 2.493ms
[208.285s][info][gc,heap        ] GC(442) Eden regions: 1->0(102)
[208.286s][info][gc,heap        ] GC(442) Survivor regions: 0->0(0)
[208.286s][info][gc,heap        ] GC(442) Old regions: 4->4
[208.286s][info][gc,heap        ] GC(442) Humongous regions: 0->0
[208.286s][info][gc,metaspace   ] GC(442) Metaspace: 671K(1024K)->670K(1024K) NonClass: 620K(832K)->620K(832K) Class: 50K(192K)->50K(192K)
[208.286s][info][gc             ] GC(442) Pause Full (System.gc()) 3M->1M(8192M) 19.052ms
[208.286s][info][gc,cpu         ] GC(442) User=0.06s Sys=0.01s Real=0.01s
[208.743s][info][gc,start       ] GC(443) Pause Full (System.gc())
[208.743s][info][gc,task        ] GC(443) Using 5 workers of 10 for full compaction
[208.743s][info][gc,phases,start] GC(443) Phase 1: Mark live objects
[208.747s][info][gc,phases      ] GC(443) Phase 1: Mark live objects 3.311ms
[208.747s][info][gc,phases,start] GC(443) Phase 2: Prepare compaction
[208.748s][info][gc,phases      ] GC(443) Phase 2: Prepare compaction 0.819ms
[208.748s][info][gc,phases,start] GC(443) Phase 3: Adjust pointers
[208.749s][info][gc,phases      ] GC(443) Phase 3: Adjust pointers 1.671ms
[208.750s][info][gc,phases,start] GC(443) Phase 4: Compact heap
[208.750s][info][gc,phases      ] GC(443) Phase 4: Compact heap 0.757ms
[208.750s][info][gc,phases,start] GC(443) Phase 5: Reset Metadata
[208.752s][info][gc,phases      ] GC(443) Phase 5: Reset Metadata 1.838ms
[208.761s][info][gc,heap        ] GC(443) Eden regions: 1->0(102)
[208.761s][info][gc,heap        ] GC(443) Survivor regions: 0->0(0)
[208.761s][info][gc,heap        ] GC(443) Old regions: 4->4
[208.761s][info][gc,heap        ] GC(443) Humongous regions: 0->0
[208.761s][info][gc,metaspace   ] GC(443) Metaspace: 675K(1024K)->647K(1024K) NonClass: 623K(832K)->607K(832K) Class: 51K(192K)->40K(192K)
[208.761s][info][gc             ] GC(443) Pause Full (System.gc()) 3M->1M(8192M) 17.958ms
[208.761s][info][gc,cpu         ] GC(443) User=0.04s Sys=0.00s Real=0.02s
[209.217s][info][gc,start       ] GC(444) Pause Full (System.gc())
[209.217s][info][gc,task        ] GC(444) Using 5 workers of 10 for full compaction
[209.218s][info][gc,phases,start] GC(444) Phase 1: Mark live objects
[209.220s][info][gc,phases      ] GC(444) Phase 1: Mark live objects 2.720ms
[209.220s][info][gc,phases,start] GC(444) Phase 2: Prepare compaction
[209.222s][info][gc,phases      ] GC(444) Phase 2: Prepare compaction 1.139ms
[209.222s][info][gc,phases,start] GC(444) Phase 3: Adjust pointers
[209.223s][info][gc,phases      ] GC(444) Phase 3: Adjust pointers 1.777ms
[209.223s][info][gc,phases,start] GC(444) Phase 4: Compact heap
[209.225s][info][gc,phases      ] GC(444) Phase 4: Compact heap 1.556ms
[209.225s][info][gc,phases,start] GC(444) Phase 5: Reset Metadata
[209.227s][info][gc,phases      ] GC(444) Phase 5: Reset Metadata 2.090ms
[209.239s][info][gc,heap        ] GC(444) Eden regions: 1->0(102)
[209.239s][info][gc,heap        ] GC(444) Survivor regions: 0->0(0)
[209.239s][info][gc,heap        ] GC(444) Old regions: 4->4
[209.239s][info][gc,heap        ] GC(444) Humongous regions: 0->0
[209.239s][info][gc,metaspace   ] GC(444) Metaspace: 652K(1024K)->650K(1024K) NonClass: 610K(832K)->609K(832K) Class: 41K(192K)->40K(192K)
[209.239s][info][gc             ] GC(444) Pause Full (System.gc()) 3M->1M(8192M) 22.133ms
[209.239s][info][gc,cpu         ] GC(444) User=0.05s Sys=0.00s Real=0.02s
[209.697s][info][gc,start       ] GC(445) Pause Full (System.gc())
[209.697s][info][gc,task        ] GC(445) Using 5 workers of 10 for full compaction
[209.697s][info][gc,phases,start] GC(445) Phase 1: Mark live objects
[209.701s][info][gc,phases      ] GC(445) Phase 1: Mark live objects 3.876ms
[209.701s][info][gc,phases,start] GC(445) Phase 2: Prepare compaction
[209.702s][info][gc,phases      ] GC(445) Phase 2: Prepare compaction 0.973ms
[209.702s][info][gc,phases,start] GC(445) Phase 3: Adjust pointers
[209.705s][info][gc,phases      ] GC(445) Phase 3: Adjust pointers 2.959ms
[209.705s][info][gc,phases,start] GC(445) Phase 4: Compact heap
[209.706s][info][gc,phases      ] GC(445) Phase 4: Compact heap 0.527ms
[209.706s][info][gc,phases,start] GC(445) Phase 5: Reset Metadata
[209.708s][info][gc,phases      ] GC(445) Phase 5: Reset Metadata 1.763ms
[209.718s][info][gc,heap        ] GC(445) Eden regions: 1->0(102)
[209.718s][info][gc,heap        ] GC(445) Survivor regions: 0->0(0)
[209.718s][info][gc,heap        ] GC(445) Old regions: 4->4
[209.718s][info][gc,heap        ] GC(445) Humongous regions: 0->0
[209.718s][info][gc,metaspace   ] GC(445) Metaspace: 655K(1024K)->652K(1024K) NonClass: 612K(832K)->611K(832K) Class: 42K(192K)->41K(192K)
[209.718s][info][gc             ] GC(445) Pause Full (System.gc()) 3M->1M(8192M) 21.137ms
[209.718s][info][gc,cpu         ] GC(445) User=0.05s Sys=0.00s Real=0.02s
[210.170s][info][gc,start       ] GC(446) Pause Full (System.gc())
[210.170s][info][gc,task        ] GC(446) Using 5 workers of 10 for full compaction
[210.170s][info][gc,phases,start] GC(446) Phase 1: Mark live objects
[210.173s][info][gc,phases      ] GC(446) Phase 1: Mark live objects 2.555ms
[210.173s][info][gc,phases,start] GC(446) Phase 2: Prepare compaction
[210.174s][info][gc,phases      ] GC(446) Phase 2: Prepare compaction 0.656ms
[210.174s][info][gc,phases,start] GC(446) Phase 3: Adjust pointers
[210.175s][info][gc,phases      ] GC(446) Phase 3: Adjust pointers 0.917ms
[210.175s][info][gc,phases,start] GC(446) Phase 4: Compact heap
[210.175s][info][gc,phases      ] GC(446) Phase 4: Compact heap 0.417ms
[210.175s][info][gc,phases,start] GC(446) Phase 5: Reset Metadata
[210.177s][info][gc,phases      ] GC(446) Phase 5: Reset Metadata 1.573ms
[210.187s][info][gc,heap        ] GC(446) Eden regions: 1->0(102)
[210.187s][info][gc,heap        ] GC(446) Survivor regions: 0->0(0)
[210.187s][info][gc,heap        ] GC(446) Old regions: 4->4
[210.187s][info][gc,heap        ] GC(446) Humongous regions: 0->0
[210.187s][info][gc,metaspace   ] GC(446) Metaspace: 657K(1024K)->656K(1024K) NonClass: 614K(832K)->614K(832K) Class: 42K(192K)->42K(192K)
[210.187s][info][gc             ] GC(446) Pause Full (System.gc()) 3M->1M(8192M) 17.508ms
[210.187s][info][gc,cpu         ] GC(446) User=0.04s Sys=0.00s Real=0.02s
[210.643s][info][gc,start       ] GC(447) Pause Full (System.gc())
[210.643s][info][gc,task        ] GC(447) Using 5 workers of 10 for full compaction
[210.643s][info][gc,phases,start] GC(447) Phase 1: Mark live objects
[210.646s][info][gc,phases      ] GC(447) Phase 1: Mark live objects 2.634ms
[210.646s][info][gc,phases,start] GC(447) Phase 2: Prepare compaction
[210.647s][info][gc,phases      ] GC(447) Phase 2: Prepare compaction 0.851ms
[210.647s][info][gc,phases,start] GC(447) Phase 3: Adjust pointers
[210.648s][info][gc,phases      ] GC(447) Phase 3: Adjust pointers 1.316ms
[210.648s][info][gc,phases,start] GC(447) Phase 4: Compact heap
[210.649s][info][gc,phases      ] GC(447) Phase 4: Compact heap 0.700ms
[210.649s][info][gc,phases,start] GC(447) Phase 5: Reset Metadata
[210.650s][info][gc,phases      ] GC(447) Phase 5: Reset Metadata 1.700ms
[210.662s][info][gc,heap        ] GC(447) Eden regions: 1->0(102)
[210.662s][info][gc,heap        ] GC(447) Survivor regions: 0->0(0)
[210.662s][info][gc,heap        ] GC(447) Old regions: 4->4
[210.662s][info][gc,heap        ] GC(447) Humongous regions: 0->0
[210.662s][info][gc,metaspace   ] GC(447) Metaspace: 661K(1024K)->660K(1024K) NonClass: 617K(832K)->616K(832K) Class: 44K(192K)->43K(192K)
[210.662s][info][gc             ] GC(447) Pause Full (System.gc()) 3M->1M(8192M) 19.329ms
[210.662s][info][gc,cpu         ] GC(447) User=0.05s Sys=0.01s Real=0.02s
[211.119s][info][gc,start       ] GC(448) Pause Full (System.gc())
[211.119s][info][gc,task        ] GC(448) Using 5 workers of 10 for full compaction
[211.120s][info][gc,phases,start] GC(448) Phase 1: Mark live objects
[211.122s][info][gc,phases      ] GC(448) Phase 1: Mark live objects 2.643ms
[211.122s][info][gc,phases,start] GC(448) Phase 2: Prepare compaction
[211.123s][info][gc,phases      ] GC(448) Phase 2: Prepare compaction 0.790ms
[211.123s][info][gc,phases,start] GC(448) Phase 3: Adjust pointers
[211.125s][info][gc,phases      ] GC(448) Phase 3: Adjust pointers 1.472ms
[211.125s][info][gc,phases,start] GC(448) Phase 4: Compact heap
[211.126s][info][gc,phases      ] GC(448) Phase 4: Compact heap 0.731ms
[211.126s][info][gc,phases,start] GC(448) Phase 5: Reset Metadata
[211.128s][info][gc,phases      ] GC(448) Phase 5: Reset Metadata 1.958ms
[211.138s][info][gc,heap        ] GC(448) Eden regions: 1->0(102)
[211.138s][info][gc,heap        ] GC(448) Survivor regions: 0->0(0)
[211.138s][info][gc,heap        ] GC(448) Old regions: 4->4
[211.139s][info][gc,heap        ] GC(448) Humongous regions: 0->0
[211.139s][info][gc,metaspace   ] GC(448) Metaspace: 665K(1024K)->664K(1024K) NonClass: 620K(832K)->619K(832K) Class: 45K(192K)->44K(192K)
[211.139s][info][gc             ] GC(448) Pause Full (System.gc()) 3M->1M(8192M) 19.542ms
[211.139s][info][gc,cpu         ] GC(448) User=0.05s Sys=0.00s Real=0.02s
[211.595s][info][gc,start       ] GC(449) Pause Full (System.gc())
[211.595s][info][gc,task        ] GC(449) Using 5 workers of 10 for full compaction
[211.595s][info][gc,phases,start] GC(449) Phase 1: Mark live objects
[211.599s][info][gc,phases      ] GC(449) Phase 1: Mark live objects 3.806ms
[211.599s][info][gc,phases,start] GC(449) Phase 2: Prepare compaction
[211.600s][info][gc,phases      ] GC(449) Phase 2: Prepare compaction 0.962ms
[211.600s][info][gc,phases,start] GC(449) Phase 3: Adjust pointers
[211.601s][info][gc,phases      ] GC(449) Phase 3: Adjust pointers 1.376ms
[211.601s][info][gc,phases,start] GC(449) Phase 4: Compact heap
[211.602s][info][gc,phases      ] GC(449) Phase 4: Compact heap 0.718ms
[211.602s][info][gc,phases,start] GC(449) Phase 5: Reset Metadata
[211.604s][info][gc,phases      ] GC(449) Phase 5: Reset Metadata 1.623ms
[211.614s][info][gc,heap        ] GC(449) Eden regions: 1->0(102)
[211.614s][info][gc,heap        ] GC(449) Survivor regions: 0->0(0)
[211.614s][info][gc,heap        ] GC(449) Old regions: 4->4
[211.614s][info][gc,heap        ] GC(449) Humongous regions: 0->0
[211.614s][info][gc,metaspace   ] GC(449) Metaspace: 669K(1024K)->668K(1024K) NonClass: 623K(832K)->622K(832K) Class: 46K(192K)->46K(192K)
[211.615s][info][gc             ] GC(449) Pause Full (System.gc()) 3M->1M(8192M) 19.995ms
[211.615s][info][gc,cpu         ] GC(449) User=0.05s Sys=0.00s Real=0.02s
[212.068s][info][gc,start       ] GC(450) Pause Full (System.gc())
[212.068s][info][gc,task        ] GC(450) Using 5 workers of 10 for full compaction
[212.068s][info][gc,phases,start] GC(450) Phase 1: Mark live objects
[212.071s][info][gc,phases      ] GC(450) Phase 1: Mark live objects 2.220ms
[212.071s][info][gc,phases,start] GC(450) Phase 2: Prepare compaction
[212.072s][info][gc,phases      ] GC(450) Phase 2: Prepare compaction 0.792ms
[212.072s][info][gc,phases,start] GC(450) Phase 3: Adjust pointers
[212.073s][info][gc,phases      ] GC(450) Phase 3: Adjust pointers 1.305ms
[212.073s][info][gc,phases,start] GC(450) Phase 4: Compact heap
[212.074s][info][gc,phases      ] GC(450) Phase 4: Compact heap 0.936ms
[212.074s][info][gc,phases,start] GC(450) Phase 5: Reset Metadata
[212.076s][info][gc,phases      ] GC(450) Phase 5: Reset Metadata 1.621ms
[212.086s][info][gc,heap        ] GC(450) Eden regions: 1->0(102)
[212.086s][info][gc,heap        ] GC(450) Survivor regions: 0->0(0)
[212.086s][info][gc,heap        ] GC(450) Old regions: 4->4
[212.086s][info][gc,heap        ] GC(450) Humongous regions: 0->0
[212.086s][info][gc,metaspace   ] GC(450) Metaspace: 673K(1024K)->673K(1024K) NonClass: 625K(832K)->625K(832K) Class: 47K(192K)->47K(192K)
[212.086s][info][gc             ] GC(450) Pause Full (System.gc()) 3M->1M(8192M) 17.647ms
[212.086s][info][gc,cpu         ] GC(450) User=0.05s Sys=0.01s Real=0.01s
[212.542s][info][gc,start       ] GC(451) Pause Full (System.gc())
[212.542s][info][gc,task        ] GC(451) Using 5 workers of 10 for full compaction
[212.542s][info][gc,phases,start] GC(451) Phase 1: Mark live objects
[212.545s][info][gc,phases      ] GC(451) Phase 1: Mark live objects 3.030ms
[212.545s][info][gc,phases,start] GC(451) Phase 2: Prepare compaction
[212.546s][info][gc,phases      ] GC(451) Phase 2: Prepare compaction 0.844ms
[212.546s][info][gc,phases,start] GC(451) Phase 3: Adjust pointers
[212.547s][info][gc,phases      ] GC(451) Phase 3: Adjust pointers 1.225ms
[212.547s][info][gc,phases,start] GC(451) Phase 4: Compact heap
[212.548s][info][gc,phases      ] GC(451) Phase 4: Compact heap 0.748ms
[212.548s][info][gc,phases,start] GC(451) Phase 5: Reset Metadata
[212.550s][info][gc,phases      ] GC(451) Phase 5: Reset Metadata 1.937ms
[212.561s][info][gc,heap        ] GC(451) Eden regions: 1->0(102)
[212.561s][info][gc,heap        ] GC(451) Survivor regions: 0->0(0)
[212.561s][info][gc,heap        ] GC(451) Old regions: 4->4
[212.561s][info][gc,heap        ] GC(451) Humongous regions: 0->0
[212.561s][info][gc,metaspace   ] GC(451) Metaspace: 678K(1024K)->666K(1024K) NonClass: 629K(832K)->622K(832K) Class: 49K(192K)->44K(192K)
[212.561s][info][gc             ] GC(451) Pause Full (System.gc()) 3M->1M(8192M) 19.136ms
[212.561s][info][gc,cpu         ] GC(451) User=0.05s Sys=0.00s Real=0.02s
[213.016s][info][gc,start       ] GC(452) Pause Full (System.gc())
[213.017s][info][gc,task        ] GC(452) Using 5 workers of 10 for full compaction
[213.017s][info][gc,phases,start] GC(452) Phase 1: Mark live objects
[213.020s][info][gc,phases      ] GC(452) Phase 1: Mark live objects 2.774ms
[213.020s][info][gc,phases,start] GC(452) Phase 2: Prepare compaction
[213.020s][info][gc,phases      ] GC(452) Phase 2: Prepare compaction 0.783ms
[213.020s][info][gc,phases,start] GC(452) Phase 3: Adjust pointers
[213.022s][info][gc,phases      ] GC(452) Phase 3: Adjust pointers 1.286ms
[213.022s][info][gc,phases,start] GC(452) Phase 4: Compact heap
[213.022s][info][gc,phases      ] GC(452) Phase 4: Compact heap 0.689ms
[213.023s][info][gc,phases,start] GC(452) Phase 5: Reset Metadata
[213.025s][info][gc,phases      ] GC(452) Phase 5: Reset Metadata 2.114ms
[213.036s][info][gc,heap        ] GC(452) Eden regions: 1->0(102)
[213.036s][info][gc,heap        ] GC(452) Survivor regions: 0->0(0)
[213.036s][info][gc,heap        ] GC(452) Old regions: 4->4
[213.036s][info][gc,heap        ] GC(452) Humongous regions: 0->0
[213.036s][info][gc,metaspace   ] GC(452) Metaspace: 671K(1024K)->668K(1024K) NonClass: 625K(832K)->623K(832K) Class: 45K(192K)->44K(192K)
[213.036s][info][gc             ] GC(452) Pause Full (System.gc()) 3M->1M(8192M) 20.098ms
[213.036s][info][gc,cpu         ] GC(452) User=0.04s Sys=0.00s Real=0.02s
[213.490s][info][gc,start       ] GC(453) Pause Full (System.gc())
[213.490s][info][gc,task        ] GC(453) Using 5 workers of 10 for full compaction
[213.490s][info][gc,phases,start] GC(453) Phase 1: Mark live objects
[213.494s][info][gc,phases      ] GC(453) Phase 1: Mark live objects 3.626ms
[213.494s][info][gc,phases,start] GC(453) Phase 2: Prepare compaction
[213.495s][info][gc,phases      ] GC(453) Phase 2: Prepare compaction 0.836ms
[213.495s][info][gc,phases,start] GC(453) Phase 3: Adjust pointers
[213.496s][info][gc,phases      ] GC(453) Phase 3: Adjust pointers 1.318ms
[213.496s][info][gc,phases,start] GC(453) Phase 4: Compact heap
[213.497s][info][gc,phases      ] GC(453) Phase 4: Compact heap 0.699ms
[213.497s][info][gc,phases,start] GC(453) Phase 5: Reset Metadata
[213.499s][info][gc,phases      ] GC(453) Phase 5: Reset Metadata 1.629ms
[213.509s][info][gc,heap        ] GC(453) Eden regions: 1->0(102)
[213.510s][info][gc,heap        ] GC(453) Survivor regions: 0->0(0)
[213.510s][info][gc,heap        ] GC(453) Old regions: 4->4
[213.510s][info][gc,heap        ] GC(453) Humongous regions: 0->0
[213.510s][info][gc,metaspace   ] GC(453) Metaspace: 673K(1024K)->670K(1024K) NonClass: 627K(832K)->625K(832K) Class: 46K(192K)->45K(192K)
[213.510s][info][gc             ] GC(453) Pause Full (System.gc()) 3M->1M(8192M) 19.789ms
[213.510s][info][gc,cpu         ] GC(453) User=0.05s Sys=0.01s Real=0.02s
[213.964s][info][gc,start       ] GC(454) Pause Full (System.gc())
[213.964s][info][gc,task        ] GC(454) Using 5 workers of 10 for full compaction
[213.964s][info][gc,phases,start] GC(454) Phase 1: Mark live objects
[213.967s][info][gc,phases      ] GC(454) Phase 1: Mark live objects 2.956ms
[213.967s][info][gc,phases,start] GC(454) Phase 2: Prepare compaction
[213.968s][info][gc,phases      ] GC(454) Phase 2: Prepare compaction 0.808ms
[213.968s][info][gc,phases,start] GC(454) Phase 3: Adjust pointers
[213.969s][info][gc,phases      ] GC(454) Phase 3: Adjust pointers 1.301ms
[213.969s][info][gc,phases,start] GC(454) Phase 4: Compact heap
[213.970s][info][gc,phases      ] GC(454) Phase 4: Compact heap 0.693ms
[213.970s][info][gc,phases,start] GC(454) Phase 5: Reset Metadata
[213.972s][info][gc,phases      ] GC(454) Phase 5: Reset Metadata 1.629ms
[213.982s][info][gc,heap        ] GC(454) Eden regions: 1->0(102)
[213.982s][info][gc,heap        ] GC(454) Survivor regions: 0->0(0)
[213.982s][info][gc,heap        ] GC(454) Old regions: 4->4
[213.982s][info][gc,heap        ] GC(454) Humongous regions: 0->0
[213.982s][info][gc,metaspace   ] GC(454) Metaspace: 675K(1024K)->673K(1024K) NonClass: 628K(832K)->627K(832K) Class: 46K(192K)->45K(192K)
[213.982s][info][gc             ] GC(454) Pause Full (System.gc()) 3M->1M(8192M) 18.036ms
[213.982s][info][gc,cpu         ] GC(454) User=0.06s Sys=0.00s Real=0.02s
[214.436s][info][gc,start       ] GC(455) Pause Full (System.gc())
[214.436s][info][gc,task        ] GC(455) Using 5 workers of 10 for full compaction
[214.436s][info][gc,phases,start] GC(455) Phase 1: Mark live objects
[214.440s][info][gc,phases      ] GC(455) Phase 1: Mark live objects 3.864ms
[214.440s][info][gc,phases,start] GC(455) Phase 2: Prepare compaction
[214.441s][info][gc,phases      ] GC(455) Phase 2: Prepare compaction 0.910ms
[214.441s][info][gc,phases,start] GC(455) Phase 3: Adjust pointers
[214.443s][info][gc,phases      ] GC(455) Phase 3: Adjust pointers 1.464ms
[214.443s][info][gc,phases,start] GC(455) Phase 4: Compact heap
[214.444s][info][gc,phases      ] GC(455) Phase 4: Compact heap 0.861ms
[214.444s][info][gc,phases,start] GC(455) Phase 5: Reset Metadata
[214.446s][info][gc,phases      ] GC(455) Phase 5: Reset Metadata 2.056ms
[214.456s][info][gc,heap        ] GC(455) Eden regions: 1->0(102)
[214.456s][info][gc,heap        ] GC(455) Survivor regions: 0->0(0)
[214.456s][info][gc,heap        ] GC(455) Old regions: 4->4
[214.456s][info][gc,heap        ] GC(455) Humongous regions: 0->0
[214.456s][info][gc,metaspace   ] GC(455) Metaspace: 678K(1024K)->678K(1024K) NonClass: 630K(832K)->630K(832K) Class: 47K(192K)->47K(192K)
[214.456s][info][gc             ] GC(455) Pause Full (System.gc()) 3M->1M(8192M) 20.540ms
[214.456s][info][gc,cpu         ] GC(455) User=0.04s Sys=0.00s Real=0.02s
[214.910s][info][gc,start       ] GC(456) Pause Full (System.gc())
[214.910s][info][gc,task        ] GC(456) Using 5 workers of 10 for full compaction
[214.910s][info][gc,phases,start] GC(456) Phase 1: Mark live objects
[214.913s][info][gc,phases      ] GC(456) Phase 1: Mark live objects 2.844ms
[214.913s][info][gc,phases,start] GC(456) Phase 2: Prepare compaction
[214.914s][info][gc,phases      ] GC(456) Phase 2: Prepare compaction 0.848ms
[214.914s][info][gc,phases,start] GC(456) Phase 3: Adjust pointers
[214.915s][info][gc,phases      ] GC(456) Phase 3: Adjust pointers 1.288ms
[214.915s][info][gc,phases,start] GC(456) Phase 4: Compact heap
[214.916s][info][gc,phases      ] GC(456) Phase 4: Compact heap 0.690ms
[214.916s][info][gc,phases,start] GC(456) Phase 5: Reset Metadata
[214.918s][info][gc,phases      ] GC(456) Phase 5: Reset Metadata 1.604ms
[214.928s][info][gc,heap        ] GC(456) Eden regions: 1->0(102)
[214.928s][info][gc,heap        ] GC(456) Survivor regions: 0->0(0)
[214.928s][info][gc,heap        ] GC(456) Old regions: 4->4
[214.928s][info][gc,heap        ] GC(456) Humongous regions: 0->0
[214.928s][info][gc,metaspace   ] GC(456) Metaspace: 683K(1024K)->633K(1024K) NonClass: 633K(832K)->595K(832K) Class: 49K(192K)->37K(192K)
[214.928s][info][gc             ] GC(456) Pause Full (System.gc()) 3M->1M(8192M) 18.580ms
[214.928s][info][gc,cpu         ] GC(456) User=0.04s Sys=0.00s Real=0.02s
[215.382s][info][gc,start       ] GC(457) Pause Full (System.gc())
[215.382s][info][gc,task        ] GC(457) Using 5 workers of 10 for full compaction
[215.382s][info][gc,phases,start] GC(457) Phase 1: Mark live objects
[215.385s][info][gc,phases      ] GC(457) Phase 1: Mark live objects 2.760ms
[215.385s][info][gc,phases,start] GC(457) Phase 2: Prepare compaction
[215.386s][info][gc,phases      ] GC(457) Phase 2: Prepare compaction 0.805ms
[215.386s][info][gc,phases,start] GC(457) Phase 3: Adjust pointers
[215.387s][info][gc,phases      ] GC(457) Phase 3: Adjust pointers 1.260ms
[215.387s][info][gc,phases,start] GC(457) Phase 4: Compact heap
[215.388s][info][gc,phases      ] GC(457) Phase 4: Compact heap 0.704ms
[215.388s][info][gc,phases,start] GC(457) Phase 5: Reset Metadata
[215.389s][info][gc,phases      ] GC(457) Phase 5: Reset Metadata 1.618ms
[215.401s][info][gc,heap        ] GC(457) Eden regions: 1->0(102)
[215.401s][info][gc,heap        ] GC(457) Survivor regions: 0->0(0)
[215.401s][info][gc,heap        ] GC(457) Old regions: 4->4
[215.401s][info][gc,heap        ] GC(457) Humongous regions: 0->0
[215.401s][info][gc,metaspace   ] GC(457) Metaspace: 638K(1024K)->634K(1024K) NonClass: 598K(832K)->596K(832K) Class: 39K(192K)->38K(192K)
[215.401s][info][gc             ] GC(457) Pause Full (System.gc()) 3M->1M(8192M) 19.228ms
[215.401s][info][gc,cpu         ] GC(457) User=0.05s Sys=0.00s Real=0.02s
[215.857s][info][gc,start       ] GC(458) Pause Full (System.gc())
[215.857s][info][gc,task        ] GC(458) Using 5 workers of 10 for full compaction
[215.857s][info][gc,phases,start] GC(458) Phase 1: Mark live objects
[215.861s][info][gc,phases      ] GC(458) Phase 1: Mark live objects 4.280ms
[215.861s][info][gc,phases,start] GC(458) Phase 2: Prepare compaction
[215.862s][info][gc,phases      ] GC(458) Phase 2: Prepare compaction 0.855ms
[215.862s][info][gc,phases,start] GC(458) Phase 3: Adjust pointers
[215.867s][info][gc,phases      ] GC(458) Phase 3: Adjust pointers 4.423ms
[215.867s][info][gc,phases,start] GC(458) Phase 4: Compact heap
[215.868s][info][gc,phases      ] GC(458) Phase 4: Compact heap 1.214ms
[215.868s][info][gc,phases,start] GC(458) Phase 5: Reset Metadata
[215.870s][info][gc,phases      ] GC(458) Phase 5: Reset Metadata 1.757ms
[215.880s][info][gc,heap        ] GC(458) Eden regions: 1->0(102)
[215.880s][info][gc,heap        ] GC(458) Survivor regions: 0->0(0)
[215.880s][info][gc,heap        ] GC(458) Old regions: 4->4
[215.880s][info][gc,heap        ] GC(458) Humongous regions: 0->0
[215.880s][info][gc,metaspace   ] GC(458) Metaspace: 639K(1024K)->639K(1024K) NonClass: 599K(832K)->599K(832K) Class: 40K(192K)->40K(192K)
[215.880s][info][gc             ] GC(458) Pause Full (System.gc()) 3M->1M(8192M) 23.136ms
[215.880s][info][gc,cpu         ] GC(458) User=0.05s Sys=0.01s Real=0.02s
[216.332s][info][gc,start       ] GC(459) Pause Full (System.gc())
[216.332s][info][gc,task        ] GC(459) Using 5 workers of 10 for full compaction
[216.333s][info][gc,phases,start] GC(459) Phase 1: Mark live objects
[216.334s][info][gc,phases      ] GC(459) Phase 1: Mark live objects 1.396ms
[216.334s][info][gc,phases,start] GC(459) Phase 2: Prepare compaction
[216.335s][info][gc,phases      ] GC(459) Phase 2: Prepare compaction 0.604ms
[216.335s][info][gc,phases,start] GC(459) Phase 3: Adjust pointers
[216.336s][info][gc,phases      ] GC(459) Phase 3: Adjust pointers 1.036ms
[216.336s][info][gc,phases,start] GC(459) Phase 4: Compact heap
[216.336s][info][gc,phases      ] GC(459) Phase 4: Compact heap 0.347ms
[216.336s][info][gc,phases,start] GC(459) Phase 5: Reset Metadata
[216.338s][info][gc,phases      ] GC(459) Phase 5: Reset Metadata 1.664ms
[216.347s][info][gc,heap        ] GC(459) Eden regions: 1->0(102)
[216.347s][info][gc,heap        ] GC(459) Survivor regions: 0->0(0)
[216.347s][info][gc,heap        ] GC(459) Old regions: 4->4
[216.347s][info][gc,heap        ] GC(459) Humongous regions: 0->0
[216.347s][info][gc,metaspace   ] GC(459) Metaspace: 644K(1024K)->644K(1024K) NonClass: 603K(832K)->603K(832K) Class: 41K(192K)->41K(192K)
[216.347s][info][gc             ] GC(459) Pause Full (System.gc()) 3M->1M(8192M) 15.049ms
[216.347s][info][gc,cpu         ] GC(459) User=0.04s Sys=0.00s Real=0.02s
[216.800s][info][gc,start       ] GC(460) Pause Full (System.gc())
[216.800s][info][gc,task        ] GC(460) Using 5 workers of 10 for full compaction
[216.801s][info][gc,phases,start] GC(460) Phase 1: Mark live objects
[216.802s][info][gc,phases      ] GC(460) Phase 1: Mark live objects 1.465ms
[216.802s][info][gc,phases,start] GC(460) Phase 2: Prepare compaction
[216.802s][info][gc,phases      ] GC(460) Phase 2: Prepare compaction 0.458ms
[216.802s][info][gc,phases,start] GC(460) Phase 3: Adjust pointers
[216.803s][info][gc,phases      ] GC(460) Phase 3: Adjust pointers 0.735ms
[216.803s][info][gc,phases,start] GC(460) Phase 4: Compact heap
[216.804s][info][gc,phases      ] GC(460) Phase 4: Compact heap 0.331ms
[216.804s][info][gc,phases,start] GC(460) Phase 5: Reset Metadata
[216.805s][info][gc,phases      ] GC(460) Phase 5: Reset Metadata 1.385ms
[216.813s][info][gc,heap        ] GC(460) Eden regions: 1->0(102)
[216.813s][info][gc,heap        ] GC(460) Survivor regions: 0->0(0)
[216.813s][info][gc,heap        ] GC(460) Old regions: 4->4
[216.813s][info][gc,heap        ] GC(460) Humongous regions: 0->0
[216.813s][info][gc,metaspace   ] GC(460) Metaspace: 649K(1024K)->649K(1024K) NonClass: 606K(832K)->606K(832K) Class: 43K(192K)->43K(192K)
[216.813s][info][gc             ] GC(460) Pause Full (System.gc()) 3M->1M(8192M) 13.068ms
[216.813s][info][gc,cpu         ] GC(460) User=0.04s Sys=0.00s Real=0.01s
[217.267s][info][gc,start       ] GC(461) Pause Full (System.gc())
[217.267s][info][gc,task        ] GC(461) Using 5 workers of 10 for full compaction
[217.267s][info][gc,phases,start] GC(461) Phase 1: Mark live objects
[217.271s][info][gc,phases      ] GC(461) Phase 1: Mark live objects 3.415ms
[217.271s][info][gc,phases,start] GC(461) Phase 2: Prepare compaction
[217.272s][info][gc,phases      ] GC(461) Phase 2: Prepare compaction 0.681ms
[217.272s][info][gc,phases,start] GC(461) Phase 3: Adjust pointers
[217.273s][info][gc,phases      ] GC(461) Phase 3: Adjust pointers 1.019ms
[217.273s][info][gc,phases,start] GC(461) Phase 4: Compact heap
[217.273s][info][gc,phases      ] GC(461) Phase 4: Compact heap 0.434ms
[217.273s][info][gc,phases,start] GC(461) Phase 5: Reset Metadata
[217.275s][info][gc,phases      ] GC(461) Phase 5: Reset Metadata 2.087ms
[217.284s][info][gc,heap        ] GC(461) Eden regions: 1->0(102)
[217.284s][info][gc,heap        ] GC(461) Survivor regions: 0->0(0)
[217.284s][info][gc,heap        ] GC(461) Old regions: 4->4
[217.284s][info][gc,heap        ] GC(461) Humongous regions: 0->0
[217.284s][info][gc,metaspace   ] GC(461) Metaspace: 654K(1024K)->638K(1024K) NonClass: 609K(832K)->600K(832K) Class: 45K(192K)->38K(192K)
[217.284s][info][gc             ] GC(461) Pause Full (System.gc()) 3M->1M(8192M) 17.364ms
[217.284s][info][gc,cpu         ] GC(461) User=0.04s Sys=0.00s Real=0.01s
[217.738s][info][gc,start       ] GC(462) Pause Full (System.gc())
[217.738s][info][gc,task        ] GC(462) Using 5 workers of 10 for full compaction
[217.738s][info][gc,phases,start] GC(462) Phase 1: Mark live objects
[217.740s][info][gc,phases      ] GC(462) Phase 1: Mark live objects 2.073ms
[217.741s][info][gc,phases,start] GC(462) Phase 2: Prepare compaction
[217.741s][info][gc,phases      ] GC(462) Phase 2: Prepare compaction 0.489ms
[217.741s][info][gc,phases,start] GC(462) Phase 3: Adjust pointers
[217.742s][info][gc,phases      ] GC(462) Phase 3: Adjust pointers 0.806ms
[217.742s][info][gc,phases,start] GC(462) Phase 4: Compact heap
[217.742s][info][gc,phases      ] GC(462) Phase 4: Compact heap 0.374ms
[217.742s][info][gc,phases,start] GC(462) Phase 5: Reset Metadata
[217.744s][info][gc,phases      ] GC(462) Phase 5: Reset Metadata 1.584ms
[217.753s][info][gc,heap        ] GC(462) Eden regions: 1->0(102)
[217.753s][info][gc,heap        ] GC(462) Survivor regions: 0->0(0)
[217.753s][info][gc,heap        ] GC(462) Old regions: 4->4
[217.753s][info][gc,heap        ] GC(462) Humongous regions: 0->0
[217.753s][info][gc,metaspace   ] GC(462) Metaspace: 643K(1024K)->641K(1024K) NonClass: 603K(832K)->602K(832K) Class: 39K(192K)->38K(192K)
[217.753s][info][gc             ] GC(462) Pause Full (System.gc()) 3M->1M(8192M) 15.173ms
[217.753s][info][gc,cpu         ] GC(462) User=0.04s Sys=0.00s Real=0.01s
[218.205s][info][gc,start       ] GC(463) Pause Full (System.gc())
[218.206s][info][gc,task        ] GC(463) Using 5 workers of 10 for full compaction
[218.206s][info][gc,phases,start] GC(463) Phase 1: Mark live objects
[218.208s][info][gc,phases      ] GC(463) Phase 1: Mark live objects 2.082ms
[218.208s][info][gc,phases,start] GC(463) Phase 2: Prepare compaction
[218.208s][info][gc,phases      ] GC(463) Phase 2: Prepare compaction 0.359ms
[218.208s][info][gc,phases,start] GC(463) Phase 3: Adjust pointers
[218.209s][info][gc,phases      ] GC(463) Phase 3: Adjust pointers 0.713ms
[218.209s][info][gc,phases,start] GC(463) Phase 4: Compact heap
[218.209s][info][gc,phases      ] GC(463) Phase 4: Compact heap 0.295ms
[218.209s][info][gc,phases,start] GC(463) Phase 5: Reset Metadata
[218.211s][info][gc,phases      ] GC(463) Phase 5: Reset Metadata 1.652ms
[218.222s][info][gc,heap        ] GC(463) Eden regions: 1->0(102)
[218.222s][info][gc,heap        ] GC(463) Survivor regions: 0->0(0)
[218.222s][info][gc,heap        ] GC(463) Old regions: 4->4
[218.222s][info][gc,heap        ] GC(463) Humongous regions: 0->0
[218.222s][info][gc,metaspace   ] GC(463) Metaspace: 646K(1024K)->645K(1024K) NonClass: 605K(832K)->605K(832K) Class: 40K(192K)->39K(192K)
[218.222s][info][gc             ] GC(463) Pause Full (System.gc()) 3M->1M(8192M) 16.555ms
[218.222s][info][gc,cpu         ] GC(463) User=0.04s Sys=0.00s Real=0.02s
[218.679s][info][gc,start       ] GC(464) Pause Full (System.gc())
[218.679s][info][gc,task        ] GC(464) Using 5 workers of 10 for full compaction
[218.679s][info][gc,phases,start] GC(464) Phase 1: Mark live objects
[218.682s][info][gc,phases      ] GC(464) Phase 1: Mark live objects 2.943ms
[218.682s][info][gc,phases,start] GC(464) Phase 2: Prepare compaction
[218.683s][info][gc,phases      ] GC(464) Phase 2: Prepare compaction 0.807ms
[218.683s][info][gc,phases,start] GC(464) Phase 3: Adjust pointers
[218.684s][info][gc,phases      ] GC(464) Phase 3: Adjust pointers 1.461ms
[218.685s][info][gc,phases,start] GC(464) Phase 4: Compact heap
[218.688s][info][gc,phases      ] GC(464) Phase 4: Compact heap 3.716ms
[218.688s][info][gc,phases,start] GC(464) Phase 5: Reset Metadata
[218.691s][info][gc,phases      ] GC(464) Phase 5: Reset Metadata 2.570ms
[218.704s][info][gc,heap        ] GC(464) Eden regions: 1->0(102)
[218.705s][info][gc,heap        ] GC(464) Survivor regions: 0->0(0)
[218.705s][info][gc,heap        ] GC(464) Old regions: 4->4
[218.705s][info][gc,heap        ] GC(464) Humongous regions: 0->0
[218.705s][info][gc,metaspace   ] GC(464) Metaspace: 650K(1024K)->649K(1024K) NonClass: 608K(832K)->608K(832K) Class: 41K(192K)->41K(192K)
[218.705s][info][gc             ] GC(464) Pause Full (System.gc()) 3M->1M(8192M) 25.913ms
[218.705s][info][gc,cpu         ] GC(464) User=0.04s Sys=0.00s Real=0.02s
[219.160s][info][gc,start       ] GC(465) Pause Full (System.gc())
[219.161s][info][gc,task        ] GC(465) Using 5 workers of 10 for full compaction
[219.161s][info][gc,phases,start] GC(465) Phase 1: Mark live objects
[219.169s][info][gc,phases      ] GC(465) Phase 1: Mark live objects 8.128ms
[219.169s][info][gc,phases,start] GC(465) Phase 2: Prepare compaction
[219.171s][info][gc,phases      ] GC(465) Phase 2: Prepare compaction 1.368ms
[219.171s][info][gc,phases,start] GC(465) Phase 3: Adjust pointers
[219.172s][info][gc,phases      ] GC(465) Phase 3: Adjust pointers 1.822ms
[219.173s][info][gc,phases,start] GC(465) Phase 4: Compact heap
[219.174s][info][gc,phases      ] GC(465) Phase 4: Compact heap 1.265ms
[219.174s][info][gc,phases,start] GC(465) Phase 5: Reset Metadata
[219.176s][info][gc,phases      ] GC(465) Phase 5: Reset Metadata 2.394ms
[219.186s][info][gc,heap        ] GC(465) Eden regions: 1->0(102)
[219.186s][info][gc,heap        ] GC(465) Survivor regions: 0->0(0)
[219.186s][info][gc,heap        ] GC(465) Old regions: 4->4
[219.186s][info][gc,heap        ] GC(465) Humongous regions: 0->0
[219.186s][info][gc,metaspace   ] GC(465) Metaspace: 654K(1024K)->653K(1024K) NonClass: 611K(832K)->610K(832K) Class: 42K(192K)->42K(192K)
[219.186s][info][gc             ] GC(465) Pause Full (System.gc()) 3M->1M(8192M) 25.177ms
[219.186s][info][gc,cpu         ] GC(465) User=0.05s Sys=0.00s Real=0.03s
[219.641s][info][gc,start       ] GC(466) Pause Full (System.gc())
[219.642s][info][gc,task        ] GC(466) Using 5 workers of 10 for full compaction
[219.642s][info][gc,phases,start] GC(466) Phase 1: Mark live objects
[219.646s][info][gc,phases      ] GC(466) Phase 1: Mark live objects 3.867ms
[219.646s][info][gc,phases,start] GC(466) Phase 2: Prepare compaction
[219.646s][info][gc,phases      ] GC(466) Phase 2: Prepare compaction 0.496ms
[219.646s][info][gc,phases,start] GC(466) Phase 3: Adjust pointers
[219.647s][info][gc,phases      ] GC(466) Phase 3: Adjust pointers 0.994ms
[219.647s][info][gc,phases,start] GC(466) Phase 4: Compact heap
[219.648s][info][gc,phases      ] GC(466) Phase 4: Compact heap 0.502ms
[219.648s][info][gc,phases,start] GC(466) Phase 5: Reset Metadata
[219.650s][info][gc,phases      ] GC(466) Phase 5: Reset Metadata 1.864ms
[219.661s][info][gc,heap        ] GC(466) Eden regions: 1->0(102)
[219.661s][info][gc,heap        ] GC(466) Survivor regions: 0->0(0)
[219.661s][info][gc,heap        ] GC(466) Old regions: 4->4
[219.661s][info][gc,heap        ] GC(466) Humongous regions: 0->0
[219.661s][info][gc,metaspace   ] GC(466) Metaspace: 658K(1024K)->657K(1024K) NonClass: 614K(832K)->613K(832K) Class: 44K(192K)->43K(192K)
[219.661s][info][gc             ] GC(466) Pause Full (System.gc()) 3M->1M(8192M) 19.357ms
[219.661s][info][gc,cpu         ] GC(466) User=0.05s Sys=0.00s Real=0.02s
[220.116s][info][gc,start       ] GC(467) Pause Full (System.gc())
[220.116s][info][gc,task        ] GC(467) Using 5 workers of 10 for full compaction
[220.117s][info][gc,phases,start] GC(467) Phase 1: Mark live objects
[220.123s][info][gc,phases      ] GC(467) Phase 1: Mark live objects 5.838ms
[220.123s][info][gc,phases,start] GC(467) Phase 2: Prepare compaction
[220.123s][info][gc,phases      ] GC(467) Phase 2: Prepare compaction 0.773ms
[220.123s][info][gc,phases,start] GC(467) Phase 3: Adjust pointers
[220.126s][info][gc,phases      ] GC(467) Phase 3: Adjust pointers 2.142ms
[220.126s][info][gc,phases,start] GC(467) Phase 4: Compact heap
[220.127s][info][gc,phases      ] GC(467) Phase 4: Compact heap 0.970ms
[220.127s][info][gc,phases,start] GC(467) Phase 5: Reset Metadata
[220.129s][info][gc,phases      ] GC(467) Phase 5: Reset Metadata 1.989ms
[220.139s][info][gc,heap        ] GC(467) Eden regions: 1->0(102)
[220.139s][info][gc,heap        ] GC(467) Survivor regions: 0->0(0)
[220.139s][info][gc,heap        ] GC(467) Old regions: 4->4
[220.139s][info][gc,heap        ] GC(467) Humongous regions: 0->0
[220.139s][info][gc,metaspace   ] GC(467) Metaspace: 662K(1024K)->661K(1024K) NonClass: 616K(832K)->616K(832K) Class: 45K(192K)->44K(192K)
[220.139s][info][gc             ] GC(467) Pause Full (System.gc()) 3M->1M(8192M) 23.096ms
[220.139s][info][gc,cpu         ] GC(467) User=0.04s Sys=0.00s Real=0.02s
[220.596s][info][gc,start       ] GC(468) Pause Full (System.gc())
[220.596s][info][gc,task        ] GC(468) Using 5 workers of 10 for full compaction
[220.596s][info][gc,phases,start] GC(468) Phase 1: Mark live objects
[220.600s][info][gc,phases      ] GC(468) Phase 1: Mark live objects 4.189ms
[220.601s][info][gc,phases,start] GC(468) Phase 2: Prepare compaction
[220.602s][info][gc,phases      ] GC(468) Phase 2: Prepare compaction 1.963ms
[220.603s][info][gc,phases,start] GC(468) Phase 3: Adjust pointers
[220.604s][info][gc,phases      ] GC(468) Phase 3: Adjust pointers 1.568ms
[220.604s][info][gc,phases,start] GC(468) Phase 4: Compact heap
[220.605s][info][gc,phases      ] GC(468) Phase 4: Compact heap 0.600ms
[220.605s][info][gc,phases,start] GC(468) Phase 5: Reset Metadata
[220.607s][info][gc,phases      ] GC(468) Phase 5: Reset Metadata 2.391ms
[220.615s][info][gc,heap        ] GC(468) Eden regions: 1->0(102)
[220.615s][info][gc,heap        ] GC(468) Survivor regions: 0->0(0)
[220.615s][info][gc,heap        ] GC(468) Old regions: 4->4
[220.615s][info][gc,heap        ] GC(468) Humongous regions: 0->0
[220.615s][info][gc,metaspace   ] GC(468) Metaspace: 666K(1024K)->666K(1024K) NonClass: 619K(832K)->619K(832K) Class: 46K(192K)->46K(192K)
[220.615s][info][gc             ] GC(468) Pause Full (System.gc()) 3M->1M(8192M) 19.385ms
[220.615s][info][gc,cpu         ] GC(468) User=0.03s Sys=0.01s Real=0.01s
[221.070s][info][gc,start       ] GC(469) Pause Full (System.gc())
[221.071s][info][gc,task        ] GC(469) Using 5 workers of 10 for full compaction
[221.071s][info][gc,phases,start] GC(469) Phase 1: Mark live objects
[221.075s][info][gc,phases      ] GC(469) Phase 1: Mark live objects 3.604ms
[221.075s][info][gc,phases,start] GC(469) Phase 2: Prepare compaction
[221.076s][info][gc,phases      ] GC(469) Phase 2: Prepare compaction 1.508ms
[221.076s][info][gc,phases,start] GC(469) Phase 3: Adjust pointers
[221.078s][info][gc,phases      ] GC(469) Phase 3: Adjust pointers 2.059ms
[221.078s][info][gc,phases,start] GC(469) Phase 4: Compact heap
[221.079s][info][gc,phases      ] GC(469) Phase 4: Compact heap 0.562ms
[221.079s][info][gc,phases,start] GC(469) Phase 5: Reset Metadata
[221.080s][info][gc,phases      ] GC(469) Phase 5: Reset Metadata 1.582ms
[221.090s][info][gc,heap        ] GC(469) Eden regions: 1->0(102)
[221.090s][info][gc,heap        ] GC(469) Survivor regions: 0->0(0)
[221.090s][info][gc,heap        ] GC(469) Old regions: 4->4
[221.090s][info][gc,heap        ] GC(469) Humongous regions: 0->0
[221.090s][info][gc,metaspace   ] GC(469) Metaspace: 671K(1024K)->671K(1024K) NonClass: 623K(832K)->623K(832K) Class: 48K(192K)->48K(192K)
[221.090s][info][gc             ] GC(469) Pause Full (System.gc()) 3M->1M(8192M) 19.187ms
[221.090s][info][gc,cpu         ] GC(469) User=0.05s Sys=0.00s Real=0.02s
[221.542s][info][gc,start       ] GC(470) Pause Full (System.gc())
[221.542s][info][gc,task        ] GC(470) Using 5 workers of 10 for full compaction
[221.542s][info][gc,phases,start] GC(470) Phase 1: Mark live objects
[221.546s][info][gc,phases      ] GC(470) Phase 1: Mark live objects 3.280ms
[221.546s][info][gc,phases,start] GC(470) Phase 2: Prepare compaction
[221.546s][info][gc,phases      ] GC(470) Phase 2: Prepare compaction 0.647ms
[221.546s][info][gc,phases,start] GC(470) Phase 3: Adjust pointers
[221.547s][info][gc,phases      ] GC(470) Phase 3: Adjust pointers 1.051ms
[221.547s][info][gc,phases,start] GC(470) Phase 4: Compact heap
[221.548s][info][gc,phases      ] GC(470) Phase 4: Compact heap 0.502ms
[221.548s][info][gc,phases,start] GC(470) Phase 5: Reset Metadata
[221.550s][info][gc,phases      ] GC(470) Phase 5: Reset Metadata 1.718ms
[221.560s][info][gc,heap        ] GC(470) Eden regions: 1->0(102)
[221.560s][info][gc,heap        ] GC(470) Survivor regions: 0->0(0)
[221.560s][info][gc,heap        ] GC(470) Old regions: 4->4
[221.560s][info][gc,heap        ] GC(470) Humongous regions: 0->0
[221.560s][info][gc,metaspace   ] GC(470) Metaspace: 676K(1024K)->659K(1024K) NonClass: 626K(832K)->616K(832K) Class: 50K(192K)->42K(192K)
[221.560s][info][gc             ] GC(470) Pause Full (System.gc()) 3M->1M(8192M) 18.143ms
[221.560s][info][gc,cpu         ] GC(470) User=0.05s Sys=0.00s Real=0.02s
[222.016s][info][gc,start       ] GC(471) Pause Full (System.gc())
[222.016s][info][gc,task        ] GC(471) Using 5 workers of 10 for full compaction
[222.016s][info][gc,phases,start] GC(471) Phase 1: Mark live objects
[222.019s][info][gc,phases      ] GC(471) Phase 1: Mark live objects 2.862ms
[222.019s][info][gc,phases,start] GC(471) Phase 2: Prepare compaction
[222.020s][info][gc,phases      ] GC(471) Phase 2: Prepare compaction 0.785ms
[222.020s][info][gc,phases,start] GC(471) Phase 3: Adjust pointers
[222.022s][info][gc,phases      ] GC(471) Phase 3: Adjust pointers 1.459ms
[222.022s][info][gc,phases,start] GC(471) Phase 4: Compact heap
[222.022s][info][gc,phases      ] GC(471) Phase 4: Compact heap 0.505ms
[222.022s][info][gc,phases,start] GC(471) Phase 5: Reset Metadata
[222.024s][info][gc,phases      ] GC(471) Phase 5: Reset Metadata 1.804ms
[222.033s][info][gc,heap        ] GC(471) Eden regions: 1->0(102)
[222.033s][info][gc,heap        ] GC(471) Survivor regions: 0->0(0)
[222.033s][info][gc,heap        ] GC(471) Old regions: 4->4
[222.034s][info][gc,heap        ] GC(471) Humongous regions: 0->0
[222.034s][info][gc,metaspace   ] GC(471) Metaspace: 664K(1024K)->661K(1024K) NonClass: 619K(832K)->618K(832K) Class: 44K(192K)->43K(192K)
[222.034s][info][gc             ] GC(471) Pause Full (System.gc()) 3M->1M(8192M) 17.447ms
[222.034s][info][gc,cpu         ] GC(471) User=0.04s Sys=0.00s Real=0.01s
[222.489s][info][gc,start       ] GC(472) Pause Full (System.gc())
[222.489s][info][gc,task        ] GC(472) Using 5 workers of 10 for full compaction
[222.489s][info][gc,phases,start] GC(472) Phase 1: Mark live objects
[222.492s][info][gc,phases      ] GC(472) Phase 1: Mark live objects 2.731ms
[222.492s][info][gc,phases,start] GC(472) Phase 2: Prepare compaction
[222.493s][info][gc,phases      ] GC(472) Phase 2: Prepare compaction 0.594ms
[222.493s][info][gc,phases,start] GC(472) Phase 3: Adjust pointers
[222.494s][info][gc,phases      ] GC(472) Phase 3: Adjust pointers 1.329ms
[222.494s][info][gc,phases,start] GC(472) Phase 4: Compact heap
[222.494s][info][gc,phases      ] GC(472) Phase 4: Compact heap 0.508ms
[222.494s][info][gc,phases,start] GC(472) Phase 5: Reset Metadata
[222.496s][info][gc,phases      ] GC(472) Phase 5: Reset Metadata 1.841ms
[222.507s][info][gc,heap        ] GC(472) Eden regions: 1->0(102)
[222.507s][info][gc,heap        ] GC(472) Survivor regions: 0->0(0)
[222.507s][info][gc,heap        ] GC(472) Old regions: 4->4
[222.507s][info][gc,heap        ] GC(472) Humongous regions: 0->0
[222.507s][info][gc,metaspace   ] GC(472) Metaspace: 666K(1024K)->666K(1024K) NonClass: 621K(832K)->621K(832K) Class: 44K(192K)->44K(192K)
[222.507s][info][gc             ] GC(472) Pause Full (System.gc()) 3M->1M(8192M) 18.426ms
[222.507s][info][gc,cpu         ] GC(472) User=0.04s Sys=0.01s Real=0.02s
[222.963s][info][gc,start       ] GC(473) Pause Full (System.gc())
[222.963s][info][gc,task        ] GC(473) Using 5 workers of 10 for full compaction
[222.963s][info][gc,phases,start] GC(473) Phase 1: Mark live objects
[222.966s][info][gc,phases      ] GC(473) Phase 1: Mark live objects 2.574ms
[222.966s][info][gc,phases,start] GC(473) Phase 2: Prepare compaction
[222.967s][info][gc,phases      ] GC(473) Phase 2: Prepare compaction 0.803ms
[222.967s][info][gc,phases,start] GC(473) Phase 3: Adjust pointers
[222.968s][info][gc,phases      ] GC(473) Phase 3: Adjust pointers 1.588ms
[222.968s][info][gc,phases,start] GC(473) Phase 4: Compact heap
[222.969s][info][gc,phases      ] GC(473) Phase 4: Compact heap 0.561ms
[222.969s][info][gc,phases,start] GC(473) Phase 5: Reset Metadata
[222.971s][info][gc,phases      ] GC(473) Phase 5: Reset Metadata 1.968ms
[222.981s][info][gc,heap        ] GC(473) Eden regions: 1->0(102)
[222.981s][info][gc,heap        ] GC(473) Survivor regions: 0->0(0)
[222.981s][info][gc,heap        ] GC(473) Old regions: 4->4
[222.981s][info][gc,heap        ] GC(473) Humongous regions: 0->0
[222.981s][info][gc,metaspace   ] GC(473) Metaspace: 671K(1024K)->671K(1024K) NonClass: 624K(832K)->624K(832K) Class: 46K(192K)->46K(192K)
[222.981s][info][gc             ] GC(473) Pause Full (System.gc()) 3M->1M(8192M) 18.509ms
[222.982s][info][gc,cpu         ] GC(473) User=0.05s Sys=0.00s Real=0.02s
[223.434s][info][gc,start       ] GC(474) Pause Full (System.gc())
[223.434s][info][gc,task        ] GC(474) Using 5 workers of 10 for full compaction
[223.435s][info][gc,phases,start] GC(474) Phase 1: Mark live objects
[223.438s][info][gc,phases      ] GC(474) Phase 1: Mark live objects 3.171ms
[223.438s][info][gc,phases,start] GC(474) Phase 2: Prepare compaction
[223.439s][info][gc,phases      ] GC(474) Phase 2: Prepare compaction 0.815ms
[223.439s][info][gc,phases,start] GC(474) Phase 3: Adjust pointers
[223.440s][info][gc,phases      ] GC(474) Phase 3: Adjust pointers 1.594ms
[223.440s][info][gc,phases,start] GC(474) Phase 4: Compact heap
[223.441s][info][gc,phases      ] GC(474) Phase 4: Compact heap 0.839ms
[223.441s][info][gc,phases,start] GC(474) Phase 5: Reset Metadata
[223.443s][info][gc,phases      ] GC(474) Phase 5: Reset Metadata 1.659ms
[223.455s][info][gc,heap        ] GC(474) Eden regions: 1->0(102)
[223.455s][info][gc,heap        ] GC(474) Survivor regions: 0->0(0)
[223.455s][info][gc,heap        ] GC(474) Old regions: 4->4
[223.455s][info][gc,heap        ] GC(474) Humongous regions: 0->0
[223.455s][info][gc,metaspace   ] GC(474) Metaspace: 676K(1024K)->634K(1024K) NonClass: 628K(832K)->596K(832K) Class: 48K(192K)->38K(192K)
[223.455s][info][gc             ] GC(474) Pause Full (System.gc()) 3M->1M(8192M) 20.838ms
[223.455s][info][gc,cpu         ] GC(474) User=0.05s Sys=0.00s Real=0.02s
[223.908s][info][gc,start       ] GC(475) Pause Full (System.gc())
[223.908s][info][gc,task        ] GC(475) Using 5 workers of 10 for full compaction
[223.909s][info][gc,phases,start] GC(475) Phase 1: Mark live objects
[223.912s][info][gc,phases      ] GC(475) Phase 1: Mark live objects 2.897ms
[223.912s][info][gc,phases,start] GC(475) Phase 2: Prepare compaction
[223.912s][info][gc,phases      ] GC(475) Phase 2: Prepare compaction 0.802ms
[223.912s][info][gc,phases,start] GC(475) Phase 3: Adjust pointers
[223.914s][info][gc,phases      ] GC(475) Phase 3: Adjust pointers 1.567ms
[223.914s][info][gc,phases,start] GC(475) Phase 4: Compact heap
[223.915s][info][gc,phases      ] GC(475) Phase 4: Compact heap 1.333ms
[223.915s][info][gc,phases,start] GC(475) Phase 5: Reset Metadata
[223.918s][info][gc,phases      ] GC(475) Phase 5: Reset Metadata 2.113ms
[223.928s][info][gc,heap        ] GC(475) Eden regions: 1->0(102)
[223.928s][info][gc,heap        ] GC(475) Survivor regions: 0->0(0)
[223.928s][info][gc,heap        ] GC(475) Old regions: 4->4
[223.928s][info][gc,heap        ] GC(475) Humongous regions: 0->0
[223.928s][info][gc,metaspace   ] GC(475) Metaspace: 639K(1024K)->629K(960K) NonClass: 599K(832K)->593K(768K) Class: 40K(192K)->36K(192K)
[223.928s][info][gc             ] GC(475) Pause Full (System.gc()) 3M->1M(8192M) 20.229ms
[223.928s][info][gc,cpu         ] GC(475) User=0.05s Sys=0.01s Real=0.02s
[224.387s][info][gc,start       ] GC(476) Pause Full (System.gc())
[224.387s][info][gc,task        ] GC(476) Using 5 workers of 10 for full compaction
[224.387s][info][gc,phases,start] GC(476) Phase 1: Mark live objects
[224.391s][info][gc,phases      ] GC(476) Phase 1: Mark live objects 3.696ms
[224.391s][info][gc,phases,start] GC(476) Phase 2: Prepare compaction
[224.393s][info][gc,phases      ] GC(476) Phase 2: Prepare compaction 1.725ms
[224.393s][info][gc,phases,start] GC(476) Phase 3: Adjust pointers
[224.394s][info][gc,phases      ] GC(476) Phase 3: Adjust pointers 1.022ms
[224.394s][info][gc,phases,start] GC(476) Phase 4: Compact heap
[224.396s][info][gc,phases      ] GC(476) Phase 4: Compact heap 1.990ms
[224.396s][info][gc,phases,start] GC(476) Phase 5: Reset Metadata
[224.398s][info][gc,phases      ] GC(476) Phase 5: Reset Metadata 1.779ms
[224.406s][info][gc,heap        ] GC(476) Eden regions: 1->0(102)
[224.406s][info][gc,heap        ] GC(476) Survivor regions: 0->0(0)
[224.406s][info][gc,heap        ] GC(476) Old regions: 4->4
[224.406s][info][gc,heap        ] GC(476) Humongous regions: 0->0
[224.406s][info][gc,metaspace   ] GC(476) Metaspace: 634K(960K)->629K(960K) NonClass: 596K(768K)->593K(768K) Class: 37K(192K)->36K(192K)
[224.406s][info][gc             ] GC(476) Pause Full (System.gc()) 3M->1M(8192M) 19.439ms
[224.406s][info][gc,cpu         ] GC(476) User=0.04s Sys=0.00s Real=0.02s
[224.862s][info][gc,start       ] GC(477) Pause Full (System.gc())
[224.862s][info][gc,task        ] GC(477) Using 5 workers of 10 for full compaction
[224.862s][info][gc,phases,start] GC(477) Phase 1: Mark live objects
[224.865s][info][gc,phases      ] GC(477) Phase 1: Mark live objects 2.933ms
[224.865s][info][gc,phases,start] GC(477) Phase 2: Prepare compaction
[224.866s][info][gc,phases      ] GC(477) Phase 2: Prepare compaction 0.801ms
[224.866s][info][gc,phases,start] GC(477) Phase 3: Adjust pointers
[224.868s][info][gc,phases      ] GC(477) Phase 3: Adjust pointers 1.994ms
[224.868s][info][gc,phases,start] GC(477) Phase 4: Compact heap
[224.869s][info][gc,phases      ] GC(477) Phase 4: Compact heap 0.726ms
[224.869s][info][gc,phases,start] GC(477) Phase 5: Reset Metadata
[224.871s][info][gc,phases      ] GC(477) Phase 5: Reset Metadata 1.869ms
[224.881s][info][gc,heap        ] GC(477) Eden regions: 1->0(102)
[224.881s][info][gc,heap        ] GC(477) Survivor regions: 0->0(0)
[224.881s][info][gc,heap        ] GC(477) Old regions: 4->4
[224.881s][info][gc,heap        ] GC(477) Humongous regions: 0->0
[224.881s][info][gc,metaspace   ] GC(477) Metaspace: 634K(960K)->631K(960K) NonClass: 596K(768K)->594K(768K) Class: 37K(192K)->36K(192K)
[224.881s][info][gc             ] GC(477) Pause Full (System.gc()) 3M->1M(8192M) 19.881ms
[224.881s][info][gc,cpu         ] GC(477) User=0.05s Sys=0.00s Real=0.02s
[225.334s][info][gc,start       ] GC(478) Pause Full (System.gc())
[225.335s][info][gc,task        ] GC(478) Using 5 workers of 10 for full compaction
[225.335s][info][gc,phases,start] GC(478) Phase 1: Mark live objects
[225.338s][info][gc,phases      ] GC(478) Phase 1: Mark live objects 3.097ms
[225.338s][info][gc,phases,start] GC(478) Phase 2: Prepare compaction
[225.339s][info][gc,phases      ] GC(478) Phase 2: Prepare compaction 0.639ms
[225.339s][info][gc,phases,start] GC(478) Phase 3: Adjust pointers
[225.340s][info][gc,phases      ] GC(478) Phase 3: Adjust pointers 1.396ms
[225.340s][info][gc,phases,start] GC(478) Phase 4: Compact heap
[225.341s][info][gc,phases      ] GC(478) Phase 4: Compact heap 0.556ms
[225.341s][info][gc,phases,start] GC(478) Phase 5: Reset Metadata
[225.343s][info][gc,phases      ] GC(478) Phase 5: Reset Metadata 2.328ms
[225.354s][info][gc,heap        ] GC(478) Eden regions: 1->0(102)
[225.354s][info][gc,heap        ] GC(478) Survivor regions: 0->0(0)
[225.354s][info][gc,heap        ] GC(478) Old regions: 4->4
[225.354s][info][gc,heap        ] GC(478) Humongous regions: 0->0
[225.354s][info][gc,metaspace   ] GC(478) Metaspace: 636K(960K)->636K(960K) NonClass: 597K(768K)->597K(768K) Class: 38K(192K)->38K(192K)
[225.354s][info][gc             ] GC(478) Pause Full (System.gc()) 3M->1M(8192M) 19.617ms
[225.354s][info][gc,cpu         ] GC(478) User=0.04s Sys=0.01s Real=0.02s
[225.807s][info][gc,start       ] GC(479) Pause Full (System.gc())
[225.807s][info][gc,task        ] GC(479) Using 5 workers of 10 for full compaction
[225.807s][info][gc,phases,start] GC(479) Phase 1: Mark live objects
[225.810s][info][gc,phases      ] GC(479) Phase 1: Mark live objects 2.696ms
[225.810s][info][gc,phases,start] GC(479) Phase 2: Prepare compaction
[225.811s][info][gc,phases      ] GC(479) Phase 2: Prepare compaction 0.819ms
[225.811s][info][gc,phases,start] GC(479) Phase 3: Adjust pointers
[225.813s][info][gc,phases      ] GC(479) Phase 3: Adjust pointers 1.821ms
[225.813s][info][gc,phases,start] GC(479) Phase 4: Compact heap
[225.813s][info][gc,phases      ] GC(479) Phase 4: Compact heap 0.718ms
[225.813s][info][gc,phases,start] GC(479) Phase 5: Reset Metadata
[225.816s][info][gc,phases      ] GC(479) Phase 5: Reset Metadata 2.374ms
[225.826s][info][gc,heap        ] GC(479) Eden regions: 1->0(102)
[225.826s][info][gc,heap        ] GC(479) Survivor regions: 0->0(0)
[225.826s][info][gc,heap        ] GC(479) Old regions: 4->4
[225.826s][info][gc,heap        ] GC(479) Humongous regions: 0->0
[225.826s][info][gc,metaspace   ] GC(479) Metaspace: 641K(960K)->641K(960K) NonClass: 600K(768K)->600K(768K) Class: 40K(192K)->40K(192K)
[225.827s][info][gc             ] GC(479) Pause Full (System.gc()) 3M->1M(8192M) 20.023ms
[225.827s][info][gc,cpu         ] GC(479) User=0.04s Sys=0.00s Real=0.02s
[226.281s][info][gc,start       ] GC(480) Pause Full (System.gc())
[226.281s][info][gc,task        ] GC(480) Using 5 workers of 10 for full compaction
[226.282s][info][gc,phases,start] GC(480) Phase 1: Mark live objects
[226.284s][info][gc,phases      ] GC(480) Phase 1: Mark live objects 2.635ms
[226.284s][info][gc,phases,start] GC(480) Phase 2: Prepare compaction
[226.285s][info][gc,phases      ] GC(480) Phase 2: Prepare compaction 0.846ms
[226.285s][info][gc,phases,start] GC(480) Phase 3: Adjust pointers
[226.286s][info][gc,phases      ] GC(480) Phase 3: Adjust pointers 1.283ms
[226.287s][info][gc,phases,start] GC(480) Phase 4: Compact heap
[226.287s][info][gc,phases      ] GC(480) Phase 4: Compact heap 0.720ms
[226.287s][info][gc,phases,start] GC(480) Phase 5: Reset Metadata
[226.289s][info][gc,phases      ] GC(480) Phase 5: Reset Metadata 2.165ms
[226.296s][info][gc,heap        ] GC(480) Eden regions: 1->0(102)
[226.296s][info][gc,heap        ] GC(480) Survivor regions: 0->0(0)
[226.296s][info][gc,heap        ] GC(480) Old regions: 4->4
[226.296s][info][gc,heap        ] GC(480) Humongous regions: 0->0
[226.296s][info][gc,metaspace   ] GC(480) Metaspace: 646K(960K)->646K(960K) NonClass: 604K(768K)->604K(768K) Class: 42K(192K)->42K(192K)
[226.296s][info][gc             ] GC(480) Pause Full (System.gc()) 3M->1M(8192M) 15.209ms
[226.296s][info][gc,cpu         ] GC(480) User=0.03s Sys=0.00s Real=0.02s
[226.753s][info][gc,start       ] GC(481) Pause Full (System.gc())
[226.753s][info][gc,task        ] GC(481) Using 5 workers of 10 for full compaction
[226.753s][info][gc,phases,start] GC(481) Phase 1: Mark live objects
[226.755s][info][gc,phases      ] GC(481) Phase 1: Mark live objects 2.336ms
[226.755s][info][gc,phases,start] GC(481) Phase 2: Prepare compaction
[226.756s][info][gc,phases      ] GC(481) Phase 2: Prepare compaction 0.432ms
[226.756s][info][gc,phases,start] GC(481) Phase 3: Adjust pointers
[226.757s][info][gc,phases      ] GC(481) Phase 3: Adjust pointers 0.802ms
[226.757s][info][gc,phases,start] GC(481) Phase 4: Compact heap
[226.758s][info][gc,phases      ] GC(481) Phase 4: Compact heap 0.951ms
[226.758s][info][gc,phases,start] GC(481) Phase 5: Reset Metadata
[226.760s][info][gc,phases      ] GC(481) Phase 5: Reset Metadata 1.939ms
[226.770s][info][gc,heap        ] GC(481) Eden regions: 1->0(102)
[226.770s][info][gc,heap        ] GC(481) Survivor regions: 0->0(0)
[226.770s][info][gc,heap        ] GC(481) Old regions: 4->4
[226.770s][info][gc,heap        ] GC(481) Humongous regions: 0->0
[226.770s][info][gc,metaspace   ] GC(481) Metaspace: 651K(960K)->651K(960K) NonClass: 607K(768K)->607K(768K) Class: 43K(192K)->43K(192K)
[226.770s][info][gc             ] GC(481) Pause Full (System.gc()) 3M->1M(8192M) 17.534ms
[226.770s][info][gc,cpu         ] GC(481) User=0.03s Sys=0.01s Real=0.02s
[227.225s][info][gc,start       ] GC(482) Pause Full (System.gc())
[227.225s][info][gc,task        ] GC(482) Using 5 workers of 10 for full compaction
[227.225s][info][gc,phases,start] GC(482) Phase 1: Mark live objects
[227.229s][info][gc,phases      ] GC(482) Phase 1: Mark live objects 3.630ms
[227.229s][info][gc,phases,start] GC(482) Phase 2: Prepare compaction
[227.230s][info][gc,phases      ] GC(482) Phase 2: Prepare compaction 0.813ms
[227.230s][info][gc,phases,start] GC(482) Phase 3: Adjust pointers
[227.231s][info][gc,phases      ] GC(482) Phase 3: Adjust pointers 1.404ms
[227.231s][info][gc,phases,start] GC(482) Phase 4: Compact heap
[227.233s][info][gc,phases      ] GC(482) Phase 4: Compact heap 1.603ms
[227.233s][info][gc,phases,start] GC(482) Phase 5: Reset Metadata
[227.235s][info][gc,phases      ] GC(482) Phase 5: Reset Metadata 1.899ms
[227.245s][info][gc,heap        ] GC(482) Eden regions: 1->0(102)
[227.245s][info][gc,heap        ] GC(482) Survivor regions: 0->0(0)
[227.245s][info][gc,heap        ] GC(482) Old regions: 4->4
[227.245s][info][gc,heap        ] GC(482) Humongous regions: 0->0
[227.245s][info][gc,metaspace   ] GC(482) Metaspace: 656K(960K)->656K(960K) NonClass: 610K(768K)->610K(768K) Class: 45K(192K)->45K(192K)
[227.245s][info][gc             ] GC(482) Pause Full (System.gc()) 3M->1M(8192M) 20.624ms
[227.245s][info][gc,cpu         ] GC(482) User=0.04s Sys=0.00s Real=0.02s
[227.699s][info][gc,start       ] GC(483) Pause Full (System.gc())
[227.699s][info][gc,task        ] GC(483) Using 5 workers of 10 for full compaction
[227.699s][info][gc,phases,start] GC(483) Phase 1: Mark live objects
[227.702s][info][gc,phases      ] GC(483) Phase 1: Mark live objects 2.823ms
[227.702s][info][gc,phases,start] GC(483) Phase 2: Prepare compaction
[227.703s][info][gc,phases      ] GC(483) Phase 2: Prepare compaction 0.798ms
[227.703s][info][gc,phases,start] GC(483) Phase 3: Adjust pointers
[227.704s][info][gc,phases      ] GC(483) Phase 3: Adjust pointers 1.252ms
[227.704s][info][gc,phases,start] GC(483) Phase 4: Compact heap
[227.705s][info][gc,phases      ] GC(483) Phase 4: Compact heap 0.696ms
[227.705s][info][gc,phases,start] GC(483) Phase 5: Reset Metadata
[227.707s][info][gc,phases      ] GC(483) Phase 5: Reset Metadata 1.919ms
[227.717s][info][gc,heap        ] GC(483) Eden regions: 1->0(102)
[227.717s][info][gc,heap        ] GC(483) Survivor regions: 0->0(0)
[227.717s][info][gc,heap        ] GC(483) Old regions: 4->4
[227.717s][info][gc,heap        ] GC(483) Humongous regions: 0->0
[227.717s][info][gc,metaspace   ] GC(483) Metaspace: 661K(960K)->661K(960K) NonClass: 613K(768K)->613K(768K) Class: 47K(192K)->47K(192K)
[227.717s][info][gc             ] GC(483) Pause Full (System.gc()) 3M->1M(8192M) 18.255ms
[227.717s][info][gc,cpu         ] GC(483) User=0.04s Sys=0.00s Real=0.02s
[228.173s][info][gc,start       ] GC(484) Pause Full (System.gc())
[228.173s][info][gc,task        ] GC(484) Using 5 workers of 10 for full compaction
[228.173s][info][gc,phases,start] GC(484) Phase 1: Mark live objects
[228.176s][info][gc,phases      ] GC(484) Phase 1: Mark live objects 2.424ms
[228.176s][info][gc,phases,start] GC(484) Phase 2: Prepare compaction
[228.177s][info][gc,phases      ] GC(484) Phase 2: Prepare compaction 0.919ms
[228.177s][info][gc,phases,start] GC(484) Phase 3: Adjust pointers
[228.178s][info][gc,phases      ] GC(484) Phase 3: Adjust pointers 1.289ms
[228.178s][info][gc,phases,start] GC(484) Phase 4: Compact heap
[228.179s][info][gc,phases      ] GC(484) Phase 4: Compact heap 0.820ms
[228.179s][info][gc,phases,start] GC(484) Phase 5: Reset Metadata
[228.181s][info][gc,phases      ] GC(484) Phase 5: Reset Metadata 2.114ms
[228.192s][info][gc,heap        ] GC(484) Eden regions: 1->0(102)
[228.192s][info][gc,heap        ] GC(484) Survivor regions: 0->0(0)
[228.192s][info][gc,heap        ] GC(484) Old regions: 4->4
[228.192s][info][gc,heap        ] GC(484) Humongous regions: 0->0
[228.192s][info][gc,metaspace   ] GC(484) Metaspace: 666K(960K)->666K(960K) NonClass: 617K(768K)->617K(768K) Class: 49K(192K)->49K(192K)
[228.192s][info][gc             ] GC(484) Pause Full (System.gc()) 3M->1M(8192M) 19.291ms
[228.192s][info][gc,cpu         ] GC(484) User=0.05s Sys=0.01s Real=0.02s
[228.647s][info][gc,start       ] GC(485) Pause Full (System.gc())
[228.647s][info][gc,task        ] GC(485) Using 5 workers of 10 for full compaction
[228.647s][info][gc,phases,start] GC(485) Phase 1: Mark live objects
[228.650s][info][gc,phases      ] GC(485) Phase 1: Mark live objects 2.309ms
[228.650s][info][gc,phases,start] GC(485) Phase 2: Prepare compaction
[228.651s][info][gc,phases      ] GC(485) Phase 2: Prepare compaction 0.803ms
[228.651s][info][gc,phases,start] GC(485) Phase 3: Adjust pointers
[228.652s][info][gc,phases      ] GC(485) Phase 3: Adjust pointers 1.281ms
[228.652s][info][gc,phases,start] GC(485) Phase 4: Compact heap
[228.653s][info][gc,phases      ] GC(485) Phase 4: Compact heap 0.734ms
[228.653s][info][gc,phases,start] GC(485) Phase 5: Reset Metadata
[228.655s][info][gc,phases      ] GC(485) Phase 5: Reset Metadata 2.027ms
[228.665s][info][gc,heap        ] GC(485) Eden regions: 1->0(102)
[228.665s][info][gc,heap        ] GC(485) Survivor regions: 0->0(0)
[228.665s][info][gc,heap        ] GC(485) Old regions: 4->4
[228.665s][info][gc,heap        ] GC(485) Humongous regions: 0->0
[228.665s][info][gc,metaspace   ] GC(485) Metaspace: 671K(960K)->671K(960K) NonClass: 620K(768K)->620K(768K) Class: 50K(192K)->50K(192K)
[228.665s][info][gc             ] GC(485) Pause Full (System.gc()) 3M->1M(8192M) 17.972ms
[228.665s][info][gc,cpu         ] GC(485) User=0.05s Sys=0.00s Real=0.01s
[229.118s][info][gc,start       ] GC(486) Pause Full (System.gc())
[229.119s][info][gc,task        ] GC(486) Using 5 workers of 10 for full compaction
[229.119s][info][gc,phases,start] GC(486) Phase 1: Mark live objects
[229.121s][info][gc,phases      ] GC(486) Phase 1: Mark live objects 2.342ms
[229.121s][info][gc,phases,start] GC(486) Phase 2: Prepare compaction
[229.122s][info][gc,phases      ] GC(486) Phase 2: Prepare compaction 0.785ms
[229.122s][info][gc,phases,start] GC(486) Phase 3: Adjust pointers
[229.123s][info][gc,phases      ] GC(486) Phase 3: Adjust pointers 1.284ms
[229.123s][info][gc,phases,start] GC(486) Phase 4: Compact heap
[229.124s][info][gc,phases      ] GC(486) Phase 4: Compact heap 0.854ms
[229.124s][info][gc,phases,start] GC(486) Phase 5: Reset Metadata
[229.126s][info][gc,phases      ] GC(486) Phase 5: Reset Metadata 1.994ms
[229.137s][info][gc,heap        ] GC(486) Eden regions: 1->0(102)
[229.137s][info][gc,heap        ] GC(486) Survivor regions: 0->0(0)
[229.137s][info][gc,heap        ] GC(486) Old regions: 4->4
[229.137s][info][gc,heap        ] GC(486) Humongous regions: 0->0
[229.137s][info][gc,metaspace   ] GC(486) Metaspace: 676K(1024K)->676K(1024K) NonClass: 623K(832K)->623K(832K) Class: 52K(192K)->52K(192K)
[229.137s][info][gc             ] GC(486) Pause Full (System.gc()) 3M->1M(8192M) 18.467ms
[229.137s][info][gc,cpu         ] GC(486) User=0.05s Sys=0.00s Real=0.02s
[229.590s][info][gc,start       ] GC(487) Pause Full (System.gc())
[229.590s][info][gc,task        ] GC(487) Using 5 workers of 10 for full compaction
[229.590s][info][gc,phases,start] GC(487) Phase 1: Mark live objects
[229.594s][info][gc,phases      ] GC(487) Phase 1: Mark live objects 3.545ms
[229.594s][info][gc,phases,start] GC(487) Phase 2: Prepare compaction
[229.594s][info][gc,phases      ] GC(487) Phase 2: Prepare compaction 0.400ms
[229.594s][info][gc,phases,start] GC(487) Phase 3: Adjust pointers
[229.595s][info][gc,phases      ] GC(487) Phase 3: Adjust pointers 0.895ms
[229.595s][info][gc,phases,start] GC(487) Phase 4: Compact heap
[229.596s][info][gc,phases      ] GC(487) Phase 4: Compact heap 0.444ms
[229.596s][info][gc,phases,start] GC(487) Phase 5: Reset Metadata
[229.597s][info][gc,phases      ] GC(487) Phase 5: Reset Metadata 1.620ms
[229.606s][info][gc,heap        ] GC(487) Eden regions: 1->0(102)
[229.607s][info][gc,heap        ] GC(487) Survivor regions: 0->0(0)
[229.607s][info][gc,heap        ] GC(487) Old regions: 4->4
[229.607s][info][gc,heap        ] GC(487) Humongous regions: 0->0
[229.607s][info][gc,metaspace   ] GC(487) Metaspace: 681K(1024K)->652K(1024K) NonClass: 627K(832K)->611K(832K) Class: 54K(192K)->41K(192K)
[229.607s][info][gc             ] GC(487) Pause Full (System.gc()) 3M->1M(8192M) 17.028ms
[229.607s][info][gc,cpu         ] GC(487) User=0.04s Sys=0.00s Real=0.02s
[230.063s][info][gc,start       ] GC(488) Pause Full (System.gc())
[230.063s][info][gc,task        ] GC(488) Using 5 workers of 10 for full compaction
[230.064s][info][gc,phases,start] GC(488) Phase 1: Mark live objects
[230.066s][info][gc,phases      ] GC(488) Phase 1: Mark live objects 2.853ms
[230.066s][info][gc,phases,start] GC(488) Phase 2: Prepare compaction
[230.067s][info][gc,phases      ] GC(488) Phase 2: Prepare compaction 0.839ms
[230.067s][info][gc,phases,start] GC(488) Phase 3: Adjust pointers
[230.069s][info][gc,phases      ] GC(488) Phase 3: Adjust pointers 1.537ms
[230.069s][info][gc,phases,start] GC(488) Phase 4: Compact heap
[230.070s][info][gc,phases      ] GC(488) Phase 4: Compact heap 0.702ms
[230.070s][info][gc,phases,start] GC(488) Phase 5: Reset Metadata
[230.072s][info][gc,phases      ] GC(488) Phase 5: Reset Metadata 2.111ms
[230.083s][info][gc,heap        ] GC(488) Eden regions: 1->0(102)
[230.083s][info][gc,heap        ] GC(488) Survivor regions: 0->0(0)
[230.083s][info][gc,heap        ] GC(488) Old regions: 4->4
[230.083s][info][gc,heap        ] GC(488) Humongous regions: 0->0
[230.083s][info][gc,metaspace   ] GC(488) Metaspace: 657K(1024K)->654K(1024K) NonClass: 614K(832K)->613K(832K) Class: 42K(192K)->41K(192K)
[230.083s][info][gc             ] GC(488) Pause Full (System.gc()) 3M->1M(8192M) 19.546ms
[230.083s][info][gc,cpu         ] GC(488) User=0.05s Sys=0.01s Real=0.02s
[230.541s][info][gc,start       ] GC(489) Pause Full (System.gc())
[230.541s][info][gc,task        ] GC(489) Using 5 workers of 10 for full compaction
[230.541s][info][gc,phases,start] GC(489) Phase 1: Mark live objects
[230.544s][info][gc,phases      ] GC(489) Phase 1: Mark live objects 2.709ms
[230.544s][info][gc,phases,start] GC(489) Phase 2: Prepare compaction
[230.545s][info][gc,phases      ] GC(489) Phase 2: Prepare compaction 0.788ms
[230.545s][info][gc,phases,start] GC(489) Phase 3: Adjust pointers
[230.546s][info][gc,phases      ] GC(489) Phase 3: Adjust pointers 1.578ms
[230.546s][info][gc,phases,start] GC(489) Phase 4: Compact heap
[230.547s][info][gc,phases      ] GC(489) Phase 4: Compact heap 0.912ms
[230.547s][info][gc,phases,start] GC(489) Phase 5: Reset Metadata
[230.550s][info][gc,phases      ] GC(489) Phase 5: Reset Metadata 2.500ms
[230.560s][info][gc,heap        ] GC(489) Eden regions: 1->0(102)
[230.560s][info][gc,heap        ] GC(489) Survivor regions: 0->0(0)
[230.560s][info][gc,heap        ] GC(489) Old regions: 4->4
[230.560s][info][gc,heap        ] GC(489) Humongous regions: 0->0
[230.560s][info][gc,metaspace   ] GC(489) Metaspace: 659K(1024K)->657K(1024K) NonClass: 616K(832K)->614K(832K) Class: 43K(192K)->42K(192K)
[230.560s][info][gc             ] GC(489) Pause Full (System.gc()) 3M->1M(8192M) 19.396ms
[230.560s][info][gc,cpu         ] GC(489) User=0.04s Sys=0.00s Real=0.02s
[231.017s][info][gc,start       ] GC(490) Pause Full (System.gc())
[231.017s][info][gc,task        ] GC(490) Using 5 workers of 10 for full compaction
[231.017s][info][gc,phases,start] GC(490) Phase 1: Mark live objects
[231.020s][info][gc,phases      ] GC(490) Phase 1: Mark live objects 3.250ms
[231.020s][info][gc,phases,start] GC(490) Phase 2: Prepare compaction
[231.021s][info][gc,phases      ] GC(490) Phase 2: Prepare compaction 1.167ms
[231.022s][info][gc,phases,start] GC(490) Phase 3: Adjust pointers
[231.023s][info][gc,phases      ] GC(490) Phase 3: Adjust pointers 1.669ms
[231.023s][info][gc,phases,start] GC(490) Phase 4: Compact heap
[231.025s][info][gc,phases      ] GC(490) Phase 4: Compact heap 1.835ms
[231.025s][info][gc,phases,start] GC(490) Phase 5: Reset Metadata
[231.028s][info][gc,phases      ] GC(490) Phase 5: Reset Metadata 3.267ms
[231.038s][info][gc,heap        ] GC(490) Eden regions: 1->0(102)
[231.038s][info][gc,heap        ] GC(490) Survivor regions: 0->0(0)
[231.038s][info][gc,heap        ] GC(490) Old regions: 4->4
[231.038s][info][gc,heap        ] GC(490) Humongous regions: 0->0
[231.038s][info][gc,metaspace   ] GC(490) Metaspace: 662K(1024K)->659K(1024K) NonClass: 618K(832K)->616K(832K) Class: 43K(192K)->42K(192K)
[231.038s][info][gc             ] GC(490) Pause Full (System.gc()) 3M->1M(8192M) 21.208ms
[231.038s][info][gc,cpu         ] GC(490) User=0.04s Sys=0.00s Real=0.02s
[231.494s][info][gc,start       ] GC(491) Pause Full (System.gc())
[231.495s][info][gc,task        ] GC(491) Using 5 workers of 10 for full compaction
[231.495s][info][gc,phases,start] GC(491) Phase 1: Mark live objects
[231.498s][info][gc,phases      ] GC(491) Phase 1: Mark live objects 2.879ms
[231.498s][info][gc,phases,start] GC(491) Phase 2: Prepare compaction
[231.499s][info][gc,phases      ] GC(491) Phase 2: Prepare compaction 0.811ms
[231.499s][info][gc,phases,start] GC(491) Phase 3: Adjust pointers
[231.500s][info][gc,phases      ] GC(491) Phase 3: Adjust pointers 1.787ms
[231.501s][info][gc,phases,start] GC(491) Phase 4: Compact heap
[231.501s][info][gc,phases      ] GC(491) Phase 4: Compact heap 0.736ms
[231.501s][info][gc,phases,start] GC(491) Phase 5: Reset Metadata
[231.503s][info][gc,phases      ] GC(491) Phase 5: Reset Metadata 2.134ms
[231.514s][info][gc,heap        ] GC(491) Eden regions: 1->0(102)
[231.514s][info][gc,heap        ] GC(491) Survivor regions: 0->0(0)
[231.514s][info][gc,heap        ] GC(491) Old regions: 4->4
[231.514s][info][gc,heap        ] GC(491) Humongous regions: 0->0
[231.514s][info][gc,metaspace   ] GC(491) Metaspace: 664K(1024K)->661K(1024K) NonClass: 619K(832K)->618K(832K) Class: 44K(192K)->43K(192K)
[231.514s][info][gc             ] GC(491) Pause Full (System.gc()) 3M->1M(8192M) 19.759ms
[231.514s][info][gc,cpu         ] GC(491) User=0.05s Sys=0.01s Real=0.02s
[231.970s][info][gc,start       ] GC(492) Pause Full (System.gc())
[231.971s][info][gc,task        ] GC(492) Using 5 workers of 10 for full compaction
[231.971s][info][gc,phases,start] GC(492) Phase 1: Mark live objects
[231.974s][info][gc,phases      ] GC(492) Phase 1: Mark live objects 3.214ms
[231.974s][info][gc,phases,start] GC(492) Phase 2: Prepare compaction
[231.975s][info][gc,phases      ] GC(492) Phase 2: Prepare compaction 1.165ms
[231.975s][info][gc,phases,start] GC(492) Phase 3: Adjust pointers
[231.977s][info][gc,phases      ] GC(492) Phase 3: Adjust pointers 2.108ms
[231.977s][info][gc,phases,start] GC(492) Phase 4: Compact heap
[231.978s][info][gc,phases      ] GC(492) Phase 4: Compact heap 0.929ms
[231.978s][info][gc,phases,start] GC(492) Phase 5: Reset Metadata
[231.980s][info][gc,phases      ] GC(492) Phase 5: Reset Metadata 1.676ms
[231.990s][info][gc,heap        ] GC(492) Eden regions: 1->0(102)
[231.991s][info][gc,heap        ] GC(492) Survivor regions: 0->0(0)
[231.991s][info][gc,heap        ] GC(492) Old regions: 4->4
[231.991s][info][gc,heap        ] GC(492) Humongous regions: 0->0
[231.991s][info][gc,metaspace   ] GC(492) Metaspace: 666K(1024K)->663K(1024K) NonClass: 621K(832K)->620K(832K) Class: 44K(192K)->43K(192K)
[231.991s][info][gc             ] GC(492) Pause Full (System.gc()) 3M->1M(8192M) 20.181ms
[231.991s][info][gc,cpu         ] GC(492) User=0.05s Sys=0.00s Real=0.02s
[232.447s][info][gc,start       ] GC(493) Pause Full (System.gc())
[232.447s][info][gc,task        ] GC(493) Using 5 workers of 10 for full compaction
[232.447s][info][gc,phases,start] GC(493) Phase 1: Mark live objects
[232.452s][info][gc,phases      ] GC(493) Phase 1: Mark live objects 4.670ms
[232.452s][info][gc,phases,start] GC(493) Phase 2: Prepare compaction
[232.453s][info][gc,phases      ] GC(493) Phase 2: Prepare compaction 0.905ms
[232.453s][info][gc,phases,start] GC(493) Phase 3: Adjust pointers
[232.455s][info][gc,phases      ] GC(493) Phase 3: Adjust pointers 2.516ms
[232.455s][info][gc,phases,start] GC(493) Phase 4: Compact heap
[232.456s][info][gc,phases      ] GC(493) Phase 4: Compact heap 0.558ms
[232.456s][info][gc,phases,start] GC(493) Phase 5: Reset Metadata
[232.458s][info][gc,phases      ] GC(493) Phase 5: Reset Metadata 1.756ms
[232.469s][info][gc,heap        ] GC(493) Eden regions: 1->0(102)
[232.469s][info][gc,heap        ] GC(493) Survivor regions: 0->0(0)
[232.469s][info][gc,heap        ] GC(493) Old regions: 4->4
[232.469s][info][gc,heap        ] GC(493) Humongous regions: 0->0
[232.469s][info][gc,metaspace   ] GC(493) Metaspace: 668K(1024K)->631K(960K) NonClass: 623K(832K)->594K(768K) Class: 45K(192K)->36K(192K)
[232.469s][info][gc             ] GC(493) Pause Full (System.gc()) 3M->1M(8192M) 22.500ms
[232.469s][info][gc,cpu         ] GC(493) User=0.05s Sys=0.00s Real=0.02s
[232.925s][info][gc,start       ] GC(494) Pause Full (System.gc())
[232.925s][info][gc,task        ] GC(494) Using 5 workers of 10 for full compaction
[232.926s][info][gc,phases,start] GC(494) Phase 1: Mark live objects
[232.929s][info][gc,phases      ] GC(494) Phase 1: Mark live objects 2.974ms
[232.929s][info][gc,phases,start] GC(494) Phase 2: Prepare compaction
[232.929s][info][gc,phases      ] GC(494) Phase 2: Prepare compaction 0.473ms
[232.929s][info][gc,phases,start] GC(494) Phase 3: Adjust pointers
[232.930s][info][gc,phases      ] GC(494) Phase 3: Adjust pointers 1.056ms
[232.930s][info][gc,phases,start] GC(494) Phase 4: Compact heap
[232.931s][info][gc,phases      ] GC(494) Phase 4: Compact heap 0.498ms
[232.931s][info][gc,phases,start] GC(494) Phase 5: Reset Metadata
[232.934s][info][gc,phases      ] GC(494) Phase 5: Reset Metadata 2.716ms
[232.943s][info][gc,heap        ] GC(494) Eden regions: 1->0(102)
[232.943s][info][gc,heap        ] GC(494) Survivor regions: 0->0(0)
[232.943s][info][gc,heap        ] GC(494) Old regions: 4->4
[232.943s][info][gc,heap        ] GC(494) Humongous regions: 0->0
[232.943s][info][gc,metaspace   ] GC(494) Metaspace: 636K(960K)->633K(960K) NonClass: 597K(768K)->595K(768K) Class: 38K(192K)->37K(192K)
[232.943s][info][gc             ] GC(494) Pause Full (System.gc()) 3M->1M(8192M) 17.781ms
[232.943s][info][gc,cpu         ] GC(494) User=0.04s Sys=0.00s Real=0.02s
[233.400s][info][gc,start       ] GC(495) Pause Full (System.gc())
[233.400s][info][gc,task        ] GC(495) Using 5 workers of 10 for full compaction
[233.401s][info][gc,phases,start] GC(495) Phase 1: Mark live objects
[233.405s][info][gc,phases      ] GC(495) Phase 1: Mark live objects 4.532ms
[233.405s][info][gc,phases,start] GC(495) Phase 2: Prepare compaction
[233.407s][info][gc,phases      ] GC(495) Phase 2: Prepare compaction 1.438ms
[233.407s][info][gc,phases,start] GC(495) Phase 3: Adjust pointers
[233.409s][info][gc,phases      ] GC(495) Phase 3: Adjust pointers 1.610ms
[233.409s][info][gc,phases,start] GC(495) Phase 4: Compact heap
[233.409s][info][gc,phases      ] GC(495) Phase 4: Compact heap 0.746ms
[233.409s][info][gc,phases,start] GC(495) Phase 5: Reset Metadata
[233.411s][info][gc,phases      ] GC(495) Phase 5: Reset Metadata 1.978ms
[233.422s][info][gc,heap        ] GC(495) Eden regions: 1->0(102)
[233.422s][info][gc,heap        ] GC(495) Survivor regions: 0->0(0)
[233.422s][info][gc,heap        ] GC(495) Old regions: 4->4
[233.422s][info][gc,heap        ] GC(495) Humongous regions: 0->0
[233.422s][info][gc,metaspace   ] GC(495) Metaspace: 638K(960K)->634K(960K) NonClass: 598K(768K)->596K(768K) Class: 39K(192K)->38K(192K)
[233.422s][info][gc             ] GC(495) Pause Full (System.gc()) 3M->1M(8192M) 21.592ms
[233.422s][info][gc,cpu         ] GC(495) User=0.04s Sys=0.00s Real=0.02s
[233.877s][info][gc,start       ] GC(496) Pause Full (System.gc())
[233.877s][info][gc,task        ] GC(496) Using 5 workers of 10 for full compaction
[233.877s][info][gc,phases,start] GC(496) Phase 1: Mark live objects
[233.881s][info][gc,phases      ] GC(496) Phase 1: Mark live objects 3.797ms
[233.881s][info][gc,phases,start] GC(496) Phase 2: Prepare compaction
[233.882s][info][gc,phases      ] GC(496) Phase 2: Prepare compaction 1.342ms
[233.882s][info][gc,phases,start] GC(496) Phase 3: Adjust pointers
[233.885s][info][gc,phases      ] GC(496) Phase 3: Adjust pointers 2.559ms
[233.885s][info][gc,phases,start] GC(496) Phase 4: Compact heap
[233.886s][info][gc,phases      ] GC(496) Phase 4: Compact heap 1.036ms
[233.886s][info][gc,phases,start] GC(496) Phase 5: Reset Metadata
[233.888s][info][gc,phases      ] GC(496) Phase 5: Reset Metadata 1.854ms
[233.898s][info][gc,heap        ] GC(496) Eden regions: 1->0(102)
[233.898s][info][gc,heap        ] GC(496) Survivor regions: 0->0(0)
[233.898s][info][gc,heap        ] GC(496) Old regions: 4->4
[233.898s][info][gc,heap        ] GC(496) Humongous regions: 0->0
[233.898s][info][gc,metaspace   ] GC(496) Metaspace: 639K(960K)->636K(960K) NonClass: 599K(768K)->597K(768K) Class: 40K(192K)->39K(192K)
[233.898s][info][gc             ] GC(496) Pause Full (System.gc()) 3M->1M(8192M) 21.763ms
[233.898s][info][gc,cpu         ] GC(496) User=0.04s Sys=0.01s Real=0.02s
[234.355s][info][gc,start       ] GC(497) Pause Full (System.gc())
[234.355s][info][gc,task        ] GC(497) Using 5 workers of 10 for full compaction
[234.355s][info][gc,phases,start] GC(497) Phase 1: Mark live objects
[234.359s][info][gc,phases      ] GC(497) Phase 1: Mark live objects 3.694ms
[234.359s][info][gc,phases,start] GC(497) Phase 2: Prepare compaction
[234.361s][info][gc,phases      ] GC(497) Phase 2: Prepare compaction 1.738ms
[234.361s][info][gc,phases,start] GC(497) Phase 3: Adjust pointers
[234.363s][info][gc,phases      ] GC(497) Phase 3: Adjust pointers 1.918ms
[234.363s][info][gc,phases,start] GC(497) Phase 4: Compact heap
[234.364s][info][gc,phases      ] GC(497) Phase 4: Compact heap 1.109ms
[234.364s][info][gc,phases,start] GC(497) Phase 5: Reset Metadata
[234.368s][info][gc,phases      ] GC(497) Phase 5: Reset Metadata 3.465ms
[234.379s][info][gc,heap        ] GC(497) Eden regions: 1->0(102)
[234.379s][info][gc,heap        ] GC(497) Survivor regions: 0->0(0)
[234.379s][info][gc,heap        ] GC(497) Old regions: 4->4
[234.379s][info][gc,heap        ] GC(497) Humongous regions: 0->0
[234.379s][info][gc,metaspace   ] GC(497) Metaspace: 641K(960K)->641K(960K) NonClass: 600K(768K)->600K(768K) Class: 40K(192K)->40K(192K)
[234.379s][info][gc             ] GC(497) Pause Full (System.gc()) 3M->1M(8192M) 23.743ms
[234.379s][info][gc,cpu         ] GC(497) User=0.05s Sys=0.00s Real=0.03s
[234.833s][info][gc,start       ] GC(498) Pause Full (System.gc())
[234.833s][info][gc,task        ] GC(498) Using 5 workers of 10 for full compaction
[234.833s][info][gc,phases,start] GC(498) Phase 1: Mark live objects
[234.835s][info][gc,phases      ] GC(498) Phase 1: Mark live objects 1.834ms
[234.835s][info][gc,phases,start] GC(498) Phase 2: Prepare compaction
[234.835s][info][gc,phases      ] GC(498) Phase 2: Prepare compaction 0.371ms
[234.835s][info][gc,phases,start] GC(498) Phase 3: Adjust pointers
[234.836s][info][gc,phases      ] GC(498) Phase 3: Adjust pointers 0.961ms
[234.836s][info][gc,phases,start] GC(498) Phase 4: Compact heap
[234.837s][info][gc,phases      ] GC(498) Phase 4: Compact heap 0.282ms
[234.837s][info][gc,phases,start] GC(498) Phase 5: Reset Metadata
[234.839s][info][gc,phases      ] GC(498) Phase 5: Reset Metadata 2.455ms
[234.848s][info][gc,heap        ] GC(498) Eden regions: 1->0(102)
[234.848s][info][gc,heap        ] GC(498) Survivor regions: 0->0(0)
[234.848s][info][gc,heap        ] GC(498) Old regions: 4->4
[234.848s][info][gc,heap        ] GC(498) Humongous regions: 0->0
[234.848s][info][gc,metaspace   ] GC(498) Metaspace: 646K(960K)->644K(960K) NonClass: 604K(768K)->603K(768K) Class: 42K(192K)->41K(192K)
[234.848s][info][gc             ] GC(498) Pause Full (System.gc()) 3M->1M(8192M) 15.593ms
[234.848s][info][gc,cpu         ] GC(498) User=0.04s Sys=0.00s Real=0.02s
[235.304s][info][gc,start       ] GC(499) Pause Full (System.gc())
[235.305s][info][gc,task        ] GC(499) Using 5 workers of 10 for full compaction
[235.305s][info][gc,phases,start] GC(499) Phase 1: Mark live objects
[235.307s][info][gc,phases      ] GC(499) Phase 1: Mark live objects 1.725ms
[235.307s][info][gc,phases,start] GC(499) Phase 2: Prepare compaction
[235.307s][info][gc,phases      ] GC(499) Phase 2: Prepare compaction 0.441ms
[235.307s][info][gc,phases,start] GC(499) Phase 3: Adjust pointers
[235.308s][info][gc,phases      ] GC(499) Phase 3: Adjust pointers 0.716ms
[235.308s][info][gc,phases,start] GC(499) Phase 4: Compact heap
[235.308s][info][gc,phases      ] GC(499) Phase 4: Compact heap 0.356ms
[235.308s][info][gc,phases,start] GC(499) Phase 5: Reset Metadata
[235.310s][info][gc,phases      ] GC(499) Phase 5: Reset Metadata 1.595ms
[235.321s][info][gc,heap        ] GC(499) Eden regions: 1->0(102)
[235.321s][info][gc,heap        ] GC(499) Survivor regions: 0->0(0)
[235.321s][info][gc,heap        ] GC(499) Old regions: 4->4
[235.321s][info][gc,heap        ] GC(499) Humongous regions: 0->0
[235.321s][info][gc,metaspace   ] GC(499) Metaspace: 649K(960K)->648K(960K) NonClass: 606K(768K)->606K(768K) Class: 43K(192K)->42K(192K)
[235.321s][info][gc             ] GC(499) Pause Full (System.gc()) 3M->1M(8192M) 16.800ms
[235.321s][info][gc,cpu         ] GC(499) User=0.04s Sys=0.01s Real=0.02s
[235.773s][info][gc,start       ] GC(500) Pause Full (System.gc())
[235.774s][info][gc,task        ] GC(500) Using 5 workers of 10 for full compaction
[235.774s][info][gc,phases,start] GC(500) Phase 1: Mark live objects
[235.776s][info][gc,phases      ] GC(500) Phase 1: Mark live objects 2.217ms
[235.776s][info][gc,phases,start] GC(500) Phase 2: Prepare compaction
[235.776s][info][gc,phases      ] GC(500) Phase 2: Prepare compaction 0.376ms
[235.776s][info][gc,phases,start] GC(500) Phase 3: Adjust pointers
[235.777s][info][gc,phases      ] GC(500) Phase 3: Adjust pointers 0.744ms
[235.777s][info][gc,phases,start] GC(500) Phase 4: Compact heap
[235.778s][info][gc,phases      ] GC(500) Phase 4: Compact heap 0.288ms
[235.778s][info][gc,phases,start] GC(500) Phase 5: Reset Metadata
[235.779s][info][gc,phases      ] GC(500) Phase 5: Reset Metadata 1.637ms
[235.790s][info][gc,heap        ] GC(500) Eden regions: 1->0(102)
[235.790s][info][gc,heap        ] GC(500) Survivor regions: 0->0(0)
[235.790s][info][gc,heap        ] GC(500) Old regions: 4->4
[235.790s][info][gc,heap        ] GC(500) Humongous regions: 0->0
[235.790s][info][gc,metaspace   ] GC(500) Metaspace: 653K(960K)->653K(960K) NonClass: 609K(768K)->608K(768K) Class: 44K(192K)->44K(192K)
[235.790s][info][gc             ] GC(500) Pause Full (System.gc()) 3M->1M(8192M) 16.271ms
[235.790s][info][gc,cpu         ] GC(500) User=0.04s Sys=0.00s Real=0.02s
[236.246s][info][gc,start       ] GC(501) Pause Full (System.gc())
[236.246s][info][gc,task        ] GC(501) Using 5 workers of 10 for full compaction
[236.246s][info][gc,phases,start] GC(501) Phase 1: Mark live objects
[236.248s][info][gc,phases      ] GC(501) Phase 1: Mark live objects 1.947ms
[236.248s][info][gc,phases,start] GC(501) Phase 2: Prepare compaction
[236.249s][info][gc,phases      ] GC(501) Phase 2: Prepare compaction 0.465ms
[236.249s][info][gc,phases,start] GC(501) Phase 3: Adjust pointers
[236.250s][info][gc,phases      ] GC(501) Phase 3: Adjust pointers 0.980ms
[236.250s][info][gc,phases,start] GC(501) Phase 4: Compact heap
[236.250s][info][gc,phases      ] GC(501) Phase 4: Compact heap 0.553ms
[236.250s][info][gc,phases,start] GC(501) Phase 5: Reset Metadata
[236.252s][info][gc,phases      ] GC(501) Phase 5: Reset Metadata 2.105ms
[236.263s][info][gc,heap        ] GC(501) Eden regions: 1->0(102)
[236.263s][info][gc,heap        ] GC(501) Survivor regions: 0->0(0)
[236.263s][info][gc,heap        ] GC(501) Old regions: 4->4
[236.263s][info][gc,heap        ] GC(501) Humongous regions: 0->0
[236.263s][info][gc,metaspace   ] GC(501) Metaspace: 658K(960K)->657K(960K) NonClass: 612K(768K)->611K(768K) Class: 45K(192K)->45K(192K)
[236.263s][info][gc             ] GC(501) Pause Full (System.gc()) 3M->1M(8192M) 16.907ms
[236.263s][info][gc,cpu         ] GC(501) User=0.04s Sys=0.00s Real=0.01s
[236.719s][info][gc,start       ] GC(502) Pause Full (System.gc())
[236.719s][info][gc,task        ] GC(502) Using 5 workers of 10 for full compaction
[236.720s][info][gc,phases,start] GC(502) Phase 1: Mark live objects
[236.723s][info][gc,phases      ] GC(502) Phase 1: Mark live objects 3.098ms
[236.723s][info][gc,phases,start] GC(502) Phase 2: Prepare compaction
[236.724s][info][gc,phases      ] GC(502) Phase 2: Prepare compaction 0.832ms
[236.724s][info][gc,phases,start] GC(502) Phase 3: Adjust pointers
[236.726s][info][gc,phases      ] GC(502) Phase 3: Adjust pointers 1.827ms
[236.726s][info][gc,phases,start] GC(502) Phase 4: Compact heap
[236.727s][info][gc,phases      ] GC(502) Phase 4: Compact heap 1.018ms
[236.727s][info][gc,phases,start] GC(502) Phase 5: Reset Metadata
[236.729s][info][gc,phases      ] GC(502) Phase 5: Reset Metadata 2.519ms
[236.738s][info][gc,heap        ] GC(502) Eden regions: 1->0(102)
[236.738s][info][gc,heap        ] GC(502) Survivor regions: 0->0(0)
[236.738s][info][gc,heap        ] GC(502) Old regions: 4->4
[236.738s][info][gc,heap        ] GC(502) Humongous regions: 0->0
[236.738s][info][gc,metaspace   ] GC(502) Metaspace: 662K(960K)->643K(960K) NonClass: 615K(768K)->604K(768K) Class: 47K(192K)->39K(192K)
[236.738s][info][gc             ] GC(502) Pause Full (System.gc()) 3M->1M(8192M) 18.683ms
[236.738s][info][gc,cpu         ] GC(502) User=0.04s Sys=0.01s Real=0.02s
[237.190s][info][gc,start       ] GC(503) Pause Full (System.gc())
[237.190s][info][gc,task        ] GC(503) Using 5 workers of 10 for full compaction
[237.190s][info][gc,phases,start] GC(503) Phase 1: Mark live objects
[237.192s][info][gc,phases      ] GC(503) Phase 1: Mark live objects 2.239ms
[237.193s][info][gc,phases,start] GC(503) Phase 2: Prepare compaction
[237.193s][info][gc,phases      ] GC(503) Phase 2: Prepare compaction 0.795ms
[237.193s][info][gc,phases,start] GC(503) Phase 3: Adjust pointers
[237.195s][info][gc,phases      ] GC(503) Phase 3: Adjust pointers 1.245ms
[237.195s][info][gc,phases,start] GC(503) Phase 4: Compact heap
[237.195s][info][gc,phases      ] GC(503) Phase 4: Compact heap 0.689ms
[237.195s][info][gc,phases,start] GC(503) Phase 5: Reset Metadata
[237.197s][info][gc,phases      ] GC(503) Phase 5: Reset Metadata 1.842ms
[237.203s][info][gc,heap        ] GC(503) Eden regions: 1->0(102)
[237.203s][info][gc,heap        ] GC(503) Survivor regions: 0->0(0)
[237.203s][info][gc,heap        ] GC(503) Old regions: 4->4
[237.203s][info][gc,heap        ] GC(503) Humongous regions: 0->0
[237.203s][info][gc,metaspace   ] GC(503) Metaspace: 648K(960K)->645K(960K) NonClass: 607K(768K)->605K(768K) Class: 40K(192K)->39K(192K)
[237.203s][info][gc             ] GC(503) Pause Full (System.gc()) 3M->1M(8192M) 13.156ms
[237.203s][info][gc,cpu         ] GC(503) User=0.03s Sys=0.00s Real=0.01s
[237.660s][info][gc,start       ] GC(504) Pause Full (System.gc())
[237.660s][info][gc,task        ] GC(504) Using 5 workers of 10 for full compaction
[237.661s][info][gc,phases,start] GC(504) Phase 1: Mark live objects
[237.666s][info][gc,phases      ] GC(504) Phase 1: Mark live objects 5.362ms
[237.666s][info][gc,phases,start] GC(504) Phase 2: Prepare compaction
[237.667s][info][gc,phases      ] GC(504) Phase 2: Prepare compaction 0.794ms
[237.667s][info][gc,phases,start] GC(504) Phase 3: Adjust pointers
[237.667s][info][gc,phases      ] GC(504) Phase 3: Adjust pointers 0.694ms
[237.667s][info][gc,phases,start] GC(504) Phase 4: Compact heap
[237.668s][info][gc,phases      ] GC(504) Phase 4: Compact heap 0.386ms
[237.668s][info][gc,phases,start] GC(504) Phase 5: Reset Metadata
[237.670s][info][gc,phases      ] GC(504) Phase 5: Reset Metadata 2.071ms
[237.683s][info][gc,heap        ] GC(504) Eden regions: 1->0(102)
[237.683s][info][gc,heap        ] GC(504) Survivor regions: 0->0(0)
[237.683s][info][gc,heap        ] GC(504) Old regions: 4->4
[237.683s][info][gc,heap        ] GC(504) Humongous regions: 0->0
[237.683s][info][gc,metaspace   ] GC(504) Metaspace: 650K(960K)->650K(960K) NonClass: 609K(768K)->609K(768K) Class: 41K(192K)->41K(192K)
[237.683s][info][gc             ] GC(504) Pause Full (System.gc()) 3M->1M(8192M) 23.016ms
[237.683s][info][gc,cpu         ] GC(504) User=0.04s Sys=0.00s Real=0.02s
[238.139s][info][gc,start       ] GC(505) Pause Full (System.gc())
[238.140s][info][gc,task        ] GC(505) Using 5 workers of 10 for full compaction
[238.140s][info][gc,phases,start] GC(505) Phase 1: Mark live objects
[238.143s][info][gc,phases      ] GC(505) Phase 1: Mark live objects 2.977ms
[238.143s][info][gc,phases,start] GC(505) Phase 2: Prepare compaction
[238.145s][info][gc,phases      ] GC(505) Phase 2: Prepare compaction 2.190ms
[238.145s][info][gc,phases,start] GC(505) Phase 3: Adjust pointers
[238.147s][info][gc,phases      ] GC(505) Phase 3: Adjust pointers 1.599ms
[238.147s][info][gc,phases,start] GC(505) Phase 4: Compact heap
[238.147s][info][gc,phases      ] GC(505) Phase 4: Compact heap 0.575ms
[238.147s][info][gc,phases,start] GC(505) Phase 5: Reset Metadata
[238.150s][info][gc,phases      ] GC(505) Phase 5: Reset Metadata 2.567ms
[238.160s][info][gc,heap        ] GC(505) Eden regions: 1->0(102)
[238.160s][info][gc,heap        ] GC(505) Survivor regions: 0->0(0)
[238.160s][info][gc,heap        ] GC(505) Old regions: 4->4
[238.160s][info][gc,heap        ] GC(505) Humongous regions: 0->0
[238.160s][info][gc,metaspace   ] GC(505) Metaspace: 655K(960K)->655K(960K) NonClass: 612K(768K)->612K(768K) Class: 43K(192K)->43K(192K)
[238.160s][info][gc             ] GC(505) Pause Full (System.gc()) 3M->1M(8192M) 20.590ms
[238.160s][info][gc,cpu         ] GC(505) User=0.03s Sys=0.01s Real=0.02s
[238.614s][info][gc,start       ] GC(506) Pause Full (System.gc())
[238.614s][info][gc,task        ] GC(506) Using 5 workers of 10 for full compaction
[238.614s][info][gc,phases,start] GC(506) Phase 1: Mark live objects
[238.617s][info][gc,phases      ] GC(506) Phase 1: Mark live objects 2.861ms
[238.618s][info][gc,phases,start] GC(506) Phase 2: Prepare compaction
[238.619s][info][gc,phases      ] GC(506) Phase 2: Prepare compaction 0.895ms
[238.619s][info][gc,phases,start] GC(506) Phase 3: Adjust pointers
[238.621s][info][gc,phases      ] GC(506) Phase 3: Adjust pointers 1.532ms
[238.621s][info][gc,phases,start] GC(506) Phase 4: Compact heap
[238.622s][info][gc,phases      ] GC(506) Phase 4: Compact heap 1.032ms
[238.622s][info][gc,phases,start] GC(506) Phase 5: Reset Metadata
[238.624s][info][gc,phases      ] GC(506) Phase 5: Reset Metadata 1.962ms
[238.635s][info][gc,heap        ] GC(506) Eden regions: 1->0(102)
[238.635s][info][gc,heap        ] GC(506) Survivor regions: 0->0(0)
[238.635s][info][gc,heap        ] GC(506) Old regions: 4->4
[238.635s][info][gc,heap        ] GC(506) Humongous regions: 0->0
[238.635s][info][gc,metaspace   ] GC(506) Metaspace: 660K(960K)->652K(960K) NonClass: 615K(768K)->611K(768K) Class: 44K(192K)->41K(192K)
[238.635s][info][gc             ] GC(506) Pause Full (System.gc()) 3M->1M(8192M) 21.071ms
[238.635s][info][gc,cpu         ] GC(506) User=0.04s Sys=0.00s Real=0.02s
[239.089s][info][gc,start       ] GC(507) Pause Full (System.gc())
[239.089s][info][gc,task        ] GC(507) Using 5 workers of 10 for full compaction
[239.089s][info][gc,phases,start] GC(507) Phase 1: Mark live objects
[239.092s][info][gc,phases      ] GC(507) Phase 1: Mark live objects 3.375ms
[239.092s][info][gc,phases,start] GC(507) Phase 2: Prepare compaction
[239.093s][info][gc,phases      ] GC(507) Phase 2: Prepare compaction 0.645ms
[239.093s][info][gc,phases,start] GC(507) Phase 3: Adjust pointers
[239.096s][info][gc,phases      ] GC(507) Phase 3: Adjust pointers 2.661ms
[239.096s][info][gc,phases,start] GC(507) Phase 4: Compact heap
[239.097s][info][gc,phases      ] GC(507) Phase 4: Compact heap 0.762ms
[239.097s][info][gc,phases,start] GC(507) Phase 5: Reset Metadata
[239.099s][info][gc,phases      ] GC(507) Phase 5: Reset Metadata 2.744ms
[239.110s][info][gc,heap        ] GC(507) Eden regions: 1->0(102)
[239.110s][info][gc,heap        ] GC(507) Survivor regions: 0->0(0)
[239.110s][info][gc,heap        ] GC(507) Old regions: 4->4
[239.110s][info][gc,heap        ] GC(507) Humongous regions: 0->0
[239.110s][info][gc,metaspace   ] GC(507) Metaspace: 657K(960K)->654K(960K) NonClass: 614K(768K)->613K(768K) Class: 42K(192K)->41K(192K)
[239.110s][info][gc             ] GC(507) Pause Full (System.gc()) 3M->1M(8192M) 21.247ms
[239.110s][info][gc,cpu         ] GC(507) User=0.04s Sys=0.00s Real=0.02s
[239.566s][info][gc,start       ] GC(508) Pause Full (System.gc())
[239.566s][info][gc,task        ] GC(508) Using 5 workers of 10 for full compaction
[239.566s][info][gc,phases,start] GC(508) Phase 1: Mark live objects
[239.569s][info][gc,phases      ] GC(508) Phase 1: Mark live objects 2.359ms
[239.569s][info][gc,phases,start] GC(508) Phase 2: Prepare compaction
[239.569s][info][gc,phases      ] GC(508) Phase 2: Prepare compaction 0.560ms
[239.569s][info][gc,phases,start] GC(508) Phase 3: Adjust pointers
[239.572s][info][gc,phases      ] GC(508) Phase 3: Adjust pointers 2.462ms
[239.572s][info][gc,phases,start] GC(508) Phase 4: Compact heap
[239.572s][info][gc,phases      ] GC(508) Phase 4: Compact heap 0.520ms
[239.572s][info][gc,phases,start] GC(508) Phase 5: Reset Metadata
[239.575s][info][gc,phases      ] GC(508) Phase 5: Reset Metadata 2.615ms
[239.586s][info][gc,heap        ] GC(508) Eden regions: 1->0(102)
[239.586s][info][gc,heap        ] GC(508) Survivor regions: 0->0(0)
[239.586s][info][gc,heap        ] GC(508) Old regions: 4->4
[239.586s][info][gc,heap        ] GC(508) Humongous regions: 0->0
[239.587s][info][gc,metaspace   ] GC(508) Metaspace: 659K(960K)->658K(960K) NonClass: 616K(768K)->615K(768K) Class: 43K(192K)->42K(192K)
[239.587s][info][gc             ] GC(508) Pause Full (System.gc()) 3M->1M(8192M) 20.544ms
[239.587s][info][gc,cpu         ] GC(508) User=0.04s Sys=0.01s Real=0.02s
[240.042s][info][gc,start       ] GC(509) Pause Full (System.gc())
[240.042s][info][gc,task        ] GC(509) Using 5 workers of 10 for full compaction
[240.042s][info][gc,phases,start] GC(509) Phase 1: Mark live objects
[240.045s][info][gc,phases      ] GC(509) Phase 1: Mark live objects 3.142ms
[240.045s][info][gc,phases,start] GC(509) Phase 2: Prepare compaction
[240.046s][info][gc,phases      ] GC(509) Phase 2: Prepare compaction 0.470ms
[240.046s][info][gc,phases,start] GC(509) Phase 3: Adjust pointers
[240.047s][info][gc,phases      ] GC(509) Phase 3: Adjust pointers 0.852ms
[240.047s][info][gc,phases,start] GC(509) Phase 4: Compact heap
[240.047s][info][gc,phases      ] GC(509) Phase 4: Compact heap 0.338ms
[240.047s][info][gc,phases,start] GC(509) Phase 5: Reset Metadata
[240.049s][info][gc,phases      ] GC(509) Phase 5: Reset Metadata 1.466ms
[240.057s][info][gc,heap        ] GC(509) Eden regions: 1->0(102)
[240.059s][info][gc,heap        ] GC(509) Survivor regions: 0->0(0)
[240.059s][info][gc,heap        ] GC(509) Old regions: 4->4
[240.059s][info][gc,heap        ] GC(509) Humongous regions: 0->0
[240.059s][info][gc,metaspace   ] GC(509) Metaspace: 663K(960K)->662K(960K) NonClass: 619K(768K)->618K(768K) Class: 44K(192K)->44K(192K)
[240.059s][info][gc             ] GC(509) Pause Full (System.gc()) 5M->1M(8192M) 16.835ms
[240.059s][info][gc,cpu         ] GC(509) User=0.04s Sys=0.00s Real=0.02s
[240.516s][info][gc,start       ] GC(510) Pause Full (System.gc())
[240.516s][info][gc,task        ] GC(510) Using 5 workers of 10 for full compaction
[240.516s][info][gc,phases,start] GC(510) Phase 1: Mark live objects
[240.519s][info][gc,phases      ] GC(510) Phase 1: Mark live objects 2.787ms
[240.519s][info][gc,phases,start] GC(510) Phase 2: Prepare compaction
[240.520s][info][gc,phases      ] GC(510) Phase 2: Prepare compaction 0.830ms
[240.520s][info][gc,phases,start] GC(510) Phase 3: Adjust pointers
[240.521s][info][gc,phases      ] GC(510) Phase 3: Adjust pointers 1.331ms
[240.521s][info][gc,phases,start] GC(510) Phase 4: Compact heap
[240.522s][info][gc,phases      ] GC(510) Phase 4: Compact heap 0.774ms
[240.522s][info][gc,phases,start] GC(510) Phase 5: Reset Metadata
[240.524s][info][gc,phases      ] GC(510) Phase 5: Reset Metadata 1.914ms
[240.534s][info][gc,heap        ] GC(510) Eden regions: 1->0(102)
[240.535s][info][gc,heap        ] GC(510) Survivor regions: 0->0(0)
[240.535s][info][gc,heap        ] GC(510) Old regions: 4->4
[240.535s][info][gc,heap        ] GC(510) Humongous regions: 0->0
[240.535s][info][gc,metaspace   ] GC(510) Metaspace: 667K(960K)->666K(960K) NonClass: 622K(768K)->621K(768K) Class: 45K(192K)->45K(192K)
[240.535s][info][gc             ] GC(510) Pause Full (System.gc()) 3M->1M(8192M) 18.824ms
[240.535s][info][gc,cpu         ] GC(510) User=0.05s Sys=0.00s Real=0.01s
[240.991s][info][gc,start       ] GC(511) Pause Full (System.gc())
[240.991s][info][gc,task        ] GC(511) Using 5 workers of 10 for full compaction
[240.992s][info][gc,phases,start] GC(511) Phase 1: Mark live objects
[240.995s][info][gc,phases      ] GC(511) Phase 1: Mark live objects 3.059ms
[240.995s][info][gc,phases,start] GC(511) Phase 2: Prepare compaction
[240.996s][info][gc,phases      ] GC(511) Phase 2: Prepare compaction 0.905ms
[240.996s][info][gc,phases,start] GC(511) Phase 3: Adjust pointers
[240.999s][info][gc,phases      ] GC(511) Phase 3: Adjust pointers 2.714ms
[240.999s][info][gc,phases,start] GC(511) Phase 4: Compact heap
[240.999s][info][gc,phases      ] GC(511) Phase 4: Compact heap 0.567ms
[240.999s][info][gc,phases,start] GC(511) Phase 5: Reset Metadata
[241.001s][info][gc,phases      ] GC(511) Phase 5: Reset Metadata 2.246ms
[241.014s][info][gc,heap        ] GC(511) Eden regions: 1->0(102)
[241.014s][info][gc,heap        ] GC(511) Survivor regions: 0->0(0)
[241.014s][info][gc,heap        ] GC(511) Old regions: 4->4
[241.014s][info][gc,heap        ] GC(511) Humongous regions: 0->0
[241.014s][info][gc,metaspace   ] GC(511) Metaspace: 671K(960K)->671K(960K) NonClass: 624K(768K)->624K(768K) Class: 47K(192K)->46K(192K)
[241.014s][info][gc             ] GC(511) Pause Full (System.gc()) 3M->1M(8192M) 22.682ms
[241.014s][info][gc,cpu         ] GC(511) User=0.05s Sys=0.01s Real=0.02s
[241.469s][info][gc,start       ] GC(512) Pause Full (System.gc())
[241.469s][info][gc,task        ] GC(512) Using 5 workers of 10 for full compaction
[241.469s][info][gc,phases,start] GC(512) Phase 1: Mark live objects
[241.476s][info][gc,phases      ] GC(512) Phase 1: Mark live objects 6.900ms
[241.476s][info][gc,phases,start] GC(512) Phase 2: Prepare compaction
[241.478s][info][gc,phases      ] GC(512) Phase 2: Prepare compaction 1.767ms
[241.478s][info][gc,phases,start] GC(512) Phase 3: Adjust pointers
[241.481s][info][gc,phases      ] GC(512) Phase 3: Adjust pointers 2.348ms
[241.481s][info][gc,phases,start] GC(512) Phase 4: Compact heap
[241.481s][info][gc,phases      ] GC(512) Phase 4: Compact heap 0.486ms
[241.481s][info][gc,phases,start] GC(512) Phase 5: Reset Metadata
[241.483s][info][gc,phases      ] GC(512) Phase 5: Reset Metadata 1.481ms
[241.492s][info][gc,heap        ] GC(512) Eden regions: 1->0(102)
[241.492s][info][gc,heap        ] GC(512) Survivor regions: 0->0(0)
[241.492s][info][gc,heap        ] GC(512) Old regions: 4->4
[241.492s][info][gc,heap        ] GC(512) Humongous regions: 0->0
[241.492s][info][gc,metaspace   ] GC(512) Metaspace: 679K(960K)->678K(960K) NonClass: 630K(768K)->630K(768K) Class: 48K(192K)->47K(192K)
[241.493s][info][gc             ] GC(512) Pause Full (System.gc()) 3M->1M(8192M) 23.490ms
[241.493s][info][gc,cpu         ] GC(512) User=0.04s Sys=0.00s Real=0.02s
[241.950s][info][gc,start       ] GC(513) Pause Full (System.gc())
[241.950s][info][gc,task        ] GC(513) Using 5 workers of 10 for full compaction
[241.950s][info][gc,phases,start] GC(513) Phase 1: Mark live objects
[241.959s][info][gc,phases      ] GC(513) Phase 1: Mark live objects 8.411ms
[241.959s][info][gc,phases,start] GC(513) Phase 2: Prepare compaction
[241.959s][info][gc,phases      ] GC(513) Phase 2: Prepare compaction 0.635ms
[241.959s][info][gc,phases,start] GC(513) Phase 3: Adjust pointers
[241.960s][info][gc,phases      ] GC(513) Phase 3: Adjust pointers 1.060ms
[241.960s][info][gc,phases,start] GC(513) Phase 4: Compact heap
[241.961s][info][gc,phases      ] GC(513) Phase 4: Compact heap 0.835ms
[241.961s][info][gc,phases,start] GC(513) Phase 5: Reset Metadata
[241.964s][info][gc,phases      ] GC(513) Phase 5: Reset Metadata 2.682ms
[241.972s][info][gc,heap        ] GC(513) Eden regions: 1->0(102)
[241.973s][info][gc,heap        ] GC(513) Survivor regions: 0->0(0)
[241.973s][info][gc,heap        ] GC(513) Old regions: 4->4
[241.973s][info][gc,heap        ] GC(513) Humongous regions: 0->0
[241.973s][info][gc,metaspace   ] GC(513) Metaspace: 683K(960K)->682K(960K) NonClass: 633K(768K)->633K(768K) Class: 49K(192K)->49K(192K)
[241.973s][info][gc             ] GC(513) Pause Full (System.gc()) 3M->1M(8192M) 22.848ms
[241.973s][info][gc,cpu         ] GC(513) User=0.04s Sys=0.00s Real=0.02s
[242.426s][info][gc,start       ] GC(514) Pause Full (System.gc())
[242.426s][info][gc,task        ] GC(514) Using 5 workers of 10 for full compaction
[242.426s][info][gc,phases,start] GC(514) Phase 1: Mark live objects
[242.433s][info][gc,phases      ] GC(514) Phase 1: Mark live objects 6.333ms
[242.433s][info][gc,phases,start] GC(514) Phase 2: Prepare compaction
[242.433s][info][gc,phases      ] GC(514) Phase 2: Prepare compaction 0.521ms
[242.433s][info][gc,phases,start] GC(514) Phase 3: Adjust pointers
[242.435s][info][gc,phases      ] GC(514) Phase 3: Adjust pointers 1.311ms
[242.435s][info][gc,phases,start] GC(514) Phase 4: Compact heap
[242.435s][info][gc,phases      ] GC(514) Phase 4: Compact heap 0.437ms
[242.435s][info][gc,phases,start] GC(514) Phase 5: Reset Metadata
[242.437s][info][gc,phases      ] GC(514) Phase 5: Reset Metadata 2.083ms
[242.449s][info][gc,heap        ] GC(514) Eden regions: 1->0(102)
[242.449s][info][gc,heap        ] GC(514) Survivor regions: 0->0(0)
[242.449s][info][gc,heap        ] GC(514) Old regions: 4->4
[242.449s][info][gc,heap        ] GC(514) Humongous regions: 0->0
[242.450s][info][gc,metaspace   ] GC(514) Metaspace: 687K(960K)->686K(960K) NonClass: 636K(768K)->635K(768K) Class: 50K(192K)->50K(192K)
[242.450s][info][gc             ] GC(514) Pause Full (System.gc()) 3M->1M(8192M) 23.584ms
[242.450s][info][gc,cpu         ] GC(514) User=0.04s Sys=0.00s Real=0.02s
[242.905s][info][gc,start       ] GC(515) Pause Full (System.gc())
[242.906s][info][gc,task        ] GC(515) Using 5 workers of 10 for full compaction
[242.906s][info][gc,phases,start] GC(515) Phase 1: Mark live objects
[242.917s][info][gc,phases      ] GC(515) Phase 1: Mark live objects 11.137ms
[242.917s][info][gc,phases,start] GC(515) Phase 2: Prepare compaction
[242.917s][info][gc,phases      ] GC(515) Phase 2: Prepare compaction 0.439ms
[242.917s][info][gc,phases,start] GC(515) Phase 3: Adjust pointers
[242.918s][info][gc,phases      ] GC(515) Phase 3: Adjust pointers 0.928ms
[242.918s][info][gc,phases,start] GC(515) Phase 4: Compact heap
[242.919s][info][gc,phases      ] GC(515) Phase 4: Compact heap 0.582ms
[242.919s][info][gc,phases,start] GC(515) Phase 5: Reset Metadata
[242.920s][info][gc,phases      ] GC(515) Phase 5: Reset Metadata 1.306ms
[242.925s][info][gc,heap        ] GC(515) Eden regions: 1->0(102)
[242.925s][info][gc,heap        ] GC(515) Survivor regions: 0->0(0)
[242.925s][info][gc,heap        ] GC(515) Old regions: 4->4
[242.925s][info][gc,heap        ] GC(515) Humongous regions: 0->0
[242.925s][info][gc,metaspace   ] GC(515) Metaspace: 691K(1024K)->690K(1024K) NonClass: 639K(832K)->638K(832K) Class: 52K(192K)->51K(192K)
[242.925s][info][gc             ] GC(515) Pause Full (System.gc()) 3M->1M(8192M) 19.156ms
[242.925s][info][gc,cpu         ] GC(515) User=0.03s Sys=0.00s Real=0.01s
[243.378s][info][gc,start       ] GC(516) Pause Full (System.gc())
[243.378s][info][gc,task        ] GC(516) Using 5 workers of 10 for full compaction
[243.378s][info][gc,phases,start] GC(516) Phase 1: Mark live objects
[243.383s][info][gc,phases      ] GC(516) Phase 1: Mark live objects 4.984ms
[243.383s][info][gc,phases,start] GC(516) Phase 2: Prepare compaction
[243.384s][info][gc,phases      ] GC(516) Phase 2: Prepare compaction 0.927ms
[243.384s][info][gc,phases,start] GC(516) Phase 3: Adjust pointers
[243.385s][info][gc,phases      ] GC(516) Phase 3: Adjust pointers 1.099ms
[243.385s][info][gc,phases,start] GC(516) Phase 4: Compact heap
[243.386s][info][gc,phases      ] GC(516) Phase 4: Compact heap 0.482ms
[243.386s][info][gc,phases,start] GC(516) Phase 5: Reset Metadata
[243.389s][info][gc,phases      ] GC(516) Phase 5: Reset Metadata 2.798ms
[243.399s][info][gc,heap        ] GC(516) Eden regions: 1->0(102)
[243.399s][info][gc,heap        ] GC(516) Survivor regions: 0->0(0)
[243.399s][info][gc,heap        ] GC(516) Old regions: 4->4
[243.399s][info][gc,heap        ] GC(516) Humongous regions: 0->0
[243.399s][info][gc,metaspace   ] GC(516) Metaspace: 695K(1024K)->694K(1024K) NonClass: 642K(832K)->641K(832K) Class: 53K(192K)->52K(192K)
[243.399s][info][gc             ] GC(516) Pause Full (System.gc()) 3M->1M(8192M) 20.867ms
[243.399s][info][gc,cpu         ] GC(516) User=0.04s Sys=0.00s Real=0.02s
[243.855s][info][gc,start       ] GC(517) Pause Full (System.gc())
[243.856s][info][gc,task        ] GC(517) Using 5 workers of 10 for full compaction
[243.856s][info][gc,phases,start] GC(517) Phase 1: Mark live objects
[243.859s][info][gc,phases      ] GC(517) Phase 1: Mark live objects 3.683ms
[243.859s][info][gc,phases,start] GC(517) Phase 2: Prepare compaction
[243.860s][info][gc,phases      ] GC(517) Phase 2: Prepare compaction 0.531ms
[243.860s][info][gc,phases,start] GC(517) Phase 3: Adjust pointers
[243.862s][info][gc,phases      ] GC(517) Phase 3: Adjust pointers 1.645ms
[243.862s][info][gc,phases,start] GC(517) Phase 4: Compact heap
[243.863s][info][gc,phases      ] GC(517) Phase 4: Compact heap 1.188ms
[243.863s][info][gc,phases,start] GC(517) Phase 5: Reset Metadata
[243.865s][info][gc,phases      ] GC(517) Phase 5: Reset Metadata 1.880ms
[243.872s][info][gc,heap        ] GC(517) Eden regions: 1->0(102)
[243.872s][info][gc,heap        ] GC(517) Survivor regions: 0->0(0)
[243.872s][info][gc,heap        ] GC(517) Old regions: 4->4
[243.872s][info][gc,heap        ] GC(517) Humongous regions: 0->0
[243.872s][info][gc,metaspace   ] GC(517) Metaspace: 699K(1024K)->698K(1024K) NonClass: 644K(832K)->644K(832K) Class: 54K(192K)->54K(192K)
[243.872s][info][gc             ] GC(517) Pause Full (System.gc()) 3M->1M(8192M) 16.782ms
[243.872s][info][gc,cpu         ] GC(517) User=0.04s Sys=0.01s Real=0.01s
[244.326s][info][gc,start       ] GC(518) Pause Full (System.gc())
[244.326s][info][gc,task        ] GC(518) Using 5 workers of 10 for full compaction
[244.326s][info][gc,phases,start] GC(518) Phase 1: Mark live objects
[244.331s][info][gc,phases      ] GC(518) Phase 1: Mark live objects 4.392ms
[244.331s][info][gc,phases,start] GC(518) Phase 2: Prepare compaction
[244.331s][info][gc,phases      ] GC(518) Phase 2: Prepare compaction 0.376ms
[244.331s][info][gc,phases,start] GC(518) Phase 3: Adjust pointers
[244.333s][info][gc,phases      ] GC(518) Phase 3: Adjust pointers 1.855ms
[244.333s][info][gc,phases,start] GC(518) Phase 4: Compact heap
[244.334s][info][gc,phases      ] GC(518) Phase 4: Compact heap 0.435ms
[244.334s][info][gc,phases,start] GC(518) Phase 5: Reset Metadata
[244.335s][info][gc,phases      ] GC(518) Phase 5: Reset Metadata 0.928ms
[244.339s][info][gc,heap        ] GC(518) Eden regions: 1->0(102)
[244.339s][info][gc,heap        ] GC(518) Survivor regions: 0->0(0)
[244.339s][info][gc,heap        ] GC(518) Old regions: 4->4
[244.339s][info][gc,heap        ] GC(518) Humongous regions: 0->0
[244.339s][info][gc,metaspace   ] GC(518) Metaspace: 703K(1024K)->682K(1024K) NonClass: 647K(832K)->635K(832K) Class: 55K(192K)->47K(192K)
[244.340s][info][gc             ] GC(518) Pause Full (System.gc()) 3M->1M(8192M) 13.346ms
[244.340s][info][gc,cpu         ] GC(518) User=0.04s Sys=0.00s Real=0.01s
[244.796s][info][gc,start       ] GC(519) Pause Full (System.gc())
[244.796s][info][gc,task        ] GC(519) Using 5 workers of 10 for full compaction
[244.796s][info][gc,phases,start] GC(519) Phase 1: Mark live objects
[244.800s][info][gc,phases      ] GC(519) Phase 1: Mark live objects 3.936ms
[244.800s][info][gc,phases,start] GC(519) Phase 2: Prepare compaction
[244.801s][info][gc,phases      ] GC(519) Phase 2: Prepare compaction 0.485ms
[244.801s][info][gc,phases,start] GC(519) Phase 3: Adjust pointers
[244.801s][info][gc,phases      ] GC(519) Phase 3: Adjust pointers 0.815ms
[244.801s][info][gc,phases,start] GC(519) Phase 4: Compact heap
[244.802s][info][gc,phases      ] GC(519) Phase 4: Compact heap 0.378ms
[244.802s][info][gc,phases,start] GC(519) Phase 5: Reset Metadata
[244.804s][info][gc,phases      ] GC(519) Phase 5: Reset Metadata 1.710ms
[244.813s][info][gc,heap        ] GC(519) Eden regions: 1->0(102)
[244.813s][info][gc,heap        ] GC(519) Survivor regions: 0->0(0)
[244.813s][info][gc,heap        ] GC(519) Old regions: 4->4
[244.813s][info][gc,heap        ] GC(519) Humongous regions: 0->0
[244.813s][info][gc,metaspace   ] GC(519) Metaspace: 687K(1024K)->685K(1024K) NonClass: 639K(832K)->637K(832K) Class: 48K(192K)->47K(192K)
[244.813s][info][gc             ] GC(519) Pause Full (System.gc()) 3M->1M(8192M) 17.666ms
[244.813s][info][gc,cpu         ] GC(519) User=0.04s Sys=0.00s Real=0.01s
[245.267s][info][gc,start       ] GC(520) Pause Full (System.gc())
[245.267s][info][gc,task        ] GC(520) Using 5 workers of 10 for full compaction
[245.267s][info][gc,phases,start] GC(520) Phase 1: Mark live objects
[245.272s][info][gc,phases      ] GC(520) Phase 1: Mark live objects 5.274ms
[245.272s][info][gc,phases,start] GC(520) Phase 2: Prepare compaction
[245.273s][info][gc,phases      ] GC(520) Phase 2: Prepare compaction 0.370ms
[245.273s][info][gc,phases,start] GC(520) Phase 3: Adjust pointers
[245.274s][info][gc,phases      ] GC(520) Phase 3: Adjust pointers 1.103ms
[245.274s][info][gc,phases,start] GC(520) Phase 4: Compact heap
[245.274s][info][gc,phases      ] GC(520) Phase 4: Compact heap 0.380ms
[245.274s][info][gc,phases,start] GC(520) Phase 5: Reset Metadata
[245.276s][info][gc,phases      ] GC(520) Phase 5: Reset Metadata 1.364ms
[245.284s][info][gc,heap        ] GC(520) Eden regions: 1->0(102)
[245.284s][info][gc,heap        ] GC(520) Survivor regions: 0->0(0)
[245.284s][info][gc,heap        ] GC(520) Old regions: 4->4
[245.284s][info][gc,heap        ] GC(520) Humongous regions: 0->0
[245.284s][info][gc,metaspace   ] GC(520) Metaspace: 690K(1024K)->687K(1024K) NonClass: 640K(832K)->639K(832K) Class: 49K(192K)->48K(192K)
[245.284s][info][gc             ] GC(520) Pause Full (System.gc()) 3M->1M(8192M) 17.535ms
[245.284s][info][gc,cpu         ] GC(520) User=0.04s Sys=0.00s Real=0.01s
[245.737s][info][gc,start       ] GC(521) Pause Full (System.gc())
[245.738s][info][gc,task        ] GC(521) Using 5 workers of 10 for full compaction
[245.738s][info][gc,phases,start] GC(521) Phase 1: Mark live objects
[245.740s][info][gc,phases      ] GC(521) Phase 1: Mark live objects 2.527ms
[245.740s][info][gc,phases,start] GC(521) Phase 2: Prepare compaction
[245.741s][info][gc,phases      ] GC(521) Phase 2: Prepare compaction 0.786ms
[245.741s][info][gc,phases,start] GC(521) Phase 3: Adjust pointers
[245.743s][info][gc,phases      ] GC(521) Phase 3: Adjust pointers 1.244ms
[245.743s][info][gc,phases,start] GC(521) Phase 4: Compact heap
[245.743s][info][gc,phases      ] GC(521) Phase 4: Compact heap 0.686ms
[245.743s][info][gc,phases,start] GC(521) Phase 5: Reset Metadata
[245.745s][info][gc,phases      ] GC(521) Phase 5: Reset Metadata 2.173ms
[245.756s][info][gc,heap        ] GC(521) Eden regions: 1->0(102)
[245.756s][info][gc,heap        ] GC(521) Survivor regions: 0->0(0)
[245.756s][info][gc,heap        ] GC(521) Old regions: 4->4
[245.756s][info][gc,heap        ] GC(521) Humongous regions: 0->0
[245.756s][info][gc,metaspace   ] GC(521) Metaspace: 692K(1024K)->692K(1024K) NonClass: 642K(832K)->642K(832K) Class: 49K(192K)->49K(192K)
[245.756s][info][gc             ] GC(521) Pause Full (System.gc()) 3M->1M(8192M) 18.975ms
[245.756s][info][gc,cpu         ] GC(521) User=0.05s Sys=0.00s Real=0.02s
[246.213s][info][gc,start       ] GC(522) Pause Full (System.gc())
[246.214s][info][gc,task        ] GC(522) Using 5 workers of 10 for full compaction
[246.214s][info][gc,phases,start] GC(522) Phase 1: Mark live objects
[246.218s][info][gc,phases      ] GC(522) Phase 1: Mark live objects 4.606ms
[246.219s][info][gc,phases,start] GC(522) Phase 2: Prepare compaction
[246.220s][info][gc,phases      ] GC(522) Phase 2: Prepare compaction 1.501ms
[246.220s][info][gc,phases,start] GC(522) Phase 3: Adjust pointers
[246.221s][info][gc,phases      ] GC(522) Phase 3: Adjust pointers 1.237ms
[246.221s][info][gc,phases,start] GC(522) Phase 4: Compact heap
[246.222s][info][gc,phases      ] GC(522) Phase 4: Compact heap 0.385ms
[246.222s][info][gc,phases,start] GC(522) Phase 5: Reset Metadata
[246.224s][info][gc,phases      ] GC(522) Phase 5: Reset Metadata 1.851ms
[246.236s][info][gc,heap        ] GC(522) Eden regions: 1->0(102)
[246.236s][info][gc,heap        ] GC(522) Survivor regions: 0->0(0)
[246.236s][info][gc,heap        ] GC(522) Old regions: 4->4
[246.236s][info][gc,heap        ] GC(522) Humongous regions: 0->0
[246.236s][info][gc,metaspace   ] GC(522) Metaspace: 697K(1024K)->697K(1024K) NonClass: 645K(832K)->645K(832K) Class: 51K(192K)->51K(192K)
[246.236s][info][gc             ] GC(522) Pause Full (System.gc()) 3M->1M(8192M) 22.248ms
[246.236s][info][gc,cpu         ] GC(522) User=0.04s Sys=0.00s Real=0.03s
[246.692s][info][gc,start       ] GC(523) Pause Full (System.gc())
[246.692s][info][gc,task        ] GC(523) Using 5 workers of 10 for full compaction
[246.692s][info][gc,phases,start] GC(523) Phase 1: Mark live objects
[246.694s][info][gc,phases      ] GC(523) Phase 1: Mark live objects 1.350ms
[246.694s][info][gc,phases,start] GC(523) Phase 2: Prepare compaction
[246.694s][info][gc,phases      ] GC(523) Phase 2: Prepare compaction 0.402ms
[246.694s][info][gc,phases,start] GC(523) Phase 3: Adjust pointers
[246.696s][info][gc,phases      ] GC(523) Phase 3: Adjust pointers 1.224ms
[246.696s][info][gc,phases,start] GC(523) Phase 4: Compact heap
[246.696s][info][gc,phases      ] GC(523) Phase 4: Compact heap 0.753ms
[246.696s][info][gc,phases,start] GC(523) Phase 5: Reset Metadata
[246.699s][info][gc,phases      ] GC(523) Phase 5: Reset Metadata 2.288ms
[246.710s][info][gc,heap        ] GC(523) Eden regions: 1->0(102)
[246.710s][info][gc,heap        ] GC(523) Survivor regions: 0->0(0)
[246.710s][info][gc,heap        ] GC(523) Old regions: 4->4
[246.710s][info][gc,heap        ] GC(523) Humongous regions: 0->0
[246.710s][info][gc,metaspace   ] GC(523) Metaspace: 702K(1024K)->702K(1024K) NonClass: 649K(832K)->649K(832K) Class: 53K(192K)->53K(192K)
[246.710s][info][gc             ] GC(523) Pause Full (System.gc()) 3M->1M(8192M) 17.585ms
[246.710s][info][gc,cpu         ] GC(523) User=0.04s Sys=0.00s Real=0.02s
[247.167s][info][gc,start       ] GC(524) Pause Full (System.gc())
[247.167s][info][gc,task        ] GC(524) Using 5 workers of 10 for full compaction
[247.167s][info][gc,phases,start] GC(524) Phase 1: Mark live objects
[247.170s][info][gc,phases      ] GC(524) Phase 1: Mark live objects 2.759ms
[247.170s][info][gc,phases,start] GC(524) Phase 2: Prepare compaction
[247.171s][info][gc,phases      ] GC(524) Phase 2: Prepare compaction 0.691ms
[247.171s][info][gc,phases,start] GC(524) Phase 3: Adjust pointers
[247.172s][info][gc,phases      ] GC(524) Phase 3: Adjust pointers 1.269ms
[247.172s][info][gc,phases,start] GC(524) Phase 4: Compact heap
[247.172s][info][gc,phases      ] GC(524) Phase 4: Compact heap 0.510ms
[247.172s][info][gc,phases,start] GC(524) Phase 5: Reset Metadata
[247.174s][info][gc,phases      ] GC(524) Phase 5: Reset Metadata 1.634ms
[247.184s][info][gc,heap        ] GC(524) Eden regions: 1->0(102)
[247.184s][info][gc,heap        ] GC(524) Survivor regions: 0->0(0)
[247.184s][info][gc,heap        ] GC(524) Old regions: 4->4
[247.184s][info][gc,heap        ] GC(524) Humongous regions: 0->0
[247.184s][info][gc,metaspace   ] GC(524) Metaspace: 707K(1024K)->703K(1024K) NonClass: 652K(832K)->650K(832K) Class: 55K(192K)->53K(192K)
[247.184s][info][gc             ] GC(524) Pause Full (System.gc()) 3M->1M(8192M) 17.323ms
[247.184s][info][gc,cpu         ] GC(524) User=0.05s Sys=0.00s Real=0.01s
[247.637s][info][gc,start       ] GC(525) Pause Full (System.gc())
[247.638s][info][gc,task        ] GC(525) Using 5 workers of 10 for full compaction
[247.638s][info][gc,phases,start] GC(525) Phase 1: Mark live objects
[247.640s][info][gc,phases      ] GC(525) Phase 1: Mark live objects 2.207ms
[247.640s][info][gc,phases,start] GC(525) Phase 2: Prepare compaction
[247.641s][info][gc,phases      ] GC(525) Phase 2: Prepare compaction 0.629ms
[247.641s][info][gc,phases,start] GC(525) Phase 3: Adjust pointers
[247.642s][info][gc,phases      ] GC(525) Phase 3: Adjust pointers 0.951ms
[247.642s][info][gc,phases,start] GC(525) Phase 4: Compact heap
[247.642s][info][gc,phases      ] GC(525) Phase 4: Compact heap 0.502ms
[247.642s][info][gc,phases,start] GC(525) Phase 5: Reset Metadata
[247.644s][info][gc,phases      ] GC(525) Phase 5: Reset Metadata 1.511ms
[247.655s][info][gc,heap        ] GC(525) Eden regions: 1->0(102)
[247.655s][info][gc,heap        ] GC(525) Survivor regions: 0->0(0)
[247.655s][info][gc,heap        ] GC(525) Old regions: 4->4
[247.655s][info][gc,heap        ] GC(525) Humongous regions: 0->0
[247.655s][info][gc,metaspace   ] GC(525) Metaspace: 708K(1024K)->707K(1024K) NonClass: 653K(832K)->653K(832K) Class: 54K(192K)->54K(192K)
[247.655s][info][gc             ] GC(525) Pause Full (System.gc()) 3M->1M(8192M) 17.205ms
[247.655s][info][gc,cpu         ] GC(525) User=0.04s Sys=0.00s Real=0.01s
[248.107s][info][gc,start       ] GC(526) Pause Full (System.gc())
[248.107s][info][gc,task        ] GC(526) Using 5 workers of 10 for full compaction
[248.108s][info][gc,phases,start] GC(526) Phase 1: Mark live objects
[248.109s][info][gc,phases      ] GC(526) Phase 1: Mark live objects 1.420ms
[248.109s][info][gc,phases,start] GC(526) Phase 2: Prepare compaction
[248.109s][info][gc,phases      ] GC(526) Phase 2: Prepare compaction 0.389ms
[248.110s][info][gc,phases,start] GC(526) Phase 3: Adjust pointers
[248.110s][info][gc,phases      ] GC(526) Phase 3: Adjust pointers 0.681ms
[248.110s][info][gc,phases,start] GC(526) Phase 4: Compact heap
[248.111s][info][gc,phases      ] GC(526) Phase 4: Compact heap 0.328ms
[248.111s][info][gc,phases,start] GC(526) Phase 5: Reset Metadata
[248.112s][info][gc,phases      ] GC(526) Phase 5: Reset Metadata 1.713ms
[248.123s][info][gc,heap        ] GC(526) Eden regions: 1->0(102)
[248.123s][info][gc,heap        ] GC(526) Survivor regions: 0->0(0)
[248.123s][info][gc,heap        ] GC(526) Old regions: 4->4
[248.123s][info][gc,heap        ] GC(526) Humongous regions: 0->0
[248.123s][info][gc,metaspace   ] GC(526) Metaspace: 712K(1024K)->712K(1024K) NonClass: 656K(832K)->656K(832K) Class: 56K(192K)->56K(192K)
[248.123s][info][gc             ] GC(526) Pause Full (System.gc()) 3M->1M(8192M) 15.687ms
[248.123s][info][gc,cpu         ] GC(526) User=0.03s Sys=0.01s Real=0.01s
[248.579s][info][gc,start       ] GC(527) Pause Full (System.gc())
[248.579s][info][gc,task        ] GC(527) Using 5 workers of 10 for full compaction
[248.580s][info][gc,phases,start] GC(527) Phase 1: Mark live objects
[248.582s][info][gc,phases      ] GC(527) Phase 1: Mark live objects 2.400ms
[248.582s][info][gc,phases,start] GC(527) Phase 2: Prepare compaction
[248.583s][info][gc,phases      ] GC(527) Phase 2: Prepare compaction 0.791ms
[248.583s][info][gc,phases,start] GC(527) Phase 3: Adjust pointers
[248.584s][info][gc,phases      ] GC(527) Phase 3: Adjust pointers 1.232ms
[248.584s][info][gc,phases,start] GC(527) Phase 4: Compact heap
[248.585s][info][gc,phases      ] GC(527) Phase 4: Compact heap 0.715ms
[248.585s][info][gc,phases,start] GC(527) Phase 5: Reset Metadata
[248.587s][info][gc,phases      ] GC(527) Phase 5: Reset Metadata 1.626ms
[248.598s][info][gc,heap        ] GC(527) Eden regions: 1->0(102)
[248.598s][info][gc,heap        ] GC(527) Survivor regions: 0->0(0)
[248.598s][info][gc,heap        ] GC(527) Old regions: 4->4
[248.598s][info][gc,heap        ] GC(527) Humongous regions: 0->0
[248.598s][info][gc,metaspace   ] GC(527) Metaspace: 717K(1024K)->717K(1024K) NonClass: 660K(832K)->660K(832K) Class: 57K(192K)->57K(192K)
[248.598s][info][gc             ] GC(527) Pause Full (System.gc()) 3M->1M(8192M) 18.625ms
[248.598s][info][gc,cpu         ] GC(527) User=0.04s Sys=0.00s Real=0.02s
[249.051s][info][gc,start       ] GC(528) Pause Full (System.gc())
[249.051s][info][gc,task        ] GC(528) Using 5 workers of 10 for full compaction
[249.052s][info][gc,phases,start] GC(528) Phase 1: Mark live objects
[249.055s][info][gc,phases      ] GC(528) Phase 1: Mark live objects 3.229ms
[249.055s][info][gc,phases,start] GC(528) Phase 2: Prepare compaction
[249.056s][info][gc,phases      ] GC(528) Phase 2: Prepare compaction 0.822ms
[249.056s][info][gc,phases,start] GC(528) Phase 3: Adjust pointers
[249.057s][info][gc,phases      ] GC(528) Phase 3: Adjust pointers 1.335ms
[249.057s][info][gc,phases,start] GC(528) Phase 4: Compact heap
[249.058s][info][gc,phases      ] GC(528) Phase 4: Compact heap 0.687ms
[249.058s][info][gc,phases,start] GC(528) Phase 5: Reset Metadata
[249.060s][info][gc,phases      ] GC(528) Phase 5: Reset Metadata 1.594ms
[249.070s][info][gc,heap        ] GC(528) Eden regions: 1->0(102)
[249.070s][info][gc,heap        ] GC(528) Survivor regions: 0->0(0)
[249.070s][info][gc,heap        ] GC(528) Old regions: 4->4
[249.070s][info][gc,heap        ] GC(528) Humongous regions: 0->0
[249.070s][info][gc,metaspace   ] GC(528) Metaspace: 722K(1024K)->720K(1024K) NonClass: 663K(832K)->662K(832K) Class: 59K(192K)->58K(192K)
[249.070s][info][gc             ] GC(528) Pause Full (System.gc()) 3M->1M(8192M) 19.045ms
[249.070s][info][gc,cpu         ] GC(528) User=0.04s Sys=0.00s Real=0.02s
[249.524s][info][gc,start       ] GC(529) Pause Full (System.gc())
[249.524s][info][gc,task        ] GC(529) Using 5 workers of 10 for full compaction
[249.524s][info][gc,phases,start] GC(529) Phase 1: Mark live objects
[249.527s][info][gc,phases      ] GC(529) Phase 1: Mark live objects 2.900ms
[249.527s][info][gc,phases,start] GC(529) Phase 2: Prepare compaction
[249.528s][info][gc,phases      ] GC(529) Phase 2: Prepare compaction 0.833ms
[249.528s][info][gc,phases,start] GC(529) Phase 3: Adjust pointers
[249.529s][info][gc,phases      ] GC(529) Phase 3: Adjust pointers 1.357ms
[249.529s][info][gc,phases,start] GC(529) Phase 4: Compact heap
[249.530s][info][gc,phases      ] GC(529) Phase 4: Compact heap 0.713ms
[249.530s][info][gc,phases,start] GC(529) Phase 5: Reset Metadata
[249.532s][info][gc,phases      ] GC(529) Phase 5: Reset Metadata 1.910ms
[249.542s][info][gc,heap        ] GC(529) Eden regions: 1->0(102)
[249.542s][info][gc,heap        ] GC(529) Survivor regions: 0->0(0)
[249.542s][info][gc,heap        ] GC(529) Old regions: 4->4
[249.543s][info][gc,heap        ] GC(529) Humongous regions: 0->0
[249.543s][info][gc,metaspace   ] GC(529) Metaspace: 725K(1024K)->708K(1024K) NonClass: 665K(832K)->655K(832K) Class: 59K(192K)->52K(192K)
[249.543s][info][gc             ] GC(529) Pause Full (System.gc()) 3M->1M(8192M) 18.849ms
[249.543s][info][gc,cpu         ] GC(529) User=0.05s Sys=0.01s Real=0.02s
[250.000s][info][gc,start       ] GC(530) Pause Full (System.gc())
[250.000s][info][gc,task        ] GC(530) Using 5 workers of 10 for full compaction
[250.000s][info][gc,phases,start] GC(530) Phase 1: Mark live objects
[250.004s][info][gc,phases      ] GC(530) Phase 1: Mark live objects 3.190ms
[250.004s][info][gc,phases,start] GC(530) Phase 2: Prepare compaction
[250.004s][info][gc,phases      ] GC(530) Phase 2: Prepare compaction 0.818ms
[250.005s][info][gc,phases,start] GC(530) Phase 3: Adjust pointers
[250.006s][info][gc,phases      ] GC(530) Phase 3: Adjust pointers 1.384ms
[250.006s][info][gc,phases,start] GC(530) Phase 4: Compact heap
[250.007s][info][gc,phases      ] GC(530) Phase 4: Compact heap 0.688ms
[250.007s][info][gc,phases,start] GC(530) Phase 5: Reset Metadata
[250.009s][info][gc,phases      ] GC(530) Phase 5: Reset Metadata 1.934ms
[250.019s][info][gc,heap        ] GC(530) Eden regions: 1->0(102)
[250.019s][info][gc,heap        ] GC(530) Survivor regions: 0->0(0)
[250.019s][info][gc,heap        ] GC(530) Old regions: 4->4
[250.019s][info][gc,heap        ] GC(530) Humongous regions: 0->0
[250.019s][info][gc,metaspace   ] GC(530) Metaspace: 713K(1024K)->632K(960K) NonClass: 658K(832K)->596K(832K) Class: 54K(192K)->36K(128K)
[250.019s][info][gc             ] GC(530) Pause Full (System.gc()) 3M->1M(8192M) 18.992ms
[250.019s][info][gc,cpu         ] GC(530) User=0.05s Sys=0.00s Real=0.02s
[250.475s][info][gc,start       ] GC(531) Pause Full (System.gc())
[250.475s][info][gc,task        ] GC(531) Using 5 workers of 10 for full compaction
[250.475s][info][gc,phases,start] GC(531) Phase 1: Mark live objects
[250.478s][info][gc,phases      ] GC(531) Phase 1: Mark live objects 2.652ms
[250.478s][info][gc,phases,start] GC(531) Phase 2: Prepare compaction
[250.479s][info][gc,phases      ] GC(531) Phase 2: Prepare compaction 0.612ms
[250.479s][info][gc,phases,start] GC(531) Phase 3: Adjust pointers
[250.480s][info][gc,phases      ] GC(531) Phase 3: Adjust pointers 1.134ms
[250.480s][info][gc,phases,start] GC(531) Phase 4: Compact heap
[250.481s][info][gc,phases      ] GC(531) Phase 4: Compact heap 0.516ms
[250.481s][info][gc,phases,start] GC(531) Phase 5: Reset Metadata
[250.482s][info][gc,phases      ] GC(531) Phase 5: Reset Metadata 1.569ms
[250.492s][info][gc,heap        ] GC(531) Eden regions: 1->0(102)
[250.493s][info][gc,heap        ] GC(531) Survivor regions: 0->0(0)
[250.493s][info][gc,heap        ] GC(531) Old regions: 4->4
[250.493s][info][gc,heap        ] GC(531) Humongous regions: 0->0
[250.493s][info][gc,metaspace   ] GC(531) Metaspace: 637K(960K)->634K(960K) NonClass: 599K(832K)->597K(832K) Class: 37K(128K)->36K(128K)
[250.493s][info][gc             ] GC(531) Pause Full (System.gc()) 3M->1M(8192M) 17.560ms
[250.493s][info][gc,cpu         ] GC(531) User=0.04s Sys=0.01s Real=0.02s
[250.951s][info][gc,start       ] GC(532) Pause Full (System.gc())
[250.951s][info][gc,task        ] GC(532) Using 5 workers of 10 for full compaction
[250.951s][info][gc,phases,start] GC(532) Phase 1: Mark live objects
[250.956s][info][gc,phases      ] GC(532) Phase 1: Mark live objects 4.386ms
[250.956s][info][gc,phases,start] GC(532) Phase 2: Prepare compaction
[250.957s][info][gc,phases      ] GC(532) Phase 2: Prepare compaction 0.826ms
[250.957s][info][gc,phases,start] GC(532) Phase 3: Adjust pointers
[250.958s][info][gc,phases      ] GC(532) Phase 3: Adjust pointers 1.665ms
[250.958s][info][gc,phases,start] GC(532) Phase 4: Compact heap
[250.959s][info][gc,phases      ] GC(532) Phase 4: Compact heap 0.728ms
[250.959s][info][gc,phases,start] GC(532) Phase 5: Reset Metadata
[250.962s][info][gc,phases      ] GC(532) Phase 5: Reset Metadata 2.739ms
[250.972s][info][gc,heap        ] GC(532) Eden regions: 1->0(102)
[250.972s][info][gc,heap        ] GC(532) Survivor regions: 0->0(0)
[250.972s][info][gc,heap        ] GC(532) Old regions: 4->4
[250.972s][info][gc,heap        ] GC(532) Humongous regions: 0->0
[250.972s][info][gc,metaspace   ] GC(532) Metaspace: 639K(960K)->638K(960K) NonClass: 600K(832K)->600K(832K) Class: 38K(128K)->38K(128K)
[250.972s][info][gc             ] GC(532) Pause Full (System.gc()) 3M->1M(8192M) 21.619ms
[250.972s][info][gc,cpu         ] GC(532) User=0.05s Sys=0.00s Real=0.02s
[251.429s][info][gc,start       ] GC(533) Pause Full (System.gc())
[251.430s][info][gc,task        ] GC(533) Using 5 workers of 10 for full compaction
[251.430s][info][gc,phases,start] GC(533) Phase 1: Mark live objects
[251.433s][info][gc,phases      ] GC(533) Phase 1: Mark live objects 3.556ms
[251.434s][info][gc,phases,start] GC(533) Phase 2: Prepare compaction
[251.434s][info][gc,phases      ] GC(533) Phase 2: Prepare compaction 0.815ms
[251.434s][info][gc,phases,start] GC(533) Phase 3: Adjust pointers
[251.438s][info][gc,phases      ] GC(533) Phase 3: Adjust pointers 3.190ms
[251.438s][info][gc,phases,start] GC(533) Phase 4: Compact heap
[251.439s][info][gc,phases      ] GC(533) Phase 4: Compact heap 0.687ms
[251.439s][info][gc,phases,start] GC(533) Phase 5: Reset Metadata
[251.440s][info][gc,phases      ] GC(533) Phase 5: Reset Metadata 1.601ms
[251.451s][info][gc,heap        ] GC(533) Eden regions: 1->0(102)
[251.451s][info][gc,heap        ] GC(533) Survivor regions: 0->0(0)
[251.451s][info][gc,heap        ] GC(533) Old regions: 4->4
[251.451s][info][gc,heap        ] GC(533) Humongous regions: 0->0
[251.451s][info][gc,metaspace   ] GC(533) Metaspace: 643K(960K)->642K(960K) NonClass: 603K(832K)->603K(832K) Class: 39K(128K)->39K(128K)
[251.451s][info][gc             ] GC(533) Pause Full (System.gc()) 3M->1M(8192M) 21.703ms
[251.451s][info][gc,cpu         ] GC(533) User=0.05s Sys=0.00s Real=0.02s
[251.907s][info][gc,start       ] GC(534) Pause Full (System.gc())
[251.908s][info][gc,task        ] GC(534) Using 5 workers of 10 for full compaction
[251.908s][info][gc,phases,start] GC(534) Phase 1: Mark live objects
[251.910s][info][gc,phases      ] GC(534) Phase 1: Mark live objects 2.109ms
[251.910s][info][gc,phases,start] GC(534) Phase 2: Prepare compaction
[251.911s][info][gc,phases      ] GC(534) Phase 2: Prepare compaction 0.535ms
[251.911s][info][gc,phases,start] GC(534) Phase 3: Adjust pointers
[251.912s][info][gc,phases      ] GC(534) Phase 3: Adjust pointers 1.022ms
[251.912s][info][gc,phases,start] GC(534) Phase 4: Compact heap
[251.912s][info][gc,phases      ] GC(534) Phase 4: Compact heap 0.389ms
[251.912s][info][gc,phases,start] GC(534) Phase 5: Reset Metadata
[251.914s][info][gc,phases      ] GC(534) Phase 5: Reset Metadata 1.849ms
[251.924s][info][gc,heap        ] GC(534) Eden regions: 1->0(102)
[251.924s][info][gc,heap        ] GC(534) Survivor regions: 0->0(0)
[251.924s][info][gc,heap        ] GC(534) Old regions: 4->4
[251.924s][info][gc,heap        ] GC(534) Humongous regions: 0->0
[251.924s][info][gc,metaspace   ] GC(534) Metaspace: 647K(960K)->646K(960K) NonClass: 606K(832K)->606K(832K) Class: 41K(128K)->40K(128K)
[251.924s][info][gc             ] GC(534) Pause Full (System.gc()) 3M->1M(8192M) 16.432ms
[251.924s][info][gc,cpu         ] GC(534) User=0.04s Sys=0.00s Real=0.01s
[252.379s][info][gc,start       ] GC(535) Pause Full (System.gc())
[252.379s][info][gc,task        ] GC(535) Using 5 workers of 10 for full compaction
[252.379s][info][gc,phases,start] GC(535) Phase 1: Mark live objects
[252.381s][info][gc,phases      ] GC(535) Phase 1: Mark live objects 1.696ms
[252.381s][info][gc,phases,start] GC(535) Phase 2: Prepare compaction
[252.382s][info][gc,phases      ] GC(535) Phase 2: Prepare compaction 0.852ms
[252.382s][info][gc,phases,start] GC(535) Phase 3: Adjust pointers
[252.383s][info][gc,phases      ] GC(535) Phase 3: Adjust pointers 1.289ms
[252.383s][info][gc,phases,start] GC(535) Phase 4: Compact heap
[252.384s][info][gc,phases      ] GC(535) Phase 4: Compact heap 0.735ms
[252.384s][info][gc,phases,start] GC(535) Phase 5: Reset Metadata
[252.386s][info][gc,phases      ] GC(535) Phase 5: Reset Metadata 1.707ms
[252.398s][info][gc,heap        ] GC(535) Eden regions: 1->0(102)
[252.398s][info][gc,heap        ] GC(535) Survivor regions: 0->0(0)
[252.398s][info][gc,heap        ] GC(535) Old regions: 4->4
[252.398s][info][gc,heap        ] GC(535) Humongous regions: 0->0
[252.398s][info][gc,metaspace   ] GC(535) Metaspace: 651K(960K)->651K(960K) NonClass: 609K(832K)->609K(832K) Class: 42K(128K)->42K(128K)
[252.398s][info][gc             ] GC(535) Pause Full (System.gc()) 3M->1M(8192M) 18.832ms
[252.398s][info][gc,cpu         ] GC(535) User=0.05s Sys=0.00s Real=0.02s
[252.854s][info][gc,start       ] GC(536) Pause Full (System.gc())
[252.854s][info][gc,task        ] GC(536) Using 5 workers of 10 for full compaction
[252.854s][info][gc,phases,start] GC(536) Phase 1: Mark live objects
[252.857s][info][gc,phases      ] GC(536) Phase 1: Mark live objects 2.340ms
[252.857s][info][gc,phases,start] GC(536) Phase 2: Prepare compaction
[252.857s][info][gc,phases      ] GC(536) Phase 2: Prepare compaction 0.790ms
[252.857s][info][gc,phases,start] GC(536) Phase 3: Adjust pointers
[252.859s][info][gc,phases      ] GC(536) Phase 3: Adjust pointers 1.282ms
[252.859s][info][gc,phases,start] GC(536) Phase 4: Compact heap
[252.859s][info][gc,phases      ] GC(536) Phase 4: Compact heap 0.690ms
[252.860s][info][gc,phases,start] GC(536) Phase 5: Reset Metadata
[252.862s][info][gc,phases      ] GC(536) Phase 5: Reset Metadata 2.441ms
[252.874s][info][gc,heap        ] GC(536) Eden regions: 1->0(102)
[252.874s][info][gc,heap        ] GC(536) Survivor regions: 0->0(0)
[252.874s][info][gc,heap        ] GC(536) Old regions: 4->4
[252.874s][info][gc,heap        ] GC(536) Humongous regions: 0->0
[252.874s][info][gc,metaspace   ] GC(536) Metaspace: 656K(960K)->656K(960K) NonClass: 612K(832K)->612K(832K) Class: 44K(128K)->44K(128K)
[252.874s][info][gc             ] GC(536) Pause Full (System.gc()) 3M->1M(8192M) 20.389ms
[252.874s][info][gc,cpu         ] GC(536) User=0.04s Sys=0.01s Real=0.02s
[253.329s][info][gc,start       ] GC(537) Pause Full (System.gc())
[253.333s][info][gc,task        ] GC(537) Using 5 workers of 10 for full compaction
[253.333s][info][gc,phases,start] GC(537) Phase 1: Mark live objects
[253.335s][info][gc,phases      ] GC(537) Phase 1: Mark live objects 1.998ms
[253.335s][info][gc,phases,start] GC(537) Phase 2: Prepare compaction
[253.336s][info][gc,phases      ] GC(537) Phase 2: Prepare compaction 0.425ms
[253.336s][info][gc,phases,start] GC(537) Phase 3: Adjust pointers
[253.337s][info][gc,phases      ] GC(537) Phase 3: Adjust pointers 0.923ms
[253.337s][info][gc,phases,start] GC(537) Phase 4: Compact heap
[253.337s][info][gc,phases      ] GC(537) Phase 4: Compact heap 0.475ms
[253.337s][info][gc,phases,start] GC(537) Phase 5: Reset Metadata
[253.339s][info][gc,phases      ] GC(537) Phase 5: Reset Metadata 1.404ms
[253.348s][info][gc,heap        ] GC(537) Eden regions: 1->0(102)
[253.348s][info][gc,heap        ] GC(537) Survivor regions: 0->0(0)
[253.348s][info][gc,heap        ] GC(537) Old regions: 4->4
[253.348s][info][gc,heap        ] GC(537) Humongous regions: 0->0
[253.348s][info][gc,metaspace   ] GC(537) Metaspace: 661K(960K)->661K(960K) NonClass: 615K(832K)->615K(832K) Class: 45K(128K)->45K(128K)
[253.348s][info][gc             ] GC(537) Pause Full (System.gc()) 3M->1M(8192M) 19.158ms
[253.348s][info][gc,cpu         ] GC(537) User=0.04s Sys=0.00s Real=0.02s
[253.803s][info][gc,start       ] GC(538) Pause Full (System.gc())
[253.803s][info][gc,task        ] GC(538) Using 5 workers of 10 for full compaction
[253.803s][info][gc,phases,start] GC(538) Phase 1: Mark live objects
[253.808s][info][gc,phases      ] GC(538) Phase 1: Mark live objects 4.882ms
[253.808s][info][gc,phases,start] GC(538) Phase 2: Prepare compaction
[253.809s][info][gc,phases      ] GC(538) Phase 2: Prepare compaction 0.791ms
[253.809s][info][gc,phases,start] GC(538) Phase 3: Adjust pointers
[253.811s][info][gc,phases      ] GC(538) Phase 3: Adjust pointers 2.208ms
[253.811s][info][gc,phases,start] GC(538) Phase 4: Compact heap
[253.812s][info][gc,phases      ] GC(538) Phase 4: Compact heap 0.711ms
[253.812s][info][gc,phases,start] GC(538) Phase 5: Reset Metadata
[253.814s][info][gc,phases      ] GC(538) Phase 5: Reset Metadata 1.614ms
[253.823s][info][gc,heap        ] GC(538) Eden regions: 1->0(102)
[253.823s][info][gc,heap        ] GC(538) Survivor regions: 0->0(0)
[253.823s][info][gc,heap        ] GC(538) Old regions: 4->4
[253.823s][info][gc,heap        ] GC(538) Humongous regions: 0->0
[253.823s][info][gc,metaspace   ] GC(538) Metaspace: 666K(960K)->662K(960K) NonClass: 619K(832K)->617K(832K) Class: 47K(128K)->45K(128K)
[253.823s][info][gc             ] GC(538) Pause Full (System.gc()) 3M->1M(8192M) 20.423ms
[253.823s][info][gc,cpu         ] GC(538) User=0.05s Sys=0.00s Real=0.02s
[254.281s][info][gc,start       ] GC(539) Pause Full (System.gc())
[254.281s][info][gc,task        ] GC(539) Using 5 workers of 10 for full compaction
[254.281s][info][gc,phases,start] GC(539) Phase 1: Mark live objects
[254.284s][info][gc,phases      ] GC(539) Phase 1: Mark live objects 2.695ms
[254.284s][info][gc,phases,start] GC(539) Phase 2: Prepare compaction
[254.285s][info][gc,phases      ] GC(539) Phase 2: Prepare compaction 0.786ms
[254.285s][info][gc,phases,start] GC(539) Phase 3: Adjust pointers
[254.286s][info][gc,phases      ] GC(539) Phase 3: Adjust pointers 1.403ms
[254.286s][info][gc,phases,start] GC(539) Phase 4: Compact heap
[254.287s][info][gc,phases      ] GC(539) Phase 4: Compact heap 0.697ms
[254.287s][info][gc,phases,start] GC(539) Phase 5: Reset Metadata
[254.289s][info][gc,phases      ] GC(539) Phase 5: Reset Metadata 2.382ms
[254.299s][info][gc,heap        ] GC(539) Eden regions: 1->0(102)
[254.299s][info][gc,heap        ] GC(539) Survivor regions: 0->0(0)
[254.299s][info][gc,heap        ] GC(539) Old regions: 4->4
[254.299s][info][gc,heap        ] GC(539) Humongous regions: 0->0
[254.299s][info][gc,metaspace   ] GC(539) Metaspace: 667K(960K)->667K(960K) NonClass: 620K(832K)->620K(832K) Class: 47K(128K)->46K(128K)
[254.299s][info][gc             ] GC(539) Pause Full (System.gc()) 3M->1M(8192M) 18.792ms
[254.299s][info][gc,cpu         ] GC(539) User=0.05s Sys=0.00s Real=0.02s
[254.756s][info][gc,start       ] GC(540) Pause Full (System.gc())
[254.757s][info][gc,task        ] GC(540) Using 5 workers of 10 for full compaction
[254.757s][info][gc,phases,start] GC(540) Phase 1: Mark live objects
[254.760s][info][gc,phases      ] GC(540) Phase 1: Mark live objects 2.767ms
[254.760s][info][gc,phases,start] GC(540) Phase 2: Prepare compaction
[254.760s][info][gc,phases      ] GC(540) Phase 2: Prepare compaction 0.793ms
[254.760s][info][gc,phases,start] GC(540) Phase 3: Adjust pointers
[254.762s][info][gc,phases      ] GC(540) Phase 3: Adjust pointers 1.432ms
[254.762s][info][gc,phases,start] GC(540) Phase 4: Compact heap
[254.763s][info][gc,phases      ] GC(540) Phase 4: Compact heap 1.523ms
[254.764s][info][gc,phases,start] GC(540) Phase 5: Reset Metadata
[254.766s][info][gc,phases      ] GC(540) Phase 5: Reset Metadata 2.445ms
[254.777s][info][gc,heap        ] GC(540) Eden regions: 1->0(102)
[254.777s][info][gc,heap        ] GC(540) Survivor regions: 0->0(0)
[254.777s][info][gc,heap        ] GC(540) Old regions: 4->4
[254.777s][info][gc,heap        ] GC(540) Humongous regions: 0->0
[254.777s][info][gc,metaspace   ] GC(540) Metaspace: 672K(960K)->671K(960K) NonClass: 623K(832K)->623K(832K) Class: 48K(128K)->48K(128K)
[254.777s][info][gc             ] GC(540) Pause Full (System.gc()) 3M->1M(8192M) 20.486ms
[254.777s][info][gc,cpu         ] GC(540) User=0.05s Sys=0.00s Real=0.02s
[255.234s][info][gc,start       ] GC(541) Pause Full (System.gc())
[255.234s][info][gc,task        ] GC(541) Using 5 workers of 10 for full compaction
[255.234s][info][gc,phases,start] GC(541) Phase 1: Mark live objects
[255.238s][info][gc,phases      ] GC(541) Phase 1: Mark live objects 3.131ms
[255.238s][info][gc,phases,start] GC(541) Phase 2: Prepare compaction
[255.238s][info][gc,phases      ] GC(541) Phase 2: Prepare compaction 0.790ms
[255.239s][info][gc,phases,start] GC(541) Phase 3: Adjust pointers
[255.240s][info][gc,phases      ] GC(541) Phase 3: Adjust pointers 1.286ms
[255.240s][info][gc,phases,start] GC(541) Phase 4: Compact heap
[255.241s][info][gc,phases      ] GC(541) Phase 4: Compact heap 0.688ms
[255.241s][info][gc,phases,start] GC(541) Phase 5: Reset Metadata
[255.242s][info][gc,phases      ] GC(541) Phase 5: Reset Metadata 1.825ms
[255.252s][info][gc,heap        ] GC(541) Eden regions: 1->0(102)
[255.253s][info][gc,heap        ] GC(541) Survivor regions: 0->0(0)
[255.253s][info][gc,heap        ] GC(541) Old regions: 4->4
[255.253s][info][gc,heap        ] GC(541) Humongous regions: 0->0
[255.253s][info][gc,metaspace   ] GC(541) Metaspace: 676K(960K)->655K(960K) NonClass: 626K(832K)->614K(832K) Class: 49K(128K)->41K(128K)
[255.253s][info][gc             ] GC(541) Pause Full (System.gc()) 3M->1M(8192M) 18.675ms
[255.253s][info][gc,cpu         ] GC(541) User=0.05s Sys=0.00s Real=0.02s
[255.707s][info][gc,start       ] GC(542) Pause Full (System.gc())
[255.707s][info][gc,task        ] GC(542) Using 5 workers of 10 for full compaction
[255.707s][info][gc,phases,start] GC(542) Phase 1: Mark live objects
[255.710s][info][gc,phases      ] GC(542) Phase 1: Mark live objects 2.621ms
[255.710s][info][gc,phases,start] GC(542) Phase 2: Prepare compaction
[255.711s][info][gc,phases      ] GC(542) Phase 2: Prepare compaction 0.906ms
[255.711s][info][gc,phases,start] GC(542) Phase 3: Adjust pointers
[255.712s][info][gc,phases      ] GC(542) Phase 3: Adjust pointers 1.318ms
[255.712s][info][gc,phases,start] GC(542) Phase 4: Compact heap
[255.713s][info][gc,phases      ] GC(542) Phase 4: Compact heap 0.686ms
[255.713s][info][gc,phases,start] GC(542) Phase 5: Reset Metadata
[255.715s][info][gc,phases      ] GC(542) Phase 5: Reset Metadata 1.935ms
[255.725s][info][gc,heap        ] GC(542) Eden regions: 1->0(102)
[255.725s][info][gc,heap        ] GC(542) Survivor regions: 0->0(0)
[255.725s][info][gc,heap        ] GC(542) Old regions: 4->4
[255.725s][info][gc,heap        ] GC(542) Humongous regions: 0->0
[255.725s][info][gc,metaspace   ] GC(542) Metaspace: 660K(960K)->657K(960K) NonClass: 617K(832K)->616K(832K) Class: 42K(128K)->41K(128K)
[255.725s][info][gc             ] GC(542) Pause Full (System.gc()) 3M->1M(8192M) 18.284ms
[255.725s][info][gc,cpu         ] GC(542) User=0.06s Sys=0.01s Real=0.01s
[256.178s][info][gc,start       ] GC(543) Pause Full (System.gc())
[256.178s][info][gc,task        ] GC(543) Using 5 workers of 10 for full compaction
[256.178s][info][gc,phases,start] GC(543) Phase 1: Mark live objects
[256.180s][info][gc,phases      ] GC(543) Phase 1: Mark live objects 1.546ms
[256.180s][info][gc,phases,start] GC(543) Phase 2: Prepare compaction
[256.181s][info][gc,phases      ] GC(543) Phase 2: Prepare compaction 0.447ms
[256.181s][info][gc,phases,start] GC(543) Phase 3: Adjust pointers
[256.181s][info][gc,phases      ] GC(543) Phase 3: Adjust pointers 0.729ms
[256.181s][info][gc,phases,start] GC(543) Phase 4: Compact heap
[256.182s][info][gc,phases      ] GC(543) Phase 4: Compact heap 0.368ms
[256.182s][info][gc,phases,start] GC(543) Phase 5: Reset Metadata
[256.183s][info][gc,phases      ] GC(543) Phase 5: Reset Metadata 1.421ms
[256.195s][info][gc,heap        ] GC(543) Eden regions: 1->0(102)
[256.195s][info][gc,heap        ] GC(543) Survivor regions: 0->0(0)
[256.195s][info][gc,heap        ] GC(543) Old regions: 4->4
[256.195s][info][gc,heap        ] GC(543) Humongous regions: 0->0
[256.195s][info][gc,metaspace   ] GC(543) Metaspace: 662K(960K)->662K(960K) NonClass: 619K(832K)->619K(832K) Class: 43K(128K)->43K(128K)
[256.195s][info][gc             ] GC(543) Pause Full (System.gc()) 3M->1M(8192M) 17.343ms
[256.196s][info][gc,cpu         ] GC(543) User=0.04s Sys=0.00s Real=0.02s
[256.653s][info][gc,start       ] GC(544) Pause Full (System.gc())
[256.653s][info][gc,task        ] GC(544) Using 5 workers of 10 for full compaction
[256.654s][info][gc,phases,start] GC(544) Phase 1: Mark live objects
[256.656s][info][gc,phases      ] GC(544) Phase 1: Mark live objects 2.632ms
[256.656s][info][gc,phases,start] GC(544) Phase 2: Prepare compaction
[256.657s][info][gc,phases      ] GC(544) Phase 2: Prepare compaction 0.957ms
[256.657s][info][gc,phases,start] GC(544) Phase 3: Adjust pointers
[256.659s][info][gc,phases      ] GC(544) Phase 3: Adjust pointers 1.307ms
[256.659s][info][gc,phases,start] GC(544) Phase 4: Compact heap
[256.660s][info][gc,phases      ] GC(544) Phase 4: Compact heap 0.881ms
[256.660s][info][gc,phases,start] GC(544) Phase 5: Reset Metadata
[256.662s][info][gc,phases      ] GC(544) Phase 5: Reset Metadata 2.307ms
[256.672s][info][gc,heap        ] GC(544) Eden regions: 1->0(102)
[256.672s][info][gc,heap        ] GC(544) Survivor regions: 0->0(0)
[256.672s][info][gc,heap        ] GC(544) Old regions: 4->4
[256.672s][info][gc,heap        ] GC(544) Humongous regions: 0->0
[256.672s][info][gc,metaspace   ] GC(544) Metaspace: 667K(960K)->667K(960K) NonClass: 622K(832K)->622K(832K) Class: 45K(128K)->45K(128K)
[256.672s][info][gc             ] GC(544) Pause Full (System.gc()) 3M->1M(8192M) 18.922ms
[256.672s][info][gc,cpu         ] GC(544) User=0.04s Sys=0.00s Real=0.02s
[257.126s][info][gc,start       ] GC(545) Pause Full (System.gc())
[257.126s][info][gc,task        ] GC(545) Using 5 workers of 10 for full compaction
[257.126s][info][gc,phases,start] GC(545) Phase 1: Mark live objects
[257.129s][info][gc,phases      ] GC(545) Phase 1: Mark live objects 2.616ms
[257.129s][info][gc,phases,start] GC(545) Phase 2: Prepare compaction
[257.130s][info][gc,phases      ] GC(545) Phase 2: Prepare compaction 0.806ms
[257.130s][info][gc,phases,start] GC(545) Phase 3: Adjust pointers
[257.131s][info][gc,phases      ] GC(545) Phase 3: Adjust pointers 1.595ms
[257.131s][info][gc,phases,start] GC(545) Phase 4: Compact heap
[257.132s][info][gc,phases      ] GC(545) Phase 4: Compact heap 0.782ms
[257.132s][info][gc,phases,start] GC(545) Phase 5: Reset Metadata
[257.134s][info][gc,phases      ] GC(545) Phase 5: Reset Metadata 1.729ms
[257.144s][info][gc,heap        ] GC(545) Eden regions: 1->0(102)
[257.144s][info][gc,heap        ] GC(545) Survivor regions: 0->0(0)
[257.144s][info][gc,heap        ] GC(545) Old regions: 4->4
[257.144s][info][gc,heap        ] GC(545) Humongous regions: 0->0
[257.144s][info][gc,metaspace   ] GC(545) Metaspace: 672K(960K)->672K(960K) NonClass: 625K(832K)->625K(832K) Class: 46K(128K)->46K(128K)
[257.144s][info][gc             ] GC(545) Pause Full (System.gc()) 3M->1M(8192M) 18.623ms
[257.144s][info][gc,cpu         ] GC(545) User=0.05s Sys=0.01s Real=0.01s
[257.597s][info][gc,start       ] GC(546) Pause Full (System.gc())
[257.597s][info][gc,task        ] GC(546) Using 5 workers of 10 for full compaction
[257.598s][info][gc,phases,start] GC(546) Phase 1: Mark live objects
[257.601s][info][gc,phases      ] GC(546) Phase 1: Mark live objects 3.132ms
[257.601s][info][gc,phases,start] GC(546) Phase 2: Prepare compaction
[257.602s][info][gc,phases      ] GC(546) Phase 2: Prepare compaction 0.824ms
[257.602s][info][gc,phases,start] GC(546) Phase 3: Adjust pointers
[257.603s][info][gc,phases      ] GC(546) Phase 3: Adjust pointers 1.302ms
[257.603s][info][gc,phases,start] GC(546) Phase 4: Compact heap
[257.604s][info][gc,phases      ] GC(546) Phase 4: Compact heap 0.697ms
[257.604s][info][gc,phases,start] GC(546) Phase 5: Reset Metadata
[257.605s][info][gc,phases      ] GC(546) Phase 5: Reset Metadata 1.653ms
[257.616s][info][gc,heap        ] GC(546) Eden regions: 1->0(102)
[257.616s][info][gc,heap        ] GC(546) Survivor regions: 0->0(0)
[257.616s][info][gc,heap        ] GC(546) Old regions: 4->4
[257.616s][info][gc,heap        ] GC(546) Humongous regions: 0->0
[257.616s][info][gc,metaspace   ] GC(546) Metaspace: 677K(960K)->666K(960K) NonClass: 629K(832K)->623K(832K) Class: 48K(128K)->43K(128K)
[257.616s][info][gc             ] GC(546) Pause Full (System.gc()) 3M->1M(8192M) 19.203ms
[257.616s][info][gc,cpu         ] GC(546) User=0.05s Sys=0.00s Real=0.02s
[258.069s][info][gc,start       ] GC(547) Pause Full (System.gc())
[258.069s][info][gc,task        ] GC(547) Using 5 workers of 10 for full compaction
[258.069s][info][gc,phases,start] GC(547) Phase 1: Mark live objects
[258.072s][info][gc,phases      ] GC(547) Phase 1: Mark live objects 2.993ms
[258.072s][info][gc,phases,start] GC(547) Phase 2: Prepare compaction
[258.073s][info][gc,phases      ] GC(547) Phase 2: Prepare compaction 0.852ms
[258.073s][info][gc,phases,start] GC(547) Phase 3: Adjust pointers
[258.075s][info][gc,phases      ] GC(547) Phase 3: Adjust pointers 1.308ms
[258.075s][info][gc,phases,start] GC(547) Phase 4: Compact heap
[258.075s][info][gc,phases      ] GC(547) Phase 4: Compact heap 0.696ms
[258.075s][info][gc,phases,start] GC(547) Phase 5: Reset Metadata
[258.077s][info][gc,phases      ] GC(547) Phase 5: Reset Metadata 1.986ms
[258.087s][info][gc,heap        ] GC(547) Eden regions: 1->0(102)
[258.087s][info][gc,heap        ] GC(547) Survivor regions: 0->0(0)
[258.088s][info][gc,heap        ] GC(547) Old regions: 4->4
[258.088s][info][gc,heap        ] GC(547) Humongous regions: 0->0
[258.088s][info][gc,metaspace   ] GC(547) Metaspace: 671K(960K)->669K(960K) NonClass: 626K(832K)->625K(832K) Class: 45K(128K)->44K(128K)
[258.088s][info][gc             ] GC(547) Pause Full (System.gc()) 3M->1M(8192M) 18.777ms
[258.088s][info][gc,cpu         ] GC(547) User=0.05s Sys=0.00s Real=0.02s
[258.545s][info][gc,start       ] GC(548) Pause Full (System.gc())
[258.545s][info][gc,task        ] GC(548) Using 5 workers of 10 for full compaction
[258.545s][info][gc,phases,start] GC(548) Phase 1: Mark live objects
[258.548s][info][gc,phases      ] GC(548) Phase 1: Mark live objects 3.093ms
[258.549s][info][gc,phases,start] GC(548) Phase 2: Prepare compaction
[258.549s][info][gc,phases      ] GC(548) Phase 2: Prepare compaction 0.819ms
[258.549s][info][gc,phases,start] GC(548) Phase 3: Adjust pointers
[258.551s][info][gc,phases      ] GC(548) Phase 3: Adjust pointers 1.301ms
[258.551s][info][gc,phases,start] GC(548) Phase 4: Compact heap
[258.552s][info][gc,phases      ] GC(548) Phase 4: Compact heap 0.695ms
[258.552s][info][gc,phases,start] GC(548) Phase 5: Reset Metadata
[258.554s][info][gc,phases      ] GC(548) Phase 5: Reset Metadata 2.002ms
[258.563s][info][gc,heap        ] GC(548) Eden regions: 1->0(102)
[258.563s][info][gc,heap        ] GC(548) Survivor regions: 0->0(0)
[258.563s][info][gc,heap        ] GC(548) Old regions: 4->4
[258.563s][info][gc,heap        ] GC(548) Humongous regions: 0->0
[258.563s][info][gc,metaspace   ] GC(548) Metaspace: 674K(960K)->673K(960K) NonClass: 628K(832K)->627K(832K) Class: 45K(128K)->45K(128K)
[258.563s][info][gc             ] GC(548) Pause Full (System.gc()) 3M->1M(8192M) 18.610ms
[258.564s][info][gc,cpu         ] GC(548) User=0.05s Sys=0.00s Real=0.02s
[259.020s][info][gc,start       ] GC(549) Pause Full (System.gc())
[259.021s][info][gc,task        ] GC(549) Using 5 workers of 10 for full compaction
[259.021s][info][gc,phases,start] GC(549) Phase 1: Mark live objects
[259.024s][info][gc,phases      ] GC(549) Phase 1: Mark live objects 3.367ms
[259.024s][info][gc,phases,start] GC(549) Phase 2: Prepare compaction
[259.025s][info][gc,phases      ] GC(549) Phase 2: Prepare compaction 0.823ms
[259.025s][info][gc,phases,start] GC(549) Phase 3: Adjust pointers
[259.026s][info][gc,phases      ] GC(549) Phase 3: Adjust pointers 1.299ms
[259.027s][info][gc,phases,start] GC(549) Phase 4: Compact heap
[259.027s][info][gc,phases      ] GC(549) Phase 4: Compact heap 0.720ms
[259.027s][info][gc,phases,start] GC(549) Phase 5: Reset Metadata
[259.029s][info][gc,phases      ] GC(549) Phase 5: Reset Metadata 2.066ms
[259.040s][info][gc,heap        ] GC(549) Eden regions: 1->0(102)
[259.040s][info][gc,heap        ] GC(549) Survivor regions: 0->0(0)
[259.040s][info][gc,heap        ] GC(549) Old regions: 4->4
[259.040s][info][gc,heap        ] GC(549) Humongous regions: 0->0
[259.040s][info][gc,metaspace   ] GC(549) Metaspace: 678K(960K)->673K(960K) NonClass: 631K(832K)->628K(832K) Class: 47K(128K)->45K(128K)
[259.040s][info][gc             ] GC(549) Pause Full (System.gc()) 3M->1M(8192M) 19.845ms
[259.040s][info][gc,cpu         ] GC(549) User=0.05s Sys=0.00s Real=0.02s
[259.497s][info][gc,heap,exit   ] Heap
[259.497s][info][gc,heap,exit   ]  garbage-first heap   total 8388608K, used 5235K [0x0000000600000000, 0x0000000800000000)
[259.497s][info][gc,heap,exit   ]   region size 4096K, 1 young (4096K), 0 survivors (0K)
[259.497s][info][gc,heap,exit   ]  Metaspace       used 675K, committed 960K, reserved 1114112K
[259.497s][info][gc,heap,exit   ]   class space    used 45K, committed 128K, reserved 1048576K
