[0.007s][info][gc] Using G1
[0.010s][info][gc,init] Version: 16.0.1+9 (release)
[0.010s][info][gc,init] CPUs: 16 total, 16 available
[0.010s][info][gc,init] Memory: 65536M
[0.010s][info][gc,init] Large Page Support: Disabled
[0.010s][info][gc,init] NUMA Support: Disabled
[0.010s][info][gc,init] Compressed Oops: Enabled (Zero based)
[0.010s][info][gc,init] Heap Region Size: 8M
[0.010s][info][gc,init] Heap Min Capacity: 8M
[0.010s][info][gc,init] Heap Initial Capacity: 1G
[0.010s][info][gc,init] Heap Max Capacity: 16G
[0.010s][info][gc,init] Pre-touch: Disabled
[0.010s][info][gc,init] Parallel Workers: 13
[0.010s][info][gc,init] Concurrent Workers: 3
[0.010s][info][gc,init] Concurrent Refinement Workers: 13
[0.010s][info][gc,init] Periodic GC: Disabled
[0.010s][info][gc,metaspace] CDS archive(s) mapped at: [0x0000000800000000-0x0000000800bee000-0x0000000800bee000), size 12509184, SharedBaseAddress: 0x0000000800000000, ArchiveRelocationMode: 0.
[0.010s][info][gc,metaspace] Compressed class space mapped at: 0x0000000800c00000-0x0000000840c00000, reserved size: 1073741824
[0.010s][info][gc,metaspace] Narrow klass base: 0x0000000800000000, Narrow klass shift: 3, Narrow klass range: 0x100000000
[0.231s][info][gc,start    ] GC(0) Pause Young (Normal) (G1 Evacuation Pause)
[0.231s][info][gc,task     ] GC(0) Using 13 workers of 13 for evacuation
[0.237s][info][gc,phases   ] GC(0)   Pre Evacuate Collection Set: 0.1ms
[0.237s][debug][gc,phases   ] GC(0)     Prepare TLABs: 0.0ms
[0.237s][debug][gc,phases   ] GC(0)     Concatenate Dirty Card Logs: 0.0ms
[0.237s][debug][gc,phases   ] GC(0)     Choose Collection Set: 0.0ms
[0.237s][debug][gc,phases   ] GC(0)     Region Register: 0.1ms
[0.237s][debug][gc,phases   ] GC(0)     Prepare Heap Roots: 0.0ms
[0.237s][info ][gc,phases   ] GC(0)   Merge Heap Roots: 0.1ms
[0.237s][debug][gc,phases   ] GC(0)     Prepare Merge Heap Roots: 0.0ms
[0.237s][debug][gc,phases   ] GC(0)     Eager Reclaim (ms):       skipped
[0.237s][debug][gc,phases   ] GC(0)     Remembered Sets (ms):     Min:  0.0, Avg:  0.0, Max:  0.0, Diff:  0.0, Sum:  0.0, Workers: 13
[0.237s][debug][gc,phases   ] GC(0)       Merged Sparse:            Min: 0, Avg:  0.0, Max: 0, Diff: 0, Sum: 0, Workers: 13
[0.237s][debug][gc,phases   ] GC(0)       Merged Fine:              Min: 0, Avg:  0.0, Max: 0, Diff: 0, Sum: 0, Workers: 13
[0.237s][debug][gc,phases   ] GC(0)       Merged Coarse:            Min: 0, Avg:  0.0, Max: 0, Diff: 0, Sum: 0, Workers: 13
[0.237s][debug][gc,phases   ] GC(0)       Dirty Cards:              Min: 0, Avg:  0.0, Max: 0, Diff: 0, Sum: 0, Workers: 13
[0.237s][debug][gc,phases   ] GC(0)     Hot Card Cache (ms):      Min:  0.0, Avg:  0.0, Max:  0.0, Diff:  0.0, Sum:  0.0, Workers: 13
[0.237s][debug][gc,phases   ] GC(0)       Dirty Cards:              Min: 0, Avg:  0.0, Max: 0, Diff: 0, Sum: 0, Workers: 13
[0.237s][debug][gc,phases   ] GC(0)       Skipped Cards:            Min: 0, Avg:  0.0, Max: 0, Diff: 0, Sum: 0, Workers: 13
[0.237s][debug][gc,phases   ] GC(0)     Log Buffers (ms):         Min:  0.0, Avg:  0.0, Max:  0.0, Diff:  0.0, Sum:  0.0, Workers: 13
[0.238s][debug][gc,phases   ] GC(0)       Dirty Cards:              Min: 0, Avg: 30.8, Max: 256, Diff: 256, Sum: 400, Workers: 13
[0.238s][debug][gc,phases   ] GC(0)       Skipped Cards:            Min: 0, Avg:  0.0, Max: 0, Diff: 0, Sum: 0, Workers: 13
[0.238s][info ][gc,phases   ] GC(0)   Evacuate Collection Set: 5.4ms
[0.238s][debug][gc,phases   ] GC(0)     Ext Root Scanning (ms):   Min:  0.0, Avg:  0.1, Max:  0.3, Diff:  0.3, Sum:  1.1, Workers: 13
[0.238s][debug][gc,phases   ] GC(0)     Scan Heap Roots (ms):     Min:  0.0, Avg:  0.2, Max:  2.9, Diff:  2.9, Sum:  2.9, Workers: 13
[0.238s][debug][gc,phases   ] GC(0)       Scanned Cards:            Min: 0, Avg: 30.8, Max: 400, Diff: 400, Sum: 400, Workers: 13
[0.238s][debug][gc,phases   ] GC(0)       Scanned Blocks:           Min: 0, Avg:  3.8, Max: 50, Diff: 50, Sum: 50, Workers: 13
[0.238s][debug][gc,phases   ] GC(0)       Claimed Chunks:           Min: 0, Avg:  0.1, Max: 1, Diff: 1, Sum: 1, Workers: 13
[0.238s][debug][gc,phases   ] GC(0)     Code Root Scan (ms):      Min:  0.0, Avg:  0.0, Max:  0.1, Diff:  0.1, Sum:  0.1, Workers: 13
[0.238s][debug][gc,phases   ] GC(0)     Object Copy (ms):         Min:  2.3, Avg:  4.9, Max:  5.2, Diff:  2.9, Sum: 63.9, Workers: 13
[0.238s][debug][gc,phases   ] GC(0)     Termination (ms):         Min:  0.0, Avg:  0.1, Max:  0.1, Diff:  0.0, Sum:  0.8, Workers: 13
[0.238s][debug][gc,phases   ] GC(0)       Termination Attempts:     Min: 1, Avg:  1.1, Max: 2, Diff: 1, Sum: 14, Workers: 13
[0.238s][debug][gc,phases   ] GC(0)     GC Worker Other (ms):     Min:  0.0, Avg:  0.1, Max:  0.1, Diff:  0.1, Sum:  0.8, Workers: 13
[0.238s][debug][gc,phases   ] GC(0)     GC Worker Total (ms):     Min:  5.3, Avg:  5.4, Max:  5.4, Diff:  0.0, Sum: 69.7, Workers: 13
[0.238s][info ][gc,phases   ] GC(0)   Post Evacuate Collection Set: 0.3ms
[0.238s][debug][gc,phases   ] GC(0)     Code Roots Fixup: 0.0ms
[0.238s][debug][gc,phases   ] GC(0)     Clear Card Table: 0.0ms
[0.238s][debug][gc,phases   ] GC(0)     Reference Processing: 0.0ms
[0.238s][debug][gc,phases   ] GC(0)     Weak Processing: 0.1ms
[0.238s][debug][gc,phases   ] GC(0)       VM Weak                   Min:  0.0, Avg:  0.0, Max:  0.0, Diff:  0.0, Sum:  0.0, Workers: 1
[0.238s][debug][gc,phases   ] GC(0)         Dead                      Min: 0, Avg:  0.0, Max: 0, Diff: 0, Sum: 0, Workers: 1
[0.238s][debug][gc,phases   ] GC(0)         Total                     Min: 38, Avg: 38.0, Max: 38, Diff: 0, Sum: 38, Workers: 1
[0.238s][debug][gc,phases   ] GC(0)       ObjectSynchronizer Weak   Min:  0.0, Avg:  0.0, Max:  0.0, Diff:  0.0, Sum:  0.0, Workers: 1
[0.238s][debug][gc,phases   ] GC(0)         Dead                      Min: 0, Avg:  0.0, Max: 0, Diff: 0, Sum: 0, Workers: 1
[0.238s][debug][gc,phases   ] GC(0)         Total                     Min: 4, Avg:  4.0, Max: 4, Diff: 0, Sum: 4, Workers: 1
[0.238s][debug][gc,phases   ] GC(0)       JVMTI Tag Weak OopStorage Min:  0.0, Avg:  0.0, Max:  0.0, Diff:  0.0, Sum:  0.0, Workers: 1
[0.238s][debug][gc,phases   ] GC(0)         Dead                      Min: 0, Avg:  0.0, Max: 0, Diff: 0, Sum: 0, Workers: 1
[0.238s][debug][gc,phases   ] GC(0)         Total                     Min: 0, Avg:  0.0, Max: 0, Diff: 0, Sum: 0, Workers: 1
[0.238s][debug][gc,phases   ] GC(0)       StringTable Weak          Min:  0.0, Avg:  0.0, Max:  0.0, Diff:  0.0, Sum:  0.0, Workers: 1
[0.238s][debug][gc,phases   ] GC(0)         Dead                      Min: 4, Avg:  4.0, Max: 4, Diff: 0, Sum: 4, Workers: 1
[0.238s][debug][gc,phases   ] GC(0)         Total                     Min: 355, Avg: 355.0, Max: 355, Diff: 0, Sum: 355, Workers: 1
[0.238s][debug][gc,phases   ] GC(0)       ResolvedMethodTable Weak  Min:  0.0, Avg:  0.0, Max:  0.0, Diff:  0.0, Sum:  0.0, Workers: 1
[0.238s][debug][gc,phases   ] GC(0)         Dead                      Min: 0, Avg:  0.0, Max: 0, Diff: 0, Sum: 0, Workers: 1
[0.238s][debug][gc,phases   ] GC(0)         Total                     Min: 252, Avg: 252.0, Max: 252, Diff: 0, Sum: 252, Workers: 1
[0.238s][debug][gc,phases   ] GC(0)       JNI Weak                  Min:  0.0, Avg:  0.0, Max:  0.0, Diff:  0.0, Sum:  0.0, Workers: 1
[0.238s][debug][gc,phases   ] GC(0)         Dead                      Min: 0, Avg:  0.0, Max: 0, Diff: 0, Sum: 0, Workers: 1
[0.238s][debug][gc,phases   ] GC(0)         Total                     Min: 4, Avg:  4.0, Max: 4, Diff: 0, Sum: 4, Workers: 1
[0.238s][debug][gc,phases   ] GC(0)       Weak JFR Old Object Samples Min:  0.0, Avg:  0.0, Max:  0.0, Diff:  0.0, Sum:  0.0, Workers: 1
[0.238s][debug][gc,phases   ] GC(0)         Dead                      Min: 0, Avg:  0.0, Max: 0, Diff: 0, Sum: 0, Workers: 1
[0.238s][debug][gc,phases   ] GC(0)         Total                     Min: 0, Avg:  0.0, Max: 0, Diff: 0, Sum: 0, Workers: 1
[0.238s][debug][gc,phases   ] GC(0)     Merge Per-Thread State: 0.0ms
[0.238s][debug][gc,phases   ] GC(0)       Copied Bytes              Min: 252432, Avg: 661498.5, Max: 802008, Diff: 549576, Sum: 8599480, Workers: 13
[0.238s][debug][gc,phases   ] GC(0)       LAB Waste                 Min: 2568, Avg: 7168.0, Max: 11616, Diff: 9048, Sum: 93184, Workers: 13
[0.238s][debug][gc,phases   ] GC(0)       LAB Undo Waste            Min: 0, Avg: 28.3, Max: 368, Diff: 368, Sum: 368, Workers: 13
[0.238s][debug][gc,phases   ] GC(0)     Code Roots Purge: 0.0ms
[0.238s][debug][gc,phases   ] GC(0)     Redirty Cards: 0.0ms
[0.238s][debug][gc,phases   ] GC(0)     DerivedPointerTable Update: 0.0ms
[0.238s][debug][gc,phases   ] GC(0)     Free Collection Set: 0.1ms
[0.238s][debug][gc,phases   ] GC(0)     Rebuild Free List: 0.0ms
[0.238s][debug][gc,phases   ] GC(0)     Humongous Reclaim: 0.0ms
[0.238s][debug][gc,phases   ] GC(0)     Start New Collection Set: 0.0ms
[0.238s][debug][gc,phases   ] GC(0)     Resize TLABs: 0.0ms
[0.238s][debug][gc,phases   ] GC(0)     Expand Heap After Collection: 0.0ms
[0.238s][info ][gc,phases   ] GC(0)   Other: 0.9ms
[0.238s][info ][gc,heap     ] GC(0) Eden regions: 6->0(5)
[0.238s][info ][gc,heap     ] GC(0) Survivor regions: 0->1(1)
[0.238s][info ][gc,heap     ] GC(0) Old regions: 0->1
[0.238s][info ][gc,heap     ] GC(0) Archive regions: 2->2
[0.238s][info ][gc,heap     ] GC(0) Humongous regions: 0->0
[0.238s][info ][gc,metaspace] GC(0) Metaspace: 1245K(1408K)->1245K(1408K) NonClass: 1146K(1280K)->1146K(1280K) Class: 98K(128K)->98K(128K)
[0.238s][info ][gc          ] GC(0) Pause Young (Normal) (G1 Evacuation Pause) 55M->16M(1040M) 7.378ms
[0.238s][info ][gc,cpu      ] GC(0) User=0.04s Sys=0.03s Real=0.01s
[0.306s][info ][gc,start    ] GC(1) Pause Young (Normal) (G1 Evacuation Pause)
[0.306s][info ][gc,task     ] GC(1) Using 13 workers of 13 for evacuation
[0.310s][info ][gc,phases   ] GC(1)   Pre Evacuate Collection Set: 0.1ms
[0.311s][debug][gc,phases   ] GC(1)     Prepare TLABs: 0.0ms
[0.311s][debug][gc,phases   ] GC(1)     Concatenate Dirty Card Logs: 0.0ms
[0.311s][debug][gc,phases   ] GC(1)     Choose Collection Set: 0.0ms
[0.311s][debug][gc,phases   ] GC(1)     Region Register: 0.1ms
[0.311s][debug][gc,phases   ] GC(1)     Prepare Heap Roots: 0.0ms
[0.311s][info ][gc,phases   ] GC(1)   Merge Heap Roots: 0.0ms
[0.311s][debug][gc,phases   ] GC(1)     Prepare Merge Heap Roots: 0.0ms
[0.311s][debug][gc,phases   ] GC(1)     Eager Reclaim (ms):       skipped
[0.311s][debug][gc,phases   ] GC(1)     Remembered Sets (ms):     Min:  0.0, Avg:  0.0, Max:  0.0, Diff:  0.0, Sum:  0.0, Workers: 13
[0.311s][debug][gc,phases   ] GC(1)       Merged Sparse:            Min: 0, Avg:  0.0, Max: 0, Diff: 0, Sum: 0, Workers: 13
[0.311s][debug][gc,phases   ] GC(1)       Merged Fine:              Min: 0, Avg:  0.0, Max: 0, Diff: 0, Sum: 0, Workers: 13
[0.311s][debug][gc,phases   ] GC(1)       Merged Coarse:            Min: 0, Avg:  0.0, Max: 0, Diff: 0, Sum: 0, Workers: 13
[0.311s][debug][gc,phases   ] GC(1)       Dirty Cards:              Min: 0, Avg:  0.0, Max: 0, Diff: 0, Sum: 0, Workers: 13
[0.311s][debug][gc,phases   ] GC(1)     Hot Card Cache (ms):      Min:  0.0, Avg:  0.0, Max:  0.0, Diff:  0.0, Sum:  0.0, Workers: 13
[0.311s][debug][gc,phases   ] GC(1)       Dirty Cards:              Min: 0, Avg:  0.0, Max: 0, Diff: 0, Sum: 0, Workers: 13
[0.311s][debug][gc,phases   ] GC(1)       Skipped Cards:            Min: 0, Avg:  0.0, Max: 0, Diff: 0, Sum: 0, Workers: 13
[0.311s][debug][gc,phases   ] GC(1)     Log Buffers (ms):         Min:  0.0, Avg:  0.0, Max:  0.0, Diff:  0.0, Sum:  0.0, Workers: 13
[0.311s][debug][gc,phases   ] GC(1)       Dirty Cards:              Min: 0, Avg: 73.3, Max: 439, Diff: 439, Sum: 953, Workers: 13
[0.311s][debug][gc,phases   ] GC(1)       Skipped Cards:            Min: 0, Avg:  0.0, Max: 0, Diff: 0, Sum: 0, Workers: 13
[0.311s][info ][gc,phases   ] GC(1)   Evacuate Collection Set: 4.1ms
[0.311s][debug][gc,phases   ] GC(1)     Ext Root Scanning (ms):   Min:  0.0, Avg:  0.0, Max:  0.1, Diff:  0.1, Sum:  0.5, Workers: 13
[0.311s][debug][gc,phases   ] GC(1)     Scan Heap Roots (ms):     Min:  0.0, Avg:  0.1, Max:  1.2, Diff:  1.2, Sum:  1.5, Workers: 13
[0.311s][debug][gc,phases   ] GC(1)       Scanned Cards:            Min: 0, Avg: 64.4, Max: 573, Diff: 573, Sum: 837, Workers: 13
[0.311s][debug][gc,phases   ] GC(1)       Scanned Blocks:           Min: 0, Avg:  6.9, Max: 65, Diff: 65, Sum: 90, Workers: 13
[0.311s][debug][gc,phases   ] GC(1)       Claimed Chunks:           Min: 0, Avg:  0.2, Max: 1, Diff: 1, Sum: 2, Workers: 13
[0.311s][debug][gc,phases   ] GC(1)     Code Root Scan (ms):      Min:  0.0, Avg:  0.0, Max:  0.2, Diff:  0.2, Sum:  0.2, Workers: 13
[0.311s][debug][gc,phases   ] GC(1)     Object Copy (ms):         Min:  2.7, Avg:  3.8, Max:  3.9, Diff:  1.2, Sum: 49.1, Workers: 13
[0.311s][debug][gc,phases   ] GC(1)     Termination (ms):         Min:  0.1, Avg:  0.1, Max:  0.1, Diff:  0.0, Sum:  1.4, Workers: 13
[0.311s][debug][gc,phases   ] GC(1)       Termination Attempts:     Min: 1, Avg:  1.0, Max: 1, Diff: 0, Sum: 13, Workers: 13
[0.311s][debug][gc,phases   ] GC(1)     GC Worker Other (ms):     Min:  0.0, Avg:  0.0, Max:  0.0, Diff:  0.0, Sum:  0.1, Workers: 13
[0.311s][debug][gc,phases   ] GC(1)     GC Worker Total (ms):     Min:  4.0, Avg:  4.1, Max:  4.1, Diff:  0.0, Sum: 52.8, Workers: 13
[0.311s][info ][gc,phases   ] GC(1)   Post Evacuate Collection Set: 0.4ms
[0.311s][debug][gc,phases   ] GC(1)     Code Roots Fixup: 0.0ms
[0.311s][debug][gc,phases   ] GC(1)     Clear Card Table: 0.0ms
[0.311s][debug][gc,phases   ] GC(1)     Reference Processing: 0.0ms
[0.311s][debug][gc,phases   ] GC(1)     Weak Processing: 0.1ms
[0.311s][debug][gc,phases   ] GC(1)       VM Weak                   Min:  0.0, Avg:  0.0, Max:  0.0, Diff:  0.0, Sum:  0.0, Workers: 1
[0.311s][debug][gc,phases   ] GC(1)         Dead                      Min: 0, Avg:  0.0, Max: 0, Diff: 0, Sum: 0, Workers: 1
[0.311s][debug][gc,phases   ] GC(1)         Total                     Min: 38, Avg: 38.0, Max: 38, Diff: 0, Sum: 38, Workers: 1
[0.311s][debug][gc,phases   ] GC(1)       ObjectSynchronizer Weak   Min:  0.0, Avg:  0.0, Max:  0.0, Diff:  0.0, Sum:  0.0, Workers: 1
[0.311s][debug][gc,phases   ] GC(1)         Dead                      Min: 0, Avg:  0.0, Max: 0, Diff: 0, Sum: 0, Workers: 1
[0.311s][debug][gc,phases   ] GC(1)         Total                     Min: 4, Avg:  4.0, Max: 4, Diff: 0, Sum: 4, Workers: 1
[0.311s][debug][gc,phases   ] GC(1)       JVMTI Tag Weak OopStorage Min:  0.0, Avg:  0.0, Max:  0.0, Diff:  0.0, Sum:  0.0, Workers: 1
[0.311s][debug][gc,phases   ] GC(1)         Dead                      Min: 0, Avg:  0.0, Max: 0, Diff: 0, Sum: 0, Workers: 1
[0.311s][debug][gc,phases   ] GC(1)         Total                     Min: 0, Avg:  0.0, Max: 0, Diff: 0, Sum: 0, Workers: 1
[0.311s][debug][gc,phases   ] GC(1)       StringTable Weak          Min:  0.1, Avg:  0.1, Max:  0.1, Diff:  0.0, Sum:  0.1, Workers: 1
[0.311s][debug][gc,phases   ] GC(1)         Dead                      Min: 0, Avg:  0.0, Max: 0, Diff: 0, Sum: 0, Workers: 1
[0.311s][debug][gc,phases   ] GC(1)         Total                     Min: 355, Avg: 355.0, Max: 355, Diff: 0, Sum: 355, Workers: 1
[0.311s][debug][gc,phases   ] GC(1)       ResolvedMethodTable Weak  Min:  0.0, Avg:  0.0, Max:  0.0, Diff:  0.0, Sum:  0.0, Workers: 1
[0.311s][debug][gc,phases   ] GC(1)         Dead                      Min: 0, Avg:  0.0, Max: 0, Diff: 0, Sum: 0, Workers: 1
[0.311s][debug][gc,phases   ] GC(1)         Total                     Min: 252, Avg: 252.0, Max: 252, Diff: 0, Sum: 252, Workers: 1
[0.311s][debug][gc,phases   ] GC(1)       JNI Weak                  Min:  0.0, Avg:  0.0, Max:  0.0, Diff:  0.0, Sum:  0.0, Workers: 1
[0.311s][debug][gc,phases   ] GC(1)         Dead                      Min: 0, Avg:  0.0, Max: 0, Diff: 0, Sum: 0, Workers: 1
[0.311s][debug][gc,phases   ] GC(1)         Total                     Min: 5, Avg:  5.0, Max: 5, Diff: 0, Sum: 5, Workers: 1
[0.311s][debug][gc,phases   ] GC(1)       Weak JFR Old Object Samples Min:  0.0, Avg:  0.0, Max:  0.0, Diff:  0.0, Sum:  0.0, Workers: 1
[0.311s][debug][gc,phases   ] GC(1)         Dead                      Min: 0, Avg:  0.0, Max: 0, Diff: 0, Sum: 0, Workers: 1
[0.311s][debug][gc,phases   ] GC(1)         Total                     Min: 0, Avg:  0.0, Max: 0, Diff: 0, Sum: 0, Workers: 1
[0.311s][debug][gc,phases   ] GC(1)     Merge Per-Thread State: 0.0ms
[0.311s][debug][gc,phases   ] GC(1)       Copied Bytes              Min: 767880, Avg: 1240995.7, Max: 2015784, Diff: 1247904, Sum: 16132944, Workers: 13
[0.311s][debug][gc,phases   ] GC(1)       LAB Waste                 Min: 2624, Avg: 4868.9, Max: 13168, Diff: 10544, Sum: 63296, Workers: 13
[0.311s][debug][gc,phases   ] GC(1)       LAB Undo Waste            Min: 0, Avg:  0.0, Max: 0, Diff: 0, Sum: 0, Workers: 13
[0.311s][debug][gc,phases   ] GC(1)     Code Roots Purge: 0.0ms
[0.311s][debug][gc,phases   ] GC(1)     Redirty Cards: 0.1ms
[0.311s][debug][gc,phases   ] GC(1)     DerivedPointerTable Update: 0.0ms
[0.311s][debug][gc,phases   ] GC(1)     Free Collection Set: 0.0ms
[0.311s][debug][gc,phases   ] GC(1)     Rebuild Free List: 0.0ms
[0.311s][debug][gc,phases   ] GC(1)     Humongous Reclaim: 0.0ms
[0.311s][debug][gc,phases   ] GC(1)     Start New Collection Set: 0.0ms
[0.311s][debug][gc,phases   ] GC(1)     Resize TLABs: 0.0ms
[0.311s][debug][gc,phases   ] GC(1)     Expand Heap After Collection: 0.0ms
[0.311s][info ][gc,phases   ] GC(1)   Other: 0.1ms
[0.311s][info ][gc,heap     ] GC(1) Eden regions: 5->0(7)
[0.311s][info ][gc,heap     ] GC(1) Survivor regions: 1->1(1)
[0.311s][info ][gc,heap     ] GC(1) Old regions: 1->1
[0.311s][info ][gc,heap     ] GC(1) Archive regions: 2->2
[0.311s][info ][gc,heap     ] GC(1) Humongous regions: 0->0
[0.311s][info ][gc,metaspace] GC(1) Metaspace: 1245K(1408K)->1245K(1408K) NonClass: 1146K(1280K)->1146K(1280K) Class: 98K(128K)->98K(128K)
[0.311s][info ][gc          ] GC(1) Pause Young (Normal) (G1 Evacuation Pause) 56M->23M(1040M) 5.300ms
[0.311s][info ][gc,cpu      ] GC(1) User=0.06s Sys=0.01s Real=0.01s
[0.400s][info ][gc,start    ] GC(2) Pause Young (Normal) (G1 Evacuation Pause)
[0.400s][info ][gc,task     ] GC(2) Using 13 workers of 13 for evacuation
[0.408s][info ][gc,phases   ] GC(2)   Pre Evacuate Collection Set: 0.0ms
[0.408s][debug][gc,phases   ] GC(2)     Prepare TLABs: 0.0ms
[0.408s][debug][gc,phases   ] GC(2)     Concatenate Dirty Card Logs: 0.0ms
[0.408s][debug][gc,phases   ] GC(2)     Choose Collection Set: 0.0ms
[0.408s][debug][gc,phases   ] GC(2)     Region Register: 0.0ms
[0.408s][debug][gc,phases   ] GC(2)     Prepare Heap Roots: 0.0ms
[0.408s][info ][gc,phases   ] GC(2)   Merge Heap Roots: 0.1ms
[0.408s][debug][gc,phases   ] GC(2)     Prepare Merge Heap Roots: 0.0ms
[0.408s][debug][gc,phases   ] GC(2)     Eager Reclaim (ms):       skipped
[0.408s][debug][gc,phases   ] GC(2)     Remembered Sets (ms):     Min:  0.0, Avg:  0.0, Max:  0.1, Diff:  0.1, Sum:  0.2, Workers: 13
[0.408s][debug][gc,phases   ] GC(2)       Merged Sparse:            Min: 0, Avg:  0.0, Max: 0, Diff: 0, Sum: 0, Workers: 13
[0.408s][debug][gc,phases   ] GC(2)       Merged Fine:              Min: 0, Avg:  0.6, Max: 2, Diff: 2, Sum: 8, Workers: 13
[0.408s][debug][gc,phases   ] GC(2)       Merged Coarse:            Min: 0, Avg:  0.0, Max: 0, Diff: 0, Sum: 0, Workers: 13
[0.408s][debug][gc,phases   ] GC(2)       Dirty Cards:              Min: 0, Avg: 605.4, Max: 1830, Diff: 1830, Sum: 7870, Workers: 13
[0.408s][debug][gc,phases   ] GC(2)     Hot Card Cache (ms):      Min:  0.0, Avg:  0.0, Max:  0.0, Diff:  0.0, Sum:  0.0, Workers: 13
[0.408s][debug][gc,phases   ] GC(2)       Dirty Cards:              Min: 0, Avg:  2.8, Max: 32, Diff: 32, Sum: 37, Workers: 13
[0.408s][debug][gc,phases   ] GC(2)       Skipped Cards:            Min: 0, Avg:  0.0, Max: 0, Diff: 0, Sum: 0, Workers: 13
[0.408s][debug][gc,phases   ] GC(2)     Log Buffers (ms):         Min:  0.0, Avg:  0.0, Max:  0.0, Diff:  0.0, Sum:  0.1, Workers: 13
[0.408s][debug][gc,phases   ] GC(2)       Dirty Cards:              Min: 0, Avg: 283.2, Max: 768, Diff: 768, Sum: 3682, Workers: 13
[0.408s][debug][gc,phases   ] GC(2)       Skipped Cards:            Min: 0, Avg:  0.0, Max: 0, Diff: 0, Sum: 0, Workers: 13
[0.408s][info ][gc,phases   ] GC(2)   Evacuate Collection Set: 6.7ms
[0.408s][debug][gc,phases   ] GC(2)     Ext Root Scanning (ms):   Min:  0.0, Avg:  0.0, Max:  0.0, Diff:  0.0, Sum:  0.1, Workers: 13
[0.408s][debug][gc,phases   ] GC(2)     Scan Heap Roots (ms):     Min:  0.3, Avg:  0.6, Max:  1.0, Diff:  0.7, Sum:  7.4, Workers: 13
[0.408s][debug][gc,phases   ] GC(2)       Scanned Cards:            Min: 583, Avg: 890.9, Max: 1276, Diff: 693, Sum: 11582, Workers: 13
[0.408s][debug][gc,phases   ] GC(2)       Scanned Blocks:           Min: 6, Avg: 41.3, Max: 108, Diff: 102, Sum: 537, Workers: 13
[0.408s][debug][gc,phases   ] GC(2)       Claimed Chunks:           Min: 1, Avg:  1.2, Max: 2, Diff: 1, Sum: 16, Workers: 13
[0.408s][debug][gc,phases   ] GC(2)     Code Root Scan (ms):      Min:  0.0, Avg:  0.0, Max:  0.0, Diff:  0.0, Sum:  0.0, Workers: 13
[0.408s][debug][gc,phases   ] GC(2)     Object Copy (ms):         Min:  5.5, Avg:  6.0, Max:  6.2, Diff:  0.7, Sum: 77.7, Workers: 13
[0.408s][debug][gc,phases   ] GC(2)     Termination (ms):         Min:  0.1, Avg:  0.1, Max:  0.2, Diff:  0.0, Sum:  1.8, Workers: 13
[0.408s][debug][gc,phases   ] GC(2)       Termination Attempts:     Min: 1, Avg:  1.0, Max: 1, Diff: 0, Sum: 13, Workers: 13
[0.408s][debug][gc,phases   ] GC(2)     GC Worker Other (ms):     Min:  0.0, Avg:  0.0, Max:  0.0, Diff:  0.0, Sum:  0.1, Workers: 13
[0.408s][debug][gc,phases   ] GC(2)     GC Worker Total (ms):     Min:  6.7, Avg:  6.7, Max:  6.7, Diff:  0.0, Sum: 87.2, Workers: 13
[0.408s][info ][gc,phases   ] GC(2)   Post Evacuate Collection Set: 0.3ms
[0.408s][debug][gc,phases   ] GC(2)     Code Roots Fixup: 0.0ms
[0.408s][debug][gc,phases   ] GC(2)     Clear Card Table: 0.1ms
[0.408s][debug][gc,phases   ] GC(2)     Reference Processing: 0.0ms
[0.408s][debug][gc,phases   ] GC(2)     Weak Processing: 0.0ms
[0.408s][debug][gc,phases   ] GC(2)       VM Weak                   Min:  0.0, Avg:  0.0, Max:  0.0, Diff:  0.0, Sum:  0.0, Workers: 1
[0.408s][debug][gc,phases   ] GC(2)         Dead                      Min: 0, Avg:  0.0, Max: 0, Diff: 0, Sum: 0, Workers: 1
[0.408s][debug][gc,phases   ] GC(2)         Total                     Min: 38, Avg: 38.0, Max: 38, Diff: 0, Sum: 38, Workers: 1
[0.408s][debug][gc,phases   ] GC(2)       ObjectSynchronizer Weak   Min:  0.0, Avg:  0.0, Max:  0.0, Diff:  0.0, Sum:  0.0, Workers: 1
[0.408s][debug][gc,phases   ] GC(2)         Dead                      Min: 0, Avg:  0.0, Max: 0, Diff: 0, Sum: 0, Workers: 1
[0.408s][debug][gc,phases   ] GC(2)         Total                     Min: 4, Avg:  4.0, Max: 4, Diff: 0, Sum: 4, Workers: 1
[0.408s][debug][gc,phases   ] GC(2)       JVMTI Tag Weak OopStorage Min:  0.0, Avg:  0.0, Max:  0.0, Diff:  0.0, Sum:  0.0, Workers: 1
[0.408s][debug][gc,phases   ] GC(2)         Dead                      Min: 0, Avg:  0.0, Max: 0, Diff: 0, Sum: 0, Workers: 1
[0.408s][debug][gc,phases   ] GC(2)         Total                     Min: 0, Avg:  0.0, Max: 0, Diff: 0, Sum: 0, Workers: 1
[0.408s][debug][gc,phases   ] GC(2)       StringTable Weak          Min:  0.0, Avg:  0.0, Max:  0.0, Diff:  0.0, Sum:  0.0, Workers: 1
[0.408s][debug][gc,phases   ] GC(2)         Dead                      Min: 0, Avg:  0.0, Max: 0, Diff: 0, Sum: 0, Workers: 1
[0.408s][debug][gc,phases   ] GC(2)         Total                     Min: 355, Avg: 355.0, Max: 355, Diff: 0, Sum: 355, Workers: 1
[0.408s][debug][gc,phases   ] GC(2)       ResolvedMethodTable Weak  Min:  0.0, Avg:  0.0, Max:  0.0, Diff:  0.0, Sum:  0.0, Workers: 1
[0.408s][debug][gc,phases   ] GC(2)         Dead                      Min: 0, Avg:  0.0, Max: 0, Diff: 0, Sum: 0, Workers: 1
[0.408s][debug][gc,phases   ] GC(2)         Total                     Min: 252, Avg: 252.0, Max: 252, Diff: 0, Sum: 252, Workers: 1
[0.408s][debug][gc,phases   ] GC(2)       JNI Weak                  Min:  0.0, Avg:  0.0, Max:  0.0, Diff:  0.0, Sum:  0.0, Workers: 1
[0.408s][debug][gc,phases   ] GC(2)         Dead                      Min: 0, Avg:  0.0, Max: 0, Diff: 0, Sum: 0, Workers: 1
[0.408s][debug][gc,phases   ] GC(2)         Total                     Min: 0, Avg:  0.0, Max: 0, Diff: 0, Sum: 0, Workers: 1
[0.408s][debug][gc,phases   ] GC(2)       Weak JFR Old Object Samples Min:  0.0, Avg:  0.0, Max:  0.0, Diff:  0.0, Sum:  0.0, Workers: 1
[0.408s][debug][gc,phases   ] GC(2)         Dead                      Min: 0, Avg:  0.0, Max: 0, Diff: 0, Sum: 0, Workers: 1
[0.408s][debug][gc,phases   ] GC(2)         Total                     Min: 0, Avg:  0.0, Max: 0, Diff: 0, Sum: 0, Workers: 1
[0.408s][debug][gc,phases   ] GC(2)     Merge Per-Thread State: 0.0ms
[0.408s][debug][gc,phases   ] GC(2)       Copied Bytes              Min: 1378264, Avg: 1501768.0, Max: 1778576, Diff: 400312, Sum: 19522984, Workers: 13
[0.408s][debug][gc,phases   ] GC(2)       LAB Waste                 Min: 408, Avg: 1900.9, Max: 5216, Diff: 4808, Sum: 24712, Workers: 13
[0.408s][debug][gc,phases   ] GC(2)       LAB Undo Waste            Min: 0, Avg:  0.0, Max: 0, Diff: 0, Sum: 0, Workers: 13
[0.408s][debug][gc,phases   ] GC(2)     Code Roots Purge: 0.0ms
[0.408s][debug][gc,phases   ] GC(2)     Redirty Cards: 0.1ms
[0.408s][debug][gc,phases   ] GC(2)     DerivedPointerTable Update: 0.0ms
[0.408s][debug][gc,phases   ] GC(2)     Free Collection Set: 0.0ms
[0.408s][debug][gc,phases   ] GC(2)     Rebuild Free List: 0.0ms
[0.408s][debug][gc,phases   ] GC(2)     Humongous Reclaim: 0.0ms
[0.408s][debug][gc,phases   ] GC(2)     Start New Collection Set: 0.0ms
[0.408s][debug][gc,phases   ] GC(2)     Resize TLABs: 0.0ms
[0.408s][debug][gc,phases   ] GC(2)     Expand Heap After Collection: 0.0ms
[0.408s][info ][gc,phases   ] GC(2)   Other: 0.1ms
[0.408s][info ][gc,heap     ] GC(2) Eden regions: 7->0(6)
[0.408s][info ][gc,heap     ] GC(2) Survivor regions: 1->1(1)
[0.408s][info ][gc,heap     ] GC(2) Old regions: 1->3
[0.408s][info ][gc,heap     ] GC(2) Archive regions: 2->2
[0.408s][info ][gc,heap     ] GC(2) Humongous regions: 0->0
[0.408s][info ][gc,metaspace] GC(2) Metaspace: 1245K(1408K)->1245K(1408K) NonClass: 1146K(1280K)->1146K(1280K) Class: 98K(128K)->98K(128K)
[0.408s][info ][gc          ] GC(2) Pause Young (Normal) (G1 Evacuation Pause) 79M->35M(1040M) 8.021ms
[0.408s][info ][gc,cpu      ] GC(2) User=0.06s Sys=0.02s Real=0.01s
[0.481s][info ][gc,start    ] GC(3) Pause Young (Normal) (G1 Evacuation Pause)
[0.481s][info ][gc,task     ] GC(3) Using 13 workers of 13 for evacuation
[0.487s][info ][gc,phases   ] GC(3)   Pre Evacuate Collection Set: 0.0ms
[0.487s][debug][gc,phases   ] GC(3)     Prepare TLABs: 0.0ms
[0.487s][debug][gc,phases   ] GC(3)     Concatenate Dirty Card Logs: 0.0ms
[0.487s][debug][gc,phases   ] GC(3)     Choose Collection Set: 0.0ms
[0.487s][debug][gc,phases   ] GC(3)     Region Register: 0.0ms
[0.487s][debug][gc,phases   ] GC(3)     Prepare Heap Roots: 0.0ms
[0.487s][info ][gc,phases   ] GC(3)   Merge Heap Roots: 0.1ms
[0.487s][debug][gc,phases   ] GC(3)     Prepare Merge Heap Roots: 0.0ms
[0.488s][debug][gc,phases   ] GC(3)     Eager Reclaim (ms):       skipped
[0.488s][debug][gc,phases   ] GC(3)     Remembered Sets (ms):     Min:  0.0, Avg:  0.0, Max:  0.1, Diff:  0.1, Sum:  0.5, Workers: 13
[0.488s][debug][gc,phases   ] GC(3)       Merged Sparse:            Min: 0, Avg:  0.1, Max: 1, Diff: 1, Sum: 1, Workers: 13
[0.488s][debug][gc,phases   ] GC(3)       Merged Fine:              Min: 0, Avg:  1.5, Max: 3, Diff: 3, Sum: 20, Workers: 13
[0.488s][debug][gc,phases   ] GC(3)       Merged Coarse:            Min: 0, Avg:  0.0, Max: 0, Diff: 0, Sum: 0, Workers: 13
[0.488s][debug][gc,phases   ] GC(3)       Dirty Cards:              Min: 0, Avg: 1410.6, Max: 4706, Diff: 4706, Sum: 18338, Workers: 13
[0.488s][debug][gc,phases   ] GC(3)     Hot Card Cache (ms):      Min:  0.0, Avg:  0.0, Max:  0.0, Diff:  0.0, Sum:  0.0, Workers: 13
[0.488s][debug][gc,phases   ] GC(3)       Dirty Cards:              Min: 0, Avg: 78.8, Max: 384, Diff: 384, Sum: 1024, Workers: 13
[0.488s][debug][gc,phases   ] GC(3)       Skipped Cards:            Min: 0, Avg:  0.0, Max: 0, Diff: 0, Sum: 0, Workers: 13
[0.488s][debug][gc,phases   ] GC(3)     Log Buffers (ms):         Min:  0.0, Avg:  0.0, Max:  0.0, Diff:  0.0, Sum:  0.1, Workers: 13
[0.488s][debug][gc,phases   ] GC(3)       Dirty Cards:              Min: 0, Avg: 301.9, Max: 768, Diff: 768, Sum: 3925, Workers: 13
[0.488s][debug][gc,phases   ] GC(3)       Skipped Cards:            Min: 0, Avg:  0.0, Max: 0, Diff: 0, Sum: 0, Workers: 13
[0.488s][info ][gc,phases   ] GC(3)   Evacuate Collection Set: 6.1ms
[0.488s][debug][gc,phases   ] GC(3)     Ext Root Scanning (ms):   Min:  0.0, Avg:  0.0, Max:  0.1, Diff:  0.1, Sum:  0.2, Workers: 13
[0.488s][debug][gc,phases   ] GC(3)     Scan Heap Roots (ms):     Min:  0.5, Avg:  1.2, Max:  1.9, Diff:  1.4, Sum: 15.1, Workers: 13
[0.488s][debug][gc,phases   ] GC(3)       Scanned Cards:            Min: 556, Avg: 1791.1, Max: 2807, Diff: 2251, Sum: 23284, Workers: 13
[0.488s][debug][gc,phases   ] GC(3)       Scanned Blocks:           Min: 56, Avg: 171.5, Max: 364, Diff: 308, Sum: 2229, Workers: 13
[0.488s][debug][gc,phases   ] GC(3)       Claimed Chunks:           Min: 1, Avg:  3.0, Max: 6, Diff: 5, Sum: 39, Workers: 13
[0.488s][debug][gc,phases   ] GC(3)     Code Root Scan (ms):      Min:  0.0, Avg:  0.0, Max:  0.0, Diff:  0.0, Sum:  0.0, Workers: 13
[0.488s][debug][gc,phases   ] GC(3)     Object Copy (ms):         Min:  4.0, Avg:  4.7, Max:  5.4, Diff:  1.4, Sum: 61.2, Workers: 13
[0.488s][debug][gc,phases   ] GC(3)     Termination (ms):         Min:  0.1, Avg:  0.1, Max:  0.2, Diff:  0.1, Sum:  1.7, Workers: 13
[0.488s][debug][gc,phases   ] GC(3)       Termination Attempts:     Min: 1, Avg:  1.3, Max: 2, Diff: 1, Sum: 17, Workers: 13
[0.488s][debug][gc,phases   ] GC(3)     GC Worker Other (ms):     Min:  0.0, Avg:  0.0, Max:  0.0, Diff:  0.0, Sum:  0.1, Workers: 13
[0.488s][debug][gc,phases   ] GC(3)     GC Worker Total (ms):     Min:  6.0, Avg:  6.0, Max:  6.1, Diff:  0.1, Sum: 78.2, Workers: 13
[0.488s][info ][gc,phases   ] GC(3)   Post Evacuate Collection Set: 0.3ms
[0.488s][debug][gc,phases   ] GC(3)     Code Roots Fixup: 0.0ms
[0.488s][debug][gc,phases   ] GC(3)     Clear Card Table: 0.1ms
[0.488s][debug][gc,phases   ] GC(3)     Reference Processing: 0.0ms
[0.488s][debug][gc,phases   ] GC(3)     Weak Processing: 0.0ms
[0.488s][debug][gc,phases   ] GC(3)       VM Weak                   Min:  0.0, Avg:  0.0, Max:  0.0, Diff:  0.0, Sum:  0.0, Workers: 1
[0.488s][debug][gc,phases   ] GC(3)         Dead                      Min: 0, Avg:  0.0, Max: 0, Diff: 0, Sum: 0, Workers: 1
[0.488s][debug][gc,phases   ] GC(3)         Total                     Min: 38, Avg: 38.0, Max: 38, Diff: 0, Sum: 38, Workers: 1
[0.488s][debug][gc,phases   ] GC(3)       ObjectSynchronizer Weak   Min:  0.0, Avg:  0.0, Max:  0.0, Diff:  0.0, Sum:  0.0, Workers: 1
[0.488s][debug][gc,phases   ] GC(3)         Dead                      Min: 0, Avg:  0.0, Max: 0, Diff: 0, Sum: 0, Workers: 1
[0.488s][debug][gc,phases   ] GC(3)         Total                     Min: 4, Avg:  4.0, Max: 4, Diff: 0, Sum: 4, Workers: 1
[0.488s][debug][gc,phases   ] GC(3)       JVMTI Tag Weak OopStorage Min:  0.0, Avg:  0.0, Max:  0.0, Diff:  0.0, Sum:  0.0, Workers: 1
[0.488s][debug][gc,phases   ] GC(3)         Dead                      Min: 0, Avg:  0.0, Max: 0, Diff: 0, Sum: 0, Workers: 1
[0.488s][debug][gc,phases   ] GC(3)         Total                     Min: 0, Avg:  0.0, Max: 0, Diff: 0, Sum: 0, Workers: 1
[0.488s][debug][gc,phases   ] GC(3)       StringTable Weak          Min:  0.0, Avg:  0.0, Max:  0.0, Diff:  0.0, Sum:  0.0, Workers: 1
[0.488s][debug][gc,phases   ] GC(3)         Dead                      Min: 0, Avg:  0.0, Max: 0, Diff: 0, Sum: 0, Workers: 1
[0.488s][debug][gc,phases   ] GC(3)         Total                     Min: 355, Avg: 355.0, Max: 355, Diff: 0, Sum: 355, Workers: 1
[0.488s][debug][gc,phases   ] GC(3)       ResolvedMethodTable Weak  Min:  0.0, Avg:  0.0, Max:  0.0, Diff:  0.0, Sum:  0.0, Workers: 1
[0.488s][debug][gc,phases   ] GC(3)         Dead                      Min: 0, Avg:  0.0, Max: 0, Diff: 0, Sum: 0, Workers: 1
[0.488s][debug][gc,phases   ] GC(3)         Total                     Min: 252, Avg: 252.0, Max: 252, Diff: 0, Sum: 252, Workers: 1
[0.488s][debug][gc,phases   ] GC(3)       JNI Weak                  Min:  0.0, Avg:  0.0, Max:  0.0, Diff:  0.0, Sum:  0.0, Workers: 1
[0.488s][debug][gc,phases   ] GC(3)         Dead                      Min: 0, Avg:  0.0, Max: 0, Diff: 0, Sum: 0, Workers: 1
[0.488s][debug][gc,phases   ] GC(3)         Total                     Min: 0, Avg:  0.0, Max: 0, Diff: 0, Sum: 0, Workers: 1
[0.488s][debug][gc,phases   ] GC(3)       Weak JFR Old Object Samples Min:  0.0, Avg:  0.0, Max:  0.0, Diff:  0.0, Sum:  0.0, Workers: 1
[0.488s][debug][gc,phases   ] GC(3)         Dead                      Min: 0, Avg:  0.0, Max: 0, Diff: 0, Sum: 0, Workers: 1
[0.488s][debug][gc,phases   ] GC(3)         Total                     Min: 0, Avg:  0.0, Max: 0, Diff: 0, Sum: 0, Workers: 1
[0.488s][debug][gc,phases   ] GC(3)     Merge Per-Thread State: 0.0ms
[0.488s][debug][gc,phases   ] GC(3)       Copied Bytes              Min: 1113040, Avg: 1366413.5, Max: 2341208, Diff: 1228168, Sum: 17763376, Workers: 13
[0.488s][debug][gc,phases   ] GC(3)       LAB Waste                 Min: 216, Avg: 2415.4, Max: 6328, Diff: 6112, Sum: 31400, Workers: 13
[0.488s][debug][gc,phases   ] GC(3)       LAB Undo Waste            Min: 0, Avg:  0.0, Max: 0, Diff: 0, Sum: 0, Workers: 13
[0.488s][debug][gc,phases   ] GC(3)     Code Roots Purge: 0.0ms
[0.488s][debug][gc,phases   ] GC(3)     Redirty Cards: 0.1ms
[0.488s][debug][gc,phases   ] GC(3)     DerivedPointerTable Update: 0.0ms
[0.488s][debug][gc,phases   ] GC(3)     Free Collection Set: 0.0ms
[0.488s][debug][gc,phases   ] GC(3)     Rebuild Free List: 0.0ms
[0.488s][debug][gc,phases   ] GC(3)     Humongous Reclaim: 0.0ms
[0.488s][debug][gc,phases   ] GC(3)     Start New Collection Set: 0.0ms
[0.488s][debug][gc,phases   ] GC(3)     Resize TLABs: 0.0ms
[0.488s][debug][gc,phases   ] GC(3)     Expand Heap After Collection: 0.0ms
[0.488s][info ][gc,phases   ] GC(3)   Other: 0.2ms
[0.488s][info ][gc,heap     ] GC(3) Eden regions: 6->0(6)
[0.488s][info ][gc,heap     ] GC(3) Survivor regions: 1->1(1)
[0.488s][info ][gc,heap     ] GC(3) Old regions: 3->4
[0.488s][info ][gc,heap     ] GC(3) Archive regions: 2->2
[0.488s][info ][gc,heap     ] GC(3) Humongous regions: 0->0
[0.488s][info ][gc,metaspace] GC(3) Metaspace: 1245K(1408K)->1245K(1408K) NonClass: 1146K(1280K)->1146K(1280K) Class: 98K(128K)->98K(128K)
[0.488s][info ][gc          ] GC(3) Pause Young (Normal) (G1 Evacuation Pause) 83M->45M(1040M) 7.865ms
[0.489s][info ][gc,cpu      ] GC(3) User=0.06s Sys=0.01s Real=0.01s
[0.565s][info ][gc,start    ] GC(4) Pause Young (Normal) (G1 Evacuation Pause)
[0.565s][info ][gc,task     ] GC(4) Using 13 workers of 13 for evacuation
[0.575s][info ][gc,phases   ] GC(4)   Pre Evacuate Collection Set: 0.0ms
[0.575s][debug][gc,phases   ] GC(4)     Prepare TLABs: 0.0ms
[0.575s][debug][gc,phases   ] GC(4)     Concatenate Dirty Card Logs: 0.0ms
[0.575s][debug][gc,phases   ] GC(4)     Choose Collection Set: 0.0ms
[0.575s][debug][gc,phases   ] GC(4)     Region Register: 0.0ms
[0.575s][debug][gc,phases   ] GC(4)     Prepare Heap Roots: 0.0ms
[0.575s][info ][gc,phases   ] GC(4)   Merge Heap Roots: 0.3ms
[0.575s][debug][gc,phases   ] GC(4)     Prepare Merge Heap Roots: 0.0ms
[0.575s][debug][gc,phases   ] GC(4)     Eager Reclaim (ms):       skipped
[0.575s][debug][gc,phases   ] GC(4)     Remembered Sets (ms):     Min:  0.0, Avg:  0.1, Max:  0.2, Diff:  0.2, Sum:  0.7, Workers: 13
[0.575s][debug][gc,phases   ] GC(4)       Merged Sparse:            Min: 0, Avg:  0.0, Max: 0, Diff: 0, Sum: 0, Workers: 13
[0.575s][debug][gc,phases   ] GC(4)       Merged Fine:              Min: 0, Avg:  2.2, Max: 4, Diff: 4, Sum: 28, Workers: 13
[0.575s][debug][gc,phases   ] GC(4)       Merged Coarse:            Min: 0, Avg:  0.0, Max: 0, Diff: 0, Sum: 0, Workers: 13
[0.575s][debug][gc,phases   ] GC(4)       Dirty Cards:              Min: 0, Avg: 2395.5, Max: 11301, Diff: 11301, Sum: 31141, Workers: 13
[0.575s][debug][gc,phases   ] GC(4)     Hot Card Cache (ms):      Min:  0.0, Avg:  0.0, Max:  0.0, Diff:  0.0, Sum:  0.0, Workers: 13
[0.575s][debug][gc,phases   ] GC(4)       Dirty Cards:              Min: 0, Avg: 78.8, Max: 480, Diff: 480, Sum: 1024, Workers: 13
[0.575s][debug][gc,phases   ] GC(4)       Skipped Cards:            Min: 0, Avg:  0.0, Max: 0, Diff: 0, Sum: 0, Workers: 13
[0.575s][debug][gc,phases   ] GC(4)     Log Buffers (ms):         Min:  0.0, Avg:  0.0, Max:  0.0, Diff:  0.0, Sum:  0.1, Workers: 13
[0.575s][debug][gc,phases   ] GC(4)       Dirty Cards:              Min: 0, Avg: 320.7, Max: 768, Diff: 768, Sum: 4169, Workers: 13
[0.575s][debug][gc,phases   ] GC(4)       Skipped Cards:            Min: 0, Avg:  0.0, Max: 0, Diff: 0, Sum: 0, Workers: 13
[0.575s][info ][gc,phases   ] GC(4)   Evacuate Collection Set: 6.8ms
[0.575s][debug][gc,phases   ] GC(4)     Ext Root Scanning (ms):   Min:  0.0, Avg:  0.0, Max:  0.1, Diff:  0.1, Sum:  0.1, Workers: 13
[0.575s][debug][gc,phases   ] GC(4)     Scan Heap Roots (ms):     Min:  0.2, Avg:  1.7, Max:  3.1, Diff:  2.9, Sum: 21.6, Workers: 13
[0.575s][debug][gc,phases   ] GC(4)       Scanned Cards:            Min: 300, Avg: 2794.7, Max: 5770, Diff: 5470, Sum: 36331, Workers: 13
[0.575s][debug][gc,phases   ] GC(4)       Scanned Blocks:           Min: 37, Avg: 443.9, Max: 745, Diff: 708, Sum: 5771, Workers: 13
[0.575s][debug][gc,phases   ] GC(4)       Claimed Chunks:           Min: 1, Avg:  4.5, Max: 8, Diff: 7, Sum: 58, Workers: 13
[0.575s][debug][gc,phases   ] GC(4)     Code Root Scan (ms):      Min:  0.0, Avg:  0.0, Max:  0.0, Diff:  0.0, Sum:  0.0, Workers: 13
[0.575s][debug][gc,phases   ] GC(4)     Object Copy (ms):         Min:  3.6, Avg:  4.9, Max:  6.4, Diff:  2.9, Sum: 64.2, Workers: 13
[0.575s][debug][gc,phases   ] GC(4)     Termination (ms):         Min:  0.1, Avg:  0.1, Max:  0.2, Diff:  0.1, Sum:  1.7, Workers: 13
[0.575s][debug][gc,phases   ] GC(4)       Termination Attempts:     Min: 1, Avg:  1.0, Max: 1, Diff: 0, Sum: 13, Workers: 13
[0.575s][debug][gc,phases   ] GC(4)     GC Worker Other (ms):     Min:  0.0, Avg:  0.0, Max:  0.0, Diff:  0.0, Sum:  0.1, Workers: 13
[0.575s][debug][gc,phases   ] GC(4)     GC Worker Total (ms):     Min:  6.7, Avg:  6.7, Max:  6.8, Diff:  0.1, Sum: 87.7, Workers: 13
[0.575s][info ][gc,phases   ] GC(4)   Post Evacuate Collection Set: 2.8ms
[0.575s][debug][gc,phases   ] GC(4)     Code Roots Fixup: 0.0ms
[0.575s][debug][gc,phases   ] GC(4)     Clear Card Table: 0.0ms
[0.575s][debug][gc,phases   ] GC(4)     Reference Processing: 0.0ms
[0.575s][debug][gc,phases   ] GC(4)     Weak Processing: 0.0ms
[0.576s][debug][gc,phases   ] GC(4)       VM Weak                   Min:  0.0, Avg:  0.0, Max:  0.0, Diff:  0.0, Sum:  0.0, Workers: 1
[0.576s][debug][gc,phases   ] GC(4)         Dead                      Min: 0, Avg:  0.0, Max: 0, Diff: 0, Sum: 0, Workers: 1
[0.576s][debug][gc,phases   ] GC(4)         Total                     Min: 38, Avg: 38.0, Max: 38, Diff: 0, Sum: 38, Workers: 1
[0.576s][debug][gc,phases   ] GC(4)       ObjectSynchronizer Weak   Min:  0.0, Avg:  0.0, Max:  0.0, Diff:  0.0, Sum:  0.0, Workers: 1
[0.576s][debug][gc,phases   ] GC(4)         Dead                      Min: 0, Avg:  0.0, Max: 0, Diff: 0, Sum: 0, Workers: 1
[0.576s][debug][gc,phases   ] GC(4)         Total                     Min: 4, Avg:  4.0, Max: 4, Diff: 0, Sum: 4, Workers: 1
[0.576s][debug][gc,phases   ] GC(4)       JVMTI Tag Weak OopStorage Min:  0.0, Avg:  0.0, Max:  0.0, Diff:  0.0, Sum:  0.0, Workers: 1
[0.576s][debug][gc,phases   ] GC(4)         Dead                      Min: 0, Avg:  0.0, Max: 0, Diff: 0, Sum: 0, Workers: 1
[0.576s][debug][gc,phases   ] GC(4)         Total                     Min: 0, Avg:  0.0, Max: 0, Diff: 0, Sum: 0, Workers: 1
[0.576s][debug][gc,phases   ] GC(4)       StringTable Weak          Min:  0.0, Avg:  0.0, Max:  0.0, Diff:  0.0, Sum:  0.0, Workers: 1
[0.576s][debug][gc,phases   ] GC(4)         Dead                      Min: 0, Avg:  0.0, Max: 0, Diff: 0, Sum: 0, Workers: 1
[0.576s][debug][gc,phases   ] GC(4)         Total                     Min: 355, Avg: 355.0, Max: 355, Diff: 0, Sum: 355, Workers: 1
[0.576s][debug][gc,phases   ] GC(4)       ResolvedMethodTable Weak  Min:  0.0, Avg:  0.0, Max:  0.0, Diff:  0.0, Sum:  0.0, Workers: 1
[0.576s][debug][gc,phases   ] GC(4)         Dead                      Min: 0, Avg:  0.0, Max: 0, Diff: 0, Sum: 0, Workers: 1
[0.576s][debug][gc,phases   ] GC(4)         Total                     Min: 252, Avg: 252.0, Max: 252, Diff: 0, Sum: 252, Workers: 1
[0.576s][debug][gc,phases   ] GC(4)       JNI Weak                  Min:  0.0, Avg:  0.0, Max:  0.0, Diff:  0.0, Sum:  0.0, Workers: 1
[0.576s][debug][gc,phases   ] GC(4)         Dead                      Min: 0, Avg:  0.0, Max: 0, Diff: 0, Sum: 0, Workers: 1
[0.576s][debug][gc,phases   ] GC(4)         Total                     Min: 0, Avg:  0.0, Max: 0, Diff: 0, Sum: 0, Workers: 1
[0.576s][debug][gc,phases   ] GC(4)       Weak JFR Old Object Samples Min:  0.0, Avg:  0.0, Max:  0.0, Diff:  0.0, Sum:  0.0, Workers: 1
[0.576s][debug][gc,phases   ] GC(4)         Dead                      Min: 0, Avg:  0.0, Max: 0, Diff: 0, Sum: 0, Workers: 1
[0.576s][debug][gc,phases   ] GC(4)         Total                     Min: 0, Avg:  0.0, Max: 0, Diff: 0, Sum: 0, Workers: 1
[0.576s][debug][gc,phases   ] GC(4)     Merge Per-Thread State: 0.0ms
[0.576s][debug][gc,phases   ] GC(4)       Copied Bytes              Min: 1075328, Avg: 1559823.4, Max: 3498720, Diff: 2423392, Sum: 20277704, Workers: 13
[0.576s][debug][gc,phases   ] GC(4)       LAB Waste                 Min: 968, Avg: 4867.7, Max: 11432, Diff: 10464, Sum: 63280, Workers: 13
[0.576s][debug][gc,phases   ] GC(4)       LAB Undo Waste            Min: 0, Avg:  0.0, Max: 0, Diff: 0, Sum: 0, Workers: 13
[0.576s][debug][gc,phases   ] GC(4)     Code Roots Purge: 0.0ms
[0.576s][debug][gc,phases   ] GC(4)     Redirty Cards: 0.1ms
[0.576s][debug][gc,phases   ] GC(4)     DerivedPointerTable Update: 0.0ms
[0.576s][debug][gc,phases   ] GC(4)     Free Collection Set: 0.1ms
[0.576s][debug][gc,phases   ] GC(4)     Rebuild Free List: 0.1ms
[0.576s][debug][gc,phases   ] GC(4)     Humongous Reclaim: 0.0ms
[0.576s][debug][gc,phases   ] GC(4)     Start New Collection Set: 0.0ms
[0.576s][debug][gc,phases   ] GC(4)     Resize TLABs: 0.0ms
[0.576s][debug][gc,phases   ] GC(4)     Expand Heap After Collection: 2.5ms
[0.576s][info ][gc,phases   ] GC(4)   Other: 0.1ms
[0.576s][info ][gc,heap     ] GC(4) Eden regions: 6->0(9)
[0.576s][info ][gc,heap     ] GC(4) Survivor regions: 1->1(1)
[0.576s][info ][gc,heap     ] GC(4) Old regions: 4->6
[0.576s][info ][gc,heap     ] GC(4) Archive regions: 2->2
[0.576s][info ][gc,heap     ] GC(4) Humongous regions: 0->0
[0.576s][info ][gc,metaspace] GC(4) Metaspace: 1245K(1408K)->1245K(1408K) NonClass: 1146K(1280K)->1146K(1280K) Class: 98K(128K)->98K(128K)
[0.576s][info ][gc          ] GC(4) Pause Young (Normal) (G1 Evacuation Pause) 93M->57M(1736M) 11.267ms
[0.576s][info ][gc,cpu      ] GC(4) User=0.08s Sys=0.02s Real=0.02s
[200.739s][info ][gc,start    ] GC(5) Pause Young (Normal) (G1 Evacuation Pause)
[200.739s][info ][gc,task     ] GC(5) Using 13 workers of 13 for evacuation
[200.745s][info ][gc,phases   ] GC(5)   Pre Evacuate Collection Set: 0.1ms
[200.745s][debug][gc,phases   ] GC(5)     Prepare TLABs: 0.0ms
[200.745s][debug][gc,phases   ] GC(5)     Concatenate Dirty Card Logs: 0.0ms
[200.745s][debug][gc,phases   ] GC(5)     Choose Collection Set: 0.0ms
[200.745s][debug][gc,phases   ] GC(5)     Region Register: 0.1ms
[200.745s][debug][gc,phases   ] GC(5)     Prepare Heap Roots: 0.0ms
[200.745s][info ][gc,phases   ] GC(5)   Merge Heap Roots: 0.3ms
[200.745s][debug][gc,phases   ] GC(5)     Prepare Merge Heap Roots: 0.0ms
[200.745s][debug][gc,phases   ] GC(5)     Eager Reclaim (ms):       skipped
[200.745s][debug][gc,phases   ] GC(5)     Remembered Sets (ms):     Min:  0.0, Avg:  0.0, Max:  0.3, Diff:  0.3, Sum:  0.4, Workers: 13
[200.745s][debug][gc,phases   ] GC(5)       Merged Sparse:            Min: 0, Avg:  0.2, Max: 2, Diff: 2, Sum: 2, Workers: 13
[200.745s][debug][gc,phases   ] GC(5)       Merged Fine:              Min: 0, Avg:  0.7, Max: 5, Diff: 5, Sum: 9, Workers: 13
[200.745s][debug][gc,phases   ] GC(5)       Merged Coarse:            Min: 0, Avg:  0.0, Max: 0, Diff: 0, Sum: 0, Workers: 13
[200.745s][debug][gc,phases   ] GC(5)       Dirty Cards:              Min: 0, Avg: 1762.5, Max: 22124, Diff: 22124, Sum: 22913, Workers: 13
[200.745s][debug][gc,phases   ] GC(5)     Hot Card Cache (ms):      Min:  0.0, Avg:  0.0, Max:  0.0, Diff:  0.0, Sum:  0.1, Workers: 13
[200.745s][debug][gc,phases   ] GC(5)       Dirty Cards:              Min: 0, Avg: 78.8, Max: 544, Diff: 544, Sum: 1024, Workers: 13
[200.745s][debug][gc,phases   ] GC(5)       Skipped Cards:            Min: 0, Avg:  0.0, Max: 0, Diff: 0, Sum: 0, Workers: 13
[200.745s][debug][gc,phases   ] GC(5)     Log Buffers (ms):         Min:  0.0, Avg:  0.0, Max:  0.0, Diff:  0.0, Sum:  0.1, Workers: 13
[200.745s][debug][gc,phases   ] GC(5)       Dirty Cards:              Min: 0, Avg: 344.6, Max: 1024, Diff: 1024, Sum: 4480, Workers: 13
[200.745s][debug][gc,phases   ] GC(5)       Skipped Cards:            Min: 0, Avg:  0.0, Max: 0, Diff: 0, Sum: 0, Workers: 13
[200.745s][info ][gc,phases   ] GC(5)   Evacuate Collection Set: 5.5ms
[200.745s][debug][gc,phases   ] GC(5)     Ext Root Scanning (ms):   Min:  0.0, Avg:  0.0, Max:  0.3, Diff:  0.3, Sum:  0.6, Workers: 13
[200.745s][debug][gc,phases   ] GC(5)     Scan Heap Roots (ms):     Min:  0.5, Avg:  1.7, Max:  2.8, Diff:  2.3, Sum: 22.7, Workers: 13
[200.745s][debug][gc,phases   ] GC(5)       Scanned Cards:            Min: 763, Avg: 2183.7, Max: 4033, Diff: 3270, Sum: 28388, Workers: 13
[200.745s][debug][gc,phases   ] GC(5)       Scanned Blocks:           Min: 379, Avg: 946.5, Max: 1928, Diff: 1549, Sum: 12305, Workers: 13
[200.745s][debug][gc,phases   ] GC(5)       Claimed Chunks:           Min: 3, Avg:  6.3, Max: 11, Diff: 8, Sum: 82, Workers: 13
[200.745s][debug][gc,phases   ] GC(5)     Code Root Scan (ms):      Min:  0.0, Avg:  0.0, Max:  0.0, Diff:  0.0, Sum:  0.0, Workers: 13
[200.745s][debug][gc,phases   ] GC(5)     Object Copy (ms):         Min:  2.4, Avg:  3.4, Max:  4.6, Diff:  2.2, Sum: 44.6, Workers: 13
[200.745s][debug][gc,phases   ] GC(5)     Termination (ms):         Min:  0.1, Avg:  0.2, Max:  0.2, Diff:  0.0, Sum:  2.1, Workers: 13
[200.745s][debug][gc,phases   ] GC(5)       Termination Attempts:     Min: 1, Avg:  1.0, Max: 1, Diff: 0, Sum: 13, Workers: 13
[200.745s][debug][gc,phases   ] GC(5)     GC Worker Other (ms):     Min:  0.0, Avg:  0.0, Max:  0.0, Diff:  0.0, Sum:  0.2, Workers: 13
[200.745s][debug][gc,phases   ] GC(5)     GC Worker Total (ms):     Min:  5.4, Avg:  5.4, Max:  5.5, Diff:  0.1, Sum: 70.2, Workers: 13
[200.745s][info ][gc,phases   ] GC(5)   Post Evacuate Collection Set: 0.4ms
[200.745s][debug][gc,phases   ] GC(5)     Code Roots Fixup: 0.0ms
[200.745s][debug][gc,phases   ] GC(5)     Clear Card Table: 0.0ms
[200.745s][debug][gc,phases   ] GC(5)     Reference Processing: 0.0ms
[200.745s][debug][gc,phases   ] GC(5)     Weak Processing: 0.0ms
[200.745s][debug][gc,phases   ] GC(5)       VM Weak                   Min:  0.0, Avg:  0.0, Max:  0.0, Diff:  0.0, Sum:  0.0, Workers: 1
[200.745s][debug][gc,phases   ] GC(5)         Dead                      Min: 0, Avg:  0.0, Max: 0, Diff: 0, Sum: 0, Workers: 1
[200.745s][debug][gc,phases   ] GC(5)         Total                     Min: 57, Avg: 57.0, Max: 57, Diff: 0, Sum: 57, Workers: 1
[200.745s][debug][gc,phases   ] GC(5)       ObjectSynchronizer Weak   Min:  0.0, Avg:  0.0, Max:  0.0, Diff:  0.0, Sum:  0.0, Workers: 1
[200.745s][debug][gc,phases   ] GC(5)         Dead                      Min: 0, Avg:  0.0, Max: 0, Diff: 0, Sum: 0, Workers: 1
[200.745s][debug][gc,phases   ] GC(5)         Total                     Min: 5, Avg:  5.0, Max: 5, Diff: 0, Sum: 5, Workers: 1
[200.745s][debug][gc,phases   ] GC(5)       JVMTI Tag Weak OopStorage Min:  0.0, Avg:  0.0, Max:  0.0, Diff:  0.0, Sum:  0.0, Workers: 1
[200.745s][debug][gc,phases   ] GC(5)         Dead                      Min: 0, Avg:  0.0, Max: 0, Diff: 0, Sum: 0, Workers: 1
[200.745s][debug][gc,phases   ] GC(5)         Total                     Min: 0, Avg:  0.0, Max: 0, Diff: 0, Sum: 0, Workers: 1
[200.745s][debug][gc,phases   ] GC(5)       StringTable Weak          Min:  0.0, Avg:  0.0, Max:  0.0, Diff:  0.0, Sum:  0.0, Workers: 1
[200.745s][debug][gc,phases   ] GC(5)         Dead                      Min: 1, Avg:  1.0, Max: 1, Diff: 0, Sum: 1, Workers: 1
[200.745s][debug][gc,phases   ] GC(5)         Total                     Min: 507, Avg: 507.0, Max: 507, Diff: 0, Sum: 507, Workers: 1
[200.745s][debug][gc,phases   ] GC(5)       ResolvedMethodTable Weak  Min:  0.0, Avg:  0.0, Max:  0.0, Diff:  0.0, Sum:  0.0, Workers: 1
[200.745s][debug][gc,phases   ] GC(5)         Dead                      Min: 0, Avg:  0.0, Max: 0, Diff: 0, Sum: 0, Workers: 1
[200.745s][debug][gc,phases   ] GC(5)         Total                     Min: 281, Avg: 281.0, Max: 281, Diff: 0, Sum: 281, Workers: 1
[200.745s][debug][gc,phases   ] GC(5)       JNI Weak                  Min:  0.0, Avg:  0.0, Max:  0.0, Diff:  0.0, Sum:  0.0, Workers: 1
[200.745s][debug][gc,phases   ] GC(5)         Dead                      Min: 0, Avg:  0.0, Max: 0, Diff: 0, Sum: 0, Workers: 1
[200.745s][debug][gc,phases   ] GC(5)         Total                     Min: 0, Avg:  0.0, Max: 0, Diff: 0, Sum: 0, Workers: 1
[200.745s][debug][gc,phases   ] GC(5)       Weak JFR Old Object Samples Min:  0.0, Avg:  0.0, Max:  0.0, Diff:  0.0, Sum:  0.0, Workers: 1
[200.745s][debug][gc,phases   ] GC(5)         Dead                      Min: 0, Avg:  0.0, Max: 0, Diff: 0, Sum: 0, Workers: 1
[200.745s][debug][gc,phases   ] GC(5)         Total                     Min: 0, Avg:  0.0, Max: 0, Diff: 0, Sum: 0, Workers: 1
[200.745s][debug][gc,phases   ] GC(5)     Merge Per-Thread State: 0.1ms
[200.745s][debug][gc,phases   ] GC(5)       Copied Bytes              Min: 575624, Avg: 952886.2, Max: 1442560, Diff: 866936, Sum: 12387520, Workers: 13
[200.745s][debug][gc,phases   ] GC(5)       LAB Waste                 Min: 104, Avg: 2531.7, Max: 11104, Diff: 11000, Sum: 32912, Workers: 13
[200.746s][debug][gc,phases   ] GC(5)       LAB Undo Waste            Min: 0, Avg:  0.0, Max: 0, Diff: 0, Sum: 0, Workers: 13
[200.746s][debug][gc,phases   ] GC(5)     Code Roots Purge: 0.0ms
[200.746s][debug][gc,phases   ] GC(5)     Redirty Cards: 0.1ms
[200.746s][debug][gc,phases   ] GC(5)     DerivedPointerTable Update: 0.0ms
[200.746s][debug][gc,phases   ] GC(5)     Free Collection Set: 0.1ms
[200.746s][debug][gc,phases   ] GC(5)     Rebuild Free List: 0.1ms
[200.746s][debug][gc,phases   ] GC(5)     Humongous Reclaim: 0.0ms
[200.746s][debug][gc,phases   ] GC(5)     Start New Collection Set: 0.0ms
[200.746s][debug][gc,phases   ] GC(5)     Resize TLABs: 0.0ms
[200.746s][debug][gc,phases   ] GC(5)     Expand Heap After Collection: 0.0ms
[200.746s][info ][gc,phases   ] GC(5)   Other: 0.2ms
[200.746s][info ][gc,heap     ] GC(5) Eden regions: 9->0(12)
[200.746s][info ][gc,heap     ] GC(5) Survivor regions: 1->2(2)
[200.746s][info ][gc,heap     ] GC(5) Old regions: 6->6
[200.746s][info ][gc,heap     ] GC(5) Archive regions: 2->2
[200.746s][info ][gc,heap     ] GC(5) Humongous regions: 0->0
[200.746s][info ][gc,metaspace] GC(5) Metaspace: 1438K(1600K)->1438K(1600K) NonClass: 1321K(1408K)->1321K(1408K) Class: 117K(192K)->117K(192K)
[200.746s][info ][gc          ] GC(5) Pause Young (Normal) (G1 Evacuation Pause) 129M->61M(1736M) 7.022ms
[200.746s][info ][gc,cpu      ] GC(5) User=0.06s Sys=0.01s Real=0.00s
[200.777s][info ][gc,heap,exit] Heap
[200.777s][info ][gc,heap,exit]  garbage-first heap   total 1777664K, used 73615K [0x0000000400000000, 0x0000000800000000)
[200.777s][info ][gc,heap,exit]   region size 8192K, 4 young (32768K), 2 survivors (16384K)
[200.778s][info ][gc,heap,exit]  Metaspace       used 1493K, committed 1600K, reserved 1056768K
[200.778s][info ][gc,heap,exit]   class space    used 118K, committed 192K, reserved 1048576K
