[0.001s][warning][gc] -XX:+PrintGC is deprecated. Will use -Xlog:gc instead.
[0.001s][warning][gc] -XX:+PrintGCDetails is deprecated. Will use -Xlog:gc* instead.
[0.006s][info   ][gc,init] Initializing The Z Garbage Collector
[0.006s][info   ][gc,init] Version: 22.0.2+9 (release)
[0.006s][info   ][gc,init] NUMA Support: Disabled
[0.006s][info   ][gc,init] CPUs: 12 total, 12 available
[0.006s][info   ][gc,init] Memory: 98304M
[0.006s][info   ][gc,init] Large Page Support: Disabled
[0.006s][info   ][gc,init] Address Space Type: Contiguous/Unrestricted/Complete
[0.006s][info   ][gc,init] Address Space Size: 131072M
[0.006s][info   ][gc,init] Min Capacity: 8192M
[0.006s][info   ][gc,init] Initial Capacity: 8192M
[0.006s][info   ][gc,init] Max Capacity: 8192M
[0.006s][info   ][gc,init] Soft Max Capacity: 8192M
[0.006s][info   ][gc,init] Medium Page Size: 32M
[0.006s][info   ][gc,init] Pre-touch: Disabled
[0.006s][info   ][gc,init] Uncommit: Implicitly Disabled (-Xms equals -Xmx)
[0.006s][info   ][gc,init] GC Workers for Old Generation: 3 (dynamic)
[0.006s][info   ][gc,init] GC Workers for Young Generation: 3 (dynamic)
[0.007s][info   ][gc,init] GC Workers Max: 3 (dynamic)
[0.007s][info   ][gc,init] Runtime Workers: 8
[0.007s][info   ][gc     ] Using The Z Garbage Collector
[0.013s][info   ][gc,metaspace] CDS archive(s) mapped at: [0x00003ffe00000000-0x00003ffe00c94000-0x00003ffe00c94000), size 13189120, SharedBaseAddress: 0x00003ffe00000000, ArchiveRelocationMode: 1.
[0.013s][info   ][gc,metaspace] Compressed class space mapped at: 0x00003ffe01000000-0x00003ffe41000000, reserved size: 1073741824
[0.013s][info   ][gc,metaspace] Narrow klass base: 0x00003ffe00000000, Narrow klass shift: 0, Narrow klass range: 0x100000000
[0.324s][info   ][gc          ] GC(0) Major Collection (Warmup)
[0.324s][info   ][gc,task     ] GC(0) Using 3 Workers for Young Generation
[0.324s][info   ][gc,task     ] GC(0) Using 2 Workers for Old Generation
[0.324s][info   ][gc,phases   ] GC(0) Y: Young Generation
[0.324s][info   ][gc,phases   ] GC(0) Y: Pause Mark Start (Major) 0.013ms
[0.337s][info   ][gc,phases   ] GC(0) Y: Concurrent Mark 12.126ms
[0.337s][info   ][gc,phases   ] GC(0) Y: Pause Mark End 0.011ms
[0.337s][info   ][gc,phases   ] GC(0) Y: Concurrent Mark Free 0.000ms
[0.337s][info   ][gc,phases   ] GC(0) Y: Concurrent Reset Relocation Set 0.000ms
[0.339s][info   ][gc,reloc    ] GC(0) Y: Using tenuring threshold: 1 (Computed)
[0.339s][info   ][gc,phases   ] GC(0) Y: Concurrent Select Relocation Set 2.331ms
[0.339s][info   ][gc,phases   ] GC(0) Y: Pause Relocate Start 0.002ms
[0.343s][info   ][gc,phases   ] GC(0) Y: Concurrent Relocate 4.250ms
[0.343s][info   ][gc,alloc    ] GC(0) Y:                         Mark Start        Mark End      Relocate Start    Relocate End   
[0.343s][info   ][gc,alloc    ] GC(0) Y: Allocation Stalls:          0                0                0                0         
[0.343s][info   ][gc,load     ] GC(0) Y: Load: 1.02 (8%) / 1.22 (10%) / 1.44 (12%)
[0.343s][info   ][gc,mmu      ] GC(0) Y: MMU: 2ms/99.3%, 5ms/99.7%, 10ms/99.9%, 20ms/99.9%, 50ms/99.9%, 100ms/100.0%
[0.343s][info   ][gc,marking  ] GC(0) Y: Mark: 2 stripe(s), 3 proactive flush(es), 1 terminate flush(es), 0 completion(s), 0 continuation(s) 
[0.343s][info   ][gc,marking  ] GC(0) Y: Mark Stack Usage: 32M
[0.343s][info   ][gc,nmethod  ] GC(0) Y: NMethods: 473 registered, 0 unregistered
[0.343s][info   ][gc,metaspace] GC(0) Y: Metaspace: 0M used, 0M committed, 1088M reserved
[0.343s][info   ][gc,reloc    ] GC(0) Y:                        Candidates     Selected     In-Place         Size        Empty    Relocated 
[0.343s][info   ][gc,reloc    ] GC(0) Y: Small Pages:                  422          154            0         844M         396M          32M 
[0.343s][info   ][gc,reloc    ] GC(0) Y: Medium Pages:                   0            0            0           0M           0M           0M 
[0.343s][info   ][gc,reloc    ] GC(0) Y: Large Pages:                    0            0            0           0M           0M           0M 
[0.343s][info   ][gc,reloc    ] GC(0) Y: Forwarding Usage: 4M
[0.343s][info   ][gc,reloc    ] GC(0) Y: Age Table:
[0.343s][info   ][gc,reloc    ] GC(0) Y:                    Live             Garbage             Small              Medium             Large        
[0.343s][info   ][gc,reloc    ] GC(0) Y: Eden             129M (2%)          714M (9%)         422 / 154            0 / 0              0 / 0        
[0.343s][info   ][gc,heap     ] GC(0) Y: Min Capacity: 8192M(100%)
[0.343s][info   ][gc,heap     ] GC(0) Y: Max Capacity: 8192M(100%)
[0.343s][info   ][gc,heap     ] GC(0) Y: Soft Max Capacity: 8192M(100%)
[0.343s][info   ][gc,heap     ] GC(0) Y: Heap Statistics:
[0.343s][info   ][gc,heap     ] GC(0) Y:                Mark Start          Mark End        Relocate Start      Relocate End           High               Low         
[0.343s][info   ][gc,heap     ] GC(0) Y:  Capacity:     8192M (100%)       8192M (100%)       8192M (100%)       8192M (100%)       8192M (100%)       8192M (100%)   
[0.343s][info   ][gc,heap     ] GC(0) Y:      Free:     7348M (90%)        7318M (89%)        7714M (94%)        8000M (98%)        8000M (98%)        7318M (89%)    
[0.343s][info   ][gc,heap     ] GC(0) Y:      Used:      844M (10%)         874M (11%)         478M (6%)          192M (2%)          874M (11%)         192M (2%)     
[0.343s][info   ][gc,heap     ] GC(0) Y: Young Generation Statistics:
[0.343s][info   ][gc,heap     ] GC(0) Y:                Mark Start          Mark End        Relocate Start      Relocate End    
[0.343s][info   ][gc,heap     ] GC(0) Y:      Used:      844M (10%)         874M (11%)         478M (6%)          192M (2%)     
[0.343s][info   ][gc,heap     ] GC(0) Y:      Live:         -               129M (2%)          129M (2%)          129M (2%)     
[0.343s][info   ][gc,heap     ] GC(0) Y:   Garbage:         -               714M (9%)          318M (4%)            1M (0%)     
[0.343s][info   ][gc,heap     ] GC(0) Y: Allocated:         -                30M (0%)           30M (0%)           61M (1%)     
[0.343s][info   ][gc,heap     ] GC(0) Y: Reclaimed:         -                  -               396M (5%)          713M (9%)     
[0.343s][info   ][gc,heap     ] GC(0) Y:  Promoted:         -                  -                 0M (0%)            0M (0%)     
[0.343s][info   ][gc,heap     ] GC(0) Y: Compacted:         -                  -                  -                66M (1%)     
[0.343s][info   ][gc,phases   ] GC(0) Y: Young Generation 844M(10%)->192M(2%) 0.019s
[0.343s][info   ][gc,phases   ] GC(0) O: Old Generation
[0.344s][info   ][gc,phases   ] GC(0) O: Concurrent Mark 0.263ms
[0.344s][info   ][gc,phases   ] GC(0) O: Pause Mark End 0.007ms
[0.344s][info   ][gc,phases   ] GC(0) O: Concurrent Mark Free 0.017ms
[0.344s][info   ][gc,phases   ] GC(0) O: Concurrent Process Non-Strong 0.506ms
[0.344s][info   ][gc,phases   ] GC(0) O: Concurrent Reset Relocation Set 0.000ms
[0.345s][info   ][gc,phases   ] GC(0) O: Concurrent Select Relocation Set 0.938ms
[0.345s][info   ][gc,task     ] GC(0) O: Using 3 Workers for Old Generation
[0.347s][info   ][gc,task     ] GC(0) O: Using 2 Workers for Old Generation
[0.347s][info   ][gc,phases   ] GC(0) O: Concurrent Remap Roots 1.990ms
[0.347s][info   ][gc,phases   ] GC(0) O: Pause Relocate Start 0.008ms
[0.347s][info   ][gc,phases   ] GC(0) O: Concurrent Relocate 0.027ms
[0.347s][info   ][gc,alloc    ] GC(0) O:                         Mark Start        Mark End      Relocate Start    Relocate End   
[0.347s][info   ][gc,alloc    ] GC(0) O: Allocation Stalls:          0                0                0                0         
[0.347s][info   ][gc,load     ] GC(0) O: Load: 1.02 (8%) / 1.22 (10%) / 1.44 (12%)
[0.347s][info   ][gc,mmu      ] GC(0) O: MMU: 2ms/99.3%, 5ms/99.7%, 10ms/99.8%, 20ms/99.8%, 50ms/99.9%, 100ms/100.0%
[0.347s][info   ][gc,marking  ] GC(0) O: Mark: 2 stripe(s), 1 proactive flush(es), 1 terminate flush(es), 0 completion(s), 0 continuation(s) 
[0.347s][info   ][gc,marking  ] GC(0) O: Mark Stack Usage: 0M
[0.347s][info   ][gc,nmethod  ] GC(0) O: NMethods: 380 registered, 93 unregistered
[0.347s][info   ][gc,metaspace] GC(0) O: Metaspace: 0M used, 0M committed, 1088M reserved
[0.347s][info   ][gc,ref      ] GC(0) O:                       Encountered   Discovered     Enqueued 
[0.347s][info   ][gc,ref      ] GC(0) O: Soft References:               64            0            0 
[0.347s][info   ][gc,ref      ] GC(0) O: Weak References:              290            0            0 
[0.347s][info   ][gc,ref      ] GC(0) O: Final References:               0            0            0 
[0.347s][info   ][gc,ref      ] GC(0) O: Phantom References:            32            0            0 
[0.347s][info   ][gc,heap     ] GC(0) O: Min Capacity: 8192M(100%)
[0.347s][info   ][gc,heap     ] GC(0) O: Max Capacity: 8192M(100%)
[0.347s][info   ][gc,heap     ] GC(0) O: Soft Max Capacity: 8192M(100%)
[0.347s][info   ][gc,heap     ] GC(0) O: Heap Statistics:
[0.347s][info   ][gc,heap     ] GC(0) O:                Mark Start          Mark End        Relocate Start      Relocate End           High               Low         
[0.347s][info   ][gc,heap     ] GC(0) O:  Capacity:     8192M (100%)       8192M (100%)       8192M (100%)       8192M (100%)       8192M (100%)       8192M (100%)   
[0.347s][info   ][gc,heap     ] GC(0) O:      Free:     7348M (90%)        7998M (98%)        7998M (98%)        7998M (98%)        8000M (98%)        7318M (89%)    
[0.347s][info   ][gc,heap     ] GC(0) O:      Used:      844M (10%)         194M (2%)          194M (2%)          194M (2%)          874M (11%)         192M (2%)     
[0.347s][info   ][gc,heap     ] GC(0) O: Old Generation Statistics:
[0.347s][info   ][gc,heap     ] GC(0) O:                Mark Start          Mark End        Relocate Start      Relocate End    
[0.347s][info   ][gc,heap     ] GC(0) O:      Used:        0M (0%)            0M (0%)            0M (0%)            0M (0%)     
[0.347s][info   ][gc,heap     ] GC(0) O:      Live:         -                 0M (0%)            0M (0%)            0M (0%)     
[0.347s][info   ][gc,heap     ] GC(0) O:   Garbage:         -                 0M (0%)            0M (0%)            0M (0%)     
[0.347s][info   ][gc,heap     ] GC(0) O: Allocated:         -                 0M (0%)            0M (0%)            0M (0%)     
[0.347s][info   ][gc,heap     ] GC(0) O: Reclaimed:         -                  -                 0M (0%)            0M (0%)     
[0.347s][info   ][gc,heap     ] GC(0) O: Compacted:         -                  -                  -                 0M (0%)     
[0.347s][info   ][gc,phases   ] GC(0) O: Old Generation 194M(2%)->194M(2%) 0.004s
[0.347s][info   ][gc          ] GC(0) Major Collection (Warmup) 844M(10%)->194M(2%) 0.023s
[0.834s][info   ][gc          ] GC(1) Major Collection (Warmup)
[0.834s][info   ][gc,task     ] GC(1) Using 3 Workers for Young Generation
[0.834s][info   ][gc,task     ] GC(1) Using 1 Workers for Old Generation
[0.834s][info   ][gc,phases   ] GC(1) Y: Young Generation
[0.835s][info   ][gc,phases   ] GC(1) Y: Pause Mark Start (Major) 0.011ms
[0.855s][info   ][gc,phases   ] GC(1) Y: Concurrent Mark 20.071ms
[0.855s][info   ][gc,phases   ] GC(1) Y: Pause Mark End 0.011ms
[0.855s][info   ][gc,phases   ] GC(1) Y: Concurrent Mark Free 0.000ms
[0.855s][info   ][gc,phases   ] GC(1) Y: Concurrent Reset Relocation Set 0.014ms
[0.856s][info   ][gc,reloc    ] GC(1) Y: Using tenuring threshold: 2 (Computed)
[0.856s][info   ][gc,phases   ] GC(1) Y: Concurrent Select Relocation Set 1.352ms
[0.856s][info   ][gc,phases   ] GC(1) Y: Pause Relocate Start 0.005ms
[0.857s][info   ][gc,phases   ] GC(1) Y: Concurrent Relocate 0.553ms
[0.857s][info   ][gc,alloc    ] GC(1) Y:                         Mark Start        Mark End      Relocate Start    Relocate End   
[0.857s][info   ][gc,alloc    ] GC(1) Y: Allocation Stalls:          0                0                0                0         
[0.857s][info   ][gc,load     ] GC(1) Y: Load: 1.02 (8%) / 1.22 (10%) / 1.44 (12%)
[0.857s][info   ][gc,mmu      ] GC(1) Y: MMU: 2ms/99.2%, 5ms/99.7%, 10ms/99.8%, 20ms/99.8%, 50ms/99.9%, 100ms/100.0%
[0.857s][info   ][gc,marking  ] GC(1) Y: Mark: 2 stripe(s), 2 proactive flush(es), 1 terminate flush(es), 0 completion(s), 0 continuation(s) 
[0.857s][info   ][gc,marking  ] GC(1) Y: Mark Stack Usage: 32M
[0.857s][info   ][gc,nmethod  ] GC(1) Y: NMethods: 381 registered, 93 unregistered
[0.857s][info   ][gc,metaspace] GC(1) Y: Metaspace: 0M used, 0M committed, 1088M reserved
[0.857s][info   ][gc,reloc    ] GC(1) Y:                        Candidates     Selected     In-Place         Size        Empty    Relocated 
[0.857s][info   ][gc,reloc    ] GC(1) Y: Small Pages:                  824            4            0        1648M        1508M           4M 
[0.857s][info   ][gc,reloc    ] GC(1) Y: Medium Pages:                   0            0            0           0M           0M           0M 
[0.857s][info   ][gc,reloc    ] GC(1) Y: Large Pages:                    0            0            0           0M           0M           0M 
[0.857s][info   ][gc,reloc    ] GC(1) Y: Forwarding Usage: 0M
[0.857s][info   ][gc,reloc    ] GC(1) Y: Age Table:
[0.857s][info   ][gc,reloc    ] GC(1) Y:                    Live             Garbage             Small              Medium             Large        
[0.857s][info   ][gc,reloc    ] GC(1) Y: Eden              63M (1%)         1450M (18%)        757 / 2              0 / 0              0 / 0        
[0.857s][info   ][gc,reloc    ] GC(1) Y: Survivor 1        65M (1%)           68M (1%)          67 / 2              0 / 0              0 / 0        
[0.857s][info   ][gc,heap     ] GC(1) Y: Min Capacity: 8192M(100%)
[0.857s][info   ][gc,heap     ] GC(1) Y: Max Capacity: 8192M(100%)
[0.857s][info   ][gc,heap     ] GC(1) Y: Soft Max Capacity: 8192M(100%)
[0.857s][info   ][gc,heap     ] GC(1) Y: Heap Statistics:
[0.857s][info   ][gc,heap     ] GC(1) Y:                Mark Start          Mark End        Relocate Start      Relocate End           High               Low         
[0.857s][info   ][gc,heap     ] GC(1) Y:  Capacity:     8192M (100%)       8192M (100%)       8192M (100%)       8192M (100%)       8192M (100%)       8192M (100%)   
[0.857s][info   ][gc,heap     ] GC(1) Y:      Free:     6544M (80%)        6482M (79%)        7988M (98%)        7992M (98%)        7992M (98%)        6480M (79%)    
[0.857s][info   ][gc,heap     ] GC(1) Y:      Used:     1648M (20%)        1710M (21%)         204M (2%)          200M (2%)         1712M (21%)         200M (2%)     
[0.857s][info   ][gc,heap     ] GC(1) Y: Young Generation Statistics:
[0.857s][info   ][gc,heap     ] GC(1) Y:                Mark Start          Mark End        Relocate Start      Relocate End    
[0.857s][info   ][gc,heap     ] GC(1) Y:      Used:     1648M (20%)        1710M (21%)         204M (2%)          200M (2%)     
[0.857s][info   ][gc,heap     ] GC(1) Y:      Live:         -               129M (2%)          129M (2%)          129M (2%)     
[0.857s][info   ][gc,heap     ] GC(1) Y:   Garbage:         -              1518M (19%)          10M (0%)            1M (0%)     
[0.857s][info   ][gc,heap     ] GC(1) Y: Allocated:         -                62M (1%)           64M (1%)           69M (1%)     
[0.857s][info   ][gc,heap     ] GC(1) Y: Reclaimed:         -                  -              1508M (18%)        1517M (19%)    
[0.857s][info   ][gc,heap     ] GC(1) Y:  Promoted:         -                  -                 0M (0%)            0M (0%)     
[0.857s][info   ][gc,heap     ] GC(1) Y: Compacted:         -                  -                  -                 8M (0%)     
[0.857s][info   ][gc,phases   ] GC(1) Y: Young Generation 1648M(20%)->200M(2%) 0.022s
[0.857s][info   ][gc,phases   ] GC(1) O: Old Generation
[0.857s][info   ][gc,phases   ] GC(1) O: Concurrent Mark 0.351ms
[0.857s][info   ][gc,phases   ] GC(1) O: Pause Mark End 0.008ms
[0.857s][info   ][gc,phases   ] GC(1) O: Concurrent Mark Free 0.000ms
[0.858s][info   ][gc,phases   ] GC(1) O: Concurrent Process Non-Strong 0.667ms
[0.858s][info   ][gc,phases   ] GC(1) O: Concurrent Reset Relocation Set 0.000ms
[0.859s][info   ][gc,phases   ] GC(1) O: Concurrent Select Relocation Set 1.057ms
[0.859s][info   ][gc,task     ] GC(1) O: Using 3 Workers for Old Generation
[0.861s][info   ][gc,task     ] GC(1) O: Using 1 Workers for Old Generation
[0.861s][info   ][gc,phases   ] GC(1) O: Concurrent Remap Roots 2.018ms
[0.861s][info   ][gc,phases   ] GC(1) O: Pause Relocate Start 0.003ms
[0.861s][info   ][gc,phases   ] GC(1) O: Concurrent Relocate 0.025ms
[0.861s][info   ][gc,alloc    ] GC(1) O:                         Mark Start        Mark End      Relocate Start    Relocate End   
[0.861s][info   ][gc,alloc    ] GC(1) O: Allocation Stalls:          0                0                0                0         
[0.861s][info   ][gc,load     ] GC(1) O: Load: 1.02 (8%) / 1.22 (10%) / 1.44 (12%)
[0.861s][info   ][gc,mmu      ] GC(1) O: MMU: 2ms/99.2%, 5ms/99.5%, 10ms/99.7%, 20ms/99.8%, 50ms/99.9%, 100ms/100.0%
[0.861s][info   ][gc,marking  ] GC(1) O: Mark: 1 stripe(s), 1 proactive flush(es), 1 terminate flush(es), 0 completion(s), 0 continuation(s) 
[0.861s][info   ][gc,marking  ] GC(1) O: Mark Stack Usage: 0M
[0.861s][info   ][gc,nmethod  ] GC(1) O: NMethods: 381 registered, 93 unregistered
[0.861s][info   ][gc,metaspace] GC(1) O: Metaspace: 0M used, 0M committed, 1088M reserved
[0.861s][info   ][gc,ref      ] GC(1) O:                       Encountered   Discovered     Enqueued 
[0.861s][info   ][gc,ref      ] GC(1) O: Soft References:               64            0            0 
[0.861s][info   ][gc,ref      ] GC(1) O: Weak References:              290            0            0 
[0.861s][info   ][gc,ref      ] GC(1) O: Final References:               0            0            0 
[0.861s][info   ][gc,ref      ] GC(1) O: Phantom References:            32            0            0 
[0.861s][info   ][gc,heap     ] GC(1) O: Min Capacity: 8192M(100%)
[0.861s][info   ][gc,heap     ] GC(1) O: Max Capacity: 8192M(100%)
[0.861s][info   ][gc,heap     ] GC(1) O: Soft Max Capacity: 8192M(100%)
[0.861s][info   ][gc,heap     ] GC(1) O: Heap Statistics:
[0.861s][info   ][gc,heap     ] GC(1) O:                Mark Start          Mark End        Relocate Start      Relocate End           High               Low         
[0.861s][info   ][gc,heap     ] GC(1) O:  Capacity:     8192M (100%)       8192M (100%)       8192M (100%)       8192M (100%)       8192M (100%)       8192M (100%)   
[0.861s][info   ][gc,heap     ] GC(1) O:      Free:     6544M (80%)        7992M (98%)        7990M (98%)        7990M (98%)        7992M (98%)        6480M (79%)    
[0.861s][info   ][gc,heap     ] GC(1) O:      Used:     1648M (20%)         200M (2%)          202M (2%)          202M (2%)         1712M (21%)         200M (2%)     
[0.861s][info   ][gc,heap     ] GC(1) O: Old Generation Statistics:
[0.861s][info   ][gc,heap     ] GC(1) O:                Mark Start          Mark End        Relocate Start      Relocate End    
[0.861s][info   ][gc,heap     ] GC(1) O:      Used:        0M (0%)            0M (0%)            0M (0%)            0M (0%)     
[0.861s][info   ][gc,heap     ] GC(1) O:      Live:         -                 0M (0%)            0M (0%)            0M (0%)     
[0.861s][info   ][gc,heap     ] GC(1) O:   Garbage:         -                 0M (0%)            0M (0%)            0M (0%)     
[0.861s][info   ][gc,heap     ] GC(1) O: Allocated:         -                 0M (0%)            0M (0%)            0M (0%)     
[0.861s][info   ][gc,heap     ] GC(1) O: Reclaimed:         -                  -                 0M (0%)            0M (0%)     
[0.861s][info   ][gc,heap     ] GC(1) O: Compacted:         -                  -                  -                 0M (0%)     
[0.861s][info   ][gc,phases   ] GC(1) O: Old Generation 200M(2%)->202M(2%) 0.004s
[0.861s][info   ][gc          ] GC(1) Major Collection (Warmup) 1648M(20%)->204M(2%) 0.027s
[1.624s][info   ][gc          ] GC(2) Major Collection (Warmup)
[1.624s][info   ][gc,task     ] GC(2) Using 3 Workers for Young Generation
[1.624s][info   ][gc,task     ] GC(2) Using 1 Workers for Old Generation
[1.624s][info   ][gc,phases   ] GC(2) Y: Young Generation
[1.625s][info   ][gc,phases   ] GC(2) Y: Pause Mark Start (Major) 0.008ms
[1.640s][info   ][gc,phases   ] GC(2) Y: Concurrent Mark 15.393ms
[1.640s][info   ][gc,phases   ] GC(2) Y: Pause Mark End 0.015ms
[1.640s][info   ][gc,phases   ] GC(2) Y: Concurrent Mark Free 0.000ms
[1.640s][info   ][gc,phases   ] GC(2) Y: Concurrent Reset Relocation Set 0.001ms
[1.641s][info   ][gc,reloc    ] GC(2) Y: Using tenuring threshold: 3 (Computed)
[1.641s][info   ][gc,phases   ] GC(2) Y: Concurrent Select Relocation Set 1.365ms
[1.642s][info   ][gc,phases   ] GC(2) Y: Pause Relocate Start 0.004ms
[1.642s][info   ][gc,phases   ] GC(2) Y: Concurrent Relocate 0.161ms
[1.642s][info   ][gc,alloc    ] GC(2) Y:                         Mark Start        Mark End      Relocate Start    Relocate End   
[1.642s][info   ][gc,alloc    ] GC(2) Y: Allocation Stalls:          0                0                0                0         
[1.642s][info   ][gc,load     ] GC(2) Y: Load: 1.02 (8%) / 1.22 (10%) / 1.44 (12%)
[1.642s][info   ][gc,mmu      ] GC(2) Y: MMU: 2ms/99.1%, 5ms/99.5%, 10ms/99.7%, 20ms/99.8%, 50ms/99.9%, 100ms/100.0%
[1.642s][info   ][gc,marking  ] GC(2) Y: Mark: 2 stripe(s), 2 proactive flush(es), 1 terminate flush(es), 0 completion(s), 0 continuation(s) 
[1.642s][info   ][gc,marking  ] GC(2) Y: Mark Stack Usage: 32M
[1.642s][info   ][gc,nmethod  ] GC(2) Y: NMethods: 381 registered, 93 unregistered
[1.642s][info   ][gc,metaspace] GC(2) Y: Metaspace: 0M used, 0M committed, 1088M reserved
[1.642s][info   ][gc,reloc    ] GC(2) Y:                        Candidates     Selected     In-Place         Size        Empty    Relocated 
[1.642s][info   ][gc,reloc    ] GC(2) Y: Small Pages:                 1245            2            0        2490M        2354M           1M 
[1.642s][info   ][gc,reloc    ] GC(2) Y: Medium Pages:                   0            0            0           0M           0M           0M 
[1.642s][info   ][gc,reloc    ] GC(2) Y: Large Pages:                    0            0            0           0M           0M           0M 
[1.642s][info   ][gc,reloc    ] GC(2) Y: Forwarding Usage: 0M
[1.642s][info   ][gc,reloc    ] GC(2) Y: Age Table:
[1.642s][info   ][gc,reloc    ] GC(2) Y:                    Live             Garbage             Small              Medium             Large        
[1.642s][info   ][gc,reloc    ] GC(2) Y: Eden              63M (1%)         2290M (28%)       1177 / 1              0 / 0              0 / 0        
[1.642s][info   ][gc,reloc    ] GC(2) Y: Survivor 1          -                68M (1%)          34 / 0              0 / 0              0 / 0        
[1.642s][info   ][gc,reloc    ] GC(2) Y: Survivor 2        65M (1%)            2M (0%)          34 / 1              0 / 0              0 / 0        
[1.642s][info   ][gc,heap     ] GC(2) Y: Min Capacity: 8192M(100%)
[1.642s][info   ][gc,heap     ] GC(2) Y: Max Capacity: 8192M(100%)
[1.642s][info   ][gc,heap     ] GC(2) Y: Soft Max Capacity: 8192M(100%)
[1.642s][info   ][gc,heap     ] GC(2) Y: Heap Statistics:
[1.642s][info   ][gc,heap     ] GC(2) Y:                Mark Start          Mark End        Relocate Start      Relocate End           High               Low         
[1.642s][info   ][gc,heap     ] GC(2) Y:  Capacity:     8192M (100%)       8192M (100%)       8192M (100%)       8192M (100%)       8192M (100%)       8192M (100%)   
[1.642s][info   ][gc,heap     ] GC(2) Y:      Free:     5702M (70%)        5670M (69%)        8022M (98%)        8020M (98%)        8022M (98%)        5670M (69%)    
[1.642s][info   ][gc,heap     ] GC(2) Y:      Used:     2490M (30%)        2522M (31%)         170M (2%)          172M (2%)         2522M (31%)         170M (2%)     
[1.642s][info   ][gc,heap     ] GC(2) Y: Young Generation Statistics:
[1.642s][info   ][gc,heap     ] GC(2) Y:                Mark Start          Mark End        Relocate Start      Relocate End    
[1.642s][info   ][gc,heap     ] GC(2) Y:      Used:     2490M (30%)        2522M (31%)         170M (2%)          172M (2%)     
[1.642s][info   ][gc,heap     ] GC(2) Y:      Live:         -               128M (2%)          128M (2%)          128M (2%)     
[1.642s][info   ][gc,heap     ] GC(2) Y:   Garbage:         -              2361M (29%)           7M (0%)            2M (0%)     
[1.642s][info   ][gc,heap     ] GC(2) Y: Allocated:         -                32M (0%)           34M (0%)           40M (0%)     
[1.642s][info   ][gc,heap     ] GC(2) Y: Reclaimed:         -                  -              2354M (29%)        2358M (29%)    
[1.642s][info   ][gc,heap     ] GC(2) Y:  Promoted:         -                  -                 0M (0%)            0M (0%)     
[1.642s][info   ][gc,heap     ] GC(2) Y: Compacted:         -                  -                  -                 1M (0%)     
[1.642s][info   ][gc,phases   ] GC(2) Y: Young Generation 2490M(30%)->172M(2%) 0.017s
[1.642s][info   ][gc,phases   ] GC(2) O: Old Generation
[1.642s][info   ][gc,phases   ] GC(2) O: Concurrent Mark 0.380ms
[1.642s][info   ][gc,phases   ] GC(2) O: Pause Mark End 0.006ms
[1.642s][info   ][gc,phases   ] GC(2) O: Concurrent Mark Free 0.000ms
[1.643s][info   ][gc,phases   ] GC(2) O: Concurrent Process Non-Strong 0.658ms
[1.643s][info   ][gc,phases   ] GC(2) O: Concurrent Reset Relocation Set 0.000ms
[1.644s][info   ][gc,phases   ] GC(2) O: Concurrent Select Relocation Set 0.957ms
[1.644s][info   ][gc,task     ] GC(2) O: Using 3 Workers for Old Generation
[1.646s][info   ][gc,task     ] GC(2) O: Using 1 Workers for Old Generation
[1.646s][info   ][gc,phases   ] GC(2) O: Concurrent Remap Roots 2.443ms
[1.646s][info   ][gc,phases   ] GC(2) O: Pause Relocate Start 0.005ms
[1.646s][info   ][gc,phases   ] GC(2) O: Concurrent Relocate 0.024ms
[1.646s][info   ][gc,alloc    ] GC(2) O:                         Mark Start        Mark End      Relocate Start    Relocate End   
[1.646s][info   ][gc,alloc    ] GC(2) O: Allocation Stalls:          0                0                0                0         
[1.646s][info   ][gc,load     ] GC(2) O: Load: 1.02 (8%) / 1.22 (10%) / 1.44 (12%)
[1.646s][info   ][gc,mmu      ] GC(2) O: MMU: 2ms/99.1%, 5ms/99.5%, 10ms/99.7%, 20ms/99.8%, 50ms/99.9%, 100ms/100.0%
[1.646s][info   ][gc,marking  ] GC(2) O: Mark: 1 stripe(s), 1 proactive flush(es), 1 terminate flush(es), 0 completion(s), 0 continuation(s) 
[1.646s][info   ][gc,marking  ] GC(2) O: Mark Stack Usage: 0M
[1.646s][info   ][gc,nmethod  ] GC(2) O: NMethods: 381 registered, 93 unregistered
[1.646s][info   ][gc,metaspace] GC(2) O: Metaspace: 0M used, 0M committed, 1088M reserved
[1.646s][info   ][gc,ref      ] GC(2) O:                       Encountered   Discovered     Enqueued 
[1.646s][info   ][gc,ref      ] GC(2) O: Soft References:               64            0            0 
[1.646s][info   ][gc,ref      ] GC(2) O: Weak References:              290            0            0 
[1.646s][info   ][gc,ref      ] GC(2) O: Final References:               0            0            0 
[1.646s][info   ][gc,ref      ] GC(2) O: Phantom References:            32            0            0 
[1.646s][info   ][gc,heap     ] GC(2) O: Min Capacity: 8192M(100%)
[1.646s][info   ][gc,heap     ] GC(2) O: Max Capacity: 8192M(100%)
[1.646s][info   ][gc,heap     ] GC(2) O: Soft Max Capacity: 8192M(100%)
[1.646s][info   ][gc,heap     ] GC(2) O: Heap Statistics:
[1.646s][info   ][gc,heap     ] GC(2) O:                Mark Start          Mark End        Relocate Start      Relocate End           High               Low         
[1.646s][info   ][gc,heap     ] GC(2) O:  Capacity:     8192M (100%)       8192M (100%)       8192M (100%)       8192M (100%)       8192M (100%)       8192M (100%)   
[1.646s][info   ][gc,heap     ] GC(2) O:      Free:     5702M (70%)        8016M (98%)        7994M (98%)        7994M (98%)        8022M (98%)        5670M (69%)    
[1.646s][info   ][gc,heap     ] GC(2) O:      Used:     2490M (30%)         176M (2%)          198M (2%)          198M (2%)         2522M (31%)         170M (2%)     
[1.646s][info   ][gc,heap     ] GC(2) O: Old Generation Statistics:
[1.646s][info   ][gc,heap     ] GC(2) O:                Mark Start          Mark End        Relocate Start      Relocate End    
[1.646s][info   ][gc,heap     ] GC(2) O:      Used:        0M (0%)            0M (0%)            0M (0%)            0M (0%)     
[1.646s][info   ][gc,heap     ] GC(2) O:      Live:         -                 0M (0%)            0M (0%)            0M (0%)     
[1.646s][info   ][gc,heap     ] GC(2) O:   Garbage:         -                 0M (0%)            0M (0%)            0M (0%)     
[1.646s][info   ][gc,heap     ] GC(2) O: Allocated:         -                 0M (0%)            0M (0%)            0M (0%)     
[1.646s][info   ][gc,heap     ] GC(2) O: Reclaimed:         -                  -                 0M (0%)            0M (0%)     
[1.646s][info   ][gc,heap     ] GC(2) O: Compacted:         -                  -                  -                 0M (0%)     
[1.646s][info   ][gc,phases   ] GC(2) O: Old Generation 172M(2%)->198M(2%) 0.005s
[1.646s][info   ][gc          ] GC(2) Major Collection (Warmup) 2490M(30%)->198M(2%) 0.022s
[4.134s][info   ][gc          ] GC(3) Minor Collection (Allocation Rate)
[4.134s][info   ][gc,task     ] GC(3) Using 1 Workers for Young Generation
[4.134s][info   ][gc,phases   ] GC(3) y: Young Generation
[4.134s][info   ][gc,phases   ] GC(3) y: Pause Mark Start 0.006ms
[4.167s][info   ][gc,phases   ] GC(3) y: Concurrent Mark 32.491ms
[4.167s][info   ][gc,phases   ] GC(3) y: Pause Mark End 0.014ms
[4.167s][info   ][gc,phases   ] GC(3) y: Concurrent Mark Free 0.000ms
[4.167s][info   ][gc,phases   ] GC(3) y: Concurrent Reset Relocation Set 0.001ms
[4.168s][info   ][gc,reloc    ] GC(3) y: Using tenuring threshold: 4 (Computed)
[4.168s][info   ][gc,phases   ] GC(3) y: Concurrent Select Relocation Set 1.234ms
[4.168s][info   ][gc,phases   ] GC(3) y: Pause Relocate Start 0.003ms
[4.168s][info   ][gc,phases   ] GC(3) y: Concurrent Relocate 0.342ms
[4.168s][info   ][gc,alloc    ] GC(3) y:                         Mark Start        Mark End      Relocate Start    Relocate End   
[4.168s][info   ][gc,alloc    ] GC(3) y: Allocation Stalls:          0                0                0                0         
[4.168s][info   ][gc,load     ] GC(3) y: Load: 0.94 (8%) / 1.20 (10%) / 1.43 (12%)
[4.168s][info   ][gc,mmu      ] GC(3) y: MMU: 2ms/99.1%, 5ms/99.5%, 10ms/99.7%, 20ms/99.8%, 50ms/99.9%, 100ms/100.0%
[4.168s][info   ][gc,marking  ] GC(3) y: Mark: 1 stripe(s), 2 proactive flush(es), 1 terminate flush(es), 0 completion(s), 0 continuation(s) 
[4.168s][info   ][gc,marking  ] GC(3) y: Mark Stack Usage: 32M
[4.168s][info   ][gc,nmethod  ] GC(3) y: NMethods: 388 registered, 93 unregistered
[4.168s][info   ][gc,metaspace] GC(3) y: Metaspace: 0M used, 0M committed, 1088M reserved
[4.168s][info   ][gc,reloc    ] GC(3) y:                        Candidates     Selected     In-Place         Size        Empty    Relocated 
[4.168s][info   ][gc,reloc    ] GC(3) y: Small Pages:                 3798            3            0        7596M        7458M           1M 
[4.168s][info   ][gc,reloc    ] GC(3) y: Medium Pages:                   0            0            0           0M           0M           0M 
[4.168s][info   ][gc,reloc    ] GC(3) y: Large Pages:                    0            0            0           0M           0M           0M 
[4.168s][info   ][gc,reloc    ] GC(3) y: Forwarding Usage: 0M
[4.168s][info   ][gc,reloc    ] GC(3) y: Age Table:
[4.168s][info   ][gc,reloc    ] GC(3) y:                    Live             Garbage             Small              Medium             Large        
[4.168s][info   ][gc,reloc    ] GC(3) y: Eden              63M (1%)         7396M (90%)       3730 / 2              0 / 0              0 / 0        
[4.168s][info   ][gc,reloc    ] GC(3) y: Survivor 1          -                68M (1%)          34 / 0              0 / 0              0 / 0        
[4.168s][info   ][gc,reloc    ] GC(3) y: Survivor 2          -                 0M (0%)           0 / 0              0 / 0              0 / 0        
[4.168s][info   ][gc,reloc    ] GC(3) y: Survivor 3        65M (1%)            2M (0%)          34 / 1              0 / 0              0 / 0        
[4.168s][info   ][gc,heap     ] GC(3) y: Min Capacity: 8192M(100%)
[4.168s][info   ][gc,heap     ] GC(3) y: Max Capacity: 8192M(100%)
[4.168s][info   ][gc,heap     ] GC(3) y: Soft Max Capacity: 8192M(100%)
[4.168s][info   ][gc,heap     ] GC(3) y: Heap Statistics:
[4.168s][info   ][gc,heap     ] GC(3) y:                Mark Start          Mark End        Relocate Start      Relocate End           High               Low         
[4.168s][info   ][gc,heap     ] GC(3) y:  Capacity:     8192M (100%)       8192M (100%)       8192M (100%)       8192M (100%)       8192M (100%)       8192M (100%)   
[4.168s][info   ][gc,heap     ] GC(3) y:      Free:      596M (7%)          498M (6%)         7956M (97%)        7962M (97%)        7962M (97%)         498M (6%)     
[4.168s][info   ][gc,heap     ] GC(3) y:      Used:     7596M (93%)        7694M (94%)         236M (3%)          230M (3%)         7694M (94%)         230M (3%)     
[4.168s][info   ][gc,heap     ] GC(3) y: Young Generation Statistics:
[4.168s][info   ][gc,heap     ] GC(3) y:                Mark Start          Mark End        Relocate Start      Relocate End    
[4.168s][info   ][gc,heap     ] GC(3) y:      Used:     7596M (93%)        7694M (94%)         236M (3%)          230M (3%)     
[4.168s][info   ][gc,heap     ] GC(3) y:      Live:         -               129M (2%)          129M (2%)          129M (2%)     
[4.168s][info   ][gc,heap     ] GC(3) y:   Garbage:         -              7466M (91%)           8M (0%)            1M (0%)     
[4.168s][info   ][gc,heap     ] GC(3) y: Allocated:         -                98M (1%)           98M (1%)           99M (1%)     
[4.168s][info   ][gc,heap     ] GC(3) y: Reclaimed:         -                  -              7458M (91%)        7465M (91%)    
[4.168s][info   ][gc,heap     ] GC(3) y:  Promoted:         -                  -                 0M (0%)            0M (0%)     
[4.168s][info   ][gc,heap     ] GC(3) y: Compacted:         -                  -                  -                 2M (0%)     
[4.168s][info   ][gc,phases   ] GC(3) y: Young Generation 7596M(93%)->230M(3%) 0.034s
[4.168s][info   ][gc          ] GC(3) Minor Collection (Allocation Rate) 7596M(93%)->230M(3%) 0.034s
[5.535s][info   ][gc          ] GC(4) Major Collection (Proactive)
[5.535s][info   ][gc,task     ] GC(4) Using 1 Workers for Young Generation
[5.535s][info   ][gc,task     ] GC(4) Using 1 Workers for Old Generation
[5.535s][info   ][gc,phases   ] GC(4) Y: Young Generation
[5.535s][info   ][gc,phases   ] GC(4) Y: Pause Mark Start (Major) 0.011ms
[5.563s][info   ][gc,phases   ] GC(4) Y: Concurrent Mark 28.006ms
[5.563s][info   ][gc,phases   ] GC(4) Y: Pause Mark End 0.009ms
[5.563s][info   ][gc,phases   ] GC(4) Y: Concurrent Mark Free 0.000ms
[5.563s][info   ][gc,phases   ] GC(4) Y: Concurrent Reset Relocation Set 0.001ms
[5.564s][info   ][gc,reloc    ] GC(4) Y: Using tenuring threshold: 5 (Computed)
[5.564s][info   ][gc,phases   ] GC(4) Y: Concurrent Select Relocation Set 1.164ms
[5.564s][info   ][gc,phases   ] GC(4) Y: Pause Relocate Start 0.003ms
[5.565s][info   ][gc,phases   ] GC(4) Y: Concurrent Relocate 0.519ms
[5.565s][info   ][gc,alloc    ] GC(4) Y:                         Mark Start        Mark End      Relocate Start    Relocate End   
[5.565s][info   ][gc,alloc    ] GC(4) Y: Allocation Stalls:          0                0                0                0         
[5.565s][info   ][gc,load     ] GC(4) Y: Load: 0.94 (8%) / 1.20 (10%) / 1.43 (12%)
[5.565s][info   ][gc,mmu      ] GC(4) Y: MMU: 2ms/99.1%, 5ms/99.5%, 10ms/99.7%, 20ms/99.8%, 50ms/99.9%, 100ms/100.0%
[5.565s][info   ][gc,marking  ] GC(4) Y: Mark: 1 stripe(s), 2 proactive flush(es), 1 terminate flush(es), 0 completion(s), 0 continuation(s) 
[5.565s][info   ][gc,marking  ] GC(4) Y: Mark Stack Usage: 32M
[5.565s][info   ][gc,nmethod  ] GC(4) Y: NMethods: 388 registered, 93 unregistered
[5.565s][info   ][gc,metaspace] GC(4) Y: Metaspace: 0M used, 0M committed, 1088M reserved
[5.565s][info   ][gc,reloc    ] GC(4) Y:                        Candidates     Selected     In-Place         Size        Empty    Relocated 
[5.565s][info   ][gc,reloc    ] GC(4) Y: Small Pages:                 2152            3            0        4304M        4166M           2M 
[5.565s][info   ][gc,reloc    ] GC(4) Y: Medium Pages:                   0            0            0           0M           0M           0M 
[5.565s][info   ][gc,reloc    ] GC(4) Y: Large Pages:                    0            0            0           0M           0M           0M 
[5.565s][info   ][gc,reloc    ] GC(4) Y: Forwarding Usage: 0M
[5.565s][info   ][gc,reloc    ] GC(4) Y: Age Table:
[5.565s][info   ][gc,reloc    ] GC(4) Y:                    Live             Garbage             Small              Medium             Large        
[5.565s][info   ][gc,reloc    ] GC(4) Y: Eden              63M (1%)         4108M (50%)       2086 / 2              0 / 0              0 / 0        
[5.565s][info   ][gc,reloc    ] GC(4) Y: Survivor 1          -                64M (1%)          32 / 0              0 / 0              0 / 0        
[5.565s][info   ][gc,reloc    ] GC(4) Y: Survivor 2          -                 0M (0%)           0 / 0              0 / 0              0 / 0        
[5.565s][info   ][gc,reloc    ] GC(4) Y: Survivor 3          -                 0M (0%)           0 / 0              0 / 0              0 / 0        
[5.565s][info   ][gc,reloc    ] GC(4) Y: Survivor 4        65M (1%)            2M (0%)          34 / 1              0 / 0              0 / 0        
[5.565s][info   ][gc,heap     ] GC(4) Y: Min Capacity: 8192M(100%)
[5.565s][info   ][gc,heap     ] GC(4) Y: Max Capacity: 8192M(100%)
[5.565s][info   ][gc,heap     ] GC(4) Y: Soft Max Capacity: 8192M(100%)
[5.565s][info   ][gc,heap     ] GC(4) Y: Heap Statistics:
[5.565s][info   ][gc,heap     ] GC(4) Y:                Mark Start          Mark End        Relocate Start      Relocate End           High               Low         
[5.565s][info   ][gc,heap     ] GC(4) Y:  Capacity:     8192M (100%)       8192M (100%)       8192M (100%)       8192M (100%)       8192M (100%)       8192M (100%)   
[5.565s][info   ][gc,heap     ] GC(4) Y:      Free:     3888M (47%)        3808M (46%)        7964M (97%)        7968M (97%)        7968M (97%)        3806M (46%)    
[5.565s][info   ][gc,heap     ] GC(4) Y:      Used:     4304M (53%)        4384M (54%)         228M (3%)          224M (3%)         4386M (54%)         224M (3%)     
[5.565s][info   ][gc,heap     ] GC(4) Y: Young Generation Statistics:
[5.565s][info   ][gc,heap     ] GC(4) Y:                Mark Start          Mark End        Relocate Start      Relocate End    
[5.565s][info   ][gc,heap     ] GC(4) Y:      Used:     4304M (53%)        4384M (54%)         228M (3%)          224M (3%)     
[5.565s][info   ][gc,heap     ] GC(4) Y:      Live:         -               129M (2%)          129M (2%)          129M (2%)     
[5.565s][info   ][gc,heap     ] GC(4) Y:   Garbage:         -              4174M (51%)           8M (0%)            1M (0%)     
[5.565s][info   ][gc,heap     ] GC(4) Y: Allocated:         -                80M (1%)           90M (1%)           93M (1%)     
[5.565s][info   ][gc,heap     ] GC(4) Y: Reclaimed:         -                  -              4166M (51%)        4173M (51%)    
[5.565s][info   ][gc,heap     ] GC(4) Y:  Promoted:         -                  -                 0M (0%)            0M (0%)     
[5.565s][info   ][gc,heap     ] GC(4) Y: Compacted:         -                  -                  -                 4M (0%)     
[5.565s][info   ][gc,phases   ] GC(4) Y: Young Generation 4304M(53%)->224M(3%) 0.030s
[5.565s][info   ][gc,phases   ] GC(4) O: Old Generation
[5.565s][info   ][gc,phases   ] GC(4) O: Concurrent Mark 0.324ms
[5.565s][info   ][gc,phases   ] GC(4) O: Pause Mark End 0.004ms
[5.565s][info   ][gc,phases   ] GC(4) O: Concurrent Mark Free 0.000ms
[5.566s][info   ][gc,phases   ] GC(4) O: Concurrent Process Non-Strong 0.520ms
[5.566s][info   ][gc,phases   ] GC(4) O: Concurrent Reset Relocation Set 0.000ms
[5.567s][info   ][gc,phases   ] GC(4) O: Concurrent Select Relocation Set 0.900ms
[5.567s][info   ][gc,task     ] GC(4) O: Using 2 Workers for Old Generation
[5.569s][info   ][gc,task     ] GC(4) O: Using 1 Workers for Old Generation
[5.569s][info   ][gc,phases   ] GC(4) O: Concurrent Remap Roots 2.695ms
[5.569s][info   ][gc,phases   ] GC(4) O: Pause Relocate Start 0.002ms
[5.569s][info   ][gc,phases   ] GC(4) O: Concurrent Relocate 0.010ms
[5.569s][info   ][gc,alloc    ] GC(4) O:                         Mark Start        Mark End      Relocate Start    Relocate End   
[5.569s][info   ][gc,alloc    ] GC(4) O: Allocation Stalls:          0                0                0                0         
[5.569s][info   ][gc,load     ] GC(4) O: Load: 0.94 (8%) / 1.20 (10%) / 1.43 (12%)
[5.569s][info   ][gc,mmu      ] GC(4) O: MMU: 2ms/99.1%, 5ms/99.5%, 10ms/99.7%, 20ms/99.8%, 50ms/99.9%, 100ms/100.0%
[5.569s][info   ][gc,marking  ] GC(4) O: Mark: 1 stripe(s), 1 proactive flush(es), 1 terminate flush(es), 0 completion(s), 0 continuation(s) 
[5.569s][info   ][gc,marking  ] GC(4) O: Mark Stack Usage: 0M
[5.569s][info   ][gc,nmethod  ] GC(4) O: NMethods: 382 registered, 99 unregistered
[5.569s][info   ][gc,metaspace] GC(4) O: Metaspace: 0M used, 0M committed, 1088M reserved
[5.569s][info   ][gc,ref      ] GC(4) O:                       Encountered   Discovered     Enqueued 
[5.569s][info   ][gc,ref      ] GC(4) O: Soft References:               64            0            0 
[5.569s][info   ][gc,ref      ] GC(4) O: Weak References:              290            0            0 
[5.569s][info   ][gc,ref      ] GC(4) O: Final References:               0            0            0 
[5.569s][info   ][gc,ref      ] GC(4) O: Phantom References:            32            0            0 
[5.569s][info   ][gc,heap     ] GC(4) O: Min Capacity: 8192M(100%)
[5.569s][info   ][gc,heap     ] GC(4) O: Max Capacity: 8192M(100%)
[5.569s][info   ][gc,heap     ] GC(4) O: Soft Max Capacity: 8192M(100%)
[5.569s][info   ][gc,heap     ] GC(4) O: Heap Statistics:
[5.569s][info   ][gc,heap     ] GC(4) O:                Mark Start          Mark End        Relocate Start      Relocate End           High               Low         
[5.569s][info   ][gc,heap     ] GC(4) O:  Capacity:     8192M (100%)       8192M (100%)       8192M (100%)       8192M (100%)       8192M (100%)       8192M (100%)   
[5.569s][info   ][gc,heap     ] GC(4) O:      Free:     3888M (47%)        7968M (97%)        7968M (97%)        7968M (97%)        7968M (97%)        3806M (46%)    
[5.569s][info   ][gc,heap     ] GC(4) O:      Used:     4304M (53%)         224M (3%)          224M (3%)          224M (3%)         4386M (54%)         224M (3%)     
[5.569s][info   ][gc,heap     ] GC(4) O: Old Generation Statistics:
[5.569s][info   ][gc,heap     ] GC(4) O:                Mark Start          Mark End        Relocate Start      Relocate End    
[5.569s][info   ][gc,heap     ] GC(4) O:      Used:        0M (0%)            0M (0%)            0M (0%)            0M (0%)     
[5.569s][info   ][gc,heap     ] GC(4) O:      Live:         -                 0M (0%)            0M (0%)            0M (0%)     
[5.569s][info   ][gc,heap     ] GC(4) O:   Garbage:         -                 0M (0%)            0M (0%)            0M (0%)     
[5.569s][info   ][gc,heap     ] GC(4) O: Allocated:         -                 0M (0%)            0M (0%)            0M (0%)     
[5.570s][info   ][gc,heap     ] GC(4) O: Reclaimed:         -                  -                 0M (0%)            0M (0%)     
[5.570s][info   ][gc,heap     ] GC(4) O: Compacted:         -                  -                  -                 0M (0%)     
[5.570s][info   ][gc,phases   ] GC(4) O: Old Generation 224M(3%)->224M(3%) 0.005s
[5.570s][info   ][gc          ] GC(4) Major Collection (Proactive) 4304M(53%)->224M(3%) 0.035s
[8.102s][info   ][gc          ] GC(5) Minor Collection (High Usage)
[8.102s][info   ][gc,task     ] GC(5) Using 1 Workers for Young Generation
[8.102s][info   ][gc,phases   ] GC(5) y: Young Generation
[8.103s][info   ][gc,phases   ] GC(5) y: Pause Mark Start 0.006ms
[8.131s][info   ][gc,phases   ] GC(5) y: Concurrent Mark 28.565ms
[8.131s][info   ][gc,phases   ] GC(5) y: Pause Mark End 0.009ms
[8.131s][info   ][gc,phases   ] GC(5) y: Concurrent Mark Free 0.001ms
[8.131s][info   ][gc,phases   ] GC(5) y: Concurrent Reset Relocation Set 0.001ms
[8.133s][info   ][gc,reloc    ] GC(5) y: Using tenuring threshold: 6 (Computed)
[8.133s][info   ][gc,phases   ] GC(5) y: Concurrent Select Relocation Set 1.361ms
[8.133s][info   ][gc,phases   ] GC(5) y: Pause Relocate Start 0.004ms
[8.133s][info   ][gc,phases   ] GC(5) y: Concurrent Relocate 0.149ms
[8.133s][info   ][gc,alloc    ] GC(5) y:                         Mark Start        Mark End      Relocate Start    Relocate End   
[8.133s][info   ][gc,alloc    ] GC(5) y: Allocation Stalls:          0                0                0                0         
[8.133s][info   ][gc,load     ] GC(5) y: Load: 0.94 (8%) / 1.20 (10%) / 1.43 (12%)
[8.133s][info   ][gc,mmu      ] GC(5) y: MMU: 2ms/99.1%, 5ms/99.5%, 10ms/99.7%, 20ms/99.8%, 50ms/99.9%, 100ms/100.0%
[8.133s][info   ][gc,marking  ] GC(5) y: Mark: 1 stripe(s), 2 proactive flush(es), 1 terminate flush(es), 0 completion(s), 0 continuation(s) 
[8.133s][info   ][gc,marking  ] GC(5) y: Mark Stack Usage: 32M
[8.133s][info   ][gc,nmethod  ] GC(5) y: NMethods: 382 registered, 99 unregistered
[8.133s][info   ][gc,metaspace] GC(5) y: Metaspace: 0M used, 0M committed, 1088M reserved
[8.133s][info   ][gc,reloc    ] GC(5) y:                        Candidates     Selected     In-Place         Size        Empty    Relocated 
[8.133s][info   ][gc,reloc    ] GC(5) y: Small Pages:                 3880            2            0        7760M        7620M           0M 
[8.133s][info   ][gc,reloc    ] GC(5) y: Medium Pages:                   0            0            0           0M           0M           0M 
[8.133s][info   ][gc,reloc    ] GC(5) y: Large Pages:                    0            0            0           0M           0M           0M 
[8.133s][info   ][gc,reloc    ] GC(5) y: Forwarding Usage: 0M
[8.133s][info   ][gc,reloc    ] GC(5) y: Age Table:
[8.133s][info   ][gc,reloc    ] GC(5) y:                    Live             Garbage             Small              Medium             Large        
[8.133s][info   ][gc,reloc    ] GC(5) y: Eden              63M (1%)         7562M (92%)       3813 / 2              0 / 0              0 / 0        
[8.133s][info   ][gc,reloc    ] GC(5) y: Survivor 1          -                66M (1%)          33 / 0              0 / 0              0 / 0        
[8.133s][info   ][gc,reloc    ] GC(5) y: Survivor 2          -                 0M (0%)           0 / 0              0 / 0              0 / 0        
[8.133s][info   ][gc,reloc    ] GC(5) y: Survivor 3          -                 0M (0%)           0 / 0              0 / 0              0 / 0        
[8.133s][info   ][gc,reloc    ] GC(5) y: Survivor 4          -                 0M (0%)           0 / 0              0 / 0              0 / 0        
[8.133s][info   ][gc,reloc    ] GC(5) y: Survivor 5        65M (1%)            2M (0%)          34 / 0              0 / 0              0 / 0        
[8.133s][info   ][gc,heap     ] GC(5) y: Min Capacity: 8192M(100%)
[8.133s][info   ][gc,heap     ] GC(5) y: Max Capacity: 8192M(100%)
[8.133s][info   ][gc,heap     ] GC(5) y: Soft Max Capacity: 8192M(100%)
[8.133s][info   ][gc,heap     ] GC(5) y: Heap Statistics:
[8.133s][info   ][gc,heap     ] GC(5) y:                Mark Start          Mark End        Relocate Start      Relocate End           High               Low         
[8.133s][info   ][gc,heap     ] GC(5) y:  Capacity:     8192M (100%)       8192M (100%)       8192M (100%)       8192M (100%)       8192M (100%)       8192M (100%)   
[8.133s][info   ][gc,heap     ] GC(5) y:      Free:      432M (5%)          352M (4%)         7954M (97%)        7954M (97%)        7956M (97%)         352M (4%)     
[8.133s][info   ][gc,heap     ] GC(5) y:      Used:     7760M (95%)        7840M (96%)         238M (3%)          238M (3%)         7840M (96%)         236M (3%)     
[8.133s][info   ][gc,heap     ] GC(5) y: Young Generation Statistics:
[8.133s][info   ][gc,heap     ] GC(5) y:                Mark Start          Mark End        Relocate Start      Relocate End    
[8.133s][info   ][gc,heap     ] GC(5) y:      Used:     7760M (95%)        7840M (96%)         238M (3%)          238M (3%)     
[8.133s][info   ][gc,heap     ] GC(5) y:      Live:         -               129M (2%)          129M (2%)          129M (2%)     
[8.133s][info   ][gc,heap     ] GC(5) y:   Garbage:         -              7630M (93%)          10M (0%)            5M (0%)     
[8.133s][info   ][gc,heap     ] GC(5) y: Allocated:         -                80M (1%)           98M (1%)          103M (1%)     
[8.133s][info   ][gc,heap     ] GC(5) y: Reclaimed:         -                  -              7620M (93%)        7625M (93%)    
[8.133s][info   ][gc,heap     ] GC(5) y:  Promoted:         -                  -                 0M (0%)            0M (0%)     
[8.133s][info   ][gc,heap     ] GC(5) y: Compacted:         -                  -                  -                 0M (0%)     
[8.133s][info   ][gc,phases   ] GC(5) y: Young Generation 7760M(95%)->238M(3%) 0.030s
[8.133s][info   ][gc          ] GC(5) Minor Collection (High Usage) 7760M(95%)->238M(3%) 0.030s
[8.405s][info   ][gc          ] GC(6) Major Collection (Proactive)
[8.405s][info   ][gc,task     ] GC(6) Using 1 Workers for Young Generation
[8.405s][info   ][gc,task     ] GC(6) Using 1 Workers for Old Generation
[8.405s][info   ][gc,phases   ] GC(6) Y: Young Generation
[8.405s][info   ][gc,phases   ] GC(6) Y: Pause Mark Start (Major) 0.011ms
[8.442s][info   ][gc,phases   ] GC(6) Y: Concurrent Mark 36.651ms
[8.442s][info   ][gc,phases   ] GC(6) Y: Pause Mark End 0.010ms
[8.442s][info   ][gc,phases   ] GC(6) Y: Concurrent Mark Free 0.000ms
[8.442s][info   ][gc,phases   ] GC(6) Y: Concurrent Reset Relocation Set 0.001ms
[8.443s][info   ][gc,reloc    ] GC(6) Y: Using tenuring threshold: 6 (Computed)
[8.451s][info   ][gc,phases   ] GC(6) Y: Concurrent Select Relocation Set 9.037ms
[8.451s][info   ][gc,phases   ] GC(6) Y: Pause Relocate Start 0.004ms
[8.460s][info   ][gc,phases   ] GC(6) Y: Concurrent Relocate 8.993ms
[8.460s][info   ][gc,alloc    ] GC(6) Y:                         Mark Start        Mark End      Relocate Start    Relocate End   
[8.460s][info   ][gc,alloc    ] GC(6) Y: Allocation Stalls:          0                0                0                0         
[8.460s][info   ][gc,load     ] GC(6) Y: Load: 1.02 (9%) / 1.21 (10%) / 1.44 (12%)
[8.460s][info   ][gc,mmu      ] GC(6) Y: MMU: 2ms/99.1%, 5ms/99.5%, 10ms/99.7%, 20ms/99.8%, 50ms/99.9%, 100ms/100.0%
[8.460s][info   ][gc,marking  ] GC(6) Y: Mark: 1 stripe(s), 2 proactive flush(es), 1 terminate flush(es), 0 completion(s), 0 continuation(s) 
[8.460s][info   ][gc,marking  ] GC(6) Y: Mark Stack Usage: 32M
[8.460s][info   ][gc,nmethod  ] GC(6) Y: NMethods: 382 registered, 99 unregistered
[8.460s][info   ][gc,metaspace] GC(6) Y: Metaspace: 0M used, 0M committed, 1088M reserved
[8.460s][info   ][gc,reloc    ] GC(6) Y:                        Candidates     Selected     In-Place         Size        Empty    Relocated 
[8.460s][info   ][gc,reloc    ] GC(6) Y: Small Pages:                  525            3            0        1050M         912M           2M 
[8.460s][info   ][gc,reloc    ] GC(6) Y: Medium Pages:                   0            0            0           0M           0M           0M 
[8.460s][info   ][gc,reloc    ] GC(6) Y: Large Pages:                    0            0            0           0M           0M           0M 
[8.460s][info   ][gc,reloc    ] GC(6) Y: Forwarding Usage: 0M
[8.460s][info   ][gc,reloc    ] GC(6) Y: Age Table:
[8.460s][info   ][gc,reloc    ] GC(6) Y:                    Live             Garbage             Small              Medium             Large        
[8.460s][info   ][gc,reloc    ] GC(6) Y: Eden              63M (1%)          848M (10%)        456 / 3              0 / 0              0 / 0        
[8.460s][info   ][gc,reloc    ] GC(6) Y: Survivor 1          -                70M (1%)          35 / 0              0 / 0              0 / 0        
[8.460s][info   ][gc,reloc    ] GC(6) Y: Survivor 2          -                 0M (0%)           0 / 0              0 / 0              0 / 0        
[8.460s][info   ][gc,reloc    ] GC(6) Y: Survivor 3          -                 0M (0%)           0 / 0              0 / 0              0 / 0        
[8.460s][info   ][gc,reloc    ] GC(6) Y: Survivor 4          -                 0M (0%)           0 / 0              0 / 0              0 / 0        
[8.460s][info   ][gc,reloc    ] GC(6) Y: Survivor 5          -                 0M (0%)           0 / 0              0 / 0              0 / 0        
[8.460s][info   ][gc,reloc    ] GC(6) Y: Survivor 6        65M (1%)            2M (0%)          34 / 0              0 / 0              0 / 0        
[8.460s][info   ][gc,heap     ] GC(6) Y: Min Capacity: 8192M(100%)
[8.460s][info   ][gc,heap     ] GC(6) Y: Max Capacity: 8192M(100%)
[8.460s][info   ][gc,heap     ] GC(6) Y: Soft Max Capacity: 8192M(100%)
[8.460s][info   ][gc,heap     ] GC(6) Y: Heap Statistics:
[8.460s][info   ][gc,heap     ] GC(6) Y:                Mark Start          Mark End        Relocate Start      Relocate End           High               Low         
[8.460s][info   ][gc,heap     ] GC(6) Y:  Capacity:     8192M (100%)       8192M (100%)       8192M (100%)       8192M (100%)       8192M (100%)       8192M (100%)   
[8.460s][info   ][gc,heap     ] GC(6) Y:      Free:     7142M (87%)        7046M (86%)        7934M (97%)        7908M (97%)        7944M (97%)        7046M (86%)    
[8.460s][info   ][gc,heap     ] GC(6) Y:      Used:     1050M (13%)        1146M (14%)         258M (3%)          284M (3%)         1146M (14%)         248M (3%)     
[8.460s][info   ][gc,heap     ] GC(6) Y: Young Generation Statistics:
[8.460s][info   ][gc,heap     ] GC(6) Y:                Mark Start          Mark End        Relocate Start      Relocate End    
[8.460s][info   ][gc,heap     ] GC(6) Y:      Used:     1050M (13%)        1146M (14%)         192M (2%)          216M (3%)     
[8.460s][info   ][gc,heap     ] GC(6) Y:      Live:         -               129M (2%)           63M (1%)           63M (1%)     
[8.460s][info   ][gc,heap     ] GC(6) Y:   Garbage:         -               920M (11%)           8M (0%)            1M (0%)     
[8.460s][info   ][gc,heap     ] GC(6) Y: Allocated:         -                96M (1%)          120M (1%)          150M (2%)     
[8.460s][info   ][gc,heap     ] GC(6) Y: Reclaimed:         -                  -               912M (11%)         919M (11%)    
[8.460s][info   ][gc,heap     ] GC(6) Y:  Promoted:         -                  -                65M (1%)           65M (1%)     
[8.460s][info   ][gc,heap     ] GC(6) Y: Compacted:         -                  -                  -                 3M (0%)     
[8.460s][info   ][gc,phases   ] GC(6) Y: Young Generation 1050M(13%)->284M(3%) 0.055s
[8.460s][info   ][gc,phases   ] GC(6) O: Old Generation
[8.460s][info   ][gc,phases   ] GC(6) O: Concurrent Mark 0.299ms
[8.460s][info   ][gc,phases   ] GC(6) O: Pause Mark End 0.009ms
[8.460s][info   ][gc,phases   ] GC(6) O: Concurrent Mark Free 0.000ms
[8.461s][info   ][gc,phases   ] GC(6) O: Concurrent Process Non-Strong 0.500ms
[8.461s][info   ][gc,phases   ] GC(6) O: Concurrent Reset Relocation Set 0.000ms
[8.462s][info   ][gc,phases   ] GC(6) O: Concurrent Select Relocation Set 0.948ms
[8.462s][info   ][gc,task     ] GC(6) O: Using 2 Workers for Old Generation
[8.465s][info   ][gc,task     ] GC(6) O: Using 1 Workers for Old Generation
[8.465s][info   ][gc,phases   ] GC(6) O: Concurrent Remap Roots 3.778ms
[8.465s][info   ][gc,phases   ] GC(6) O: Pause Relocate Start 0.004ms
[8.465s][info   ][gc,phases   ] GC(6) O: Concurrent Relocate 0.017ms
[8.465s][info   ][gc,alloc    ] GC(6) O:                         Mark Start        Mark End      Relocate Start    Relocate End   
[8.465s][info   ][gc,alloc    ] GC(6) O: Allocation Stalls:          0                0                0                0         
[8.465s][info   ][gc,load     ] GC(6) O: Load: 1.02 (9%) / 1.21 (10%) / 1.44 (12%)
[8.465s][info   ][gc,mmu      ] GC(6) O: MMU: 2ms/99.1%, 5ms/99.5%, 10ms/99.7%, 20ms/99.8%, 50ms/99.9%, 100ms/100.0%
[8.465s][info   ][gc,marking  ] GC(6) O: Mark: 1 stripe(s), 1 proactive flush(es), 1 terminate flush(es), 0 completion(s), 0 continuation(s) 
[8.465s][info   ][gc,marking  ] GC(6) O: Mark Stack Usage: 0M
[8.465s][info   ][gc,nmethod  ] GC(6) O: NMethods: 382 registered, 99 unregistered
[8.465s][info   ][gc,metaspace] GC(6) O: Metaspace: 0M used, 0M committed, 1088M reserved
[8.465s][info   ][gc,ref      ] GC(6) O:                       Encountered   Discovered     Enqueued 
[8.465s][info   ][gc,ref      ] GC(6) O: Soft References:               64            0            0 
[8.465s][info   ][gc,ref      ] GC(6) O: Weak References:              290            0            0 
[8.465s][info   ][gc,ref      ] GC(6) O: Final References:               0            0            0 
[8.465s][info   ][gc,ref      ] GC(6) O: Phantom References:            32            0            0 
[8.465s][info   ][gc,heap     ] GC(6) O: Min Capacity: 8192M(100%)
[8.465s][info   ][gc,heap     ] GC(6) O: Max Capacity: 8192M(100%)
[8.465s][info   ][gc,heap     ] GC(6) O: Soft Max Capacity: 8192M(100%)
[8.465s][info   ][gc,heap     ] GC(6) O: Heap Statistics:
[8.465s][info   ][gc,heap     ] GC(6) O:                Mark Start          Mark End        Relocate Start      Relocate End           High               Low         
[8.465s][info   ][gc,heap     ] GC(6) O:  Capacity:     8192M (100%)       8192M (100%)       8192M (100%)       8192M (100%)       8192M (100%)       8192M (100%)   
[8.465s][info   ][gc,heap     ] GC(6) O:      Free:     7142M (87%)        7908M (97%)        7878M (96%)        7878M (96%)        7944M (97%)        7046M (86%)    
[8.465s][info   ][gc,heap     ] GC(6) O:      Used:     1050M (13%)         284M (3%)          314M (4%)          314M (4%)         1146M (14%)         248M (3%)     
[8.465s][info   ][gc,heap     ] GC(6) O: Old Generation Statistics:
[8.465s][info   ][gc,heap     ] GC(6) O:                Mark Start          Mark End        Relocate Start      Relocate End    
[8.465s][info   ][gc,heap     ] GC(6) O:      Used:        0M (0%)           68M (1%)           68M (1%)           68M (1%)     
[8.465s][info   ][gc,heap     ] GC(6) O:      Live:         -                 0M (0%)            0M (0%)            0M (0%)     
[8.465s][info   ][gc,heap     ] GC(6) O:   Garbage:         -                 0M (0%)            0M (0%)            0M (0%)     
[8.465s][info   ][gc,heap     ] GC(6) O: Allocated:         -                68M (1%)           68M (1%)           68M (1%)     
[8.465s][info   ][gc,heap     ] GC(6) O: Reclaimed:         -                  -                 0M (0%)            0M (0%)     
[8.465s][info   ][gc,heap     ] GC(6) O: Compacted:         -                  -                  -                 0M (0%)     
[8.465s][info   ][gc,phases   ] GC(6) O: Old Generation 284M(3%)->314M(4%) 0.006s
[8.466s][info   ][gc          ] GC(6) Major Collection (Proactive) 1050M(13%)->314M(4%) 0.061s
[10.905s][info   ][gc          ] GC(7) Minor Collection (Allocation Rate)
[10.905s][info   ][gc,task     ] GC(7) Using 1 Workers for Young Generation
[10.905s][info   ][gc,phases   ] GC(7) y: Young Generation
[10.905s][info   ][gc,phases   ] GC(7) y: Pause Mark Start 0.009ms
[10.918s][info   ][gc,phases   ] GC(7) y: Concurrent Mark 13.151ms
[10.918s][info   ][gc,phases   ] GC(7) y: Pause Mark End 0.006ms
[10.918s][info   ][gc,phases   ] GC(7) y: Concurrent Mark Free 0.000ms
[10.918s][info   ][gc,phases   ] GC(7) y: Concurrent Reset Relocation Set 0.021ms
[10.920s][info   ][gc,reloc    ] GC(7) y: Using tenuring threshold: 1 (Computed)
[10.920s][info   ][gc,phases   ] GC(7) y: Concurrent Select Relocation Set 1.107ms
[10.920s][info   ][gc,phases   ] GC(7) y: Pause Relocate Start 0.002ms
[10.920s][info   ][gc,phases   ] GC(7) y: Concurrent Relocate 0.370ms
[10.920s][info   ][gc,alloc    ] GC(7) y:                         Mark Start        Mark End      Relocate Start    Relocate End   
[10.920s][info   ][gc,alloc    ] GC(7) y: Allocation Stalls:          0                0                0                0         
[10.920s][info   ][gc,load     ] GC(7) y: Load: 1.02 (9%) / 1.21 (10%) / 1.44 (12%)
[10.920s][info   ][gc,mmu      ] GC(7) y: MMU: 2ms/99.1%, 5ms/99.5%, 10ms/99.7%, 20ms/99.8%, 50ms/99.9%, 100ms/100.0%
[10.920s][info   ][gc,marking  ] GC(7) y: Mark: 1 stripe(s), 1 proactive flush(es), 1 terminate flush(es), 0 completion(s), 0 continuation(s) 
[10.920s][info   ][gc,marking  ] GC(7) y: Mark Stack Usage: 32M
[10.920s][info   ][gc,nmethod  ] GC(7) y: NMethods: 382 registered, 99 unregistered
[10.920s][info   ][gc,metaspace] GC(7) y: Metaspace: 0M used, 0M committed, 1088M reserved
[10.920s][info   ][gc,reloc    ] GC(7) y:                        Candidates     Selected     In-Place         Size        Empty    Relocated 
[10.920s][info   ][gc,reloc    ] GC(7) y: Small Pages:                 3751            5            0        7502M        7426M           2M 
[10.920s][info   ][gc,reloc    ] GC(7) y: Medium Pages:                   0            0            0           0M           0M           0M 
[10.920s][info   ][gc,reloc    ] GC(7) y: Large Pages:                    0            0            0           0M           0M           0M 
[10.920s][info   ][gc,reloc    ] GC(7) y: Forwarding Usage: 0M
[10.920s][info   ][gc,reloc    ] GC(7) y: Age Table:
[10.920s][info   ][gc,reloc    ] GC(7) y:                    Live             Garbage             Small              Medium             Large        
[10.920s][info   ][gc,reloc    ] GC(7) y: Eden              63M (1%)         7372M (90%)       3718 / 5              0 / 0              0 / 0        
[10.920s][info   ][gc,reloc    ] GC(7) y: Survivor 1          -                66M (1%)          33 / 0              0 / 0              0 / 0        
[10.920s][info   ][gc,heap     ] GC(7) y: Min Capacity: 8192M(100%)
[10.920s][info   ][gc,heap     ] GC(7) y: Max Capacity: 8192M(100%)
[10.920s][info   ][gc,heap     ] GC(7) y: Soft Max Capacity: 8192M(100%)
[10.920s][info   ][gc,heap     ] GC(7) y: Heap Statistics:
[10.920s][info   ][gc,heap     ] GC(7) y:                Mark Start          Mark End        Relocate Start      Relocate End           High               Low         
[10.920s][info   ][gc,heap     ] GC(7) y:  Capacity:     8192M (100%)       8192M (100%)       8192M (100%)       8192M (100%)       8192M (100%)       8192M (100%)   
[10.920s][info   ][gc,heap     ] GC(7) y:      Free:      622M (8%)          592M (7%)         8018M (98%)        8028M (98%)        8028M (98%)         592M (7%)     
[10.920s][info   ][gc,heap     ] GC(7) y:      Used:     7570M (92%)        7600M (93%)         174M (2%)          164M (2%)         7600M (93%)         164M (2%)     
[10.920s][info   ][gc,heap     ] GC(7) y: Young Generation Statistics:
[10.920s][info   ][gc,heap     ] GC(7) y:                Mark Start          Mark End        Relocate Start      Relocate End    
[10.920s][info   ][gc,heap     ] GC(7) y:      Used:     7502M (92%)        7532M (92%)         106M (1%)           96M (1%)     
[10.920s][info   ][gc,heap     ] GC(7) y:      Live:         -                63M (1%)           63M (1%)           63M (1%)     
[10.920s][info   ][gc,heap     ] GC(7) y:   Garbage:         -              7438M (91%)          12M (0%)            2M (0%)     
[10.920s][info   ][gc,heap     ] GC(7) y: Allocated:         -                30M (0%)           30M (0%)           30M (0%)     
[10.920s][info   ][gc,heap     ] GC(7) y: Reclaimed:         -                  -              7426M (91%)        7436M (91%)    
[10.920s][info   ][gc,heap     ] GC(7) y:  Promoted:         -                  -                 0M (0%)            0M (0%)     
[10.920s][info   ][gc,heap     ] GC(7) y: Compacted:         -                  -                  -                 3M (0%)     
[10.920s][info   ][gc,phases   ] GC(7) y: Young Generation 7570M(92%)->164M(2%) 0.015s
[10.920s][info   ][gc          ] GC(7) Minor Collection (Allocation Rate) 7570M(92%)->164M(2%) 0.015s
[12.905s][info   ][gc          ] GC(8) Major Collection (Proactive)
[12.905s][info   ][gc,task     ] GC(8) Using 1 Workers for Young Generation
[12.905s][info   ][gc,task     ] GC(8) Using 1 Workers for Old Generation
[12.905s][info   ][gc,phases   ] GC(8) Y: Young Generation
[12.905s][info   ][gc,phases   ] GC(8) Y: Pause Mark Start (Major) 0.011ms
[12.919s][info   ][gc,phases   ] GC(8) Y: Concurrent Mark 13.697ms
[12.919s][info   ][gc,phases   ] GC(8) Y: Pause Mark End 0.007ms
[12.919s][info   ][gc,phases   ] GC(8) Y: Concurrent Mark Free 0.000ms
[12.919s][info   ][gc,phases   ] GC(8) Y: Concurrent Reset Relocation Set 0.001ms
[12.920s][info   ][gc,reloc    ] GC(8) Y: Using tenuring threshold: 1 (Computed)
[12.920s][info   ][gc,phases   ] GC(8) Y: Concurrent Select Relocation Set 1.265ms
[12.920s][info   ][gc,phases   ] GC(8) Y: Pause Relocate Start 0.002ms
[12.921s][info   ][gc,phases   ] GC(8) Y: Concurrent Relocate 0.462ms
[12.921s][info   ][gc,alloc    ] GC(8) Y:                         Mark Start        Mark End      Relocate Start    Relocate End   
[12.921s][info   ][gc,alloc    ] GC(8) Y: Allocation Stalls:          0                0                0                0         
[12.921s][info   ][gc,load     ] GC(8) Y: Load: 1.02 (9%) / 1.21 (10%) / 1.44 (12%)
[12.921s][info   ][gc,mmu      ] GC(8) Y: MMU: 2ms/99.1%, 5ms/99.5%, 10ms/99.7%, 20ms/99.8%, 50ms/99.9%, 100ms/100.0%
[12.921s][info   ][gc,marking  ] GC(8) Y: Mark: 1 stripe(s), 1 proactive flush(es), 1 terminate flush(es), 0 completion(s), 0 continuation(s) 
[12.921s][info   ][gc,marking  ] GC(8) Y: Mark Stack Usage: 32M
[12.921s][info   ][gc,nmethod  ] GC(8) Y: NMethods: 383 registered, 99 unregistered
[12.921s][info   ][gc,metaspace] GC(8) Y: Metaspace: 0M used, 0M committed, 1088M reserved
[12.921s][info   ][gc,reloc    ] GC(8) Y:                        Candidates     Selected     In-Place         Size        Empty    Relocated 
[12.921s][info   ][gc,reloc    ] GC(8) Y: Small Pages:                 3007            5            0        6014M        5938M           2M 
[12.921s][info   ][gc,reloc    ] GC(8) Y: Medium Pages:                   0            0            0           0M           0M           0M 
[12.921s][info   ][gc,reloc    ] GC(8) Y: Large Pages:                    0            0            0           0M           0M           0M 
[12.921s][info   ][gc,reloc    ] GC(8) Y: Forwarding Usage: 0M
[12.921s][info   ][gc,reloc    ] GC(8) Y: Age Table:
[12.921s][info   ][gc,reloc    ] GC(8) Y:                    Live             Garbage             Small              Medium             Large        
[12.921s][info   ][gc,reloc    ] GC(8) Y: Eden              63M (1%)         5884M (72%)       2974 / 5              0 / 0              0 / 0        
[12.921s][info   ][gc,reloc    ] GC(8) Y: Survivor 1          -                66M (1%)          33 / 0              0 / 0              0 / 0        
[12.921s][info   ][gc,heap     ] GC(8) Y: Min Capacity: 8192M(100%)
[12.921s][info   ][gc,heap     ] GC(8) Y: Max Capacity: 8192M(100%)
[12.921s][info   ][gc,heap     ] GC(8) Y: Soft Max Capacity: 8192M(100%)
[12.921s][info   ][gc,heap     ] GC(8) Y: Heap Statistics:
[12.921s][info   ][gc,heap     ] GC(8) Y:                Mark Start          Mark End        Relocate Start      Relocate End           High               Low         
[12.921s][info   ][gc,heap     ] GC(8) Y:  Capacity:     8192M (100%)       8192M (100%)       8192M (100%)       8192M (100%)       8192M (100%)       8192M (100%)   
[12.921s][info   ][gc,heap     ] GC(8) Y:      Free:     2110M (26%)        2080M (25%)        8018M (98%)        8028M (98%)        8028M (98%)        2080M (25%)    
[12.921s][info   ][gc,heap     ] GC(8) Y:      Used:     6082M (74%)        6112M (75%)         174M (2%)          164M (2%)         6112M (75%)         164M (2%)     
[12.921s][info   ][gc,heap     ] GC(8) Y: Young Generation Statistics:
[12.921s][info   ][gc,heap     ] GC(8) Y:                Mark Start          Mark End        Relocate Start      Relocate End    
[12.921s][info   ][gc,heap     ] GC(8) Y:      Used:     6014M (73%)        6044M (74%)         106M (1%)           96M (1%)     
[12.921s][info   ][gc,heap     ] GC(8) Y:      Live:         -                63M (1%)           63M (1%)           63M (1%)     
[12.921s][info   ][gc,heap     ] GC(8) Y:   Garbage:         -              5950M (73%)          12M (0%)            1M (0%)     
[12.921s][info   ][gc,heap     ] GC(8) Y: Allocated:         -                30M (0%)           30M (0%)           30M (0%)     
[12.921s][info   ][gc,heap     ] GC(8) Y: Reclaimed:         -                  -              5938M (72%)        5948M (73%)    
[12.921s][info   ][gc,heap     ] GC(8) Y:  Promoted:         -                  -                 0M (0%)            0M (0%)     
[12.921s][info   ][gc,heap     ] GC(8) Y: Compacted:         -                  -                  -                 3M (0%)     
[12.921s][info   ][gc,phases   ] GC(8) Y: Young Generation 6082M(74%)->164M(2%) 0.016s
[12.921s][info   ][gc,phases   ] GC(8) O: Old Generation
[12.941s][info   ][gc,phases   ] GC(8) O: Concurrent Mark 19.921ms
[12.941s][info   ][gc,phases   ] GC(8) O: Pause Mark End 0.006ms
[12.941s][info   ][gc,phases   ] GC(8) O: Concurrent Mark Free 0.000ms
[12.941s][info   ][gc,phases   ] GC(8) O: Concurrent Process Non-Strong 0.634ms
[12.941s][info   ][gc,phases   ] GC(8) O: Concurrent Reset Relocation Set 0.000ms
[12.942s][info   ][gc,phases   ] GC(8) O: Concurrent Select Relocation Set 0.933ms
[12.942s][info   ][gc,task     ] GC(8) O: Using 2 Workers for Old Generation
[12.946s][info   ][gc,task     ] GC(8) O: Using 1 Workers for Old Generation
[12.946s][info   ][gc,phases   ] GC(8) O: Concurrent Remap Roots 3.764ms
[12.946s][info   ][gc,phases   ] GC(8) O: Pause Relocate Start 0.003ms
[12.946s][info   ][gc,phases   ] GC(8) O: Concurrent Relocate 0.014ms
[12.946s][info   ][gc,alloc    ] GC(8) O:                         Mark Start        Mark End      Relocate Start    Relocate End   
[12.946s][info   ][gc,alloc    ] GC(8) O: Allocation Stalls:          0                0                0                0         
[12.946s][info   ][gc,load     ] GC(8) O: Load: 1.02 (9%) / 1.21 (10%) / 1.44 (12%)
[12.946s][info   ][gc,mmu      ] GC(8) O: MMU: 2ms/99.1%, 5ms/99.5%, 10ms/99.7%, 20ms/99.8%, 50ms/99.9%, 100ms/100.0%
[12.946s][info   ][gc,marking  ] GC(8) O: Mark: 1 stripe(s), 2 proactive flush(es), 1 terminate flush(es), 0 completion(s), 0 continuation(s) 
[12.946s][info   ][gc,marking  ] GC(8) O: Mark Stack Usage: 32M
[12.946s][info   ][gc,nmethod  ] GC(8) O: NMethods: 383 registered, 100 unregistered
[12.946s][info   ][gc,metaspace] GC(8) O: Metaspace: 0M used, 0M committed, 1088M reserved
[12.946s][info   ][gc,ref      ] GC(8) O:                       Encountered   Discovered     Enqueued 
[12.946s][info   ][gc,ref      ] GC(8) O: Soft References:               64            0            0 
[12.946s][info   ][gc,ref      ] GC(8) O: Weak References:              290          238           73 
[12.946s][info   ][gc,ref      ] GC(8) O: Final References:               0            0            0 
[12.946s][info   ][gc,ref      ] GC(8) O: Phantom References:            32           30           27 
[12.946s][info   ][gc,reloc    ] GC(8) O:                        Candidates     Selected     In-Place         Size        Empty    Relocated 
[12.946s][info   ][gc,reloc    ] GC(8) O: Small Pages:                   34            0            0          68M           0M           0M 
[12.946s][info   ][gc,reloc    ] GC(8) O: Medium Pages:                   0            0            0           0M           0M           0M 
[12.946s][info   ][gc,reloc    ] GC(8) O: Large Pages:                    0            0            0           0M           0M           0M 
[12.946s][info   ][gc,reloc    ] GC(8) O: Forwarding Usage: 0M
[12.946s][info   ][gc,heap     ] GC(8) O: Min Capacity: 8192M(100%)
[12.946s][info   ][gc,heap     ] GC(8) O: Max Capacity: 8192M(100%)
[12.946s][info   ][gc,heap     ] GC(8) O: Soft Max Capacity: 8192M(100%)
[12.946s][info   ][gc,heap     ] GC(8) O: Heap Statistics:
[12.946s][info   ][gc,heap     ] GC(8) O:                Mark Start          Mark End        Relocate Start      Relocate End           High               Low         
[12.946s][info   ][gc,heap     ] GC(8) O:  Capacity:     8192M (100%)       8192M (100%)       8192M (100%)       8192M (100%)       8192M (100%)       8192M (100%)   
[12.946s][info   ][gc,heap     ] GC(8) O:      Free:     2110M (26%)        7968M (97%)        7936M (97%)        7936M (97%)        8028M (98%)        2080M (25%)    
[12.946s][info   ][gc,heap     ] GC(8) O:      Used:     6082M (74%)         224M (3%)          256M (3%)          256M (3%)         6112M (75%)         164M (2%)     
[12.946s][info   ][gc,heap     ] GC(8) O: Old Generation Statistics:
[12.946s][info   ][gc,heap     ] GC(8) O:                Mark Start          Mark End        Relocate Start      Relocate End    
[12.946s][info   ][gc,heap     ] GC(8) O:      Used:       68M (1%)           68M (1%)           68M (1%)           68M (1%)     
[12.946s][info   ][gc,heap     ] GC(8) O:      Live:         -                65M (1%)           65M (1%)           65M (1%)     
[12.946s][info   ][gc,heap     ] GC(8) O:   Garbage:         -                 2M (0%)            2M (0%)            2M (0%)     
[12.946s][info   ][gc,heap     ] GC(8) O: Allocated:         -                 0M (0%)            0M (0%)            0M (0%)     
[12.946s][info   ][gc,heap     ] GC(8) O: Reclaimed:         -                  -                 0M (0%)            0M (0%)     
[12.946s][info   ][gc,heap     ] GC(8) O: Compacted:         -                  -                  -                 0M (0%)     
[12.946s][info   ][gc,phases   ] GC(8) O: Old Generation 164M(2%)->256M(3%) 0.025s
[12.946s][info   ][gc          ] GC(8) Major Collection (Proactive) 6082M(74%)->256M(3%) 0.041s
[15.473s][info   ][gc          ] GC(9) Minor Collection (High Usage)
[15.473s][info   ][gc,task     ] GC(9) Using 1 Workers for Young Generation
[15.473s][info   ][gc,phases   ] GC(9) y: Young Generation
[15.473s][info   ][gc,phases   ] GC(9) y: Pause Mark Start 0.005ms
[15.484s][info   ][gc,phases   ] GC(9) y: Concurrent Mark 11.170ms
[15.484s][info   ][gc,phases   ] GC(9) y: Pause Mark End 0.007ms
[15.484s][info   ][gc,phases   ] GC(9) y: Concurrent Mark Free 0.000ms
[15.484s][info   ][gc,phases   ] GC(9) y: Concurrent Reset Relocation Set 0.001ms
[15.486s][info   ][gc,reloc    ] GC(9) y: Using tenuring threshold: 1 (Computed)
[15.486s][info   ][gc,phases   ] GC(9) y: Concurrent Select Relocation Set 1.202ms
[15.486s][info   ][gc,phases   ] GC(9) y: Pause Relocate Start 0.003ms
[15.486s][info   ][gc,phases   ] GC(9) y: Concurrent Relocate 0.209ms
[15.486s][info   ][gc,alloc    ] GC(9) y:                         Mark Start        Mark End      Relocate Start    Relocate End   
[15.486s][info   ][gc,alloc    ] GC(9) y: Allocation Stalls:          0                0                0                0         
[15.486s][info   ][gc,load     ] GC(9) y: Load: 1.34 (11%) / 1.28 (11%) / 1.46 (12%)
[15.486s][info   ][gc,mmu      ] GC(9) y: MMU: 2ms/99.1%, 5ms/99.5%, 10ms/99.7%, 20ms/99.8%, 50ms/99.9%, 100ms/100.0%
[15.486s][info   ][gc,marking  ] GC(9) y: Mark: 1 stripe(s), 2 proactive flush(es), 1 terminate flush(es), 0 completion(s), 0 continuation(s) 
[15.486s][info   ][gc,marking  ] GC(9) y: Mark Stack Usage: 32M
[15.486s][info   ][gc,nmethod  ] GC(9) y: NMethods: 383 registered, 100 unregistered
[15.486s][info   ][gc,metaspace] GC(9) y: Metaspace: 0M used, 0M committed, 1088M reserved
[15.486s][info   ][gc,reloc    ] GC(9) y:                        Candidates     Selected     In-Place         Size        Empty    Relocated 
[15.486s][info   ][gc,reloc    ] GC(9) y: Small Pages:                 3852            3            0        7704M        7632M           1M 
[15.486s][info   ][gc,reloc    ] GC(9) y: Medium Pages:                   0            0            0           0M           0M           0M 
[15.486s][info   ][gc,reloc    ] GC(9) y: Large Pages:                    0            0            0           0M           0M           0M 
[15.486s][info   ][gc,reloc    ] GC(9) y: Forwarding Usage: 0M
[15.486s][info   ][gc,reloc    ] GC(9) y: Age Table:
[15.486s][info   ][gc,reloc    ] GC(9) y:                    Live             Garbage             Small              Medium             Large        
[15.486s][info   ][gc,reloc    ] GC(9) y: Eden              63M (1%)         7574M (92%)       3819 / 3              0 / 0              0 / 0        
[15.486s][info   ][gc,reloc    ] GC(9) y: Survivor 1          -                66M (1%)          33 / 0              0 / 0              0 / 0        
[15.486s][info   ][gc,heap     ] GC(9) y: Min Capacity: 8192M(100%)
[15.486s][info   ][gc,heap     ] GC(9) y: Max Capacity: 8192M(100%)
[15.486s][info   ][gc,heap     ] GC(9) y: Soft Max Capacity: 8192M(100%)
[15.486s][info   ][gc,heap     ] GC(9) y: Heap Statistics:
[15.486s][info   ][gc,heap     ] GC(9) y:                Mark Start          Mark End        Relocate Start      Relocate End           High               Low         
[15.486s][info   ][gc,heap     ] GC(9) y:  Capacity:     8192M (100%)       8192M (100%)       8192M (100%)       8192M (100%)       8192M (100%)       8192M (100%)   
[15.486s][info   ][gc,heap     ] GC(9) y:      Free:      420M (5%)          384M (5%)         8016M (98%)        8022M (98%)        8022M (98%)         384M (5%)     
[15.486s][info   ][gc,heap     ] GC(9) y:      Used:     7772M (95%)        7808M (95%)         176M (2%)          170M (2%)         7808M (95%)         170M (2%)     
[15.486s][info   ][gc,heap     ] GC(9) y: Young Generation Statistics:
[15.486s][info   ][gc,heap     ] GC(9) y:                Mark Start          Mark End        Relocate Start      Relocate End    
[15.486s][info   ][gc,heap     ] GC(9) y:      Used:     7704M (94%)        7740M (94%)         108M (1%)          102M (1%)     
[15.486s][info   ][gc,heap     ] GC(9) y:      Live:         -                63M (1%)           63M (1%)           63M (1%)     
[15.486s][info   ][gc,heap     ] GC(9) y:   Garbage:         -              7640M (93%)           8M (0%)            2M (0%)     
[15.486s][info   ][gc,heap     ] GC(9) y: Allocated:         -                36M (0%)           36M (0%)           36M (0%)     
[15.486s][info   ][gc,heap     ] GC(9) y: Reclaimed:         -                  -              7632M (93%)        7638M (93%)    
[15.486s][info   ][gc,heap     ] GC(9) y:  Promoted:         -                  -                 0M (0%)            0M (0%)     
[15.486s][info   ][gc,heap     ] GC(9) y: Compacted:         -                  -                  -                 1M (0%)     
[15.486s][info   ][gc,phases   ] GC(9) y: Young Generation 7772M(95%)->170M(2%) 0.013s
[15.486s][info   ][gc          ] GC(9) Minor Collection (High Usage) 7772M(95%)->170M(2%) 0.013s
[17.253s][info   ][gc          ] GC(10) Major Collection (Proactive)
[17.253s][info   ][gc,task     ] GC(10) Using 1 Workers for Young Generation
[17.253s][info   ][gc,task     ] GC(10) Using 1 Workers for Old Generation
[17.253s][info   ][gc,phases   ] GC(10) Y: Young Generation
[17.253s][info   ][gc,phases   ] GC(10) Y: Pause Mark Start (Major) 0.007ms
[17.267s][info   ][gc,phases   ] GC(10) Y: Concurrent Mark 14.090ms
[17.267s][info   ][gc,phases   ] GC(10) Y: Pause Mark End 0.007ms
[17.267s][info   ][gc,phases   ] GC(10) Y: Concurrent Mark Free 0.000ms
[17.267s][info   ][gc,phases   ] GC(10) Y: Concurrent Reset Relocation Set 0.001ms
[17.268s][info   ][gc,reloc    ] GC(10) Y: Using tenuring threshold: 2 (Computed)
[17.268s][info   ][gc,phases   ] GC(10) Y: Concurrent Select Relocation Set 1.132ms
[17.268s][info   ][gc,phases   ] GC(10) Y: Pause Relocate Start 0.002ms
[17.269s][info   ][gc,phases   ] GC(10) Y: Concurrent Relocate 0.584ms
[17.269s][info   ][gc,alloc    ] GC(10) Y:                         Mark Start        Mark End      Relocate Start    Relocate End   
[17.269s][info   ][gc,alloc    ] GC(10) Y: Allocation Stalls:          0                0                0                0         
[17.269s][info   ][gc,load     ] GC(10) Y: Load: 1.34 (11%) / 1.28 (11%) / 1.46 (12%)
[17.269s][info   ][gc,mmu      ] GC(10) Y: MMU: 2ms/99.1%, 5ms/99.5%, 10ms/99.7%, 20ms/99.8%, 50ms/99.9%, 100ms/100.0%
[17.269s][info   ][gc,marking  ] GC(10) Y: Mark: 1 stripe(s), 2 proactive flush(es), 1 terminate flush(es), 0 completion(s), 0 continuation(s) 
[17.269s][info   ][gc,marking  ] GC(10) Y: Mark Stack Usage: 32M
[17.269s][info   ][gc,nmethod  ] GC(10) Y: NMethods: 383 registered, 100 unregistered
[17.269s][info   ][gc,metaspace] GC(10) Y: Metaspace: 0M used, 0M committed, 1088M reserved
[17.269s][info   ][gc,reloc    ] GC(10) Y:                        Candidates     Selected     In-Place         Size        Empty    Relocated 
[17.269s][info   ][gc,reloc    ] GC(10) Y: Small Pages:                 2682            5            0        5364M        5288M           2M 
[17.269s][info   ][gc,reloc    ] GC(10) Y: Medium Pages:                   0            0            0           0M           0M           0M 
[17.269s][info   ][gc,reloc    ] GC(10) Y: Large Pages:                    0            0            0           0M           0M           0M 
[17.269s][info   ][gc,reloc    ] GC(10) Y: Forwarding Usage: 0M
[17.269s][info   ][gc,reloc    ] GC(10) Y: Age Table:
[17.269s][info   ][gc,reloc    ] GC(10) Y:                    Live             Garbage             Small              Medium             Large        
[17.269s][info   ][gc,reloc    ] GC(10) Y: Eden              63M (1%)         5234M (64%)       2649 / 5              0 / 0              0 / 0        
[17.269s][info   ][gc,reloc    ] GC(10) Y: Survivor 1         0M (0%)           65M (1%)          33 / 0              0 / 0              0 / 0        
[17.269s][info   ][gc,heap     ] GC(10) Y: Min Capacity: 8192M(100%)
[17.269s][info   ][gc,heap     ] GC(10) Y: Max Capacity: 8192M(100%)
[17.269s][info   ][gc,heap     ] GC(10) Y: Soft Max Capacity: 8192M(100%)
[17.269s][info   ][gc,heap     ] GC(10) Y: Heap Statistics:
[17.269s][info   ][gc,heap     ] GC(10) Y:                Mark Start          Mark End        Relocate Start      Relocate End           High               Low         
[17.269s][info   ][gc,heap     ] GC(10) Y:  Capacity:     8192M (100%)       8192M (100%)       8192M (100%)       8192M (100%)       8192M (100%)       8192M (100%)   
[17.269s][info   ][gc,heap     ] GC(10) Y:      Free:     2760M (34%)        2726M (33%)        8014M (98%)        8022M (98%)        8022M (98%)        2726M (33%)    
[17.269s][info   ][gc,heap     ] GC(10) Y:      Used:     5432M (66%)        5466M (67%)         178M (2%)          170M (2%)         5466M (67%)         170M (2%)     
[17.269s][info   ][gc,heap     ] GC(10) Y: Young Generation Statistics:
[17.269s][info   ][gc,heap     ] GC(10) Y:                Mark Start          Mark End        Relocate Start      Relocate End    
[17.269s][info   ][gc,heap     ] GC(10) Y:      Used:     5364M (65%)        5398M (66%)         110M (1%)          102M (1%)     
[17.269s][info   ][gc,heap     ] GC(10) Y:      Live:         -                63M (1%)           63M (1%)           63M (1%)     
[17.269s][info   ][gc,heap     ] GC(10) Y:   Garbage:         -              5300M (65%)          12M (0%)            1M (0%)     
[17.269s][info   ][gc,heap     ] GC(10) Y: Allocated:         -                34M (0%)           34M (0%)           36M (0%)     
[17.269s][info   ][gc,heap     ] GC(10) Y: Reclaimed:         -                  -              5288M (65%)        5298M (65%)    
[17.269s][info   ][gc,heap     ] GC(10) Y:  Promoted:         -                  -                 0M (0%)            0M (0%)     
[17.269s][info   ][gc,heap     ] GC(10) Y: Compacted:         -                  -                  -                 5M (0%)     
[17.269s][info   ][gc,phases   ] GC(10) Y: Young Generation 5432M(66%)->170M(2%) 0.016s
[17.269s][info   ][gc,phases   ] GC(10) O: Old Generation
[17.288s][info   ][gc,phases   ] GC(10) O: Concurrent Mark 19.119ms
[17.288s][info   ][gc,phases   ] GC(10) O: Pause Mark End 0.008ms
[17.288s][info   ][gc,phases   ] GC(10) O: Concurrent Mark Free 0.000ms
[17.289s][info   ][gc,phases   ] GC(10) O: Concurrent Process Non-Strong 0.486ms
[17.289s][info   ][gc,phases   ] GC(10) O: Concurrent Reset Relocation Set 0.000ms
[17.290s][info   ][gc,phases   ] GC(10) O: Concurrent Select Relocation Set 0.919ms
[17.290s][info   ][gc,task     ] GC(10) O: Using 2 Workers for Old Generation
[17.294s][info   ][gc,task     ] GC(10) O: Using 1 Workers for Old Generation
[17.294s][info   ][gc,phases   ] GC(10) O: Concurrent Remap Roots 3.851ms
[17.294s][info   ][gc,phases   ] GC(10) O: Pause Relocate Start 0.005ms
[17.294s][info   ][gc,phases   ] GC(10) O: Concurrent Relocate 0.027ms
[17.294s][info   ][gc,alloc    ] GC(10) O:                         Mark Start        Mark End      Relocate Start    Relocate End   
[17.294s][info   ][gc,alloc    ] GC(10) O: Allocation Stalls:          0                0                0                0         
[17.294s][info   ][gc,load     ] GC(10) O: Load: 1.34 (11%) / 1.28 (11%) / 1.46 (12%)
[17.294s][info   ][gc,mmu      ] GC(10) O: MMU: 2ms/99.1%, 5ms/99.5%, 10ms/99.7%, 20ms/99.8%, 50ms/99.9%, 100ms/100.0%
[17.294s][info   ][gc,marking  ] GC(10) O: Mark: 1 stripe(s), 2 proactive flush(es), 1 terminate flush(es), 0 completion(s), 0 continuation(s) 
[17.294s][info   ][gc,marking  ] GC(10) O: Mark Stack Usage: 32M
[17.294s][info   ][gc,nmethod  ] GC(10) O: NMethods: 383 registered, 100 unregistered
[17.294s][info   ][gc,metaspace] GC(10) O: Metaspace: 0M used, 0M committed, 1088M reserved
[17.294s][info   ][gc,ref      ] GC(10) O:                       Encountered   Discovered     Enqueued 
[17.294s][info   ][gc,ref      ] GC(10) O: Soft References:               64            0            0 
[17.294s][info   ][gc,ref      ] GC(10) O: Weak References:              217          165            0 
[17.294s][info   ][gc,ref      ] GC(10) O: Final References:               0            0            0 
[17.294s][info   ][gc,ref      ] GC(10) O: Phantom References:             5            3            0 
[17.294s][info   ][gc,reloc    ] GC(10) O:                        Candidates     Selected     In-Place         Size        Empty    Relocated 
[17.294s][info   ][gc,reloc    ] GC(10) O: Small Pages:                   34            0            0          68M           0M           0M 
[17.294s][info   ][gc,reloc    ] GC(10) O: Medium Pages:                   0            0            0           0M           0M           0M 
[17.294s][info   ][gc,reloc    ] GC(10) O: Large Pages:                    0            0            0           0M           0M           0M 
[17.294s][info   ][gc,reloc    ] GC(10) O: Forwarding Usage: 0M
[17.294s][info   ][gc,heap     ] GC(10) O: Min Capacity: 8192M(100%)
[17.294s][info   ][gc,heap     ] GC(10) O: Max Capacity: 8192M(100%)
[17.294s][info   ][gc,heap     ] GC(10) O: Soft Max Capacity: 8192M(100%)
[17.294s][info   ][gc,heap     ] GC(10) O: Heap Statistics:
[17.294s][info   ][gc,heap     ] GC(10) O:                Mark Start          Mark End        Relocate Start      Relocate End           High               Low         
[17.294s][info   ][gc,heap     ] GC(10) O:  Capacity:     8192M (100%)       8192M (100%)       8192M (100%)       8192M (100%)       8192M (100%)       8192M (100%)   
[17.294s][info   ][gc,heap     ] GC(10) O:      Free:     2760M (34%)        7962M (97%)        7934M (97%)        7934M (97%)        8022M (98%)        2726M (33%)    
[17.294s][info   ][gc,heap     ] GC(10) O:      Used:     5432M (66%)         230M (3%)          258M (3%)          258M (3%)         5466M (67%)         170M (2%)     
[17.294s][info   ][gc,heap     ] GC(10) O: Old Generation Statistics:
[17.294s][info   ][gc,heap     ] GC(10) O:                Mark Start          Mark End        Relocate Start      Relocate End    
[17.294s][info   ][gc,heap     ] GC(10) O:      Used:       68M (1%)           68M (1%)           68M (1%)           68M (1%)     
[17.294s][info   ][gc,heap     ] GC(10) O:      Live:         -                65M (1%)           65M (1%)           65M (1%)     
[17.294s][info   ][gc,heap     ] GC(10) O:   Garbage:         -                 2M (0%)            2M (0%)            2M (0%)     
[17.294s][info   ][gc,heap     ] GC(10) O: Allocated:         -                 0M (0%)            0M (0%)            0M (0%)     
[17.294s][info   ][gc,heap     ] GC(10) O: Reclaimed:         -                  -                 0M (0%)            0M (0%)     
[17.294s][info   ][gc,heap     ] GC(10) O: Compacted:         -                  -                  -                 0M (0%)     
[17.294s][info   ][gc,phases   ] GC(10) O: Old Generation 170M(2%)->258M(3%) 0.025s
[17.294s][info   ][gc          ] GC(10) Major Collection (Proactive) 5432M(66%)->258M(3%) 0.041s
[19.815s][info   ][gc          ] GC(11) Minor Collection (High Usage)
[19.815s][info   ][gc,task     ] GC(11) Using 1 Workers for Young Generation
[19.815s][info   ][gc,phases   ] GC(11) y: Young Generation
[19.815s][info   ][gc,phases   ] GC(11) y: Pause Mark Start 0.014ms
[19.826s][info   ][gc,phases   ] GC(11) y: Concurrent Mark 11.254ms
[19.826s][info   ][gc,phases   ] GC(11) y: Pause Mark End 0.007ms
[19.826s][info   ][gc,phases   ] GC(11) y: Concurrent Mark Free 0.000ms
[19.826s][info   ][gc,phases   ] GC(11) y: Concurrent Reset Relocation Set 0.001ms
[19.827s][info   ][gc,reloc    ] GC(11) y: Using tenuring threshold: 3 (Computed)
[19.827s][info   ][gc,phases   ] GC(11) y: Concurrent Select Relocation Set 1.243ms
[19.827s][info   ][gc,phases   ] GC(11) y: Pause Relocate Start 0.002ms
[19.828s][info   ][gc,phases   ] GC(11) y: Concurrent Relocate 0.188ms
[19.828s][info   ][gc,alloc    ] GC(11) y:                         Mark Start        Mark End      Relocate Start    Relocate End   
[19.828s][info   ][gc,alloc    ] GC(11) y: Allocation Stalls:          0                0                0                0         
[19.828s][info   ][gc,load     ] GC(11) y: Load: 1.23 (10%) / 1.25 (10%) / 1.45 (12%)
[19.828s][info   ][gc,mmu      ] GC(11) y: MMU: 2ms/99.1%, 5ms/99.5%, 10ms/99.7%, 20ms/99.8%, 50ms/99.9%, 100ms/100.0%
[19.828s][info   ][gc,marking  ] GC(11) y: Mark: 1 stripe(s), 2 proactive flush(es), 1 terminate flush(es), 0 completion(s), 0 continuation(s) 
[19.828s][info   ][gc,marking  ] GC(11) y: Mark Stack Usage: 32M
[19.828s][info   ][gc,nmethod  ] GC(11) y: NMethods: 383 registered, 100 unregistered
[19.828s][info   ][gc,metaspace] GC(11) y: Metaspace: 0M used, 0M committed, 1088M reserved
[19.828s][info   ][gc,reloc    ] GC(11) y:                        Candidates     Selected     In-Place         Size        Empty    Relocated 
[19.828s][info   ][gc,reloc    ] GC(11) y: Small Pages:                 3843            3            0        7686M        7614M           1M 
[19.828s][info   ][gc,reloc    ] GC(11) y: Medium Pages:                   0            0            0           0M           0M           0M 
[19.828s][info   ][gc,reloc    ] GC(11) y: Large Pages:                    0            0            0           0M           0M           0M 
[19.828s][info   ][gc,reloc    ] GC(11) y: Forwarding Usage: 0M
[19.828s][info   ][gc,reloc    ] GC(11) y: Age Table:
[19.828s][info   ][gc,reloc    ] GC(11) y:                    Live             Garbage             Small              Medium             Large        
[19.828s][info   ][gc,reloc    ] GC(11) y: Eden              63M (1%)         7554M (92%)       3809 / 3              0 / 0              0 / 0        
[19.828s][info   ][gc,reloc    ] GC(11) y: Survivor 1          -                66M (1%)          33 / 0              0 / 0              0 / 0        
[19.828s][info   ][gc,reloc    ] GC(11) y: Survivor 2         0M (0%)            1M (0%)           1 / 0              0 / 0              0 / 0        
[19.828s][info   ][gc,heap     ] GC(11) y: Min Capacity: 8192M(100%)
[19.828s][info   ][gc,heap     ] GC(11) y: Max Capacity: 8192M(100%)
[19.828s][info   ][gc,heap     ] GC(11) y: Soft Max Capacity: 8192M(100%)
[19.828s][info   ][gc,heap     ] GC(11) y: Heap Statistics:
[19.828s][info   ][gc,heap     ] GC(11) y:                Mark Start          Mark End        Relocate Start      Relocate End           High               Low         
[19.828s][info   ][gc,heap     ] GC(11) y:  Capacity:     8192M (100%)       8192M (100%)       8192M (100%)       8192M (100%)       8192M (100%)       8192M (100%)   
[19.828s][info   ][gc,heap     ] GC(11) y:      Free:      438M (5%)          408M (5%)         8022M (98%)        8026M (98%)        8026M (98%)         406M (5%)     
[19.828s][info   ][gc,heap     ] GC(11) y:      Used:     7754M (95%)        7784M (95%)         170M (2%)          166M (2%)         7786M (95%)         166M (2%)     
[19.828s][info   ][gc,heap     ] GC(11) y: Young Generation Statistics:
[19.828s][info   ][gc,heap     ] GC(11) y:                Mark Start          Mark End        Relocate Start      Relocate End    
[19.828s][info   ][gc,heap     ] GC(11) y:      Used:     7686M (94%)        7716M (94%)         102M (1%)           98M (1%)     
[19.828s][info   ][gc,heap     ] GC(11) y:      Live:         -                63M (1%)           63M (1%)           63M (1%)     
[19.828s][info   ][gc,heap     ] GC(11) y:   Garbage:         -              7622M (93%)           8M (0%)            1M (0%)     
[19.828s][info   ][gc,heap     ] GC(11) y: Allocated:         -                30M (0%)           30M (0%)           32M (0%)     
[19.828s][info   ][gc,heap     ] GC(11) y: Reclaimed:         -                  -              7614M (93%)        7620M (93%)    
[19.828s][info   ][gc,heap     ] GC(11) y:  Promoted:         -                  -                 0M (0%)            0M (0%)     
[19.828s][info   ][gc,heap     ] GC(11) y: Compacted:         -                  -                  -                 1M (0%)     
[19.828s][info   ][gc,phases   ] GC(11) y: Young Generation 7754M(95%)->166M(2%) 0.013s
[19.828s][info   ][gc          ] GC(11) Minor Collection (High Usage) 7754M(95%)->166M(2%) 0.013s
[20.554s][info   ][gc          ] GC(12) Major Collection (Proactive)
[20.554s][info   ][gc,task     ] GC(12) Using 1 Workers for Young Generation
[20.554s][info   ][gc,task     ] GC(12) Using 1 Workers for Old Generation
[20.554s][info   ][gc,phases   ] GC(12) Y: Young Generation
[20.554s][info   ][gc,phases   ] GC(12) Y: Pause Mark Start (Major) 0.012ms
[20.580s][info   ][gc,phases   ] GC(12) Y: Concurrent Mark 25.350ms
[20.580s][info   ][gc,phases   ] GC(12) Y: Pause Mark End 0.017ms
[20.580s][info   ][gc,phases   ] GC(12) Y: Concurrent Mark Free 0.000ms
[20.580s][info   ][gc,phases   ] GC(12) Y: Concurrent Reset Relocation Set 0.001ms
[20.581s][info   ][gc,reloc    ] GC(12) Y: Using tenuring threshold: 4 (Computed)
[20.581s][info   ][gc,phases   ] GC(12) Y: Concurrent Select Relocation Set 1.072ms
[20.581s][info   ][gc,phases   ] GC(12) Y: Pause Relocate Start 0.004ms
[20.581s][info   ][gc,phases   ] GC(12) Y: Concurrent Relocate 0.606ms
[20.581s][info   ][gc,alloc    ] GC(12) Y:                         Mark Start        Mark End      Relocate Start    Relocate End   
[20.581s][info   ][gc,alloc    ] GC(12) Y: Allocation Stalls:          0                0                0                0         
[20.581s][info   ][gc,load     ] GC(12) Y: Load: 1.23 (10%) / 1.25 (10%) / 1.45 (12%)
[20.581s][info   ][gc,mmu      ] GC(12) Y: MMU: 2ms/99.0%, 5ms/99.5%, 10ms/99.7%, 20ms/99.8%, 50ms/99.9%, 100ms/100.0%
[20.581s][info   ][gc,marking  ] GC(12) Y: Mark: 1 stripe(s), 2 proactive flush(es), 1 terminate flush(es), 0 completion(s), 0 continuation(s) 
[20.581s][info   ][gc,marking  ] GC(12) Y: Mark Stack Usage: 32M
[20.581s][info   ][gc,nmethod  ] GC(12) Y: NMethods: 383 registered, 100 unregistered
[20.581s][info   ][gc,metaspace] GC(12) Y: Metaspace: 0M used, 0M committed, 1088M reserved
[20.581s][info   ][gc,reloc    ] GC(12) Y:                        Candidates     Selected     In-Place         Size        Empty    Relocated 
[20.581s][info   ][gc,reloc    ] GC(12) Y: Small Pages:                 1133            7            0        2266M        2186M           3M 
[20.581s][info   ][gc,reloc    ] GC(12) Y: Medium Pages:                   0            0            0           0M           0M           0M 
[20.581s][info   ][gc,reloc    ] GC(12) Y: Large Pages:                    0            0            0           0M           0M           0M 
[20.581s][info   ][gc,reloc    ] GC(12) Y: Forwarding Usage: 0M
[20.581s][info   ][gc,reloc    ] GC(12) Y: Age Table:
[20.581s][info   ][gc,reloc    ] GC(12) Y:                    Live             Garbage             Small              Medium             Large        
[20.581s][info   ][gc,reloc    ] GC(12) Y: Eden              63M (1%)         2134M (26%)       1099 / 7              0 / 0              0 / 0        
[20.581s][info   ][gc,reloc    ] GC(12) Y: Survivor 1          -                66M (1%)          33 / 0              0 / 0              0 / 0        
[20.581s][info   ][gc,reloc    ] GC(12) Y: Survivor 2          -                 0M (0%)           0 / 0              0 / 0              0 / 0        
[20.581s][info   ][gc,reloc    ] GC(12) Y: Survivor 3         0M (0%)            1M (0%)           1 / 0              0 / 0              0 / 0        
[20.581s][info   ][gc,heap     ] GC(12) Y: Min Capacity: 8192M(100%)
[20.581s][info   ][gc,heap     ] GC(12) Y: Max Capacity: 8192M(100%)
[20.581s][info   ][gc,heap     ] GC(12) Y: Soft Max Capacity: 8192M(100%)
[20.581s][info   ][gc,heap     ] GC(12) Y: Heap Statistics:
[20.581s][info   ][gc,heap     ] GC(12) Y:                Mark Start          Mark End        Relocate Start      Relocate End           High               Low         
[20.581s][info   ][gc,heap     ] GC(12) Y:  Capacity:     8192M (100%)       8192M (100%)       8192M (100%)       8192M (100%)       8192M (100%)       8192M (100%)   
[20.581s][info   ][gc,heap     ] GC(12) Y:      Free:     5858M (72%)        5792M (71%)        7978M (97%)        7990M (98%)        7990M (98%)        5792M (71%)    
[20.581s][info   ][gc,heap     ] GC(12) Y:      Used:     2334M (28%)        2400M (29%)         214M (3%)          202M (2%)         2400M (29%)         202M (2%)     
[20.581s][info   ][gc,heap     ] GC(12) Y: Young Generation Statistics:
[20.581s][info   ][gc,heap     ] GC(12) Y:                Mark Start          Mark End        Relocate Start      Relocate End    
[20.581s][info   ][gc,heap     ] GC(12) Y:      Used:     2266M (28%)        2332M (28%)         146M (2%)          134M (2%)     
[20.581s][info   ][gc,heap     ] GC(12) Y:      Live:         -                63M (1%)           63M (1%)           63M (1%)     
[20.581s][info   ][gc,heap     ] GC(12) Y:   Garbage:         -              2202M (27%)          16M (0%)            1M (0%)     
[20.581s][info   ][gc,heap     ] GC(12) Y: Allocated:         -                66M (1%)           66M (1%)           68M (1%)     
[20.581s][info   ][gc,heap     ] GC(12) Y: Reclaimed:         -                  -              2186M (27%)        2200M (27%)    
[20.581s][info   ][gc,heap     ] GC(12) Y:  Promoted:         -                  -                 0M (0%)            0M (0%)     
[20.581s][info   ][gc,heap     ] GC(12) Y: Compacted:         -                  -                  -                 5M (0%)     
[20.581s][info   ][gc,phases   ] GC(12) Y: Young Generation 2334M(28%)->202M(2%) 0.027s
[20.581s][info   ][gc,phases   ] GC(12) O: Old Generation
[20.609s][info   ][gc,phases   ] GC(12) O: Concurrent Mark 27.636ms
[20.609s][info   ][gc,phases   ] GC(12) O: Pause Mark End 0.012ms
[20.609s][info   ][gc,phases   ] GC(12) O: Concurrent Mark Free 0.000ms
[20.610s][info   ][gc,phases   ] GC(12) O: Concurrent Process Non-Strong 0.517ms
[20.610s][info   ][gc,phases   ] GC(12) O: Concurrent Reset Relocation Set 0.000ms
[20.610s][info   ][gc,phases   ] GC(12) O: Concurrent Select Relocation Set 0.839ms
[20.610s][info   ][gc,task     ] GC(12) O: Using 2 Workers for Old Generation
[20.613s][info   ][gc,task     ] GC(12) O: Using 1 Workers for Old Generation
[20.613s][info   ][gc,phases   ] GC(12) O: Concurrent Remap Roots 2.957ms
[20.614s][info   ][gc,phases   ] GC(12) O: Pause Relocate Start 0.007ms
[20.614s][info   ][gc,phases   ] GC(12) O: Concurrent Relocate 0.026ms
[20.614s][info   ][gc,alloc    ] GC(12) O:                         Mark Start        Mark End      Relocate Start    Relocate End   
[20.614s][info   ][gc,alloc    ] GC(12) O: Allocation Stalls:          0                0                0                0         
[20.614s][info   ][gc,load     ] GC(12) O: Load: 1.23 (10%) / 1.25 (10%) / 1.45 (12%)
[20.614s][info   ][gc,mmu      ] GC(12) O: MMU: 2ms/99.0%, 5ms/99.5%, 10ms/99.7%, 20ms/99.8%, 50ms/99.9%, 100ms/99.9%
[20.614s][info   ][gc,marking  ] GC(12) O: Mark: 1 stripe(s), 2 proactive flush(es), 1 terminate flush(es), 0 completion(s), 0 continuation(s) 
[20.614s][info   ][gc,marking  ] GC(12) O: Mark Stack Usage: 32M
[20.614s][info   ][gc,nmethod  ] GC(12) O: NMethods: 383 registered, 100 unregistered
[20.614s][info   ][gc,metaspace] GC(12) O: Metaspace: 0M used, 0M committed, 1088M reserved
[20.614s][info   ][gc,ref      ] GC(12) O:                       Encountered   Discovered     Enqueued 
[20.614s][info   ][gc,ref      ] GC(12) O: Soft References:               64            0            0 
[20.614s][info   ][gc,ref      ] GC(12) O: Weak References:              217          165            0 
[20.614s][info   ][gc,ref      ] GC(12) O: Final References:               0            0            0 
[20.614s][info   ][gc,ref      ] GC(12) O: Phantom References:             5            3            0 
[20.614s][info   ][gc,reloc    ] GC(12) O:                        Candidates     Selected     In-Place         Size        Empty    Relocated 
[20.614s][info   ][gc,reloc    ] GC(12) O: Small Pages:                   34            0            0          68M           0M           0M 
[20.614s][info   ][gc,reloc    ] GC(12) O: Medium Pages:                   0            0            0           0M           0M           0M 
[20.614s][info   ][gc,reloc    ] GC(12) O: Large Pages:                    0            0            0           0M           0M           0M 
[20.614s][info   ][gc,reloc    ] GC(12) O: Forwarding Usage: 0M
[20.614s][info   ][gc,heap     ] GC(12) O: Min Capacity: 8192M(100%)
[20.614s][info   ][gc,heap     ] GC(12) O: Max Capacity: 8192M(100%)
[20.614s][info   ][gc,heap     ] GC(12) O: Soft Max Capacity: 8192M(100%)
[20.614s][info   ][gc,heap     ] GC(12) O: Heap Statistics:
[20.614s][info   ][gc,heap     ] GC(12) O:                Mark Start          Mark End        Relocate Start      Relocate End           High               Low         
[20.614s][info   ][gc,heap     ] GC(12) O:  Capacity:     8192M (100%)       8192M (100%)       8192M (100%)       8192M (100%)       8192M (100%)       8192M (100%)   
[20.614s][info   ][gc,heap     ] GC(12) O:      Free:     5858M (72%)        7900M (96%)        7872M (96%)        7872M (96%)        7990M (98%)        5792M (71%)    
[20.614s][info   ][gc,heap     ] GC(12) O:      Used:     2334M (28%)         292M (4%)          320M (4%)          320M (4%)         2400M (29%)         202M (2%)     
[20.614s][info   ][gc,heap     ] GC(12) O: Old Generation Statistics:
[20.614s][info   ][gc,heap     ] GC(12) O:                Mark Start          Mark End        Relocate Start      Relocate End    
[20.614s][info   ][gc,heap     ] GC(12) O:      Used:       68M (1%)           68M (1%)           68M (1%)           68M (1%)     
[20.614s][info   ][gc,heap     ] GC(12) O:      Live:         -                65M (1%)           65M (1%)           65M (1%)     
[20.614s][info   ][gc,heap     ] GC(12) O:   Garbage:         -                 2M (0%)            2M (0%)            2M (0%)     
[20.614s][info   ][gc,heap     ] GC(12) O: Allocated:         -                 0M (0%)            0M (0%)            0M (0%)     
[20.614s][info   ][gc,heap     ] GC(12) O: Reclaimed:         -                  -                 0M (0%)            0M (0%)     
[20.614s][info   ][gc,heap     ] GC(12) O: Compacted:         -                  -                  -                 0M (0%)     
[20.614s][info   ][gc,phases   ] GC(12) O: Old Generation 204M(2%)->320M(4%) 0.032s
[20.614s][info   ][gc          ] GC(12) Major Collection (Proactive) 2334M(28%)->320M(4%) 0.060s
[23.124s][info   ][gc          ] GC(13) Minor Collection (High Usage)
[23.124s][info   ][gc,task     ] GC(13) Using 1 Workers for Young Generation
[23.124s][info   ][gc,phases   ] GC(13) y: Young Generation
[23.124s][info   ][gc,phases   ] GC(13) y: Pause Mark Start 0.006ms
[23.136s][info   ][gc,phases   ] GC(13) y: Concurrent Mark 11.610ms
[23.136s][info   ][gc,phases   ] GC(13) y: Pause Mark End 0.007ms
[23.136s][info   ][gc,phases   ] GC(13) y: Concurrent Mark Free 0.000ms
[23.136s][info   ][gc,phases   ] GC(13) y: Concurrent Reset Relocation Set 0.001ms
[23.137s][info   ][gc,reloc    ] GC(13) y: Using tenuring threshold: 5 (Computed)
[23.137s][info   ][gc,phases   ] GC(13) y: Concurrent Select Relocation Set 1.307ms
[23.137s][info   ][gc,phases   ] GC(13) y: Pause Relocate Start 0.003ms
[23.138s][info   ][gc,phases   ] GC(13) y: Concurrent Relocate 0.212ms
[23.138s][info   ][gc,alloc    ] GC(13) y:                         Mark Start        Mark End      Relocate Start    Relocate End   
[23.138s][info   ][gc,alloc    ] GC(13) y: Allocation Stalls:          0                0                0                0         
[23.138s][info   ][gc,load     ] GC(13) y: Load: 1.23 (10%) / 1.25 (10%) / 1.45 (12%)
[23.138s][info   ][gc,mmu      ] GC(13) y: MMU: 2ms/99.0%, 5ms/99.5%, 10ms/99.7%, 20ms/99.8%, 50ms/99.9%, 100ms/99.9%
[23.138s][info   ][gc,marking  ] GC(13) y: Mark: 1 stripe(s), 2 proactive flush(es), 1 terminate flush(es), 0 completion(s), 0 continuation(s) 
[23.138s][info   ][gc,marking  ] GC(13) y: Mark Stack Usage: 32M
[23.138s][info   ][gc,nmethod  ] GC(13) y: NMethods: 383 registered, 100 unregistered
[23.138s][info   ][gc,metaspace] GC(13) y: Metaspace: 0M used, 0M committed, 1088M reserved
[23.138s][info   ][gc,reloc    ] GC(13) y:                        Candidates     Selected     In-Place         Size        Empty    Relocated 
[23.138s][info   ][gc,reloc    ] GC(13) y: Small Pages:                 3857            4            0        7714M        7640M           1M 
[23.138s][info   ][gc,reloc    ] GC(13) y: Medium Pages:                   0            0            0           0M           0M           0M 
[23.138s][info   ][gc,reloc    ] GC(13) y: Large Pages:                    0            0            0           0M           0M           0M 
[23.138s][info   ][gc,reloc    ] GC(13) y: Forwarding Usage: 0M
[23.138s][info   ][gc,reloc    ] GC(13) y: Age Table:
[23.138s][info   ][gc,reloc    ] GC(13) y:                    Live             Garbage             Small              Medium             Large        
[23.138s][info   ][gc,reloc    ] GC(13) y: Eden              63M (1%)         7582M (93%)       3823 / 4              0 / 0              0 / 0        
[23.138s][info   ][gc,reloc    ] GC(13) y: Survivor 1          -                66M (1%)          33 / 0              0 / 0              0 / 0        
[23.138s][info   ][gc,reloc    ] GC(13) y: Survivor 2          -                 0M (0%)           0 / 0              0 / 0              0 / 0        
[23.138s][info   ][gc,reloc    ] GC(13) y: Survivor 3          -                 0M (0%)           0 / 0              0 / 0              0 / 0        
[23.138s][info   ][gc,reloc    ] GC(13) y: Survivor 4         0M (0%)            1M (0%)           1 / 0              0 / 0              0 / 0        
[23.138s][info   ][gc,heap     ] GC(13) y: Min Capacity: 8192M(100%)
[23.138s][info   ][gc,heap     ] GC(13) y: Max Capacity: 8192M(100%)
[23.138s][info   ][gc,heap     ] GC(13) y: Soft Max Capacity: 8192M(100%)
[23.138s][info   ][gc,heap     ] GC(13) y: Heap Statistics:
[23.138s][info   ][gc,heap     ] GC(13) y:                Mark Start          Mark End        Relocate Start      Relocate End           High               Low         
[23.138s][info   ][gc,heap     ] GC(13) y:  Capacity:     8192M (100%)       8192M (100%)       8192M (100%)       8192M (100%)       8192M (100%)       8192M (100%)   
[23.138s][info   ][gc,heap     ] GC(13) y:      Free:      410M (5%)          376M (5%)         8016M (98%)        8022M (98%)        8022M (98%)         376M (5%)     
[23.138s][info   ][gc,heap     ] GC(13) y:      Used:     7782M (95%)        7816M (95%)         176M (2%)          170M (2%)         7816M (95%)         170M (2%)     
[23.138s][info   ][gc,heap     ] GC(13) y: Young Generation Statistics:
[23.138s][info   ][gc,heap     ] GC(13) y:                Mark Start          Mark End        Relocate Start      Relocate End    
[23.138s][info   ][gc,heap     ] GC(13) y:      Used:     7714M (94%)        7748M (95%)         108M (1%)          102M (1%)     
[23.138s][info   ][gc,heap     ] GC(13) y:      Live:         -                63M (1%)           63M (1%)           63M (1%)     
[23.138s][info   ][gc,heap     ] GC(13) y:   Garbage:         -              7650M (93%)          10M (0%)            2M (0%)     
[23.138s][info   ][gc,heap     ] GC(13) y: Allocated:         -                34M (0%)           34M (0%)           36M (0%)     
[23.138s][info   ][gc,heap     ] GC(13) y: Reclaimed:         -                  -              7640M (93%)        7648M (93%)    
[23.138s][info   ][gc,heap     ] GC(13) y:  Promoted:         -                  -                 0M (0%)            0M (0%)     
[23.138s][info   ][gc,heap     ] GC(13) y: Compacted:         -                  -                  -                 1M (0%)     
[23.138s][info   ][gc,phases   ] GC(13) y: Young Generation 7782M(95%)->170M(2%) 0.013s
[23.138s][info   ][gc          ] GC(13) Minor Collection (High Usage) 7782M(95%)->170M(2%) 0.013s
[24.754s][info   ][gc          ] GC(14) Major Collection (Proactive)
[24.754s][info   ][gc,task     ] GC(14) Using 1 Workers for Young Generation
[24.754s][info   ][gc,task     ] GC(14) Using 1 Workers for Old Generation
[24.754s][info   ][gc,phases   ] GC(14) Y: Young Generation
[24.754s][info   ][gc,phases   ] GC(14) Y: Pause Mark Start (Major) 0.011ms
[24.768s][info   ][gc,phases   ] GC(14) Y: Concurrent Mark 14.203ms
[24.768s][info   ][gc,phases   ] GC(14) Y: Pause Mark End 0.007ms
[24.768s][info   ][gc,phases   ] GC(14) Y: Concurrent Mark Free 0.000ms
[24.768s][info   ][gc,phases   ] GC(14) Y: Concurrent Reset Relocation Set 0.001ms
[24.770s][info   ][gc,reloc    ] GC(14) Y: Using tenuring threshold: 6 (Computed)
[24.770s][info   ][gc,phases   ] GC(14) Y: Concurrent Select Relocation Set 1.271ms
[24.770s][info   ][gc,phases   ] GC(14) Y: Pause Relocate Start 0.003ms
[24.770s][info   ][gc,phases   ] GC(14) Y: Concurrent Relocate 0.389ms
[24.770s][info   ][gc,alloc    ] GC(14) Y:                         Mark Start        Mark End      Relocate Start    Relocate End   
[24.770s][info   ][gc,alloc    ] GC(14) Y: Allocation Stalls:          0                0                0                0         
[24.770s][info   ][gc,load     ] GC(14) Y: Load: 1.21 (10%) / 1.25 (10%) / 1.45 (12%)
[24.770s][info   ][gc,mmu      ] GC(14) Y: MMU: 2ms/99.0%, 5ms/99.5%, 10ms/99.7%, 20ms/99.8%, 50ms/99.9%, 100ms/99.9%
[24.770s][info   ][gc,marking  ] GC(14) Y: Mark: 1 stripe(s), 2 proactive flush(es), 1 terminate flush(es), 0 completion(s), 0 continuation(s) 
[24.770s][info   ][gc,marking  ] GC(14) Y: Mark Stack Usage: 32M
[24.770s][info   ][gc,nmethod  ] GC(14) Y: NMethods: 383 registered, 100 unregistered
[24.770s][info   ][gc,metaspace] GC(14) Y: Metaspace: 0M used, 0M committed, 1088M reserved
[24.770s][info   ][gc,reloc    ] GC(14) Y:                        Candidates     Selected     In-Place         Size        Empty    Relocated 
[24.770s][info   ][gc,reloc    ] GC(14) Y: Small Pages:                 2460            6            0        4920M        4842M           2M 
[24.770s][info   ][gc,reloc    ] GC(14) Y: Medium Pages:                   0            0            0           0M           0M           0M 
[24.770s][info   ][gc,reloc    ] GC(14) Y: Large Pages:                    0            0            0           0M           0M           0M 
[24.770s][info   ][gc,reloc    ] GC(14) Y: Forwarding Usage: 0M
[24.770s][info   ][gc,reloc    ] GC(14) Y: Age Table:
[24.770s][info   ][gc,reloc    ] GC(14) Y:                    Live             Garbage             Small              Medium             Large        
[24.770s][info   ][gc,reloc    ] GC(14) Y: Eden              63M (1%)         4788M (58%)       2426 / 6              0 / 0              0 / 0        
[24.770s][info   ][gc,reloc    ] GC(14) Y: Survivor 1          -                66M (1%)          33 / 0              0 / 0              0 / 0        
[24.770s][info   ][gc,reloc    ] GC(14) Y: Survivor 2          -                 0M (0%)           0 / 0              0 / 0              0 / 0        
[24.770s][info   ][gc,reloc    ] GC(14) Y: Survivor 3          -                 0M (0%)           0 / 0              0 / 0              0 / 0        
[24.770s][info   ][gc,reloc    ] GC(14) Y: Survivor 4          -                 0M (0%)           0 / 0              0 / 0              0 / 0        
[24.770s][info   ][gc,reloc    ] GC(14) Y: Survivor 5         0M (0%)            1M (0%)           1 / 0              0 / 0              0 / 0        
[24.770s][info   ][gc,heap     ] GC(14) Y: Min Capacity: 8192M(100%)
[24.770s][info   ][gc,heap     ] GC(14) Y: Max Capacity: 8192M(100%)
[24.770s][info   ][gc,heap     ] GC(14) Y: Soft Max Capacity: 8192M(100%)
[24.770s][info   ][gc,heap     ] GC(14) Y: Heap Statistics:
[24.770s][info   ][gc,heap     ] GC(14) Y:                Mark Start          Mark End        Relocate Start      Relocate End           High               Low         
[24.770s][info   ][gc,heap     ] GC(14) Y:  Capacity:     8192M (100%)       8192M (100%)       8192M (100%)       8192M (100%)       8192M (100%)       8192M (100%)   
[24.770s][info   ][gc,heap     ] GC(14) Y:      Free:     3204M (39%)        3174M (39%)        8016M (98%)        8026M (98%)        8026M (98%)        3174M (39%)    
[24.770s][info   ][gc,heap     ] GC(14) Y:      Used:     4988M (61%)        5018M (61%)         176M (2%)          166M (2%)         5018M (61%)         166M (2%)     
[24.770s][info   ][gc,heap     ] GC(14) Y: Young Generation Statistics:
[24.770s][info   ][gc,heap     ] GC(14) Y:                Mark Start          Mark End        Relocate Start      Relocate End    
[24.770s][info   ][gc,heap     ] GC(14) Y:      Used:     4920M (60%)        4950M (60%)         108M (1%)           98M (1%)     
[24.770s][info   ][gc,heap     ] GC(14) Y:      Live:         -                63M (1%)           63M (1%)           63M (1%)     
[24.770s][info   ][gc,heap     ] GC(14) Y:   Garbage:         -              4856M (59%)          14M (0%)            1M (0%)     
[24.770s][info   ][gc,heap     ] GC(14) Y: Allocated:         -                30M (0%)           30M (0%)           32M (0%)     
[24.770s][info   ][gc,heap     ] GC(14) Y: Reclaimed:         -                  -              4842M (59%)        4854M (59%)    
[24.770s][info   ][gc,heap     ] GC(14) Y:  Promoted:         -                  -                 0M (0%)            0M (0%)     
[24.770s][info   ][gc,heap     ] GC(14) Y: Compacted:         -                  -                  -                 3M (0%)     
[24.770s][info   ][gc,phases   ] GC(14) Y: Young Generation 4988M(61%)->166M(2%) 0.016s
[24.770s][info   ][gc,phases   ] GC(14) O: Old Generation
[24.790s][info   ][gc,phases   ] GC(14) O: Concurrent Mark 19.359ms
[24.790s][info   ][gc,phases   ] GC(14) O: Pause Mark End 0.008ms
[24.790s][info   ][gc,phases   ] GC(14) O: Concurrent Mark Free 0.000ms
[24.790s][info   ][gc,phases   ] GC(14) O: Concurrent Process Non-Strong 0.580ms
[24.790s][info   ][gc,phases   ] GC(14) O: Concurrent Reset Relocation Set 0.000ms
[24.791s][info   ][gc,phases   ] GC(14) O: Concurrent Select Relocation Set 0.915ms
[24.791s][info   ][gc,task     ] GC(14) O: Using 2 Workers for Old Generation
[24.794s][info   ][gc,task     ] GC(14) O: Using 1 Workers for Old Generation
[24.794s][info   ][gc,phases   ] GC(14) O: Concurrent Remap Roots 2.979ms
[24.794s][info   ][gc,phases   ] GC(14) O: Pause Relocate Start 0.003ms
[24.794s][info   ][gc,phases   ] GC(14) O: Concurrent Relocate 0.017ms
[24.794s][info   ][gc,alloc    ] GC(14) O:                         Mark Start        Mark End      Relocate Start    Relocate End   
[24.794s][info   ][gc,alloc    ] GC(14) O: Allocation Stalls:          0                0                0                0         
[24.794s][info   ][gc,load     ] GC(14) O: Load: 1.21 (10%) / 1.25 (10%) / 1.45 (12%)
[24.794s][info   ][gc,mmu      ] GC(14) O: MMU: 2ms/99.0%, 5ms/99.5%, 10ms/99.7%, 20ms/99.8%, 50ms/99.9%, 100ms/99.9%
[24.794s][info   ][gc,marking  ] GC(14) O: Mark: 1 stripe(s), 2 proactive flush(es), 1 terminate flush(es), 0 completion(s), 0 continuation(s) 
[24.794s][info   ][gc,marking  ] GC(14) O: Mark Stack Usage: 32M
[24.794s][info   ][gc,nmethod  ] GC(14) O: NMethods: 382 registered, 101 unregistered
[24.794s][info   ][gc,metaspace] GC(14) O: Metaspace: 0M used, 0M committed, 1088M reserved
[24.794s][info   ][gc,ref      ] GC(14) O:                       Encountered   Discovered     Enqueued 
[24.794s][info   ][gc,ref      ] GC(14) O: Soft References:               64            0            0 
[24.794s][info   ][gc,ref      ] GC(14) O: Weak References:              217          165            0 
[24.794s][info   ][gc,ref      ] GC(14) O: Final References:               0            0            0 
[24.794s][info   ][gc,ref      ] GC(14) O: Phantom References:             5            3            0 
[24.794s][info   ][gc,reloc    ] GC(14) O:                        Candidates     Selected     In-Place         Size        Empty    Relocated 
[24.794s][info   ][gc,reloc    ] GC(14) O: Small Pages:                   34            0            0          68M           0M           0M 
[24.794s][info   ][gc,reloc    ] GC(14) O: Medium Pages:                   0            0            0           0M           0M           0M 
[24.794s][info   ][gc,reloc    ] GC(14) O: Large Pages:                    0            0            0           0M           0M           0M 
[24.794s][info   ][gc,reloc    ] GC(14) O: Forwarding Usage: 0M
[24.794s][info   ][gc,heap     ] GC(14) O: Min Capacity: 8192M(100%)
[24.794s][info   ][gc,heap     ] GC(14) O: Max Capacity: 8192M(100%)
[24.794s][info   ][gc,heap     ] GC(14) O: Soft Max Capacity: 8192M(100%)
[24.794s][info   ][gc,heap     ] GC(14) O: Heap Statistics:
[24.794s][info   ][gc,heap     ] GC(14) O:                Mark Start          Mark End        Relocate Start      Relocate End           High               Low         
[24.794s][info   ][gc,heap     ] GC(14) O:  Capacity:     8192M (100%)       8192M (100%)       8192M (100%)       8192M (100%)       8192M (100%)       8192M (100%)   
[24.794s][info   ][gc,heap     ] GC(14) O:      Free:     3204M (39%)        7966M (97%)        7936M (97%)        7936M (97%)        8026M (98%)        3174M (39%)    
[24.794s][info   ][gc,heap     ] GC(14) O:      Used:     4988M (61%)         226M (3%)          256M (3%)          256M (3%)         5018M (61%)         166M (2%)     
[24.794s][info   ][gc,heap     ] GC(14) O: Old Generation Statistics:
[24.794s][info   ][gc,heap     ] GC(14) O:                Mark Start          Mark End        Relocate Start      Relocate End    
[24.794s][info   ][gc,heap     ] GC(14) O:      Used:       68M (1%)           68M (1%)           68M (1%)           68M (1%)     
[24.794s][info   ][gc,heap     ] GC(14) O:      Live:         -                65M (1%)           65M (1%)           65M (1%)     
[24.794s][info   ][gc,heap     ] GC(14) O:   Garbage:         -                 2M (0%)            2M (0%)            2M (0%)     
[24.794s][info   ][gc,heap     ] GC(14) O: Allocated:         -                 0M (0%)            0M (0%)            0M (0%)     
[24.794s][info   ][gc,heap     ] GC(14) O: Reclaimed:         -                  -                 0M (0%)            0M (0%)     
[24.794s][info   ][gc,heap     ] GC(14) O: Compacted:         -                  -                  -                 0M (0%)     
[24.794s][info   ][gc,phases   ] GC(14) O: Old Generation 166M(2%)->256M(3%) 0.024s
[24.794s][info   ][gc          ] GC(14) Major Collection (Proactive) 4988M(61%)->256M(3%) 0.040s
[27.315s][info   ][gc          ] GC(15) Minor Collection (High Usage)
[27.315s][info   ][gc,task     ] GC(15) Using 1 Workers for Young Generation
[27.315s][info   ][gc,phases   ] GC(15) y: Young Generation
[27.315s][info   ][gc,phases   ] GC(15) y: Pause Mark Start 0.008ms
[27.331s][info   ][gc,phases   ] GC(15) y: Concurrent Mark 15.711ms
[27.331s][info   ][gc,phases   ] GC(15) y: Pause Mark End 0.012ms
[27.331s][info   ][gc,phases   ] GC(15) y: Concurrent Mark Free 0.000ms
[27.331s][info   ][gc,phases   ] GC(15) y: Concurrent Reset Relocation Set 0.001ms
[27.333s][info   ][gc,reloc    ] GC(15) y: Using tenuring threshold: 7 (Computed)
[27.333s][info   ][gc,phases   ] GC(15) y: Concurrent Select Relocation Set 1.703ms
[27.333s][info   ][gc,phases   ] GC(15) y: Pause Relocate Start 0.006ms
[27.333s][info   ][gc,phases   ] GC(15) y: Concurrent Relocate 0.381ms
[27.333s][info   ][gc,alloc    ] GC(15) y:                         Mark Start        Mark End      Relocate Start    Relocate End   
[27.333s][info   ][gc,alloc    ] GC(15) y: Allocation Stalls:          0                0                0                0         
[27.333s][info   ][gc,load     ] GC(15) y: Load: 1.21 (10%) / 1.25 (10%) / 1.45 (12%)
[27.333s][info   ][gc,mmu      ] GC(15) y: MMU: 2ms/99.0%, 5ms/99.5%, 10ms/99.7%, 20ms/99.8%, 50ms/99.9%, 100ms/99.9%
[27.333s][info   ][gc,marking  ] GC(15) y: Mark: 1 stripe(s), 2 proactive flush(es), 1 terminate flush(es), 0 completion(s), 0 continuation(s) 
[27.333s][info   ][gc,marking  ] GC(15) y: Mark Stack Usage: 32M
[27.333s][info   ][gc,nmethod  ] GC(15) y: NMethods: 382 registered, 101 unregistered
[27.333s][info   ][gc,metaspace] GC(15) y: Metaspace: 0M used, 0M committed, 1088M reserved
[27.333s][info   ][gc,reloc    ] GC(15) y:                        Candidates     Selected     In-Place         Size        Empty    Relocated 
[27.333s][info   ][gc,reloc    ] GC(15) y: Small Pages:                 3841            4            0        7682M        7608M           1M 
[27.333s][info   ][gc,reloc    ] GC(15) y: Medium Pages:                   0            0            0           0M           0M           0M 
[27.333s][info   ][gc,reloc    ] GC(15) y: Large Pages:                    0            0            0           0M           0M           0M 
[27.333s][info   ][gc,reloc    ] GC(15) y: Forwarding Usage: 0M
[27.333s][info   ][gc,reloc    ] GC(15) y: Age Table:
[27.333s][info   ][gc,reloc    ] GC(15) y:                    Live             Garbage             Small              Medium             Large        
[27.333s][info   ][gc,reloc    ] GC(15) y: Eden              63M (1%)         7550M (92%)       3807 / 4              0 / 0              0 / 0        
[27.333s][info   ][gc,reloc    ] GC(15) y: Survivor 1          -                66M (1%)          33 / 0              0 / 0              0 / 0        
[27.333s][info   ][gc,reloc    ] GC(15) y: Survivor 2          -                 0M (0%)           0 / 0              0 / 0              0 / 0        
[27.333s][info   ][gc,reloc    ] GC(15) y: Survivor 3          -                 0M (0%)           0 / 0              0 / 0              0 / 0        
[27.333s][info   ][gc,reloc    ] GC(15) y: Survivor 4          -                 0M (0%)           0 / 0              0 / 0              0 / 0        
[27.333s][info   ][gc,reloc    ] GC(15) y: Survivor 5          -                 0M (0%)           0 / 0              0 / 0              0 / 0        
[27.333s][info   ][gc,reloc    ] GC(15) y: Survivor 6         0M (0%)            1M (0%)           1 / 0              0 / 0              0 / 0        
[27.333s][info   ][gc,heap     ] GC(15) y: Min Capacity: 8192M(100%)
[27.333s][info   ][gc,heap     ] GC(15) y: Max Capacity: 8192M(100%)
[27.333s][info   ][gc,heap     ] GC(15) y: Soft Max Capacity: 8192M(100%)
[27.333s][info   ][gc,heap     ] GC(15) y: Heap Statistics:
[27.333s][info   ][gc,heap     ] GC(15) y:                Mark Start          Mark End        Relocate Start      Relocate End           High               Low         
[27.333s][info   ][gc,heap     ] GC(15) y:  Capacity:     8192M (100%)       8192M (100%)       8192M (100%)       8192M (100%)       8192M (100%)       8192M (100%)   
[27.333s][info   ][gc,heap     ] GC(15) y:      Free:      442M (5%)          410M (5%)         8000M (98%)        8002M (98%)        8004M (98%)         410M (5%)     
[27.333s][info   ][gc,heap     ] GC(15) y:      Used:     7750M (95%)        7782M (95%)         192M (2%)          190M (2%)         7782M (95%)         188M (2%)     
[27.333s][info   ][gc,heap     ] GC(15) y: Young Generation Statistics:
[27.333s][info   ][gc,heap     ] GC(15) y:                Mark Start          Mark End        Relocate Start      Relocate End    
[27.333s][info   ][gc,heap     ] GC(15) y:      Used:     7682M (94%)        7714M (94%)         124M (2%)          122M (1%)     
[27.333s][info   ][gc,heap     ] GC(15) y:      Live:         -                63M (1%)           63M (1%)           63M (1%)     
[27.333s][info   ][gc,heap     ] GC(15) y:   Garbage:         -              7618M (93%)          10M (0%)            2M (0%)     
[27.333s][info   ][gc,heap     ] GC(15) y: Allocated:         -                32M (0%)           50M (1%)           56M (1%)     
[27.333s][info   ][gc,heap     ] GC(15) y: Reclaimed:         -                  -              7608M (93%)        7616M (93%)    
[27.333s][info   ][gc,heap     ] GC(15) y:  Promoted:         -                  -                 0M (0%)            0M (0%)     
[27.333s][info   ][gc,heap     ] GC(15) y: Compacted:         -                  -                  -                 1M (0%)     
[27.333s][info   ][gc,phases   ] GC(15) y: Young Generation 7748M(95%)->190M(2%) 0.018s
[27.333s][info   ][gc          ] GC(15) Minor Collection (High Usage) 7748M(95%)->190M(2%) 0.018s
[28.005s][info   ][gc          ] GC(16) Major Collection (Proactive)
[28.005s][info   ][gc,task     ] GC(16) Using 1 Workers for Young Generation
[28.005s][info   ][gc,task     ] GC(16) Using 1 Workers for Old Generation
[28.005s][info   ][gc,phases   ] GC(16) Y: Young Generation
[28.005s][info   ][gc,phases   ] GC(16) Y: Pause Mark Start (Major) 0.014ms
[28.027s][info   ][gc,phases   ] GC(16) Y: Concurrent Mark 22.474ms
[28.027s][info   ][gc,phases   ] GC(16) Y: Pause Mark End 0.010ms
[28.027s][info   ][gc,phases   ] GC(16) Y: Concurrent Mark Free 0.000ms
[28.027s][info   ][gc,phases   ] GC(16) Y: Concurrent Reset Relocation Set 0.001ms
[28.029s][info   ][gc,reloc    ] GC(16) Y: Using tenuring threshold: 7 (Computed)
[28.029s][info   ][gc,phases   ] GC(16) Y: Concurrent Select Relocation Set 1.241ms
[28.029s][info   ][gc,phases   ] GC(16) Y: Pause Relocate Start 0.004ms
[28.029s][info   ][gc,phases   ] GC(16) Y: Concurrent Relocate 0.431ms
[28.029s][info   ][gc,alloc    ] GC(16) Y:                         Mark Start        Mark End      Relocate Start    Relocate End   
[28.029s][info   ][gc,alloc    ] GC(16) Y: Allocation Stalls:          0                0                0                0         
[28.029s][info   ][gc,load     ] GC(16) Y: Load: 1.21 (10%) / 1.25 (10%) / 1.45 (12%)
[28.029s][info   ][gc,mmu      ] GC(16) Y: MMU: 2ms/99.0%, 5ms/99.5%, 10ms/99.7%, 20ms/99.8%, 50ms/99.9%, 100ms/99.9%
[28.029s][info   ][gc,marking  ] GC(16) Y: Mark: 1 stripe(s), 2 proactive flush(es), 1 terminate flush(es), 0 completion(s), 0 continuation(s) 
[28.029s][info   ][gc,marking  ] GC(16) Y: Mark Stack Usage: 32M
[28.029s][info   ][gc,nmethod  ] GC(16) Y: NMethods: 382 registered, 101 unregistered
[28.029s][info   ][gc,metaspace] GC(16) Y: Metaspace: 0M used, 0M committed, 1088M reserved
[28.029s][info   ][gc,reloc    ] GC(16) Y:                        Candidates     Selected     In-Place         Size        Empty    Relocated 
[28.029s][info   ][gc,reloc    ] GC(16) Y: Small Pages:                 1059            4            0        2118M        2044M           2M 
[28.029s][info   ][gc,reloc    ] GC(16) Y: Medium Pages:                   0            0            0           0M           0M           0M 
[28.029s][info   ][gc,reloc    ] GC(16) Y: Large Pages:                    0            0            0           0M           0M           0M 
[28.029s][info   ][gc,reloc    ] GC(16) Y: Forwarding Usage: 0M
[28.029s][info   ][gc,reloc    ] GC(16) Y: Age Table:
[28.029s][info   ][gc,reloc    ] GC(16) Y:                    Live             Garbage             Small              Medium             Large        
[28.029s][info   ][gc,reloc    ] GC(16) Y: Eden              63M (1%)         1986M (24%)       1025 / 4              0 / 0              0 / 0        
[28.029s][info   ][gc,reloc    ] GC(16) Y: Survivor 1          -                66M (1%)          33 / 0              0 / 0              0 / 0        
[28.029s][info   ][gc,reloc    ] GC(16) Y: Survivor 2          -                 0M (0%)           0 / 0              0 / 0              0 / 0        
[28.029s][info   ][gc,reloc    ] GC(16) Y: Survivor 3          -                 0M (0%)           0 / 0              0 / 0              0 / 0        
[28.029s][info   ][gc,reloc    ] GC(16) Y: Survivor 4          -                 0M (0%)           0 / 0              0 / 0              0 / 0        
[28.029s][info   ][gc,reloc    ] GC(16) Y: Survivor 5          -                 0M (0%)           0 / 0              0 / 0              0 / 0        
[28.029s][info   ][gc,reloc    ] GC(16) Y: Survivor 6          -                 0M (0%)           0 / 0              0 / 0              0 / 0        
[28.029s][info   ][gc,reloc    ] GC(16) Y: Survivor 7         0M (0%)            1M (0%)           1 / 0              0 / 0              0 / 0        
[28.029s][info   ][gc,heap     ] GC(16) Y: Min Capacity: 8192M(100%)
[28.029s][info   ][gc,heap     ] GC(16) Y: Max Capacity: 8192M(100%)
[28.029s][info   ][gc,heap     ] GC(16) Y: Soft Max Capacity: 8192M(100%)
[28.029s][info   ][gc,heap     ] GC(16) Y: Heap Statistics:
[28.029s][info   ][gc,heap     ] GC(16) Y:                Mark Start          Mark End        Relocate Start      Relocate End           High               Low         
[28.029s][info   ][gc,heap     ] GC(16) Y:  Capacity:     8192M (100%)       8192M (100%)       8192M (100%)       8192M (100%)       8192M (100%)       8192M (100%)   
[28.029s][info   ][gc,heap     ] GC(16) Y:      Free:     6006M (73%)        5940M (73%)        7984M (97%)        7990M (98%)        7990M (98%)        5940M (73%)    
[28.029s][info   ][gc,heap     ] GC(16) Y:      Used:     2186M (27%)        2252M (27%)         208M (3%)          202M (2%)         2252M (27%)         202M (2%)     
[28.029s][info   ][gc,heap     ] GC(16) Y: Young Generation Statistics:
[28.029s][info   ][gc,heap     ] GC(16) Y:                Mark Start          Mark End        Relocate Start      Relocate End    
[28.029s][info   ][gc,heap     ] GC(16) Y:      Used:     2118M (26%)        2184M (27%)         140M (2%)          132M (2%)     
[28.029s][info   ][gc,heap     ] GC(16) Y:      Live:         -                63M (1%)           63M (1%)           63M (1%)     
[28.029s][info   ][gc,heap     ] GC(16) Y:   Garbage:         -              2054M (25%)          10M (0%)            1M (0%)     
[28.029s][info   ][gc,heap     ] GC(16) Y: Allocated:         -                66M (1%)           66M (1%)           66M (1%)     
[28.029s][info   ][gc,heap     ] GC(16) Y: Reclaimed:         -                  -              2044M (25%)        2052M (25%)    
[28.029s][info   ][gc,heap     ] GC(16) Y:  Promoted:         -                  -                 0M (0%)            0M (0%)     
[28.029s][info   ][gc,heap     ] GC(16) Y: Compacted:         -                  -                  -                 3M (0%)     
[28.029s][info   ][gc,phases   ] GC(16) Y: Young Generation 2186M(27%)->202M(2%) 0.024s
[28.029s][info   ][gc,phases   ] GC(16) O: Old Generation
[28.056s][info   ][gc,phases   ] GC(16) O: Concurrent Mark 27.049ms
[28.056s][info   ][gc,phases   ] GC(16) O: Pause Mark End 0.011ms
[28.056s][info   ][gc,phases   ] GC(16) O: Concurrent Mark Free 0.000ms
[28.057s][info   ][gc,phases   ] GC(16) O: Concurrent Process Non-Strong 0.548ms
[28.057s][info   ][gc,phases   ] GC(16) O: Concurrent Reset Relocation Set 0.000ms
[28.058s][info   ][gc,phases   ] GC(16) O: Concurrent Select Relocation Set 0.866ms
[28.058s][info   ][gc,task     ] GC(16) O: Using 2 Workers for Old Generation
[28.060s][info   ][gc,task     ] GC(16) O: Using 1 Workers for Old Generation
[28.061s][info   ][gc,phases   ] GC(16) O: Concurrent Remap Roots 2.840ms
[28.061s][info   ][gc,phases   ] GC(16) O: Pause Relocate Start 0.004ms
[28.061s][info   ][gc,phases   ] GC(16) O: Concurrent Relocate 0.012ms
[28.061s][info   ][gc,alloc    ] GC(16) O:                         Mark Start        Mark End      Relocate Start    Relocate End   
[28.061s][info   ][gc,alloc    ] GC(16) O: Allocation Stalls:          0                0                0                0         
[28.061s][info   ][gc,load     ] GC(16) O: Load: 1.21 (10%) / 1.25 (10%) / 1.45 (12%)
[28.061s][info   ][gc,mmu      ] GC(16) O: MMU: 2ms/99.0%, 5ms/99.5%, 10ms/99.7%, 20ms/99.8%, 50ms/99.9%, 100ms/99.9%
[28.061s][info   ][gc,marking  ] GC(16) O: Mark: 1 stripe(s), 2 proactive flush(es), 1 terminate flush(es), 0 completion(s), 0 continuation(s) 
[28.061s][info   ][gc,marking  ] GC(16) O: Mark Stack Usage: 32M
[28.061s][info   ][gc,nmethod  ] GC(16) O: NMethods: 382 registered, 101 unregistered
[28.061s][info   ][gc,metaspace] GC(16) O: Metaspace: 0M used, 0M committed, 1088M reserved
[28.061s][info   ][gc,ref      ] GC(16) O:                       Encountered   Discovered     Enqueued 
[28.061s][info   ][gc,ref      ] GC(16) O: Soft References:               64            0            0 
[28.061s][info   ][gc,ref      ] GC(16) O: Weak References:              217          165            0 
[28.061s][info   ][gc,ref      ] GC(16) O: Final References:               0            0            0 
[28.061s][info   ][gc,ref      ] GC(16) O: Phantom References:             5            3            0 
[28.061s][info   ][gc,reloc    ] GC(16) O:                        Candidates     Selected     In-Place         Size        Empty    Relocated 
[28.061s][info   ][gc,reloc    ] GC(16) O: Small Pages:                   34            0            0          68M           0M           0M 
[28.061s][info   ][gc,reloc    ] GC(16) O: Medium Pages:                   0            0            0           0M           0M           0M 
[28.061s][info   ][gc,reloc    ] GC(16) O: Large Pages:                    0            0            0           0M           0M           0M 
[28.061s][info   ][gc,reloc    ] GC(16) O: Forwarding Usage: 0M
[28.061s][info   ][gc,heap     ] GC(16) O: Min Capacity: 8192M(100%)
[28.061s][info   ][gc,heap     ] GC(16) O: Max Capacity: 8192M(100%)
[28.061s][info   ][gc,heap     ] GC(16) O: Soft Max Capacity: 8192M(100%)
[28.061s][info   ][gc,heap     ] GC(16) O: Heap Statistics:
[28.061s][info   ][gc,heap     ] GC(16) O:                Mark Start          Mark End        Relocate Start      Relocate End           High               Low         
[28.061s][info   ][gc,heap     ] GC(16) O:  Capacity:     8192M (100%)       8192M (100%)       8192M (100%)       8192M (100%)       8192M (100%)       8192M (100%)   
[28.061s][info   ][gc,heap     ] GC(16) O:      Free:     6006M (73%)        7900M (96%)        7900M (96%)        7900M (96%)        7990M (98%)        5940M (73%)    
[28.061s][info   ][gc,heap     ] GC(16) O:      Used:     2186M (27%)         292M (4%)          292M (4%)          292M (4%)         2252M (27%)         202M (2%)     
[28.061s][info   ][gc,heap     ] GC(16) O: Old Generation Statistics:
[28.061s][info   ][gc,heap     ] GC(16) O:                Mark Start          Mark End        Relocate Start      Relocate End    
[28.061s][info   ][gc,heap     ] GC(16) O:      Used:       68M (1%)           70M (1%)           70M (1%)           70M (1%)     
[28.061s][info   ][gc,heap     ] GC(16) O:      Live:         -                65M (1%)           65M (1%)           65M (1%)     
[28.061s][info   ][gc,heap     ] GC(16) O:   Garbage:         -                 2M (0%)            2M (0%)            2M (0%)     
[28.061s][info   ][gc,heap     ] GC(16) O: Allocated:         -                 2M (0%)            2M (0%)            2M (0%)     
[28.061s][info   ][gc,heap     ] GC(16) O: Reclaimed:         -                  -                 0M (0%)            0M (0%)     
[28.061s][info   ][gc,heap     ] GC(16) O: Compacted:         -                  -                  -                 0M (0%)     
[28.061s][info   ][gc,phases   ] GC(16) O: Old Generation 202M(2%)->292M(4%) 0.031s
[28.061s][info   ][gc          ] GC(16) Major Collection (Proactive) 2186M(27%)->292M(4%) 0.056s
[30.572s][info   ][gc          ] GC(17) Minor Collection (High Usage)
[30.572s][info   ][gc,task     ] GC(17) Using 1 Workers for Young Generation
[30.572s][info   ][gc,phases   ] GC(17) y: Young Generation
[30.572s][info   ][gc,phases   ] GC(17) y: Pause Mark Start 0.007ms
[30.583s][info   ][gc,phases   ] GC(17) y: Concurrent Mark 10.909ms
[30.583s][info   ][gc,phases   ] GC(17) y: Pause Mark End 0.007ms
[30.583s][info   ][gc,phases   ] GC(17) y: Concurrent Mark Free 0.000ms
[30.583s][info   ][gc,phases   ] GC(17) y: Concurrent Reset Relocation Set 0.001ms
[30.584s][info   ][gc,reloc    ] GC(17) y: Using tenuring threshold: 1 (Computed)
[30.584s][info   ][gc,phases   ] GC(17) y: Concurrent Select Relocation Set 1.230ms
[30.584s][info   ][gc,phases   ] GC(17) y: Pause Relocate Start 0.003ms
[30.585s][info   ][gc,phases   ] GC(17) y: Concurrent Relocate 0.380ms
[30.585s][info   ][gc,alloc    ] GC(17) y:                         Mark Start        Mark End      Relocate Start    Relocate End   
[30.585s][info   ][gc,alloc    ] GC(17) y: Allocation Stalls:          0                0                0                0         
[30.585s][info   ][gc,load     ] GC(17) y: Load: 1.28 (11%) / 1.26 (11%) / 1.45 (12%)
[30.585s][info   ][gc,mmu      ] GC(17) y: MMU: 2ms/99.0%, 5ms/99.5%, 10ms/99.7%, 20ms/99.8%, 50ms/99.9%, 100ms/99.9%
[30.585s][info   ][gc,marking  ] GC(17) y: Mark: 1 stripe(s), 2 proactive flush(es), 1 terminate flush(es), 0 completion(s), 0 continuation(s) 
[30.585s][info   ][gc,marking  ] GC(17) y: Mark Stack Usage: 32M
[30.585s][info   ][gc,nmethod  ] GC(17) y: NMethods: 382 registered, 101 unregistered
[30.585s][info   ][gc,metaspace] GC(17) y: Metaspace: 0M used, 0M committed, 1088M reserved
[30.585s][info   ][gc,reloc    ] GC(17) y:                        Candidates     Selected     In-Place         Size        Empty    Relocated 
[30.585s][info   ][gc,reloc    ] GC(17) y: Small Pages:                 3844            3            0        7688M        7616M           2M 
[30.585s][info   ][gc,reloc    ] GC(17) y: Medium Pages:                   0            0            0           0M           0M           0M 
[30.585s][info   ][gc,reloc    ] GC(17) y: Large Pages:                    0            0            0           0M           0M           0M 
[30.585s][info   ][gc,reloc    ] GC(17) y: Forwarding Usage: 0M
[30.585s][info   ][gc,reloc    ] GC(17) y: Age Table:
[30.585s][info   ][gc,reloc    ] GC(17) y:                    Live             Garbage             Small              Medium             Large        
[30.585s][info   ][gc,reloc    ] GC(17) y: Eden              63M (1%)         7558M (92%)       3811 / 3              0 / 0              0 / 0        
[30.585s][info   ][gc,reloc    ] GC(17) y: Survivor 1          -                66M (1%)          33 / 0              0 / 0              0 / 0        
[30.585s][info   ][gc,heap     ] GC(17) y: Min Capacity: 8192M(100%)
[30.585s][info   ][gc,heap     ] GC(17) y: Max Capacity: 8192M(100%)
[30.585s][info   ][gc,heap     ] GC(17) y: Soft Max Capacity: 8192M(100%)
[30.585s][info   ][gc,heap     ] GC(17) y: Heap Statistics:
[30.585s][info   ][gc,heap     ] GC(17) y:                Mark Start          Mark End        Relocate Start      Relocate End           High               Low         
[30.585s][info   ][gc,heap     ] GC(17) y:  Capacity:     8192M (100%)       8192M (100%)       8192M (100%)       8192M (100%)       8192M (100%)       8192M (100%)   
[30.585s][info   ][gc,heap     ] GC(17) y:      Free:      434M (5%)          386M (5%)         7996M (98%)        7998M (98%)        7998M (98%)         384M (5%)     
[30.585s][info   ][gc,heap     ] GC(17) y:      Used:     7758M (95%)        7806M (95%)         196M (2%)          194M (2%)         7808M (95%)         194M (2%)     
[30.585s][info   ][gc,heap     ] GC(17) y: Young Generation Statistics:
[30.585s][info   ][gc,heap     ] GC(17) y:                Mark Start          Mark End        Relocate Start      Relocate End    
[30.585s][info   ][gc,heap     ] GC(17) y:      Used:     7688M (94%)        7736M (94%)         126M (2%)          124M (2%)     
[30.585s][info   ][gc,heap     ] GC(17) y:      Live:         -                63M (1%)           63M (1%)           63M (1%)     
[30.585s][info   ][gc,heap     ] GC(17) y:   Garbage:         -              7624M (93%)           8M (0%)            1M (0%)     
[30.585s][info   ][gc,heap     ] GC(17) y: Allocated:         -                48M (1%)           54M (1%)           58M (1%)     
[30.585s][info   ][gc,heap     ] GC(17) y: Reclaimed:         -                  -              7616M (93%)        7622M (93%)    
[30.585s][info   ][gc,heap     ] GC(17) y:  Promoted:         -                  -                 0M (0%)            0M (0%)     
[30.585s][info   ][gc,heap     ] GC(17) y: Compacted:         -                  -                  -                 3M (0%)     
[30.585s][info   ][gc,phases   ] GC(17) y: Young Generation 7758M(95%)->194M(2%) 0.013s
[30.585s][info   ][gc          ] GC(17) Minor Collection (High Usage) 7758M(95%)->194M(2%) 0.013s
[31.755s][info   ][gc          ] GC(18) Major Collection (Proactive)
[31.755s][info   ][gc,task     ] GC(18) Using 1 Workers for Young Generation
[31.755s][info   ][gc,task     ] GC(18) Using 1 Workers for Old Generation
[31.755s][info   ][gc,phases   ] GC(18) Y: Young Generation
[31.755s][info   ][gc,phases   ] GC(18) Y: Pause Mark Start (Major) 0.013ms
[31.769s][info   ][gc,phases   ] GC(18) Y: Concurrent Mark 13.897ms
[31.769s][info   ][gc,phases   ] GC(18) Y: Pause Mark End 0.008ms
[31.769s][info   ][gc,phases   ] GC(18) Y: Concurrent Mark Free 0.000ms
[31.769s][info   ][gc,phases   ] GC(18) Y: Concurrent Reset Relocation Set 0.001ms
[31.770s][info   ][gc,reloc    ] GC(18) Y: Using tenuring threshold: 1 (Computed)
[31.770s][info   ][gc,phases   ] GC(18) Y: Concurrent Select Relocation Set 1.083ms
[31.770s][info   ][gc,phases   ] GC(18) Y: Pause Relocate Start 0.002ms
[31.771s][info   ][gc,phases   ] GC(18) Y: Concurrent Relocate 0.352ms
[31.771s][info   ][gc,alloc    ] GC(18) Y:                         Mark Start        Mark End      Relocate Start    Relocate End   
[31.771s][info   ][gc,alloc    ] GC(18) Y: Allocation Stalls:          0                0                0                0         
[31.771s][info   ][gc,load     ] GC(18) Y: Load: 1.28 (11%) / 1.26 (11%) / 1.45 (12%)
[31.771s][info   ][gc,mmu      ] GC(18) Y: MMU: 2ms/99.0%, 5ms/99.5%, 10ms/99.7%, 20ms/99.8%, 50ms/99.9%, 100ms/99.9%
[31.771s][info   ][gc,marking  ] GC(18) Y: Mark: 1 stripe(s), 2 proactive flush(es), 1 terminate flush(es), 0 completion(s), 0 continuation(s) 
[31.771s][info   ][gc,marking  ] GC(18) Y: Mark Stack Usage: 32M
[31.771s][info   ][gc,nmethod  ] GC(18) Y: NMethods: 382 registered, 101 unregistered
[31.771s][info   ][gc,metaspace] GC(18) Y: Metaspace: 0M used, 0M committed, 1088M reserved
[31.771s][info   ][gc,reloc    ] GC(18) Y:                        Candidates     Selected     In-Place         Size        Empty    Relocated 
[31.771s][info   ][gc,reloc    ] GC(18) Y: Small Pages:                 1801            3            0        3602M        3530M           2M 
[31.771s][info   ][gc,reloc    ] GC(18) Y: Medium Pages:                   0            0            0           0M           0M           0M 
[31.771s][info   ][gc,reloc    ] GC(18) Y: Large Pages:                    0            0            0           0M           0M           0M 
[31.771s][info   ][gc,reloc    ] GC(18) Y: Forwarding Usage: 0M
[31.771s][info   ][gc,reloc    ] GC(18) Y: Age Table:
[31.771s][info   ][gc,reloc    ] GC(18) Y:                    Live             Garbage             Small              Medium             Large        
[31.771s][info   ][gc,reloc    ] GC(18) Y: Eden              63M (1%)         3472M (42%)       1768 / 3              0 / 0              0 / 0        
[31.771s][info   ][gc,reloc    ] GC(18) Y: Survivor 1          -                66M (1%)          33 / 0              0 / 0              0 / 0        
[31.771s][info   ][gc,heap     ] GC(18) Y: Min Capacity: 8192M(100%)
[31.771s][info   ][gc,heap     ] GC(18) Y: Max Capacity: 8192M(100%)
[31.771s][info   ][gc,heap     ] GC(18) Y: Soft Max Capacity: 8192M(100%)
[31.771s][info   ][gc,heap     ] GC(18) Y: Heap Statistics:
[31.771s][info   ][gc,heap     ] GC(18) Y:                Mark Start          Mark End        Relocate Start      Relocate End           High               Low         
[31.771s][info   ][gc,heap     ] GC(18) Y:  Capacity:     8192M (100%)       8192M (100%)       8192M (100%)       8192M (100%)       8192M (100%)       8192M (100%)   
[31.771s][info   ][gc,heap     ] GC(18) Y:      Free:     4520M (55%)        4490M (55%)        8020M (98%)        8026M (98%)        8026M (98%)        4488M (55%)    
[31.771s][info   ][gc,heap     ] GC(18) Y:      Used:     3672M (45%)        3702M (45%)         172M (2%)          166M (2%)         3704M (45%)         166M (2%)     
[31.771s][info   ][gc,heap     ] GC(18) Y: Young Generation Statistics:
[31.771s][info   ][gc,heap     ] GC(18) Y:                Mark Start          Mark End        Relocate Start      Relocate End    
[31.771s][info   ][gc,heap     ] GC(18) Y:      Used:     3602M (44%)        3632M (44%)         102M (1%)           96M (1%)     
[31.771s][info   ][gc,heap     ] GC(18) Y:      Live:         -                63M (1%)           63M (1%)           63M (1%)     
[31.771s][info   ][gc,heap     ] GC(18) Y:   Garbage:         -              3538M (43%)           8M (0%)            1M (0%)     
[31.771s][info   ][gc,heap     ] GC(18) Y: Allocated:         -                30M (0%)           30M (0%)           31M (0%)     
[31.771s][info   ][gc,heap     ] GC(18) Y: Reclaimed:         -                  -              3530M (43%)        3537M (43%)    
[31.771s][info   ][gc,heap     ] GC(18) Y:  Promoted:         -                  -                 0M (0%)            0M (0%)     
[31.771s][info   ][gc,heap     ] GC(18) Y: Compacted:         -                  -                  -                 2M (0%)     
[31.771s][info   ][gc,phases   ] GC(18) Y: Young Generation 3672M(45%)->166M(2%) 0.015s
[31.771s][info   ][gc,phases   ] GC(18) O: Old Generation
[31.791s][info   ][gc,phases   ] GC(18) O: Concurrent Mark 19.771ms
[31.791s][info   ][gc,phases   ] GC(18) O: Pause Mark End 0.006ms
[31.791s][info   ][gc,phases   ] GC(18) O: Concurrent Mark Free 0.001ms
[31.791s][info   ][gc,phases   ] GC(18) O: Concurrent Process Non-Strong 0.619ms
[31.791s][info   ][gc,phases   ] GC(18) O: Concurrent Reset Relocation Set 0.000ms
[31.792s][info   ][gc,phases   ] GC(18) O: Concurrent Select Relocation Set 0.931ms
[31.792s][info   ][gc,task     ] GC(18) O: Using 2 Workers for Old Generation
[31.796s][info   ][gc,task     ] GC(18) O: Using 1 Workers for Old Generation
[31.796s][info   ][gc,phases   ] GC(18) O: Concurrent Remap Roots 3.582ms
[31.796s][info   ][gc,phases   ] GC(18) O: Pause Relocate Start 0.003ms
[31.796s][info   ][gc,phases   ] GC(18) O: Concurrent Relocate 0.032ms
[31.796s][info   ][gc,alloc    ] GC(18) O:                         Mark Start        Mark End      Relocate Start    Relocate End   
[31.796s][info   ][gc,alloc    ] GC(18) O: Allocation Stalls:          0                0                0                0         
[31.796s][info   ][gc,load     ] GC(18) O: Load: 1.28 (11%) / 1.26 (11%) / 1.45 (12%)
[31.796s][info   ][gc,mmu      ] GC(18) O: MMU: 2ms/99.0%, 5ms/99.5%, 10ms/99.7%, 20ms/99.8%, 50ms/99.9%, 100ms/99.9%
[31.796s][info   ][gc,marking  ] GC(18) O: Mark: 1 stripe(s), 2 proactive flush(es), 1 terminate flush(es), 0 completion(s), 0 continuation(s) 
[31.796s][info   ][gc,marking  ] GC(18) O: Mark Stack Usage: 32M
[31.796s][info   ][gc,nmethod  ] GC(18) O: NMethods: 382 registered, 101 unregistered
[31.796s][info   ][gc,metaspace] GC(18) O: Metaspace: 0M used, 0M committed, 1088M reserved
[31.796s][info   ][gc,ref      ] GC(18) O:                       Encountered   Discovered     Enqueued 
[31.796s][info   ][gc,ref      ] GC(18) O: Soft References:               64            0            0 
[31.796s][info   ][gc,ref      ] GC(18) O: Weak References:              217          165            0 
[31.796s][info   ][gc,ref      ] GC(18) O: Final References:               0            0            0 
[31.796s][info   ][gc,ref      ] GC(18) O: Phantom References:             5            3            0 
[31.796s][info   ][gc,reloc    ] GC(18) O:                        Candidates     Selected     In-Place         Size        Empty    Relocated 
[31.796s][info   ][gc,reloc    ] GC(18) O: Small Pages:                   35            1            0          70M           0M           0M 
[31.796s][info   ][gc,reloc    ] GC(18) O: Medium Pages:                   0            0            0           0M           0M           0M 
[31.796s][info   ][gc,reloc    ] GC(18) O: Large Pages:                    0            0            0           0M           0M           0M 
[31.796s][info   ][gc,reloc    ] GC(18) O: Forwarding Usage: 0M
[31.796s][info   ][gc,heap     ] GC(18) O: Min Capacity: 8192M(100%)
[31.796s][info   ][gc,heap     ] GC(18) O: Max Capacity: 8192M(100%)
[31.796s][info   ][gc,heap     ] GC(18) O: Soft Max Capacity: 8192M(100%)
[31.796s][info   ][gc,heap     ] GC(18) O: Heap Statistics:
[31.796s][info   ][gc,heap     ] GC(18) O:                Mark Start          Mark End        Relocate Start      Relocate End           High               Low         
[31.796s][info   ][gc,heap     ] GC(18) O:  Capacity:     8192M (100%)       8192M (100%)       8192M (100%)       8192M (100%)       8192M (100%)       8192M (100%)   
[31.796s][info   ][gc,heap     ] GC(18) O:      Free:     4520M (55%)        7966M (97%)        7936M (97%)        7938M (97%)        8026M (98%)        4488M (55%)    
[31.796s][info   ][gc,heap     ] GC(18) O:      Used:     3672M (45%)         226M (3%)          256M (3%)          254M (3%)         3704M (45%)         166M (2%)     
[31.796s][info   ][gc,heap     ] GC(18) O: Old Generation Statistics:
[31.796s][info   ][gc,heap     ] GC(18) O:                Mark Start          Mark End        Relocate Start      Relocate End    
[31.796s][info   ][gc,heap     ] GC(18) O:      Used:       70M (1%)           70M (1%)           70M (1%)           68M (1%)     
[31.796s][info   ][gc,heap     ] GC(18) O:      Live:         -                65M (1%)           65M (1%)           65M (1%)     
[31.796s][info   ][gc,heap     ] GC(18) O:   Garbage:         -                 4M (0%)            4M (0%)            0M (0%)     
[31.796s][info   ][gc,heap     ] GC(18) O: Allocated:         -                 0M (0%)            0M (0%)            1M (0%)     
[31.796s][info   ][gc,heap     ] GC(18) O: Reclaimed:         -                  -                 0M (0%)            3M (0%)     
[31.796s][info   ][gc,heap     ] GC(18) O: Compacted:         -                  -                  -                 0M (0%)     
[31.796s][info   ][gc,phases   ] GC(18) O: Old Generation 166M(2%)->254M(3%) 0.025s
[31.796s][info   ][gc          ] GC(18) Major Collection (Proactive) 3672M(45%)->254M(3%) 0.041s
[34.324s][info   ][gc          ] GC(19) Minor Collection (High Usage)
[34.324s][info   ][gc,task     ] GC(19) Using 1 Workers for Young Generation
[34.324s][info   ][gc,phases   ] GC(19) y: Young Generation
[34.324s][info   ][gc,phases   ] GC(19) y: Pause Mark Start 0.005ms
[34.335s][info   ][gc,phases   ] GC(19) y: Concurrent Mark 10.782ms
[34.335s][info   ][gc,phases   ] GC(19) y: Pause Mark End 0.007ms
[34.335s][info   ][gc,phases   ] GC(19) y: Concurrent Mark Free 0.000ms
[34.335s][info   ][gc,phases   ] GC(19) y: Concurrent Reset Relocation Set 0.001ms
[34.336s][info   ][gc,reloc    ] GC(19) y: Using tenuring threshold: 1 (Computed)
[34.336s][info   ][gc,phases   ] GC(19) y: Concurrent Select Relocation Set 1.179ms
[34.336s][info   ][gc,phases   ] GC(19) y: Pause Relocate Start 0.002ms
[34.336s][info   ][gc,phases   ] GC(19) y: Concurrent Relocate 0.345ms
[34.336s][info   ][gc,alloc    ] GC(19) y:                         Mark Start        Mark End      Relocate Start    Relocate End   
[34.336s][info   ][gc,alloc    ] GC(19) y: Allocation Stalls:          0                0                0                0         
[34.336s][info   ][gc,load     ] GC(19) y: Load: 1.25 (10%) / 1.26 (10%) / 1.45 (12%)
[34.336s][info   ][gc,mmu      ] GC(19) y: MMU: 2ms/99.0%, 5ms/99.5%, 10ms/99.7%, 20ms/99.8%, 50ms/99.9%, 100ms/99.9%
[34.336s][info   ][gc,marking  ] GC(19) y: Mark: 1 stripe(s), 2 proactive flush(es), 1 terminate flush(es), 0 completion(s), 0 continuation(s) 
[34.336s][info   ][gc,marking  ] GC(19) y: Mark Stack Usage: 32M
[34.336s][info   ][gc,nmethod  ] GC(19) y: NMethods: 382 registered, 101 unregistered
[34.336s][info   ][gc,metaspace] GC(19) y: Metaspace: 0M used, 0M committed, 1088M reserved
[34.336s][info   ][gc,reloc    ] GC(19) y:                        Candidates     Selected     In-Place         Size        Empty    Relocated 
[34.336s][info   ][gc,reloc    ] GC(19) y: Small Pages:                 3854            4            0        7708M        7634M           1M 
[34.336s][info   ][gc,reloc    ] GC(19) y: Medium Pages:                   0            0            0           0M           0M           0M 
[34.336s][info   ][gc,reloc    ] GC(19) y: Large Pages:                    0            0            0           0M           0M           0M 
[34.336s][info   ][gc,reloc    ] GC(19) y: Forwarding Usage: 0M
[34.336s][info   ][gc,reloc    ] GC(19) y: Age Table:
[34.336s][info   ][gc,reloc    ] GC(19) y:                    Live             Garbage             Small              Medium             Large        
[34.336s][info   ][gc,reloc    ] GC(19) y: Eden              63M (1%)         7578M (93%)       3821 / 4              0 / 0              0 / 0        
[34.336s][info   ][gc,reloc    ] GC(19) y: Survivor 1          -                66M (1%)          33 / 0              0 / 0              0 / 0        
[34.336s][info   ][gc,heap     ] GC(19) y: Min Capacity: 8192M(100%)
[34.336s][info   ][gc,heap     ] GC(19) y: Max Capacity: 8192M(100%)
[34.336s][info   ][gc,heap     ] GC(19) y: Soft Max Capacity: 8192M(100%)
[34.336s][info   ][gc,heap     ] GC(19) y: Heap Statistics:
[34.336s][info   ][gc,heap     ] GC(19) y:                Mark Start          Mark End        Relocate Start      Relocate End           High               Low         
[34.336s][info   ][gc,heap     ] GC(19) y:  Capacity:     8192M (100%)       8192M (100%)       8192M (100%)       8192M (100%)       8192M (100%)       8192M (100%)   
[34.336s][info   ][gc,heap     ] GC(19) y:      Free:      416M (5%)          384M (5%)         8018M (98%)        8026M (98%)        8026M (98%)         384M (5%)     
[34.336s][info   ][gc,heap     ] GC(19) y:      Used:     7776M (95%)        7808M (95%)         174M (2%)          166M (2%)         7808M (95%)         166M (2%)     
[34.336s][info   ][gc,heap     ] GC(19) y: Young Generation Statistics:
[34.336s][info   ][gc,heap     ] GC(19) y:                Mark Start          Mark End        Relocate Start      Relocate End    
[34.336s][info   ][gc,heap     ] GC(19) y:      Used:     7708M (94%)        7740M (94%)         106M (1%)           98M (1%)     
[34.336s][info   ][gc,heap     ] GC(19) y:      Live:         -                63M (1%)           63M (1%)           63M (1%)     
[34.336s][info   ][gc,heap     ] GC(19) y:   Garbage:         -              7644M (93%)          10M (0%)            1M (0%)     
[34.336s][info   ][gc,heap     ] GC(19) y: Allocated:         -                32M (0%)           32M (0%)           33M (0%)     
[34.336s][info   ][gc,heap     ] GC(19) y: Reclaimed:         -                  -              7634M (93%)        7643M (93%)    
[34.336s][info   ][gc,heap     ] GC(19) y:  Promoted:         -                  -                 0M (0%)            0M (0%)     
[34.336s][info   ][gc,heap     ] GC(19) y: Compacted:         -                  -                  -                 2M (0%)     
[34.336s][info   ][gc,phases   ] GC(19) y: Young Generation 7776M(95%)->166M(2%) 0.012s
[34.336s][info   ][gc          ] GC(19) Minor Collection (High Usage) 7776M(95%)->166M(2%) 0.013s
[34.683s][info   ][gc          ] GC(20) Major Collection (Proactive)
[34.683s][info   ][gc,task     ] GC(20) Using 1 Workers for Young Generation
[34.683s][info   ][gc,task     ] GC(20) Using 1 Workers for Old Generation
[34.683s][info   ][gc,phases   ] GC(20) Y: Young Generation
[34.683s][info   ][gc,phases   ] GC(20) Y: Pause Mark Start (Major) 0.010ms
[34.697s][info   ][gc,phases   ] GC(20) Y: Concurrent Mark 13.504ms
[34.697s][info   ][gc,phases   ] GC(20) Y: Pause Mark End 0.006ms
[34.697s][info   ][gc,phases   ] GC(20) Y: Concurrent Mark Free 0.000ms
[34.697s][info   ][gc,phases   ] GC(20) Y: Concurrent Reset Relocation Set 0.001ms
[34.698s][info   ][gc,reloc    ] GC(20) Y: Using tenuring threshold: 1 (Computed)
[34.698s][info   ][gc,phases   ] GC(20) Y: Concurrent Select Relocation Set 0.968ms
[34.698s][info   ][gc,phases   ] GC(20) Y: Pause Relocate Start 0.003ms
[34.698s][info   ][gc,phases   ] GC(20) Y: Concurrent Relocate 0.586ms
[34.698s][info   ][gc,alloc    ] GC(20) Y:                         Mark Start        Mark End      Relocate Start    Relocate End   
[34.698s][info   ][gc,alloc    ] GC(20) Y: Allocation Stalls:          0                0                0                0         
[34.698s][info   ][gc,load     ] GC(20) Y: Load: 1.25 (10%) / 1.26 (10%) / 1.45 (12%)
[34.698s][info   ][gc,mmu      ] GC(20) Y: MMU: 2ms/99.0%, 5ms/99.5%, 10ms/99.7%, 20ms/99.8%, 50ms/99.9%, 100ms/99.9%
[34.698s][info   ][gc,marking  ] GC(20) Y: Mark: 1 stripe(s), 2 proactive flush(es), 1 terminate flush(es), 0 completion(s), 0 continuation(s) 
[34.698s][info   ][gc,marking  ] GC(20) Y: Mark Stack Usage: 32M
[34.698s][info   ][gc,nmethod  ] GC(20) Y: NMethods: 382 registered, 101 unregistered
[34.698s][info   ][gc,metaspace] GC(20) Y: Metaspace: 0M used, 0M committed, 1088M reserved
[34.698s][info   ][gc,reloc    ] GC(20) Y:                        Candidates     Selected     In-Place         Size        Empty    Relocated 
[34.698s][info   ][gc,reloc    ] GC(20) Y: Small Pages:                  566            7            0        1132M        1052M           3M 
[34.698s][info   ][gc,reloc    ] GC(20) Y: Medium Pages:                   0            0            0           0M           0M           0M 
[34.698s][info   ][gc,reloc    ] GC(20) Y: Large Pages:                    0            0            0           0M           0M           0M 
[34.698s][info   ][gc,reloc    ] GC(20) Y: Forwarding Usage: 0M
[34.698s][info   ][gc,reloc    ] GC(20) Y: Age Table:
[34.698s][info   ][gc,reloc    ] GC(20) Y:                    Live             Garbage             Small              Medium             Large        
[34.698s][info   ][gc,reloc    ] GC(20) Y: Eden              63M (1%)         1002M (12%)        533 / 7              0 / 0              0 / 0        
[34.698s][info   ][gc,reloc    ] GC(20) Y: Survivor 1          -                66M (1%)          33 / 0              0 / 0              0 / 0        
[34.698s][info   ][gc,heap     ] GC(20) Y: Min Capacity: 8192M(100%)
[34.698s][info   ][gc,heap     ] GC(20) Y: Max Capacity: 8192M(100%)
[34.698s][info   ][gc,heap     ] GC(20) Y: Soft Max Capacity: 8192M(100%)
[34.698s][info   ][gc,heap     ] GC(20) Y: Heap Statistics:
[34.698s][info   ][gc,heap     ] GC(20) Y:                Mark Start          Mark End        Relocate Start      Relocate End           High               Low         
[34.698s][info   ][gc,heap     ] GC(20) Y:  Capacity:     8192M (100%)       8192M (100%)       8192M (100%)       8192M (100%)       8192M (100%)       8192M (100%)   
[34.698s][info   ][gc,heap     ] GC(20) Y:      Free:     6992M (85%)        6954M (85%)        8006M (98%)        8020M (98%)        8020M (98%)        6954M (85%)    
[34.698s][info   ][gc,heap     ] GC(20) Y:      Used:     1200M (15%)        1238M (15%)         186M (2%)          172M (2%)         1238M (15%)         172M (2%)     
[34.698s][info   ][gc,heap     ] GC(20) Y: Young Generation Statistics:
[34.698s][info   ][gc,heap     ] GC(20) Y:                Mark Start          Mark End        Relocate Start      Relocate End    
[34.698s][info   ][gc,heap     ] GC(20) Y:      Used:     1132M (14%)        1170M (14%)         118M (1%)          104M (1%)     
[34.698s][info   ][gc,heap     ] GC(20) Y:      Live:         -                63M (1%)           63M (1%)           63M (1%)     
[34.698s][info   ][gc,heap     ] GC(20) Y:   Garbage:         -              1068M (13%)          16M (0%)            1M (0%)     
[34.698s][info   ][gc,heap     ] GC(20) Y: Allocated:         -                38M (0%)           38M (0%)           38M (0%)     
[34.698s][info   ][gc,heap     ] GC(20) Y: Reclaimed:         -                  -              1052M (13%)        1066M (13%)    
[34.698s][info   ][gc,heap     ] GC(20) Y:  Promoted:         -                  -                 0M (0%)            0M (0%)     
[34.698s][info   ][gc,heap     ] GC(20) Y: Compacted:         -                  -                  -                 5M (0%)     
[34.698s][info   ][gc,phases   ] GC(20) Y: Young Generation 1200M(15%)->172M(2%) 0.015s
[34.698s][info   ][gc,phases   ] GC(20) O: Old Generation
[34.718s][info   ][gc,phases   ] GC(20) O: Concurrent Mark 19.607ms
[34.718s][info   ][gc,phases   ] GC(20) O: Pause Mark End 0.007ms
[34.718s][info   ][gc,phases   ] GC(20) O: Concurrent Mark Free 0.000ms
[34.718s][info   ][gc,phases   ] GC(20) O: Concurrent Process Non-Strong 0.514ms
[34.718s][info   ][gc,phases   ] GC(20) O: Concurrent Reset Relocation Set 0.000ms
[34.719s][info   ][gc,phases   ] GC(20) O: Concurrent Select Relocation Set 0.878ms
[34.719s][info   ][gc,task     ] GC(20) O: Using 2 Workers for Old Generation
[34.722s][info   ][gc,task     ] GC(20) O: Using 1 Workers for Old Generation
[34.722s][info   ][gc,phases   ] GC(20) O: Concurrent Remap Roots 2.992ms
[34.722s][info   ][gc,phases   ] GC(20) O: Pause Relocate Start 0.004ms
[34.722s][info   ][gc,phases   ] GC(20) O: Concurrent Relocate 0.028ms
[34.722s][info   ][gc,alloc    ] GC(20) O:                         Mark Start        Mark End      Relocate Start    Relocate End   
[34.722s][info   ][gc,alloc    ] GC(20) O: Allocation Stalls:          0                0                0                0         
[34.722s][info   ][gc,load     ] GC(20) O: Load: 1.25 (10%) / 1.26 (10%) / 1.45 (12%)
[34.722s][info   ][gc,mmu      ] GC(20) O: MMU: 2ms/99.0%, 5ms/99.5%, 10ms/99.7%, 20ms/99.8%, 50ms/99.9%, 100ms/99.9%
[34.722s][info   ][gc,marking  ] GC(20) O: Mark: 1 stripe(s), 2 proactive flush(es), 1 terminate flush(es), 0 completion(s), 0 continuation(s) 
[34.722s][info   ][gc,marking  ] GC(20) O: Mark Stack Usage: 32M
[34.722s][info   ][gc,nmethod  ] GC(20) O: NMethods: 382 registered, 101 unregistered
[34.722s][info   ][gc,metaspace] GC(20) O: Metaspace: 0M used, 0M committed, 1088M reserved
[34.722s][info   ][gc,ref      ] GC(20) O:                       Encountered   Discovered     Enqueued 
[34.722s][info   ][gc,ref      ] GC(20) O: Soft References:               64            0            0 
[34.722s][info   ][gc,ref      ] GC(20) O: Weak References:              217          165            0 
[34.722s][info   ][gc,ref      ] GC(20) O: Final References:               0            0            0 
[34.722s][info   ][gc,ref      ] GC(20) O: Phantom References:             5            3            0 
[34.722s][info   ][gc,reloc    ] GC(20) O:                        Candidates     Selected     In-Place         Size        Empty    Relocated 
[34.722s][info   ][gc,reloc    ] GC(20) O: Small Pages:                   34            0            0          68M           0M           0M 
[34.722s][info   ][gc,reloc    ] GC(20) O: Medium Pages:                   0            0            0           0M           0M           0M 
[34.722s][info   ][gc,reloc    ] GC(20) O: Large Pages:                    0            0            0           0M           0M           0M 
[34.722s][info   ][gc,reloc    ] GC(20) O: Forwarding Usage: 0M
[34.722s][info   ][gc,heap     ] GC(20) O: Min Capacity: 8192M(100%)
[34.722s][info   ][gc,heap     ] GC(20) O: Max Capacity: 8192M(100%)
[34.722s][info   ][gc,heap     ] GC(20) O: Soft Max Capacity: 8192M(100%)
[34.722s][info   ][gc,heap     ] GC(20) O: Heap Statistics:
[34.722s][info   ][gc,heap     ] GC(20) O:                Mark Start          Mark End        Relocate Start      Relocate End           High               Low         
[34.722s][info   ][gc,heap     ] GC(20) O:  Capacity:     8192M (100%)       8192M (100%)       8192M (100%)       8192M (100%)       8192M (100%)       8192M (100%)   
[34.722s][info   ][gc,heap     ] GC(20) O:      Free:     6992M (85%)        7960M (97%)        7952M (97%)        7952M (97%)        8020M (98%)        6954M (85%)    
[34.722s][info   ][gc,heap     ] GC(20) O:      Used:     1200M (15%)         232M (3%)          240M (3%)          240M (3%)         1238M (15%)         172M (2%)     
[34.722s][info   ][gc,heap     ] GC(20) O: Old Generation Statistics:
[34.723s][info   ][gc,heap     ] GC(20) O:                Mark Start          Mark End        Relocate Start      Relocate End    
[34.723s][info   ][gc,heap     ] GC(20) O:      Used:       68M (1%)           68M (1%)           68M (1%)           68M (1%)     
[34.723s][info   ][gc,heap     ] GC(20) O:      Live:         -                65M (1%)           65M (1%)           65M (1%)     
[34.723s][info   ][gc,heap     ] GC(20) O:   Garbage:         -                 2M (0%)            2M (0%)            2M (0%)     
[34.723s][info   ][gc,heap     ] GC(20) O: Allocated:         -                 0M (0%)            0M (0%)            0M (0%)     
[34.723s][info   ][gc,heap     ] GC(20) O: Reclaimed:         -                  -                 0M (0%)            0M (0%)     
[34.723s][info   ][gc,heap     ] GC(20) O: Compacted:         -                  -                  -                 0M (0%)     
[34.723s][info   ][gc,phases   ] GC(20) O: Old Generation 172M(2%)->240M(3%) 0.024s
[34.723s][info   ][gc          ] GC(20) Major Collection (Proactive) 1200M(15%)->240M(3%) 0.040s
[37.253s][info   ][gc          ] GC(21) Minor Collection (High Usage)
[37.253s][info   ][gc,task     ] GC(21) Using 1 Workers for Young Generation
[37.253s][info   ][gc,phases   ] GC(21) y: Young Generation
[37.253s][info   ][gc,phases   ] GC(21) y: Pause Mark Start 0.008ms
[37.264s][info   ][gc,phases   ] GC(21) y: Concurrent Mark 10.957ms
[37.264s][info   ][gc,phases   ] GC(21) y: Pause Mark End 0.007ms
[37.264s][info   ][gc,phases   ] GC(21) y: Concurrent Mark Free 0.000ms
[37.264s][info   ][gc,phases   ] GC(21) y: Concurrent Reset Relocation Set 0.001ms
[37.266s][info   ][gc,reloc    ] GC(21) y: Using tenuring threshold: 1 (Computed)
[37.266s][info   ][gc,phases   ] GC(21) y: Concurrent Select Relocation Set 1.276ms
[37.266s][info   ][gc,phases   ] GC(21) y: Pause Relocate Start 0.003ms
[37.266s][info   ][gc,phases   ] GC(21) y: Concurrent Relocate 0.178ms
[37.266s][info   ][gc,alloc    ] GC(21) y:                         Mark Start        Mark End      Relocate Start    Relocate End   
[37.266s][info   ][gc,alloc    ] GC(21) y: Allocation Stalls:          0                0                0                0         
[37.266s][info   ][gc,load     ] GC(21) y: Load: 1.25 (10%) / 1.26 (10%) / 1.45 (12%)
[37.266s][info   ][gc,mmu      ] GC(21) y: MMU: 2ms/99.0%, 5ms/99.5%, 10ms/99.7%, 20ms/99.8%, 50ms/99.9%, 100ms/99.9%
[37.266s][info   ][gc,marking  ] GC(21) y: Mark: 1 stripe(s), 2 proactive flush(es), 1 terminate flush(es), 0 completion(s), 0 continuation(s) 
[37.266s][info   ][gc,marking  ] GC(21) y: Mark Stack Usage: 32M
[37.266s][info   ][gc,nmethod  ] GC(21) y: NMethods: 382 registered, 101 unregistered
[37.266s][info   ][gc,metaspace] GC(21) y: Metaspace: 0M used, 0M committed, 1088M reserved
[37.266s][info   ][gc,reloc    ] GC(21) y:                        Candidates     Selected     In-Place         Size        Empty    Relocated 
[37.266s][info   ][gc,reloc    ] GC(21) y: Small Pages:                 3855            1            0        7710M        7642M           0M 
[37.266s][info   ][gc,reloc    ] GC(21) y: Medium Pages:                   0            0            0           0M           0M           0M 
[37.266s][info   ][gc,reloc    ] GC(21) y: Large Pages:                    0            0            0           0M           0M           0M 
[37.266s][info   ][gc,reloc    ] GC(21) y: Forwarding Usage: 0M
[37.266s][info   ][gc,reloc    ] GC(21) y: Age Table:
[37.266s][info   ][gc,reloc    ] GC(21) y:                    Live             Garbage             Small              Medium             Large        
[37.266s][info   ][gc,reloc    ] GC(21) y: Eden              63M (1%)         7580M (93%)       3822 / 1              0 / 0              0 / 0        
[37.266s][info   ][gc,reloc    ] GC(21) y: Survivor 1          -                66M (1%)          33 / 0              0 / 0              0 / 0        
[37.266s][info   ][gc,heap     ] GC(21) y: Min Capacity: 8192M(100%)
[37.266s][info   ][gc,heap     ] GC(21) y: Max Capacity: 8192M(100%)
[37.266s][info   ][gc,heap     ] GC(21) y: Soft Max Capacity: 8192M(100%)
[37.266s][info   ][gc,heap     ] GC(21) y: Heap Statistics:
[37.266s][info   ][gc,heap     ] GC(21) y:                Mark Start          Mark End        Relocate Start      Relocate End           High               Low         
[37.266s][info   ][gc,heap     ] GC(21) y:  Capacity:     8192M (100%)       8192M (100%)       8192M (100%)       8192M (100%)       8192M (100%)       8192M (100%)   
[37.266s][info   ][gc,heap     ] GC(21) y:      Free:      414M (5%)          376M (5%)         8018M (98%)        8020M (98%)        8020M (98%)         376M (5%)     
[37.266s][info   ][gc,heap     ] GC(21) y:      Used:     7778M (95%)        7816M (95%)         174M (2%)          172M (2%)         7816M (95%)         172M (2%)     
[37.266s][info   ][gc,heap     ] GC(21) y: Young Generation Statistics:
[37.266s][info   ][gc,heap     ] GC(21) y:                Mark Start          Mark End        Relocate Start      Relocate End    
[37.266s][info   ][gc,heap     ] GC(21) y:      Used:     7710M (94%)        7748M (95%)         106M (1%)          104M (1%)     
[37.266s][info   ][gc,heap     ] GC(21) y:      Live:         -                63M (1%)           63M (1%)           63M (1%)     
[37.266s][info   ][gc,heap     ] GC(21) y:   Garbage:         -              7646M (93%)           4M (0%)            2M (0%)     
[37.266s][info   ][gc,heap     ] GC(21) y: Allocated:         -                38M (0%)           38M (0%)           38M (0%)     
[37.266s][info   ][gc,heap     ] GC(21) y: Reclaimed:         -                  -              7642M (93%)        7644M (93%)    
[37.266s][info   ][gc,heap     ] GC(21) y:  Promoted:         -                  -                 0M (0%)            0M (0%)     
[37.266s][info   ][gc,heap     ] GC(21) y: Compacted:         -                  -                  -                 1M (0%)     
[37.266s][info   ][gc,phases   ] GC(21) y: Young Generation 7778M(95%)->172M(2%) 0.013s
[37.266s][info   ][gc          ] GC(21) Minor Collection (High Usage) 7778M(95%)->172M(2%) 0.013s
[37.564s][info   ][gc          ] GC(22) Major Collection (Proactive)
[37.564s][info   ][gc,task     ] GC(22) Using 1 Workers for Young Generation
[37.564s][info   ][gc,task     ] GC(22) Using 1 Workers for Old Generation
[37.564s][info   ][gc,phases   ] GC(22) Y: Young Generation
[37.564s][info   ][gc,phases   ] GC(22) Y: Pause Mark Start (Major) 0.005ms
[37.578s][info   ][gc,phases   ] GC(22) Y: Concurrent Mark 13.483ms
[37.578s][info   ][gc,phases   ] GC(22) Y: Pause Mark End 0.009ms
[37.578s][info   ][gc,phases   ] GC(22) Y: Concurrent Mark Free 0.000ms
[37.578s][info   ][gc,phases   ] GC(22) Y: Concurrent Reset Relocation Set 0.001ms
[37.578s][info   ][gc,reloc    ] GC(22) Y: Using tenuring threshold: 1 (Computed)
[37.578s][info   ][gc,phases   ] GC(22) Y: Concurrent Select Relocation Set 0.924ms
[37.579s][info   ][gc,phases   ] GC(22) Y: Pause Relocate Start 0.002ms
[37.579s][info   ][gc,phases   ] GC(22) Y: Concurrent Relocate 0.198ms
[37.579s][info   ][gc,alloc    ] GC(22) Y:                         Mark Start        Mark End      Relocate Start    Relocate End   
[37.579s][info   ][gc,alloc    ] GC(22) Y: Allocation Stalls:          0                0                0                0         
[37.579s][info   ][gc,load     ] GC(22) Y: Load: 1.25 (10%) / 1.26 (10%) / 1.45 (12%)
[37.579s][info   ][gc,mmu      ] GC(22) Y: MMU: 2ms/99.0%, 5ms/99.5%, 10ms/99.7%, 20ms/99.8%, 50ms/99.9%, 100ms/99.9%
[37.579s][info   ][gc,marking  ] GC(22) Y: Mark: 1 stripe(s), 2 proactive flush(es), 1 terminate flush(es), 0 completion(s), 0 continuation(s) 
[37.579s][info   ][gc,marking  ] GC(22) Y: Mark Stack Usage: 32M
[37.579s][info   ][gc,nmethod  ] GC(22) Y: NMethods: 382 registered, 101 unregistered
[37.579s][info   ][gc,metaspace] GC(22) Y: Metaspace: 0M used, 0M committed, 1088M reserved
[37.579s][info   ][gc,reloc    ] GC(22) Y:                        Candidates     Selected     In-Place         Size        Empty    Relocated 
[37.579s][info   ][gc,reloc    ] GC(22) Y: Small Pages:                  497            2            0         994M         924M           1M 
[37.579s][info   ][gc,reloc    ] GC(22) Y: Medium Pages:                   0            0            0           0M           0M           0M 
[37.579s][info   ][gc,reloc    ] GC(22) Y: Large Pages:                    0            0            0           0M           0M           0M 
[37.579s][info   ][gc,reloc    ] GC(22) Y: Forwarding Usage: 0M
[37.579s][info   ][gc,reloc    ] GC(22) Y: Age Table:
[37.579s][info   ][gc,reloc    ] GC(22) Y:                    Live             Garbage             Small              Medium             Large        
[37.579s][info   ][gc,reloc    ] GC(22) Y: Eden              63M (1%)          864M (11%)        464 / 2              0 / 0              0 / 0        
[37.579s][info   ][gc,reloc    ] GC(22) Y: Survivor 1          -                66M (1%)          33 / 0              0 / 0              0 / 0        
[37.579s][info   ][gc,heap     ] GC(22) Y: Min Capacity: 8192M(100%)
[37.579s][info   ][gc,heap     ] GC(22) Y: Max Capacity: 8192M(100%)
[37.579s][info   ][gc,heap     ] GC(22) Y: Soft Max Capacity: 8192M(100%)
[37.579s][info   ][gc,heap     ] GC(22) Y: Heap Statistics:
[37.579s][info   ][gc,heap     ] GC(22) Y:                Mark Start          Mark End        Relocate Start      Relocate End           High               Low         
[37.579s][info   ][gc,heap     ] GC(22) Y:  Capacity:     8192M (100%)       8192M (100%)       8192M (100%)       8192M (100%)       8192M (100%)       8192M (100%)   
[37.579s][info   ][gc,heap     ] GC(22) Y:      Free:     7130M (87%)        7098M (87%)        8022M (98%)        8026M (98%)        8026M (98%)        7098M (87%)    
[37.579s][info   ][gc,heap     ] GC(22) Y:      Used:     1062M (13%)        1094M (13%)         170M (2%)          166M (2%)         1094M (13%)         166M (2%)     
[37.579s][info   ][gc,heap     ] GC(22) Y: Young Generation Statistics:
[37.579s][info   ][gc,heap     ] GC(22) Y:                Mark Start          Mark End        Relocate Start      Relocate End    
[37.579s][info   ][gc,heap     ] GC(22) Y:      Used:      994M (12%)        1026M (13%)         102M (1%)           98M (1%)     
[37.579s][info   ][gc,heap     ] GC(22) Y:      Live:         -                63M (1%)           63M (1%)           63M (1%)     
[37.579s][info   ][gc,heap     ] GC(22) Y:   Garbage:         -               930M (11%)           6M (0%)            2M (0%)     
[37.579s][info   ][gc,heap     ] GC(22) Y: Allocated:         -                32M (0%)           32M (0%)           32M (0%)     
[37.579s][info   ][gc,heap     ] GC(22) Y: Reclaimed:         -                  -               924M (11%)         928M (11%)    
[37.579s][info   ][gc,heap     ] GC(22) Y:  Promoted:         -                  -                 0M (0%)            0M (0%)     
[37.579s][info   ][gc,heap     ] GC(22) Y: Compacted:         -                  -                  -                 1M (0%)     
[37.579s][info   ][gc,phases   ] GC(22) Y: Young Generation 1062M(13%)->166M(2%) 0.015s
[37.579s][info   ][gc,phases   ] GC(22) O: Old Generation
[37.598s][info   ][gc,phases   ] GC(22) O: Concurrent Mark 19.389ms
[37.598s][info   ][gc,phases   ] GC(22) O: Pause Mark End 0.007ms
[37.598s][info   ][gc,phases   ] GC(22) O: Concurrent Mark Free 0.000ms
[37.599s][info   ][gc,phases   ] GC(22) O: Concurrent Process Non-Strong 0.528ms
[37.599s][info   ][gc,phases   ] GC(22) O: Concurrent Reset Relocation Set 0.000ms
[37.600s][info   ][gc,phases   ] GC(22) O: Concurrent Select Relocation Set 0.922ms
[37.600s][info   ][gc,task     ] GC(22) O: Using 2 Workers for Old Generation
[37.603s][info   ][gc,task     ] GC(22) O: Using 1 Workers for Old Generation
[37.603s][info   ][gc,phases   ] GC(22) O: Concurrent Remap Roots 2.890ms
[37.603s][info   ][gc,phases   ] GC(22) O: Pause Relocate Start 0.003ms
[37.603s][info   ][gc,phases   ] GC(22) O: Concurrent Relocate 0.025ms
[37.603s][info   ][gc,alloc    ] GC(22) O:                         Mark Start        Mark End      Relocate Start    Relocate End   
[37.603s][info   ][gc,alloc    ] GC(22) O: Allocation Stalls:          0                0                0                0         
[37.603s][info   ][gc,load     ] GC(22) O: Load: 1.25 (10%) / 1.26 (10%) / 1.45 (12%)
[37.603s][info   ][gc,mmu      ] GC(22) O: MMU: 2ms/99.0%, 5ms/99.5%, 10ms/99.7%, 20ms/99.8%, 50ms/99.9%, 100ms/99.9%
[37.603s][info   ][gc,marking  ] GC(22) O: Mark: 1 stripe(s), 2 proactive flush(es), 1 terminate flush(es), 0 completion(s), 0 continuation(s) 
[37.603s][info   ][gc,marking  ] GC(22) O: Mark Stack Usage: 32M
[37.603s][info   ][gc,nmethod  ] GC(22) O: NMethods: 382 registered, 101 unregistered
[37.603s][info   ][gc,metaspace] GC(22) O: Metaspace: 0M used, 0M committed, 1088M reserved
[37.603s][info   ][gc,ref      ] GC(22) O:                       Encountered   Discovered     Enqueued 
[37.603s][info   ][gc,ref      ] GC(22) O: Soft References:               64            0            0 
[37.603s][info   ][gc,ref      ] GC(22) O: Weak References:              217          165            0 
[37.603s][info   ][gc,ref      ] GC(22) O: Final References:               0            0            0 
[37.603s][info   ][gc,ref      ] GC(22) O: Phantom References:             5            3            0 
[37.603s][info   ][gc,reloc    ] GC(22) O:                        Candidates     Selected     In-Place         Size        Empty    Relocated 
[37.603s][info   ][gc,reloc    ] GC(22) O: Small Pages:                   34            0            0          68M           0M           0M 
[37.603s][info   ][gc,reloc    ] GC(22) O: Medium Pages:                   0            0            0           0M           0M           0M 
[37.603s][info   ][gc,reloc    ] GC(22) O: Large Pages:                    0            0            0           0M           0M           0M 
[37.603s][info   ][gc,reloc    ] GC(22) O: Forwarding Usage: 0M
[37.603s][info   ][gc,heap     ] GC(22) O: Min Capacity: 8192M(100%)
[37.603s][info   ][gc,heap     ] GC(22) O: Max Capacity: 8192M(100%)
[37.603s][info   ][gc,heap     ] GC(22) O: Soft Max Capacity: 8192M(100%)
[37.603s][info   ][gc,heap     ] GC(22) O: Heap Statistics:
[37.603s][info   ][gc,heap     ] GC(22) O:                Mark Start          Mark End        Relocate Start      Relocate End           High               Low         
[37.603s][info   ][gc,heap     ] GC(22) O:  Capacity:     8192M (100%)       8192M (100%)       8192M (100%)       8192M (100%)       8192M (100%)       8192M (100%)   
[37.603s][info   ][gc,heap     ] GC(22) O:      Free:     7130M (87%)        7966M (97%)        7946M (97%)        7946M (97%)        8026M (98%)        7098M (87%)    
[37.603s][info   ][gc,heap     ] GC(22) O:      Used:     1062M (13%)         226M (3%)          246M (3%)          246M (3%)         1094M (13%)         166M (2%)     
[37.603s][info   ][gc,heap     ] GC(22) O: Old Generation Statistics:
[37.603s][info   ][gc,heap     ] GC(22) O:                Mark Start          Mark End        Relocate Start      Relocate End    
[37.603s][info   ][gc,heap     ] GC(22) O:      Used:       68M (1%)           68M (1%)           68M (1%)           68M (1%)     
[37.603s][info   ][gc,heap     ] GC(22) O:      Live:         -                65M (1%)           65M (1%)           65M (1%)     
[37.603s][info   ][gc,heap     ] GC(22) O:   Garbage:         -                 2M (0%)            2M (0%)            2M (0%)     
[37.603s][info   ][gc,heap     ] GC(22) O: Allocated:         -                 0M (0%)            0M (0%)            0M (0%)     
[37.603s][info   ][gc,heap     ] GC(22) O: Reclaimed:         -                  -                 0M (0%)            0M (0%)     
[37.603s][info   ][gc,heap     ] GC(22) O: Compacted:         -                  -                  -                 0M (0%)     
[37.603s][info   ][gc,phases   ] GC(22) O: Old Generation 166M(2%)->246M(3%) 0.024s
[37.603s][info   ][gc          ] GC(22) Major Collection (Proactive) 1062M(13%)->246M(3%) 0.039s
[40.035s][info   ][gc          ] GC(23) Major Collection (Proactive)
[40.035s][info   ][gc,task     ] GC(23) Using 1 Workers for Young Generation
[40.035s][info   ][gc,task     ] GC(23) Using 1 Workers for Old Generation
[40.035s][info   ][gc,phases   ] GC(23) Y: Young Generation
[40.035s][info   ][gc,phases   ] GC(23) Y: Pause Mark Start (Major) 0.007ms
[40.049s][info   ][gc,phases   ] GC(23) Y: Concurrent Mark 13.367ms
[40.049s][info   ][gc,phases   ] GC(23) Y: Pause Mark End 0.007ms
[40.049s][info   ][gc,phases   ] GC(23) Y: Concurrent Mark Free 0.000ms
[40.049s][info   ][gc,phases   ] GC(23) Y: Concurrent Reset Relocation Set 0.000ms
[40.050s][info   ][gc,reloc    ] GC(23) Y: Using tenuring threshold: 1 (Computed)
[40.050s][info   ][gc,phases   ] GC(23) Y: Concurrent Select Relocation Set 1.248ms
[40.050s][info   ][gc,phases   ] GC(23) Y: Pause Relocate Start 0.002ms
[40.050s][info   ][gc,phases   ] GC(23) Y: Concurrent Relocate 0.381ms
[40.050s][info   ][gc,alloc    ] GC(23) Y:                         Mark Start        Mark End      Relocate Start    Relocate End   
[40.050s][info   ][gc,alloc    ] GC(23) Y: Allocation Stalls:          0                0                0                0         
[40.050s][info   ][gc,load     ] GC(23) Y: Load: 1.15 (10%) / 1.24 (10%) / 1.44 (12%)
[40.050s][info   ][gc,mmu      ] GC(23) Y: MMU: 2ms/99.0%, 5ms/99.5%, 10ms/99.7%, 20ms/99.8%, 50ms/99.9%, 100ms/99.9%
[40.050s][info   ][gc,marking  ] GC(23) Y: Mark: 1 stripe(s), 2 proactive flush(es), 1 terminate flush(es), 0 completion(s), 0 continuation(s) 
[40.050s][info   ][gc,marking  ] GC(23) Y: Mark Stack Usage: 32M
[40.050s][info   ][gc,nmethod  ] GC(23) Y: NMethods: 382 registered, 101 unregistered
[40.050s][info   ][gc,metaspace] GC(23) Y: Metaspace: 0M used, 0M committed, 1088M reserved
[40.050s][info   ][gc,reloc    ] GC(23) Y:                        Candidates     Selected     In-Place         Size        Empty    Relocated 
[40.050s][info   ][gc,reloc    ] GC(23) Y: Small Pages:                 3707            4            0        7414M        7340M           2M 
[40.050s][info   ][gc,reloc    ] GC(23) Y: Medium Pages:                   0            0            0           0M           0M           0M 
[40.050s][info   ][gc,reloc    ] GC(23) Y: Large Pages:                    0            0            0           0M           0M           0M 
[40.050s][info   ][gc,reloc    ] GC(23) Y: Forwarding Usage: 0M
[40.050s][info   ][gc,reloc    ] GC(23) Y: Age Table:
[40.050s][info   ][gc,reloc    ] GC(23) Y:                    Live             Garbage             Small              Medium             Large        
[40.050s][info   ][gc,reloc    ] GC(23) Y: Eden              63M (1%)         7284M (89%)       3674 / 4              0 / 0              0 / 0        
[40.050s][info   ][gc,reloc    ] GC(23) Y: Survivor 1          -                66M (1%)          33 / 0              0 / 0              0 / 0        
[40.050s][info   ][gc,heap     ] GC(23) Y: Min Capacity: 8192M(100%)
[40.050s][info   ][gc,heap     ] GC(23) Y: Max Capacity: 8192M(100%)
[40.050s][info   ][gc,heap     ] GC(23) Y: Soft Max Capacity: 8192M(100%)
[40.050s][info   ][gc,heap     ] GC(23) Y: Heap Statistics:
[40.050s][info   ][gc,heap     ] GC(23) Y:                Mark Start          Mark End        Relocate Start      Relocate End           High               Low         
[40.050s][info   ][gc,heap     ] GC(23) Y:  Capacity:     8192M (100%)       8192M (100%)       8192M (100%)       8192M (100%)       8192M (100%)       8192M (100%)   
[40.050s][info   ][gc,heap     ] GC(23) Y:      Free:      710M (9%)          680M (8%)         8020M (98%)        8028M (98%)        8028M (98%)         680M (8%)     
[40.050s][info   ][gc,heap     ] GC(23) Y:      Used:     7482M (91%)        7512M (92%)         172M (2%)          164M (2%)         7512M (92%)         164M (2%)     
[40.050s][info   ][gc,heap     ] GC(23) Y: Young Generation Statistics:
[40.050s][info   ][gc,heap     ] GC(23) Y:                Mark Start          Mark End        Relocate Start      Relocate End    
[40.050s][info   ][gc,heap     ] GC(23) Y:      Used:     7414M (91%)        7444M (91%)         104M (1%)           96M (1%)     
[40.050s][info   ][gc,heap     ] GC(23) Y:      Live:         -                63M (1%)           63M (1%)           63M (1%)     
[40.050s][info   ][gc,heap     ] GC(23) Y:   Garbage:         -              7350M (90%)          10M (0%)            1M (0%)     
[40.050s][info   ][gc,heap     ] GC(23) Y: Allocated:         -                30M (0%)           30M (0%)           30M (0%)     
[40.050s][info   ][gc,heap     ] GC(23) Y: Reclaimed:         -                  -              7340M (90%)        7348M (90%)    
[40.050s][info   ][gc,heap     ] GC(23) Y:  Promoted:         -                  -                 0M (0%)            0M (0%)     
[40.050s][info   ][gc,heap     ] GC(23) Y: Compacted:         -                  -                  -                 3M (0%)     
[40.050s][info   ][gc,phases   ] GC(23) Y: Young Generation 7482M(91%)->164M(2%) 0.015s
[40.050s][info   ][gc,phases   ] GC(23) O: Old Generation
[40.070s][info   ][gc,phases   ] GC(23) O: Concurrent Mark 19.681ms
[40.070s][info   ][gc,phases   ] GC(23) O: Pause Mark End 0.007ms
[40.070s][info   ][gc,phases   ] GC(23) O: Concurrent Mark Free 0.000ms
[40.071s][info   ][gc,phases   ] GC(23) O: Concurrent Process Non-Strong 0.515ms
[40.071s][info   ][gc,phases   ] GC(23) O: Concurrent Reset Relocation Set 0.000ms
[40.071s][info   ][gc,phases   ] GC(23) O: Concurrent Select Relocation Set 0.952ms
[40.071s][info   ][gc,task     ] GC(23) O: Using 2 Workers for Old Generation
[40.075s][info   ][gc,task     ] GC(23) O: Using 1 Workers for Old Generation
[40.075s][info   ][gc,phases   ] GC(23) O: Concurrent Remap Roots 3.473ms
[40.075s][info   ][gc,phases   ] GC(23) O: Pause Relocate Start 0.005ms
[40.075s][info   ][gc,phases   ] GC(23) O: Concurrent Relocate 0.012ms
[40.075s][info   ][gc,alloc    ] GC(23) O:                         Mark Start        Mark End      Relocate Start    Relocate End   
[40.075s][info   ][gc,alloc    ] GC(23) O: Allocation Stalls:          0                0                0                0         
[40.075s][info   ][gc,load     ] GC(23) O: Load: 1.15 (10%) / 1.24 (10%) / 1.44 (12%)
[40.075s][info   ][gc,mmu      ] GC(23) O: MMU: 2ms/99.0%, 5ms/99.5%, 10ms/99.7%, 20ms/99.8%, 50ms/99.9%, 100ms/99.9%
[40.075s][info   ][gc,marking  ] GC(23) O: Mark: 1 stripe(s), 2 proactive flush(es), 1 terminate flush(es), 0 completion(s), 0 continuation(s) 
[40.075s][info   ][gc,marking  ] GC(23) O: Mark Stack Usage: 32M
[40.075s][info   ][gc,nmethod  ] GC(23) O: NMethods: 382 registered, 101 unregistered
[40.075s][info   ][gc,metaspace] GC(23) O: Metaspace: 0M used, 0M committed, 1088M reserved
[40.075s][info   ][gc,ref      ] GC(23) O:                       Encountered   Discovered     Enqueued 
[40.075s][info   ][gc,ref      ] GC(23) O: Soft References:               64            0            0 
[40.075s][info   ][gc,ref      ] GC(23) O: Weak References:              217          165            0 
[40.075s][info   ][gc,ref      ] GC(23) O: Final References:               0            0            0 
[40.075s][info   ][gc,ref      ] GC(23) O: Phantom References:             5            3            0 
[40.075s][info   ][gc,reloc    ] GC(23) O:                        Candidates     Selected     In-Place         Size        Empty    Relocated 
[40.075s][info   ][gc,reloc    ] GC(23) O: Small Pages:                   34            0            0          68M           0M           0M 
[40.075s][info   ][gc,reloc    ] GC(23) O: Medium Pages:                   0            0            0           0M           0M           0M 
[40.075s][info   ][gc,reloc    ] GC(23) O: Large Pages:                    0            0            0           0M           0M           0M 
[40.075s][info   ][gc,reloc    ] GC(23) O: Forwarding Usage: 0M
[40.075s][info   ][gc,heap     ] GC(23) O: Min Capacity: 8192M(100%)
[40.075s][info   ][gc,heap     ] GC(23) O: Max Capacity: 8192M(100%)
[40.075s][info   ][gc,heap     ] GC(23) O: Soft Max Capacity: 8192M(100%)
[40.075s][info   ][gc,heap     ] GC(23) O: Heap Statistics:
[40.075s][info   ][gc,heap     ] GC(23) O:                Mark Start          Mark End        Relocate Start      Relocate End           High               Low         
[40.075s][info   ][gc,heap     ] GC(23) O:  Capacity:     8192M (100%)       8192M (100%)       8192M (100%)       8192M (100%)       8192M (100%)       8192M (100%)   
[40.075s][info   ][gc,heap     ] GC(23) O:      Free:      710M (9%)         7968M (97%)        7938M (97%)        7938M (97%)        8028M (98%)         680M (8%)     
[40.075s][info   ][gc,heap     ] GC(23) O:      Used:     7482M (91%)         224M (3%)          254M (3%)          254M (3%)         7512M (92%)         164M (2%)     
[40.075s][info   ][gc,heap     ] GC(23) O: Old Generation Statistics:
[40.075s][info   ][gc,heap     ] GC(23) O:                Mark Start          Mark End        Relocate Start      Relocate End    
[40.075s][info   ][gc,heap     ] GC(23) O:      Used:       68M (1%)           68M (1%)           68M (1%)           68M (1%)     
[40.075s][info   ][gc,heap     ] GC(23) O:      Live:         -                65M (1%)           65M (1%)           65M (1%)     
[40.075s][info   ][gc,heap     ] GC(23) O:   Garbage:         -                 2M (0%)            2M (0%)            2M (0%)     
[40.075s][info   ][gc,heap     ] GC(23) O: Allocated:         -                 0M (0%)            0M (0%)            0M (0%)     
[40.075s][info   ][gc,heap     ] GC(23) O: Reclaimed:         -                  -                 0M (0%)            0M (0%)     
[40.075s][info   ][gc,heap     ] GC(23) O: Compacted:         -                  -                  -                 0M (0%)     
[40.075s][info   ][gc,phases   ] GC(23) O: Old Generation 164M(2%)->254M(3%) 0.025s
[40.075s][info   ][gc          ] GC(23) Major Collection (Proactive) 7482M(91%)->254M(3%) 0.040s
[42.435s][info   ][gc          ] GC(24) Major Collection (Proactive)
[42.435s][info   ][gc,task     ] GC(24) Using 1 Workers for Young Generation
[42.435s][info   ][gc,task     ] GC(24) Using 1 Workers for Old Generation
[42.435s][info   ][gc,phases   ] GC(24) Y: Young Generation
[42.435s][info   ][gc,phases   ] GC(24) Y: Pause Mark Start (Major) 0.010ms
[42.450s][info   ][gc,phases   ] GC(24) Y: Concurrent Mark 14.481ms
[42.450s][info   ][gc,phases   ] GC(24) Y: Pause Mark End 0.007ms
[42.450s][info   ][gc,phases   ] GC(24) Y: Concurrent Mark Free 0.000ms
[42.450s][info   ][gc,phases   ] GC(24) Y: Concurrent Reset Relocation Set 0.001ms
[42.451s][info   ][gc,reloc    ] GC(24) Y: Using tenuring threshold: 1 (Computed)
[42.451s][info   ][gc,phases   ] GC(24) Y: Concurrent Select Relocation Set 1.245ms
[42.451s][info   ][gc,phases   ] GC(24) Y: Pause Relocate Start 0.002ms
[42.451s][info   ][gc,phases   ] GC(24) Y: Concurrent Relocate 0.228ms
[42.451s][info   ][gc,alloc    ] GC(24) Y:                         Mark Start        Mark End      Relocate Start    Relocate End   
[42.451s][info   ][gc,alloc    ] GC(24) Y: Allocation Stalls:          0                0                0                0         
[42.451s][info   ][gc,load     ] GC(24) Y: Load: 1.15 (10%) / 1.24 (10%) / 1.44 (12%)
[42.451s][info   ][gc,mmu      ] GC(24) Y: MMU: 2ms/99.0%, 5ms/99.5%, 10ms/99.7%, 20ms/99.8%, 50ms/99.9%, 100ms/99.9%
[42.451s][info   ][gc,marking  ] GC(24) Y: Mark: 1 stripe(s), 2 proactive flush(es), 1 terminate flush(es), 0 completion(s), 0 continuation(s) 
[42.451s][info   ][gc,marking  ] GC(24) Y: Mark Stack Usage: 32M
[42.451s][info   ][gc,nmethod  ] GC(24) Y: NMethods: 382 registered, 101 unregistered
[42.451s][info   ][gc,metaspace] GC(24) Y: Metaspace: 0M used, 0M committed, 1088M reserved
[42.451s][info   ][gc,reloc    ] GC(24) Y:                        Candidates     Selected     In-Place         Size        Empty    Relocated 
[42.451s][info   ][gc,reloc    ] GC(24) Y: Small Pages:                 3602            3            0        7204M        7132M           1M 
[42.451s][info   ][gc,reloc    ] GC(24) Y: Medium Pages:                   0            0            0           0M           0M           0M 
[42.451s][info   ][gc,reloc    ] GC(24) Y: Large Pages:                    0            0            0           0M           0M           0M 
[42.451s][info   ][gc,reloc    ] GC(24) Y: Forwarding Usage: 0M
[42.451s][info   ][gc,reloc    ] GC(24) Y: Age Table:
[42.451s][info   ][gc,reloc    ] GC(24) Y:                    Live             Garbage             Small              Medium             Large        
[42.451s][info   ][gc,reloc    ] GC(24) Y: Eden              63M (1%)         7074M (86%)       3569 / 3              0 / 0              0 / 0        
[42.451s][info   ][gc,reloc    ] GC(24) Y: Survivor 1          -                66M (1%)          33 / 0              0 / 0              0 / 0        
[42.451s][info   ][gc,heap     ] GC(24) Y: Min Capacity: 8192M(100%)
[42.451s][info   ][gc,heap     ] GC(24) Y: Max Capacity: 8192M(100%)
[42.451s][info   ][gc,heap     ] GC(24) Y: Soft Max Capacity: 8192M(100%)
[42.451s][info   ][gc,heap     ] GC(24) Y: Heap Statistics:
[42.451s][info   ][gc,heap     ] GC(24) Y:                Mark Start          Mark End        Relocate Start      Relocate End           High               Low         
[42.451s][info   ][gc,heap     ] GC(24) Y:  Capacity:     8192M (100%)       8192M (100%)       8192M (100%)       8192M (100%)       8192M (100%)       8192M (100%)   
[42.451s][info   ][gc,heap     ] GC(24) Y:      Free:      920M (11%)         890M (11%)        8022M (98%)        8028M (98%)        8028M (98%)         890M (11%)    
[42.451s][info   ][gc,heap     ] GC(24) Y:      Used:     7272M (89%)        7302M (89%)         170M (2%)          164M (2%)         7302M (89%)         164M (2%)     
[42.451s][info   ][gc,heap     ] GC(24) Y: Young Generation Statistics:
[42.451s][info   ][gc,heap     ] GC(24) Y:                Mark Start          Mark End        Relocate Start      Relocate End    
[42.451s][info   ][gc,heap     ] GC(24) Y:      Used:     7204M (88%)        7234M (88%)         102M (1%)           96M (1%)     
[42.451s][info   ][gc,heap     ] GC(24) Y:      Live:         -                63M (1%)           63M (1%)           63M (1%)     
[42.451s][info   ][gc,heap     ] GC(24) Y:   Garbage:         -              7140M (87%)           8M (0%)            2M (0%)     
[42.451s][info   ][gc,heap     ] GC(24) Y: Allocated:         -                30M (0%)           30M (0%)           30M (0%)     
[42.451s][info   ][gc,heap     ] GC(24) Y: Reclaimed:         -                  -              7132M (87%)        7138M (87%)    
[42.451s][info   ][gc,heap     ] GC(24) Y:  Promoted:         -                  -                 0M (0%)            0M (0%)     
[42.451s][info   ][gc,heap     ] GC(24) Y: Compacted:         -                  -                  -                 1M (0%)     
[42.451s][info   ][gc,phases   ] GC(24) Y: Young Generation 7272M(89%)->164M(2%) 0.016s
[42.452s][info   ][gc,phases   ] GC(24) O: Old Generation
[42.471s][info   ][gc,phases   ] GC(24) O: Concurrent Mark 19.471ms
[42.471s][info   ][gc,phases   ] GC(24) O: Pause Mark End 0.006ms
[42.471s][info   ][gc,phases   ] GC(24) O: Concurrent Mark Free 0.000ms
[42.472s][info   ][gc,phases   ] GC(24) O: Concurrent Process Non-Strong 0.597ms
[42.472s][info   ][gc,phases   ] GC(24) O: Concurrent Reset Relocation Set 0.000ms
[42.473s][info   ][gc,phases   ] GC(24) O: Concurrent Select Relocation Set 0.934ms
[42.473s][info   ][gc,task     ] GC(24) O: Using 2 Workers for Old Generation
[42.476s][info   ][gc,task     ] GC(24) O: Using 1 Workers for Old Generation
[42.476s][info   ][gc,phases   ] GC(24) O: Concurrent Remap Roots 3.217ms
[42.476s][info   ][gc,phases   ] GC(24) O: Pause Relocate Start 0.003ms
[42.476s][info   ][gc,phases   ] GC(24) O: Concurrent Relocate 0.011ms
[42.476s][info   ][gc,alloc    ] GC(24) O:                         Mark Start        Mark End      Relocate Start    Relocate End   
[42.476s][info   ][gc,alloc    ] GC(24) O: Allocation Stalls:          0                0                0                0         
[42.476s][info   ][gc,load     ] GC(24) O: Load: 1.15 (10%) / 1.24 (10%) / 1.44 (12%)
[42.476s][info   ][gc,mmu      ] GC(24) O: MMU: 2ms/99.0%, 5ms/99.5%, 10ms/99.7%, 20ms/99.8%, 50ms/99.9%, 100ms/99.9%
[42.476s][info   ][gc,marking  ] GC(24) O: Mark: 1 stripe(s), 2 proactive flush(es), 1 terminate flush(es), 0 completion(s), 0 continuation(s) 
[42.476s][info   ][gc,marking  ] GC(24) O: Mark Stack Usage: 32M
[42.476s][info   ][gc,nmethod  ] GC(24) O: NMethods: 382 registered, 101 unregistered
[42.476s][info   ][gc,metaspace] GC(24) O: Metaspace: 0M used, 0M committed, 1088M reserved
[42.476s][info   ][gc,ref      ] GC(24) O:                       Encountered   Discovered     Enqueued 
[42.476s][info   ][gc,ref      ] GC(24) O: Soft References:               64            0            0 
[42.476s][info   ][gc,ref      ] GC(24) O: Weak References:              217          165            0 
[42.476s][info   ][gc,ref      ] GC(24) O: Final References:               0            0            0 
[42.476s][info   ][gc,ref      ] GC(24) O: Phantom References:             5            3            0 
[42.476s][info   ][gc,reloc    ] GC(24) O:                        Candidates     Selected     In-Place         Size        Empty    Relocated 
[42.476s][info   ][gc,reloc    ] GC(24) O: Small Pages:                   34            0            0          68M           0M           0M 
[42.476s][info   ][gc,reloc    ] GC(24) O: Medium Pages:                   0            0            0           0M           0M           0M 
[42.476s][info   ][gc,reloc    ] GC(24) O: Large Pages:                    0            0            0           0M           0M           0M 
[42.476s][info   ][gc,reloc    ] GC(24) O: Forwarding Usage: 0M
[42.476s][info   ][gc,heap     ] GC(24) O: Min Capacity: 8192M(100%)
[42.476s][info   ][gc,heap     ] GC(24) O: Max Capacity: 8192M(100%)
[42.476s][info   ][gc,heap     ] GC(24) O: Soft Max Capacity: 8192M(100%)
[42.476s][info   ][gc,heap     ] GC(24) O: Heap Statistics:
[42.476s][info   ][gc,heap     ] GC(24) O:                Mark Start          Mark End        Relocate Start      Relocate End           High               Low         
[42.476s][info   ][gc,heap     ] GC(24) O:  Capacity:     8192M (100%)       8192M (100%)       8192M (100%)       8192M (100%)       8192M (100%)       8192M (100%)   
[42.476s][info   ][gc,heap     ] GC(24) O:      Free:      920M (11%)        7968M (97%)        7938M (97%)        7938M (97%)        8028M (98%)         890M (11%)    
[42.476s][info   ][gc,heap     ] GC(24) O:      Used:     7272M (89%)         224M (3%)          254M (3%)          254M (3%)         7302M (89%)         164M (2%)     
[42.476s][info   ][gc,heap     ] GC(24) O: Old Generation Statistics:
[42.476s][info   ][gc,heap     ] GC(24) O:                Mark Start          Mark End        Relocate Start      Relocate End    
[42.476s][info   ][gc,heap     ] GC(24) O:      Used:       68M (1%)           68M (1%)           68M (1%)           68M (1%)     
[42.476s][info   ][gc,heap     ] GC(24) O:      Live:         -                65M (1%)           65M (1%)           65M (1%)     
[42.476s][info   ][gc,heap     ] GC(24) O:   Garbage:         -                 2M (0%)            2M (0%)            2M (0%)     
[42.476s][info   ][gc,heap     ] GC(24) O: Allocated:         -                 0M (0%)            0M (0%)            0M (0%)     
[42.476s][info   ][gc,heap     ] GC(24) O: Reclaimed:         -                  -                 0M (0%)            0M (0%)     
[42.476s][info   ][gc,heap     ] GC(24) O: Compacted:         -                  -                  -                 0M (0%)     
[42.476s][info   ][gc,phases   ] GC(24) O: Old Generation 166M(2%)->254M(3%) 0.024s
[42.476s][info   ][gc          ] GC(24) Major Collection (Proactive) 7272M(89%)->254M(3%) 0.041s
[44.804s][info   ][gc          ] GC(25) Major Collection (Proactive)
[44.805s][info   ][gc,task     ] GC(25) Using 1 Workers for Young Generation
[44.805s][info   ][gc,task     ] GC(25) Using 1 Workers for Old Generation
[44.805s][info   ][gc,phases   ] GC(25) Y: Young Generation
[44.805s][info   ][gc,phases   ] GC(25) Y: Pause Mark Start (Major) 0.011ms
[44.829s][info   ][gc,phases   ] GC(25) Y: Concurrent Mark 24.685ms
[44.829s][info   ][gc,phases   ] GC(25) Y: Pause Mark End 0.013ms
[44.829s][info   ][gc,phases   ] GC(25) Y: Concurrent Mark Free 0.000ms
[44.829s][info   ][gc,phases   ] GC(25) Y: Concurrent Reset Relocation Set 0.001ms
[44.831s][info   ][gc,reloc    ] GC(25) Y: Using tenuring threshold: 1 (Computed)
[44.831s][info   ][gc,phases   ] GC(25) Y: Concurrent Select Relocation Set 1.349ms
[44.831s][info   ][gc,phases   ] GC(25) Y: Pause Relocate Start 0.004ms
[44.831s][info   ][gc,phases   ] GC(25) Y: Concurrent Relocate 0.566ms
[44.831s][info   ][gc,alloc    ] GC(25) Y:                         Mark Start        Mark End      Relocate Start    Relocate End   
[44.831s][info   ][gc,alloc    ] GC(25) Y: Allocation Stalls:          0                0                0                0         
[44.831s][info   ][gc,load     ] GC(25) Y: Load: 1.06 (9%) / 1.22 (10%) / 1.43 (12%)
[44.831s][info   ][gc,mmu      ] GC(25) Y: MMU: 2ms/99.0%, 5ms/99.5%, 10ms/99.7%, 20ms/99.8%, 50ms/99.9%, 100ms/99.9%
[44.831s][info   ][gc,marking  ] GC(25) Y: Mark: 1 stripe(s), 2 proactive flush(es), 1 terminate flush(es), 0 completion(s), 0 continuation(s) 
[44.831s][info   ][gc,marking  ] GC(25) Y: Mark Stack Usage: 32M
[44.831s][info   ][gc,nmethod  ] GC(25) Y: NMethods: 382 registered, 101 unregistered
[44.831s][info   ][gc,metaspace] GC(25) Y: Metaspace: 0M used, 0M committed, 1088M reserved
[44.831s][info   ][gc,reloc    ] GC(25) Y:                        Candidates     Selected     In-Place         Size        Empty    Relocated 
[44.831s][info   ][gc,reloc    ] GC(25) Y: Small Pages:                 3556            4            0        7112M        7038M           2M 
[44.831s][info   ][gc,reloc    ] GC(25) Y: Medium Pages:                   0            0            0           0M           0M           0M 
[44.831s][info   ][gc,reloc    ] GC(25) Y: Large Pages:                    0            0            0           0M           0M           0M 
[44.831s][info   ][gc,reloc    ] GC(25) Y: Forwarding Usage: 0M
[44.831s][info   ][gc,reloc    ] GC(25) Y: Age Table:
[44.831s][info   ][gc,reloc    ] GC(25) Y:                    Live             Garbage             Small              Medium             Large        
[44.831s][info   ][gc,reloc    ] GC(25) Y: Eden              63M (1%)         6982M (85%)       3523 / 4              0 / 0              0 / 0        
[44.831s][info   ][gc,reloc    ] GC(25) Y: Survivor 1          -                66M (1%)          33 / 0              0 / 0              0 / 0        
[44.831s][info   ][gc,heap     ] GC(25) Y: Min Capacity: 8192M(100%)
[44.831s][info   ][gc,heap     ] GC(25) Y: Max Capacity: 8192M(100%)
[44.831s][info   ][gc,heap     ] GC(25) Y: Soft Max Capacity: 8192M(100%)
[44.831s][info   ][gc,heap     ] GC(25) Y: Heap Statistics:
[44.831s][info   ][gc,heap     ] GC(25) Y:                Mark Start          Mark End        Relocate Start      Relocate End           High               Low         
[44.831s][info   ][gc,heap     ] GC(25) Y:  Capacity:     8192M (100%)       8192M (100%)       8192M (100%)       8192M (100%)       8192M (100%)       8192M (100%)   
[44.831s][info   ][gc,heap     ] GC(25) Y:      Free:     1012M (12%)         948M (12%)        7986M (97%)        7990M (98%)        7992M (98%)         948M (12%)    
[44.831s][info   ][gc,heap     ] GC(25) Y:      Used:     7180M (88%)        7244M (88%)         206M (3%)          202M (2%)         7244M (88%)         200M (2%)     
[44.831s][info   ][gc,heap     ] GC(25) Y: Young Generation Statistics:
[44.831s][info   ][gc,heap     ] GC(25) Y:                Mark Start          Mark End        Relocate Start      Relocate End    
[44.832s][info   ][gc,heap     ] GC(25) Y:      Used:     7112M (87%)        7176M (88%)         138M (2%)          134M (2%)     
[44.832s][info   ][gc,heap     ] GC(25) Y:      Live:         -                63M (1%)           63M (1%)           63M (1%)     
[44.832s][info   ][gc,heap     ] GC(25) Y:   Garbage:         -              7048M (86%)          10M (0%)            1M (0%)     
[44.832s][info   ][gc,heap     ] GC(25) Y: Allocated:         -                64M (1%)           64M (1%)           69M (1%)     
[44.832s][info   ][gc,heap     ] GC(25) Y: Reclaimed:         -                  -              7038M (86%)        7047M (86%)    
[44.832s][info   ][gc,heap     ] GC(25) Y:  Promoted:         -                  -                 0M (0%)            0M (0%)     
[44.832s][info   ][gc,heap     ] GC(25) Y: Compacted:         -                  -                  -                 4M (0%)     
[44.832s][info   ][gc,phases   ] GC(25) Y: Young Generation 7180M(88%)->202M(2%) 0.027s
[44.832s][info   ][gc,phases   ] GC(25) O: Old Generation
[44.859s][info   ][gc,phases   ] GC(25) O: Concurrent Mark 27.629ms
[44.859s][info   ][gc,phases   ] GC(25) O: Pause Mark End 0.017ms
[44.859s][info   ][gc,phases   ] GC(25) O: Concurrent Mark Free 0.000ms
[44.860s][info   ][gc,phases   ] GC(25) O: Concurrent Process Non-Strong 0.515ms
[44.860s][info   ][gc,phases   ] GC(25) O: Concurrent Reset Relocation Set 0.000ms
[44.861s][info   ][gc,phases   ] GC(25) O: Concurrent Select Relocation Set 0.878ms
[44.861s][info   ][gc,task     ] GC(25) O: Using 2 Workers for Old Generation
[44.864s][info   ][gc,task     ] GC(25) O: Using 1 Workers for Old Generation
[44.864s][info   ][gc,phases   ] GC(25) O: Concurrent Remap Roots 3.382ms
[44.864s][info   ][gc,phases   ] GC(25) O: Pause Relocate Start 0.004ms
[44.864s][info   ][gc,phases   ] GC(25) O: Concurrent Relocate 0.017ms
[44.864s][info   ][gc,alloc    ] GC(25) O:                         Mark Start        Mark End      Relocate Start    Relocate End   
[44.864s][info   ][gc,alloc    ] GC(25) O: Allocation Stalls:          0                0                0                0         
[44.864s][info   ][gc,load     ] GC(25) O: Load: 1.06 (9%) / 1.22 (10%) / 1.43 (12%)
[44.864s][info   ][gc,mmu      ] GC(25) O: MMU: 2ms/99.0%, 5ms/99.5%, 10ms/99.7%, 20ms/99.8%, 50ms/99.9%, 100ms/99.9%
[44.864s][info   ][gc,marking  ] GC(25) O: Mark: 1 stripe(s), 2 proactive flush(es), 1 terminate flush(es), 0 completion(s), 0 continuation(s) 
[44.864s][info   ][gc,marking  ] GC(25) O: Mark Stack Usage: 32M
[44.864s][info   ][gc,nmethod  ] GC(25) O: NMethods: 382 registered, 101 unregistered
[44.864s][info   ][gc,metaspace] GC(25) O: Metaspace: 0M used, 0M committed, 1088M reserved
[44.864s][info   ][gc,ref      ] GC(25) O:                       Encountered   Discovered     Enqueued 
[44.864s][info   ][gc,ref      ] GC(25) O: Soft References:               64            0            0 
[44.864s][info   ][gc,ref      ] GC(25) O: Weak References:              217          165            0 
[44.864s][info   ][gc,ref      ] GC(25) O: Final References:               0            0            0 
[44.864s][info   ][gc,ref      ] GC(25) O: Phantom References:             5            3            0 
[44.864s][info   ][gc,reloc    ] GC(25) O:                        Candidates     Selected     In-Place         Size        Empty    Relocated 
[44.864s][info   ][gc,reloc    ] GC(25) O: Small Pages:                   34            0            0          68M           0M           0M 
[44.864s][info   ][gc,reloc    ] GC(25) O: Medium Pages:                   0            0            0           0M           0M           0M 
[44.864s][info   ][gc,reloc    ] GC(25) O: Large Pages:                    0            0            0           0M           0M           0M 
[44.864s][info   ][gc,reloc    ] GC(25) O: Forwarding Usage: 0M
[44.864s][info   ][gc,heap     ] GC(25) O: Min Capacity: 8192M(100%)
[44.864s][info   ][gc,heap     ] GC(25) O: Max Capacity: 8192M(100%)
[44.864s][info   ][gc,heap     ] GC(25) O: Soft Max Capacity: 8192M(100%)
[44.864s][info   ][gc,heap     ] GC(25) O: Heap Statistics:
[44.864s][info   ][gc,heap     ] GC(25) O:                Mark Start          Mark End        Relocate Start      Relocate End           High               Low         
[44.864s][info   ][gc,heap     ] GC(25) O:  Capacity:     8192M (100%)       8192M (100%)       8192M (100%)       8192M (100%)       8192M (100%)       8192M (100%)   
[44.864s][info   ][gc,heap     ] GC(25) O:      Free:     1012M (12%)        7904M (96%)        7878M (96%)        7878M (96%)        7992M (98%)         948M (12%)    
[44.864s][info   ][gc,heap     ] GC(25) O:      Used:     7180M (88%)         288M (4%)          314M (4%)          314M (4%)         7244M (88%)         200M (2%)     
[44.864s][info   ][gc,heap     ] GC(25) O: Old Generation Statistics:
[44.864s][info   ][gc,heap     ] GC(25) O:                Mark Start          Mark End        Relocate Start      Relocate End    
[44.864s][info   ][gc,heap     ] GC(25) O:      Used:       68M (1%)           68M (1%)           68M (1%)           68M (1%)     
[44.864s][info   ][gc,heap     ] GC(25) O:      Live:         -                65M (1%)           65M (1%)           65M (1%)     
[44.864s][info   ][gc,heap     ] GC(25) O:   Garbage:         -                 2M (0%)            2M (0%)            2M (0%)     
[44.864s][info   ][gc,heap     ] GC(25) O: Allocated:         -                 0M (0%)            0M (0%)            0M (0%)     
[44.864s][info   ][gc,heap     ] GC(25) O: Reclaimed:         -                  -                 0M (0%)            0M (0%)     
[44.864s][info   ][gc,heap     ] GC(25) O: Compacted:         -                  -                  -                 0M (0%)     
[44.864s][info   ][gc,phases   ] GC(25) O: Old Generation 202M(2%)->314M(4%) 0.033s
[44.864s][info   ][gc          ] GC(25) Major Collection (Proactive) 7180M(88%)->314M(4%) 0.060s
[47.374s][info   ][gc          ] GC(26) Minor Collection (High Usage)
[47.374s][info   ][gc,task     ] GC(26) Using 1 Workers for Young Generation
[47.374s][info   ][gc,phases   ] GC(26) y: Young Generation
[47.374s][info   ][gc,phases   ] GC(26) y: Pause Mark Start 0.005ms
[47.385s][info   ][gc,phases   ] GC(26) y: Concurrent Mark 10.707ms
[47.385s][info   ][gc,phases   ] GC(26) y: Pause Mark End 0.007ms
[47.385s][info   ][gc,phases   ] GC(26) y: Concurrent Mark Free 0.000ms
[47.385s][info   ][gc,phases   ] GC(26) y: Concurrent Reset Relocation Set 0.001ms
[47.386s][info   ][gc,reloc    ] GC(26) y: Using tenuring threshold: 1 (Computed)
[47.386s][info   ][gc,phases   ] GC(26) y: Concurrent Select Relocation Set 1.162ms
[47.386s][info   ][gc,phases   ] GC(26) y: Pause Relocate Start 0.003ms
[47.386s][info   ][gc,phases   ] GC(26) y: Concurrent Relocate 0.177ms
[47.386s][info   ][gc,alloc    ] GC(26) y:                         Mark Start        Mark End      Relocate Start    Relocate End   
[47.386s][info   ][gc,alloc    ] GC(26) y: Allocation Stalls:          0                0                0                0         
[47.386s][info   ][gc,load     ] GC(26) y: Load: 1.06 (9%) / 1.22 (10%) / 1.43 (12%)
[47.386s][info   ][gc,mmu      ] GC(26) y: MMU: 2ms/99.0%, 5ms/99.5%, 10ms/99.7%, 20ms/99.8%, 50ms/99.9%, 100ms/99.9%
[47.386s][info   ][gc,marking  ] GC(26) y: Mark: 1 stripe(s), 1 proactive flush(es), 1 terminate flush(es), 0 completion(s), 0 continuation(s) 
[47.386s][info   ][gc,marking  ] GC(26) y: Mark Stack Usage: 32M
[47.386s][info   ][gc,nmethod  ] GC(26) y: NMethods: 382 registered, 101 unregistered
[47.386s][info   ][gc,metaspace] GC(26) y: Metaspace: 0M used, 0M committed, 1088M reserved
[47.386s][info   ][gc,reloc    ] GC(26) y:                        Candidates     Selected     In-Place         Size        Empty    Relocated 
[47.386s][info   ][gc,reloc    ] GC(26) y: Small Pages:                 3857            3            0        7714M        7642M           1M 
[47.386s][info   ][gc,reloc    ] GC(26) y: Medium Pages:                   0            0            0           0M           0M           0M 
[47.386s][info   ][gc,reloc    ] GC(26) y: Large Pages:                    0            0            0           0M           0M           0M 
[47.386s][info   ][gc,reloc    ] GC(26) y: Forwarding Usage: 0M
[47.386s][info   ][gc,reloc    ] GC(26) y: Age Table:
[47.386s][info   ][gc,reloc    ] GC(26) y:                    Live             Garbage             Small              Medium             Large        
[47.386s][info   ][gc,reloc    ] GC(26) y: Eden              63M (1%)         7584M (93%)       3824 / 3              0 / 0              0 / 0        
[47.386s][info   ][gc,reloc    ] GC(26) y: Survivor 1          -                66M (1%)          33 / 0              0 / 0              0 / 0        
[47.386s][info   ][gc,heap     ] GC(26) y: Min Capacity: 8192M(100%)
[47.386s][info   ][gc,heap     ] GC(26) y: Max Capacity: 8192M(100%)
[47.386s][info   ][gc,heap     ] GC(26) y: Soft Max Capacity: 8192M(100%)
[47.386s][info   ][gc,heap     ] GC(26) y: Heap Statistics:
[47.386s][info   ][gc,heap     ] GC(26) y:                Mark Start          Mark End        Relocate Start      Relocate End           High               Low         
[47.386s][info   ][gc,heap     ] GC(26) y:  Capacity:     8192M (100%)       8192M (100%)       8192M (100%)       8192M (100%)       8192M (100%)       8192M (100%)   
[47.386s][info   ][gc,heap     ] GC(26) y:      Free:      410M (5%)          380M (5%)         8022M (98%)        8028M (98%)        8028M (98%)         380M (5%)     
[47.386s][info   ][gc,heap     ] GC(26) y:      Used:     7782M (95%)        7812M (95%)         170M (2%)          164M (2%)         7812M (95%)         164M (2%)     
[47.386s][info   ][gc,heap     ] GC(26) y: Young Generation Statistics:
[47.386s][info   ][gc,heap     ] GC(26) y:                Mark Start          Mark End        Relocate Start      Relocate End    
[47.386s][info   ][gc,heap     ] GC(26) y:      Used:     7714M (94%)        7744M (95%)         102M (1%)           96M (1%)     
[47.386s][info   ][gc,heap     ] GC(26) y:      Live:         -                63M (1%)           63M (1%)           63M (1%)     
[47.386s][info   ][gc,heap     ] GC(26) y:   Garbage:         -              7650M (93%)           8M (0%)            1M (0%)     
[47.386s][info   ][gc,heap     ] GC(26) y: Allocated:         -                30M (0%)           30M (0%)           30M (0%)     
[47.386s][info   ][gc,heap     ] GC(26) y: Reclaimed:         -                  -              7642M (93%)        7648M (93%)    
[47.386s][info   ][gc,heap     ] GC(26) y:  Promoted:         -                  -                 0M (0%)            0M (0%)     
[47.386s][info   ][gc,heap     ] GC(26) y: Compacted:         -                  -                  -                 1M (0%)     
[47.386s][info   ][gc,phases   ] GC(26) y: Young Generation 7782M(95%)->164M(2%) 0.012s
[47.386s][info   ][gc          ] GC(26) Minor Collection (High Usage) 7782M(95%)->164M(2%) 0.012s
[48.845s][info   ][gc          ] GC(27) Major Collection (Proactive)
[48.845s][info   ][gc,task     ] GC(27) Using 1 Workers for Young Generation
[48.845s][info   ][gc,task     ] GC(27) Using 1 Workers for Old Generation
[48.845s][info   ][gc,phases   ] GC(27) Y: Young Generation
[48.845s][info   ][gc,phases   ] GC(27) Y: Pause Mark Start (Major) 0.005ms
[48.858s][info   ][gc,phases   ] GC(27) Y: Concurrent Mark 13.460ms
[48.858s][info   ][gc,phases   ] GC(27) Y: Pause Mark End 0.008ms
[48.858s][info   ][gc,phases   ] GC(27) Y: Concurrent Mark Free 0.000ms
[48.858s][info   ][gc,phases   ] GC(27) Y: Concurrent Reset Relocation Set 0.001ms
[48.859s][info   ][gc,reloc    ] GC(27) Y: Using tenuring threshold: 1 (Computed)
[48.859s][info   ][gc,phases   ] GC(27) Y: Concurrent Select Relocation Set 1.049ms
[48.859s][info   ][gc,phases   ] GC(27) Y: Pause Relocate Start 0.003ms
[48.860s][info   ][gc,phases   ] GC(27) Y: Concurrent Relocate 0.206ms
[48.860s][info   ][gc,alloc    ] GC(27) Y:                         Mark Start        Mark End      Relocate Start    Relocate End   
[48.860s][info   ][gc,alloc    ] GC(27) Y: Allocation Stalls:          0                0                0                0         
[48.860s][info   ][gc,load     ] GC(27) Y: Load: 0.98 (8%) / 1.20 (10%) / 1.42 (12%)
[48.860s][info   ][gc,mmu      ] GC(27) Y: MMU: 2ms/99.0%, 5ms/99.5%, 10ms/99.7%, 20ms/99.8%, 50ms/99.9%, 100ms/99.9%
[48.860s][info   ][gc,marking  ] GC(27) Y: Mark: 1 stripe(s), 1 proactive flush(es), 1 terminate flush(es), 0 completion(s), 0 continuation(s) 
[48.860s][info   ][gc,marking  ] GC(27) Y: Mark Stack Usage: 32M
[48.860s][info   ][gc,nmethod  ] GC(27) Y: NMethods: 382 registered, 101 unregistered
[48.860s][info   ][gc,metaspace] GC(27) Y: Metaspace: 0M used, 0M committed, 1088M reserved
[48.860s][info   ][gc,reloc    ] GC(27) Y:                        Candidates     Selected     In-Place         Size        Empty    Relocated 
[48.860s][info   ][gc,reloc    ] GC(27) Y: Small Pages:                 2219            2            0        4438M        4368M           1M 
[48.860s][info   ][gc,reloc    ] GC(27) Y: Medium Pages:                   0            0            0           0M           0M           0M 
[48.860s][info   ][gc,reloc    ] GC(27) Y: Large Pages:                    0            0            0           0M           0M           0M 
[48.860s][info   ][gc,reloc    ] GC(27) Y: Forwarding Usage: 0M
[48.860s][info   ][gc,reloc    ] GC(27) Y: Age Table:
[48.860s][info   ][gc,reloc    ] GC(27) Y:                    Live             Garbage             Small              Medium             Large        
[48.860s][info   ][gc,reloc    ] GC(27) Y: Eden              63M (1%)         4308M (53%)       2186 / 2              0 / 0              0 / 0        
[48.860s][info   ][gc,reloc    ] GC(27) Y: Survivor 1          -                66M (1%)          33 / 0              0 / 0              0 / 0        
[48.860s][info   ][gc,heap     ] GC(27) Y: Min Capacity: 8192M(100%)
[48.860s][info   ][gc,heap     ] GC(27) Y: Max Capacity: 8192M(100%)
[48.860s][info   ][gc,heap     ] GC(27) Y: Soft Max Capacity: 8192M(100%)
[48.860s][info   ][gc,heap     ] GC(27) Y: Heap Statistics:
[48.860s][info   ][gc,heap     ] GC(27) Y:                Mark Start          Mark End        Relocate Start      Relocate End           High               Low         
[48.860s][info   ][gc,heap     ] GC(27) Y:  Capacity:     8192M (100%)       8192M (100%)       8192M (100%)       8192M (100%)       8192M (100%)       8192M (100%)   
[48.860s][info   ][gc,heap     ] GC(27) Y:      Free:     3686M (45%)        3656M (45%)        8024M (98%)        8028M (98%)        8028M (98%)        3654M (45%)    
[48.860s][info   ][gc,heap     ] GC(27) Y:      Used:     4506M (55%)        4536M (55%)         168M (2%)          164M (2%)         4538M (55%)         164M (2%)     
[48.860s][info   ][gc,heap     ] GC(27) Y: Young Generation Statistics:
[48.860s][info   ][gc,heap     ] GC(27) Y:                Mark Start          Mark End        Relocate Start      Relocate End    
[48.860s][info   ][gc,heap     ] GC(27) Y:      Used:     4438M (54%)        4468M (55%)         100M (1%)           96M (1%)     
[48.860s][info   ][gc,heap     ] GC(27) Y:      Live:         -                63M (1%)           63M (1%)           63M (1%)     
[48.860s][info   ][gc,heap     ] GC(27) Y:   Garbage:         -              4374M (53%)           6M (0%)            2M (0%)     
[48.860s][info   ][gc,heap     ] GC(27) Y: Allocated:         -                30M (0%)           30M (0%)           30M (0%)     
[48.860s][info   ][gc,heap     ] GC(27) Y: Reclaimed:         -                  -              4368M (53%)        4372M (53%)    
[48.860s][info   ][gc,heap     ] GC(27) Y:  Promoted:         -                  -                 0M (0%)            0M (0%)     
[48.860s][info   ][gc,heap     ] GC(27) Y: Compacted:         -                  -                  -                 1M (0%)     
[48.860s][info   ][gc,phases   ] GC(27) Y: Young Generation 4506M(55%)->164M(2%) 0.015s
[48.860s][info   ][gc,phases   ] GC(27) O: Old Generation
[48.879s][info   ][gc,phases   ] GC(27) O: Concurrent Mark 19.456ms
[48.879s][info   ][gc,phases   ] GC(27) O: Pause Mark End 0.006ms
[48.879s][info   ][gc,phases   ] GC(27) O: Concurrent Mark Free 0.000ms
[48.880s][info   ][gc,phases   ] GC(27) O: Concurrent Process Non-Strong 0.530ms
[48.880s][info   ][gc,phases   ] GC(27) O: Concurrent Reset Relocation Set 0.000ms
[48.881s][info   ][gc,phases   ] GC(27) O: Concurrent Select Relocation Set 0.919ms
[48.881s][info   ][gc,task     ] GC(27) O: Using 2 Workers for Old Generation
[48.884s][info   ][gc,task     ] GC(27) O: Using 1 Workers for Old Generation
[48.884s][info   ][gc,phases   ] GC(27) O: Concurrent Remap Roots 2.956ms
[48.884s][info   ][gc,phases   ] GC(27) O: Pause Relocate Start 0.003ms
[48.884s][info   ][gc,phases   ] GC(27) O: Concurrent Relocate 0.018ms
[48.884s][info   ][gc,alloc    ] GC(27) O:                         Mark Start        Mark End      Relocate Start    Relocate End   
[48.884s][info   ][gc,alloc    ] GC(27) O: Allocation Stalls:          0                0                0                0         
[48.884s][info   ][gc,load     ] GC(27) O: Load: 0.98 (8%) / 1.20 (10%) / 1.42 (12%)
[48.884s][info   ][gc,mmu      ] GC(27) O: MMU: 2ms/99.0%, 5ms/99.5%, 10ms/99.7%, 20ms/99.8%, 50ms/99.9%, 100ms/99.9%
[48.884s][info   ][gc,marking  ] GC(27) O: Mark: 1 stripe(s), 2 proactive flush(es), 1 terminate flush(es), 0 completion(s), 0 continuation(s) 
[48.884s][info   ][gc,marking  ] GC(27) O: Mark Stack Usage: 32M
[48.884s][info   ][gc,nmethod  ] GC(27) O: NMethods: 382 registered, 101 unregistered
[48.884s][info   ][gc,metaspace] GC(27) O: Metaspace: 0M used, 0M committed, 1088M reserved
[48.884s][info   ][gc,ref      ] GC(27) O:                       Encountered   Discovered     Enqueued 
[48.884s][info   ][gc,ref      ] GC(27) O: Soft References:               64            0            0 
[48.884s][info   ][gc,ref      ] GC(27) O: Weak References:              217          165            0 
[48.884s][info   ][gc,ref      ] GC(27) O: Final References:               0            0            0 
[48.884s][info   ][gc,ref      ] GC(27) O: Phantom References:             5            3            0 
[48.884s][info   ][gc,reloc    ] GC(27) O:                        Candidates     Selected     In-Place         Size        Empty    Relocated 
[48.884s][info   ][gc,reloc    ] GC(27) O: Small Pages:                   34            0            0          68M           0M           0M 
[48.884s][info   ][gc,reloc    ] GC(27) O: Medium Pages:                   0            0            0           0M           0M           0M 
[48.884s][info   ][gc,reloc    ] GC(27) O: Large Pages:                    0            0            0           0M           0M           0M 
[48.884s][info   ][gc,reloc    ] GC(27) O: Forwarding Usage: 0M
[48.884s][info   ][gc,heap     ] GC(27) O: Min Capacity: 8192M(100%)
[48.884s][info   ][gc,heap     ] GC(27) O: Max Capacity: 8192M(100%)
[48.884s][info   ][gc,heap     ] GC(27) O: Soft Max Capacity: 8192M(100%)
[48.884s][info   ][gc,heap     ] GC(27) O: Heap Statistics:
[48.884s][info   ][gc,heap     ] GC(27) O:                Mark Start          Mark End        Relocate Start      Relocate End           High               Low         
[48.884s][info   ][gc,heap     ] GC(27) O:  Capacity:     8192M (100%)       8192M (100%)       8192M (100%)       8192M (100%)       8192M (100%)       8192M (100%)   
[48.884s][info   ][gc,heap     ] GC(27) O:      Free:     3686M (45%)        7968M (97%)        7938M (97%)        7938M (97%)        8028M (98%)        3654M (45%)    
[48.884s][info   ][gc,heap     ] GC(27) O:      Used:     4506M (55%)         224M (3%)          254M (3%)          254M (3%)         4538M (55%)         164M (2%)     
[48.884s][info   ][gc,heap     ] GC(27) O: Old Generation Statistics:
[48.884s][info   ][gc,heap     ] GC(27) O:                Mark Start          Mark End        Relocate Start      Relocate End    
[48.884s][info   ][gc,heap     ] GC(27) O:      Used:       68M (1%)           68M (1%)           68M (1%)           68M (1%)     
[48.884s][info   ][gc,heap     ] GC(27) O:      Live:         -                65M (1%)           65M (1%)           65M (1%)     
[48.884s][info   ][gc,heap     ] GC(27) O:   Garbage:         -                 2M (0%)            2M (0%)            2M (0%)     
[48.884s][info   ][gc,heap     ] GC(27) O: Allocated:         -                 0M (0%)            0M (0%)            0M (0%)     
[48.884s][info   ][gc,heap     ] GC(27) O: Reclaimed:         -                  -                 0M (0%)            0M (0%)     
[48.884s][info   ][gc,heap     ] GC(27) O: Compacted:         -                  -                  -                 0M (0%)     
[48.884s][info   ][gc,phases   ] GC(27) O: Old Generation 164M(2%)->254M(3%) 0.024s
[48.884s][info   ][gc          ] GC(27) Major Collection (Proactive) 4506M(55%)->254M(3%) 0.039s
[51.414s][info   ][gc          ] GC(28) Minor Collection (High Usage)
[51.414s][info   ][gc,task     ] GC(28) Using 1 Workers for Young Generation
[51.414s][info   ][gc,phases   ] GC(28) y: Young Generation
[51.415s][info   ][gc,phases   ] GC(28) y: Pause Mark Start 0.011ms
[51.425s][info   ][gc,phases   ] GC(28) y: Concurrent Mark 10.964ms
[51.426s][info   ][gc,phases   ] GC(28) y: Pause Mark End 0.008ms
[51.426s][info   ][gc,phases   ] GC(28) y: Concurrent Mark Free 0.000ms
[51.426s][info   ][gc,phases   ] GC(28) y: Concurrent Reset Relocation Set 0.001ms
[51.427s][info   ][gc,reloc    ] GC(28) y: Using tenuring threshold: 1 (Computed)
[51.427s][info   ][gc,phases   ] GC(28) y: Concurrent Select Relocation Set 1.159ms
[51.427s][info   ][gc,phases   ] GC(28) y: Pause Relocate Start 0.003ms
[51.427s][info   ][gc,phases   ] GC(28) y: Concurrent Relocate 0.409ms
[51.427s][info   ][gc,alloc    ] GC(28) y:                         Mark Start        Mark End      Relocate Start    Relocate End   
[51.427s][info   ][gc,alloc    ] GC(28) y: Allocation Stalls:          0                0                0                0         
[51.427s][info   ][gc,load     ] GC(28) y: Load: 0.98 (8%) / 1.20 (10%) / 1.42 (12%)
[51.427s][info   ][gc,mmu      ] GC(28) y: MMU: 2ms/99.0%, 5ms/99.5%, 10ms/99.7%, 20ms/99.8%, 50ms/99.9%, 100ms/99.9%
[51.427s][info   ][gc,marking  ] GC(28) y: Mark: 1 stripe(s), 2 proactive flush(es), 1 terminate flush(es), 0 completion(s), 0 continuation(s) 
[51.427s][info   ][gc,marking  ] GC(28) y: Mark Stack Usage: 32M
[51.427s][info   ][gc,nmethod  ] GC(28) y: NMethods: 382 registered, 101 unregistered
[51.427s][info   ][gc,metaspace] GC(28) y: Metaspace: 0M used, 0M committed, 1088M reserved
[51.427s][info   ][gc,reloc    ] GC(28) y:                        Candidates     Selected     In-Place         Size        Empty    Relocated 
[51.427s][info   ][gc,reloc    ] GC(28) y: Small Pages:                 3855            4            0        7710M        7636M           2M 
[51.427s][info   ][gc,reloc    ] GC(28) y: Medium Pages:                   0            0            0           0M           0M           0M 
[51.427s][info   ][gc,reloc    ] GC(28) y: Large Pages:                    0            0            0           0M           0M           0M 
[51.427s][info   ][gc,reloc    ] GC(28) y: Forwarding Usage: 0M
[51.427s][info   ][gc,reloc    ] GC(28) y: Age Table:
[51.427s][info   ][gc,reloc    ] GC(28) y:                    Live             Garbage             Small              Medium             Large        
[51.427s][info   ][gc,reloc    ] GC(28) y: Eden              63M (1%)         7580M (93%)       3822 / 4              0 / 0              0 / 0        
[51.427s][info   ][gc,reloc    ] GC(28) y: Survivor 1          -                66M (1%)          33 / 0              0 / 0              0 / 0        
[51.427s][info   ][gc,heap     ] GC(28) y: Min Capacity: 8192M(100%)
[51.427s][info   ][gc,heap     ] GC(28) y: Max Capacity: 8192M(100%)
[51.427s][info   ][gc,heap     ] GC(28) y: Soft Max Capacity: 8192M(100%)
[51.427s][info   ][gc,heap     ] GC(28) y: Heap Statistics:
[51.427s][info   ][gc,heap     ] GC(28) y:                Mark Start          Mark End        Relocate Start      Relocate End           High               Low         
[51.427s][info   ][gc,heap     ] GC(28) y:  Capacity:     8192M (100%)       8192M (100%)       8192M (100%)       8192M (100%)       8192M (100%)       8192M (100%)   
[51.427s][info   ][gc,heap     ] GC(28) y:      Free:      414M (5%)          384M (5%)         8020M (98%)        8028M (98%)        8028M (98%)         384M (5%)     
[51.427s][info   ][gc,heap     ] GC(28) y:      Used:     7778M (95%)        7808M (95%)         172M (2%)          164M (2%)         7808M (95%)         164M (2%)     
[51.427s][info   ][gc,heap     ] GC(28) y: Young Generation Statistics:
[51.427s][info   ][gc,heap     ] GC(28) y:                Mark Start          Mark End        Relocate Start      Relocate End    
[51.427s][info   ][gc,heap     ] GC(28) y:      Used:     7710M (94%)        7740M (94%)         104M (1%)           96M (1%)     
[51.427s][info   ][gc,heap     ] GC(28) y:      Live:         -                63M (1%)           63M (1%)           63M (1%)     
[51.427s][info   ][gc,heap     ] GC(28) y:   Garbage:         -              7646M (93%)          10M (0%)            2M (0%)     
[51.427s][info   ][gc,heap     ] GC(28) y: Allocated:         -                30M (0%)           30M (0%)           30M (0%)     
[51.427s][info   ][gc,heap     ] GC(28) y: Reclaimed:         -                  -              7636M (93%)        7644M (93%)    
[51.427s][info   ][gc,heap     ] GC(28) y:  Promoted:         -                  -                 0M (0%)            0M (0%)     
[51.427s][info   ][gc,heap     ] GC(28) y: Compacted:         -                  -                  -                 3M (0%)     
[51.427s][info   ][gc,phases   ] GC(28) y: Young Generation 7778M(95%)->164M(2%) 0.013s
[51.427s][info   ][gc          ] GC(28) Minor Collection (High Usage) 7778M(95%)->164M(2%) 0.013s
[51.892s][info   ][gc          ] GC(29) Major Collection (Proactive)
[51.892s][info   ][gc,task     ] GC(29) Using 1 Workers for Young Generation
[51.892s][info   ][gc,task     ] GC(29) Using 1 Workers for Old Generation
[51.892s][info   ][gc,phases   ] GC(29) Y: Young Generation
[51.892s][info   ][gc,phases   ] GC(29) Y: Pause Mark Start (Major) 0.006ms
[51.905s][info   ][gc,phases   ] GC(29) Y: Concurrent Mark 12.315ms
[51.905s][info   ][gc,phases   ] GC(29) Y: Pause Mark End 0.007ms
[51.905s][info   ][gc,phases   ] GC(29) Y: Concurrent Mark Free 0.000ms
[51.905s][info   ][gc,phases   ] GC(29) Y: Concurrent Reset Relocation Set 0.001ms
[51.906s][info   ][gc,reloc    ] GC(29) Y: Using tenuring threshold: 1 (Computed)
[51.906s][info   ][gc,phases   ] GC(29) Y: Concurrent Select Relocation Set 1.162ms
[51.906s][info   ][gc,phases   ] GC(29) Y: Pause Relocate Start 0.002ms
[51.906s][info   ][gc,phases   ] GC(29) Y: Concurrent Relocate 0.368ms
[51.906s][info   ][gc,alloc    ] GC(29) Y:                         Mark Start        Mark End      Relocate Start    Relocate End   
[51.906s][info   ][gc,alloc    ] GC(29) Y: Allocation Stalls:          0                0                0                0         
[51.906s][info   ][gc,load     ] GC(29) Y: Load: 0.98 (8%) / 1.20 (10%) / 1.42 (12%)
[51.906s][info   ][gc,mmu      ] GC(29) Y: MMU: 2ms/99.0%, 5ms/99.5%, 10ms/99.7%, 20ms/99.8%, 50ms/99.9%, 100ms/99.9%
[51.906s][info   ][gc,marking  ] GC(29) Y: Mark: 1 stripe(s), 2 proactive flush(es), 1 terminate flush(es), 0 completion(s), 0 continuation(s) 
[51.906s][info   ][gc,marking  ] GC(29) Y: Mark Stack Usage: 32M
[51.906s][info   ][gc,nmethod  ] GC(29) Y: NMethods: 382 registered, 101 unregistered
[51.906s][info   ][gc,metaspace] GC(29) Y: Metaspace: 0M used, 0M committed, 1088M reserved
[51.906s][info   ][gc,reloc    ] GC(29) Y:                        Candidates     Selected     In-Place         Size        Empty    Relocated 
[51.906s][info   ][gc,reloc    ] GC(29) Y: Small Pages:                  739            2            0        1478M        1406M           1M 
[51.906s][info   ][gc,reloc    ] GC(29) Y: Medium Pages:                   0            0            0           0M           0M           0M 
[51.906s][info   ][gc,reloc    ] GC(29) Y: Large Pages:                    0            0            0           0M           0M           0M 
[51.906s][info   ][gc,reloc    ] GC(29) Y: Forwarding Usage: 0M
[51.906s][info   ][gc,reloc    ] GC(29) Y: Age Table:
[51.906s][info   ][gc,reloc    ] GC(29) Y:                    Live             Garbage             Small              Medium             Large        
[51.906s][info   ][gc,reloc    ] GC(29) Y: Eden              63M (1%)         1348M (16%)        706 / 2              0 / 0              0 / 0        
[51.906s][info   ][gc,reloc    ] GC(29) Y: Survivor 1          -                66M (1%)          33 / 0              0 / 0              0 / 0        
[51.906s][info   ][gc,heap     ] GC(29) Y: Min Capacity: 8192M(100%)
[51.906s][info   ][gc,heap     ] GC(29) Y: Max Capacity: 8192M(100%)
[51.906s][info   ][gc,heap     ] GC(29) Y: Soft Max Capacity: 8192M(100%)
[51.906s][info   ][gc,heap     ] GC(29) Y: Heap Statistics:
[51.906s][info   ][gc,heap     ] GC(29) Y:                Mark Start          Mark End        Relocate Start      Relocate End           High               Low         
[51.906s][info   ][gc,heap     ] GC(29) Y:  Capacity:     8192M (100%)       8192M (100%)       8192M (100%)       8192M (100%)       8192M (100%)       8192M (100%)   
[51.906s][info   ][gc,heap     ] GC(29) Y:      Free:     6646M (81%)        6598M (81%)        8004M (98%)        8008M (98%)        8008M (98%)        6598M (81%)    
[51.906s][info   ][gc,heap     ] GC(29) Y:      Used:     1546M (19%)        1594M (19%)         188M (2%)          184M (2%)         1594M (19%)         184M (2%)     
[51.906s][info   ][gc,heap     ] GC(29) Y: Young Generation Statistics:
[51.906s][info   ][gc,heap     ] GC(29) Y:                Mark Start          Mark End        Relocate Start      Relocate End    
[51.906s][info   ][gc,heap     ] GC(29) Y:      Used:     1478M (18%)        1526M (19%)         120M (1%)          116M (1%)     
[51.906s][info   ][gc,heap     ] GC(29) Y:      Live:         -                63M (1%)           63M (1%)           63M (1%)     
[51.906s][info   ][gc,heap     ] GC(29) Y:   Garbage:         -              1414M (17%)           8M (0%)            3M (0%)     
[51.906s][info   ][gc,heap     ] GC(29) Y: Allocated:         -                48M (1%)           48M (1%)           48M (1%)     
[51.906s][info   ][gc,heap     ] GC(29) Y: Reclaimed:         -                  -              1406M (17%)        1410M (17%)    
[51.906s][info   ][gc,heap     ] GC(29) Y:  Promoted:         -                  -                 0M (0%)            0M (0%)     
[51.906s][info   ][gc,heap     ] GC(29) Y: Compacted:         -                  -                  -                 3M (0%)     
[51.906s][info   ][gc,phases   ] GC(29) Y: Young Generation 1546M(19%)->184M(2%) 0.014s
[51.906s][info   ][gc,phases   ] GC(29) O: Old Generation
[51.926s][info   ][gc,phases   ] GC(29) O: Concurrent Mark 19.476ms
[51.926s][info   ][gc,phases   ] GC(29) O: Pause Mark End 0.006ms
[51.926s][info   ][gc,phases   ] GC(29) O: Concurrent Mark Free 0.000ms
[51.926s][info   ][gc,phases   ] GC(29) O: Concurrent Process Non-Strong 0.517ms
[51.926s][info   ][gc,phases   ] GC(29) O: Concurrent Reset Relocation Set 0.000ms
[51.927s][info   ][gc,phases   ] GC(29) O: Concurrent Select Relocation Set 0.876ms
[51.927s][info   ][gc,task     ] GC(29) O: Using 2 Workers for Old Generation
[51.931s][info   ][gc,task     ] GC(29) O: Using 1 Workers for Old Generation
[51.931s][info   ][gc,phases   ] GC(29) O: Concurrent Remap Roots 3.466ms
[51.931s][info   ][gc,phases   ] GC(29) O: Pause Relocate Start 0.005ms
[51.931s][info   ][gc,phases   ] GC(29) O: Concurrent Relocate 0.016ms
[51.931s][info   ][gc,alloc    ] GC(29) O:                         Mark Start        Mark End      Relocate Start    Relocate End   
[51.931s][info   ][gc,alloc    ] GC(29) O: Allocation Stalls:          0                0                0                0         
[51.931s][info   ][gc,load     ] GC(29) O: Load: 0.98 (8%) / 1.20 (10%) / 1.42 (12%)
[51.931s][info   ][gc,mmu      ] GC(29) O: MMU: 2ms/99.0%, 5ms/99.5%, 10ms/99.7%, 20ms/99.8%, 50ms/99.9%, 100ms/99.9%
[51.931s][info   ][gc,marking  ] GC(29) O: Mark: 1 stripe(s), 2 proactive flush(es), 1 terminate flush(es), 0 completion(s), 0 continuation(s) 
[51.931s][info   ][gc,marking  ] GC(29) O: Mark Stack Usage: 32M
[51.931s][info   ][gc,nmethod  ] GC(29) O: NMethods: 382 registered, 101 unregistered
[51.931s][info   ][gc,metaspace] GC(29) O: Metaspace: 0M used, 0M committed, 1088M reserved
[51.931s][info   ][gc,ref      ] GC(29) O:                       Encountered   Discovered     Enqueued 
[51.931s][info   ][gc,ref      ] GC(29) O: Soft References:               64            0            0 
[51.931s][info   ][gc,ref      ] GC(29) O: Weak References:              217          165            0 
[51.931s][info   ][gc,ref      ] GC(29) O: Final References:               0            0            0 
[51.931s][info   ][gc,ref      ] GC(29) O: Phantom References:             5            3            0 
[51.931s][info   ][gc,reloc    ] GC(29) O:                        Candidates     Selected     In-Place         Size        Empty    Relocated 
[51.931s][info   ][gc,reloc    ] GC(29) O: Small Pages:                   34            0            0          68M           0M           0M 
[51.931s][info   ][gc,reloc    ] GC(29) O: Medium Pages:                   0            0            0           0M           0M           0M 
[51.931s][info   ][gc,reloc    ] GC(29) O: Large Pages:                    0            0            0           0M           0M           0M 
[51.931s][info   ][gc,reloc    ] GC(29) O: Forwarding Usage: 0M
[51.931s][info   ][gc,heap     ] GC(29) O: Min Capacity: 8192M(100%)
[51.931s][info   ][gc,heap     ] GC(29) O: Max Capacity: 8192M(100%)
[51.931s][info   ][gc,heap     ] GC(29) O: Soft Max Capacity: 8192M(100%)
[51.931s][info   ][gc,heap     ] GC(29) O: Heap Statistics:
[51.931s][info   ][gc,heap     ] GC(29) O:                Mark Start          Mark End        Relocate Start      Relocate End           High               Low         
[51.931s][info   ][gc,heap     ] GC(29) O:  Capacity:     8192M (100%)       8192M (100%)       8192M (100%)       8192M (100%)       8192M (100%)       8192M (100%)   
[51.931s][info   ][gc,heap     ] GC(29) O:      Free:     6646M (81%)        7948M (97%)        7948M (97%)        7948M (97%)        8008M (98%)        6598M (81%)    
[51.931s][info   ][gc,heap     ] GC(29) O:      Used:     1546M (19%)         244M (3%)          244M (3%)          244M (3%)         1594M (19%)         184M (2%)     
[51.931s][info   ][gc,heap     ] GC(29) O: Old Generation Statistics:
[51.931s][info   ][gc,heap     ] GC(29) O:                Mark Start          Mark End        Relocate Start      Relocate End    
[51.931s][info   ][gc,heap     ] GC(29) O:      Used:       68M (1%)           68M (1%)           68M (1%)           68M (1%)     
[51.931s][info   ][gc,heap     ] GC(29) O:      Live:         -                65M (1%)           65M (1%)           65M (1%)     
[51.931s][info   ][gc,heap     ] GC(29) O:   Garbage:         -                 2M (0%)            2M (0%)            2M (0%)     
[51.931s][info   ][gc,heap     ] GC(29) O: Allocated:         -                 0M (0%)            0M (0%)            0M (0%)     
[51.931s][info   ][gc,heap     ] GC(29) O: Reclaimed:         -                  -                 0M (0%)            0M (0%)     
[51.931s][info   ][gc,heap     ] GC(29) O: Compacted:         -                  -                  -                 0M (0%)     
[51.931s][info   ][gc,phases   ] GC(29) O: Old Generation 184M(2%)->244M(3%) 0.024s
[51.931s][info   ][gc          ] GC(29) Major Collection (Proactive) 1546M(19%)->244M(3%) 0.039s
[54.453s][info   ][gc          ] GC(30) Minor Collection (High Usage)
[54.453s][info   ][gc,task     ] GC(30) Using 1 Workers for Young Generation
[54.453s][info   ][gc,phases   ] GC(30) y: Young Generation
[54.453s][info   ][gc,phases   ] GC(30) y: Pause Mark Start 0.008ms
[54.464s][info   ][gc,phases   ] GC(30) y: Concurrent Mark 10.864ms
[54.464s][info   ][gc,phases   ] GC(30) y: Pause Mark End 0.011ms
[54.464s][info   ][gc,phases   ] GC(30) y: Concurrent Mark Free 0.000ms
[54.464s][info   ][gc,phases   ] GC(30) y: Concurrent Reset Relocation Set 0.005ms
[54.466s][info   ][gc,reloc    ] GC(30) y: Using tenuring threshold: 1 (Computed)
[54.466s][info   ][gc,phases   ] GC(30) y: Concurrent Select Relocation Set 1.170ms
[54.466s][info   ][gc,phases   ] GC(30) y: Pause Relocate Start 0.003ms
[54.466s][info   ][gc,phases   ] GC(30) y: Concurrent Relocate 0.226ms
[54.466s][info   ][gc,alloc    ] GC(30) y:                         Mark Start        Mark End      Relocate Start    Relocate End   
[54.466s][info   ][gc,alloc    ] GC(30) y: Allocation Stalls:          0                0                0                0         
[54.466s][info   ][gc,load     ] GC(30) y: Load: 0.90 (7%) / 1.18 (10%) / 1.41 (12%)
[54.466s][info   ][gc,mmu      ] GC(30) y: MMU: 2ms/99.0%, 5ms/99.5%, 10ms/99.7%, 20ms/99.8%, 50ms/99.9%, 100ms/99.9%
[54.466s][info   ][gc,marking  ] GC(30) y: Mark: 1 stripe(s), 2 proactive flush(es), 1 terminate flush(es), 0 completion(s), 0 continuation(s) 
[54.466s][info   ][gc,marking  ] GC(30) y: Mark Stack Usage: 32M
[54.466s][info   ][gc,nmethod  ] GC(30) y: NMethods: 382 registered, 101 unregistered
[54.466s][info   ][gc,metaspace] GC(30) y: Metaspace: 0M used, 0M committed, 1088M reserved
[54.466s][info   ][gc,reloc    ] GC(30) y:                        Candidates     Selected     In-Place         Size        Empty    Relocated 
[54.466s][info   ][gc,reloc    ] GC(30) y: Small Pages:                 3846            3            0        7692M        7620M           1M 
[54.466s][info   ][gc,reloc    ] GC(30) y: Medium Pages:                   0            0            0           0M           0M           0M 
[54.466s][info   ][gc,reloc    ] GC(30) y: Large Pages:                    0            0            0           0M           0M           0M 
[54.466s][info   ][gc,reloc    ] GC(30) y: Forwarding Usage: 0M
[54.466s][info   ][gc,reloc    ] GC(30) y: Age Table:
[54.466s][info   ][gc,reloc    ] GC(30) y:                    Live             Garbage             Small              Medium             Large        
[54.466s][info   ][gc,reloc    ] GC(30) y: Eden              63M (1%)         7560M (92%)       3812 / 3              0 / 0              0 / 0        
[54.466s][info   ][gc,reloc    ] GC(30) y: Survivor 1          -                68M (1%)          34 / 0              0 / 0              0 / 0        
[54.466s][info   ][gc,heap     ] GC(30) y: Min Capacity: 8192M(100%)
[54.466s][info   ][gc,heap     ] GC(30) y: Max Capacity: 8192M(100%)
[54.466s][info   ][gc,heap     ] GC(30) y: Soft Max Capacity: 8192M(100%)
[54.466s][info   ][gc,heap     ] GC(30) y: Heap Statistics:
[54.466s][info   ][gc,heap     ] GC(30) y:                Mark Start          Mark End        Relocate Start      Relocate End           High               Low         
[54.466s][info   ][gc,heap     ] GC(30) y:  Capacity:     8192M (100%)       8192M (100%)       8192M (100%)       8192M (100%)       8192M (100%)       8192M (100%)   
[54.466s][info   ][gc,heap     ] GC(30) y:      Free:      432M (5%)          394M (5%)         8014M (98%)        8020M (98%)        8020M (98%)         394M (5%)     
[54.466s][info   ][gc,heap     ] GC(30) y:      Used:     7760M (95%)        7798M (95%)         178M (2%)          172M (2%)         7798M (95%)         172M (2%)     
[54.466s][info   ][gc,heap     ] GC(30) y: Young Generation Statistics:
[54.466s][info   ][gc,heap     ] GC(30) y:                Mark Start          Mark End        Relocate Start      Relocate End    
[54.466s][info   ][gc,heap     ] GC(30) y:      Used:     7692M (94%)        7730M (94%)         110M (1%)          104M (1%)     
[54.466s][info   ][gc,heap     ] GC(30) y:      Live:         -                63M (1%)           63M (1%)           63M (1%)     
[54.466s][info   ][gc,heap     ] GC(30) y:   Garbage:         -              7628M (93%)           8M (0%)            2M (0%)     
[54.466s][info   ][gc,heap     ] GC(30) y: Allocated:         -                38M (0%)           38M (0%)           38M (0%)     
[54.466s][info   ][gc,heap     ] GC(30) y: Reclaimed:         -                  -              7620M (93%)        7626M (93%)    
[54.466s][info   ][gc,heap     ] GC(30) y:  Promoted:         -                  -                 0M (0%)            0M (0%)     
[54.466s][info   ][gc,heap     ] GC(30) y: Compacted:         -                  -                  -                 1M (0%)     
[54.466s][info   ][gc,phases   ] GC(30) y: Young Generation 7760M(95%)->172M(2%) 0.012s
[54.466s][info   ][gc          ] GC(30) Minor Collection (High Usage) 7760M(95%)->172M(2%) 0.013s
[54.774s][info   ][gc          ] GC(31) Major Collection (Proactive)
[54.774s][info   ][gc,task     ] GC(31) Using 1 Workers for Young Generation
[54.774s][info   ][gc,task     ] GC(31) Using 1 Workers for Old Generation
[54.774s][info   ][gc,phases   ] GC(31) Y: Young Generation
[54.774s][info   ][gc,phases   ] GC(31) Y: Pause Mark Start (Major) 0.013ms
[54.788s][info   ][gc,phases   ] GC(31) Y: Concurrent Mark 13.643ms
[54.788s][info   ][gc,phases   ] GC(31) Y: Pause Mark End 0.007ms
[54.788s][info   ][gc,phases   ] GC(31) Y: Concurrent Mark Free 0.000ms
[54.788s][info   ][gc,phases   ] GC(31) Y: Concurrent Reset Relocation Set 0.001ms
[54.789s][info   ][gc,reloc    ] GC(31) Y: Using tenuring threshold: 1 (Computed)
[54.789s][info   ][gc,phases   ] GC(31) Y: Concurrent Select Relocation Set 0.995ms
[54.789s][info   ][gc,phases   ] GC(31) Y: Pause Relocate Start 0.003ms
[54.789s][info   ][gc,phases   ] GC(31) Y: Concurrent Relocate 0.184ms
[54.789s][info   ][gc,alloc    ] GC(31) Y:                         Mark Start        Mark End      Relocate Start    Relocate End   
[54.789s][info   ][gc,alloc    ] GC(31) Y: Allocation Stalls:          0                0                0                0         
[54.789s][info   ][gc,load     ] GC(31) Y: Load: 0.90 (7%) / 1.18 (10%) / 1.41 (12%)
[54.789s][info   ][gc,mmu      ] GC(31) Y: MMU: 2ms/99.0%, 5ms/99.5%, 10ms/99.7%, 20ms/99.8%, 50ms/99.9%, 100ms/99.9%
[54.789s][info   ][gc,marking  ] GC(31) Y: Mark: 1 stripe(s), 2 proactive flush(es), 1 terminate flush(es), 0 completion(s), 0 continuation(s) 
[54.789s][info   ][gc,marking  ] GC(31) Y: Mark Stack Usage: 32M
[54.789s][info   ][gc,nmethod  ] GC(31) Y: NMethods: 382 registered, 101 unregistered
[54.789s][info   ][gc,metaspace] GC(31) Y: Metaspace: 0M used, 0M committed, 1088M reserved
[54.789s][info   ][gc,reloc    ] GC(31) Y:                        Candidates     Selected     In-Place         Size        Empty    Relocated 
[54.789s][info   ][gc,reloc    ] GC(31) Y: Small Pages:                  513            4            0        1026M         952M           1M 
[54.789s][info   ][gc,reloc    ] GC(31) Y: Medium Pages:                   0            0            0           0M           0M           0M 
[54.789s][info   ][gc,reloc    ] GC(31) Y: Large Pages:                    0            0            0           0M           0M           0M 
[54.789s][info   ][gc,reloc    ] GC(31) Y: Forwarding Usage: 0M
[54.789s][info   ][gc,reloc    ] GC(31) Y: Age Table:
[54.789s][info   ][gc,reloc    ] GC(31) Y:                    Live             Garbage             Small              Medium             Large        
[54.789s][info   ][gc,reloc    ] GC(31) Y: Eden              63M (1%)          896M (11%)        480 / 4              0 / 0              0 / 0        
[54.789s][info   ][gc,reloc    ] GC(31) Y: Survivor 1          -                66M (1%)          33 / 0              0 / 0              0 / 0        
[54.789s][info   ][gc,heap     ] GC(31) Y: Min Capacity: 8192M(100%)
[54.789s][info   ][gc,heap     ] GC(31) Y: Max Capacity: 8192M(100%)
[54.789s][info   ][gc,heap     ] GC(31) Y: Soft Max Capacity: 8192M(100%)
[54.789s][info   ][gc,heap     ] GC(31) Y: Heap Statistics:
[54.789s][info   ][gc,heap     ] GC(31) Y:                Mark Start          Mark End        Relocate Start      Relocate End           High               Low         
[54.789s][info   ][gc,heap     ] GC(31) Y:  Capacity:     8192M (100%)       8192M (100%)       8192M (100%)       8192M (100%)       8192M (100%)       8192M (100%)   
[54.789s][info   ][gc,heap     ] GC(31) Y:      Free:     7098M (87%)        7068M (86%)        8020M (98%)        8028M (98%)        8028M (98%)        7068M (86%)    
[54.789s][info   ][gc,heap     ] GC(31) Y:      Used:     1094M (13%)        1124M (14%)         172M (2%)          164M (2%)         1124M (14%)         164M (2%)     
[54.789s][info   ][gc,heap     ] GC(31) Y: Young Generation Statistics:
[54.789s][info   ][gc,heap     ] GC(31) Y:                Mark Start          Mark End        Relocate Start      Relocate End    
[54.789s][info   ][gc,heap     ] GC(31) Y:      Used:     1026M (13%)        1056M (13%)         104M (1%)           96M (1%)     
[54.789s][info   ][gc,heap     ] GC(31) Y:      Live:         -                63M (1%)           63M (1%)           63M (1%)     
[54.789s][info   ][gc,heap     ] GC(31) Y:   Garbage:         -               962M (12%)          10M (0%)            2M (0%)     
[54.789s][info   ][gc,heap     ] GC(31) Y: Allocated:         -                30M (0%)           30M (0%)           30M (0%)     
[54.789s][info   ][gc,heap     ] GC(31) Y: Reclaimed:         -                  -               952M (12%)         960M (12%)    
[54.789s][info   ][gc,heap     ] GC(31) Y:  Promoted:         -                  -                 0M (0%)            0M (0%)     
[54.789s][info   ][gc,heap     ] GC(31) Y: Compacted:         -                  -                  -                 1M (0%)     
[54.789s][info   ][gc,phases   ] GC(31) Y: Young Generation 1094M(13%)->164M(2%) 0.015s
[54.789s][info   ][gc,phases   ] GC(31) O: Old Generation
[54.809s][info   ][gc,phases   ] GC(31) O: Concurrent Mark 19.567ms
[54.809s][info   ][gc,phases   ] GC(31) O: Pause Mark End 0.007ms
[54.809s][info   ][gc,phases   ] GC(31) O: Concurrent Mark Free 0.000ms
[54.809s][info   ][gc,phases   ] GC(31) O: Concurrent Process Non-Strong 0.523ms
[54.809s][info   ][gc,phases   ] GC(31) O: Concurrent Reset Relocation Set 0.000ms
[54.810s][info   ][gc,phases   ] GC(31) O: Concurrent Select Relocation Set 0.900ms
[54.810s][info   ][gc,task     ] GC(31) O: Using 2 Workers for Old Generation
[54.813s][info   ][gc,task     ] GC(31) O: Using 1 Workers for Old Generation
[54.813s][info   ][gc,phases   ] GC(31) O: Concurrent Remap Roots 3.041ms
[54.813s][info   ][gc,phases   ] GC(31) O: Pause Relocate Start 0.003ms
[54.813s][info   ][gc,phases   ] GC(31) O: Concurrent Relocate 0.013ms
[54.813s][info   ][gc,alloc    ] GC(31) O:                         Mark Start        Mark End      Relocate Start    Relocate End   
[54.813s][info   ][gc,alloc    ] GC(31) O: Allocation Stalls:          0                0                0                0         
[54.813s][info   ][gc,load     ] GC(31) O: Load: 0.90 (7%) / 1.18 (10%) / 1.41 (12%)
[54.813s][info   ][gc,mmu      ] GC(31) O: MMU: 2ms/99.0%, 5ms/99.5%, 10ms/99.7%, 20ms/99.8%, 50ms/99.9%, 100ms/99.9%
[54.813s][info   ][gc,marking  ] GC(31) O: Mark: 1 stripe(s), 2 proactive flush(es), 1 terminate flush(es), 0 completion(s), 0 continuation(s) 
[54.813s][info   ][gc,marking  ] GC(31) O: Mark Stack Usage: 32M
[54.813s][info   ][gc,nmethod  ] GC(31) O: NMethods: 382 registered, 101 unregistered
[54.813s][info   ][gc,metaspace] GC(31) O: Metaspace: 0M used, 0M committed, 1088M reserved
[54.813s][info   ][gc,ref      ] GC(31) O:                       Encountered   Discovered     Enqueued 
[54.813s][info   ][gc,ref      ] GC(31) O: Soft References:               64            0            0 
[54.813s][info   ][gc,ref      ] GC(31) O: Weak References:              217          165            0 
[54.813s][info   ][gc,ref      ] GC(31) O: Final References:               0            0            0 
[54.813s][info   ][gc,ref      ] GC(31) O: Phantom References:             5            3            0 
[54.813s][info   ][gc,reloc    ] GC(31) O:                        Candidates     Selected     In-Place         Size        Empty    Relocated 
[54.813s][info   ][gc,reloc    ] GC(31) O: Small Pages:                   34            0            0          68M           0M           0M 
[54.813s][info   ][gc,reloc    ] GC(31) O: Medium Pages:                   0            0            0           0M           0M           0M 
[54.813s][info   ][gc,reloc    ] GC(31) O: Large Pages:                    0            0            0           0M           0M           0M 
[54.813s][info   ][gc,reloc    ] GC(31) O: Forwarding Usage: 0M
[54.813s][info   ][gc,heap     ] GC(31) O: Min Capacity: 8192M(100%)
[54.813s][info   ][gc,heap     ] GC(31) O: Max Capacity: 8192M(100%)
[54.813s][info   ][gc,heap     ] GC(31) O: Soft Max Capacity: 8192M(100%)
[54.813s][info   ][gc,heap     ] GC(31) O: Heap Statistics:
[54.813s][info   ][gc,heap     ] GC(31) O:                Mark Start          Mark End        Relocate Start      Relocate End           High               Low         
[54.813s][info   ][gc,heap     ] GC(31) O:  Capacity:     8192M (100%)       8192M (100%)       8192M (100%)       8192M (100%)       8192M (100%)       8192M (100%)   
[54.813s][info   ][gc,heap     ] GC(31) O:      Free:     7098M (87%)        7968M (97%)        7938M (97%)        7938M (97%)        8028M (98%)        7068M (86%)    
[54.813s][info   ][gc,heap     ] GC(31) O:      Used:     1094M (13%)         224M (3%)          254M (3%)          254M (3%)         1124M (14%)         164M (2%)     
[54.813s][info   ][gc,heap     ] GC(31) O: Old Generation Statistics:
[54.813s][info   ][gc,heap     ] GC(31) O:                Mark Start          Mark End        Relocate Start      Relocate End    
[54.813s][info   ][gc,heap     ] GC(31) O:      Used:       68M (1%)           68M (1%)           68M (1%)           68M (1%)     
[54.813s][info   ][gc,heap     ] GC(31) O:      Live:         -                65M (1%)           65M (1%)           65M (1%)     
[54.813s][info   ][gc,heap     ] GC(31) O:   Garbage:         -                 2M (0%)            2M (0%)            2M (0%)     
[54.813s][info   ][gc,heap     ] GC(31) O: Allocated:         -                 0M (0%)            0M (0%)            0M (0%)     
[54.813s][info   ][gc,heap     ] GC(31) O: Reclaimed:         -                  -                 0M (0%)            0M (0%)     
[54.813s][info   ][gc,heap     ] GC(31) O: Compacted:         -                  -                  -                 0M (0%)     
[54.813s][info   ][gc,phases   ] GC(31) O: Old Generation 164M(2%)->254M(3%) 0.024s
[54.813s][info   ][gc          ] GC(31) Major Collection (Proactive) 1094M(13%)->254M(3%) 0.039s
[57.274s][info   ][gc          ] GC(32) Major Collection (Proactive)
[57.274s][info   ][gc,task     ] GC(32) Using 1 Workers for Young Generation
[57.274s][info   ][gc,task     ] GC(32) Using 1 Workers for Old Generation
[57.274s][info   ][gc,phases   ] GC(32) Y: Young Generation
[57.274s][info   ][gc,phases   ] GC(32) Y: Pause Mark Start (Major) 0.017ms
[57.288s][info   ][gc,phases   ] GC(32) Y: Concurrent Mark 13.270ms
[57.288s][info   ][gc,phases   ] GC(32) Y: Pause Mark End 0.011ms
[57.288s][info   ][gc,phases   ] GC(32) Y: Concurrent Mark Free 0.000ms
[57.288s][info   ][gc,phases   ] GC(32) Y: Concurrent Reset Relocation Set 0.001ms
[57.289s][info   ][gc,reloc    ] GC(32) Y: Using tenuring threshold: 1 (Computed)
[57.289s][info   ][gc,phases   ] GC(32) Y: Concurrent Select Relocation Set 1.113ms
[57.289s][info   ][gc,phases   ] GC(32) Y: Pause Relocate Start 0.003ms
[57.289s][info   ][gc,phases   ] GC(32) Y: Concurrent Relocate 0.371ms
[57.289s][info   ][gc,alloc    ] GC(32) Y:                         Mark Start        Mark End      Relocate Start    Relocate End   
[57.289s][info   ][gc,alloc    ] GC(32) Y: Allocation Stalls:          0                0                0                0         
[57.289s][info   ][gc,load     ] GC(32) Y: Load: 0.90 (7%) / 1.18 (10%) / 1.41 (12%)
[57.289s][info   ][gc,mmu      ] GC(32) Y: MMU: 2ms/99.0%, 5ms/99.5%, 10ms/99.7%, 20ms/99.8%, 50ms/99.9%, 100ms/99.9%
[57.289s][info   ][gc,marking  ] GC(32) Y: Mark: 1 stripe(s), 2 proactive flush(es), 1 terminate flush(es), 0 completion(s), 0 continuation(s) 
[57.289s][info   ][gc,marking  ] GC(32) Y: Mark Stack Usage: 32M
[57.289s][info   ][gc,nmethod  ] GC(32) Y: NMethods: 382 registered, 101 unregistered
[57.289s][info   ][gc,metaspace] GC(32) Y: Metaspace: 0M used, 0M committed, 1088M reserved
[57.289s][info   ][gc,reloc    ] GC(32) Y:                        Candidates     Selected     In-Place         Size        Empty    Relocated 
[57.289s][info   ][gc,reloc    ] GC(32) Y: Small Pages:                 3751            4            0        7502M        7428M           2M 
[57.289s][info   ][gc,reloc    ] GC(32) Y: Medium Pages:                   0            0            0           0M           0M           0M 
[57.289s][info   ][gc,reloc    ] GC(32) Y: Large Pages:                    0            0            0           0M           0M           0M 
[57.289s][info   ][gc,reloc    ] GC(32) Y: Forwarding Usage: 0M
[57.289s][info   ][gc,reloc    ] GC(32) Y: Age Table:
[57.289s][info   ][gc,reloc    ] GC(32) Y:                    Live             Garbage             Small              Medium             Large        
[57.289s][info   ][gc,reloc    ] GC(32) Y: Eden              63M (1%)         7372M (90%)       3718 / 4              0 / 0              0 / 0        
[57.289s][info   ][gc,reloc    ] GC(32) Y: Survivor 1          -                66M (1%)          33 / 0              0 / 0              0 / 0        
[57.289s][info   ][gc,heap     ] GC(32) Y: Min Capacity: 8192M(100%)
[57.289s][info   ][gc,heap     ] GC(32) Y: Max Capacity: 8192M(100%)
[57.289s][info   ][gc,heap     ] GC(32) Y: Soft Max Capacity: 8192M(100%)
[57.289s][info   ][gc,heap     ] GC(32) Y: Heap Statistics:
[57.289s][info   ][gc,heap     ] GC(32) Y:                Mark Start          Mark End        Relocate Start      Relocate End           High               Low         
[57.289s][info   ][gc,heap     ] GC(32) Y:  Capacity:     8192M (100%)       8192M (100%)       8192M (100%)       8192M (100%)       8192M (100%)       8192M (100%)   
[57.289s][info   ][gc,heap     ] GC(32) Y:      Free:      622M (8%)          592M (7%)         8020M (98%)        8028M (98%)        8028M (98%)         590M (7%)     
[57.289s][info   ][gc,heap     ] GC(32) Y:      Used:     7570M (92%)        7600M (93%)         172M (2%)          164M (2%)         7602M (93%)         164M (2%)     
[57.289s][info   ][gc,heap     ] GC(32) Y: Young Generation Statistics:
[57.289s][info   ][gc,heap     ] GC(32) Y:                Mark Start          Mark End        Relocate Start      Relocate End    
[57.289s][info   ][gc,heap     ] GC(32) Y:      Used:     7502M (92%)        7532M (92%)         104M (1%)           96M (1%)     
[57.289s][info   ][gc,heap     ] GC(32) Y:      Live:         -                63M (1%)           63M (1%)           63M (1%)     
[57.289s][info   ][gc,heap     ] GC(32) Y:   Garbage:         -              7438M (91%)          10M (0%)            1M (0%)     
[57.289s][info   ][gc,heap     ] GC(32) Y: Allocated:         -                30M (0%)           30M (0%)           30M (0%)     
[57.289s][info   ][gc,heap     ] GC(32) Y: Reclaimed:         -                  -              7428M (91%)        7436M (91%)    
[57.289s][info   ][gc,heap     ] GC(32) Y:  Promoted:         -                  -                 0M (0%)            0M (0%)     
[57.289s][info   ][gc,heap     ] GC(32) Y: Compacted:         -                  -                  -                 3M (0%)     
[57.289s][info   ][gc,phases   ] GC(32) Y: Young Generation 7570M(92%)->164M(2%) 0.015s
[57.289s][info   ][gc,phases   ] GC(32) O: Old Generation
[57.309s][info   ][gc,phases   ] GC(32) O: Concurrent Mark 19.172ms
[57.309s][info   ][gc,phases   ] GC(32) O: Pause Mark End 0.007ms
[57.309s][info   ][gc,phases   ] GC(32) O: Concurrent Mark Free 0.000ms
[57.309s][info   ][gc,phases   ] GC(32) O: Concurrent Process Non-Strong 0.500ms
[57.309s][info   ][gc,phases   ] GC(32) O: Concurrent Reset Relocation Set 0.000ms
[57.310s][info   ][gc,phases   ] GC(32) O: Concurrent Select Relocation Set 0.901ms
[57.310s][info   ][gc,task     ] GC(32) O: Using 2 Workers for Old Generation
[57.313s][info   ][gc,task     ] GC(32) O: Using 1 Workers for Old Generation
[57.313s][info   ][gc,phases   ] GC(32) O: Concurrent Remap Roots 3.059ms
[57.313s][info   ][gc,phases   ] GC(32) O: Pause Relocate Start 0.004ms
[57.313s][info   ][gc,phases   ] GC(32) O: Concurrent Relocate 0.031ms
[57.313s][info   ][gc,alloc    ] GC(32) O:                         Mark Start        Mark End      Relocate Start    Relocate End   
[57.313s][info   ][gc,alloc    ] GC(32) O: Allocation Stalls:          0                0                0                0         
[57.313s][info   ][gc,load     ] GC(32) O: Load: 0.90 (7%) / 1.18 (10%) / 1.41 (12%)
[57.313s][info   ][gc,mmu      ] GC(32) O: MMU: 2ms/99.0%, 5ms/99.5%, 10ms/99.7%, 20ms/99.8%, 50ms/99.9%, 100ms/99.9%
[57.313s][info   ][gc,marking  ] GC(32) O: Mark: 1 stripe(s), 2 proactive flush(es), 1 terminate flush(es), 0 completion(s), 0 continuation(s) 
[57.313s][info   ][gc,marking  ] GC(32) O: Mark Stack Usage: 32M
[57.313s][info   ][gc,nmethod  ] GC(32) O: NMethods: 382 registered, 101 unregistered
[57.313s][info   ][gc,metaspace] GC(32) O: Metaspace: 0M used, 0M committed, 1088M reserved
[57.313s][info   ][gc,ref      ] GC(32) O:                       Encountered   Discovered     Enqueued 
[57.313s][info   ][gc,ref      ] GC(32) O: Soft References:               64            0            0 
[57.313s][info   ][gc,ref      ] GC(32) O: Weak References:              217          165            0 
[57.313s][info   ][gc,ref      ] GC(32) O: Final References:               0            0            0 
[57.313s][info   ][gc,ref      ] GC(32) O: Phantom References:             5            3            0 
[57.313s][info   ][gc,reloc    ] GC(32) O:                        Candidates     Selected     In-Place         Size        Empty    Relocated 
[57.313s][info   ][gc,reloc    ] GC(32) O: Small Pages:                   34            0            0          68M           0M           0M 
[57.313s][info   ][gc,reloc    ] GC(32) O: Medium Pages:                   0            0            0           0M           0M           0M 
[57.313s][info   ][gc,reloc    ] GC(32) O: Large Pages:                    0            0            0           0M           0M           0M 
[57.313s][info   ][gc,reloc    ] GC(32) O: Forwarding Usage: 0M
[57.313s][info   ][gc,heap     ] GC(32) O: Min Capacity: 8192M(100%)
[57.313s][info   ][gc,heap     ] GC(32) O: Max Capacity: 8192M(100%)
[57.313s][info   ][gc,heap     ] GC(32) O: Soft Max Capacity: 8192M(100%)
[57.313s][info   ][gc,heap     ] GC(32) O: Heap Statistics:
[57.313s][info   ][gc,heap     ] GC(32) O:                Mark Start          Mark End        Relocate Start      Relocate End           High               Low         
[57.313s][info   ][gc,heap     ] GC(32) O:  Capacity:     8192M (100%)       8192M (100%)       8192M (100%)       8192M (100%)       8192M (100%)       8192M (100%)   
[57.313s][info   ][gc,heap     ] GC(32) O:      Free:      622M (8%)         7968M (97%)        7942M (97%)        7942M (97%)        8028M (98%)         590M (7%)     
[57.313s][info   ][gc,heap     ] GC(32) O:      Used:     7570M (92%)         224M (3%)          250M (3%)          250M (3%)         7602M (93%)         164M (2%)     
[57.313s][info   ][gc,heap     ] GC(32) O: Old Generation Statistics:
[57.313s][info   ][gc,heap     ] GC(32) O:                Mark Start          Mark End        Relocate Start      Relocate End    
[57.313s][info   ][gc,heap     ] GC(32) O:      Used:       68M (1%)           68M (1%)           68M (1%)           68M (1%)     
[57.313s][info   ][gc,heap     ] GC(32) O:      Live:         -                65M (1%)           65M (1%)           65M (1%)     
[57.313s][info   ][gc,heap     ] GC(32) O:   Garbage:         -                 2M (0%)            2M (0%)            2M (0%)     
[57.313s][info   ][gc,heap     ] GC(32) O: Allocated:         -                 0M (0%)            0M (0%)            0M (0%)     
[57.313s][info   ][gc,heap     ] GC(32) O: Reclaimed:         -                  -                 0M (0%)            0M (0%)     
[57.313s][info   ][gc,heap     ] GC(32) O: Compacted:         -                  -                  -                 0M (0%)     
[57.313s][info   ][gc,phases   ] GC(32) O: Old Generation 164M(2%)->250M(3%) 0.024s
[57.313s][info   ][gc          ] GC(32) Major Collection (Proactive) 7570M(92%)->250M(3%) 0.039s
[59.603s][info   ][gc          ] GC(33) Major Collection (Proactive)
[59.603s][info   ][gc,task     ] GC(33) Using 1 Workers for Young Generation
[59.603s][info   ][gc,task     ] GC(33) Using 1 Workers for Old Generation
[59.603s][info   ][gc,phases   ] GC(33) Y: Young Generation
[59.603s][info   ][gc,phases   ] GC(33) Y: Pause Mark Start (Major) 0.006ms
[59.616s][info   ][gc,phases   ] GC(33) Y: Concurrent Mark 12.810ms
[59.616s][info   ][gc,phases   ] GC(33) Y: Pause Mark End 0.007ms
[59.616s][info   ][gc,phases   ] GC(33) Y: Concurrent Mark Free 0.000ms
[59.616s][info   ][gc,phases   ] GC(33) Y: Concurrent Reset Relocation Set 0.001ms
[59.617s][info   ][gc,reloc    ] GC(33) Y: Using tenuring threshold: 1 (Computed)
[59.617s][info   ][gc,phases   ] GC(33) Y: Concurrent Select Relocation Set 1.135ms
[59.617s][info   ][gc,phases   ] GC(33) Y: Pause Relocate Start 0.003ms
[59.617s][info   ][gc,phases   ] GC(33) Y: Concurrent Relocate 0.167ms
[59.617s][info   ][gc,alloc    ] GC(33) Y:                         Mark Start        Mark End      Relocate Start    Relocate End   
[59.617s][info   ][gc,alloc    ] GC(33) Y: Allocation Stalls:          0                0                0                0         
[59.617s][info   ][gc,load     ] GC(33) Y: Load: 0.82 (7%) / 1.16 (10%) / 1.40 (12%)
[59.617s][info   ][gc,mmu      ] GC(33) Y: MMU: 2ms/99.0%, 5ms/99.5%, 10ms/99.7%, 20ms/99.8%, 50ms/99.9%, 100ms/99.9%
[59.617s][info   ][gc,marking  ] GC(33) Y: Mark: 1 stripe(s), 2 proactive flush(es), 1 terminate flush(es), 0 completion(s), 0 continuation(s) 
[59.617s][info   ][gc,marking  ] GC(33) Y: Mark Stack Usage: 32M
[59.617s][info   ][gc,nmethod  ] GC(33) Y: NMethods: 382 registered, 101 unregistered
[59.617s][info   ][gc,metaspace] GC(33) Y: Metaspace: 0M used, 0M committed, 1088M reserved
[59.617s][info   ][gc,reloc    ] GC(33) Y:                        Candidates     Selected     In-Place         Size        Empty    Relocated 
[59.617s][info   ][gc,reloc    ] GC(33) Y: Small Pages:                 3494            2            0        6988M        6918M           1M 
[59.617s][info   ][gc,reloc    ] GC(33) Y: Medium Pages:                   0            0            0           0M           0M           0M 
[59.617s][info   ][gc,reloc    ] GC(33) Y: Large Pages:                    0            0            0           0M           0M           0M 
[59.617s][info   ][gc,reloc    ] GC(33) Y: Forwarding Usage: 0M
[59.617s][info   ][gc,reloc    ] GC(33) Y: Age Table:
[59.617s][info   ][gc,reloc    ] GC(33) Y:                    Live             Garbage             Small              Medium             Large        
[59.617s][info   ][gc,reloc    ] GC(33) Y: Eden              63M (1%)         6858M (84%)       3461 / 2              0 / 0              0 / 0        
[59.617s][info   ][gc,reloc    ] GC(33) Y: Survivor 1          -                66M (1%)          33 / 0              0 / 0              0 / 0        
[59.617s][info   ][gc,heap     ] GC(33) Y: Min Capacity: 8192M(100%)
[59.617s][info   ][gc,heap     ] GC(33) Y: Max Capacity: 8192M(100%)
[59.617s][info   ][gc,heap     ] GC(33) Y: Soft Max Capacity: 8192M(100%)
[59.617s][info   ][gc,heap     ] GC(33) Y: Heap Statistics:
[59.617s][info   ][gc,heap     ] GC(33) Y:                Mark Start          Mark End        Relocate Start      Relocate End           High               Low         
[59.617s][info   ][gc,heap     ] GC(33) Y:  Capacity:     8192M (100%)       8192M (100%)       8192M (100%)       8192M (100%)       8192M (100%)       8192M (100%)   
[59.617s][info   ][gc,heap     ] GC(33) Y:      Free:     1136M (14%)        1096M (13%)        8014M (98%)        8018M (98%)        8018M (98%)        1096M (13%)    
[59.617s][info   ][gc,heap     ] GC(33) Y:      Used:     7056M (86%)        7096M (87%)         178M (2%)          174M (2%)         7096M (87%)         174M (2%)     
[59.617s][info   ][gc,heap     ] GC(33) Y: Young Generation Statistics:
[59.617s][info   ][gc,heap     ] GC(33) Y:                Mark Start          Mark End        Relocate Start      Relocate End    
[59.617s][info   ][gc,heap     ] GC(33) Y:      Used:     6988M (85%)        7028M (86%)         110M (1%)          106M (1%)     
[59.618s][info   ][gc,heap     ] GC(33) Y:      Live:         -                63M (1%)           63M (1%)           63M (1%)     
[59.618s][info   ][gc,heap     ] GC(33) Y:   Garbage:         -              6924M (85%)           6M (0%)            1M (0%)     
[59.618s][info   ][gc,heap     ] GC(33) Y: Allocated:         -                40M (0%)           40M (0%)           40M (0%)     
[59.618s][info   ][gc,heap     ] GC(33) Y: Reclaimed:         -                  -              6918M (84%)        6922M (85%)    
[59.618s][info   ][gc,heap     ] GC(33) Y:  Promoted:         -                  -                 0M (0%)            0M (0%)     
[59.618s][info   ][gc,heap     ] GC(33) Y: Compacted:         -                  -                  -                 1M (0%)     
[59.618s][info   ][gc,phases   ] GC(33) Y: Young Generation 7056M(86%)->174M(2%) 0.014s
[59.618s][info   ][gc,phases   ] GC(33) O: Old Generation
[59.637s][info   ][gc,phases   ] GC(33) O: Concurrent Mark 19.357ms
[59.637s][info   ][gc,phases   ] GC(33) O: Pause Mark End 0.007ms
[59.637s][info   ][gc,phases   ] GC(33) O: Concurrent Mark Free 0.000ms
[59.637s][info   ][gc,phases   ] GC(33) O: Concurrent Process Non-Strong 0.496ms
[59.637s][info   ][gc,phases   ] GC(33) O: Concurrent Reset Relocation Set 0.000ms
[59.638s][info   ][gc,phases   ] GC(33) O: Concurrent Select Relocation Set 0.906ms
[59.638s][info   ][gc,task     ] GC(33) O: Using 2 Workers for Old Generation
[59.641s][info   ][gc,task     ] GC(33) O: Using 1 Workers for Old Generation
[59.641s][info   ][gc,phases   ] GC(33) O: Concurrent Remap Roots 2.956ms
[59.641s][info   ][gc,phases   ] GC(33) O: Pause Relocate Start 0.003ms
[59.641s][info   ][gc,phases   ] GC(33) O: Concurrent Relocate 0.010ms
[59.641s][info   ][gc,alloc    ] GC(33) O:                         Mark Start        Mark End      Relocate Start    Relocate End   
[59.641s][info   ][gc,alloc    ] GC(33) O: Allocation Stalls:          0                0                0                0         
[59.641s][info   ][gc,load     ] GC(33) O: Load: 0.82 (7%) / 1.16 (10%) / 1.40 (12%)
[59.641s][info   ][gc,mmu      ] GC(33) O: MMU: 2ms/99.0%, 5ms/99.5%, 10ms/99.7%, 20ms/99.8%, 50ms/99.9%, 100ms/99.9%
[59.641s][info   ][gc,marking  ] GC(33) O: Mark: 1 stripe(s), 2 proactive flush(es), 1 terminate flush(es), 0 completion(s), 0 continuation(s) 
[59.641s][info   ][gc,marking  ] GC(33) O: Mark Stack Usage: 32M
[59.641s][info   ][gc,nmethod  ] GC(33) O: NMethods: 382 registered, 101 unregistered
[59.641s][info   ][gc,metaspace] GC(33) O: Metaspace: 0M used, 0M committed, 1088M reserved
[59.641s][info   ][gc,ref      ] GC(33) O:                       Encountered   Discovered     Enqueued 
[59.641s][info   ][gc,ref      ] GC(33) O: Soft References:               64            0            0 
[59.641s][info   ][gc,ref      ] GC(33) O: Weak References:              217          165            0 
[59.641s][info   ][gc,ref      ] GC(33) O: Final References:               0            0            0 
[59.641s][info   ][gc,ref      ] GC(33) O: Phantom References:             5            3            0 
[59.641s][info   ][gc,reloc    ] GC(33) O:                        Candidates     Selected     In-Place         Size        Empty    Relocated 
[59.641s][info   ][gc,reloc    ] GC(33) O: Small Pages:                   34            0            0          68M           0M           0M 
[59.641s][info   ][gc,reloc    ] GC(33) O: Medium Pages:                   0            0            0           0M           0M           0M 
[59.641s][info   ][gc,reloc    ] GC(33) O: Large Pages:                    0            0            0           0M           0M           0M 
[59.641s][info   ][gc,reloc    ] GC(33) O: Forwarding Usage: 0M
[59.641s][info   ][gc,heap     ] GC(33) O: Min Capacity: 8192M(100%)
[59.641s][info   ][gc,heap     ] GC(33) O: Max Capacity: 8192M(100%)
[59.641s][info   ][gc,heap     ] GC(33) O: Soft Max Capacity: 8192M(100%)
[59.641s][info   ][gc,heap     ] GC(33) O: Heap Statistics:
[59.641s][info   ][gc,heap     ] GC(33) O:                Mark Start          Mark End        Relocate Start      Relocate End           High               Low         
[59.641s][info   ][gc,heap     ] GC(33) O:  Capacity:     8192M (100%)       8192M (100%)       8192M (100%)       8192M (100%)       8192M (100%)       8192M (100%)   
[59.641s][info   ][gc,heap     ] GC(33) O:      Free:     1136M (14%)        7958M (97%)        7958M (97%)        7958M (97%)        8018M (98%)        1096M (13%)    
[59.641s][info   ][gc,heap     ] GC(33) O:      Used:     7056M (86%)         234M (3%)          234M (3%)          234M (3%)         7096M (87%)         174M (2%)     
[59.641s][info   ][gc,heap     ] GC(33) O: Old Generation Statistics:
[59.641s][info   ][gc,heap     ] GC(33) O:                Mark Start          Mark End        Relocate Start      Relocate End    
[59.641s][info   ][gc,heap     ] GC(33) O:      Used:       68M (1%)           68M (1%)           68M (1%)           68M (1%)     
[59.641s][info   ][gc,heap     ] GC(33) O:      Live:         -                65M (1%)           65M (1%)           65M (1%)     
[59.641s][info   ][gc,heap     ] GC(33) O:   Garbage:         -                 2M (0%)            2M (0%)            2M (0%)     
[59.641s][info   ][gc,heap     ] GC(33) O: Allocated:         -                 0M (0%)            0M (0%)            0M (0%)     
[59.641s][info   ][gc,heap     ] GC(33) O: Reclaimed:         -                  -                 0M (0%)            0M (0%)     
[59.641s][info   ][gc,heap     ] GC(33) O: Compacted:         -                  -                  -                 0M (0%)     
[59.641s][info   ][gc,phases   ] GC(33) O: Old Generation 174M(2%)->234M(3%) 0.024s
[59.641s][info   ][gc          ] GC(33) Major Collection (Proactive) 7056M(86%)->234M(3%) 0.038s
[61.823s][info   ][gc          ] GC(34) Major Collection (Proactive)
[61.823s][info   ][gc,task     ] GC(34) Using 1 Workers for Young Generation
[61.823s][info   ][gc,task     ] GC(34) Using 1 Workers for Old Generation
[61.823s][info   ][gc,phases   ] GC(34) Y: Young Generation
[61.823s][info   ][gc,phases   ] GC(34) Y: Pause Mark Start (Major) 0.006ms
[61.842s][info   ][gc,phases   ] GC(34) Y: Concurrent Mark 18.795ms
[61.842s][info   ][gc,phases   ] GC(34) Y: Pause Mark End 0.008ms
[61.842s][info   ][gc,phases   ] GC(34) Y: Concurrent Mark Free 0.000ms
[61.842s][info   ][gc,phases   ] GC(34) Y: Concurrent Reset Relocation Set 0.001ms
[61.843s][info   ][gc,reloc    ] GC(34) Y: Using tenuring threshold: 1 (Computed)
[61.843s][info   ][gc,phases   ] GC(34) Y: Concurrent Select Relocation Set 1.213ms
[61.843s][info   ][gc,phases   ] GC(34) Y: Pause Relocate Start 0.003ms
[61.843s][info   ][gc,phases   ] GC(34) Y: Concurrent Relocate 0.500ms
[61.843s][info   ][gc,alloc    ] GC(34) Y:                         Mark Start        Mark End      Relocate Start    Relocate End   
[61.843s][info   ][gc,alloc    ] GC(34) Y: Allocation Stalls:          0                0                0                0         
[61.843s][info   ][gc,load     ] GC(34) Y: Load: 0.82 (7%) / 1.16 (10%) / 1.40 (12%)
[61.843s][info   ][gc,mmu      ] GC(34) Y: MMU: 2ms/99.0%, 5ms/99.5%, 10ms/99.7%, 20ms/99.8%, 50ms/99.9%, 100ms/99.9%
[61.843s][info   ][gc,marking  ] GC(34) Y: Mark: 1 stripe(s), 2 proactive flush(es), 1 terminate flush(es), 0 completion(s), 0 continuation(s) 
[61.843s][info   ][gc,marking  ] GC(34) Y: Mark Stack Usage: 32M
[61.844s][info   ][gc,nmethod  ] GC(34) Y: NMethods: 390 registered, 101 unregistered
[61.844s][info   ][gc,metaspace] GC(34) Y: Metaspace: 0M used, 0M committed, 1088M reserved
[61.844s][info   ][gc,reloc    ] GC(34) Y:                        Candidates     Selected     In-Place         Size        Empty    Relocated 
[61.844s][info   ][gc,reloc    ] GC(34) Y: Small Pages:                 3333           86            0        6666M        6426M           2M 
[61.844s][info   ][gc,reloc    ] GC(34) Y: Medium Pages:                   0            0            0           0M           0M           0M 
[61.844s][info   ][gc,reloc    ] GC(34) Y: Large Pages:                    0            0            0           0M           0M           0M 
[61.844s][info   ][gc,reloc    ] GC(34) Y: Forwarding Usage: 0M
[61.844s][info   ][gc,reloc    ] GC(34) Y: Age Table:
[61.844s][info   ][gc,reloc    ] GC(34) Y:                    Live             Garbage             Small              Medium             Large        
[61.844s][info   ][gc,reloc    ] GC(34) Y: Eden              64M (1%)         6535M (80%)       3300 / 86             0 / 0              0 / 0        
[61.844s][info   ][gc,reloc    ] GC(34) Y: Survivor 1          -                66M (1%)          33 / 0              0 / 0              0 / 0        
[61.844s][info   ][gc,heap     ] GC(34) Y: Min Capacity: 8192M(100%)
[61.844s][info   ][gc,heap     ] GC(34) Y: Max Capacity: 8192M(100%)
[61.844s][info   ][gc,heap     ] GC(34) Y: Soft Max Capacity: 8192M(100%)
[61.844s][info   ][gc,heap     ] GC(34) Y: Heap Statistics:
[61.844s][info   ][gc,heap     ] GC(34) Y:                Mark Start          Mark End        Relocate Start      Relocate End           High               Low         
[61.844s][info   ][gc,heap     ] GC(34) Y:  Capacity:     8192M (100%)       8192M (100%)       8192M (100%)       8192M (100%)       8192M (100%)       8192M (100%)   
[61.844s][info   ][gc,heap     ] GC(34) Y:      Free:     1458M (18%)        1406M (17%)        7816M (95%)        7984M (97%)        7984M (97%)        1404M (17%)    
[61.844s][info   ][gc,heap     ] GC(34) Y:      Used:     6734M (82%)        6786M (83%)         376M (5%)          208M (3%)         6788M (83%)         208M (3%)     
[61.844s][info   ][gc,heap     ] GC(34) Y: Young Generation Statistics:
[61.844s][info   ][gc,heap     ] GC(34) Y:                Mark Start          Mark End        Relocate Start      Relocate End    
[61.844s][info   ][gc,heap     ] GC(34) Y:      Used:     6666M (81%)        6718M (82%)         308M (4%)          140M (2%)     
[61.844s][info   ][gc,heap     ] GC(34) Y:      Live:         -                64M (1%)           64M (1%)           64M (1%)     
[61.844s][info   ][gc,heap     ] GC(34) Y:   Garbage:         -              6601M (81%)         175M (2%)            2M (0%)     
[61.844s][info   ][gc,heap     ] GC(34) Y: Allocated:         -                52M (1%)           68M (1%)           72M (1%)     
[61.844s][info   ][gc,heap     ] GC(34) Y: Reclaimed:         -                  -              6426M (78%)        6598M (81%)    
[61.844s][info   ][gc,heap     ] GC(34) Y:  Promoted:         -                  -                 0M (0%)            0M (0%)     
[61.844s][info   ][gc,heap     ] GC(34) Y: Compacted:         -                  -                  -                 3M (0%)     
[61.844s][info   ][gc,phases   ] GC(34) Y: Young Generation 6734M(82%)->208M(3%) 0.021s
[61.844s][info   ][gc,phases   ] GC(34) O: Old Generation
[61.861s][info   ][gc,phases   ] GC(34) O: Concurrent Mark 17.901ms
[61.862s][info   ][gc,phases   ] GC(34) O: Pause Mark End 0.012ms
[61.862s][info   ][gc,phases   ] GC(34) O: Concurrent Mark Free 0.000ms
[61.862s][info   ][gc,phases   ] GC(34) O: Concurrent Process Non-Strong 0.606ms
[61.862s][info   ][gc,phases   ] GC(34) O: Concurrent Reset Relocation Set 0.000ms
[61.863s][info   ][gc,phases   ] GC(34) O: Concurrent Select Relocation Set 0.935ms
[61.863s][info   ][gc,task     ] GC(34) O: Using 2 Workers for Old Generation
[61.867s][info   ][gc,task     ] GC(34) O: Using 1 Workers for Old Generation
[61.867s][info   ][gc,phases   ] GC(34) O: Concurrent Remap Roots 3.715ms
[61.867s][info   ][gc,phases   ] GC(34) O: Pause Relocate Start 0.004ms
[61.867s][info   ][gc,phases   ] GC(34) O: Concurrent Relocate 0.246ms
[61.867s][info   ][gc,alloc    ] GC(34) O:                         Mark Start        Mark End      Relocate Start    Relocate End   
[61.867s][info   ][gc,alloc    ] GC(34) O: Allocation Stalls:          0                0                0                0         
[61.867s][info   ][gc,load     ] GC(34) O: Load: 0.82 (7%) / 1.16 (10%) / 1.40 (12%)
[61.867s][info   ][gc,mmu      ] GC(34) O: MMU: 2ms/99.0%, 5ms/99.5%, 10ms/99.7%, 20ms/99.8%, 50ms/99.9%, 100ms/99.9%
[61.867s][info   ][gc,marking  ] GC(34) O: Mark: 1 stripe(s), 2 proactive flush(es), 1 terminate flush(es), 0 completion(s), 0 continuation(s) 
[61.867s][info   ][gc,marking  ] GC(34) O: Mark Stack Usage: 32M
[61.867s][info   ][gc,nmethod  ] GC(34) O: NMethods: 384 registered, 107 unregistered
[61.867s][info   ][gc,metaspace] GC(34) O: Metaspace: 0M used, 0M committed, 1088M reserved
[61.867s][info   ][gc,ref      ] GC(34) O:                       Encountered   Discovered     Enqueued 
[61.867s][info   ][gc,ref      ] GC(34) O: Soft References:               64            0            0 
[61.867s][info   ][gc,ref      ] GC(34) O: Weak References:              217          152            0 
[61.867s][info   ][gc,ref      ] GC(34) O: Final References:               0            0            0 
[61.867s][info   ][gc,ref      ] GC(34) O: Phantom References:             5            3            0 
[61.867s][info   ][gc,reloc    ] GC(34) O:                        Candidates     Selected     In-Place         Size        Empty    Relocated 
[61.867s][info   ][gc,reloc    ] GC(34) O: Small Pages:                   34            1            0          68M           0M           1M 
[61.867s][info   ][gc,reloc    ] GC(34) O: Medium Pages:                   0            0            0           0M           0M           0M 
[61.867s][info   ][gc,reloc    ] GC(34) O: Large Pages:                    0            0            0           0M           0M           0M 
[61.867s][info   ][gc,reloc    ] GC(34) O: Forwarding Usage: 0M
[61.867s][info   ][gc,heap     ] GC(34) O: Min Capacity: 8192M(100%)
[61.867s][info   ][gc,heap     ] GC(34) O: Max Capacity: 8192M(100%)
[61.867s][info   ][gc,heap     ] GC(34) O: Soft Max Capacity: 8192M(100%)
[61.867s][info   ][gc,heap     ] GC(34) O: Heap Statistics:
[61.867s][info   ][gc,heap     ] GC(34) O:                Mark Start          Mark End        Relocate Start      Relocate End           High               Low         
[61.867s][info   ][gc,heap     ] GC(34) O:  Capacity:     8192M (100%)       8192M (100%)       8192M (100%)       8192M (100%)       8192M (100%)       8192M (100%)   
[61.867s][info   ][gc,heap     ] GC(34) O:      Free:     1458M (18%)        7948M (97%)        7920M (97%)        7922M (97%)        7984M (97%)        1404M (17%)    
[61.867s][info   ][gc,heap     ] GC(34) O:      Used:     6734M (82%)         244M (3%)          272M (3%)          270M (3%)         6788M (83%)         208M (3%)     
[61.867s][info   ][gc,heap     ] GC(34) O: Old Generation Statistics:
[61.867s][info   ][gc,heap     ] GC(34) O:                Mark Start          Mark End        Relocate Start      Relocate End    
[61.867s][info   ][gc,heap     ] GC(34) O:      Used:       68M (1%)           68M (1%)           68M (1%)           66M (1%)     
[61.867s][info   ][gc,heap     ] GC(34) O:      Live:         -                64M (1%)           64M (1%)           64M (1%)     
[61.867s][info   ][gc,heap     ] GC(34) O:   Garbage:         -                 3M (0%)            3M (0%)            1M (0%)     
[61.867s][info   ][gc,heap     ] GC(34) O: Allocated:         -                 0M (0%)            0M (0%)            0M (0%)     
[61.867s][info   ][gc,heap     ] GC(34) O: Reclaimed:         -                  -                 0M (0%)            2M (0%)     
[61.867s][info   ][gc,heap     ] GC(34) O: Compacted:         -                  -                  -                 1M (0%)     
[61.867s][info   ][gc,phases   ] GC(34) O: Old Generation 208M(3%)->270M(3%) 0.024s
[61.867s][info   ][gc          ] GC(34) Major Collection (Proactive) 6734M(82%)->270M(3%) 0.045s
[64.394s][info   ][gc          ] GC(35) Minor Collection (High Usage)
[64.394s][info   ][gc,task     ] GC(35) Using 1 Workers for Young Generation
[64.394s][info   ][gc,phases   ] GC(35) y: Young Generation
[64.394s][info   ][gc,phases   ] GC(35) y: Pause Mark Start 0.005ms
[64.407s][info   ][gc,phases   ] GC(35) y: Concurrent Mark 12.402ms
[64.407s][info   ][gc,phases   ] GC(35) y: Pause Mark End 0.007ms
[64.407s][info   ][gc,phases   ] GC(35) y: Concurrent Mark Free 0.000ms
[64.407s][info   ][gc,phases   ] GC(35) y: Concurrent Reset Relocation Set 0.004ms
[64.408s][info   ][gc,reloc    ] GC(35) y: Using tenuring threshold: 2 (Computed)
[64.408s][info   ][gc,phases   ] GC(35) y: Concurrent Select Relocation Set 1.393ms
[64.408s][info   ][gc,phases   ] GC(35) y: Pause Relocate Start 0.005ms
[64.409s][info   ][gc,phases   ] GC(35) y: Concurrent Relocate 0.750ms
[64.409s][info   ][gc,alloc    ] GC(35) y:                         Mark Start        Mark End      Relocate Start    Relocate End   
[64.409s][info   ][gc,alloc    ] GC(35) y: Allocation Stalls:          0                0                0                0         
[64.409s][info   ][gc,load     ] GC(35) y: Load: 0.76 (6%) / 1.14 (9%) / 1.39 (12%)
[64.409s][info   ][gc,mmu      ] GC(35) y: MMU: 2ms/99.0%, 5ms/99.5%, 10ms/99.7%, 20ms/99.8%, 50ms/99.9%, 100ms/99.9%
[64.409s][info   ][gc,marking  ] GC(35) y: Mark: 1 stripe(s), 2 proactive flush(es), 1 terminate flush(es), 0 completion(s), 0 continuation(s) 
[64.409s][info   ][gc,marking  ] GC(35) y: Mark Stack Usage: 32M
[64.409s][info   ][gc,nmethod  ] GC(35) y: NMethods: 384 registered, 107 unregistered
[64.409s][info   ][gc,metaspace] GC(35) y: Metaspace: 0M used, 0M committed, 1088M reserved
[64.409s][info   ][gc,reloc    ] GC(35) y:                        Candidates     Selected     In-Place         Size        Empty    Relocated 
[64.409s][info   ][gc,reloc    ] GC(35) y: Small Pages:                 3863            4            0        7726M        7652M           3M 
[64.409s][info   ][gc,reloc    ] GC(35) y: Medium Pages:                   0            0            0           0M           0M           0M 
[64.409s][info   ][gc,reloc    ] GC(35) y: Large Pages:                    0            0            0           0M           0M           0M 
[64.409s][info   ][gc,reloc    ] GC(35) y: Forwarding Usage: 0M
[64.409s][info   ][gc,reloc    ] GC(35) y: Age Table:
[64.409s][info   ][gc,reloc    ] GC(35) y:                    Live             Garbage             Small              Medium             Large        
[64.409s][info   ][gc,reloc    ] GC(35) y: Eden              63M (1%)         7592M (93%)       3828 / 4              0 / 0              0 / 0        
[64.409s][info   ][gc,reloc    ] GC(35) y: Survivor 1         1M (0%)           68M (1%)          35 / 0              0 / 0              0 / 0        
[64.409s][info   ][gc,heap     ] GC(35) y: Min Capacity: 8192M(100%)
[64.409s][info   ][gc,heap     ] GC(35) y: Max Capacity: 8192M(100%)
[64.409s][info   ][gc,heap     ] GC(35) y: Soft Max Capacity: 8192M(100%)
[64.409s][info   ][gc,heap     ] GC(35) y: Heap Statistics:
[64.409s][info   ][gc,heap     ] GC(35) y:                Mark Start          Mark End        Relocate Start      Relocate End           High               Low         
[64.409s][info   ][gc,heap     ] GC(35) y:  Capacity:     8192M (100%)       8192M (100%)       8192M (100%)       8192M (100%)       8192M (100%)       8192M (100%)   
[64.409s][info   ][gc,heap     ] GC(35) y:      Free:      400M (5%)          370M (5%)         8022M (98%)        8030M (98%)        8030M (98%)         370M (5%)     
[64.409s][info   ][gc,heap     ] GC(35) y:      Used:     7792M (95%)        7822M (95%)         170M (2%)          162M (2%)         7822M (95%)         162M (2%)     
[64.409s][info   ][gc,heap     ] GC(35) y: Young Generation Statistics:
[64.409s][info   ][gc,heap     ] GC(35) y:                Mark Start          Mark End        Relocate Start      Relocate End    
[64.409s][info   ][gc,heap     ] GC(35) y:      Used:     7726M (94%)        7756M (95%)         104M (1%)           96M (1%)     
[64.409s][info   ][gc,heap     ] GC(35) y:      Live:         -                64M (1%)           64M (1%)           64M (1%)     
[64.409s][info   ][gc,heap     ] GC(35) y:   Garbage:         -              7661M (94%)           9M (0%)            0M (0%)     
[64.409s][info   ][gc,heap     ] GC(35) y: Allocated:         -                30M (0%)           30M (0%)           31M (0%)     
[64.409s][info   ][gc,heap     ] GC(35) y: Reclaimed:         -                  -              7652M (93%)        7661M (94%)    
[64.409s][info   ][gc,heap     ] GC(35) y:  Promoted:         -                  -                 0M (0%)            0M (0%)     
[64.409s][info   ][gc,heap     ] GC(35) y: Compacted:         -                  -                  -                 6M (0%)     
[64.409s][info   ][gc,phases   ] GC(35) y: Young Generation 7792M(95%)->162M(2%) 0.015s
[64.409s][info   ][gc          ] GC(35) Minor Collection (High Usage) 7792M(95%)->162M(2%) 0.015s
[64.723s][info   ][gc          ] GC(36) Major Collection (Proactive)
[64.723s][info   ][gc,task     ] GC(36) Using 1 Workers for Young Generation
[64.723s][info   ][gc,task     ] GC(36) Using 1 Workers for Old Generation
[64.723s][info   ][gc,phases   ] GC(36) Y: Young Generation
[64.723s][info   ][gc,phases   ] GC(36) Y: Pause Mark Start (Major) 0.011ms
[64.746s][info   ][gc,phases   ] GC(36) Y: Concurrent Mark 23.478ms
[64.746s][info   ][gc,phases   ] GC(36) Y: Pause Mark End 0.010ms
[64.746s][info   ][gc,phases   ] GC(36) Y: Concurrent Mark Free 0.000ms
[64.746s][info   ][gc,phases   ] GC(36) Y: Concurrent Reset Relocation Set 0.004ms
[64.748s][info   ][gc,reloc    ] GC(36) Y: Using tenuring threshold: 3 (Computed)
[64.748s][info   ][gc,phases   ] GC(36) Y: Concurrent Select Relocation Set 1.146ms
[64.748s][info   ][gc,phases   ] GC(36) Y: Pause Relocate Start 0.004ms
[64.748s][info   ][gc,phases   ] GC(36) Y: Concurrent Relocate 0.584ms
[64.748s][info   ][gc,alloc    ] GC(36) Y:                         Mark Start        Mark End      Relocate Start    Relocate End   
[64.748s][info   ][gc,alloc    ] GC(36) Y: Allocation Stalls:          0                0                0                0         
[64.748s][info   ][gc,load     ] GC(36) Y: Load: 0.76 (6%) / 1.14 (9%) / 1.39 (12%)
[64.748s][info   ][gc,mmu      ] GC(36) Y: MMU: 2ms/99.0%, 5ms/99.5%, 10ms/99.7%, 20ms/99.8%, 50ms/99.9%, 100ms/99.9%
[64.748s][info   ][gc,marking  ] GC(36) Y: Mark: 1 stripe(s), 2 proactive flush(es), 1 terminate flush(es), 0 completion(s), 0 continuation(s) 
[64.748s][info   ][gc,marking  ] GC(36) Y: Mark Stack Usage: 32M
[64.748s][info   ][gc,nmethod  ] GC(36) Y: NMethods: 384 registered, 107 unregistered
[64.748s][info   ][gc,metaspace] GC(36) Y: Metaspace: 0M used, 0M committed, 1088M reserved
[64.748s][info   ][gc,reloc    ] GC(36) Y:                        Candidates     Selected     In-Place         Size        Empty    Relocated 
[64.748s][info   ][gc,reloc    ] GC(36) Y: Small Pages:                  515            3            0        1030M         956M           2M 
[64.748s][info   ][gc,reloc    ] GC(36) Y: Medium Pages:                   0            0            0           0M           0M           0M 
[64.748s][info   ][gc,reloc    ] GC(36) Y: Large Pages:                    0            0            0           0M           0M           0M 
[64.748s][info   ][gc,reloc    ] GC(36) Y: Forwarding Usage: 0M
[64.748s][info   ][gc,reloc    ] GC(36) Y: Age Table:
[64.748s][info   ][gc,reloc    ] GC(36) Y:                    Live             Garbage             Small              Medium             Large        
[64.748s][info   ][gc,reloc    ] GC(36) Y: Eden              63M (1%)          900M (11%)        482 / 2              0 / 0              0 / 0        
[64.748s][info   ][gc,reloc    ] GC(36) Y: Survivor 1          -                64M (1%)          32 / 0              0 / 0              0 / 0        
[64.748s][info   ][gc,reloc    ] GC(36) Y: Survivor 2         1M (0%)            0M (0%)           1 / 1              0 / 0              0 / 0        
[64.748s][info   ][gc,heap     ] GC(36) Y: Min Capacity: 8192M(100%)
[64.748s][info   ][gc,heap     ] GC(36) Y: Max Capacity: 8192M(100%)
[64.748s][info   ][gc,heap     ] GC(36) Y: Soft Max Capacity: 8192M(100%)
[64.748s][info   ][gc,heap     ] GC(36) Y: Heap Statistics:
[64.748s][info   ][gc,heap     ] GC(36) Y:                Mark Start          Mark End        Relocate Start      Relocate End           High               Low         
[64.748s][info   ][gc,heap     ] GC(36) Y:  Capacity:     8192M (100%)       8192M (100%)       8192M (100%)       8192M (100%)       8192M (100%)       8192M (100%)   
[64.748s][info   ][gc,heap     ] GC(36) Y:      Free:     7096M (87%)        7016M (86%)        7972M (97%)        7978M (97%)        7978M (97%)        7016M (86%)    
[64.748s][info   ][gc,heap     ] GC(36) Y:      Used:     1096M (13%)        1176M (14%)         220M (3%)          214M (3%)         1176M (14%)         214M (3%)     
[64.748s][info   ][gc,heap     ] GC(36) Y: Young Generation Statistics:
[64.748s][info   ][gc,heap     ] GC(36) Y:                Mark Start          Mark End        Relocate Start      Relocate End    
[64.748s][info   ][gc,heap     ] GC(36) Y:      Used:     1030M (13%)        1110M (14%)         154M (2%)          148M (2%)     
[64.748s][info   ][gc,heap     ] GC(36) Y:      Live:         -                64M (1%)           64M (1%)           64M (1%)     
[64.748s][info   ][gc,heap     ] GC(36) Y:   Garbage:         -               965M (12%)           9M (0%)            2M (0%)     
[64.748s][info   ][gc,heap     ] GC(36) Y: Allocated:         -                80M (1%)           80M (1%)           81M (1%)     
[64.748s][info   ][gc,heap     ] GC(36) Y: Reclaimed:         -                  -               956M (12%)         963M (12%)    
[64.748s][info   ][gc,heap     ] GC(36) Y:  Promoted:         -                  -                 0M (0%)            0M (0%)     
[64.748s][info   ][gc,heap     ] GC(36) Y: Compacted:         -                  -                  -                 4M (0%)     
[64.748s][info   ][gc,phases   ] GC(36) Y: Young Generation 1096M(13%)->214M(3%) 0.026s
[64.748s][info   ][gc,phases   ] GC(36) O: Old Generation
[64.776s][info   ][gc,phases   ] GC(36) O: Concurrent Mark 27.783ms
[64.776s][info   ][gc,phases   ] GC(36) O: Pause Mark End 0.009ms
[64.776s][info   ][gc,phases   ] GC(36) O: Concurrent Mark Free 0.000ms
[64.777s][info   ][gc,phases   ] GC(36) O: Concurrent Process Non-Strong 0.546ms
[64.777s][info   ][gc,phases   ] GC(36) O: Concurrent Reset Relocation Set 0.000ms
[64.778s][info   ][gc,phases   ] GC(36) O: Concurrent Select Relocation Set 0.881ms
[64.778s][info   ][gc,task     ] GC(36) O: Using 2 Workers for Old Generation
[64.781s][info   ][gc,task     ] GC(36) O: Using 1 Workers for Old Generation
[64.781s][info   ][gc,phases   ] GC(36) O: Concurrent Remap Roots 2.981ms
[64.781s][info   ][gc,phases   ] GC(36) O: Pause Relocate Start 0.003ms
[64.781s][info   ][gc,phases   ] GC(36) O: Concurrent Relocate 0.009ms
[64.781s][info   ][gc,alloc    ] GC(36) O:                         Mark Start        Mark End      Relocate Start    Relocate End   
[64.781s][info   ][gc,alloc    ] GC(36) O: Allocation Stalls:          0                0                0                0         
[64.781s][info   ][gc,load     ] GC(36) O: Load: 0.76 (6%) / 1.14 (9%) / 1.39 (12%)
[64.781s][info   ][gc,mmu      ] GC(36) O: MMU: 2ms/99.0%, 5ms/99.5%, 10ms/99.7%, 20ms/99.8%, 50ms/99.9%, 100ms/99.9%
[64.781s][info   ][gc,marking  ] GC(36) O: Mark: 1 stripe(s), 2 proactive flush(es), 1 terminate flush(es), 0 completion(s), 0 continuation(s) 
[64.781s][info   ][gc,marking  ] GC(36) O: Mark Stack Usage: 32M
[64.781s][info   ][gc,nmethod  ] GC(36) O: NMethods: 384 registered, 107 unregistered
[64.781s][info   ][gc,metaspace] GC(36) O: Metaspace: 0M used, 0M committed, 1088M reserved
[64.781s][info   ][gc,ref      ] GC(36) O:                       Encountered   Discovered     Enqueued 
[64.781s][info   ][gc,ref      ] GC(36) O: Soft References:               64            0            0 
[64.781s][info   ][gc,ref      ] GC(36) O: Weak References:              217          164            0 
[64.781s][info   ][gc,ref      ] GC(36) O: Final References:               0            0            0 
[64.781s][info   ][gc,ref      ] GC(36) O: Phantom References:             5            3            0 
[64.781s][info   ][gc,reloc    ] GC(36) O:                        Candidates     Selected     In-Place         Size        Empty    Relocated 
[64.781s][info   ][gc,reloc    ] GC(36) O: Small Pages:                   33            0            0          66M           0M           0M 
[64.781s][info   ][gc,reloc    ] GC(36) O: Medium Pages:                   0            0            0           0M           0M           0M 
[64.781s][info   ][gc,reloc    ] GC(36) O: Large Pages:                    0            0            0           0M           0M           0M 
[64.781s][info   ][gc,reloc    ] GC(36) O: Forwarding Usage: 0M
[64.781s][info   ][gc,heap     ] GC(36) O: Min Capacity: 8192M(100%)
[64.781s][info   ][gc,heap     ] GC(36) O: Max Capacity: 8192M(100%)
[64.781s][info   ][gc,heap     ] GC(36) O: Soft Max Capacity: 8192M(100%)
[64.781s][info   ][gc,heap     ] GC(36) O: Heap Statistics:
[64.781s][info   ][gc,heap     ] GC(36) O:                Mark Start          Mark End        Relocate Start      Relocate End           High               Low         
[64.781s][info   ][gc,heap     ] GC(36) O:  Capacity:     8192M (100%)       8192M (100%)       8192M (100%)       8192M (100%)       8192M (100%)       8192M (100%)   
[64.781s][info   ][gc,heap     ] GC(36) O:      Free:     7096M (87%)        7888M (96%)        7888M (96%)        7888M (96%)        7978M (97%)        7016M (86%)    
[64.781s][info   ][gc,heap     ] GC(36) O:      Used:     1096M (13%)         304M (4%)          304M (4%)          304M (4%)         1176M (14%)         214M (3%)     
[64.781s][info   ][gc,heap     ] GC(36) O: Old Generation Statistics:
[64.781s][info   ][gc,heap     ] GC(36) O:                Mark Start          Mark End        Relocate Start      Relocate End    
[64.781s][info   ][gc,heap     ] GC(36) O:      Used:       66M (1%)           66M (1%)           66M (1%)           66M (1%)     
[64.781s][info   ][gc,heap     ] GC(36) O:      Live:         -                64M (1%)           64M (1%)           64M (1%)     
[64.781s][info   ][gc,heap     ] GC(36) O:   Garbage:         -                 1M (0%)            1M (0%)            1M (0%)     
[64.781s][info   ][gc,heap     ] GC(36) O: Allocated:         -                 0M (0%)            0M (0%)            0M (0%)     
[64.781s][info   ][gc,heap     ] GC(36) O: Reclaimed:         -                  -                 0M (0%)            0M (0%)     
[64.781s][info   ][gc,heap     ] GC(36) O: Compacted:         -                  -                  -                 0M (0%)     
[64.781s][info   ][gc,phases   ] GC(36) O: Old Generation 214M(3%)->304M(4%) 0.032s
[64.781s][info   ][gc          ] GC(36) Major Collection (Proactive) 1096M(13%)->304M(4%) 0.058s
[67.284s][info   ][gc          ] GC(37) Minor Collection (High Usage)
[67.284s][info   ][gc,task     ] GC(37) Using 1 Workers for Young Generation
[67.284s][info   ][gc,phases   ] GC(37) y: Young Generation
[67.284s][info   ][gc,phases   ] GC(37) y: Pause Mark Start 0.010ms
[67.305s][info   ][gc,phases   ] GC(37) y: Concurrent Mark 20.617ms
[67.305s][info   ][gc,phases   ] GC(37) y: Pause Mark End 0.015ms
[67.305s][info   ][gc,phases   ] GC(37) y: Concurrent Mark Free 0.000ms
[67.305s][info   ][gc,phases   ] GC(37) y: Concurrent Reset Relocation Set 0.009ms
[67.306s][info   ][gc,reloc    ] GC(37) y: Using tenuring threshold: 4 (Computed)
[67.306s][info   ][gc,phases   ] GC(37) y: Concurrent Select Relocation Set 1.314ms
[67.306s][info   ][gc,phases   ] GC(37) y: Pause Relocate Start 0.003ms
[67.306s][info   ][gc,phases   ] GC(37) y: Concurrent Relocate 0.434ms
[67.306s][info   ][gc,alloc    ] GC(37) y:                         Mark Start        Mark End      Relocate Start    Relocate End   
[67.306s][info   ][gc,alloc    ] GC(37) y: Allocation Stalls:          0                0                0                0         
[67.306s][info   ][gc,load     ] GC(37) y: Load: 0.76 (6%) / 1.14 (9%) / 1.39 (12%)
[67.306s][info   ][gc,mmu      ] GC(37) y: MMU: 2ms/99.0%, 5ms/99.5%, 10ms/99.7%, 20ms/99.8%, 50ms/99.9%, 100ms/99.9%
[67.306s][info   ][gc,marking  ] GC(37) y: Mark: 1 stripe(s), 2 proactive flush(es), 1 terminate flush(es), 0 completion(s), 0 continuation(s) 
[67.306s][info   ][gc,marking  ] GC(37) y: Mark Stack Usage: 32M
[67.306s][info   ][gc,nmethod  ] GC(37) y: NMethods: 384 registered, 107 unregistered
[67.306s][info   ][gc,metaspace] GC(37) y: Metaspace: 0M used, 0M committed, 1088M reserved
[67.306s][info   ][gc,reloc    ] GC(37) y:                        Candidates     Selected     In-Place         Size        Empty    Relocated 
[67.306s][info   ][gc,reloc    ] GC(37) y: Small Pages:                 3848            3            0        7696M        7622M           2M 
[67.306s][info   ][gc,reloc    ] GC(37) y: Medium Pages:                   0            0            0           0M           0M           0M 
[67.306s][info   ][gc,reloc    ] GC(37) y: Large Pages:                    0            0            0           0M           0M           0M 
[67.306s][info   ][gc,reloc    ] GC(37) y: Forwarding Usage: 0M
[67.306s][info   ][gc,reloc    ] GC(37) y: Age Table:
[67.306s][info   ][gc,reloc    ] GC(37) y:                    Live             Garbage             Small              Medium             Large        
[67.306s][info   ][gc,reloc    ] GC(37) y: Eden              63M (1%)         7564M (92%)       3814 / 3              0 / 0              0 / 0        
[67.306s][info   ][gc,reloc    ] GC(37) y: Survivor 1          -                66M (1%)          33 / 0              0 / 0              0 / 0        
[67.306s][info   ][gc,reloc    ] GC(37) y: Survivor 2          -                 0M (0%)           0 / 0              0 / 0              0 / 0        
[67.306s][info   ][gc,reloc    ] GC(37) y: Survivor 3         1M (0%)            0M (0%)           1 / 0              0 / 0              0 / 0        
[67.306s][info   ][gc,heap     ] GC(37) y: Min Capacity: 8192M(100%)
[67.306s][info   ][gc,heap     ] GC(37) y: Max Capacity: 8192M(100%)
[67.306s][info   ][gc,heap     ] GC(37) y: Soft Max Capacity: 8192M(100%)
[67.306s][info   ][gc,heap     ] GC(37) y: Heap Statistics:
[67.306s][info   ][gc,heap     ] GC(37) y:                Mark Start          Mark End        Relocate Start      Relocate End           High               Low         
[67.306s][info   ][gc,heap     ] GC(37) y:  Capacity:     8192M (100%)       8192M (100%)       8192M (100%)       8192M (100%)       8192M (100%)       8192M (100%)   
[67.306s][info   ][gc,heap     ] GC(37) y:      Free:      430M (5%)          362M (4%)         7984M (97%)        7990M (98%)        7990M (98%)         362M (4%)     
[67.306s][info   ][gc,heap     ] GC(37) y:      Used:     7762M (95%)        7830M (96%)         208M (3%)          202M (2%)         7830M (96%)         202M (2%)     
[67.306s][info   ][gc,heap     ] GC(37) y: Young Generation Statistics:
[67.306s][info   ][gc,heap     ] GC(37) y:                Mark Start          Mark End        Relocate Start      Relocate End    
[67.306s][info   ][gc,heap     ] GC(37) y:      Used:     7696M (94%)        7764M (95%)         142M (2%)          136M (2%)     
[67.306s][info   ][gc,heap     ] GC(37) y:      Live:         -                64M (1%)           64M (1%)           64M (1%)     
[67.306s][info   ][gc,heap     ] GC(37) y:   Garbage:         -              7631M (93%)           9M (0%)            2M (0%)     
[67.306s][info   ][gc,heap     ] GC(37) y: Allocated:         -                68M (1%)           68M (1%)           68M (1%)     
[67.306s][info   ][gc,heap     ] GC(37) y: Reclaimed:         -                  -              7622M (93%)        7628M (93%)    
[67.306s][info   ][gc,heap     ] GC(37) y:  Promoted:         -                  -                 0M (0%)            0M (0%)     
[67.306s][info   ][gc,heap     ] GC(37) y: Compacted:         -                  -                  -                 3M (0%)     
[67.306s][info   ][gc,phases   ] GC(37) y: Young Generation 7762M(95%)->202M(2%) 0.023s
[67.306s][info   ][gc          ] GC(37) Minor Collection (High Usage) 7760M(95%)->202M(2%) 0.023s
[68.555s][info   ][gc          ] GC(38) Major Collection (Proactive)
[68.555s][info   ][gc,task     ] GC(38) Using 1 Workers for Young Generation
[68.555s][info   ][gc,task     ] GC(38) Using 1 Workers for Old Generation
[68.555s][info   ][gc,phases   ] GC(38) Y: Young Generation
[68.555s][info   ][gc,phases   ] GC(38) Y: Pause Mark Start (Major) 0.010ms
[68.582s][info   ][gc,phases   ] GC(38) Y: Concurrent Mark 26.957ms
[68.582s][info   ][gc,phases   ] GC(38) Y: Pause Mark End 0.011ms
[68.582s][info   ][gc,phases   ] GC(38) Y: Concurrent Mark Free 0.000ms
[68.582s][info   ][gc,phases   ] GC(38) Y: Concurrent Reset Relocation Set 0.001ms
[68.584s][info   ][gc,reloc    ] GC(38) Y: Using tenuring threshold: 5 (Computed)
[68.584s][info   ][gc,phases   ] GC(38) Y: Concurrent Select Relocation Set 1.281ms
[68.584s][info   ][gc,phases   ] GC(38) Y: Pause Relocate Start 0.005ms
[68.584s][info   ][gc,phases   ] GC(38) Y: Concurrent Relocate 0.398ms
[68.584s][info   ][gc,alloc    ] GC(38) Y:                         Mark Start        Mark End      Relocate Start    Relocate End   
[68.584s][info   ][gc,alloc    ] GC(38) Y: Allocation Stalls:          0                0                0                0         
[68.584s][info   ][gc,load     ] GC(38) Y: Load: 0.86 (7%) / 1.15 (10%) / 1.40 (12%)
[68.584s][info   ][gc,mmu      ] GC(38) Y: MMU: 2ms/99.0%, 5ms/99.5%, 10ms/99.7%, 20ms/99.8%, 50ms/99.9%, 100ms/99.9%
[68.584s][info   ][gc,marking  ] GC(38) Y: Mark: 1 stripe(s), 1 proactive flush(es), 1 terminate flush(es), 0 completion(s), 0 continuation(s) 
[68.584s][info   ][gc,marking  ] GC(38) Y: Mark Stack Usage: 32M
[68.584s][info   ][gc,nmethod  ] GC(38) Y: NMethods: 384 registered, 107 unregistered
[68.584s][info   ][gc,metaspace] GC(38) Y: Metaspace: 0M used, 0M committed, 1088M reserved
[68.584s][info   ][gc,reloc    ] GC(38) Y:                        Candidates     Selected     In-Place         Size        Empty    Relocated 
[68.584s][info   ][gc,reloc    ] GC(38) Y: Small Pages:                 1926            3            0        3852M        3778M           2M 
[68.584s][info   ][gc,reloc    ] GC(38) Y: Medium Pages:                   0            0            0           0M           0M           0M 
[68.584s][info   ][gc,reloc    ] GC(38) Y: Large Pages:                    0            0            0           0M           0M           0M 
[68.584s][info   ][gc,reloc    ] GC(38) Y: Forwarding Usage: 0M
[68.584s][info   ][gc,reloc    ] GC(38) Y: Age Table:
[68.584s][info   ][gc,reloc    ] GC(38) Y:                    Live             Garbage             Small              Medium             Large        
[68.584s][info   ][gc,reloc    ] GC(38) Y: Eden              63M (1%)         3720M (45%)       1892 / 3              0 / 0              0 / 0        
[68.584s][info   ][gc,reloc    ] GC(38) Y: Survivor 1          -                66M (1%)          33 / 0              0 / 0              0 / 0        
[68.584s][info   ][gc,reloc    ] GC(38) Y: Survivor 2          -                 0M (0%)           0 / 0              0 / 0              0 / 0        
[68.584s][info   ][gc,reloc    ] GC(38) Y: Survivor 3          -                 0M (0%)           0 / 0              0 / 0              0 / 0        
[68.584s][info   ][gc,reloc    ] GC(38) Y: Survivor 4         1M (0%)            0M (0%)           1 / 0              0 / 0              0 / 0        
[68.584s][info   ][gc,heap     ] GC(38) Y: Min Capacity: 8192M(100%)
[68.584s][info   ][gc,heap     ] GC(38) Y: Max Capacity: 8192M(100%)
[68.584s][info   ][gc,heap     ] GC(38) Y: Soft Max Capacity: 8192M(100%)
[68.584s][info   ][gc,heap     ] GC(38) Y: Heap Statistics:
[68.584s][info   ][gc,heap     ] GC(38) Y:                Mark Start          Mark End        Relocate Start      Relocate End           High               Low         
[68.584s][info   ][gc,heap     ] GC(38) Y:  Capacity:     8192M (100%)       8192M (100%)       8192M (100%)       8192M (100%)       8192M (100%)       8192M (100%)   
[68.584s][info   ][gc,heap     ] GC(38) Y:      Free:     4274M (52%)        4202M (51%)        7966M (97%)        7970M (97%)        7970M (97%)        4202M (51%)    
[68.584s][info   ][gc,heap     ] GC(38) Y:      Used:     3918M (48%)        3990M (49%)         226M (3%)          222M (3%)         3990M (49%)         222M (3%)     
[68.584s][info   ][gc,heap     ] GC(38) Y: Young Generation Statistics:
[68.584s][info   ][gc,heap     ] GC(38) Y:                Mark Start          Mark End        Relocate Start      Relocate End    
[68.584s][info   ][gc,heap     ] GC(38) Y:      Used:     3852M (47%)        3924M (48%)         160M (2%)          156M (2%)     
[68.584s][info   ][gc,heap     ] GC(38) Y:      Live:         -                64M (1%)           64M (1%)           64M (1%)     
[68.584s][info   ][gc,heap     ] GC(38) Y:   Garbage:         -              3787M (46%)           9M (0%)            2M (0%)     
[68.584s][info   ][gc,heap     ] GC(38) Y: Allocated:         -                72M (1%)           86M (1%)           88M (1%)     
[68.584s][info   ][gc,heap     ] GC(38) Y: Reclaimed:         -                  -              3778M (46%)        3784M (46%)    
[68.584s][info   ][gc,heap     ] GC(38) Y:  Promoted:         -                  -                 0M (0%)            0M (0%)     
[68.584s][info   ][gc,heap     ] GC(38) Y: Compacted:         -                  -                  -                 3M (0%)     
[68.584s][info   ][gc,phases   ] GC(38) Y: Young Generation 3918M(48%)->222M(3%) 0.029s
[68.584s][info   ][gc,phases   ] GC(38) O: Old Generation
[68.612s][info   ][gc,phases   ] GC(38) O: Concurrent Mark 27.227ms
[68.612s][info   ][gc,phases   ] GC(38) O: Pause Mark End 0.010ms
[68.612s][info   ][gc,phases   ] GC(38) O: Concurrent Mark Free 0.001ms
[68.612s][info   ][gc,phases   ] GC(38) O: Concurrent Process Non-Strong 0.686ms
[68.612s][info   ][gc,phases   ] GC(38) O: Concurrent Reset Relocation Set 0.000ms
[68.613s][info   ][gc,phases   ] GC(38) O: Concurrent Select Relocation Set 0.920ms
[68.613s][info   ][gc,task     ] GC(38) O: Using 2 Workers for Old Generation
[68.616s][info   ][gc,task     ] GC(38) O: Using 1 Workers for Old Generation
[68.616s][info   ][gc,phases   ] GC(38) O: Concurrent Remap Roots 2.942ms
[68.616s][info   ][gc,phases   ] GC(38) O: Pause Relocate Start 0.004ms
[68.616s][info   ][gc,phases   ] GC(38) O: Concurrent Relocate 0.010ms
[68.616s][info   ][gc,alloc    ] GC(38) O:                         Mark Start        Mark End      Relocate Start    Relocate End   
[68.616s][info   ][gc,alloc    ] GC(38) O: Allocation Stalls:          0                0                0                0         
[68.616s][info   ][gc,load     ] GC(38) O: Load: 0.86 (7%) / 1.15 (10%) / 1.40 (12%)
[68.616s][info   ][gc,mmu      ] GC(38) O: MMU: 2ms/99.0%, 5ms/99.5%, 10ms/99.7%, 20ms/99.8%, 50ms/99.9%, 100ms/99.9%
[68.616s][info   ][gc,marking  ] GC(38) O: Mark: 1 stripe(s), 2 proactive flush(es), 1 terminate flush(es), 0 completion(s), 0 continuation(s) 
[68.616s][info   ][gc,marking  ] GC(38) O: Mark Stack Usage: 32M
[68.616s][info   ][gc,nmethod  ] GC(38) O: NMethods: 384 registered, 107 unregistered
[68.616s][info   ][gc,metaspace] GC(38) O: Metaspace: 0M used, 0M committed, 1088M reserved
[68.616s][info   ][gc,ref      ] GC(38) O:                       Encountered   Discovered     Enqueued 
[68.616s][info   ][gc,ref      ] GC(38) O: Soft References:               64            0            0 
[68.616s][info   ][gc,ref      ] GC(38) O: Weak References:              217          164            0 
[68.616s][info   ][gc,ref      ] GC(38) O: Final References:               0            0            0 
[68.616s][info   ][gc,ref      ] GC(38) O: Phantom References:             5            3            0 
[68.616s][info   ][gc,reloc    ] GC(38) O:                        Candidates     Selected     In-Place         Size        Empty    Relocated 
[68.616s][info   ][gc,reloc    ] GC(38) O: Small Pages:                   33            0            0          66M           0M           0M 
[68.616s][info   ][gc,reloc    ] GC(38) O: Medium Pages:                   0            0            0           0M           0M           0M 
[68.616s][info   ][gc,reloc    ] GC(38) O: Large Pages:                    0            0            0           0M           0M           0M 
[68.616s][info   ][gc,reloc    ] GC(38) O: Forwarding Usage: 0M
[68.616s][info   ][gc,heap     ] GC(38) O: Min Capacity: 8192M(100%)
[68.616s][info   ][gc,heap     ] GC(38) O: Max Capacity: 8192M(100%)
[68.616s][info   ][gc,heap     ] GC(38) O: Soft Max Capacity: 8192M(100%)
[68.616s][info   ][gc,heap     ] GC(38) O: Heap Statistics:
[68.616s][info   ][gc,heap     ] GC(38) O:                Mark Start          Mark End        Relocate Start      Relocate End           High               Low         
[68.616s][info   ][gc,heap     ] GC(38) O:  Capacity:     8192M (100%)       8192M (100%)       8192M (100%)       8192M (100%)       8192M (100%)       8192M (100%)   
[68.616s][info   ][gc,heap     ] GC(38) O:      Free:     4274M (52%)        7898M (96%)        7878M (96%)        7878M (96%)        7970M (97%)        4202M (51%)    
[68.616s][info   ][gc,heap     ] GC(38) O:      Used:     3918M (48%)         294M (4%)          314M (4%)          314M (4%)         3990M (49%)         222M (3%)     
[68.616s][info   ][gc,heap     ] GC(38) O: Old Generation Statistics:
[68.616s][info   ][gc,heap     ] GC(38) O:                Mark Start          Mark End        Relocate Start      Relocate End    
[68.616s][info   ][gc,heap     ] GC(38) O:      Used:       66M (1%)           66M (1%)           66M (1%)           66M (1%)     
[68.616s][info   ][gc,heap     ] GC(38) O:      Live:         -                64M (1%)           64M (1%)           64M (1%)     
[68.616s][info   ][gc,heap     ] GC(38) O:   Garbage:         -                 1M (0%)            1M (0%)            1M (0%)     
[68.616s][info   ][gc,heap     ] GC(38) O: Allocated:         -                 0M (0%)            0M (0%)            0M (0%)     
[68.616s][info   ][gc,heap     ] GC(38) O: Reclaimed:         -                  -                 0M (0%)            0M (0%)     
[68.616s][info   ][gc,heap     ] GC(38) O: Compacted:         -                  -                  -                 0M (0%)     
[68.616s][info   ][gc,phases   ] GC(38) O: Old Generation 224M(3%)->314M(4%) 0.032s
[68.616s][info   ][gc          ] GC(38) Major Collection (Proactive) 3918M(48%)->314M(4%) 0.061s
[71.114s][info   ][gc          ] GC(39) Minor Collection (High Usage)
[71.114s][info   ][gc,task     ] GC(39) Using 1 Workers for Young Generation
[71.114s][info   ][gc,phases   ] GC(39) y: Young Generation
[71.114s][info   ][gc,phases   ] GC(39) y: Pause Mark Start 0.009ms
[71.126s][info   ][gc,phases   ] GC(39) y: Concurrent Mark 11.711ms
[71.126s][info   ][gc,phases   ] GC(39) y: Pause Mark End 0.007ms
[71.126s][info   ][gc,phases   ] GC(39) y: Concurrent Mark Free 0.000ms
[71.126s][info   ][gc,phases   ] GC(39) y: Concurrent Reset Relocation Set 0.001ms
[71.127s][info   ][gc,reloc    ] GC(39) y: Using tenuring threshold: 6 (Computed)
[71.127s][info   ][gc,phases   ] GC(39) y: Concurrent Select Relocation Set 1.158ms
[71.127s][info   ][gc,phases   ] GC(39) y: Pause Relocate Start 0.003ms
[71.128s][info   ][gc,phases   ] GC(39) y: Concurrent Relocate 0.393ms
[71.128s][info   ][gc,alloc    ] GC(39) y:                         Mark Start        Mark End      Relocate Start    Relocate End   
[71.128s][info   ][gc,alloc    ] GC(39) y: Allocation Stalls:          0                0                0                0         
[71.128s][info   ][gc,load     ] GC(39) y: Load: 0.86 (7%) / 1.15 (10%) / 1.40 (12%)
[71.128s][info   ][gc,mmu      ] GC(39) y: MMU: 2ms/99.0%, 5ms/99.5%, 10ms/99.7%, 20ms/99.8%, 50ms/99.9%, 100ms/99.9%
[71.128s][info   ][gc,marking  ] GC(39) y: Mark: 1 stripe(s), 2 proactive flush(es), 1 terminate flush(es), 0 completion(s), 0 continuation(s) 
[71.128s][info   ][gc,marking  ] GC(39) y: Mark Stack Usage: 32M
[71.128s][info   ][gc,nmethod  ] GC(39) y: NMethods: 384 registered, 107 unregistered
[71.128s][info   ][gc,metaspace] GC(39) y: Metaspace: 0M used, 0M committed, 1088M reserved
[71.128s][info   ][gc,reloc    ] GC(39) y:                        Candidates     Selected     In-Place         Size        Empty    Relocated 
[71.128s][info   ][gc,reloc    ] GC(39) y: Small Pages:                 3840            2            0        7680M        7610M           2M 
[71.128s][info   ][gc,reloc    ] GC(39) y: Medium Pages:                   0            0            0           0M           0M           0M 
[71.128s][info   ][gc,reloc    ] GC(39) y: Large Pages:                    0            0            0           0M           0M           0M 
[71.128s][info   ][gc,reloc    ] GC(39) y: Forwarding Usage: 0M
[71.128s][info   ][gc,reloc    ] GC(39) y: Age Table:
[71.128s][info   ][gc,reloc    ] GC(39) y:                    Live             Garbage             Small              Medium             Large        
[71.128s][info   ][gc,reloc    ] GC(39) y: Eden              63M (1%)         7548M (92%)       3806 / 1              0 / 0              0 / 0        
[71.128s][info   ][gc,reloc    ] GC(39) y: Survivor 1          -                66M (1%)          33 / 0              0 / 0              0 / 0        
[71.128s][info   ][gc,reloc    ] GC(39) y: Survivor 2          -                 0M (0%)           0 / 0              0 / 0              0 / 0        
[71.128s][info   ][gc,reloc    ] GC(39) y: Survivor 3          -                 0M (0%)           0 / 0              0 / 0              0 / 0        
[71.128s][info   ][gc,reloc    ] GC(39) y: Survivor 4          -                 0M (0%)           0 / 0              0 / 0              0 / 0        
[71.128s][info   ][gc,reloc    ] GC(39) y: Survivor 5         1M (0%)            0M (0%)           1 / 1              0 / 0              0 / 0        
[71.128s][info   ][gc,heap     ] GC(39) y: Min Capacity: 8192M(100%)
[71.128s][info   ][gc,heap     ] GC(39) y: Max Capacity: 8192M(100%)
[71.128s][info   ][gc,heap     ] GC(39) y: Soft Max Capacity: 8192M(100%)
[71.128s][info   ][gc,heap     ] GC(39) y: Heap Statistics:
[71.128s][info   ][gc,heap     ] GC(39) y:                Mark Start          Mark End        Relocate Start      Relocate End           High               Low         
[71.128s][info   ][gc,heap     ] GC(39) y:  Capacity:     8192M (100%)       8192M (100%)       8192M (100%)       8192M (100%)       8192M (100%)       8192M (100%)   
[71.128s][info   ][gc,heap     ] GC(39) y:      Free:      446M (5%)          414M (5%)         8024M (98%)        8026M (98%)        8026M (98%)         414M (5%)     
[71.128s][info   ][gc,heap     ] GC(39) y:      Used:     7746M (95%)        7778M (95%)         168M (2%)          166M (2%)         7778M (95%)         166M (2%)     
[71.128s][info   ][gc,heap     ] GC(39) y: Young Generation Statistics:
[71.128s][info   ][gc,heap     ] GC(39) y:                Mark Start          Mark End        Relocate Start      Relocate End    
[71.128s][info   ][gc,heap     ] GC(39) y:      Used:     7680M (94%)        7712M (94%)         102M (1%)          100M (1%)     
[71.128s][info   ][gc,heap     ] GC(39) y:      Live:         -                64M (1%)           64M (1%)           64M (1%)     
[71.128s][info   ][gc,heap     ] GC(39) y:   Garbage:         -              7615M (93%)           5M (0%)            0M (0%)     
[71.128s][info   ][gc,heap     ] GC(39) y: Allocated:         -                32M (0%)           32M (0%)           34M (0%)     
[71.128s][info   ][gc,heap     ] GC(39) y: Reclaimed:         -                  -              7610M (93%)        7614M (93%)    
[71.128s][info   ][gc,heap     ] GC(39) y:  Promoted:         -                  -                 0M (0%)            0M (0%)     
[71.128s][info   ][gc,heap     ] GC(39) y: Compacted:         -                  -                  -                 3M (0%)     
[71.128s][info   ][gc,phases   ] GC(39) y: Young Generation 7746M(95%)->166M(2%) 0.013s
[71.128s][info   ][gc          ] GC(39) Minor Collection (High Usage) 7746M(95%)->166M(2%) 0.014s
[72.584s][info   ][gc          ] GC(40) Major Collection (Proactive)
[72.584s][info   ][gc,task     ] GC(40) Using 1 Workers for Young Generation
[72.584s][info   ][gc,task     ] GC(40) Using 1 Workers for Old Generation
[72.584s][info   ][gc,phases   ] GC(40) Y: Young Generation
[72.584s][info   ][gc,phases   ] GC(40) Y: Pause Mark Start (Major) 0.007ms
[72.598s][info   ][gc,phases   ] GC(40) Y: Concurrent Mark 14.016ms
[72.598s][info   ][gc,phases   ] GC(40) Y: Pause Mark End 0.006ms
[72.598s][info   ][gc,phases   ] GC(40) Y: Concurrent Mark Free 0.000ms
[72.598s][info   ][gc,phases   ] GC(40) Y: Concurrent Reset Relocation Set 0.001ms
[72.599s][info   ][gc,reloc    ] GC(40) Y: Using tenuring threshold: 7 (Computed)
[72.599s][info   ][gc,phases   ] GC(40) Y: Concurrent Select Relocation Set 1.027ms
[72.599s][info   ][gc,phases   ] GC(40) Y: Pause Relocate Start 0.003ms
[72.599s][info   ][gc,phases   ] GC(40) Y: Concurrent Relocate 0.214ms
[72.599s][info   ][gc,alloc    ] GC(40) Y:                         Mark Start        Mark End      Relocate Start    Relocate End   
[72.599s][info   ][gc,alloc    ] GC(40) Y: Allocation Stalls:          0                0                0                0         
[72.599s][info   ][gc,load     ] GC(40) Y: Load: 0.86 (7%) / 1.15 (10%) / 1.40 (12%)
[72.599s][info   ][gc,mmu      ] GC(40) Y: MMU: 2ms/99.0%, 5ms/99.5%, 10ms/99.7%, 20ms/99.8%, 50ms/99.9%, 100ms/99.9%
[72.599s][info   ][gc,marking  ] GC(40) Y: Mark: 1 stripe(s), 2 proactive flush(es), 1 terminate flush(es), 0 completion(s), 0 continuation(s) 
[72.599s][info   ][gc,marking  ] GC(40) Y: Mark Stack Usage: 32M
[72.599s][info   ][gc,nmethod  ] GC(40) Y: NMethods: 384 registered, 107 unregistered
[72.599s][info   ][gc,metaspace] GC(40) Y: Metaspace: 0M used, 0M committed, 1088M reserved
[72.599s][info   ][gc,reloc    ] GC(40) Y:                        Candidates     Selected     In-Place         Size        Empty    Relocated 
[72.599s][info   ][gc,reloc    ] GC(40) Y: Small Pages:                 2220            4            0        4440M        4364M           1M 
[72.599s][info   ][gc,reloc    ] GC(40) Y: Medium Pages:                   0            0            0           0M           0M           0M 
[72.599s][info   ][gc,reloc    ] GC(40) Y: Large Pages:                    0            0            0           0M           0M           0M 
[72.599s][info   ][gc,reloc    ] GC(40) Y: Forwarding Usage: 0M
[72.599s][info   ][gc,reloc    ] GC(40) Y: Age Table:
[72.599s][info   ][gc,reloc    ] GC(40) Y:                    Live             Garbage             Small              Medium             Large        
[72.599s][info   ][gc,reloc    ] GC(40) Y: Eden              63M (1%)         4308M (53%)       2186 / 4              0 / 0              0 / 0        
[72.599s][info   ][gc,reloc    ] GC(40) Y: Survivor 1          -                66M (1%)          33 / 0              0 / 0              0 / 0        
[72.599s][info   ][gc,reloc    ] GC(40) Y: Survivor 2          -                 0M (0%)           0 / 0              0 / 0              0 / 0        
[72.599s][info   ][gc,reloc    ] GC(40) Y: Survivor 3          -                 0M (0%)           0 / 0              0 / 0              0 / 0        
[72.599s][info   ][gc,reloc    ] GC(40) Y: Survivor 4          -                 0M (0%)           0 / 0              0 / 0              0 / 0        
[72.599s][info   ][gc,reloc    ] GC(40) Y: Survivor 5          -                 0M (0%)           0 / 0              0 / 0              0 / 0        
[72.599s][info   ][gc,reloc    ] GC(40) Y: Survivor 6         1M (0%)            0M (0%)           1 / 0              0 / 0              0 / 0        
[72.599s][info   ][gc,heap     ] GC(40) Y: Min Capacity: 8192M(100%)
[72.599s][info   ][gc,heap     ] GC(40) Y: Max Capacity: 8192M(100%)
[72.599s][info   ][gc,heap     ] GC(40) Y: Soft Max Capacity: 8192M(100%)
[72.599s][info   ][gc,heap     ] GC(40) Y: Heap Statistics:
[72.599s][info   ][gc,heap     ] GC(40) Y:                Mark Start          Mark End        Relocate Start      Relocate End           High               Low         
[72.599s][info   ][gc,heap     ] GC(40) Y:  Capacity:     8192M (100%)       8192M (100%)       8192M (100%)       8192M (100%)       8192M (100%)       8192M (100%)   
[72.599s][info   ][gc,heap     ] GC(40) Y:      Free:     3686M (45%)        3652M (45%)        8016M (98%)        8024M (98%)        8024M (98%)        3650M (45%)    
[72.599s][info   ][gc,heap     ] GC(40) Y:      Used:     4506M (55%)        4540M (55%)         176M (2%)          168M (2%)         4542M (55%)         168M (2%)     
[72.599s][info   ][gc,heap     ] GC(40) Y: Young Generation Statistics:
[72.599s][info   ][gc,heap     ] GC(40) Y:                Mark Start          Mark End        Relocate Start      Relocate End    
[72.599s][info   ][gc,heap     ] GC(40) Y:      Used:     4440M (54%)        4474M (55%)         110M (1%)          102M (1%)     
[72.599s][info   ][gc,heap     ] GC(40) Y:      Live:         -                64M (1%)           64M (1%)           64M (1%)     
[72.599s][info   ][gc,heap     ] GC(40) Y:   Garbage:         -              4375M (53%)          11M (0%)            2M (0%)     
[72.599s][info   ][gc,heap     ] GC(40) Y: Allocated:         -                34M (0%)           34M (0%)           34M (0%)     
[72.599s][info   ][gc,heap     ] GC(40) Y: Reclaimed:         -                  -              4364M (53%)        4372M (53%)    
[72.599s][info   ][gc,heap     ] GC(40) Y:  Promoted:         -                  -                 0M (0%)            0M (0%)     
[72.599s][info   ][gc,heap     ] GC(40) Y: Compacted:         -                  -                  -                 1M (0%)     
[72.599s][info   ][gc,phases   ] GC(40) Y: Young Generation 4506M(55%)->168M(2%) 0.015s
[72.599s][info   ][gc,phases   ] GC(40) O: Old Generation
[72.619s][info   ][gc,phases   ] GC(40) O: Concurrent Mark 19.666ms
[72.619s][info   ][gc,phases   ] GC(40) O: Pause Mark End 0.007ms
[72.619s][info   ][gc,phases   ] GC(40) O: Concurrent Mark Free 0.000ms
[72.619s][info   ][gc,phases   ] GC(40) O: Concurrent Process Non-Strong 0.564ms
[72.619s][info   ][gc,phases   ] GC(40) O: Concurrent Reset Relocation Set 0.000ms
[72.620s][info   ][gc,phases   ] GC(40) O: Concurrent Select Relocation Set 0.937ms
[72.620s][info   ][gc,task     ] GC(40) O: Using 2 Workers for Old Generation
[72.623s][info   ][gc,task     ] GC(40) O: Using 1 Workers for Old Generation
[72.623s][info   ][gc,phases   ] GC(40) O: Concurrent Remap Roots 2.973ms
[72.623s][info   ][gc,phases   ] GC(40) O: Pause Relocate Start 0.004ms
[72.623s][info   ][gc,phases   ] GC(40) O: Concurrent Relocate 0.015ms
[72.623s][info   ][gc,alloc    ] GC(40) O:                         Mark Start        Mark End      Relocate Start    Relocate End   
[72.623s][info   ][gc,alloc    ] GC(40) O: Allocation Stalls:          0                0                0                0         
[72.623s][info   ][gc,load     ] GC(40) O: Load: 0.86 (7%) / 1.15 (10%) / 1.40 (12%)
[72.623s][info   ][gc,mmu      ] GC(40) O: MMU: 2ms/99.0%, 5ms/99.5%, 10ms/99.7%, 20ms/99.8%, 50ms/99.9%, 100ms/99.9%
[72.623s][info   ][gc,marking  ] GC(40) O: Mark: 1 stripe(s), 2 proactive flush(es), 1 terminate flush(es), 0 completion(s), 0 continuation(s) 
[72.623s][info   ][gc,marking  ] GC(40) O: Mark Stack Usage: 32M
[72.623s][info   ][gc,nmethod  ] GC(40) O: NMethods: 384 registered, 107 unregistered
[72.623s][info   ][gc,metaspace] GC(40) O: Metaspace: 0M used, 0M committed, 1088M reserved
[72.623s][info   ][gc,ref      ] GC(40) O:                       Encountered   Discovered     Enqueued 
[72.623s][info   ][gc,ref      ] GC(40) O: Soft References:               64            0            0 
[72.623s][info   ][gc,ref      ] GC(40) O: Weak References:              217          164            0 
[72.623s][info   ][gc,ref      ] GC(40) O: Final References:               0            0            0 
[72.624s][info   ][gc,ref      ] GC(40) O: Phantom References:             5            3            0 
[72.624s][info   ][gc,reloc    ] GC(40) O:                        Candidates     Selected     In-Place         Size        Empty    Relocated 
[72.624s][info   ][gc,reloc    ] GC(40) O: Small Pages:                   33            0            0          66M           0M           0M 
[72.624s][info   ][gc,reloc    ] GC(40) O: Medium Pages:                   0            0            0           0M           0M           0M 
[72.624s][info   ][gc,reloc    ] GC(40) O: Large Pages:                    0            0            0           0M           0M           0M 
[72.624s][info   ][gc,reloc    ] GC(40) O: Forwarding Usage: 0M
[72.624s][info   ][gc,heap     ] GC(40) O: Min Capacity: 8192M(100%)
[72.624s][info   ][gc,heap     ] GC(40) O: Max Capacity: 8192M(100%)
[72.624s][info   ][gc,heap     ] GC(40) O: Soft Max Capacity: 8192M(100%)
[72.624s][info   ][gc,heap     ] GC(40) O: Heap Statistics:
[72.624s][info   ][gc,heap     ] GC(40) O:                Mark Start          Mark End        Relocate Start      Relocate End           High               Low         
[72.624s][info   ][gc,heap     ] GC(40) O:  Capacity:     8192M (100%)       8192M (100%)       8192M (100%)       8192M (100%)       8192M (100%)       8192M (100%)   
[72.624s][info   ][gc,heap     ] GC(40) O:      Free:     3686M (45%)        7964M (97%)        7936M (97%)        7936M (97%)        8024M (98%)        3650M (45%)    
[72.624s][info   ][gc,heap     ] GC(40) O:      Used:     4506M (55%)         228M (3%)          256M (3%)          256M (3%)         4542M (55%)         168M (2%)     
[72.624s][info   ][gc,heap     ] GC(40) O: Old Generation Statistics:
[72.624s][info   ][gc,heap     ] GC(40) O:                Mark Start          Mark End        Relocate Start      Relocate End    
[72.624s][info   ][gc,heap     ] GC(40) O:      Used:       66M (1%)           66M (1%)           66M (1%)           66M (1%)     
[72.624s][info   ][gc,heap     ] GC(40) O:      Live:         -                64M (1%)           64M (1%)           64M (1%)     
[72.624s][info   ][gc,heap     ] GC(40) O:   Garbage:         -                 1M (0%)            1M (0%)            1M (0%)     
[72.624s][info   ][gc,heap     ] GC(40) O: Allocated:         -                 0M (0%)            0M (0%)            0M (0%)     
[72.624s][info   ][gc,heap     ] GC(40) O: Reclaimed:         -                  -                 0M (0%)            0M (0%)     
[72.624s][info   ][gc,heap     ] GC(40) O: Compacted:         -                  -                  -                 0M (0%)     
[72.624s][info   ][gc,phases   ] GC(40) O: Old Generation 168M(2%)->256M(3%) 0.024s
[72.624s][info   ][gc          ] GC(40) Major Collection (Proactive) 4506M(55%)->256M(3%) 0.040s
[75.152s][info   ][gc          ] GC(41) Minor Collection (High Usage)
[75.152s][info   ][gc,task     ] GC(41) Using 1 Workers for Young Generation
[75.152s][info   ][gc,phases   ] GC(41) y: Young Generation
[75.152s][info   ][gc,phases   ] GC(41) y: Pause Mark Start 0.009ms
[75.164s][info   ][gc,phases   ] GC(41) y: Concurrent Mark 11.806ms
[75.164s][info   ][gc,phases   ] GC(41) y: Pause Mark End 0.008ms
[75.164s][info   ][gc,phases   ] GC(41) y: Concurrent Mark Free 0.000ms
[75.164s][info   ][gc,phases   ] GC(41) y: Concurrent Reset Relocation Set 0.001ms
[75.165s][info   ][gc,reloc    ] GC(41) y: Using tenuring threshold: 7 (Computed)
[75.165s][info   ][gc,phases   ] GC(41) y: Concurrent Select Relocation Set 1.340ms
[75.165s][info   ][gc,phases   ] GC(41) y: Pause Relocate Start 0.003ms
[75.165s][info   ][gc,phases   ] GC(41) y: Concurrent Relocate 0.417ms
[75.166s][info   ][gc,alloc    ] GC(41) y:                         Mark Start        Mark End      Relocate Start    Relocate End   
[75.166s][info   ][gc,alloc    ] GC(41) y: Allocation Stalls:          0                0                0                0         
[75.166s][info   ][gc,load     ] GC(41) y: Load: 0.79 (7%) / 1.13 (9%) / 1.39 (12%)
[75.166s][info   ][gc,mmu      ] GC(41) y: MMU: 2ms/99.0%, 5ms/99.5%, 10ms/99.7%, 20ms/99.8%, 50ms/99.9%, 100ms/99.9%
[75.166s][info   ][gc,marking  ] GC(41) y: Mark: 1 stripe(s), 2 proactive flush(es), 1 terminate flush(es), 0 completion(s), 0 continuation(s) 
[75.166s][info   ][gc,marking  ] GC(41) y: Mark Stack Usage: 32M
[75.166s][info   ][gc,nmethod  ] GC(41) y: NMethods: 384 registered, 107 unregistered
[75.166s][info   ][gc,metaspace] GC(41) y: Metaspace: 0M used, 0M committed, 1088M reserved
[75.166s][info   ][gc,reloc    ] GC(41) y:                        Candidates     Selected     In-Place         Size        Empty    Relocated 
[75.166s][info   ][gc,reloc    ] GC(41) y: Small Pages:                 3848            4            0        7696M        7618M           2M 
[75.166s][info   ][gc,reloc    ] GC(41) y: Medium Pages:                   0            0            0           0M           0M           0M 
[75.166s][info   ][gc,reloc    ] GC(41) y: Large Pages:                    0            0            0           0M           0M           0M 
[75.166s][info   ][gc,reloc    ] GC(41) y: Forwarding Usage: 0M
[75.166s][info   ][gc,reloc    ] GC(41) y: Age Table:
[75.166s][info   ][gc,reloc    ] GC(41) y:                    Live             Garbage             Small              Medium             Large        
[75.166s][info   ][gc,reloc    ] GC(41) y: Eden              63M (1%)         7564M (92%)       3814 / 3              0 / 0              0 / 0        
[75.166s][info   ][gc,reloc    ] GC(41) y: Survivor 1          -                66M (1%)          33 / 0              0 / 0              0 / 0        
[75.166s][info   ][gc,reloc    ] GC(41) y: Survivor 2          -                 0M (0%)           0 / 0              0 / 0              0 / 0        
[75.166s][info   ][gc,reloc    ] GC(41) y: Survivor 3          -                 0M (0%)           0 / 0              0 / 0              0 / 0        
[75.166s][info   ][gc,reloc    ] GC(41) y: Survivor 4          -                 0M (0%)           0 / 0              0 / 0              0 / 0        
[75.166s][info   ][gc,reloc    ] GC(41) y: Survivor 5          -                 0M (0%)           0 / 0              0 / 0              0 / 0        
[75.166s][info   ][gc,reloc    ] GC(41) y: Survivor 6          -                 0M (0%)           0 / 0              0 / 0              0 / 0        
[75.166s][info   ][gc,reloc    ] GC(41) y: Survivor 7         1M (0%)            0M (0%)           1 / 1              0 / 0              0 / 0        
[75.166s][info   ][gc,heap     ] GC(41) y: Min Capacity: 8192M(100%)
[75.166s][info   ][gc,heap     ] GC(41) y: Max Capacity: 8192M(100%)
[75.166s][info   ][gc,heap     ] GC(41) y: Soft Max Capacity: 8192M(100%)
[75.166s][info   ][gc,heap     ] GC(41) y: Heap Statistics:
[75.166s][info   ][gc,heap     ] GC(41) y:                Mark Start          Mark End        Relocate Start      Relocate End           High               Low         
[75.166s][info   ][gc,heap     ] GC(41) y:  Capacity:     8192M (100%)       8192M (100%)       8192M (100%)       8192M (100%)       8192M (100%)       8192M (100%)   
[75.166s][info   ][gc,heap     ] GC(41) y:      Free:      430M (5%)          386M (5%)         7996M (98%)        8002M (98%)        8002M (98%)         384M (5%)     
[75.166s][info   ][gc,heap     ] GC(41) y:      Used:     7762M (95%)        7806M (95%)         196M (2%)          190M (2%)         7808M (95%)         190M (2%)     
[75.166s][info   ][gc,heap     ] GC(41) y: Young Generation Statistics:
[75.166s][info   ][gc,heap     ] GC(41) y:                Mark Start          Mark End        Relocate Start      Relocate End    
[75.166s][info   ][gc,heap     ] GC(41) y:      Used:     7696M (94%)        7740M (94%)         130M (2%)          122M (1%)     
[75.166s][info   ][gc,heap     ] GC(41) y:      Live:         -                64M (1%)           64M (1%)           63M (1%)     
[75.166s][info   ][gc,heap     ] GC(41) y:   Garbage:         -              7631M (93%)          13M (0%)            4M (0%)     
[75.166s][info   ][gc,heap     ] GC(41) y: Allocated:         -                44M (1%)           52M (1%)           53M (1%)     
[75.166s][info   ][gc,heap     ] GC(41) y: Reclaimed:         -                  -              7618M (93%)        7626M (93%)    
[75.166s][info   ][gc,heap     ] GC(41) y:  Promoted:         -                  -                 0M (0%)            1M (0%)     
[75.166s][info   ][gc,heap     ] GC(41) y: Compacted:         -                  -                  -                 2M (0%)     
[75.166s][info   ][gc,phases   ] GC(41) y: Young Generation 7762M(95%)->190M(2%) 0.014s
[75.166s][info   ][gc          ] GC(41) Minor Collection (High Usage) 7762M(95%)->190M(2%) 0.014s
[75.722s][info   ][gc          ] GC(42) Major Collection (Proactive)
[75.722s][info   ][gc,task     ] GC(42) Using 1 Workers for Young Generation
[75.722s][info   ][gc,task     ] GC(42) Using 1 Workers for Old Generation
[75.722s][info   ][gc,phases   ] GC(42) Y: Young Generation
[75.722s][info   ][gc,phases   ] GC(42) Y: Pause Mark Start (Major) 0.009ms
[75.735s][info   ][gc,phases   ] GC(42) Y: Concurrent Mark 12.990ms
[75.735s][info   ][gc,phases   ] GC(42) Y: Pause Mark End 0.008ms
[75.735s][info   ][gc,phases   ] GC(42) Y: Concurrent Mark Free 0.000ms
[75.735s][info   ][gc,phases   ] GC(42) Y: Concurrent Reset Relocation Set 0.001ms
[75.736s][info   ][gc,reloc    ] GC(42) Y: Using tenuring threshold: 2 (Computed)
[75.736s][info   ][gc,phases   ] GC(42) Y: Concurrent Select Relocation Set 0.990ms
[75.736s][info   ][gc,phases   ] GC(42) Y: Pause Relocate Start 0.003ms
[75.736s][info   ][gc,phases   ] GC(42) Y: Concurrent Relocate 0.198ms
[75.736s][info   ][gc,alloc    ] GC(42) Y:                         Mark Start        Mark End      Relocate Start    Relocate End   
[75.736s][info   ][gc,alloc    ] GC(42) Y: Allocation Stalls:          0                0                0                0         
[75.736s][info   ][gc,load     ] GC(42) Y: Load: 0.79 (7%) / 1.13 (9%) / 1.39 (12%)
[75.736s][info   ][gc,mmu      ] GC(42) Y: MMU: 2ms/99.0%, 5ms/99.5%, 10ms/99.7%, 20ms/99.8%, 50ms/99.9%, 100ms/99.9%
[75.736s][info   ][gc,marking  ] GC(42) Y: Mark: 1 stripe(s), 2 proactive flush(es), 1 terminate flush(es), 0 completion(s), 0 continuation(s) 
[75.736s][info   ][gc,marking  ] GC(42) Y: Mark Stack Usage: 32M
[75.736s][info   ][gc,nmethod  ] GC(42) Y: NMethods: 384 registered, 107 unregistered
[75.736s][info   ][gc,metaspace] GC(42) Y: Metaspace: 0M used, 0M committed, 1088M reserved
[75.736s][info   ][gc,reloc    ] GC(42) Y:                        Candidates     Selected     In-Place         Size        Empty    Relocated 
[75.736s][info   ][gc,reloc    ] GC(42) Y: Small Pages:                  882            4            0        1764M        1690M           1M 
[75.736s][info   ][gc,reloc    ] GC(42) Y: Medium Pages:                   0            0            0           0M           0M           0M 
[75.736s][info   ][gc,reloc    ] GC(42) Y: Large Pages:                    0            0            0           0M           0M           0M 
[75.736s][info   ][gc,reloc    ] GC(42) Y: Forwarding Usage: 0M
[75.736s][info   ][gc,reloc    ] GC(42) Y: Age Table:
[75.736s][info   ][gc,reloc    ] GC(42) Y:                    Live             Garbage             Small              Medium             Large        
[75.736s][info   ][gc,reloc    ] GC(42) Y: Eden              63M (1%)         1630M (20%)        847 / 4              0 / 0              0 / 0        
[75.736s][info   ][gc,reloc    ] GC(42) Y: Survivor 1         0M (0%)           69M (1%)          35 / 0              0 / 0              0 / 0        
[75.736s][info   ][gc,heap     ] GC(42) Y: Min Capacity: 8192M(100%)
[75.736s][info   ][gc,heap     ] GC(42) Y: Max Capacity: 8192M(100%)
[75.736s][info   ][gc,heap     ] GC(42) Y: Soft Max Capacity: 8192M(100%)
[75.736s][info   ][gc,heap     ] GC(42) Y: Heap Statistics:
[75.736s][info   ][gc,heap     ] GC(42) Y:                Mark Start          Mark End        Relocate Start      Relocate End           High               Low         
[75.736s][info   ][gc,heap     ] GC(42) Y:  Capacity:     8192M (100%)       8192M (100%)       8192M (100%)       8192M (100%)       8192M (100%)       8192M (100%)   
[75.736s][info   ][gc,heap     ] GC(42) Y:      Free:     6360M (78%)        6306M (77%)        7996M (98%)        8002M (98%)        8002M (98%)        6306M (77%)    
[75.736s][info   ][gc,heap     ] GC(42) Y:      Used:     1832M (22%)        1886M (23%)         196M (2%)          190M (2%)         1886M (23%)         190M (2%)     
[75.736s][info   ][gc,heap     ] GC(42) Y: Young Generation Statistics:
[75.736s][info   ][gc,heap     ] GC(42) Y:                Mark Start          Mark End        Relocate Start      Relocate End    
[75.736s][info   ][gc,heap     ] GC(42) Y:      Used:     1764M (22%)        1818M (22%)         128M (2%)          122M (1%)     
[75.736s][info   ][gc,heap     ] GC(42) Y:      Live:         -                63M (1%)           63M (1%)           63M (1%)     
[75.736s][info   ][gc,heap     ] GC(42) Y:   Garbage:         -              1700M (21%)          10M (0%)            2M (0%)     
[75.736s][info   ][gc,heap     ] GC(42) Y: Allocated:         -                54M (1%)           54M (1%)           56M (1%)     
[75.736s][info   ][gc,heap     ] GC(42) Y: Reclaimed:         -                  -              1690M (21%)        1698M (21%)    
[75.736s][info   ][gc,heap     ] GC(42) Y:  Promoted:         -                  -                 0M (0%)            0M (0%)     
[75.736s][info   ][gc,heap     ] GC(42) Y: Compacted:         -                  -                  -                 1M (0%)     
[75.736s][info   ][gc,phases   ] GC(42) Y: Young Generation 1832M(22%)->190M(2%) 0.014s
[75.736s][info   ][gc,phases   ] GC(42) O: Old Generation
[75.756s][info   ][gc,phases   ] GC(42) O: Concurrent Mark 20.011ms
[75.756s][info   ][gc,phases   ] GC(42) O: Pause Mark End 0.007ms
[75.756s][info   ][gc,phases   ] GC(42) O: Concurrent Mark Free 0.000ms
[75.757s][info   ][gc,phases   ] GC(42) O: Concurrent Process Non-Strong 0.550ms
[75.757s][info   ][gc,phases   ] GC(42) O: Concurrent Reset Relocation Set 0.000ms
[75.758s][info   ][gc,phases   ] GC(42) O: Concurrent Select Relocation Set 0.926ms
[75.758s][info   ][gc,task     ] GC(42) O: Using 2 Workers for Old Generation
[75.762s][info   ][gc,task     ] GC(42) O: Using 1 Workers for Old Generation
[75.762s][info   ][gc,phases   ] GC(42) O: Concurrent Remap Roots 4.050ms
[75.762s][info   ][gc,phases   ] GC(42) O: Pause Relocate Start 0.004ms
[75.762s][info   ][gc,phases   ] GC(42) O: Concurrent Relocate 0.027ms
[75.762s][info   ][gc,alloc    ] GC(42) O:                         Mark Start        Mark End      Relocate Start    Relocate End   
[75.762s][info   ][gc,alloc    ] GC(42) O: Allocation Stalls:          0                0                0                0         
[75.762s][info   ][gc,load     ] GC(42) O: Load: 0.79 (7%) / 1.13 (9%) / 1.39 (12%)
[75.762s][info   ][gc,mmu      ] GC(42) O: MMU: 2ms/99.0%, 5ms/99.5%, 10ms/99.7%, 20ms/99.8%, 50ms/99.9%, 100ms/99.9%
[75.762s][info   ][gc,marking  ] GC(42) O: Mark: 1 stripe(s), 2 proactive flush(es), 1 terminate flush(es), 0 completion(s), 0 continuation(s) 
[75.762s][info   ][gc,marking  ] GC(42) O: Mark Stack Usage: 32M
[75.762s][info   ][gc,nmethod  ] GC(42) O: NMethods: 383 registered, 108 unregistered
[75.762s][info   ][gc,metaspace] GC(42) O: Metaspace: 0M used, 0M committed, 1088M reserved
[75.762s][info   ][gc,ref      ] GC(42) O:                       Encountered   Discovered     Enqueued 
[75.762s][info   ][gc,ref      ] GC(42) O: Soft References:               64            0            0 
[75.762s][info   ][gc,ref      ] GC(42) O: Weak References:              217          165            0 
[75.762s][info   ][gc,ref      ] GC(42) O: Final References:               0            0            0 
[75.762s][info   ][gc,ref      ] GC(42) O: Phantom References:             5            3            0 
[75.762s][info   ][gc,reloc    ] GC(42) O:                        Candidates     Selected     In-Place         Size        Empty    Relocated 
[75.762s][info   ][gc,reloc    ] GC(42) O: Small Pages:                   34            0            0          68M           0M           0M 
[75.762s][info   ][gc,reloc    ] GC(42) O: Medium Pages:                   0            0            0           0M           0M           0M 
[75.762s][info   ][gc,reloc    ] GC(42) O: Large Pages:                    0            0            0           0M           0M           0M 
[75.762s][info   ][gc,reloc    ] GC(42) O: Forwarding Usage: 0M
[75.762s][info   ][gc,heap     ] GC(42) O: Min Capacity: 8192M(100%)
[75.762s][info   ][gc,heap     ] GC(42) O: Max Capacity: 8192M(100%)
[75.762s][info   ][gc,heap     ] GC(42) O: Soft Max Capacity: 8192M(100%)
[75.762s][info   ][gc,heap     ] GC(42) O: Heap Statistics:
[75.762s][info   ][gc,heap     ] GC(42) O:                Mark Start          Mark End        Relocate Start      Relocate End           High               Low         
[75.762s][info   ][gc,heap     ] GC(42) O:  Capacity:     8192M (100%)       8192M (100%)       8192M (100%)       8192M (100%)       8192M (100%)       8192M (100%)   
[75.762s][info   ][gc,heap     ] GC(42) O:      Free:     6360M (78%)        7942M (97%)        7928M (97%)        7928M (97%)        8002M (98%)        6306M (77%)    
[75.762s][info   ][gc,heap     ] GC(42) O:      Used:     1832M (22%)         250M (3%)          264M (3%)          264M (3%)         1886M (23%)         190M (2%)     
[75.762s][info   ][gc,heap     ] GC(42) O: Old Generation Statistics:
[75.762s][info   ][gc,heap     ] GC(42) O:                Mark Start          Mark End        Relocate Start      Relocate End    
[75.762s][info   ][gc,heap     ] GC(42) O:      Used:       68M (1%)           68M (1%)           68M (1%)           68M (1%)     
[75.762s][info   ][gc,heap     ] GC(42) O:      Live:         -                65M (1%)           65M (1%)           65M (1%)     
[75.762s][info   ][gc,heap     ] GC(42) O:   Garbage:         -                 2M (0%)            2M (0%)            2M (0%)     
[75.762s][info   ][gc,heap     ] GC(42) O: Allocated:         -                 0M (0%)            0M (0%)            0M (0%)     
[75.762s][info   ][gc,heap     ] GC(42) O: Reclaimed:         -                  -                 0M (0%)            0M (0%)     
[75.762s][info   ][gc,heap     ] GC(42) O: Compacted:         -                  -                  -                 0M (0%)     
[75.762s][info   ][gc,phases   ] GC(42) O: Old Generation 190M(2%)->264M(3%) 0.026s
[75.762s][info   ][gc          ] GC(42) Major Collection (Proactive) 1832M(22%)->266M(3%) 0.040s
[78.284s][info   ][gc          ] GC(43) Minor Collection (High Usage)
[78.284s][info   ][gc,task     ] GC(43) Using 1 Workers for Young Generation
[78.284s][info   ][gc,phases   ] GC(43) y: Young Generation
[78.284s][info   ][gc,phases   ] GC(43) y: Pause Mark Start 0.010ms
[78.296s][info   ][gc,phases   ] GC(43) y: Concurrent Mark 11.465ms
[78.296s][info   ][gc,phases   ] GC(43) y: Pause Mark End 0.007ms
[78.296s][info   ][gc,phases   ] GC(43) y: Concurrent Mark Free 0.000ms
[78.296s][info   ][gc,phases   ] GC(43) y: Concurrent Reset Relocation Set 0.001ms
[78.297s][info   ][gc,reloc    ] GC(43) y: Using tenuring threshold: 3 (Computed)
[78.297s][info   ][gc,phases   ] GC(43) y: Concurrent Select Relocation Set 1.228ms
[78.297s][info   ][gc,phases   ] GC(43) y: Pause Relocate Start 0.002ms
[78.297s][info   ][gc,phases   ] GC(43) y: Concurrent Relocate 0.166ms
[78.297s][info   ][gc,alloc    ] GC(43) y:                         Mark Start        Mark End      Relocate Start    Relocate End   
[78.297s][info   ][gc,alloc    ] GC(43) y: Allocation Stalls:          0                0                0                0         
[78.297s][info   ][gc,load     ] GC(43) y: Load: 0.79 (7%) / 1.13 (9%) / 1.39 (12%)
[78.297s][info   ][gc,mmu      ] GC(43) y: MMU: 2ms/99.0%, 5ms/99.5%, 10ms/99.7%, 20ms/99.8%, 50ms/99.9%, 100ms/99.9%
[78.297s][info   ][gc,marking  ] GC(43) y: Mark: 1 stripe(s), 2 proactive flush(es), 1 terminate flush(es), 0 completion(s), 0 continuation(s) 
[78.297s][info   ][gc,marking  ] GC(43) y: Mark Stack Usage: 32M
[78.297s][info   ][gc,nmethod  ] GC(43) y: NMethods: 383 registered, 108 unregistered
[78.297s][info   ][gc,metaspace] GC(43) y: Metaspace: 0M used, 0M committed, 1088M reserved
[78.297s][info   ][gc,reloc    ] GC(43) y:                        Candidates     Selected     In-Place         Size        Empty    Relocated 
[78.297s][info   ][gc,reloc    ] GC(43) y: Small Pages:                 3852            2            0        7704M        7634M           1M 
[78.297s][info   ][gc,reloc    ] GC(43) y: Medium Pages:                   0            0            0           0M           0M           0M 
[78.297s][info   ][gc,reloc    ] GC(43) y: Large Pages:                    0            0            0           0M           0M           0M 
[78.297s][info   ][gc,reloc    ] GC(43) y: Forwarding Usage: 0M
[78.297s][info   ][gc,reloc    ] GC(43) y: Age Table:
[78.297s][info   ][gc,reloc    ] GC(43) y:                    Live             Garbage             Small              Medium             Large        
[78.297s][info   ][gc,reloc    ] GC(43) y: Eden              63M (1%)         7572M (92%)       3818 / 2              0 / 0              0 / 0        
[78.297s][info   ][gc,reloc    ] GC(43) y: Survivor 1          -                66M (1%)          33 / 0              0 / 0              0 / 0        
[78.297s][info   ][gc,reloc    ] GC(43) y: Survivor 2         0M (0%)            1M (0%)           1 / 0              0 / 0              0 / 0        
[78.297s][info   ][gc,heap     ] GC(43) y: Min Capacity: 8192M(100%)
[78.297s][info   ][gc,heap     ] GC(43) y: Max Capacity: 8192M(100%)
[78.297s][info   ][gc,heap     ] GC(43) y: Soft Max Capacity: 8192M(100%)
[78.297s][info   ][gc,heap     ] GC(43) y: Heap Statistics:
[78.297s][info   ][gc,heap     ] GC(43) y:                Mark Start          Mark End        Relocate Start      Relocate End           High               Low         
[78.297s][info   ][gc,heap     ] GC(43) y:  Capacity:     8192M (100%)       8192M (100%)       8192M (100%)       8192M (100%)       8192M (100%)       8192M (100%)   
[78.297s][info   ][gc,heap     ] GC(43) y:      Free:      420M (5%)          390M (5%)         8024M (98%)        8026M (98%)        8026M (98%)         390M (5%)     
[78.297s][info   ][gc,heap     ] GC(43) y:      Used:     7772M (95%)        7802M (95%)         168M (2%)          166M (2%)         7802M (95%)         166M (2%)     
[78.297s][info   ][gc,heap     ] GC(43) y: Young Generation Statistics:
[78.297s][info   ][gc,heap     ] GC(43) y:                Mark Start          Mark End        Relocate Start      Relocate End    
[78.297s][info   ][gc,heap     ] GC(43) y:      Used:     7704M (94%)        7734M (94%)         100M (1%)           98M (1%)     
[78.297s][info   ][gc,heap     ] GC(43) y:      Live:         -                63M (1%)           63M (1%)           63M (1%)     
[78.297s][info   ][gc,heap     ] GC(43) y:   Garbage:         -              7640M (93%)           6M (0%)            1M (0%)     
[78.297s][info   ][gc,heap     ] GC(43) y: Allocated:         -                30M (0%)           30M (0%)           32M (0%)     
[78.297s][info   ][gc,heap     ] GC(43) y: Reclaimed:         -                  -              7634M (93%)        7638M (93%)    
[78.297s][info   ][gc,heap     ] GC(43) y:  Promoted:         -                  -                 0M (0%)            0M (0%)     
[78.297s][info   ][gc,heap     ] GC(43) y: Compacted:         -                  -                  -                 1M (0%)     
[78.297s][info   ][gc,phases   ] GC(43) y: Young Generation 7772M(95%)->166M(2%) 0.013s
[78.297s][info   ][gc          ] GC(43) Minor Collection (High Usage) 7772M(95%)->166M(2%) 0.013s
[78.603s][info   ][gc          ] GC(44) Major Collection (Proactive)
[78.603s][info   ][gc,task     ] GC(44) Using 1 Workers for Young Generation
[78.603s][info   ][gc,task     ] GC(44) Using 1 Workers for Old Generation
[78.603s][info   ][gc,phases   ] GC(44) Y: Young Generation
[78.603s][info   ][gc,phases   ] GC(44) Y: Pause Mark Start (Major) 0.006ms
[78.617s][info   ][gc,phases   ] GC(44) Y: Concurrent Mark 13.268ms
[78.617s][info   ][gc,phases   ] GC(44) Y: Pause Mark End 0.008ms
[78.617s][info   ][gc,phases   ] GC(44) Y: Concurrent Mark Free 0.000ms
[78.617s][info   ][gc,phases   ] GC(44) Y: Concurrent Reset Relocation Set 0.001ms
[78.618s][info   ][gc,reloc    ] GC(44) Y: Using tenuring threshold: 4 (Computed)
[78.618s][info   ][gc,phases   ] GC(44) Y: Concurrent Select Relocation Set 0.969ms
[78.618s][info   ][gc,phases   ] GC(44) Y: Pause Relocate Start 0.003ms
[78.618s][info   ][gc,phases   ] GC(44) Y: Concurrent Relocate 0.544ms
[78.618s][info   ][gc,alloc    ] GC(44) Y:                         Mark Start        Mark End      Relocate Start    Relocate End   
[78.618s][info   ][gc,alloc    ] GC(44) Y: Allocation Stalls:          0                0                0                0         
[78.618s][info   ][gc,load     ] GC(44) Y: Load: 0.73 (6%) / 1.11 (9%) / 1.38 (12%)
[78.618s][info   ][gc,mmu      ] GC(44) Y: MMU: 2ms/99.0%, 5ms/99.5%, 10ms/99.7%, 20ms/99.8%, 50ms/99.9%, 100ms/99.9%
[78.618s][info   ][gc,marking  ] GC(44) Y: Mark: 1 stripe(s), 2 proactive flush(es), 1 terminate flush(es), 0 completion(s), 0 continuation(s) 
[78.618s][info   ][gc,marking  ] GC(44) Y: Mark Stack Usage: 32M
[78.618s][info   ][gc,nmethod  ] GC(44) Y: NMethods: 383 registered, 108 unregistered
[78.618s][info   ][gc,metaspace] GC(44) Y: Metaspace: 0M used, 0M committed, 1088M reserved
[78.618s][info   ][gc,reloc    ] GC(44) Y:                        Candidates     Selected     In-Place         Size        Empty    Relocated 
[78.618s][info   ][gc,reloc    ] GC(44) Y: Small Pages:                  510            7            0        1020M         940M           3M 
[78.618s][info   ][gc,reloc    ] GC(44) Y: Medium Pages:                   0            0            0           0M           0M           0M 
[78.618s][info   ][gc,reloc    ] GC(44) Y: Large Pages:                    0            0            0           0M           0M           0M 
[78.618s][info   ][gc,reloc    ] GC(44) Y: Forwarding Usage: 0M
[78.618s][info   ][gc,reloc    ] GC(44) Y: Age Table:
[78.618s][info   ][gc,reloc    ] GC(44) Y:                    Live             Garbage             Small              Medium             Large        
[78.618s][info   ][gc,reloc    ] GC(44) Y: Eden              63M (1%)          888M (11%)        476 / 7              0 / 0              0 / 0        
[78.618s][info   ][gc,reloc    ] GC(44) Y: Survivor 1          -                66M (1%)          33 / 0              0 / 0              0 / 0        
[78.618s][info   ][gc,reloc    ] GC(44) Y: Survivor 2          -                 0M (0%)           0 / 0              0 / 0              0 / 0        
[78.618s][info   ][gc,reloc    ] GC(44) Y: Survivor 3         0M (0%)            1M (0%)           1 / 0              0 / 0              0 / 0        
[78.618s][info   ][gc,heap     ] GC(44) Y: Min Capacity: 8192M(100%)
[78.618s][info   ][gc,heap     ] GC(44) Y: Max Capacity: 8192M(100%)
[78.618s][info   ][gc,heap     ] GC(44) Y: Soft Max Capacity: 8192M(100%)
[78.618s][info   ][gc,heap     ] GC(44) Y: Heap Statistics:
[78.618s][info   ][gc,heap     ] GC(44) Y:                Mark Start          Mark End        Relocate Start      Relocate End           High               Low         
[78.618s][info   ][gc,heap     ] GC(44) Y:  Capacity:     8192M (100%)       8192M (100%)       8192M (100%)       8192M (100%)       8192M (100%)       8192M (100%)   
[78.618s][info   ][gc,heap     ] GC(44) Y:      Free:     7104M (87%)        7072M (86%)        8012M (98%)        8024M (98%)        8024M (98%)        7072M (86%)    
[78.618s][info   ][gc,heap     ] GC(44) Y:      Used:     1088M (13%)        1120M (14%)         180M (2%)          168M (2%)         1120M (14%)         168M (2%)     
[78.618s][info   ][gc,heap     ] GC(44) Y: Young Generation Statistics:
[78.618s][info   ][gc,heap     ] GC(44) Y:                Mark Start          Mark End        Relocate Start      Relocate End    
[78.618s][info   ][gc,heap     ] GC(44) Y:      Used:     1020M (12%)        1052M (13%)         112M (1%)          100M (1%)     
[78.618s][info   ][gc,heap     ] GC(44) Y:      Live:         -                63M (1%)           63M (1%)           63M (1%)     
[78.618s][info   ][gc,heap     ] GC(44) Y:   Garbage:         -               956M (12%)          16M (0%)            1M (0%)     
[78.618s][info   ][gc,heap     ] GC(44) Y: Allocated:         -                32M (0%)           32M (0%)           35M (0%)     
[78.618s][info   ][gc,heap     ] GC(44) Y: Reclaimed:         -                  -               940M (11%)         955M (12%)    
[78.618s][info   ][gc,heap     ] GC(44) Y:  Promoted:         -                  -                 0M (0%)            0M (0%)     
[78.618s][info   ][gc,heap     ] GC(44) Y: Compacted:         -                  -                  -                 4M (0%)     
[78.618s][info   ][gc,phases   ] GC(44) Y: Young Generation 1088M(13%)->168M(2%) 0.015s
[78.618s][info   ][gc,phases   ] GC(44) O: Old Generation
[78.638s][info   ][gc,phases   ] GC(44) O: Concurrent Mark 19.921ms
[78.638s][info   ][gc,phases   ] GC(44) O: Pause Mark End 0.009ms
[78.638s][info   ][gc,phases   ] GC(44) O: Concurrent Mark Free 0.000ms
[78.639s][info   ][gc,phases   ] GC(44) O: Concurrent Process Non-Strong 0.577ms
[78.639s][info   ][gc,phases   ] GC(44) O: Concurrent Reset Relocation Set 0.000ms
[78.640s][info   ][gc,phases   ] GC(44) O: Concurrent Select Relocation Set 0.924ms
[78.640s][info   ][gc,task     ] GC(44) O: Using 2 Workers for Old Generation
[78.643s][info   ][gc,task     ] GC(44) O: Using 1 Workers for Old Generation
[78.643s][info   ][gc,phases   ] GC(44) O: Concurrent Remap Roots 3.333ms
[78.643s][info   ][gc,phases   ] GC(44) O: Pause Relocate Start 0.003ms
[78.643s][info   ][gc,phases   ] GC(44) O: Concurrent Relocate 0.016ms
[78.643s][info   ][gc,alloc    ] GC(44) O:                         Mark Start        Mark End      Relocate Start    Relocate End   
[78.643s][info   ][gc,alloc    ] GC(44) O: Allocation Stalls:          0                0                0                0         
[78.643s][info   ][gc,load     ] GC(44) O: Load: 0.73 (6%) / 1.11 (9%) / 1.38 (12%)
[78.643s][info   ][gc,mmu      ] GC(44) O: MMU: 2ms/99.0%, 5ms/99.5%, 10ms/99.7%, 20ms/99.8%, 50ms/99.9%, 100ms/99.9%
[78.643s][info   ][gc,marking  ] GC(44) O: Mark: 1 stripe(s), 2 proactive flush(es), 1 terminate flush(es), 0 completion(s), 0 continuation(s) 
[78.643s][info   ][gc,marking  ] GC(44) O: Mark Stack Usage: 32M
[78.643s][info   ][gc,nmethod  ] GC(44) O: NMethods: 383 registered, 108 unregistered
[78.643s][info   ][gc,metaspace] GC(44) O: Metaspace: 0M used, 0M committed, 1088M reserved
[78.643s][info   ][gc,ref      ] GC(44) O:                       Encountered   Discovered     Enqueued 
[78.643s][info   ][gc,ref      ] GC(44) O: Soft References:               64            0            0 
[78.643s][info   ][gc,ref      ] GC(44) O: Weak References:              217          165            0 
[78.643s][info   ][gc,ref      ] GC(44) O: Final References:               0            0            0 
[78.643s][info   ][gc,ref      ] GC(44) O: Phantom References:             5            3            0 
[78.643s][info   ][gc,reloc    ] GC(44) O:                        Candidates     Selected     In-Place         Size        Empty    Relocated 
[78.643s][info   ][gc,reloc    ] GC(44) O: Small Pages:                   34            0            0          68M           0M           0M 
[78.643s][info   ][gc,reloc    ] GC(44) O: Medium Pages:                   0            0            0           0M           0M           0M 
[78.643s][info   ][gc,reloc    ] GC(44) O: Large Pages:                    0            0            0           0M           0M           0M 
[78.643s][info   ][gc,reloc    ] GC(44) O: Forwarding Usage: 0M
[78.643s][info   ][gc,heap     ] GC(44) O: Min Capacity: 8192M(100%)
[78.643s][info   ][gc,heap     ] GC(44) O: Max Capacity: 8192M(100%)
[78.643s][info   ][gc,heap     ] GC(44) O: Soft Max Capacity: 8192M(100%)
[78.643s][info   ][gc,heap     ] GC(44) O: Heap Statistics:
[78.643s][info   ][gc,heap     ] GC(44) O:                Mark Start          Mark End        Relocate Start      Relocate End           High               Low         
[78.643s][info   ][gc,heap     ] GC(44) O:  Capacity:     8192M (100%)       8192M (100%)       8192M (100%)       8192M (100%)       8192M (100%)       8192M (100%)   
[78.643s][info   ][gc,heap     ] GC(44) O:      Free:     7104M (87%)        7964M (97%)        7934M (97%)        7934M (97%)        8024M (98%)        7072M (86%)    
[78.643s][info   ][gc,heap     ] GC(44) O:      Used:     1088M (13%)         228M (3%)          258M (3%)          258M (3%)         1120M (14%)         168M (2%)     
[78.643s][info   ][gc,heap     ] GC(44) O: Old Generation Statistics:
[78.643s][info   ][gc,heap     ] GC(44) O:                Mark Start          Mark End        Relocate Start      Relocate End    
[78.643s][info   ][gc,heap     ] GC(44) O:      Used:       68M (1%)           68M (1%)           68M (1%)           68M (1%)     
[78.643s][info   ][gc,heap     ] GC(44) O:      Live:         -                65M (1%)           65M (1%)           65M (1%)     
[78.643s][info   ][gc,heap     ] GC(44) O:   Garbage:         -                 2M (0%)            2M (0%)            2M (0%)     
[78.643s][info   ][gc,heap     ] GC(44) O: Allocated:         -                 0M (0%)            0M (0%)            0M (0%)     
[78.643s][info   ][gc,heap     ] GC(44) O: Reclaimed:         -                  -                 0M (0%)            0M (0%)     
[78.643s][info   ][gc,heap     ] GC(44) O: Compacted:         -                  -                  -                 0M (0%)     
[78.643s][info   ][gc,phases   ] GC(44) O: Old Generation 168M(2%)->258M(3%) 0.025s
[78.643s][info   ][gc          ] GC(44) Major Collection (Proactive) 1088M(13%)->258M(3%) 0.040s
[81.133s][info   ][gc          ] GC(45) Major Collection (Proactive)
[81.133s][info   ][gc,task     ] GC(45) Using 1 Workers for Young Generation
[81.133s][info   ][gc,task     ] GC(45) Using 1 Workers for Old Generation
[81.133s][info   ][gc,phases   ] GC(45) Y: Young Generation
[81.133s][info   ][gc,phases   ] GC(45) Y: Pause Mark Start (Major) 0.006ms
[81.146s][info   ][gc,phases   ] GC(45) Y: Concurrent Mark 13.125ms
[81.146s][info   ][gc,phases   ] GC(45) Y: Pause Mark End 0.008ms
[81.146s][info   ][gc,phases   ] GC(45) Y: Concurrent Mark Free 0.000ms
[81.146s][info   ][gc,phases   ] GC(45) Y: Concurrent Reset Relocation Set 0.001ms
[81.148s][info   ][gc,reloc    ] GC(45) Y: Using tenuring threshold: 5 (Computed)
[81.148s][info   ][gc,phases   ] GC(45) Y: Concurrent Select Relocation Set 1.170ms
[81.148s][info   ][gc,phases   ] GC(45) Y: Pause Relocate Start 0.002ms
[81.148s][info   ][gc,phases   ] GC(45) Y: Concurrent Relocate 0.206ms
[81.148s][info   ][gc,alloc    ] GC(45) Y:                         Mark Start        Mark End      Relocate Start    Relocate End   
[81.148s][info   ][gc,alloc    ] GC(45) Y: Allocation Stalls:          0                0                0                0         
[81.148s][info   ][gc,load     ] GC(45) Y: Load: 0.73 (6%) / 1.11 (9%) / 1.38 (12%)
[81.148s][info   ][gc,mmu      ] GC(45) Y: MMU: 2ms/99.0%, 5ms/99.5%, 10ms/99.7%, 20ms/99.8%, 50ms/99.9%, 100ms/99.9%
[81.148s][info   ][gc,marking  ] GC(45) Y: Mark: 1 stripe(s), 2 proactive flush(es), 1 terminate flush(es), 0 completion(s), 0 continuation(s) 
[81.148s][info   ][gc,marking  ] GC(45) Y: Mark Stack Usage: 32M
[81.148s][info   ][gc,nmethod  ] GC(45) Y: NMethods: 383 registered, 108 unregistered
[81.148s][info   ][gc,metaspace] GC(45) Y: Metaspace: 0M used, 0M committed, 1088M reserved
[81.148s][info   ][gc,reloc    ] GC(45) Y:                        Candidates     Selected     In-Place         Size        Empty    Relocated 
[81.148s][info   ][gc,reloc    ] GC(45) Y: Small Pages:                 3794            2            0        7588M        7518M           1M 
[81.148s][info   ][gc,reloc    ] GC(45) Y: Medium Pages:                   0            0            0           0M           0M           0M 
[81.148s][info   ][gc,reloc    ] GC(45) Y: Large Pages:                    0            0            0           0M           0M           0M 
[81.148s][info   ][gc,reloc    ] GC(45) Y: Forwarding Usage: 0M
[81.148s][info   ][gc,reloc    ] GC(45) Y: Age Table:
[81.148s][info   ][gc,reloc    ] GC(45) Y:                    Live             Garbage             Small              Medium             Large        
[81.148s][info   ][gc,reloc    ] GC(45) Y: Eden              63M (1%)         7456M (91%)       3760 / 2              0 / 0              0 / 0        
[81.148s][info   ][gc,reloc    ] GC(45) Y: Survivor 1          -                66M (1%)          33 / 0              0 / 0              0 / 0        
[81.148s][info   ][gc,reloc    ] GC(45) Y: Survivor 2          -                 0M (0%)           0 / 0              0 / 0              0 / 0        
[81.148s][info   ][gc,reloc    ] GC(45) Y: Survivor 3          -                 0M (0%)           0 / 0              0 / 0              0 / 0        
[81.148s][info   ][gc,reloc    ] GC(45) Y: Survivor 4         0M (0%)            1M (0%)           1 / 0              0 / 0              0 / 0        
[81.148s][info   ][gc,heap     ] GC(45) Y: Min Capacity: 8192M(100%)
[81.148s][info   ][gc,heap     ] GC(45) Y: Max Capacity: 8192M(100%)
[81.148s][info   ][gc,heap     ] GC(45) Y: Soft Max Capacity: 8192M(100%)
[81.148s][info   ][gc,heap     ] GC(45) Y: Heap Statistics:
[81.148s][info   ][gc,heap     ] GC(45) Y:                Mark Start          Mark End        Relocate Start      Relocate End           High               Low         
[81.148s][info   ][gc,heap     ] GC(45) Y:  Capacity:     8192M (100%)       8192M (100%)       8192M (100%)       8192M (100%)       8192M (100%)       8192M (100%)   
[81.148s][info   ][gc,heap     ] GC(45) Y:      Free:      536M (7%)          500M (6%)         8018M (98%)        8020M (98%)        8020M (98%)         500M (6%)     
[81.148s][info   ][gc,heap     ] GC(45) Y:      Used:     7656M (93%)        7692M (94%)         174M (2%)          172M (2%)         7692M (94%)         172M (2%)     
[81.148s][info   ][gc,heap     ] GC(45) Y: Young Generation Statistics:
[81.148s][info   ][gc,heap     ] GC(45) Y:                Mark Start          Mark End        Relocate Start      Relocate End    
[81.148s][info   ][gc,heap     ] GC(45) Y:      Used:     7588M (93%)        7624M (93%)         106M (1%)          104M (1%)     
[81.148s][info   ][gc,heap     ] GC(45) Y:      Live:         -                63M (1%)           63M (1%)           63M (1%)     
[81.148s][info   ][gc,heap     ] GC(45) Y:   Garbage:         -              7524M (92%)           6M (0%)            2M (0%)     
[81.148s][info   ][gc,heap     ] GC(45) Y: Allocated:         -                36M (0%)           36M (0%)           38M (0%)     
[81.148s][info   ][gc,heap     ] GC(45) Y: Reclaimed:         -                  -              7518M (92%)        7522M (92%)    
[81.148s][info   ][gc,heap     ] GC(45) Y:  Promoted:         -                  -                 0M (0%)            0M (0%)     
[81.148s][info   ][gc,heap     ] GC(45) Y: Compacted:         -                  -                  -                 1M (0%)     
[81.148s][info   ][gc,phases   ] GC(45) Y: Young Generation 7656M(93%)->172M(2%) 0.015s
[81.148s][info   ][gc,phases   ] GC(45) O: Old Generation
[81.168s][info   ][gc,phases   ] GC(45) O: Concurrent Mark 19.829ms
[81.168s][info   ][gc,phases   ] GC(45) O: Pause Mark End 0.007ms
[81.168s][info   ][gc,phases   ] GC(45) O: Concurrent Mark Free 0.000ms
[81.168s][info   ][gc,phases   ] GC(45) O: Concurrent Process Non-Strong 0.534ms
[81.168s][info   ][gc,phases   ] GC(45) O: Concurrent Reset Relocation Set 0.000ms
[81.169s][info   ][gc,phases   ] GC(45) O: Concurrent Select Relocation Set 0.933ms
[81.169s][info   ][gc,task     ] GC(45) O: Using 2 Workers for Old Generation
[81.172s][info   ][gc,task     ] GC(45) O: Using 1 Workers for Old Generation
[81.172s][info   ][gc,phases   ] GC(45) O: Concurrent Remap Roots 3.051ms
[81.172s][info   ][gc,phases   ] GC(45) O: Pause Relocate Start 0.003ms
[81.172s][info   ][gc,phases   ] GC(45) O: Concurrent Relocate 0.020ms
[81.172s][info   ][gc,alloc    ] GC(45) O:                         Mark Start        Mark End      Relocate Start    Relocate End   
[81.172s][info   ][gc,alloc    ] GC(45) O: Allocation Stalls:          0                0                0                0         
[81.172s][info   ][gc,load     ] GC(45) O: Load: 0.73 (6%) / 1.11 (9%) / 1.38 (12%)
[81.172s][info   ][gc,mmu      ] GC(45) O: MMU: 2ms/99.0%, 5ms/99.5%, 10ms/99.7%, 20ms/99.8%, 50ms/99.9%, 100ms/99.9%
[81.172s][info   ][gc,marking  ] GC(45) O: Mark: 1 stripe(s), 2 proactive flush(es), 1 terminate flush(es), 0 completion(s), 0 continuation(s) 
[81.172s][info   ][gc,marking  ] GC(45) O: Mark Stack Usage: 32M
[81.172s][info   ][gc,nmethod  ] GC(45) O: NMethods: 383 registered, 108 unregistered
[81.172s][info   ][gc,metaspace] GC(45) O: Metaspace: 0M used, 0M committed, 1088M reserved
[81.172s][info   ][gc,ref      ] GC(45) O:                       Encountered   Discovered     Enqueued 
[81.172s][info   ][gc,ref      ] GC(45) O: Soft References:               64            0            0 
[81.172s][info   ][gc,ref      ] GC(45) O: Weak References:              217          165            0 
[81.172s][info   ][gc,ref      ] GC(45) O: Final References:               0            0            0 
[81.172s][info   ][gc,ref      ] GC(45) O: Phantom References:             5            3            0 
[81.172s][info   ][gc,reloc    ] GC(45) O:                        Candidates     Selected     In-Place         Size        Empty    Relocated 
[81.172s][info   ][gc,reloc    ] GC(45) O: Small Pages:                   34            0            0          68M           0M           0M 
[81.172s][info   ][gc,reloc    ] GC(45) O: Medium Pages:                   0            0            0           0M           0M           0M 
[81.172s][info   ][gc,reloc    ] GC(45) O: Large Pages:                    0            0            0           0M           0M           0M 
[81.172s][info   ][gc,reloc    ] GC(45) O: Forwarding Usage: 0M
[81.172s][info   ][gc,heap     ] GC(45) O: Min Capacity: 8192M(100%)
[81.172s][info   ][gc,heap     ] GC(45) O: Max Capacity: 8192M(100%)
[81.172s][info   ][gc,heap     ] GC(45) O: Soft Max Capacity: 8192M(100%)
[81.172s][info   ][gc,heap     ] GC(45) O: Heap Statistics:
[81.172s][info   ][gc,heap     ] GC(45) O:                Mark Start          Mark End        Relocate Start      Relocate End           High               Low         
[81.172s][info   ][gc,heap     ] GC(45) O:  Capacity:     8192M (100%)       8192M (100%)       8192M (100%)       8192M (100%)       8192M (100%)       8192M (100%)   
[81.172s][info   ][gc,heap     ] GC(45) O:      Free:      536M (7%)         7960M (97%)        7944M (97%)        7944M (97%)        8020M (98%)         500M (6%)     
[81.172s][info   ][gc,heap     ] GC(45) O:      Used:     7656M (93%)         232M (3%)          248M (3%)          248M (3%)         7692M (94%)         172M (2%)     
[81.172s][info   ][gc,heap     ] GC(45) O: Old Generation Statistics:
[81.172s][info   ][gc,heap     ] GC(45) O:                Mark Start          Mark End        Relocate Start      Relocate End    
[81.172s][info   ][gc,heap     ] GC(45) O:      Used:       68M (1%)           68M (1%)           68M (1%)           68M (1%)     
[81.172s][info   ][gc,heap     ] GC(45) O:      Live:         -                65M (1%)           65M (1%)           65M (1%)     
[81.172s][info   ][gc,heap     ] GC(45) O:   Garbage:         -                 2M (0%)            2M (0%)            2M (0%)     
[81.172s][info   ][gc,heap     ] GC(45) O: Allocated:         -                 0M (0%)            0M (0%)            0M (0%)     
[81.172s][info   ][gc,heap     ] GC(45) O: Reclaimed:         -                  -                 0M (0%)            0M (0%)     
[81.172s][info   ][gc,heap     ] GC(45) O: Compacted:         -                  -                  -                 0M (0%)     
[81.172s][info   ][gc,phases   ] GC(45) O: Old Generation 172M(2%)->248M(3%) 0.025s
[81.172s][info   ][gc          ] GC(45) Major Collection (Proactive) 7656M(93%)->250M(3%) 0.039s
[83.492s][info   ][gc          ] GC(46) Major Collection (Proactive)
[83.492s][info   ][gc,task     ] GC(46) Using 1 Workers for Young Generation
[83.492s][info   ][gc,task     ] GC(46) Using 1 Workers for Old Generation
[83.492s][info   ][gc,phases   ] GC(46) Y: Young Generation
[83.492s][info   ][gc,phases   ] GC(46) Y: Pause Mark Start (Major) 0.010ms
[83.506s][info   ][gc,phases   ] GC(46) Y: Concurrent Mark 13.164ms
[83.506s][info   ][gc,phases   ] GC(46) Y: Pause Mark End 0.007ms
[83.506s][info   ][gc,phases   ] GC(46) Y: Concurrent Mark Free 0.000ms
[83.506s][info   ][gc,phases   ] GC(46) Y: Concurrent Reset Relocation Set 0.001ms
[83.507s][info   ][gc,reloc    ] GC(46) Y: Using tenuring threshold: 6 (Computed)
[83.507s][info   ][gc,phases   ] GC(46) Y: Concurrent Select Relocation Set 1.167ms
[83.507s][info   ][gc,phases   ] GC(46) Y: Pause Relocate Start 0.002ms
[83.507s][info   ][gc,phases   ] GC(46) Y: Concurrent Relocate 0.200ms
[83.507s][info   ][gc,alloc    ] GC(46) Y:                         Mark Start        Mark End      Relocate Start    Relocate End   
[83.507s][info   ][gc,alloc    ] GC(46) Y: Allocation Stalls:          0                0                0                0         
[83.507s][info   ][gc,load     ] GC(46) Y: Load: 0.73 (6%) / 1.11 (9%) / 1.38 (12%)
[83.507s][info   ][gc,mmu      ] GC(46) Y: MMU: 2ms/99.0%, 5ms/99.5%, 10ms/99.7%, 20ms/99.8%, 50ms/99.9%, 100ms/99.9%
[83.507s][info   ][gc,marking  ] GC(46) Y: Mark: 1 stripe(s), 2 proactive flush(es), 1 terminate flush(es), 0 completion(s), 0 continuation(s) 
[83.507s][info   ][gc,marking  ] GC(46) Y: Mark Stack Usage: 32M
[83.507s][info   ][gc,nmethod  ] GC(46) Y: NMethods: 383 registered, 108 unregistered
[83.507s][info   ][gc,metaspace] GC(46) Y: Metaspace: 0M used, 0M committed, 1088M reserved
[83.507s][info   ][gc,reloc    ] GC(46) Y:                        Candidates     Selected     In-Place         Size        Empty    Relocated 
[83.507s][info   ][gc,reloc    ] GC(46) Y: Small Pages:                 3539            4            0        7078M        7004M           1M 
[83.507s][info   ][gc,reloc    ] GC(46) Y: Medium Pages:                   0            0            0           0M           0M           0M 
[83.507s][info   ][gc,reloc    ] GC(46) Y: Large Pages:                    0            0            0           0M           0M           0M 
[83.507s][info   ][gc,reloc    ] GC(46) Y: Forwarding Usage: 0M
[83.507s][info   ][gc,reloc    ] GC(46) Y: Age Table:
[83.507s][info   ][gc,reloc    ] GC(46) Y:                    Live             Garbage             Small              Medium             Large        
[83.507s][info   ][gc,reloc    ] GC(46) Y: Eden              63M (1%)         6946M (85%)       3505 / 4              0 / 0              0 / 0        
[83.507s][info   ][gc,reloc    ] GC(46) Y: Survivor 1          -                66M (1%)          33 / 0              0 / 0              0 / 0        
[83.507s][info   ][gc,reloc    ] GC(46) Y: Survivor 2          -                 0M (0%)           0 / 0              0 / 0              0 / 0        
[83.507s][info   ][gc,reloc    ] GC(46) Y: Survivor 3          -                 0M (0%)           0 / 0              0 / 0              0 / 0        
[83.507s][info   ][gc,reloc    ] GC(46) Y: Survivor 4          -                 0M (0%)           0 / 0              0 / 0              0 / 0        
[83.507s][info   ][gc,reloc    ] GC(46) Y: Survivor 5         0M (0%)            1M (0%)           1 / 0              0 / 0              0 / 0        
[83.507s][info   ][gc,heap     ] GC(46) Y: Min Capacity: 8192M(100%)
[83.507s][info   ][gc,heap     ] GC(46) Y: Max Capacity: 8192M(100%)
[83.507s][info   ][gc,heap     ] GC(46) Y: Soft Max Capacity: 8192M(100%)
[83.507s][info   ][gc,heap     ] GC(46) Y: Heap Statistics:
[83.507s][info   ][gc,heap     ] GC(46) Y:                Mark Start          Mark End        Relocate Start      Relocate End           High               Low         
[83.507s][info   ][gc,heap     ] GC(46) Y:  Capacity:     8192M (100%)       8192M (100%)       8192M (100%)       8192M (100%)       8192M (100%)       8192M (100%)   
[83.507s][info   ][gc,heap     ] GC(46) Y:      Free:     1046M (13%)        1000M (12%)        8004M (98%)        8010M (98%)        8010M (98%)        1000M (12%)    
[83.507s][info   ][gc,heap     ] GC(46) Y:      Used:     7146M (87%)        7192M (88%)         188M (2%)          182M (2%)         7192M (88%)         182M (2%)     
[83.507s][info   ][gc,heap     ] GC(46) Y: Young Generation Statistics:
[83.507s][info   ][gc,heap     ] GC(46) Y:                Mark Start          Mark End        Relocate Start      Relocate End    
[83.507s][info   ][gc,heap     ] GC(46) Y:      Used:     7078M (86%)        7124M (87%)         120M (1%)          114M (1%)     
[83.507s][info   ][gc,heap     ] GC(46) Y:      Live:         -                63M (1%)           63M (1%)           63M (1%)     
[83.507s][info   ][gc,heap     ] GC(46) Y:   Garbage:         -              7014M (86%)          10M (0%)            2M (0%)     
[83.507s][info   ][gc,heap     ] GC(46) Y: Allocated:         -                46M (1%)           46M (1%)           48M (1%)     
[83.507s][info   ][gc,heap     ] GC(46) Y: Reclaimed:         -                  -              7004M (85%)        7012M (86%)    
[83.507s][info   ][gc,heap     ] GC(46) Y:  Promoted:         -                  -                 0M (0%)            0M (0%)     
[83.507s][info   ][gc,heap     ] GC(46) Y: Compacted:         -                  -                  -                 1M (0%)     
[83.507s][info   ][gc,phases   ] GC(46) Y: Young Generation 7146M(87%)->182M(2%) 0.015s
[83.507s][info   ][gc,phases   ] GC(46) O: Old Generation
[83.527s][info   ][gc,phases   ] GC(46) O: Concurrent Mark 19.481ms
[83.527s][info   ][gc,phases   ] GC(46) O: Pause Mark End 0.006ms
[83.527s][info   ][gc,phases   ] GC(46) O: Concurrent Mark Free 0.000ms
[83.527s][info   ][gc,phases   ] GC(46) O: Concurrent Process Non-Strong 0.542ms
[83.527s][info   ][gc,phases   ] GC(46) O: Concurrent Reset Relocation Set 0.000ms
[83.528s][info   ][gc,phases   ] GC(46) O: Concurrent Select Relocation Set 0.924ms
[83.528s][info   ][gc,task     ] GC(46) O: Using 2 Workers for Old Generation
[83.531s][info   ][gc,task     ] GC(46) O: Using 1 Workers for Old Generation
[83.531s][info   ][gc,phases   ] GC(46) O: Concurrent Remap Roots 2.948ms
[83.531s][info   ][gc,phases   ] GC(46) O: Pause Relocate Start 0.003ms
[83.531s][info   ][gc,phases   ] GC(46) O: Concurrent Relocate 0.015ms
[83.531s][info   ][gc,alloc    ] GC(46) O:                         Mark Start        Mark End      Relocate Start    Relocate End   
[83.531s][info   ][gc,alloc    ] GC(46) O: Allocation Stalls:          0                0                0                0         
[83.531s][info   ][gc,load     ] GC(46) O: Load: 0.73 (6%) / 1.11 (9%) / 1.38 (12%)
[83.531s][info   ][gc,mmu      ] GC(46) O: MMU: 2ms/99.0%, 5ms/99.5%, 10ms/99.7%, 20ms/99.8%, 50ms/99.9%, 100ms/99.9%
[83.531s][info   ][gc,marking  ] GC(46) O: Mark: 1 stripe(s), 2 proactive flush(es), 1 terminate flush(es), 0 completion(s), 0 continuation(s) 
[83.531s][info   ][gc,marking  ] GC(46) O: Mark Stack Usage: 32M
[83.531s][info   ][gc,nmethod  ] GC(46) O: NMethods: 383 registered, 108 unregistered
[83.531s][info   ][gc,metaspace] GC(46) O: Metaspace: 0M used, 0M committed, 1088M reserved
[83.531s][info   ][gc,ref      ] GC(46) O:                       Encountered   Discovered     Enqueued 
[83.531s][info   ][gc,ref      ] GC(46) O: Soft References:               64            0            0 
[83.531s][info   ][gc,ref      ] GC(46) O: Weak References:              217          165            0 
[83.531s][info   ][gc,ref      ] GC(46) O: Final References:               0            0            0 
[83.531s][info   ][gc,ref      ] GC(46) O: Phantom References:             5            3            0 
[83.531s][info   ][gc,reloc    ] GC(46) O:                        Candidates     Selected     In-Place         Size        Empty    Relocated 
[83.531s][info   ][gc,reloc    ] GC(46) O: Small Pages:                   34            0            0          68M           0M           0M 
[83.531s][info   ][gc,reloc    ] GC(46) O: Medium Pages:                   0            0            0           0M           0M           0M 
[83.531s][info   ][gc,reloc    ] GC(46) O: Large Pages:                    0            0            0           0M           0M           0M 
[83.531s][info   ][gc,reloc    ] GC(46) O: Forwarding Usage: 0M
[83.531s][info   ][gc,heap     ] GC(46) O: Min Capacity: 8192M(100%)
[83.531s][info   ][gc,heap     ] GC(46) O: Max Capacity: 8192M(100%)
[83.531s][info   ][gc,heap     ] GC(46) O: Soft Max Capacity: 8192M(100%)
[83.531s][info   ][gc,heap     ] GC(46) O: Heap Statistics:
[83.531s][info   ][gc,heap     ] GC(46) O:                Mark Start          Mark End        Relocate Start      Relocate End           High               Low         
[83.531s][info   ][gc,heap     ] GC(46) O:  Capacity:     8192M (100%)       8192M (100%)       8192M (100%)       8192M (100%)       8192M (100%)       8192M (100%)   
[83.531s][info   ][gc,heap     ] GC(46) O:      Free:     1046M (13%)        7950M (97%)        7950M (97%)        7950M (97%)        8010M (98%)        1000M (12%)    
[83.531s][info   ][gc,heap     ] GC(46) O:      Used:     7146M (87%)         242M (3%)          242M (3%)          242M (3%)         7192M (88%)         182M (2%)     
[83.531s][info   ][gc,heap     ] GC(46) O: Old Generation Statistics:
[83.531s][info   ][gc,heap     ] GC(46) O:                Mark Start          Mark End        Relocate Start      Relocate End    
[83.531s][info   ][gc,heap     ] GC(46) O:      Used:       68M (1%)           68M (1%)           68M (1%)           68M (1%)     
[83.531s][info   ][gc,heap     ] GC(46) O:      Live:         -                65M (1%)           65M (1%)           65M (1%)     
[83.531s][info   ][gc,heap     ] GC(46) O:   Garbage:         -                 2M (0%)            2M (0%)            2M (0%)     
[83.531s][info   ][gc,heap     ] GC(46) O: Allocated:         -                 0M (0%)            0M (0%)            0M (0%)     
[83.531s][info   ][gc,heap     ] GC(46) O: Reclaimed:         -                  -                 0M (0%)            0M (0%)     
[83.531s][info   ][gc,heap     ] GC(46) O: Compacted:         -                  -                  -                 0M (0%)     
[83.531s][info   ][gc,phases   ] GC(46) O: Old Generation 182M(2%)->242M(3%) 0.024s
[83.531s][info   ][gc          ] GC(46) Major Collection (Proactive) 7146M(87%)->244M(3%) 0.039s
[85.754s][info   ][gc          ] GC(47) Major Collection (Proactive)
[85.754s][info   ][gc,task     ] GC(47) Using 1 Workers for Young Generation
[85.754s][info   ][gc,task     ] GC(47) Using 1 Workers for Old Generation
[85.754s][info   ][gc,phases   ] GC(47) Y: Young Generation
[85.754s][info   ][gc,phases   ] GC(47) Y: Pause Mark Start (Major) 0.006ms
[85.768s][info   ][gc,phases   ] GC(47) Y: Concurrent Mark 13.934ms
[85.768s][info   ][gc,phases   ] GC(47) Y: Pause Mark End 0.008ms
[85.768s][info   ][gc,phases   ] GC(47) Y: Concurrent Mark Free 0.000ms
[85.768s][info   ][gc,phases   ] GC(47) Y: Concurrent Reset Relocation Set 0.001ms
[85.770s][info   ][gc,reloc    ] GC(47) Y: Using tenuring threshold: 7 (Computed)
[85.770s][info   ][gc,phases   ] GC(47) Y: Concurrent Select Relocation Set 1.205ms
[85.770s][info   ][gc,phases   ] GC(47) Y: Pause Relocate Start 0.002ms
[85.770s][info   ][gc,phases   ] GC(47) Y: Concurrent Relocate 0.388ms
[85.770s][info   ][gc,alloc    ] GC(47) Y:                         Mark Start        Mark End      Relocate Start    Relocate End   
[85.770s][info   ][gc,alloc    ] GC(47) Y: Allocation Stalls:          0                0                0                0         
[85.770s][info   ][gc,load     ] GC(47) Y: Load: 0.67 (6%) / 1.09 (9%) / 1.37 (11%)
[85.770s][info   ][gc,mmu      ] GC(47) Y: MMU: 2ms/99.0%, 5ms/99.5%, 10ms/99.7%, 20ms/99.8%, 50ms/99.9%, 100ms/99.9%
[85.770s][info   ][gc,marking  ] GC(47) Y: Mark: 1 stripe(s), 2 proactive flush(es), 1 terminate flush(es), 0 completion(s), 0 continuation(s) 
[85.770s][info   ][gc,marking  ] GC(47) Y: Mark Stack Usage: 32M
[85.770s][info   ][gc,nmethod  ] GC(47) Y: NMethods: 383 registered, 108 unregistered
[85.770s][info   ][gc,metaspace] GC(47) Y: Metaspace: 0M used, 0M committed, 1088M reserved
[85.770s][info   ][gc,reloc    ] GC(47) Y:                        Candidates     Selected     In-Place         Size        Empty    Relocated 
[85.770s][info   ][gc,reloc    ] GC(47) Y: Small Pages:                 3403            5            0        6806M        6730M           2M 
[85.770s][info   ][gc,reloc    ] GC(47) Y: Medium Pages:                   0            0            0           0M           0M           0M 
[85.770s][info   ][gc,reloc    ] GC(47) Y: Large Pages:                    0            0            0           0M           0M           0M 
[85.770s][info   ][gc,reloc    ] GC(47) Y: Forwarding Usage: 0M
[85.770s][info   ][gc,reloc    ] GC(47) Y: Age Table:
[85.770s][info   ][gc,reloc    ] GC(47) Y:                    Live             Garbage             Small              Medium             Large        
[85.770s][info   ][gc,reloc    ] GC(47) Y: Eden              63M (1%)         6674M (81%)       3369 / 5              0 / 0              0 / 0        
[85.770s][info   ][gc,reloc    ] GC(47) Y: Survivor 1          -                66M (1%)          33 / 0              0 / 0              0 / 0        
[85.770s][info   ][gc,reloc    ] GC(47) Y: Survivor 2          -                 0M (0%)           0 / 0              0 / 0              0 / 0        
[85.770s][info   ][gc,reloc    ] GC(47) Y: Survivor 3          -                 0M (0%)           0 / 0              0 / 0              0 / 0        
[85.770s][info   ][gc,reloc    ] GC(47) Y: Survivor 4          -                 0M (0%)           0 / 0              0 / 0              0 / 0        
[85.770s][info   ][gc,reloc    ] GC(47) Y: Survivor 5          -                 0M (0%)           0 / 0              0 / 0              0 / 0        
[85.770s][info   ][gc,reloc    ] GC(47) Y: Survivor 6         0M (0%)            1M (0%)           1 / 0              0 / 0              0 / 0        
[85.770s][info   ][gc,heap     ] GC(47) Y: Min Capacity: 8192M(100%)
[85.770s][info   ][gc,heap     ] GC(47) Y: Max Capacity: 8192M(100%)
[85.770s][info   ][gc,heap     ] GC(47) Y: Soft Max Capacity: 8192M(100%)
[85.770s][info   ][gc,heap     ] GC(47) Y: Heap Statistics:
[85.770s][info   ][gc,heap     ] GC(47) Y:                Mark Start          Mark End        Relocate Start      Relocate End           High               Low         
[85.770s][info   ][gc,heap     ] GC(47) Y:  Capacity:     8192M (100%)       8192M (100%)       8192M (100%)       8192M (100%)       8192M (100%)       8192M (100%)   
[85.770s][info   ][gc,heap     ] GC(47) Y:      Free:     1318M (16%)        1286M (16%)        8016M (98%)        8024M (98%)        8024M (98%)        1286M (16%)    
[85.770s][info   ][gc,heap     ] GC(47) Y:      Used:     6874M (84%)        6906M (84%)         176M (2%)          168M (2%)         6906M (84%)         168M (2%)     
[85.770s][info   ][gc,heap     ] GC(47) Y: Young Generation Statistics:
[85.770s][info   ][gc,heap     ] GC(47) Y:                Mark Start          Mark End        Relocate Start      Relocate End    
[85.770s][info   ][gc,heap     ] GC(47) Y:      Used:     6806M (83%)        6838M (83%)         108M (1%)          100M (1%)     
[85.770s][info   ][gc,heap     ] GC(47) Y:      Live:         -                63M (1%)           63M (1%)           63M (1%)     
[85.770s][info   ][gc,heap     ] GC(47) Y:   Garbage:         -              6742M (82%)          12M (0%)            2M (0%)     
[85.770s][info   ][gc,heap     ] GC(47) Y: Allocated:         -                32M (0%)           32M (0%)           34M (0%)     
[85.770s][info   ][gc,heap     ] GC(47) Y: Reclaimed:         -                  -              6730M (82%)        6740M (82%)    
[85.770s][info   ][gc,heap     ] GC(47) Y:  Promoted:         -                  -                 0M (0%)            0M (0%)     
[85.770s][info   ][gc,heap     ] GC(47) Y: Compacted:         -                  -                  -                 3M (0%)     
[85.770s][info   ][gc,phases   ] GC(47) Y: Young Generation 6874M(84%)->168M(2%) 0.016s
[85.770s][info   ][gc,phases   ] GC(47) O: Old Generation
[85.790s][info   ][gc,phases   ] GC(47) O: Concurrent Mark 19.826ms
[85.790s][info   ][gc,phases   ] GC(47) O: Pause Mark End 0.008ms
[85.790s][info   ][gc,phases   ] GC(47) O: Concurrent Mark Free 0.000ms
[85.790s][info   ][gc,phases   ] GC(47) O: Concurrent Process Non-Strong 0.480ms
[85.790s][info   ][gc,phases   ] GC(47) O: Concurrent Reset Relocation Set 0.000ms
[85.791s][info   ][gc,phases   ] GC(47) O: Concurrent Select Relocation Set 0.917ms
[85.791s][info   ][gc,task     ] GC(47) O: Using 2 Workers for Old Generation
[85.794s][info   ][gc,task     ] GC(47) O: Using 1 Workers for Old Generation
[85.794s][info   ][gc,phases   ] GC(47) O: Concurrent Remap Roots 3.046ms
[85.794s][info   ][gc,phases   ] GC(47) O: Pause Relocate Start 0.003ms
[85.794s][info   ][gc,phases   ] GC(47) O: Concurrent Relocate 0.011ms
[85.794s][info   ][gc,alloc    ] GC(47) O:                         Mark Start        Mark End      Relocate Start    Relocate End   
[85.794s][info   ][gc,alloc    ] GC(47) O: Allocation Stalls:          0                0                0                0         
[85.794s][info   ][gc,load     ] GC(47) O: Load: 0.67 (6%) / 1.09 (9%) / 1.37 (11%)
[85.794s][info   ][gc,mmu      ] GC(47) O: MMU: 2ms/99.0%, 5ms/99.5%, 10ms/99.7%, 20ms/99.8%, 50ms/99.9%, 100ms/99.9%
[85.794s][info   ][gc,marking  ] GC(47) O: Mark: 1 stripe(s), 2 proactive flush(es), 1 terminate flush(es), 0 completion(s), 0 continuation(s) 
[85.794s][info   ][gc,marking  ] GC(47) O: Mark Stack Usage: 32M
[85.794s][info   ][gc,nmethod  ] GC(47) O: NMethods: 383 registered, 108 unregistered
[85.794s][info   ][gc,metaspace] GC(47) O: Metaspace: 0M used, 0M committed, 1088M reserved
[85.794s][info   ][gc,ref      ] GC(47) O:                       Encountered   Discovered     Enqueued 
[85.794s][info   ][gc,ref      ] GC(47) O: Soft References:               64            0            0 
[85.794s][info   ][gc,ref      ] GC(47) O: Weak References:              217          165            0 
[85.795s][info   ][gc,ref      ] GC(47) O: Final References:               0            0            0 
[85.795s][info   ][gc,ref      ] GC(47) O: Phantom References:             5            3            0 
[85.795s][info   ][gc,reloc    ] GC(47) O:                        Candidates     Selected     In-Place         Size        Empty    Relocated 
[85.795s][info   ][gc,reloc    ] GC(47) O: Small Pages:                   34            0            0          68M           0M           0M 
[85.795s][info   ][gc,reloc    ] GC(47) O: Medium Pages:                   0            0            0           0M           0M           0M 
[85.795s][info   ][gc,reloc    ] GC(47) O: Large Pages:                    0            0            0           0M           0M           0M 
[85.795s][info   ][gc,reloc    ] GC(47) O: Forwarding Usage: 0M
[85.795s][info   ][gc,heap     ] GC(47) O: Min Capacity: 8192M(100%)
[85.795s][info   ][gc,heap     ] GC(47) O: Max Capacity: 8192M(100%)
[85.795s][info   ][gc,heap     ] GC(47) O: Soft Max Capacity: 8192M(100%)
[85.795s][info   ][gc,heap     ] GC(47) O: Heap Statistics:
[85.795s][info   ][gc,heap     ] GC(47) O:                Mark Start          Mark End        Relocate Start      Relocate End           High               Low         
[85.795s][info   ][gc,heap     ] GC(47) O:  Capacity:     8192M (100%)       8192M (100%)       8192M (100%)       8192M (100%)       8192M (100%)       8192M (100%)   
[85.795s][info   ][gc,heap     ] GC(47) O:      Free:     1318M (16%)        7964M (97%)        7934M (97%)        7934M (97%)        8024M (98%)        1286M (16%)    
[85.795s][info   ][gc,heap     ] GC(47) O:      Used:     6874M (84%)         228M (3%)          258M (3%)          258M (3%)         6906M (84%)         168M (2%)     
[85.795s][info   ][gc,heap     ] GC(47) O: Old Generation Statistics:
[85.795s][info   ][gc,heap     ] GC(47) O:                Mark Start          Mark End        Relocate Start      Relocate End    
[85.795s][info   ][gc,heap     ] GC(47) O:      Used:       68M (1%)           68M (1%)           68M (1%)           68M (1%)     
[85.795s][info   ][gc,heap     ] GC(47) O:      Live:         -                65M (1%)           65M (1%)           65M (1%)     
[85.795s][info   ][gc,heap     ] GC(47) O:   Garbage:         -                 2M (0%)            2M (0%)            2M (0%)     
[85.795s][info   ][gc,heap     ] GC(47) O: Allocated:         -                 0M (0%)            0M (0%)            0M (0%)     
[85.795s][info   ][gc,heap     ] GC(47) O: Reclaimed:         -                  -                 0M (0%)            0M (0%)     
[85.795s][info   ][gc,heap     ] GC(47) O: Compacted:         -                  -                  -                 0M (0%)     
[85.795s][info   ][gc,phases   ] GC(47) O: Old Generation 168M(2%)->258M(3%) 0.024s
[85.795s][info   ][gc          ] GC(47) Major Collection (Proactive) 6874M(84%)->258M(3%) 0.040s
[88.033s][info   ][gc          ] GC(48) Major Collection (Proactive)
[88.033s][info   ][gc,task     ] GC(48) Using 1 Workers for Young Generation
[88.033s][info   ][gc,task     ] GC(48) Using 1 Workers for Old Generation
[88.033s][info   ][gc,phases   ] GC(48) Y: Young Generation
[88.033s][info   ][gc,phases   ] GC(48) Y: Pause Mark Start (Major) 0.009ms
[88.048s][info   ][gc,phases   ] GC(48) Y: Concurrent Mark 14.391ms
[88.048s][info   ][gc,phases   ] GC(48) Y: Pause Mark End 0.007ms
[88.048s][info   ][gc,phases   ] GC(48) Y: Concurrent Mark Free 0.000ms
[88.048s][info   ][gc,phases   ] GC(48) Y: Concurrent Reset Relocation Set 0.001ms
[88.049s][info   ][gc,reloc    ] GC(48) Y: Using tenuring threshold: 7 (Computed)
[88.049s][info   ][gc,phases   ] GC(48) Y: Concurrent Select Relocation Set 1.243ms
[88.049s][info   ][gc,phases   ] GC(48) Y: Pause Relocate Start 0.002ms
[88.049s][info   ][gc,phases   ] GC(48) Y: Concurrent Relocate 0.163ms
[88.049s][info   ][gc,alloc    ] GC(48) Y:                         Mark Start        Mark End      Relocate Start    Relocate End   
[88.049s][info   ][gc,alloc    ] GC(48) Y: Allocation Stalls:          0                0                0                0         
[88.049s][info   ][gc,load     ] GC(48) Y: Load: 0.67 (6%) / 1.09 (9%) / 1.37 (11%)
[88.049s][info   ][gc,mmu      ] GC(48) Y: MMU: 2ms/99.0%, 5ms/99.5%, 10ms/99.7%, 20ms/99.8%, 50ms/99.9%, 100ms/99.9%
[88.049s][info   ][gc,marking  ] GC(48) Y: Mark: 1 stripe(s), 2 proactive flush(es), 1 terminate flush(es), 0 completion(s), 0 continuation(s) 
[88.049s][info   ][gc,marking  ] GC(48) Y: Mark Stack Usage: 32M
[88.049s][info   ][gc,nmethod  ] GC(48) Y: NMethods: 383 registered, 108 unregistered
[88.049s][info   ][gc,metaspace] GC(48) Y: Metaspace: 0M used, 0M committed, 1088M reserved
[88.049s][info   ][gc,reloc    ] GC(48) Y:                        Candidates     Selected     In-Place         Size        Empty    Relocated 
[88.049s][info   ][gc,reloc    ] GC(48) Y: Small Pages:                 3424            3            0        6848M        6776M           1M 
[88.049s][info   ][gc,reloc    ] GC(48) Y: Medium Pages:                   0            0            0           0M           0M           0M 
[88.049s][info   ][gc,reloc    ] GC(48) Y: Large Pages:                    0            0            0           0M           0M           0M 
[88.049s][info   ][gc,reloc    ] GC(48) Y: Forwarding Usage: 0M
[88.049s][info   ][gc,reloc    ] GC(48) Y: Age Table:
[88.049s][info   ][gc,reloc    ] GC(48) Y:                    Live             Garbage             Small              Medium             Large        
[88.049s][info   ][gc,reloc    ] GC(48) Y: Eden              63M (1%)         6716M (82%)       3390 / 3              0 / 0              0 / 0        
[88.049s][info   ][gc,reloc    ] GC(48) Y: Survivor 1          -                66M (1%)          33 / 0              0 / 0              0 / 0        
[88.049s][info   ][gc,reloc    ] GC(48) Y: Survivor 2          -                 0M (0%)           0 / 0              0 / 0              0 / 0        
[88.049s][info   ][gc,reloc    ] GC(48) Y: Survivor 3          -                 0M (0%)           0 / 0              0 / 0              0 / 0        
[88.049s][info   ][gc,reloc    ] GC(48) Y: Survivor 4          -                 0M (0%)           0 / 0              0 / 0              0 / 0        
[88.049s][info   ][gc,reloc    ] GC(48) Y: Survivor 5          -                 0M (0%)           0 / 0              0 / 0              0 / 0        
[88.049s][info   ][gc,reloc    ] GC(48) Y: Survivor 6          -                 0M (0%)           0 / 0              0 / 0              0 / 0        
[88.049s][info   ][gc,reloc    ] GC(48) Y: Survivor 7         0M (0%)            1M (0%)           1 / 0              0 / 0              0 / 0        
[88.049s][info   ][gc,heap     ] GC(48) Y: Min Capacity: 8192M(100%)
[88.049s][info   ][gc,heap     ] GC(48) Y: Max Capacity: 8192M(100%)
[88.049s][info   ][gc,heap     ] GC(48) Y: Soft Max Capacity: 8192M(100%)
[88.049s][info   ][gc,heap     ] GC(48) Y: Heap Statistics:
[88.049s][info   ][gc,heap     ] GC(48) Y:                Mark Start          Mark End        Relocate Start      Relocate End           High               Low         
[88.049s][info   ][gc,heap     ] GC(48) Y:  Capacity:     8192M (100%)       8192M (100%)       8192M (100%)       8192M (100%)       8192M (100%)       8192M (100%)   
[88.049s][info   ][gc,heap     ] GC(48) Y:      Free:     1276M (16%)        1242M (15%)        8018M (98%)        8022M (98%)        8022M (98%)        1242M (15%)    
[88.049s][info   ][gc,heap     ] GC(48) Y:      Used:     6916M (84%)        6950M (85%)         174M (2%)          170M (2%)         6950M (85%)         170M (2%)     
[88.049s][info   ][gc,heap     ] GC(48) Y: Young Generation Statistics:
[88.049s][info   ][gc,heap     ] GC(48) Y:                Mark Start          Mark End        Relocate Start      Relocate End    
[88.049s][info   ][gc,heap     ] GC(48) Y:      Used:     6848M (84%)        6882M (84%)         106M (1%)          100M (1%)     
[88.049s][info   ][gc,heap     ] GC(48) Y:      Live:         -                63M (1%)           63M (1%)           63M (1%)     
[88.049s][info   ][gc,heap     ] GC(48) Y:   Garbage:         -              6784M (83%)           8M (0%)            1M (0%)     
[88.049s][info   ][gc,heap     ] GC(48) Y: Allocated:         -                34M (0%)           34M (0%)           34M (0%)     
[88.049s][info   ][gc,heap     ] GC(48) Y: Reclaimed:         -                  -              6776M (83%)        6782M (83%)    
[88.049s][info   ][gc,heap     ] GC(48) Y:  Promoted:         -                  -                 0M (0%)            0M (0%)     
[88.049s][info   ][gc,heap     ] GC(48) Y: Compacted:         -                  -                  -                 1M (0%)     
[88.049s][info   ][gc,phases   ] GC(48) Y: Young Generation 6916M(84%)->170M(2%) 0.016s
[88.049s][info   ][gc,phases   ] GC(48) O: Old Generation
[88.070s][info   ][gc,phases   ] GC(48) O: Concurrent Mark 20.533ms
[88.070s][info   ][gc,phases   ] GC(48) O: Pause Mark End 0.007ms
[88.070s][info   ][gc,phases   ] GC(48) O: Concurrent Mark Free 0.000ms
[88.070s][info   ][gc,phases   ] GC(48) O: Concurrent Process Non-Strong 0.527ms
[88.070s][info   ][gc,phases   ] GC(48) O: Concurrent Reset Relocation Set 0.000ms
[88.071s][info   ][gc,phases   ] GC(48) O: Concurrent Select Relocation Set 0.982ms
[88.071s][info   ][gc,task     ] GC(48) O: Using 2 Workers for Old Generation
[88.074s][info   ][gc,task     ] GC(48) O: Using 1 Workers for Old Generation
[88.074s][info   ][gc,phases   ] GC(48) O: Concurrent Remap Roots 2.916ms
[88.074s][info   ][gc,phases   ] GC(48) O: Pause Relocate Start 0.004ms
[88.074s][info   ][gc,phases   ] GC(48) O: Concurrent Relocate 0.024ms
[88.074s][info   ][gc,alloc    ] GC(48) O:                         Mark Start        Mark End      Relocate Start    Relocate End   
[88.074s][info   ][gc,alloc    ] GC(48) O: Allocation Stalls:          0                0                0                0         
[88.074s][info   ][gc,load     ] GC(48) O: Load: 0.67 (6%) / 1.09 (9%) / 1.37 (11%)
[88.074s][info   ][gc,mmu      ] GC(48) O: MMU: 2ms/99.0%, 5ms/99.5%, 10ms/99.7%, 20ms/99.8%, 50ms/99.9%, 100ms/99.9%
[88.074s][info   ][gc,marking  ] GC(48) O: Mark: 1 stripe(s), 2 proactive flush(es), 1 terminate flush(es), 0 completion(s), 0 continuation(s) 
[88.074s][info   ][gc,marking  ] GC(48) O: Mark Stack Usage: 32M
[88.074s][info   ][gc,nmethod  ] GC(48) O: NMethods: 383 registered, 108 unregistered
[88.074s][info   ][gc,metaspace] GC(48) O: Metaspace: 0M used, 0M committed, 1088M reserved
[88.074s][info   ][gc,ref      ] GC(48) O:                       Encountered   Discovered     Enqueued 
[88.074s][info   ][gc,ref      ] GC(48) O: Soft References:               64            0            0 
[88.074s][info   ][gc,ref      ] GC(48) O: Weak References:              217          165            0 
[88.074s][info   ][gc,ref      ] GC(48) O: Final References:               0            0            0 
[88.074s][info   ][gc,ref      ] GC(48) O: Phantom References:             5            3            0 
[88.074s][info   ][gc,reloc    ] GC(48) O:                        Candidates     Selected     In-Place         Size        Empty    Relocated 
[88.074s][info   ][gc,reloc    ] GC(48) O: Small Pages:                   34            0            0          68M           0M           0M 
[88.074s][info   ][gc,reloc    ] GC(48) O: Medium Pages:                   0            0            0           0M           0M           0M 
[88.074s][info   ][gc,reloc    ] GC(48) O: Large Pages:                    0            0            0           0M           0M           0M 
[88.074s][info   ][gc,reloc    ] GC(48) O: Forwarding Usage: 0M
[88.074s][info   ][gc,heap     ] GC(48) O: Min Capacity: 8192M(100%)
[88.074s][info   ][gc,heap     ] GC(48) O: Max Capacity: 8192M(100%)
[88.074s][info   ][gc,heap     ] GC(48) O: Soft Max Capacity: 8192M(100%)
[88.074s][info   ][gc,heap     ] GC(48) O: Heap Statistics:
[88.074s][info   ][gc,heap     ] GC(48) O:                Mark Start          Mark End        Relocate Start      Relocate End           High               Low         
[88.074s][info   ][gc,heap     ] GC(48) O:  Capacity:     8192M (100%)       8192M (100%)       8192M (100%)       8192M (100%)       8192M (100%)       8192M (100%)   
[88.074s][info   ][gc,heap     ] GC(48) O:      Free:     1276M (16%)        7962M (97%)        7932M (97%)        7932M (97%)        8022M (98%)        1242M (15%)    
[88.074s][info   ][gc,heap     ] GC(48) O:      Used:     6916M (84%)         230M (3%)          260M (3%)          260M (3%)         6950M (85%)         170M (2%)     
[88.074s][info   ][gc,heap     ] GC(48) O: Old Generation Statistics:
[88.074s][info   ][gc,heap     ] GC(48) O:                Mark Start          Mark End        Relocate Start      Relocate End    
[88.074s][info   ][gc,heap     ] GC(48) O:      Used:       68M (1%)           70M (1%)           70M (1%)           70M (1%)     
[88.074s][info   ][gc,heap     ] GC(48) O:      Live:         -                65M (1%)           65M (1%)           65M (1%)     
[88.074s][info   ][gc,heap     ] GC(48) O:   Garbage:         -                 2M (0%)            2M (0%)            2M (0%)     
[88.074s][info   ][gc,heap     ] GC(48) O: Allocated:         -                 2M (0%)            2M (0%)            2M (0%)     
[88.074s][info   ][gc,heap     ] GC(48) O: Reclaimed:         -                  -                 0M (0%)            0M (0%)     
[88.075s][info   ][gc,heap     ] GC(48) O: Compacted:         -                  -                  -                 0M (0%)     
[88.075s][info   ][gc,phases   ] GC(48) O: Old Generation 170M(2%)->260M(3%) 0.025s
[88.075s][info   ][gc          ] GC(48) Major Collection (Proactive) 6916M(84%)->260M(3%) 0.041s
[90.332s][info   ][gc          ] GC(49) Major Collection (Proactive)
[90.332s][info   ][gc,task     ] GC(49) Using 1 Workers for Young Generation
[90.332s][info   ][gc,task     ] GC(49) Using 1 Workers for Old Generation
[90.332s][info   ][gc,phases   ] GC(49) Y: Young Generation
[90.332s][info   ][gc,phases   ] GC(49) Y: Pause Mark Start (Major) 0.011ms
[90.344s][info   ][gc,phases   ] GC(49) Y: Concurrent Mark 12.216ms
[90.344s][info   ][gc,phases   ] GC(49) Y: Pause Mark End 0.007ms
[90.345s][info   ][gc,phases   ] GC(49) Y: Concurrent Mark Free 0.000ms
[90.345s][info   ][gc,phases   ] GC(49) Y: Concurrent Reset Relocation Set 0.001ms
[90.346s][info   ][gc,reloc    ] GC(49) Y: Using tenuring threshold: 1 (Computed)
[90.346s][info   ][gc,phases   ] GC(49) Y: Concurrent Select Relocation Set 1.157ms
[90.346s][info   ][gc,phases   ] GC(49) Y: Pause Relocate Start 0.002ms
[90.346s][info   ][gc,phases   ] GC(49) Y: Concurrent Relocate 0.173ms
[90.346s][info   ][gc,alloc    ] GC(49) Y:                         Mark Start        Mark End      Relocate Start    Relocate End   
[90.346s][info   ][gc,alloc    ] GC(49) Y: Allocation Stalls:          0                0                0                0         
[90.346s][info   ][gc,load     ] GC(49) Y: Load: 0.61 (5%) / 1.08 (9%) / 1.36 (11%)
[90.346s][info   ][gc,mmu      ] GC(49) Y: MMU: 2ms/99.0%, 5ms/99.5%, 10ms/99.7%, 20ms/99.8%, 50ms/99.9%, 100ms/99.9%
[90.346s][info   ][gc,marking  ] GC(49) Y: Mark: 1 stripe(s), 2 proactive flush(es), 1 terminate flush(es), 0 completion(s), 0 continuation(s) 
[90.346s][info   ][gc,marking  ] GC(49) Y: Mark Stack Usage: 32M
[90.346s][info   ][gc,nmethod  ] GC(49) Y: NMethods: 383 registered, 108 unregistered
[90.346s][info   ][gc,metaspace] GC(49) Y: Metaspace: 0M used, 0M committed, 1088M reserved
[90.346s][info   ][gc,reloc    ] GC(49) Y:                        Candidates     Selected     In-Place         Size        Empty    Relocated 
[90.346s][info   ][gc,reloc    ] GC(49) Y: Small Pages:                 3445            2            0        6890M        6820M           1M 
[90.346s][info   ][gc,reloc    ] GC(49) Y: Medium Pages:                   0            0            0           0M           0M           0M 
[90.346s][info   ][gc,reloc    ] GC(49) Y: Large Pages:                    0            0            0           0M           0M           0M 
[90.346s][info   ][gc,reloc    ] GC(49) Y: Forwarding Usage: 0M
[90.346s][info   ][gc,reloc    ] GC(49) Y: Age Table:
[90.346s][info   ][gc,reloc    ] GC(49) Y:                    Live             Garbage             Small              Medium             Large        
[90.346s][info   ][gc,reloc    ] GC(49) Y: Eden              63M (1%)         6760M (83%)       3412 / 2              0 / 0              0 / 0        
[90.346s][info   ][gc,reloc    ] GC(49) Y: Survivor 1          -                66M (1%)          33 / 0              0 / 0              0 / 0        
[90.346s][info   ][gc,heap     ] GC(49) Y: Min Capacity: 8192M(100%)
[90.346s][info   ][gc,heap     ] GC(49) Y: Max Capacity: 8192M(100%)
[90.346s][info   ][gc,heap     ] GC(49) Y: Soft Max Capacity: 8192M(100%)
[90.346s][info   ][gc,heap     ] GC(49) Y: Heap Statistics:
[90.346s][info   ][gc,heap     ] GC(49) Y:                Mark Start          Mark End        Relocate Start      Relocate End           High               Low         
[90.346s][info   ][gc,heap     ] GC(49) Y:  Capacity:     8192M (100%)       8192M (100%)       8192M (100%)       8192M (100%)       8192M (100%)       8192M (100%)   
[90.346s][info   ][gc,heap     ] GC(49) Y:      Free:     1232M (15%)        1182M (14%)        8002M (98%)        8006M (98%)        8006M (98%)        1182M (14%)    
[90.346s][info   ][gc,heap     ] GC(49) Y:      Used:     6960M (85%)        7010M (86%)         190M (2%)          186M (2%)         7010M (86%)         186M (2%)     
[90.346s][info   ][gc,heap     ] GC(49) Y: Young Generation Statistics:
[90.346s][info   ][gc,heap     ] GC(49) Y:                Mark Start          Mark End        Relocate Start      Relocate End    
[90.346s][info   ][gc,heap     ] GC(49) Y:      Used:     6890M (84%)        6940M (85%)         120M (1%)          116M (1%)     
[90.346s][info   ][gc,heap     ] GC(49) Y:      Live:         -                63M (1%)           63M (1%)           63M (1%)     
[90.346s][info   ][gc,heap     ] GC(49) Y:   Garbage:         -              6826M (83%)           6M (0%)            1M (0%)     
[90.346s][info   ][gc,heap     ] GC(49) Y: Allocated:         -                50M (1%)           50M (1%)           50M (1%)     
[90.346s][info   ][gc,heap     ] GC(49) Y: Reclaimed:         -                  -              6820M (83%)        6824M (83%)    
[90.346s][info   ][gc,heap     ] GC(49) Y:  Promoted:         -                  -                 0M (0%)            0M (0%)     
[90.346s][info   ][gc,heap     ] GC(49) Y: Compacted:         -                  -                  -                 1M (0%)     
[90.346s][info   ][gc,phases   ] GC(49) Y: Young Generation 6960M(85%)->186M(2%) 0.014s
[90.346s][info   ][gc,phases   ] GC(49) O: Old Generation
[90.365s][info   ][gc,phases   ] GC(49) O: Concurrent Mark 19.517ms
[90.365s][info   ][gc,phases   ] GC(49) O: Pause Mark End 0.008ms
[90.366s][info   ][gc,phases   ] GC(49) O: Concurrent Mark Free 0.000ms
[90.366s][info   ][gc,phases   ] GC(49) O: Concurrent Process Non-Strong 0.531ms
[90.366s][info   ][gc,phases   ] GC(49) O: Concurrent Reset Relocation Set 0.000ms
[90.367s][info   ][gc,phases   ] GC(49) O: Concurrent Select Relocation Set 0.945ms
[90.367s][info   ][gc,task     ] GC(49) O: Using 2 Workers for Old Generation
[90.370s][info   ][gc,task     ] GC(49) O: Using 1 Workers for Old Generation
[90.370s][info   ][gc,phases   ] GC(49) O: Concurrent Remap Roots 3.360ms
[90.370s][info   ][gc,phases   ] GC(49) O: Pause Relocate Start 0.004ms
[90.371s][info   ][gc,phases   ] GC(49) O: Concurrent Relocate 0.210ms
[90.371s][info   ][gc,alloc    ] GC(49) O:                         Mark Start        Mark End      Relocate Start    Relocate End   
[90.371s][info   ][gc,alloc    ] GC(49) O: Allocation Stalls:          0                0                0                0         
[90.371s][info   ][gc,load     ] GC(49) O: Load: 0.61 (5%) / 1.08 (9%) / 1.36 (11%)
[90.371s][info   ][gc,mmu      ] GC(49) O: MMU: 2ms/99.0%, 5ms/99.5%, 10ms/99.7%, 20ms/99.8%, 50ms/99.9%, 100ms/99.9%
[90.371s][info   ][gc,marking  ] GC(49) O: Mark: 1 stripe(s), 2 proactive flush(es), 1 terminate flush(es), 0 completion(s), 0 continuation(s) 
[90.371s][info   ][gc,marking  ] GC(49) O: Mark Stack Usage: 32M
[90.371s][info   ][gc,nmethod  ] GC(49) O: NMethods: 383 registered, 108 unregistered
[90.371s][info   ][gc,metaspace] GC(49) O: Metaspace: 0M used, 0M committed, 1088M reserved
[90.371s][info   ][gc,ref      ] GC(49) O:                       Encountered   Discovered     Enqueued 
[90.371s][info   ][gc,ref      ] GC(49) O: Soft References:               64            0            0 
[90.371s][info   ][gc,ref      ] GC(49) O: Weak References:              217          165            0 
[90.371s][info   ][gc,ref      ] GC(49) O: Final References:               0            0            0 
[90.371s][info   ][gc,ref      ] GC(49) O: Phantom References:             5            3            0 
[90.371s][info   ][gc,reloc    ] GC(49) O:                        Candidates     Selected     In-Place         Size        Empty    Relocated 
[90.371s][info   ][gc,reloc    ] GC(49) O: Small Pages:                   35            1            0          70M           0M           1M 
[90.371s][info   ][gc,reloc    ] GC(49) O: Medium Pages:                   0            0            0           0M           0M           0M 
[90.371s][info   ][gc,reloc    ] GC(49) O: Large Pages:                    0            0            0           0M           0M           0M 
[90.371s][info   ][gc,reloc    ] GC(49) O: Forwarding Usage: 0M
[90.371s][info   ][gc,heap     ] GC(49) O: Min Capacity: 8192M(100%)
[90.371s][info   ][gc,heap     ] GC(49) O: Max Capacity: 8192M(100%)
[90.371s][info   ][gc,heap     ] GC(49) O: Soft Max Capacity: 8192M(100%)
[90.371s][info   ][gc,heap     ] GC(49) O: Heap Statistics:
[90.371s][info   ][gc,heap     ] GC(49) O:                Mark Start          Mark End        Relocate Start      Relocate End           High               Low         
[90.371s][info   ][gc,heap     ] GC(49) O:  Capacity:     8192M (100%)       8192M (100%)       8192M (100%)       8192M (100%)       8192M (100%)       8192M (100%)   
[90.371s][info   ][gc,heap     ] GC(49) O:      Free:     1232M (15%)        7946M (97%)        7946M (97%)        7948M (97%)        8006M (98%)        1182M (14%)    
[90.371s][info   ][gc,heap     ] GC(49) O:      Used:     6960M (85%)         246M (3%)          246M (3%)          244M (3%)         7010M (86%)         186M (2%)     
[90.371s][info   ][gc,heap     ] GC(49) O: Old Generation Statistics:
[90.371s][info   ][gc,heap     ] GC(49) O:                Mark Start          Mark End        Relocate Start      Relocate End    
[90.371s][info   ][gc,heap     ] GC(49) O:      Used:       70M (1%)           70M (1%)           70M (1%)           68M (1%)     
[90.371s][info   ][gc,heap     ] GC(49) O:      Live:         -                65M (1%)           65M (1%)           65M (1%)     
[90.371s][info   ][gc,heap     ] GC(49) O:   Garbage:         -                 4M (0%)            4M (0%)            1M (0%)     
[90.371s][info   ][gc,heap     ] GC(49) O: Allocated:         -                 0M (0%)            0M (0%)            0M (0%)     
[90.371s][info   ][gc,heap     ] GC(49) O: Reclaimed:         -                  -                 0M (0%)            2M (0%)     
[90.371s][info   ][gc,heap     ] GC(49) O: Compacted:         -                  -                  -                 1M (0%)     
[90.371s][info   ][gc,phases   ] GC(49) O: Old Generation 186M(2%)->244M(3%) 0.025s
[90.371s][info   ][gc          ] GC(49) Major Collection (Proactive) 6960M(85%)->244M(3%) 0.039s
[92.644s][info   ][gc          ] GC(50) Major Collection (Proactive)
[92.644s][info   ][gc,task     ] GC(50) Using 1 Workers for Young Generation
[92.644s][info   ][gc,task     ] GC(50) Using 1 Workers for Old Generation
[92.644s][info   ][gc,phases   ] GC(50) Y: Young Generation
[92.644s][info   ][gc,phases   ] GC(50) Y: Pause Mark Start (Major) 0.010ms
[92.658s][info   ][gc,phases   ] GC(50) Y: Concurrent Mark 13.814ms
[92.658s][info   ][gc,phases   ] GC(50) Y: Pause Mark End 0.007ms
[92.658s][info   ][gc,phases   ] GC(50) Y: Concurrent Mark Free 0.000ms
[92.658s][info   ][gc,phases   ] GC(50) Y: Concurrent Reset Relocation Set 0.001ms
[92.659s][info   ][gc,reloc    ] GC(50) Y: Using tenuring threshold: 1 (Computed)
[92.659s][info   ][gc,phases   ] GC(50) Y: Concurrent Select Relocation Set 1.193ms
[92.659s][info   ][gc,phases   ] GC(50) Y: Pause Relocate Start 0.004ms
[92.659s][info   ][gc,phases   ] GC(50) Y: Concurrent Relocate 0.543ms
[92.659s][info   ][gc,alloc    ] GC(50) Y:                         Mark Start        Mark End      Relocate Start    Relocate End   
[92.659s][info   ][gc,alloc    ] GC(50) Y: Allocation Stalls:          0                0                0                0         
[92.659s][info   ][gc,load     ] GC(50) Y: Load: 0.61 (5%) / 1.08 (9%) / 1.36 (11%)
[92.659s][info   ][gc,mmu      ] GC(50) Y: MMU: 2ms/99.0%, 5ms/99.5%, 10ms/99.7%, 20ms/99.8%, 50ms/99.9%, 100ms/99.9%
[92.659s][info   ][gc,marking  ] GC(50) Y: Mark: 1 stripe(s), 2 proactive flush(es), 1 terminate flush(es), 0 completion(s), 0 continuation(s) 
[92.659s][info   ][gc,marking  ] GC(50) Y: Mark Stack Usage: 32M
[92.659s][info   ][gc,nmethod  ] GC(50) Y: NMethods: 383 registered, 108 unregistered
[92.659s][info   ][gc,metaspace] GC(50) Y: Metaspace: 0M used, 0M committed, 1088M reserved
[92.659s][info   ][gc,reloc    ] GC(50) Y:                        Candidates     Selected     In-Place         Size        Empty    Relocated 
[92.659s][info   ][gc,reloc    ] GC(50) Y: Small Pages:                 3477            3            0        6954M        6882M           2M 
[92.659s][info   ][gc,reloc    ] GC(50) Y: Medium Pages:                   0            0            0           0M           0M           0M 
[92.659s][info   ][gc,reloc    ] GC(50) Y: Large Pages:                    0            0            0           0M           0M           0M 
[92.659s][info   ][gc,reloc    ] GC(50) Y: Forwarding Usage: 0M
[92.659s][info   ][gc,reloc    ] GC(50) Y: Age Table:
[92.659s][info   ][gc,reloc    ] GC(50) Y:                    Live             Garbage             Small              Medium             Large        
[92.659s][info   ][gc,reloc    ] GC(50) Y: Eden              63M (1%)         6824M (83%)       3444 / 3              0 / 0              0 / 0        
[92.659s][info   ][gc,reloc    ] GC(50) Y: Survivor 1          -                66M (1%)          33 / 0              0 / 0              0 / 0        
[92.659s][info   ][gc,heap     ] GC(50) Y: Min Capacity: 8192M(100%)
[92.659s][info   ][gc,heap     ] GC(50) Y: Max Capacity: 8192M(100%)
[92.659s][info   ][gc,heap     ] GC(50) Y: Soft Max Capacity: 8192M(100%)
[92.659s][info   ][gc,heap     ] GC(50) Y: Heap Statistics:
[92.659s][info   ][gc,heap     ] GC(50) Y:                Mark Start          Mark End        Relocate Start      Relocate End           High               Low         
[92.659s][info   ][gc,heap     ] GC(50) Y:  Capacity:     8192M (100%)       8192M (100%)       8192M (100%)       8192M (100%)       8192M (100%)       8192M (100%)   
[92.659s][info   ][gc,heap     ] GC(50) Y:      Free:     1170M (14%)        1136M (14%)        8018M (98%)        8024M (98%)        8024M (98%)        1136M (14%)    
[92.659s][info   ][gc,heap     ] GC(50) Y:      Used:     7022M (86%)        7056M (86%)         174M (2%)          168M (2%)         7056M (86%)         168M (2%)     
[92.659s][info   ][gc,heap     ] GC(50) Y: Young Generation Statistics:
[92.659s][info   ][gc,heap     ] GC(50) Y:                Mark Start          Mark End        Relocate Start      Relocate End    
[92.659s][info   ][gc,heap     ] GC(50) Y:      Used:     6954M (85%)        6988M (85%)         106M (1%)          100M (1%)     
[92.659s][info   ][gc,heap     ] GC(50) Y:      Live:         -                63M (1%)           63M (1%)           63M (1%)     
[92.659s][info   ][gc,heap     ] GC(50) Y:   Garbage:         -              6890M (84%)           8M (0%)            1M (0%)     
[92.659s][info   ][gc,heap     ] GC(50) Y: Allocated:         -                34M (0%)           34M (0%)           35M (0%)     
[92.659s][info   ][gc,heap     ] GC(50) Y: Reclaimed:         -                  -              6882M (84%)        6889M (84%)    
[92.659s][info   ][gc,heap     ] GC(50) Y:  Promoted:         -                  -                 0M (0%)            0M (0%)     
[92.659s][info   ][gc,heap     ] GC(50) Y: Compacted:         -                  -                  -                 4M (0%)     
[92.659s][info   ][gc,phases   ] GC(50) Y: Young Generation 7022M(86%)->168M(2%) 0.016s
[92.659s][info   ][gc,phases   ] GC(50) O: Old Generation
[92.679s][info   ][gc,phases   ] GC(50) O: Concurrent Mark 19.665ms
[92.679s][info   ][gc,phases   ] GC(50) O: Pause Mark End 0.008ms
[92.679s][info   ][gc,phases   ] GC(50) O: Concurrent Mark Free 0.000ms
[92.680s][info   ][gc,phases   ] GC(50) O: Concurrent Process Non-Strong 0.548ms
[92.680s][info   ][gc,phases   ] GC(50) O: Concurrent Reset Relocation Set 0.000ms
[92.681s][info   ][gc,phases   ] GC(50) O: Concurrent Select Relocation Set 0.876ms
[92.681s][info   ][gc,task     ] GC(50) O: Using 2 Workers for Old Generation
[92.684s][info   ][gc,task     ] GC(50) O: Using 1 Workers for Old Generation
[92.684s][info   ][gc,phases   ] GC(50) O: Concurrent Remap Roots 3.132ms
[92.684s][info   ][gc,phases   ] GC(50) O: Pause Relocate Start 0.003ms
[92.684s][info   ][gc,phases   ] GC(50) O: Concurrent Relocate 0.013ms
[92.684s][info   ][gc,alloc    ] GC(50) O:                         Mark Start        Mark End      Relocate Start    Relocate End   
[92.684s][info   ][gc,alloc    ] GC(50) O: Allocation Stalls:          0                0                0                0         
[92.684s][info   ][gc,load     ] GC(50) O: Load: 0.61 (5%) / 1.08 (9%) / 1.36 (11%)
[92.684s][info   ][gc,mmu      ] GC(50) O: MMU: 2ms/99.0%, 5ms/99.5%, 10ms/99.7%, 20ms/99.8%, 50ms/99.9%, 100ms/99.9%
[92.684s][info   ][gc,marking  ] GC(50) O: Mark: 1 stripe(s), 2 proactive flush(es), 1 terminate flush(es), 0 completion(s), 0 continuation(s) 
[92.684s][info   ][gc,marking  ] GC(50) O: Mark Stack Usage: 32M
[92.684s][info   ][gc,nmethod  ] GC(50) O: NMethods: 383 registered, 108 unregistered
[92.684s][info   ][gc,metaspace] GC(50) O: Metaspace: 0M used, 0M committed, 1088M reserved
[92.684s][info   ][gc,ref      ] GC(50) O:                       Encountered   Discovered     Enqueued 
[92.684s][info   ][gc,ref      ] GC(50) O: Soft References:               64            0            0 
[92.684s][info   ][gc,ref      ] GC(50) O: Weak References:              217          165            0 
[92.684s][info   ][gc,ref      ] GC(50) O: Final References:               0            0            0 
[92.684s][info   ][gc,ref      ] GC(50) O: Phantom References:             5            3            0 
[92.684s][info   ][gc,reloc    ] GC(50) O:                        Candidates     Selected     In-Place         Size        Empty    Relocated 
[92.684s][info   ][gc,reloc    ] GC(50) O: Small Pages:                   34            0            0          68M           0M           0M 
[92.684s][info   ][gc,reloc    ] GC(50) O: Medium Pages:                   0            0            0           0M           0M           0M 
[92.684s][info   ][gc,reloc    ] GC(50) O: Large Pages:                    0            0            0           0M           0M           0M 
[92.684s][info   ][gc,reloc    ] GC(50) O: Forwarding Usage: 0M
[92.684s][info   ][gc,heap     ] GC(50) O: Min Capacity: 8192M(100%)
[92.684s][info   ][gc,heap     ] GC(50) O: Max Capacity: 8192M(100%)
[92.684s][info   ][gc,heap     ] GC(50) O: Soft Max Capacity: 8192M(100%)
[92.684s][info   ][gc,heap     ] GC(50) O: Heap Statistics:
[92.684s][info   ][gc,heap     ] GC(50) O:                Mark Start          Mark End        Relocate Start      Relocate End           High               Low         
[92.684s][info   ][gc,heap     ] GC(50) O:  Capacity:     8192M (100%)       8192M (100%)       8192M (100%)       8192M (100%)       8192M (100%)       8192M (100%)   
[92.684s][info   ][gc,heap     ] GC(50) O:      Free:     1170M (14%)        7964M (97%)        7936M (97%)        7936M (97%)        8024M (98%)        1136M (14%)    
[92.684s][info   ][gc,heap     ] GC(50) O:      Used:     7022M (86%)         228M (3%)          256M (3%)          256M (3%)         7056M (86%)         168M (2%)     
[92.684s][info   ][gc,heap     ] GC(50) O: Old Generation Statistics:
[92.684s][info   ][gc,heap     ] GC(50) O:                Mark Start          Mark End        Relocate Start      Relocate End    
[92.684s][info   ][gc,heap     ] GC(50) O:      Used:       68M (1%)           68M (1%)           68M (1%)           68M (1%)     
[92.684s][info   ][gc,heap     ] GC(50) O:      Live:         -                65M (1%)           65M (1%)           65M (1%)     
[92.684s][info   ][gc,heap     ] GC(50) O:   Garbage:         -                 2M (0%)            2M (0%)            2M (0%)     
[92.684s][info   ][gc,heap     ] GC(50) O: Allocated:         -                 0M (0%)            0M (0%)            0M (0%)     
[92.684s][info   ][gc,heap     ] GC(50) O: Reclaimed:         -                  -                 0M (0%)            0M (0%)     
[92.684s][info   ][gc,heap     ] GC(50) O: Compacted:         -                  -                  -                 0M (0%)     
[92.684s][info   ][gc,phases   ] GC(50) O: Old Generation 168M(2%)->256M(3%) 0.024s
[92.684s][info   ][gc          ] GC(50) Major Collection (Proactive) 7022M(86%)->258M(3%) 0.040s
[94.973s][info   ][gc          ] GC(51) Major Collection (Proactive)
[94.973s][info   ][gc,task     ] GC(51) Using 1 Workers for Young Generation
[94.973s][info   ][gc,task     ] GC(51) Using 1 Workers for Old Generation
[94.973s][info   ][gc,phases   ] GC(51) Y: Young Generation
[94.973s][info   ][gc,phases   ] GC(51) Y: Pause Mark Start (Major) 0.006ms
[94.987s][info   ][gc,phases   ] GC(51) Y: Concurrent Mark 13.417ms
[94.987s][info   ][gc,phases   ] GC(51) Y: Pause Mark End 0.007ms
[94.987s][info   ][gc,phases   ] GC(51) Y: Concurrent Mark Free 0.000ms
[94.987s][info   ][gc,phases   ] GC(51) Y: Concurrent Reset Relocation Set 0.001ms
[94.988s][info   ][gc,reloc    ] GC(51) Y: Using tenuring threshold: 1 (Computed)
[94.988s][info   ][gc,phases   ] GC(51) Y: Concurrent Select Relocation Set 1.133ms
[94.988s][info   ][gc,phases   ] GC(51) Y: Pause Relocate Start 0.003ms
[94.988s][info   ][gc,phases   ] GC(51) Y: Concurrent Relocate 0.201ms
[94.988s][info   ][gc,alloc    ] GC(51) Y:                         Mark Start        Mark End      Relocate Start    Relocate End   
[94.988s][info   ][gc,alloc    ] GC(51) Y: Allocation Stalls:          0                0                0                0         
[94.988s][info   ][gc,load     ] GC(51) Y: Load: 0.56 (5%) / 1.06 (9%) / 1.36 (11%)
[94.988s][info   ][gc,mmu      ] GC(51) Y: MMU: 2ms/99.0%, 5ms/99.5%, 10ms/99.7%, 20ms/99.8%, 50ms/99.9%, 100ms/99.9%
[94.988s][info   ][gc,marking  ] GC(51) Y: Mark: 1 stripe(s), 2 proactive flush(es), 1 terminate flush(es), 0 completion(s), 0 continuation(s) 
[94.988s][info   ][gc,marking  ] GC(51) Y: Mark Stack Usage: 32M
[94.988s][info   ][gc,nmethod  ] GC(51) Y: NMethods: 383 registered, 108 unregistered
[94.988s][info   ][gc,metaspace] GC(51) Y: Metaspace: 0M used, 0M committed, 1088M reserved
[94.988s][info   ][gc,reloc    ] GC(51) Y:                        Candidates     Selected     In-Place         Size        Empty    Relocated 
[94.988s][info   ][gc,reloc    ] GC(51) Y: Small Pages:                 3499            3            0        6998M        6926M           1M 
[94.988s][info   ][gc,reloc    ] GC(51) Y: Medium Pages:                   0            0            0           0M           0M           0M 
[94.988s][info   ][gc,reloc    ] GC(51) Y: Large Pages:                    0            0            0           0M           0M           0M 
[94.988s][info   ][gc,reloc    ] GC(51) Y: Forwarding Usage: 0M
[94.988s][info   ][gc,reloc    ] GC(51) Y: Age Table:
[94.988s][info   ][gc,reloc    ] GC(51) Y:                    Live             Garbage             Small              Medium             Large        
[94.988s][info   ][gc,reloc    ] GC(51) Y: Eden              63M (1%)         6868M (84%)       3466 / 3              0 / 0              0 / 0        
[94.988s][info   ][gc,reloc    ] GC(51) Y: Survivor 1          -                66M (1%)          33 / 0              0 / 0              0 / 0        
[94.988s][info   ][gc,heap     ] GC(51) Y: Min Capacity: 8192M(100%)
[94.988s][info   ][gc,heap     ] GC(51) Y: Max Capacity: 8192M(100%)
[94.988s][info   ][gc,heap     ] GC(51) Y: Soft Max Capacity: 8192M(100%)
[94.988s][info   ][gc,heap     ] GC(51) Y: Heap Statistics:
[94.988s][info   ][gc,heap     ] GC(51) Y:                Mark Start          Mark End        Relocate Start      Relocate End           High               Low         
[94.988s][info   ][gc,heap     ] GC(51) Y:  Capacity:     8192M (100%)       8192M (100%)       8192M (100%)       8192M (100%)       8192M (100%)       8192M (100%)   
[94.988s][info   ][gc,heap     ] GC(51) Y:      Free:     1126M (14%)        1094M (13%)        8020M (98%)        8026M (98%)        8026M (98%)        1094M (13%)    
[94.988s][info   ][gc,heap     ] GC(51) Y:      Used:     7066M (86%)        7098M (87%)         172M (2%)          166M (2%)         7098M (87%)         166M (2%)     
[94.988s][info   ][gc,heap     ] GC(51) Y: Young Generation Statistics:
[94.988s][info   ][gc,heap     ] GC(51) Y:                Mark Start          Mark End        Relocate Start      Relocate End    
[94.988s][info   ][gc,heap     ] GC(51) Y:      Used:     6998M (85%)        7030M (86%)         104M (1%)           98M (1%)     
[94.988s][info   ][gc,heap     ] GC(51) Y:      Live:         -                63M (1%)           63M (1%)           63M (1%)     
[94.988s][info   ][gc,heap     ] GC(51) Y:   Garbage:         -              6934M (85%)           8M (0%)            1M (0%)     
[94.988s][info   ][gc,heap     ] GC(51) Y: Allocated:         -                32M (0%)           32M (0%)           32M (0%)     
[94.988s][info   ][gc,heap     ] GC(51) Y: Reclaimed:         -                  -              6926M (85%)        6932M (85%)    
[94.988s][info   ][gc,heap     ] GC(51) Y:  Promoted:         -                  -                 0M (0%)            0M (0%)     
[94.988s][info   ][gc,heap     ] GC(51) Y: Compacted:         -                  -                  -                 1M (0%)     
[94.988s][info   ][gc,phases   ] GC(51) Y: Young Generation 7066M(86%)->166M(2%) 0.015s
[94.988s][info   ][gc,phases   ] GC(51) O: Old Generation
[95.008s][info   ][gc,phases   ] GC(51) O: Concurrent Mark 19.656ms
[95.008s][info   ][gc,phases   ] GC(51) O: Pause Mark End 0.007ms
[95.008s][info   ][gc,phases   ] GC(51) O: Concurrent Mark Free 0.000ms
[95.009s][info   ][gc,phases   ] GC(51) O: Concurrent Process Non-Strong 0.539ms
[95.009s][info   ][gc,phases   ] GC(51) O: Concurrent Reset Relocation Set 0.000ms
[95.010s][info   ][gc,phases   ] GC(51) O: Concurrent Select Relocation Set 0.923ms
[95.010s][info   ][gc,task     ] GC(51) O: Using 2 Workers for Old Generation
[95.014s][info   ][gc,task     ] GC(51) O: Using 1 Workers for Old Generation
[95.014s][info   ][gc,phases   ] GC(51) O: Concurrent Remap Roots 4.110ms
[95.014s][info   ][gc,phases   ] GC(51) O: Pause Relocate Start 0.005ms
[95.014s][info   ][gc,phases   ] GC(51) O: Concurrent Relocate 0.021ms
[95.014s][info   ][gc,alloc    ] GC(51) O:                         Mark Start        Mark End      Relocate Start    Relocate End   
[95.014s][info   ][gc,alloc    ] GC(51) O: Allocation Stalls:          0                0                0                0         
[95.014s][info   ][gc,load     ] GC(51) O: Load: 0.56 (5%) / 1.06 (9%) / 1.36 (11%)
[95.014s][info   ][gc,mmu      ] GC(51) O: MMU: 2ms/99.0%, 5ms/99.5%, 10ms/99.7%, 20ms/99.8%, 50ms/99.9%, 100ms/99.9%
[95.014s][info   ][gc,marking  ] GC(51) O: Mark: 1 stripe(s), 2 proactive flush(es), 1 terminate flush(es), 0 completion(s), 0 continuation(s) 
[95.014s][info   ][gc,marking  ] GC(51) O: Mark Stack Usage: 32M
[95.014s][info   ][gc,nmethod  ] GC(51) O: NMethods: 383 registered, 108 unregistered
[95.014s][info   ][gc,metaspace] GC(51) O: Metaspace: 0M used, 0M committed, 1088M reserved
[95.014s][info   ][gc,ref      ] GC(51) O:                       Encountered   Discovered     Enqueued 
[95.014s][info   ][gc,ref      ] GC(51) O: Soft References:               64            0            0 
[95.014s][info   ][gc,ref      ] GC(51) O: Weak References:              217          165            0 
[95.014s][info   ][gc,ref      ] GC(51) O: Final References:               0            0            0 
[95.014s][info   ][gc,ref      ] GC(51) O: Phantom References:             5            3            0 
[95.014s][info   ][gc,reloc    ] GC(51) O:                        Candidates     Selected     In-Place         Size        Empty    Relocated 
[95.014s][info   ][gc,reloc    ] GC(51) O: Small Pages:                   34            0            0          68M           0M           0M 
[95.014s][info   ][gc,reloc    ] GC(51) O: Medium Pages:                   0            0            0           0M           0M           0M 
[95.014s][info   ][gc,reloc    ] GC(51) O: Large Pages:                    0            0            0           0M           0M           0M 
[95.014s][info   ][gc,reloc    ] GC(51) O: Forwarding Usage: 0M
[95.014s][info   ][gc,heap     ] GC(51) O: Min Capacity: 8192M(100%)
[95.014s][info   ][gc,heap     ] GC(51) O: Max Capacity: 8192M(100%)
[95.014s][info   ][gc,heap     ] GC(51) O: Soft Max Capacity: 8192M(100%)
[95.014s][info   ][gc,heap     ] GC(51) O: Heap Statistics:
[95.014s][info   ][gc,heap     ] GC(51) O:                Mark Start          Mark End        Relocate Start      Relocate End           High               Low         
[95.014s][info   ][gc,heap     ] GC(51) O:  Capacity:     8192M (100%)       8192M (100%)       8192M (100%)       8192M (100%)       8192M (100%)       8192M (100%)   
[95.014s][info   ][gc,heap     ] GC(51) O:      Free:     1126M (14%)        7966M (97%)        7936M (97%)        7936M (97%)        8026M (98%)        1094M (13%)    
[95.014s][info   ][gc,heap     ] GC(51) O:      Used:     7066M (86%)         226M (3%)          256M (3%)          256M (3%)         7098M (87%)         166M (2%)     
[95.014s][info   ][gc,heap     ] GC(51) O: Old Generation Statistics:
[95.014s][info   ][gc,heap     ] GC(51) O:                Mark Start          Mark End        Relocate Start      Relocate End    
[95.014s][info   ][gc,heap     ] GC(51) O:      Used:       68M (1%)           68M (1%)           68M (1%)           68M (1%)     
[95.014s][info   ][gc,heap     ] GC(51) O:      Live:         -                65M (1%)           65M (1%)           65M (1%)     
[95.014s][info   ][gc,heap     ] GC(51) O:   Garbage:         -                 2M (0%)            2M (0%)            2M (0%)     
[95.014s][info   ][gc,heap     ] GC(51) O: Allocated:         -                 0M (0%)            0M (0%)            0M (0%)     
[95.014s][info   ][gc,heap     ] GC(51) O: Reclaimed:         -                  -                 0M (0%)            0M (0%)     
[95.014s][info   ][gc,heap     ] GC(51) O: Compacted:         -                  -                  -                 0M (0%)     
[95.014s][info   ][gc,phases   ] GC(51) O: Old Generation 166M(2%)->256M(3%) 0.025s
[95.014s][info   ][gc          ] GC(51) Major Collection (Proactive) 7066M(86%)->256M(3%) 0.040s
[97.392s][info   ][gc          ] GC(52) Major Collection (Proactive)
[97.392s][info   ][gc,task     ] GC(52) Using 1 Workers for Young Generation
[97.392s][info   ][gc,task     ] GC(52) Using 1 Workers for Old Generation
[97.392s][info   ][gc,phases   ] GC(52) Y: Young Generation
[97.392s][info   ][gc,phases   ] GC(52) Y: Pause Mark Start (Major) 0.006ms
[97.405s][info   ][gc,phases   ] GC(52) Y: Concurrent Mark 12.542ms
[97.405s][info   ][gc,phases   ] GC(52) Y: Pause Mark End 0.007ms
[97.405s][info   ][gc,phases   ] GC(52) Y: Concurrent Mark Free 0.000ms
[97.405s][info   ][gc,phases   ] GC(52) Y: Concurrent Reset Relocation Set 0.001ms
[97.406s][info   ][gc,reloc    ] GC(52) Y: Using tenuring threshold: 1 (Computed)
[97.406s][info   ][gc,phases   ] GC(52) Y: Concurrent Select Relocation Set 1.133ms
[97.406s][info   ][gc,phases   ] GC(52) Y: Pause Relocate Start 0.002ms
[97.406s][info   ][gc,phases   ] GC(52) Y: Concurrent Relocate 0.166ms
[97.406s][info   ][gc,alloc    ] GC(52) Y:                         Mark Start        Mark End      Relocate Start    Relocate End   
[97.406s][info   ][gc,alloc    ] GC(52) Y: Allocation Stalls:          0                0                0                0         
[97.406s][info   ][gc,load     ] GC(52) Y: Load: 0.56 (5%) / 1.06 (9%) / 1.36 (11%)
[97.406s][info   ][gc,mmu      ] GC(52) Y: MMU: 2ms/99.0%, 5ms/99.5%, 10ms/99.7%, 20ms/99.8%, 50ms/99.9%, 100ms/99.9%
[97.406s][info   ][gc,marking  ] GC(52) Y: Mark: 1 stripe(s), 2 proactive flush(es), 1 terminate flush(es), 0 completion(s), 0 continuation(s) 
[97.406s][info   ][gc,marking  ] GC(52) Y: Mark Stack Usage: 32M
[97.406s][info   ][gc,nmethod  ] GC(52) Y: NMethods: 383 registered, 108 unregistered
[97.406s][info   ][gc,metaspace] GC(52) Y: Metaspace: 0M used, 0M committed, 1088M reserved
[97.406s][info   ][gc,reloc    ] GC(52) Y:                        Candidates     Selected     In-Place         Size        Empty    Relocated 
[97.406s][info   ][gc,reloc    ] GC(52) Y: Small Pages:                 3623            1            0        7246M        7178M           0M 
[97.406s][info   ][gc,reloc    ] GC(52) Y: Medium Pages:                   0            0            0           0M           0M           0M 
[97.406s][info   ][gc,reloc    ] GC(52) Y: Large Pages:                    0            0            0           0M           0M           0M 
[97.406s][info   ][gc,reloc    ] GC(52) Y: Forwarding Usage: 0M
[97.406s][info   ][gc,reloc    ] GC(52) Y: Age Table:
[97.406s][info   ][gc,reloc    ] GC(52) Y:                    Live             Garbage             Small              Medium             Large        
[97.406s][info   ][gc,reloc    ] GC(52) Y: Eden              63M (1%)         7116M (87%)       3590 / 1              0 / 0              0 / 0        
[97.406s][info   ][gc,reloc    ] GC(52) Y: Survivor 1          -                66M (1%)          33 / 0              0 / 0              0 / 0        
[97.406s][info   ][gc,heap     ] GC(52) Y: Min Capacity: 8192M(100%)
[97.406s][info   ][gc,heap     ] GC(52) Y: Max Capacity: 8192M(100%)
[97.406s][info   ][gc,heap     ] GC(52) Y: Soft Max Capacity: 8192M(100%)
[97.406s][info   ][gc,heap     ] GC(52) Y: Heap Statistics:
[97.406s][info   ][gc,heap     ] GC(52) Y:                Mark Start          Mark End        Relocate Start      Relocate End           High               Low         
[97.406s][info   ][gc,heap     ] GC(52) Y:  Capacity:     8192M (100%)       8192M (100%)       8192M (100%)       8192M (100%)       8192M (100%)       8192M (100%)   
[97.406s][info   ][gc,heap     ] GC(52) Y:      Free:      878M (11%)         828M (10%)        8006M (98%)        8008M (98%)        8008M (98%)         828M (10%)    
[97.406s][info   ][gc,heap     ] GC(52) Y:      Used:     7314M (89%)        7364M (90%)         186M (2%)          184M (2%)         7364M (90%)         184M (2%)     
[97.406s][info   ][gc,heap     ] GC(52) Y: Young Generation Statistics:
[97.406s][info   ][gc,heap     ] GC(52) Y:                Mark Start          Mark End        Relocate Start      Relocate End    
[97.406s][info   ][gc,heap     ] GC(52) Y:      Used:     7246M (88%)        7296M (89%)         118M (1%)          116M (1%)     
[97.406s][info   ][gc,heap     ] GC(52) Y:      Live:         -                63M (1%)           63M (1%)           63M (1%)     
[97.406s][info   ][gc,heap     ] GC(52) Y:   Garbage:         -              7182M (88%)           4M (0%)            1M (0%)     
[97.406s][info   ][gc,heap     ] GC(52) Y: Allocated:         -                50M (1%)           50M (1%)           50M (1%)     
[97.406s][info   ][gc,heap     ] GC(52) Y: Reclaimed:         -                  -              7178M (88%)        7180M (88%)    
[97.406s][info   ][gc,heap     ] GC(52) Y:  Promoted:         -                  -                 0M (0%)            0M (0%)     
[97.406s][info   ][gc,heap     ] GC(52) Y: Compacted:         -                  -                  -                 1M (0%)     
[97.406s][info   ][gc,phases   ] GC(52) Y: Young Generation 7314M(89%)->184M(2%) 0.014s
[97.406s][info   ][gc,phases   ] GC(52) O: Old Generation
[97.426s][info   ][gc,phases   ] GC(52) O: Concurrent Mark 19.694ms
[97.426s][info   ][gc,phases   ] GC(52) O: Pause Mark End 0.006ms
[97.426s][info   ][gc,phases   ] GC(52) O: Concurrent Mark Free 0.000ms
[97.426s][info   ][gc,phases   ] GC(52) O: Concurrent Process Non-Strong 0.494ms
[97.426s][info   ][gc,phases   ] GC(52) O: Concurrent Reset Relocation Set 0.000ms
[97.427s][info   ][gc,phases   ] GC(52) O: Concurrent Select Relocation Set 0.928ms
[97.427s][info   ][gc,task     ] GC(52) O: Using 2 Workers for Old Generation
[97.430s][info   ][gc,task     ] GC(52) O: Using 1 Workers for Old Generation
[97.430s][info   ][gc,phases   ] GC(52) O: Concurrent Remap Roots 3.176ms
[97.430s][info   ][gc,phases   ] GC(52) O: Pause Relocate Start 0.003ms
[97.431s][info   ][gc,phases   ] GC(52) O: Concurrent Relocate 0.020ms
[97.431s][info   ][gc,alloc    ] GC(52) O:                         Mark Start        Mark End      Relocate Start    Relocate End   
[97.431s][info   ][gc,alloc    ] GC(52) O: Allocation Stalls:          0                0                0                0         
[97.431s][info   ][gc,load     ] GC(52) O: Load: 0.56 (5%) / 1.06 (9%) / 1.36 (11%)
[97.431s][info   ][gc,mmu      ] GC(52) O: MMU: 2ms/99.0%, 5ms/99.5%, 10ms/99.7%, 20ms/99.8%, 50ms/99.9%, 100ms/99.9%
[97.431s][info   ][gc,marking  ] GC(52) O: Mark: 1 stripe(s), 2 proactive flush(es), 1 terminate flush(es), 0 completion(s), 0 continuation(s) 
[97.431s][info   ][gc,marking  ] GC(52) O: Mark Stack Usage: 32M
[97.431s][info   ][gc,nmethod  ] GC(52) O: NMethods: 383 registered, 108 unregistered
[97.431s][info   ][gc,metaspace] GC(52) O: Metaspace: 0M used, 0M committed, 1088M reserved
[97.431s][info   ][gc,ref      ] GC(52) O:                       Encountered   Discovered     Enqueued 
[97.431s][info   ][gc,ref      ] GC(52) O: Soft References:               64            0            0 
[97.431s][info   ][gc,ref      ] GC(52) O: Weak References:              217          165            0 
[97.431s][info   ][gc,ref      ] GC(52) O: Final References:               0            0            0 
[97.431s][info   ][gc,ref      ] GC(52) O: Phantom References:             5            3            0 
[97.431s][info   ][gc,reloc    ] GC(52) O:                        Candidates     Selected     In-Place         Size        Empty    Relocated 
[97.431s][info   ][gc,reloc    ] GC(52) O: Small Pages:                   34            0            0          68M           0M           0M 
[97.431s][info   ][gc,reloc    ] GC(52) O: Medium Pages:                   0            0            0           0M           0M           0M 
[97.431s][info   ][gc,reloc    ] GC(52) O: Large Pages:                    0            0            0           0M           0M           0M 
[97.431s][info   ][gc,reloc    ] GC(52) O: Forwarding Usage: 0M
[97.431s][info   ][gc,heap     ] GC(52) O: Min Capacity: 8192M(100%)
[97.431s][info   ][gc,heap     ] GC(52) O: Max Capacity: 8192M(100%)
[97.431s][info   ][gc,heap     ] GC(52) O: Soft Max Capacity: 8192M(100%)
[97.431s][info   ][gc,heap     ] GC(52) O: Heap Statistics:
[97.431s][info   ][gc,heap     ] GC(52) O:                Mark Start          Mark End        Relocate Start      Relocate End           High               Low         
[97.431s][info   ][gc,heap     ] GC(52) O:  Capacity:     8192M (100%)       8192M (100%)       8192M (100%)       8192M (100%)       8192M (100%)       8192M (100%)   
[97.431s][info   ][gc,heap     ] GC(52) O:      Free:      878M (11%)        7948M (97%)        7948M (97%)        7948M (97%)        8008M (98%)         828M (10%)    
[97.431s][info   ][gc,heap     ] GC(52) O:      Used:     7314M (89%)         244M (3%)          244M (3%)          244M (3%)         7364M (90%)         184M (2%)     
[97.431s][info   ][gc,heap     ] GC(52) O: Old Generation Statistics:
[97.431s][info   ][gc,heap     ] GC(52) O:                Mark Start          Mark End        Relocate Start      Relocate End    
[97.431s][info   ][gc,heap     ] GC(52) O:      Used:       68M (1%)           68M (1%)           68M (1%)           68M (1%)     
[97.431s][info   ][gc,heap     ] GC(52) O:      Live:         -                65M (1%)           65M (1%)           65M (1%)     
[97.431s][info   ][gc,heap     ] GC(52) O:   Garbage:         -                 2M (0%)            2M (0%)            2M (0%)     
[97.431s][info   ][gc,heap     ] GC(52) O: Allocated:         -                 0M (0%)            0M (0%)            0M (0%)     
[97.431s][info   ][gc,heap     ] GC(52) O: Reclaimed:         -                  -                 0M (0%)            0M (0%)     
[97.431s][info   ][gc,heap     ] GC(52) O: Compacted:         -                  -                  -                 0M (0%)     
[97.431s][info   ][gc,phases   ] GC(52) O: Old Generation 184M(2%)->244M(3%) 0.024s
[97.431s][info   ][gc          ] GC(52) Major Collection (Proactive) 7314M(89%)->244M(3%) 0.039s
[99.719s][info   ][gc          ] GC(53) Major Collection (Proactive)
[99.719s][info   ][gc,task     ] GC(53) Using 1 Workers for Young Generation
[99.719s][info   ][gc,task     ] GC(53) Using 1 Workers for Old Generation
[99.719s][info   ][gc,phases   ] GC(53) Y: Young Generation
[99.719s][info   ][gc,phases   ] GC(53) Y: Pause Mark Start (Major) 0.012ms
[99.734s][info   ][gc,phases   ] GC(53) Y: Concurrent Mark 14.055ms
[99.734s][info   ][gc,phases   ] GC(53) Y: Pause Mark End 0.007ms
[99.734s][info   ][gc,phases   ] GC(53) Y: Concurrent Mark Free 0.000ms
[99.734s][info   ][gc,phases   ] GC(53) Y: Concurrent Reset Relocation Set 0.001ms
[99.735s][info   ][gc,reloc    ] GC(53) Y: Using tenuring threshold: 1 (Computed)
[99.735s][info   ][gc,phases   ] GC(53) Y: Concurrent Select Relocation Set 1.159ms
[99.735s][info   ][gc,phases   ] GC(53) Y: Pause Relocate Start 0.003ms
[99.735s][info   ][gc,phases   ] GC(53) Y: Concurrent Relocate 0.341ms
[99.735s][info   ][gc,alloc    ] GC(53) Y:                         Mark Start        Mark End      Relocate Start    Relocate End   
[99.735s][info   ][gc,alloc    ] GC(53) Y: Allocation Stalls:          0                0                0                0         
[99.735s][info   ][gc,load     ] GC(53) Y: Load: 0.92 (8%) / 1.12 (9%) / 1.38 (11%)
[99.735s][info   ][gc,mmu      ] GC(53) Y: MMU: 2ms/99.0%, 5ms/99.5%, 10ms/99.7%, 20ms/99.8%, 50ms/99.9%, 100ms/99.9%
[99.735s][info   ][gc,marking  ] GC(53) Y: Mark: 1 stripe(s), 2 proactive flush(es), 1 terminate flush(es), 0 completion(s), 0 continuation(s) 
[99.735s][info   ][gc,marking  ] GC(53) Y: Mark Stack Usage: 32M
[99.735s][info   ][gc,nmethod  ] GC(53) Y: NMethods: 383 registered, 108 unregistered
[99.735s][info   ][gc,metaspace] GC(53) Y: Metaspace: 0M used, 0M committed, 1088M reserved
[99.735s][info   ][gc,reloc    ] GC(53) Y:                        Candidates     Selected     In-Place         Size        Empty    Relocated 
[99.735s][info   ][gc,reloc    ] GC(53) Y: Small Pages:                 3493            4            0        6986M        6912M           2M 
[99.735s][info   ][gc,reloc    ] GC(53) Y: Medium Pages:                   0            0            0           0M           0M           0M 
[99.735s][info   ][gc,reloc    ] GC(53) Y: Large Pages:                    0            0            0           0M           0M           0M 
[99.735s][info   ][gc,reloc    ] GC(53) Y: Forwarding Usage: 0M
[99.735s][info   ][gc,reloc    ] GC(53) Y: Age Table:
[99.735s][info   ][gc,reloc    ] GC(53) Y:                    Live             Garbage             Small              Medium             Large        
[99.735s][info   ][gc,reloc    ] GC(53) Y: Eden              63M (1%)         6856M (84%)       3460 / 4              0 / 0              0 / 0        
[99.735s][info   ][gc,reloc    ] GC(53) Y: Survivor 1          -                66M (1%)          33 / 0              0 / 0              0 / 0        
[99.735s][info   ][gc,heap     ] GC(53) Y: Min Capacity: 8192M(100%)
[99.735s][info   ][gc,heap     ] GC(53) Y: Max Capacity: 8192M(100%)
[99.735s][info   ][gc,heap     ] GC(53) Y: Soft Max Capacity: 8192M(100%)
[99.735s][info   ][gc,heap     ] GC(53) Y: Heap Statistics:
[99.735s][info   ][gc,heap     ] GC(53) Y:                Mark Start          Mark End        Relocate Start      Relocate End           High               Low         
[99.735s][info   ][gc,heap     ] GC(53) Y:  Capacity:     8192M (100%)       8192M (100%)       8192M (100%)       8192M (100%)       8192M (100%)       8192M (100%)   
[99.735s][info   ][gc,heap     ] GC(53) Y:      Free:     1138M (14%)        1082M (13%)        7990M (98%)        7998M (98%)        7998M (98%)        1082M (13%)    
[99.735s][info   ][gc,heap     ] GC(53) Y:      Used:     7054M (86%)        7110M (87%)         202M (2%)          194M (2%)         7110M (87%)         194M (2%)     
[99.735s][info   ][gc,heap     ] GC(53) Y: Young Generation Statistics:
[99.735s][info   ][gc,heap     ] GC(53) Y:                Mark Start          Mark End        Relocate Start      Relocate End    
[99.735s][info   ][gc,heap     ] GC(53) Y:      Used:     6986M (85%)        7042M (86%)         134M (2%)          126M (2%)     
[99.735s][info   ][gc,heap     ] GC(53) Y:      Live:         -                63M (1%)           63M (1%)           63M (1%)     
[99.735s][info   ][gc,heap     ] GC(53) Y:   Garbage:         -              6922M (85%)          10M (0%)            1M (0%)     
[99.735s][info   ][gc,heap     ] GC(53) Y: Allocated:         -                56M (1%)           60M (1%)           60M (1%)     
[99.735s][info   ][gc,heap     ] GC(53) Y: Reclaimed:         -                  -              6912M (84%)        6920M (84%)    
[99.735s][info   ][gc,heap     ] GC(53) Y:  Promoted:         -                  -                 0M (0%)            0M (0%)     
[99.735s][info   ][gc,heap     ] GC(53) Y: Compacted:         -                  -                  -                 3M (0%)     
[99.735s][info   ][gc,phases   ] GC(53) Y: Young Generation 7054M(86%)->194M(2%) 0.016s
[99.735s][info   ][gc,phases   ] GC(53) O: Old Generation
[99.755s][info   ][gc,phases   ] GC(53) O: Concurrent Mark 19.734ms
[99.755s][info   ][gc,phases   ] GC(53) O: Pause Mark End 0.008ms
[99.755s][info   ][gc,phases   ] GC(53) O: Concurrent Mark Free 0.000ms
[99.756s][info   ][gc,phases   ] GC(53) O: Concurrent Process Non-Strong 0.534ms
[99.756s][info   ][gc,phases   ] GC(53) O: Concurrent Reset Relocation Set 0.000ms
[99.756s][info   ][gc,phases   ] GC(53) O: Concurrent Select Relocation Set 0.910ms
[99.756s][info   ][gc,task     ] GC(53) O: Using 2 Workers for Old Generation
[99.760s][info   ][gc,task     ] GC(53) O: Using 1 Workers for Old Generation
[99.760s][info   ][gc,phases   ] GC(53) O: Concurrent Remap Roots 3.359ms
[99.760s][info   ][gc,phases   ] GC(53) O: Pause Relocate Start 0.004ms
[99.760s][info   ][gc,phases   ] GC(53) O: Concurrent Relocate 0.016ms
[99.760s][info   ][gc,alloc    ] GC(53) O:                         Mark Start        Mark End      Relocate Start    Relocate End   
[99.760s][info   ][gc,alloc    ] GC(53) O: Allocation Stalls:          0                0                0                0         
[99.760s][info   ][gc,load     ] GC(53) O: Load: 0.92 (8%) / 1.12 (9%) / 1.38 (11%)
[99.760s][info   ][gc,mmu      ] GC(53) O: MMU: 2ms/99.0%, 5ms/99.5%, 10ms/99.7%, 20ms/99.8%, 50ms/99.9%, 100ms/99.9%
[99.760s][info   ][gc,marking  ] GC(53) O: Mark: 1 stripe(s), 2 proactive flush(es), 1 terminate flush(es), 0 completion(s), 0 continuation(s) 
[99.760s][info   ][gc,marking  ] GC(53) O: Mark Stack Usage: 32M
[99.760s][info   ][gc,nmethod  ] GC(53) O: NMethods: 383 registered, 108 unregistered
[99.760s][info   ][gc,metaspace] GC(53) O: Metaspace: 0M used, 0M committed, 1088M reserved
[99.760s][info   ][gc,ref      ] GC(53) O:                       Encountered   Discovered     Enqueued 
[99.760s][info   ][gc,ref      ] GC(53) O: Soft References:               64            0            0 
[99.760s][info   ][gc,ref      ] GC(53) O: Weak References:              217          165            0 
[99.760s][info   ][gc,ref      ] GC(53) O: Final References:               0            0            0 
[99.760s][info   ][gc,ref      ] GC(53) O: Phantom References:             5            3            0 
[99.760s][info   ][gc,reloc    ] GC(53) O:                        Candidates     Selected     In-Place         Size        Empty    Relocated 
[99.760s][info   ][gc,reloc    ] GC(53) O: Small Pages:                   34            0            0          68M           0M           0M 
[99.760s][info   ][gc,reloc    ] GC(53) O: Medium Pages:                   0            0            0           0M           0M           0M 
[99.760s][info   ][gc,reloc    ] GC(53) O: Large Pages:                    0            0            0           0M           0M           0M 
[99.760s][info   ][gc,reloc    ] GC(53) O: Forwarding Usage: 0M
[99.760s][info   ][gc,heap     ] GC(53) O: Min Capacity: 8192M(100%)
[99.760s][info   ][gc,heap     ] GC(53) O: Max Capacity: 8192M(100%)
[99.760s][info   ][gc,heap     ] GC(53) O: Soft Max Capacity: 8192M(100%)
[99.760s][info   ][gc,heap     ] GC(53) O: Heap Statistics:
[99.760s][info   ][gc,heap     ] GC(53) O:                Mark Start          Mark End        Relocate Start      Relocate End           High               Low         
[99.760s][info   ][gc,heap     ] GC(53) O:  Capacity:     8192M (100%)       8192M (100%)       8192M (100%)       8192M (100%)       8192M (100%)       8192M (100%)   
[99.760s][info   ][gc,heap     ] GC(53) O:      Free:     1138M (14%)        7938M (97%)        7938M (97%)        7938M (97%)        7998M (98%)        1082M (13%)    
[99.760s][info   ][gc,heap     ] GC(53) O:      Used:     7054M (86%)         254M (3%)          254M (3%)          254M (3%)         7110M (87%)         194M (2%)     
[99.760s][info   ][gc,heap     ] GC(53) O: Old Generation Statistics:
[99.760s][info   ][gc,heap     ] GC(53) O:                Mark Start          Mark End        Relocate Start      Relocate End    
[99.760s][info   ][gc,heap     ] GC(53) O:      Used:       68M (1%)           68M (1%)           68M (1%)           68M (1%)     
[99.760s][info   ][gc,heap     ] GC(53) O:      Live:         -                65M (1%)           65M (1%)           65M (1%)     
[99.760s][info   ][gc,heap     ] GC(53) O:   Garbage:         -                 2M (0%)            2M (0%)            2M (0%)     
[99.760s][info   ][gc,heap     ] GC(53) O: Allocated:         -                 0M (0%)            0M (0%)            0M (0%)     
[99.760s][info   ][gc,heap     ] GC(53) O: Reclaimed:         -                  -                 0M (0%)            0M (0%)     
[99.760s][info   ][gc,heap     ] GC(53) O: Compacted:         -                  -                  -                 0M (0%)     
[99.760s][info   ][gc,phases   ] GC(53) O: Old Generation 194M(2%)->254M(3%) 0.025s
[99.760s][info   ][gc          ] GC(53) Major Collection (Proactive) 7054M(86%)->254M(3%) 0.041s
[102.065s][info   ][gc          ] GC(54) Major Collection (Proactive)
[102.065s][info   ][gc,task     ] GC(54) Using 1 Workers for Young Generation
[102.065s][info   ][gc,task     ] GC(54) Using 1 Workers for Old Generation
[102.065s][info   ][gc,phases   ] GC(54) Y: Young Generation
[102.065s][info   ][gc,phases   ] GC(54) Y: Pause Mark Start (Major) 0.013ms
[102.088s][info   ][gc,phases   ] GC(54) Y: Concurrent Mark 23.428ms
[102.088s][info   ][gc,phases   ] GC(54) Y: Pause Mark End 0.025ms
[102.088s][info   ][gc,phases   ] GC(54) Y: Concurrent Mark Free 0.000ms
[102.088s][info   ][gc,phases   ] GC(54) Y: Concurrent Reset Relocation Set 0.002ms
[102.090s][info   ][gc,reloc    ] GC(54) Y: Using tenuring threshold: 1 (Computed)
[102.090s][info   ][gc,phases   ] GC(54) Y: Concurrent Select Relocation Set 1.828ms
[102.090s][info   ][gc,phases   ] GC(54) Y: Pause Relocate Start 0.004ms
[102.091s][info   ][gc,phases   ] GC(54) Y: Concurrent Relocate 0.848ms
[102.091s][info   ][gc,alloc    ] GC(54) Y:                         Mark Start        Mark End      Relocate Start    Relocate End   
[102.091s][info   ][gc,alloc    ] GC(54) Y: Allocation Stalls:          0                0                0                0         
[102.091s][info   ][gc,load     ] GC(54) Y: Load: 0.92 (8%) / 1.12 (9%) / 1.38 (11%)
[102.091s][info   ][gc,mmu      ] GC(54) Y: MMU: 2ms/98.5%, 5ms/99.4%, 10ms/99.7%, 20ms/99.8%, 50ms/99.9%, 100ms/99.9%
[102.091s][info   ][gc,marking  ] GC(54) Y: Mark: 1 stripe(s), 2 proactive flush(es), 1 terminate flush(es), 0 completion(s), 0 continuation(s) 
[102.091s][info   ][gc,marking  ] GC(54) Y: Mark Stack Usage: 32M
[102.091s][info   ][gc,nmethod  ] GC(54) Y: NMethods: 383 registered, 108 unregistered
[102.091s][info   ][gc,metaspace] GC(54) Y: Metaspace: 0M used, 0M committed, 1088M reserved
[102.091s][info   ][gc,reloc    ] GC(54) Y:                        Candidates     Selected     In-Place         Size        Empty    Relocated 
[102.091s][info   ][gc,reloc    ] GC(54) Y: Small Pages:                 3526            4            0        7052M        6978M           3M 
[102.091s][info   ][gc,reloc    ] GC(54) Y: Medium Pages:                   0            0            0           0M           0M           0M 
[102.091s][info   ][gc,reloc    ] GC(54) Y: Large Pages:                    0            0            0           0M           0M           0M 
[102.091s][info   ][gc,reloc    ] GC(54) Y: Forwarding Usage: 0M
[102.091s][info   ][gc,reloc    ] GC(54) Y: Age Table:
[102.091s][info   ][gc,reloc    ] GC(54) Y:                    Live             Garbage             Small              Medium             Large        
[102.091s][info   ][gc,reloc    ] GC(54) Y: Eden              63M (1%)         6922M (85%)       3493 / 4              0 / 0              0 / 0        
[102.091s][info   ][gc,reloc    ] GC(54) Y: Survivor 1          -                66M (1%)          33 / 0              0 / 0              0 / 0        
[102.091s][info   ][gc,heap     ] GC(54) Y: Min Capacity: 8192M(100%)
[102.091s][info   ][gc,heap     ] GC(54) Y: Max Capacity: 8192M(100%)
[102.091s][info   ][gc,heap     ] GC(54) Y: Soft Max Capacity: 8192M(100%)
[102.091s][info   ][gc,heap     ] GC(54) Y: Heap Statistics:
[102.091s][info   ][gc,heap     ] GC(54) Y:                Mark Start          Mark End        Relocate Start      Relocate End           High               Low         
[102.091s][info   ][gc,heap     ] GC(54) Y:  Capacity:     8192M (100%)       8192M (100%)       8192M (100%)       8192M (100%)       8192M (100%)       8192M (100%)   
[102.091s][info   ][gc,heap     ] GC(54) Y:      Free:     1072M (13%)        1006M (12%)        7984M (97%)        7990M (98%)        7990M (98%)        1006M (12%)    
[102.091s][info   ][gc,heap     ] GC(54) Y:      Used:     7120M (87%)        7186M (88%)         208M (3%)          202M (2%)         7186M (88%)         202M (2%)     
[102.091s][info   ][gc,heap     ] GC(54) Y: Young Generation Statistics:
[102.091s][info   ][gc,heap     ] GC(54) Y:                Mark Start          Mark End        Relocate Start      Relocate End    
[102.091s][info   ][gc,heap     ] GC(54) Y:      Used:     7052M (86%)        7118M (87%)         140M (2%)          134M (2%)     
[102.091s][info   ][gc,heap     ] GC(54) Y:      Live:         -                63M (1%)           63M (1%)           63M (1%)     
[102.091s][info   ][gc,heap     ] GC(54) Y:   Garbage:         -              6988M (85%)          10M (0%)            1M (0%)     
[102.091s][info   ][gc,heap     ] GC(54) Y: Allocated:         -                66M (1%)           66M (1%)           68M (1%)     
[102.091s][info   ][gc,heap     ] GC(54) Y: Reclaimed:         -                  -              6978M (85%)        6986M (85%)    
[102.091s][info   ][gc,heap     ] GC(54) Y:  Promoted:         -                  -                 0M (0%)            0M (0%)     
[102.091s][info   ][gc,heap     ] GC(54) Y: Compacted:         -                  -                  -                 5M (0%)     
[102.091s][info   ][gc,phases   ] GC(54) Y: Young Generation 7120M(87%)->202M(2%) 0.026s
[102.091s][info   ][gc,phases   ] GC(54) O: Old Generation
[102.119s][info   ][gc,phases   ] GC(54) O: Concurrent Mark 27.304ms
[102.119s][info   ][gc,phases   ] GC(54) O: Pause Mark End 0.013ms
[102.119s][info   ][gc,phases   ] GC(54) O: Concurrent Mark Free 0.000ms
[102.119s][info   ][gc,phases   ] GC(54) O: Concurrent Process Non-Strong 0.739ms
[102.119s][info   ][gc,phases   ] GC(54) O: Concurrent Reset Relocation Set 0.000ms
[102.121s][info   ][gc,phases   ] GC(54) O: Concurrent Select Relocation Set 1.192ms
[102.121s][info   ][gc,task     ] GC(54) O: Using 2 Workers for Old Generation
[102.124s][info   ][gc,task     ] GC(54) O: Using 1 Workers for Old Generation
[102.124s][info   ][gc,phases   ] GC(54) O: Concurrent Remap Roots 3.392ms
[102.124s][info   ][gc,phases   ] GC(54) O: Pause Relocate Start 0.005ms
[102.124s][info   ][gc,phases   ] GC(54) O: Concurrent Relocate 0.020ms
[102.124s][info   ][gc,alloc    ] GC(54) O:                         Mark Start        Mark End      Relocate Start    Relocate End   
[102.124s][info   ][gc,alloc    ] GC(54) O: Allocation Stalls:          0                0                0                0         
[102.124s][info   ][gc,load     ] GC(54) O: Load: 0.92 (8%) / 1.12 (9%) / 1.38 (11%)
[102.124s][info   ][gc,mmu      ] GC(54) O: MMU: 2ms/98.5%, 5ms/99.4%, 10ms/99.7%, 20ms/99.8%, 50ms/99.9%, 100ms/99.9%
[102.124s][info   ][gc,marking  ] GC(54) O: Mark: 1 stripe(s), 2 proactive flush(es), 1 terminate flush(es), 0 completion(s), 0 continuation(s) 
[102.124s][info   ][gc,marking  ] GC(54) O: Mark Stack Usage: 32M
[102.124s][info   ][gc,nmethod  ] GC(54) O: NMethods: 383 registered, 108 unregistered
[102.124s][info   ][gc,metaspace] GC(54) O: Metaspace: 0M used, 0M committed, 1088M reserved
[102.124s][info   ][gc,ref      ] GC(54) O:                       Encountered   Discovered     Enqueued 
[102.124s][info   ][gc,ref      ] GC(54) O: Soft References:               64            0            0 
[102.124s][info   ][gc,ref      ] GC(54) O: Weak References:              217          165            0 
[102.124s][info   ][gc,ref      ] GC(54) O: Final References:               0            0            0 
[102.124s][info   ][gc,ref      ] GC(54) O: Phantom References:             5            3            0 
[102.124s][info   ][gc,reloc    ] GC(54) O:                        Candidates     Selected     In-Place         Size        Empty    Relocated 
[102.124s][info   ][gc,reloc    ] GC(54) O: Small Pages:                   34            0            0          68M           0M           0M 
[102.124s][info   ][gc,reloc    ] GC(54) O: Medium Pages:                   0            0            0           0M           0M           0M 
[102.124s][info   ][gc,reloc    ] GC(54) O: Large Pages:                    0            0            0           0M           0M           0M 
[102.124s][info   ][gc,reloc    ] GC(54) O: Forwarding Usage: 0M
[102.124s][info   ][gc,heap     ] GC(54) O: Min Capacity: 8192M(100%)
[102.124s][info   ][gc,heap     ] GC(54) O: Max Capacity: 8192M(100%)
[102.124s][info   ][gc,heap     ] GC(54) O: Soft Max Capacity: 8192M(100%)
[102.124s][info   ][gc,heap     ] GC(54) O: Heap Statistics:
[102.124s][info   ][gc,heap     ] GC(54) O:                Mark Start          Mark End        Relocate Start      Relocate End           High               Low         
[102.124s][info   ][gc,heap     ] GC(54) O:  Capacity:     8192M (100%)       8192M (100%)       8192M (100%)       8192M (100%)       8192M (100%)       8192M (100%)   
[102.124s][info   ][gc,heap     ] GC(54) O:      Free:     1072M (13%)        7902M (96%)        7874M (96%)        7874M (96%)        7990M (98%)        1006M (12%)    
[102.124s][info   ][gc,heap     ] GC(54) O:      Used:     7120M (87%)         290M (4%)          318M (4%)          318M (4%)         7186M (88%)         202M (2%)     
[102.124s][info   ][gc,heap     ] GC(54) O: Old Generation Statistics:
[102.124s][info   ][gc,heap     ] GC(54) O:                Mark Start          Mark End        Relocate Start      Relocate End    
[102.124s][info   ][gc,heap     ] GC(54) O:      Used:       68M (1%)           68M (1%)           68M (1%)           68M (1%)     
[102.124s][info   ][gc,heap     ] GC(54) O:      Live:         -                65M (1%)           65M (1%)           65M (1%)     
[102.124s][info   ][gc,heap     ] GC(54) O:   Garbage:         -                 2M (0%)            2M (0%)            2M (0%)     
[102.124s][info   ][gc,heap     ] GC(54) O: Allocated:         -                 0M (0%)            0M (0%)            0M (0%)     
[102.124s][info   ][gc,heap     ] GC(54) O: Reclaimed:         -                  -                 0M (0%)            0M (0%)     
[102.124s][info   ][gc,heap     ] GC(54) O: Compacted:         -                  -                  -                 0M (0%)     
[102.124s][info   ][gc,phases   ] GC(54) O: Old Generation 202M(2%)->318M(4%) 0.033s
[102.124s][info   ][gc          ] GC(54) Major Collection (Proactive) 7120M(87%)->318M(4%) 0.059s
[104.635s][info   ][gc          ] GC(55) Minor Collection (High Usage)
[104.635s][info   ][gc,task     ] GC(55) Using 1 Workers for Young Generation
[104.635s][info   ][gc,phases   ] GC(55) y: Young Generation
[104.635s][info   ][gc,phases   ] GC(55) y: Pause Mark Start 0.009ms
[104.646s][info   ][gc,phases   ] GC(55) y: Concurrent Mark 11.231ms
[104.646s][info   ][gc,phases   ] GC(55) y: Pause Mark End 0.008ms
[104.646s][info   ][gc,phases   ] GC(55) y: Concurrent Mark Free 0.000ms
[104.646s][info   ][gc,phases   ] GC(55) y: Concurrent Reset Relocation Set 0.001ms
[104.647s][info   ][gc,reloc    ] GC(55) y: Using tenuring threshold: 1 (Computed)
[104.647s][info   ][gc,phases   ] GC(55) y: Concurrent Select Relocation Set 1.230ms
[104.648s][info   ][gc,phases   ] GC(55) y: Pause Relocate Start 0.003ms
[104.648s][info   ][gc,phases   ] GC(55) y: Concurrent Relocate 0.222ms
[104.648s][info   ][gc,alloc    ] GC(55) y:                         Mark Start        Mark End      Relocate Start    Relocate End   
[104.648s][info   ][gc,alloc    ] GC(55) y: Allocation Stalls:          0                0                0                0         
[104.648s][info   ][gc,load     ] GC(55) y: Load: 1.01 (8%) / 1.14 (9%) / 1.38 (11%)
[104.648s][info   ][gc,mmu      ] GC(55) y: MMU: 2ms/98.5%, 5ms/99.4%, 10ms/99.7%, 20ms/99.8%, 50ms/99.9%, 100ms/99.9%
[104.648s][info   ][gc,marking  ] GC(55) y: Mark: 1 stripe(s), 1 proactive flush(es), 1 terminate flush(es), 0 completion(s), 0 continuation(s) 
[104.648s][info   ][gc,marking  ] GC(55) y: Mark Stack Usage: 32M
[104.648s][info   ][gc,nmethod  ] GC(55) y: NMethods: 383 registered, 108 unregistered
[104.648s][info   ][gc,metaspace] GC(55) y: Metaspace: 0M used, 0M committed, 1088M reserved
[104.648s][info   ][gc,reloc    ] GC(55) y:                        Candidates     Selected     In-Place         Size        Empty    Relocated 
[104.648s][info   ][gc,reloc    ] GC(55) y: Small Pages:                 3857            3            0        7714M        7642M           1M 
[104.648s][info   ][gc,reloc    ] GC(55) y: Medium Pages:                   0            0            0           0M           0M           0M 
[104.648s][info   ][gc,reloc    ] GC(55) y: Large Pages:                    0            0            0           0M           0M           0M 
[104.648s][info   ][gc,reloc    ] GC(55) y: Forwarding Usage: 0M
[104.648s][info   ][gc,reloc    ] GC(55) y: Age Table:
[104.648s][info   ][gc,reloc    ] GC(55) y:                    Live             Garbage             Small              Medium             Large        
[104.648s][info   ][gc,reloc    ] GC(55) y: Eden              63M (1%)         7584M (93%)       3824 / 3              0 / 0              0 / 0        
[104.648s][info   ][gc,reloc    ] GC(55) y: Survivor 1          -                66M (1%)          33 / 0              0 / 0              0 / 0        
[104.648s][info   ][gc,heap     ] GC(55) y: Min Capacity: 8192M(100%)
[104.648s][info   ][gc,heap     ] GC(55) y: Max Capacity: 8192M(100%)
[104.648s][info   ][gc,heap     ] GC(55) y: Soft Max Capacity: 8192M(100%)
[104.648s][info   ][gc,heap     ] GC(55) y: Heap Statistics:
[104.648s][info   ][gc,heap     ] GC(55) y:                Mark Start          Mark End        Relocate Start      Relocate End           High               Low         
[104.648s][info   ][gc,heap     ] GC(55) y:  Capacity:     8192M (100%)       8192M (100%)       8192M (100%)       8192M (100%)       8192M (100%)       8192M (100%)   
[104.648s][info   ][gc,heap     ] GC(55) y:      Free:      410M (5%)          380M (5%)         8022M (98%)        8028M (98%)        8028M (98%)         380M (5%)     
[104.648s][info   ][gc,heap     ] GC(55) y:      Used:     7782M (95%)        7812M (95%)         170M (2%)          164M (2%)         7812M (95%)         164M (2%)     
[104.648s][info   ][gc,heap     ] GC(55) y: Young Generation Statistics:
[104.648s][info   ][gc,heap     ] GC(55) y:                Mark Start          Mark End        Relocate Start      Relocate End    
[104.648s][info   ][gc,heap     ] GC(55) y:      Used:     7714M (94%)        7744M (95%)         102M (1%)           96M (1%)     
[104.648s][info   ][gc,heap     ] GC(55) y:      Live:         -                63M (1%)           63M (1%)           63M (1%)     
[104.648s][info   ][gc,heap     ] GC(55) y:   Garbage:         -              7650M (93%)           8M (0%)            2M (0%)     
[104.648s][info   ][gc,heap     ] GC(55) y: Allocated:         -                30M (0%)           30M (0%)           30M (0%)     
[104.648s][info   ][gc,heap     ] GC(55) y: Reclaimed:         -                  -              7642M (93%)        7648M (93%)    
[104.648s][info   ][gc,heap     ] GC(55) y:  Promoted:         -                  -                 0M (0%)            0M (0%)     
[104.648s][info   ][gc,heap     ] GC(55) y: Compacted:         -                  -                  -                 1M (0%)     
[104.648s][info   ][gc,phases   ] GC(55) y: Young Generation 7782M(95%)->164M(2%) 0.013s
[104.648s][info   ][gc          ] GC(55) Minor Collection (High Usage) 7782M(95%)->164M(2%) 0.013s
[106.052s][info   ][gc          ] GC(56) Major Collection (Proactive)
[106.052s][info   ][gc,task     ] GC(56) Using 1 Workers for Young Generation
[106.052s][info   ][gc,task     ] GC(56) Using 1 Workers for Old Generation
[106.052s][info   ][gc,phases   ] GC(56) Y: Young Generation
[106.052s][info   ][gc,phases   ] GC(56) Y: Pause Mark Start (Major) 0.007ms
[106.066s][info   ][gc,phases   ] GC(56) Y: Concurrent Mark 13.769ms
[106.066s][info   ][gc,phases   ] GC(56) Y: Pause Mark End 0.007ms
[106.066s][info   ][gc,phases   ] GC(56) Y: Concurrent Mark Free 0.000ms
[106.066s][info   ][gc,phases   ] GC(56) Y: Concurrent Reset Relocation Set 0.001ms
[106.067s][info   ][gc,reloc    ] GC(56) Y: Using tenuring threshold: 1 (Computed)
[106.067s][info   ][gc,phases   ] GC(56) Y: Concurrent Select Relocation Set 1.130ms
[106.067s][info   ][gc,phases   ] GC(56) Y: Pause Relocate Start 0.003ms
[106.067s][info   ][gc,phases   ] GC(56) Y: Concurrent Relocate 0.186ms
[106.067s][info   ][gc,alloc    ] GC(56) Y:                         Mark Start        Mark End      Relocate Start    Relocate End   
[106.067s][info   ][gc,alloc    ] GC(56) Y: Allocation Stalls:          0                0                0                0         
[106.067s][info   ][gc,load     ] GC(56) Y: Load: 1.01 (8%) / 1.14 (9%) / 1.38 (11%)
[106.067s][info   ][gc,mmu      ] GC(56) Y: MMU: 2ms/98.5%, 5ms/99.4%, 10ms/99.7%, 20ms/99.8%, 50ms/99.9%, 100ms/99.9%
[106.067s][info   ][gc,marking  ] GC(56) Y: Mark: 1 stripe(s), 2 proactive flush(es), 1 terminate flush(es), 0 completion(s), 0 continuation(s) 
[106.067s][info   ][gc,marking  ] GC(56) Y: Mark Stack Usage: 32M
[106.067s][info   ][gc,nmethod  ] GC(56) Y: NMethods: 383 registered, 108 unregistered
[106.067s][info   ][gc,metaspace] GC(56) Y: Metaspace: 0M used, 0M committed, 1088M reserved
[106.067s][info   ][gc,reloc    ] GC(56) Y:                        Candidates     Selected     In-Place         Size        Empty    Relocated 
[106.067s][info   ][gc,reloc    ] GC(56) Y: Small Pages:                 2137            1            0        4274M        4204M           0M 
[106.067s][info   ][gc,reloc    ] GC(56) Y: Medium Pages:                   0            0            0           0M           0M           0M 
[106.067s][info   ][gc,reloc    ] GC(56) Y: Large Pages:                    0            0            0           0M           0M           0M 
[106.067s][info   ][gc,reloc    ] GC(56) Y: Forwarding Usage: 0M
[106.067s][info   ][gc,reloc    ] GC(56) Y: Age Table:
[106.067s][info   ][gc,reloc    ] GC(56) Y:                    Live             Garbage             Small              Medium             Large        
[106.067s][info   ][gc,reloc    ] GC(56) Y: Eden              63M (1%)         4144M (51%)       2104 / 1              0 / 0              0 / 0        
[106.067s][info   ][gc,reloc    ] GC(56) Y: Survivor 1          -                66M (1%)          33 / 0              0 / 0              0 / 0        
[106.067s][info   ][gc,heap     ] GC(56) Y: Min Capacity: 8192M(100%)
[106.067s][info   ][gc,heap     ] GC(56) Y: Max Capacity: 8192M(100%)
[106.067s][info   ][gc,heap     ] GC(56) Y: Soft Max Capacity: 8192M(100%)
[106.067s][info   ][gc,heap     ] GC(56) Y: Heap Statistics:
[106.067s][info   ][gc,heap     ] GC(56) Y:                Mark Start          Mark End        Relocate Start      Relocate End           High               Low         
[106.067s][info   ][gc,heap     ] GC(56) Y:  Capacity:     8192M (100%)       8192M (100%)       8192M (100%)       8192M (100%)       8192M (100%)       8192M (100%)   
[106.067s][info   ][gc,heap     ] GC(56) Y:      Free:     3850M (47%)        3802M (46%)        8006M (98%)        8008M (98%)        8008M (98%)        3802M (46%)    
[106.067s][info   ][gc,heap     ] GC(56) Y:      Used:     4342M (53%)        4390M (54%)         186M (2%)          184M (2%)         4390M (54%)         184M (2%)     
[106.067s][info   ][gc,heap     ] GC(56) Y: Young Generation Statistics:
[106.067s][info   ][gc,heap     ] GC(56) Y:                Mark Start          Mark End        Relocate Start      Relocate End    
[106.067s][info   ][gc,heap     ] GC(56) Y:      Used:     4274M (52%)        4322M (53%)         118M (1%)          116M (1%)     
[106.067s][info   ][gc,heap     ] GC(56) Y:      Live:         -                63M (1%)           63M (1%)           63M (1%)     
[106.067s][info   ][gc,heap     ] GC(56) Y:   Garbage:         -              4210M (51%)           6M (0%)            4M (0%)     
[106.067s][info   ][gc,heap     ] GC(56) Y: Allocated:         -                48M (1%)           48M (1%)           48M (1%)     
[106.067s][info   ][gc,heap     ] GC(56) Y: Reclaimed:         -                  -              4204M (51%)        4206M (51%)    
[106.067s][info   ][gc,heap     ] GC(56) Y:  Promoted:         -                  -                 0M (0%)            0M (0%)     
[106.067s][info   ][gc,heap     ] GC(56) Y: Compacted:         -                  -                  -                 1M (0%)     
[106.067s][info   ][gc,phases   ] GC(56) Y: Young Generation 4342M(53%)->184M(2%) 0.015s
[106.067s][info   ][gc,phases   ] GC(56) O: Old Generation
[106.087s][info   ][gc,phases   ] GC(56) O: Concurrent Mark 19.862ms
[106.087s][info   ][gc,phases   ] GC(56) O: Pause Mark End 0.008ms
[106.087s][info   ][gc,phases   ] GC(56) O: Concurrent Mark Free 0.000ms
[106.088s][info   ][gc,phases   ] GC(56) O: Concurrent Process Non-Strong 0.544ms
[106.088s][info   ][gc,phases   ] GC(56) O: Concurrent Reset Relocation Set 0.000ms
[106.089s][info   ][gc,phases   ] GC(56) O: Concurrent Select Relocation Set 0.928ms
[106.089s][info   ][gc,task     ] GC(56) O: Using 2 Workers for Old Generation
[106.092s][info   ][gc,task     ] GC(56) O: Using 1 Workers for Old Generation
[106.092s][info   ][gc,phases   ] GC(56) O: Concurrent Remap Roots 3.285ms
[106.092s][info   ][gc,phases   ] GC(56) O: Pause Relocate Start 0.004ms
[106.092s][info   ][gc,phases   ] GC(56) O: Concurrent Relocate 0.028ms
[106.092s][info   ][gc,alloc    ] GC(56) O:                         Mark Start        Mark End      Relocate Start    Relocate End   
[106.092s][info   ][gc,alloc    ] GC(56) O: Allocation Stalls:          0                0                0                0         
[106.092s][info   ][gc,load     ] GC(56) O: Load: 1.01 (8%) / 1.14 (9%) / 1.38 (11%)
[106.092s][info   ][gc,mmu      ] GC(56) O: MMU: 2ms/98.5%, 5ms/99.4%, 10ms/99.7%, 20ms/99.8%, 50ms/99.9%, 100ms/99.9%
[106.092s][info   ][gc,marking  ] GC(56) O: Mark: 1 stripe(s), 2 proactive flush(es), 1 terminate flush(es), 0 completion(s), 0 continuation(s) 
[106.092s][info   ][gc,marking  ] GC(56) O: Mark Stack Usage: 32M
[106.092s][info   ][gc,nmethod  ] GC(56) O: NMethods: 383 registered, 108 unregistered
[106.092s][info   ][gc,metaspace] GC(56) O: Metaspace: 0M used, 0M committed, 1088M reserved
[106.092s][info   ][gc,ref      ] GC(56) O:                       Encountered   Discovered     Enqueued 
[106.092s][info   ][gc,ref      ] GC(56) O: Soft References:               64            0            0 
[106.092s][info   ][gc,ref      ] GC(56) O: Weak References:              217          165            0 
[106.092s][info   ][gc,ref      ] GC(56) O: Final References:               0            0            0 
[106.092s][info   ][gc,ref      ] GC(56) O: Phantom References:             5            3            0 
[106.092s][info   ][gc,reloc    ] GC(56) O:                        Candidates     Selected     In-Place         Size        Empty    Relocated 
[106.092s][info   ][gc,reloc    ] GC(56) O: Small Pages:                   34            0            0          68M           0M           0M 
[106.092s][info   ][gc,reloc    ] GC(56) O: Medium Pages:                   0            0            0           0M           0M           0M 
[106.092s][info   ][gc,reloc    ] GC(56) O: Large Pages:                    0            0            0           0M           0M           0M 
[106.092s][info   ][gc,reloc    ] GC(56) O: Forwarding Usage: 0M
[106.092s][info   ][gc,heap     ] GC(56) O: Min Capacity: 8192M(100%)
[106.092s][info   ][gc,heap     ] GC(56) O: Max Capacity: 8192M(100%)
[106.092s][info   ][gc,heap     ] GC(56) O: Soft Max Capacity: 8192M(100%)
[106.092s][info   ][gc,heap     ] GC(56) O: Heap Statistics:
[106.092s][info   ][gc,heap     ] GC(56) O:                Mark Start          Mark End        Relocate Start      Relocate End           High               Low         
[106.092s][info   ][gc,heap     ] GC(56) O:  Capacity:     8192M (100%)       8192M (100%)       8192M (100%)       8192M (100%)       8192M (100%)       8192M (100%)   
[106.092s][info   ][gc,heap     ] GC(56) O:      Free:     3850M (47%)        7948M (97%)        7940M (97%)        7940M (97%)        8008M (98%)        3802M (46%)    
[106.092s][info   ][gc,heap     ] GC(56) O:      Used:     4342M (53%)         244M (3%)          252M (3%)          252M (3%)         4390M (54%)         184M (2%)     
[106.092s][info   ][gc,heap     ] GC(56) O: Old Generation Statistics:
[106.092s][info   ][gc,heap     ] GC(56) O:                Mark Start          Mark End        Relocate Start      Relocate End    
[106.092s][info   ][gc,heap     ] GC(56) O:      Used:       68M (1%)           68M (1%)           68M (1%)           68M (1%)     
[106.092s][info   ][gc,heap     ] GC(56) O:      Live:         -                65M (1%)           65M (1%)           65M (1%)     
[106.092s][info   ][gc,heap     ] GC(56) O:   Garbage:         -                 2M (0%)            2M (0%)            2M (0%)     
[106.092s][info   ][gc,heap     ] GC(56) O: Allocated:         -                 0M (0%)            0M (0%)            0M (0%)     
[106.092s][info   ][gc,heap     ] GC(56) O: Reclaimed:         -                  -                 0M (0%)            0M (0%)     
[106.092s][info   ][gc,heap     ] GC(56) O: Compacted:         -                  -                  -                 0M (0%)     
[106.092s][info   ][gc,phases   ] GC(56) O: Old Generation 184M(2%)->252M(3%) 0.025s
[106.092s][info   ][gc          ] GC(56) Major Collection (Proactive) 4342M(53%)->254M(3%) 0.040s
[108.614s][info   ][gc          ] GC(57) Minor Collection (High Usage)
[108.614s][info   ][gc,task     ] GC(57) Using 1 Workers for Young Generation
[108.614s][info   ][gc,phases   ] GC(57) y: Young Generation
[108.614s][info   ][gc,phases   ] GC(57) y: Pause Mark Start 0.005ms
[108.626s][info   ][gc,phases   ] GC(57) y: Concurrent Mark 11.418ms
[108.626s][info   ][gc,phases   ] GC(57) y: Pause Mark End 0.008ms
[108.626s][info   ][gc,phases   ] GC(57) y: Concurrent Mark Free 0.000ms
[108.626s][info   ][gc,phases   ] GC(57) y: Concurrent Reset Relocation Set 0.001ms
[108.627s][info   ][gc,reloc    ] GC(57) y: Using tenuring threshold: 1 (Computed)
[108.627s][info   ][gc,phases   ] GC(57) y: Concurrent Select Relocation Set 1.142ms
[108.627s][info   ][gc,phases   ] GC(57) y: Pause Relocate Start 0.003ms
[108.627s][info   ][gc,phases   ] GC(57) y: Concurrent Relocate 0.188ms
[108.627s][info   ][gc,alloc    ] GC(57) y:                         Mark Start        Mark End      Relocate Start    Relocate End   
[108.627s][info   ][gc,alloc    ] GC(57) y: Allocation Stalls:          0                0                0                0         
[108.627s][info   ][gc,load     ] GC(57) y: Load: 0.92 (8%) / 1.12 (9%) / 1.37 (11%)
[108.627s][info   ][gc,mmu      ] GC(57) y: MMU: 2ms/98.5%, 5ms/99.4%, 10ms/99.7%, 20ms/99.8%, 50ms/99.9%, 100ms/99.9%
[108.627s][info   ][gc,marking  ] GC(57) y: Mark: 1 stripe(s), 1 proactive flush(es), 1 terminate flush(es), 0 completion(s), 0 continuation(s) 
[108.627s][info   ][gc,marking  ] GC(57) y: Mark Stack Usage: 32M
[108.627s][info   ][gc,nmethod  ] GC(57) y: NMethods: 384 registered, 108 unregistered
[108.627s][info   ][gc,metaspace] GC(57) y: Metaspace: 0M used, 0M committed, 1088M reserved
[108.627s][info   ][gc,reloc    ] GC(57) y:                        Candidates     Selected     In-Place         Size        Empty    Relocated 
[108.627s][info   ][gc,reloc    ] GC(57) y: Small Pages:                 3849            3            0        7698M        7626M           1M 
[108.627s][info   ][gc,reloc    ] GC(57) y: Medium Pages:                   0            0            0           0M           0M           0M 
[108.627s][info   ][gc,reloc    ] GC(57) y: Large Pages:                    0            0            0           0M           0M           0M 
[108.627s][info   ][gc,reloc    ] GC(57) y: Forwarding Usage: 0M
[108.627s][info   ][gc,reloc    ] GC(57) y: Age Table:
[108.627s][info   ][gc,reloc    ] GC(57) y:                    Live             Garbage             Small              Medium             Large        
[108.627s][info   ][gc,reloc    ] GC(57) y: Eden              63M (1%)         7566M (92%)       3815 / 3              0 / 0              0 / 0        
[108.627s][info   ][gc,reloc    ] GC(57) y: Survivor 1          -                68M (1%)          34 / 0              0 / 0              0 / 0        
[108.627s][info   ][gc,heap     ] GC(57) y: Min Capacity: 8192M(100%)
[108.627s][info   ][gc,heap     ] GC(57) y: Max Capacity: 8192M(100%)
[108.627s][info   ][gc,heap     ] GC(57) y: Soft Max Capacity: 8192M(100%)
[108.627s][info   ][gc,heap     ] GC(57) y: Heap Statistics:
[108.627s][info   ][gc,heap     ] GC(57) y:                Mark Start          Mark End        Relocate Start      Relocate End           High               Low         
[108.627s][info   ][gc,heap     ] GC(57) y:  Capacity:     8192M (100%)       8192M (100%)       8192M (100%)       8192M (100%)       8192M (100%)       8192M (100%)   
[108.627s][info   ][gc,heap     ] GC(57) y:      Free:      426M (5%)          396M (5%)         8022M (98%)        8028M (98%)        8028M (98%)         396M (5%)     
[108.627s][info   ][gc,heap     ] GC(57) y:      Used:     7766M (95%)        7796M (95%)         170M (2%)          164M (2%)         7796M (95%)         164M (2%)     
[108.627s][info   ][gc,heap     ] GC(57) y: Young Generation Statistics:
[108.627s][info   ][gc,heap     ] GC(57) y:                Mark Start          Mark End        Relocate Start      Relocate End    
[108.627s][info   ][gc,heap     ] GC(57) y:      Used:     7698M (94%)        7728M (94%)         102M (1%)           96M (1%)     
[108.627s][info   ][gc,heap     ] GC(57) y:      Live:         -                63M (1%)           63M (1%)           63M (1%)     
[108.627s][info   ][gc,heap     ] GC(57) y:   Garbage:         -              7634M (93%)           8M (0%)            2M (0%)     
[108.627s][info   ][gc,heap     ] GC(57) y: Allocated:         -                30M (0%)           30M (0%)           30M (0%)     
[108.627s][info   ][gc,heap     ] GC(57) y: Reclaimed:         -                  -              7626M (93%)        7632M (93%)    
[108.627s][info   ][gc,heap     ] GC(57) y:  Promoted:         -                  -                 0M (0%)            0M (0%)     
[108.627s][info   ][gc,heap     ] GC(57) y: Compacted:         -                  -                  -                 1M (0%)     
[108.627s][info   ][gc,phases   ] GC(57) y: Young Generation 7766M(95%)->164M(2%) 0.013s
[108.627s][info   ][gc          ] GC(57) Minor Collection (High Usage) 7766M(95%)->164M(2%) 0.013s
[109.092s][info   ][gc          ] GC(58) Major Collection (Proactive)
[109.092s][info   ][gc,task     ] GC(58) Using 1 Workers for Young Generation
[109.092s][info   ][gc,task     ] GC(58) Using 1 Workers for Old Generation
[109.092s][info   ][gc,phases   ] GC(58) Y: Young Generation
[109.093s][info   ][gc,phases   ] GC(58) Y: Pause Mark Start (Major) 0.009ms
[109.105s][info   ][gc,phases   ] GC(58) Y: Concurrent Mark 12.689ms
[109.105s][info   ][gc,phases   ] GC(58) Y: Pause Mark End 0.007ms
[109.105s][info   ][gc,phases   ] GC(58) Y: Concurrent Mark Free 0.000ms
[109.105s][info   ][gc,phases   ] GC(58) Y: Concurrent Reset Relocation Set 0.001ms
[109.106s][info   ][gc,reloc    ] GC(58) Y: Using tenuring threshold: 1 (Computed)
[109.106s][info   ][gc,phases   ] GC(58) Y: Concurrent Select Relocation Set 1.033ms
[109.106s][info   ][gc,phases   ] GC(58) Y: Pause Relocate Start 0.002ms
[109.107s][info   ][gc,phases   ] GC(58) Y: Concurrent Relocate 0.742ms
[109.107s][info   ][gc,alloc    ] GC(58) Y:                         Mark Start        Mark End      Relocate Start    Relocate End   
[109.107s][info   ][gc,alloc    ] GC(58) Y: Allocation Stalls:          0                0                0                0         
[109.107s][info   ][gc,load     ] GC(58) Y: Load: 0.92 (8%) / 1.12 (9%) / 1.37 (11%)
[109.107s][info   ][gc,mmu      ] GC(58) Y: MMU: 2ms/98.5%, 5ms/99.4%, 10ms/99.7%, 20ms/99.8%, 50ms/99.9%, 100ms/99.9%
[109.107s][info   ][gc,marking  ] GC(58) Y: Mark: 1 stripe(s), 2 proactive flush(es), 1 terminate flush(es), 0 completion(s), 0 continuation(s) 
[109.107s][info   ][gc,marking  ] GC(58) Y: Mark Stack Usage: 32M
[109.107s][info   ][gc,nmethod  ] GC(58) Y: NMethods: 384 registered, 108 unregistered
[109.107s][info   ][gc,metaspace] GC(58) Y: Metaspace: 0M used, 0M committed, 1088M reserved
[109.107s][info   ][gc,reloc    ] GC(58) Y:                        Candidates     Selected     In-Place         Size        Empty    Relocated 
[109.107s][info   ][gc,reloc    ] GC(58) Y: Small Pages:                  741            3            0        1482M        1410M           3M 
[109.107s][info   ][gc,reloc    ] GC(58) Y: Medium Pages:                   0            0            0           0M           0M           0M 
[109.107s][info   ][gc,reloc    ] GC(58) Y: Large Pages:                    0            0            0           0M           0M           0M 
[109.107s][info   ][gc,reloc    ] GC(58) Y: Forwarding Usage: 0M
[109.107s][info   ][gc,reloc    ] GC(58) Y: Age Table:
[109.107s][info   ][gc,reloc    ] GC(58) Y:                    Live             Garbage             Small              Medium             Large        
[109.107s][info   ][gc,reloc    ] GC(58) Y: Eden              63M (1%)         1352M (17%)        708 / 3              0 / 0              0 / 0        
[109.107s][info   ][gc,reloc    ] GC(58) Y: Survivor 1          -                66M (1%)          33 / 0              0 / 0              0 / 0        
[109.107s][info   ][gc,heap     ] GC(58) Y: Min Capacity: 8192M(100%)
[109.107s][info   ][gc,heap     ] GC(58) Y: Max Capacity: 8192M(100%)
[109.107s][info   ][gc,heap     ] GC(58) Y: Soft Max Capacity: 8192M(100%)
[109.107s][info   ][gc,heap     ] GC(58) Y: Heap Statistics:
[109.107s][info   ][gc,heap     ] GC(58) Y:                Mark Start          Mark End        Relocate Start      Relocate End           High               Low         
[109.107s][info   ][gc,heap     ] GC(58) Y:  Capacity:     8192M (100%)       8192M (100%)       8192M (100%)       8192M (100%)       8192M (100%)       8192M (100%)   
[109.107s][info   ][gc,heap     ] GC(58) Y:      Free:     6642M (81%)        6598M (81%)        8008M (98%)        8014M (98%)        8014M (98%)        6598M (81%)    
[109.107s][info   ][gc,heap     ] GC(58) Y:      Used:     1550M (19%)        1594M (19%)         184M (2%)          178M (2%)         1594M (19%)         178M (2%)     
[109.107s][info   ][gc,heap     ] GC(58) Y: Young Generation Statistics:
[109.107s][info   ][gc,heap     ] GC(58) Y:                Mark Start          Mark End        Relocate Start      Relocate End    
[109.107s][info   ][gc,heap     ] GC(58) Y:      Used:     1482M (18%)        1526M (19%)         116M (1%)          110M (1%)     
[109.107s][info   ][gc,heap     ] GC(58) Y:      Live:         -                63M (1%)           63M (1%)           63M (1%)     
[109.107s][info   ][gc,heap     ] GC(58) Y:   Garbage:         -              1418M (17%)           8M (0%)            1M (0%)     
[109.107s][info   ][gc,heap     ] GC(58) Y: Allocated:         -                44M (1%)           44M (1%)           45M (1%)     
[109.107s][info   ][gc,heap     ] GC(58) Y: Reclaimed:         -                  -              1410M (17%)        1417M (17%)    
[109.107s][info   ][gc,heap     ] GC(58) Y:  Promoted:         -                  -                 0M (0%)            0M (0%)     
[109.107s][info   ][gc,heap     ] GC(58) Y: Compacted:         -                  -                  -                 6M (0%)     
[109.107s][info   ][gc,phases   ] GC(58) Y: Young Generation 1550M(19%)->178M(2%) 0.015s
[109.107s][info   ][gc,phases   ] GC(58) O: Old Generation
[109.127s][info   ][gc,phases   ] GC(58) O: Concurrent Mark 19.665ms
[109.127s][info   ][gc,phases   ] GC(58) O: Pause Mark End 0.007ms
[109.127s][info   ][gc,phases   ] GC(58) O: Concurrent Mark Free 0.000ms
[109.127s][info   ][gc,phases   ] GC(58) O: Concurrent Process Non-Strong 0.584ms
[109.127s][info   ][gc,phases   ] GC(58) O: Concurrent Reset Relocation Set 0.000ms
[109.128s][info   ][gc,phases   ] GC(58) O: Concurrent Select Relocation Set 0.933ms
[109.128s][info   ][gc,task     ] GC(58) O: Using 2 Workers for Old Generation
[109.131s][info   ][gc,task     ] GC(58) O: Using 1 Workers for Old Generation
[109.131s][info   ][gc,phases   ] GC(58) O: Concurrent Remap Roots 2.924ms
[109.131s][info   ][gc,phases   ] GC(58) O: Pause Relocate Start 0.003ms
[109.131s][info   ][gc,phases   ] GC(58) O: Concurrent Relocate 0.019ms
[109.131s][info   ][gc,alloc    ] GC(58) O:                         Mark Start        Mark End      Relocate Start    Relocate End   
[109.131s][info   ][gc,alloc    ] GC(58) O: Allocation Stalls:          0                0                0                0         
[109.131s][info   ][gc,load     ] GC(58) O: Load: 0.92 (8%) / 1.12 (9%) / 1.37 (11%)
[109.131s][info   ][gc,mmu      ] GC(58) O: MMU: 2ms/98.5%, 5ms/99.4%, 10ms/99.7%, 20ms/99.8%, 50ms/99.9%, 100ms/99.9%
[109.131s][info   ][gc,marking  ] GC(58) O: Mark: 1 stripe(s), 2 proactive flush(es), 1 terminate flush(es), 0 completion(s), 0 continuation(s) 
[109.131s][info   ][gc,marking  ] GC(58) O: Mark Stack Usage: 32M
[109.131s][info   ][gc,nmethod  ] GC(58) O: NMethods: 384 registered, 108 unregistered
[109.131s][info   ][gc,metaspace] GC(58) O: Metaspace: 0M used, 0M committed, 1088M reserved
[109.131s][info   ][gc,ref      ] GC(58) O:                       Encountered   Discovered     Enqueued 
[109.131s][info   ][gc,ref      ] GC(58) O: Soft References:               64            0            0 
[109.131s][info   ][gc,ref      ] GC(58) O: Weak References:              217          165            0 
[109.131s][info   ][gc,ref      ] GC(58) O: Final References:               0            0            0 
[109.131s][info   ][gc,ref      ] GC(58) O: Phantom References:             5            3            0 
[109.131s][info   ][gc,reloc    ] GC(58) O:                        Candidates     Selected     In-Place         Size        Empty    Relocated 
[109.131s][info   ][gc,reloc    ] GC(58) O: Small Pages:                   34            0            0          68M           0M           0M 
[109.131s][info   ][gc,reloc    ] GC(58) O: Medium Pages:                   0            0            0           0M           0M           0M 
[109.131s][info   ][gc,reloc    ] GC(58) O: Large Pages:                    0            0            0           0M           0M           0M 
[109.131s][info   ][gc,reloc    ] GC(58) O: Forwarding Usage: 0M
[109.131s][info   ][gc,heap     ] GC(58) O: Min Capacity: 8192M(100%)
[109.131s][info   ][gc,heap     ] GC(58) O: Max Capacity: 8192M(100%)
[109.131s][info   ][gc,heap     ] GC(58) O: Soft Max Capacity: 8192M(100%)
[109.131s][info   ][gc,heap     ] GC(58) O: Heap Statistics:
[109.131s][info   ][gc,heap     ] GC(58) O:                Mark Start          Mark End        Relocate Start      Relocate End           High               Low         
[109.132s][info   ][gc,heap     ] GC(58) O:  Capacity:     8192M (100%)       8192M (100%)       8192M (100%)       8192M (100%)       8192M (100%)       8192M (100%)   
[109.132s][info   ][gc,heap     ] GC(58) O:      Free:     6642M (81%)        7954M (97%)        7954M (97%)        7954M (97%)        8014M (98%)        6598M (81%)    
[109.132s][info   ][gc,heap     ] GC(58) O:      Used:     1550M (19%)         238M (3%)          238M (3%)          238M (3%)         1594M (19%)         178M (2%)     
[109.132s][info   ][gc,heap     ] GC(58) O: Old Generation Statistics:
[109.132s][info   ][gc,heap     ] GC(58) O:                Mark Start          Mark End        Relocate Start      Relocate End    
[109.132s][info   ][gc,heap     ] GC(58) O:      Used:       68M (1%)           68M (1%)           68M (1%)           68M (1%)     
[109.132s][info   ][gc,heap     ] GC(58) O:      Live:         -                65M (1%)           65M (1%)           65M (1%)     
[109.132s][info   ][gc,heap     ] GC(58) O:   Garbage:         -                 2M (0%)            2M (0%)            2M (0%)     
[109.132s][info   ][gc,heap     ] GC(58) O: Allocated:         -                 0M (0%)            0M (0%)            0M (0%)     
[109.132s][info   ][gc,heap     ] GC(58) O: Reclaimed:         -                  -                 0M (0%)            0M (0%)     
[109.132s][info   ][gc,heap     ] GC(58) O: Compacted:         -                  -                  -                 0M (0%)     
[109.132s][info   ][gc,phases   ] GC(58) O: Old Generation 178M(2%)->238M(3%) 0.024s
[109.132s][info   ][gc          ] GC(58) Major Collection (Proactive) 1550M(19%)->238M(3%) 0.039s
[111.663s][info   ][gc          ] GC(59) Minor Collection (High Usage)
[111.663s][info   ][gc,task     ] GC(59) Using 1 Workers for Young Generation
[111.663s][info   ][gc,phases   ] GC(59) y: Young Generation
[111.663s][info   ][gc,phases   ] GC(59) y: Pause Mark Start 0.007ms
[111.674s][info   ][gc,phases   ] GC(59) y: Concurrent Mark 11.504ms
[111.674s][info   ][gc,phases   ] GC(59) y: Pause Mark End 0.007ms
[111.674s][info   ][gc,phases   ] GC(59) y: Concurrent Mark Free 0.000ms
[111.674s][info   ][gc,phases   ] GC(59) y: Concurrent Reset Relocation Set 0.001ms
[111.676s][info   ][gc,reloc    ] GC(59) y: Using tenuring threshold: 1 (Computed)
[111.676s][info   ][gc,phases   ] GC(59) y: Concurrent Select Relocation Set 1.194ms
[111.676s][info   ][gc,phases   ] GC(59) y: Pause Relocate Start 0.002ms
[111.676s][info   ][gc,phases   ] GC(59) y: Concurrent Relocate 0.767ms
[111.676s][info   ][gc,alloc    ] GC(59) y:                         Mark Start        Mark End      Relocate Start    Relocate End   
[111.676s][info   ][gc,alloc    ] GC(59) y: Allocation Stalls:          0                0                0                0         
[111.676s][info   ][gc,load     ] GC(59) y: Load: 0.92 (8%) / 1.12 (9%) / 1.37 (11%)
[111.676s][info   ][gc,mmu      ] GC(59) y: MMU: 2ms/98.5%, 5ms/99.4%, 10ms/99.7%, 20ms/99.8%, 50ms/99.9%, 100ms/99.9%
[111.676s][info   ][gc,marking  ] GC(59) y: Mark: 1 stripe(s), 2 proactive flush(es), 1 terminate flush(es), 0 completion(s), 0 continuation(s) 
[111.676s][info   ][gc,marking  ] GC(59) y: Mark Stack Usage: 32M
[111.676s][info   ][gc,nmethod  ] GC(59) y: NMethods: 384 registered, 108 unregistered
[111.676s][info   ][gc,metaspace] GC(59) y: Metaspace: 0M used, 0M committed, 1088M reserved
[111.676s][info   ][gc,reloc    ] GC(59) y:                        Candidates     Selected     In-Place         Size        Empty    Relocated 
[111.676s][info   ][gc,reloc    ] GC(59) y: Small Pages:                 3857            6            0        7714M        7636M           3M 
[111.676s][info   ][gc,reloc    ] GC(59) y: Medium Pages:                   0            0            0           0M           0M           0M 
[111.676s][info   ][gc,reloc    ] GC(59) y: Large Pages:                    0            0            0           0M           0M           0M 
[111.676s][info   ][gc,reloc    ] GC(59) y: Forwarding Usage: 0M
[111.676s][info   ][gc,reloc    ] GC(59) y: Age Table:
[111.676s][info   ][gc,reloc    ] GC(59) y:                    Live             Garbage             Small              Medium             Large        
[111.676s][info   ][gc,reloc    ] GC(59) y: Eden              63M (1%)         7584M (93%)       3824 / 6              0 / 0              0 / 0        
[111.676s][info   ][gc,reloc    ] GC(59) y: Survivor 1          -                66M (1%)          33 / 0              0 / 0              0 / 0        
[111.676s][info   ][gc,heap     ] GC(59) y: Min Capacity: 8192M(100%)
[111.676s][info   ][gc,heap     ] GC(59) y: Max Capacity: 8192M(100%)
[111.676s][info   ][gc,heap     ] GC(59) y: Soft Max Capacity: 8192M(100%)
[111.676s][info   ][gc,heap     ] GC(59) y: Heap Statistics:
[111.676s][info   ][gc,heap     ] GC(59) y:                Mark Start          Mark End        Relocate Start      Relocate End           High               Low         
[111.676s][info   ][gc,heap     ] GC(59) y:  Capacity:     8192M (100%)       8192M (100%)       8192M (100%)       8192M (100%)       8192M (100%)       8192M (100%)   
[111.676s][info   ][gc,heap     ] GC(59) y:      Free:      410M (5%)          370M (5%)         8006M (98%)        8018M (98%)        8018M (98%)         370M (5%)     
[111.676s][info   ][gc,heap     ] GC(59) y:      Used:     7782M (95%)        7822M (95%)         186M (2%)          174M (2%)         7822M (95%)         174M (2%)     
[111.676s][info   ][gc,heap     ] GC(59) y: Young Generation Statistics:
[111.676s][info   ][gc,heap     ] GC(59) y:                Mark Start          Mark End        Relocate Start      Relocate End    
[111.676s][info   ][gc,heap     ] GC(59) y:      Used:     7714M (94%)        7754M (95%)         118M (1%)          106M (1%)     
[111.676s][info   ][gc,heap     ] GC(59) y:      Live:         -                63M (1%)           63M (1%)           63M (1%)     
[111.676s][info   ][gc,heap     ] GC(59) y:   Garbage:         -              7650M (93%)          14M (0%)            1M (0%)     
[111.676s][info   ][gc,heap     ] GC(59) y: Allocated:         -                40M (0%)           40M (0%)           41M (1%)     
[111.676s][info   ][gc,heap     ] GC(59) y: Reclaimed:         -                  -              7636M (93%)        7649M (93%)    
[111.676s][info   ][gc,heap     ] GC(59) y:  Promoted:         -                  -                 0M (0%)            0M (0%)     
[111.676s][info   ][gc,heap     ] GC(59) y: Compacted:         -                  -                  -                 6M (0%)     
[111.676s][info   ][gc,phases   ] GC(59) y: Young Generation 7780M(95%)->174M(2%) 0.014s
[111.676s][info   ][gc          ] GC(59) Minor Collection (High Usage) 7780M(95%)->174M(2%) 0.014s
[111.978s][info   ][gc          ] GC(60) Major Collection (Proactive)
[111.978s][info   ][gc,task     ] GC(60) Using 1 Workers for Young Generation
[111.978s][info   ][gc,task     ] GC(60) Using 1 Workers for Old Generation
[111.978s][info   ][gc,phases   ] GC(60) Y: Young Generation
[111.978s][info   ][gc,phases   ] GC(60) Y: Pause Mark Start (Major) 0.012ms
[112.000s][info   ][gc,phases   ] GC(60) Y: Concurrent Mark 21.885ms
[112.000s][info   ][gc,phases   ] GC(60) Y: Pause Mark End 0.010ms
[112.000s][info   ][gc,phases   ] GC(60) Y: Concurrent Mark Free 0.000ms
[112.000s][info   ][gc,phases   ] GC(60) Y: Concurrent Reset Relocation Set 0.002ms
[112.001s][info   ][gc,reloc    ] GC(60) Y: Using tenuring threshold: 1 (Computed)
[112.001s][info   ][gc,phases   ] GC(60) Y: Concurrent Select Relocation Set 0.968ms
[112.001s][info   ][gc,phases   ] GC(60) Y: Pause Relocate Start 0.004ms
[112.001s][info   ][gc,phases   ] GC(60) Y: Concurrent Relocate 0.219ms
[112.001s][info   ][gc,alloc    ] GC(60) Y:                         Mark Start        Mark End      Relocate Start    Relocate End   
[112.001s][info   ][gc,alloc    ] GC(60) Y: Allocation Stalls:          0                0                0                0         
[112.001s][info   ][gc,load     ] GC(60) Y: Load: 0.92 (8%) / 1.12 (9%) / 1.37 (11%)
[112.001s][info   ][gc,mmu      ] GC(60) Y: MMU: 2ms/98.5%, 5ms/99.4%, 10ms/99.7%, 20ms/99.8%, 50ms/99.9%, 100ms/99.9%
[112.001s][info   ][gc,marking  ] GC(60) Y: Mark: 1 stripe(s), 2 proactive flush(es), 1 terminate flush(es), 0 completion(s), 0 continuation(s) 
[112.001s][info   ][gc,marking  ] GC(60) Y: Mark Stack Usage: 32M
[112.001s][info   ][gc,nmethod  ] GC(60) Y: NMethods: 384 registered, 108 unregistered
[112.001s][info   ][gc,metaspace] GC(60) Y: Metaspace: 0M used, 0M committed, 1088M reserved
[112.001s][info   ][gc,reloc    ] GC(60) Y:                        Candidates     Selected     In-Place         Size        Empty    Relocated 
[112.001s][info   ][gc,reloc    ] GC(60) Y: Small Pages:                  499            4            0         998M         924M           1M 
[112.001s][info   ][gc,reloc    ] GC(60) Y: Medium Pages:                   0            0            0           0M           0M           0M 
[112.001s][info   ][gc,reloc    ] GC(60) Y: Large Pages:                    0            0            0           0M           0M           0M 
[112.001s][info   ][gc,reloc    ] GC(60) Y: Forwarding Usage: 0M
[112.001s][info   ][gc,reloc    ] GC(60) Y: Age Table:
[112.001s][info   ][gc,reloc    ] GC(60) Y:                    Live             Garbage             Small              Medium             Large        
[112.001s][info   ][gc,reloc    ] GC(60) Y: Eden              63M (1%)          868M (11%)        466 / 4              0 / 0              0 / 0        
[112.001s][info   ][gc,reloc    ] GC(60) Y: Survivor 1          -                66M (1%)          33 / 0              0 / 0              0 / 0        
[112.001s][info   ][gc,heap     ] GC(60) Y: Min Capacity: 8192M(100%)
[112.001s][info   ][gc,heap     ] GC(60) Y: Max Capacity: 8192M(100%)
[112.001s][info   ][gc,heap     ] GC(60) Y: Soft Max Capacity: 8192M(100%)
[112.001s][info   ][gc,heap     ] GC(60) Y: Heap Statistics:
[112.001s][info   ][gc,heap     ] GC(60) Y:                Mark Start          Mark End        Relocate Start      Relocate End           High               Low         
[112.001s][info   ][gc,heap     ] GC(60) Y:  Capacity:     8192M (100%)       8192M (100%)       8192M (100%)       8192M (100%)       8192M (100%)       8192M (100%)   
[112.001s][info   ][gc,heap     ] GC(60) Y:      Free:     7126M (87%)        7066M (86%)        7988M (98%)        7996M (98%)        7996M (98%)        7066M (86%)    
[112.001s][info   ][gc,heap     ] GC(60) Y:      Used:     1066M (13%)        1126M (14%)         204M (2%)          196M (2%)         1126M (14%)         196M (2%)     
[112.001s][info   ][gc,heap     ] GC(60) Y: Young Generation Statistics:
[112.001s][info   ][gc,heap     ] GC(60) Y:                Mark Start          Mark End        Relocate Start      Relocate End    
[112.001s][info   ][gc,heap     ] GC(60) Y:      Used:      998M (12%)        1058M (13%)         136M (2%)          128M (2%)     
[112.001s][info   ][gc,heap     ] GC(60) Y:      Live:         -                63M (1%)           63M (1%)           63M (1%)     
[112.001s][info   ][gc,heap     ] GC(60) Y:   Garbage:         -               934M (11%)          10M (0%)            2M (0%)     
[112.001s][info   ][gc,heap     ] GC(60) Y: Allocated:         -                60M (1%)           62M (1%)           62M (1%)     
[112.001s][info   ][gc,heap     ] GC(60) Y: Reclaimed:         -                  -               924M (11%)         932M (11%)    
[112.001s][info   ][gc,heap     ] GC(60) Y:  Promoted:         -                  -                 0M (0%)            0M (0%)     
[112.001s][info   ][gc,heap     ] GC(60) Y: Compacted:         -                  -                  -                 1M (0%)     
[112.001s][info   ][gc,phases   ] GC(60) Y: Young Generation 1066M(13%)->196M(2%) 0.023s
[112.001s][info   ][gc,phases   ] GC(60) O: Old Generation
[112.028s][info   ][gc,phases   ] GC(60) O: Concurrent Mark 26.315ms
[112.028s][info   ][gc,phases   ] GC(60) O: Pause Mark End 0.008ms
[112.028s][info   ][gc,phases   ] GC(60) O: Concurrent Mark Free 0.000ms
[112.028s][info   ][gc,phases   ] GC(60) O: Concurrent Process Non-Strong 0.521ms
[112.028s][info   ][gc,phases   ] GC(60) O: Concurrent Reset Relocation Set 0.000ms
[112.029s][info   ][gc,phases   ] GC(60) O: Concurrent Select Relocation Set 0.893ms
[112.029s][info   ][gc,task     ] GC(60) O: Using 2 Workers for Old Generation
[112.032s][info   ][gc,task     ] GC(60) O: Using 1 Workers for Old Generation
[112.032s][info   ][gc,phases   ] GC(60) O: Concurrent Remap Roots 2.950ms
[112.032s][info   ][gc,phases   ] GC(60) O: Pause Relocate Start 0.004ms
[112.032s][info   ][gc,phases   ] GC(60) O: Concurrent Relocate 0.019ms
[112.032s][info   ][gc,alloc    ] GC(60) O:                         Mark Start        Mark End      Relocate Start    Relocate End   
[112.032s][info   ][gc,alloc    ] GC(60) O: Allocation Stalls:          0                0                0                0         
[112.032s][info   ][gc,load     ] GC(60) O: Load: 0.92 (8%) / 1.12 (9%) / 1.37 (11%)
[112.032s][info   ][gc,mmu      ] GC(60) O: MMU: 2ms/98.5%, 5ms/99.4%, 10ms/99.7%, 20ms/99.8%, 50ms/99.9%, 100ms/99.9%
[112.032s][info   ][gc,marking  ] GC(60) O: Mark: 1 stripe(s), 2 proactive flush(es), 1 terminate flush(es), 0 completion(s), 0 continuation(s) 
[112.032s][info   ][gc,marking  ] GC(60) O: Mark Stack Usage: 32M
[112.032s][info   ][gc,nmethod  ] GC(60) O: NMethods: 384 registered, 108 unregistered
[112.032s][info   ][gc,metaspace] GC(60) O: Metaspace: 0M used, 0M committed, 1088M reserved
[112.032s][info   ][gc,ref      ] GC(60) O:                       Encountered   Discovered     Enqueued 
[112.032s][info   ][gc,ref      ] GC(60) O: Soft References:               64            0            0 
[112.032s][info   ][gc,ref      ] GC(60) O: Weak References:              217          165            0 
[112.032s][info   ][gc,ref      ] GC(60) O: Final References:               0            0            0 
[112.032s][info   ][gc,ref      ] GC(60) O: Phantom References:             5            3            0 
[112.032s][info   ][gc,reloc    ] GC(60) O:                        Candidates     Selected     In-Place         Size        Empty    Relocated 
[112.032s][info   ][gc,reloc    ] GC(60) O: Small Pages:                   34            0            0          68M           0M           0M 
[112.032s][info   ][gc,reloc    ] GC(60) O: Medium Pages:                   0            0            0           0M           0M           0M 
[112.032s][info   ][gc,reloc    ] GC(60) O: Large Pages:                    0            0            0           0M           0M           0M 
[112.032s][info   ][gc,reloc    ] GC(60) O: Forwarding Usage: 0M
[112.032s][info   ][gc,heap     ] GC(60) O: Min Capacity: 8192M(100%)
[112.032s][info   ][gc,heap     ] GC(60) O: Max Capacity: 8192M(100%)
[112.032s][info   ][gc,heap     ] GC(60) O: Soft Max Capacity: 8192M(100%)
[112.032s][info   ][gc,heap     ] GC(60) O: Heap Statistics:
[112.032s][info   ][gc,heap     ] GC(60) O:                Mark Start          Mark End        Relocate Start      Relocate End           High               Low         
[112.032s][info   ][gc,heap     ] GC(60) O:  Capacity:     8192M (100%)       8192M (100%)       8192M (100%)       8192M (100%)       8192M (100%)       8192M (100%)   
[112.032s][info   ][gc,heap     ] GC(60) O:      Free:     7126M (87%)        7908M (97%)        7896M (96%)        7896M (96%)        7996M (98%)        7066M (86%)    
[112.032s][info   ][gc,heap     ] GC(60) O:      Used:     1066M (13%)         284M (3%)          296M (4%)          296M (4%)         1126M (14%)         196M (2%)     
[112.032s][info   ][gc,heap     ] GC(60) O: Old Generation Statistics:
[112.032s][info   ][gc,heap     ] GC(60) O:                Mark Start          Mark End        Relocate Start      Relocate End    
[112.032s][info   ][gc,heap     ] GC(60) O:      Used:       68M (1%)           68M (1%)           68M (1%)           68M (1%)     
[112.032s][info   ][gc,heap     ] GC(60) O:      Live:         -                65M (1%)           65M (1%)           65M (1%)     
[112.032s][info   ][gc,heap     ] GC(60) O:   Garbage:         -                 2M (0%)            2M (0%)            2M (0%)     
[112.032s][info   ][gc,heap     ] GC(60) O: Allocated:         -                 0M (0%)            0M (0%)            0M (0%)     
[112.032s][info   ][gc,heap     ] GC(60) O: Reclaimed:         -                  -                 0M (0%)            0M (0%)     
[112.032s][info   ][gc,heap     ] GC(60) O: Compacted:         -                  -                  -                 0M (0%)     
[112.032s][info   ][gc,phases   ] GC(60) O: Old Generation 196M(2%)->296M(4%) 0.031s
[112.032s][info   ][gc          ] GC(60) Major Collection (Proactive) 1066M(13%)->296M(4%) 0.054s
[114.535s][info   ][gc          ] GC(61) Minor Collection (High Usage)
[114.535s][info   ][gc,task     ] GC(61) Using 1 Workers for Young Generation
[114.535s][info   ][gc,phases   ] GC(61) y: Young Generation
[114.535s][info   ][gc,phases   ] GC(61) y: Pause Mark Start 0.005ms
[114.546s][info   ][gc,phases   ] GC(61) y: Concurrent Mark 11.241ms
[114.546s][info   ][gc,phases   ] GC(61) y: Pause Mark End 0.007ms
[114.546s][info   ][gc,phases   ] GC(61) y: Concurrent Mark Free 0.000ms
[114.546s][info   ][gc,phases   ] GC(61) y: Concurrent Reset Relocation Set 0.001ms
[114.547s][info   ][gc,reloc    ] GC(61) y: Using tenuring threshold: 1 (Computed)
[114.547s][info   ][gc,phases   ] GC(61) y: Concurrent Select Relocation Set 1.213ms
[114.547s][info   ][gc,phases   ] GC(61) y: Pause Relocate Start 0.002ms
[114.548s][info   ][gc,phases   ] GC(61) y: Concurrent Relocate 0.407ms
[114.548s][info   ][gc,alloc    ] GC(61) y:                         Mark Start        Mark End      Relocate Start    Relocate End   
[114.548s][info   ][gc,alloc    ] GC(61) y: Allocation Stalls:          0                0                0                0         
[114.548s][info   ][gc,load     ] GC(61) y: Load: 1.09 (9%) / 1.15 (10%) / 1.38 (12%)
[114.548s][info   ][gc,mmu      ] GC(61) y: MMU: 2ms/98.5%, 5ms/99.4%, 10ms/99.7%, 20ms/99.8%, 50ms/99.9%, 100ms/99.9%
[114.548s][info   ][gc,marking  ] GC(61) y: Mark: 1 stripe(s), 1 proactive flush(es), 1 terminate flush(es), 0 completion(s), 0 continuation(s) 
[114.548s][info   ][gc,marking  ] GC(61) y: Mark Stack Usage: 32M
[114.548s][info   ][gc,nmethod  ] GC(61) y: NMethods: 384 registered, 108 unregistered
[114.548s][info   ][gc,metaspace] GC(61) y: Metaspace: 0M used, 0M committed, 1088M reserved
[114.548s][info   ][gc,reloc    ] GC(61) y:                        Candidates     Selected     In-Place         Size        Empty    Relocated 
[114.548s][info   ][gc,reloc    ] GC(61) y: Small Pages:                 3840            3            0        7680M        7608M           2M 
[114.548s][info   ][gc,reloc    ] GC(61) y: Medium Pages:                   0            0            0           0M           0M           0M 
[114.548s][info   ][gc,reloc    ] GC(61) y: Large Pages:                    0            0            0           0M           0M           0M 
[114.548s][info   ][gc,reloc    ] GC(61) y: Forwarding Usage: 0M
[114.548s][info   ][gc,reloc    ] GC(61) y: Age Table:
[114.548s][info   ][gc,reloc    ] GC(61) y:                    Live             Garbage             Small              Medium             Large        
[114.548s][info   ][gc,reloc    ] GC(61) y: Eden              63M (1%)         7550M (92%)       3807 / 3              0 / 0              0 / 0        
[114.548s][info   ][gc,reloc    ] GC(61) y: Survivor 1          -                66M (1%)          33 / 0              0 / 0              0 / 0        
[114.548s][info   ][gc,heap     ] GC(61) y: Min Capacity: 8192M(100%)
[114.548s][info   ][gc,heap     ] GC(61) y: Max Capacity: 8192M(100%)
[114.548s][info   ][gc,heap     ] GC(61) y: Soft Max Capacity: 8192M(100%)
[114.548s][info   ][gc,heap     ] GC(61) y: Heap Statistics:
[114.548s][info   ][gc,heap     ] GC(61) y:                Mark Start          Mark End        Relocate Start      Relocate End           High               Low         
[114.548s][info   ][gc,heap     ] GC(61) y:  Capacity:     8192M (100%)       8192M (100%)       8192M (100%)       8192M (100%)       8192M (100%)       8192M (100%)   
[114.548s][info   ][gc,heap     ] GC(61) y:      Free:      444M (5%)          414M (5%)         8022M (98%)        8028M (98%)        8028M (98%)         414M (5%)     
[114.548s][info   ][gc,heap     ] GC(61) y:      Used:     7748M (95%)        7778M (95%)         170M (2%)          164M (2%)         7778M (95%)         164M (2%)     
[114.548s][info   ][gc,heap     ] GC(61) y: Young Generation Statistics:
[114.548s][info   ][gc,heap     ] GC(61) y:                Mark Start          Mark End        Relocate Start      Relocate End    
[114.548s][info   ][gc,heap     ] GC(61) y:      Used:     7680M (94%)        7710M (94%)         102M (1%)           96M (1%)     
[114.548s][info   ][gc,heap     ] GC(61) y:      Live:         -                63M (1%)           63M (1%)           63M (1%)     
[114.548s][info   ][gc,heap     ] GC(61) y:   Garbage:         -              7616M (93%)           8M (0%)            1M (0%)     
[114.548s][info   ][gc,heap     ] GC(61) y: Allocated:         -                30M (0%)           30M (0%)           30M (0%)     
[114.548s][info   ][gc,heap     ] GC(61) y: Reclaimed:         -                  -              7608M (93%)        7614M (93%)    
[114.548s][info   ][gc,heap     ] GC(61) y:  Promoted:         -                  -                 0M (0%)            0M (0%)     
[114.548s][info   ][gc,heap     ] GC(61) y: Compacted:         -                  -                  -                 3M (0%)     
[114.548s][info   ][gc,phases   ] GC(61) y: Young Generation 7748M(95%)->164M(2%) 0.013s
[114.548s][info   ][gc          ] GC(61) Minor Collection (High Usage) 7748M(95%)->164M(2%) 0.013s
[115.524s][info   ][gc          ] GC(62) Major Collection (Proactive)
[115.524s][info   ][gc,task     ] GC(62) Using 1 Workers for Young Generation
[115.524s][info   ][gc,task     ] GC(62) Using 1 Workers for Old Generation
[115.524s][info   ][gc,phases   ] GC(62) Y: Young Generation
[115.525s][info   ][gc,phases   ] GC(62) Y: Pause Mark Start (Major) 0.009ms
[115.539s][info   ][gc,phases   ] GC(62) Y: Concurrent Mark 14.318ms
[115.539s][info   ][gc,phases   ] GC(62) Y: Pause Mark End 0.007ms
[115.539s][info   ][gc,phases   ] GC(62) Y: Concurrent Mark Free 0.000ms
[115.539s][info   ][gc,phases   ] GC(62) Y: Concurrent Reset Relocation Set 0.001ms
[115.540s][info   ][gc,reloc    ] GC(62) Y: Using tenuring threshold: 1 (Computed)
[115.540s][info   ][gc,phases   ] GC(62) Y: Concurrent Select Relocation Set 1.026ms
[115.540s][info   ][gc,phases   ] GC(62) Y: Pause Relocate Start 0.003ms
[115.540s][info   ][gc,phases   ] GC(62) Y: Concurrent Relocate 0.192ms
[115.540s][info   ][gc,alloc    ] GC(62) Y:                         Mark Start        Mark End      Relocate Start    Relocate End   
[115.540s][info   ][gc,alloc    ] GC(62) Y: Allocation Stalls:          0                0                0                0         
[115.540s][info   ][gc,load     ] GC(62) Y: Load: 1.09 (9%) / 1.15 (10%) / 1.38 (12%)
[115.540s][info   ][gc,mmu      ] GC(62) Y: MMU: 2ms/98.5%, 5ms/99.4%, 10ms/99.7%, 20ms/99.8%, 50ms/99.9%, 100ms/99.9%
[115.540s][info   ][gc,marking  ] GC(62) Y: Mark: 1 stripe(s), 1 proactive flush(es), 1 terminate flush(es), 0 completion(s), 0 continuation(s) 
[115.540s][info   ][gc,marking  ] GC(62) Y: Mark Stack Usage: 32M
[115.540s][info   ][gc,nmethod  ] GC(62) Y: NMethods: 384 registered, 108 unregistered
[115.540s][info   ][gc,metaspace] GC(62) Y: Metaspace: 0M used, 0M committed, 1088M reserved
[115.540s][info   ][gc,reloc    ] GC(62) Y:                        Candidates     Selected     In-Place         Size        Empty    Relocated 
[115.540s][info   ][gc,reloc    ] GC(62) Y: Small Pages:                 1505            4            0        3010M        2936M           1M 
[115.540s][info   ][gc,reloc    ] GC(62) Y: Medium Pages:                   0            0            0           0M           0M           0M 
[115.540s][info   ][gc,reloc    ] GC(62) Y: Large Pages:                    0            0            0           0M           0M           0M 
[115.540s][info   ][gc,reloc    ] GC(62) Y: Forwarding Usage: 0M
[115.540s][info   ][gc,reloc    ] GC(62) Y: Age Table:
[115.540s][info   ][gc,reloc    ] GC(62) Y:                    Live             Garbage             Small              Medium             Large        
[115.540s][info   ][gc,reloc    ] GC(62) Y: Eden              63M (1%)         2880M (35%)       1472 / 4              0 / 0              0 / 0        
[115.540s][info   ][gc,reloc    ] GC(62) Y: Survivor 1          -                66M (1%)          33 / 0              0 / 0              0 / 0        
[115.540s][info   ][gc,heap     ] GC(62) Y: Min Capacity: 8192M(100%)
[115.540s][info   ][gc,heap     ] GC(62) Y: Max Capacity: 8192M(100%)
[115.540s][info   ][gc,heap     ] GC(62) Y: Soft Max Capacity: 8192M(100%)
[115.540s][info   ][gc,heap     ] GC(62) Y: Heap Statistics:
[115.540s][info   ][gc,heap     ] GC(62) Y:                Mark Start          Mark End        Relocate Start      Relocate End           High               Low         
[115.540s][info   ][gc,heap     ] GC(62) Y:  Capacity:     8192M (100%)       8192M (100%)       8192M (100%)       8192M (100%)       8192M (100%)       8192M (100%)   
[115.540s][info   ][gc,heap     ] GC(62) Y:      Free:     5114M (62%)        5084M (62%)        8020M (98%)        8028M (98%)        8028M (98%)        5084M (62%)    
[115.540s][info   ][gc,heap     ] GC(62) Y:      Used:     3078M (38%)        3108M (38%)         172M (2%)          164M (2%)         3108M (38%)         164M (2%)     
[115.540s][info   ][gc,heap     ] GC(62) Y: Young Generation Statistics:
[115.540s][info   ][gc,heap     ] GC(62) Y:                Mark Start          Mark End        Relocate Start      Relocate End    
[115.540s][info   ][gc,heap     ] GC(62) Y:      Used:     3010M (37%)        3040M (37%)         104M (1%)           96M (1%)     
[115.540s][info   ][gc,heap     ] GC(62) Y:      Live:         -                63M (1%)           63M (1%)           63M (1%)     
[115.540s][info   ][gc,heap     ] GC(62) Y:   Garbage:         -              2946M (36%)          10M (0%)            2M (0%)     
[115.540s][info   ][gc,heap     ] GC(62) Y: Allocated:         -                30M (0%)           30M (0%)           30M (0%)     
[115.540s][info   ][gc,heap     ] GC(62) Y: Reclaimed:         -                  -              2936M (36%)        2944M (36%)    
[115.540s][info   ][gc,heap     ] GC(62) Y:  Promoted:         -                  -                 0M (0%)            0M (0%)     
[115.540s][info   ][gc,heap     ] GC(62) Y: Compacted:         -                  -                  -                 1M (0%)     
[115.540s][info   ][gc,phases   ] GC(62) Y: Young Generation 3078M(38%)->164M(2%) 0.016s
[115.540s][info   ][gc,phases   ] GC(62) O: Old Generation
[115.560s][info   ][gc,phases   ] GC(62) O: Concurrent Mark 19.552ms
[115.560s][info   ][gc,phases   ] GC(62) O: Pause Mark End 0.006ms
[115.560s][info   ][gc,phases   ] GC(62) O: Concurrent Mark Free 0.000ms
[115.560s][info   ][gc,phases   ] GC(62) O: Concurrent Process Non-Strong 0.507ms
[115.560s][info   ][gc,phases   ] GC(62) O: Concurrent Reset Relocation Set 0.000ms
[115.561s][info   ][gc,phases   ] GC(62) O: Concurrent Select Relocation Set 0.935ms
[115.561s][info   ][gc,task     ] GC(62) O: Using 2 Workers for Old Generation
[115.565s][info   ][gc,task     ] GC(62) O: Using 1 Workers for Old Generation
[115.565s][info   ][gc,phases   ] GC(62) O: Concurrent Remap Roots 3.496ms
[115.565s][info   ][gc,phases   ] GC(62) O: Pause Relocate Start 0.003ms
[115.565s][info   ][gc,phases   ] GC(62) O: Concurrent Relocate 0.012ms
[115.565s][info   ][gc,alloc    ] GC(62) O:                         Mark Start        Mark End      Relocate Start    Relocate End   
[115.565s][info   ][gc,alloc    ] GC(62) O: Allocation Stalls:          0                0                0                0         
[115.565s][info   ][gc,load     ] GC(62) O: Load: 1.09 (9%) / 1.15 (10%) / 1.38 (12%)
[115.565s][info   ][gc,mmu      ] GC(62) O: MMU: 2ms/98.5%, 5ms/99.4%, 10ms/99.7%, 20ms/99.8%, 50ms/99.9%, 100ms/99.9%
[115.565s][info   ][gc,marking  ] GC(62) O: Mark: 1 stripe(s), 2 proactive flush(es), 1 terminate flush(es), 0 completion(s), 0 continuation(s) 
[115.565s][info   ][gc,marking  ] GC(62) O: Mark Stack Usage: 32M
[115.565s][info   ][gc,nmethod  ] GC(62) O: NMethods: 384 registered, 108 unregistered
[115.565s][info   ][gc,metaspace] GC(62) O: Metaspace: 0M used, 0M committed, 1088M reserved
[115.565s][info   ][gc,ref      ] GC(62) O:                       Encountered   Discovered     Enqueued 
[115.565s][info   ][gc,ref      ] GC(62) O: Soft References:               64            0            0 
[115.565s][info   ][gc,ref      ] GC(62) O: Weak References:              217          165            0 
[115.565s][info   ][gc,ref      ] GC(62) O: Final References:               0            0            0 
[115.565s][info   ][gc,ref      ] GC(62) O: Phantom References:             5            3            0 
[115.565s][info   ][gc,reloc    ] GC(62) O:                        Candidates     Selected     In-Place         Size        Empty    Relocated 
[115.565s][info   ][gc,reloc    ] GC(62) O: Small Pages:                   34            0            0          68M           0M           0M 
[115.565s][info   ][gc,reloc    ] GC(62) O: Medium Pages:                   0            0            0           0M           0M           0M 
[115.565s][info   ][gc,reloc    ] GC(62) O: Large Pages:                    0            0            0           0M           0M           0M 
[115.565s][info   ][gc,reloc    ] GC(62) O: Forwarding Usage: 0M
[115.565s][info   ][gc,heap     ] GC(62) O: Min Capacity: 8192M(100%)
[115.565s][info   ][gc,heap     ] GC(62) O: Max Capacity: 8192M(100%)
[115.565s][info   ][gc,heap     ] GC(62) O: Soft Max Capacity: 8192M(100%)
[115.565s][info   ][gc,heap     ] GC(62) O: Heap Statistics:
[115.565s][info   ][gc,heap     ] GC(62) O:                Mark Start          Mark End        Relocate Start      Relocate End           High               Low         
[115.565s][info   ][gc,heap     ] GC(62) O:  Capacity:     8192M (100%)       8192M (100%)       8192M (100%)       8192M (100%)       8192M (100%)       8192M (100%)   
[115.565s][info   ][gc,heap     ] GC(62) O:      Free:     5114M (62%)        7968M (97%)        7938M (97%)        7938M (97%)        8028M (98%)        5084M (62%)    
[115.565s][info   ][gc,heap     ] GC(62) O:      Used:     3078M (38%)         224M (3%)          254M (3%)          254M (3%)         3108M (38%)         164M (2%)     
[115.565s][info   ][gc,heap     ] GC(62) O: Old Generation Statistics:
[115.565s][info   ][gc,heap     ] GC(62) O:                Mark Start          Mark End        Relocate Start      Relocate End    
[115.565s][info   ][gc,heap     ] GC(62) O:      Used:       68M (1%)           68M (1%)           68M (1%)           68M (1%)     
[115.565s][info   ][gc,heap     ] GC(62) O:      Live:         -                65M (1%)           65M (1%)           65M (1%)     
[115.565s][info   ][gc,heap     ] GC(62) O:   Garbage:         -                 2M (0%)            2M (0%)            2M (0%)     
[115.565s][info   ][gc,heap     ] GC(62) O: Allocated:         -                 0M (0%)            0M (0%)            0M (0%)     
[115.565s][info   ][gc,heap     ] GC(62) O: Reclaimed:         -                  -                 0M (0%)            0M (0%)     
[115.565s][info   ][gc,heap     ] GC(62) O: Compacted:         -                  -                  -                 0M (0%)     
[115.565s][info   ][gc,phases   ] GC(62) O: Old Generation 164M(2%)->254M(3%) 0.025s
[115.565s][info   ][gc          ] GC(62) Major Collection (Proactive) 3078M(38%)->254M(3%) 0.040s
[118.084s][info   ][gc          ] GC(63) Minor Collection (High Usage)
[118.084s][info   ][gc,task     ] GC(63) Using 1 Workers for Young Generation
[118.084s][info   ][gc,phases   ] GC(63) y: Young Generation
[118.084s][info   ][gc,phases   ] GC(63) y: Pause Mark Start 0.006ms
[118.095s][info   ][gc,phases   ] GC(63) y: Concurrent Mark 10.597ms
[118.095s][info   ][gc,phases   ] GC(63) y: Pause Mark End 0.006ms
[118.095s][info   ][gc,phases   ] GC(63) y: Concurrent Mark Free 0.000ms
[118.095s][info   ][gc,phases   ] GC(63) y: Concurrent Reset Relocation Set 0.001ms
[118.096s][info   ][gc,reloc    ] GC(63) y: Using tenuring threshold: 1 (Computed)
[118.096s][info   ][gc,phases   ] GC(63) y: Concurrent Select Relocation Set 1.196ms
[118.096s][info   ][gc,phases   ] GC(63) y: Pause Relocate Start 0.003ms
[118.096s][info   ][gc,phases   ] GC(63) y: Concurrent Relocate 0.363ms
[118.096s][info   ][gc,alloc    ] GC(63) y:                         Mark Start        Mark End      Relocate Start    Relocate End   
[118.096s][info   ][gc,alloc    ] GC(63) y: Allocation Stalls:          0                0                0                0         
[118.097s][info   ][gc,load     ] GC(63) y: Load: 1.09 (9%) / 1.15 (10%) / 1.38 (12%)
[118.097s][info   ][gc,mmu      ] GC(63) y: MMU: 2ms/98.5%, 5ms/99.4%, 10ms/99.7%, 20ms/99.8%, 50ms/99.9%, 100ms/99.9%
[118.097s][info   ][gc,marking  ] GC(63) y: Mark: 1 stripe(s), 2 proactive flush(es), 1 terminate flush(es), 0 completion(s), 0 continuation(s) 
[118.097s][info   ][gc,marking  ] GC(63) y: Mark Stack Usage: 32M
[118.097s][info   ][gc,nmethod  ] GC(63) y: NMethods: 384 registered, 108 unregistered
[118.097s][info   ][gc,metaspace] GC(63) y: Metaspace: 0M used, 0M committed, 1088M reserved
[118.097s][info   ][gc,reloc    ] GC(63) y:                        Candidates     Selected     In-Place         Size        Empty    Relocated 
[118.097s][info   ][gc,reloc    ] GC(63) y: Small Pages:                 3840            3            0        7680M        7608M           2M 
[118.097s][info   ][gc,reloc    ] GC(63) y: Medium Pages:                   0            0            0           0M           0M           0M 
[118.097s][info   ][gc,reloc    ] GC(63) y: Large Pages:                    0            0            0           0M           0M           0M 
[118.097s][info   ][gc,reloc    ] GC(63) y: Forwarding Usage: 0M
[118.097s][info   ][gc,reloc    ] GC(63) y: Age Table:
[118.097s][info   ][gc,reloc    ] GC(63) y:                    Live             Garbage             Small              Medium             Large        
[118.097s][info   ][gc,reloc    ] GC(63) y: Eden              63M (1%)         7550M (92%)       3807 / 3              0 / 0              0 / 0        
[118.097s][info   ][gc,reloc    ] GC(63) y: Survivor 1          -                66M (1%)          33 / 0              0 / 0              0 / 0        
[118.097s][info   ][gc,heap     ] GC(63) y: Min Capacity: 8192M(100%)
[118.097s][info   ][gc,heap     ] GC(63) y: Max Capacity: 8192M(100%)
[118.097s][info   ][gc,heap     ] GC(63) y: Soft Max Capacity: 8192M(100%)
[118.097s][info   ][gc,heap     ] GC(63) y: Heap Statistics:
[118.097s][info   ][gc,heap     ] GC(63) y:                Mark Start          Mark End        Relocate Start      Relocate End           High               Low         
[118.097s][info   ][gc,heap     ] GC(63) y:  Capacity:     8192M (100%)       8192M (100%)       8192M (100%)       8192M (100%)       8192M (100%)       8192M (100%)   
[118.097s][info   ][gc,heap     ] GC(63) y:      Free:      444M (5%)          412M (5%)         8020M (98%)        8026M (98%)        8026M (98%)         412M (5%)     
[118.097s][info   ][gc,heap     ] GC(63) y:      Used:     7748M (95%)        7780M (95%)         172M (2%)          166M (2%)         7780M (95%)         166M (2%)     
[118.097s][info   ][gc,heap     ] GC(63) y: Young Generation Statistics:
[118.097s][info   ][gc,heap     ] GC(63) y:                Mark Start          Mark End        Relocate Start      Relocate End    
[118.097s][info   ][gc,heap     ] GC(63) y:      Used:     7680M (94%)        7712M (94%)         104M (1%)           98M (1%)     
[118.097s][info   ][gc,heap     ] GC(63) y:      Live:         -                63M (1%)           63M (1%)           63M (1%)     
[118.097s][info   ][gc,heap     ] GC(63) y:   Garbage:         -              7616M (93%)           8M (0%)            1M (0%)     
[118.097s][info   ][gc,heap     ] GC(63) y: Allocated:         -                32M (0%)           32M (0%)           32M (0%)     
[118.097s][info   ][gc,heap     ] GC(63) y: Reclaimed:         -                  -              7608M (93%)        7614M (93%)    
[118.097s][info   ][gc,heap     ] GC(63) y:  Promoted:         -                  -                 0M (0%)            0M (0%)     
[118.097s][info   ][gc,heap     ] GC(63) y: Compacted:         -                  -                  -                 3M (0%)     
[118.097s][info   ][gc,phases   ] GC(63) y: Young Generation 7748M(95%)->166M(2%) 0.012s
[118.097s][info   ][gc          ] GC(63) Minor Collection (High Usage) 7748M(95%)->166M(2%) 0.012s
[118.402s][info   ][gc          ] GC(64) Major Collection (Proactive)
[118.402s][info   ][gc,task     ] GC(64) Using 1 Workers for Young Generation
[118.402s][info   ][gc,task     ] GC(64) Using 1 Workers for Old Generation
[118.402s][info   ][gc,phases   ] GC(64) Y: Young Generation
[118.402s][info   ][gc,phases   ] GC(64) Y: Pause Mark Start (Major) 0.006ms
[118.416s][info   ][gc,phases   ] GC(64) Y: Concurrent Mark 13.104ms
[118.416s][info   ][gc,phases   ] GC(64) Y: Pause Mark End 0.007ms
[118.416s][info   ][gc,phases   ] GC(64) Y: Concurrent Mark Free 0.000ms
[118.416s][info   ][gc,phases   ] GC(64) Y: Concurrent Reset Relocation Set 0.001ms
[118.417s][info   ][gc,reloc    ] GC(64) Y: Using tenuring threshold: 1 (Computed)
[118.417s][info   ][gc,phases   ] GC(64) Y: Concurrent Select Relocation Set 0.974ms
[118.417s][info   ][gc,phases   ] GC(64) Y: Pause Relocate Start 0.002ms
[118.417s][info   ][gc,phases   ] GC(64) Y: Concurrent Relocate 0.160ms
[118.417s][info   ][gc,alloc    ] GC(64) Y:                         Mark Start        Mark End      Relocate Start    Relocate End   
[118.417s][info   ][gc,alloc    ] GC(64) Y: Allocation Stalls:          0                0                0                0         
[118.417s][info   ][gc,load     ] GC(64) Y: Load: 1.09 (9%) / 1.15 (10%) / 1.38 (12%)
[118.417s][info   ][gc,mmu      ] GC(64) Y: MMU: 2ms/98.5%, 5ms/99.4%, 10ms/99.7%, 20ms/99.8%, 50ms/99.9%, 100ms/99.9%
[118.417s][info   ][gc,marking  ] GC(64) Y: Mark: 1 stripe(s), 2 proactive flush(es), 1 terminate flush(es), 0 completion(s), 0 continuation(s) 
[118.417s][info   ][gc,marking  ] GC(64) Y: Mark Stack Usage: 32M
[118.417s][info   ][gc,nmethod  ] GC(64) Y: NMethods: 384 registered, 108 unregistered
[118.417s][info   ][gc,metaspace] GC(64) Y: Metaspace: 0M used, 0M committed, 1088M reserved
[118.417s][info   ][gc,reloc    ] GC(64) Y:                        Candidates     Selected     In-Place         Size        Empty    Relocated 
[118.417s][info   ][gc,reloc    ] GC(64) Y: Small Pages:                  504            1            0        1008M         940M           0M 
[118.417s][info   ][gc,reloc    ] GC(64) Y: Medium Pages:                   0            0            0           0M           0M           0M 
[118.417s][info   ][gc,reloc    ] GC(64) Y: Large Pages:                    0            0            0           0M           0M           0M 
[118.417s][info   ][gc,reloc    ] GC(64) Y: Forwarding Usage: 0M
[118.417s][info   ][gc,reloc    ] GC(64) Y: Age Table:
[118.417s][info   ][gc,reloc    ] GC(64) Y:                    Live             Garbage             Small              Medium             Large        
[118.417s][info   ][gc,reloc    ] GC(64) Y: Eden              63M (1%)          878M (11%)        471 / 1              0 / 0              0 / 0        
[118.417s][info   ][gc,reloc    ] GC(64) Y: Survivor 1          -                66M (1%)          33 / 0              0 / 0              0 / 0        
[118.417s][info   ][gc,heap     ] GC(64) Y: Min Capacity: 8192M(100%)
[118.417s][info   ][gc,heap     ] GC(64) Y: Max Capacity: 8192M(100%)
[118.417s][info   ][gc,heap     ] GC(64) Y: Soft Max Capacity: 8192M(100%)
[118.417s][info   ][gc,heap     ] GC(64) Y: Heap Statistics:
[118.417s][info   ][gc,heap     ] GC(64) Y:                Mark Start          Mark End        Relocate Start      Relocate End           High               Low         
[118.417s][info   ][gc,heap     ] GC(64) Y:  Capacity:     8192M (100%)       8192M (100%)       8192M (100%)       8192M (100%)       8192M (100%)       8192M (100%)   
[118.417s][info   ][gc,heap     ] GC(64) Y:      Free:     7116M (87%)        7074M (86%)        8014M (98%)        8016M (98%)        8016M (98%)        7074M (86%)    
[118.417s][info   ][gc,heap     ] GC(64) Y:      Used:     1076M (13%)        1118M (14%)         178M (2%)          176M (2%)         1118M (14%)         176M (2%)     
[118.417s][info   ][gc,heap     ] GC(64) Y: Young Generation Statistics:
[118.417s][info   ][gc,heap     ] GC(64) Y:                Mark Start          Mark End        Relocate Start      Relocate End    
[118.417s][info   ][gc,heap     ] GC(64) Y:      Used:     1008M (12%)        1050M (13%)         110M (1%)          108M (1%)     
[118.417s][info   ][gc,heap     ] GC(64) Y:      Live:         -                63M (1%)           63M (1%)           63M (1%)     
[118.417s][info   ][gc,heap     ] GC(64) Y:   Garbage:         -               944M (12%)           4M (0%)            1M (0%)     
[118.417s][info   ][gc,heap     ] GC(64) Y: Allocated:         -                42M (1%)           42M (1%)           42M (1%)     
[118.417s][info   ][gc,heap     ] GC(64) Y: Reclaimed:         -                  -               940M (11%)         942M (12%)    
[118.417s][info   ][gc,heap     ] GC(64) Y:  Promoted:         -                  -                 0M (0%)            0M (0%)     
[118.417s][info   ][gc,heap     ] GC(64) Y: Compacted:         -                  -                  -                 1M (0%)     
[118.417s][info   ][gc,phases   ] GC(64) Y: Young Generation 1076M(13%)->176M(2%) 0.014s
[118.417s][info   ][gc,phases   ] GC(64) O: Old Generation
[118.436s][info   ][gc,phases   ] GC(64) O: Concurrent Mark 19.523ms
[118.436s][info   ][gc,phases   ] GC(64) O: Pause Mark End 0.007ms
[118.436s][info   ][gc,phases   ] GC(64) O: Concurrent Mark Free 0.000ms
[118.437s][info   ][gc,phases   ] GC(64) O: Concurrent Process Non-Strong 0.536ms
[118.437s][info   ][gc,phases   ] GC(64) O: Concurrent Reset Relocation Set 0.000ms
[118.438s][info   ][gc,phases   ] GC(64) O: Concurrent Select Relocation Set 0.913ms
[118.438s][info   ][gc,task     ] GC(64) O: Using 2 Workers for Old Generation
[118.441s][info   ][gc,task     ] GC(64) O: Using 1 Workers for Old Generation
[118.441s][info   ][gc,phases   ] GC(64) O: Concurrent Remap Roots 2.926ms
[118.441s][info   ][gc,phases   ] GC(64) O: Pause Relocate Start 0.003ms
[118.441s][info   ][gc,phases   ] GC(64) O: Concurrent Relocate 0.009ms
[118.441s][info   ][gc,alloc    ] GC(64) O:                         Mark Start        Mark End      Relocate Start    Relocate End   
[118.441s][info   ][gc,alloc    ] GC(64) O: Allocation Stalls:          0                0                0                0         
[118.441s][info   ][gc,load     ] GC(64) O: Load: 1.09 (9%) / 1.15 (10%) / 1.38 (12%)
[118.441s][info   ][gc,mmu      ] GC(64) O: MMU: 2ms/98.5%, 5ms/99.4%, 10ms/99.7%, 20ms/99.8%, 50ms/99.9%, 100ms/99.9%
[118.441s][info   ][gc,marking  ] GC(64) O: Mark: 1 stripe(s), 2 proactive flush(es), 1 terminate flush(es), 0 completion(s), 0 continuation(s) 
[118.441s][info   ][gc,marking  ] GC(64) O: Mark Stack Usage: 32M
[118.441s][info   ][gc,nmethod  ] GC(64) O: NMethods: 384 registered, 108 unregistered
[118.441s][info   ][gc,metaspace] GC(64) O: Metaspace: 0M used, 0M committed, 1088M reserved
[118.441s][info   ][gc,ref      ] GC(64) O:                       Encountered   Discovered     Enqueued 
[118.441s][info   ][gc,ref      ] GC(64) O: Soft References:               64            0            0 
[118.441s][info   ][gc,ref      ] GC(64) O: Weak References:              217          165            0 
[118.441s][info   ][gc,ref      ] GC(64) O: Final References:               0            0            0 
[118.441s][info   ][gc,ref      ] GC(64) O: Phantom References:             5            3            0 
[118.441s][info   ][gc,reloc    ] GC(64) O:                        Candidates     Selected     In-Place         Size        Empty    Relocated 
[118.441s][info   ][gc,reloc    ] GC(64) O: Small Pages:                   34            0            0          68M           0M           0M 
[118.441s][info   ][gc,reloc    ] GC(64) O: Medium Pages:                   0            0            0           0M           0M           0M 
[118.441s][info   ][gc,reloc    ] GC(64) O: Large Pages:                    0            0            0           0M           0M           0M 
[118.441s][info   ][gc,reloc    ] GC(64) O: Forwarding Usage: 0M
[118.441s][info   ][gc,heap     ] GC(64) O: Min Capacity: 8192M(100%)
[118.441s][info   ][gc,heap     ] GC(64) O: Max Capacity: 8192M(100%)
[118.441s][info   ][gc,heap     ] GC(64) O: Soft Max Capacity: 8192M(100%)
[118.441s][info   ][gc,heap     ] GC(64) O: Heap Statistics:
[118.441s][info   ][gc,heap     ] GC(64) O:                Mark Start          Mark End        Relocate Start      Relocate End           High               Low         
[118.441s][info   ][gc,heap     ] GC(64) O:  Capacity:     8192M (100%)       8192M (100%)       8192M (100%)       8192M (100%)       8192M (100%)       8192M (100%)   
[118.441s][info   ][gc,heap     ] GC(64) O:      Free:     7116M (87%)        7956M (97%)        7956M (97%)        7956M (97%)        8016M (98%)        7074M (86%)    
[118.441s][info   ][gc,heap     ] GC(64) O:      Used:     1076M (13%)         236M (3%)          236M (3%)          236M (3%)         1118M (14%)         176M (2%)     
[118.441s][info   ][gc,heap     ] GC(64) O: Old Generation Statistics:
[118.441s][info   ][gc,heap     ] GC(64) O:                Mark Start          Mark End        Relocate Start      Relocate End    
[118.441s][info   ][gc,heap     ] GC(64) O:      Used:       68M (1%)           68M (1%)           68M (1%)           68M (1%)     
[118.441s][info   ][gc,heap     ] GC(64) O:      Live:         -                65M (1%)           65M (1%)           65M (1%)     
[118.441s][info   ][gc,heap     ] GC(64) O:   Garbage:         -                 2M (0%)            2M (0%)            2M (0%)     
[118.441s][info   ][gc,heap     ] GC(64) O: Allocated:         -                 0M (0%)            0M (0%)            0M (0%)     
[118.441s][info   ][gc,heap     ] GC(64) O: Reclaimed:         -                  -                 0M (0%)            0M (0%)     
[118.441s][info   ][gc,heap     ] GC(64) O: Compacted:         -                  -                  -                 0M (0%)     
[118.441s][info   ][gc,phases   ] GC(64) O: Old Generation 176M(2%)->236M(3%) 0.024s
[118.441s][info   ][gc          ] GC(64) Major Collection (Proactive) 1076M(13%)->236M(3%) 0.039s
[120.963s][info   ][gc          ] GC(65) Minor Collection (High Usage)
[120.963s][info   ][gc,task     ] GC(65) Using 1 Workers for Young Generation
[120.963s][info   ][gc,phases   ] GC(65) y: Young Generation
[120.963s][info   ][gc,phases   ] GC(65) y: Pause Mark Start 0.010ms
[120.983s][info   ][gc,phases   ] GC(65) y: Concurrent Mark 19.618ms
[120.983s][info   ][gc,phases   ] GC(65) y: Pause Mark End 0.009ms
[120.983s][info   ][gc,phases   ] GC(65) y: Concurrent Mark Free 0.000ms
[120.983s][info   ][gc,phases   ] GC(65) y: Concurrent Reset Relocation Set 0.001ms
[120.984s][info   ][gc,reloc    ] GC(65) y: Using tenuring threshold: 1 (Computed)
[120.984s][info   ][gc,phases   ] GC(65) y: Concurrent Select Relocation Set 1.199ms
[120.984s][info   ][gc,phases   ] GC(65) y: Pause Relocate Start 0.004ms
[120.984s][info   ][gc,phases   ] GC(65) y: Concurrent Relocate 0.312ms
[120.984s][info   ][gc,alloc    ] GC(65) y:                         Mark Start        Mark End      Relocate Start    Relocate End   
[120.984s][info   ][gc,alloc    ] GC(65) y: Allocation Stalls:          0                0                0                0         
[120.984s][info   ][gc,load     ] GC(65) y: Load: 1.00 (8%) / 1.13 (9%) / 1.37 (11%)
[120.984s][info   ][gc,mmu      ] GC(65) y: MMU: 2ms/98.5%, 5ms/99.4%, 10ms/99.7%, 20ms/99.8%, 50ms/99.9%, 100ms/99.9%
[120.984s][info   ][gc,marking  ] GC(65) y: Mark: 1 stripe(s), 2 proactive flush(es), 1 terminate flush(es), 0 completion(s), 0 continuation(s) 
[120.984s][info   ][gc,marking  ] GC(65) y: Mark Stack Usage: 32M
[120.984s][info   ][gc,nmethod  ] GC(65) y: NMethods: 385 registered, 108 unregistered
[120.984s][info   ][gc,metaspace] GC(65) y: Metaspace: 0M used, 0M committed, 1088M reserved
[120.984s][info   ][gc,reloc    ] GC(65) y:                        Candidates     Selected     In-Place         Size        Empty    Relocated 
[120.984s][info   ][gc,reloc    ] GC(65) y: Small Pages:                 3843           12            0        7686M        7596M           1M 
[120.984s][info   ][gc,reloc    ] GC(65) y: Medium Pages:                   0            0            0           0M           0M           0M 
[120.984s][info   ][gc,reloc    ] GC(65) y: Large Pages:                    0            0            0           0M           0M           0M 
[120.984s][info   ][gc,reloc    ] GC(65) y: Forwarding Usage: 0M
[120.984s][info   ][gc,reloc    ] GC(65) y: Age Table:
[120.984s][info   ][gc,reloc    ] GC(65) y:                    Live             Garbage             Small              Medium             Large        
[120.984s][info   ][gc,reloc    ] GC(65) y: Eden              63M (1%)         7556M (92%)       3810 / 12             0 / 0              0 / 0        
[120.984s][info   ][gc,reloc    ] GC(65) y: Survivor 1          -                66M (1%)          33 / 0              0 / 0              0 / 0        
[120.984s][info   ][gc,heap     ] GC(65) y: Min Capacity: 8192M(100%)
[120.984s][info   ][gc,heap     ] GC(65) y: Max Capacity: 8192M(100%)
[120.984s][info   ][gc,heap     ] GC(65) y: Soft Max Capacity: 8192M(100%)
[120.984s][info   ][gc,heap     ] GC(65) y: Heap Statistics:
[120.984s][info   ][gc,heap     ] GC(65) y:                Mark Start          Mark End        Relocate Start      Relocate End           High               Low         
[120.984s][info   ][gc,heap     ] GC(65) y:  Capacity:     8192M (100%)       8192M (100%)       8192M (100%)       8192M (100%)       8192M (100%)       8192M (100%)   
[120.984s][info   ][gc,heap     ] GC(65) y:      Free:      438M (5%)          380M (5%)         7966M (97%)        7990M (98%)        7990M (98%)         380M (5%)     
[120.984s][info   ][gc,heap     ] GC(65) y:      Used:     7754M (95%)        7812M (95%)         226M (3%)          202M (2%)         7812M (95%)         202M (2%)     
[120.984s][info   ][gc,heap     ] GC(65) y: Young Generation Statistics:
[120.984s][info   ][gc,heap     ] GC(65) y:                Mark Start          Mark End        Relocate Start      Relocate End    
[120.984s][info   ][gc,heap     ] GC(65) y:      Used:     7686M (94%)        7744M (95%)         158M (2%)          134M (2%)     
[120.984s][info   ][gc,heap     ] GC(65) y:      Live:         -                63M (1%)           63M (1%)           63M (1%)     
[120.984s][info   ][gc,heap     ] GC(65) y:   Garbage:         -              7622M (93%)          26M (0%)            1M (0%)     
[120.984s][info   ][gc,heap     ] GC(65) y: Allocated:         -                58M (1%)           68M (1%)           69M (1%)     
[120.985s][info   ][gc,heap     ] GC(65) y: Reclaimed:         -                  -              7596M (93%)        7621M (93%)    
[120.985s][info   ][gc,heap     ] GC(65) y:  Promoted:         -                  -                 0M (0%)            0M (0%)     
[120.985s][info   ][gc,heap     ] GC(65) y: Compacted:         -                  -                  -                 2M (0%)     
[120.985s][info   ][gc,phases   ] GC(65) y: Young Generation 7754M(95%)->202M(2%) 0.021s
[120.985s][info   ][gc          ] GC(65) Minor Collection (High Usage) 7754M(95%)->202M(2%) 0.022s
[121.572s][info   ][gc          ] GC(66) Major Collection (Proactive)
[121.572s][info   ][gc,task     ] GC(66) Using 1 Workers for Young Generation
[121.572s][info   ][gc,task     ] GC(66) Using 1 Workers for Old Generation
[121.572s][info   ][gc,phases   ] GC(66) Y: Young Generation
[121.572s][info   ][gc,phases   ] GC(66) Y: Pause Mark Start (Major) 0.009ms
[121.597s][info   ][gc,phases   ] GC(66) Y: Concurrent Mark 24.431ms
[121.597s][info   ][gc,phases   ] GC(66) Y: Pause Mark End 0.010ms
[121.597s][info   ][gc,phases   ] GC(66) Y: Concurrent Mark Free 0.000ms
[121.597s][info   ][gc,phases   ] GC(66) Y: Concurrent Reset Relocation Set 0.001ms
[121.598s][info   ][gc,reloc    ] GC(66) Y: Using tenuring threshold: 2 (Computed)
[121.598s][info   ][gc,phases   ] GC(66) Y: Concurrent Select Relocation Set 1.123ms
[121.598s][info   ][gc,phases   ] GC(66) Y: Pause Relocate Start 0.005ms
[121.598s][info   ][gc,phases   ] GC(66) Y: Concurrent Relocate 0.499ms
[121.598s][info   ][gc,alloc    ] GC(66) Y:                         Mark Start        Mark End      Relocate Start    Relocate End   
[121.598s][info   ][gc,alloc    ] GC(66) Y: Allocation Stalls:          0                0                0                0         
[121.598s][info   ][gc,load     ] GC(66) Y: Load: 1.00 (8%) / 1.13 (9%) / 1.37 (11%)
[121.598s][info   ][gc,mmu      ] GC(66) Y: MMU: 2ms/98.5%, 5ms/99.4%, 10ms/99.7%, 20ms/99.8%, 50ms/99.9%, 100ms/99.9%
[121.598s][info   ][gc,marking  ] GC(66) Y: Mark: 1 stripe(s), 2 proactive flush(es), 1 terminate flush(es), 0 completion(s), 0 continuation(s) 
[121.598s][info   ][gc,marking  ] GC(66) Y: Mark Stack Usage: 32M
[121.598s][info   ][gc,nmethod  ] GC(66) Y: NMethods: 385 registered, 108 unregistered
[121.598s][info   ][gc,metaspace] GC(66) Y: Metaspace: 0M used, 0M committed, 1088M reserved
[121.598s][info   ][gc,reloc    ] GC(66) Y:                        Candidates     Selected     In-Place         Size        Empty    Relocated 
[121.598s][info   ][gc,reloc    ] GC(66) Y: Small Pages:                  934          137            0        1868M        1526M           2M 
[121.598s][info   ][gc,reloc    ] GC(66) Y: Medium Pages:                   0            0            0           0M           0M           0M 
[121.598s][info   ][gc,reloc    ] GC(66) Y: Large Pages:                    0            0            0           0M           0M           0M 
[121.598s][info   ][gc,reloc    ] GC(66) Y: Forwarding Usage: 0M
[121.598s][info   ][gc,reloc    ] GC(66) Y: Age Table:
[121.598s][info   ][gc,reloc    ] GC(66) Y:                    Live             Garbage             Small              Medium             Large        
[121.598s][info   ][gc,reloc    ] GC(66) Y: Eden              64M (1%)         1737M (21%)        901 / 136            0 / 0              0 / 0        
[121.598s][info   ][gc,reloc    ] GC(66) Y: Survivor 1         0M (0%)           65M (1%)          33 / 1              0 / 0              0 / 0        
[121.598s][info   ][gc,heap     ] GC(66) Y: Min Capacity: 8192M(100%)
[121.598s][info   ][gc,heap     ] GC(66) Y: Max Capacity: 8192M(100%)
[121.598s][info   ][gc,heap     ] GC(66) Y: Soft Max Capacity: 8192M(100%)
[121.598s][info   ][gc,heap     ] GC(66) Y: Heap Statistics:
[121.598s][info   ][gc,heap     ] GC(66) Y:                Mark Start          Mark End        Relocate Start      Relocate End           High               Low         
[121.598s][info   ][gc,heap     ] GC(66) Y:  Capacity:     8192M (100%)       8192M (100%)       8192M (100%)       8192M (100%)       8192M (100%)       8192M (100%)   
[121.598s][info   ][gc,heap     ] GC(66) Y:      Free:     6256M (76%)        6176M (75%)        7702M (94%)        7974M (97%)        7974M (97%)        6176M (75%)    
[121.598s][info   ][gc,heap     ] GC(66) Y:      Used:     1936M (24%)        2016M (25%)         490M (6%)          218M (3%)         2016M (25%)         218M (3%)     
[121.598s][info   ][gc,heap     ] GC(66) Y: Young Generation Statistics:
[121.598s][info   ][gc,heap     ] GC(66) Y:                Mark Start          Mark End        Relocate Start      Relocate End    
[121.598s][info   ][gc,heap     ] GC(66) Y:      Used:     1868M (23%)        1948M (24%)         422M (5%)          150M (2%)     
[121.598s][info   ][gc,heap     ] GC(66) Y:      Live:         -                64M (1%)           64M (1%)           64M (1%)     
[121.598s][info   ][gc,heap     ] GC(66) Y:   Garbage:         -              1803M (22%)         277M (3%)            1M (0%)     
[121.598s][info   ][gc,heap     ] GC(66) Y: Allocated:         -                80M (1%)           80M (1%)           83M (1%)     
[121.598s][info   ][gc,heap     ] GC(66) Y: Reclaimed:         -                  -              1526M (19%)        1801M (22%)    
[121.598s][info   ][gc,heap     ] GC(66) Y:  Promoted:         -                  -                 0M (0%)            0M (0%)     
[121.598s][info   ][gc,heap     ] GC(66) Y: Compacted:         -                  -                  -                 2M (0%)     
[121.598s][info   ][gc,phases   ] GC(66) Y: Young Generation 1936M(24%)->218M(3%) 0.026s
[121.598s][info   ][gc,phases   ] GC(66) O: Old Generation
[121.619s][info   ][gc,phases   ] GC(66) O: Concurrent Mark 20.553ms
[121.619s][info   ][gc,phases   ] GC(66) O: Pause Mark End 0.010ms
[121.619s][info   ][gc,phases   ] GC(66) O: Concurrent Mark Free 0.000ms
[121.620s][info   ][gc,phases   ] GC(66) O: Concurrent Process Non-Strong 0.597ms
[121.620s][info   ][gc,phases   ] GC(66) O: Concurrent Reset Relocation Set 0.000ms
[121.621s][info   ][gc,phases   ] GC(66) O: Concurrent Select Relocation Set 0.912ms
[121.621s][info   ][gc,task     ] GC(66) O: Using 2 Workers for Old Generation
[121.624s][info   ][gc,task     ] GC(66) O: Using 1 Workers for Old Generation
[121.624s][info   ][gc,phases   ] GC(66) O: Concurrent Remap Roots 3.530ms
[121.624s][info   ][gc,phases   ] GC(66) O: Pause Relocate Start 0.005ms
[121.624s][info   ][gc,phases   ] GC(66) O: Concurrent Relocate 0.012ms
[121.624s][info   ][gc,alloc    ] GC(66) O:                         Mark Start        Mark End      Relocate Start    Relocate End   
[121.624s][info   ][gc,alloc    ] GC(66) O: Allocation Stalls:          0                0                0                0         
[121.624s][info   ][gc,load     ] GC(66) O: Load: 1.00 (8%) / 1.13 (9%) / 1.37 (11%)
[121.624s][info   ][gc,mmu      ] GC(66) O: MMU: 2ms/98.5%, 5ms/99.4%, 10ms/99.7%, 20ms/99.8%, 50ms/99.9%, 100ms/99.9%
[121.624s][info   ][gc,marking  ] GC(66) O: Mark: 1 stripe(s), 2 proactive flush(es), 1 terminate flush(es), 0 completion(s), 0 continuation(s) 
[121.624s][info   ][gc,marking  ] GC(66) O: Mark Stack Usage: 32M
[121.624s][info   ][gc,nmethod  ] GC(66) O: NMethods: 384 registered, 109 unregistered
[121.624s][info   ][gc,metaspace] GC(66) O: Metaspace: 0M used, 0M committed, 1088M reserved
[121.624s][info   ][gc,ref      ] GC(66) O:                       Encountered   Discovered     Enqueued 
[121.624s][info   ][gc,ref      ] GC(66) O: Soft References:               64            0            0 
[121.624s][info   ][gc,ref      ] GC(66) O: Weak References:              217          164            0 
[121.624s][info   ][gc,ref      ] GC(66) O: Final References:               0            0            0 
[121.624s][info   ][gc,ref      ] GC(66) O: Phantom References:             5            3            0 
[121.624s][info   ][gc,reloc    ] GC(66) O:                        Candidates     Selected     In-Place         Size        Empty    Relocated 
[121.624s][info   ][gc,reloc    ] GC(66) O: Small Pages:                   34            0            0          68M           0M           0M 
[121.624s][info   ][gc,reloc    ] GC(66) O: Medium Pages:                   0            0            0           0M           0M           0M 
[121.624s][info   ][gc,reloc    ] GC(66) O: Large Pages:                    0            0            0           0M           0M           0M 
[121.624s][info   ][gc,reloc    ] GC(66) O: Forwarding Usage: 0M
[121.624s][info   ][gc,heap     ] GC(66) O: Min Capacity: 8192M(100%)
[121.624s][info   ][gc,heap     ] GC(66) O: Max Capacity: 8192M(100%)
[121.624s][info   ][gc,heap     ] GC(66) O: Soft Max Capacity: 8192M(100%)
[121.624s][info   ][gc,heap     ] GC(66) O: Heap Statistics:
[121.624s][info   ][gc,heap     ] GC(66) O:                Mark Start          Mark End        Relocate Start      Relocate End           High               Low         
[121.624s][info   ][gc,heap     ] GC(66) O:  Capacity:     8192M (100%)       8192M (100%)       8192M (100%)       8192M (100%)       8192M (100%)       8192M (100%)   
[121.624s][info   ][gc,heap     ] GC(66) O:      Free:     6256M (76%)        7914M (97%)        7884M (96%)        7884M (96%)        7974M (97%)        6176M (75%)    
[121.624s][info   ][gc,heap     ] GC(66) O:      Used:     1936M (24%)         278M (3%)          308M (4%)          308M (4%)         2016M (25%)         218M (3%)     
[121.624s][info   ][gc,heap     ] GC(66) O: Old Generation Statistics:
[121.624s][info   ][gc,heap     ] GC(66) O:                Mark Start          Mark End        Relocate Start      Relocate End    
[121.624s][info   ][gc,heap     ] GC(66) O:      Used:       68M (1%)           68M (1%)           68M (1%)           68M (1%)     
[121.624s][info   ][gc,heap     ] GC(66) O:      Live:         -                64M (1%)           64M (1%)           64M (1%)     
[121.624s][info   ][gc,heap     ] GC(66) O:   Garbage:         -                 3M (0%)            3M (0%)            3M (0%)     
[121.624s][info   ][gc,heap     ] GC(66) O: Allocated:         -                 0M (0%)            0M (0%)            0M (0%)     
[121.624s][info   ][gc,heap     ] GC(66) O: Reclaimed:         -                  -                 0M (0%)            0M (0%)     
[121.624s][info   ][gc,heap     ] GC(66) O: Compacted:         -                  -                  -                 0M (0%)     
[121.624s][info   ][gc,phases   ] GC(66) O: Old Generation 218M(3%)->308M(4%) 0.026s
[121.624s][info   ][gc          ] GC(66) Major Collection (Proactive) 1936M(24%)->308M(4%) 0.052s
[124.135s][info   ][gc          ] GC(67) Minor Collection (High Usage)
[124.135s][info   ][gc,task     ] GC(67) Using 1 Workers for Young Generation
[124.135s][info   ][gc,phases   ] GC(67) y: Young Generation
[124.135s][info   ][gc,phases   ] GC(67) y: Pause Mark Start 0.028ms
[124.162s][info   ][gc,phases   ] GC(67) y: Concurrent Mark 26.587ms
[124.162s][info   ][gc,phases   ] GC(67) y: Pause Mark End 0.016ms
[124.162s][info   ][gc,phases   ] GC(67) y: Concurrent Mark Free 0.001ms
[124.162s][info   ][gc,phases   ] GC(67) y: Concurrent Reset Relocation Set 0.013ms
[124.163s][info   ][gc,reloc    ] GC(67) y: Using tenuring threshold: 3 (Computed)
[124.163s][info   ][gc,phases   ] GC(67) y: Concurrent Select Relocation Set 1.733ms
[124.164s][info   ][gc,phases   ] GC(67) y: Pause Relocate Start 0.008ms
[124.164s][info   ][gc,phases   ] GC(67) y: Concurrent Relocate 0.811ms
[124.164s][info   ][gc,alloc    ] GC(67) y:                         Mark Start        Mark End      Relocate Start    Relocate End   
[124.164s][info   ][gc,alloc    ] GC(67) y: Allocation Stalls:          0                0                0                0         
[124.164s][info   ][gc,load     ] GC(67) y: Load: 1.00 (8%) / 1.13 (9%) / 1.37 (11%)
[124.164s][info   ][gc,mmu      ] GC(67) y: MMU: 2ms/98.5%, 5ms/99.4%, 10ms/99.7%, 20ms/99.8%, 50ms/99.9%, 100ms/99.9%
[124.164s][info   ][gc,marking  ] GC(67) y: Mark: 1 stripe(s), 2 proactive flush(es), 1 terminate flush(es), 0 completion(s), 0 continuation(s) 
[124.164s][info   ][gc,marking  ] GC(67) y: Mark Stack Usage: 32M
[124.164s][info   ][gc,nmethod  ] GC(67) y: NMethods: 384 registered, 109 unregistered
[124.164s][info   ][gc,metaspace] GC(67) y: Metaspace: 0M used, 0M committed, 1088M reserved
[124.164s][info   ][gc,reloc    ] GC(67) y:                        Candidates     Selected     In-Place         Size        Empty    Relocated 
[124.164s][info   ][gc,reloc    ] GC(67) y: Small Pages:                 3849            6            0        7698M        7618M           3M 
[124.164s][info   ][gc,reloc    ] GC(67) y: Medium Pages:                   0            0            0           0M           0M           0M 
[124.164s][info   ][gc,reloc    ] GC(67) y: Large Pages:                    0            0            0           0M           0M           0M 
[124.164s][info   ][gc,reloc    ] GC(67) y: Forwarding Usage: 0M
[124.164s][info   ][gc,reloc    ] GC(67) y: Age Table:
[124.164s][info   ][gc,reloc    ] GC(67) y:                    Live             Garbage             Small              Medium             Large        
[124.164s][info   ][gc,reloc    ] GC(67) y: Eden              63M (1%)         7564M (92%)       3814 / 6              0 / 0              0 / 0        
[124.164s][info   ][gc,reloc    ] GC(67) y: Survivor 1         1M (0%)           66M (1%)          34 / 0              0 / 0              0 / 0        
[124.164s][info   ][gc,reloc    ] GC(67) y: Survivor 2         0M (0%)            1M (0%)           1 / 0              0 / 0              0 / 0        
[124.164s][info   ][gc,heap     ] GC(67) y: Min Capacity: 8192M(100%)
[124.164s][info   ][gc,heap     ] GC(67) y: Max Capacity: 8192M(100%)
[124.164s][info   ][gc,heap     ] GC(67) y: Soft Max Capacity: 8192M(100%)
[124.164s][info   ][gc,heap     ] GC(67) y: Heap Statistics:
[124.165s][info   ][gc,heap     ] GC(67) y:                Mark Start          Mark End        Relocate Start      Relocate End           High               Low         
[124.165s][info   ][gc,heap     ] GC(67) y:  Capacity:     8192M (100%)       8192M (100%)       8192M (100%)       8192M (100%)       8192M (100%)       8192M (100%)   
[124.165s][info   ][gc,heap     ] GC(67) y:      Free:      426M (5%)          356M (4%)         7960M (97%)        7964M (97%)        7964M (97%)         356M (4%)     
[124.165s][info   ][gc,heap     ] GC(67) y:      Used:     7766M (95%)        7836M (96%)         232M (3%)          228M (3%)         7836M (96%)         228M (3%)     
[124.165s][info   ][gc,heap     ] GC(67) y: Young Generation Statistics:
[124.165s][info   ][gc,heap     ] GC(67) y:                Mark Start          Mark End        Relocate Start      Relocate End    
[124.165s][info   ][gc,heap     ] GC(67) y:      Used:     7698M (94%)        7768M (95%)         164M (2%)          160M (2%)     
[124.165s][info   ][gc,heap     ] GC(67) y:      Live:         -                64M (1%)           64M (1%)           64M (1%)     
[124.165s][info   ][gc,heap     ] GC(67) y:   Garbage:         -              7633M (93%)          15M (0%)            2M (0%)     
[124.165s][info   ][gc,heap     ] GC(67) y: Allocated:         -                70M (1%)           84M (1%)           92M (1%)     
[124.165s][info   ][gc,heap     ] GC(67) y: Reclaimed:         -                  -              7618M (93%)        7630M (93%)    
[124.165s][info   ][gc,heap     ] GC(67) y:  Promoted:         -                  -                 0M (0%)            0M (0%)     
[124.165s][info   ][gc,heap     ] GC(67) y: Compacted:         -                  -                  -                 5M (0%)     
[124.165s][info   ][gc,phases   ] GC(67) y: Young Generation 7766M(95%)->228M(3%) 0.030s
[124.165s][info   ][gc          ] GC(67) Minor Collection (High Usage) 7766M(95%)->230M(3%) 0.030s
[125.161s][info   ][gc          ] GC(68) Major Collection (Proactive)
[125.161s][info   ][gc,task     ] GC(68) Using 1 Workers for Young Generation
[125.161s][info   ][gc,task     ] GC(68) Using 1 Workers for Old Generation
[125.161s][info   ][gc,phases   ] GC(68) Y: Young Generation
[125.162s][info   ][gc,phases   ] GC(68) Y: Pause Mark Start (Major) 0.012ms
[125.181s][info   ][gc,phases   ] GC(68) Y: Concurrent Mark 19.188ms
[125.181s][info   ][gc,phases   ] GC(68) Y: Pause Mark End 0.011ms
[125.181s][info   ][gc,phases   ] GC(68) Y: Concurrent Mark Free 0.000ms
[125.181s][info   ][gc,phases   ] GC(68) Y: Concurrent Reset Relocation Set 0.001ms
[125.182s][info   ][gc,reloc    ] GC(68) Y: Using tenuring threshold: 4 (Computed)
[125.182s][info   ][gc,phases   ] GC(68) Y: Concurrent Select Relocation Set 1.171ms
[125.182s][info   ][gc,phases   ] GC(68) Y: Pause Relocate Start 0.004ms
[125.183s][info   ][gc,phases   ] GC(68) Y: Concurrent Relocate 0.786ms
[125.183s][info   ][gc,alloc    ] GC(68) Y:                         Mark Start        Mark End      Relocate Start    Relocate End   
[125.183s][info   ][gc,alloc    ] GC(68) Y: Allocation Stalls:          0                0                0                0         
[125.183s][info   ][gc,load     ] GC(68) Y: Load: 1.00 (8%) / 1.13 (9%) / 1.37 (11%)
[125.183s][info   ][gc,mmu      ] GC(68) Y: MMU: 2ms/98.5%, 5ms/99.4%, 10ms/99.7%, 20ms/99.8%, 50ms/99.9%, 100ms/99.9%
[125.183s][info   ][gc,marking  ] GC(68) Y: Mark: 1 stripe(s), 2 proactive flush(es), 1 terminate flush(es), 0 completion(s), 0 continuation(s) 
[125.183s][info   ][gc,marking  ] GC(68) Y: Mark Stack Usage: 32M
[125.183s][info   ][gc,nmethod  ] GC(68) Y: NMethods: 384 registered, 109 unregistered
[125.183s][info   ][gc,metaspace] GC(68) Y: Metaspace: 0M used, 0M committed, 1088M reserved
[125.183s][info   ][gc,reloc    ] GC(68) Y:                        Candidates     Selected     In-Place         Size        Empty    Relocated 
[125.183s][info   ][gc,reloc    ] GC(68) Y: Small Pages:                 1556            5            0        3112M        3036M           3M 
[125.183s][info   ][gc,reloc    ] GC(68) Y: Medium Pages:                   0            0            0           0M           0M           0M 
[125.183s][info   ][gc,reloc    ] GC(68) Y: Large Pages:                    0            0            0           0M           0M           0M 
[125.183s][info   ][gc,reloc    ] GC(68) Y: Forwarding Usage: 0M
[125.183s][info   ][gc,reloc    ] GC(68) Y: Age Table:
[125.183s][info   ][gc,reloc    ] GC(68) Y:                    Live             Garbage             Small              Medium             Large        
[125.183s][info   ][gc,reloc    ] GC(68) Y: Eden              63M (1%)         2978M (36%)       1521 / 4              0 / 0              0 / 0        
[125.183s][info   ][gc,reloc    ] GC(68) Y: Survivor 1          -                66M (1%)          33 / 0              0 / 0              0 / 0        
[125.183s][info   ][gc,reloc    ] GC(68) Y: Survivor 2         1M (0%)            0M (0%)           1 / 1              0 / 0              0 / 0        
[125.183s][info   ][gc,reloc    ] GC(68) Y: Survivor 3         0M (0%)            1M (0%)           1 / 0              0 / 0              0 / 0        
[125.183s][info   ][gc,heap     ] GC(68) Y: Min Capacity: 8192M(100%)
[125.183s][info   ][gc,heap     ] GC(68) Y: Max Capacity: 8192M(100%)
[125.183s][info   ][gc,heap     ] GC(68) Y: Soft Max Capacity: 8192M(100%)
[125.183s][info   ][gc,heap     ] GC(68) Y: Heap Statistics:
[125.183s][info   ][gc,heap     ] GC(68) Y:                Mark Start          Mark End        Relocate Start      Relocate End           High               Low         
[125.183s][info   ][gc,heap     ] GC(68) Y:  Capacity:     8192M (100%)       8192M (100%)       8192M (100%)       8192M (100%)       8192M (100%)       8192M (100%)   
[125.183s][info   ][gc,heap     ] GC(68) Y:      Free:     5012M (61%)        4952M (60%)        7982M (97%)        7980M (97%)        7984M (97%)        4952M (60%)    
[125.183s][info   ][gc,heap     ] GC(68) Y:      Used:     3180M (39%)        3240M (40%)         210M (3%)          212M (3%)         3240M (40%)         208M (3%)     
[125.183s][info   ][gc,heap     ] GC(68) Y: Young Generation Statistics:
[125.183s][info   ][gc,heap     ] GC(68) Y:                Mark Start          Mark End        Relocate Start      Relocate End    
[125.183s][info   ][gc,heap     ] GC(68) Y:      Used:     3112M (38%)        3172M (39%)         142M (2%)          144M (2%)     
[125.183s][info   ][gc,heap     ] GC(68) Y:      Live:         -                64M (1%)           64M (1%)           64M (1%)     
[125.183s][info   ][gc,heap     ] GC(68) Y:   Garbage:         -              3047M (37%)          11M (0%)            0M (0%)     
[125.183s][info   ][gc,heap     ] GC(68) Y: Allocated:         -                60M (1%)           66M (1%)           78M (1%)     
[125.183s][info   ][gc,heap     ] GC(68) Y: Reclaimed:         -                  -              3036M (37%)        3046M (37%)    
[125.183s][info   ][gc,heap     ] GC(68) Y:  Promoted:         -                  -                 0M (0%)            0M (0%)     
[125.183s][info   ][gc,heap     ] GC(68) Y: Compacted:         -                  -                  -                 5M (0%)     
[125.183s][info   ][gc,phases   ] GC(68) Y: Young Generation 3180M(39%)->212M(3%) 0.021s
[125.183s][info   ][gc,phases   ] GC(68) O: Old Generation
[125.206s][info   ][gc,phases   ] GC(68) O: Concurrent Mark 23.155ms
[125.206s][info   ][gc,phases   ] GC(68) O: Pause Mark End 0.009ms
[125.206s][info   ][gc,phases   ] GC(68) O: Concurrent Mark Free 0.000ms
[125.207s][info   ][gc,phases   ] GC(68) O: Concurrent Process Non-Strong 0.529ms
[125.207s][info   ][gc,phases   ] GC(68) O: Concurrent Reset Relocation Set 0.000ms
[125.208s][info   ][gc,phases   ] GC(68) O: Concurrent Select Relocation Set 0.885ms
[125.208s][info   ][gc,task     ] GC(68) O: Using 2 Workers for Old Generation
[125.211s][info   ][gc,task     ] GC(68) O: Using 1 Workers for Old Generation
[125.211s][info   ][gc,phases   ] GC(68) O: Concurrent Remap Roots 2.857ms
[125.211s][info   ][gc,phases   ] GC(68) O: Pause Relocate Start 0.004ms
[125.211s][info   ][gc,phases   ] GC(68) O: Concurrent Relocate 0.017ms
[125.211s][info   ][gc,alloc    ] GC(68) O:                         Mark Start        Mark End      Relocate Start    Relocate End   
[125.211s][info   ][gc,alloc    ] GC(68) O: Allocation Stalls:          0                0                0                0         
[125.211s][info   ][gc,load     ] GC(68) O: Load: 1.00 (8%) / 1.13 (9%) / 1.37 (11%)
[125.211s][info   ][gc,mmu      ] GC(68) O: MMU: 2ms/98.5%, 5ms/99.4%, 10ms/99.7%, 20ms/99.8%, 50ms/99.9%, 100ms/99.9%
[125.211s][info   ][gc,marking  ] GC(68) O: Mark: 1 stripe(s), 2 proactive flush(es), 1 terminate flush(es), 0 completion(s), 0 continuation(s) 
[125.211s][info   ][gc,marking  ] GC(68) O: Mark Stack Usage: 32M
[125.211s][info   ][gc,nmethod  ] GC(68) O: NMethods: 383 registered, 110 unregistered
[125.211s][info   ][gc,metaspace] GC(68) O: Metaspace: 0M used, 0M committed, 1088M reserved
[125.211s][info   ][gc,ref      ] GC(68) O:                       Encountered   Discovered     Enqueued 
[125.211s][info   ][gc,ref      ] GC(68) O: Soft References:               64            0            0 
[125.211s][info   ][gc,ref      ] GC(68) O: Weak References:              217          164            0 
[125.211s][info   ][gc,ref      ] GC(68) O: Final References:               0            0            0 
[125.211s][info   ][gc,ref      ] GC(68) O: Phantom References:             5            3            0 
[125.211s][info   ][gc,reloc    ] GC(68) O:                        Candidates     Selected     In-Place         Size        Empty    Relocated 
[125.211s][info   ][gc,reloc    ] GC(68) O: Small Pages:                   34            0            0          68M           0M           0M 
[125.211s][info   ][gc,reloc    ] GC(68) O: Medium Pages:                   0            0            0           0M           0M           0M 
[125.211s][info   ][gc,reloc    ] GC(68) O: Large Pages:                    0            0            0           0M           0M           0M 
[125.211s][info   ][gc,reloc    ] GC(68) O: Forwarding Usage: 0M
[125.211s][info   ][gc,heap     ] GC(68) O: Min Capacity: 8192M(100%)
[125.211s][info   ][gc,heap     ] GC(68) O: Max Capacity: 8192M(100%)
[125.211s][info   ][gc,heap     ] GC(68) O: Soft Max Capacity: 8192M(100%)
[125.211s][info   ][gc,heap     ] GC(68) O: Heap Statistics:
[125.211s][info   ][gc,heap     ] GC(68) O:                Mark Start          Mark End        Relocate Start      Relocate End           High               Low         
[125.211s][info   ][gc,heap     ] GC(68) O:  Capacity:     8192M (100%)       8192M (100%)       8192M (100%)       8192M (100%)       8192M (100%)       8192M (100%)   
[125.211s][info   ][gc,heap     ] GC(68) O:      Free:     5012M (61%)        7904M (96%)        7904M (96%)        7904M (96%)        7984M (97%)        4952M (60%)    
[125.211s][info   ][gc,heap     ] GC(68) O:      Used:     3180M (39%)         288M (4%)          288M (4%)          288M (4%)         3240M (40%)         208M (3%)     
[125.211s][info   ][gc,heap     ] GC(68) O: Old Generation Statistics:
[125.211s][info   ][gc,heap     ] GC(68) O:                Mark Start          Mark End        Relocate Start      Relocate End    
[125.211s][info   ][gc,heap     ] GC(68) O:      Used:       68M (1%)           68M (1%)           68M (1%)           68M (1%)     
[125.211s][info   ][gc,heap     ] GC(68) O:      Live:         -                64M (1%)           64M (1%)           64M (1%)     
[125.211s][info   ][gc,heap     ] GC(68) O:   Garbage:         -                 3M (0%)            3M (0%)            3M (0%)     
[125.211s][info   ][gc,heap     ] GC(68) O: Allocated:         -                 0M (0%)            0M (0%)            0M (0%)     
[125.211s][info   ][gc,heap     ] GC(68) O: Reclaimed:         -                  -                 0M (0%)            0M (0%)     
[125.211s][info   ][gc,heap     ] GC(68) O: Compacted:         -                  -                  -                 0M (0%)     
[125.211s][info   ][gc,phases   ] GC(68) O: Old Generation 212M(3%)->288M(4%) 0.028s
[125.211s][info   ][gc          ] GC(68) Major Collection (Proactive) 3180M(39%)->288M(4%) 0.049s
[127.725s][info   ][gc          ] GC(69) Minor Collection (High Usage)
[127.725s][info   ][gc,task     ] GC(69) Using 1 Workers for Young Generation
[127.725s][info   ][gc,phases   ] GC(69) y: Young Generation
[127.725s][info   ][gc,phases   ] GC(69) y: Pause Mark Start 0.008ms
[127.737s][info   ][gc,phases   ] GC(69) y: Concurrent Mark 12.094ms
[127.737s][info   ][gc,phases   ] GC(69) y: Pause Mark End 0.007ms
[127.737s][info   ][gc,phases   ] GC(69) y: Concurrent Mark Free 0.000ms
[127.737s][info   ][gc,phases   ] GC(69) y: Concurrent Reset Relocation Set 0.001ms
[127.738s][info   ][gc,reloc    ] GC(69) y: Using tenuring threshold: 5 (Computed)
[127.738s][info   ][gc,phases   ] GC(69) y: Concurrent Select Relocation Set 1.184ms
[127.738s][info   ][gc,phases   ] GC(69) y: Pause Relocate Start 0.003ms
[127.739s][info   ][gc,phases   ] GC(69) y: Concurrent Relocate 0.564ms
[127.739s][info   ][gc,alloc    ] GC(69) y:                         Mark Start        Mark End      Relocate Start    Relocate End   
[127.739s][info   ][gc,alloc    ] GC(69) y: Allocation Stalls:          0                0                0                0         
[127.739s][info   ][gc,load     ] GC(69) y: Load: 1.00 (8%) / 1.13 (9%) / 1.37 (11%)
[127.739s][info   ][gc,mmu      ] GC(69) y: MMU: 2ms/98.5%, 5ms/99.4%, 10ms/99.7%, 20ms/99.8%, 50ms/99.9%, 100ms/99.9%
[127.739s][info   ][gc,marking  ] GC(69) y: Mark: 1 stripe(s), 2 proactive flush(es), 1 terminate flush(es), 0 completion(s), 0 continuation(s) 
[127.739s][info   ][gc,marking  ] GC(69) y: Mark Stack Usage: 32M
[127.739s][info   ][gc,nmethod  ] GC(69) y: NMethods: 383 registered, 110 unregistered
[127.739s][info   ][gc,metaspace] GC(69) y: Metaspace: 0M used, 0M committed, 1088M reserved
[127.739s][info   ][gc,reloc    ] GC(69) y:                        Candidates     Selected     In-Place         Size        Empty    Relocated 
[127.739s][info   ][gc,reloc    ] GC(69) y: Small Pages:                 3857            5            0        7714M        7638M           3M 
[127.739s][info   ][gc,reloc    ] GC(69) y: Medium Pages:                   0            0            0           0M           0M           0M 
[127.739s][info   ][gc,reloc    ] GC(69) y: Large Pages:                    0            0            0           0M           0M           0M 
[127.739s][info   ][gc,reloc    ] GC(69) y: Forwarding Usage: 0M
[127.739s][info   ][gc,reloc    ] GC(69) y: Age Table:
[127.739s][info   ][gc,reloc    ] GC(69) y:                    Live             Garbage             Small              Medium             Large        
[127.739s][info   ][gc,reloc    ] GC(69) y: Eden              63M (1%)         7580M (93%)       3822 / 4              0 / 0              0 / 0        
[127.739s][info   ][gc,reloc    ] GC(69) y: Survivor 1          -                66M (1%)          33 / 0              0 / 0              0 / 0        
[127.739s][info   ][gc,reloc    ] GC(69) y: Survivor 2          -                 0M (0%)           0 / 0              0 / 0              0 / 0        
[127.739s][info   ][gc,reloc    ] GC(69) y: Survivor 3         1M (0%)            0M (0%)           1 / 1              0 / 0              0 / 0        
[127.739s][info   ][gc,reloc    ] GC(69) y: Survivor 4         0M (0%)            1M (0%)           1 / 0              0 / 0              0 / 0        
[127.739s][info   ][gc,heap     ] GC(69) y: Min Capacity: 8192M(100%)
[127.739s][info   ][gc,heap     ] GC(69) y: Max Capacity: 8192M(100%)
[127.739s][info   ][gc,heap     ] GC(69) y: Soft Max Capacity: 8192M(100%)
[127.739s][info   ][gc,heap     ] GC(69) y: Heap Statistics:
[127.739s][info   ][gc,heap     ] GC(69) y:                Mark Start          Mark End        Relocate Start      Relocate End           High               Low         
[127.739s][info   ][gc,heap     ] GC(69) y:  Capacity:     8192M (100%)       8192M (100%)       8192M (100%)       8192M (100%)       8192M (100%)       8192M (100%)   
[127.739s][info   ][gc,heap     ] GC(69) y:      Free:      410M (5%)          378M (5%)         8016M (98%)        8024M (98%)        8024M (98%)         378M (5%)     
[127.739s][info   ][gc,heap     ] GC(69) y:      Used:     7782M (95%)        7814M (95%)         176M (2%)          168M (2%)         7814M (95%)         168M (2%)     
[127.739s][info   ][gc,heap     ] GC(69) y: Young Generation Statistics:
[127.739s][info   ][gc,heap     ] GC(69) y:                Mark Start          Mark End        Relocate Start      Relocate End    
[127.739s][info   ][gc,heap     ] GC(69) y:      Used:     7714M (94%)        7746M (95%)         108M (1%)          100M (1%)     
[127.739s][info   ][gc,heap     ] GC(69) y:      Live:         -                64M (1%)           64M (1%)           64M (1%)     
[127.739s][info   ][gc,heap     ] GC(69) y:   Garbage:         -              7649M (93%)          11M (0%)            0M (0%)     
[127.739s][info   ][gc,heap     ] GC(69) y: Allocated:         -                32M (0%)           32M (0%)           34M (0%)     
[127.739s][info   ][gc,heap     ] GC(69) y: Reclaimed:         -                  -              7638M (93%)        7648M (93%)    
[127.739s][info   ][gc,heap     ] GC(69) y:  Promoted:         -                  -                 0M (0%)            0M (0%)     
[127.739s][info   ][gc,heap     ] GC(69) y: Compacted:         -                  -                  -                 5M (0%)     
[127.739s][info   ][gc,phases   ] GC(69) y: Young Generation 7782M(95%)->168M(2%) 0.014s
[127.739s][info   ][gc          ] GC(69) Minor Collection (High Usage) 7782M(95%)->168M(2%) 0.014s
[128.457s][info   ][gc          ] GC(70) Major Collection (Proactive)
[128.457s][info   ][gc,task     ] GC(70) Using 1 Workers for Young Generation
[128.457s][info   ][gc,task     ] GC(70) Using 1 Workers for Old Generation
[128.457s][info   ][gc,phases   ] GC(70) Y: Young Generation
[128.457s][info   ][gc,phases   ] GC(70) Y: Pause Mark Start (Major) 0.012ms
[128.487s][info   ][gc,phases   ] GC(70) Y: Concurrent Mark 29.277ms
[128.487s][info   ][gc,phases   ] GC(70) Y: Pause Mark End 0.013ms
[128.487s][info   ][gc,phases   ] GC(70) Y: Concurrent Mark Free 0.000ms
[128.487s][info   ][gc,phases   ] GC(70) Y: Concurrent Reset Relocation Set 0.001ms
[128.488s][info   ][gc,reloc    ] GC(70) Y: Using tenuring threshold: 6 (Computed)
[128.488s][info   ][gc,phases   ] GC(70) Y: Concurrent Select Relocation Set 1.128ms
[128.488s][info   ][gc,phases   ] GC(70) Y: Pause Relocate Start 0.004ms
[128.488s][info   ][gc,phases   ] GC(70) Y: Concurrent Relocate 0.451ms
[128.488s][info   ][gc,alloc    ] GC(70) Y:                         Mark Start        Mark End      Relocate Start    Relocate End   
[128.488s][info   ][gc,alloc    ] GC(70) Y: Allocation Stalls:          0                0                0                0         
[128.488s][info   ][gc,load     ] GC(70) Y: Load: 1.00 (8%) / 1.13 (9%) / 1.37 (11%)
[128.488s][info   ][gc,mmu      ] GC(70) Y: MMU: 2ms/98.5%, 5ms/99.4%, 10ms/99.7%, 20ms/99.8%, 50ms/99.9%, 100ms/99.9%
[128.488s][info   ][gc,marking  ] GC(70) Y: Mark: 1 stripe(s), 2 proactive flush(es), 1 terminate flush(es), 0 completion(s), 0 continuation(s) 
[128.488s][info   ][gc,marking  ] GC(70) Y: Mark Stack Usage: 32M
[128.488s][info   ][gc,nmethod  ] GC(70) Y: NMethods: 383 registered, 110 unregistered
[128.488s][info   ][gc,metaspace] GC(70) Y: Metaspace: 0M used, 0M committed, 1088M reserved
[128.488s][info   ][gc,reloc    ] GC(70) Y:                        Candidates     Selected     In-Place         Size        Empty    Relocated 
[128.488s][info   ][gc,reloc    ] GC(70) Y: Small Pages:                 1120            4            0        2240M        2164M           2M 
[128.488s][info   ][gc,reloc    ] GC(70) Y: Medium Pages:                   0            0            0           0M           0M           0M 
[128.488s][info   ][gc,reloc    ] GC(70) Y: Large Pages:                    0            0            0           0M           0M           0M 
[128.488s][info   ][gc,reloc    ] GC(70) Y: Forwarding Usage: 0M
[128.488s][info   ][gc,reloc    ] GC(70) Y: Age Table:
[128.488s][info   ][gc,reloc    ] GC(70) Y:                    Live             Garbage             Small              Medium             Large        
[128.488s][info   ][gc,reloc    ] GC(70) Y: Eden              63M (1%)         2108M (26%)       1086 / 4              0 / 0              0 / 0        
[128.488s][info   ][gc,reloc    ] GC(70) Y: Survivor 1          -                64M (1%)          32 / 0              0 / 0              0 / 0        
[128.488s][info   ][gc,reloc    ] GC(70) Y: Survivor 2          -                 0M (0%)           0 / 0              0 / 0              0 / 0        
[128.488s][info   ][gc,reloc    ] GC(70) Y: Survivor 3          -                 0M (0%)           0 / 0              0 / 0              0 / 0        
[128.488s][info   ][gc,reloc    ] GC(70) Y: Survivor 4         1M (0%)            0M (0%)           1 / 0              0 / 0              0 / 0        
[128.488s][info   ][gc,reloc    ] GC(70) Y: Survivor 5         0M (0%)            1M (0%)           1 / 0              0 / 0              0 / 0        
[128.488s][info   ][gc,heap     ] GC(70) Y: Min Capacity: 8192M(100%)
[128.488s][info   ][gc,heap     ] GC(70) Y: Max Capacity: 8192M(100%)
[128.488s][info   ][gc,heap     ] GC(70) Y: Soft Max Capacity: 8192M(100%)
[128.488s][info   ][gc,heap     ] GC(70) Y: Heap Statistics:
[128.488s][info   ][gc,heap     ] GC(70) Y:                Mark Start          Mark End        Relocate Start      Relocate End           High               Low         
[128.488s][info   ][gc,heap     ] GC(70) Y:  Capacity:     8192M (100%)       8192M (100%)       8192M (100%)       8192M (100%)       8192M (100%)       8192M (100%)   
[128.488s][info   ][gc,heap     ] GC(70) Y:      Free:     5884M (72%)        5794M (71%)        7958M (97%)        7964M (97%)        7964M (97%)        5794M (71%)    
[128.488s][info   ][gc,heap     ] GC(70) Y:      Used:     2308M (28%)        2398M (29%)         234M (3%)          228M (3%)         2398M (29%)         228M (3%)     
[128.488s][info   ][gc,heap     ] GC(70) Y: Young Generation Statistics:
[128.488s][info   ][gc,heap     ] GC(70) Y:                Mark Start          Mark End        Relocate Start      Relocate End    
[128.488s][info   ][gc,heap     ] GC(70) Y:      Used:     2240M (27%)        2330M (28%)         166M (2%)          160M (2%)     
[128.488s][info   ][gc,heap     ] GC(70) Y:      Live:         -                64M (1%)           64M (1%)           64M (1%)     
[128.488s][info   ][gc,heap     ] GC(70) Y:   Garbage:         -              2175M (27%)          11M (0%)            2M (0%)     
[128.488s][info   ][gc,heap     ] GC(70) Y: Allocated:         -                90M (1%)           90M (1%)           92M (1%)     
[128.488s][info   ][gc,heap     ] GC(70) Y: Reclaimed:         -                  -              2164M (26%)        2172M (27%)    
[128.488s][info   ][gc,heap     ] GC(70) Y:  Promoted:         -                  -                 0M (0%)            0M (0%)     
[128.488s][info   ][gc,heap     ] GC(70) Y: Compacted:         -                  -                  -                 3M (0%)     
[128.488s][info   ][gc,phases   ] GC(70) Y: Young Generation 2308M(28%)->228M(3%) 0.031s
[128.488s][info   ][gc,phases   ] GC(70) O: Old Generation
[128.514s][info   ][gc,phases   ] GC(70) O: Concurrent Mark 25.883ms
[128.514s][info   ][gc,phases   ] GC(70) O: Pause Mark End 0.009ms
[128.514s][info   ][gc,phases   ] GC(70) O: Concurrent Mark Free 0.000ms
[128.515s][info   ][gc,phases   ] GC(70) O: Concurrent Process Non-Strong 0.561ms
[128.515s][info   ][gc,phases   ] GC(70) O: Concurrent Reset Relocation Set 0.000ms
[128.516s][info   ][gc,phases   ] GC(70) O: Concurrent Select Relocation Set 0.883ms
[128.516s][info   ][gc,task     ] GC(70) O: Using 2 Workers for Old Generation
[128.519s][info   ][gc,task     ] GC(70) O: Using 1 Workers for Old Generation
[128.519s][info   ][gc,phases   ] GC(70) O: Concurrent Remap Roots 2.931ms
[128.519s][info   ][gc,phases   ] GC(70) O: Pause Relocate Start 0.004ms
[128.519s][info   ][gc,phases   ] GC(70) O: Concurrent Relocate 0.009ms
[128.519s][info   ][gc,alloc    ] GC(70) O:                         Mark Start        Mark End      Relocate Start    Relocate End   
[128.519s][info   ][gc,alloc    ] GC(70) O: Allocation Stalls:          0                0                0                0         
[128.519s][info   ][gc,load     ] GC(70) O: Load: 1.00 (8%) / 1.13 (9%) / 1.37 (11%)
[128.519s][info   ][gc,mmu      ] GC(70) O: MMU: 2ms/98.5%, 5ms/99.4%, 10ms/99.7%, 20ms/99.8%, 50ms/99.9%, 100ms/99.9%
[128.519s][info   ][gc,marking  ] GC(70) O: Mark: 1 stripe(s), 2 proactive flush(es), 1 terminate flush(es), 0 completion(s), 0 continuation(s) 
[128.519s][info   ][gc,marking  ] GC(70) O: Mark Stack Usage: 32M
[128.519s][info   ][gc,nmethod  ] GC(70) O: NMethods: 383 registered, 110 unregistered
[128.519s][info   ][gc,metaspace] GC(70) O: Metaspace: 0M used, 0M committed, 1088M reserved
[128.519s][info   ][gc,ref      ] GC(70) O:                       Encountered   Discovered     Enqueued 
[128.519s][info   ][gc,ref      ] GC(70) O: Soft References:               64            0            0 
[128.519s][info   ][gc,ref      ] GC(70) O: Weak References:              217          164            0 
[128.519s][info   ][gc,ref      ] GC(70) O: Final References:               0            0            0 
[128.519s][info   ][gc,ref      ] GC(70) O: Phantom References:             5            3            0 
[128.519s][info   ][gc,reloc    ] GC(70) O:                        Candidates     Selected     In-Place         Size        Empty    Relocated 
[128.519s][info   ][gc,reloc    ] GC(70) O: Small Pages:                   34            0            0          68M           0M           0M 
[128.519s][info   ][gc,reloc    ] GC(70) O: Medium Pages:                   0            0            0           0M           0M           0M 
[128.519s][info   ][gc,reloc    ] GC(70) O: Large Pages:                    0            0            0           0M           0M           0M 
[128.519s][info   ][gc,reloc    ] GC(70) O: Forwarding Usage: 0M
[128.519s][info   ][gc,heap     ] GC(70) O: Min Capacity: 8192M(100%)
[128.519s][info   ][gc,heap     ] GC(70) O: Max Capacity: 8192M(100%)
[128.519s][info   ][gc,heap     ] GC(70) O: Soft Max Capacity: 8192M(100%)
[128.519s][info   ][gc,heap     ] GC(70) O: Heap Statistics:
[128.519s][info   ][gc,heap     ] GC(70) O:                Mark Start          Mark End        Relocate Start      Relocate End           High               Low         
[128.519s][info   ][gc,heap     ] GC(70) O:  Capacity:     8192M (100%)       8192M (100%)       8192M (100%)       8192M (100%)       8192M (100%)       8192M (100%)   
[128.519s][info   ][gc,heap     ] GC(70) O:      Free:     5884M (72%)        7874M (96%)        7874M (96%)        7874M (96%)        7964M (97%)        5794M (71%)    
[128.519s][info   ][gc,heap     ] GC(70) O:      Used:     2308M (28%)         318M (4%)          318M (4%)          318M (4%)         2398M (29%)         228M (3%)     
[128.519s][info   ][gc,heap     ] GC(70) O: Old Generation Statistics:
[128.519s][info   ][gc,heap     ] GC(70) O:                Mark Start          Mark End        Relocate Start      Relocate End    
[128.519s][info   ][gc,heap     ] GC(70) O:      Used:       68M (1%)           68M (1%)           68M (1%)           68M (1%)     
[128.519s][info   ][gc,heap     ] GC(70) O:      Live:         -                64M (1%)           64M (1%)           64M (1%)     
[128.519s][info   ][gc,heap     ] GC(70) O:   Garbage:         -                 3M (0%)            3M (0%)            3M (0%)     
[128.519s][info   ][gc,heap     ] GC(70) O: Allocated:         -                 0M (0%)            0M (0%)            0M (0%)     
[128.519s][info   ][gc,heap     ] GC(70) O: Reclaimed:         -                  -                 0M (0%)            0M (0%)     
[128.519s][info   ][gc,heap     ] GC(70) O: Compacted:         -                  -                  -                 0M (0%)     
[128.519s][info   ][gc,phases   ] GC(70) O: Old Generation 228M(3%)->318M(4%) 0.030s
[128.519s][info   ][gc          ] GC(70) Major Collection (Proactive) 2308M(28%)->318M(4%) 0.062s
[131.016s][info   ][gc          ] GC(71) Minor Collection (High Usage)
[131.017s][info   ][gc,task     ] GC(71) Using 1 Workers for Young Generation
[131.017s][info   ][gc,phases   ] GC(71) y: Young Generation
[131.017s][info   ][gc,phases   ] GC(71) y: Pause Mark Start 0.006ms
[131.034s][info   ][gc,phases   ] GC(71) y: Concurrent Mark 17.412ms
[131.034s][info   ][gc,phases   ] GC(71) y: Pause Mark End 0.010ms
[131.034s][info   ][gc,phases   ] GC(71) y: Concurrent Mark Free 0.001ms
[131.034s][info   ][gc,phases   ] GC(71) y: Concurrent Reset Relocation Set 0.001ms
[131.036s][info   ][gc,reloc    ] GC(71) y: Using tenuring threshold: 7 (Computed)
[131.036s][info   ][gc,phases   ] GC(71) y: Concurrent Select Relocation Set 1.794ms
[131.036s][info   ][gc,phases   ] GC(71) y: Pause Relocate Start 0.004ms
[131.036s][info   ][gc,phases   ] GC(71) y: Concurrent Relocate 0.453ms
[131.036s][info   ][gc,alloc    ] GC(71) y:                         Mark Start        Mark End      Relocate Start    Relocate End   
[131.036s][info   ][gc,alloc    ] GC(71) y: Allocation Stalls:          0                0                0                0         
[131.036s][info   ][gc,load     ] GC(71) y: Load: 1.40 (12%) / 1.21 (10%) / 1.40 (12%)
[131.036s][info   ][gc,mmu      ] GC(71) y: MMU: 2ms/98.5%, 5ms/99.4%, 10ms/99.7%, 20ms/99.8%, 50ms/99.9%, 100ms/99.9%
[131.036s][info   ][gc,marking  ] GC(71) y: Mark: 1 stripe(s), 1 proactive flush(es), 1 terminate flush(es), 0 completion(s), 0 continuation(s) 
[131.036s][info   ][gc,marking  ] GC(71) y: Mark Stack Usage: 32M
[131.036s][info   ][gc,nmethod  ] GC(71) y: NMethods: 383 registered, 110 unregistered
[131.036s][info   ][gc,metaspace] GC(71) y: Metaspace: 0M used, 0M committed, 1088M reserved
[131.036s][info   ][gc,reloc    ] GC(71) y:                        Candidates     Selected     In-Place         Size        Empty    Relocated 
[131.036s][info   ][gc,reloc    ] GC(71) y: Small Pages:                 3842            4            0        7684M        7608M           2M 
[131.036s][info   ][gc,reloc    ] GC(71) y: Medium Pages:                   0            0            0           0M           0M           0M 
[131.036s][info   ][gc,reloc    ] GC(71) y: Large Pages:                    0            0            0           0M           0M           0M 
[131.036s][info   ][gc,reloc    ] GC(71) y: Forwarding Usage: 0M
[131.036s][info   ][gc,reloc    ] GC(71) y: Age Table:
[131.036s][info   ][gc,reloc    ] GC(71) y:                    Live             Garbage             Small              Medium             Large        
[131.036s][info   ][gc,reloc    ] GC(71) y: Eden              63M (1%)         7550M (92%)       3807 / 4              0 / 0              0 / 0        
[131.036s][info   ][gc,reloc    ] GC(71) y: Survivor 1          -                66M (1%)          33 / 0              0 / 0              0 / 0        
[131.036s][info   ][gc,reloc    ] GC(71) y: Survivor 2          -                 0M (0%)           0 / 0              0 / 0              0 / 0        
[131.036s][info   ][gc,reloc    ] GC(71) y: Survivor 3          -                 0M (0%)           0 / 0              0 / 0              0 / 0        
[131.036s][info   ][gc,reloc    ] GC(71) y: Survivor 4          -                 0M (0%)           0 / 0              0 / 0              0 / 0        
[131.036s][info   ][gc,reloc    ] GC(71) y: Survivor 5         1M (0%)            0M (0%)           1 / 0              0 / 0              0 / 0        
[131.036s][info   ][gc,reloc    ] GC(71) y: Survivor 6         0M (0%)            1M (0%)           1 / 0              0 / 0              0 / 0        
[131.036s][info   ][gc,heap     ] GC(71) y: Min Capacity: 8192M(100%)
[131.036s][info   ][gc,heap     ] GC(71) y: Max Capacity: 8192M(100%)
[131.036s][info   ][gc,heap     ] GC(71) y: Soft Max Capacity: 8192M(100%)
[131.036s][info   ][gc,heap     ] GC(71) y: Heap Statistics:
[131.036s][info   ][gc,heap     ] GC(71) y:                Mark Start          Mark End        Relocate Start      Relocate End           High               Low         
[131.036s][info   ][gc,heap     ] GC(71) y:  Capacity:     8192M (100%)       8192M (100%)       8192M (100%)       8192M (100%)       8192M (100%)       8192M (100%)   
[131.036s][info   ][gc,heap     ] GC(71) y:      Free:      440M (5%)          382M (5%)         7988M (98%)        7994M (98%)        7994M (98%)         380M (5%)     
[131.037s][info   ][gc,heap     ] GC(71) y:      Used:     7752M (95%)        7810M (95%)         204M (2%)          198M (2%)         7812M (95%)         198M (2%)     
[131.037s][info   ][gc,heap     ] GC(71) y: Young Generation Statistics:
[131.037s][info   ][gc,heap     ] GC(71) y:                Mark Start          Mark End        Relocate Start      Relocate End    
[131.037s][info   ][gc,heap     ] GC(71) y:      Used:     7684M (94%)        7742M (95%)         136M (2%)          130M (2%)     
[131.037s][info   ][gc,heap     ] GC(71) y:      Live:         -                64M (1%)           64M (1%)           64M (1%)     
[131.037s][info   ][gc,heap     ] GC(71) y:   Garbage:         -              7619M (93%)          11M (0%)            2M (0%)     
[131.037s][info   ][gc,heap     ] GC(71) y: Allocated:         -                58M (1%)           60M (1%)           63M (1%)     
[131.037s][info   ][gc,heap     ] GC(71) y: Reclaimed:         -                  -              7608M (93%)        7617M (93%)    
[131.037s][info   ][gc,heap     ] GC(71) y:  Promoted:         -                  -                 0M (0%)            0M (0%)     
[131.037s][info   ][gc,heap     ] GC(71) y: Compacted:         -                  -                  -                 2M (0%)     
[131.037s][info   ][gc,phases   ] GC(71) y: Young Generation 7752M(95%)->198M(2%) 0.020s
[131.037s][info   ][gc          ] GC(71) Minor Collection (High Usage) 7752M(95%)->198M(2%) 0.020s
[132.336s][info   ][gc          ] GC(72) Major Collection (Proactive)
[132.336s][info   ][gc,task     ] GC(72) Using 1 Workers for Young Generation
[132.336s][info   ][gc,task     ] GC(72) Using 1 Workers for Old Generation
[132.336s][info   ][gc,phases   ] GC(72) Y: Young Generation
[132.336s][info   ][gc,phases   ] GC(72) Y: Pause Mark Start (Major) 0.012ms
[132.367s][info   ][gc,phases   ] GC(72) Y: Concurrent Mark 30.523ms
[132.367s][info   ][gc,phases   ] GC(72) Y: Pause Mark End 0.016ms
[132.367s][info   ][gc,phases   ] GC(72) Y: Concurrent Mark Free 0.000ms
[132.367s][info   ][gc,phases   ] GC(72) Y: Concurrent Reset Relocation Set 0.001ms
[132.368s][info   ][gc,reloc    ] GC(72) Y: Using tenuring threshold: 8 (Computed)
[132.368s][info   ][gc,phases   ] GC(72) Y: Concurrent Select Relocation Set 1.352ms
[132.368s][info   ][gc,phases   ] GC(72) Y: Pause Relocate Start 0.004ms
[132.369s][info   ][gc,phases   ] GC(72) Y: Concurrent Relocate 0.425ms
[132.369s][info   ][gc,alloc    ] GC(72) Y:                         Mark Start        Mark End      Relocate Start    Relocate End   
[132.369s][info   ][gc,alloc    ] GC(72) Y: Allocation Stalls:          0                0                0                0         
[132.369s][info   ][gc,load     ] GC(72) Y: Load: 1.40 (12%) / 1.21 (10%) / 1.40 (12%)
[132.369s][info   ][gc,mmu      ] GC(72) Y: MMU: 2ms/98.5%, 5ms/99.4%, 10ms/99.7%, 20ms/99.8%, 50ms/99.9%, 100ms/99.9%
[132.369s][info   ][gc,marking  ] GC(72) Y: Mark: 1 stripe(s), 2 proactive flush(es), 1 terminate flush(es), 0 completion(s), 0 continuation(s) 
[132.369s][info   ][gc,marking  ] GC(72) Y: Mark Stack Usage: 32M
[132.369s][info   ][gc,nmethod  ] GC(72) Y: NMethods: 383 registered, 110 unregistered
[132.369s][info   ][gc,metaspace] GC(72) Y: Metaspace: 0M used, 0M committed, 1088M reserved
[132.369s][info   ][gc,reloc    ] GC(72) Y:                        Candidates     Selected     In-Place         Size        Empty    Relocated 
[132.369s][info   ][gc,reloc    ] GC(72) Y: Small Pages:                 1998            4            0        3996M        3920M           2M 
[132.369s][info   ][gc,reloc    ] GC(72) Y: Medium Pages:                   0            0            0           0M           0M           0M 
[132.369s][info   ][gc,reloc    ] GC(72) Y: Large Pages:                    0            0            0           0M           0M           0M 
[132.369s][info   ][gc,reloc    ] GC(72) Y: Forwarding Usage: 0M
[132.369s][info   ][gc,reloc    ] GC(72) Y: Age Table:
[132.369s][info   ][gc,reloc    ] GC(72) Y:                    Live             Garbage             Small              Medium             Large        
[132.369s][info   ][gc,reloc    ] GC(72) Y: Eden              63M (1%)         3862M (47%)       1963 / 4              0 / 0              0 / 0        
[132.369s][info   ][gc,reloc    ] GC(72) Y: Survivor 1          -                66M (1%)          33 / 0              0 / 0              0 / 0        
[132.369s][info   ][gc,reloc    ] GC(72) Y: Survivor 2          -                 0M (0%)           0 / 0              0 / 0              0 / 0        
[132.369s][info   ][gc,reloc    ] GC(72) Y: Survivor 3          -                 0M (0%)           0 / 0              0 / 0              0 / 0        
[132.369s][info   ][gc,reloc    ] GC(72) Y: Survivor 4          -                 0M (0%)           0 / 0              0 / 0              0 / 0        
[132.369s][info   ][gc,reloc    ] GC(72) Y: Survivor 5          -                 0M (0%)           0 / 0              0 / 0              0 / 0        
[132.369s][info   ][gc,reloc    ] GC(72) Y: Survivor 6         1M (0%)            0M (0%)           1 / 0              0 / 0              0 / 0        
[132.369s][info   ][gc,reloc    ] GC(72) Y: Survivor 7         0M (0%)            1M (0%)           1 / 0              0 / 0              0 / 0        
[132.369s][info   ][gc,heap     ] GC(72) Y: Min Capacity: 8192M(100%)
[132.369s][info   ][gc,heap     ] GC(72) Y: Max Capacity: 8192M(100%)
[132.369s][info   ][gc,heap     ] GC(72) Y: Soft Max Capacity: 8192M(100%)
[132.369s][info   ][gc,heap     ] GC(72) Y: Heap Statistics:
[132.369s][info   ][gc,heap     ] GC(72) Y:                Mark Start          Mark End        Relocate Start      Relocate End           High               Low         
[132.369s][info   ][gc,heap     ] GC(72) Y:  Capacity:     8192M (100%)       8192M (100%)       8192M (100%)       8192M (100%)       8192M (100%)       8192M (100%)   
[132.369s][info   ][gc,heap     ] GC(72) Y:      Free:     4128M (50%)        4038M (49%)        7958M (97%)        7964M (97%)        7964M (97%)        4038M (49%)    
[132.369s][info   ][gc,heap     ] GC(72) Y:      Used:     4064M (50%)        4154M (51%)         234M (3%)          228M (3%)         4154M (51%)         228M (3%)     
[132.369s][info   ][gc,heap     ] GC(72) Y: Young Generation Statistics:
[132.369s][info   ][gc,heap     ] GC(72) Y:                Mark Start          Mark End        Relocate Start      Relocate End    
[132.369s][info   ][gc,heap     ] GC(72) Y:      Used:     3996M (49%)        4086M (50%)         166M (2%)          160M (2%)     
[132.369s][info   ][gc,heap     ] GC(72) Y:      Live:         -                64M (1%)           64M (1%)           64M (1%)     
[132.369s][info   ][gc,heap     ] GC(72) Y:   Garbage:         -              3931M (48%)          11M (0%)            2M (0%)     
[132.369s][info   ][gc,heap     ] GC(72) Y: Allocated:         -                90M (1%)           90M (1%)           92M (1%)     
[132.369s][info   ][gc,heap     ] GC(72) Y: Reclaimed:         -                  -              3920M (48%)        3928M (48%)    
[132.369s][info   ][gc,heap     ] GC(72) Y:  Promoted:         -                  -                 0M (0%)            0M (0%)     
[132.369s][info   ][gc,heap     ] GC(72) Y: Compacted:         -                  -                  -                 3M (0%)     
[132.369s][info   ][gc,phases   ] GC(72) Y: Young Generation 4064M(50%)->228M(3%) 0.032s
[132.369s][info   ][gc,phases   ] GC(72) O: Old Generation
[132.400s][info   ][gc,phases   ] GC(72) O: Concurrent Mark 31.496ms
[132.401s][info   ][gc,phases   ] GC(72) O: Pause Mark End 0.014ms
[132.401s][info   ][gc,phases   ] GC(72) O: Concurrent Mark Free 0.000ms
[132.401s][info   ][gc,phases   ] GC(72) O: Concurrent Process Non-Strong 0.719ms
[132.401s][info   ][gc,phases   ] GC(72) O: Concurrent Reset Relocation Set 0.000ms
[132.402s][info   ][gc,phases   ] GC(72) O: Concurrent Select Relocation Set 0.925ms
[132.402s][info   ][gc,task     ] GC(72) O: Using 2 Workers for Old Generation
[132.406s][info   ][gc,task     ] GC(72) O: Using 1 Workers for Old Generation
[132.406s][info   ][gc,phases   ] GC(72) O: Concurrent Remap Roots 3.828ms
[132.406s][info   ][gc,phases   ] GC(72) O: Pause Relocate Start 0.005ms
[132.406s][info   ][gc,phases   ] GC(72) O: Concurrent Relocate 0.018ms
[132.406s][info   ][gc,alloc    ] GC(72) O:                         Mark Start        Mark End      Relocate Start    Relocate End   
[132.406s][info   ][gc,alloc    ] GC(72) O: Allocation Stalls:          0                0                0                0         
[132.406s][info   ][gc,load     ] GC(72) O: Load: 1.40 (12%) / 1.21 (10%) / 1.40 (12%)
[132.406s][info   ][gc,mmu      ] GC(72) O: MMU: 2ms/98.5%, 5ms/99.4%, 10ms/99.7%, 20ms/99.8%, 50ms/99.9%, 100ms/99.9%
[132.406s][info   ][gc,marking  ] GC(72) O: Mark: 1 stripe(s), 2 proactive flush(es), 1 terminate flush(es), 0 completion(s), 0 continuation(s) 
[132.406s][info   ][gc,marking  ] GC(72) O: Mark Stack Usage: 32M
[132.406s][info   ][gc,nmethod  ] GC(72) O: NMethods: 383 registered, 110 unregistered
[132.406s][info   ][gc,metaspace] GC(72) O: Metaspace: 0M used, 0M committed, 1088M reserved
[132.406s][info   ][gc,ref      ] GC(72) O:                       Encountered   Discovered     Enqueued 
[132.406s][info   ][gc,ref      ] GC(72) O: Soft References:               64            0            0 
[132.406s][info   ][gc,ref      ] GC(72) O: Weak References:              217          164            0 
[132.406s][info   ][gc,ref      ] GC(72) O: Final References:               0            0            0 
[132.406s][info   ][gc,ref      ] GC(72) O: Phantom References:             5            3            0 
[132.406s][info   ][gc,reloc    ] GC(72) O:                        Candidates     Selected     In-Place         Size        Empty    Relocated 
[132.406s][info   ][gc,reloc    ] GC(72) O: Small Pages:                   34            0            0          68M           0M           0M 
[132.406s][info   ][gc,reloc    ] GC(72) O: Medium Pages:                   0            0            0           0M           0M           0M 
[132.406s][info   ][gc,reloc    ] GC(72) O: Large Pages:                    0            0            0           0M           0M           0M 
[132.406s][info   ][gc,reloc    ] GC(72) O: Forwarding Usage: 0M
[132.406s][info   ][gc,heap     ] GC(72) O: Min Capacity: 8192M(100%)
[132.406s][info   ][gc,heap     ] GC(72) O: Max Capacity: 8192M(100%)
[132.406s][info   ][gc,heap     ] GC(72) O: Soft Max Capacity: 8192M(100%)
[132.406s][info   ][gc,heap     ] GC(72) O: Heap Statistics:
[132.406s][info   ][gc,heap     ] GC(72) O:                Mark Start          Mark End        Relocate Start      Relocate End           High               Low         
[132.406s][info   ][gc,heap     ] GC(72) O:  Capacity:     8192M (100%)       8192M (100%)       8192M (100%)       8192M (100%)       8192M (100%)       8192M (100%)   
[132.406s][info   ][gc,heap     ] GC(72) O:      Free:     4128M (50%)        7874M (96%)        7844M (96%)        7844M (96%)        7964M (97%)        4038M (49%)    
[132.406s][info   ][gc,heap     ] GC(72) O:      Used:     4064M (50%)         318M (4%)          348M (4%)          348M (4%)         4154M (51%)         228M (3%)     
[132.406s][info   ][gc,heap     ] GC(72) O: Old Generation Statistics:
[132.406s][info   ][gc,heap     ] GC(72) O:                Mark Start          Mark End        Relocate Start      Relocate End    
[132.406s][info   ][gc,heap     ] GC(72) O:      Used:       68M (1%)           68M (1%)           68M (1%)           68M (1%)     
[132.406s][info   ][gc,heap     ] GC(72) O:      Live:         -                64M (1%)           64M (1%)           64M (1%)     
[132.406s][info   ][gc,heap     ] GC(72) O:   Garbage:         -                 3M (0%)            3M (0%)            3M (0%)     
[132.406s][info   ][gc,heap     ] GC(72) O: Allocated:         -                 0M (0%)            0M (0%)            0M (0%)     
[132.406s][info   ][gc,heap     ] GC(72) O: Reclaimed:         -                  -                 0M (0%)            0M (0%)     
[132.406s][info   ][gc,heap     ] GC(72) O: Compacted:         -                  -                  -                 0M (0%)     
[132.406s][info   ][gc,phases   ] GC(72) O: Old Generation 228M(3%)->348M(4%) 0.037s
[132.406s][info   ][gc          ] GC(72) Major Collection (Proactive) 4064M(50%)->348M(4%) 0.070s
[134.902s][info   ][gc          ] GC(73) Minor Collection (High Usage)
[134.902s][info   ][gc,task     ] GC(73) Using 1 Workers for Young Generation
[134.902s][info   ][gc,phases   ] GC(73) y: Young Generation
[134.902s][info   ][gc,phases   ] GC(73) y: Pause Mark Start 0.012ms
[134.920s][info   ][gc,phases   ] GC(73) y: Concurrent Mark 17.413ms
[134.920s][info   ][gc,phases   ] GC(73) y: Pause Mark End 0.009ms
[134.920s][info   ][gc,phases   ] GC(73) y: Concurrent Mark Free 0.000ms
[134.920s][info   ][gc,phases   ] GC(73) y: Concurrent Reset Relocation Set 0.001ms
[134.921s][info   ][gc,reloc    ] GC(73) y: Using tenuring threshold: 9 (Computed)
[134.921s][info   ][gc,phases   ] GC(73) y: Concurrent Select Relocation Set 1.227ms
[134.921s][info   ][gc,phases   ] GC(73) y: Pause Relocate Start 0.003ms
[134.921s][info   ][gc,phases   ] GC(73) y: Concurrent Relocate 0.611ms
[134.921s][info   ][gc,alloc    ] GC(73) y:                         Mark Start        Mark End      Relocate Start    Relocate End   
[134.921s][info   ][gc,alloc    ] GC(73) y: Allocation Stalls:          0                0                0                0         
[134.922s][info   ][gc,load     ] GC(73) y: Load: 1.45 (12%) / 1.22 (10%) / 1.40 (12%)
[134.922s][info   ][gc,mmu      ] GC(73) y: MMU: 2ms/98.5%, 5ms/99.4%, 10ms/99.7%, 20ms/99.8%, 50ms/99.9%, 100ms/99.9%
[134.922s][info   ][gc,marking  ] GC(73) y: Mark: 1 stripe(s), 2 proactive flush(es), 1 terminate flush(es), 0 completion(s), 0 continuation(s) 
[134.922s][info   ][gc,marking  ] GC(73) y: Mark Stack Usage: 32M
[134.922s][info   ][gc,nmethod  ] GC(73) y: NMethods: 383 registered, 110 unregistered
[134.922s][info   ][gc,metaspace] GC(73) y: Metaspace: 0M used, 0M committed, 1088M reserved
[134.922s][info   ][gc,reloc    ] GC(73) y:                        Candidates     Selected     In-Place         Size        Empty    Relocated 
[134.922s][info   ][gc,reloc    ] GC(73) y: Small Pages:                 3844            6            0        7688M        7610M           3M 
[134.922s][info   ][gc,reloc    ] GC(73) y: Medium Pages:                   0            0            0           0M           0M           0M 
[134.922s][info   ][gc,reloc    ] GC(73) y: Large Pages:                    0            0            0           0M           0M           0M 
[134.922s][info   ][gc,reloc    ] GC(73) y: Forwarding Usage: 0M
[134.922s][info   ][gc,reloc    ] GC(73) y: Age Table:
[134.922s][info   ][gc,reloc    ] GC(73) y:                    Live             Garbage             Small              Medium             Large        
[134.922s][info   ][gc,reloc    ] GC(73) y: Eden              63M (1%)         7554M (92%)       3809 / 4              0 / 0              0 / 0        
[134.922s][info   ][gc,reloc    ] GC(73) y: Survivor 1          -                66M (1%)          33 / 0              0 / 0              0 / 0        
[134.922s][info   ][gc,reloc    ] GC(73) y: Survivor 2          -                 0M (0%)           0 / 0              0 / 0              0 / 0        
[134.922s][info   ][gc,reloc    ] GC(73) y: Survivor 3          -                 0M (0%)           0 / 0              0 / 0              0 / 0        
[134.922s][info   ][gc,reloc    ] GC(73) y: Survivor 4          -                 0M (0%)           0 / 0              0 / 0              0 / 0        
[134.922s][info   ][gc,reloc    ] GC(73) y: Survivor 5          -                 0M (0%)           0 / 0              0 / 0              0 / 0        
[134.922s][info   ][gc,reloc    ] GC(73) y: Survivor 6          -                 0M (0%)           0 / 0              0 / 0              0 / 0        
[134.922s][info   ][gc,reloc    ] GC(73) y: Survivor 7         1M (0%)            0M (0%)           1 / 1              0 / 0              0 / 0        
[134.922s][info   ][gc,reloc    ] GC(73) y: Survivor 8         0M (0%)            1M (0%)           1 / 1              0 / 0              0 / 0        
[134.922s][info   ][gc,heap     ] GC(73) y: Min Capacity: 8192M(100%)
[134.922s][info   ][gc,heap     ] GC(73) y: Max Capacity: 8192M(100%)
[134.922s][info   ][gc,heap     ] GC(73) y: Soft Max Capacity: 8192M(100%)
[134.922s][info   ][gc,heap     ] GC(73) y: Heap Statistics:
[134.922s][info   ][gc,heap     ] GC(73) y:                Mark Start          Mark End        Relocate Start      Relocate End           High               Low         
[134.922s][info   ][gc,heap     ] GC(73) y:  Capacity:     8192M (100%)       8192M (100%)       8192M (100%)       8192M (100%)       8192M (100%)       8192M (100%)   
[134.922s][info   ][gc,heap     ] GC(73) y:      Free:      436M (5%)          378M (5%)         7988M (98%)        7996M (98%)        7998M (98%)         378M (5%)     
[134.922s][info   ][gc,heap     ] GC(73) y:      Used:     7756M (95%)        7814M (95%)         204M (2%)          196M (2%)         7814M (95%)         194M (2%)     
[134.922s][info   ][gc,heap     ] GC(73) y: Young Generation Statistics:
[134.922s][info   ][gc,heap     ] GC(73) y:                Mark Start          Mark End        Relocate Start      Relocate End    
[134.922s][info   ][gc,heap     ] GC(73) y:      Used:     7688M (94%)        7746M (95%)         136M (2%)          128M (2%)     
[134.922s][info   ][gc,heap     ] GC(73) y:      Live:         -                64M (1%)           64M (1%)           64M (1%)     
[134.922s][info   ][gc,heap     ] GC(73) y:   Garbage:         -              7623M (93%)          13M (0%)            0M (0%)     
[134.922s][info   ][gc,heap     ] GC(73) y: Allocated:         -                58M (1%)           58M (1%)           62M (1%)     
[134.922s][info   ][gc,heap     ] GC(73) y: Reclaimed:         -                  -              7610M (93%)        7622M (93%)    
[134.922s][info   ][gc,heap     ] GC(73) y:  Promoted:         -                  -                 0M (0%)            0M (0%)     
[134.922s][info   ][gc,heap     ] GC(73) y: Compacted:         -                  -                  -                 5M (0%)     
[134.922s][info   ][gc,phases   ] GC(73) y: Young Generation 7756M(95%)->196M(2%) 0.020s
[134.922s][info   ][gc          ] GC(73) Minor Collection (High Usage) 7756M(95%)->196M(2%) 0.020s
[136.945s][info   ][gc          ] GC(74) Major Collection (Proactive)
[136.945s][info   ][gc,task     ] GC(74) Using 1 Workers for Young Generation
[136.945s][info   ][gc,task     ] GC(74) Using 1 Workers for Old Generation
[136.945s][info   ][gc,phases   ] GC(74) Y: Young Generation
[136.945s][info   ][gc,phases   ] GC(74) Y: Pause Mark Start (Major) 0.011ms
[136.971s][info   ][gc,phases   ] GC(74) Y: Concurrent Mark 25.119ms
[136.971s][info   ][gc,phases   ] GC(74) Y: Pause Mark End 0.011ms
[136.971s][info   ][gc,phases   ] GC(74) Y: Concurrent Mark Free 0.000ms
[136.971s][info   ][gc,phases   ] GC(74) Y: Concurrent Reset Relocation Set 0.001ms
[136.972s][info   ][gc,reloc    ] GC(74) Y: Using tenuring threshold: 10 (Computed)
[136.972s][info   ][gc,phases   ] GC(74) Y: Concurrent Select Relocation Set 1.380ms
[136.972s][info   ][gc,phases   ] GC(74) Y: Pause Relocate Start 0.005ms
[136.973s][info   ][gc,phases   ] GC(74) Y: Concurrent Relocate 0.501ms
[136.973s][info   ][gc,alloc    ] GC(74) Y:                         Mark Start        Mark End      Relocate Start    Relocate End   
[136.973s][info   ][gc,alloc    ] GC(74) Y: Allocation Stalls:          0                0                0                0         
[136.973s][info   ][gc,load     ] GC(74) Y: Load: 1.45 (12%) / 1.22 (10%) / 1.40 (12%)
[136.973s][info   ][gc,mmu      ] GC(74) Y: MMU: 2ms/98.5%, 5ms/99.4%, 10ms/99.7%, 20ms/99.8%, 50ms/99.9%, 100ms/99.9%
[136.973s][info   ][gc,marking  ] GC(74) Y: Mark: 1 stripe(s), 2 proactive flush(es), 1 terminate flush(es), 0 completion(s), 0 continuation(s) 
[136.973s][info   ][gc,marking  ] GC(74) Y: Mark Stack Usage: 32M
[136.973s][info   ][gc,nmethod  ] GC(74) Y: NMethods: 383 registered, 110 unregistered
[136.973s][info   ][gc,metaspace] GC(74) Y: Metaspace: 0M used, 0M committed, 1088M reserved
[136.973s][info   ][gc,reloc    ] GC(74) Y:                        Candidates     Selected     In-Place         Size        Empty    Relocated 
[136.973s][info   ][gc,reloc    ] GC(74) Y: Small Pages:                 3081            3            0        6162M        6088M           2M 
[136.973s][info   ][gc,reloc    ] GC(74) Y: Medium Pages:                   0            0            0           0M           0M           0M 
[136.973s][info   ][gc,reloc    ] GC(74) Y: Large Pages:                    0            0            0           0M           0M           0M 
[136.973s][info   ][gc,reloc    ] GC(74) Y: Forwarding Usage: 0M
[136.973s][info   ][gc,reloc    ] GC(74) Y: Age Table:
[136.973s][info   ][gc,reloc    ] GC(74) Y:                    Live             Garbage             Small              Medium             Large        
[136.973s][info   ][gc,reloc    ] GC(74) Y: Eden              63M (1%)         6030M (74%)       3047 / 2              0 / 0              0 / 0        
[136.973s][info   ][gc,reloc    ] GC(74) Y: Survivor 1         0M (0%)           63M (1%)          32 / 0              0 / 0              0 / 0        
[136.973s][info   ][gc,reloc    ] GC(74) Y: Survivor 2          -                 0M (0%)           0 / 0              0 / 0              0 / 0        
[136.973s][info   ][gc,reloc    ] GC(74) Y: Survivor 3          -                 0M (0%)           0 / 0              0 / 0              0 / 0        
[136.973s][info   ][gc,reloc    ] GC(74) Y: Survivor 4          -                 0M (0%)           0 / 0              0 / 0              0 / 0        
[136.973s][info   ][gc,reloc    ] GC(74) Y: Survivor 5          -                 0M (0%)           0 / 0              0 / 0              0 / 0        
[136.973s][info   ][gc,reloc    ] GC(74) Y: Survivor 6          -                 0M (0%)           0 / 0              0 / 0              0 / 0        
[136.973s][info   ][gc,reloc    ] GC(74) Y: Survivor 7          -                 0M (0%)           0 / 0              0 / 0              0 / 0        
[136.973s][info   ][gc,reloc    ] GC(74) Y: Survivor 8         1M (0%)            0M (0%)           1 / 0              0 / 0              0 / 0        
[136.973s][info   ][gc,reloc    ] GC(74) Y: Survivor 9         0M (0%)            1M (0%)           1 / 1              0 / 0              0 / 0        
[136.973s][info   ][gc,heap     ] GC(74) Y: Min Capacity: 8192M(100%)
[136.973s][info   ][gc,heap     ] GC(74) Y: Max Capacity: 8192M(100%)
[136.973s][info   ][gc,heap     ] GC(74) Y: Soft Max Capacity: 8192M(100%)
[136.973s][info   ][gc,heap     ] GC(74) Y: Heap Statistics:
[136.973s][info   ][gc,heap     ] GC(74) Y:                Mark Start          Mark End        Relocate Start      Relocate End           High               Low         
[136.973s][info   ][gc,heap     ] GC(74) Y:  Capacity:     8192M (100%)       8192M (100%)       8192M (100%)       8192M (100%)       8192M (100%)       8192M (100%)   
[136.973s][info   ][gc,heap     ] GC(74) Y:      Free:     1962M (24%)        1902M (23%)        7980M (97%)        7980M (97%)        7982M (97%)        1902M (23%)    
[136.973s][info   ][gc,heap     ] GC(74) Y:      Used:     6230M (76%)        6290M (77%)         212M (3%)          212M (3%)         6290M (77%)         210M (3%)     
[136.973s][info   ][gc,heap     ] GC(74) Y: Young Generation Statistics:
[136.973s][info   ][gc,heap     ] GC(74) Y:                Mark Start          Mark End        Relocate Start      Relocate End    
[136.973s][info   ][gc,heap     ] GC(74) Y:      Used:     6162M (75%)        6222M (76%)         144M (2%)          144M (2%)     
[136.973s][info   ][gc,heap     ] GC(74) Y:      Live:         -                64M (1%)           64M (1%)           64M (1%)     
[136.973s][info   ][gc,heap     ] GC(74) Y:   Garbage:         -              6097M (74%)           9M (0%)            2M (0%)     
[136.973s][info   ][gc,heap     ] GC(74) Y: Allocated:         -                60M (1%)           70M (1%)           76M (1%)     
[136.973s][info   ][gc,heap     ] GC(74) Y: Reclaimed:         -                  -              6088M (74%)        6094M (74%)    
[136.973s][info   ][gc,heap     ] GC(74) Y:  Promoted:         -                  -                 0M (0%)            0M (0%)     
[136.973s][info   ][gc,heap     ] GC(74) Y: Compacted:         -                  -                  -                 3M (0%)     
[136.973s][info   ][gc,phases   ] GC(74) Y: Young Generation 6230M(76%)->212M(3%) 0.027s
[136.973s][info   ][gc,phases   ] GC(74) O: Old Generation
[136.999s][info   ][gc,phases   ] GC(74) O: Concurrent Mark 25.876ms
[136.999s][info   ][gc,phases   ] GC(74) O: Pause Mark End 0.010ms
[136.999s][info   ][gc,phases   ] GC(74) O: Concurrent Mark Free 0.000ms
[136.999s][info   ][gc,phases   ] GC(74) O: Concurrent Process Non-Strong 0.565ms
[136.999s][info   ][gc,phases   ] GC(74) O: Concurrent Reset Relocation Set 0.000ms
[137.000s][info   ][gc,phases   ] GC(74) O: Concurrent Select Relocation Set 0.877ms
[137.000s][info   ][gc,task     ] GC(74) O: Using 2 Workers for Old Generation
[137.003s][info   ][gc,task     ] GC(74) O: Using 1 Workers for Old Generation
[137.003s][info   ][gc,phases   ] GC(74) O: Concurrent Remap Roots 3.035ms
[137.003s][info   ][gc,phases   ] GC(74) O: Pause Relocate Start 0.005ms
[137.003s][info   ][gc,phases   ] GC(74) O: Concurrent Relocate 0.014ms
[137.003s][info   ][gc,alloc    ] GC(74) O:                         Mark Start        Mark End      Relocate Start    Relocate End   
[137.003s][info   ][gc,alloc    ] GC(74) O: Allocation Stalls:          0                0                0                0         
[137.003s][info   ][gc,load     ] GC(74) O: Load: 1.45 (12%) / 1.22 (10%) / 1.40 (12%)
[137.003s][info   ][gc,mmu      ] GC(74) O: MMU: 2ms/98.5%, 5ms/99.4%, 10ms/99.7%, 20ms/99.8%, 50ms/99.9%, 100ms/99.9%
[137.003s][info   ][gc,marking  ] GC(74) O: Mark: 1 stripe(s), 2 proactive flush(es), 1 terminate flush(es), 0 completion(s), 0 continuation(s) 
[137.003s][info   ][gc,marking  ] GC(74) O: Mark Stack Usage: 32M
[137.003s][info   ][gc,nmethod  ] GC(74) O: NMethods: 383 registered, 110 unregistered
[137.003s][info   ][gc,metaspace] GC(74) O: Metaspace: 0M used, 0M committed, 1088M reserved
[137.003s][info   ][gc,ref      ] GC(74) O:                       Encountered   Discovered     Enqueued 
[137.003s][info   ][gc,ref      ] GC(74) O: Soft References:               64            0            0 
[137.003s][info   ][gc,ref      ] GC(74) O: Weak References:              217          164            0 
[137.003s][info   ][gc,ref      ] GC(74) O: Final References:               0            0            0 
[137.003s][info   ][gc,ref      ] GC(74) O: Phantom References:             5            3            0 
[137.003s][info   ][gc,reloc    ] GC(74) O:                        Candidates     Selected     In-Place         Size        Empty    Relocated 
[137.003s][info   ][gc,reloc    ] GC(74) O: Small Pages:                   34            0            0          68M           0M           0M 
[137.003s][info   ][gc,reloc    ] GC(74) O: Medium Pages:                   0            0            0           0M           0M           0M 
[137.003s][info   ][gc,reloc    ] GC(74) O: Large Pages:                    0            0            0           0M           0M           0M 
[137.003s][info   ][gc,reloc    ] GC(74) O: Forwarding Usage: 0M
[137.003s][info   ][gc,heap     ] GC(74) O: Min Capacity: 8192M(100%)
[137.003s][info   ][gc,heap     ] GC(74) O: Max Capacity: 8192M(100%)
[137.003s][info   ][gc,heap     ] GC(74) O: Soft Max Capacity: 8192M(100%)
[137.003s][info   ][gc,heap     ] GC(74) O: Heap Statistics:
[137.003s][info   ][gc,heap     ] GC(74) O:                Mark Start          Mark End        Relocate Start      Relocate End           High               Low         
[137.003s][info   ][gc,heap     ] GC(74) O:  Capacity:     8192M (100%)       8192M (100%)       8192M (100%)       8192M (100%)       8192M (100%)       8192M (100%)   
[137.003s][info   ][gc,heap     ] GC(74) O:      Free:     1962M (24%)        7902M (96%)        7880M (96%)        7880M (96%)        7982M (97%)        1902M (23%)    
[137.003s][info   ][gc,heap     ] GC(74) O:      Used:     6230M (76%)         290M (4%)          312M (4%)          312M (4%)         6290M (77%)         210M (3%)     
[137.003s][info   ][gc,heap     ] GC(74) O: Old Generation Statistics:
[137.003s][info   ][gc,heap     ] GC(74) O:                Mark Start          Mark End        Relocate Start      Relocate End    
[137.003s][info   ][gc,heap     ] GC(74) O:      Used:       68M (1%)           68M (1%)           68M (1%)           68M (1%)     
[137.003s][info   ][gc,heap     ] GC(74) O:      Live:         -                64M (1%)           64M (1%)           64M (1%)     
[137.003s][info   ][gc,heap     ] GC(74) O:   Garbage:         -                 3M (0%)            3M (0%)            3M (0%)     
[137.003s][info   ][gc,heap     ] GC(74) O: Allocated:         -                 0M (0%)            0M (0%)            0M (0%)     
[137.003s][info   ][gc,heap     ] GC(74) O: Reclaimed:         -                  -                 0M (0%)            0M (0%)     
[137.003s][info   ][gc,heap     ] GC(74) O: Compacted:         -                  -                  -                 0M (0%)     
[137.003s][info   ][gc,phases   ] GC(74) O: Old Generation 214M(3%)->312M(4%) 0.031s
[137.003s][info   ][gc          ] GC(74) Major Collection (Proactive) 6230M(76%)->312M(4%) 0.058s
[139.504s][info   ][gc          ] GC(75) Minor Collection (High Usage)
[139.504s][info   ][gc,task     ] GC(75) Using 1 Workers for Young Generation
[139.504s][info   ][gc,phases   ] GC(75) y: Young Generation
[139.504s][info   ][gc,phases   ] GC(75) y: Pause Mark Start 0.011ms
[139.527s][info   ][gc,phases   ] GC(75) y: Concurrent Mark 22.155ms
[139.527s][info   ][gc,phases   ] GC(75) y: Pause Mark End 0.015ms
[139.527s][info   ][gc,phases   ] GC(75) y: Concurrent Mark Free 0.000ms
[139.527s][info   ][gc,phases   ] GC(75) y: Concurrent Reset Relocation Set 0.001ms
[139.528s][info   ][gc,reloc    ] GC(75) y: Using tenuring threshold: 11 (Computed)
[139.528s][info   ][gc,phases   ] GC(75) y: Concurrent Select Relocation Set 1.249ms
[139.528s][info   ][gc,phases   ] GC(75) y: Pause Relocate Start 0.008ms
[139.529s][info   ][gc,phases   ] GC(75) y: Concurrent Relocate 0.631ms
[139.529s][info   ][gc,alloc    ] GC(75) y:                         Mark Start        Mark End      Relocate Start    Relocate End   
[139.529s][info   ][gc,alloc    ] GC(75) y: Allocation Stalls:          0                0                0                0         
[139.529s][info   ][gc,load     ] GC(75) y: Load: 1.81 (15%) / 1.30 (11%) / 1.43 (12%)
[139.529s][info   ][gc,mmu      ] GC(75) y: MMU: 2ms/98.5%, 5ms/99.4%, 10ms/99.7%, 20ms/99.8%, 50ms/99.9%, 100ms/99.9%
[139.529s][info   ][gc,marking  ] GC(75) y: Mark: 1 stripe(s), 2 proactive flush(es), 1 terminate flush(es), 0 completion(s), 0 continuation(s) 
[139.529s][info   ][gc,marking  ] GC(75) y: Mark Stack Usage: 32M
[139.529s][info   ][gc,nmethod  ] GC(75) y: NMethods: 383 registered, 110 unregistered
[139.529s][info   ][gc,metaspace] GC(75) y: Metaspace: 0M used, 0M committed, 1088M reserved
[139.529s][info   ][gc,reloc    ] GC(75) y:                        Candidates     Selected     In-Place         Size        Empty    Relocated 
[139.529s][info   ][gc,reloc    ] GC(75) y: Small Pages:                 3839            7            0        7678M        7596M           3M 
[139.529s][info   ][gc,reloc    ] GC(75) y: Medium Pages:                   0            0            0           0M           0M           0M 
[139.529s][info   ][gc,reloc    ] GC(75) y: Large Pages:                    0            0            0           0M           0M           0M 
[139.529s][info   ][gc,reloc    ] GC(75) y: Forwarding Usage: 0M
[139.529s][info   ][gc,reloc    ] GC(75) y: Age Table:
[139.529s][info   ][gc,reloc    ] GC(75) y:                    Live             Garbage             Small              Medium             Large        
[139.529s][info   ][gc,reloc    ] GC(75) y: Eden              63M (1%)         7542M (92%)       3803 / 6              0 / 0              0 / 0        
[139.529s][info   ][gc,reloc    ] GC(75) y: Survivor 1          -                66M (1%)          33 / 0              0 / 0              0 / 0        
[139.529s][info   ][gc,reloc    ] GC(75) y: Survivor 2         0M (0%)            1M (0%)           1 / 0              0 / 0              0 / 0        
[139.529s][info   ][gc,reloc    ] GC(75) y: Survivor 3          -                 0M (0%)           0 / 0              0 / 0              0 / 0        
[139.529s][info   ][gc,reloc    ] GC(75) y: Survivor 4          -                 0M (0%)           0 / 0              0 / 0              0 / 0        
[139.529s][info   ][gc,reloc    ] GC(75) y: Survivor 5          -                 0M (0%)           0 / 0              0 / 0              0 / 0        
[139.529s][info   ][gc,reloc    ] GC(75) y: Survivor 6          -                 0M (0%)           0 / 0              0 / 0              0 / 0        
[139.529s][info   ][gc,reloc    ] GC(75) y: Survivor 7          -                 0M (0%)           0 / 0              0 / 0              0 / 0        
[139.529s][info   ][gc,reloc    ] GC(75) y: Survivor 8          -                 0M (0%)           0 / 0              0 / 0              0 / 0        
[139.529s][info   ][gc,reloc    ] GC(75) y: Survivor 9         1M (0%)            0M (0%)           1 / 0              0 / 0              0 / 0        
[139.529s][info   ][gc,reloc    ] GC(75) y: Survivor 10        0M (0%)            1M (0%)           1 / 1              0 / 0              0 / 0        
[139.529s][info   ][gc,heap     ] GC(75) y: Min Capacity: 8192M(100%)
[139.529s][info   ][gc,heap     ] GC(75) y: Max Capacity: 8192M(100%)
[139.529s][info   ][gc,heap     ] GC(75) y: Soft Max Capacity: 8192M(100%)
[139.529s][info   ][gc,heap     ] GC(75) y: Heap Statistics:
[139.529s][info   ][gc,heap     ] GC(75) y:                Mark Start          Mark End        Relocate Start      Relocate End           High               Low         
[139.529s][info   ][gc,heap     ] GC(75) y:  Capacity:     8192M (100%)       8192M (100%)       8192M (100%)       8192M (100%)       8192M (100%)       8192M (100%)   
[139.529s][info   ][gc,heap     ] GC(75) y:      Free:      446M (5%)          376M (5%)         7972M (97%)        7982M (97%)        7982M (97%)         376M (5%)     
[139.529s][info   ][gc,heap     ] GC(75) y:      Used:     7746M (95%)        7816M (95%)         220M (3%)          210M (3%)         7816M (95%)         210M (3%)     
[139.529s][info   ][gc,heap     ] GC(75) y: Young Generation Statistics:
[139.529s][info   ][gc,heap     ] GC(75) y:                Mark Start          Mark End        Relocate Start      Relocate End    
[139.529s][info   ][gc,heap     ] GC(75) y:      Used:     7678M (94%)        7748M (95%)         152M (2%)          142M (2%)     
[139.529s][info   ][gc,heap     ] GC(75) y:      Live:         -                64M (1%)           64M (1%)           64M (1%)     
[139.529s][info   ][gc,heap     ] GC(75) y:   Garbage:         -              7613M (93%)          17M (0%)            2M (0%)     
[139.529s][info   ][gc,heap     ] GC(75) y: Allocated:         -                70M (1%)           70M (1%)           74M (1%)     
[139.529s][info   ][gc,heap     ] GC(75) y: Reclaimed:         -                  -              7596M (93%)        7610M (93%)    
[139.529s][info   ][gc,heap     ] GC(75) y:  Promoted:         -                  -                 0M (0%)            0M (0%)     
[139.529s][info   ][gc,heap     ] GC(75) y: Compacted:         -                  -                  -                 5M (0%)     
[139.529s][info   ][gc,phases   ] GC(75) y: Young Generation 7746M(95%)->210M(3%) 0.024s
[139.529s][info   ][gc          ] GC(75) Minor Collection (High Usage) 7746M(95%)->210M(3%) 0.025s
[140.797s][info   ][gc          ] GC(76) Major Collection (Proactive)
[140.797s][info   ][gc,task     ] GC(76) Using 1 Workers for Young Generation
[140.797s][info   ][gc,task     ] GC(76) Using 1 Workers for Old Generation
[140.797s][info   ][gc,phases   ] GC(76) Y: Young Generation
[140.797s][info   ][gc,phases   ] GC(76) Y: Pause Mark Start (Major) 0.014ms
[140.825s][info   ][gc,phases   ] GC(76) Y: Concurrent Mark 28.259ms
[140.826s][info   ][gc,phases   ] GC(76) Y: Pause Mark End 0.018ms
[140.826s][info   ][gc,phases   ] GC(76) Y: Concurrent Mark Free 0.001ms
[140.826s][info   ][gc,phases   ] GC(76) Y: Concurrent Reset Relocation Set 0.002ms
[140.827s][info   ][gc,reloc    ] GC(76) Y: Using tenuring threshold: 12 (Computed)
[140.827s][info   ][gc,phases   ] GC(76) Y: Concurrent Select Relocation Set 1.101ms
[140.827s][info   ][gc,phases   ] GC(76) Y: Pause Relocate Start 0.004ms
[140.827s][info   ][gc,phases   ] GC(76) Y: Concurrent Relocate 0.425ms
[140.827s][info   ][gc,alloc    ] GC(76) Y:                         Mark Start        Mark End      Relocate Start    Relocate End   
[140.827s][info   ][gc,alloc    ] GC(76) Y: Allocation Stalls:          0                0                0                0         
[140.827s][info   ][gc,load     ] GC(76) Y: Load: 1.81 (15%) / 1.30 (11%) / 1.43 (12%)
[140.827s][info   ][gc,mmu      ] GC(76) Y: MMU: 2ms/98.5%, 5ms/99.4%, 10ms/99.7%, 20ms/99.8%, 50ms/99.9%, 100ms/99.9%
[140.827s][info   ][gc,marking  ] GC(76) Y: Mark: 1 stripe(s), 2 proactive flush(es), 1 terminate flush(es), 0 completion(s), 0 continuation(s) 
[140.827s][info   ][gc,marking  ] GC(76) Y: Mark Stack Usage: 32M
[140.827s][info   ][gc,nmethod  ] GC(76) Y: NMethods: 383 registered, 110 unregistered
[140.827s][info   ][gc,metaspace] GC(76) Y: Metaspace: 0M used, 0M committed, 1088M reserved
[140.827s][info   ][gc,reloc    ] GC(76) Y:                        Candidates     Selected     In-Place         Size        Empty    Relocated 
[140.827s][info   ][gc,reloc    ] GC(76) Y: Small Pages:                 1959            4            0        3918M        3842M           2M 
[140.827s][info   ][gc,reloc    ] GC(76) Y: Medium Pages:                   0            0            0           0M           0M           0M 
[140.827s][info   ][gc,reloc    ] GC(76) Y: Large Pages:                    0            0            0           0M           0M           0M 
[140.827s][info   ][gc,reloc    ] GC(76) Y: Forwarding Usage: 0M
[140.827s][info   ][gc,reloc    ] GC(76) Y: Age Table:
[140.827s][info   ][gc,reloc    ] GC(76) Y:                    Live             Garbage             Small              Medium             Large        
[140.827s][info   ][gc,reloc    ] GC(76) Y: Eden              63M (1%)         3782M (46%)       1923 / 3              0 / 0              0 / 0        
[140.827s][info   ][gc,reloc    ] GC(76) Y: Survivor 1          -                66M (1%)          33 / 0              0 / 0              0 / 0        
[140.827s][info   ][gc,reloc    ] GC(76) Y: Survivor 2          -                 0M (0%)           0 / 0              0 / 0              0 / 0        
[140.827s][info   ][gc,reloc    ] GC(76) Y: Survivor 3         0M (0%)            1M (0%)           1 / 0              0 / 0              0 / 0        
[140.827s][info   ][gc,reloc    ] GC(76) Y: Survivor 4          -                 0M (0%)           0 / 0              0 / 0              0 / 0        
[140.827s][info   ][gc,reloc    ] GC(76) Y: Survivor 5          -                 0M (0%)           0 / 0              0 / 0              0 / 0        
[140.827s][info   ][gc,reloc    ] GC(76) Y: Survivor 6          -                 0M (0%)           0 / 0              0 / 0              0 / 0        
[140.827s][info   ][gc,reloc    ] GC(76) Y: Survivor 7          -                 0M (0%)           0 / 0              0 / 0              0 / 0        
[140.827s][info   ][gc,reloc    ] GC(76) Y: Survivor 8          -                 0M (0%)           0 / 0              0 / 0              0 / 0        
[140.827s][info   ][gc,reloc    ] GC(76) Y: Survivor 9          -                 0M (0%)           0 / 0              0 / 0              0 / 0        
[140.827s][info   ][gc,reloc    ] GC(76) Y: Survivor 10        1M (0%)            0M (0%)           1 / 0              0 / 0              0 / 0        
[140.827s][info   ][gc,reloc    ] GC(76) Y: Survivor 11        0M (0%)            1M (0%)           1 / 1              0 / 0              0 / 0        
[140.827s][info   ][gc,heap     ] GC(76) Y: Min Capacity: 8192M(100%)
[140.827s][info   ][gc,heap     ] GC(76) Y: Max Capacity: 8192M(100%)
[140.827s][info   ][gc,heap     ] GC(76) Y: Soft Max Capacity: 8192M(100%)
[140.827s][info   ][gc,heap     ] GC(76) Y: Heap Statistics:
[140.827s][info   ][gc,heap     ] GC(76) Y:                Mark Start          Mark End        Relocate Start      Relocate End           High               Low         
[140.827s][info   ][gc,heap     ] GC(76) Y:  Capacity:     8192M (100%)       8192M (100%)       8192M (100%)       8192M (100%)       8192M (100%)       8192M (100%)   
[140.827s][info   ][gc,heap     ] GC(76) Y:      Free:     4206M (51%)        4116M (50%)        7956M (97%)        7960M (97%)        7960M (97%)        4116M (50%)    
[140.827s][info   ][gc,heap     ] GC(76) Y:      Used:     3986M (49%)        4076M (50%)         236M (3%)          232M (3%)         4076M (50%)         232M (3%)     
[140.827s][info   ][gc,heap     ] GC(76) Y: Young Generation Statistics:
[140.827s][info   ][gc,heap     ] GC(76) Y:                Mark Start          Mark End        Relocate Start      Relocate End    
[140.827s][info   ][gc,heap     ] GC(76) Y:      Used:     3918M (48%)        4008M (49%)         168M (2%)          164M (2%)     
[140.827s][info   ][gc,heap     ] GC(76) Y:      Live:         -                64M (1%)           64M (1%)           64M (1%)     
[140.827s][info   ][gc,heap     ] GC(76) Y:   Garbage:         -              3853M (47%)          11M (0%)            2M (0%)     
[140.827s][info   ][gc,heap     ] GC(76) Y: Allocated:         -                90M (1%)           92M (1%)           96M (1%)     
[140.827s][info   ][gc,heap     ] GC(76) Y: Reclaimed:         -                  -              3842M (47%)        3850M (47%)    
[140.827s][info   ][gc,heap     ] GC(76) Y:  Promoted:         -                  -                 0M (0%)            0M (0%)     
[140.827s][info   ][gc,heap     ] GC(76) Y: Compacted:         -                  -                  -                 3M (0%)     
[140.827s][info   ][gc,phases   ] GC(76) Y: Young Generation 3986M(49%)->232M(3%) 0.030s
[140.827s][info   ][gc,phases   ] GC(76) O: Old Generation
[140.858s][info   ][gc,phases   ] GC(76) O: Concurrent Mark 30.427ms
[140.858s][info   ][gc,phases   ] GC(76) O: Pause Mark End 0.009ms
[140.858s][info   ][gc,phases   ] GC(76) O: Concurrent Mark Free 0.000ms
[140.858s][info   ][gc,phases   ] GC(76) O: Concurrent Process Non-Strong 0.555ms
[140.858s][info   ][gc,phases   ] GC(76) O: Concurrent Reset Relocation Set 0.000ms
[140.859s][info   ][gc,phases   ] GC(76) O: Concurrent Select Relocation Set 0.995ms
[140.859s][info   ][gc,task     ] GC(76) O: Using 2 Workers for Old Generation
[140.862s][info   ][gc,task     ] GC(76) O: Using 1 Workers for Old Generation
[140.862s][info   ][gc,phases   ] GC(76) O: Concurrent Remap Roots 3.009ms
[140.862s][info   ][gc,phases   ] GC(76) O: Pause Relocate Start 0.004ms
[140.862s][info   ][gc,phases   ] GC(76) O: Concurrent Relocate 0.029ms
[140.863s][info   ][gc,alloc    ] GC(76) O:                         Mark Start        Mark End      Relocate Start    Relocate End   
[140.863s][info   ][gc,alloc    ] GC(76) O: Allocation Stalls:          0                0                0                0         
[140.863s][info   ][gc,load     ] GC(76) O: Load: 1.81 (15%) / 1.30 (11%) / 1.43 (12%)
[140.863s][info   ][gc,mmu      ] GC(76) O: MMU: 2ms/98.5%, 5ms/99.4%, 10ms/99.7%, 20ms/99.8%, 50ms/99.9%, 100ms/99.9%
[140.863s][info   ][gc,marking  ] GC(76) O: Mark: 1 stripe(s), 2 proactive flush(es), 1 terminate flush(es), 0 completion(s), 0 continuation(s) 
[140.863s][info   ][gc,marking  ] GC(76) O: Mark Stack Usage: 32M
[140.863s][info   ][gc,nmethod  ] GC(76) O: NMethods: 383 registered, 110 unregistered
[140.863s][info   ][gc,metaspace] GC(76) O: Metaspace: 0M used, 0M committed, 1088M reserved
[140.863s][info   ][gc,ref      ] GC(76) O:                       Encountered   Discovered     Enqueued 
[140.863s][info   ][gc,ref      ] GC(76) O: Soft References:               64            0            0 
[140.863s][info   ][gc,ref      ] GC(76) O: Weak References:              217          164            0 
[140.863s][info   ][gc,ref      ] GC(76) O: Final References:               0            0            0 
[140.863s][info   ][gc,ref      ] GC(76) O: Phantom References:             5            3            0 
[140.863s][info   ][gc,reloc    ] GC(76) O:                        Candidates     Selected     In-Place         Size        Empty    Relocated 
[140.863s][info   ][gc,reloc    ] GC(76) O: Small Pages:                   34            0            0          68M           0M           0M 
[140.863s][info   ][gc,reloc    ] GC(76) O: Medium Pages:                   0            0            0           0M           0M           0M 
[140.863s][info   ][gc,reloc    ] GC(76) O: Large Pages:                    0            0            0           0M           0M           0M 
[140.863s][info   ][gc,reloc    ] GC(76) O: Forwarding Usage: 0M
[140.863s][info   ][gc,heap     ] GC(76) O: Min Capacity: 8192M(100%)
[140.863s][info   ][gc,heap     ] GC(76) O: Max Capacity: 8192M(100%)
[140.863s][info   ][gc,heap     ] GC(76) O: Soft Max Capacity: 8192M(100%)
[140.863s][info   ][gc,heap     ] GC(76) O: Heap Statistics:
[140.863s][info   ][gc,heap     ] GC(76) O:                Mark Start          Mark End        Relocate Start      Relocate End           High               Low         
[140.863s][info   ][gc,heap     ] GC(76) O:  Capacity:     8192M (100%)       8192M (100%)       8192M (100%)       8192M (100%)       8192M (100%)       8192M (100%)   
[140.863s][info   ][gc,heap     ] GC(76) O:      Free:     4206M (51%)        7870M (96%)        7856M (96%)        7856M (96%)        7960M (97%)        4116M (50%)    
[140.863s][info   ][gc,heap     ] GC(76) O:      Used:     3986M (49%)         322M (4%)          336M (4%)          336M (4%)         4076M (50%)         232M (3%)     
[140.863s][info   ][gc,heap     ] GC(76) O: Old Generation Statistics:
[140.863s][info   ][gc,heap     ] GC(76) O:                Mark Start          Mark End        Relocate Start      Relocate End    
[140.863s][info   ][gc,heap     ] GC(76) O:      Used:       68M (1%)           68M (1%)           68M (1%)           68M (1%)     
[140.863s][info   ][gc,heap     ] GC(76) O:      Live:         -                64M (1%)           64M (1%)           64M (1%)     
[140.863s][info   ][gc,heap     ] GC(76) O:   Garbage:         -                 3M (0%)            3M (0%)            3M (0%)     
[140.863s][info   ][gc,heap     ] GC(76) O: Allocated:         -                 0M (0%)            0M (0%)            0M (0%)     
[140.863s][info   ][gc,heap     ] GC(76) O: Reclaimed:         -                  -                 0M (0%)            0M (0%)     
[140.863s][info   ][gc,heap     ] GC(76) O: Compacted:         -                  -                  -                 0M (0%)     
[140.863s][info   ][gc,phases   ] GC(76) O: Old Generation 232M(3%)->336M(4%) 0.035s
[140.863s][info   ][gc          ] GC(76) Major Collection (Proactive) 3986M(49%)->336M(4%) 0.066s
[143.362s][info   ][gc          ] GC(77) Minor Collection (High Usage)
[143.362s][info   ][gc,task     ] GC(77) Using 1 Workers for Young Generation
[143.362s][info   ][gc,phases   ] GC(77) y: Young Generation
[143.362s][info   ][gc,phases   ] GC(77) y: Pause Mark Start 0.012ms
[143.384s][info   ][gc,phases   ] GC(77) y: Concurrent Mark 20.984ms
[143.384s][info   ][gc,phases   ] GC(77) y: Pause Mark End 0.015ms
[143.384s][info   ][gc,phases   ] GC(77) y: Concurrent Mark Free 0.001ms
[143.384s][info   ][gc,phases   ] GC(77) y: Concurrent Reset Relocation Set 0.002ms
[143.385s][info   ][gc,reloc    ] GC(77) y: Using tenuring threshold: 13 (Computed)
[143.385s][info   ][gc,phases   ] GC(77) y: Concurrent Select Relocation Set 1.756ms
[143.385s][info   ][gc,phases   ] GC(77) y: Pause Relocate Start 0.004ms
[143.386s][info   ][gc,phases   ] GC(77) y: Concurrent Relocate 0.787ms
[143.386s][info   ][gc,alloc    ] GC(77) y:                         Mark Start        Mark End      Relocate Start    Relocate End   
[143.386s][info   ][gc,alloc    ] GC(77) y: Allocation Stalls:          0                0                0                0         
[143.386s][info   ][gc,load     ] GC(77) y: Load: 1.81 (15%) / 1.30 (11%) / 1.43 (12%)
[143.386s][info   ][gc,mmu      ] GC(77) y: MMU: 2ms/98.5%, 5ms/99.4%, 10ms/99.7%, 20ms/99.8%, 50ms/99.9%, 100ms/99.9%
[143.386s][info   ][gc,marking  ] GC(77) y: Mark: 1 stripe(s), 2 proactive flush(es), 1 terminate flush(es), 0 completion(s), 0 continuation(s) 
[143.386s][info   ][gc,marking  ] GC(77) y: Mark Stack Usage: 32M
[143.386s][info   ][gc,nmethod  ] GC(77) y: NMethods: 383 registered, 110 unregistered
[143.386s][info   ][gc,metaspace] GC(77) y: Metaspace: 0M used, 0M committed, 1088M reserved
[143.386s][info   ][gc,reloc    ] GC(77) y:                        Candidates     Selected     In-Place         Size        Empty    Relocated 
[143.386s][info   ][gc,reloc    ] GC(77) y: Small Pages:                 3847            5            0        7694M        7618M           2M 
[143.386s][info   ][gc,reloc    ] GC(77) y: Medium Pages:                   0            0            0           0M           0M           0M 
[143.386s][info   ][gc,reloc    ] GC(77) y: Large Pages:                    0            0            0           0M           0M           0M 
[143.386s][info   ][gc,reloc    ] GC(77) y: Forwarding Usage: 0M
[143.386s][info   ][gc,reloc    ] GC(77) y: Age Table:
[143.386s][info   ][gc,reloc    ] GC(77) y:                    Live             Garbage             Small              Medium             Large        
[143.386s][info   ][gc,reloc    ] GC(77) y: Eden              63M (1%)         7558M (92%)       3811 / 3              0 / 0              0 / 0        
[143.386s][info   ][gc,reloc    ] GC(77) y: Survivor 1          -                66M (1%)          33 / 0              0 / 0              0 / 0        
[143.386s][info   ][gc,reloc    ] GC(77) y: Survivor 2          -                 0M (0%)           0 / 0              0 / 0              0 / 0        
[143.386s][info   ][gc,reloc    ] GC(77) y: Survivor 3          -                 0M (0%)           0 / 0              0 / 0              0 / 0        
[143.386s][info   ][gc,reloc    ] GC(77) y: Survivor 4         0M (0%)            1M (0%)           1 / 0              0 / 0              0 / 0        
[143.386s][info   ][gc,reloc    ] GC(77) y: Survivor 5          -                 0M (0%)           0 / 0              0 / 0              0 / 0        
[143.386s][info   ][gc,reloc    ] GC(77) y: Survivor 6          -                 0M (0%)           0 / 0              0 / 0              0 / 0        
[143.386s][info   ][gc,reloc    ] GC(77) y: Survivor 7          -                 0M (0%)           0 / 0              0 / 0              0 / 0        
[143.386s][info   ][gc,reloc    ] GC(77) y: Survivor 8          -                 0M (0%)           0 / 0              0 / 0              0 / 0        
[143.386s][info   ][gc,reloc    ] GC(77) y: Survivor 9          -                 0M (0%)           0 / 0              0 / 0              0 / 0        
[143.386s][info   ][gc,reloc    ] GC(77) y: Survivor 10         -                 0M (0%)           0 / 0              0 / 0              0 / 0        
[143.386s][info   ][gc,reloc    ] GC(77) y: Survivor 11        1M (0%)            0M (0%)           1 / 1              0 / 0              0 / 0        
[143.386s][info   ][gc,reloc    ] GC(77) y: Survivor 12        0M (0%)            1M (0%)           1 / 1              0 / 0              0 / 0        
[143.386s][info   ][gc,heap     ] GC(77) y: Min Capacity: 8192M(100%)
[143.386s][info   ][gc,heap     ] GC(77) y: Max Capacity: 8192M(100%)
[143.386s][info   ][gc,heap     ] GC(77) y: Soft Max Capacity: 8192M(100%)
[143.386s][info   ][gc,heap     ] GC(77) y: Heap Statistics:
[143.386s][info   ][gc,heap     ] GC(77) y:                Mark Start          Mark End        Relocate Start      Relocate End           High               Low         
[143.386s][info   ][gc,heap     ] GC(77) y:  Capacity:     8192M (100%)       8192M (100%)       8192M (100%)       8192M (100%)       8192M (100%)       8192M (100%)   
[143.386s][info   ][gc,heap     ] GC(77) y:      Free:      430M (5%)          356M (4%)         7964M (97%)        7970M (97%)        7970M (97%)         356M (4%)     
[143.386s][info   ][gc,heap     ] GC(77) y:      Used:     7762M (95%)        7836M (96%)         228M (3%)          222M (3%)         7836M (96%)         222M (3%)     
[143.386s][info   ][gc,heap     ] GC(77) y: Young Generation Statistics:
[143.386s][info   ][gc,heap     ] GC(77) y:                Mark Start          Mark End        Relocate Start      Relocate End    
[143.386s][info   ][gc,heap     ] GC(77) y:      Used:     7694M (94%)        7768M (95%)         160M (2%)          154M (2%)     
[143.386s][info   ][gc,heap     ] GC(77) y:      Live:         -                64M (1%)           64M (1%)           64M (1%)     
[143.386s][info   ][gc,heap     ] GC(77) y:   Garbage:         -              7629M (93%)          11M (0%)            0M (0%)     
[143.386s][info   ][gc,heap     ] GC(77) y: Allocated:         -                74M (1%)           84M (1%)           89M (1%)     
[143.386s][info   ][gc,heap     ] GC(77) y: Reclaimed:         -                  -              7618M (93%)        7629M (93%)    
[143.386s][info   ][gc,heap     ] GC(77) y:  Promoted:         -                  -                 0M (0%)            0M (0%)     
[143.386s][info   ][gc,heap     ] GC(77) y: Compacted:         -                  -                  -                 4M (0%)     
[143.386s][info   ][gc,phases   ] GC(77) y: Young Generation 7762M(95%)->222M(3%) 0.024s
[143.386s][info   ][gc          ] GC(77) Minor Collection (High Usage) 7762M(95%)->222M(3%) 0.024s
[144.815s][info   ][gc          ] GC(78) Major Collection (Proactive)
[144.815s][info   ][gc,task     ] GC(78) Using 1 Workers for Young Generation
[144.815s][info   ][gc,task     ] GC(78) Using 1 Workers for Old Generation
[144.815s][info   ][gc,phases   ] GC(78) Y: Young Generation
[144.815s][info   ][gc,phases   ] GC(78) Y: Pause Mark Start (Major) 0.013ms
[144.847s][info   ][gc,phases   ] GC(78) Y: Concurrent Mark 31.938ms
[144.847s][info   ][gc,phases   ] GC(78) Y: Pause Mark End 0.015ms
[144.847s][info   ][gc,phases   ] GC(78) Y: Concurrent Mark Free 0.000ms
[144.847s][info   ][gc,phases   ] GC(78) Y: Concurrent Reset Relocation Set 0.001ms
[144.849s][info   ][gc,reloc    ] GC(78) Y: Using tenuring threshold: 14 (Computed)
[144.849s][info   ][gc,phases   ] GC(78) Y: Concurrent Select Relocation Set 1.763ms
[144.849s][info   ][gc,phases   ] GC(78) Y: Pause Relocate Start 0.008ms
[144.850s][info   ][gc,phases   ] GC(78) Y: Concurrent Relocate 0.988ms
[144.850s][info   ][gc,alloc    ] GC(78) Y:                         Mark Start        Mark End      Relocate Start    Relocate End   
[144.850s][info   ][gc,alloc    ] GC(78) Y: Allocation Stalls:          0                0                0                0         
[144.850s][info   ][gc,load     ] GC(78) Y: Load: 1.67 (14%) / 1.28 (11%) / 1.42 (12%)
[144.850s][info   ][gc,mmu      ] GC(78) Y: MMU: 2ms/98.5%, 5ms/99.4%, 10ms/99.7%, 20ms/99.8%, 50ms/99.9%, 100ms/99.9%
[144.850s][info   ][gc,marking  ] GC(78) Y: Mark: 1 stripe(s), 2 proactive flush(es), 1 terminate flush(es), 0 completion(s), 0 continuation(s) 
[144.850s][info   ][gc,marking  ] GC(78) Y: Mark Stack Usage: 32M
[144.850s][info   ][gc,nmethod  ] GC(78) Y: NMethods: 383 registered, 110 unregistered
[144.850s][info   ][gc,metaspace] GC(78) Y: Metaspace: 0M used, 0M committed, 1088M reserved
[144.850s][info   ][gc,reloc    ] GC(78) Y:                        Candidates     Selected     In-Place         Size        Empty    Relocated 
[144.850s][info   ][gc,reloc    ] GC(78) Y: Small Pages:                 2201            6            0        4402M        4324M           3M 
[144.850s][info   ][gc,reloc    ] GC(78) Y: Medium Pages:                   0            0            0           0M           0M           0M 
[144.850s][info   ][gc,reloc    ] GC(78) Y: Large Pages:                    0            0            0           0M           0M           0M 
[144.850s][info   ][gc,reloc    ] GC(78) Y: Forwarding Usage: 0M
[144.850s][info   ][gc,reloc    ] GC(78) Y: Age Table:
[144.850s][info   ][gc,reloc    ] GC(78) Y:                    Live             Garbage             Small              Medium             Large        
[144.850s][info   ][gc,reloc    ] GC(78) Y: Eden              63M (1%)         4268M (52%)       2166 / 4              0 / 0              0 / 0        
[144.850s][info   ][gc,reloc    ] GC(78) Y: Survivor 1          -                64M (1%)          32 / 0              0 / 0              0 / 0        
[144.850s][info   ][gc,reloc    ] GC(78) Y: Survivor 2          -                 0M (0%)           0 / 0              0 / 0              0 / 0        
[144.850s][info   ][gc,reloc    ] GC(78) Y: Survivor 3          -                 0M (0%)           0 / 0              0 / 0              0 / 0        
[144.850s][info   ][gc,reloc    ] GC(78) Y: Survivor 4          -                 0M (0%)           0 / 0              0 / 0              0 / 0        
[144.850s][info   ][gc,reloc    ] GC(78) Y: Survivor 5         0M (0%)            1M (0%)           1 / 0              0 / 0              0 / 0        
[144.850s][info   ][gc,reloc    ] GC(78) Y: Survivor 6          -                 0M (0%)           0 / 0              0 / 0              0 / 0        
[144.850s][info   ][gc,reloc    ] GC(78) Y: Survivor 7          -                 0M (0%)           0 / 0              0 / 0              0 / 0        
[144.850s][info   ][gc,reloc    ] GC(78) Y: Survivor 8          -                 0M (0%)           0 / 0              0 / 0              0 / 0        
[144.850s][info   ][gc,reloc    ] GC(78) Y: Survivor 9          -                 0M (0%)           0 / 0              0 / 0              0 / 0        
[144.850s][info   ][gc,reloc    ] GC(78) Y: Survivor 10         -                 0M (0%)           0 / 0              0 / 0              0 / 0        
[144.850s][info   ][gc,reloc    ] GC(78) Y: Survivor 11         -                 0M (0%)           0 / 0              0 / 0              0 / 0        
[144.850s][info   ][gc,reloc    ] GC(78) Y: Survivor 12        1M (0%)            0M (0%)           1 / 1              0 / 0              0 / 0        
[144.850s][info   ][gc,reloc    ] GC(78) Y: Survivor 13        0M (0%)            1M (0%)           1 / 1              0 / 0              0 / 0        
[144.850s][info   ][gc,heap     ] GC(78) Y: Min Capacity: 8192M(100%)
[144.850s][info   ][gc,heap     ] GC(78) Y: Max Capacity: 8192M(100%)
[144.850s][info   ][gc,heap     ] GC(78) Y: Soft Max Capacity: 8192M(100%)
[144.850s][info   ][gc,heap     ] GC(78) Y: Heap Statistics:
[144.850s][info   ][gc,heap     ] GC(78) Y:                Mark Start          Mark End        Relocate Start      Relocate End           High               Low         
[144.850s][info   ][gc,heap     ] GC(78) Y:  Capacity:     8192M (100%)       8192M (100%)       8192M (100%)       8192M (100%)       8192M (100%)       8192M (100%)   
[144.850s][info   ][gc,heap     ] GC(78) Y:      Free:     3722M (45%)        3626M (44%)        7950M (97%)        7958M (97%)        7958M (97%)        3626M (44%)    
[144.850s][info   ][gc,heap     ] GC(78) Y:      Used:     4470M (55%)        4566M (56%)         242M (3%)          234M (3%)         4566M (56%)         234M (3%)     
[144.850s][info   ][gc,heap     ] GC(78) Y: Young Generation Statistics:
[144.850s][info   ][gc,heap     ] GC(78) Y:                Mark Start          Mark End        Relocate Start      Relocate End    
[144.850s][info   ][gc,heap     ] GC(78) Y:      Used:     4402M (54%)        4498M (55%)         174M (2%)          166M (2%)     
[144.850s][info   ][gc,heap     ] GC(78) Y:      Live:         -                64M (1%)           64M (1%)           64M (1%)     
[144.850s][info   ][gc,heap     ] GC(78) Y:   Garbage:         -              4337M (53%)          13M (0%)            0M (0%)     
[144.850s][info   ][gc,heap     ] GC(78) Y: Allocated:         -                96M (1%)           96M (1%)          100M (1%)     
[144.850s][info   ][gc,heap     ] GC(78) Y: Reclaimed:         -                  -              4324M (53%)        4336M (53%)    
[144.850s][info   ][gc,heap     ] GC(78) Y:  Promoted:         -                  -                 0M (0%)            0M (0%)     
[144.850s][info   ][gc,heap     ] GC(78) Y: Compacted:         -                  -                  -                 5M (0%)     
[144.850s][info   ][gc,phases   ] GC(78) Y: Young Generation 4470M(55%)->234M(3%) 0.035s
[144.850s][info   ][gc,phases   ] GC(78) O: Old Generation
[144.880s][info   ][gc,phases   ] GC(78) O: Concurrent Mark 30.145ms
[144.880s][info   ][gc,phases   ] GC(78) O: Pause Mark End 0.014ms
[144.880s][info   ][gc,phases   ] GC(78) O: Concurrent Mark Free 0.000ms
[144.881s][info   ][gc,phases   ] GC(78) O: Concurrent Process Non-Strong 0.689ms
[144.881s][info   ][gc,phases   ] GC(78) O: Concurrent Reset Relocation Set 0.000ms
[144.882s][info   ][gc,phases   ] GC(78) O: Concurrent Select Relocation Set 0.950ms
[144.882s][info   ][gc,task     ] GC(78) O: Using 2 Workers for Old Generation
[144.886s][info   ][gc,task     ] GC(78) O: Using 1 Workers for Old Generation
[144.886s][info   ][gc,phases   ] GC(78) O: Concurrent Remap Roots 3.923ms
[144.886s][info   ][gc,phases   ] GC(78) O: Pause Relocate Start 0.005ms
[144.886s][info   ][gc,phases   ] GC(78) O: Concurrent Relocate 0.021ms
[144.886s][info   ][gc,alloc    ] GC(78) O:                         Mark Start        Mark End      Relocate Start    Relocate End   
[144.886s][info   ][gc,alloc    ] GC(78) O: Allocation Stalls:          0                0                0                0         
[144.886s][info   ][gc,load     ] GC(78) O: Load: 1.67 (14%) / 1.28 (11%) / 1.42 (12%)
[144.886s][info   ][gc,mmu      ] GC(78) O: MMU: 2ms/98.5%, 5ms/99.4%, 10ms/99.7%, 20ms/99.8%, 50ms/99.9%, 100ms/99.9%
[144.886s][info   ][gc,marking  ] GC(78) O: Mark: 1 stripe(s), 2 proactive flush(es), 1 terminate flush(es), 0 completion(s), 0 continuation(s) 
[144.886s][info   ][gc,marking  ] GC(78) O: Mark Stack Usage: 32M
[144.886s][info   ][gc,nmethod  ] GC(78) O: NMethods: 383 registered, 110 unregistered
[144.886s][info   ][gc,metaspace] GC(78) O: Metaspace: 0M used, 0M committed, 1088M reserved
[144.886s][info   ][gc,ref      ] GC(78) O:                       Encountered   Discovered     Enqueued 
[144.886s][info   ][gc,ref      ] GC(78) O: Soft References:               64            0            0 
[144.886s][info   ][gc,ref      ] GC(78) O: Weak References:              217          164            0 
[144.886s][info   ][gc,ref      ] GC(78) O: Final References:               0            0            0 
[144.886s][info   ][gc,ref      ] GC(78) O: Phantom References:             5            3            0 
[144.886s][info   ][gc,reloc    ] GC(78) O:                        Candidates     Selected     In-Place         Size        Empty    Relocated 
[144.886s][info   ][gc,reloc    ] GC(78) O: Small Pages:                   34            0            0          68M           0M           0M 
[144.886s][info   ][gc,reloc    ] GC(78) O: Medium Pages:                   0            0            0           0M           0M           0M 
[144.886s][info   ][gc,reloc    ] GC(78) O: Large Pages:                    0            0            0           0M           0M           0M 
[144.886s][info   ][gc,reloc    ] GC(78) O: Forwarding Usage: 0M
[144.886s][info   ][gc,heap     ] GC(78) O: Min Capacity: 8192M(100%)
[144.886s][info   ][gc,heap     ] GC(78) O: Max Capacity: 8192M(100%)
[144.886s][info   ][gc,heap     ] GC(78) O: Soft Max Capacity: 8192M(100%)
[144.886s][info   ][gc,heap     ] GC(78) O: Heap Statistics:
[144.886s][info   ][gc,heap     ] GC(78) O:                Mark Start          Mark End        Relocate Start      Relocate End           High               Low         
[144.886s][info   ][gc,heap     ] GC(78) O:  Capacity:     8192M (100%)       8192M (100%)       8192M (100%)       8192M (100%)       8192M (100%)       8192M (100%)   
[144.886s][info   ][gc,heap     ] GC(78) O:      Free:     3722M (45%)        7868M (96%)        7840M (96%)        7840M (96%)        7958M (97%)        3626M (44%)    
[144.886s][info   ][gc,heap     ] GC(78) O:      Used:     4470M (55%)         324M (4%)          352M (4%)          352M (4%)         4566M (56%)         234M (3%)     
[144.886s][info   ][gc,heap     ] GC(78) O: Old Generation Statistics:
[144.886s][info   ][gc,heap     ] GC(78) O:                Mark Start          Mark End        Relocate Start      Relocate End    
[144.886s][info   ][gc,heap     ] GC(78) O:      Used:       68M (1%)           68M (1%)           68M (1%)           68M (1%)     
[144.886s][info   ][gc,heap     ] GC(78) O:      Live:         -                64M (1%)           64M (1%)           64M (1%)     
[144.886s][info   ][gc,heap     ] GC(78) O:   Garbage:         -                 3M (0%)            3M (0%)            3M (0%)     
[144.886s][info   ][gc,heap     ] GC(78) O: Allocated:         -                 0M (0%)            0M (0%)            0M (0%)     
[144.886s][info   ][gc,heap     ] GC(78) O: Reclaimed:         -                  -                 0M (0%)            0M (0%)     
[144.886s][info   ][gc,heap     ] GC(78) O: Compacted:         -                  -                  -                 0M (0%)     
[144.886s][info   ][gc,phases   ] GC(78) O: Old Generation 234M(3%)->352M(4%) 0.036s
[144.886s][info   ][gc          ] GC(78) Major Collection (Proactive) 4470M(55%)->352M(4%) 0.071s
[147.384s][info   ][gc          ] GC(79) Minor Collection (High Usage)
[147.384s][info   ][gc,task     ] GC(79) Using 1 Workers for Young Generation
[147.384s][info   ][gc,phases   ] GC(79) y: Young Generation
[147.384s][info   ][gc,phases   ] GC(79) y: Pause Mark Start 0.012ms
[147.407s][info   ][gc,phases   ] GC(79) y: Concurrent Mark 22.050ms
[147.407s][info   ][gc,phases   ] GC(79) y: Pause Mark End 0.017ms
[147.407s][info   ][gc,phases   ] GC(79) y: Concurrent Mark Free 0.000ms
[147.407s][info   ][gc,phases   ] GC(79) y: Concurrent Reset Relocation Set 0.002ms
[147.408s][info   ][gc,reloc    ] GC(79) y: Using tenuring threshold: 15 (Computed)
[147.408s][info   ][gc,phases   ] GC(79) y: Concurrent Select Relocation Set 1.387ms
[147.408s][info   ][gc,phases   ] GC(79) y: Pause Relocate Start 0.006ms
[147.409s][info   ][gc,phases   ] GC(79) y: Concurrent Relocate 0.690ms
[147.409s][info   ][gc,alloc    ] GC(79) y:                         Mark Start        Mark End      Relocate Start    Relocate End   
[147.409s][info   ][gc,alloc    ] GC(79) y: Allocation Stalls:          0                0                0                0         
[147.409s][info   ][gc,load     ] GC(79) y: Load: 1.67 (14%) / 1.28 (11%) / 1.42 (12%)
[147.409s][info   ][gc,mmu      ] GC(79) y: MMU: 2ms/98.5%, 5ms/99.4%, 10ms/99.7%, 20ms/99.8%, 50ms/99.9%, 100ms/99.9%
[147.409s][info   ][gc,marking  ] GC(79) y: Mark: 1 stripe(s), 2 proactive flush(es), 1 terminate flush(es), 0 completion(s), 0 continuation(s) 
[147.409s][info   ][gc,marking  ] GC(79) y: Mark Stack Usage: 32M
[147.409s][info   ][gc,nmethod  ] GC(79) y: NMethods: 383 registered, 110 unregistered
[147.409s][info   ][gc,metaspace] GC(79) y: Metaspace: 0M used, 0M committed, 1088M reserved
[147.409s][info   ][gc,reloc    ] GC(79) y:                        Candidates     Selected     In-Place         Size        Empty    Relocated 
[147.409s][info   ][gc,reloc    ] GC(79) y: Small Pages:                 3855            6            0        7710M        7630M           3M 
[147.409s][info   ][gc,reloc    ] GC(79) y: Medium Pages:                   0            0            0           0M           0M           0M 
[147.409s][info   ][gc,reloc    ] GC(79) y: Large Pages:                    0            0            0           0M           0M           0M 
[147.409s][info   ][gc,reloc    ] GC(79) y: Forwarding Usage: 0M
[147.409s][info   ][gc,reloc    ] GC(79) y: Age Table:
[147.409s][info   ][gc,reloc    ] GC(79) y:                    Live             Garbage             Small              Medium             Large        
[147.409s][info   ][gc,reloc    ] GC(79) y: Eden              63M (1%)         7576M (92%)       3820 / 5              0 / 0              0 / 0        
[147.409s][info   ][gc,reloc    ] GC(79) y: Survivor 1          -                64M (1%)          32 / 0              0 / 0              0 / 0        
[147.409s][info   ][gc,reloc    ] GC(79) y: Survivor 2          -                 0M (0%)           0 / 0              0 / 0              0 / 0        
[147.409s][info   ][gc,reloc    ] GC(79) y: Survivor 3          -                 0M (0%)           0 / 0              0 / 0              0 / 0        
[147.409s][info   ][gc,reloc    ] GC(79) y: Survivor 4          -                 0M (0%)           0 / 0              0 / 0              0 / 0        
[147.409s][info   ][gc,reloc    ] GC(79) y: Survivor 5          -                 0M (0%)           0 / 0              0 / 0              0 / 0        
[147.409s][info   ][gc,reloc    ] GC(79) y: Survivor 6         0M (0%)            1M (0%)           1 / 0              0 / 0              0 / 0        
[147.409s][info   ][gc,reloc    ] GC(79) y: Survivor 7          -                 0M (0%)           0 / 0              0 / 0              0 / 0        
[147.409s][info   ][gc,reloc    ] GC(79) y: Survivor 8          -                 0M (0%)           0 / 0              0 / 0              0 / 0        
[147.409s][info   ][gc,reloc    ] GC(79) y: Survivor 9          -                 0M (0%)           0 / 0              0 / 0              0 / 0        
[147.409s][info   ][gc,reloc    ] GC(79) y: Survivor 10         -                 0M (0%)           0 / 0              0 / 0              0 / 0        
[147.409s][info   ][gc,reloc    ] GC(79) y: Survivor 11         -                 0M (0%)           0 / 0              0 / 0              0 / 0        
[147.409s][info   ][gc,reloc    ] GC(79) y: Survivor 12         -                 0M (0%)           0 / 0              0 / 0              0 / 0        
[147.409s][info   ][gc,reloc    ] GC(79) y: Survivor 13        1M (0%)            0M (0%)           1 / 0              0 / 0              0 / 0        
[147.409s][info   ][gc,reloc    ] GC(79) y: Survivor 14        0M (0%)            1M (0%)           1 / 1              0 / 0              0 / 0        
[147.409s][info   ][gc,heap     ] GC(79) y: Min Capacity: 8192M(100%)
[147.409s][info   ][gc,heap     ] GC(79) y: Max Capacity: 8192M(100%)
[147.409s][info   ][gc,heap     ] GC(79) y: Soft Max Capacity: 8192M(100%)
[147.409s][info   ][gc,heap     ] GC(79) y: Heap Statistics:
[147.409s][info   ][gc,heap     ] GC(79) y:                Mark Start          Mark End        Relocate Start      Relocate End           High               Low         
[147.409s][info   ][gc,heap     ] GC(79) y:  Capacity:     8192M (100%)       8192M (100%)       8192M (100%)       8192M (100%)       8192M (100%)       8192M (100%)   
[147.409s][info   ][gc,heap     ] GC(79) y:      Free:      414M (5%)          346M (4%)         7974M (97%)        7982M (97%)        7982M (97%)         346M (4%)     
[147.409s][info   ][gc,heap     ] GC(79) y:      Used:     7778M (95%)        7846M (96%)         218M (3%)          210M (3%)         7846M (96%)         210M (3%)     
[147.409s][info   ][gc,heap     ] GC(79) y: Young Generation Statistics:
[147.409s][info   ][gc,heap     ] GC(79) y:                Mark Start          Mark End        Relocate Start      Relocate End    
[147.409s][info   ][gc,heap     ] GC(79) y:      Used:     7710M (94%)        7778M (95%)         150M (2%)          140M (2%)     
[147.409s][info   ][gc,heap     ] GC(79) y:      Live:         -                64M (1%)           64M (1%)           64M (1%)     
[147.409s][info   ][gc,heap     ] GC(79) y:   Garbage:         -              7645M (93%)          15M (0%)            2M (0%)     
[147.409s][info   ][gc,heap     ] GC(79) y: Allocated:         -                68M (1%)           70M (1%)           72M (1%)     
[147.409s][info   ][gc,heap     ] GC(79) y: Reclaimed:         -                  -              7630M (93%)        7642M (93%)    
[147.409s][info   ][gc,heap     ] GC(79) y:  Promoted:         -                  -                 0M (0%)            0M (0%)     
[147.409s][info   ][gc,heap     ] GC(79) y: Compacted:         -                  -                  -                 5M (0%)     
[147.409s][info   ][gc,phases   ] GC(79) y: Young Generation 7778M(95%)->210M(3%) 0.025s
[147.409s][info   ][gc          ] GC(79) Minor Collection (High Usage) 7778M(95%)->210M(3%) 0.025s
[149.102s][info   ][gc          ] GC(80) Major Collection (Proactive)
[149.102s][info   ][gc,task     ] GC(80) Using 1 Workers for Young Generation
[149.102s][info   ][gc,task     ] GC(80) Using 1 Workers for Old Generation
[149.102s][info   ][gc,phases   ] GC(80) Y: Young Generation
[149.102s][info   ][gc,phases   ] GC(80) Y: Pause Mark Start (Major) 0.007ms
[149.116s][info   ][gc,phases   ] GC(80) Y: Concurrent Mark 13.463ms
[149.116s][info   ][gc,phases   ] GC(80) Y: Pause Mark End 0.007ms
[149.116s][info   ][gc,phases   ] GC(80) Y: Concurrent Mark Free 0.000ms
[149.116s][info   ][gc,phases   ] GC(80) Y: Concurrent Reset Relocation Set 0.001ms
[149.117s][info   ][gc,reloc    ] GC(80) Y: Using tenuring threshold: 7 (Computed)
[149.117s][info   ][gc,phases   ] GC(80) Y: Concurrent Select Relocation Set 1.284ms
[149.117s][info   ][gc,phases   ] GC(80) Y: Pause Relocate Start 0.002ms
[149.117s][info   ][gc,phases   ] GC(80) Y: Concurrent Relocate 0.344ms
[149.117s][info   ][gc,alloc    ] GC(80) Y:                         Mark Start        Mark End      Relocate Start    Relocate End   
[149.117s][info   ][gc,alloc    ] GC(80) Y: Allocation Stalls:          0                0                0                0         
[149.117s][info   ][gc,load     ] GC(80) Y: Load: 1.54 (13%) / 1.26 (10%) / 1.41 (12%)
[149.117s][info   ][gc,mmu      ] GC(80) Y: MMU: 2ms/98.5%, 5ms/99.4%, 10ms/99.7%, 20ms/99.8%, 50ms/99.9%, 100ms/99.9%
[149.117s][info   ][gc,marking  ] GC(80) Y: Mark: 1 stripe(s), 2 proactive flush(es), 1 terminate flush(es), 0 completion(s), 0 continuation(s) 
[149.117s][info   ][gc,marking  ] GC(80) Y: Mark Stack Usage: 32M
[149.117s][info   ][gc,nmethod  ] GC(80) Y: NMethods: 383 registered, 110 unregistered
[149.117s][info   ][gc,metaspace] GC(80) Y: Metaspace: 0M used, 0M committed, 1088M reserved
[149.117s][info   ][gc,reloc    ] GC(80) Y:                        Candidates     Selected     In-Place         Size        Empty    Relocated 
[149.117s][info   ][gc,reloc    ] GC(80) Y: Small Pages:                 2588            3            0        5176M        5100M           1M 
[149.117s][info   ][gc,reloc    ] GC(80) Y: Medium Pages:                   0            0            0           0M           0M           0M 
[149.117s][info   ][gc,reloc    ] GC(80) Y: Large Pages:                    0            0            0           0M           0M           0M 
[149.117s][info   ][gc,reloc    ] GC(80) Y: Forwarding Usage: 0M
[149.117s][info   ][gc,reloc    ] GC(80) Y: Age Table:
[149.117s][info   ][gc,reloc    ] GC(80) Y:                    Live             Garbage             Small              Medium             Large        
[149.117s][info   ][gc,reloc    ] GC(80) Y: Eden              63M (1%)         5042M (62%)       2553 / 3              0 / 0              0 / 0        
[149.117s][info   ][gc,reloc    ] GC(80) Y: Survivor 1          -                66M (1%)          33 / 0              0 / 0              0 / 0        
[149.117s][info   ][gc,reloc    ] GC(80) Y: Survivor 2          -                 0M (0%)           0 / 0              0 / 0              0 / 0        
[149.117s][info   ][gc,reloc    ] GC(80) Y: Survivor 3          -                 0M (0%)           0 / 0              0 / 0              0 / 0        
[149.117s][info   ][gc,reloc    ] GC(80) Y: Survivor 4          -                 0M (0%)           0 / 0              0 / 0              0 / 0        
[149.117s][info   ][gc,reloc    ] GC(80) Y: Survivor 5          -                 0M (0%)           0 / 0              0 / 0              0 / 0        
[149.117s][info   ][gc,reloc    ] GC(80) Y: Survivor 6          -                 0M (0%)           0 / 0              0 / 0              0 / 0        
[149.117s][info   ][gc,reloc    ] GC(80) Y: Survivor 7         0M (0%)            1M (0%)           1 / 0              0 / 0              0 / 0        
[149.117s][info   ][gc,reloc    ] GC(80) Y: Survivor 8          -                 0M (0%)           0 / 0              0 / 0              0 / 0        
[149.117s][info   ][gc,reloc    ] GC(80) Y: Survivor 9          -                 0M (0%)           0 / 0              0 / 0              0 / 0        
[149.117s][info   ][gc,reloc    ] GC(80) Y: Survivor 10         -                 0M (0%)           0 / 0              0 / 0              0 / 0        
[149.117s][info   ][gc,reloc    ] GC(80) Y: Survivor 11         -                 0M (0%)           0 / 0              0 / 0              0 / 0        
[149.117s][info   ][gc,reloc    ] GC(80) Y: Survivor 12         -                 0M (0%)           0 / 0              0 / 0              0 / 0        
[149.117s][info   ][gc,reloc    ] GC(80) Y: Survivor 13         -                 0M (0%)           0 / 0              0 / 0              0 / 0        
[149.117s][info   ][gc,reloc    ] GC(80) Y: Survivor 14        1M (0%)            0M (0%)           1 / 0              0 / 0              0 / 0        
[149.117s][info   ][gc,heap     ] GC(80) Y: Min Capacity: 8192M(100%)
[149.117s][info   ][gc,heap     ] GC(80) Y: Max Capacity: 8192M(100%)
[149.117s][info   ][gc,heap     ] GC(80) Y: Soft Max Capacity: 8192M(100%)
[149.117s][info   ][gc,heap     ] GC(80) Y: Heap Statistics:
[149.117s][info   ][gc,heap     ] GC(80) Y:                Mark Start          Mark End        Relocate Start      Relocate End           High               Low         
[149.117s][info   ][gc,heap     ] GC(80) Y:  Capacity:     8192M (100%)       8192M (100%)       8192M (100%)       8192M (100%)       8192M (100%)       8192M (100%)   
[149.117s][info   ][gc,heap     ] GC(80) Y:      Free:     2946M (36%)        2896M (35%)        7996M (98%)        8000M (98%)        8000M (98%)        2896M (35%)    
[149.117s][info   ][gc,heap     ] GC(80) Y:      Used:     5246M (64%)        5296M (65%)         196M (2%)          192M (2%)         5296M (65%)         192M (2%)     
[149.117s][info   ][gc,heap     ] GC(80) Y: Young Generation Statistics:
[149.117s][info   ][gc,heap     ] GC(80) Y:                Mark Start          Mark End        Relocate Start      Relocate End    
[149.117s][info   ][gc,heap     ] GC(80) Y:      Used:     5176M (63%)        5226M (64%)         124M (2%)          118M (1%)     
[149.117s][info   ][gc,heap     ] GC(80) Y:      Live:         -                64M (1%)           63M (1%)           63M (1%)     
[149.117s][info   ][gc,heap     ] GC(80) Y:   Garbage:         -              5111M (62%)          10M (0%)            4M (0%)     
[149.117s][info   ][gc,heap     ] GC(80) Y: Allocated:         -                50M (1%)           50M (1%)           50M (1%)     
[149.117s][info   ][gc,heap     ] GC(80) Y: Reclaimed:         -                  -              5100M (62%)        5107M (62%)    
[149.117s][info   ][gc,heap     ] GC(80) Y:  Promoted:         -                  -                 1M (0%)            1M (0%)     
[149.117s][info   ][gc,heap     ] GC(80) Y: Compacted:         -                  -                  -                 1M (0%)     
[149.117s][info   ][gc,phases   ] GC(80) Y: Young Generation 5246M(64%)->192M(2%) 0.015s
[149.117s][info   ][gc,phases   ] GC(80) O: Old Generation
[149.137s][info   ][gc,phases   ] GC(80) O: Concurrent Mark 19.865ms
[149.137s][info   ][gc,phases   ] GC(80) O: Pause Mark End 0.007ms
[149.137s][info   ][gc,phases   ] GC(80) O: Concurrent Mark Free 0.000ms
[149.138s][info   ][gc,phases   ] GC(80) O: Concurrent Process Non-Strong 0.552ms
[149.138s][info   ][gc,phases   ] GC(80) O: Concurrent Reset Relocation Set 0.000ms
[149.139s][info   ][gc,phases   ] GC(80) O: Concurrent Select Relocation Set 0.953ms
[149.139s][info   ][gc,task     ] GC(80) O: Using 2 Workers for Old Generation
[149.142s][info   ][gc,task     ] GC(80) O: Using 1 Workers for Old Generation
[149.142s][info   ][gc,phases   ] GC(80) O: Concurrent Remap Roots 2.983ms
[149.142s][info   ][gc,phases   ] GC(80) O: Pause Relocate Start 0.004ms
[149.142s][info   ][gc,phases   ] GC(80) O: Concurrent Relocate 0.234ms
[149.142s][info   ][gc,alloc    ] GC(80) O:                         Mark Start        Mark End      Relocate Start    Relocate End   
[149.142s][info   ][gc,alloc    ] GC(80) O: Allocation Stalls:          0                0                0                0         
[149.142s][info   ][gc,load     ] GC(80) O: Load: 1.54 (13%) / 1.26 (10%) / 1.41 (12%)
[149.142s][info   ][gc,mmu      ] GC(80) O: MMU: 2ms/98.5%, 5ms/99.4%, 10ms/99.7%, 20ms/99.8%, 50ms/99.9%, 100ms/99.9%
[149.142s][info   ][gc,marking  ] GC(80) O: Mark: 1 stripe(s), 2 proactive flush(es), 1 terminate flush(es), 0 completion(s), 0 continuation(s) 
[149.142s][info   ][gc,marking  ] GC(80) O: Mark Stack Usage: 32M
[149.142s][info   ][gc,nmethod  ] GC(80) O: NMethods: 383 registered, 110 unregistered
[149.142s][info   ][gc,metaspace] GC(80) O: Metaspace: 0M used, 0M committed, 1088M reserved
[149.142s][info   ][gc,ref      ] GC(80) O:                       Encountered   Discovered     Enqueued 
[149.142s][info   ][gc,ref      ] GC(80) O: Soft References:               64            0            0 
[149.142s][info   ][gc,ref      ] GC(80) O: Weak References:              217          164            0 
[149.142s][info   ][gc,ref      ] GC(80) O: Final References:               0            0            0 
[149.142s][info   ][gc,ref      ] GC(80) O: Phantom References:             5            3            0 
[149.142s][info   ][gc,reloc    ] GC(80) O:                        Candidates     Selected     In-Place         Size        Empty    Relocated 
[149.142s][info   ][gc,reloc    ] GC(80) O: Small Pages:                   35            1            0          70M           0M           1M 
[149.142s][info   ][gc,reloc    ] GC(80) O: Medium Pages:                   0            0            0           0M           0M           0M 
[149.142s][info   ][gc,reloc    ] GC(80) O: Large Pages:                    0            0            0           0M           0M           0M 
[149.142s][info   ][gc,reloc    ] GC(80) O: Forwarding Usage: 0M
[149.142s][info   ][gc,heap     ] GC(80) O: Min Capacity: 8192M(100%)
[149.142s][info   ][gc,heap     ] GC(80) O: Max Capacity: 8192M(100%)
[149.142s][info   ][gc,heap     ] GC(80) O: Soft Max Capacity: 8192M(100%)
[149.142s][info   ][gc,heap     ] GC(80) O: Heap Statistics:
[149.142s][info   ][gc,heap     ] GC(80) O:                Mark Start          Mark End        Relocate Start      Relocate End           High               Low         
[149.142s][info   ][gc,heap     ] GC(80) O:  Capacity:     8192M (100%)       8192M (100%)       8192M (100%)       8192M (100%)       8192M (100%)       8192M (100%)   
[149.142s][info   ][gc,heap     ] GC(80) O:      Free:     2946M (36%)        7940M (97%)        7934M (97%)        7934M (97%)        8000M (98%)        2896M (35%)    
[149.142s][info   ][gc,heap     ] GC(80) O:      Used:     5246M (64%)         252M (3%)          258M (3%)          258M (3%)         5296M (65%)         192M (2%)     
[149.142s][info   ][gc,heap     ] GC(80) O: Old Generation Statistics:
[149.142s][info   ][gc,heap     ] GC(80) O:                Mark Start          Mark End        Relocate Start      Relocate End    
[149.142s][info   ][gc,heap     ] GC(80) O:      Used:       70M (1%)           74M (1%)           74M (1%)           72M (1%)     
[149.142s][info   ][gc,heap     ] GC(80) O:      Live:         -                64M (1%)           64M (1%)           64M (1%)     
[149.142s][info   ][gc,heap     ] GC(80) O:   Garbage:         -                 5M (0%)            5M (0%)            2M (0%)     
[149.142s][info   ][gc,heap     ] GC(80) O: Allocated:         -                 4M (0%)            4M (0%)            4M (0%)     
[149.142s][info   ][gc,heap     ] GC(80) O: Reclaimed:         -                  -                 0M (0%)            2M (0%)     
[149.142s][info   ][gc,heap     ] GC(80) O: Compacted:         -                  -                  -                 1M (0%)     
[149.142s][info   ][gc,phases   ] GC(80) O: Old Generation 192M(2%)->258M(3%) 0.025s
[149.142s][info   ][gc          ] GC(80) Major Collection (Proactive) 5246M(64%)->260M(3%) 0.040s
[151.662s][info   ][gc          ] GC(81) Minor Collection (High Usage)
[151.662s][info   ][gc,task     ] GC(81) Using 1 Workers for Young Generation
[151.662s][info   ][gc,phases   ] GC(81) y: Young Generation
[151.662s][info   ][gc,phases   ] GC(81) y: Pause Mark Start 0.004ms
[151.674s][info   ][gc,phases   ] GC(81) y: Concurrent Mark 11.294ms
[151.674s][info   ][gc,phases   ] GC(81) y: Pause Mark End 0.007ms
[151.674s][info   ][gc,phases   ] GC(81) y: Concurrent Mark Free 0.000ms
[151.674s][info   ][gc,phases   ] GC(81) y: Concurrent Reset Relocation Set 0.003ms
[151.675s][info   ][gc,reloc    ] GC(81) y: Using tenuring threshold: 1 (Computed)
[151.675s][info   ][gc,phases   ] GC(81) y: Concurrent Select Relocation Set 1.229ms
[151.675s][info   ][gc,phases   ] GC(81) y: Pause Relocate Start 0.003ms
[151.675s][info   ][gc,phases   ] GC(81) y: Concurrent Relocate 0.354ms
[151.675s][info   ][gc,alloc    ] GC(81) y:                         Mark Start        Mark End      Relocate Start    Relocate End   
[151.675s][info   ][gc,alloc    ] GC(81) y: Allocation Stalls:          0                0                0                0         
[151.675s][info   ][gc,load     ] GC(81) y: Load: 1.54 (13%) / 1.26 (10%) / 1.41 (12%)
[151.675s][info   ][gc,mmu      ] GC(81) y: MMU: 2ms/98.5%, 5ms/99.4%, 10ms/99.7%, 20ms/99.8%, 50ms/99.9%, 100ms/99.9%
[151.675s][info   ][gc,marking  ] GC(81) y: Mark: 1 stripe(s), 2 proactive flush(es), 1 terminate flush(es), 0 completion(s), 0 continuation(s) 
[151.675s][info   ][gc,marking  ] GC(81) y: Mark Stack Usage: 32M
[151.675s][info   ][gc,nmethod  ] GC(81) y: NMethods: 383 registered, 110 unregistered
[151.675s][info   ][gc,metaspace] GC(81) y: Metaspace: 0M used, 0M committed, 1088M reserved
[151.675s][info   ][gc,reloc    ] GC(81) y:                        Candidates     Selected     In-Place         Size        Empty    Relocated 
[151.675s][info   ][gc,reloc    ] GC(81) y: Small Pages:                 3842            3            0        7684M        7612M           2M 
[151.675s][info   ][gc,reloc    ] GC(81) y: Medium Pages:                   0            0            0           0M           0M           0M 
[151.675s][info   ][gc,reloc    ] GC(81) y: Large Pages:                    0            0            0           0M           0M           0M 
[151.675s][info   ][gc,reloc    ] GC(81) y: Forwarding Usage: 0M
[151.675s][info   ][gc,reloc    ] GC(81) y: Age Table:
[151.675s][info   ][gc,reloc    ] GC(81) y:                    Live             Garbage             Small              Medium             Large        
[151.675s][info   ][gc,reloc    ] GC(81) y: Eden              63M (1%)         7552M (92%)       3808 / 3              0 / 0              0 / 0        
[151.675s][info   ][gc,reloc    ] GC(81) y: Survivor 1          -                68M (1%)          34 / 0              0 / 0              0 / 0        
[151.675s][info   ][gc,heap     ] GC(81) y: Min Capacity: 8192M(100%)
[151.675s][info   ][gc,heap     ] GC(81) y: Max Capacity: 8192M(100%)
[151.675s][info   ][gc,heap     ] GC(81) y: Soft Max Capacity: 8192M(100%)
[151.675s][info   ][gc,heap     ] GC(81) y: Heap Statistics:
[151.675s][info   ][gc,heap     ] GC(81) y:                Mark Start          Mark End        Relocate Start      Relocate End           High               Low         
[151.675s][info   ][gc,heap     ] GC(81) y:  Capacity:     8192M (100%)       8192M (100%)       8192M (100%)       8192M (100%)       8192M (100%)       8192M (100%)   
[151.675s][info   ][gc,heap     ] GC(81) y:      Free:      436M (5%)          392M (5%)         8000M (98%)        8006M (98%)        8006M (98%)         392M (5%)     
[151.675s][info   ][gc,heap     ] GC(81) y:      Used:     7756M (95%)        7800M (95%)         192M (2%)          186M (2%)         7800M (95%)         186M (2%)     
[151.675s][info   ][gc,heap     ] GC(81) y: Young Generation Statistics:
[151.675s][info   ][gc,heap     ] GC(81) y:                Mark Start          Mark End        Relocate Start      Relocate End    
[151.675s][info   ][gc,heap     ] GC(81) y:      Used:     7684M (94%)        7728M (94%)         120M (1%)          114M (1%)     
[151.675s][info   ][gc,heap     ] GC(81) y:      Live:         -                63M (1%)           63M (1%)           63M (1%)     
[151.675s][info   ][gc,heap     ] GC(81) y:   Garbage:         -              7620M (93%)           8M (0%)            1M (0%)     
[151.675s][info   ][gc,heap     ] GC(81) y: Allocated:         -                44M (1%)           48M (1%)           48M (1%)     
[151.675s][info   ][gc,heap     ] GC(81) y: Reclaimed:         -                  -              7612M (93%)        7618M (93%)    
[151.675s][info   ][gc,heap     ] GC(81) y:  Promoted:         -                  -                 0M (0%)            0M (0%)     
[151.675s][info   ][gc,heap     ] GC(81) y: Compacted:         -                  -                  -                 3M (0%)     
[151.675s][info   ][gc,phases   ] GC(81) y: Young Generation 7756M(95%)->186M(2%) 0.013s
[151.675s][info   ][gc          ] GC(81) Minor Collection (High Usage) 7756M(95%)->186M(2%) 0.013s
[152.919s][info   ][gc          ] GC(82) Major Collection (Proactive)
[152.919s][info   ][gc,task     ] GC(82) Using 1 Workers for Young Generation
[152.919s][info   ][gc,task     ] GC(82) Using 1 Workers for Old Generation
[152.919s][info   ][gc,phases   ] GC(82) Y: Young Generation
[152.919s][info   ][gc,phases   ] GC(82) Y: Pause Mark Start (Major) 0.011ms
[152.945s][info   ][gc,phases   ] GC(82) Y: Concurrent Mark 26.352ms
[152.945s][info   ][gc,phases   ] GC(82) Y: Pause Mark End 0.010ms
[152.945s][info   ][gc,phases   ] GC(82) Y: Concurrent Mark Free 0.001ms
[152.945s][info   ][gc,phases   ] GC(82) Y: Concurrent Reset Relocation Set 0.001ms
[152.946s][info   ][gc,reloc    ] GC(82) Y: Using tenuring threshold: 1 (Computed)
[152.946s][info   ][gc,phases   ] GC(82) Y: Concurrent Select Relocation Set 1.078ms
[152.946s][info   ][gc,phases   ] GC(82) Y: Pause Relocate Start 0.004ms
[152.947s][info   ][gc,phases   ] GC(82) Y: Concurrent Relocate 0.417ms
[152.947s][info   ][gc,alloc    ] GC(82) Y:                         Mark Start        Mark End      Relocate Start    Relocate End   
[152.947s][info   ][gc,alloc    ] GC(82) Y: Allocation Stalls:          0                0                0                0         
[152.947s][info   ][gc,load     ] GC(82) Y: Load: 1.54 (13%) / 1.26 (10%) / 1.41 (12%)
[152.947s][info   ][gc,mmu      ] GC(82) Y: MMU: 2ms/98.5%, 5ms/99.4%, 10ms/99.7%, 20ms/99.8%, 50ms/99.9%, 100ms/99.9%
[152.947s][info   ][gc,marking  ] GC(82) Y: Mark: 1 stripe(s), 2 proactive flush(es), 1 terminate flush(es), 0 completion(s), 0 continuation(s) 
[152.947s][info   ][gc,marking  ] GC(82) Y: Mark Stack Usage: 32M
[152.947s][info   ][gc,nmethod  ] GC(82) Y: NMethods: 383 registered, 110 unregistered
[152.947s][info   ][gc,metaspace] GC(82) Y: Metaspace: 0M used, 0M committed, 1088M reserved
[152.947s][info   ][gc,reloc    ] GC(82) Y:                        Candidates     Selected     In-Place         Size        Empty    Relocated 
[152.947s][info   ][gc,reloc    ] GC(82) Y: Small Pages:                 1901            4            0        3802M        3728M           2M 
[152.947s][info   ][gc,reloc    ] GC(82) Y: Medium Pages:                   0            0            0           0M           0M           0M 
[152.947s][info   ][gc,reloc    ] GC(82) Y: Large Pages:                    0            0            0           0M           0M           0M 
[152.947s][info   ][gc,reloc    ] GC(82) Y: Forwarding Usage: 0M
[152.947s][info   ][gc,reloc    ] GC(82) Y: Age Table:
[152.947s][info   ][gc,reloc    ] GC(82) Y:                    Live             Garbage             Small              Medium             Large        
[152.947s][info   ][gc,reloc    ] GC(82) Y: Eden              63M (1%)         3672M (45%)       1868 / 4              0 / 0              0 / 0        
[152.947s][info   ][gc,reloc    ] GC(82) Y: Survivor 1          -                66M (1%)          33 / 0              0 / 0              0 / 0        
[152.947s][info   ][gc,heap     ] GC(82) Y: Min Capacity: 8192M(100%)
[152.947s][info   ][gc,heap     ] GC(82) Y: Max Capacity: 8192M(100%)
[152.947s][info   ][gc,heap     ] GC(82) Y: Soft Max Capacity: 8192M(100%)
[152.947s][info   ][gc,heap     ] GC(82) Y: Heap Statistics:
[152.947s][info   ][gc,heap     ] GC(82) Y:                Mark Start          Mark End        Relocate Start      Relocate End           High               Low         
[152.947s][info   ][gc,heap     ] GC(82) Y:  Capacity:     8192M (100%)       8192M (100%)       8192M (100%)       8192M (100%)       8192M (100%)       8192M (100%)   
[152.947s][info   ][gc,heap     ] GC(82) Y:      Free:     4318M (53%)        4230M (52%)        7956M (97%)        7964M (97%)        7964M (97%)        4230M (52%)    
[152.947s][info   ][gc,heap     ] GC(82) Y:      Used:     3874M (47%)        3962M (48%)         236M (3%)          228M (3%)         3962M (48%)         228M (3%)     
[152.947s][info   ][gc,heap     ] GC(82) Y: Young Generation Statistics:
[152.947s][info   ][gc,heap     ] GC(82) Y:                Mark Start          Mark End        Relocate Start      Relocate End    
[152.947s][info   ][gc,heap     ] GC(82) Y:      Used:     3802M (46%)        3890M (47%)         164M (2%)          156M (2%)     
[152.947s][info   ][gc,heap     ] GC(82) Y:      Live:         -                63M (1%)           63M (1%)           63M (1%)     
[152.947s][info   ][gc,heap     ] GC(82) Y:   Garbage:         -              3738M (46%)          10M (0%)            1M (0%)     
[152.947s][info   ][gc,heap     ] GC(82) Y: Allocated:         -                88M (1%)           90M (1%)           90M (1%)     
[152.947s][info   ][gc,heap     ] GC(82) Y: Reclaimed:         -                  -              3728M (46%)        3736M (46%)    
[152.947s][info   ][gc,heap     ] GC(82) Y:  Promoted:         -                  -                 0M (0%)            0M (0%)     
[152.947s][info   ][gc,heap     ] GC(82) Y: Compacted:         -                  -                  -                 3M (0%)     
[152.947s][info   ][gc,phases   ] GC(82) Y: Young Generation 3874M(47%)->228M(3%) 0.028s
[152.947s][info   ][gc,phases   ] GC(82) O: Old Generation
[152.975s][info   ][gc,phases   ] GC(82) O: Concurrent Mark 28.314ms
[152.975s][info   ][gc,phases   ] GC(82) O: Pause Mark End 0.008ms
[152.975s][info   ][gc,phases   ] GC(82) O: Concurrent Mark Free 0.000ms
[152.976s][info   ][gc,phases   ] GC(82) O: Concurrent Process Non-Strong 0.542ms
[152.976s][info   ][gc,phases   ] GC(82) O: Concurrent Reset Relocation Set 0.000ms
[152.977s][info   ][gc,phases   ] GC(82) O: Concurrent Select Relocation Set 0.923ms
[152.977s][info   ][gc,task     ] GC(82) O: Using 2 Workers for Old Generation
[152.980s][info   ][gc,task     ] GC(82) O: Using 1 Workers for Old Generation
[152.980s][info   ][gc,phases   ] GC(82) O: Concurrent Remap Roots 3.000ms
[152.980s][info   ][gc,phases   ] GC(82) O: Pause Relocate Start 0.009ms
[152.980s][info   ][gc,phases   ] GC(82) O: Concurrent Relocate 0.207ms
[152.980s][info   ][gc,alloc    ] GC(82) O:                         Mark Start        Mark End      Relocate Start    Relocate End   
[152.980s][info   ][gc,alloc    ] GC(82) O: Allocation Stalls:          0                0                0                0         
[152.980s][info   ][gc,load     ] GC(82) O: Load: 1.54 (13%) / 1.26 (10%) / 1.41 (12%)
[152.980s][info   ][gc,mmu      ] GC(82) O: MMU: 2ms/98.5%, 5ms/99.4%, 10ms/99.7%, 20ms/99.8%, 50ms/99.9%, 100ms/99.9%
[152.980s][info   ][gc,marking  ] GC(82) O: Mark: 1 stripe(s), 2 proactive flush(es), 1 terminate flush(es), 0 completion(s), 0 continuation(s) 
[152.980s][info   ][gc,marking  ] GC(82) O: Mark Stack Usage: 32M
[152.980s][info   ][gc,nmethod  ] GC(82) O: NMethods: 383 registered, 110 unregistered
[152.980s][info   ][gc,metaspace] GC(82) O: Metaspace: 0M used, 0M committed, 1088M reserved
[152.980s][info   ][gc,ref      ] GC(82) O:                       Encountered   Discovered     Enqueued 
[152.980s][info   ][gc,ref      ] GC(82) O: Soft References:               64            0            0 
[152.980s][info   ][gc,ref      ] GC(82) O: Weak References:              217          165            0 
[152.980s][info   ][gc,ref      ] GC(82) O: Final References:               0            0            0 
[152.980s][info   ][gc,ref      ] GC(82) O: Phantom References:             5            3            0 
[152.980s][info   ][gc,reloc    ] GC(82) O:                        Candidates     Selected     In-Place         Size        Empty    Relocated 
[152.980s][info   ][gc,reloc    ] GC(82) O: Small Pages:                   36            1            0          72M           0M           1M 
[152.980s][info   ][gc,reloc    ] GC(82) O: Medium Pages:                   0            0            0           0M           0M           0M 
[152.980s][info   ][gc,reloc    ] GC(82) O: Large Pages:                    0            0            0           0M           0M           0M 
[152.980s][info   ][gc,reloc    ] GC(82) O: Forwarding Usage: 0M
[152.980s][info   ][gc,heap     ] GC(82) O: Min Capacity: 8192M(100%)
[152.980s][info   ][gc,heap     ] GC(82) O: Max Capacity: 8192M(100%)
[152.980s][info   ][gc,heap     ] GC(82) O: Soft Max Capacity: 8192M(100%)
[152.980s][info   ][gc,heap     ] GC(82) O: Heap Statistics:
[152.980s][info   ][gc,heap     ] GC(82) O:                Mark Start          Mark End        Relocate Start      Relocate End           High               Low         
[152.980s][info   ][gc,heap     ] GC(82) O:  Capacity:     8192M (100%)       8192M (100%)       8192M (100%)       8192M (100%)       8192M (100%)       8192M (100%)   
[152.980s][info   ][gc,heap     ] GC(82) O:      Free:     4318M (53%)        7874M (96%)        7874M (96%)        7876M (96%)        7964M (97%)        4230M (52%)    
[152.980s][info   ][gc,heap     ] GC(82) O:      Used:     3874M (47%)         318M (4%)          318M (4%)          316M (4%)         3962M (48%)         228M (3%)     
[152.980s][info   ][gc,heap     ] GC(82) O: Old Generation Statistics:
[152.980s][info   ][gc,heap     ] GC(82) O:                Mark Start          Mark End        Relocate Start      Relocate End    
[152.980s][info   ][gc,heap     ] GC(82) O:      Used:       72M (1%)           72M (1%)           72M (1%)           70M (1%)     
[152.980s][info   ][gc,heap     ] GC(82) O:      Live:         -                65M (1%)           65M (1%)           65M (1%)     
[152.980s][info   ][gc,heap     ] GC(82) O:   Garbage:         -                 6M (0%)            6M (0%)            3M (0%)     
[152.980s][info   ][gc,heap     ] GC(82) O: Allocated:         -                 0M (0%)            0M (0%)            0M (0%)     
[152.980s][info   ][gc,heap     ] GC(82) O: Reclaimed:         -                  -                 0M (0%)            2M (0%)     
[152.980s][info   ][gc,heap     ] GC(82) O: Compacted:         -                  -                  -                 1M (0%)     
[152.980s][info   ][gc,phases   ] GC(82) O: Old Generation 228M(3%)->316M(4%) 0.033s
[152.980s][info   ][gc          ] GC(82) Major Collection (Proactive) 3874M(47%)->316M(4%) 0.061s
[155.483s][info   ][gc          ] GC(83) Minor Collection (High Usage)
[155.483s][info   ][gc,task     ] GC(83) Using 1 Workers for Young Generation
[155.483s][info   ][gc,phases   ] GC(83) y: Young Generation
[155.483s][info   ][gc,phases   ] GC(83) y: Pause Mark Start 0.010ms
[155.505s][info   ][gc,phases   ] GC(83) y: Concurrent Mark 21.218ms
[155.505s][info   ][gc,phases   ] GC(83) y: Pause Mark End 0.016ms
[155.505s][info   ][gc,phases   ] GC(83) y: Concurrent Mark Free 0.001ms
[155.505s][info   ][gc,phases   ] GC(83) y: Concurrent Reset Relocation Set 0.002ms
[155.506s][info   ][gc,reloc    ] GC(83) y: Using tenuring threshold: 1 (Computed)
[155.506s][info   ][gc,phases   ] GC(83) y: Concurrent Select Relocation Set 1.337ms
[155.506s][info   ][gc,phases   ] GC(83) y: Pause Relocate Start 0.004ms
[155.506s][info   ][gc,phases   ] GC(83) y: Concurrent Relocate 0.239ms
[155.506s][info   ][gc,alloc    ] GC(83) y:                         Mark Start        Mark End      Relocate Start    Relocate End   
[155.506s][info   ][gc,alloc    ] GC(83) y: Allocation Stalls:          0                0                0                0         
[155.506s][info   ][gc,load     ] GC(83) y: Load: 1.57 (13%) / 1.27 (11%) / 1.41 (12%)
[155.506s][info   ][gc,mmu      ] GC(83) y: MMU: 2ms/98.5%, 5ms/99.4%, 10ms/99.7%, 20ms/99.8%, 50ms/99.9%, 100ms/99.9%
[155.506s][info   ][gc,marking  ] GC(83) y: Mark: 1 stripe(s), 2 proactive flush(es), 1 terminate flush(es), 0 completion(s), 0 continuation(s) 
[155.506s][info   ][gc,marking  ] GC(83) y: Mark Stack Usage: 32M
[155.506s][info   ][gc,nmethod  ] GC(83) y: NMethods: 383 registered, 110 unregistered
[155.506s][info   ][gc,metaspace] GC(83) y: Metaspace: 0M used, 0M committed, 1088M reserved
[155.506s][info   ][gc,reloc    ] GC(83) y:                        Candidates     Selected     In-Place         Size        Empty    Relocated 
[155.506s][info   ][gc,reloc    ] GC(83) y: Small Pages:                 3848            2            0        7696M        7626M           1M 
[155.506s][info   ][gc,reloc    ] GC(83) y: Medium Pages:                   0            0            0           0M           0M           0M 
[155.506s][info   ][gc,reloc    ] GC(83) y: Large Pages:                    0            0            0           0M           0M           0M 
[155.506s][info   ][gc,reloc    ] GC(83) y: Forwarding Usage: 0M
[155.506s][info   ][gc,reloc    ] GC(83) y: Age Table:
[155.506s][info   ][gc,reloc    ] GC(83) y:                    Live             Garbage             Small              Medium             Large        
[155.506s][info   ][gc,reloc    ] GC(83) y: Eden              63M (1%)         7566M (92%)       3815 / 2              0 / 0              0 / 0        
[155.506s][info   ][gc,reloc    ] GC(83) y: Survivor 1          -                66M (1%)          33 / 0              0 / 0              0 / 0        
[155.506s][info   ][gc,heap     ] GC(83) y: Min Capacity: 8192M(100%)
[155.506s][info   ][gc,heap     ] GC(83) y: Max Capacity: 8192M(100%)
[155.506s][info   ][gc,heap     ] GC(83) y: Soft Max Capacity: 8192M(100%)
[155.506s][info   ][gc,heap     ] GC(83) y: Heap Statistics:
[155.506s][info   ][gc,heap     ] GC(83) y:                Mark Start          Mark End        Relocate Start      Relocate End           High               Low         
[155.506s][info   ][gc,heap     ] GC(83) y:  Capacity:     8192M (100%)       8192M (100%)       8192M (100%)       8192M (100%)       8192M (100%)       8192M (100%)   
[155.506s][info   ][gc,heap     ] GC(83) y:      Free:      426M (5%)          352M (4%)         7976M (97%)        7980M (97%)        7980M (97%)         352M (4%)     
[155.506s][info   ][gc,heap     ] GC(83) y:      Used:     7766M (95%)        7840M (96%)         216M (3%)          212M (3%)         7840M (96%)         212M (3%)     
[155.506s][info   ][gc,heap     ] GC(83) y: Young Generation Statistics:
[155.506s][info   ][gc,heap     ] GC(83) y:                Mark Start          Mark End        Relocate Start      Relocate End    
[155.506s][info   ][gc,heap     ] GC(83) y:      Used:     7696M (94%)        7770M (95%)         146M (2%)          142M (2%)     
[155.506s][info   ][gc,heap     ] GC(83) y:      Live:         -                63M (1%)           63M (1%)           63M (1%)     
[155.506s][info   ][gc,heap     ] GC(83) y:   Garbage:         -              7632M (93%)           6M (0%)            2M (0%)     
[155.506s][info   ][gc,heap     ] GC(83) y: Allocated:         -                74M (1%)           76M (1%)           76M (1%)     
[155.506s][info   ][gc,heap     ] GC(83) y: Reclaimed:         -                  -              7626M (93%)        7630M (93%)    
[155.506s][info   ][gc,heap     ] GC(83) y:  Promoted:         -                  -                 0M (0%)            0M (0%)     
[155.506s][info   ][gc,heap     ] GC(83) y: Compacted:         -                  -                  -                 1M (0%)     
[155.506s][info   ][gc,phases   ] GC(83) y: Young Generation 7766M(95%)->212M(3%) 0.023s
[155.506s][info   ][gc          ] GC(83) Minor Collection (High Usage) 7764M(95%)->212M(3%) 0.023s
[157.043s][info   ][gc          ] GC(84) Major Collection (Proactive)
[157.043s][info   ][gc,task     ] GC(84) Using 1 Workers for Young Generation
[157.043s][info   ][gc,task     ] GC(84) Using 1 Workers for Old Generation
[157.043s][info   ][gc,phases   ] GC(84) Y: Young Generation
[157.043s][info   ][gc,phases   ] GC(84) Y: Pause Mark Start (Major) 0.008ms
[157.056s][info   ][gc,phases   ] GC(84) Y: Concurrent Mark 13.215ms
[157.056s][info   ][gc,phases   ] GC(84) Y: Pause Mark End 0.007ms
[157.056s][info   ][gc,phases   ] GC(84) Y: Concurrent Mark Free 0.001ms
[157.056s][info   ][gc,phases   ] GC(84) Y: Concurrent Reset Relocation Set 0.001ms
[157.057s][info   ][gc,reloc    ] GC(84) Y: Using tenuring threshold: 1 (Computed)
[157.057s][info   ][gc,phases   ] GC(84) Y: Concurrent Select Relocation Set 1.054ms
[157.057s][info   ][gc,phases   ] GC(84) Y: Pause Relocate Start 0.003ms
[157.058s][info   ][gc,phases   ] GC(84) Y: Concurrent Relocate 0.548ms
[157.058s][info   ][gc,alloc    ] GC(84) Y:                         Mark Start        Mark End      Relocate Start    Relocate End   
[157.058s][info   ][gc,alloc    ] GC(84) Y: Allocation Stalls:          0                0                0                0         
[157.058s][info   ][gc,load     ] GC(84) Y: Load: 1.57 (13%) / 1.27 (11%) / 1.41 (12%)
[157.058s][info   ][gc,mmu      ] GC(84) Y: MMU: 2ms/98.5%, 5ms/99.4%, 10ms/99.7%, 20ms/99.8%, 50ms/99.9%, 100ms/99.9%
[157.058s][info   ][gc,marking  ] GC(84) Y: Mark: 1 stripe(s), 2 proactive flush(es), 1 terminate flush(es), 0 completion(s), 0 continuation(s) 
[157.058s][info   ][gc,marking  ] GC(84) Y: Mark Stack Usage: 32M
[157.058s][info   ][gc,nmethod  ] GC(84) Y: NMethods: 383 registered, 110 unregistered
[157.058s][info   ][gc,metaspace] GC(84) Y: Metaspace: 0M used, 0M committed, 1088M reserved
[157.058s][info   ][gc,reloc    ] GC(84) Y:                        Candidates     Selected     In-Place         Size        Empty    Relocated 
[157.058s][info   ][gc,reloc    ] GC(84) Y: Small Pages:                 2358            8            0        4716M        4634M           3M 
[157.058s][info   ][gc,reloc    ] GC(84) Y: Medium Pages:                   0            0            0           0M           0M           0M 
[157.058s][info   ][gc,reloc    ] GC(84) Y: Large Pages:                    0            0            0           0M           0M           0M 
[157.058s][info   ][gc,reloc    ] GC(84) Y: Forwarding Usage: 0M
[157.058s][info   ][gc,reloc    ] GC(84) Y: Age Table:
[157.058s][info   ][gc,reloc    ] GC(84) Y:                    Live             Garbage             Small              Medium             Large        
[157.058s][info   ][gc,reloc    ] GC(84) Y: Eden              63M (1%)         4586M (56%)       2325 / 8              0 / 0              0 / 0        
[157.058s][info   ][gc,reloc    ] GC(84) Y: Survivor 1          -                66M (1%)          33 / 0              0 / 0              0 / 0        
[157.058s][info   ][gc,heap     ] GC(84) Y: Min Capacity: 8192M(100%)
[157.058s][info   ][gc,heap     ] GC(84) Y: Max Capacity: 8192M(100%)
[157.058s][info   ][gc,heap     ] GC(84) Y: Soft Max Capacity: 8192M(100%)
[157.058s][info   ][gc,heap     ] GC(84) Y: Heap Statistics:
[157.058s][info   ][gc,heap     ] GC(84) Y:                Mark Start          Mark End        Relocate Start      Relocate End           High               Low         
[157.058s][info   ][gc,heap     ] GC(84) Y:  Capacity:     8192M (100%)       8192M (100%)       8192M (100%)       8192M (100%)       8192M (100%)       8192M (100%)   
[157.058s][info   ][gc,heap     ] GC(84) Y:      Free:     3406M (42%)        3370M (41%)        8004M (98%)        8020M (98%)        8020M (98%)        3370M (41%)    
[157.058s][info   ][gc,heap     ] GC(84) Y:      Used:     4786M (58%)        4822M (59%)         188M (2%)          172M (2%)         4822M (59%)         172M (2%)     
[157.058s][info   ][gc,heap     ] GC(84) Y: Young Generation Statistics:
[157.058s][info   ][gc,heap     ] GC(84) Y:                Mark Start          Mark End        Relocate Start      Relocate End    
[157.058s][info   ][gc,heap     ] GC(84) Y:      Used:     4716M (58%)        4752M (58%)         118M (1%)          102M (1%)     
[157.058s][info   ][gc,heap     ] GC(84) Y:      Live:         -                63M (1%)           63M (1%)           63M (1%)     
[157.058s][info   ][gc,heap     ] GC(84) Y:   Garbage:         -              4652M (57%)          18M (0%)            1M (0%)     
[157.058s][info   ][gc,heap     ] GC(84) Y: Allocated:         -                36M (0%)           36M (0%)           37M (0%)     
[157.058s][info   ][gc,heap     ] GC(84) Y: Reclaimed:         -                  -              4634M (57%)        4651M (57%)    
[157.058s][info   ][gc,heap     ] GC(84) Y:  Promoted:         -                  -                 0M (0%)            0M (0%)     
[157.058s][info   ][gc,heap     ] GC(84) Y: Compacted:         -                  -                  -                 4M (0%)     
[157.058s][info   ][gc,phases   ] GC(84) Y: Young Generation 4786M(58%)->172M(2%) 0.015s
[157.058s][info   ][gc,phases   ] GC(84) O: Old Generation
[157.078s][info   ][gc,phases   ] GC(84) O: Concurrent Mark 20.374ms
[157.078s][info   ][gc,phases   ] GC(84) O: Pause Mark End 0.009ms
[157.078s][info   ][gc,phases   ] GC(84) O: Concurrent Mark Free 0.000ms
[157.079s][info   ][gc,phases   ] GC(84) O: Concurrent Process Non-Strong 0.562ms
[157.079s][info   ][gc,phases   ] GC(84) O: Concurrent Reset Relocation Set 0.001ms
[157.080s][info   ][gc,phases   ] GC(84) O: Concurrent Select Relocation Set 0.960ms
[157.080s][info   ][gc,task     ] GC(84) O: Using 2 Workers for Old Generation
[157.083s][info   ][gc,task     ] GC(84) O: Using 1 Workers for Old Generation
[157.083s][info   ][gc,phases   ] GC(84) O: Concurrent Remap Roots 3.037ms
[157.083s][info   ][gc,phases   ] GC(84) O: Pause Relocate Start 0.004ms
[157.083s][info   ][gc,phases   ] GC(84) O: Concurrent Relocate 0.027ms
[157.083s][info   ][gc,alloc    ] GC(84) O:                         Mark Start        Mark End      Relocate Start    Relocate End   
[157.083s][info   ][gc,alloc    ] GC(84) O: Allocation Stalls:          0                0                0                0         
[157.083s][info   ][gc,load     ] GC(84) O: Load: 1.57 (13%) / 1.27 (11%) / 1.41 (12%)
[157.083s][info   ][gc,mmu      ] GC(84) O: MMU: 2ms/98.5%, 5ms/99.4%, 10ms/99.7%, 20ms/99.8%, 50ms/99.9%, 100ms/99.9%
[157.083s][info   ][gc,marking  ] GC(84) O: Mark: 1 stripe(s), 2 proactive flush(es), 1 terminate flush(es), 0 completion(s), 0 continuation(s) 
[157.083s][info   ][gc,marking  ] GC(84) O: Mark Stack Usage: 32M
[157.083s][info   ][gc,nmethod  ] GC(84) O: NMethods: 383 registered, 110 unregistered
[157.083s][info   ][gc,metaspace] GC(84) O: Metaspace: 0M used, 0M committed, 1088M reserved
[157.083s][info   ][gc,ref      ] GC(84) O:                       Encountered   Discovered     Enqueued 
[157.083s][info   ][gc,ref      ] GC(84) O: Soft References:               64            0            0 
[157.083s][info   ][gc,ref      ] GC(84) O: Weak References:              217          165            0 
[157.083s][info   ][gc,ref      ] GC(84) O: Final References:               0            0            0 
[157.083s][info   ][gc,ref      ] GC(84) O: Phantom References:             5            3            0 
[157.083s][info   ][gc,reloc    ] GC(84) O:                        Candidates     Selected     In-Place         Size        Empty    Relocated 
[157.083s][info   ][gc,reloc    ] GC(84) O: Small Pages:                   35            0            0          70M           0M           0M 
[157.083s][info   ][gc,reloc    ] GC(84) O: Medium Pages:                   0            0            0           0M           0M           0M 
[157.083s][info   ][gc,reloc    ] GC(84) O: Large Pages:                    0            0            0           0M           0M           0M 
[157.083s][info   ][gc,reloc    ] GC(84) O: Forwarding Usage: 0M
[157.083s][info   ][gc,heap     ] GC(84) O: Min Capacity: 8192M(100%)
[157.083s][info   ][gc,heap     ] GC(84) O: Max Capacity: 8192M(100%)
[157.083s][info   ][gc,heap     ] GC(84) O: Soft Max Capacity: 8192M(100%)
[157.083s][info   ][gc,heap     ] GC(84) O: Heap Statistics:
[157.083s][info   ][gc,heap     ] GC(84) O:                Mark Start          Mark End        Relocate Start      Relocate End           High               Low         
[157.083s][info   ][gc,heap     ] GC(84) O:  Capacity:     8192M (100%)       8192M (100%)       8192M (100%)       8192M (100%)       8192M (100%)       8192M (100%)   
[157.083s][info   ][gc,heap     ] GC(84) O:      Free:     3406M (42%)        7960M (97%)        7938M (97%)        7938M (97%)        8020M (98%)        3370M (41%)    
[157.083s][info   ][gc,heap     ] GC(84) O:      Used:     4786M (58%)         232M (3%)          254M (3%)          254M (3%)         4822M (59%)         172M (2%)     
[157.083s][info   ][gc,heap     ] GC(84) O: Old Generation Statistics:
[157.083s][info   ][gc,heap     ] GC(84) O:                Mark Start          Mark End        Relocate Start      Relocate End    
[157.083s][info   ][gc,heap     ] GC(84) O:      Used:       70M (1%)           70M (1%)           70M (1%)           70M (1%)     
[157.083s][info   ][gc,heap     ] GC(84) O:      Live:         -                65M (1%)           65M (1%)           65M (1%)     
[157.083s][info   ][gc,heap     ] GC(84) O:   Garbage:         -                 4M (0%)            4M (0%)            4M (0%)     
[157.083s][info   ][gc,heap     ] GC(84) O: Allocated:         -                 0M (0%)            0M (0%)            0M (0%)     
[157.083s][info   ][gc,heap     ] GC(84) O: Reclaimed:         -                  -                 0M (0%)            0M (0%)     
[157.083s][info   ][gc,heap     ] GC(84) O: Compacted:         -                  -                  -                 0M (0%)     
[157.083s][info   ][gc,phases   ] GC(84) O: Old Generation 172M(2%)->254M(3%) 0.025s
[157.083s][info   ][gc          ] GC(84) Major Collection (Proactive) 4786M(58%)->256M(3%) 0.040s
[159.606s][info   ][gc          ] GC(85) Minor Collection (High Usage)
[159.606s][info   ][gc,task     ] GC(85) Using 1 Workers for Young Generation
[159.606s][info   ][gc,phases   ] GC(85) y: Young Generation
[159.606s][info   ][gc,phases   ] GC(85) y: Pause Mark Start 0.017ms
[159.628s][info   ][gc,phases   ] GC(85) y: Concurrent Mark 21.631ms
[159.628s][info   ][gc,phases   ] GC(85) y: Pause Mark End 0.019ms
[159.628s][info   ][gc,phases   ] GC(85) y: Concurrent Mark Free 0.000ms
[159.628s][info   ][gc,phases   ] GC(85) y: Concurrent Reset Relocation Set 0.003ms
[159.629s][info   ][gc,reloc    ] GC(85) y: Using tenuring threshold: 1 (Computed)
[159.629s][info   ][gc,phases   ] GC(85) y: Concurrent Select Relocation Set 1.417ms
[159.629s][info   ][gc,phases   ] GC(85) y: Pause Relocate Start 0.008ms
[159.630s][info   ][gc,phases   ] GC(85) y: Concurrent Relocate 0.253ms
[159.630s][info   ][gc,alloc    ] GC(85) y:                         Mark Start        Mark End      Relocate Start    Relocate End   
[159.630s][info   ][gc,alloc    ] GC(85) y: Allocation Stalls:          0                0                0                0         
[159.630s][info   ][gc,load     ] GC(85) y: Load: 1.61 (13%) / 1.28 (11%) / 1.42 (12%)
[159.630s][info   ][gc,mmu      ] GC(85) y: MMU: 2ms/98.5%, 5ms/99.4%, 10ms/99.7%, 20ms/99.8%, 50ms/99.9%, 100ms/99.9%
[159.630s][info   ][gc,marking  ] GC(85) y: Mark: 1 stripe(s), 2 proactive flush(es), 1 terminate flush(es), 0 completion(s), 0 continuation(s) 
[159.630s][info   ][gc,marking  ] GC(85) y: Mark Stack Usage: 32M
[159.630s][info   ][gc,nmethod  ] GC(85) y: NMethods: 383 registered, 110 unregistered
[159.630s][info   ][gc,metaspace] GC(85) y: Metaspace: 0M used, 0M committed, 1088M reserved
[159.630s][info   ][gc,reloc    ] GC(85) y:                        Candidates     Selected     In-Place         Size        Empty    Relocated 
[159.630s][info   ][gc,reloc    ] GC(85) y: Small Pages:                 3842            3            0        7684M        7612M           1M 
[159.630s][info   ][gc,reloc    ] GC(85) y: Medium Pages:                   0            0            0           0M           0M           0M 
[159.630s][info   ][gc,reloc    ] GC(85) y: Large Pages:                    0            0            0           0M           0M           0M 
[159.630s][info   ][gc,reloc    ] GC(85) y: Forwarding Usage: 0M
[159.630s][info   ][gc,reloc    ] GC(85) y: Age Table:
[159.630s][info   ][gc,reloc    ] GC(85) y:                    Live             Garbage             Small              Medium             Large        
[159.630s][info   ][gc,reloc    ] GC(85) y: Eden              63M (1%)         7554M (92%)       3809 / 3              0 / 0              0 / 0        
[159.630s][info   ][gc,reloc    ] GC(85) y: Survivor 1          -                66M (1%)          33 / 0              0 / 0              0 / 0        
[159.630s][info   ][gc,heap     ] GC(85) y: Min Capacity: 8192M(100%)
[159.630s][info   ][gc,heap     ] GC(85) y: Max Capacity: 8192M(100%)
[159.630s][info   ][gc,heap     ] GC(85) y: Soft Max Capacity: 8192M(100%)
[159.630s][info   ][gc,heap     ] GC(85) y: Heap Statistics:
[159.630s][info   ][gc,heap     ] GC(85) y:                Mark Start          Mark End        Relocate Start      Relocate End           High               Low         
[159.630s][info   ][gc,heap     ] GC(85) y:  Capacity:     8192M (100%)       8192M (100%)       8192M (100%)       8192M (100%)       8192M (100%)       8192M (100%)   
[159.630s][info   ][gc,heap     ] GC(85) y:      Free:      438M (5%)          374M (5%)         7986M (97%)        7992M (98%)        7992M (98%)         374M (5%)     
[159.630s][info   ][gc,heap     ] GC(85) y:      Used:     7754M (95%)        7818M (95%)         206M (3%)          200M (2%)         7818M (95%)         200M (2%)     
[159.630s][info   ][gc,heap     ] GC(85) y: Young Generation Statistics:
[159.630s][info   ][gc,heap     ] GC(85) y:                Mark Start          Mark End        Relocate Start      Relocate End    
[159.630s][info   ][gc,heap     ] GC(85) y:      Used:     7684M (94%)        7748M (95%)         136M (2%)          130M (2%)     
[159.630s][info   ][gc,heap     ] GC(85) y:      Live:         -                63M (1%)           63M (1%)           63M (1%)     
[159.630s][info   ][gc,heap     ] GC(85) y:   Garbage:         -              7620M (93%)           8M (0%)            1M (0%)     
[159.630s][info   ][gc,heap     ] GC(85) y: Allocated:         -                64M (1%)           64M (1%)           64M (1%)     
[159.630s][info   ][gc,heap     ] GC(85) y: Reclaimed:         -                  -              7612M (93%)        7618M (93%)    
[159.630s][info   ][gc,heap     ] GC(85) y:  Promoted:         -                  -                 0M (0%)            0M (0%)     
[159.630s][info   ][gc,heap     ] GC(85) y: Compacted:         -                  -                  -                 1M (0%)     
[159.630s][info   ][gc,phases   ] GC(85) y: Young Generation 7754M(95%)->200M(2%) 0.024s
[159.630s][info   ][gc          ] GC(85) Minor Collection (High Usage) 7754M(95%)->200M(2%) 0.024s
[160.814s][info   ][gc          ] GC(86) Major Collection (Proactive)
[160.814s][info   ][gc,task     ] GC(86) Using 1 Workers for Young Generation
[160.814s][info   ][gc,task     ] GC(86) Using 1 Workers for Old Generation
[160.814s][info   ][gc,phases   ] GC(86) Y: Young Generation
[160.815s][info   ][gc,phases   ] GC(86) Y: Pause Mark Start (Major) 0.012ms
[160.838s][info   ][gc,phases   ] GC(86) Y: Concurrent Mark 22.924ms
[160.838s][info   ][gc,phases   ] GC(86) Y: Pause Mark End 0.012ms
[160.838s][info   ][gc,phases   ] GC(86) Y: Concurrent Mark Free 0.000ms
[160.838s][info   ][gc,phases   ] GC(86) Y: Concurrent Reset Relocation Set 0.001ms
[160.839s][info   ][gc,reloc    ] GC(86) Y: Using tenuring threshold: 1 (Computed)
[160.839s][info   ][gc,phases   ] GC(86) Y: Concurrent Select Relocation Set 1.028ms
[160.839s][info   ][gc,phases   ] GC(86) Y: Pause Relocate Start 0.004ms
[160.839s][info   ][gc,phases   ] GC(86) Y: Concurrent Relocate 0.244ms
[160.839s][info   ][gc,alloc    ] GC(86) Y:                         Mark Start        Mark End      Relocate Start    Relocate End   
[160.839s][info   ][gc,alloc    ] GC(86) Y: Allocation Stalls:          0                0                0                0         
[160.839s][info   ][gc,load     ] GC(86) Y: Load: 1.61 (13%) / 1.28 (11%) / 1.42 (12%)
[160.839s][info   ][gc,mmu      ] GC(86) Y: MMU: 2ms/98.5%, 5ms/99.4%, 10ms/99.7%, 20ms/99.8%, 50ms/99.9%, 100ms/99.9%
[160.839s][info   ][gc,marking  ] GC(86) Y: Mark: 1 stripe(s), 2 proactive flush(es), 1 terminate flush(es), 0 completion(s), 0 continuation(s) 
[160.839s][info   ][gc,marking  ] GC(86) Y: Mark Stack Usage: 32M
[160.839s][info   ][gc,nmethod  ] GC(86) Y: NMethods: 383 registered, 110 unregistered
[160.839s][info   ][gc,metaspace] GC(86) Y: Metaspace: 0M used, 0M committed, 1088M reserved
[160.839s][info   ][gc,reloc    ] GC(86) Y:                        Candidates     Selected     In-Place         Size        Empty    Relocated 
[160.839s][info   ][gc,reloc    ] GC(86) Y: Small Pages:                 1832            3            0        3664M        3592M           1M 
[160.839s][info   ][gc,reloc    ] GC(86) Y: Medium Pages:                   0            0            0           0M           0M           0M 
[160.839s][info   ][gc,reloc    ] GC(86) Y: Large Pages:                    0            0            0           0M           0M           0M 
[160.839s][info   ][gc,reloc    ] GC(86) Y: Forwarding Usage: 0M
[160.839s][info   ][gc,reloc    ] GC(86) Y: Age Table:
[160.839s][info   ][gc,reloc    ] GC(86) Y:                    Live             Garbage             Small              Medium             Large        
[160.839s][info   ][gc,reloc    ] GC(86) Y: Eden              63M (1%)         3534M (43%)       1799 / 3              0 / 0              0 / 0        
[160.839s][info   ][gc,reloc    ] GC(86) Y: Survivor 1          -                66M (1%)          33 / 0              0 / 0              0 / 0        
[160.839s][info   ][gc,heap     ] GC(86) Y: Min Capacity: 8192M(100%)
[160.839s][info   ][gc,heap     ] GC(86) Y: Max Capacity: 8192M(100%)
[160.839s][info   ][gc,heap     ] GC(86) Y: Soft Max Capacity: 8192M(100%)
[160.839s][info   ][gc,heap     ] GC(86) Y: Heap Statistics:
[160.839s][info   ][gc,heap     ] GC(86) Y:                Mark Start          Mark End        Relocate Start      Relocate End           High               Low         
[160.839s][info   ][gc,heap     ] GC(86) Y:  Capacity:     8192M (100%)       8192M (100%)       8192M (100%)       8192M (100%)       8192M (100%)       8192M (100%)   
[160.839s][info   ][gc,heap     ] GC(86) Y:      Free:     4458M (54%)        4394M (54%)        7986M (97%)        7992M (98%)        7992M (98%)        4394M (54%)    
[160.839s][info   ][gc,heap     ] GC(86) Y:      Used:     3734M (46%)        3798M (46%)         206M (3%)          200M (2%)         3798M (46%)         200M (2%)     
[160.839s][info   ][gc,heap     ] GC(86) Y: Young Generation Statistics:
[160.839s][info   ][gc,heap     ] GC(86) Y:                Mark Start          Mark End        Relocate Start      Relocate End    
[160.839s][info   ][gc,heap     ] GC(86) Y:      Used:     3664M (45%)        3728M (46%)         136M (2%)          130M (2%)     
[160.839s][info   ][gc,heap     ] GC(86) Y:      Live:         -                63M (1%)           63M (1%)           63M (1%)     
[160.839s][info   ][gc,heap     ] GC(86) Y:   Garbage:         -              3600M (44%)           8M (0%)            2M (0%)     
[160.839s][info   ][gc,heap     ] GC(86) Y: Allocated:         -                64M (1%)           64M (1%)           64M (1%)     
[160.839s][info   ][gc,heap     ] GC(86) Y: Reclaimed:         -                  -              3592M (44%)        3598M (44%)    
[160.839s][info   ][gc,heap     ] GC(86) Y:  Promoted:         -                  -                 0M (0%)            0M (0%)     
[160.839s][info   ][gc,heap     ] GC(86) Y: Compacted:         -                  -                  -                 1M (0%)     
[160.839s][info   ][gc,phases   ] GC(86) Y: Young Generation 3734M(46%)->200M(2%) 0.024s
[160.839s][info   ][gc,phases   ] GC(86) O: Old Generation
[160.867s][info   ][gc,phases   ] GC(86) O: Concurrent Mark 28.067ms
[160.867s][info   ][gc,phases   ] GC(86) O: Pause Mark End 0.011ms
[160.867s][info   ][gc,phases   ] GC(86) O: Concurrent Mark Free 0.000ms
[160.868s][info   ][gc,phases   ] GC(86) O: Concurrent Process Non-Strong 0.559ms
[160.868s][info   ][gc,phases   ] GC(86) O: Concurrent Reset Relocation Set 0.000ms
[160.868s][info   ][gc,phases   ] GC(86) O: Concurrent Select Relocation Set 0.846ms
[160.868s][info   ][gc,task     ] GC(86) O: Using 2 Workers for Old Generation
[160.871s][info   ][gc,task     ] GC(86) O: Using 1 Workers for Old Generation
[160.871s][info   ][gc,phases   ] GC(86) O: Concurrent Remap Roots 2.850ms
[160.871s][info   ][gc,phases   ] GC(86) O: Pause Relocate Start 0.004ms
[160.871s][info   ][gc,phases   ] GC(86) O: Concurrent Relocate 0.032ms
[160.871s][info   ][gc,alloc    ] GC(86) O:                         Mark Start        Mark End      Relocate Start    Relocate End   
[160.871s][info   ][gc,alloc    ] GC(86) O: Allocation Stalls:          0                0                0                0         
[160.871s][info   ][gc,load     ] GC(86) O: Load: 1.61 (13%) / 1.28 (11%) / 1.42 (12%)
[160.871s][info   ][gc,mmu      ] GC(86) O: MMU: 2ms/98.5%, 5ms/99.4%, 10ms/99.7%, 20ms/99.8%, 50ms/99.9%, 100ms/99.9%
[160.871s][info   ][gc,marking  ] GC(86) O: Mark: 1 stripe(s), 2 proactive flush(es), 1 terminate flush(es), 0 completion(s), 0 continuation(s) 
[160.871s][info   ][gc,marking  ] GC(86) O: Mark Stack Usage: 32M
[160.871s][info   ][gc,nmethod  ] GC(86) O: NMethods: 383 registered, 110 unregistered
[160.871s][info   ][gc,metaspace] GC(86) O: Metaspace: 0M used, 0M committed, 1088M reserved
[160.871s][info   ][gc,ref      ] GC(86) O:                       Encountered   Discovered     Enqueued 
[160.871s][info   ][gc,ref      ] GC(86) O: Soft References:               64            0            0 
[160.871s][info   ][gc,ref      ] GC(86) O: Weak References:              217          165            0 
[160.871s][info   ][gc,ref      ] GC(86) O: Final References:               0            0            0 
[160.871s][info   ][gc,ref      ] GC(86) O: Phantom References:             5            3            0 
[160.871s][info   ][gc,reloc    ] GC(86) O:                        Candidates     Selected     In-Place         Size        Empty    Relocated 
[160.871s][info   ][gc,reloc    ] GC(86) O: Small Pages:                   35            0            0          70M           0M           0M 
[160.871s][info   ][gc,reloc    ] GC(86) O: Medium Pages:                   0            0            0           0M           0M           0M 
[160.871s][info   ][gc,reloc    ] GC(86) O: Large Pages:                    0            0            0           0M           0M           0M 
[160.871s][info   ][gc,reloc    ] GC(86) O: Forwarding Usage: 0M
[160.871s][info   ][gc,heap     ] GC(86) O: Min Capacity: 8192M(100%)
[160.872s][info   ][gc,heap     ] GC(86) O: Max Capacity: 8192M(100%)
[160.872s][info   ][gc,heap     ] GC(86) O: Soft Max Capacity: 8192M(100%)
[160.872s][info   ][gc,heap     ] GC(86) O: Heap Statistics:
[160.872s][info   ][gc,heap     ] GC(86) O:                Mark Start          Mark End        Relocate Start      Relocate End           High               Low         
[160.872s][info   ][gc,heap     ] GC(86) O:  Capacity:     8192M (100%)       8192M (100%)       8192M (100%)       8192M (100%)       8192M (100%)       8192M (100%)   
[160.872s][info   ][gc,heap     ] GC(86) O:      Free:     4458M (54%)        7902M (96%)        7900M (96%)        7900M (96%)        7992M (98%)        4394M (54%)    
[160.872s][info   ][gc,heap     ] GC(86) O:      Used:     3734M (46%)         290M (4%)          292M (4%)          292M (4%)         3798M (46%)         200M (2%)     
[160.872s][info   ][gc,heap     ] GC(86) O: Old Generation Statistics:
[160.872s][info   ][gc,heap     ] GC(86) O:                Mark Start          Mark End        Relocate Start      Relocate End    
[160.872s][info   ][gc,heap     ] GC(86) O:      Used:       70M (1%)           70M (1%)           70M (1%)           70M (1%)     
[160.872s][info   ][gc,heap     ] GC(86) O:      Live:         -                65M (1%)           65M (1%)           65M (1%)     
[160.872s][info   ][gc,heap     ] GC(86) O:   Garbage:         -                 4M (0%)            4M (0%)            4M (0%)     
[160.872s][info   ][gc,heap     ] GC(86) O: Allocated:         -                 0M (0%)            0M (0%)            0M (0%)     
[160.872s][info   ][gc,heap     ] GC(86) O: Reclaimed:         -                  -                 0M (0%)            0M (0%)     
[160.872s][info   ][gc,heap     ] GC(86) O: Compacted:         -                  -                  -                 0M (0%)     
[160.872s][info   ][gc,phases   ] GC(86) O: Old Generation 200M(2%)->292M(4%) 0.033s
[160.872s][info   ][gc          ] GC(86) Major Collection (Proactive) 3734M(46%)->292M(4%) 0.057s
[163.375s][info   ][gc          ] GC(87) Minor Collection (High Usage)
[163.375s][info   ][gc,task     ] GC(87) Using 1 Workers for Young Generation
[163.375s][info   ][gc,phases   ] GC(87) y: Young Generation
[163.375s][info   ][gc,phases   ] GC(87) y: Pause Mark Start 0.017ms
[163.397s][info   ][gc,phases   ] GC(87) y: Concurrent Mark 21.849ms
[163.397s][info   ][gc,phases   ] GC(87) y: Pause Mark End 0.020ms
[163.397s][info   ][gc,phases   ] GC(87) y: Concurrent Mark Free 0.000ms
[163.397s][info   ][gc,phases   ] GC(87) y: Concurrent Reset Relocation Set 0.001ms
[163.398s][info   ][gc,reloc    ] GC(87) y: Using tenuring threshold: 1 (Computed)
[163.398s][info   ][gc,phases   ] GC(87) y: Concurrent Select Relocation Set 1.446ms
[163.398s][info   ][gc,phases   ] GC(87) y: Pause Relocate Start 0.005ms
[163.399s][info   ][gc,phases   ] GC(87) y: Concurrent Relocate 0.203ms
[163.399s][info   ][gc,alloc    ] GC(87) y:                         Mark Start        Mark End      Relocate Start    Relocate End   
[163.399s][info   ][gc,alloc    ] GC(87) y: Allocation Stalls:          0                0                0                0         
[163.399s][info   ][gc,load     ] GC(87) y: Load: 1.61 (13%) / 1.28 (11%) / 1.42 (12%)
[163.399s][info   ][gc,mmu      ] GC(87) y: MMU: 2ms/98.5%, 5ms/99.4%, 10ms/99.7%, 20ms/99.8%, 50ms/99.9%, 100ms/99.9%
[163.399s][info   ][gc,marking  ] GC(87) y: Mark: 1 stripe(s), 2 proactive flush(es), 1 terminate flush(es), 0 completion(s), 0 continuation(s) 
[163.399s][info   ][gc,marking  ] GC(87) y: Mark Stack Usage: 32M
[163.399s][info   ][gc,nmethod  ] GC(87) y: NMethods: 383 registered, 110 unregistered
[163.399s][info   ][gc,metaspace] GC(87) y: Metaspace: 0M used, 0M committed, 1088M reserved
[163.399s][info   ][gc,reloc    ] GC(87) y:                        Candidates     Selected     In-Place         Size        Empty    Relocated 
[163.399s][info   ][gc,reloc    ] GC(87) y: Small Pages:                 3839            2            0        7678M        7608M           1M 
[163.399s][info   ][gc,reloc    ] GC(87) y: Medium Pages:                   0            0            0           0M           0M           0M 
[163.399s][info   ][gc,reloc    ] GC(87) y: Large Pages:                    0            0            0           0M           0M           0M 
[163.399s][info   ][gc,reloc    ] GC(87) y: Forwarding Usage: 0M
[163.399s][info   ][gc,reloc    ] GC(87) y: Age Table:
[163.399s][info   ][gc,reloc    ] GC(87) y:                    Live             Garbage             Small              Medium             Large        
[163.399s][info   ][gc,reloc    ] GC(87) y: Eden              63M (1%)         7548M (92%)       3806 / 2              0 / 0              0 / 0        
[163.399s][info   ][gc,reloc    ] GC(87) y: Survivor 1          -                66M (1%)          33 / 0              0 / 0              0 / 0        
[163.399s][info   ][gc,heap     ] GC(87) y: Min Capacity: 8192M(100%)
[163.399s][info   ][gc,heap     ] GC(87) y: Max Capacity: 8192M(100%)
[163.399s][info   ][gc,heap     ] GC(87) y: Soft Max Capacity: 8192M(100%)
[163.399s][info   ][gc,heap     ] GC(87) y: Heap Statistics:
[163.399s][info   ][gc,heap     ] GC(87) y:                Mark Start          Mark End        Relocate Start      Relocate End           High               Low         
[163.399s][info   ][gc,heap     ] GC(87) y:  Capacity:     8192M (100%)       8192M (100%)       8192M (100%)       8192M (100%)       8192M (100%)       8192M (100%)   
[163.399s][info   ][gc,heap     ] GC(87) y:      Free:      444M (5%)          378M (5%)         7986M (97%)        7990M (98%)        7990M (98%)         378M (5%)     
[163.399s][info   ][gc,heap     ] GC(87) y:      Used:     7748M (95%)        7814M (95%)         206M (3%)          202M (2%)         7814M (95%)         202M (2%)     
[163.399s][info   ][gc,heap     ] GC(87) y: Young Generation Statistics:
[163.399s][info   ][gc,heap     ] GC(87) y:                Mark Start          Mark End        Relocate Start      Relocate End    
[163.399s][info   ][gc,heap     ] GC(87) y:      Used:     7678M (94%)        7744M (95%)         136M (2%)          132M (2%)     
[163.399s][info   ][gc,heap     ] GC(87) y:      Live:         -                63M (1%)           63M (1%)           63M (1%)     
[163.399s][info   ][gc,heap     ] GC(87) y:   Garbage:         -              7614M (93%)           6M (0%)            1M (0%)     
[163.399s][info   ][gc,heap     ] GC(87) y: Allocated:         -                66M (1%)           66M (1%)           66M (1%)     
[163.399s][info   ][gc,heap     ] GC(87) y: Reclaimed:         -                  -              7608M (93%)        7612M (93%)    
[163.399s][info   ][gc,heap     ] GC(87) y:  Promoted:         -                  -                 0M (0%)            0M (0%)     
[163.399s][info   ][gc,heap     ] GC(87) y: Compacted:         -                  -                  -                 1M (0%)     
[163.399s][info   ][gc,phases   ] GC(87) y: Young Generation 7748M(95%)->202M(2%) 0.024s
[163.399s][info   ][gc          ] GC(87) Minor Collection (High Usage) 7748M(95%)->202M(2%) 0.024s
[164.454s][info   ][gc          ] GC(88) Major Collection (Proactive)
[164.454s][info   ][gc,task     ] GC(88) Using 1 Workers for Young Generation
[164.454s][info   ][gc,task     ] GC(88) Using 1 Workers for Old Generation
[164.454s][info   ][gc,phases   ] GC(88) Y: Young Generation
[164.454s][info   ][gc,phases   ] GC(88) Y: Pause Mark Start (Major) 0.005ms
[164.469s][info   ][gc,phases   ] GC(88) Y: Concurrent Mark 14.743ms
[164.469s][info   ][gc,phases   ] GC(88) Y: Pause Mark End 0.007ms
[164.469s][info   ][gc,phases   ] GC(88) Y: Concurrent Mark Free 0.000ms
[164.469s][info   ][gc,phases   ] GC(88) Y: Concurrent Reset Relocation Set 0.001ms
[164.470s][info   ][gc,reloc    ] GC(88) Y: Using tenuring threshold: 1 (Computed)
[164.470s][info   ][gc,phases   ] GC(88) Y: Concurrent Select Relocation Set 1.066ms
[164.470s][info   ][gc,phases   ] GC(88) Y: Pause Relocate Start 0.003ms
[164.470s][info   ][gc,phases   ] GC(88) Y: Concurrent Relocate 0.365ms
[164.470s][info   ][gc,alloc    ] GC(88) Y:                         Mark Start        Mark End      Relocate Start    Relocate End   
[164.470s][info   ][gc,alloc    ] GC(88) Y: Allocation Stalls:          0                0                0                0         
[164.470s][info   ][gc,load     ] GC(88) Y: Load: 1.48 (12%) / 1.26 (10%) / 1.41 (12%)
[164.470s][info   ][gc,mmu      ] GC(88) Y: MMU: 2ms/98.5%, 5ms/99.4%, 10ms/99.7%, 20ms/99.8%, 50ms/99.9%, 100ms/99.9%
[164.470s][info   ][gc,marking  ] GC(88) Y: Mark: 1 stripe(s), 2 proactive flush(es), 1 terminate flush(es), 0 completion(s), 0 continuation(s) 
[164.470s][info   ][gc,marking  ] GC(88) Y: Mark Stack Usage: 32M
[164.470s][info   ][gc,nmethod  ] GC(88) Y: NMethods: 383 registered, 110 unregistered
[164.470s][info   ][gc,metaspace] GC(88) Y: Metaspace: 0M used, 0M committed, 1088M reserved
[164.470s][info   ][gc,reloc    ] GC(88) Y:                        Candidates     Selected     In-Place         Size        Empty    Relocated 
[164.470s][info   ][gc,reloc    ] GC(88) Y: Small Pages:                 1642            4            0        3284M        3210M           1M 
[164.470s][info   ][gc,reloc    ] GC(88) Y: Medium Pages:                   0            0            0           0M           0M           0M 
[164.470s][info   ][gc,reloc    ] GC(88) Y: Large Pages:                    0            0            0           0M           0M           0M 
[164.470s][info   ][gc,reloc    ] GC(88) Y: Forwarding Usage: 0M
[164.470s][info   ][gc,reloc    ] GC(88) Y: Age Table:
[164.470s][info   ][gc,reloc    ] GC(88) Y:                    Live             Garbage             Small              Medium             Large        
[164.470s][info   ][gc,reloc    ] GC(88) Y: Eden              63M (1%)         3154M (39%)       1609 / 4              0 / 0              0 / 0        
[164.470s][info   ][gc,reloc    ] GC(88) Y: Survivor 1          -                66M (1%)          33 / 0              0 / 0              0 / 0        
[164.470s][info   ][gc,heap     ] GC(88) Y: Min Capacity: 8192M(100%)
[164.470s][info   ][gc,heap     ] GC(88) Y: Max Capacity: 8192M(100%)
[164.470s][info   ][gc,heap     ] GC(88) Y: Soft Max Capacity: 8192M(100%)
[164.470s][info   ][gc,heap     ] GC(88) Y: Heap Statistics:
[164.470s][info   ][gc,heap     ] GC(88) Y:                Mark Start          Mark End        Relocate Start      Relocate End           High               Low         
[164.470s][info   ][gc,heap     ] GC(88) Y:  Capacity:     8192M (100%)       8192M (100%)       8192M (100%)       8192M (100%)       8192M (100%)       8192M (100%)   
[164.470s][info   ][gc,heap     ] GC(88) Y:      Free:     4838M (59%)        4808M (59%)        8018M (98%)        8026M (98%)        8026M (98%)        4808M (59%)    
[164.470s][info   ][gc,heap     ] GC(88) Y:      Used:     3354M (41%)        3384M (41%)         174M (2%)          166M (2%)         3384M (41%)         166M (2%)     
[164.471s][info   ][gc,heap     ] GC(88) Y: Young Generation Statistics:
[164.471s][info   ][gc,heap     ] GC(88) Y:                Mark Start          Mark End        Relocate Start      Relocate End    
[164.471s][info   ][gc,heap     ] GC(88) Y:      Used:     3284M (40%)        3314M (40%)         104M (1%)           96M (1%)     
[164.471s][info   ][gc,heap     ] GC(88) Y:      Live:         -                63M (1%)           63M (1%)           63M (1%)     
[164.471s][info   ][gc,heap     ] GC(88) Y:   Garbage:         -              3220M (39%)          10M (0%)            1M (0%)     
[164.471s][info   ][gc,heap     ] GC(88) Y: Allocated:         -                30M (0%)           30M (0%)           31M (0%)     
[164.471s][info   ][gc,heap     ] GC(88) Y: Reclaimed:         -                  -              3210M (39%)        3219M (39%)    
[164.471s][info   ][gc,heap     ] GC(88) Y:  Promoted:         -                  -                 0M (0%)            0M (0%)     
[164.471s][info   ][gc,heap     ] GC(88) Y: Compacted:         -                  -                  -                 2M (0%)     
[164.471s][info   ][gc,phases   ] GC(88) Y: Young Generation 3354M(41%)->166M(2%) 0.016s
[164.471s][info   ][gc,phases   ] GC(88) O: Old Generation
[164.490s][info   ][gc,phases   ] GC(88) O: Concurrent Mark 19.906ms
[164.490s][info   ][gc,phases   ] GC(88) O: Pause Mark End 0.007ms
[164.490s][info   ][gc,phases   ] GC(88) O: Concurrent Mark Free 0.000ms
[164.491s][info   ][gc,phases   ] GC(88) O: Concurrent Process Non-Strong 0.556ms
[164.491s][info   ][gc,phases   ] GC(88) O: Concurrent Reset Relocation Set 0.000ms
[164.492s][info   ][gc,phases   ] GC(88) O: Concurrent Select Relocation Set 0.937ms
[164.492s][info   ][gc,task     ] GC(88) O: Using 2 Workers for Old Generation
[164.495s][info   ][gc,task     ] GC(88) O: Using 1 Workers for Old Generation
[164.495s][info   ][gc,phases   ] GC(88) O: Concurrent Remap Roots 3.339ms
[164.495s][info   ][gc,phases   ] GC(88) O: Pause Relocate Start 0.005ms
[164.495s][info   ][gc,phases   ] GC(88) O: Concurrent Relocate 0.015ms
[164.495s][info   ][gc,alloc    ] GC(88) O:                         Mark Start        Mark End      Relocate Start    Relocate End   
[164.495s][info   ][gc,alloc    ] GC(88) O: Allocation Stalls:          0                0                0                0         
[164.495s][info   ][gc,load     ] GC(88) O: Load: 1.48 (12%) / 1.26 (10%) / 1.41 (12%)
[164.495s][info   ][gc,mmu      ] GC(88) O: MMU: 2ms/98.5%, 5ms/99.4%, 10ms/99.7%, 20ms/99.8%, 50ms/99.9%, 100ms/99.9%
[164.495s][info   ][gc,marking  ] GC(88) O: Mark: 1 stripe(s), 2 proactive flush(es), 1 terminate flush(es), 0 completion(s), 0 continuation(s) 
[164.495s][info   ][gc,marking  ] GC(88) O: Mark Stack Usage: 32M
[164.495s][info   ][gc,nmethod  ] GC(88) O: NMethods: 383 registered, 110 unregistered
[164.495s][info   ][gc,metaspace] GC(88) O: Metaspace: 0M used, 0M committed, 1088M reserved
[164.495s][info   ][gc,ref      ] GC(88) O:                       Encountered   Discovered     Enqueued 
[164.495s][info   ][gc,ref      ] GC(88) O: Soft References:               64            0            0 
[164.495s][info   ][gc,ref      ] GC(88) O: Weak References:              217          165            0 
[164.495s][info   ][gc,ref      ] GC(88) O: Final References:               0            0            0 
[164.495s][info   ][gc,ref      ] GC(88) O: Phantom References:             5            3            0 
[164.495s][info   ][gc,reloc    ] GC(88) O:                        Candidates     Selected     In-Place         Size        Empty    Relocated 
[164.495s][info   ][gc,reloc    ] GC(88) O: Small Pages:                   35            0            0          70M           0M           0M 
[164.495s][info   ][gc,reloc    ] GC(88) O: Medium Pages:                   0            0            0           0M           0M           0M 
[164.495s][info   ][gc,reloc    ] GC(88) O: Large Pages:                    0            0            0           0M           0M           0M 
[164.495s][info   ][gc,reloc    ] GC(88) O: Forwarding Usage: 0M
[164.495s][info   ][gc,heap     ] GC(88) O: Min Capacity: 8192M(100%)
[164.495s][info   ][gc,heap     ] GC(88) O: Max Capacity: 8192M(100%)
[164.495s][info   ][gc,heap     ] GC(88) O: Soft Max Capacity: 8192M(100%)
[164.495s][info   ][gc,heap     ] GC(88) O: Heap Statistics:
[164.495s][info   ][gc,heap     ] GC(88) O:                Mark Start          Mark End        Relocate Start      Relocate End           High               Low         
[164.495s][info   ][gc,heap     ] GC(88) O:  Capacity:     8192M (100%)       8192M (100%)       8192M (100%)       8192M (100%)       8192M (100%)       8192M (100%)   
[164.495s][info   ][gc,heap     ] GC(88) O:      Free:     4838M (59%)        7966M (97%)        7936M (97%)        7936M (97%)        8026M (98%)        4808M (59%)    
[164.495s][info   ][gc,heap     ] GC(88) O:      Used:     3354M (41%)         226M (3%)          256M (3%)          256M (3%)         3384M (41%)         166M (2%)     
[164.495s][info   ][gc,heap     ] GC(88) O: Old Generation Statistics:
[164.495s][info   ][gc,heap     ] GC(88) O:                Mark Start          Mark End        Relocate Start      Relocate End    
[164.495s][info   ][gc,heap     ] GC(88) O:      Used:       70M (1%)           70M (1%)           70M (1%)           70M (1%)     
[164.495s][info   ][gc,heap     ] GC(88) O:      Live:         -                65M (1%)           65M (1%)           65M (1%)     
[164.495s][info   ][gc,heap     ] GC(88) O:   Garbage:         -                 4M (0%)            4M (0%)            4M (0%)     
[164.495s][info   ][gc,heap     ] GC(88) O: Allocated:         -                 0M (0%)            0M (0%)            0M (0%)     
[164.495s][info   ][gc,heap     ] GC(88) O: Reclaimed:         -                  -                 0M (0%)            0M (0%)     
[164.495s][info   ][gc,heap     ] GC(88) O: Compacted:         -                  -                  -                 0M (0%)     
[164.495s][info   ][gc,phases   ] GC(88) O: Old Generation 166M(2%)->256M(3%) 0.025s
[164.495s][info   ][gc          ] GC(88) Major Collection (Proactive) 3354M(41%)->256M(3%) 0.041s
[167.025s][info   ][gc          ] GC(89) Minor Collection (High Usage)
[167.025s][info   ][gc,task     ] GC(89) Using 1 Workers for Young Generation
[167.025s][info   ][gc,phases   ] GC(89) y: Young Generation
[167.025s][info   ][gc,phases   ] GC(89) y: Pause Mark Start 0.011ms
[167.047s][info   ][gc,phases   ] GC(89) y: Concurrent Mark 21.757ms
[167.047s][info   ][gc,phases   ] GC(89) y: Pause Mark End 0.016ms
[167.047s][info   ][gc,phases   ] GC(89) y: Concurrent Mark Free 0.000ms
[167.047s][info   ][gc,phases   ] GC(89) y: Concurrent Reset Relocation Set 0.002ms
[167.049s][info   ][gc,reloc    ] GC(89) y: Using tenuring threshold: 1 (Computed)
[167.049s][info   ][gc,phases   ] GC(89) y: Concurrent Select Relocation Set 1.363ms
[167.049s][info   ][gc,phases   ] GC(89) y: Pause Relocate Start 0.006ms
[167.049s][info   ][gc,phases   ] GC(89) y: Concurrent Relocate 0.021ms
[167.049s][info   ][gc,alloc    ] GC(89) y:                         Mark Start        Mark End      Relocate Start    Relocate End   
[167.049s][info   ][gc,alloc    ] GC(89) y: Allocation Stalls:          0                0                0                0         
[167.049s][info   ][gc,load     ] GC(89) y: Load: 1.48 (12%) / 1.26 (10%) / 1.41 (12%)
[167.049s][info   ][gc,mmu      ] GC(89) y: MMU: 2ms/98.5%, 5ms/99.4%, 10ms/99.7%, 20ms/99.8%, 50ms/99.9%, 100ms/99.9%
[167.049s][info   ][gc,marking  ] GC(89) y: Mark: 1 stripe(s), 2 proactive flush(es), 1 terminate flush(es), 0 completion(s), 0 continuation(s) 
[167.049s][info   ][gc,marking  ] GC(89) y: Mark Stack Usage: 32M
[167.049s][info   ][gc,nmethod  ] GC(89) y: NMethods: 383 registered, 110 unregistered
[167.049s][info   ][gc,metaspace] GC(89) y: Metaspace: 0M used, 0M committed, 1088M reserved
[167.049s][info   ][gc,reloc    ] GC(89) y:                        Candidates     Selected     In-Place         Size        Empty    Relocated 
[167.049s][info   ][gc,reloc    ] GC(89) y: Small Pages:                 3853            0            0        7706M        7640M           0M 
[167.049s][info   ][gc,reloc    ] GC(89) y: Medium Pages:                   0            0            0           0M           0M           0M 
[167.049s][info   ][gc,reloc    ] GC(89) y: Large Pages:                    0            0            0           0M           0M           0M 
[167.049s][info   ][gc,reloc    ] GC(89) y: Forwarding Usage: 0M
[167.049s][info   ][gc,reloc    ] GC(89) y: Age Table:
[167.049s][info   ][gc,reloc    ] GC(89) y:                    Live             Garbage             Small              Medium             Large        
[167.049s][info   ][gc,reloc    ] GC(89) y: Eden              63M (1%)         7576M (92%)       3820 / 0              0 / 0              0 / 0        
[167.049s][info   ][gc,reloc    ] GC(89) y: Survivor 1          -                66M (1%)          33 / 0              0 / 0              0 / 0        
[167.049s][info   ][gc,heap     ] GC(89) y: Min Capacity: 8192M(100%)
[167.049s][info   ][gc,heap     ] GC(89) y: Max Capacity: 8192M(100%)
[167.049s][info   ][gc,heap     ] GC(89) y: Soft Max Capacity: 8192M(100%)
[167.049s][info   ][gc,heap     ] GC(89) y: Heap Statistics:
[167.049s][info   ][gc,heap     ] GC(89) y:                Mark Start          Mark End        Relocate Start      Relocate End           High               Low         
[167.049s][info   ][gc,heap     ] GC(89) y:  Capacity:     8192M (100%)       8192M (100%)       8192M (100%)       8192M (100%)       8192M (100%)       8192M (100%)   
[167.049s][info   ][gc,heap     ] GC(89) y:      Free:      416M (5%)          352M (4%)         7992M (98%)        7992M (98%)        7992M (98%)         352M (4%)     
[167.049s][info   ][gc,heap     ] GC(89) y:      Used:     7776M (95%)        7840M (96%)         200M (2%)          200M (2%)         7840M (96%)         200M (2%)     
[167.049s][info   ][gc,heap     ] GC(89) y: Young Generation Statistics:
[167.049s][info   ][gc,heap     ] GC(89) y:                Mark Start          Mark End        Relocate Start      Relocate End    
[167.049s][info   ][gc,heap     ] GC(89) y:      Used:     7706M (94%)        7770M (95%)         130M (2%)          130M (2%)     
[167.049s][info   ][gc,heap     ] GC(89) y:      Live:         -                63M (1%)           63M (1%)           63M (1%)     
[167.049s][info   ][gc,heap     ] GC(89) y:   Garbage:         -              7642M (93%)           2M (0%)            2M (0%)     
[167.049s][info   ][gc,heap     ] GC(89) y: Allocated:         -                64M (1%)           64M (1%)           64M (1%)     
[167.049s][info   ][gc,heap     ] GC(89) y: Reclaimed:         -                  -              7640M (93%)        7640M (93%)    
[167.049s][info   ][gc,heap     ] GC(89) y:  Promoted:         -                  -                 0M (0%)            0M (0%)     
[167.049s][info   ][gc,heap     ] GC(89) y: Compacted:         -                  -                  -                 0M (0%)     
[167.049s][info   ][gc,phases   ] GC(89) y: Young Generation 7776M(95%)->200M(2%) 0.023s
[167.049s][info   ][gc          ] GC(89) Minor Collection (High Usage) 7776M(95%)->200M(2%) 0.024s
[168.024s][info   ][gc          ] GC(90) Major Collection (Proactive)
[168.024s][info   ][gc,task     ] GC(90) Using 1 Workers for Young Generation
[168.024s][info   ][gc,task     ] GC(90) Using 1 Workers for Old Generation
[168.024s][info   ][gc,phases   ] GC(90) Y: Young Generation
[168.024s][info   ][gc,phases   ] GC(90) Y: Pause Mark Start (Major) 0.013ms
[168.049s][info   ][gc,phases   ] GC(90) Y: Concurrent Mark 24.120ms
[168.049s][info   ][gc,phases   ] GC(90) Y: Pause Mark End 0.011ms
[168.049s][info   ][gc,phases   ] GC(90) Y: Concurrent Mark Free 0.000ms
[168.049s][info   ][gc,phases   ] GC(90) Y: Concurrent Reset Relocation Set 0.000ms
[168.050s][info   ][gc,reloc    ] GC(90) Y: Using tenuring threshold: 1 (Computed)
[168.050s][info   ][gc,phases   ] GC(90) Y: Concurrent Select Relocation Set 1.227ms
[168.050s][info   ][gc,phases   ] GC(90) Y: Pause Relocate Start 0.003ms
[168.050s][info   ][gc,phases   ] GC(90) Y: Concurrent Relocate 0.172ms
[168.050s][info   ][gc,alloc    ] GC(90) Y:                         Mark Start        Mark End      Relocate Start    Relocate End   
[168.050s][info   ][gc,alloc    ] GC(90) Y: Allocation Stalls:          0                0                0                0         
[168.050s][info   ][gc,load     ] GC(90) Y: Load: 1.48 (12%) / 1.26 (10%) / 1.41 (12%)
[168.050s][info   ][gc,mmu      ] GC(90) Y: MMU: 2ms/98.5%, 5ms/99.4%, 10ms/99.7%, 20ms/99.8%, 50ms/99.9%, 100ms/99.9%
[168.050s][info   ][gc,marking  ] GC(90) Y: Mark: 1 stripe(s), 2 proactive flush(es), 1 terminate flush(es), 0 completion(s), 0 continuation(s) 
[168.050s][info   ][gc,marking  ] GC(90) Y: Mark Stack Usage: 32M
[168.050s][info   ][gc,nmethod  ] GC(90) Y: NMethods: 383 registered, 110 unregistered
[168.050s][info   ][gc,metaspace] GC(90) Y: Metaspace: 0M used, 0M committed, 1088M reserved
[168.050s][info   ][gc,reloc    ] GC(90) Y:                        Candidates     Selected     In-Place         Size        Empty    Relocated 
[168.050s][info   ][gc,reloc    ] GC(90) Y: Small Pages:                 1519            2            0        3038M        2968M           1M 
[168.050s][info   ][gc,reloc    ] GC(90) Y: Medium Pages:                   0            0            0           0M           0M           0M 
[168.050s][info   ][gc,reloc    ] GC(90) Y: Large Pages:                    0            0            0           0M           0M           0M 
[168.050s][info   ][gc,reloc    ] GC(90) Y: Forwarding Usage: 0M
[168.050s][info   ][gc,reloc    ] GC(90) Y: Age Table:
[168.050s][info   ][gc,reloc    ] GC(90) Y:                    Live             Garbage             Small              Medium             Large        
[168.050s][info   ][gc,reloc    ] GC(90) Y: Eden              63M (1%)         2908M (36%)       1486 / 2              0 / 0              0 / 0        
[168.050s][info   ][gc,reloc    ] GC(90) Y: Survivor 1          -                66M (1%)          33 / 0              0 / 0              0 / 0        
[168.050s][info   ][gc,heap     ] GC(90) Y: Min Capacity: 8192M(100%)
[168.050s][info   ][gc,heap     ] GC(90) Y: Max Capacity: 8192M(100%)
[168.050s][info   ][gc,heap     ] GC(90) Y: Soft Max Capacity: 8192M(100%)
[168.050s][info   ][gc,heap     ] GC(90) Y: Heap Statistics:
[168.050s][info   ][gc,heap     ] GC(90) Y:                Mark Start          Mark End        Relocate Start      Relocate End           High               Low         
[168.050s][info   ][gc,heap     ] GC(90) Y:  Capacity:     8192M (100%)       8192M (100%)       8192M (100%)       8192M (100%)       8192M (100%)       8192M (100%)   
[168.050s][info   ][gc,heap     ] GC(90) Y:      Free:     5084M (62%)        5016M (61%)        7984M (97%)        7988M (98%)        7988M (98%)        5016M (61%)    
[168.050s][info   ][gc,heap     ] GC(90) Y:      Used:     3108M (38%)        3176M (39%)         208M (3%)          204M (2%)         3176M (39%)         204M (2%)     
[168.050s][info   ][gc,heap     ] GC(90) Y: Young Generation Statistics:
[168.050s][info   ][gc,heap     ] GC(90) Y:                Mark Start          Mark End        Relocate Start      Relocate End    
[168.050s][info   ][gc,heap     ] GC(90) Y:      Used:     3038M (37%)        3106M (38%)         138M (2%)          134M (2%)     
[168.050s][info   ][gc,heap     ] GC(90) Y:      Live:         -                63M (1%)           63M (1%)           63M (1%)     
[168.050s][info   ][gc,heap     ] GC(90) Y:   Garbage:         -              2974M (36%)           6M (0%)            1M (0%)     
[168.050s][info   ][gc,heap     ] GC(90) Y: Allocated:         -                68M (1%)           68M (1%)           68M (1%)     
[168.050s][info   ][gc,heap     ] GC(90) Y: Reclaimed:         -                  -              2968M (36%)        2972M (36%)    
[168.050s][info   ][gc,heap     ] GC(90) Y:  Promoted:         -                  -                 0M (0%)            0M (0%)     
[168.050s][info   ][gc,heap     ] GC(90) Y: Compacted:         -                  -                  -                 1M (0%)     
[168.050s][info   ][gc,phases   ] GC(90) Y: Young Generation 3108M(38%)->204M(2%) 0.026s
[168.050s][info   ][gc,phases   ] GC(90) O: Old Generation
[168.079s][info   ][gc,phases   ] GC(90) O: Concurrent Mark 28.607ms
[168.079s][info   ][gc,phases   ] GC(90) O: Pause Mark End 0.012ms
[168.079s][info   ][gc,phases   ] GC(90) O: Concurrent Mark Free 0.000ms
[168.079s][info   ][gc,phases   ] GC(90) O: Concurrent Process Non-Strong 0.581ms
[168.079s][info   ][gc,phases   ] GC(90) O: Concurrent Reset Relocation Set 0.000ms
[168.080s][info   ][gc,phases   ] GC(90) O: Concurrent Select Relocation Set 0.900ms
[168.080s][info   ][gc,task     ] GC(90) O: Using 2 Workers for Old Generation
[168.083s][info   ][gc,task     ] GC(90) O: Using 1 Workers for Old Generation
[168.083s][info   ][gc,phases   ] GC(90) O: Concurrent Remap Roots 3.018ms
[168.083s][info   ][gc,phases   ] GC(90) O: Pause Relocate Start 0.005ms
[168.083s][info   ][gc,phases   ] GC(90) O: Concurrent Relocate 0.015ms
[168.083s][info   ][gc,alloc    ] GC(90) O:                         Mark Start        Mark End      Relocate Start    Relocate End   
[168.083s][info   ][gc,alloc    ] GC(90) O: Allocation Stalls:          0                0                0                0         
[168.083s][info   ][gc,load     ] GC(90) O: Load: 1.48 (12%) / 1.26 (10%) / 1.41 (12%)
[168.083s][info   ][gc,mmu      ] GC(90) O: MMU: 2ms/98.5%, 5ms/99.4%, 10ms/99.7%, 20ms/99.8%, 50ms/99.9%, 100ms/99.9%
[168.083s][info   ][gc,marking  ] GC(90) O: Mark: 1 stripe(s), 2 proactive flush(es), 1 terminate flush(es), 0 completion(s), 0 continuation(s) 
[168.083s][info   ][gc,marking  ] GC(90) O: Mark Stack Usage: 32M
[168.083s][info   ][gc,nmethod  ] GC(90) O: NMethods: 383 registered, 110 unregistered
[168.083s][info   ][gc,metaspace] GC(90) O: Metaspace: 0M used, 0M committed, 1088M reserved
[168.083s][info   ][gc,ref      ] GC(90) O:                       Encountered   Discovered     Enqueued 
[168.083s][info   ][gc,ref      ] GC(90) O: Soft References:               64            0            0 
[168.083s][info   ][gc,ref      ] GC(90) O: Weak References:              217          165            0 
[168.083s][info   ][gc,ref      ] GC(90) O: Final References:               0            0            0 
[168.083s][info   ][gc,ref      ] GC(90) O: Phantom References:             5            3            0 
[168.083s][info   ][gc,reloc    ] GC(90) O:                        Candidates     Selected     In-Place         Size        Empty    Relocated 
[168.083s][info   ][gc,reloc    ] GC(90) O: Small Pages:                   35            0            0          70M           0M           0M 
[168.083s][info   ][gc,reloc    ] GC(90) O: Medium Pages:                   0            0            0           0M           0M           0M 
[168.083s][info   ][gc,reloc    ] GC(90) O: Large Pages:                    0            0            0           0M           0M           0M 
[168.083s][info   ][gc,reloc    ] GC(90) O: Forwarding Usage: 0M
[168.083s][info   ][gc,heap     ] GC(90) O: Min Capacity: 8192M(100%)
[168.083s][info   ][gc,heap     ] GC(90) O: Max Capacity: 8192M(100%)
[168.083s][info   ][gc,heap     ] GC(90) O: Soft Max Capacity: 8192M(100%)
[168.083s][info   ][gc,heap     ] GC(90) O: Heap Statistics:
[168.083s][info   ][gc,heap     ] GC(90) O:                Mark Start          Mark End        Relocate Start      Relocate End           High               Low         
[168.083s][info   ][gc,heap     ] GC(90) O:  Capacity:     8192M (100%)       8192M (100%)       8192M (100%)       8192M (100%)       8192M (100%)       8192M (100%)   
[168.083s][info   ][gc,heap     ] GC(90) O:      Free:     5084M (62%)        7898M (96%)        7876M (96%)        7876M (96%)        7988M (98%)        5016M (61%)    
[168.083s][info   ][gc,heap     ] GC(90) O:      Used:     3108M (38%)         294M (4%)          316M (4%)          316M (4%)         3176M (39%)         204M (2%)     
[168.083s][info   ][gc,heap     ] GC(90) O: Old Generation Statistics:
[168.083s][info   ][gc,heap     ] GC(90) O:                Mark Start          Mark End        Relocate Start      Relocate End    
[168.083s][info   ][gc,heap     ] GC(90) O:      Used:       70M (1%)           70M (1%)           70M (1%)           70M (1%)     
[168.083s][info   ][gc,heap     ] GC(90) O:      Live:         -                65M (1%)           65M (1%)           65M (1%)     
[168.083s][info   ][gc,heap     ] GC(90) O:   Garbage:         -                 4M (0%)            4M (0%)            4M (0%)     
[168.083s][info   ][gc,heap     ] GC(90) O: Allocated:         -                 0M (0%)            0M (0%)            0M (0%)     
[168.083s][info   ][gc,heap     ] GC(90) O: Reclaimed:         -                  -                 0M (0%)            0M (0%)     
[168.083s][info   ][gc,heap     ] GC(90) O: Compacted:         -                  -                  -                 0M (0%)     
[168.083s][info   ][gc,phases   ] GC(90) O: Old Generation 204M(2%)->316M(4%) 0.033s
[168.083s][info   ][gc          ] GC(90) Major Collection (Proactive) 3108M(38%)->316M(4%) 0.059s
[170.585s][info   ][gc          ] GC(91) Minor Collection (High Usage)
[170.585s][info   ][gc,task     ] GC(91) Using 1 Workers for Young Generation
[170.585s][info   ][gc,phases   ] GC(91) y: Young Generation
[170.585s][info   ][gc,phases   ] GC(91) y: Pause Mark Start 0.011ms
[170.607s][info   ][gc,phases   ] GC(91) y: Concurrent Mark 21.914ms
[170.607s][info   ][gc,phases   ] GC(91) y: Pause Mark End 0.012ms
[170.607s][info   ][gc,phases   ] GC(91) y: Concurrent Mark Free 0.000ms
[170.607s][info   ][gc,phases   ] GC(91) y: Concurrent Reset Relocation Set 0.001ms
[170.609s][info   ][gc,reloc    ] GC(91) y: Using tenuring threshold: 1 (Computed)
[170.609s][info   ][gc,phases   ] GC(91) y: Concurrent Select Relocation Set 1.364ms
[170.609s][info   ][gc,phases   ] GC(91) y: Pause Relocate Start 0.007ms
[170.609s][info   ][gc,phases   ] GC(91) y: Concurrent Relocate 0.408ms
[170.609s][info   ][gc,alloc    ] GC(91) y:                         Mark Start        Mark End      Relocate Start    Relocate End   
[170.609s][info   ][gc,alloc    ] GC(91) y: Allocation Stalls:          0                0                0                0         
[170.609s][info   ][gc,load     ] GC(91) y: Load: 1.52 (13%) / 1.27 (11%) / 1.41 (12%)
[170.609s][info   ][gc,mmu      ] GC(91) y: MMU: 2ms/98.5%, 5ms/99.4%, 10ms/99.7%, 20ms/99.8%, 50ms/99.9%, 100ms/99.9%
[170.609s][info   ][gc,marking  ] GC(91) y: Mark: 1 stripe(s), 2 proactive flush(es), 1 terminate flush(es), 0 completion(s), 0 continuation(s) 
[170.609s][info   ][gc,marking  ] GC(91) y: Mark Stack Usage: 32M
[170.609s][info   ][gc,nmethod  ] GC(91) y: NMethods: 383 registered, 110 unregistered
[170.609s][info   ][gc,metaspace] GC(91) y: Metaspace: 0M used, 0M committed, 1088M reserved
[170.609s][info   ][gc,reloc    ] GC(91) y:                        Candidates     Selected     In-Place         Size        Empty    Relocated 
[170.609s][info   ][gc,reloc    ] GC(91) y: Small Pages:                 3844            3            0        7688M        7616M           2M 
[170.609s][info   ][gc,reloc    ] GC(91) y: Medium Pages:                   0            0            0           0M           0M           0M 
[170.609s][info   ][gc,reloc    ] GC(91) y: Large Pages:                    0            0            0           0M           0M           0M 
[170.609s][info   ][gc,reloc    ] GC(91) y: Forwarding Usage: 0M
[170.609s][info   ][gc,reloc    ] GC(91) y: Age Table:
[170.609s][info   ][gc,reloc    ] GC(91) y:                    Live             Garbage             Small              Medium             Large        
[170.609s][info   ][gc,reloc    ] GC(91) y: Eden              63M (1%)         7558M (92%)       3811 / 3              0 / 0              0 / 0        
[170.609s][info   ][gc,reloc    ] GC(91) y: Survivor 1          -                66M (1%)          33 / 0              0 / 0              0 / 0        
[170.609s][info   ][gc,heap     ] GC(91) y: Min Capacity: 8192M(100%)
[170.609s][info   ][gc,heap     ] GC(91) y: Max Capacity: 8192M(100%)
[170.609s][info   ][gc,heap     ] GC(91) y: Soft Max Capacity: 8192M(100%)
[170.609s][info   ][gc,heap     ] GC(91) y: Heap Statistics:
[170.609s][info   ][gc,heap     ] GC(91) y:                Mark Start          Mark End        Relocate Start      Relocate End           High               Low         
[170.609s][info   ][gc,heap     ] GC(91) y:  Capacity:     8192M (100%)       8192M (100%)       8192M (100%)       8192M (100%)       8192M (100%)       8192M (100%)   
[170.609s][info   ][gc,heap     ] GC(91) y:      Free:      434M (5%)          374M (5%)         7990M (98%)        7996M (98%)        7996M (98%)         374M (5%)     
[170.609s][info   ][gc,heap     ] GC(91) y:      Used:     7758M (95%)        7818M (95%)         202M (2%)          196M (2%)         7818M (95%)         196M (2%)     
[170.609s][info   ][gc,heap     ] GC(91) y: Young Generation Statistics:
[170.609s][info   ][gc,heap     ] GC(91) y:                Mark Start          Mark End        Relocate Start      Relocate End    
[170.609s][info   ][gc,heap     ] GC(91) y:      Used:     7688M (94%)        7748M (95%)         132M (2%)          126M (2%)     
[170.609s][info   ][gc,heap     ] GC(91) y:      Live:         -                63M (1%)           63M (1%)           63M (1%)     
[170.609s][info   ][gc,heap     ] GC(91) y:   Garbage:         -              7624M (93%)           8M (0%)            1M (0%)     
[170.609s][info   ][gc,heap     ] GC(91) y: Allocated:         -                60M (1%)           60M (1%)           60M (1%)     
[170.609s][info   ][gc,heap     ] GC(91) y: Reclaimed:         -                  -              7616M (93%)        7622M (93%)    
[170.609s][info   ][gc,heap     ] GC(91) y:  Promoted:         -                  -                 0M (0%)            0M (0%)     
[170.609s][info   ][gc,heap     ] GC(91) y: Compacted:         -                  -                  -                 3M (0%)     
[170.609s][info   ][gc,phases   ] GC(91) y: Young Generation 7758M(95%)->196M(2%) 0.024s
[170.609s][info   ][gc          ] GC(91) Minor Collection (High Usage) 7758M(95%)->196M(2%) 0.024s
[171.724s][info   ][gc          ] GC(92) Major Collection (Proactive)
[171.724s][info   ][gc,task     ] GC(92) Using 1 Workers for Young Generation
[171.724s][info   ][gc,task     ] GC(92) Using 1 Workers for Old Generation
[171.724s][info   ][gc,phases   ] GC(92) Y: Young Generation
[171.724s][info   ][gc,phases   ] GC(92) Y: Pause Mark Start (Major) 0.012ms
[171.748s][info   ][gc,phases   ] GC(92) Y: Concurrent Mark 23.641ms
[171.748s][info   ][gc,phases   ] GC(92) Y: Pause Mark End 0.011ms
[171.748s][info   ][gc,phases   ] GC(92) Y: Concurrent Mark Free 0.000ms
[171.748s][info   ][gc,phases   ] GC(92) Y: Concurrent Reset Relocation Set 0.006ms
[171.749s][info   ][gc,reloc    ] GC(92) Y: Using tenuring threshold: 1 (Computed)
[171.749s][info   ][gc,phases   ] GC(92) Y: Concurrent Select Relocation Set 1.135ms
[171.749s][info   ][gc,phases   ] GC(92) Y: Pause Relocate Start 0.004ms
[171.749s][info   ][gc,phases   ] GC(92) Y: Concurrent Relocate 0.382ms
[171.749s][info   ][gc,alloc    ] GC(92) Y:                         Mark Start        Mark End      Relocate Start    Relocate End   
[171.749s][info   ][gc,alloc    ] GC(92) Y: Allocation Stalls:          0                0                0                0         
[171.749s][info   ][gc,load     ] GC(92) Y: Load: 1.52 (13%) / 1.27 (11%) / 1.41 (12%)
[171.749s][info   ][gc,mmu      ] GC(92) Y: MMU: 2ms/98.5%, 5ms/99.4%, 10ms/99.7%, 20ms/99.8%, 50ms/99.9%, 100ms/99.9%
[171.749s][info   ][gc,marking  ] GC(92) Y: Mark: 1 stripe(s), 2 proactive flush(es), 1 terminate flush(es), 0 completion(s), 0 continuation(s) 
[171.749s][info   ][gc,marking  ] GC(92) Y: Mark Stack Usage: 32M
[171.749s][info   ][gc,nmethod  ] GC(92) Y: NMethods: 383 registered, 110 unregistered
[171.750s][info   ][gc,metaspace] GC(92) Y: Metaspace: 0M used, 0M committed, 1088M reserved
[171.750s][info   ][gc,reloc    ] GC(92) Y:                        Candidates     Selected     In-Place         Size        Empty    Relocated 
[171.750s][info   ][gc,reloc    ] GC(92) Y: Small Pages:                 1725            6            0        3450M        3372M           2M 
[171.750s][info   ][gc,reloc    ] GC(92) Y: Medium Pages:                   0            0            0           0M           0M           0M 
[171.750s][info   ][gc,reloc    ] GC(92) Y: Large Pages:                    0            0            0           0M           0M           0M 
[171.750s][info   ][gc,reloc    ] GC(92) Y: Forwarding Usage: 0M
[171.750s][info   ][gc,reloc    ] GC(92) Y: Age Table:
[171.750s][info   ][gc,reloc    ] GC(92) Y:                    Live             Garbage             Small              Medium             Large        
[171.750s][info   ][gc,reloc    ] GC(92) Y: Eden              63M (1%)         3320M (41%)       1692 / 6              0 / 0              0 / 0        
[171.750s][info   ][gc,reloc    ] GC(92) Y: Survivor 1          -                66M (1%)          33 / 0              0 / 0              0 / 0        
[171.750s][info   ][gc,heap     ] GC(92) Y: Min Capacity: 8192M(100%)
[171.750s][info   ][gc,heap     ] GC(92) Y: Max Capacity: 8192M(100%)
[171.750s][info   ][gc,heap     ] GC(92) Y: Soft Max Capacity: 8192M(100%)
[171.750s][info   ][gc,heap     ] GC(92) Y: Heap Statistics:
[171.750s][info   ][gc,heap     ] GC(92) Y:                Mark Start          Mark End        Relocate Start      Relocate End           High               Low         
[171.750s][info   ][gc,heap     ] GC(92) Y:  Capacity:     8192M (100%)       8192M (100%)       8192M (100%)       8192M (100%)       8192M (100%)       8192M (100%)   
[171.750s][info   ][gc,heap     ] GC(92) Y:      Free:     4672M (57%)        4602M (56%)        7974M (97%)        7986M (97%)        7986M (97%)        4602M (56%)    
[171.750s][info   ][gc,heap     ] GC(92) Y:      Used:     3520M (43%)        3590M (44%)         218M (3%)          206M (3%)         3590M (44%)         206M (3%)     
[171.750s][info   ][gc,heap     ] GC(92) Y: Young Generation Statistics:
[171.750s][info   ][gc,heap     ] GC(92) Y:                Mark Start          Mark End        Relocate Start      Relocate End    
[171.750s][info   ][gc,heap     ] GC(92) Y:      Used:     3450M (42%)        3520M (43%)         148M (2%)          136M (2%)     
[171.750s][info   ][gc,heap     ] GC(92) Y:      Live:         -                63M (1%)           63M (1%)           63M (1%)     
[171.750s][info   ][gc,heap     ] GC(92) Y:   Garbage:         -              3386M (41%)          14M (0%)            1M (0%)     
[171.750s][info   ][gc,heap     ] GC(92) Y: Allocated:         -                70M (1%)           70M (1%)           71M (1%)     
[171.750s][info   ][gc,heap     ] GC(92) Y: Reclaimed:         -                  -              3372M (41%)        3385M (41%)    
[171.750s][info   ][gc,heap     ] GC(92) Y:  Promoted:         -                  -                 0M (0%)            0M (0%)     
[171.750s][info   ][gc,heap     ] GC(92) Y: Compacted:         -                  -                  -                 2M (0%)     
[171.750s][info   ][gc,phases   ] GC(92) Y: Young Generation 3520M(43%)->206M(3%) 0.025s
[171.750s][info   ][gc,phases   ] GC(92) O: Old Generation
[171.777s][info   ][gc,phases   ] GC(92) O: Concurrent Mark 26.985ms
[171.777s][info   ][gc,phases   ] GC(92) O: Pause Mark End 0.012ms
[171.777s][info   ][gc,phases   ] GC(92) O: Concurrent Mark Free 0.000ms
[171.777s][info   ][gc,phases   ] GC(92) O: Concurrent Process Non-Strong 0.524ms
[171.777s][info   ][gc,phases   ] GC(92) O: Concurrent Reset Relocation Set 0.000ms
[171.778s][info   ][gc,phases   ] GC(92) O: Concurrent Select Relocation Set 0.907ms
[171.778s][info   ][gc,task     ] GC(92) O: Using 2 Workers for Old Generation
[171.781s][info   ][gc,task     ] GC(92) O: Using 1 Workers for Old Generation
[171.781s][info   ][gc,phases   ] GC(92) O: Concurrent Remap Roots 2.870ms
[171.781s][info   ][gc,phases   ] GC(92) O: Pause Relocate Start 0.004ms
[171.781s][info   ][gc,phases   ] GC(92) O: Concurrent Relocate 0.012ms
[171.781s][info   ][gc,alloc    ] GC(92) O:                         Mark Start        Mark End      Relocate Start    Relocate End   
[171.781s][info   ][gc,alloc    ] GC(92) O: Allocation Stalls:          0                0                0                0         
[171.781s][info   ][gc,load     ] GC(92) O: Load: 1.52 (13%) / 1.27 (11%) / 1.41 (12%)
[171.781s][info   ][gc,mmu      ] GC(92) O: MMU: 2ms/98.5%, 5ms/99.4%, 10ms/99.7%, 20ms/99.8%, 50ms/99.9%, 100ms/99.9%
[171.781s][info   ][gc,marking  ] GC(92) O: Mark: 1 stripe(s), 2 proactive flush(es), 1 terminate flush(es), 0 completion(s), 0 continuation(s) 
[171.781s][info   ][gc,marking  ] GC(92) O: Mark Stack Usage: 32M
[171.781s][info   ][gc,nmethod  ] GC(92) O: NMethods: 383 registered, 110 unregistered
[171.781s][info   ][gc,metaspace] GC(92) O: Metaspace: 0M used, 0M committed, 1088M reserved
[171.781s][info   ][gc,ref      ] GC(92) O:                       Encountered   Discovered     Enqueued 
[171.781s][info   ][gc,ref      ] GC(92) O: Soft References:               64            0            0 
[171.781s][info   ][gc,ref      ] GC(92) O: Weak References:              217          165            0 
[171.781s][info   ][gc,ref      ] GC(92) O: Final References:               0            0            0 
[171.781s][info   ][gc,ref      ] GC(92) O: Phantom References:             5            3            0 
[171.781s][info   ][gc,reloc    ] GC(92) O:                        Candidates     Selected     In-Place         Size        Empty    Relocated 
[171.781s][info   ][gc,reloc    ] GC(92) O: Small Pages:                   35            0            0          70M           0M           0M 
[171.781s][info   ][gc,reloc    ] GC(92) O: Medium Pages:                   0            0            0           0M           0M           0M 
[171.781s][info   ][gc,reloc    ] GC(92) O: Large Pages:                    0            0            0           0M           0M           0M 
[171.781s][info   ][gc,reloc    ] GC(92) O: Forwarding Usage: 0M
[171.781s][info   ][gc,heap     ] GC(92) O: Min Capacity: 8192M(100%)
[171.781s][info   ][gc,heap     ] GC(92) O: Max Capacity: 8192M(100%)
[171.781s][info   ][gc,heap     ] GC(92) O: Soft Max Capacity: 8192M(100%)
[171.781s][info   ][gc,heap     ] GC(92) O: Heap Statistics:
[171.781s][info   ][gc,heap     ] GC(92) O:                Mark Start          Mark End        Relocate Start      Relocate End           High               Low         
[171.781s][info   ][gc,heap     ] GC(92) O:  Capacity:     8192M (100%)       8192M (100%)       8192M (100%)       8192M (100%)       8192M (100%)       8192M (100%)   
[171.781s][info   ][gc,heap     ] GC(92) O:      Free:     4672M (57%)        7896M (96%)        7896M (96%)        7896M (96%)        7986M (97%)        4602M (56%)    
[171.781s][info   ][gc,heap     ] GC(92) O:      Used:     3520M (43%)         296M (4%)          296M (4%)          296M (4%)         3590M (44%)         206M (3%)     
[171.781s][info   ][gc,heap     ] GC(92) O: Old Generation Statistics:
[171.781s][info   ][gc,heap     ] GC(92) O:                Mark Start          Mark End        Relocate Start      Relocate End    
[171.781s][info   ][gc,heap     ] GC(92) O:      Used:       70M (1%)           70M (1%)           70M (1%)           70M (1%)     
[171.781s][info   ][gc,heap     ] GC(92) O:      Live:         -                65M (1%)           65M (1%)           65M (1%)     
[171.781s][info   ][gc,heap     ] GC(92) O:   Garbage:         -                 4M (0%)            4M (0%)            4M (0%)     
[171.781s][info   ][gc,heap     ] GC(92) O: Allocated:         -                 0M (0%)            0M (0%)            0M (0%)     
[171.781s][info   ][gc,heap     ] GC(92) O: Reclaimed:         -                  -                 0M (0%)            0M (0%)     
[171.781s][info   ][gc,heap     ] GC(92) O: Compacted:         -                  -                  -                 0M (0%)     
[171.781s][info   ][gc,phases   ] GC(92) O: Old Generation 206M(3%)->296M(4%) 0.031s
[171.781s][info   ][gc          ] GC(92) Major Collection (Proactive) 3518M(43%)->296M(4%) 0.057s
[174.284s][info   ][gc          ] GC(93) Minor Collection (High Usage)
[174.284s][info   ][gc,task     ] GC(93) Using 1 Workers for Young Generation
[174.284s][info   ][gc,phases   ] GC(93) y: Young Generation
[174.284s][info   ][gc,phases   ] GC(93) y: Pause Mark Start 0.011ms
[174.306s][info   ][gc,phases   ] GC(93) y: Concurrent Mark 21.319ms
[174.306s][info   ][gc,phases   ] GC(93) y: Pause Mark End 0.015ms
[174.306s][info   ][gc,phases   ] GC(93) y: Concurrent Mark Free 0.000ms
[174.306s][info   ][gc,phases   ] GC(93) y: Concurrent Reset Relocation Set 0.002ms
[174.307s][info   ][gc,reloc    ] GC(93) y: Using tenuring threshold: 1 (Computed)
[174.307s][info   ][gc,phases   ] GC(93) y: Concurrent Select Relocation Set 1.357ms
[174.307s][info   ][gc,phases   ] GC(93) y: Pause Relocate Start 0.005ms
[174.308s][info   ][gc,phases   ] GC(93) y: Concurrent Relocate 0.700ms
[174.308s][info   ][gc,alloc    ] GC(93) y:                         Mark Start        Mark End      Relocate Start    Relocate End   
[174.308s][info   ][gc,alloc    ] GC(93) y: Allocation Stalls:          0                0                0                0         
[174.308s][info   ][gc,load     ] GC(93) y: Load: 1.64 (14%) / 1.30 (11%) / 1.42 (12%)
[174.308s][info   ][gc,mmu      ] GC(93) y: MMU: 2ms/98.5%, 5ms/99.4%, 10ms/99.7%, 20ms/99.8%, 50ms/99.9%, 100ms/99.9%
[174.308s][info   ][gc,marking  ] GC(93) y: Mark: 1 stripe(s), 2 proactive flush(es), 1 terminate flush(es), 0 completion(s), 0 continuation(s) 
[174.308s][info   ][gc,marking  ] GC(93) y: Mark Stack Usage: 32M
[174.308s][info   ][gc,nmethod  ] GC(93) y: NMethods: 383 registered, 110 unregistered
[174.308s][info   ][gc,metaspace] GC(93) y: Metaspace: 0M used, 0M committed, 1088M reserved
[174.308s][info   ][gc,reloc    ] GC(93) y:                        Candidates     Selected     In-Place         Size        Empty    Relocated 
[174.308s][info   ][gc,reloc    ] GC(93) y: Small Pages:                 3840            4            0        7680M        7606M           3M 
[174.308s][info   ][gc,reloc    ] GC(93) y: Medium Pages:                   0            0            0           0M           0M           0M 
[174.308s][info   ][gc,reloc    ] GC(93) y: Large Pages:                    0            0            0           0M           0M           0M 
[174.308s][info   ][gc,reloc    ] GC(93) y: Forwarding Usage: 0M
[174.308s][info   ][gc,reloc    ] GC(93) y: Age Table:
[174.308s][info   ][gc,reloc    ] GC(93) y:                    Live             Garbage             Small              Medium             Large        
[174.308s][info   ][gc,reloc    ] GC(93) y: Eden              63M (1%)         7550M (92%)       3807 / 4              0 / 0              0 / 0        
[174.308s][info   ][gc,reloc    ] GC(93) y: Survivor 1          -                66M (1%)          33 / 0              0 / 0              0 / 0        
[174.308s][info   ][gc,heap     ] GC(93) y: Min Capacity: 8192M(100%)
[174.308s][info   ][gc,heap     ] GC(93) y: Max Capacity: 8192M(100%)
[174.308s][info   ][gc,heap     ] GC(93) y: Soft Max Capacity: 8192M(100%)
[174.308s][info   ][gc,heap     ] GC(93) y: Heap Statistics:
[174.308s][info   ][gc,heap     ] GC(93) y:                Mark Start          Mark End        Relocate Start      Relocate End           High               Low         
[174.308s][info   ][gc,heap     ] GC(93) y:  Capacity:     8192M (100%)       8192M (100%)       8192M (100%)       8192M (100%)       8192M (100%)       8192M (100%)   
[174.308s][info   ][gc,heap     ] GC(93) y:      Free:      442M (5%)          372M (5%)         7978M (97%)        7986M (97%)        7986M (97%)         372M (5%)     
[174.308s][info   ][gc,heap     ] GC(93) y:      Used:     7750M (95%)        7820M (95%)         214M (3%)          206M (3%)         7820M (95%)         206M (3%)     
[174.308s][info   ][gc,heap     ] GC(93) y: Young Generation Statistics:
[174.308s][info   ][gc,heap     ] GC(93) y:                Mark Start          Mark End        Relocate Start      Relocate End    
[174.308s][info   ][gc,heap     ] GC(93) y:      Used:     7680M (94%)        7750M (95%)         144M (2%)          136M (2%)     
[174.308s][info   ][gc,heap     ] GC(93) y:      Live:         -                63M (1%)           63M (1%)           63M (1%)     
[174.308s][info   ][gc,heap     ] GC(93) y:   Garbage:         -              7616M (93%)          10M (0%)            1M (0%)     
[174.308s][info   ][gc,heap     ] GC(93) y: Allocated:         -                70M (1%)           70M (1%)           71M (1%)     
[174.308s][info   ][gc,heap     ] GC(93) y: Reclaimed:         -                  -              7606M (93%)        7615M (93%)    
[174.308s][info   ][gc,heap     ] GC(93) y:  Promoted:         -                  -                 0M (0%)            0M (0%)     
[174.308s][info   ][gc,heap     ] GC(93) y: Compacted:         -                  -                  -                 4M (0%)     
[174.308s][info   ][gc,phases   ] GC(93) y: Young Generation 7750M(95%)->206M(3%) 0.024s
[174.308s][info   ][gc          ] GC(93) Minor Collection (High Usage) 7750M(95%)->206M(3%) 0.024s
[175.114s][info   ][gc          ] GC(94) Major Collection (Proactive)
[175.114s][info   ][gc,task     ] GC(94) Using 1 Workers for Young Generation
[175.114s][info   ][gc,task     ] GC(94) Using 1 Workers for Old Generation
[175.114s][info   ][gc,phases   ] GC(94) Y: Young Generation
[175.114s][info   ][gc,phases   ] GC(94) Y: Pause Mark Start (Major) 0.012ms
[175.138s][info   ][gc,phases   ] GC(94) Y: Concurrent Mark 23.976ms
[175.138s][info   ][gc,phases   ] GC(94) Y: Pause Mark End 0.008ms
[175.139s][info   ][gc,phases   ] GC(94) Y: Concurrent Mark Free 0.001ms
[175.139s][info   ][gc,phases   ] GC(94) Y: Concurrent Reset Relocation Set 0.001ms
[175.140s][info   ][gc,reloc    ] GC(94) Y: Using tenuring threshold: 1 (Computed)
[175.140s][info   ][gc,phases   ] GC(94) Y: Concurrent Select Relocation Set 1.113ms
[175.140s][info   ][gc,phases   ] GC(94) Y: Pause Relocate Start 0.005ms
[175.141s][info   ][gc,phases   ] GC(94) Y: Concurrent Relocate 1.169ms
[175.141s][info   ][gc,alloc    ] GC(94) Y:                         Mark Start        Mark End      Relocate Start    Relocate End   
[175.141s][info   ][gc,alloc    ] GC(94) Y: Allocation Stalls:          0                0                0                0         
[175.141s][info   ][gc,load     ] GC(94) Y: Load: 1.64 (14%) / 1.30 (11%) / 1.42 (12%)
[175.141s][info   ][gc,mmu      ] GC(94) Y: MMU: 2ms/98.5%, 5ms/99.4%, 10ms/99.7%, 20ms/99.8%, 50ms/99.9%, 100ms/99.9%
[175.141s][info   ][gc,marking  ] GC(94) Y: Mark: 1 stripe(s), 2 proactive flush(es), 1 terminate flush(es), 0 completion(s), 0 continuation(s) 
[175.141s][info   ][gc,marking  ] GC(94) Y: Mark Stack Usage: 32M
[175.141s][info   ][gc,nmethod  ] GC(94) Y: NMethods: 383 registered, 110 unregistered
[175.141s][info   ][gc,metaspace] GC(94) Y: Metaspace: 0M used, 0M committed, 1088M reserved
[175.141s][info   ][gc,reloc    ] GC(94) Y:                        Candidates     Selected     In-Place         Size        Empty    Relocated 
[175.141s][info   ][gc,reloc    ] GC(94) Y: Small Pages:                 1271            4            0        2542M        2468M           3M 
[175.141s][info   ][gc,reloc    ] GC(94) Y: Medium Pages:                   0            0            0           0M           0M           0M 
[175.141s][info   ][gc,reloc    ] GC(94) Y: Large Pages:                    0            0            0           0M           0M           0M 
[175.141s][info   ][gc,reloc    ] GC(94) Y: Forwarding Usage: 0M
[175.141s][info   ][gc,reloc    ] GC(94) Y: Age Table:
[175.141s][info   ][gc,reloc    ] GC(94) Y:                    Live             Garbage             Small              Medium             Large        
[175.141s][info   ][gc,reloc    ] GC(94) Y: Eden              63M (1%)         2412M (29%)       1238 / 4              0 / 0              0 / 0        
[175.141s][info   ][gc,reloc    ] GC(94) Y: Survivor 1          -                66M (1%)          33 / 0              0 / 0              0 / 0        
[175.141s][info   ][gc,heap     ] GC(94) Y: Min Capacity: 8192M(100%)
[175.141s][info   ][gc,heap     ] GC(94) Y: Max Capacity: 8192M(100%)
[175.141s][info   ][gc,heap     ] GC(94) Y: Soft Max Capacity: 8192M(100%)
[175.141s][info   ][gc,heap     ] GC(94) Y: Heap Statistics:
[175.141s][info   ][gc,heap     ] GC(94) Y:                Mark Start          Mark End        Relocate Start      Relocate End           High               Low         
[175.141s][info   ][gc,heap     ] GC(94) Y:  Capacity:     8192M (100%)       8192M (100%)       8192M (100%)       8192M (100%)       8192M (100%)       8192M (100%)   
[175.141s][info   ][gc,heap     ] GC(94) Y:      Free:     5580M (68%)        5516M (67%)        7984M (97%)        7992M (98%)        7992M (98%)        5516M (67%)    
[175.141s][info   ][gc,heap     ] GC(94) Y:      Used:     2612M (32%)        2676M (33%)         208M (3%)          200M (2%)         2676M (33%)         200M (2%)     
[175.141s][info   ][gc,heap     ] GC(94) Y: Young Generation Statistics:
[175.141s][info   ][gc,heap     ] GC(94) Y:                Mark Start          Mark End        Relocate Start      Relocate End    
[175.141s][info   ][gc,heap     ] GC(94) Y:      Used:     2542M (31%)        2606M (32%)         138M (2%)          130M (2%)     
[175.141s][info   ][gc,heap     ] GC(94) Y:      Live:         -                63M (1%)           63M (1%)           63M (1%)     
[175.141s][info   ][gc,heap     ] GC(94) Y:   Garbage:         -              2478M (30%)          10M (0%)            0M (0%)     
[175.141s][info   ][gc,heap     ] GC(94) Y: Allocated:         -                64M (1%)           64M (1%)           65M (1%)     
[175.141s][info   ][gc,heap     ] GC(94) Y: Reclaimed:         -                  -              2468M (30%)        2477M (30%)    
[175.141s][info   ][gc,heap     ] GC(94) Y:  Promoted:         -                  -                 0M (0%)            0M (0%)     
[175.141s][info   ][gc,heap     ] GC(94) Y: Compacted:         -                  -                  -                 6M (0%)     
[175.141s][info   ][gc,phases   ] GC(94) Y: Young Generation 2612M(32%)->200M(2%) 0.027s
[175.141s][info   ][gc,phases   ] GC(94) O: Old Generation
[175.164s][info   ][gc,phases   ] GC(94) O: Concurrent Mark 22.712ms
[175.164s][info   ][gc,phases   ] GC(94) O: Pause Mark End 0.011ms
[175.164s][info   ][gc,phases   ] GC(94) O: Concurrent Mark Free 0.000ms
[175.164s][info   ][gc,phases   ] GC(94) O: Concurrent Process Non-Strong 0.620ms
[175.164s][info   ][gc,phases   ] GC(94) O: Concurrent Reset Relocation Set 0.000ms
[175.165s][info   ][gc,phases   ] GC(94) O: Concurrent Select Relocation Set 0.955ms
[175.165s][info   ][gc,task     ] GC(94) O: Using 2 Workers for Old Generation
[175.169s][info   ][gc,task     ] GC(94) O: Using 1 Workers for Old Generation
[175.169s][info   ][gc,phases   ] GC(94) O: Concurrent Remap Roots 4.116ms
[175.170s][info   ][gc,phases   ] GC(94) O: Pause Relocate Start 0.004ms
[175.170s][info   ][gc,phases   ] GC(94) O: Concurrent Relocate 0.015ms
[175.170s][info   ][gc,alloc    ] GC(94) O:                         Mark Start        Mark End      Relocate Start    Relocate End   
[175.170s][info   ][gc,alloc    ] GC(94) O: Allocation Stalls:          0                0                0                0         
[175.170s][info   ][gc,load     ] GC(94) O: Load: 1.64 (14%) / 1.30 (11%) / 1.42 (12%)
[175.170s][info   ][gc,mmu      ] GC(94) O: MMU: 2ms/98.5%, 5ms/99.4%, 10ms/99.7%, 20ms/99.8%, 50ms/99.9%, 100ms/99.9%
[175.170s][info   ][gc,marking  ] GC(94) O: Mark: 1 stripe(s), 2 proactive flush(es), 1 terminate flush(es), 0 completion(s), 0 continuation(s) 
[175.170s][info   ][gc,marking  ] GC(94) O: Mark Stack Usage: 32M
[175.170s][info   ][gc,nmethod  ] GC(94) O: NMethods: 383 registered, 110 unregistered
[175.170s][info   ][gc,metaspace] GC(94) O: Metaspace: 0M used, 0M committed, 1088M reserved
[175.170s][info   ][gc,ref      ] GC(94) O:                       Encountered   Discovered     Enqueued 
[175.170s][info   ][gc,ref      ] GC(94) O: Soft References:               64            0            0 
[175.170s][info   ][gc,ref      ] GC(94) O: Weak References:              217          165            0 
[175.170s][info   ][gc,ref      ] GC(94) O: Final References:               0            0            0 
[175.170s][info   ][gc,ref      ] GC(94) O: Phantom References:             5            3            0 
[175.170s][info   ][gc,reloc    ] GC(94) O:                        Candidates     Selected     In-Place         Size        Empty    Relocated 
[175.170s][info   ][gc,reloc    ] GC(94) O: Small Pages:                   35            0            0          70M           0M           0M 
[175.170s][info   ][gc,reloc    ] GC(94) O: Medium Pages:                   0            0            0           0M           0M           0M 
[175.170s][info   ][gc,reloc    ] GC(94) O: Large Pages:                    0            0            0           0M           0M           0M 
[175.170s][info   ][gc,reloc    ] GC(94) O: Forwarding Usage: 0M
[175.170s][info   ][gc,heap     ] GC(94) O: Min Capacity: 8192M(100%)
[175.170s][info   ][gc,heap     ] GC(94) O: Max Capacity: 8192M(100%)
[175.170s][info   ][gc,heap     ] GC(94) O: Soft Max Capacity: 8192M(100%)
[175.170s][info   ][gc,heap     ] GC(94) O: Heap Statistics:
[175.170s][info   ][gc,heap     ] GC(94) O:                Mark Start          Mark End        Relocate Start      Relocate End           High               Low         
[175.170s][info   ][gc,heap     ] GC(94) O:  Capacity:     8192M (100%)       8192M (100%)       8192M (100%)       8192M (100%)       8192M (100%)       8192M (100%)   
[175.170s][info   ][gc,heap     ] GC(94) O:      Free:     5580M (68%)        7904M (96%)        7902M (96%)        7902M (96%)        7992M (98%)        5516M (67%)    
[175.170s][info   ][gc,heap     ] GC(94) O:      Used:     2612M (32%)         288M (4%)          290M (4%)          290M (4%)         2676M (33%)         200M (2%)     
[175.170s][info   ][gc,heap     ] GC(94) O: Old Generation Statistics:
[175.170s][info   ][gc,heap     ] GC(94) O:                Mark Start          Mark End        Relocate Start      Relocate End    
[175.170s][info   ][gc,heap     ] GC(94) O:      Used:       70M (1%)           70M (1%)           70M (1%)           70M (1%)     
[175.170s][info   ][gc,heap     ] GC(94) O:      Live:         -                65M (1%)           65M (1%)           65M (1%)     
[175.170s][info   ][gc,heap     ] GC(94) O:   Garbage:         -                 4M (0%)            4M (0%)            4M (0%)     
[175.170s][info   ][gc,heap     ] GC(94) O: Allocated:         -                 0M (0%)            0M (0%)            0M (0%)     
[175.170s][info   ][gc,heap     ] GC(94) O: Reclaimed:         -                  -                 0M (0%)            0M (0%)     
[175.170s][info   ][gc,heap     ] GC(94) O: Compacted:         -                  -                  -                 0M (0%)     
[175.170s][info   ][gc,phases   ] GC(94) O: Old Generation 200M(2%)->290M(4%) 0.029s
[175.170s][info   ][gc          ] GC(94) Major Collection (Proactive) 2612M(32%)->290M(4%) 0.055s
[177.685s][info   ][gc          ] GC(95) Minor Collection (High Usage)
[177.685s][info   ][gc,task     ] GC(95) Using 1 Workers for Young Generation
[177.685s][info   ][gc,phases   ] GC(95) y: Young Generation
[177.685s][info   ][gc,phases   ] GC(95) y: Pause Mark Start 0.013ms
[177.707s][info   ][gc,phases   ] GC(95) y: Concurrent Mark 21.237ms
[177.707s][info   ][gc,phases   ] GC(95) y: Pause Mark End 0.017ms
[177.707s][info   ][gc,phases   ] GC(95) y: Concurrent Mark Free 0.000ms
[177.707s][info   ][gc,phases   ] GC(95) y: Concurrent Reset Relocation Set 0.002ms
[177.708s][info   ][gc,reloc    ] GC(95) y: Using tenuring threshold: 1 (Computed)
[177.708s][info   ][gc,phases   ] GC(95) y: Concurrent Select Relocation Set 1.415ms
[177.708s][info   ][gc,phases   ] GC(95) y: Pause Relocate Start 0.006ms
[177.708s][info   ][gc,phases   ] GC(95) y: Concurrent Relocate 0.247ms
[177.708s][info   ][gc,alloc    ] GC(95) y:                         Mark Start        Mark End      Relocate Start    Relocate End   
[177.708s][info   ][gc,alloc    ] GC(95) y: Allocation Stalls:          0                0                0                0         
[177.708s][info   ][gc,load     ] GC(95) y: Load: 1.64 (14%) / 1.30 (11%) / 1.42 (12%)
[177.708s][info   ][gc,mmu      ] GC(95) y: MMU: 2ms/98.5%, 5ms/99.4%, 10ms/99.7%, 20ms/99.8%, 50ms/99.9%, 100ms/99.9%
[177.708s][info   ][gc,marking  ] GC(95) y: Mark: 1 stripe(s), 1 proactive flush(es), 1 terminate flush(es), 0 completion(s), 0 continuation(s) 
[177.708s][info   ][gc,marking  ] GC(95) y: Mark Stack Usage: 32M
[177.708s][info   ][gc,nmethod  ] GC(95) y: NMethods: 383 registered, 110 unregistered
[177.708s][info   ][gc,metaspace] GC(95) y: Metaspace: 0M used, 0M committed, 1088M reserved
[177.708s][info   ][gc,reloc    ] GC(95) y:                        Candidates     Selected     In-Place         Size        Empty    Relocated 
[177.708s][info   ][gc,reloc    ] GC(95) y: Small Pages:                 3856            2            0        7712M        7642M           1M 
[177.708s][info   ][gc,reloc    ] GC(95) y: Medium Pages:                   0            0            0           0M           0M           0M 
[177.708s][info   ][gc,reloc    ] GC(95) y: Large Pages:                    0            0            0           0M           0M           0M 
[177.708s][info   ][gc,reloc    ] GC(95) y: Forwarding Usage: 0M
[177.708s][info   ][gc,reloc    ] GC(95) y: Age Table:
[177.708s][info   ][gc,reloc    ] GC(95) y:                    Live             Garbage             Small              Medium             Large        
[177.708s][info   ][gc,reloc    ] GC(95) y: Eden              63M (1%)         7582M (93%)       3823 / 2              0 / 0              0 / 0        
[177.708s][info   ][gc,reloc    ] GC(95) y: Survivor 1          -                66M (1%)          33 / 0              0 / 0              0 / 0        
[177.708s][info   ][gc,heap     ] GC(95) y: Min Capacity: 8192M(100%)
[177.708s][info   ][gc,heap     ] GC(95) y: Max Capacity: 8192M(100%)
[177.708s][info   ][gc,heap     ] GC(95) y: Soft Max Capacity: 8192M(100%)
[177.708s][info   ][gc,heap     ] GC(95) y: Heap Statistics:
[177.708s][info   ][gc,heap     ] GC(95) y:                Mark Start          Mark End        Relocate Start      Relocate End           High               Low         
[177.708s][info   ][gc,heap     ] GC(95) y:  Capacity:     8192M (100%)       8192M (100%)       8192M (100%)       8192M (100%)       8192M (100%)       8192M (100%)   
[177.708s][info   ][gc,heap     ] GC(95) y:      Free:      410M (5%)          350M (4%)         7992M (98%)        7996M (98%)        7996M (98%)         350M (4%)     
[177.708s][info   ][gc,heap     ] GC(95) y:      Used:     7782M (95%)        7842M (96%)         200M (2%)          196M (2%)         7842M (96%)         196M (2%)     
[177.708s][info   ][gc,heap     ] GC(95) y: Young Generation Statistics:
[177.708s][info   ][gc,heap     ] GC(95) y:                Mark Start          Mark End        Relocate Start      Relocate End    
[177.708s][info   ][gc,heap     ] GC(95) y:      Used:     7712M (94%)        7772M (95%)         130M (2%)          126M (2%)     
[177.709s][info   ][gc,heap     ] GC(95) y:      Live:         -                63M (1%)           63M (1%)           63M (1%)     
[177.709s][info   ][gc,heap     ] GC(95) y:   Garbage:         -              7648M (93%)           6M (0%)            2M (0%)     
[177.709s][info   ][gc,heap     ] GC(95) y: Allocated:         -                60M (1%)           60M (1%)           60M (1%)     
[177.709s][info   ][gc,heap     ] GC(95) y: Reclaimed:         -                  -              7642M (93%)        7646M (93%)    
[177.709s][info   ][gc,heap     ] GC(95) y:  Promoted:         -                  -                 0M (0%)            0M (0%)     
[177.709s][info   ][gc,heap     ] GC(95) y: Compacted:         -                  -                  -                 1M (0%)     
[177.709s][info   ][gc,phases   ] GC(95) y: Young Generation 7782M(95%)->196M(2%) 0.023s
[177.709s][info   ][gc          ] GC(95) Minor Collection (High Usage) 7782M(95%)->196M(2%) 0.023s
[178.447s][info   ][gc          ] GC(96) Major Collection (Proactive)
[178.447s][info   ][gc,task     ] GC(96) Using 1 Workers for Young Generation
[178.447s][info   ][gc,task     ] GC(96) Using 1 Workers for Old Generation
[178.447s][info   ][gc,phases   ] GC(96) Y: Young Generation
[178.447s][info   ][gc,phases   ] GC(96) Y: Pause Mark Start (Major) 0.015ms
[178.474s][info   ][gc,phases   ] GC(96) Y: Concurrent Mark 27.613ms
[178.475s][info   ][gc,phases   ] GC(96) Y: Pause Mark End 0.016ms
[178.475s][info   ][gc,phases   ] GC(96) Y: Concurrent Mark Free 0.001ms
[178.475s][info   ][gc,phases   ] GC(96) Y: Concurrent Reset Relocation Set 0.001ms
[178.476s][info   ][gc,reloc    ] GC(96) Y: Using tenuring threshold: 1 (Computed)
[178.476s][info   ][gc,phases   ] GC(96) Y: Concurrent Select Relocation Set 1.379ms
[178.476s][info   ][gc,phases   ] GC(96) Y: Pause Relocate Start 0.003ms
[178.477s][info   ][gc,phases   ] GC(96) Y: Concurrent Relocate 0.491ms
[178.477s][info   ][gc,alloc    ] GC(96) Y:                         Mark Start        Mark End      Relocate Start    Relocate End   
[178.477s][info   ][gc,alloc    ] GC(96) Y: Allocation Stalls:          0                0                0                0         
[178.477s][info   ][gc,load     ] GC(96) Y: Load: 1.64 (14%) / 1.30 (11%) / 1.42 (12%)
[178.477s][info   ][gc,mmu      ] GC(96) Y: MMU: 2ms/98.5%, 5ms/99.4%, 10ms/99.7%, 20ms/99.8%, 50ms/99.9%, 100ms/99.9%
[178.477s][info   ][gc,marking  ] GC(96) Y: Mark: 1 stripe(s), 2 proactive flush(es), 1 terminate flush(es), 0 completion(s), 0 continuation(s) 
[178.477s][info   ][gc,marking  ] GC(96) Y: Mark Stack Usage: 32M
[178.477s][info   ][gc,nmethod  ] GC(96) Y: NMethods: 383 registered, 110 unregistered
[178.477s][info   ][gc,metaspace] GC(96) Y: Metaspace: 0M used, 0M committed, 1088M reserved
[178.477s][info   ][gc,reloc    ] GC(96) Y:                        Candidates     Selected     In-Place         Size        Empty    Relocated 
[178.477s][info   ][gc,reloc    ] GC(96) Y: Small Pages:                 1163            3            0        2326M        2254M           2M 
[178.477s][info   ][gc,reloc    ] GC(96) Y: Medium Pages:                   0            0            0           0M           0M           0M 
[178.477s][info   ][gc,reloc    ] GC(96) Y: Large Pages:                    0            0            0           0M           0M           0M 
[178.477s][info   ][gc,reloc    ] GC(96) Y: Forwarding Usage: 0M
[178.477s][info   ][gc,reloc    ] GC(96) Y: Age Table:
[178.477s][info   ][gc,reloc    ] GC(96) Y:                    Live             Garbage             Small              Medium             Large        
[178.477s][info   ][gc,reloc    ] GC(96) Y: Eden              63M (1%)         2196M (27%)       1130 / 3              0 / 0              0 / 0        
[178.477s][info   ][gc,reloc    ] GC(96) Y: Survivor 1          -                66M (1%)          33 / 0              0 / 0              0 / 0        
[178.477s][info   ][gc,heap     ] GC(96) Y: Min Capacity: 8192M(100%)
[178.477s][info   ][gc,heap     ] GC(96) Y: Max Capacity: 8192M(100%)
[178.477s][info   ][gc,heap     ] GC(96) Y: Soft Max Capacity: 8192M(100%)
[178.477s][info   ][gc,heap     ] GC(96) Y: Heap Statistics:
[178.477s][info   ][gc,heap     ] GC(96) Y:                Mark Start          Mark End        Relocate Start      Relocate End           High               Low         
[178.477s][info   ][gc,heap     ] GC(96) Y:  Capacity:     8192M (100%)       8192M (100%)       8192M (100%)       8192M (100%)       8192M (100%)       8192M (100%)   
[178.477s][info   ][gc,heap     ] GC(96) Y:      Free:     5796M (71%)        5708M (70%)        7958M (97%)        7964M (97%)        7964M (97%)        5708M (70%)    
[178.477s][info   ][gc,heap     ] GC(96) Y:      Used:     2396M (29%)        2484M (30%)         234M (3%)          228M (3%)         2484M (30%)         228M (3%)     
[178.477s][info   ][gc,heap     ] GC(96) Y: Young Generation Statistics:
[178.477s][info   ][gc,heap     ] GC(96) Y:                Mark Start          Mark End        Relocate Start      Relocate End    
[178.477s][info   ][gc,heap     ] GC(96) Y:      Used:     2326M (28%)        2414M (29%)         164M (2%)          158M (2%)     
[178.477s][info   ][gc,heap     ] GC(96) Y:      Live:         -                63M (1%)           63M (1%)           63M (1%)     
[178.477s][info   ][gc,heap     ] GC(96) Y:   Garbage:         -              2262M (28%)           8M (0%)            1M (0%)     
[178.477s][info   ][gc,heap     ] GC(96) Y: Allocated:         -                88M (1%)           92M (1%)           92M (1%)     
[178.477s][info   ][gc,heap     ] GC(96) Y: Reclaimed:         -                  -              2254M (28%)        2260M (28%)    
[178.477s][info   ][gc,heap     ] GC(96) Y:  Promoted:         -                  -                 0M (0%)            0M (0%)     
[178.477s][info   ][gc,heap     ] GC(96) Y: Compacted:         -                  -                  -                 3M (0%)     
[178.477s][info   ][gc,phases   ] GC(96) Y: Young Generation 2396M(29%)->228M(3%) 0.030s
[178.477s][info   ][gc,phases   ] GC(96) O: Old Generation
[178.511s][info   ][gc,phases   ] GC(96) O: Concurrent Mark 34.493ms
[178.511s][info   ][gc,phases   ] GC(96) O: Pause Mark End 0.011ms
[178.511s][info   ][gc,phases   ] GC(96) O: Concurrent Mark Free 0.000ms
[178.512s][info   ][gc,phases   ] GC(96) O: Concurrent Process Non-Strong 0.635ms
[178.512s][info   ][gc,phases   ] GC(96) O: Concurrent Reset Relocation Set 0.000ms
[178.513s][info   ][gc,phases   ] GC(96) O: Concurrent Select Relocation Set 0.937ms
[178.513s][info   ][gc,task     ] GC(96) O: Using 2 Workers for Old Generation
[178.516s][info   ][gc,task     ] GC(96) O: Using 1 Workers for Old Generation
[178.516s][info   ][gc,phases   ] GC(96) O: Concurrent Remap Roots 3.035ms
[178.516s][info   ][gc,phases   ] GC(96) O: Pause Relocate Start 0.006ms
[178.516s][info   ][gc,phases   ] GC(96) O: Concurrent Relocate 0.018ms
[178.516s][info   ][gc,alloc    ] GC(96) O:                         Mark Start        Mark End      Relocate Start    Relocate End   
[178.516s][info   ][gc,alloc    ] GC(96) O: Allocation Stalls:          0                0                0                0         
[178.516s][info   ][gc,load     ] GC(96) O: Load: 1.64 (14%) / 1.30 (11%) / 1.42 (12%)
[178.516s][info   ][gc,mmu      ] GC(96) O: MMU: 2ms/98.5%, 5ms/99.4%, 10ms/99.7%, 20ms/99.8%, 50ms/99.9%, 100ms/99.9%
[178.516s][info   ][gc,marking  ] GC(96) O: Mark: 1 stripe(s), 2 proactive flush(es), 1 terminate flush(es), 0 completion(s), 0 continuation(s) 
[178.516s][info   ][gc,marking  ] GC(96) O: Mark Stack Usage: 32M
[178.516s][info   ][gc,nmethod  ] GC(96) O: NMethods: 383 registered, 110 unregistered
[178.516s][info   ][gc,metaspace] GC(96) O: Metaspace: 0M used, 0M committed, 1088M reserved
[178.516s][info   ][gc,ref      ] GC(96) O:                       Encountered   Discovered     Enqueued 
[178.516s][info   ][gc,ref      ] GC(96) O: Soft References:               64            0            0 
[178.516s][info   ][gc,ref      ] GC(96) O: Weak References:              217          165            0 
[178.516s][info   ][gc,ref      ] GC(96) O: Final References:               0            0            0 
[178.516s][info   ][gc,ref      ] GC(96) O: Phantom References:             5            3            0 
[178.516s][info   ][gc,reloc    ] GC(96) O:                        Candidates     Selected     In-Place         Size        Empty    Relocated 
[178.516s][info   ][gc,reloc    ] GC(96) O: Small Pages:                   35            0            0          70M           0M           0M 
[178.516s][info   ][gc,reloc    ] GC(96) O: Medium Pages:                   0            0            0           0M           0M           0M 
[178.516s][info   ][gc,reloc    ] GC(96) O: Large Pages:                    0            0            0           0M           0M           0M 
[178.516s][info   ][gc,reloc    ] GC(96) O: Forwarding Usage: 0M
[178.516s][info   ][gc,heap     ] GC(96) O: Min Capacity: 8192M(100%)
[178.516s][info   ][gc,heap     ] GC(96) O: Max Capacity: 8192M(100%)
[178.516s][info   ][gc,heap     ] GC(96) O: Soft Max Capacity: 8192M(100%)
[178.516s][info   ][gc,heap     ] GC(96) O: Heap Statistics:
[178.516s][info   ][gc,heap     ] GC(96) O:                Mark Start          Mark End        Relocate Start      Relocate End           High               Low         
[178.516s][info   ][gc,heap     ] GC(96) O:  Capacity:     8192M (100%)       8192M (100%)       8192M (100%)       8192M (100%)       8192M (100%)       8192M (100%)   
[178.516s][info   ][gc,heap     ] GC(96) O:      Free:     5796M (71%)        7874M (96%)        7846M (96%)        7846M (96%)        7964M (97%)        5708M (70%)    
[178.516s][info   ][gc,heap     ] GC(96) O:      Used:     2396M (29%)         318M (4%)          346M (4%)          346M (4%)         2484M (30%)         228M (3%)     
[178.516s][info   ][gc,heap     ] GC(96) O: Old Generation Statistics:
[178.516s][info   ][gc,heap     ] GC(96) O:                Mark Start          Mark End        Relocate Start      Relocate End    
[178.516s][info   ][gc,heap     ] GC(96) O:      Used:       70M (1%)           70M (1%)           70M (1%)           70M (1%)     
[178.516s][info   ][gc,heap     ] GC(96) O:      Live:         -                65M (1%)           65M (1%)           65M (1%)     
[178.516s][info   ][gc,heap     ] GC(96) O:   Garbage:         -                 4M (0%)            4M (0%)            4M (0%)     
[178.516s][info   ][gc,heap     ] GC(96) O: Allocated:         -                 0M (0%)            0M (0%)            0M (0%)     
[178.516s][info   ][gc,heap     ] GC(96) O: Reclaimed:         -                  -                 0M (0%)            0M (0%)     
[178.516s][info   ][gc,heap     ] GC(96) O: Compacted:         -                  -                  -                 0M (0%)     
[178.516s][info   ][gc,phases   ] GC(96) O: Old Generation 228M(3%)->346M(4%) 0.039s
[178.516s][info   ][gc          ] GC(96) Major Collection (Proactive) 2396M(29%)->346M(4%) 0.069s
[181.014s][info   ][gc          ] GC(97) Minor Collection (High Usage)
[181.014s][info   ][gc,task     ] GC(97) Using 1 Workers for Young Generation
[181.014s][info   ][gc,phases   ] GC(97) y: Young Generation
[181.014s][info   ][gc,phases   ] GC(97) y: Pause Mark Start 0.008ms
[181.035s][info   ][gc,phases   ] GC(97) y: Concurrent Mark 21.005ms
[181.035s][info   ][gc,phases   ] GC(97) y: Pause Mark End 0.007ms
[181.035s][info   ][gc,phases   ] GC(97) y: Concurrent Mark Free 0.000ms
[181.035s][info   ][gc,phases   ] GC(97) y: Concurrent Reset Relocation Set 0.001ms
[181.036s][info   ][gc,reloc    ] GC(97) y: Using tenuring threshold: 1 (Computed)
[181.036s][info   ][gc,phases   ] GC(97) y: Concurrent Select Relocation Set 1.192ms
[181.036s][info   ][gc,phases   ] GC(97) y: Pause Relocate Start 0.003ms
[181.037s][info   ][gc,phases   ] GC(97) y: Concurrent Relocate 0.592ms
[181.037s][info   ][gc,alloc    ] GC(97) y:                         Mark Start        Mark End      Relocate Start    Relocate End   
[181.037s][info   ][gc,alloc    ] GC(97) y: Allocation Stalls:          0                0                0                0         
[181.037s][info   ][gc,load     ] GC(97) y: Load: 1.59 (13%) / 1.29 (11%) / 1.42 (12%)
[181.037s][info   ][gc,mmu      ] GC(97) y: MMU: 2ms/98.5%, 5ms/99.4%, 10ms/99.7%, 20ms/99.8%, 50ms/99.9%, 100ms/99.9%
[181.037s][info   ][gc,marking  ] GC(97) y: Mark: 1 stripe(s), 2 proactive flush(es), 1 terminate flush(es), 0 completion(s), 0 continuation(s) 
[181.037s][info   ][gc,marking  ] GC(97) y: Mark Stack Usage: 32M
[181.037s][info   ][gc,nmethod  ] GC(97) y: NMethods: 383 registered, 110 unregistered
[181.037s][info   ][gc,metaspace] GC(97) y: Metaspace: 0M used, 0M committed, 1088M reserved
[181.037s][info   ][gc,reloc    ] GC(97) y:                        Candidates     Selected     In-Place         Size        Empty    Relocated 
[181.037s][info   ][gc,reloc    ] GC(97) y: Small Pages:                 3855          125            0        7710M        7392M           3M 
[181.037s][info   ][gc,reloc    ] GC(97) y: Medium Pages:                   0            0            0           0M           0M           0M 
[181.037s][info   ][gc,reloc    ] GC(97) y: Large Pages:                    0            0            0           0M           0M           0M 
[181.037s][info   ][gc,reloc    ] GC(97) y: Forwarding Usage: 0M
[181.037s][info   ][gc,reloc    ] GC(97) y: Age Table:
[181.037s][info   ][gc,reloc    ] GC(97) y:                    Live             Garbage             Small              Medium             Large        
[181.037s][info   ][gc,reloc    ] GC(97) y: Eden              64M (1%)         7579M (93%)       3822 / 125            0 / 0              0 / 0        
[181.037s][info   ][gc,reloc    ] GC(97) y: Survivor 1          -                66M (1%)          33 / 0              0 / 0              0 / 0        
[181.037s][info   ][gc,heap     ] GC(97) y: Min Capacity: 8192M(100%)
[181.037s][info   ][gc,heap     ] GC(97) y: Max Capacity: 8192M(100%)
[181.037s][info   ][gc,heap     ] GC(97) y: Soft Max Capacity: 8192M(100%)
[181.037s][info   ][gc,heap     ] GC(97) y: Heap Statistics:
[181.037s][info   ][gc,heap     ] GC(97) y:                Mark Start          Mark End        Relocate Start      Relocate End           High               Low         
[181.037s][info   ][gc,heap     ] GC(97) y:  Capacity:     8192M (100%)       8192M (100%)       8192M (100%)       8192M (100%)       8192M (100%)       8192M (100%)   
[181.037s][info   ][gc,heap     ] GC(97) y:      Free:      412M (5%)          348M (4%)         7740M (94%)        7990M (98%)        7990M (98%)         348M (4%)     
[181.037s][info   ][gc,heap     ] GC(97) y:      Used:     7780M (95%)        7844M (96%)         452M (6%)          202M (2%)         7844M (96%)         202M (2%)     
[181.037s][info   ][gc,heap     ] GC(97) y: Young Generation Statistics:
[181.037s][info   ][gc,heap     ] GC(97) y:                Mark Start          Mark End        Relocate Start      Relocate End    
[181.037s][info   ][gc,heap     ] GC(97) y:      Used:     7710M (94%)        7774M (95%)         382M (5%)          132M (2%)     
[181.037s][info   ][gc,heap     ] GC(97) y:      Live:         -                64M (1%)           64M (1%)           64M (1%)     
[181.037s][info   ][gc,heap     ] GC(97) y:   Garbage:         -              7645M (93%)         253M (3%)            2M (0%)     
[181.037s][info   ][gc,heap     ] GC(97) y: Allocated:         -                64M (1%)           64M (1%)           64M (1%)     
[181.037s][info   ][gc,heap     ] GC(97) y: Reclaimed:         -                  -              7392M (90%)        7642M (93%)    
[181.037s][info   ][gc,heap     ] GC(97) y:  Promoted:         -                  -                 0M (0%)            0M (0%)     
[181.037s][info   ][gc,heap     ] GC(97) y: Compacted:         -                  -                  -                 3M (0%)     
[181.037s][info   ][gc,phases   ] GC(97) y: Young Generation 7780M(95%)->202M(2%) 0.023s
[181.037s][info   ][gc          ] GC(97) Minor Collection (High Usage) 7780M(95%)->202M(2%) 0.023s
[182.795s][info   ][gc          ] GC(98) Major Collection (Proactive)
[182.795s][info   ][gc,task     ] GC(98) Using 1 Workers for Young Generation
[182.795s][info   ][gc,task     ] GC(98) Using 1 Workers for Old Generation
[182.795s][info   ][gc,phases   ] GC(98) Y: Young Generation
[182.796s][info   ][gc,phases   ] GC(98) Y: Pause Mark Start (Major) 0.015ms
[182.823s][info   ][gc,phases   ] GC(98) Y: Concurrent Mark 27.143ms
[182.823s][info   ][gc,phases   ] GC(98) Y: Pause Mark End 0.010ms
[182.823s][info   ][gc,phases   ] GC(98) Y: Concurrent Mark Free 0.001ms
[182.823s][info   ][gc,phases   ] GC(98) Y: Concurrent Reset Relocation Set 0.009ms
[182.824s][info   ][gc,reloc    ] GC(98) Y: Using tenuring threshold: 2 (Computed)
[182.824s][info   ][gc,phases   ] GC(98) Y: Concurrent Select Relocation Set 1.247ms
[182.824s][info   ][gc,phases   ] GC(98) Y: Pause Relocate Start 0.004ms
[182.825s][info   ][gc,phases   ] GC(98) Y: Concurrent Relocate 0.383ms
[182.825s][info   ][gc,alloc    ] GC(98) Y:                         Mark Start        Mark End      Relocate Start    Relocate End   
[182.825s][info   ][gc,alloc    ] GC(98) Y: Allocation Stalls:          0                0                0                0         
[182.825s][info   ][gc,load     ] GC(98) Y: Load: 1.59 (13%) / 1.29 (11%) / 1.42 (12%)
[182.825s][info   ][gc,mmu      ] GC(98) Y: MMU: 2ms/98.5%, 5ms/99.4%, 10ms/99.7%, 20ms/99.8%, 50ms/99.9%, 100ms/99.9%
[182.825s][info   ][gc,marking  ] GC(98) Y: Mark: 1 stripe(s), 2 proactive flush(es), 1 terminate flush(es), 0 completion(s), 0 continuation(s) 
[182.825s][info   ][gc,marking  ] GC(98) Y: Mark Stack Usage: 32M
[182.825s][info   ][gc,nmethod  ] GC(98) Y: NMethods: 383 registered, 110 unregistered
[182.825s][info   ][gc,metaspace] GC(98) Y: Metaspace: 0M used, 0M committed, 1088M reserved
[182.825s][info   ][gc,reloc    ] GC(98) Y:                        Candidates     Selected     In-Place         Size        Empty    Relocated 
[182.825s][info   ][gc,reloc    ] GC(98) Y: Small Pages:                 2683            3            0        5366M        5292M           2M 
[182.825s][info   ][gc,reloc    ] GC(98) Y: Medium Pages:                   0            0            0           0M           0M           0M 
[182.825s][info   ][gc,reloc    ] GC(98) Y: Large Pages:                    0            0            0           0M           0M           0M 
[182.825s][info   ][gc,reloc    ] GC(98) Y: Forwarding Usage: 0M
[182.825s][info   ][gc,reloc    ] GC(98) Y: Age Table:
[182.825s][info   ][gc,reloc    ] GC(98) Y:                    Live             Garbage             Small              Medium             Large        
[182.825s][info   ][gc,reloc    ] GC(98) Y: Eden              63M (1%)         5234M (64%)       2649 / 3              0 / 0              0 / 0        
[182.825s][info   ][gc,reloc    ] GC(98) Y: Survivor 1         1M (0%)           66M (1%)          34 / 0              0 / 0              0 / 0        
[182.825s][info   ][gc,heap     ] GC(98) Y: Min Capacity: 8192M(100%)
[182.825s][info   ][gc,heap     ] GC(98) Y: Max Capacity: 8192M(100%)
[182.825s][info   ][gc,heap     ] GC(98) Y: Soft Max Capacity: 8192M(100%)
[182.825s][info   ][gc,heap     ] GC(98) Y: Heap Statistics:
[182.825s][info   ][gc,heap     ] GC(98) Y:                Mark Start          Mark End        Relocate Start      Relocate End           High               Low         
[182.825s][info   ][gc,heap     ] GC(98) Y:  Capacity:     8192M (100%)       8192M (100%)       8192M (100%)       8192M (100%)       8192M (100%)       8192M (100%)   
[182.825s][info   ][gc,heap     ] GC(98) Y:      Free:     2756M (34%)        2678M (33%)        7962M (97%)        7966M (97%)        7966M (97%)        2678M (33%)    
[182.825s][info   ][gc,heap     ] GC(98) Y:      Used:     5436M (66%)        5514M (67%)         230M (3%)          226M (3%)         5514M (67%)         226M (3%)     
[182.825s][info   ][gc,heap     ] GC(98) Y: Young Generation Statistics:
[182.825s][info   ][gc,heap     ] GC(98) Y:                Mark Start          Mark End        Relocate Start      Relocate End    
[182.825s][info   ][gc,heap     ] GC(98) Y:      Used:     5366M (66%)        5444M (66%)         160M (2%)          156M (2%)     
[182.825s][info   ][gc,heap     ] GC(98) Y:      Live:         -                64M (1%)           64M (1%)           64M (1%)     
[182.825s][info   ][gc,heap     ] GC(98) Y:   Garbage:         -              5301M (65%)           9M (0%)            2M (0%)     
[182.825s][info   ][gc,heap     ] GC(98) Y: Allocated:         -                78M (1%)           86M (1%)           88M (1%)     
[182.825s][info   ][gc,heap     ] GC(98) Y: Reclaimed:         -                  -              5292M (65%)        5298M (65%)    
[182.825s][info   ][gc,heap     ] GC(98) Y:  Promoted:         -                  -                 0M (0%)            0M (0%)     
[182.825s][info   ][gc,heap     ] GC(98) Y: Compacted:         -                  -                  -                 3M (0%)     
[182.825s][info   ][gc,phases   ] GC(98) Y: Young Generation 5436M(66%)->226M(3%) 0.029s
[182.825s][info   ][gc,phases   ] GC(98) O: Old Generation
[182.853s][info   ][gc,phases   ] GC(98) O: Concurrent Mark 28.256ms
[182.853s][info   ][gc,phases   ] GC(98) O: Pause Mark End 0.011ms
[182.853s][info   ][gc,phases   ] GC(98) O: Concurrent Mark Free 0.001ms
[182.854s][info   ][gc,phases   ] GC(98) O: Concurrent Process Non-Strong 0.716ms
[182.854s][info   ][gc,phases   ] GC(98) O: Concurrent Reset Relocation Set 0.000ms
[182.855s][info   ][gc,phases   ] GC(98) O: Concurrent Select Relocation Set 0.916ms
[182.855s][info   ][gc,task     ] GC(98) O: Using 2 Workers for Old Generation
[182.858s][info   ][gc,task     ] GC(98) O: Using 1 Workers for Old Generation
[182.858s][info   ][gc,phases   ] GC(98) O: Concurrent Remap Roots 2.972ms
[182.858s][info   ][gc,phases   ] GC(98) O: Pause Relocate Start 0.004ms
[182.858s][info   ][gc,phases   ] GC(98) O: Concurrent Relocate 0.021ms
[182.858s][info   ][gc,alloc    ] GC(98) O:                         Mark Start        Mark End      Relocate Start    Relocate End   
[182.858s][info   ][gc,alloc    ] GC(98) O: Allocation Stalls:          0                0                0                0         
[182.858s][info   ][gc,load     ] GC(98) O: Load: 1.59 (13%) / 1.29 (11%) / 1.42 (12%)
[182.858s][info   ][gc,mmu      ] GC(98) O: MMU: 2ms/98.5%, 5ms/99.4%, 10ms/99.7%, 20ms/99.8%, 50ms/99.9%, 100ms/99.9%
[182.858s][info   ][gc,marking  ] GC(98) O: Mark: 1 stripe(s), 2 proactive flush(es), 1 terminate flush(es), 0 completion(s), 0 continuation(s) 
[182.858s][info   ][gc,marking  ] GC(98) O: Mark Stack Usage: 32M
[182.858s][info   ][gc,nmethod  ] GC(98) O: NMethods: 383 registered, 110 unregistered
[182.858s][info   ][gc,metaspace] GC(98) O: Metaspace: 0M used, 0M committed, 1088M reserved
[182.858s][info   ][gc,ref      ] GC(98) O:                       Encountered   Discovered     Enqueued 
[182.858s][info   ][gc,ref      ] GC(98) O: Soft References:               64            0            0 
[182.858s][info   ][gc,ref      ] GC(98) O: Weak References:              217          164            0 
[182.858s][info   ][gc,ref      ] GC(98) O: Final References:               0            0            0 
[182.858s][info   ][gc,ref      ] GC(98) O: Phantom References:             5            3            0 
[182.858s][info   ][gc,reloc    ] GC(98) O:                        Candidates     Selected     In-Place         Size        Empty    Relocated 
[182.858s][info   ][gc,reloc    ] GC(98) O: Small Pages:                   35            0            0          70M           0M           0M 
[182.858s][info   ][gc,reloc    ] GC(98) O: Medium Pages:                   0            0            0           0M           0M           0M 
[182.858s][info   ][gc,reloc    ] GC(98) O: Large Pages:                    0            0            0           0M           0M           0M 
[182.858s][info   ][gc,reloc    ] GC(98) O: Forwarding Usage: 0M
[182.858s][info   ][gc,heap     ] GC(98) O: Min Capacity: 8192M(100%)
[182.858s][info   ][gc,heap     ] GC(98) O: Max Capacity: 8192M(100%)
[182.858s][info   ][gc,heap     ] GC(98) O: Soft Max Capacity: 8192M(100%)
[182.858s][info   ][gc,heap     ] GC(98) O: Heap Statistics:
[182.858s][info   ][gc,heap     ] GC(98) O:                Mark Start          Mark End        Relocate Start      Relocate End           High               Low         
[182.858s][info   ][gc,heap     ] GC(98) O:  Capacity:     8192M (100%)       8192M (100%)       8192M (100%)       8192M (100%)       8192M (100%)       8192M (100%)   
[182.858s][info   ][gc,heap     ] GC(98) O:      Free:     2756M (34%)        7886M (96%)        7874M (96%)        7874M (96%)        7966M (97%)        2678M (33%)    
[182.858s][info   ][gc,heap     ] GC(98) O:      Used:     5436M (66%)         306M (4%)          318M (4%)          318M (4%)         5514M (67%)         226M (3%)     
[182.858s][info   ][gc,heap     ] GC(98) O: Old Generation Statistics:
[182.858s][info   ][gc,heap     ] GC(98) O:                Mark Start          Mark End        Relocate Start      Relocate End    
[182.858s][info   ][gc,heap     ] GC(98) O:      Used:       70M (1%)           70M (1%)           70M (1%)           70M (1%)     
[182.858s][info   ][gc,heap     ] GC(98) O:      Live:         -                64M (1%)           64M (1%)           64M (1%)     
[182.858s][info   ][gc,heap     ] GC(98) O:   Garbage:         -                 5M (0%)            5M (0%)            5M (0%)     
[182.858s][info   ][gc,heap     ] GC(98) O: Allocated:         -                 0M (0%)            0M (0%)            0M (0%)     
[182.858s][info   ][gc,heap     ] GC(98) O: Reclaimed:         -                  -                 0M (0%)            0M (0%)     
[182.858s][info   ][gc,heap     ] GC(98) O: Compacted:         -                  -                  -                 0M (0%)     
[182.858s][info   ][gc,phases   ] GC(98) O: Old Generation 226M(3%)->318M(4%) 0.033s
[182.858s][info   ][gc          ] GC(98) Major Collection (Proactive) 5436M(66%)->318M(4%) 0.062s
[185.355s][info   ][gc          ] GC(99) Minor Collection (High Usage)
[185.355s][info   ][gc,task     ] GC(99) Using 1 Workers for Young Generation
[185.355s][info   ][gc,phases   ] GC(99) y: Young Generation
[185.355s][info   ][gc,phases   ] GC(99) y: Pause Mark Start 0.012ms
[185.380s][info   ][gc,phases   ] GC(99) y: Concurrent Mark 25.512ms
[185.380s][info   ][gc,phases   ] GC(99) y: Pause Mark End 0.016ms
[185.380s][info   ][gc,phases   ] GC(99) y: Concurrent Mark Free 0.000ms
[185.380s][info   ][gc,phases   ] GC(99) y: Concurrent Reset Relocation Set 0.001ms
[185.382s][info   ][gc,reloc    ] GC(99) y: Using tenuring threshold: 3 (Computed)
[185.382s][info   ][gc,phases   ] GC(99) y: Concurrent Select Relocation Set 1.411ms
[185.382s][info   ][gc,phases   ] GC(99) y: Pause Relocate Start 0.004ms
[185.382s][info   ][gc,phases   ] GC(99) y: Concurrent Relocate 0.244ms
[185.382s][info   ][gc,alloc    ] GC(99) y:                         Mark Start        Mark End      Relocate Start    Relocate End   
[185.382s][info   ][gc,alloc    ] GC(99) y: Allocation Stalls:          0                0                0                0         
[185.382s][info   ][gc,load     ] GC(99) y: Load: 1.78 (15%) / 1.34 (11%) / 1.43 (12%)
[185.382s][info   ][gc,mmu      ] GC(99) y: MMU: 2ms/98.5%, 5ms/99.4%, 10ms/99.7%, 20ms/99.8%, 50ms/99.9%, 100ms/99.9%
[185.382s][info   ][gc,marking  ] GC(99) y: Mark: 1 stripe(s), 2 proactive flush(es), 1 terminate flush(es), 0 completion(s), 0 continuation(s) 
[185.382s][info   ][gc,marking  ] GC(99) y: Mark Stack Usage: 32M
[185.382s][info   ][gc,nmethod  ] GC(99) y: NMethods: 383 registered, 110 unregistered
[185.382s][info   ][gc,metaspace] GC(99) y: Metaspace: 0M used, 0M committed, 1088M reserved
[185.382s][info   ][gc,reloc    ] GC(99) y:                        Candidates     Selected     In-Place         Size        Empty    Relocated 
[185.382s][info   ][gc,reloc    ] GC(99) y: Small Pages:                 3839            4            0        7678M        7602M           1M 
[185.382s][info   ][gc,reloc    ] GC(99) y: Medium Pages:                   0            0            0           0M           0M           0M 
[185.382s][info   ][gc,reloc    ] GC(99) y: Large Pages:                    0            0            0           0M           0M           0M 
[185.382s][info   ][gc,reloc    ] GC(99) y: Forwarding Usage: 0M
[185.382s][info   ][gc,reloc    ] GC(99) y: Age Table:
[185.382s][info   ][gc,reloc    ] GC(99) y:                    Live             Garbage             Small              Medium             Large        
[185.382s][info   ][gc,reloc    ] GC(99) y: Eden              63M (1%)         7546M (92%)       3805 / 4              0 / 0              0 / 0        
[185.382s][info   ][gc,reloc    ] GC(99) y: Survivor 1          -                66M (1%)          33 / 0              0 / 0              0 / 0        
[185.382s][info   ][gc,reloc    ] GC(99) y: Survivor 2         1M (0%)            0M (0%)           1 / 0              0 / 0              0 / 0        
[185.382s][info   ][gc,heap     ] GC(99) y: Min Capacity: 8192M(100%)
[185.382s][info   ][gc,heap     ] GC(99) y: Max Capacity: 8192M(100%)
[185.382s][info   ][gc,heap     ] GC(99) y: Soft Max Capacity: 8192M(100%)
[185.382s][info   ][gc,heap     ] GC(99) y: Heap Statistics:
[185.382s][info   ][gc,heap     ] GC(99) y:                Mark Start          Mark End        Relocate Start      Relocate End           High               Low         
[185.382s][info   ][gc,heap     ] GC(99) y:  Capacity:     8192M (100%)       8192M (100%)       8192M (100%)       8192M (100%)       8192M (100%)       8192M (100%)   
[185.382s][info   ][gc,heap     ] GC(99) y:      Free:      444M (5%)          378M (5%)         7974M (97%)        7978M (97%)        7978M (97%)         378M (5%)     
[185.382s][info   ][gc,heap     ] GC(99) y:      Used:     7748M (95%)        7814M (95%)         218M (3%)          214M (3%)         7814M (95%)         214M (3%)     
[185.382s][info   ][gc,heap     ] GC(99) y: Young Generation Statistics:
[185.382s][info   ][gc,heap     ] GC(99) y:                Mark Start          Mark End        Relocate Start      Relocate End    
[185.382s][info   ][gc,heap     ] GC(99) y:      Used:     7678M (94%)        7744M (95%)         148M (2%)          144M (2%)     
[185.382s][info   ][gc,heap     ] GC(99) y:      Live:         -                64M (1%)           64M (1%)           64M (1%)     
[185.382s][info   ][gc,heap     ] GC(99) y:   Garbage:         -              7613M (93%)          11M (0%)            2M (0%)     
[185.382s][info   ][gc,heap     ] GC(99) y: Allocated:         -                66M (1%)           72M (1%)           76M (1%)     
[185.382s][info   ][gc,heap     ] GC(99) y: Reclaimed:         -                  -              7602M (93%)        7610M (93%)    
[185.382s][info   ][gc,heap     ] GC(99) y:  Promoted:         -                  -                 0M (0%)            0M (0%)     
[185.382s][info   ][gc,heap     ] GC(99) y: Compacted:         -                  -                  -                 1M (0%)     
[185.382s][info   ][gc,phases   ] GC(99) y: Young Generation 7748M(95%)->214M(3%) 0.028s
[185.382s][info   ][gc          ] GC(99) Minor Collection (High Usage) 7748M(95%)->216M(3%) 0.028s
[186.744s][info   ][gc          ] GC(100) Major Collection (Proactive)
[186.744s][info   ][gc,task     ] GC(100) Using 1 Workers for Young Generation
[186.744s][info   ][gc,task     ] GC(100) Using 1 Workers for Old Generation
[186.744s][info   ][gc,phases   ] GC(100) Y: Young Generation
[186.744s][info   ][gc,phases   ] GC(100) Y: Pause Mark Start (Major) 0.015ms
[186.772s][info   ][gc,phases   ] GC(100) Y: Concurrent Mark 28.398ms
[186.773s][info   ][gc,phases   ] GC(100) Y: Pause Mark End 0.013ms
[186.773s][info   ][gc,phases   ] GC(100) Y: Concurrent Mark Free 0.001ms
[186.773s][info   ][gc,phases   ] GC(100) Y: Concurrent Reset Relocation Set 0.002ms
[186.774s][info   ][gc,reloc    ] GC(100) Y: Using tenuring threshold: 4 (Computed)
[186.774s][info   ][gc,phases   ] GC(100) Y: Concurrent Select Relocation Set 1.384ms
[186.774s][info   ][gc,phases   ] GC(100) Y: Pause Relocate Start 0.004ms
[186.775s][info   ][gc,phases   ] GC(100) Y: Concurrent Relocate 0.856ms
[186.775s][info   ][gc,alloc    ] GC(100) Y:                         Mark Start        Mark End      Relocate Start    Relocate End   
[186.775s][info   ][gc,alloc    ] GC(100) Y: Allocation Stalls:          0                0                0                0         
[186.775s][info   ][gc,load     ] GC(100) Y: Load: 1.78 (15%) / 1.34 (11%) / 1.43 (12%)
[186.775s][info   ][gc,mmu      ] GC(100) Y: MMU: 2ms/98.5%, 5ms/99.4%, 10ms/99.7%, 20ms/99.8%, 50ms/99.9%, 100ms/99.9%
[186.775s][info   ][gc,marking  ] GC(100) Y: Mark: 1 stripe(s), 2 proactive flush(es), 1 terminate flush(es), 0 completion(s), 0 continuation(s) 
[186.775s][info   ][gc,marking  ] GC(100) Y: Mark Stack Usage: 32M
[186.775s][info   ][gc,nmethod  ] GC(100) Y: NMethods: 383 registered, 110 unregistered
[186.775s][info   ][gc,metaspace] GC(100) Y: Metaspace: 0M used, 0M committed, 1088M reserved
[186.775s][info   ][gc,reloc    ] GC(100) Y:                        Candidates     Selected     In-Place         Size        Empty    Relocated 
[186.775s][info   ][gc,reloc    ] GC(100) Y: Small Pages:                 2100            5            0        4200M        4122M           3M 
[186.775s][info   ][gc,reloc    ] GC(100) Y: Medium Pages:                   0            0            0           0M           0M           0M 
[186.775s][info   ][gc,reloc    ] GC(100) Y: Large Pages:                    0            0            0           0M           0M           0M 
[186.775s][info   ][gc,reloc    ] GC(100) Y: Forwarding Usage: 0M
[186.775s][info   ][gc,reloc    ] GC(100) Y: Age Table:
[186.775s][info   ][gc,reloc    ] GC(100) Y:                    Live             Garbage             Small              Medium             Large        
[186.775s][info   ][gc,reloc    ] GC(100) Y: Eden              63M (1%)         4066M (50%)       2065 / 4              0 / 0              0 / 0        
[186.775s][info   ][gc,reloc    ] GC(100) Y: Survivor 1          -                68M (1%)          34 / 0              0 / 0              0 / 0        
[186.775s][info   ][gc,reloc    ] GC(100) Y: Survivor 2          -                 0M (0%)           0 / 0              0 / 0              0 / 0        
[186.775s][info   ][gc,reloc    ] GC(100) Y: Survivor 3         1M (0%)            0M (0%)           1 / 1              0 / 0              0 / 0        
[186.775s][info   ][gc,heap     ] GC(100) Y: Min Capacity: 8192M(100%)
[186.775s][info   ][gc,heap     ] GC(100) Y: Max Capacity: 8192M(100%)
[186.775s][info   ][gc,heap     ] GC(100) Y: Soft Max Capacity: 8192M(100%)
[186.775s][info   ][gc,heap     ] GC(100) Y: Heap Statistics:
[186.775s][info   ][gc,heap     ] GC(100) Y:                Mark Start          Mark End        Relocate Start      Relocate End           High               Low         
[186.775s][info   ][gc,heap     ] GC(100) Y:  Capacity:     8192M (100%)       8192M (100%)       8192M (100%)       8192M (100%)       8192M (100%)       8192M (100%)   
[186.775s][info   ][gc,heap     ] GC(100) Y:      Free:     3922M (48%)        3840M (47%)        7952M (97%)        7956M (97%)        7958M (97%)        3840M (47%)    
[186.775s][info   ][gc,heap     ] GC(100) Y:      Used:     4270M (52%)        4352M (53%)         240M (3%)          236M (3%)         4352M (53%)         234M (3%)     
[186.775s][info   ][gc,heap     ] GC(100) Y: Young Generation Statistics:
[186.775s][info   ][gc,heap     ] GC(100) Y:                Mark Start          Mark End        Relocate Start      Relocate End    
[186.775s][info   ][gc,heap     ] GC(100) Y:      Used:     4200M (51%)        4282M (52%)         170M (2%)          166M (2%)     
[186.775s][info   ][gc,heap     ] GC(100) Y:      Live:         -                64M (1%)           64M (1%)           64M (1%)     
[186.775s][info   ][gc,heap     ] GC(100) Y:   Garbage:         -              4135M (50%)          13M (0%)            2M (0%)     
[186.775s][info   ][gc,heap     ] GC(100) Y: Allocated:         -                82M (1%)           92M (1%)           99M (1%)     
[186.775s][info   ][gc,heap     ] GC(100) Y: Reclaimed:         -                  -              4122M (50%)        4133M (50%)    
[186.775s][info   ][gc,heap     ] GC(100) Y:  Promoted:         -                  -                 0M (0%)            0M (0%)     
[186.775s][info   ][gc,heap     ] GC(100) Y: Compacted:         -                  -                  -                 6M (0%)     
[186.775s][info   ][gc,phases   ] GC(100) Y: Young Generation 4270M(52%)->236M(3%) 0.031s
[186.775s][info   ][gc,phases   ] GC(100) O: Old Generation
[186.804s][info   ][gc,phases   ] GC(100) O: Concurrent Mark 29.093ms
[186.804s][info   ][gc,phases   ] GC(100) O: Pause Mark End 0.009ms
[186.804s][info   ][gc,phases   ] GC(100) O: Concurrent Mark Free 0.000ms
[186.805s][info   ][gc,phases   ] GC(100) O: Concurrent Process Non-Strong 0.622ms
[186.805s][info   ][gc,phases   ] GC(100) O: Concurrent Reset Relocation Set 0.000ms
[186.806s][info   ][gc,phases   ] GC(100) O: Concurrent Select Relocation Set 0.966ms
[186.806s][info   ][gc,task     ] GC(100) O: Using 2 Workers for Old Generation
[186.809s][info   ][gc,task     ] GC(100) O: Using 1 Workers for Old Generation
[186.809s][info   ][gc,phases   ] GC(100) O: Concurrent Remap Roots 2.916ms
[186.809s][info   ][gc,phases   ] GC(100) O: Pause Relocate Start 0.004ms
[186.809s][info   ][gc,phases   ] GC(100) O: Concurrent Relocate 0.009ms
[186.809s][info   ][gc,alloc    ] GC(100) O:                         Mark Start        Mark End      Relocate Start    Relocate End   
[186.809s][info   ][gc,alloc    ] GC(100) O: Allocation Stalls:          0                0                0                0         
[186.809s][info   ][gc,load     ] GC(100) O: Load: 1.78 (15%) / 1.34 (11%) / 1.43 (12%)
[186.809s][info   ][gc,mmu      ] GC(100) O: MMU: 2ms/98.5%, 5ms/99.4%, 10ms/99.7%, 20ms/99.8%, 50ms/99.9%, 100ms/99.9%
[186.809s][info   ][gc,marking  ] GC(100) O: Mark: 1 stripe(s), 2 proactive flush(es), 1 terminate flush(es), 0 completion(s), 0 continuation(s) 
[186.809s][info   ][gc,marking  ] GC(100) O: Mark Stack Usage: 32M
[186.809s][info   ][gc,nmethod  ] GC(100) O: NMethods: 383 registered, 110 unregistered
[186.809s][info   ][gc,metaspace] GC(100) O: Metaspace: 0M used, 0M committed, 1088M reserved
[186.809s][info   ][gc,ref      ] GC(100) O:                       Encountered   Discovered     Enqueued 
[186.809s][info   ][gc,ref      ] GC(100) O: Soft References:               64            0            0 
[186.809s][info   ][gc,ref      ] GC(100) O: Weak References:              217          164            0 
[186.809s][info   ][gc,ref      ] GC(100) O: Final References:               0            0            0 
[186.809s][info   ][gc,ref      ] GC(100) O: Phantom References:             5            3            0 
[186.809s][info   ][gc,reloc    ] GC(100) O:                        Candidates     Selected     In-Place         Size        Empty    Relocated 
[186.809s][info   ][gc,reloc    ] GC(100) O: Small Pages:                   35            0            0          70M           0M           0M 
[186.809s][info   ][gc,reloc    ] GC(100) O: Medium Pages:                   0            0            0           0M           0M           0M 
[186.809s][info   ][gc,reloc    ] GC(100) O: Large Pages:                    0            0            0           0M           0M           0M 
[186.809s][info   ][gc,reloc    ] GC(100) O: Forwarding Usage: 0M
[186.809s][info   ][gc,heap     ] GC(100) O: Min Capacity: 8192M(100%)
[186.809s][info   ][gc,heap     ] GC(100) O: Max Capacity: 8192M(100%)
[186.809s][info   ][gc,heap     ] GC(100) O: Soft Max Capacity: 8192M(100%)
[186.809s][info   ][gc,heap     ] GC(100) O: Heap Statistics:
[186.809s][info   ][gc,heap     ] GC(100) O:                Mark Start          Mark End        Relocate Start      Relocate End           High               Low         
[186.809s][info   ][gc,heap     ] GC(100) O:  Capacity:     8192M (100%)       8192M (100%)       8192M (100%)       8192M (100%)       8192M (100%)       8192M (100%)   
[186.809s][info   ][gc,heap     ] GC(100) O:      Free:     3922M (48%)        7868M (96%)        7864M (96%)        7864M (96%)        7958M (97%)        3840M (47%)    
[186.809s][info   ][gc,heap     ] GC(100) O:      Used:     4270M (52%)         324M (4%)          328M (4%)          328M (4%)         4352M (53%)         234M (3%)     
[186.809s][info   ][gc,heap     ] GC(100) O: Old Generation Statistics:
[186.809s][info   ][gc,heap     ] GC(100) O:                Mark Start          Mark End        Relocate Start      Relocate End    
[186.809s][info   ][gc,heap     ] GC(100) O:      Used:       70M (1%)           70M (1%)           70M (1%)           70M (1%)     
[186.809s][info   ][gc,heap     ] GC(100) O:      Live:         -                64M (1%)           64M (1%)           64M (1%)     
[186.809s][info   ][gc,heap     ] GC(100) O:   Garbage:         -                 5M (0%)            5M (0%)            5M (0%)     
[186.809s][info   ][gc,heap     ] GC(100) O: Allocated:         -                 0M (0%)            0M (0%)            0M (0%)     
[186.809s][info   ][gc,heap     ] GC(100) O: Reclaimed:         -                  -                 0M (0%)            0M (0%)     
[186.809s][info   ][gc,heap     ] GC(100) O: Compacted:         -                  -                  -                 0M (0%)     
[186.809s][info   ][gc,phases   ] GC(100) O: Old Generation 236M(3%)->328M(4%) 0.034s
[186.809s][info   ][gc          ] GC(100) Major Collection (Proactive) 4268M(52%)->328M(4%) 0.065s
[189.306s][info   ][gc          ] GC(101) Minor Collection (High Usage)
[189.306s][info   ][gc,task     ] GC(101) Using 1 Workers for Young Generation
[189.306s][info   ][gc,phases   ] GC(101) y: Young Generation
[189.306s][info   ][gc,phases   ] GC(101) y: Pause Mark Start 0.014ms
[189.330s][info   ][gc,phases   ] GC(101) y: Concurrent Mark 24.407ms
[189.330s][info   ][gc,phases   ] GC(101) y: Pause Mark End 0.011ms
[189.330s][info   ][gc,phases   ] GC(101) y: Concurrent Mark Free 0.000ms
[189.330s][info   ][gc,phases   ] GC(101) y: Concurrent Reset Relocation Set 0.001ms
[189.332s][info   ][gc,reloc    ] GC(101) y: Using tenuring threshold: 5 (Computed)
[189.332s][info   ][gc,phases   ] GC(101) y: Concurrent Select Relocation Set 1.379ms
[189.332s][info   ][gc,phases   ] GC(101) y: Pause Relocate Start 0.007ms
[189.333s][info   ][gc,phases   ] GC(101) y: Concurrent Relocate 0.737ms
[189.333s][info   ][gc,alloc    ] GC(101) y:                         Mark Start        Mark End      Relocate Start    Relocate End   
[189.333s][info   ][gc,alloc    ] GC(101) y: Allocation Stalls:          0                0                0                0         
[189.333s][info   ][gc,load     ] GC(101) y: Load: 1.88 (16%) / 1.37 (11%) / 1.44 (12%)
[189.333s][info   ][gc,mmu      ] GC(101) y: MMU: 2ms/98.5%, 5ms/99.4%, 10ms/99.7%, 20ms/99.8%, 50ms/99.9%, 100ms/99.9%
[189.333s][info   ][gc,marking  ] GC(101) y: Mark: 1 stripe(s), 2 proactive flush(es), 1 terminate flush(es), 0 completion(s), 0 continuation(s) 
[189.333s][info   ][gc,marking  ] GC(101) y: Mark Stack Usage: 32M
[189.333s][info   ][gc,nmethod  ] GC(101) y: NMethods: 383 registered, 110 unregistered
[189.333s][info   ][gc,metaspace] GC(101) y: Metaspace: 0M used, 0M committed, 1088M reserved
[189.333s][info   ][gc,reloc    ] GC(101) y:                        Candidates     Selected     In-Place         Size        Empty    Relocated 
[189.333s][info   ][gc,reloc    ] GC(101) y: Small Pages:                 3845            6            0        7690M        7610M           3M 
[189.333s][info   ][gc,reloc    ] GC(101) y: Medium Pages:                   0            0            0           0M           0M           0M 
[189.333s][info   ][gc,reloc    ] GC(101) y: Large Pages:                    0            0            0           0M           0M           0M 
[189.333s][info   ][gc,reloc    ] GC(101) y: Forwarding Usage: 0M
[189.333s][info   ][gc,reloc    ] GC(101) y: Age Table:
[189.333s][info   ][gc,reloc    ] GC(101) y:                    Live             Garbage             Small              Medium             Large        
[189.333s][info   ][gc,reloc    ] GC(101) y: Eden              63M (1%)         7558M (92%)       3811 / 6              0 / 0              0 / 0        
[189.333s][info   ][gc,reloc    ] GC(101) y: Survivor 1          -                66M (1%)          33 / 0              0 / 0              0 / 0        
[189.333s][info   ][gc,reloc    ] GC(101) y: Survivor 2          -                 0M (0%)           0 / 0              0 / 0              0 / 0        
[189.333s][info   ][gc,reloc    ] GC(101) y: Survivor 3          -                 0M (0%)           0 / 0              0 / 0              0 / 0        
[189.333s][info   ][gc,reloc    ] GC(101) y: Survivor 4         1M (0%)            0M (0%)           1 / 0              0 / 0              0 / 0        
[189.333s][info   ][gc,heap     ] GC(101) y: Min Capacity: 8192M(100%)
[189.333s][info   ][gc,heap     ] GC(101) y: Max Capacity: 8192M(100%)
[189.333s][info   ][gc,heap     ] GC(101) y: Soft Max Capacity: 8192M(100%)
[189.333s][info   ][gc,heap     ] GC(101) y: Heap Statistics:
[189.333s][info   ][gc,heap     ] GC(101) y:                Mark Start          Mark End        Relocate Start      Relocate End           High               Low         
[189.333s][info   ][gc,heap     ] GC(101) y:  Capacity:     8192M (100%)       8192M (100%)       8192M (100%)       8192M (100%)       8192M (100%)       8192M (100%)   
[189.333s][info   ][gc,heap     ] GC(101) y:      Free:      432M (5%)          368M (4%)         7974M (97%)        7980M (97%)        7982M (97%)         368M (4%)     
[189.333s][info   ][gc,heap     ] GC(101) y:      Used:     7760M (95%)        7824M (96%)         218M (3%)          212M (3%)         7824M (96%)         210M (3%)     
[189.333s][info   ][gc,heap     ] GC(101) y: Young Generation Statistics:
[189.333s][info   ][gc,heap     ] GC(101) y:                Mark Start          Mark End        Relocate Start      Relocate End    
[189.333s][info   ][gc,heap     ] GC(101) y:      Used:     7690M (94%)        7754M (95%)         148M (2%)          142M (2%)     
[189.333s][info   ][gc,heap     ] GC(101) y:      Live:         -                64M (1%)           64M (1%)           64M (1%)     
[189.333s][info   ][gc,heap     ] GC(101) y:   Garbage:         -              7625M (93%)          15M (0%)            1M (0%)     
[189.333s][info   ][gc,heap     ] GC(101) y: Allocated:         -                64M (1%)           68M (1%)           75M (1%)     
[189.333s][info   ][gc,heap     ] GC(101) y: Reclaimed:         -                  -              7610M (93%)        7623M (93%)    
[189.333s][info   ][gc,heap     ] GC(101) y:  Promoted:         -                  -                 0M (0%)            0M (0%)     
[189.333s][info   ][gc,heap     ] GC(101) y: Compacted:         -                  -                  -                 4M (0%)     
[189.333s][info   ][gc,phases   ] GC(101) y: Young Generation 7760M(95%)->212M(3%) 0.027s
[189.333s][info   ][gc          ] GC(101) Minor Collection (High Usage) 7760M(95%)->212M(3%) 0.027s
[190.523s][info   ][gc          ] GC(102) Major Collection (Proactive)
[190.523s][info   ][gc,task     ] GC(102) Using 1 Workers for Young Generation
[190.523s][info   ][gc,task     ] GC(102) Using 1 Workers for Old Generation
[190.523s][info   ][gc,phases   ] GC(102) Y: Young Generation
[190.523s][info   ][gc,phases   ] GC(102) Y: Pause Mark Start (Major) 0.009ms
[190.545s][info   ][gc,phases   ] GC(102) Y: Concurrent Mark 21.655ms
[190.545s][info   ][gc,phases   ] GC(102) Y: Pause Mark End 0.012ms
[190.545s][info   ][gc,phases   ] GC(102) Y: Concurrent Mark Free 0.000ms
[190.545s][info   ][gc,phases   ] GC(102) Y: Concurrent Reset Relocation Set 0.002ms
[190.546s][info   ][gc,reloc    ] GC(102) Y: Using tenuring threshold: 6 (Computed)
[190.546s][info   ][gc,phases   ] GC(102) Y: Concurrent Select Relocation Set 1.495ms
[190.546s][info   ][gc,phases   ] GC(102) Y: Pause Relocate Start 0.003ms
[190.547s][info   ][gc,phases   ] GC(102) Y: Concurrent Relocate 0.555ms
[190.547s][info   ][gc,alloc    ] GC(102) Y:                         Mark Start        Mark End      Relocate Start    Relocate End   
[190.547s][info   ][gc,alloc    ] GC(102) Y: Allocation Stalls:          0                0                0                0         
[190.547s][info   ][gc,load     ] GC(102) Y: Load: 1.88 (16%) / 1.37 (11%) / 1.44 (12%)
[190.547s][info   ][gc,mmu      ] GC(102) Y: MMU: 2ms/98.5%, 5ms/99.4%, 10ms/99.7%, 20ms/99.8%, 50ms/99.9%, 100ms/99.9%
[190.547s][info   ][gc,marking  ] GC(102) Y: Mark: 1 stripe(s), 2 proactive flush(es), 1 terminate flush(es), 0 completion(s), 0 continuation(s) 
[190.547s][info   ][gc,marking  ] GC(102) Y: Mark Stack Usage: 32M
[190.547s][info   ][gc,nmethod  ] GC(102) Y: NMethods: 383 registered, 110 unregistered
[190.547s][info   ][gc,metaspace] GC(102) Y: Metaspace: 0M used, 0M committed, 1088M reserved
[190.547s][info   ][gc,reloc    ] GC(102) Y:                        Candidates     Selected     In-Place         Size        Empty    Relocated 
[190.547s][info   ][gc,reloc    ] GC(102) Y: Small Pages:                 1843            4            0        3686M        3610M           2M 
[190.547s][info   ][gc,reloc    ] GC(102) Y: Medium Pages:                   0            0            0           0M           0M           0M 
[190.547s][info   ][gc,reloc    ] GC(102) Y: Large Pages:                    0            0            0           0M           0M           0M 
[190.547s][info   ][gc,reloc    ] GC(102) Y: Forwarding Usage: 0M
[190.547s][info   ][gc,reloc    ] GC(102) Y: Age Table:
[190.547s][info   ][gc,reloc    ] GC(102) Y:                    Live             Garbage             Small              Medium             Large        
[190.547s][info   ][gc,reloc    ] GC(102) Y: Eden              63M (1%)         3552M (43%)       1808 / 4              0 / 0              0 / 0        
[190.547s][info   ][gc,reloc    ] GC(102) Y: Survivor 1          -                68M (1%)          34 / 0              0 / 0              0 / 0        
[190.547s][info   ][gc,reloc    ] GC(102) Y: Survivor 2          -                 0M (0%)           0 / 0              0 / 0              0 / 0        
[190.547s][info   ][gc,reloc    ] GC(102) Y: Survivor 3          -                 0M (0%)           0 / 0              0 / 0              0 / 0        
[190.547s][info   ][gc,reloc    ] GC(102) Y: Survivor 4          -                 0M (0%)           0 / 0              0 / 0              0 / 0        
[190.547s][info   ][gc,reloc    ] GC(102) Y: Survivor 5         1M (0%)            0M (0%)           1 / 0              0 / 0              0 / 0        
[190.547s][info   ][gc,heap     ] GC(102) Y: Min Capacity: 8192M(100%)
[190.547s][info   ][gc,heap     ] GC(102) Y: Max Capacity: 8192M(100%)
[190.547s][info   ][gc,heap     ] GC(102) Y: Soft Max Capacity: 8192M(100%)
[190.547s][info   ][gc,heap     ] GC(102) Y: Heap Statistics:
[190.547s][info   ][gc,heap     ] GC(102) Y:                Mark Start          Mark End        Relocate Start      Relocate End           High               Low         
[190.547s][info   ][gc,heap     ] GC(102) Y:  Capacity:     8192M (100%)       8192M (100%)       8192M (100%)       8192M (100%)       8192M (100%)       8192M (100%)   
[190.547s][info   ][gc,heap     ] GC(102) Y:      Free:     4436M (54%)        4364M (53%)        7970M (97%)        7978M (97%)        7978M (97%)        4364M (53%)    
[190.547s][info   ][gc,heap     ] GC(102) Y:      Used:     3756M (46%)        3828M (47%)         222M (3%)          214M (3%)         3828M (47%)         214M (3%)     
[190.547s][info   ][gc,heap     ] GC(102) Y: Young Generation Statistics:
[190.547s][info   ][gc,heap     ] GC(102) Y:                Mark Start          Mark End        Relocate Start      Relocate End    
[190.547s][info   ][gc,heap     ] GC(102) Y:      Used:     3686M (45%)        3758M (46%)         152M (2%)          144M (2%)     
[190.547s][info   ][gc,heap     ] GC(102) Y:      Live:         -                64M (1%)           64M (1%)           64M (1%)     
[190.547s][info   ][gc,heap     ] GC(102) Y:   Garbage:         -              3621M (44%)          11M (0%)            2M (0%)     
[190.547s][info   ][gc,heap     ] GC(102) Y: Allocated:         -                72M (1%)           76M (1%)           76M (1%)     
[190.547s][info   ][gc,heap     ] GC(102) Y: Reclaimed:         -                  -              3610M (44%)        3618M (44%)    
[190.547s][info   ][gc,heap     ] GC(102) Y:  Promoted:         -                  -                 0M (0%)            0M (0%)     
[190.547s][info   ][gc,heap     ] GC(102) Y: Compacted:         -                  -                  -                 3M (0%)     
[190.547s][info   ][gc,phases   ] GC(102) Y: Young Generation 3756M(46%)->214M(3%) 0.024s
[190.547s][info   ][gc,phases   ] GC(102) O: Old Generation
[190.576s][info   ][gc,phases   ] GC(102) O: Concurrent Mark 29.244ms
[190.576s][info   ][gc,phases   ] GC(102) O: Pause Mark End 0.011ms
[190.576s][info   ][gc,phases   ] GC(102) O: Concurrent Mark Free 0.000ms
[190.577s][info   ][gc,phases   ] GC(102) O: Concurrent Process Non-Strong 0.615ms
[190.577s][info   ][gc,phases   ] GC(102) O: Concurrent Reset Relocation Set 0.000ms
[190.578s][info   ][gc,phases   ] GC(102) O: Concurrent Select Relocation Set 1.036ms
[190.578s][info   ][gc,task     ] GC(102) O: Using 2 Workers for Old Generation
[190.581s][info   ][gc,task     ] GC(102) O: Using 1 Workers for Old Generation
[190.581s][info   ][gc,phases   ] GC(102) O: Concurrent Remap Roots 2.996ms
[190.581s][info   ][gc,phases   ] GC(102) O: Pause Relocate Start 0.004ms
[190.581s][info   ][gc,phases   ] GC(102) O: Concurrent Relocate 0.012ms
[190.581s][info   ][gc,alloc    ] GC(102) O:                         Mark Start        Mark End      Relocate Start    Relocate End   
[190.581s][info   ][gc,alloc    ] GC(102) O: Allocation Stalls:          0                0                0                0         
[190.581s][info   ][gc,load     ] GC(102) O: Load: 1.88 (16%) / 1.37 (11%) / 1.44 (12%)
[190.581s][info   ][gc,mmu      ] GC(102) O: MMU: 2ms/98.5%, 5ms/99.4%, 10ms/99.7%, 20ms/99.8%, 50ms/99.9%, 100ms/99.9%
[190.581s][info   ][gc,marking  ] GC(102) O: Mark: 1 stripe(s), 2 proactive flush(es), 1 terminate flush(es), 0 completion(s), 0 continuation(s) 
[190.581s][info   ][gc,marking  ] GC(102) O: Mark Stack Usage: 32M
[190.581s][info   ][gc,nmethod  ] GC(102) O: NMethods: 383 registered, 110 unregistered
[190.581s][info   ][gc,metaspace] GC(102) O: Metaspace: 0M used, 0M committed, 1088M reserved
[190.581s][info   ][gc,ref      ] GC(102) O:                       Encountered   Discovered     Enqueued 
[190.581s][info   ][gc,ref      ] GC(102) O: Soft References:               64            0            0 
[190.581s][info   ][gc,ref      ] GC(102) O: Weak References:              217          164            0 
[190.581s][info   ][gc,ref      ] GC(102) O: Final References:               0            0            0 
[190.581s][info   ][gc,ref      ] GC(102) O: Phantom References:             5            3            0 
[190.581s][info   ][gc,reloc    ] GC(102) O:                        Candidates     Selected     In-Place         Size        Empty    Relocated 
[190.581s][info   ][gc,reloc    ] GC(102) O: Small Pages:                   35            0            0          70M           0M           0M 
[190.581s][info   ][gc,reloc    ] GC(102) O: Medium Pages:                   0            0            0           0M           0M           0M 
[190.581s][info   ][gc,reloc    ] GC(102) O: Large Pages:                    0            0            0           0M           0M           0M 
[190.581s][info   ][gc,reloc    ] GC(102) O: Forwarding Usage: 0M
[190.581s][info   ][gc,heap     ] GC(102) O: Min Capacity: 8192M(100%)
[190.581s][info   ][gc,heap     ] GC(102) O: Max Capacity: 8192M(100%)
[190.581s][info   ][gc,heap     ] GC(102) O: Soft Max Capacity: 8192M(100%)
[190.581s][info   ][gc,heap     ] GC(102) O: Heap Statistics:
[190.581s][info   ][gc,heap     ] GC(102) O:                Mark Start          Mark End        Relocate Start      Relocate End           High               Low         
[190.581s][info   ][gc,heap     ] GC(102) O:  Capacity:     8192M (100%)       8192M (100%)       8192M (100%)       8192M (100%)       8192M (100%)       8192M (100%)   
[190.581s][info   ][gc,heap     ] GC(102) O:      Free:     4436M (54%)        7888M (96%)        7888M (96%)        7888M (96%)        7978M (97%)        4364M (53%)    
[190.581s][info   ][gc,heap     ] GC(102) O:      Used:     3756M (46%)         304M (4%)          304M (4%)          304M (4%)         3828M (47%)         214M (3%)     
[190.581s][info   ][gc,heap     ] GC(102) O: Old Generation Statistics:
[190.581s][info   ][gc,heap     ] GC(102) O:                Mark Start          Mark End        Relocate Start      Relocate End    
[190.581s][info   ][gc,heap     ] GC(102) O:      Used:       70M (1%)           70M (1%)           70M (1%)           70M (1%)     
[190.581s][info   ][gc,heap     ] GC(102) O:      Live:         -                64M (1%)           64M (1%)           64M (1%)     
[190.581s][info   ][gc,heap     ] GC(102) O:   Garbage:         -                 5M (0%)            5M (0%)            5M (0%)     
[190.581s][info   ][gc,heap     ] GC(102) O: Allocated:         -                 0M (0%)            0M (0%)            0M (0%)     
[190.581s][info   ][gc,heap     ] GC(102) O: Reclaimed:         -                  -                 0M (0%)            0M (0%)     
[190.581s][info   ][gc,heap     ] GC(102) O: Compacted:         -                  -                  -                 0M (0%)     
[190.581s][info   ][gc,phases   ] GC(102) O: Old Generation 214M(3%)->304M(4%) 0.034s
[190.581s][info   ][gc          ] GC(102) Major Collection (Proactive) 3756M(46%)->304M(4%) 0.058s
[193.083s][info   ][gc          ] GC(103) Minor Collection (High Usage)
[193.083s][info   ][gc,task     ] GC(103) Using 1 Workers for Young Generation
[193.083s][info   ][gc,phases   ] GC(103) y: Young Generation
[193.083s][info   ][gc,phases   ] GC(103) y: Pause Mark Start 0.006ms
[193.094s][info   ][gc,phases   ] GC(103) y: Concurrent Mark 11.307ms
[193.094s][info   ][gc,phases   ] GC(103) y: Pause Mark End 0.006ms
[193.094s][info   ][gc,phases   ] GC(103) y: Concurrent Mark Free 0.000ms
[193.094s][info   ][gc,phases   ] GC(103) y: Concurrent Reset Relocation Set 0.001ms
[193.096s][info   ][gc,reloc    ] GC(103) y: Using tenuring threshold: 7 (Computed)
[193.096s][info   ][gc,phases   ] GC(103) y: Concurrent Select Relocation Set 1.208ms
[193.096s][info   ][gc,phases   ] GC(103) y: Pause Relocate Start 0.003ms
[193.096s][info   ][gc,phases   ] GC(103) y: Concurrent Relocate 0.376ms
[193.096s][info   ][gc,alloc    ] GC(103) y:                         Mark Start        Mark End      Relocate Start    Relocate End   
[193.096s][info   ][gc,alloc    ] GC(103) y: Allocation Stalls:          0                0                0                0         
[193.096s][info   ][gc,load     ] GC(103) y: Load: 1.88 (16%) / 1.37 (11%) / 1.44 (12%)
[193.096s][info   ][gc,mmu      ] GC(103) y: MMU: 2ms/98.5%, 5ms/99.4%, 10ms/99.7%, 20ms/99.8%, 50ms/99.9%, 100ms/99.9%
[193.096s][info   ][gc,marking  ] GC(103) y: Mark: 1 stripe(s), 2 proactive flush(es), 1 terminate flush(es), 0 completion(s), 0 continuation(s) 
[193.096s][info   ][gc,marking  ] GC(103) y: Mark Stack Usage: 32M
[193.096s][info   ][gc,nmethod  ] GC(103) y: NMethods: 383 registered, 110 unregistered
[193.096s][info   ][gc,metaspace] GC(103) y: Metaspace: 0M used, 0M committed, 1088M reserved
[193.096s][info   ][gc,reloc    ] GC(103) y:                        Candidates     Selected     In-Place         Size        Empty    Relocated 
[193.096s][info   ][gc,reloc    ] GC(103) y: Small Pages:                 3845            3            0        7690M        7616M           1M 
[193.096s][info   ][gc,reloc    ] GC(103) y: Medium Pages:                   0            0            0           0M           0M           0M 
[193.096s][info   ][gc,reloc    ] GC(103) y: Large Pages:                    0            0            0           0M           0M           0M 
[193.096s][info   ][gc,reloc    ] GC(103) y: Forwarding Usage: 0M
[193.096s][info   ][gc,reloc    ] GC(103) y: Age Table:
[193.096s][info   ][gc,reloc    ] GC(103) y:                    Live             Garbage             Small              Medium             Large        
[193.096s][info   ][gc,reloc    ] GC(103) y: Eden              63M (1%)         7558M (92%)       3811 / 3              0 / 0              0 / 0        
[193.096s][info   ][gc,reloc    ] GC(103) y: Survivor 1          -                66M (1%)          33 / 0              0 / 0              0 / 0        
[193.096s][info   ][gc,reloc    ] GC(103) y: Survivor 2          -                 0M (0%)           0 / 0              0 / 0              0 / 0        
[193.096s][info   ][gc,reloc    ] GC(103) y: Survivor 3          -                 0M (0%)           0 / 0              0 / 0              0 / 0        
[193.096s][info   ][gc,reloc    ] GC(103) y: Survivor 4          -                 0M (0%)           0 / 0              0 / 0              0 / 0        
[193.096s][info   ][gc,reloc    ] GC(103) y: Survivor 5          -                 0M (0%)           0 / 0              0 / 0              0 / 0        
[193.096s][info   ][gc,reloc    ] GC(103) y: Survivor 6         1M (0%)            0M (0%)           1 / 0              0 / 0              0 / 0        
[193.096s][info   ][gc,heap     ] GC(103) y: Min Capacity: 8192M(100%)
[193.096s][info   ][gc,heap     ] GC(103) y: Max Capacity: 8192M(100%)
[193.096s][info   ][gc,heap     ] GC(103) y: Soft Max Capacity: 8192M(100%)
[193.096s][info   ][gc,heap     ] GC(103) y: Heap Statistics:
[193.096s][info   ][gc,heap     ] GC(103) y:                Mark Start          Mark End        Relocate Start      Relocate End           High               Low         
[193.096s][info   ][gc,heap     ] GC(103) y:  Capacity:     8192M (100%)       8192M (100%)       8192M (100%)       8192M (100%)       8192M (100%)       8192M (100%)   
[193.096s][info   ][gc,heap     ] GC(103) y:      Free:      432M (5%)          394M (5%)         8008M (98%)        8014M (98%)        8014M (98%)         394M (5%)     
[193.096s][info   ][gc,heap     ] GC(103) y:      Used:     7760M (95%)        7798M (95%)         184M (2%)          178M (2%)         7798M (95%)         178M (2%)     
[193.096s][info   ][gc,heap     ] GC(103) y: Young Generation Statistics:
[193.096s][info   ][gc,heap     ] GC(103) y:                Mark Start          Mark End        Relocate Start      Relocate End    
[193.096s][info   ][gc,heap     ] GC(103) y:      Used:     7690M (94%)        7728M (94%)         114M (1%)          108M (1%)     
[193.096s][info   ][gc,heap     ] GC(103) y:      Live:         -                64M (1%)           64M (1%)           64M (1%)     
[193.096s][info   ][gc,heap     ] GC(103) y:   Garbage:         -              7625M (93%)           9M (0%)            2M (0%)     
[193.096s][info   ][gc,heap     ] GC(103) y: Allocated:         -                38M (0%)           40M (0%)           41M (1%)     
[193.096s][info   ][gc,heap     ] GC(103) y: Reclaimed:         -                  -              7616M (93%)        7623M (93%)    
[193.096s][info   ][gc,heap     ] GC(103) y:  Promoted:         -                  -                 0M (0%)            0M (0%)     
[193.096s][info   ][gc,heap     ] GC(103) y: Compacted:         -                  -                  -                 2M (0%)     
[193.096s][info   ][gc,phases   ] GC(103) y: Young Generation 7760M(95%)->178M(2%) 0.013s
[193.096s][info   ][gc          ] GC(103) Minor Collection (High Usage) 7760M(95%)->178M(2%) 0.013s
[194.265s][info   ][gc          ] GC(104) Major Collection (Proactive)
[194.265s][info   ][gc,task     ] GC(104) Using 1 Workers for Young Generation
[194.265s][info   ][gc,task     ] GC(104) Using 1 Workers for Old Generation
[194.265s][info   ][gc,phases   ] GC(104) Y: Young Generation
[194.265s][info   ][gc,phases   ] GC(104) Y: Pause Mark Start (Major) 0.011ms
[194.280s][info   ][gc,phases   ] GC(104) Y: Concurrent Mark 14.452ms
[194.280s][info   ][gc,phases   ] GC(104) Y: Pause Mark End 0.006ms
[194.280s][info   ][gc,phases   ] GC(104) Y: Concurrent Mark Free 0.000ms
[194.280s][info   ][gc,phases   ] GC(104) Y: Concurrent Reset Relocation Set 0.001ms
[194.281s][info   ][gc,reloc    ] GC(104) Y: Using tenuring threshold: 8 (Computed)
[194.281s][info   ][gc,phases   ] GC(104) Y: Concurrent Select Relocation Set 1.212ms
[194.281s][info   ][gc,phases   ] GC(104) Y: Pause Relocate Start 0.003ms
[194.281s][info   ][gc,phases   ] GC(104) Y: Concurrent Relocate 0.172ms
[194.281s][info   ][gc,alloc    ] GC(104) Y:                         Mark Start        Mark End      Relocate Start    Relocate End   
[194.281s][info   ][gc,alloc    ] GC(104) Y: Allocation Stalls:          0                0                0                0         
[194.281s][info   ][gc,load     ] GC(104) Y: Load: 1.81 (15%) / 1.36 (11%) / 1.44 (12%)
[194.281s][info   ][gc,mmu      ] GC(104) Y: MMU: 2ms/98.5%, 5ms/99.4%, 10ms/99.7%, 20ms/99.8%, 50ms/99.9%, 100ms/99.9%
[194.281s][info   ][gc,marking  ] GC(104) Y: Mark: 1 stripe(s), 2 proactive flush(es), 1 terminate flush(es), 0 completion(s), 0 continuation(s) 
[194.281s][info   ][gc,marking  ] GC(104) Y: Mark Stack Usage: 32M
[194.281s][info   ][gc,nmethod  ] GC(104) Y: NMethods: 383 registered, 110 unregistered
[194.281s][info   ][gc,metaspace] GC(104) Y: Metaspace: 0M used, 0M committed, 1088M reserved
[194.281s][info   ][gc,reloc    ] GC(104) Y:                        Candidates     Selected     In-Place         Size        Empty    Relocated 
[194.281s][info   ][gc,reloc    ] GC(104) Y: Small Pages:                 1793            3            0        3586M        3512M           1M 
[194.281s][info   ][gc,reloc    ] GC(104) Y: Medium Pages:                   0            0            0           0M           0M           0M 
[194.281s][info   ][gc,reloc    ] GC(104) Y: Large Pages:                    0            0            0           0M           0M           0M 
[194.281s][info   ][gc,reloc    ] GC(104) Y: Forwarding Usage: 0M
[194.281s][info   ][gc,reloc    ] GC(104) Y: Age Table:
[194.281s][info   ][gc,reloc    ] GC(104) Y:                    Live             Garbage             Small              Medium             Large        
[194.281s][info   ][gc,reloc    ] GC(104) Y: Eden              63M (1%)         3454M (42%)       1759 / 3              0 / 0              0 / 0        
[194.281s][info   ][gc,reloc    ] GC(104) Y: Survivor 1         0M (0%)           65M (1%)          33 / 0              0 / 0              0 / 0        
[194.281s][info   ][gc,reloc    ] GC(104) Y: Survivor 2          -                 0M (0%)           0 / 0              0 / 0              0 / 0        
[194.281s][info   ][gc,reloc    ] GC(104) Y: Survivor 3          -                 0M (0%)           0 / 0              0 / 0              0 / 0        
[194.281s][info   ][gc,reloc    ] GC(104) Y: Survivor 4          -                 0M (0%)           0 / 0              0 / 0              0 / 0        
[194.281s][info   ][gc,reloc    ] GC(104) Y: Survivor 5          -                 0M (0%)           0 / 0              0 / 0              0 / 0        
[194.281s][info   ][gc,reloc    ] GC(104) Y: Survivor 6          -                 0M (0%)           0 / 0              0 / 0              0 / 0        
[194.281s][info   ][gc,reloc    ] GC(104) Y: Survivor 7         1M (0%)            0M (0%)           1 / 0              0 / 0              0 / 0        
[194.281s][info   ][gc,heap     ] GC(104) Y: Min Capacity: 8192M(100%)
[194.281s][info   ][gc,heap     ] GC(104) Y: Max Capacity: 8192M(100%)
[194.281s][info   ][gc,heap     ] GC(104) Y: Soft Max Capacity: 8192M(100%)
[194.281s][info   ][gc,heap     ] GC(104) Y: Heap Statistics:
[194.281s][info   ][gc,heap     ] GC(104) Y:                Mark Start          Mark End        Relocate Start      Relocate End           High               Low         
[194.281s][info   ][gc,heap     ] GC(104) Y:  Capacity:     8192M (100%)       8192M (100%)       8192M (100%)       8192M (100%)       8192M (100%)       8192M (100%)   
[194.281s][info   ][gc,heap     ] GC(104) Y:      Free:     4536M (55%)        4506M (55%)        8018M (98%)        8022M (98%)        8022M (98%)        4506M (55%)    
[194.281s][info   ][gc,heap     ] GC(104) Y:      Used:     3656M (45%)        3686M (45%)         174M (2%)          170M (2%)         3686M (45%)         170M (2%)     
[194.281s][info   ][gc,heap     ] GC(104) Y: Young Generation Statistics:
[194.281s][info   ][gc,heap     ] GC(104) Y:                Mark Start          Mark End        Relocate Start      Relocate End    
[194.281s][info   ][gc,heap     ] GC(104) Y:      Used:     3586M (44%)        3616M (44%)         104M (1%)          100M (1%)     
[194.281s][info   ][gc,heap     ] GC(104) Y:      Live:         -                64M (1%)           64M (1%)           64M (1%)     
[194.281s][info   ][gc,heap     ] GC(104) Y:   Garbage:         -              3521M (43%)           9M (0%)            2M (0%)     
[194.281s][info   ][gc,heap     ] GC(104) Y: Allocated:         -                30M (0%)           30M (0%)           32M (0%)     
[194.281s][info   ][gc,heap     ] GC(104) Y: Reclaimed:         -                  -              3512M (43%)        3518M (43%)    
[194.281s][info   ][gc,heap     ] GC(104) Y:  Promoted:         -                  -                 0M (0%)            0M (0%)     
[194.281s][info   ][gc,heap     ] GC(104) Y: Compacted:         -                  -                  -                 1M (0%)     
[194.281s][info   ][gc,phases   ] GC(104) Y: Young Generation 3656M(45%)->170M(2%) 0.016s
[194.281s][info   ][gc,phases   ] GC(104) O: Old Generation
[194.301s][info   ][gc,phases   ] GC(104) O: Concurrent Mark 19.555ms
[194.301s][info   ][gc,phases   ] GC(104) O: Pause Mark End 0.007ms
[194.301s][info   ][gc,phases   ] GC(104) O: Concurrent Mark Free 0.000ms
[194.302s][info   ][gc,phases   ] GC(104) O: Concurrent Process Non-Strong 0.590ms
[194.302s][info   ][gc,phases   ] GC(104) O: Concurrent Reset Relocation Set 0.000ms
[194.303s][info   ][gc,phases   ] GC(104) O: Concurrent Select Relocation Set 0.954ms
[194.303s][info   ][gc,task     ] GC(104) O: Using 2 Workers for Old Generation
[194.306s][info   ][gc,task     ] GC(104) O: Using 1 Workers for Old Generation
[194.306s][info   ][gc,phases   ] GC(104) O: Concurrent Remap Roots 3.443ms
[194.306s][info   ][gc,phases   ] GC(104) O: Pause Relocate Start 0.004ms
[194.306s][info   ][gc,phases   ] GC(104) O: Concurrent Relocate 0.015ms
[194.306s][info   ][gc,alloc    ] GC(104) O:                         Mark Start        Mark End      Relocate Start    Relocate End   
[194.306s][info   ][gc,alloc    ] GC(104) O: Allocation Stalls:          0                0                0                0         
[194.306s][info   ][gc,load     ] GC(104) O: Load: 1.81 (15%) / 1.36 (11%) / 1.44 (12%)
[194.306s][info   ][gc,mmu      ] GC(104) O: MMU: 2ms/98.5%, 5ms/99.4%, 10ms/99.7%, 20ms/99.8%, 50ms/99.9%, 100ms/99.9%
[194.306s][info   ][gc,marking  ] GC(104) O: Mark: 1 stripe(s), 2 proactive flush(es), 1 terminate flush(es), 0 completion(s), 0 continuation(s) 
[194.306s][info   ][gc,marking  ] GC(104) O: Mark Stack Usage: 32M
[194.306s][info   ][gc,nmethod  ] GC(104) O: NMethods: 383 registered, 110 unregistered
[194.306s][info   ][gc,metaspace] GC(104) O: Metaspace: 0M used, 0M committed, 1088M reserved
[194.306s][info   ][gc,ref      ] GC(104) O:                       Encountered   Discovered     Enqueued 
[194.306s][info   ][gc,ref      ] GC(104) O: Soft References:               64            0            0 
[194.306s][info   ][gc,ref      ] GC(104) O: Weak References:              217          164            0 
[194.306s][info   ][gc,ref      ] GC(104) O: Final References:               0            0            0 
[194.306s][info   ][gc,ref      ] GC(104) O: Phantom References:             5            3            0 
[194.306s][info   ][gc,reloc    ] GC(104) O:                        Candidates     Selected     In-Place         Size        Empty    Relocated 
[194.306s][info   ][gc,reloc    ] GC(104) O: Small Pages:                   35            0            0          70M           0M           0M 
[194.306s][info   ][gc,reloc    ] GC(104) O: Medium Pages:                   0            0            0           0M           0M           0M 
[194.306s][info   ][gc,reloc    ] GC(104) O: Large Pages:                    0            0            0           0M           0M           0M 
[194.306s][info   ][gc,reloc    ] GC(104) O: Forwarding Usage: 0M
[194.306s][info   ][gc,heap     ] GC(104) O: Min Capacity: 8192M(100%)
[194.306s][info   ][gc,heap     ] GC(104) O: Max Capacity: 8192M(100%)
[194.306s][info   ][gc,heap     ] GC(104) O: Soft Max Capacity: 8192M(100%)
[194.306s][info   ][gc,heap     ] GC(104) O: Heap Statistics:
[194.306s][info   ][gc,heap     ] GC(104) O:                Mark Start          Mark End        Relocate Start      Relocate End           High               Low         
[194.306s][info   ][gc,heap     ] GC(104) O:  Capacity:     8192M (100%)       8192M (100%)       8192M (100%)       8192M (100%)       8192M (100%)       8192M (100%)   
[194.306s][info   ][gc,heap     ] GC(104) O:      Free:     4536M (55%)        7962M (97%)        7932M (97%)        7932M (97%)        8022M (98%)        4506M (55%)    
[194.306s][info   ][gc,heap     ] GC(104) O:      Used:     3656M (45%)         230M (3%)          260M (3%)          260M (3%)         3686M (45%)         170M (2%)     
[194.306s][info   ][gc,heap     ] GC(104) O: Old Generation Statistics:
[194.306s][info   ][gc,heap     ] GC(104) O:                Mark Start          Mark End        Relocate Start      Relocate End    
[194.306s][info   ][gc,heap     ] GC(104) O:      Used:       70M (1%)           70M (1%)           70M (1%)           70M (1%)     
[194.306s][info   ][gc,heap     ] GC(104) O:      Live:         -                64M (1%)           64M (1%)           64M (1%)     
[194.306s][info   ][gc,heap     ] GC(104) O:   Garbage:         -                 5M (0%)            5M (0%)            5M (0%)     
[194.306s][info   ][gc,heap     ] GC(104) O: Allocated:         -                 0M (0%)            0M (0%)            0M (0%)     
[194.306s][info   ][gc,heap     ] GC(104) O: Reclaimed:         -                  -                 0M (0%)            0M (0%)     
[194.306s][info   ][gc,heap     ] GC(104) O: Compacted:         -                  -                  -                 0M (0%)     
[194.306s][info   ][gc,phases   ] GC(104) O: Old Generation 170M(2%)->260M(3%) 0.025s
[194.306s][info   ][gc          ] GC(104) Major Collection (Proactive) 3656M(45%)->260M(3%) 0.041s
[196.833s][info   ][gc          ] GC(105) Minor Collection (High Usage)
[196.833s][info   ][gc,task     ] GC(105) Using 1 Workers for Young Generation
[196.833s][info   ][gc,phases   ] GC(105) y: Young Generation
[196.833s][info   ][gc,phases   ] GC(105) y: Pause Mark Start 0.008ms
[196.844s][info   ][gc,phases   ] GC(105) y: Concurrent Mark 11.245ms
[196.844s][info   ][gc,phases   ] GC(105) y: Pause Mark End 0.006ms
[196.844s][info   ][gc,phases   ] GC(105) y: Concurrent Mark Free 0.000ms
[196.844s][info   ][gc,phases   ] GC(105) y: Concurrent Reset Relocation Set 0.001ms
[196.845s][info   ][gc,reloc    ] GC(105) y: Using tenuring threshold: 7 (Computed)
[196.845s][info   ][gc,phases   ] GC(105) y: Concurrent Select Relocation Set 1.318ms
[196.845s][info   ][gc,phases   ] GC(105) y: Pause Relocate Start 0.002ms
[196.846s][info   ][gc,phases   ] GC(105) y: Concurrent Relocate 0.518ms
[196.846s][info   ][gc,alloc    ] GC(105) y:                         Mark Start        Mark End      Relocate Start    Relocate End   
[196.846s][info   ][gc,alloc    ] GC(105) y: Allocation Stalls:          0                0                0                0         
[196.846s][info   ][gc,load     ] GC(105) y: Load: 1.81 (15%) / 1.36 (11%) / 1.44 (12%)
[196.846s][info   ][gc,mmu      ] GC(105) y: MMU: 2ms/98.5%, 5ms/99.4%, 10ms/99.7%, 20ms/99.8%, 50ms/99.9%, 100ms/99.9%
[196.846s][info   ][gc,marking  ] GC(105) y: Mark: 1 stripe(s), 2 proactive flush(es), 1 terminate flush(es), 0 completion(s), 0 continuation(s) 
[196.846s][info   ][gc,marking  ] GC(105) y: Mark Stack Usage: 32M
[196.846s][info   ][gc,nmethod  ] GC(105) y: NMethods: 383 registered, 110 unregistered
[196.846s][info   ][gc,metaspace] GC(105) y: Metaspace: 0M used, 0M committed, 1088M reserved
[196.846s][info   ][gc,reloc    ] GC(105) y:                        Candidates     Selected     In-Place         Size        Empty    Relocated 
[196.846s][info   ][gc,reloc    ] GC(105) y: Small Pages:                 3848            4            0        7696M        7620M           2M 
[196.846s][info   ][gc,reloc    ] GC(105) y: Medium Pages:                   0            0            0           0M           0M           0M 
[196.846s][info   ][gc,reloc    ] GC(105) y: Large Pages:                    0            0            0           0M           0M           0M 
[196.846s][info   ][gc,reloc    ] GC(105) y: Forwarding Usage: 0M
[196.846s][info   ][gc,reloc    ] GC(105) y: Age Table:
[196.846s][info   ][gc,reloc    ] GC(105) y:                    Live             Garbage             Small              Medium             Large        
[196.846s][info   ][gc,reloc    ] GC(105) y: Eden              63M (1%)         7562M (92%)       3813 / 4              0 / 0              0 / 0        
[196.846s][info   ][gc,reloc    ] GC(105) y: Survivor 1          -                66M (1%)          33 / 0              0 / 0              0 / 0        
[196.846s][info   ][gc,reloc    ] GC(105) y: Survivor 2         0M (0%)            1M (0%)           1 / 0              0 / 0              0 / 0        
[196.846s][info   ][gc,reloc    ] GC(105) y: Survivor 3          -                 0M (0%)           0 / 0              0 / 0              0 / 0        
[196.846s][info   ][gc,reloc    ] GC(105) y: Survivor 4          -                 0M (0%)           0 / 0              0 / 0              0 / 0        
[196.846s][info   ][gc,reloc    ] GC(105) y: Survivor 5          -                 0M (0%)           0 / 0              0 / 0              0 / 0        
[196.846s][info   ][gc,reloc    ] GC(105) y: Survivor 6          -                 0M (0%)           0 / 0              0 / 0              0 / 0        
[196.846s][info   ][gc,reloc    ] GC(105) y: Survivor 7          -                 0M (0%)           0 / 0              0 / 0              0 / 0        
[196.846s][info   ][gc,reloc    ] GC(105) y: Survivor 8         1M (0%)            0M (0%)           1 / 0              0 / 0              0 / 0        
[196.846s][info   ][gc,heap     ] GC(105) y: Min Capacity: 8192M(100%)
[196.846s][info   ][gc,heap     ] GC(105) y: Max Capacity: 8192M(100%)
[196.846s][info   ][gc,heap     ] GC(105) y: Soft Max Capacity: 8192M(100%)
[196.846s][info   ][gc,heap     ] GC(105) y: Heap Statistics:
[196.846s][info   ][gc,heap     ] GC(105) y:                Mark Start          Mark End        Relocate Start      Relocate End           High               Low         
[196.846s][info   ][gc,heap     ] GC(105) y:  Capacity:     8192M (100%)       8192M (100%)       8192M (100%)       8192M (100%)       8192M (100%)       8192M (100%)   
[196.846s][info   ][gc,heap     ] GC(105) y:      Free:      426M (5%)          378M (5%)         7998M (98%)        8004M (98%)        8004M (98%)         378M (5%)     
[196.846s][info   ][gc,heap     ] GC(105) y:      Used:     7766M (95%)        7814M (95%)         194M (2%)          188M (2%)         7814M (95%)         188M (2%)     
[196.846s][info   ][gc,heap     ] GC(105) y: Young Generation Statistics:
[196.846s][info   ][gc,heap     ] GC(105) y:                Mark Start          Mark End        Relocate Start      Relocate End    
[196.846s][info   ][gc,heap     ] GC(105) y:      Used:     7696M (94%)        7744M (95%)         122M (1%)          116M (1%)     
[196.846s][info   ][gc,heap     ] GC(105) y:      Live:         -                64M (1%)           63M (1%)           63M (1%)     
[196.846s][info   ][gc,heap     ] GC(105) y:   Garbage:         -              7631M (93%)          10M (0%)            2M (0%)     
[196.846s][info   ][gc,heap     ] GC(105) y: Allocated:         -                48M (1%)           48M (1%)           50M (1%)     
[196.846s][info   ][gc,heap     ] GC(105) y: Reclaimed:         -                  -              7620M (93%)        7629M (93%)    
[196.846s][info   ][gc,heap     ] GC(105) y:  Promoted:         -                  -                 1M (0%)            1M (0%)     
[196.846s][info   ][gc,heap     ] GC(105) y: Compacted:         -                  -                  -                 3M (0%)     
[196.846s][info   ][gc,phases   ] GC(105) y: Young Generation 7766M(95%)->188M(2%) 0.013s
[196.846s][info   ][gc          ] GC(105) Minor Collection (High Usage) 7766M(95%)->188M(2%) 0.013s
[197.523s][info   ][gc          ] GC(106) Major Collection (Proactive)
[197.523s][info   ][gc,task     ] GC(106) Using 1 Workers for Young Generation
[197.523s][info   ][gc,task     ] GC(106) Using 1 Workers for Old Generation
[197.523s][info   ][gc,phases   ] GC(106) Y: Young Generation
[197.523s][info   ][gc,phases   ] GC(106) Y: Pause Mark Start (Major) 0.006ms
[197.536s][info   ][gc,phases   ] GC(106) Y: Concurrent Mark 12.606ms
[197.536s][info   ][gc,phases   ] GC(106) Y: Pause Mark End 0.010ms
[197.536s][info   ][gc,phases   ] GC(106) Y: Concurrent Mark Free 0.000ms
[197.536s][info   ][gc,phases   ] GC(106) Y: Concurrent Reset Relocation Set 0.002ms
[197.537s][info   ][gc,reloc    ] GC(106) Y: Using tenuring threshold: 4 (Computed)
[197.537s][info   ][gc,phases   ] GC(106) Y: Concurrent Select Relocation Set 0.944ms
[197.537s][info   ][gc,phases   ] GC(106) Y: Pause Relocate Start 0.002ms
[197.537s][info   ][gc,phases   ] GC(106) Y: Concurrent Relocate 0.208ms
[197.537s][info   ][gc,alloc    ] GC(106) Y:                         Mark Start        Mark End      Relocate Start    Relocate End   
[197.537s][info   ][gc,alloc    ] GC(106) Y: Allocation Stalls:          0                0                0                0         
[197.537s][info   ][gc,load     ] GC(106) Y: Load: 1.81 (15%) / 1.36 (11%) / 1.44 (12%)
[197.537s][info   ][gc,mmu      ] GC(106) Y: MMU: 2ms/98.5%, 5ms/99.4%, 10ms/99.7%, 20ms/99.8%, 50ms/99.9%, 100ms/99.9%
[197.537s][info   ][gc,marking  ] GC(106) Y: Mark: 1 stripe(s), 2 proactive flush(es), 1 terminate flush(es), 0 completion(s), 0 continuation(s) 
[197.537s][info   ][gc,marking  ] GC(106) Y: Mark Stack Usage: 32M
[197.537s][info   ][gc,nmethod  ] GC(106) Y: NMethods: 383 registered, 110 unregistered
[197.537s][info   ][gc,metaspace] GC(106) Y: Metaspace: 0M used, 0M committed, 1088M reserved
[197.537s][info   ][gc,reloc    ] GC(106) Y:                        Candidates     Selected     In-Place         Size        Empty    Relocated 
[197.537s][info   ][gc,reloc    ] GC(106) Y: Small Pages:                 1066            4            0        2132M        2058M           1M 
[197.537s][info   ][gc,reloc    ] GC(106) Y: Medium Pages:                   0            0            0           0M           0M           0M 
[197.537s][info   ][gc,reloc    ] GC(106) Y: Large Pages:                    0            0            0           0M           0M           0M 
[197.537s][info   ][gc,reloc    ] GC(106) Y: Forwarding Usage: 0M
[197.537s][info   ][gc,reloc    ] GC(106) Y: Age Table:
[197.537s][info   ][gc,reloc    ] GC(106) Y:                    Live             Garbage             Small              Medium             Large        
[197.537s][info   ][gc,reloc    ] GC(106) Y: Eden              63M (1%)         2000M (24%)       1032 / 4              0 / 0              0 / 0        
[197.537s][info   ][gc,reloc    ] GC(106) Y: Survivor 1          -                66M (1%)          33 / 0              0 / 0              0 / 0        
[197.537s][info   ][gc,reloc    ] GC(106) Y: Survivor 2          -                 0M (0%)           0 / 0              0 / 0              0 / 0        
[197.537s][info   ][gc,reloc    ] GC(106) Y: Survivor 3         0M (0%)            1M (0%)           1 / 0              0 / 0              0 / 0        
[197.537s][info   ][gc,heap     ] GC(106) Y: Min Capacity: 8192M(100%)
[197.537s][info   ][gc,heap     ] GC(106) Y: Max Capacity: 8192M(100%)
[197.537s][info   ][gc,heap     ] GC(106) Y: Soft Max Capacity: 8192M(100%)
[197.537s][info   ][gc,heap     ] GC(106) Y: Heap Statistics:
[197.537s][info   ][gc,heap     ] GC(106) Y:                Mark Start          Mark End        Relocate Start      Relocate End           High               Low         
[197.537s][info   ][gc,heap     ] GC(106) Y:  Capacity:     8192M (100%)       8192M (100%)       8192M (100%)       8192M (100%)       8192M (100%)       8192M (100%)   
[197.537s][info   ][gc,heap     ] GC(106) Y:      Free:     5988M (73%)        5950M (73%)        8008M (98%)        8014M (98%)        8014M (98%)        5950M (73%)    
[197.537s][info   ][gc,heap     ] GC(106) Y:      Used:     2204M (27%)        2242M (27%)         184M (2%)          178M (2%)         2242M (27%)         178M (2%)     
[197.537s][info   ][gc,heap     ] GC(106) Y: Young Generation Statistics:
[197.537s][info   ][gc,heap     ] GC(106) Y:                Mark Start          Mark End        Relocate Start      Relocate End    
[197.537s][info   ][gc,heap     ] GC(106) Y:      Used:     2132M (26%)        2170M (26%)         112M (1%)          106M (1%)     
[197.537s][info   ][gc,heap     ] GC(106) Y:      Live:         -                63M (1%)           63M (1%)           63M (1%)     
[197.537s][info   ][gc,heap     ] GC(106) Y:   Garbage:         -              2068M (25%)          10M (0%)            2M (0%)     
[197.537s][info   ][gc,heap     ] GC(106) Y: Allocated:         -                38M (0%)           38M (0%)           40M (0%)     
[197.537s][info   ][gc,heap     ] GC(106) Y: Reclaimed:         -                  -              2058M (25%)        2066M (25%)    
[197.537s][info   ][gc,heap     ] GC(106) Y:  Promoted:         -                  -                 0M (0%)            0M (0%)     
[197.537s][info   ][gc,heap     ] GC(106) Y: Compacted:         -                  -                  -                 1M (0%)     
[197.537s][info   ][gc,phases   ] GC(106) Y: Young Generation 2204M(27%)->178M(2%) 0.014s
[197.537s][info   ][gc,phases   ] GC(106) O: Old Generation
[197.557s][info   ][gc,phases   ] GC(106) O: Concurrent Mark 19.749ms
[197.557s][info   ][gc,phases   ] GC(106) O: Pause Mark End 0.008ms
[197.557s][info   ][gc,phases   ] GC(106) O: Concurrent Mark Free 0.000ms
[197.558s][info   ][gc,phases   ] GC(106) O: Concurrent Process Non-Strong 0.538ms
[197.558s][info   ][gc,phases   ] GC(106) O: Concurrent Reset Relocation Set 0.000ms
[197.559s][info   ][gc,phases   ] GC(106) O: Concurrent Select Relocation Set 0.905ms
[197.559s][info   ][gc,task     ] GC(106) O: Using 2 Workers for Old Generation
[197.561s][info   ][gc,task     ] GC(106) O: Using 1 Workers for Old Generation
[197.561s][info   ][gc,phases   ] GC(106) O: Concurrent Remap Roots 2.972ms
[197.562s][info   ][gc,phases   ] GC(106) O: Pause Relocate Start 0.003ms
[197.562s][info   ][gc,phases   ] GC(106) O: Concurrent Relocate 0.020ms
[197.562s][info   ][gc,alloc    ] GC(106) O:                         Mark Start        Mark End      Relocate Start    Relocate End   
[197.562s][info   ][gc,alloc    ] GC(106) O: Allocation Stalls:          0                0                0                0         
[197.562s][info   ][gc,load     ] GC(106) O: Load: 1.81 (15%) / 1.36 (11%) / 1.44 (12%)
[197.562s][info   ][gc,mmu      ] GC(106) O: MMU: 2ms/98.5%, 5ms/99.4%, 10ms/99.7%, 20ms/99.8%, 50ms/99.9%, 100ms/99.9%
[197.562s][info   ][gc,marking  ] GC(106) O: Mark: 1 stripe(s), 2 proactive flush(es), 1 terminate flush(es), 0 completion(s), 0 continuation(s) 
[197.562s][info   ][gc,marking  ] GC(106) O: Mark Stack Usage: 32M
[197.562s][info   ][gc,nmethod  ] GC(106) O: NMethods: 383 registered, 110 unregistered
[197.562s][info   ][gc,metaspace] GC(106) O: Metaspace: 0M used, 0M committed, 1088M reserved
[197.562s][info   ][gc,ref      ] GC(106) O:                       Encountered   Discovered     Enqueued 
[197.562s][info   ][gc,ref      ] GC(106) O: Soft References:               64            0            0 
[197.562s][info   ][gc,ref      ] GC(106) O: Weak References:              217          165            0 
[197.562s][info   ][gc,ref      ] GC(106) O: Final References:               0            0            0 
[197.562s][info   ][gc,ref      ] GC(106) O: Phantom References:             5            3            0 
[197.562s][info   ][gc,reloc    ] GC(106) O:                        Candidates     Selected     In-Place         Size        Empty    Relocated 
[197.562s][info   ][gc,reloc    ] GC(106) O: Small Pages:                   36            0            0          72M           0M           0M 
[197.562s][info   ][gc,reloc    ] GC(106) O: Medium Pages:                   0            0            0           0M           0M           0M 
[197.562s][info   ][gc,reloc    ] GC(106) O: Large Pages:                    0            0            0           0M           0M           0M 
[197.562s][info   ][gc,reloc    ] GC(106) O: Forwarding Usage: 0M
[197.562s][info   ][gc,heap     ] GC(106) O: Min Capacity: 8192M(100%)
[197.562s][info   ][gc,heap     ] GC(106) O: Max Capacity: 8192M(100%)
[197.562s][info   ][gc,heap     ] GC(106) O: Soft Max Capacity: 8192M(100%)
[197.562s][info   ][gc,heap     ] GC(106) O: Heap Statistics:
[197.562s][info   ][gc,heap     ] GC(106) O:                Mark Start          Mark End        Relocate Start      Relocate End           High               Low         
[197.562s][info   ][gc,heap     ] GC(106) O:  Capacity:     8192M (100%)       8192M (100%)       8192M (100%)       8192M (100%)       8192M (100%)       8192M (100%)   
[197.562s][info   ][gc,heap     ] GC(106) O:      Free:     5988M (73%)        7954M (97%)        7948M (97%)        7948M (97%)        8014M (98%)        5950M (73%)    
[197.562s][info   ][gc,heap     ] GC(106) O:      Used:     2204M (27%)         238M (3%)          244M (3%)          244M (3%)         2242M (27%)         178M (2%)     
[197.562s][info   ][gc,heap     ] GC(106) O: Old Generation Statistics:
[197.562s][info   ][gc,heap     ] GC(106) O:                Mark Start          Mark End        Relocate Start      Relocate End    
[197.562s][info   ][gc,heap     ] GC(106) O:      Used:       72M (1%)           72M (1%)           72M (1%)           72M (1%)     
[197.562s][info   ][gc,heap     ] GC(106) O:      Live:         -                65M (1%)           65M (1%)           65M (1%)     
[197.562s][info   ][gc,heap     ] GC(106) O:   Garbage:         -                 6M (0%)            6M (0%)            6M (0%)     
[197.562s][info   ][gc,heap     ] GC(106) O: Allocated:         -                 0M (0%)            0M (0%)            0M (0%)     
[197.562s][info   ][gc,heap     ] GC(106) O: Reclaimed:         -                  -                 0M (0%)            0M (0%)     
[197.562s][info   ][gc,heap     ] GC(106) O: Compacted:         -                  -                  -                 0M (0%)     
[197.562s][info   ][gc,phases   ] GC(106) O: Old Generation 178M(2%)->244M(3%) 0.024s
[197.562s][info   ][gc          ] GC(106) Major Collection (Proactive) 2204M(27%)->244M(3%) 0.038s
[200.086s][info   ][gc          ] GC(107) Minor Collection (High Usage)
[200.086s][info   ][gc,task     ] GC(107) Using 1 Workers for Young Generation
[200.086s][info   ][gc,phases   ] GC(107) y: Young Generation
[200.086s][info   ][gc,phases   ] GC(107) y: Pause Mark Start 0.009ms
[200.098s][info   ][gc,phases   ] GC(107) y: Concurrent Mark 12.346ms
[200.098s][info   ][gc,phases   ] GC(107) y: Pause Mark End 0.007ms
[200.098s][info   ][gc,phases   ] GC(107) y: Concurrent Mark Free 0.000ms
[200.098s][info   ][gc,phases   ] GC(107) y: Concurrent Reset Relocation Set 0.001ms
[200.099s][info   ][gc,reloc    ] GC(107) y: Using tenuring threshold: 5 (Computed)
[200.100s][info   ][gc,phases   ] GC(107) y: Concurrent Select Relocation Set 1.195ms
[200.100s][info   ][gc,phases   ] GC(107) y: Pause Relocate Start 0.004ms
[200.100s][info   ][gc,phases   ] GC(107) y: Concurrent Relocate 0.375ms
[200.100s][info   ][gc,alloc    ] GC(107) y:                         Mark Start        Mark End      Relocate Start    Relocate End   
[200.100s][info   ][gc,alloc    ] GC(107) y: Allocation Stalls:          0                0                0                0         
[200.100s][info   ][gc,load     ] GC(107) y: Load: 1.66 (14%) / 1.34 (11%) / 1.43 (12%)
[200.100s][info   ][gc,mmu      ] GC(107) y: MMU: 2ms/98.5%, 5ms/99.4%, 10ms/99.7%, 20ms/99.8%, 50ms/99.9%, 100ms/99.9%
[200.100s][info   ][gc,marking  ] GC(107) y: Mark: 1 stripe(s), 1 proactive flush(es), 1 terminate flush(es), 0 completion(s), 0 continuation(s) 
[200.100s][info   ][gc,marking  ] GC(107) y: Mark Stack Usage: 32M
[200.100s][info   ][gc,nmethod  ] GC(107) y: NMethods: 383 registered, 110 unregistered
[200.100s][info   ][gc,metaspace] GC(107) y: Metaspace: 0M used, 0M committed, 1088M reserved
[200.100s][info   ][gc,reloc    ] GC(107) y:                        Candidates     Selected     In-Place         Size        Empty    Relocated 
[200.100s][info   ][gc,reloc    ] GC(107) y: Small Pages:                 3845            4            0        7690M        7616M           2M 
[200.100s][info   ][gc,reloc    ] GC(107) y: Medium Pages:                   0            0            0           0M           0M           0M 
[200.100s][info   ][gc,reloc    ] GC(107) y: Large Pages:                    0            0            0           0M           0M           0M 
[200.100s][info   ][gc,reloc    ] GC(107) y: Forwarding Usage: 0M
[200.100s][info   ][gc,reloc    ] GC(107) y: Age Table:
[200.100s][info   ][gc,reloc    ] GC(107) y:                    Live             Garbage             Small              Medium             Large        
[200.100s][info   ][gc,reloc    ] GC(107) y: Eden              63M (1%)         7558M (92%)       3811 / 4              0 / 0              0 / 0        
[200.100s][info   ][gc,reloc    ] GC(107) y: Survivor 1          -                66M (1%)          33 / 0              0 / 0              0 / 0        
[200.100s][info   ][gc,reloc    ] GC(107) y: Survivor 2          -                 0M (0%)           0 / 0              0 / 0              0 / 0        
[200.100s][info   ][gc,reloc    ] GC(107) y: Survivor 3          -                 0M (0%)           0 / 0              0 / 0              0 / 0        
[200.100s][info   ][gc,reloc    ] GC(107) y: Survivor 4         0M (0%)            1M (0%)           1 / 0              0 / 0              0 / 0        
[200.100s][info   ][gc,heap     ] GC(107) y: Min Capacity: 8192M(100%)
[200.100s][info   ][gc,heap     ] GC(107) y: Max Capacity: 8192M(100%)
[200.100s][info   ][gc,heap     ] GC(107) y: Soft Max Capacity: 8192M(100%)
[200.100s][info   ][gc,heap     ] GC(107) y: Heap Statistics:
[200.100s][info   ][gc,heap     ] GC(107) y:                Mark Start          Mark End        Relocate Start      Relocate End           High               Low         
[200.100s][info   ][gc,heap     ] GC(107) y:  Capacity:     8192M (100%)       8192M (100%)       8192M (100%)       8192M (100%)       8192M (100%)       8192M (100%)   
[200.100s][info   ][gc,heap     ] GC(107) y:      Free:      430M (5%)          400M (5%)         8016M (98%)        8022M (98%)        8022M (98%)         400M (5%)     
[200.100s][info   ][gc,heap     ] GC(107) y:      Used:     7762M (95%)        7792M (95%)         176M (2%)          170M (2%)         7792M (95%)         170M (2%)     
[200.100s][info   ][gc,heap     ] GC(107) y: Young Generation Statistics:
[200.100s][info   ][gc,heap     ] GC(107) y:                Mark Start          Mark End        Relocate Start      Relocate End    
[200.100s][info   ][gc,heap     ] GC(107) y:      Used:     7690M (94%)        7720M (94%)         104M (1%)           98M (1%)     
[200.100s][info   ][gc,heap     ] GC(107) y:      Live:         -                63M (1%)           63M (1%)           63M (1%)     
[200.100s][info   ][gc,heap     ] GC(107) y:   Garbage:         -              7626M (93%)          10M (0%)            1M (0%)     
[200.100s][info   ][gc,heap     ] GC(107) y: Allocated:         -                30M (0%)           30M (0%)           33M (0%)     
[200.100s][info   ][gc,heap     ] GC(107) y: Reclaimed:         -                  -              7616M (93%)        7625M (93%)    
[200.100s][info   ][gc,heap     ] GC(107) y:  Promoted:         -                  -                 0M (0%)            0M (0%)     
[200.100s][info   ][gc,heap     ] GC(107) y: Compacted:         -                  -                  -                 2M (0%)     
[200.100s][info   ][gc,phases   ] GC(107) y: Young Generation 7762M(95%)->170M(2%) 0.014s
[200.100s][info   ][gc          ] GC(107) Minor Collection (High Usage) 7762M(95%)->170M(2%) 0.014s
[200.402s][info   ][gc          ] GC(108) Major Collection (Proactive)
[200.402s][info   ][gc,task     ] GC(108) Using 1 Workers for Young Generation
[200.402s][info   ][gc,task     ] GC(108) Using 1 Workers for Old Generation
[200.402s][info   ][gc,phases   ] GC(108) Y: Young Generation
[200.402s][info   ][gc,phases   ] GC(108) Y: Pause Mark Start (Major) 0.009ms
[200.423s][info   ][gc,phases   ] GC(108) Y: Concurrent Mark 20.859ms
[200.423s][info   ][gc,phases   ] GC(108) Y: Pause Mark End 0.014ms
[200.423s][info   ][gc,phases   ] GC(108) Y: Concurrent Mark Free 0.001ms
[200.423s][info   ][gc,phases   ] GC(108) Y: Concurrent Reset Relocation Set 0.001ms
[200.425s][info   ][gc,reloc    ] GC(108) Y: Using tenuring threshold: 6 (Computed)
[200.425s][info   ][gc,phases   ] GC(108) Y: Concurrent Select Relocation Set 1.656ms
[200.425s][info   ][gc,phases   ] GC(108) Y: Pause Relocate Start 0.005ms
[200.425s][info   ][gc,phases   ] GC(108) Y: Concurrent Relocate 0.255ms
[200.425s][info   ][gc,alloc    ] GC(108) Y:                         Mark Start        Mark End      Relocate Start    Relocate End   
[200.425s][info   ][gc,alloc    ] GC(108) Y: Allocation Stalls:          0                0                0                0         
[200.425s][info   ][gc,load     ] GC(108) Y: Load: 1.66 (14%) / 1.34 (11%) / 1.43 (12%)
[200.425s][info   ][gc,mmu      ] GC(108) Y: MMU: 2ms/98.5%, 5ms/99.4%, 10ms/99.7%, 20ms/99.8%, 50ms/99.9%, 100ms/99.9%
[200.425s][info   ][gc,marking  ] GC(108) Y: Mark: 1 stripe(s), 2 proactive flush(es), 1 terminate flush(es), 0 completion(s), 0 continuation(s) 
[200.425s][info   ][gc,marking  ] GC(108) Y: Mark Stack Usage: 32M
[200.425s][info   ][gc,nmethod  ] GC(108) Y: NMethods: 383 registered, 110 unregistered
[200.425s][info   ][gc,metaspace] GC(108) Y: Metaspace: 0M used, 0M committed, 1088M reserved
[200.425s][info   ][gc,reloc    ] GC(108) Y:                        Candidates     Selected     In-Place         Size        Empty    Relocated 
[200.425s][info   ][gc,reloc    ] GC(108) Y: Small Pages:                  498            3            0         996M         922M           1M 
[200.425s][info   ][gc,reloc    ] GC(108) Y: Medium Pages:                   0            0            0           0M           0M           0M 
[200.425s][info   ][gc,reloc    ] GC(108) Y: Large Pages:                    0            0            0           0M           0M           0M 
[200.425s][info   ][gc,reloc    ] GC(108) Y: Forwarding Usage: 0M
[200.425s][info   ][gc,reloc    ] GC(108) Y: Age Table:
[200.425s][info   ][gc,reloc    ] GC(108) Y:                    Live             Garbage             Small              Medium             Large        
[200.425s][info   ][gc,reloc    ] GC(108) Y: Eden              63M (1%)          864M (11%)        464 / 3              0 / 0              0 / 0        
[200.425s][info   ][gc,reloc    ] GC(108) Y: Survivor 1          -                66M (1%)          33 / 0              0 / 0              0 / 0        
[200.425s][info   ][gc,reloc    ] GC(108) Y: Survivor 2          -                 0M (0%)           0 / 0              0 / 0              0 / 0        
[200.425s][info   ][gc,reloc    ] GC(108) Y: Survivor 3          -                 0M (0%)           0 / 0              0 / 0              0 / 0        
[200.425s][info   ][gc,reloc    ] GC(108) Y: Survivor 4          -                 0M (0%)           0 / 0              0 / 0              0 / 0        
[200.425s][info   ][gc,reloc    ] GC(108) Y: Survivor 5         0M (0%)            1M (0%)           1 / 0              0 / 0              0 / 0        
[200.425s][info   ][gc,heap     ] GC(108) Y: Min Capacity: 8192M(100%)
[200.425s][info   ][gc,heap     ] GC(108) Y: Max Capacity: 8192M(100%)
[200.425s][info   ][gc,heap     ] GC(108) Y: Soft Max Capacity: 8192M(100%)
[200.425s][info   ][gc,heap     ] GC(108) Y: Heap Statistics:
[200.425s][info   ][gc,heap     ] GC(108) Y:                Mark Start          Mark End        Relocate Start      Relocate End           High               Low         
[200.425s][info   ][gc,heap     ] GC(108) Y:  Capacity:     8192M (100%)       8192M (100%)       8192M (100%)       8192M (100%)       8192M (100%)       8192M (100%)   
[200.425s][info   ][gc,heap     ] GC(108) Y:      Free:     7124M (87%)        7052M (86%)        7960M (97%)        7964M (97%)        7964M (97%)        7048M (86%)    
[200.425s][info   ][gc,heap     ] GC(108) Y:      Used:     1068M (13%)        1140M (14%)         232M (3%)          228M (3%)         1144M (14%)         228M (3%)     
[200.425s][info   ][gc,heap     ] GC(108) Y: Young Generation Statistics:
[200.425s][info   ][gc,heap     ] GC(108) Y:                Mark Start          Mark End        Relocate Start      Relocate End    
[200.425s][info   ][gc,heap     ] GC(108) Y:      Used:      996M (12%)        1068M (13%)         160M (2%)          156M (2%)     
[200.425s][info   ][gc,heap     ] GC(108) Y:      Live:         -                63M (1%)           63M (1%)           63M (1%)     
[200.425s][info   ][gc,heap     ] GC(108) Y:   Garbage:         -               932M (11%)          10M (0%)            3M (0%)     
[200.425s][info   ][gc,heap     ] GC(108) Y: Allocated:         -                72M (1%)           86M (1%)           88M (1%)     
[200.425s][info   ][gc,heap     ] GC(108) Y: Reclaimed:         -                  -               922M (11%)         928M (11%)    
[200.425s][info   ][gc,heap     ] GC(108) Y:  Promoted:         -                  -                 0M (0%)            0M (0%)     
[200.425s][info   ][gc,heap     ] GC(108) Y: Compacted:         -                  -                  -                 1M (0%)     
[200.425s][info   ][gc,phases   ] GC(108) Y: Young Generation 1068M(13%)->228M(3%) 0.023s
[200.425s][info   ][gc,phases   ] GC(108) O: Old Generation
[200.453s][info   ][gc,phases   ] GC(108) O: Concurrent Mark 28.165ms
[200.454s][info   ][gc,phases   ] GC(108) O: Pause Mark End 0.014ms
[200.454s][info   ][gc,phases   ] GC(108) O: Concurrent Mark Free 0.000ms
[200.454s][info   ][gc,phases   ] GC(108) O: Concurrent Process Non-Strong 0.638ms
[200.454s][info   ][gc,phases   ] GC(108) O: Concurrent Reset Relocation Set 0.000ms
[200.455s][info   ][gc,phases   ] GC(108) O: Concurrent Select Relocation Set 0.969ms
[200.455s][info   ][gc,task     ] GC(108) O: Using 2 Workers for Old Generation
[200.458s][info   ][gc,task     ] GC(108) O: Using 1 Workers for Old Generation
[200.458s][info   ][gc,phases   ] GC(108) O: Concurrent Remap Roots 3.061ms
[200.458s][info   ][gc,phases   ] GC(108) O: Pause Relocate Start 0.004ms
[200.458s][info   ][gc,phases   ] GC(108) O: Concurrent Relocate 0.013ms
[200.458s][info   ][gc,alloc    ] GC(108) O:                         Mark Start        Mark End      Relocate Start    Relocate End   
[200.458s][info   ][gc,alloc    ] GC(108) O: Allocation Stalls:          0                0                0                0         
[200.458s][info   ][gc,load     ] GC(108) O: Load: 1.66 (14%) / 1.34 (11%) / 1.43 (12%)
[200.458s][info   ][gc,mmu      ] GC(108) O: MMU: 2ms/98.5%, 5ms/99.4%, 10ms/99.7%, 20ms/99.8%, 50ms/99.9%, 100ms/99.9%
[200.458s][info   ][gc,marking  ] GC(108) O: Mark: 1 stripe(s), 2 proactive flush(es), 1 terminate flush(es), 0 completion(s), 0 continuation(s) 
[200.458s][info   ][gc,marking  ] GC(108) O: Mark Stack Usage: 32M
[200.458s][info   ][gc,nmethod  ] GC(108) O: NMethods: 383 registered, 110 unregistered
[200.458s][info   ][gc,metaspace] GC(108) O: Metaspace: 0M used, 0M committed, 1088M reserved
[200.458s][info   ][gc,ref      ] GC(108) O:                       Encountered   Discovered     Enqueued 
[200.458s][info   ][gc,ref      ] GC(108) O: Soft References:               64            0            0 
[200.458s][info   ][gc,ref      ] GC(108) O: Weak References:              217          165            0 
[200.458s][info   ][gc,ref      ] GC(108) O: Final References:               0            0            0 
[200.458s][info   ][gc,ref      ] GC(108) O: Phantom References:             5            3            0 
[200.458s][info   ][gc,reloc    ] GC(108) O:                        Candidates     Selected     In-Place         Size        Empty    Relocated 
[200.458s][info   ][gc,reloc    ] GC(108) O: Small Pages:                   36            0            0          72M           0M           0M 
[200.458s][info   ][gc,reloc    ] GC(108) O: Medium Pages:                   0            0            0           0M           0M           0M 
[200.458s][info   ][gc,reloc    ] GC(108) O: Large Pages:                    0            0            0           0M           0M           0M 
[200.458s][info   ][gc,reloc    ] GC(108) O: Forwarding Usage: 0M
[200.458s][info   ][gc,heap     ] GC(108) O: Min Capacity: 8192M(100%)
[200.458s][info   ][gc,heap     ] GC(108) O: Max Capacity: 8192M(100%)
[200.458s][info   ][gc,heap     ] GC(108) O: Soft Max Capacity: 8192M(100%)
[200.458s][info   ][gc,heap     ] GC(108) O: Heap Statistics:
[200.458s][info   ][gc,heap     ] GC(108) O:                Mark Start          Mark End        Relocate Start      Relocate End           High               Low         
[200.458s][info   ][gc,heap     ] GC(108) O:  Capacity:     8192M (100%)       8192M (100%)       8192M (100%)       8192M (100%)       8192M (100%)       8192M (100%)   
[200.458s][info   ][gc,heap     ] GC(108) O:      Free:     7124M (87%)        7880M (96%)        7874M (96%)        7874M (96%)        7964M (97%)        7048M (86%)    
[200.458s][info   ][gc,heap     ] GC(108) O:      Used:     1068M (13%)         312M (4%)          318M (4%)          318M (4%)         1144M (14%)         228M (3%)     
[200.458s][info   ][gc,heap     ] GC(108) O: Old Generation Statistics:
[200.458s][info   ][gc,heap     ] GC(108) O:                Mark Start          Mark End        Relocate Start      Relocate End    
[200.458s][info   ][gc,heap     ] GC(108) O:      Used:       72M (1%)           72M (1%)           72M (1%)           72M (1%)     
[200.458s][info   ][gc,heap     ] GC(108) O:      Live:         -                65M (1%)           65M (1%)           65M (1%)     
[200.458s][info   ][gc,heap     ] GC(108) O:   Garbage:         -                 6M (0%)            6M (0%)            6M (0%)     
[200.458s][info   ][gc,heap     ] GC(108) O: Allocated:         -                 0M (0%)            0M (0%)            0M (0%)     
[200.458s][info   ][gc,heap     ] GC(108) O: Reclaimed:         -                  -                 0M (0%)            0M (0%)     
[200.458s][info   ][gc,heap     ] GC(108) O: Compacted:         -                  -                  -                 0M (0%)     
[200.458s][info   ][gc,phases   ] GC(108) O: Old Generation 228M(3%)->318M(4%) 0.033s
[200.458s][info   ][gc          ] GC(108) Major Collection (Proactive) 1068M(13%)->318M(4%) 0.056s
[202.962s][info   ][gc          ] GC(109) Minor Collection (High Usage)
[202.962s][info   ][gc,task     ] GC(109) Using 1 Workers for Young Generation
[202.962s][info   ][gc,phases   ] GC(109) y: Young Generation
[202.962s][info   ][gc,phases   ] GC(109) y: Pause Mark Start 0.013ms
[202.981s][info   ][gc,phases   ] GC(109) y: Concurrent Mark 18.906ms
[202.981s][info   ][gc,phases   ] GC(109) y: Pause Mark End 0.014ms
[202.981s][info   ][gc,phases   ] GC(109) y: Concurrent Mark Free 0.000ms
[202.981s][info   ][gc,phases   ] GC(109) y: Concurrent Reset Relocation Set 0.002ms
[202.983s][info   ][gc,reloc    ] GC(109) y: Using tenuring threshold: 7 (Computed)
[202.983s][info   ][gc,phases   ] GC(109) y: Concurrent Select Relocation Set 1.610ms
[202.983s][info   ][gc,phases   ] GC(109) y: Pause Relocate Start 0.005ms
[202.984s][info   ][gc,phases   ] GC(109) y: Concurrent Relocate 0.498ms
[202.984s][info   ][gc,alloc    ] GC(109) y:                         Mark Start        Mark End      Relocate Start    Relocate End   
[202.984s][info   ][gc,alloc    ] GC(109) y: Allocation Stalls:          0                0                0                0         
[202.984s][info   ][gc,load     ] GC(109) y: Load: 1.66 (14%) / 1.34 (11%) / 1.43 (12%)
[202.984s][info   ][gc,mmu      ] GC(109) y: MMU: 2ms/98.5%, 5ms/99.4%, 10ms/99.7%, 20ms/99.8%, 50ms/99.9%, 100ms/99.9%
[202.984s][info   ][gc,marking  ] GC(109) y: Mark: 1 stripe(s), 2 proactive flush(es), 1 terminate flush(es), 0 completion(s), 0 continuation(s) 
[202.984s][info   ][gc,marking  ] GC(109) y: Mark Stack Usage: 32M
[202.984s][info   ][gc,nmethod  ] GC(109) y: NMethods: 383 registered, 110 unregistered
[202.984s][info   ][gc,metaspace] GC(109) y: Metaspace: 0M used, 0M committed, 1088M reserved
[202.984s][info   ][gc,reloc    ] GC(109) y:                        Candidates     Selected     In-Place         Size        Empty    Relocated 
[202.984s][info   ][gc,reloc    ] GC(109) y: Small Pages:                 3844            5            0        7688M        7612M           2M 
[202.984s][info   ][gc,reloc    ] GC(109) y: Medium Pages:                   0            0            0           0M           0M           0M 
[202.984s][info   ][gc,reloc    ] GC(109) y: Large Pages:                    0            0            0           0M           0M           0M 
[202.984s][info   ][gc,reloc    ] GC(109) y: Forwarding Usage: 0M
[202.984s][info   ][gc,reloc    ] GC(109) y: Age Table:
[202.984s][info   ][gc,reloc    ] GC(109) y:                    Live             Garbage             Small              Medium             Large        
[202.984s][info   ][gc,reloc    ] GC(109) y: Eden              63M (1%)         7554M (92%)       3809 / 5              0 / 0              0 / 0        
[202.984s][info   ][gc,reloc    ] GC(109) y: Survivor 1          -                68M (1%)          34 / 0              0 / 0              0 / 0        
[202.984s][info   ][gc,reloc    ] GC(109) y: Survivor 2          -                 0M (0%)           0 / 0              0 / 0              0 / 0        
[202.984s][info   ][gc,reloc    ] GC(109) y: Survivor 3          -                 0M (0%)           0 / 0              0 / 0              0 / 0        
[202.984s][info   ][gc,reloc    ] GC(109) y: Survivor 4          -                 0M (0%)           0 / 0              0 / 0              0 / 0        
[202.984s][info   ][gc,reloc    ] GC(109) y: Survivor 5          -                 0M (0%)           0 / 0              0 / 0              0 / 0        
[202.984s][info   ][gc,reloc    ] GC(109) y: Survivor 6         0M (0%)            1M (0%)           1 / 0              0 / 0              0 / 0        
[202.984s][info   ][gc,heap     ] GC(109) y: Min Capacity: 8192M(100%)
[202.984s][info   ][gc,heap     ] GC(109) y: Max Capacity: 8192M(100%)
[202.984s][info   ][gc,heap     ] GC(109) y: Soft Max Capacity: 8192M(100%)
[202.984s][info   ][gc,heap     ] GC(109) y: Heap Statistics:
[202.984s][info   ][gc,heap     ] GC(109) y:                Mark Start          Mark End        Relocate Start      Relocate End           High               Low         
[202.984s][info   ][gc,heap     ] GC(109) y:  Capacity:     8192M (100%)       8192M (100%)       8192M (100%)       8192M (100%)       8192M (100%)       8192M (100%)   
[202.984s][info   ][gc,heap     ] GC(109) y:      Free:      432M (5%)          378M (5%)         7978M (97%)        7982M (97%)        7982M (97%)         378M (5%)     
[202.984s][info   ][gc,heap     ] GC(109) y:      Used:     7760M (95%)        7814M (95%)         214M (3%)          210M (3%)         7814M (95%)         210M (3%)     
[202.984s][info   ][gc,heap     ] GC(109) y: Young Generation Statistics:
[202.984s][info   ][gc,heap     ] GC(109) y:                Mark Start          Mark End        Relocate Start      Relocate End    
[202.984s][info   ][gc,heap     ] GC(109) y:      Used:     7688M (94%)        7742M (95%)         142M (2%)          138M (2%)     
[202.984s][info   ][gc,heap     ] GC(109) y:      Live:         -                63M (1%)           63M (1%)           63M (1%)     
[202.984s][info   ][gc,heap     ] GC(109) y:   Garbage:         -              7624M (93%)          12M (0%)            1M (0%)     
[202.984s][info   ][gc,heap     ] GC(109) y: Allocated:         -                54M (1%)           66M (1%)           72M (1%)     
[202.984s][info   ][gc,heap     ] GC(109) y: Reclaimed:         -                  -              7612M (93%)        7622M (93%)    
[202.984s][info   ][gc,heap     ] GC(109) y:  Promoted:         -                  -                 0M (0%)            0M (0%)     
[202.984s][info   ][gc,heap     ] GC(109) y: Compacted:         -                  -                  -                 3M (0%)     
[202.984s][info   ][gc,phases   ] GC(109) y: Young Generation 7760M(95%)->210M(3%) 0.022s
[202.984s][info   ][gc          ] GC(109) Minor Collection (High Usage) 7758M(95%)->210M(3%) 0.022s
[204.153s][info   ][gc          ] GC(110) Major Collection (Proactive)
[204.153s][info   ][gc,task     ] GC(110) Using 1 Workers for Young Generation
[204.153s][info   ][gc,task     ] GC(110) Using 1 Workers for Old Generation
[204.153s][info   ][gc,phases   ] GC(110) Y: Young Generation
[204.153s][info   ][gc,phases   ] GC(110) Y: Pause Mark Start (Major) 0.008ms
[204.166s][info   ][gc,phases   ] GC(110) Y: Concurrent Mark 13.515ms
[204.166s][info   ][gc,phases   ] GC(110) Y: Pause Mark End 0.007ms
[204.166s][info   ][gc,phases   ] GC(110) Y: Concurrent Mark Free 0.000ms
[204.166s][info   ][gc,phases   ] GC(110) Y: Concurrent Reset Relocation Set 0.001ms
[204.167s][info   ][gc,reloc    ] GC(110) Y: Using tenuring threshold: 7 (Computed)
[204.167s][info   ][gc,phases   ] GC(110) Y: Concurrent Select Relocation Set 1.120ms
[204.167s][info   ][gc,phases   ] GC(110) Y: Pause Relocate Start 0.003ms
[204.168s][info   ][gc,phases   ] GC(110) Y: Concurrent Relocate 0.730ms
[204.168s][info   ][gc,alloc    ] GC(110) Y:                         Mark Start        Mark End      Relocate Start    Relocate End   
[204.168s][info   ][gc,alloc    ] GC(110) Y: Allocation Stalls:          0                0                0                0         
[204.168s][info   ][gc,load     ] GC(110) Y: Load: 1.69 (14%) / 1.35 (11%) / 1.43 (12%)
[204.168s][info   ][gc,mmu      ] GC(110) Y: MMU: 2ms/98.5%, 5ms/99.4%, 10ms/99.7%, 20ms/99.8%, 50ms/99.9%, 100ms/99.9%
[204.168s][info   ][gc,marking  ] GC(110) Y: Mark: 1 stripe(s), 2 proactive flush(es), 1 terminate flush(es), 0 completion(s), 0 continuation(s) 
[204.168s][info   ][gc,marking  ] GC(110) Y: Mark Stack Usage: 32M
[204.168s][info   ][gc,nmethod  ] GC(110) Y: NMethods: 383 registered, 110 unregistered
[204.168s][info   ][gc,metaspace] GC(110) Y: Metaspace: 0M used, 0M committed, 1088M reserved
[204.168s][info   ][gc,reloc    ] GC(110) Y:                        Candidates     Selected     In-Place         Size        Empty    Relocated 
[204.168s][info   ][gc,reloc    ] GC(110) Y: Small Pages:                 1809            6            0        3618M        3540M           4M 
[204.168s][info   ][gc,reloc    ] GC(110) Y: Medium Pages:                   0            0            0           0M           0M           0M 
[204.168s][info   ][gc,reloc    ] GC(110) Y: Large Pages:                    0            0            0           0M           0M           0M 
[204.168s][info   ][gc,reloc    ] GC(110) Y: Forwarding Usage: 0M
[204.168s][info   ][gc,reloc    ] GC(110) Y: Age Table:
[204.168s][info   ][gc,reloc    ] GC(110) Y:                    Live             Garbage             Small              Medium             Large        
[204.168s][info   ][gc,reloc    ] GC(110) Y: Eden              63M (1%)         3486M (43%)       1775 / 6              0 / 0              0 / 0        
[204.168s][info   ][gc,reloc    ] GC(110) Y: Survivor 1          -                66M (1%)          33 / 0              0 / 0              0 / 0        
[204.168s][info   ][gc,reloc    ] GC(110) Y: Survivor 2          -                 0M (0%)           0 / 0              0 / 0              0 / 0        
[204.168s][info   ][gc,reloc    ] GC(110) Y: Survivor 3          -                 0M (0%)           0 / 0              0 / 0              0 / 0        
[204.168s][info   ][gc,reloc    ] GC(110) Y: Survivor 4          -                 0M (0%)           0 / 0              0 / 0              0 / 0        
[204.168s][info   ][gc,reloc    ] GC(110) Y: Survivor 5          -                 0M (0%)           0 / 0              0 / 0              0 / 0        
[204.168s][info   ][gc,reloc    ] GC(110) Y: Survivor 6          -                 0M (0%)           0 / 0              0 / 0              0 / 0        
[204.168s][info   ][gc,reloc    ] GC(110) Y: Survivor 7         0M (0%)            1M (0%)           1 / 0              0 / 0              0 / 0        
[204.168s][info   ][gc,heap     ] GC(110) Y: Min Capacity: 8192M(100%)
[204.168s][info   ][gc,heap     ] GC(110) Y: Max Capacity: 8192M(100%)
[204.168s][info   ][gc,heap     ] GC(110) Y: Soft Max Capacity: 8192M(100%)
[204.168s][info   ][gc,heap     ] GC(110) Y: Heap Statistics:
[204.168s][info   ][gc,heap     ] GC(110) Y:                Mark Start          Mark End        Relocate Start      Relocate End           High               Low         
[204.168s][info   ][gc,heap     ] GC(110) Y:  Capacity:     8192M (100%)       8192M (100%)       8192M (100%)       8192M (100%)       8192M (100%)       8192M (100%)   
[204.168s][info   ][gc,heap     ] GC(110) Y:      Free:     4502M (55%)        4460M (54%)        8000M (98%)        8010M (98%)        8010M (98%)        4458M (54%)    
[204.168s][info   ][gc,heap     ] GC(110) Y:      Used:     3690M (45%)        3732M (46%)         192M (2%)          182M (2%)         3734M (46%)         182M (2%)     
[204.168s][info   ][gc,heap     ] GC(110) Y: Young Generation Statistics:
[204.168s][info   ][gc,heap     ] GC(110) Y:                Mark Start          Mark End        Relocate Start      Relocate End    
[204.168s][info   ][gc,heap     ] GC(110) Y:      Used:     3618M (44%)        3660M (45%)         120M (1%)          108M (1%)     
[204.168s][info   ][gc,heap     ] GC(110) Y:      Live:         -                63M (1%)           63M (1%)           63M (1%)     
[204.168s][info   ][gc,heap     ] GC(110) Y:   Garbage:         -              3554M (43%)          14M (0%)            1M (0%)     
[204.168s][info   ][gc,heap     ] GC(110) Y: Allocated:         -                42M (1%)           42M (1%)           43M (1%)     
[204.168s][info   ][gc,heap     ] GC(110) Y: Reclaimed:         -                  -              3540M (43%)        3553M (43%)    
[204.168s][info   ][gc,heap     ] GC(110) Y:  Promoted:         -                  -                 0M (0%)            0M (0%)     
[204.168s][info   ][gc,heap     ] GC(110) Y: Compacted:         -                  -                  -                 6M (0%)     
[204.168s][info   ][gc,phases   ] GC(110) Y: Young Generation 3690M(45%)->182M(2%) 0.016s
[204.168s][info   ][gc,phases   ] GC(110) O: Old Generation
[204.188s][info   ][gc,phases   ] GC(110) O: Concurrent Mark 19.829ms
[204.188s][info   ][gc,phases   ] GC(110) O: Pause Mark End 0.007ms
[204.188s][info   ][gc,phases   ] GC(110) O: Concurrent Mark Free 0.000ms
[204.189s][info   ][gc,phases   ] GC(110) O: Concurrent Process Non-Strong 0.537ms
[204.189s][info   ][gc,phases   ] GC(110) O: Concurrent Reset Relocation Set 0.000ms
[204.190s][info   ][gc,phases   ] GC(110) O: Concurrent Select Relocation Set 0.956ms
[204.190s][info   ][gc,task     ] GC(110) O: Using 2 Workers for Old Generation
[204.193s][info   ][gc,task     ] GC(110) O: Using 1 Workers for Old Generation
[204.193s][info   ][gc,phases   ] GC(110) O: Concurrent Remap Roots 3.711ms
[204.193s][info   ][gc,phases   ] GC(110) O: Pause Relocate Start 0.003ms
[204.193s][info   ][gc,phases   ] GC(110) O: Concurrent Relocate 0.014ms
[204.193s][info   ][gc,alloc    ] GC(110) O:                         Mark Start        Mark End      Relocate Start    Relocate End   
[204.193s][info   ][gc,alloc    ] GC(110) O: Allocation Stalls:          0                0                0                0         
[204.193s][info   ][gc,load     ] GC(110) O: Load: 1.69 (14%) / 1.35 (11%) / 1.43 (12%)
[204.193s][info   ][gc,mmu      ] GC(110) O: MMU: 2ms/98.5%, 5ms/99.4%, 10ms/99.7%, 20ms/99.8%, 50ms/99.9%, 100ms/99.9%
[204.193s][info   ][gc,marking  ] GC(110) O: Mark: 1 stripe(s), 2 proactive flush(es), 1 terminate flush(es), 0 completion(s), 0 continuation(s) 
[204.193s][info   ][gc,marking  ] GC(110) O: Mark Stack Usage: 32M
[204.193s][info   ][gc,nmethod  ] GC(110) O: NMethods: 383 registered, 110 unregistered
[204.193s][info   ][gc,metaspace] GC(110) O: Metaspace: 0M used, 0M committed, 1088M reserved
[204.193s][info   ][gc,ref      ] GC(110) O:                       Encountered   Discovered     Enqueued 
[204.193s][info   ][gc,ref      ] GC(110) O: Soft References:               64            0            0 
[204.193s][info   ][gc,ref      ] GC(110) O: Weak References:              217          165            0 
[204.193s][info   ][gc,ref      ] GC(110) O: Final References:               0            0            0 
[204.193s][info   ][gc,ref      ] GC(110) O: Phantom References:             5            3            0 
[204.193s][info   ][gc,reloc    ] GC(110) O:                        Candidates     Selected     In-Place         Size        Empty    Relocated 
[204.193s][info   ][gc,reloc    ] GC(110) O: Small Pages:                   36            0            0          72M           0M           0M 
[204.193s][info   ][gc,reloc    ] GC(110) O: Medium Pages:                   0            0            0           0M           0M           0M 
[204.193s][info   ][gc,reloc    ] GC(110) O: Large Pages:                    0            0            0           0M           0M           0M 
[204.193s][info   ][gc,reloc    ] GC(110) O: Forwarding Usage: 0M
[204.193s][info   ][gc,heap     ] GC(110) O: Min Capacity: 8192M(100%)
[204.193s][info   ][gc,heap     ] GC(110) O: Max Capacity: 8192M(100%)
[204.193s][info   ][gc,heap     ] GC(110) O: Soft Max Capacity: 8192M(100%)
[204.193s][info   ][gc,heap     ] GC(110) O: Heap Statistics:
[204.193s][info   ][gc,heap     ] GC(110) O:                Mark Start          Mark End        Relocate Start      Relocate End           High               Low         
[204.193s][info   ][gc,heap     ] GC(110) O:  Capacity:     8192M (100%)       8192M (100%)       8192M (100%)       8192M (100%)       8192M (100%)       8192M (100%)   
[204.193s][info   ][gc,heap     ] GC(110) O:      Free:     4502M (55%)        7950M (97%)        7922M (97%)        7922M (97%)        8010M (98%)        4458M (54%)    
[204.193s][info   ][gc,heap     ] GC(110) O:      Used:     3690M (45%)         242M (3%)          270M (3%)          270M (3%)         3734M (46%)         182M (2%)     
[204.193s][info   ][gc,heap     ] GC(110) O: Old Generation Statistics:
[204.193s][info   ][gc,heap     ] GC(110) O:                Mark Start          Mark End        Relocate Start      Relocate End    
[204.193s][info   ][gc,heap     ] GC(110) O:      Used:       72M (1%)           74M (1%)           74M (1%)           74M (1%)     
[204.193s][info   ][gc,heap     ] GC(110) O:      Live:         -                65M (1%)           65M (1%)           65M (1%)     
[204.193s][info   ][gc,heap     ] GC(110) O:   Garbage:         -                 6M (0%)            6M (0%)            6M (0%)     
[204.193s][info   ][gc,heap     ] GC(110) O: Allocated:         -                 2M (0%)            2M (0%)            2M (0%)     
[204.193s][info   ][gc,heap     ] GC(110) O: Reclaimed:         -                  -                 0M (0%)            0M (0%)     
[204.194s][info   ][gc,heap     ] GC(110) O: Compacted:         -                  -                  -                 0M (0%)     
[204.194s][info   ][gc,phases   ] GC(110) O: Old Generation 182M(2%)->270M(3%) 0.025s
[204.194s][info   ][gc          ] GC(110) Major Collection (Proactive) 3690M(45%)->270M(3%) 0.041s
[206.714s][info   ][gc          ] GC(111) Minor Collection (High Usage)
[206.714s][info   ][gc,task     ] GC(111) Using 1 Workers for Young Generation
[206.714s][info   ][gc,phases   ] GC(111) y: Young Generation
[206.714s][info   ][gc,phases   ] GC(111) y: Pause Mark Start 0.012ms
[206.736s][info   ][gc,phases   ] GC(111) y: Concurrent Mark 21.836ms
[206.736s][info   ][gc,phases   ] GC(111) y: Pause Mark End 0.015ms
[206.736s][info   ][gc,phases   ] GC(111) y: Concurrent Mark Free 0.000ms
[206.736s][info   ][gc,phases   ] GC(111) y: Concurrent Reset Relocation Set 0.003ms
[206.738s][info   ][gc,reloc    ] GC(111) y: Using tenuring threshold: 1 (Computed)
[206.738s][info   ][gc,phases   ] GC(111) y: Concurrent Select Relocation Set 1.290ms
[206.738s][info   ][gc,phases   ] GC(111) y: Pause Relocate Start 0.005ms
[206.738s][info   ][gc,phases   ] GC(111) y: Concurrent Relocate 0.155ms
[206.738s][info   ][gc,alloc    ] GC(111) y:                         Mark Start        Mark End      Relocate Start    Relocate End   
[206.738s][info   ][gc,alloc    ] GC(111) y: Allocation Stalls:          0                0                0                0         
[206.738s][info   ][gc,load     ] GC(111) y: Load: 1.69 (14%) / 1.35 (11%) / 1.43 (12%)
[206.738s][info   ][gc,mmu      ] GC(111) y: MMU: 2ms/98.5%, 5ms/99.4%, 10ms/99.7%, 20ms/99.8%, 50ms/99.9%, 100ms/99.9%
[206.738s][info   ][gc,marking  ] GC(111) y: Mark: 1 stripe(s), 2 proactive flush(es), 1 terminate flush(es), 0 completion(s), 0 continuation(s) 
[206.738s][info   ][gc,marking  ] GC(111) y: Mark Stack Usage: 32M
[206.738s][info   ][gc,nmethod  ] GC(111) y: NMethods: 383 registered, 110 unregistered
[206.738s][info   ][gc,metaspace] GC(111) y: Metaspace: 0M used, 0M committed, 1088M reserved
[206.738s][info   ][gc,reloc    ] GC(111) y:                        Candidates     Selected     In-Place         Size        Empty    Relocated 
[206.738s][info   ][gc,reloc    ] GC(111) y: Small Pages:                 3844            1            0        7688M        7620M           0M 
[206.738s][info   ][gc,reloc    ] GC(111) y: Medium Pages:                   0            0            0           0M           0M           0M 
[206.738s][info   ][gc,reloc    ] GC(111) y: Large Pages:                    0            0            0           0M           0M           0M 
[206.738s][info   ][gc,reloc    ] GC(111) y: Forwarding Usage: 0M
[206.738s][info   ][gc,reloc    ] GC(111) y: Age Table:
[206.738s][info   ][gc,reloc    ] GC(111) y:                    Live             Garbage             Small              Medium             Large        
[206.738s][info   ][gc,reloc    ] GC(111) y: Eden              63M (1%)         7558M (92%)       3811 / 1              0 / 0              0 / 0        
[206.738s][info   ][gc,reloc    ] GC(111) y: Survivor 1          -                66M (1%)          33 / 0              0 / 0              0 / 0        
[206.738s][info   ][gc,heap     ] GC(111) y: Min Capacity: 8192M(100%)
[206.738s][info   ][gc,heap     ] GC(111) y: Max Capacity: 8192M(100%)
[206.738s][info   ][gc,heap     ] GC(111) y: Soft Max Capacity: 8192M(100%)
[206.738s][info   ][gc,heap     ] GC(111) y: Heap Statistics:
[206.738s][info   ][gc,heap     ] GC(111) y:                Mark Start          Mark End        Relocate Start      Relocate End           High               Low         
[206.738s][info   ][gc,heap     ] GC(111) y:  Capacity:     8192M (100%)       8192M (100%)       8192M (100%)       8192M (100%)       8192M (100%)       8192M (100%)   
[206.738s][info   ][gc,heap     ] GC(111) y:      Free:      430M (5%)          364M (4%)         7984M (97%)        7986M (97%)        7986M (97%)         364M (4%)     
[206.738s][info   ][gc,heap     ] GC(111) y:      Used:     7762M (95%)        7828M (96%)         208M (3%)          206M (3%)         7828M (96%)         206M (3%)     
[206.738s][info   ][gc,heap     ] GC(111) y: Young Generation Statistics:
[206.738s][info   ][gc,heap     ] GC(111) y:                Mark Start          Mark End        Relocate Start      Relocate End    
[206.738s][info   ][gc,heap     ] GC(111) y:      Used:     7688M (94%)        7754M (95%)         134M (2%)          132M (2%)     
[206.738s][info   ][gc,heap     ] GC(111) y:      Live:         -                63M (1%)           63M (1%)           63M (1%)     
[206.738s][info   ][gc,heap     ] GC(111) y:   Garbage:         -              7624M (93%)           4M (0%)            1M (0%)     
[206.738s][info   ][gc,heap     ] GC(111) y: Allocated:         -                66M (1%)           66M (1%)           67M (1%)     
[206.738s][info   ][gc,heap     ] GC(111) y: Reclaimed:         -                  -              7620M (93%)        7623M (93%)    
[206.738s][info   ][gc,heap     ] GC(111) y:  Promoted:         -                  -                 0M (0%)            0M (0%)     
[206.738s][info   ][gc,heap     ] GC(111) y: Compacted:         -                  -                  -                 0M (0%)     
[206.738s][info   ][gc,phases   ] GC(111) y: Young Generation 7762M(95%)->206M(3%) 0.024s
[206.738s][info   ][gc          ] GC(111) Minor Collection (High Usage) 7762M(95%)->206M(3%) 0.024s
[207.783s][info   ][gc          ] GC(112) Major Collection (Proactive)
[207.783s][info   ][gc,task     ] GC(112) Using 1 Workers for Young Generation
[207.783s][info   ][gc,task     ] GC(112) Using 1 Workers for Old Generation
[207.783s][info   ][gc,phases   ] GC(112) Y: Young Generation
[207.783s][info   ][gc,phases   ] GC(112) Y: Pause Mark Start (Major) 0.011ms
[207.806s][info   ][gc,phases   ] GC(112) Y: Concurrent Mark 22.301ms
[207.806s][info   ][gc,phases   ] GC(112) Y: Pause Mark End 0.015ms
[207.806s][info   ][gc,phases   ] GC(112) Y: Concurrent Mark Free 0.000ms
[207.806s][info   ][gc,phases   ] GC(112) Y: Concurrent Reset Relocation Set 0.001ms
[207.807s][info   ][gc,reloc    ] GC(112) Y: Using tenuring threshold: 1 (Computed)
[207.807s][info   ][gc,phases   ] GC(112) Y: Concurrent Select Relocation Set 1.328ms
[207.807s][info   ][gc,phases   ] GC(112) Y: Pause Relocate Start 0.004ms
[207.807s][info   ][gc,phases   ] GC(112) Y: Concurrent Relocate 0.175ms
[207.807s][info   ][gc,alloc    ] GC(112) Y:                         Mark Start        Mark End      Relocate Start    Relocate End   
[207.807s][info   ][gc,alloc    ] GC(112) Y: Allocation Stalls:          0                0                0                0         
[207.807s][info   ][gc,load     ] GC(112) Y: Load: 1.69 (14%) / 1.35 (11%) / 1.43 (12%)
[207.807s][info   ][gc,mmu      ] GC(112) Y: MMU: 2ms/98.5%, 5ms/99.4%, 10ms/99.7%, 20ms/99.8%, 50ms/99.9%, 100ms/99.9%
[207.807s][info   ][gc,marking  ] GC(112) Y: Mark: 1 stripe(s), 2 proactive flush(es), 1 terminate flush(es), 0 completion(s), 0 continuation(s) 
[207.807s][info   ][gc,marking  ] GC(112) Y: Mark Stack Usage: 32M
[207.807s][info   ][gc,nmethod  ] GC(112) Y: NMethods: 383 registered, 110 unregistered
[207.807s][info   ][gc,metaspace] GC(112) Y: Metaspace: 0M used, 0M committed, 1088M reserved
[207.807s][info   ][gc,reloc    ] GC(112) Y:                        Candidates     Selected     In-Place         Size        Empty    Relocated 
[207.807s][info   ][gc,reloc    ] GC(112) Y: Small Pages:                 1618            1            0        3236M        3168M           0M 
[207.807s][info   ][gc,reloc    ] GC(112) Y: Medium Pages:                   0            0            0           0M           0M           0M 
[207.807s][info   ][gc,reloc    ] GC(112) Y: Large Pages:                    0            0            0           0M           0M           0M 
[207.807s][info   ][gc,reloc    ] GC(112) Y: Forwarding Usage: 0M
[207.807s][info   ][gc,reloc    ] GC(112) Y: Age Table:
[207.807s][info   ][gc,reloc    ] GC(112) Y:                    Live             Garbage             Small              Medium             Large        
[207.807s][info   ][gc,reloc    ] GC(112) Y: Eden              63M (1%)         3106M (38%)       1585 / 1              0 / 0              0 / 0        
[207.807s][info   ][gc,reloc    ] GC(112) Y: Survivor 1          -                66M (1%)          33 / 0              0 / 0              0 / 0        
[207.807s][info   ][gc,heap     ] GC(112) Y: Min Capacity: 8192M(100%)
[207.807s][info   ][gc,heap     ] GC(112) Y: Max Capacity: 8192M(100%)
[207.807s][info   ][gc,heap     ] GC(112) Y: Soft Max Capacity: 8192M(100%)
[207.807s][info   ][gc,heap     ] GC(112) Y: Heap Statistics:
[207.807s][info   ][gc,heap     ] GC(112) Y:                Mark Start          Mark End        Relocate Start      Relocate End           High               Low         
[207.807s][info   ][gc,heap     ] GC(112) Y:  Capacity:     8192M (100%)       8192M (100%)       8192M (100%)       8192M (100%)       8192M (100%)       8192M (100%)   
[207.807s][info   ][gc,heap     ] GC(112) Y:      Free:     4882M (60%)        4804M (59%)        7972M (97%)        7974M (97%)        7974M (97%)        4804M (59%)    
[207.807s][info   ][gc,heap     ] GC(112) Y:      Used:     3310M (40%)        3388M (41%)         220M (3%)          218M (3%)         3388M (41%)         218M (3%)     
[207.807s][info   ][gc,heap     ] GC(112) Y: Young Generation Statistics:
[207.807s][info   ][gc,heap     ] GC(112) Y:                Mark Start          Mark End        Relocate Start      Relocate End    
[207.807s][info   ][gc,heap     ] GC(112) Y:      Used:     3236M (40%)        3314M (40%)         146M (2%)          144M (2%)     
[207.807s][info   ][gc,heap     ] GC(112) Y:      Live:         -                63M (1%)           63M (1%)           63M (1%)     
[207.807s][info   ][gc,heap     ] GC(112) Y:   Garbage:         -              3172M (39%)           4M (0%)            1M (0%)     
[207.807s][info   ][gc,heap     ] GC(112) Y: Allocated:         -                78M (1%)           78M (1%)           78M (1%)     
[207.807s][info   ][gc,heap     ] GC(112) Y: Reclaimed:         -                  -              3168M (39%)        3170M (39%)    
[207.807s][info   ][gc,heap     ] GC(112) Y:  Promoted:         -                  -                 0M (0%)            0M (0%)     
[207.807s][info   ][gc,heap     ] GC(112) Y: Compacted:         -                  -                  -                 1M (0%)     
[207.807s][info   ][gc,phases   ] GC(112) Y: Young Generation 3310M(40%)->218M(3%) 0.024s
[207.807s][info   ][gc,phases   ] GC(112) O: Old Generation
[207.838s][info   ][gc,phases   ] GC(112) O: Concurrent Mark 30.503ms
[207.838s][info   ][gc,phases   ] GC(112) O: Pause Mark End 0.009ms
[207.838s][info   ][gc,phases   ] GC(112) O: Concurrent Mark Free 0.000ms
[207.839s][info   ][gc,phases   ] GC(112) O: Concurrent Process Non-Strong 0.590ms
[207.839s][info   ][gc,phases   ] GC(112) O: Concurrent Reset Relocation Set 0.000ms
[207.839s][info   ][gc,phases   ] GC(112) O: Concurrent Select Relocation Set 0.872ms
[207.839s][info   ][gc,task     ] GC(112) O: Using 2 Workers for Old Generation
[207.843s][info   ][gc,task     ] GC(112) O: Using 1 Workers for Old Generation
[207.843s][info   ][gc,phases   ] GC(112) O: Concurrent Remap Roots 3.701ms
[207.843s][info   ][gc,phases   ] GC(112) O: Pause Relocate Start 0.004ms
[207.843s][info   ][gc,phases   ] GC(112) O: Concurrent Relocate 0.196ms
[207.843s][info   ][gc,alloc    ] GC(112) O:                         Mark Start        Mark End      Relocate Start    Relocate End   
[207.843s][info   ][gc,alloc    ] GC(112) O: Allocation Stalls:          0                0                0                0         
[207.844s][info   ][gc,load     ] GC(112) O: Load: 1.69 (14%) / 1.35 (11%) / 1.43 (12%)
[207.844s][info   ][gc,mmu      ] GC(112) O: MMU: 2ms/98.5%, 5ms/99.4%, 10ms/99.7%, 20ms/99.8%, 50ms/99.9%, 100ms/99.9%
[207.844s][info   ][gc,marking  ] GC(112) O: Mark: 1 stripe(s), 2 proactive flush(es), 1 terminate flush(es), 0 completion(s), 0 continuation(s) 
[207.844s][info   ][gc,marking  ] GC(112) O: Mark Stack Usage: 32M
[207.844s][info   ][gc,nmethod  ] GC(112) O: NMethods: 383 registered, 110 unregistered
[207.844s][info   ][gc,metaspace] GC(112) O: Metaspace: 0M used, 0M committed, 1088M reserved
[207.844s][info   ][gc,ref      ] GC(112) O:                       Encountered   Discovered     Enqueued 
[207.844s][info   ][gc,ref      ] GC(112) O: Soft References:               64            0            0 
[207.844s][info   ][gc,ref      ] GC(112) O: Weak References:              217          165            0 
[207.844s][info   ][gc,ref      ] GC(112) O: Final References:               0            0            0 
[207.844s][info   ][gc,ref      ] GC(112) O: Phantom References:             5            3            0 
[207.844s][info   ][gc,reloc    ] GC(112) O:                        Candidates     Selected     In-Place         Size        Empty    Relocated 
[207.844s][info   ][gc,reloc    ] GC(112) O: Small Pages:                   37            1            0          74M           0M           1M 
[207.844s][info   ][gc,reloc    ] GC(112) O: Medium Pages:                   0            0            0           0M           0M           0M 
[207.844s][info   ][gc,reloc    ] GC(112) O: Large Pages:                    0            0            0           0M           0M           0M 
[207.844s][info   ][gc,reloc    ] GC(112) O: Forwarding Usage: 0M
[207.844s][info   ][gc,heap     ] GC(112) O: Min Capacity: 8192M(100%)
[207.844s][info   ][gc,heap     ] GC(112) O: Max Capacity: 8192M(100%)
[207.844s][info   ][gc,heap     ] GC(112) O: Soft Max Capacity: 8192M(100%)
[207.844s][info   ][gc,heap     ] GC(112) O: Heap Statistics:
[207.844s][info   ][gc,heap     ] GC(112) O:                Mark Start          Mark End        Relocate Start      Relocate End           High               Low         
[207.844s][info   ][gc,heap     ] GC(112) O:  Capacity:     8192M (100%)       8192M (100%)       8192M (100%)       8192M (100%)       8192M (100%)       8192M (100%)   
[207.844s][info   ][gc,heap     ] GC(112) O:      Free:     4882M (60%)        7884M (96%)        7858M (96%)        7860M (96%)        7974M (97%)        4804M (59%)    
[207.844s][info   ][gc,heap     ] GC(112) O:      Used:     3310M (40%)         308M (4%)          334M (4%)          332M (4%)         3388M (41%)         218M (3%)     
[207.844s][info   ][gc,heap     ] GC(112) O: Old Generation Statistics:
[207.844s][info   ][gc,heap     ] GC(112) O:                Mark Start          Mark End        Relocate Start      Relocate End    
[207.844s][info   ][gc,heap     ] GC(112) O:      Used:       74M (1%)           74M (1%)           74M (1%)           72M (1%)     
[207.844s][info   ][gc,heap     ] GC(112) O:      Live:         -                65M (1%)           65M (1%)           65M (1%)     
[207.844s][info   ][gc,heap     ] GC(112) O:   Garbage:         -                 8M (0%)            8M (0%)            5M (0%)     
[207.844s][info   ][gc,heap     ] GC(112) O: Allocated:         -                 0M (0%)            0M (0%)            0M (0%)     
[207.844s][info   ][gc,heap     ] GC(112) O: Reclaimed:         -                  -                 0M (0%)            2M (0%)     
[207.844s][info   ][gc,heap     ] GC(112) O: Compacted:         -                  -                  -                 1M (0%)     
[207.844s][info   ][gc,phases   ] GC(112) O: Old Generation 218M(3%)->332M(4%) 0.036s
[207.844s][info   ][gc          ] GC(112) Major Collection (Proactive) 3310M(40%)->332M(4%) 0.060s
[210.342s][info   ][gc          ] GC(113) Minor Collection (High Usage)
[210.342s][info   ][gc,task     ] GC(113) Using 1 Workers for Young Generation
[210.342s][info   ][gc,phases   ] GC(113) y: Young Generation
[210.343s][info   ][gc,phases   ] GC(113) y: Pause Mark Start 0.015ms
[210.363s][info   ][gc,phases   ] GC(113) y: Concurrent Mark 20.060ms
[210.363s][info   ][gc,phases   ] GC(113) y: Pause Mark End 0.012ms
[210.363s][info   ][gc,phases   ] GC(113) y: Concurrent Mark Free 0.000ms
[210.363s][info   ][gc,phases   ] GC(113) y: Concurrent Reset Relocation Set 0.001ms
[210.364s][info   ][gc,reloc    ] GC(113) y: Using tenuring threshold: 1 (Computed)
[210.364s][info   ][gc,phases   ] GC(113) y: Concurrent Select Relocation Set 1.627ms
[210.365s][info   ][gc,phases   ] GC(113) y: Pause Relocate Start 0.005ms
[210.365s][info   ][gc,phases   ] GC(113) y: Concurrent Relocate 0.491ms
[210.365s][info   ][gc,alloc    ] GC(113) y:                         Mark Start        Mark End      Relocate Start    Relocate End   
[210.365s][info   ][gc,alloc    ] GC(113) y: Allocation Stalls:          0                0                0                0         
[210.365s][info   ][gc,load     ] GC(113) y: Load: 1.71 (14%) / 1.36 (11%) / 1.44 (12%)
[210.365s][info   ][gc,mmu      ] GC(113) y: MMU: 2ms/98.5%, 5ms/99.4%, 10ms/99.7%, 20ms/99.8%, 50ms/99.9%, 100ms/99.9%
[210.365s][info   ][gc,marking  ] GC(113) y: Mark: 1 stripe(s), 2 proactive flush(es), 1 terminate flush(es), 0 completion(s), 0 continuation(s) 
[210.365s][info   ][gc,marking  ] GC(113) y: Mark Stack Usage: 32M
[210.365s][info   ][gc,nmethod  ] GC(113) y: NMethods: 383 registered, 110 unregistered
[210.365s][info   ][gc,metaspace] GC(113) y: Metaspace: 0M used, 0M committed, 1088M reserved
[210.365s][info   ][gc,reloc    ] GC(113) y:                        Candidates     Selected     In-Place         Size        Empty    Relocated 
[210.365s][info   ][gc,reloc    ] GC(113) y: Small Pages:                 3838            2            0        7676M        7606M           2M 
[210.365s][info   ][gc,reloc    ] GC(113) y: Medium Pages:                   0            0            0           0M           0M           0M 
[210.365s][info   ][gc,reloc    ] GC(113) y: Large Pages:                    0            0            0           0M           0M           0M 
[210.365s][info   ][gc,reloc    ] GC(113) y: Forwarding Usage: 0M
[210.365s][info   ][gc,reloc    ] GC(113) y: Age Table:
[210.365s][info   ][gc,reloc    ] GC(113) y:                    Live             Garbage             Small              Medium             Large        
[210.365s][info   ][gc,reloc    ] GC(113) y: Eden              63M (1%)         7546M (92%)       3805 / 2              0 / 0              0 / 0        
[210.365s][info   ][gc,reloc    ] GC(113) y: Survivor 1          -                66M (1%)          33 / 0              0 / 0              0 / 0        
[210.365s][info   ][gc,heap     ] GC(113) y: Min Capacity: 8192M(100%)
[210.365s][info   ][gc,heap     ] GC(113) y: Max Capacity: 8192M(100%)
[210.365s][info   ][gc,heap     ] GC(113) y: Soft Max Capacity: 8192M(100%)
[210.365s][info   ][gc,heap     ] GC(113) y: Heap Statistics:
[210.365s][info   ][gc,heap     ] GC(113) y:                Mark Start          Mark End        Relocate Start      Relocate End           High               Low         
[210.365s][info   ][gc,heap     ] GC(113) y:  Capacity:     8192M (100%)       8192M (100%)       8192M (100%)       8192M (100%)       8192M (100%)       8192M (100%)   
[210.365s][info   ][gc,heap     ] GC(113) y:      Free:      444M (5%)          380M (5%)         7970M (97%)        7972M (97%)        7972M (97%)         380M (5%)     
[210.365s][info   ][gc,heap     ] GC(113) y:      Used:     7748M (95%)        7812M (95%)         222M (3%)          220M (3%)         7812M (95%)         220M (3%)     
[210.365s][info   ][gc,heap     ] GC(113) y: Young Generation Statistics:
[210.365s][info   ][gc,heap     ] GC(113) y:                Mark Start          Mark End        Relocate Start      Relocate End    
[210.365s][info   ][gc,heap     ] GC(113) y:      Used:     7676M (94%)        7740M (94%)         150M (2%)          148M (2%)     
[210.365s][info   ][gc,heap     ] GC(113) y:      Live:         -                63M (1%)           63M (1%)           63M (1%)     
[210.365s][info   ][gc,heap     ] GC(113) y:   Garbage:         -              7612M (93%)           6M (0%)            1M (0%)     
[210.365s][info   ][gc,heap     ] GC(113) y: Allocated:         -                64M (1%)           80M (1%)           82M (1%)     
[210.365s][info   ][gc,heap     ] GC(113) y: Reclaimed:         -                  -              7606M (93%)        7610M (93%)    
[210.365s][info   ][gc,heap     ] GC(113) y:  Promoted:         -                  -                 0M (0%)            0M (0%)     
[210.365s][info   ][gc,heap     ] GC(113) y: Compacted:         -                  -                  -                 3M (0%)     
[210.365s][info   ][gc,phases   ] GC(113) y: Young Generation 7748M(95%)->220M(3%) 0.023s
[210.365s][info   ][gc          ] GC(113) Minor Collection (High Usage) 7748M(95%)->222M(3%) 0.023s
[211.773s][info   ][gc          ] GC(114) Major Collection (Proactive)
[211.773s][info   ][gc,task     ] GC(114) Using 1 Workers for Young Generation
[211.773s][info   ][gc,task     ] GC(114) Using 1 Workers for Old Generation
[211.773s][info   ][gc,phases   ] GC(114) Y: Young Generation
[211.773s][info   ][gc,phases   ] GC(114) Y: Pause Mark Start (Major) 0.013ms
[211.795s][info   ][gc,phases   ] GC(114) Y: Concurrent Mark 22.392ms
[211.795s][info   ][gc,phases   ] GC(114) Y: Pause Mark End 0.014ms
[211.795s][info   ][gc,phases   ] GC(114) Y: Concurrent Mark Free 0.000ms
[211.795s][info   ][gc,phases   ] GC(114) Y: Concurrent Reset Relocation Set 0.002ms
[211.797s][info   ][gc,reloc    ] GC(114) Y: Using tenuring threshold: 1 (Computed)
[211.797s][info   ][gc,phases   ] GC(114) Y: Concurrent Select Relocation Set 1.307ms
[211.797s][info   ][gc,phases   ] GC(114) Y: Pause Relocate Start 0.004ms
[211.797s][info   ][gc,phases   ] GC(114) Y: Concurrent Relocate 0.219ms
[211.797s][info   ][gc,alloc    ] GC(114) Y:                         Mark Start        Mark End      Relocate Start    Relocate End   
[211.797s][info   ][gc,alloc    ] GC(114) Y: Allocation Stalls:          0                0                0                0         
[211.797s][info   ][gc,load     ] GC(114) Y: Load: 1.71 (14%) / 1.36 (11%) / 1.44 (12%)
[211.797s][info   ][gc,mmu      ] GC(114) Y: MMU: 2ms/98.5%, 5ms/99.4%, 10ms/99.7%, 20ms/99.8%, 50ms/99.9%, 100ms/99.9%
[211.797s][info   ][gc,marking  ] GC(114) Y: Mark: 1 stripe(s), 2 proactive flush(es), 1 terminate flush(es), 0 completion(s), 0 continuation(s) 
[211.797s][info   ][gc,marking  ] GC(114) Y: Mark Stack Usage: 32M
[211.797s][info   ][gc,nmethod  ] GC(114) Y: NMethods: 383 registered, 110 unregistered
[211.797s][info   ][gc,metaspace] GC(114) Y: Metaspace: 0M used, 0M committed, 1088M reserved
[211.797s][info   ][gc,reloc    ] GC(114) Y:                        Candidates     Selected     In-Place         Size        Empty    Relocated 
[211.797s][info   ][gc,reloc    ] GC(114) Y: Small Pages:                 2160            1            0        4320M        4252M           1M 
[211.797s][info   ][gc,reloc    ] GC(114) Y: Medium Pages:                   0            0            0           0M           0M           0M 
[211.797s][info   ][gc,reloc    ] GC(114) Y: Large Pages:                    0            0            0           0M           0M           0M 
[211.797s][info   ][gc,reloc    ] GC(114) Y: Forwarding Usage: 0M
[211.797s][info   ][gc,reloc    ] GC(114) Y: Age Table:
[211.797s][info   ][gc,reloc    ] GC(114) Y:                    Live             Garbage             Small              Medium             Large        
[211.797s][info   ][gc,reloc    ] GC(114) Y: Eden              63M (1%)         4190M (51%)       2127 / 1              0 / 0              0 / 0        
[211.797s][info   ][gc,reloc    ] GC(114) Y: Survivor 1          -                66M (1%)          33 / 0              0 / 0              0 / 0        
[211.797s][info   ][gc,heap     ] GC(114) Y: Min Capacity: 8192M(100%)
[211.797s][info   ][gc,heap     ] GC(114) Y: Max Capacity: 8192M(100%)
[211.797s][info   ][gc,heap     ] GC(114) Y: Soft Max Capacity: 8192M(100%)
[211.797s][info   ][gc,heap     ] GC(114) Y: Heap Statistics:
[211.797s][info   ][gc,heap     ] GC(114) Y:                Mark Start          Mark End        Relocate Start      Relocate End           High               Low         
[211.797s][info   ][gc,heap     ] GC(114) Y:  Capacity:     8192M (100%)       8192M (100%)       8192M (100%)       8192M (100%)       8192M (100%)       8192M (100%)   
[211.797s][info   ][gc,heap     ] GC(114) Y:      Free:     3800M (46%)        3718M (45%)        7970M (97%)        7972M (97%)        7972M (97%)        3718M (45%)    
[211.797s][info   ][gc,heap     ] GC(114) Y:      Used:     4392M (54%)        4474M (55%)         222M (3%)          220M (3%)         4474M (55%)         220M (3%)     
[211.797s][info   ][gc,heap     ] GC(114) Y: Young Generation Statistics:
[211.797s][info   ][gc,heap     ] GC(114) Y:                Mark Start          Mark End        Relocate Start      Relocate End    
[211.797s][info   ][gc,heap     ] GC(114) Y:      Used:     4320M (53%)        4402M (54%)         150M (2%)          148M (2%)     
[211.797s][info   ][gc,heap     ] GC(114) Y:      Live:         -                63M (1%)           63M (1%)           63M (1%)     
[211.797s][info   ][gc,heap     ] GC(114) Y:   Garbage:         -              4256M (52%)           4M (0%)            1M (0%)     
[211.797s][info   ][gc,heap     ] GC(114) Y: Allocated:         -                82M (1%)           82M (1%)           82M (1%)     
[211.797s][info   ][gc,heap     ] GC(114) Y: Reclaimed:         -                  -              4252M (52%)        4254M (52%)    
[211.797s][info   ][gc,heap     ] GC(114) Y:  Promoted:         -                  -                 0M (0%)            0M (0%)     
[211.797s][info   ][gc,heap     ] GC(114) Y: Compacted:         -                  -                  -                 1M (0%)     
[211.797s][info   ][gc,phases   ] GC(114) Y: Young Generation 4392M(54%)->220M(3%) 0.024s
[211.797s][info   ][gc,phases   ] GC(114) O: Old Generation
[211.827s][info   ][gc,phases   ] GC(114) O: Concurrent Mark 29.723ms
[211.827s][info   ][gc,phases   ] GC(114) O: Pause Mark End 0.012ms
[211.827s][info   ][gc,phases   ] GC(114) O: Concurrent Mark Free 0.000ms
[211.827s][info   ][gc,phases   ] GC(114) O: Concurrent Process Non-Strong 0.551ms
[211.827s][info   ][gc,phases   ] GC(114) O: Concurrent Reset Relocation Set 0.001ms
[211.828s][info   ][gc,phases   ] GC(114) O: Concurrent Select Relocation Set 0.867ms
[211.828s][info   ][gc,task     ] GC(114) O: Using 2 Workers for Old Generation
[211.831s][info   ][gc,task     ] GC(114) O: Using 1 Workers for Old Generation
[211.831s][info   ][gc,phases   ] GC(114) O: Concurrent Remap Roots 2.902ms
[211.831s][info   ][gc,phases   ] GC(114) O: Pause Relocate Start 0.003ms
[211.831s][info   ][gc,phases   ] GC(114) O: Concurrent Relocate 0.011ms
[211.831s][info   ][gc,alloc    ] GC(114) O:                         Mark Start        Mark End      Relocate Start    Relocate End   
[211.831s][info   ][gc,alloc    ] GC(114) O: Allocation Stalls:          0                0                0                0         
[211.831s][info   ][gc,load     ] GC(114) O: Load: 1.71 (14%) / 1.36 (11%) / 1.44 (12%)
[211.831s][info   ][gc,mmu      ] GC(114) O: MMU: 2ms/98.5%, 5ms/99.4%, 10ms/99.7%, 20ms/99.8%, 50ms/99.9%, 100ms/99.9%
[211.831s][info   ][gc,marking  ] GC(114) O: Mark: 1 stripe(s), 2 proactive flush(es), 1 terminate flush(es), 0 completion(s), 0 continuation(s) 
[211.831s][info   ][gc,marking  ] GC(114) O: Mark Stack Usage: 32M
[211.831s][info   ][gc,nmethod  ] GC(114) O: NMethods: 383 registered, 110 unregistered
[211.831s][info   ][gc,metaspace] GC(114) O: Metaspace: 0M used, 0M committed, 1088M reserved
[211.831s][info   ][gc,ref      ] GC(114) O:                       Encountered   Discovered     Enqueued 
[211.831s][info   ][gc,ref      ] GC(114) O: Soft References:               64            0            0 
[211.831s][info   ][gc,ref      ] GC(114) O: Weak References:              217          165            0 
[211.831s][info   ][gc,ref      ] GC(114) O: Final References:               0            0            0 
[211.831s][info   ][gc,ref      ] GC(114) O: Phantom References:             5            3            0 
[211.831s][info   ][gc,reloc    ] GC(114) O:                        Candidates     Selected     In-Place         Size        Empty    Relocated 
[211.831s][info   ][gc,reloc    ] GC(114) O: Small Pages:                   36            0            0          72M           0M           0M 
[211.831s][info   ][gc,reloc    ] GC(114) O: Medium Pages:                   0            0            0           0M           0M           0M 
[211.831s][info   ][gc,reloc    ] GC(114) O: Large Pages:                    0            0            0           0M           0M           0M 
[211.831s][info   ][gc,reloc    ] GC(114) O: Forwarding Usage: 0M
[211.831s][info   ][gc,heap     ] GC(114) O: Min Capacity: 8192M(100%)
[211.831s][info   ][gc,heap     ] GC(114) O: Max Capacity: 8192M(100%)
[211.831s][info   ][gc,heap     ] GC(114) O: Soft Max Capacity: 8192M(100%)
[211.831s][info   ][gc,heap     ] GC(114) O: Heap Statistics:
[211.831s][info   ][gc,heap     ] GC(114) O:                Mark Start          Mark End        Relocate Start      Relocate End           High               Low         
[211.831s][info   ][gc,heap     ] GC(114) O:  Capacity:     8192M (100%)       8192M (100%)       8192M (100%)       8192M (100%)       8192M (100%)       8192M (100%)   
[211.831s][info   ][gc,heap     ] GC(114) O:      Free:     3800M (46%)        7882M (96%)        7882M (96%)        7882M (96%)        7972M (97%)        3718M (45%)    
[211.831s][info   ][gc,heap     ] GC(114) O:      Used:     4392M (54%)         310M (4%)          310M (4%)          310M (4%)         4474M (55%)         220M (3%)     
[211.831s][info   ][gc,heap     ] GC(114) O: Old Generation Statistics:
[211.831s][info   ][gc,heap     ] GC(114) O:                Mark Start          Mark End        Relocate Start      Relocate End    
[211.831s][info   ][gc,heap     ] GC(114) O:      Used:       72M (1%)           72M (1%)           72M (1%)           72M (1%)     
[211.831s][info   ][gc,heap     ] GC(114) O:      Live:         -                65M (1%)           65M (1%)           65M (1%)     
[211.831s][info   ][gc,heap     ] GC(114) O:   Garbage:         -                 6M (0%)            6M (0%)            6M (0%)     
[211.831s][info   ][gc,heap     ] GC(114) O: Allocated:         -                 0M (0%)            0M (0%)            0M (0%)     
[211.831s][info   ][gc,heap     ] GC(114) O: Reclaimed:         -                  -                 0M (0%)            0M (0%)     
[211.831s][info   ][gc,heap     ] GC(114) O: Compacted:         -                  -                  -                 0M (0%)     
[211.831s][info   ][gc,phases   ] GC(114) O: Old Generation 220M(3%)->310M(4%) 0.034s
[211.831s][info   ][gc          ] GC(114) Major Collection (Proactive) 4392M(54%)->310M(4%) 0.059s
[214.335s][info   ][gc          ] GC(115) Minor Collection (High Usage)
[214.335s][info   ][gc,task     ] GC(115) Using 1 Workers for Young Generation
[214.335s][info   ][gc,phases   ] GC(115) y: Young Generation
[214.335s][info   ][gc,phases   ] GC(115) y: Pause Mark Start 0.012ms
[214.355s][info   ][gc,phases   ] GC(115) y: Concurrent Mark 20.402ms
[214.355s][info   ][gc,phases   ] GC(115) y: Pause Mark End 0.020ms
[214.355s][info   ][gc,phases   ] GC(115) y: Concurrent Mark Free 0.000ms
[214.355s][info   ][gc,phases   ] GC(115) y: Concurrent Reset Relocation Set 0.001ms
[214.357s][info   ][gc,reloc    ] GC(115) y: Using tenuring threshold: 1 (Computed)
[214.357s][info   ][gc,phases   ] GC(115) y: Concurrent Select Relocation Set 1.307ms
[214.357s][info   ][gc,phases   ] GC(115) y: Pause Relocate Start 0.004ms
[214.357s][info   ][gc,phases   ] GC(115) y: Concurrent Relocate 0.437ms
[214.357s][info   ][gc,alloc    ] GC(115) y:                         Mark Start        Mark End      Relocate Start    Relocate End   
[214.357s][info   ][gc,alloc    ] GC(115) y: Allocation Stalls:          0                0                0                0         
[214.357s][info   ][gc,load     ] GC(115) y: Load: 2.22 (18%) / 1.47 (12%) / 1.47 (12%)
[214.357s][info   ][gc,mmu      ] GC(115) y: MMU: 2ms/98.5%, 5ms/99.4%, 10ms/99.7%, 20ms/99.8%, 50ms/99.9%, 100ms/99.9%
[214.357s][info   ][gc,marking  ] GC(115) y: Mark: 1 stripe(s), 2 proactive flush(es), 1 terminate flush(es), 0 completion(s), 0 continuation(s) 
[214.357s][info   ][gc,marking  ] GC(115) y: Mark Stack Usage: 32M
[214.357s][info   ][gc,nmethod  ] GC(115) y: NMethods: 383 registered, 110 unregistered
[214.357s][info   ][gc,metaspace] GC(115) y: Metaspace: 0M used, 0M committed, 1088M reserved
[214.357s][info   ][gc,reloc    ] GC(115) y:                        Candidates     Selected     In-Place         Size        Empty    Relocated 
[214.357s][info   ][gc,reloc    ] GC(115) y: Small Pages:                 3850            4            0        7700M        7626M           2M 
[214.357s][info   ][gc,reloc    ] GC(115) y: Medium Pages:                   0            0            0           0M           0M           0M 
[214.357s][info   ][gc,reloc    ] GC(115) y: Large Pages:                    0            0            0           0M           0M           0M 
[214.357s][info   ][gc,reloc    ] GC(115) y: Forwarding Usage: 0M
[214.357s][info   ][gc,reloc    ] GC(115) y: Age Table:
[214.357s][info   ][gc,reloc    ] GC(115) y:                    Live             Garbage             Small              Medium             Large        
[214.357s][info   ][gc,reloc    ] GC(115) y: Eden              63M (1%)         7570M (92%)       3817 / 4              0 / 0              0 / 0        
[214.357s][info   ][gc,reloc    ] GC(115) y: Survivor 1          -                66M (1%)          33 / 0              0 / 0              0 / 0        
[214.357s][info   ][gc,heap     ] GC(115) y: Min Capacity: 8192M(100%)
[214.357s][info   ][gc,heap     ] GC(115) y: Max Capacity: 8192M(100%)
[214.357s][info   ][gc,heap     ] GC(115) y: Soft Max Capacity: 8192M(100%)
[214.357s][info   ][gc,heap     ] GC(115) y: Heap Statistics:
[214.357s][info   ][gc,heap     ] GC(115) y:                Mark Start          Mark End        Relocate Start      Relocate End           High               Low         
[214.357s][info   ][gc,heap     ] GC(115) y:  Capacity:     8192M (100%)       8192M (100%)       8192M (100%)       8192M (100%)       8192M (100%)       8192M (100%)   
[214.357s][info   ][gc,heap     ] GC(115) y:      Free:      420M (5%)          356M (4%)         7982M (97%)        7990M (98%)        7990M (98%)         356M (4%)     
[214.357s][info   ][gc,heap     ] GC(115) y:      Used:     7772M (95%)        7836M (96%)         210M (3%)          202M (2%)         7836M (96%)         202M (2%)     
[214.357s][info   ][gc,heap     ] GC(115) y: Young Generation Statistics:
[214.357s][info   ][gc,heap     ] GC(115) y:                Mark Start          Mark End        Relocate Start      Relocate End    
[214.357s][info   ][gc,heap     ] GC(115) y:      Used:     7700M (94%)        7764M (95%)         138M (2%)          130M (2%)     
[214.357s][info   ][gc,heap     ] GC(115) y:      Live:         -                63M (1%)           63M (1%)           63M (1%)     
[214.357s][info   ][gc,heap     ] GC(115) y:   Garbage:         -              7636M (93%)          10M (0%)            1M (0%)     
[214.357s][info   ][gc,heap     ] GC(115) y: Allocated:         -                64M (1%)           64M (1%)           65M (1%)     
[214.357s][info   ][gc,heap     ] GC(115) y: Reclaimed:         -                  -              7626M (93%)        7635M (93%)    
[214.357s][info   ][gc,heap     ] GC(115) y:  Promoted:         -                  -                 0M (0%)            0M (0%)     
[214.357s][info   ][gc,heap     ] GC(115) y: Compacted:         -                  -                  -                 2M (0%)     
[214.357s][info   ][gc,phases   ] GC(115) y: Young Generation 7772M(95%)->202M(2%) 0.022s
[214.357s][info   ][gc          ] GC(115) Minor Collection (High Usage) 7770M(95%)->202M(2%) 0.023s
[215.345s][info   ][gc          ] GC(116) Major Collection (Proactive)
[215.345s][info   ][gc,task     ] GC(116) Using 1 Workers for Young Generation
[215.345s][info   ][gc,task     ] GC(116) Using 1 Workers for Old Generation
[215.345s][info   ][gc,phases   ] GC(116) Y: Young Generation
[215.345s][info   ][gc,phases   ] GC(116) Y: Pause Mark Start (Major) 0.015ms
[215.373s][info   ][gc,phases   ] GC(116) Y: Concurrent Mark 28.426ms
[215.374s][info   ][gc,phases   ] GC(116) Y: Pause Mark End 0.014ms
[215.374s][info   ][gc,phases   ] GC(116) Y: Concurrent Mark Free 0.000ms
[215.374s][info   ][gc,phases   ] GC(116) Y: Concurrent Reset Relocation Set 0.002ms
[215.375s][info   ][gc,reloc    ] GC(116) Y: Using tenuring threshold: 1 (Computed)
[215.375s][info   ][gc,phases   ] GC(116) Y: Concurrent Select Relocation Set 1.420ms
[215.375s][info   ][gc,phases   ] GC(116) Y: Pause Relocate Start 0.005ms
[215.376s][info   ][gc,phases   ] GC(116) Y: Concurrent Relocate 0.649ms
[215.376s][info   ][gc,alloc    ] GC(116) Y:                         Mark Start        Mark End      Relocate Start    Relocate End   
[215.376s][info   ][gc,alloc    ] GC(116) Y: Allocation Stalls:          0                0                0                0         
[215.376s][info   ][gc,load     ] GC(116) Y: Load: 2.22 (18%) / 1.47 (12%) / 1.47 (12%)
[215.376s][info   ][gc,mmu      ] GC(116) Y: MMU: 2ms/98.5%, 5ms/99.4%, 10ms/99.7%, 20ms/99.8%, 50ms/99.9%, 100ms/99.9%
[215.376s][info   ][gc,marking  ] GC(116) Y: Mark: 1 stripe(s), 2 proactive flush(es), 1 terminate flush(es), 0 completion(s), 0 continuation(s) 
[215.376s][info   ][gc,marking  ] GC(116) Y: Mark Stack Usage: 32M
[215.376s][info   ][gc,nmethod  ] GC(116) Y: NMethods: 383 registered, 110 unregistered
[215.376s][info   ][gc,metaspace] GC(116) Y: Metaspace: 0M used, 0M committed, 1088M reserved
[215.376s][info   ][gc,reloc    ] GC(116) Y:                        Candidates     Selected     In-Place         Size        Empty    Relocated 
[215.376s][info   ][gc,reloc    ] GC(116) Y: Small Pages:                 1533            4            0        3066M        2992M           3M 
[215.376s][info   ][gc,reloc    ] GC(116) Y: Medium Pages:                   0            0            0           0M           0M           0M 
[215.376s][info   ][gc,reloc    ] GC(116) Y: Large Pages:                    0            0            0           0M           0M           0M 
[215.376s][info   ][gc,reloc    ] GC(116) Y: Forwarding Usage: 0M
[215.376s][info   ][gc,reloc    ] GC(116) Y: Age Table:
[215.376s][info   ][gc,reloc    ] GC(116) Y:                    Live             Garbage             Small              Medium             Large        
[215.376s][info   ][gc,reloc    ] GC(116) Y: Eden              63M (1%)         2936M (36%)       1500 / 4              0 / 0              0 / 0        
[215.376s][info   ][gc,reloc    ] GC(116) Y: Survivor 1          -                66M (1%)          33 / 0              0 / 0              0 / 0        
[215.376s][info   ][gc,heap     ] GC(116) Y: Min Capacity: 8192M(100%)
[215.376s][info   ][gc,heap     ] GC(116) Y: Max Capacity: 8192M(100%)
[215.376s][info   ][gc,heap     ] GC(116) Y: Soft Max Capacity: 8192M(100%)
[215.376s][info   ][gc,heap     ] GC(116) Y: Heap Statistics:
[215.376s][info   ][gc,heap     ] GC(116) Y:                Mark Start          Mark End        Relocate Start      Relocate End           High               Low         
[215.376s][info   ][gc,heap     ] GC(116) Y:  Capacity:     8192M (100%)       8192M (100%)       8192M (100%)       8192M (100%)       8192M (100%)       8192M (100%)   
[215.376s][info   ][gc,heap     ] GC(116) Y:      Free:     5054M (62%)        4966M (61%)        7948M (97%)        7956M (97%)        7956M (97%)        4966M (61%)    
[215.376s][info   ][gc,heap     ] GC(116) Y:      Used:     3138M (38%)        3226M (39%)         244M (3%)          236M (3%)         3226M (39%)         236M (3%)     
[215.376s][info   ][gc,heap     ] GC(116) Y: Young Generation Statistics:
[215.376s][info   ][gc,heap     ] GC(116) Y:                Mark Start          Mark End        Relocate Start      Relocate End    
[215.376s][info   ][gc,heap     ] GC(116) Y:      Used:     3066M (37%)        3154M (39%)         172M (2%)          164M (2%)     
[215.376s][info   ][gc,heap     ] GC(116) Y:      Live:         -                63M (1%)           63M (1%)           63M (1%)     
[215.376s][info   ][gc,heap     ] GC(116) Y:   Garbage:         -              3002M (37%)          10M (0%)            1M (0%)     
[215.376s][info   ][gc,heap     ] GC(116) Y: Allocated:         -                88M (1%)           98M (1%)           98M (1%)     
[215.376s][info   ][gc,heap     ] GC(116) Y: Reclaimed:         -                  -              2992M (37%)        3000M (37%)    
[215.376s][info   ][gc,heap     ] GC(116) Y:  Promoted:         -                  -                 0M (0%)            0M (0%)     
[215.376s][info   ][gc,heap     ] GC(116) Y: Compacted:         -                  -                  -                 5M (0%)     
[215.376s][info   ][gc,phases   ] GC(116) Y: Young Generation 3138M(38%)->236M(3%) 0.031s
[215.376s][info   ][gc,phases   ] GC(116) O: Old Generation
[215.406s][info   ][gc,phases   ] GC(116) O: Concurrent Mark 29.804ms
[215.406s][info   ][gc,phases   ] GC(116) O: Pause Mark End 0.016ms
[215.406s][info   ][gc,phases   ] GC(116) O: Concurrent Mark Free 0.000ms
[215.406s][info   ][gc,phases   ] GC(116) O: Concurrent Process Non-Strong 0.644ms
[215.406s][info   ][gc,phases   ] GC(116) O: Concurrent Reset Relocation Set 0.000ms
[215.407s][info   ][gc,phases   ] GC(116) O: Concurrent Select Relocation Set 0.901ms
[215.407s][info   ][gc,task     ] GC(116) O: Using 2 Workers for Old Generation
[215.410s][info   ][gc,task     ] GC(116) O: Using 1 Workers for Old Generation
[215.410s][info   ][gc,phases   ] GC(116) O: Concurrent Remap Roots 2.917ms
[215.410s][info   ][gc,phases   ] GC(116) O: Pause Relocate Start 0.004ms
[215.410s][info   ][gc,phases   ] GC(116) O: Concurrent Relocate 0.016ms
[215.410s][info   ][gc,alloc    ] GC(116) O:                         Mark Start        Mark End      Relocate Start    Relocate End   
[215.410s][info   ][gc,alloc    ] GC(116) O: Allocation Stalls:          0                0                0                0         
[215.410s][info   ][gc,load     ] GC(116) O: Load: 2.22 (18%) / 1.47 (12%) / 1.47 (12%)
[215.410s][info   ][gc,mmu      ] GC(116) O: MMU: 2ms/98.5%, 5ms/99.4%, 10ms/99.7%, 20ms/99.8%, 50ms/99.9%, 100ms/99.9%
[215.410s][info   ][gc,marking  ] GC(116) O: Mark: 1 stripe(s), 2 proactive flush(es), 1 terminate flush(es), 0 completion(s), 0 continuation(s) 
[215.410s][info   ][gc,marking  ] GC(116) O: Mark Stack Usage: 32M
[215.410s][info   ][gc,nmethod  ] GC(116) O: NMethods: 383 registered, 110 unregistered
[215.410s][info   ][gc,metaspace] GC(116) O: Metaspace: 0M used, 0M committed, 1088M reserved
[215.410s][info   ][gc,ref      ] GC(116) O:                       Encountered   Discovered     Enqueued 
[215.410s][info   ][gc,ref      ] GC(116) O: Soft References:               64            0            0 
[215.410s][info   ][gc,ref      ] GC(116) O: Weak References:              217          165            0 
[215.410s][info   ][gc,ref      ] GC(116) O: Final References:               0            0            0 
[215.410s][info   ][gc,ref      ] GC(116) O: Phantom References:             5            3            0 
[215.410s][info   ][gc,reloc    ] GC(116) O:                        Candidates     Selected     In-Place         Size        Empty    Relocated 
[215.410s][info   ][gc,reloc    ] GC(116) O: Small Pages:                   36            0            0          72M           0M           0M 
[215.410s][info   ][gc,reloc    ] GC(116) O: Medium Pages:                   0            0            0           0M           0M           0M 
[215.410s][info   ][gc,reloc    ] GC(116) O: Large Pages:                    0            0            0           0M           0M           0M 
[215.410s][info   ][gc,reloc    ] GC(116) O: Forwarding Usage: 0M
[215.410s][info   ][gc,heap     ] GC(116) O: Min Capacity: 8192M(100%)
[215.410s][info   ][gc,heap     ] GC(116) O: Max Capacity: 8192M(100%)
[215.410s][info   ][gc,heap     ] GC(116) O: Soft Max Capacity: 8192M(100%)
[215.410s][info   ][gc,heap     ] GC(116) O: Heap Statistics:
[215.410s][info   ][gc,heap     ] GC(116) O:                Mark Start          Mark End        Relocate Start      Relocate End           High               Low         
[215.410s][info   ][gc,heap     ] GC(116) O:  Capacity:     8192M (100%)       8192M (100%)       8192M (100%)       8192M (100%)       8192M (100%)       8192M (100%)   
[215.410s][info   ][gc,heap     ] GC(116) O:      Free:     5054M (62%)        7866M (96%)        7866M (96%)        7866M (96%)        7956M (97%)        4966M (61%)    
[215.410s][info   ][gc,heap     ] GC(116) O:      Used:     3138M (38%)         326M (4%)          326M (4%)          326M (4%)         3226M (39%)         236M (3%)     
[215.410s][info   ][gc,heap     ] GC(116) O: Old Generation Statistics:
[215.410s][info   ][gc,heap     ] GC(116) O:                Mark Start          Mark End        Relocate Start      Relocate End    
[215.410s][info   ][gc,heap     ] GC(116) O:      Used:       72M (1%)           72M (1%)           72M (1%)           72M (1%)     
[215.410s][info   ][gc,heap     ] GC(116) O:      Live:         -                65M (1%)           65M (1%)           65M (1%)     
[215.410s][info   ][gc,heap     ] GC(116) O:   Garbage:         -                 6M (0%)            6M (0%)            6M (0%)     
[215.410s][info   ][gc,heap     ] GC(116) O: Allocated:         -                 0M (0%)            0M (0%)            0M (0%)     
[215.410s][info   ][gc,heap     ] GC(116) O: Reclaimed:         -                  -                 0M (0%)            0M (0%)     
[215.410s][info   ][gc,heap     ] GC(116) O: Compacted:         -                  -                  -                 0M (0%)     
[215.410s][info   ][gc,phases   ] GC(116) O: Old Generation 236M(3%)->326M(4%) 0.034s
[215.410s][info   ][gc          ] GC(116) Major Collection (Proactive) 3138M(38%)->326M(4%) 0.066s
[217.905s][info   ][gc          ] GC(117) Minor Collection (High Usage)
[217.905s][info   ][gc,task     ] GC(117) Using 1 Workers for Young Generation
[217.905s][info   ][gc,phases   ] GC(117) y: Young Generation
[217.905s][info   ][gc,phases   ] GC(117) y: Pause Mark Start 0.009ms
[217.924s][info   ][gc,phases   ] GC(117) y: Concurrent Mark 18.547ms
[217.924s][info   ][gc,phases   ] GC(117) y: Pause Mark End 0.010ms
[217.924s][info   ][gc,phases   ] GC(117) y: Concurrent Mark Free 0.000ms
[217.924s][info   ][gc,phases   ] GC(117) y: Concurrent Reset Relocation Set 0.002ms
[217.926s][info   ][gc,reloc    ] GC(117) y: Using tenuring threshold: 1 (Computed)
[217.926s][info   ][gc,phases   ] GC(117) y: Concurrent Select Relocation Set 1.900ms
[217.926s][info   ][gc,phases   ] GC(117) y: Pause Relocate Start 0.004ms
[217.926s][info   ][gc,phases   ] GC(117) y: Concurrent Relocate 0.457ms
[217.926s][info   ][gc,alloc    ] GC(117) y:                         Mark Start        Mark End      Relocate Start    Relocate End   
[217.926s][info   ][gc,alloc    ] GC(117) y: Allocation Stalls:          0                0                0                0         
[217.926s][info   ][gc,load     ] GC(117) y: Load: 2.22 (18%) / 1.47 (12%) / 1.47 (12%)
[217.926s][info   ][gc,mmu      ] GC(117) y: MMU: 2ms/98.5%, 5ms/99.4%, 10ms/99.7%, 20ms/99.8%, 50ms/99.9%, 100ms/99.9%
[217.926s][info   ][gc,marking  ] GC(117) y: Mark: 1 stripe(s), 2 proactive flush(es), 1 terminate flush(es), 0 completion(s), 0 continuation(s) 
[217.926s][info   ][gc,marking  ] GC(117) y: Mark Stack Usage: 32M
[217.926s][info   ][gc,nmethod  ] GC(117) y: NMethods: 383 registered, 110 unregistered
[217.926s][info   ][gc,metaspace] GC(117) y: Metaspace: 0M used, 0M committed, 1088M reserved
[217.926s][info   ][gc,reloc    ] GC(117) y:                        Candidates     Selected     In-Place         Size        Empty    Relocated 
[217.926s][info   ][gc,reloc    ] GC(117) y: Small Pages:                 3842            3            0        7684M        7612M           1M 
[217.926s][info   ][gc,reloc    ] GC(117) y: Medium Pages:                   0            0            0           0M           0M           0M 
[217.926s][info   ][gc,reloc    ] GC(117) y: Large Pages:                    0            0            0           0M           0M           0M 
[217.926s][info   ][gc,reloc    ] GC(117) y: Forwarding Usage: 0M
[217.926s][info   ][gc,reloc    ] GC(117) y: Age Table:
[217.927s][info   ][gc,reloc    ] GC(117) y:                    Live             Garbage             Small              Medium             Large        
[217.927s][info   ][gc,reloc    ] GC(117) y: Eden              63M (1%)         7554M (92%)       3809 / 3              0 / 0              0 / 0        
[217.927s][info   ][gc,reloc    ] GC(117) y: Survivor 1          -                66M (1%)          33 / 0              0 / 0              0 / 0        
[217.927s][info   ][gc,heap     ] GC(117) y: Min Capacity: 8192M(100%)
[217.927s][info   ][gc,heap     ] GC(117) y: Max Capacity: 8192M(100%)
[217.927s][info   ][gc,heap     ] GC(117) y: Soft Max Capacity: 8192M(100%)
[217.927s][info   ][gc,heap     ] GC(117) y: Heap Statistics:
[217.927s][info   ][gc,heap     ] GC(117) y:                Mark Start          Mark End        Relocate Start      Relocate End           High               Low         
[217.927s][info   ][gc,heap     ] GC(117) y:  Capacity:     8192M (100%)       8192M (100%)       8192M (100%)       8192M (100%)       8192M (100%)       8192M (100%)   
[217.927s][info   ][gc,heap     ] GC(117) y:      Free:      436M (5%)          372M (5%)         7982M (97%)        7988M (98%)        7988M (98%)         372M (5%)     
[217.927s][info   ][gc,heap     ] GC(117) y:      Used:     7756M (95%)        7820M (95%)         210M (3%)          204M (2%)         7820M (95%)         204M (2%)     
[217.927s][info   ][gc,heap     ] GC(117) y: Young Generation Statistics:
[217.927s][info   ][gc,heap     ] GC(117) y:                Mark Start          Mark End        Relocate Start      Relocate End    
[217.927s][info   ][gc,heap     ] GC(117) y:      Used:     7684M (94%)        7748M (95%)         138M (2%)          132M (2%)     
[217.927s][info   ][gc,heap     ] GC(117) y:      Live:         -                63M (1%)           63M (1%)           63M (1%)     
[217.927s][info   ][gc,heap     ] GC(117) y:   Garbage:         -              7620M (93%)           8M (0%)            1M (0%)     
[217.927s][info   ][gc,heap     ] GC(117) y: Allocated:         -                64M (1%)           66M (1%)           67M (1%)     
[217.927s][info   ][gc,heap     ] GC(117) y: Reclaimed:         -                  -              7612M (93%)        7619M (93%)    
[217.927s][info   ][gc,heap     ] GC(117) y:  Promoted:         -                  -                 0M (0%)            0M (0%)     
[217.927s][info   ][gc,heap     ] GC(117) y: Compacted:         -                  -                  -                 2M (0%)     
[217.927s][info   ][gc,phases   ] GC(117) y: Young Generation 7756M(95%)->204M(2%) 0.021s
[217.927s][info   ][gc          ] GC(117) Minor Collection (High Usage) 7754M(95%)->204M(2%) 0.021s
[219.306s][info   ][gc          ] GC(118) Major Collection (Proactive)
[219.306s][info   ][gc,task     ] GC(118) Using 1 Workers for Young Generation
[219.306s][info   ][gc,task     ] GC(118) Using 1 Workers for Old Generation
[219.306s][info   ][gc,phases   ] GC(118) Y: Young Generation
[219.306s][info   ][gc,phases   ] GC(118) Y: Pause Mark Start (Major) 0.011ms
[219.330s][info   ][gc,phases   ] GC(118) Y: Concurrent Mark 23.613ms
[219.330s][info   ][gc,phases   ] GC(118) Y: Pause Mark End 0.010ms
[219.330s][info   ][gc,phases   ] GC(118) Y: Concurrent Mark Free 0.000ms
[219.330s][info   ][gc,phases   ] GC(118) Y: Concurrent Reset Relocation Set 0.001ms
[219.331s][info   ][gc,reloc    ] GC(118) Y: Using tenuring threshold: 1 (Computed)
[219.331s][info   ][gc,phases   ] GC(118) Y: Concurrent Select Relocation Set 1.113ms
[219.331s][info   ][gc,phases   ] GC(118) Y: Pause Relocate Start 0.003ms
[219.331s][info   ][gc,phases   ] GC(118) Y: Concurrent Relocate 0.411ms
[219.331s][info   ][gc,alloc    ] GC(118) Y:                         Mark Start        Mark End      Relocate Start    Relocate End   
[219.331s][info   ][gc,alloc    ] GC(118) Y: Allocation Stalls:          0                0                0                0         
[219.331s][info   ][gc,load     ] GC(118) Y: Load: 2.20 (18%) / 1.48 (12%) / 1.48 (12%)
[219.331s][info   ][gc,mmu      ] GC(118) Y: MMU: 2ms/98.5%, 5ms/99.4%, 10ms/99.7%, 20ms/99.8%, 50ms/99.9%, 100ms/99.9%
[219.331s][info   ][gc,marking  ] GC(118) Y: Mark: 1 stripe(s), 1 proactive flush(es), 1 terminate flush(es), 0 completion(s), 0 continuation(s) 
[219.331s][info   ][gc,marking  ] GC(118) Y: Mark Stack Usage: 32M
[219.331s][info   ][gc,nmethod  ] GC(118) Y: NMethods: 383 registered, 110 unregistered
[219.331s][info   ][gc,metaspace] GC(118) Y: Metaspace: 0M used, 0M committed, 1088M reserved
[219.331s][info   ][gc,reloc    ] GC(118) Y:                        Candidates     Selected     In-Place         Size        Empty    Relocated 
[219.331s][info   ][gc,reloc    ] GC(118) Y: Small Pages:                 2118            3            0        4236M        4164M           2M 
[219.331s][info   ][gc,reloc    ] GC(118) Y: Medium Pages:                   0            0            0           0M           0M           0M 
[219.331s][info   ][gc,reloc    ] GC(118) Y: Large Pages:                    0            0            0           0M           0M           0M 
[219.331s][info   ][gc,reloc    ] GC(118) Y: Forwarding Usage: 0M
[219.331s][info   ][gc,reloc    ] GC(118) Y: Age Table:
[219.331s][info   ][gc,reloc    ] GC(118) Y:                    Live             Garbage             Small              Medium             Large        
[219.331s][info   ][gc,reloc    ] GC(118) Y: Eden              63M (1%)         4106M (50%)       2085 / 3              0 / 0              0 / 0        
[219.331s][info   ][gc,reloc    ] GC(118) Y: Survivor 1          -                66M (1%)          33 / 0              0 / 0              0 / 0        
[219.331s][info   ][gc,heap     ] GC(118) Y: Min Capacity: 8192M(100%)
[219.331s][info   ][gc,heap     ] GC(118) Y: Max Capacity: 8192M(100%)
[219.331s][info   ][gc,heap     ] GC(118) Y: Soft Max Capacity: 8192M(100%)
[219.331s][info   ][gc,heap     ] GC(118) Y: Heap Statistics:
[219.331s][info   ][gc,heap     ] GC(118) Y:                Mark Start          Mark End        Relocate Start      Relocate End           High               Low         
[219.331s][info   ][gc,heap     ] GC(118) Y:  Capacity:     8192M (100%)       8192M (100%)       8192M (100%)       8192M (100%)       8192M (100%)       8192M (100%)   
[219.331s][info   ][gc,heap     ] GC(118) Y:      Free:     3884M (47%)        3824M (47%)        7988M (98%)        7992M (98%)        7992M (98%)        3824M (47%)    
[219.331s][info   ][gc,heap     ] GC(118) Y:      Used:     4308M (53%)        4368M (53%)         204M (2%)          200M (2%)         4368M (53%)         200M (2%)     
[219.331s][info   ][gc,heap     ] GC(118) Y: Young Generation Statistics:
[219.331s][info   ][gc,heap     ] GC(118) Y:                Mark Start          Mark End        Relocate Start      Relocate End    
[219.331s][info   ][gc,heap     ] GC(118) Y:      Used:     4236M (52%)        4296M (52%)         132M (2%)          128M (2%)     
[219.331s][info   ][gc,heap     ] GC(118) Y:      Live:         -                63M (1%)           63M (1%)           63M (1%)     
[219.331s][info   ][gc,heap     ] GC(118) Y:   Garbage:         -              4172M (51%)           8M (0%)            2M (0%)     
[219.331s][info   ][gc,heap     ] GC(118) Y: Allocated:         -                60M (1%)           60M (1%)           62M (1%)     
[219.331s][info   ][gc,heap     ] GC(118) Y: Reclaimed:         -                  -              4164M (51%)        4170M (51%)    
[219.331s][info   ][gc,heap     ] GC(118) Y:  Promoted:         -                  -                 0M (0%)            0M (0%)     
[219.331s][info   ][gc,heap     ] GC(118) Y: Compacted:         -                  -                  -                 3M (0%)     
[219.331s][info   ][gc,phases   ] GC(118) Y: Young Generation 4308M(53%)->200M(2%) 0.025s
[219.331s][info   ][gc,phases   ] GC(118) O: Old Generation
[219.359s][info   ][gc,phases   ] GC(118) O: Concurrent Mark 28.134ms
[219.359s][info   ][gc,phases   ] GC(118) O: Pause Mark End 0.009ms
[219.359s][info   ][gc,phases   ] GC(118) O: Concurrent Mark Free 0.000ms
[219.360s][info   ][gc,phases   ] GC(118) O: Concurrent Process Non-Strong 0.557ms
[219.360s][info   ][gc,phases   ] GC(118) O: Concurrent Reset Relocation Set 0.000ms
[219.361s][info   ][gc,phases   ] GC(118) O: Concurrent Select Relocation Set 0.882ms
[219.361s][info   ][gc,task     ] GC(118) O: Using 2 Workers for Old Generation
[219.364s][info   ][gc,task     ] GC(118) O: Using 1 Workers for Old Generation
[219.364s][info   ][gc,phases   ] GC(118) O: Concurrent Remap Roots 3.005ms
[219.364s][info   ][gc,phases   ] GC(118) O: Pause Relocate Start 0.003ms
[219.364s][info   ][gc,phases   ] GC(118) O: Concurrent Relocate 0.023ms
[219.364s][info   ][gc,alloc    ] GC(118) O:                         Mark Start        Mark End      Relocate Start    Relocate End   
[219.364s][info   ][gc,alloc    ] GC(118) O: Allocation Stalls:          0                0                0                0         
[219.364s][info   ][gc,load     ] GC(118) O: Load: 2.20 (18%) / 1.48 (12%) / 1.48 (12%)
[219.364s][info   ][gc,mmu      ] GC(118) O: MMU: 2ms/98.5%, 5ms/99.4%, 10ms/99.7%, 20ms/99.8%, 50ms/99.9%, 100ms/99.9%
[219.364s][info   ][gc,marking  ] GC(118) O: Mark: 1 stripe(s), 2 proactive flush(es), 1 terminate flush(es), 0 completion(s), 0 continuation(s) 
[219.364s][info   ][gc,marking  ] GC(118) O: Mark Stack Usage: 32M
[219.364s][info   ][gc,nmethod  ] GC(118) O: NMethods: 383 registered, 110 unregistered
[219.364s][info   ][gc,metaspace] GC(118) O: Metaspace: 0M used, 0M committed, 1088M reserved
[219.364s][info   ][gc,ref      ] GC(118) O:                       Encountered   Discovered     Enqueued 
[219.364s][info   ][gc,ref      ] GC(118) O: Soft References:               64            0            0 
[219.364s][info   ][gc,ref      ] GC(118) O: Weak References:              217          165            0 
[219.364s][info   ][gc,ref      ] GC(118) O: Final References:               0            0            0 
[219.364s][info   ][gc,ref      ] GC(118) O: Phantom References:             5            3            0 
[219.364s][info   ][gc,reloc    ] GC(118) O:                        Candidates     Selected     In-Place         Size        Empty    Relocated 
[219.364s][info   ][gc,reloc    ] GC(118) O: Small Pages:                   36            0            0          72M           0M           0M 
[219.364s][info   ][gc,reloc    ] GC(118) O: Medium Pages:                   0            0            0           0M           0M           0M 
[219.364s][info   ][gc,reloc    ] GC(118) O: Large Pages:                    0            0            0           0M           0M           0M 
[219.364s][info   ][gc,reloc    ] GC(118) O: Forwarding Usage: 0M
[219.364s][info   ][gc,heap     ] GC(118) O: Min Capacity: 8192M(100%)
[219.364s][info   ][gc,heap     ] GC(118) O: Max Capacity: 8192M(100%)
[219.364s][info   ][gc,heap     ] GC(118) O: Soft Max Capacity: 8192M(100%)
[219.364s][info   ][gc,heap     ] GC(118) O: Heap Statistics:
[219.364s][info   ][gc,heap     ] GC(118) O:                Mark Start          Mark End        Relocate Start      Relocate End           High               Low         
[219.364s][info   ][gc,heap     ] GC(118) O:  Capacity:     8192M (100%)       8192M (100%)       8192M (100%)       8192M (100%)       8192M (100%)       8192M (100%)   
[219.364s][info   ][gc,heap     ] GC(118) O:      Free:     3884M (47%)        7904M (96%)        7878M (96%)        7878M (96%)        7992M (98%)        3824M (47%)    
[219.364s][info   ][gc,heap     ] GC(118) O:      Used:     4308M (53%)         288M (4%)          314M (4%)          314M (4%)         4368M (53%)         200M (2%)     
[219.364s][info   ][gc,heap     ] GC(118) O: Old Generation Statistics:
[219.364s][info   ][gc,heap     ] GC(118) O:                Mark Start          Mark End        Relocate Start      Relocate End    
[219.364s][info   ][gc,heap     ] GC(118) O:      Used:       72M (1%)           72M (1%)           72M (1%)           72M (1%)     
[219.364s][info   ][gc,heap     ] GC(118) O:      Live:         -                65M (1%)           65M (1%)           65M (1%)     
[219.364s][info   ][gc,heap     ] GC(118) O:   Garbage:         -                 6M (0%)            6M (0%)            6M (0%)     
[219.364s][info   ][gc,heap     ] GC(118) O: Allocated:         -                 0M (0%)            0M (0%)            0M (0%)     
[219.364s][info   ][gc,heap     ] GC(118) O: Reclaimed:         -                  -                 0M (0%)            0M (0%)     
[219.364s][info   ][gc,heap     ] GC(118) O: Compacted:         -                  -                  -                 0M (0%)     
[219.364s][info   ][gc,phases   ] GC(118) O: Old Generation 200M(2%)->314M(4%) 0.033s
[219.364s][info   ][gc          ] GC(118) Major Collection (Proactive) 4308M(53%)->314M(4%) 0.058s
[221.864s][info   ][gc          ] GC(119) Minor Collection (High Usage)
[221.864s][info   ][gc,task     ] GC(119) Using 1 Workers for Young Generation
[221.864s][info   ][gc,phases   ] GC(119) y: Young Generation
[221.864s][info   ][gc,phases   ] GC(119) y: Pause Mark Start 0.011ms
[221.887s][info   ][gc,phases   ] GC(119) y: Concurrent Mark 22.270ms
[221.887s][info   ][gc,phases   ] GC(119) y: Pause Mark End 0.016ms
[221.887s][info   ][gc,phases   ] GC(119) y: Concurrent Mark Free 0.000ms
[221.887s][info   ][gc,phases   ] GC(119) y: Concurrent Reset Relocation Set 0.002ms
[221.888s][info   ][gc,reloc    ] GC(119) y: Using tenuring threshold: 1 (Computed)
[221.888s][info   ][gc,phases   ] GC(119) y: Concurrent Select Relocation Set 1.352ms
[221.888s][info   ][gc,phases   ] GC(119) y: Pause Relocate Start 0.006ms
[221.889s][info   ][gc,phases   ] GC(119) y: Concurrent Relocate 1.101ms
[221.889s][info   ][gc,alloc    ] GC(119) y:                         Mark Start        Mark End      Relocate Start    Relocate End   
[221.889s][info   ][gc,alloc    ] GC(119) y: Allocation Stalls:          0                0                0                0         
[221.889s][info   ][gc,load     ] GC(119) y: Load: 2.20 (18%) / 1.48 (12%) / 1.48 (12%)
[221.889s][info   ][gc,mmu      ] GC(119) y: MMU: 2ms/98.5%, 5ms/99.4%, 10ms/99.7%, 20ms/99.8%, 50ms/99.9%, 100ms/99.9%
[221.889s][info   ][gc,marking  ] GC(119) y: Mark: 1 stripe(s), 2 proactive flush(es), 1 terminate flush(es), 0 completion(s), 0 continuation(s) 
[221.889s][info   ][gc,marking  ] GC(119) y: Mark Stack Usage: 32M
[221.889s][info   ][gc,nmethod  ] GC(119) y: NMethods: 383 registered, 110 unregistered
[221.889s][info   ][gc,metaspace] GC(119) y: Metaspace: 0M used, 0M committed, 1088M reserved
[221.889s][info   ][gc,reloc    ] GC(119) y:                        Candidates     Selected     In-Place         Size        Empty    Relocated 
[221.889s][info   ][gc,reloc    ] GC(119) y: Small Pages:                 3838            6            0        7676M        7598M           4M 
[221.889s][info   ][gc,reloc    ] GC(119) y: Medium Pages:                   0            0            0           0M           0M           0M 
[221.889s][info   ][gc,reloc    ] GC(119) y: Large Pages:                    0            0            0           0M           0M           0M 
[221.889s][info   ][gc,reloc    ] GC(119) y: Forwarding Usage: 0M
[221.889s][info   ][gc,reloc    ] GC(119) y: Age Table:
[221.889s][info   ][gc,reloc    ] GC(119) y:                    Live             Garbage             Small              Medium             Large        
[221.889s][info   ][gc,reloc    ] GC(119) y: Eden              63M (1%)         7546M (92%)       3805 / 6              0 / 0              0 / 0        
[221.889s][info   ][gc,reloc    ] GC(119) y: Survivor 1          -                66M (1%)          33 / 0              0 / 0              0 / 0        
[221.889s][info   ][gc,heap     ] GC(119) y: Min Capacity: 8192M(100%)
[221.889s][info   ][gc,heap     ] GC(119) y: Max Capacity: 8192M(100%)
[221.889s][info   ][gc,heap     ] GC(119) y: Soft Max Capacity: 8192M(100%)
[221.889s][info   ][gc,heap     ] GC(119) y: Heap Statistics:
[221.889s][info   ][gc,heap     ] GC(119) y:                Mark Start          Mark End        Relocate Start      Relocate End           High               Low         
[221.889s][info   ][gc,heap     ] GC(119) y:  Capacity:     8192M (100%)       8192M (100%)       8192M (100%)       8192M (100%)       8192M (100%)       8192M (100%)   
[221.889s][info   ][gc,heap     ] GC(119) y:      Free:      444M (5%)          378M (5%)         7976M (97%)        7988M (98%)        7988M (98%)         378M (5%)     
[221.889s][info   ][gc,heap     ] GC(119) y:      Used:     7748M (95%)        7814M (95%)         216M (3%)          204M (2%)         7814M (95%)         204M (2%)     
[221.889s][info   ][gc,heap     ] GC(119) y: Young Generation Statistics:
[221.889s][info   ][gc,heap     ] GC(119) y:                Mark Start          Mark End        Relocate Start      Relocate End    
[221.889s][info   ][gc,heap     ] GC(119) y:      Used:     7676M (94%)        7742M (95%)         144M (2%)          132M (2%)     
[221.889s][info   ][gc,heap     ] GC(119) y:      Live:         -                63M (1%)           63M (1%)           63M (1%)     
[221.889s][info   ][gc,heap     ] GC(119) y:   Garbage:         -              7612M (93%)          14M (0%)            0M (0%)     
[221.889s][info   ][gc,heap     ] GC(119) y: Allocated:         -                66M (1%)           66M (1%)           67M (1%)     
[221.889s][info   ][gc,heap     ] GC(119) y: Reclaimed:         -                  -              7598M (93%)        7611M (93%)    
[221.889s][info   ][gc,heap     ] GC(119) y:  Promoted:         -                  -                 0M (0%)            0M (0%)     
[221.889s][info   ][gc,heap     ] GC(119) y: Compacted:         -                  -                  -                 8M (0%)     
[221.889s][info   ][gc,phases   ] GC(119) y: Young Generation 7748M(95%)->204M(2%) 0.025s
[221.890s][info   ][gc          ] GC(119) Minor Collection (High Usage) 7748M(95%)->204M(2%) 0.025s
[222.794s][info   ][gc          ] GC(120) Major Collection (Proactive)
[222.794s][info   ][gc,task     ] GC(120) Using 1 Workers for Young Generation
[222.794s][info   ][gc,task     ] GC(120) Using 1 Workers for Old Generation
[222.794s][info   ][gc,phases   ] GC(120) Y: Young Generation
[222.795s][info   ][gc,phases   ] GC(120) Y: Pause Mark Start (Major) 0.014ms
[222.820s][info   ][gc,phases   ] GC(120) Y: Concurrent Mark 25.127ms
[222.820s][info   ][gc,phases   ] GC(120) Y: Pause Mark End 0.013ms
[222.820s][info   ][gc,phases   ] GC(120) Y: Concurrent Mark Free 0.000ms
[222.820s][info   ][gc,phases   ] GC(120) Y: Concurrent Reset Relocation Set 0.002ms
[222.821s][info   ][gc,reloc    ] GC(120) Y: Using tenuring threshold: 1 (Computed)
[222.821s][info   ][gc,phases   ] GC(120) Y: Concurrent Select Relocation Set 1.187ms
[222.821s][info   ][gc,phases   ] GC(120) Y: Pause Relocate Start 0.005ms
[222.822s][info   ][gc,phases   ] GC(120) Y: Concurrent Relocate 0.420ms
[222.822s][info   ][gc,alloc    ] GC(120) Y:                         Mark Start        Mark End      Relocate Start    Relocate End   
[222.822s][info   ][gc,alloc    ] GC(120) Y: Allocation Stalls:          0                0                0                0         
[222.822s][info   ][gc,load     ] GC(120) Y: Load: 2.20 (18%) / 1.48 (12%) / 1.48 (12%)
[222.822s][info   ][gc,mmu      ] GC(120) Y: MMU: 2ms/98.5%, 5ms/99.4%, 10ms/99.7%, 20ms/99.8%, 50ms/99.9%, 100ms/99.9%
[222.822s][info   ][gc,marking  ] GC(120) Y: Mark: 1 stripe(s), 2 proactive flush(es), 1 terminate flush(es), 0 completion(s), 0 continuation(s) 
[222.822s][info   ][gc,marking  ] GC(120) Y: Mark Stack Usage: 32M
[222.822s][info   ][gc,nmethod  ] GC(120) Y: NMethods: 383 registered, 110 unregistered
[222.822s][info   ][gc,metaspace] GC(120) Y: Metaspace: 0M used, 0M committed, 1088M reserved
[222.822s][info   ][gc,reloc    ] GC(120) Y:                        Candidates     Selected     In-Place         Size        Empty    Relocated 
[222.822s][info   ][gc,reloc    ] GC(120) Y: Small Pages:                 1417            3            0        2834M        2762M           2M 
[222.822s][info   ][gc,reloc    ] GC(120) Y: Medium Pages:                   0            0            0           0M           0M           0M 
[222.822s][info   ][gc,reloc    ] GC(120) Y: Large Pages:                    0            0            0           0M           0M           0M 
[222.822s][info   ][gc,reloc    ] GC(120) Y: Forwarding Usage: 0M
[222.822s][info   ][gc,reloc    ] GC(120) Y: Age Table:
[222.822s][info   ][gc,reloc    ] GC(120) Y:                    Live             Garbage             Small              Medium             Large        
[222.822s][info   ][gc,reloc    ] GC(120) Y: Eden              63M (1%)         2704M (33%)       1384 / 3              0 / 0              0 / 0        
[222.822s][info   ][gc,reloc    ] GC(120) Y: Survivor 1          -                66M (1%)          33 / 0              0 / 0              0 / 0        
[222.822s][info   ][gc,heap     ] GC(120) Y: Min Capacity: 8192M(100%)
[222.822s][info   ][gc,heap     ] GC(120) Y: Max Capacity: 8192M(100%)
[222.822s][info   ][gc,heap     ] GC(120) Y: Soft Max Capacity: 8192M(100%)
[222.822s][info   ][gc,heap     ] GC(120) Y: Heap Statistics:
[222.822s][info   ][gc,heap     ] GC(120) Y:                Mark Start          Mark End        Relocate Start      Relocate End           High               Low         
[222.822s][info   ][gc,heap     ] GC(120) Y:  Capacity:     8192M (100%)       8192M (100%)       8192M (100%)       8192M (100%)       8192M (100%)       8192M (100%)   
[222.822s][info   ][gc,heap     ] GC(120) Y:      Free:     5286M (65%)        5222M (64%)        7984M (97%)        7986M (97%)        7986M (97%)        5222M (64%)    
[222.822s][info   ][gc,heap     ] GC(120) Y:      Used:     2906M (35%)        2970M (36%)         208M (3%)          206M (3%)         2970M (36%)         206M (3%)     
[222.822s][info   ][gc,heap     ] GC(120) Y: Young Generation Statistics:
[222.822s][info   ][gc,heap     ] GC(120) Y:                Mark Start          Mark End        Relocate Start      Relocate End    
[222.822s][info   ][gc,heap     ] GC(120) Y:      Used:     2834M (35%)        2898M (35%)         136M (2%)          134M (2%)     
[222.822s][info   ][gc,heap     ] GC(120) Y:      Live:         -                63M (1%)           63M (1%)           63M (1%)     
[222.822s][info   ][gc,heap     ] GC(120) Y:   Garbage:         -              2770M (34%)           8M (0%)            1M (0%)     
[222.822s][info   ][gc,heap     ] GC(120) Y: Allocated:         -                64M (1%)           64M (1%)           69M (1%)     
[222.822s][info   ][gc,heap     ] GC(120) Y: Reclaimed:         -                  -              2762M (34%)        2769M (34%)    
[222.822s][info   ][gc,heap     ] GC(120) Y:  Promoted:         -                  -                 0M (0%)            0M (0%)     
[222.822s][info   ][gc,heap     ] GC(120) Y: Compacted:         -                  -                  -                 2M (0%)     
[222.822s][info   ][gc,phases   ] GC(120) Y: Young Generation 2906M(35%)->206M(3%) 0.027s
[222.822s][info   ][gc,phases   ] GC(120) O: Old Generation
[222.853s][info   ][gc,phases   ] GC(120) O: Concurrent Mark 31.286ms
[222.853s][info   ][gc,phases   ] GC(120) O: Pause Mark End 0.010ms
[222.853s][info   ][gc,phases   ] GC(120) O: Concurrent Mark Free 0.000ms
[222.854s][info   ][gc,phases   ] GC(120) O: Concurrent Process Non-Strong 0.610ms
[222.854s][info   ][gc,phases   ] GC(120) O: Concurrent Reset Relocation Set 0.000ms
[222.855s][info   ][gc,phases   ] GC(120) O: Concurrent Select Relocation Set 0.889ms
[222.855s][info   ][gc,task     ] GC(120) O: Using 2 Workers for Old Generation
[222.857s][info   ][gc,task     ] GC(120) O: Using 1 Workers for Old Generation
[222.857s][info   ][gc,phases   ] GC(120) O: Concurrent Remap Roots 2.885ms
[222.857s][info   ][gc,phases   ] GC(120) O: Pause Relocate Start 0.004ms
[222.857s][info   ][gc,phases   ] GC(120) O: Concurrent Relocate 0.009ms
[222.858s][info   ][gc,alloc    ] GC(120) O:                         Mark Start        Mark End      Relocate Start    Relocate End   
[222.858s][info   ][gc,alloc    ] GC(120) O: Allocation Stalls:          0                0                0                0         
[222.858s][info   ][gc,load     ] GC(120) O: Load: 2.20 (18%) / 1.48 (12%) / 1.48 (12%)
[222.858s][info   ][gc,mmu      ] GC(120) O: MMU: 2ms/98.5%, 5ms/99.4%, 10ms/99.7%, 20ms/99.8%, 50ms/99.9%, 100ms/99.9%
[222.858s][info   ][gc,marking  ] GC(120) O: Mark: 1 stripe(s), 2 proactive flush(es), 1 terminate flush(es), 0 completion(s), 0 continuation(s) 
[222.858s][info   ][gc,marking  ] GC(120) O: Mark Stack Usage: 32M
[222.858s][info   ][gc,nmethod  ] GC(120) O: NMethods: 383 registered, 110 unregistered
[222.858s][info   ][gc,metaspace] GC(120) O: Metaspace: 0M used, 0M committed, 1088M reserved
[222.858s][info   ][gc,ref      ] GC(120) O:                       Encountered   Discovered     Enqueued 
[222.858s][info   ][gc,ref      ] GC(120) O: Soft References:               64            0            0 
[222.858s][info   ][gc,ref      ] GC(120) O: Weak References:              217          165            0 
[222.858s][info   ][gc,ref      ] GC(120) O: Final References:               0            0            0 
[222.858s][info   ][gc,ref      ] GC(120) O: Phantom References:             5            3            0 
[222.858s][info   ][gc,reloc    ] GC(120) O:                        Candidates     Selected     In-Place         Size        Empty    Relocated 
[222.858s][info   ][gc,reloc    ] GC(120) O: Small Pages:                   36            0            0          72M           0M           0M 
[222.858s][info   ][gc,reloc    ] GC(120) O: Medium Pages:                   0            0            0           0M           0M           0M 
[222.858s][info   ][gc,reloc    ] GC(120) O: Large Pages:                    0            0            0           0M           0M           0M 
[222.858s][info   ][gc,reloc    ] GC(120) O: Forwarding Usage: 0M
[222.858s][info   ][gc,heap     ] GC(120) O: Min Capacity: 8192M(100%)
[222.858s][info   ][gc,heap     ] GC(120) O: Max Capacity: 8192M(100%)
[222.858s][info   ][gc,heap     ] GC(120) O: Soft Max Capacity: 8192M(100%)
[222.858s][info   ][gc,heap     ] GC(120) O: Heap Statistics:
[222.858s][info   ][gc,heap     ] GC(120) O:                Mark Start          Mark End        Relocate Start      Relocate End           High               Low         
[222.858s][info   ][gc,heap     ] GC(120) O:  Capacity:     8192M (100%)       8192M (100%)       8192M (100%)       8192M (100%)       8192M (100%)       8192M (100%)   
[222.858s][info   ][gc,heap     ] GC(120) O:      Free:     5286M (65%)        7880M (96%)        7868M (96%)        7868M (96%)        7986M (97%)        5222M (64%)    
[222.858s][info   ][gc,heap     ] GC(120) O:      Used:     2906M (35%)         312M (4%)          324M (4%)          324M (4%)         2970M (36%)         206M (3%)     
[222.858s][info   ][gc,heap     ] GC(120) O: Old Generation Statistics:
[222.858s][info   ][gc,heap     ] GC(120) O:                Mark Start          Mark End        Relocate Start      Relocate End    
[222.858s][info   ][gc,heap     ] GC(120) O:      Used:       72M (1%)           72M (1%)           72M (1%)           72M (1%)     
[222.858s][info   ][gc,heap     ] GC(120) O:      Live:         -                65M (1%)           65M (1%)           65M (1%)     
[222.858s][info   ][gc,heap     ] GC(120) O:   Garbage:         -                 6M (0%)            6M (0%)            6M (0%)     
[222.858s][info   ][gc,heap     ] GC(120) O: Allocated:         -                 0M (0%)            0M (0%)            0M (0%)     
[222.858s][info   ][gc,heap     ] GC(120) O: Reclaimed:         -                  -                 0M (0%)            0M (0%)     
[222.858s][info   ][gc,heap     ] GC(120) O: Compacted:         -                  -                  -                 0M (0%)     
[222.858s][info   ][gc,phases   ] GC(120) O: Old Generation 208M(3%)->324M(4%) 0.036s
[222.858s][info   ][gc          ] GC(120) Major Collection (Proactive) 2906M(35%)->324M(4%) 0.063s
[225.356s][info   ][gc          ] GC(121) Minor Collection (High Usage)
[225.356s][info   ][gc,task     ] GC(121) Using 1 Workers for Young Generation
[225.356s][info   ][gc,phases   ] GC(121) y: Young Generation
[225.356s][info   ][gc,phases   ] GC(121) y: Pause Mark Start 0.009ms
[225.375s][info   ][gc,phases   ] GC(121) y: Concurrent Mark 18.939ms
[225.375s][info   ][gc,phases   ] GC(121) y: Pause Mark End 0.013ms
[225.375s][info   ][gc,phases   ] GC(121) y: Concurrent Mark Free 0.000ms
[225.375s][info   ][gc,phases   ] GC(121) y: Concurrent Reset Relocation Set 0.002ms
[225.377s][info   ][gc,reloc    ] GC(121) y: Using tenuring threshold: 1 (Computed)
[225.377s][info   ][gc,phases   ] GC(121) y: Concurrent Select Relocation Set 1.402ms
[225.377s][info   ][gc,phases   ] GC(121) y: Pause Relocate Start 0.007ms
[225.377s][info   ][gc,phases   ] GC(121) y: Concurrent Relocate 0.197ms
[225.377s][info   ][gc,alloc    ] GC(121) y:                         Mark Start        Mark End      Relocate Start    Relocate End   
[225.377s][info   ][gc,alloc    ] GC(121) y: Allocation Stalls:          0                0                0                0         
[225.377s][info   ][gc,load     ] GC(121) y: Load: 2.50 (21%) / 1.55 (13%) / 1.50 (13%)
[225.377s][info   ][gc,mmu      ] GC(121) y: MMU: 2ms/98.5%, 5ms/99.4%, 10ms/99.7%, 20ms/99.8%, 50ms/99.9%, 100ms/99.9%
[225.377s][info   ][gc,marking  ] GC(121) y: Mark: 1 stripe(s), 1 proactive flush(es), 1 terminate flush(es), 0 completion(s), 0 continuation(s) 
[225.377s][info   ][gc,marking  ] GC(121) y: Mark Stack Usage: 32M
[225.377s][info   ][gc,nmethod  ] GC(121) y: NMethods: 383 registered, 110 unregistered
[225.377s][info   ][gc,metaspace] GC(121) y: Metaspace: 0M used, 0M committed, 1088M reserved
[225.377s][info   ][gc,reloc    ] GC(121) y:                        Candidates     Selected     In-Place         Size        Empty    Relocated 
[225.377s][info   ][gc,reloc    ] GC(121) y: Small Pages:                 3843            3            0        7686M        7614M           1M 
[225.377s][info   ][gc,reloc    ] GC(121) y: Medium Pages:                   0            0            0           0M           0M           0M 
[225.377s][info   ][gc,reloc    ] GC(121) y: Large Pages:                    0            0            0           0M           0M           0M 
[225.377s][info   ][gc,reloc    ] GC(121) y: Forwarding Usage: 0M
[225.377s][info   ][gc,reloc    ] GC(121) y: Age Table:
[225.377s][info   ][gc,reloc    ] GC(121) y:                    Live             Garbage             Small              Medium             Large        
[225.377s][info   ][gc,reloc    ] GC(121) y: Eden              63M (1%)         7554M (92%)       3809 / 3              0 / 0              0 / 0        
[225.377s][info   ][gc,reloc    ] GC(121) y: Survivor 1          -                68M (1%)          34 / 0              0 / 0              0 / 0        
[225.377s][info   ][gc,heap     ] GC(121) y: Min Capacity: 8192M(100%)
[225.377s][info   ][gc,heap     ] GC(121) y: Max Capacity: 8192M(100%)
[225.377s][info   ][gc,heap     ] GC(121) y: Soft Max Capacity: 8192M(100%)
[225.377s][info   ][gc,heap     ] GC(121) y: Heap Statistics:
[225.377s][info   ][gc,heap     ] GC(121) y:                Mark Start          Mark End        Relocate Start      Relocate End           High               Low         
[225.377s][info   ][gc,heap     ] GC(121) y:  Capacity:     8192M (100%)       8192M (100%)       8192M (100%)       8192M (100%)       8192M (100%)       8192M (100%)   
[225.377s][info   ][gc,heap     ] GC(121) y:      Free:      434M (5%)          374M (5%)         7988M (98%)        7994M (98%)        7994M (98%)         374M (5%)     
[225.377s][info   ][gc,heap     ] GC(121) y:      Used:     7758M (95%)        7818M (95%)         204M (2%)          198M (2%)         7818M (95%)         198M (2%)     
[225.377s][info   ][gc,heap     ] GC(121) y: Young Generation Statistics:
[225.377s][info   ][gc,heap     ] GC(121) y:                Mark Start          Mark End        Relocate Start      Relocate End    
[225.377s][info   ][gc,heap     ] GC(121) y:      Used:     7686M (94%)        7746M (95%)         132M (2%)          126M (2%)     
[225.377s][info   ][gc,heap     ] GC(121) y:      Live:         -                63M (1%)           63M (1%)           63M (1%)     
[225.377s][info   ][gc,heap     ] GC(121) y:   Garbage:         -              7622M (93%)           8M (0%)            2M (0%)     
[225.377s][info   ][gc,heap     ] GC(121) y: Allocated:         -                60M (1%)           60M (1%)           60M (1%)     
[225.377s][info   ][gc,heap     ] GC(121) y: Reclaimed:         -                  -              7614M (93%)        7620M (93%)    
[225.377s][info   ][gc,heap     ] GC(121) y:  Promoted:         -                  -                 0M (0%)            0M (0%)     
[225.377s][info   ][gc,heap     ] GC(121) y: Compacted:         -                  -                  -                 1M (0%)     
[225.377s][info   ][gc,phases   ] GC(121) y: Young Generation 7758M(95%)->198M(2%) 0.021s
[225.377s][info   ][gc          ] GC(121) Minor Collection (High Usage) 7758M(95%)->198M(2%) 0.021s
[226.486s][info   ][gc          ] GC(122) Major Collection (Proactive)
[226.486s][info   ][gc,task     ] GC(122) Using 1 Workers for Young Generation
[226.486s][info   ][gc,task     ] GC(122) Using 1 Workers for Old Generation
[226.486s][info   ][gc,phases   ] GC(122) Y: Young Generation
[226.486s][info   ][gc,phases   ] GC(122) Y: Pause Mark Start (Major) 0.015ms
[226.514s][info   ][gc,phases   ] GC(122) Y: Concurrent Mark 27.713ms
[226.514s][info   ][gc,phases   ] GC(122) Y: Pause Mark End 0.012ms
[226.514s][info   ][gc,phases   ] GC(122) Y: Concurrent Mark Free 0.001ms
[226.514s][info   ][gc,phases   ] GC(122) Y: Concurrent Reset Relocation Set 0.002ms
[226.515s][info   ][gc,reloc    ] GC(122) Y: Using tenuring threshold: 1 (Computed)
[226.515s][info   ][gc,phases   ] GC(122) Y: Concurrent Select Relocation Set 1.152ms
[226.515s][info   ][gc,phases   ] GC(122) Y: Pause Relocate Start 0.012ms
[226.516s][info   ][gc,phases   ] GC(122) Y: Concurrent Relocate 0.497ms
[226.516s][info   ][gc,alloc    ] GC(122) Y:                         Mark Start        Mark End      Relocate Start    Relocate End   
[226.516s][info   ][gc,alloc    ] GC(122) Y: Allocation Stalls:          0                0                0                0         
[226.516s][info   ][gc,load     ] GC(122) Y: Load: 2.50 (21%) / 1.55 (13%) / 1.50 (13%)
[226.516s][info   ][gc,mmu      ] GC(122) Y: MMU: 2ms/98.5%, 5ms/99.4%, 10ms/99.7%, 20ms/99.8%, 50ms/99.9%, 100ms/99.9%
[226.516s][info   ][gc,marking  ] GC(122) Y: Mark: 1 stripe(s), 2 proactive flush(es), 1 terminate flush(es), 0 completion(s), 0 continuation(s) 
[226.516s][info   ][gc,marking  ] GC(122) Y: Mark Stack Usage: 32M
[226.516s][info   ][gc,nmethod  ] GC(122) Y: NMethods: 383 registered, 110 unregistered
[226.516s][info   ][gc,metaspace] GC(122) Y: Metaspace: 0M used, 0M committed, 1088M reserved
[226.516s][info   ][gc,reloc    ] GC(122) Y:                        Candidates     Selected     In-Place         Size        Empty    Relocated 
[226.516s][info   ][gc,reloc    ] GC(122) Y: Small Pages:                 1713            3            0        3426M        3354M           2M 
[226.516s][info   ][gc,reloc    ] GC(122) Y: Medium Pages:                   0            0            0           0M           0M           0M 
[226.516s][info   ][gc,reloc    ] GC(122) Y: Large Pages:                    0            0            0           0M           0M           0M 
[226.516s][info   ][gc,reloc    ] GC(122) Y: Forwarding Usage: 0M
[226.516s][info   ][gc,reloc    ] GC(122) Y: Age Table:
[226.516s][info   ][gc,reloc    ] GC(122) Y:                    Live             Garbage             Small              Medium             Large        
[226.516s][info   ][gc,reloc    ] GC(122) Y: Eden              63M (1%)         3296M (40%)       1680 / 3              0 / 0              0 / 0        
[226.516s][info   ][gc,reloc    ] GC(122) Y: Survivor 1          -                66M (1%)          33 / 0              0 / 0              0 / 0        
[226.516s][info   ][gc,heap     ] GC(122) Y: Min Capacity: 8192M(100%)
[226.516s][info   ][gc,heap     ] GC(122) Y: Max Capacity: 8192M(100%)
[226.516s][info   ][gc,heap     ] GC(122) Y: Soft Max Capacity: 8192M(100%)
[226.516s][info   ][gc,heap     ] GC(122) Y: Heap Statistics:
[226.516s][info   ][gc,heap     ] GC(122) Y:                Mark Start          Mark End        Relocate Start      Relocate End           High               Low         
[226.516s][info   ][gc,heap     ] GC(122) Y:  Capacity:     8192M (100%)       8192M (100%)       8192M (100%)       8192M (100%)       8192M (100%)       8192M (100%)   
[226.516s][info   ][gc,heap     ] GC(122) Y:      Free:     4694M (57%)        4610M (56%)        7958M (97%)        7962M (97%)        7962M (97%)        4610M (56%)    
[226.516s][info   ][gc,heap     ] GC(122) Y:      Used:     3498M (43%)        3582M (44%)         234M (3%)          230M (3%)         3582M (44%)         230M (3%)     
[226.516s][info   ][gc,heap     ] GC(122) Y: Young Generation Statistics:
[226.516s][info   ][gc,heap     ] GC(122) Y:                Mark Start          Mark End        Relocate Start      Relocate End    
[226.516s][info   ][gc,heap     ] GC(122) Y:      Used:     3426M (42%)        3510M (43%)         162M (2%)          158M (2%)     
[226.516s][info   ][gc,heap     ] GC(122) Y:      Live:         -                63M (1%)           63M (1%)           63M (1%)     
[226.516s][info   ][gc,heap     ] GC(122) Y:   Garbage:         -              3362M (41%)           8M (0%)            1M (0%)     
[226.516s][info   ][gc,heap     ] GC(122) Y: Allocated:         -                84M (1%)           90M (1%)           92M (1%)     
[226.516s][info   ][gc,heap     ] GC(122) Y: Reclaimed:         -                  -              3354M (41%)        3360M (41%)    
[226.516s][info   ][gc,heap     ] GC(122) Y:  Promoted:         -                  -                 0M (0%)            0M (0%)     
[226.516s][info   ][gc,heap     ] GC(122) Y: Compacted:         -                  -                  -                 3M (0%)     
[226.516s][info   ][gc,phases   ] GC(122) Y: Young Generation 3498M(43%)->230M(3%) 0.030s
[226.516s][info   ][gc,phases   ] GC(122) O: Old Generation
[226.544s][info   ][gc,phases   ] GC(122) O: Concurrent Mark 28.417ms
[226.544s][info   ][gc,phases   ] GC(122) O: Pause Mark End 0.009ms
[226.544s][info   ][gc,phases   ] GC(122) O: Concurrent Mark Free 0.000ms
[226.545s][info   ][gc,phases   ] GC(122) O: Concurrent Process Non-Strong 0.537ms
[226.545s][info   ][gc,phases   ] GC(122) O: Concurrent Reset Relocation Set 0.000ms
[226.546s][info   ][gc,phases   ] GC(122) O: Concurrent Select Relocation Set 0.894ms
[226.546s][info   ][gc,task     ] GC(122) O: Using 2 Workers for Old Generation
[226.549s][info   ][gc,task     ] GC(122) O: Using 1 Workers for Old Generation
[226.549s][info   ][gc,phases   ] GC(122) O: Concurrent Remap Roots 2.787ms
[226.549s][info   ][gc,phases   ] GC(122) O: Pause Relocate Start 0.003ms
[226.549s][info   ][gc,phases   ] GC(122) O: Concurrent Relocate 0.009ms
[226.549s][info   ][gc,alloc    ] GC(122) O:                         Mark Start        Mark End      Relocate Start    Relocate End   
[226.549s][info   ][gc,alloc    ] GC(122) O: Allocation Stalls:          0                0                0                0         
[226.549s][info   ][gc,load     ] GC(122) O: Load: 2.50 (21%) / 1.55 (13%) / 1.50 (13%)
[226.549s][info   ][gc,mmu      ] GC(122) O: MMU: 2ms/98.5%, 5ms/99.4%, 10ms/99.7%, 20ms/99.8%, 50ms/99.9%, 100ms/99.9%
[226.549s][info   ][gc,marking  ] GC(122) O: Mark: 1 stripe(s), 2 proactive flush(es), 1 terminate flush(es), 0 completion(s), 0 continuation(s) 
[226.549s][info   ][gc,marking  ] GC(122) O: Mark Stack Usage: 32M
[226.549s][info   ][gc,nmethod  ] GC(122) O: NMethods: 383 registered, 110 unregistered
[226.549s][info   ][gc,metaspace] GC(122) O: Metaspace: 0M used, 0M committed, 1088M reserved
[226.549s][info   ][gc,ref      ] GC(122) O:                       Encountered   Discovered     Enqueued 
[226.549s][info   ][gc,ref      ] GC(122) O: Soft References:               64            0            0 
[226.549s][info   ][gc,ref      ] GC(122) O: Weak References:              217          165            0 
[226.549s][info   ][gc,ref      ] GC(122) O: Final References:               0            0            0 
[226.549s][info   ][gc,ref      ] GC(122) O: Phantom References:             5            3            0 
[226.549s][info   ][gc,reloc    ] GC(122) O:                        Candidates     Selected     In-Place         Size        Empty    Relocated 
[226.549s][info   ][gc,reloc    ] GC(122) O: Small Pages:                   36            0            0          72M           0M           0M 
[226.549s][info   ][gc,reloc    ] GC(122) O: Medium Pages:                   0            0            0           0M           0M           0M 
[226.549s][info   ][gc,reloc    ] GC(122) O: Large Pages:                    0            0            0           0M           0M           0M 
[226.549s][info   ][gc,reloc    ] GC(122) O: Forwarding Usage: 0M
[226.549s][info   ][gc,heap     ] GC(122) O: Min Capacity: 8192M(100%)
[226.549s][info   ][gc,heap     ] GC(122) O: Max Capacity: 8192M(100%)
[226.549s][info   ][gc,heap     ] GC(122) O: Soft Max Capacity: 8192M(100%)
[226.549s][info   ][gc,heap     ] GC(122) O: Heap Statistics:
[226.549s][info   ][gc,heap     ] GC(122) O:                Mark Start          Mark End        Relocate Start      Relocate End           High               Low         
[226.549s][info   ][gc,heap     ] GC(122) O:  Capacity:     8192M (100%)       8192M (100%)       8192M (100%)       8192M (100%)       8192M (100%)       8192M (100%)   
[226.549s][info   ][gc,heap     ] GC(122) O:      Free:     4694M (57%)        7872M (96%)        7870M (96%)        7870M (96%)        7962M (97%)        4610M (56%)    
[226.549s][info   ][gc,heap     ] GC(122) O:      Used:     3498M (43%)         320M (4%)          322M (4%)          322M (4%)         3582M (44%)         230M (3%)     
[226.549s][info   ][gc,heap     ] GC(122) O: Old Generation Statistics:
[226.549s][info   ][gc,heap     ] GC(122) O:                Mark Start          Mark End        Relocate Start      Relocate End    
[226.549s][info   ][gc,heap     ] GC(122) O:      Used:       72M (1%)           72M (1%)           72M (1%)           72M (1%)     
[226.549s][info   ][gc,heap     ] GC(122) O:      Live:         -                65M (1%)           65M (1%)           65M (1%)     
[226.549s][info   ][gc,heap     ] GC(122) O:   Garbage:         -                 6M (0%)            6M (0%)            6M (0%)     
[226.549s][info   ][gc,heap     ] GC(122) O: Allocated:         -                 0M (0%)            0M (0%)            0M (0%)     
[226.549s][info   ][gc,heap     ] GC(122) O: Reclaimed:         -                  -                 0M (0%)            0M (0%)     
[226.549s][info   ][gc,heap     ] GC(122) O: Compacted:         -                  -                  -                 0M (0%)     
[226.549s][info   ][gc,phases   ] GC(122) O: Old Generation 230M(3%)->322M(4%) 0.033s
[226.549s][info   ][gc          ] GC(122) Major Collection (Proactive) 3498M(43%)->322M(4%) 0.063s
[229.054s][info   ][gc          ] GC(123) Minor Collection (High Usage)
[229.054s][info   ][gc,task     ] GC(123) Using 1 Workers for Young Generation
[229.054s][info   ][gc,phases   ] GC(123) y: Young Generation
[229.054s][info   ][gc,phases   ] GC(123) y: Pause Mark Start 0.011ms
[229.075s][info   ][gc,phases   ] GC(123) y: Concurrent Mark 20.118ms
[229.075s][info   ][gc,phases   ] GC(123) y: Pause Mark End 0.016ms
[229.075s][info   ][gc,phases   ] GC(123) y: Concurrent Mark Free 0.000ms
[229.075s][info   ][gc,phases   ] GC(123) y: Concurrent Reset Relocation Set 0.002ms
[229.076s][info   ][gc,reloc    ] GC(123) y: Using tenuring threshold: 1 (Computed)
[229.076s][info   ][gc,phases   ] GC(123) y: Concurrent Select Relocation Set 1.423ms
[229.076s][info   ][gc,phases   ] GC(123) y: Pause Relocate Start 0.004ms
[229.076s][info   ][gc,phases   ] GC(123) y: Concurrent Relocate 0.186ms
[229.076s][info   ][gc,alloc    ] GC(123) y:                         Mark Start        Mark End      Relocate Start    Relocate End   
[229.076s][info   ][gc,alloc    ] GC(123) y: Allocation Stalls:          0                0                0                0         
[229.076s][info   ][gc,load     ] GC(123) y: Load: 2.30 (19%) / 1.52 (13%) / 1.49 (12%)
[229.076s][info   ][gc,mmu      ] GC(123) y: MMU: 2ms/98.5%, 5ms/99.4%, 10ms/99.7%, 20ms/99.8%, 50ms/99.9%, 100ms/99.9%
[229.076s][info   ][gc,marking  ] GC(123) y: Mark: 1 stripe(s), 2 proactive flush(es), 1 terminate flush(es), 0 completion(s), 0 continuation(s) 
[229.076s][info   ][gc,marking  ] GC(123) y: Mark Stack Usage: 32M
[229.076s][info   ][gc,nmethod  ] GC(123) y: NMethods: 383 registered, 110 unregistered
[229.076s][info   ][gc,metaspace] GC(123) y: Metaspace: 0M used, 0M committed, 1088M reserved
[229.076s][info   ][gc,reloc    ] GC(123) y:                        Candidates     Selected     In-Place         Size        Empty    Relocated 
[229.076s][info   ][gc,reloc    ] GC(123) y: Small Pages:                 3853            2            0        7706M        7634M           1M 
[229.076s][info   ][gc,reloc    ] GC(123) y: Medium Pages:                   0            0            0           0M           0M           0M 
[229.076s][info   ][gc,reloc    ] GC(123) y: Large Pages:                    0            0            0           0M           0M           0M 
[229.076s][info   ][gc,reloc    ] GC(123) y: Forwarding Usage: 0M
[229.076s][info   ][gc,reloc    ] GC(123) y: Age Table:
[229.076s][info   ][gc,reloc    ] GC(123) y:                    Live             Garbage             Small              Medium             Large        
[229.076s][info   ][gc,reloc    ] GC(123) y: Eden              63M (1%)         7576M (92%)       3820 / 2              0 / 0              0 / 0        
[229.076s][info   ][gc,reloc    ] GC(123) y: Survivor 1          -                66M (1%)          33 / 0              0 / 0              0 / 0        
[229.076s][info   ][gc,heap     ] GC(123) y: Min Capacity: 8192M(100%)
[229.076s][info   ][gc,heap     ] GC(123) y: Max Capacity: 8192M(100%)
[229.076s][info   ][gc,heap     ] GC(123) y: Soft Max Capacity: 8192M(100%)
[229.076s][info   ][gc,heap     ] GC(123) y: Heap Statistics:
[229.076s][info   ][gc,heap     ] GC(123) y:                Mark Start          Mark End        Relocate Start      Relocate End           High               Low         
[229.076s][info   ][gc,heap     ] GC(123) y:  Capacity:     8192M (100%)       8192M (100%)       8192M (100%)       8192M (100%)       8192M (100%)       8192M (100%)   
[229.076s][info   ][gc,heap     ] GC(123) y:      Free:      414M (5%)          348M (4%)         7980M (97%)        7984M (97%)        7984M (97%)         348M (4%)     
[229.076s][info   ][gc,heap     ] GC(123) y:      Used:     7778M (95%)        7844M (96%)         212M (3%)          208M (3%)         7844M (96%)         208M (3%)     
[229.076s][info   ][gc,heap     ] GC(123) y: Young Generation Statistics:
[229.076s][info   ][gc,heap     ] GC(123) y:                Mark Start          Mark End        Relocate Start      Relocate End    
[229.076s][info   ][gc,heap     ] GC(123) y:      Used:     7706M (94%)        7772M (95%)         140M (2%)          136M (2%)     
[229.076s][info   ][gc,heap     ] GC(123) y:      Live:         -                63M (1%)           63M (1%)           63M (1%)     
[229.076s][info   ][gc,heap     ] GC(123) y:   Garbage:         -              7642M (93%)           8M (0%)            3M (0%)     
[229.076s][info   ][gc,heap     ] GC(123) y: Allocated:         -                66M (1%)           68M (1%)           68M (1%)     
[229.076s][info   ][gc,heap     ] GC(123) y: Reclaimed:         -                  -              7634M (93%)        7638M (93%)    
[229.076s][info   ][gc,heap     ] GC(123) y:  Promoted:         -                  -                 0M (0%)            0M (0%)     
[229.076s][info   ][gc,heap     ] GC(123) y: Compacted:         -                  -                  -                 1M (0%)     
[229.076s][info   ][gc,phases   ] GC(123) y: Young Generation 7776M(95%)->208M(3%) 0.022s
[229.076s][info   ][gc          ] GC(123) Minor Collection (High Usage) 7776M(95%)->208M(3%) 0.022s
[230.254s][info   ][gc          ] GC(124) Major Collection (Proactive)
[230.254s][info   ][gc,task     ] GC(124) Using 1 Workers for Young Generation
[230.254s][info   ][gc,task     ] GC(124) Using 1 Workers for Old Generation
[230.254s][info   ][gc,phases   ] GC(124) Y: Young Generation
[230.254s][info   ][gc,phases   ] GC(124) Y: Pause Mark Start (Major) 0.011ms
[230.268s][info   ][gc,phases   ] GC(124) Y: Concurrent Mark 14.393ms
[230.269s][info   ][gc,phases   ] GC(124) Y: Pause Mark End 0.008ms
[230.269s][info   ][gc,phases   ] GC(124) Y: Concurrent Mark Free 0.000ms
[230.269s][info   ][gc,phases   ] GC(124) Y: Concurrent Reset Relocation Set 0.001ms
[230.270s][info   ][gc,reloc    ] GC(124) Y: Using tenuring threshold: 1 (Computed)
[230.270s][info   ][gc,phases   ] GC(124) Y: Concurrent Select Relocation Set 1.137ms
[230.270s][info   ][gc,phases   ] GC(124) Y: Pause Relocate Start 0.003ms
[230.270s][info   ][gc,phases   ] GC(124) Y: Concurrent Relocate 0.036ms
[230.270s][info   ][gc,alloc    ] GC(124) Y:                         Mark Start        Mark End      Relocate Start    Relocate End   
[230.270s][info   ][gc,alloc    ] GC(124) Y: Allocation Stalls:          0                0                0                0         
[230.270s][info   ][gc,load     ] GC(124) Y: Load: 2.30 (19%) / 1.52 (13%) / 1.49 (12%)
[230.270s][info   ][gc,mmu      ] GC(124) Y: MMU: 2ms/98.5%, 5ms/99.4%, 10ms/99.7%, 20ms/99.8%, 50ms/99.9%, 100ms/99.9%
[230.270s][info   ][gc,marking  ] GC(124) Y: Mark: 1 stripe(s), 2 proactive flush(es), 1 terminate flush(es), 0 completion(s), 0 continuation(s) 
[230.270s][info   ][gc,marking  ] GC(124) Y: Mark Stack Usage: 32M
[230.270s][info   ][gc,nmethod  ] GC(124) Y: NMethods: 383 registered, 110 unregistered
[230.270s][info   ][gc,metaspace] GC(124) Y: Metaspace: 0M used, 0M committed, 1088M reserved
[230.270s][info   ][gc,reloc    ] GC(124) Y:                        Candidates     Selected     In-Place         Size        Empty    Relocated 
[230.270s][info   ][gc,reloc    ] GC(124) Y: Small Pages:                 1821            0            0        3642M        3576M           0M 
[230.270s][info   ][gc,reloc    ] GC(124) Y: Medium Pages:                   0            0            0           0M           0M           0M 
[230.270s][info   ][gc,reloc    ] GC(124) Y: Large Pages:                    0            0            0           0M           0M           0M 
[230.270s][info   ][gc,reloc    ] GC(124) Y: Forwarding Usage: 0M
[230.270s][info   ][gc,reloc    ] GC(124) Y: Age Table:
[230.270s][info   ][gc,reloc    ] GC(124) Y:                    Live             Garbage             Small              Medium             Large        
[230.270s][info   ][gc,reloc    ] GC(124) Y: Eden              63M (1%)         3510M (43%)       1787 / 0              0 / 0              0 / 0        
[230.270s][info   ][gc,reloc    ] GC(124) Y: Survivor 1          -                68M (1%)          34 / 0              0 / 0              0 / 0        
[230.270s][info   ][gc,heap     ] GC(124) Y: Min Capacity: 8192M(100%)
[230.270s][info   ][gc,heap     ] GC(124) Y: Max Capacity: 8192M(100%)
[230.270s][info   ][gc,heap     ] GC(124) Y: Soft Max Capacity: 8192M(100%)
[230.270s][info   ][gc,heap     ] GC(124) Y: Heap Statistics:
[230.270s][info   ][gc,heap     ] GC(124) Y:                Mark Start          Mark End        Relocate Start      Relocate End           High               Low         
[230.270s][info   ][gc,heap     ] GC(124) Y:  Capacity:     8192M (100%)       8192M (100%)       8192M (100%)       8192M (100%)       8192M (100%)       8192M (100%)   
[230.270s][info   ][gc,heap     ] GC(124) Y:      Free:     4478M (55%)        4444M (54%)        8020M (98%)        8020M (98%)        8020M (98%)        4444M (54%)    
[230.270s][info   ][gc,heap     ] GC(124) Y:      Used:     3714M (45%)        3748M (46%)         172M (2%)          172M (2%)         3748M (46%)         172M (2%)     
[230.270s][info   ][gc,heap     ] GC(124) Y: Young Generation Statistics:
[230.270s][info   ][gc,heap     ] GC(124) Y:                Mark Start          Mark End        Relocate Start      Relocate End    
[230.270s][info   ][gc,heap     ] GC(124) Y:      Used:     3642M (44%)        3676M (45%)         100M (1%)          100M (1%)     
[230.270s][info   ][gc,heap     ] GC(124) Y:      Live:         -                63M (1%)           63M (1%)           63M (1%)     
[230.270s][info   ][gc,heap     ] GC(124) Y:   Garbage:         -              3578M (44%)           2M (0%)            2M (0%)     
[230.270s][info   ][gc,heap     ] GC(124) Y: Allocated:         -                34M (0%)           34M (0%)           34M (0%)     
[230.270s][info   ][gc,heap     ] GC(124) Y: Reclaimed:         -                  -              3576M (44%)        3576M (44%)    
[230.270s][info   ][gc,heap     ] GC(124) Y:  Promoted:         -                  -                 0M (0%)            0M (0%)     
[230.270s][info   ][gc,heap     ] GC(124) Y: Compacted:         -                  -                  -                 0M (0%)     
[230.270s][info   ][gc,phases   ] GC(124) Y: Young Generation 3714M(45%)->172M(2%) 0.016s
[230.270s][info   ][gc,phases   ] GC(124) O: Old Generation
[230.290s][info   ][gc,phases   ] GC(124) O: Concurrent Mark 20.146ms
[230.290s][info   ][gc,phases   ] GC(124) O: Pause Mark End 0.008ms
[230.290s][info   ][gc,phases   ] GC(124) O: Concurrent Mark Free 0.000ms
[230.291s][info   ][gc,phases   ] GC(124) O: Concurrent Process Non-Strong 0.542ms
[230.291s][info   ][gc,phases   ] GC(124) O: Concurrent Reset Relocation Set 0.000ms
[230.291s][info   ][gc,phases   ] GC(124) O: Concurrent Select Relocation Set 0.889ms
[230.291s][info   ][gc,task     ] GC(124) O: Using 2 Workers for Old Generation
[230.295s][info   ][gc,task     ] GC(124) O: Using 1 Workers for Old Generation
[230.295s][info   ][gc,phases   ] GC(124) O: Concurrent Remap Roots 3.646ms
[230.295s][info   ][gc,phases   ] GC(124) O: Pause Relocate Start 0.003ms
[230.295s][info   ][gc,phases   ] GC(124) O: Concurrent Relocate 0.018ms
[230.295s][info   ][gc,alloc    ] GC(124) O:                         Mark Start        Mark End      Relocate Start    Relocate End   
[230.295s][info   ][gc,alloc    ] GC(124) O: Allocation Stalls:          0                0                0                0         
[230.295s][info   ][gc,load     ] GC(124) O: Load: 2.30 (19%) / 1.52 (13%) / 1.49 (12%)
[230.295s][info   ][gc,mmu      ] GC(124) O: MMU: 2ms/98.5%, 5ms/99.4%, 10ms/99.7%, 20ms/99.8%, 50ms/99.9%, 100ms/99.9%
[230.295s][info   ][gc,marking  ] GC(124) O: Mark: 1 stripe(s), 2 proactive flush(es), 1 terminate flush(es), 0 completion(s), 0 continuation(s) 
[230.295s][info   ][gc,marking  ] GC(124) O: Mark Stack Usage: 32M
[230.295s][info   ][gc,nmethod  ] GC(124) O: NMethods: 383 registered, 110 unregistered
[230.295s][info   ][gc,metaspace] GC(124) O: Metaspace: 0M used, 0M committed, 1088M reserved
[230.295s][info   ][gc,ref      ] GC(124) O:                       Encountered   Discovered     Enqueued 
[230.295s][info   ][gc,ref      ] GC(124) O: Soft References:               64            0            0 
[230.295s][info   ][gc,ref      ] GC(124) O: Weak References:              217          165            0 
[230.295s][info   ][gc,ref      ] GC(124) O: Final References:               0            0            0 
[230.295s][info   ][gc,ref      ] GC(124) O: Phantom References:             5            3            0 
[230.295s][info   ][gc,reloc    ] GC(124) O:                        Candidates     Selected     In-Place         Size        Empty    Relocated 
[230.295s][info   ][gc,reloc    ] GC(124) O: Small Pages:                   36            0            0          72M           0M           0M 
[230.295s][info   ][gc,reloc    ] GC(124) O: Medium Pages:                   0            0            0           0M           0M           0M 
[230.295s][info   ][gc,reloc    ] GC(124) O: Large Pages:                    0            0            0           0M           0M           0M 
[230.295s][info   ][gc,reloc    ] GC(124) O: Forwarding Usage: 0M
[230.295s][info   ][gc,heap     ] GC(124) O: Min Capacity: 8192M(100%)
[230.295s][info   ][gc,heap     ] GC(124) O: Max Capacity: 8192M(100%)
[230.295s][info   ][gc,heap     ] GC(124) O: Soft Max Capacity: 8192M(100%)
[230.295s][info   ][gc,heap     ] GC(124) O: Heap Statistics:
[230.295s][info   ][gc,heap     ] GC(124) O:                Mark Start          Mark End        Relocate Start      Relocate End           High               Low         
[230.295s][info   ][gc,heap     ] GC(124) O:  Capacity:     8192M (100%)       8192M (100%)       8192M (100%)       8192M (100%)       8192M (100%)       8192M (100%)   
[230.295s][info   ][gc,heap     ] GC(124) O:      Free:     4478M (55%)        7960M (97%)        7930M (97%)        7930M (97%)        8020M (98%)        4444M (54%)    
[230.295s][info   ][gc,heap     ] GC(124) O:      Used:     3714M (45%)         232M (3%)          262M (3%)          262M (3%)         3748M (46%)         172M (2%)     
[230.295s][info   ][gc,heap     ] GC(124) O: Old Generation Statistics:
[230.295s][info   ][gc,heap     ] GC(124) O:                Mark Start          Mark End        Relocate Start      Relocate End    
[230.295s][info   ][gc,heap     ] GC(124) O:      Used:       72M (1%)           72M (1%)           72M (1%)           72M (1%)     
[230.295s][info   ][gc,heap     ] GC(124) O:      Live:         -                65M (1%)           65M (1%)           65M (1%)     
[230.295s][info   ][gc,heap     ] GC(124) O:   Garbage:         -                 6M (0%)            6M (0%)            6M (0%)     
[230.295s][info   ][gc,heap     ] GC(124) O: Allocated:         -                 0M (0%)            0M (0%)            0M (0%)     
[230.295s][info   ][gc,heap     ] GC(124) O: Reclaimed:         -                  -                 0M (0%)            0M (0%)     
[230.295s][info   ][gc,heap     ] GC(124) O: Compacted:         -                  -                  -                 0M (0%)     
[230.295s][info   ][gc,phases   ] GC(124) O: Old Generation 172M(2%)->262M(3%) 0.025s
[230.295s][info   ][gc          ] GC(124) Major Collection (Proactive) 3714M(45%)->262M(3%) 0.041s
[232.826s][info   ][gc          ] GC(125) Minor Collection (High Usage)
[232.826s][info   ][gc,task     ] GC(125) Using 1 Workers for Young Generation
[232.826s][info   ][gc,phases   ] GC(125) y: Young Generation
[232.826s][info   ][gc,phases   ] GC(125) y: Pause Mark Start 0.013ms
[232.847s][info   ][gc,phases   ] GC(125) y: Concurrent Mark 21.059ms
[232.847s][info   ][gc,phases   ] GC(125) y: Pause Mark End 0.016ms
[232.847s][info   ][gc,phases   ] GC(125) y: Concurrent Mark Free 0.000ms
[232.847s][info   ][gc,phases   ] GC(125) y: Concurrent Reset Relocation Set 0.001ms
[232.849s][info   ][gc,reloc    ] GC(125) y: Using tenuring threshold: 1 (Computed)
[232.849s][info   ][gc,phases   ] GC(125) y: Concurrent Select Relocation Set 1.611ms
[232.849s][info   ][gc,phases   ] GC(125) y: Pause Relocate Start 0.004ms
[232.849s][info   ][gc,phases   ] GC(125) y: Concurrent Relocate 0.378ms
[232.849s][info   ][gc,alloc    ] GC(125) y:                         Mark Start        Mark End      Relocate Start    Relocate End   
[232.849s][info   ][gc,alloc    ] GC(125) y: Allocation Stalls:          0                0                0                0         
[232.849s][info   ][gc,load     ] GC(125) y: Load: 2.30 (19%) / 1.52 (13%) / 1.49 (12%)
[232.849s][info   ][gc,mmu      ] GC(125) y: MMU: 2ms/98.5%, 5ms/99.4%, 10ms/99.7%, 20ms/99.8%, 50ms/99.9%, 100ms/99.9%
[232.849s][info   ][gc,marking  ] GC(125) y: Mark: 1 stripe(s), 1 proactive flush(es), 1 terminate flush(es), 0 completion(s), 0 continuation(s) 
[232.849s][info   ][gc,marking  ] GC(125) y: Mark Stack Usage: 32M
[232.849s][info   ][gc,nmethod  ] GC(125) y: NMethods: 383 registered, 110 unregistered
[232.849s][info   ][gc,metaspace] GC(125) y: Metaspace: 0M used, 0M committed, 1088M reserved
[232.849s][info   ][gc,reloc    ] GC(125) y:                        Candidates     Selected     In-Place         Size        Empty    Relocated 
[232.849s][info   ][gc,reloc    ] GC(125) y: Small Pages:                 3856            3            0        7712M        7640M           1M 
[232.849s][info   ][gc,reloc    ] GC(125) y: Medium Pages:                   0            0            0           0M           0M           0M 
[232.849s][info   ][gc,reloc    ] GC(125) y: Large Pages:                    0            0            0           0M           0M           0M 
[232.849s][info   ][gc,reloc    ] GC(125) y: Forwarding Usage: 0M
[232.849s][info   ][gc,reloc    ] GC(125) y: Age Table:
[232.849s][info   ][gc,reloc    ] GC(125) y:                    Live             Garbage             Small              Medium             Large        
[232.849s][info   ][gc,reloc    ] GC(125) y: Eden              63M (1%)         7582M (93%)       3823 / 3              0 / 0              0 / 0        
[232.849s][info   ][gc,reloc    ] GC(125) y: Survivor 1          -                66M (1%)          33 / 0              0 / 0              0 / 0        
[232.849s][info   ][gc,heap     ] GC(125) y: Min Capacity: 8192M(100%)
[232.849s][info   ][gc,heap     ] GC(125) y: Max Capacity: 8192M(100%)
[232.849s][info   ][gc,heap     ] GC(125) y: Soft Max Capacity: 8192M(100%)
[232.849s][info   ][gc,heap     ] GC(125) y: Heap Statistics:
[232.849s][info   ][gc,heap     ] GC(125) y:                Mark Start          Mark End        Relocate Start      Relocate End           High               Low         
[232.849s][info   ][gc,heap     ] GC(125) y:  Capacity:     8192M (100%)       8192M (100%)       8192M (100%)       8192M (100%)       8192M (100%)       8192M (100%)   
[232.849s][info   ][gc,heap     ] GC(125) y:      Free:      408M (5%)          348M (4%)         7988M (98%)        7994M (98%)        7994M (98%)         348M (4%)     
[232.849s][info   ][gc,heap     ] GC(125) y:      Used:     7784M (95%)        7844M (96%)         204M (2%)          198M (2%)         7844M (96%)         198M (2%)     
[232.849s][info   ][gc,heap     ] GC(125) y: Young Generation Statistics:
[232.849s][info   ][gc,heap     ] GC(125) y:                Mark Start          Mark End        Relocate Start      Relocate End    
[232.849s][info   ][gc,heap     ] GC(125) y:      Used:     7712M (94%)        7772M (95%)         132M (2%)          126M (2%)     
[232.849s][info   ][gc,heap     ] GC(125) y:      Live:         -                63M (1%)           63M (1%)           63M (1%)     
[232.849s][info   ][gc,heap     ] GC(125) y:   Garbage:         -              7648M (93%)           8M (0%)            0M (0%)     
[232.849s][info   ][gc,heap     ] GC(125) y: Allocated:         -                60M (1%)           60M (1%)           61M (1%)     
[232.849s][info   ][gc,heap     ] GC(125) y: Reclaimed:         -                  -              7640M (93%)        7647M (93%)    
[232.849s][info   ][gc,heap     ] GC(125) y:  Promoted:         -                  -                 0M (0%)            0M (0%)     
[232.849s][info   ][gc,heap     ] GC(125) y: Compacted:         -                  -                  -                 2M (0%)     
[232.849s][info   ][gc,phases   ] GC(125) y: Young Generation 7784M(95%)->198M(2%) 0.023s
[232.849s][info   ][gc          ] GC(125) Minor Collection (High Usage) 7784M(95%)->198M(2%) 0.023s
[233.963s][info   ][gc          ] GC(126) Major Collection (Proactive)
[233.963s][info   ][gc,task     ] GC(126) Using 1 Workers for Young Generation
[233.963s][info   ][gc,task     ] GC(126) Using 1 Workers for Old Generation
[233.963s][info   ][gc,phases   ] GC(126) Y: Young Generation
[233.963s][info   ][gc,phases   ] GC(126) Y: Pause Mark Start (Major) 0.014ms
[233.985s][info   ][gc,phases   ] GC(126) Y: Concurrent Mark 21.765ms
[233.985s][info   ][gc,phases   ] GC(126) Y: Pause Mark End 0.011ms
[233.985s][info   ][gc,phases   ] GC(126) Y: Concurrent Mark Free 0.000ms
[233.985s][info   ][gc,phases   ] GC(126) Y: Concurrent Reset Relocation Set 0.001ms
[233.986s][info   ][gc,reloc    ] GC(126) Y: Using tenuring threshold: 1 (Computed)
[233.986s][info   ][gc,phases   ] GC(126) Y: Concurrent Select Relocation Set 1.033ms
[233.986s][info   ][gc,phases   ] GC(126) Y: Pause Relocate Start 0.003ms
[233.986s][info   ][gc,phases   ] GC(126) Y: Concurrent Relocate 0.229ms
[233.986s][info   ][gc,alloc    ] GC(126) Y:                         Mark Start        Mark End      Relocate Start    Relocate End   
[233.986s][info   ][gc,alloc    ] GC(126) Y: Allocation Stalls:          0                0                0                0         
[233.986s][info   ][gc,load     ] GC(126) Y: Load: 2.12 (18%) / 1.50 (12%) / 1.48 (12%)
[233.986s][info   ][gc,mmu      ] GC(126) Y: MMU: 2ms/98.5%, 5ms/99.4%, 10ms/99.7%, 20ms/99.8%, 50ms/99.9%, 100ms/99.9%
[233.986s][info   ][gc,marking  ] GC(126) Y: Mark: 1 stripe(s), 2 proactive flush(es), 1 terminate flush(es), 0 completion(s), 0 continuation(s) 
[233.986s][info   ][gc,marking  ] GC(126) Y: Mark Stack Usage: 32M
[233.986s][info   ][gc,nmethod  ] GC(126) Y: NMethods: 383 registered, 110 unregistered
[233.986s][info   ][gc,metaspace] GC(126) Y: Metaspace: 0M used, 0M committed, 1088M reserved
[233.986s][info   ][gc,reloc    ] GC(126) Y:                        Candidates     Selected     In-Place         Size        Empty    Relocated 
[233.986s][info   ][gc,reloc    ] GC(126) Y: Small Pages:                 1720            2            0        3440M        3370M           1M 
[233.986s][info   ][gc,reloc    ] GC(126) Y: Medium Pages:                   0            0            0           0M           0M           0M 
[233.986s][info   ][gc,reloc    ] GC(126) Y: Large Pages:                    0            0            0           0M           0M           0M 
[233.986s][info   ][gc,reloc    ] GC(126) Y: Forwarding Usage: 0M
[233.986s][info   ][gc,reloc    ] GC(126) Y: Age Table:
[233.986s][info   ][gc,reloc    ] GC(126) Y:                    Live             Garbage             Small              Medium             Large        
[233.986s][info   ][gc,reloc    ] GC(126) Y: Eden              63M (1%)         3310M (40%)       1687 / 2              0 / 0              0 / 0        
[233.986s][info   ][gc,reloc    ] GC(126) Y: Survivor 1          -                66M (1%)          33 / 0              0 / 0              0 / 0        
[233.986s][info   ][gc,heap     ] GC(126) Y: Min Capacity: 8192M(100%)
[233.986s][info   ][gc,heap     ] GC(126) Y: Max Capacity: 8192M(100%)
[233.986s][info   ][gc,heap     ] GC(126) Y: Soft Max Capacity: 8192M(100%)
[233.986s][info   ][gc,heap     ] GC(126) Y: Heap Statistics:
[233.986s][info   ][gc,heap     ] GC(126) Y:                Mark Start          Mark End        Relocate Start      Relocate End           High               Low         
[233.986s][info   ][gc,heap     ] GC(126) Y:  Capacity:     8192M (100%)       8192M (100%)       8192M (100%)       8192M (100%)       8192M (100%)       8192M (100%)   
[233.986s][info   ][gc,heap     ] GC(126) Y:      Free:     4680M (57%)        4602M (56%)        7972M (97%)        7976M (97%)        7976M (97%)        4602M (56%)    
[233.986s][info   ][gc,heap     ] GC(126) Y:      Used:     3512M (43%)        3590M (44%)         220M (3%)          216M (3%)         3590M (44%)         216M (3%)     
[233.986s][info   ][gc,heap     ] GC(126) Y: Young Generation Statistics:
[233.986s][info   ][gc,heap     ] GC(126) Y:                Mark Start          Mark End        Relocate Start      Relocate End    
[233.986s][info   ][gc,heap     ] GC(126) Y:      Used:     3440M (42%)        3518M (43%)         148M (2%)          144M (2%)     
[233.986s][info   ][gc,heap     ] GC(126) Y:      Live:         -                63M (1%)           63M (1%)           63M (1%)     
[233.986s][info   ][gc,heap     ] GC(126) Y:   Garbage:         -              3376M (41%)           6M (0%)            2M (0%)     
[233.986s][info   ][gc,heap     ] GC(126) Y: Allocated:         -                78M (1%)           78M (1%)           78M (1%)     
[233.986s][info   ][gc,heap     ] GC(126) Y: Reclaimed:         -                  -              3370M (41%)        3374M (41%)    
[233.986s][info   ][gc,heap     ] GC(126) Y:  Promoted:         -                  -                 0M (0%)            0M (0%)     
[233.986s][info   ][gc,heap     ] GC(126) Y: Compacted:         -                  -                  -                 1M (0%)     
[233.986s][info   ][gc,phases   ] GC(126) Y: Young Generation 3512M(43%)->216M(3%) 0.023s
[233.986s][info   ][gc,phases   ] GC(126) O: Old Generation
[234.014s][info   ][gc,phases   ] GC(126) O: Concurrent Mark 27.739ms
[234.014s][info   ][gc,phases   ] GC(126) O: Pause Mark End 0.011ms
[234.014s][info   ][gc,phases   ] GC(126) O: Concurrent Mark Free 0.001ms
[234.015s][info   ][gc,phases   ] GC(126) O: Concurrent Process Non-Strong 0.570ms
[234.015s][info   ][gc,phases   ] GC(126) O: Concurrent Reset Relocation Set 0.000ms
[234.016s][info   ][gc,phases   ] GC(126) O: Concurrent Select Relocation Set 0.905ms
[234.016s][info   ][gc,task     ] GC(126) O: Using 2 Workers for Old Generation
[234.019s][info   ][gc,task     ] GC(126) O: Using 1 Workers for Old Generation
[234.019s][info   ][gc,phases   ] GC(126) O: Concurrent Remap Roots 2.916ms
[234.019s][info   ][gc,phases   ] GC(126) O: Pause Relocate Start 0.004ms
[234.019s][info   ][gc,phases   ] GC(126) O: Concurrent Relocate 0.009ms
[234.019s][info   ][gc,alloc    ] GC(126) O:                         Mark Start        Mark End      Relocate Start    Relocate End   
[234.019s][info   ][gc,alloc    ] GC(126) O: Allocation Stalls:          0                0                0                0         
[234.019s][info   ][gc,load     ] GC(126) O: Load: 2.12 (18%) / 1.50 (12%) / 1.48 (12%)
[234.019s][info   ][gc,mmu      ] GC(126) O: MMU: 2ms/98.5%, 5ms/99.4%, 10ms/99.7%, 20ms/99.8%, 50ms/99.9%, 100ms/99.9%
[234.019s][info   ][gc,marking  ] GC(126) O: Mark: 1 stripe(s), 2 proactive flush(es), 1 terminate flush(es), 0 completion(s), 0 continuation(s) 
[234.019s][info   ][gc,marking  ] GC(126) O: Mark Stack Usage: 32M
[234.019s][info   ][gc,nmethod  ] GC(126) O: NMethods: 383 registered, 110 unregistered
[234.019s][info   ][gc,metaspace] GC(126) O: Metaspace: 0M used, 0M committed, 1088M reserved
[234.019s][info   ][gc,ref      ] GC(126) O:                       Encountered   Discovered     Enqueued 
[234.019s][info   ][gc,ref      ] GC(126) O: Soft References:               64            0            0 
[234.019s][info   ][gc,ref      ] GC(126) O: Weak References:              217          165            0 
[234.019s][info   ][gc,ref      ] GC(126) O: Final References:               0            0            0 
[234.019s][info   ][gc,ref      ] GC(126) O: Phantom References:             5            3            0 
[234.019s][info   ][gc,reloc    ] GC(126) O:                        Candidates     Selected     In-Place         Size        Empty    Relocated 
[234.019s][info   ][gc,reloc    ] GC(126) O: Small Pages:                   36            0            0          72M           0M           0M 
[234.019s][info   ][gc,reloc    ] GC(126) O: Medium Pages:                   0            0            0           0M           0M           0M 
[234.019s][info   ][gc,reloc    ] GC(126) O: Large Pages:                    0            0            0           0M           0M           0M 
[234.019s][info   ][gc,reloc    ] GC(126) O: Forwarding Usage: 0M
[234.019s][info   ][gc,heap     ] GC(126) O: Min Capacity: 8192M(100%)
[234.019s][info   ][gc,heap     ] GC(126) O: Max Capacity: 8192M(100%)
[234.019s][info   ][gc,heap     ] GC(126) O: Soft Max Capacity: 8192M(100%)
[234.019s][info   ][gc,heap     ] GC(126) O: Heap Statistics:
[234.019s][info   ][gc,heap     ] GC(126) O:                Mark Start          Mark End        Relocate Start      Relocate End           High               Low         
[234.019s][info   ][gc,heap     ] GC(126) O:  Capacity:     8192M (100%)       8192M (100%)       8192M (100%)       8192M (100%)       8192M (100%)       8192M (100%)   
[234.019s][info   ][gc,heap     ] GC(126) O:      Free:     4680M (57%)        7890M (96%)        7886M (96%)        7886M (96%)        7976M (97%)        4602M (56%)    
[234.019s][info   ][gc,heap     ] GC(126) O:      Used:     3512M (43%)         302M (4%)          306M (4%)          306M (4%)         3590M (44%)         216M (3%)     
[234.019s][info   ][gc,heap     ] GC(126) O: Old Generation Statistics:
[234.019s][info   ][gc,heap     ] GC(126) O:                Mark Start          Mark End        Relocate Start      Relocate End    
[234.019s][info   ][gc,heap     ] GC(126) O:      Used:       72M (1%)           72M (1%)           72M (1%)           72M (1%)     
[234.019s][info   ][gc,heap     ] GC(126) O:      Live:         -                65M (1%)           65M (1%)           65M (1%)     
[234.019s][info   ][gc,heap     ] GC(126) O:   Garbage:         -                 6M (0%)            6M (0%)            6M (0%)     
[234.019s][info   ][gc,heap     ] GC(126) O: Allocated:         -                 0M (0%)            0M (0%)            0M (0%)     
[234.019s][info   ][gc,heap     ] GC(126) O: Reclaimed:         -                  -                 0M (0%)            0M (0%)     
[234.019s][info   ][gc,heap     ] GC(126) O: Compacted:         -                  -                  -                 0M (0%)     
[234.019s][info   ][gc,phases   ] GC(126) O: Old Generation 216M(3%)->306M(4%) 0.032s
[234.019s][info   ][gc          ] GC(126) Major Collection (Proactive) 3512M(43%)->306M(4%) 0.056s
[236.524s][info   ][gc          ] GC(127) Minor Collection (High Usage)
[236.524s][info   ][gc,task     ] GC(127) Using 1 Workers for Young Generation
[236.524s][info   ][gc,phases   ] GC(127) y: Young Generation
[236.525s][info   ][gc,phases   ] GC(127) y: Pause Mark Start 0.010ms
[236.542s][info   ][gc,phases   ] GC(127) y: Concurrent Mark 17.568ms
[236.542s][info   ][gc,phases   ] GC(127) y: Pause Mark End 0.013ms
[236.542s][info   ][gc,phases   ] GC(127) y: Concurrent Mark Free 0.000ms
[236.542s][info   ][gc,phases   ] GC(127) y: Concurrent Reset Relocation Set 0.001ms
[236.544s][info   ][gc,reloc    ] GC(127) y: Using tenuring threshold: 1 (Computed)
[236.544s][info   ][gc,phases   ] GC(127) y: Concurrent Select Relocation Set 1.544ms
[236.544s][info   ][gc,phases   ] GC(127) y: Pause Relocate Start 0.004ms
[236.544s][info   ][gc,phases   ] GC(127) y: Concurrent Relocate 0.249ms
[236.544s][info   ][gc,alloc    ] GC(127) y:                         Mark Start        Mark End      Relocate Start    Relocate End   
[236.544s][info   ][gc,alloc    ] GC(127) y: Allocation Stalls:          0                0                0                0         
[236.544s][info   ][gc,load     ] GC(127) y: Load: 2.12 (18%) / 1.50 (12%) / 1.48 (12%)
[236.544s][info   ][gc,mmu      ] GC(127) y: MMU: 2ms/98.5%, 5ms/99.4%, 10ms/99.7%, 20ms/99.8%, 50ms/99.9%, 100ms/99.9%
[236.544s][info   ][gc,marking  ] GC(127) y: Mark: 1 stripe(s), 2 proactive flush(es), 1 terminate flush(es), 0 completion(s), 0 continuation(s) 
[236.544s][info   ][gc,marking  ] GC(127) y: Mark Stack Usage: 32M
[236.544s][info   ][gc,nmethod  ] GC(127) y: NMethods: 383 registered, 110 unregistered
[236.544s][info   ][gc,metaspace] GC(127) y: Metaspace: 0M used, 0M committed, 1088M reserved
[236.544s][info   ][gc,reloc    ] GC(127) y:                        Candidates     Selected     In-Place         Size        Empty    Relocated 
[236.544s][info   ][gc,reloc    ] GC(127) y: Small Pages:                 3847            3            0        7694M        7622M           1M 
[236.544s][info   ][gc,reloc    ] GC(127) y: Medium Pages:                   0            0            0           0M           0M           0M 
[236.544s][info   ][gc,reloc    ] GC(127) y: Large Pages:                    0            0            0           0M           0M           0M 
[236.544s][info   ][gc,reloc    ] GC(127) y: Forwarding Usage: 0M
[236.544s][info   ][gc,reloc    ] GC(127) y: Age Table:
[236.544s][info   ][gc,reloc    ] GC(127) y:                    Live             Garbage             Small              Medium             Large        
[236.544s][info   ][gc,reloc    ] GC(127) y: Eden              63M (1%)         7564M (92%)       3814 / 3              0 / 0              0 / 0        
[236.544s][info   ][gc,reloc    ] GC(127) y: Survivor 1          -                66M (1%)          33 / 0              0 / 0              0 / 0        
[236.544s][info   ][gc,heap     ] GC(127) y: Min Capacity: 8192M(100%)
[236.544s][info   ][gc,heap     ] GC(127) y: Max Capacity: 8192M(100%)
[236.544s][info   ][gc,heap     ] GC(127) y: Soft Max Capacity: 8192M(100%)
[236.544s][info   ][gc,heap     ] GC(127) y: Heap Statistics:
[236.544s][info   ][gc,heap     ] GC(127) y:                Mark Start          Mark End        Relocate Start      Relocate End           High               Low         
[236.544s][info   ][gc,heap     ] GC(127) y:  Capacity:     8192M (100%)       8192M (100%)       8192M (100%)       8192M (100%)       8192M (100%)       8192M (100%)   
[236.544s][info   ][gc,heap     ] GC(127) y:      Free:      426M (5%)          388M (5%)         7990M (98%)        7994M (98%)        7996M (98%)         386M (5%)     
[236.544s][info   ][gc,heap     ] GC(127) y:      Used:     7766M (95%)        7804M (95%)         202M (2%)          198M (2%)         7806M (95%)         196M (2%)     
[236.544s][info   ][gc,heap     ] GC(127) y: Young Generation Statistics:
[236.544s][info   ][gc,heap     ] GC(127) y:                Mark Start          Mark End        Relocate Start      Relocate End    
[236.544s][info   ][gc,heap     ] GC(127) y:      Used:     7694M (94%)        7732M (94%)         130M (2%)          126M (2%)     
[236.544s][info   ][gc,heap     ] GC(127) y:      Live:         -                63M (1%)           63M (1%)           63M (1%)     
[236.544s][info   ][gc,heap     ] GC(127) y:   Garbage:         -              7630M (93%)           8M (0%)            2M (0%)     
[236.544s][info   ][gc,heap     ] GC(127) y: Allocated:         -                38M (0%)           58M (1%)           60M (1%)     
[236.544s][info   ][gc,heap     ] GC(127) y: Reclaimed:         -                  -              7622M (93%)        7628M (93%)    
[236.544s][info   ][gc,heap     ] GC(127) y:  Promoted:         -                  -                 0M (0%)            0M (0%)     
[236.544s][info   ][gc,heap     ] GC(127) y: Compacted:         -                  -                  -                 1M (0%)     
[236.544s][info   ][gc,phases   ] GC(127) y: Young Generation 7766M(95%)->198M(2%) 0.020s
[236.544s][info   ][gc          ] GC(127) Minor Collection (High Usage) 7766M(95%)->198M(2%) 0.020s
[237.493s][info   ][gc          ] GC(128) Major Collection (Proactive)
[237.493s][info   ][gc,task     ] GC(128) Using 1 Workers for Young Generation
[237.493s][info   ][gc,task     ] GC(128) Using 1 Workers for Old Generation
[237.493s][info   ][gc,phases   ] GC(128) Y: Young Generation
[237.493s][info   ][gc,phases   ] GC(128) Y: Pause Mark Start (Major) 0.019ms
[237.517s][info   ][gc,phases   ] GC(128) Y: Concurrent Mark 24.252ms
[237.517s][info   ][gc,phases   ] GC(128) Y: Pause Mark End 0.020ms
[237.517s][info   ][gc,phases   ] GC(128) Y: Concurrent Mark Free 0.000ms
[237.517s][info   ][gc,phases   ] GC(128) Y: Concurrent Reset Relocation Set 0.001ms
[237.518s][info   ][gc,reloc    ] GC(128) Y: Using tenuring threshold: 1 (Computed)
[237.518s][info   ][gc,phases   ] GC(128) Y: Concurrent Select Relocation Set 1.236ms
[237.518s][info   ][gc,phases   ] GC(128) Y: Pause Relocate Start 0.005ms
[237.519s][info   ][gc,phases   ] GC(128) Y: Concurrent Relocate 0.691ms
[237.519s][info   ][gc,alloc    ] GC(128) Y:                         Mark Start        Mark End      Relocate Start    Relocate End   
[237.519s][info   ][gc,alloc    ] GC(128) Y: Allocation Stalls:          0                0                0                0         
[237.519s][info   ][gc,load     ] GC(128) Y: Load: 2.12 (18%) / 1.50 (12%) / 1.48 (12%)
[237.519s][info   ][gc,mmu      ] GC(128) Y: MMU: 2ms/98.5%, 5ms/99.4%, 10ms/99.7%, 20ms/99.8%, 50ms/99.9%, 100ms/99.9%
[237.519s][info   ][gc,marking  ] GC(128) Y: Mark: 1 stripe(s), 2 proactive flush(es), 1 terminate flush(es), 0 completion(s), 0 continuation(s) 
[237.519s][info   ][gc,marking  ] GC(128) Y: Mark Stack Usage: 32M
[237.519s][info   ][gc,nmethod  ] GC(128) Y: NMethods: 383 registered, 110 unregistered
[237.519s][info   ][gc,metaspace] GC(128) Y: Metaspace: 0M used, 0M committed, 1088M reserved
[237.519s][info   ][gc,reloc    ] GC(128) Y:                        Candidates     Selected     In-Place         Size        Empty    Relocated 
[237.519s][info   ][gc,reloc    ] GC(128) Y: Small Pages:                 1469            3            0        2938M        2866M           2M 
[237.519s][info   ][gc,reloc    ] GC(128) Y: Medium Pages:                   0            0            0           0M           0M           0M 
[237.519s][info   ][gc,reloc    ] GC(128) Y: Large Pages:                    0            0            0           0M           0M           0M 
[237.519s][info   ][gc,reloc    ] GC(128) Y: Forwarding Usage: 0M
[237.519s][info   ][gc,reloc    ] GC(128) Y: Age Table:
[237.519s][info   ][gc,reloc    ] GC(128) Y:                    Live             Garbage             Small              Medium             Large        
[237.519s][info   ][gc,reloc    ] GC(128) Y: Eden              63M (1%)         2808M (34%)       1436 / 3              0 / 0              0 / 0        
[237.519s][info   ][gc,reloc    ] GC(128) Y: Survivor 1          -                66M (1%)          33 / 0              0 / 0              0 / 0        
[237.519s][info   ][gc,heap     ] GC(128) Y: Min Capacity: 8192M(100%)
[237.519s][info   ][gc,heap     ] GC(128) Y: Max Capacity: 8192M(100%)
[237.519s][info   ][gc,heap     ] GC(128) Y: Soft Max Capacity: 8192M(100%)
[237.519s][info   ][gc,heap     ] GC(128) Y: Heap Statistics:
[237.519s][info   ][gc,heap     ] GC(128) Y:                Mark Start          Mark End        Relocate Start      Relocate End           High               Low         
[237.519s][info   ][gc,heap     ] GC(128) Y:  Capacity:     8192M (100%)       8192M (100%)       8192M (100%)       8192M (100%)       8192M (100%)       8192M (100%)   
[237.519s][info   ][gc,heap     ] GC(128) Y:      Free:     5182M (63%)        5104M (62%)        7970M (97%)        7976M (97%)        7976M (97%)        5104M (62%)    
[237.519s][info   ][gc,heap     ] GC(128) Y:      Used:     3010M (37%)        3088M (38%)         222M (3%)          216M (3%)         3088M (38%)         216M (3%)     
[237.519s][info   ][gc,heap     ] GC(128) Y: Young Generation Statistics:
[237.519s][info   ][gc,heap     ] GC(128) Y:                Mark Start          Mark End        Relocate Start      Relocate End    
[237.519s][info   ][gc,heap     ] GC(128) Y:      Used:     2938M (36%)        3016M (37%)         150M (2%)          144M (2%)     
[237.519s][info   ][gc,heap     ] GC(128) Y:      Live:         -                63M (1%)           63M (1%)           63M (1%)     
[237.519s][info   ][gc,heap     ] GC(128) Y:   Garbage:         -              2874M (35%)           8M (0%)            1M (0%)     
[237.519s][info   ][gc,heap     ] GC(128) Y: Allocated:         -                78M (1%)           78M (1%)           79M (1%)     
[237.519s][info   ][gc,heap     ] GC(128) Y: Reclaimed:         -                  -              2866M (35%)        2873M (35%)    
[237.519s][info   ][gc,heap     ] GC(128) Y:  Promoted:         -                  -                 0M (0%)            0M (0%)     
[237.519s][info   ][gc,heap     ] GC(128) Y: Compacted:         -                  -                  -                 4M (0%)     
[237.519s][info   ][gc,phases   ] GC(128) Y: Young Generation 3010M(37%)->216M(3%) 0.027s
[237.519s][info   ][gc,phases   ] GC(128) O: Old Generation
[237.549s][info   ][gc,phases   ] GC(128) O: Concurrent Mark 29.465ms
[237.549s][info   ][gc,phases   ] GC(128) O: Pause Mark End 0.009ms
[237.549s][info   ][gc,phases   ] GC(128) O: Concurrent Mark Free 0.000ms
[237.549s][info   ][gc,phases   ] GC(128) O: Concurrent Process Non-Strong 0.545ms
[237.549s][info   ][gc,phases   ] GC(128) O: Concurrent Reset Relocation Set 0.000ms
[237.550s][info   ][gc,phases   ] GC(128) O: Concurrent Select Relocation Set 0.843ms
[237.550s][info   ][gc,task     ] GC(128) O: Using 2 Workers for Old Generation
[237.553s][info   ][gc,task     ] GC(128) O: Using 1 Workers for Old Generation
[237.553s][info   ][gc,phases   ] GC(128) O: Concurrent Remap Roots 3.010ms
[237.553s][info   ][gc,phases   ] GC(128) O: Pause Relocate Start 0.004ms
[237.553s][info   ][gc,phases   ] GC(128) O: Concurrent Relocate 0.013ms
[237.553s][info   ][gc,alloc    ] GC(128) O:                         Mark Start        Mark End      Relocate Start    Relocate End   
[237.553s][info   ][gc,alloc    ] GC(128) O: Allocation Stalls:          0                0                0                0         
[237.553s][info   ][gc,load     ] GC(128) O: Load: 2.12 (18%) / 1.50 (12%) / 1.48 (12%)
[237.553s][info   ][gc,mmu      ] GC(128) O: MMU: 2ms/98.5%, 5ms/99.4%, 10ms/99.7%, 20ms/99.8%, 50ms/99.9%, 100ms/99.9%
[237.553s][info   ][gc,marking  ] GC(128) O: Mark: 1 stripe(s), 2 proactive flush(es), 1 terminate flush(es), 0 completion(s), 0 continuation(s) 
[237.553s][info   ][gc,marking  ] GC(128) O: Mark Stack Usage: 32M
[237.553s][info   ][gc,nmethod  ] GC(128) O: NMethods: 383 registered, 110 unregistered
[237.553s][info   ][gc,metaspace] GC(128) O: Metaspace: 0M used, 0M committed, 1088M reserved
[237.553s][info   ][gc,ref      ] GC(128) O:                       Encountered   Discovered     Enqueued 
[237.553s][info   ][gc,ref      ] GC(128) O: Soft References:               64            0            0 
[237.553s][info   ][gc,ref      ] GC(128) O: Weak References:              217          165            0 
[237.553s][info   ][gc,ref      ] GC(128) O: Final References:               0            0            0 
[237.553s][info   ][gc,ref      ] GC(128) O: Phantom References:             5            3            0 
[237.553s][info   ][gc,reloc    ] GC(128) O:                        Candidates     Selected     In-Place         Size        Empty    Relocated 
[237.553s][info   ][gc,reloc    ] GC(128) O: Small Pages:                   36            0            0          72M           0M           0M 
[237.553s][info   ][gc,reloc    ] GC(128) O: Medium Pages:                   0            0            0           0M           0M           0M 
[237.553s][info   ][gc,reloc    ] GC(128) O: Large Pages:                    0            0            0           0M           0M           0M 
[237.553s][info   ][gc,reloc    ] GC(128) O: Forwarding Usage: 0M
[237.553s][info   ][gc,heap     ] GC(128) O: Min Capacity: 8192M(100%)
[237.553s][info   ][gc,heap     ] GC(128) O: Max Capacity: 8192M(100%)
[237.553s][info   ][gc,heap     ] GC(128) O: Soft Max Capacity: 8192M(100%)
[237.553s][info   ][gc,heap     ] GC(128) O: Heap Statistics:
[237.553s][info   ][gc,heap     ] GC(128) O:                Mark Start          Mark End        Relocate Start      Relocate End           High               Low         
[237.553s][info   ][gc,heap     ] GC(128) O:  Capacity:     8192M (100%)       8192M (100%)       8192M (100%)       8192M (100%)       8192M (100%)       8192M (100%)   
[237.553s][info   ][gc,heap     ] GC(128) O:      Free:     5182M (63%)        7886M (96%)        7860M (96%)        7860M (96%)        7976M (97%)        5104M (62%)    
[237.553s][info   ][gc,heap     ] GC(128) O:      Used:     3010M (37%)         306M (4%)          332M (4%)          332M (4%)         3088M (38%)         216M (3%)     
[237.553s][info   ][gc,heap     ] GC(128) O: Old Generation Statistics:
[237.553s][info   ][gc,heap     ] GC(128) O:                Mark Start          Mark End        Relocate Start      Relocate End    
[237.553s][info   ][gc,heap     ] GC(128) O:      Used:       72M (1%)           72M (1%)           72M (1%)           72M (1%)     
[237.553s][info   ][gc,heap     ] GC(128) O:      Live:         -                65M (1%)           65M (1%)           65M (1%)     
[237.553s][info   ][gc,heap     ] GC(128) O:   Garbage:         -                 6M (0%)            6M (0%)            6M (0%)     
[237.553s][info   ][gc,heap     ] GC(128) O: Allocated:         -                 0M (0%)            0M (0%)            0M (0%)     
[237.553s][info   ][gc,heap     ] GC(128) O: Reclaimed:         -                  -                 0M (0%)            0M (0%)     
[237.553s][info   ][gc,heap     ] GC(128) O: Compacted:         -                  -                  -                 0M (0%)     
[237.553s][info   ][gc,phases   ] GC(128) O: Old Generation 216M(3%)->332M(4%) 0.034s
[237.553s][info   ][gc          ] GC(128) Major Collection (Proactive) 3010M(37%)->332M(4%) 0.061s
[240.056s][info   ][gc          ] GC(129) Minor Collection (High Usage)
[240.056s][info   ][gc,task     ] GC(129) Using 1 Workers for Young Generation
[240.056s][info   ][gc,phases   ] GC(129) y: Young Generation
[240.057s][info   ][gc,phases   ] GC(129) y: Pause Mark Start 0.013ms
[240.084s][info   ][gc,phases   ] GC(129) y: Concurrent Mark 27.842ms
[240.085s][info   ][gc,phases   ] GC(129) y: Pause Mark End 0.012ms
[240.085s][info   ][gc,phases   ] GC(129) y: Concurrent Mark Free 0.001ms
[240.085s][info   ][gc,phases   ] GC(129) y: Concurrent Reset Relocation Set 0.002ms
[240.086s][info   ][gc,reloc    ] GC(129) y: Using tenuring threshold: 1 (Computed)
[240.086s][info   ][gc,phases   ] GC(129) y: Concurrent Select Relocation Set 1.234ms
[240.086s][info   ][gc,phases   ] GC(129) y: Pause Relocate Start 0.011ms
[240.087s][info   ][gc,phases   ] GC(129) y: Concurrent Relocate 0.616ms
[240.087s][info   ][gc,alloc    ] GC(129) y:                         Mark Start        Mark End      Relocate Start    Relocate End   
[240.087s][info   ][gc,alloc    ] GC(129) y: Allocation Stalls:          0                0                0                0         
[240.087s][info   ][gc,load     ] GC(129) y: Load: 1.95 (16%) / 1.47 (12%) / 1.48 (12%)
[240.087s][info   ][gc,mmu      ] GC(129) y: MMU: 2ms/98.5%, 5ms/99.4%, 10ms/99.7%, 20ms/99.8%, 50ms/99.9%, 100ms/99.9%
[240.087s][info   ][gc,marking  ] GC(129) y: Mark: 1 stripe(s), 2 proactive flush(es), 1 terminate flush(es), 0 completion(s), 0 continuation(s) 
[240.087s][info   ][gc,marking  ] GC(129) y: Mark Stack Usage: 32M
[240.087s][info   ][gc,nmethod  ] GC(129) y: NMethods: 383 registered, 110 unregistered
[240.087s][info   ][gc,metaspace] GC(129) y: Metaspace: 0M used, 0M committed, 1088M reserved
[240.087s][info   ][gc,reloc    ] GC(129) y:                        Candidates     Selected     In-Place         Size        Empty    Relocated 
[240.087s][info   ][gc,reloc    ] GC(129) y: Small Pages:                 3849            3            0        7698M        7626M           2M 
[240.087s][info   ][gc,reloc    ] GC(129) y: Medium Pages:                   0            0            0           0M           0M           0M 
[240.087s][info   ][gc,reloc    ] GC(129) y: Large Pages:                    0            0            0           0M           0M           0M 
[240.087s][info   ][gc,reloc    ] GC(129) y: Forwarding Usage: 0M
[240.087s][info   ][gc,reloc    ] GC(129) y: Age Table:
[240.087s][info   ][gc,reloc    ] GC(129) y:                    Live             Garbage             Small              Medium             Large        
[240.087s][info   ][gc,reloc    ] GC(129) y: Eden              63M (1%)         7568M (92%)       3816 / 3              0 / 0              0 / 0        
[240.087s][info   ][gc,reloc    ] GC(129) y: Survivor 1          -                66M (1%)          33 / 0              0 / 0              0 / 0        
[240.087s][info   ][gc,heap     ] GC(129) y: Min Capacity: 8192M(100%)
[240.087s][info   ][gc,heap     ] GC(129) y: Max Capacity: 8192M(100%)
[240.087s][info   ][gc,heap     ] GC(129) y: Soft Max Capacity: 8192M(100%)
[240.087s][info   ][gc,heap     ] GC(129) y: Heap Statistics:
[240.087s][info   ][gc,heap     ] GC(129) y:                Mark Start          Mark End        Relocate Start      Relocate End           High               Low         
[240.087s][info   ][gc,heap     ] GC(129) y:  Capacity:     8192M (100%)       8192M (100%)       8192M (100%)       8192M (100%)       8192M (100%)       8192M (100%)   
[240.087s][info   ][gc,heap     ] GC(129) y:      Free:      422M (5%)          340M (4%)         7956M (97%)        7962M (97%)        7962M (97%)         338M (4%)     
[240.087s][info   ][gc,heap     ] GC(129) y:      Used:     7770M (95%)        7852M (96%)         236M (3%)          230M (3%)         7854M (96%)         230M (3%)     
[240.087s][info   ][gc,heap     ] GC(129) y: Young Generation Statistics:
[240.087s][info   ][gc,heap     ] GC(129) y:                Mark Start          Mark End        Relocate Start      Relocate End    
[240.087s][info   ][gc,heap     ] GC(129) y:      Used:     7698M (94%)        7780M (95%)         164M (2%)          158M (2%)     
[240.087s][info   ][gc,heap     ] GC(129) y:      Live:         -                63M (1%)           63M (1%)           63M (1%)     
[240.087s][info   ][gc,heap     ] GC(129) y:   Garbage:         -              7634M (93%)           8M (0%)            1M (0%)     
[240.087s][info   ][gc,heap     ] GC(129) y: Allocated:         -                82M (1%)           92M (1%)           93M (1%)     
[240.087s][info   ][gc,heap     ] GC(129) y: Reclaimed:         -                  -              7626M (93%)        7633M (93%)    
[240.087s][info   ][gc,heap     ] GC(129) y:  Promoted:         -                  -                 0M (0%)            0M (0%)     
[240.087s][info   ][gc,heap     ] GC(129) y: Compacted:         -                  -                  -                 4M (0%)     
[240.087s][info   ][gc,phases   ] GC(129) y: Young Generation 7768M(95%)->230M(3%) 0.030s
[240.087s][info   ][gc          ] GC(129) Minor Collection (High Usage) 7768M(95%)->230M(3%) 0.030s
[241.543s][info   ][gc          ] GC(130) Major Collection (Proactive)
[241.543s][info   ][gc,task     ] GC(130) Using 1 Workers for Young Generation
[241.543s][info   ][gc,task     ] GC(130) Using 1 Workers for Old Generation
[241.543s][info   ][gc,phases   ] GC(130) Y: Young Generation
[241.543s][info   ][gc,phases   ] GC(130) Y: Pause Mark Start (Major) 0.009ms
[241.563s][info   ][gc,phases   ] GC(130) Y: Concurrent Mark 19.393ms
[241.563s][info   ][gc,phases   ] GC(130) Y: Pause Mark End 0.011ms
[241.563s][info   ][gc,phases   ] GC(130) Y: Concurrent Mark Free 0.000ms
[241.563s][info   ][gc,phases   ] GC(130) Y: Concurrent Reset Relocation Set 0.001ms
[241.564s][info   ][gc,reloc    ] GC(130) Y: Using tenuring threshold: 1 (Computed)
[241.564s][info   ][gc,phases   ] GC(130) Y: Concurrent Select Relocation Set 1.126ms
[241.564s][info   ][gc,phases   ] GC(130) Y: Pause Relocate Start 0.003ms
[241.565s][info   ][gc,phases   ] GC(130) Y: Concurrent Relocate 0.539ms
[241.565s][info   ][gc,alloc    ] GC(130) Y:                         Mark Start        Mark End      Relocate Start    Relocate End   
[241.565s][info   ][gc,alloc    ] GC(130) Y: Allocation Stalls:          0                0                0                0         
[241.565s][info   ][gc,load     ] GC(130) Y: Load: 1.95 (16%) / 1.47 (12%) / 1.48 (12%)
[241.565s][info   ][gc,mmu      ] GC(130) Y: MMU: 2ms/98.5%, 5ms/99.4%, 10ms/99.7%, 20ms/99.8%, 50ms/99.9%, 100ms/99.9%
[241.565s][info   ][gc,marking  ] GC(130) Y: Mark: 1 stripe(s), 2 proactive flush(es), 1 terminate flush(es), 0 completion(s), 0 continuation(s) 
[241.565s][info   ][gc,marking  ] GC(130) Y: Mark Stack Usage: 32M
[241.565s][info   ][gc,nmethod  ] GC(130) Y: NMethods: 383 registered, 110 unregistered
[241.565s][info   ][gc,metaspace] GC(130) Y: Metaspace: 0M used, 0M committed, 1088M reserved
[241.565s][info   ][gc,reloc    ] GC(130) Y:                        Candidates     Selected     In-Place         Size        Empty    Relocated 
[241.565s][info   ][gc,reloc    ] GC(130) Y: Small Pages:                 2247          144            0        4494M        4138M           2M 
[241.565s][info   ][gc,reloc    ] GC(130) Y: Medium Pages:                   0            0            0           0M           0M           0M 
[241.565s][info   ][gc,reloc    ] GC(130) Y: Large Pages:                    0            0            0           0M           0M           0M 
[241.565s][info   ][gc,reloc    ] GC(130) Y: Forwarding Usage: 0M
[241.565s][info   ][gc,reloc    ] GC(130) Y: Age Table:
[241.565s][info   ][gc,reloc    ] GC(130) Y:                    Live             Garbage             Small              Medium             Large        
[241.565s][info   ][gc,reloc    ] GC(130) Y: Eden              64M (1%)         4363M (53%)       2214 / 144            0 / 0              0 / 0        
[241.565s][info   ][gc,reloc    ] GC(130) Y: Survivor 1          -                66M (1%)          33 / 0              0 / 0              0 / 0        
[241.565s][info   ][gc,heap     ] GC(130) Y: Min Capacity: 8192M(100%)
[241.565s][info   ][gc,heap     ] GC(130) Y: Max Capacity: 8192M(100%)
[241.565s][info   ][gc,heap     ] GC(130) Y: Soft Max Capacity: 8192M(100%)
[241.565s][info   ][gc,heap     ] GC(130) Y: Heap Statistics:
[241.565s][info   ][gc,heap     ] GC(130) Y:                Mark Start          Mark End        Relocate Start      Relocate End           High               Low         
[241.565s][info   ][gc,heap     ] GC(130) Y:  Capacity:     8192M (100%)       8192M (100%)       8192M (100%)       8192M (100%)       8192M (100%)       8192M (100%)   
[241.565s][info   ][gc,heap     ] GC(130) Y:      Free:     3626M (44%)        3566M (44%)        7698M (94%)        7986M (97%)        7986M (97%)        3566M (44%)    
[241.565s][info   ][gc,heap     ] GC(130) Y:      Used:     4566M (56%)        4626M (56%)         494M (6%)          206M (3%)         4626M (56%)         206M (3%)     
[241.565s][info   ][gc,heap     ] GC(130) Y: Young Generation Statistics:
[241.565s][info   ][gc,heap     ] GC(130) Y:                Mark Start          Mark End        Relocate Start      Relocate End    
[241.565s][info   ][gc,heap     ] GC(130) Y:      Used:     4494M (55%)        4554M (56%)         422M (5%)          134M (2%)     
[241.565s][info   ][gc,heap     ] GC(130) Y:      Live:         -                64M (1%)           64M (1%)           64M (1%)     
[241.565s][info   ][gc,heap     ] GC(130) Y:   Garbage:         -              4429M (54%)         291M (4%)            2M (0%)     
[241.565s][info   ][gc,heap     ] GC(130) Y: Allocated:         -                60M (1%)           66M (1%)           66M (1%)     
[241.565s][info   ][gc,heap     ] GC(130) Y: Reclaimed:         -                  -              4138M (51%)        4426M (54%)    
[241.565s][info   ][gc,heap     ] GC(130) Y:  Promoted:         -                  -                 0M (0%)            0M (0%)     
[241.565s][info   ][gc,heap     ] GC(130) Y: Compacted:         -                  -                  -                 3M (0%)     
[241.565s][info   ][gc,phases   ] GC(130) Y: Young Generation 4566M(56%)->206M(3%) 0.021s
[241.565s][info   ][gc,phases   ] GC(130) O: Old Generation
[241.585s][info   ][gc,phases   ] GC(130) O: Concurrent Mark 19.929ms
[241.585s][info   ][gc,phases   ] GC(130) O: Pause Mark End 0.008ms
[241.585s][info   ][gc,phases   ] GC(130) O: Concurrent Mark Free 0.000ms
[241.585s][info   ][gc,phases   ] GC(130) O: Concurrent Process Non-Strong 0.516ms
[241.585s][info   ][gc,phases   ] GC(130) O: Concurrent Reset Relocation Set 0.000ms
[241.586s][info   ][gc,phases   ] GC(130) O: Concurrent Select Relocation Set 0.889ms
[241.586s][info   ][gc,task     ] GC(130) O: Using 2 Workers for Old Generation
[241.589s][info   ][gc,task     ] GC(130) O: Using 1 Workers for Old Generation
[241.589s][info   ][gc,phases   ] GC(130) O: Concurrent Remap Roots 2.852ms
[241.589s][info   ][gc,phases   ] GC(130) O: Pause Relocate Start 0.004ms
[241.590s][info   ][gc,phases   ] GC(130) O: Concurrent Relocate 0.689ms
[241.590s][info   ][gc,alloc    ] GC(130) O:                         Mark Start        Mark End      Relocate Start    Relocate End   
[241.590s][info   ][gc,alloc    ] GC(130) O: Allocation Stalls:          0                0                0                0         
[241.590s][info   ][gc,load     ] GC(130) O: Load: 1.95 (16%) / 1.47 (12%) / 1.48 (12%)
[241.590s][info   ][gc,mmu      ] GC(130) O: MMU: 2ms/98.5%, 5ms/99.4%, 10ms/99.7%, 20ms/99.8%, 50ms/99.9%, 100ms/99.9%
[241.590s][info   ][gc,marking  ] GC(130) O: Mark: 1 stripe(s), 2 proactive flush(es), 1 terminate flush(es), 0 completion(s), 0 continuation(s) 
[241.590s][info   ][gc,marking  ] GC(130) O: Mark Stack Usage: 32M
[241.590s][info   ][gc,nmethod  ] GC(130) O: NMethods: 383 registered, 110 unregistered
[241.590s][info   ][gc,metaspace] GC(130) O: Metaspace: 0M used, 0M committed, 1088M reserved
[241.590s][info   ][gc,ref      ] GC(130) O:                       Encountered   Discovered     Enqueued 
[241.590s][info   ][gc,ref      ] GC(130) O: Soft References:               64            0            0 
[241.590s][info   ][gc,ref      ] GC(130) O: Weak References:              217          164            0 
[241.590s][info   ][gc,ref      ] GC(130) O: Final References:               0            0            0 
[241.590s][info   ][gc,ref      ] GC(130) O: Phantom References:             5            3            0 
[241.590s][info   ][gc,reloc    ] GC(130) O:                        Candidates     Selected     In-Place         Size        Empty    Relocated 
[241.590s][info   ][gc,reloc    ] GC(130) O: Small Pages:                   36            1            0          72M           0M           1M 
[241.590s][info   ][gc,reloc    ] GC(130) O: Medium Pages:                   0            0            0           0M           0M           0M 
[241.590s][info   ][gc,reloc    ] GC(130) O: Large Pages:                    0            0            0           0M           0M           0M 
[241.590s][info   ][gc,reloc    ] GC(130) O: Forwarding Usage: 0M
[241.590s][info   ][gc,heap     ] GC(130) O: Min Capacity: 8192M(100%)
[241.590s][info   ][gc,heap     ] GC(130) O: Max Capacity: 8192M(100%)
[241.590s][info   ][gc,heap     ] GC(130) O: Soft Max Capacity: 8192M(100%)
[241.590s][info   ][gc,heap     ] GC(130) O: Heap Statistics:
[241.590s][info   ][gc,heap     ] GC(130) O:                Mark Start          Mark End        Relocate Start      Relocate End           High               Low         
[241.590s][info   ][gc,heap     ] GC(130) O:  Capacity:     8192M (100%)       8192M (100%)       8192M (100%)       8192M (100%)       8192M (100%)       8192M (100%)   
[241.590s][info   ][gc,heap     ] GC(130) O:      Free:     3626M (44%)        7926M (97%)        7926M (97%)        7928M (97%)        7986M (97%)        3566M (44%)    
[241.590s][info   ][gc,heap     ] GC(130) O:      Used:     4566M (56%)         266M (3%)          266M (3%)          264M (3%)         4626M (56%)         206M (3%)     
[241.590s][info   ][gc,heap     ] GC(130) O: Old Generation Statistics:
[241.590s][info   ][gc,heap     ] GC(130) O:                Mark Start          Mark End        Relocate Start      Relocate End    
[241.590s][info   ][gc,heap     ] GC(130) O:      Used:       72M (1%)           72M (1%)           72M (1%)           70M (1%)     
[241.590s][info   ][gc,heap     ] GC(130) O:      Live:         -                64M (1%)           64M (1%)           64M (1%)     
[241.590s][info   ][gc,heap     ] GC(130) O:   Garbage:         -                 7M (0%)            7M (0%)            4M (0%)     
[241.590s][info   ][gc,heap     ] GC(130) O: Allocated:         -                 0M (0%)            0M (0%)            0M (0%)     
[241.590s][info   ][gc,heap     ] GC(130) O: Reclaimed:         -                  -                 0M (0%)            2M (0%)     
[241.590s][info   ][gc,heap     ] GC(130) O: Compacted:         -                  -                  -                 5M (0%)     
[241.590s][info   ][gc,phases   ] GC(130) O: Old Generation 206M(3%)->264M(3%) 0.025s
[241.590s][info   ][gc          ] GC(130) Major Collection (Proactive) 4566M(56%)->264M(3%) 0.046s
[244.112s][info   ][gc          ] GC(131) Minor Collection (High Usage)
[244.112s][info   ][gc,task     ] GC(131) Using 1 Workers for Young Generation
[244.112s][info   ][gc,phases   ] GC(131) y: Young Generation
[244.112s][info   ][gc,phases   ] GC(131) y: Pause Mark Start 0.005ms
[244.124s][info   ][gc,phases   ] GC(131) y: Concurrent Mark 12.100ms
[244.124s][info   ][gc,phases   ] GC(131) y: Pause Mark End 0.007ms
[244.124s][info   ][gc,phases   ] GC(131) y: Concurrent Mark Free 0.000ms
[244.124s][info   ][gc,phases   ] GC(131) y: Concurrent Reset Relocation Set 0.005ms
[244.126s][info   ][gc,reloc    ] GC(131) y: Using tenuring threshold: 2 (Computed)
[244.126s][info   ][gc,phases   ] GC(131) y: Concurrent Select Relocation Set 1.192ms
[244.126s][info   ][gc,phases   ] GC(131) y: Pause Relocate Start 0.003ms
[244.126s][info   ][gc,phases   ] GC(131) y: Concurrent Relocate 0.190ms
[244.126s][info   ][gc,alloc    ] GC(131) y:                         Mark Start        Mark End      Relocate Start    Relocate End   
[244.126s][info   ][gc,alloc    ] GC(131) y: Allocation Stalls:          0                0                0                0         
[244.126s][info   ][gc,load     ] GC(131) y: Load: 1.79 (15%) / 1.45 (12%) / 1.47 (12%)
[244.126s][info   ][gc,mmu      ] GC(131) y: MMU: 2ms/98.5%, 5ms/99.4%, 10ms/99.7%, 20ms/99.8%, 50ms/99.9%, 100ms/99.9%
[244.126s][info   ][gc,marking  ] GC(131) y: Mark: 1 stripe(s), 2 proactive flush(es), 1 terminate flush(es), 0 completion(s), 0 continuation(s) 
[244.126s][info   ][gc,marking  ] GC(131) y: Mark Stack Usage: 32M
[244.126s][info   ][gc,nmethod  ] GC(131) y: NMethods: 383 registered, 110 unregistered
[244.126s][info   ][gc,metaspace] GC(131) y: Metaspace: 0M used, 0M committed, 1088M reserved
[244.126s][info   ][gc,reloc    ] GC(131) y:                        Candidates     Selected     In-Place         Size        Empty    Relocated 
[244.126s][info   ][gc,reloc    ] GC(131) y: Small Pages:                 3849            3            0        7698M        7624M           1M 
[244.126s][info   ][gc,reloc    ] GC(131) y: Medium Pages:                   0            0            0           0M           0M           0M 
[244.126s][info   ][gc,reloc    ] GC(131) y: Large Pages:                    0            0            0           0M           0M           0M 
[244.126s][info   ][gc,reloc    ] GC(131) y: Forwarding Usage: 0M
[244.126s][info   ][gc,reloc    ] GC(131) y: Age Table:
[244.126s][info   ][gc,reloc    ] GC(131) y:                    Live             Garbage             Small              Medium             Large        
[244.126s][info   ][gc,reloc    ] GC(131) y: Eden              63M (1%)         7566M (92%)       3815 / 3              0 / 0              0 / 0        
[244.126s][info   ][gc,reloc    ] GC(131) y: Survivor 1         1M (0%)           66M (1%)          34 / 0              0 / 0              0 / 0        
[244.126s][info   ][gc,heap     ] GC(131) y: Min Capacity: 8192M(100%)
[244.126s][info   ][gc,heap     ] GC(131) y: Max Capacity: 8192M(100%)
[244.126s][info   ][gc,heap     ] GC(131) y: Soft Max Capacity: 8192M(100%)
[244.126s][info   ][gc,heap     ] GC(131) y: Heap Statistics:
[244.126s][info   ][gc,heap     ] GC(131) y:                Mark Start          Mark End        Relocate Start      Relocate End           High               Low         
[244.126s][info   ][gc,heap     ] GC(131) y:  Capacity:     8192M (100%)       8192M (100%)       8192M (100%)       8192M (100%)       8192M (100%)       8192M (100%)   
[244.126s][info   ][gc,heap     ] GC(131) y:      Free:      424M (5%)          376M (5%)         8000M (98%)        8006M (98%)        8006M (98%)         376M (5%)     
[244.126s][info   ][gc,heap     ] GC(131) y:      Used:     7768M (95%)        7816M (95%)         192M (2%)          186M (2%)         7816M (95%)         186M (2%)     
[244.126s][info   ][gc,heap     ] GC(131) y: Young Generation Statistics:
[244.126s][info   ][gc,heap     ] GC(131) y:                Mark Start          Mark End        Relocate Start      Relocate End    
[244.126s][info   ][gc,heap     ] GC(131) y:      Used:     7698M (94%)        7746M (95%)         122M (1%)          116M (1%)     
[244.126s][info   ][gc,heap     ] GC(131) y:      Live:         -                64M (1%)           64M (1%)           64M (1%)     
[244.126s][info   ][gc,heap     ] GC(131) y:   Garbage:         -              7633M (93%)           9M (0%)            2M (0%)     
[244.126s][info   ][gc,heap     ] GC(131) y: Allocated:         -                48M (1%)           48M (1%)           48M (1%)     
[244.126s][info   ][gc,heap     ] GC(131) y: Reclaimed:         -                  -              7624M (93%)        7630M (93%)    
[244.126s][info   ][gc,heap     ] GC(131) y:  Promoted:         -                  -                 0M (0%)            0M (0%)     
[244.126s][info   ][gc,heap     ] GC(131) y: Compacted:         -                  -                  -                 1M (0%)     
[244.126s][info   ][gc,phases   ] GC(131) y: Young Generation 7768M(95%)->186M(2%) 0.014s
[244.126s][info   ][gc          ] GC(131) Minor Collection (High Usage) 7768M(95%)->186M(2%) 0.014s
[245.335s][info   ][gc          ] GC(132) Major Collection (Proactive)
[245.335s][info   ][gc,task     ] GC(132) Using 1 Workers for Young Generation
[245.335s][info   ][gc,task     ] GC(132) Using 1 Workers for Old Generation
[245.335s][info   ][gc,phases   ] GC(132) Y: Young Generation
[245.335s][info   ][gc,phases   ] GC(132) Y: Pause Mark Start (Major) 0.014ms
[245.360s][info   ][gc,phases   ] GC(132) Y: Concurrent Mark 25.196ms
[245.360s][info   ][gc,phases   ] GC(132) Y: Pause Mark End 0.016ms
[245.360s][info   ][gc,phases   ] GC(132) Y: Concurrent Mark Free 0.000ms
[245.360s][info   ][gc,phases   ] GC(132) Y: Concurrent Reset Relocation Set 0.001ms
[245.361s][info   ][gc,reloc    ] GC(132) Y: Using tenuring threshold: 3 (Computed)
[245.361s][info   ][gc,phases   ] GC(132) Y: Concurrent Select Relocation Set 1.225ms
[245.361s][info   ][gc,phases   ] GC(132) Y: Pause Relocate Start 0.004ms
[245.362s][info   ][gc,phases   ] GC(132) Y: Concurrent Relocate 0.438ms
[245.362s][info   ][gc,alloc    ] GC(132) Y:                         Mark Start        Mark End      Relocate Start    Relocate End   
[245.362s][info   ][gc,alloc    ] GC(132) Y: Allocation Stalls:          0                0                0                0         
[245.362s][info   ][gc,load     ] GC(132) Y: Load: 1.79 (15%) / 1.45 (12%) / 1.47 (12%)
[245.362s][info   ][gc,mmu      ] GC(132) Y: MMU: 2ms/98.5%, 5ms/99.4%, 10ms/99.7%, 20ms/99.8%, 50ms/99.9%, 100ms/99.9%
[245.362s][info   ][gc,marking  ] GC(132) Y: Mark: 1 stripe(s), 2 proactive flush(es), 1 terminate flush(es), 0 completion(s), 0 continuation(s) 
[245.362s][info   ][gc,marking  ] GC(132) Y: Mark Stack Usage: 32M
[245.362s][info   ][gc,nmethod  ] GC(132) Y: NMethods: 383 registered, 110 unregistered
[245.362s][info   ][gc,metaspace] GC(132) Y: Metaspace: 0M used, 0M committed, 1088M reserved
[245.362s][info   ][gc,reloc    ] GC(132) Y:                        Candidates     Selected     In-Place         Size        Empty    Relocated 
[245.362s][info   ][gc,reloc    ] GC(132) Y: Small Pages:                 1855            5            0        3710M        3634M           2M 
[245.362s][info   ][gc,reloc    ] GC(132) Y: Medium Pages:                   0            0            0           0M           0M           0M 
[245.362s][info   ][gc,reloc    ] GC(132) Y: Large Pages:                    0            0            0           0M           0M           0M 
[245.362s][info   ][gc,reloc    ] GC(132) Y: Forwarding Usage: 0M
[245.362s][info   ][gc,reloc    ] GC(132) Y: Age Table:
[245.362s][info   ][gc,reloc    ] GC(132) Y:                    Live             Garbage             Small              Medium             Large        
[245.362s][info   ][gc,reloc    ] GC(132) Y: Eden              63M (1%)         3578M (44%)       1821 / 4              0 / 0              0 / 0        
[245.362s][info   ][gc,reloc    ] GC(132) Y: Survivor 1          -                66M (1%)          33 / 0              0 / 0              0 / 0        
[245.362s][info   ][gc,reloc    ] GC(132) Y: Survivor 2         1M (0%)            0M (0%)           1 / 1              0 / 0              0 / 0        
[245.362s][info   ][gc,heap     ] GC(132) Y: Min Capacity: 8192M(100%)
[245.362s][info   ][gc,heap     ] GC(132) Y: Max Capacity: 8192M(100%)
[245.362s][info   ][gc,heap     ] GC(132) Y: Soft Max Capacity: 8192M(100%)
[245.362s][info   ][gc,heap     ] GC(132) Y: Heap Statistics:
[245.362s][info   ][gc,heap     ] GC(132) Y:                Mark Start          Mark End        Relocate Start      Relocate End           High               Low         
[245.362s][info   ][gc,heap     ] GC(132) Y:  Capacity:     8192M (100%)       8192M (100%)       8192M (100%)       8192M (100%)       8192M (100%)       8192M (100%)   
[245.362s][info   ][gc,heap     ] GC(132) Y:      Free:     4412M (54%)        4346M (53%)        7978M (97%)        7984M (97%)        7986M (97%)        4346M (53%)    
[245.362s][info   ][gc,heap     ] GC(132) Y:      Used:     3780M (46%)        3846M (47%)         214M (3%)          208M (3%)         3846M (47%)         206M (3%)     
[245.362s][info   ][gc,heap     ] GC(132) Y: Young Generation Statistics:
[245.362s][info   ][gc,heap     ] GC(132) Y:                Mark Start          Mark End        Relocate Start      Relocate End    
[245.362s][info   ][gc,heap     ] GC(132) Y:      Used:     3710M (45%)        3776M (46%)         144M (2%)          138M (2%)     
[245.362s][info   ][gc,heap     ] GC(132) Y:      Live:         -                64M (1%)           64M (1%)           64M (1%)     
[245.362s][info   ][gc,heap     ] GC(132) Y:   Garbage:         -              3645M (44%)          11M (0%)            0M (0%)     
[245.362s][info   ][gc,heap     ] GC(132) Y: Allocated:         -                66M (1%)           68M (1%)           72M (1%)     
[245.362s][info   ][gc,heap     ] GC(132) Y: Reclaimed:         -                  -              3634M (44%)        3644M (44%)    
[245.362s][info   ][gc,heap     ] GC(132) Y:  Promoted:         -                  -                 0M (0%)            0M (0%)     
[245.362s][info   ][gc,heap     ] GC(132) Y: Compacted:         -                  -                  -                 3M (0%)     
[245.362s][info   ][gc,phases   ] GC(132) Y: Young Generation 3780M(46%)->208M(3%) 0.027s
[245.362s][info   ][gc,phases   ] GC(132) O: Old Generation
[245.388s][info   ][gc,phases   ] GC(132) O: Concurrent Mark 26.322ms
[245.388s][info   ][gc,phases   ] GC(132) O: Pause Mark End 0.009ms
[245.388s][info   ][gc,phases   ] GC(132) O: Concurrent Mark Free 0.000ms
[245.389s][info   ][gc,phases   ] GC(132) O: Concurrent Process Non-Strong 0.546ms
[245.389s][info   ][gc,phases   ] GC(132) O: Concurrent Reset Relocation Set 0.001ms
[245.390s][info   ][gc,phases   ] GC(132) O: Concurrent Select Relocation Set 0.871ms
[245.390s][info   ][gc,task     ] GC(132) O: Using 2 Workers for Old Generation
[245.393s][info   ][gc,task     ] GC(132) O: Using 1 Workers for Old Generation
[245.393s][info   ][gc,phases   ] GC(132) O: Concurrent Remap Roots 2.942ms
[245.393s][info   ][gc,phases   ] GC(132) O: Pause Relocate Start 0.004ms
[245.393s][info   ][gc,phases   ] GC(132) O: Concurrent Relocate 0.016ms
[245.393s][info   ][gc,alloc    ] GC(132) O:                         Mark Start        Mark End      Relocate Start    Relocate End   
[245.393s][info   ][gc,alloc    ] GC(132) O: Allocation Stalls:          0                0                0                0         
[245.393s][info   ][gc,load     ] GC(132) O: Load: 1.79 (15%) / 1.45 (12%) / 1.47 (12%)
[245.393s][info   ][gc,mmu      ] GC(132) O: MMU: 2ms/98.5%, 5ms/99.4%, 10ms/99.7%, 20ms/99.8%, 50ms/99.9%, 100ms/99.9%
[245.393s][info   ][gc,marking  ] GC(132) O: Mark: 1 stripe(s), 2 proactive flush(es), 1 terminate flush(es), 0 completion(s), 0 continuation(s) 
[245.393s][info   ][gc,marking  ] GC(132) O: Mark Stack Usage: 32M
[245.393s][info   ][gc,nmethod  ] GC(132) O: NMethods: 383 registered, 110 unregistered
[245.393s][info   ][gc,metaspace] GC(132) O: Metaspace: 0M used, 0M committed, 1088M reserved
[245.393s][info   ][gc,ref      ] GC(132) O:                       Encountered   Discovered     Enqueued 
[245.393s][info   ][gc,ref      ] GC(132) O: Soft References:               64            0            0 
[245.393s][info   ][gc,ref      ] GC(132) O: Weak References:              217          164            0 
[245.393s][info   ][gc,ref      ] GC(132) O: Final References:               0            0            0 
[245.393s][info   ][gc,ref      ] GC(132) O: Phantom References:             5            3            0 
[245.393s][info   ][gc,reloc    ] GC(132) O:                        Candidates     Selected     In-Place         Size        Empty    Relocated 
[245.393s][info   ][gc,reloc    ] GC(132) O: Small Pages:                   35            0            0          70M           0M           0M 
[245.393s][info   ][gc,reloc    ] GC(132) O: Medium Pages:                   0            0            0           0M           0M           0M 
[245.393s][info   ][gc,reloc    ] GC(132) O: Large Pages:                    0            0            0           0M           0M           0M 
[245.393s][info   ][gc,reloc    ] GC(132) O: Forwarding Usage: 0M
[245.393s][info   ][gc,heap     ] GC(132) O: Min Capacity: 8192M(100%)
[245.393s][info   ][gc,heap     ] GC(132) O: Max Capacity: 8192M(100%)
[245.393s][info   ][gc,heap     ] GC(132) O: Soft Max Capacity: 8192M(100%)
[245.393s][info   ][gc,heap     ] GC(132) O: Heap Statistics:
[245.393s][info   ][gc,heap     ] GC(132) O:                Mark Start          Mark End        Relocate Start      Relocate End           High               Low         
[245.393s][info   ][gc,heap     ] GC(132) O:  Capacity:     8192M (100%)       8192M (100%)       8192M (100%)       8192M (100%)       8192M (100%)       8192M (100%)   
[245.393s][info   ][gc,heap     ] GC(132) O:      Free:     4412M (54%)        7898M (96%)        7882M (96%)        7882M (96%)        7986M (97%)        4346M (53%)    
[245.393s][info   ][gc,heap     ] GC(132) O:      Used:     3780M (46%)         294M (4%)          310M (4%)          310M (4%)         3846M (47%)         206M (3%)     
[245.393s][info   ][gc,heap     ] GC(132) O: Old Generation Statistics:
[245.393s][info   ][gc,heap     ] GC(132) O:                Mark Start          Mark End        Relocate Start      Relocate End    
[245.393s][info   ][gc,heap     ] GC(132) O:      Used:       70M (1%)           70M (1%)           70M (1%)           70M (1%)     
[245.393s][info   ][gc,heap     ] GC(132) O:      Live:         -                64M (1%)           64M (1%)           64M (1%)     
[245.393s][info   ][gc,heap     ] GC(132) O:   Garbage:         -                 5M (0%)            5M (0%)            5M (0%)     
[245.393s][info   ][gc,heap     ] GC(132) O: Allocated:         -                 0M (0%)            0M (0%)            0M (0%)     
[245.393s][info   ][gc,heap     ] GC(132) O: Reclaimed:         -                  -                 0M (0%)            0M (0%)     
[245.393s][info   ][gc,heap     ] GC(132) O: Compacted:         -                  -                  -                 0M (0%)     
[245.393s][info   ][gc,phases   ] GC(132) O: Old Generation 210M(3%)->310M(4%) 0.031s
[245.393s][info   ][gc          ] GC(132) Major Collection (Proactive) 3778M(46%)->310M(4%) 0.058s
[247.896s][info   ][gc          ] GC(133) Minor Collection (High Usage)
[247.896s][info   ][gc,task     ] GC(133) Using 1 Workers for Young Generation
[247.896s][info   ][gc,phases   ] GC(133) y: Young Generation
[247.896s][info   ][gc,phases   ] GC(133) y: Pause Mark Start 0.015ms
[247.919s][info   ][gc,phases   ] GC(133) y: Concurrent Mark 22.805ms
[247.919s][info   ][gc,phases   ] GC(133) y: Pause Mark End 0.015ms
[247.919s][info   ][gc,phases   ] GC(133) y: Concurrent Mark Free 0.000ms
[247.919s][info   ][gc,phases   ] GC(133) y: Concurrent Reset Relocation Set 0.002ms
[247.921s][info   ][gc,reloc    ] GC(133) y: Using tenuring threshold: 4 (Computed)
[247.921s][info   ][gc,phases   ] GC(133) y: Concurrent Select Relocation Set 1.326ms
[247.921s][info   ][gc,phases   ] GC(133) y: Pause Relocate Start 0.005ms
[247.921s][info   ][gc,phases   ] GC(133) y: Concurrent Relocate 0.250ms
[247.921s][info   ][gc,alloc    ] GC(133) y:                         Mark Start        Mark End      Relocate Start    Relocate End   
[247.921s][info   ][gc,alloc    ] GC(133) y: Allocation Stalls:          0                0                0                0         
[247.921s][info   ][gc,load     ] GC(133) y: Load: 1.79 (15%) / 1.45 (12%) / 1.47 (12%)
[247.921s][info   ][gc,mmu      ] GC(133) y: MMU: 2ms/98.5%, 5ms/99.4%, 10ms/99.7%, 20ms/99.8%, 50ms/99.9%, 100ms/99.9%
[247.921s][info   ][gc,marking  ] GC(133) y: Mark: 1 stripe(s), 2 proactive flush(es), 1 terminate flush(es), 0 completion(s), 0 continuation(s) 
[247.921s][info   ][gc,marking  ] GC(133) y: Mark Stack Usage: 32M
[247.921s][info   ][gc,nmethod  ] GC(133) y: NMethods: 383 registered, 110 unregistered
[247.921s][info   ][gc,metaspace] GC(133) y: Metaspace: 0M used, 0M committed, 1088M reserved
[247.921s][info   ][gc,reloc    ] GC(133) y:                        Candidates     Selected     In-Place         Size        Empty    Relocated 
[247.921s][info   ][gc,reloc    ] GC(133) y: Small Pages:                 3843            3            0        7686M        7612M           1M 
[247.921s][info   ][gc,reloc    ] GC(133) y: Medium Pages:                   0            0            0           0M           0M           0M 
[247.921s][info   ][gc,reloc    ] GC(133) y: Large Pages:                    0            0            0           0M           0M           0M 
[247.921s][info   ][gc,reloc    ] GC(133) y: Forwarding Usage: 0M
[247.921s][info   ][gc,reloc    ] GC(133) y: Age Table:
[247.921s][info   ][gc,reloc    ] GC(133) y:                    Live             Garbage             Small              Medium             Large        
[247.921s][info   ][gc,reloc    ] GC(133) y: Eden              63M (1%)         7554M (92%)       3809 / 3              0 / 0              0 / 0        
[247.921s][info   ][gc,reloc    ] GC(133) y: Survivor 1          -                66M (1%)          33 / 0              0 / 0              0 / 0        
[247.921s][info   ][gc,reloc    ] GC(133) y: Survivor 2          -                 0M (0%)           0 / 0              0 / 0              0 / 0        
[247.921s][info   ][gc,reloc    ] GC(133) y: Survivor 3         1M (0%)            0M (0%)           1 / 0              0 / 0              0 / 0        
[247.921s][info   ][gc,heap     ] GC(133) y: Min Capacity: 8192M(100%)
[247.921s][info   ][gc,heap     ] GC(133) y: Max Capacity: 8192M(100%)
[247.921s][info   ][gc,heap     ] GC(133) y: Soft Max Capacity: 8192M(100%)
[247.921s][info   ][gc,heap     ] GC(133) y: Heap Statistics:
[247.921s][info   ][gc,heap     ] GC(133) y:                Mark Start          Mark End        Relocate Start      Relocate End           High               Low         
[247.921s][info   ][gc,heap     ] GC(133) y:  Capacity:     8192M (100%)       8192M (100%)       8192M (100%)       8192M (100%)       8192M (100%)       8192M (100%)   
[247.921s][info   ][gc,heap     ] GC(133) y:      Free:      436M (5%)          372M (5%)         7984M (97%)        7990M (98%)        7990M (98%)         372M (5%)     
[247.921s][info   ][gc,heap     ] GC(133) y:      Used:     7756M (95%)        7820M (95%)         208M (3%)          202M (2%)         7820M (95%)         202M (2%)     
[247.921s][info   ][gc,heap     ] GC(133) y: Young Generation Statistics:
[247.921s][info   ][gc,heap     ] GC(133) y:                Mark Start          Mark End        Relocate Start      Relocate End    
[247.921s][info   ][gc,heap     ] GC(133) y:      Used:     7686M (94%)        7750M (95%)         138M (2%)          132M (2%)     
[247.921s][info   ][gc,heap     ] GC(133) y:      Live:         -                64M (1%)           64M (1%)           64M (1%)     
[247.921s][info   ][gc,heap     ] GC(133) y:   Garbage:         -              7621M (93%)           9M (0%)            3M (0%)     
[247.921s][info   ][gc,heap     ] GC(133) y: Allocated:         -                64M (1%)           64M (1%)           64M (1%)     
[247.921s][info   ][gc,heap     ] GC(133) y: Reclaimed:         -                  -              7612M (93%)        7618M (93%)    
[247.921s][info   ][gc,heap     ] GC(133) y:  Promoted:         -                  -                 0M (0%)            0M (0%)     
[247.921s][info   ][gc,heap     ] GC(133) y: Compacted:         -                  -                  -                 1M (0%)     
[247.921s][info   ][gc,phases   ] GC(133) y: Young Generation 7756M(95%)->202M(2%) 0.025s
[247.921s][info   ][gc          ] GC(133) Minor Collection (High Usage) 7756M(95%)->202M(2%) 0.025s
[249.144s][info   ][gc          ] GC(134) Major Collection (Proactive)
[249.144s][info   ][gc,task     ] GC(134) Using 1 Workers for Young Generation
[249.144s][info   ][gc,task     ] GC(134) Using 1 Workers for Old Generation
[249.144s][info   ][gc,phases   ] GC(134) Y: Young Generation
[249.144s][info   ][gc,phases   ] GC(134) Y: Pause Mark Start (Major) 0.010ms
[249.166s][info   ][gc,phases   ] GC(134) Y: Concurrent Mark 22.471ms
[249.167s][info   ][gc,phases   ] GC(134) Y: Pause Mark End 0.011ms
[249.167s][info   ][gc,phases   ] GC(134) Y: Concurrent Mark Free 0.000ms
[249.167s][info   ][gc,phases   ] GC(134) Y: Concurrent Reset Relocation Set 0.001ms
[249.168s][info   ][gc,reloc    ] GC(134) Y: Using tenuring threshold: 5 (Computed)
[249.168s][info   ][gc,phases   ] GC(134) Y: Concurrent Select Relocation Set 1.194ms
[249.168s][info   ][gc,phases   ] GC(134) Y: Pause Relocate Start 0.003ms
[249.168s][info   ][gc,phases   ] GC(134) Y: Concurrent Relocate 0.402ms
[249.168s][info   ][gc,alloc    ] GC(134) Y:                         Mark Start        Mark End      Relocate Start    Relocate End   
[249.168s][info   ][gc,alloc    ] GC(134) Y: Allocation Stalls:          0                0                0                0         
[249.168s][info   ][gc,load     ] GC(134) Y: Load: 1.65 (14%) / 1.43 (12%) / 1.46 (12%)
[249.168s][info   ][gc,mmu      ] GC(134) Y: MMU: 2ms/98.5%, 5ms/99.4%, 10ms/99.7%, 20ms/99.8%, 50ms/99.9%, 100ms/99.9%
[249.168s][info   ][gc,marking  ] GC(134) Y: Mark: 1 stripe(s), 2 proactive flush(es), 1 terminate flush(es), 0 completion(s), 0 continuation(s) 
[249.168s][info   ][gc,marking  ] GC(134) Y: Mark Stack Usage: 32M
[249.168s][info   ][gc,nmethod  ] GC(134) Y: NMethods: 383 registered, 110 unregistered
[249.168s][info   ][gc,metaspace] GC(134) Y: Metaspace: 0M used, 0M committed, 1088M reserved
[249.168s][info   ][gc,reloc    ] GC(134) Y:                        Candidates     Selected     In-Place         Size        Empty    Relocated 
[249.168s][info   ][gc,reloc    ] GC(134) Y: Small Pages:                 1889            4            0        3778M        3702M           2M 
[249.168s][info   ][gc,reloc    ] GC(134) Y: Medium Pages:                   0            0            0           0M           0M           0M 
[249.168s][info   ][gc,reloc    ] GC(134) Y: Large Pages:                    0            0            0           0M           0M           0M 
[249.168s][info   ][gc,reloc    ] GC(134) Y: Forwarding Usage: 0M
[249.168s][info   ][gc,reloc    ] GC(134) Y: Age Table:
[249.168s][info   ][gc,reloc    ] GC(134) Y:                    Live             Garbage             Small              Medium             Large        
[249.168s][info   ][gc,reloc    ] GC(134) Y: Eden              63M (1%)         3646M (45%)       1855 / 4              0 / 0              0 / 0        
[249.168s][info   ][gc,reloc    ] GC(134) Y: Survivor 1          -                66M (1%)          33 / 0              0 / 0              0 / 0        
[249.168s][info   ][gc,reloc    ] GC(134) Y: Survivor 2          -                 0M (0%)           0 / 0              0 / 0              0 / 0        
[249.168s][info   ][gc,reloc    ] GC(134) Y: Survivor 3          -                 0M (0%)           0 / 0              0 / 0              0 / 0        
[249.168s][info   ][gc,reloc    ] GC(134) Y: Survivor 4         1M (0%)            0M (0%)           1 / 0              0 / 0              0 / 0        
[249.168s][info   ][gc,heap     ] GC(134) Y: Min Capacity: 8192M(100%)
[249.168s][info   ][gc,heap     ] GC(134) Y: Max Capacity: 8192M(100%)
[249.168s][info   ][gc,heap     ] GC(134) Y: Soft Max Capacity: 8192M(100%)
[249.168s][info   ][gc,heap     ] GC(134) Y: Heap Statistics:
[249.168s][info   ][gc,heap     ] GC(134) Y:                Mark Start          Mark End        Relocate Start      Relocate End           High               Low         
[249.168s][info   ][gc,heap     ] GC(134) Y:  Capacity:     8192M (100%)       8192M (100%)       8192M (100%)       8192M (100%)       8192M (100%)       8192M (100%)   
[249.168s][info   ][gc,heap     ] GC(134) Y:      Free:     4344M (53%)        4272M (52%)        7974M (97%)        7982M (97%)        7982M (97%)        4272M (52%)    
[249.168s][info   ][gc,heap     ] GC(134) Y:      Used:     3848M (47%)        3920M (48%)         218M (3%)          210M (3%)         3920M (48%)         210M (3%)     
[249.168s][info   ][gc,heap     ] GC(134) Y: Young Generation Statistics:
[249.168s][info   ][gc,heap     ] GC(134) Y:                Mark Start          Mark End        Relocate Start      Relocate End    
[249.168s][info   ][gc,heap     ] GC(134) Y:      Used:     3778M (46%)        3850M (47%)         148M (2%)          140M (2%)     
[249.168s][info   ][gc,heap     ] GC(134) Y:      Live:         -                64M (1%)           64M (1%)           64M (1%)     
[249.168s][info   ][gc,heap     ] GC(134) Y:   Garbage:         -              3713M (45%)          11M (0%)            2M (0%)     
[249.168s][info   ][gc,heap     ] GC(134) Y: Allocated:         -                72M (1%)           72M (1%)           72M (1%)     
[249.168s][info   ][gc,heap     ] GC(134) Y: Reclaimed:         -                  -              3702M (45%)        3710M (45%)    
[249.168s][info   ][gc,heap     ] GC(134) Y:  Promoted:         -                  -                 0M (0%)            0M (0%)     
[249.168s][info   ][gc,heap     ] GC(134) Y: Compacted:         -                  -                  -                 3M (0%)     
[249.168s][info   ][gc,phases   ] GC(134) Y: Young Generation 3848M(47%)->210M(3%) 0.024s
[249.168s][info   ][gc,phases   ] GC(134) O: Old Generation
[249.197s][info   ][gc,phases   ] GC(134) O: Concurrent Mark 28.428ms
[249.197s][info   ][gc,phases   ] GC(134) O: Pause Mark End 0.010ms
[249.197s][info   ][gc,phases   ] GC(134) O: Concurrent Mark Free 0.000ms
[249.197s][info   ][gc,phases   ] GC(134) O: Concurrent Process Non-Strong 0.539ms
[249.197s][info   ][gc,phases   ] GC(134) O: Concurrent Reset Relocation Set 0.000ms
[249.198s][info   ][gc,phases   ] GC(134) O: Concurrent Select Relocation Set 0.891ms
[249.198s][info   ][gc,task     ] GC(134) O: Using 2 Workers for Old Generation
[249.201s][info   ][gc,task     ] GC(134) O: Using 1 Workers for Old Generation
[249.201s][info   ][gc,phases   ] GC(134) O: Concurrent Remap Roots 2.999ms
[249.201s][info   ][gc,phases   ] GC(134) O: Pause Relocate Start 0.004ms
[249.201s][info   ][gc,phases   ] GC(134) O: Concurrent Relocate 0.047ms
[249.201s][info   ][gc,alloc    ] GC(134) O:                         Mark Start        Mark End      Relocate Start    Relocate End   
[249.201s][info   ][gc,alloc    ] GC(134) O: Allocation Stalls:          0                0                0                0         
[249.201s][info   ][gc,load     ] GC(134) O: Load: 1.65 (14%) / 1.43 (12%) / 1.46 (12%)
[249.201s][info   ][gc,mmu      ] GC(134) O: MMU: 2ms/98.5%, 5ms/99.4%, 10ms/99.7%, 20ms/99.8%, 50ms/99.9%, 100ms/99.9%
[249.201s][info   ][gc,marking  ] GC(134) O: Mark: 1 stripe(s), 2 proactive flush(es), 1 terminate flush(es), 0 completion(s), 0 continuation(s) 
[249.201s][info   ][gc,marking  ] GC(134) O: Mark Stack Usage: 32M
[249.201s][info   ][gc,nmethod  ] GC(134) O: NMethods: 383 registered, 110 unregistered
[249.201s][info   ][gc,metaspace] GC(134) O: Metaspace: 0M used, 0M committed, 1088M reserved
[249.201s][info   ][gc,ref      ] GC(134) O:                       Encountered   Discovered     Enqueued 
[249.201s][info   ][gc,ref      ] GC(134) O: Soft References:               64            0            0 
[249.201s][info   ][gc,ref      ] GC(134) O: Weak References:              217          164            0 
[249.201s][info   ][gc,ref      ] GC(134) O: Final References:               0            0            0 
[249.201s][info   ][gc,ref      ] GC(134) O: Phantom References:             5            3            0 
[249.201s][info   ][gc,reloc    ] GC(134) O:                        Candidates     Selected     In-Place         Size        Empty    Relocated 
[249.201s][info   ][gc,reloc    ] GC(134) O: Small Pages:                   35            0            0          70M           0M           0M 
[249.201s][info   ][gc,reloc    ] GC(134) O: Medium Pages:                   0            0            0           0M           0M           0M 
[249.201s][info   ][gc,reloc    ] GC(134) O: Large Pages:                    0            0            0           0M           0M           0M 
[249.201s][info   ][gc,reloc    ] GC(134) O: Forwarding Usage: 0M
[249.201s][info   ][gc,heap     ] GC(134) O: Min Capacity: 8192M(100%)
[249.201s][info   ][gc,heap     ] GC(134) O: Max Capacity: 8192M(100%)
[249.201s][info   ][gc,heap     ] GC(134) O: Soft Max Capacity: 8192M(100%)
[249.201s][info   ][gc,heap     ] GC(134) O: Heap Statistics:
[249.201s][info   ][gc,heap     ] GC(134) O:                Mark Start          Mark End        Relocate Start      Relocate End           High               Low         
[249.201s][info   ][gc,heap     ] GC(134) O:  Capacity:     8192M (100%)       8192M (100%)       8192M (100%)       8192M (100%)       8192M (100%)       8192M (100%)   
[249.201s][info   ][gc,heap     ] GC(134) O:      Free:     4344M (53%)        7892M (96%)        7892M (96%)        7892M (96%)        7982M (97%)        4272M (52%)    
[249.201s][info   ][gc,heap     ] GC(134) O:      Used:     3848M (47%)         300M (4%)          300M (4%)          300M (4%)         3920M (48%)         210M (3%)     
[249.201s][info   ][gc,heap     ] GC(134) O: Old Generation Statistics:
[249.201s][info   ][gc,heap     ] GC(134) O:                Mark Start          Mark End        Relocate Start      Relocate End    
[249.201s][info   ][gc,heap     ] GC(134) O:      Used:       70M (1%)           70M (1%)           70M (1%)           70M (1%)     
[249.201s][info   ][gc,heap     ] GC(134) O:      Live:         -                64M (1%)           64M (1%)           64M (1%)     
[249.201s][info   ][gc,heap     ] GC(134) O:   Garbage:         -                 5M (0%)            5M (0%)            5M (0%)     
[249.201s][info   ][gc,heap     ] GC(134) O: Allocated:         -                 0M (0%)            0M (0%)            0M (0%)     
[249.201s][info   ][gc,heap     ] GC(134) O: Reclaimed:         -                  -                 0M (0%)            0M (0%)     
[249.201s][info   ][gc,heap     ] GC(134) O: Compacted:         -                  -                  -                 0M (0%)     
[249.201s][info   ][gc,phases   ] GC(134) O: Old Generation 210M(3%)->300M(4%) 0.033s
[249.201s][info   ][gc          ] GC(134) Major Collection (Proactive) 3848M(47%)->302M(4%) 0.058s
[251.706s][info   ][gc          ] GC(135) Minor Collection (High Usage)
[251.706s][info   ][gc,task     ] GC(135) Using 1 Workers for Young Generation
[251.706s][info   ][gc,phases   ] GC(135) y: Young Generation
[251.706s][info   ][gc,phases   ] GC(135) y: Pause Mark Start 0.013ms
[251.728s][info   ][gc,phases   ] GC(135) y: Concurrent Mark 22.170ms
[251.728s][info   ][gc,phases   ] GC(135) y: Pause Mark End 0.012ms
[251.728s][info   ][gc,phases   ] GC(135) y: Concurrent Mark Free 0.001ms
[251.728s][info   ][gc,phases   ] GC(135) y: Concurrent Reset Relocation Set 0.001ms
[251.730s][info   ][gc,reloc    ] GC(135) y: Using tenuring threshold: 6 (Computed)
[251.730s][info   ][gc,phases   ] GC(135) y: Concurrent Select Relocation Set 1.342ms
[251.730s][info   ][gc,phases   ] GC(135) y: Pause Relocate Start 0.005ms
[251.730s][info   ][gc,phases   ] GC(135) y: Concurrent Relocate 0.414ms
[251.730s][info   ][gc,alloc    ] GC(135) y:                         Mark Start        Mark End      Relocate Start    Relocate End   
[251.730s][info   ][gc,alloc    ] GC(135) y: Allocation Stalls:          0                0                0                0         
[251.730s][info   ][gc,load     ] GC(135) y: Load: 1.65 (14%) / 1.43 (12%) / 1.46 (12%)
[251.730s][info   ][gc,mmu      ] GC(135) y: MMU: 2ms/98.5%, 5ms/99.4%, 10ms/99.7%, 20ms/99.8%, 50ms/99.9%, 100ms/99.9%
[251.730s][info   ][gc,marking  ] GC(135) y: Mark: 1 stripe(s), 2 proactive flush(es), 1 terminate flush(es), 0 completion(s), 0 continuation(s) 
[251.730s][info   ][gc,marking  ] GC(135) y: Mark Stack Usage: 32M
[251.730s][info   ][gc,nmethod  ] GC(135) y: NMethods: 383 registered, 110 unregistered
[251.730s][info   ][gc,metaspace] GC(135) y: Metaspace: 0M used, 0M committed, 1088M reserved
[251.730s][info   ][gc,reloc    ] GC(135) y:                        Candidates     Selected     In-Place         Size        Empty    Relocated 
[251.730s][info   ][gc,reloc    ] GC(135) y: Small Pages:                 3846            3            0        7692M        7618M           2M 
[251.730s][info   ][gc,reloc    ] GC(135) y: Medium Pages:                   0            0            0           0M           0M           0M 
[251.730s][info   ][gc,reloc    ] GC(135) y: Large Pages:                    0            0            0           0M           0M           0M 
[251.730s][info   ][gc,reloc    ] GC(135) y: Forwarding Usage: 0M
[251.730s][info   ][gc,reloc    ] GC(135) y: Age Table:
[251.730s][info   ][gc,reloc    ] GC(135) y:                    Live             Garbage             Small              Medium             Large        
[251.730s][info   ][gc,reloc    ] GC(135) y: Eden              63M (1%)         7560M (92%)       3812 / 3              0 / 0              0 / 0        
[251.730s][info   ][gc,reloc    ] GC(135) y: Survivor 1          -                66M (1%)          33 / 0              0 / 0              0 / 0        
[251.730s][info   ][gc,reloc    ] GC(135) y: Survivor 2          -                 0M (0%)           0 / 0              0 / 0              0 / 0        
[251.730s][info   ][gc,reloc    ] GC(135) y: Survivor 3          -                 0M (0%)           0 / 0              0 / 0              0 / 0        
[251.730s][info   ][gc,reloc    ] GC(135) y: Survivor 4          -                 0M (0%)           0 / 0              0 / 0              0 / 0        
[251.730s][info   ][gc,reloc    ] GC(135) y: Survivor 5         1M (0%)            0M (0%)           1 / 0              0 / 0              0 / 0        
[251.730s][info   ][gc,heap     ] GC(135) y: Min Capacity: 8192M(100%)
[251.730s][info   ][gc,heap     ] GC(135) y: Max Capacity: 8192M(100%)
[251.730s][info   ][gc,heap     ] GC(135) y: Soft Max Capacity: 8192M(100%)
[251.730s][info   ][gc,heap     ] GC(135) y: Heap Statistics:
[251.730s][info   ][gc,heap     ] GC(135) y:                Mark Start          Mark End        Relocate Start      Relocate End           High               Low         
[251.730s][info   ][gc,heap     ] GC(135) y:  Capacity:     8192M (100%)       8192M (100%)       8192M (100%)       8192M (100%)       8192M (100%)       8192M (100%)   
[251.730s][info   ][gc,heap     ] GC(135) y:      Free:      430M (5%)          368M (4%)         7986M (97%)        7992M (98%)        7992M (98%)         368M (4%)     
[251.730s][info   ][gc,heap     ] GC(135) y:      Used:     7762M (95%)        7824M (96%)         206M (3%)          200M (2%)         7824M (96%)         200M (2%)     
[251.730s][info   ][gc,heap     ] GC(135) y: Young Generation Statistics:
[251.730s][info   ][gc,heap     ] GC(135) y:                Mark Start          Mark End        Relocate Start      Relocate End    
[251.730s][info   ][gc,heap     ] GC(135) y:      Used:     7692M (94%)        7754M (95%)         136M (2%)          130M (2%)     
[251.730s][info   ][gc,heap     ] GC(135) y:      Live:         -                64M (1%)           64M (1%)           64M (1%)     
[251.730s][info   ][gc,heap     ] GC(135) y:   Garbage:         -              7627M (93%)           9M (0%)            2M (0%)     
[251.730s][info   ][gc,heap     ] GC(135) y: Allocated:         -                62M (1%)           62M (1%)           62M (1%)     
[251.730s][info   ][gc,heap     ] GC(135) y: Reclaimed:         -                  -              7618M (93%)        7624M (93%)    
[251.730s][info   ][gc,heap     ] GC(135) y:  Promoted:         -                  -                 0M (0%)            0M (0%)     
[251.730s][info   ][gc,heap     ] GC(135) y: Compacted:         -                  -                  -                 3M (0%)     
[251.730s][info   ][gc,phases   ] GC(135) y: Young Generation 7762M(95%)->200M(2%) 0.024s
[251.730s][info   ][gc          ] GC(135) Minor Collection (High Usage) 7762M(95%)->200M(2%) 0.024s
[252.614s][info   ][gc          ] GC(136) Major Collection (Proactive)
[252.614s][info   ][gc,task     ] GC(136) Using 1 Workers for Young Generation
[252.614s][info   ][gc,task     ] GC(136) Using 1 Workers for Old Generation
[252.614s][info   ][gc,phases   ] GC(136) Y: Young Generation
[252.614s][info   ][gc,phases   ] GC(136) Y: Pause Mark Start (Major) 0.017ms
[252.638s][info   ][gc,phases   ] GC(136) Y: Concurrent Mark 23.496ms
[252.638s][info   ][gc,phases   ] GC(136) Y: Pause Mark End 0.015ms
[252.638s][info   ][gc,phases   ] GC(136) Y: Concurrent Mark Free 0.000ms
[252.638s][info   ][gc,phases   ] GC(136) Y: Concurrent Reset Relocation Set 0.001ms
[252.639s][info   ][gc,reloc    ] GC(136) Y: Using tenuring threshold: 7 (Computed)
[252.639s][info   ][gc,phases   ] GC(136) Y: Concurrent Select Relocation Set 1.097ms
[252.639s][info   ][gc,phases   ] GC(136) Y: Pause Relocate Start 0.005ms
[252.639s][info   ][gc,phases   ] GC(136) Y: Concurrent Relocate 0.634ms
[252.639s][info   ][gc,alloc    ] GC(136) Y:                         Mark Start        Mark End      Relocate Start    Relocate End   
[252.639s][info   ][gc,alloc    ] GC(136) Y: Allocation Stalls:          0                0                0                0         
[252.639s][info   ][gc,load     ] GC(136) Y: Load: 1.65 (14%) / 1.43 (12%) / 1.46 (12%)
[252.639s][info   ][gc,mmu      ] GC(136) Y: MMU: 2ms/98.5%, 5ms/99.4%, 10ms/99.7%, 20ms/99.8%, 50ms/99.9%, 100ms/99.9%
[252.639s][info   ][gc,marking  ] GC(136) Y: Mark: 1 stripe(s), 2 proactive flush(es), 1 terminate flush(es), 0 completion(s), 0 continuation(s) 
[252.639s][info   ][gc,marking  ] GC(136) Y: Mark Stack Usage: 32M
[252.639s][info   ][gc,nmethod  ] GC(136) Y: NMethods: 383 registered, 110 unregistered
[252.639s][info   ][gc,metaspace] GC(136) Y: Metaspace: 0M used, 0M committed, 1088M reserved
[252.639s][info   ][gc,reloc    ] GC(136) Y:                        Candidates     Selected     In-Place         Size        Empty    Relocated 
[252.639s][info   ][gc,reloc    ] GC(136) Y: Small Pages:                 1383            5            0        2766M        2688M           3M 
[252.639s][info   ][gc,reloc    ] GC(136) Y: Medium Pages:                   0            0            0           0M           0M           0M 
[252.639s][info   ][gc,reloc    ] GC(136) Y: Large Pages:                    0            0            0           0M           0M           0M 
[252.639s][info   ][gc,reloc    ] GC(136) Y: Forwarding Usage: 0M
[252.639s][info   ][gc,reloc    ] GC(136) Y: Age Table:
[252.639s][info   ][gc,reloc    ] GC(136) Y:                    Live             Garbage             Small              Medium             Large        
[252.639s][info   ][gc,reloc    ] GC(136) Y: Eden              63M (1%)         2634M (32%)       1349 / 4              0 / 0              0 / 0        
[252.639s][info   ][gc,reloc    ] GC(136) Y: Survivor 1          -                66M (1%)          33 / 0              0 / 0              0 / 0        
[252.639s][info   ][gc,reloc    ] GC(136) Y: Survivor 2          -                 0M (0%)           0 / 0              0 / 0              0 / 0        
[252.639s][info   ][gc,reloc    ] GC(136) Y: Survivor 3          -                 0M (0%)           0 / 0              0 / 0              0 / 0        
[252.639s][info   ][gc,reloc    ] GC(136) Y: Survivor 4          -                 0M (0%)           0 / 0              0 / 0              0 / 0        
[252.639s][info   ][gc,reloc    ] GC(136) Y: Survivor 5          -                 0M (0%)           0 / 0              0 / 0              0 / 0        
[252.639s][info   ][gc,reloc    ] GC(136) Y: Survivor 6         1M (0%)            0M (0%)           1 / 1              0 / 0              0 / 0        
[252.639s][info   ][gc,heap     ] GC(136) Y: Min Capacity: 8192M(100%)
[252.639s][info   ][gc,heap     ] GC(136) Y: Max Capacity: 8192M(100%)
[252.639s][info   ][gc,heap     ] GC(136) Y: Soft Max Capacity: 8192M(100%)
[252.639s][info   ][gc,heap     ] GC(136) Y: Heap Statistics:
[252.639s][info   ][gc,heap     ] GC(136) Y:                Mark Start          Mark End        Relocate Start      Relocate End           High               Low         
[252.639s][info   ][gc,heap     ] GC(136) Y:  Capacity:     8192M (100%)       8192M (100%)       8192M (100%)       8192M (100%)       8192M (100%)       8192M (100%)   
[252.639s][info   ][gc,heap     ] GC(136) Y:      Free:     5356M (65%)        5284M (65%)        7972M (97%)        7982M (97%)        7982M (97%)        5284M (65%)    
[252.639s][info   ][gc,heap     ] GC(136) Y:      Used:     2836M (35%)        2908M (35%)         220M (3%)          210M (3%)         2908M (35%)         210M (3%)     
[252.639s][info   ][gc,heap     ] GC(136) Y: Young Generation Statistics:
[252.639s][info   ][gc,heap     ] GC(136) Y:                Mark Start          Mark End        Relocate Start      Relocate End    
[252.639s][info   ][gc,heap     ] GC(136) Y:      Used:     2766M (34%)        2838M (35%)         150M (2%)          140M (2%)     
[252.639s][info   ][gc,heap     ] GC(136) Y:      Live:         -                64M (1%)           64M (1%)           64M (1%)     
[252.639s][info   ][gc,heap     ] GC(136) Y:   Garbage:         -              2701M (33%)          13M (0%)            2M (0%)     
[252.639s][info   ][gc,heap     ] GC(136) Y: Allocated:         -                72M (1%)           72M (1%)           72M (1%)     
[252.639s][info   ][gc,heap     ] GC(136) Y: Reclaimed:         -                  -              2688M (33%)        2698M (33%)    
[252.639s][info   ][gc,heap     ] GC(136) Y:  Promoted:         -                  -                 0M (0%)            0M (0%)     
[252.639s][info   ][gc,heap     ] GC(136) Y: Compacted:         -                  -                  -                 5M (0%)     
[252.639s][info   ][gc,phases   ] GC(136) Y: Young Generation 2836M(35%)->210M(3%) 0.026s
[252.639s][info   ][gc,phases   ] GC(136) O: Old Generation
[252.669s][info   ][gc,phases   ] GC(136) O: Concurrent Mark 29.029ms
[252.669s][info   ][gc,phases   ] GC(136) O: Pause Mark End 0.010ms
[252.669s][info   ][gc,phases   ] GC(136) O: Concurrent Mark Free 0.000ms
[252.669s][info   ][gc,phases   ] GC(136) O: Concurrent Process Non-Strong 0.562ms
[252.669s][info   ][gc,phases   ] GC(136) O: Concurrent Reset Relocation Set 0.000ms
[252.670s][info   ][gc,phases   ] GC(136) O: Concurrent Select Relocation Set 0.901ms
[252.670s][info   ][gc,task     ] GC(136) O: Using 2 Workers for Old Generation
[252.673s][info   ][gc,task     ] GC(136) O: Using 1 Workers for Old Generation
[252.673s][info   ][gc,phases   ] GC(136) O: Concurrent Remap Roots 3.004ms
[252.673s][info   ][gc,phases   ] GC(136) O: Pause Relocate Start 0.006ms
[252.673s][info   ][gc,phases   ] GC(136) O: Concurrent Relocate 0.027ms
[252.673s][info   ][gc,alloc    ] GC(136) O:                         Mark Start        Mark End      Relocate Start    Relocate End   
[252.673s][info   ][gc,alloc    ] GC(136) O: Allocation Stalls:          0                0                0                0         
[252.673s][info   ][gc,load     ] GC(136) O: Load: 1.65 (14%) / 1.43 (12%) / 1.46 (12%)
[252.673s][info   ][gc,mmu      ] GC(136) O: MMU: 2ms/98.5%, 5ms/99.4%, 10ms/99.7%, 20ms/99.8%, 50ms/99.9%, 100ms/99.9%
[252.673s][info   ][gc,marking  ] GC(136) O: Mark: 1 stripe(s), 2 proactive flush(es), 1 terminate flush(es), 0 completion(s), 0 continuation(s) 
[252.673s][info   ][gc,marking  ] GC(136) O: Mark Stack Usage: 32M
[252.673s][info   ][gc,nmethod  ] GC(136) O: NMethods: 383 registered, 110 unregistered
[252.673s][info   ][gc,metaspace] GC(136) O: Metaspace: 0M used, 0M committed, 1088M reserved
[252.673s][info   ][gc,ref      ] GC(136) O:                       Encountered   Discovered     Enqueued 
[252.673s][info   ][gc,ref      ] GC(136) O: Soft References:               64            0            0 
[252.673s][info   ][gc,ref      ] GC(136) O: Weak References:              217          164            0 
[252.673s][info   ][gc,ref      ] GC(136) O: Final References:               0            0            0 
[252.673s][info   ][gc,ref      ] GC(136) O: Phantom References:             5            3            0 
[252.673s][info   ][gc,reloc    ] GC(136) O:                        Candidates     Selected     In-Place         Size        Empty    Relocated 
[252.673s][info   ][gc,reloc    ] GC(136) O: Small Pages:                   35            0            0          70M           0M           0M 
[252.673s][info   ][gc,reloc    ] GC(136) O: Medium Pages:                   0            0            0           0M           0M           0M 
[252.673s][info   ][gc,reloc    ] GC(136) O: Large Pages:                    0            0            0           0M           0M           0M 
[252.673s][info   ][gc,reloc    ] GC(136) O: Forwarding Usage: 0M
[252.673s][info   ][gc,heap     ] GC(136) O: Min Capacity: 8192M(100%)
[252.673s][info   ][gc,heap     ] GC(136) O: Max Capacity: 8192M(100%)
[252.673s][info   ][gc,heap     ] GC(136) O: Soft Max Capacity: 8192M(100%)
[252.673s][info   ][gc,heap     ] GC(136) O: Heap Statistics:
[252.673s][info   ][gc,heap     ] GC(136) O:                Mark Start          Mark End        Relocate Start      Relocate End           High               Low         
[252.673s][info   ][gc,heap     ] GC(136) O:  Capacity:     8192M (100%)       8192M (100%)       8192M (100%)       8192M (100%)       8192M (100%)       8192M (100%)   
[252.673s][info   ][gc,heap     ] GC(136) O:      Free:     5356M (65%)        7892M (96%)        7872M (96%)        7872M (96%)        7982M (97%)        5284M (65%)    
[252.673s][info   ][gc,heap     ] GC(136) O:      Used:     2836M (35%)         300M (4%)          320M (4%)          320M (4%)         2908M (35%)         210M (3%)     
[252.673s][info   ][gc,heap     ] GC(136) O: Old Generation Statistics:
[252.673s][info   ][gc,heap     ] GC(136) O:                Mark Start          Mark End        Relocate Start      Relocate End    
[252.673s][info   ][gc,heap     ] GC(136) O:      Used:       70M (1%)           70M (1%)           70M (1%)           70M (1%)     
[252.673s][info   ][gc,heap     ] GC(136) O:      Live:         -                64M (1%)           64M (1%)           64M (1%)     
[252.673s][info   ][gc,heap     ] GC(136) O:   Garbage:         -                 5M (0%)            5M (0%)            5M (0%)     
[252.673s][info   ][gc,heap     ] GC(136) O: Allocated:         -                 0M (0%)            0M (0%)            0M (0%)     
[252.673s][info   ][gc,heap     ] GC(136) O: Reclaimed:         -                  -                 0M (0%)            0M (0%)     
[252.673s][info   ][gc,heap     ] GC(136) O: Compacted:         -                  -                  -                 0M (0%)     
[252.673s][info   ][gc,phases   ] GC(136) O: Old Generation 210M(3%)->320M(4%) 0.034s
[252.673s][info   ][gc          ] GC(136) Major Collection (Proactive) 2834M(35%)->320M(4%) 0.059s
[255.184s][info   ][gc          ] GC(137) Minor Collection (High Usage)
[255.184s][info   ][gc,task     ] GC(137) Using 1 Workers for Young Generation
[255.184s][info   ][gc,phases   ] GC(137) y: Young Generation
[255.184s][info   ][gc,phases   ] GC(137) y: Pause Mark Start 0.012ms
[255.208s][info   ][gc,phases   ] GC(137) y: Concurrent Mark 24.155ms
[255.208s][info   ][gc,phases   ] GC(137) y: Pause Mark End 0.016ms
[255.209s][info   ][gc,phases   ] GC(137) y: Concurrent Mark Free 0.000ms
[255.209s][info   ][gc,phases   ] GC(137) y: Concurrent Reset Relocation Set 0.002ms
[255.210s][info   ][gc,reloc    ] GC(137) y: Using tenuring threshold: 7 (Computed)
[255.210s][info   ][gc,phases   ] GC(137) y: Concurrent Select Relocation Set 1.683ms
[255.210s][info   ][gc,phases   ] GC(137) y: Pause Relocate Start 0.005ms
[255.211s][info   ][gc,phases   ] GC(137) y: Concurrent Relocate 0.514ms
[255.211s][info   ][gc,alloc    ] GC(137) y:                         Mark Start        Mark End      Relocate Start    Relocate End   
[255.211s][info   ][gc,alloc    ] GC(137) y: Allocation Stalls:          0                0                0                0         
[255.211s][info   ][gc,load     ] GC(137) y: Load: 1.76 (15%) / 1.45 (12%) / 1.47 (12%)
[255.211s][info   ][gc,mmu      ] GC(137) y: MMU: 2ms/98.5%, 5ms/99.4%, 10ms/99.7%, 20ms/99.8%, 50ms/99.9%, 100ms/99.9%
[255.211s][info   ][gc,marking  ] GC(137) y: Mark: 1 stripe(s), 2 proactive flush(es), 1 terminate flush(es), 0 completion(s), 0 continuation(s) 
[255.211s][info   ][gc,marking  ] GC(137) y: Mark Stack Usage: 32M
[255.211s][info   ][gc,nmethod  ] GC(137) y: NMethods: 383 registered, 110 unregistered
[255.211s][info   ][gc,metaspace] GC(137) y: Metaspace: 0M used, 0M committed, 1088M reserved
[255.211s][info   ][gc,reloc    ] GC(137) y:                        Candidates     Selected     In-Place         Size        Empty    Relocated 
[255.211s][info   ][gc,reloc    ] GC(137) y: Small Pages:                 3857            8            0        7714M        7630M           2M 
[255.211s][info   ][gc,reloc    ] GC(137) y: Medium Pages:                   0            0            0           0M           0M           0M 
[255.211s][info   ][gc,reloc    ] GC(137) y: Large Pages:                    0            0            0           0M           0M           0M 
[255.211s][info   ][gc,reloc    ] GC(137) y: Forwarding Usage: 0M
[255.211s][info   ][gc,reloc    ] GC(137) y: Age Table:
[255.211s][info   ][gc,reloc    ] GC(137) y:                    Live             Garbage             Small              Medium             Large        
[255.211s][info   ][gc,reloc    ] GC(137) y: Eden              63M (1%)         7582M (93%)       3823 / 8              0 / 0              0 / 0        
[255.211s][info   ][gc,reloc    ] GC(137) y: Survivor 1          -                66M (1%)          33 / 0              0 / 0              0 / 0        
[255.211s][info   ][gc,reloc    ] GC(137) y: Survivor 2          -                 0M (0%)           0 / 0              0 / 0              0 / 0        
[255.211s][info   ][gc,reloc    ] GC(137) y: Survivor 3          -                 0M (0%)           0 / 0              0 / 0              0 / 0        
[255.211s][info   ][gc,reloc    ] GC(137) y: Survivor 4          -                 0M (0%)           0 / 0              0 / 0              0 / 0        
[255.211s][info   ][gc,reloc    ] GC(137) y: Survivor 5          -                 0M (0%)           0 / 0              0 / 0              0 / 0        
[255.211s][info   ][gc,reloc    ] GC(137) y: Survivor 6          -                 0M (0%)           0 / 0              0 / 0              0 / 0        
[255.211s][info   ][gc,reloc    ] GC(137) y: Survivor 7         1M (0%)            0M (0%)           1 / 0              0 / 0              0 / 0        
[255.211s][info   ][gc,heap     ] GC(137) y: Min Capacity: 8192M(100%)
[255.211s][info   ][gc,heap     ] GC(137) y: Max Capacity: 8192M(100%)
[255.211s][info   ][gc,heap     ] GC(137) y: Soft Max Capacity: 8192M(100%)
[255.211s][info   ][gc,heap     ] GC(137) y: Heap Statistics:
[255.211s][info   ][gc,heap     ] GC(137) y:                Mark Start          Mark End        Relocate Start      Relocate End           High               Low         
[255.211s][info   ][gc,heap     ] GC(137) y:  Capacity:     8192M (100%)       8192M (100%)       8192M (100%)       8192M (100%)       8192M (100%)       8192M (100%)   
[255.211s][info   ][gc,heap     ] GC(137) y:      Free:      408M (5%)          338M (4%)         7968M (97%)        7984M (97%)        7984M (97%)         338M (4%)     
[255.211s][info   ][gc,heap     ] GC(137) y:      Used:     7784M (95%)        7854M (96%)         224M (3%)          208M (3%)         7854M (96%)         208M (3%)     
[255.211s][info   ][gc,heap     ] GC(137) y: Young Generation Statistics:
[255.211s][info   ][gc,heap     ] GC(137) y:                Mark Start          Mark End        Relocate Start      Relocate End    
[255.211s][info   ][gc,heap     ] GC(137) y:      Used:     7714M (94%)        7784M (95%)         152M (2%)          136M (2%)     
[255.211s][info   ][gc,heap     ] GC(137) y:      Live:         -                64M (1%)           63M (1%)           63M (1%)     
[255.211s][info   ][gc,heap     ] GC(137) y:   Garbage:         -              7649M (93%)          18M (0%)            2M (0%)     
[255.211s][info   ][gc,heap     ] GC(137) y: Allocated:         -                70M (1%)           70M (1%)           70M (1%)     
[255.211s][info   ][gc,heap     ] GC(137) y: Reclaimed:         -                  -              7630M (93%)        7647M (93%)    
[255.211s][info   ][gc,heap     ] GC(137) y:  Promoted:         -                  -                 1M (0%)            1M (0%)     
[255.211s][info   ][gc,heap     ] GC(137) y: Compacted:         -                  -                  -                 3M (0%)     
[255.211s][info   ][gc,phases   ] GC(137) y: Young Generation 7784M(95%)->208M(3%) 0.027s
[255.211s][info   ][gc          ] GC(137) Minor Collection (High Usage) 7784M(95%)->208M(3%) 0.027s
[256.091s][info   ][gc          ] GC(138) Major Collection (Proactive)
[256.091s][info   ][gc,task     ] GC(138) Using 1 Workers for Young Generation
[256.091s][info   ][gc,task     ] GC(138) Using 1 Workers for Old Generation
[256.091s][info   ][gc,phases   ] GC(138) Y: Young Generation
[256.091s][info   ][gc,phases   ] GC(138) Y: Pause Mark Start (Major) 0.013ms
[256.115s][info   ][gc,phases   ] GC(138) Y: Concurrent Mark 23.278ms
[256.115s][info   ][gc,phases   ] GC(138) Y: Pause Mark End 0.015ms
[256.115s][info   ][gc,phases   ] GC(138) Y: Concurrent Mark Free 0.001ms
[256.115s][info   ][gc,phases   ] GC(138) Y: Concurrent Reset Relocation Set 0.004ms
[256.116s][info   ][gc,reloc    ] GC(138) Y: Using tenuring threshold: 2 (Computed)
[256.116s][info   ][gc,phases   ] GC(138) Y: Concurrent Select Relocation Set 1.510ms
[256.116s][info   ][gc,phases   ] GC(138) Y: Pause Relocate Start 0.004ms
[256.117s][info   ][gc,phases   ] GC(138) Y: Concurrent Relocate 0.373ms
[256.117s][info   ][gc,alloc    ] GC(138) Y:                         Mark Start        Mark End      Relocate Start    Relocate End   
[256.117s][info   ][gc,alloc    ] GC(138) Y: Allocation Stalls:          0                0                0                0         
[256.117s][info   ][gc,load     ] GC(138) Y: Load: 1.76 (15%) / 1.45 (12%) / 1.47 (12%)
[256.117s][info   ][gc,mmu      ] GC(138) Y: MMU: 2ms/98.5%, 5ms/99.4%, 10ms/99.7%, 20ms/99.8%, 50ms/99.9%, 100ms/99.9%
[256.117s][info   ][gc,marking  ] GC(138) Y: Mark: 1 stripe(s), 2 proactive flush(es), 1 terminate flush(es), 0 completion(s), 0 continuation(s) 
[256.117s][info   ][gc,marking  ] GC(138) Y: Mark Stack Usage: 32M
[256.117s][info   ][gc,nmethod  ] GC(138) Y: NMethods: 383 registered, 110 unregistered
[256.117s][info   ][gc,metaspace] GC(138) Y: Metaspace: 0M used, 0M committed, 1088M reserved
[256.117s][info   ][gc,reloc    ] GC(138) Y:                        Candidates     Selected     In-Place         Size        Empty    Relocated 
[256.117s][info   ][gc,reloc    ] GC(138) Y: Small Pages:                 1377            5            0        2754M        2678M           2M 
[256.117s][info   ][gc,reloc    ] GC(138) Y: Medium Pages:                   0            0            0           0M           0M           0M 
[256.117s][info   ][gc,reloc    ] GC(138) Y: Large Pages:                    0            0            0           0M           0M           0M 
[256.117s][info   ][gc,reloc    ] GC(138) Y: Forwarding Usage: 0M
[256.117s][info   ][gc,reloc    ] GC(138) Y: Age Table:
[256.117s][info   ][gc,reloc    ] GC(138) Y:                    Live             Garbage             Small              Medium             Large        
[256.117s][info   ][gc,reloc    ] GC(138) Y: Eden              63M (1%)         2624M (32%)       1344 / 5              0 / 0              0 / 0        
[256.117s][info   ][gc,reloc    ] GC(138) Y: Survivor 1         0M (0%)           65M (1%)          33 / 0              0 / 0              0 / 0        
[256.117s][info   ][gc,heap     ] GC(138) Y: Min Capacity: 8192M(100%)
[256.117s][info   ][gc,heap     ] GC(138) Y: Max Capacity: 8192M(100%)
[256.117s][info   ][gc,heap     ] GC(138) Y: Soft Max Capacity: 8192M(100%)
[256.117s][info   ][gc,heap     ] GC(138) Y: Heap Statistics:
[256.117s][info   ][gc,heap     ] GC(138) Y:                Mark Start          Mark End        Relocate Start      Relocate End           High               Low         
[256.117s][info   ][gc,heap     ] GC(138) Y:  Capacity:     8192M (100%)       8192M (100%)       8192M (100%)       8192M (100%)       8192M (100%)       8192M (100%)   
[256.117s][info   ][gc,heap     ] GC(138) Y:      Free:     5366M (66%)        5278M (64%)        7954M (97%)        7962M (97%)        7962M (97%)        5278M (64%)    
[256.117s][info   ][gc,heap     ] GC(138) Y:      Used:     2826M (34%)        2914M (36%)         238M (3%)          230M (3%)         2914M (36%)         230M (3%)     
[256.117s][info   ][gc,heap     ] GC(138) Y: Young Generation Statistics:
[256.117s][info   ][gc,heap     ] GC(138) Y:                Mark Start          Mark End        Relocate Start      Relocate End    
[256.117s][info   ][gc,heap     ] GC(138) Y:      Used:     2754M (34%)        2842M (35%)         166M (2%)          158M (2%)     
[256.117s][info   ][gc,heap     ] GC(138) Y:      Live:         -                63M (1%)           63M (1%)           63M (1%)     
[256.117s][info   ][gc,heap     ] GC(138) Y:   Garbage:         -              2690M (33%)          12M (0%)            1M (0%)     
[256.117s][info   ][gc,heap     ] GC(138) Y: Allocated:         -                88M (1%)           90M (1%)           93M (1%)     
[256.117s][info   ][gc,heap     ] GC(138) Y: Reclaimed:         -                  -              2678M (33%)        2689M (33%)    
[256.117s][info   ][gc,heap     ] GC(138) Y:  Promoted:         -                  -                 0M (0%)            0M (0%)     
[256.117s][info   ][gc,heap     ] GC(138) Y: Compacted:         -                  -                  -                 2M (0%)     
[256.117s][info   ][gc,phases   ] GC(138) Y: Young Generation 2826M(34%)->230M(3%) 0.026s
[256.117s][info   ][gc,phases   ] GC(138) O: Old Generation
[256.147s][info   ][gc,phases   ] GC(138) O: Concurrent Mark 30.370ms
[256.147s][info   ][gc,phases   ] GC(138) O: Pause Mark End 0.008ms
[256.147s][info   ][gc,phases   ] GC(138) O: Concurrent Mark Free 0.000ms
[256.148s][info   ][gc,phases   ] GC(138) O: Concurrent Process Non-Strong 0.562ms
[256.148s][info   ][gc,phases   ] GC(138) O: Concurrent Reset Relocation Set 0.000ms
[256.149s][info   ][gc,phases   ] GC(138) O: Concurrent Select Relocation Set 0.896ms
[256.149s][info   ][gc,task     ] GC(138) O: Using 2 Workers for Old Generation
[256.151s][info   ][gc,task     ] GC(138) O: Using 1 Workers for Old Generation
[256.151s][info   ][gc,phases   ] GC(138) O: Concurrent Remap Roots 2.887ms
[256.152s][info   ][gc,phases   ] GC(138) O: Pause Relocate Start 0.003ms
[256.152s][info   ][gc,phases   ] GC(138) O: Concurrent Relocate 0.035ms
[256.152s][info   ][gc,alloc    ] GC(138) O:                         Mark Start        Mark End      Relocate Start    Relocate End   
[256.152s][info   ][gc,alloc    ] GC(138) O: Allocation Stalls:          0                0                0                0         
[256.152s][info   ][gc,load     ] GC(138) O: Load: 1.76 (15%) / 1.45 (12%) / 1.47 (12%)
[256.152s][info   ][gc,mmu      ] GC(138) O: MMU: 2ms/98.5%, 5ms/99.4%, 10ms/99.7%, 20ms/99.8%, 50ms/99.9%, 100ms/99.9%
[256.152s][info   ][gc,marking  ] GC(138) O: Mark: 1 stripe(s), 2 proactive flush(es), 1 terminate flush(es), 0 completion(s), 0 continuation(s) 
[256.152s][info   ][gc,marking  ] GC(138) O: Mark Stack Usage: 32M
[256.152s][info   ][gc,nmethod  ] GC(138) O: NMethods: 382 registered, 111 unregistered
[256.152s][info   ][gc,metaspace] GC(138) O: Metaspace: 0M used, 0M committed, 1088M reserved
[256.152s][info   ][gc,ref      ] GC(138) O:                       Encountered   Discovered     Enqueued 
[256.152s][info   ][gc,ref      ] GC(138) O: Soft References:               64            0            0 
[256.152s][info   ][gc,ref      ] GC(138) O: Weak References:              217          165            0 
[256.152s][info   ][gc,ref      ] GC(138) O: Final References:               0            0            0 
[256.152s][info   ][gc,ref      ] GC(138) O: Phantom References:             5            3            0 
[256.152s][info   ][gc,reloc    ] GC(138) O:                        Candidates     Selected     In-Place         Size        Empty    Relocated 
[256.152s][info   ][gc,reloc    ] GC(138) O: Small Pages:                   36            0            0          72M           0M           0M 
[256.152s][info   ][gc,reloc    ] GC(138) O: Medium Pages:                   0            0            0           0M           0M           0M 
[256.152s][info   ][gc,reloc    ] GC(138) O: Large Pages:                    0            0            0           0M           0M           0M 
[256.152s][info   ][gc,reloc    ] GC(138) O: Forwarding Usage: 0M
[256.152s][info   ][gc,heap     ] GC(138) O: Min Capacity: 8192M(100%)
[256.152s][info   ][gc,heap     ] GC(138) O: Max Capacity: 8192M(100%)
[256.152s][info   ][gc,heap     ] GC(138) O: Soft Max Capacity: 8192M(100%)
[256.152s][info   ][gc,heap     ] GC(138) O: Heap Statistics:
[256.152s][info   ][gc,heap     ] GC(138) O:                Mark Start          Mark End        Relocate Start      Relocate End           High               Low         
[256.152s][info   ][gc,heap     ] GC(138) O:  Capacity:     8192M (100%)       8192M (100%)       8192M (100%)       8192M (100%)       8192M (100%)       8192M (100%)   
[256.152s][info   ][gc,heap     ] GC(138) O:      Free:     5366M (66%)        7872M (96%)        7868M (96%)        7868M (96%)        7962M (97%)        5278M (64%)    
[256.152s][info   ][gc,heap     ] GC(138) O:      Used:     2826M (34%)         320M (4%)          324M (4%)          324M (4%)         2914M (36%)         230M (3%)     
[256.152s][info   ][gc,heap     ] GC(138) O: Old Generation Statistics:
[256.152s][info   ][gc,heap     ] GC(138) O:                Mark Start          Mark End        Relocate Start      Relocate End    
[256.152s][info   ][gc,heap     ] GC(138) O:      Used:       72M (1%)           72M (1%)           72M (1%)           72M (1%)     
[256.152s][info   ][gc,heap     ] GC(138) O:      Live:         -                65M (1%)           65M (1%)           65M (1%)     
[256.152s][info   ][gc,heap     ] GC(138) O:   Garbage:         -                 6M (0%)            6M (0%)            6M (0%)     
[256.152s][info   ][gc,heap     ] GC(138) O: Allocated:         -                 0M (0%)            0M (0%)            0M (0%)     
[256.152s][info   ][gc,heap     ] GC(138) O: Reclaimed:         -                  -                 0M (0%)            0M (0%)     
[256.152s][info   ][gc,heap     ] GC(138) O: Compacted:         -                  -                  -                 0M (0%)     
[256.152s][info   ][gc,phases   ] GC(138) O: Old Generation 230M(3%)->324M(4%) 0.035s
[256.152s][info   ][gc          ] GC(138) Major Collection (Proactive) 2826M(34%)->326M(4%) 0.061s
[258.646s][info   ][gc          ] GC(139) Minor Collection (High Usage)
[258.646s][info   ][gc,task     ] GC(139) Using 1 Workers for Young Generation
[258.646s][info   ][gc,phases   ] GC(139) y: Young Generation
[258.646s][info   ][gc,phases   ] GC(139) y: Pause Mark Start 0.012ms
[258.670s][info   ][gc,phases   ] GC(139) y: Concurrent Mark 23.661ms
[258.670s][info   ][gc,phases   ] GC(139) y: Pause Mark End 0.014ms
[258.670s][info   ][gc,phases   ] GC(139) y: Concurrent Mark Free 0.000ms
[258.670s][info   ][gc,phases   ] GC(139) y: Concurrent Reset Relocation Set 0.002ms
[258.672s][info   ][gc,reloc    ] GC(139) y: Using tenuring threshold: 3 (Computed)
[258.672s][info   ][gc,phases   ] GC(139) y: Concurrent Select Relocation Set 1.526ms
[258.672s][info   ][gc,phases   ] GC(139) y: Pause Relocate Start 0.006ms
[258.672s][info   ][gc,phases   ] GC(139) y: Concurrent Relocate 0.301ms
[258.672s][info   ][gc,alloc    ] GC(139) y:                         Mark Start        Mark End      Relocate Start    Relocate End   
[258.672s][info   ][gc,alloc    ] GC(139) y: Allocation Stalls:          0                0                0                0         
[258.672s][info   ][gc,load     ] GC(139) y: Load: 1.76 (15%) / 1.45 (12%) / 1.47 (12%)
[258.672s][info   ][gc,mmu      ] GC(139) y: MMU: 2ms/98.5%, 5ms/99.4%, 10ms/99.7%, 20ms/99.8%, 50ms/99.9%, 100ms/99.9%
[258.672s][info   ][gc,marking  ] GC(139) y: Mark: 1 stripe(s), 2 proactive flush(es), 1 terminate flush(es), 0 completion(s), 0 continuation(s) 
[258.672s][info   ][gc,marking  ] GC(139) y: Mark Stack Usage: 32M
[258.672s][info   ][gc,nmethod  ] GC(139) y: NMethods: 382 registered, 111 unregistered
[258.672s][info   ][gc,metaspace] GC(139) y: Metaspace: 0M used, 0M committed, 1088M reserved
[258.672s][info   ][gc,reloc    ] GC(139) y:                        Candidates     Selected     In-Place         Size        Empty    Relocated 
[258.672s][info   ][gc,reloc    ] GC(139) y: Small Pages:                 3840            3            0        7680M        7608M           1M 
[258.672s][info   ][gc,reloc    ] GC(139) y: Medium Pages:                   0            0            0           0M           0M           0M 
[258.672s][info   ][gc,reloc    ] GC(139) y: Large Pages:                    0            0            0           0M           0M           0M 
[258.672s][info   ][gc,reloc    ] GC(139) y: Forwarding Usage: 0M
[258.672s][info   ][gc,reloc    ] GC(139) y: Age Table:
[258.672s][info   ][gc,reloc    ] GC(139) y:                    Live             Garbage             Small              Medium             Large        
[258.672s][info   ][gc,reloc    ] GC(139) y: Eden              63M (1%)         7548M (92%)       3806 / 3              0 / 0              0 / 0        
[258.672s][info   ][gc,reloc    ] GC(139) y: Survivor 1          -                66M (1%)          33 / 0              0 / 0              0 / 0        
[258.672s][info   ][gc,reloc    ] GC(139) y: Survivor 2         0M (0%)            1M (0%)           1 / 0              0 / 0              0 / 0        
[258.672s][info   ][gc,heap     ] GC(139) y: Min Capacity: 8192M(100%)
[258.672s][info   ][gc,heap     ] GC(139) y: Max Capacity: 8192M(100%)
[258.672s][info   ][gc,heap     ] GC(139) y: Soft Max Capacity: 8192M(100%)
[258.672s][info   ][gc,heap     ] GC(139) y: Heap Statistics:
[258.672s][info   ][gc,heap     ] GC(139) y:                Mark Start          Mark End        Relocate Start      Relocate End           High               Low         
[258.672s][info   ][gc,heap     ] GC(139) y:  Capacity:     8192M (100%)       8192M (100%)       8192M (100%)       8192M (100%)       8192M (100%)       8192M (100%)   
[258.672s][info   ][gc,heap     ] GC(139) y:      Free:      440M (5%)          376M (5%)         7982M (97%)        7984M (97%)        7984M (97%)         376M (5%)     
[258.672s][info   ][gc,heap     ] GC(139) y:      Used:     7752M (95%)        7816M (95%)         210M (3%)          208M (3%)         7816M (95%)         208M (3%)     
[258.672s][info   ][gc,heap     ] GC(139) y: Young Generation Statistics:
[258.672s][info   ][gc,heap     ] GC(139) y:                Mark Start          Mark End        Relocate Start      Relocate End    
[258.672s][info   ][gc,heap     ] GC(139) y:      Used:     7680M (94%)        7744M (95%)         138M (2%)          136M (2%)     
[258.672s][info   ][gc,heap     ] GC(139) y:      Live:         -                63M (1%)           63M (1%)           63M (1%)     
[258.672s][info   ][gc,heap     ] GC(139) y:   Garbage:         -              7616M (93%)           8M (0%)            2M (0%)     
[258.672s][info   ][gc,heap     ] GC(139) y: Allocated:         -                64M (1%)           66M (1%)           70M (1%)     
[258.672s][info   ][gc,heap     ] GC(139) y: Reclaimed:         -                  -              7608M (93%)        7614M (93%)    
[258.672s][info   ][gc,heap     ] GC(139) y:  Promoted:         -                  -                 0M (0%)            0M (0%)     
[258.672s][info   ][gc,heap     ] GC(139) y: Compacted:         -                  -                  -                 1M (0%)     
[258.672s][info   ][gc,phases   ] GC(139) y: Young Generation 7752M(95%)->208M(3%) 0.026s
[258.672s][info   ][gc          ] GC(139) Minor Collection (High Usage) 7752M(95%)->210M(3%) 0.026s
[259.486s][info   ][gc          ] GC(140) Major Collection (Proactive)
[259.486s][info   ][gc,task     ] GC(140) Using 1 Workers for Young Generation
[259.486s][info   ][gc,task     ] GC(140) Using 1 Workers for Old Generation
[259.486s][info   ][gc,phases   ] GC(140) Y: Young Generation
[259.486s][info   ][gc,phases   ] GC(140) Y: Pause Mark Start (Major) 0.011ms
[259.513s][info   ][gc,phases   ] GC(140) Y: Concurrent Mark 26.672ms
[259.513s][info   ][gc,phases   ] GC(140) Y: Pause Mark End 0.014ms
[259.513s][info   ][gc,phases   ] GC(140) Y: Concurrent Mark Free 0.001ms
[259.513s][info   ][gc,phases   ] GC(140) Y: Concurrent Reset Relocation Set 0.001ms
[259.514s][info   ][gc,reloc    ] GC(140) Y: Using tenuring threshold: 4 (Computed)
[259.514s][info   ][gc,phases   ] GC(140) Y: Concurrent Select Relocation Set 1.429ms
[259.514s][info   ][gc,phases   ] GC(140) Y: Pause Relocate Start 0.009ms
[259.515s][info   ][gc,phases   ] GC(140) Y: Concurrent Relocate 0.378ms
[259.515s][info   ][gc,alloc    ] GC(140) Y:                         Mark Start        Mark End      Relocate Start    Relocate End   
[259.515s][info   ][gc,alloc    ] GC(140) Y: Allocation Stalls:          0                0                0                0         
[259.515s][info   ][gc,load     ] GC(140) Y: Load: 1.70 (14%) / 1.44 (12%) / 1.46 (12%)
[259.515s][info   ][gc,mmu      ] GC(140) Y: MMU: 2ms/98.5%, 5ms/99.4%, 10ms/99.7%, 20ms/99.8%, 50ms/99.9%, 100ms/99.9%
[259.515s][info   ][gc,marking  ] GC(140) Y: Mark: 1 stripe(s), 1 proactive flush(es), 1 terminate flush(es), 0 completion(s), 0 continuation(s) 
[259.515s][info   ][gc,marking  ] GC(140) Y: Mark Stack Usage: 32M
[259.515s][info   ][gc,nmethod  ] GC(140) Y: NMethods: 382 registered, 111 unregistered
[259.515s][info   ][gc,metaspace] GC(140) Y: Metaspace: 0M used, 0M committed, 1088M reserved
[259.515s][info   ][gc,reloc    ] GC(140) Y:                        Candidates     Selected     In-Place         Size        Empty    Relocated 
[259.515s][info   ][gc,reloc    ] GC(140) Y: Small Pages:                 1285            4            0        2570M        2496M           2M 
[259.515s][info   ][gc,reloc    ] GC(140) Y: Medium Pages:                   0            0            0           0M           0M           0M 
[259.515s][info   ][gc,reloc    ] GC(140) Y: Large Pages:                    0            0            0           0M           0M           0M 
[259.515s][info   ][gc,reloc    ] GC(140) Y: Forwarding Usage: 0M
[259.515s][info   ][gc,reloc    ] GC(140) Y: Age Table:
[259.515s][info   ][gc,reloc    ] GC(140) Y:                    Live             Garbage             Small              Medium             Large        
[259.515s][info   ][gc,reloc    ] GC(140) Y: Eden              63M (1%)         2438M (30%)       1251 / 4              0 / 0              0 / 0        
[259.515s][info   ][gc,reloc    ] GC(140) Y: Survivor 1          -                66M (1%)          33 / 0              0 / 0              0 / 0        
[259.515s][info   ][gc,reloc    ] GC(140) Y: Survivor 2          -                 0M (0%)           0 / 0              0 / 0              0 / 0        
[259.515s][info   ][gc,reloc    ] GC(140) Y: Survivor 3         0M (0%)            1M (0%)           1 / 0              0 / 0              0 / 0        
[259.515s][info   ][gc,heap     ] GC(140) Y: Min Capacity: 8192M(100%)
[259.515s][info   ][gc,heap     ] GC(140) Y: Max Capacity: 8192M(100%)
[259.515s][info   ][gc,heap     ] GC(140) Y: Soft Max Capacity: 8192M(100%)
[259.515s][info   ][gc,heap     ] GC(140) Y: Heap Statistics:
[259.515s][info   ][gc,heap     ] GC(140) Y:                Mark Start          Mark End        Relocate Start      Relocate End           High               Low         
[259.515s][info   ][gc,heap     ] GC(140) Y:  Capacity:     8192M (100%)       8192M (100%)       8192M (100%)       8192M (100%)       8192M (100%)       8192M (100%)   
[259.515s][info   ][gc,heap     ] GC(140) Y:      Free:     5550M (68%)        5476M (67%)        7960M (97%)        7964M (97%)        7964M (97%)        5474M (67%)    
[259.515s][info   ][gc,heap     ] GC(140) Y:      Used:     2642M (32%)        2716M (33%)         232M (3%)          228M (3%)         2718M (33%)         228M (3%)     
[259.515s][info   ][gc,heap     ] GC(140) Y: Young Generation Statistics:
[259.515s][info   ][gc,heap     ] GC(140) Y:                Mark Start          Mark End        Relocate Start      Relocate End    
[259.515s][info   ][gc,heap     ] GC(140) Y:      Used:     2570M (31%)        2644M (32%)         160M (2%)          156M (2%)     
[259.515s][info   ][gc,heap     ] GC(140) Y:      Live:         -                63M (1%)           63M (1%)           63M (1%)     
[259.515s][info   ][gc,heap     ] GC(140) Y:   Garbage:         -              2506M (31%)          10M (0%)            1M (0%)     
[259.515s][info   ][gc,heap     ] GC(140) Y: Allocated:         -                74M (1%)           86M (1%)           91M (1%)     
[259.515s][info   ][gc,heap     ] GC(140) Y: Reclaimed:         -                  -              2496M (30%)        2505M (31%)    
[259.515s][info   ][gc,heap     ] GC(140) Y:  Promoted:         -                  -                 0M (0%)            0M (0%)     
[259.515s][info   ][gc,heap     ] GC(140) Y: Compacted:         -                  -                  -                 2M (0%)     
[259.515s][info   ][gc,phases   ] GC(140) Y: Young Generation 2642M(32%)->228M(3%) 0.029s
[259.515s][info   ][gc,phases   ] GC(140) O: Old Generation
[259.545s][info   ][gc,phases   ] GC(140) O: Concurrent Mark 29.949ms
[259.545s][info   ][gc,phases   ] GC(140) O: Pause Mark End 0.011ms
[259.545s][info   ][gc,phases   ] GC(140) O: Concurrent Mark Free 0.000ms
[259.546s][info   ][gc,phases   ] GC(140) O: Concurrent Process Non-Strong 0.558ms
[259.546s][info   ][gc,phases   ] GC(140) O: Concurrent Reset Relocation Set 0.000ms
[259.546s][info   ][gc,phases   ] GC(140) O: Concurrent Select Relocation Set 0.891ms
[259.546s][info   ][gc,task     ] GC(140) O: Using 2 Workers for Old Generation
[259.549s][info   ][gc,task     ] GC(140) O: Using 1 Workers for Old Generation
[259.549s][info   ][gc,phases   ] GC(140) O: Concurrent Remap Roots 2.834ms
[259.549s][info   ][gc,phases   ] GC(140) O: Pause Relocate Start 0.003ms
[259.549s][info   ][gc,phases   ] GC(140) O: Concurrent Relocate 0.012ms
[259.549s][info   ][gc,alloc    ] GC(140) O:                         Mark Start        Mark End      Relocate Start    Relocate End   
[259.549s][info   ][gc,alloc    ] GC(140) O: Allocation Stalls:          0                0                0                0         
[259.549s][info   ][gc,load     ] GC(140) O: Load: 1.70 (14%) / 1.44 (12%) / 1.46 (12%)
[259.549s][info   ][gc,mmu      ] GC(140) O: MMU: 2ms/98.5%, 5ms/99.4%, 10ms/99.7%, 20ms/99.8%, 50ms/99.9%, 100ms/99.9%
[259.549s][info   ][gc,marking  ] GC(140) O: Mark: 1 stripe(s), 2 proactive flush(es), 1 terminate flush(es), 0 completion(s), 0 continuation(s) 
[259.549s][info   ][gc,marking  ] GC(140) O: Mark Stack Usage: 32M
[259.549s][info   ][gc,nmethod  ] GC(140) O: NMethods: 382 registered, 111 unregistered
[259.549s][info   ][gc,metaspace] GC(140) O: Metaspace: 0M used, 0M committed, 1088M reserved
[259.549s][info   ][gc,ref      ] GC(140) O:                       Encountered   Discovered     Enqueued 
[259.549s][info   ][gc,ref      ] GC(140) O: Soft References:               64            0            0 
[259.549s][info   ][gc,ref      ] GC(140) O: Weak References:              217          165            0 
[259.549s][info   ][gc,ref      ] GC(140) O: Final References:               0            0            0 
[259.549s][info   ][gc,ref      ] GC(140) O: Phantom References:             5            3            0 
[259.549s][info   ][gc,reloc    ] GC(140) O:                        Candidates     Selected     In-Place         Size        Empty    Relocated 
[259.549s][info   ][gc,reloc    ] GC(140) O: Small Pages:                   36            0            0          72M           0M           0M 
[259.549s][info   ][gc,reloc    ] GC(140) O: Medium Pages:                   0            0            0           0M           0M           0M 
[259.549s][info   ][gc,reloc    ] GC(140) O: Large Pages:                    0            0            0           0M           0M           0M 
[259.549s][info   ][gc,reloc    ] GC(140) O: Forwarding Usage: 0M
[259.549s][info   ][gc,heap     ] GC(140) O: Min Capacity: 8192M(100%)
[259.549s][info   ][gc,heap     ] GC(140) O: Max Capacity: 8192M(100%)
[259.549s][info   ][gc,heap     ] GC(140) O: Soft Max Capacity: 8192M(100%)
[259.549s][info   ][gc,heap     ] GC(140) O: Heap Statistics:
[259.549s][info   ][gc,heap     ] GC(140) O:                Mark Start          Mark End        Relocate Start      Relocate End           High               Low         
[259.549s][info   ][gc,heap     ] GC(140) O:  Capacity:     8192M (100%)       8192M (100%)       8192M (100%)       8192M (100%)       8192M (100%)       8192M (100%)   
[259.549s][info   ][gc,heap     ] GC(140) O:      Free:     5550M (68%)        7872M (96%)        7872M (96%)        7872M (96%)        7964M (97%)        5474M (67%)    
[259.549s][info   ][gc,heap     ] GC(140) O:      Used:     2642M (32%)         320M (4%)          320M (4%)          320M (4%)         2718M (33%)         228M (3%)     
[259.549s][info   ][gc,heap     ] GC(140) O: Old Generation Statistics:
[259.549s][info   ][gc,heap     ] GC(140) O:                Mark Start          Mark End        Relocate Start      Relocate End    
[259.549s][info   ][gc,heap     ] GC(140) O:      Used:       72M (1%)           72M (1%)           72M (1%)           72M (1%)     
[259.549s][info   ][gc,heap     ] GC(140) O:      Live:         -                65M (1%)           65M (1%)           65M (1%)     
[259.549s][info   ][gc,heap     ] GC(140) O:   Garbage:         -                 6M (0%)            6M (0%)            6M (0%)     
[259.549s][info   ][gc,heap     ] GC(140) O: Allocated:         -                 0M (0%)            0M (0%)            0M (0%)     
[259.549s][info   ][gc,heap     ] GC(140) O: Reclaimed:         -                  -                 0M (0%)            0M (0%)     
[259.549s][info   ][gc,heap     ] GC(140) O: Compacted:         -                  -                  -                 0M (0%)     
[259.549s][info   ][gc,phases   ] GC(140) O: Old Generation 228M(3%)->320M(4%) 0.034s
[259.549s][info   ][gc          ] GC(140) Major Collection (Proactive) 2642M(32%)->320M(4%) 0.063s
[260.054s][info   ][gc,exit     ] Stopping ZGC
[260.054s][info   ][gc,stats    ] === Garbage Collection Statistics =======================================================================================================================
[260.055s][info   ][gc,stats    ]                                                              Last 10s              Last 10m              Last 10h                Total
[260.055s][info   ][gc,stats    ]                                                              Avg / Max             Avg / Max             Avg / Max             Avg / Max
[260.055s][info   ][gc,stats    ]        Contention: Mark Segment Reset Contention                     0 / 0                 0 / 23                0 / 23                0 / 23          ops/s
[260.055s][info   ][gc,stats    ]        Contention: Mark SeqNum Reset Contention                      0 / 0                 0 / 4                 0 / 4                 0 / 4           ops/s
[260.055s][info   ][gc,stats    ]          Critical: Allocation Stall                                  0 / 0                 0 / 0                 0 / 0                 0 / 0           ops/s
[260.055s][info   ][gc,stats    ]          Critical: Allocation Stall                              0.000 / 0.000         0.000 / 0.000         0.000 / 0.000         0.000 / 0.000       ms
[260.055s][info   ][gc,stats    ]          Critical: JNI Critical Stall                                0 / 0                 0 / 0                 0 / 0                 0 / 0           ops/s
[260.055s][info   ][gc,stats    ]          Critical: JNI Critical Stall                            0.000 / 0.000         0.000 / 0.000         0.000 / 0.000         0.000 / 0.000       ms
[260.055s][info   ][gc,stats    ]          Critical: Relocation Stall                                  0 / 0                 0 / 0                 0 / 0                 0 / 0           ops/s
[260.055s][info   ][gc,stats    ]          Critical: Relocation Stall                              0.000 / 0.000         0.000 / 0.000         0.000 / 0.000         0.000 / 0.000       ms
[260.055s][info   ][gc,stats    ]  Major Collection: Major Collection                             61.196 / 63.396       48.991 / 71.209       48.991 / 71.209       48.991 / 71.209      ms
[260.055s][info   ][gc,stats    ]            Memory: Allocation Rate                                3339 / 3384           3337 / 3630           3337 / 3630           3337 / 3630        MB/s
[260.055s][info   ][gc,stats    ]            Memory: Defragment                                        0 / 0                 0 / 0                 0 / 0                 0 / 0           ops/s
[260.055s][info   ][gc,stats    ]            Memory: Out Of Memory                                     0 / 0                 0 / 0                 0 / 0                 0 / 0           ops/s
[260.055s][info   ][gc,stats    ]            Memory: Page Cache Flush                                  0 / 0                 0 / 0                 0 / 0                 0 / 0           MB/s
[260.055s][info   ][gc,stats    ]            Memory: Page Cache Hit L1                              1671 / 1693           1654 / 1719           1654 / 1719           1654 / 1719        ops/s
[260.055s][info   ][gc,stats    ]            Memory: Page Cache Hit L2                                 0 / 0                 0 / 0                 0 / 0                 0 / 0           ops/s
[260.055s][info   ][gc,stats    ]            Memory: Page Cache Hit L3                                 0 / 0                15 / 1498             15 / 1498             15 / 1498        ops/s
[260.055s][info   ][gc,stats    ]            Memory: Page Cache Miss                                   0 / 0                 0 / 1                 0 / 1                 0 / 1           ops/s
[260.055s][info   ][gc,stats    ]            Memory: Uncommit                                          0 / 0                 0 / 0                 0 / 0                 0 / 0           MB/s
[260.055s][info   ][gc,stats    ]            Memory: Undo Object Allocation Failed                     0 / 0                 0 / 0                 0 / 0                 0 / 0           ops/s
[260.055s][info   ][gc,stats    ]            Memory: Undo Object Allocation Succeeded                  0 / 0                 0 / 0                 0 / 0                 0 / 0           ops/s
[260.055s][info   ][gc,stats    ]            Memory: Undo Page Allocation                            181 / 204             181 / 317             181 / 317             181 / 317         ops/s
[260.055s][info   ][gc,stats    ]  Minor Collection: Minor Collection                             25.826 / 26.858       19.747 / 34.435       19.747 / 34.435       19.747 / 34.435      ms
[260.055s][info   ][gc,stats    ]    Old Generation: Old Generation                               34.330 / 34.933       27.169 / 39.236       27.169 / 39.236       27.169 / 39.236      ms
[260.055s][info   ][gc,stats    ]         Old Pause: Pause Mark End                                0.010 / 0.011         0.009 / 0.017         0.009 / 0.017         0.009 / 0.017       ms
[260.055s][info   ][gc,stats    ]         Old Pause: Pause Relocate Start                          0.004 / 0.006         0.004 / 0.009         0.004 / 0.009         0.004 / 0.009       ms
[260.055s][info   ][gc,stats    ]         Old Phase: Concurrent Mark                              29.782 / 30.370       22.374 / 34.493       22.374 / 34.493       22.374 / 34.493      ms
[260.055s][info   ][gc,stats    ]         Old Phase: Concurrent Mark Continue                      0.000 / 0.000         0.000 / 0.000         0.000 / 0.000         0.000 / 0.000       ms
[260.055s][info   ][gc,stats    ]         Old Phase: Concurrent Mark Free                          0.000 / 0.000         0.000 / 0.017         0.000 / 0.017         0.000 / 0.017       ms
[260.055s][info   ][gc,stats    ]         Old Phase: Concurrent Process Non-Strong                 0.561 / 0.562         0.565 / 0.739         0.565 / 0.739         0.565 / 0.739       ms
[260.055s][info   ][gc,stats    ]         Old Phase: Concurrent Relocate                           0.025 / 0.035         0.039 / 0.689         0.039 / 0.689         0.039 / 0.689       ms
[260.055s][info   ][gc,stats    ]         Old Phase: Concurrent Remap Roots                        2.908 / 3.004         3.139 / 4.116         3.139 / 4.116         3.139 / 4.116       ms
[260.055s][info   ][gc,stats    ]         Old Phase: Concurrent Reset Relocation Set               0.000 / 0.000         0.000 / 0.001         0.000 / 0.001         0.000 / 0.001       ms
[260.055s][info   ][gc,stats    ]         Old Phase: Concurrent Select Relocation Set              0.896 / 0.901         0.921 / 1.192         0.921 / 1.192         0.921 / 1.192       ms
[260.055s][info   ][gc,stats    ]      Old Subphase: Concurrent Classes Purge                      0.004 / 0.006         0.005 / 0.063         0.005 / 0.063         0.005 / 0.063       ms
[260.055s][info   ][gc,stats    ]      Old Subphase: Concurrent Classes Unlink                     0.471 / 0.481         0.470 / 0.642         0.470 / 0.642         0.470 / 0.642       ms
[260.055s][info   ][gc,stats    ]      Old Subphase: Concurrent Mark Follow                       29.488 / 30.035       22.098 / 34.188       22.098 / 34.188       22.098 / 34.188      ms
[260.055s][info   ][gc,stats    ]      Old Subphase: Concurrent Mark Root Colored                  0.009 / 0.010         0.019 / 0.095         0.019 / 0.095         0.019 / 0.095       ms
[260.055s][info   ][gc,stats    ]      Old Subphase: Concurrent Mark Root Uncolored                0.273 / 0.314         0.241 / 0.346         0.241 / 0.346         0.241 / 0.346       ms
[260.055s][info   ][gc,stats    ]      Old Subphase: Concurrent Mark Roots                         0.293 / 0.333         0.274 / 0.365         0.274 / 0.365         0.274 / 0.365       ms
[260.055s][info   ][gc,stats    ]      Old Subphase: Concurrent References Enqueue                 0.000 / 0.000         0.000 / 0.004         0.000 / 0.004         0.000 / 0.004       ms
[260.055s][info   ][gc,stats    ]      Old Subphase: Concurrent References Process                 0.018 / 0.024         0.017 / 0.052         0.017 / 0.052         0.017 / 0.052       ms
[260.055s][info   ][gc,stats    ]      Old Subphase: Concurrent Remap Remembered                   2.682 / 2.805         2.889 / 3.880         2.889 / 3.880         2.889 / 3.880       ms
[260.055s][info   ][gc,stats    ]      Old Subphase: Concurrent Remap Roots Colored                0.022 / 0.025         0.019 / 0.043         0.019 / 0.043         0.019 / 0.043       ms
[260.055s][info   ][gc,stats    ]      Old Subphase: Concurrent Remap Roots Uncolored              0.166 / 0.183         0.174 / 0.259         0.174 / 0.259         0.174 / 0.259       ms
[260.055s][info   ][gc,stats    ]      Old Subphase: Concurrent Roots ClassLoaderDataGraph         0.011 / 0.016         0.013 / 0.042         0.013 / 0.042         0.013 / 0.042       ms
[260.055s][info   ][gc,stats    ]      Old Subphase: Concurrent Roots CodeCache                    0.164 / 0.181         0.172 / 0.256         0.172 / 0.256         0.172 / 0.256       ms
[260.055s][info   ][gc,stats    ]      Old Subphase: Concurrent Roots JavaThreads                  0.070 / 0.313         0.064 / 0.346         0.064 / 0.346         0.064 / 0.346       ms
[260.055s][info   ][gc,stats    ]      Old Subphase: Concurrent Roots OopStorageSet                0.003 / 0.005         0.003 / 0.071         0.003 / 0.071         0.003 / 0.071       ms
[260.055s][info   ][gc,stats    ]      Old Subphase: Concurrent Weak Roots OopStorageSet           0.016 / 0.042         0.016 / 0.049         0.016 / 0.049         0.016 / 0.049       ms
[260.055s][info   ][gc,stats    ]            System: Java Threads                                     15 / 15               15 / 17               15 / 17               15 / 17          threads
[260.055s][info   ][gc,stats    ]  Young Generation: Young Generation                             26.636 / 28.803       21.608 / 54.925       21.608 / 54.925       21.608 / 54.925      ms
[260.055s][info   ][gc,stats    ]  Young Generation: Young Generation                             25.657 / 26.708       19.609 / 34.324       19.609 / 34.324       19.609 / 34.324      ms
[260.055s][info   ][gc,stats    ]  Young Generation: Young Generation (Collect Roots)              0.000 / 0.000         0.000 / 0.000         0.000 / 0.000         0.000 / 0.000       ms
[260.055s][info   ][gc,stats    ]  Young Generation: Young Generation (Promote All)                0.000 / 0.000         0.000 / 0.000         0.000 / 0.000         0.000 / 0.000       ms
[260.055s][info   ][gc,stats    ]       Young Pause: Pause Mark End                                0.014 / 0.016         0.011 / 0.025         0.011 / 0.025         0.011 / 0.025       ms
[260.055s][info   ][gc,stats    ]       Young Pause: Pause Mark Start                              0.012 / 0.013         0.010 / 0.028         0.010 / 0.028         0.010 / 0.028       ms
[260.055s][info   ][gc,stats    ]       Young Pause: Pause Mark Start (Major)                      0.014 / 0.017         0.011 / 0.019         0.011 / 0.019         0.011 / 0.019       ms
[260.055s][info   ][gc,stats    ]       Young Pause: Pause Relocate Start                          0.006 / 0.009         0.004 / 0.012         0.004 / 0.012         0.004 / 0.012       ms
[260.055s][info   ][gc,stats    ]       Young Phase: Concurrent Mark                              23.905 / 26.672       18.654 / 36.651       18.654 / 36.651       18.654 / 36.651      ms
[260.055s][info   ][gc,stats    ]       Young Phase: Concurrent Mark Continue                      0.000 / 0.000         0.000 / 0.000         0.000 / 0.000         0.000 / 0.000       ms
[260.055s][info   ][gc,stats    ]       Young Phase: Concurrent Mark Free                          0.000 / 0.001         0.000 / 0.001         0.000 / 0.001         0.000 / 0.001       ms
[260.055s][info   ][gc,stats    ]       Young Phase: Concurrent Relocate                           0.436 / 0.634         0.492 / 8.993         0.492 / 8.993         0.492 / 8.993       ms
[260.055s][info   ][gc,stats    ]       Young Phase: Concurrent Reset Relocation Set               0.002 / 0.004         0.002 / 0.021         0.002 / 0.021         0.002 / 0.021       ms
[260.055s][info   ][gc,stats    ]       Young Phase: Concurrent Select Relocation Set              1.431 / 1.683         1.325 / 9.037         1.325 / 9.037         1.325 / 9.037       ms
[260.055s][info   ][gc,stats    ]    Young Subphase: Concurrent Mark Follow                       22.904 / 25.751       17.902 / 35.928       17.902 / 35.928       17.902 / 35.928      ms
[260.055s][info   ][gc,stats    ]    Young Subphase: Concurrent Mark Root Colored                  0.062 / 0.071         0.080 / 0.492         0.080 / 0.492         0.080 / 0.492       ms
[260.055s][info   ][gc,stats    ]    Young Subphase: Concurrent Mark Root Uncolored                0.901 / 1.115         0.642 / 1.210         0.642 / 1.210         0.642 / 1.210       ms
[260.055s][info   ][gc,stats    ]    Young Subphase: Concurrent Mark Roots                         0.998 / 1.219         0.750 / 1.326         0.750 / 1.326         0.750 / 1.326       ms
[260.055s][info   ][gc,stats    ]    Young Subphase: Concurrent Relocate Remset FP                 0.020 / 0.087         0.068 / 8.539         0.068 / 8.539         0.068 / 8.539       ms
[260.055s][info   ][gc,stats    ]    Young Subphase: Concurrent Roots ClassLoaderDataGraph         0.021 / 0.024         0.043 / 0.458         0.043 / 0.458         0.043 / 0.458       ms
[260.055s][info   ][gc,stats    ]    Young Subphase: Concurrent Roots CodeCache                    0.531 / 0.754         0.352 / 0.777         0.352 / 0.777         0.352 / 0.777       ms
[260.055s][info   ][gc,stats    ]    Young Subphase: Concurrent Roots JavaThreads                  0.187 / 0.462         0.146 / 0.505         0.146 / 0.505         0.146 / 0.505       ms
[260.055s][info   ][gc,stats    ]    Young Subphase: Concurrent Roots OopStorageSet                0.006 / 0.013         0.005 / 0.032         0.005 / 0.032         0.005 / 0.032       ms
[260.055s][info   ][gc,stats    ]    Young Subphase: Concurrent Weak Roots OopStorageSet           0.033 / 0.034         0.031 / 0.055         0.031 / 0.055         0.031 / 0.055       ms
[260.055s][info   ][gc,stats    ] =========================================================================================================================================================
[260.055s][info   ][gc,heap,exit] Heap
[260.055s][info   ][gc,heap,exit]  ZHeap           used 1808M, capacity 8192M, max capacity 8192M
[260.055s][info   ][gc,heap,exit]  Metaspace       used 719K, committed 832K, reserved 1114112K
[260.055s][info   ][gc,heap,exit]   class space    used 62K, committed 128K, reserved 1048576K
