$ strings quickstart/target/getting-started-reactive-1.0.0-SNAPSHOT-runner | grep GraalVM
GraalVM Runtime Environment
GraalVM Community
GraalVM CE 21+35.1
$ numactl --cpunodebind=1 --localalloc quickstart/target/getting-started-reactive-1.0.0-SNAPSHOT-runner -Xmx64m -XX:+PrintGC
__  ____  __  _____   ___  __ ____  ______
 --/ __ \/ / / / _ | / _ \/ //_/ / / / __/
 -/ /_/ / /_/ / __ |/ , _/ ,< / /_/ /\ \
--\___\_\____/_/ |_/_/|_/_/|_|\____/___/
2023-10-17 09:22:52,120 INFO  [io.quarkus] (main) getting-started-reactive 1.0.0-SNAPSHOT native (powered by Quarkus 3.4.3) started in 0.043s. Listening on: http://0.0.0.0:8080
2023-10-17 09:22:52,121 INFO  [io.quarkus] (main) Profile prod activated.
2023-10-17 09:22:52,121 INFO  [io.quarkus] (main) Installed features: [cdi, resteasy-reactive, smallrye-context-propagation, vertx]
[5.162s] GC(0) Full GC (Collect on allocation) 13.00M->1.50M 6.864ms
[5.243s] GC(1) Full GC (Collect on allocation) 14.50M->6.00M 25.683ms
[5.291s] GC(2) Incremental GC (Collect on allocation) 19.00M->7.50M 6.259ms
[5.337s] GC(3) Incremental GC (Collect on allocation) 20.50M->8.50M 8.342ms
[5.398s] GC(4) Full GC (Collect on allocation) 21.50M->8.00M 21.396ms
[5.434s] GC(5) Incremental GC (Collect on allocation) 21.00M->8.50M 1.761ms
[5.469s] GC(6) Incremental GC (Collect on allocation) 21.50M->9.00M 2.438ms
[5.507s] GC(7) Incremental GC (Collect on allocation) 22.00M->9.50M 3.292ms
[5.544s] GC(8) Incremental GC (Collect on allocation) 22.50M->9.50M 3.190ms
[5.579s] GC(9) Incremental GC (Collect on allocation) 22.50M->9.00M 1.769ms
[5.615s] GC(10) Incremental GC (Collect on allocation) 22.00M->9.00M 1.467ms
[5.650s] GC(11) Incremental GC (Collect on allocation) 22.00M->9.50M 1.193ms
[5.685s] GC(12) Incremental GC (Collect on allocation) 22.50M->10.00M 1.199ms
[5.720s] GC(13) Incremental GC (Collect on allocation) 22.50M->10.50M 1.188ms
[5.754s] GC(14) Incremental GC (Collect on allocation) 22.50M->11.00M 1.380ms
[5.784s] GC(15) Incremental GC (Collect on allocation) 22.50M->11.50M 1.334ms
[5.814s] GC(16) Incremental GC (Collect on allocation) 22.50M->12.00M 1.315ms
[5.843s] GC(17) Incremental GC (Collect on allocation) 22.50M->12.50M 1.292ms
[5.872s] GC(18) Incremental GC (Collect on allocation) 22.50M->13.00M 1.254ms
[5.901s] GC(19) Incremental GC (Collect on allocation) 23.00M->13.50M 1.419ms
[5.930s] GC(20) Incremental GC (Collect on allocation) 23.50M->14.00M 1.366ms
[5.973s] GC(21) Full GC (Collect on allocation) 24.00M->8.50M 15.883ms
[6.002s] GC(22) Incremental GC (Collect on allocation) 18.50M->9.00M 1.168ms
[6.031s] GC(23) Incremental GC (Collect on allocation) 19.00M->9.50M 1.025ms
[6.054s] GC(24) Incremental GC (Collect on allocation) 19.50M->9.50M 0.958ms
[6.083s] GC(25) Incremental GC (Collect on allocation) 19.50M->10.00M 1.082ms
[6.112s] GC(26) Incremental GC (Collect on allocation) 20.00M->10.50M 1.078ms
[6.141s] GC(27) Incremental GC (Collect on allocation) 20.50M->11.00M 1.105ms
[6.170s] GC(28) Incremental GC (Collect on allocation) 21.00M->11.50M 1.126ms
[6.199s] GC(29) Incremental GC (Collect on allocation) 21.50M->12.00M 1.101ms
[6.228s] GC(30) Incremental GC (Collect on allocation) 22.00M->12.50M 1.234ms
[6.257s] GC(31) Incremental GC (Collect on allocation) 22.50M->13.00M 1.244ms
[6.286s] GC(32) Incremental GC (Collect on allocation) 23.00M->13.00M 1.236ms
[6.315s] GC(33) Incremental GC (Collect on allocation) 23.00M->13.50M 1.294ms
[6.344s] GC(34) Incremental GC (Collect on allocation) 23.50M->14.00M 1.253ms
[6.373s] GC(35) Incremental GC (Collect on allocation) 24.00M->14.00M 1.375ms
[6.401s] GC(36) Incremental GC (Collect on allocation) 24.00M->13.50M 1.209ms
[6.431s] GC(37) Incremental GC (Collect on allocation) 23.50M->13.00M 1.317ms
[6.460s] GC(38) Incremental GC (Collect on allocation) 23.00M->12.50M 1.313ms
[6.489s] GC(39) Incremental GC (Collect on allocation) 22.50M->12.00M 1.323ms
[6.518s] GC(40) Incremental GC (Collect on allocation) 22.00M->11.50M 1.294ms
[6.547s] GC(41) Incremental GC (Collect on allocation) 21.50M->12.00M 1.081ms
[6.577s] GC(42) Incremental GC (Collect on allocation) 22.00M->12.50M 1.096ms
[6.606s] GC(43) Incremental GC (Collect on allocation) 22.50M->13.00M 1.107ms
[6.635s] GC(44) Incremental GC (Collect on allocation) 23.00M->13.00M 1.079ms
[6.678s] GC(45) Full GC (Collect on allocation) 23.00M->8.50M 15.446ms
[6.707s] GC(46) Incremental GC (Collect on allocation) 18.50M->9.00M 1.132ms
[6.736s] GC(47) Incremental GC (Collect on allocation) 19.00M->9.50M 1.115ms
[6.765s] GC(48) Incremental GC (Collect on allocation) 19.50M->10.00M 1.002ms
[6.793s] GC(49) Incremental GC (Collect on allocation) 20.00M->10.00M 1.050ms
[6.821s] GC(50) Incremental GC (Collect on allocation) 20.00M->10.00M 1.026ms
[6.850s] GC(51) Incremental GC (Collect on allocation) 20.00M->10.50M 1.054ms
[6.879s] GC(52) Incremental GC (Collect on allocation) 20.50M->11.00M 1.078ms
[6.907s] GC(53) Incremental GC (Collect on allocation) 21.00M->11.50M 1.058ms
[6.936s] GC(54) Incremental GC (Collect on allocation) 21.50M->12.00M 1.076ms
[6.965s] GC(55) Incremental GC (Collect on allocation) 22.00M->12.00M 1.192ms
[6.993s] GC(56) Incremental GC (Collect on allocation) 22.00M->12.00M 1.092ms
[7.022s] GC(57) Incremental GC (Collect on allocation) 22.00M->12.00M 1.108ms
[7.051s] GC(58) Incremental GC (Collect on allocation) 22.00M->12.50M 1.174ms
[7.080s] GC(59) Incremental GC (Collect on allocation) 22.50M->12.50M 1.233ms
[7.109s] GC(60) Incremental GC (Collect on allocation) 22.50M->13.00M 1.215ms
[7.138s] GC(61) Incremental GC (Collect on allocation) 23.00M->12.50M 1.299ms
[7.168s] GC(62) Incremental GC (Collect on allocation) 22.50M->12.50M 1.269ms
[7.197s] GC(63) Incremental GC (Collect on allocation) 22.50M->12.50M 1.112ms
[7.226s] GC(64) Incremental GC (Collect on allocation) 22.50M->12.50M 1.141ms
[7.255s] GC(65) Incremental GC (Collect on allocation) 22.50M->12.00M 1.245ms
[7.284s] GC(66) Incremental GC (Collect on allocation) 22.00M->11.50M 1.295ms
[7.314s] GC(67) Incremental GC (Collect on allocation) 21.50M->10.00M 1.119ms
[7.343s] GC(68) Incremental GC (Collect on allocation) 20.00M->10.00M 1.303ms
[7.373s] GC(69) Incremental GC (Collect on allocation) 20.00M->10.50M 1.129ms
[7.416s] GC(70) Full GC (Collect on allocation) 20.50M->8.50M 15.319ms
[7.440s] GC(71) Incremental GC (Collect on allocation) 17.50M->9.00M 1.001ms
[7.464s] GC(72) Incremental GC (Collect on allocation) 17.50M->9.50M 0.998ms
[7.488s] GC(73) Incremental GC (Collect on allocation) 17.50M->9.50M 0.958ms
[7.506s] GC(74) Incremental GC (Collect on allocation) 17.00M->9.50M 0.796ms
[7.525s] GC(75) Incremental GC (Collect on allocation) 16.50M->9.50M 0.834ms
[7.542s] GC(76) Incremental GC (Collect on allocation) 16.00M->9.50M 0.863ms
[7.561s] GC(77) Incremental GC (Collect on allocation) 16.50M->9.50M 0.790ms
[7.579s] GC(78) Incremental GC (Collect on allocation) 17.00M->9.50M 0.790ms
[7.602s] GC(79) Incremental GC (Collect on allocation) 17.50M->9.50M 1.010ms
[7.626s] GC(80) Incremental GC (Collect on allocation) 18.00M->9.50M 0.996ms
[7.649s] GC(81) Incremental GC (Collect on allocation) 18.50M->10.00M 0.913ms
[7.673s] GC(82) Incremental GC (Collect on allocation) 18.50M->10.00M 0.956ms
[7.697s] GC(83) Incremental GC (Collect on allocation) 19.00M->10.50M 1.000ms
[7.720s] GC(84) Incremental GC (Collect on allocation) 19.00M->10.50M 0.947ms
[7.744s] GC(85) Incremental GC (Collect on allocation) 19.50M->10.50M 0.985ms
[7.767s] GC(86) Incremental GC (Collect on allocation) 19.00M->10.00M 1.151ms
[7.790s] GC(87) Incremental GC (Collect on allocation) 18.00M->10.00M 0.886ms
[7.808s] GC(88) Incremental GC (Collect on allocation) 17.50M->9.50M 0.738ms
[7.826s] GC(89) Incremental GC (Collect on allocation) 16.50M->10.00M 0.784ms
[7.844s] GC(90) Incremental GC (Collect on allocation) 17.50M->10.00M 0.833ms
[7.867s] GC(91) Incremental GC (Collect on allocation) 18.00M->10.50M 0.951ms
[7.885s] GC(92) Incremental GC (Collect on allocation) 18.00M->11.00M 0.811ms
[7.908s] GC(93) Incremental GC (Collect on allocation) 19.00M->11.00M 0.999ms
[7.932s] GC(94) Incremental GC (Collect on allocation) 19.50M->11.00M 1.080ms
[7.955s] GC(95) Incremental GC (Collect on allocation) 19.00M->11.00M 0.937ms
[7.973s] GC(96) Incremental GC (Collect on allocation) 18.50M->11.50M 0.788ms
[7.996s] GC(97) Incremental GC (Collect on allocation) 19.50M->11.50M 1.022ms
[8.014s] GC(98) Incremental GC (Collect on allocation) 19.00M->12.00M 0.828ms
[8.038s] GC(99) Incremental GC (Collect on allocation) 20.00M->12.00M 1.092ms
[8.062s] GC(100) Incremental GC (Collect on allocation) 20.50M->12.00M 1.064ms
[8.099s] GC(101) Full GC (Collect on allocation) 20.00M->8.50M 14.984ms
[8.123s] GC(102) Incremental GC (Collect on allocation) 17.00M->9.00M 1.028ms
[8.147s] GC(103) Incremental GC (Collect on allocation) 18.00M->9.50M 0.968ms
[8.171s] GC(104) Incremental GC (Collect on allocation) 19.00M->9.50M 1.036ms
[8.200s] GC(105) Incremental GC (Collect on allocation) 19.50M->9.50M 1.118ms
[8.229s] GC(106) Incremental GC (Collect on allocation) 19.50M->9.50M 1.079ms
[8.258s] GC(107) Incremental GC (Collect on allocation) 20.00M->9.50M 1.101ms
[8.287s] GC(108) Incremental GC (Collect on allocation) 20.50M->9.50M 1.214ms
[8.317s] GC(109) Incremental GC (Collect on allocation) 20.00M->9.50M 1.092ms
[8.346s] GC(110) Incremental GC (Collect on allocation) 19.50M->9.50M 1.147ms
[8.370s] GC(111) Incremental GC (Collect on allocation) 19.00M->10.00M 1.061ms
[8.393s] GC(112) Incremental GC (Collect on allocation) 19.00M->10.50M 0.946ms
[8.417s] GC(113) Incremental GC (Collect on allocation) 20.00M->10.50M 1.080ms
[8.440s] GC(114) Incremental GC (Collect on allocation) 19.50M->10.50M 0.952ms
[8.464s] GC(115) Incremental GC (Collect on allocation) 19.00M->11.00M 0.984ms
[8.488s] GC(116) Incremental GC (Collect on allocation) 20.50M->11.50M 1.146ms
[8.512s] GC(117) Incremental GC (Collect on allocation) 20.50M->11.00M 1.164ms
[8.536s] GC(118) Incremental GC (Collect on allocation) 19.50M->11.00M 1.020ms
[8.559s] GC(119) Incremental GC (Collect on allocation) 19.00M->11.00M 0.949ms
[8.577s] GC(120) Incremental GC (Collect on allocation) 18.50M->11.00M 0.797ms
[8.595s] GC(121) Incremental GC (Collect on allocation) 18.00M->11.00M 0.769ms
[8.613s] GC(122) Incremental GC (Collect on allocation) 17.50M->11.00M 0.847ms
[8.631s] GC(123) Incremental GC (Collect on allocation) 18.50M->11.50M 0.822ms
[8.655s] GC(124) Incremental GC (Collect on allocation) 20.00M->12.00M 1.124ms
[8.678s] GC(125) Incremental GC (Collect on allocation) 20.00M->11.00M 1.224ms
[8.702s] GC(126) Incremental GC (Collect on allocation) 20.00M->11.00M 0.977ms
[8.726s] GC(127) Incremental GC (Collect on allocation) 19.50M->10.00M 1.150ms
[8.748s] GC(128) Incremental GC (Collect on allocation) 18.00M->10.00M 0.943ms
[8.767s] GC(129) Incremental GC (Collect on allocation) 17.50M->10.00M 0.843ms
[8.790s] GC(130) Incremental GC (Collect on allocation) 18.50M->10.00M 0.974ms
[8.828s] GC(131) Full GC (Collect on allocation) 18.00M->8.50M 15.188ms
[8.857s] GC(132) Incremental GC (Collect on allocation) 18.50M->9.00M 1.164ms
[8.887s] GC(133) Incremental GC (Collect on allocation) 20.00M->9.50M 1.071ms
[8.922s] GC(134) Incremental GC (Collect on allocation) 21.50M->10.00M 1.286ms
[8.957s] GC(135) Incremental GC (Collect on allocation) 23.00M->10.50M 1.420ms
[8.992s] GC(136) Incremental GC (Collect on allocation) 23.00M->11.00M 1.305ms
[9.028s] GC(137) Incremental GC (Collect on allocation) 24.00M->11.00M 1.517ms
[9.063s] GC(138) Incremental GC (Collect on allocation) 23.50M->10.00M 1.271ms
[9.098s] GC(139) Incremental GC (Collect on allocation) 22.00M->9.50M 1.272ms
[9.128s] GC(140) Incremental GC (Collect on allocation) 21.00M->9.00M 1.254ms
[9.157s] GC(141) Incremental GC (Collect on allocation) 20.00M->9.50M 1.106ms
[9.186s] GC(142) Incremental GC (Collect on allocation) 20.00M->9.50M 1.078ms
[9.216s] GC(143) Incremental GC (Collect on allocation) 21.00M->9.00M 1.285ms
[9.246s] GC(144) Incremental GC (Collect on allocation) 20.00M->9.00M 1.070ms
[9.275s] GC(145) Incremental GC (Collect on allocation) 19.50M->9.00M 1.101ms
[9.305s] GC(146) Incremental GC (Collect on allocation) 20.50M->9.00M 1.107ms
[9.334s] GC(147) Incremental GC (Collect on allocation) 20.00M->9.00M 1.140ms
[9.369s] GC(148) Incremental GC (Collect on allocation) 21.00M->9.00M 1.221ms
[9.399s] GC(149) Incremental GC (Collect on allocation) 20.50M->9.50M 1.045ms
[9.434s] GC(150) Incremental GC (Collect on allocation) 22.00M->9.50M 1.400ms
[9.469s] GC(151) Incremental GC (Collect on allocation) 21.50M->9.50M 1.339ms
[9.499s] GC(152) Incremental GC (Collect on allocation) 21.00M->9.50M 1.261ms
[9.529s] GC(153) Incremental GC (Collect on allocation) 20.50M->9.50M 1.222ms
[9.559s] GC(154) Incremental GC (Collect on allocation) 20.00M->9.00M 1.262ms
[9.588s] GC(155) Incremental GC (Collect on allocation) 20.50M->8.50M 1.274ms
[9.632s] GC(156) Full GC (Collect on allocation) 19.50M->8.50M 15.333ms
[9.661s] GC(157) Incremental GC (Collect on allocation) 18.50M->8.50M 1.363ms
[9.686s] GC(158) Incremental GC (Collect on allocation) 18.00M->8.50M 1.171ms
[9.716s] GC(159) Incremental GC (Collect on allocation) 19.00M->8.50M 1.252ms
[9.746s] GC(160) Incremental GC (Collect on allocation) 20.00M->8.50M 1.324ms
[9.776s] GC(161) Incremental GC (Collect on allocation) 19.50M->8.50M 1.333ms
[9.805s] GC(162) Incremental GC (Collect on allocation) 19.00M->8.50M 1.341ms
[9.834s] GC(163) Incremental GC (Collect on allocation) 18.50M->8.50M 1.323ms
[9.864s] GC(164) Incremental GC (Collect on allocation) 19.50M->8.50M 1.416ms
[9.894s] GC(165) Incremental GC (Collect on allocation) 19.00M->8.50M 1.449ms
[9.923s] GC(166) Incremental GC (Collect on allocation) 20.00M->8.50M 1.513ms
[9.953s] GC(167) Incremental GC (Collect on allocation) 19.50M->8.50M 1.467ms
[9.982s] GC(168) Incremental GC (Collect on allocation) 19.00M->8.50M 1.506ms
[10.012s] GC(169) Incremental GC (Collect on allocation) 18.50M->8.50M 1.435ms
[10.036s] GC(170) Incremental GC (Collect on allocation) 18.00M->8.50M 1.272ms
[10.065s] GC(171) Incremental GC (Collect on allocation) 19.00M->8.50M 1.505ms
[10.095s] GC(172) Incremental GC (Collect on allocation) 20.00M->8.50M 1.585ms
[10.125s] GC(173) Incremental GC (Collect on allocation) 19.50M->8.50M 1.520ms
[10.154s] GC(174) Incremental GC (Collect on allocation) 19.00M->8.50M 1.591ms
[10.184s] GC(175) Incremental GC (Collect on allocation) 18.50M->8.50M 1.558ms
[10.228s] GC(176) Full GC (Collect on allocation) 19.50M->8.50M 15.694ms
[10.257s] GC(177) Incremental GC (Collect on allocation) 18.50M->8.50M 1.371ms
[10.281s] GC(178) Incremental GC (Collect on allocation) 18.00M->8.50M 1.221ms
[10.305s] GC(179) Incremental GC (Collect on allocation) 17.50M->8.50M 1.198ms
[10.329s] GC(180) Incremental GC (Collect on allocation) 17.00M->8.50M 1.190ms
[10.351s] GC(181) Incremental GC (Collect on allocation) 16.50M->8.50M 1.191ms
[10.375s] GC(182) Incremental GC (Collect on allocation) 17.50M->8.50M 1.247ms
[10.404s] GC(183) Incremental GC (Collect on allocation) 18.50M->8.50M 1.473ms
[10.434s] GC(184) Incremental GC (Collect on allocation) 19.50M->8.50M 1.464ms
[10.463s] GC(185) Incremental GC (Collect on allocation) 19.00M->8.50M 1.415ms
[10.492s] GC(186) Incremental GC (Collect on allocation) 18.50M->8.50M 1.392ms
[10.516s] GC(187) Incremental GC (Collect on allocation) 18.00M->8.50M 1.931ms
[10.546s] GC(188) Incremental GC (Collect on allocation) 19.00M->8.50M 1.507ms
[10.575s] GC(189) Incremental GC (Collect on allocation) 20.00M->8.50M 1.556ms
[10.610s] GC(190) Incremental GC (Collect on allocation) 21.00M->8.50M 1.656ms
[10.646s] GC(191) Incremental GC (Collect on allocation) 21.50M->8.50M 1.663ms
[10.681s] GC(192) Incremental GC (Collect on allocation) 21.50M->8.50M 1.687ms
[10.717s] GC(193) Incremental GC (Collect on allocation) 21.50M->8.50M 1.682ms
[10.766s] GC(194) Full GC (Collect on allocation) 21.50M->8.50M 16.077ms
[10.801s] GC(195) Incremental GC (Collect on allocation) 21.50M->8.50M 1.460ms
[10.836s] GC(196) Incremental GC (Collect on allocation) 21.50M->8.50M 1.385ms
[10.871s] GC(197) Incremental GC (Collect on allocation) 21.50M->8.50M 1.421ms
[10.906s] GC(198) Incremental GC (Collect on allocation) 21.50M->8.50M 1.484ms
[10.940s] GC(199) Incremental GC (Collect on allocation) 21.50M->8.50M 1.507ms
[10.975s] GC(200) Incremental GC (Collect on allocation) 21.50M->8.50M 1.536ms
[11.010s] GC(201) Incremental GC (Collect on allocation) 21.50M->8.50M 1.493ms
[11.045s] GC(202) Incremental GC (Collect on allocation) 21.50M->8.50M 1.535ms
[11.080s] GC(203) Incremental GC (Collect on allocation) 21.50M->8.50M 1.526ms
[11.116s] GC(204) Incremental GC (Collect on allocation) 21.50M->8.50M 1.566ms
[11.151s] GC(205) Incremental GC (Collect on allocation) 21.50M->8.50M 1.627ms
[11.187s] GC(206) Incremental GC (Collect on allocation) 21.50M->8.50M 1.580ms
[11.222s] GC(207) Incremental GC (Collect on allocation) 21.50M->8.50M 1.645ms
[11.260s] GC(208) Incremental GC (Collect on allocation) 21.50M->8.50M 1.838ms
[11.337s] GC(209) Full GC (Collect on allocation) 21.50M->8.50M 17.309ms
[11.383s] GC(210) Incremental GC (Collect on allocation) 21.50M->8.50M 2.380ms
[11.423s] GC(211) Incremental GC (Collect on allocation) 21.50M->8.50M 1.890ms
[11.464s] GC(212) Incremental GC (Collect on allocation) 21.50M->8.50M 2.019ms
[11.502s] GC(213) Incremental GC (Collect on allocation) 21.50M->8.50M 1.849ms
[11.542s] GC(214) Incremental GC (Collect on allocation) 21.50M->8.50M 1.832ms
[11.581s] GC(215) Incremental GC (Collect on allocation) 21.50M->8.50M 1.803ms
[11.619s] GC(216) Incremental GC (Collect on allocation) 21.50M->8.50M 1.740ms
[11.657s] GC(217) Incremental GC (Collect on allocation) 21.50M->8.50M 1.831ms
[11.697s] GC(218) Incremental GC (Collect on allocation) 21.50M->8.50M 1.962ms
[11.735s] GC(219) Incremental GC (Collect on allocation) 21.50M->8.50M 1.798ms
[11.773s] GC(220) Incremental GC (Collect on allocation) 21.50M->8.50M 1.803ms
[11.811s] GC(221) Incremental GC (Collect on allocation) 21.50M->8.50M 1.860ms
[11.848s] GC(222) Incremental GC (Collect on allocation) 21.50M->8.50M 1.679ms
[11.885s] GC(223) Incremental GC (Collect on allocation) 21.50M->8.50M 1.749ms
[11.923s] GC(224) Incremental GC (Collect on allocation) 21.50M->8.50M 1.732ms
[11.960s] GC(225) Incremental GC (Collect on allocation) 21.50M->8.50M 1.765ms
[12.012s] GC(226) Full GC (Collect on allocation) 21.50M->8.50M 16.130ms
[12.049s] GC(227) Incremental GC (Collect on allocation) 21.50M->8.50M 1.558ms
[12.086s] GC(228) Incremental GC (Collect on allocation) 21.50M->8.50M 1.461ms
[12.123s] GC(229) Incremental GC (Collect on allocation) 21.50M->8.50M 1.518ms
[12.159s] GC(230) Incremental GC (Collect on allocation) 21.50M->8.50M 1.474ms
[12.196s] GC(231) Incremental GC (Collect on allocation) 21.50M->8.50M 1.538ms
[12.233s] GC(232) Incremental GC (Collect on allocation) 21.50M->8.50M 1.487ms
[12.269s] GC(233) Incremental GC (Collect on allocation) 21.50M->8.50M 1.540ms
[12.305s] GC(234) Incremental GC (Collect on allocation) 21.50M->8.50M 1.584ms
[12.341s] GC(235) Incremental GC (Collect on allocation) 21.50M->8.50M 1.545ms
[12.377s] GC(236) Incremental GC (Collect on allocation) 21.50M->8.50M 1.613ms
[12.413s] GC(237) Incremental GC (Collect on allocation) 21.50M->8.50M 1.584ms
[12.449s] GC(238) Incremental GC (Collect on allocation) 21.50M->8.50M 1.587ms
[12.485s] GC(239) Incremental GC (Collect on allocation) 21.50M->8.50M 1.628ms
[12.521s] GC(240) Incremental GC (Collect on allocation) 21.50M->8.50M 1.684ms
[12.557s] GC(241) Incremental GC (Collect on allocation) 21.50M->8.50M 1.646ms
[12.594s] GC(242) Incremental GC (Collect on allocation) 21.50M->8.50M 1.704ms
[12.630s] GC(243) Incremental GC (Collect on allocation) 21.50M->8.50M 1.769ms
[12.681s] GC(244) Full GC (Collect on allocation) 21.50M->8.50M 16.311ms
[12.717s] GC(245) Incremental GC (Collect on allocation) 21.50M->8.50M 1.465ms
[12.753s] GC(246) Incremental GC (Collect on allocation) 21.50M->8.50M 1.383ms
[12.789s] GC(247) Incremental GC (Collect on allocation) 21.50M->8.50M 1.451ms
[12.825s] GC(248) Incremental GC (Collect on allocation) 21.50M->8.50M 1.422ms
[12.861s] GC(249) Incremental GC (Collect on allocation) 21.50M->8.50M 1.533ms
[12.897s] GC(250) Incremental GC (Collect on allocation) 21.50M->8.50M 1.505ms
[12.933s] GC(251) Incremental GC (Collect on allocation) 21.50M->8.50M 1.502ms
[12.969s] GC(252) Incremental GC (Collect on allocation) 21.50M->8.50M 1.541ms
[13.004s] GC(253) Incremental GC (Collect on allocation) 21.50M->8.50M 1.544ms
[13.040s] GC(254) Incremental GC (Collect on allocation) 21.50M->8.50M 1.567ms
[13.075s] GC(255) Incremental GC (Collect on allocation) 21.50M->8.50M 1.547ms
[13.111s] GC(256) Incremental GC (Collect on allocation) 21.50M->8.50M 1.569ms
[13.147s] GC(257) Incremental GC (Collect on allocation) 21.50M->8.50M 1.597ms
[13.183s] GC(258) Incremental GC (Collect on allocation) 21.50M->8.50M 1.620ms
[13.218s] GC(259) Incremental GC (Collect on allocation) 21.50M->8.50M 1.677ms
[13.254s] GC(260) Incremental GC (Collect on allocation) 21.50M->8.50M 1.524ms
[13.290s] GC(261) Incremental GC (Collect on allocation) 21.50M->8.50M 1.730ms
[13.326s] GC(262) Incremental GC (Collect on allocation) 21.50M->8.50M 1.707ms
[13.376s] GC(263) Full GC (Collect on allocation) 21.50M->8.50M 15.987ms
[13.412s] GC(264) Incremental GC (Collect on allocation) 21.50M->8.50M 1.355ms
[13.447s] GC(265) Incremental GC (Collect on allocation) 21.50M->8.50M 1.375ms
[13.482s] GC(266) Incremental GC (Collect on allocation) 21.50M->8.50M 1.410ms
[13.517s] GC(267) Incremental GC (Collect on allocation) 21.50M->8.50M 1.380ms
[13.553s] GC(268) Incremental GC (Collect on allocation) 21.50M->8.50M 1.452ms
[13.588s] GC(269) Incremental GC (Collect on allocation) 21.50M->8.50M 1.696ms
[13.624s] GC(270) Incremental GC (Collect on allocation) 21.50M->8.50M 1.404ms
[13.660s] GC(271) Incremental GC (Collect on allocation) 21.50M->8.50M 1.482ms
[13.695s] GC(272) Incremental GC (Collect on allocation) 21.50M->8.50M 1.559ms
[13.731s] GC(273) Incremental GC (Collect on allocation) 21.50M->8.50M 1.508ms
[13.767s] GC(274) Incremental GC (Collect on allocation) 21.50M->8.50M 1.637ms
[13.803s] GC(275) Incremental GC (Collect on allocation) 21.50M->8.50M 1.572ms
[13.838s] GC(276) Incremental GC (Collect on allocation) 21.50M->8.50M 1.593ms
[13.873s] GC(277) Incremental GC (Collect on allocation) 21.50M->8.50M 1.593ms
[13.909s] GC(278) Incremental GC (Collect on allocation) 21.50M->8.50M 1.664ms
[13.945s] GC(279) Incremental GC (Collect on allocation) 21.50M->8.50M 1.590ms
[13.981s] GC(280) Incremental GC (Collect on allocation) 21.50M->8.50M 1.743ms
[14.031s] GC(281) Full GC (Collect on allocation) 21.50M->8.50M 15.943ms
[14.066s] GC(282) Incremental GC (Collect on allocation) 21.50M->8.50M 1.468ms
[14.102s] GC(283) Incremental GC (Collect on allocation) 21.50M->8.50M 1.553ms
[14.138s] GC(284) Incremental GC (Collect on allocation) 21.50M->8.50M 1.522ms
[14.173s] GC(285) Incremental GC (Collect on allocation) 21.50M->8.50M 1.400ms
[14.208s] GC(286) Incremental GC (Collect on allocation) 21.50M->8.50M 1.468ms
[14.243s] GC(287) Incremental GC (Collect on allocation) 21.50M->8.50M 1.453ms
[14.279s] GC(288) Incremental GC (Collect on allocation) 21.50M->8.50M 1.528ms
[14.314s] GC(289) Incremental GC (Collect on allocation) 21.50M->8.50M 1.535ms
[14.350s] GC(290) Incremental GC (Collect on allocation) 21.50M->8.50M 1.598ms
[14.385s] GC(291) Incremental GC (Collect on allocation) 21.50M->8.50M 1.617ms
[14.420s] GC(292) Incremental GC (Collect on allocation) 21.50M->8.50M 1.641ms
[14.456s] GC(293) Incremental GC (Collect on allocation) 21.50M->8.50M 1.594ms
[14.492s] GC(294) Incremental GC (Collect on allocation) 21.50M->8.50M 1.642ms
[14.527s] GC(295) Incremental GC (Collect on allocation) 21.50M->8.50M 1.768ms
[14.563s] GC(296) Incremental GC (Collect on allocation) 21.50M->8.50M 1.711ms
[14.598s] GC(297) Incremental GC (Collect on allocation) 21.50M->8.50M 1.713ms
[14.634s] GC(298) Incremental GC (Collect on allocation) 21.50M->8.50M 1.813ms
[14.684s] GC(299) Full GC (Collect on allocation) 21.50M->8.50M 15.738ms
[14.719s] GC(300) Incremental GC (Collect on allocation) 21.50M->8.50M 1.375ms
[14.754s] GC(301) Incremental GC (Collect on allocation) 21.50M->8.50M 1.377ms
[14.789s] GC(302) Incremental GC (Collect on allocation) 21.50M->8.50M 1.400ms
[14.825s] GC(303) Incremental GC (Collect on allocation) 21.50M->8.50M 1.386ms
[14.860s] GC(304) Incremental GC (Collect on allocation) 21.50M->8.50M 1.407ms
[14.895s] GC(305) Incremental GC (Collect on allocation) 21.50M->8.50M 1.422ms
[14.931s] GC(306) Incremental GC (Collect on allocation) 21.50M->8.50M 1.503ms
[14.966s] GC(307) Incremental GC (Collect on allocation) 21.50M->8.50M 1.484ms
[15.001s] GC(308) Incremental GC (Collect on allocation) 21.50M->8.50M 1.571ms
[15.036s] GC(309) Incremental GC (Collect on allocation) 21.50M->8.50M 1.587ms
[15.072s] GC(310) Incremental GC (Collect on allocation) 21.50M->8.50M 1.523ms
[15.107s] GC(311) Incremental GC (Collect on allocation) 21.50M->8.50M 1.562ms
[15.143s] GC(312) Incremental GC (Collect on allocation) 21.50M->8.50M 1.632ms
[15.179s] GC(313) Incremental GC (Collect on allocation) 21.50M->8.50M 1.841ms
[15.214s] GC(314) Incremental GC (Collect on allocation) 21.50M->8.50M 1.636ms
[15.250s] GC(315) Incremental GC (Collect on allocation) 21.50M->8.50M 1.592ms
[15.285s] GC(316) Incremental GC (Collect on allocation) 21.50M->8.50M 1.682ms
[15.335s] GC(317) Full GC (Collect on allocation) 21.50M->8.50M 16.151ms
[15.371s] GC(318) Incremental GC (Collect on allocation) 21.50M->8.50M 1.464ms
[15.406s] GC(319) Incremental GC (Collect on allocation) 21.50M->8.50M 1.340ms
[15.441s] GC(320) Incremental GC (Collect on allocation) 21.50M->8.50M 1.397ms
[15.476s] GC(321) Incremental GC (Collect on allocation) 21.50M->8.50M 1.454ms
[15.511s] GC(322) Incremental GC (Collect on allocation) 21.50M->8.50M 1.502ms
[15.547s] GC(323) Incremental GC (Collect on allocation) 21.50M->8.50M 1.509ms
[15.582s] GC(324) Incremental GC (Collect on allocation) 21.50M->8.50M 1.442ms
[15.617s] GC(325) Incremental GC (Collect on allocation) 21.50M->8.50M 1.476ms
[15.652s] GC(326) Incremental GC (Collect on allocation) 21.50M->8.50M 1.523ms
[15.688s] GC(327) Incremental GC (Collect on allocation) 21.50M->8.50M 1.551ms
[15.723s] GC(328) Incremental GC (Collect on allocation) 21.50M->8.50M 1.716ms
[15.759s] GC(329) Incremental GC (Collect on allocation) 21.50M->8.50M 1.593ms
[15.794s] GC(330) Incremental GC (Collect on allocation) 21.50M->8.50M 1.563ms
[15.829s] GC(331) Incremental GC (Collect on allocation) 21.50M->8.50M 1.640ms
[15.865s] GC(332) Incremental GC (Collect on allocation) 21.50M->8.50M 1.666ms
[15.901s] GC(333) Incremental GC (Collect on allocation) 21.50M->8.50M 1.654ms
[15.937s] GC(334) Incremental GC (Collect on allocation) 21.50M->8.50M 1.666ms
[15.987s] GC(335) Full GC (Collect on allocation) 21.50M->8.50M 16.136ms
[16.022s] GC(336) Incremental GC (Collect on allocation) 21.50M->8.50M 1.522ms
[16.057s] GC(337) Incremental GC (Collect on allocation) 21.50M->8.50M 1.493ms
[16.092s] GC(338) Incremental GC (Collect on allocation) 21.50M->8.50M 1.390ms
[16.127s] GC(339) Incremental GC (Collect on allocation) 21.50M->8.50M 1.487ms
[16.162s] GC(340) Incremental GC (Collect on allocation) 21.50M->8.50M 1.498ms
[16.197s] GC(341) Incremental GC (Collect on allocation) 21.50M->8.50M 1.426ms
[16.232s] GC(342) Incremental GC (Collect on allocation) 21.50M->8.50M 1.549ms
[16.268s] GC(343) Incremental GC (Collect on allocation) 21.50M->8.50M 1.549ms
[16.303s] GC(344) Incremental GC (Collect on allocation) 21.50M->8.50M 1.563ms
[16.339s] GC(345) Incremental GC (Collect on allocation) 21.50M->8.50M 1.598ms
[16.374s] GC(346) Incremental GC (Collect on allocation) 21.50M->8.50M 1.717ms
[16.410s] GC(347) Incremental GC (Collect on allocation) 21.50M->8.50M 1.634ms
[16.446s] GC(348) Incremental GC (Collect on allocation) 21.50M->8.50M 1.611ms
[16.481s] GC(349) Incremental GC (Collect on allocation) 21.50M->8.50M 1.683ms
[16.517s] GC(350) Incremental GC (Collect on allocation) 21.50M->8.50M 1.732ms
[16.553s] GC(351) Incremental GC (Collect on allocation) 21.50M->8.50M 1.633ms
[16.589s] GC(352) Incremental GC (Collect on allocation) 21.50M->8.50M 1.690ms
[16.639s] GC(353) Full GC (Collect on allocation) 21.50M->8.50M 16.082ms
[16.675s] GC(354) Incremental GC (Collect on allocation) 21.50M->8.50M 1.432ms
[16.710s] GC(355) Incremental GC (Collect on allocation) 21.50M->8.50M 1.374ms
[16.746s] GC(356) Incremental GC (Collect on allocation) 21.50M->8.50M 1.419ms
[16.781s] GC(357) Incremental GC (Collect on allocation) 21.50M->8.50M 1.583ms
[16.817s] GC(358) Incremental GC (Collect on allocation) 21.50M->8.50M 1.438ms
[16.852s] GC(359) Incremental GC (Collect on allocation) 21.50M->8.50M 1.447ms
[16.887s] GC(360) Incremental GC (Collect on allocation) 21.50M->8.50M 1.570ms
[16.923s] GC(361) Incremental GC (Collect on allocation) 21.50M->8.50M 1.509ms
[16.958s] GC(362) Incremental GC (Collect on allocation) 21.50M->8.50M 1.501ms
[16.994s] GC(363) Incremental GC (Collect on allocation) 21.50M->8.50M 1.634ms
[17.029s] GC(364) Incremental GC (Collect on allocation) 21.50M->8.50M 1.601ms
[17.065s] GC(365) Incremental GC (Collect on allocation) 21.50M->8.50M 1.597ms
[17.101s] GC(366) Incremental GC (Collect on allocation) 21.50M->8.50M 1.607ms
[17.137s] GC(367) Incremental GC (Collect on allocation) 21.50M->8.50M 1.628ms
[17.173s] GC(368) Incremental GC (Collect on allocation) 21.50M->8.50M 1.657ms
[17.208s] GC(369) Incremental GC (Collect on allocation) 21.50M->8.50M 1.653ms
[17.244s] GC(370) Incremental GC (Collect on allocation) 21.50M->8.50M 1.757ms
[17.294s] GC(371) Full GC (Collect on allocation) 21.50M->8.50M 15.779ms
[17.329s] GC(372) Incremental GC (Collect on allocation) 21.50M->8.50M 1.464ms
[17.365s] GC(373) Incremental GC (Collect on allocation) 21.50M->8.50M 1.347ms
[17.400s] GC(374) Incremental GC (Collect on allocation) 21.50M->8.50M 1.449ms
[17.435s] GC(375) Incremental GC (Collect on allocation) 21.50M->8.50M 1.439ms
[17.471s] GC(376) Incremental GC (Collect on allocation) 21.50M->8.50M 1.506ms
[17.507s] GC(377) Incremental GC (Collect on allocation) 21.50M->8.50M 1.457ms
[17.542s] GC(378) Incremental GC (Collect on allocation) 21.50M->8.50M 1.481ms
[17.577s] GC(379) Incremental GC (Collect on allocation) 21.50M->8.50M 1.478ms
[17.613s] GC(380) Incremental GC (Collect on allocation) 21.50M->8.50M 1.548ms
[17.648s] GC(381) Incremental GC (Collect on allocation) 21.50M->8.50M 1.618ms
[17.684s] GC(382) Incremental GC (Collect on allocation) 21.50M->8.50M 1.639ms
[17.720s] GC(383) Incremental GC (Collect on allocation) 21.50M->8.50M 1.470ms
[17.756s] GC(384) Incremental GC (Collect on allocation) 21.50M->8.50M 1.605ms
[17.791s] GC(385) Incremental GC (Collect on allocation) 21.50M->8.50M 1.557ms
[17.827s] GC(386) Incremental GC (Collect on allocation) 21.50M->8.50M 1.645ms
[17.863s] GC(387) Incremental GC (Collect on allocation) 21.50M->8.50M 1.773ms
[17.899s] GC(388) Incremental GC (Collect on allocation) 21.50M->8.50M 1.585ms
[17.949s] GC(389) Full GC (Collect on allocation) 21.50M->8.50M 15.857ms
[17.985s] GC(390) Incremental GC (Collect on allocation) 21.50M->8.50M 1.380ms
[18.020s] GC(391) Incremental GC (Collect on allocation) 21.50M->8.50M 1.359ms
[18.055s] GC(392) Incremental GC (Collect on allocation) 21.50M->8.50M 1.333ms
[18.090s] GC(393) Incremental GC (Collect on allocation) 21.50M->8.50M 1.395ms
[18.125s] GC(394) Incremental GC (Collect on allocation) 21.50M->8.50M 1.462ms
[18.159s] GC(395) Incremental GC (Collect on allocation) 21.50M->8.50M 1.467ms
[18.195s] GC(396) Incremental GC (Collect on allocation) 21.50M->8.50M 1.497ms
[18.230s] GC(397) Incremental GC (Collect on allocation) 21.50M->8.50M 1.506ms
[18.265s] GC(398) Incremental GC (Collect on allocation) 21.50M->8.50M 1.527ms
[18.301s] GC(399) Incremental GC (Collect on allocation) 21.50M->8.50M 1.542ms
[18.336s] GC(400) Incremental GC (Collect on allocation) 21.50M->8.50M 1.492ms
[18.372s] GC(401) Incremental GC (Collect on allocation) 21.50M->8.50M 1.625ms
[18.408s] GC(402) Incremental GC (Collect on allocation) 21.50M->8.50M 1.626ms
[18.443s] GC(403) Incremental GC (Collect on allocation) 21.50M->8.50M 1.601ms
[18.479s] GC(404) Incremental GC (Collect on allocation) 21.50M->8.50M 1.905ms
[18.515s] GC(405) Incremental GC (Collect on allocation) 21.50M->8.50M 1.643ms
[18.552s] GC(406) Incremental GC (Collect on allocation) 21.50M->8.50M 1.736ms
[18.602s] GC(407) Full GC (Collect on allocation) 21.50M->8.50M 15.988ms
[18.637s] GC(408) Incremental GC (Collect on allocation) 21.50M->8.50M 1.455ms
[18.672s] GC(409) Incremental GC (Collect on allocation) 21.50M->8.50M 1.307ms
[18.707s] GC(410) Incremental GC (Collect on allocation) 21.50M->8.50M 1.379ms
[18.742s] GC(411) Incremental GC (Collect on allocation) 21.50M->8.50M 1.429ms
[18.777s] GC(412) Incremental GC (Collect on allocation) 21.50M->8.50M 1.447ms
[18.812s] GC(413) Incremental GC (Collect on allocation) 21.50M->8.50M 1.489ms
[18.847s] GC(414) Incremental GC (Collect on allocation) 21.50M->8.50M 1.516ms
[18.882s] GC(415) Incremental GC (Collect on allocation) 21.50M->8.50M 1.540ms
[18.918s] GC(416) Incremental GC (Collect on allocation) 21.50M->8.50M 1.574ms
[18.953s] GC(417) Incremental GC (Collect on allocation) 21.50M->8.50M 1.597ms
[18.989s] GC(418) Incremental GC (Collect on allocation) 21.50M->8.50M 1.645ms
[19.025s] GC(419) Incremental GC (Collect on allocation) 21.50M->8.50M 1.581ms
[19.060s] GC(420) Incremental GC (Collect on allocation) 21.50M->8.50M 1.590ms
[19.096s] GC(421) Incremental GC (Collect on allocation) 21.50M->8.50M 1.623ms
[19.131s] GC(422) Incremental GC (Collect on allocation) 21.50M->8.50M 1.688ms
[19.167s] GC(423) Incremental GC (Collect on allocation) 21.50M->8.50M 1.625ms
[19.203s] GC(424) Incremental GC (Collect on allocation) 21.50M->8.50M 1.683ms
[19.252s] GC(425) Full GC (Collect on allocation) 21.50M->8.50M 15.861ms
[19.288s] GC(426) Incremental GC (Collect on allocation) 21.50M->8.50M 1.515ms
[19.323s] GC(427) Incremental GC (Collect on allocation) 21.50M->8.50M 1.357ms
[19.359s] GC(428) Incremental GC (Collect on allocation) 21.50M->8.50M 1.388ms
[19.394s] GC(429) Incremental GC (Collect on allocation) 21.50M->8.50M 1.370ms
[19.429s] GC(430) Incremental GC (Collect on allocation) 21.50M->8.50M 1.417ms
[19.465s] GC(431) Incremental GC (Collect on allocation) 21.50M->8.50M 1.462ms
[19.500s] GC(432) Incremental GC (Collect on allocation) 21.50M->8.50M 1.424ms
[19.535s] GC(433) Incremental GC (Collect on allocation) 21.50M->8.50M 1.415ms
[19.570s] GC(434) Incremental GC (Collect on allocation) 21.50M->8.50M 1.505ms
[19.606s] GC(435) Incremental GC (Collect on allocation) 21.50M->8.50M 1.661ms
[19.642s] GC(436) Incremental GC (Collect on allocation) 21.50M->8.50M 1.596ms
[19.678s] GC(437) Incremental GC (Collect on allocation) 21.50M->8.50M 1.578ms
[19.713s] GC(438) Incremental GC (Collect on allocation) 21.50M->8.50M 1.632ms
[19.749s] GC(439) Incremental GC (Collect on allocation) 21.50M->8.50M 1.612ms
[19.784s] GC(440) Incremental GC (Collect on allocation) 21.50M->8.50M 1.671ms
[19.821s] GC(441) Incremental GC (Collect on allocation) 21.50M->8.50M 1.685ms
[19.857s] GC(442) Incremental GC (Collect on allocation) 21.50M->8.50M 1.672ms
[19.907s] GC(443) Full GC (Collect on allocation) 21.50M->8.50M 16.217ms
[19.942s] GC(444) Incremental GC (Collect on allocation) 21.50M->8.50M 1.468ms
[19.977s] GC(445) Incremental GC (Collect on allocation) 21.50M->8.50M 1.417ms
[20.013s] GC(446) Incremental GC (Collect on allocation) 21.50M->8.50M 1.367ms
[20.048s] GC(447) Incremental GC (Collect on allocation) 21.50M->8.50M 1.418ms
[20.083s] GC(448) Incremental GC (Collect on allocation) 21.50M->8.50M 1.403ms
[20.118s] GC(449) Incremental GC (Collect on allocation) 21.50M->8.50M 1.569ms
[20.153s] GC(450) Incremental GC (Collect on allocation) 21.50M->8.50M 1.472ms
[20.188s] GC(451) Incremental GC (Collect on allocation) 21.50M->8.50M 1.477ms
[20.224s] GC(452) Incremental GC (Collect on allocation) 21.50M->8.50M 1.629ms
[20.260s] GC(453) Incremental GC (Collect on allocation) 21.50M->8.50M 1.599ms
[20.295s] GC(454) Incremental GC (Collect on allocation) 21.50M->8.50M 1.631ms
[20.330s] GC(455) Incremental GC (Collect on allocation) 21.50M->8.50M 1.635ms
[20.366s] GC(456) Incremental GC (Collect on allocation) 21.50M->8.50M 1.595ms
[20.402s] GC(457) Incremental GC (Collect on allocation) 21.50M->8.50M 1.626ms
[20.437s] GC(458) Incremental GC (Collect on allocation) 21.50M->8.50M 1.701ms
[20.473s] GC(459) Incremental GC (Collect on allocation) 21.50M->8.50M 1.672ms
[20.509s] GC(460) Incremental GC (Collect on allocation) 21.50M->8.50M 1.699ms
[20.560s] GC(461) Full GC (Collect on allocation) 21.50M->8.50M 15.917ms
[20.595s] GC(462) Incremental GC (Collect on allocation) 21.50M->8.50M 1.401ms
[20.630s] GC(463) Incremental GC (Collect on allocation) 21.50M->8.50M 1.382ms
[20.665s] GC(464) Incremental GC (Collect on allocation) 21.50M->8.50M 1.384ms
[20.701s] GC(465) Incremental GC (Collect on allocation) 21.50M->8.50M 1.392ms
[20.736s] GC(466) Incremental GC (Collect on allocation) 21.50M->8.50M 1.382ms
[20.771s] GC(467) Incremental GC (Collect on allocation) 21.50M->8.50M 1.490ms
[20.806s] GC(468) Incremental GC (Collect on allocation) 21.50M->8.50M 1.448ms
[20.841s] GC(469) Incremental GC (Collect on allocation) 21.50M->8.50M 1.513ms
[20.877s] GC(470) Incremental GC (Collect on allocation) 21.50M->8.50M 1.526ms
[20.912s] GC(471) Incremental GC (Collect on allocation) 21.50M->8.50M 1.532ms
[20.948s] GC(472) Incremental GC (Collect on allocation) 21.50M->8.50M 1.581ms
[20.983s] GC(473) Incremental GC (Collect on allocation) 21.50M->8.50M 1.525ms
[21.018s] GC(474) Incremental GC (Collect on allocation) 21.50M->8.50M 1.627ms
[21.054s] GC(475) Incremental GC (Collect on allocation) 21.50M->8.50M 1.684ms
[21.090s] GC(476) Incremental GC (Collect on allocation) 21.50M->8.50M 1.641ms
[21.125s] GC(477) Incremental GC (Collect on allocation) 21.50M->8.50M 1.665ms
[21.161s] GC(478) Incremental GC (Collect on allocation) 21.50M->8.50M 1.626ms
[21.210s] GC(479) Full GC (Collect on allocation) 21.50M->8.50M 15.792ms
[21.246s] GC(480) Incremental GC (Collect on allocation) 21.50M->8.50M 1.469ms
[21.281s] GC(481) Incremental GC (Collect on allocation) 21.50M->8.50M 1.412ms
[21.317s] GC(482) Incremental GC (Collect on allocation) 21.50M->8.50M 1.373ms
[21.352s] GC(483) Incremental GC (Collect on allocation) 21.50M->8.50M 1.406ms
[21.387s] GC(484) Incremental GC (Collect on allocation) 21.50M->8.50M 1.448ms
[21.422s] GC(485) Incremental GC (Collect on allocation) 21.50M->8.50M 1.540ms
[21.458s] GC(486) Incremental GC (Collect on allocation) 21.50M->8.50M 1.446ms
[21.493s] GC(487) Incremental GC (Collect on allocation) 21.50M->8.50M 1.438ms
[21.528s] GC(488) Incremental GC (Collect on allocation) 21.50M->8.50M 1.488ms
[21.563s] GC(489) Incremental GC (Collect on allocation) 21.50M->8.50M 1.564ms
[21.598s] GC(490) Incremental GC (Collect on allocation) 21.50M->8.50M 1.619ms
[21.634s] GC(491) Incremental GC (Collect on allocation) 21.50M->8.50M 1.589ms
[21.669s] GC(492) Incremental GC (Collect on allocation) 21.50M->8.50M 1.605ms
[21.705s] GC(493) Incremental GC (Collect on allocation) 21.50M->8.50M 1.554ms
[21.740s] GC(494) Incremental GC (Collect on allocation) 21.50M->8.50M 1.677ms
[21.776s] GC(495) Incremental GC (Collect on allocation) 21.50M->8.50M 1.733ms
[21.811s] GC(496) Incremental GC (Collect on allocation) 21.50M->8.50M 1.720ms
[21.861s] GC(497) Full GC (Collect on allocation) 21.50M->8.50M 15.885ms
[21.896s] GC(498) Incremental GC (Collect on allocation) 21.50M->8.50M 1.413ms
[21.932s] GC(499) Incremental GC (Collect on allocation) 21.50M->8.50M 1.377ms
[21.967s] GC(500) Incremental GC (Collect on allocation) 21.50M->8.50M 1.429ms
[22.002s] GC(501) Incremental GC (Collect on allocation) 21.50M->8.50M 1.405ms
[22.037s] GC(502) Incremental GC (Collect on allocation) 21.50M->8.50M 1.413ms
[22.072s] GC(503) Incremental GC (Collect on allocation) 21.50M->8.50M 1.502ms
[22.107s] GC(504) Incremental GC (Collect on allocation) 21.50M->8.50M 1.458ms
[22.143s] GC(505) Incremental GC (Collect on allocation) 21.50M->8.50M 1.476ms
[22.178s] GC(506) Incremental GC (Collect on allocation) 21.50M->8.50M 1.516ms
[22.213s] GC(507) Incremental GC (Collect on allocation) 21.50M->8.50M 1.507ms
[22.249s] GC(508) Incremental GC (Collect on allocation) 21.50M->8.50M 1.640ms
[22.284s] GC(509) Incremental GC (Collect on allocation) 21.50M->8.50M 1.613ms
[22.320s] GC(510) Incremental GC (Collect on allocation) 21.50M->8.50M 1.709ms
[22.355s] GC(511) Incremental GC (Collect on allocation) 21.50M->8.50M 1.643ms
[22.391s] GC(512) Incremental GC (Collect on allocation) 21.50M->8.50M 1.618ms
[22.426s] GC(513) Incremental GC (Collect on allocation) 21.50M->8.50M 1.739ms
[22.463s] GC(514) Incremental GC (Collect on allocation) 21.50M->8.50M 1.703ms
[22.513s] GC(515) Full GC (Collect on allocation) 21.50M->8.50M 15.860ms
[22.549s] GC(516) Incremental GC (Collect on allocation) 21.50M->8.50M 1.377ms
[22.584s] GC(517) Incremental GC (Collect on allocation) 21.50M->8.50M 1.353ms
[22.619s] GC(518) Incremental GC (Collect on allocation) 21.50M->8.50M 1.345ms
[22.654s] GC(519) Incremental GC (Collect on allocation) 21.50M->8.50M 1.460ms
[22.690s] GC(520) Incremental GC (Collect on allocation) 21.50M->8.50M 1.367ms
[22.725s] GC(521) Incremental GC (Collect on allocation) 21.50M->8.50M 1.422ms
[22.760s] GC(522) Incremental GC (Collect on allocation) 21.50M->8.50M 1.416ms
[22.796s] GC(523) Incremental GC (Collect on allocation) 21.50M->8.50M 1.590ms
[22.831s] GC(524) Incremental GC (Collect on allocation) 21.50M->8.50M 1.506ms
[22.866s] GC(525) Incremental GC (Collect on allocation) 21.50M->8.50M 1.508ms
[22.902s] GC(526) Incremental GC (Collect on allocation) 21.50M->8.50M 1.522ms
[22.937s] GC(527) Incremental GC (Collect on allocation) 21.50M->8.50M 1.487ms
[22.973s] GC(528) Incremental GC (Collect on allocation) 21.50M->8.50M 1.526ms
[23.008s] GC(529) Incremental GC (Collect on allocation) 21.50M->8.50M 1.583ms
[23.044s] GC(530) Incremental GC (Collect on allocation) 21.50M->8.50M 1.552ms
[23.079s] GC(531) Incremental GC (Collect on allocation) 21.50M->8.50M 1.564ms
[23.115s] GC(532) Incremental GC (Collect on allocation) 21.50M->8.50M 1.593ms
[23.151s] GC(533) Incremental GC (Collect on allocation) 21.50M->8.50M 1.646ms
[23.201s] GC(534) Full GC (Collect on allocation) 21.50M->8.50M 15.571ms
[23.237s] GC(535) Incremental GC (Collect on allocation) 21.50M->8.50M 1.436ms
[23.272s] GC(536) Incremental GC (Collect on allocation) 21.50M->8.50M 1.436ms
[23.308s] GC(537) Incremental GC (Collect on allocation) 21.50M->8.50M 1.451ms
[23.343s] GC(538) Incremental GC (Collect on allocation) 21.50M->8.50M 1.451ms
[23.378s] GC(539) Incremental GC (Collect on allocation) 21.50M->8.50M 1.474ms
[23.413s] GC(540) Incremental GC (Collect on allocation) 21.50M->8.50M 1.581ms
[23.448s] GC(541) Incremental GC (Collect on allocation) 21.50M->8.50M 1.531ms
[23.483s] GC(542) Incremental GC (Collect on allocation) 21.50M->8.50M 1.528ms
[23.518s] GC(543) Incremental GC (Collect on allocation) 21.50M->8.50M 1.540ms
[23.554s] GC(544) Incremental GC (Collect on allocation) 21.50M->8.50M 1.543ms
[23.589s] GC(545) Incremental GC (Collect on allocation) 21.50M->8.50M 1.609ms
[23.625s] GC(546) Incremental GC (Collect on allocation) 21.50M->8.50M 1.691ms
[23.661s] GC(547) Incremental GC (Collect on allocation) 21.50M->8.50M 1.601ms
[23.696s] GC(548) Incremental GC (Collect on allocation) 21.50M->8.50M 1.590ms
[23.732s] GC(549) Incremental GC (Collect on allocation) 21.50M->8.50M 1.814ms
[23.768s] GC(550) Incremental GC (Collect on allocation) 21.50M->8.50M 1.827ms
[23.819s] GC(551) Full GC (Collect on allocation) 21.50M->8.50M 15.998ms
[23.854s] GC(552) Incremental GC (Collect on allocation) 21.50M->8.50M 1.430ms
[23.889s] GC(553) Incremental GC (Collect on allocation) 21.50M->8.50M 1.405ms
[23.925s] GC(554) Incremental GC (Collect on allocation) 21.50M->8.50M 1.439ms
[23.960s] GC(555) Incremental GC (Collect on allocation) 21.50M->8.50M 1.410ms
[23.996s] GC(556) Incremental GC (Collect on allocation) 21.50M->8.50M 1.363ms
[24.031s] GC(557) Incremental GC (Collect on allocation) 21.50M->8.50M 1.488ms
[24.066s] GC(558) Incremental GC (Collect on allocation) 21.00M->8.50M 1.451ms
[24.101s] GC(559) Incremental GC (Collect on allocation) 20.50M->8.50M 1.483ms
[24.131s] GC(560) Incremental GC (Collect on allocation) 20.00M->8.50M 1.597ms
[24.166s] GC(561) Incremental GC (Collect on allocation) 21.50M->8.50M 1.538ms
[24.202s] GC(562) Incremental GC (Collect on allocation) 21.50M->8.50M 1.582ms
[24.237s] GC(563) Incremental GC (Collect on allocation) 21.50M->8.50M 1.596ms
[24.273s] GC(564) Incremental GC (Collect on allocation) 21.50M->8.50M 1.628ms
[24.308s] GC(565) Incremental GC (Collect on allocation) 21.50M->8.50M 1.622ms
[24.344s] GC(566) Incremental GC (Collect on allocation) 21.50M->8.50M 1.767ms
[24.380s] GC(567) Incremental GC (Collect on allocation) 21.50M->8.50M 1.632ms
[24.432s] GC(568) Full GC (Collect on allocation) 21.50M->8.50M 17.089ms
[24.467s] GC(569) Incremental GC (Collect on allocation) 21.50M->8.50M 1.490ms
[24.503s] GC(570) Incremental GC (Collect on allocation) 21.50M->8.50M 1.416ms
[24.538s] GC(571) Incremental GC (Collect on allocation) 21.50M->8.50M 1.381ms
[24.572s] GC(572) Incremental GC (Collect on allocation) 21.50M->8.50M 1.435ms
[24.608s] GC(573) Incremental GC (Collect on allocation) 21.50M->8.50M 1.416ms
[24.643s] GC(574) Incremental GC (Collect on allocation) 21.50M->8.50M 1.558ms
[24.678s] GC(575) Incremental GC (Collect on allocation) 21.50M->8.50M 1.508ms
[24.713s] GC(576) Incremental GC (Collect on allocation) 21.50M->8.50M 1.480ms
[24.748s] GC(577) Incremental GC (Collect on allocation) 21.50M->8.50M 1.576ms
[24.784s] GC(578) Incremental GC (Collect on allocation) 21.50M->8.50M 1.622ms
[24.819s] GC(579) Incremental GC (Collect on allocation) 21.50M->8.50M 1.649ms
[24.855s] GC(580) Incremental GC (Collect on allocation) 21.50M->8.50M 1.621ms
[24.890s] GC(581) Incremental GC (Collect on allocation) 21.50M->8.50M 1.589ms
[24.926s] GC(582) Incremental GC (Collect on allocation) 21.50M->8.50M 1.731ms
[24.961s] GC(583) Incremental GC (Collect on allocation) 21.50M->8.50M 1.643ms
[24.997s] GC(584) Incremental GC (Collect on allocation) 21.50M->8.50M 1.730ms
[25.033s] GC(585) Incremental GC (Collect on allocation) 21.50M->8.50M 1.637ms
[25.084s] GC(586) Full GC (Collect on allocation) 21.50M->8.50M 16.266ms
[25.119s] GC(587) Incremental GC (Collect on allocation) 21.50M->8.50M 1.440ms
[25.155s] GC(588) Incremental GC (Collect on allocation) 21.50M->8.50M 1.440ms
[25.190s] GC(589) Incremental GC (Collect on allocation) 21.50M->8.50M 1.370ms
[25.225s] GC(590) Incremental GC (Collect on allocation) 21.50M->8.50M 1.414ms
[25.260s] GC(591) Incremental GC (Collect on allocation) 21.50M->8.50M 1.451ms
[25.295s] GC(592) Incremental GC (Collect on allocation) 21.50M->8.50M 1.536ms
[25.331s] GC(593) Incremental GC (Collect on allocation) 21.50M->8.50M 1.544ms
[25.367s] GC(594) Incremental GC (Collect on allocation) 21.50M->8.50M 1.532ms
[25.402s] GC(595) Incremental GC (Collect on allocation) 21.50M->8.50M 1.636ms
[25.438s] GC(596) Incremental GC (Collect on allocation) 21.50M->8.50M 1.532ms
[25.474s] GC(597) Incremental GC (Collect on allocation) 21.50M->8.50M 1.604ms
[25.509s] GC(598) Incremental GC (Collect on allocation) 21.50M->8.50M 1.616ms
[25.545s] GC(599) Incremental GC (Collect on allocation) 21.50M->8.50M 1.669ms
[25.581s] GC(600) Incremental GC (Collect on allocation) 21.50M->8.50M 1.673ms
[25.616s] GC(601) Incremental GC (Collect on allocation) 21.50M->8.50M 1.708ms
[25.652s] GC(602) Incremental GC (Collect on allocation) 21.50M->8.50M 1.714ms
[25.688s] GC(603) Incremental GC (Collect on allocation) 21.50M->8.50M 1.735ms
[25.738s] GC(604) Full GC (Collect on allocation) 21.50M->8.50M 16.191ms
[25.773s] GC(605) Incremental GC (Collect on allocation) 21.50M->8.50M 1.393ms
[25.808s] GC(606) Incremental GC (Collect on allocation) 21.50M->8.50M 1.293ms
[25.843s] GC(607) Incremental GC (Collect on allocation) 21.50M->8.50M 1.361ms
[25.879s] GC(608) Incremental GC (Collect on allocation) 21.50M->8.50M 1.511ms
[25.914s] GC(609) Incremental GC (Collect on allocation) 21.50M->8.50M 1.395ms
[25.949s] GC(610) Incremental GC (Collect on allocation) 21.50M->8.50M 1.449ms
[25.985s] GC(611) Incremental GC (Collect on allocation) 21.50M->8.50M 1.410ms
[26.020s] GC(612) Incremental GC (Collect on allocation) 21.50M->8.50M 1.441ms
[26.055s] GC(613) Incremental GC (Collect on allocation) 21.50M->8.50M 1.467ms
[26.090s] GC(614) Incremental GC (Collect on allocation) 21.50M->8.50M 1.524ms
[26.126s] GC(615) Incremental GC (Collect on allocation) 21.50M->8.50M 1.535ms
[26.161s] GC(616) Incremental GC (Collect on allocation) 21.50M->8.50M 1.587ms
[26.197s] GC(617) Incremental GC (Collect on allocation) 21.50M->8.50M 1.626ms
[26.233s] GC(618) Incremental GC (Collect on allocation) 21.50M->8.50M 1.636ms
[26.268s] GC(619) Incremental GC (Collect on allocation) 21.50M->8.50M 1.634ms
[26.304s] GC(620) Incremental GC (Collect on allocation) 21.50M->8.50M 1.618ms
[26.340s] GC(621) Incremental GC (Collect on allocation) 21.50M->8.50M 1.733ms
[26.390s] GC(622) Full GC (Collect on allocation) 21.50M->8.50M 16.319ms
[26.425s] GC(623) Incremental GC (Collect on allocation) 21.50M->8.50M 1.466ms
[26.461s] GC(624) Incremental GC (Collect on allocation) 21.50M->8.50M 1.400ms
[26.496s] GC(625) Incremental GC (Collect on allocation) 21.50M->8.50M 1.379ms
[26.530s] GC(626) Incremental GC (Collect on allocation) 21.50M->8.50M 1.438ms
[26.566s] GC(627) Incremental GC (Collect on allocation) 21.50M->8.50M 1.547ms
[26.601s] GC(628) Incremental GC (Collect on allocation) 21.50M->8.50M 1.491ms
[26.637s] GC(629) Incremental GC (Collect on allocation) 21.50M->8.50M 1.473ms
[26.672s] GC(630) Incremental GC (Collect on allocation) 21.50M->8.50M 1.457ms
[26.707s] GC(631) Incremental GC (Collect on allocation) 21.50M->8.50M 1.472ms
[26.742s] GC(632) Incremental GC (Collect on allocation) 21.50M->8.50M 1.541ms
[26.778s] GC(633) Incremental GC (Collect on allocation) 21.50M->8.50M 1.599ms
[26.814s] GC(634) Incremental GC (Collect on allocation) 21.50M->8.50M 1.619ms
[26.850s] GC(635) Incremental GC (Collect on allocation) 21.50M->8.50M 1.894ms
[26.885s] GC(636) Incremental GC (Collect on allocation) 21.50M->8.50M 1.578ms
[26.921s] GC(637) Incremental GC (Collect on allocation) 21.50M->8.50M 1.604ms
[26.957s] GC(638) Incremental GC (Collect on allocation) 21.50M->8.50M 1.690ms
[26.992s] GC(639) Incremental GC (Collect on allocation) 21.50M->8.50M 1.662ms
[27.042s] GC(640) Full GC (Collect on allocation) 21.50M->8.50M 15.473ms
[27.077s] GC(641) Incremental GC (Collect on allocation) 21.50M->8.50M 1.456ms
[27.113s] GC(642) Incremental GC (Collect on allocation) 21.50M->8.50M 1.404ms
[27.148s] GC(643) Incremental GC (Collect on allocation) 21.50M->8.50M 1.460ms
[27.183s] GC(644) Incremental GC (Collect on allocation) 21.50M->8.50M 1.487ms
[27.218s] GC(645) Incremental GC (Collect on allocation) 21.50M->8.50M 1.441ms
[27.253s] GC(646) Incremental GC (Collect on allocation) 21.50M->8.50M 1.513ms
[27.289s] GC(647) Incremental GC (Collect on allocation) 21.50M->8.50M 1.594ms
[27.324s] GC(648) Incremental GC (Collect on allocation) 21.50M->8.50M 1.520ms
[27.359s] GC(649) Incremental GC (Collect on allocation) 21.50M->8.50M 1.645ms
[27.395s] GC(650) Incremental GC (Collect on allocation) 21.50M->8.50M 1.565ms
[27.430s] GC(651) Incremental GC (Collect on allocation) 21.50M->8.50M 1.614ms
[27.466s] GC(652) Incremental GC (Collect on allocation) 21.50M->8.50M 1.590ms
[27.501s] GC(653) Incremental GC (Collect on allocation) 21.50M->8.50M 1.607ms
[27.537s] GC(654) Incremental GC (Collect on allocation) 21.50M->8.50M 1.654ms
[27.572s] GC(655) Incremental GC (Collect on allocation) 21.50M->8.50M 1.698ms
[27.608s] GC(656) Incremental GC (Collect on allocation) 21.50M->8.50M 1.719ms
[27.644s] GC(657) Incremental GC (Collect on allocation) 21.50M->8.50M 1.764ms
[27.694s] GC(658) Full GC (Collect on allocation) 21.50M->8.50M 15.810ms
[27.730s] GC(659) Incremental GC (Collect on allocation) 21.50M->8.50M 1.416ms
[27.765s] GC(660) Incremental GC (Collect on allocation) 21.50M->8.50M 1.429ms
[27.801s] GC(661) Incremental GC (Collect on allocation) 21.50M->8.50M 1.423ms
[27.836s] GC(662) Incremental GC (Collect on allocation) 21.50M->8.50M 1.594ms
[27.871s] GC(663) Incremental GC (Collect on allocation) 21.50M->8.50M 1.449ms
[27.907s] GC(664) Incremental GC (Collect on allocation) 21.50M->8.50M 1.388ms
[27.942s] GC(665) Incremental GC (Collect on allocation) 21.50M->8.50M 1.482ms
[27.977s] GC(666) Incremental GC (Collect on allocation) 21.50M->8.50M 1.579ms
[28.013s] GC(667) Incremental GC (Collect on allocation) 21.50M->8.50M 1.497ms
[28.048s] GC(668) Incremental GC (Collect on allocation) 21.50M->8.50M 1.546ms
[28.084s] GC(669) Incremental GC (Collect on allocation) 21.50M->8.50M 1.602ms
[28.119s] GC(670) Incremental GC (Collect on allocation) 21.50M->8.50M 1.602ms
[28.154s] GC(671) Incremental GC (Collect on allocation) 21.50M->8.50M 1.597ms
[28.190s] GC(672) Incremental GC (Collect on allocation) 21.50M->8.50M 1.632ms
[28.226s] GC(673) Incremental GC (Collect on allocation) 21.50M->8.50M 1.648ms
[28.261s] GC(674) Incremental GC (Collect on allocation) 21.50M->8.50M 1.716ms
[28.297s] GC(675) Incremental GC (Collect on allocation) 21.50M->8.50M 1.768ms
[28.348s] GC(676) Full GC (Collect on allocation) 21.50M->8.50M 16.022ms
[28.383s] GC(677) Incremental GC (Collect on allocation) 21.50M->8.50M 1.408ms
[28.419s] GC(678) Incremental GC (Collect on allocation) 21.50M->8.50M 1.299ms
[28.454s] GC(679) Incremental GC (Collect on allocation) 21.50M->8.50M 1.444ms
[28.489s] GC(680) Incremental GC (Collect on allocation) 21.50M->8.50M 1.405ms
[28.524s] GC(681) Incremental GC (Collect on allocation) 21.50M->8.50M 1.426ms
[28.560s] GC(682) Incremental GC (Collect on allocation) 21.50M->8.50M 1.482ms
[28.595s] GC(683) Incremental GC (Collect on allocation) 21.50M->8.50M 1.451ms
[28.630s] GC(684) Incremental GC (Collect on allocation) 21.50M->8.50M 1.507ms
[28.665s] GC(685) Incremental GC (Collect on allocation) 21.50M->8.50M 1.524ms
[28.701s] GC(686) Incremental GC (Collect on allocation) 21.50M->8.50M 1.548ms
[28.736s] GC(687) Incremental GC (Collect on allocation) 21.50M->8.50M 1.634ms
[28.772s] GC(688) Incremental GC (Collect on allocation) 21.50M->8.50M 1.614ms
[28.808s] GC(689) Incremental GC (Collect on allocation) 21.50M->8.50M 1.633ms
[28.843s] GC(690) Incremental GC (Collect on allocation) 21.50M->8.50M 1.645ms
[28.879s] GC(691) Incremental GC (Collect on allocation) 21.50M->8.50M 1.668ms
[28.915s] GC(692) Incremental GC (Collect on allocation) 21.50M->8.50M 1.700ms
[28.950s] GC(693) Incremental GC (Collect on allocation) 21.50M->8.50M 1.586ms
[29.000s] GC(694) Full GC (Collect on allocation) 21.50M->8.50M 15.895ms
[29.036s] GC(695) Incremental GC (Collect on allocation) 21.50M->8.50M 1.483ms
[29.071s] GC(696) Incremental GC (Collect on allocation) 21.50M->8.50M 1.453ms
[29.107s] GC(697) Incremental GC (Collect on allocation) 21.50M->8.50M 1.432ms
[29.143s] GC(698) Incremental GC (Collect on allocation) 21.50M->8.50M 1.605ms
[29.178s] GC(699) Incremental GC (Collect on allocation) 21.50M->8.50M 1.503ms
[29.213s] GC(700) Incremental GC (Collect on allocation) 21.50M->8.50M 1.488ms
[29.248s] GC(701) Incremental GC (Collect on allocation) 21.50M->8.50M 1.497ms
[29.284s] GC(702) Incremental GC (Collect on allocation) 21.50M->8.50M 1.495ms
[29.319s] GC(703) Incremental GC (Collect on allocation) 21.50M->8.50M 1.597ms
[29.354s] GC(704) Incremental GC (Collect on allocation) 21.50M->8.50M 1.577ms
[29.390s] GC(705) Incremental GC (Collect on allocation) 21.50M->8.50M 1.598ms
[29.426s] GC(706) Incremental GC (Collect on allocation) 21.50M->8.50M 1.597ms
[29.461s] GC(707) Incremental GC (Collect on allocation) 21.50M->8.50M 1.586ms
[29.497s] GC(708) Incremental GC (Collect on allocation) 21.50M->8.50M 1.652ms
[29.533s] GC(709) Incremental GC (Collect on allocation) 21.50M->8.50M 1.663ms
[29.569s] GC(710) Incremental GC (Collect on allocation) 21.50M->8.50M 1.699ms
[29.605s] GC(711) Incremental GC (Collect on allocation) 21.50M->8.50M 1.712ms
[29.655s] GC(712) Full GC (Collect on allocation) 21.50M->8.50M 16.179ms
[29.691s] GC(713) Incremental GC (Collect on allocation) 21.50M->8.50M 1.494ms
[29.726s] GC(714) Incremental GC (Collect on allocation) 21.50M->8.50M 1.345ms
[29.761s] GC(715) Incremental GC (Collect on allocation) 21.50M->8.50M 1.382ms
[29.796s] GC(716) Incremental GC (Collect on allocation) 21.50M->8.50M 1.329ms
[29.831s] GC(717) Incremental GC (Collect on allocation) 21.50M->8.50M 1.413ms
[29.866s] GC(718) Incremental GC (Collect on allocation) 21.50M->8.50M 1.480ms
[29.901s] GC(719) Incremental GC (Collect on allocation) 21.50M->8.50M 1.499ms
[29.937s] GC(720) Incremental GC (Collect on allocation) 21.50M->8.50M 1.513ms
[29.972s] GC(721) Incremental GC (Collect on allocation) 21.50M->8.50M 1.542ms
[30.007s] GC(722) Incremental GC (Collect on allocation) 21.50M->8.50M 1.558ms
[30.042s] GC(723) Incremental GC (Collect on allocation) 21.50M->8.50M 1.595ms
[30.078s] GC(724) Incremental GC (Collect on allocation) 21.50M->8.50M 1.764ms
[30.114s] GC(725) Incremental GC (Collect on allocation) 21.50M->8.50M 1.596ms
[30.150s] GC(726) Incremental GC (Collect on allocation) 21.50M->8.50M 1.675ms
[30.185s] GC(727) Incremental GC (Collect on allocation) 21.50M->8.50M 1.743ms
[30.221s] GC(728) Incremental GC (Collect on allocation) 21.50M->8.50M 1.740ms
[30.257s] GC(729) Incremental GC (Collect on allocation) 21.50M->8.50M 1.660ms
[30.307s] GC(730) Full GC (Collect on allocation) 21.50M->8.50M 15.916ms
[30.343s] GC(731) Incremental GC (Collect on allocation) 21.50M->8.50M 1.445ms
[30.378s] GC(732) Incremental GC (Collect on allocation) 21.50M->8.50M 1.412ms
[30.413s] GC(733) Incremental GC (Collect on allocation) 21.50M->8.50M 1.417ms
[30.448s] GC(734) Incremental GC (Collect on allocation) 21.50M->8.50M 1.399ms
[30.484s] GC(735) Incremental GC (Collect on allocation) 21.50M->8.50M 1.429ms
[30.519s] GC(736) Incremental GC (Collect on allocation) 21.50M->8.50M 1.450ms
[30.554s] GC(737) Incremental GC (Collect on allocation) 21.50M->8.50M 1.493ms
[30.590s] GC(738) Incremental GC (Collect on allocation) 21.50M->8.50M 1.614ms
[30.626s] GC(739) Incremental GC (Collect on allocation) 21.50M->8.50M 1.516ms
[30.661s] GC(740) Incremental GC (Collect on allocation) 21.50M->8.50M 1.593ms
[30.697s] GC(741) Incremental GC (Collect on allocation) 21.50M->8.50M 1.533ms
[30.732s] GC(742) Incremental GC (Collect on allocation) 21.50M->8.50M 1.550ms
[30.768s] GC(743) Incremental GC (Collect on allocation) 21.50M->8.50M 1.613ms
[30.803s] GC(744) Incremental GC (Collect on allocation) 21.50M->8.50M 1.595ms
[30.839s] GC(745) Incremental GC (Collect on allocation) 21.50M->8.50M 1.591ms
[30.874s] GC(746) Incremental GC (Collect on allocation) 21.50M->8.50M 1.653ms
[30.910s] GC(747) Incremental GC (Collect on allocation) 21.50M->8.50M 1.705ms
[30.960s] GC(748) Full GC (Collect on allocation) 21.50M->8.50M 15.764ms
[30.995s] GC(749) Incremental GC (Collect on allocation) 21.50M->8.50M 1.493ms
[31.030s] GC(750) Incremental GC (Collect on allocation) 21.50M->8.50M 1.415ms
[31.066s] GC(751) Incremental GC (Collect on allocation) 21.50M->8.50M 1.380ms
[31.100s] GC(752) Incremental GC (Collect on allocation) 21.50M->8.50M 1.463ms
[31.136s] GC(753) Incremental GC (Collect on allocation) 21.50M->8.50M 1.439ms
[31.171s] GC(754) Incremental GC (Collect on allocation) 21.50M->8.50M 1.494ms
[31.206s] GC(755) Incremental GC (Collect on allocation) 21.50M->8.50M 1.520ms
[31.242s] GC(756) Incremental GC (Collect on allocation) 21.50M->8.50M 1.518ms
[31.277s] GC(757) Incremental GC (Collect on allocation) 21.50M->8.50M 1.546ms
[31.313s] GC(758) Incremental GC (Collect on allocation) 21.50M->8.50M 1.674ms
[31.349s] GC(759) Incremental GC (Collect on allocation) 21.50M->8.50M 1.633ms
[31.384s] GC(760) Incremental GC (Collect on allocation) 21.50M->8.50M 1.636ms
[31.420s] GC(761) Incremental GC (Collect on allocation) 21.50M->8.50M 1.710ms
[31.455s] GC(762) Incremental GC (Collect on allocation) 21.50M->8.50M 1.638ms
[31.492s] GC(763) Incremental GC (Collect on allocation) 21.50M->8.50M 1.654ms
[31.528s] GC(764) Incremental GC (Collect on allocation) 21.50M->8.50M 1.694ms
[31.564s] GC(765) Incremental GC (Collect on allocation) 21.50M->8.50M 1.636ms
[31.614s] GC(766) Full GC (Collect on allocation) 21.50M->8.50M 16.143ms
[31.649s] GC(767) Incremental GC (Collect on allocation) 21.50M->8.50M 1.520ms
[31.685s] GC(768) Incremental GC (Collect on allocation) 21.50M->8.50M 1.509ms
[31.720s] GC(769) Incremental GC (Collect on allocation) 21.50M->8.50M 1.373ms
[31.755s] GC(770) Incremental GC (Collect on allocation) 21.50M->8.50M 1.415ms
[31.791s] GC(771) Incremental GC (Collect on allocation) 21.50M->8.50M 1.405ms
[31.826s] GC(772) Incremental GC (Collect on allocation) 21.50M->8.50M 1.487ms
[31.861s] GC(773) Incremental GC (Collect on allocation) 21.50M->8.50M 1.497ms
[31.897s] GC(774) Incremental GC (Collect on allocation) 21.50M->8.50M 1.560ms
[31.932s] GC(775) Incremental GC (Collect on allocation) 21.50M->8.50M 1.578ms
[31.967s] GC(776) Incremental GC (Collect on allocation) 21.50M->8.50M 1.519ms
[32.003s] GC(777) Incremental GC (Collect on allocation) 21.50M->8.50M 1.664ms
[32.038s] GC(778) Incremental GC (Collect on allocation) 21.50M->8.50M 1.744ms
[32.074s] GC(779) Incremental GC (Collect on allocation) 21.50M->8.50M 1.797ms
[32.110s] GC(780) Incremental GC (Collect on allocation) 21.50M->8.50M 1.618ms
[32.146s] GC(781) Incremental GC (Collect on allocation) 21.50M->8.50M 1.621ms
[32.181s] GC(782) Incremental GC (Collect on allocation) 21.50M->8.50M 1.627ms
[32.217s] GC(783) Incremental GC (Collect on allocation) 21.50M->8.50M 1.639ms
[32.268s] GC(784) Full GC (Collect on allocation) 21.50M->8.50M 16.305ms
[32.303s] GC(785) Incremental GC (Collect on allocation) 21.50M->8.50M 1.392ms
[32.338s] GC(786) Incremental GC (Collect on allocation) 21.50M->8.50M 1.396ms
[32.373s] GC(787) Incremental GC (Collect on allocation) 21.50M->8.50M 1.393ms
[32.408s] GC(788) Incremental GC (Collect on allocation) 21.50M->8.50M 1.403ms
[32.444s] GC(789) Incremental GC (Collect on allocation) 21.50M->8.50M 1.352ms
[32.479s] GC(790) Incremental GC (Collect on allocation) 21.50M->8.50M 1.489ms
[32.514s] GC(791) Incremental GC (Collect on allocation) 21.50M->8.50M 1.482ms
[32.549s] GC(792) Incremental GC (Collect on allocation) 21.50M->8.50M 1.435ms
[32.584s] GC(793) Incremental GC (Collect on allocation) 21.50M->8.50M 1.664ms
[32.620s] GC(794) Incremental GC (Collect on allocation) 21.50M->8.50M 1.544ms
[32.656s] GC(795) Incremental GC (Collect on allocation) 21.50M->8.50M 1.510ms
[32.691s] GC(796) Incremental GC (Collect on allocation) 21.50M->8.50M 1.516ms
[32.727s] GC(797) Incremental GC (Collect on allocation) 21.50M->8.50M 1.589ms
[32.762s] GC(798) Incremental GC (Collect on allocation) 21.50M->8.50M 1.635ms
[32.798s] GC(799) Incremental GC (Collect on allocation) 21.50M->8.50M 1.672ms
[32.834s] GC(800) Incremental GC (Collect on allocation) 21.50M->8.50M 1.539ms
[32.869s] GC(801) Incremental GC (Collect on allocation) 21.50M->8.50M 1.653ms
[32.919s] GC(802) Full GC (Collect on allocation) 21.50M->8.50M 15.735ms
[32.955s] GC(803) Incremental GC (Collect on allocation) 21.50M->8.50M 1.482ms
[32.990s] GC(804) Incremental GC (Collect on allocation) 21.50M->8.50M 1.433ms
[33.025s] GC(805) Incremental GC (Collect on allocation) 21.50M->8.50M 1.445ms
[33.060s] GC(806) Incremental GC (Collect on allocation) 21.50M->8.50M 1.535ms
[33.095s] GC(807) Incremental GC (Collect on allocation) 21.50M->8.50M 1.469ms
[33.131s] GC(808) Incremental GC (Collect on allocation) 21.50M->8.50M 1.486ms
[33.166s] GC(809) Incremental GC (Collect on allocation) 21.50M->8.50M 1.509ms
[33.201s] GC(810) Incremental GC (Collect on allocation) 21.50M->8.50M 1.488ms
[33.237s] GC(811) Incremental GC (Collect on allocation) 21.50M->8.50M 1.559ms
[33.272s] GC(812) Incremental GC (Collect on allocation) 21.50M->8.50M 1.581ms
[33.308s] GC(813) Incremental GC (Collect on allocation) 21.50M->8.50M 1.701ms
[33.344s] GC(814) Incremental GC (Collect on allocation) 21.50M->8.50M 1.575ms
[33.379s] GC(815) Incremental GC (Collect on allocation) 21.50M->8.50M 1.590ms
[33.415s] GC(816) Incremental GC (Collect on allocation) 21.50M->8.50M 1.652ms
[33.450s] GC(817) Incremental GC (Collect on allocation) 21.50M->8.50M 1.706ms
[33.486s] GC(818) Incremental GC (Collect on allocation) 21.50M->8.50M 1.740ms
[33.522s] GC(819) Incremental GC (Collect on allocation) 21.50M->8.50M 1.700ms
[33.572s] GC(820) Full GC (Collect on allocation) 21.50M->8.50M 16.007ms
[33.607s] GC(821) Incremental GC (Collect on allocation) 21.50M->8.50M 1.447ms
[33.643s] GC(822) Incremental GC (Collect on allocation) 21.50M->8.50M 1.363ms
[33.678s] GC(823) Incremental GC (Collect on allocation) 21.50M->8.50M 1.457ms
[33.713s] GC(824) Incremental GC (Collect on allocation) 21.50M->8.50M 1.447ms
[33.748s] GC(825) Incremental GC (Collect on allocation) 21.50M->8.50M 1.414ms
[33.783s] GC(826) Incremental GC (Collect on allocation) 21.50M->8.50M 1.528ms
[33.818s] GC(827) Incremental GC (Collect on allocation) 21.50M->8.50M 1.494ms
[33.853s] GC(828) Incremental GC (Collect on allocation) 21.50M->8.50M 1.473ms
[33.888s] GC(829) Incremental GC (Collect on allocation) 21.50M->8.50M 1.521ms
[33.923s] GC(830) Incremental GC (Collect on allocation) 21.50M->8.50M 1.551ms
[33.959s] GC(831) Incremental GC (Collect on allocation) 21.50M->8.50M 1.603ms
[33.994s] GC(832) Incremental GC (Collect on allocation) 21.50M->8.50M 1.596ms
[34.030s] GC(833) Incremental GC (Collect on allocation) 21.50M->8.50M 1.703ms
[34.066s] GC(834) Incremental GC (Collect on allocation) 21.50M->8.50M 1.619ms
[34.101s] GC(835) Incremental GC (Collect on allocation) 21.50M->8.50M 1.733ms
[34.137s] GC(836) Incremental GC (Collect on allocation) 21.50M->8.50M 1.772ms
[34.173s] GC(837) Incremental GC (Collect on allocation) 21.50M->8.50M 1.725ms
[34.224s] GC(838) Full GC (Collect on allocation) 21.50M->8.50M 16.421ms
[34.259s] GC(839) Incremental GC (Collect on allocation) 21.50M->8.50M 1.409ms
[34.295s] GC(840) Incremental GC (Collect on allocation) 21.50M->8.50M 1.368ms
[34.330s] GC(841) Incremental GC (Collect on allocation) 21.50M->8.50M 1.391ms
[34.366s] GC(842) Incremental GC (Collect on allocation) 21.50M->8.50M 1.403ms
[34.401s] GC(843) Incremental GC (Collect on allocation) 21.50M->8.50M 1.373ms
[34.436s] GC(844) Incremental GC (Collect on allocation) 21.50M->8.50M 1.554ms
[34.471s] GC(845) Incremental GC (Collect on allocation) 21.50M->8.50M 1.438ms
[34.506s] GC(846) Incremental GC (Collect on allocation) 21.50M->8.50M 1.458ms
[34.542s] GC(847) Incremental GC (Collect on allocation) 21.50M->8.50M 1.484ms
[34.577s] GC(848) Incremental GC (Collect on allocation) 21.50M->8.50M 1.501ms
[34.613s] GC(849) Incremental GC (Collect on allocation) 21.50M->8.50M 1.594ms
[34.648s] GC(850) Incremental GC (Collect on allocation) 21.50M->8.50M 1.617ms
[34.683s] GC(851) Incremental GC (Collect on allocation) 21.50M->8.50M 1.572ms
[34.719s] GC(852) Incremental GC (Collect on allocation) 21.50M->8.50M 1.597ms
[34.754s] GC(853) Incremental GC (Collect on allocation) 21.50M->8.50M 1.693ms
[34.790s] GC(854) Incremental GC (Collect on allocation) 21.50M->8.50M 1.614ms
[34.826s] GC(855) Incremental GC (Collect on allocation) 21.50M->8.50M 1.703ms
[34.877s] GC(856) Full GC (Collect on allocation) 21.50M->8.50M 15.660ms
[34.912s] GC(857) Incremental GC (Collect on allocation) 21.50M->8.50M 1.469ms
[34.947s] GC(858) Incremental GC (Collect on allocation) 21.50M->8.50M 1.315ms
[34.983s] GC(859) Incremental GC (Collect on allocation) 21.50M->8.50M 1.379ms
[35.018s] GC(860) Incremental GC (Collect on allocation) 21.50M->8.50M 1.444ms
[35.054s] GC(861) Incremental GC (Collect on allocation) 21.50M->8.50M 1.385ms
[35.089s] GC(862) Incremental GC (Collect on allocation) 21.50M->8.50M 1.449ms
[35.125s] GC(863) Incremental GC (Collect on allocation) 21.50M->8.50M 1.451ms
[35.160s] GC(864) Incremental GC (Collect on allocation) 21.50M->8.50M 1.450ms
[35.195s] GC(865) Incremental GC (Collect on allocation) 21.50M->8.50M 1.531ms
[35.231s] GC(866) Incremental GC (Collect on allocation) 21.50M->8.50M 1.502ms
[35.266s] GC(867) Incremental GC (Collect on allocation) 21.50M->8.50M 1.562ms
[35.302s] GC(868) Incremental GC (Collect on allocation) 21.50M->8.50M 1.613ms
[35.337s] GC(869) Incremental GC (Collect on allocation) 21.50M->8.50M 1.645ms
[35.373s] GC(870) Incremental GC (Collect on allocation) 21.50M->8.50M 1.658ms
[35.409s] GC(871) Incremental GC (Collect on allocation) 21.50M->8.50M 1.612ms
[35.444s] GC(872) Incremental GC (Collect on allocation) 21.50M->8.50M 1.678ms
[35.481s] GC(873) Incremental GC (Collect on allocation) 21.50M->8.50M 1.710ms
[35.530s] GC(874) Full GC (Collect on allocation) 21.50M->8.50M 15.864ms
[35.565s] GC(875) Incremental GC (Collect on allocation) 21.50M->8.50M 1.475ms
[35.601s] GC(876) Incremental GC (Collect on allocation) 21.50M->8.50M 1.373ms
[35.636s] GC(877) Incremental GC (Collect on allocation) 21.50M->8.50M 1.443ms
[35.672s] GC(878) Incremental GC (Collect on allocation) 21.50M->8.50M 1.479ms
[35.707s] GC(879) Incremental GC (Collect on allocation) 21.50M->8.50M 1.478ms
[35.742s] GC(880) Incremental GC (Collect on allocation) 21.50M->8.50M 1.537ms
[35.778s] GC(881) Incremental GC (Collect on allocation) 21.50M->8.50M 1.496ms
[35.813s] GC(882) Incremental GC (Collect on allocation) 21.50M->8.50M 1.500ms
[35.849s] GC(883) Incremental GC (Collect on allocation) 21.50M->8.50M 1.516ms
[35.885s] GC(884) Incremental GC (Collect on allocation) 22.00M->8.50M 1.650ms
[35.921s] GC(885) Incremental GC (Collect on allocation) 21.50M->8.50M 1.628ms
[35.957s] GC(886) Incremental GC (Collect on allocation) 21.50M->8.50M 1.651ms
[35.992s] GC(887) Incremental GC (Collect on allocation) 21.50M->8.50M 1.646ms
[36.028s] GC(888) Incremental GC (Collect on allocation) 21.50M->8.50M 1.764ms
[36.064s] GC(889) Incremental GC (Collect on allocation) 21.50M->8.50M 1.737ms
[36.100s] GC(890) Incremental GC (Collect on allocation) 21.00M->8.50M 1.685ms
[36.136s] GC(891) Incremental GC (Collect on allocation) 21.50M->8.50M 1.765ms
[36.186s] GC(892) Full GC (Collect on allocation) 21.50M->8.50M 15.827ms
[36.222s] GC(893) Incremental GC (Collect on allocation) 21.50M->8.50M 1.599ms
[36.257s] GC(894) Incremental GC (Collect on allocation) 21.50M->8.50M 1.395ms
[36.291s] GC(895) Incremental GC (Collect on allocation) 21.50M->8.50M 1.393ms
[36.327s] GC(896) Incremental GC (Collect on allocation) 21.50M->8.50M 1.432ms
[36.362s] GC(897) Incremental GC (Collect on allocation) 21.50M->8.50M 1.426ms
[36.397s] GC(898) Incremental GC (Collect on allocation) 21.50M->8.50M 1.511ms
[36.432s] GC(899) Incremental GC (Collect on allocation) 21.50M->8.50M 1.450ms
[36.467s] GC(900) Incremental GC (Collect on allocation) 21.50M->8.50M 1.456ms
[36.503s] GC(901) Incremental GC (Collect on allocation) 21.50M->8.50M 1.638ms
[36.539s] GC(902) Incremental GC (Collect on allocation) 21.50M->8.50M 1.562ms
[36.574s] GC(903) Incremental GC (Collect on allocation) 21.50M->8.50M 1.610ms
[36.610s] GC(904) Incremental GC (Collect on allocation) 21.50M->8.50M 1.558ms
[36.645s] GC(905) Incremental GC (Collect on allocation) 21.50M->8.50M 1.624ms
[36.681s] GC(906) Incremental GC (Collect on allocation) 21.50M->8.50M 1.613ms
[36.717s] GC(907) Incremental GC (Collect on allocation) 21.50M->8.50M 1.634ms
[36.752s] GC(908) Incremental GC (Collect on allocation) 21.50M->8.50M 1.690ms
[36.788s] GC(909) Incremental GC (Collect on allocation) 21.50M->8.50M 1.712ms
[36.838s] GC(910) Full GC (Collect on allocation) 21.50M->8.50M 15.836ms
[36.874s] GC(911) Incremental GC (Collect on allocation) 21.50M->8.50M 1.410ms
[36.909s] GC(912) Incremental GC (Collect on allocation) 21.50M->8.50M 1.425ms
[36.944s] GC(913) Incremental GC (Collect on allocation) 21.50M->8.50M 1.478ms
[36.979s] GC(914) Incremental GC (Collect on allocation) 21.50M->8.50M 1.395ms
[37.014s] GC(915) Incremental GC (Collect on allocation) 21.50M->8.50M 1.440ms
[37.049s] GC(916) Incremental GC (Collect on allocation) 21.50M->8.50M 1.500ms
[37.085s] GC(917) Incremental GC (Collect on allocation) 21.50M->8.50M 1.441ms
[37.120s] GC(918) Incremental GC (Collect on allocation) 21.50M->8.50M 1.486ms
[37.156s] GC(919) Incremental GC (Collect on allocation) 21.50M->8.50M 1.583ms
[37.191s] GC(920) Incremental GC (Collect on allocation) 21.50M->8.50M 1.551ms
[37.227s] GC(921) Incremental GC (Collect on allocation) 21.50M->8.50M 1.616ms
[37.263s] GC(922) Incremental GC (Collect on allocation) 21.50M->8.50M 1.617ms
[37.299s] GC(923) Incremental GC (Collect on allocation) 21.50M->8.50M 1.580ms
[37.334s] GC(924) Incremental GC (Collect on allocation) 21.50M->8.50M 1.644ms
[37.370s] GC(925) Incremental GC (Collect on allocation) 21.50M->8.50M 1.704ms
[37.405s] GC(926) Incremental GC (Collect on allocation) 21.50M->8.50M 1.746ms
[37.441s] GC(927) Incremental GC (Collect on allocation) 21.50M->8.50M 1.684ms
[37.492s] GC(928) Full GC (Collect on allocation) 21.50M->8.50M 16.135ms
[37.527s] GC(929) Incremental GC (Collect on allocation) 21.50M->8.50M 1.393ms
[37.562s] GC(930) Incremental GC (Collect on allocation) 21.50M->8.50M 1.367ms
[37.597s] GC(931) Incremental GC (Collect on allocation) 21.50M->8.50M 1.353ms
[37.632s] GC(932) Incremental GC (Collect on allocation) 21.50M->8.50M 1.438ms
[37.667s] GC(933) Incremental GC (Collect on allocation) 21.50M->8.50M 1.493ms
[37.702s] GC(934) Incremental GC (Collect on allocation) 21.50M->8.50M 1.495ms
[37.737s] GC(935) Incremental GC (Collect on allocation) 21.50M->8.50M 1.530ms
[37.772s] GC(936) Incremental GC (Collect on allocation) 21.50M->8.50M 1.531ms
[37.808s] GC(937) Incremental GC (Collect on allocation) 21.50M->8.50M 1.512ms
[37.843s] GC(938) Incremental GC (Collect on allocation) 21.50M->8.50M 1.617ms
[37.878s] GC(939) Incremental GC (Collect on allocation) 21.50M->8.50M 1.598ms
[37.914s] GC(940) Incremental GC (Collect on allocation) 21.50M->8.50M 1.561ms
[37.950s] GC(941) Incremental GC (Collect on allocation) 21.50M->8.50M 1.643ms
[37.985s] GC(942) Incremental GC (Collect on allocation) 21.50M->8.50M 1.658ms
[38.021s] GC(943) Incremental GC (Collect on allocation) 21.50M->8.50M 1.650ms
[38.056s] GC(944) Incremental GC (Collect on allocation) 21.50M->8.50M 1.700ms
[38.093s] GC(945) Incremental GC (Collect on allocation) 21.50M->8.50M 1.749ms
[38.143s] GC(946) Full GC (Collect on allocation) 21.50M->8.50M 16.431ms
[38.178s] GC(947) Incremental GC (Collect on allocation) 21.50M->8.50M 1.436ms
[38.214s] GC(948) Incremental GC (Collect on allocation) 21.50M->8.50M 1.385ms
[38.249s] GC(949) Incremental GC (Collect on allocation) 21.50M->8.50M 1.368ms
[38.284s] GC(950) Incremental GC (Collect on allocation) 21.50M->8.50M 1.491ms
[38.319s] GC(951) Incremental GC (Collect on allocation) 21.50M->8.50M 1.397ms
[38.355s] GC(952) Incremental GC (Collect on allocation) 21.50M->8.50M 1.450ms
[38.390s] GC(953) Incremental GC (Collect on allocation) 21.50M->8.50M 1.436ms
[38.425s] GC(954) Incremental GC (Collect on allocation) 21.50M->8.50M 1.585ms
[38.461s] GC(955) Incremental GC (Collect on allocation) 21.50M->8.50M 1.600ms
[38.497s] GC(956) Incremental GC (Collect on allocation) 21.50M->8.50M 1.580ms
[38.532s] GC(957) Incremental GC (Collect on allocation) 21.50M->8.50M 1.573ms
[38.567s] GC(958) Incremental GC (Collect on allocation) 21.50M->8.50M 1.592ms
[38.603s] GC(959) Incremental GC (Collect on allocation) 21.50M->8.50M 1.597ms
[38.639s] GC(960) Incremental GC (Collect on allocation) 21.50M->8.50M 1.661ms
[38.674s] GC(961) Incremental GC (Collect on allocation) 21.50M->8.50M 1.695ms
[38.710s] GC(962) Incremental GC (Collect on allocation) 21.50M->8.50M 1.726ms
[38.746s] GC(963) Incremental GC (Collect on allocation) 21.50M->8.50M 1.695ms
[38.796s] GC(964) Full GC (Collect on allocation) 21.50M->8.50M 16.083ms
[38.831s] GC(965) Incremental GC (Collect on allocation) 21.50M->8.50M 1.414ms
[38.867s] GC(966) Incremental GC (Collect on allocation) 21.50M->8.50M 1.364ms
[38.902s] GC(967) Incremental GC (Collect on allocation) 21.50M->8.50M 1.392ms
[38.937s] GC(968) Incremental GC (Collect on allocation) 21.50M->8.50M 1.385ms
[38.972s] GC(969) Incremental GC (Collect on allocation) 21.50M->8.50M 1.380ms
[39.007s] GC(970) Incremental GC (Collect on allocation) 21.50M->8.50M 1.463ms
[39.042s] GC(971) Incremental GC (Collect on allocation) 21.50M->8.50M 1.504ms
[39.078s] GC(972) Incremental GC (Collect on allocation) 21.50M->8.50M 1.516ms
[39.113s] GC(973) Incremental GC (Collect on allocation) 21.50M->8.50M 1.542ms
[39.148s] GC(974) Incremental GC (Collect on allocation) 21.50M->8.50M 1.529ms
[39.184s] GC(975) Incremental GC (Collect on allocation) 21.50M->8.50M 1.562ms
[39.219s] GC(976) Incremental GC (Collect on allocation) 21.50M->8.50M 1.596ms
[39.255s] GC(977) Incremental GC (Collect on allocation) 21.50M->8.50M 1.574ms
[39.290s] GC(978) Incremental GC (Collect on allocation) 21.50M->8.50M 1.528ms
[39.326s] GC(979) Incremental GC (Collect on allocation) 21.50M->8.50M 1.745ms
[39.361s] GC(980) Incremental GC (Collect on allocation) 21.50M->8.50M 1.614ms
[39.397s] GC(981) Incremental GC (Collect on allocation) 21.50M->8.50M 1.654ms
[39.447s] GC(982) Full GC (Collect on allocation) 21.50M->8.50M 15.920ms
[39.482s] GC(983) Incremental GC (Collect on allocation) 21.50M->8.50M 1.504ms
[39.518s] GC(984) Incremental GC (Collect on allocation) 21.50M->8.50M 1.439ms
[39.554s] GC(985) Incremental GC (Collect on allocation) 21.50M->8.50M 1.422ms
[39.589s] GC(986) Incremental GC (Collect on allocation) 21.50M->8.50M 1.428ms
[39.624s] GC(987) Incremental GC (Collect on allocation) 21.50M->8.50M 1.431ms
[39.659s] GC(988) Incremental GC (Collect on allocation) 21.50M->8.50M 1.638ms
[39.695s] GC(989) Incremental GC (Collect on allocation) 21.50M->8.50M 1.565ms
[39.730s] GC(990) Incremental GC (Collect on allocation) 21.50M->8.50M 1.550ms
[39.766s] GC(991) Incremental GC (Collect on allocation) 21.50M->8.50M 1.543ms
[39.801s] GC(992) Incremental GC (Collect on allocation) 21.50M->8.50M 1.625ms
[39.837s] GC(993) Incremental GC (Collect on allocation) 21.50M->8.50M 1.588ms
[39.872s] GC(994) Incremental GC (Collect on allocation) 21.50M->8.50M 1.634ms
[39.908s] GC(995) Incremental GC (Collect on allocation) 21.50M->8.50M 1.615ms
[39.944s] GC(996) Incremental GC (Collect on allocation) 21.50M->8.50M 1.667ms
[39.979s] GC(997) Incremental GC (Collect on allocation) 21.50M->8.50M 1.728ms
[40.015s] GC(998) Incremental GC (Collect on allocation) 21.50M->8.50M 1.662ms
[40.051s] GC(999) Incremental GC (Collect on allocation) 21.50M->8.50M 1.682ms
[40.101s] GC(1000) Full GC (Collect on allocation) 21.50M->8.50M 15.878ms
[40.136s] GC(1001) Incremental GC (Collect on allocation) 21.50M->8.50M 1.537ms
[40.171s] GC(1002) Incremental GC (Collect on allocation) 21.50M->8.50M 1.412ms
[40.206s] GC(1003) Incremental GC (Collect on allocation) 21.50M->8.50M 1.361ms
[40.241s] GC(1004) Incremental GC (Collect on allocation) 21.50M->8.50M 1.373ms
[40.276s] GC(1005) Incremental GC (Collect on allocation) 21.50M->8.50M 1.394ms
[40.311s] GC(1006) Incremental GC (Collect on allocation) 21.50M->8.50M 1.458ms
[40.346s] GC(1007) Incremental GC (Collect on allocation) 21.50M->8.50M 1.455ms
[40.381s] GC(1008) Incremental GC (Collect on allocation) 21.50M->8.50M 1.463ms
[40.416s] GC(1009) Incremental GC (Collect on allocation) 21.50M->8.50M 1.473ms
[40.452s] GC(1010) Incremental GC (Collect on allocation) 21.50M->8.50M 1.594ms
[40.487s] GC(1011) Incremental GC (Collect on allocation) 21.50M->8.50M 1.534ms
[40.522s] GC(1012) Incremental GC (Collect on allocation) 21.50M->8.50M 1.681ms
[40.558s] GC(1013) Incremental GC (Collect on allocation) 21.50M->8.50M 1.591ms
[40.593s] GC(1014) Incremental GC (Collect on allocation) 21.50M->8.50M 1.648ms
[40.629s] GC(1015) Incremental GC (Collect on allocation) 21.50M->8.50M 1.766ms
[40.665s] GC(1016) Incremental GC (Collect on allocation) 21.50M->8.50M 1.693ms
[40.701s] GC(1017) Incremental GC (Collect on allocation) 21.50M->8.50M 1.701ms
[40.751s] GC(1018) Full GC (Collect on allocation) 21.50M->8.50M 15.831ms
[40.787s] GC(1019) Incremental GC (Collect on allocation) 21.50M->8.50M 1.498ms
[40.822s] GC(1020) Incremental GC (Collect on allocation) 21.50M->8.50M 1.472ms
[40.857s] GC(1021) Incremental GC (Collect on allocation) 21.50M->8.50M 1.444ms
[40.893s] GC(1022) Incremental GC (Collect on allocation) 21.50M->8.50M 1.469ms
[40.928s] GC(1023) Incremental GC (Collect on allocation) 21.50M->8.50M 1.521ms
[40.964s] GC(1024) Incremental GC (Collect on allocation) 21.50M->8.50M 1.536ms
[40.999s] GC(1025) Incremental GC (Collect on allocation) 21.50M->8.50M 1.526ms
[41.034s] GC(1026) Incremental GC (Collect on allocation) 21.50M->8.50M 1.513ms
[41.070s] GC(1027) Incremental GC (Collect on allocation) 21.50M->8.50M 1.529ms
[41.105s] GC(1028) Incremental GC (Collect on allocation) 21.50M->8.50M 1.681ms
[41.141s] GC(1029) Incremental GC (Collect on allocation) 21.50M->8.50M 1.625ms
[41.177s] GC(1030) Incremental GC (Collect on allocation) 21.50M->8.50M 1.642ms
[41.212s] GC(1031) Incremental GC (Collect on allocation) 21.50M->8.50M 1.649ms
[41.248s] GC(1032) Incremental GC (Collect on allocation) 21.50M->8.50M 1.683ms
[41.284s] GC(1033) Incremental GC (Collect on allocation) 21.50M->8.50M 1.755ms
[41.319s] GC(1034) Incremental GC (Collect on allocation) 21.50M->8.50M 1.654ms
[41.355s] GC(1035) Incremental GC (Collect on allocation) 21.50M->8.50M 1.687ms
[41.405s] GC(1036) Full GC (Collect on allocation) 21.50M->8.50M 15.691ms
[41.441s] GC(1037) Incremental GC (Collect on allocation) 21.50M->8.50M 1.491ms
[41.476s] GC(1038) Incremental GC (Collect on allocation) 21.50M->8.50M 1.362ms
[41.512s] GC(1039) Incremental GC (Collect on allocation) 21.50M->8.50M 1.307ms
[41.548s] GC(1040) Incremental GC (Collect on allocation) 21.50M->8.50M 1.301ms
[41.584s] GC(1041) Incremental GC (Collect on allocation) 21.50M->8.50M 1.462ms
[41.619s] GC(1042) Incremental GC (Collect on allocation) 21.50M->8.50M 1.549ms
[41.654s] GC(1043) Incremental GC (Collect on allocation) 21.50M->8.50M 1.483ms
[41.690s] GC(1044) Incremental GC (Collect on allocation) 21.50M->8.50M 1.546ms
[41.726s] GC(1045) Incremental GC (Collect on allocation) 21.50M->8.50M 1.504ms
[41.761s] GC(1046) Incremental GC (Collect on allocation) 21.50M->8.50M 1.492ms
[41.797s] GC(1047) Incremental GC (Collect on allocation) 21.50M->8.50M 1.521ms
[41.833s] GC(1048) Incremental GC (Collect on allocation) 21.50M->8.50M 1.772ms
[41.869s] GC(1049) Incremental GC (Collect on allocation) 21.50M->8.50M 1.585ms
[41.904s] GC(1050) Incremental GC (Collect on allocation) 21.50M->8.50M 1.609ms
[41.940s] GC(1051) Incremental GC (Collect on allocation) 21.50M->8.50M 1.647ms
[41.976s] GC(1052) Incremental GC (Collect on allocation) 21.50M->8.50M 1.632ms
[42.012s] GC(1053) Incremental GC (Collect on allocation) 21.50M->8.50M 1.725ms
[42.062s] GC(1054) Full GC (Collect on allocation) 21.50M->8.50M 15.942ms
[42.098s] GC(1055) Incremental GC (Collect on allocation) 21.50M->8.50M 1.454ms
[42.133s] GC(1056) Incremental GC (Collect on allocation) 21.50M->8.50M 1.422ms
[42.168s] GC(1057) Incremental GC (Collect on allocation) 21.50M->8.50M 1.421ms
[42.203s] GC(1058) Incremental GC (Collect on allocation) 21.50M->8.50M 1.380ms
[42.239s] GC(1059) Incremental GC (Collect on allocation) 21.50M->8.50M 1.593ms
[42.274s] GC(1060) Incremental GC (Collect on allocation) 21.50M->8.50M 1.474ms
[42.309s] GC(1061) Incremental GC (Collect on allocation) 21.50M->8.50M 1.566ms
[42.344s] GC(1062) Incremental GC (Collect on allocation) 21.50M->8.50M 1.511ms
[42.380s] GC(1063) Incremental GC (Collect on allocation) 21.50M->8.50M 1.456ms
[42.416s] GC(1064) Incremental GC (Collect on allocation) 21.50M->8.50M 1.610ms
[42.451s] GC(1065) Incremental GC (Collect on allocation) 21.50M->8.50M 1.587ms
[42.487s] GC(1066) Incremental GC (Collect on allocation) 21.50M->8.50M 1.559ms
[42.522s] GC(1067) Incremental GC (Collect on allocation) 21.50M->8.50M 1.625ms
[42.558s] GC(1068) Incremental GC (Collect on allocation) 21.50M->8.50M 1.670ms
[42.594s] GC(1069) Incremental GC (Collect on allocation) 21.50M->8.50M 1.742ms
[42.630s] GC(1070) Incremental GC (Collect on allocation) 21.50M->8.50M 1.682ms
[42.680s] GC(1071) Full GC (Collect on allocation) 21.50M->8.50M 15.886ms
[42.715s] GC(1072) Incremental GC (Collect on allocation) 21.50M->8.50M 1.450ms
[42.750s] GC(1073) Incremental GC (Collect on allocation) 21.50M->8.50M 1.431ms
[42.785s] GC(1074) Incremental GC (Collect on allocation) 21.50M->8.50M 1.410ms
[42.821s] GC(1075) Incremental GC (Collect on allocation) 21.50M->8.50M 1.375ms
[42.856s] GC(1076) Incremental GC (Collect on allocation) 21.50M->8.50M 1.484ms
[42.891s] GC(1077) Incremental GC (Collect on allocation) 21.50M->8.50M 1.557ms
[42.926s] GC(1078) Incremental GC (Collect on allocation) 21.50M->8.50M 1.454ms
[42.962s] GC(1079) Incremental GC (Collect on allocation) 21.50M->8.50M 1.532ms
[42.998s] GC(1080) Incremental GC (Collect on allocation) 21.50M->8.50M 1.490ms
[43.033s] GC(1081) Incremental GC (Collect on allocation) 21.50M->8.50M 1.548ms
[43.069s] GC(1082) Incremental GC (Collect on allocation) 21.50M->8.50M 1.527ms
[43.104s] GC(1083) Incremental GC (Collect on allocation) 21.50M->8.50M 1.589ms
[43.140s] GC(1084) Incremental GC (Collect on allocation) 21.50M->8.50M 1.618ms
[43.176s] GC(1085) Incremental GC (Collect on allocation) 21.50M->8.50M 1.606ms
[43.211s] GC(1086) Incremental GC (Collect on allocation) 21.50M->8.50M 1.589ms
[43.247s] GC(1087) Incremental GC (Collect on allocation) 21.50M->8.50M 1.594ms
[43.282s] GC(1088) Incremental GC (Collect on allocation) 21.50M->8.50M 1.663ms
[43.333s] GC(1089) Full GC (Collect on allocation) 21.50M->8.50M 16.103ms
[43.369s] GC(1090) Incremental GC (Collect on allocation) 21.50M->8.50M 1.403ms
[43.404s] GC(1091) Incremental GC (Collect on allocation) 21.50M->8.50M 1.326ms
[43.439s] GC(1092) Incremental GC (Collect on allocation) 21.50M->8.50M 1.318ms
[43.474s] GC(1093) Incremental GC (Collect on allocation) 21.50M->8.50M 1.403ms
[43.510s] GC(1094) Incremental GC (Collect on allocation) 21.50M->8.50M 1.426ms
[43.545s] GC(1095) Incremental GC (Collect on allocation) 21.50M->8.50M 1.408ms
[43.581s] GC(1096) Incremental GC (Collect on allocation) 21.50M->8.50M 1.391ms
[43.616s] GC(1097) Incremental GC (Collect on allocation) 21.50M->8.50M 1.426ms
[43.651s] GC(1098) Incremental GC (Collect on allocation) 21.50M->8.50M 1.457ms
[43.687s] GC(1099) Incremental GC (Collect on allocation) 21.50M->8.50M 1.549ms
[43.723s] GC(1100) Incremental GC (Collect on allocation) 21.50M->8.50M 1.614ms
[43.758s] GC(1101) Incremental GC (Collect on allocation) 21.50M->8.50M 1.586ms
[43.794s] GC(1102) Incremental GC (Collect on allocation) 21.50M->8.50M 1.563ms
[43.829s] GC(1103) Incremental GC (Collect on allocation) 21.50M->8.50M 1.603ms
[43.865s] GC(1104) Incremental GC (Collect on allocation) 21.50M->8.50M 1.628ms
[43.901s] GC(1105) Incremental GC (Collect on allocation) 21.50M->8.50M 1.662ms
[43.937s] GC(1106) Incremental GC (Collect on allocation) 21.50M->8.50M 1.678ms
[43.987s] GC(1107) Full GC (Collect on allocation) 21.50M->8.50M 15.895ms
[44.022s] GC(1108) Incremental GC (Collect on allocation) 21.50M->8.50M 1.533ms
[44.057s] GC(1109) Incremental GC (Collect on allocation) 21.50M->8.50M 1.377ms
[44.093s] GC(1110) Incremental GC (Collect on allocation) 21.50M->8.50M 1.384ms
[44.128s] GC(1111) Incremental GC (Collect on allocation) 21.50M->8.50M 1.391ms
[44.163s] GC(1112) Incremental GC (Collect on allocation) 21.50M->8.50M 1.428ms
[44.198s] GC(1113) Incremental GC (Collect on allocation) 21.50M->8.50M 1.459ms
[44.233s] GC(1114) Incremental GC (Collect on allocation) 21.50M->8.50M 1.438ms
[44.268s] GC(1115) Incremental GC (Collect on allocation) 21.50M->8.50M 1.462ms
[44.303s] GC(1116) Incremental GC (Collect on allocation) 21.50M->8.50M 1.498ms
[44.339s] GC(1117) Incremental GC (Collect on allocation) 21.50M->8.50M 1.541ms
[44.374s] GC(1118) Incremental GC (Collect on allocation) 21.50M->8.50M 1.567ms
[44.409s] GC(1119) Incremental GC (Collect on allocation) 21.50M->8.50M 1.599ms
[44.445s] GC(1120) Incremental GC (Collect on allocation) 21.50M->8.50M 1.623ms
[44.481s] GC(1121) Incremental GC (Collect on allocation) 21.50M->8.50M 1.584ms
[44.516s] GC(1122) Incremental GC (Collect on allocation) 21.50M->8.50M 1.599ms
[44.551s] GC(1123) Incremental GC (Collect on allocation) 21.50M->8.50M 1.651ms
[44.587s] GC(1124) Incremental GC (Collect on allocation) 21.50M->8.50M 1.728ms
[44.637s] GC(1125) Full GC (Collect on allocation) 21.50M->8.50M 15.858ms
[44.673s] GC(1126) Incremental GC (Collect on allocation) 21.50M->8.50M 1.483ms
[44.708s] GC(1127) Incremental GC (Collect on allocation) 21.50M->8.50M 1.333ms
[44.743s] GC(1128) Incremental GC (Collect on allocation) 21.50M->8.50M 1.438ms
[44.779s] GC(1129) Incremental GC (Collect on allocation) 21.50M->8.50M 1.408ms
[44.814s] GC(1130) Incremental GC (Collect on allocation) 21.50M->8.50M 1.402ms
[44.849s] GC(1131) Incremental GC (Collect on allocation) 21.50M->8.50M 1.496ms
[44.884s] GC(1132) Incremental GC (Collect on allocation) 21.50M->8.50M 1.496ms
[44.920s] GC(1133) Incremental GC (Collect on allocation) 21.50M->8.50M 1.496ms
[44.955s] GC(1134) Incremental GC (Collect on allocation) 21.50M->8.50M 1.634ms
[44.990s] GC(1135) Incremental GC (Collect on allocation) 21.50M->8.50M 1.541ms
[45.026s] GC(1136) Incremental GC (Collect on allocation) 21.50M->8.50M 1.561ms
[45.061s] GC(1137) Incremental GC (Collect on allocation) 21.50M->8.50M 1.605ms
[45.097s] GC(1138) Incremental GC (Collect on allocation) 21.50M->8.50M 1.579ms
[45.133s] GC(1139) Incremental GC (Collect on allocation) 21.50M->8.50M 1.670ms
[45.169s] GC(1140) Incremental GC (Collect on allocation) 21.50M->8.50M 1.653ms
[45.204s] GC(1141) Incremental GC (Collect on allocation) 21.50M->8.50M 1.680ms
[45.240s] GC(1142) Incremental GC (Collect on allocation) 21.50M->8.50M 1.605ms
[45.290s] GC(1143) Full GC (Collect on allocation) 21.50M->8.50M 16.255ms
[45.326s] GC(1144) Incremental GC (Collect on allocation) 21.50M->8.50M 1.488ms
[45.361s] GC(1145) Incremental GC (Collect on allocation) 21.50M->8.50M 1.416ms
[45.397s] GC(1146) Incremental GC (Collect on allocation) 21.50M->8.50M 1.397ms
[45.432s] GC(1147) Incremental GC (Collect on allocation) 21.50M->8.50M 1.420ms
[45.467s] GC(1148) Incremental GC (Collect on allocation) 21.50M->8.50M 1.433ms
[45.502s] GC(1149) Incremental GC (Collect on allocation) 21.50M->8.50M 1.545ms
[45.538s] GC(1150) Incremental GC (Collect on allocation) 21.50M->8.50M 1.528ms
[45.573s] GC(1151) Incremental GC (Collect on allocation) 21.50M->8.50M 1.519ms
[45.608s] GC(1152) Incremental GC (Collect on allocation) 21.50M->8.50M 1.540ms
[45.644s] GC(1153) Incremental GC (Collect on allocation) 21.50M->8.50M 1.498ms
[45.679s] GC(1154) Incremental GC (Collect on allocation) 21.50M->8.50M 1.602ms
[45.715s] GC(1155) Incremental GC (Collect on allocation) 21.50M->8.50M 1.556ms
[45.751s] GC(1156) Incremental GC (Collect on allocation) 21.50M->8.50M 1.592ms
[45.787s] GC(1157) Incremental GC (Collect on allocation) 21.50M->8.50M 1.634ms
[45.822s] GC(1158) Incremental GC (Collect on allocation) 21.50M->8.50M 1.692ms
[45.858s] GC(1159) Incremental GC (Collect on allocation) 21.50M->8.50M 1.775ms
[45.894s] GC(1160) Incremental GC (Collect on allocation) 21.50M->8.50M 1.692ms
[45.944s] GC(1161) Full GC (Collect on allocation) 21.50M->8.50M 16.229ms
[45.980s] GC(1162) Incremental GC (Collect on allocation) 21.50M->8.50M 1.477ms
[46.015s] GC(1163) Incremental GC (Collect on allocation) 21.50M->8.50M 1.480ms
[46.050s] GC(1164) Incremental GC (Collect on allocation) 21.50M->8.50M 1.401ms
[46.085s] GC(1165) Incremental GC (Collect on allocation) 21.50M->8.50M 1.429ms
[46.120s] GC(1166) Incremental GC (Collect on allocation) 21.50M->8.50M 1.448ms
[46.155s] GC(1167) Incremental GC (Collect on allocation) 21.50M->8.50M 1.545ms
[46.190s] GC(1168) Incremental GC (Collect on allocation) 21.50M->8.50M 1.525ms
[46.226s] GC(1169) Incremental GC (Collect on allocation) 21.50M->8.50M 1.523ms
[46.261s] GC(1170) Incremental GC (Collect on allocation) 21.50M->8.50M 1.523ms
[46.296s] GC(1171) Incremental GC (Collect on allocation) 21.50M->8.50M 1.581ms
[46.332s] GC(1172) Incremental GC (Collect on allocation) 21.50M->8.50M 1.638ms
[46.368s] GC(1173) Incremental GC (Collect on allocation) 21.50M->8.50M 1.643ms
[46.403s] GC(1174) Incremental GC (Collect on allocation) 21.50M->8.50M 1.773ms
[46.439s] GC(1175) Incremental GC (Collect on allocation) 21.50M->8.50M 1.644ms
[46.475s] GC(1176) Incremental GC (Collect on allocation) 21.50M->8.50M 1.684ms
[46.511s] GC(1177) Incremental GC (Collect on allocation) 21.50M->8.50M 1.613ms
[46.547s] GC(1178) Incremental GC (Collect on allocation) 21.50M->8.50M 1.722ms
[46.598s] GC(1179) Full GC (Collect on allocation) 21.50M->8.50M 16.090ms
[46.633s] GC(1180) Incremental GC (Collect on allocation) 21.50M->8.50M 1.407ms
[46.668s] GC(1181) Incremental GC (Collect on allocation) 21.50M->8.50M 1.374ms
[46.703s] GC(1182) Incremental GC (Collect on allocation) 21.50M->8.50M 1.379ms
[46.738s] GC(1183) Incremental GC (Collect on allocation) 21.50M->8.50M 1.484ms
[46.773s] GC(1184) Incremental GC (Collect on allocation) 21.50M->8.50M 1.427ms
[46.808s] GC(1185) Incremental GC (Collect on allocation) 21.50M->8.50M 1.492ms
[46.844s] GC(1186) Incremental GC (Collect on allocation) 21.50M->8.50M 1.483ms
[46.879s] GC(1187) Incremental GC (Collect on allocation) 21.50M->8.50M 1.457ms
[46.915s] GC(1188) Incremental GC (Collect on allocation) 21.50M->8.50M 1.602ms
[46.950s] GC(1189) Incremental GC (Collect on allocation) 21.50M->8.50M 1.587ms
[46.985s] GC(1190) Incremental GC (Collect on allocation) 21.50M->8.50M 1.562ms
[47.021s] GC(1191) Incremental GC (Collect on allocation) 21.00M->8.50M 1.577ms
[47.056s] GC(1192) Incremental GC (Collect on allocation) 21.50M->8.50M 1.634ms
[47.092s] GC(1193) Incremental GC (Collect on allocation) 21.50M->8.50M 1.582ms
[47.128s] GC(1194) Incremental GC (Collect on allocation) 21.50M->8.50M 1.625ms
[47.164s] GC(1195) Incremental GC (Collect on allocation) 21.50M->8.50M 1.734ms
[47.199s] GC(1196) Incremental GC (Collect on allocation) 21.00M->8.50M 1.708ms
[47.250s] GC(1197) Full GC (Collect on allocation) 21.50M->8.50M 16.187ms
[47.285s] GC(1198) Incremental GC (Collect on allocation) 21.50M->8.50M 1.402ms
[47.321s] GC(1199) Incremental GC (Collect on allocation) 21.50M->8.50M 1.275ms
[47.356s] GC(1200) Incremental GC (Collect on allocation) 21.50M->8.50M 1.268ms
[47.391s] GC(1201) Incremental GC (Collect on allocation) 21.50M->8.50M 1.373ms
[47.426s] GC(1202) Incremental GC (Collect on allocation) 21.50M->8.50M 1.448ms
[47.461s] GC(1203) Incremental GC (Collect on allocation) 21.50M->8.50M 1.478ms
[47.497s] GC(1204) Incremental GC (Collect on allocation) 21.50M->8.50M 1.474ms
[47.532s] GC(1205) Incremental GC (Collect on allocation) 21.50M->8.50M 1.478ms
[47.568s] GC(1206) Incremental GC (Collect on allocation) 21.50M->8.50M 1.566ms
[47.603s] GC(1207) Incremental GC (Collect on allocation) 21.50M->8.50M 1.499ms
[47.639s] GC(1208) Incremental GC (Collect on allocation) 21.50M->8.50M 1.537ms
[47.675s] GC(1209) Incremental GC (Collect on allocation) 21.50M->8.50M 1.684ms
[47.710s] GC(1210) Incremental GC (Collect on allocation) 21.50M->8.50M 1.533ms
[47.746s] GC(1211) Incremental GC (Collect on allocation) 21.50M->8.50M 1.589ms
[47.781s] GC(1212) Incremental GC (Collect on allocation) 21.50M->8.50M 1.602ms
[47.817s] GC(1213) Incremental GC (Collect on allocation) 21.50M->8.50M 1.646ms
[47.853s] GC(1214) Incremental GC (Collect on allocation) 21.50M->8.50M 1.666ms
[47.903s] GC(1215) Full GC (Collect on allocation) 21.50M->8.50M 15.761ms
[47.939s] GC(1216) Incremental GC (Collect on allocation) 21.50M->8.50M 1.399ms
[47.974s] GC(1217) Incremental GC (Collect on allocation) 21.50M->8.50M 1.430ms
[48.010s] GC(1218) Incremental GC (Collect on allocation) 21.50M->8.50M 1.400ms
[48.045s] GC(1219) Incremental GC (Collect on allocation) 21.50M->8.50M 1.324ms
[48.080s] GC(1220) Incremental GC (Collect on allocation) 21.50M->8.50M 1.471ms
[48.115s] GC(1221) Incremental GC (Collect on allocation) 21.50M->8.50M 1.425ms
[48.151s] GC(1222) Incremental GC (Collect on allocation) 21.50M->8.50M 1.545ms
[48.187s] GC(1223) Incremental GC (Collect on allocation) 21.50M->8.50M 1.467ms
[48.222s] GC(1224) Incremental GC (Collect on allocation) 21.50M->8.50M 1.471ms
[48.258s] GC(1225) Incremental GC (Collect on allocation) 21.50M->8.50M 1.505ms
[48.293s] GC(1226) Incremental GC (Collect on allocation) 21.50M->8.50M 1.561ms
[48.329s] GC(1227) Incremental GC (Collect on allocation) 21.50M->8.50M 1.569ms
[48.365s] GC(1228) Incremental GC (Collect on allocation) 21.50M->8.50M 1.649ms
[48.400s] GC(1229) Incremental GC (Collect on allocation) 21.50M->8.50M 1.644ms
[48.436s] GC(1230) Incremental GC (Collect on allocation) 21.50M->8.50M 1.680ms
[48.472s] GC(1231) Incremental GC (Collect on allocation) 21.50M->8.50M 1.614ms
[48.508s] GC(1232) Incremental GC (Collect on allocation) 21.50M->8.50M 1.707ms
[48.558s] GC(1233) Full GC (Collect on allocation) 21.50M->8.50M 15.672ms
[48.593s] GC(1234) Incremental GC (Collect on allocation) 21.50M->8.50M 1.442ms
[48.628s] GC(1235) Incremental GC (Collect on allocation) 21.50M->8.50M 1.522ms
[48.664s] GC(1236) Incremental GC (Collect on allocation) 21.50M->8.50M 1.352ms
[48.698s] GC(1237) Incremental GC (Collect on allocation) 21.50M->8.50M 1.360ms
[48.733s] GC(1238) Incremental GC (Collect on allocation) 21.50M->8.50M 1.387ms
[48.769s] GC(1239) Incremental GC (Collect on allocation) 21.50M->8.50M 1.445ms
[48.804s] GC(1240) Incremental GC (Collect on allocation) 21.50M->8.50M 1.436ms
[48.839s] GC(1241) Incremental GC (Collect on allocation) 21.50M->8.50M 1.432ms
[48.875s] GC(1242) Incremental GC (Collect on allocation) 21.50M->8.50M 1.482ms
[48.910s] GC(1243) Incremental GC (Collect on allocation) 21.50M->8.50M 1.528ms
[48.945s] GC(1244) Incremental GC (Collect on allocation) 21.50M->8.50M 1.545ms
[48.981s] GC(1245) Incremental GC (Collect on allocation) 21.50M->8.50M 1.548ms
[49.016s] GC(1246) Incremental GC (Collect on allocation) 21.50M->8.50M 1.618ms
[49.052s] GC(1247) Incremental GC (Collect on allocation) 21.50M->8.50M 1.707ms
[49.088s] GC(1248) Incremental GC (Collect on allocation) 21.50M->8.50M 1.658ms
[49.124s] GC(1249) Incremental GC (Collect on allocation) 21.50M->8.50M 1.668ms
[49.159s] GC(1250) Incremental GC (Collect on allocation) 21.50M->8.50M 1.691ms
[49.209s] GC(1251) Full GC (Collect on allocation) 21.50M->8.50M 15.647ms
[49.244s] GC(1252) Incremental GC (Collect on allocation) 21.50M->8.50M 1.420ms
[49.280s] GC(1253) Incremental GC (Collect on allocation) 21.50M->8.50M 1.285ms
[49.315s] GC(1254) Incremental GC (Collect on allocation) 21.50M->8.50M 1.327ms
[49.350s] GC(1255) Incremental GC (Collect on allocation) 21.50M->8.50M 1.352ms
[49.386s] GC(1256) Incremental GC (Collect on allocation) 21.50M->8.50M 1.381ms
[49.421s] GC(1257) Incremental GC (Collect on allocation) 21.50M->8.50M 1.405ms
[49.456s] GC(1258) Incremental GC (Collect on allocation) 21.50M->8.50M 1.430ms
[49.491s] GC(1259) Incremental GC (Collect on allocation) 21.50M->8.50M 1.496ms
[49.526s] GC(1260) Incremental GC (Collect on allocation) 21.50M->8.50M 1.462ms
[49.562s] GC(1261) Incremental GC (Collect on allocation) 21.50M->8.50M 1.591ms
[49.598s] GC(1262) Incremental GC (Collect on allocation) 21.50M->8.50M 1.557ms
[49.633s] GC(1263) Incremental GC (Collect on allocation) 21.50M->8.50M 1.621ms
[49.669s] GC(1264) Incremental GC (Collect on allocation) 21.50M->8.50M 1.584ms
[49.705s] GC(1265) Incremental GC (Collect on allocation) 21.50M->8.50M 1.566ms
[49.741s] GC(1266) Incremental GC (Collect on allocation) 21.50M->8.50M 1.681ms
[49.776s] GC(1267) Incremental GC (Collect on allocation) 21.50M->8.50M 1.630ms
[49.812s] GC(1268) Incremental GC (Collect on allocation) 21.50M->8.50M 1.653ms
[49.862s] GC(1269) Full GC (Collect on allocation) 21.50M->8.50M 16.028ms
[49.897s] GC(1270) Incremental GC (Collect on allocation) 21.50M->8.50M 1.454ms
[49.933s] GC(1271) Incremental GC (Collect on allocation) 21.50M->8.50M 1.524ms
[49.969s] GC(1272) Incremental GC (Collect on allocation) 21.50M->8.50M 1.369ms
[50.004s] GC(1273) Incremental GC (Collect on allocation) 21.50M->8.50M 1.385ms
[50.039s] GC(1274) Incremental GC (Collect on allocation) 21.50M->8.50M 1.485ms
[50.075s] GC(1275) Incremental GC (Collect on allocation) 21.50M->8.50M 1.488ms
[50.110s] GC(1276) Incremental GC (Collect on allocation) 21.50M->8.50M 1.532ms
[50.146s] GC(1277) Incremental GC (Collect on allocation) 21.50M->8.50M 1.504ms
[50.181s] GC(1278) Incremental GC (Collect on allocation) 21.50M->8.50M 1.475ms
[50.216s] GC(1279) Incremental GC (Collect on allocation) 21.50M->8.50M 1.511ms
[50.252s] GC(1280) Incremental GC (Collect on allocation) 21.50M->8.50M 1.563ms
[50.287s] GC(1281) Incremental GC (Collect on allocation) 21.50M->8.50M 1.614ms
[50.323s] GC(1282) Incremental GC (Collect on allocation) 21.50M->8.50M 1.605ms
[50.359s] GC(1283) Incremental GC (Collect on allocation) 21.50M->8.50M 1.609ms
[50.394s] GC(1284) Incremental GC (Collect on allocation) 21.50M->8.50M 1.626ms
[50.430s] GC(1285) Incremental GC (Collect on allocation) 21.50M->8.50M 1.718ms
[50.466s] GC(1286) Incremental GC (Collect on allocation) 21.50M->8.50M 1.663ms
[50.516s] GC(1287) Full GC (Collect on allocation) 21.50M->8.50M 16.019ms
[50.552s] GC(1288) Incremental GC (Collect on allocation) 21.50M->8.50M 1.490ms
[50.587s] GC(1289) Incremental GC (Collect on allocation) 21.50M->8.50M 1.392ms
[50.623s] GC(1290) Incremental GC (Collect on allocation) 21.50M->8.50M 1.361ms
[50.658s] GC(1291) Incremental GC (Collect on allocation) 21.50M->8.50M 1.421ms
[50.693s] GC(1292) Incremental GC (Collect on allocation) 21.50M->8.50M 1.408ms
[50.729s] GC(1293) Incremental GC (Collect on allocation) 21.50M->8.50M 1.427ms
[50.764s] GC(1294) Incremental GC (Collect on allocation) 21.50M->8.50M 1.411ms
[50.800s] GC(1295) Incremental GC (Collect on allocation) 21.50M->8.50M 1.541ms
[50.835s] GC(1296) Incremental GC (Collect on allocation) 21.50M->8.50M 1.495ms
[50.871s] GC(1297) Incremental GC (Collect on allocation) 21.50M->8.50M 1.503ms
[50.907s] GC(1298) Incremental GC (Collect on allocation) 21.50M->8.50M 1.508ms
[50.942s] GC(1299) Incremental GC (Collect on allocation) 21.50M->8.50M 1.557ms
[50.978s] GC(1300) Incremental GC (Collect on allocation) 21.50M->8.50M 1.623ms
[51.014s] GC(1301) Incremental GC (Collect on allocation) 21.50M->8.50M 1.642ms
[51.050s] GC(1302) Incremental GC (Collect on allocation) 21.50M->8.50M 1.541ms
[51.086s] GC(1303) Incremental GC (Collect on allocation) 21.50M->8.50M 1.595ms
[51.122s] GC(1304) Incremental GC (Collect on allocation) 21.50M->8.50M 1.680ms
[51.172s] GC(1305) Full GC (Collect on allocation) 21.50M->8.50M 15.869ms
[51.207s] GC(1306) Incremental GC (Collect on allocation) 21.50M->8.50M 1.459ms
[51.242s] GC(1307) Incremental GC (Collect on allocation) 21.50M->8.50M 1.253ms
[51.277s] GC(1308) Incremental GC (Collect on allocation) 21.50M->8.50M 1.335ms
[51.312s] GC(1309) Incremental GC (Collect on allocation) 21.50M->8.50M 1.381ms
[51.347s] GC(1310) Incremental GC (Collect on allocation) 21.50M->8.50M 1.484ms
[51.382s] GC(1311) Incremental GC (Collect on allocation) 21.50M->8.50M 1.423ms
[51.417s] GC(1312) Incremental GC (Collect on allocation) 21.50M->8.50M 1.409ms
[51.452s] GC(1313) Incremental GC (Collect on allocation) 21.50M->8.50M 1.444ms
[51.488s] GC(1314) Incremental GC (Collect on allocation) 21.50M->8.50M 1.541ms
[51.523s] GC(1315) Incremental GC (Collect on allocation) 21.50M->8.50M 1.536ms
[51.559s] GC(1316) Incremental GC (Collect on allocation) 21.50M->8.50M 1.549ms
[51.595s] GC(1317) Incremental GC (Collect on allocation) 21.50M->8.50M 1.589ms
[51.630s] GC(1318) Incremental GC (Collect on allocation) 21.50M->8.50M 1.618ms
[51.666s] GC(1319) Incremental GC (Collect on allocation) 21.50M->8.50M 1.582ms
[51.702s] GC(1320) Incremental GC (Collect on allocation) 21.50M->8.50M 1.652ms
[51.737s] GC(1321) Incremental GC (Collect on allocation) 21.50M->8.50M 1.638ms
[51.773s] GC(1322) Incremental GC (Collect on allocation) 21.50M->8.50M 1.672ms
[51.823s] GC(1323) Full GC (Collect on allocation) 21.50M->8.50M 15.776ms
[51.858s] GC(1324) Incremental GC (Collect on allocation) 21.50M->8.50M 1.385ms
[51.893s] GC(1325) Incremental GC (Collect on allocation) 21.50M->8.50M 1.398ms
[51.928s] GC(1326) Incremental GC (Collect on allocation) 21.50M->8.50M 1.379ms
[51.964s] GC(1327) Incremental GC (Collect on allocation) 21.50M->8.50M 1.317ms
[51.999s] GC(1328) Incremental GC (Collect on allocation) 21.50M->8.50M 1.404ms
[52.034s] GC(1329) Incremental GC (Collect on allocation) 21.50M->8.50M 1.428ms
[52.069s] GC(1330) Incremental GC (Collect on allocation) 21.50M->8.50M 1.385ms
[52.104s] GC(1331) Incremental GC (Collect on allocation) 21.50M->8.50M 1.416ms
[52.139s] GC(1332) Incremental GC (Collect on allocation) 21.50M->8.50M 1.439ms
[52.175s] GC(1333) Incremental GC (Collect on allocation) 21.50M->8.50M 1.559ms
[52.210s] GC(1334) Incremental GC (Collect on allocation) 21.50M->8.50M 1.547ms
[52.246s] GC(1335) Incremental GC (Collect on allocation) 21.50M->8.50M 1.529ms
[52.281s] GC(1336) Incremental GC (Collect on allocation) 21.50M->8.50M 1.547ms
[52.317s] GC(1337) Incremental GC (Collect on allocation) 21.50M->8.50M 1.566ms
[52.352s] GC(1338) Incremental GC (Collect on allocation) 21.50M->8.50M 1.682ms
[52.388s] GC(1339) Incremental GC (Collect on allocation) 21.50M->8.50M 1.603ms
[52.424s] GC(1340) Incremental GC (Collect on allocation) 21.50M->8.50M 1.660ms
[52.473s] GC(1341) Full GC (Collect on allocation) 21.50M->8.50M 15.786ms
[52.509s] GC(1342) Incremental GC (Collect on allocation) 21.50M->8.50M 1.358ms
[52.544s] GC(1343) Incremental GC (Collect on allocation) 21.50M->8.50M 1.301ms
[52.579s] GC(1344) Incremental GC (Collect on allocation) 21.50M->8.50M 1.343ms
[52.614s] GC(1345) Incremental GC (Collect on allocation) 21.50M->8.50M 1.403ms
[52.649s] GC(1346) Incremental GC (Collect on allocation) 21.50M->8.50M 1.416ms
[52.685s] GC(1347) Incremental GC (Collect on allocation) 21.50M->8.50M 1.392ms
[52.720s] GC(1348) Incremental GC (Collect on allocation) 21.50M->8.50M 1.392ms
[52.756s] GC(1349) Incremental GC (Collect on allocation) 21.50M->8.50M 1.776ms
[52.791s] GC(1350) Incremental GC (Collect on allocation) 21.50M->8.50M 1.527ms
[52.826s] GC(1351) Incremental GC (Collect on allocation) 21.50M->8.50M 1.565ms
[52.861s] GC(1352) Incremental GC (Collect on allocation) 21.50M->8.50M 1.595ms
[52.897s] GC(1353) Incremental GC (Collect on allocation) 21.50M->8.50M 1.471ms
[52.932s] GC(1354) Incremental GC (Collect on allocation) 21.50M->8.50M 1.533ms
[52.968s] GC(1355) Incremental GC (Collect on allocation) 21.50M->8.50M 1.646ms
[53.003s] GC(1356) Incremental GC (Collect on allocation) 21.50M->8.50M 1.656ms
[53.039s] GC(1357) Incremental GC (Collect on allocation) 21.50M->8.50M 1.630ms
[53.075s] GC(1358) Incremental GC (Collect on allocation) 21.50M->8.50M 1.660ms
[53.125s] GC(1359) Full GC (Collect on allocation) 21.50M->8.50M 15.959ms
[53.160s] GC(1360) Incremental GC (Collect on allocation) 21.50M->8.50M 1.381ms
[53.196s] GC(1361) Incremental GC (Collect on allocation) 21.50M->8.50M 1.348ms
[53.231s] GC(1362) Incremental GC (Collect on allocation) 21.50M->8.50M 1.453ms
[53.267s] GC(1363) Incremental GC (Collect on allocation) 21.50M->8.50M 1.461ms
[53.302s] GC(1364) Incremental GC (Collect on allocation) 21.50M->8.50M 1.481ms
[53.338s] GC(1365) Incremental GC (Collect on allocation) 21.50M->8.50M 1.520ms
[53.374s] GC(1366) Incremental GC (Collect on allocation) 21.50M->8.50M 1.521ms
[53.409s] GC(1367) Incremental GC (Collect on allocation) 21.50M->8.50M 1.555ms
[53.445s] GC(1368) Incremental GC (Collect on allocation) 21.50M->8.50M 1.561ms
[53.480s] GC(1369) Incremental GC (Collect on allocation) 21.50M->8.50M 1.653ms
[53.516s] GC(1370) Incremental GC (Collect on allocation) 21.50M->8.50M 1.512ms
[53.551s] GC(1371) Incremental GC (Collect on allocation) 21.50M->8.50M 1.572ms
[53.587s] GC(1372) Incremental GC (Collect on allocation) 21.50M->8.50M 1.531ms
[53.623s] GC(1373) Incremental GC (Collect on allocation) 21.50M->8.50M 1.609ms
[53.658s] GC(1374) Incremental GC (Collect on allocation) 21.50M->8.50M 1.675ms
[53.695s] GC(1375) Incremental GC (Collect on allocation) 21.50M->8.50M 1.676ms
[53.730s] GC(1376) Incremental GC (Collect on allocation) 21.50M->8.50M 1.669ms
[53.780s] GC(1377) Full GC (Collect on allocation) 21.50M->8.50M 15.577ms
[53.816s] GC(1378) Incremental GC (Collect on allocation) 21.50M->8.50M 1.474ms
[53.851s] GC(1379) Incremental GC (Collect on allocation) 21.50M->8.50M 1.367ms
[53.887s] GC(1380) Incremental GC (Collect on allocation) 21.50M->8.50M 1.330ms
[53.922s] GC(1381) Incremental GC (Collect on allocation) 21.50M->8.50M 1.347ms
[53.957s] GC(1382) Incremental GC (Collect on allocation) 21.50M->8.50M 1.368ms
[53.992s] GC(1383) Incremental GC (Collect on allocation) 21.50M->8.50M 1.447ms
[54.027s] GC(1384) Incremental GC (Collect on allocation) 21.50M->8.50M 1.487ms
[54.062s] GC(1385) Incremental GC (Collect on allocation) 21.50M->8.50M 1.365ms
[54.098s] GC(1386) Incremental GC (Collect on allocation) 21.50M->8.50M 1.547ms
[54.133s] GC(1387) Incremental GC (Collect on allocation) 21.50M->8.50M 1.535ms
[54.169s] GC(1388) Incremental GC (Collect on allocation) 21.50M->8.50M 1.590ms
[54.204s] GC(1389) Incremental GC (Collect on allocation) 21.50M->8.50M 1.545ms
[54.240s] GC(1390) Incremental GC (Collect on allocation) 21.50M->8.50M 1.569ms
[54.275s] GC(1391) Incremental GC (Collect on allocation) 21.50M->8.50M 1.579ms
[54.312s] GC(1392) Incremental GC (Collect on allocation) 21.50M->8.50M 1.724ms
[54.347s] GC(1393) Incremental GC (Collect on allocation) 21.50M->8.50M 1.650ms
[54.383s] GC(1394) Incremental GC (Collect on allocation) 21.50M->8.50M 1.629ms
[54.432s] GC(1395) Full GC (Collect on allocation) 21.50M->8.50M 15.832ms
[54.468s] GC(1396) Incremental GC (Collect on allocation) 21.50M->8.50M 1.429ms
[54.504s] GC(1397) Incremental GC (Collect on allocation) 21.50M->8.50M 1.305ms
[54.539s] GC(1398) Incremental GC (Collect on allocation) 21.50M->8.50M 1.381ms
[54.574s] GC(1399) Incremental GC (Collect on allocation) 21.50M->8.50M 1.355ms
[54.609s] GC(1400) Incremental GC (Collect on allocation) 21.50M->8.50M 1.459ms
[54.645s] GC(1401) Incremental GC (Collect on allocation) 21.50M->8.50M 1.404ms
[54.681s] GC(1402) Incremental GC (Collect on allocation) 21.50M->8.50M 1.454ms
[54.716s] GC(1403) Incremental GC (Collect on allocation) 21.50M->8.50M 1.443ms
[54.751s] GC(1404) Incremental GC (Collect on allocation) 21.50M->8.50M 1.421ms
[54.786s] GC(1405) Incremental GC (Collect on allocation) 21.50M->8.50M 1.549ms
[54.822s] GC(1406) Incremental GC (Collect on allocation) 21.50M->8.50M 1.427ms
[54.857s] GC(1407) Incremental GC (Collect on allocation) 21.50M->8.50M 1.569ms
[54.893s] GC(1408) Incremental GC (Collect on allocation) 21.50M->8.50M 1.551ms
[54.929s] GC(1409) Incremental GC (Collect on allocation) 21.50M->8.50M 1.599ms
[54.964s] GC(1410) Incremental GC (Collect on allocation) 21.50M->8.50M 1.602ms
[55.000s] GC(1411) Incremental GC (Collect on allocation) 22.00M->8.50M 1.579ms
[55.036s] GC(1412) Incremental GC (Collect on allocation) 21.50M->8.50M 1.697ms
[55.086s] GC(1413) Full GC (Collect on allocation) 21.50M->8.50M 15.787ms
[55.121s] GC(1414) Incremental GC (Collect on allocation) 21.50M->8.50M 1.433ms
[55.157s] GC(1415) Incremental GC (Collect on allocation) 21.50M->8.50M 1.430ms
[55.192s] GC(1416) Incremental GC (Collect on allocation) 21.50M->8.50M 1.341ms
[55.227s] GC(1417) Incremental GC (Collect on allocation) 21.50M->8.50M 1.363ms
[55.263s] GC(1418) Incremental GC (Collect on allocation) 21.50M->8.50M 1.523ms
[55.298s] GC(1419) Incremental GC (Collect on allocation) 21.50M->8.50M 1.420ms
[55.333s] GC(1420) Incremental GC (Collect on allocation) 21.50M->8.50M 1.391ms
[55.368s] GC(1421) Incremental GC (Collect on allocation) 21.50M->8.50M 1.472ms
[55.404s] GC(1422) Incremental GC (Collect on allocation) 21.50M->8.50M 1.485ms
[55.439s] GC(1423) Incremental GC (Collect on allocation) 21.50M->8.50M 1.493ms
[55.474s] GC(1424) Incremental GC (Collect on allocation) 21.50M->8.50M 1.542ms
[55.510s] GC(1425) Incremental GC (Collect on allocation) 21.50M->8.50M 1.531ms
[55.546s] GC(1426) Incremental GC (Collect on allocation) 21.50M->8.50M 1.539ms
[55.581s] GC(1427) Incremental GC (Collect on allocation) 21.50M->8.50M 1.575ms
[55.617s] GC(1428) Incremental GC (Collect on allocation) 21.50M->8.50M 1.597ms
[55.653s] GC(1429) Incremental GC (Collect on allocation) 21.50M->8.50M 1.601ms
[55.688s] GC(1430) Incremental GC (Collect on allocation) 21.50M->8.50M 1.736ms
[55.738s] GC(1431) Full GC (Collect on allocation) 21.50M->8.50M 15.754ms
[55.773s] GC(1432) Incremental GC (Collect on allocation) 21.50M->8.50M 1.453ms
[55.809s] GC(1433) Incremental GC (Collect on allocation) 21.50M->8.50M 1.348ms
[55.844s] GC(1434) Incremental GC (Collect on allocation) 21.50M->8.50M 1.347ms
[55.879s] GC(1435) Incremental GC (Collect on allocation) 21.50M->8.50M 1.383ms
[55.915s] GC(1436) Incremental GC (Collect on allocation) 21.50M->8.50M 1.352ms
[55.950s] GC(1437) Incremental GC (Collect on allocation) 21.50M->8.50M 1.434ms
[55.985s] GC(1438) Incremental GC (Collect on allocation) 21.50M->8.50M 1.374ms
[56.020s] GC(1439) Incremental GC (Collect on allocation) 21.50M->8.50M 1.434ms
[56.056s] GC(1440) Incremental GC (Collect on allocation) 21.50M->8.50M 1.555ms
[56.091s] GC(1441) Incremental GC (Collect on allocation) 21.50M->8.50M 1.522ms
[56.127s] GC(1442) Incremental GC (Collect on allocation) 21.50M->8.50M 1.482ms
[56.162s] GC(1443) Incremental GC (Collect on allocation) 21.50M->8.50M 1.606ms
[56.197s] GC(1444) Incremental GC (Collect on allocation) 21.50M->8.50M 1.548ms
[56.233s] GC(1445) Incremental GC (Collect on allocation) 21.50M->8.50M 1.608ms
[56.269s] GC(1446) Incremental GC (Collect on allocation) 21.50M->8.50M 1.553ms
[56.305s] GC(1447) Incremental GC (Collect on allocation) 21.50M->8.50M 1.586ms
[56.340s] GC(1448) Incremental GC (Collect on allocation) 21.50M->8.50M 1.624ms
[56.390s] GC(1449) Full GC (Collect on allocation) 21.50M->8.50M 15.625ms
[56.426s] GC(1450) Incremental GC (Collect on allocation) 21.50M->8.50M 1.442ms
[56.461s] GC(1451) Incremental GC (Collect on allocation) 21.50M->8.50M 1.374ms
[56.497s] GC(1452) Incremental GC (Collect on allocation) 21.50M->8.50M 1.333ms
[56.532s] GC(1453) Incremental GC (Collect on allocation) 21.50M->8.50M 1.363ms
[56.568s] GC(1454) Incremental GC (Collect on allocation) 21.50M->8.50M 1.448ms
[56.604s] GC(1455) Incremental GC (Collect on allocation) 21.50M->8.50M 1.554ms
[56.639s] GC(1456) Incremental GC (Collect on allocation) 21.50M->8.50M 1.402ms
[56.674s] GC(1457) Incremental GC (Collect on allocation) 21.50M->8.50M 1.466ms
[56.709s] GC(1458) Incremental GC (Collect on allocation) 21.50M->8.50M 1.541ms
[56.745s] GC(1459) Incremental GC (Collect on allocation) 21.50M->8.50M 1.556ms
[56.781s] GC(1460) Incremental GC (Collect on allocation) 21.50M->8.50M 1.691ms
[56.817s] GC(1461) Incremental GC (Collect on allocation) 21.50M->8.50M 1.707ms
[56.852s] GC(1462) Incremental GC (Collect on allocation) 21.50M->8.50M 1.575ms
[56.888s] GC(1463) Incremental GC (Collect on allocation) 21.50M->8.50M 1.588ms
[56.924s] GC(1464) Incremental GC (Collect on allocation) 21.50M->8.50M 1.602ms
[56.960s] GC(1465) Incremental GC (Collect on allocation) 21.50M->8.50M 1.634ms
[56.996s] GC(1466) Incremental GC (Collect on allocation) 21.50M->8.50M 1.681ms
[57.046s] GC(1467) Full GC (Collect on allocation) 21.50M->8.50M 15.846ms
[57.082s] GC(1468) Incremental GC (Collect on allocation) 21.50M->8.50M 1.399ms
[57.117s] GC(1469) Incremental GC (Collect on allocation) 21.50M->8.50M 1.351ms
[57.152s] GC(1470) Incremental GC (Collect on allocation) 21.50M->8.50M 1.353ms
[57.187s] GC(1471) Incremental GC (Collect on allocation) 21.50M->8.50M 1.423ms
[57.222s] GC(1472) Incremental GC (Collect on allocation) 21.50M->8.50M 1.481ms
[57.257s] GC(1473) Incremental GC (Collect on allocation) 21.50M->8.50M 1.465ms
[57.293s] GC(1474) Incremental GC (Collect on allocation) 21.50M->8.50M 1.425ms
[57.328s] GC(1475) Incremental GC (Collect on allocation) 21.50M->8.50M 1.547ms
[57.363s] GC(1476) Incremental GC (Collect on allocation) 21.50M->8.50M 1.572ms
[57.399s] GC(1477) Incremental GC (Collect on allocation) 21.50M->8.50M 1.533ms
[57.434s] GC(1478) Incremental GC (Collect on allocation) 21.50M->8.50M 1.554ms
[57.470s] GC(1479) Incremental GC (Collect on allocation) 21.50M->8.50M 1.540ms
[57.506s] GC(1480) Incremental GC (Collect on allocation) 21.50M->8.50M 1.665ms
[57.541s] GC(1481) Incremental GC (Collect on allocation) 21.50M->8.50M 1.696ms
[57.577s] GC(1482) Incremental GC (Collect on allocation) 21.50M->8.50M 1.635ms
[57.613s] GC(1483) Incremental GC (Collect on allocation) 21.50M->8.50M 1.700ms
[57.650s] GC(1484) Incremental GC (Collect on allocation) 21.50M->8.50M 1.747ms
[57.700s] GC(1485) Full GC (Collect on allocation) 21.50M->8.50M 16.032ms
[57.735s] GC(1486) Incremental GC (Collect on allocation) 21.50M->8.50M 1.385ms
[57.770s] GC(1487) Incremental GC (Collect on allocation) 21.50M->8.50M 1.330ms
[57.806s] GC(1488) Incremental GC (Collect on allocation) 21.50M->8.50M 1.350ms
[57.841s] GC(1489) Incremental GC (Collect on allocation) 21.50M->8.50M 1.448ms
[57.877s] GC(1490) Incremental GC (Collect on allocation) 21.50M->8.50M 1.437ms
[57.912s] GC(1491) Incremental GC (Collect on allocation) 21.50M->8.50M 1.451ms
[57.948s] GC(1492) Incremental GC (Collect on allocation) 21.50M->8.50M 1.384ms
[57.983s] GC(1493) Incremental GC (Collect on allocation) 21.50M->8.50M 1.498ms
[58.018s] GC(1494) Incremental GC (Collect on allocation) 21.50M->8.50M 1.538ms
[58.054s] GC(1495) Incremental GC (Collect on allocation) 21.50M->8.50M 1.428ms
[58.090s] GC(1496) Incremental GC (Collect on allocation) 21.50M->8.50M 1.529ms
[58.125s] GC(1497) Incremental GC (Collect on allocation) 21.50M->8.50M 1.538ms
[58.161s] GC(1498) Incremental GC (Collect on allocation) 21.50M->8.50M 1.620ms
[58.196s] GC(1499) Incremental GC (Collect on allocation) 21.50M->8.50M 1.579ms
[58.232s] GC(1500) Incremental GC (Collect on allocation) 21.00M->8.50M 1.660ms
[58.268s] GC(1501) Incremental GC (Collect on allocation) 21.50M->8.50M 1.659ms
[58.304s] GC(1502) Incremental GC (Collect on allocation) 21.50M->8.50M 1.689ms
[58.354s] GC(1503) Full GC (Collect on allocation) 21.50M->8.50M 16.131ms
[58.389s] GC(1504) Incremental GC (Collect on allocation) 21.50M->8.50M 1.357ms
[58.425s] GC(1505) Incremental GC (Collect on allocation) 21.50M->8.50M 1.333ms
[58.460s] GC(1506) Incremental GC (Collect on allocation) 21.50M->8.50M 1.412ms
[58.495s] GC(1507) Incremental GC (Collect on allocation) 21.50M->8.50M 1.406ms
[58.530s] GC(1508) Incremental GC (Collect on allocation) 21.50M->8.50M 1.436ms
[58.565s] GC(1509) Incremental GC (Collect on allocation) 21.50M->8.50M 1.519ms
[58.601s] GC(1510) Incremental GC (Collect on allocation) 21.50M->8.50M 1.426ms
[58.636s] GC(1511) Incremental GC (Collect on allocation) 21.50M->8.50M 1.437ms
[58.671s] GC(1512) Incremental GC (Collect on allocation) 21.50M->8.50M 1.556ms
[58.707s] GC(1513) Incremental GC (Collect on allocation) 21.50M->8.50M 1.532ms
[58.742s] GC(1514) Incremental GC (Collect on allocation) 21.50M->8.50M 1.527ms
[58.778s] GC(1515) Incremental GC (Collect on allocation) 21.50M->8.50M 1.570ms
[58.814s] GC(1516) Incremental GC (Collect on allocation) 21.50M->8.50M 1.567ms
[58.849s] GC(1517) Incremental GC (Collect on allocation) 21.50M->8.50M 1.614ms
[58.885s] GC(1518) Incremental GC (Collect on allocation) 21.50M->8.50M 1.649ms
[58.920s] GC(1519) Incremental GC (Collect on allocation) 21.50M->8.50M 1.628ms
[58.957s] GC(1520) Incremental GC (Collect on allocation) 21.50M->8.50M 1.642ms
[59.007s] GC(1521) Full GC (Collect on allocation) 21.50M->8.50M 16.351ms
[59.042s] GC(1522) Incremental GC (Collect on allocation) 21.50M->8.50M 1.394ms
[59.078s] GC(1523) Incremental GC (Collect on allocation) 21.50M->8.50M 1.327ms
[59.113s] GC(1524) Incremental GC (Collect on allocation) 21.50M->8.50M 1.334ms
[59.148s] GC(1525) Incremental GC (Collect on allocation) 21.50M->8.50M 1.383ms
[59.183s] GC(1526) Incremental GC (Collect on allocation) 21.50M->8.50M 1.383ms
[59.219s] GC(1527) Incremental GC (Collect on allocation) 21.50M->8.50M 1.453ms
[59.254s] GC(1528) Incremental GC (Collect on allocation) 21.50M->8.50M 1.465ms
[59.290s] GC(1529) Incremental GC (Collect on allocation) 21.50M->8.50M 1.434ms
[59.325s] GC(1530) Incremental GC (Collect on allocation) 21.50M->8.50M 1.540ms
[59.361s] GC(1531) Incremental GC (Collect on allocation) 21.50M->8.50M 1.555ms
[59.397s] GC(1532) Incremental GC (Collect on allocation) 21.50M->8.50M 1.608ms
[59.433s] GC(1533) Incremental GC (Collect on allocation) 21.50M->8.50M 1.843ms
[59.468s] GC(1534) Incremental GC (Collect on allocation) 21.50M->8.50M 1.590ms
[59.504s] GC(1535) Incremental GC (Collect on allocation) 21.50M->8.50M 1.581ms
[59.540s] GC(1536) Incremental GC (Collect on allocation) 21.50M->8.50M 1.621ms
[59.576s] GC(1537) Incremental GC (Collect on allocation) 21.50M->8.50M 1.666ms
[59.611s] GC(1538) Incremental GC (Collect on allocation) 21.50M->8.50M 1.660ms
[59.662s] GC(1539) Full GC (Collect on allocation) 21.50M->8.50M 15.804ms
[59.697s] GC(1540) Incremental GC (Collect on allocation) 21.50M->8.50M 1.374ms
[59.732s] GC(1541) Incremental GC (Collect on allocation) 21.50M->8.50M 1.390ms
[59.767s] GC(1542) Incremental GC (Collect on allocation) 21.50M->8.50M 1.347ms
[59.802s] GC(1543) Incremental GC (Collect on allocation) 21.50M->8.50M 1.383ms
[59.837s] GC(1544) Incremental GC (Collect on allocation) 21.50M->8.50M 1.406ms
[59.872s] GC(1545) Incremental GC (Collect on allocation) 21.50M->8.50M 1.444ms
[59.907s] GC(1546) Incremental GC (Collect on allocation) 21.50M->8.50M 1.509ms
[59.943s] GC(1547) Incremental GC (Collect on allocation) 21.50M->8.50M 1.484ms
[59.978s] GC(1548) Incremental GC (Collect on allocation) 21.50M->8.50M 1.546ms
[60.013s] GC(1549) Incremental GC (Collect on allocation) 21.50M->8.50M 1.528ms
[60.048s] GC(1550) Incremental GC (Collect on allocation) 21.50M->8.50M 1.714ms
[60.084s] GC(1551) Incremental GC (Collect on allocation) 21.50M->8.50M 1.598ms
[60.119s] GC(1552) Incremental GC (Collect on allocation) 21.50M->8.50M 1.608ms
[60.155s] GC(1553) Incremental GC (Collect on allocation) 21.50M->8.50M 1.631ms
[60.191s] GC(1554) Incremental GC (Collect on allocation) 21.50M->8.50M 1.616ms
[60.227s] GC(1555) Incremental GC (Collect on allocation) 21.50M->8.50M 1.567ms
[60.262s] GC(1556) Incremental GC (Collect on allocation) 21.50M->8.50M 1.609ms
[60.312s] GC(1557) Full GC (Collect on allocation) 21.50M->8.50M 15.996ms
[60.348s] GC(1558) Incremental GC (Collect on allocation) 21.50M->8.50M 1.378ms
[60.383s] GC(1559) Incremental GC (Collect on allocation) 21.50M->8.50M 1.328ms
[60.418s] GC(1560) Incremental GC (Collect on allocation) 21.50M->8.50M 1.392ms
[60.454s] GC(1561) Incremental GC (Collect on allocation) 21.50M->8.50M 1.358ms
[60.489s] GC(1562) Incremental GC (Collect on allocation) 21.50M->8.50M 1.352ms
[60.524s] GC(1563) Incremental GC (Collect on allocation) 21.50M->8.50M 1.455ms
[60.560s] GC(1564) Incremental GC (Collect on allocation) 21.50M->8.50M 1.537ms
[60.595s] GC(1565) Incremental GC (Collect on allocation) 21.50M->8.50M 1.437ms
[60.631s] GC(1566) Incremental GC (Collect on allocation) 21.50M->8.50M 1.415ms
[60.666s] GC(1567) Incremental GC (Collect on allocation) 21.50M->8.50M 1.504ms
[60.701s] GC(1568) Incremental GC (Collect on allocation) 21.50M->8.50M 1.521ms
[60.737s] GC(1569) Incremental GC (Collect on allocation) 21.50M->8.50M 1.673ms
[60.773s] GC(1570) Incremental GC (Collect on allocation) 21.50M->8.50M 1.492ms
[60.808s] GC(1571) Incremental GC (Collect on allocation) 21.50M->8.50M 1.520ms
[60.844s] GC(1572) Incremental GC (Collect on allocation) 21.50M->8.50M 1.616ms
[60.880s] GC(1573) Incremental GC (Collect on allocation) 21.50M->8.50M 1.643ms
[60.916s] GC(1574) Incremental GC (Collect on allocation) 21.50M->8.50M 1.701ms
[60.966s] GC(1575) Full GC (Collect on allocation) 21.50M->8.50M 15.948ms
[61.001s] GC(1576) Incremental GC (Collect on allocation) 21.50M->8.50M 1.390ms
[61.036s] GC(1577) Incremental GC (Collect on allocation) 21.50M->8.50M 1.319ms
[61.071s] GC(1578) Incremental GC (Collect on allocation) 21.50M->8.50M 1.341ms
[61.106s] GC(1579) Incremental GC (Collect on allocation) 21.50M->8.50M 1.425ms
[61.142s] GC(1580) Incremental GC (Collect on allocation) 21.50M->8.50M 1.405ms
[61.177s] GC(1581) Incremental GC (Collect on allocation) 21.50M->8.50M 1.478ms
[61.213s] GC(1582) Incremental GC (Collect on allocation) 21.50M->8.50M 1.579ms
[61.248s] GC(1583) Incremental GC (Collect on allocation) 21.50M->8.50M 1.433ms
[61.284s] GC(1584) Incremental GC (Collect on allocation) 21.50M->8.50M 1.498ms
[61.319s] GC(1585) Incremental GC (Collect on allocation) 21.50M->8.50M 1.619ms
[61.355s] GC(1586) Incremental GC (Collect on allocation) 21.50M->8.50M 1.507ms
[61.390s] GC(1587) Incremental GC (Collect on allocation) 21.50M->8.50M 1.553ms
[61.426s] GC(1588) Incremental GC (Collect on allocation) 21.50M->8.50M 1.548ms
[61.462s] GC(1589) Incremental GC (Collect on allocation) 21.50M->8.50M 1.532ms
[61.497s] GC(1590) Incremental GC (Collect on allocation) 21.50M->8.50M 1.641ms
[61.533s] GC(1591) Incremental GC (Collect on allocation) 21.50M->8.50M 1.609ms
[61.569s] GC(1592) Incremental GC (Collect on allocation) 21.50M->8.50M 1.668ms
[61.619s] GC(1593) Full GC (Collect on allocation) 21.50M->8.50M 15.718ms
[61.654s] GC(1594) Incremental GC (Collect on allocation) 21.50M->8.50M 1.347ms
[61.690s] GC(1595) Incremental GC (Collect on allocation) 21.50M->8.50M 1.292ms
[61.725s] GC(1596) Incremental GC (Collect on allocation) 21.50M->8.50M 1.351ms
[61.760s] GC(1597) Incremental GC (Collect on allocation) 21.50M->8.50M 1.340ms
[61.795s] GC(1598) Incremental GC (Collect on allocation) 21.50M->8.50M 1.407ms
[61.831s] GC(1599) Incremental GC (Collect on allocation) 21.50M->8.50M 1.370ms
[61.866s] GC(1600) Incremental GC (Collect on allocation) 21.50M->8.50M 1.353ms
[61.902s] GC(1601) Incremental GC (Collect on allocation) 21.50M->8.50M 1.443ms
[61.937s] GC(1602) Incremental GC (Collect on allocation) 21.50M->8.50M 1.432ms
[61.972s] GC(1603) Incremental GC (Collect on allocation) 21.50M->8.50M 1.589ms
[62.008s] GC(1604) Incremental GC (Collect on allocation) 21.50M->8.50M 1.574ms
[62.043s] GC(1605) Incremental GC (Collect on allocation) 21.50M->8.50M 1.556ms
[62.078s] GC(1606) Incremental GC (Collect on allocation) 21.50M->8.50M 1.557ms
[62.114s] GC(1607) Incremental GC (Collect on allocation) 21.50M->8.50M 1.589ms
[62.149s] GC(1608) Incremental GC (Collect on allocation) 21.50M->8.50M 1.536ms
[62.185s] GC(1609) Incremental GC (Collect on allocation) 21.50M->8.50M 1.646ms
[62.221s] GC(1610) Incremental GC (Collect on allocation) 21.50M->8.50M 1.601ms
[62.271s] GC(1611) Full GC (Collect on allocation) 21.50M->8.50M 15.883ms
[62.306s] GC(1612) Incremental GC (Collect on allocation) 21.50M->8.50M 1.446ms
[62.342s] GC(1613) Incremental GC (Collect on allocation) 21.50M->8.50M 1.397ms
[62.377s] GC(1614) Incremental GC (Collect on allocation) 21.50M->8.50M 1.400ms
[62.412s] GC(1615) Incremental GC (Collect on allocation) 21.50M->8.50M 1.435ms
[62.448s] GC(1616) Incremental GC (Collect on allocation) 21.50M->8.50M 1.609ms
[62.483s] GC(1617) Incremental GC (Collect on allocation) 21.50M->8.50M 1.495ms
[62.519s] GC(1618) Incremental GC (Collect on allocation) 21.50M->8.50M 1.488ms
[62.554s] GC(1619) Incremental GC (Collect on allocation) 21.50M->8.50M 1.518ms
[62.589s] GC(1620) Incremental GC (Collect on allocation) 21.50M->8.50M 1.528ms
[62.625s] GC(1621) Incremental GC (Collect on allocation) 21.50M->8.50M 1.543ms
[62.660s] GC(1622) Incremental GC (Collect on allocation) 21.50M->8.50M 1.606ms
[62.696s] GC(1623) Incremental GC (Collect on allocation) 21.50M->8.50M 1.567ms
[62.732s] GC(1624) Incremental GC (Collect on allocation) 21.50M->8.50M 1.615ms
[62.767s] GC(1625) Incremental GC (Collect on allocation) 21.50M->8.50M 1.618ms
[62.803s] GC(1626) Incremental GC (Collect on allocation) 21.50M->8.50M 1.555ms
[62.839s] GC(1627) Incremental GC (Collect on allocation) 21.50M->8.50M 1.628ms
[62.874s] GC(1628) Incremental GC (Collect on allocation) 21.50M->8.50M 1.671ms
[62.925s] GC(1629) Full GC (Collect on allocation) 21.50M->8.50M 16.507ms
[62.960s] GC(1630) Incremental GC (Collect on allocation) 21.50M->8.50M 1.467ms
[62.996s] GC(1631) Incremental GC (Collect on allocation) 21.50M->8.50M 1.337ms
[63.031s] GC(1632) Incremental GC (Collect on allocation) 21.50M->8.50M 1.409ms
[63.067s] GC(1633) Incremental GC (Collect on allocation) 21.50M->8.50M 1.545ms
[63.102s] GC(1634) Incremental GC (Collect on allocation) 21.50M->8.50M 1.502ms
[63.137s] GC(1635) Incremental GC (Collect on allocation) 21.50M->8.50M 1.442ms
[63.172s] GC(1636) Incremental GC (Collect on allocation) 21.50M->8.50M 1.468ms
[63.207s] GC(1637) Incremental GC (Collect on allocation) 21.50M->8.50M 1.499ms
[63.243s] GC(1638) Incremental GC (Collect on allocation) 21.50M->8.50M 1.527ms
[63.278s] GC(1639) Incremental GC (Collect on allocation) 21.50M->8.50M 1.578ms
[63.314s] GC(1640) Incremental GC (Collect on allocation) 21.50M->8.50M 1.552ms
[63.349s] GC(1641) Incremental GC (Collect on allocation) 21.50M->8.50M 1.603ms
[63.386s] GC(1642) Incremental GC (Collect on allocation) 21.50M->8.50M 1.720ms
[63.421s] GC(1643) Incremental GC (Collect on allocation) 21.50M->8.50M 1.746ms
[63.457s] GC(1644) Incremental GC (Collect on allocation) 21.50M->8.50M 1.688ms
[63.493s] GC(1645) Incremental GC (Collect on allocation) 21.50M->8.50M 1.715ms
[63.529s] GC(1646) Incremental GC (Collect on allocation) 21.50M->8.50M 1.721ms
[63.579s] GC(1647) Full GC (Collect on allocation) 21.50M->8.50M 15.864ms
[63.614s] GC(1648) Incremental GC (Collect on allocation) 21.50M->8.50M 1.388ms
[63.649s] GC(1649) Incremental GC (Collect on allocation) 21.50M->8.50M 1.350ms
[63.685s] GC(1650) Incremental GC (Collect on allocation) 21.50M->8.50M 1.352ms
[63.720s] GC(1651) Incremental GC (Collect on allocation) 21.50M->8.50M 1.375ms
[63.755s] GC(1652) Incremental GC (Collect on allocation) 21.50M->8.50M 1.409ms
[63.790s] GC(1653) Incremental GC (Collect on allocation) 21.50M->8.50M 1.462ms
[63.826s] GC(1654) Incremental GC (Collect on allocation) 21.50M->8.50M 1.439ms
[63.861s] GC(1655) Incremental GC (Collect on allocation) 21.50M->8.50M 1.437ms
[63.897s] GC(1656) Incremental GC (Collect on allocation) 21.50M->8.50M 1.486ms
[63.932s] GC(1657) Incremental GC (Collect on allocation) 21.50M->8.50M 1.536ms
[63.968s] GC(1658) Incremental GC (Collect on allocation) 21.50M->8.50M 1.517ms
[64.004s] GC(1659) Incremental GC (Collect on allocation) 21.50M->8.50M 1.556ms
[64.039s] GC(1660) Incremental GC (Collect on allocation) 21.50M->8.50M 1.610ms
[64.075s] GC(1661) Incremental GC (Collect on allocation) 21.50M->8.50M 1.587ms
[64.111s] GC(1662) Incremental GC (Collect on allocation) 21.50M->8.50M 1.612ms
[64.146s] GC(1663) Incremental GC (Collect on allocation) 21.50M->8.50M 1.662ms
[64.182s] GC(1664) Incremental GC (Collect on allocation) 21.50M->8.50M 1.685ms
[64.232s] GC(1665) Full GC (Collect on allocation) 21.50M->8.50M 15.506ms
[64.268s] GC(1666) Incremental GC (Collect on allocation) 21.50M->8.50M 1.372ms
[64.303s] GC(1667) Incremental GC (Collect on allocation) 21.50M->8.50M 1.475ms
[64.338s] GC(1668) Incremental GC (Collect on allocation) 21.50M->8.50M 1.363ms
[64.374s] GC(1669) Incremental GC (Collect on allocation) 21.50M->8.50M 1.338ms
[64.409s] GC(1670) Incremental GC (Collect on allocation) 21.50M->8.50M 1.362ms
[64.445s] GC(1671) Incremental GC (Collect on allocation) 22.00M->8.50M 1.451ms
[64.480s] GC(1672) Incremental GC (Collect on allocation) 21.50M->8.50M 1.432ms
[64.516s] GC(1673) Incremental GC (Collect on allocation) 21.50M->8.50M 1.366ms
[64.551s] GC(1674) Incremental GC (Collect on allocation) 21.50M->8.50M 1.478ms
[64.587s] GC(1675) Incremental GC (Collect on allocation) 21.50M->8.50M 1.493ms
[64.622s] GC(1676) Incremental GC (Collect on allocation) 21.50M->8.50M 1.541ms
[64.658s] GC(1677) Incremental GC (Collect on allocation) 21.50M->8.50M 1.548ms
[64.694s] GC(1678) Incremental GC (Collect on allocation) 21.50M->8.50M 1.457ms
[64.729s] GC(1679) Incremental GC (Collect on allocation) 21.50M->8.50M 1.517ms
[64.765s] GC(1680) Incremental GC (Collect on allocation) 21.50M->8.50M 1.644ms
[64.801s] GC(1681) Incremental GC (Collect on allocation) 21.50M->8.50M 1.632ms
[64.837s] GC(1682) Incremental GC (Collect on allocation) 21.50M->8.50M 1.565ms
[64.872s] GC(1683) Incremental GC (Collect on allocation) 21.50M->8.50M 1.693ms
[64.923s] GC(1684) Full GC (Collect on allocation) 21.50M->8.50M 15.968ms
[64.958s] GC(1685) Incremental GC (Collect on allocation) 21.50M->8.50M 1.541ms
[64.994s] GC(1686) Incremental GC (Collect on allocation) 21.50M->8.50M 1.344ms
[65.029s] GC(1687) Incremental GC (Collect on allocation) 21.50M->8.50M 1.403ms
[65.065s] GC(1688) Incremental GC (Collect on allocation) 21.50M->8.50M 1.384ms
[65.100s] GC(1689) Incremental GC (Collect on allocation) 21.50M->8.50M 1.373ms
[65.135s] GC(1690) Incremental GC (Collect on allocation) 21.50M->8.50M 1.501ms
[65.170s] GC(1691) Incremental GC (Collect on allocation) 21.50M->8.50M 1.450ms
[65.205s] GC(1692) Incremental GC (Collect on allocation) 21.50M->8.50M 1.405ms
[65.241s] GC(1693) Incremental GC (Collect on allocation) 21.50M->8.50M 1.486ms
[65.276s] GC(1694) Incremental GC (Collect on allocation) 21.50M->8.50M 1.529ms
[65.312s] GC(1695) Incremental GC (Collect on allocation) 21.50M->8.50M 1.534ms
[65.347s] GC(1696) Incremental GC (Collect on allocation) 21.50M->8.50M 1.568ms
[65.383s] GC(1697) Incremental GC (Collect on allocation) 21.50M->8.50M 1.581ms
[65.418s] GC(1698) Incremental GC (Collect on allocation) 21.50M->8.50M 1.631ms
[65.454s] GC(1699) Incremental GC (Collect on allocation) 21.50M->8.50M 1.652ms
[65.490s] GC(1700) Incremental GC (Collect on allocation) 21.50M->8.50M 1.666ms
[65.526s] GC(1701) Incremental GC (Collect on allocation) 21.50M->8.50M 1.721ms
[65.576s] GC(1702) Full GC (Collect on allocation) 21.50M->8.50M 15.936ms
[65.612s] GC(1703) Incremental GC (Collect on allocation) 21.50M->8.50M 1.415ms
[65.647s] GC(1704) Incremental GC (Collect on allocation) 21.50M->8.50M 1.377ms
[65.683s] GC(1705) Incremental GC (Collect on allocation) 21.50M->8.50M 1.419ms
[65.718s] GC(1706) Incremental GC (Collect on allocation) 21.50M->8.50M 1.419ms
[65.753s] GC(1707) Incremental GC (Collect on allocation) 21.50M->8.50M 1.376ms
[65.788s] GC(1708) Incremental GC (Collect on allocation) 21.50M->8.50M 1.463ms
[65.823s] GC(1709) Incremental GC (Collect on allocation) 21.50M->8.50M 1.500ms
[65.859s] GC(1710) Incremental GC (Collect on allocation) 21.50M->8.50M 1.467ms
[65.894s] GC(1711) Incremental GC (Collect on allocation) 21.50M->8.50M 1.567ms
[65.930s] GC(1712) Incremental GC (Collect on allocation) 21.50M->8.50M 1.506ms
[65.965s] GC(1713) Incremental GC (Collect on allocation) 21.50M->8.50M 1.576ms
[66.001s] GC(1714) Incremental GC (Collect on allocation) 21.50M->8.50M 1.606ms
[66.037s] GC(1715) Incremental GC (Collect on allocation) 21.50M->8.50M 1.660ms
[66.073s] GC(1716) Incremental GC (Collect on allocation) 21.50M->8.50M 1.645ms
[66.109s] GC(1717) Incremental GC (Collect on allocation) 21.50M->8.50M 1.735ms
[66.144s] GC(1718) Incremental GC (Collect on allocation) 21.50M->8.50M 1.667ms
[66.180s] GC(1719) Incremental GC (Collect on allocation) 21.50M->8.50M 1.655ms
[66.230s] GC(1720) Full GC (Collect on allocation) 21.50M->8.50M 15.913ms
[66.266s] GC(1721) Incremental GC (Collect on allocation) 21.50M->8.50M 1.432ms
[66.301s] GC(1722) Incremental GC (Collect on allocation) 21.50M->8.50M 1.431ms
[66.336s] GC(1723) Incremental GC (Collect on allocation) 21.50M->8.50M 1.370ms
[66.372s] GC(1724) Incremental GC (Collect on allocation) 21.50M->8.50M 1.380ms
[66.407s] GC(1725) Incremental GC (Collect on allocation) 21.50M->8.50M 1.581ms
[66.442s] GC(1726) Incremental GC (Collect on allocation) 21.50M->8.50M 1.414ms
[66.477s] GC(1727) Incremental GC (Collect on allocation) 21.50M->8.50M 1.509ms
[66.513s] GC(1728) Incremental GC (Collect on allocation) 21.50M->8.50M 1.480ms
[66.548s] GC(1729) Incremental GC (Collect on allocation) 21.50M->8.50M 1.461ms
[66.584s] GC(1730) Incremental GC (Collect on allocation) 21.50M->8.50M 1.523ms
[66.619s] GC(1731) Incremental GC (Collect on allocation) 21.50M->8.50M 1.586ms
[66.655s] GC(1732) Incremental GC (Collect on allocation) 21.50M->8.50M 1.561ms
[66.691s] GC(1733) Incremental GC (Collect on allocation) 21.50M->8.50M 1.658ms
[66.727s] GC(1734) Incremental GC (Collect on allocation) 22.00M->8.50M 1.640ms
[66.762s] GC(1735) Incremental GC (Collect on allocation) 21.50M->8.50M 1.683ms
[66.798s] GC(1736) Incremental GC (Collect on allocation) 21.50M->8.50M 1.630ms
[66.834s] GC(1737) Incremental GC (Collect on allocation) 21.50M->8.50M 1.647ms
[66.884s] GC(1738) Full GC (Collect on allocation) 21.50M->8.50M 15.620ms
[66.919s] GC(1739) Incremental GC (Collect on allocation) 21.50M->8.50M 1.441ms
[66.954s] GC(1740) Incremental GC (Collect on allocation) 21.50M->8.50M 1.345ms
[66.989s] GC(1741) Incremental GC (Collect on allocation) 21.50M->8.50M 1.395ms
[67.025s] GC(1742) Incremental GC (Collect on allocation) 21.50M->8.50M 1.335ms
[67.060s] GC(1743) Incremental GC (Collect on allocation) 21.50M->8.50M 1.388ms
[67.095s] GC(1744) Incremental GC (Collect on allocation) 21.50M->8.50M 1.416ms
[67.130s] GC(1745) Incremental GC (Collect on allocation) 21.50M->8.50M 1.460ms
[67.165s] GC(1746) Incremental GC (Collect on allocation) 21.50M->8.50M 1.471ms
[67.200s] GC(1747) Incremental GC (Collect on allocation) 21.50M->8.50M 1.460ms
[67.236s] GC(1748) Incremental GC (Collect on allocation) 21.50M->8.50M 1.562ms
[67.271s] GC(1749) Incremental GC (Collect on allocation) 21.50M->8.50M 1.560ms
[67.306s] GC(1750) Incremental GC (Collect on allocation) 21.50M->8.50M 1.549ms
[67.341s] GC(1751) Incremental GC (Collect on allocation) 21.50M->8.50M 1.608ms
[67.377s] GC(1752) Incremental GC (Collect on allocation) 21.50M->8.50M 1.512ms
[67.413s] GC(1753) Incremental GC (Collect on allocation) 21.50M->8.50M 1.604ms
[67.448s] GC(1754) Incremental GC (Collect on allocation) 21.50M->8.50M 1.560ms
[67.484s] GC(1755) Incremental GC (Collect on allocation) 21.50M->8.50M 1.621ms
[67.534s] GC(1756) Full GC (Collect on allocation) 21.50M->8.50M 15.617ms
[67.570s] GC(1757) Incremental GC (Collect on allocation) 21.50M->8.50M 1.485ms
[67.605s] GC(1758) Incremental GC (Collect on allocation) 21.50M->8.50M 1.348ms
[67.641s] GC(1759) Incremental GC (Collect on allocation) 21.50M->8.50M 1.418ms
[67.676s] GC(1760) Incremental GC (Collect on allocation) 21.50M->8.50M 1.418ms
[67.711s] GC(1761) Incremental GC (Collect on allocation) 21.50M->8.50M 1.435ms
[67.746s] GC(1762) Incremental GC (Collect on allocation) 21.50M->8.50M 1.484ms
[67.782s] GC(1763) Incremental GC (Collect on allocation) 21.50M->8.50M 1.409ms
[67.817s] GC(1764) Incremental GC (Collect on allocation) 21.50M->8.50M 1.451ms
[67.852s] GC(1765) Incremental GC (Collect on allocation) 21.50M->8.50M 1.585ms
[67.888s] GC(1766) Incremental GC (Collect on allocation) 21.50M->8.50M 1.592ms
[67.924s] GC(1767) Incremental GC (Collect on allocation) 21.50M->8.50M 1.594ms
[67.959s] GC(1768) Incremental GC (Collect on allocation) 21.50M->8.50M 1.590ms
[67.994s] GC(1769) Incremental GC (Collect on allocation) 21.50M->8.50M 1.561ms
[68.030s] GC(1770) Incremental GC (Collect on allocation) 21.50M->8.50M 1.574ms
[68.066s] GC(1771) Incremental GC (Collect on allocation) 21.50M->8.50M 1.725ms
[68.102s] GC(1772) Incremental GC (Collect on allocation) 21.50M->8.50M 1.806ms
[68.137s] GC(1773) Incremental GC (Collect on allocation) 21.50M->8.50M 1.644ms
[68.187s] GC(1774) Full GC (Collect on allocation) 21.50M->8.50M 15.808ms
[68.223s] GC(1775) Incremental GC (Collect on allocation) 21.50M->8.50M 1.413ms
[68.258s] GC(1776) Incremental GC (Collect on allocation) 21.50M->8.50M 1.373ms
[68.294s] GC(1777) Incremental GC (Collect on allocation) 21.50M->8.50M 1.445ms
[68.329s] GC(1778) Incremental GC (Collect on allocation) 21.50M->8.50M 1.390ms
[68.365s] GC(1779) Incremental GC (Collect on allocation) 21.50M->8.50M 1.474ms
[68.400s] GC(1780) Incremental GC (Collect on allocation) 21.50M->8.50M 1.448ms
[68.436s] GC(1781) Incremental GC (Collect on allocation) 21.50M->8.50M 1.478ms
[68.471s] GC(1782) Incremental GC (Collect on allocation) 21.50M->8.50M 1.549ms
[68.506s] GC(1783) Incremental GC (Collect on allocation) 21.50M->8.50M 1.533ms
[68.542s] GC(1784) Incremental GC (Collect on allocation) 21.50M->8.50M 1.535ms
[68.577s] GC(1785) Incremental GC (Collect on allocation) 21.50M->8.50M 1.595ms
[68.613s] GC(1786) Incremental GC (Collect on allocation) 21.50M->8.50M 1.709ms
[68.649s] GC(1787) Incremental GC (Collect on allocation) 21.50M->8.50M 1.625ms
[68.685s] GC(1788) Incremental GC (Collect on allocation) 21.50M->8.50M 1.631ms
[68.720s] GC(1789) Incremental GC (Collect on allocation) 21.50M->8.50M 1.707ms
[68.756s] GC(1790) Incremental GC (Collect on allocation) 21.50M->8.50M 1.662ms
[68.807s] GC(1791) Full GC (Collect on allocation) 21.50M->8.50M 16.491ms
[68.842s] GC(1792) Incremental GC (Collect on allocation) 21.50M->8.50M 1.349ms
[68.877s] GC(1793) Incremental GC (Collect on allocation) 21.50M->8.50M 1.256ms
[68.912s] GC(1794) Incremental GC (Collect on allocation) 21.50M->8.50M 1.419ms
[68.947s] GC(1795) Incremental GC (Collect on allocation) 21.50M->8.50M 1.297ms
[68.982s] GC(1796) Incremental GC (Collect on allocation) 21.50M->8.50M 1.347ms
[69.017s] GC(1797) Incremental GC (Collect on allocation) 21.50M->8.50M 1.493ms
[69.052s] GC(1798) Incremental GC (Collect on allocation) 21.50M->8.50M 1.333ms
[69.087s] GC(1799) Incremental GC (Collect on allocation) 21.50M->8.50M 1.431ms
[69.123s] GC(1800) Incremental GC (Collect on allocation) 21.50M->8.50M 1.517ms
[69.158s] GC(1801) Incremental GC (Collect on allocation) 21.00M->8.50M 1.462ms
[69.193s] GC(1802) Incremental GC (Collect on allocation) 20.50M->8.50M 1.542ms
[69.228s] GC(1803) Incremental GC (Collect on allocation) 21.50M->8.50M 1.531ms
[69.264s] GC(1804) Incremental GC (Collect on allocation) 21.50M->8.50M 1.516ms
[69.299s] GC(1805) Incremental GC (Collect on allocation) 21.00M->8.50M 1.494ms
[69.334s] GC(1806) Incremental GC (Collect on allocation) 21.50M->8.50M 1.716ms
[69.370s] GC(1807) Incremental GC (Collect on allocation) 21.00M->8.50M 1.566ms
[69.405s] GC(1808) Incremental GC (Collect on allocation) 20.50M->8.50M 1.565ms
[69.441s] GC(1809) Incremental GC (Collect on allocation) 21.50M->8.50M 1.577ms
[69.490s] GC(1810) Full GC (Collect on allocation) 21.00M->8.50M 15.695ms
[69.526s] GC(1811) Incremental GC (Collect on allocation) 21.50M->8.50M 1.520ms
[69.562s] GC(1812) Incremental GC (Collect on allocation) 21.50M->8.50M 1.316ms
[69.597s] GC(1813) Incremental GC (Collect on allocation) 21.50M->8.50M 1.360ms
[69.633s] GC(1814) Incremental GC (Collect on allocation) 21.50M->8.50M 1.500ms
[69.668s] GC(1815) Incremental GC (Collect on allocation) 21.50M->8.50M 1.387ms
[69.703s] GC(1816) Incremental GC (Collect on allocation) 21.50M->8.50M 1.467ms
[69.738s] GC(1817) Incremental GC (Collect on allocation) 21.50M->8.50M 1.460ms
[69.773s] GC(1818) Incremental GC (Collect on allocation) 21.50M->8.50M 1.416ms
[69.808s] GC(1819) Incremental GC (Collect on allocation) 21.50M->8.50M 1.513ms
[69.844s] GC(1820) Incremental GC (Collect on allocation) 21.50M->8.50M 1.478ms
[69.880s] GC(1821) Incremental GC (Collect on allocation) 21.50M->8.50M 1.609ms
[69.915s] GC(1822) Incremental GC (Collect on allocation) 21.50M->8.50M 1.585ms
[69.950s] GC(1823) Incremental GC (Collect on allocation) 21.50M->8.50M 1.489ms
[69.986s] GC(1824) Incremental GC (Collect on allocation) 21.50M->8.50M 1.552ms
[70.022s] GC(1825) Incremental GC (Collect on allocation) 21.50M->8.50M 1.655ms
[70.057s] GC(1826) Incremental GC (Collect on allocation) 21.50M->8.50M 1.661ms
[70.093s] GC(1827) Incremental GC (Collect on allocation) 21.50M->8.50M 1.669ms
[70.143s] GC(1828) Full GC (Collect on allocation) 21.00M->8.50M 15.913ms
[70.178s] GC(1829) Incremental GC (Collect on allocation) 21.50M->8.50M 1.414ms
[70.214s] GC(1830) Incremental GC (Collect on allocation) 21.50M->8.50M 1.323ms
[70.249s] GC(1831) Incremental GC (Collect on allocation) 21.50M->8.50M 1.405ms
[70.284s] GC(1832) Incremental GC (Collect on allocation) 21.50M->8.50M 1.386ms
[70.319s] GC(1833) Incremental GC (Collect on allocation) 21.50M->8.50M 1.456ms
[70.355s] GC(1834) Incremental GC (Collect on allocation) 21.50M->8.50M 1.491ms
[70.390s] GC(1835) Incremental GC (Collect on allocation) 21.50M->8.50M 1.423ms
[70.426s] GC(1836) Incremental GC (Collect on allocation) 21.50M->8.50M 1.438ms
[70.461s] GC(1837) Incremental GC (Collect on allocation) 21.50M->8.50M 1.484ms
[70.497s] GC(1838) Incremental GC (Collect on allocation) 21.50M->8.50M 1.583ms
[70.532s] GC(1839) Incremental GC (Collect on allocation) 21.50M->8.50M 1.572ms
[70.568s] GC(1840) Incremental GC (Collect on allocation) 21.50M->8.50M 1.542ms
[70.604s] GC(1841) Incremental GC (Collect on allocation) 21.50M->8.50M 1.573ms
[70.639s] GC(1842) Incremental GC (Collect on allocation) 21.50M->8.50M 1.618ms
[70.675s] GC(1843) Incremental GC (Collect on allocation) 21.50M->8.50M 1.586ms
[70.711s] GC(1844) Incremental GC (Collect on allocation) 21.50M->8.50M 1.731ms
[70.747s] GC(1845) Incremental GC (Collect on allocation) 21.50M->8.50M 1.772ms
[70.798s] GC(1846) Full GC (Collect on allocation) 21.50M->8.50M 16.141ms
[70.833s] GC(1847) Incremental GC (Collect on allocation) 21.50M->8.50M 1.487ms
[70.869s] GC(1848) Incremental GC (Collect on allocation) 21.50M->8.50M 1.317ms
[70.904s] GC(1849) Incremental GC (Collect on allocation) 21.50M->8.50M 1.358ms
[70.939s] GC(1850) Incremental GC (Collect on allocation) 21.50M->8.50M 1.377ms
[70.975s] GC(1851) Incremental GC (Collect on allocation) 21.50M->8.50M 1.431ms
[71.010s] GC(1852) Incremental GC (Collect on allocation) 21.50M->8.50M 1.424ms
[71.045s] GC(1853) Incremental GC (Collect on allocation) 21.50M->8.50M 1.456ms
[71.080s] GC(1854) Incremental GC (Collect on allocation) 21.50M->8.50M 1.499ms
[71.116s] GC(1855) Incremental GC (Collect on allocation) 21.50M->8.50M 1.458ms
[71.151s] GC(1856) Incremental GC (Collect on allocation) 21.50M->8.50M 1.586ms
[71.187s] GC(1857) Incremental GC (Collect on allocation) 21.50M->8.50M 1.636ms
[71.223s] GC(1858) Incremental GC (Collect on allocation) 21.50M->8.50M 1.553ms
[71.258s] GC(1859) Incremental GC (Collect on allocation) 21.50M->8.50M 1.580ms
[71.294s] GC(1860) Incremental GC (Collect on allocation) 21.50M->8.50M 1.542ms
[71.330s] GC(1861) Incremental GC (Collect on allocation) 21.50M->8.50M 1.627ms
[71.369s] GC(1862) Incremental GC (Collect on allocation) 21.50M->8.50M 1.919ms
