[0.005s][info][gc,init] CardTable entry size: 512
[0.005s][info][gc     ] Using Parallel
[0.010s][info][gc,init] Version: 21+35-LTS (release)
[0.010s][info][gc,init] CPUs: 12 total, 12 available
[0.010s][info][gc,init] Memory: 65536M
[0.010s][info][gc,init] Large Page Support: Disabled
[0.010s][info][gc,init] NUMA Support: Disabled
[0.010s][info][gc,init] Compressed Oops: Enabled (Zero based)
[0.010s][info][gc,init] Alignments: Space 512K, Generation 512K, Heap 8M
[0.010s][info][gc,init] Heap Min Capacity: 8G
[0.010s][info][gc,init] Heap Initial Capacity: 8G
[0.010s][info][gc,init] Heap Max Capacity: 8G
[0.010s][info][gc,init] Pre-touch: Disabled
[0.010s][info][gc,init] Parallel Workers: 10
[0.015s][info][gc,metaspace] CDS archive(s) mapped at: [0x0000007000000000-0x0000007000ca4000-0x0000007000ca4000), size 13254656, SharedBaseAddress: 0x0000007000000000, ArchiveRelocationMode: 1.
[0.015s][info][gc,metaspace] Compressed class space mapped at: 0x0000007001000000-0x0000007041000000, reserved size: 1073741824
[0.015s][info][gc,metaspace] Narrow klass base: 0x0000007000000000, Narrow klass shift: 0, Narrow klass range: 0x100000000
[0.030s][info][gc,start    ] GC(0) Pause Young (System.gc())
[0.030s][info][gc,heap     ] GC(0) PSYoungGen: 125859K(2446848K)->336K(2446848K) Eden: 125859K(2097664K)->0K(2097664K) From: 0K(349184K)->336K(349184K)
[0.030s][info][gc,heap     ] GC(0) ParOldGen: 1036K(5592576K)->1044K(5592576K)
[0.030s][info][gc,metaspace] GC(0) Metaspace: 336K(512K)->336K(512K) NonClass: 303K(384K)->303K(384K) Class: 33K(128K)->33K(128K)
[0.030s][info][gc          ] GC(0) Pause Young (System.gc()) 123M->1M(7851M) 0.544ms
[0.030s][info][gc,cpu      ] GC(0) User=0.01s Sys=0.00s Real=0.00s
[0.031s][info][gc,start    ] GC(1) Pause Full (System.gc())
[0.031s][info][gc,phases,start] GC(1) Marking Phase
[0.032s][info][gc,phases      ] GC(1) Marking Phase 1.715ms
[0.032s][info][gc,phases,start] GC(1) Summary Phase
[0.032s][info][gc,phases      ] GC(1) Summary Phase 0.007ms
[0.032s][info][gc,phases,start] GC(1) Adjust Roots
[0.032s][info][gc,phases      ] GC(1) Adjust Roots 0.139ms
[0.032s][info][gc,phases,start] GC(1) Compaction Phase
[0.034s][info][gc,phases      ] GC(1) Compaction Phase 1.257ms
[0.034s][info][gc,phases,start] GC(1) Post Compact
[0.034s][info][gc,phases      ] GC(1) Post Compact 0.279ms
[0.034s][info][gc,heap        ] GC(1) PSYoungGen: 336K(2446848K)->0K(2446848K) Eden: 0K(2097664K)->0K(2097664K) From: 336K(349184K)->0K(349184K)
[0.034s][info][gc,heap        ] GC(1) ParOldGen: 1044K(5592576K)->1120K(5592576K)
[0.034s][info][gc,metaspace   ] GC(1) Metaspace: 336K(512K)->336K(512K) NonClass: 303K(384K)->303K(384K) Class: 33K(128K)->33K(128K)
[0.034s][info][gc             ] GC(1) Pause Full (System.gc()) 1M->1M(7851M) 3.477ms
[0.034s][info][gc,cpu         ] GC(1) User=0.01s Sys=0.00s Real=0.00s
[0.492s][info][gc,start       ] GC(2) Pause Young (System.gc())
[0.492s][info][gc,heap        ] GC(2) PSYoungGen: 41953K(2446848K)->160K(2446848K) Eden: 41953K(2097664K)->0K(2097664K) From: 0K(349184K)->160K(349184K)
[0.492s][info][gc,heap        ] GC(2) ParOldGen: 1120K(5592576K)->1120K(5592576K)
[0.492s][info][gc,metaspace   ] GC(2) Metaspace: 353K(512K)->353K(512K) NonClass: 315K(384K)->315K(384K) Class: 37K(128K)->37K(128K)
[0.492s][info][gc             ] GC(2) Pause Young (System.gc()) 42M->1M(7851M) 0.641ms
[0.492s][info][gc,cpu         ] GC(2) User=0.00s Sys=0.00s Real=0.00s
[0.493s][info][gc,start       ] GC(3) Pause Full (System.gc())
[0.493s][info][gc,phases,start] GC(3) Marking Phase
[0.494s][info][gc,phases      ] GC(3) Marking Phase 1.774ms
[0.494s][info][gc,phases,start] GC(3) Summary Phase
[0.494s][info][gc,phases      ] GC(3) Summary Phase 0.025ms
[0.494s][info][gc,phases,start] GC(3) Adjust Roots
[0.495s][info][gc,phases      ] GC(3) Adjust Roots 0.199ms
[0.495s][info][gc,phases,start] GC(3) Compaction Phase
[0.496s][info][gc,phases      ] GC(3) Compaction Phase 1.666ms
[0.496s][info][gc,phases,start] GC(3) Post Compact
[0.497s][info][gc,phases      ] GC(3) Post Compact 0.558ms
[0.497s][info][gc,heap        ] GC(3) PSYoungGen: 160K(2446848K)->0K(2446848K) Eden: 0K(2097664K)->0K(2097664K) From: 160K(349184K)->0K(349184K)
[0.497s][info][gc,heap        ] GC(3) ParOldGen: 1120K(5592576K)->1124K(5592576K)
[0.497s][info][gc,metaspace   ] GC(3) Metaspace: 353K(512K)->353K(512K) NonClass: 315K(384K)->315K(384K) Class: 37K(128K)->37K(128K)
[0.497s][info][gc             ] GC(3) Pause Full (System.gc()) 1M->1M(7851M) 4.516ms
[0.497s][info][gc,cpu         ] GC(3) User=0.01s Sys=0.01s Real=0.01s
[0.956s][info][gc,start       ] GC(4) Pause Young (System.gc())
[0.956s][info][gc,heap        ] GC(4) PSYoungGen: 41953K(2446848K)->96K(2446848K) Eden: 41953K(2097664K)->0K(2097664K) From: 0K(349184K)->96K(349184K)
[0.956s][info][gc,heap        ] GC(4) ParOldGen: 1124K(5592576K)->1124K(5592576K)
[0.956s][info][gc,metaspace   ] GC(4) Metaspace: 358K(512K)->358K(512K) NonClass: 319K(384K)->319K(384K) Class: 38K(128K)->38K(128K)
[0.956s][info][gc             ] GC(4) Pause Young (System.gc()) 42M->1M(7851M) 0.509ms
[0.956s][info][gc,cpu         ] GC(4) User=0.01s Sys=0.00s Real=0.00s
[0.956s][info][gc,start       ] GC(5) Pause Full (System.gc())
[0.956s][info][gc,phases,start] GC(5) Marking Phase
[0.959s][info][gc,phases      ] GC(5) Marking Phase 2.341ms
[0.959s][info][gc,phases,start] GC(5) Summary Phase
[0.959s][info][gc,phases      ] GC(5) Summary Phase 0.016ms
[0.959s][info][gc,phases,start] GC(5) Adjust Roots
[0.959s][info][gc,phases      ] GC(5) Adjust Roots 0.186ms
[0.959s][info][gc,phases,start] GC(5) Compaction Phase
[0.960s][info][gc,phases      ] GC(5) Compaction Phase 1.358ms
[0.960s][info][gc,phases,start] GC(5) Post Compact
[0.961s][info][gc,phases      ] GC(5) Post Compact 0.514ms
[0.961s][info][gc,heap        ] GC(5) PSYoungGen: 96K(2446848K)->0K(2446848K) Eden: 0K(2097664K)->0K(2097664K) From: 96K(349184K)->0K(349184K)
[0.961s][info][gc,heap        ] GC(5) ParOldGen: 1124K(5592576K)->1123K(5592576K)
[0.961s][info][gc,metaspace   ] GC(5) Metaspace: 358K(512K)->353K(512K) NonClass: 319K(384K)->316K(384K) Class: 38K(128K)->36K(128K)
[0.961s][info][gc             ] GC(5) Pause Full (System.gc()) 1M->1M(7851M) 4.613ms
[0.961s][info][gc,cpu         ] GC(5) User=0.00s Sys=0.00s Real=0.00s
[1.415s][info][gc,start       ] GC(6) Pause Young (System.gc())
[1.415s][info][gc,heap        ] GC(6) PSYoungGen: 41953K(2446848K)->224K(2446848K) Eden: 41953K(2097664K)->0K(2097664K) From: 0K(349184K)->224K(349184K)
[1.415s][info][gc,heap        ] GC(6) ParOldGen: 1123K(5592576K)->1123K(5592576K)
[1.415s][info][gc,metaspace   ] GC(6) Metaspace: 358K(512K)->358K(512K) NonClass: 320K(384K)->320K(384K) Class: 38K(128K)->38K(128K)
[1.415s][info][gc             ] GC(6) Pause Young (System.gc()) 42M->1M(7851M) 0.340ms
[1.415s][info][gc,cpu         ] GC(6) User=0.01s Sys=0.00s Real=0.00s
[1.415s][info][gc,start       ] GC(7) Pause Full (System.gc())
[1.415s][info][gc,phases,start] GC(7) Marking Phase
[1.418s][info][gc,phases      ] GC(7) Marking Phase 3.279ms
[1.418s][info][gc,phases,start] GC(7) Summary Phase
[1.418s][info][gc,phases      ] GC(7) Summary Phase 0.008ms
[1.418s][info][gc,phases,start] GC(7) Adjust Roots
[1.419s][info][gc,phases      ] GC(7) Adjust Roots 0.160ms
[1.419s][info][gc,phases,start] GC(7) Compaction Phase
[1.420s][info][gc,phases      ] GC(7) Compaction Phase 1.228ms
[1.420s][info][gc,phases,start] GC(7) Post Compact
[1.420s][info][gc,phases      ] GC(7) Post Compact 0.521ms
[1.420s][info][gc,heap        ] GC(7) PSYoungGen: 224K(2446848K)->0K(2446848K) Eden: 0K(2097664K)->0K(2097664K) From: 224K(349184K)->0K(349184K)
[1.420s][info][gc,heap        ] GC(7) ParOldGen: 1123K(5592576K)->1124K(5592576K)
[1.420s][info][gc,metaspace   ] GC(7) Metaspace: 358K(512K)->356K(512K) NonClass: 320K(384K)->319K(384K) Class: 38K(128K)->37K(128K)
[1.420s][info][gc             ] GC(7) Pause Full (System.gc()) 1M->1M(7851M) 5.308ms
[1.420s][info][gc,cpu         ] GC(7) User=0.02s Sys=0.00s Real=0.01s
[1.877s][info][gc,start       ] GC(8) Pause Young (System.gc())
[1.877s][info][gc,heap        ] GC(8) PSYoungGen: 41953K(2446848K)->160K(2446848K) Eden: 41953K(2097664K)->0K(2097664K) From: 0K(349184K)->160K(349184K)
[1.877s][info][gc,heap        ] GC(8) ParOldGen: 1124K(5592576K)->1124K(5592576K)
[1.877s][info][gc,metaspace   ] GC(8) Metaspace: 361K(512K)->361K(512K) NonClass: 322K(384K)->322K(384K) Class: 38K(128K)->38K(128K)
[1.877s][info][gc             ] GC(8) Pause Young (System.gc()) 42M->1M(7851M) 0.272ms
[1.877s][info][gc,cpu         ] GC(8) User=0.00s Sys=0.01s Real=0.00s
[1.878s][info][gc,start       ] GC(9) Pause Full (System.gc())
[1.878s][info][gc,phases,start] GC(9) Marking Phase
[1.880s][info][gc,phases      ] GC(9) Marking Phase 2.061ms
[1.880s][info][gc,phases,start] GC(9) Summary Phase
[1.880s][info][gc,phases      ] GC(9) Summary Phase 0.014ms
[1.880s][info][gc,phases,start] GC(9) Adjust Roots
[1.880s][info][gc,phases      ] GC(9) Adjust Roots 0.112ms
[1.880s][info][gc,phases,start] GC(9) Compaction Phase
[1.881s][info][gc,phases      ] GC(9) Compaction Phase 0.813ms
[1.881s][info][gc,phases,start] GC(9) Post Compact
[1.881s][info][gc,phases      ] GC(9) Post Compact 0.574ms
[1.881s][info][gc,heap        ] GC(9) PSYoungGen: 160K(2446848K)->0K(2446848K) Eden: 0K(2097664K)->0K(2097664K) From: 160K(349184K)->0K(349184K)
[1.881s][info][gc,heap        ] GC(9) ParOldGen: 1124K(5592576K)->1125K(5592576K)
[1.881s][info][gc,metaspace   ] GC(9) Metaspace: 361K(512K)->358K(512K) NonClass: 322K(384K)->320K(384K) Class: 38K(128K)->37K(128K)
[1.881s][info][gc             ] GC(9) Pause Full (System.gc()) 1M->1M(7851M) 3.816ms
[1.881s][info][gc,cpu         ] GC(9) User=0.01s Sys=0.00s Real=0.00s
[2.338s][info][gc,start       ] GC(10) Pause Young (System.gc())
[2.338s][info][gc,heap        ] GC(10) PSYoungGen: 41953K(2446848K)->96K(2446848K) Eden: 41953K(2097664K)->0K(2097664K) From: 0K(349184K)->96K(349184K)
[2.338s][info][gc,heap        ] GC(10) ParOldGen: 1125K(5592576K)->1125K(5592576K)
[2.338s][info][gc,metaspace   ] GC(10) Metaspace: 363K(512K)->363K(512K) NonClass: 324K(384K)->324K(384K) Class: 39K(128K)->39K(128K)
[2.338s][info][gc             ] GC(10) Pause Young (System.gc()) 42M->1M(7851M) 0.655ms
[2.338s][info][gc,cpu         ] GC(10) User=0.00s Sys=0.00s Real=0.00s
[2.338s][info][gc,start       ] GC(11) Pause Full (System.gc())
[2.338s][info][gc,phases,start] GC(11) Marking Phase
[2.341s][info][gc,phases      ] GC(11) Marking Phase 2.029ms
[2.341s][info][gc,phases,start] GC(11) Summary Phase
[2.341s][info][gc,phases      ] GC(11) Summary Phase 0.021ms
[2.341s][info][gc,phases,start] GC(11) Adjust Roots
[2.341s][info][gc,phases      ] GC(11) Adjust Roots 0.177ms
[2.341s][info][gc,phases,start] GC(11) Compaction Phase
[2.342s][info][gc,phases      ] GC(11) Compaction Phase 1.013ms
[2.342s][info][gc,phases,start] GC(11) Post Compact
[2.343s][info][gc,phases      ] GC(11) Post Compact 0.533ms
[2.343s][info][gc,heap        ] GC(11) PSYoungGen: 96K(2446848K)->0K(2446848K) Eden: 0K(2097664K)->0K(2097664K) From: 96K(349184K)->0K(349184K)
[2.343s][info][gc,heap        ] GC(11) ParOldGen: 1125K(5592576K)->1128K(5592576K)
[2.343s][info][gc,metaspace   ] GC(11) Metaspace: 363K(512K)->363K(512K) NonClass: 324K(384K)->324K(384K) Class: 39K(128K)->39K(128K)
[2.343s][info][gc             ] GC(11) Pause Full (System.gc()) 1M->1M(7851M) 4.211ms
[2.343s][info][gc,cpu         ] GC(11) User=0.01s Sys=0.00s Real=0.00s
[2.801s][info][gc,start       ] GC(12) Pause Young (System.gc())
[2.801s][info][gc,heap        ] GC(12) PSYoungGen: 41953K(2446848K)->128K(2446848K) Eden: 41953K(2097664K)->0K(2097664K) From: 0K(349184K)->128K(349184K)
[2.801s][info][gc,heap        ] GC(12) ParOldGen: 1128K(5592576K)->1128K(5592576K)
[2.801s][info][gc,metaspace   ] GC(12) Metaspace: 368K(512K)->368K(512K) NonClass: 327K(384K)->327K(384K) Class: 40K(128K)->40K(128K)
[2.801s][info][gc             ] GC(12) Pause Young (System.gc()) 42M->1M(7851M) 0.600ms
[2.801s][info][gc,cpu         ] GC(12) User=0.00s Sys=0.00s Real=0.00s
[2.802s][info][gc,start       ] GC(13) Pause Full (System.gc())
[2.802s][info][gc,phases,start] GC(13) Marking Phase
[2.803s][info][gc,phases      ] GC(13) Marking Phase 1.843ms
[2.804s][info][gc,phases,start] GC(13) Summary Phase
[2.804s][info][gc,phases      ] GC(13) Summary Phase 0.024ms
[2.804s][info][gc,phases,start] GC(13) Adjust Roots
[2.804s][info][gc,phases      ] GC(13) Adjust Roots 0.174ms
[2.804s][info][gc,phases,start] GC(13) Compaction Phase
[2.805s][info][gc,phases      ] GC(13) Compaction Phase 1.109ms
[2.805s][info][gc,phases,start] GC(13) Post Compact
[2.805s][info][gc,phases      ] GC(13) Post Compact 0.546ms
[2.806s][info][gc,heap        ] GC(13) PSYoungGen: 128K(2446848K)->0K(2446848K) Eden: 0K(2097664K)->0K(2097664K) From: 128K(349184K)->0K(349184K)
[2.806s][info][gc,heap        ] GC(13) ParOldGen: 1128K(5592576K)->1131K(5592576K)
[2.806s][info][gc,metaspace   ] GC(13) Metaspace: 368K(512K)->368K(512K) NonClass: 327K(384K)->327K(384K) Class: 40K(128K)->40K(128K)
[2.806s][info][gc             ] GC(13) Pause Full (System.gc()) 1M->1M(7851M) 4.086ms
[2.806s][info][gc,cpu         ] GC(13) User=0.01s Sys=0.00s Real=0.01s
[3.260s][info][gc,start       ] GC(14) Pause Young (System.gc())
[3.260s][info][gc,heap        ] GC(14) PSYoungGen: 41953K(2446848K)->96K(2446848K) Eden: 41953K(2097664K)->0K(2097664K) From: 0K(349184K)->96K(349184K)
[3.260s][info][gc,heap        ] GC(14) ParOldGen: 1131K(5592576K)->1131K(5592576K)
[3.260s][info][gc,metaspace   ] GC(14) Metaspace: 373K(576K)->373K(576K) NonClass: 330K(448K)->330K(448K) Class: 42K(128K)->42K(128K)
[3.260s][info][gc             ] GC(14) Pause Young (System.gc()) 42M->1M(7851M) 0.424ms
[3.260s][info][gc,cpu         ] GC(14) User=0.00s Sys=0.00s Real=0.00s
[3.260s][info][gc,start       ] GC(15) Pause Full (System.gc())
[3.260s][info][gc,phases,start] GC(15) Marking Phase
[3.264s][info][gc,phases      ] GC(15) Marking Phase 4.227ms
[3.264s][info][gc,phases,start] GC(15) Summary Phase
[3.264s][info][gc,phases      ] GC(15) Summary Phase 0.017ms
[3.264s][info][gc,phases,start] GC(15) Adjust Roots
[3.265s][info][gc,phases      ] GC(15) Adjust Roots 0.195ms
[3.265s][info][gc,phases,start] GC(15) Compaction Phase
[3.266s][info][gc,phases      ] GC(15) Compaction Phase 1.127ms
[3.266s][info][gc,phases,start] GC(15) Post Compact
[3.266s][info][gc,phases      ] GC(15) Post Compact 0.562ms
[3.266s][info][gc,heap        ] GC(15) PSYoungGen: 96K(2446848K)->0K(2446848K) Eden: 0K(2097664K)->0K(2097664K) From: 96K(349184K)->0K(349184K)
[3.266s][info][gc,heap        ] GC(15) ParOldGen: 1131K(5592576K)->1134K(5592576K)
[3.266s][info][gc,metaspace   ] GC(15) Metaspace: 373K(576K)->373K(576K) NonClass: 330K(448K)->330K(448K) Class: 42K(128K)->42K(128K)
[3.266s][info][gc             ] GC(15) Pause Full (System.gc()) 1M->1M(7851M) 6.336ms
[3.266s][info][gc,cpu         ] GC(15) User=0.01s Sys=0.00s Real=0.01s
[3.724s][info][gc,start       ] GC(16) Pause Young (System.gc())
[3.724s][info][gc,heap        ] GC(16) PSYoungGen: 41953K(2446848K)->128K(2446848K) Eden: 41953K(2097664K)->0K(2097664K) From: 0K(349184K)->128K(349184K)
[3.724s][info][gc,heap        ] GC(16) ParOldGen: 1134K(5592576K)->1134K(5592576K)
[3.724s][info][gc,metaspace   ] GC(16) Metaspace: 380K(576K)->380K(576K) NonClass: 336K(448K)->336K(448K) Class: 44K(128K)->44K(128K)
[3.724s][info][gc             ] GC(16) Pause Young (System.gc()) 42M->1M(7851M) 0.436ms
[3.724s][info][gc,cpu         ] GC(16) User=0.00s Sys=0.01s Real=0.00s
[3.724s][info][gc,start       ] GC(17) Pause Full (System.gc())
[3.724s][info][gc,phases,start] GC(17) Marking Phase
[3.727s][info][gc,phases      ] GC(17) Marking Phase 2.566ms
[3.727s][info][gc,phases,start] GC(17) Summary Phase
[3.727s][info][gc,phases      ] GC(17) Summary Phase 0.015ms
[3.727s][info][gc,phases,start] GC(17) Adjust Roots
[3.727s][info][gc,phases      ] GC(17) Adjust Roots 0.233ms
[3.727s][info][gc,phases,start] GC(17) Compaction Phase
[3.729s][info][gc,phases      ] GC(17) Compaction Phase 1.394ms
[3.729s][info][gc,phases,start] GC(17) Post Compact
[3.729s][info][gc,phases      ] GC(17) Post Compact 0.491ms
[3.729s][info][gc,heap        ] GC(17) PSYoungGen: 128K(2446848K)->0K(2446848K) Eden: 0K(2097664K)->0K(2097664K) From: 128K(349184K)->0K(349184K)
[3.729s][info][gc,heap        ] GC(17) ParOldGen: 1134K(5592576K)->1133K(5592576K)
[3.729s][info][gc,metaspace   ] GC(17) Metaspace: 380K(576K)->376K(576K) NonClass: 336K(448K)->334K(448K) Class: 44K(128K)->42K(128K)
[3.729s][info][gc             ] GC(17) Pause Full (System.gc()) 1M->1M(7851M) 4.921ms
[3.729s][info][gc,cpu         ] GC(17) User=0.02s Sys=0.00s Real=0.01s
[4.185s][info][gc,start       ] GC(18) Pause Young (System.gc())
[4.185s][info][gc,heap        ] GC(18) PSYoungGen: 41953K(2446848K)->224K(2446848K) Eden: 41953K(2097664K)->0K(2097664K) From: 0K(349184K)->224K(349184K)
[4.185s][info][gc,heap        ] GC(18) ParOldGen: 1133K(5592576K)->1133K(5592576K)
[4.185s][info][gc,metaspace   ] GC(18) Metaspace: 382K(576K)->382K(576K) NonClass: 337K(448K)->337K(448K) Class: 44K(128K)->44K(128K)
[4.185s][info][gc             ] GC(18) Pause Young (System.gc()) 42M->1M(7851M) 0.279ms
[4.185s][info][gc,cpu         ] GC(18) User=0.00s Sys=0.00s Real=0.01s
[4.185s][info][gc,start       ] GC(19) Pause Full (System.gc())
[4.185s][info][gc,phases,start] GC(19) Marking Phase
[4.187s][info][gc,phases      ] GC(19) Marking Phase 1.919ms
[4.187s][info][gc,phases,start] GC(19) Summary Phase
[4.187s][info][gc,phases      ] GC(19) Summary Phase 0.006ms
[4.187s][info][gc,phases,start] GC(19) Adjust Roots
[4.187s][info][gc,phases      ] GC(19) Adjust Roots 0.091ms
[4.187s][info][gc,phases,start] GC(19) Compaction Phase
[4.188s][info][gc,phases      ] GC(19) Compaction Phase 0.543ms
[4.188s][info][gc,phases,start] GC(19) Post Compact
[4.188s][info][gc,phases      ] GC(19) Post Compact 0.201ms
[4.188s][info][gc,heap        ] GC(19) PSYoungGen: 224K(2446848K)->0K(2446848K) Eden: 0K(2097664K)->0K(2097664K) From: 224K(349184K)->0K(349184K)
[4.188s][info][gc,heap        ] GC(19) ParOldGen: 1133K(5592576K)->1135K(5592576K)
[4.188s][info][gc,metaspace   ] GC(19) Metaspace: 382K(576K)->381K(576K) NonClass: 337K(448K)->337K(448K) Class: 44K(128K)->43K(128K)
[4.188s][info][gc             ] GC(19) Pause Full (System.gc()) 1M->1M(7851M) 2.846ms
[4.188s][info][gc,cpu         ] GC(19) User=0.02s Sys=0.00s Real=0.00s
[4.645s][info][gc,start       ] GC(20) Pause Young (System.gc())
[4.646s][info][gc,heap        ] GC(20) PSYoungGen: 41953K(2446848K)->128K(2446848K) Eden: 41953K(2097664K)->0K(2097664K) From: 0K(349184K)->128K(349184K)
[4.646s][info][gc,heap        ] GC(20) ParOldGen: 1135K(5592576K)->1135K(5592576K)
[4.646s][info][gc,metaspace   ] GC(20) Metaspace: 387K(576K)->387K(576K) NonClass: 342K(448K)->342K(448K) Class: 45K(128K)->45K(128K)
[4.646s][info][gc             ] GC(20) Pause Young (System.gc()) 42M->1M(7851M) 0.450ms
[4.646s][info][gc,cpu         ] GC(20) User=0.00s Sys=0.00s Real=0.00s
[4.646s][info][gc,start       ] GC(21) Pause Full (System.gc())
[4.646s][info][gc,phases,start] GC(21) Marking Phase
[4.649s][info][gc,phases      ] GC(21) Marking Phase 2.839ms
[4.649s][info][gc,phases,start] GC(21) Summary Phase
[4.649s][info][gc,phases      ] GC(21) Summary Phase 0.013ms
[4.649s][info][gc,phases,start] GC(21) Adjust Roots
[4.649s][info][gc,phases      ] GC(21) Adjust Roots 0.208ms
[4.649s][info][gc,phases,start] GC(21) Compaction Phase
[4.650s][info][gc,phases      ] GC(21) Compaction Phase 1.274ms
[4.650s][info][gc,phases,start] GC(21) Post Compact
[4.651s][info][gc,phases      ] GC(21) Post Compact 0.502ms
[4.651s][info][gc,heap        ] GC(21) PSYoungGen: 128K(2446848K)->0K(2446848K) Eden: 0K(2097664K)->0K(2097664K) From: 128K(349184K)->0K(349184K)
[4.651s][info][gc,heap        ] GC(21) ParOldGen: 1135K(5592576K)->1138K(5592576K)
[4.651s][info][gc,metaspace   ] GC(21) Metaspace: 387K(576K)->387K(576K) NonClass: 342K(448K)->342K(448K) Class: 45K(128K)->45K(128K)
[4.651s][info][gc             ] GC(21) Pause Full (System.gc()) 1M->1M(7851M) 4.998ms
[4.651s][info][gc,cpu         ] GC(21) User=0.02s Sys=0.01s Real=0.00s
[5.108s][info][gc,start       ] GC(22) Pause Young (System.gc())
[5.108s][info][gc,heap        ] GC(22) PSYoungGen: 41953K(2446848K)->192K(2446848K) Eden: 41953K(2097664K)->0K(2097664K) From: 0K(349184K)->192K(349184K)
[5.108s][info][gc,heap        ] GC(22) ParOldGen: 1138K(5592576K)->1138K(5592576K)
[5.108s][info][gc,metaspace   ] GC(22) Metaspace: 395K(576K)->395K(576K) NonClass: 348K(448K)->348K(448K) Class: 47K(128K)->47K(128K)
[5.108s][info][gc             ] GC(22) Pause Young (System.gc()) 42M->1M(7851M) 0.409ms
[5.108s][info][gc,cpu         ] GC(22) User=0.00s Sys=0.00s Real=0.00s
[5.108s][info][gc,start       ] GC(23) Pause Full (System.gc())
[5.108s][info][gc,phases,start] GC(23) Marking Phase
[5.112s][info][gc,phases      ] GC(23) Marking Phase 4.177ms
[5.112s][info][gc,phases,start] GC(23) Summary Phase
[5.112s][info][gc,phases      ] GC(23) Summary Phase 0.012ms
[5.112s][info][gc,phases,start] GC(23) Adjust Roots
[5.113s][info][gc,phases      ] GC(23) Adjust Roots 0.194ms
[5.113s][info][gc,phases,start] GC(23) Compaction Phase
[5.114s][info][gc,phases      ] GC(23) Compaction Phase 0.932ms
[5.114s][info][gc,phases,start] GC(23) Post Compact
[5.114s][info][gc,phases      ] GC(23) Post Compact 0.530ms
[5.114s][info][gc,heap        ] GC(23) PSYoungGen: 192K(2446848K)->0K(2446848K) Eden: 0K(2097664K)->0K(2097664K) From: 192K(349184K)->0K(349184K)
[5.114s][info][gc,heap        ] GC(23) ParOldGen: 1138K(5592576K)->1139K(5592576K)
[5.114s][info][gc,metaspace   ] GC(23) Metaspace: 395K(576K)->393K(576K) NonClass: 348K(448K)->347K(448K) Class: 47K(128K)->46K(128K)
[5.114s][info][gc             ] GC(23) Pause Full (System.gc()) 1M->1M(7851M) 6.026ms
[5.114s][info][gc,cpu         ] GC(23) User=0.03s Sys=0.00s Real=0.00s
[5.569s][info][gc,start       ] GC(24) Pause Young (System.gc())
[5.569s][info][gc,heap        ] GC(24) PSYoungGen: 41953K(2446848K)->192K(2446848K) Eden: 41953K(2097664K)->0K(2097664K) From: 0K(349184K)->192K(349184K)
[5.569s][info][gc,heap        ] GC(24) ParOldGen: 1139K(5592576K)->1139K(5592576K)
[5.569s][info][gc,metaspace   ] GC(24) Metaspace: 400K(576K)->400K(576K) NonClass: 352K(448K)->352K(448K) Class: 47K(128K)->47K(128K)
[5.569s][info][gc             ] GC(24) Pause Young (System.gc()) 42M->1M(7851M) 0.418ms
[5.569s][info][gc,cpu         ] GC(24) User=0.00s Sys=0.00s Real=0.00s
[5.569s][info][gc,start       ] GC(25) Pause Full (System.gc())
[5.569s][info][gc,phases,start] GC(25) Marking Phase
[5.571s][info][gc,phases      ] GC(25) Marking Phase 2.016ms
[5.571s][info][gc,phases,start] GC(25) Summary Phase
[5.571s][info][gc,phases      ] GC(25) Summary Phase 0.012ms
[5.571s][info][gc,phases,start] GC(25) Adjust Roots
[5.572s][info][gc,phases      ] GC(25) Adjust Roots 0.182ms
[5.572s][info][gc,phases,start] GC(25) Compaction Phase
[5.573s][info][gc,phases      ] GC(25) Compaction Phase 1.027ms
[5.573s][info][gc,phases,start] GC(25) Post Compact
[5.573s][info][gc,phases      ] GC(25) Post Compact 0.348ms
[5.573s][info][gc,heap        ] GC(25) PSYoungGen: 192K(2446848K)->0K(2446848K) Eden: 0K(2097664K)->0K(2097664K) From: 192K(349184K)->0K(349184K)
[5.573s][info][gc,heap        ] GC(25) ParOldGen: 1139K(5592576K)->1140K(5592576K)
[5.573s][info][gc,metaspace   ] GC(25) Metaspace: 400K(576K)->399K(576K) NonClass: 352K(448K)->352K(448K) Class: 47K(128K)->47K(128K)
[5.573s][info][gc             ] GC(25) Pause Full (System.gc()) 1M->1M(7851M) 3.741ms
[5.573s][info][gc,cpu         ] GC(25) User=0.01s Sys=0.00s Real=0.00s
[6.025s][info][gc,start       ] GC(26) Pause Young (System.gc())
[6.025s][info][gc,heap        ] GC(26) PSYoungGen: 41953K(2446848K)->224K(2446848K) Eden: 41953K(2097664K)->0K(2097664K) From: 0K(349184K)->224K(349184K)
[6.025s][info][gc,heap        ] GC(26) ParOldGen: 1140K(5592576K)->1140K(5592576K)
[6.025s][info][gc,metaspace   ] GC(26) Metaspace: 404K(576K)->404K(576K) NonClass: 355K(448K)->355K(448K) Class: 49K(128K)->49K(128K)
[6.025s][info][gc             ] GC(26) Pause Young (System.gc()) 42M->1M(7851M) 0.300ms
[6.025s][info][gc,cpu         ] GC(26) User=0.00s Sys=0.01s Real=0.00s
[6.025s][info][gc,start       ] GC(27) Pause Full (System.gc())
[6.025s][info][gc,phases,start] GC(27) Marking Phase
[6.029s][info][gc,phases      ] GC(27) Marking Phase 3.431ms
[6.029s][info][gc,phases,start] GC(27) Summary Phase
[6.029s][info][gc,phases      ] GC(27) Summary Phase 0.032ms
[6.029s][info][gc,phases,start] GC(27) Adjust Roots
[6.029s][info][gc,phases      ] GC(27) Adjust Roots 0.208ms
[6.029s][info][gc,phases,start] GC(27) Compaction Phase
[6.030s][info][gc,phases      ] GC(27) Compaction Phase 1.025ms
[6.030s][info][gc,phases,start] GC(27) Post Compact
[6.030s][info][gc,phases      ] GC(27) Post Compact 0.540ms
[6.030s][info][gc,heap        ] GC(27) PSYoungGen: 224K(2446848K)->0K(2446848K) Eden: 0K(2097664K)->0K(2097664K) From: 224K(349184K)->0K(349184K)
[6.030s][info][gc,heap        ] GC(27) ParOldGen: 1140K(5592576K)->1142K(5592576K)
[6.030s][info][gc,metaspace   ] GC(27) Metaspace: 404K(576K)->403K(576K) NonClass: 355K(448K)->355K(448K) Class: 49K(128K)->48K(128K)
[6.031s][info][gc             ] GC(27) Pause Full (System.gc()) 1M->1M(7851M) 5.345ms
[6.031s][info][gc,cpu         ] GC(27) User=0.03s Sys=0.00s Real=0.00s
[6.487s][info][gc,start       ] GC(28) Pause Young (System.gc())
[6.487s][info][gc,heap        ] GC(28) PSYoungGen: 41953K(2446848K)->160K(2446848K) Eden: 41953K(2097664K)->0K(2097664K) From: 0K(349184K)->160K(349184K)
[6.487s][info][gc,heap        ] GC(28) ParOldGen: 1142K(5592576K)->1142K(5592576K)
[6.487s][info][gc,metaspace   ] GC(28) Metaspace: 410K(576K)->410K(576K) NonClass: 360K(448K)->360K(448K) Class: 50K(128K)->50K(128K)
[6.487s][info][gc             ] GC(28) Pause Young (System.gc()) 42M->1M(7851M) 0.466ms
[6.487s][info][gc,cpu         ] GC(28) User=0.00s Sys=0.00s Real=0.00s
[6.487s][info][gc,start       ] GC(29) Pause Full (System.gc())
[6.487s][info][gc,phases,start] GC(29) Marking Phase
[6.490s][info][gc,phases      ] GC(29) Marking Phase 3.185ms
[6.490s][info][gc,phases,start] GC(29) Summary Phase
[6.490s][info][gc,phases      ] GC(29) Summary Phase 0.023ms
[6.490s][info][gc,phases,start] GC(29) Adjust Roots
[6.491s][info][gc,phases      ] GC(29) Adjust Roots 0.239ms
[6.491s][info][gc,phases,start] GC(29) Compaction Phase
[6.492s][info][gc,phases      ] GC(29) Compaction Phase 1.205ms
[6.492s][info][gc,phases,start] GC(29) Post Compact
[6.492s][info][gc,phases      ] GC(29) Post Compact 0.572ms
[6.492s][info][gc,heap        ] GC(29) PSYoungGen: 160K(2446848K)->0K(2446848K) Eden: 0K(2097664K)->0K(2097664K) From: 160K(349184K)->0K(349184K)
[6.492s][info][gc,heap        ] GC(29) ParOldGen: 1142K(5592576K)->1135K(5592576K)
[6.493s][info][gc,metaspace   ] GC(29) Metaspace: 410K(576K)->392K(576K) NonClass: 360K(448K)->349K(448K) Class: 50K(128K)->42K(128K)
[6.493s][info][gc             ] GC(29) Pause Full (System.gc()) 1M->1M(7851M) 5.440ms
[6.493s][info][gc,cpu         ] GC(29) User=0.02s Sys=0.00s Real=0.00s
[6.948s][info][gc,start       ] GC(30) Pause Young (System.gc())
[6.949s][info][gc,heap        ] GC(30) PSYoungGen: 41953K(2446848K)->224K(2446848K) Eden: 41953K(2097664K)->0K(2097664K) From: 0K(349184K)->224K(349184K)
[6.949s][info][gc,heap        ] GC(30) ParOldGen: 1135K(5592576K)->1135K(5592576K)
[6.949s][info][gc,metaspace   ] GC(30) Metaspace: 400K(640K)->400K(640K) NonClass: 356K(512K)->356K(512K) Class: 44K(128K)->44K(128K)
[6.949s][info][gc             ] GC(30) Pause Young (System.gc()) 42M->1M(7851M) 0.273ms
[6.949s][info][gc,cpu         ] GC(30) User=0.00s Sys=0.01s Real=0.00s
[6.949s][info][gc,start       ] GC(31) Pause Full (System.gc())
[6.949s][info][gc,phases,start] GC(31) Marking Phase
[6.951s][info][gc,phases      ] GC(31) Marking Phase 1.969ms
[6.951s][info][gc,phases,start] GC(31) Summary Phase
[6.951s][info][gc,phases      ] GC(31) Summary Phase 0.004ms
[6.951s][info][gc,phases,start] GC(31) Adjust Roots
[6.951s][info][gc,phases      ] GC(31) Adjust Roots 0.129ms
[6.951s][info][gc,phases,start] GC(31) Compaction Phase
[6.951s][info][gc,phases      ] GC(31) Compaction Phase 0.503ms
[6.951s][info][gc,phases,start] GC(31) Post Compact
[6.952s][info][gc,phases      ] GC(31) Post Compact 0.233ms
[6.952s][info][gc,heap        ] GC(31) PSYoungGen: 224K(2446848K)->0K(2446848K) Eden: 0K(2097664K)->0K(2097664K) From: 224K(349184K)->0K(349184K)
[6.952s][info][gc,heap        ] GC(31) ParOldGen: 1135K(5592576K)->1121K(5592576K)
[6.952s][info][gc,metaspace   ] GC(31) Metaspace: 400K(640K)->363K(640K) NonClass: 356K(512K)->327K(512K) Class: 44K(128K)->35K(128K)
[6.952s][info][gc             ] GC(31) Pause Full (System.gc()) 1M->1M(7851M) 2.918ms
[6.952s][info][gc,cpu         ] GC(31) User=0.02s Sys=0.00s Real=0.00s
[7.408s][info][gc,start       ] GC(32) Pause Young (System.gc())
[7.408s][info][gc,heap        ] GC(32) PSYoungGen: 41953K(2446848K)->160K(2446848K) Eden: 41953K(2097664K)->0K(2097664K) From: 0K(349184K)->160K(349184K)
[7.408s][info][gc,heap        ] GC(32) ParOldGen: 1121K(5592576K)->1121K(5592576K)
[7.408s][info][gc,metaspace   ] GC(32) Metaspace: 371K(640K)->371K(640K) NonClass: 334K(512K)->334K(512K) Class: 37K(128K)->37K(128K)
[7.408s][info][gc             ] GC(32) Pause Young (System.gc()) 42M->1M(7851M) 0.302ms
[7.408s][info][gc,cpu         ] GC(32) User=0.00s Sys=0.00s Real=0.00s
[7.408s][info][gc,start       ] GC(33) Pause Full (System.gc())
[7.408s][info][gc,phases,start] GC(33) Marking Phase
[7.411s][info][gc,phases      ] GC(33) Marking Phase 2.827ms
[7.411s][info][gc,phases,start] GC(33) Summary Phase
[7.411s][info][gc,phases      ] GC(33) Summary Phase 0.009ms
[7.411s][info][gc,phases,start] GC(33) Adjust Roots
[7.411s][info][gc,phases      ] GC(33) Adjust Roots 0.133ms
[7.411s][info][gc,phases,start] GC(33) Compaction Phase
[7.412s][info][gc,phases      ] GC(33) Compaction Phase 0.803ms
[7.412s][info][gc,phases,start] GC(33) Post Compact
[7.412s][info][gc,phases      ] GC(33) Post Compact 0.366ms
[7.412s][info][gc,heap        ] GC(33) PSYoungGen: 160K(2446848K)->0K(2446848K) Eden: 0K(2097664K)->0K(2097664K) From: 160K(349184K)->0K(349184K)
[7.412s][info][gc,heap        ] GC(33) ParOldGen: 1121K(5592576K)->1122K(5592576K)
[7.412s][info][gc,metaspace   ] GC(33) Metaspace: 371K(640K)->368K(640K) NonClass: 334K(512K)->332K(512K) Class: 37K(128K)->36K(128K)
[7.412s][info][gc             ] GC(33) Pause Full (System.gc()) 1M->1M(7851M) 4.235ms
[7.412s][info][gc,cpu         ] GC(33) User=0.02s Sys=0.00s Real=0.00s
[7.865s][info][gc,start       ] GC(34) Pause Young (System.gc())
[7.866s][info][gc,heap        ] GC(34) PSYoungGen: 41953K(2446848K)->192K(2446848K) Eden: 41953K(2097664K)->0K(2097664K) From: 0K(349184K)->192K(349184K)
[7.866s][info][gc,heap        ] GC(34) ParOldGen: 1122K(5592576K)->1122K(5592576K)
[7.866s][info][gc,metaspace   ] GC(34) Metaspace: 374K(640K)->374K(640K) NonClass: 336K(512K)->336K(512K) Class: 37K(128K)->37K(128K)
[7.866s][info][gc             ] GC(34) Pause Young (System.gc()) 42M->1M(7851M) 0.400ms
[7.866s][info][gc,cpu         ] GC(34) User=0.01s Sys=0.00s Real=0.00s
[7.866s][info][gc,start       ] GC(35) Pause Full (System.gc())
[7.866s][info][gc,phases,start] GC(35) Marking Phase
[7.869s][info][gc,phases      ] GC(35) Marking Phase 3.280ms
[7.869s][info][gc,phases,start] GC(35) Summary Phase
[7.869s][info][gc,phases      ] GC(35) Summary Phase 0.013ms
[7.869s][info][gc,phases,start] GC(35) Adjust Roots
[7.869s][info][gc,phases      ] GC(35) Adjust Roots 0.150ms
[7.869s][info][gc,phases,start] GC(35) Compaction Phase
[7.870s][info][gc,phases      ] GC(35) Compaction Phase 1.097ms
[7.870s][info][gc,phases,start] GC(35) Post Compact
[7.871s][info][gc,phases      ] GC(35) Post Compact 0.485ms
[7.871s][info][gc,heap        ] GC(35) PSYoungGen: 192K(2446848K)->0K(2446848K) Eden: 0K(2097664K)->0K(2097664K) From: 192K(349184K)->0K(349184K)
[7.871s][info][gc,heap        ] GC(35) ParOldGen: 1122K(5592576K)->1125K(5592576K)
[7.871s][info][gc,metaspace   ] GC(35) Metaspace: 374K(640K)->374K(640K) NonClass: 336K(512K)->336K(512K) Class: 37K(128K)->37K(128K)
[7.871s][info][gc             ] GC(35) Pause Full (System.gc()) 1M->1M(7851M) 5.175ms
[7.871s][info][gc,cpu         ] GC(35) User=0.02s Sys=0.01s Real=0.00s
[8.328s][info][gc,start       ] GC(36) Pause Young (System.gc())
[8.328s][info][gc,heap        ] GC(36) PSYoungGen: 41953K(2446848K)->96K(2446848K) Eden: 41953K(2097664K)->0K(2097664K) From: 0K(349184K)->96K(349184K)
[8.328s][info][gc,heap        ] GC(36) ParOldGen: 1125K(5592576K)->1125K(5592576K)
[8.329s][info][gc,metaspace   ] GC(36) Metaspace: 379K(640K)->379K(640K) NonClass: 339K(512K)->339K(512K) Class: 39K(128K)->39K(128K)
[8.329s][info][gc             ] GC(36) Pause Young (System.gc()) 42M->1M(7851M) 0.519ms
[8.329s][info][gc,cpu         ] GC(36) User=0.00s Sys=0.00s Real=0.00s
[8.329s][info][gc,start       ] GC(37) Pause Full (System.gc())
[8.329s][info][gc,phases,start] GC(37) Marking Phase
[8.332s][info][gc,phases      ] GC(37) Marking Phase 3.620ms
[8.332s][info][gc,phases,start] GC(37) Summary Phase
[8.332s][info][gc,phases      ] GC(37) Summary Phase 0.015ms
[8.332s][info][gc,phases,start] GC(37) Adjust Roots
[8.333s][info][gc,phases      ] GC(37) Adjust Roots 0.253ms
[8.333s][info][gc,phases,start] GC(37) Compaction Phase
[8.334s][info][gc,phases      ] GC(37) Compaction Phase 1.241ms
[8.334s][info][gc,phases,start] GC(37) Post Compact
[8.334s][info][gc,phases      ] GC(37) Post Compact 0.311ms
[8.334s][info][gc,heap        ] GC(37) PSYoungGen: 96K(2446848K)->0K(2446848K) Eden: 0K(2097664K)->0K(2097664K) From: 96K(349184K)->0K(349184K)
[8.334s][info][gc,heap        ] GC(37) ParOldGen: 1125K(5592576K)->1128K(5592576K)
[8.334s][info][gc,metaspace   ] GC(37) Metaspace: 379K(640K)->379K(640K) NonClass: 339K(512K)->339K(512K) Class: 39K(128K)->39K(128K)
[8.334s][info][gc             ] GC(37) Pause Full (System.gc()) 1M->1M(7851M) 5.686ms
[8.334s][info][gc,cpu         ] GC(37) User=0.03s Sys=0.00s Real=0.00s
[8.787s][info][gc,start       ] GC(38) Pause Young (System.gc())
[8.788s][info][gc,heap        ] GC(38) PSYoungGen: 41953K(2446848K)->96K(2446848K) Eden: 41953K(2097664K)->0K(2097664K) From: 0K(349184K)->96K(349184K)
[8.788s][info][gc,heap        ] GC(38) ParOldGen: 1128K(5592576K)->1128K(5592576K)
[8.788s][info][gc,metaspace   ] GC(38) Metaspace: 387K(640K)->387K(640K) NonClass: 345K(512K)->345K(512K) Class: 41K(128K)->41K(128K)
[8.788s][info][gc             ] GC(38) Pause Young (System.gc()) 42M->1M(7851M) 0.381ms
[8.788s][info][gc,cpu         ] GC(38) User=0.00s Sys=0.00s Real=0.00s
[8.788s][info][gc,start       ] GC(39) Pause Full (System.gc())
[8.788s][info][gc,phases,start] GC(39) Marking Phase
[8.790s][info][gc,phases      ] GC(39) Marking Phase 2.563ms
[8.791s][info][gc,phases,start] GC(39) Summary Phase
[8.791s][info][gc,phases      ] GC(39) Summary Phase 0.012ms
[8.791s][info][gc,phases,start] GC(39) Adjust Roots
[8.791s][info][gc,phases      ] GC(39) Adjust Roots 0.278ms
[8.791s][info][gc,phases,start] GC(39) Compaction Phase
[8.792s][info][gc,phases      ] GC(39) Compaction Phase 1.209ms
[8.792s][info][gc,phases,start] GC(39) Post Compact
[8.792s][info][gc,phases      ] GC(39) Post Compact 0.293ms
[8.792s][info][gc,heap        ] GC(39) PSYoungGen: 96K(2446848K)->0K(2446848K) Eden: 0K(2097664K)->0K(2097664K) From: 96K(349184K)->0K(349184K)
[8.792s][info][gc,heap        ] GC(39) ParOldGen: 1128K(5592576K)->1131K(5592576K)
[8.792s][info][gc,metaspace   ] GC(39) Metaspace: 387K(640K)->387K(640K) NonClass: 345K(512K)->345K(512K) Class: 41K(128K)->41K(128K)
[8.792s][info][gc             ] GC(39) Pause Full (System.gc()) 1M->1M(7851M) 4.552ms
[8.792s][info][gc,cpu         ] GC(39) User=0.02s Sys=0.01s Real=0.00s
[9.246s][info][gc,start       ] GC(40) Pause Young (System.gc())
[9.246s][info][gc,heap        ] GC(40) PSYoungGen: 41953K(2446848K)->96K(2446848K) Eden: 41953K(2097664K)->0K(2097664K) From: 0K(349184K)->96K(349184K)
[9.246s][info][gc,heap        ] GC(40) ParOldGen: 1131K(5592576K)->1131K(5592576K)
[9.246s][info][gc,metaspace   ] GC(40) Metaspace: 398K(640K)->398K(640K) NonClass: 355K(512K)->355K(512K) Class: 43K(128K)->43K(128K)
[9.246s][info][gc             ] GC(40) Pause Young (System.gc()) 42M->1M(7851M) 0.400ms
[9.246s][info][gc,cpu         ] GC(40) User=0.00s Sys=0.00s Real=0.00s
[9.246s][info][gc,start       ] GC(41) Pause Full (System.gc())
[9.247s][info][gc,phases,start] GC(41) Marking Phase
[9.250s][info][gc,phases      ] GC(41) Marking Phase 3.136ms
[9.250s][info][gc,phases,start] GC(41) Summary Phase
[9.250s][info][gc,phases      ] GC(41) Summary Phase 0.013ms
[9.250s][info][gc,phases,start] GC(41) Adjust Roots
[9.250s][info][gc,phases      ] GC(41) Adjust Roots 0.241ms
[9.250s][info][gc,phases,start] GC(41) Compaction Phase
[9.251s][info][gc,phases      ] GC(41) Compaction Phase 1.169ms
[9.251s][info][gc,phases,start] GC(41) Post Compact
[9.252s][info][gc,phases      ] GC(41) Post Compact 0.326ms
[9.252s][info][gc,heap        ] GC(41) PSYoungGen: 96K(2446848K)->0K(2446848K) Eden: 0K(2097664K)->0K(2097664K) From: 96K(349184K)->0K(349184K)
[9.252s][info][gc,heap        ] GC(41) ParOldGen: 1131K(5592576K)->1134K(5592576K)
[9.252s][info][gc,metaspace   ] GC(41) Metaspace: 398K(640K)->398K(640K) NonClass: 355K(512K)->355K(512K) Class: 43K(128K)->43K(128K)
[9.252s][info][gc             ] GC(41) Pause Full (System.gc()) 1M->1M(7851M) 5.125ms
[9.252s][info][gc,cpu         ] GC(41) User=0.02s Sys=0.00s Real=0.00s
[9.704s][info][gc,start       ] GC(42) Pause Young (System.gc())
[9.704s][info][gc,heap        ] GC(42) PSYoungGen: 41953K(2446848K)->128K(2446848K) Eden: 41953K(2097664K)->0K(2097664K) From: 0K(349184K)->128K(349184K)
[9.704s][info][gc,heap        ] GC(42) ParOldGen: 1134K(5592576K)->1134K(5592576K)
[9.704s][info][gc,metaspace   ] GC(42) Metaspace: 410K(640K)->410K(640K) NonClass: 365K(512K)->365K(512K) Class: 44K(128K)->44K(128K)
[9.704s][info][gc             ] GC(42) Pause Young (System.gc()) 42M->1M(7851M) 0.433ms
[9.704s][info][gc,cpu         ] GC(42) User=0.00s Sys=0.00s Real=0.00s
[9.704s][info][gc,start       ] GC(43) Pause Full (System.gc())
[9.704s][info][gc,phases,start] GC(43) Marking Phase
[9.708s][info][gc,phases      ] GC(43) Marking Phase 3.475ms
[9.709s][info][gc,phases,start] GC(43) Summary Phase
[9.709s][info][gc,phases      ] GC(43) Summary Phase 0.015ms
[9.709s][info][gc,phases,start] GC(43) Adjust Roots
[9.710s][info][gc,phases      ] GC(43) Adjust Roots 0.160ms
[9.710s][info][gc,phases,start] GC(43) Compaction Phase
[9.710s][info][gc,phases      ] GC(43) Compaction Phase 0.783ms
[9.710s][info][gc,phases,start] GC(43) Post Compact
[9.711s][info][gc,phases      ] GC(43) Post Compact 0.297ms
[9.711s][info][gc,heap        ] GC(43) PSYoungGen: 128K(2446848K)->0K(2446848K) Eden: 0K(2097664K)->0K(2097664K) From: 128K(349184K)->0K(349184K)
[9.711s][info][gc,heap        ] GC(43) ParOldGen: 1134K(5592576K)->1126K(5592576K)
[9.711s][info][gc,metaspace   ] GC(43) Metaspace: 410K(640K)->394K(640K) NonClass: 365K(512K)->356K(512K) Class: 44K(128K)->38K(128K)
[9.711s][info][gc             ] GC(43) Pause Full (System.gc()) 1M->1M(7851M) 6.521ms
[9.711s][info][gc,cpu         ] GC(43) User=0.02s Sys=0.01s Real=0.01s
[10.162s][info][gc,start       ] GC(44) Pause Young (System.gc())
[10.163s][info][gc,heap        ] GC(44) PSYoungGen: 41953K(2446848K)->160K(2446848K) Eden: 41953K(2097664K)->0K(2097664K) From: 0K(349184K)->160K(349184K)
[10.163s][info][gc,heap        ] GC(44) ParOldGen: 1126K(5592576K)->1126K(5592576K)
[10.163s][info][gc,metaspace   ] GC(44) Metaspace: 400K(640K)->400K(640K) NonClass: 360K(512K)->360K(512K) Class: 39K(128K)->39K(128K)
[10.163s][info][gc             ] GC(44) Pause Young (System.gc()) 42M->1M(7851M) 0.497ms
[10.163s][info][gc,cpu         ] GC(44) User=0.00s Sys=0.00s Real=0.00s
[10.163s][info][gc,start       ] GC(45) Pause Full (System.gc())
[10.163s][info][gc,phases,start] GC(45) Marking Phase
[10.167s][info][gc,phases      ] GC(45) Marking Phase 3.793ms
[10.167s][info][gc,phases,start] GC(45) Summary Phase
[10.167s][info][gc,phases      ] GC(45) Summary Phase 0.014ms
[10.167s][info][gc,phases,start] GC(45) Adjust Roots
[10.167s][info][gc,phases      ] GC(45) Adjust Roots 0.273ms
[10.167s][info][gc,phases,start] GC(45) Compaction Phase
[10.168s][info][gc,phases      ] GC(45) Compaction Phase 1.163ms
[10.168s][info][gc,phases,start] GC(45) Post Compact
[10.169s][info][gc,phases      ] GC(45) Post Compact 0.470ms
[10.169s][info][gc,heap        ] GC(45) PSYoungGen: 160K(2446848K)->0K(2446848K) Eden: 0K(2097664K)->0K(2097664K) From: 160K(349184K)->0K(349184K)
[10.169s][info][gc,heap        ] GC(45) ParOldGen: 1126K(5592576K)->1127K(5592576K)
[10.169s][info][gc,metaspace   ] GC(45) Metaspace: 400K(640K)->397K(640K) NonClass: 360K(512K)->359K(512K) Class: 39K(128K)->38K(128K)
[10.169s][info][gc             ] GC(45) Pause Full (System.gc()) 1M->1M(7851M) 5.897ms
[10.169s][info][gc,cpu         ] GC(45) User=0.03s Sys=0.00s Real=0.01s
[10.622s][info][gc,start       ] GC(46) Pause Young (System.gc())
[10.623s][info][gc,heap        ] GC(46) PSYoungGen: 41953K(2446848K)->160K(2446848K) Eden: 41953K(2097664K)->0K(2097664K) From: 0K(349184K)->160K(349184K)
[10.623s][info][gc,heap        ] GC(46) ParOldGen: 1127K(5592576K)->1127K(5592576K)
[10.623s][info][gc,metaspace   ] GC(46) Metaspace: 404K(640K)->404K(640K) NonClass: 363K(512K)->363K(512K) Class: 40K(128K)->40K(128K)
[10.623s][info][gc             ] GC(46) Pause Young (System.gc()) 42M->1M(7851M) 0.369ms
[10.623s][info][gc,cpu         ] GC(46) User=0.00s Sys=0.00s Real=0.00s
[10.623s][info][gc,start       ] GC(47) Pause Full (System.gc())
[10.623s][info][gc,phases,start] GC(47) Marking Phase
[10.627s][info][gc,phases      ] GC(47) Marking Phase 3.983ms
[10.627s][info][gc,phases,start] GC(47) Summary Phase
[10.627s][info][gc,phases      ] GC(47) Summary Phase 0.009ms
[10.627s][info][gc,phases,start] GC(47) Adjust Roots
[10.627s][info][gc,phases      ] GC(47) Adjust Roots 0.218ms
[10.627s][info][gc,phases,start] GC(47) Compaction Phase
[10.628s][info][gc,phases      ] GC(47) Compaction Phase 1.012ms
[10.628s][info][gc,phases,start] GC(47) Post Compact
[10.628s][info][gc,phases      ] GC(47) Post Compact 0.488ms
[10.629s][info][gc,heap        ] GC(47) PSYoungGen: 160K(2446848K)->0K(2446848K) Eden: 0K(2097664K)->0K(2097664K) From: 160K(349184K)->0K(349184K)
[10.629s][info][gc,heap        ] GC(47) ParOldGen: 1127K(5592576K)->1128K(5592576K)
[10.629s][info][gc,metaspace   ] GC(47) Metaspace: 404K(640K)->401K(640K) NonClass: 363K(512K)->362K(512K) Class: 40K(128K)->39K(128K)
[10.629s][info][gc             ] GC(47) Pause Full (System.gc()) 1M->1M(7851M) 5.842ms
[10.629s][info][gc,cpu         ] GC(47) User=0.03s Sys=0.01s Real=0.01s
[11.080s][info][gc,start       ] GC(48) Pause Young (System.gc())
[11.080s][info][gc,heap        ] GC(48) PSYoungGen: 41953K(2446848K)->160K(2446848K) Eden: 41953K(2097664K)->0K(2097664K) From: 0K(349184K)->160K(349184K)
[11.080s][info][gc,heap        ] GC(48) ParOldGen: 1128K(5592576K)->1128K(5592576K)
[11.080s][info][gc,metaspace   ] GC(48) Metaspace: 409K(640K)->409K(640K) NonClass: 368K(512K)->368K(512K) Class: 40K(128K)->40K(128K)
[11.080s][info][gc             ] GC(48) Pause Young (System.gc()) 42M->1M(7851M) 0.201ms
[11.080s][info][gc,cpu         ] GC(48) User=0.00s Sys=0.00s Real=0.00s
[11.080s][info][gc,start       ] GC(49) Pause Full (System.gc())
[11.080s][info][gc,phases,start] GC(49) Marking Phase
[11.082s][info][gc,phases      ] GC(49) Marking Phase 1.703ms
[11.082s][info][gc,phases,start] GC(49) Summary Phase
[11.082s][info][gc,phases      ] GC(49) Summary Phase 0.003ms
[11.082s][info][gc,phases,start] GC(49) Adjust Roots
[11.082s][info][gc,phases      ] GC(49) Adjust Roots 0.101ms
[11.082s][info][gc,phases,start] GC(49) Compaction Phase
[11.083s][info][gc,phases      ] GC(49) Compaction Phase 0.469ms
[11.083s][info][gc,phases,start] GC(49) Post Compact
[11.083s][info][gc,phases      ] GC(49) Post Compact 0.210ms
[11.083s][info][gc,heap        ] GC(49) PSYoungGen: 160K(2446848K)->0K(2446848K) Eden: 0K(2097664K)->0K(2097664K) From: 160K(349184K)->0K(349184K)
[11.083s][info][gc,heap        ] GC(49) ParOldGen: 1128K(5592576K)->1130K(5592576K)
[11.083s][info][gc,metaspace   ] GC(49) Metaspace: 409K(640K)->408K(640K) NonClass: 368K(512K)->368K(512K) Class: 40K(128K)->40K(128K)
[11.083s][info][gc             ] GC(49) Pause Full (System.gc()) 1M->1M(7851M) 2.542ms
[11.083s][info][gc,cpu         ] GC(49) User=0.01s Sys=0.00s Real=0.00s
[11.539s][info][gc,start       ] GC(50) Pause Young (System.gc())
[11.540s][info][gc,heap        ] GC(50) PSYoungGen: 41953K(2446848K)->192K(2446848K) Eden: 41953K(2097664K)->0K(2097664K) From: 0K(349184K)->192K(349184K)
[11.540s][info][gc,heap        ] GC(50) ParOldGen: 1130K(5592576K)->1130K(5592576K)
[11.540s][info][gc,metaspace   ] GC(50) Metaspace: 415K(640K)->415K(640K) NonClass: 373K(512K)->373K(512K) Class: 41K(128K)->41K(128K)
[11.540s][info][gc             ] GC(50) Pause Young (System.gc()) 42M->1M(7851M) 0.370ms
[11.540s][info][gc,cpu         ] GC(50) User=0.01s Sys=0.00s Real=0.00s
[11.540s][info][gc,start       ] GC(51) Pause Full (System.gc())
[11.540s][info][gc,phases,start] GC(51) Marking Phase
[11.543s][info][gc,phases      ] GC(51) Marking Phase 3.415ms
[11.543s][info][gc,phases,start] GC(51) Summary Phase
[11.543s][info][gc,phases      ] GC(51) Summary Phase 0.011ms
[11.543s][info][gc,phases,start] GC(51) Adjust Roots
[11.543s][info][gc,phases      ] GC(51) Adjust Roots 0.177ms
[11.543s][info][gc,phases,start] GC(51) Compaction Phase
[11.544s][info][gc,phases      ] GC(51) Compaction Phase 0.893ms
[11.544s][info][gc,phases,start] GC(51) Post Compact
[11.545s][info][gc,phases      ] GC(51) Post Compact 0.301ms
[11.545s][info][gc,heap        ] GC(51) PSYoungGen: 192K(2446848K)->0K(2446848K) Eden: 0K(2097664K)->0K(2097664K) From: 192K(349184K)->0K(349184K)
[11.545s][info][gc,heap        ] GC(51) ParOldGen: 1130K(5592576K)->1132K(5592576K)
[11.545s][info][gc,metaspace   ] GC(51) Metaspace: 415K(640K)->414K(640K) NonClass: 373K(512K)->372K(512K) Class: 41K(128K)->41K(128K)
[11.545s][info][gc             ] GC(51) Pause Full (System.gc()) 1M->1M(7851M) 4.916ms
[11.545s][info][gc,cpu         ] GC(51) User=0.02s Sys=0.00s Real=0.00s
[12.001s][info][gc,start       ] GC(52) Pause Young (System.gc())
[12.001s][info][gc,heap        ] GC(52) PSYoungGen: 41953K(2446848K)->192K(2446848K) Eden: 41953K(2097664K)->0K(2097664K) From: 0K(349184K)->192K(349184K)
[12.001s][info][gc,heap        ] GC(52) ParOldGen: 1132K(5592576K)->1132K(5592576K)
[12.001s][info][gc,metaspace   ] GC(52) Metaspace: 419K(640K)->419K(640K) NonClass: 375K(512K)->375K(512K) Class: 43K(128K)->43K(128K)
[12.001s][info][gc             ] GC(52) Pause Young (System.gc()) 42M->1M(7851M) 0.357ms
[12.001s][info][gc,cpu         ] GC(52) User=0.00s Sys=0.00s Real=0.00s
[12.001s][info][gc,start       ] GC(53) Pause Full (System.gc())
[12.001s][info][gc,phases,start] GC(53) Marking Phase
[12.004s][info][gc,phases      ] GC(53) Marking Phase 2.919ms
[12.004s][info][gc,phases,start] GC(53) Summary Phase
[12.004s][info][gc,phases      ] GC(53) Summary Phase 0.011ms
[12.004s][info][gc,phases,start] GC(53) Adjust Roots
[12.004s][info][gc,phases      ] GC(53) Adjust Roots 0.189ms
[12.004s][info][gc,phases,start] GC(53) Compaction Phase
[12.005s][info][gc,phases      ] GC(53) Compaction Phase 0.897ms
[12.005s][info][gc,phases,start] GC(53) Post Compact
[12.005s][info][gc,phases      ] GC(53) Post Compact 0.230ms
[12.005s][info][gc,heap        ] GC(53) PSYoungGen: 192K(2446848K)->0K(2446848K) Eden: 0K(2097664K)->0K(2097664K) From: 192K(349184K)->0K(349184K)
[12.005s][info][gc,heap        ] GC(53) ParOldGen: 1132K(5592576K)->1135K(5592576K)
[12.005s][info][gc,metaspace   ] GC(53) Metaspace: 419K(640K)->419K(640K) NonClass: 375K(512K)->375K(512K) Class: 43K(128K)->43K(128K)
[12.005s][info][gc             ] GC(53) Pause Full (System.gc()) 1M->1M(7851M) 4.342ms
[12.005s][info][gc,cpu         ] GC(53) User=0.03s Sys=0.01s Real=0.01s
[12.461s][info][gc,start       ] GC(54) Pause Young (System.gc())
[12.461s][info][gc,heap        ] GC(54) PSYoungGen: 41953K(2446848K)->192K(2446848K) Eden: 41953K(2097664K)->0K(2097664K) From: 0K(349184K)->192K(349184K)
[12.461s][info][gc,heap        ] GC(54) ParOldGen: 1135K(5592576K)->1135K(5592576K)
[12.461s][info][gc,metaspace   ] GC(54) Metaspace: 424K(640K)->424K(640K) NonClass: 379K(512K)->379K(512K) Class: 44K(128K)->44K(128K)
[12.461s][info][gc             ] GC(54) Pause Young (System.gc()) 42M->1M(7851M) 0.511ms
[12.461s][info][gc,cpu         ] GC(54) User=0.00s Sys=0.00s Real=0.00s
[12.461s][info][gc,start       ] GC(55) Pause Full (System.gc())
[12.461s][info][gc,phases,start] GC(55) Marking Phase
[12.465s][info][gc,phases      ] GC(55) Marking Phase 3.549ms
[12.465s][info][gc,phases,start] GC(55) Summary Phase
[12.465s][info][gc,phases      ] GC(55) Summary Phase 0.014ms
[12.465s][info][gc,phases,start] GC(55) Adjust Roots
[12.465s][info][gc,phases      ] GC(55) Adjust Roots 0.251ms
[12.465s][info][gc,phases,start] GC(55) Compaction Phase
[12.466s][info][gc,phases      ] GC(55) Compaction Phase 1.094ms
[12.466s][info][gc,phases,start] GC(55) Post Compact
[12.467s][info][gc,phases      ] GC(55) Post Compact 0.519ms
[12.467s][info][gc,heap        ] GC(55) PSYoungGen: 192K(2446848K)->0K(2446848K) Eden: 0K(2097664K)->0K(2097664K) From: 192K(349184K)->0K(349184K)
[12.467s][info][gc,heap        ] GC(55) ParOldGen: 1135K(5592576K)->1138K(5592576K)
[12.467s][info][gc,metaspace   ] GC(55) Metaspace: 424K(640K)->424K(640K) NonClass: 379K(512K)->379K(512K) Class: 44K(128K)->44K(128K)
[12.467s][info][gc             ] GC(55) Pause Full (System.gc()) 1M->1M(7851M) 5.580ms
[12.467s][info][gc,cpu         ] GC(55) User=0.03s Sys=0.00s Real=0.01s
[12.923s][info][gc,start       ] GC(56) Pause Young (System.gc())
[12.923s][info][gc,heap        ] GC(56) PSYoungGen: 41953K(2446848K)->192K(2446848K) Eden: 41953K(2097664K)->0K(2097664K) From: 0K(349184K)->192K(349184K)
[12.923s][info][gc,heap        ] GC(56) ParOldGen: 1138K(5592576K)->1138K(5592576K)
[12.923s][info][gc,metaspace   ] GC(56) Metaspace: 434K(640K)->434K(640K) NonClass: 387K(512K)->387K(512K) Class: 46K(128K)->46K(128K)
[12.923s][info][gc             ] GC(56) Pause Young (System.gc()) 42M->1M(7851M) 0.186ms
[12.923s][info][gc,cpu         ] GC(56) User=0.00s Sys=0.00s Real=0.00s
[12.923s][info][gc,start       ] GC(57) Pause Full (System.gc())
[12.923s][info][gc,phases,start] GC(57) Marking Phase
[12.924s][info][gc,phases      ] GC(57) Marking Phase 1.741ms
[12.924s][info][gc,phases,start] GC(57) Summary Phase
[12.924s][info][gc,phases      ] GC(57) Summary Phase 0.009ms
[12.925s][info][gc,phases,start] GC(57) Adjust Roots
[12.925s][info][gc,phases      ] GC(57) Adjust Roots 0.129ms
[12.925s][info][gc,phases,start] GC(57) Compaction Phase
[12.925s][info][gc,phases      ] GC(57) Compaction Phase 0.562ms
[12.925s][info][gc,phases,start] GC(57) Post Compact
[12.925s][info][gc,phases      ] GC(57) Post Compact 0.195ms
[12.925s][info][gc,heap        ] GC(57) PSYoungGen: 192K(2446848K)->0K(2446848K) Eden: 0K(2097664K)->0K(2097664K) From: 192K(349184K)->0K(349184K)
[12.925s][info][gc,heap        ] GC(57) ParOldGen: 1138K(5592576K)->1138K(5592576K)
[12.925s][info][gc,metaspace   ] GC(57) Metaspace: 434K(640K)->431K(640K) NonClass: 387K(512K)->386K(512K) Class: 46K(128K)->45K(128K)
[12.925s][info][gc             ] GC(57) Pause Full (System.gc()) 1M->1M(7851M) 2.694ms
[12.925s][info][gc,cpu         ] GC(57) User=0.01s Sys=0.00s Real=0.01s
[13.379s][info][gc,start       ] GC(58) Pause Young (System.gc())
[13.379s][info][gc,heap        ] GC(58) PSYoungGen: 41953K(2446848K)->192K(2446848K) Eden: 41953K(2097664K)->0K(2097664K) From: 0K(349184K)->192K(349184K)
[13.379s][info][gc,heap        ] GC(58) ParOldGen: 1138K(5592576K)->1138K(5592576K)
[13.379s][info][gc,metaspace   ] GC(58) Metaspace: 437K(640K)->437K(640K) NonClass: 390K(512K)->390K(512K) Class: 46K(128K)->46K(128K)
[13.379s][info][gc             ] GC(58) Pause Young (System.gc()) 42M->1M(7851M) 0.384ms
[13.379s][info][gc,cpu         ] GC(58) User=0.00s Sys=0.01s Real=0.00s
[13.379s][info][gc,start       ] GC(59) Pause Full (System.gc())
[13.379s][info][gc,phases,start] GC(59) Marking Phase
[13.383s][info][gc,phases      ] GC(59) Marking Phase 3.497ms
[13.383s][info][gc,phases,start] GC(59) Summary Phase
[13.383s][info][gc,phases      ] GC(59) Summary Phase 0.013ms
[13.383s][info][gc,phases,start] GC(59) Adjust Roots
[13.383s][info][gc,phases      ] GC(59) Adjust Roots 0.225ms
[13.383s][info][gc,phases,start] GC(59) Compaction Phase
[13.384s][info][gc,phases      ] GC(59) Compaction Phase 0.980ms
[13.384s][info][gc,phases,start] GC(59) Post Compact
[13.385s][info][gc,phases      ] GC(59) Post Compact 0.478ms
[13.385s][info][gc,heap        ] GC(59) PSYoungGen: 192K(2446848K)->0K(2446848K) Eden: 0K(2097664K)->0K(2097664K) From: 192K(349184K)->0K(349184K)
[13.385s][info][gc,heap        ] GC(59) ParOldGen: 1138K(5592576K)->1140K(5592576K)
[13.385s][info][gc,metaspace   ] GC(59) Metaspace: 437K(640K)->436K(640K) NonClass: 390K(512K)->390K(512K) Class: 46K(128K)->46K(128K)
[13.385s][info][gc             ] GC(59) Pause Full (System.gc()) 1M->1M(7851M) 5.317ms
[13.385s][info][gc,cpu         ] GC(59) User=0.02s Sys=0.00s Real=0.00s
[13.841s][info][gc,start       ] GC(60) Pause Young (System.gc())
[13.841s][info][gc,heap        ] GC(60) PSYoungGen: 41953K(2446848K)->224K(2446848K) Eden: 41953K(2097664K)->0K(2097664K) From: 0K(349184K)->224K(349184K)
[13.841s][info][gc,heap        ] GC(60) ParOldGen: 1140K(5592576K)->1140K(5592576K)
[13.841s][info][gc,metaspace   ] GC(60) Metaspace: 441K(640K)->441K(640K) NonClass: 393K(512K)->393K(512K) Class: 48K(128K)->48K(128K)
[13.841s][info][gc             ] GC(60) Pause Young (System.gc()) 42M->1M(7851M) 0.301ms
[13.841s][info][gc,cpu         ] GC(60) User=0.00s Sys=0.00s Real=0.00s
[13.841s][info][gc,start       ] GC(61) Pause Full (System.gc())
[13.841s][info][gc,phases,start] GC(61) Marking Phase
[13.844s][info][gc,phases      ] GC(61) Marking Phase 2.579ms
[13.844s][info][gc,phases,start] GC(61) Summary Phase
[13.844s][info][gc,phases      ] GC(61) Summary Phase 0.009ms
[13.844s][info][gc,phases,start] GC(61) Adjust Roots
[13.844s][info][gc,phases      ] GC(61) Adjust Roots 0.219ms
[13.844s][info][gc,phases,start] GC(61) Compaction Phase
[13.845s][info][gc,phases      ] GC(61) Compaction Phase 0.889ms
[13.845s][info][gc,phases,start] GC(61) Post Compact
[13.845s][info][gc,phases      ] GC(61) Post Compact 0.268ms
[13.845s][info][gc,heap        ] GC(61) PSYoungGen: 224K(2446848K)->0K(2446848K) Eden: 0K(2097664K)->0K(2097664K) From: 224K(349184K)->0K(349184K)
[13.845s][info][gc,heap        ] GC(61) ParOldGen: 1140K(5592576K)->1141K(5592576K)
[13.845s][info][gc,metaspace   ] GC(61) Metaspace: 441K(640K)->440K(640K) NonClass: 393K(512K)->392K(512K) Class: 48K(128K)->47K(128K)
[13.845s][info][gc             ] GC(61) Pause Full (System.gc()) 1M->1M(7851M) 4.073ms
[13.845s][info][gc,cpu         ] GC(61) User=0.02s Sys=0.00s Real=0.01s
[14.298s][info][gc,start       ] GC(62) Pause Young (System.gc())
[14.299s][info][gc,heap        ] GC(62) PSYoungGen: 41953K(2446848K)->224K(2446848K) Eden: 41953K(2097664K)->0K(2097664K) From: 0K(349184K)->224K(349184K)
[14.299s][info][gc,heap        ] GC(62) ParOldGen: 1141K(5592576K)->1141K(5592576K)
[14.299s][info][gc,metaspace   ] GC(62) Metaspace: 446K(640K)->446K(640K) NonClass: 396K(512K)->396K(512K) Class: 49K(128K)->49K(128K)
[14.299s][info][gc             ] GC(62) Pause Young (System.gc()) 42M->1M(7851M) 0.487ms
[14.299s][info][gc,cpu         ] GC(62) User=0.00s Sys=0.00s Real=0.00s
[14.299s][info][gc,start       ] GC(63) Pause Full (System.gc())
[14.299s][info][gc,phases,start] GC(63) Marking Phase
[14.303s][info][gc,phases      ] GC(63) Marking Phase 4.135ms
[14.303s][info][gc,phases,start] GC(63) Summary Phase
[14.303s][info][gc,phases      ] GC(63) Summary Phase 0.010ms
[14.303s][info][gc,phases,start] GC(63) Adjust Roots
[14.303s][info][gc,phases      ] GC(63) Adjust Roots 0.247ms
[14.303s][info][gc,phases,start] GC(63) Compaction Phase
[14.304s][info][gc,phases      ] GC(63) Compaction Phase 1.043ms
[14.304s][info][gc,phases,start] GC(63) Post Compact
[14.305s][info][gc,phases      ] GC(63) Post Compact 0.470ms
[14.305s][info][gc,heap        ] GC(63) PSYoungGen: 224K(2446848K)->0K(2446848K) Eden: 0K(2097664K)->0K(2097664K) From: 224K(349184K)->0K(349184K)
[14.305s][info][gc,heap        ] GC(63) ParOldGen: 1141K(5592576K)->1143K(5592576K)
[14.305s][info][gc,metaspace   ] GC(63) Metaspace: 446K(640K)->445K(640K) NonClass: 396K(512K)->396K(512K) Class: 49K(128K)->48K(128K)
[14.305s][info][gc             ] GC(63) Pause Full (System.gc()) 1M->1M(7851M) 6.046ms
[14.305s][info][gc,cpu         ] GC(63) User=0.03s Sys=0.01s Real=0.00s
[14.761s][info][gc,start       ] GC(64) Pause Young (System.gc())
[14.761s][info][gc,heap        ] GC(64) PSYoungGen: 41953K(2446848K)->128K(2446848K) Eden: 41953K(2097664K)->0K(2097664K) From: 0K(349184K)->128K(349184K)
[14.761s][info][gc,heap        ] GC(64) ParOldGen: 1143K(5592576K)->1143K(5592576K)
[14.761s][info][gc,metaspace   ] GC(64) Metaspace: 451K(640K)->451K(640K) NonClass: 400K(512K)->400K(512K) Class: 50K(128K)->50K(128K)
[14.761s][info][gc             ] GC(64) Pause Young (System.gc()) 42M->1M(7851M) 0.417ms
[14.761s][info][gc,cpu         ] GC(64) User=0.00s Sys=0.00s Real=0.00s
[14.761s][info][gc,start       ] GC(65) Pause Full (System.gc())
[14.761s][info][gc,phases,start] GC(65) Marking Phase
[14.765s][info][gc,phases      ] GC(65) Marking Phase 3.776ms
[14.765s][info][gc,phases,start] GC(65) Summary Phase
[14.765s][info][gc,phases      ] GC(65) Summary Phase 0.016ms
[14.765s][info][gc,phases,start] GC(65) Adjust Roots
[14.765s][info][gc,phases      ] GC(65) Adjust Roots 0.269ms
[14.765s][info][gc,phases,start] GC(65) Compaction Phase
[14.767s][info][gc,phases      ] GC(65) Compaction Phase 1.143ms
[14.767s][info][gc,phases,start] GC(65) Post Compact
[14.767s][info][gc,phases      ] GC(65) Post Compact 0.506ms
[14.767s][info][gc,heap        ] GC(65) PSYoungGen: 128K(2446848K)->0K(2446848K) Eden: 0K(2097664K)->0K(2097664K) From: 128K(349184K)->0K(349184K)
[14.767s][info][gc,heap        ] GC(65) ParOldGen: 1143K(5592576K)->1146K(5592576K)
[14.767s][info][gc,metaspace   ] GC(65) Metaspace: 451K(640K)->451K(640K) NonClass: 400K(512K)->400K(512K) Class: 50K(128K)->50K(128K)
[14.767s][info][gc             ] GC(65) Pause Full (System.gc()) 1M->1M(7851M) 5.842ms
[14.767s][info][gc,cpu         ] GC(65) User=0.02s Sys=0.00s Real=0.01s
[15.220s][info][gc,start       ] GC(66) Pause Young (System.gc())
[15.220s][info][gc,heap        ] GC(66) PSYoungGen: 41953K(2446848K)->192K(2446848K) Eden: 41953K(2097664K)->0K(2097664K) From: 0K(349184K)->192K(349184K)
[15.220s][info][gc,heap        ] GC(66) ParOldGen: 1146K(5592576K)->1146K(5592576K)
[15.220s][info][gc,metaspace   ] GC(66) Metaspace: 456K(768K)->456K(768K) NonClass: 403K(576K)->403K(576K) Class: 52K(192K)->52K(192K)
[15.220s][info][gc             ] GC(66) Pause Young (System.gc()) 42M->1M(7851M) 0.473ms
[15.221s][info][gc,cpu         ] GC(66) User=0.00s Sys=0.00s Real=0.00s
[15.221s][info][gc,start       ] GC(67) Pause Full (System.gc())
[15.221s][info][gc,phases,start] GC(67) Marking Phase
[15.225s][info][gc,phases      ] GC(67) Marking Phase 4.224ms
[15.225s][info][gc,phases,start] GC(67) Summary Phase
[15.225s][info][gc,phases      ] GC(67) Summary Phase 0.011ms
[15.225s][info][gc,phases,start] GC(67) Adjust Roots
[15.225s][info][gc,phases      ] GC(67) Adjust Roots 0.347ms
[15.225s][info][gc,phases,start] GC(67) Compaction Phase
[15.227s][info][gc,phases      ] GC(67) Compaction Phase 1.938ms
[15.227s][info][gc,phases,start] GC(67) Post Compact
[15.228s][info][gc,phases      ] GC(67) Post Compact 0.945ms
[15.228s][info][gc,heap        ] GC(67) PSYoungGen: 192K(2446848K)->0K(2446848K) Eden: 0K(2097664K)->0K(2097664K) From: 192K(349184K)->0K(349184K)
[15.228s][info][gc,heap        ] GC(67) ParOldGen: 1146K(5592576K)->1147K(5592576K)
[15.228s][info][gc,metaspace   ] GC(67) Metaspace: 456K(768K)->454K(768K) NonClass: 403K(576K)->402K(576K) Class: 52K(192K)->51K(192K)
[15.228s][info][gc             ] GC(67) Pause Full (System.gc()) 1M->1M(7851M) 7.584ms
[15.228s][info][gc,cpu         ] GC(67) User=0.03s Sys=0.01s Real=0.01s
[15.682s][info][gc,start       ] GC(68) Pause Young (System.gc())
[15.682s][info][gc,heap        ] GC(68) PSYoungGen: 41953K(2446848K)->256K(2446848K) Eden: 41953K(2097664K)->0K(2097664K) From: 0K(349184K)->256K(349184K)
[15.683s][info][gc,heap        ] GC(68) ParOldGen: 1147K(5592576K)->1147K(5592576K)
[15.683s][info][gc,metaspace   ] GC(68) Metaspace: 460K(768K)->460K(768K) NonClass: 407K(576K)->407K(576K) Class: 53K(192K)->53K(192K)
[15.683s][info][gc             ] GC(68) Pause Young (System.gc()) 42M->1M(7851M) 0.646ms
[15.683s][info][gc,cpu         ] GC(68) User=0.00s Sys=0.00s Real=0.00s
[15.683s][info][gc,start       ] GC(69) Pause Full (System.gc())
[15.683s][info][gc,phases,start] GC(69) Marking Phase
[15.686s][info][gc,phases      ] GC(69) Marking Phase 3.766ms
[15.687s][info][gc,phases,start] GC(69) Summary Phase
[15.687s][info][gc,phases      ] GC(69) Summary Phase 0.011ms
[15.687s][info][gc,phases,start] GC(69) Adjust Roots
[15.687s][info][gc,phases      ] GC(69) Adjust Roots 0.245ms
[15.687s][info][gc,phases,start] GC(69) Compaction Phase
[15.688s][info][gc,phases      ] GC(69) Compaction Phase 1.547ms
[15.688s][info][gc,phases,start] GC(69) Post Compact
[15.690s][info][gc,phases      ] GC(69) Post Compact 1.512ms
[15.690s][info][gc,heap        ] GC(69) PSYoungGen: 256K(2446848K)->0K(2446848K) Eden: 0K(2097664K)->0K(2097664K) From: 256K(349184K)->0K(349184K)
[15.690s][info][gc,heap        ] GC(69) ParOldGen: 1147K(5592576K)->1132K(5592576K)
[15.690s][info][gc,metaspace   ] GC(69) Metaspace: 460K(768K)->418K(768K) NonClass: 407K(576K)->374K(576K) Class: 53K(192K)->43K(192K)
[15.690s][info][gc             ] GC(69) Pause Full (System.gc()) 1M->1M(7851M) 7.267ms
[15.690s][info][gc,cpu         ] GC(69) User=0.03s Sys=0.00s Real=0.01s
[16.142s][info][gc,start       ] GC(70) Pause Young (System.gc())
[16.143s][info][gc,heap        ] GC(70) PSYoungGen: 41953K(2446848K)->128K(2446848K) Eden: 41953K(2097664K)->0K(2097664K) From: 0K(349184K)->128K(349184K)
[16.143s][info][gc,heap        ] GC(70) ParOldGen: 1132K(5592576K)->1132K(5592576K)
[16.143s][info][gc,metaspace   ] GC(70) Metaspace: 423K(768K)->423K(768K) NonClass: 378K(576K)->378K(576K) Class: 45K(192K)->45K(192K)
[16.143s][info][gc             ] GC(70) Pause Young (System.gc()) 42M->1M(7851M) 0.501ms
[16.143s][info][gc,cpu         ] GC(70) User=0.00s Sys=0.00s Real=0.00s
[16.143s][info][gc,start       ] GC(71) Pause Full (System.gc())
[16.143s][info][gc,phases,start] GC(71) Marking Phase
[16.146s][info][gc,phases      ] GC(71) Marking Phase 2.733ms
[16.146s][info][gc,phases,start] GC(71) Summary Phase
[16.146s][info][gc,phases      ] GC(71) Summary Phase 0.010ms
[16.146s][info][gc,phases,start] GC(71) Adjust Roots
[16.146s][info][gc,phases      ] GC(71) Adjust Roots 0.252ms
[16.146s][info][gc,phases,start] GC(71) Compaction Phase
[16.147s][info][gc,phases      ] GC(71) Compaction Phase 1.214ms
[16.147s][info][gc,phases,start] GC(71) Post Compact
[16.148s][info][gc,phases      ] GC(71) Post Compact 0.524ms
[16.148s][info][gc,heap        ] GC(71) PSYoungGen: 128K(2446848K)->0K(2446848K) Eden: 0K(2097664K)->0K(2097664K) From: 128K(349184K)->0K(349184K)
[16.148s][info][gc,heap        ] GC(71) ParOldGen: 1132K(5592576K)->1133K(5592576K)
[16.148s][info][gc,metaspace   ] GC(71) Metaspace: 423K(768K)->420K(768K) NonClass: 378K(576K)->376K(576K) Class: 45K(192K)->44K(192K)
[16.148s][info][gc             ] GC(71) Pause Full (System.gc()) 1M->1M(7851M) 4.946ms
[16.148s][info][gc,cpu         ] GC(71) User=0.01s Sys=0.00s Real=0.01s
[16.605s][info][gc,start       ] GC(72) Pause Young (System.gc())
[16.605s][info][gc,heap        ] GC(72) PSYoungGen: 41953K(2446848K)->128K(2446848K) Eden: 41953K(2097664K)->0K(2097664K) From: 0K(349184K)->128K(349184K)
[16.605s][info][gc,heap        ] GC(72) ParOldGen: 1133K(5592576K)->1133K(5592576K)
[16.605s][info][gc,metaspace   ] GC(72) Metaspace: 427K(768K)->427K(768K) NonClass: 381K(576K)->381K(576K) Class: 46K(192K)->46K(192K)
[16.605s][info][gc             ] GC(72) Pause Young (System.gc()) 42M->1M(7851M) 0.258ms
[16.605s][info][gc,cpu         ] GC(72) User=0.00s Sys=0.00s Real=0.00s
[16.605s][info][gc,start       ] GC(73) Pause Full (System.gc())
[16.605s][info][gc,phases,start] GC(73) Marking Phase
[16.609s][info][gc,phases      ] GC(73) Marking Phase 3.769ms
[16.609s][info][gc,phases,start] GC(73) Summary Phase
[16.609s][info][gc,phases      ] GC(73) Summary Phase 0.009ms
[16.609s][info][gc,phases,start] GC(73) Adjust Roots
[16.609s][info][gc,phases      ] GC(73) Adjust Roots 0.262ms
[16.609s][info][gc,phases,start] GC(73) Compaction Phase
[16.610s][info][gc,phases      ] GC(73) Compaction Phase 1.221ms
[16.610s][info][gc,phases,start] GC(73) Post Compact
[16.611s][info][gc,phases      ] GC(73) Post Compact 0.574ms
[16.611s][info][gc,heap        ] GC(73) PSYoungGen: 128K(2446848K)->0K(2446848K) Eden: 0K(2097664K)->0K(2097664K) From: 128K(349184K)->0K(349184K)
[16.611s][info][gc,heap        ] GC(73) ParOldGen: 1133K(5592576K)->1136K(5592576K)
[16.611s][info][gc,metaspace   ] GC(73) Metaspace: 427K(768K)->427K(768K) NonClass: 381K(576K)->381K(576K) Class: 46K(192K)->46K(192K)
[16.611s][info][gc             ] GC(73) Pause Full (System.gc()) 1M->1M(7851M) 5.991ms
[16.611s][info][gc,cpu         ] GC(73) User=0.03s Sys=0.01s Real=0.01s
[17.065s][info][gc,start       ] GC(74) Pause Young (System.gc())
[17.066s][info][gc,heap        ] GC(74) PSYoungGen: 41953K(2446848K)->128K(2446848K) Eden: 41953K(2097664K)->0K(2097664K) From: 0K(349184K)->128K(349184K)
[17.066s][info][gc,heap        ] GC(74) ParOldGen: 1136K(5592576K)->1136K(5592576K)
[17.066s][info][gc,metaspace   ] GC(74) Metaspace: 433K(768K)->433K(768K) NonClass: 385K(576K)->385K(576K) Class: 47K(192K)->47K(192K)
[17.066s][info][gc             ] GC(74) Pause Young (System.gc()) 42M->1M(7851M) 0.445ms
[17.066s][info][gc,cpu         ] GC(74) User=0.00s Sys=0.00s Real=0.00s
[17.066s][info][gc,start       ] GC(75) Pause Full (System.gc())
[17.066s][info][gc,phases,start] GC(75) Marking Phase
[17.067s][info][gc,phases      ] GC(75) Marking Phase 1.280ms
[17.067s][info][gc,phases,start] GC(75) Summary Phase
[17.067s][info][gc,phases      ] GC(75) Summary Phase 0.013ms
[17.067s][info][gc,phases,start] GC(75) Adjust Roots
[17.068s][info][gc,phases      ] GC(75) Adjust Roots 0.216ms
[17.068s][info][gc,phases,start] GC(75) Compaction Phase
[17.069s][info][gc,phases      ] GC(75) Compaction Phase 1.002ms
[17.069s][info][gc,phases,start] GC(75) Post Compact
[17.069s][info][gc,phases      ] GC(75) Post Compact 0.534ms
[17.069s][info][gc,heap        ] GC(75) PSYoungGen: 128K(2446848K)->0K(2446848K) Eden: 0K(2097664K)->0K(2097664K) From: 128K(349184K)->0K(349184K)
[17.069s][info][gc,heap        ] GC(75) ParOldGen: 1136K(5592576K)->1139K(5592576K)
[17.069s][info][gc,metaspace   ] GC(75) Metaspace: 433K(768K)->433K(768K) NonClass: 385K(576K)->385K(576K) Class: 47K(192K)->47K(192K)
[17.069s][info][gc             ] GC(75) Pause Full (System.gc()) 1M->1M(7851M) 3.273ms
[17.069s][info][gc,cpu         ] GC(75) User=0.01s Sys=0.00s Real=0.00s
[17.522s][info][gc,start       ] GC(76) Pause Young (System.gc())
[17.522s][info][gc,heap        ] GC(76) PSYoungGen: 41953K(2446848K)->160K(2446848K) Eden: 41953K(2097664K)->0K(2097664K) From: 0K(349184K)->160K(349184K)
[17.522s][info][gc,heap        ] GC(76) ParOldGen: 1139K(5592576K)->1139K(5592576K)
[17.522s][info][gc,metaspace   ] GC(76) Metaspace: 438K(768K)->438K(768K) NonClass: 388K(576K)->388K(576K) Class: 49K(192K)->49K(192K)
[17.522s][info][gc             ] GC(76) Pause Young (System.gc()) 42M->1M(7851M) 0.378ms
[17.522s][info][gc,cpu         ] GC(76) User=0.00s Sys=0.00s Real=0.00s
[17.522s][info][gc,start       ] GC(77) Pause Full (System.gc())
[17.522s][info][gc,phases,start] GC(77) Marking Phase
[17.527s][info][gc,phases      ] GC(77) Marking Phase 4.229ms
[17.527s][info][gc,phases,start] GC(77) Summary Phase
[17.527s][info][gc,phases      ] GC(77) Summary Phase 0.009ms
[17.527s][info][gc,phases,start] GC(77) Adjust Roots
[17.527s][info][gc,phases      ] GC(77) Adjust Roots 0.254ms
[17.527s][info][gc,phases,start] GC(77) Compaction Phase
[17.528s][info][gc,phases      ] GC(77) Compaction Phase 1.107ms
[17.528s][info][gc,phases,start] GC(77) Post Compact
[17.529s][info][gc,phases      ] GC(77) Post Compact 0.552ms
[17.529s][info][gc,heap        ] GC(77) PSYoungGen: 160K(2446848K)->0K(2446848K) Eden: 0K(2097664K)->0K(2097664K) From: 160K(349184K)->0K(349184K)
[17.529s][info][gc,heap        ] GC(77) ParOldGen: 1139K(5592576K)->1139K(5592576K)
[17.529s][info][gc,metaspace   ] GC(77) Metaspace: 438K(768K)->435K(768K) NonClass: 388K(576K)->387K(576K) Class: 49K(192K)->48K(192K)
[17.529s][info][gc             ] GC(77) Pause Full (System.gc()) 1M->1M(7851M) 6.316ms
[17.529s][info][gc,cpu         ] GC(77) User=0.03s Sys=0.01s Real=0.01s
[17.982s][info][gc,start       ] GC(78) Pause Young (System.gc())
[17.982s][info][gc,heap        ] GC(78) PSYoungGen: 41953K(2446848K)->160K(2446848K) Eden: 41953K(2097664K)->0K(2097664K) From: 0K(349184K)->160K(349184K)
[17.982s][info][gc,heap        ] GC(78) ParOldGen: 1139K(5592576K)->1139K(5592576K)
[17.982s][info][gc,metaspace   ] GC(78) Metaspace: 441K(768K)->441K(768K) NonClass: 391K(576K)->391K(576K) Class: 49K(192K)->49K(192K)
[17.982s][info][gc             ] GC(78) Pause Young (System.gc()) 42M->1M(7851M) 0.456ms
[17.982s][info][gc,cpu         ] GC(78) User=0.00s Sys=0.00s Real=0.00s
[17.982s][info][gc,start       ] GC(79) Pause Full (System.gc())
[17.982s][info][gc,phases,start] GC(79) Marking Phase
[17.986s][info][gc,phases      ] GC(79) Marking Phase 3.673ms
[17.986s][info][gc,phases,start] GC(79) Summary Phase
[17.986s][info][gc,phases      ] GC(79) Summary Phase 0.008ms
[17.986s][info][gc,phases,start] GC(79) Adjust Roots
[17.986s][info][gc,phases      ] GC(79) Adjust Roots 0.279ms
[17.986s][info][gc,phases,start] GC(79) Compaction Phase
[17.988s][info][gc,phases      ] GC(79) Compaction Phase 1.172ms
[17.988s][info][gc,phases,start] GC(79) Post Compact
[17.988s][info][gc,phases      ] GC(79) Post Compact 0.481ms
[17.988s][info][gc,heap        ] GC(79) PSYoungGen: 160K(2446848K)->0K(2446848K) Eden: 0K(2097664K)->0K(2097664K) From: 160K(349184K)->0K(349184K)
[17.988s][info][gc,heap        ] GC(79) ParOldGen: 1139K(5592576K)->1141K(5592576K)
[17.988s][info][gc,metaspace   ] GC(79) Metaspace: 441K(768K)->440K(768K) NonClass: 391K(576K)->390K(576K) Class: 49K(192K)->49K(192K)
[17.988s][info][gc             ] GC(79) Pause Full (System.gc()) 1M->1M(7851M) 5.772ms
[17.988s][info][gc,cpu         ] GC(79) User=0.03s Sys=0.00s Real=0.01s
[18.443s][info][gc,start       ] GC(80) Pause Young (System.gc())
[18.444s][info][gc,heap        ] GC(80) PSYoungGen: 41953K(2446848K)->128K(2446848K) Eden: 41953K(2097664K)->0K(2097664K) From: 0K(349184K)->128K(349184K)
[18.444s][info][gc,heap        ] GC(80) ParOldGen: 1141K(5592576K)->1141K(5592576K)
[18.444s][info][gc,metaspace   ] GC(80) Metaspace: 446K(768K)->446K(768K) NonClass: 395K(576K)->395K(576K) Class: 51K(192K)->51K(192K)
[18.444s][info][gc             ] GC(80) Pause Young (System.gc()) 42M->1M(7851M) 0.468ms
[18.444s][info][gc,cpu         ] GC(80) User=0.00s Sys=0.00s Real=0.00s
[18.444s][info][gc,start       ] GC(81) Pause Full (System.gc())
[18.444s][info][gc,phases,start] GC(81) Marking Phase
[18.447s][info][gc,phases      ] GC(81) Marking Phase 3.553ms
[18.447s][info][gc,phases,start] GC(81) Summary Phase
[18.447s][info][gc,phases      ] GC(81) Summary Phase 0.012ms
[18.447s][info][gc,phases,start] GC(81) Adjust Roots
[18.448s][info][gc,phases      ] GC(81) Adjust Roots 0.276ms
[18.448s][info][gc,phases,start] GC(81) Compaction Phase
[18.449s][info][gc,phases      ] GC(81) Compaction Phase 1.120ms
[18.449s][info][gc,phases,start] GC(81) Post Compact
[18.449s][info][gc,phases      ] GC(81) Post Compact 0.469ms
[18.449s][info][gc,heap        ] GC(81) PSYoungGen: 128K(2446848K)->0K(2446848K) Eden: 0K(2097664K)->0K(2097664K) From: 128K(349184K)->0K(349184K)
[18.449s][info][gc,heap        ] GC(81) ParOldGen: 1141K(5592576K)->1143K(5592576K)
[18.449s][info][gc,metaspace   ] GC(81) Metaspace: 446K(768K)->446K(768K) NonClass: 395K(576K)->395K(576K) Class: 51K(192K)->51K(192K)
[18.449s][info][gc             ] GC(81) Pause Full (System.gc()) 1M->1M(7851M) 5.627ms
[18.449s][info][gc,cpu         ] GC(81) User=0.03s Sys=0.01s Real=0.01s
[18.903s][info][gc,start       ] GC(82) Pause Young (System.gc())
[18.903s][info][gc,heap        ] GC(82) PSYoungGen: 83906K(2446848K)->128K(2446848K) Eden: 83906K(2097664K)->0K(2097664K) From: 0K(349184K)->128K(349184K)
[18.903s][info][gc,heap        ] GC(82) ParOldGen: 1143K(5592576K)->1143K(5592576K)
[18.903s][info][gc,metaspace   ] GC(82) Metaspace: 455K(768K)->455K(768K) NonClass: 402K(576K)->402K(576K) Class: 52K(192K)->52K(192K)
[18.903s][info][gc             ] GC(82) Pause Young (System.gc()) 83M->1M(7851M) 0.387ms
[18.903s][info][gc,cpu         ] GC(82) User=0.00s Sys=0.00s Real=0.00s
[18.903s][info][gc,start       ] GC(83) Pause Full (System.gc())
[18.903s][info][gc,phases,start] GC(83) Marking Phase
[18.907s][info][gc,phases      ] GC(83) Marking Phase 3.537ms
[18.907s][info][gc,phases,start] GC(83) Summary Phase
[18.907s][info][gc,phases      ] GC(83) Summary Phase 0.008ms
[18.907s][info][gc,phases,start] GC(83) Adjust Roots
[18.907s][info][gc,phases      ] GC(83) Adjust Roots 0.285ms
[18.907s][info][gc,phases,start] GC(83) Compaction Phase
[18.908s][info][gc,phases      ] GC(83) Compaction Phase 1.132ms
[18.908s][info][gc,phases,start] GC(83) Post Compact
[18.909s][info][gc,phases      ] GC(83) Post Compact 0.587ms
[18.909s][info][gc,heap        ] GC(83) PSYoungGen: 128K(2446848K)->0K(2446848K) Eden: 0K(2097664K)->0K(2097664K) From: 128K(349184K)->0K(349184K)
[18.909s][info][gc,heap        ] GC(83) ParOldGen: 1143K(5592576K)->1146K(5592576K)
[18.909s][info][gc,metaspace   ] GC(83) Metaspace: 455K(768K)->455K(768K) NonClass: 402K(576K)->402K(576K) Class: 52K(192K)->52K(192K)
[18.909s][info][gc             ] GC(83) Pause Full (System.gc()) 1M->1M(7851M) 5.733ms
[18.909s][info][gc,cpu         ] GC(83) User=0.02s Sys=0.00s Real=0.01s
[19.365s][info][gc,start       ] GC(84) Pause Young (System.gc())
[19.365s][info][gc,heap        ] GC(84) PSYoungGen: 41953K(2446848K)->128K(2446848K) Eden: 41953K(2097664K)->0K(2097664K) From: 0K(349184K)->128K(349184K)
[19.365s][info][gc,heap        ] GC(84) ParOldGen: 1146K(5592576K)->1146K(5592576K)
[19.365s][info][gc,metaspace   ] GC(84) Metaspace: 467K(768K)->467K(768K) NonClass: 412K(576K)->412K(576K) Class: 54K(192K)->54K(192K)
[19.365s][info][gc             ] GC(84) Pause Young (System.gc()) 42M->1M(7851M) 0.417ms
[19.365s][info][gc,cpu         ] GC(84) User=0.00s Sys=0.00s Real=0.01s
[19.365s][info][gc,start       ] GC(85) Pause Full (System.gc())
[19.365s][info][gc,phases,start] GC(85) Marking Phase
[19.369s][info][gc,phases      ] GC(85) Marking Phase 3.647ms
[19.369s][info][gc,phases,start] GC(85) Summary Phase
[19.369s][info][gc,phases      ] GC(85) Summary Phase 0.012ms
[19.369s][info][gc,phases,start] GC(85) Adjust Roots
[19.369s][info][gc,phases      ] GC(85) Adjust Roots 0.303ms
[19.369s][info][gc,phases,start] GC(85) Compaction Phase
[19.370s][info][gc,phases      ] GC(85) Compaction Phase 1.103ms
[19.370s][info][gc,phases,start] GC(85) Post Compact
[19.371s][info][gc,phases      ] GC(85) Post Compact 0.331ms
[19.371s][info][gc,heap        ] GC(85) PSYoungGen: 128K(2446848K)->0K(2446848K) Eden: 0K(2097664K)->0K(2097664K) From: 128K(349184K)->0K(349184K)
[19.371s][info][gc,heap        ] GC(85) ParOldGen: 1146K(5592576K)->1149K(5592576K)
[19.371s][info][gc,metaspace   ] GC(85) Metaspace: 467K(768K)->467K(768K) NonClass: 412K(576K)->412K(576K) Class: 54K(192K)->54K(192K)
[19.371s][info][gc             ] GC(85) Pause Full (System.gc()) 1M->1M(7851M) 5.488ms
[19.371s][info][gc,cpu         ] GC(85) User=0.03s Sys=0.01s Real=0.00s
[19.823s][info][gc,start       ] GC(86) Pause Young (System.gc())
[19.823s][info][gc,heap        ] GC(86) PSYoungGen: 41953K(2446848K)->96K(2446848K) Eden: 41953K(2097664K)->0K(2097664K) From: 0K(349184K)->96K(349184K)
[19.823s][info][gc,heap        ] GC(86) ParOldGen: 1149K(5592576K)->1149K(5592576K)
[19.823s][info][gc,metaspace   ] GC(86) Metaspace: 472K(768K)->472K(768K) NonClass: 415K(576K)->415K(576K) Class: 56K(192K)->56K(192K)
[19.823s][info][gc             ] GC(86) Pause Young (System.gc()) 42M->1M(7851M) 0.437ms
[19.823s][info][gc,cpu         ] GC(86) User=0.00s Sys=0.00s Real=0.00s
[19.823s][info][gc,start       ] GC(87) Pause Full (System.gc())
[19.823s][info][gc,phases,start] GC(87) Marking Phase
[19.827s][info][gc,phases      ] GC(87) Marking Phase 3.055ms
[19.827s][info][gc,phases,start] GC(87) Summary Phase
[19.827s][info][gc,phases      ] GC(87) Summary Phase 0.012ms
[19.827s][info][gc,phases,start] GC(87) Adjust Roots
[19.827s][info][gc,phases      ] GC(87) Adjust Roots 0.303ms
[19.827s][info][gc,phases,start] GC(87) Compaction Phase
[19.828s][info][gc,phases      ] GC(87) Compaction Phase 1.117ms
[19.828s][info][gc,phases,start] GC(87) Post Compact
[19.829s][info][gc,phases      ] GC(87) Post Compact 0.457ms
[19.829s][info][gc,heap        ] GC(87) PSYoungGen: 96K(2446848K)->0K(2446848K) Eden: 0K(2097664K)->0K(2097664K) From: 96K(349184K)->0K(349184K)
[19.829s][info][gc,heap        ] GC(87) ParOldGen: 1149K(5592576K)->1152K(5592576K)
[19.829s][info][gc,metaspace   ] GC(87) Metaspace: 472K(768K)->472K(768K) NonClass: 415K(576K)->415K(576K) Class: 56K(192K)->56K(192K)
[19.829s][info][gc             ] GC(87) Pause Full (System.gc()) 1M->1M(7851M) 5.159ms
[19.829s][info][gc,cpu         ] GC(87) User=0.02s Sys=0.00s Real=0.01s
[20.284s][info][gc,start       ] GC(88) Pause Young (System.gc())
[20.284s][info][gc,heap        ] GC(88) PSYoungGen: 41953K(2446848K)->128K(2446848K) Eden: 41953K(2097664K)->0K(2097664K) From: 0K(349184K)->128K(349184K)
[20.284s][info][gc,heap        ] GC(88) ParOldGen: 1152K(5592576K)->1152K(5592576K)
[20.284s][info][gc,metaspace   ] GC(88) Metaspace: 477K(768K)->477K(768K) NonClass: 419K(576K)->419K(576K) Class: 58K(192K)->58K(192K)
[20.284s][info][gc             ] GC(88) Pause Young (System.gc()) 42M->1M(7851M) 0.422ms
[20.284s][info][gc,cpu         ] GC(88) User=0.00s Sys=0.00s Real=0.00s
[20.285s][info][gc,start       ] GC(89) Pause Full (System.gc())
[20.285s][info][gc,phases,start] GC(89) Marking Phase
[20.289s][info][gc,phases      ] GC(89) Marking Phase 4.243ms
[20.289s][info][gc,phases,start] GC(89) Summary Phase
[20.289s][info][gc,phases      ] GC(89) Summary Phase 0.011ms
[20.289s][info][gc,phases,start] GC(89) Adjust Roots
[20.289s][info][gc,phases      ] GC(89) Adjust Roots 0.264ms
[20.289s][info][gc,phases,start] GC(89) Compaction Phase
[20.290s][info][gc,phases      ] GC(89) Compaction Phase 1.124ms
[20.290s][info][gc,phases,start] GC(89) Post Compact
[20.291s][info][gc,phases      ] GC(89) Post Compact 0.555ms
[20.291s][info][gc,heap        ] GC(89) PSYoungGen: 128K(2446848K)->0K(2446848K) Eden: 0K(2097664K)->0K(2097664K) From: 128K(349184K)->0K(349184K)
[20.291s][info][gc,heap        ] GC(89) ParOldGen: 1152K(5592576K)->1130K(5592576K)
[20.291s][info][gc,metaspace   ] GC(89) Metaspace: 477K(768K)->434K(768K) NonClass: 419K(576K)->394K(576K) Class: 58K(192K)->40K(192K)
[20.291s][info][gc             ] GC(89) Pause Full (System.gc()) 1M->1M(7851M) 6.321ms
[20.291s][info][gc,cpu         ] GC(89) User=0.04s Sys=0.00s Real=0.01s
[20.746s][info][gc,start       ] GC(90) Pause Young (System.gc())
[20.746s][info][gc,heap        ] GC(90) PSYoungGen: 41953K(2446848K)->160K(2446848K) Eden: 41953K(2097664K)->0K(2097664K) From: 0K(349184K)->160K(349184K)
[20.746s][info][gc,heap        ] GC(90) ParOldGen: 1130K(5592576K)->1130K(5592576K)
[20.746s][info][gc,metaspace   ] GC(90) Metaspace: 439K(768K)->439K(768K) NonClass: 398K(576K)->398K(576K) Class: 41K(192K)->41K(192K)
[20.746s][info][gc             ] GC(90) Pause Young (System.gc()) 42M->1M(7851M) 0.402ms
[20.746s][info][gc,cpu         ] GC(90) User=0.00s Sys=0.00s Real=0.00s
[20.746s][info][gc,start       ] GC(91) Pause Full (System.gc())
[20.746s][info][gc,phases,start] GC(91) Marking Phase
[20.750s][info][gc,phases      ] GC(91) Marking Phase 3.829ms
[20.750s][info][gc,phases,start] GC(91) Summary Phase
[20.750s][info][gc,phases      ] GC(91) Summary Phase 0.012ms
[20.750s][info][gc,phases,start] GC(91) Adjust Roots
[20.750s][info][gc,phases      ] GC(91) Adjust Roots 0.261ms
[20.750s][info][gc,phases,start] GC(91) Compaction Phase
[20.752s][info][gc,phases      ] GC(91) Compaction Phase 1.147ms
[20.752s][info][gc,phases,start] GC(91) Post Compact
[20.752s][info][gc,phases      ] GC(91) Post Compact 0.500ms
[20.752s][info][gc,heap        ] GC(91) PSYoungGen: 160K(2446848K)->0K(2446848K) Eden: 0K(2097664K)->0K(2097664K) From: 160K(349184K)->0K(349184K)
[20.752s][info][gc,heap        ] GC(91) ParOldGen: 1130K(5592576K)->1131K(5592576K)
[20.752s][info][gc,metaspace   ] GC(91) Metaspace: 439K(768K)->437K(768K) NonClass: 398K(576K)->396K(576K) Class: 41K(192K)->40K(192K)
[20.752s][info][gc             ] GC(91) Pause Full (System.gc()) 1M->1M(7851M) 5.876ms
[20.752s][info][gc,cpu         ] GC(91) User=0.02s Sys=0.00s Real=0.00s
[21.204s][info][gc,start       ] GC(92) Pause Young (System.gc())
[21.204s][info][gc,heap        ] GC(92) PSYoungGen: 41953K(2446848K)->160K(2446848K) Eden: 41953K(2097664K)->0K(2097664K) From: 0K(349184K)->160K(349184K)
[21.204s][info][gc,heap        ] GC(92) ParOldGen: 1131K(5592576K)->1131K(5592576K)
[21.204s][info][gc,metaspace   ] GC(92) Metaspace: 442K(768K)->442K(768K) NonClass: 400K(576K)->400K(576K) Class: 42K(192K)->42K(192K)
[21.204s][info][gc             ] GC(92) Pause Young (System.gc()) 42M->1M(7851M) 0.357ms
[21.204s][info][gc,cpu         ] GC(92) User=0.00s Sys=0.00s Real=0.00s
[21.204s][info][gc,start       ] GC(93) Pause Full (System.gc())
[21.204s][info][gc,phases,start] GC(93) Marking Phase
[21.207s][info][gc,phases      ] GC(93) Marking Phase 2.970ms
[21.207s][info][gc,phases,start] GC(93) Summary Phase
[21.207s][info][gc,phases      ] GC(93) Summary Phase 0.017ms
[21.207s][info][gc,phases,start] GC(93) Adjust Roots
[21.207s][info][gc,phases      ] GC(93) Adjust Roots 0.254ms
[21.207s][info][gc,phases,start] GC(93) Compaction Phase
[21.208s][info][gc,phases      ] GC(93) Compaction Phase 1.044ms
[21.208s][info][gc,phases,start] GC(93) Post Compact
[21.209s][info][gc,phases      ] GC(93) Post Compact 0.460ms
[21.209s][info][gc,heap        ] GC(93) PSYoungGen: 160K(2446848K)->0K(2446848K) Eden: 0K(2097664K)->0K(2097664K) From: 160K(349184K)->0K(349184K)
[21.209s][info][gc,heap        ] GC(93) ParOldGen: 1131K(5592576K)->1134K(5592576K)
[21.209s][info][gc,metaspace   ] GC(93) Metaspace: 442K(768K)->442K(768K) NonClass: 400K(576K)->400K(576K) Class: 42K(192K)->42K(192K)
[21.209s][info][gc             ] GC(93) Pause Full (System.gc()) 1M->1M(7851M) 4.847ms
[21.209s][info][gc,cpu         ] GC(93) User=0.02s Sys=0.00s Real=0.01s
[21.663s][info][gc,start       ] GC(94) Pause Young (System.gc())
[21.664s][info][gc,heap        ] GC(94) PSYoungGen: 41953K(2446848K)->224K(2446848K) Eden: 41953K(2097664K)->0K(2097664K) From: 0K(349184K)->224K(349184K)
[21.664s][info][gc,heap        ] GC(94) ParOldGen: 1134K(5592576K)->1134K(5592576K)
[21.664s][info][gc,metaspace   ] GC(94) Metaspace: 447K(768K)->447K(768K) NonClass: 403K(576K)->403K(576K) Class: 43K(192K)->43K(192K)
[21.664s][info][gc             ] GC(94) Pause Young (System.gc()) 42M->1M(7851M) 0.492ms
[21.664s][info][gc,cpu         ] GC(94) User=0.00s Sys=0.01s Real=0.00s
[21.664s][info][gc,start       ] GC(95) Pause Full (System.gc())
[21.664s][info][gc,phases,start] GC(95) Marking Phase
[21.668s][info][gc,phases      ] GC(95) Marking Phase 3.810ms
[21.668s][info][gc,phases,start] GC(95) Summary Phase
[21.668s][info][gc,phases      ] GC(95) Summary Phase 0.010ms
[21.668s][info][gc,phases,start] GC(95) Adjust Roots
[21.668s][info][gc,phases      ] GC(95) Adjust Roots 0.292ms
[21.668s][info][gc,phases,start] GC(95) Compaction Phase
[21.669s][info][gc,phases      ] GC(95) Compaction Phase 1.005ms
[21.669s][info][gc,phases,start] GC(95) Post Compact
[21.670s][info][gc,phases      ] GC(95) Post Compact 0.469ms
[21.670s][info][gc,heap        ] GC(95) PSYoungGen: 224K(2446848K)->0K(2446848K) Eden: 0K(2097664K)->0K(2097664K) From: 224K(349184K)->0K(349184K)
[21.670s][info][gc,heap        ] GC(95) ParOldGen: 1134K(5592576K)->1137K(5592576K)
[21.670s][info][gc,metaspace   ] GC(95) Metaspace: 447K(768K)->447K(768K) NonClass: 403K(576K)->403K(576K) Class: 43K(192K)->43K(192K)
[21.670s][info][gc             ] GC(95) Pause Full (System.gc()) 1M->1M(7851M) 5.782ms
[21.670s][info][gc,cpu         ] GC(95) User=0.03s Sys=0.00s Real=0.01s
[22.123s][info][gc,start       ] GC(96) Pause Young (System.gc())
[22.123s][info][gc,heap        ] GC(96) PSYoungGen: 41953K(2446848K)->128K(2446848K) Eden: 41953K(2097664K)->0K(2097664K) From: 0K(349184K)->128K(349184K)
[22.123s][info][gc,heap        ] GC(96) ParOldGen: 1137K(5592576K)->1137K(5592576K)
[22.123s][info][gc,metaspace   ] GC(96) Metaspace: 452K(768K)->452K(768K) NonClass: 406K(576K)->406K(576K) Class: 45K(192K)->45K(192K)
[22.123s][info][gc             ] GC(96) Pause Young (System.gc()) 42M->1M(7851M) 0.438ms
[22.123s][info][gc,cpu         ] GC(96) User=0.00s Sys=0.00s Real=0.00s
[22.123s][info][gc,start       ] GC(97) Pause Full (System.gc())
[22.123s][info][gc,phases,start] GC(97) Marking Phase
[22.127s][info][gc,phases      ] GC(97) Marking Phase 3.709ms
[22.127s][info][gc,phases,start] GC(97) Summary Phase
[22.127s][info][gc,phases      ] GC(97) Summary Phase 0.012ms
[22.127s][info][gc,phases,start] GC(97) Adjust Roots
[22.127s][info][gc,phases      ] GC(97) Adjust Roots 0.309ms
[22.127s][info][gc,phases,start] GC(97) Compaction Phase
[22.129s][info][gc,phases      ] GC(97) Compaction Phase 1.149ms
[22.129s][info][gc,phases,start] GC(97) Post Compact
[22.129s][info][gc,phases      ] GC(97) Post Compact 0.373ms
[22.129s][info][gc,heap        ] GC(97) PSYoungGen: 128K(2446848K)->0K(2446848K) Eden: 0K(2097664K)->0K(2097664K) From: 128K(349184K)->0K(349184K)
[22.129s][info][gc,heap        ] GC(97) ParOldGen: 1137K(5592576K)->1140K(5592576K)
[22.129s][info][gc,metaspace   ] GC(97) Metaspace: 452K(768K)->452K(768K) NonClass: 406K(576K)->406K(576K) Class: 45K(192K)->45K(192K)
[22.129s][info][gc             ] GC(97) Pause Full (System.gc()) 1M->1M(7851M) 5.688ms
[22.129s][info][gc,cpu         ] GC(97) User=0.03s Sys=0.00s Real=0.01s
[22.580s][info][gc,start       ] GC(98) Pause Young (System.gc())
[22.581s][info][gc,heap        ] GC(98) PSYoungGen: 41953K(2446848K)->192K(2446848K) Eden: 41953K(2097664K)->0K(2097664K) From: 0K(349184K)->192K(349184K)
[22.581s][info][gc,heap        ] GC(98) ParOldGen: 1140K(5592576K)->1140K(5592576K)
[22.581s][info][gc,metaspace   ] GC(98) Metaspace: 457K(768K)->457K(768K) NonClass: 409K(576K)->409K(576K) Class: 47K(192K)->47K(192K)
[22.581s][info][gc             ] GC(98) Pause Young (System.gc()) 42M->1M(7851M) 0.434ms
[22.581s][info][gc,cpu         ] GC(98) User=0.00s Sys=0.01s Real=0.00s
[22.581s][info][gc,start       ] GC(99) Pause Full (System.gc())
[22.581s][info][gc,phases,start] GC(99) Marking Phase
[22.584s][info][gc,phases      ] GC(99) Marking Phase 3.446ms
[22.584s][info][gc,phases,start] GC(99) Summary Phase
[22.584s][info][gc,phases      ] GC(99) Summary Phase 0.012ms
[22.584s][info][gc,phases,start] GC(99) Adjust Roots
[22.585s][info][gc,phases      ] GC(99) Adjust Roots 0.282ms
[22.585s][info][gc,phases,start] GC(99) Compaction Phase
[22.586s][info][gc,phases      ] GC(99) Compaction Phase 1.163ms
[22.586s][info][gc,phases,start] GC(99) Post Compact
[22.586s][info][gc,phases      ] GC(99) Post Compact 0.467ms
[22.586s][info][gc,heap        ] GC(99) PSYoungGen: 192K(2446848K)->0K(2446848K) Eden: 0K(2097664K)->0K(2097664K) From: 192K(349184K)->0K(349184K)
[22.586s][info][gc,heap        ] GC(99) ParOldGen: 1140K(5592576K)->1143K(5592576K)
[22.586s][info][gc,metaspace   ] GC(99) Metaspace: 457K(768K)->457K(768K) NonClass: 409K(576K)->409K(576K) Class: 47K(192K)->47K(192K)
[22.586s][info][gc             ] GC(99) Pause Full (System.gc()) 1M->1M(7851M) 5.606ms
[22.586s][info][gc,cpu         ] GC(99) User=0.03s Sys=0.00s Real=0.01s
[23.038s][info][gc,start       ] GC(100) Pause Young (System.gc())
[23.038s][info][gc,heap        ] GC(100) PSYoungGen: 41953K(2446848K)->160K(2446848K) Eden: 41953K(2097664K)->0K(2097664K) From: 0K(349184K)->160K(349184K)
[23.038s][info][gc,heap        ] GC(100) ParOldGen: 1143K(5592576K)->1143K(5592576K)
[23.038s][info][gc,metaspace   ] GC(100) Metaspace: 462K(768K)->462K(768K) NonClass: 413K(576K)->413K(576K) Class: 49K(192K)->49K(192K)
[23.038s][info][gc             ] GC(100) Pause Young (System.gc()) 42M->1M(7851M) 0.295ms
[23.038s][info][gc,cpu         ] GC(100) User=0.00s Sys=0.00s Real=0.00s
[23.038s][info][gc,start       ] GC(101) Pause Full (System.gc())
[23.038s][info][gc,phases,start] GC(101) Marking Phase
[23.041s][info][gc,phases      ] GC(101) Marking Phase 2.426ms
[23.041s][info][gc,phases,start] GC(101) Summary Phase
[23.041s][info][gc,phases      ] GC(101) Summary Phase 0.011ms
[23.041s][info][gc,phases,start] GC(101) Adjust Roots
[23.041s][info][gc,phases      ] GC(101) Adjust Roots 0.235ms
[23.041s][info][gc,phases,start] GC(101) Compaction Phase
[23.042s][info][gc,phases      ] GC(101) Compaction Phase 0.806ms
[23.042s][info][gc,phases,start] GC(101) Post Compact
[23.042s][info][gc,phases      ] GC(101) Post Compact 0.322ms
[23.042s][info][gc,heap        ] GC(101) PSYoungGen: 160K(2446848K)->0K(2446848K) Eden: 0K(2097664K)->0K(2097664K) From: 160K(349184K)->0K(349184K)
[23.042s][info][gc,heap        ] GC(101) ParOldGen: 1143K(5592576K)->1145K(5592576K)
[23.042s][info][gc,metaspace   ] GC(101) Metaspace: 462K(768K)->462K(768K) NonClass: 413K(576K)->413K(576K) Class: 49K(192K)->49K(192K)
[23.042s][info][gc             ] GC(101) Pause Full (System.gc()) 1M->1M(7851M) 3.934ms
[23.042s][info][gc,cpu         ] GC(101) User=0.02s Sys=0.00s Real=0.00s
[23.495s][info][gc,start       ] GC(102) Pause Young (System.gc())
[23.496s][info][gc,heap        ] GC(102) PSYoungGen: 41953K(2446848K)->128K(2446848K) Eden: 41953K(2097664K)->0K(2097664K) From: 0K(349184K)->128K(349184K)
[23.496s][info][gc,heap        ] GC(102) ParOldGen: 1145K(5592576K)->1145K(5592576K)
[23.496s][info][gc,metaspace   ] GC(102) Metaspace: 467K(768K)->467K(768K) NonClass: 416K(576K)->416K(576K) Class: 50K(192K)->50K(192K)
[23.496s][info][gc             ] GC(102) Pause Young (System.gc()) 42M->1M(7851M) 0.545ms
[23.496s][info][gc,cpu         ] GC(102) User=0.00s Sys=0.00s Real=0.00s
[23.496s][info][gc,start       ] GC(103) Pause Full (System.gc())
[23.496s][info][gc,phases,start] GC(103) Marking Phase
[23.499s][info][gc,phases      ] GC(103) Marking Phase 3.242ms
[23.499s][info][gc,phases,start] GC(103) Summary Phase
[23.499s][info][gc,phases      ] GC(103) Summary Phase 0.017ms
[23.499s][info][gc,phases,start] GC(103) Adjust Roots
[23.499s][info][gc,phases      ] GC(103) Adjust Roots 0.319ms
[23.500s][info][gc,phases,start] GC(103) Compaction Phase
[23.501s][info][gc,phases      ] GC(103) Compaction Phase 1.069ms
[23.501s][info][gc,phases,start] GC(103) Post Compact
[23.501s][info][gc,phases      ] GC(103) Post Compact 0.482ms
[23.501s][info][gc,heap        ] GC(103) PSYoungGen: 128K(2446848K)->0K(2446848K) Eden: 0K(2097664K)->0K(2097664K) From: 128K(349184K)->0K(349184K)
[23.501s][info][gc,heap        ] GC(103) ParOldGen: 1145K(5592576K)->1148K(5592576K)
[23.501s][info][gc,metaspace   ] GC(103) Metaspace: 467K(768K)->467K(768K) NonClass: 416K(576K)->416K(576K) Class: 50K(192K)->50K(192K)
[23.501s][info][gc             ] GC(103) Pause Full (System.gc()) 1M->1M(7851M) 5.316ms
[23.501s][info][gc,cpu         ] GC(103) User=0.03s Sys=0.01s Real=0.00s
[23.953s][info][gc,start       ] GC(104) Pause Young (System.gc())
[23.954s][info][gc,heap        ] GC(104) PSYoungGen: 41953K(2446848K)->96K(2446848K) Eden: 41953K(2097664K)->0K(2097664K) From: 0K(349184K)->96K(349184K)
[23.954s][info][gc,heap        ] GC(104) ParOldGen: 1148K(5592576K)->1148K(5592576K)
[23.954s][info][gc,metaspace   ] GC(104) Metaspace: 472K(768K)->472K(768K) NonClass: 419K(576K)->419K(576K) Class: 52K(192K)->52K(192K)
[23.954s][info][gc             ] GC(104) Pause Young (System.gc()) 42M->1M(7851M) 0.455ms
[23.954s][info][gc,cpu         ] GC(104) User=0.00s Sys=0.00s Real=0.00s
[23.954s][info][gc,start       ] GC(105) Pause Full (System.gc())
[23.954s][info][gc,phases,start] GC(105) Marking Phase
[23.957s][info][gc,phases      ] GC(105) Marking Phase 3.674ms
[23.957s][info][gc,phases,start] GC(105) Summary Phase
[23.957s][info][gc,phases      ] GC(105) Summary Phase 0.014ms
[23.957s][info][gc,phases,start] GC(105) Adjust Roots
[23.958s][info][gc,phases      ] GC(105) Adjust Roots 0.301ms
[23.958s][info][gc,phases,start] GC(105) Compaction Phase
[23.959s][info][gc,phases      ] GC(105) Compaction Phase 1.130ms
[23.959s][info][gc,phases,start] GC(105) Post Compact
[23.959s][info][gc,phases      ] GC(105) Post Compact 0.467ms
[23.960s][info][gc,heap        ] GC(105) PSYoungGen: 96K(2446848K)->0K(2446848K) Eden: 0K(2097664K)->0K(2097664K) From: 96K(349184K)->0K(349184K)
[23.960s][info][gc,heap        ] GC(105) ParOldGen: 1148K(5592576K)->1151K(5592576K)
[23.960s][info][gc,metaspace   ] GC(105) Metaspace: 472K(768K)->472K(768K) NonClass: 419K(576K)->419K(576K) Class: 52K(192K)->52K(192K)
[23.960s][info][gc             ] GC(105) Pause Full (System.gc()) 1M->1M(7851M) 5.795ms
[23.960s][info][gc,cpu         ] GC(105) User=0.03s Sys=0.00s Real=0.01s
[24.413s][info][gc,start       ] GC(106) Pause Young (System.gc())
[24.414s][info][gc,heap        ] GC(106) PSYoungGen: 41953K(2446848K)->128K(2446848K) Eden: 41953K(2097664K)->0K(2097664K) From: 0K(349184K)->128K(349184K)
[24.414s][info][gc,heap        ] GC(106) ParOldGen: 1151K(5592576K)->1151K(5592576K)
[24.414s][info][gc,metaspace   ] GC(106) Metaspace: 477K(768K)->477K(768K) NonClass: 422K(576K)->422K(576K) Class: 54K(192K)->54K(192K)
[24.414s][info][gc             ] GC(106) Pause Young (System.gc()) 42M->1M(7851M) 0.586ms
[24.414s][info][gc,cpu         ] GC(106) User=0.00s Sys=0.00s Real=0.00s
[24.414s][info][gc,start       ] GC(107) Pause Full (System.gc())
[24.414s][info][gc,phases,start] GC(107) Marking Phase
[24.417s][info][gc,phases      ] GC(107) Marking Phase 3.195ms
[24.417s][info][gc,phases,start] GC(107) Summary Phase
[24.417s][info][gc,phases      ] GC(107) Summary Phase 0.013ms
[24.417s][info][gc,phases,start] GC(107) Adjust Roots
[24.418s][info][gc,phases      ] GC(107) Adjust Roots 0.344ms
[24.418s][info][gc,phases,start] GC(107) Compaction Phase
[24.419s][info][gc,phases      ] GC(107) Compaction Phase 1.117ms
[24.419s][info][gc,phases,start] GC(107) Post Compact
[24.419s][info][gc,phases      ] GC(107) Post Compact 0.482ms
[24.419s][info][gc,heap        ] GC(107) PSYoungGen: 128K(2446848K)->0K(2446848K) Eden: 0K(2097664K)->0K(2097664K) From: 128K(349184K)->0K(349184K)
[24.419s][info][gc,heap        ] GC(107) ParOldGen: 1151K(5592576K)->1154K(5592576K)
[24.419s][info][gc,metaspace   ] GC(107) Metaspace: 477K(768K)->477K(768K) NonClass: 422K(576K)->422K(576K) Class: 54K(192K)->54K(192K)
[24.419s][info][gc             ] GC(107) Pause Full (System.gc()) 1M->1M(7851M) 5.292ms
[24.419s][info][gc,cpu         ] GC(107) User=0.02s Sys=0.00s Real=0.01s
[24.875s][info][gc,start       ] GC(108) Pause Young (System.gc())
[24.875s][info][gc,heap        ] GC(108) PSYoungGen: 41953K(2446848K)->128K(2446848K) Eden: 41953K(2097664K)->0K(2097664K) From: 0K(349184K)->128K(349184K)
[24.875s][info][gc,heap        ] GC(108) ParOldGen: 1154K(5592576K)->1154K(5592576K)
[24.875s][info][gc,metaspace   ] GC(108) Metaspace: 483K(768K)->483K(768K) NonClass: 427K(576K)->427K(576K) Class: 56K(192K)->56K(192K)
[24.875s][info][gc             ] GC(108) Pause Young (System.gc()) 42M->1M(7851M) 0.380ms
[24.875s][info][gc,cpu         ] GC(108) User=0.00s Sys=0.01s Real=0.01s
[24.875s][info][gc,start       ] GC(109) Pause Full (System.gc())
[24.875s][info][gc,phases,start] GC(109) Marking Phase
[24.878s][info][gc,phases      ] GC(109) Marking Phase 3.317ms
[24.878s][info][gc,phases,start] GC(109) Summary Phase
[24.878s][info][gc,phases      ] GC(109) Summary Phase 0.019ms
[24.878s][info][gc,phases,start] GC(109) Adjust Roots
[24.879s][info][gc,phases      ] GC(109) Adjust Roots 0.271ms
[24.879s][info][gc,phases,start] GC(109) Compaction Phase
[24.880s][info][gc,phases      ] GC(109) Compaction Phase 0.901ms
[24.880s][info][gc,phases,start] GC(109) Post Compact
[24.880s][info][gc,phases      ] GC(109) Post Compact 0.315ms
[24.880s][info][gc,heap        ] GC(109) PSYoungGen: 128K(2446848K)->0K(2446848K) Eden: 0K(2097664K)->0K(2097664K) From: 128K(349184K)->0K(349184K)
[24.880s][info][gc,heap        ] GC(109) ParOldGen: 1154K(5592576K)->1157K(5592576K)
[24.880s][info][gc,metaspace   ] GC(109) Metaspace: 483K(768K)->483K(768K) NonClass: 427K(576K)->427K(576K) Class: 56K(192K)->56K(192K)
[24.880s][info][gc             ] GC(109) Pause Full (System.gc()) 1M->1M(7851M) 4.954ms
[24.880s][info][gc,cpu         ] GC(109) User=0.03s Sys=0.00s Real=0.00s
[25.333s][info][gc,start       ] GC(110) Pause Young (System.gc())
[25.334s][info][gc,heap        ] GC(110) PSYoungGen: 41953K(2446848K)->160K(2446848K) Eden: 41953K(2097664K)->0K(2097664K) From: 0K(349184K)->160K(349184K)
[25.334s][info][gc,heap        ] GC(110) ParOldGen: 1157K(5592576K)->1157K(5592576K)
[25.334s][info][gc,metaspace   ] GC(110) Metaspace: 489K(768K)->489K(768K) NonClass: 431K(576K)->431K(576K) Class: 57K(192K)->57K(192K)
[25.334s][info][gc             ] GC(110) Pause Young (System.gc()) 42M->1M(7851M) 0.251ms
[25.334s][info][gc,cpu         ] GC(110) User=0.00s Sys=0.00s Real=0.00s
[25.334s][info][gc,start       ] GC(111) Pause Full (System.gc())
[25.334s][info][gc,phases,start] GC(111) Marking Phase
[25.336s][info][gc,phases      ] GC(111) Marking Phase 1.984ms
[25.336s][info][gc,phases,start] GC(111) Summary Phase
[25.336s][info][gc,phases      ] GC(111) Summary Phase 0.010ms
[25.336s][info][gc,phases,start] GC(111) Adjust Roots
[25.336s][info][gc,phases      ] GC(111) Adjust Roots 0.141ms
[25.336s][info][gc,phases,start] GC(111) Compaction Phase
[25.336s][info][gc,phases      ] GC(111) Compaction Phase 0.513ms
[25.336s][info][gc,phases,start] GC(111) Post Compact
[25.337s][info][gc,phases      ] GC(111) Post Compact 0.188ms
[25.337s][info][gc,heap        ] GC(111) PSYoungGen: 160K(2446848K)->0K(2446848K) Eden: 0K(2097664K)->0K(2097664K) From: 160K(349184K)->0K(349184K)
[25.337s][info][gc,heap        ] GC(111) ParOldGen: 1157K(5592576K)->1160K(5592576K)
[25.337s][info][gc,metaspace   ] GC(111) Metaspace: 489K(768K)->489K(768K) NonClass: 431K(576K)->431K(576K) Class: 57K(192K)->57K(192K)
[25.337s][info][gc             ] GC(111) Pause Full (System.gc()) 1M->1M(7851M) 2.933ms
[25.337s][info][gc,cpu         ] GC(111) User=0.01s Sys=0.00s Real=0.01s
[25.790s][info][gc,start       ] GC(112) Pause Young (System.gc())
[25.791s][info][gc,heap        ] GC(112) PSYoungGen: 41953K(2446848K)->96K(2446848K) Eden: 41953K(2097664K)->0K(2097664K) From: 0K(349184K)->96K(349184K)
[25.791s][info][gc,heap        ] GC(112) ParOldGen: 1160K(5592576K)->1160K(5592576K)
[25.791s][info][gc,metaspace   ] GC(112) Metaspace: 498K(768K)->498K(768K) NonClass: 438K(576K)->438K(576K) Class: 59K(192K)->59K(192K)
[25.791s][info][gc             ] GC(112) Pause Young (System.gc()) 42M->1M(7851M) 0.548ms
[25.791s][info][gc,cpu         ] GC(112) User=0.00s Sys=0.00s Real=0.00s
[25.791s][info][gc,start       ] GC(113) Pause Full (System.gc())
[25.791s][info][gc,phases,start] GC(113) Marking Phase
[25.792s][info][gc,phases      ] GC(113) Marking Phase 1.677ms
[25.793s][info][gc,phases,start] GC(113) Summary Phase
[25.793s][info][gc,phases      ] GC(113) Summary Phase 0.018ms
[25.793s][info][gc,phases,start] GC(113) Adjust Roots
[25.793s][info][gc,phases      ] GC(113) Adjust Roots 0.348ms
[25.793s][info][gc,phases,start] GC(113) Compaction Phase
[25.794s][info][gc,phases      ] GC(113) Compaction Phase 1.166ms
[25.794s][info][gc,phases,start] GC(113) Post Compact
[25.795s][info][gc,phases      ] GC(113) Post Compact 0.517ms
[25.795s][info][gc,heap        ] GC(113) PSYoungGen: 96K(2446848K)->0K(2446848K) Eden: 0K(2097664K)->0K(2097664K) From: 96K(349184K)->0K(349184K)
[25.795s][info][gc,heap        ] GC(113) ParOldGen: 1160K(5592576K)->1163K(5592576K)
[25.795s][info][gc,metaspace   ] GC(113) Metaspace: 498K(768K)->498K(768K) NonClass: 438K(576K)->438K(576K) Class: 59K(192K)->59K(192K)
[25.795s][info][gc             ] GC(113) Pause Full (System.gc()) 1M->1M(7851M) 3.908ms
[25.795s][info][gc,cpu         ] GC(113) User=0.00s Sys=0.00s Real=0.00s
[26.249s][info][gc,start       ] GC(114) Pause Young (System.gc())
[26.250s][info][gc,heap        ] GC(114) PSYoungGen: 41953K(2446848K)->96K(2446848K) Eden: 41953K(2097664K)->0K(2097664K) From: 0K(349184K)->96K(349184K)
[26.250s][info][gc,heap        ] GC(114) ParOldGen: 1163K(5592576K)->1163K(5592576K)
[26.250s][info][gc,metaspace   ] GC(114) Metaspace: 505K(832K)->505K(832K) NonClass: 443K(640K)->443K(640K) Class: 61K(192K)->61K(192K)
[26.250s][info][gc             ] GC(114) Pause Young (System.gc()) 42M->1M(7851M) 0.374ms
[26.250s][info][gc,cpu         ] GC(114) User=0.00s Sys=0.00s Real=0.00s
[26.250s][info][gc,start       ] GC(115) Pause Full (System.gc())
[26.250s][info][gc,phases,start] GC(115) Marking Phase
[26.252s][info][gc,phases      ] GC(115) Marking Phase 1.945ms
[26.252s][info][gc,phases,start] GC(115) Summary Phase
[26.252s][info][gc,phases      ] GC(115) Summary Phase 0.017ms
[26.252s][info][gc,phases,start] GC(115) Adjust Roots
[26.252s][info][gc,phases      ] GC(115) Adjust Roots 0.252ms
[26.252s][info][gc,phases,start] GC(115) Compaction Phase
[26.253s][info][gc,phases      ] GC(115) Compaction Phase 1.238ms
[26.254s][info][gc,phases,start] GC(115) Post Compact
[26.254s][info][gc,phases      ] GC(115) Post Compact 0.473ms
[26.254s][info][gc,heap        ] GC(115) PSYoungGen: 96K(2446848K)->0K(2446848K) Eden: 0K(2097664K)->0K(2097664K) From: 96K(349184K)->0K(349184K)
[26.254s][info][gc,heap        ] GC(115) ParOldGen: 1163K(5592576K)->1166K(5592576K)
[26.254s][info][gc,metaspace   ] GC(115) Metaspace: 505K(832K)->505K(832K) NonClass: 443K(640K)->443K(640K) Class: 61K(192K)->61K(192K)
[26.254s][info][gc             ] GC(115) Pause Full (System.gc()) 1M->1M(7851M) 4.163ms
[26.254s][info][gc,cpu         ] GC(115) User=0.00s Sys=0.01s Real=0.00s
[26.707s][info][gc,start       ] GC(116) Pause Young (System.gc())
[26.708s][info][gc,heap        ] GC(116) PSYoungGen: 41953K(2446848K)->160K(2446848K) Eden: 41953K(2097664K)->0K(2097664K) From: 0K(349184K)->160K(349184K)
[26.708s][info][gc,heap        ] GC(116) ParOldGen: 1166K(5592576K)->1166K(5592576K)
[26.708s][info][gc,metaspace   ] GC(116) Metaspace: 510K(832K)->510K(832K) NonClass: 447K(640K)->447K(640K) Class: 63K(192K)->63K(192K)
[26.708s][info][gc             ] GC(116) Pause Young (System.gc()) 42M->1M(7851M) 0.601ms
[26.708s][info][gc,cpu         ] GC(116) User=0.00s Sys=0.00s Real=0.00s
[26.708s][info][gc,start       ] GC(117) Pause Full (System.gc())
[26.708s][info][gc,phases,start] GC(117) Marking Phase
[26.711s][info][gc,phases      ] GC(117) Marking Phase 3.058ms
[26.711s][info][gc,phases,start] GC(117) Summary Phase
[26.711s][info][gc,phases      ] GC(117) Summary Phase 0.018ms
[26.711s][info][gc,phases,start] GC(117) Adjust Roots
[26.712s][info][gc,phases      ] GC(117) Adjust Roots 0.327ms
[26.712s][info][gc,phases,start] GC(117) Compaction Phase
[26.713s][info][gc,phases      ] GC(117) Compaction Phase 1.328ms
[26.713s][info][gc,phases,start] GC(117) Post Compact
[26.713s][info][gc,phases      ] GC(117) Post Compact 0.448ms
[26.714s][info][gc,heap        ] GC(117) PSYoungGen: 160K(2446848K)->0K(2446848K) Eden: 0K(2097664K)->0K(2097664K) From: 160K(349184K)->0K(349184K)
[26.714s][info][gc,heap        ] GC(117) ParOldGen: 1166K(5592576K)->1143K(5592576K)
[26.714s][info][gc,metaspace   ] GC(117) Metaspace: 510K(832K)->474K(832K) NonClass: 447K(640K)->427K(640K) Class: 63K(192K)->47K(192K)
[26.714s][info][gc             ] GC(117) Pause Full (System.gc()) 1M->1M(7851M) 5.449ms
[26.714s][info][gc,cpu         ] GC(117) User=0.01s Sys=0.00s Real=0.00s
[27.171s][info][gc,start       ] GC(118) Pause Young (System.gc())
[27.171s][info][gc,heap        ] GC(118) PSYoungGen: 41953K(2446848K)->96K(2446848K) Eden: 41953K(2097664K)->0K(2097664K) From: 0K(349184K)->96K(349184K)
[27.171s][info][gc,heap        ] GC(118) ParOldGen: 1143K(5592576K)->1143K(5592576K)
[27.171s][info][gc,metaspace   ] GC(118) Metaspace: 479K(832K)->479K(832K) NonClass: 431K(640K)->431K(640K) Class: 48K(192K)->48K(192K)
[27.171s][info][gc             ] GC(118) Pause Young (System.gc()) 42M->1M(7851M) 0.654ms
[27.172s][info][gc,cpu         ] GC(118) User=0.00s Sys=0.00s Real=0.00s
[27.172s][info][gc,start       ] GC(119) Pause Full (System.gc())
[27.172s][info][gc,phases,start] GC(119) Marking Phase
[27.175s][info][gc,phases      ] GC(119) Marking Phase 3.491ms
[27.175s][info][gc,phases,start] GC(119) Summary Phase
[27.175s][info][gc,phases      ] GC(119) Summary Phase 0.028ms
[27.175s][info][gc,phases,start] GC(119) Adjust Roots
[27.176s][info][gc,phases      ] GC(119) Adjust Roots 0.269ms
[27.176s][info][gc,phases,start] GC(119) Compaction Phase
[27.177s][info][gc,phases      ] GC(119) Compaction Phase 1.320ms
[27.177s][info][gc,phases,start] GC(119) Post Compact
[27.178s][info][gc,phases      ] GC(119) Post Compact 0.649ms
[27.178s][info][gc,heap        ] GC(119) PSYoungGen: 96K(2446848K)->0K(2446848K) Eden: 0K(2097664K)->0K(2097664K) From: 96K(349184K)->0K(349184K)
[27.178s][info][gc,heap        ] GC(119) ParOldGen: 1143K(5592576K)->1121K(5592576K)
[27.178s][info][gc,metaspace   ] GC(119) Metaspace: 479K(832K)->422K(704K) NonClass: 431K(640K)->386K(512K) Class: 48K(192K)->35K(192K)
[27.178s][info][gc             ] GC(119) Pause Full (System.gc()) 1M->1M(7851M) 6.111ms
[27.178s][info][gc,cpu         ] GC(119) User=0.01s Sys=0.00s Real=0.01s
[27.633s][info][gc,start       ] GC(120) Pause Young (System.gc())
[27.633s][info][gc,heap        ] GC(120) PSYoungGen: 41953K(2446848K)->128K(2446848K) Eden: 41953K(2097664K)->0K(2097664K) From: 0K(349184K)->128K(349184K)
[27.633s][info][gc,heap        ] GC(120) ParOldGen: 1121K(5592576K)->1121K(5592576K)
[27.633s][info][gc,metaspace   ] GC(120) Metaspace: 427K(704K)->427K(704K) NonClass: 390K(512K)->390K(512K) Class: 37K(192K)->37K(192K)
[27.633s][info][gc             ] GC(120) Pause Young (System.gc()) 42M->1M(7851M) 0.424ms
[27.633s][info][gc,cpu         ] GC(120) User=0.00s Sys=0.00s Real=0.00s
[27.633s][info][gc,start       ] GC(121) Pause Full (System.gc())
[27.633s][info][gc,phases,start] GC(121) Marking Phase
[27.635s][info][gc,phases      ] GC(121) Marking Phase 2.100ms
[27.635s][info][gc,phases,start] GC(121) Summary Phase
[27.635s][info][gc,phases      ] GC(121) Summary Phase 0.018ms
[27.635s][info][gc,phases,start] GC(121) Adjust Roots
[27.636s][info][gc,phases      ] GC(121) Adjust Roots 0.301ms
[27.636s][info][gc,phases,start] GC(121) Compaction Phase
[27.637s][info][gc,phases      ] GC(121) Compaction Phase 1.288ms
[27.637s][info][gc,phases,start] GC(121) Post Compact
[27.638s][info][gc,phases      ] GC(121) Post Compact 0.494ms
[27.638s][info][gc,heap        ] GC(121) PSYoungGen: 128K(2446848K)->0K(2446848K) Eden: 0K(2097664K)->0K(2097664K) From: 128K(349184K)->0K(349184K)
[27.638s][info][gc,heap        ] GC(121) ParOldGen: 1121K(5592576K)->1122K(5592576K)
[27.638s][info][gc,metaspace   ] GC(121) Metaspace: 427K(704K)->424K(704K) NonClass: 390K(512K)->387K(512K) Class: 37K(192K)->36K(192K)
[27.638s][info][gc             ] GC(121) Pause Full (System.gc()) 1M->1M(7851M) 4.450ms
[27.638s][info][gc,cpu         ] GC(121) User=0.01s Sys=0.00s Real=0.01s
[28.095s][info][gc,start       ] GC(122) Pause Young (System.gc())
[28.095s][info][gc,heap        ] GC(122) PSYoungGen: 41953K(2446848K)->96K(2446848K) Eden: 41953K(2097664K)->0K(2097664K) From: 0K(349184K)->96K(349184K)
[28.095s][info][gc,heap        ] GC(122) ParOldGen: 1122K(5592576K)->1122K(5592576K)
[28.095s][info][gc,metaspace   ] GC(122) Metaspace: 429K(704K)->429K(704K) NonClass: 391K(512K)->391K(512K) Class: 37K(192K)->37K(192K)
[28.095s][info][gc             ] GC(122) Pause Young (System.gc()) 42M->1M(7851M) 0.580ms
[28.095s][info][gc,cpu         ] GC(122) User=0.00s Sys=0.00s Real=0.01s
[28.096s][info][gc,start       ] GC(123) Pause Full (System.gc())
[28.096s][info][gc,phases,start] GC(123) Marking Phase
[28.099s][info][gc,phases      ] GC(123) Marking Phase 3.610ms
[28.099s][info][gc,phases,start] GC(123) Summary Phase
[28.099s][info][gc,phases      ] GC(123) Summary Phase 0.018ms
[28.099s][info][gc,phases,start] GC(123) Adjust Roots
[28.100s][info][gc,phases      ] GC(123) Adjust Roots 0.614ms
[28.100s][info][gc,phases,start] GC(123) Compaction Phase
[28.101s][info][gc,phases      ] GC(123) Compaction Phase 0.623ms
[28.101s][info][gc,phases,start] GC(123) Post Compact
[28.101s][info][gc,phases      ] GC(123) Post Compact 0.253ms
[28.101s][info][gc,heap        ] GC(123) PSYoungGen: 96K(2446848K)->0K(2446848K) Eden: 0K(2097664K)->0K(2097664K) From: 96K(349184K)->0K(349184K)
[28.101s][info][gc,heap        ] GC(123) ParOldGen: 1122K(5592576K)->1123K(5592576K)
[28.101s][info][gc,metaspace   ] GC(123) Metaspace: 429K(704K)->425K(704K) NonClass: 391K(512K)->388K(512K) Class: 37K(192K)->36K(192K)
[28.101s][info][gc             ] GC(123) Pause Full (System.gc()) 1M->1M(7851M) 5.360ms
[28.101s][info][gc,cpu         ] GC(123) User=0.01s Sys=0.00s Real=0.00s
[28.558s][info][gc,start       ] GC(124) Pause Young (System.gc())
[28.559s][info][gc,heap        ] GC(124) PSYoungGen: 41953K(2446848K)->128K(2446848K) Eden: 41953K(2097664K)->0K(2097664K) From: 0K(349184K)->128K(349184K)
[28.559s][info][gc,heap        ] GC(124) ParOldGen: 1123K(5592576K)->1123K(5592576K)
[28.559s][info][gc,metaspace   ] GC(124) Metaspace: 430K(704K)->430K(704K) NonClass: 392K(512K)->392K(512K) Class: 38K(192K)->38K(192K)
[28.559s][info][gc             ] GC(124) Pause Young (System.gc()) 42M->1M(7851M) 0.621ms
[28.559s][info][gc,cpu         ] GC(124) User=0.00s Sys=0.00s Real=0.00s
[28.559s][info][gc,start       ] GC(125) Pause Full (System.gc())
[28.559s][info][gc,phases,start] GC(125) Marking Phase
[28.562s][info][gc,phases      ] GC(125) Marking Phase 3.059ms
[28.562s][info][gc,phases,start] GC(125) Summary Phase
[28.562s][info][gc,phases      ] GC(125) Summary Phase 0.021ms
[28.562s][info][gc,phases,start] GC(125) Adjust Roots
[28.562s][info][gc,phases      ] GC(125) Adjust Roots 0.285ms
[28.562s][info][gc,phases,start] GC(125) Compaction Phase
[28.563s][info][gc,phases      ] GC(125) Compaction Phase 1.094ms
[28.564s][info][gc,phases,start] GC(125) Post Compact
[28.564s][info][gc,phases      ] GC(125) Post Compact 0.509ms
[28.564s][info][gc,heap        ] GC(125) PSYoungGen: 128K(2446848K)->0K(2446848K) Eden: 0K(2097664K)->0K(2097664K) From: 128K(349184K)->0K(349184K)
[28.564s][info][gc,heap        ] GC(125) ParOldGen: 1123K(5592576K)->1126K(5592576K)
[28.564s][info][gc,metaspace   ] GC(125) Metaspace: 430K(704K)->430K(704K) NonClass: 392K(512K)->392K(512K) Class: 38K(192K)->38K(192K)
[28.564s][info][gc             ] GC(125) Pause Full (System.gc()) 1M->1M(7851M) 5.310ms
[28.564s][info][gc,cpu         ] GC(125) User=0.01s Sys=0.00s Real=0.00s
[29.021s][info][gc,start       ] GC(126) Pause Young (System.gc())
[29.021s][info][gc,heap        ] GC(126) PSYoungGen: 41953K(2446848K)->64K(2446848K) Eden: 41953K(2097664K)->0K(2097664K) From: 0K(349184K)->64K(349184K)
[29.021s][info][gc,heap        ] GC(126) ParOldGen: 1126K(5592576K)->1126K(5592576K)
[29.021s][info][gc,metaspace   ] GC(126) Metaspace: 438K(704K)->438K(704K) NonClass: 398K(512K)->398K(512K) Class: 40K(192K)->40K(192K)
[29.021s][info][gc             ] GC(126) Pause Young (System.gc()) 42M->1M(7851M) 0.616ms
[29.021s][info][gc,cpu         ] GC(126) User=0.00s Sys=0.00s Real=0.00s
[29.021s][info][gc,start       ] GC(127) Pause Full (System.gc())
[29.021s][info][gc,phases,start] GC(127) Marking Phase
[29.024s][info][gc,phases      ] GC(127) Marking Phase 2.394ms
[29.024s][info][gc,phases,start] GC(127) Summary Phase
[29.024s][info][gc,phases      ] GC(127) Summary Phase 0.033ms
[29.024s][info][gc,phases,start] GC(127) Adjust Roots
[29.024s][info][gc,phases      ] GC(127) Adjust Roots 0.278ms
[29.024s][info][gc,phases,start] GC(127) Compaction Phase
[29.025s][info][gc,phases      ] GC(127) Compaction Phase 1.069ms
[29.025s][info][gc,phases,start] GC(127) Post Compact
[29.026s][info][gc,phases      ] GC(127) Post Compact 0.521ms
[29.026s][info][gc,heap        ] GC(127) PSYoungGen: 64K(2446848K)->0K(2446848K) Eden: 0K(2097664K)->0K(2097664K) From: 64K(349184K)->0K(349184K)
[29.026s][info][gc,heap        ] GC(127) ParOldGen: 1126K(5592576K)->1129K(5592576K)
[29.026s][info][gc,metaspace   ] GC(127) Metaspace: 438K(704K)->438K(704K) NonClass: 398K(512K)->398K(512K) Class: 40K(192K)->40K(192K)
[29.026s][info][gc             ] GC(127) Pause Full (System.gc()) 1M->1M(7851M) 4.634ms
[29.026s][info][gc,cpu         ] GC(127) User=0.01s Sys=0.00s Real=0.01s
[29.481s][info][gc,start       ] GC(128) Pause Young (System.gc())
[29.481s][info][gc,heap        ] GC(128) PSYoungGen: 41953K(2446848K)->64K(2446848K) Eden: 41953K(2097664K)->0K(2097664K) From: 0K(349184K)->64K(349184K)
[29.481s][info][gc,heap        ] GC(128) ParOldGen: 1129K(5592576K)->1129K(5592576K)
[29.481s][info][gc,metaspace   ] GC(128) Metaspace: 447K(768K)->447K(768K) NonClass: 405K(576K)->405K(576K) Class: 42K(192K)->42K(192K)
[29.481s][info][gc             ] GC(128) Pause Young (System.gc()) 42M->1M(7851M) 0.662ms
[29.481s][info][gc,cpu         ] GC(128) User=0.00s Sys=0.00s Real=0.00s
[29.481s][info][gc,start       ] GC(129) Pause Full (System.gc())
[29.482s][info][gc,phases,start] GC(129) Marking Phase
[29.483s][info][gc,phases      ] GC(129) Marking Phase 1.923ms
[29.483s][info][gc,phases,start] GC(129) Summary Phase
[29.483s][info][gc,phases      ] GC(129) Summary Phase 0.017ms
[29.484s][info][gc,phases,start] GC(129) Adjust Roots
[29.484s][info][gc,phases      ] GC(129) Adjust Roots 0.252ms
[29.484s][info][gc,phases,start] GC(129) Compaction Phase
[29.485s][info][gc,phases      ] GC(129) Compaction Phase 1.176ms
[29.485s][info][gc,phases,start] GC(129) Post Compact
[29.486s][info][gc,phases      ] GC(129) Post Compact 0.559ms
[29.486s][info][gc,heap        ] GC(129) PSYoungGen: 64K(2446848K)->0K(2446848K) Eden: 0K(2097664K)->0K(2097664K) From: 64K(349184K)->0K(349184K)
[29.486s][info][gc,heap        ] GC(129) ParOldGen: 1129K(5592576K)->1132K(5592576K)
[29.486s][info][gc,metaspace   ] GC(129) Metaspace: 447K(768K)->447K(768K) NonClass: 405K(576K)->405K(576K) Class: 42K(192K)->42K(192K)
[29.486s][info][gc             ] GC(129) Pause Full (System.gc()) 1M->1M(7851M) 4.203ms
[29.486s][info][gc,cpu         ] GC(129) User=0.00s Sys=0.00s Real=0.01s
[29.942s][info][gc,start       ] GC(130) Pause Young (System.gc())
[29.943s][info][gc,heap        ] GC(130) PSYoungGen: 41953K(2446848K)->128K(2446848K) Eden: 41953K(2097664K)->0K(2097664K) From: 0K(349184K)->128K(349184K)
[29.943s][info][gc,heap        ] GC(130) ParOldGen: 1132K(5592576K)->1132K(5592576K)
[29.943s][info][gc,metaspace   ] GC(130) Metaspace: 452K(768K)->452K(768K) NonClass: 408K(576K)->408K(576K) Class: 43K(192K)->43K(192K)
[29.943s][info][gc             ] GC(130) Pause Young (System.gc()) 42M->1M(7851M) 0.815ms
[29.943s][info][gc,cpu         ] GC(130) User=0.00s Sys=0.00s Real=0.00s
[29.943s][info][gc,start       ] GC(131) Pause Full (System.gc())
[29.943s][info][gc,phases,start] GC(131) Marking Phase
[29.946s][info][gc,phases      ] GC(131) Marking Phase 3.091ms
[29.946s][info][gc,phases,start] GC(131) Summary Phase
[29.946s][info][gc,phases      ] GC(131) Summary Phase 0.019ms
[29.946s][info][gc,phases,start] GC(131) Adjust Roots
[29.947s][info][gc,phases      ] GC(131) Adjust Roots 0.427ms
[29.947s][info][gc,phases,start] GC(131) Compaction Phase
[29.948s][info][gc,phases      ] GC(131) Compaction Phase 1.233ms
[29.948s][info][gc,phases,start] GC(131) Post Compact
[29.949s][info][gc,phases      ] GC(131) Post Compact 0.467ms
[29.949s][info][gc,heap        ] GC(131) PSYoungGen: 128K(2446848K)->0K(2446848K) Eden: 0K(2097664K)->0K(2097664K) From: 128K(349184K)->0K(349184K)
[29.949s][info][gc,heap        ] GC(131) ParOldGen: 1132K(5592576K)->1135K(5592576K)
[29.949s][info][gc,metaspace   ] GC(131) Metaspace: 452K(768K)->452K(768K) NonClass: 408K(576K)->408K(576K) Class: 43K(192K)->43K(192K)
[29.949s][info][gc             ] GC(131) Pause Full (System.gc()) 1M->1M(7851M) 5.588ms
[29.949s][info][gc,cpu         ] GC(131) User=0.01s Sys=0.01s Real=0.01s
[30.405s][info][gc,start       ] GC(132) Pause Young (System.gc())
[30.405s][info][gc,heap        ] GC(132) PSYoungGen: 41953K(2446848K)->96K(2446848K) Eden: 41953K(2097664K)->0K(2097664K) From: 0K(349184K)->96K(349184K)
[30.405s][info][gc,heap        ] GC(132) ParOldGen: 1135K(5592576K)->1135K(5592576K)
[30.405s][info][gc,metaspace   ] GC(132) Metaspace: 459K(768K)->459K(768K) NonClass: 414K(576K)->414K(576K) Class: 45K(192K)->45K(192K)
[30.406s][info][gc             ] GC(132) Pause Young (System.gc()) 42M->1M(7851M) 0.927ms
[30.406s][info][gc,cpu         ] GC(132) User=0.00s Sys=0.00s Real=0.01s
[30.406s][info][gc,start       ] GC(133) Pause Full (System.gc())
[30.406s][info][gc,phases,start] GC(133) Marking Phase
[30.408s][info][gc,phases      ] GC(133) Marking Phase 2.584ms
[30.408s][info][gc,phases,start] GC(133) Summary Phase
[30.408s][info][gc,phases      ] GC(133) Summary Phase 0.032ms
[30.408s][info][gc,phases,start] GC(133) Adjust Roots
[30.409s][info][gc,phases      ] GC(133) Adjust Roots 0.266ms
[30.409s][info][gc,phases,start] GC(133) Compaction Phase
[30.410s][info][gc,phases      ] GC(133) Compaction Phase 1.464ms
[30.410s][info][gc,phases,start] GC(133) Post Compact
[30.411s][info][gc,phases      ] GC(133) Post Compact 0.475ms
[30.411s][info][gc,heap        ] GC(133) PSYoungGen: 96K(2446848K)->0K(2446848K) Eden: 0K(2097664K)->0K(2097664K) From: 96K(349184K)->0K(349184K)
[30.411s][info][gc,heap        ] GC(133) ParOldGen: 1135K(5592576K)->1138K(5592576K)
[30.411s][info][gc,metaspace   ] GC(133) Metaspace: 459K(768K)->459K(768K) NonClass: 414K(576K)->414K(576K) Class: 45K(192K)->45K(192K)
[30.411s][info][gc             ] GC(133) Pause Full (System.gc()) 1M->1M(7851M) 5.163ms
[30.411s][info][gc,cpu         ] GC(133) User=0.01s Sys=0.00s Real=0.00s
[30.866s][info][gc,start       ] GC(134) Pause Young (System.gc())
[30.866s][info][gc,heap        ] GC(134) PSYoungGen: 41953K(2446848K)->96K(2446848K) Eden: 41953K(2097664K)->0K(2097664K) From: 0K(349184K)->96K(349184K)
[30.866s][info][gc,heap        ] GC(134) ParOldGen: 1138K(5592576K)->1138K(5592576K)
[30.866s][info][gc,metaspace   ] GC(134) Metaspace: 466K(768K)->466K(768K) NonClass: 418K(576K)->418K(576K) Class: 47K(192K)->47K(192K)
[30.867s][info][gc             ] GC(134) Pause Young (System.gc()) 42M->1M(7851M) 0.565ms
[30.867s][info][gc,cpu         ] GC(134) User=0.00s Sys=0.00s Real=0.00s
[30.867s][info][gc,start       ] GC(135) Pause Full (System.gc())
[30.867s][info][gc,phases,start] GC(135) Marking Phase
[30.869s][info][gc,phases      ] GC(135) Marking Phase 1.995ms
[30.869s][info][gc,phases,start] GC(135) Summary Phase
[30.869s][info][gc,phases      ] GC(135) Summary Phase 0.025ms
[30.869s][info][gc,phases,start] GC(135) Adjust Roots
[30.869s][info][gc,phases      ] GC(135) Adjust Roots 0.326ms
[30.869s][info][gc,phases,start] GC(135) Compaction Phase
[30.870s][info][gc,phases      ] GC(135) Compaction Phase 1.217ms
[30.870s][info][gc,phases,start] GC(135) Post Compact
[30.871s][info][gc,phases      ] GC(135) Post Compact 0.648ms
[30.871s][info][gc,heap        ] GC(135) PSYoungGen: 96K(2446848K)->0K(2446848K) Eden: 0K(2097664K)->0K(2097664K) From: 96K(349184K)->0K(349184K)
[30.871s][info][gc,heap        ] GC(135) ParOldGen: 1138K(5592576K)->1141K(5592576K)
[30.871s][info][gc,metaspace   ] GC(135) Metaspace: 466K(768K)->466K(768K) NonClass: 418K(576K)->418K(576K) Class: 47K(192K)->47K(192K)
[30.871s][info][gc             ] GC(135) Pause Full (System.gc()) 1M->1M(7851M) 4.559ms
[30.871s][info][gc,cpu         ] GC(135) User=0.01s Sys=0.00s Real=0.00s
[31.326s][info][gc,start       ] GC(136) Pause Young (System.gc())
[31.326s][info][gc,heap        ] GC(136) PSYoungGen: 41953K(2446848K)->96K(2446848K) Eden: 41953K(2097664K)->0K(2097664K) From: 0K(349184K)->96K(349184K)
[31.326s][info][gc,heap        ] GC(136) ParOldGen: 1141K(5592576K)->1141K(5592576K)
[31.326s][info][gc,metaspace   ] GC(136) Metaspace: 471K(768K)->471K(768K) NonClass: 422K(576K)->422K(576K) Class: 49K(192K)->49K(192K)
[31.326s][info][gc             ] GC(136) Pause Young (System.gc()) 42M->1M(7851M) 0.619ms
[31.326s][info][gc,cpu         ] GC(136) User=0.00s Sys=0.00s Real=0.00s
[31.326s][info][gc,start       ] GC(137) Pause Full (System.gc())
[31.326s][info][gc,phases,start] GC(137) Marking Phase
[31.330s][info][gc,phases      ] GC(137) Marking Phase 3.634ms
[31.330s][info][gc,phases,start] GC(137) Summary Phase
[31.330s][info][gc,phases      ] GC(137) Summary Phase 0.017ms
[31.330s][info][gc,phases,start] GC(137) Adjust Roots
[31.331s][info][gc,phases      ] GC(137) Adjust Roots 0.493ms
[31.331s][info][gc,phases,start] GC(137) Compaction Phase
[31.332s][info][gc,phases      ] GC(137) Compaction Phase 1.294ms
[31.332s][info][gc,phases,start] GC(137) Post Compact
[31.333s][info][gc,phases      ] GC(137) Post Compact 0.478ms
[31.333s][info][gc,heap        ] GC(137) PSYoungGen: 96K(2446848K)->0K(2446848K) Eden: 0K(2097664K)->0K(2097664K) From: 96K(349184K)->0K(349184K)
[31.333s][info][gc,heap        ] GC(137) ParOldGen: 1141K(5592576K)->1144K(5592576K)
[31.333s][info][gc,metaspace   ] GC(137) Metaspace: 471K(768K)->471K(768K) NonClass: 422K(576K)->422K(576K) Class: 49K(192K)->49K(192K)
[31.333s][info][gc             ] GC(137) Pause Full (System.gc()) 1M->1M(7851M) 6.250ms
[31.333s][info][gc,cpu         ] GC(137) User=0.01s Sys=0.00s Real=0.00s
[31.785s][info][gc,start       ] GC(138) Pause Young (System.gc())
[31.786s][info][gc,heap        ] GC(138) PSYoungGen: 41953K(2446848K)->96K(2446848K) Eden: 41953K(2097664K)->0K(2097664K) From: 0K(349184K)->96K(349184K)
[31.786s][info][gc,heap        ] GC(138) ParOldGen: 1144K(5592576K)->1144K(5592576K)
[31.786s][info][gc,metaspace   ] GC(138) Metaspace: 476K(768K)->476K(768K) NonClass: 425K(576K)->425K(576K) Class: 50K(192K)->50K(192K)
[31.786s][info][gc             ] GC(138) Pause Young (System.gc()) 42M->1M(7851M) 0.433ms
[31.786s][info][gc,cpu         ] GC(138) User=0.00s Sys=0.00s Real=0.00s
[31.786s][info][gc,start       ] GC(139) Pause Full (System.gc())
[31.786s][info][gc,phases,start] GC(139) Marking Phase
[31.789s][info][gc,phases      ] GC(139) Marking Phase 2.732ms
[31.789s][info][gc,phases,start] GC(139) Summary Phase
[31.789s][info][gc,phases      ] GC(139) Summary Phase 0.017ms
[31.789s][info][gc,phases,start] GC(139) Adjust Roots
[31.789s][info][gc,phases      ] GC(139) Adjust Roots 0.336ms
[31.789s][info][gc,phases,start] GC(139) Compaction Phase
[31.790s][info][gc,phases      ] GC(139) Compaction Phase 1.238ms
[31.791s][info][gc,phases,start] GC(139) Post Compact
[31.791s][info][gc,phases      ] GC(139) Post Compact 0.554ms
[31.791s][info][gc,heap        ] GC(139) PSYoungGen: 96K(2446848K)->0K(2446848K) Eden: 0K(2097664K)->0K(2097664K) From: 96K(349184K)->0K(349184K)
[31.791s][info][gc,heap        ] GC(139) ParOldGen: 1144K(5592576K)->1129K(5592576K)
[31.791s][info][gc,metaspace   ] GC(139) Metaspace: 476K(768K)->450K(768K) NonClass: 425K(576K)->411K(576K) Class: 50K(192K)->39K(192K)
[31.791s][info][gc             ] GC(139) Pause Full (System.gc()) 1M->1M(7851M) 5.166ms
[31.791s][info][gc,cpu         ] GC(139) User=0.01s Sys=0.01s Real=0.00s
[32.248s][info][gc,start       ] GC(140) Pause Young (System.gc())
[32.248s][info][gc,heap        ] GC(140) PSYoungGen: 41953K(2446848K)->128K(2446848K) Eden: 41953K(2097664K)->0K(2097664K) From: 0K(349184K)->128K(349184K)
[32.248s][info][gc,heap        ] GC(140) ParOldGen: 1129K(5592576K)->1129K(5592576K)
[32.248s][info][gc,metaspace   ] GC(140) Metaspace: 455K(768K)->455K(768K) NonClass: 414K(576K)->414K(576K) Class: 41K(192K)->41K(192K)
[32.248s][info][gc             ] GC(140) Pause Young (System.gc()) 42M->1M(7851M) 0.382ms
[32.248s][info][gc,cpu         ] GC(140) User=0.00s Sys=0.00s Real=0.00s
[32.248s][info][gc,start       ] GC(141) Pause Full (System.gc())
[32.248s][info][gc,phases,start] GC(141) Marking Phase
[32.251s][info][gc,phases      ] GC(141) Marking Phase 2.750ms
[32.251s][info][gc,phases,start] GC(141) Summary Phase
[32.251s][info][gc,phases      ] GC(141) Summary Phase 0.019ms
[32.251s][info][gc,phases,start] GC(141) Adjust Roots
[32.251s][info][gc,phases      ] GC(141) Adjust Roots 0.370ms
[32.251s][info][gc,phases,start] GC(141) Compaction Phase
[32.253s][info][gc,phases      ] GC(141) Compaction Phase 1.374ms
[32.253s][info][gc,phases,start] GC(141) Post Compact
[32.253s][info][gc,phases      ] GC(141) Post Compact 0.526ms
[32.253s][info][gc,heap        ] GC(141) PSYoungGen: 128K(2446848K)->0K(2446848K) Eden: 0K(2097664K)->0K(2097664K) From: 128K(349184K)->0K(349184K)
[32.253s][info][gc,heap        ] GC(141) ParOldGen: 1129K(5592576K)->1130K(5592576K)
[32.253s][info][gc,metaspace   ] GC(141) Metaspace: 455K(768K)->453K(768K) NonClass: 414K(576K)->413K(576K) Class: 41K(192K)->40K(192K)
[32.253s][info][gc             ] GC(141) Pause Full (System.gc()) 1M->1M(7851M) 5.246ms
[32.253s][info][gc,cpu         ] GC(141) User=0.01s Sys=0.00s Real=0.00s
[32.708s][info][gc,start       ] GC(142) Pause Young (System.gc())
[32.708s][info][gc,heap        ] GC(142) PSYoungGen: 41953K(2446848K)->96K(2446848K) Eden: 41953K(2097664K)->0K(2097664K) From: 0K(349184K)->96K(349184K)
[32.708s][info][gc,heap        ] GC(142) ParOldGen: 1130K(5592576K)->1130K(5592576K)
[32.708s][info][gc,metaspace   ] GC(142) Metaspace: 458K(768K)->458K(768K) NonClass: 416K(576K)->416K(576K) Class: 41K(192K)->41K(192K)
[32.708s][info][gc             ] GC(142) Pause Young (System.gc()) 42M->1M(7851M) 0.723ms
[32.708s][info][gc,cpu         ] GC(142) User=0.00s Sys=0.00s Real=0.00s
[32.709s][info][gc,start       ] GC(143) Pause Full (System.gc())
[32.709s][info][gc,phases,start] GC(143) Marking Phase
[32.711s][info][gc,phases      ] GC(143) Marking Phase 2.327ms
[32.711s][info][gc,phases,start] GC(143) Summary Phase
[32.711s][info][gc,phases      ] GC(143) Summary Phase 0.018ms
[32.711s][info][gc,phases,start] GC(143) Adjust Roots
[32.711s][info][gc,phases      ] GC(143) Adjust Roots 0.375ms
[32.711s][info][gc,phases,start] GC(143) Compaction Phase
[32.713s][info][gc,phases      ] GC(143) Compaction Phase 1.229ms
[32.713s][info][gc,phases,start] GC(143) Post Compact
[32.713s][info][gc,phases      ] GC(143) Post Compact 0.321ms
[32.713s][info][gc,heap        ] GC(143) PSYoungGen: 96K(2446848K)->0K(2446848K) Eden: 0K(2097664K)->0K(2097664K) From: 96K(349184K)->0K(349184K)
[32.713s][info][gc,heap        ] GC(143) ParOldGen: 1130K(5592576K)->1133K(5592576K)
[32.713s][info][gc,metaspace   ] GC(143) Metaspace: 458K(768K)->458K(768K) NonClass: 416K(576K)->416K(576K) Class: 41K(192K)->41K(192K)
[32.713s][info][gc             ] GC(143) Pause Full (System.gc()) 1M->1M(7851M) 4.522ms
[32.713s][info][gc,cpu         ] GC(143) User=0.01s Sys=0.00s Real=0.00s
[33.170s][info][gc,start       ] GC(144) Pause Young (System.gc())
[33.171s][info][gc,heap        ] GC(144) PSYoungGen: 41953K(2446848K)->96K(2446848K) Eden: 41953K(2097664K)->0K(2097664K) From: 0K(349184K)->96K(349184K)
[33.171s][info][gc,heap        ] GC(144) ParOldGen: 1133K(5592576K)->1133K(5592576K)
[33.171s][info][gc,metaspace   ] GC(144) Metaspace: 463K(768K)->463K(768K) NonClass: 419K(576K)->419K(576K) Class: 43K(192K)->43K(192K)
[33.171s][info][gc             ] GC(144) Pause Young (System.gc()) 42M->1M(7851M) 0.451ms
[33.171s][info][gc,cpu         ] GC(144) User=0.00s Sys=0.00s Real=0.00s
[33.171s][info][gc,start       ] GC(145) Pause Full (System.gc())
[33.171s][info][gc,phases,start] GC(145) Marking Phase
[33.173s][info][gc,phases      ] GC(145) Marking Phase 2.173ms
[33.173s][info][gc,phases,start] GC(145) Summary Phase
[33.173s][info][gc,phases      ] GC(145) Summary Phase 0.018ms
[33.173s][info][gc,phases,start] GC(145) Adjust Roots
[33.173s][info][gc,phases      ] GC(145) Adjust Roots 0.343ms
[33.173s][info][gc,phases,start] GC(145) Compaction Phase
[33.175s][info][gc,phases      ] GC(145) Compaction Phase 1.407ms
[33.175s][info][gc,phases,start] GC(145) Post Compact
[33.175s][info][gc,phases      ] GC(145) Post Compact 0.520ms
[33.175s][info][gc,heap        ] GC(145) PSYoungGen: 96K(2446848K)->0K(2446848K) Eden: 0K(2097664K)->0K(2097664K) From: 96K(349184K)->0K(349184K)
[33.175s][info][gc,heap        ] GC(145) ParOldGen: 1133K(5592576K)->1136K(5592576K)
[33.175s][info][gc,metaspace   ] GC(145) Metaspace: 463K(768K)->463K(768K) NonClass: 419K(576K)->419K(576K) Class: 43K(192K)->43K(192K)
[33.175s][info][gc             ] GC(145) Pause Full (System.gc()) 1M->1M(7851M) 4.699ms
[33.176s][info][gc,cpu         ] GC(145) User=0.01s Sys=0.01s Real=0.01s
[33.628s][info][gc,start       ] GC(146) Pause Young (System.gc())
[33.628s][info][gc,heap        ] GC(146) PSYoungGen: 41953K(2446848K)->96K(2446848K) Eden: 41953K(2097664K)->0K(2097664K) From: 0K(349184K)->96K(349184K)
[33.628s][info][gc,heap        ] GC(146) ParOldGen: 1136K(5592576K)->1136K(5592576K)
[33.628s][info][gc,metaspace   ] GC(146) Metaspace: 468K(768K)->468K(768K) NonClass: 423K(576K)->423K(576K) Class: 45K(192K)->45K(192K)
[33.628s][info][gc             ] GC(146) Pause Young (System.gc()) 42M->1M(7851M) 0.486ms
[33.628s][info][gc,cpu         ] GC(146) User=0.00s Sys=0.00s Real=0.00s
[33.629s][info][gc,start       ] GC(147) Pause Full (System.gc())
[33.629s][info][gc,phases,start] GC(147) Marking Phase
[33.631s][info][gc,phases      ] GC(147) Marking Phase 2.910ms
[33.632s][info][gc,phases,start] GC(147) Summary Phase
[33.632s][info][gc,phases      ] GC(147) Summary Phase 0.019ms
[33.632s][info][gc,phases,start] GC(147) Adjust Roots
[33.632s][info][gc,phases      ] GC(147) Adjust Roots 0.387ms
[33.632s][info][gc,phases,start] GC(147) Compaction Phase
[33.633s][info][gc,phases      ] GC(147) Compaction Phase 1.260ms
[33.633s][info][gc,phases,start] GC(147) Post Compact
[33.634s][info][gc,phases      ] GC(147) Post Compact 0.486ms
[33.634s][info][gc,heap        ] GC(147) PSYoungGen: 96K(2446848K)->0K(2446848K) Eden: 0K(2097664K)->0K(2097664K) From: 96K(349184K)->0K(349184K)
[33.634s][info][gc,heap        ] GC(147) ParOldGen: 1136K(5592576K)->1139K(5592576K)
[33.634s][info][gc,metaspace   ] GC(147) Metaspace: 468K(768K)->468K(768K) NonClass: 423K(576K)->423K(576K) Class: 45K(192K)->45K(192K)
[33.634s][info][gc             ] GC(147) Pause Full (System.gc()) 1M->1M(7851M) 5.294ms
[33.634s][info][gc,cpu         ] GC(147) User=0.01s Sys=0.00s Real=0.00s
[34.090s][info][gc,start       ] GC(148) Pause Young (System.gc())
[34.090s][info][gc,heap        ] GC(148) PSYoungGen: 41953K(2446848K)->96K(2446848K) Eden: 41953K(2097664K)->0K(2097664K) From: 0K(349184K)->96K(349184K)
[34.090s][info][gc,heap        ] GC(148) ParOldGen: 1139K(5592576K)->1139K(5592576K)
[34.090s][info][gc,metaspace   ] GC(148) Metaspace: 473K(768K)->473K(768K) NonClass: 426K(576K)->426K(576K) Class: 46K(192K)->46K(192K)
[34.090s][info][gc             ] GC(148) Pause Young (System.gc()) 42M->1M(7851M) 0.471ms
[34.091s][info][gc,cpu         ] GC(148) User=0.00s Sys=0.00s Real=0.00s
[34.091s][info][gc,start       ] GC(149) Pause Full (System.gc())
[34.091s][info][gc,phases,start] GC(149) Marking Phase
[34.092s][info][gc,phases      ] GC(149) Marking Phase 1.793ms
[34.092s][info][gc,phases,start] GC(149) Summary Phase
[34.092s][info][gc,phases      ] GC(149) Summary Phase 0.018ms
[34.092s][info][gc,phases,start] GC(149) Adjust Roots
[34.093s][info][gc,phases      ] GC(149) Adjust Roots 0.363ms
[34.093s][info][gc,phases,start] GC(149) Compaction Phase
[34.094s][info][gc,phases      ] GC(149) Compaction Phase 1.417ms
[34.094s][info][gc,phases,start] GC(149) Post Compact
[34.095s][info][gc,phases      ] GC(149) Post Compact 0.479ms
[34.095s][info][gc,heap        ] GC(149) PSYoungGen: 96K(2446848K)->0K(2446848K) Eden: 0K(2097664K)->0K(2097664K) From: 96K(349184K)->0K(349184K)
[34.095s][info][gc,heap        ] GC(149) ParOldGen: 1139K(5592576K)->1142K(5592576K)
[34.095s][info][gc,metaspace   ] GC(149) Metaspace: 473K(768K)->473K(768K) NonClass: 426K(576K)->426K(576K) Class: 46K(192K)->46K(192K)
[34.095s][info][gc             ] GC(149) Pause Full (System.gc()) 1M->1M(7851M) 4.288ms
[34.095s][info][gc,cpu         ] GC(149) User=0.01s Sys=0.00s Real=0.01s
[34.553s][info][gc,start       ] GC(150) Pause Young (System.gc())
[34.553s][info][gc,heap        ] GC(150) PSYoungGen: 41953K(2446848K)->96K(2446848K) Eden: 41953K(2097664K)->0K(2097664K) From: 0K(349184K)->96K(349184K)
[34.553s][info][gc,heap        ] GC(150) ParOldGen: 1142K(5592576K)->1142K(5592576K)
[34.553s][info][gc,metaspace   ] GC(150) Metaspace: 478K(768K)->478K(768K) NonClass: 429K(576K)->429K(576K) Class: 48K(192K)->48K(192K)
[34.553s][info][gc             ] GC(150) Pause Young (System.gc()) 42M->1M(7851M) 0.598ms
[34.553s][info][gc,cpu         ] GC(150) User=0.00s Sys=0.00s Real=0.00s
[34.553s][info][gc,start       ] GC(151) Pause Full (System.gc())
[34.553s][info][gc,phases,start] GC(151) Marking Phase
[34.556s][info][gc,phases      ] GC(151) Marking Phase 2.675ms
[34.556s][info][gc,phases,start] GC(151) Summary Phase
[34.556s][info][gc,phases      ] GC(151) Summary Phase 0.024ms
[34.556s][info][gc,phases,start] GC(151) Adjust Roots
[34.557s][info][gc,phases      ] GC(151) Adjust Roots 0.371ms
[34.557s][info][gc,phases,start] GC(151) Compaction Phase
[34.558s][info][gc,phases      ] GC(151) Compaction Phase 1.270ms
[34.558s][info][gc,phases,start] GC(151) Post Compact
[34.558s][info][gc,phases      ] GC(151) Post Compact 0.498ms
[34.559s][info][gc,heap        ] GC(151) PSYoungGen: 96K(2446848K)->0K(2446848K) Eden: 0K(2097664K)->0K(2097664K) From: 96K(349184K)->0K(349184K)
[34.559s][info][gc,heap        ] GC(151) ParOldGen: 1142K(5592576K)->1144K(5592576K)
[34.559s][info][gc,metaspace   ] GC(151) Metaspace: 478K(768K)->478K(768K) NonClass: 429K(576K)->429K(576K) Class: 48K(192K)->48K(192K)
[34.559s][info][gc             ] GC(151) Pause Full (System.gc()) 1M->1M(7851M) 5.242ms
[34.559s][info][gc,cpu         ] GC(151) User=0.01s Sys=0.00s Real=0.01s
[35.012s][info][gc,start       ] GC(152) Pause Young (System.gc())
[35.013s][info][gc,heap        ] GC(152) PSYoungGen: 41953K(2446848K)->96K(2446848K) Eden: 41953K(2097664K)->0K(2097664K) From: 0K(349184K)->96K(349184K)
[35.013s][info][gc,heap        ] GC(152) ParOldGen: 1144K(5592576K)->1144K(5592576K)
[35.013s][info][gc,metaspace   ] GC(152) Metaspace: 483K(768K)->483K(768K) NonClass: 433K(576K)->433K(576K) Class: 50K(192K)->50K(192K)
[35.013s][info][gc             ] GC(152) Pause Young (System.gc()) 42M->1M(7851M) 0.634ms
[35.013s][info][gc,cpu         ] GC(152) User=0.00s Sys=0.00s Real=0.00s
[35.013s][info][gc,start       ] GC(153) Pause Full (System.gc())
[35.013s][info][gc,phases,start] GC(153) Marking Phase
[35.016s][info][gc,phases      ] GC(153) Marking Phase 2.874ms
[35.016s][info][gc,phases,start] GC(153) Summary Phase
[35.016s][info][gc,phases      ] GC(153) Summary Phase 0.015ms
[35.016s][info][gc,phases,start] GC(153) Adjust Roots
[35.016s][info][gc,phases      ] GC(153) Adjust Roots 0.287ms
[35.016s][info][gc,phases,start] GC(153) Compaction Phase
[35.017s][info][gc,phases      ] GC(153) Compaction Phase 1.064ms
[35.017s][info][gc,phases,start] GC(153) Post Compact
[35.018s][info][gc,phases      ] GC(153) Post Compact 0.580ms
[35.018s][info][gc,heap        ] GC(153) PSYoungGen: 96K(2446848K)->0K(2446848K) Eden: 0K(2097664K)->0K(2097664K) From: 96K(349184K)->0K(349184K)
[35.018s][info][gc,heap        ] GC(153) ParOldGen: 1144K(5592576K)->1147K(5592576K)
[35.018s][info][gc,metaspace   ] GC(153) Metaspace: 483K(768K)->483K(768K) NonClass: 433K(576K)->433K(576K) Class: 50K(192K)->50K(192K)
[35.018s][info][gc             ] GC(153) Pause Full (System.gc()) 1M->1M(7851M) 5.073ms
[35.018s][info][gc,cpu         ] GC(153) User=0.01s Sys=0.01s Real=0.01s
[35.476s][info][gc,start       ] GC(154) Pause Young (System.gc())
[35.476s][info][gc,heap        ] GC(154) PSYoungGen: 41953K(2446848K)->96K(2446848K) Eden: 41953K(2097664K)->0K(2097664K) From: 0K(349184K)->96K(349184K)
[35.476s][info][gc,heap        ] GC(154) ParOldGen: 1147K(5592576K)->1147K(5592576K)
[35.476s][info][gc,metaspace   ] GC(154) Metaspace: 491K(832K)->491K(832K) NonClass: 438K(640K)->438K(640K) Class: 52K(192K)->52K(192K)
[35.476s][info][gc             ] GC(154) Pause Young (System.gc()) 42M->1M(7851M) 0.476ms
[35.476s][info][gc,cpu         ] GC(154) User=0.00s Sys=0.00s Real=0.00s
[35.476s][info][gc,start       ] GC(155) Pause Full (System.gc())
[35.476s][info][gc,phases,start] GC(155) Marking Phase
[35.479s][info][gc,phases      ] GC(155) Marking Phase 2.715ms
[35.479s][info][gc,phases,start] GC(155) Summary Phase
[35.479s][info][gc,phases      ] GC(155) Summary Phase 0.030ms
[35.479s][info][gc,phases,start] GC(155) Adjust Roots
[35.480s][info][gc,phases      ] GC(155) Adjust Roots 0.687ms
[35.480s][info][gc,phases,start] GC(155) Compaction Phase
[35.481s][info][gc,phases      ] GC(155) Compaction Phase 1.168ms
[35.481s][info][gc,phases,start] GC(155) Post Compact
[35.482s][info][gc,phases      ] GC(155) Post Compact 0.484ms
[35.482s][info][gc,heap        ] GC(155) PSYoungGen: 96K(2446848K)->0K(2446848K) Eden: 0K(2097664K)->0K(2097664K) From: 96K(349184K)->0K(349184K)
[35.482s][info][gc,heap        ] GC(155) ParOldGen: 1147K(5592576K)->1150K(5592576K)
[35.482s][info][gc,metaspace   ] GC(155) Metaspace: 491K(832K)->491K(832K) NonClass: 438K(640K)->438K(640K) Class: 52K(192K)->52K(192K)
[35.482s][info][gc             ] GC(155) Pause Full (System.gc()) 1M->1M(7851M) 5.342ms
[35.482s][info][gc,cpu         ] GC(155) User=0.00s Sys=0.00s Real=0.00s
[35.940s][info][gc,start       ] GC(156) Pause Young (System.gc())
[35.940s][info][gc,heap        ] GC(156) PSYoungGen: 41953K(2446848K)->64K(2446848K) Eden: 41953K(2097664K)->0K(2097664K) From: 0K(349184K)->64K(349184K)
[35.941s][info][gc,heap        ] GC(156) ParOldGen: 1150K(5592576K)->1150K(5592576K)
[35.941s][info][gc,metaspace   ] GC(156) Metaspace: 496K(832K)->496K(832K) NonClass: 442K(640K)->442K(640K) Class: 53K(192K)->53K(192K)
[35.941s][info][gc             ] GC(156) Pause Young (System.gc()) 42M->1M(7851M) 1.031ms
[35.941s][info][gc,cpu         ] GC(156) User=0.00s Sys=0.00s Real=0.00s
[35.941s][info][gc,start       ] GC(157) Pause Full (System.gc())
[35.941s][info][gc,phases,start] GC(157) Marking Phase
[35.943s][info][gc,phases      ] GC(157) Marking Phase 2.424ms
[35.943s][info][gc,phases,start] GC(157) Summary Phase
[35.943s][info][gc,phases      ] GC(157) Summary Phase 0.015ms
[35.943s][info][gc,phases,start] GC(157) Adjust Roots
[35.943s][info][gc,phases      ] GC(157) Adjust Roots 0.337ms
[35.944s][info][gc,phases,start] GC(157) Compaction Phase
[35.945s][info][gc,phases      ] GC(157) Compaction Phase 1.281ms
[35.945s][info][gc,phases,start] GC(157) Post Compact
[35.945s][info][gc,phases      ] GC(157) Post Compact 0.511ms
[35.945s][info][gc,heap        ] GC(157) PSYoungGen: 64K(2446848K)->0K(2446848K) Eden: 0K(2097664K)->0K(2097664K) From: 64K(349184K)->0K(349184K)
[35.945s][info][gc,heap        ] GC(157) ParOldGen: 1150K(5592576K)->1145K(5592576K)
[35.945s][info][gc,metaspace   ] GC(157) Metaspace: 496K(832K)->489K(832K) NonClass: 442K(640K)->439K(640K) Class: 53K(192K)->49K(192K)
[35.945s][info][gc             ] GC(157) Pause Full (System.gc()) 1M->1M(7851M) 4.783ms
[35.945s][info][gc,cpu         ] GC(157) User=0.01s Sys=0.00s Real=0.01s
[36.399s][info][gc,start       ] GC(158) Pause Young (System.gc())
[36.399s][info][gc,heap        ] GC(158) PSYoungGen: 41953K(2446848K)->96K(2446848K) Eden: 41953K(2097664K)->0K(2097664K) From: 0K(349184K)->96K(349184K)
[36.400s][info][gc,heap        ] GC(158) ParOldGen: 1145K(5592576K)->1145K(5592576K)
[36.400s][info][gc,metaspace   ] GC(158) Metaspace: 494K(832K)->494K(832K) NonClass: 442K(640K)->442K(640K) Class: 51K(192K)->51K(192K)
[36.400s][info][gc             ] GC(158) Pause Young (System.gc()) 42M->1M(7851M) 0.671ms
[36.400s][info][gc,cpu         ] GC(158) User=0.00s Sys=0.00s Real=0.00s
[36.400s][info][gc,start       ] GC(159) Pause Full (System.gc())
[36.400s][info][gc,phases,start] GC(159) Marking Phase
[36.403s][info][gc,phases      ] GC(159) Marking Phase 3.026ms
[36.403s][info][gc,phases,start] GC(159) Summary Phase
[36.403s][info][gc,phases      ] GC(159) Summary Phase 0.015ms
[36.403s][info][gc,phases,start] GC(159) Adjust Roots
[36.403s][info][gc,phases      ] GC(159) Adjust Roots 0.386ms
[36.403s][info][gc,phases,start] GC(159) Compaction Phase
[36.405s][info][gc,phases      ] GC(159) Compaction Phase 1.252ms
[36.405s][info][gc,phases,start] GC(159) Post Compact
[36.405s][info][gc,phases      ] GC(159) Post Compact 0.332ms
[36.405s][info][gc,heap        ] GC(159) PSYoungGen: 96K(2446848K)->0K(2446848K) Eden: 0K(2097664K)->0K(2097664K) From: 96K(349184K)->0K(349184K)
[36.405s][info][gc,heap        ] GC(159) ParOldGen: 1145K(5592576K)->1147K(5592576K)
[36.405s][info][gc,metaspace   ] GC(159) Metaspace: 494K(832K)->493K(832K) NonClass: 442K(640K)->442K(640K) Class: 51K(192K)->51K(192K)
[36.405s][info][gc             ] GC(159) Pause Full (System.gc()) 1M->1M(7851M) 5.288ms
[36.405s][info][gc,cpu         ] GC(159) User=0.01s Sys=0.00s Real=0.01s
[36.860s][info][gc,start       ] GC(160) Pause Young (System.gc())
[36.861s][info][gc,heap        ] GC(160) PSYoungGen: 41953K(2446848K)->128K(2446848K) Eden: 41953K(2097664K)->0K(2097664K) From: 0K(349184K)->128K(349184K)
[36.861s][info][gc,heap        ] GC(160) ParOldGen: 1147K(5592576K)->1147K(5592576K)
[36.861s][info][gc,metaspace   ] GC(160) Metaspace: 506K(832K)->506K(832K) NonClass: 453K(640K)->453K(640K) Class: 52K(192K)->52K(192K)
[36.861s][info][gc             ] GC(160) Pause Young (System.gc()) 42M->1M(7851M) 0.664ms
[36.861s][info][gc,cpu         ] GC(160) User=0.00s Sys=0.00s Real=0.00s
[36.861s][info][gc,start       ] GC(161) Pause Full (System.gc())
[36.861s][info][gc,phases,start] GC(161) Marking Phase
[36.864s][info][gc,phases      ] GC(161) Marking Phase 2.709ms
[36.864s][info][gc,phases,start] GC(161) Summary Phase
[36.864s][info][gc,phases      ] GC(161) Summary Phase 0.025ms
[36.864s][info][gc,phases,start] GC(161) Adjust Roots
[36.864s][info][gc,phases      ] GC(161) Adjust Roots 0.274ms
[36.864s][info][gc,phases,start] GC(161) Compaction Phase
[36.866s][info][gc,phases      ] GC(161) Compaction Phase 1.435ms
[36.866s][info][gc,phases,start] GC(161) Post Compact
[36.866s][info][gc,phases      ] GC(161) Post Compact 0.495ms
[36.866s][info][gc,heap        ] GC(161) PSYoungGen: 128K(2446848K)->0K(2446848K) Eden: 0K(2097664K)->0K(2097664K) From: 128K(349184K)->0K(349184K)
[36.866s][info][gc,heap        ] GC(161) ParOldGen: 1147K(5592576K)->1150K(5592576K)
[36.866s][info][gc,metaspace   ] GC(161) Metaspace: 506K(832K)->506K(832K) NonClass: 453K(640K)->453K(640K) Class: 52K(192K)->52K(192K)
[36.866s][info][gc             ] GC(161) Pause Full (System.gc()) 1M->1M(7851M) 5.197ms
[36.866s][info][gc,cpu         ] GC(161) User=0.00s Sys=0.01s Real=0.01s
[37.324s][info][gc,start       ] GC(162) Pause Young (System.gc())
[37.325s][info][gc,heap        ] GC(162) PSYoungGen: 41953K(2446848K)->128K(2446848K) Eden: 41953K(2097664K)->0K(2097664K) From: 0K(349184K)->128K(349184K)
[37.325s][info][gc,heap        ] GC(162) ParOldGen: 1150K(5592576K)->1150K(5592576K)
[37.325s][info][gc,metaspace   ] GC(162) Metaspace: 511K(832K)->511K(832K) NonClass: 456K(640K)->456K(640K) Class: 54K(192K)->54K(192K)
[37.325s][info][gc             ] GC(162) Pause Young (System.gc()) 42M->1M(7851M) 0.567ms
[37.325s][info][gc,cpu         ] GC(162) User=0.00s Sys=0.00s Real=0.00s
[37.325s][info][gc,start       ] GC(163) Pause Full (System.gc())
[37.325s][info][gc,phases,start] GC(163) Marking Phase
[37.328s][info][gc,phases      ] GC(163) Marking Phase 2.511ms
[37.330s][info][gc,phases,start] GC(163) Summary Phase
[37.330s][info][gc,phases      ] GC(163) Summary Phase 0.026ms
[37.330s][info][gc,phases,start] GC(163) Adjust Roots
[37.330s][info][gc,phases      ] GC(163) Adjust Roots 0.314ms
[37.330s][info][gc,phases,start] GC(163) Compaction Phase
[37.331s][info][gc,phases      ] GC(163) Compaction Phase 0.967ms
[37.331s][info][gc,phases,start] GC(163) Post Compact
[37.332s][info][gc,phases      ] GC(163) Post Compact 0.535ms
[37.332s][info][gc,heap        ] GC(163) PSYoungGen: 128K(2446848K)->0K(2446848K) Eden: 0K(2097664K)->0K(2097664K) From: 128K(349184K)->0K(349184K)
[37.332s][info][gc,heap        ] GC(163) ParOldGen: 1150K(5592576K)->1153K(5592576K)
[37.332s][info][gc,metaspace   ] GC(163) Metaspace: 511K(832K)->511K(832K) NonClass: 456K(640K)->456K(640K) Class: 54K(192K)->54K(192K)
[37.332s][info][gc             ] GC(163) Pause Full (System.gc()) 1M->1M(7851M) 6.339ms
[37.332s][info][gc,cpu         ] GC(163) User=0.00s Sys=0.00s Real=0.00s
[37.787s][info][gc,start       ] GC(164) Pause Young (System.gc())
[37.788s][info][gc,heap        ] GC(164) PSYoungGen: 41953K(2446848K)->96K(2446848K) Eden: 41953K(2097664K)->0K(2097664K) From: 0K(349184K)->96K(349184K)
[37.788s][info][gc,heap        ] GC(164) ParOldGen: 1153K(5592576K)->1153K(5592576K)
[37.788s][info][gc,metaspace   ] GC(164) Metaspace: 517K(832K)->517K(832K) NonClass: 461K(640K)->461K(640K) Class: 56K(192K)->56K(192K)
[37.788s][info][gc             ] GC(164) Pause Young (System.gc()) 42M->1M(7851M) 0.372ms
[37.788s][info][gc,cpu         ] GC(164) User=0.00s Sys=0.00s Real=0.00s
[37.788s][info][gc,start       ] GC(165) Pause Full (System.gc())
[37.788s][info][gc,phases,start] GC(165) Marking Phase
[37.791s][info][gc,phases      ] GC(165) Marking Phase 3.730ms
[37.791s][info][gc,phases,start] GC(165) Summary Phase
[37.791s][info][gc,phases      ] GC(165) Summary Phase 0.019ms
[37.791s][info][gc,phases,start] GC(165) Adjust Roots
[37.792s][info][gc,phases      ] GC(165) Adjust Roots 0.402ms
[37.792s][info][gc,phases,start] GC(165) Compaction Phase
[37.793s][info][gc,phases      ] GC(165) Compaction Phase 1.128ms
[37.793s][info][gc,phases,start] GC(165) Post Compact
[37.794s][info][gc,phases      ] GC(165) Post Compact 0.553ms
[37.794s][info][gc,heap        ] GC(165) PSYoungGen: 96K(2446848K)->0K(2446848K) Eden: 0K(2097664K)->0K(2097664K) From: 96K(349184K)->0K(349184K)
[37.794s][info][gc,heap        ] GC(165) ParOldGen: 1153K(5592576K)->1133K(5592576K)
[37.794s][info][gc,metaspace   ] GC(165) Metaspace: 517K(832K)->466K(832K) NonClass: 461K(640K)->422K(640K) Class: 56K(192K)->44K(192K)
[37.794s][info][gc             ] GC(165) Pause Full (System.gc()) 1M->1M(7851M) 6.047ms
[37.794s][info][gc,cpu         ] GC(165) User=0.01s Sys=0.00s Real=0.00s
[38.247s][info][gc,start       ] GC(166) Pause Young (System.gc())
[38.247s][info][gc,heap        ] GC(166) PSYoungGen: 41953K(2446848K)->128K(2446848K) Eden: 41953K(2097664K)->0K(2097664K) From: 0K(349184K)->128K(349184K)
[38.248s][info][gc,heap        ] GC(166) ParOldGen: 1133K(5592576K)->1133K(5592576K)
[38.248s][info][gc,metaspace   ] GC(166) Metaspace: 475K(832K)->475K(832K) NonClass: 428K(640K)->428K(640K) Class: 46K(192K)->46K(192K)
[38.248s][info][gc             ] GC(166) Pause Young (System.gc()) 42M->1M(7851M) 0.416ms
[38.248s][info][gc,cpu         ] GC(166) User=0.00s Sys=0.00s Real=0.00s
[38.248s][info][gc,start       ] GC(167) Pause Full (System.gc())
[38.248s][info][gc,phases,start] GC(167) Marking Phase
[38.251s][info][gc,phases      ] GC(167) Marking Phase 2.982ms
[38.251s][info][gc,phases,start] GC(167) Summary Phase
[38.251s][info][gc,phases      ] GC(167) Summary Phase 0.013ms
[38.251s][info][gc,phases,start] GC(167) Adjust Roots
[38.251s][info][gc,phases      ] GC(167) Adjust Roots 0.544ms
[38.251s][info][gc,phases,start] GC(167) Compaction Phase
[38.253s][info][gc,phases      ] GC(167) Compaction Phase 1.323ms
[38.253s][info][gc,phases,start] GC(167) Post Compact
[38.253s][info][gc,phases      ] GC(167) Post Compact 0.499ms
[38.253s][info][gc,heap        ] GC(167) PSYoungGen: 128K(2446848K)->0K(2446848K) Eden: 0K(2097664K)->0K(2097664K) From: 128K(349184K)->0K(349184K)
[38.253s][info][gc,heap        ] GC(167) ParOldGen: 1133K(5592576K)->1134K(5592576K)
[38.253s][info][gc,metaspace   ] GC(167) Metaspace: 475K(832K)->471K(832K) NonClass: 428K(640K)->426K(640K) Class: 46K(192K)->45K(192K)
[38.253s][info][gc             ] GC(167) Pause Full (System.gc()) 1M->1M(7851M) 5.622ms
[38.253s][info][gc,cpu         ] GC(167) User=0.01s Sys=0.00s Real=0.00s
[38.707s][info][gc,start       ] GC(168) Pause Young (System.gc())
[38.707s][info][gc,heap        ] GC(168) PSYoungGen: 41953K(2446848K)->96K(2446848K) Eden: 41953K(2097664K)->0K(2097664K) From: 0K(349184K)->96K(349184K)
[38.707s][info][gc,heap        ] GC(168) ParOldGen: 1134K(5592576K)->1134K(5592576K)
[38.707s][info][gc,metaspace   ] GC(168) Metaspace: 480K(832K)->480K(832K) NonClass: 433K(640K)->433K(640K) Class: 46K(192K)->46K(192K)
[38.707s][info][gc             ] GC(168) Pause Young (System.gc()) 42M->1M(7851M) 0.509ms
[38.707s][info][gc,cpu         ] GC(168) User=0.00s Sys=0.01s Real=0.00s
[38.707s][info][gc,start       ] GC(169) Pause Full (System.gc())
[38.707s][info][gc,phases,start] GC(169) Marking Phase
[38.709s][info][gc,phases      ] GC(169) Marking Phase 1.643ms
[38.709s][info][gc,phases,start] GC(169) Summary Phase
[38.709s][info][gc,phases      ] GC(169) Summary Phase 0.014ms
[38.709s][info][gc,phases,start] GC(169) Adjust Roots
[38.709s][info][gc,phases      ] GC(169) Adjust Roots 0.406ms
[38.709s][info][gc,phases,start] GC(169) Compaction Phase
[38.711s][info][gc,phases      ] GC(169) Compaction Phase 1.117ms
[38.711s][info][gc,phases,start] GC(169) Post Compact
[38.711s][info][gc,phases      ] GC(169) Post Compact 0.582ms
[38.711s][info][gc,heap        ] GC(169) PSYoungGen: 96K(2446848K)->0K(2446848K) Eden: 0K(2097664K)->0K(2097664K) From: 96K(349184K)->0K(349184K)
[38.711s][info][gc,heap        ] GC(169) ParOldGen: 1134K(5592576K)->1137K(5592576K)
[38.711s][info][gc,metaspace   ] GC(169) Metaspace: 480K(832K)->480K(832K) NonClass: 433K(640K)->433K(640K) Class: 46K(192K)->46K(192K)
[38.711s][info][gc             ] GC(169) Pause Full (System.gc()) 1M->1M(7851M) 4.045ms
[38.711s][info][gc,cpu         ] GC(169) User=0.01s Sys=0.00s Real=0.00s
[39.170s][info][gc,start       ] GC(170) Pause Young (System.gc())
[39.170s][info][gc,heap        ] GC(170) PSYoungGen: 41953K(2446848K)->96K(2446848K) Eden: 41953K(2097664K)->0K(2097664K) From: 0K(349184K)->96K(349184K)
[39.170s][info][gc,heap        ] GC(170) ParOldGen: 1137K(5592576K)->1137K(5592576K)
[39.170s][info][gc,metaspace   ] GC(170) Metaspace: 503K(832K)->503K(832K) NonClass: 455K(640K)->455K(640K) Class: 48K(192K)->48K(192K)
[39.170s][info][gc             ] GC(170) Pause Young (System.gc()) 42M->1M(7851M) 0.548ms
[39.170s][info][gc,cpu         ] GC(170) User=0.00s Sys=0.00s Real=0.00s
[39.170s][info][gc,start       ] GC(171) Pause Full (System.gc())
[39.170s][info][gc,phases,start] GC(171) Marking Phase
[39.174s][info][gc,phases      ] GC(171) Marking Phase 3.289ms
[39.174s][info][gc,phases,start] GC(171) Summary Phase
[39.174s][info][gc,phases      ] GC(171) Summary Phase 0.092ms
[39.174s][info][gc,phases,start] GC(171) Adjust Roots
[39.175s][info][gc,phases      ] GC(171) Adjust Roots 0.787ms
[39.175s][info][gc,phases,start] GC(171) Compaction Phase
[39.176s][info][gc,phases      ] GC(171) Compaction Phase 1.292ms
[39.176s][info][gc,phases,start] GC(171) Post Compact
[39.176s][info][gc,phases      ] GC(171) Post Compact 0.524ms
[39.176s][info][gc,heap        ] GC(171) PSYoungGen: 96K(2446848K)->0K(2446848K) Eden: 0K(2097664K)->0K(2097664K) From: 96K(349184K)->0K(349184K)
[39.176s][info][gc,heap        ] GC(171) ParOldGen: 1137K(5592576K)->1136K(5592576K)
[39.176s][info][gc,metaspace   ] GC(171) Metaspace: 503K(832K)->497K(832K) NonClass: 455K(640K)->450K(640K) Class: 48K(192K)->46K(192K)
[39.177s][info][gc             ] GC(171) Pause Full (System.gc()) 1M->1M(7851M) 6.236ms
[39.177s][info][gc,cpu         ] GC(171) User=0.01s Sys=0.00s Real=0.01s
[39.630s][info][gc,start       ] GC(172) Pause Young (System.gc())
[39.631s][info][gc,heap        ] GC(172) PSYoungGen: 83906K(2446848K)->128K(2446848K) Eden: 83906K(2097664K)->0K(2097664K) From: 0K(349184K)->128K(349184K)
[39.631s][info][gc,heap        ] GC(172) ParOldGen: 1136K(5592576K)->1144K(5592576K)
[39.631s][info][gc,metaspace   ] GC(172) Metaspace: 511K(832K)->511K(832K) NonClass: 463K(640K)->463K(640K) Class: 48K(192K)->48K(192K)
[39.631s][info][gc             ] GC(172) Pause Young (System.gc()) 83M->1M(7851M) 0.400ms
[39.631s][info][gc,cpu         ] GC(172) User=0.00s Sys=0.00s Real=0.00s
[39.631s][info][gc,start       ] GC(173) Pause Full (System.gc())
[39.631s][info][gc,phases,start] GC(173) Marking Phase
[39.634s][info][gc,phases      ] GC(173) Marking Phase 2.994ms
[39.634s][info][gc,phases,start] GC(173) Summary Phase
[39.634s][info][gc,phases      ] GC(173) Summary Phase 0.025ms
[39.634s][info][gc,phases,start] GC(173) Adjust Roots
[39.634s][info][gc,phases      ] GC(173) Adjust Roots 0.357ms
[39.634s][info][gc,phases,start] GC(173) Compaction Phase
[39.636s][info][gc,phases      ] GC(173) Compaction Phase 1.310ms
[39.636s][info][gc,phases,start] GC(173) Post Compact
[39.636s][info][gc,phases      ] GC(173) Post Compact 0.501ms
[39.636s][info][gc,heap        ] GC(173) PSYoungGen: 128K(2446848K)->0K(2446848K) Eden: 0K(2097664K)->0K(2097664K) From: 128K(349184K)->0K(349184K)
[39.636s][info][gc,heap        ] GC(173) ParOldGen: 1144K(5592576K)->1137K(5592576K)
[39.636s][info][gc,metaspace   ] GC(173) Metaspace: 511K(832K)->508K(832K) NonClass: 463K(640K)->461K(640K) Class: 48K(192K)->47K(192K)
[39.636s][info][gc             ] GC(173) Pause Full (System.gc()) 1M->1M(7851M) 5.472ms
[39.636s][info][gc,cpu         ] GC(173) User=0.01s Sys=0.00s Real=0.01s
[40.092s][info][gc,start       ] GC(174) Pause Young (System.gc())
[40.092s][info][gc,heap        ] GC(174) PSYoungGen: 41953K(2446848K)->128K(2446848K) Eden: 41953K(2097664K)->0K(2097664K) From: 0K(349184K)->128K(349184K)
[40.092s][info][gc,heap        ] GC(174) ParOldGen: 1137K(5592576K)->1137K(5592576K)
[40.092s][info][gc,metaspace   ] GC(174) Metaspace: 513K(832K)->513K(832K) NonClass: 464K(640K)->464K(640K) Class: 49K(192K)->49K(192K)
[40.092s][info][gc             ] GC(174) Pause Young (System.gc()) 42M->1M(7851M) 0.415ms
[40.092s][info][gc,cpu         ] GC(174) User=0.00s Sys=0.00s Real=0.00s
[40.092s][info][gc,start       ] GC(175) Pause Full (System.gc())
[40.092s][info][gc,phases,start] GC(175) Marking Phase
[40.096s][info][gc,phases      ] GC(175) Marking Phase 3.494ms
[40.096s][info][gc,phases,start] GC(175) Summary Phase
[40.096s][info][gc,phases      ] GC(175) Summary Phase 0.014ms
[40.096s][info][gc,phases,start] GC(175) Adjust Roots
[40.096s][info][gc,phases      ] GC(175) Adjust Roots 0.363ms
[40.096s][info][gc,phases,start] GC(175) Compaction Phase
[40.097s][info][gc,phases      ] GC(175) Compaction Phase 1.118ms
[40.097s][info][gc,phases,start] GC(175) Post Compact
[40.098s][info][gc,phases      ] GC(175) Post Compact 0.470ms
[40.098s][info][gc,heap        ] GC(175) PSYoungGen: 128K(2446848K)->0K(2446848K) Eden: 0K(2097664K)->0K(2097664K) From: 128K(349184K)->0K(349184K)
[40.098s][info][gc,heap        ] GC(175) ParOldGen: 1137K(5592576K)->1139K(5592576K)
[40.098s][info][gc,metaspace   ] GC(175) Metaspace: 513K(832K)->512K(832K) NonClass: 464K(640K)->463K(640K) Class: 49K(192K)->48K(192K)
[40.098s][info][gc             ] GC(175) Pause Full (System.gc()) 1M->1M(7851M) 5.645ms
[40.098s][info][gc,cpu         ] GC(175) User=0.01s Sys=0.00s Real=0.01s
[40.554s][info][gc,start       ] GC(176) Pause Young (System.gc())
[40.554s][info][gc,heap        ] GC(176) PSYoungGen: 41953K(2446848K)->96K(2446848K) Eden: 41953K(2097664K)->0K(2097664K) From: 0K(349184K)->96K(349184K)
[40.554s][info][gc,heap        ] GC(176) ParOldGen: 1139K(5592576K)->1139K(5592576K)
[40.554s][info][gc,metaspace   ] GC(176) Metaspace: 517K(832K)->517K(832K) NonClass: 467K(640K)->467K(640K) Class: 50K(192K)->50K(192K)
[40.554s][info][gc             ] GC(176) Pause Young (System.gc()) 42M->1M(7851M) 0.561ms
[40.554s][info][gc,cpu         ] GC(176) User=0.00s Sys=0.00s Real=0.00s
[40.554s][info][gc,start       ] GC(177) Pause Full (System.gc())
[40.554s][info][gc,phases,start] GC(177) Marking Phase
[40.558s][info][gc,phases      ] GC(177) Marking Phase 4.091ms
[40.559s][info][gc,phases,start] GC(177) Summary Phase
[40.559s][info][gc,phases      ] GC(177) Summary Phase 0.014ms
[40.559s][info][gc,phases,start] GC(177) Adjust Roots
[40.559s][info][gc,phases      ] GC(177) Adjust Roots 0.359ms
[40.559s][info][gc,phases,start] GC(177) Compaction Phase
[40.560s][info][gc,phases      ] GC(177) Compaction Phase 1.255ms
[40.560s][info][gc,phases,start] GC(177) Post Compact
[40.561s][info][gc,phases      ] GC(177) Post Compact 0.496ms
[40.561s][info][gc,heap        ] GC(177) PSYoungGen: 96K(2446848K)->0K(2446848K) Eden: 0K(2097664K)->0K(2097664K) From: 96K(349184K)->0K(349184K)
[40.561s][info][gc,heap        ] GC(177) ParOldGen: 1139K(5592576K)->1141K(5592576K)
[40.561s][info][gc,metaspace   ] GC(177) Metaspace: 517K(832K)->516K(832K) NonClass: 467K(640K)->466K(640K) Class: 50K(192K)->49K(192K)
[40.561s][info][gc             ] GC(177) Pause Full (System.gc()) 1M->1M(7851M) 6.434ms
[40.561s][info][gc,cpu         ] GC(177) User=0.00s Sys=0.01s Real=0.01s
[41.015s][info][gc,start       ] GC(178) Pause Young (System.gc())
[41.016s][info][gc,heap        ] GC(178) PSYoungGen: 41953K(2446848K)->96K(2446848K) Eden: 41953K(2097664K)->0K(2097664K) From: 0K(349184K)->96K(349184K)
[41.016s][info][gc,heap        ] GC(178) ParOldGen: 1141K(5592576K)->1141K(5592576K)
[41.016s][info][gc,metaspace   ] GC(178) Metaspace: 521K(832K)->521K(832K) NonClass: 469K(640K)->469K(640K) Class: 51K(192K)->51K(192K)
[41.016s][info][gc             ] GC(178) Pause Young (System.gc()) 42M->1M(7851M) 0.576ms
[41.016s][info][gc,cpu         ] GC(178) User=0.00s Sys=0.00s Real=0.00s
[41.016s][info][gc,start       ] GC(179) Pause Full (System.gc())
[41.016s][info][gc,phases,start] GC(179) Marking Phase
[41.018s][info][gc,phases      ] GC(179) Marking Phase 2.359ms
[41.018s][info][gc,phases,start] GC(179) Summary Phase
[41.018s][info][gc,phases      ] GC(179) Summary Phase 0.021ms
[41.018s][info][gc,phases,start] GC(179) Adjust Roots
[41.019s][info][gc,phases      ] GC(179) Adjust Roots 0.328ms
[41.019s][info][gc,phases,start] GC(179) Compaction Phase
[41.020s][info][gc,phases      ] GC(179) Compaction Phase 1.323ms
[41.020s][info][gc,phases,start] GC(179) Post Compact
[41.020s][info][gc,phases      ] GC(179) Post Compact 0.469ms
[41.020s][info][gc,heap        ] GC(179) PSYoungGen: 96K(2446848K)->0K(2446848K) Eden: 0K(2097664K)->0K(2097664K) From: 96K(349184K)->0K(349184K)
[41.020s][info][gc,heap        ] GC(179) ParOldGen: 1141K(5592576K)->1144K(5592576K)
[41.020s][info][gc,metaspace   ] GC(179) Metaspace: 521K(832K)->521K(832K) NonClass: 469K(640K)->469K(640K) Class: 51K(192K)->51K(192K)
[41.020s][info][gc             ] GC(179) Pause Full (System.gc()) 1M->1M(7851M) 4.758ms
[41.020s][info][gc,cpu         ] GC(179) User=0.01s Sys=0.00s Real=0.00s
[41.474s][info][gc,start       ] GC(180) Pause Young (System.gc())
[41.474s][info][gc,heap        ] GC(180) PSYoungGen: 41953K(2446848K)->96K(2446848K) Eden: 41953K(2097664K)->0K(2097664K) From: 0K(349184K)->96K(349184K)
[41.474s][info][gc,heap        ] GC(180) ParOldGen: 1144K(5592576K)->1144K(5592576K)
[41.474s][info][gc,metaspace   ] GC(180) Metaspace: 526K(832K)->526K(832K) NonClass: 473K(640K)->473K(640K) Class: 53K(192K)->53K(192K)
[41.474s][info][gc             ] GC(180) Pause Young (System.gc()) 42M->1M(7851M) 0.450ms
[41.474s][info][gc,cpu         ] GC(180) User=0.00s Sys=0.00s Real=0.00s
[41.475s][info][gc,start       ] GC(181) Pause Full (System.gc())
[41.475s][info][gc,phases,start] GC(181) Marking Phase
[41.476s][info][gc,phases      ] GC(181) Marking Phase 1.501ms
[41.476s][info][gc,phases,start] GC(181) Summary Phase
[41.476s][info][gc,phases      ] GC(181) Summary Phase 0.015ms
[41.476s][info][gc,phases,start] GC(181) Adjust Roots
[41.477s][info][gc,phases      ] GC(181) Adjust Roots 0.685ms
[41.477s][info][gc,phases,start] GC(181) Compaction Phase
[41.478s][info][gc,phases      ] GC(181) Compaction Phase 1.260ms
[41.478s][info][gc,phases,start] GC(181) Post Compact
[41.479s][info][gc,phases      ] GC(181) Post Compact 0.468ms
[41.479s][info][gc,heap        ] GC(181) PSYoungGen: 96K(2446848K)->0K(2446848K) Eden: 0K(2097664K)->0K(2097664K) From: 96K(349184K)->0K(349184K)
[41.479s][info][gc,heap        ] GC(181) ParOldGen: 1144K(5592576K)->1146K(5592576K)
[41.479s][info][gc,metaspace   ] GC(181) Metaspace: 526K(832K)->526K(832K) NonClass: 473K(640K)->473K(640K) Class: 53K(192K)->53K(192K)
[41.479s][info][gc             ] GC(181) Pause Full (System.gc()) 1M->1M(7851M) 4.126ms
[41.479s][info][gc,cpu         ] GC(181) User=0.01s Sys=0.00s Real=0.01s
[41.932s][info][gc,start       ] GC(182) Pause Young (System.gc())
[41.933s][info][gc,heap        ] GC(182) PSYoungGen: 41953K(2446848K)->128K(2446848K) Eden: 41953K(2097664K)->0K(2097664K) From: 0K(349184K)->128K(349184K)
[41.933s][info][gc,heap        ] GC(182) ParOldGen: 1146K(5592576K)->1146K(5592576K)
[41.933s][info][gc,metaspace   ] GC(182) Metaspace: 531K(832K)->531K(832K) NonClass: 476K(640K)->476K(640K) Class: 55K(192K)->55K(192K)
[41.933s][info][gc             ] GC(182) Pause Young (System.gc()) 42M->1M(7851M) 0.695ms
[41.933s][info][gc,cpu         ] GC(182) User=0.00s Sys=0.00s Real=0.00s
[41.933s][info][gc,start       ] GC(183) Pause Full (System.gc())
[41.933s][info][gc,phases,start] GC(183) Marking Phase
[41.936s][info][gc,phases      ] GC(183) Marking Phase 3.312ms
[41.936s][info][gc,phases,start] GC(183) Summary Phase
[41.936s][info][gc,phases      ] GC(183) Summary Phase 0.015ms
[41.936s][info][gc,phases,start] GC(183) Adjust Roots
[41.937s][info][gc,phases      ] GC(183) Adjust Roots 0.740ms
[41.937s][info][gc,phases,start] GC(183) Compaction Phase
[41.938s][info][gc,phases      ] GC(183) Compaction Phase 1.270ms
[41.938s][info][gc,phases,start] GC(183) Post Compact
[41.939s][info][gc,phases      ] GC(183) Post Compact 0.435ms
[41.939s][info][gc,heap        ] GC(183) PSYoungGen: 128K(2446848K)->0K(2446848K) Eden: 0K(2097664K)->0K(2097664K) From: 128K(349184K)->0K(349184K)
[41.939s][info][gc,heap        ] GC(183) ParOldGen: 1146K(5592576K)->1146K(5592576K)
[41.939s][info][gc,metaspace   ] GC(183) Metaspace: 531K(832K)->528K(832K) NonClass: 476K(640K)->475K(640K) Class: 55K(192K)->53K(192K)
[41.939s][info][gc             ] GC(183) Pause Full (System.gc()) 1M->1M(7851M) 5.994ms
[41.939s][info][gc,cpu         ] GC(183) User=0.01s Sys=0.00s Real=0.01s
[42.392s][info][gc,start       ] GC(184) Pause Young (System.gc())
[42.393s][info][gc,heap        ] GC(184) PSYoungGen: 41953K(2446848K)->96K(2446848K) Eden: 41953K(2097664K)->0K(2097664K) From: 0K(349184K)->96K(349184K)
[42.393s][info][gc,heap        ] GC(184) ParOldGen: 1146K(5592576K)->1146K(5592576K)
[42.393s][info][gc,metaspace   ] GC(184) Metaspace: 533K(832K)->533K(832K) NonClass: 478K(640K)->478K(640K) Class: 55K(192K)->55K(192K)
[42.393s][info][gc             ] GC(184) Pause Young (System.gc()) 42M->1M(7851M) 0.749ms
[42.393s][info][gc,cpu         ] GC(184) User=0.00s Sys=0.00s Real=0.00s
[42.393s][info][gc,start       ] GC(185) Pause Full (System.gc())
[42.393s][info][gc,phases,start] GC(185) Marking Phase
[42.397s][info][gc,phases      ] GC(185) Marking Phase 3.573ms
[42.397s][info][gc,phases,start] GC(185) Summary Phase
[42.397s][info][gc,phases      ] GC(185) Summary Phase 0.015ms
[42.397s][info][gc,phases,start] GC(185) Adjust Roots
[42.397s][info][gc,phases      ] GC(185) Adjust Roots 0.346ms
[42.397s][info][gc,phases,start] GC(185) Compaction Phase
[42.398s][info][gc,phases      ] GC(185) Compaction Phase 1.348ms
[42.398s][info][gc,phases,start] GC(185) Post Compact
[42.399s][info][gc,phases      ] GC(185) Post Compact 0.498ms
[42.399s][info][gc,heap        ] GC(185) PSYoungGen: 96K(2446848K)->0K(2446848K) Eden: 0K(2097664K)->0K(2097664K) From: 96K(349184K)->0K(349184K)
[42.399s][info][gc,heap        ] GC(185) ParOldGen: 1146K(5592576K)->1148K(5592576K)
[42.399s][info][gc,metaspace   ] GC(185) Metaspace: 533K(832K)->532K(832K) NonClass: 478K(640K)->478K(640K) Class: 55K(192K)->54K(192K)
[42.399s][info][gc             ] GC(185) Pause Full (System.gc()) 1M->1M(7851M) 6.026ms
[42.399s][info][gc,cpu         ] GC(185) User=0.01s Sys=0.01s Real=0.01s
[42.857s][info][gc,start       ] GC(186) Pause Young (System.gc())
[42.858s][info][gc,heap        ] GC(186) PSYoungGen: 41953K(2446848K)->96K(2446848K) Eden: 41953K(2097664K)->0K(2097664K) From: 0K(349184K)->96K(349184K)
[42.858s][info][gc,heap        ] GC(186) ParOldGen: 1148K(5592576K)->1148K(5592576K)
[42.858s][info][gc,metaspace   ] GC(186) Metaspace: 537K(832K)->537K(832K) NonClass: 481K(640K)->481K(640K) Class: 56K(192K)->56K(192K)
[42.858s][info][gc             ] GC(186) Pause Young (System.gc()) 42M->1M(7851M) 1.011ms
[42.858s][info][gc,cpu         ] GC(186) User=0.01s Sys=0.00s Real=0.00s
[42.858s][info][gc,start       ] GC(187) Pause Full (System.gc())
[42.858s][info][gc,phases,start] GC(187) Marking Phase
[42.862s][info][gc,phases      ] GC(187) Marking Phase 3.347ms
[42.862s][info][gc,phases,start] GC(187) Summary Phase
[42.862s][info][gc,phases      ] GC(187) Summary Phase 0.032ms
[42.862s][info][gc,phases,start] GC(187) Adjust Roots
[42.863s][info][gc,phases      ] GC(187) Adjust Roots 0.806ms
[42.863s][info][gc,phases,start] GC(187) Compaction Phase
[42.864s][info][gc,phases      ] GC(187) Compaction Phase 1.172ms
[42.864s][info][gc,phases,start] GC(187) Post Compact
[42.864s][info][gc,phases      ] GC(187) Post Compact 0.523ms
[42.864s][info][gc,heap        ] GC(187) PSYoungGen: 96K(2446848K)->0K(2446848K) Eden: 0K(2097664K)->0K(2097664K) From: 96K(349184K)->0K(349184K)
[42.864s][info][gc,heap        ] GC(187) ParOldGen: 1148K(5592576K)->1144K(5592576K)
[42.864s][info][gc,metaspace   ] GC(187) Metaspace: 537K(832K)->520K(832K) NonClass: 481K(640K)->468K(640K) Class: 56K(192K)->52K(192K)
[42.864s][info][gc             ] GC(187) Pause Full (System.gc()) 1M->1M(7851M) 6.217ms
[42.864s][info][gc,cpu         ] GC(187) User=0.00s Sys=0.00s Real=0.00s
[43.318s][info][gc,start       ] GC(188) Pause Young (System.gc())
[43.318s][info][gc,heap        ] GC(188) PSYoungGen: 41953K(2446848K)->128K(2446848K) Eden: 41953K(2097664K)->0K(2097664K) From: 0K(349184K)->128K(349184K)
[43.318s][info][gc,heap        ] GC(188) ParOldGen: 1144K(5592576K)->1144K(5592576K)
[43.318s][info][gc,metaspace   ] GC(188) Metaspace: 525K(832K)->525K(832K) NonClass: 471K(640K)->471K(640K) Class: 54K(192K)->54K(192K)
[43.318s][info][gc             ] GC(188) Pause Young (System.gc()) 42M->1M(7851M) 0.441ms
[43.318s][info][gc,cpu         ] GC(188) User=0.00s Sys=0.00s Real=0.00s
[43.319s][info][gc,start       ] GC(189) Pause Full (System.gc())
[43.319s][info][gc,phases,start] GC(189) Marking Phase
[43.322s][info][gc,phases      ] GC(189) Marking Phase 3.397ms
[43.322s][info][gc,phases,start] GC(189) Summary Phase
[43.322s][info][gc,phases      ] GC(189) Summary Phase 0.020ms
[43.322s][info][gc,phases,start] GC(189) Adjust Roots
[43.323s][info][gc,phases      ] GC(189) Adjust Roots 0.814ms
[43.323s][info][gc,phases,start] GC(189) Compaction Phase
[43.324s][info][gc,phases      ] GC(189) Compaction Phase 1.308ms
[43.324s][info][gc,phases,start] GC(189) Post Compact
[43.325s][info][gc,phases      ] GC(189) Post Compact 0.494ms
[43.325s][info][gc,heap        ] GC(189) PSYoungGen: 128K(2446848K)->0K(2446848K) Eden: 0K(2097664K)->0K(2097664K) From: 128K(349184K)->0K(349184K)
[43.325s][info][gc,heap        ] GC(189) ParOldGen: 1144K(5592576K)->1145K(5592576K)
[43.325s][info][gc,metaspace   ] GC(189) Metaspace: 525K(832K)->522K(832K) NonClass: 471K(640K)->469K(640K) Class: 54K(192K)->53K(192K)
[43.325s][info][gc             ] GC(189) Pause Full (System.gc()) 1M->1M(7851M) 6.309ms
[43.325s][info][gc,cpu         ] GC(189) User=0.01s Sys=0.00s Real=0.01s
[43.781s][info][gc,start       ] GC(190) Pause Young (System.gc())
[43.782s][info][gc,heap        ] GC(190) PSYoungGen: 41953K(2446848K)->160K(2446848K) Eden: 41953K(2097664K)->0K(2097664K) From: 0K(349184K)->160K(349184K)
[43.782s][info][gc,heap        ] GC(190) ParOldGen: 1145K(5592576K)->1145K(5592576K)
[43.782s][info][gc,metaspace   ] GC(190) Metaspace: 527K(832K)->527K(832K) NonClass: 472K(640K)->472K(640K) Class: 55K(192K)->55K(192K)
[43.782s][info][gc             ] GC(190) Pause Young (System.gc()) 42M->1M(7851M) 0.499ms
[43.782s][info][gc,cpu         ] GC(190) User=0.00s Sys=0.00s Real=0.00s
[43.782s][info][gc,start       ] GC(191) Pause Full (System.gc())
[43.782s][info][gc,phases,start] GC(191) Marking Phase
[43.786s][info][gc,phases      ] GC(191) Marking Phase 3.749ms
[43.786s][info][gc,phases,start] GC(191) Summary Phase
[43.786s][info][gc,phases      ] GC(191) Summary Phase 0.009ms
[43.786s][info][gc,phases,start] GC(191) Adjust Roots
[43.786s][info][gc,phases      ] GC(191) Adjust Roots 0.356ms
[43.786s][info][gc,phases,start] GC(191) Compaction Phase
[43.787s][info][gc,phases      ] GC(191) Compaction Phase 1.114ms
[43.787s][info][gc,phases,start] GC(191) Post Compact
[43.788s][info][gc,phases      ] GC(191) Post Compact 0.460ms
[43.788s][info][gc,heap        ] GC(191) PSYoungGen: 160K(2446848K)->0K(2446848K) Eden: 0K(2097664K)->0K(2097664K) From: 160K(349184K)->0K(349184K)
[43.788s][info][gc,heap        ] GC(191) ParOldGen: 1145K(5592576K)->1147K(5592576K)
[43.788s][info][gc,metaspace   ] GC(191) Metaspace: 527K(832K)->527K(832K) NonClass: 472K(640K)->472K(640K) Class: 55K(192K)->55K(192K)
[43.788s][info][gc             ] GC(191) Pause Full (System.gc()) 1M->1M(7851M) 5.827ms
[43.788s][info][gc,cpu         ] GC(191) User=0.03s Sys=0.01s Real=0.01s
[44.240s][info][gc,start       ] GC(192) Pause Young (System.gc())
[44.240s][info][gc,heap        ] GC(192) PSYoungGen: 41953K(2446848K)->96K(2446848K) Eden: 41953K(2097664K)->0K(2097664K) From: 0K(349184K)->96K(349184K)
[44.240s][info][gc,heap        ] GC(192) ParOldGen: 1147K(5592576K)->1147K(5592576K)
[44.240s][info][gc,metaspace   ] GC(192) Metaspace: 537K(832K)->537K(832K) NonClass: 480K(640K)->480K(640K) Class: 56K(192K)->56K(192K)
[44.240s][info][gc             ] GC(192) Pause Young (System.gc()) 42M->1M(7851M) 0.365ms
[44.240s][info][gc,cpu         ] GC(192) User=0.00s Sys=0.00s Real=0.00s
[44.240s][info][gc,start       ] GC(193) Pause Full (System.gc())
[44.240s][info][gc,phases,start] GC(193) Marking Phase
[44.242s][info][gc,phases      ] GC(193) Marking Phase 1.842ms
[44.242s][info][gc,phases,start] GC(193) Summary Phase
[44.242s][info][gc,phases      ] GC(193) Summary Phase 0.015ms
[44.242s][info][gc,phases,start] GC(193) Adjust Roots
[44.242s][info][gc,phases      ] GC(193) Adjust Roots 0.468ms
[44.243s][info][gc,phases,start] GC(193) Compaction Phase
[44.244s][info][gc,phases      ] GC(193) Compaction Phase 1.243ms
[44.244s][info][gc,phases,start] GC(193) Post Compact
[44.244s][info][gc,phases      ] GC(193) Post Compact 0.553ms
[44.244s][info][gc,heap        ] GC(193) PSYoungGen: 96K(2446848K)->0K(2446848K) Eden: 0K(2097664K)->0K(2097664K) From: 96K(349184K)->0K(349184K)
[44.244s][info][gc,heap        ] GC(193) ParOldGen: 1147K(5592576K)->1150K(5592576K)
[44.244s][info][gc,metaspace   ] GC(193) Metaspace: 537K(832K)->537K(832K) NonClass: 480K(640K)->480K(640K) Class: 56K(192K)->56K(192K)
[44.244s][info][gc             ] GC(193) Pause Full (System.gc()) 1M->1M(7851M) 4.355ms
[44.244s][info][gc,cpu         ] GC(193) User=0.01s Sys=0.00s Real=0.00s
[44.701s][info][gc,start       ] GC(194) Pause Young (System.gc())
[44.701s][info][gc,heap        ] GC(194) PSYoungGen: 41953K(2446848K)->128K(2446848K) Eden: 41953K(2097664K)->0K(2097664K) From: 0K(349184K)->128K(349184K)
[44.701s][info][gc,heap        ] GC(194) ParOldGen: 1150K(5592576K)->1150K(5592576K)
[44.701s][info][gc,metaspace   ] GC(194) Metaspace: 542K(832K)->542K(832K) NonClass: 483K(640K)->483K(640K) Class: 58K(192K)->58K(192K)
[44.702s][info][gc             ] GC(194) Pause Young (System.gc()) 42M->1M(7851M) 0.399ms
[44.702s][info][gc,cpu         ] GC(194) User=0.00s Sys=0.00s Real=0.00s
[44.702s][info][gc,start       ] GC(195) Pause Full (System.gc())
[44.702s][info][gc,phases,start] GC(195) Marking Phase
[44.706s][info][gc,phases      ] GC(195) Marking Phase 4.563ms
[44.706s][info][gc,phases,start] GC(195) Summary Phase
[44.706s][info][gc,phases      ] GC(195) Summary Phase 0.015ms
[44.706s][info][gc,phases,start] GC(195) Adjust Roots
[44.707s][info][gc,phases      ] GC(195) Adjust Roots 0.624ms
[44.707s][info][gc,phases,start] GC(195) Compaction Phase
[44.708s][info][gc,phases      ] GC(195) Compaction Phase 1.289ms
[44.708s][info][gc,phases,start] GC(195) Post Compact
[44.709s][info][gc,phases      ] GC(195) Post Compact 0.556ms
[44.709s][info][gc,heap        ] GC(195) PSYoungGen: 128K(2446848K)->0K(2446848K) Eden: 0K(2097664K)->0K(2097664K) From: 128K(349184K)->0K(349184K)
[44.709s][info][gc,heap        ] GC(195) ParOldGen: 1150K(5592576K)->1150K(5592576K)
[44.709s][info][gc,metaspace   ] GC(195) Metaspace: 542K(832K)->539K(832K) NonClass: 483K(640K)->482K(640K) Class: 58K(192K)->57K(192K)
[44.709s][info][gc             ] GC(195) Pause Full (System.gc()) 1M->1M(7851M) 7.233ms
[44.709s][info][gc,cpu         ] GC(195) User=0.01s Sys=0.00s Real=0.01s
[45.166s][info][gc,start       ] GC(196) Pause Young (System.gc())
[45.166s][info][gc,heap        ] GC(196) PSYoungGen: 41953K(2446848K)->128K(2446848K) Eden: 41953K(2097664K)->0K(2097664K) From: 0K(349184K)->128K(349184K)
[45.166s][info][gc,heap        ] GC(196) ParOldGen: 1150K(5592576K)->1150K(5592576K)
[45.166s][info][gc,metaspace   ] GC(196) Metaspace: 544K(832K)->544K(832K) NonClass: 486K(640K)->486K(640K) Class: 58K(192K)->58K(192K)
[45.166s][info][gc             ] GC(196) Pause Young (System.gc()) 42M->1M(7851M) 0.429ms
[45.166s][info][gc,cpu         ] GC(196) User=0.00s Sys=0.00s Real=0.00s
[45.166s][info][gc,start       ] GC(197) Pause Full (System.gc())
[45.166s][info][gc,phases,start] GC(197) Marking Phase
[45.170s][info][gc,phases      ] GC(197) Marking Phase 3.446ms
[45.170s][info][gc,phases,start] GC(197) Summary Phase
[45.170s][info][gc,phases      ] GC(197) Summary Phase 0.018ms
[45.170s][info][gc,phases,start] GC(197) Adjust Roots
[45.171s][info][gc,phases      ] GC(197) Adjust Roots 0.920ms
[45.171s][info][gc,phases,start] GC(197) Compaction Phase
[45.172s][info][gc,phases      ] GC(197) Compaction Phase 1.186ms
[45.172s][info][gc,phases,start] GC(197) Post Compact
[45.172s][info][gc,phases      ] GC(197) Post Compact 0.354ms
[45.172s][info][gc,heap        ] GC(197) PSYoungGen: 128K(2446848K)->0K(2446848K) Eden: 0K(2097664K)->0K(2097664K) From: 128K(349184K)->0K(349184K)
[45.172s][info][gc,heap        ] GC(197) ParOldGen: 1150K(5592576K)->1152K(5592576K)
[45.172s][info][gc,metaspace   ] GC(197) Metaspace: 544K(832K)->543K(832K) NonClass: 486K(640K)->485K(640K) Class: 58K(192K)->58K(192K)
[45.172s][info][gc             ] GC(197) Pause Full (System.gc()) 1M->1M(7851M) 6.150ms
[45.172s][info][gc,cpu         ] GC(197) User=0.01s Sys=0.00s Real=0.00s
[45.628s][info][gc,start       ] GC(198) Pause Young (System.gc())
[45.628s][info][gc,heap        ] GC(198) PSYoungGen: 41953K(2446848K)->96K(2446848K) Eden: 41953K(2097664K)->0K(2097664K) From: 0K(349184K)->96K(349184K)
[45.628s][info][gc,heap        ] GC(198) ParOldGen: 1152K(5592576K)->1152K(5592576K)
[45.628s][info][gc,metaspace   ] GC(198) Metaspace: 548K(832K)->548K(832K) NonClass: 488K(640K)->488K(640K) Class: 60K(192K)->60K(192K)
[45.628s][info][gc             ] GC(198) Pause Young (System.gc()) 42M->1M(7851M) 0.505ms
[45.628s][info][gc,cpu         ] GC(198) User=0.00s Sys=0.00s Real=0.00s
[45.628s][info][gc,start       ] GC(199) Pause Full (System.gc())
[45.628s][info][gc,phases,start] GC(199) Marking Phase
[45.632s][info][gc,phases      ] GC(199) Marking Phase 3.064ms
[45.632s][info][gc,phases,start] GC(199) Summary Phase
[45.632s][info][gc,phases      ] GC(199) Summary Phase 0.013ms
[45.632s][info][gc,phases,start] GC(199) Adjust Roots
[45.632s][info][gc,phases      ] GC(199) Adjust Roots 0.418ms
[45.632s][info][gc,phases,start] GC(199) Compaction Phase
[45.633s][info][gc,phases      ] GC(199) Compaction Phase 1.268ms
[45.633s][info][gc,phases,start] GC(199) Post Compact
[45.634s][info][gc,phases      ] GC(199) Post Compact 0.510ms
[45.634s][info][gc,heap        ] GC(199) PSYoungGen: 96K(2446848K)->0K(2446848K) Eden: 0K(2097664K)->0K(2097664K) From: 96K(349184K)->0K(349184K)
[45.634s][info][gc,heap        ] GC(199) ParOldGen: 1152K(5592576K)->1149K(5592576K)
[45.634s][info][gc,metaspace   ] GC(199) Metaspace: 548K(832K)->536K(832K) NonClass: 488K(640K)->479K(640K) Class: 60K(192K)->57K(192K)
[45.634s][info][gc             ] GC(199) Pause Full (System.gc()) 1M->1M(7851M) 5.437ms
[45.634s][info][gc,cpu         ] GC(199) User=0.01s Sys=0.01s Real=0.00s
[46.087s][info][gc,start       ] GC(200) Pause Young (System.gc())
[46.087s][info][gc,heap        ] GC(200) PSYoungGen: 41953K(2446848K)->128K(2446848K) Eden: 41953K(2097664K)->0K(2097664K) From: 0K(349184K)->128K(349184K)
[46.087s][info][gc,heap        ] GC(200) ParOldGen: 1149K(5592576K)->1149K(5592576K)
[46.087s][info][gc,metaspace   ] GC(200) Metaspace: 541K(832K)->541K(832K) NonClass: 482K(640K)->482K(640K) Class: 58K(192K)->58K(192K)
[46.087s][info][gc             ] GC(200) Pause Young (System.gc()) 42M->1M(7851M) 0.370ms
[46.087s][info][gc,cpu         ] GC(200) User=0.00s Sys=0.00s Real=0.00s
[46.087s][info][gc,start       ] GC(201) Pause Full (System.gc())
[46.087s][info][gc,phases,start] GC(201) Marking Phase
[46.090s][info][gc,phases      ] GC(201) Marking Phase 2.866ms
[46.090s][info][gc,phases,start] GC(201) Summary Phase
[46.090s][info][gc,phases      ] GC(201) Summary Phase 0.020ms
[46.090s][info][gc,phases,start] GC(201) Adjust Roots
[46.091s][info][gc,phases      ] GC(201) Adjust Roots 0.926ms
[46.091s][info][gc,phases,start] GC(201) Compaction Phase
[46.092s][info][gc,phases      ] GC(201) Compaction Phase 1.281ms
[46.093s][info][gc,phases,start] GC(201) Post Compact
[46.093s][info][gc,phases      ] GC(201) Post Compact 0.491ms
[46.093s][info][gc,heap        ] GC(201) PSYoungGen: 128K(2446848K)->0K(2446848K) Eden: 0K(2097664K)->0K(2097664K) From: 128K(349184K)->0K(349184K)
[46.093s][info][gc,heap        ] GC(201) ParOldGen: 1149K(5592576K)->1150K(5592576K)
[46.093s][info][gc,metaspace   ] GC(201) Metaspace: 541K(832K)->538K(832K) NonClass: 482K(640K)->480K(640K) Class: 58K(192K)->57K(192K)
[46.093s][info][gc             ] GC(201) Pause Full (System.gc()) 1M->1M(7851M) 5.855ms
[46.093s][info][gc,cpu         ] GC(201) User=0.01s Sys=0.00s Real=0.00s
[46.549s][info][gc,start       ] GC(202) Pause Young (System.gc())
[46.549s][info][gc,heap        ] GC(202) PSYoungGen: 41953K(2446848K)->160K(2446848K) Eden: 41953K(2097664K)->0K(2097664K) From: 0K(349184K)->160K(349184K)
[46.549s][info][gc,heap        ] GC(202) ParOldGen: 1150K(5592576K)->1150K(5592576K)
[46.549s][info][gc,metaspace   ] GC(202) Metaspace: 543K(832K)->543K(832K) NonClass: 483K(640K)->483K(640K) Class: 59K(192K)->59K(192K)
[46.549s][info][gc             ] GC(202) Pause Young (System.gc()) 42M->1M(7851M) 0.565ms
[46.549s][info][gc,cpu         ] GC(202) User=0.00s Sys=0.00s Real=0.00s
[46.549s][info][gc,start       ] GC(203) Pause Full (System.gc())
[46.549s][info][gc,phases,start] GC(203) Marking Phase
[46.553s][info][gc,phases      ] GC(203) Marking Phase 3.409ms
[46.553s][info][gc,phases,start] GC(203) Summary Phase
[46.553s][info][gc,phases      ] GC(203) Summary Phase 0.025ms
[46.553s][info][gc,phases,start] GC(203) Adjust Roots
[46.553s][info][gc,phases      ] GC(203) Adjust Roots 0.380ms
[46.553s][info][gc,phases,start] GC(203) Compaction Phase
[46.555s][info][gc,phases      ] GC(203) Compaction Phase 1.286ms
[46.555s][info][gc,phases,start] GC(203) Post Compact
[46.555s][info][gc,phases      ] GC(203) Post Compact 0.509ms
[46.555s][info][gc,heap        ] GC(203) PSYoungGen: 160K(2446848K)->0K(2446848K) Eden: 0K(2097664K)->0K(2097664K) From: 160K(349184K)->0K(349184K)
[46.555s][info][gc,heap        ] GC(203) ParOldGen: 1150K(5592576K)->1152K(5592576K)
[46.555s][info][gc,metaspace   ] GC(203) Metaspace: 543K(832K)->542K(832K) NonClass: 483K(640K)->483K(640K) Class: 59K(192K)->59K(192K)
[46.555s][info][gc             ] GC(203) Pause Full (System.gc()) 1M->1M(7851M) 5.941ms
[46.555s][info][gc,cpu         ] GC(203) User=0.01s Sys=0.00s Real=0.01s
[47.010s][info][gc,start       ] GC(204) Pause Young (System.gc())
[47.011s][info][gc,heap        ] GC(204) PSYoungGen: 41953K(2446848K)->96K(2446848K) Eden: 41953K(2097664K)->0K(2097664K) From: 0K(349184K)->96K(349184K)
[47.011s][info][gc,heap        ] GC(204) ParOldGen: 1152K(5592576K)->1152K(5592576K)
[47.011s][info][gc,metaspace   ] GC(204) Metaspace: 547K(832K)->547K(832K) NonClass: 486K(640K)->486K(640K) Class: 60K(192K)->60K(192K)
[47.011s][info][gc             ] GC(204) Pause Young (System.gc()) 42M->1M(7851M) 0.603ms
[47.011s][info][gc,cpu         ] GC(204) User=0.01s Sys=0.00s Real=0.00s
[47.011s][info][gc,start       ] GC(205) Pause Full (System.gc())
[47.011s][info][gc,phases,start] GC(205) Marking Phase
[47.014s][info][gc,phases      ] GC(205) Marking Phase 2.829ms
[47.014s][info][gc,phases,start] GC(205) Summary Phase
[47.014s][info][gc,phases      ] GC(205) Summary Phase 0.026ms
[47.014s][info][gc,phases,start] GC(205) Adjust Roots
[47.014s][info][gc,phases      ] GC(205) Adjust Roots 0.341ms
[47.014s][info][gc,phases,start] GC(205) Compaction Phase
[47.016s][info][gc,phases      ] GC(205) Compaction Phase 1.420ms
[47.016s][info][gc,phases,start] GC(205) Post Compact
[47.016s][info][gc,phases      ] GC(205) Post Compact 0.500ms
[47.016s][info][gc,heap        ] GC(205) PSYoungGen: 96K(2446848K)->0K(2446848K) Eden: 0K(2097664K)->0K(2097664K) From: 96K(349184K)->0K(349184K)
[47.016s][info][gc,heap        ] GC(205) ParOldGen: 1152K(5592576K)->1155K(5592576K)
[47.016s][info][gc,metaspace   ] GC(205) Metaspace: 547K(832K)->547K(832K) NonClass: 486K(640K)->486K(640K) Class: 60K(192K)->60K(192K)
[47.016s][info][gc             ] GC(205) Pause Full (System.gc()) 1M->1M(7851M) 5.464ms
[47.016s][info][gc,cpu         ] GC(205) User=0.00s Sys=0.00s Real=0.01s
[47.474s][info][gc,start       ] GC(206) Pause Young (System.gc())
[47.475s][info][gc,heap        ] GC(206) PSYoungGen: 41953K(2446848K)->128K(2446848K) Eden: 41953K(2097664K)->0K(2097664K) From: 0K(349184K)->128K(349184K)
[47.475s][info][gc,heap        ] GC(206) ParOldGen: 1155K(5592576K)->1155K(5592576K)
[47.475s][info][gc,metaspace   ] GC(206) Metaspace: 553K(832K)->553K(832K) NonClass: 490K(640K)->490K(640K) Class: 62K(192K)->62K(192K)
[47.475s][info][gc             ] GC(206) Pause Young (System.gc()) 42M->1M(7851M) 0.553ms
[47.475s][info][gc,cpu         ] GC(206) User=0.00s Sys=0.00s Real=0.01s
[47.475s][info][gc,start       ] GC(207) Pause Full (System.gc())
[47.475s][info][gc,phases,start] GC(207) Marking Phase
[47.479s][info][gc,phases      ] GC(207) Marking Phase 3.722ms
[47.479s][info][gc,phases,start] GC(207) Summary Phase
[47.479s][info][gc,phases      ] GC(207) Summary Phase 0.030ms
[47.479s][info][gc,phases,start] GC(207) Adjust Roots
[47.479s][info][gc,phases      ] GC(207) Adjust Roots 0.401ms
[47.479s][info][gc,phases,start] GC(207) Compaction Phase
[47.481s][info][gc,phases      ] GC(207) Compaction Phase 1.123ms
[47.481s][info][gc,phases,start] GC(207) Post Compact
[47.481s][info][gc,phases      ] GC(207) Post Compact 0.513ms
[47.481s][info][gc,heap        ] GC(207) PSYoungGen: 128K(2446848K)->0K(2446848K) Eden: 0K(2097664K)->0K(2097664K) From: 128K(349184K)->0K(349184K)
[47.481s][info][gc,heap        ] GC(207) ParOldGen: 1155K(5592576K)->1156K(5592576K)
[47.481s][info][gc,metaspace   ] GC(207) Metaspace: 553K(832K)->551K(832K) NonClass: 490K(640K)->489K(640K) Class: 62K(192K)->61K(192K)
[47.481s][info][gc             ] GC(207) Pause Full (System.gc()) 1M->1M(7851M) 6.140ms
[47.481s][info][gc,cpu         ] GC(207) User=0.01s Sys=0.01s Real=0.00s
[47.937s][info][gc,start       ] GC(208) Pause Young (System.gc())
[47.938s][info][gc,heap        ] GC(208) PSYoungGen: 41953K(2446848K)->96K(2446848K) Eden: 41953K(2097664K)->0K(2097664K) From: 0K(349184K)->96K(349184K)
[47.938s][info][gc,heap        ] GC(208) ParOldGen: 1156K(5592576K)->1156K(5592576K)
[47.938s][info][gc,metaspace   ] GC(208) Metaspace: 556K(832K)->556K(832K) NonClass: 493K(640K)->493K(640K) Class: 63K(192K)->63K(192K)
[47.938s][info][gc             ] GC(208) Pause Young (System.gc()) 42M->1M(7851M) 0.650ms
[47.938s][info][gc,cpu         ] GC(208) User=0.00s Sys=0.00s Real=0.00s
[47.938s][info][gc,start       ] GC(209) Pause Full (System.gc())
[47.938s][info][gc,phases,start] GC(209) Marking Phase
[47.941s][info][gc,phases      ] GC(209) Marking Phase 3.610ms
[47.941s][info][gc,phases,start] GC(209) Summary Phase
[47.941s][info][gc,phases      ] GC(209) Summary Phase 0.016ms
[47.941s][info][gc,phases,start] GC(209) Adjust Roots
[47.942s][info][gc,phases      ] GC(209) Adjust Roots 0.460ms
[47.942s][info][gc,phases,start] GC(209) Compaction Phase
[47.943s][info][gc,phases      ] GC(209) Compaction Phase 1.379ms
[47.943s][info][gc,phases,start] GC(209) Post Compact
[47.944s][info][gc,phases      ] GC(209) Post Compact 0.492ms
[47.944s][info][gc,heap        ] GC(209) PSYoungGen: 96K(2446848K)->0K(2446848K) Eden: 0K(2097664K)->0K(2097664K) From: 96K(349184K)->0K(349184K)
[47.944s][info][gc,heap        ] GC(209) ParOldGen: 1156K(5592576K)->1158K(5592576K)
[47.944s][info][gc,metaspace   ] GC(209) Metaspace: 556K(832K)->555K(832K) NonClass: 493K(640K)->492K(640K) Class: 63K(192K)->62K(192K)
[47.944s][info][gc             ] GC(209) Pause Full (System.gc()) 1M->1M(7851M) 6.265ms
[47.944s][info][gc,cpu         ] GC(209) User=0.01s Sys=0.00s Real=0.00s
[48.398s][info][gc,start       ] GC(210) Pause Young (System.gc())
[48.399s][info][gc,heap        ] GC(210) PSYoungGen: 41953K(2446848K)->128K(2446848K) Eden: 41953K(2097664K)->0K(2097664K) From: 0K(349184K)->128K(349184K)
[48.399s][info][gc,heap        ] GC(210) ParOldGen: 1158K(5592576K)->1158K(5592576K)
[48.399s][info][gc,metaspace   ] GC(210) Metaspace: 560K(832K)->560K(832K) NonClass: 495K(640K)->495K(640K) Class: 64K(192K)->64K(192K)
[48.399s][info][gc             ] GC(210) Pause Young (System.gc()) 42M->1M(7851M) 0.401ms
[48.399s][info][gc,cpu         ] GC(210) User=0.00s Sys=0.00s Real=0.00s
[48.399s][info][gc,start       ] GC(211) Pause Full (System.gc())
[48.399s][info][gc,phases,start] GC(211) Marking Phase
[48.403s][info][gc,phases      ] GC(211) Marking Phase 3.430ms
[48.403s][info][gc,phases,start] GC(211) Summary Phase
[48.403s][info][gc,phases      ] GC(211) Summary Phase 0.016ms
[48.403s][info][gc,phases,start] GC(211) Adjust Roots
[48.403s][info][gc,phases      ] GC(211) Adjust Roots 0.464ms
[48.403s][info][gc,phases,start] GC(211) Compaction Phase
[48.404s][info][gc,phases      ] GC(211) Compaction Phase 1.092ms
[48.404s][info][gc,phases,start] GC(211) Post Compact
[48.405s][info][gc,phases      ] GC(211) Post Compact 0.291ms
[48.405s][info][gc,heap        ] GC(211) PSYoungGen: 128K(2446848K)->0K(2446848K) Eden: 0K(2097664K)->0K(2097664K) From: 128K(349184K)->0K(349184K)
[48.405s][info][gc,heap        ] GC(211) ParOldGen: 1158K(5592576K)->1160K(5592576K)
[48.405s][info][gc,metaspace   ] GC(211) Metaspace: 560K(832K)->559K(832K) NonClass: 495K(640K)->495K(640K) Class: 64K(192K)->63K(192K)
[48.405s][info][gc             ] GC(211) Pause Full (System.gc()) 1M->1M(7851M) 5.562ms
[48.405s][info][gc,cpu         ] GC(211) User=0.01s Sys=0.00s Real=0.00s
[48.857s][info][gc,start       ] GC(212) Pause Young (System.gc())
[48.858s][info][gc,heap        ] GC(212) PSYoungGen: 41953K(2446848K)->160K(2446848K) Eden: 41953K(2097664K)->0K(2097664K) From: 0K(349184K)->160K(349184K)
[48.858s][info][gc,heap        ] GC(212) ParOldGen: 1160K(5592576K)->1160K(5592576K)
[48.858s][info][gc,metaspace   ] GC(212) Metaspace: 565K(832K)->565K(832K) NonClass: 499K(640K)->499K(640K) Class: 65K(192K)->65K(192K)
[48.858s][info][gc             ] GC(212) Pause Young (System.gc()) 42M->1M(7851M) 0.431ms
[48.858s][info][gc,cpu         ] GC(212) User=0.00s Sys=0.00s Real=0.00s
[48.858s][info][gc,start       ] GC(213) Pause Full (System.gc())
[48.858s][info][gc,phases,start] GC(213) Marking Phase
[48.860s][info][gc,phases      ] GC(213) Marking Phase 2.512ms
[48.860s][info][gc,phases,start] GC(213) Summary Phase
[48.860s][info][gc,phases      ] GC(213) Summary Phase 0.014ms
[48.860s][info][gc,phases,start] GC(213) Adjust Roots
[48.861s][info][gc,phases      ] GC(213) Adjust Roots 0.401ms
[48.861s][info][gc,phases,start] GC(213) Compaction Phase
[48.862s][info][gc,phases      ] GC(213) Compaction Phase 1.225ms
[48.862s][info][gc,phases,start] GC(213) Post Compact
[48.863s][info][gc,phases      ] GC(213) Post Compact 0.500ms
[48.863s][info][gc,heap        ] GC(213) PSYoungGen: 160K(2446848K)->0K(2446848K) Eden: 0K(2097664K)->0K(2097664K) From: 160K(349184K)->0K(349184K)
[48.863s][info][gc,heap        ] GC(213) ParOldGen: 1160K(5592576K)->1162K(5592576K)
[48.863s][info][gc,metaspace   ] GC(213) Metaspace: 565K(832K)->564K(832K) NonClass: 499K(640K)->499K(640K) Class: 65K(192K)->65K(192K)
[48.863s][info][gc             ] GC(213) Pause Full (System.gc()) 1M->1M(7851M) 4.879ms
[48.863s][info][gc,cpu         ] GC(213) User=0.01s Sys=0.00s Real=0.00s
[49.315s][info][gc,start       ] GC(214) Pause Young (System.gc())
[49.316s][info][gc,heap        ] GC(214) PSYoungGen: 83906K(2446848K)->96K(2446848K) Eden: 83906K(2097664K)->0K(2097664K) From: 0K(349184K)->96K(349184K)
[49.316s][info][gc,heap        ] GC(214) ParOldGen: 1162K(5592576K)->1170K(5592576K)
[49.316s][info][gc,metaspace   ] GC(214) Metaspace: 569K(896K)->569K(896K) NonClass: 502K(704K)->502K(704K) Class: 66K(192K)->66K(192K)
[49.316s][info][gc             ] GC(214) Pause Young (System.gc()) 83M->1M(7851M) 0.451ms
[49.316s][info][gc,cpu         ] GC(214) User=0.00s Sys=0.00s Real=0.00s
[49.316s][info][gc,start       ] GC(215) Pause Full (System.gc())
[49.316s][info][gc,phases,start] GC(215) Marking Phase
[49.318s][info][gc,phases      ] GC(215) Marking Phase 1.859ms
[49.318s][info][gc,phases,start] GC(215) Summary Phase
[49.318s][info][gc,phases      ] GC(215) Summary Phase 0.013ms
[49.318s][info][gc,phases,start] GC(215) Adjust Roots
[49.318s][info][gc,phases      ] GC(215) Adjust Roots 0.443ms
[49.318s][info][gc,phases,start] GC(215) Compaction Phase
[49.319s][info][gc,phases      ] GC(215) Compaction Phase 1.045ms
[49.319s][info][gc,phases,start] GC(215) Post Compact
[49.320s][info][gc,phases      ] GC(215) Post Compact 0.576ms
[49.320s][info][gc,heap        ] GC(215) PSYoungGen: 96K(2446848K)->0K(2446848K) Eden: 0K(2097664K)->0K(2097664K) From: 96K(349184K)->0K(349184K)
[49.320s][info][gc,heap        ] GC(215) ParOldGen: 1170K(5592576K)->1165K(5592576K)
[49.320s][info][gc,metaspace   ] GC(215) Metaspace: 569K(896K)->569K(896K) NonClass: 502K(704K)->502K(704K) Class: 66K(192K)->66K(192K)
[49.320s][info][gc             ] GC(215) Pause Full (System.gc()) 1M->1M(7851M) 4.173ms
[49.320s][info][gc,cpu         ] GC(215) User=0.01s Sys=0.01s Real=0.00s
[49.777s][info][gc,start       ] GC(216) Pause Young (System.gc())
[49.778s][info][gc,heap        ] GC(216) PSYoungGen: 41953K(2446848K)->96K(2446848K) Eden: 41953K(2097664K)->0K(2097664K) From: 0K(349184K)->96K(349184K)
[49.778s][info][gc,heap        ] GC(216) ParOldGen: 1165K(5592576K)->1165K(5592576K)
[49.778s][info][gc,metaspace   ] GC(216) Metaspace: 574K(896K)->574K(896K) NonClass: 506K(704K)->506K(704K) Class: 68K(192K)->68K(192K)
[49.778s][info][gc             ] GC(216) Pause Young (System.gc()) 42M->1M(7851M) 0.723ms
[49.778s][info][gc,cpu         ] GC(216) User=0.00s Sys=0.00s Real=0.00s
[49.778s][info][gc,start       ] GC(217) Pause Full (System.gc())
[49.778s][info][gc,phases,start] GC(217) Marking Phase
[49.782s][info][gc,phases      ] GC(217) Marking Phase 3.927ms
[49.782s][info][gc,phases,start] GC(217) Summary Phase
[49.782s][info][gc,phases      ] GC(217) Summary Phase 0.026ms
[49.782s][info][gc,phases,start] GC(217) Adjust Roots
[49.783s][info][gc,phases      ] GC(217) Adjust Roots 0.823ms
[49.783s][info][gc,phases,start] GC(217) Compaction Phase
[49.784s][info][gc,phases      ] GC(217) Compaction Phase 1.321ms
[49.784s][info][gc,phases,start] GC(217) Post Compact
[49.785s][info][gc,phases      ] GC(217) Post Compact 0.638ms
[49.785s][info][gc,heap        ] GC(217) PSYoungGen: 96K(2446848K)->0K(2446848K) Eden: 0K(2097664K)->0K(2097664K) From: 96K(349184K)->0K(349184K)
[49.785s][info][gc,heap        ] GC(217) ParOldGen: 1165K(5592576K)->1129K(5592576K)
[49.785s][info][gc,metaspace   ] GC(217) Metaspace: 574K(896K)->505K(896K) NonClass: 506K(704K)->465K(704K) Class: 68K(192K)->39K(192K)
[49.785s][info][gc             ] GC(217) Pause Full (System.gc()) 1M->1M(7851M) 7.023ms
[49.785s][info][gc,cpu         ] GC(217) User=0.01s Sys=0.00s Real=0.01s
[50.242s][info][gc,start       ] GC(218) Pause Young (System.gc())
[50.242s][info][gc,heap        ] GC(218) PSYoungGen: 41953K(2446848K)->96K(2446848K) Eden: 41953K(2097664K)->0K(2097664K) From: 0K(349184K)->96K(349184K)
[50.242s][info][gc,heap        ] GC(218) ParOldGen: 1129K(5592576K)->1129K(5592576K)
[50.242s][info][gc,metaspace   ] GC(218) Metaspace: 510K(896K)->510K(896K) NonClass: 468K(704K)->468K(704K) Class: 41K(192K)->41K(192K)
[50.242s][info][gc             ] GC(218) Pause Young (System.gc()) 42M->1M(7851M) 0.469ms
[50.242s][info][gc,cpu         ] GC(218) User=0.00s Sys=0.00s Real=0.00s
[50.242s][info][gc,start       ] GC(219) Pause Full (System.gc())
[50.242s][info][gc,phases,start] GC(219) Marking Phase
[50.246s][info][gc,phases      ] GC(219) Marking Phase 4.145ms
[50.246s][info][gc,phases,start] GC(219) Summary Phase
[50.246s][info][gc,phases      ] GC(219) Summary Phase 0.017ms
[50.246s][info][gc,phases,start] GC(219) Adjust Roots
[50.247s][info][gc,phases      ] GC(219) Adjust Roots 0.410ms
[50.247s][info][gc,phases,start] GC(219) Compaction Phase
[50.248s][info][gc,phases      ] GC(219) Compaction Phase 1.249ms
[50.248s][info][gc,phases,start] GC(219) Post Compact
[50.249s][info][gc,phases      ] GC(219) Post Compact 0.494ms
[50.249s][info][gc,heap        ] GC(219) PSYoungGen: 96K(2446848K)->0K(2446848K) Eden: 0K(2097664K)->0K(2097664K) From: 96K(349184K)->0K(349184K)
[50.249s][info][gc,heap        ] GC(219) ParOldGen: 1129K(5592576K)->1130K(5592576K)
[50.249s][info][gc,metaspace   ] GC(219) Metaspace: 510K(896K)->507K(896K) NonClass: 468K(704K)->467K(704K) Class: 41K(192K)->40K(192K)
[50.249s][info][gc             ] GC(219) Pause Full (System.gc()) 1M->1M(7851M) 6.588ms
[50.249s][info][gc,cpu         ] GC(219) User=0.01s Sys=0.00s Real=0.01s
[50.704s][info][gc,start       ] GC(220) Pause Young (System.gc())
[50.704s][info][gc,heap        ] GC(220) PSYoungGen: 41953K(2446848K)->96K(2446848K) Eden: 41953K(2097664K)->0K(2097664K) From: 0K(349184K)->96K(349184K)
[50.704s][info][gc,heap        ] GC(220) ParOldGen: 1130K(5592576K)->1130K(5592576K)
[50.704s][info][gc,metaspace   ] GC(220) Metaspace: 513K(896K)->513K(896K) NonClass: 471K(704K)->471K(704K) Class: 41K(192K)->41K(192K)
[50.704s][info][gc             ] GC(220) Pause Young (System.gc()) 42M->1M(7851M) 0.662ms
[50.704s][info][gc,cpu         ] GC(220) User=0.01s Sys=0.00s Real=0.00s
[50.704s][info][gc,start       ] GC(221) Pause Full (System.gc())
[50.705s][info][gc,phases,start] GC(221) Marking Phase
[50.708s][info][gc,phases      ] GC(221) Marking Phase 3.207ms
[50.708s][info][gc,phases,start] GC(221) Summary Phase
[50.708s][info][gc,phases      ] GC(221) Summary Phase 0.019ms
[50.708s][info][gc,phases,start] GC(221) Adjust Roots
[50.708s][info][gc,phases      ] GC(221) Adjust Roots 0.354ms
[50.708s][info][gc,phases,start] GC(221) Compaction Phase
[50.709s][info][gc,phases      ] GC(221) Compaction Phase 1.134ms
[50.709s][info][gc,phases,start] GC(221) Post Compact
[50.710s][info][gc,phases      ] GC(221) Post Compact 0.490ms
[50.710s][info][gc,heap        ] GC(221) PSYoungGen: 96K(2446848K)->0K(2446848K) Eden: 0K(2097664K)->0K(2097664K) From: 96K(349184K)->0K(349184K)
[50.710s][info][gc,heap        ] GC(221) ParOldGen: 1130K(5592576K)->1133K(5592576K)
[50.710s][info][gc,metaspace   ] GC(221) Metaspace: 513K(896K)->513K(896K) NonClass: 471K(704K)->471K(704K) Class: 41K(192K)->41K(192K)
[50.710s][info][gc             ] GC(221) Pause Full (System.gc()) 1M->1M(7851M) 5.530ms
[50.710s][info][gc,cpu         ] GC(221) User=0.00s Sys=0.00s Real=0.01s
[51.163s][info][gc,start       ] GC(222) Pause Young (System.gc())
[51.164s][info][gc,heap        ] GC(222) PSYoungGen: 41953K(2446848K)->96K(2446848K) Eden: 41953K(2097664K)->0K(2097664K) From: 0K(349184K)->96K(349184K)
[51.164s][info][gc,heap        ] GC(222) ParOldGen: 1133K(5592576K)->1133K(5592576K)
[51.164s][info][gc,metaspace   ] GC(222) Metaspace: 518K(896K)->518K(896K) NonClass: 474K(704K)->474K(704K) Class: 43K(192K)->43K(192K)
[51.164s][info][gc             ] GC(222) Pause Young (System.gc()) 42M->1M(7851M) 0.658ms
[51.164s][info][gc,cpu         ] GC(222) User=0.00s Sys=0.01s Real=0.00s
[51.164s][info][gc,start       ] GC(223) Pause Full (System.gc())
[51.164s][info][gc,phases,start] GC(223) Marking Phase
[51.166s][info][gc,phases      ] GC(223) Marking Phase 2.274ms
[51.166s][info][gc,phases,start] GC(223) Summary Phase
[51.166s][info][gc,phases      ] GC(223) Summary Phase 0.018ms
[51.166s][info][gc,phases,start] GC(223) Adjust Roots
[51.167s][info][gc,phases      ] GC(223) Adjust Roots 0.350ms
[51.167s][info][gc,phases,start] GC(223) Compaction Phase
[51.168s][info][gc,phases      ] GC(223) Compaction Phase 1.332ms
[51.168s][info][gc,phases,start] GC(223) Post Compact
[51.169s][info][gc,phases      ] GC(223) Post Compact 0.488ms
[51.169s][info][gc,heap        ] GC(223) PSYoungGen: 96K(2446848K)->0K(2446848K) Eden: 0K(2097664K)->0K(2097664K) From: 96K(349184K)->0K(349184K)
[51.169s][info][gc,heap        ] GC(223) ParOldGen: 1133K(5592576K)->1136K(5592576K)
[51.169s][info][gc,metaspace   ] GC(223) Metaspace: 518K(896K)->518K(896K) NonClass: 474K(704K)->474K(704K) Class: 43K(192K)->43K(192K)
[51.169s][info][gc             ] GC(223) Pause Full (System.gc()) 1M->1M(7851M) 4.733ms
[51.169s][info][gc,cpu         ] GC(223) User=0.00s Sys=0.00s Real=0.01s
[51.622s][info][gc,start       ] GC(224) Pause Young (System.gc())
[51.623s][info][gc,heap        ] GC(224) PSYoungGen: 41953K(2446848K)->128K(2446848K) Eden: 41953K(2097664K)->0K(2097664K) From: 0K(349184K)->128K(349184K)
[51.623s][info][gc,heap        ] GC(224) ParOldGen: 1136K(5592576K)->1136K(5592576K)
[51.623s][info][gc,metaspace   ] GC(224) Metaspace: 523K(896K)->523K(896K) NonClass: 478K(704K)->478K(704K) Class: 45K(192K)->45K(192K)
[51.623s][info][gc             ] GC(224) Pause Young (System.gc()) 42M->1M(7851M) 0.719ms
[51.623s][info][gc,cpu         ] GC(224) User=0.00s Sys=0.00s Real=0.00s
[51.623s][info][gc,start       ] GC(225) Pause Full (System.gc())
[51.623s][info][gc,phases,start] GC(225) Marking Phase
[51.626s][info][gc,phases      ] GC(225) Marking Phase 3.382ms
[51.626s][info][gc,phases,start] GC(225) Summary Phase
[51.626s][info][gc,phases      ] GC(225) Summary Phase 0.026ms
[51.626s][info][gc,phases,start] GC(225) Adjust Roots
[51.627s][info][gc,phases      ] GC(225) Adjust Roots 0.660ms
[51.627s][info][gc,phases,start] GC(225) Compaction Phase
[51.628s][info][gc,phases      ] GC(225) Compaction Phase 1.246ms
[51.628s][info][gc,phases,start] GC(225) Post Compact
[51.629s][info][gc,phases      ] GC(225) Post Compact 0.524ms
[51.629s][info][gc,heap        ] GC(225) PSYoungGen: 128K(2446848K)->0K(2446848K) Eden: 0K(2097664K)->0K(2097664K) From: 128K(349184K)->0K(349184K)
[51.629s][info][gc,heap        ] GC(225) ParOldGen: 1136K(5592576K)->1133K(5592576K)
[51.629s][info][gc,metaspace   ] GC(225) Metaspace: 523K(896K)->515K(896K) NonClass: 478K(704K)->473K(704K) Class: 45K(192K)->41K(192K)
[51.629s][info][gc             ] GC(225) Pause Full (System.gc()) 1M->1M(7851M) 6.103ms
[51.629s][info][gc,cpu         ] GC(225) User=0.01s Sys=0.00s Real=0.01s
[52.086s][info][gc,start       ] GC(226) Pause Young (System.gc())
[52.087s][info][gc,heap        ] GC(226) PSYoungGen: 41953K(2446848K)->128K(2446848K) Eden: 41953K(2097664K)->0K(2097664K) From: 0K(349184K)->128K(349184K)
[52.087s][info][gc,heap        ] GC(226) ParOldGen: 1133K(5592576K)->1133K(5592576K)
[52.087s][info][gc,metaspace   ] GC(226) Metaspace: 520K(896K)->520K(896K) NonClass: 476K(704K)->476K(704K) Class: 43K(192K)->43K(192K)
[52.087s][info][gc             ] GC(226) Pause Young (System.gc()) 42M->1M(7851M) 0.523ms
[52.087s][info][gc,cpu         ] GC(226) User=0.00s Sys=0.00s Real=0.00s
[52.087s][info][gc,start       ] GC(227) Pause Full (System.gc())
[52.087s][info][gc,phases,start] GC(227) Marking Phase
[52.090s][info][gc,phases      ] GC(227) Marking Phase 2.663ms
[52.090s][info][gc,phases,start] GC(227) Summary Phase
[52.090s][info][gc,phases      ] GC(227) Summary Phase 0.024ms
[52.090s][info][gc,phases,start] GC(227) Adjust Roots
[52.090s][info][gc,phases      ] GC(227) Adjust Roots 0.395ms
[52.090s][info][gc,phases,start] GC(227) Compaction Phase
[52.091s][info][gc,phases      ] GC(227) Compaction Phase 0.966ms
[52.091s][info][gc,phases,start] GC(227) Post Compact
[52.092s][info][gc,phases      ] GC(227) Post Compact 0.479ms
[52.092s][info][gc,heap        ] GC(227) PSYoungGen: 128K(2446848K)->0K(2446848K) Eden: 0K(2097664K)->0K(2097664K) From: 128K(349184K)->0K(349184K)
[52.092s][info][gc,heap        ] GC(227) ParOldGen: 1133K(5592576K)->1134K(5592576K)
[52.092s][info][gc,metaspace   ] GC(227) Metaspace: 520K(896K)->517K(896K) NonClass: 476K(704K)->475K(704K) Class: 43K(192K)->42K(192K)
[52.092s][info][gc             ] GC(227) Pause Full (System.gc()) 1M->1M(7851M) 4.737ms
[52.092s][info][gc,cpu         ] GC(227) User=0.01s Sys=0.00s Real=0.00s
[52.549s][info][gc,start       ] GC(228) Pause Young (System.gc())
[52.550s][info][gc,heap        ] GC(228) PSYoungGen: 41953K(2446848K)->128K(2446848K) Eden: 41953K(2097664K)->0K(2097664K) From: 0K(349184K)->128K(349184K)
[52.550s][info][gc,heap        ] GC(228) ParOldGen: 1134K(5592576K)->1134K(5592576K)
[52.550s][info][gc,metaspace   ] GC(228) Metaspace: 522K(896K)->522K(896K) NonClass: 478K(704K)->478K(704K) Class: 43K(192K)->43K(192K)
[52.550s][info][gc             ] GC(228) Pause Young (System.gc()) 42M->1M(7851M) 0.638ms
[52.550s][info][gc,cpu         ] GC(228) User=0.00s Sys=0.00s Real=0.00s
[52.550s][info][gc,start       ] GC(229) Pause Full (System.gc())
[52.550s][info][gc,phases,start] GC(229) Marking Phase
[52.553s][info][gc,phases      ] GC(229) Marking Phase 3.265ms
[52.553s][info][gc,phases,start] GC(229) Summary Phase
[52.553s][info][gc,phases      ] GC(229) Summary Phase 0.029ms
[52.553s][info][gc,phases,start] GC(229) Adjust Roots
[52.554s][info][gc,phases      ] GC(229) Adjust Roots 0.396ms
[52.554s][info][gc,phases,start] GC(229) Compaction Phase
[52.555s][info][gc,phases      ] GC(229) Compaction Phase 1.053ms
[52.555s][info][gc,phases,start] GC(229) Post Compact
[52.556s][info][gc,phases      ] GC(229) Post Compact 0.613ms
[52.556s][info][gc,heap        ] GC(229) PSYoungGen: 128K(2446848K)->0K(2446848K) Eden: 0K(2097664K)->0K(2097664K) From: 128K(349184K)->0K(349184K)
[52.556s][info][gc,heap        ] GC(229) ParOldGen: 1134K(5592576K)->1136K(5592576K)
[52.556s][info][gc,metaspace   ] GC(229) Metaspace: 522K(896K)->521K(896K) NonClass: 478K(704K)->478K(704K) Class: 43K(192K)->43K(192K)
[52.556s][info][gc             ] GC(229) Pause Full (System.gc()) 1M->1M(7851M) 5.671ms
[52.556s][info][gc,cpu         ] GC(229) User=0.01s Sys=0.00s Real=0.01s
[53.011s][info][gc,start       ] GC(230) Pause Young (System.gc())
[53.011s][info][gc,heap        ] GC(230) PSYoungGen: 41953K(2446848K)->96K(2446848K) Eden: 41953K(2097664K)->0K(2097664K) From: 0K(349184K)->96K(349184K)
[53.011s][info][gc,heap        ] GC(230) ParOldGen: 1136K(5592576K)->1136K(5592576K)
[53.011s][info][gc,metaspace   ] GC(230) Metaspace: 526K(896K)->526K(896K) NonClass: 481K(704K)->481K(704K) Class: 44K(192K)->44K(192K)
[53.011s][info][gc             ] GC(230) Pause Young (System.gc()) 42M->1M(7851M) 0.652ms
[53.011s][info][gc,cpu         ] GC(230) User=0.00s Sys=0.01s Real=0.00s
[53.011s][info][gc,start       ] GC(231) Pause Full (System.gc())
[53.011s][info][gc,phases,start] GC(231) Marking Phase
[53.015s][info][gc,phases      ] GC(231) Marking Phase 3.279ms
[53.015s][info][gc,phases,start] GC(231) Summary Phase
[53.015s][info][gc,phases      ] GC(231) Summary Phase 0.020ms
[53.015s][info][gc,phases,start] GC(231) Adjust Roots
[53.015s][info][gc,phases      ] GC(231) Adjust Roots 0.404ms
[53.015s][info][gc,phases,start] GC(231) Compaction Phase
[53.017s][info][gc,phases      ] GC(231) Compaction Phase 1.443ms
[53.017s][info][gc,phases,start] GC(231) Post Compact
[53.017s][info][gc,phases      ] GC(231) Post Compact 0.483ms
[53.017s][info][gc,heap        ] GC(231) PSYoungGen: 96K(2446848K)->0K(2446848K) Eden: 0K(2097664K)->0K(2097664K) From: 96K(349184K)->0K(349184K)
[53.017s][info][gc,heap        ] GC(231) ParOldGen: 1136K(5592576K)->1138K(5592576K)
[53.017s][info][gc,metaspace   ] GC(231) Metaspace: 526K(896K)->525K(896K) NonClass: 481K(704K)->481K(704K) Class: 44K(192K)->44K(192K)
[53.017s][info][gc             ] GC(231) Pause Full (System.gc()) 1M->1M(7851M) 5.927ms
[53.017s][info][gc,cpu         ] GC(231) User=0.01s Sys=0.00s Real=0.01s
[53.470s][info][gc,start       ] GC(232) Pause Young (System.gc())
[53.470s][info][gc,heap        ] GC(232) PSYoungGen: 41953K(2446848K)->128K(2446848K) Eden: 41953K(2097664K)->0K(2097664K) From: 0K(349184K)->128K(349184K)
[53.471s][info][gc,heap        ] GC(232) ParOldGen: 1138K(5592576K)->1138K(5592576K)
[53.471s][info][gc,metaspace   ] GC(232) Metaspace: 530K(896K)->530K(896K) NonClass: 484K(704K)->484K(704K) Class: 46K(192K)->46K(192K)
[53.471s][info][gc             ] GC(232) Pause Young (System.gc()) 42M->1M(7851M) 0.623ms
[53.471s][info][gc,cpu         ] GC(232) User=0.00s Sys=0.00s Real=0.00s
[53.471s][info][gc,start       ] GC(233) Pause Full (System.gc())
[53.471s][info][gc,phases,start] GC(233) Marking Phase
[53.475s][info][gc,phases      ] GC(233) Marking Phase 3.792ms
[53.475s][info][gc,phases,start] GC(233) Summary Phase
[53.475s][info][gc,phases      ] GC(233) Summary Phase 0.026ms
[53.475s][info][gc,phases,start] GC(233) Adjust Roots
[53.475s][info][gc,phases      ] GC(233) Adjust Roots 0.377ms
[53.475s][info][gc,phases,start] GC(233) Compaction Phase
[53.476s][info][gc,phases      ] GC(233) Compaction Phase 1.150ms
[53.476s][info][gc,phases,start] GC(233) Post Compact
[53.477s][info][gc,phases      ] GC(233) Post Compact 0.622ms
[53.477s][info][gc,heap        ] GC(233) PSYoungGen: 128K(2446848K)->0K(2446848K) Eden: 0K(2097664K)->0K(2097664K) From: 128K(349184K)->0K(349184K)
[53.477s][info][gc,heap        ] GC(233) ParOldGen: 1138K(5592576K)->1140K(5592576K)
[53.477s][info][gc,metaspace   ] GC(233) Metaspace: 530K(896K)->529K(896K) NonClass: 484K(704K)->484K(704K) Class: 46K(192K)->45K(192K)
[53.477s][info][gc             ] GC(233) Pause Full (System.gc()) 1M->1M(7851M) 6.321ms
[53.477s][info][gc,cpu         ] GC(233) User=0.01s Sys=0.00s Real=0.01s
[53.934s][info][gc,start       ] GC(234) Pause Young (System.gc())
[53.934s][info][gc,heap        ] GC(234) PSYoungGen: 41953K(2446848K)->96K(2446848K) Eden: 41953K(2097664K)->0K(2097664K) From: 0K(349184K)->96K(349184K)
[53.934s][info][gc,heap        ] GC(234) ParOldGen: 1140K(5592576K)->1140K(5592576K)
[53.934s][info][gc,metaspace   ] GC(234) Metaspace: 534K(896K)->534K(896K) NonClass: 487K(704K)->487K(704K) Class: 47K(192K)->47K(192K)
[53.934s][info][gc             ] GC(234) Pause Young (System.gc()) 42M->1M(7851M) 0.358ms
[53.934s][info][gc,cpu         ] GC(234) User=0.00s Sys=0.00s Real=0.00s
[53.934s][info][gc,start       ] GC(235) Pause Full (System.gc())
[53.934s][info][gc,phases,start] GC(235) Marking Phase
[53.938s][info][gc,phases      ] GC(235) Marking Phase 3.616ms
[53.938s][info][gc,phases,start] GC(235) Summary Phase
[53.938s][info][gc,phases      ] GC(235) Summary Phase 0.014ms
[53.938s][info][gc,phases,start] GC(235) Adjust Roots
[53.939s][info][gc,phases      ] GC(235) Adjust Roots 0.757ms
[53.939s][info][gc,phases,start] GC(235) Compaction Phase
[53.940s][info][gc,phases      ] GC(235) Compaction Phase 1.249ms
[53.940s][info][gc,phases,start] GC(235) Post Compact
[53.941s][info][gc,phases      ] GC(235) Post Compact 0.516ms
[53.941s][info][gc,heap        ] GC(235) PSYoungGen: 96K(2446848K)->0K(2446848K) Eden: 0K(2097664K)->0K(2097664K) From: 96K(349184K)->0K(349184K)
[53.941s][info][gc,heap        ] GC(235) ParOldGen: 1140K(5592576K)->1142K(5592576K)
[53.941s][info][gc,metaspace   ] GC(235) Metaspace: 534K(896K)->533K(896K) NonClass: 487K(704K)->486K(704K) Class: 47K(192K)->46K(192K)
[53.941s][info][gc             ] GC(235) Pause Full (System.gc()) 1M->1M(7851M) 6.369ms
[53.941s][info][gc,cpu         ] GC(235) User=0.01s Sys=0.00s Real=0.01s
[54.397s][info][gc,start       ] GC(236) Pause Young (System.gc())
[54.400s][info][gc,heap        ] GC(236) PSYoungGen: 41953K(2446848K)->64K(2446848K) Eden: 41953K(2097664K)->0K(2097664K) From: 0K(349184K)->64K(349184K)
[54.400s][info][gc,heap        ] GC(236) ParOldGen: 1142K(5592576K)->1142K(5592576K)
[54.400s][info][gc,metaspace   ] GC(236) Metaspace: 538K(896K)->538K(896K) NonClass: 490K(704K)->490K(704K) Class: 48K(192K)->48K(192K)
[54.400s][info][gc             ] GC(236) Pause Young (System.gc()) 42M->1M(7851M) 2.335ms
[54.400s][info][gc,cpu         ] GC(236) User=0.00s Sys=0.00s Real=0.00s
[54.400s][info][gc,start       ] GC(237) Pause Full (System.gc())
[54.400s][info][gc,phases,start] GC(237) Marking Phase
[54.402s][info][gc,phases      ] GC(237) Marking Phase 2.612ms
[54.403s][info][gc,phases,start] GC(237) Summary Phase
[54.403s][info][gc,phases      ] GC(237) Summary Phase 0.012ms
[54.403s][info][gc,phases,start] GC(237) Adjust Roots
[54.403s][info][gc,phases      ] GC(237) Adjust Roots 0.509ms
[54.403s][info][gc,phases,start] GC(237) Compaction Phase
[54.404s][info][gc,phases      ] GC(237) Compaction Phase 1.195ms
[54.404s][info][gc,phases,start] GC(237) Post Compact
[54.405s][info][gc,phases      ] GC(237) Post Compact 0.389ms
[54.405s][info][gc,heap        ] GC(237) PSYoungGen: 64K(2446848K)->0K(2446848K) Eden: 0K(2097664K)->0K(2097664K) From: 64K(349184K)->0K(349184K)
[54.405s][info][gc,heap        ] GC(237) ParOldGen: 1142K(5592576K)->1145K(5592576K)
[54.405s][info][gc,metaspace   ] GC(237) Metaspace: 538K(896K)->538K(896K) NonClass: 490K(704K)->490K(704K) Class: 48K(192K)->48K(192K)
[54.405s][info][gc             ] GC(237) Pause Full (System.gc()) 1M->1M(7851M) 4.900ms
[54.405s][info][gc,cpu         ] GC(237) User=0.01s Sys=0.00s Real=0.01s
[54.861s][info][gc,start       ] GC(238) Pause Young (System.gc())
[54.861s][info][gc,heap        ] GC(238) PSYoungGen: 41953K(2446848K)->96K(2446848K) Eden: 41953K(2097664K)->0K(2097664K) From: 0K(349184K)->96K(349184K)
[54.861s][info][gc,heap        ] GC(238) ParOldGen: 1145K(5592576K)->1145K(5592576K)
[54.861s][info][gc,metaspace   ] GC(238) Metaspace: 543K(896K)->543K(896K) NonClass: 493K(704K)->493K(704K) Class: 50K(192K)->50K(192K)
[54.862s][info][gc             ] GC(238) Pause Young (System.gc()) 42M->1M(7851M) 0.362ms
[54.862s][info][gc,cpu         ] GC(238) User=0.00s Sys=0.00s Real=0.00s
[54.862s][info][gc,start       ] GC(239) Pause Full (System.gc())
[54.862s][info][gc,phases,start] GC(239) Marking Phase
[54.865s][info][gc,phases      ] GC(239) Marking Phase 3.723ms
[54.865s][info][gc,phases,start] GC(239) Summary Phase
[54.865s][info][gc,phases      ] GC(239) Summary Phase 0.014ms
[54.865s][info][gc,phases,start] GC(239) Adjust Roots
[54.866s][info][gc,phases      ] GC(239) Adjust Roots 0.360ms
[54.866s][info][gc,phases,start] GC(239) Compaction Phase
[54.867s][info][gc,phases      ] GC(239) Compaction Phase 0.963ms
[54.867s][info][gc,phases,start] GC(239) Post Compact
[54.867s][info][gc,phases      ] GC(239) Post Compact 0.633ms
[54.867s][info][gc,heap        ] GC(239) PSYoungGen: 96K(2446848K)->0K(2446848K) Eden: 0K(2097664K)->0K(2097664K) From: 96K(349184K)->0K(349184K)
[54.867s][info][gc,heap        ] GC(239) ParOldGen: 1145K(5592576K)->1146K(5592576K)
[54.867s][info][gc,metaspace   ] GC(239) Metaspace: 543K(896K)->541K(896K) NonClass: 493K(704K)->492K(704K) Class: 50K(192K)->49K(192K)
[54.867s][info][gc             ] GC(239) Pause Full (System.gc()) 1M->1M(7851M) 5.872ms
[54.867s][info][gc,cpu         ] GC(239) User=0.01s Sys=0.01s Real=0.01s
[55.324s][info][gc,start       ] GC(240) Pause Young (System.gc())
[55.324s][info][gc,heap        ] GC(240) PSYoungGen: 41953K(2446848K)->128K(2446848K) Eden: 41953K(2097664K)->0K(2097664K) From: 0K(349184K)->128K(349184K)
[55.324s][info][gc,heap        ] GC(240) ParOldGen: 1146K(5592576K)->1146K(5592576K)
[55.324s][info][gc,metaspace   ] GC(240) Metaspace: 548K(896K)->548K(896K) NonClass: 497K(704K)->497K(704K) Class: 51K(192K)->51K(192K)
[55.324s][info][gc             ] GC(240) Pause Young (System.gc()) 42M->1M(7851M) 0.373ms
[55.324s][info][gc,cpu         ] GC(240) User=0.00s Sys=0.00s Real=0.00s
[55.324s][info][gc,start       ] GC(241) Pause Full (System.gc())
[55.324s][info][gc,phases,start] GC(241) Marking Phase
[55.327s][info][gc,phases      ] GC(241) Marking Phase 2.783ms
[55.327s][info][gc,phases,start] GC(241) Summary Phase
[55.327s][info][gc,phases      ] GC(241) Summary Phase 0.017ms
[55.327s][info][gc,phases,start] GC(241) Adjust Roots
[55.328s][info][gc,phases      ] GC(241) Adjust Roots 0.479ms
[55.328s][info][gc,phases,start] GC(241) Compaction Phase
[55.329s][info][gc,phases      ] GC(241) Compaction Phase 1.275ms
[55.329s][info][gc,phases,start] GC(241) Post Compact
[55.329s][info][gc,phases      ] GC(241) Post Compact 0.563ms
[55.329s][info][gc,heap        ] GC(241) PSYoungGen: 128K(2446848K)->0K(2446848K) Eden: 0K(2097664K)->0K(2097664K) From: 128K(349184K)->0K(349184K)
[55.329s][info][gc,heap        ] GC(241) ParOldGen: 1146K(5592576K)->1148K(5592576K)
[55.329s][info][gc,metaspace   ] GC(241) Metaspace: 548K(896K)->547K(896K) NonClass: 497K(704K)->497K(704K) Class: 51K(192K)->50K(192K)
[55.330s][info][gc             ] GC(241) Pause Full (System.gc()) 1M->1M(7851M) 5.335ms
[55.330s][info][gc,cpu         ] GC(241) User=0.01s Sys=0.00s Real=0.01s
[55.787s][info][gc,start       ] GC(242) Pause Young (System.gc())
[55.787s][info][gc,heap        ] GC(242) PSYoungGen: 41953K(2446848K)->96K(2446848K) Eden: 41953K(2097664K)->0K(2097664K) From: 0K(349184K)->96K(349184K)
[55.787s][info][gc,heap        ] GC(242) ParOldGen: 1148K(5592576K)->1148K(5592576K)
[55.787s][info][gc,metaspace   ] GC(242) Metaspace: 552K(896K)->552K(896K) NonClass: 500K(704K)->500K(704K) Class: 52K(192K)->52K(192K)
[55.787s][info][gc             ] GC(242) Pause Young (System.gc()) 42M->1M(7851M) 0.454ms
[55.787s][info][gc,cpu         ] GC(242) User=0.00s Sys=0.00s Real=0.00s
[55.787s][info][gc,start       ] GC(243) Pause Full (System.gc())
[55.787s][info][gc,phases,start] GC(243) Marking Phase
[55.791s][info][gc,phases      ] GC(243) Marking Phase 3.330ms
[55.791s][info][gc,phases,start] GC(243) Summary Phase
[55.791s][info][gc,phases      ] GC(243) Summary Phase 0.027ms
[55.791s][info][gc,phases,start] GC(243) Adjust Roots
[55.791s][info][gc,phases      ] GC(243) Adjust Roots 0.579ms
[55.791s][info][gc,phases,start] GC(243) Compaction Phase
[55.793s][info][gc,phases      ] GC(243) Compaction Phase 1.382ms
[55.793s][info][gc,phases,start] GC(243) Post Compact
[55.793s][info][gc,phases      ] GC(243) Post Compact 0.530ms
[55.793s][info][gc,heap        ] GC(243) PSYoungGen: 96K(2446848K)->0K(2446848K) Eden: 0K(2097664K)->0K(2097664K) From: 96K(349184K)->0K(349184K)
[55.793s][info][gc,heap        ] GC(243) ParOldGen: 1148K(5592576K)->1142K(5592576K)
[55.793s][info][gc,metaspace   ] GC(243) Metaspace: 552K(896K)->537K(896K) NonClass: 500K(704K)->491K(704K) Class: 52K(192K)->46K(192K)
[55.793s][info][gc             ] GC(243) Pause Full (System.gc()) 1M->1M(7851M) 6.146ms
[55.793s][info][gc,cpu         ] GC(243) User=0.01s Sys=0.00s Real=0.00s
[56.250s][info][gc,start       ] GC(244) Pause Young (System.gc())
[56.252s][info][gc,heap        ] GC(244) PSYoungGen: 41953K(2446848K)->96K(2446848K) Eden: 41953K(2097664K)->0K(2097664K) From: 0K(349184K)->96K(349184K)
[56.252s][info][gc,heap        ] GC(244) ParOldGen: 1142K(5592576K)->1142K(5592576K)
[56.252s][info][gc,metaspace   ] GC(244) Metaspace: 542K(896K)->542K(896K) NonClass: 494K(704K)->494K(704K) Class: 47K(192K)->47K(192K)
[56.252s][info][gc             ] GC(244) Pause Young (System.gc()) 42M->1M(7851M) 2.206ms
[56.252s][info][gc,cpu         ] GC(244) User=0.00s Sys=0.00s Real=0.00s
[56.253s][info][gc,start       ] GC(245) Pause Full (System.gc())
[56.253s][info][gc,phases,start] GC(245) Marking Phase
[56.257s][info][gc,phases      ] GC(245) Marking Phase 3.998ms
[56.257s][info][gc,phases,start] GC(245) Summary Phase
[56.257s][info][gc,phases      ] GC(245) Summary Phase 0.011ms
[56.257s][info][gc,phases,start] GC(245) Adjust Roots
[56.257s][info][gc,phases      ] GC(245) Adjust Roots 0.501ms
[56.257s][info][gc,phases,start] GC(245) Compaction Phase
[56.258s][info][gc,phases      ] GC(245) Compaction Phase 1.166ms
[56.258s][info][gc,phases,start] GC(245) Post Compact
[56.259s][info][gc,phases      ] GC(245) Post Compact 0.494ms
[56.259s][info][gc,heap        ] GC(245) PSYoungGen: 96K(2446848K)->0K(2446848K) Eden: 0K(2097664K)->0K(2097664K) From: 96K(349184K)->0K(349184K)
[56.259s][info][gc,heap        ] GC(245) ParOldGen: 1142K(5592576K)->1143K(5592576K)
[56.259s][info][gc,metaspace   ] GC(245) Metaspace: 542K(896K)->539K(896K) NonClass: 494K(704K)->493K(704K) Class: 47K(192K)->46K(192K)
[56.259s][info][gc             ] GC(245) Pause Full (System.gc()) 1M->1M(7851M) 6.379ms
[56.259s][info][gc,cpu         ] GC(245) User=0.03s Sys=0.00s Real=0.01s
[56.716s][info][gc,start       ] GC(246) Pause Young (System.gc())
[56.716s][info][gc,heap        ] GC(246) PSYoungGen: 41953K(2446848K)->96K(2446848K) Eden: 41953K(2097664K)->0K(2097664K) From: 0K(349184K)->96K(349184K)
[56.716s][info][gc,heap        ] GC(246) ParOldGen: 1143K(5592576K)->1143K(5592576K)
[56.716s][info][gc,metaspace   ] GC(246) Metaspace: 544K(896K)->544K(896K) NonClass: 496K(704K)->496K(704K) Class: 48K(192K)->48K(192K)
[56.716s][info][gc             ] GC(246) Pause Young (System.gc()) 42M->1M(7851M) 0.337ms
[56.716s][info][gc,cpu         ] GC(246) User=0.00s Sys=0.00s Real=0.00s
[56.716s][info][gc,start       ] GC(247) Pause Full (System.gc())
[56.716s][info][gc,phases,start] GC(247) Marking Phase
[56.720s][info][gc,phases      ] GC(247) Marking Phase 3.794ms
[56.720s][info][gc,phases,start] GC(247) Summary Phase
[56.720s][info][gc,phases      ] GC(247) Summary Phase 0.022ms
[56.720s][info][gc,phases,start] GC(247) Adjust Roots
[56.720s][info][gc,phases      ] GC(247) Adjust Roots 0.543ms
[56.720s][info][gc,phases,start] GC(247) Compaction Phase
[56.722s][info][gc,phases      ] GC(247) Compaction Phase 1.135ms
[56.722s][info][gc,phases,start] GC(247) Post Compact
[56.722s][info][gc,phases      ] GC(247) Post Compact 0.487ms
[56.722s][info][gc,heap        ] GC(247) PSYoungGen: 96K(2446848K)->0K(2446848K) Eden: 0K(2097664K)->0K(2097664K) From: 96K(349184K)->0K(349184K)
[56.722s][info][gc,heap        ] GC(247) ParOldGen: 1143K(5592576K)->1144K(5592576K)
[56.722s][info][gc,metaspace   ] GC(247) Metaspace: 544K(896K)->542K(896K) NonClass: 496K(704K)->495K(704K) Class: 48K(192K)->47K(192K)
[56.722s][info][gc             ] GC(247) Pause Full (System.gc()) 1M->1M(7851M) 6.218ms
[56.722s][info][gc,cpu         ] GC(247) User=0.02s Sys=0.00s Real=0.00s
[57.177s][info][gc,start       ] GC(248) Pause Young (System.gc())
[57.178s][info][gc,heap        ] GC(248) PSYoungGen: 41953K(2446848K)->160K(2446848K) Eden: 41953K(2097664K)->0K(2097664K) From: 0K(349184K)->160K(349184K)
[57.178s][info][gc,heap        ] GC(248) ParOldGen: 1144K(5592576K)->1144K(5592576K)
[57.178s][info][gc,metaspace   ] GC(248) Metaspace: 548K(896K)->548K(896K) NonClass: 499K(704K)->499K(704K) Class: 48K(192K)->48K(192K)
[57.178s][info][gc             ] GC(248) Pause Young (System.gc()) 42M->1M(7851M) 0.434ms
[57.178s][info][gc,cpu         ] GC(248) User=0.00s Sys=0.00s Real=0.00s
[57.178s][info][gc,start       ] GC(249) Pause Full (System.gc())
[57.178s][info][gc,phases,start] GC(249) Marking Phase
[57.181s][info][gc,phases      ] GC(249) Marking Phase 3.186ms
[57.181s][info][gc,phases,start] GC(249) Summary Phase
[57.181s][info][gc,phases      ] GC(249) Summary Phase 0.011ms
[57.181s][info][gc,phases,start] GC(249) Adjust Roots
[57.181s][info][gc,phases      ] GC(249) Adjust Roots 0.397ms
[57.181s][info][gc,phases,start] GC(249) Compaction Phase
[57.183s][info][gc,phases      ] GC(249) Compaction Phase 1.162ms
[57.183s][info][gc,phases,start] GC(249) Post Compact
[57.183s][info][gc,phases      ] GC(249) Post Compact 0.464ms
[57.183s][info][gc,heap        ] GC(249) PSYoungGen: 160K(2446848K)->0K(2446848K) Eden: 0K(2097664K)->0K(2097664K) From: 160K(349184K)->0K(349184K)
[57.183s][info][gc,heap        ] GC(249) ParOldGen: 1144K(5592576K)->1147K(5592576K)
[57.183s][info][gc,metaspace   ] GC(249) Metaspace: 548K(896K)->548K(896K) NonClass: 499K(704K)->499K(704K) Class: 48K(192K)->48K(192K)
[57.183s][info][gc             ] GC(249) Pause Full (System.gc()) 1M->1M(7851M) 5.363ms
[57.183s][info][gc,cpu         ] GC(249) User=0.02s Sys=0.00s Real=0.00s
[57.638s][info][gc,start       ] GC(250) Pause Young (System.gc())
[57.639s][info][gc,heap        ] GC(250) PSYoungGen: 41953K(2446848K)->96K(2446848K) Eden: 41953K(2097664K)->0K(2097664K) From: 0K(349184K)->96K(349184K)
[57.639s][info][gc,heap        ] GC(250) ParOldGen: 1147K(5592576K)->1147K(5592576K)
[57.639s][info][gc,metaspace   ] GC(250) Metaspace: 553K(960K)->553K(960K) NonClass: 503K(768K)->503K(768K) Class: 50K(192K)->50K(192K)
[57.639s][info][gc             ] GC(250) Pause Young (System.gc()) 42M->1M(7851M) 0.308ms
[57.639s][info][gc,cpu         ] GC(250) User=0.00s Sys=0.00s Real=0.00s
[57.639s][info][gc,start       ] GC(251) Pause Full (System.gc())
[57.639s][info][gc,phases,start] GC(251) Marking Phase
[57.641s][info][gc,phases      ] GC(251) Marking Phase 2.361ms
[57.641s][info][gc,phases,start] GC(251) Summary Phase
[57.641s][info][gc,phases      ] GC(251) Summary Phase 0.017ms
[57.641s][info][gc,phases,start] GC(251) Adjust Roots
[57.642s][info][gc,phases      ] GC(251) Adjust Roots 0.539ms
[57.642s][info][gc,phases,start] GC(251) Compaction Phase
[57.643s][info][gc,phases      ] GC(251) Compaction Phase 1.271ms
[57.643s][info][gc,phases,start] GC(251) Post Compact
[57.644s][info][gc,phases      ] GC(251) Post Compact 0.493ms
[57.644s][info][gc,heap        ] GC(251) PSYoungGen: 96K(2446848K)->0K(2446848K) Eden: 0K(2097664K)->0K(2097664K) From: 96K(349184K)->0K(349184K)
[57.644s][info][gc,heap        ] GC(251) ParOldGen: 1147K(5592576K)->1149K(5592576K)
[57.644s][info][gc,metaspace   ] GC(251) Metaspace: 553K(960K)->553K(960K) NonClass: 503K(768K)->503K(768K) Class: 50K(192K)->50K(192K)
[57.644s][info][gc             ] GC(251) Pause Full (System.gc()) 1M->1M(7851M) 4.954ms
[57.644s][info][gc,cpu         ] GC(251) User=0.01s Sys=0.01s Real=0.00s
[58.099s][info][gc,start       ] GC(252) Pause Young (System.gc())
[58.100s][info][gc,heap        ] GC(252) PSYoungGen: 41953K(2446848K)->192K(2446848K) Eden: 41953K(2097664K)->0K(2097664K) From: 0K(349184K)->192K(349184K)
[58.100s][info][gc,heap        ] GC(252) ParOldGen: 1149K(5592576K)->1149K(5592576K)
[58.100s][info][gc,metaspace   ] GC(252) Metaspace: 560K(960K)->560K(960K) NonClass: 507K(768K)->507K(768K) Class: 52K(192K)->52K(192K)
[58.100s][info][gc             ] GC(252) Pause Young (System.gc()) 42M->1M(7851M) 0.449ms
[58.100s][info][gc,cpu         ] GC(252) User=0.01s Sys=0.00s Real=0.00s
[58.100s][info][gc,start       ] GC(253) Pause Full (System.gc())
[58.100s][info][gc,phases,start] GC(253) Marking Phase
[58.103s][info][gc,phases      ] GC(253) Marking Phase 3.464ms
[58.103s][info][gc,phases,start] GC(253) Summary Phase
[58.103s][info][gc,phases      ] GC(253) Summary Phase 0.007ms
[58.103s][info][gc,phases,start] GC(253) Adjust Roots
[58.104s][info][gc,phases      ] GC(253) Adjust Roots 0.350ms
[58.104s][info][gc,phases,start] GC(253) Compaction Phase
[58.104s][info][gc,phases      ] GC(253) Compaction Phase 0.800ms
[58.104s][info][gc,phases,start] GC(253) Post Compact
[58.105s][info][gc,phases      ] GC(253) Post Compact 0.526ms
[58.105s][info][gc,heap        ] GC(253) PSYoungGen: 192K(2446848K)->0K(2446848K) Eden: 0K(2097664K)->0K(2097664K) From: 192K(349184K)->0K(349184K)
[58.105s][info][gc,heap        ] GC(253) ParOldGen: 1149K(5592576K)->1152K(5592576K)
[58.105s][info][gc,metaspace   ] GC(253) Metaspace: 560K(960K)->560K(960K) NonClass: 507K(768K)->507K(768K) Class: 52K(192K)->52K(192K)
[58.105s][info][gc             ] GC(253) Pause Full (System.gc()) 1M->1M(7851M) 5.296ms
[58.105s][info][gc,cpu         ] GC(253) User=0.02s Sys=0.00s Real=0.01s
[58.562s][info][gc,start       ] GC(254) Pause Young (System.gc())
[58.562s][info][gc,heap        ] GC(254) PSYoungGen: 41953K(2446848K)->224K(2446848K) Eden: 41953K(2097664K)->0K(2097664K) From: 0K(349184K)->224K(349184K)
[58.562s][info][gc,heap        ] GC(254) ParOldGen: 1152K(5592576K)->1152K(5592576K)
[58.562s][info][gc,metaspace   ] GC(254) Metaspace: 567K(960K)->567K(960K) NonClass: 513K(768K)->513K(768K) Class: 53K(192K)->53K(192K)
[58.562s][info][gc             ] GC(254) Pause Young (System.gc()) 42M->1M(7851M) 0.451ms
[58.562s][info][gc,cpu         ] GC(254) User=0.00s Sys=0.00s Real=0.00s
[58.562s][info][gc,start       ] GC(255) Pause Full (System.gc())
[58.562s][info][gc,phases,start] GC(255) Marking Phase
[58.565s][info][gc,phases      ] GC(255) Marking Phase 3.468ms
[58.566s][info][gc,phases,start] GC(255) Summary Phase
[58.566s][info][gc,phases      ] GC(255) Summary Phase 0.014ms
[58.566s][info][gc,phases,start] GC(255) Adjust Roots
[58.566s][info][gc,phases      ] GC(255) Adjust Roots 0.441ms
[58.566s][info][gc,phases,start] GC(255) Compaction Phase
[58.567s][info][gc,phases      ] GC(255) Compaction Phase 1.153ms
[58.567s][info][gc,phases,start] GC(255) Post Compact
[58.568s][info][gc,phases      ] GC(255) Post Compact 0.499ms
[58.568s][info][gc,heap        ] GC(255) PSYoungGen: 224K(2446848K)->0K(2446848K) Eden: 0K(2097664K)->0K(2097664K) From: 224K(349184K)->0K(349184K)
[58.568s][info][gc,heap        ] GC(255) ParOldGen: 1152K(5592576K)->1155K(5592576K)
[58.568s][info][gc,metaspace   ] GC(255) Metaspace: 567K(960K)->567K(960K) NonClass: 513K(768K)->513K(768K) Class: 53K(192K)->53K(192K)
[58.568s][info][gc             ] GC(255) Pause Full (System.gc()) 1M->1M(7851M) 5.732ms
[58.568s][info][gc,cpu         ] GC(255) User=0.03s Sys=0.01s Real=0.01s
[59.024s][info][gc,start       ] GC(256) Pause Young (System.gc())
[59.024s][info][gc,heap        ] GC(256) PSYoungGen: 41953K(2446848K)->128K(2446848K) Eden: 41953K(2097664K)->0K(2097664K) From: 0K(349184K)->128K(349184K)
[59.024s][info][gc,heap        ] GC(256) ParOldGen: 1155K(5592576K)->1155K(5592576K)
[59.024s][info][gc,metaspace   ] GC(256) Metaspace: 578K(960K)->578K(960K) NonClass: 523K(768K)->523K(768K) Class: 55K(192K)->55K(192K)
[59.024s][info][gc             ] GC(256) Pause Young (System.gc()) 42M->1M(7851M) 0.504ms
[59.024s][info][gc,cpu         ] GC(256) User=0.00s Sys=0.00s Real=0.00s
[59.024s][info][gc,start       ] GC(257) Pause Full (System.gc())
[59.024s][info][gc,phases,start] GC(257) Marking Phase
[59.028s][info][gc,phases      ] GC(257) Marking Phase 3.697ms
[59.028s][info][gc,phases,start] GC(257) Summary Phase
[59.028s][info][gc,phases      ] GC(257) Summary Phase 0.011ms
[59.028s][info][gc,phases,start] GC(257) Adjust Roots
[59.029s][info][gc,phases      ] GC(257) Adjust Roots 0.488ms
[59.029s][info][gc,phases,start] GC(257) Compaction Phase
[59.030s][info][gc,phases      ] GC(257) Compaction Phase 1.054ms
[59.030s][info][gc,phases,start] GC(257) Post Compact
[59.030s][info][gc,phases      ] GC(257) Post Compact 0.472ms
[59.030s][info][gc,heap        ] GC(257) PSYoungGen: 128K(2446848K)->0K(2446848K) Eden: 0K(2097664K)->0K(2097664K) From: 128K(349184K)->0K(349184K)
[59.030s][info][gc,heap        ] GC(257) ParOldGen: 1155K(5592576K)->1158K(5592576K)
[59.030s][info][gc,metaspace   ] GC(257) Metaspace: 578K(960K)->578K(960K) NonClass: 523K(768K)->523K(768K) Class: 55K(192K)->55K(192K)
[59.030s][info][gc             ] GC(257) Pause Full (System.gc()) 1M->1M(7851M) 5.870ms
[59.030s][info][gc,cpu         ] GC(257) User=0.02s Sys=0.00s Real=0.01s
[59.486s][info][gc,start       ] GC(258) Pause Young (System.gc())
[59.486s][info][gc,heap        ] GC(258) PSYoungGen: 41953K(2446848K)->160K(2446848K) Eden: 41953K(2097664K)->0K(2097664K) From: 0K(349184K)->160K(349184K)
[59.486s][info][gc,heap        ] GC(258) ParOldGen: 1158K(5592576K)->1158K(5592576K)
[59.486s][info][gc,metaspace   ] GC(258) Metaspace: 587K(960K)->587K(960K) NonClass: 529K(768K)->529K(768K) Class: 57K(192K)->57K(192K)
[59.486s][info][gc             ] GC(258) Pause Young (System.gc()) 42M->1M(7851M) 0.254ms
[59.487s][info][gc,cpu         ] GC(258) User=0.00s Sys=0.00s Real=0.00s
[59.487s][info][gc,start       ] GC(259) Pause Full (System.gc())
[59.487s][info][gc,phases,start] GC(259) Marking Phase
[59.489s][info][gc,phases      ] GC(259) Marking Phase 2.841ms
[59.489s][info][gc,phases,start] GC(259) Summary Phase
[59.489s][info][gc,phases      ] GC(259) Summary Phase 0.007ms
[59.489s][info][gc,phases,start] GC(259) Adjust Roots
[59.490s][info][gc,phases      ] GC(259) Adjust Roots 0.286ms
[59.490s][info][gc,phases,start] GC(259) Compaction Phase
[59.490s][info][gc,phases      ] GC(259) Compaction Phase 0.651ms
[59.490s][info][gc,phases,start] GC(259) Post Compact
[59.491s][info][gc,phases      ] GC(259) Post Compact 0.255ms
[59.491s][info][gc,heap        ] GC(259) PSYoungGen: 160K(2446848K)->0K(2446848K) Eden: 0K(2097664K)->0K(2097664K) From: 160K(349184K)->0K(349184K)
[59.491s][info][gc,heap        ] GC(259) ParOldGen: 1158K(5592576K)->1155K(5592576K)
[59.491s][info][gc,metaspace   ] GC(259) Metaspace: 587K(960K)->581K(960K) NonClass: 529K(768K)->527K(768K) Class: 57K(192K)->54K(192K)
[59.491s][info][gc             ] GC(259) Pause Full (System.gc()) 1M->1M(7851M) 4.119ms
[59.491s][info][gc,cpu         ] GC(259) User=0.02s Sys=0.01s Real=0.00s
[59.944s][info][gc,start       ] GC(260) Pause Young (System.gc())
[59.944s][info][gc,heap        ] GC(260) PSYoungGen: 41953K(2446848K)->64K(2446848K) Eden: 41953K(2097664K)->0K(2097664K) From: 0K(349184K)->64K(349184K)
[59.944s][info][gc,heap        ] GC(260) ParOldGen: 1155K(5592576K)->1155K(5592576K)
[59.944s][info][gc,metaspace   ] GC(260) Metaspace: 586K(960K)->586K(960K) NonClass: 530K(768K)->530K(768K) Class: 56K(192K)->56K(192K)
[59.944s][info][gc             ] GC(260) Pause Young (System.gc()) 42M->1M(7851M) 0.531ms
[59.944s][info][gc,cpu         ] GC(260) User=0.00s Sys=0.00s Real=0.00s
[59.944s][info][gc,start       ] GC(261) Pause Full (System.gc())
[59.944s][info][gc,phases,start] GC(261) Marking Phase
[59.948s][info][gc,phases      ] GC(261) Marking Phase 3.972ms
[59.948s][info][gc,phases,start] GC(261) Summary Phase
[59.948s][info][gc,phases      ] GC(261) Summary Phase 0.020ms
[59.948s][info][gc,phases,start] GC(261) Adjust Roots
[59.949s][info][gc,phases      ] GC(261) Adjust Roots 0.526ms
[59.949s][info][gc,phases,start] GC(261) Compaction Phase
[59.950s][info][gc,phases      ] GC(261) Compaction Phase 1.279ms
[59.950s][info][gc,phases,start] GC(261) Post Compact
[59.951s][info][gc,phases      ] GC(261) Post Compact 0.514ms
[59.951s][info][gc,heap        ] GC(261) PSYoungGen: 64K(2446848K)->0K(2446848K) Eden: 0K(2097664K)->0K(2097664K) From: 64K(349184K)->0K(349184K)
[59.951s][info][gc,heap        ] GC(261) ParOldGen: 1155K(5592576K)->1157K(5592576K)
[59.951s][info][gc,metaspace   ] GC(261) Metaspace: 586K(960K)->585K(960K) NonClass: 530K(768K)->529K(768K) Class: 56K(192K)->55K(192K)
[59.951s][info][gc             ] GC(261) Pause Full (System.gc()) 1M->1M(7851M) 6.596ms
[59.951s][info][gc,cpu         ] GC(261) User=0.01s Sys=0.00s Real=0.01s
[60.403s][info][gc,start       ] GC(262) Pause Young (System.gc())
[60.404s][info][gc,heap        ] GC(262) PSYoungGen: 83906K(2446848K)->96K(2446848K) Eden: 83906K(2097664K)->0K(2097664K) From: 0K(349184K)->96K(349184K)
[60.404s][info][gc,heap        ] GC(262) ParOldGen: 1157K(5592576K)->1157K(5592576K)
[60.404s][info][gc,metaspace   ] GC(262) Metaspace: 590K(960K)->590K(960K) NonClass: 533K(768K)->533K(768K) Class: 57K(192K)->57K(192K)
[60.404s][info][gc             ] GC(262) Pause Young (System.gc()) 83M->1M(7851M) 1.021ms
[60.404s][info][gc,cpu         ] GC(262) User=0.00s Sys=0.00s Real=0.00s
[60.404s][info][gc,start       ] GC(263) Pause Full (System.gc())
[60.404s][info][gc,phases,start] GC(263) Marking Phase
[60.407s][info][gc,phases      ] GC(263) Marking Phase 2.257ms
[60.407s][info][gc,phases,start] GC(263) Summary Phase
[60.407s][info][gc,phases      ] GC(263) Summary Phase 0.022ms
[60.407s][info][gc,phases,start] GC(263) Adjust Roots
[60.407s][info][gc,phases      ] GC(263) Adjust Roots 0.524ms
[60.407s][info][gc,phases,start] GC(263) Compaction Phase
[60.408s][info][gc,phases      ] GC(263) Compaction Phase 1.137ms
[60.408s][info][gc,phases,start] GC(263) Post Compact
[60.409s][info][gc,phases      ] GC(263) Post Compact 0.482ms
[60.409s][info][gc,heap        ] GC(263) PSYoungGen: 96K(2446848K)->0K(2446848K) Eden: 0K(2097664K)->0K(2097664K) From: 96K(349184K)->0K(349184K)
[60.409s][info][gc,heap        ] GC(263) ParOldGen: 1157K(5592576K)->1160K(5592576K)
[60.409s][info][gc,metaspace   ] GC(263) Metaspace: 590K(960K)->590K(960K) NonClass: 533K(768K)->533K(768K) Class: 57K(192K)->57K(192K)
[60.409s][info][gc             ] GC(263) Pause Full (System.gc()) 1M->1M(7851M) 4.666ms
[60.409s][info][gc,cpu         ] GC(263) User=0.01s Sys=0.00s Real=0.01s
[60.864s][info][gc,start       ] GC(264) Pause Young (System.gc())
[60.864s][info][gc,heap        ] GC(264) PSYoungGen: 41953K(2446848K)->96K(2446848K) Eden: 41953K(2097664K)->0K(2097664K) From: 0K(349184K)->96K(349184K)
[60.864s][info][gc,heap        ] GC(264) ParOldGen: 1160K(5592576K)->1160K(5592576K)
[60.864s][info][gc,metaspace   ] GC(264) Metaspace: 595K(960K)->595K(960K) NonClass: 536K(768K)->536K(768K) Class: 59K(192K)->59K(192K)
[60.864s][info][gc             ] GC(264) Pause Young (System.gc()) 42M->1M(7851M) 0.394ms
[60.864s][info][gc,cpu         ] GC(264) User=0.00s Sys=0.00s Real=0.00s
[60.864s][info][gc,start       ] GC(265) Pause Full (System.gc())
[60.864s][info][gc,phases,start] GC(265) Marking Phase
[60.866s][info][gc,phases      ] GC(265) Marking Phase 1.745ms
[60.866s][info][gc,phases,start] GC(265) Summary Phase
[60.866s][info][gc,phases      ] GC(265) Summary Phase 0.011ms
[60.866s][info][gc,phases,start] GC(265) Adjust Roots
[60.866s][info][gc,phases      ] GC(265) Adjust Roots 0.370ms
[60.866s][info][gc,phases,start] GC(265) Compaction Phase
[60.868s][info][gc,phases      ] GC(265) Compaction Phase 1.610ms
[60.868s][info][gc,phases,start] GC(265) Post Compact
[60.869s][info][gc,phases      ] GC(265) Post Compact 0.828ms
[60.869s][info][gc,heap        ] GC(265) PSYoungGen: 96K(2446848K)->0K(2446848K) Eden: 0K(2097664K)->0K(2097664K) From: 96K(349184K)->0K(349184K)
[60.869s][info][gc,heap        ] GC(265) ParOldGen: 1160K(5592576K)->1163K(5592576K)
[60.869s][info][gc,metaspace   ] GC(265) Metaspace: 595K(960K)->595K(960K) NonClass: 536K(768K)->536K(768K) Class: 59K(192K)->59K(192K)
[60.869s][info][gc             ] GC(265) Pause Full (System.gc()) 1M->1M(7851M) 4.809ms
[60.869s][info][gc,cpu         ] GC(265) User=0.01s Sys=0.00s Real=0.01s
[61.325s][info][gc,start       ] GC(266) Pause Young (System.gc())
[61.326s][info][gc,heap        ] GC(266) PSYoungGen: 41953K(2446848K)->160K(2446848K) Eden: 41953K(2097664K)->0K(2097664K) From: 0K(349184K)->160K(349184K)
[61.326s][info][gc,heap        ] GC(266) ParOldGen: 1163K(5592576K)->1163K(5592576K)
[61.326s][info][gc,metaspace   ] GC(266) Metaspace: 600K(960K)->600K(960K) NonClass: 539K(768K)->539K(768K) Class: 60K(192K)->60K(192K)
[61.326s][info][gc             ] GC(266) Pause Young (System.gc()) 42M->1M(7851M) 0.592ms
[61.326s][info][gc,cpu         ] GC(266) User=0.00s Sys=0.00s Real=0.00s
[61.326s][info][gc,start       ] GC(267) Pause Full (System.gc())
[61.326s][info][gc,phases,start] GC(267) Marking Phase
[61.329s][info][gc,phases      ] GC(267) Marking Phase 2.854ms
[61.329s][info][gc,phases,start] GC(267) Summary Phase
[61.329s][info][gc,phases      ] GC(267) Summary Phase 0.028ms
[61.329s][info][gc,phases,start] GC(267) Adjust Roots
[61.330s][info][gc,phases      ] GC(267) Adjust Roots 0.886ms
[61.330s][info][gc,phases,start] GC(267) Compaction Phase
[61.332s][info][gc,phases      ] GC(267) Compaction Phase 2.114ms
[61.332s][info][gc,phases,start] GC(267) Post Compact
[61.333s][info][gc,phases      ] GC(267) Post Compact 0.591ms
[61.333s][info][gc,heap        ] GC(267) PSYoungGen: 160K(2446848K)->0K(2446848K) Eden: 0K(2097664K)->0K(2097664K) From: 160K(349184K)->0K(349184K)
[61.333s][info][gc,heap        ] GC(267) ParOldGen: 1163K(5592576K)->1166K(5592576K)
[61.333s][info][gc,metaspace   ] GC(267) Metaspace: 600K(960K)->600K(960K) NonClass: 539K(768K)->539K(768K) Class: 60K(192K)->60K(192K)
[61.333s][info][gc             ] GC(267) Pause Full (System.gc()) 1M->1M(7851M) 6.890ms
[61.333s][info][gc,cpu         ] GC(267) User=0.01s Sys=0.00s Real=0.00s
[61.787s][info][gc,start       ] GC(268) Pause Young (System.gc())
[61.788s][info][gc,heap        ] GC(268) PSYoungGen: 41953K(2446848K)->96K(2446848K) Eden: 41953K(2097664K)->0K(2097664K) From: 0K(349184K)->96K(349184K)
[61.788s][info][gc,heap        ] GC(268) ParOldGen: 1166K(5592576K)->1166K(5592576K)
[61.788s][info][gc,metaspace   ] GC(268) Metaspace: 605K(960K)->605K(960K) NonClass: 542K(768K)->542K(768K) Class: 62K(192K)->62K(192K)
[61.788s][info][gc             ] GC(268) Pause Young (System.gc()) 42M->1M(7851M) 0.619ms
[61.788s][info][gc,cpu         ] GC(268) User=0.00s Sys=0.01s Real=0.00s
[61.788s][info][gc,start       ] GC(269) Pause Full (System.gc())
[61.788s][info][gc,phases,start] GC(269) Marking Phase
[61.791s][info][gc,phases      ] GC(269) Marking Phase 2.706ms
[61.791s][info][gc,phases,start] GC(269) Summary Phase
[61.791s][info][gc,phases      ] GC(269) Summary Phase 0.022ms
[61.791s][info][gc,phases,start] GC(269) Adjust Roots
[61.791s][info][gc,phases      ] GC(269) Adjust Roots 0.600ms
[61.791s][info][gc,phases,start] GC(269) Compaction Phase
[61.793s][info][gc,phases      ] GC(269) Compaction Phase 1.671ms
[61.793s][info][gc,phases,start] GC(269) Post Compact
[61.794s][info][gc,phases      ] GC(269) Post Compact 1.079ms
[61.794s][info][gc,heap        ] GC(269) PSYoungGen: 96K(2446848K)->0K(2446848K) Eden: 0K(2097664K)->0K(2097664K) From: 96K(349184K)->0K(349184K)
[61.794s][info][gc,heap        ] GC(269) ParOldGen: 1166K(5592576K)->1169K(5592576K)
[61.794s][info][gc,metaspace   ] GC(269) Metaspace: 605K(960K)->605K(960K) NonClass: 542K(768K)->542K(768K) Class: 62K(192K)->62K(192K)
[61.794s][info][gc             ] GC(269) Pause Full (System.gc()) 1M->1M(7851M) 6.404ms
[61.794s][info][gc,cpu         ] GC(269) User=0.01s Sys=0.00s Real=0.00s
[62.253s][info][gc,start       ] GC(270) Pause Young (System.gc())
[62.253s][info][gc,heap        ] GC(270) PSYoungGen: 41953K(2446848K)->96K(2446848K) Eden: 41953K(2097664K)->0K(2097664K) From: 0K(349184K)->96K(349184K)
[62.253s][info][gc,heap        ] GC(270) ParOldGen: 1169K(5592576K)->1169K(5592576K)
[62.253s][info][gc,metaspace   ] GC(270) Metaspace: 610K(960K)->610K(960K) NonClass: 546K(768K)->546K(768K) Class: 64K(192K)->64K(192K)
[62.253s][info][gc             ] GC(270) Pause Young (System.gc()) 42M->1M(7851M) 0.659ms
[62.253s][info][gc,cpu         ] GC(270) User=0.00s Sys=0.00s Real=0.00s
[62.253s][info][gc,start       ] GC(271) Pause Full (System.gc())
[62.253s][info][gc,phases,start] GC(271) Marking Phase
[62.258s][info][gc,phases      ] GC(271) Marking Phase 4.608ms
[62.258s][info][gc,phases,start] GC(271) Summary Phase
[62.258s][info][gc,phases      ] GC(271) Summary Phase 0.043ms
[62.258s][info][gc,phases,start] GC(271) Adjust Roots
[62.259s][info][gc,phases      ] GC(271) Adjust Roots 0.736ms
[62.259s][info][gc,phases,start] GC(271) Compaction Phase
[62.261s][info][gc,phases      ] GC(271) Compaction Phase 2.229ms
[62.261s][info][gc,phases,start] GC(271) Post Compact
[62.263s][info][gc,phases      ] GC(271) Post Compact 1.449ms
[62.263s][info][gc,heap        ] GC(271) PSYoungGen: 96K(2446848K)->0K(2446848K) Eden: 0K(2097664K)->0K(2097664K) From: 96K(349184K)->0K(349184K)
[62.263s][info][gc,heap        ] GC(271) ParOldGen: 1169K(5592576K)->1172K(5592576K)
[62.263s][info][gc,metaspace   ] GC(271) Metaspace: 610K(960K)->610K(960K) NonClass: 546K(768K)->546K(768K) Class: 64K(192K)->64K(192K)
[62.263s][info][gc             ] GC(271) Pause Full (System.gc()) 1M->1M(7851M) 9.523ms
[62.263s][info][gc,cpu         ] GC(271) User=0.01s Sys=0.00s Real=0.01s
[62.720s][info][gc,start       ] GC(272) Pause Young (System.gc())
[62.721s][info][gc,heap        ] GC(272) PSYoungGen: 41953K(2446848K)->96K(2446848K) Eden: 41953K(2097664K)->0K(2097664K) From: 0K(349184K)->96K(349184K)
[62.721s][info][gc,heap        ] GC(272) ParOldGen: 1172K(5592576K)->1172K(5592576K)
[62.721s][info][gc,metaspace   ] GC(272) Metaspace: 615K(960K)->615K(960K) NonClass: 549K(768K)->549K(768K) Class: 66K(192K)->66K(192K)
[62.721s][info][gc             ] GC(272) Pause Young (System.gc()) 42M->1M(7851M) 0.627ms
[62.721s][info][gc,cpu         ] GC(272) User=0.00s Sys=0.00s Real=0.00s
[62.721s][info][gc,start       ] GC(273) Pause Full (System.gc())
[62.721s][info][gc,phases,start] GC(273) Marking Phase
[62.728s][info][gc,phases      ] GC(273) Marking Phase 6.448ms
[62.728s][info][gc,phases,start] GC(273) Summary Phase
[62.728s][info][gc,phases      ] GC(273) Summary Phase 0.028ms
[62.728s][info][gc,phases,start] GC(273) Adjust Roots
[62.729s][info][gc,phases      ] GC(273) Adjust Roots 0.864ms
[62.729s][info][gc,phases,start] GC(273) Compaction Phase
[62.730s][info][gc,phases      ] GC(273) Compaction Phase 1.620ms
[62.730s][info][gc,phases,start] GC(273) Post Compact
[62.731s][info][gc,phases      ] GC(273) Post Compact 0.712ms
[62.731s][info][gc,heap        ] GC(273) PSYoungGen: 96K(2446848K)->0K(2446848K) Eden: 0K(2097664K)->0K(2097664K) From: 96K(349184K)->0K(349184K)
[62.731s][info][gc,heap        ] GC(273) ParOldGen: 1172K(5592576K)->1169K(5592576K)
[62.731s][info][gc,metaspace   ] GC(273) Metaspace: 615K(960K)->610K(960K) NonClass: 549K(768K)->546K(768K) Class: 66K(192K)->63K(192K)
[62.731s][info][gc             ] GC(273) Pause Full (System.gc()) 1M->1M(7851M) 10.045ms
[62.731s][info][gc,cpu         ] GC(273) User=0.01s Sys=0.00s Real=0.01s
[63.185s][info][gc,start       ] GC(274) Pause Young (System.gc())
[63.185s][info][gc,heap        ] GC(274) PSYoungGen: 41953K(2446848K)->96K(2446848K) Eden: 41953K(2097664K)->0K(2097664K) From: 0K(349184K)->96K(349184K)
[63.185s][info][gc,heap        ] GC(274) ParOldGen: 1169K(5592576K)->1169K(5592576K)
[63.185s][info][gc,metaspace   ] GC(274) Metaspace: 615K(960K)->615K(960K) NonClass: 550K(768K)->550K(768K) Class: 64K(192K)->64K(192K)
[63.185s][info][gc             ] GC(274) Pause Young (System.gc()) 42M->1M(7851M) 0.483ms
[63.185s][info][gc,cpu         ] GC(274) User=0.00s Sys=0.00s Real=0.00s
[63.185s][info][gc,start       ] GC(275) Pause Full (System.gc())
[63.185s][info][gc,phases,start] GC(275) Marking Phase
[63.188s][info][gc,phases      ] GC(275) Marking Phase 3.273ms
[63.188s][info][gc,phases,start] GC(275) Summary Phase
[63.188s][info][gc,phases      ] GC(275) Summary Phase 0.022ms
[63.188s][info][gc,phases,start] GC(275) Adjust Roots
[63.190s][info][gc,phases      ] GC(275) Adjust Roots 1.018ms
[63.190s][info][gc,phases,start] GC(275) Compaction Phase
[63.193s][info][gc,phases      ] GC(275) Compaction Phase 3.152ms
[63.193s][info][gc,phases,start] GC(275) Post Compact
[63.194s][info][gc,phases      ] GC(275) Post Compact 0.799ms
[63.194s][info][gc,heap        ] GC(275) PSYoungGen: 96K(2446848K)->0K(2446848K) Eden: 0K(2097664K)->0K(2097664K) From: 96K(349184K)->0K(349184K)
[63.194s][info][gc,heap        ] GC(275) ParOldGen: 1169K(5592576K)->1157K(5592576K)
[63.194s][info][gc,metaspace   ] GC(275) Metaspace: 615K(960K)->589K(960K) NonClass: 550K(768K)->535K(768K) Class: 64K(192K)->54K(192K)
[63.194s][info][gc             ] GC(275) Pause Full (System.gc()) 1M->1M(7851M) 8.518ms
[63.194s][info][gc,cpu         ] GC(275) User=0.01s Sys=0.00s Real=0.00s
[63.649s][info][gc,start       ] GC(276) Pause Young (System.gc())
[63.650s][info][gc,heap        ] GC(276) PSYoungGen: 41953K(2446848K)->128K(2446848K) Eden: 41953K(2097664K)->0K(2097664K) From: 0K(349184K)->128K(349184K)
[63.650s][info][gc,heap        ] GC(276) ParOldGen: 1157K(5592576K)->1157K(5592576K)
[63.650s][info][gc,metaspace   ] GC(276) Metaspace: 594K(960K)->594K(960K) NonClass: 538K(768K)->538K(768K) Class: 55K(192K)->55K(192K)
[63.650s][info][gc             ] GC(276) Pause Young (System.gc()) 42M->1M(7851M) 0.413ms
[63.650s][info][gc,cpu         ] GC(276) User=0.00s Sys=0.00s Real=0.00s
[63.650s][info][gc,start       ] GC(277) Pause Full (System.gc())
[63.650s][info][gc,phases,start] GC(277) Marking Phase
[63.654s][info][gc,phases      ] GC(277) Marking Phase 4.268ms
[63.654s][info][gc,phases,start] GC(277) Summary Phase
[63.654s][info][gc,phases      ] GC(277) Summary Phase 0.016ms
[63.654s][info][gc,phases,start] GC(277) Adjust Roots
[63.655s][info][gc,phases      ] GC(277) Adjust Roots 0.509ms
[63.655s][info][gc,phases,start] GC(277) Compaction Phase
[63.656s][info][gc,phases      ] GC(277) Compaction Phase 1.163ms
[63.656s][info][gc,phases,start] GC(277) Post Compact
[63.656s][info][gc,phases      ] GC(277) Post Compact 0.471ms
[63.656s][info][gc,heap        ] GC(277) PSYoungGen: 128K(2446848K)->0K(2446848K) Eden: 0K(2097664K)->0K(2097664K) From: 128K(349184K)->0K(349184K)
[63.656s][info][gc,heap        ] GC(277) ParOldGen: 1157K(5592576K)->1158K(5592576K)
[63.656s][info][gc,metaspace   ] GC(277) Metaspace: 594K(960K)->591K(960K) NonClass: 538K(768K)->536K(768K) Class: 55K(192K)->54K(192K)
[63.656s][info][gc             ] GC(277) Pause Full (System.gc()) 1M->1M(7851M) 6.685ms
[63.656s][info][gc,cpu         ] GC(277) User=0.01s Sys=0.01s Real=0.01s
[64.112s][info][gc,start       ] GC(278) Pause Young (System.gc())
[64.112s][info][gc,heap        ] GC(278) PSYoungGen: 41953K(2446848K)->128K(2446848K) Eden: 41953K(2097664K)->0K(2097664K) From: 0K(349184K)->128K(349184K)
[64.112s][info][gc,heap        ] GC(278) ParOldGen: 1158K(5592576K)->1158K(5592576K)
[64.112s][info][gc,metaspace   ] GC(278) Metaspace: 596K(960K)->596K(960K) NonClass: 540K(768K)->540K(768K) Class: 56K(192K)->56K(192K)
[64.112s][info][gc             ] GC(278) Pause Young (System.gc()) 42M->1M(7851M) 0.320ms
[64.112s][info][gc,cpu         ] GC(278) User=0.00s Sys=0.00s Real=0.00s
[64.112s][info][gc,start       ] GC(279) Pause Full (System.gc())
[64.112s][info][gc,phases,start] GC(279) Marking Phase
[64.115s][info][gc,phases      ] GC(279) Marking Phase 2.816ms
[64.115s][info][gc,phases,start] GC(279) Summary Phase
[64.115s][info][gc,phases      ] GC(279) Summary Phase 0.015ms
[64.115s][info][gc,phases,start] GC(279) Adjust Roots
[64.115s][info][gc,phases      ] GC(279) Adjust Roots 0.336ms
[64.115s][info][gc,phases,start] GC(279) Compaction Phase
[64.116s][info][gc,phases      ] GC(279) Compaction Phase 0.831ms
[64.116s][info][gc,phases,start] GC(279) Post Compact
[64.117s][info][gc,phases      ] GC(279) Post Compact 0.396ms
[64.117s][info][gc,heap        ] GC(279) PSYoungGen: 128K(2446848K)->0K(2446848K) Eden: 0K(2097664K)->0K(2097664K) From: 128K(349184K)->0K(349184K)
[64.117s][info][gc,heap        ] GC(279) ParOldGen: 1158K(5592576K)->1160K(5592576K)
[64.117s][info][gc,metaspace   ] GC(279) Metaspace: 596K(960K)->595K(960K) NonClass: 540K(768K)->540K(768K) Class: 56K(192K)->55K(192K)
[64.117s][info][gc             ] GC(279) Pause Full (System.gc()) 1M->1M(7851M) 4.577ms
[64.117s][info][gc,cpu         ] GC(279) User=0.01s Sys=0.00s Real=0.01s
[64.570s][info][gc,start       ] GC(280) Pause Young (System.gc())
[64.570s][info][gc,heap        ] GC(280) PSYoungGen: 41953K(2446848K)->128K(2446848K) Eden: 41953K(2097664K)->0K(2097664K) From: 0K(349184K)->128K(349184K)
[64.570s][info][gc,heap        ] GC(280) ParOldGen: 1160K(5592576K)->1160K(5592576K)
[64.570s][info][gc,metaspace   ] GC(280) Metaspace: 600K(960K)->600K(960K) NonClass: 543K(768K)->543K(768K) Class: 57K(192K)->57K(192K)
[64.570s][info][gc             ] GC(280) Pause Young (System.gc()) 42M->1M(7851M) 0.209ms
[64.570s][info][gc,cpu         ] GC(280) User=0.00s Sys=0.00s Real=0.00s
[64.571s][info][gc,start       ] GC(281) Pause Full (System.gc())
[64.571s][info][gc,phases,start] GC(281) Marking Phase
[64.572s][info][gc,phases      ] GC(281) Marking Phase 1.236ms
[64.572s][info][gc,phases,start] GC(281) Summary Phase
[64.572s][info][gc,phases      ] GC(281) Summary Phase 0.009ms
[64.572s][info][gc,phases,start] GC(281) Adjust Roots
[64.572s][info][gc,phases      ] GC(281) Adjust Roots 0.271ms
[64.572s][info][gc,phases,start] GC(281) Compaction Phase
[64.573s][info][gc,phases      ] GC(281) Compaction Phase 0.851ms
[64.573s][info][gc,phases,start] GC(281) Post Compact
[64.573s][info][gc,phases      ] GC(281) Post Compact 0.318ms
[64.573s][info][gc,heap        ] GC(281) PSYoungGen: 128K(2446848K)->0K(2446848K) Eden: 0K(2097664K)->0K(2097664K) From: 128K(349184K)->0K(349184K)
[64.573s][info][gc,heap        ] GC(281) ParOldGen: 1160K(5592576K)->1163K(5592576K)
[64.573s][info][gc,metaspace   ] GC(281) Metaspace: 600K(960K)->600K(960K) NonClass: 543K(768K)->543K(768K) Class: 57K(192K)->57K(192K)
[64.573s][info][gc             ] GC(281) Pause Full (System.gc()) 1M->1M(7851M) 2.796ms
[64.573s][info][gc,cpu         ] GC(281) User=0.00s Sys=0.00s Real=0.00s
[65.027s][info][gc,start       ] GC(282) Pause Young (System.gc())
[65.027s][info][gc,heap        ] GC(282) PSYoungGen: 41953K(2446848K)->64K(2446848K) Eden: 41953K(2097664K)->0K(2097664K) From: 0K(349184K)->64K(349184K)
[65.027s][info][gc,heap        ] GC(282) ParOldGen: 1163K(5592576K)->1163K(5592576K)
[65.027s][info][gc,metaspace   ] GC(282) Metaspace: 605K(960K)->605K(960K) NonClass: 546K(768K)->546K(768K) Class: 59K(192K)->59K(192K)
[65.027s][info][gc             ] GC(282) Pause Young (System.gc()) 42M->1M(7851M) 0.316ms
[65.027s][info][gc,cpu         ] GC(282) User=0.00s Sys=0.00s Real=0.00s
[65.027s][info][gc,start       ] GC(283) Pause Full (System.gc())
[65.027s][info][gc,phases,start] GC(283) Marking Phase
[65.029s][info][gc,phases      ] GC(283) Marking Phase 1.885ms
[65.029s][info][gc,phases,start] GC(283) Summary Phase
[65.029s][info][gc,phases      ] GC(283) Summary Phase 0.032ms
[65.029s][info][gc,phases,start] GC(283) Adjust Roots
[65.030s][info][gc,phases      ] GC(283) Adjust Roots 0.449ms
[65.030s][info][gc,phases,start] GC(283) Compaction Phase
[65.031s][info][gc,phases      ] GC(283) Compaction Phase 1.113ms
[65.031s][info][gc,phases,start] GC(283) Post Compact
[65.032s][info][gc,phases      ] GC(283) Post Compact 0.480ms
[65.032s][info][gc,heap        ] GC(283) PSYoungGen: 64K(2446848K)->0K(2446848K) Eden: 0K(2097664K)->0K(2097664K) From: 64K(349184K)->0K(349184K)
[65.032s][info][gc,heap        ] GC(283) ParOldGen: 1163K(5592576K)->1166K(5592576K)
[65.032s][info][gc,metaspace   ] GC(283) Metaspace: 605K(960K)->605K(960K) NonClass: 546K(768K)->546K(768K) Class: 59K(192K)->59K(192K)
[65.032s][info][gc             ] GC(283) Pause Full (System.gc()) 1M->1M(7851M) 4.153ms
[65.032s][info][gc,cpu         ] GC(283) User=0.01s Sys=0.00s Real=0.00s
[65.489s][info][gc,start       ] GC(284) Pause Young (System.gc())
[65.489s][info][gc,heap        ] GC(284) PSYoungGen: 41953K(2446848K)->96K(2446848K) Eden: 41953K(2097664K)->0K(2097664K) From: 0K(349184K)->96K(349184K)
[65.489s][info][gc,heap        ] GC(284) ParOldGen: 1166K(5592576K)->1166K(5592576K)
[65.489s][info][gc,metaspace   ] GC(284) Metaspace: 610K(960K)->610K(960K) NonClass: 549K(768K)->549K(768K) Class: 60K(192K)->60K(192K)
[65.489s][info][gc             ] GC(284) Pause Young (System.gc()) 42M->1M(7851M) 0.501ms
[65.489s][info][gc,cpu         ] GC(284) User=0.00s Sys=0.00s Real=0.00s
[65.489s][info][gc,start       ] GC(285) Pause Full (System.gc())
[65.489s][info][gc,phases,start] GC(285) Marking Phase
[65.491s][info][gc,phases      ] GC(285) Marking Phase 2.265ms
[65.491s][info][gc,phases,start] GC(285) Summary Phase
[65.491s][info][gc,phases      ] GC(285) Summary Phase 0.017ms
[65.491s][info][gc,phases,start] GC(285) Adjust Roots
[65.492s][info][gc,phases      ] GC(285) Adjust Roots 0.512ms
[65.492s][info][gc,phases,start] GC(285) Compaction Phase
[65.493s][info][gc,phases      ] GC(285) Compaction Phase 1.200ms
[65.493s][info][gc,phases,start] GC(285) Post Compact
[65.494s][info][gc,phases      ] GC(285) Post Compact 0.498ms
[65.494s][info][gc,heap        ] GC(285) PSYoungGen: 96K(2446848K)->0K(2446848K) Eden: 0K(2097664K)->0K(2097664K) From: 96K(349184K)->0K(349184K)
[65.494s][info][gc,heap        ] GC(285) ParOldGen: 1166K(5592576K)->1169K(5592576K)
[65.494s][info][gc,metaspace   ] GC(285) Metaspace: 610K(960K)->610K(960K) NonClass: 549K(768K)->549K(768K) Class: 60K(192K)->60K(192K)
[65.494s][info][gc             ] GC(285) Pause Full (System.gc()) 1M->1M(7851M) 4.711ms
[65.494s][info][gc,cpu         ] GC(285) User=0.01s Sys=0.00s Real=0.00s
[65.949s][info][gc,start       ] GC(286) Pause Young (System.gc())
[65.949s][info][gc,heap        ] GC(286) PSYoungGen: 41953K(2446848K)->128K(2446848K) Eden: 41953K(2097664K)->0K(2097664K) From: 0K(349184K)->128K(349184K)
[65.949s][info][gc,heap        ] GC(286) ParOldGen: 1169K(5592576K)->1169K(5592576K)
[65.949s][info][gc,metaspace   ] GC(286) Metaspace: 615K(960K)->615K(960K) NonClass: 553K(768K)->553K(768K) Class: 62K(192K)->62K(192K)
[65.949s][info][gc             ] GC(286) Pause Young (System.gc()) 42M->1M(7851M) 0.360ms
[65.949s][info][gc,cpu         ] GC(286) User=0.00s Sys=0.00s Real=0.00s
[65.949s][info][gc,start       ] GC(287) Pause Full (System.gc())
[65.949s][info][gc,phases,start] GC(287) Marking Phase
[65.952s][info][gc,phases      ] GC(287) Marking Phase 3.340ms
[65.952s][info][gc,phases,start] GC(287) Summary Phase
[65.952s][info][gc,phases      ] GC(287) Summary Phase 0.024ms
[65.952s][info][gc,phases,start] GC(287) Adjust Roots
[65.953s][info][gc,phases      ] GC(287) Adjust Roots 0.561ms
[65.953s][info][gc,phases,start] GC(287) Compaction Phase
[65.954s][info][gc,phases      ] GC(287) Compaction Phase 1.265ms
[65.954s][info][gc,phases,start] GC(287) Post Compact
[65.955s][info][gc,phases      ] GC(287) Post Compact 0.595ms
[65.955s][info][gc,heap        ] GC(287) PSYoungGen: 128K(2446848K)->0K(2446848K) Eden: 0K(2097664K)->0K(2097664K) From: 128K(349184K)->0K(349184K)
[65.955s][info][gc,heap        ] GC(287) ParOldGen: 1169K(5592576K)->1168K(5592576K)
[65.955s][info][gc,metaspace   ] GC(287) Metaspace: 615K(960K)->612K(960K) NonClass: 553K(768K)->551K(768K) Class: 62K(192K)->60K(192K)
[65.955s][info][gc             ] GC(287) Pause Full (System.gc()) 1M->1M(7851M) 6.081ms
[65.955s][info][gc,cpu         ] GC(287) User=0.01s Sys=0.00s Real=0.01s
[66.408s][info][gc,start       ] GC(288) Pause Young (System.gc())
[66.409s][info][gc,heap        ] GC(288) PSYoungGen: 41953K(2446848K)->96K(2446848K) Eden: 41953K(2097664K)->0K(2097664K) From: 0K(349184K)->96K(349184K)
[66.409s][info][gc,heap        ] GC(288) ParOldGen: 1168K(5592576K)->1168K(5592576K)
[66.409s][info][gc,metaspace   ] GC(288) Metaspace: 617K(960K)->617K(960K) NonClass: 554K(768K)->554K(768K) Class: 62K(192K)->62K(192K)
[66.409s][info][gc             ] GC(288) Pause Young (System.gc()) 42M->1M(7851M) 0.521ms
[66.409s][info][gc,cpu         ] GC(288) User=0.00s Sys=0.01s Real=0.00s
[66.409s][info][gc,start       ] GC(289) Pause Full (System.gc())
[66.409s][info][gc,phases,start] GC(289) Marking Phase
[66.414s][info][gc,phases      ] GC(289) Marking Phase 4.828ms
[66.414s][info][gc,phases,start] GC(289) Summary Phase
[66.414s][info][gc,phases      ] GC(289) Summary Phase 0.025ms
[66.414s][info][gc,phases,start] GC(289) Adjust Roots
[66.414s][info][gc,phases      ] GC(289) Adjust Roots 0.713ms
[66.414s][info][gc,phases,start] GC(289) Compaction Phase
[66.416s][info][gc,phases      ] GC(289) Compaction Phase 1.875ms
[66.416s][info][gc,phases,start] GC(289) Post Compact
[66.417s][info][gc,phases      ] GC(289) Post Compact 0.360ms
[66.417s][info][gc,heap        ] GC(289) PSYoungGen: 96K(2446848K)->0K(2446848K) Eden: 0K(2097664K)->0K(2097664K) From: 96K(349184K)->0K(349184K)
[66.417s][info][gc,heap        ] GC(289) ParOldGen: 1168K(5592576K)->1170K(5592576K)
[66.417s][info][gc,metaspace   ] GC(289) Metaspace: 617K(960K)->616K(960K) NonClass: 554K(768K)->554K(768K) Class: 62K(192K)->61K(192K)
[66.417s][info][gc             ] GC(289) Pause Full (System.gc()) 1M->1M(7851M) 8.058ms
[66.417s][info][gc,cpu         ] GC(289) User=0.01s Sys=0.00s Real=0.01s
[66.872s][info][gc,start       ] GC(290) Pause Young (System.gc())
[66.872s][info][gc,heap        ] GC(290) PSYoungGen: 41953K(2446848K)->96K(2446848K) Eden: 41953K(2097664K)->0K(2097664K) From: 0K(349184K)->96K(349184K)
[66.872s][info][gc,heap        ] GC(290) ParOldGen: 1170K(5592576K)->1170K(5592576K)
[66.872s][info][gc,metaspace   ] GC(290) Metaspace: 621K(960K)->621K(960K) NonClass: 557K(768K)->557K(768K) Class: 63K(192K)->63K(192K)
[66.872s][info][gc             ] GC(290) Pause Young (System.gc()) 42M->1M(7851M) 0.446ms
[66.872s][info][gc,cpu         ] GC(290) User=0.00s Sys=0.00s Real=0.00s
[66.872s][info][gc,start       ] GC(291) Pause Full (System.gc())
[66.872s][info][gc,phases,start] GC(291) Marking Phase
[66.876s][info][gc,phases      ] GC(291) Marking Phase 3.430ms
[66.876s][info][gc,phases,start] GC(291) Summary Phase
[66.876s][info][gc,phases      ] GC(291) Summary Phase 0.027ms
[66.876s][info][gc,phases,start] GC(291) Adjust Roots
[66.878s][info][gc,phases      ] GC(291) Adjust Roots 1.903ms
[66.878s][info][gc,phases,start] GC(291) Compaction Phase
[66.880s][info][gc,phases      ] GC(291) Compaction Phase 2.103ms
[66.880s][info][gc,phases,start] GC(291) Post Compact
[66.880s][info][gc,phases      ] GC(291) Post Compact 0.422ms
[66.880s][info][gc,heap        ] GC(291) PSYoungGen: 96K(2446848K)->0K(2446848K) Eden: 0K(2097664K)->0K(2097664K) From: 96K(349184K)->0K(349184K)
[66.880s][info][gc,heap        ] GC(291) ParOldGen: 1170K(5592576K)->1172K(5592576K)
[66.880s][info][gc,metaspace   ] GC(291) Metaspace: 621K(960K)->620K(960K) NonClass: 557K(768K)->557K(768K) Class: 63K(192K)->63K(192K)
[66.880s][info][gc             ] GC(291) Pause Full (System.gc()) 1M->1M(7851M) 8.196ms
[66.880s][info][gc,cpu         ] GC(291) User=0.01s Sys=0.00s Real=0.01s
[67.332s][info][gc,start       ] GC(292) Pause Young (System.gc())
[67.333s][info][gc,heap        ] GC(292) PSYoungGen: 41953K(2446848K)->128K(2446848K) Eden: 41953K(2097664K)->0K(2097664K) From: 0K(349184K)->128K(349184K)
[67.333s][info][gc,heap        ] GC(292) ParOldGen: 1172K(5592576K)->1172K(5592576K)
[67.333s][info][gc,metaspace   ] GC(292) Metaspace: 625K(960K)->625K(960K) NonClass: 560K(768K)->560K(768K) Class: 64K(192K)->64K(192K)
[67.333s][info][gc             ] GC(292) Pause Young (System.gc()) 42M->1M(7851M) 0.399ms
[67.333s][info][gc,cpu         ] GC(292) User=0.00s Sys=0.00s Real=0.00s
[67.333s][info][gc,start       ] GC(293) Pause Full (System.gc())
[67.333s][info][gc,phases,start] GC(293) Marking Phase
[67.336s][info][gc,phases      ] GC(293) Marking Phase 3.560ms
[67.336s][info][gc,phases,start] GC(293) Summary Phase
[67.336s][info][gc,phases      ] GC(293) Summary Phase 0.016ms
[67.336s][info][gc,phases,start] GC(293) Adjust Roots
[67.337s][info][gc,phases      ] GC(293) Adjust Roots 0.927ms
[67.337s][info][gc,phases,start] GC(293) Compaction Phase
[67.339s][info][gc,phases      ] GC(293) Compaction Phase 1.272ms
[67.339s][info][gc,phases,start] GC(293) Post Compact
[67.339s][info][gc,phases      ] GC(293) Post Compact 0.525ms
[67.339s][info][gc,heap        ] GC(293) PSYoungGen: 128K(2446848K)->0K(2446848K) Eden: 0K(2097664K)->0K(2097664K) From: 128K(349184K)->0K(349184K)
[67.339s][info][gc,heap        ] GC(293) ParOldGen: 1172K(5592576K)->1174K(5592576K)
[67.339s][info][gc,metaspace   ] GC(293) Metaspace: 625K(960K)->624K(960K) NonClass: 560K(768K)->560K(768K) Class: 64K(192K)->64K(192K)
[67.339s][info][gc             ] GC(293) Pause Full (System.gc()) 1M->1M(7851M) 6.543ms
[67.339s][info][gc,cpu         ] GC(293) User=0.01s Sys=0.00s Real=0.01s
[67.796s][info][gc,start       ] GC(294) Pause Young (System.gc())
[67.797s][info][gc,heap        ] GC(294) PSYoungGen: 41953K(2446848K)->160K(2446848K) Eden: 41953K(2097664K)->0K(2097664K) From: 0K(349184K)->160K(349184K)
[67.797s][info][gc,heap        ] GC(294) ParOldGen: 1174K(5592576K)->1174K(5592576K)
[67.797s][info][gc,metaspace   ] GC(294) Metaspace: 629K(960K)->629K(960K) NonClass: 563K(768K)->563K(768K) Class: 66K(192K)->66K(192K)
[67.797s][info][gc             ] GC(294) Pause Young (System.gc()) 42M->1M(7851M) 0.379ms
[67.797s][info][gc,cpu         ] GC(294) User=0.00s Sys=0.00s Real=0.00s
[67.797s][info][gc,start       ] GC(295) Pause Full (System.gc())
[67.797s][info][gc,phases,start] GC(295) Marking Phase
[67.801s][info][gc,phases      ] GC(295) Marking Phase 3.694ms
[67.801s][info][gc,phases,start] GC(295) Summary Phase
[67.801s][info][gc,phases      ] GC(295) Summary Phase 0.013ms
[67.801s][info][gc,phases,start] GC(295) Adjust Roots
[67.801s][info][gc,phases      ] GC(295) Adjust Roots 0.540ms
[67.801s][info][gc,phases,start] GC(295) Compaction Phase
[67.802s][info][gc,phases      ] GC(295) Compaction Phase 1.109ms
[67.802s][info][gc,phases,start] GC(295) Post Compact
[67.803s][info][gc,phases      ] GC(295) Post Compact 0.471ms
[67.803s][info][gc,heap        ] GC(295) PSYoungGen: 160K(2446848K)->0K(2446848K) Eden: 0K(2097664K)->0K(2097664K) From: 160K(349184K)->0K(349184K)
[67.803s][info][gc,heap        ] GC(295) ParOldGen: 1174K(5592576K)->1175K(5592576K)
[67.803s][info][gc,metaspace   ] GC(295) Metaspace: 629K(960K)->628K(960K) NonClass: 563K(768K)->562K(768K) Class: 66K(192K)->65K(192K)
[67.803s][info][gc             ] GC(295) Pause Full (System.gc()) 1M->1M(7851M) 5.973ms
[67.803s][info][gc,cpu         ] GC(295) User=0.02s Sys=0.00s Real=0.00s
[68.263s][info][gc,start       ] GC(296) Pause Young (System.gc())
[68.263s][info][gc,heap        ] GC(296) PSYoungGen: 41953K(2446848K)->128K(2446848K) Eden: 41953K(2097664K)->0K(2097664K) From: 0K(349184K)->128K(349184K)
[68.264s][info][gc,heap        ] GC(296) ParOldGen: 1175K(5592576K)->1175K(5592576K)
[68.264s][info][gc,metaspace   ] GC(296) Metaspace: 633K(960K)->633K(960K) NonClass: 566K(768K)->566K(768K) Class: 67K(192K)->67K(192K)
[68.264s][info][gc             ] GC(296) Pause Young (System.gc()) 42M->1M(7851M) 0.462ms
[68.264s][info][gc,cpu         ] GC(296) User=0.00s Sys=0.01s Real=0.00s
[68.264s][info][gc,start       ] GC(297) Pause Full (System.gc())
[68.264s][info][gc,phases,start] GC(297) Marking Phase
[68.266s][info][gc,phases      ] GC(297) Marking Phase 2.736ms
[68.266s][info][gc,phases,start] GC(297) Summary Phase
[68.266s][info][gc,phases      ] GC(297) Summary Phase 0.007ms
[68.266s][info][gc,phases,start] GC(297) Adjust Roots
[68.267s][info][gc,phases      ] GC(297) Adjust Roots 0.352ms
[68.267s][info][gc,phases,start] GC(297) Compaction Phase
[68.268s][info][gc,phases      ] GC(297) Compaction Phase 1.069ms
[68.268s][info][gc,phases,start] GC(297) Post Compact
[68.268s][info][gc,phases      ] GC(297) Post Compact 0.469ms
[68.268s][info][gc,heap        ] GC(297) PSYoungGen: 128K(2446848K)->0K(2446848K) Eden: 0K(2097664K)->0K(2097664K) From: 128K(349184K)->0K(349184K)
[68.268s][info][gc,heap        ] GC(297) ParOldGen: 1175K(5592576K)->1177K(5592576K)
[68.268s][info][gc,metaspace   ] GC(297) Metaspace: 633K(960K)->632K(960K) NonClass: 566K(768K)->565K(768K) Class: 67K(192K)->66K(192K)
[68.268s][info][gc             ] GC(297) Pause Full (System.gc()) 1M->1M(7851M) 4.757ms
[68.268s][info][gc,cpu         ] GC(297) User=0.02s Sys=0.00s Real=0.01s
[68.722s][info][gc,start       ] GC(298) Pause Young (System.gc())
[68.724s][info][gc,heap        ] GC(298) PSYoungGen: 41953K(2446848K)->96K(2446848K) Eden: 41953K(2097664K)->0K(2097664K) From: 0K(349184K)->96K(349184K)
[68.724s][info][gc,heap        ] GC(298) ParOldGen: 1177K(5592576K)->1177K(5592576K)
[68.724s][info][gc,metaspace   ] GC(298) Metaspace: 637K(1088K)->637K(1088K) NonClass: 568K(832K)->568K(832K) Class: 68K(256K)->68K(256K)
[68.724s][info][gc             ] GC(298) Pause Young (System.gc()) 42M->1M(7851M) 2.344ms
[68.724s][info][gc,cpu         ] GC(298) User=0.00s Sys=0.00s Real=0.00s
[68.724s][info][gc,start       ] GC(299) Pause Full (System.gc())
[68.724s][info][gc,phases,start] GC(299) Marking Phase
[68.729s][info][gc,phases      ] GC(299) Marking Phase 5.124ms
[68.730s][info][gc,phases,start] GC(299) Summary Phase
[68.730s][info][gc,phases      ] GC(299) Summary Phase 0.017ms
[68.730s][info][gc,phases,start] GC(299) Adjust Roots
[68.730s][info][gc,phases      ] GC(299) Adjust Roots 0.764ms
[68.730s][info][gc,phases,start] GC(299) Compaction Phase
[68.733s][info][gc,phases      ] GC(299) Compaction Phase 2.281ms
[68.733s][info][gc,phases,start] GC(299) Post Compact
[68.734s][info][gc,phases      ] GC(299) Post Compact 0.916ms
[68.734s][info][gc,heap        ] GC(299) PSYoungGen: 96K(2446848K)->0K(2446848K) Eden: 0K(2097664K)->0K(2097664K) From: 96K(349184K)->0K(349184K)
[68.734s][info][gc,heap        ] GC(299) ParOldGen: 1177K(5592576K)->1180K(5592576K)
[68.734s][info][gc,metaspace   ] GC(299) Metaspace: 637K(1088K)->637K(1088K) NonClass: 568K(832K)->568K(832K) Class: 68K(256K)->68K(256K)
[68.734s][info][gc             ] GC(299) Pause Full (System.gc()) 1M->1M(7851M) 9.409ms
[68.734s][info][gc,cpu         ] GC(299) User=0.01s Sys=0.00s Real=0.01s
[69.191s][info][gc,start       ] GC(300) Pause Young (System.gc())
[69.191s][info][gc,heap        ] GC(300) PSYoungGen: 41953K(2446848K)->96K(2446848K) Eden: 41953K(2097664K)->0K(2097664K) From: 0K(349184K)->96K(349184K)
[69.191s][info][gc,heap        ] GC(300) ParOldGen: 1180K(5592576K)->1180K(5592576K)
[69.191s][info][gc,metaspace   ] GC(300) Metaspace: 642K(1088K)->642K(1088K) NonClass: 572K(832K)->572K(832K) Class: 70K(256K)->70K(256K)
[69.191s][info][gc             ] GC(300) Pause Young (System.gc()) 42M->1M(7851M) 0.716ms
[69.191s][info][gc,cpu         ] GC(300) User=0.00s Sys=0.00s Real=0.00s
[69.192s][info][gc,start       ] GC(301) Pause Full (System.gc())
[69.192s][info][gc,phases,start] GC(301) Marking Phase
[69.196s][info][gc,phases      ] GC(301) Marking Phase 4.876ms
[69.196s][info][gc,phases,start] GC(301) Summary Phase
[69.196s][info][gc,phases      ] GC(301) Summary Phase 0.021ms
[69.197s][info][gc,phases,start] GC(301) Adjust Roots
[69.197s][info][gc,phases      ] GC(301) Adjust Roots 0.778ms
[69.197s][info][gc,phases,start] GC(301) Compaction Phase
[69.199s][info][gc,phases      ] GC(301) Compaction Phase 1.602ms
[69.199s][info][gc,phases,start] GC(301) Post Compact
[69.200s][info][gc,phases      ] GC(301) Post Compact 0.570ms
[69.200s][info][gc,heap        ] GC(301) PSYoungGen: 96K(2446848K)->0K(2446848K) Eden: 0K(2097664K)->0K(2097664K) From: 96K(349184K)->0K(349184K)
[69.200s][info][gc,heap        ] GC(301) ParOldGen: 1180K(5592576K)->1183K(5592576K)
[69.200s][info][gc,metaspace   ] GC(301) Metaspace: 642K(1088K)->642K(1088K) NonClass: 572K(832K)->572K(832K) Class: 70K(256K)->70K(256K)
[69.200s][info][gc             ] GC(301) Pause Full (System.gc()) 1M->1M(7851M) 8.147ms
[69.200s][info][gc,cpu         ] GC(301) User=0.01s Sys=0.00s Real=0.01s
[69.655s][info][gc,start       ] GC(302) Pause Young (System.gc())
[69.656s][info][gc,heap        ] GC(302) PSYoungGen: 41953K(2446848K)->96K(2446848K) Eden: 41953K(2097664K)->0K(2097664K) From: 0K(349184K)->96K(349184K)
[69.656s][info][gc,heap        ] GC(302) ParOldGen: 1183K(5592576K)->1183K(5592576K)
[69.656s][info][gc,metaspace   ] GC(302) Metaspace: 647K(1088K)->647K(1088K) NonClass: 575K(832K)->575K(832K) Class: 72K(256K)->72K(256K)
[69.656s][info][gc             ] GC(302) Pause Young (System.gc()) 42M->1M(7851M) 0.620ms
[69.656s][info][gc,cpu         ] GC(302) User=0.00s Sys=0.00s Real=0.00s
[69.656s][info][gc,start       ] GC(303) Pause Full (System.gc())
[69.656s][info][gc,phases,start] GC(303) Marking Phase
[69.663s][info][gc,phases      ] GC(303) Marking Phase 6.815ms
[69.663s][info][gc,phases,start] GC(303) Summary Phase
[69.663s][info][gc,phases      ] GC(303) Summary Phase 0.020ms
[69.663s][info][gc,phases,start] GC(303) Adjust Roots
[69.664s][info][gc,phases      ] GC(303) Adjust Roots 0.625ms
[69.664s][info][gc,phases,start] GC(303) Compaction Phase
[69.666s][info][gc,phases      ] GC(303) Compaction Phase 2.284ms
[69.666s][info][gc,phases,start] GC(303) Post Compact
[69.667s][info][gc,phases      ] GC(303) Post Compact 1.068ms
[69.667s][info][gc,heap        ] GC(303) PSYoungGen: 96K(2446848K)->0K(2446848K) Eden: 0K(2097664K)->0K(2097664K) From: 96K(349184K)->0K(349184K)
[69.667s][info][gc,heap        ] GC(303) ParOldGen: 1183K(5592576K)->1134K(5592576K)
[69.667s][info][gc,metaspace   ] GC(303) Metaspace: 647K(1088K)->528K(1088K) NonClass: 575K(832K)->482K(832K) Class: 72K(256K)->45K(256K)
[69.667s][info][gc             ] GC(303) Pause Full (System.gc()) 1M->1M(7851M) 11.270ms
[69.668s][info][gc,cpu         ] GC(303) User=0.01s Sys=0.00s Real=0.01s
[70.123s][info][gc,start       ] GC(304) Pause Young (System.gc())
[70.124s][info][gc,heap        ] GC(304) PSYoungGen: 41953K(2446848K)->64K(2446848K) Eden: 41953K(2097664K)->0K(2097664K) From: 0K(349184K)->64K(349184K)
[70.124s][info][gc,heap        ] GC(304) ParOldGen: 1134K(5592576K)->1134K(5592576K)
[70.124s][info][gc,metaspace   ] GC(304) Metaspace: 533K(1088K)->533K(1088K) NonClass: 486K(832K)->486K(832K) Class: 46K(256K)->46K(256K)
[70.124s][info][gc             ] GC(304) Pause Young (System.gc()) 42M->1M(7851M) 0.961ms
[70.124s][info][gc,cpu         ] GC(304) User=0.00s Sys=0.01s Real=0.00s
[70.124s][info][gc,start       ] GC(305) Pause Full (System.gc())
[70.124s][info][gc,phases,start] GC(305) Marking Phase
[70.130s][info][gc,phases      ] GC(305) Marking Phase 5.319ms
[70.130s][info][gc,phases,start] GC(305) Summary Phase
[70.130s][info][gc,phases      ] GC(305) Summary Phase 0.037ms
[70.130s][info][gc,phases,start] GC(305) Adjust Roots
[70.131s][info][gc,phases      ] GC(305) Adjust Roots 1.158ms
[70.131s][info][gc,phases,start] GC(305) Compaction Phase
[70.133s][info][gc,phases      ] GC(305) Compaction Phase 1.700ms
[70.133s][info][gc,phases,start] GC(305) Post Compact
[70.133s][info][gc,phases      ] GC(305) Post Compact 0.631ms
[70.134s][info][gc,heap        ] GC(305) PSYoungGen: 64K(2446848K)->0K(2446848K) Eden: 0K(2097664K)->0K(2097664K) From: 64K(349184K)->0K(349184K)
[70.134s][info][gc,heap        ] GC(305) ParOldGen: 1134K(5592576K)->1135K(5592576K)
[70.134s][info][gc,metaspace   ] GC(305) Metaspace: 533K(1088K)->529K(1088K) NonClass: 486K(832K)->484K(832K) Class: 46K(256K)->45K(256K)
[70.134s][info][gc             ] GC(305) Pause Full (System.gc()) 1M->1M(7851M) 9.185ms
[70.134s][info][gc,cpu         ] GC(305) User=0.02s Sys=0.00s Real=0.01s
[70.591s][info][gc,start       ] GC(306) Pause Young (System.gc())
[70.591s][info][gc,heap        ] GC(306) PSYoungGen: 41953K(2446848K)->96K(2446848K) Eden: 41953K(2097664K)->0K(2097664K) From: 0K(349184K)->96K(349184K)
[70.591s][info][gc,heap        ] GC(306) ParOldGen: 1135K(5592576K)->1135K(5592576K)
[70.591s][info][gc,metaspace   ] GC(306) Metaspace: 534K(1088K)->534K(1088K) NonClass: 487K(832K)->487K(832K) Class: 47K(256K)->47K(256K)
[70.592s][info][gc             ] GC(306) Pause Young (System.gc()) 42M->1M(7851M) 0.674ms
[70.592s][info][gc,cpu         ] GC(306) User=0.00s Sys=0.00s Real=0.00s
[70.592s][info][gc,start       ] GC(307) Pause Full (System.gc())
[70.592s][info][gc,phases,start] GC(307) Marking Phase
[70.597s][info][gc,phases      ] GC(307) Marking Phase 5.465ms
[70.597s][info][gc,phases,start] GC(307) Summary Phase
[70.597s][info][gc,phases      ] GC(307) Summary Phase 0.036ms
[70.597s][info][gc,phases,start] GC(307) Adjust Roots
[70.598s][info][gc,phases      ] GC(307) Adjust Roots 0.758ms
[70.598s][info][gc,phases,start] GC(307) Compaction Phase
[70.600s][info][gc,phases      ] GC(307) Compaction Phase 1.924ms
[70.600s][info][gc,phases,start] GC(307) Post Compact
[70.601s][info][gc,phases      ] GC(307) Post Compact 0.632ms
[70.601s][info][gc,heap        ] GC(307) PSYoungGen: 96K(2446848K)->0K(2446848K) Eden: 0K(2097664K)->0K(2097664K) From: 96K(349184K)->0K(349184K)
[70.601s][info][gc,heap        ] GC(307) ParOldGen: 1135K(5592576K)->1137K(5592576K)
[70.601s][info][gc,metaspace   ] GC(307) Metaspace: 534K(1088K)->533K(1088K) NonClass: 487K(832K)->486K(832K) Class: 47K(256K)->47K(256K)
[70.601s][info][gc             ] GC(307) Pause Full (System.gc()) 1M->1M(7851M) 9.212ms
[70.601s][info][gc,cpu         ] GC(307) User=0.01s Sys=0.00s Real=0.01s
[71.054s][info][gc,start       ] GC(308) Pause Young (System.gc())
[71.054s][info][gc,heap        ] GC(308) PSYoungGen: 41953K(2446848K)->128K(2446848K) Eden: 41953K(2097664K)->0K(2097664K) From: 0K(349184K)->128K(349184K)
[71.054s][info][gc,heap        ] GC(308) ParOldGen: 1137K(5592576K)->1137K(5592576K)
[71.054s][info][gc,metaspace   ] GC(308) Metaspace: 538K(1088K)->538K(1088K) NonClass: 490K(832K)->490K(832K) Class: 48K(256K)->48K(256K)
[71.054s][info][gc             ] GC(308) Pause Young (System.gc()) 42M->1M(7851M) 0.671ms
[71.055s][info][gc,cpu         ] GC(308) User=0.00s Sys=0.00s Real=0.01s
[71.055s][info][gc,start       ] GC(309) Pause Full (System.gc())
[71.055s][info][gc,phases,start] GC(309) Marking Phase
[71.059s][info][gc,phases      ] GC(309) Marking Phase 4.601ms
[71.059s][info][gc,phases,start] GC(309) Summary Phase
[71.059s][info][gc,phases      ] GC(309) Summary Phase 0.026ms
[71.059s][info][gc,phases,start] GC(309) Adjust Roots
[71.060s][info][gc,phases      ] GC(309) Adjust Roots 0.953ms
[71.060s][info][gc,phases,start] GC(309) Compaction Phase
[71.063s][info][gc,phases      ] GC(309) Compaction Phase 2.196ms
[71.063s][info][gc,phases,start] GC(309) Post Compact
[71.064s][info][gc,phases      ] GC(309) Post Compact 0.885ms
[71.064s][info][gc,heap        ] GC(309) PSYoungGen: 128K(2446848K)->0K(2446848K) Eden: 0K(2097664K)->0K(2097664K) From: 128K(349184K)->0K(349184K)
[71.064s][info][gc,heap        ] GC(309) ParOldGen: 1137K(5592576K)->1137K(5592576K)
[71.064s][info][gc,metaspace   ] GC(309) Metaspace: 538K(1088K)->533K(1088K) NonClass: 490K(832K)->486K(832K) Class: 48K(256K)->47K(256K)
[71.064s][info][gc             ] GC(309) Pause Full (System.gc()) 1M->1M(7851M) 9.056ms
[71.064s][info][gc,cpu         ] GC(309) User=0.01s Sys=0.00s Real=0.00s
[71.519s][info][gc,start       ] GC(310) Pause Young (System.gc())
[71.520s][info][gc,heap        ] GC(310) PSYoungGen: 41953K(2446848K)->128K(2446848K) Eden: 41953K(2097664K)->0K(2097664K) From: 0K(349184K)->128K(349184K)
[71.520s][info][gc,heap        ] GC(310) ParOldGen: 1137K(5592576K)->1137K(5592576K)
[71.520s][info][gc,metaspace   ] GC(310) Metaspace: 538K(1088K)->538K(1088K) NonClass: 489K(832K)->489K(832K) Class: 49K(256K)->49K(256K)
[71.520s][info][gc             ] GC(310) Pause Young (System.gc()) 42M->1M(7851M) 0.559ms
[71.520s][info][gc,cpu         ] GC(310) User=0.00s Sys=0.00s Real=0.00s
[71.520s][info][gc,start       ] GC(311) Pause Full (System.gc())
[71.520s][info][gc,phases,start] GC(311) Marking Phase
[71.524s][info][gc,phases      ] GC(311) Marking Phase 4.358ms
[71.525s][info][gc,phases,start] GC(311) Summary Phase
[71.525s][info][gc,phases      ] GC(311) Summary Phase 0.033ms
[71.525s][info][gc,phases,start] GC(311) Adjust Roots
[71.525s][info][gc,phases      ] GC(311) Adjust Roots 0.832ms
[71.525s][info][gc,phases,start] GC(311) Compaction Phase
[71.528s][info][gc,phases      ] GC(311) Compaction Phase 2.638ms
[71.528s][info][gc,phases,start] GC(311) Post Compact
[71.529s][info][gc,phases      ] GC(311) Post Compact 0.621ms
[71.529s][info][gc,heap        ] GC(311) PSYoungGen: 128K(2446848K)->0K(2446848K) Eden: 0K(2097664K)->0K(2097664K) From: 128K(349184K)->0K(349184K)
[71.529s][info][gc,heap        ] GC(311) ParOldGen: 1137K(5592576K)->1138K(5592576K)
[71.529s][info][gc,metaspace   ] GC(311) Metaspace: 538K(1088K)->535K(1088K) NonClass: 489K(832K)->487K(832K) Class: 49K(256K)->48K(256K)
[71.529s][info][gc             ] GC(311) Pause Full (System.gc()) 1M->1M(7851M) 8.821ms
[71.529s][info][gc,cpu         ] GC(311) User=0.02s Sys=0.00s Real=0.01s
[71.986s][info][gc,start       ] GC(312) Pause Young (System.gc())
[71.987s][info][gc,heap        ] GC(312) PSYoungGen: 41953K(2446848K)->128K(2446848K) Eden: 41953K(2097664K)->0K(2097664K) From: 0K(349184K)->128K(349184K)
[71.987s][info][gc,heap        ] GC(312) ParOldGen: 1138K(5592576K)->1138K(5592576K)
[71.987s][info][gc,metaspace   ] GC(312) Metaspace: 540K(1088K)->540K(1088K) NonClass: 490K(832K)->490K(832K) Class: 49K(256K)->49K(256K)
[71.987s][info][gc             ] GC(312) Pause Young (System.gc()) 42M->1M(7851M) 0.592ms
[71.987s][info][gc,cpu         ] GC(312) User=0.00s Sys=0.01s Real=0.00s
[71.987s][info][gc,start       ] GC(313) Pause Full (System.gc())
[71.987s][info][gc,phases,start] GC(313) Marking Phase
[71.992s][info][gc,phases      ] GC(313) Marking Phase 4.883ms
[71.992s][info][gc,phases,start] GC(313) Summary Phase
[71.992s][info][gc,phases      ] GC(313) Summary Phase 0.045ms
[71.992s][info][gc,phases,start] GC(313) Adjust Roots
[71.993s][info][gc,phases      ] GC(313) Adjust Roots 0.950ms
[71.993s][info][gc,phases,start] GC(313) Compaction Phase
[71.995s][info][gc,phases      ] GC(313) Compaction Phase 1.946ms
[71.995s][info][gc,phases,start] GC(313) Post Compact
[71.996s][info][gc,phases      ] GC(313) Post Compact 0.605ms
[71.996s][info][gc,heap        ] GC(313) PSYoungGen: 128K(2446848K)->0K(2446848K) Eden: 0K(2097664K)->0K(2097664K) From: 128K(349184K)->0K(349184K)
[71.996s][info][gc,heap        ] GC(313) ParOldGen: 1138K(5592576K)->1140K(5592576K)
[71.996s][info][gc,metaspace   ] GC(313) Metaspace: 540K(1088K)->539K(1088K) NonClass: 490K(832K)->489K(832K) Class: 49K(256K)->49K(256K)
[71.996s][info][gc             ] GC(313) Pause Full (System.gc()) 1M->1M(7851M) 8.842ms
[71.996s][info][gc,cpu         ] GC(313) User=0.01s Sys=0.00s Real=0.01s
[72.453s][info][gc,start       ] GC(314) Pause Young (System.gc())
[72.453s][info][gc,heap        ] GC(314) PSYoungGen: 41953K(2446848K)->96K(2446848K) Eden: 41953K(2097664K)->0K(2097664K) From: 0K(349184K)->96K(349184K)
[72.453s][info][gc,heap        ] GC(314) ParOldGen: 1140K(5592576K)->1140K(5592576K)
[72.453s][info][gc,metaspace   ] GC(314) Metaspace: 544K(1088K)->544K(1088K) NonClass: 493K(832K)->493K(832K) Class: 51K(256K)->51K(256K)
[72.453s][info][gc             ] GC(314) Pause Young (System.gc()) 42M->1M(7851M) 0.604ms
[72.454s][info][gc,cpu         ] GC(314) User=0.00s Sys=0.00s Real=0.00s
[72.454s][info][gc,start       ] GC(315) Pause Full (System.gc())
[72.454s][info][gc,phases,start] GC(315) Marking Phase
[72.457s][info][gc,phases      ] GC(315) Marking Phase 3.793ms
[72.458s][info][gc,phases,start] GC(315) Summary Phase
[72.458s][info][gc,phases      ] GC(315) Summary Phase 0.027ms
[72.458s][info][gc,phases,start] GC(315) Adjust Roots
[72.458s][info][gc,phases      ] GC(315) Adjust Roots 0.673ms
[72.458s][info][gc,phases,start] GC(315) Compaction Phase
[72.459s][info][gc,phases      ] GC(315) Compaction Phase 1.180ms
[72.459s][info][gc,phases,start] GC(315) Post Compact
[72.460s][info][gc,phases      ] GC(315) Post Compact 0.424ms
[72.460s][info][gc,heap        ] GC(315) PSYoungGen: 96K(2446848K)->0K(2446848K) Eden: 0K(2097664K)->0K(2097664K) From: 96K(349184K)->0K(349184K)
[72.460s][info][gc,heap        ] GC(315) ParOldGen: 1140K(5592576K)->1142K(5592576K)
[72.460s][info][gc,metaspace   ] GC(315) Metaspace: 544K(1088K)->543K(1088K) NonClass: 493K(832K)->492K(832K) Class: 51K(256K)->50K(256K)
[72.460s][info][gc             ] GC(315) Pause Full (System.gc()) 1M->1M(7851M) 6.364ms
[72.460s][info][gc,cpu         ] GC(315) User=0.01s Sys=0.00s Real=0.01s
[72.916s][info][gc,start       ] GC(316) Pause Young (System.gc())
[72.916s][info][gc,heap        ] GC(316) PSYoungGen: 41953K(2446848K)->160K(2446848K) Eden: 41953K(2097664K)->0K(2097664K) From: 0K(349184K)->160K(349184K)
[72.916s][info][gc,heap        ] GC(316) ParOldGen: 1142K(5592576K)->1142K(5592576K)
[72.917s][info][gc,metaspace   ] GC(316) Metaspace: 548K(1088K)->548K(1088K) NonClass: 496K(832K)->496K(832K) Class: 52K(256K)->52K(256K)
[72.917s][info][gc             ] GC(316) Pause Young (System.gc()) 42M->1M(7851M) 0.357ms
[72.917s][info][gc,cpu         ] GC(316) User=0.00s Sys=0.00s Real=0.00s
[72.917s][info][gc,start       ] GC(317) Pause Full (System.gc())
[72.917s][info][gc,phases,start] GC(317) Marking Phase
[72.921s][info][gc,phases      ] GC(317) Marking Phase 4.705ms
[72.921s][info][gc,phases,start] GC(317) Summary Phase
[72.921s][info][gc,phases      ] GC(317) Summary Phase 0.015ms
[72.921s][info][gc,phases,start] GC(317) Adjust Roots
[72.922s][info][gc,phases      ] GC(317) Adjust Roots 0.463ms
[72.922s][info][gc,phases,start] GC(317) Compaction Phase
[72.923s][info][gc,phases      ] GC(317) Compaction Phase 1.255ms
[72.923s][info][gc,phases,start] GC(317) Post Compact
[72.924s][info][gc,phases      ] GC(317) Post Compact 0.544ms
[72.924s][info][gc,heap        ] GC(317) PSYoungGen: 160K(2446848K)->0K(2446848K) Eden: 0K(2097664K)->0K(2097664K) From: 160K(349184K)->0K(349184K)
[72.924s][info][gc,heap        ] GC(317) ParOldGen: 1142K(5592576K)->1144K(5592576K)
[72.924s][info][gc,metaspace   ] GC(317) Metaspace: 548K(1088K)->547K(1088K) NonClass: 496K(832K)->495K(832K) Class: 52K(256K)->51K(256K)
[72.924s][info][gc             ] GC(317) Pause Full (System.gc()) 1M->1M(7851M) 7.208ms
[72.924s][info][gc,cpu         ] GC(317) User=0.01s Sys=0.00s Real=0.00s
[73.381s][info][gc,start       ] GC(318) Pause Young (System.gc())
[73.381s][info][gc,heap        ] GC(318) PSYoungGen: 41953K(2446848K)->128K(2446848K) Eden: 41953K(2097664K)->0K(2097664K) From: 0K(349184K)->128K(349184K)
[73.381s][info][gc,heap        ] GC(318) ParOldGen: 1144K(5592576K)->1144K(5592576K)
[73.381s][info][gc,metaspace   ] GC(318) Metaspace: 552K(1088K)->552K(1088K) NonClass: 498K(832K)->498K(832K) Class: 53K(256K)->53K(256K)
[73.381s][info][gc             ] GC(318) Pause Young (System.gc()) 42M->1M(7851M) 0.420ms
[73.381s][info][gc,cpu         ] GC(318) User=0.00s Sys=0.00s Real=0.00s
[73.381s][info][gc,start       ] GC(319) Pause Full (System.gc())
[73.381s][info][gc,phases,start] GC(319) Marking Phase
[73.386s][info][gc,phases      ] GC(319) Marking Phase 4.567ms
[73.386s][info][gc,phases,start] GC(319) Summary Phase
[73.386s][info][gc,phases      ] GC(319) Summary Phase 0.026ms
[73.386s][info][gc,phases,start] GC(319) Adjust Roots
[73.386s][info][gc,phases      ] GC(319) Adjust Roots 0.616ms
[73.386s][info][gc,phases,start] GC(319) Compaction Phase
[73.388s][info][gc,phases      ] GC(319) Compaction Phase 1.558ms
[73.388s][info][gc,phases,start] GC(319) Post Compact
[73.389s][info][gc,phases      ] GC(319) Post Compact 0.649ms
[73.389s][info][gc,heap        ] GC(319) PSYoungGen: 128K(2446848K)->0K(2446848K) Eden: 0K(2097664K)->0K(2097664K) From: 128K(349184K)->0K(349184K)
[73.389s][info][gc,heap        ] GC(319) ParOldGen: 1144K(5592576K)->1146K(5592576K)
[73.389s][info][gc,metaspace   ] GC(319) Metaspace: 552K(1088K)->551K(1088K) NonClass: 498K(832K)->498K(832K) Class: 53K(256K)->53K(256K)
[73.389s][info][gc             ] GC(319) Pause Full (System.gc()) 1M->1M(7851M) 7.835ms
[73.389s][info][gc,cpu         ] GC(319) User=0.01s Sys=0.00s Real=0.01s
[73.844s][info][gc,start       ] GC(320) Pause Young (System.gc())
[73.844s][info][gc,heap        ] GC(320) PSYoungGen: 41953K(2446848K)->96K(2446848K) Eden: 41953K(2097664K)->0K(2097664K) From: 0K(349184K)->96K(349184K)
[73.844s][info][gc,heap        ] GC(320) ParOldGen: 1146K(5592576K)->1146K(5592576K)
[73.844s][info][gc,metaspace   ] GC(320) Metaspace: 556K(1088K)->556K(1088K) NonClass: 501K(832K)->501K(832K) Class: 54K(256K)->54K(256K)
[73.845s][info][gc             ] GC(320) Pause Young (System.gc()) 42M->1M(7851M) 0.680ms
[73.845s][info][gc,cpu         ] GC(320) User=0.00s Sys=0.00s Real=0.01s
[73.845s][info][gc,start       ] GC(321) Pause Full (System.gc())
[73.845s][info][gc,phases,start] GC(321) Marking Phase
[73.850s][info][gc,phases      ] GC(321) Marking Phase 4.926ms
[73.850s][info][gc,phases,start] GC(321) Summary Phase
[73.850s][info][gc,phases      ] GC(321) Summary Phase 0.039ms
[73.850s][info][gc,phases,start] GC(321) Adjust Roots
[73.851s][info][gc,phases      ] GC(321) Adjust Roots 0.904ms
[73.851s][info][gc,phases,start] GC(321) Compaction Phase
[73.852s][info][gc,phases      ] GC(321) Compaction Phase 1.673ms
[73.852s][info][gc,phases,start] GC(321) Post Compact
[73.853s][info][gc,phases      ] GC(321) Post Compact 0.556ms
[73.853s][info][gc,heap        ] GC(321) PSYoungGen: 96K(2446848K)->0K(2446848K) Eden: 0K(2097664K)->0K(2097664K) From: 96K(349184K)->0K(349184K)
[73.853s][info][gc,heap        ] GC(321) ParOldGen: 1146K(5592576K)->1148K(5592576K)
[73.853s][info][gc,metaspace   ] GC(321) Metaspace: 556K(1088K)->555K(1088K) NonClass: 501K(832K)->501K(832K) Class: 54K(256K)->54K(256K)
[73.853s][info][gc             ] GC(321) Pause Full (System.gc()) 1M->1M(7851M) 8.406ms
[73.853s][info][gc,cpu         ] GC(321) User=0.01s Sys=0.00s Real=0.00s
[74.310s][info][gc,start       ] GC(322) Pause Young (System.gc())
[74.311s][info][gc,heap        ] GC(322) PSYoungGen: 41953K(2446848K)->128K(2446848K) Eden: 41953K(2097664K)->0K(2097664K) From: 0K(349184K)->128K(349184K)
[74.311s][info][gc,heap        ] GC(322) ParOldGen: 1148K(5592576K)->1148K(5592576K)
[74.311s][info][gc,metaspace   ] GC(322) Metaspace: 560K(1088K)->560K(1088K) NonClass: 504K(832K)->504K(832K) Class: 56K(256K)->56K(256K)
[74.311s][info][gc             ] GC(322) Pause Young (System.gc()) 42M->1M(7851M) 0.599ms
[74.311s][info][gc,cpu         ] GC(322) User=0.00s Sys=0.00s Real=0.00s
[74.311s][info][gc,start       ] GC(323) Pause Full (System.gc())
[74.311s][info][gc,phases,start] GC(323) Marking Phase
[74.316s][info][gc,phases      ] GC(323) Marking Phase 4.728ms
[74.316s][info][gc,phases,start] GC(323) Summary Phase
[74.316s][info][gc,phases      ] GC(323) Summary Phase 0.024ms
[74.316s][info][gc,phases,start] GC(323) Adjust Roots
[74.317s][info][gc,phases      ] GC(323) Adjust Roots 0.764ms
[74.317s][info][gc,phases,start] GC(323) Compaction Phase
[74.319s][info][gc,phases      ] GC(323) Compaction Phase 2.095ms
[74.319s][info][gc,phases,start] GC(323) Post Compact
[74.319s][info][gc,phases      ] GC(323) Post Compact 0.630ms
[74.319s][info][gc,heap        ] GC(323) PSYoungGen: 128K(2446848K)->0K(2446848K) Eden: 0K(2097664K)->0K(2097664K) From: 128K(349184K)->0K(349184K)
[74.319s][info][gc,heap        ] GC(323) ParOldGen: 1148K(5592576K)->1149K(5592576K)
[74.319s][info][gc,metaspace   ] GC(323) Metaspace: 560K(1088K)->559K(1088K) NonClass: 504K(832K)->504K(832K) Class: 56K(256K)->55K(256K)
[74.319s][info][gc             ] GC(323) Pause Full (System.gc()) 1M->1M(7851M) 8.528ms
[74.319s][info][gc,cpu         ] GC(323) User=0.01s Sys=0.00s Real=0.01s
[74.773s][info][gc,start       ] GC(324) Pause Young (System.gc())
[74.774s][info][gc,heap        ] GC(324) PSYoungGen: 41953K(2446848K)->128K(2446848K) Eden: 41953K(2097664K)->0K(2097664K) From: 0K(349184K)->128K(349184K)
[74.774s][info][gc,heap        ] GC(324) ParOldGen: 1149K(5592576K)->1149K(5592576K)
[74.774s][info][gc,metaspace   ] GC(324) Metaspace: 564K(1088K)->564K(1088K) NonClass: 507K(832K)->507K(832K) Class: 57K(256K)->57K(256K)
[74.774s][info][gc             ] GC(324) Pause Young (System.gc()) 42M->1M(7851M) 0.626ms
[74.774s][info][gc,cpu         ] GC(324) User=0.00s Sys=0.00s Real=0.00s
[74.774s][info][gc,start       ] GC(325) Pause Full (System.gc())
[74.774s][info][gc,phases,start] GC(325) Marking Phase
[74.779s][info][gc,phases      ] GC(325) Marking Phase 4.856ms
[74.779s][info][gc,phases,start] GC(325) Summary Phase
[74.779s][info][gc,phases      ] GC(325) Summary Phase 0.027ms
[74.779s][info][gc,phases,start] GC(325) Adjust Roots
[74.780s][info][gc,phases      ] GC(325) Adjust Roots 0.774ms
[74.780s][info][gc,phases,start] GC(325) Compaction Phase
[74.782s][info][gc,phases      ] GC(325) Compaction Phase 2.259ms
[74.782s][info][gc,phases,start] GC(325) Post Compact
[74.783s][info][gc,phases      ] GC(325) Post Compact 0.858ms
[74.783s][info][gc,heap        ] GC(325) PSYoungGen: 128K(2446848K)->0K(2446848K) Eden: 0K(2097664K)->0K(2097664K) From: 128K(349184K)->0K(349184K)
[74.783s][info][gc,heap        ] GC(325) ParOldGen: 1149K(5592576K)->1151K(5592576K)
[74.783s][info][gc,metaspace   ] GC(325) Metaspace: 564K(1088K)->563K(1088K) NonClass: 507K(832K)->507K(832K) Class: 57K(256K)->56K(256K)
[74.783s][info][gc             ] GC(325) Pause Full (System.gc()) 1M->1M(7851M) 9.104ms
[74.783s][info][gc,cpu         ] GC(325) User=0.01s Sys=0.00s Real=0.01s
[75.237s][info][gc,start       ] GC(326) Pause Young (System.gc())
[75.237s][info][gc,heap        ] GC(326) PSYoungGen: 41953K(2446848K)->128K(2446848K) Eden: 41953K(2097664K)->0K(2097664K) From: 0K(349184K)->128K(349184K)
[75.237s][info][gc,heap        ] GC(326) ParOldGen: 1151K(5592576K)->1151K(5592576K)
[75.237s][info][gc,metaspace   ] GC(326) Metaspace: 568K(1088K)->568K(1088K) NonClass: 510K(832K)->510K(832K) Class: 58K(256K)->58K(256K)
[75.237s][info][gc             ] GC(326) Pause Young (System.gc()) 42M->1M(7851M) 0.616ms
[75.237s][info][gc,cpu         ] GC(326) User=0.00s Sys=0.00s Real=0.00s
[75.237s][info][gc,start       ] GC(327) Pause Full (System.gc())
[75.237s][info][gc,phases,start] GC(327) Marking Phase
[75.242s][info][gc,phases      ] GC(327) Marking Phase 4.902ms
[75.242s][info][gc,phases,start] GC(327) Summary Phase
[75.242s][info][gc,phases      ] GC(327) Summary Phase 0.027ms
[75.242s][info][gc,phases,start] GC(327) Adjust Roots
[75.243s][info][gc,phases      ] GC(327) Adjust Roots 0.833ms
[75.243s][info][gc,phases,start] GC(327) Compaction Phase
[75.245s][info][gc,phases      ] GC(327) Compaction Phase 2.015ms
[75.245s][info][gc,phases,start] GC(327) Post Compact
[75.246s][info][gc,phases      ] GC(327) Post Compact 0.944ms
[75.246s][info][gc,heap        ] GC(327) PSYoungGen: 128K(2446848K)->0K(2446848K) Eden: 0K(2097664K)->0K(2097664K) From: 128K(349184K)->0K(349184K)
[75.246s][info][gc,heap        ] GC(327) ParOldGen: 1151K(5592576K)->1129K(5592576K)
[75.246s][info][gc,metaspace   ] GC(327) Metaspace: 568K(1088K)->523K(1024K) NonClass: 510K(832K)->483K(768K) Class: 58K(256K)->39K(256K)
[75.246s][info][gc             ] GC(327) Pause Full (System.gc()) 1M->1M(7851M) 9.031ms
[75.246s][info][gc,cpu         ] GC(327) User=0.01s Sys=0.00s Real=0.01s
[75.700s][info][gc,start       ] GC(328) Pause Young (System.gc())
[75.701s][info][gc,heap        ] GC(328) PSYoungGen: 41953K(2446848K)->96K(2446848K) Eden: 41953K(2097664K)->0K(2097664K) From: 0K(349184K)->96K(349184K)
[75.701s][info][gc,heap        ] GC(328) ParOldGen: 1129K(5592576K)->1129K(5592576K)
[75.701s][info][gc,metaspace   ] GC(328) Metaspace: 528K(1024K)->528K(1024K) NonClass: 486K(768K)->486K(768K) Class: 41K(256K)->41K(256K)
[75.701s][info][gc             ] GC(328) Pause Young (System.gc()) 42M->1M(7851M) 0.755ms
[75.701s][info][gc,cpu         ] GC(328) User=0.00s Sys=0.00s Real=0.00s
[75.701s][info][gc,start       ] GC(329) Pause Full (System.gc())
[75.701s][info][gc,phases,start] GC(329) Marking Phase
[75.707s][info][gc,phases      ] GC(329) Marking Phase 5.263ms
[75.707s][info][gc,phases,start] GC(329) Summary Phase
[75.707s][info][gc,phases      ] GC(329) Summary Phase 0.031ms
[75.707s][info][gc,phases,start] GC(329) Adjust Roots
[75.707s][info][gc,phases      ] GC(329) Adjust Roots 0.712ms
[75.707s][info][gc,phases,start] GC(329) Compaction Phase
[75.710s][info][gc,phases      ] GC(329) Compaction Phase 2.579ms
[75.710s][info][gc,phases,start] GC(329) Post Compact
[75.711s][info][gc,phases      ] GC(329) Post Compact 0.651ms
[75.711s][info][gc,heap        ] GC(329) PSYoungGen: 96K(2446848K)->0K(2446848K) Eden: 0K(2097664K)->0K(2097664K) From: 96K(349184K)->0K(349184K)
[75.711s][info][gc,heap        ] GC(329) ParOldGen: 1129K(5592576K)->1130K(5592576K)
[75.711s][info][gc,metaspace   ] GC(329) Metaspace: 528K(1024K)->525K(1024K) NonClass: 486K(768K)->485K(768K) Class: 41K(256K)->40K(256K)
[75.711s][info][gc             ] GC(329) Pause Full (System.gc()) 1M->1M(7851M) 9.633ms
[75.711s][info][gc,cpu         ] GC(329) User=0.01s Sys=0.00s Real=0.01s
[76.165s][info][gc,start       ] GC(330) Pause Young (System.gc())
[76.165s][info][gc,heap        ] GC(330) PSYoungGen: 41953K(2446848K)->128K(2446848K) Eden: 41953K(2097664K)->0K(2097664K) From: 0K(349184K)->128K(349184K)
[76.166s][info][gc,heap        ] GC(330) ParOldGen: 1130K(5592576K)->1130K(5592576K)
[76.166s][info][gc,metaspace   ] GC(330) Metaspace: 530K(1024K)->530K(1024K) NonClass: 488K(768K)->488K(768K) Class: 41K(256K)->41K(256K)
[76.166s][info][gc             ] GC(330) Pause Young (System.gc()) 42M->1M(7851M) 0.464ms
[76.166s][info][gc,cpu         ] GC(330) User=0.00s Sys=0.00s Real=0.00s
[76.166s][info][gc,start       ] GC(331) Pause Full (System.gc())
[76.166s][info][gc,phases,start] GC(331) Marking Phase
[76.167s][info][gc,phases      ] GC(331) Marking Phase 1.426ms
[76.167s][info][gc,phases,start] GC(331) Summary Phase
[76.167s][info][gc,phases      ] GC(331) Summary Phase 0.012ms
[76.167s][info][gc,phases,start] GC(331) Adjust Roots
[76.168s][info][gc,phases      ] GC(331) Adjust Roots 0.389ms
[76.168s][info][gc,phases,start] GC(331) Compaction Phase
[76.169s][info][gc,phases      ] GC(331) Compaction Phase 1.011ms
[76.169s][info][gc,phases,start] GC(331) Post Compact
[76.169s][info][gc,phases      ] GC(331) Post Compact 0.504ms
[76.169s][info][gc,heap        ] GC(331) PSYoungGen: 128K(2446848K)->0K(2446848K) Eden: 0K(2097664K)->0K(2097664K) From: 128K(349184K)->0K(349184K)
[76.169s][info][gc,heap        ] GC(331) ParOldGen: 1130K(5592576K)->1133K(5592576K)
[76.169s][info][gc,metaspace   ] GC(331) Metaspace: 530K(1024K)->530K(1024K) NonClass: 488K(768K)->488K(768K) Class: 41K(256K)->41K(256K)
[76.169s][info][gc             ] GC(331) Pause Full (System.gc()) 1M->1M(7851M) 3.501ms
[76.169s][info][gc,cpu         ] GC(331) User=0.00s Sys=0.00s Real=0.00s
[76.627s][info][gc,start       ] GC(332) Pause Young (System.gc())
[76.627s][info][gc,heap        ] GC(332) PSYoungGen: 41953K(2446848K)->96K(2446848K) Eden: 41953K(2097664K)->0K(2097664K) From: 0K(349184K)->96K(349184K)
[76.627s][info][gc,heap        ] GC(332) ParOldGen: 1133K(5592576K)->1133K(5592576K)
[76.627s][info][gc,metaspace   ] GC(332) Metaspace: 535K(1024K)->535K(1024K) NonClass: 491K(768K)->491K(768K) Class: 43K(256K)->43K(256K)
[76.627s][info][gc             ] GC(332) Pause Young (System.gc()) 42M->1M(7851M) 0.742ms
[76.627s][info][gc,cpu         ] GC(332) User=0.00s Sys=0.00s Real=0.00s
[76.627s][info][gc,start       ] GC(333) Pause Full (System.gc())
[76.628s][info][gc,phases,start] GC(333) Marking Phase
[76.632s][info][gc,phases      ] GC(333) Marking Phase 4.502ms
[76.632s][info][gc,phases,start] GC(333) Summary Phase
[76.632s][info][gc,phases      ] GC(333) Summary Phase 0.032ms
[76.632s][info][gc,phases,start] GC(333) Adjust Roots
[76.633s][info][gc,phases      ] GC(333) Adjust Roots 0.731ms
[76.633s][info][gc,phases,start] GC(333) Compaction Phase
[76.635s][info][gc,phases      ] GC(333) Compaction Phase 2.118ms
[76.635s][info][gc,phases,start] GC(333) Post Compact
[76.636s][info][gc,phases      ] GC(333) Post Compact 0.588ms
[76.636s][info][gc,heap        ] GC(333) PSYoungGen: 96K(2446848K)->0K(2446848K) Eden: 0K(2097664K)->0K(2097664K) From: 96K(349184K)->0K(349184K)
[76.636s][info][gc,heap        ] GC(333) ParOldGen: 1133K(5592576K)->1136K(5592576K)
[76.636s][info][gc,metaspace   ] GC(333) Metaspace: 535K(1024K)->535K(1024K) NonClass: 491K(768K)->491K(768K) Class: 43K(256K)->43K(256K)
[76.636s][info][gc             ] GC(333) Pause Full (System.gc()) 1M->1M(7851M) 8.275ms
[76.636s][info][gc,cpu         ] GC(333) User=0.01s Sys=0.00s Real=0.01s
[77.088s][info][gc,start       ] GC(334) Pause Young (System.gc())
[77.089s][info][gc,heap        ] GC(334) PSYoungGen: 41953K(2446848K)->128K(2446848K) Eden: 41953K(2097664K)->0K(2097664K) From: 0K(349184K)->128K(349184K)
[77.089s][info][gc,heap        ] GC(334) ParOldGen: 1136K(5592576K)->1136K(5592576K)
[77.089s][info][gc,metaspace   ] GC(334) Metaspace: 540K(1024K)->540K(1024K) NonClass: 495K(768K)->495K(768K) Class: 45K(256K)->45K(256K)
[77.089s][info][gc             ] GC(334) Pause Young (System.gc()) 42M->1M(7851M) 0.438ms
[77.089s][info][gc,cpu         ] GC(334) User=0.00s Sys=0.00s Real=0.00s
[77.089s][info][gc,start       ] GC(335) Pause Full (System.gc())
[77.089s][info][gc,phases,start] GC(335) Marking Phase
[77.091s][info][gc,phases      ] GC(335) Marking Phase 2.017ms
[77.091s][info][gc,phases,start] GC(335) Summary Phase
[77.091s][info][gc,phases      ] GC(335) Summary Phase 0.018ms
[77.091s][info][gc,phases,start] GC(335) Adjust Roots
[77.092s][info][gc,phases      ] GC(335) Adjust Roots 0.480ms
[77.092s][info][gc,phases,start] GC(335) Compaction Phase
[77.093s][info][gc,phases      ] GC(335) Compaction Phase 1.104ms
[77.093s][info][gc,phases,start] GC(335) Post Compact
[77.093s][info][gc,phases      ] GC(335) Post Compact 0.531ms
[77.093s][info][gc,heap        ] GC(335) PSYoungGen: 128K(2446848K)->0K(2446848K) Eden: 0K(2097664K)->0K(2097664K) From: 128K(349184K)->0K(349184K)
[77.093s][info][gc,heap        ] GC(335) ParOldGen: 1136K(5592576K)->1139K(5592576K)
[77.093s][info][gc,metaspace   ] GC(335) Metaspace: 540K(1024K)->540K(1024K) NonClass: 495K(768K)->495K(768K) Class: 45K(256K)->45K(256K)
[77.093s][info][gc             ] GC(335) Pause Full (System.gc()) 1M->1M(7851M) 4.421ms
[77.093s][info][gc,cpu         ] GC(335) User=0.01s Sys=0.00s Real=0.00s
[77.550s][info][gc,start       ] GC(336) Pause Young (System.gc())
[77.551s][info][gc,heap        ] GC(336) PSYoungGen: 41953K(2446848K)->96K(2446848K) Eden: 41953K(2097664K)->0K(2097664K) From: 0K(349184K)->96K(349184K)
[77.551s][info][gc,heap        ] GC(336) ParOldGen: 1139K(5592576K)->1139K(5592576K)
[77.551s][info][gc,metaspace   ] GC(336) Metaspace: 545K(1024K)->545K(1024K) NonClass: 498K(768K)->498K(768K) Class: 46K(256K)->46K(256K)
[77.551s][info][gc             ] GC(336) Pause Young (System.gc()) 42M->1M(7851M) 1.219ms
[77.552s][info][gc,cpu         ] GC(336) User=0.00s Sys=0.00s Real=0.00s
[77.552s][info][gc,start       ] GC(337) Pause Full (System.gc())
[77.552s][info][gc,phases,start] GC(337) Marking Phase
[77.554s][info][gc,phases      ] GC(337) Marking Phase 2.732ms
[77.554s][info][gc,phases,start] GC(337) Summary Phase
[77.554s][info][gc,phases      ] GC(337) Summary Phase 0.020ms
[77.554s][info][gc,phases,start] GC(337) Adjust Roots
[77.555s][info][gc,phases      ] GC(337) Adjust Roots 0.527ms
[77.555s][info][gc,phases,start] GC(337) Compaction Phase
[77.556s][info][gc,phases      ] GC(337) Compaction Phase 1.446ms
[77.556s][info][gc,phases,start] GC(337) Post Compact
[77.557s][info][gc,phases      ] GC(337) Post Compact 0.653ms
[77.557s][info][gc,heap        ] GC(337) PSYoungGen: 96K(2446848K)->0K(2446848K) Eden: 0K(2097664K)->0K(2097664K) From: 96K(349184K)->0K(349184K)
[77.557s][info][gc,heap        ] GC(337) ParOldGen: 1139K(5592576K)->1134K(5592576K)
[77.557s][info][gc,metaspace   ] GC(337) Metaspace: 545K(1024K)->534K(1024K) NonClass: 498K(768K)->492K(768K) Class: 46K(256K)->42K(256K)
[77.557s][info][gc             ] GC(337) Pause Full (System.gc()) 1M->1M(7851M) 5.662ms
[77.557s][info][gc,cpu         ] GC(337) User=0.01s Sys=0.00s Real=0.01s
[78.011s][info][gc,start       ] GC(338) Pause Young (System.gc())
[78.011s][info][gc,heap        ] GC(338) PSYoungGen: 41953K(2446848K)->160K(2446848K) Eden: 41953K(2097664K)->0K(2097664K) From: 0K(349184K)->160K(349184K)
[78.011s][info][gc,heap        ] GC(338) ParOldGen: 1134K(5592576K)->1134K(5592576K)
[78.011s][info][gc,metaspace   ] GC(338) Metaspace: 545K(1024K)->545K(1024K) NonClass: 502K(768K)->502K(768K) Class: 43K(256K)->43K(256K)
[78.011s][info][gc             ] GC(338) Pause Young (System.gc()) 42M->1M(7851M) 0.441ms
[78.011s][info][gc,cpu         ] GC(338) User=0.00s Sys=0.00s Real=0.00s
[78.011s][info][gc,start       ] GC(339) Pause Full (System.gc())
[78.011s][info][gc,phases,start] GC(339) Marking Phase
[78.014s][info][gc,phases      ] GC(339) Marking Phase 2.691ms
[78.014s][info][gc,phases,start] GC(339) Summary Phase
[78.014s][info][gc,phases      ] GC(339) Summary Phase 0.023ms
[78.014s][info][gc,phases,start] GC(339) Adjust Roots
[78.014s][info][gc,phases      ] GC(339) Adjust Roots 0.451ms
[78.014s][info][gc,phases,start] GC(339) Compaction Phase
[78.016s][info][gc,phases      ] GC(339) Compaction Phase 1.112ms
[78.016s][info][gc,phases,start] GC(339) Post Compact
[78.016s][info][gc,phases      ] GC(339) Post Compact 0.578ms
[78.016s][info][gc,heap        ] GC(339) PSYoungGen: 160K(2446848K)->0K(2446848K) Eden: 0K(2097664K)->0K(2097664K) From: 160K(349184K)->0K(349184K)
[78.016s][info][gc,heap        ] GC(339) ParOldGen: 1134K(5592576K)->1135K(5592576K)
[78.016s][info][gc,metaspace   ] GC(339) Metaspace: 545K(1024K)->543K(1024K) NonClass: 502K(768K)->500K(768K) Class: 43K(256K)->42K(256K)
[78.016s][info][gc             ] GC(339) Pause Full (System.gc()) 1M->1M(7851M) 5.048ms
[78.016s][info][gc,cpu         ] GC(339) User=0.01s Sys=0.00s Real=0.01s
[78.472s][info][gc,start       ] GC(340) Pause Young (System.gc())
[78.472s][info][gc,heap        ] GC(340) PSYoungGen: 41953K(2446848K)->128K(2446848K) Eden: 41953K(2097664K)->0K(2097664K) From: 0K(349184K)->128K(349184K)
[78.472s][info][gc,heap        ] GC(340) ParOldGen: 1135K(5592576K)->1135K(5592576K)
[78.472s][info][gc,metaspace   ] GC(340) Metaspace: 599K(1088K)->599K(1088K) NonClass: 555K(832K)->555K(832K) Class: 44K(256K)->44K(256K)
[78.472s][info][gc             ] GC(340) Pause Young (System.gc()) 42M->1M(7851M) 0.454ms
[78.472s][info][gc,cpu         ] GC(340) User=0.00s Sys=0.00s Real=0.00s
[78.473s][info][gc,start       ] GC(341) Pause Full (System.gc())
[78.473s][info][gc,phases,start] GC(341) Marking Phase
[78.476s][info][gc,phases      ] GC(341) Marking Phase 3.291ms
[78.476s][info][gc,phases,start] GC(341) Summary Phase
[78.476s][info][gc,phases      ] GC(341) Summary Phase 0.018ms
[78.476s][info][gc,phases,start] GC(341) Adjust Roots
[78.476s][info][gc,phases      ] GC(341) Adjust Roots 0.522ms
[78.476s][info][gc,phases,start] GC(341) Compaction Phase
[78.478s][info][gc,phases      ] GC(341) Compaction Phase 1.511ms
[78.478s][info][gc,phases,start] GC(341) Post Compact
[78.479s][info][gc,phases      ] GC(341) Post Compact 0.665ms
[78.479s][info][gc,heap        ] GC(341) PSYoungGen: 128K(2446848K)->0K(2446848K) Eden: 0K(2097664K)->0K(2097664K) From: 128K(349184K)->0K(349184K)
[78.479s][info][gc,heap        ] GC(341) ParOldGen: 1135K(5592576K)->1137K(5592576K)
[78.479s][info][gc,metaspace   ] GC(341) Metaspace: 599K(1088K)->598K(1088K) NonClass: 555K(832K)->555K(832K) Class: 44K(256K)->43K(256K)
[78.479s][info][gc             ] GC(341) Pause Full (System.gc()) 1M->1M(7851M) 6.232ms
[78.479s][info][gc,cpu         ] GC(341) User=0.01s Sys=0.00s Real=0.01s
[78.936s][info][gc,start       ] GC(342) Pause Young (System.gc())
[78.936s][info][gc,heap        ] GC(342) PSYoungGen: 83906K(2446848K)->128K(2446848K) Eden: 83906K(2097664K)->0K(2097664K) From: 0K(349184K)->128K(349184K)
[78.936s][info][gc,heap        ] GC(342) ParOldGen: 1137K(5592576K)->1145K(5592576K)
[78.936s][info][gc,metaspace   ] GC(342) Metaspace: 628K(1088K)->628K(1088K) NonClass: 582K(832K)->582K(832K) Class: 45K(256K)->45K(256K)
[78.936s][info][gc             ] GC(342) Pause Young (System.gc()) 83M->1M(7851M) 0.362ms
[78.936s][info][gc,cpu         ] GC(342) User=0.00s Sys=0.00s Real=0.00s
[78.936s][info][gc,start       ] GC(343) Pause Full (System.gc())
[78.936s][info][gc,phases,start] GC(343) Marking Phase
[78.939s][info][gc,phases      ] GC(343) Marking Phase 3.154ms
[78.940s][info][gc,phases,start] GC(343) Summary Phase
[78.940s][info][gc,phases      ] GC(343) Summary Phase 0.033ms
[78.940s][info][gc,phases,start] GC(343) Adjust Roots
[78.940s][info][gc,phases      ] GC(343) Adjust Roots 0.578ms
[78.940s][info][gc,phases,start] GC(343) Compaction Phase
[78.941s][info][gc,phases      ] GC(343) Compaction Phase 1.194ms
[78.942s][info][gc,phases,start] GC(343) Post Compact
[78.942s][info][gc,phases      ] GC(343) Post Compact 0.412ms
[78.942s][info][gc,heap        ] GC(343) PSYoungGen: 128K(2446848K)->0K(2446848K) Eden: 0K(2097664K)->0K(2097664K) From: 128K(349184K)->0K(349184K)
[78.942s][info][gc,heap        ] GC(343) ParOldGen: 1145K(5592576K)->1139K(5592576K)
[78.942s][info][gc,metaspace   ] GC(343) Metaspace: 628K(1088K)->627K(1088K) NonClass: 582K(832K)->582K(832K) Class: 45K(256K)->44K(256K)
[78.942s][info][gc             ] GC(343) Pause Full (System.gc()) 1M->1M(7851M) 5.664ms
[78.942s][info][gc,cpu         ] GC(343) User=0.01s Sys=0.00s Real=0.00s
[79.399s][info][gc,start       ] GC(344) Pause Young (System.gc())
[79.400s][info][gc,heap        ] GC(344) PSYoungGen: 41953K(2446848K)->128K(2446848K) Eden: 41953K(2097664K)->0K(2097664K) From: 0K(349184K)->128K(349184K)
[79.400s][info][gc,heap        ] GC(344) ParOldGen: 1139K(5592576K)->1139K(5592576K)
[79.400s][info][gc,metaspace   ] GC(344) Metaspace: 634K(1088K)->634K(1088K) NonClass: 587K(832K)->587K(832K) Class: 46K(256K)->46K(256K)
[79.400s][info][gc             ] GC(344) Pause Young (System.gc()) 42M->1M(7851M) 0.644ms
[79.400s][info][gc,cpu         ] GC(344) User=0.00s Sys=0.00s Real=0.00s
[79.400s][info][gc,start       ] GC(345) Pause Full (System.gc())
[79.400s][info][gc,phases,start] GC(345) Marking Phase
[79.403s][info][gc,phases      ] GC(345) Marking Phase 3.077ms
[79.403s][info][gc,phases,start] GC(345) Summary Phase
[79.403s][info][gc,phases      ] GC(345) Summary Phase 0.020ms
[79.403s][info][gc,phases,start] GC(345) Adjust Roots
[79.404s][info][gc,phases      ] GC(345) Adjust Roots 0.731ms
[79.404s][info][gc,phases,start] GC(345) Compaction Phase
[79.406s][info][gc,phases      ] GC(345) Compaction Phase 1.554ms
[79.406s][info][gc,phases,start] GC(345) Post Compact
[79.406s][info][gc,phases      ] GC(345) Post Compact 0.543ms
[79.406s][info][gc,heap        ] GC(345) PSYoungGen: 128K(2446848K)->0K(2446848K) Eden: 0K(2097664K)->0K(2097664K) From: 128K(349184K)->0K(349184K)
[79.406s][info][gc,heap        ] GC(345) ParOldGen: 1139K(5592576K)->1141K(5592576K)
[79.406s][info][gc,metaspace   ] GC(345) Metaspace: 634K(1088K)->633K(1088K) NonClass: 587K(832K)->586K(832K) Class: 46K(256K)->46K(256K)
[79.406s][info][gc             ] GC(345) Pause Full (System.gc()) 1M->1M(7851M) 6.215ms
[79.406s][info][gc,cpu         ] GC(345) User=0.01s Sys=0.00s Real=0.01s
[79.859s][info][gc,start       ] GC(346) Pause Young (System.gc())
[79.859s][info][gc,heap        ] GC(346) PSYoungGen: 41953K(2446848K)->128K(2446848K) Eden: 41953K(2097664K)->0K(2097664K) From: 0K(349184K)->128K(349184K)
[79.859s][info][gc,heap        ] GC(346) ParOldGen: 1141K(5592576K)->1141K(5592576K)
[79.859s][info][gc,metaspace   ] GC(346) Metaspace: 638K(1088K)->638K(1088K) NonClass: 590K(832K)->590K(832K) Class: 47K(256K)->47K(256K)
[79.859s][info][gc             ] GC(346) Pause Young (System.gc()) 42M->1M(7851M) 0.589ms
[79.859s][info][gc,cpu         ] GC(346) User=0.00s Sys=0.00s Real=0.00s
[79.859s][info][gc,start       ] GC(347) Pause Full (System.gc())
[79.859s][info][gc,phases,start] GC(347) Marking Phase
[79.863s][info][gc,phases      ] GC(347) Marking Phase 3.699ms
[79.863s][info][gc,phases,start] GC(347) Summary Phase
[79.863s][info][gc,phases      ] GC(347) Summary Phase 0.034ms
[79.863s][info][gc,phases,start] GC(347) Adjust Roots
[79.864s][info][gc,phases      ] GC(347) Adjust Roots 0.569ms
[79.864s][info][gc,phases,start] GC(347) Compaction Phase
[79.865s][info][gc,phases      ] GC(347) Compaction Phase 1.488ms
[79.865s][info][gc,phases,start] GC(347) Post Compact
[79.866s][info][gc,phases      ] GC(347) Post Compact 0.354ms
[79.866s][info][gc,heap        ] GC(347) PSYoungGen: 128K(2446848K)->0K(2446848K) Eden: 0K(2097664K)->0K(2097664K) From: 128K(349184K)->0K(349184K)
[79.866s][info][gc,heap        ] GC(347) ParOldGen: 1141K(5592576K)->1143K(5592576K)
[79.866s][info][gc,metaspace   ] GC(347) Metaspace: 638K(1088K)->637K(1088K) NonClass: 590K(832K)->589K(832K) Class: 47K(256K)->47K(256K)
[79.866s][info][gc             ] GC(347) Pause Full (System.gc()) 1M->1M(7851M) 6.449ms
[79.866s][info][gc,cpu         ] GC(347) User=0.01s Sys=0.00s Real=0.01s
[80.319s][info][gc,start       ] GC(348) Pause Young (System.gc())
[80.319s][info][gc,heap        ] GC(348) PSYoungGen: 41953K(2446848K)->128K(2446848K) Eden: 41953K(2097664K)->0K(2097664K) From: 0K(349184K)->128K(349184K)
[80.319s][info][gc,heap        ] GC(348) ParOldGen: 1143K(5592576K)->1143K(5592576K)
[80.319s][info][gc,metaspace   ] GC(348) Metaspace: 642K(1088K)->642K(1088K) NonClass: 593K(832K)->593K(832K) Class: 49K(256K)->49K(256K)
[80.319s][info][gc             ] GC(348) Pause Young (System.gc()) 42M->1M(7851M) 0.397ms
[80.319s][info][gc,cpu         ] GC(348) User=0.00s Sys=0.00s Real=0.00s
[80.319s][info][gc,start       ] GC(349) Pause Full (System.gc())
[80.319s][info][gc,phases,start] GC(349) Marking Phase
[80.322s][info][gc,phases      ] GC(349) Marking Phase 3.281ms
[80.323s][info][gc,phases,start] GC(349) Summary Phase
[80.323s][info][gc,phases      ] GC(349) Summary Phase 0.055ms
[80.323s][info][gc,phases,start] GC(349) Adjust Roots
[80.324s][info][gc,phases      ] GC(349) Adjust Roots 0.935ms
[80.324s][info][gc,phases,start] GC(349) Compaction Phase
[80.325s][info][gc,phases      ] GC(349) Compaction Phase 1.406ms
[80.325s][info][gc,phases,start] GC(349) Post Compact
[80.326s][info][gc,phases      ] GC(349) Post Compact 0.804ms
[80.326s][info][gc,heap        ] GC(349) PSYoungGen: 128K(2446848K)->0K(2446848K) Eden: 0K(2097664K)->0K(2097664K) From: 128K(349184K)->0K(349184K)
[80.326s][info][gc,heap        ] GC(349) ParOldGen: 1143K(5592576K)->1126K(5592576K)
[80.326s][info][gc,metaspace   ] GC(349) Metaspace: 642K(1088K)->597K(1088K) NonClass: 593K(832K)->558K(832K) Class: 49K(256K)->39K(256K)
[80.326s][info][gc             ] GC(349) Pause Full (System.gc()) 1M->1M(7851M) 6.900ms
[80.326s][info][gc,cpu         ] GC(349) User=0.01s Sys=0.01s Real=0.01s
[80.783s][info][gc,start       ] GC(350) Pause Young (System.gc())
[80.783s][info][gc,heap        ] GC(350) PSYoungGen: 41953K(2446848K)->96K(2446848K) Eden: 41953K(2097664K)->0K(2097664K) From: 0K(349184K)->96K(349184K)
[80.783s][info][gc,heap        ] GC(350) ParOldGen: 1126K(5592576K)->1126K(5592576K)
[80.783s][info][gc,metaspace   ] GC(350) Metaspace: 602K(1088K)->602K(1088K) NonClass: 561K(832K)->561K(832K) Class: 40K(256K)->40K(256K)
[80.783s][info][gc             ] GC(350) Pause Young (System.gc()) 42M->1M(7851M) 0.583ms
[80.783s][info][gc,cpu         ] GC(350) User=0.00s Sys=0.00s Real=0.00s
[80.783s][info][gc,start       ] GC(351) Pause Full (System.gc())
[80.783s][info][gc,phases,start] GC(351) Marking Phase
[80.787s][info][gc,phases      ] GC(351) Marking Phase 3.585ms
[80.787s][info][gc,phases,start] GC(351) Summary Phase
[80.787s][info][gc,phases      ] GC(351) Summary Phase 0.024ms
[80.787s][info][gc,phases,start] GC(351) Adjust Roots
[80.788s][info][gc,phases      ] GC(351) Adjust Roots 0.583ms
[80.788s][info][gc,phases,start] GC(351) Compaction Phase
[80.789s][info][gc,phases      ] GC(351) Compaction Phase 1.290ms
[80.789s][info][gc,phases,start] GC(351) Post Compact
[80.790s][info][gc,phases      ] GC(351) Post Compact 0.552ms
[80.790s][info][gc,heap        ] GC(351) PSYoungGen: 96K(2446848K)->0K(2446848K) Eden: 0K(2097664K)->0K(2097664K) From: 96K(349184K)->0K(349184K)
[80.790s][info][gc,heap        ] GC(351) ParOldGen: 1126K(5592576K)->1127K(5592576K)
[80.790s][info][gc,metaspace   ] GC(351) Metaspace: 602K(1088K)->599K(1088K) NonClass: 561K(832K)->559K(832K) Class: 40K(256K)->39K(256K)
[80.790s][info][gc             ] GC(351) Pause Full (System.gc()) 1M->1M(7851M) 6.450ms
[80.790s][info][gc,cpu         ] GC(351) User=0.01s Sys=0.00s Real=0.01s
[81.246s][info][gc,start       ] GC(352) Pause Young (System.gc())
[81.246s][info][gc,heap        ] GC(352) PSYoungGen: 41953K(2446848K)->96K(2446848K) Eden: 41953K(2097664K)->0K(2097664K) From: 0K(349184K)->96K(349184K)
[81.246s][info][gc,heap        ] GC(352) ParOldGen: 1127K(5592576K)->1127K(5592576K)
[81.246s][info][gc,metaspace   ] GC(352) Metaspace: 604K(1088K)->604K(1088K) NonClass: 562K(832K)->562K(832K) Class: 41K(256K)->41K(256K)
[81.246s][info][gc             ] GC(352) Pause Young (System.gc()) 42M->1M(7851M) 0.352ms
[81.246s][info][gc,cpu         ] GC(352) User=0.00s Sys=0.00s Real=0.00s
[81.246s][info][gc,start       ] GC(353) Pause Full (System.gc())
[81.246s][info][gc,phases,start] GC(353) Marking Phase
[81.250s][info][gc,phases      ] GC(353) Marking Phase 3.362ms
[81.250s][info][gc,phases,start] GC(353) Summary Phase
[81.250s][info][gc,phases      ] GC(353) Summary Phase 0.020ms
[81.250s][info][gc,phases,start] GC(353) Adjust Roots
[81.250s][info][gc,phases      ] GC(353) Adjust Roots 0.591ms
[81.250s][info][gc,phases,start] GC(353) Compaction Phase
[81.252s][info][gc,phases      ] GC(353) Compaction Phase 1.188ms
[81.252s][info][gc,phases,start] GC(353) Post Compact
[81.252s][info][gc,phases      ] GC(353) Post Compact 0.709ms
[81.252s][info][gc,heap        ] GC(353) PSYoungGen: 96K(2446848K)->0K(2446848K) Eden: 0K(2097664K)->0K(2097664K) From: 96K(349184K)->0K(349184K)
[81.252s][info][gc,heap        ] GC(353) ParOldGen: 1127K(5592576K)->1122K(5592576K)
[81.252s][info][gc,metaspace   ] GC(353) Metaspace: 604K(1088K)->591K(896K) NonClass: 562K(832K)->555K(704K) Class: 41K(256K)->36K(192K)
[81.252s][info][gc             ] GC(353) Pause Full (System.gc()) 1M->1M(7851M) 6.098ms
[81.252s][info][gc,cpu         ] GC(353) User=0.01s Sys=0.00s Real=0.00s
[81.709s][info][gc,start       ] GC(354) Pause Young (System.gc())
[81.710s][info][gc,heap        ] GC(354) PSYoungGen: 41953K(2446848K)->128K(2446848K) Eden: 41953K(2097664K)->0K(2097664K) From: 0K(349184K)->128K(349184K)
[81.710s][info][gc,heap        ] GC(354) ParOldGen: 1122K(5592576K)->1122K(5592576K)
[81.710s][info][gc,metaspace   ] GC(354) Metaspace: 596K(896K)->596K(896K) NonClass: 558K(704K)->558K(704K) Class: 37K(192K)->37K(192K)
[81.710s][info][gc             ] GC(354) Pause Young (System.gc()) 42M->1M(7851M) 0.461ms
[81.710s][info][gc,cpu         ] GC(354) User=0.00s Sys=0.00s Real=0.00s
[81.710s][info][gc,start       ] GC(355) Pause Full (System.gc())
[81.710s][info][gc,phases,start] GC(355) Marking Phase
[81.713s][info][gc,phases      ] GC(355) Marking Phase 2.643ms
[81.713s][info][gc,phases,start] GC(355) Summary Phase
[81.713s][info][gc,phases      ] GC(355) Summary Phase 0.027ms
[81.713s][info][gc,phases,start] GC(355) Adjust Roots
[81.713s][info][gc,phases      ] GC(355) Adjust Roots 0.592ms
[81.713s][info][gc,phases,start] GC(355) Compaction Phase
[81.714s][info][gc,phases      ] GC(355) Compaction Phase 1.069ms
[81.714s][info][gc,phases,start] GC(355) Post Compact
[81.715s][info][gc,phases      ] GC(355) Post Compact 0.386ms
[81.715s][info][gc,heap        ] GC(355) PSYoungGen: 128K(2446848K)->0K(2446848K) Eden: 0K(2097664K)->0K(2097664K) From: 128K(349184K)->0K(349184K)
[81.715s][info][gc,heap        ] GC(355) ParOldGen: 1122K(5592576K)->1124K(5592576K)
[81.715s][info][gc,metaspace   ] GC(355) Metaspace: 596K(896K)->593K(896K) NonClass: 558K(704K)->556K(704K) Class: 37K(192K)->36K(192K)
[81.715s][info][gc             ] GC(355) Pause Full (System.gc()) 1M->1M(7851M) 5.010ms
[81.715s][info][gc,cpu         ] GC(355) User=0.01s Sys=0.00s Real=0.01s
[82.167s][info][gc,start       ] GC(356) Pause Young (System.gc())
[82.169s][info][gc,heap        ] GC(356) PSYoungGen: 41953K(2446848K)->96K(2446848K) Eden: 41953K(2097664K)->0K(2097664K) From: 0K(349184K)->96K(349184K)
[82.169s][info][gc,heap        ] GC(356) ParOldGen: 1124K(5592576K)->1124K(5592576K)
[82.169s][info][gc,metaspace   ] GC(356) Metaspace: 598K(896K)->598K(896K) NonClass: 560K(704K)->560K(704K) Class: 38K(192K)->38K(192K)
[82.169s][info][gc             ] GC(356) Pause Young (System.gc()) 42M->1M(7851M) 1.200ms
[82.169s][info][gc,cpu         ] GC(356) User=0.00s Sys=0.00s Real=0.00s
[82.169s][info][gc,start       ] GC(357) Pause Full (System.gc())
[82.169s][info][gc,phases,start] GC(357) Marking Phase
[82.171s][info][gc,phases      ] GC(357) Marking Phase 2.280ms
[82.171s][info][gc,phases,start] GC(357) Summary Phase
[82.171s][info][gc,phases      ] GC(357) Summary Phase 0.021ms
[82.171s][info][gc,phases,start] GC(357) Adjust Roots
[82.172s][info][gc,phases      ] GC(357) Adjust Roots 0.619ms
[82.172s][info][gc,phases,start] GC(357) Compaction Phase
[82.173s][info][gc,phases      ] GC(357) Compaction Phase 1.226ms
[82.173s][info][gc,phases,start] GC(357) Post Compact
[82.174s][info][gc,phases      ] GC(357) Post Compact 0.543ms
[82.174s][info][gc,heap        ] GC(357) PSYoungGen: 96K(2446848K)->0K(2446848K) Eden: 0K(2097664K)->0K(2097664K) From: 96K(349184K)->0K(349184K)
[82.174s][info][gc,heap        ] GC(357) ParOldGen: 1124K(5592576K)->1126K(5592576K)
[82.174s][info][gc,metaspace   ] GC(357) Metaspace: 598K(896K)->598K(896K) NonClass: 560K(704K)->560K(704K) Class: 38K(192K)->38K(192K)
[82.174s][info][gc             ] GC(357) Pause Full (System.gc()) 1M->1M(7851M) 4.969ms
[82.174s][info][gc,cpu         ] GC(357) User=0.01s Sys=0.00s Real=0.00s
[82.628s][info][gc,start       ] GC(358) Pause Young (System.gc())
[82.628s][info][gc,heap        ] GC(358) PSYoungGen: 41953K(2446848K)->96K(2446848K) Eden: 41953K(2097664K)->0K(2097664K) From: 0K(349184K)->96K(349184K)
[82.628s][info][gc,heap        ] GC(358) ParOldGen: 1126K(5592576K)->1126K(5592576K)
[82.628s][info][gc,metaspace   ] GC(358) Metaspace: 603K(896K)->603K(896K) NonClass: 563K(704K)->563K(704K) Class: 39K(192K)->39K(192K)
[82.628s][info][gc             ] GC(358) Pause Young (System.gc()) 42M->1M(7851M) 0.405ms
[82.628s][info][gc,cpu         ] GC(358) User=0.01s Sys=0.00s Real=0.00s
[82.628s][info][gc,start       ] GC(359) Pause Full (System.gc())
[82.628s][info][gc,phases,start] GC(359) Marking Phase
[82.632s][info][gc,phases      ] GC(359) Marking Phase 3.607ms
[82.632s][info][gc,phases,start] GC(359) Summary Phase
[82.632s][info][gc,phases      ] GC(359) Summary Phase 0.032ms
[82.632s][info][gc,phases,start] GC(359) Adjust Roots
[82.633s][info][gc,phases      ] GC(359) Adjust Roots 0.601ms
[82.633s][info][gc,phases,start] GC(359) Compaction Phase
[82.634s][info][gc,phases      ] GC(359) Compaction Phase 1.053ms
[82.634s][info][gc,phases,start] GC(359) Post Compact
[82.634s][info][gc,phases      ] GC(359) Post Compact 0.513ms
[82.634s][info][gc,heap        ] GC(359) PSYoungGen: 96K(2446848K)->0K(2446848K) Eden: 0K(2097664K)->0K(2097664K) From: 96K(349184K)->0K(349184K)
[82.634s][info][gc,heap        ] GC(359) ParOldGen: 1126K(5592576K)->1127K(5592576K)
[82.634s][info][gc,metaspace   ] GC(359) Metaspace: 603K(896K)->601K(896K) NonClass: 563K(704K)->562K(704K) Class: 39K(192K)->38K(192K)
[82.634s][info][gc             ] GC(359) Pause Full (System.gc()) 1M->1M(7851M) 6.131ms
[82.634s][info][gc,cpu         ] GC(359) User=0.00s Sys=0.00s Real=0.00s
[83.090s][info][gc,start       ] GC(360) Pause Young (System.gc())
[83.091s][info][gc,heap        ] GC(360) PSYoungGen: 41953K(2446848K)->96K(2446848K) Eden: 41953K(2097664K)->0K(2097664K) From: 0K(349184K)->96K(349184K)
[83.091s][info][gc,heap        ] GC(360) ParOldGen: 1127K(5592576K)->1127K(5592576K)
[83.091s][info][gc,metaspace   ] GC(360) Metaspace: 606K(896K)->606K(896K) NonClass: 565K(704K)->565K(704K) Class: 40K(192K)->40K(192K)
[83.091s][info][gc             ] GC(360) Pause Young (System.gc()) 42M->1M(7851M) 0.565ms
[83.091s][info][gc,cpu         ] GC(360) User=0.00s Sys=0.00s Real=0.00s
[83.091s][info][gc,start       ] GC(361) Pause Full (System.gc())
[83.091s][info][gc,phases,start] GC(361) Marking Phase
[83.095s][info][gc,phases      ] GC(361) Marking Phase 3.657ms
[83.095s][info][gc,phases,start] GC(361) Summary Phase
[83.095s][info][gc,phases      ] GC(361) Summary Phase 0.028ms
[83.095s][info][gc,phases,start] GC(361) Adjust Roots
[83.096s][info][gc,phases      ] GC(361) Adjust Roots 0.544ms
[83.096s][info][gc,phases,start] GC(361) Compaction Phase
[83.097s][info][gc,phases      ] GC(361) Compaction Phase 1.104ms
[83.097s][info][gc,phases,start] GC(361) Post Compact
[83.097s][info][gc,phases      ] GC(361) Post Compact 0.506ms
[83.097s][info][gc,heap        ] GC(361) PSYoungGen: 96K(2446848K)->0K(2446848K) Eden: 0K(2097664K)->0K(2097664K) From: 96K(349184K)->0K(349184K)
[83.097s][info][gc,heap        ] GC(361) ParOldGen: 1127K(5592576K)->1129K(5592576K)
[83.097s][info][gc,metaspace   ] GC(361) Metaspace: 606K(896K)->605K(896K) NonClass: 565K(704K)->565K(704K) Class: 40K(192K)->40K(192K)
[83.097s][info][gc             ] GC(361) Pause Full (System.gc()) 1M->1M(7851M) 6.164ms
[83.097s][info][gc,cpu         ] GC(361) User=0.01s Sys=0.00s Real=0.01s
[83.554s][info][gc,start       ] GC(362) Pause Young (System.gc())
[83.555s][info][gc,heap        ] GC(362) PSYoungGen: 41953K(2446848K)->128K(2446848K) Eden: 41953K(2097664K)->0K(2097664K) From: 0K(349184K)->128K(349184K)
[83.555s][info][gc,heap        ] GC(362) ParOldGen: 1129K(5592576K)->1129K(5592576K)
[83.555s][info][gc,metaspace   ] GC(362) Metaspace: 610K(896K)->610K(896K) NonClass: 568K(704K)->568K(704K) Class: 41K(192K)->41K(192K)
[83.555s][info][gc             ] GC(362) Pause Young (System.gc()) 42M->1M(7851M) 0.471ms
[83.555s][info][gc,cpu         ] GC(362) User=0.00s Sys=0.00s Real=0.00s
[83.555s][info][gc,start       ] GC(363) Pause Full (System.gc())
[83.555s][info][gc,phases,start] GC(363) Marking Phase
[83.558s][info][gc,phases      ] GC(363) Marking Phase 3.582ms
[83.559s][info][gc,phases,start] GC(363) Summary Phase
[83.559s][info][gc,phases      ] GC(363) Summary Phase 0.034ms
[83.559s][info][gc,phases,start] GC(363) Adjust Roots
[83.559s][info][gc,phases      ] GC(363) Adjust Roots 0.710ms
[83.559s][info][gc,phases,start] GC(363) Compaction Phase
[83.561s][info][gc,phases      ] GC(363) Compaction Phase 1.584ms
[83.561s][info][gc,phases,start] GC(363) Post Compact
[83.562s][info][gc,phases      ] GC(363) Post Compact 0.710ms
[83.562s][info][gc,heap        ] GC(363) PSYoungGen: 128K(2446848K)->0K(2446848K) Eden: 0K(2097664K)->0K(2097664K) From: 128K(349184K)->0K(349184K)
[83.562s][info][gc,heap        ] GC(363) ParOldGen: 1129K(5592576K)->1125K(5592576K)
[83.562s][info][gc,metaspace   ] GC(363) Metaspace: 610K(896K)->596K(896K) NonClass: 568K(704K)->557K(704K) Class: 41K(192K)->38K(192K)
[83.562s][info][gc             ] GC(363) Pause Full (System.gc()) 1M->1M(7851M) 7.006ms
[83.562s][info][gc,cpu         ] GC(363) User=0.01s Sys=0.00s Real=0.00s
[84.014s][info][gc,start       ] GC(364) Pause Young (System.gc())
[84.015s][info][gc,heap        ] GC(364) PSYoungGen: 41953K(2446848K)->128K(2446848K) Eden: 41953K(2097664K)->0K(2097664K) From: 0K(349184K)->128K(349184K)
[84.015s][info][gc,heap        ] GC(364) ParOldGen: 1125K(5592576K)->1125K(5592576K)
[84.015s][info][gc,metaspace   ] GC(364) Metaspace: 601K(896K)->601K(896K) NonClass: 560K(704K)->560K(704K) Class: 40K(192K)->40K(192K)
[84.015s][info][gc             ] GC(364) Pause Young (System.gc()) 42M->1M(7851M) 0.703ms
[84.015s][info][gc,cpu         ] GC(364) User=0.00s Sys=0.00s Real=0.01s
[84.015s][info][gc,start       ] GC(365) Pause Full (System.gc())
[84.015s][info][gc,phases,start] GC(365) Marking Phase
[84.019s][info][gc,phases      ] GC(365) Marking Phase 3.546ms
[84.019s][info][gc,phases,start] GC(365) Summary Phase
[84.019s][info][gc,phases      ] GC(365) Summary Phase 0.026ms
[84.019s][info][gc,phases,start] GC(365) Adjust Roots
[84.019s][info][gc,phases      ] GC(365) Adjust Roots 0.532ms
[84.019s][info][gc,phases,start] GC(365) Compaction Phase
[84.021s][info][gc,phases      ] GC(365) Compaction Phase 1.179ms
[84.021s][info][gc,phases,start] GC(365) Post Compact
[84.021s][info][gc,phases      ] GC(365) Post Compact 0.520ms
[84.021s][info][gc,heap        ] GC(365) PSYoungGen: 128K(2446848K)->0K(2446848K) Eden: 0K(2097664K)->0K(2097664K) From: 128K(349184K)->0K(349184K)
[84.021s][info][gc,heap        ] GC(365) ParOldGen: 1125K(5592576K)->1126K(5592576K)
[84.021s][info][gc,metaspace   ] GC(365) Metaspace: 601K(896K)->597K(896K) NonClass: 560K(704K)->558K(704K) Class: 40K(192K)->39K(192K)
[84.021s][info][gc             ] GC(365) Pause Full (System.gc()) 1M->1M(7851M) 6.135ms
[84.021s][info][gc,cpu         ] GC(365) User=0.01s Sys=0.00s Real=0.00s
[84.477s][info][gc,start       ] GC(366) Pause Young (System.gc())
[84.478s][info][gc,heap        ] GC(366) PSYoungGen: 41953K(2446848K)->128K(2446848K) Eden: 41953K(2097664K)->0K(2097664K) From: 0K(349184K)->128K(349184K)
[84.478s][info][gc,heap        ] GC(366) ParOldGen: 1126K(5592576K)->1126K(5592576K)
[84.478s][info][gc,metaspace   ] GC(366) Metaspace: 602K(896K)->602K(896K) NonClass: 561K(704K)->561K(704K) Class: 40K(192K)->40K(192K)
[84.478s][info][gc             ] GC(366) Pause Young (System.gc()) 42M->1M(7851M) 0.407ms
[84.478s][info][gc,cpu         ] GC(366) User=0.00s Sys=0.00s Real=0.00s
[84.478s][info][gc,start       ] GC(367) Pause Full (System.gc())
[84.478s][info][gc,phases,start] GC(367) Marking Phase
[84.481s][info][gc,phases      ] GC(367) Marking Phase 3.205ms
[84.481s][info][gc,phases,start] GC(367) Summary Phase
[84.481s][info][gc,phases      ] GC(367) Summary Phase 0.031ms
[84.481s][info][gc,phases,start] GC(367) Adjust Roots
[84.482s][info][gc,phases      ] GC(367) Adjust Roots 0.494ms
[84.482s][info][gc,phases,start] GC(367) Compaction Phase
[84.483s][info][gc,phases      ] GC(367) Compaction Phase 1.100ms
[84.483s][info][gc,phases,start] GC(367) Post Compact
[84.483s][info][gc,phases      ] GC(367) Post Compact 0.515ms
[84.483s][info][gc,heap        ] GC(367) PSYoungGen: 128K(2446848K)->0K(2446848K) Eden: 0K(2097664K)->0K(2097664K) From: 128K(349184K)->0K(349184K)
[84.483s][info][gc,heap        ] GC(367) ParOldGen: 1126K(5592576K)->1128K(5592576K)
[84.483s][info][gc,metaspace   ] GC(367) Metaspace: 602K(896K)->601K(896K) NonClass: 561K(704K)->561K(704K) Class: 40K(192K)->40K(192K)
[84.483s][info][gc             ] GC(367) Pause Full (System.gc()) 1M->1M(7851M) 5.654ms
[84.484s][info][gc,cpu         ] GC(367) User=0.01s Sys=0.00s Real=0.00s
[84.940s][info][gc,start       ] GC(368) Pause Young (System.gc())
[84.940s][info][gc,heap        ] GC(368) PSYoungGen: 41953K(2446848K)->128K(2446848K) Eden: 41953K(2097664K)->0K(2097664K) From: 0K(349184K)->128K(349184K)
[84.940s][info][gc,heap        ] GC(368) ParOldGen: 1128K(5592576K)->1128K(5592576K)
[84.940s][info][gc,metaspace   ] GC(368) Metaspace: 606K(896K)->606K(896K) NonClass: 564K(704K)->564K(704K) Class: 42K(192K)->42K(192K)
[84.940s][info][gc             ] GC(368) Pause Young (System.gc()) 42M->1M(7851M) 0.345ms
[84.940s][info][gc,cpu         ] GC(368) User=0.00s Sys=0.00s Real=0.00s
[84.940s][info][gc,start       ] GC(369) Pause Full (System.gc())
[84.940s][info][gc,phases,start] GC(369) Marking Phase
[84.944s][info][gc,phases      ] GC(369) Marking Phase 3.055ms
[84.944s][info][gc,phases,start] GC(369) Summary Phase
[84.944s][info][gc,phases      ] GC(369) Summary Phase 0.022ms
[84.944s][info][gc,phases,start] GC(369) Adjust Roots
[84.944s][info][gc,phases      ] GC(369) Adjust Roots 0.520ms
[84.944s][info][gc,phases,start] GC(369) Compaction Phase
[84.945s][info][gc,phases      ] GC(369) Compaction Phase 1.174ms
[84.945s][info][gc,phases,start] GC(369) Post Compact
[84.946s][info][gc,phases      ] GC(369) Post Compact 0.521ms
[84.946s][info][gc,heap        ] GC(369) PSYoungGen: 128K(2446848K)->0K(2446848K) Eden: 0K(2097664K)->0K(2097664K) From: 128K(349184K)->0K(349184K)
[84.946s][info][gc,heap        ] GC(369) ParOldGen: 1128K(5592576K)->1130K(5592576K)
[84.946s][info][gc,metaspace   ] GC(369) Metaspace: 606K(896K)->605K(896K) NonClass: 564K(704K)->564K(704K) Class: 42K(192K)->41K(192K)
[84.946s][info][gc             ] GC(369) Pause Full (System.gc()) 1M->1M(7851M) 5.543ms
[84.946s][info][gc,cpu         ] GC(369) User=0.01s Sys=0.00s Real=0.01s
[85.402s][info][gc,start       ] GC(370) Pause Young (System.gc())
[85.403s][info][gc,heap        ] GC(370) PSYoungGen: 41953K(2446848K)->160K(2446848K) Eden: 41953K(2097664K)->0K(2097664K) From: 0K(349184K)->160K(349184K)
[85.403s][info][gc,heap        ] GC(370) ParOldGen: 1130K(5592576K)->1130K(5592576K)
[85.403s][info][gc,metaspace   ] GC(370) Metaspace: 610K(896K)->610K(896K) NonClass: 567K(704K)->567K(704K) Class: 43K(192K)->43K(192K)
[85.403s][info][gc             ] GC(370) Pause Young (System.gc()) 42M->1M(7851M) 0.396ms
[85.403s][info][gc,cpu         ] GC(370) User=0.00s Sys=0.00s Real=0.00s
[85.403s][info][gc,start       ] GC(371) Pause Full (System.gc())
[85.403s][info][gc,phases,start] GC(371) Marking Phase
[85.406s][info][gc,phases      ] GC(371) Marking Phase 2.841ms
[85.406s][info][gc,phases,start] GC(371) Summary Phase
[85.406s][info][gc,phases      ] GC(371) Summary Phase 0.015ms
[85.406s][info][gc,phases,start] GC(371) Adjust Roots
[85.406s][info][gc,phases      ] GC(371) Adjust Roots 0.525ms
[85.406s][info][gc,phases,start] GC(371) Compaction Phase
[85.407s][info][gc,phases      ] GC(371) Compaction Phase 1.122ms
[85.407s][info][gc,phases,start] GC(371) Post Compact
[85.408s][info][gc,phases      ] GC(371) Post Compact 0.498ms
[85.408s][info][gc,heap        ] GC(371) PSYoungGen: 160K(2446848K)->0K(2446848K) Eden: 0K(2097664K)->0K(2097664K) From: 160K(349184K)->0K(349184K)
[85.408s][info][gc,heap        ] GC(371) ParOldGen: 1130K(5592576K)->1132K(5592576K)
[85.408s][info][gc,metaspace   ] GC(371) Metaspace: 610K(896K)->610K(896K) NonClass: 567K(704K)->567K(704K) Class: 43K(192K)->42K(192K)
[85.408s][info][gc             ] GC(371) Pause Full (System.gc()) 1M->1M(7851M) 5.181ms
[85.408s][info][gc,cpu         ] GC(371) User=0.01s Sys=0.00s Real=0.01s
[85.865s][info][gc,start       ] GC(372) Pause Young (System.gc())
[85.865s][info][gc,heap        ] GC(372) PSYoungGen: 41953K(2446848K)->128K(2446848K) Eden: 41953K(2097664K)->0K(2097664K) From: 0K(349184K)->128K(349184K)
[85.865s][info][gc,heap        ] GC(372) ParOldGen: 1132K(5592576K)->1132K(5592576K)
[85.865s][info][gc,metaspace   ] GC(372) Metaspace: 615K(896K)->615K(896K) NonClass: 570K(704K)->570K(704K) Class: 44K(192K)->44K(192K)
[85.865s][info][gc             ] GC(372) Pause Young (System.gc()) 42M->1M(7851M) 0.473ms
[85.865s][info][gc,cpu         ] GC(372) User=0.00s Sys=0.00s Real=0.00s
[85.865s][info][gc,start       ] GC(373) Pause Full (System.gc())
[85.865s][info][gc,phases,start] GC(373) Marking Phase
[85.868s][info][gc,phases      ] GC(373) Marking Phase 2.997ms
[85.868s][info][gc,phases,start] GC(373) Summary Phase
[85.868s][info][gc,phases      ] GC(373) Summary Phase 0.019ms
[85.868s][info][gc,phases,start] GC(373) Adjust Roots
[85.869s][info][gc,phases      ] GC(373) Adjust Roots 0.517ms
[85.869s][info][gc,phases,start] GC(373) Compaction Phase
[85.870s][info][gc,phases      ] GC(373) Compaction Phase 1.082ms
[85.870s][info][gc,phases,start] GC(373) Post Compact
[85.871s][info][gc,phases      ] GC(373) Post Compact 0.493ms
[85.871s][info][gc,heap        ] GC(373) PSYoungGen: 128K(2446848K)->0K(2446848K) Eden: 0K(2097664K)->0K(2097664K) From: 128K(349184K)->0K(349184K)
[85.871s][info][gc,heap        ] GC(373) ParOldGen: 1132K(5592576K)->1134K(5592576K)
[85.871s][info][gc,metaspace   ] GC(373) Metaspace: 615K(896K)->614K(896K) NonClass: 570K(704K)->569K(704K) Class: 44K(192K)->44K(192K)
[85.871s][info][gc             ] GC(373) Pause Full (System.gc()) 1M->1M(7851M) 5.325ms
[85.871s][info][gc,cpu         ] GC(373) User=0.01s Sys=0.00s Real=0.00s
[86.327s][info][gc,start       ] GC(374) Pause Young (System.gc())
[86.327s][info][gc,heap        ] GC(374) PSYoungGen: 41953K(2446848K)->192K(2446848K) Eden: 41953K(2097664K)->0K(2097664K) From: 0K(349184K)->192K(349184K)
[86.327s][info][gc,heap        ] GC(374) ParOldGen: 1134K(5592576K)->1134K(5592576K)
[86.327s][info][gc,metaspace   ] GC(374) Metaspace: 619K(896K)->619K(896K) NonClass: 573K(704K)->573K(704K) Class: 45K(192K)->45K(192K)
[86.327s][info][gc             ] GC(374) Pause Young (System.gc()) 42M->1M(7851M) 0.415ms
[86.327s][info][gc,cpu         ] GC(374) User=0.00s Sys=0.00s Real=0.00s
[86.327s][info][gc,start       ] GC(375) Pause Full (System.gc())
[86.327s][info][gc,phases,start] GC(375) Marking Phase
[86.330s][info][gc,phases      ] GC(375) Marking Phase 3.003ms
[86.330s][info][gc,phases,start] GC(375) Summary Phase
[86.330s][info][gc,phases      ] GC(375) Summary Phase 0.019ms
[86.330s][info][gc,phases,start] GC(375) Adjust Roots
[86.331s][info][gc,phases      ] GC(375) Adjust Roots 0.514ms
[86.331s][info][gc,phases,start] GC(375) Compaction Phase
[86.332s][info][gc,phases      ] GC(375) Compaction Phase 1.026ms
[86.332s][info][gc,phases,start] GC(375) Post Compact
[86.332s][info][gc,phases      ] GC(375) Post Compact 0.537ms
[86.332s][info][gc,heap        ] GC(375) PSYoungGen: 192K(2446848K)->0K(2446848K) Eden: 0K(2097664K)->0K(2097664K) From: 192K(349184K)->0K(349184K)
[86.332s][info][gc,heap        ] GC(375) ParOldGen: 1134K(5592576K)->1136K(5592576K)
[86.332s][info][gc,metaspace   ] GC(375) Metaspace: 619K(896K)->618K(896K) NonClass: 573K(704K)->572K(704K) Class: 45K(192K)->45K(192K)
[86.332s][info][gc             ] GC(375) Pause Full (System.gc()) 1M->1M(7851M) 5.320ms
[86.333s][info][gc,cpu         ] GC(375) User=0.01s Sys=0.00s Real=0.00s
[86.785s][info][gc,start       ] GC(376) Pause Young (System.gc())
[86.786s][info][gc,heap        ] GC(376) PSYoungGen: 41953K(2446848K)->96K(2446848K) Eden: 41953K(2097664K)->0K(2097664K) From: 0K(349184K)->96K(349184K)
[86.786s][info][gc,heap        ] GC(376) ParOldGen: 1136K(5592576K)->1136K(5592576K)
[86.786s][info][gc,metaspace   ] GC(376) Metaspace: 623K(896K)->623K(896K) NonClass: 576K(704K)->576K(704K) Class: 47K(192K)->47K(192K)
[86.786s][info][gc             ] GC(376) Pause Young (System.gc()) 42M->1M(7851M) 0.518ms
[86.786s][info][gc,cpu         ] GC(376) User=0.00s Sys=0.00s Real=0.00s
[86.786s][info][gc,start       ] GC(377) Pause Full (System.gc())
[86.786s][info][gc,phases,start] GC(377) Marking Phase
[86.790s][info][gc,phases      ] GC(377) Marking Phase 3.852ms
[86.790s][info][gc,phases,start] GC(377) Summary Phase
[86.790s][info][gc,phases      ] GC(377) Summary Phase 0.016ms
[86.790s][info][gc,phases,start] GC(377) Adjust Roots
[86.790s][info][gc,phases      ] GC(377) Adjust Roots 0.554ms
[86.790s][info][gc,phases,start] GC(377) Compaction Phase
[86.792s][info][gc,phases      ] GC(377) Compaction Phase 1.147ms
[86.792s][info][gc,phases,start] GC(377) Post Compact
[86.792s][info][gc,phases      ] GC(377) Post Compact 0.518ms
[86.792s][info][gc,heap        ] GC(377) PSYoungGen: 96K(2446848K)->0K(2446848K) Eden: 0K(2097664K)->0K(2097664K) From: 96K(349184K)->0K(349184K)
[86.792s][info][gc,heap        ] GC(377) ParOldGen: 1136K(5592576K)->1127K(5592576K)
[86.792s][info][gc,metaspace   ] GC(377) Metaspace: 623K(896K)->602K(896K) NonClass: 576K(704K)->564K(704K) Class: 47K(192K)->38K(192K)
[86.792s][info][gc             ] GC(377) Pause Full (System.gc()) 1M->1M(7851M) 6.285ms
[86.792s][info][gc,cpu         ] GC(377) User=0.02s Sys=0.00s Real=0.00s
[87.246s][info][gc,start       ] GC(378) Pause Young (System.gc())
[87.246s][info][gc,heap        ] GC(378) PSYoungGen: 41953K(2446848K)->160K(2446848K) Eden: 41953K(2097664K)->0K(2097664K) From: 0K(349184K)->160K(349184K)
[87.246s][info][gc,heap        ] GC(378) ParOldGen: 1127K(5592576K)->1127K(5592576K)
[87.246s][info][gc,metaspace   ] GC(378) Metaspace: 607K(896K)->607K(896K) NonClass: 567K(704K)->567K(704K) Class: 40K(192K)->40K(192K)
[87.246s][info][gc             ] GC(378) Pause Young (System.gc()) 42M->1M(7851M) 0.382ms
[87.246s][info][gc,cpu         ] GC(378) User=0.00s Sys=0.00s Real=0.00s
[87.246s][info][gc,start       ] GC(379) Pause Full (System.gc())
[87.246s][info][gc,phases,start] GC(379) Marking Phase
[87.251s][info][gc,phases      ] GC(379) Marking Phase 4.576ms
[87.251s][info][gc,phases,start] GC(379) Summary Phase
[87.251s][info][gc,phases      ] GC(379) Summary Phase 0.013ms
[87.251s][info][gc,phases,start] GC(379) Adjust Roots
[87.251s][info][gc,phases      ] GC(379) Adjust Roots 0.494ms
[87.251s][info][gc,phases,start] GC(379) Compaction Phase
[87.252s][info][gc,phases      ] GC(379) Compaction Phase 1.133ms
[87.252s][info][gc,phases,start] GC(379) Post Compact
[87.253s][info][gc,phases      ] GC(379) Post Compact 0.539ms
[87.253s][info][gc,heap        ] GC(379) PSYoungGen: 160K(2446848K)->0K(2446848K) Eden: 0K(2097664K)->0K(2097664K) From: 160K(349184K)->0K(349184K)
[87.253s][info][gc,heap        ] GC(379) ParOldGen: 1127K(5592576K)->1121K(5592576K)
[87.253s][info][gc,metaspace   ] GC(379) Metaspace: 607K(896K)->588K(896K) NonClass: 567K(704K)->553K(704K) Class: 40K(192K)->35K(192K)
[87.253s][info][gc             ] GC(379) Pause Full (System.gc()) 1M->1M(7851M) 6.928ms
[87.253s][info][gc,cpu         ] GC(379) User=0.03s Sys=0.01s Real=0.00s
[87.705s][info][gc,start       ] GC(380) Pause Young (System.gc())
[87.705s][info][gc,heap        ] GC(380) PSYoungGen: 41953K(2446848K)->160K(2446848K) Eden: 41953K(2097664K)->0K(2097664K) From: 0K(349184K)->160K(349184K)
[87.705s][info][gc,heap        ] GC(380) ParOldGen: 1121K(5592576K)->1121K(5592576K)
[87.705s][info][gc,metaspace   ] GC(380) Metaspace: 593K(896K)->593K(896K) NonClass: 556K(704K)->556K(704K) Class: 37K(192K)->37K(192K)
[87.705s][info][gc             ] GC(380) Pause Young (System.gc()) 42M->1M(7851M) 0.342ms
[87.705s][info][gc,cpu         ] GC(380) User=0.00s Sys=0.00s Real=0.00s
[87.705s][info][gc,start       ] GC(381) Pause Full (System.gc())
[87.705s][info][gc,phases,start] GC(381) Marking Phase
[87.710s][info][gc,phases      ] GC(381) Marking Phase 4.679ms
[87.710s][info][gc,phases,start] GC(381) Summary Phase
[87.710s][info][gc,phases      ] GC(381) Summary Phase 0.014ms
[87.710s][info][gc,phases,start] GC(381) Adjust Roots
[87.711s][info][gc,phases      ] GC(381) Adjust Roots 0.624ms
[87.711s][info][gc,phases,start] GC(381) Compaction Phase
[87.712s][info][gc,phases      ] GC(381) Compaction Phase 1.173ms
[87.712s][info][gc,phases,start] GC(381) Post Compact
[87.712s][info][gc,phases      ] GC(381) Post Compact 0.514ms
[87.712s][info][gc,heap        ] GC(381) PSYoungGen: 160K(2446848K)->0K(2446848K) Eden: 0K(2097664K)->0K(2097664K) From: 160K(349184K)->0K(349184K)
[87.712s][info][gc,heap        ] GC(381) ParOldGen: 1121K(5592576K)->1123K(5592576K)
[87.712s][info][gc,metaspace   ] GC(381) Metaspace: 593K(896K)->590K(896K) NonClass: 556K(704K)->554K(704K) Class: 37K(192K)->36K(192K)
[87.712s][info][gc             ] GC(381) Pause Full (System.gc()) 1M->1M(7851M) 7.197ms
[87.712s][info][gc,cpu         ] GC(381) User=0.03s Sys=0.01s Real=0.00s
[88.168s][info][gc,start       ] GC(382) Pause Young (System.gc())
[88.169s][info][gc,heap        ] GC(382) PSYoungGen: 41953K(2446848K)->128K(2446848K) Eden: 41953K(2097664K)->0K(2097664K) From: 0K(349184K)->128K(349184K)
[88.169s][info][gc,heap        ] GC(382) ParOldGen: 1123K(5592576K)->1123K(5592576K)
[88.169s][info][gc,metaspace   ] GC(382) Metaspace: 595K(896K)->595K(896K) NonClass: 557K(704K)->557K(704K) Class: 37K(192K)->37K(192K)
[88.169s][info][gc             ] GC(382) Pause Young (System.gc()) 42M->1M(7851M) 0.327ms
[88.169s][info][gc,cpu         ] GC(382) User=0.00s Sys=0.00s Real=0.00s
[88.169s][info][gc,start       ] GC(383) Pause Full (System.gc())
[88.169s][info][gc,phases,start] GC(383) Marking Phase
[88.172s][info][gc,phases      ] GC(383) Marking Phase 3.361ms
[88.172s][info][gc,phases,start] GC(383) Summary Phase
[88.172s][info][gc,phases      ] GC(383) Summary Phase 0.010ms
[88.172s][info][gc,phases,start] GC(383) Adjust Roots
[88.172s][info][gc,phases      ] GC(383) Adjust Roots 0.509ms
[88.173s][info][gc,phases,start] GC(383) Compaction Phase
[88.174s][info][gc,phases      ] GC(383) Compaction Phase 1.060ms
[88.174s][info][gc,phases,start] GC(383) Post Compact
[88.174s][info][gc,phases      ] GC(383) Post Compact 0.462ms
[88.174s][info][gc,heap        ] GC(383) PSYoungGen: 128K(2446848K)->0K(2446848K) Eden: 0K(2097664K)->0K(2097664K) From: 128K(349184K)->0K(349184K)
[88.174s][info][gc,heap        ] GC(383) ParOldGen: 1123K(5592576K)->1125K(5592576K)
[88.174s][info][gc,metaspace   ] GC(383) Metaspace: 595K(896K)->595K(896K) NonClass: 557K(704K)->557K(704K) Class: 37K(192K)->37K(192K)
[88.174s][info][gc             ] GC(383) Pause Full (System.gc()) 1M->1M(7851M) 5.523ms
[88.174s][info][gc,cpu         ] GC(383) User=0.03s Sys=0.00s Real=0.00s
[88.630s][info][gc,start       ] GC(384) Pause Young (System.gc())
[88.640s][info][gc,heap        ] GC(384) PSYoungGen: 41953K(2446848K)->64K(2446848K) Eden: 41953K(2097664K)->0K(2097664K) From: 0K(349184K)->64K(349184K)
[88.640s][info][gc,heap        ] GC(384) ParOldGen: 1125K(5592576K)->1125K(5592576K)
[88.640s][info][gc,metaspace   ] GC(384) Metaspace: 602K(896K)->602K(896K) NonClass: 563K(704K)->563K(704K) Class: 39K(192K)->39K(192K)
[88.640s][info][gc             ] GC(384) Pause Young (System.gc()) 42M->1M(7851M) 9.920ms
[88.640s][info][gc,cpu         ] GC(384) User=0.01s Sys=0.00s Real=0.01s
[88.640s][info][gc,start       ] GC(385) Pause Full (System.gc())
[88.640s][info][gc,phases,start] GC(385) Marking Phase
[88.643s][info][gc,phases      ] GC(385) Marking Phase 2.618ms
[88.643s][info][gc,phases,start] GC(385) Summary Phase
[88.643s][info][gc,phases      ] GC(385) Summary Phase 0.008ms
[88.643s][info][gc,phases,start] GC(385) Adjust Roots
[88.643s][info][gc,phases      ] GC(385) Adjust Roots 0.398ms
[88.643s][info][gc,phases,start] GC(385) Compaction Phase
[88.644s][info][gc,phases      ] GC(385) Compaction Phase 0.876ms
[88.644s][info][gc,phases,start] GC(385) Post Compact
[88.644s][info][gc,phases      ] GC(385) Post Compact 0.452ms
[88.644s][info][gc,heap        ] GC(385) PSYoungGen: 64K(2446848K)->0K(2446848K) Eden: 0K(2097664K)->0K(2097664K) From: 64K(349184K)->0K(349184K)
[88.644s][info][gc,heap        ] GC(385) ParOldGen: 1125K(5592576K)->1128K(5592576K)
[88.644s][info][gc,metaspace   ] GC(385) Metaspace: 602K(896K)->602K(896K) NonClass: 563K(704K)->563K(704K) Class: 39K(192K)->39K(192K)
[88.644s][info][gc             ] GC(385) Pause Full (System.gc()) 1M->1M(7851M) 4.440ms
[88.644s][info][gc,cpu         ] GC(385) User=0.01s Sys=0.00s Real=0.01s
[89.102s][info][gc,start       ] GC(386) Pause Young (System.gc())
[89.117s][info][gc,heap        ] GC(386) PSYoungGen: 41953K(2446848K)->96K(2446848K) Eden: 41953K(2097664K)->0K(2097664K) From: 0K(349184K)->96K(349184K)
[89.117s][info][gc,heap        ] GC(386) ParOldGen: 1128K(5592576K)->1128K(5592576K)
[89.117s][info][gc,metaspace   ] GC(386) Metaspace: 607K(896K)->607K(896K) NonClass: 566K(704K)->566K(704K) Class: 41K(192K)->41K(192K)
[89.117s][info][gc             ] GC(386) Pause Young (System.gc()) 42M->1M(7851M) 14.908ms
[89.117s][info][gc,cpu         ] GC(386) User=0.00s Sys=0.00s Real=0.02s
[89.117s][info][gc,start       ] GC(387) Pause Full (System.gc())
[89.117s][info][gc,phases,start] GC(387) Marking Phase
[89.120s][info][gc,phases      ] GC(387) Marking Phase 2.961ms
[89.120s][info][gc,phases,start] GC(387) Summary Phase
[89.120s][info][gc,phases      ] GC(387) Summary Phase 0.013ms
[89.120s][info][gc,phases,start] GC(387) Adjust Roots
[89.121s][info][gc,phases      ] GC(387) Adjust Roots 0.783ms
[89.121s][info][gc,phases,start] GC(387) Compaction Phase
[89.122s][info][gc,phases      ] GC(387) Compaction Phase 1.177ms
[89.122s][info][gc,phases,start] GC(387) Post Compact
[89.123s][info][gc,phases      ] GC(387) Post Compact 0.501ms
[89.123s][info][gc,heap        ] GC(387) PSYoungGen: 96K(2446848K)->0K(2446848K) Eden: 0K(2097664K)->0K(2097664K) From: 96K(349184K)->0K(349184K)
[89.123s][info][gc,heap        ] GC(387) ParOldGen: 1128K(5592576K)->1128K(5592576K)
[89.123s][info][gc,metaspace   ] GC(387) Metaspace: 607K(896K)->605K(896K) NonClass: 566K(704K)->565K(704K) Class: 41K(192K)->39K(192K)
[89.123s][info][gc             ] GC(387) Pause Full (System.gc()) 1M->1M(7851M) 5.703ms
[89.123s][info][gc,cpu         ] GC(387) User=0.01s Sys=0.00s Real=0.00s
[89.577s][info][gc,start       ] GC(388) Pause Young (System.gc())
[89.577s][info][gc,heap        ] GC(388) PSYoungGen: 41953K(2446848K)->224K(2446848K) Eden: 41953K(2097664K)->0K(2097664K) From: 0K(349184K)->224K(349184K)
[89.578s][info][gc,heap        ] GC(388) ParOldGen: 1128K(5592576K)->1128K(5592576K)
[89.578s][info][gc,metaspace   ] GC(388) Metaspace: 610K(896K)->610K(896K) NonClass: 568K(704K)->568K(704K) Class: 41K(192K)->41K(192K)
[89.578s][info][gc             ] GC(388) Pause Young (System.gc()) 42M->1M(7851M) 0.857ms
[89.578s][info][gc,cpu         ] GC(388) User=0.00s Sys=0.01s Real=0.00s
[89.578s][info][gc,start       ] GC(389) Pause Full (System.gc())
[89.578s][info][gc,phases,start] GC(389) Marking Phase
[89.583s][info][gc,phases      ] GC(389) Marking Phase 5.006ms
[89.583s][info][gc,phases,start] GC(389) Summary Phase
[89.583s][info][gc,phases      ] GC(389) Summary Phase 0.014ms
[89.583s][info][gc,phases,start] GC(389) Adjust Roots
[89.583s][info][gc,phases      ] GC(389) Adjust Roots 0.496ms
[89.583s][info][gc,phases,start] GC(389) Compaction Phase
[89.587s][info][gc,phases      ] GC(389) Compaction Phase 4.037ms
[89.587s][info][gc,phases,start] GC(389) Post Compact
[89.588s][info][gc,phases      ] GC(389) Post Compact 0.262ms
[89.588s][info][gc,heap        ] GC(389) PSYoungGen: 224K(2446848K)->0K(2446848K) Eden: 0K(2097664K)->0K(2097664K) From: 224K(349184K)->0K(349184K)
[89.588s][info][gc,heap        ] GC(389) ParOldGen: 1128K(5592576K)->1130K(5592576K)
[89.588s][info][gc,metaspace   ] GC(389) Metaspace: 610K(896K)->609K(896K) NonClass: 568K(704K)->567K(704K) Class: 41K(192K)->41K(192K)
[89.588s][info][gc             ] GC(389) Pause Full (System.gc()) 1M->1M(7851M) 9.955ms
[89.588s][info][gc,cpu         ] GC(389) User=0.03s Sys=0.00s Real=0.01s
[90.040s][info][gc,start       ] GC(390) Pause Young (System.gc())
[90.042s][info][gc,heap        ] GC(390) PSYoungGen: 41953K(2446848K)->96K(2446848K) Eden: 41953K(2097664K)->0K(2097664K) From: 0K(349184K)->96K(349184K)
[90.042s][info][gc,heap        ] GC(390) ParOldGen: 1130K(5592576K)->1130K(5592576K)
[90.042s][info][gc,metaspace   ] GC(390) Metaspace: 614K(896K)->614K(896K) NonClass: 571K(704K)->571K(704K) Class: 42K(192K)->42K(192K)
[90.042s][info][gc             ] GC(390) Pause Young (System.gc()) 42M->1M(7851M) 1.953ms
[90.042s][info][gc,cpu         ] GC(390) User=0.00s Sys=0.00s Real=0.00s
[90.042s][info][gc,start       ] GC(391) Pause Full (System.gc())
[90.042s][info][gc,phases,start] GC(391) Marking Phase
[90.047s][info][gc,phases      ] GC(391) Marking Phase 4.859ms
[90.047s][info][gc,phases,start] GC(391) Summary Phase
[90.047s][info][gc,phases      ] GC(391) Summary Phase 0.016ms
[90.047s][info][gc,phases,start] GC(391) Adjust Roots
[90.050s][info][gc,phases      ] GC(391) Adjust Roots 3.164ms
[90.050s][info][gc,phases,start] GC(391) Compaction Phase
[90.056s][info][gc,phases      ] GC(391) Compaction Phase 5.786ms
[90.056s][info][gc,phases,start] GC(391) Post Compact
[90.057s][info][gc,phases      ] GC(391) Post Compact 0.558ms
[90.057s][info][gc,heap        ] GC(391) PSYoungGen: 96K(2446848K)->0K(2446848K) Eden: 0K(2097664K)->0K(2097664K) From: 96K(349184K)->0K(349184K)
[90.057s][info][gc,heap        ] GC(391) ParOldGen: 1130K(5592576K)->1132K(5592576K)
[90.057s][info][gc,metaspace   ] GC(391) Metaspace: 614K(896K)->613K(896K) NonClass: 571K(704K)->570K(704K) Class: 42K(192K)->42K(192K)
[90.057s][info][gc             ] GC(391) Pause Full (System.gc()) 1M->1M(7851M) 14.690ms
[90.057s][info][gc,cpu         ] GC(391) User=0.01s Sys=0.00s Real=0.02s
[90.514s][info][gc,start       ] GC(392) Pause Young (System.gc())
[90.516s][info][gc,heap        ] GC(392) PSYoungGen: 41953K(2446848K)->96K(2446848K) Eden: 41953K(2097664K)->0K(2097664K) From: 0K(349184K)->96K(349184K)
[90.517s][info][gc,heap        ] GC(392) ParOldGen: 1132K(5592576K)->1132K(5592576K)
[90.517s][info][gc,metaspace   ] GC(392) Metaspace: 618K(896K)->618K(896K) NonClass: 574K(704K)->574K(704K) Class: 44K(192K)->44K(192K)
[90.517s][info][gc             ] GC(392) Pause Young (System.gc()) 42M->1M(7851M) 2.389ms
[90.517s][info][gc,cpu         ] GC(392) User=0.00s Sys=0.00s Real=0.01s
[90.517s][info][gc,start       ] GC(393) Pause Full (System.gc())
[90.517s][info][gc,phases,start] GC(393) Marking Phase
[90.525s][info][gc,phases      ] GC(393) Marking Phase 8.025ms
[90.525s][info][gc,phases,start] GC(393) Summary Phase
[90.525s][info][gc,phases      ] GC(393) Summary Phase 0.032ms
[90.525s][info][gc,phases,start] GC(393) Adjust Roots
[90.526s][info][gc,phases      ] GC(393) Adjust Roots 1.116ms
[90.526s][info][gc,phases,start] GC(393) Compaction Phase
[90.538s][info][gc,phases      ] GC(393) Compaction Phase 11.776ms
[90.538s][info][gc,phases,start] GC(393) Post Compact
[90.539s][info][gc,phases      ] GC(393) Post Compact 0.718ms
[90.539s][info][gc,heap        ] GC(393) PSYoungGen: 96K(2446848K)->0K(2446848K) Eden: 0K(2097664K)->0K(2097664K) From: 96K(349184K)->0K(349184K)
[90.539s][info][gc,heap        ] GC(393) ParOldGen: 1132K(5592576K)->1134K(5592576K)
[90.539s][info][gc,metaspace   ] GC(393) Metaspace: 618K(896K)->617K(896K) NonClass: 574K(704K)->573K(704K) Class: 44K(192K)->43K(192K)
[90.539s][info][gc             ] GC(393) Pause Full (System.gc()) 1M->1M(7851M) 22.129ms
[90.539s][info][gc,cpu         ] GC(393) User=0.01s Sys=0.00s Real=0.02s
[90.996s][info][gc,start       ] GC(394) Pause Young (System.gc())
[90.998s][info][gc,heap        ] GC(394) PSYoungGen: 41953K(2446848K)->96K(2446848K) Eden: 41953K(2097664K)->0K(2097664K) From: 0K(349184K)->96K(349184K)
[90.998s][info][gc,heap        ] GC(394) ParOldGen: 1134K(5592576K)->1134K(5592576K)
[90.998s][info][gc,metaspace   ] GC(394) Metaspace: 622K(896K)->622K(896K) NonClass: 576K(704K)->576K(704K) Class: 45K(192K)->45K(192K)
[90.998s][info][gc             ] GC(394) Pause Young (System.gc()) 42M->1M(7851M) 2.653ms
[90.998s][info][gc,cpu         ] GC(394) User=0.01s Sys=0.00s Real=0.00s
[90.999s][info][gc,start       ] GC(395) Pause Full (System.gc())
[90.999s][info][gc,phases,start] GC(395) Marking Phase
[91.003s][info][gc,phases      ] GC(395) Marking Phase 4.950ms
[91.004s][info][gc,phases,start] GC(395) Summary Phase
[91.004s][info][gc,phases      ] GC(395) Summary Phase 0.026ms
[91.004s][info][gc,phases,start] GC(395) Adjust Roots
[91.006s][info][gc,phases      ] GC(395) Adjust Roots 2.795ms
[91.006s][info][gc,phases,start] GC(395) Compaction Phase
[91.012s][info][gc,phases      ] GC(395) Compaction Phase 5.432ms
[91.012s][info][gc,phases,start] GC(395) Post Compact
[91.013s][info][gc,phases      ] GC(395) Post Compact 1.280ms
[91.013s][info][gc,heap        ] GC(395) PSYoungGen: 96K(2446848K)->0K(2446848K) Eden: 0K(2097664K)->0K(2097664K) From: 96K(349184K)->0K(349184K)
[91.013s][info][gc,heap        ] GC(395) ParOldGen: 1134K(5592576K)->1136K(5592576K)
[91.013s][info][gc,metaspace   ] GC(395) Metaspace: 622K(896K)->621K(896K) NonClass: 576K(704K)->576K(704K) Class: 45K(192K)->44K(192K)
[91.013s][info][gc             ] GC(395) Pause Full (System.gc()) 1M->1M(7851M) 14.772ms
[91.013s][info][gc,cpu         ] GC(395) User=0.01s Sys=0.01s Real=0.01s
[91.481s][info][gc,start       ] GC(396) Pause Young (System.gc())
[91.484s][info][gc,heap        ] GC(396) PSYoungGen: 41953K(2446848K)->64K(2446848K) Eden: 41953K(2097664K)->0K(2097664K) From: 0K(349184K)->64K(349184K)
[91.484s][info][gc,heap        ] GC(396) ParOldGen: 1136K(5592576K)->1136K(5592576K)
[91.484s][info][gc,metaspace   ] GC(396) Metaspace: 626K(896K)->626K(896K) NonClass: 579K(704K)->579K(704K) Class: 46K(192K)->46K(192K)
[91.484s][info][gc             ] GC(396) Pause Young (System.gc()) 42M->1M(7851M) 3.186ms
[91.484s][info][gc,cpu         ] GC(396) User=0.00s Sys=0.00s Real=0.00s
[91.484s][info][gc,start       ] GC(397) Pause Full (System.gc())
[91.484s][info][gc,phases,start] GC(397) Marking Phase
[91.488s][info][gc,phases      ] GC(397) Marking Phase 3.683ms
[91.488s][info][gc,phases,start] GC(397) Summary Phase
[91.488s][info][gc,phases      ] GC(397) Summary Phase 0.023ms
[91.488s][info][gc,phases,start] GC(397) Adjust Roots
[91.491s][info][gc,phases      ] GC(397) Adjust Roots 2.961ms
[91.491s][info][gc,phases,start] GC(397) Compaction Phase
[91.503s][info][gc,phases      ] GC(397) Compaction Phase 11.590ms
[91.503s][info][gc,phases,start] GC(397) Post Compact
[91.503s][info][gc,phases      ] GC(397) Post Compact 0.506ms
[91.503s][info][gc,heap        ] GC(397) PSYoungGen: 64K(2446848K)->0K(2446848K) Eden: 0K(2097664K)->0K(2097664K) From: 64K(349184K)->0K(349184K)
[91.503s][info][gc,heap        ] GC(397) ParOldGen: 1136K(5592576K)->1139K(5592576K)
[91.503s][info][gc,metaspace   ] GC(397) Metaspace: 626K(896K)->626K(896K) NonClass: 579K(704K)->579K(704K) Class: 46K(192K)->46K(192K)
[91.504s][info][gc             ] GC(397) Pause Full (System.gc()) 1M->1M(7851M) 19.232ms
[91.504s][info][gc,cpu         ] GC(397) User=0.02s Sys=0.00s Real=0.01s
[91.956s][info][gc,start       ] GC(398) Pause Young (System.gc())
[91.959s][info][gc,heap        ] GC(398) PSYoungGen: 41953K(2446848K)->128K(2446848K) Eden: 41953K(2097664K)->0K(2097664K) From: 0K(349184K)->128K(349184K)
[91.959s][info][gc,heap        ] GC(398) ParOldGen: 1139K(5592576K)->1139K(5592576K)
[91.959s][info][gc,metaspace   ] GC(398) Metaspace: 631K(896K)->631K(896K) NonClass: 582K(704K)->582K(704K) Class: 48K(192K)->48K(192K)
[91.959s][info][gc             ] GC(398) Pause Young (System.gc()) 42M->1M(7851M) 3.013ms
[91.959s][info][gc,cpu         ] GC(398) User=0.00s Sys=0.00s Real=0.00s
[91.960s][info][gc,start       ] GC(399) Pause Full (System.gc())
[91.960s][info][gc,phases,start] GC(399) Marking Phase
[91.967s][info][gc,phases      ] GC(399) Marking Phase 7.351ms
[91.967s][info][gc,phases,start] GC(399) Summary Phase
[91.967s][info][gc,phases      ] GC(399) Summary Phase 0.021ms
[91.967s][info][gc,phases,start] GC(399) Adjust Roots
[91.968s][info][gc,phases      ] GC(399) Adjust Roots 1.013ms
[91.968s][info][gc,phases,start] GC(399) Compaction Phase
[91.980s][info][gc,phases      ] GC(399) Compaction Phase 12.471ms
[91.981s][info][gc,phases,start] GC(399) Post Compact
[91.982s][info][gc,phases      ] GC(399) Post Compact 1.245ms
[91.982s][info][gc,heap        ] GC(399) PSYoungGen: 128K(2446848K)->0K(2446848K) Eden: 0K(2097664K)->0K(2097664K) From: 128K(349184K)->0K(349184K)
[91.982s][info][gc,heap        ] GC(399) ParOldGen: 1139K(5592576K)->1130K(5592576K)
[91.982s][info][gc,metaspace   ] GC(399) Metaspace: 631K(896K)->611K(896K) NonClass: 582K(704K)->571K(704K) Class: 48K(192K)->40K(192K)
[91.982s][info][gc             ] GC(399) Pause Full (System.gc()) 1M->1M(7851M) 22.340ms
[91.982s][info][gc,cpu         ] GC(399) User=0.01s Sys=0.00s Real=0.02s
[92.435s][info][gc,start       ] GC(400) Pause Young (System.gc())
[92.436s][info][gc,heap        ] GC(400) PSYoungGen: 41953K(2446848K)->160K(2446848K) Eden: 41953K(2097664K)->0K(2097664K) From: 0K(349184K)->160K(349184K)
[92.436s][info][gc,heap        ] GC(400) ParOldGen: 1130K(5592576K)->1130K(5592576K)
[92.436s][info][gc,metaspace   ] GC(400) Metaspace: 616K(896K)->616K(896K) NonClass: 574K(704K)->574K(704K) Class: 41K(192K)->41K(192K)
[92.436s][info][gc             ] GC(400) Pause Young (System.gc()) 42M->1M(7851M) 0.562ms
[92.436s][info][gc,cpu         ] GC(400) User=0.00s Sys=0.00s Real=0.00s
[92.436s][info][gc,start       ] GC(401) Pause Full (System.gc())
[92.436s][info][gc,phases,start] GC(401) Marking Phase
[92.443s][info][gc,phases      ] GC(401) Marking Phase 6.493ms
[92.443s][info][gc,phases,start] GC(401) Summary Phase
[92.443s][info][gc,phases      ] GC(401) Summary Phase 0.018ms
[92.443s][info][gc,phases,start] GC(401) Adjust Roots
[92.444s][info][gc,phases      ] GC(401) Adjust Roots 0.935ms
[92.444s][info][gc,phases,start] GC(401) Compaction Phase
[92.446s][info][gc,phases      ] GC(401) Compaction Phase 2.230ms
[92.446s][info][gc,phases,start] GC(401) Post Compact
[92.447s][info][gc,phases      ] GC(401) Post Compact 0.929ms
[92.447s][info][gc,heap        ] GC(401) PSYoungGen: 160K(2446848K)->0K(2446848K) Eden: 0K(2097664K)->0K(2097664K) From: 160K(349184K)->0K(349184K)
[92.447s][info][gc,heap        ] GC(401) ParOldGen: 1130K(5592576K)->1131K(5592576K)
[92.447s][info][gc,metaspace   ] GC(401) Metaspace: 616K(896K)->613K(896K) NonClass: 574K(704K)->573K(704K) Class: 41K(192K)->40K(192K)
[92.447s][info][gc             ] GC(401) Pause Full (System.gc()) 1M->1M(7851M) 10.868ms
[92.447s][info][gc,cpu         ] GC(401) User=0.02s Sys=0.00s Real=0.01s
[92.913s][info][gc,start       ] GC(402) Pause Young (System.gc())
[92.914s][info][gc,heap        ] GC(402) PSYoungGen: 41953K(2446848K)->96K(2446848K) Eden: 41953K(2097664K)->0K(2097664K) From: 0K(349184K)->96K(349184K)
[92.914s][info][gc,heap        ] GC(402) ParOldGen: 1131K(5592576K)->1131K(5592576K)
[92.914s][info][gc,metaspace   ] GC(402) Metaspace: 618K(896K)->618K(896K) NonClass: 576K(704K)->576K(704K) Class: 42K(192K)->42K(192K)
[92.914s][info][gc             ] GC(402) Pause Young (System.gc()) 42M->1M(7851M) 0.750ms
[92.914s][info][gc,cpu         ] GC(402) User=0.00s Sys=0.00s Real=0.00s
[92.914s][info][gc,start       ] GC(403) Pause Full (System.gc())
[92.914s][info][gc,phases,start] GC(403) Marking Phase
[92.930s][info][gc,phases      ] GC(403) Marking Phase 16.470ms
[92.931s][info][gc,phases,start] GC(403) Summary Phase
[92.931s][info][gc,phases      ] GC(403) Summary Phase 0.031ms
[92.931s][info][gc,phases,start] GC(403) Adjust Roots
[92.932s][info][gc,phases      ] GC(403) Adjust Roots 1.743ms
[92.932s][info][gc,phases,start] GC(403) Compaction Phase
[92.939s][info][gc,phases      ] GC(403) Compaction Phase 6.724ms
[92.939s][info][gc,phases,start] GC(403) Post Compact
[92.940s][info][gc,phases      ] GC(403) Post Compact 0.655ms
[92.940s][info][gc,heap        ] GC(403) PSYoungGen: 96K(2446848K)->0K(2446848K) Eden: 0K(2097664K)->0K(2097664K) From: 96K(349184K)->0K(349184K)
[92.940s][info][gc,heap        ] GC(403) ParOldGen: 1131K(5592576K)->1133K(5592576K)
[92.940s][info][gc,metaspace   ] GC(403) Metaspace: 618K(896K)->618K(896K) NonClass: 576K(704K)->576K(704K) Class: 42K(192K)->41K(192K)
[92.940s][info][gc             ] GC(403) Pause Full (System.gc()) 1M->1M(7851M) 26.068ms
[92.940s][info][gc,cpu         ] GC(403) User=0.01s Sys=0.00s Real=0.03s
[93.398s][info][gc,start       ] GC(404) Pause Young (System.gc())
[93.405s][info][gc,heap        ] GC(404) PSYoungGen: 41953K(2446848K)->96K(2446848K) Eden: 41953K(2097664K)->0K(2097664K) From: 0K(349184K)->96K(349184K)
[93.405s][info][gc,heap        ] GC(404) ParOldGen: 1133K(5592576K)->1133K(5592576K)
[93.405s][info][gc,metaspace   ] GC(404) Metaspace: 623K(896K)->623K(896K) NonClass: 579K(704K)->579K(704K) Class: 43K(192K)->43K(192K)
[93.405s][info][gc             ] GC(404) Pause Young (System.gc()) 42M->1M(7851M) 7.035ms
[93.405s][info][gc,cpu         ] GC(404) User=0.00s Sys=0.00s Real=0.01s
[93.405s][info][gc,start       ] GC(405) Pause Full (System.gc())
[93.405s][info][gc,phases,start] GC(405) Marking Phase
[93.408s][info][gc,phases      ] GC(405) Marking Phase 2.953ms
[93.408s][info][gc,phases,start] GC(405) Summary Phase
[93.408s][info][gc,phases      ] GC(405) Summary Phase 0.015ms
[93.408s][info][gc,phases,start] GC(405) Adjust Roots
[93.409s][info][gc,phases      ] GC(405) Adjust Roots 0.633ms
[93.409s][info][gc,phases,start] GC(405) Compaction Phase
[93.410s][info][gc,phases      ] GC(405) Compaction Phase 1.502ms
[93.410s][info][gc,phases,start] GC(405) Post Compact
[93.412s][info][gc,phases      ] GC(405) Post Compact 1.252ms
[93.412s][info][gc,heap        ] GC(405) PSYoungGen: 96K(2446848K)->0K(2446848K) Eden: 0K(2097664K)->0K(2097664K) From: 96K(349184K)->0K(349184K)
[93.412s][info][gc,heap        ] GC(405) ParOldGen: 1133K(5592576K)->1136K(5592576K)
[93.412s][info][gc,metaspace   ] GC(405) Metaspace: 623K(896K)->623K(896K) NonClass: 579K(704K)->579K(704K) Class: 43K(192K)->43K(192K)
[93.412s][info][gc             ] GC(405) Pause Full (System.gc()) 1M->1M(7851M) 6.591ms
[93.412s][info][gc,cpu         ] GC(405) User=0.01s Sys=0.00s Real=0.00s
[93.869s][info][gc,start       ] GC(406) Pause Young (System.gc())
[93.870s][info][gc,heap        ] GC(406) PSYoungGen: 41953K(2446848K)->96K(2446848K) Eden: 41953K(2097664K)->0K(2097664K) From: 0K(349184K)->96K(349184K)
[93.870s][info][gc,heap        ] GC(406) ParOldGen: 1136K(5592576K)->1136K(5592576K)
[93.870s][info][gc,metaspace   ] GC(406) Metaspace: 628K(896K)->628K(896K) NonClass: 582K(704K)->582K(704K) Class: 45K(192K)->45K(192K)
[93.870s][info][gc             ] GC(406) Pause Young (System.gc()) 42M->1M(7851M) 0.642ms
[93.870s][info][gc,cpu         ] GC(406) User=0.00s Sys=0.00s Real=0.00s
[93.870s][info][gc,start       ] GC(407) Pause Full (System.gc())
[93.870s][info][gc,phases,start] GC(407) Marking Phase
[93.874s][info][gc,phases      ] GC(407) Marking Phase 3.761ms
[93.874s][info][gc,phases,start] GC(407) Summary Phase
[93.874s][info][gc,phases      ] GC(407) Summary Phase 0.023ms
[93.874s][info][gc,phases,start] GC(407) Adjust Roots
[93.875s][info][gc,phases      ] GC(407) Adjust Roots 0.929ms
[93.875s][info][gc,phases,start] GC(407) Compaction Phase
[93.877s][info][gc,phases      ] GC(407) Compaction Phase 2.498ms
[93.877s][info][gc,phases,start] GC(407) Post Compact
[93.878s][info][gc,phases      ] GC(407) Post Compact 0.741ms
[93.878s][info][gc,heap        ] GC(407) PSYoungGen: 96K(2446848K)->0K(2446848K) Eden: 0K(2097664K)->0K(2097664K) From: 96K(349184K)->0K(349184K)
[93.878s][info][gc,heap        ] GC(407) ParOldGen: 1136K(5592576K)->1139K(5592576K)
[93.878s][info][gc,metaspace   ] GC(407) Metaspace: 628K(896K)->628K(896K) NonClass: 582K(704K)->582K(704K) Class: 45K(192K)->45K(192K)
[93.878s][info][gc             ] GC(407) Pause Full (System.gc()) 1M->1M(7851M) 8.172ms
[93.878s][info][gc,cpu         ] GC(407) User=0.01s Sys=0.00s Real=0.01s
[94.332s][info][gc,start       ] GC(408) Pause Young (System.gc())
[94.332s][info][gc,heap        ] GC(408) PSYoungGen: 41953K(2446848K)->128K(2446848K) Eden: 41953K(2097664K)->0K(2097664K) From: 0K(349184K)->128K(349184K)
[94.332s][info][gc,heap        ] GC(408) ParOldGen: 1139K(5592576K)->1139K(5592576K)
[94.332s][info][gc,metaspace   ] GC(408) Metaspace: 633K(896K)->633K(896K) NonClass: 586K(704K)->586K(704K) Class: 46K(192K)->46K(192K)
[94.332s][info][gc             ] GC(408) Pause Young (System.gc()) 42M->1M(7851M) 0.585ms
[94.332s][info][gc,cpu         ] GC(408) User=0.00s Sys=0.00s Real=0.00s
[94.333s][info][gc,start       ] GC(409) Pause Full (System.gc())
[94.333s][info][gc,phases,start] GC(409) Marking Phase
[94.335s][info][gc,phases      ] GC(409) Marking Phase 2.408ms
[94.335s][info][gc,phases,start] GC(409) Summary Phase
[94.335s][info][gc,phases      ] GC(409) Summary Phase 0.020ms
[94.335s][info][gc,phases,start] GC(409) Adjust Roots
[94.336s][info][gc,phases      ] GC(409) Adjust Roots 0.616ms
[94.336s][info][gc,phases,start] GC(409) Compaction Phase
[94.337s][info][gc,phases      ] GC(409) Compaction Phase 1.508ms
[94.337s][info][gc,phases,start] GC(409) Post Compact
[94.338s][info][gc,phases      ] GC(409) Post Compact 0.582ms
[94.338s][info][gc,heap        ] GC(409) PSYoungGen: 128K(2446848K)->0K(2446848K) Eden: 0K(2097664K)->0K(2097664K) From: 128K(349184K)->0K(349184K)
[94.338s][info][gc,heap        ] GC(409) ParOldGen: 1139K(5592576K)->1142K(5592576K)
[94.338s][info][gc,metaspace   ] GC(409) Metaspace: 633K(896K)->633K(896K) NonClass: 586K(704K)->586K(704K) Class: 46K(192K)->46K(192K)
[94.338s][info][gc             ] GC(409) Pause Full (System.gc()) 1M->1M(7851M) 5.376ms
[94.338s][info][gc,cpu         ] GC(409) User=0.01s Sys=0.00s Real=0.01s
[94.791s][info][gc,start       ] GC(410) Pause Young (System.gc())
[94.792s][info][gc,heap        ] GC(410) PSYoungGen: 41953K(2446848K)->96K(2446848K) Eden: 41953K(2097664K)->0K(2097664K) From: 0K(349184K)->96K(349184K)
[94.792s][info][gc,heap        ] GC(410) ParOldGen: 1142K(5592576K)->1142K(5592576K)
[94.792s][info][gc,metaspace   ] GC(410) Metaspace: 638K(896K)->638K(896K) NonClass: 589K(704K)->589K(704K) Class: 48K(192K)->48K(192K)
[94.792s][info][gc             ] GC(410) Pause Young (System.gc()) 42M->1M(7851M) 0.753ms
[94.792s][info][gc,cpu         ] GC(410) User=0.00s Sys=0.00s Real=0.00s
[94.792s][info][gc,start       ] GC(411) Pause Full (System.gc())
[94.792s][info][gc,phases,start] GC(411) Marking Phase
[94.797s][info][gc,phases      ] GC(411) Marking Phase 4.909ms
[94.797s][info][gc,phases,start] GC(411) Summary Phase
[94.797s][info][gc,phases      ] GC(411) Summary Phase 0.035ms
[94.797s][info][gc,phases,start] GC(411) Adjust Roots
[94.798s][info][gc,phases      ] GC(411) Adjust Roots 0.833ms
[94.798s][info][gc,phases,start] GC(411) Compaction Phase
[94.800s][info][gc,phases      ] GC(411) Compaction Phase 2.152ms
[94.800s][info][gc,phases,start] GC(411) Post Compact
[94.801s][info][gc,phases      ] GC(411) Post Compact 1.136ms
[94.801s][info][gc,heap        ] GC(411) PSYoungGen: 96K(2446848K)->0K(2446848K) Eden: 0K(2097664K)->0K(2097664K) From: 96K(349184K)->0K(349184K)
[94.801s][info][gc,heap        ] GC(411) ParOldGen: 1142K(5592576K)->1126K(5592576K)
[94.802s][info][gc,metaspace   ] GC(411) Metaspace: 638K(896K)->600K(896K) NonClass: 589K(704K)->560K(704K) Class: 48K(192K)->39K(192K)
[94.802s][info][gc             ] GC(411) Pause Full (System.gc()) 1M->1M(7851M) 9.521ms
[94.802s][info][gc,cpu         ] GC(411) User=0.01s Sys=0.00s Real=0.01s
[95.253s][info][gc,start       ] GC(412) Pause Young (System.gc())
[95.254s][info][gc,heap        ] GC(412) PSYoungGen: 41953K(2446848K)->160K(2446848K) Eden: 41953K(2097664K)->0K(2097664K) From: 0K(349184K)->160K(349184K)
[95.254s][info][gc,heap        ] GC(412) ParOldGen: 1126K(5592576K)->1126K(5592576K)
[95.254s][info][gc,metaspace   ] GC(412) Metaspace: 605K(896K)->605K(896K) NonClass: 564K(704K)->564K(704K) Class: 40K(192K)->40K(192K)
[95.254s][info][gc             ] GC(412) Pause Young (System.gc()) 42M->1M(7851M) 0.304ms
[95.254s][info][gc,cpu         ] GC(412) User=0.00s Sys=0.00s Real=0.00s
[95.254s][info][gc,start       ] GC(413) Pause Full (System.gc())
[95.254s][info][gc,phases,start] GC(413) Marking Phase
[95.257s][info][gc,phases      ] GC(413) Marking Phase 3.357ms
[95.257s][info][gc,phases,start] GC(413) Summary Phase
[95.257s][info][gc,phases      ] GC(413) Summary Phase 0.024ms
[95.257s][info][gc,phases,start] GC(413) Adjust Roots
[95.258s][info][gc,phases      ] GC(413) Adjust Roots 0.892ms
[95.258s][info][gc,phases,start] GC(413) Compaction Phase
[95.260s][info][gc,phases      ] GC(413) Compaction Phase 2.231ms
[95.261s][info][gc,phases,start] GC(413) Post Compact
[95.261s][info][gc,phases      ] GC(413) Post Compact 0.861ms
[95.261s][info][gc,heap        ] GC(413) PSYoungGen: 160K(2446848K)->0K(2446848K) Eden: 0K(2097664K)->0K(2097664K) From: 160K(349184K)->0K(349184K)
[95.261s][info][gc,heap        ] GC(413) ParOldGen: 1126K(5592576K)->1127K(5592576K)
[95.261s][info][gc,metaspace   ] GC(413) Metaspace: 605K(896K)->601K(896K) NonClass: 564K(704K)->561K(704K) Class: 40K(192K)->39K(192K)
[95.262s][info][gc             ] GC(413) Pause Full (System.gc()) 1M->1M(7851M) 7.684ms
[95.262s][info][gc,cpu         ] GC(413) User=0.01s Sys=0.01s Real=0.01s
[95.716s][info][gc,start       ] GC(414) Pause Young (System.gc())
[95.716s][info][gc,heap        ] GC(414) PSYoungGen: 41953K(2446848K)->128K(2446848K) Eden: 41953K(2097664K)->0K(2097664K) From: 0K(349184K)->128K(349184K)
[95.716s][info][gc,heap        ] GC(414) ParOldGen: 1127K(5592576K)->1127K(5592576K)
[95.716s][info][gc,metaspace   ] GC(414) Metaspace: 606K(896K)->606K(896K) NonClass: 565K(704K)->565K(704K) Class: 41K(192K)->41K(192K)
[95.716s][info][gc             ] GC(414) Pause Young (System.gc()) 42M->1M(7851M) 0.634ms
[95.716s][info][gc,cpu         ] GC(414) User=0.00s Sys=0.00s Real=0.00s
[95.717s][info][gc,start       ] GC(415) Pause Full (System.gc())
[95.717s][info][gc,phases,start] GC(415) Marking Phase
[95.720s][info][gc,phases      ] GC(415) Marking Phase 3.001ms
[95.720s][info][gc,phases,start] GC(415) Summary Phase
[95.720s][info][gc,phases      ] GC(415) Summary Phase 0.023ms
[95.720s][info][gc,phases,start] GC(415) Adjust Roots
[95.720s][info][gc,phases      ] GC(415) Adjust Roots 0.777ms
[95.721s][info][gc,phases,start] GC(415) Compaction Phase
[95.723s][info][gc,phases      ] GC(415) Compaction Phase 2.229ms
[95.723s][info][gc,phases,start] GC(415) Post Compact
[95.724s][info][gc,phases      ] GC(415) Post Compact 0.821ms
[95.724s][info][gc,heap        ] GC(415) PSYoungGen: 128K(2446848K)->0K(2446848K) Eden: 0K(2097664K)->0K(2097664K) From: 128K(349184K)->0K(349184K)
[95.724s][info][gc,heap        ] GC(415) ParOldGen: 1127K(5592576K)->1130K(5592576K)
[95.724s][info][gc,metaspace   ] GC(415) Metaspace: 606K(896K)->606K(896K) NonClass: 565K(704K)->565K(704K) Class: 41K(192K)->41K(192K)
[95.724s][info][gc             ] GC(415) Pause Full (System.gc()) 1M->1M(7851M) 7.184ms
[95.724s][info][gc,cpu         ] GC(415) User=0.02s Sys=0.00s Real=0.00s
[96.180s][info][gc,start       ] GC(416) Pause Young (System.gc())
[96.180s][info][gc,heap        ] GC(416) PSYoungGen: 41953K(2446848K)->160K(2446848K) Eden: 41953K(2097664K)->0K(2097664K) From: 0K(349184K)->160K(349184K)
[96.181s][info][gc,heap        ] GC(416) ParOldGen: 1130K(5592576K)->1130K(5592576K)
[96.181s][info][gc,metaspace   ] GC(416) Metaspace: 611K(896K)->611K(896K) NonClass: 568K(704K)->568K(704K) Class: 43K(192K)->43K(192K)
[96.181s][info][gc             ] GC(416) Pause Young (System.gc()) 42M->1M(7851M) 0.620ms
[96.181s][info][gc,cpu         ] GC(416) User=0.00s Sys=0.00s Real=0.00s
[96.181s][info][gc,start       ] GC(417) Pause Full (System.gc())
[96.181s][info][gc,phases,start] GC(417) Marking Phase
[96.185s][info][gc,phases      ] GC(417) Marking Phase 4.321ms
[96.185s][info][gc,phases,start] GC(417) Summary Phase
[96.185s][info][gc,phases      ] GC(417) Summary Phase 0.032ms
[96.185s][info][gc,phases,start] GC(417) Adjust Roots
[96.186s][info][gc,phases      ] GC(417) Adjust Roots 0.824ms
[96.186s][info][gc,phases,start] GC(417) Compaction Phase
[96.188s][info][gc,phases      ] GC(417) Compaction Phase 2.347ms
[96.188s][info][gc,phases,start] GC(417) Post Compact
[96.189s][info][gc,phases      ] GC(417) Post Compact 0.799ms
[96.189s][info][gc,heap        ] GC(417) PSYoungGen: 160K(2446848K)->0K(2446848K) Eden: 0K(2097664K)->0K(2097664K) From: 160K(349184K)->0K(349184K)
[96.189s][info][gc,heap        ] GC(417) ParOldGen: 1130K(5592576K)->1123K(5592576K)
[96.189s][info][gc,metaspace   ] GC(417) Metaspace: 611K(896K)->595K(896K) NonClass: 568K(704K)->559K(704K) Class: 43K(192K)->36K(192K)
[96.189s][info][gc             ] GC(417) Pause Full (System.gc()) 1M->1M(7851M) 8.640ms
[96.189s][info][gc,cpu         ] GC(417) User=0.01s Sys=0.00s Real=0.01s
[96.644s][info][gc,start       ] GC(418) Pause Young (System.gc())
[96.645s][info][gc,heap        ] GC(418) PSYoungGen: 41953K(2446848K)->128K(2446848K) Eden: 41953K(2097664K)->0K(2097664K) From: 0K(349184K)->128K(349184K)
[96.645s][info][gc,heap        ] GC(418) ParOldGen: 1123K(5592576K)->1123K(5592576K)
[96.645s][info][gc,metaspace   ] GC(418) Metaspace: 600K(896K)->600K(896K) NonClass: 562K(704K)->562K(704K) Class: 38K(192K)->38K(192K)
[96.645s][info][gc             ] GC(418) Pause Young (System.gc()) 42M->1M(7851M) 0.621ms
[96.645s][info][gc,cpu         ] GC(418) User=0.00s Sys=0.00s Real=0.00s
[96.645s][info][gc,start       ] GC(419) Pause Full (System.gc())
[96.645s][info][gc,phases,start] GC(419) Marking Phase
[96.650s][info][gc,phases      ] GC(419) Marking Phase 4.822ms
[96.650s][info][gc,phases,start] GC(419) Summary Phase
[96.650s][info][gc,phases      ] GC(419) Summary Phase 0.027ms
[96.650s][info][gc,phases,start] GC(419) Adjust Roots
[96.651s][info][gc,phases      ] GC(419) Adjust Roots 0.874ms
[96.651s][info][gc,phases,start] GC(419) Compaction Phase
[96.654s][info][gc,phases      ] GC(419) Compaction Phase 2.591ms
[96.654s][info][gc,phases,start] GC(419) Post Compact
[96.654s][info][gc,phases      ] GC(419) Post Compact 0.631ms
[96.654s][info][gc,heap        ] GC(419) PSYoungGen: 128K(2446848K)->0K(2446848K) Eden: 0K(2097664K)->0K(2097664K) From: 128K(349184K)->0K(349184K)
[96.654s][info][gc,heap        ] GC(419) ParOldGen: 1123K(5592576K)->1124K(5592576K)
[96.654s][info][gc,metaspace   ] GC(419) Metaspace: 600K(896K)->597K(896K) NonClass: 562K(704K)->560K(704K) Class: 38K(192K)->37K(192K)
[96.654s][info][gc             ] GC(419) Pause Full (System.gc()) 1M->1M(7851M) 9.200ms
[96.654s][info][gc,cpu         ] GC(419) User=0.01s Sys=0.00s Real=0.01s
[97.112s][info][gc,start       ] GC(420) Pause Young (System.gc())
[97.112s][info][gc,heap        ] GC(420) PSYoungGen: 41953K(2446848K)->128K(2446848K) Eden: 41953K(2097664K)->0K(2097664K) From: 0K(349184K)->128K(349184K)
[97.112s][info][gc,heap        ] GC(420) ParOldGen: 1124K(5592576K)->1124K(5592576K)
[97.112s][info][gc,metaspace   ] GC(420) Metaspace: 602K(896K)->602K(896K) NonClass: 564K(704K)->564K(704K) Class: 38K(192K)->38K(192K)
[97.112s][info][gc             ] GC(420) Pause Young (System.gc()) 42M->1M(7851M) 0.620ms
[97.113s][info][gc,cpu         ] GC(420) User=0.00s Sys=0.00s Real=0.00s
[97.113s][info][gc,start       ] GC(421) Pause Full (System.gc())
[97.113s][info][gc,phases,start] GC(421) Marking Phase
[97.116s][info][gc,phases      ] GC(421) Marking Phase 2.991ms
[97.116s][info][gc,phases,start] GC(421) Summary Phase
[97.116s][info][gc,phases      ] GC(421) Summary Phase 0.029ms
[97.116s][info][gc,phases,start] GC(421) Adjust Roots
[97.117s][info][gc,phases      ] GC(421) Adjust Roots 0.795ms
[97.117s][info][gc,phases,start] GC(421) Compaction Phase
[97.119s][info][gc,phases      ] GC(421) Compaction Phase 2.444ms
[97.119s][info][gc,phases,start] GC(421) Post Compact
[97.120s][info][gc,phases      ] GC(421) Post Compact 0.875ms
[97.120s][info][gc,heap        ] GC(421) PSYoungGen: 128K(2446848K)->0K(2446848K) Eden: 0K(2097664K)->0K(2097664K) From: 128K(349184K)->0K(349184K)
[97.120s][info][gc,heap        ] GC(421) ParOldGen: 1124K(5592576K)->1127K(5592576K)
[97.120s][info][gc,metaspace   ] GC(421) Metaspace: 602K(896K)->602K(896K) NonClass: 564K(704K)->564K(704K) Class: 38K(192K)->38K(192K)
[97.120s][info][gc             ] GC(421) Pause Full (System.gc()) 1M->1M(7851M) 7.425ms
[97.120s][info][gc,cpu         ] GC(421) User=0.01s Sys=0.00s Real=0.01s
[97.577s][info][gc,start       ] GC(422) Pause Young (System.gc())
[97.578s][info][gc,heap        ] GC(422) PSYoungGen: 41953K(2446848K)->160K(2446848K) Eden: 41953K(2097664K)->0K(2097664K) From: 0K(349184K)->160K(349184K)
[97.578s][info][gc,heap        ] GC(422) ParOldGen: 1127K(5592576K)->1127K(5592576K)
[97.578s][info][gc,metaspace   ] GC(422) Metaspace: 607K(896K)->607K(896K) NonClass: 567K(704K)->567K(704K) Class: 40K(192K)->40K(192K)
[97.578s][info][gc             ] GC(422) Pause Young (System.gc()) 42M->1M(7851M) 0.585ms
[97.578s][info][gc,cpu         ] GC(422) User=0.00s Sys=0.00s Real=0.00s
[97.578s][info][gc,start       ] GC(423) Pause Full (System.gc())
[97.578s][info][gc,phases,start] GC(423) Marking Phase
[97.582s][info][gc,phases      ] GC(423) Marking Phase 4.495ms
[97.582s][info][gc,phases,start] GC(423) Summary Phase
[97.582s][info][gc,phases      ] GC(423) Summary Phase 0.027ms
[97.583s][info][gc,phases,start] GC(423) Adjust Roots
[97.583s][info][gc,phases      ] GC(423) Adjust Roots 0.829ms
[97.583s][info][gc,phases,start] GC(423) Compaction Phase
[97.585s][info][gc,phases      ] GC(423) Compaction Phase 1.795ms
[97.585s][info][gc,phases,start] GC(423) Post Compact
[97.586s][info][gc,phases      ] GC(423) Post Compact 0.695ms
[97.586s][info][gc,heap        ] GC(423) PSYoungGen: 160K(2446848K)->0K(2446848K) Eden: 0K(2097664K)->0K(2097664K) From: 160K(349184K)->0K(349184K)
[97.586s][info][gc,heap        ] GC(423) ParOldGen: 1127K(5592576K)->1123K(5592576K)
[97.586s][info][gc,metaspace   ] GC(423) Metaspace: 607K(896K)->594K(896K) NonClass: 567K(704K)->557K(704K) Class: 40K(192K)->36K(192K)
[97.586s][info][gc             ] GC(423) Pause Full (System.gc()) 1M->1M(7851M) 8.079ms
[97.586s][info][gc,cpu         ] GC(423) User=0.02s Sys=0.00s Real=0.01s
[98.044s][info][gc,start       ] GC(424) Pause Young (System.gc())
[98.044s][info][gc,heap        ] GC(424) PSYoungGen: 41953K(2446848K)->128K(2446848K) Eden: 41953K(2097664K)->0K(2097664K) From: 0K(349184K)->128K(349184K)
[98.044s][info][gc,heap        ] GC(424) ParOldGen: 1123K(5592576K)->1123K(5592576K)
[98.044s][info][gc,metaspace   ] GC(424) Metaspace: 599K(896K)->599K(896K) NonClass: 560K(704K)->560K(704K) Class: 38K(192K)->38K(192K)
[98.044s][info][gc             ] GC(424) Pause Young (System.gc()) 42M->1M(7851M) 0.614ms
[98.044s][info][gc,cpu         ] GC(424) User=0.00s Sys=0.00s Real=0.01s
[98.044s][info][gc,start       ] GC(425) Pause Full (System.gc())
[98.044s][info][gc,phases,start] GC(425) Marking Phase
[98.049s][info][gc,phases      ] GC(425) Marking Phase 4.418ms
[98.049s][info][gc,phases,start] GC(425) Summary Phase
[98.049s][info][gc,phases      ] GC(425) Summary Phase 0.025ms
[98.049s][info][gc,phases,start] GC(425) Adjust Roots
[98.050s][info][gc,phases      ] GC(425) Adjust Roots 0.837ms
[98.050s][info][gc,phases,start] GC(425) Compaction Phase
[98.052s][info][gc,phases      ] GC(425) Compaction Phase 1.891ms
[98.052s][info][gc,phases,start] GC(425) Post Compact
[98.052s][info][gc,phases      ] GC(425) Post Compact 0.687ms
[98.052s][info][gc,heap        ] GC(425) PSYoungGen: 128K(2446848K)->0K(2446848K) Eden: 0K(2097664K)->0K(2097664K) From: 128K(349184K)->0K(349184K)
[98.052s][info][gc,heap        ] GC(425) ParOldGen: 1123K(5592576K)->1121K(5592576K)
[98.052s][info][gc,metaspace   ] GC(425) Metaspace: 599K(896K)->591K(896K) NonClass: 560K(704K)->555K(704K) Class: 38K(192K)->35K(192K)
[98.052s][info][gc             ] GC(425) Pause Full (System.gc()) 1M->1M(7851M) 8.098ms
[98.053s][info][gc,cpu         ] GC(425) User=0.02s Sys=0.00s Real=0.00s
[98.510s][info][gc,start       ] GC(426) Pause Young (System.gc())
[98.511s][info][gc,heap        ] GC(426) PSYoungGen: 41953K(2446848K)->160K(2446848K) Eden: 41953K(2097664K)->0K(2097664K) From: 0K(349184K)->160K(349184K)
[98.511s][info][gc,heap        ] GC(426) ParOldGen: 1121K(5592576K)->1121K(5592576K)
[98.511s][info][gc,metaspace   ] GC(426) Metaspace: 601K(896K)->601K(896K) NonClass: 564K(704K)->564K(704K) Class: 37K(192K)->37K(192K)
[98.511s][info][gc             ] GC(426) Pause Young (System.gc()) 42M->1M(7851M) 0.585ms
[98.511s][info][gc,cpu         ] GC(426) User=0.00s Sys=0.00s Real=0.00s
[98.511s][info][gc,start       ] GC(427) Pause Full (System.gc())
[98.511s][info][gc,phases,start] GC(427) Marking Phase
[98.515s][info][gc,phases      ] GC(427) Marking Phase 4.315ms
[98.515s][info][gc,phases,start] GC(427) Summary Phase
[98.515s][info][gc,phases      ] GC(427) Summary Phase 0.026ms
[98.515s][info][gc,phases,start] GC(427) Adjust Roots
[98.516s][info][gc,phases      ] GC(427) Adjust Roots 0.866ms
[98.516s][info][gc,phases,start] GC(427) Compaction Phase
[98.519s][info][gc,phases      ] GC(427) Compaction Phase 2.314ms
[98.519s][info][gc,phases,start] GC(427) Post Compact
[98.520s][info][gc,phases      ] GC(427) Post Compact 0.875ms
[98.520s][info][gc,heap        ] GC(427) PSYoungGen: 160K(2446848K)->0K(2446848K) Eden: 0K(2097664K)->0K(2097664K) From: 160K(349184K)->0K(349184K)
[98.520s][info][gc,heap        ] GC(427) ParOldGen: 1121K(5592576K)->1123K(5592576K)
[98.520s][info][gc,metaspace   ] GC(427) Metaspace: 601K(896K)->599K(896K) NonClass: 564K(704K)->563K(704K) Class: 37K(192K)->36K(192K)
[98.520s][info][gc             ] GC(427) Pause Full (System.gc()) 1M->1M(7851M) 8.659ms
[98.520s][info][gc,cpu         ] GC(427) User=0.02s Sys=0.01s Real=0.01s
[98.974s][info][gc,start       ] GC(428) Pause Young (System.gc())
[98.974s][info][gc,heap        ] GC(428) PSYoungGen: 41953K(2446848K)->128K(2446848K) Eden: 41953K(2097664K)->0K(2097664K) From: 0K(349184K)->128K(349184K)
[98.974s][info][gc,heap        ] GC(428) ParOldGen: 1123K(5592576K)->1123K(5592576K)
[98.974s][info][gc,metaspace   ] GC(428) Metaspace: 605K(896K)->605K(896K) NonClass: 567K(704K)->567K(704K) Class: 37K(192K)->37K(192K)
[98.974s][info][gc             ] GC(428) Pause Young (System.gc()) 42M->1M(7851M) 0.616ms
[98.974s][info][gc,cpu         ] GC(428) User=0.00s Sys=0.00s Real=0.01s
[98.975s][info][gc,start       ] GC(429) Pause Full (System.gc())
[98.975s][info][gc,phases,start] GC(429) Marking Phase
[98.978s][info][gc,phases      ] GC(429) Marking Phase 3.238ms
[98.978s][info][gc,phases,start] GC(429) Summary Phase
[98.978s][info][gc,phases      ] GC(429) Summary Phase 0.025ms
[98.978s][info][gc,phases,start] GC(429) Adjust Roots
[98.979s][info][gc,phases      ] GC(429) Adjust Roots 0.907ms
[98.979s][info][gc,phases,start] GC(429) Compaction Phase
[98.981s][info][gc,phases      ] GC(429) Compaction Phase 2.278ms
[98.981s][info][gc,phases,start] GC(429) Post Compact
[98.982s][info][gc,phases      ] GC(429) Post Compact 0.841ms
[98.982s][info][gc,heap        ] GC(429) PSYoungGen: 128K(2446848K)->0K(2446848K) Eden: 0K(2097664K)->0K(2097664K) From: 128K(349184K)->0K(349184K)
[98.982s][info][gc,heap        ] GC(429) ParOldGen: 1123K(5592576K)->1125K(5592576K)
[98.982s][info][gc,metaspace   ] GC(429) Metaspace: 605K(896K)->605K(896K) NonClass: 567K(704K)->567K(704K) Class: 37K(192K)->37K(192K)
[98.982s][info][gc             ] GC(429) Pause Full (System.gc()) 1M->1M(7851M) 7.561ms
[98.982s][info][gc,cpu         ] GC(429) User=0.01s Sys=0.00s Real=0.00s
[99.440s][info][gc,start       ] GC(430) Pause Young (System.gc())
[99.440s][info][gc,heap        ] GC(430) PSYoungGen: 41953K(2446848K)->128K(2446848K) Eden: 41953K(2097664K)->0K(2097664K) From: 0K(349184K)->128K(349184K)
[99.440s][info][gc,heap        ] GC(430) ParOldGen: 1125K(5592576K)->1125K(5592576K)
[99.440s][info][gc,metaspace   ] GC(430) Metaspace: 610K(896K)->610K(896K) NonClass: 571K(704K)->571K(704K) Class: 39K(192K)->39K(192K)
[99.440s][info][gc             ] GC(430) Pause Young (System.gc()) 42M->1M(7851M) 0.620ms
[99.440s][info][gc,cpu         ] GC(430) User=0.00s Sys=0.00s Real=0.00s
[99.441s][info][gc,start       ] GC(431) Pause Full (System.gc())
[99.441s][info][gc,phases,start] GC(431) Marking Phase
[99.445s][info][gc,phases      ] GC(431) Marking Phase 4.363ms
[99.445s][info][gc,phases,start] GC(431) Summary Phase
[99.445s][info][gc,phases      ] GC(431) Summary Phase 0.025ms
[99.445s][info][gc,phases,start] GC(431) Adjust Roots
[99.446s][info][gc,phases      ] GC(431) Adjust Roots 0.923ms
[99.446s][info][gc,phases,start] GC(431) Compaction Phase
[99.449s][info][gc,phases      ] GC(431) Compaction Phase 2.725ms
[99.449s][info][gc,phases,start] GC(431) Post Compact
[99.450s][info][gc,phases      ] GC(431) Post Compact 0.759ms
[99.450s][info][gc,heap        ] GC(431) PSYoungGen: 128K(2446848K)->0K(2446848K) Eden: 0K(2097664K)->0K(2097664K) From: 128K(349184K)->0K(349184K)
[99.450s][info][gc,heap        ] GC(431) ParOldGen: 1125K(5592576K)->1126K(5592576K)
[99.450s][info][gc,metaspace   ] GC(431) Metaspace: 610K(896K)->608K(896K) NonClass: 571K(704K)->570K(704K) Class: 39K(192K)->38K(192K)
[99.450s][info][gc             ] GC(431) Pause Full (System.gc()) 1M->1M(7851M) 9.069ms
[99.450s][info][gc,cpu         ] GC(431) User=0.02s Sys=0.00s Real=0.01s
[99.906s][info][gc,start       ] GC(432) Pause Young (System.gc())
[99.906s][info][gc,heap        ] GC(432) PSYoungGen: 41953K(2446848K)->128K(2446848K) Eden: 41953K(2097664K)->0K(2097664K) From: 0K(349184K)->128K(349184K)
[99.907s][info][gc,heap        ] GC(432) ParOldGen: 1126K(5592576K)->1126K(5592576K)
[99.907s][info][gc,metaspace   ] GC(432) Metaspace: 613K(896K)->613K(896K) NonClass: 573K(704K)->573K(704K) Class: 40K(192K)->40K(192K)
[99.907s][info][gc             ] GC(432) Pause Young (System.gc()) 42M->1M(7851M) 0.584ms
[99.907s][info][gc,cpu         ] GC(432) User=0.00s Sys=0.00s Real=0.00s
[99.907s][info][gc,start       ] GC(433) Pause Full (System.gc())
[99.907s][info][gc,phases,start] GC(433) Marking Phase
[99.911s][info][gc,phases      ] GC(433) Marking Phase 4.667ms
[99.911s][info][gc,phases,start] GC(433) Summary Phase
[99.911s][info][gc,phases      ] GC(433) Summary Phase 0.028ms
[99.912s][info][gc,phases,start] GC(433) Adjust Roots
[99.913s][info][gc,phases      ] GC(433) Adjust Roots 1.074ms
[99.913s][info][gc,phases,start] GC(433) Compaction Phase
[99.915s][info][gc,phases      ] GC(433) Compaction Phase 2.030ms
[99.915s][info][gc,phases,start] GC(433) Post Compact
[99.915s][info][gc,phases      ] GC(433) Post Compact 0.611ms
[99.915s][info][gc,heap        ] GC(433) PSYoungGen: 128K(2446848K)->0K(2446848K) Eden: 0K(2097664K)->0K(2097664K) From: 128K(349184K)->0K(349184K)
[99.915s][info][gc,heap        ] GC(433) ParOldGen: 1126K(5592576K)->1128K(5592576K)
[99.915s][info][gc,metaspace   ] GC(433) Metaspace: 613K(896K)->612K(896K) NonClass: 573K(704K)->573K(704K) Class: 40K(192K)->39K(192K)
[99.915s][info][gc             ] GC(433) Pause Full (System.gc()) 1M->1M(7851M) 8.712ms
[99.915s][info][gc,cpu         ] GC(433) User=0.02s Sys=0.00s Real=0.01s
[100.371s][info][gc,start       ] GC(434) Pause Young (System.gc())
[100.371s][info][gc,heap        ] GC(434) PSYoungGen: 41953K(2446848K)->128K(2446848K) Eden: 41953K(2097664K)->0K(2097664K) From: 0K(349184K)->128K(349184K)
[100.371s][info][gc,heap        ] GC(434) ParOldGen: 1128K(5592576K)->1128K(5592576K)
[100.371s][info][gc,metaspace   ] GC(434) Metaspace: 617K(896K)->617K(896K) NonClass: 576K(704K)->576K(704K) Class: 41K(192K)->41K(192K)
[100.372s][info][gc             ] GC(434) Pause Young (System.gc()) 42M->1M(7851M) 0.473ms
[100.372s][info][gc,cpu         ] GC(434) User=0.00s Sys=0.00s Real=0.00s
[100.372s][info][gc,start       ] GC(435) Pause Full (System.gc())
[100.372s][info][gc,phases,start] GC(435) Marking Phase
[100.375s][info][gc,phases      ] GC(435) Marking Phase 3.719ms
[100.376s][info][gc,phases,start] GC(435) Summary Phase
[100.376s][info][gc,phases      ] GC(435) Summary Phase 0.019ms
[100.376s][info][gc,phases,start] GC(435) Adjust Roots
[100.376s][info][gc,phases      ] GC(435) Adjust Roots 0.757ms
[100.376s][info][gc,phases,start] GC(435) Compaction Phase
[100.378s][info][gc,phases      ] GC(435) Compaction Phase 1.576ms
[100.378s][info][gc,phases,start] GC(435) Post Compact
[100.379s][info][gc,phases      ] GC(435) Post Compact 0.636ms
[100.379s][info][gc,heap        ] GC(435) PSYoungGen: 128K(2446848K)->0K(2446848K) Eden: 0K(2097664K)->0K(2097664K) From: 128K(349184K)->0K(349184K)
[100.379s][info][gc,heap        ] GC(435) ParOldGen: 1128K(5592576K)->1130K(5592576K)
[100.379s][info][gc,metaspace   ] GC(435) Metaspace: 617K(896K)->616K(896K) NonClass: 576K(704K)->576K(704K) Class: 41K(192K)->40K(192K)
[100.379s][info][gc             ] GC(435) Pause Full (System.gc()) 1M->1M(7851M) 6.931ms
[100.379s][info][gc,cpu         ] GC(435) User=0.01s Sys=0.01s Real=0.01s
[100.834s][info][gc,start       ] GC(436) Pause Young (System.gc())
[100.834s][info][gc,heap        ] GC(436) PSYoungGen: 41953K(2446848K)->160K(2446848K) Eden: 41953K(2097664K)->0K(2097664K) From: 0K(349184K)->160K(349184K)
[100.834s][info][gc,heap        ] GC(436) ParOldGen: 1130K(5592576K)->1130K(5592576K)
[100.834s][info][gc,metaspace   ] GC(436) Metaspace: 621K(896K)->621K(896K) NonClass: 579K(704K)->579K(704K) Class: 42K(192K)->42K(192K)
[100.834s][info][gc             ] GC(436) Pause Young (System.gc()) 42M->1M(7851M) 0.582ms
[100.834s][info][gc,cpu         ] GC(436) User=0.00s Sys=0.00s Real=0.01s
[100.834s][info][gc,start       ] GC(437) Pause Full (System.gc())
[100.834s][info][gc,phases,start] GC(437) Marking Phase
[100.839s][info][gc,phases      ] GC(437) Marking Phase 4.518ms
[100.839s][info][gc,phases,start] GC(437) Summary Phase
[100.839s][info][gc,phases      ] GC(437) Summary Phase 0.032ms
[100.839s][info][gc,phases,start] GC(437) Adjust Roots
[100.840s][info][gc,phases      ] GC(437) Adjust Roots 0.959ms
[100.840s][info][gc,phases,start] GC(437) Compaction Phase
[100.842s][info][gc,phases      ] GC(437) Compaction Phase 2.154ms
[100.842s][info][gc,phases,start] GC(437) Post Compact
[100.843s][info][gc,phases      ] GC(437) Post Compact 0.666ms
[100.843s][info][gc,heap        ] GC(437) PSYoungGen: 160K(2446848K)->0K(2446848K) Eden: 0K(2097664K)->0K(2097664K) From: 160K(349184K)->0K(349184K)
[100.843s][info][gc,heap        ] GC(437) ParOldGen: 1130K(5592576K)->1132K(5592576K)
[100.843s][info][gc,metaspace   ] GC(437) Metaspace: 621K(896K)->621K(896K) NonClass: 579K(704K)->578K(704K) Class: 42K(192K)->42K(192K)
[100.843s][info][gc             ] GC(437) Pause Full (System.gc()) 1M->1M(7851M) 8.632ms
[100.843s][info][gc,cpu         ] GC(437) User=0.02s Sys=0.00s Real=0.00s
[101.299s][info][gc,start       ] GC(438) Pause Young (System.gc())
[101.300s][info][gc,heap        ] GC(438) PSYoungGen: 41953K(2446848K)->160K(2446848K) Eden: 41953K(2097664K)->0K(2097664K) From: 0K(349184K)->160K(349184K)
[101.300s][info][gc,heap        ] GC(438) ParOldGen: 1132K(5592576K)->1132K(5592576K)
[101.300s][info][gc,metaspace   ] GC(438) Metaspace: 626K(896K)->626K(896K) NonClass: 582K(704K)->582K(704K) Class: 43K(192K)->43K(192K)
[101.300s][info][gc             ] GC(438) Pause Young (System.gc()) 42M->1M(7851M) 0.481ms
[101.300s][info][gc,cpu         ] GC(438) User=0.00s Sys=0.00s Real=0.00s
[101.300s][info][gc,start       ] GC(439) Pause Full (System.gc())
[101.300s][info][gc,phases,start] GC(439) Marking Phase
[101.305s][info][gc,phases      ] GC(439) Marking Phase 5.163ms
[101.305s][info][gc,phases,start] GC(439) Summary Phase
[101.305s][info][gc,phases      ] GC(439) Summary Phase 0.021ms
[101.305s][info][gc,phases,start] GC(439) Adjust Roots
[101.306s][info][gc,phases      ] GC(439) Adjust Roots 0.944ms
[101.306s][info][gc,phases,start] GC(439) Compaction Phase
[101.309s][info][gc,phases      ] GC(439) Compaction Phase 2.298ms
[101.309s][info][gc,phases,start] GC(439) Post Compact
[101.309s][info][gc,phases      ] GC(439) Post Compact 0.716ms
[101.309s][info][gc,heap        ] GC(439) PSYoungGen: 160K(2446848K)->0K(2446848K) Eden: 0K(2097664K)->0K(2097664K) From: 160K(349184K)->0K(349184K)
[101.309s][info][gc,heap        ] GC(439) ParOldGen: 1132K(5592576K)->1134K(5592576K)
[101.309s][info][gc,metaspace   ] GC(439) Metaspace: 626K(896K)->625K(896K) NonClass: 582K(704K)->581K(704K) Class: 43K(192K)->43K(192K)
[101.309s][info][gc             ] GC(439) Pause Full (System.gc()) 1M->1M(7851M) 9.387ms
[101.309s][info][gc,cpu         ] GC(439) User=0.01s Sys=0.00s Real=0.01s
[101.767s][info][gc,start       ] GC(440) Pause Young (System.gc())
[101.768s][info][gc,heap        ] GC(440) PSYoungGen: 41953K(2446848K)->128K(2446848K) Eden: 41953K(2097664K)->0K(2097664K) From: 0K(349184K)->128K(349184K)
[101.768s][info][gc,heap        ] GC(440) ParOldGen: 1134K(5592576K)->1134K(5592576K)
[101.768s][info][gc,metaspace   ] GC(440) Metaspace: 630K(896K)->630K(896K) NonClass: 584K(704K)->584K(704K) Class: 45K(192K)->45K(192K)
[101.768s][info][gc             ] GC(440) Pause Young (System.gc()) 42M->1M(7851M) 0.996ms
[101.768s][info][gc,cpu         ] GC(440) User=0.00s Sys=0.00s Real=0.00s
[101.768s][info][gc,start       ] GC(441) Pause Full (System.gc())
[101.768s][info][gc,phases,start] GC(441) Marking Phase
[101.773s][info][gc,phases      ] GC(441) Marking Phase 4.856ms
[101.773s][info][gc,phases,start] GC(441) Summary Phase
[101.773s][info][gc,phases      ] GC(441) Summary Phase 0.023ms
[101.773s][info][gc,phases,start] GC(441) Adjust Roots
[101.774s][info][gc,phases      ] GC(441) Adjust Roots 0.935ms
[101.774s][info][gc,phases,start] GC(441) Compaction Phase
[101.776s][info][gc,phases      ] GC(441) Compaction Phase 1.558ms
[101.776s][info][gc,phases,start] GC(441) Post Compact
[101.776s][info][gc,phases      ] GC(441) Post Compact 0.626ms
[101.776s][info][gc,heap        ] GC(441) PSYoungGen: 128K(2446848K)->0K(2446848K) Eden: 0K(2097664K)->0K(2097664K) From: 128K(349184K)->0K(349184K)
[101.776s][info][gc,heap        ] GC(441) ParOldGen: 1134K(5592576K)->1136K(5592576K)
[101.776s][info][gc,metaspace   ] GC(441) Metaspace: 630K(896K)->629K(896K) NonClass: 584K(704K)->584K(704K) Class: 45K(192K)->44K(192K)
[101.776s][info][gc             ] GC(441) Pause Full (System.gc()) 1M->1M(7851M) 8.243ms
[101.776s][info][gc,cpu         ] GC(441) User=0.01s Sys=0.00s Real=0.01s
[102.234s][info][gc,start       ] GC(442) Pause Young (System.gc())
[102.235s][info][gc,heap        ] GC(442) PSYoungGen: 41953K(2446848K)->128K(2446848K) Eden: 41953K(2097664K)->0K(2097664K) From: 0K(349184K)->128K(349184K)
[102.235s][info][gc,heap        ] GC(442) ParOldGen: 1136K(5592576K)->1136K(5592576K)
[102.235s][info][gc,metaspace   ] GC(442) Metaspace: 634K(896K)->634K(896K) NonClass: 587K(704K)->587K(704K) Class: 46K(192K)->46K(192K)
[102.235s][info][gc             ] GC(442) Pause Young (System.gc()) 42M->1M(7851M) 0.741ms
[102.235s][info][gc,cpu         ] GC(442) User=0.01s Sys=0.00s Real=0.01s
[102.235s][info][gc,start       ] GC(443) Pause Full (System.gc())
[102.235s][info][gc,phases,start] GC(443) Marking Phase
[102.239s][info][gc,phases      ] GC(443) Marking Phase 3.803ms
[102.239s][info][gc,phases,start] GC(443) Summary Phase
[102.239s][info][gc,phases      ] GC(443) Summary Phase 0.025ms
[102.239s][info][gc,phases,start] GC(443) Adjust Roots
[102.240s][info][gc,phases      ] GC(443) Adjust Roots 0.974ms
[102.240s][info][gc,phases,start] GC(443) Compaction Phase
[102.242s][info][gc,phases      ] GC(443) Compaction Phase 2.166ms
[102.242s][info][gc,phases,start] GC(443) Post Compact
[102.243s][info][gc,phases      ] GC(443) Post Compact 0.824ms
[102.243s][info][gc,heap        ] GC(443) PSYoungGen: 128K(2446848K)->0K(2446848K) Eden: 0K(2097664K)->0K(2097664K) From: 128K(349184K)->0K(349184K)
[102.243s][info][gc,heap        ] GC(443) ParOldGen: 1136K(5592576K)->1139K(5592576K)
[102.243s][info][gc,metaspace   ] GC(443) Metaspace: 634K(896K)->634K(896K) NonClass: 587K(704K)->587K(704K) Class: 46K(192K)->46K(192K)
[102.243s][info][gc             ] GC(443) Pause Full (System.gc()) 1M->1M(7851M) 8.094ms
[102.243s][info][gc,cpu         ] GC(443) User=0.01s Sys=0.01s Real=0.00s
[102.700s][info][gc,start       ] GC(444) Pause Young (System.gc())
[102.700s][info][gc,heap        ] GC(444) PSYoungGen: 41953K(2446848K)->160K(2446848K) Eden: 41953K(2097664K)->0K(2097664K) From: 0K(349184K)->160K(349184K)
[102.701s][info][gc,heap        ] GC(444) ParOldGen: 1139K(5592576K)->1139K(5592576K)
[102.701s][info][gc,metaspace   ] GC(444) Metaspace: 639K(896K)->639K(896K) NonClass: 591K(704K)->591K(704K) Class: 48K(192K)->48K(192K)
[102.701s][info][gc             ] GC(444) Pause Young (System.gc()) 42M->1M(7851M) 0.630ms
[102.701s][info][gc,cpu         ] GC(444) User=0.00s Sys=0.00s Real=0.00s
[102.701s][info][gc,start       ] GC(445) Pause Full (System.gc())
[102.701s][info][gc,phases,start] GC(445) Marking Phase
[102.705s][info][gc,phases      ] GC(445) Marking Phase 4.656ms
[102.706s][info][gc,phases,start] GC(445) Summary Phase
[102.706s][info][gc,phases      ] GC(445) Summary Phase 0.036ms
[102.706s][info][gc,phases,start] GC(445) Adjust Roots
[102.707s][info][gc,phases      ] GC(445) Adjust Roots 1.196ms
[102.707s][info][gc,phases,start] GC(445) Compaction Phase
[102.709s][info][gc,phases      ] GC(445) Compaction Phase 1.708ms
[102.709s][info][gc,phases,start] GC(445) Post Compact
[102.709s][info][gc,phases      ] GC(445) Post Compact 0.610ms
[102.709s][info][gc,heap        ] GC(445) PSYoungGen: 160K(2446848K)->0K(2446848K) Eden: 0K(2097664K)->0K(2097664K) From: 160K(349184K)->0K(349184K)
[102.709s][info][gc,heap        ] GC(445) ParOldGen: 1139K(5592576K)->1142K(5592576K)
[102.709s][info][gc,metaspace   ] GC(445) Metaspace: 639K(896K)->639K(896K) NonClass: 591K(704K)->591K(704K) Class: 48K(192K)->48K(192K)
[102.709s][info][gc             ] GC(445) Pause Full (System.gc()) 1M->1M(7851M) 8.585ms
[102.709s][info][gc,cpu         ] GC(445) User=0.02s Sys=0.00s Real=0.01s
[103.167s][info][gc,start       ] GC(446) Pause Young (System.gc())
[103.167s][info][gc,heap        ] GC(446) PSYoungGen: 41953K(2446848K)->128K(2446848K) Eden: 41953K(2097664K)->0K(2097664K) From: 0K(349184K)->128K(349184K)
[103.167s][info][gc,heap        ] GC(446) ParOldGen: 1142K(5592576K)->1142K(5592576K)
[103.167s][info][gc,metaspace   ] GC(446) Metaspace: 644K(896K)->644K(896K) NonClass: 594K(704K)->594K(704K) Class: 49K(192K)->49K(192K)
[103.167s][info][gc             ] GC(446) Pause Young (System.gc()) 42M->1M(7851M) 0.691ms
[103.167s][info][gc,cpu         ] GC(446) User=0.00s Sys=0.00s Real=0.00s
[103.167s][info][gc,start       ] GC(447) Pause Full (System.gc())
[103.168s][info][gc,phases,start] GC(447) Marking Phase
[103.173s][info][gc,phases      ] GC(447) Marking Phase 5.388ms
[103.173s][info][gc,phases,start] GC(447) Summary Phase
[103.173s][info][gc,phases      ] GC(447) Summary Phase 0.024ms
[103.173s][info][gc,phases,start] GC(447) Adjust Roots
[103.174s][info][gc,phases      ] GC(447) Adjust Roots 1.010ms
[103.174s][info][gc,phases,start] GC(447) Compaction Phase
[103.176s][info][gc,phases      ] GC(447) Compaction Phase 2.367ms
[103.176s][info][gc,phases,start] GC(447) Post Compact
[103.177s][info][gc,phases      ] GC(447) Post Compact 0.942ms
[103.177s][info][gc,heap        ] GC(447) PSYoungGen: 128K(2446848K)->0K(2446848K) Eden: 0K(2097664K)->0K(2097664K) From: 128K(349184K)->0K(349184K)
[103.178s][info][gc,heap        ] GC(447) ParOldGen: 1142K(5592576K)->1142K(5592576K)
[103.178s][info][gc,metaspace   ] GC(447) Metaspace: 644K(896K)->641K(896K) NonClass: 594K(704K)->593K(704K) Class: 49K(192K)->48K(192K)
[103.178s][info][gc             ] GC(447) Pause Full (System.gc()) 1M->1M(7851M) 10.080ms
[103.178s][info][gc,cpu         ] GC(447) User=0.01s Sys=0.00s Real=0.01s
[103.636s][info][gc,start       ] GC(448) Pause Young (System.gc())
[103.636s][info][gc,heap        ] GC(448) PSYoungGen: 41953K(2446848K)->160K(2446848K) Eden: 41953K(2097664K)->0K(2097664K) From: 0K(349184K)->160K(349184K)
[103.637s][info][gc,heap        ] GC(448) ParOldGen: 1142K(5592576K)->1142K(5592576K)
[103.637s][info][gc,metaspace   ] GC(448) Metaspace: 646K(896K)->646K(896K) NonClass: 596K(704K)->596K(704K) Class: 50K(192K)->50K(192K)
[103.637s][info][gc             ] GC(448) Pause Young (System.gc()) 42M->1M(7851M) 0.652ms
[103.637s][info][gc,cpu         ] GC(448) User=0.00s Sys=0.00s Real=0.00s
[103.637s][info][gc,start       ] GC(449) Pause Full (System.gc())
[103.637s][info][gc,phases,start] GC(449) Marking Phase
[103.642s][info][gc,phases      ] GC(449) Marking Phase 5.036ms
[103.642s][info][gc,phases,start] GC(449) Summary Phase
[103.642s][info][gc,phases      ] GC(449) Summary Phase 0.024ms
[103.642s][info][gc,phases,start] GC(449) Adjust Roots
[103.643s][info][gc,phases      ] GC(449) Adjust Roots 0.929ms
[103.643s][info][gc,phases,start] GC(449) Compaction Phase
[103.645s][info][gc,phases      ] GC(449) Compaction Phase 2.023ms
[103.645s][info][gc,phases,start] GC(449) Post Compact
[103.645s][info][gc,phases      ] GC(449) Post Compact 0.611ms
[103.645s][info][gc,heap        ] GC(449) PSYoungGen: 160K(2446848K)->0K(2446848K) Eden: 0K(2097664K)->0K(2097664K) From: 160K(349184K)->0K(349184K)
[103.646s][info][gc,heap        ] GC(449) ParOldGen: 1142K(5592576K)->1144K(5592576K)
[103.646s][info][gc,metaspace   ] GC(449) Metaspace: 646K(896K)->645K(896K) NonClass: 596K(704K)->595K(704K) Class: 50K(192K)->49K(192K)
[103.646s][info][gc             ] GC(449) Pause Full (System.gc()) 1M->1M(7851M) 8.874ms
[103.646s][info][gc,cpu         ] GC(449) User=0.02s Sys=0.00s Real=0.01s
[104.101s][info][gc,start       ] GC(450) Pause Young (System.gc())
[104.101s][info][gc,heap        ] GC(450) PSYoungGen: 41953K(2446848K)->128K(2446848K) Eden: 41953K(2097664K)->0K(2097664K) From: 0K(349184K)->128K(349184K)
[104.101s][info][gc,heap        ] GC(450) ParOldGen: 1144K(5592576K)->1144K(5592576K)
[104.101s][info][gc,metaspace   ] GC(450) Metaspace: 650K(896K)->650K(896K) NonClass: 599K(704K)->599K(704K) Class: 51K(192K)->51K(192K)
[104.101s][info][gc             ] GC(450) Pause Young (System.gc()) 42M->1M(7851M) 0.248ms
[104.101s][info][gc,cpu         ] GC(450) User=0.00s Sys=0.00s Real=0.00s
[104.101s][info][gc,start       ] GC(451) Pause Full (System.gc())
[104.101s][info][gc,phases,start] GC(451) Marking Phase
[104.103s][info][gc,phases      ] GC(451) Marking Phase 1.792ms
[104.103s][info][gc,phases,start] GC(451) Summary Phase
[104.103s][info][gc,phases      ] GC(451) Summary Phase 0.010ms
[104.103s][info][gc,phases,start] GC(451) Adjust Roots
[104.103s][info][gc,phases      ] GC(451) Adjust Roots 0.383ms
[104.103s][info][gc,phases,start] GC(451) Compaction Phase
[104.104s][info][gc,phases      ] GC(451) Compaction Phase 0.959ms
[104.104s][info][gc,phases,start] GC(451) Post Compact
[104.106s][info][gc,phases      ] GC(451) Post Compact 1.045ms
[104.106s][info][gc,heap        ] GC(451) PSYoungGen: 128K(2446848K)->0K(2446848K) Eden: 0K(2097664K)->0K(2097664K) From: 128K(349184K)->0K(349184K)
[104.106s][info][gc,heap        ] GC(451) ParOldGen: 1144K(5592576K)->1134K(5592576K)
[104.106s][info][gc,metaspace   ] GC(451) Metaspace: 650K(896K)->628K(896K) NonClass: 599K(704K)->586K(704K) Class: 51K(192K)->42K(192K)
[104.106s][info][gc             ] GC(451) Pause Full (System.gc()) 1M->1M(7851M) 4.387ms
[104.106s][info][gc,cpu         ] GC(451) User=0.00s Sys=0.00s Real=0.01s
[104.561s][info][gc,start       ] GC(452) Pause Young (System.gc())
[104.561s][info][gc,heap        ] GC(452) PSYoungGen: 41953K(2446848K)->160K(2446848K) Eden: 41953K(2097664K)->0K(2097664K) From: 0K(349184K)->160K(349184K)
[104.561s][info][gc,heap        ] GC(452) ParOldGen: 1134K(5592576K)->1134K(5592576K)
[104.561s][info][gc,metaspace   ] GC(452) Metaspace: 633K(896K)->633K(896K) NonClass: 589K(704K)->589K(704K) Class: 43K(192K)->43K(192K)
[104.561s][info][gc             ] GC(452) Pause Young (System.gc()) 42M->1M(7851M) 0.285ms
[104.561s][info][gc,cpu         ] GC(452) User=0.00s Sys=0.00s Real=0.00s
[104.561s][info][gc,start       ] GC(453) Pause Full (System.gc())
[104.561s][info][gc,phases,start] GC(453) Marking Phase
[104.564s][info][gc,phases      ] GC(453) Marking Phase 2.248ms
[104.564s][info][gc,phases,start] GC(453) Summary Phase
[104.564s][info][gc,phases      ] GC(453) Summary Phase 0.014ms
[104.564s][info][gc,phases,start] GC(453) Adjust Roots
[104.564s][info][gc,phases      ] GC(453) Adjust Roots 0.676ms
[104.564s][info][gc,phases,start] GC(453) Compaction Phase
[104.566s][info][gc,phases      ] GC(453) Compaction Phase 1.149ms
[104.566s][info][gc,phases,start] GC(453) Post Compact
[104.566s][info][gc,phases      ] GC(453) Post Compact 0.451ms
[104.566s][info][gc,heap        ] GC(453) PSYoungGen: 160K(2446848K)->0K(2446848K) Eden: 0K(2097664K)->0K(2097664K) From: 160K(349184K)->0K(349184K)
[104.566s][info][gc,heap        ] GC(453) ParOldGen: 1134K(5592576K)->1135K(5592576K)
[104.566s][info][gc,metaspace   ] GC(453) Metaspace: 633K(896K)->630K(896K) NonClass: 589K(704K)->587K(704K) Class: 43K(192K)->42K(192K)
[104.566s][info][gc             ] GC(453) Pause Full (System.gc()) 1M->1M(7851M) 4.690ms
[104.566s][info][gc,cpu         ] GC(453) User=0.00s Sys=0.00s Real=0.01s
[105.019s][info][gc,start       ] GC(454) Pause Young (System.gc())
[105.020s][info][gc,heap        ] GC(454) PSYoungGen: 41953K(2446848K)->128K(2446848K) Eden: 41953K(2097664K)->0K(2097664K) From: 0K(349184K)->128K(349184K)
[105.020s][info][gc,heap        ] GC(454) ParOldGen: 1135K(5592576K)->1135K(5592576K)
[105.020s][info][gc,metaspace   ] GC(454) Metaspace: 635K(896K)->635K(896K) NonClass: 591K(704K)->591K(704K) Class: 44K(192K)->44K(192K)
[105.020s][info][gc             ] GC(454) Pause Young (System.gc()) 42M->1M(7851M) 0.616ms
[105.020s][info][gc,cpu         ] GC(454) User=0.00s Sys=0.00s Real=0.00s
[105.020s][info][gc,start       ] GC(455) Pause Full (System.gc())
[105.020s][info][gc,phases,start] GC(455) Marking Phase
[105.024s][info][gc,phases      ] GC(455) Marking Phase 3.656ms
[105.024s][info][gc,phases,start] GC(455) Summary Phase
[105.024s][info][gc,phases      ] GC(455) Summary Phase 0.034ms
[105.024s][info][gc,phases,start] GC(455) Adjust Roots
[105.025s][info][gc,phases      ] GC(455) Adjust Roots 0.962ms
[105.025s][info][gc,phases,start] GC(455) Compaction Phase
[105.028s][info][gc,phases      ] GC(455) Compaction Phase 2.778ms
[105.028s][info][gc,phases,start] GC(455) Post Compact
[105.028s][info][gc,phases      ] GC(455) Post Compact 0.631ms
[105.028s][info][gc,heap        ] GC(455) PSYoungGen: 128K(2446848K)->0K(2446848K) Eden: 0K(2097664K)->0K(2097664K) From: 128K(349184K)->0K(349184K)
[105.028s][info][gc,heap        ] GC(455) ParOldGen: 1135K(5592576K)->1138K(5592576K)
[105.028s][info][gc,metaspace   ] GC(455) Metaspace: 635K(896K)->635K(896K) NonClass: 591K(704K)->591K(704K) Class: 44K(192K)->44K(192K)
[105.028s][info][gc             ] GC(455) Pause Full (System.gc()) 1M->1M(7851M) 8.423ms
[105.028s][info][gc,cpu         ] GC(455) User=0.01s Sys=0.00s Real=0.01s
[105.486s][info][gc,start       ] GC(456) Pause Young (System.gc())
[105.486s][info][gc,heap        ] GC(456) PSYoungGen: 41953K(2446848K)->96K(2446848K) Eden: 41953K(2097664K)->0K(2097664K) From: 0K(349184K)->96K(349184K)
[105.486s][info][gc,heap        ] GC(456) ParOldGen: 1138K(5592576K)->1138K(5592576K)
[105.486s][info][gc,metaspace   ] GC(456) Metaspace: 640K(896K)->640K(896K) NonClass: 594K(704K)->594K(704K) Class: 45K(192K)->45K(192K)
[105.486s][info][gc             ] GC(456) Pause Young (System.gc()) 42M->1M(7851M) 0.631ms
[105.486s][info][gc,cpu         ] GC(456) User=0.00s Sys=0.00s Real=0.00s
[105.487s][info][gc,start       ] GC(457) Pause Full (System.gc())
[105.487s][info][gc,phases,start] GC(457) Marking Phase
[105.491s][info][gc,phases      ] GC(457) Marking Phase 3.944ms
[105.491s][info][gc,phases,start] GC(457) Summary Phase
[105.491s][info][gc,phases      ] GC(457) Summary Phase 0.026ms
[105.491s][info][gc,phases,start] GC(457) Adjust Roots
[105.492s][info][gc,phases      ] GC(457) Adjust Roots 1.843ms
[105.493s][info][gc,phases,start] GC(457) Compaction Phase
[105.494s][info][gc,phases      ] GC(457) Compaction Phase 1.586ms
[105.494s][info][gc,phases,start] GC(457) Post Compact
[105.495s][info][gc,phases      ] GC(457) Post Compact 0.665ms
[105.495s][info][gc,heap        ] GC(457) PSYoungGen: 96K(2446848K)->0K(2446848K) Eden: 0K(2097664K)->0K(2097664K) From: 96K(349184K)->0K(349184K)
[105.495s][info][gc,heap        ] GC(457) ParOldGen: 1138K(5592576K)->1141K(5592576K)
[105.495s][info][gc,metaspace   ] GC(457) Metaspace: 640K(896K)->640K(896K) NonClass: 594K(704K)->594K(704K) Class: 45K(192K)->45K(192K)
[105.495s][info][gc             ] GC(457) Pause Full (System.gc()) 1M->1M(7851M) 8.340ms
[105.495s][info][gc,cpu         ] GC(457) User=0.02s Sys=0.00s Real=0.01s
[105.950s][info][gc,start       ] GC(458) Pause Young (System.gc())
[105.950s][info][gc,heap        ] GC(458) PSYoungGen: 41953K(2446848K)->160K(2446848K) Eden: 41953K(2097664K)->0K(2097664K) From: 0K(349184K)->160K(349184K)
[105.951s][info][gc,heap        ] GC(458) ParOldGen: 1141K(5592576K)->1141K(5592576K)
[105.951s][info][gc,metaspace   ] GC(458) Metaspace: 645K(896K)->645K(896K) NonClass: 597K(704K)->597K(704K) Class: 47K(192K)->47K(192K)
[105.951s][info][gc             ] GC(458) Pause Young (System.gc()) 42M->1M(7851M) 0.606ms
[105.951s][info][gc,cpu         ] GC(458) User=0.00s Sys=0.00s Real=0.00s
[105.951s][info][gc,start       ] GC(459) Pause Full (System.gc())
[105.951s][info][gc,phases,start] GC(459) Marking Phase
[105.954s][info][gc,phases      ] GC(459) Marking Phase 3.540ms
[105.954s][info][gc,phases,start] GC(459) Summary Phase
[105.954s][info][gc,phases      ] GC(459) Summary Phase 0.023ms
[105.954s][info][gc,phases,start] GC(459) Adjust Roots
[105.956s][info][gc,phases      ] GC(459) Adjust Roots 1.239ms
[105.956s][info][gc,phases,start] GC(459) Compaction Phase
[105.958s][info][gc,phases      ] GC(459) Compaction Phase 2.284ms
[105.958s][info][gc,phases,start] GC(459) Post Compact
[105.959s][info][gc,phases      ] GC(459) Post Compact 1.076ms
[105.959s][info][gc,heap        ] GC(459) PSYoungGen: 160K(2446848K)->0K(2446848K) Eden: 0K(2097664K)->0K(2097664K) From: 160K(349184K)->0K(349184K)
[105.959s][info][gc,heap        ] GC(459) ParOldGen: 1141K(5592576K)->1144K(5592576K)
[105.959s][info][gc,metaspace   ] GC(459) Metaspace: 645K(896K)->645K(896K) NonClass: 597K(704K)->597K(704K) Class: 47K(192K)->47K(192K)
[105.959s][info][gc             ] GC(459) Pause Full (System.gc()) 1M->1M(7851M) 8.462ms
[105.959s][info][gc,cpu         ] GC(459) User=0.01s Sys=0.00s Real=0.01s
[106.417s][info][gc,start       ] GC(460) Pause Young (System.gc())
[106.417s][info][gc,heap        ] GC(460) PSYoungGen: 41953K(2446848K)->96K(2446848K) Eden: 41953K(2097664K)->0K(2097664K) From: 0K(349184K)->96K(349184K)
[106.417s][info][gc,heap        ] GC(460) ParOldGen: 1144K(5592576K)->1144K(5592576K)
[106.417s][info][gc,metaspace   ] GC(460) Metaspace: 650K(896K)->650K(896K) NonClass: 601K(704K)->601K(704K) Class: 49K(192K)->49K(192K)
[106.417s][info][gc             ] GC(460) Pause Young (System.gc()) 42M->1M(7851M) 0.829ms
[106.418s][info][gc,cpu         ] GC(460) User=0.00s Sys=0.00s Real=0.00s
[106.418s][info][gc,start       ] GC(461) Pause Full (System.gc())
[106.418s][info][gc,phases,start] GC(461) Marking Phase
[106.421s][info][gc,phases      ] GC(461) Marking Phase 3.614ms
[106.421s][info][gc,phases,start] GC(461) Summary Phase
[106.421s][info][gc,phases      ] GC(461) Summary Phase 0.028ms
[106.421s][info][gc,phases,start] GC(461) Adjust Roots
[106.423s][info][gc,phases      ] GC(461) Adjust Roots 1.154ms
[106.423s][info][gc,phases,start] GC(461) Compaction Phase
[106.425s][info][gc,phases      ] GC(461) Compaction Phase 2.210ms
[106.425s][info][gc,phases,start] GC(461) Post Compact
[106.426s][info][gc,phases      ] GC(461) Post Compact 0.942ms
[106.426s][info][gc,heap        ] GC(461) PSYoungGen: 96K(2446848K)->0K(2446848K) Eden: 0K(2097664K)->0K(2097664K) From: 96K(349184K)->0K(349184K)
[106.426s][info][gc,heap        ] GC(461) ParOldGen: 1144K(5592576K)->1147K(5592576K)
[106.426s][info][gc,metaspace   ] GC(461) Metaspace: 650K(896K)->650K(896K) NonClass: 601K(704K)->601K(704K) Class: 49K(192K)->49K(192K)
[106.426s][info][gc             ] GC(461) Pause Full (System.gc()) 1M->1M(7851M) 8.256ms
[106.426s][info][gc,cpu         ] GC(461) User=0.01s Sys=0.01s Real=0.01s
[106.883s][info][gc,start       ] GC(462) Pause Young (System.gc())
[106.884s][info][gc,heap        ] GC(462) PSYoungGen: 41953K(2446848K)->128K(2446848K) Eden: 41953K(2097664K)->0K(2097664K) From: 0K(349184K)->128K(349184K)
[106.884s][info][gc,heap        ] GC(462) ParOldGen: 1147K(5592576K)->1147K(5592576K)
[106.884s][info][gc,metaspace   ] GC(462) Metaspace: 655K(960K)->655K(960K) NonClass: 604K(768K)->604K(768K) Class: 51K(192K)->51K(192K)
[106.884s][info][gc             ] GC(462) Pause Young (System.gc()) 42M->1M(7851M) 0.714ms
[106.884s][info][gc,cpu         ] GC(462) User=0.00s Sys=0.00s Real=0.00s
[106.884s][info][gc,start       ] GC(463) Pause Full (System.gc())
[106.884s][info][gc,phases,start] GC(463) Marking Phase
[106.889s][info][gc,phases      ] GC(463) Marking Phase 4.585ms
[106.889s][info][gc,phases,start] GC(463) Summary Phase
[106.889s][info][gc,phases      ] GC(463) Summary Phase 0.028ms
[106.889s][info][gc,phases,start] GC(463) Adjust Roots
[106.890s][info][gc,phases      ] GC(463) Adjust Roots 1.025ms
[106.890s][info][gc,phases,start] GC(463) Compaction Phase
[106.892s][info][gc,phases      ] GC(463) Compaction Phase 2.556ms
[106.893s][info][gc,phases,start] GC(463) Post Compact
[106.894s][info][gc,phases      ] GC(463) Post Compact 1.013ms
[106.894s][info][gc,heap        ] GC(463) PSYoungGen: 128K(2446848K)->0K(2446848K) Eden: 0K(2097664K)->0K(2097664K) From: 128K(349184K)->0K(349184K)
[106.894s][info][gc,heap        ] GC(463) ParOldGen: 1147K(5592576K)->1140K(5592576K)
[106.894s][info][gc,metaspace   ] GC(463) Metaspace: 655K(960K)->642K(960K) NonClass: 604K(768K)->597K(768K) Class: 51K(192K)->45K(192K)
[106.894s][info][gc             ] GC(463) Pause Full (System.gc()) 1M->1M(7851M) 9.607ms
[106.894s][info][gc,cpu         ] GC(463) User=0.02s Sys=0.00s Real=0.00s
[107.350s][info][gc,start       ] GC(464) Pause Young (System.gc())
[107.351s][info][gc,heap        ] GC(464) PSYoungGen: 41953K(2446848K)->128K(2446848K) Eden: 41953K(2097664K)->0K(2097664K) From: 0K(349184K)->128K(349184K)
[107.351s][info][gc,heap        ] GC(464) ParOldGen: 1140K(5592576K)->1140K(5592576K)
[107.351s][info][gc,metaspace   ] GC(464) Metaspace: 647K(960K)->647K(960K) NonClass: 600K(768K)->600K(768K) Class: 46K(192K)->46K(192K)
[107.351s][info][gc             ] GC(464) Pause Young (System.gc()) 42M->1M(7851M) 0.736ms
[107.351s][info][gc,cpu         ] GC(464) User=0.00s Sys=0.00s Real=0.00s
[107.351s][info][gc,start       ] GC(465) Pause Full (System.gc())
[107.351s][info][gc,phases,start] GC(465) Marking Phase
[107.357s][info][gc,phases      ] GC(465) Marking Phase 5.196ms
[107.357s][info][gc,phases,start] GC(465) Summary Phase
[107.357s][info][gc,phases      ] GC(465) Summary Phase 0.027ms
[107.357s][info][gc,phases,start] GC(465) Adjust Roots
[107.358s][info][gc,phases      ] GC(465) Adjust Roots 1.000ms
[107.358s][info][gc,phases,start] GC(465) Compaction Phase
[107.360s][info][gc,phases      ] GC(465) Compaction Phase 2.405ms
[107.360s][info][gc,phases,start] GC(465) Post Compact
[107.361s][info][gc,phases      ] GC(465) Post Compact 1.325ms
[107.362s][info][gc,heap        ] GC(465) PSYoungGen: 128K(2446848K)->0K(2446848K) Eden: 0K(2097664K)->0K(2097664K) From: 128K(349184K)->0K(349184K)
[107.362s][info][gc,heap        ] GC(465) ParOldGen: 1140K(5592576K)->1141K(5592576K)
[107.362s][info][gc,metaspace   ] GC(465) Metaspace: 647K(960K)->644K(896K) NonClass: 600K(768K)->598K(704K) Class: 46K(192K)->45K(192K)
[107.362s][info][gc             ] GC(465) Pause Full (System.gc()) 1M->1M(7851M) 10.219ms
[107.362s][info][gc,cpu         ] GC(465) User=0.02s Sys=0.00s Real=0.01s
[107.816s][info][gc,start       ] GC(466) Pause Young (System.gc())
[107.816s][info][gc,heap        ] GC(466) PSYoungGen: 41953K(2446848K)->128K(2446848K) Eden: 41953K(2097664K)->0K(2097664K) From: 0K(349184K)->128K(349184K)
[107.816s][info][gc,heap        ] GC(466) ParOldGen: 1141K(5592576K)->1141K(5592576K)
[107.816s][info][gc,metaspace   ] GC(466) Metaspace: 649K(896K)->649K(896K) NonClass: 602K(704K)->602K(704K) Class: 47K(192K)->47K(192K)
[107.816s][info][gc             ] GC(466) Pause Young (System.gc()) 42M->1M(7851M) 0.622ms
[107.816s][info][gc,cpu         ] GC(466) User=0.00s Sys=0.00s Real=0.00s
[107.816s][info][gc,start       ] GC(467) Pause Full (System.gc())
[107.816s][info][gc,phases,start] GC(467) Marking Phase
[107.821s][info][gc,phases      ] GC(467) Marking Phase 4.933ms
[107.821s][info][gc,phases,start] GC(467) Summary Phase
[107.821s][info][gc,phases      ] GC(467) Summary Phase 0.023ms
[107.821s][info][gc,phases,start] GC(467) Adjust Roots
[107.822s][info][gc,phases      ] GC(467) Adjust Roots 0.946ms
[107.822s][info][gc,phases,start] GC(467) Compaction Phase
[107.825s][info][gc,phases      ] GC(467) Compaction Phase 2.386ms
[107.825s][info][gc,phases,start] GC(467) Post Compact
[107.826s][info][gc,phases      ] GC(467) Post Compact 0.995ms
[107.826s][info][gc,heap        ] GC(467) PSYoungGen: 128K(2446848K)->0K(2446848K) Eden: 0K(2097664K)->0K(2097664K) From: 128K(349184K)->0K(349184K)
[107.826s][info][gc,heap        ] GC(467) ParOldGen: 1141K(5592576K)->1143K(5592576K)
[107.826s][info][gc,metaspace   ] GC(467) Metaspace: 649K(896K)->648K(896K) NonClass: 602K(704K)->601K(704K) Class: 47K(192K)->46K(192K)
[107.826s][info][gc             ] GC(467) Pause Full (System.gc()) 1M->1M(7851M) 9.622ms
[107.826s][info][gc,cpu         ] GC(467) User=0.02s Sys=0.00s Real=0.01s
[108.284s][info][gc,start       ] GC(468) Pause Young (System.gc())
[108.284s][info][gc,heap        ] GC(468) PSYoungGen: 41953K(2446848K)->96K(2446848K) Eden: 41953K(2097664K)->0K(2097664K) From: 0K(349184K)->96K(349184K)
[108.284s][info][gc,heap        ] GC(468) ParOldGen: 1143K(5592576K)->1143K(5592576K)
[108.284s][info][gc,metaspace   ] GC(468) Metaspace: 653K(896K)->653K(896K) NonClass: 605K(704K)->605K(704K) Class: 48K(192K)->48K(192K)
[108.284s][info][gc             ] GC(468) Pause Young (System.gc()) 42M->1M(7851M) 0.620ms
[108.284s][info][gc,cpu         ] GC(468) User=0.00s Sys=0.00s Real=0.01s
[108.284s][info][gc,start       ] GC(469) Pause Full (System.gc())
[108.284s][info][gc,phases,start] GC(469) Marking Phase
[108.288s][info][gc,phases      ] GC(469) Marking Phase 3.985ms
[108.288s][info][gc,phases,start] GC(469) Summary Phase
[108.288s][info][gc,phases      ] GC(469) Summary Phase 0.023ms
[108.288s][info][gc,phases,start] GC(469) Adjust Roots
[108.290s][info][gc,phases      ] GC(469) Adjust Roots 1.344ms
[108.290s][info][gc,phases,start] GC(469) Compaction Phase
[108.293s][info][gc,phases      ] GC(469) Compaction Phase 2.956ms
[108.293s][info][gc,phases,start] GC(469) Post Compact
[108.294s][info][gc,phases      ] GC(469) Post Compact 0.899ms
[108.294s][info][gc,heap        ] GC(469) PSYoungGen: 96K(2446848K)->0K(2446848K) Eden: 0K(2097664K)->0K(2097664K) From: 96K(349184K)->0K(349184K)
[108.294s][info][gc,heap        ] GC(469) ParOldGen: 1143K(5592576K)->1146K(5592576K)
[108.294s][info][gc,metaspace   ] GC(469) Metaspace: 653K(896K)->653K(896K) NonClass: 605K(704K)->605K(704K) Class: 48K(192K)->48K(192K)
[108.294s][info][gc             ] GC(469) Pause Full (System.gc()) 1M->1M(7851M) 9.578ms
[108.294s][info][gc,cpu         ] GC(469) User=0.02s Sys=0.01s Real=0.00s
[108.747s][info][gc,start       ] GC(470) Pause Young (System.gc())
[108.747s][info][gc,heap        ] GC(470) PSYoungGen: 41953K(2446848K)->128K(2446848K) Eden: 41953K(2097664K)->0K(2097664K) From: 0K(349184K)->128K(349184K)
[108.747s][info][gc,heap        ] GC(470) ParOldGen: 1146K(5592576K)->1146K(5592576K)
[108.747s][info][gc,metaspace   ] GC(470) Metaspace: 658K(960K)->658K(960K) NonClass: 608K(768K)->608K(768K) Class: 50K(192K)->50K(192K)
[108.748s][info][gc             ] GC(470) Pause Young (System.gc()) 42M->1M(7851M) 0.557ms
[108.748s][info][gc,cpu         ] GC(470) User=0.00s Sys=0.00s Real=0.00s
[108.748s][info][gc,start       ] GC(471) Pause Full (System.gc())
[108.748s][info][gc,phases,start] GC(471) Marking Phase
[108.751s][info][gc,phases      ] GC(471) Marking Phase 3.326ms
[108.751s][info][gc,phases,start] GC(471) Summary Phase
[108.751s][info][gc,phases      ] GC(471) Summary Phase 0.029ms
[108.751s][info][gc,phases,start] GC(471) Adjust Roots
[108.752s][info][gc,phases      ] GC(471) Adjust Roots 0.929ms
[108.752s][info][gc,phases,start] GC(471) Compaction Phase
[108.754s][info][gc,phases      ] GC(471) Compaction Phase 2.179ms
[108.754s][info][gc,phases,start] GC(471) Post Compact
[108.755s][info][gc,phases      ] GC(471) Post Compact 0.774ms
[108.755s][info][gc,heap        ] GC(471) PSYoungGen: 128K(2446848K)->0K(2446848K) Eden: 0K(2097664K)->0K(2097664K) From: 128K(349184K)->0K(349184K)
[108.755s][info][gc,heap        ] GC(471) ParOldGen: 1146K(5592576K)->1149K(5592576K)
[108.755s][info][gc,metaspace   ] GC(471) Metaspace: 658K(960K)->658K(960K) NonClass: 608K(768K)->608K(768K) Class: 50K(192K)->50K(192K)
[108.755s][info][gc             ] GC(471) Pause Full (System.gc()) 1M->1M(7851M) 7.521ms
[108.755s][info][gc,cpu         ] GC(471) User=0.01s Sys=0.00s Real=0.01s
[109.211s][info][gc,start       ] GC(472) Pause Young (System.gc())
[109.211s][info][gc,heap        ] GC(472) PSYoungGen: 41953K(2446848K)->96K(2446848K) Eden: 41953K(2097664K)->0K(2097664K) From: 0K(349184K)->96K(349184K)
[109.211s][info][gc,heap        ] GC(472) ParOldGen: 1149K(5592576K)->1149K(5592576K)
[109.211s][info][gc,metaspace   ] GC(472) Metaspace: 663K(960K)->663K(960K) NonClass: 611K(768K)->611K(768K) Class: 51K(192K)->51K(192K)
[109.211s][info][gc             ] GC(472) Pause Young (System.gc()) 42M->1M(7851M) 0.519ms
[109.211s][info][gc,cpu         ] GC(472) User=0.00s Sys=0.00s Real=0.00s
[109.211s][info][gc,start       ] GC(473) Pause Full (System.gc())
[109.211s][info][gc,phases,start] GC(473) Marking Phase
[109.214s][info][gc,phases      ] GC(473) Marking Phase 2.571ms
[109.214s][info][gc,phases,start] GC(473) Summary Phase
[109.214s][info][gc,phases      ] GC(473) Summary Phase 0.015ms
[109.214s][info][gc,phases,start] GC(473) Adjust Roots
[109.215s][info][gc,phases      ] GC(473) Adjust Roots 0.762ms
[109.215s][info][gc,phases,start] GC(473) Compaction Phase
[109.216s][info][gc,phases      ] GC(473) Compaction Phase 1.121ms
[109.216s][info][gc,phases,start] GC(473) Post Compact
[109.216s][info][gc,phases      ] GC(473) Post Compact 0.503ms
[109.216s][info][gc,heap        ] GC(473) PSYoungGen: 96K(2446848K)->0K(2446848K) Eden: 0K(2097664K)->0K(2097664K) From: 96K(349184K)->0K(349184K)
[109.216s][info][gc,heap        ] GC(473) ParOldGen: 1149K(5592576K)->1151K(5592576K)
[109.216s][info][gc,metaspace   ] GC(473) Metaspace: 663K(960K)->663K(960K) NonClass: 611K(768K)->611K(768K) Class: 51K(192K)->51K(192K)
[109.216s][info][gc             ] GC(473) Pause Full (System.gc()) 1M->1M(7851M) 5.133ms
[109.216s][info][gc,cpu         ] GC(473) User=0.01s Sys=0.00s Real=0.01s
[109.675s][info][gc,start       ] GC(474) Pause Young (System.gc())
[109.679s][info][gc,heap        ] GC(474) PSYoungGen: 41953K(2446848K)->96K(2446848K) Eden: 41953K(2097664K)->0K(2097664K) From: 0K(349184K)->96K(349184K)
[109.679s][info][gc,heap        ] GC(474) ParOldGen: 1151K(5592576K)->1151K(5592576K)
[109.679s][info][gc,metaspace   ] GC(474) Metaspace: 668K(960K)->668K(960K) NonClass: 614K(768K)->614K(768K) Class: 53K(192K)->53K(192K)
[109.679s][info][gc             ] GC(474) Pause Young (System.gc()) 42M->1M(7851M) 4.917ms
[109.680s][info][gc,cpu         ] GC(474) User=0.01s Sys=0.00s Real=0.00s
[109.680s][info][gc,start       ] GC(475) Pause Full (System.gc())
[109.680s][info][gc,phases,start] GC(475) Marking Phase
[109.686s][info][gc,phases      ] GC(475) Marking Phase 6.126ms
[109.686s][info][gc,phases,start] GC(475) Summary Phase
[109.686s][info][gc,phases      ] GC(475) Summary Phase 0.030ms
[109.686s][info][gc,phases,start] GC(475) Adjust Roots
[109.687s][info][gc,phases      ] GC(475) Adjust Roots 0.940ms
[109.687s][info][gc,phases,start] GC(475) Compaction Phase
[109.689s][info][gc,phases      ] GC(475) Compaction Phase 1.969ms
[109.689s][info][gc,phases,start] GC(475) Post Compact
[109.690s][info][gc,phases      ] GC(475) Post Compact 0.667ms
[109.690s][info][gc,heap        ] GC(475) PSYoungGen: 96K(2446848K)->0K(2446848K) Eden: 0K(2097664K)->0K(2097664K) From: 96K(349184K)->0K(349184K)
[109.690s][info][gc,heap        ] GC(475) ParOldGen: 1151K(5592576K)->1150K(5592576K)
[109.690s][info][gc,metaspace   ] GC(475) Metaspace: 668K(960K)->664K(960K) NonClass: 614K(768K)->613K(768K) Class: 53K(192K)->51K(192K)
[109.690s][info][gc             ] GC(475) Pause Full (System.gc()) 1M->1M(7851M) 10.031ms
[109.690s][info][gc,cpu         ] GC(475) User=0.01s Sys=0.00s Real=0.01s
[110.147s][info][gc,start       ] GC(476) Pause Young (System.gc())
[110.148s][info][gc,heap        ] GC(476) PSYoungGen: 41953K(2446848K)->96K(2446848K) Eden: 41953K(2097664K)->0K(2097664K) From: 0K(349184K)->96K(349184K)
[110.148s][info][gc,heap        ] GC(476) ParOldGen: 1150K(5592576K)->1150K(5592576K)
[110.148s][info][gc,metaspace   ] GC(476) Metaspace: 669K(960K)->669K(960K) NonClass: 616K(768K)->616K(768K) Class: 53K(192K)->53K(192K)
[110.148s][info][gc             ] GC(476) Pause Young (System.gc()) 42M->1M(7851M) 0.707ms
[110.148s][info][gc,cpu         ] GC(476) User=0.00s Sys=0.00s Real=0.00s
[110.148s][info][gc,start       ] GC(477) Pause Full (System.gc())
[110.148s][info][gc,phases,start] GC(477) Marking Phase
[110.153s][info][gc,phases      ] GC(477) Marking Phase 4.978ms
[110.153s][info][gc,phases,start] GC(477) Summary Phase
[110.153s][info][gc,phases      ] GC(477) Summary Phase 0.031ms
[110.153s][info][gc,phases,start] GC(477) Adjust Roots
[110.154s][info][gc,phases      ] GC(477) Adjust Roots 0.909ms
[110.154s][info][gc,phases,start] GC(477) Compaction Phase
[110.156s][info][gc,phases      ] GC(477) Compaction Phase 2.184ms
[110.157s][info][gc,phases,start] GC(477) Post Compact
[110.157s][info][gc,phases      ] GC(477) Post Compact 0.658ms
[110.157s][info][gc,heap        ] GC(477) PSYoungGen: 96K(2446848K)->0K(2446848K) Eden: 0K(2097664K)->0K(2097664K) From: 96K(349184K)->0K(349184K)
[110.157s][info][gc,heap        ] GC(477) ParOldGen: 1150K(5592576K)->1152K(5592576K)
[110.157s][info][gc,metaspace   ] GC(477) Metaspace: 669K(960K)->668K(960K) NonClass: 616K(768K)->615K(768K) Class: 53K(192K)->52K(192K)
[110.157s][info][gc             ] GC(477) Pause Full (System.gc()) 1M->1M(7851M) 9.105ms
[110.157s][info][gc,cpu         ] GC(477) User=0.02s Sys=0.01s Real=0.01s
[110.615s][info][gc,start       ] GC(478) Pause Young (System.gc())
[110.616s][info][gc,heap        ] GC(478) PSYoungGen: 41953K(2446848K)->128K(2446848K) Eden: 41953K(2097664K)->0K(2097664K) From: 0K(349184K)->128K(349184K)
[110.616s][info][gc,heap        ] GC(478) ParOldGen: 1152K(5592576K)->1152K(5592576K)
[110.616s][info][gc,metaspace   ] GC(478) Metaspace: 673K(960K)->673K(960K) NonClass: 619K(768K)->619K(768K) Class: 54K(192K)->54K(192K)
[110.616s][info][gc             ] GC(478) Pause Young (System.gc()) 42M->1M(7851M) 0.709ms
[110.616s][info][gc,cpu         ] GC(478) User=0.00s Sys=0.00s Real=0.00s
[110.616s][info][gc,start       ] GC(479) Pause Full (System.gc())
[110.616s][info][gc,phases,start] GC(479) Marking Phase
[110.621s][info][gc,phases      ] GC(479) Marking Phase 4.892ms
[110.621s][info][gc,phases,start] GC(479) Summary Phase
[110.621s][info][gc,phases      ] GC(479) Summary Phase 0.034ms
[110.621s][info][gc,phases,start] GC(479) Adjust Roots
[110.622s][info][gc,phases      ] GC(479) Adjust Roots 0.965ms
[110.622s][info][gc,phases,start] GC(479) Compaction Phase
[110.625s][info][gc,phases      ] GC(479) Compaction Phase 3.137ms
[110.625s][info][gc,phases,start] GC(479) Post Compact
[110.626s][info][gc,phases      ] GC(479) Post Compact 1.167ms
[110.627s][info][gc,heap        ] GC(479) PSYoungGen: 128K(2446848K)->0K(2446848K) Eden: 0K(2097664K)->0K(2097664K) From: 128K(349184K)->0K(349184K)
[110.627s][info][gc,heap        ] GC(479) ParOldGen: 1152K(5592576K)->1148K(5592576K)
[110.627s][info][gc,metaspace   ] GC(479) Metaspace: 673K(960K)->660K(960K) NonClass: 619K(768K)->611K(768K) Class: 54K(192K)->49K(192K)
[110.627s][info][gc             ] GC(479) Pause Full (System.gc()) 1M->1M(7851M) 10.706ms
[110.627s][info][gc,cpu         ] GC(479) User=0.02s Sys=0.00s Real=0.01s
[111.081s][info][gc,start       ] GC(480) Pause Young (System.gc())
[111.082s][info][gc,heap        ] GC(480) PSYoungGen: 41953K(2446848K)->192K(2446848K) Eden: 41953K(2097664K)->0K(2097664K) From: 0K(349184K)->192K(349184K)
[111.082s][info][gc,heap        ] GC(480) ParOldGen: 1148K(5592576K)->1148K(5592576K)
[111.082s][info][gc,metaspace   ] GC(480) Metaspace: 665K(960K)->665K(960K) NonClass: 614K(768K)->614K(768K) Class: 50K(192K)->50K(192K)
[111.082s][info][gc             ] GC(480) Pause Young (System.gc()) 42M->1M(7851M) 0.586ms
[111.082s][info][gc,cpu         ] GC(480) User=0.00s Sys=0.00s Real=0.00s
[111.082s][info][gc,start       ] GC(481) Pause Full (System.gc())
[111.082s][info][gc,phases,start] GC(481) Marking Phase
[111.087s][info][gc,phases      ] GC(481) Marking Phase 4.786ms
[111.087s][info][gc,phases,start] GC(481) Summary Phase
[111.087s][info][gc,phases      ] GC(481) Summary Phase 0.036ms
[111.087s][info][gc,phases,start] GC(481) Adjust Roots
[111.088s][info][gc,phases      ] GC(481) Adjust Roots 1.020ms
[111.088s][info][gc,phases,start] GC(481) Compaction Phase
[111.091s][info][gc,phases      ] GC(481) Compaction Phase 2.309ms
[111.091s][info][gc,phases,start] GC(481) Post Compact
[111.091s][info][gc,phases      ] GC(481) Post Compact 0.727ms
[111.091s][info][gc,heap        ] GC(481) PSYoungGen: 192K(2446848K)->0K(2446848K) Eden: 0K(2097664K)->0K(2097664K) From: 192K(349184K)->0K(349184K)
[111.092s][info][gc,heap        ] GC(481) ParOldGen: 1148K(5592576K)->1149K(5592576K)
[111.092s][info][gc,metaspace   ] GC(481) Metaspace: 665K(960K)->662K(960K) NonClass: 614K(768K)->613K(768K) Class: 50K(192K)->49K(192K)
[111.092s][info][gc             ] GC(481) Pause Full (System.gc()) 1M->1M(7851M) 9.387ms
[111.092s][info][gc,cpu         ] GC(481) User=0.02s Sys=0.00s Real=0.01s
[111.548s][info][gc,start       ] GC(482) Pause Young (System.gc())
[111.549s][info][gc,heap        ] GC(482) PSYoungGen: 41953K(2446848K)->160K(2446848K) Eden: 41953K(2097664K)->0K(2097664K) From: 0K(349184K)->160K(349184K)
[111.549s][info][gc,heap        ] GC(482) ParOldGen: 1149K(5592576K)->1149K(5592576K)
[111.549s][info][gc,metaspace   ] GC(482) Metaspace: 667K(960K)->667K(960K) NonClass: 616K(768K)->616K(768K) Class: 51K(192K)->51K(192K)
[111.549s][info][gc             ] GC(482) Pause Young (System.gc()) 42M->1M(7851M) 0.640ms
[111.549s][info][gc,cpu         ] GC(482) User=0.00s Sys=0.00s Real=0.00s
[111.549s][info][gc,start       ] GC(483) Pause Full (System.gc())
[111.549s][info][gc,phases,start] GC(483) Marking Phase
[111.553s][info][gc,phases      ] GC(483) Marking Phase 3.564ms
[111.553s][info][gc,phases,start] GC(483) Summary Phase
[111.553s][info][gc,phases      ] GC(483) Summary Phase 0.039ms
[111.553s][info][gc,phases,start] GC(483) Adjust Roots
[111.554s][info][gc,phases      ] GC(483) Adjust Roots 0.908ms
[111.554s][info][gc,phases,start] GC(483) Compaction Phase
[111.557s][info][gc,phases      ] GC(483) Compaction Phase 3.109ms
[111.557s][info][gc,phases,start] GC(483) Post Compact
[111.558s][info][gc,phases      ] GC(483) Post Compact 0.693ms
[111.558s][info][gc,heap        ] GC(483) PSYoungGen: 160K(2446848K)->0K(2446848K) Eden: 0K(2097664K)->0K(2097664K) From: 160K(349184K)->0K(349184K)
[111.558s][info][gc,heap        ] GC(483) ParOldGen: 1149K(5592576K)->1151K(5592576K)
[111.558s][info][gc,metaspace   ] GC(483) Metaspace: 667K(960K)->667K(960K) NonClass: 616K(768K)->616K(768K) Class: 51K(192K)->51K(192K)
[111.558s][info][gc             ] GC(483) Pause Full (System.gc()) 1M->1M(7851M) 8.686ms
[111.558s][info][gc,cpu         ] GC(483) User=0.02s Sys=0.00s Real=0.01s
[112.015s][info][gc,start       ] GC(484) Pause Young (System.gc())
[112.016s][info][gc,heap        ] GC(484) PSYoungGen: 41953K(2446848K)->128K(2446848K) Eden: 41953K(2097664K)->0K(2097664K) From: 0K(349184K)->128K(349184K)
[112.016s][info][gc,heap        ] GC(484) ParOldGen: 1151K(5592576K)->1151K(5592576K)
[112.016s][info][gc,metaspace   ] GC(484) Metaspace: 672K(960K)->672K(960K) NonClass: 619K(768K)->619K(768K) Class: 52K(192K)->52K(192K)
[112.016s][info][gc             ] GC(484) Pause Young (System.gc()) 42M->1M(7851M) 0.627ms
[112.016s][info][gc,cpu         ] GC(484) User=0.00s Sys=0.00s Real=0.00s
[112.016s][info][gc,start       ] GC(485) Pause Full (System.gc())
[112.016s][info][gc,phases,start] GC(485) Marking Phase
[112.020s][info][gc,phases      ] GC(485) Marking Phase 3.845ms
[112.020s][info][gc,phases,start] GC(485) Summary Phase
[112.020s][info][gc,phases      ] GC(485) Summary Phase 0.030ms
[112.020s][info][gc,phases,start] GC(485) Adjust Roots
[112.021s][info][gc,phases      ] GC(485) Adjust Roots 0.937ms
[112.021s][info][gc,phases,start] GC(485) Compaction Phase
[112.023s][info][gc,phases      ] GC(485) Compaction Phase 2.134ms
[112.023s][info][gc,phases,start] GC(485) Post Compact
[112.024s][info][gc,phases      ] GC(485) Post Compact 0.612ms
[112.024s][info][gc,heap        ] GC(485) PSYoungGen: 128K(2446848K)->0K(2446848K) Eden: 0K(2097664K)->0K(2097664K) From: 128K(349184K)->0K(349184K)
[112.024s][info][gc,heap        ] GC(485) ParOldGen: 1151K(5592576K)->1154K(5592576K)
[112.024s][info][gc,metaspace   ] GC(485) Metaspace: 672K(960K)->672K(960K) NonClass: 619K(768K)->619K(768K) Class: 52K(192K)->52K(192K)
[112.024s][info][gc             ] GC(485) Pause Full (System.gc()) 1M->1M(7851M) 7.841ms
[112.024s][info][gc,cpu         ] GC(485) User=0.01s Sys=0.00s Real=0.01s
[112.481s][info][gc,start       ] GC(486) Pause Young (System.gc())
[112.482s][info][gc,heap        ] GC(486) PSYoungGen: 41953K(2446848K)->128K(2446848K) Eden: 41953K(2097664K)->0K(2097664K) From: 0K(349184K)->128K(349184K)
[112.482s][info][gc,heap        ] GC(486) ParOldGen: 1154K(5592576K)->1154K(5592576K)
[112.482s][info][gc,metaspace   ] GC(486) Metaspace: 677K(960K)->677K(960K) NonClass: 623K(768K)->623K(768K) Class: 54K(192K)->54K(192K)
[112.482s][info][gc             ] GC(486) Pause Young (System.gc()) 42M->1M(7851M) 0.543ms
[112.482s][info][gc,cpu         ] GC(486) User=0.00s Sys=0.00s Real=0.00s
[112.482s][info][gc,start       ] GC(487) Pause Full (System.gc())
[112.482s][info][gc,phases,start] GC(487) Marking Phase
[112.486s][info][gc,phases      ] GC(487) Marking Phase 3.711ms
[112.486s][info][gc,phases,start] GC(487) Summary Phase
[112.486s][info][gc,phases      ] GC(487) Summary Phase 0.026ms
[112.486s][info][gc,phases,start] GC(487) Adjust Roots
[112.487s][info][gc,phases      ] GC(487) Adjust Roots 0.768ms
[112.487s][info][gc,phases,start] GC(487) Compaction Phase
[112.488s][info][gc,phases      ] GC(487) Compaction Phase 1.578ms
[112.488s][info][gc,phases,start] GC(487) Post Compact
[112.489s][info][gc,phases      ] GC(487) Post Compact 0.671ms
[112.489s][info][gc,heap        ] GC(487) PSYoungGen: 128K(2446848K)->0K(2446848K) Eden: 0K(2097664K)->0K(2097664K) From: 128K(349184K)->0K(349184K)
[112.489s][info][gc,heap        ] GC(487) ParOldGen: 1154K(5592576K)->1151K(5592576K)
[112.489s][info][gc,metaspace   ] GC(487) Metaspace: 677K(960K)->669K(960K) NonClass: 623K(768K)->618K(768K) Class: 54K(192K)->51K(192K)
[112.489s][info][gc             ] GC(487) Pause Full (System.gc()) 1M->1M(7851M) 7.023ms
[112.489s][info][gc,cpu         ] GC(487) User=0.02s Sys=0.00s Real=0.01s
[112.943s][info][gc,start       ] GC(488) Pause Young (System.gc())
[112.943s][info][gc,heap        ] GC(488) PSYoungGen: 41953K(2446848K)->128K(2446848K) Eden: 41953K(2097664K)->0K(2097664K) From: 0K(349184K)->128K(349184K)
[112.943s][info][gc,heap        ] GC(488) ParOldGen: 1151K(5592576K)->1151K(5592576K)
[112.943s][info][gc,metaspace   ] GC(488) Metaspace: 674K(960K)->674K(960K) NonClass: 621K(768K)->621K(768K) Class: 52K(192K)->52K(192K)
[112.943s][info][gc             ] GC(488) Pause Young (System.gc()) 42M->1M(7851M) 0.420ms
[112.943s][info][gc,cpu         ] GC(488) User=0.00s Sys=0.00s Real=0.00s
[112.943s][info][gc,start       ] GC(489) Pause Full (System.gc())
[112.943s][info][gc,phases,start] GC(489) Marking Phase
[112.946s][info][gc,phases      ] GC(489) Marking Phase 3.080ms
[112.946s][info][gc,phases,start] GC(489) Summary Phase
[112.946s][info][gc,phases      ] GC(489) Summary Phase 0.014ms
[112.946s][info][gc,phases,start] GC(489) Adjust Roots
[112.947s][info][gc,phases      ] GC(489) Adjust Roots 0.547ms
[112.947s][info][gc,phases,start] GC(489) Compaction Phase
[112.948s][info][gc,phases      ] GC(489) Compaction Phase 0.999ms
[112.948s][info][gc,phases,start] GC(489) Post Compact
[112.949s][info][gc,phases      ] GC(489) Post Compact 0.930ms
[112.949s][info][gc,heap        ] GC(489) PSYoungGen: 128K(2446848K)->0K(2446848K) Eden: 0K(2097664K)->0K(2097664K) From: 128K(349184K)->0K(349184K)
[112.949s][info][gc,heap        ] GC(489) ParOldGen: 1151K(5592576K)->1121K(5592576K)
[112.949s][info][gc,metaspace   ] GC(489) Metaspace: 674K(960K)->598K(960K) NonClass: 621K(768K)->563K(768K) Class: 52K(192K)->35K(192K)
[112.949s][info][gc             ] GC(489) Pause Full (System.gc()) 1M->1M(7851M) 5.771ms
[112.949s][info][gc,cpu         ] GC(489) User=0.01s Sys=0.00s Real=0.01s
[113.406s][info][gc,start       ] GC(490) Pause Young (System.gc())
[113.406s][info][gc,heap        ] GC(490) PSYoungGen: 41953K(2446848K)->96K(2446848K) Eden: 41953K(2097664K)->0K(2097664K) From: 0K(349184K)->96K(349184K)
[113.406s][info][gc,heap        ] GC(490) ParOldGen: 1121K(5592576K)->1121K(5592576K)
[113.406s][info][gc,metaspace   ] GC(490) Metaspace: 603K(960K)->603K(960K) NonClass: 566K(768K)->566K(768K) Class: 37K(192K)->37K(192K)
[113.406s][info][gc             ] GC(490) Pause Young (System.gc()) 42M->1M(7851M) 0.626ms
[113.406s][info][gc,cpu         ] GC(490) User=0.00s Sys=0.00s Real=0.00s
[113.406s][info][gc,start       ] GC(491) Pause Full (System.gc())
[113.406s][info][gc,phases,start] GC(491) Marking Phase
[113.411s][info][gc,phases      ] GC(491) Marking Phase 4.627ms
[113.411s][info][gc,phases,start] GC(491) Summary Phase
[113.411s][info][gc,phases      ] GC(491) Summary Phase 0.032ms
[113.411s][info][gc,phases,start] GC(491) Adjust Roots
[113.412s][info][gc,phases      ] GC(491) Adjust Roots 0.932ms
[113.412s][info][gc,phases,start] GC(491) Compaction Phase
[113.414s][info][gc,phases      ] GC(491) Compaction Phase 1.909ms
[113.414s][info][gc,phases,start] GC(491) Post Compact
[113.415s][info][gc,phases      ] GC(491) Post Compact 0.668ms
[113.415s][info][gc,heap        ] GC(491) PSYoungGen: 96K(2446848K)->0K(2446848K) Eden: 0K(2097664K)->0K(2097664K) From: 96K(349184K)->0K(349184K)
[113.415s][info][gc,heap        ] GC(491) ParOldGen: 1121K(5592576K)->1121K(5592576K)
[113.415s][info][gc,metaspace   ] GC(491) Metaspace: 603K(960K)->598K(960K) NonClass: 566K(768K)->563K(768K) Class: 37K(192K)->35K(192K)
[113.415s][info][gc             ] GC(491) Pause Full (System.gc()) 1M->1M(7851M) 8.466ms
[113.415s][info][gc,cpu         ] GC(491) User=0.01s Sys=0.00s Real=0.01s
[113.871s][info][gc,start       ] GC(492) Pause Young (System.gc())
[113.872s][info][gc,heap        ] GC(492) PSYoungGen: 41953K(2446848K)->96K(2446848K) Eden: 41953K(2097664K)->0K(2097664K) From: 0K(349184K)->96K(349184K)
[113.872s][info][gc,heap        ] GC(492) ParOldGen: 1121K(5592576K)->1121K(5592576K)
[113.872s][info][gc,metaspace   ] GC(492) Metaspace: 603K(960K)->603K(960K) NonClass: 566K(768K)->566K(768K) Class: 37K(192K)->37K(192K)
[113.872s][info][gc             ] GC(492) Pause Young (System.gc()) 42M->1M(7851M) 0.874ms
[113.872s][info][gc,cpu         ] GC(492) User=0.00s Sys=0.00s Real=0.00s
[113.872s][info][gc,start       ] GC(493) Pause Full (System.gc())
[113.872s][info][gc,phases,start] GC(493) Marking Phase
[113.877s][info][gc,phases      ] GC(493) Marking Phase 4.858ms
[113.877s][info][gc,phases,start] GC(493) Summary Phase
[113.877s][info][gc,phases      ] GC(493) Summary Phase 0.032ms
[113.877s][info][gc,phases,start] GC(493) Adjust Roots
[113.878s][info][gc,phases      ] GC(493) Adjust Roots 0.922ms
[113.878s][info][gc,phases,start] GC(493) Compaction Phase
[113.880s][info][gc,phases      ] GC(493) Compaction Phase 2.193ms
[113.880s][info][gc,phases,start] GC(493) Post Compact
[113.881s][info][gc,phases      ] GC(493) Post Compact 0.910ms
[113.881s][info][gc,heap        ] GC(493) PSYoungGen: 96K(2446848K)->0K(2446848K) Eden: 0K(2097664K)->0K(2097664K) From: 96K(349184K)->0K(349184K)
[113.881s][info][gc,heap        ] GC(493) ParOldGen: 1121K(5592576K)->1123K(5592576K)
[113.881s][info][gc,metaspace   ] GC(493) Metaspace: 603K(960K)->600K(960K) NonClass: 566K(768K)->564K(768K) Class: 37K(192K)->36K(192K)
[113.882s][info][gc             ] GC(493) Pause Full (System.gc()) 1M->1M(7851M) 9.256ms
[113.882s][info][gc,cpu         ] GC(493) User=0.01s Sys=0.01s Real=0.01s
[114.336s][info][gc,start       ] GC(494) Pause Young (System.gc())
[114.336s][info][gc,heap        ] GC(494) PSYoungGen: 41953K(2446848K)->128K(2446848K) Eden: 41953K(2097664K)->0K(2097664K) From: 0K(349184K)->128K(349184K)
[114.336s][info][gc,heap        ] GC(494) ParOldGen: 1123K(5592576K)->1123K(5592576K)
[114.337s][info][gc,metaspace   ] GC(494) Metaspace: 605K(960K)->605K(960K) NonClass: 568K(768K)->568K(768K) Class: 37K(192K)->37K(192K)
[114.337s][info][gc             ] GC(494) Pause Young (System.gc()) 42M->1M(7851M) 0.653ms
[114.337s][info][gc,cpu         ] GC(494) User=0.00s Sys=0.00s Real=0.00s
[114.337s][info][gc,start       ] GC(495) Pause Full (System.gc())
[114.337s][info][gc,phases,start] GC(495) Marking Phase
[114.342s][info][gc,phases      ] GC(495) Marking Phase 5.105ms
[114.342s][info][gc,phases,start] GC(495) Summary Phase
[114.342s][info][gc,phases      ] GC(495) Summary Phase 0.035ms
[114.342s][info][gc,phases,start] GC(495) Adjust Roots
[114.343s][info][gc,phases      ] GC(495) Adjust Roots 1.022ms
[114.343s][info][gc,phases,start] GC(495) Compaction Phase
[114.345s][info][gc,phases      ] GC(495) Compaction Phase 2.170ms
[114.345s][info][gc,phases,start] GC(495) Post Compact
[114.346s][info][gc,phases      ] GC(495) Post Compact 0.910ms
[114.346s][info][gc,heap        ] GC(495) PSYoungGen: 128K(2446848K)->0K(2446848K) Eden: 0K(2097664K)->0K(2097664K) From: 128K(349184K)->0K(349184K)
[114.346s][info][gc,heap        ] GC(495) ParOldGen: 1123K(5592576K)->1122K(5592576K)
[114.346s][info][gc,metaspace   ] GC(495) Metaspace: 605K(960K)->600K(960K) NonClass: 568K(768K)->564K(768K) Class: 37K(192K)->36K(192K)
[114.346s][info][gc             ] GC(495) Pause Full (System.gc()) 1M->1M(7851M) 9.569ms
[114.346s][info][gc,cpu         ] GC(495) User=0.01s Sys=0.00s Real=0.01s
[114.804s][info][gc,start       ] GC(496) Pause Young (System.gc())
[114.804s][info][gc,heap        ] GC(496) PSYoungGen: 41953K(2446848K)->160K(2446848K) Eden: 41953K(2097664K)->0K(2097664K) From: 0K(349184K)->160K(349184K)
[114.804s][info][gc,heap        ] GC(496) ParOldGen: 1122K(5592576K)->1122K(5592576K)
[114.804s][info][gc,metaspace   ] GC(496) Metaspace: 605K(960K)->605K(960K) NonClass: 567K(768K)->567K(768K) Class: 37K(192K)->37K(192K)
[114.804s][info][gc             ] GC(496) Pause Young (System.gc()) 42M->1M(7851M) 0.623ms
[114.804s][info][gc,cpu         ] GC(496) User=0.00s Sys=0.00s Real=0.01s
[114.804s][info][gc,start       ] GC(497) Pause Full (System.gc())
[114.805s][info][gc,phases,start] GC(497) Marking Phase
[114.809s][info][gc,phases      ] GC(497) Marking Phase 4.725ms
[114.809s][info][gc,phases,start] GC(497) Summary Phase
[114.809s][info][gc,phases      ] GC(497) Summary Phase 0.037ms
[114.809s][info][gc,phases,start] GC(497) Adjust Roots
[114.810s][info][gc,phases      ] GC(497) Adjust Roots 1.025ms
[114.810s][info][gc,phases,start] GC(497) Compaction Phase
[114.812s][info][gc,phases      ] GC(497) Compaction Phase 1.983ms
[114.812s][info][gc,phases,start] GC(497) Post Compact
[114.813s][info][gc,phases      ] GC(497) Post Compact 0.631ms
[114.813s][info][gc,heap        ] GC(497) PSYoungGen: 160K(2446848K)->0K(2446848K) Eden: 0K(2097664K)->0K(2097664K) From: 160K(349184K)->0K(349184K)
[114.813s][info][gc,heap        ] GC(497) ParOldGen: 1122K(5592576K)->1123K(5592576K)
[114.813s][info][gc,metaspace   ] GC(497) Metaspace: 605K(960K)->602K(960K) NonClass: 567K(768K)->565K(768K) Class: 37K(192K)->36K(192K)
[114.813s][info][gc             ] GC(497) Pause Full (System.gc()) 1M->1M(7851M) 8.744ms
[114.813s][info][gc,cpu         ] GC(497) User=0.01s Sys=0.00s Real=0.00s
[115.269s][info][gc,start       ] GC(498) Pause Young (System.gc())
[115.270s][info][gc,heap        ] GC(498) PSYoungGen: 41953K(2446848K)->160K(2446848K) Eden: 41953K(2097664K)->0K(2097664K) From: 0K(349184K)->160K(349184K)
[115.270s][info][gc,heap        ] GC(498) ParOldGen: 1123K(5592576K)->1123K(5592576K)
[115.270s][info][gc,metaspace   ] GC(498) Metaspace: 607K(960K)->607K(960K) NonClass: 568K(768K)->568K(768K) Class: 38K(192K)->38K(192K)
[115.270s][info][gc             ] GC(498) Pause Young (System.gc()) 42M->1M(7851M) 0.654ms
[115.270s][info][gc,cpu         ] GC(498) User=0.00s Sys=0.00s Real=0.00s
[115.270s][info][gc,start       ] GC(499) Pause Full (System.gc())
[115.270s][info][gc,phases,start] GC(499) Marking Phase
[115.275s][info][gc,phases      ] GC(499) Marking Phase 4.634ms
[115.275s][info][gc,phases,start] GC(499) Summary Phase
[115.275s][info][gc,phases      ] GC(499) Summary Phase 0.026ms
[115.275s][info][gc,phases,start] GC(499) Adjust Roots
[115.276s][info][gc,phases      ] GC(499) Adjust Roots 0.777ms
[115.276s][info][gc,phases,start] GC(499) Compaction Phase
[115.277s][info][gc,phases      ] GC(499) Compaction Phase 1.545ms
[115.277s][info][gc,phases,start] GC(499) Post Compact
[115.278s][info][gc,phases      ] GC(499) Post Compact 0.579ms
[115.278s][info][gc,heap        ] GC(499) PSYoungGen: 160K(2446848K)->0K(2446848K) Eden: 0K(2097664K)->0K(2097664K) From: 160K(349184K)->0K(349184K)
[115.278s][info][gc,heap        ] GC(499) ParOldGen: 1123K(5592576K)->1124K(5592576K)
[115.278s][info][gc,metaspace   ] GC(499) Metaspace: 607K(960K)->604K(960K) NonClass: 568K(768K)->566K(768K) Class: 38K(192K)->37K(192K)
[115.278s][info][gc             ] GC(499) Pause Full (System.gc()) 1M->1M(7851M) 7.797ms
[115.278s][info][gc,cpu         ] GC(499) User=0.02s Sys=0.00s Real=0.01s
[115.735s][info][gc,start       ] GC(500) Pause Young (System.gc())
[115.736s][info][gc,heap        ] GC(500) PSYoungGen: 41953K(2446848K)->128K(2446848K) Eden: 41953K(2097664K)->0K(2097664K) From: 0K(349184K)->128K(349184K)
[115.736s][info][gc,heap        ] GC(500) ParOldGen: 1124K(5592576K)->1124K(5592576K)
[115.736s][info][gc,metaspace   ] GC(500) Metaspace: 609K(960K)->609K(960K) NonClass: 569K(768K)->569K(768K) Class: 39K(192K)->39K(192K)
[115.736s][info][gc             ] GC(500) Pause Young (System.gc()) 42M->1M(7851M) 0.649ms
[115.736s][info][gc,cpu         ] GC(500) User=0.00s Sys=0.00s Real=0.00s
[115.736s][info][gc,start       ] GC(501) Pause Full (System.gc())
[115.736s][info][gc,phases,start] GC(501) Marking Phase
[115.740s][info][gc,phases      ] GC(501) Marking Phase 3.928ms
[115.740s][info][gc,phases,start] GC(501) Summary Phase
[115.740s][info][gc,phases      ] GC(501) Summary Phase 0.030ms
[115.740s][info][gc,phases,start] GC(501) Adjust Roots
[115.742s][info][gc,phases      ] GC(501) Adjust Roots 1.310ms
[115.742s][info][gc,phases,start] GC(501) Compaction Phase
[115.743s][info][gc,phases      ] GC(501) Compaction Phase 1.591ms
[115.743s][info][gc,phases,start] GC(501) Post Compact
[115.744s][info][gc,phases      ] GC(501) Post Compact 0.591ms
[115.744s][info][gc,heap        ] GC(501) PSYoungGen: 128K(2446848K)->0K(2446848K) Eden: 0K(2097664K)->0K(2097664K) From: 128K(349184K)->0K(349184K)
[115.744s][info][gc,heap        ] GC(501) ParOldGen: 1124K(5592576K)->1127K(5592576K)
[115.744s][info][gc,metaspace   ] GC(501) Metaspace: 609K(960K)->609K(960K) NonClass: 569K(768K)->569K(768K) Class: 39K(192K)->39K(192K)
[115.744s][info][gc             ] GC(501) Pause Full (System.gc()) 1M->1M(7851M) 7.732ms
[115.744s][info][gc,cpu         ] GC(501) User=0.02s Sys=0.00s Real=0.00s
[116.199s][info][gc,start       ] GC(502) Pause Young (System.gc())
[116.199s][info][gc,heap        ] GC(502) PSYoungGen: 41953K(2446848K)->128K(2446848K) Eden: 41953K(2097664K)->0K(2097664K) From: 0K(349184K)->128K(349184K)
[116.199s][info][gc,heap        ] GC(502) ParOldGen: 1127K(5592576K)->1127K(5592576K)
[116.199s][info][gc,metaspace   ] GC(502) Metaspace: 614K(960K)->614K(960K) NonClass: 572K(768K)->572K(768K) Class: 41K(192K)->41K(192K)
[116.199s][info][gc             ] GC(502) Pause Young (System.gc()) 42M->1M(7851M) 0.462ms
[116.199s][info][gc,cpu         ] GC(502) User=0.00s Sys=0.00s Real=0.00s
[116.199s][info][gc,start       ] GC(503) Pause Full (System.gc())
[116.199s][info][gc,phases,start] GC(503) Marking Phase
[116.202s][info][gc,phases      ] GC(503) Marking Phase 2.813ms
[116.202s][info][gc,phases,start] GC(503) Summary Phase
[116.202s][info][gc,phases      ] GC(503) Summary Phase 0.016ms
[116.202s][info][gc,phases,start] GC(503) Adjust Roots
[116.203s][info][gc,phases      ] GC(503) Adjust Roots 0.544ms
[116.203s][info][gc,phases,start] GC(503) Compaction Phase
[116.204s][info][gc,phases      ] GC(503) Compaction Phase 1.195ms
[116.204s][info][gc,phases,start] GC(503) Post Compact
[116.204s][info][gc,phases      ] GC(503) Post Compact 0.541ms
[116.204s][info][gc,heap        ] GC(503) PSYoungGen: 128K(2446848K)->0K(2446848K) Eden: 0K(2097664K)->0K(2097664K) From: 128K(349184K)->0K(349184K)
[116.205s][info][gc,heap        ] GC(503) ParOldGen: 1127K(5592576K)->1128K(5592576K)
[116.205s][info][gc,metaspace   ] GC(503) Metaspace: 614K(960K)->612K(960K) NonClass: 572K(768K)->571K(768K) Class: 41K(192K)->40K(192K)
[116.205s][info][gc             ] GC(503) Pause Full (System.gc()) 1M->1M(7851M) 5.322ms
[116.205s][info][gc,cpu         ] GC(503) User=0.01s Sys=0.00s Real=0.01s
[116.662s][info][gc,start       ] GC(504) Pause Young (System.gc())
[116.663s][info][gc,heap        ] GC(504) PSYoungGen: 41953K(2446848K)->96K(2446848K) Eden: 41953K(2097664K)->0K(2097664K) From: 0K(349184K)->96K(349184K)
[116.663s][info][gc,heap        ] GC(504) ParOldGen: 1128K(5592576K)->1128K(5592576K)
[116.663s][info][gc,metaspace   ] GC(504) Metaspace: 617K(960K)->617K(960K) NonClass: 575K(768K)->575K(768K) Class: 41K(192K)->41K(192K)
[116.663s][info][gc             ] GC(504) Pause Young (System.gc()) 42M->1M(7851M) 1.147ms
[116.663s][info][gc,cpu         ] GC(504) User=0.00s Sys=0.00s Real=0.00s
[116.663s][info][gc,start       ] GC(505) Pause Full (System.gc())
[116.663s][info][gc,phases,start] GC(505) Marking Phase
[116.670s][info][gc,phases      ] GC(505) Marking Phase 7.288ms
[116.670s][info][gc,phases,start] GC(505) Summary Phase
[116.670s][info][gc,phases      ] GC(505) Summary Phase 0.021ms
[116.670s][info][gc,phases,start] GC(505) Adjust Roots
[116.671s][info][gc,phases      ] GC(505) Adjust Roots 0.810ms
[116.671s][info][gc,phases,start] GC(505) Compaction Phase
[116.673s][info][gc,phases      ] GC(505) Compaction Phase 1.932ms
[116.673s][info][gc,phases,start] GC(505) Post Compact
[116.674s][info][gc,phases      ] GC(505) Post Compact 0.598ms
[116.674s][info][gc,heap        ] GC(505) PSYoungGen: 96K(2446848K)->0K(2446848K) Eden: 0K(2097664K)->0K(2097664K) From: 96K(349184K)->0K(349184K)
[116.674s][info][gc,heap        ] GC(505) ParOldGen: 1128K(5592576K)->1130K(5592576K)
[116.674s][info][gc,metaspace   ] GC(505) Metaspace: 617K(960K)->616K(960K) NonClass: 575K(768K)->574K(768K) Class: 41K(192K)->41K(192K)
[116.674s][info][gc             ] GC(505) Pause Full (System.gc()) 1M->1M(7851M) 10.970ms
[116.674s][info][gc,cpu         ] GC(505) User=0.02s Sys=0.00s Real=0.01s
[117.131s][info][gc,start       ] GC(506) Pause Young (System.gc())
[117.132s][info][gc,heap        ] GC(506) PSYoungGen: 41953K(2446848K)->96K(2446848K) Eden: 41953K(2097664K)->0K(2097664K) From: 0K(349184K)->96K(349184K)
[117.132s][info][gc,heap        ] GC(506) ParOldGen: 1130K(5592576K)->1130K(5592576K)
[117.132s][info][gc,metaspace   ] GC(506) Metaspace: 621K(960K)->621K(960K) NonClass: 578K(768K)->578K(768K) Class: 43K(192K)->43K(192K)
[117.132s][info][gc             ] GC(506) Pause Young (System.gc()) 42M->1M(7851M) 0.623ms
[117.132s][info][gc,cpu         ] GC(506) User=0.00s Sys=0.00s Real=0.00s
[117.132s][info][gc,start       ] GC(507) Pause Full (System.gc())
[117.132s][info][gc,phases,start] GC(507) Marking Phase
[117.135s][info][gc,phases      ] GC(507) Marking Phase 3.050ms
[117.135s][info][gc,phases,start] GC(507) Summary Phase
[117.135s][info][gc,phases      ] GC(507) Summary Phase 0.024ms
[117.135s][info][gc,phases,start] GC(507) Adjust Roots
[117.136s][info][gc,phases      ] GC(507) Adjust Roots 1.302ms
[117.136s][info][gc,phases,start] GC(507) Compaction Phase
[117.138s][info][gc,phases      ] GC(507) Compaction Phase 1.785ms
[117.138s][info][gc,phases,start] GC(507) Post Compact
[117.139s][info][gc,phases      ] GC(507) Post Compact 0.703ms
[117.139s][info][gc,heap        ] GC(507) PSYoungGen: 96K(2446848K)->0K(2446848K) Eden: 0K(2097664K)->0K(2097664K) From: 96K(349184K)->0K(349184K)
[117.139s][info][gc,heap        ] GC(507) ParOldGen: 1130K(5592576K)->1133K(5592576K)
[117.139s][info][gc,metaspace   ] GC(507) Metaspace: 621K(960K)->621K(960K) NonClass: 578K(768K)->578K(768K) Class: 43K(192K)->43K(192K)
[117.139s][info][gc             ] GC(507) Pause Full (System.gc()) 1M->1M(7851M) 7.123ms
[117.139s][info][gc,cpu         ] GC(507) User=0.01s Sys=0.00s Real=0.01s
[117.594s][info][gc,start       ] GC(508) Pause Young (System.gc())
[117.595s][info][gc,heap        ] GC(508) PSYoungGen: 41953K(2446848K)->192K(2446848K) Eden: 41953K(2097664K)->0K(2097664K) From: 0K(349184K)->192K(349184K)
[117.595s][info][gc,heap        ] GC(508) ParOldGen: 1133K(5592576K)->1133K(5592576K)
[117.595s][info][gc,metaspace   ] GC(508) Metaspace: 627K(960K)->627K(960K) NonClass: 582K(768K)->582K(768K) Class: 44K(192K)->44K(192K)
[117.595s][info][gc             ] GC(508) Pause Young (System.gc()) 42M->1M(7851M) 0.357ms
[117.595s][info][gc,cpu         ] GC(508) User=0.00s Sys=0.00s Real=0.00s
[117.595s][info][gc,start       ] GC(509) Pause Full (System.gc())
[117.595s][info][gc,phases,start] GC(509) Marking Phase
[117.598s][info][gc,phases      ] GC(509) Marking Phase 2.838ms
[117.598s][info][gc,phases,start] GC(509) Summary Phase
[117.598s][info][gc,phases      ] GC(509) Summary Phase 0.008ms
[117.598s][info][gc,phases,start] GC(509) Adjust Roots
[117.598s][info][gc,phases      ] GC(509) Adjust Roots 0.430ms
[117.598s][info][gc,phases,start] GC(509) Compaction Phase
[117.599s][info][gc,phases      ] GC(509) Compaction Phase 0.830ms
[117.599s][info][gc,phases,start] GC(509) Post Compact
[117.599s][info][gc,phases      ] GC(509) Post Compact 0.247ms
[117.599s][info][gc,heap        ] GC(509) PSYoungGen: 192K(2446848K)->0K(2446848K) Eden: 0K(2097664K)->0K(2097664K) From: 192K(349184K)->0K(349184K)
[117.599s][info][gc,heap        ] GC(509) ParOldGen: 1133K(5592576K)->1136K(5592576K)
[117.599s][info][gc,metaspace   ] GC(509) Metaspace: 627K(960K)->627K(960K) NonClass: 582K(768K)->582K(768K) Class: 44K(192K)->44K(192K)
[117.599s][info][gc             ] GC(509) Pause Full (System.gc()) 1M->1M(7851M) 4.451ms
[117.599s][info][gc,cpu         ] GC(509) User=0.02s Sys=0.01s Real=0.00s
[118.052s][info][gc,start       ] GC(510) Pause Young (System.gc())
[118.052s][info][gc,heap        ] GC(510) PSYoungGen: 41953K(2446848K)->96K(2446848K) Eden: 41953K(2097664K)->0K(2097664K) From: 0K(349184K)->96K(349184K)
[118.052s][info][gc,heap        ] GC(510) ParOldGen: 1136K(5592576K)->1136K(5592576K)
[118.052s][info][gc,metaspace   ] GC(510) Metaspace: 632K(960K)->632K(960K) NonClass: 585K(768K)->585K(768K) Class: 46K(192K)->46K(192K)
[118.052s][info][gc             ] GC(510) Pause Young (System.gc()) 42M->1M(7851M) 0.509ms
[118.052s][info][gc,cpu         ] GC(510) User=0.00s Sys=0.00s Real=0.00s
[118.052s][info][gc,start       ] GC(511) Pause Full (System.gc())
[118.052s][info][gc,phases,start] GC(511) Marking Phase
[118.054s][info][gc,phases      ] GC(511) Marking Phase 1.756ms
[118.054s][info][gc,phases,start] GC(511) Summary Phase
[118.054s][info][gc,phases      ] GC(511) Summary Phase 0.010ms
[118.054s][info][gc,phases,start] GC(511) Adjust Roots
[118.054s][info][gc,phases      ] GC(511) Adjust Roots 0.384ms
[118.054s][info][gc,phases,start] GC(511) Compaction Phase
[118.055s][info][gc,phases      ] GC(511) Compaction Phase 0.931ms
[118.055s][info][gc,phases,start] GC(511) Post Compact
[118.056s][info][gc,phases      ] GC(511) Post Compact 0.480ms
[118.056s][info][gc,heap        ] GC(511) PSYoungGen: 96K(2446848K)->0K(2446848K) Eden: 0K(2097664K)->0K(2097664K) From: 96K(349184K)->0K(349184K)
[118.056s][info][gc,heap        ] GC(511) ParOldGen: 1136K(5592576K)->1139K(5592576K)
[118.056s][info][gc,metaspace   ] GC(511) Metaspace: 632K(960K)->632K(960K) NonClass: 585K(768K)->585K(768K) Class: 46K(192K)->46K(192K)
[118.056s][info][gc             ] GC(511) Pause Full (System.gc()) 1M->1M(7851M) 3.739ms
[118.056s][info][gc,cpu         ] GC(511) User=0.00s Sys=0.00s Real=0.01s
[118.510s][info][gc,start       ] GC(512) Pause Young (System.gc())
[118.511s][info][gc,heap        ] GC(512) PSYoungGen: 83906K(2446848K)->128K(2446848K) Eden: 83906K(2097664K)->0K(2097664K) From: 0K(349184K)->128K(349184K)
[118.511s][info][gc,heap        ] GC(512) ParOldGen: 1139K(5592576K)->1147K(5592576K)
[118.511s][info][gc,metaspace   ] GC(512) Metaspace: 642K(960K)->642K(960K) NonClass: 593K(768K)->593K(768K) Class: 48K(192K)->48K(192K)
[118.511s][info][gc             ] GC(512) Pause Young (System.gc()) 83M->1M(7851M) 1.018ms
[118.511s][info][gc,cpu         ] GC(512) User=0.00s Sys=0.00s Real=0.00s
[118.511s][info][gc,start       ] GC(513) Pause Full (System.gc())
[118.511s][info][gc,phases,start] GC(513) Marking Phase
[118.515s][info][gc,phases      ] GC(513) Marking Phase 3.643ms
[118.515s][info][gc,phases,start] GC(513) Summary Phase
[118.515s][info][gc,phases      ] GC(513) Summary Phase 0.016ms
[118.515s][info][gc,phases,start] GC(513) Adjust Roots
[118.517s][info][gc,phases      ] GC(513) Adjust Roots 2.259ms
[118.517s][info][gc,phases,start] GC(513) Compaction Phase
[118.526s][info][gc,phases      ] GC(513) Compaction Phase 9.204ms
[118.526s][info][gc,phases,start] GC(513) Post Compact
[118.527s][info][gc,phases      ] GC(513) Post Compact 0.521ms
[118.527s][info][gc,heap        ] GC(513) PSYoungGen: 128K(2446848K)->0K(2446848K) Eden: 0K(2097664K)->0K(2097664K) From: 128K(349184K)->0K(349184K)
[118.527s][info][gc,heap        ] GC(513) ParOldGen: 1147K(5592576K)->1142K(5592576K)
[118.527s][info][gc,metaspace   ] GC(513) Metaspace: 642K(960K)->642K(960K) NonClass: 593K(768K)->593K(768K) Class: 48K(192K)->48K(192K)
[118.527s][info][gc             ] GC(513) Pause Full (System.gc()) 1M->1M(7851M) 15.887ms
[118.527s][info][gc,cpu         ] GC(513) User=0.01s Sys=0.00s Real=0.02s
[118.981s][info][gc,start       ] GC(514) Pause Young (System.gc())
[118.983s][info][gc,heap        ] GC(514) PSYoungGen: 41953K(2446848K)->128K(2446848K) Eden: 41953K(2097664K)->0K(2097664K) From: 0K(349184K)->128K(349184K)
[118.983s][info][gc,heap        ] GC(514) ParOldGen: 1142K(5592576K)->1142K(5592576K)
[118.983s][info][gc,metaspace   ] GC(514) Metaspace: 647K(960K)->647K(960K) NonClass: 597K(768K)->597K(768K) Class: 50K(192K)->50K(192K)
[118.983s][info][gc             ] GC(514) Pause Young (System.gc()) 42M->1M(7851M) 2.008ms
[118.984s][info][gc,cpu         ] GC(514) User=0.00s Sys=0.00s Real=0.00s
[118.984s][info][gc,start       ] GC(515) Pause Full (System.gc())
[118.984s][info][gc,phases,start] GC(515) Marking Phase
[118.988s][info][gc,phases      ] GC(515) Marking Phase 4.111ms
[118.988s][info][gc,phases,start] GC(515) Summary Phase
[118.988s][info][gc,phases      ] GC(515) Summary Phase 0.029ms
[118.988s][info][gc,phases,start] GC(515) Adjust Roots
[118.989s][info][gc,phases      ] GC(515) Adjust Roots 1.199ms
[118.989s][info][gc,phases,start] GC(515) Compaction Phase
[118.997s][info][gc,phases      ] GC(515) Compaction Phase 7.683ms
[118.997s][info][gc,phases,start] GC(515) Post Compact
[118.997s][info][gc,phases      ] GC(515) Post Compact 0.412ms
[118.997s][info][gc,heap        ] GC(515) PSYoungGen: 128K(2446848K)->0K(2446848K) Eden: 0K(2097664K)->0K(2097664K) From: 128K(349184K)->0K(349184K)
[118.997s][info][gc,heap        ] GC(515) ParOldGen: 1142K(5592576K)->1145K(5592576K)
[118.997s][info][gc,metaspace   ] GC(515) Metaspace: 647K(960K)->647K(960K) NonClass: 597K(768K)->597K(768K) Class: 50K(192K)->50K(192K)
[118.997s][info][gc             ] GC(515) Pause Full (System.gc()) 1M->1M(7851M) 13.673ms
[118.997s][info][gc,cpu         ] GC(515) User=0.01s Sys=0.00s Real=0.02s
[119.453s][info][gc,start       ] GC(516) Pause Young (System.gc())
[119.454s][info][gc,heap        ] GC(516) PSYoungGen: 41953K(2446848K)->128K(2446848K) Eden: 41953K(2097664K)->0K(2097664K) From: 0K(349184K)->128K(349184K)
[119.454s][info][gc,heap        ] GC(516) ParOldGen: 1145K(5592576K)->1145K(5592576K)
[119.454s][info][gc,metaspace   ] GC(516) Metaspace: 652K(960K)->652K(960K) NonClass: 600K(768K)->600K(768K) Class: 51K(192K)->51K(192K)
[119.454s][info][gc             ] GC(516) Pause Young (System.gc()) 42M->1M(7851M) 0.432ms
[119.454s][info][gc,cpu         ] GC(516) User=0.00s Sys=0.00s Real=0.00s
[119.454s][info][gc,start       ] GC(517) Pause Full (System.gc())
[119.454s][info][gc,phases,start] GC(517) Marking Phase
[119.458s][info][gc,phases      ] GC(517) Marking Phase 3.832ms
[119.458s][info][gc,phases,start] GC(517) Summary Phase
[119.458s][info][gc,phases      ] GC(517) Summary Phase 0.023ms
[119.458s][info][gc,phases,start] GC(517) Adjust Roots
[119.459s][info][gc,phases      ] GC(517) Adjust Roots 1.070ms
[119.459s][info][gc,phases,start] GC(517) Compaction Phase
[119.472s][info][gc,phases      ] GC(517) Compaction Phase 13.674ms
[119.473s][info][gc,phases,start] GC(517) Post Compact
[119.473s][info][gc,phases      ] GC(517) Post Compact 0.624ms
[119.473s][info][gc,heap        ] GC(517) PSYoungGen: 128K(2446848K)->0K(2446848K) Eden: 0K(2097664K)->0K(2097664K) From: 128K(349184K)->0K(349184K)
[119.473s][info][gc,heap        ] GC(517) ParOldGen: 1145K(5592576K)->1148K(5592576K)
[119.473s][info][gc,metaspace   ] GC(517) Metaspace: 652K(960K)->652K(960K) NonClass: 600K(768K)->600K(768K) Class: 51K(192K)->51K(192K)
[119.473s][info][gc             ] GC(517) Pause Full (System.gc()) 1M->1M(7851M) 19.572ms
[119.473s][info][gc,cpu         ] GC(517) User=0.01s Sys=0.00s Real=0.02s
[119.926s][info][gc,start       ] GC(518) Pause Young (System.gc())
[119.929s][info][gc,heap        ] GC(518) PSYoungGen: 41953K(2446848K)->96K(2446848K) Eden: 41953K(2097664K)->0K(2097664K) From: 0K(349184K)->96K(349184K)
[119.929s][info][gc,heap        ] GC(518) ParOldGen: 1148K(5592576K)->1148K(5592576K)
[119.929s][info][gc,metaspace   ] GC(518) Metaspace: 657K(960K)->657K(960K) NonClass: 604K(768K)->604K(768K) Class: 53K(192K)->53K(192K)
[119.929s][info][gc             ] GC(518) Pause Young (System.gc()) 42M->1M(7851M) 2.519ms
[119.929s][info][gc,cpu         ] GC(518) User=0.01s Sys=0.01s Real=0.00s
[119.929s][info][gc,start       ] GC(519) Pause Full (System.gc())
[119.929s][info][gc,phases,start] GC(519) Marking Phase
[119.932s][info][gc,phases      ] GC(519) Marking Phase 2.590ms
[119.932s][info][gc,phases,start] GC(519) Summary Phase
[119.932s][info][gc,phases      ] GC(519) Summary Phase 0.017ms
[119.932s][info][gc,phases,start] GC(519) Adjust Roots
[119.933s][info][gc,phases      ] GC(519) Adjust Roots 1.033ms
[119.933s][info][gc,phases,start] GC(519) Compaction Phase
[119.945s][info][gc,phases      ] GC(519) Compaction Phase 12.244ms
[119.945s][info][gc,phases,start] GC(519) Post Compact
[119.945s][info][gc,phases      ] GC(519) Post Compact 0.516ms
[119.946s][info][gc,heap        ] GC(519) PSYoungGen: 96K(2446848K)->0K(2446848K) Eden: 0K(2097664K)->0K(2097664K) From: 96K(349184K)->0K(349184K)
[119.946s][info][gc,heap        ] GC(519) ParOldGen: 1148K(5592576K)->1151K(5592576K)
[119.946s][info][gc,metaspace   ] GC(519) Metaspace: 657K(960K)->657K(960K) NonClass: 604K(768K)->604K(768K) Class: 53K(192K)->53K(192K)
[119.946s][info][gc             ] GC(519) Pause Full (System.gc()) 1M->1M(7851M) 16.812ms
[119.946s][info][gc,cpu         ] GC(519) User=0.00s Sys=0.00s Real=0.02s
[120.398s][info][gc,start       ] GC(520) Pause Young (System.gc())
[120.398s][info][gc,heap        ] GC(520) PSYoungGen: 83906K(2446848K)->96K(2446848K) Eden: 83906K(2097664K)->0K(2097664K) From: 0K(349184K)->96K(349184K)
[120.398s][info][gc,heap        ] GC(520) ParOldGen: 1151K(5592576K)->1151K(5592576K)
[120.398s][info][gc,metaspace   ] GC(520) Metaspace: 662K(960K)->662K(960K) NonClass: 607K(768K)->607K(768K) Class: 55K(192K)->55K(192K)
[120.398s][info][gc             ] GC(520) Pause Young (System.gc()) 83M->1M(7851M) 0.581ms
[120.398s][info][gc,cpu         ] GC(520) User=0.00s Sys=0.00s Real=0.00s
[120.398s][info][gc,start       ] GC(521) Pause Full (System.gc())
[120.399s][info][gc,phases,start] GC(521) Marking Phase
[120.400s][info][gc,phases      ] GC(521) Marking Phase 1.997ms
[120.401s][info][gc,phases,start] GC(521) Summary Phase
[120.401s][info][gc,phases      ] GC(521) Summary Phase 0.016ms
[120.401s][info][gc,phases,start] GC(521) Adjust Roots
[120.401s][info][gc,phases      ] GC(521) Adjust Roots 0.579ms
[120.401s][info][gc,phases,start] GC(521) Compaction Phase
[120.402s][info][gc,phases      ] GC(521) Compaction Phase 1.271ms
[120.402s][info][gc,phases,start] GC(521) Post Compact
[120.403s][info][gc,phases      ] GC(521) Post Compact 0.544ms
[120.403s][info][gc,heap        ] GC(521) PSYoungGen: 96K(2446848K)->0K(2446848K) Eden: 0K(2097664K)->0K(2097664K) From: 96K(349184K)->0K(349184K)
[120.403s][info][gc,heap        ] GC(521) ParOldGen: 1151K(5592576K)->1154K(5592576K)
[120.403s][info][gc,metaspace   ] GC(521) Metaspace: 662K(960K)->662K(960K) NonClass: 607K(768K)->607K(768K) Class: 55K(192K)->55K(192K)
[120.403s][info][gc             ] GC(521) Pause Full (System.gc()) 1M->1M(7851M) 4.624ms
[120.403s][info][gc,cpu         ] GC(521) User=0.01s Sys=0.00s Real=0.00s
[120.858s][info][gc,start       ] GC(522) Pause Young (System.gc())
[120.858s][info][gc,heap        ] GC(522) PSYoungGen: 41953K(2446848K)->128K(2446848K) Eden: 41953K(2097664K)->0K(2097664K) From: 0K(349184K)->128K(349184K)
[120.858s][info][gc,heap        ] GC(522) ParOldGen: 1154K(5592576K)->1154K(5592576K)
[120.858s][info][gc,metaspace   ] GC(522) Metaspace: 667K(960K)->667K(960K) NonClass: 610K(768K)->610K(768K) Class: 57K(192K)->57K(192K)
[120.858s][info][gc             ] GC(522) Pause Young (System.gc()) 42M->1M(7851M) 0.681ms
[120.858s][info][gc,cpu         ] GC(522) User=0.00s Sys=0.00s Real=0.00s
[120.858s][info][gc,start       ] GC(523) Pause Full (System.gc())
[120.858s][info][gc,phases,start] GC(523) Marking Phase
[120.862s][info][gc,phases      ] GC(523) Marking Phase 3.550ms
[120.862s][info][gc,phases,start] GC(523) Summary Phase
[120.862s][info][gc,phases      ] GC(523) Summary Phase 0.022ms
[120.862s][info][gc,phases,start] GC(523) Adjust Roots
[120.863s][info][gc,phases      ] GC(523) Adjust Roots 0.587ms
[120.863s][info][gc,phases,start] GC(523) Compaction Phase
[120.864s][info][gc,phases      ] GC(523) Compaction Phase 1.079ms
[120.864s][info][gc,phases,start] GC(523) Post Compact
[120.864s][info][gc,phases      ] GC(523) Post Compact 0.497ms
[120.864s][info][gc,heap        ] GC(523) PSYoungGen: 128K(2446848K)->0K(2446848K) Eden: 0K(2097664K)->0K(2097664K) From: 128K(349184K)->0K(349184K)
[120.864s][info][gc,heap        ] GC(523) ParOldGen: 1154K(5592576K)->1157K(5592576K)
[120.864s][info][gc,metaspace   ] GC(523) Metaspace: 667K(960K)->667K(960K) NonClass: 610K(768K)->610K(768K) Class: 57K(192K)->57K(192K)
[120.864s][info][gc             ] GC(523) Pause Full (System.gc()) 1M->1M(7851M) 6.040ms
[120.864s][info][gc,cpu         ] GC(523) User=0.01s Sys=0.00s Real=0.01s
[121.321s][info][gc,start       ] GC(524) Pause Young (System.gc())
[121.321s][info][gc,heap        ] GC(524) PSYoungGen: 41953K(2446848K)->160K(2446848K) Eden: 41953K(2097664K)->0K(2097664K) From: 0K(349184K)->160K(349184K)
[121.321s][info][gc,heap        ] GC(524) ParOldGen: 1157K(5592576K)->1157K(5592576K)
[121.321s][info][gc,metaspace   ] GC(524) Metaspace: 672K(960K)->672K(960K) NonClass: 613K(768K)->613K(768K) Class: 58K(192K)->58K(192K)
[121.321s][info][gc             ] GC(524) Pause Young (System.gc()) 42M->1M(7851M) 0.560ms
[121.321s][info][gc,cpu         ] GC(524) User=0.00s Sys=0.00s Real=0.00s
[121.321s][info][gc,start       ] GC(525) Pause Full (System.gc())
[121.321s][info][gc,phases,start] GC(525) Marking Phase
[121.328s][info][gc,phases      ] GC(525) Marking Phase 6.314ms
[121.328s][info][gc,phases,start] GC(525) Summary Phase
[121.328s][info][gc,phases      ] GC(525) Summary Phase 0.031ms
[121.328s][info][gc,phases,start] GC(525) Adjust Roots
[121.329s][info][gc,phases      ] GC(525) Adjust Roots 1.011ms
[121.329s][info][gc,phases,start] GC(525) Compaction Phase
[121.331s][info][gc,phases      ] GC(525) Compaction Phase 1.922ms
[121.331s][info][gc,phases,start] GC(525) Post Compact
[121.332s][info][gc,phases      ] GC(525) Post Compact 0.822ms
[121.332s][info][gc,heap        ] GC(525) PSYoungGen: 160K(2446848K)->0K(2446848K) Eden: 0K(2097664K)->0K(2097664K) From: 160K(349184K)->0K(349184K)
[121.332s][info][gc,heap        ] GC(525) ParOldGen: 1157K(5592576K)->1150K(5592576K)
[121.332s][info][gc,metaspace   ] GC(525) Metaspace: 672K(960K)->663K(960K) NonClass: 613K(768K)->609K(768K) Class: 58K(192K)->53K(192K)
[121.332s][info][gc             ] GC(525) Pause Full (System.gc()) 1M->1M(7851M) 10.463ms
[121.332s][info][gc,cpu         ] GC(525) User=0.02s Sys=0.00s Real=0.01s
[121.789s][info][gc,start       ] GC(526) Pause Young (System.gc())
[121.790s][info][gc,heap        ] GC(526) PSYoungGen: 41953K(2446848K)->96K(2446848K) Eden: 41953K(2097664K)->0K(2097664K) From: 0K(349184K)->96K(349184K)
[121.790s][info][gc,heap        ] GC(526) ParOldGen: 1150K(5592576K)->1150K(5592576K)
[121.790s][info][gc,metaspace   ] GC(526) Metaspace: 668K(960K)->668K(960K) NonClass: 612K(768K)->612K(768K) Class: 55K(192K)->55K(192K)
[121.790s][info][gc             ] GC(526) Pause Young (System.gc()) 42M->1M(7851M) 0.671ms
[121.790s][info][gc,cpu         ] GC(526) User=0.00s Sys=0.00s Real=0.00s
[121.790s][info][gc,start       ] GC(527) Pause Full (System.gc())
[121.790s][info][gc,phases,start] GC(527) Marking Phase
[121.796s][info][gc,phases      ] GC(527) Marking Phase 5.801ms
[121.796s][info][gc,phases,start] GC(527) Summary Phase
[121.796s][info][gc,phases      ] GC(527) Summary Phase 0.035ms
[121.796s][info][gc,phases,start] GC(527) Adjust Roots
[121.797s][info][gc,phases      ] GC(527) Adjust Roots 0.995ms
[121.797s][info][gc,phases,start] GC(527) Compaction Phase
[121.799s][info][gc,phases      ] GC(527) Compaction Phase 2.192ms
[121.799s][info][gc,phases,start] GC(527) Post Compact
[121.800s][info][gc,phases      ] GC(527) Post Compact 0.799ms
[121.800s][info][gc,heap        ] GC(527) PSYoungGen: 96K(2446848K)->0K(2446848K) Eden: 0K(2097664K)->0K(2097664K) From: 96K(349184K)->0K(349184K)
[121.800s][info][gc,heap        ] GC(527) ParOldGen: 1150K(5592576K)->1152K(5592576K)
[121.800s][info][gc,metaspace   ] GC(527) Metaspace: 668K(960K)->667K(960K) NonClass: 612K(768K)->612K(768K) Class: 55K(192K)->55K(192K)
[121.800s][info][gc             ] GC(527) Pause Full (System.gc()) 1M->1M(7851M) 10.290ms
[121.800s][info][gc,cpu         ] GC(527) User=0.02s Sys=0.01s Real=0.01s
[122.257s][info][gc,start       ] GC(528) Pause Young (System.gc())
[122.258s][info][gc,heap        ] GC(528) PSYoungGen: 41953K(2446848K)->160K(2446848K) Eden: 41953K(2097664K)->0K(2097664K) From: 0K(349184K)->160K(349184K)
[122.258s][info][gc,heap        ] GC(528) ParOldGen: 1152K(5592576K)->1152K(5592576K)
[122.258s][info][gc,metaspace   ] GC(528) Metaspace: 672K(960K)->672K(960K) NonClass: 615K(768K)->615K(768K) Class: 56K(192K)->56K(192K)
[122.258s][info][gc             ] GC(528) Pause Young (System.gc()) 42M->1M(7851M) 0.615ms
[122.258s][info][gc,cpu         ] GC(528) User=0.00s Sys=0.00s Real=0.00s
[122.258s][info][gc,start       ] GC(529) Pause Full (System.gc())
[122.258s][info][gc,phases,start] GC(529) Marking Phase
[122.264s][info][gc,phases      ] GC(529) Marking Phase 5.553ms
[122.264s][info][gc,phases,start] GC(529) Summary Phase
[122.264s][info][gc,phases      ] GC(529) Summary Phase 0.030ms
[122.264s][info][gc,phases,start] GC(529) Adjust Roots
[122.266s][info][gc,phases      ] GC(529) Adjust Roots 1.740ms
[122.266s][info][gc,phases,start] GC(529) Compaction Phase
[122.267s][info][gc,phases      ] GC(529) Compaction Phase 1.580ms
[122.267s][info][gc,phases,start] GC(529) Post Compact
[122.268s][info][gc,phases      ] GC(529) Post Compact 0.628ms
[122.268s][info][gc,heap        ] GC(529) PSYoungGen: 160K(2446848K)->0K(2446848K) Eden: 0K(2097664K)->0K(2097664K) From: 160K(349184K)->0K(349184K)
[122.268s][info][gc,heap        ] GC(529) ParOldGen: 1152K(5592576K)->1154K(5592576K)
[122.268s][info][gc,metaspace   ] GC(529) Metaspace: 672K(960K)->671K(960K) NonClass: 615K(768K)->615K(768K) Class: 56K(192K)->56K(192K)
[122.268s][info][gc             ] GC(529) Pause Full (System.gc()) 1M->1M(7851M) 9.950ms
[122.268s][info][gc,cpu         ] GC(529) User=0.02s Sys=0.00s Real=0.01s
[122.724s][info][gc,start       ] GC(530) Pause Young (System.gc())
[122.724s][info][gc,heap        ] GC(530) PSYoungGen: 41953K(2446848K)->160K(2446848K) Eden: 41953K(2097664K)->0K(2097664K) From: 0K(349184K)->160K(349184K)
[122.724s][info][gc,heap        ] GC(530) ParOldGen: 1154K(5592576K)->1154K(5592576K)
[122.724s][info][gc,metaspace   ] GC(530) Metaspace: 676K(960K)->676K(960K) NonClass: 618K(768K)->618K(768K) Class: 58K(192K)->58K(192K)
[122.724s][info][gc             ] GC(530) Pause Young (System.gc()) 42M->1M(7851M) 0.660ms
[122.724s][info][gc,cpu         ] GC(530) User=0.00s Sys=0.00s Real=0.01s
[122.725s][info][gc,start       ] GC(531) Pause Full (System.gc())
[122.725s][info][gc,phases,start] GC(531) Marking Phase
[122.730s][info][gc,phases      ] GC(531) Marking Phase 5.360ms
[122.730s][info][gc,phases,start] GC(531) Summary Phase
[122.730s][info][gc,phases      ] GC(531) Summary Phase 0.035ms
[122.730s][info][gc,phases,start] GC(531) Adjust Roots
[122.731s][info][gc,phases      ] GC(531) Adjust Roots 0.985ms
[122.731s][info][gc,phases,start] GC(531) Compaction Phase
[122.733s][info][gc,phases      ] GC(531) Compaction Phase 1.854ms
[122.733s][info][gc,phases,start] GC(531) Post Compact
[122.734s][info][gc,phases      ] GC(531) Post Compact 0.814ms
[122.734s][info][gc,heap        ] GC(531) PSYoungGen: 160K(2446848K)->0K(2446848K) Eden: 0K(2097664K)->0K(2097664K) From: 160K(349184K)->0K(349184K)
[122.734s][info][gc,heap        ] GC(531) ParOldGen: 1154K(5592576K)->1137K(5592576K)
[122.734s][info][gc,metaspace   ] GC(531) Metaspace: 676K(960K)->641K(960K) NonClass: 618K(768K)->598K(768K) Class: 58K(192K)->43K(192K)
[122.734s][info][gc             ] GC(531) Pause Full (System.gc()) 1M->1M(7851M) 9.452ms
[122.734s][info][gc,cpu         ] GC(531) User=0.01s Sys=0.00s Real=0.01s
[123.191s][info][gc,start       ] GC(532) Pause Young (System.gc())
[123.191s][info][gc,heap        ] GC(532) PSYoungGen: 41953K(2446848K)->96K(2446848K) Eden: 41953K(2097664K)->0K(2097664K) From: 0K(349184K)->96K(349184K)
[123.191s][info][gc,heap        ] GC(532) ParOldGen: 1137K(5592576K)->1137K(5592576K)
[123.192s][info][gc,metaspace   ] GC(532) Metaspace: 646K(960K)->646K(960K) NonClass: 601K(768K)->601K(768K) Class: 45K(192K)->45K(192K)
[123.192s][info][gc             ] GC(532) Pause Young (System.gc()) 42M->1M(7851M) 0.794ms
[123.192s][info][gc,cpu         ] GC(532) User=0.00s Sys=0.00s Real=0.00s
[123.192s][info][gc,start       ] GC(533) Pause Full (System.gc())
[123.192s][info][gc,phases,start] GC(533) Marking Phase
[123.197s][info][gc,phases      ] GC(533) Marking Phase 4.998ms
[123.197s][info][gc,phases,start] GC(533) Summary Phase
[123.197s][info][gc,phases      ] GC(533) Summary Phase 0.033ms
[123.197s][info][gc,phases,start] GC(533) Adjust Roots
[123.198s][info][gc,phases      ] GC(533) Adjust Roots 0.985ms
[123.198s][info][gc,phases,start] GC(533) Compaction Phase
[123.200s][info][gc,phases      ] GC(533) Compaction Phase 1.756ms
[123.200s][info][gc,phases,start] GC(533) Post Compact
[123.200s][info][gc,phases      ] GC(533) Post Compact 0.631ms
[123.200s][info][gc,heap        ] GC(533) PSYoungGen: 96K(2446848K)->0K(2446848K) Eden: 0K(2097664K)->0K(2097664K) From: 96K(349184K)->0K(349184K)
[123.200s][info][gc,heap        ] GC(533) ParOldGen: 1137K(5592576K)->1138K(5592576K)
[123.200s][info][gc,metaspace   ] GC(533) Metaspace: 646K(960K)->643K(960K) NonClass: 601K(768K)->599K(768K) Class: 45K(192K)->44K(192K)
[123.200s][info][gc             ] GC(533) Pause Full (System.gc()) 1M->1M(7851M) 8.803ms
[123.201s][info][gc,cpu         ] GC(533) User=0.01s Sys=0.00s Real=0.01s
[123.655s][info][gc,start       ] GC(534) Pause Young (System.gc())
[123.656s][info][gc,heap        ] GC(534) PSYoungGen: 41953K(2446848K)->96K(2446848K) Eden: 41953K(2097664K)->0K(2097664K) From: 0K(349184K)->96K(349184K)
[123.656s][info][gc,heap        ] GC(534) ParOldGen: 1138K(5592576K)->1138K(5592576K)
[123.656s][info][gc,metaspace   ] GC(534) Metaspace: 648K(960K)->648K(960K) NonClass: 603K(768K)->603K(768K) Class: 45K(192K)->45K(192K)
[123.656s][info][gc             ] GC(534) Pause Young (System.gc()) 42M->1M(7851M) 0.653ms
[123.656s][info][gc,cpu         ] GC(534) User=0.00s Sys=0.00s Real=0.00s
[123.656s][info][gc,start       ] GC(535) Pause Full (System.gc())
[123.656s][info][gc,phases,start] GC(535) Marking Phase
[123.660s][info][gc,phases      ] GC(535) Marking Phase 4.227ms
[123.660s][info][gc,phases,start] GC(535) Summary Phase
[123.661s][info][gc,phases      ] GC(535) Summary Phase 0.046ms
[123.661s][info][gc,phases,start] GC(535) Adjust Roots
[123.662s][info][gc,phases      ] GC(535) Adjust Roots 0.976ms
[123.662s][info][gc,phases,start] GC(535) Compaction Phase
[123.664s][info][gc,phases      ] GC(535) Compaction Phase 2.177ms
[123.664s][info][gc,phases,start] GC(535) Post Compact
[123.665s][info][gc,phases      ] GC(535) Post Compact 0.823ms
[123.665s][info][gc,heap        ] GC(535) PSYoungGen: 96K(2446848K)->0K(2446848K) Eden: 0K(2097664K)->0K(2097664K) From: 96K(349184K)->0K(349184K)
[123.665s][info][gc,heap        ] GC(535) ParOldGen: 1138K(5592576K)->1141K(5592576K)
[123.665s][info][gc,metaspace   ] GC(535) Metaspace: 648K(960K)->648K(960K) NonClass: 603K(768K)->603K(768K) Class: 45K(192K)->45K(192K)
[123.665s][info][gc             ] GC(535) Pause Full (System.gc()) 1M->1M(7851M) 8.673ms
[123.665s][info][gc,cpu         ] GC(535) User=0.02s Sys=0.00s Real=0.01s
[124.121s][info][gc,start       ] GC(536) Pause Young (System.gc())
[124.122s][info][gc,heap        ] GC(536) PSYoungGen: 41953K(2446848K)->160K(2446848K) Eden: 41953K(2097664K)->0K(2097664K) From: 0K(349184K)->160K(349184K)
[124.122s][info][gc,heap        ] GC(536) ParOldGen: 1141K(5592576K)->1141K(5592576K)
[124.122s][info][gc,metaspace   ] GC(536) Metaspace: 653K(960K)->653K(960K) NonClass: 606K(768K)->606K(768K) Class: 47K(192K)->47K(192K)
[124.122s][info][gc             ] GC(536) Pause Young (System.gc()) 42M->1M(7851M) 0.612ms
[124.122s][info][gc,cpu         ] GC(536) User=0.00s Sys=0.00s Real=0.00s
[124.122s][info][gc,start       ] GC(537) Pause Full (System.gc())
[124.122s][info][gc,phases,start] GC(537) Marking Phase
[124.127s][info][gc,phases      ] GC(537) Marking Phase 4.541ms
[124.127s][info][gc,phases,start] GC(537) Summary Phase
[124.127s][info][gc,phases      ] GC(537) Summary Phase 0.035ms
[124.127s][info][gc,phases,start] GC(537) Adjust Roots
[124.128s][info][gc,phases      ] GC(537) Adjust Roots 0.967ms
[124.128s][info][gc,phases,start] GC(537) Compaction Phase
[124.130s][info][gc,phases      ] GC(537) Compaction Phase 2.085ms
[124.130s][info][gc,phases,start] GC(537) Post Compact
[124.131s][info][gc,phases      ] GC(537) Post Compact 0.587ms
[124.131s][info][gc,heap        ] GC(537) PSYoungGen: 160K(2446848K)->0K(2446848K) Eden: 0K(2097664K)->0K(2097664K) From: 160K(349184K)->0K(349184K)
[124.131s][info][gc,heap        ] GC(537) ParOldGen: 1141K(5592576K)->1144K(5592576K)
[124.131s][info][gc,metaspace   ] GC(537) Metaspace: 653K(960K)->653K(960K) NonClass: 606K(768K)->606K(768K) Class: 47K(192K)->47K(192K)
[124.131s][info][gc             ] GC(537) Pause Full (System.gc()) 1M->1M(7851M) 8.592ms
[124.131s][info][gc,cpu         ] GC(537) User=0.02s Sys=0.00s Real=0.01s
[124.588s][info][gc,start       ] GC(538) Pause Young (System.gc())
[124.588s][info][gc,heap        ] GC(538) PSYoungGen: 41953K(2446848K)->128K(2446848K) Eden: 41953K(2097664K)->0K(2097664K) From: 0K(349184K)->128K(349184K)
[124.588s][info][gc,heap        ] GC(538) ParOldGen: 1144K(5592576K)->1144K(5592576K)
[124.588s][info][gc,metaspace   ] GC(538) Metaspace: 658K(960K)->658K(960K) NonClass: 609K(768K)->609K(768K) Class: 49K(192K)->49K(192K)
[124.588s][info][gc             ] GC(538) Pause Young (System.gc()) 42M->1M(7851M) 0.695ms
[124.588s][info][gc,cpu         ] GC(538) User=0.00s Sys=0.00s Real=0.00s
[124.588s][info][gc,start       ] GC(539) Pause Full (System.gc())
[124.588s][info][gc,phases,start] GC(539) Marking Phase
[124.593s][info][gc,phases      ] GC(539) Marking Phase 4.226ms
[124.593s][info][gc,phases,start] GC(539) Summary Phase
[124.593s][info][gc,phases      ] GC(539) Summary Phase 0.048ms
[124.593s][info][gc,phases,start] GC(539) Adjust Roots
[124.594s][info][gc,phases      ] GC(539) Adjust Roots 0.970ms
[124.594s][info][gc,phases,start] GC(539) Compaction Phase
[124.596s][info][gc,phases      ] GC(539) Compaction Phase 2.165ms
[124.596s][info][gc,phases,start] GC(539) Post Compact
[124.597s][info][gc,phases      ] GC(539) Post Compact 0.821ms
[124.597s][info][gc,heap        ] GC(539) PSYoungGen: 128K(2446848K)->0K(2446848K) Eden: 0K(2097664K)->0K(2097664K) From: 128K(349184K)->0K(349184K)
[124.597s][info][gc,heap        ] GC(539) ParOldGen: 1144K(5592576K)->1147K(5592576K)
[124.597s][info][gc,metaspace   ] GC(539) Metaspace: 658K(960K)->658K(960K) NonClass: 609K(768K)->609K(768K) Class: 49K(192K)->49K(192K)
[124.597s][info][gc             ] GC(539) Pause Full (System.gc()) 1M->1M(7851M) 8.654ms
[124.597s][info][gc,cpu         ] GC(539) User=0.01s Sys=0.00s Real=0.01s
[125.049s][info][gc,start       ] GC(540) Pause Young (System.gc())
[125.050s][info][gc,heap        ] GC(540) PSYoungGen: 41953K(2446848K)->96K(2446848K) Eden: 41953K(2097664K)->0K(2097664K) From: 0K(349184K)->96K(349184K)
[125.050s][info][gc,heap        ] GC(540) ParOldGen: 1147K(5592576K)->1147K(5592576K)
[125.050s][info][gc,metaspace   ] GC(540) Metaspace: 663K(960K)->663K(960K) NonClass: 613K(768K)->613K(768K) Class: 50K(192K)->50K(192K)
[125.050s][info][gc             ] GC(540) Pause Young (System.gc()) 42M->1M(7851M) 0.371ms
[125.050s][info][gc,cpu         ] GC(540) User=0.00s Sys=0.00s Real=0.00s
[125.050s][info][gc,start       ] GC(541) Pause Full (System.gc())
[125.050s][info][gc,phases,start] GC(541) Marking Phase
[125.052s][info][gc,phases      ] GC(541) Marking Phase 2.149ms
[125.055s][info][gc,phases,start] GC(541) Summary Phase
[125.055s][info][gc,phases      ] GC(541) Summary Phase 0.020ms
[125.055s][info][gc,phases,start] GC(541) Adjust Roots
[125.056s][info][gc,phases      ] GC(541) Adjust Roots 0.610ms
[125.056s][info][gc,phases,start] GC(541) Compaction Phase
[125.057s][info][gc,phases      ] GC(541) Compaction Phase 1.067ms
[125.057s][info][gc,phases,start] GC(541) Post Compact
[125.058s][info][gc,phases      ] GC(541) Post Compact 0.539ms
[125.058s][info][gc,heap        ] GC(541) PSYoungGen: 96K(2446848K)->0K(2446848K) Eden: 0K(2097664K)->0K(2097664K) From: 96K(349184K)->0K(349184K)
[125.058s][info][gc,heap        ] GC(541) ParOldGen: 1147K(5592576K)->1150K(5592576K)
[125.058s][info][gc,metaspace   ] GC(541) Metaspace: 663K(960K)->663K(960K) NonClass: 613K(768K)->613K(768K) Class: 50K(192K)->50K(192K)
[125.058s][info][gc             ] GC(541) Pause Full (System.gc()) 1M->1M(7851M) 7.995ms
[125.058s][info][gc,cpu         ] GC(541) User=0.00s Sys=0.01s Real=0.01s
[125.514s][info][gc,start       ] GC(542) Pause Young (System.gc())
[125.515s][info][gc,heap        ] GC(542) PSYoungGen: 41953K(2446848K)->192K(2446848K) Eden: 41953K(2097664K)->0K(2097664K) From: 0K(349184K)->192K(349184K)
[125.515s][info][gc,heap        ] GC(542) ParOldGen: 1150K(5592576K)->1150K(5592576K)
[125.515s][info][gc,metaspace   ] GC(542) Metaspace: 668K(960K)->668K(960K) NonClass: 616K(768K)->616K(768K) Class: 52K(192K)->52K(192K)
[125.515s][info][gc             ] GC(542) Pause Young (System.gc()) 42M->1M(7851M) 0.640ms
[125.515s][info][gc,cpu         ] GC(542) User=0.00s Sys=0.00s Real=0.00s
[125.515s][info][gc,start       ] GC(543) Pause Full (System.gc())
[125.515s][info][gc,phases,start] GC(543) Marking Phase
[125.520s][info][gc,phases      ] GC(543) Marking Phase 4.601ms
[125.520s][info][gc,phases,start] GC(543) Summary Phase
[125.520s][info][gc,phases      ] GC(543) Summary Phase 0.029ms
[125.520s][info][gc,phases,start] GC(543) Adjust Roots
[125.521s][info][gc,phases      ] GC(543) Adjust Roots 0.964ms
[125.521s][info][gc,phases,start] GC(543) Compaction Phase
[125.523s][info][gc,phases      ] GC(543) Compaction Phase 2.448ms
[125.523s][info][gc,phases,start] GC(543) Post Compact
[125.524s][info][gc,phases      ] GC(543) Post Compact 0.920ms
[125.524s][info][gc,heap        ] GC(543) PSYoungGen: 192K(2446848K)->0K(2446848K) Eden: 0K(2097664K)->0K(2097664K) From: 192K(349184K)->0K(349184K)
[125.524s][info][gc,heap        ] GC(543) ParOldGen: 1150K(5592576K)->1148K(5592576K)
[125.524s][info][gc,metaspace   ] GC(543) Metaspace: 668K(960K)->664K(960K) NonClass: 616K(768K)->614K(768K) Class: 52K(192K)->50K(192K)
[125.524s][info][gc             ] GC(543) Pause Full (System.gc()) 1M->1M(7851M) 9.333ms
[125.524s][info][gc,cpu         ] GC(543) User=0.01s Sys=0.00s Real=0.01s
[125.977s][info][gc,start       ] GC(544) Pause Young (System.gc())
[125.978s][info][gc,heap        ] GC(544) PSYoungGen: 41953K(2446848K)->128K(2446848K) Eden: 41953K(2097664K)->0K(2097664K) From: 0K(349184K)->128K(349184K)
[125.978s][info][gc,heap        ] GC(544) ParOldGen: 1148K(5592576K)->1148K(5592576K)
[125.978s][info][gc,metaspace   ] GC(544) Metaspace: 669K(960K)->669K(960K) NonClass: 617K(768K)->617K(768K) Class: 51K(192K)->51K(192K)
[125.978s][info][gc             ] GC(544) Pause Young (System.gc()) 42M->1M(7851M) 0.619ms
[125.978s][info][gc,cpu         ] GC(544) User=0.00s Sys=0.00s Real=0.00s
[125.978s][info][gc,start       ] GC(545) Pause Full (System.gc())
[125.978s][info][gc,phases,start] GC(545) Marking Phase
[125.983s][info][gc,phases      ] GC(545) Marking Phase 4.795ms
[125.983s][info][gc,phases,start] GC(545) Summary Phase
[125.983s][info][gc,phases      ] GC(545) Summary Phase 0.030ms
[125.983s][info][gc,phases,start] GC(545) Adjust Roots
[125.984s][info][gc,phases      ] GC(545) Adjust Roots 0.956ms
[125.984s][info][gc,phases,start] GC(545) Compaction Phase
[125.986s][info][gc,phases      ] GC(545) Compaction Phase 2.145ms
[125.986s][info][gc,phases,start] GC(545) Post Compact
[125.987s][info][gc,phases      ] GC(545) Post Compact 0.848ms
[125.987s][info][gc,heap        ] GC(545) PSYoungGen: 128K(2446848K)->0K(2446848K) Eden: 0K(2097664K)->0K(2097664K) From: 128K(349184K)->0K(349184K)
[125.987s][info][gc,heap        ] GC(545) ParOldGen: 1148K(5592576K)->1150K(5592576K)
[125.987s][info][gc,metaspace   ] GC(545) Metaspace: 669K(960K)->668K(960K) NonClass: 617K(768K)->616K(768K) Class: 51K(192K)->51K(192K)
[125.987s][info][gc             ] GC(545) Pause Full (System.gc()) 1M->1M(7851M) 9.125ms
[125.987s][info][gc,cpu         ] GC(545) User=0.01s Sys=0.00s Real=0.01s
[126.441s][info][gc,start       ] GC(546) Pause Young (System.gc())
[126.441s][info][gc,heap        ] GC(546) PSYoungGen: 41953K(2446848K)->128K(2446848K) Eden: 41953K(2097664K)->0K(2097664K) From: 0K(349184K)->128K(349184K)
[126.441s][info][gc,heap        ] GC(546) ParOldGen: 1150K(5592576K)->1150K(5592576K)
[126.441s][info][gc,metaspace   ] GC(546) Metaspace: 673K(960K)->673K(960K) NonClass: 620K(768K)->620K(768K) Class: 53K(192K)->53K(192K)
[126.441s][info][gc             ] GC(546) Pause Young (System.gc()) 42M->1M(7851M) 0.511ms
[126.441s][info][gc,cpu         ] GC(546) User=0.00s Sys=0.00s Real=0.00s
[126.441s][info][gc,start       ] GC(547) Pause Full (System.gc())
[126.441s][info][gc,phases,start] GC(547) Marking Phase
[126.446s][info][gc,phases      ] GC(547) Marking Phase 4.926ms
[126.446s][info][gc,phases,start] GC(547) Summary Phase
[126.446s][info][gc,phases      ] GC(547) Summary Phase 0.015ms
[126.446s][info][gc,phases,start] GC(547) Adjust Roots
[126.447s][info][gc,phases      ] GC(547) Adjust Roots 0.522ms
[126.447s][info][gc,phases,start] GC(547) Compaction Phase
[126.448s][info][gc,phases      ] GC(547) Compaction Phase 0.889ms
[126.448s][info][gc,phases,start] GC(547) Post Compact
[126.448s][info][gc,phases      ] GC(547) Post Compact 0.333ms
[126.448s][info][gc,heap        ] GC(547) PSYoungGen: 128K(2446848K)->0K(2446848K) Eden: 0K(2097664K)->0K(2097664K) From: 128K(349184K)->0K(349184K)
[126.448s][info][gc,heap        ] GC(547) ParOldGen: 1150K(5592576K)->1153K(5592576K)
[126.448s][info][gc,metaspace   ] GC(547) Metaspace: 673K(960K)->673K(960K) NonClass: 620K(768K)->620K(768K) Class: 53K(192K)->53K(192K)
[126.448s][info][gc             ] GC(547) Pause Full (System.gc()) 1M->1M(7851M) 6.872ms
[126.448s][info][gc,cpu         ] GC(547) User=0.00s Sys=0.00s Real=0.01s
[126.905s][info][gc,start       ] GC(548) Pause Young (System.gc())
[126.906s][info][gc,heap        ] GC(548) PSYoungGen: 41953K(2446848K)->128K(2446848K) Eden: 41953K(2097664K)->0K(2097664K) From: 0K(349184K)->128K(349184K)
[126.906s][info][gc,heap        ] GC(548) ParOldGen: 1153K(5592576K)->1153K(5592576K)
[126.906s][info][gc,metaspace   ] GC(548) Metaspace: 678K(960K)->678K(960K) NonClass: 623K(768K)->623K(768K) Class: 54K(192K)->54K(192K)
[126.906s][info][gc             ] GC(548) Pause Young (System.gc()) 42M->1M(7851M) 0.607ms
[126.906s][info][gc,cpu         ] GC(548) User=0.00s Sys=0.00s Real=0.00s
[126.906s][info][gc,start       ] GC(549) Pause Full (System.gc())
[126.906s][info][gc,phases,start] GC(549) Marking Phase
[126.909s][info][gc,phases      ] GC(549) Marking Phase 3.358ms
[126.910s][info][gc,phases,start] GC(549) Summary Phase
[126.910s][info][gc,phases      ] GC(549) Summary Phase 0.029ms
[126.910s][info][gc,phases,start] GC(549) Adjust Roots
[126.911s][info][gc,phases      ] GC(549) Adjust Roots 0.957ms
[126.911s][info][gc,phases,start] GC(549) Compaction Phase
[126.913s][info][gc,phases      ] GC(549) Compaction Phase 2.181ms
[126.913s][info][gc,phases,start] GC(549) Post Compact
[126.914s][info][gc,phases      ] GC(549) Post Compact 0.881ms
[126.914s][info][gc,heap        ] GC(549) PSYoungGen: 128K(2446848K)->0K(2446848K) Eden: 0K(2097664K)->0K(2097664K) From: 128K(349184K)->0K(349184K)
[126.914s][info][gc,heap        ] GC(549) ParOldGen: 1153K(5592576K)->1156K(5592576K)
[126.914s][info][gc,metaspace   ] GC(549) Metaspace: 678K(960K)->678K(960K) NonClass: 623K(768K)->623K(768K) Class: 54K(192K)->54K(192K)
[126.914s][info][gc             ] GC(549) Pause Full (System.gc()) 1M->1M(7851M) 7.678ms
[126.914s][info][gc,cpu         ] GC(549) User=0.01s Sys=0.01s Real=0.00s
[127.367s][info][gc,start       ] GC(550) Pause Young (System.gc())
[127.368s][info][gc,heap        ] GC(550) PSYoungGen: 41953K(2446848K)->160K(2446848K) Eden: 41953K(2097664K)->0K(2097664K) From: 0K(349184K)->160K(349184K)
[127.368s][info][gc,heap        ] GC(550) ParOldGen: 1156K(5592576K)->1156K(5592576K)
[127.368s][info][gc,metaspace   ] GC(550) Metaspace: 683K(960K)->683K(960K) NonClass: 626K(768K)->626K(768K) Class: 56K(192K)->56K(192K)
[127.368s][info][gc             ] GC(550) Pause Young (System.gc()) 42M->1M(7851M) 0.628ms
[127.368s][info][gc,cpu         ] GC(550) User=0.00s Sys=0.00s Real=0.00s
[127.368s][info][gc,start       ] GC(551) Pause Full (System.gc())
[127.368s][info][gc,phases,start] GC(551) Marking Phase
[127.373s][info][gc,phases      ] GC(551) Marking Phase 4.803ms
[127.373s][info][gc,phases,start] GC(551) Summary Phase
[127.373s][info][gc,phases      ] GC(551) Summary Phase 0.026ms
[127.373s][info][gc,phases,start] GC(551) Adjust Roots
[127.374s][info][gc,phases      ] GC(551) Adjust Roots 1.005ms
[127.374s][info][gc,phases,start] GC(551) Compaction Phase
[127.376s][info][gc,phases      ] GC(551) Compaction Phase 2.190ms
[127.376s][info][gc,phases,start] GC(551) Post Compact
[127.377s][info][gc,phases      ] GC(551) Post Compact 1.034ms
[127.377s][info][gc,heap        ] GC(551) PSYoungGen: 160K(2446848K)->0K(2446848K) Eden: 0K(2097664K)->0K(2097664K) From: 160K(349184K)->0K(349184K)
[127.378s][info][gc,heap        ] GC(551) ParOldGen: 1156K(5592576K)->1147K(5592576K)
[127.378s][info][gc,metaspace   ] GC(551) Metaspace: 683K(960K)->664K(960K) NonClass: 626K(768K)->616K(768K) Class: 56K(192K)->48K(192K)
[127.378s][info][gc             ] GC(551) Pause Full (System.gc()) 1M->1M(7851M) 9.414ms
[127.378s][info][gc,cpu         ] GC(551) User=0.02s Sys=0.00s Real=0.01s
[127.835s][info][gc,start       ] GC(552) Pause Young (System.gc())
[127.835s][info][gc,heap        ] GC(552) PSYoungGen: 41953K(2446848K)->192K(2446848K) Eden: 41953K(2097664K)->0K(2097664K) From: 0K(349184K)->192K(349184K)
[127.835s][info][gc,heap        ] GC(552) ParOldGen: 1147K(5592576K)->1147K(5592576K)
[127.835s][info][gc,metaspace   ] GC(552) Metaspace: 669K(960K)->669K(960K) NonClass: 619K(768K)->619K(768K) Class: 50K(192K)->50K(192K)
[127.835s][info][gc             ] GC(552) Pause Young (System.gc()) 42M->1M(7851M) 0.577ms
[127.835s][info][gc,cpu         ] GC(552) User=0.00s Sys=0.00s Real=0.00s
[127.835s][info][gc,start       ] GC(553) Pause Full (System.gc())
[127.835s][info][gc,phases,start] GC(553) Marking Phase
[127.840s][info][gc,phases      ] GC(553) Marking Phase 4.639ms
[127.840s][info][gc,phases,start] GC(553) Summary Phase
[127.840s][info][gc,phases      ] GC(553) Summary Phase 0.030ms
[127.840s][info][gc,phases,start] GC(553) Adjust Roots
[127.841s][info][gc,phases      ] GC(553) Adjust Roots 0.970ms
[127.841s][info][gc,phases,start] GC(553) Compaction Phase
[127.843s][info][gc,phases      ] GC(553) Compaction Phase 1.826ms
[127.843s][info][gc,phases,start] GC(553) Post Compact
[127.844s][info][gc,phases      ] GC(553) Post Compact 0.674ms
[127.844s][info][gc,heap        ] GC(553) PSYoungGen: 192K(2446848K)->0K(2446848K) Eden: 0K(2097664K)->0K(2097664K) From: 192K(349184K)->0K(349184K)
[127.844s][info][gc,heap        ] GC(553) ParOldGen: 1147K(5592576K)->1148K(5592576K)
[127.844s][info][gc,metaspace   ] GC(553) Metaspace: 669K(960K)->666K(960K) NonClass: 619K(768K)->617K(768K) Class: 50K(192K)->49K(192K)
[127.844s][info][gc             ] GC(553) Pause Full (System.gc()) 1M->1M(7851M) 8.460ms
[127.844s][info][gc,cpu         ] GC(553) User=0.02s Sys=0.00s Real=0.00s
[128.299s][info][gc,start       ] GC(554) Pause Young (System.gc())
[128.300s][info][gc,heap        ] GC(554) PSYoungGen: 41953K(2446848K)->96K(2446848K) Eden: 41953K(2097664K)->0K(2097664K) From: 0K(349184K)->96K(349184K)
[128.300s][info][gc,heap        ] GC(554) ParOldGen: 1148K(5592576K)->1148K(5592576K)
[128.300s][info][gc,metaspace   ] GC(554) Metaspace: 671K(960K)->671K(960K) NonClass: 621K(768K)->621K(768K) Class: 50K(192K)->50K(192K)
[128.300s][info][gc             ] GC(554) Pause Young (System.gc()) 42M->1M(7851M) 0.643ms
[128.300s][info][gc,cpu         ] GC(554) User=0.00s Sys=0.00s Real=0.00s
[128.300s][info][gc,start       ] GC(555) Pause Full (System.gc())
[128.300s][info][gc,phases,start] GC(555) Marking Phase
[128.304s][info][gc,phases      ] GC(555) Marking Phase 4.489ms
[128.304s][info][gc,phases,start] GC(555) Summary Phase
[128.305s][info][gc,phases      ] GC(555) Summary Phase 0.029ms
[128.305s][info][gc,phases,start] GC(555) Adjust Roots
[128.306s][info][gc,phases      ] GC(555) Adjust Roots 1.088ms
[128.306s][info][gc,phases,start] GC(555) Compaction Phase
[128.308s][info][gc,phases      ] GC(555) Compaction Phase 2.174ms
[128.308s][info][gc,phases,start] GC(555) Post Compact
[128.309s][info][gc,phases      ] GC(555) Post Compact 0.881ms
[128.309s][info][gc,heap        ] GC(555) PSYoungGen: 96K(2446848K)->0K(2446848K) Eden: 0K(2097664K)->0K(2097664K) From: 96K(349184K)->0K(349184K)
[128.309s][info][gc,heap        ] GC(555) ParOldGen: 1148K(5592576K)->1150K(5592576K)
[128.309s][info][gc,metaspace   ] GC(555) Metaspace: 671K(960K)->670K(960K) NonClass: 621K(768K)->620K(768K) Class: 50K(192K)->50K(192K)
[128.309s][info][gc             ] GC(555) Pause Full (System.gc()) 1M->1M(7851M) 8.983ms
[128.309s][info][gc,cpu         ] GC(555) User=0.02s Sys=0.00s Real=0.01s
[128.766s][info][gc,start       ] GC(556) Pause Young (System.gc())
[128.767s][info][gc,heap        ] GC(556) PSYoungGen: 41953K(2446848K)->64K(2446848K) Eden: 41953K(2097664K)->0K(2097664K) From: 0K(349184K)->64K(349184K)
[128.767s][info][gc,heap        ] GC(556) ParOldGen: 1150K(5592576K)->1150K(5592576K)
[128.767s][info][gc,metaspace   ] GC(556) Metaspace: 675K(960K)->675K(960K) NonClass: 623K(768K)->623K(768K) Class: 51K(192K)->51K(192K)
[128.767s][info][gc             ] GC(556) Pause Young (System.gc()) 42M->1M(7851M) 0.716ms
[128.767s][info][gc,cpu         ] GC(556) User=0.00s Sys=0.00s Real=0.00s
[128.767s][info][gc,start       ] GC(557) Pause Full (System.gc())
[128.767s][info][gc,phases,start] GC(557) Marking Phase
[128.773s][info][gc,phases      ] GC(557) Marking Phase 5.590ms
[128.773s][info][gc,phases,start] GC(557) Summary Phase
[128.773s][info][gc,phases      ] GC(557) Summary Phase 0.026ms
[128.773s][info][gc,phases,start] GC(557) Adjust Roots
[128.774s][info][gc,phases      ] GC(557) Adjust Roots 1.019ms
[128.774s][info][gc,phases,start] GC(557) Compaction Phase
[128.776s][info][gc,phases      ] GC(557) Compaction Phase 2.246ms
[128.776s][info][gc,phases,start] GC(557) Post Compact
[128.777s][info][gc,phases      ] GC(557) Post Compact 0.861ms
[128.777s][info][gc,heap        ] GC(557) PSYoungGen: 64K(2446848K)->0K(2446848K) Eden: 0K(2097664K)->0K(2097664K) From: 64K(349184K)->0K(349184K)
[128.777s][info][gc,heap        ] GC(557) ParOldGen: 1150K(5592576K)->1152K(5592576K)
[128.777s][info][gc,metaspace   ] GC(557) Metaspace: 675K(960K)->675K(960K) NonClass: 623K(768K)->623K(768K) Class: 51K(192K)->51K(192K)
[128.777s][info][gc             ] GC(557) Pause Full (System.gc()) 1M->1M(7851M) 10.060ms
[128.777s][info][gc,cpu         ] GC(557) User=0.02s Sys=0.00s Real=0.01s
[129.232s][info][gc,start       ] GC(558) Pause Young (System.gc())
[129.233s][info][gc,heap        ] GC(558) PSYoungGen: 41953K(2446848K)->64K(2446848K) Eden: 41953K(2097664K)->0K(2097664K) From: 0K(349184K)->64K(349184K)
[129.233s][info][gc,heap        ] GC(558) ParOldGen: 1152K(5592576K)->1152K(5592576K)
[129.233s][info][gc,metaspace   ] GC(558) Metaspace: 680K(960K)->680K(960K) NonClass: 626K(768K)->626K(768K) Class: 53K(192K)->53K(192K)
[129.233s][info][gc             ] GC(558) Pause Young (System.gc()) 42M->1M(7851M) 0.660ms
[129.233s][info][gc,cpu         ] GC(558) User=0.00s Sys=0.00s Real=0.00s
[129.233s][info][gc,start       ] GC(559) Pause Full (System.gc())
[129.233s][info][gc,phases,start] GC(559) Marking Phase
[129.236s][info][gc,phases      ] GC(559) Marking Phase 3.370ms
[129.236s][info][gc,phases,start] GC(559) Summary Phase
[129.236s][info][gc,phases      ] GC(559) Summary Phase 0.017ms
[129.236s][info][gc,phases,start] GC(559) Adjust Roots
[129.237s][info][gc,phases      ] GC(559) Adjust Roots 0.541ms
[129.237s][info][gc,phases,start] GC(559) Compaction Phase
[129.238s][info][gc,phases      ] GC(559) Compaction Phase 0.990ms
[129.238s][info][gc,phases,start] GC(559) Post Compact
[129.239s][info][gc,phases      ] GC(559) Post Compact 0.601ms
[129.239s][info][gc,heap        ] GC(559) PSYoungGen: 64K(2446848K)->0K(2446848K) Eden: 0K(2097664K)->0K(2097664K) From: 64K(349184K)->0K(349184K)
[129.239s][info][gc,heap        ] GC(559) ParOldGen: 1152K(5592576K)->1155K(5592576K)
[129.239s][info][gc,metaspace   ] GC(559) Metaspace: 680K(960K)->680K(960K) NonClass: 626K(768K)->626K(768K) Class: 53K(192K)->53K(192K)
[129.239s][info][gc             ] GC(559) Pause Full (System.gc()) 1M->1M(7851M) 5.744ms
[129.239s][info][gc,cpu         ] GC(559) User=0.01s Sys=0.00s Real=0.01s
[129.693s][info][gc,start       ] GC(560) Pause Young (System.gc())
[129.693s][info][gc,heap        ] GC(560) PSYoungGen: 41953K(2446848K)->96K(2446848K) Eden: 41953K(2097664K)->0K(2097664K) From: 0K(349184K)->96K(349184K)
[129.694s][info][gc,heap        ] GC(560) ParOldGen: 1155K(5592576K)->1155K(5592576K)
[129.694s][info][gc,metaspace   ] GC(560) Metaspace: 685K(960K)->685K(960K) NonClass: 630K(768K)->630K(768K) Class: 54K(192K)->54K(192K)
[129.694s][info][gc             ] GC(560) Pause Young (System.gc()) 42M->1M(7851M) 0.692ms
[129.694s][info][gc,cpu         ] GC(560) User=0.00s Sys=0.00s Real=0.00s
[129.694s][info][gc,start       ] GC(561) Pause Full (System.gc())
[129.694s][info][gc,phases,start] GC(561) Marking Phase
[129.697s][info][gc,phases      ] GC(561) Marking Phase 3.329ms
[129.697s][info][gc,phases,start] GC(561) Summary Phase
[129.697s][info][gc,phases      ] GC(561) Summary Phase 0.024ms
[129.697s][info][gc,phases,start] GC(561) Adjust Roots
[129.698s][info][gc,phases      ] GC(561) Adjust Roots 0.962ms
[129.698s][info][gc,phases,start] GC(561) Compaction Phase
[129.700s][info][gc,phases      ] GC(561) Compaction Phase 2.155ms
[129.700s][info][gc,phases,start] GC(561) Post Compact
[129.701s][info][gc,phases      ] GC(561) Post Compact 0.824ms
[129.701s][info][gc,heap        ] GC(561) PSYoungGen: 96K(2446848K)->0K(2446848K) Eden: 0K(2097664K)->0K(2097664K) From: 96K(349184K)->0K(349184K)
[129.701s][info][gc,heap        ] GC(561) ParOldGen: 1155K(5592576K)->1158K(5592576K)
[129.701s][info][gc,metaspace   ] GC(561) Metaspace: 685K(960K)->685K(960K) NonClass: 630K(768K)->630K(768K) Class: 54K(192K)->54K(192K)
[129.701s][info][gc             ] GC(561) Pause Full (System.gc()) 1M->1M(7851M) 7.588ms
[129.701s][info][gc,cpu         ] GC(561) User=0.02s Sys=0.00s Real=0.01s
[130.158s][info][gc,start       ] GC(562) Pause Young (System.gc())
[130.159s][info][gc,heap        ] GC(562) PSYoungGen: 41953K(2446848K)->128K(2446848K) Eden: 41953K(2097664K)->0K(2097664K) From: 0K(349184K)->128K(349184K)
[130.159s][info][gc,heap        ] GC(562) ParOldGen: 1158K(5592576K)->1158K(5592576K)
[130.159s][info][gc,metaspace   ] GC(562) Metaspace: 690K(960K)->690K(960K) NonClass: 633K(768K)->633K(768K) Class: 56K(192K)->56K(192K)
[130.159s][info][gc             ] GC(562) Pause Young (System.gc()) 42M->1M(7851M) 0.725ms
[130.159s][info][gc,cpu         ] GC(562) User=0.00s Sys=0.00s Real=0.00s
[130.159s][info][gc,start       ] GC(563) Pause Full (System.gc())
[130.159s][info][gc,phases,start] GC(563) Marking Phase
[130.164s][info][gc,phases      ] GC(563) Marking Phase 4.989ms
[130.164s][info][gc,phases,start] GC(563) Summary Phase
[130.164s][info][gc,phases      ] GC(563) Summary Phase 0.031ms
[130.164s][info][gc,phases,start] GC(563) Adjust Roots
[130.165s][info][gc,phases      ] GC(563) Adjust Roots 0.998ms
[130.165s][info][gc,phases,start] GC(563) Compaction Phase
[130.167s][info][gc,phases      ] GC(563) Compaction Phase 1.714ms
[130.167s][info][gc,phases,start] GC(563) Post Compact
[130.168s][info][gc,phases      ] GC(563) Post Compact 0.651ms
[130.168s][info][gc,heap        ] GC(563) PSYoungGen: 128K(2446848K)->0K(2446848K) Eden: 0K(2097664K)->0K(2097664K) From: 128K(349184K)->0K(349184K)
[130.168s][info][gc,heap        ] GC(563) ParOldGen: 1158K(5592576K)->1158K(5592576K)
[130.168s][info][gc,metaspace   ] GC(563) Metaspace: 690K(960K)->687K(960K) NonClass: 633K(768K)->632K(768K) Class: 56K(192K)->55K(192K)
[130.168s][info][gc             ] GC(563) Pause Full (System.gc()) 1M->1M(7851M) 8.739ms
[130.168s][info][gc,cpu         ] GC(563) User=0.02s Sys=0.01s Real=0.01s
[130.624s][info][gc,start       ] GC(564) Pause Young (System.gc())
[130.624s][info][gc,heap        ] GC(564) PSYoungGen: 41953K(2446848K)->128K(2446848K) Eden: 41953K(2097664K)->0K(2097664K) From: 0K(349184K)->128K(349184K)
[130.624s][info][gc,heap        ] GC(564) ParOldGen: 1158K(5592576K)->1158K(5592576K)
[130.624s][info][gc,metaspace   ] GC(564) Metaspace: 692K(960K)->692K(960K) NonClass: 635K(768K)->635K(768K) Class: 56K(192K)->56K(192K)
[130.624s][info][gc             ] GC(564) Pause Young (System.gc()) 42M->1M(7851M) 0.529ms
[130.624s][info][gc,cpu         ] GC(564) User=0.00s Sys=0.00s Real=0.01s
[130.624s][info][gc,start       ] GC(565) Pause Full (System.gc())
[130.624s][info][gc,phases,start] GC(565) Marking Phase
[130.629s][info][gc,phases      ] GC(565) Marking Phase 4.348ms
[130.629s][info][gc,phases,start] GC(565) Summary Phase
[130.629s][info][gc,phases      ] GC(565) Summary Phase 0.019ms
[130.629s][info][gc,phases,start] GC(565) Adjust Roots
[130.630s][info][gc,phases      ] GC(565) Adjust Roots 0.745ms
[130.630s][info][gc,phases,start] GC(565) Compaction Phase
[130.631s][info][gc,phases      ] GC(565) Compaction Phase 1.535ms
[130.631s][info][gc,phases,start] GC(565) Post Compact
[130.632s][info][gc,phases      ] GC(565) Post Compact 0.955ms
[130.632s][info][gc,heap        ] GC(565) PSYoungGen: 128K(2446848K)->0K(2446848K) Eden: 0K(2097664K)->0K(2097664K) From: 128K(349184K)->0K(349184K)
[130.632s][info][gc,heap        ] GC(565) ParOldGen: 1158K(5592576K)->1128K(5592576K)
[130.632s][info][gc,metaspace   ] GC(565) Metaspace: 692K(960K)->615K(960K) NonClass: 635K(768K)->575K(768K) Class: 56K(192K)->39K(192K)
[130.632s][info][gc             ] GC(565) Pause Full (System.gc()) 1M->1M(7851M) 7.856ms
[130.632s][info][gc,cpu         ] GC(565) User=0.01s Sys=0.00s Real=0.00s
[131.090s][info][gc,start       ] GC(566) Pause Young (System.gc())
[131.090s][info][gc,heap        ] GC(566) PSYoungGen: 41953K(2446848K)->160K(2446848K) Eden: 41953K(2097664K)->0K(2097664K) From: 0K(349184K)->160K(349184K)
[131.090s][info][gc,heap        ] GC(566) ParOldGen: 1128K(5592576K)->1128K(5592576K)
[131.090s][info][gc,metaspace   ] GC(566) Metaspace: 620K(960K)->620K(960K) NonClass: 579K(768K)->579K(768K) Class: 41K(192K)->41K(192K)
[131.090s][info][gc             ] GC(566) Pause Young (System.gc()) 42M->1M(7851M) 0.563ms
[131.090s][info][gc,cpu         ] GC(566) User=0.00s Sys=0.00s Real=0.00s
[131.090s][info][gc,start       ] GC(567) Pause Full (System.gc())
[131.090s][info][gc,phases,start] GC(567) Marking Phase
[131.094s][info][gc,phases      ] GC(567) Marking Phase 3.958ms
[131.094s][info][gc,phases,start] GC(567) Summary Phase
[131.094s][info][gc,phases      ] GC(567) Summary Phase 0.023ms
[131.094s][info][gc,phases,start] GC(567) Adjust Roots
[131.095s][info][gc,phases      ] GC(567) Adjust Roots 0.701ms
[131.095s][info][gc,phases,start] GC(567) Compaction Phase
[131.096s][info][gc,phases      ] GC(567) Compaction Phase 1.229ms
[131.096s][info][gc,phases,start] GC(567) Post Compact
[131.097s][info][gc,phases      ] GC(567) Post Compact 0.544ms
[131.097s][info][gc,heap        ] GC(567) PSYoungGen: 160K(2446848K)->0K(2446848K) Eden: 0K(2097664K)->0K(2097664K) From: 160K(349184K)->0K(349184K)
[131.097s][info][gc,heap        ] GC(567) ParOldGen: 1128K(5592576K)->1129K(5592576K)
[131.097s][info][gc,metaspace   ] GC(567) Metaspace: 620K(960K)->617K(960K) NonClass: 579K(768K)->576K(768K) Class: 41K(192K)->40K(192K)
[131.097s][info][gc             ] GC(567) Pause Full (System.gc()) 1M->1M(7851M) 6.754ms
[131.097s][info][gc,cpu         ] GC(567) User=0.01s Sys=0.00s Real=0.01s
[131.551s][info][gc,start       ] GC(568) Pause Young (System.gc())
[131.551s][info][gc,heap        ] GC(568) PSYoungGen: 41953K(2446848K)->128K(2446848K) Eden: 41953K(2097664K)->0K(2097664K) From: 0K(349184K)->128K(349184K)
[131.551s][info][gc,heap        ] GC(568) ParOldGen: 1129K(5592576K)->1129K(5592576K)
[131.551s][info][gc,metaspace   ] GC(568) Metaspace: 622K(960K)->622K(960K) NonClass: 580K(768K)->580K(768K) Class: 42K(192K)->42K(192K)
[131.551s][info][gc             ] GC(568) Pause Young (System.gc()) 42M->1M(7851M) 0.649ms
[131.551s][info][gc,cpu         ] GC(568) User=0.00s Sys=0.00s Real=0.00s
[131.551s][info][gc,start       ] GC(569) Pause Full (System.gc())
[131.551s][info][gc,phases,start] GC(569) Marking Phase
[131.555s][info][gc,phases      ] GC(569) Marking Phase 3.202ms
[131.555s][info][gc,phases,start] GC(569) Summary Phase
[131.555s][info][gc,phases      ] GC(569) Summary Phase 0.027ms
[131.555s][info][gc,phases,start] GC(569) Adjust Roots
[131.556s][info][gc,phases      ] GC(569) Adjust Roots 0.955ms
[131.556s][info][gc,phases,start] GC(569) Compaction Phase
[131.558s][info][gc,phases      ] GC(569) Compaction Phase 2.234ms
[131.558s][info][gc,phases,start] GC(569) Post Compact
[131.559s][info][gc,phases      ] GC(569) Post Compact 0.674ms
[131.559s][info][gc,heap        ] GC(569) PSYoungGen: 128K(2446848K)->0K(2446848K) Eden: 0K(2097664K)->0K(2097664K) From: 128K(349184K)->0K(349184K)
[131.559s][info][gc,heap        ] GC(569) ParOldGen: 1129K(5592576K)->1132K(5592576K)
[131.559s][info][gc,metaspace   ] GC(569) Metaspace: 622K(960K)->622K(960K) NonClass: 580K(768K)->580K(768K) Class: 42K(192K)->42K(192K)
[131.559s][info][gc             ] GC(569) Pause Full (System.gc()) 1M->1M(7851M) 7.433ms
[131.559s][info][gc,cpu         ] GC(569) User=0.01s Sys=0.00s Real=0.01s
[132.015s][info][gc,start       ] GC(570) Pause Young (System.gc())
[132.015s][info][gc,heap        ] GC(570) PSYoungGen: 41953K(2446848K)->160K(2446848K) Eden: 41953K(2097664K)->0K(2097664K) From: 0K(349184K)->160K(349184K)
[132.015s][info][gc,heap        ] GC(570) ParOldGen: 1132K(5592576K)->1132K(5592576K)
[132.015s][info][gc,metaspace   ] GC(570) Metaspace: 627K(960K)->627K(960K) NonClass: 583K(768K)->583K(768K) Class: 44K(192K)->44K(192K)
[132.015s][info][gc             ] GC(570) Pause Young (System.gc()) 42M->1M(7851M) 0.450ms
[132.015s][info][gc,cpu         ] GC(570) User=0.00s Sys=0.00s Real=0.00s
[132.015s][info][gc,start       ] GC(571) Pause Full (System.gc())
[132.016s][info][gc,phases,start] GC(571) Marking Phase
[132.018s][info][gc,phases      ] GC(571) Marking Phase 2.046ms
[132.018s][info][gc,phases,start] GC(571) Summary Phase
[132.018s][info][gc,phases      ] GC(571) Summary Phase 0.015ms
[132.018s][info][gc,phases,start] GC(571) Adjust Roots
[132.018s][info][gc,phases      ] GC(571) Adjust Roots 0.582ms
[132.018s][info][gc,phases,start] GC(571) Compaction Phase
[132.020s][info][gc,phases      ] GC(571) Compaction Phase 1.605ms
[132.020s][info][gc,phases,start] GC(571) Post Compact
[132.020s][info][gc,phases      ] GC(571) Post Compact 0.586ms
[132.020s][info][gc,heap        ] GC(571) PSYoungGen: 160K(2446848K)->0K(2446848K) Eden: 0K(2097664K)->0K(2097664K) From: 160K(349184K)->0K(349184K)
[132.020s][info][gc,heap        ] GC(571) ParOldGen: 1132K(5592576K)->1134K(5592576K)
[132.021s][info][gc,metaspace   ] GC(571) Metaspace: 627K(960K)->627K(960K) NonClass: 583K(768K)->583K(768K) Class: 44K(192K)->44K(192K)
[132.021s][info][gc             ] GC(571) Pause Full (System.gc()) 1M->1M(7851M) 5.048ms
[132.021s][info][gc,cpu         ] GC(571) User=0.01s Sys=0.00s Real=0.00s
[132.478s][info][gc,start       ] GC(572) Pause Young (System.gc())
[132.478s][info][gc,heap        ] GC(572) PSYoungGen: 41953K(2446848K)->128K(2446848K) Eden: 41953K(2097664K)->0K(2097664K) From: 0K(349184K)->128K(349184K)
[132.478s][info][gc,heap        ] GC(572) ParOldGen: 1134K(5592576K)->1134K(5592576K)
[132.478s][info][gc,metaspace   ] GC(572) Metaspace: 632K(960K)->632K(960K) NonClass: 586K(768K)->586K(768K) Class: 45K(192K)->45K(192K)
[132.478s][info][gc             ] GC(572) Pause Young (System.gc()) 42M->1M(7851M) 0.452ms
[132.478s][info][gc,cpu         ] GC(572) User=0.00s Sys=0.00s Real=0.00s
[132.478s][info][gc,start       ] GC(573) Pause Full (System.gc())
[132.478s][info][gc,phases,start] GC(573) Marking Phase
[132.481s][info][gc,phases      ] GC(573) Marking Phase 3.210ms
[132.481s][info][gc,phases,start] GC(573) Summary Phase
[132.481s][info][gc,phases      ] GC(573) Summary Phase 0.017ms
[132.481s][info][gc,phases,start] GC(573) Adjust Roots
[132.482s][info][gc,phases      ] GC(573) Adjust Roots 0.662ms
[132.482s][info][gc,phases,start] GC(573) Compaction Phase
[132.483s][info][gc,phases      ] GC(573) Compaction Phase 1.029ms
[132.483s][info][gc,phases,start] GC(573) Post Compact
[132.484s][info][gc,phases      ] GC(573) Post Compact 0.624ms
[132.484s][info][gc,heap        ] GC(573) PSYoungGen: 128K(2446848K)->0K(2446848K) Eden: 0K(2097664K)->0K(2097664K) From: 128K(349184K)->0K(349184K)
[132.484s][info][gc,heap        ] GC(573) ParOldGen: 1134K(5592576K)->1125K(5592576K)
[132.484s][info][gc,metaspace   ] GC(573) Metaspace: 632K(960K)->611K(960K) NonClass: 586K(768K)->574K(768K) Class: 45K(192K)->37K(192K)
[132.484s][info][gc             ] GC(573) Pause Full (System.gc()) 1M->1M(7851M) 5.748ms
[132.484s][info][gc,cpu         ] GC(573) User=0.00s Sys=0.00s Real=0.01s
[132.937s][info][gc,start       ] GC(574) Pause Young (System.gc())
[132.938s][info][gc,heap        ] GC(574) PSYoungGen: 41953K(2446848K)->96K(2446848K) Eden: 41953K(2097664K)->0K(2097664K) From: 0K(349184K)->96K(349184K)
[132.938s][info][gc,heap        ] GC(574) ParOldGen: 1125K(5592576K)->1125K(5592576K)
[132.938s][info][gc,metaspace   ] GC(574) Metaspace: 616K(960K)->616K(960K) NonClass: 578K(768K)->578K(768K) Class: 38K(192K)->38K(192K)
[132.938s][info][gc             ] GC(574) Pause Young (System.gc()) 42M->1M(7851M) 0.504ms
[132.938s][info][gc,cpu         ] GC(574) User=0.00s Sys=0.00s Real=0.00s
[132.938s][info][gc,start       ] GC(575) Pause Full (System.gc())
[132.938s][info][gc,phases,start] GC(575) Marking Phase
[132.942s][info][gc,phases      ] GC(575) Marking Phase 4.503ms
[132.943s][info][gc,phases,start] GC(575) Summary Phase
[132.943s][info][gc,phases      ] GC(575) Summary Phase 0.048ms
[132.943s][info][gc,phases,start] GC(575) Adjust Roots
[132.944s][info][gc,phases      ] GC(575) Adjust Roots 1.170ms
[132.944s][info][gc,phases,start] GC(575) Compaction Phase
[132.946s][info][gc,phases      ] GC(575) Compaction Phase 1.788ms
[132.946s][info][gc,phases,start] GC(575) Post Compact
[132.946s][info][gc,phases      ] GC(575) Post Compact 0.488ms
[132.946s][info][gc,heap        ] GC(575) PSYoungGen: 96K(2446848K)->0K(2446848K) Eden: 0K(2097664K)->0K(2097664K) From: 96K(349184K)->0K(349184K)
[132.946s][info][gc,heap        ] GC(575) ParOldGen: 1125K(5592576K)->1126K(5592576K)
[132.946s][info][gc,metaspace   ] GC(575) Metaspace: 616K(960K)->614K(960K) NonClass: 578K(768K)->576K(768K) Class: 38K(192K)->37K(192K)
[132.946s][info][gc             ] GC(575) Pause Full (System.gc()) 1M->1M(7851M) 8.455ms
[132.946s][info][gc,cpu         ] GC(575) User=0.01s Sys=0.00s Real=0.01s
[133.400s][info][gc,start       ] GC(576) Pause Young (System.gc())
[133.401s][info][gc,heap        ] GC(576) PSYoungGen: 41953K(2446848K)->96K(2446848K) Eden: 41953K(2097664K)->0K(2097664K) From: 0K(349184K)->96K(349184K)
[133.401s][info][gc,heap        ] GC(576) ParOldGen: 1126K(5592576K)->1126K(5592576K)
[133.401s][info][gc,metaspace   ] GC(576) Metaspace: 619K(960K)->619K(960K) NonClass: 579K(768K)->579K(768K) Class: 39K(192K)->39K(192K)
[133.401s][info][gc             ] GC(576) Pause Young (System.gc()) 42M->1M(7851M) 0.713ms
[133.401s][info][gc,cpu         ] GC(576) User=0.00s Sys=0.00s Real=0.00s
[133.401s][info][gc,start       ] GC(577) Pause Full (System.gc())
[133.401s][info][gc,phases,start] GC(577) Marking Phase
[133.406s][info][gc,phases      ] GC(577) Marking Phase 4.505ms
[133.406s][info][gc,phases,start] GC(577) Summary Phase
[133.406s][info][gc,phases      ] GC(577) Summary Phase 0.029ms
[133.406s][info][gc,phases,start] GC(577) Adjust Roots
[133.407s][info][gc,phases      ] GC(577) Adjust Roots 0.985ms
[133.407s][info][gc,phases,start] GC(577) Compaction Phase
[133.409s][info][gc,phases      ] GC(577) Compaction Phase 2.195ms
[133.409s][info][gc,phases,start] GC(577) Post Compact
[133.410s][info][gc,phases      ] GC(577) Post Compact 0.902ms
[133.410s][info][gc,heap        ] GC(577) PSYoungGen: 96K(2446848K)->0K(2446848K) Eden: 0K(2097664K)->0K(2097664K) From: 96K(349184K)->0K(349184K)
[133.410s][info][gc,heap        ] GC(577) ParOldGen: 1126K(5592576K)->1128K(5592576K)
[133.410s][info][gc,metaspace   ] GC(577) Metaspace: 619K(960K)->618K(960K) NonClass: 579K(768K)->579K(768K) Class: 39K(192K)->38K(192K)
[133.410s][info][gc             ] GC(577) Pause Full (System.gc()) 1M->1M(7851M) 8.929ms
[133.410s][info][gc,cpu         ] GC(577) User=0.02s Sys=0.00s Real=0.01s
[133.866s][info][gc,start       ] GC(578) Pause Young (System.gc())
[133.866s][info][gc,heap        ] GC(578) PSYoungGen: 41953K(2446848K)->160K(2446848K) Eden: 41953K(2097664K)->0K(2097664K) From: 0K(349184K)->160K(349184K)
[133.866s][info][gc,heap        ] GC(578) ParOldGen: 1128K(5592576K)->1128K(5592576K)
[133.866s][info][gc,metaspace   ] GC(578) Metaspace: 623K(960K)->623K(960K) NonClass: 582K(768K)->582K(768K) Class: 40K(192K)->40K(192K)
[133.866s][info][gc             ] GC(578) Pause Young (System.gc()) 42M->1M(7851M) 0.655ms
[133.866s][info][gc,cpu         ] GC(578) User=0.00s Sys=0.00s Real=0.00s
[133.866s][info][gc,start       ] GC(579) Pause Full (System.gc())
[133.866s][info][gc,phases,start] GC(579) Marking Phase
[133.871s][info][gc,phases      ] GC(579) Marking Phase 4.518ms
[133.871s][info][gc,phases,start] GC(579) Summary Phase
[133.871s][info][gc,phases      ] GC(579) Summary Phase 0.029ms
[133.871s][info][gc,phases,start] GC(579) Adjust Roots
[133.872s][info][gc,phases      ] GC(579) Adjust Roots 1.195ms
[133.872s][info][gc,phases,start] GC(579) Compaction Phase
[133.874s][info][gc,phases      ] GC(579) Compaction Phase 2.201ms
[133.874s][info][gc,phases,start] GC(579) Post Compact
[133.875s][info][gc,phases      ] GC(579) Post Compact 0.881ms
[133.875s][info][gc,heap        ] GC(579) PSYoungGen: 160K(2446848K)->0K(2446848K) Eden: 0K(2097664K)->0K(2097664K) From: 160K(349184K)->0K(349184K)
[133.875s][info][gc,heap        ] GC(579) ParOldGen: 1128K(5592576K)->1130K(5592576K)
[133.875s][info][gc,metaspace   ] GC(579) Metaspace: 623K(960K)->622K(960K) NonClass: 582K(768K)->582K(768K) Class: 40K(192K)->39K(192K)
[133.875s][info][gc             ] GC(579) Pause Full (System.gc()) 1M->1M(7851M) 9.140ms
[133.875s][info][gc,cpu         ] GC(579) User=0.02s Sys=0.00s Real=0.01s
[134.329s][info][gc,start       ] GC(580) Pause Young (System.gc())
[134.329s][info][gc,heap        ] GC(580) PSYoungGen: 41953K(2446848K)->160K(2446848K) Eden: 41953K(2097664K)->0K(2097664K) From: 0K(349184K)->160K(349184K)
[134.329s][info][gc,heap        ] GC(580) ParOldGen: 1130K(5592576K)->1130K(5592576K)
[134.329s][info][gc,metaspace   ] GC(580) Metaspace: 627K(960K)->627K(960K) NonClass: 585K(768K)->585K(768K) Class: 41K(192K)->41K(192K)
[134.329s][info][gc             ] GC(580) Pause Young (System.gc()) 42M->1M(7851M) 0.645ms
[134.329s][info][gc,cpu         ] GC(580) User=0.00s Sys=0.00s Real=0.00s
[134.329s][info][gc,start       ] GC(581) Pause Full (System.gc())
[134.329s][info][gc,phases,start] GC(581) Marking Phase
[134.334s][info][gc,phases      ] GC(581) Marking Phase 4.975ms
[134.334s][info][gc,phases,start] GC(581) Summary Phase
[134.335s][info][gc,phases      ] GC(581) Summary Phase 0.034ms
[134.335s][info][gc,phases,start] GC(581) Adjust Roots
[134.336s][info][gc,phases      ] GC(581) Adjust Roots 0.964ms
[134.336s][info][gc,phases,start] GC(581) Compaction Phase
[134.338s][info][gc,phases      ] GC(581) Compaction Phase 2.131ms
[134.338s][info][gc,phases,start] GC(581) Post Compact
[134.339s][info][gc,phases      ] GC(581) Post Compact 0.968ms
[134.339s][info][gc,heap        ] GC(581) PSYoungGen: 160K(2446848K)->0K(2446848K) Eden: 0K(2097664K)->0K(2097664K) From: 160K(349184K)->0K(349184K)
[134.339s][info][gc,heap        ] GC(581) ParOldGen: 1130K(5592576K)->1132K(5592576K)
[134.339s][info][gc,metaspace   ] GC(581) Metaspace: 627K(960K)->626K(960K) NonClass: 585K(768K)->585K(768K) Class: 41K(192K)->41K(192K)
[134.339s][info][gc             ] GC(581) Pause Full (System.gc()) 1M->1M(7851M) 9.478ms
[134.339s][info][gc,cpu         ] GC(581) User=0.02s Sys=0.00s Real=0.01s
[134.795s][info][gc,start       ] GC(582) Pause Young (System.gc())
[134.795s][info][gc,heap        ] GC(582) PSYoungGen: 41953K(2446848K)->128K(2446848K) Eden: 41953K(2097664K)->0K(2097664K) From: 0K(349184K)->128K(349184K)
[134.795s][info][gc,heap        ] GC(582) ParOldGen: 1132K(5592576K)->1132K(5592576K)
[134.795s][info][gc,metaspace   ] GC(582) Metaspace: 631K(960K)->631K(960K) NonClass: 588K(768K)->588K(768K) Class: 42K(192K)->42K(192K)
[134.795s][info][gc             ] GC(582) Pause Young (System.gc()) 42M->1M(7851M) 0.417ms
[134.795s][info][gc,cpu         ] GC(582) User=0.00s Sys=0.00s Real=0.00s
[134.795s][info][gc,start       ] GC(583) Pause Full (System.gc())
[134.795s][info][gc,phases,start] GC(583) Marking Phase
[134.798s][info][gc,phases      ] GC(583) Marking Phase 2.698ms
[134.798s][info][gc,phases,start] GC(583) Summary Phase
[134.798s][info][gc,phases      ] GC(583) Summary Phase 0.017ms
[134.798s][info][gc,phases,start] GC(583) Adjust Roots
[134.799s][info][gc,phases      ] GC(583) Adjust Roots 0.618ms
[134.799s][info][gc,phases,start] GC(583) Compaction Phase
[134.800s][info][gc,phases      ] GC(583) Compaction Phase 1.300ms
[134.800s][info][gc,phases,start] GC(583) Post Compact
[134.801s][info][gc,phases      ] GC(583) Post Compact 0.632ms
[134.801s][info][gc,heap        ] GC(583) PSYoungGen: 128K(2446848K)->0K(2446848K) Eden: 0K(2097664K)->0K(2097664K) From: 128K(349184K)->0K(349184K)
[134.801s][info][gc,heap        ] GC(583) ParOldGen: 1132K(5592576K)->1134K(5592576K)
[134.801s][info][gc,metaspace   ] GC(583) Metaspace: 631K(960K)->631K(960K) NonClass: 588K(768K)->588K(768K) Class: 42K(192K)->42K(192K)
[134.801s][info][gc             ] GC(583) Pause Full (System.gc()) 1M->1M(7851M) 5.519ms
[134.801s][info][gc,cpu         ] GC(583) User=0.01s Sys=0.00s Real=0.00s
[135.259s][info][gc,start       ] GC(584) Pause Young (System.gc())
[135.259s][info][gc,heap        ] GC(584) PSYoungGen: 41953K(2446848K)->128K(2446848K) Eden: 41953K(2097664K)->0K(2097664K) From: 0K(349184K)->128K(349184K)
[135.259s][info][gc,heap        ] GC(584) ParOldGen: 1134K(5592576K)->1134K(5592576K)
[135.259s][info][gc,metaspace   ] GC(584) Metaspace: 636K(960K)->636K(960K) NonClass: 591K(768K)->591K(768K) Class: 44K(192K)->44K(192K)
[135.259s][info][gc             ] GC(584) Pause Young (System.gc()) 42M->1M(7851M) 0.520ms
[135.259s][info][gc,cpu         ] GC(584) User=0.00s Sys=0.00s Real=0.00s
[135.259s][info][gc,start       ] GC(585) Pause Full (System.gc())
[135.259s][info][gc,phases,start] GC(585) Marking Phase
[135.263s][info][gc,phases      ] GC(585) Marking Phase 3.920ms
[135.263s][info][gc,phases,start] GC(585) Summary Phase
[135.263s][info][gc,phases      ] GC(585) Summary Phase 0.024ms
[135.264s][info][gc,phases,start] GC(585) Adjust Roots
[135.264s][info][gc,phases      ] GC(585) Adjust Roots 0.605ms
[135.264s][info][gc,phases,start] GC(585) Compaction Phase
[135.265s][info][gc,phases      ] GC(585) Compaction Phase 1.128ms
[135.265s][info][gc,phases,start] GC(585) Post Compact
[135.266s][info][gc,phases      ] GC(585) Post Compact 0.563ms
[135.266s][info][gc,heap        ] GC(585) PSYoungGen: 128K(2446848K)->0K(2446848K) Eden: 0K(2097664K)->0K(2097664K) From: 128K(349184K)->0K(349184K)
[135.266s][info][gc,heap        ] GC(585) ParOldGen: 1134K(5592576K)->1130K(5592576K)
[135.266s][info][gc,metaspace   ] GC(585) Metaspace: 636K(960K)->625K(960K) NonClass: 591K(768K)->585K(768K) Class: 44K(192K)->40K(192K)
[135.266s][info][gc             ] GC(585) Pause Full (System.gc()) 1M->1M(7851M) 6.542ms
[135.266s][info][gc,cpu         ] GC(585) User=0.01s Sys=0.00s Real=0.01s
[135.723s][info][gc,start       ] GC(586) Pause Young (System.gc())
[135.724s][info][gc,heap        ] GC(586) PSYoungGen: 41953K(2446848K)->96K(2446848K) Eden: 41953K(2097664K)->0K(2097664K) From: 0K(349184K)->96K(349184K)
[135.724s][info][gc,heap        ] GC(586) ParOldGen: 1130K(5592576K)->1130K(5592576K)
[135.724s][info][gc,metaspace   ] GC(586) Metaspace: 630K(960K)->630K(960K) NonClass: 588K(768K)->588K(768K) Class: 41K(192K)->41K(192K)
[135.724s][info][gc             ] GC(586) Pause Young (System.gc()) 42M->1M(7851M) 0.505ms
[135.724s][info][gc,cpu         ] GC(586) User=0.00s Sys=0.00s Real=0.00s
[135.724s][info][gc,start       ] GC(587) Pause Full (System.gc())
[135.724s][info][gc,phases,start] GC(587) Marking Phase
[135.728s][info][gc,phases      ] GC(587) Marking Phase 3.765ms
[135.728s][info][gc,phases,start] GC(587) Summary Phase
[135.728s][info][gc,phases      ] GC(587) Summary Phase 0.024ms
[135.728s][info][gc,phases,start] GC(587) Adjust Roots
[135.728s][info][gc,phases      ] GC(587) Adjust Roots 0.656ms
[135.728s][info][gc,phases,start] GC(587) Compaction Phase
[135.730s][info][gc,phases      ] GC(587) Compaction Phase 1.175ms
[135.730s][info][gc,phases,start] GC(587) Post Compact
[135.730s][info][gc,phases      ] GC(587) Post Compact 0.530ms
[135.730s][info][gc,heap        ] GC(587) PSYoungGen: 96K(2446848K)->0K(2446848K) Eden: 0K(2097664K)->0K(2097664K) From: 96K(349184K)->0K(349184K)
[135.730s][info][gc,heap        ] GC(587) ParOldGen: 1130K(5592576K)->1132K(5592576K)
[135.730s][info][gc,metaspace   ] GC(587) Metaspace: 630K(960K)->627K(960K) NonClass: 588K(768K)->587K(768K) Class: 41K(192K)->40K(192K)
[135.730s][info][gc             ] GC(587) Pause Full (System.gc()) 1M->1M(7851M) 6.467ms
[135.730s][info][gc,cpu         ] GC(587) User=0.01s Sys=0.00s Real=0.00s
[136.186s][info][gc,start       ] GC(588) Pause Young (System.gc())
[136.186s][info][gc,heap        ] GC(588) PSYoungGen: 41953K(2446848K)->128K(2446848K) Eden: 41953K(2097664K)->0K(2097664K) From: 0K(349184K)->128K(349184K)
[136.186s][info][gc,heap        ] GC(588) ParOldGen: 1132K(5592576K)->1132K(5592576K)
[136.187s][info][gc,metaspace   ] GC(588) Metaspace: 632K(960K)->632K(960K) NonClass: 590K(768K)->590K(768K) Class: 42K(192K)->42K(192K)
[136.187s][info][gc             ] GC(588) Pause Young (System.gc()) 42M->1M(7851M) 0.575ms
[136.187s][info][gc,cpu         ] GC(588) User=0.00s Sys=0.00s Real=0.00s
[136.187s][info][gc,start       ] GC(589) Pause Full (System.gc())
[136.187s][info][gc,phases,start] GC(589) Marking Phase
[136.190s][info][gc,phases      ] GC(589) Marking Phase 3.284ms
[136.190s][info][gc,phases,start] GC(589) Summary Phase
[136.190s][info][gc,phases      ] GC(589) Summary Phase 0.032ms
[136.190s][info][gc,phases,start] GC(589) Adjust Roots
[136.191s][info][gc,phases      ] GC(589) Adjust Roots 0.860ms
[136.191s][info][gc,phases,start] GC(589) Compaction Phase
[136.193s][info][gc,phases      ] GC(589) Compaction Phase 2.251ms
[136.193s][info][gc,phases,start] GC(589) Post Compact
[136.194s][info][gc,phases      ] GC(589) Post Compact 0.839ms
[136.194s][info][gc,heap        ] GC(589) PSYoungGen: 128K(2446848K)->0K(2446848K) Eden: 0K(2097664K)->0K(2097664K) From: 128K(349184K)->0K(349184K)
[136.194s][info][gc,heap        ] GC(589) ParOldGen: 1132K(5592576K)->1134K(5592576K)
[136.194s][info][gc,metaspace   ] GC(589) Metaspace: 632K(960K)->632K(960K) NonClass: 590K(768K)->590K(768K) Class: 42K(192K)->42K(192K)
[136.194s][info][gc             ] GC(589) Pause Full (System.gc()) 1M->1M(7851M) 7.649ms
[136.194s][info][gc,cpu         ] GC(589) User=0.01s Sys=0.00s Real=0.01s
[136.652s][info][gc,start       ] GC(590) Pause Young (System.gc())
[136.652s][info][gc,heap        ] GC(590) PSYoungGen: 41953K(2446848K)->160K(2446848K) Eden: 41953K(2097664K)->0K(2097664K) From: 0K(349184K)->160K(349184K)
[136.652s][info][gc,heap        ] GC(590) ParOldGen: 1134K(5592576K)->1134K(5592576K)
[136.653s][info][gc,metaspace   ] GC(590) Metaspace: 637K(960K)->637K(960K) NonClass: 593K(768K)->593K(768K) Class: 43K(192K)->43K(192K)
[136.653s][info][gc             ] GC(590) Pause Young (System.gc()) 42M->1M(7851M) 0.561ms
[136.653s][info][gc,cpu         ] GC(590) User=0.00s Sys=0.00s Real=0.00s
[136.653s][info][gc,start       ] GC(591) Pause Full (System.gc())
[136.653s][info][gc,phases,start] GC(591) Marking Phase
[136.656s][info][gc,phases      ] GC(591) Marking Phase 3.608ms
[136.656s][info][gc,phases,start] GC(591) Summary Phase
[136.656s][info][gc,phases      ] GC(591) Summary Phase 0.016ms
[136.656s][info][gc,phases,start] GC(591) Adjust Roots
[136.657s][info][gc,phases      ] GC(591) Adjust Roots 0.832ms
[136.657s][info][gc,phases,start] GC(591) Compaction Phase
[136.659s][info][gc,phases      ] GC(591) Compaction Phase 1.354ms
[136.659s][info][gc,phases,start] GC(591) Post Compact
[136.659s][info][gc,phases      ] GC(591) Post Compact 0.548ms
[136.659s][info][gc,heap        ] GC(591) PSYoungGen: 160K(2446848K)->0K(2446848K) Eden: 0K(2097664K)->0K(2097664K) From: 160K(349184K)->0K(349184K)
[136.659s][info][gc,heap        ] GC(591) ParOldGen: 1134K(5592576K)->1137K(5592576K)
[136.659s][info][gc,metaspace   ] GC(591) Metaspace: 637K(960K)->637K(960K) NonClass: 593K(768K)->593K(768K) Class: 43K(192K)->43K(192K)
[136.659s][info][gc             ] GC(591) Pause Full (System.gc()) 1M->1M(7851M) 6.667ms
[136.659s][info][gc,cpu         ] GC(591) User=0.01s Sys=0.00s Real=0.01s
[137.112s][info][gc,start       ] GC(592) Pause Young (System.gc())
[137.112s][info][gc,heap        ] GC(592) PSYoungGen: 41953K(2446848K)->96K(2446848K) Eden: 41953K(2097664K)->0K(2097664K) From: 0K(349184K)->96K(349184K)
[137.112s][info][gc,heap        ] GC(592) ParOldGen: 1137K(5592576K)->1137K(5592576K)
[137.112s][info][gc,metaspace   ] GC(592) Metaspace: 642K(960K)->642K(960K) NonClass: 597K(768K)->597K(768K) Class: 45K(192K)->45K(192K)
[137.112s][info][gc             ] GC(592) Pause Young (System.gc()) 42M->1M(7851M) 0.570ms
[137.112s][info][gc,cpu         ] GC(592) User=0.00s Sys=0.00s Real=0.00s
[137.112s][info][gc,start       ] GC(593) Pause Full (System.gc())
[137.112s][info][gc,phases,start] GC(593) Marking Phase
[137.115s][info][gc,phases      ] GC(593) Marking Phase 3.100ms
[137.116s][info][gc,phases,start] GC(593) Summary Phase
[137.116s][info][gc,phases      ] GC(593) Summary Phase 0.022ms
[137.116s][info][gc,phases,start] GC(593) Adjust Roots
[137.116s][info][gc,phases      ] GC(593) Adjust Roots 0.744ms
[137.116s][info][gc,phases,start] GC(593) Compaction Phase
[137.118s][info][gc,phases      ] GC(593) Compaction Phase 1.553ms
[137.118s][info][gc,phases,start] GC(593) Post Compact
[137.119s][info][gc,phases      ] GC(593) Post Compact 0.575ms
[137.119s][info][gc,heap        ] GC(593) PSYoungGen: 96K(2446848K)->0K(2446848K) Eden: 0K(2097664K)->0K(2097664K) From: 96K(349184K)->0K(349184K)
[137.119s][info][gc,heap        ] GC(593) ParOldGen: 1137K(5592576K)->1140K(5592576K)
[137.119s][info][gc,metaspace   ] GC(593) Metaspace: 642K(960K)->642K(960K) NonClass: 597K(768K)->597K(768K) Class: 45K(192K)->45K(192K)
[137.119s][info][gc             ] GC(593) Pause Full (System.gc()) 1M->1M(7851M) 6.223ms
[137.119s][info][gc,cpu         ] GC(593) User=0.01s Sys=0.00s Real=0.01s
[137.576s][info][gc,start       ] GC(594) Pause Young (System.gc())
[137.576s][info][gc,heap        ] GC(594) PSYoungGen: 41953K(2446848K)->96K(2446848K) Eden: 41953K(2097664K)->0K(2097664K) From: 0K(349184K)->96K(349184K)
[137.576s][info][gc,heap        ] GC(594) ParOldGen: 1140K(5592576K)->1140K(5592576K)
[137.576s][info][gc,metaspace   ] GC(594) Metaspace: 647K(960K)->647K(960K) NonClass: 600K(768K)->600K(768K) Class: 47K(192K)->47K(192K)
[137.576s][info][gc             ] GC(594) Pause Young (System.gc()) 42M->1M(7851M) 0.657ms
[137.576s][info][gc,cpu         ] GC(594) User=0.00s Sys=0.00s Real=0.00s
[137.576s][info][gc,start       ] GC(595) Pause Full (System.gc())
[137.577s][info][gc,phases,start] GC(595) Marking Phase
[137.579s][info][gc,phases      ] GC(595) Marking Phase 2.223ms
[137.579s][info][gc,phases,start] GC(595) Summary Phase
[137.579s][info][gc,phases      ] GC(595) Summary Phase 0.024ms
[137.579s][info][gc,phases,start] GC(595) Adjust Roots
[137.579s][info][gc,phases      ] GC(595) Adjust Roots 0.502ms
[137.579s][info][gc,phases,start] GC(595) Compaction Phase
[137.581s][info][gc,phases      ] GC(595) Compaction Phase 1.137ms
[137.581s][info][gc,phases,start] GC(595) Post Compact
[137.581s][info][gc,phases      ] GC(595) Post Compact 0.492ms
[137.581s][info][gc,heap        ] GC(595) PSYoungGen: 96K(2446848K)->0K(2446848K) Eden: 0K(2097664K)->0K(2097664K) From: 96K(349184K)->0K(349184K)
[137.581s][info][gc,heap        ] GC(595) ParOldGen: 1140K(5592576K)->1143K(5592576K)
[137.581s][info][gc,metaspace   ] GC(595) Metaspace: 647K(960K)->647K(960K) NonClass: 600K(768K)->600K(768K) Class: 47K(192K)->47K(192K)
[137.581s][info][gc             ] GC(595) Pause Full (System.gc()) 1M->1M(7851M) 4.654ms
[137.581s][info][gc,cpu         ] GC(595) User=0.01s Sys=0.00s Real=0.00s
[138.040s][info][gc,start       ] GC(596) Pause Young (System.gc())
[138.040s][info][gc,heap        ] GC(596) PSYoungGen: 41953K(2446848K)->96K(2446848K) Eden: 41953K(2097664K)->0K(2097664K) From: 0K(349184K)->96K(349184K)
[138.040s][info][gc,heap        ] GC(596) ParOldGen: 1143K(5592576K)->1143K(5592576K)
[138.041s][info][gc,metaspace   ] GC(596) Metaspace: 652K(960K)->652K(960K) NonClass: 603K(768K)->603K(768K) Class: 49K(192K)->49K(192K)
[138.041s][info][gc             ] GC(596) Pause Young (System.gc()) 42M->1M(7851M) 0.461ms
[138.041s][info][gc,cpu         ] GC(596) User=0.00s Sys=0.00s Real=0.00s
[138.041s][info][gc,start       ] GC(597) Pause Full (System.gc())
[138.041s][info][gc,phases,start] GC(597) Marking Phase
[138.045s][info][gc,phases      ] GC(597) Marking Phase 3.819ms
[138.045s][info][gc,phases,start] GC(597) Summary Phase
[138.045s][info][gc,phases      ] GC(597) Summary Phase 0.010ms
[138.045s][info][gc,phases,start] GC(597) Adjust Roots
[138.045s][info][gc,phases      ] GC(597) Adjust Roots 0.643ms
[138.045s][info][gc,phases,start] GC(597) Compaction Phase
[138.046s][info][gc,phases      ] GC(597) Compaction Phase 1.243ms
[138.046s][info][gc,phases,start] GC(597) Post Compact
[138.047s][info][gc,phases      ] GC(597) Post Compact 0.504ms
[138.047s][info][gc,heap        ] GC(597) PSYoungGen: 96K(2446848K)->0K(2446848K) Eden: 0K(2097664K)->0K(2097664K) From: 96K(349184K)->0K(349184K)
[138.047s][info][gc,heap        ] GC(597) ParOldGen: 1143K(5592576K)->1141K(5592576K)
[138.047s][info][gc,metaspace   ] GC(597) Metaspace: 652K(960K)->648K(960K) NonClass: 603K(768K)->601K(768K) Class: 49K(192K)->46K(192K)
[138.047s][info][gc             ] GC(597) Pause Full (System.gc()) 1M->1M(7851M) 6.378ms
[138.047s][info][gc,cpu         ] GC(597) User=0.02s Sys=0.00s Real=0.01s
[138.502s][info][gc,start       ] GC(598) Pause Young (System.gc())
[138.504s][info][gc,heap        ] GC(598) PSYoungGen: 41953K(2446848K)->128K(2446848K) Eden: 41953K(2097664K)->0K(2097664K) From: 0K(349184K)->128K(349184K)
[138.504s][info][gc,heap        ] GC(598) ParOldGen: 1141K(5592576K)->1141K(5592576K)
[138.504s][info][gc,metaspace   ] GC(598) Metaspace: 654K(960K)->654K(960K) NonClass: 605K(768K)->605K(768K) Class: 48K(192K)->48K(192K)
[138.504s][info][gc             ] GC(598) Pause Young (System.gc()) 42M->1M(7851M) 1.929ms
[138.504s][info][gc,cpu         ] GC(598) User=0.01s Sys=0.00s Real=0.01s
[138.504s][info][gc,start       ] GC(599) Pause Full (System.gc())
[138.504s][info][gc,phases,start] GC(599) Marking Phase
[138.507s][info][gc,phases      ] GC(599) Marking Phase 2.702ms
[138.507s][info][gc,phases,start] GC(599) Summary Phase
[138.507s][info][gc,phases      ] GC(599) Summary Phase 0.029ms
[138.507s][info][gc,phases,start] GC(599) Adjust Roots
[138.508s][info][gc,phases      ] GC(599) Adjust Roots 0.825ms
[138.508s][info][gc,phases,start] GC(599) Compaction Phase
[138.510s][info][gc,phases      ] GC(599) Compaction Phase 1.525ms
[138.510s][info][gc,phases,start] GC(599) Post Compact
[138.510s][info][gc,phases      ] GC(599) Post Compact 0.577ms
[138.510s][info][gc,heap        ] GC(599) PSYoungGen: 128K(2446848K)->0K(2446848K) Eden: 0K(2097664K)->0K(2097664K) From: 128K(349184K)->0K(349184K)
[138.510s][info][gc,heap        ] GC(599) ParOldGen: 1141K(5592576K)->1143K(5592576K)
[138.510s][info][gc,metaspace   ] GC(599) Metaspace: 654K(960K)->653K(960K) NonClass: 605K(768K)->605K(768K) Class: 48K(192K)->47K(192K)
[138.510s][info][gc             ] GC(599) Pause Full (System.gc()) 1M->1M(7851M) 5.974ms
[138.510s][info][gc,cpu         ] GC(599) User=0.00s Sys=0.00s Real=0.00s
[138.966s][info][gc,start       ] GC(600) Pause Young (System.gc())
[138.967s][info][gc,heap        ] GC(600) PSYoungGen: 41953K(2446848K)->128K(2446848K) Eden: 41953K(2097664K)->0K(2097664K) From: 0K(349184K)->128K(349184K)
[138.967s][info][gc,heap        ] GC(600) ParOldGen: 1143K(5592576K)->1143K(5592576K)
[138.967s][info][gc,metaspace   ] GC(600) Metaspace: 658K(960K)->658K(960K) NonClass: 608K(768K)->608K(768K) Class: 49K(192K)->49K(192K)
[138.967s][info][gc             ] GC(600) Pause Young (System.gc()) 42M->1M(7851M) 0.477ms
[138.967s][info][gc,cpu         ] GC(600) User=0.00s Sys=0.00s Real=0.00s
[138.967s][info][gc,start       ] GC(601) Pause Full (System.gc())
[138.967s][info][gc,phases,start] GC(601) Marking Phase
[138.970s][info][gc,phases      ] GC(601) Marking Phase 3.501ms
[138.970s][info][gc,phases,start] GC(601) Summary Phase
[138.970s][info][gc,phases      ] GC(601) Summary Phase 0.024ms
[138.970s][info][gc,phases,start] GC(601) Adjust Roots
[138.971s][info][gc,phases      ] GC(601) Adjust Roots 0.701ms
[138.971s][info][gc,phases,start] GC(601) Compaction Phase
[138.973s][info][gc,phases      ] GC(601) Compaction Phase 1.998ms
[138.973s][info][gc,phases,start] GC(601) Post Compact
[138.974s][info][gc,phases      ] GC(601) Post Compact 0.589ms
[138.974s][info][gc,heap        ] GC(601) PSYoungGen: 128K(2446848K)->0K(2446848K) Eden: 0K(2097664K)->0K(2097664K) From: 128K(349184K)->0K(349184K)
[138.974s][info][gc,heap        ] GC(601) ParOldGen: 1143K(5592576K)->1145K(5592576K)
[138.974s][info][gc,metaspace   ] GC(601) Metaspace: 658K(960K)->657K(960K) NonClass: 608K(768K)->608K(768K) Class: 49K(192K)->49K(192K)
[138.974s][info][gc             ] GC(601) Pause Full (System.gc()) 1M->1M(7851M) 7.216ms
[138.974s][info][gc,cpu         ] GC(601) User=0.01s Sys=0.00s Real=0.01s
[139.427s][info][gc,start       ] GC(602) Pause Young (System.gc())
[139.427s][info][gc,heap        ] GC(602) PSYoungGen: 41953K(2446848K)->192K(2446848K) Eden: 41953K(2097664K)->0K(2097664K) From: 0K(349184K)->192K(349184K)
[139.427s][info][gc,heap        ] GC(602) ParOldGen: 1145K(5592576K)->1145K(5592576K)
[139.427s][info][gc,metaspace   ] GC(602) Metaspace: 662K(960K)->662K(960K) NonClass: 611K(768K)->611K(768K) Class: 50K(192K)->50K(192K)
[139.427s][info][gc             ] GC(602) Pause Young (System.gc()) 42M->1M(7851M) 0.366ms
[139.427s][info][gc,cpu         ] GC(602) User=0.00s Sys=0.00s Real=0.00s
[139.427s][info][gc,start       ] GC(603) Pause Full (System.gc())
[139.427s][info][gc,phases,start] GC(603) Marking Phase
[139.432s][info][gc,phases      ] GC(603) Marking Phase 4.736ms
[139.432s][info][gc,phases,start] GC(603) Summary Phase
[139.432s][info][gc,phases      ] GC(603) Summary Phase 0.011ms
[139.432s][info][gc,phases,start] GC(603) Adjust Roots
[139.433s][info][gc,phases      ] GC(603) Adjust Roots 0.702ms
[139.433s][info][gc,phases,start] GC(603) Compaction Phase
[139.434s][info][gc,phases      ] GC(603) Compaction Phase 1.092ms
[139.434s][info][gc,phases,start] GC(603) Post Compact
[139.434s][info][gc,phases      ] GC(603) Post Compact 0.511ms
[139.434s][info][gc,heap        ] GC(603) PSYoungGen: 192K(2446848K)->0K(2446848K) Eden: 0K(2097664K)->0K(2097664K) From: 192K(349184K)->0K(349184K)
[139.434s][info][gc,heap        ] GC(603) ParOldGen: 1145K(5592576K)->1147K(5592576K)
[139.434s][info][gc,metaspace   ] GC(603) Metaspace: 662K(960K)->661K(960K) NonClass: 611K(768K)->610K(768K) Class: 50K(192K)->50K(192K)
[139.434s][info][gc             ] GC(603) Pause Full (System.gc()) 1M->1M(7851M) 7.246ms
[139.434s][info][gc,cpu         ] GC(603) User=0.03s Sys=0.01s Real=0.01s
[139.890s][info][gc,start       ] GC(604) Pause Young (System.gc())
[139.890s][info][gc,heap        ] GC(604) PSYoungGen: 41953K(2446848K)->160K(2446848K) Eden: 41953K(2097664K)->0K(2097664K) From: 0K(349184K)->160K(349184K)
[139.890s][info][gc,heap        ] GC(604) ParOldGen: 1147K(5592576K)->1147K(5592576K)
[139.890s][info][gc,metaspace   ] GC(604) Metaspace: 666K(960K)->666K(960K) NonClass: 614K(768K)->614K(768K) Class: 52K(192K)->52K(192K)
[139.890s][info][gc             ] GC(604) Pause Young (System.gc()) 42M->1M(7851M) 0.462ms
[139.890s][info][gc,cpu         ] GC(604) User=0.00s Sys=0.00s Real=0.00s
[139.890s][info][gc,start       ] GC(605) Pause Full (System.gc())
[139.890s][info][gc,phases,start] GC(605) Marking Phase
[139.893s][info][gc,phases      ] GC(605) Marking Phase 3.375ms
[139.894s][info][gc,phases,start] GC(605) Summary Phase
[139.894s][info][gc,phases      ] GC(605) Summary Phase 0.036ms
[139.894s][info][gc,phases,start] GC(605) Adjust Roots
[139.895s][info][gc,phases      ] GC(605) Adjust Roots 0.975ms
[139.895s][info][gc,phases,start] GC(605) Compaction Phase
[139.896s][info][gc,phases      ] GC(605) Compaction Phase 1.189ms
[139.896s][info][gc,phases,start] GC(605) Post Compact
[139.897s][info][gc,phases      ] GC(605) Post Compact 0.625ms
[139.897s][info][gc,heap        ] GC(605) PSYoungGen: 160K(2446848K)->0K(2446848K) Eden: 0K(2097664K)->0K(2097664K) From: 160K(349184K)->0K(349184K)
[139.897s][info][gc,heap        ] GC(605) ParOldGen: 1147K(5592576K)->1149K(5592576K)
[139.897s][info][gc,metaspace   ] GC(605) Metaspace: 666K(960K)->665K(960K) NonClass: 614K(768K)->613K(768K) Class: 52K(192K)->51K(192K)
[139.897s][info][gc             ] GC(605) Pause Full (System.gc()) 1M->1M(7851M) 6.564ms
[139.897s][info][gc,cpu         ] GC(605) User=0.01s Sys=0.00s Real=0.01s
[140.350s][info][gc,start       ] GC(606) Pause Young (System.gc())
[140.350s][info][gc,heap        ] GC(606) PSYoungGen: 41953K(2446848K)->160K(2446848K) Eden: 41953K(2097664K)->0K(2097664K) From: 0K(349184K)->160K(349184K)
[140.350s][info][gc,heap        ] GC(606) ParOldGen: 1149K(5592576K)->1149K(5592576K)
[140.350s][info][gc,metaspace   ] GC(606) Metaspace: 670K(960K)->670K(960K) NonClass: 616K(768K)->616K(768K) Class: 53K(192K)->53K(192K)
[140.350s][info][gc             ] GC(606) Pause Young (System.gc()) 42M->1M(7851M) 0.365ms
[140.350s][info][gc,cpu         ] GC(606) User=0.00s Sys=0.00s Real=0.00s
[140.350s][info][gc,start       ] GC(607) Pause Full (System.gc())
[140.350s][info][gc,phases,start] GC(607) Marking Phase
[140.354s][info][gc,phases      ] GC(607) Marking Phase 4.448ms
[140.354s][info][gc,phases,start] GC(607) Summary Phase
[140.355s][info][gc,phases      ] GC(607) Summary Phase 0.018ms
[140.355s][info][gc,phases,start] GC(607) Adjust Roots
[140.355s][info][gc,phases      ] GC(607) Adjust Roots 0.650ms
[140.355s][info][gc,phases,start] GC(607) Compaction Phase
[140.356s][info][gc,phases      ] GC(607) Compaction Phase 1.275ms
[140.357s][info][gc,phases,start] GC(607) Post Compact
[140.357s][info][gc,phases      ] GC(607) Post Compact 0.728ms
[140.357s][info][gc,heap        ] GC(607) PSYoungGen: 160K(2446848K)->0K(2446848K) Eden: 0K(2097664K)->0K(2097664K) From: 160K(349184K)->0K(349184K)
[140.357s][info][gc,heap        ] GC(607) ParOldGen: 1149K(5592576K)->1141K(5592576K)
[140.357s][info][gc,metaspace   ] GC(607) Metaspace: 670K(960K)->651K(960K) NonClass: 616K(768K)->606K(768K) Class: 53K(192K)->45K(192K)
[140.357s][info][gc             ] GC(607) Pause Full (System.gc()) 1M->1M(7851M) 7.370ms
[140.357s][info][gc,cpu         ] GC(607) User=0.03s Sys=0.01s Real=0.01s
[140.810s][info][gc,start       ] GC(608) Pause Young (System.gc())
[140.812s][info][gc,heap        ] GC(608) PSYoungGen: 41953K(2446848K)->160K(2446848K) Eden: 41953K(2097664K)->0K(2097664K) From: 0K(349184K)->160K(349184K)
[140.812s][info][gc,heap        ] GC(608) ParOldGen: 1141K(5592576K)->1141K(5592576K)
[140.812s][info][gc,metaspace   ] GC(608) Metaspace: 656K(960K)->656K(960K) NonClass: 609K(768K)->609K(768K) Class: 47K(192K)->47K(192K)
[140.812s][info][gc             ] GC(608) Pause Young (System.gc()) 42M->1M(7851M) 1.950ms
[140.812s][info][gc,cpu         ] GC(608) User=0.00s Sys=0.00s Real=0.00s
[140.812s][info][gc,start       ] GC(609) Pause Full (System.gc())
[140.812s][info][gc,phases,start] GC(609) Marking Phase
[140.827s][info][gc,phases      ] GC(609) Marking Phase 14.413ms
[140.827s][info][gc,phases,start] GC(609) Summary Phase
[140.827s][info][gc,phases      ] GC(609) Summary Phase 0.015ms
[140.827s][info][gc,phases,start] GC(609) Adjust Roots
[140.827s][info][gc,phases      ] GC(609) Adjust Roots 0.469ms
[140.827s][info][gc,phases,start] GC(609) Compaction Phase
[140.828s][info][gc,phases      ] GC(609) Compaction Phase 0.863ms
[140.828s][info][gc,phases,start] GC(609) Post Compact
[140.829s][info][gc,phases      ] GC(609) Post Compact 0.548ms
[140.829s][info][gc,heap        ] GC(609) PSYoungGen: 160K(2446848K)->0K(2446848K) Eden: 0K(2097664K)->0K(2097664K) From: 160K(349184K)->0K(349184K)
[140.829s][info][gc,heap        ] GC(609) ParOldGen: 1141K(5592576K)->1142K(5592576K)
[140.829s][info][gc,metaspace   ] GC(609) Metaspace: 656K(960K)->653K(960K) NonClass: 609K(768K)->607K(768K) Class: 47K(192K)->46K(192K)
[140.829s][info][gc             ] GC(609) Pause Full (System.gc()) 1M->1M(7851M) 16.502ms
[140.829s][info][gc,cpu         ] GC(609) User=0.01s Sys=0.00s Real=0.02s
[141.281s][info][gc,start       ] GC(610) Pause Young (System.gc())
[141.281s][info][gc,heap        ] GC(610) PSYoungGen: 41953K(2446848K)->96K(2446848K) Eden: 41953K(2097664K)->0K(2097664K) From: 0K(349184K)->96K(349184K)
[141.281s][info][gc,heap        ] GC(610) ParOldGen: 1142K(5592576K)->1142K(5592576K)
[141.281s][info][gc,metaspace   ] GC(610) Metaspace: 658K(960K)->658K(960K) NonClass: 611K(768K)->611K(768K) Class: 47K(192K)->47K(192K)
[141.281s][info][gc             ] GC(610) Pause Young (System.gc()) 42M->1M(7851M) 0.448ms
[141.281s][info][gc,cpu         ] GC(610) User=0.00s Sys=0.00s Real=0.00s
[141.281s][info][gc,start       ] GC(611) Pause Full (System.gc())
[141.281s][info][gc,phases,start] GC(611) Marking Phase
[141.286s][info][gc,phases      ] GC(611) Marking Phase 4.496ms
[141.286s][info][gc,phases,start] GC(611) Summary Phase
[141.286s][info][gc,phases      ] GC(611) Summary Phase 0.021ms
[141.286s][info][gc,phases,start] GC(611) Adjust Roots
[141.287s][info][gc,phases      ] GC(611) Adjust Roots 1.361ms
[141.287s][info][gc,phases,start] GC(611) Compaction Phase
[141.299s][info][gc,phases      ] GC(611) Compaction Phase 11.454ms
[141.299s][info][gc,phases,start] GC(611) Post Compact
[141.299s][info][gc,phases      ] GC(611) Post Compact 0.636ms
[141.299s][info][gc,heap        ] GC(611) PSYoungGen: 96K(2446848K)->0K(2446848K) Eden: 0K(2097664K)->0K(2097664K) From: 96K(349184K)->0K(349184K)
[141.299s][info][gc,heap        ] GC(611) ParOldGen: 1142K(5592576K)->1144K(5592576K)
[141.299s][info][gc,metaspace   ] GC(611) Metaspace: 658K(960K)->657K(960K) NonClass: 611K(768K)->610K(768K) Class: 47K(192K)->47K(192K)
[141.299s][info][gc             ] GC(611) Pause Full (System.gc()) 1M->1M(7851M) 18.315ms
[141.299s][info][gc,cpu         ] GC(611) User=0.02s Sys=0.00s Real=0.02s
[141.758s][info][gc,start       ] GC(612) Pause Young (System.gc())
[141.768s][info][gc,heap        ] GC(612) PSYoungGen: 41953K(2446848K)->128K(2446848K) Eden: 41953K(2097664K)->0K(2097664K) From: 0K(349184K)->128K(349184K)
[141.769s][info][gc,heap        ] GC(612) ParOldGen: 1144K(5592576K)->1144K(5592576K)
[141.769s][info][gc,metaspace   ] GC(612) Metaspace: 662K(960K)->662K(960K) NonClass: 613K(768K)->613K(768K) Class: 48K(192K)->48K(192K)
[141.769s][info][gc             ] GC(612) Pause Young (System.gc()) 42M->1M(7851M) 10.786ms
[141.769s][info][gc,cpu         ] GC(612) User=0.00s Sys=0.00s Real=0.01s
[141.769s][info][gc,start       ] GC(613) Pause Full (System.gc())
[141.769s][info][gc,phases,start] GC(613) Marking Phase
[141.772s][info][gc,phases      ] GC(613) Marking Phase 3.597ms
[141.772s][info][gc,phases,start] GC(613) Summary Phase
[141.772s][info][gc,phases      ] GC(613) Summary Phase 0.012ms
[141.772s][info][gc,phases,start] GC(613) Adjust Roots
[141.773s][info][gc,phases      ] GC(613) Adjust Roots 0.559ms
[141.773s][info][gc,phases,start] GC(613) Compaction Phase
[141.774s][info][gc,phases      ] GC(613) Compaction Phase 1.077ms
[141.774s][info][gc,phases,start] GC(613) Post Compact
[141.775s][info][gc,phases      ] GC(613) Post Compact 0.764ms
[141.775s][info][gc,heap        ] GC(613) PSYoungGen: 128K(2446848K)->0K(2446848K) Eden: 0K(2097664K)->0K(2097664K) From: 128K(349184K)->0K(349184K)
[141.775s][info][gc,heap        ] GC(613) ParOldGen: 1144K(5592576K)->1146K(5592576K)
[141.775s][info][gc,metaspace   ] GC(613) Metaspace: 662K(960K)->662K(960K) NonClass: 613K(768K)->613K(768K) Class: 48K(192K)->48K(192K)
[141.775s][info][gc             ] GC(613) Pause Full (System.gc()) 1M->1M(7851M) 6.195ms
[141.775s][info][gc,cpu         ] GC(613) User=0.02s Sys=0.00s Real=0.01s
[142.228s][info][gc,start       ] GC(614) Pause Young (System.gc())
[142.228s][info][gc,heap        ] GC(614) PSYoungGen: 41953K(2446848K)->96K(2446848K) Eden: 41953K(2097664K)->0K(2097664K) From: 0K(349184K)->96K(349184K)
[142.229s][info][gc,heap        ] GC(614) ParOldGen: 1146K(5592576K)->1146K(5592576K)
[142.229s][info][gc,metaspace   ] GC(614) Metaspace: 667K(960K)->667K(960K) NonClass: 616K(768K)->616K(768K) Class: 50K(192K)->50K(192K)
[142.229s][info][gc             ] GC(614) Pause Young (System.gc()) 42M->1M(7851M) 0.508ms
[142.229s][info][gc,cpu         ] GC(614) User=0.00s Sys=0.00s Real=0.00s
[142.229s][info][gc,start       ] GC(615) Pause Full (System.gc())
[142.229s][info][gc,phases,start] GC(615) Marking Phase
[142.234s][info][gc,phases      ] GC(615) Marking Phase 5.271ms
[142.234s][info][gc,phases,start] GC(615) Summary Phase
[142.234s][info][gc,phases      ] GC(615) Summary Phase 0.050ms
[142.234s][info][gc,phases,start] GC(615) Adjust Roots
[142.240s][info][gc,phases      ] GC(615) Adjust Roots 6.104ms
[142.240s][info][gc,phases,start] GC(615) Compaction Phase
[142.242s][info][gc,phases      ] GC(615) Compaction Phase 1.710ms
[142.242s][info][gc,phases,start] GC(615) Post Compact
[142.243s][info][gc,phases      ] GC(615) Post Compact 0.525ms
[142.243s][info][gc,heap        ] GC(615) PSYoungGen: 96K(2446848K)->0K(2446848K) Eden: 0K(2097664K)->0K(2097664K) From: 96K(349184K)->0K(349184K)
[142.243s][info][gc,heap        ] GC(615) ParOldGen: 1146K(5592576K)->1148K(5592576K)
[142.243s][info][gc,metaspace   ] GC(615) Metaspace: 667K(960K)->666K(960K) NonClass: 616K(768K)->616K(768K) Class: 50K(192K)->49K(192K)
[142.243s][info][gc             ] GC(615) Pause Full (System.gc()) 1M->1M(7851M) 14.156ms
[142.243s][info][gc,cpu         ] GC(615) User=0.01s Sys=0.01s Real=0.01s
[142.701s][info][gc,start       ] GC(616) Pause Young (System.gc())
[142.701s][info][gc,heap        ] GC(616) PSYoungGen: 41953K(2446848K)->192K(2446848K) Eden: 41953K(2097664K)->0K(2097664K) From: 0K(349184K)->192K(349184K)
[142.701s][info][gc,heap        ] GC(616) ParOldGen: 1148K(5592576K)->1148K(5592576K)
[142.701s][info][gc,metaspace   ] GC(616) Metaspace: 671K(960K)->671K(960K) NonClass: 619K(768K)->619K(768K) Class: 51K(192K)->51K(192K)
[142.701s][info][gc             ] GC(616) Pause Young (System.gc()) 42M->1M(7851M) 0.692ms
[142.701s][info][gc,cpu         ] GC(616) User=0.00s Sys=0.00s Real=0.00s
[142.701s][info][gc,start       ] GC(617) Pause Full (System.gc())
[142.702s][info][gc,phases,start] GC(617) Marking Phase
[142.707s][info][gc,phases      ] GC(617) Marking Phase 5.811ms
[142.707s][info][gc,phases,start] GC(617) Summary Phase
[142.707s][info][gc,phases      ] GC(617) Summary Phase 0.034ms
[142.707s][info][gc,phases,start] GC(617) Adjust Roots
[142.709s][info][gc,phases      ] GC(617) Adjust Roots 1.457ms
[142.709s][info][gc,phases,start] GC(617) Compaction Phase
[142.720s][info][gc,phases      ] GC(617) Compaction Phase 10.641ms
[142.720s][info][gc,phases,start] GC(617) Post Compact
[142.720s][info][gc,phases      ] GC(617) Post Compact 0.806ms
[142.721s][info][gc,heap        ] GC(617) PSYoungGen: 192K(2446848K)->0K(2446848K) Eden: 0K(2097664K)->0K(2097664K) From: 192K(349184K)->0K(349184K)
[142.721s][info][gc,heap        ] GC(617) ParOldGen: 1148K(5592576K)->1126K(5592576K)
[142.721s][info][gc,metaspace   ] GC(617) Metaspace: 671K(960K)->612K(960K) NonClass: 619K(768K)->574K(768K) Class: 51K(192K)->38K(192K)
[142.721s][info][gc             ] GC(617) Pause Full (System.gc()) 1M->1M(7851M) 19.088ms
[142.721s][info][gc,cpu         ] GC(617) User=0.01s Sys=0.00s Real=0.02s
[143.177s][info][gc,start       ] GC(618) Pause Young (System.gc())
[143.178s][info][gc,heap        ] GC(618) PSYoungGen: 41953K(2446848K)->128K(2446848K) Eden: 41953K(2097664K)->0K(2097664K) From: 0K(349184K)->128K(349184K)
[143.178s][info][gc,heap        ] GC(618) ParOldGen: 1126K(5592576K)->1126K(5592576K)
[143.178s][info][gc,metaspace   ] GC(618) Metaspace: 617K(960K)->617K(960K) NonClass: 577K(768K)->577K(768K) Class: 40K(192K)->40K(192K)
[143.178s][info][gc             ] GC(618) Pause Young (System.gc()) 42M->1M(7851M) 0.734ms
[143.178s][info][gc,cpu         ] GC(618) User=0.00s Sys=0.00s Real=0.00s
[143.178s][info][gc,start       ] GC(619) Pause Full (System.gc())
[143.178s][info][gc,phases,start] GC(619) Marking Phase
[143.186s][info][gc,phases      ] GC(619) Marking Phase 7.213ms
[143.186s][info][gc,phases,start] GC(619) Summary Phase
[143.186s][info][gc,phases      ] GC(619) Summary Phase 0.083ms
[143.186s][info][gc,phases,start] GC(619) Adjust Roots
[143.188s][info][gc,phases      ] GC(619) Adjust Roots 1.981ms
[143.188s][info][gc,phases,start] GC(619) Compaction Phase
[143.202s][info][gc,phases      ] GC(619) Compaction Phase 13.879ms
[143.202s][info][gc,phases,start] GC(619) Post Compact
[143.202s][info][gc,phases      ] GC(619) Post Compact 0.519ms
[143.202s][info][gc,heap        ] GC(619) PSYoungGen: 128K(2446848K)->0K(2446848K) Eden: 0K(2097664K)->0K(2097664K) From: 128K(349184K)->0K(349184K)
[143.203s][info][gc,heap        ] GC(619) ParOldGen: 1126K(5592576K)->1127K(5592576K)
[143.203s][info][gc,metaspace   ] GC(619) Metaspace: 617K(960K)->614K(960K) NonClass: 577K(768K)->575K(768K) Class: 40K(192K)->39K(192K)
[143.203s][info][gc             ] GC(619) Pause Full (System.gc()) 1M->1M(7851M) 24.132ms
[143.203s][info][gc,cpu         ] GC(619) User=0.01s Sys=0.00s Real=0.02s
[143.658s][info][gc,start       ] GC(620) Pause Young (System.gc())
[143.661s][info][gc,heap        ] GC(620) PSYoungGen: 41953K(2446848K)->96K(2446848K) Eden: 41953K(2097664K)->0K(2097664K) From: 0K(349184K)->96K(349184K)
[143.661s][info][gc,heap        ] GC(620) ParOldGen: 1127K(5592576K)->1127K(5592576K)
[143.661s][info][gc,metaspace   ] GC(620) Metaspace: 619K(960K)->619K(960K) NonClass: 578K(768K)->578K(768K) Class: 40K(192K)->40K(192K)
[143.661s][info][gc             ] GC(620) Pause Young (System.gc()) 42M->1M(7851M) 3.074ms
[143.661s][info][gc,cpu         ] GC(620) User=0.00s Sys=0.00s Real=0.00s
[143.661s][info][gc,start       ] GC(621) Pause Full (System.gc())
[143.661s][info][gc,phases,start] GC(621) Marking Phase
[143.664s][info][gc,phases      ] GC(621) Marking Phase 3.162ms
[143.664s][info][gc,phases,start] GC(621) Summary Phase
[143.665s][info][gc,phases      ] GC(621) Summary Phase 0.031ms
[143.665s][info][gc,phases,start] GC(621) Adjust Roots
[143.666s][info][gc,phases      ] GC(621) Adjust Roots 1.795ms
[143.666s][info][gc,phases,start] GC(621) Compaction Phase
[143.679s][info][gc,phases      ] GC(621) Compaction Phase 12.493ms
[143.679s][info][gc,phases,start] GC(621) Post Compact
[143.679s][info][gc,phases      ] GC(621) Post Compact 0.560ms
[143.680s][info][gc,heap        ] GC(621) PSYoungGen: 96K(2446848K)->0K(2446848K) Eden: 0K(2097664K)->0K(2097664K) From: 96K(349184K)->0K(349184K)
[143.680s][info][gc,heap        ] GC(621) ParOldGen: 1127K(5592576K)->1130K(5592576K)
[143.680s][info][gc,metaspace   ] GC(621) Metaspace: 619K(960K)->619K(960K) NonClass: 578K(768K)->578K(768K) Class: 40K(192K)->40K(192K)
[143.680s][info][gc             ] GC(621) Pause Full (System.gc()) 1M->1M(7851M) 18.323ms
[143.680s][info][gc,cpu         ] GC(621) User=0.01s Sys=0.00s Real=0.02s
[144.136s][info][gc,start       ] GC(622) Pause Young (System.gc())
[144.136s][info][gc,heap        ] GC(622) PSYoungGen: 41953K(2446848K)->96K(2446848K) Eden: 41953K(2097664K)->0K(2097664K) From: 0K(349184K)->96K(349184K)
[144.136s][info][gc,heap        ] GC(622) ParOldGen: 1130K(5592576K)->1130K(5592576K)
[144.136s][info][gc,metaspace   ] GC(622) Metaspace: 624K(960K)->624K(960K) NonClass: 582K(768K)->582K(768K) Class: 42K(192K)->42K(192K)
[144.136s][info][gc             ] GC(622) Pause Young (System.gc()) 42M->1M(7851M) 0.494ms
[144.136s][info][gc,cpu         ] GC(622) User=0.00s Sys=0.00s Real=0.00s
[144.136s][info][gc,start       ] GC(623) Pause Full (System.gc())
[144.136s][info][gc,phases,start] GC(623) Marking Phase
[144.140s][info][gc,phases      ] GC(623) Marking Phase 3.173ms
[144.140s][info][gc,phases,start] GC(623) Summary Phase
[144.140s][info][gc,phases      ] GC(623) Summary Phase 0.020ms
[144.140s][info][gc,phases,start] GC(623) Adjust Roots
[144.141s][info][gc,phases      ] GC(623) Adjust Roots 0.737ms
[144.141s][info][gc,phases,start] GC(623) Compaction Phase
[144.144s][info][gc,phases      ] GC(623) Compaction Phase 3.083ms
[144.144s][info][gc,phases,start] GC(623) Post Compact
[144.145s][info][gc,phases      ] GC(623) Post Compact 1.399ms
[144.145s][info][gc,heap        ] GC(623) PSYoungGen: 96K(2446848K)->0K(2446848K) Eden: 0K(2097664K)->0K(2097664K) From: 96K(349184K)->0K(349184K)
[144.145s][info][gc,heap        ] GC(623) ParOldGen: 1130K(5592576K)->1133K(5592576K)
[144.145s][info][gc,metaspace   ] GC(623) Metaspace: 624K(960K)->624K(960K) NonClass: 582K(768K)->582K(768K) Class: 42K(192K)->42K(192K)
[144.145s][info][gc             ] GC(623) Pause Full (System.gc()) 1M->1M(7851M) 8.751ms
[144.145s][info][gc,cpu         ] GC(623) User=0.00s Sys=0.00s Real=0.01s
[144.606s][info][gc,start       ] GC(624) Pause Young (System.gc())
[144.606s][info][gc,heap        ] GC(624) PSYoungGen: 41953K(2446848K)->128K(2446848K) Eden: 41953K(2097664K)->0K(2097664K) From: 0K(349184K)->128K(349184K)
[144.606s][info][gc,heap        ] GC(624) ParOldGen: 1133K(5592576K)->1133K(5592576K)
[144.606s][info][gc,metaspace   ] GC(624) Metaspace: 629K(960K)->629K(960K) NonClass: 585K(768K)->585K(768K) Class: 44K(192K)->44K(192K)
[144.606s][info][gc             ] GC(624) Pause Young (System.gc()) 42M->1M(7851M) 0.456ms
[144.606s][info][gc,cpu         ] GC(624) User=0.00s Sys=0.00s Real=0.00s
[144.606s][info][gc,start       ] GC(625) Pause Full (System.gc())
[144.606s][info][gc,phases,start] GC(625) Marking Phase
[144.609s][info][gc,phases      ] GC(625) Marking Phase 2.637ms
[144.609s][info][gc,phases,start] GC(625) Summary Phase
[144.609s][info][gc,phases      ] GC(625) Summary Phase 0.034ms
[144.609s][info][gc,phases,start] GC(625) Adjust Roots
[144.610s][info][gc,phases      ] GC(625) Adjust Roots 1.463ms
[144.610s][info][gc,phases,start] GC(625) Compaction Phase
[144.612s][info][gc,phases      ] GC(625) Compaction Phase 1.414ms
[144.612s][info][gc,phases,start] GC(625) Post Compact
[144.612s][info][gc,phases      ] GC(625) Post Compact 0.582ms
[144.612s][info][gc,heap        ] GC(625) PSYoungGen: 128K(2446848K)->0K(2446848K) Eden: 0K(2097664K)->0K(2097664K) From: 128K(349184K)->0K(349184K)
[144.612s][info][gc,heap        ] GC(625) ParOldGen: 1133K(5592576K)->1135K(5592576K)
[144.612s][info][gc,metaspace   ] GC(625) Metaspace: 629K(960K)->629K(960K) NonClass: 585K(768K)->585K(768K) Class: 44K(192K)->44K(192K)
[144.612s][info][gc             ] GC(625) Pause Full (System.gc()) 1M->1M(7851M) 6.442ms
[144.613s][info][gc,cpu         ] GC(625) User=0.00s Sys=0.00s Real=0.00s
[145.070s][info][gc,start       ] GC(626) Pause Young (System.gc())
[145.070s][info][gc,heap        ] GC(626) PSYoungGen: 41953K(2446848K)->128K(2446848K) Eden: 41953K(2097664K)->0K(2097664K) From: 0K(349184K)->128K(349184K)
[145.070s][info][gc,heap        ] GC(626) ParOldGen: 1135K(5592576K)->1135K(5592576K)
[145.070s][info][gc,metaspace   ] GC(626) Metaspace: 634K(960K)->634K(960K) NonClass: 588K(768K)->588K(768K) Class: 46K(192K)->46K(192K)
[145.070s][info][gc             ] GC(626) Pause Young (System.gc()) 42M->1M(7851M) 0.371ms
[145.070s][info][gc,cpu         ] GC(626) User=0.00s Sys=0.00s Real=0.00s
[145.070s][info][gc,start       ] GC(627) Pause Full (System.gc())
[145.070s][info][gc,phases,start] GC(627) Marking Phase
[145.072s][info][gc,phases      ] GC(627) Marking Phase 1.946ms
[145.072s][info][gc,phases,start] GC(627) Summary Phase
[145.072s][info][gc,phases      ] GC(627) Summary Phase 0.014ms
[145.072s][info][gc,phases,start] GC(627) Adjust Roots
[145.073s][info][gc,phases      ] GC(627) Adjust Roots 0.538ms
[145.073s][info][gc,phases,start] GC(627) Compaction Phase
[145.074s][info][gc,phases      ] GC(627) Compaction Phase 1.003ms
[145.074s][info][gc,phases,start] GC(627) Post Compact
[145.074s][info][gc,phases      ] GC(627) Post Compact 0.484ms
[145.074s][info][gc,heap        ] GC(627) PSYoungGen: 128K(2446848K)->0K(2446848K) Eden: 0K(2097664K)->0K(2097664K) From: 128K(349184K)->0K(349184K)
[145.074s][info][gc,heap        ] GC(627) ParOldGen: 1135K(5592576K)->1138K(5592576K)
[145.074s][info][gc,metaspace   ] GC(627) Metaspace: 634K(960K)->634K(960K) NonClass: 588K(768K)->588K(768K) Class: 46K(192K)->46K(192K)
[145.074s][info][gc             ] GC(627) Pause Full (System.gc()) 1M->1M(7851M) 4.169ms
[145.074s][info][gc,cpu         ] GC(627) User=0.00s Sys=0.00s Real=0.01s
[145.527s][info][gc,start       ] GC(628) Pause Young (System.gc())
[145.528s][info][gc,heap        ] GC(628) PSYoungGen: 41953K(2446848K)->192K(2446848K) Eden: 41953K(2097664K)->0K(2097664K) From: 0K(349184K)->192K(349184K)
[145.528s][info][gc,heap        ] GC(628) ParOldGen: 1138K(5592576K)->1138K(5592576K)
[145.528s][info][gc,metaspace   ] GC(628) Metaspace: 639K(960K)->639K(960K) NonClass: 591K(768K)->591K(768K) Class: 47K(192K)->47K(192K)
[145.528s][info][gc             ] GC(628) Pause Young (System.gc()) 42M->1M(7851M) 0.660ms
[145.528s][info][gc,cpu         ] GC(628) User=0.00s Sys=0.00s Real=0.00s
[145.528s][info][gc,start       ] GC(629) Pause Full (System.gc())
[145.528s][info][gc,phases,start] GC(629) Marking Phase
[145.534s][info][gc,phases      ] GC(629) Marking Phase 5.366ms
[145.534s][info][gc,phases,start] GC(629) Summary Phase
[145.534s][info][gc,phases      ] GC(629) Summary Phase 0.032ms
[145.534s][info][gc,phases,start] GC(629) Adjust Roots
[145.535s][info][gc,phases      ] GC(629) Adjust Roots 1.022ms
[145.535s][info][gc,phases,start] GC(629) Compaction Phase
[145.537s][info][gc,phases      ] GC(629) Compaction Phase 2.144ms
[145.537s][info][gc,phases,start] GC(629) Post Compact
[145.538s][info][gc,phases      ] GC(629) Post Compact 0.822ms
[145.538s][info][gc,heap        ] GC(629) PSYoungGen: 192K(2446848K)->0K(2446848K) Eden: 0K(2097664K)->0K(2097664K) From: 192K(349184K)->0K(349184K)
[145.538s][info][gc,heap        ] GC(629) ParOldGen: 1138K(5592576K)->1141K(5592576K)
[145.538s][info][gc,metaspace   ] GC(629) Metaspace: 639K(960K)->639K(960K) NonClass: 591K(768K)->591K(768K) Class: 47K(192K)->47K(192K)
[145.538s][info][gc             ] GC(629) Pause Full (System.gc()) 1M->1M(7851M) 9.837ms
[145.538s][info][gc,cpu         ] GC(629) User=0.01s Sys=0.00s Real=0.01s
[145.994s][info][gc,start       ] GC(630) Pause Young (System.gc())
[145.995s][info][gc,heap        ] GC(630) PSYoungGen: 41953K(2446848K)->160K(2446848K) Eden: 41953K(2097664K)->0K(2097664K) From: 0K(349184K)->160K(349184K)
[145.995s][info][gc,heap        ] GC(630) ParOldGen: 1141K(5592576K)->1141K(5592576K)
[145.995s][info][gc,metaspace   ] GC(630) Metaspace: 644K(960K)->644K(960K) NonClass: 595K(768K)->595K(768K) Class: 49K(192K)->49K(192K)
[145.995s][info][gc             ] GC(630) Pause Young (System.gc()) 42M->1M(7851M) 0.695ms
[145.995s][info][gc,cpu         ] GC(630) User=0.00s Sys=0.00s Real=0.00s
[145.995s][info][gc,start       ] GC(631) Pause Full (System.gc())
[145.995s][info][gc,phases,start] GC(631) Marking Phase
[146.000s][info][gc,phases      ] GC(631) Marking Phase 4.849ms
[146.000s][info][gc,phases,start] GC(631) Summary Phase
[146.000s][info][gc,phases      ] GC(631) Summary Phase 0.042ms
[146.000s][info][gc,phases,start] GC(631) Adjust Roots
[146.001s][info][gc,phases      ] GC(631) Adjust Roots 1.076ms
[146.001s][info][gc,phases,start] GC(631) Compaction Phase
[146.003s][info][gc,phases      ] GC(631) Compaction Phase 1.856ms
[146.003s][info][gc,phases,start] GC(631) Post Compact
[146.004s][info][gc,phases      ] GC(631) Post Compact 0.791ms
[146.004s][info][gc,heap        ] GC(631) PSYoungGen: 160K(2446848K)->0K(2446848K) Eden: 0K(2097664K)->0K(2097664K) From: 160K(349184K)->0K(349184K)
[146.004s][info][gc,heap        ] GC(631) ParOldGen: 1141K(5592576K)->1128K(5592576K)
[146.004s][info][gc,metaspace   ] GC(631) Metaspace: 644K(960K)->619K(960K) NonClass: 595K(768K)->581K(768K) Class: 49K(192K)->38K(192K)
[146.004s][info][gc             ] GC(631) Pause Full (System.gc()) 1M->1M(7851M) 9.060ms
[146.004s][info][gc,cpu         ] GC(631) User=0.02s Sys=0.00s Real=0.01s
[146.458s][info][gc,start       ] GC(632) Pause Young (System.gc())
[146.458s][info][gc,heap        ] GC(632) PSYoungGen: 41953K(2446848K)->128K(2446848K) Eden: 41953K(2097664K)->0K(2097664K) From: 0K(349184K)->128K(349184K)
[146.458s][info][gc,heap        ] GC(632) ParOldGen: 1128K(5592576K)->1128K(5592576K)
[146.459s][info][gc,metaspace   ] GC(632) Metaspace: 624K(960K)->624K(960K) NonClass: 584K(768K)->584K(768K) Class: 40K(192K)->40K(192K)
[146.459s][info][gc             ] GC(632) Pause Young (System.gc()) 42M->1M(7851M) 0.616ms
[146.459s][info][gc,cpu         ] GC(632) User=0.00s Sys=0.00s Real=0.00s
[146.459s][info][gc,start       ] GC(633) Pause Full (System.gc())
[146.459s][info][gc,phases,start] GC(633) Marking Phase
[146.464s][info][gc,phases      ] GC(633) Marking Phase 5.197ms
[146.464s][info][gc,phases,start] GC(633) Summary Phase
[146.464s][info][gc,phases      ] GC(633) Summary Phase 0.040ms
[146.464s][info][gc,phases,start] GC(633) Adjust Roots
[146.465s][info][gc,phases      ] GC(633) Adjust Roots 1.006ms
[146.465s][info][gc,phases,start] GC(633) Compaction Phase
[146.467s][info][gc,phases      ] GC(633) Compaction Phase 1.938ms
[146.467s][info][gc,phases,start] GC(633) Post Compact
[146.468s][info][gc,phases      ] GC(633) Post Compact 0.634ms
[146.468s][info][gc,heap        ] GC(633) PSYoungGen: 128K(2446848K)->0K(2446848K) Eden: 0K(2097664K)->0K(2097664K) From: 128K(349184K)->0K(349184K)
[146.468s][info][gc,heap        ] GC(633) ParOldGen: 1128K(5592576K)->1129K(5592576K)
[146.468s][info][gc,metaspace   ] GC(633) Metaspace: 624K(960K)->621K(960K) NonClass: 584K(768K)->582K(768K) Class: 40K(192K)->39K(192K)
[146.468s][info][gc             ] GC(633) Pause Full (System.gc()) 1M->1M(7851M) 9.136ms
[146.468s][info][gc,cpu         ] GC(633) User=0.02s Sys=0.00s Real=0.01s
[146.925s][info][gc,start       ] GC(634) Pause Young (System.gc())
[146.926s][info][gc,heap        ] GC(634) PSYoungGen: 41953K(2446848K)->128K(2446848K) Eden: 41953K(2097664K)->0K(2097664K) From: 0K(349184K)->128K(349184K)
[146.926s][info][gc,heap        ] GC(634) ParOldGen: 1129K(5592576K)->1129K(5592576K)
[146.926s][info][gc,metaspace   ] GC(634) Metaspace: 626K(960K)->626K(960K) NonClass: 586K(768K)->586K(768K) Class: 40K(192K)->40K(192K)
[146.926s][info][gc             ] GC(634) Pause Young (System.gc()) 42M->1M(7851M) 0.676ms
[146.926s][info][gc,cpu         ] GC(634) User=0.00s Sys=0.00s Real=0.00s
[146.926s][info][gc,start       ] GC(635) Pause Full (System.gc())
[146.926s][info][gc,phases,start] GC(635) Marking Phase
[146.931s][info][gc,phases      ] GC(635) Marking Phase 5.115ms
[146.931s][info][gc,phases,start] GC(635) Summary Phase
[146.931s][info][gc,phases      ] GC(635) Summary Phase 0.049ms
[146.931s][info][gc,phases,start] GC(635) Adjust Roots
[146.932s][info][gc,phases      ] GC(635) Adjust Roots 0.983ms
[146.932s][info][gc,phases,start] GC(635) Compaction Phase
[146.935s][info][gc,phases      ] GC(635) Compaction Phase 2.223ms
[146.935s][info][gc,phases,start] GC(635) Post Compact
[146.935s][info][gc,phases      ] GC(635) Post Compact 0.851ms
[146.935s][info][gc,heap        ] GC(635) PSYoungGen: 128K(2446848K)->0K(2446848K) Eden: 0K(2097664K)->0K(2097664K) From: 128K(349184K)->0K(349184K)
[146.936s][info][gc,heap        ] GC(635) ParOldGen: 1129K(5592576K)->1131K(5592576K)
[146.936s][info][gc,metaspace   ] GC(635) Metaspace: 626K(960K)->625K(960K) NonClass: 586K(768K)->585K(768K) Class: 40K(192K)->40K(192K)
[146.936s][info][gc             ] GC(635) Pause Full (System.gc()) 1M->1M(7851M) 9.701ms
[146.936s][info][gc,cpu         ] GC(635) User=0.02s Sys=0.00s Real=0.01s
[147.390s][info][gc,start       ] GC(636) Pause Young (System.gc())
[147.391s][info][gc,heap        ] GC(636) PSYoungGen: 41953K(2446848K)->160K(2446848K) Eden: 41953K(2097664K)->0K(2097664K) From: 0K(349184K)->160K(349184K)
[147.391s][info][gc,heap        ] GC(636) ParOldGen: 1131K(5592576K)->1131K(5592576K)
[147.391s][info][gc,metaspace   ] GC(636) Metaspace: 630K(960K)->630K(960K) NonClass: 588K(768K)->588K(768K) Class: 41K(192K)->41K(192K)
[147.391s][info][gc             ] GC(636) Pause Young (System.gc()) 42M->1M(7851M) 0.601ms
[147.391s][info][gc,cpu         ] GC(636) User=0.00s Sys=0.00s Real=0.00s
[147.391s][info][gc,start       ] GC(637) Pause Full (System.gc())
[147.391s][info][gc,phases,start] GC(637) Marking Phase
[147.396s][info][gc,phases      ] GC(637) Marking Phase 5.385ms
[147.397s][info][gc,phases,start] GC(637) Summary Phase
[147.397s][info][gc,phases      ] GC(637) Summary Phase 0.037ms
[147.397s][info][gc,phases,start] GC(637) Adjust Roots
[147.398s][info][gc,phases      ] GC(637) Adjust Roots 1.093ms
[147.398s][info][gc,phases,start] GC(637) Compaction Phase
[147.399s][info][gc,phases      ] GC(637) Compaction Phase 1.160ms
[147.399s][info][gc,phases,start] GC(637) Post Compact
[147.400s][info][gc,phases      ] GC(637) Post Compact 0.571ms
[147.400s][info][gc,heap        ] GC(637) PSYoungGen: 160K(2446848K)->0K(2446848K) Eden: 0K(2097664K)->0K(2097664K) From: 160K(349184K)->0K(349184K)
[147.400s][info][gc,heap        ] GC(637) ParOldGen: 1131K(5592576K)->1130K(5592576K)
[147.400s][info][gc,metaspace   ] GC(637) Metaspace: 630K(960K)->626K(960K) NonClass: 588K(768K)->586K(768K) Class: 41K(192K)->40K(192K)
[147.400s][info][gc             ] GC(637) Pause Full (System.gc()) 1M->1M(7851M) 8.631ms
[147.400s][info][gc,cpu         ] GC(637) User=0.01s Sys=0.00s Real=0.01s
[147.857s][info][gc,start       ] GC(638) Pause Young (System.gc())
[147.857s][info][gc,heap        ] GC(638) PSYoungGen: 41953K(2446848K)->128K(2446848K) Eden: 41953K(2097664K)->0K(2097664K) From: 0K(349184K)->128K(349184K)
[147.857s][info][gc,heap        ] GC(638) ParOldGen: 1130K(5592576K)->1130K(5592576K)
[147.857s][info][gc,metaspace   ] GC(638) Metaspace: 631K(960K)->631K(960K) NonClass: 589K(768K)->589K(768K) Class: 41K(192K)->41K(192K)
[147.857s][info][gc             ] GC(638) Pause Young (System.gc()) 42M->1M(7851M) 0.634ms
[147.857s][info][gc,cpu         ] GC(638) User=0.00s Sys=0.00s Real=0.00s
[147.858s][info][gc,start       ] GC(639) Pause Full (System.gc())
[147.858s][info][gc,phases,start] GC(639) Marking Phase
[147.863s][info][gc,phases      ] GC(639) Marking Phase 5.843ms
[147.864s][info][gc,phases,start] GC(639) Summary Phase
[147.864s][info][gc,phases      ] GC(639) Summary Phase 0.037ms
[147.864s][info][gc,phases,start] GC(639) Adjust Roots
[147.865s][info][gc,phases      ] GC(639) Adjust Roots 1.038ms
[147.865s][info][gc,phases,start] GC(639) Compaction Phase
[147.866s][info][gc,phases      ] GC(639) Compaction Phase 1.566ms
[147.866s][info][gc,phases,start] GC(639) Post Compact
[147.867s][info][gc,phases      ] GC(639) Post Compact 0.626ms
[147.867s][info][gc,heap        ] GC(639) PSYoungGen: 128K(2446848K)->0K(2446848K) Eden: 0K(2097664K)->0K(2097664K) From: 128K(349184K)->0K(349184K)
[147.867s][info][gc,heap        ] GC(639) ParOldGen: 1130K(5592576K)->1132K(5592576K)
[147.867s][info][gc,metaspace   ] GC(639) Metaspace: 631K(960K)->628K(960K) NonClass: 589K(768K)->588K(768K) Class: 41K(192K)->40K(192K)
[147.867s][info][gc             ] GC(639) Pause Full (System.gc()) 1M->1M(7851M) 9.491ms
[147.867s][info][gc,cpu         ] GC(639) User=0.01s Sys=0.01s Real=0.01s
[148.324s][info][gc,start       ] GC(640) Pause Young (System.gc())
[148.325s][info][gc,heap        ] GC(640) PSYoungGen: 41953K(2446848K)->64K(2446848K) Eden: 41953K(2097664K)->0K(2097664K) From: 0K(349184K)->64K(349184K)
[148.325s][info][gc,heap        ] GC(640) ParOldGen: 1132K(5592576K)->1132K(5592576K)
[148.325s][info][gc,metaspace   ] GC(640) Metaspace: 633K(960K)->633K(960K) NonClass: 591K(768K)->591K(768K) Class: 42K(192K)->42K(192K)
[148.325s][info][gc             ] GC(640) Pause Young (System.gc()) 42M->1M(7851M) 1.105ms
[148.325s][info][gc,cpu         ] GC(640) User=0.00s Sys=0.00s Real=0.00s
[148.325s][info][gc,start       ] GC(641) Pause Full (System.gc())
[148.325s][info][gc,phases,start] GC(641) Marking Phase
[148.330s][info][gc,phases      ] GC(641) Marking Phase 5.111ms
[148.331s][info][gc,phases,start] GC(641) Summary Phase
[148.331s][info][gc,phases      ] GC(641) Summary Phase 0.046ms
[148.331s][info][gc,phases,start] GC(641) Adjust Roots
[148.332s][info][gc,phases      ] GC(641) Adjust Roots 0.973ms
[148.332s][info][gc,phases,start] GC(641) Compaction Phase
[148.334s][info][gc,phases      ] GC(641) Compaction Phase 2.202ms
[148.334s][info][gc,phases,start] GC(641) Post Compact
[148.335s][info][gc,phases      ] GC(641) Post Compact 0.863ms
[148.335s][info][gc,heap        ] GC(641) PSYoungGen: 64K(2446848K)->0K(2446848K) Eden: 0K(2097664K)->0K(2097664K) From: 64K(349184K)->0K(349184K)
[148.335s][info][gc,heap        ] GC(641) ParOldGen: 1132K(5592576K)->1133K(5592576K)
[148.335s][info][gc,metaspace   ] GC(641) Metaspace: 633K(960K)->632K(960K) NonClass: 591K(768K)->591K(768K) Class: 42K(192K)->41K(192K)
[148.335s][info][gc             ] GC(641) Pause Full (System.gc()) 1M->1M(7851M) 9.695ms
[148.335s][info][gc,cpu         ] GC(641) User=0.02s Sys=0.00s Real=0.01s
[148.790s][info][gc,start       ] GC(642) Pause Young (System.gc())
[148.791s][info][gc,heap        ] GC(642) PSYoungGen: 41953K(2446848K)->96K(2446848K) Eden: 41953K(2097664K)->0K(2097664K) From: 0K(349184K)->96K(349184K)
[148.791s][info][gc,heap        ] GC(642) ParOldGen: 1133K(5592576K)->1133K(5592576K)
[148.791s][info][gc,metaspace   ] GC(642) Metaspace: 637K(960K)->637K(960K) NonClass: 594K(768K)->594K(768K) Class: 43K(192K)->43K(192K)
[148.791s][info][gc             ] GC(642) Pause Young (System.gc()) 42M->1M(7851M) 0.687ms
[148.791s][info][gc,cpu         ] GC(642) User=0.00s Sys=0.00s Real=0.00s
[148.791s][info][gc,start       ] GC(643) Pause Full (System.gc())
[148.791s][info][gc,phases,start] GC(643) Marking Phase
[148.797s][info][gc,phases      ] GC(643) Marking Phase 5.481ms
[148.797s][info][gc,phases,start] GC(643) Summary Phase
[148.797s][info][gc,phases      ] GC(643) Summary Phase 0.043ms
[148.797s][info][gc,phases,start] GC(643) Adjust Roots
[148.798s][info][gc,phases      ] GC(643) Adjust Roots 0.960ms
[148.798s][info][gc,phases,start] GC(643) Compaction Phase
[148.800s][info][gc,phases      ] GC(643) Compaction Phase 2.171ms
[148.800s][info][gc,phases,start] GC(643) Post Compact
[148.801s][info][gc,phases      ] GC(643) Post Compact 0.626ms
[148.801s][info][gc,heap        ] GC(643) PSYoungGen: 96K(2446848K)->0K(2446848K) Eden: 0K(2097664K)->0K(2097664K) From: 96K(349184K)->0K(349184K)
[148.801s][info][gc,heap        ] GC(643) ParOldGen: 1133K(5592576K)->1135K(5592576K)
[148.801s][info][gc,metaspace   ] GC(643) Metaspace: 637K(960K)->636K(960K) NonClass: 594K(768K)->593K(768K) Class: 43K(192K)->42K(192K)
[148.801s][info][gc             ] GC(643) Pause Full (System.gc()) 1M->1M(7851M) 9.781ms
[148.801s][info][gc,cpu         ] GC(643) User=0.02s Sys=0.00s Real=0.01s
[149.258s][info][gc,start       ] GC(644) Pause Young (System.gc())
[149.259s][info][gc,heap        ] GC(644) PSYoungGen: 41953K(2446848K)->96K(2446848K) Eden: 41953K(2097664K)->0K(2097664K) From: 0K(349184K)->96K(349184K)
[149.259s][info][gc,heap        ] GC(644) ParOldGen: 1135K(5592576K)->1135K(5592576K)
[149.259s][info][gc,metaspace   ] GC(644) Metaspace: 641K(960K)->641K(960K) NonClass: 597K(768K)->597K(768K) Class: 44K(192K)->44K(192K)
[149.259s][info][gc             ] GC(644) Pause Young (System.gc()) 42M->1M(7851M) 0.563ms
[149.259s][info][gc,cpu         ] GC(644) User=0.00s Sys=0.00s Real=0.00s
[149.259s][info][gc,start       ] GC(645) Pause Full (System.gc())
[149.259s][info][gc,phases,start] GC(645) Marking Phase
[149.262s][info][gc,phases      ] GC(645) Marking Phase 3.165ms
[149.262s][info][gc,phases,start] GC(645) Summary Phase
[149.262s][info][gc,phases      ] GC(645) Summary Phase 0.023ms
[149.262s][info][gc,phases,start] GC(645) Adjust Roots
[149.263s][info][gc,phases      ] GC(645) Adjust Roots 0.672ms
[149.263s][info][gc,phases,start] GC(645) Compaction Phase
[149.264s][info][gc,phases      ] GC(645) Compaction Phase 0.992ms
[149.264s][info][gc,phases,start] GC(645) Post Compact
[149.264s][info][gc,phases      ] GC(645) Post Compact 0.369ms
[149.264s][info][gc,heap        ] GC(645) PSYoungGen: 96K(2446848K)->0K(2446848K) Eden: 0K(2097664K)->0K(2097664K) From: 96K(349184K)->0K(349184K)
[149.264s][info][gc,heap        ] GC(645) ParOldGen: 1135K(5592576K)->1137K(5592576K)
[149.264s][info][gc,metaspace   ] GC(645) Metaspace: 641K(960K)->640K(960K) NonClass: 597K(768K)->596K(768K) Class: 44K(192K)->44K(192K)
[149.264s][info][gc             ] GC(645) Pause Full (System.gc()) 1M->1M(7851M) 5.521ms
[149.264s][info][gc,cpu         ] GC(645) User=0.01s Sys=0.01s Real=0.01s
[149.717s][info][gc,start       ] GC(646) Pause Young (System.gc())
[149.718s][info][gc,heap        ] GC(646) PSYoungGen: 41953K(2446848K)->192K(2446848K) Eden: 41953K(2097664K)->0K(2097664K) From: 0K(349184K)->192K(349184K)
[149.718s][info][gc,heap        ] GC(646) ParOldGen: 1137K(5592576K)->1137K(5592576K)
[149.718s][info][gc,metaspace   ] GC(646) Metaspace: 645K(960K)->645K(960K) NonClass: 599K(768K)->599K(768K) Class: 45K(192K)->45K(192K)
[149.718s][info][gc             ] GC(646) Pause Young (System.gc()) 42M->1M(7851M) 0.461ms
[149.718s][info][gc,cpu         ] GC(646) User=0.00s Sys=0.00s Real=0.00s
[149.718s][info][gc,start       ] GC(647) Pause Full (System.gc())
[149.718s][info][gc,phases,start] GC(647) Marking Phase
[149.721s][info][gc,phases      ] GC(647) Marking Phase 3.486ms
[149.721s][info][gc,phases,start] GC(647) Summary Phase
[149.721s][info][gc,phases      ] GC(647) Summary Phase 0.008ms
[149.721s][info][gc,phases,start] GC(647) Adjust Roots
[149.722s][info][gc,phases      ] GC(647) Adjust Roots 0.448ms
[149.722s][info][gc,phases,start] GC(647) Compaction Phase
[149.723s][info][gc,phases      ] GC(647) Compaction Phase 0.957ms
[149.723s][info][gc,phases,start] GC(647) Post Compact
[149.723s][info][gc,phases      ] GC(647) Post Compact 0.468ms
[149.723s][info][gc,heap        ] GC(647) PSYoungGen: 192K(2446848K)->0K(2446848K) Eden: 0K(2097664K)->0K(2097664K) From: 192K(349184K)->0K(349184K)
[149.723s][info][gc,heap        ] GC(647) ParOldGen: 1137K(5592576K)->1140K(5592576K)
[149.723s][info][gc,metaspace   ] GC(647) Metaspace: 645K(960K)->645K(960K) NonClass: 599K(768K)->599K(768K) Class: 45K(192K)->45K(192K)
[149.723s][info][gc             ] GC(647) Pause Full (System.gc()) 1M->1M(7851M) 5.510ms
[149.723s][info][gc,cpu         ] GC(647) User=0.03s Sys=0.00s Real=0.00s
[150.181s][info][gc,start       ] GC(648) Pause Young (System.gc())
[150.181s][info][gc,heap        ] GC(648) PSYoungGen: 41953K(2446848K)->128K(2446848K) Eden: 41953K(2097664K)->0K(2097664K) From: 0K(349184K)->128K(349184K)
[150.181s][info][gc,heap        ] GC(648) ParOldGen: 1140K(5592576K)->1140K(5592576K)
[150.181s][info][gc,metaspace   ] GC(648) Metaspace: 650K(960K)->650K(960K) NonClass: 603K(768K)->603K(768K) Class: 47K(192K)->47K(192K)
[150.181s][info][gc             ] GC(648) Pause Young (System.gc()) 42M->1M(7851M) 0.617ms
[150.181s][info][gc,cpu         ] GC(648) User=0.00s Sys=0.00s Real=0.00s
[150.181s][info][gc,start       ] GC(649) Pause Full (System.gc())
[150.181s][info][gc,phases,start] GC(649) Marking Phase
[150.183s][info][gc,phases      ] GC(649) Marking Phase 2.196ms
[150.183s][info][gc,phases,start] GC(649) Summary Phase
[150.184s][info][gc,phases      ] GC(649) Summary Phase 0.024ms
[150.184s][info][gc,phases,start] GC(649) Adjust Roots
[150.184s][info][gc,phases      ] GC(649) Adjust Roots 0.709ms
[150.184s][info][gc,phases,start] GC(649) Compaction Phase
[150.186s][info][gc,phases      ] GC(649) Compaction Phase 1.217ms
[150.186s][info][gc,phases,start] GC(649) Post Compact
[150.186s][info][gc,phases      ] GC(649) Post Compact 0.564ms
[150.186s][info][gc,heap        ] GC(649) PSYoungGen: 128K(2446848K)->0K(2446848K) Eden: 0K(2097664K)->0K(2097664K) From: 128K(349184K)->0K(349184K)
[150.186s][info][gc,heap        ] GC(649) ParOldGen: 1140K(5592576K)->1143K(5592576K)
[150.186s][info][gc,metaspace   ] GC(649) Metaspace: 650K(960K)->650K(960K) NonClass: 603K(768K)->603K(768K) Class: 47K(192K)->47K(192K)
[150.186s][info][gc             ] GC(649) Pause Full (System.gc()) 1M->1M(7851M) 4.930ms
[150.186s][info][gc,cpu         ] GC(649) User=0.01s Sys=0.00s Real=0.01s
[150.638s][info][gc,start       ] GC(650) Pause Young (System.gc())
[150.639s][info][gc,heap        ] GC(650) PSYoungGen: 41953K(2446848K)->128K(2446848K) Eden: 41953K(2097664K)->0K(2097664K) From: 0K(349184K)->128K(349184K)
[150.639s][info][gc,heap        ] GC(650) ParOldGen: 1143K(5592576K)->1143K(5592576K)
[150.639s][info][gc,metaspace   ] GC(650) Metaspace: 655K(960K)->655K(960K) NonClass: 606K(768K)->606K(768K) Class: 49K(192K)->49K(192K)
[150.639s][info][gc             ] GC(650) Pause Young (System.gc()) 42M->1M(7851M) 0.644ms
[150.639s][info][gc,cpu         ] GC(650) User=0.00s Sys=0.00s Real=0.00s
[150.639s][info][gc,start       ] GC(651) Pause Full (System.gc())
[150.639s][info][gc,phases,start] GC(651) Marking Phase
[150.643s][info][gc,phases      ] GC(651) Marking Phase 3.675ms
[150.643s][info][gc,phases,start] GC(651) Summary Phase
[150.643s][info][gc,phases      ] GC(651) Summary Phase 0.041ms
[150.643s][info][gc,phases,start] GC(651) Adjust Roots
[150.644s][info][gc,phases      ] GC(651) Adjust Roots 1.019ms
[150.644s][info][gc,phases,start] GC(651) Compaction Phase
[150.646s][info][gc,phases      ] GC(651) Compaction Phase 2.186ms
[150.646s][info][gc,phases,start] GC(651) Post Compact
[150.647s][info][gc,phases      ] GC(651) Post Compact 0.793ms
[150.647s][info][gc,heap        ] GC(651) PSYoungGen: 128K(2446848K)->0K(2446848K) Eden: 0K(2097664K)->0K(2097664K) From: 128K(349184K)->0K(349184K)
[150.647s][info][gc,heap        ] GC(651) ParOldGen: 1143K(5592576K)->1146K(5592576K)
[150.647s][info][gc,metaspace   ] GC(651) Metaspace: 655K(960K)->655K(960K) NonClass: 606K(768K)->606K(768K) Class: 49K(192K)->49K(192K)
[150.647s][info][gc             ] GC(651) Pause Full (System.gc()) 1M->1M(7851M) 8.073ms
[150.647s][info][gc,cpu         ] GC(651) User=0.02s Sys=0.00s Real=0.01s
[151.102s][info][gc,start       ] GC(652) Pause Young (System.gc())
[151.103s][info][gc,heap        ] GC(652) PSYoungGen: 41953K(2446848K)->128K(2446848K) Eden: 41953K(2097664K)->0K(2097664K) From: 0K(349184K)->128K(349184K)
[151.103s][info][gc,heap        ] GC(652) ParOldGen: 1146K(5592576K)->1146K(5592576K)
[151.103s][info][gc,metaspace   ] GC(652) Metaspace: 660K(960K)->660K(960K) NonClass: 609K(768K)->609K(768K) Class: 51K(192K)->51K(192K)
[151.103s][info][gc             ] GC(652) Pause Young (System.gc()) 42M->1M(7851M) 0.567ms
[151.103s][info][gc,cpu         ] GC(652) User=0.00s Sys=0.01s Real=0.00s
[151.103s][info][gc,start       ] GC(653) Pause Full (System.gc())
[151.103s][info][gc,phases,start] GC(653) Marking Phase
[151.107s][info][gc,phases      ] GC(653) Marking Phase 3.584ms
[151.107s][info][gc,phases,start] GC(653) Summary Phase
[151.107s][info][gc,phases      ] GC(653) Summary Phase 0.047ms
[151.107s][info][gc,phases,start] GC(653) Adjust Roots
[151.108s][info][gc,phases      ] GC(653) Adjust Roots 1.039ms
[151.108s][info][gc,phases,start] GC(653) Compaction Phase
[151.110s][info][gc,phases      ] GC(653) Compaction Phase 2.215ms
[151.110s][info][gc,phases,start] GC(653) Post Compact
[151.111s][info][gc,phases      ] GC(653) Post Compact 0.874ms
[151.111s][info][gc,heap        ] GC(653) PSYoungGen: 128K(2446848K)->0K(2446848K) Eden: 0K(2097664K)->0K(2097664K) From: 128K(349184K)->0K(349184K)
[151.111s][info][gc,heap        ] GC(653) ParOldGen: 1146K(5592576K)->1149K(5592576K)
[151.111s][info][gc,metaspace   ] GC(653) Metaspace: 660K(960K)->660K(960K) NonClass: 609K(768K)->609K(768K) Class: 51K(192K)->51K(192K)
[151.111s][info][gc             ] GC(653) Pause Full (System.gc()) 1M->1M(7851M) 8.127ms
[151.111s][info][gc,cpu         ] GC(653) User=0.02s Sys=0.00s Real=0.01s
[151.566s][info][gc,start       ] GC(654) Pause Young (System.gc())
[151.566s][info][gc,heap        ] GC(654) PSYoungGen: 41953K(2446848K)->64K(2446848K) Eden: 41953K(2097664K)->0K(2097664K) From: 0K(349184K)->64K(349184K)
[151.567s][info][gc,heap        ] GC(654) ParOldGen: 1149K(5592576K)->1149K(5592576K)
[151.567s][info][gc,metaspace   ] GC(654) Metaspace: 665K(960K)->665K(960K) NonClass: 612K(768K)->612K(768K) Class: 52K(192K)->52K(192K)
[151.567s][info][gc             ] GC(654) Pause Young (System.gc()) 42M->1M(7851M) 0.527ms
[151.567s][info][gc,cpu         ] GC(654) User=0.00s Sys=0.00s Real=0.00s
[151.567s][info][gc,start       ] GC(655) Pause Full (System.gc())
[151.567s][info][gc,phases,start] GC(655) Marking Phase
[151.569s][info][gc,phases      ] GC(655) Marking Phase 2.246ms
[151.569s][info][gc,phases,start] GC(655) Summary Phase
[151.569s][info][gc,phases      ] GC(655) Summary Phase 0.026ms
[151.569s][info][gc,phases,start] GC(655) Adjust Roots
[151.570s][info][gc,phases      ] GC(655) Adjust Roots 0.777ms
[151.570s][info][gc,phases,start] GC(655) Compaction Phase
[151.572s][info][gc,phases      ] GC(655) Compaction Phase 1.821ms
[151.572s][info][gc,phases,start] GC(655) Post Compact
[151.572s][info][gc,phases      ] GC(655) Post Compact 0.792ms
[151.573s][info][gc,heap        ] GC(655) PSYoungGen: 64K(2446848K)->0K(2446848K) Eden: 0K(2097664K)->0K(2097664K) From: 64K(349184K)->0K(349184K)
[151.573s][info][gc,heap        ] GC(655) ParOldGen: 1149K(5592576K)->1152K(5592576K)
[151.573s][info][gc,metaspace   ] GC(655) Metaspace: 665K(960K)->665K(960K) NonClass: 612K(768K)->612K(768K) Class: 52K(192K)->52K(192K)
[151.573s][info][gc             ] GC(655) Pause Full (System.gc()) 1M->1M(7851M) 5.972ms
[151.573s][info][gc,cpu         ] GC(655) User=0.01s Sys=0.00s Real=0.00s
[152.030s][info][gc,start       ] GC(656) Pause Young (System.gc())
[152.031s][info][gc,heap        ] GC(656) PSYoungGen: 41953K(2446848K)->128K(2446848K) Eden: 41953K(2097664K)->0K(2097664K) From: 0K(349184K)->128K(349184K)
[152.031s][info][gc,heap        ] GC(656) ParOldGen: 1152K(5592576K)->1152K(5592576K)
[152.031s][info][gc,metaspace   ] GC(656) Metaspace: 670K(960K)->670K(960K) NonClass: 616K(768K)->616K(768K) Class: 54K(192K)->54K(192K)
[152.031s][info][gc             ] GC(656) Pause Young (System.gc()) 42M->1M(7851M) 0.656ms
[152.031s][info][gc,cpu         ] GC(656) User=0.00s Sys=0.00s Real=0.00s
[152.031s][info][gc,start       ] GC(657) Pause Full (System.gc())
[152.031s][info][gc,phases,start] GC(657) Marking Phase
[152.036s][info][gc,phases      ] GC(657) Marking Phase 5.054ms
[152.036s][info][gc,phases,start] GC(657) Summary Phase
[152.036s][info][gc,phases      ] GC(657) Summary Phase 0.039ms
[152.036s][info][gc,phases,start] GC(657) Adjust Roots
[152.037s][info][gc,phases      ] GC(657) Adjust Roots 1.025ms
[152.037s][info][gc,phases,start] GC(657) Compaction Phase
[152.039s][info][gc,phases      ] GC(657) Compaction Phase 1.664ms
[152.039s][info][gc,phases,start] GC(657) Post Compact
[152.040s][info][gc,phases      ] GC(657) Post Compact 0.785ms
[152.040s][info][gc,heap        ] GC(657) PSYoungGen: 128K(2446848K)->0K(2446848K) Eden: 0K(2097664K)->0K(2097664K) From: 128K(349184K)->0K(349184K)
[152.040s][info][gc,heap        ] GC(657) ParOldGen: 1152K(5592576K)->1140K(5592576K)
[152.040s][info][gc,metaspace   ] GC(657) Metaspace: 670K(960K)->649K(960K) NonClass: 616K(768K)->604K(768K) Class: 54K(192K)->45K(192K)
[152.040s][info][gc             ] GC(657) Pause Full (System.gc()) 1M->1M(7851M) 8.992ms
[152.040s][info][gc,cpu         ] GC(657) User=0.02s Sys=0.00s Real=0.01s
[152.497s][info][gc,start       ] GC(658) Pause Young (System.gc())
[152.497s][info][gc,heap        ] GC(658) PSYoungGen: 41953K(2446848K)->128K(2446848K) Eden: 41953K(2097664K)->0K(2097664K) From: 0K(349184K)->128K(349184K)
[152.497s][info][gc,heap        ] GC(658) ParOldGen: 1140K(5592576K)->1140K(5592576K)
[152.497s][info][gc,metaspace   ] GC(658) Metaspace: 654K(960K)->654K(960K) NonClass: 607K(768K)->607K(768K) Class: 46K(192K)->46K(192K)
[152.497s][info][gc             ] GC(658) Pause Young (System.gc()) 42M->1M(7851M) 0.345ms
[152.497s][info][gc,cpu         ] GC(658) User=0.01s Sys=0.00s Real=0.00s
[152.497s][info][gc,start       ] GC(659) Pause Full (System.gc())
[152.497s][info][gc,phases,start] GC(659) Marking Phase
[152.501s][info][gc,phases      ] GC(659) Marking Phase 3.672ms
[152.501s][info][gc,phases,start] GC(659) Summary Phase
[152.501s][info][gc,phases      ] GC(659) Summary Phase 0.041ms
[152.501s][info][gc,phases,start] GC(659) Adjust Roots
[152.502s][info][gc,phases      ] GC(659) Adjust Roots 1.050ms
[152.502s][info][gc,phases,start] GC(659) Compaction Phase
[152.504s][info][gc,phases      ] GC(659) Compaction Phase 2.183ms
[152.504s][info][gc,phases,start] GC(659) Post Compact
[152.505s][info][gc,phases      ] GC(659) Post Compact 1.103ms
[152.505s][info][gc,heap        ] GC(659) PSYoungGen: 128K(2446848K)->0K(2446848K) Eden: 0K(2097664K)->0K(2097664K) From: 128K(349184K)->0K(349184K)
[152.506s][info][gc,heap        ] GC(659) ParOldGen: 1140K(5592576K)->1141K(5592576K)
[152.506s][info][gc,metaspace   ] GC(659) Metaspace: 654K(960K)->651K(960K) NonClass: 607K(768K)->606K(768K) Class: 46K(192K)->45K(192K)
[152.506s][info][gc             ] GC(659) Pause Full (System.gc()) 1M->1M(7851M) 8.491ms
[152.506s][info][gc,cpu         ] GC(659) User=0.01s Sys=0.01s Real=0.01s
[152.959s][info][gc,start       ] GC(660) Pause Young (System.gc())
[152.960s][info][gc,heap        ] GC(660) PSYoungGen: 41953K(2446848K)->96K(2446848K) Eden: 41953K(2097664K)->0K(2097664K) From: 0K(349184K)->96K(349184K)
[152.960s][info][gc,heap        ] GC(660) ParOldGen: 1141K(5592576K)->1141K(5592576K)
[152.960s][info][gc,metaspace   ] GC(660) Metaspace: 656K(960K)->656K(960K) NonClass: 609K(768K)->609K(768K) Class: 47K(192K)->47K(192K)
[152.960s][info][gc             ] GC(660) Pause Young (System.gc()) 42M->1M(7851M) 1.507ms
[152.960s][info][gc,cpu         ] GC(660) User=0.00s Sys=0.00s Real=0.00s
[152.960s][info][gc,start       ] GC(661) Pause Full (System.gc())
[152.960s][info][gc,phases,start] GC(661) Marking Phase
[152.966s][info][gc,phases      ] GC(661) Marking Phase 5.439ms
[152.966s][info][gc,phases,start] GC(661) Summary Phase
[152.966s][info][gc,phases      ] GC(661) Summary Phase 0.026ms
[152.966s][info][gc,phases,start] GC(661) Adjust Roots
[152.967s][info][gc,phases      ] GC(661) Adjust Roots 0.728ms
[152.967s][info][gc,phases,start] GC(661) Compaction Phase
[152.968s][info][gc,phases      ] GC(661) Compaction Phase 1.355ms
[152.968s][info][gc,phases,start] GC(661) Post Compact
[152.969s][info][gc,phases      ] GC(661) Post Compact 0.584ms
[152.969s][info][gc,heap        ] GC(661) PSYoungGen: 96K(2446848K)->0K(2446848K) Eden: 0K(2097664K)->0K(2097664K) From: 96K(349184K)->0K(349184K)
[152.969s][info][gc,heap        ] GC(661) ParOldGen: 1141K(5592576K)->1123K(5592576K)
[152.969s][info][gc,metaspace   ] GC(661) Metaspace: 656K(960K)->607K(896K) NonClass: 609K(768K)->571K(768K) Class: 47K(192K)->36K(128K)
[152.969s][info][gc             ] GC(661) Pause Full (System.gc()) 1M->1M(7851M) 8.419ms
[152.969s][info][gc,cpu         ] GC(661) User=0.01s Sys=0.00s Real=0.01s
[153.426s][info][gc,start       ] GC(662) Pause Young (System.gc())
[153.427s][info][gc,heap        ] GC(662) PSYoungGen: 41953K(2446848K)->224K(2446848K) Eden: 41953K(2097664K)->0K(2097664K) From: 0K(349184K)->224K(349184K)
[153.427s][info][gc,heap        ] GC(662) ParOldGen: 1123K(5592576K)->1123K(5592576K)
[153.427s][info][gc,metaspace   ] GC(662) Metaspace: 612K(896K)->612K(896K) NonClass: 574K(768K)->574K(768K) Class: 37K(128K)->37K(128K)
[153.427s][info][gc             ] GC(662) Pause Young (System.gc()) 42M->1M(7851M) 0.591ms
[153.427s][info][gc,cpu         ] GC(662) User=0.00s Sys=0.00s Real=0.00s
[153.427s][info][gc,start       ] GC(663) Pause Full (System.gc())
[153.427s][info][gc,phases,start] GC(663) Marking Phase
[153.432s][info][gc,phases      ] GC(663) Marking Phase 5.361ms
[153.432s][info][gc,phases,start] GC(663) Summary Phase
[153.432s][info][gc,phases      ] GC(663) Summary Phase 0.036ms
[153.432s][info][gc,phases,start] GC(663) Adjust Roots
[153.433s][info][gc,phases      ] GC(663) Adjust Roots 1.025ms
[153.433s][info][gc,phases,start] GC(663) Compaction Phase
[153.436s][info][gc,phases      ] GC(663) Compaction Phase 2.162ms
[153.436s][info][gc,phases,start] GC(663) Post Compact
[153.437s][info][gc,phases      ] GC(663) Post Compact 0.962ms
[153.437s][info][gc,heap        ] GC(663) PSYoungGen: 224K(2446848K)->0K(2446848K) Eden: 0K(2097664K)->0K(2097664K) From: 224K(349184K)->0K(349184K)
[153.437s][info][gc,heap        ] GC(663) ParOldGen: 1123K(5592576K)->1124K(5592576K)
[153.437s][info][gc,metaspace   ] GC(663) Metaspace: 612K(896K)->609K(896K) NonClass: 574K(768K)->572K(768K) Class: 37K(128K)->36K(128K)
[153.437s][info][gc             ] GC(663) Pause Full (System.gc()) 1M->1M(7851M) 9.943ms
[153.437s][info][gc,cpu         ] GC(663) User=0.02s Sys=0.00s Real=0.01s
[153.891s][info][gc,start       ] GC(664) Pause Young (System.gc())
[153.891s][info][gc,heap        ] GC(664) PSYoungGen: 41953K(2446848K)->96K(2446848K) Eden: 41953K(2097664K)->0K(2097664K) From: 0K(349184K)->96K(349184K)
[153.891s][info][gc,heap        ] GC(664) ParOldGen: 1124K(5592576K)->1124K(5592576K)
[153.891s][info][gc,metaspace   ] GC(664) Metaspace: 614K(896K)->614K(896K) NonClass: 575K(768K)->575K(768K) Class: 38K(128K)->38K(128K)
[153.891s][info][gc             ] GC(664) Pause Young (System.gc()) 42M->1M(7851M) 0.702ms
[153.892s][info][gc,cpu         ] GC(664) User=0.00s Sys=0.00s Real=0.00s
[153.892s][info][gc,start       ] GC(665) Pause Full (System.gc())
[153.892s][info][gc,phases,start] GC(665) Marking Phase
[153.896s][info][gc,phases      ] GC(665) Marking Phase 4.495ms
[153.896s][info][gc,phases,start] GC(665) Summary Phase
[153.896s][info][gc,phases      ] GC(665) Summary Phase 0.040ms
[153.896s][info][gc,phases,start] GC(665) Adjust Roots
[153.897s][info][gc,phases      ] GC(665) Adjust Roots 0.949ms
[153.897s][info][gc,phases,start] GC(665) Compaction Phase
[153.900s][info][gc,phases      ] GC(665) Compaction Phase 2.270ms
[153.900s][info][gc,phases,start] GC(665) Post Compact
[153.901s][info][gc,phases      ] GC(665) Post Compact 0.826ms
[153.901s][info][gc,heap        ] GC(665) PSYoungGen: 96K(2446848K)->0K(2446848K) Eden: 0K(2097664K)->0K(2097664K) From: 96K(349184K)->0K(349184K)
[153.901s][info][gc,heap        ] GC(665) ParOldGen: 1124K(5592576K)->1127K(5592576K)
[153.901s][info][gc,metaspace   ] GC(665) Metaspace: 614K(896K)->614K(896K) NonClass: 575K(768K)->575K(768K) Class: 38K(128K)->38K(128K)
[153.901s][info][gc             ] GC(665) Pause Full (System.gc()) 1M->1M(7851M) 9.059ms
[153.901s][info][gc,cpu         ] GC(665) User=0.01s Sys=0.00s Real=0.01s
[154.357s][info][gc,start       ] GC(666) Pause Young (System.gc())
[154.357s][info][gc,heap        ] GC(666) PSYoungGen: 41953K(2446848K)->64K(2446848K) Eden: 41953K(2097664K)->0K(2097664K) From: 0K(349184K)->64K(349184K)
[154.357s][info][gc,heap        ] GC(666) ParOldGen: 1127K(5592576K)->1127K(5592576K)
[154.358s][info][gc,metaspace   ] GC(666) Metaspace: 619K(896K)->619K(896K) NonClass: 578K(768K)->578K(768K) Class: 40K(128K)->40K(128K)
[154.358s][info][gc             ] GC(666) Pause Young (System.gc()) 42M->1M(7851M) 0.664ms
[154.358s][info][gc,cpu         ] GC(666) User=0.00s Sys=0.00s Real=0.00s
[154.358s][info][gc,start       ] GC(667) Pause Full (System.gc())
[154.358s][info][gc,phases,start] GC(667) Marking Phase
[154.362s][info][gc,phases      ] GC(667) Marking Phase 4.004ms
[154.362s][info][gc,phases,start] GC(667) Summary Phase
[154.362s][info][gc,phases      ] GC(667) Summary Phase 0.034ms
[154.362s][info][gc,phases,start] GC(667) Adjust Roots
[154.363s][info][gc,phases      ] GC(667) Adjust Roots 0.940ms
[154.363s][info][gc,phases,start] GC(667) Compaction Phase
[154.365s][info][gc,phases      ] GC(667) Compaction Phase 2.160ms
[154.365s][info][gc,phases,start] GC(667) Post Compact
[154.366s][info][gc,phases      ] GC(667) Post Compact 0.822ms
[154.366s][info][gc,heap        ] GC(667) PSYoungGen: 64K(2446848K)->0K(2446848K) Eden: 0K(2097664K)->0K(2097664K) From: 64K(349184K)->0K(349184K)
[154.366s][info][gc,heap        ] GC(667) ParOldGen: 1127K(5592576K)->1130K(5592576K)
[154.366s][info][gc,metaspace   ] GC(667) Metaspace: 619K(896K)->619K(896K) NonClass: 578K(768K)->578K(768K) Class: 40K(128K)->40K(128K)
[154.366s][info][gc             ] GC(667) Pause Full (System.gc()) 1M->1M(7851M) 8.382ms
[154.366s][info][gc,cpu         ] GC(667) User=0.01s Sys=0.01s Real=0.01s
[154.820s][info][gc,start       ] GC(668) Pause Young (System.gc())
[154.821s][info][gc,heap        ] GC(668) PSYoungGen: 41953K(2446848K)->128K(2446848K) Eden: 41953K(2097664K)->0K(2097664K) From: 0K(349184K)->128K(349184K)
[154.821s][info][gc,heap        ] GC(668) ParOldGen: 1130K(5592576K)->1130K(5592576K)
[154.821s][info][gc,metaspace   ] GC(668) Metaspace: 624K(896K)->624K(896K) NonClass: 582K(768K)->582K(768K) Class: 42K(128K)->42K(128K)
[154.821s][info][gc             ] GC(668) Pause Young (System.gc()) 42M->1M(7851M) 0.606ms
[154.821s][info][gc,cpu         ] GC(668) User=0.00s Sys=0.00s Real=0.00s
[154.821s][info][gc,start       ] GC(669) Pause Full (System.gc())
[154.821s][info][gc,phases,start] GC(669) Marking Phase
[154.826s][info][gc,phases      ] GC(669) Marking Phase 5.231ms
[154.826s][info][gc,phases,start] GC(669) Summary Phase
[154.826s][info][gc,phases      ] GC(669) Summary Phase 0.037ms
[154.826s][info][gc,phases,start] GC(669) Adjust Roots
[154.827s][info][gc,phases      ] GC(669) Adjust Roots 1.050ms
[154.827s][info][gc,phases,start] GC(669) Compaction Phase
[154.829s][info][gc,phases      ] GC(669) Compaction Phase 1.642ms
[154.829s][info][gc,phases,start] GC(669) Post Compact
[154.830s][info][gc,phases      ] GC(669) Post Compact 0.654ms
[154.830s][info][gc,heap        ] GC(669) PSYoungGen: 128K(2446848K)->0K(2446848K) Eden: 0K(2097664K)->0K(2097664K) From: 128K(349184K)->0K(349184K)
[154.830s][info][gc,heap        ] GC(669) ParOldGen: 1130K(5592576K)->1130K(5592576K)
[154.830s][info][gc,metaspace   ] GC(669) Metaspace: 624K(896K)->621K(896K) NonClass: 582K(768K)->580K(768K) Class: 42K(128K)->40K(128K)
[154.830s][info][gc             ] GC(669) Pause Full (System.gc()) 1M->1M(7851M) 9.031ms
[154.830s][info][gc,cpu         ] GC(669) User=0.02s Sys=0.00s Real=0.01s
[155.283s][info][gc,start       ] GC(670) Pause Young (System.gc())
[155.284s][info][gc,heap        ] GC(670) PSYoungGen: 41953K(2446848K)->160K(2446848K) Eden: 41953K(2097664K)->0K(2097664K) From: 0K(349184K)->160K(349184K)
[155.284s][info][gc,heap        ] GC(670) ParOldGen: 1130K(5592576K)->1130K(5592576K)
[155.284s][info][gc,metaspace   ] GC(670) Metaspace: 626K(896K)->626K(896K) NonClass: 584K(768K)->584K(768K) Class: 42K(128K)->42K(128K)
[155.284s][info][gc             ] GC(670) Pause Young (System.gc()) 42M->1M(7851M) 0.600ms
[155.284s][info][gc,cpu         ] GC(670) User=0.00s Sys=0.00s Real=0.01s
[155.284s][info][gc,start       ] GC(671) Pause Full (System.gc())
[155.284s][info][gc,phases,start] GC(671) Marking Phase
[155.289s][info][gc,phases      ] GC(671) Marking Phase 4.561ms
[155.289s][info][gc,phases,start] GC(671) Summary Phase
[155.289s][info][gc,phases      ] GC(671) Summary Phase 0.030ms
[155.289s][info][gc,phases,start] GC(671) Adjust Roots
[155.290s][info][gc,phases      ] GC(671) Adjust Roots 1.023ms
[155.290s][info][gc,phases,start] GC(671) Compaction Phase
[155.292s][info][gc,phases      ] GC(671) Compaction Phase 1.969ms
[155.292s][info][gc,phases,start] GC(671) Post Compact
[155.292s][info][gc,phases      ] GC(671) Post Compact 0.629ms
[155.292s][info][gc,heap        ] GC(671) PSYoungGen: 160K(2446848K)->0K(2446848K) Eden: 0K(2097664K)->0K(2097664K) From: 160K(349184K)->0K(349184K)
[155.293s][info][gc,heap        ] GC(671) ParOldGen: 1130K(5592576K)->1131K(5592576K)
[155.293s][info][gc,metaspace   ] GC(671) Metaspace: 626K(896K)->625K(896K) NonClass: 584K(768K)->583K(768K) Class: 42K(128K)->41K(128K)
[155.293s][info][gc             ] GC(671) Pause Full (System.gc()) 1M->1M(7851M) 8.583ms
[155.293s][info][gc,cpu         ] GC(671) User=0.02s Sys=0.00s Real=0.00s
[155.747s][info][gc,start       ] GC(672) Pause Young (System.gc())
[155.747s][info][gc,heap        ] GC(672) PSYoungGen: 41953K(2446848K)->128K(2446848K) Eden: 41953K(2097664K)->0K(2097664K) From: 0K(349184K)->128K(349184K)
[155.747s][info][gc,heap        ] GC(672) ParOldGen: 1131K(5592576K)->1131K(5592576K)
[155.747s][info][gc,metaspace   ] GC(672) Metaspace: 630K(896K)->630K(896K) NonClass: 586K(768K)->586K(768K) Class: 43K(128K)->43K(128K)
[155.747s][info][gc             ] GC(672) Pause Young (System.gc()) 42M->1M(7851M) 0.614ms
[155.747s][info][gc,cpu         ] GC(672) User=0.00s Sys=0.00s Real=0.00s
[155.748s][info][gc,start       ] GC(673) Pause Full (System.gc())
[155.748s][info][gc,phases,start] GC(673) Marking Phase
[155.752s][info][gc,phases      ] GC(673) Marking Phase 4.704ms
[155.752s][info][gc,phases,start] GC(673) Summary Phase
[155.752s][info][gc,phases      ] GC(673) Summary Phase 0.026ms
[155.752s][info][gc,phases,start] GC(673) Adjust Roots
[155.753s][info][gc,phases      ] GC(673) Adjust Roots 0.997ms
[155.753s][info][gc,phases,start] GC(673) Compaction Phase
[155.756s][info][gc,phases      ] GC(673) Compaction Phase 2.191ms
[155.756s][info][gc,phases,start] GC(673) Post Compact
[155.757s][info][gc,phases      ] GC(673) Post Compact 0.885ms
[155.757s][info][gc,heap        ] GC(673) PSYoungGen: 128K(2446848K)->0K(2446848K) Eden: 0K(2097664K)->0K(2097664K) From: 128K(349184K)->0K(349184K)
[155.757s][info][gc,heap        ] GC(673) ParOldGen: 1131K(5592576K)->1133K(5592576K)
[155.757s][info][gc,metaspace   ] GC(673) Metaspace: 630K(896K)->629K(896K) NonClass: 586K(768K)->586K(768K) Class: 43K(128K)->43K(128K)
[155.757s][info][gc             ] GC(673) Pause Full (System.gc()) 1M->1M(7851M) 9.155ms
[155.757s][info][gc,cpu         ] GC(673) User=0.02s Sys=0.00s Real=0.01s
[156.209s][info][gc,start       ] GC(674) Pause Young (System.gc())
[156.210s][info][gc,heap        ] GC(674) PSYoungGen: 41953K(2446848K)->128K(2446848K) Eden: 41953K(2097664K)->0K(2097664K) From: 0K(349184K)->128K(349184K)
[156.210s][info][gc,heap        ] GC(674) ParOldGen: 1133K(5592576K)->1133K(5592576K)
[156.210s][info][gc,metaspace   ] GC(674) Metaspace: 634K(896K)->634K(896K) NonClass: 589K(768K)->589K(768K) Class: 44K(128K)->44K(128K)
[156.210s][info][gc             ] GC(674) Pause Young (System.gc()) 42M->1M(7851M) 0.589ms
[156.210s][info][gc,cpu         ] GC(674) User=0.00s Sys=0.01s Real=0.00s
[156.210s][info][gc,start       ] GC(675) Pause Full (System.gc())
[156.210s][info][gc,phases,start] GC(675) Marking Phase
[156.215s][info][gc,phases      ] GC(675) Marking Phase 4.603ms
[156.215s][info][gc,phases,start] GC(675) Summary Phase
[156.215s][info][gc,phases      ] GC(675) Summary Phase 0.031ms
[156.215s][info][gc,phases,start] GC(675) Adjust Roots
[156.216s][info][gc,phases      ] GC(675) Adjust Roots 1.014ms
[156.216s][info][gc,phases,start] GC(675) Compaction Phase
[156.218s][info][gc,phases      ] GC(675) Compaction Phase 2.179ms
[156.218s][info][gc,phases,start] GC(675) Post Compact
[156.219s][info][gc,phases      ] GC(675) Post Compact 0.869ms
[156.219s][info][gc,heap        ] GC(675) PSYoungGen: 128K(2446848K)->0K(2446848K) Eden: 0K(2097664K)->0K(2097664K) From: 128K(349184K)->0K(349184K)
[156.219s][info][gc,heap        ] GC(675) ParOldGen: 1133K(5592576K)->1135K(5592576K)
[156.219s][info][gc,metaspace   ] GC(675) Metaspace: 634K(896K)->633K(896K) NonClass: 589K(768K)->589K(768K) Class: 44K(128K)->44K(128K)
[156.219s][info][gc             ] GC(675) Pause Full (System.gc()) 1M->1M(7851M) 9.033ms
[156.219s][info][gc,cpu         ] GC(675) User=0.02s Sys=0.00s Real=0.01s
[156.674s][info][gc,start       ] GC(676) Pause Young (System.gc())
[156.674s][info][gc,heap        ] GC(676) PSYoungGen: 41953K(2446848K)->128K(2446848K) Eden: 41953K(2097664K)->0K(2097664K) From: 0K(349184K)->128K(349184K)
[156.674s][info][gc,heap        ] GC(676) ParOldGen: 1135K(5592576K)->1135K(5592576K)
[156.674s][info][gc,metaspace   ] GC(676) Metaspace: 638K(896K)->638K(896K) NonClass: 592K(768K)->592K(768K) Class: 46K(128K)->46K(128K)
[156.674s][info][gc             ] GC(676) Pause Young (System.gc()) 42M->1M(7851M) 0.490ms
[156.674s][info][gc,cpu         ] GC(676) User=0.00s Sys=0.00s Real=0.00s
[156.674s][info][gc,start       ] GC(677) Pause Full (System.gc())
[156.674s][info][gc,phases,start] GC(677) Marking Phase
[156.678s][info][gc,phases      ] GC(677) Marking Phase 3.790ms
[156.678s][info][gc,phases,start] GC(677) Summary Phase
[156.678s][info][gc,phases      ] GC(677) Summary Phase 0.027ms
[156.678s][info][gc,phases,start] GC(677) Adjust Roots
[156.679s][info][gc,phases      ] GC(677) Adjust Roots 0.869ms
[156.679s][info][gc,phases,start] GC(677) Compaction Phase
[156.680s][info][gc,phases      ] GC(677) Compaction Phase 0.976ms
[156.680s][info][gc,phases,start] GC(677) Post Compact
[156.681s][info][gc,phases      ] GC(677) Post Compact 0.331ms
[156.681s][info][gc,heap        ] GC(677) PSYoungGen: 128K(2446848K)->0K(2446848K) Eden: 0K(2097664K)->0K(2097664K) From: 128K(349184K)->0K(349184K)
[156.681s][info][gc,heap        ] GC(677) ParOldGen: 1135K(5592576K)->1137K(5592576K)
[156.681s][info][gc,metaspace   ] GC(677) Metaspace: 638K(896K)->637K(896K) NonClass: 592K(768K)->592K(768K) Class: 46K(128K)->45K(128K)
[156.681s][info][gc             ] GC(677) Pause Full (System.gc()) 1M->1M(7851M) 6.240ms
[156.681s][info][gc,cpu         ] GC(677) User=0.01s Sys=0.00s Real=0.00s
[157.136s][info][gc,start       ] GC(678) Pause Young (System.gc())
[157.136s][info][gc,heap        ] GC(678) PSYoungGen: 41953K(2446848K)->160K(2446848K) Eden: 41953K(2097664K)->0K(2097664K) From: 0K(349184K)->160K(349184K)
[157.136s][info][gc,heap        ] GC(678) ParOldGen: 1137K(5592576K)->1137K(5592576K)
[157.136s][info][gc,metaspace   ] GC(678) Metaspace: 642K(896K)->642K(896K) NonClass: 595K(768K)->595K(768K) Class: 47K(128K)->47K(128K)
[157.136s][info][gc             ] GC(678) Pause Young (System.gc()) 42M->1M(7851M) 0.608ms
[157.136s][info][gc,cpu         ] GC(678) User=0.00s Sys=0.00s Real=0.00s
[157.136s][info][gc,start       ] GC(679) Pause Full (System.gc())
[157.136s][info][gc,phases,start] GC(679) Marking Phase
[157.140s][info][gc,phases      ] GC(679) Marking Phase 3.427ms
[157.140s][info][gc,phases,start] GC(679) Summary Phase
[157.140s][info][gc,phases      ] GC(679) Summary Phase 0.023ms
[157.140s][info][gc,phases,start] GC(679) Adjust Roots
[157.141s][info][gc,phases      ] GC(679) Adjust Roots 1.021ms
[157.141s][info][gc,phases,start] GC(679) Compaction Phase
[157.143s][info][gc,phases      ] GC(679) Compaction Phase 1.876ms
[157.143s][info][gc,phases,start] GC(679) Post Compact
[157.143s][info][gc,phases      ] GC(679) Post Compact 0.622ms
[157.144s][info][gc,heap        ] GC(679) PSYoungGen: 160K(2446848K)->0K(2446848K) Eden: 0K(2097664K)->0K(2097664K) From: 160K(349184K)->0K(349184K)
[157.144s][info][gc,heap        ] GC(679) ParOldGen: 1137K(5592576K)->1140K(5592576K)
[157.144s][info][gc,metaspace   ] GC(679) Metaspace: 642K(896K)->642K(896K) NonClass: 595K(768K)->595K(768K) Class: 47K(128K)->47K(128K)
[157.144s][info][gc             ] GC(679) Pause Full (System.gc()) 1M->1M(7851M) 7.225ms
[157.144s][info][gc,cpu         ] GC(679) User=0.01s Sys=0.00s Real=0.01s
[157.600s][info][gc,start       ] GC(680) Pause Young (System.gc())
[157.600s][info][gc,heap        ] GC(680) PSYoungGen: 41953K(2446848K)->96K(2446848K) Eden: 41953K(2097664K)->0K(2097664K) From: 0K(349184K)->96K(349184K)
[157.601s][info][gc,heap        ] GC(680) ParOldGen: 1140K(5592576K)->1140K(5592576K)
[157.601s][info][gc,metaspace   ] GC(680) Metaspace: 647K(896K)->647K(896K) NonClass: 598K(768K)->598K(768K) Class: 49K(128K)->49K(128K)
[157.601s][info][gc             ] GC(680) Pause Young (System.gc()) 42M->1M(7851M) 0.647ms
[157.601s][info][gc,cpu         ] GC(680) User=0.00s Sys=0.00s Real=0.00s
[157.601s][info][gc,start       ] GC(681) Pause Full (System.gc())
[157.601s][info][gc,phases,start] GC(681) Marking Phase
[157.604s][info][gc,phases      ] GC(681) Marking Phase 3.311ms
[157.604s][info][gc,phases,start] GC(681) Summary Phase
[157.604s][info][gc,phases      ] GC(681) Summary Phase 0.028ms
[157.604s][info][gc,phases,start] GC(681) Adjust Roots
[157.605s][info][gc,phases      ] GC(681) Adjust Roots 1.117ms
[157.605s][info][gc,phases,start] GC(681) Compaction Phase
[157.608s][info][gc,phases      ] GC(681) Compaction Phase 2.173ms
[157.608s][info][gc,phases,start] GC(681) Post Compact
[157.608s][info][gc,phases      ] GC(681) Post Compact 0.842ms
[157.608s][info][gc,heap        ] GC(681) PSYoungGen: 96K(2446848K)->0K(2446848K) Eden: 0K(2097664K)->0K(2097664K) From: 96K(349184K)->0K(349184K)
[157.608s][info][gc,heap        ] GC(681) ParOldGen: 1140K(5592576K)->1143K(5592576K)
[157.608s][info][gc,metaspace   ] GC(681) Metaspace: 647K(896K)->647K(896K) NonClass: 598K(768K)->598K(768K) Class: 49K(128K)->49K(128K)
[157.609s][info][gc             ] GC(681) Pause Full (System.gc()) 1M->1M(7851M) 7.772ms
[157.609s][info][gc,cpu         ] GC(681) User=0.01s Sys=0.00s Real=0.01s
[158.066s][info][gc,start       ] GC(682) Pause Young (System.gc())
[158.066s][info][gc,heap        ] GC(682) PSYoungGen: 41953K(2446848K)->128K(2446848K) Eden: 41953K(2097664K)->0K(2097664K) From: 0K(349184K)->128K(349184K)
[158.066s][info][gc,heap        ] GC(682) ParOldGen: 1143K(5592576K)->1143K(5592576K)
[158.067s][info][gc,metaspace   ] GC(682) Metaspace: 652K(896K)->652K(896K) NonClass: 602K(768K)->602K(768K) Class: 50K(128K)->50K(128K)
[158.067s][info][gc             ] GC(682) Pause Young (System.gc()) 42M->1M(7851M) 0.726ms
[158.067s][info][gc,cpu         ] GC(682) User=0.00s Sys=0.00s Real=0.00s
[158.067s][info][gc,start       ] GC(683) Pause Full (System.gc())
[158.067s][info][gc,phases,start] GC(683) Marking Phase
[158.073s][info][gc,phases      ] GC(683) Marking Phase 5.789ms
[158.073s][info][gc,phases,start] GC(683) Summary Phase
[158.073s][info][gc,phases      ] GC(683) Summary Phase 0.026ms
[158.073s][info][gc,phases,start] GC(683) Adjust Roots
[158.074s][info][gc,phases      ] GC(683) Adjust Roots 1.398ms
[158.074s][info][gc,phases,start] GC(683) Compaction Phase
[158.076s][info][gc,phases      ] GC(683) Compaction Phase 1.619ms
[158.076s][info][gc,phases,start] GC(683) Post Compact
[158.076s][info][gc,phases      ] GC(683) Post Compact 0.624ms
[158.076s][info][gc,heap        ] GC(683) PSYoungGen: 128K(2446848K)->0K(2446848K) Eden: 0K(2097664K)->0K(2097664K) From: 128K(349184K)->0K(349184K)
[158.076s][info][gc,heap        ] GC(683) ParOldGen: 1143K(5592576K)->1146K(5592576K)
[158.076s][info][gc,metaspace   ] GC(683) Metaspace: 652K(896K)->652K(896K) NonClass: 602K(768K)->602K(768K) Class: 50K(128K)->50K(128K)
[158.076s][info][gc             ] GC(683) Pause Full (System.gc()) 1M->1M(7851M) 9.703ms
[158.076s][info][gc,cpu         ] GC(683) User=0.02s Sys=0.00s Real=0.01s
[158.534s][info][gc,start       ] GC(684) Pause Young (System.gc())
[158.534s][info][gc,heap        ] GC(684) PSYoungGen: 41953K(2446848K)->128K(2446848K) Eden: 41953K(2097664K)->0K(2097664K) From: 0K(349184K)->128K(349184K)
[158.534s][info][gc,heap        ] GC(684) ParOldGen: 1146K(5592576K)->1146K(5592576K)
[158.534s][info][gc,metaspace   ] GC(684) Metaspace: 667K(896K)->667K(896K) NonClass: 615K(768K)->615K(768K) Class: 52K(128K)->52K(128K)
[158.534s][info][gc             ] GC(684) Pause Young (System.gc()) 42M->1M(7851M) 0.620ms
[158.535s][info][gc,cpu         ] GC(684) User=0.00s Sys=0.00s Real=0.00s
[158.535s][info][gc,start       ] GC(685) Pause Full (System.gc())
[158.535s][info][gc,phases,start] GC(685) Marking Phase
[158.538s][info][gc,phases      ] GC(685) Marking Phase 3.434ms
[158.538s][info][gc,phases,start] GC(685) Summary Phase
[158.538s][info][gc,phases      ] GC(685) Summary Phase 0.041ms
[158.538s][info][gc,phases,start] GC(685) Adjust Roots
[158.539s][info][gc,phases      ] GC(685) Adjust Roots 1.075ms
[158.539s][info][gc,phases,start] GC(685) Compaction Phase
[158.542s][info][gc,phases      ] GC(685) Compaction Phase 2.163ms
[158.542s][info][gc,phases,start] GC(685) Post Compact
[158.542s][info][gc,phases      ] GC(685) Post Compact 0.588ms
[158.542s][info][gc,heap        ] GC(685) PSYoungGen: 128K(2446848K)->0K(2446848K) Eden: 0K(2097664K)->0K(2097664K) From: 128K(349184K)->0K(349184K)
[158.542s][info][gc,heap        ] GC(685) ParOldGen: 1146K(5592576K)->1149K(5592576K)
[158.542s][info][gc,metaspace   ] GC(685) Metaspace: 667K(896K)->667K(896K) NonClass: 615K(768K)->615K(768K) Class: 52K(128K)->52K(128K)
[158.542s][info][gc             ] GC(685) Pause Full (System.gc()) 1M->1M(7851M) 7.621ms
[158.542s][info][gc,cpu         ] GC(685) User=0.02s Sys=0.00s Real=0.00s
[158.995s][info][gc,start       ] GC(686) Pause Young (System.gc())
[158.995s][info][gc,heap        ] GC(686) PSYoungGen: 41953K(2446848K)->96K(2446848K) Eden: 41953K(2097664K)->0K(2097664K) From: 0K(349184K)->96K(349184K)
[158.995s][info][gc,heap        ] GC(686) ParOldGen: 1149K(5592576K)->1149K(5592576K)
[158.995s][info][gc,metaspace   ] GC(686) Metaspace: 672K(960K)->672K(960K) NonClass: 618K(768K)->618K(768K) Class: 54K(192K)->54K(192K)
[158.995s][info][gc             ] GC(686) Pause Young (System.gc()) 42M->1M(7851M) 0.337ms
[158.995s][info][gc,cpu         ] GC(686) User=0.00s Sys=0.00s Real=0.00s
[158.995s][info][gc,start       ] GC(687) Pause Full (System.gc())
[158.995s][info][gc,phases,start] GC(687) Marking Phase
[158.998s][info][gc,phases      ] GC(687) Marking Phase 2.734ms
[158.998s][info][gc,phases,start] GC(687) Summary Phase
[158.998s][info][gc,phases      ] GC(687) Summary Phase 0.018ms
[158.998s][info][gc,phases,start] GC(687) Adjust Roots
[158.999s][info][gc,phases      ] GC(687) Adjust Roots 0.604ms
[158.999s][info][gc,phases,start] GC(687) Compaction Phase
[159.000s][info][gc,phases      ] GC(687) Compaction Phase 0.994ms
[159.000s][info][gc,phases,start] GC(687) Post Compact
[159.001s][info][gc,phases      ] GC(687) Post Compact 0.675ms
[159.001s][info][gc,heap        ] GC(687) PSYoungGen: 96K(2446848K)->0K(2446848K) Eden: 0K(2097664K)->0K(2097664K) From: 96K(349184K)->0K(349184K)
[159.001s][info][gc,heap        ] GC(687) ParOldGen: 1149K(5592576K)->1135K(5592576K)
[159.001s][info][gc,metaspace   ] GC(687) Metaspace: 672K(960K)->640K(960K) NonClass: 618K(768K)->594K(768K) Class: 54K(192K)->45K(192K)
[159.001s][info][gc             ] GC(687) Pause Full (System.gc()) 1M->1M(7851M) 5.261ms
[159.001s][info][gc,cpu         ] GC(687) User=0.01s Sys=0.00s Real=0.00s
[159.458s][info][gc,start       ] GC(688) Pause Young (System.gc())
[159.459s][info][gc,heap        ] GC(688) PSYoungGen: 41953K(2446848K)->160K(2446848K) Eden: 41953K(2097664K)->0K(2097664K) From: 0K(349184K)->160K(349184K)
[159.459s][info][gc,heap        ] GC(688) ParOldGen: 1135K(5592576K)->1135K(5592576K)
[159.459s][info][gc,metaspace   ] GC(688) Metaspace: 645K(960K)->645K(960K) NonClass: 598K(768K)->598K(768K) Class: 47K(192K)->47K(192K)
[159.459s][info][gc             ] GC(688) Pause Young (System.gc()) 42M->1M(7851M) 0.654ms
[159.459s][info][gc,cpu         ] GC(688) User=0.00s Sys=0.00s Real=0.00s
[159.459s][info][gc,start       ] GC(689) Pause Full (System.gc())
[159.459s][info][gc,phases,start] GC(689) Marking Phase
[159.464s][info][gc,phases      ] GC(689) Marking Phase 5.072ms
[159.464s][info][gc,phases,start] GC(689) Summary Phase
[159.464s][info][gc,phases      ] GC(689) Summary Phase 0.033ms
[159.464s][info][gc,phases,start] GC(689) Adjust Roots
[159.465s][info][gc,phases      ] GC(689) Adjust Roots 0.861ms
[159.465s][info][gc,phases,start] GC(689) Compaction Phase
[159.467s][info][gc,phases      ] GC(689) Compaction Phase 1.547ms
[159.467s][info][gc,phases,start] GC(689) Post Compact
[159.468s][info][gc,phases      ] GC(689) Post Compact 0.636ms
[159.468s][info][gc,heap        ] GC(689) PSYoungGen: 160K(2446848K)->0K(2446848K) Eden: 0K(2097664K)->0K(2097664K) From: 160K(349184K)->0K(349184K)
[159.468s][info][gc,heap        ] GC(689) ParOldGen: 1135K(5592576K)->1136K(5592576K)
[159.468s][info][gc,metaspace   ] GC(689) Metaspace: 645K(960K)->642K(960K) NonClass: 598K(768K)->595K(768K) Class: 47K(192K)->46K(192K)
[159.468s][info][gc             ] GC(689) Pause Full (System.gc()) 1M->1M(7851M) 8.541ms
[159.468s][info][gc,cpu         ] GC(689) User=0.01s Sys=0.01s Real=0.01s
[159.921s][info][gc,start       ] GC(690) Pause Young (System.gc())
[159.921s][info][gc,heap        ] GC(690) PSYoungGen: 41953K(2446848K)->128K(2446848K) Eden: 41953K(2097664K)->0K(2097664K) From: 0K(349184K)->128K(349184K)
[159.921s][info][gc,heap        ] GC(690) ParOldGen: 1136K(5592576K)->1136K(5592576K)
[159.921s][info][gc,metaspace   ] GC(690) Metaspace: 647K(960K)->647K(960K) NonClass: 599K(768K)->599K(768K) Class: 48K(192K)->48K(192K)
[159.921s][info][gc             ] GC(690) Pause Young (System.gc()) 42M->1M(7851M) 0.539ms
[159.921s][info][gc,cpu         ] GC(690) User=0.00s Sys=0.00s Real=0.00s
[159.921s][info][gc,start       ] GC(691) Pause Full (System.gc())
[159.921s][info][gc,phases,start] GC(691) Marking Phase
[159.929s][info][gc,phases      ] GC(691) Marking Phase 7.339ms
[159.929s][info][gc,phases,start] GC(691) Summary Phase
[159.929s][info][gc,phases      ] GC(691) Summary Phase 0.033ms
[159.929s][info][gc,phases,start] GC(691) Adjust Roots
[159.930s][info][gc,phases      ] GC(691) Adjust Roots 1.104ms
[159.930s][info][gc,phases,start] GC(691) Compaction Phase
[159.932s][info][gc,phases      ] GC(691) Compaction Phase 1.895ms
[159.932s][info][gc,phases,start] GC(691) Post Compact
[159.933s][info][gc,phases      ] GC(691) Post Compact 0.648ms
[159.933s][info][gc,heap        ] GC(691) PSYoungGen: 128K(2446848K)->0K(2446848K) Eden: 0K(2097664K)->0K(2097664K) From: 128K(349184K)->0K(349184K)
[159.933s][info][gc,heap        ] GC(691) ParOldGen: 1136K(5592576K)->1138K(5592576K)
[159.933s][info][gc,metaspace   ] GC(691) Metaspace: 647K(960K)->646K(960K) NonClass: 599K(768K)->598K(768K) Class: 48K(192K)->47K(192K)
[159.933s][info][gc             ] GC(691) Pause Full (System.gc()) 1M->1M(7851M) 11.485ms
[159.933s][info][gc,cpu         ] GC(691) User=0.01s Sys=0.00s Real=0.01s
[160.387s][info][gc,start       ] GC(692) Pause Young (System.gc())
[160.387s][info][gc,heap        ] GC(692) PSYoungGen: 41953K(2446848K)->160K(2446848K) Eden: 41953K(2097664K)->0K(2097664K) From: 0K(349184K)->160K(349184K)
[160.387s][info][gc,heap        ] GC(692) ParOldGen: 1138K(5592576K)->1138K(5592576K)
[160.387s][info][gc,metaspace   ] GC(692) Metaspace: 651K(960K)->651K(960K) NonClass: 601K(768K)->601K(768K) Class: 49K(192K)->49K(192K)
[160.387s][info][gc             ] GC(692) Pause Young (System.gc()) 42M->1M(7851M) 0.494ms
[160.387s][info][gc,cpu         ] GC(692) User=0.00s Sys=0.00s Real=0.00s
[160.387s][info][gc,start       ] GC(693) Pause Full (System.gc())
[160.387s][info][gc,phases,start] GC(693) Marking Phase
[160.394s][info][gc,phases      ] GC(693) Marking Phase 6.450ms
[160.394s][info][gc,phases,start] GC(693) Summary Phase
[160.394s][info][gc,phases      ] GC(693) Summary Phase 0.023ms
[160.394s][info][gc,phases,start] GC(693) Adjust Roots
[160.395s][info][gc,phases      ] GC(693) Adjust Roots 0.975ms
[160.395s][info][gc,phases,start] GC(693) Compaction Phase
[160.397s][info][gc,phases      ] GC(693) Compaction Phase 2.121ms
[160.397s][info][gc,phases,start] GC(693) Post Compact
[160.398s][info][gc,phases      ] GC(693) Post Compact 0.689ms
[160.398s][info][gc,heap        ] GC(693) PSYoungGen: 160K(2446848K)->0K(2446848K) Eden: 0K(2097664K)->0K(2097664K) From: 160K(349184K)->0K(349184K)
[160.398s][info][gc,heap        ] GC(693) ParOldGen: 1138K(5592576K)->1140K(5592576K)
[160.398s][info][gc,metaspace   ] GC(693) Metaspace: 651K(960K)->650K(960K) NonClass: 601K(768K)->601K(768K) Class: 49K(192K)->49K(192K)
[160.398s][info][gc             ] GC(693) Pause Full (System.gc()) 1M->1M(7851M) 10.583ms
[160.398s][info][gc,cpu         ] GC(693) User=0.01s Sys=0.00s Real=0.01s
[160.851s][info][gc,start       ] GC(694) Pause Young (System.gc())
[160.851s][info][gc,heap        ] GC(694) PSYoungGen: 41953K(2446848K)->128K(2446848K) Eden: 41953K(2097664K)->0K(2097664K) From: 0K(349184K)->128K(349184K)
[160.851s][info][gc,heap        ] GC(694) ParOldGen: 1140K(5592576K)->1140K(5592576K)
[160.851s][info][gc,metaspace   ] GC(694) Metaspace: 655K(960K)->655K(960K) NonClass: 604K(768K)->604K(768K) Class: 50K(192K)->50K(192K)
[160.851s][info][gc             ] GC(694) Pause Young (System.gc()) 42M->1M(7851M) 0.592ms
[160.851s][info][gc,cpu         ] GC(694) User=0.00s Sys=0.00s Real=0.00s
[160.852s][info][gc,start       ] GC(695) Pause Full (System.gc())
[160.852s][info][gc,phases,start] GC(695) Marking Phase
[160.855s][info][gc,phases      ] GC(695) Marking Phase 3.343ms
[160.855s][info][gc,phases,start] GC(695) Summary Phase
[160.855s][info][gc,phases      ] GC(695) Summary Phase 0.030ms
[160.855s][info][gc,phases,start] GC(695) Adjust Roots
[160.856s][info][gc,phases      ] GC(695) Adjust Roots 1.061ms
[160.856s][info][gc,phases,start] GC(695) Compaction Phase
[160.859s][info][gc,phases      ] GC(695) Compaction Phase 2.379ms
[160.859s][info][gc,phases,start] GC(695) Post Compact
[160.860s][info][gc,phases      ] GC(695) Post Compact 0.916ms
[160.860s][info][gc,heap        ] GC(695) PSYoungGen: 128K(2446848K)->0K(2446848K) Eden: 0K(2097664K)->0K(2097664K) From: 128K(349184K)->0K(349184K)
[160.860s][info][gc,heap        ] GC(695) ParOldGen: 1140K(5592576K)->1143K(5592576K)
[160.860s][info][gc,metaspace   ] GC(695) Metaspace: 655K(960K)->655K(960K) NonClass: 604K(768K)->604K(768K) Class: 50K(192K)->50K(192K)
[160.860s][info][gc             ] GC(695) Pause Full (System.gc()) 1M->1M(7851M) 8.089ms
[160.860s][info][gc,cpu         ] GC(695) User=0.01s Sys=0.00s Real=0.01s
[161.313s][info][gc,start       ] GC(696) Pause Young (System.gc())
[161.313s][info][gc,heap        ] GC(696) PSYoungGen: 41953K(2446848K)->128K(2446848K) Eden: 41953K(2097664K)->0K(2097664K) From: 0K(349184K)->128K(349184K)
[161.314s][info][gc,heap        ] GC(696) ParOldGen: 1143K(5592576K)->1143K(5592576K)
[161.314s][info][gc,metaspace   ] GC(696) Metaspace: 660K(960K)->660K(960K) NonClass: 608K(768K)->608K(768K) Class: 52K(192K)->52K(192K)
[161.314s][info][gc             ] GC(696) Pause Young (System.gc()) 42M->1M(7851M) 0.545ms
[161.314s][info][gc,cpu         ] GC(696) User=0.00s Sys=0.00s Real=0.01s
[161.314s][info][gc,start       ] GC(697) Pause Full (System.gc())
[161.314s][info][gc,phases,start] GC(697) Marking Phase
[161.316s][info][gc,phases      ] GC(697) Marking Phase 2.574ms
[161.316s][info][gc,phases,start] GC(697) Summary Phase
[161.316s][info][gc,phases      ] GC(697) Summary Phase 0.022ms
[161.316s][info][gc,phases,start] GC(697) Adjust Roots
[161.317s][info][gc,phases      ] GC(697) Adjust Roots 0.775ms
[161.317s][info][gc,phases,start] GC(697) Compaction Phase
[161.319s][info][gc,phases      ] GC(697) Compaction Phase 1.500ms
[161.319s][info][gc,phases,start] GC(697) Post Compact
[161.319s][info][gc,phases      ] GC(697) Post Compact 0.539ms
[161.319s][info][gc,heap        ] GC(697) PSYoungGen: 128K(2446848K)->0K(2446848K) Eden: 0K(2097664K)->0K(2097664K) From: 128K(349184K)->0K(349184K)
[161.319s][info][gc,heap        ] GC(697) ParOldGen: 1143K(5592576K)->1146K(5592576K)
[161.319s][info][gc,metaspace   ] GC(697) Metaspace: 660K(960K)->660K(960K) NonClass: 608K(768K)->608K(768K) Class: 52K(192K)->52K(192K)
[161.319s][info][gc             ] GC(697) Pause Full (System.gc()) 1M->1M(7851M) 5.613ms
[161.319s][info][gc,cpu         ] GC(697) User=0.02s Sys=0.00s Real=0.00s
[161.773s][info][gc,start       ] GC(698) Pause Young (System.gc())
[161.774s][info][gc,heap        ] GC(698) PSYoungGen: 41953K(2446848K)->96K(2446848K) Eden: 41953K(2097664K)->0K(2097664K) From: 0K(349184K)->96K(349184K)
[161.774s][info][gc,heap        ] GC(698) ParOldGen: 1146K(5592576K)->1146K(5592576K)
[161.774s][info][gc,metaspace   ] GC(698) Metaspace: 665K(960K)->665K(960K) NonClass: 611K(768K)->611K(768K) Class: 54K(192K)->54K(192K)
[161.774s][info][gc             ] GC(698) Pause Young (System.gc()) 42M->1M(7851M) 0.491ms
[161.774s][info][gc,cpu         ] GC(698) User=0.00s Sys=0.00s Real=0.01s
[161.774s][info][gc,start       ] GC(699) Pause Full (System.gc())
[161.774s][info][gc,phases,start] GC(699) Marking Phase
[161.778s][info][gc,phases      ] GC(699) Marking Phase 3.679ms
[161.778s][info][gc,phases,start] GC(699) Summary Phase
[161.778s][info][gc,phases      ] GC(699) Summary Phase 0.023ms
[161.778s][info][gc,phases,start] GC(699) Adjust Roots
[161.778s][info][gc,phases      ] GC(699) Adjust Roots 0.658ms
[161.778s][info][gc,phases,start] GC(699) Compaction Phase
[161.779s][info][gc,phases      ] GC(699) Compaction Phase 1.091ms
[161.780s][info][gc,phases,start] GC(699) Post Compact
[161.780s][info][gc,phases      ] GC(699) Post Compact 0.638ms
[161.780s][info][gc,heap        ] GC(699) PSYoungGen: 96K(2446848K)->0K(2446848K) Eden: 0K(2097664K)->0K(2097664K) From: 96K(349184K)->0K(349184K)
[161.780s][info][gc,heap        ] GC(699) ParOldGen: 1146K(5592576K)->1141K(5592576K)
[161.780s][info][gc,metaspace   ] GC(699) Metaspace: 665K(960K)->651K(960K) NonClass: 611K(768K)->601K(768K) Class: 54K(192K)->50K(192K)
[161.780s][info][gc             ] GC(699) Pause Full (System.gc()) 1M->1M(7851M) 6.319ms
[161.780s][info][gc,cpu         ] GC(699) User=0.01s Sys=0.00s Real=0.00s
[162.237s][info][gc,start       ] GC(700) Pause Young (System.gc())
[162.237s][info][gc,heap        ] GC(700) PSYoungGen: 41953K(2446848K)->160K(2446848K) Eden: 41953K(2097664K)->0K(2097664K) From: 0K(349184K)->160K(349184K)
[162.238s][info][gc,heap        ] GC(700) ParOldGen: 1141K(5592576K)->1141K(5592576K)
[162.238s][info][gc,metaspace   ] GC(700) Metaspace: 656K(960K)->656K(960K) NonClass: 604K(768K)->604K(768K) Class: 52K(192K)->52K(192K)
[162.238s][info][gc             ] GC(700) Pause Young (System.gc()) 42M->1M(7851M) 0.411ms
[162.238s][info][gc,cpu         ] GC(700) User=0.00s Sys=0.00s Real=0.00s
[162.238s][info][gc,start       ] GC(701) Pause Full (System.gc())
[162.238s][info][gc,phases,start] GC(701) Marking Phase
[162.241s][info][gc,phases      ] GC(701) Marking Phase 3.066ms
[162.241s][info][gc,phases,start] GC(701) Summary Phase
[162.241s][info][gc,phases      ] GC(701) Summary Phase 0.017ms
[162.241s][info][gc,phases,start] GC(701) Adjust Roots
[162.241s][info][gc,phases      ] GC(701) Adjust Roots 0.660ms
[162.242s][info][gc,phases,start] GC(701) Compaction Phase
[162.243s][info][gc,phases      ] GC(701) Compaction Phase 1.231ms
[162.243s][info][gc,phases,start] GC(701) Post Compact
[162.243s][info][gc,phases      ] GC(701) Post Compact 0.520ms
[162.243s][info][gc,heap        ] GC(701) PSYoungGen: 160K(2446848K)->0K(2446848K) Eden: 0K(2097664K)->0K(2097664K) From: 160K(349184K)->0K(349184K)
[162.243s][info][gc,heap        ] GC(701) ParOldGen: 1141K(5592576K)->1142K(5592576K)
[162.243s][info][gc,metaspace   ] GC(701) Metaspace: 656K(960K)->653K(960K) NonClass: 604K(768K)->602K(768K) Class: 52K(192K)->51K(192K)
[162.243s][info][gc             ] GC(701) Pause Full (System.gc()) 1M->1M(7851M) 5.770ms
[162.243s][info][gc,cpu         ] GC(701) User=0.01s Sys=0.00s Real=0.00s
[162.699s][info][gc,start       ] GC(702) Pause Young (System.gc())
[162.699s][info][gc,heap        ] GC(702) PSYoungGen: 41953K(2446848K)->96K(2446848K) Eden: 41953K(2097664K)->0K(2097664K) From: 0K(349184K)->96K(349184K)
[162.699s][info][gc,heap        ] GC(702) ParOldGen: 1142K(5592576K)->1142K(5592576K)
[162.699s][info][gc,metaspace   ] GC(702) Metaspace: 658K(960K)->658K(960K) NonClass: 605K(768K)->605K(768K) Class: 52K(192K)->52K(192K)
[162.699s][info][gc             ] GC(702) Pause Young (System.gc()) 42M->1M(7851M) 0.257ms
[162.699s][info][gc,cpu         ] GC(702) User=0.00s Sys=0.00s Real=0.00s
[162.699s][info][gc,start       ] GC(703) Pause Full (System.gc())
[162.699s][info][gc,phases,start] GC(703) Marking Phase
[162.702s][info][gc,phases      ] GC(703) Marking Phase 2.581ms
[162.702s][info][gc,phases,start] GC(703) Summary Phase
[162.702s][info][gc,phases      ] GC(703) Summary Phase 0.014ms
[162.702s][info][gc,phases,start] GC(703) Adjust Roots
[162.702s][info][gc,phases      ] GC(703) Adjust Roots 0.605ms
[162.702s][info][gc,phases,start] GC(703) Compaction Phase
[162.703s][info][gc,phases      ] GC(703) Compaction Phase 0.935ms
[162.703s][info][gc,phases,start] GC(703) Post Compact
[162.704s][info][gc,phases      ] GC(703) Post Compact 0.254ms
[162.704s][info][gc,heap        ] GC(703) PSYoungGen: 96K(2446848K)->0K(2446848K) Eden: 0K(2097664K)->0K(2097664K) From: 96K(349184K)->0K(349184K)
[162.704s][info][gc,heap        ] GC(703) ParOldGen: 1142K(5592576K)->1144K(5592576K)
[162.704s][info][gc,metaspace   ] GC(703) Metaspace: 658K(960K)->657K(960K) NonClass: 605K(768K)->604K(768K) Class: 52K(192K)->52K(192K)
[162.704s][info][gc             ] GC(703) Pause Full (System.gc()) 1M->1M(7851M) 4.550ms
[162.704s][info][gc,cpu         ] GC(703) User=0.01s Sys=0.00s Real=0.01s
[163.160s][info][gc,start       ] GC(704) Pause Young (System.gc())
[163.161s][info][gc,heap        ] GC(704) PSYoungGen: 41953K(2446848K)->128K(2446848K) Eden: 41953K(2097664K)->0K(2097664K) From: 0K(349184K)->128K(349184K)
[163.161s][info][gc,heap        ] GC(704) ParOldGen: 1144K(5592576K)->1144K(5592576K)
[163.161s][info][gc,metaspace   ] GC(704) Metaspace: 662K(960K)->662K(960K) NonClass: 608K(768K)->608K(768K) Class: 54K(192K)->54K(192K)
[163.161s][info][gc             ] GC(704) Pause Young (System.gc()) 42M->1M(7851M) 0.494ms
[163.161s][info][gc,cpu         ] GC(704) User=0.00s Sys=0.00s Real=0.00s
[163.161s][info][gc,start       ] GC(705) Pause Full (System.gc())
[163.161s][info][gc,phases,start] GC(705) Marking Phase
[163.163s][info][gc,phases      ] GC(705) Marking Phase 2.211ms
[163.163s][info][gc,phases,start] GC(705) Summary Phase
[163.163s][info][gc,phases      ] GC(705) Summary Phase 0.016ms
[163.163s][info][gc,phases,start] GC(705) Adjust Roots
[163.164s][info][gc,phases      ] GC(705) Adjust Roots 1.018ms
[163.164s][info][gc,phases,start] GC(705) Compaction Phase
[163.165s][info][gc,phases      ] GC(705) Compaction Phase 1.258ms
[163.166s][info][gc,phases,start] GC(705) Post Compact
[163.166s][info][gc,phases      ] GC(705) Post Compact 0.462ms
[163.166s][info][gc,heap        ] GC(705) PSYoungGen: 128K(2446848K)->0K(2446848K) Eden: 0K(2097664K)->0K(2097664K) From: 128K(349184K)->0K(349184K)
[163.166s][info][gc,heap        ] GC(705) ParOldGen: 1144K(5592576K)->1147K(5592576K)
[163.166s][info][gc,metaspace   ] GC(705) Metaspace: 662K(960K)->662K(960K) NonClass: 608K(768K)->608K(768K) Class: 54K(192K)->54K(192K)
[163.166s][info][gc             ] GC(705) Pause Full (System.gc()) 1M->1M(7851M) 5.155ms
[163.166s][info][gc,cpu         ] GC(705) User=0.01s Sys=0.01s Real=0.01s
[163.623s][info][gc,start       ] GC(706) Pause Young (System.gc())
[163.623s][info][gc,heap        ] GC(706) PSYoungGen: 41953K(2446848K)->128K(2446848K) Eden: 41953K(2097664K)->0K(2097664K) From: 0K(349184K)->128K(349184K)
[163.623s][info][gc,heap        ] GC(706) ParOldGen: 1147K(5592576K)->1147K(5592576K)
[163.623s][info][gc,metaspace   ] GC(706) Metaspace: 667K(960K)->667K(960K) NonClass: 611K(768K)->611K(768K) Class: 55K(192K)->55K(192K)
[163.623s][info][gc             ] GC(706) Pause Young (System.gc()) 42M->1M(7851M) 0.462ms
[163.623s][info][gc,cpu         ] GC(706) User=0.00s Sys=0.00s Real=0.00s
[163.623s][info][gc,start       ] GC(707) Pause Full (System.gc())
[163.623s][info][gc,phases,start] GC(707) Marking Phase
[163.626s][info][gc,phases      ] GC(707) Marking Phase 2.632ms
[163.626s][info][gc,phases,start] GC(707) Summary Phase
[163.626s][info][gc,phases      ] GC(707) Summary Phase 0.023ms
[163.626s][info][gc,phases,start] GC(707) Adjust Roots
[163.627s][info][gc,phases      ] GC(707) Adjust Roots 0.614ms
[163.627s][info][gc,phases,start] GC(707) Compaction Phase
[163.628s][info][gc,phases      ] GC(707) Compaction Phase 1.155ms
[163.628s][info][gc,phases,start] GC(707) Post Compact
[163.628s][info][gc,phases      ] GC(707) Post Compact 0.536ms
[163.628s][info][gc,heap        ] GC(707) PSYoungGen: 128K(2446848K)->0K(2446848K) Eden: 0K(2097664K)->0K(2097664K) From: 128K(349184K)->0K(349184K)
[163.628s][info][gc,heap        ] GC(707) ParOldGen: 1147K(5592576K)->1150K(5592576K)
[163.628s][info][gc,metaspace   ] GC(707) Metaspace: 667K(960K)->667K(960K) NonClass: 611K(768K)->611K(768K) Class: 55K(192K)->55K(192K)
[163.628s][info][gc             ] GC(707) Pause Full (System.gc()) 1M->1M(7851M) 5.248ms
[163.628s][info][gc,cpu         ] GC(707) User=0.01s Sys=0.00s Real=0.01s
[164.083s][info][gc,start       ] GC(708) Pause Young (System.gc())
[164.084s][info][gc,heap        ] GC(708) PSYoungGen: 41953K(2446848K)->128K(2446848K) Eden: 41953K(2097664K)->0K(2097664K) From: 0K(349184K)->128K(349184K)
[164.084s][info][gc,heap        ] GC(708) ParOldGen: 1150K(5592576K)->1150K(5592576K)
[164.084s][info][gc,metaspace   ] GC(708) Metaspace: 672K(960K)->672K(960K) NonClass: 614K(768K)->614K(768K) Class: 57K(192K)->57K(192K)
[164.084s][info][gc             ] GC(708) Pause Young (System.gc()) 42M->1M(7851M) 0.451ms
[164.084s][info][gc,cpu         ] GC(708) User=0.00s Sys=0.00s Real=0.01s
[164.084s][info][gc,start       ] GC(709) Pause Full (System.gc())
[164.084s][info][gc,phases,start] GC(709) Marking Phase
[164.088s][info][gc,phases      ] GC(709) Marking Phase 4.431ms
[164.088s][info][gc,phases,start] GC(709) Summary Phase
[164.089s][info][gc,phases      ] GC(709) Summary Phase 0.016ms
[164.089s][info][gc,phases,start] GC(709) Adjust Roots
[164.089s][info][gc,phases      ] GC(709) Adjust Roots 0.698ms
[164.089s][info][gc,phases,start] GC(709) Compaction Phase
[164.091s][info][gc,phases      ] GC(709) Compaction Phase 1.283ms
[164.091s][info][gc,phases,start] GC(709) Post Compact
[164.091s][info][gc,phases      ] GC(709) Post Compact 0.462ms
[164.091s][info][gc,heap        ] GC(709) PSYoungGen: 128K(2446848K)->0K(2446848K) Eden: 0K(2097664K)->0K(2097664K) From: 128K(349184K)->0K(349184K)
[164.091s][info][gc,heap        ] GC(709) ParOldGen: 1150K(5592576K)->1153K(5592576K)
[164.091s][info][gc,metaspace   ] GC(709) Metaspace: 672K(960K)->672K(960K) NonClass: 614K(768K)->614K(768K) Class: 57K(192K)->57K(192K)
[164.091s][info][gc             ] GC(709) Pause Full (System.gc()) 1M->1M(7851M) 7.096ms
[164.091s][info][gc,cpu         ] GC(709) User=0.03s Sys=0.00s Real=0.00s
[164.551s][info][gc,start       ] GC(710) Pause Young (System.gc())
[164.551s][info][gc,heap        ] GC(710) PSYoungGen: 41953K(2446848K)->96K(2446848K) Eden: 41953K(2097664K)->0K(2097664K) From: 0K(349184K)->96K(349184K)
[164.551s][info][gc,heap        ] GC(710) ParOldGen: 1153K(5592576K)->1153K(5592576K)
[164.551s][info][gc,metaspace   ] GC(710) Metaspace: 677K(960K)->677K(960K) NonClass: 617K(768K)->617K(768K) Class: 59K(192K)->59K(192K)
[164.551s][info][gc             ] GC(710) Pause Young (System.gc()) 42M->1M(7851M) 0.304ms
[164.551s][info][gc,cpu         ] GC(710) User=0.00s Sys=0.00s Real=0.00s
[164.551s][info][gc,start       ] GC(711) Pause Full (System.gc())
[164.551s][info][gc,phases,start] GC(711) Marking Phase
[164.554s][info][gc,phases      ] GC(711) Marking Phase 2.540ms
[164.554s][info][gc,phases,start] GC(711) Summary Phase
[164.554s][info][gc,phases      ] GC(711) Summary Phase 0.007ms
[164.554s][info][gc,phases,start] GC(711) Adjust Roots
[164.554s][info][gc,phases      ] GC(711) Adjust Roots 0.533ms
[164.554s][info][gc,phases,start] GC(711) Compaction Phase
[164.555s][info][gc,phases      ] GC(711) Compaction Phase 0.923ms
[164.555s][info][gc,phases,start] GC(711) Post Compact
[164.555s][info][gc,phases      ] GC(711) Post Compact 0.322ms
[164.555s][info][gc,heap        ] GC(711) PSYoungGen: 96K(2446848K)->0K(2446848K) Eden: 0K(2097664K)->0K(2097664K) From: 96K(349184K)->0K(349184K)
[164.555s][info][gc,heap        ] GC(711) ParOldGen: 1153K(5592576K)->1156K(5592576K)
[164.555s][info][gc,metaspace   ] GC(711) Metaspace: 677K(960K)->677K(960K) NonClass: 617K(768K)->617K(768K) Class: 59K(192K)->59K(192K)
[164.556s][info][gc             ] GC(711) Pause Full (System.gc()) 1M->1M(7851M) 4.413ms
[164.556s][info][gc,cpu         ] GC(711) User=0.02s Sys=0.00s Real=0.01s
[165.008s][info][gc,start       ] GC(712) Pause Young (System.gc())
[165.013s][info][gc,heap        ] GC(712) PSYoungGen: 41953K(2446848K)->96K(2446848K) Eden: 41953K(2097664K)->0K(2097664K) From: 0K(349184K)->96K(349184K)
[165.013s][info][gc,heap        ] GC(712) ParOldGen: 1156K(5592576K)->1156K(5592576K)
[165.013s][info][gc,metaspace   ] GC(712) Metaspace: 682K(960K)->682K(960K) NonClass: 621K(768K)->621K(768K) Class: 61K(192K)->61K(192K)
[165.013s][info][gc             ] GC(712) Pause Young (System.gc()) 42M->1M(7851M) 5.666ms
[165.013s][info][gc,cpu         ] GC(712) User=0.00s Sys=0.00s Real=0.00s
[165.013s][info][gc,start       ] GC(713) Pause Full (System.gc())
[165.013s][info][gc,phases,start] GC(713) Marking Phase
[165.020s][info][gc,phases      ] GC(713) Marking Phase 6.834ms
[165.020s][info][gc,phases,start] GC(713) Summary Phase
[165.020s][info][gc,phases      ] GC(713) Summary Phase 0.021ms
[165.020s][info][gc,phases,start] GC(713) Adjust Roots
[165.026s][info][gc,phases      ] GC(713) Adjust Roots 6.054ms
[165.027s][info][gc,phases,start] GC(713) Compaction Phase
[165.030s][info][gc,phases      ] GC(713) Compaction Phase 3.907ms
[165.030s][info][gc,phases,start] GC(713) Post Compact
[165.031s][info][gc,phases      ] GC(713) Post Compact 0.542ms
[165.031s][info][gc,heap        ] GC(713) PSYoungGen: 96K(2446848K)->0K(2446848K) Eden: 0K(2097664K)->0K(2097664K) From: 96K(349184K)->0K(349184K)
[165.031s][info][gc,heap        ] GC(713) ParOldGen: 1156K(5592576K)->1154K(5592576K)
[165.031s][info][gc,metaspace   ] GC(713) Metaspace: 682K(960K)->677K(960K) NonClass: 621K(768K)->619K(768K) Class: 61K(192K)->58K(192K)
[165.031s][info][gc             ] GC(713) Pause Full (System.gc()) 1M->1M(7851M) 17.770ms
[165.031s][info][gc,cpu         ] GC(713) User=0.02s Sys=0.01s Real=0.02s
[165.485s][info][gc,start       ] GC(714) Pause Young (System.gc())
[165.487s][info][gc,heap        ] GC(714) PSYoungGen: 41953K(2446848K)->64K(2446848K) Eden: 41953K(2097664K)->0K(2097664K) From: 0K(349184K)->64K(349184K)
[165.487s][info][gc,heap        ] GC(714) ParOldGen: 1154K(5592576K)->1154K(5592576K)
[165.487s][info][gc,metaspace   ] GC(714) Metaspace: 682K(960K)->682K(960K) NonClass: 622K(768K)->622K(768K) Class: 60K(192K)->60K(192K)
[165.487s][info][gc             ] GC(714) Pause Young (System.gc()) 42M->1M(7851M) 2.270ms
[165.487s][info][gc,cpu         ] GC(714) User=0.00s Sys=0.00s Real=0.00s
[165.487s][info][gc,start       ] GC(715) Pause Full (System.gc())
[165.487s][info][gc,phases,start] GC(715) Marking Phase
[165.496s][info][gc,phases      ] GC(715) Marking Phase 8.844ms
[165.496s][info][gc,phases,start] GC(715) Summary Phase
[165.496s][info][gc,phases      ] GC(715) Summary Phase 0.018ms
[165.496s][info][gc,phases,start] GC(715) Adjust Roots
[165.498s][info][gc,phases      ] GC(715) Adjust Roots 2.631ms
[165.499s][info][gc,phases,start] GC(715) Compaction Phase
[165.509s][info][gc,phases      ] GC(715) Compaction Phase 10.232ms
[165.509s][info][gc,phases,start] GC(715) Post Compact
[165.510s][info][gc,phases      ] GC(715) Post Compact 0.738ms
[165.510s][info][gc,heap        ] GC(715) PSYoungGen: 64K(2446848K)->0K(2446848K) Eden: 0K(2097664K)->0K(2097664K) From: 64K(349184K)->0K(349184K)
[165.510s][info][gc,heap        ] GC(715) ParOldGen: 1154K(5592576K)->1156K(5592576K)
[165.510s][info][gc,metaspace   ] GC(715) Metaspace: 682K(960K)->681K(960K) NonClass: 622K(768K)->621K(768K) Class: 60K(192K)->59K(192K)
[165.510s][info][gc             ] GC(715) Pause Full (System.gc()) 1M->1M(7851M) 22.871ms
[165.510s][info][gc,cpu         ] GC(715) User=0.01s Sys=0.00s Real=0.02s
[165.963s][info][gc,start       ] GC(716) Pause Young (System.gc())
[165.963s][info][gc,heap        ] GC(716) PSYoungGen: 41953K(2446848K)->96K(2446848K) Eden: 41953K(2097664K)->0K(2097664K) From: 0K(349184K)->96K(349184K)
[165.963s][info][gc,heap        ] GC(716) ParOldGen: 1156K(5592576K)->1156K(5592576K)
[165.963s][info][gc,metaspace   ] GC(716) Metaspace: 686K(960K)->686K(960K) NonClass: 625K(768K)->625K(768K) Class: 61K(192K)->61K(192K)
[165.963s][info][gc             ] GC(716) Pause Young (System.gc()) 42M->1M(7851M) 0.619ms
[165.963s][info][gc,cpu         ] GC(716) User=0.00s Sys=0.00s Real=0.00s
[165.964s][info][gc,start       ] GC(717) Pause Full (System.gc())
[165.964s][info][gc,phases,start] GC(717) Marking Phase
[165.971s][info][gc,phases      ] GC(717) Marking Phase 7.624ms
[165.971s][info][gc,phases,start] GC(717) Summary Phase
[165.971s][info][gc,phases      ] GC(717) Summary Phase 0.018ms
[165.971s][info][gc,phases,start] GC(717) Adjust Roots
[165.973s][info][gc,phases      ] GC(717) Adjust Roots 1.940ms
[165.973s][info][gc,phases,start] GC(717) Compaction Phase
[165.976s][info][gc,phases      ] GC(717) Compaction Phase 3.076ms
[165.976s][info][gc,phases,start] GC(717) Post Compact
[165.978s][info][gc,phases      ] GC(717) Post Compact 1.290ms
[165.978s][info][gc,heap        ] GC(717) PSYoungGen: 96K(2446848K)->0K(2446848K) Eden: 0K(2097664K)->0K(2097664K) From: 96K(349184K)->0K(349184K)
[165.978s][info][gc,heap        ] GC(717) ParOldGen: 1156K(5592576K)->1150K(5592576K)
[165.978s][info][gc,metaspace   ] GC(717) Metaspace: 686K(960K)->667K(960K) NonClass: 625K(768K)->610K(768K) Class: 61K(192K)->57K(192K)
[165.978s][info][gc             ] GC(717) Pause Full (System.gc()) 1M->1M(7851M) 14.231ms
[165.978s][info][gc,cpu         ] GC(717) User=0.01s Sys=0.00s Real=0.01s
[166.441s][info][gc,start       ] GC(718) Pause Young (System.gc())
[166.441s][info][gc,heap        ] GC(718) PSYoungGen: 41953K(2446848K)->160K(2446848K) Eden: 41953K(2097664K)->0K(2097664K) From: 0K(349184K)->160K(349184K)
[166.441s][info][gc,heap        ] GC(718) ParOldGen: 1150K(5592576K)->1150K(5592576K)
[166.442s][info][gc,metaspace   ] GC(718) Metaspace: 672K(960K)->672K(960K) NonClass: 613K(768K)->613K(768K) Class: 58K(192K)->58K(192K)
[166.442s][info][gc             ] GC(718) Pause Young (System.gc()) 42M->1M(7851M) 0.587ms
[166.442s][info][gc,cpu         ] GC(718) User=0.00s Sys=0.00s Real=0.00s
[166.442s][info][gc,start       ] GC(719) Pause Full (System.gc())
[166.442s][info][gc,phases,start] GC(719) Marking Phase
[166.447s][info][gc,phases      ] GC(719) Marking Phase 4.907ms
[166.447s][info][gc,phases,start] GC(719) Summary Phase
[166.447s][info][gc,phases      ] GC(719) Summary Phase 0.014ms
[166.447s][info][gc,phases,start] GC(719) Adjust Roots
[166.448s][info][gc,phases      ] GC(719) Adjust Roots 1.200ms
[166.448s][info][gc,phases,start] GC(719) Compaction Phase
[166.450s][info][gc,phases      ] GC(719) Compaction Phase 2.079ms
[166.450s][info][gc,phases,start] GC(719) Post Compact
[166.451s][info][gc,phases      ] GC(719) Post Compact 0.574ms
[166.451s][info][gc,heap        ] GC(719) PSYoungGen: 160K(2446848K)->0K(2446848K) Eden: 0K(2097664K)->0K(2097664K) From: 160K(349184K)->0K(349184K)
[166.451s][info][gc,heap        ] GC(719) ParOldGen: 1150K(5592576K)->1151K(5592576K)
[166.451s][info][gc,metaspace   ] GC(719) Metaspace: 672K(960K)->669K(960K) NonClass: 613K(768K)->611K(768K) Class: 58K(192K)->57K(192K)
[166.451s][info][gc             ] GC(719) Pause Full (System.gc()) 1M->1M(7851M) 8.976ms
[166.451s][info][gc,cpu         ] GC(719) User=0.02s Sys=0.00s Real=0.01s
[166.907s][info][gc,start       ] GC(720) Pause Young (System.gc())
[166.907s][info][gc,heap        ] GC(720) PSYoungGen: 41953K(2446848K)->128K(2446848K) Eden: 41953K(2097664K)->0K(2097664K) From: 0K(349184K)->128K(349184K)
[166.907s][info][gc,heap        ] GC(720) ParOldGen: 1151K(5592576K)->1151K(5592576K)
[166.907s][info][gc,metaspace   ] GC(720) Metaspace: 674K(960K)->674K(960K) NonClass: 614K(768K)->614K(768K) Class: 59K(192K)->59K(192K)
[166.907s][info][gc             ] GC(720) Pause Young (System.gc()) 42M->1M(7851M) 0.441ms
[166.907s][info][gc,cpu         ] GC(720) User=0.00s Sys=0.00s Real=0.00s
[166.907s][info][gc,start       ] GC(721) Pause Full (System.gc())
[166.907s][info][gc,phases,start] GC(721) Marking Phase
[166.910s][info][gc,phases      ] GC(721) Marking Phase 3.051ms
[166.910s][info][gc,phases,start] GC(721) Summary Phase
[166.910s][info][gc,phases      ] GC(721) Summary Phase 0.019ms
[166.910s][info][gc,phases,start] GC(721) Adjust Roots
[166.911s][info][gc,phases      ] GC(721) Adjust Roots 0.681ms
[166.911s][info][gc,phases,start] GC(721) Compaction Phase
[166.912s][info][gc,phases      ] GC(721) Compaction Phase 1.215ms
[166.912s][info][gc,phases,start] GC(721) Post Compact
[166.913s][info][gc,phases      ] GC(721) Post Compact 0.513ms
[166.913s][info][gc,heap        ] GC(721) PSYoungGen: 128K(2446848K)->0K(2446848K) Eden: 0K(2097664K)->0K(2097664K) From: 128K(349184K)->0K(349184K)
[166.913s][info][gc,heap        ] GC(721) ParOldGen: 1151K(5592576K)->1153K(5592576K)
[166.913s][info][gc,metaspace   ] GC(721) Metaspace: 674K(960K)->673K(960K) NonClass: 614K(768K)->614K(768K) Class: 59K(192K)->59K(192K)
[166.913s][info][gc             ] GC(721) Pause Full (System.gc()) 1M->1M(7851M) 5.752ms
[166.913s][info][gc,cpu         ] GC(721) User=0.01s Sys=0.00s Real=0.00s
[167.367s][info][gc,start       ] GC(722) Pause Young (System.gc())
[167.367s][info][gc,heap        ] GC(722) PSYoungGen: 41953K(2446848K)->128K(2446848K) Eden: 41953K(2097664K)->0K(2097664K) From: 0K(349184K)->128K(349184K)
[167.367s][info][gc,heap        ] GC(722) ParOldGen: 1153K(5592576K)->1153K(5592576K)
[167.367s][info][gc,metaspace   ] GC(722) Metaspace: 678K(960K)->678K(960K) NonClass: 617K(768K)->617K(768K) Class: 60K(192K)->60K(192K)
[167.367s][info][gc             ] GC(722) Pause Young (System.gc()) 42M->1M(7851M) 0.664ms
[167.367s][info][gc,cpu         ] GC(722) User=0.00s Sys=0.01s Real=0.00s
[167.367s][info][gc,start       ] GC(723) Pause Full (System.gc())
[167.367s][info][gc,phases,start] GC(723) Marking Phase
[167.371s][info][gc,phases      ] GC(723) Marking Phase 3.463ms
[167.371s][info][gc,phases,start] GC(723) Summary Phase
[167.371s][info][gc,phases      ] GC(723) Summary Phase 0.024ms
[167.371s][info][gc,phases,start] GC(723) Adjust Roots
[167.372s][info][gc,phases      ] GC(723) Adjust Roots 0.778ms
[167.372s][info][gc,phases,start] GC(723) Compaction Phase
[167.373s][info][gc,phases      ] GC(723) Compaction Phase 1.068ms
[167.373s][info][gc,phases,start] GC(723) Post Compact
[167.373s][info][gc,phases      ] GC(723) Post Compact 0.492ms
[167.373s][info][gc,heap        ] GC(723) PSYoungGen: 128K(2446848K)->0K(2446848K) Eden: 0K(2097664K)->0K(2097664K) From: 128K(349184K)->0K(349184K)
[167.373s][info][gc,heap        ] GC(723) ParOldGen: 1153K(5592576K)->1156K(5592576K)
[167.373s][info][gc,metaspace   ] GC(723) Metaspace: 678K(960K)->678K(960K) NonClass: 617K(768K)->617K(768K) Class: 60K(192K)->60K(192K)
[167.373s][info][gc             ] GC(723) Pause Full (System.gc()) 1M->1M(7851M) 6.021ms
[167.373s][info][gc,cpu         ] GC(723) User=0.02s Sys=0.00s Real=0.01s
[167.826s][info][gc,start       ] GC(724) Pause Young (System.gc())
[167.826s][info][gc,heap        ] GC(724) PSYoungGen: 41953K(2446848K)->160K(2446848K) Eden: 41953K(2097664K)->0K(2097664K) From: 0K(349184K)->160K(349184K)
[167.826s][info][gc,heap        ] GC(724) ParOldGen: 1156K(5592576K)->1156K(5592576K)
[167.826s][info][gc,metaspace   ] GC(724) Metaspace: 683K(960K)->683K(960K) NonClass: 620K(768K)->620K(768K) Class: 62K(192K)->62K(192K)
[167.826s][info][gc             ] GC(724) Pause Young (System.gc()) 42M->1M(7851M) 0.474ms
[167.826s][info][gc,cpu         ] GC(724) User=0.00s Sys=0.00s Real=0.00s
[167.826s][info][gc,start       ] GC(725) Pause Full (System.gc())
[167.826s][info][gc,phases,start] GC(725) Marking Phase
[167.829s][info][gc,phases      ] GC(725) Marking Phase 2.522ms
[167.829s][info][gc,phases,start] GC(725) Summary Phase
[167.829s][info][gc,phases      ] GC(725) Summary Phase 0.026ms
[167.829s][info][gc,phases,start] GC(725) Adjust Roots
[167.830s][info][gc,phases      ] GC(725) Adjust Roots 0.680ms
[167.830s][info][gc,phases,start] GC(725) Compaction Phase
[167.831s][info][gc,phases      ] GC(725) Compaction Phase 1.215ms
[167.831s][info][gc,phases,start] GC(725) Post Compact
[167.831s][info][gc,phases      ] GC(725) Post Compact 0.515ms
[167.831s][info][gc,heap        ] GC(725) PSYoungGen: 160K(2446848K)->0K(2446848K) Eden: 0K(2097664K)->0K(2097664K) From: 160K(349184K)->0K(349184K)
[167.831s][info][gc,heap        ] GC(725) ParOldGen: 1156K(5592576K)->1159K(5592576K)
[167.831s][info][gc,metaspace   ] GC(725) Metaspace: 683K(960K)->683K(960K) NonClass: 620K(768K)->620K(768K) Class: 62K(192K)->62K(192K)
[167.832s][info][gc             ] GC(725) Pause Full (System.gc()) 1M->1M(7851M) 5.247ms
[167.832s][info][gc,cpu         ] GC(725) User=0.01s Sys=0.00s Real=0.00s
[168.284s][info][gc,start       ] GC(726) Pause Young (System.gc())
[168.284s][info][gc,heap        ] GC(726) PSYoungGen: 41953K(2446848K)->128K(2446848K) Eden: 41953K(2097664K)->0K(2097664K) From: 0K(349184K)->128K(349184K)
[168.284s][info][gc,heap        ] GC(726) ParOldGen: 1159K(5592576K)->1159K(5592576K)
[168.284s][info][gc,metaspace   ] GC(726) Metaspace: 688K(960K)->688K(960K) NonClass: 624K(768K)->624K(768K) Class: 64K(192K)->64K(192K)
[168.284s][info][gc             ] GC(726) Pause Young (System.gc()) 42M->1M(7851M) 0.455ms
[168.284s][info][gc,cpu         ] GC(726) User=0.00s Sys=0.00s Real=0.00s
[168.284s][info][gc,start       ] GC(727) Pause Full (System.gc())
[168.285s][info][gc,phases,start] GC(727) Marking Phase
[168.287s][info][gc,phases      ] GC(727) Marking Phase 2.072ms
[168.287s][info][gc,phases,start] GC(727) Summary Phase
[168.287s][info][gc,phases      ] GC(727) Summary Phase 0.015ms
[168.287s][info][gc,phases,start] GC(727) Adjust Roots
[168.287s][info][gc,phases      ] GC(727) Adjust Roots 0.644ms
[168.287s][info][gc,phases,start] GC(727) Compaction Phase
[168.289s][info][gc,phases      ] GC(727) Compaction Phase 1.398ms
[168.289s][info][gc,phases,start] GC(727) Post Compact
[168.289s][info][gc,phases      ] GC(727) Post Compact 0.488ms
[168.289s][info][gc,heap        ] GC(727) PSYoungGen: 128K(2446848K)->0K(2446848K) Eden: 0K(2097664K)->0K(2097664K) From: 128K(349184K)->0K(349184K)
[168.289s][info][gc,heap        ] GC(727) ParOldGen: 1159K(5592576K)->1161K(5592576K)
[168.289s][info][gc,metaspace   ] GC(727) Metaspace: 688K(960K)->688K(960K) NonClass: 624K(768K)->624K(768K) Class: 64K(192K)->64K(192K)
[168.289s][info][gc             ] GC(727) Pause Full (System.gc()) 1M->1M(7851M) 4.827ms
[168.289s][info][gc,cpu         ] GC(727) User=0.01s Sys=0.00s Real=0.00s
[168.744s][info][gc,start       ] GC(728) Pause Young (System.gc())
[168.744s][info][gc,heap        ] GC(728) PSYoungGen: 41953K(2446848K)->96K(2446848K) Eden: 41953K(2097664K)->0K(2097664K) From: 0K(349184K)->96K(349184K)
[168.744s][info][gc,heap        ] GC(728) ParOldGen: 1161K(5592576K)->1161K(5592576K)
[168.744s][info][gc,metaspace   ] GC(728) Metaspace: 693K(1024K)->693K(1024K) NonClass: 627K(832K)->627K(832K) Class: 65K(192K)->65K(192K)
[168.744s][info][gc             ] GC(728) Pause Young (System.gc()) 42M->1M(7851M) 0.486ms
[168.744s][info][gc,cpu         ] GC(728) User=0.00s Sys=0.00s Real=0.00s
[168.745s][info][gc,start       ] GC(729) Pause Full (System.gc())
[168.745s][info][gc,phases,start] GC(729) Marking Phase
[168.747s][info][gc,phases      ] GC(729) Marking Phase 2.723ms
[168.747s][info][gc,phases,start] GC(729) Summary Phase
[168.747s][info][gc,phases      ] GC(729) Summary Phase 0.022ms
[168.747s][info][gc,phases,start] GC(729) Adjust Roots
[168.748s][info][gc,phases      ] GC(729) Adjust Roots 0.850ms
[168.748s][info][gc,phases,start] GC(729) Compaction Phase
[168.750s][info][gc,phases      ] GC(729) Compaction Phase 1.560ms
[168.750s][info][gc,phases,start] GC(729) Post Compact
[168.751s][info][gc,phases      ] GC(729) Post Compact 0.608ms
[168.751s][info][gc,heap        ] GC(729) PSYoungGen: 96K(2446848K)->0K(2446848K) Eden: 0K(2097664K)->0K(2097664K) From: 96K(349184K)->0K(349184K)
[168.751s][info][gc,heap        ] GC(729) ParOldGen: 1161K(5592576K)->1164K(5592576K)
[168.751s][info][gc,metaspace   ] GC(729) Metaspace: 693K(1024K)->693K(1024K) NonClass: 627K(832K)->627K(832K) Class: 65K(192K)->65K(192K)
[168.751s][info][gc             ] GC(729) Pause Full (System.gc()) 1M->1M(7851M) 6.037ms
[168.751s][info][gc,cpu         ] GC(729) User=0.01s Sys=0.00s Real=0.00s
[169.206s][info][gc,start       ] GC(730) Pause Young (System.gc())
[169.207s][info][gc,heap        ] GC(730) PSYoungGen: 41953K(2446848K)->128K(2446848K) Eden: 41953K(2097664K)->0K(2097664K) From: 0K(349184K)->128K(349184K)
[169.207s][info][gc,heap        ] GC(730) ParOldGen: 1164K(5592576K)->1164K(5592576K)
[169.207s][info][gc,metaspace   ] GC(730) Metaspace: 698K(1024K)->698K(1024K) NonClass: 630K(832K)->630K(832K) Class: 67K(192K)->67K(192K)
[169.207s][info][gc             ] GC(730) Pause Young (System.gc()) 42M->1M(7851M) 0.608ms
[169.207s][info][gc,cpu         ] GC(730) User=0.00s Sys=0.00s Real=0.00s
[169.207s][info][gc,start       ] GC(731) Pause Full (System.gc())
[169.207s][info][gc,phases,start] GC(731) Marking Phase
[169.210s][info][gc,phases      ] GC(731) Marking Phase 2.773ms
[169.210s][info][gc,phases,start] GC(731) Summary Phase
[169.210s][info][gc,phases      ] GC(731) Summary Phase 0.017ms
[169.210s][info][gc,phases,start] GC(731) Adjust Roots
[169.210s][info][gc,phases      ] GC(731) Adjust Roots 0.673ms
[169.210s][info][gc,phases,start] GC(731) Compaction Phase
[169.212s][info][gc,phases      ] GC(731) Compaction Phase 1.046ms
[169.212s][info][gc,phases,start] GC(731) Post Compact
[169.212s][info][gc,phases      ] GC(731) Post Compact 0.492ms
[169.212s][info][gc,heap        ] GC(731) PSYoungGen: 128K(2446848K)->0K(2446848K) Eden: 0K(2097664K)->0K(2097664K) From: 128K(349184K)->0K(349184K)
[169.212s][info][gc,heap        ] GC(731) ParOldGen: 1164K(5592576K)->1167K(5592576K)
[169.212s][info][gc,metaspace   ] GC(731) Metaspace: 698K(1024K)->698K(1024K) NonClass: 630K(832K)->630K(832K) Class: 67K(192K)->67K(192K)
[169.212s][info][gc             ] GC(731) Pause Full (System.gc()) 1M->1M(7851M) 5.174ms
[169.212s][info][gc,cpu         ] GC(731) User=0.02s Sys=0.01s Real=0.00s
[169.669s][info][gc,start       ] GC(732) Pause Young (System.gc())
[169.670s][info][gc,heap        ] GC(732) PSYoungGen: 41953K(2446848K)->128K(2446848K) Eden: 41953K(2097664K)->0K(2097664K) From: 0K(349184K)->128K(349184K)
[169.670s][info][gc,heap        ] GC(732) ParOldGen: 1167K(5592576K)->1167K(5592576K)
[169.670s][info][gc,metaspace   ] GC(732) Metaspace: 703K(1024K)->703K(1024K) NonClass: 633K(832K)->633K(832K) Class: 69K(192K)->69K(192K)
[169.670s][info][gc             ] GC(732) Pause Young (System.gc()) 42M->1M(7851M) 0.710ms
[169.670s][info][gc,cpu         ] GC(732) User=0.00s Sys=0.00s Real=0.00s
[169.670s][info][gc,start       ] GC(733) Pause Full (System.gc())
[169.670s][info][gc,phases,start] GC(733) Marking Phase
[169.674s][info][gc,phases      ] GC(733) Marking Phase 3.844ms
[169.674s][info][gc,phases,start] GC(733) Summary Phase
[169.674s][info][gc,phases      ] GC(733) Summary Phase 0.032ms
[169.674s][info][gc,phases,start] GC(733) Adjust Roots
[169.675s][info][gc,phases      ] GC(733) Adjust Roots 1.128ms
[169.675s][info][gc,phases,start] GC(733) Compaction Phase
[169.678s][info][gc,phases      ] GC(733) Compaction Phase 2.326ms
[169.678s][info][gc,phases,start] GC(733) Post Compact
[169.678s][info][gc,phases      ] GC(733) Post Compact 0.839ms
[169.678s][info][gc,heap        ] GC(733) PSYoungGen: 128K(2446848K)->0K(2446848K) Eden: 0K(2097664K)->0K(2097664K) From: 128K(349184K)->0K(349184K)
[169.678s][info][gc,heap        ] GC(733) ParOldGen: 1167K(5592576K)->1170K(5592576K)
[169.678s][info][gc,metaspace   ] GC(733) Metaspace: 703K(1024K)->703K(1024K) NonClass: 633K(832K)->633K(832K) Class: 69K(192K)->69K(192K)
[169.679s][info][gc             ] GC(733) Pause Full (System.gc()) 1M->1M(7851M) 8.498ms
[169.679s][info][gc,cpu         ] GC(733) User=0.01s Sys=0.00s Real=0.01s
[170.136s][info][gc,start       ] GC(734) Pause Young (System.gc())
[170.136s][info][gc,heap        ] GC(734) PSYoungGen: 41953K(2446848K)->128K(2446848K) Eden: 41953K(2097664K)->0K(2097664K) From: 0K(349184K)->128K(349184K)
[170.137s][info][gc,heap        ] GC(734) ParOldGen: 1170K(5592576K)->1170K(5592576K)
[170.137s][info][gc,metaspace   ] GC(734) Metaspace: 708K(1024K)->708K(1024K) NonClass: 637K(832K)->637K(832K) Class: 71K(192K)->71K(192K)
[170.137s][info][gc             ] GC(734) Pause Young (System.gc()) 42M->1M(7851M) 0.670ms
[170.137s][info][gc,cpu         ] GC(734) User=0.00s Sys=0.00s Real=0.00s
[170.137s][info][gc,start       ] GC(735) Pause Full (System.gc())
[170.137s][info][gc,phases,start] GC(735) Marking Phase
[170.142s][info][gc,phases      ] GC(735) Marking Phase 5.129ms
[170.142s][info][gc,phases,start] GC(735) Summary Phase
[170.142s][info][gc,phases      ] GC(735) Summary Phase 0.026ms
[170.142s][info][gc,phases,start] GC(735) Adjust Roots
[170.143s][info][gc,phases      ] GC(735) Adjust Roots 1.111ms
[170.143s][info][gc,phases,start] GC(735) Compaction Phase
[170.145s][info][gc,phases      ] GC(735) Compaction Phase 2.137ms
[170.145s][info][gc,phases,start] GC(735) Post Compact
[170.146s][info][gc,phases      ] GC(735) Post Compact 0.938ms
[170.146s][info][gc,heap        ] GC(735) PSYoungGen: 128K(2446848K)->0K(2446848K) Eden: 0K(2097664K)->0K(2097664K) From: 128K(349184K)->0K(349184K)
[170.146s][info][gc,heap        ] GC(735) ParOldGen: 1170K(5592576K)->1159K(5592576K)
[170.146s][info][gc,metaspace   ] GC(735) Metaspace: 708K(1024K)->683K(1024K) NonClass: 637K(832K)->619K(832K) Class: 71K(192K)->63K(192K)
[170.146s][info][gc             ] GC(735) Pause Full (System.gc()) 1M->1M(7851M) 9.654ms
[170.146s][info][gc,cpu         ] GC(735) User=0.02s Sys=0.00s Real=0.01s
[170.603s][info][gc,start       ] GC(736) Pause Young (System.gc())
[170.604s][info][gc,heap        ] GC(736) PSYoungGen: 41953K(2446848K)->160K(2446848K) Eden: 41953K(2097664K)->0K(2097664K) From: 0K(349184K)->160K(349184K)
[170.604s][info][gc,heap        ] GC(736) ParOldGen: 1159K(5592576K)->1159K(5592576K)
[170.604s][info][gc,metaspace   ] GC(736) Metaspace: 688K(1024K)->688K(1024K) NonClass: 623K(832K)->623K(832K) Class: 65K(192K)->65K(192K)
[170.604s][info][gc             ] GC(736) Pause Young (System.gc()) 42M->1M(7851M) 0.622ms
[170.604s][info][gc,cpu         ] GC(736) User=0.00s Sys=0.00s Real=0.01s
[170.604s][info][gc,start       ] GC(737) Pause Full (System.gc())
[170.604s][info][gc,phases,start] GC(737) Marking Phase
[170.609s][info][gc,phases      ] GC(737) Marking Phase 4.656ms
[170.609s][info][gc,phases,start] GC(737) Summary Phase
[170.609s][info][gc,phases      ] GC(737) Summary Phase 0.028ms
[170.609s][info][gc,phases,start] GC(737) Adjust Roots
[170.610s][info][gc,phases      ] GC(737) Adjust Roots 1.086ms
[170.610s][info][gc,phases,start] GC(737) Compaction Phase
[170.612s][info][gc,phases      ] GC(737) Compaction Phase 2.155ms
[170.612s][info][gc,phases,start] GC(737) Post Compact
[170.613s][info][gc,phases      ] GC(737) Post Compact 0.862ms
[170.613s][info][gc,heap        ] GC(737) PSYoungGen: 160K(2446848K)->0K(2446848K) Eden: 0K(2097664K)->0K(2097664K) From: 160K(349184K)->0K(349184K)
[170.613s][info][gc,heap        ] GC(737) ParOldGen: 1159K(5592576K)->1160K(5592576K)
[170.613s][info][gc,metaspace   ] GC(737) Metaspace: 688K(1024K)->685K(1024K) NonClass: 623K(832K)->620K(832K) Class: 65K(192K)->64K(192K)
[170.613s][info][gc             ] GC(737) Pause Full (System.gc()) 1M->1M(7851M) 9.126ms
[170.613s][info][gc,cpu         ] GC(737) User=0.01s Sys=0.00s Real=0.00s
[171.069s][info][gc,start       ] GC(738) Pause Young (System.gc())
[171.069s][info][gc,heap        ] GC(738) PSYoungGen: 41953K(2446848K)->128K(2446848K) Eden: 41953K(2097664K)->0K(2097664K) From: 0K(349184K)->128K(349184K)
[171.069s][info][gc,heap        ] GC(738) ParOldGen: 1160K(5592576K)->1160K(5592576K)
[171.069s][info][gc,metaspace   ] GC(738) Metaspace: 690K(1024K)->690K(1024K) NonClass: 624K(832K)->624K(832K) Class: 66K(192K)->66K(192K)
[171.069s][info][gc             ] GC(738) Pause Young (System.gc()) 42M->1M(7851M) 0.508ms
[171.069s][info][gc,cpu         ] GC(738) User=0.00s Sys=0.00s Real=0.00s
[171.070s][info][gc,start       ] GC(739) Pause Full (System.gc())
[171.070s][info][gc,phases,start] GC(739) Marking Phase
[171.073s][info][gc,phases      ] GC(739) Marking Phase 3.499ms
[171.073s][info][gc,phases,start] GC(739) Summary Phase
[171.073s][info][gc,phases      ] GC(739) Summary Phase 0.027ms
[171.073s][info][gc,phases,start] GC(739) Adjust Roots
[171.074s][info][gc,phases      ] GC(739) Adjust Roots 1.042ms
[171.074s][info][gc,phases,start] GC(739) Compaction Phase
[171.076s][info][gc,phases      ] GC(739) Compaction Phase 1.940ms
[171.076s][info][gc,phases,start] GC(739) Post Compact
[171.077s][info][gc,phases      ] GC(739) Post Compact 0.586ms
[171.077s][info][gc,heap        ] GC(739) PSYoungGen: 128K(2446848K)->0K(2446848K) Eden: 0K(2097664K)->0K(2097664K) From: 128K(349184K)->0K(349184K)
[171.077s][info][gc,heap        ] GC(739) ParOldGen: 1160K(5592576K)->1162K(5592576K)
[171.077s][info][gc,metaspace   ] GC(739) Metaspace: 690K(1024K)->690K(1024K) NonClass: 624K(832K)->624K(832K) Class: 66K(192K)->66K(192K)
[171.077s][info][gc             ] GC(739) Pause Full (System.gc()) 1M->1M(7851M) 7.355ms
[171.077s][info][gc,cpu         ] GC(739) User=0.01s Sys=0.01s Real=0.01s
[171.531s][info][gc,start       ] GC(740) Pause Young (System.gc())
[171.532s][info][gc,heap        ] GC(740) PSYoungGen: 41953K(2446848K)->96K(2446848K) Eden: 41953K(2097664K)->0K(2097664K) From: 0K(349184K)->96K(349184K)
[171.532s][info][gc,heap        ] GC(740) ParOldGen: 1162K(5592576K)->1162K(5592576K)
[171.532s][info][gc,metaspace   ] GC(740) Metaspace: 695K(1024K)->695K(1024K) NonClass: 627K(832K)->627K(832K) Class: 67K(192K)->67K(192K)
[171.532s][info][gc             ] GC(740) Pause Young (System.gc()) 42M->1M(7851M) 0.441ms
[171.532s][info][gc,cpu         ] GC(740) User=0.00s Sys=0.00s Real=0.00s
[171.532s][info][gc,start       ] GC(741) Pause Full (System.gc())
[171.532s][info][gc,phases,start] GC(741) Marking Phase
[171.535s][info][gc,phases      ] GC(741) Marking Phase 3.404ms
[171.535s][info][gc,phases,start] GC(741) Summary Phase
[171.535s][info][gc,phases      ] GC(741) Summary Phase 0.019ms
[171.535s][info][gc,phases,start] GC(741) Adjust Roots
[171.536s][info][gc,phases      ] GC(741) Adjust Roots 0.660ms
[171.536s][info][gc,phases,start] GC(741) Compaction Phase
[171.537s][info][gc,phases      ] GC(741) Compaction Phase 1.493ms
[171.537s][info][gc,phases,start] GC(741) Post Compact
[171.539s][info][gc,phases      ] GC(741) Post Compact 1.085ms
[171.539s][info][gc,heap        ] GC(741) PSYoungGen: 96K(2446848K)->0K(2446848K) Eden: 0K(2097664K)->0K(2097664K) From: 96K(349184K)->0K(349184K)
[171.539s][info][gc,heap        ] GC(741) ParOldGen: 1162K(5592576K)->1124K(5592576K)
[171.539s][info][gc,metaspace   ] GC(741) Metaspace: 695K(1024K)->620K(1024K) NonClass: 627K(832K)->583K(832K) Class: 67K(192K)->36K(192K)
[171.539s][info][gc             ] GC(741) Pause Full (System.gc()) 1M->1M(7851M) 6.899ms
[171.539s][info][gc,cpu         ] GC(741) User=0.02s Sys=0.00s Real=0.01s
[171.991s][info][gc,start       ] GC(742) Pause Young (System.gc())
[171.992s][info][gc,heap        ] GC(742) PSYoungGen: 41953K(2446848K)->64K(2446848K) Eden: 41953K(2097664K)->0K(2097664K) From: 0K(349184K)->64K(349184K)
[171.992s][info][gc,heap        ] GC(742) ParOldGen: 1124K(5592576K)->1124K(5592576K)
[171.992s][info][gc,metaspace   ] GC(742) Metaspace: 625K(1024K)->625K(1024K) NonClass: 586K(832K)->586K(832K) Class: 38K(192K)->38K(192K)
[171.992s][info][gc             ] GC(742) Pause Young (System.gc()) 42M->1M(7851M) 0.739ms
[171.992s][info][gc,cpu         ] GC(742) User=0.00s Sys=0.00s Real=0.00s
[171.992s][info][gc,start       ] GC(743) Pause Full (System.gc())
[171.992s][info][gc,phases,start] GC(743) Marking Phase
[171.995s][info][gc,phases      ] GC(743) Marking Phase 3.426ms
[171.995s][info][gc,phases,start] GC(743) Summary Phase
[171.995s][info][gc,phases      ] GC(743) Summary Phase 0.019ms
[171.995s][info][gc,phases,start] GC(743) Adjust Roots
[171.996s][info][gc,phases      ] GC(743) Adjust Roots 0.774ms
[171.996s][info][gc,phases,start] GC(743) Compaction Phase
[171.998s][info][gc,phases      ] GC(743) Compaction Phase 1.532ms
[171.998s][info][gc,phases,start] GC(743) Post Compact
[171.998s][info][gc,phases      ] GC(743) Post Compact 0.699ms
[171.999s][info][gc,heap        ] GC(743) PSYoungGen: 64K(2446848K)->0K(2446848K) Eden: 0K(2097664K)->0K(2097664K) From: 64K(349184K)->0K(349184K)
[171.999s][info][gc,heap        ] GC(743) ParOldGen: 1124K(5592576K)->1125K(5592576K)
[171.999s][info][gc,metaspace   ] GC(743) Metaspace: 625K(1024K)->622K(960K) NonClass: 586K(832K)->585K(768K) Class: 38K(192K)->37K(192K)
[171.999s][info][gc             ] GC(743) Pause Full (System.gc()) 1M->1M(7851M) 6.748ms
[171.999s][info][gc,cpu         ] GC(743) User=0.01s Sys=0.00s Real=0.01s
[172.453s][info][gc,start       ] GC(744) Pause Young (System.gc())
[172.454s][info][gc,heap        ] GC(744) PSYoungGen: 41953K(2446848K)->96K(2446848K) Eden: 41953K(2097664K)->0K(2097664K) From: 0K(349184K)->96K(349184K)
[172.454s][info][gc,heap        ] GC(744) ParOldGen: 1125K(5592576K)->1125K(5592576K)
[172.454s][info][gc,metaspace   ] GC(744) Metaspace: 627K(960K)->627K(960K) NonClass: 588K(768K)->588K(768K) Class: 38K(192K)->38K(192K)
[172.454s][info][gc             ] GC(744) Pause Young (System.gc()) 42M->1M(7851M) 0.578ms
[172.454s][info][gc,cpu         ] GC(744) User=0.00s Sys=0.00s Real=0.01s
[172.454s][info][gc,start       ] GC(745) Pause Full (System.gc())
[172.454s][info][gc,phases,start] GC(745) Marking Phase
[172.456s][info][gc,phases      ] GC(745) Marking Phase 2.351ms
[172.457s][info][gc,phases,start] GC(745) Summary Phase
[172.457s][info][gc,phases      ] GC(745) Summary Phase 0.024ms
[172.457s][info][gc,phases,start] GC(745) Adjust Roots
[172.457s][info][gc,phases      ] GC(745) Adjust Roots 0.662ms
[172.457s][info][gc,phases,start] GC(745) Compaction Phase
[172.458s][info][gc,phases      ] GC(745) Compaction Phase 1.186ms
[172.459s][info][gc,phases,start] GC(745) Post Compact
[172.459s][info][gc,phases      ] GC(745) Post Compact 0.488ms
[172.459s][info][gc,heap        ] GC(745) PSYoungGen: 96K(2446848K)->0K(2446848K) Eden: 0K(2097664K)->0K(2097664K) From: 96K(349184K)->0K(349184K)
[172.459s][info][gc,heap        ] GC(745) ParOldGen: 1125K(5592576K)->1128K(5592576K)
[172.459s][info][gc,metaspace   ] GC(745) Metaspace: 627K(960K)->627K(960K) NonClass: 588K(768K)->588K(768K) Class: 38K(192K)->38K(192K)
[172.459s][info][gc             ] GC(745) Pause Full (System.gc()) 1M->1M(7851M) 5.008ms
[172.459s][info][gc,cpu         ] GC(745) User=0.01s Sys=0.00s Real=0.00s
[172.916s][info][gc,start       ] GC(746) Pause Young (System.gc())
[172.917s][info][gc,heap        ] GC(746) PSYoungGen: 41953K(2446848K)->96K(2446848K) Eden: 41953K(2097664K)->0K(2097664K) From: 0K(349184K)->96K(349184K)
[172.917s][info][gc,heap        ] GC(746) ParOldGen: 1128K(5592576K)->1128K(5592576K)
[172.917s][info][gc,metaspace   ] GC(746) Metaspace: 632K(960K)->632K(960K) NonClass: 592K(768K)->592K(768K) Class: 40K(192K)->40K(192K)
[172.917s][info][gc             ] GC(746) Pause Young (System.gc()) 42M->1M(7851M) 0.643ms
[172.917s][info][gc,cpu         ] GC(746) User=0.00s Sys=0.00s Real=0.00s
[172.917s][info][gc,start       ] GC(747) Pause Full (System.gc())
[172.917s][info][gc,phases,start] GC(747) Marking Phase
[172.923s][info][gc,phases      ] GC(747) Marking Phase 5.484ms
[172.923s][info][gc,phases,start] GC(747) Summary Phase
[172.923s][info][gc,phases      ] GC(747) Summary Phase 0.031ms
[172.923s][info][gc,phases,start] GC(747) Adjust Roots
[172.924s][info][gc,phases      ] GC(747) Adjust Roots 0.835ms
[172.924s][info][gc,phases,start] GC(747) Compaction Phase
[172.926s][info][gc,phases      ] GC(747) Compaction Phase 2.115ms
[172.926s][info][gc,phases,start] GC(747) Post Compact
[172.927s][info][gc,phases      ] GC(747) Post Compact 0.895ms
[172.927s][info][gc,heap        ] GC(747) PSYoungGen: 96K(2446848K)->0K(2446848K) Eden: 0K(2097664K)->0K(2097664K) From: 96K(349184K)->0K(349184K)
[172.927s][info][gc,heap        ] GC(747) ParOldGen: 1128K(5592576K)->1127K(5592576K)
[172.927s][info][gc,metaspace   ] GC(747) Metaspace: 632K(960K)->627K(960K) NonClass: 592K(768K)->589K(768K) Class: 40K(192K)->38K(192K)
[172.927s][info][gc             ] GC(747) Pause Full (System.gc()) 1M->1M(7851M) 9.787ms
[172.927s][info][gc,cpu         ] GC(747) User=0.02s Sys=0.01s Real=0.01s
[173.380s][info][gc,start       ] GC(748) Pause Young (System.gc())
[173.380s][info][gc,heap        ] GC(748) PSYoungGen: 41953K(2446848K)->192K(2446848K) Eden: 41953K(2097664K)->0K(2097664K) From: 0K(349184K)->192K(349184K)
[173.380s][info][gc,heap        ] GC(748) ParOldGen: 1127K(5592576K)->1127K(5592576K)
[173.380s][info][gc,metaspace   ] GC(748) Metaspace: 632K(960K)->632K(960K) NonClass: 592K(768K)->592K(768K) Class: 39K(192K)->39K(192K)
[173.380s][info][gc             ] GC(748) Pause Young (System.gc()) 42M->1M(7851M) 0.579ms
[173.380s][info][gc,cpu         ] GC(748) User=0.00s Sys=0.00s Real=0.00s
[173.380s][info][gc,start       ] GC(749) Pause Full (System.gc())
[173.380s][info][gc,phases,start] GC(749) Marking Phase
[173.385s][info][gc,phases      ] GC(749) Marking Phase 4.793ms
[173.385s][info][gc,phases,start] GC(749) Summary Phase
[173.385s][info][gc,phases      ] GC(749) Summary Phase 0.032ms
[173.385s][info][gc,phases,start] GC(749) Adjust Roots
[173.387s][info][gc,phases      ] GC(749) Adjust Roots 1.165ms
[173.387s][info][gc,phases,start] GC(749) Compaction Phase
[173.389s][info][gc,phases      ] GC(749) Compaction Phase 2.439ms
[173.389s][info][gc,phases,start] GC(749) Post Compact
[173.390s][info][gc,phases      ] GC(749) Post Compact 0.645ms
[173.390s][info][gc,heap        ] GC(749) PSYoungGen: 192K(2446848K)->0K(2446848K) Eden: 0K(2097664K)->0K(2097664K) From: 192K(349184K)->0K(349184K)
[173.390s][info][gc,heap        ] GC(749) ParOldGen: 1127K(5592576K)->1128K(5592576K)
[173.390s][info][gc,metaspace   ] GC(749) Metaspace: 632K(960K)->629K(960K) NonClass: 592K(768K)->590K(768K) Class: 39K(192K)->38K(192K)
[173.390s][info][gc             ] GC(749) Pause Full (System.gc()) 1M->1M(7851M) 9.479ms
[173.390s][info][gc,cpu         ] GC(749) User=0.02s Sys=0.00s Real=0.01s
[173.844s][info][gc,start       ] GC(750) Pause Young (System.gc())
[173.845s][info][gc,heap        ] GC(750) PSYoungGen: 41953K(2446848K)->160K(2446848K) Eden: 41953K(2097664K)->0K(2097664K) From: 0K(349184K)->160K(349184K)
[173.845s][info][gc,heap        ] GC(750) ParOldGen: 1128K(5592576K)->1128K(5592576K)
[173.845s][info][gc,metaspace   ] GC(750) Metaspace: 634K(960K)->634K(960K) NonClass: 594K(768K)->594K(768K) Class: 40K(192K)->40K(192K)
[173.845s][info][gc             ] GC(750) Pause Young (System.gc()) 42M->1M(7851M) 0.643ms
[173.845s][info][gc,cpu         ] GC(750) User=0.00s Sys=0.00s Real=0.00s
[173.845s][info][gc,start       ] GC(751) Pause Full (System.gc())
[173.845s][info][gc,phases,start] GC(751) Marking Phase
[173.849s][info][gc,phases      ] GC(751) Marking Phase 4.637ms
[173.850s][info][gc,phases,start] GC(751) Summary Phase
[173.850s][info][gc,phases      ] GC(751) Summary Phase 0.026ms
[173.850s][info][gc,phases,start] GC(751) Adjust Roots
[173.851s][info][gc,phases      ] GC(751) Adjust Roots 1.024ms
[173.851s][info][gc,phases,start] GC(751) Compaction Phase
[173.852s][info][gc,phases      ] GC(751) Compaction Phase 1.821ms
[173.852s][info][gc,phases,start] GC(751) Post Compact
[173.853s][info][gc,phases      ] GC(751) Post Compact 0.625ms
[173.853s][info][gc,heap        ] GC(751) PSYoungGen: 160K(2446848K)->0K(2446848K) Eden: 0K(2097664K)->0K(2097664K) From: 160K(349184K)->0K(349184K)
[173.853s][info][gc,heap        ] GC(751) ParOldGen: 1128K(5592576K)->1130K(5592576K)
[173.853s][info][gc,metaspace   ] GC(751) Metaspace: 634K(960K)->633K(960K) NonClass: 594K(768K)->593K(768K) Class: 40K(192K)->39K(192K)
[173.853s][info][gc             ] GC(751) Pause Full (System.gc()) 1M->1M(7851M) 8.410ms
[173.853s][info][gc,cpu         ] GC(751) User=0.01s Sys=0.00s Real=0.00s
[174.311s][info][gc,start       ] GC(752) Pause Young (System.gc())
[174.311s][info][gc,heap        ] GC(752) PSYoungGen: 41953K(2446848K)->160K(2446848K) Eden: 41953K(2097664K)->0K(2097664K) From: 0K(349184K)->160K(349184K)
[174.311s][info][gc,heap        ] GC(752) ParOldGen: 1130K(5592576K)->1130K(5592576K)
[174.311s][info][gc,metaspace   ] GC(752) Metaspace: 638K(960K)->638K(960K) NonClass: 596K(768K)->596K(768K) Class: 41K(192K)->41K(192K)
[174.311s][info][gc             ] GC(752) Pause Young (System.gc()) 42M->1M(7851M) 0.599ms
[174.311s][info][gc,cpu         ] GC(752) User=0.00s Sys=0.00s Real=0.00s
[174.311s][info][gc,start       ] GC(753) Pause Full (System.gc())
[174.311s][info][gc,phases,start] GC(753) Marking Phase
[174.317s][info][gc,phases      ] GC(753) Marking Phase 5.339ms
[174.319s][info][gc,phases,start] GC(753) Summary Phase
[174.319s][info][gc,phases      ] GC(753) Summary Phase 0.047ms
[174.319s][info][gc,phases,start] GC(753) Adjust Roots
[174.320s][info][gc,phases      ] GC(753) Adjust Roots 1.151ms
[174.320s][info][gc,phases,start] GC(753) Compaction Phase
[174.322s][info][gc,phases      ] GC(753) Compaction Phase 2.388ms
[174.322s][info][gc,phases,start] GC(753) Post Compact
[174.323s][info][gc,phases      ] GC(753) Post Compact 0.872ms
[174.323s][info][gc,heap        ] GC(753) PSYoungGen: 160K(2446848K)->0K(2446848K) Eden: 0K(2097664K)->0K(2097664K) From: 160K(349184K)->0K(349184K)
[174.323s][info][gc,heap        ] GC(753) ParOldGen: 1130K(5592576K)->1131K(5592576K)
[174.323s][info][gc,metaspace   ] GC(753) Metaspace: 638K(960K)->637K(960K) NonClass: 596K(768K)->596K(768K) Class: 41K(192K)->40K(192K)
[174.323s][info][gc             ] GC(753) Pause Full (System.gc()) 1M->1M(7851M) 12.147ms
[174.323s][info][gc,cpu         ] GC(753) User=0.02s Sys=0.00s Real=0.02s
[174.779s][info][gc,start       ] GC(754) Pause Young (System.gc())
[174.779s][info][gc,heap        ] GC(754) PSYoungGen: 41953K(2446848K)->128K(2446848K) Eden: 41953K(2097664K)->0K(2097664K) From: 0K(349184K)->128K(349184K)
[174.779s][info][gc,heap        ] GC(754) ParOldGen: 1131K(5592576K)->1131K(5592576K)
[174.780s][info][gc,metaspace   ] GC(754) Metaspace: 642K(960K)->642K(960K) NonClass: 599K(768K)->599K(768K) Class: 42K(192K)->42K(192K)
[174.780s][info][gc             ] GC(754) Pause Young (System.gc()) 42M->1M(7851M) 0.309ms
[174.780s][info][gc,cpu         ] GC(754) User=0.00s Sys=0.00s Real=0.00s
[174.780s][info][gc,start       ] GC(755) Pause Full (System.gc())
[174.780s][info][gc,phases,start] GC(755) Marking Phase
[174.782s][info][gc,phases      ] GC(755) Marking Phase 2.896ms
[174.783s][info][gc,phases,start] GC(755) Summary Phase
[174.783s][info][gc,phases      ] GC(755) Summary Phase 0.020ms
[174.783s][info][gc,phases,start] GC(755) Adjust Roots
[174.783s][info][gc,phases      ] GC(755) Adjust Roots 0.566ms
[174.783s][info][gc,phases,start] GC(755) Compaction Phase
[174.784s][info][gc,phases      ] GC(755) Compaction Phase 1.035ms
[174.784s][info][gc,phases,start] GC(755) Post Compact
[174.785s][info][gc,phases      ] GC(755) Post Compact 0.550ms
[174.785s][info][gc,heap        ] GC(755) PSYoungGen: 128K(2446848K)->0K(2446848K) Eden: 0K(2097664K)->0K(2097664K) From: 128K(349184K)->0K(349184K)
[174.785s][info][gc,heap        ] GC(755) ParOldGen: 1131K(5592576K)->1133K(5592576K)
[174.785s][info][gc,metaspace   ] GC(755) Metaspace: 642K(960K)->641K(960K) NonClass: 599K(768K)->599K(768K) Class: 42K(192K)->42K(192K)
[174.785s][info][gc             ] GC(755) Pause Full (System.gc()) 1M->1M(7851M) 5.262ms
[174.785s][info][gc,cpu         ] GC(755) User=0.01s Sys=0.01s Real=0.01s
[175.238s][info][gc,start       ] GC(756) Pause Young (System.gc())
[175.239s][info][gc,heap        ] GC(756) PSYoungGen: 41953K(2446848K)->128K(2446848K) Eden: 41953K(2097664K)->0K(2097664K) From: 0K(349184K)->128K(349184K)
[175.239s][info][gc,heap        ] GC(756) ParOldGen: 1133K(5592576K)->1133K(5592576K)
[175.239s][info][gc,metaspace   ] GC(756) Metaspace: 646K(960K)->646K(960K) NonClass: 602K(768K)->602K(768K) Class: 43K(192K)->43K(192K)
[175.239s][info][gc             ] GC(756) Pause Young (System.gc()) 42M->1M(7851M) 0.661ms
[175.239s][info][gc,cpu         ] GC(756) User=0.00s Sys=0.00s Real=0.00s
[175.239s][info][gc,start       ] GC(757) Pause Full (System.gc())
[175.239s][info][gc,phases,start] GC(757) Marking Phase
[175.242s][info][gc,phases      ] GC(757) Marking Phase 3.374ms
[175.242s][info][gc,phases,start] GC(757) Summary Phase
[175.242s][info][gc,phases      ] GC(757) Summary Phase 0.023ms
[175.243s][info][gc,phases,start] GC(757) Adjust Roots
[175.244s][info][gc,phases      ] GC(757) Adjust Roots 1.056ms
[175.244s][info][gc,phases,start] GC(757) Compaction Phase
[175.246s][info][gc,phases      ] GC(757) Compaction Phase 2.185ms
[175.246s][info][gc,phases,start] GC(757) Post Compact
[175.247s][info][gc,phases      ] GC(757) Post Compact 0.865ms
[175.247s][info][gc,heap        ] GC(757) PSYoungGen: 128K(2446848K)->0K(2446848K) Eden: 0K(2097664K)->0K(2097664K) From: 128K(349184K)->0K(349184K)
[175.247s][info][gc,heap        ] GC(757) ParOldGen: 1133K(5592576K)->1136K(5592576K)
[175.247s][info][gc,metaspace   ] GC(757) Metaspace: 646K(960K)->646K(960K) NonClass: 602K(768K)->602K(768K) Class: 43K(192K)->43K(192K)
[175.247s][info][gc             ] GC(757) Pause Full (System.gc()) 1M->1M(7851M) 7.789ms
[175.247s][info][gc,cpu         ] GC(757) User=0.02s Sys=0.00s Real=0.01s
[175.700s][info][gc,start       ] GC(758) Pause Young (System.gc())
[175.701s][info][gc,heap        ] GC(758) PSYoungGen: 41953K(2446848K)->160K(2446848K) Eden: 41953K(2097664K)->0K(2097664K) From: 0K(349184K)->160K(349184K)
[175.701s][info][gc,heap        ] GC(758) ParOldGen: 1136K(5592576K)->1136K(5592576K)
[175.701s][info][gc,metaspace   ] GC(758) Metaspace: 651K(960K)->651K(960K) NonClass: 605K(768K)->605K(768K) Class: 45K(192K)->45K(192K)
[175.701s][info][gc             ] GC(758) Pause Young (System.gc()) 42M->1M(7851M) 0.718ms
[175.701s][info][gc,cpu         ] GC(758) User=0.00s Sys=0.00s Real=0.00s
[175.701s][info][gc,start       ] GC(759) Pause Full (System.gc())
[175.701s][info][gc,phases,start] GC(759) Marking Phase
[175.706s][info][gc,phases      ] GC(759) Marking Phase 4.732ms
[175.706s][info][gc,phases,start] GC(759) Summary Phase
[175.706s][info][gc,phases      ] GC(759) Summary Phase 0.024ms
[175.706s][info][gc,phases,start] GC(759) Adjust Roots
[175.707s][info][gc,phases      ] GC(759) Adjust Roots 1.093ms
[175.707s][info][gc,phases,start] GC(759) Compaction Phase
[175.709s][info][gc,phases      ] GC(759) Compaction Phase 1.841ms
[175.709s][info][gc,phases,start] GC(759) Post Compact
[175.710s][info][gc,phases      ] GC(759) Post Compact 0.649ms
[175.710s][info][gc,heap        ] GC(759) PSYoungGen: 160K(2446848K)->0K(2446848K) Eden: 0K(2097664K)->0K(2097664K) From: 160K(349184K)->0K(349184K)
[175.710s][info][gc,heap        ] GC(759) ParOldGen: 1136K(5592576K)->1137K(5592576K)
[175.710s][info][gc,metaspace   ] GC(759) Metaspace: 651K(960K)->649K(960K) NonClass: 605K(768K)->605K(768K) Class: 45K(192K)->44K(192K)
[175.710s][info][gc             ] GC(759) Pause Full (System.gc()) 1M->1M(7851M) 8.627ms
[175.710s][info][gc,cpu         ] GC(759) User=0.02s Sys=0.00s Real=0.01s
[176.165s][info][gc,start       ] GC(760) Pause Young (System.gc())
[176.166s][info][gc,heap        ] GC(760) PSYoungGen: 41953K(2446848K)->192K(2446848K) Eden: 41953K(2097664K)->0K(2097664K) From: 0K(349184K)->192K(349184K)
[176.166s][info][gc,heap        ] GC(760) ParOldGen: 1137K(5592576K)->1137K(5592576K)
[176.166s][info][gc,metaspace   ] GC(760) Metaspace: 654K(960K)->654K(960K) NonClass: 608K(768K)->608K(768K) Class: 46K(192K)->46K(192K)
[176.166s][info][gc             ] GC(760) Pause Young (System.gc()) 42M->1M(7851M) 0.619ms
[176.166s][info][gc,cpu         ] GC(760) User=0.00s Sys=0.00s Real=0.00s
[176.166s][info][gc,start       ] GC(761) Pause Full (System.gc())
[176.166s][info][gc,phases,start] GC(761) Marking Phase
[176.171s][info][gc,phases      ] GC(761) Marking Phase 4.817ms
[176.171s][info][gc,phases,start] GC(761) Summary Phase
[176.171s][info][gc,phases      ] GC(761) Summary Phase 0.029ms
[176.171s][info][gc,phases,start] GC(761) Adjust Roots
[176.172s][info][gc,phases      ] GC(761) Adjust Roots 1.072ms
[176.172s][info][gc,phases,start] GC(761) Compaction Phase
[176.174s][info][gc,phases      ] GC(761) Compaction Phase 2.132ms
[176.174s][info][gc,phases,start] GC(761) Post Compact
[176.175s][info][gc,phases      ] GC(761) Post Compact 0.955ms
[176.175s][info][gc,heap        ] GC(761) PSYoungGen: 192K(2446848K)->0K(2446848K) Eden: 0K(2097664K)->0K(2097664K) From: 192K(349184K)->0K(349184K)
[176.175s][info][gc,heap        ] GC(761) ParOldGen: 1137K(5592576K)->1133K(5592576K)
[176.175s][info][gc,metaspace   ] GC(761) Metaspace: 654K(960K)->643K(960K) NonClass: 608K(768K)->601K(768K) Class: 46K(192K)->41K(192K)
[176.175s][info][gc             ] GC(761) Pause Full (System.gc()) 1M->1M(7851M) 9.330ms
[176.176s][info][gc,cpu         ] GC(761) User=0.02s Sys=0.00s Real=0.01s
[176.632s][info][gc,start       ] GC(762) Pause Young (System.gc())
[176.632s][info][gc,heap        ] GC(762) PSYoungGen: 41953K(2446848K)->192K(2446848K) Eden: 41953K(2097664K)->0K(2097664K) From: 0K(349184K)->192K(349184K)
[176.632s][info][gc,heap        ] GC(762) ParOldGen: 1133K(5592576K)->1133K(5592576K)
[176.632s][info][gc,metaspace   ] GC(762) Metaspace: 648K(960K)->648K(960K) NonClass: 604K(768K)->604K(768K) Class: 43K(192K)->43K(192K)
[176.632s][info][gc             ] GC(762) Pause Young (System.gc()) 42M->1M(7851M) 0.612ms
[176.632s][info][gc,cpu         ] GC(762) User=0.00s Sys=0.00s Real=0.00s
[176.632s][info][gc,start       ] GC(763) Pause Full (System.gc())
[176.632s][info][gc,phases,start] GC(763) Marking Phase
[176.637s][info][gc,phases      ] GC(763) Marking Phase 4.904ms
[176.637s][info][gc,phases,start] GC(763) Summary Phase
[176.637s][info][gc,phases      ] GC(763) Summary Phase 0.033ms
[176.637s][info][gc,phases,start] GC(763) Adjust Roots
[176.639s][info][gc,phases      ] GC(763) Adjust Roots 1.066ms
[176.639s][info][gc,phases,start] GC(763) Compaction Phase
[176.641s][info][gc,phases      ] GC(763) Compaction Phase 2.135ms
[176.641s][info][gc,phases,start] GC(763) Post Compact
[176.641s][info][gc,phases      ] GC(763) Post Compact 0.635ms
[176.641s][info][gc,heap        ] GC(763) PSYoungGen: 192K(2446848K)->0K(2446848K) Eden: 0K(2097664K)->0K(2097664K) From: 192K(349184K)->0K(349184K)
[176.641s][info][gc,heap        ] GC(763) ParOldGen: 1133K(5592576K)->1134K(5592576K)
[176.641s][info][gc,metaspace   ] GC(763) Metaspace: 648K(960K)->645K(960K) NonClass: 604K(768K)->603K(768K) Class: 43K(192K)->42K(192K)
[176.642s][info][gc             ] GC(763) Pause Full (System.gc()) 1M->1M(7851M) 9.133ms
[176.642s][info][gc,cpu         ] GC(763) User=0.01s Sys=0.00s Real=0.01s
[177.099s][info][gc,start       ] GC(764) Pause Young (System.gc())
[177.099s][info][gc,heap        ] GC(764) PSYoungGen: 41953K(2446848K)->160K(2446848K) Eden: 41953K(2097664K)->0K(2097664K) From: 0K(349184K)->160K(349184K)
[177.099s][info][gc,heap        ] GC(764) ParOldGen: 1134K(5592576K)->1134K(5592576K)
[177.099s][info][gc,metaspace   ] GC(764) Metaspace: 650K(960K)->650K(960K) NonClass: 606K(768K)->606K(768K) Class: 43K(192K)->43K(192K)
[177.099s][info][gc             ] GC(764) Pause Young (System.gc()) 42M->1M(7851M) 0.599ms
[177.099s][info][gc,cpu         ] GC(764) User=0.00s Sys=0.00s Real=0.00s
[177.099s][info][gc,start       ] GC(765) Pause Full (System.gc())
[177.100s][info][gc,phases,start] GC(765) Marking Phase
[177.104s][info][gc,phases      ] GC(765) Marking Phase 4.873ms
[177.104s][info][gc,phases,start] GC(765) Summary Phase
[177.104s][info][gc,phases      ] GC(765) Summary Phase 0.030ms
[177.105s][info][gc,phases,start] GC(765) Adjust Roots
[177.106s][info][gc,phases      ] GC(765) Adjust Roots 1.085ms
[177.106s][info][gc,phases,start] GC(765) Compaction Phase
[177.108s][info][gc,phases      ] GC(765) Compaction Phase 2.158ms
[177.108s][info][gc,phases,start] GC(765) Post Compact
[177.109s][info][gc,phases      ] GC(765) Post Compact 1.139ms
[177.109s][info][gc,heap        ] GC(765) PSYoungGen: 160K(2446848K)->0K(2446848K) Eden: 0K(2097664K)->0K(2097664K) From: 160K(349184K)->0K(349184K)
[177.109s][info][gc,heap        ] GC(765) ParOldGen: 1134K(5592576K)->1123K(5592576K)
[177.109s][info][gc,metaspace   ] GC(765) Metaspace: 650K(960K)->617K(960K) NonClass: 606K(768K)->581K(768K) Class: 43K(192K)->36K(192K)
[177.109s][info][gc             ] GC(765) Pause Full (System.gc()) 1M->1M(7851M) 9.606ms
[177.109s][info][gc,cpu         ] GC(765) User=0.01s Sys=0.00s Real=0.01s
[177.562s][info][gc,start       ] GC(766) Pause Young (System.gc())
[177.563s][info][gc,heap        ] GC(766) PSYoungGen: 41953K(2446848K)->128K(2446848K) Eden: 41953K(2097664K)->0K(2097664K) From: 0K(349184K)->128K(349184K)
[177.563s][info][gc,heap        ] GC(766) ParOldGen: 1123K(5592576K)->1123K(5592576K)
[177.563s][info][gc,metaspace   ] GC(766) Metaspace: 623K(960K)->623K(960K) NonClass: 585K(768K)->585K(768K) Class: 37K(192K)->37K(192K)
[177.563s][info][gc             ] GC(766) Pause Young (System.gc()) 42M->1M(7851M) 0.509ms
[177.563s][info][gc,cpu         ] GC(766) User=0.00s Sys=0.00s Real=0.00s
[177.563s][info][gc,start       ] GC(767) Pause Full (System.gc())
[177.563s][info][gc,phases,start] GC(767) Marking Phase
[177.566s][info][gc,phases      ] GC(767) Marking Phase 3.431ms
[177.566s][info][gc,phases,start] GC(767) Summary Phase
[177.566s][info][gc,phases      ] GC(767) Summary Phase 0.016ms
[177.566s][info][gc,phases,start] GC(767) Adjust Roots
[177.567s][info][gc,phases      ] GC(767) Adjust Roots 0.825ms
[177.567s][info][gc,phases,start] GC(767) Compaction Phase
[177.568s][info][gc,phases      ] GC(767) Compaction Phase 1.076ms
[177.568s][info][gc,phases,start] GC(767) Post Compact
[177.569s][info][gc,phases      ] GC(767) Post Compact 0.518ms
[177.569s][info][gc,heap        ] GC(767) PSYoungGen: 128K(2446848K)->0K(2446848K) Eden: 0K(2097664K)->0K(2097664K) From: 128K(349184K)->0K(349184K)
[177.569s][info][gc,heap        ] GC(767) ParOldGen: 1123K(5592576K)->1124K(5592576K)
[177.569s][info][gc,metaspace   ] GC(767) Metaspace: 623K(960K)->619K(960K) NonClass: 585K(768K)->582K(768K) Class: 37K(192K)->36K(192K)
[177.569s][info][gc             ] GC(767) Pause Full (System.gc()) 1M->1M(7851M) 6.074ms
[177.569s][info][gc,cpu         ] GC(767) User=0.01s Sys=0.00s Real=0.01s
[178.024s][info][gc,start       ] GC(768) Pause Young (System.gc())
[178.024s][info][gc,heap        ] GC(768) PSYoungGen: 41953K(2446848K)->128K(2446848K) Eden: 41953K(2097664K)->0K(2097664K) From: 0K(349184K)->128K(349184K)
[178.024s][info][gc,heap        ] GC(768) ParOldGen: 1124K(5592576K)->1124K(5592576K)
[178.024s][info][gc,metaspace   ] GC(768) Metaspace: 628K(1024K)->628K(1024K) NonClass: 589K(832K)->589K(832K) Class: 38K(192K)->38K(192K)
[178.024s][info][gc             ] GC(768) Pause Young (System.gc()) 42M->1M(7851M) 0.690ms
[178.024s][info][gc,cpu         ] GC(768) User=0.00s Sys=0.00s Real=0.00s
[178.025s][info][gc,start       ] GC(769) Pause Full (System.gc())
[178.025s][info][gc,phases,start] GC(769) Marking Phase
[178.029s][info][gc,phases      ] GC(769) Marking Phase 4.131ms
[178.029s][info][gc,phases,start] GC(769) Summary Phase
[178.029s][info][gc,phases      ] GC(769) Summary Phase 0.038ms
[178.029s][info][gc,phases,start] GC(769) Adjust Roots
[178.030s][info][gc,phases      ] GC(769) Adjust Roots 1.055ms
[178.030s][info][gc,phases,start] GC(769) Compaction Phase
[178.032s][info][gc,phases      ] GC(769) Compaction Phase 2.216ms
[178.032s][info][gc,phases,start] GC(769) Post Compact
[178.033s][info][gc,phases      ] GC(769) Post Compact 0.905ms
[178.033s][info][gc,heap        ] GC(769) PSYoungGen: 128K(2446848K)->0K(2446848K) Eden: 0K(2097664K)->0K(2097664K) From: 128K(349184K)->0K(349184K)
[178.033s][info][gc,heap        ] GC(769) ParOldGen: 1124K(5592576K)->1127K(5592576K)
[178.033s][info][gc,metaspace   ] GC(769) Metaspace: 628K(1024K)->628K(1024K) NonClass: 589K(832K)->589K(832K) Class: 38K(192K)->38K(192K)
[178.033s][info][gc             ] GC(769) Pause Full (System.gc()) 1M->1M(7851M) 8.791ms
[178.033s][info][gc,cpu         ] GC(769) User=0.02s Sys=0.01s Real=0.01s
[178.488s][info][gc,start       ] GC(770) Pause Young (System.gc())
[178.488s][info][gc,heap        ] GC(770) PSYoungGen: 41953K(2446848K)->128K(2446848K) Eden: 41953K(2097664K)->0K(2097664K) From: 0K(349184K)->128K(349184K)
[178.488s][info][gc,heap        ] GC(770) ParOldGen: 1127K(5592576K)->1127K(5592576K)
[178.488s][info][gc,metaspace   ] GC(770) Metaspace: 633K(1024K)->633K(1024K) NonClass: 593K(832K)->593K(832K) Class: 40K(192K)->40K(192K)
[178.488s][info][gc             ] GC(770) Pause Young (System.gc()) 42M->1M(7851M) 0.767ms
[178.489s][info][gc,cpu         ] GC(770) User=0.00s Sys=0.00s Real=0.00s
[178.489s][info][gc,start       ] GC(771) Pause Full (System.gc())
[178.489s][info][gc,phases,start] GC(771) Marking Phase
[178.494s][info][gc,phases      ] GC(771) Marking Phase 5.171ms
[178.494s][info][gc,phases,start] GC(771) Summary Phase
[178.494s][info][gc,phases      ] GC(771) Summary Phase 0.029ms
[178.494s][info][gc,phases,start] GC(771) Adjust Roots
[178.495s][info][gc,phases      ] GC(771) Adjust Roots 1.260ms
[178.495s][info][gc,phases,start] GC(771) Compaction Phase
[178.497s][info][gc,phases      ] GC(771) Compaction Phase 1.600ms
[178.497s][info][gc,phases,start] GC(771) Post Compact
[178.498s][info][gc,phases      ] GC(771) Post Compact 0.658ms
[178.498s][info][gc,heap        ] GC(771) PSYoungGen: 128K(2446848K)->0K(2446848K) Eden: 0K(2097664K)->0K(2097664K) From: 128K(349184K)->0K(349184K)
[178.498s][info][gc,heap        ] GC(771) ParOldGen: 1127K(5592576K)->1128K(5592576K)
[178.498s][info][gc,metaspace   ] GC(771) Metaspace: 633K(1024K)->631K(1024K) NonClass: 593K(832K)->592K(832K) Class: 40K(192K)->39K(192K)
[178.498s][info][gc             ] GC(771) Pause Full (System.gc()) 1M->1M(7851M) 9.075ms
[178.498s][info][gc,cpu         ] GC(771) User=0.02s Sys=0.00s Real=0.01s
[178.950s][info][gc,start       ] GC(772) Pause Young (System.gc())
[178.951s][info][gc,heap        ] GC(772) PSYoungGen: 41953K(2446848K)->128K(2446848K) Eden: 41953K(2097664K)->0K(2097664K) From: 0K(349184K)->128K(349184K)
[178.951s][info][gc,heap        ] GC(772) ParOldGen: 1128K(5592576K)->1128K(5592576K)
[178.951s][info][gc,metaspace   ] GC(772) Metaspace: 636K(1024K)->636K(1024K) NonClass: 595K(832K)->595K(832K) Class: 41K(192K)->41K(192K)
[178.951s][info][gc             ] GC(772) Pause Young (System.gc()) 42M->1M(7851M) 0.545ms
[178.951s][info][gc,cpu         ] GC(772) User=0.00s Sys=0.00s Real=0.00s
[178.951s][info][gc,start       ] GC(773) Pause Full (System.gc())
[178.951s][info][gc,phases,start] GC(773) Marking Phase
[178.955s][info][gc,phases      ] GC(773) Marking Phase 4.637ms
[178.955s][info][gc,phases,start] GC(773) Summary Phase
[178.956s][info][gc,phases      ] GC(773) Summary Phase 0.025ms
[178.956s][info][gc,phases,start] GC(773) Adjust Roots
[178.956s][info][gc,phases      ] GC(773) Adjust Roots 0.768ms
[178.956s][info][gc,phases,start] GC(773) Compaction Phase
[178.958s][info][gc,phases      ] GC(773) Compaction Phase 1.230ms
[178.958s][info][gc,phases,start] GC(773) Post Compact
[178.958s][info][gc,phases      ] GC(773) Post Compact 0.553ms
[178.958s][info][gc,heap        ] GC(773) PSYoungGen: 128K(2446848K)->0K(2446848K) Eden: 0K(2097664K)->0K(2097664K) From: 128K(349184K)->0K(349184K)
[178.958s][info][gc,heap        ] GC(773) ParOldGen: 1128K(5592576K)->1130K(5592576K)
[178.958s][info][gc,metaspace   ] GC(773) Metaspace: 636K(1024K)->635K(1024K) NonClass: 595K(832K)->595K(832K) Class: 41K(192K)->40K(192K)
[178.958s][info][gc             ] GC(773) Pause Full (System.gc()) 1M->1M(7851M) 7.545ms
[178.958s][info][gc,cpu         ] GC(773) User=0.01s Sys=0.00s Real=0.01s
[179.413s][info][gc,start       ] GC(774) Pause Young (System.gc())
[179.414s][info][gc,heap        ] GC(774) PSYoungGen: 41953K(2446848K)->128K(2446848K) Eden: 41953K(2097664K)->0K(2097664K) From: 0K(349184K)->128K(349184K)
[179.414s][info][gc,heap        ] GC(774) ParOldGen: 1130K(5592576K)->1130K(5592576K)
[179.414s][info][gc,metaspace   ] GC(774) Metaspace: 640K(1024K)->640K(1024K) NonClass: 598K(832K)->598K(832K) Class: 42K(192K)->42K(192K)
[179.414s][info][gc             ] GC(774) Pause Young (System.gc()) 42M->1M(7851M) 0.624ms
[179.414s][info][gc,cpu         ] GC(774) User=0.00s Sys=0.00s Real=0.00s
[179.414s][info][gc,start       ] GC(775) Pause Full (System.gc())
[179.414s][info][gc,phases,start] GC(775) Marking Phase
[179.418s][info][gc,phases      ] GC(775) Marking Phase 3.651ms
[179.418s][info][gc,phases,start] GC(775) Summary Phase
[179.418s][info][gc,phases      ] GC(775) Summary Phase 0.025ms
[179.418s][info][gc,phases,start] GC(775) Adjust Roots
[179.419s][info][gc,phases      ] GC(775) Adjust Roots 1.040ms
[179.419s][info][gc,phases,start] GC(775) Compaction Phase
[179.421s][info][gc,phases      ] GC(775) Compaction Phase 2.259ms
[179.421s][info][gc,phases,start] GC(775) Post Compact
[179.422s][info][gc,phases      ] GC(775) Post Compact 0.695ms
[179.422s][info][gc,heap        ] GC(775) PSYoungGen: 128K(2446848K)->0K(2446848K) Eden: 0K(2097664K)->0K(2097664K) From: 128K(349184K)->0K(349184K)
[179.422s][info][gc,heap        ] GC(775) ParOldGen: 1130K(5592576K)->1133K(5592576K)
[179.422s][info][gc,metaspace   ] GC(775) Metaspace: 640K(1024K)->640K(1024K) NonClass: 598K(832K)->598K(832K) Class: 42K(192K)->42K(192K)
[179.422s][info][gc             ] GC(775) Pause Full (System.gc()) 1M->1M(7851M) 7.996ms
[179.422s][info][gc,cpu         ] GC(775) User=0.02s Sys=0.01s Real=0.00s
[179.879s][info][gc,start       ] GC(776) Pause Young (System.gc())
[179.880s][info][gc,heap        ] GC(776) PSYoungGen: 41953K(2446848K)->128K(2446848K) Eden: 41953K(2097664K)->0K(2097664K) From: 0K(349184K)->128K(349184K)
[179.880s][info][gc,heap        ] GC(776) ParOldGen: 1133K(5592576K)->1133K(5592576K)
[179.880s][info][gc,metaspace   ] GC(776) Metaspace: 645K(1024K)->645K(1024K) NonClass: 601K(832K)->601K(832K) Class: 44K(192K)->44K(192K)
[179.880s][info][gc             ] GC(776) Pause Young (System.gc()) 42M->1M(7851M) 0.600ms
[179.880s][info][gc,cpu         ] GC(776) User=0.00s Sys=0.00s Real=0.00s
[179.880s][info][gc,start       ] GC(777) Pause Full (System.gc())
[179.880s][info][gc,phases,start] GC(777) Marking Phase
[179.884s][info][gc,phases      ] GC(777) Marking Phase 3.811ms
[179.884s][info][gc,phases,start] GC(777) Summary Phase
[179.884s][info][gc,phases      ] GC(777) Summary Phase 0.028ms
[179.884s][info][gc,phases,start] GC(777) Adjust Roots
[179.885s][info][gc,phases      ] GC(777) Adjust Roots 1.057ms
[179.885s][info][gc,phases,start] GC(777) Compaction Phase
[179.887s][info][gc,phases      ] GC(777) Compaction Phase 2.135ms
[179.887s][info][gc,phases,start] GC(777) Post Compact
[179.888s][info][gc,phases      ] GC(777) Post Compact 0.611ms
[179.888s][info][gc,heap        ] GC(777) PSYoungGen: 128K(2446848K)->0K(2446848K) Eden: 0K(2097664K)->0K(2097664K) From: 128K(349184K)->0K(349184K)
[179.888s][info][gc,heap        ] GC(777) ParOldGen: 1133K(5592576K)->1135K(5592576K)
[179.888s][info][gc,metaspace   ] GC(777) Metaspace: 645K(1024K)->645K(1024K) NonClass: 601K(832K)->601K(832K) Class: 44K(192K)->44K(192K)
[179.888s][info][gc             ] GC(777) Pause Full (System.gc()) 1M->1M(7851M) 7.922ms
[179.888s][info][gc,cpu         ] GC(777) User=0.02s Sys=0.00s Real=0.01s
[180.341s][info][gc,start       ] GC(778) Pause Young (System.gc())
[180.341s][info][gc,heap        ] GC(778) PSYoungGen: 83906K(2446848K)->128K(2446848K) Eden: 83906K(2097664K)->0K(2097664K) From: 0K(349184K)->128K(349184K)
[180.341s][info][gc,heap        ] GC(778) ParOldGen: 1135K(5592576K)->1135K(5592576K)
[180.341s][info][gc,metaspace   ] GC(778) Metaspace: 650K(1024K)->650K(1024K) NonClass: 604K(832K)->604K(832K) Class: 45K(192K)->45K(192K)
[180.341s][info][gc             ] GC(778) Pause Young (System.gc()) 83M->1M(7851M) 0.622ms
[180.341s][info][gc,cpu         ] GC(778) User=0.00s Sys=0.00s Real=0.00s
[180.341s][info][gc,start       ] GC(779) Pause Full (System.gc())
[180.342s][info][gc,phases,start] GC(779) Marking Phase
[180.347s][info][gc,phases      ] GC(779) Marking Phase 5.006ms
[180.347s][info][gc,phases,start] GC(779) Summary Phase
[180.347s][info][gc,phases      ] GC(779) Summary Phase 0.032ms
[180.347s][info][gc,phases,start] GC(779) Adjust Roots
[180.348s][info][gc,phases      ] GC(779) Adjust Roots 1.095ms
[180.348s][info][gc,phases,start] GC(779) Compaction Phase
[180.349s][info][gc,phases      ] GC(779) Compaction Phase 1.671ms
[180.349s][info][gc,phases,start] GC(779) Post Compact
[180.350s][info][gc,phases      ] GC(779) Post Compact 0.658ms
[180.350s][info][gc,heap        ] GC(779) PSYoungGen: 128K(2446848K)->0K(2446848K) Eden: 0K(2097664K)->0K(2097664K) From: 128K(349184K)->0K(349184K)
[180.350s][info][gc,heap        ] GC(779) ParOldGen: 1135K(5592576K)->1135K(5592576K)
[180.350s][info][gc,metaspace   ] GC(779) Metaspace: 650K(1024K)->648K(1024K) NonClass: 604K(832K)->603K(832K) Class: 45K(192K)->44K(192K)
[180.350s][info][gc             ] GC(779) Pause Full (System.gc()) 1M->1M(7851M) 8.740ms
[180.350s][info][gc,cpu         ] GC(779) User=0.02s Sys=0.00s Real=0.01s
[180.807s][info][gc,start       ] GC(780) Pause Young (System.gc())
[180.808s][info][gc,heap        ] GC(780) PSYoungGen: 41953K(2446848K)->96K(2446848K) Eden: 41953K(2097664K)->0K(2097664K) From: 0K(349184K)->96K(349184K)
[180.808s][info][gc,heap        ] GC(780) ParOldGen: 1135K(5592576K)->1135K(5592576K)
[180.808s][info][gc,metaspace   ] GC(780) Metaspace: 653K(1024K)->653K(1024K) NonClass: 606K(832K)->606K(832K) Class: 46K(192K)->46K(192K)
[180.808s][info][gc             ] GC(780) Pause Young (System.gc()) 42M->1M(7851M) 0.600ms
[180.808s][info][gc,cpu         ] GC(780) User=0.00s Sys=0.00s Real=0.00s
[180.808s][info][gc,start       ] GC(781) Pause Full (System.gc())
[180.808s][info][gc,phases,start] GC(781) Marking Phase
[180.812s][info][gc,phases      ] GC(781) Marking Phase 3.940ms
[180.812s][info][gc,phases,start] GC(781) Summary Phase
[180.812s][info][gc,phases      ] GC(781) Summary Phase 0.018ms
[180.812s][info][gc,phases,start] GC(781) Adjust Roots
[180.813s][info][gc,phases      ] GC(781) Adjust Roots 0.897ms
[180.813s][info][gc,phases,start] GC(781) Compaction Phase
[180.814s][info][gc,phases      ] GC(781) Compaction Phase 1.099ms
[180.814s][info][gc,phases,start] GC(781) Post Compact
[180.814s][info][gc,phases      ] GC(781) Post Compact 0.487ms
[180.815s][info][gc,heap        ] GC(781) PSYoungGen: 96K(2446848K)->0K(2446848K) Eden: 0K(2097664K)->0K(2097664K) From: 96K(349184K)->0K(349184K)
[180.815s][info][gc,heap        ] GC(781) ParOldGen: 1135K(5592576K)->1137K(5592576K)
[180.815s][info][gc,metaspace   ] GC(781) Metaspace: 653K(1024K)->652K(1024K) NonClass: 606K(832K)->606K(832K) Class: 46K(192K)->45K(192K)
[180.815s][info][gc             ] GC(781) Pause Full (System.gc()) 1M->1M(7851M) 6.745ms
[180.815s][info][gc,cpu         ] GC(781) User=0.01s Sys=0.00s Real=0.01s
[181.270s][info][gc,start       ] GC(782) Pause Young (System.gc())
[181.270s][info][gc,heap        ] GC(782) PSYoungGen: 41953K(2446848K)->160K(2446848K) Eden: 41953K(2097664K)->0K(2097664K) From: 0K(349184K)->160K(349184K)
[181.270s][info][gc,heap        ] GC(782) ParOldGen: 1137K(5592576K)->1137K(5592576K)
[181.270s][info][gc,metaspace   ] GC(782) Metaspace: 657K(1024K)->657K(1024K) NonClass: 609K(832K)->609K(832K) Class: 47K(192K)->47K(192K)
[181.270s][info][gc             ] GC(782) Pause Young (System.gc()) 42M->1M(7851M) 0.556ms
[181.270s][info][gc,cpu         ] GC(782) User=0.00s Sys=0.00s Real=0.00s
[181.271s][info][gc,start       ] GC(783) Pause Full (System.gc())
[181.271s][info][gc,phases,start] GC(783) Marking Phase
[181.273s][info][gc,phases      ] GC(783) Marking Phase 2.831ms
[181.273s][info][gc,phases,start] GC(783) Summary Phase
[181.273s][info][gc,phases      ] GC(783) Summary Phase 0.014ms
[181.273s][info][gc,phases,start] GC(783) Adjust Roots
[181.274s][info][gc,phases      ] GC(783) Adjust Roots 0.645ms
[181.274s][info][gc,phases,start] GC(783) Compaction Phase
[181.275s][info][gc,phases      ] GC(783) Compaction Phase 1.169ms
[181.275s][info][gc,phases,start] GC(783) Post Compact
[181.276s][info][gc,phases      ] GC(783) Post Compact 0.481ms
[181.276s][info][gc,heap        ] GC(783) PSYoungGen: 160K(2446848K)->0K(2446848K) Eden: 0K(2097664K)->0K(2097664K) From: 160K(349184K)->0K(349184K)
[181.276s][info][gc,heap        ] GC(783) ParOldGen: 1137K(5592576K)->1140K(5592576K)
[181.276s][info][gc,metaspace   ] GC(783) Metaspace: 657K(1024K)->657K(1024K) NonClass: 609K(832K)->609K(832K) Class: 47K(192K)->47K(192K)
[181.276s][info][gc             ] GC(783) Pause Full (System.gc()) 1M->1M(7851M) 5.336ms
[181.276s][info][gc,cpu         ] GC(783) User=0.01s Sys=0.01s Real=0.01s
[181.732s][info][gc,start       ] GC(784) Pause Young (System.gc())
[181.733s][info][gc,heap        ] GC(784) PSYoungGen: 41953K(2446848K)->128K(2446848K) Eden: 41953K(2097664K)->0K(2097664K) From: 0K(349184K)->128K(349184K)
[181.733s][info][gc,heap        ] GC(784) ParOldGen: 1140K(5592576K)->1140K(5592576K)
[181.733s][info][gc,metaspace   ] GC(784) Metaspace: 662K(1024K)->662K(1024K) NonClass: 612K(832K)->612K(832K) Class: 49K(192K)->49K(192K)
[181.733s][info][gc             ] GC(784) Pause Young (System.gc()) 42M->1M(7851M) 0.554ms
[181.733s][info][gc,cpu         ] GC(784) User=0.01s Sys=0.00s Real=0.00s
[181.733s][info][gc,start       ] GC(785) Pause Full (System.gc())
[181.733s][info][gc,phases,start] GC(785) Marking Phase
[181.737s][info][gc,phases      ] GC(785) Marking Phase 4.285ms
[181.737s][info][gc,phases,start] GC(785) Summary Phase
[181.737s][info][gc,phases      ] GC(785) Summary Phase 0.025ms
[181.737s][info][gc,phases,start] GC(785) Adjust Roots
[181.738s][info][gc,phases      ] GC(785) Adjust Roots 0.892ms
[181.738s][info][gc,phases,start] GC(785) Compaction Phase
[181.740s][info][gc,phases      ] GC(785) Compaction Phase 1.359ms
[181.740s][info][gc,phases,start] GC(785) Post Compact
[181.740s][info][gc,phases      ] GC(785) Post Compact 0.530ms
[181.740s][info][gc,heap        ] GC(785) PSYoungGen: 128K(2446848K)->0K(2446848K) Eden: 0K(2097664K)->0K(2097664K) From: 128K(349184K)->0K(349184K)
[181.740s][info][gc,heap        ] GC(785) ParOldGen: 1140K(5592576K)->1141K(5592576K)
[181.740s][info][gc,metaspace   ] GC(785) Metaspace: 662K(1024K)->660K(1024K) NonClass: 612K(832K)->612K(832K) Class: 49K(192K)->48K(192K)
[181.740s][info][gc             ] GC(785) Pause Full (System.gc()) 1M->1M(7851M) 7.387ms
[181.740s][info][gc,cpu         ] GC(785) User=0.01s Sys=0.00s Real=0.01s
[182.193s][info][gc,start       ] GC(786) Pause Young (System.gc())
[182.194s][info][gc,heap        ] GC(786) PSYoungGen: 41953K(2446848K)->128K(2446848K) Eden: 41953K(2097664K)->0K(2097664K) From: 0K(349184K)->128K(349184K)
[182.194s][info][gc,heap        ] GC(786) ParOldGen: 1141K(5592576K)->1141K(5592576K)
[182.194s][info][gc,metaspace   ] GC(786) Metaspace: 665K(1024K)->665K(1024K) NonClass: 615K(832K)->615K(832K) Class: 49K(192K)->49K(192K)
[182.194s][info][gc             ] GC(786) Pause Young (System.gc()) 42M->1M(7851M) 0.566ms
[182.194s][info][gc,cpu         ] GC(786) User=0.00s Sys=0.00s Real=0.01s
[182.194s][info][gc,start       ] GC(787) Pause Full (System.gc())
[182.194s][info][gc,phases,start] GC(787) Marking Phase
[182.198s][info][gc,phases      ] GC(787) Marking Phase 4.066ms
[182.198s][info][gc,phases,start] GC(787) Summary Phase
[182.198s][info][gc,phases      ] GC(787) Summary Phase 0.022ms
[182.198s][info][gc,phases,start] GC(787) Adjust Roots
[182.199s][info][gc,phases      ] GC(787) Adjust Roots 0.736ms
[182.199s][info][gc,phases,start] GC(787) Compaction Phase
[182.200s][info][gc,phases      ] GC(787) Compaction Phase 1.158ms
[182.200s][info][gc,phases,start] GC(787) Post Compact
[182.201s][info][gc,phases      ] GC(787) Post Compact 0.600ms
[182.201s][info][gc,heap        ] GC(787) PSYoungGen: 128K(2446848K)->0K(2446848K) Eden: 0K(2097664K)->0K(2097664K) From: 128K(349184K)->0K(349184K)
[182.201s][info][gc,heap        ] GC(787) ParOldGen: 1141K(5592576K)->1143K(5592576K)
[182.201s][info][gc,metaspace   ] GC(787) Metaspace: 665K(1024K)->664K(1024K) NonClass: 615K(832K)->614K(832K) Class: 49K(192K)->49K(192K)
[182.201s][info][gc             ] GC(787) Pause Full (System.gc()) 1M->1M(7851M) 6.890ms
[182.201s][info][gc,cpu         ] GC(787) User=0.01s Sys=0.00s Real=0.00s
[182.657s][info][gc,start       ] GC(788) Pause Young (System.gc())
[182.657s][info][gc,heap        ] GC(788) PSYoungGen: 41953K(2446848K)->128K(2446848K) Eden: 41953K(2097664K)->0K(2097664K) From: 0K(349184K)->128K(349184K)
[182.657s][info][gc,heap        ] GC(788) ParOldGen: 1143K(5592576K)->1143K(5592576K)
[182.657s][info][gc,metaspace   ] GC(788) Metaspace: 669K(1024K)->669K(1024K) NonClass: 618K(832K)->618K(832K) Class: 51K(192K)->51K(192K)
[182.657s][info][gc             ] GC(788) Pause Young (System.gc()) 42M->1M(7851M) 0.446ms
[182.657s][info][gc,cpu         ] GC(788) User=0.01s Sys=0.00s Real=0.00s
[182.658s][info][gc,start       ] GC(789) Pause Full (System.gc())
[182.658s][info][gc,phases,start] GC(789) Marking Phase
[182.661s][info][gc,phases      ] GC(789) Marking Phase 3.065ms
[182.661s][info][gc,phases,start] GC(789) Summary Phase
[182.661s][info][gc,phases      ] GC(789) Summary Phase 0.017ms
[182.661s][info][gc,phases,start] GC(789) Adjust Roots
[182.662s][info][gc,phases      ] GC(789) Adjust Roots 1.047ms
[182.662s][info][gc,phases,start] GC(789) Compaction Phase
[182.663s][info][gc,phases      ] GC(789) Compaction Phase 1.267ms
[182.663s][info][gc,phases,start] GC(789) Post Compact
[182.664s][info][gc,phases      ] GC(789) Post Compact 0.535ms
[182.664s][info][gc,heap        ] GC(789) PSYoungGen: 128K(2446848K)->0K(2446848K) Eden: 0K(2097664K)->0K(2097664K) From: 128K(349184K)->0K(349184K)
[182.664s][info][gc,heap        ] GC(789) ParOldGen: 1143K(5592576K)->1145K(5592576K)
[182.664s][info][gc,metaspace   ] GC(789) Metaspace: 669K(1024K)->668K(1024K) NonClass: 618K(832K)->617K(832K) Class: 51K(192K)->50K(192K)
[182.664s][info][gc             ] GC(789) Pause Full (System.gc()) 1M->1M(7851M) 6.156ms
[182.664s][info][gc,cpu         ] GC(789) User=0.01s Sys=0.00s Real=0.01s
[183.121s][info][gc,start       ] GC(790) Pause Young (System.gc())
[183.121s][info][gc,heap        ] GC(790) PSYoungGen: 41953K(2446848K)->128K(2446848K) Eden: 41953K(2097664K)->0K(2097664K) From: 0K(349184K)->128K(349184K)
[183.121s][info][gc,heap        ] GC(790) ParOldGen: 1145K(5592576K)->1145K(5592576K)
[183.121s][info][gc,metaspace   ] GC(790) Metaspace: 673K(1024K)->673K(1024K) NonClass: 621K(832K)->621K(832K) Class: 52K(192K)->52K(192K)
[183.121s][info][gc             ] GC(790) Pause Young (System.gc()) 42M->1M(7851M) 0.782ms
[183.121s][info][gc,cpu         ] GC(790) User=0.00s Sys=0.00s Real=0.00s
[183.121s][info][gc,start       ] GC(791) Pause Full (System.gc())
[183.121s][info][gc,phases,start] GC(791) Marking Phase
[183.126s][info][gc,phases      ] GC(791) Marking Phase 4.306ms
[183.126s][info][gc,phases,start] GC(791) Summary Phase
[183.126s][info][gc,phases      ] GC(791) Summary Phase 0.020ms
[183.126s][info][gc,phases,start] GC(791) Adjust Roots
[183.127s][info][gc,phases      ] GC(791) Adjust Roots 0.734ms
[183.127s][info][gc,phases,start] GC(791) Compaction Phase
[183.128s][info][gc,phases      ] GC(791) Compaction Phase 1.194ms
[183.128s][info][gc,phases,start] GC(791) Post Compact
[183.128s][info][gc,phases      ] GC(791) Post Compact 0.629ms
[183.129s][info][gc,heap        ] GC(791) PSYoungGen: 128K(2446848K)->0K(2446848K) Eden: 0K(2097664K)->0K(2097664K) From: 128K(349184K)->0K(349184K)
[183.129s][info][gc,heap        ] GC(791) ParOldGen: 1145K(5592576K)->1147K(5592576K)
[183.129s][info][gc,metaspace   ] GC(791) Metaspace: 673K(1024K)->672K(1024K) NonClass: 621K(832K)->620K(832K) Class: 52K(192K)->51K(192K)
[183.129s][info][gc             ] GC(791) Pause Full (System.gc()) 1M->1M(7851M) 7.175ms
[183.129s][info][gc,cpu         ] GC(791) User=0.01s Sys=0.01s Real=0.01s
[183.581s][info][gc,start       ] GC(792) Pause Young (System.gc())
[183.582s][info][gc,heap        ] GC(792) PSYoungGen: 41953K(2446848K)->128K(2446848K) Eden: 41953K(2097664K)->0K(2097664K) From: 0K(349184K)->128K(349184K)
[183.582s][info][gc,heap        ] GC(792) ParOldGen: 1147K(5592576K)->1147K(5592576K)
[183.582s][info][gc,metaspace   ] GC(792) Metaspace: 677K(1024K)->677K(1024K) NonClass: 623K(832K)->623K(832K) Class: 53K(192K)->53K(192K)
[183.582s][info][gc             ] GC(792) Pause Young (System.gc()) 42M->1M(7851M) 0.378ms
[183.582s][info][gc,cpu         ] GC(792) User=0.00s Sys=0.00s Real=0.00s
[183.582s][info][gc,start       ] GC(793) Pause Full (System.gc())
[183.582s][info][gc,phases,start] GC(793) Marking Phase
[183.585s][info][gc,phases      ] GC(793) Marking Phase 3.388ms
[183.585s][info][gc,phases,start] GC(793) Summary Phase
[183.585s][info][gc,phases      ] GC(793) Summary Phase 0.024ms
[183.585s][info][gc,phases,start] GC(793) Adjust Roots
[183.586s][info][gc,phases      ] GC(793) Adjust Roots 0.661ms
[183.586s][info][gc,phases,start] GC(793) Compaction Phase
[183.587s][info][gc,phases      ] GC(793) Compaction Phase 1.203ms
[183.587s][info][gc,phases,start] GC(793) Post Compact
[183.588s][info][gc,phases      ] GC(793) Post Compact 0.675ms
[183.588s][info][gc,heap        ] GC(793) PSYoungGen: 128K(2446848K)->0K(2446848K) Eden: 0K(2097664K)->0K(2097664K) From: 128K(349184K)->0K(349184K)
[183.588s][info][gc,heap        ] GC(793) ParOldGen: 1147K(5592576K)->1134K(5592576K)
[183.588s][info][gc,metaspace   ] GC(793) Metaspace: 677K(1024K)->649K(1024K) NonClass: 623K(832K)->607K(832K) Class: 53K(192K)->42K(192K)
[183.588s][info][gc             ] GC(793) Pause Full (System.gc()) 1M->1M(7851M) 6.230ms
[183.588s][info][gc,cpu         ] GC(793) User=0.01s Sys=0.00s Real=0.01s
[184.041s][info][gc,start       ] GC(794) Pause Young (System.gc())
[184.041s][info][gc,heap        ] GC(794) PSYoungGen: 41953K(2446848K)->192K(2446848K) Eden: 41953K(2097664K)->0K(2097664K) From: 0K(349184K)->192K(349184K)
[184.041s][info][gc,heap        ] GC(794) ParOldGen: 1134K(5592576K)->1134K(5592576K)
[184.041s][info][gc,metaspace   ] GC(794) Metaspace: 654K(1024K)->654K(1024K) NonClass: 610K(832K)->610K(832K) Class: 43K(192K)->43K(192K)
[184.041s][info][gc             ] GC(794) Pause Young (System.gc()) 42M->1M(7851M) 0.360ms
[184.041s][info][gc,cpu         ] GC(794) User=0.00s Sys=0.00s Real=0.00s
[184.041s][info][gc,start       ] GC(795) Pause Full (System.gc())
[184.041s][info][gc,phases,start] GC(795) Marking Phase
[184.044s][info][gc,phases      ] GC(795) Marking Phase 3.233ms
[184.045s][info][gc,phases,start] GC(795) Summary Phase
[184.045s][info][gc,phases      ] GC(795) Summary Phase 0.010ms
[184.045s][info][gc,phases,start] GC(795) Adjust Roots
[184.045s][info][gc,phases      ] GC(795) Adjust Roots 0.514ms
[184.045s][info][gc,phases,start] GC(795) Compaction Phase
[184.046s][info][gc,phases      ] GC(795) Compaction Phase 0.984ms
[184.046s][info][gc,phases,start] GC(795) Post Compact
[184.047s][info][gc,phases      ] GC(795) Post Compact 0.474ms
[184.047s][info][gc,heap        ] GC(795) PSYoungGen: 192K(2446848K)->0K(2446848K) Eden: 0K(2097664K)->0K(2097664K) From: 192K(349184K)->0K(349184K)
[184.047s][info][gc,heap        ] GC(795) ParOldGen: 1134K(5592576K)->1135K(5592576K)
[184.047s][info][gc,metaspace   ] GC(795) Metaspace: 654K(1024K)->652K(1024K) NonClass: 610K(832K)->609K(832K) Class: 43K(192K)->42K(192K)
[184.047s][info][gc             ] GC(795) Pause Full (System.gc()) 1M->1M(7851M) 5.324ms
[184.047s][info][gc,cpu         ] GC(795) User=0.02s Sys=0.00s Real=0.01s
[184.504s][info][gc,start       ] GC(796) Pause Young (System.gc())
[184.513s][info][gc,heap        ] GC(796) PSYoungGen: 41953K(2446848K)->96K(2446848K) Eden: 41953K(2097664K)->0K(2097664K) From: 0K(349184K)->96K(349184K)
[184.513s][info][gc,heap        ] GC(796) ParOldGen: 1135K(5592576K)->1135K(5592576K)
[184.513s][info][gc,metaspace   ] GC(796) Metaspace: 657K(1024K)->657K(1024K) NonClass: 612K(832K)->612K(832K) Class: 44K(192K)->44K(192K)
[184.513s][info][gc             ] GC(796) Pause Young (System.gc()) 42M->1M(7851M) 8.921ms
[184.513s][info][gc,cpu         ] GC(796) User=0.00s Sys=0.00s Real=0.01s
[184.513s][info][gc,start       ] GC(797) Pause Full (System.gc())
[184.513s][info][gc,phases,start] GC(797) Marking Phase
[184.516s][info][gc,phases      ] GC(797) Marking Phase 2.418ms
[184.516s][info][gc,phases,start] GC(797) Summary Phase
[184.516s][info][gc,phases      ] GC(797) Summary Phase 0.012ms
[184.516s][info][gc,phases,start] GC(797) Adjust Roots
[184.517s][info][gc,phases      ] GC(797) Adjust Roots 0.653ms
[184.517s][info][gc,phases,start] GC(797) Compaction Phase
[184.518s][info][gc,phases      ] GC(797) Compaction Phase 1.353ms
[184.518s][info][gc,phases,start] GC(797) Post Compact
[184.518s][info][gc,phases      ] GC(797) Post Compact 0.519ms
[184.518s][info][gc,heap        ] GC(797) PSYoungGen: 96K(2446848K)->0K(2446848K) Eden: 0K(2097664K)->0K(2097664K) From: 96K(349184K)->0K(349184K)
[184.519s][info][gc,heap        ] GC(797) ParOldGen: 1135K(5592576K)->1138K(5592576K)
[184.519s][info][gc,metaspace   ] GC(797) Metaspace: 657K(1024K)->657K(1024K) NonClass: 612K(832K)->612K(832K) Class: 44K(192K)->44K(192K)
[184.519s][info][gc             ] GC(797) Pause Full (System.gc()) 1M->1M(7851M) 5.106ms
[184.519s][info][gc,cpu         ] GC(797) User=0.01s Sys=0.00s Real=0.00s
[184.975s][info][gc,start       ] GC(798) Pause Young (System.gc())
[184.976s][info][gc,heap        ] GC(798) PSYoungGen: 41953K(2446848K)->96K(2446848K) Eden: 41953K(2097664K)->0K(2097664K) From: 0K(349184K)->96K(349184K)
[184.976s][info][gc,heap        ] GC(798) ParOldGen: 1138K(5592576K)->1138K(5592576K)
[184.976s][info][gc,metaspace   ] GC(798) Metaspace: 662K(1024K)->662K(1024K) NonClass: 616K(832K)->616K(832K) Class: 45K(192K)->45K(192K)
[184.976s][info][gc             ] GC(798) Pause Young (System.gc()) 42M->1M(7851M) 1.301ms
[184.976s][info][gc,cpu         ] GC(798) User=0.00s Sys=0.00s Real=0.00s
[184.976s][info][gc,start       ] GC(799) Pause Full (System.gc())
[184.976s][info][gc,phases,start] GC(799) Marking Phase
[184.983s][info][gc,phases      ] GC(799) Marking Phase 6.470ms
[184.983s][info][gc,phases,start] GC(799) Summary Phase
[184.983s][info][gc,phases      ] GC(799) Summary Phase 0.016ms
[184.983s][info][gc,phases,start] GC(799) Adjust Roots
[184.985s][info][gc,phases      ] GC(799) Adjust Roots 2.714ms
[184.985s][info][gc,phases,start] GC(799) Compaction Phase
[184.994s][info][gc,phases      ] GC(799) Compaction Phase 8.823ms
[184.994s][info][gc,phases,start] GC(799) Post Compact
[184.995s][info][gc,phases      ] GC(799) Post Compact 0.713ms
[184.995s][info][gc,heap        ] GC(799) PSYoungGen: 96K(2446848K)->0K(2446848K) Eden: 0K(2097664K)->0K(2097664K) From: 96K(349184K)->0K(349184K)
[184.995s][info][gc,heap        ] GC(799) ParOldGen: 1138K(5592576K)->1124K(5592576K)
[184.995s][info][gc,metaspace   ] GC(799) Metaspace: 662K(1024K)->623K(960K) NonClass: 616K(832K)->586K(768K) Class: 45K(192K)->36K(192K)
[184.995s][info][gc             ] GC(799) Pause Full (System.gc()) 1M->1M(7851M) 19.026ms
[184.995s][info][gc,cpu         ] GC(799) User=0.02s Sys=0.01s Real=0.02s
[185.447s][info][gc,start       ] GC(800) Pause Young (System.gc())
[185.448s][info][gc,heap        ] GC(800) PSYoungGen: 41953K(2446848K)->96K(2446848K) Eden: 41953K(2097664K)->0K(2097664K) From: 0K(349184K)->96K(349184K)
[185.448s][info][gc,heap        ] GC(800) ParOldGen: 1124K(5592576K)->1124K(5592576K)
[185.448s][info][gc,metaspace   ] GC(800) Metaspace: 628K(960K)->628K(960K) NonClass: 589K(768K)->589K(768K) Class: 38K(192K)->38K(192K)
[185.448s][info][gc             ] GC(800) Pause Young (System.gc()) 42M->1M(7851M) 1.399ms
[185.448s][info][gc,cpu         ] GC(800) User=0.00s Sys=0.00s Real=0.00s
[185.449s][info][gc,start       ] GC(801) Pause Full (System.gc())
[185.449s][info][gc,phases,start] GC(801) Marking Phase
[185.455s][info][gc,phases      ] GC(801) Marking Phase 6.626ms
[185.455s][info][gc,phases,start] GC(801) Summary Phase
[185.455s][info][gc,phases      ] GC(801) Summary Phase 0.015ms
[185.455s][info][gc,phases,start] GC(801) Adjust Roots
[185.458s][info][gc,phases      ] GC(801) Adjust Roots 2.501ms
[185.458s][info][gc,phases,start] GC(801) Compaction Phase
[185.468s][info][gc,phases      ] GC(801) Compaction Phase 9.957ms
[185.468s][info][gc,phases,start] GC(801) Post Compact
[185.468s][info][gc,phases      ] GC(801) Post Compact 0.537ms
[185.468s][info][gc,heap        ] GC(801) PSYoungGen: 96K(2446848K)->0K(2446848K) Eden: 0K(2097664K)->0K(2097664K) From: 96K(349184K)->0K(349184K)
[185.468s][info][gc,heap        ] GC(801) ParOldGen: 1124K(5592576K)->1125K(5592576K)
[185.468s][info][gc,metaspace   ] GC(801) Metaspace: 628K(960K)->625K(960K) NonClass: 589K(768K)->587K(768K) Class: 38K(192K)->37K(192K)
[185.468s][info][gc             ] GC(801) Pause Full (System.gc()) 1M->1M(7851M) 19.885ms
[185.468s][info][gc,cpu         ] GC(801) User=0.01s Sys=0.00s Real=0.02s
[185.921s][info][gc,start       ] GC(802) Pause Young (System.gc())
[185.922s][info][gc,heap        ] GC(802) PSYoungGen: 41953K(2446848K)->96K(2446848K) Eden: 41953K(2097664K)->0K(2097664K) From: 0K(349184K)->96K(349184K)
[185.922s][info][gc,heap        ] GC(802) ParOldGen: 1125K(5592576K)->1125K(5592576K)
[185.922s][info][gc,metaspace   ] GC(802) Metaspace: 630K(960K)->630K(960K) NonClass: 590K(768K)->590K(768K) Class: 39K(192K)->39K(192K)
[185.922s][info][gc             ] GC(802) Pause Young (System.gc()) 42M->1M(7851M) 0.679ms
[185.922s][info][gc,cpu         ] GC(802) User=0.00s Sys=0.00s Real=0.00s
[185.922s][info][gc,start       ] GC(803) Pause Full (System.gc())
[185.922s][info][gc,phases,start] GC(803) Marking Phase
[185.936s][info][gc,phases      ] GC(803) Marking Phase 13.799ms
[185.936s][info][gc,phases,start] GC(803) Summary Phase
[185.936s][info][gc,phases      ] GC(803) Summary Phase 0.017ms
[185.936s][info][gc,phases,start] GC(803) Adjust Roots
[185.946s][info][gc,phases      ] GC(803) Adjust Roots 9.977ms
[185.946s][info][gc,phases,start] GC(803) Compaction Phase
[185.947s][info][gc,phases      ] GC(803) Compaction Phase 1.129ms
[185.947s][info][gc,phases,start] GC(803) Post Compact
[185.947s][info][gc,phases      ] GC(803) Post Compact 0.497ms
[185.947s][info][gc,heap        ] GC(803) PSYoungGen: 96K(2446848K)->0K(2446848K) Eden: 0K(2097664K)->0K(2097664K) From: 96K(349184K)->0K(349184K)
[185.947s][info][gc,heap        ] GC(803) ParOldGen: 1125K(5592576K)->1127K(5592576K)
[185.947s][info][gc,metaspace   ] GC(803) Metaspace: 630K(960K)->629K(960K) NonClass: 590K(768K)->590K(768K) Class: 39K(192K)->38K(192K)
[185.947s][info][gc             ] GC(803) Pause Full (System.gc()) 1M->1M(7851M) 25.664ms
[185.947s][info][gc,cpu         ] GC(803) User=0.01s Sys=0.00s Real=0.03s
[186.404s][info][gc,start       ] GC(804) Pause Young (System.gc())
[186.406s][info][gc,heap        ] GC(804) PSYoungGen: 41953K(2446848K)->64K(2446848K) Eden: 41953K(2097664K)->0K(2097664K) From: 0K(349184K)->64K(349184K)
[186.406s][info][gc,heap        ] GC(804) ParOldGen: 1127K(5592576K)->1127K(5592576K)
[186.406s][info][gc,metaspace   ] GC(804) Metaspace: 634K(960K)->634K(960K) NonClass: 593K(768K)->593K(768K) Class: 40K(192K)->40K(192K)
[186.406s][info][gc             ] GC(804) Pause Young (System.gc()) 42M->1M(7851M) 2.542ms
[186.406s][info][gc,cpu         ] GC(804) User=0.00s Sys=0.00s Real=0.00s
[186.406s][info][gc,start       ] GC(805) Pause Full (System.gc())
[186.406s][info][gc,phases,start] GC(805) Marking Phase
[186.412s][info][gc,phases      ] GC(805) Marking Phase 5.930ms
[186.412s][info][gc,phases,start] GC(805) Summary Phase
[186.412s][info][gc,phases      ] GC(805) Summary Phase 0.025ms
[186.412s][info][gc,phases,start] GC(805) Adjust Roots
[186.414s][info][gc,phases      ] GC(805) Adjust Roots 1.801ms
[186.414s][info][gc,phases,start] GC(805) Compaction Phase
[186.429s][info][gc,phases      ] GC(805) Compaction Phase 14.785ms
[186.429s][info][gc,phases,start] GC(805) Post Compact
[186.429s][info][gc,phases      ] GC(805) Post Compact 0.499ms
[186.429s][info][gc,heap        ] GC(805) PSYoungGen: 64K(2446848K)->0K(2446848K) Eden: 0K(2097664K)->0K(2097664K) From: 64K(349184K)->0K(349184K)
[186.429s][info][gc,heap        ] GC(805) ParOldGen: 1127K(5592576K)->1129K(5592576K)
[186.429s][info][gc,metaspace   ] GC(805) Metaspace: 634K(960K)->633K(960K) NonClass: 593K(768K)->593K(768K) Class: 40K(192K)->40K(192K)
[186.429s][info][gc             ] GC(805) Pause Full (System.gc()) 1M->1M(7851M) 23.303ms
[186.430s][info][gc,cpu         ] GC(805) User=0.01s Sys=0.00s Real=0.02s
[186.885s][info][gc,start       ] GC(806) Pause Young (System.gc())
[186.887s][info][gc,heap        ] GC(806) PSYoungGen: 41953K(2446848K)->64K(2446848K) Eden: 41953K(2097664K)->0K(2097664K) From: 0K(349184K)->64K(349184K)
[186.887s][info][gc,heap        ] GC(806) ParOldGen: 1129K(5592576K)->1129K(5592576K)
[186.887s][info][gc,metaspace   ] GC(806) Metaspace: 638K(960K)->638K(960K) NonClass: 596K(768K)->596K(768K) Class: 41K(192K)->41K(192K)
[186.887s][info][gc             ] GC(806) Pause Young (System.gc()) 42M->1M(7851M) 1.866ms
[186.887s][info][gc,cpu         ] GC(806) User=0.00s Sys=0.00s Real=0.00s
[186.887s][info][gc,start       ] GC(807) Pause Full (System.gc())
[186.887s][info][gc,phases,start] GC(807) Marking Phase
[186.893s][info][gc,phases      ] GC(807) Marking Phase 5.755ms
[186.893s][info][gc,phases,start] GC(807) Summary Phase
[186.893s][info][gc,phases      ] GC(807) Summary Phase 0.021ms
[186.893s][info][gc,phases,start] GC(807) Adjust Roots
[186.895s][info][gc,phases      ] GC(807) Adjust Roots 1.897ms
[186.895s][info][gc,phases,start] GC(807) Compaction Phase
[186.905s][info][gc,phases      ] GC(807) Compaction Phase 9.449ms
[186.905s][info][gc,phases,start] GC(807) Post Compact
[186.905s][info][gc,phases      ] GC(807) Post Compact 0.490ms
[186.905s][info][gc,heap        ] GC(807) PSYoungGen: 64K(2446848K)->0K(2446848K) Eden: 0K(2097664K)->0K(2097664K) From: 64K(349184K)->0K(349184K)
[186.905s][info][gc,heap        ] GC(807) ParOldGen: 1129K(5592576K)->1131K(5592576K)
[186.905s][info][gc,metaspace   ] GC(807) Metaspace: 638K(960K)->637K(960K) NonClass: 596K(768K)->596K(768K) Class: 41K(192K)->41K(192K)
[186.905s][info][gc             ] GC(807) Pause Full (System.gc()) 1M->1M(7851M) 17.817ms
[186.905s][info][gc,cpu         ] GC(807) User=0.01s Sys=0.00s Real=0.02s
[187.363s][info][gc,start       ] GC(808) Pause Young (System.gc())
[187.366s][info][gc,heap        ] GC(808) PSYoungGen: 41953K(2446848K)->96K(2446848K) Eden: 41953K(2097664K)->0K(2097664K) From: 0K(349184K)->96K(349184K)
[187.366s][info][gc,heap        ] GC(808) ParOldGen: 1131K(5592576K)->1131K(5592576K)
[187.366s][info][gc,metaspace   ] GC(808) Metaspace: 642K(960K)->642K(960K) NonClass: 599K(768K)->599K(768K) Class: 43K(192K)->43K(192K)
[187.366s][info][gc             ] GC(808) Pause Young (System.gc()) 42M->1M(7851M) 2.941ms
[187.366s][info][gc,cpu         ] GC(808) User=0.00s Sys=0.00s Real=0.01s
[187.366s][info][gc,start       ] GC(809) Pause Full (System.gc())
[187.366s][info][gc,phases,start] GC(809) Marking Phase
[187.371s][info][gc,phases      ] GC(809) Marking Phase 4.261ms
[187.371s][info][gc,phases,start] GC(809) Summary Phase
[187.371s][info][gc,phases      ] GC(809) Summary Phase 0.021ms
[187.371s][info][gc,phases,start] GC(809) Adjust Roots
[187.372s][info][gc,phases      ] GC(809) Adjust Roots 1.177ms
[187.372s][info][gc,phases,start] GC(809) Compaction Phase
[187.374s][info][gc,phases      ] GC(809) Compaction Phase 2.522ms
[187.374s][info][gc,phases,start] GC(809) Post Compact
[187.376s][info][gc,phases      ] GC(809) Post Compact 1.556ms
[187.376s][info][gc,heap        ] GC(809) PSYoungGen: 96K(2446848K)->0K(2446848K) Eden: 0K(2097664K)->0K(2097664K) From: 96K(349184K)->0K(349184K)
[187.376s][info][gc,heap        ] GC(809) ParOldGen: 1131K(5592576K)->1133K(5592576K)
[187.376s][info][gc,metaspace   ] GC(809) Metaspace: 642K(960K)->642K(960K) NonClass: 599K(768K)->599K(768K) Class: 43K(192K)->43K(192K)
[187.376s][info][gc             ] GC(809) Pause Full (System.gc()) 1M->1M(7851M) 9.820ms
[187.376s][info][gc,cpu         ] GC(809) User=0.01s Sys=0.01s Real=0.01s
[187.841s][info][gc,start       ] GC(810) Pause Young (System.gc())
[187.841s][info][gc,heap        ] GC(810) PSYoungGen: 41953K(2446848K)->128K(2446848K) Eden: 41953K(2097664K)->0K(2097664K) From: 0K(349184K)->128K(349184K)
[187.841s][info][gc,heap        ] GC(810) ParOldGen: 1133K(5592576K)->1133K(5592576K)
[187.841s][info][gc,metaspace   ] GC(810) Metaspace: 647K(960K)->647K(960K) NonClass: 602K(768K)->602K(768K) Class: 44K(192K)->44K(192K)
[187.841s][info][gc             ] GC(810) Pause Young (System.gc()) 42M->1M(7851M) 0.519ms
[187.841s][info][gc,cpu         ] GC(810) User=0.00s Sys=0.00s Real=0.00s
[187.841s][info][gc,start       ] GC(811) Pause Full (System.gc())
[187.841s][info][gc,phases,start] GC(811) Marking Phase
[187.846s][info][gc,phases      ] GC(811) Marking Phase 4.688ms
[187.846s][info][gc,phases,start] GC(811) Summary Phase
[187.846s][info][gc,phases      ] GC(811) Summary Phase 0.113ms
[187.846s][info][gc,phases,start] GC(811) Adjust Roots
[187.858s][info][gc,phases      ] GC(811) Adjust Roots 11.273ms
[187.858s][info][gc,phases,start] GC(811) Compaction Phase
[187.859s][info][gc,phases      ] GC(811) Compaction Phase 1.322ms
[187.859s][info][gc,phases,start] GC(811) Post Compact
[187.860s][info][gc,phases      ] GC(811) Post Compact 0.504ms
[187.860s][info][gc,heap        ] GC(811) PSYoungGen: 128K(2446848K)->0K(2446848K) Eden: 0K(2097664K)->0K(2097664K) From: 128K(349184K)->0K(349184K)
[187.860s][info][gc,heap        ] GC(811) ParOldGen: 1133K(5592576K)->1136K(5592576K)
[187.860s][info][gc,metaspace   ] GC(811) Metaspace: 647K(960K)->647K(960K) NonClass: 602K(768K)->602K(768K) Class: 44K(192K)->44K(192K)
[187.860s][info][gc             ] GC(811) Pause Full (System.gc()) 1M->1M(7851M) 18.260ms
[187.860s][info][gc,cpu         ] GC(811) User=0.01s Sys=0.00s Real=0.02s
[188.313s][info][gc,start       ] GC(812) Pause Young (System.gc())
[188.315s][info][gc,heap        ] GC(812) PSYoungGen: 41953K(2446848K)->128K(2446848K) Eden: 41953K(2097664K)->0K(2097664K) From: 0K(349184K)->128K(349184K)
[188.315s][info][gc,heap        ] GC(812) ParOldGen: 1136K(5592576K)->1136K(5592576K)
[188.315s][info][gc,metaspace   ] GC(812) Metaspace: 652K(960K)->652K(960K) NonClass: 605K(768K)->605K(768K) Class: 46K(192K)->46K(192K)
[188.315s][info][gc             ] GC(812) Pause Young (System.gc()) 42M->1M(7851M) 2.503ms
[188.315s][info][gc,cpu         ] GC(812) User=0.00s Sys=0.00s Real=0.01s
[188.315s][info][gc,start       ] GC(813) Pause Full (System.gc())
[188.315s][info][gc,phases,start] GC(813) Marking Phase
[188.322s][info][gc,phases      ] GC(813) Marking Phase 6.065ms
[188.322s][info][gc,phases,start] GC(813) Summary Phase
[188.322s][info][gc,phases      ] GC(813) Summary Phase 0.015ms
[188.322s][info][gc,phases,start] GC(813) Adjust Roots
[188.324s][info][gc,phases      ] GC(813) Adjust Roots 2.596ms
[188.324s][info][gc,phases,start] GC(813) Compaction Phase
[188.334s][info][gc,phases      ] GC(813) Compaction Phase 9.916ms
[188.334s][info][gc,phases,start] GC(813) Post Compact
[188.335s][info][gc,phases      ] GC(813) Post Compact 0.703ms
[188.335s][info][gc,heap        ] GC(813) PSYoungGen: 128K(2446848K)->0K(2446848K) Eden: 0K(2097664K)->0K(2097664K) From: 128K(349184K)->0K(349184K)
[188.335s][info][gc,heap        ] GC(813) ParOldGen: 1136K(5592576K)->1128K(5592576K)
[188.335s][info][gc,metaspace   ] GC(813) Metaspace: 652K(960K)->633K(960K) NonClass: 605K(768K)->595K(768K) Class: 46K(192K)->38K(192K)
[188.335s][info][gc             ] GC(813) Pause Full (System.gc()) 1M->1M(7851M) 19.717ms
[188.335s][info][gc,cpu         ] GC(813) User=0.01s Sys=0.00s Real=0.02s
[188.788s][info][gc,start       ] GC(814) Pause Young (System.gc())
[188.790s][info][gc,heap        ] GC(814) PSYoungGen: 41953K(2446848K)->96K(2446848K) Eden: 41953K(2097664K)->0K(2097664K) From: 0K(349184K)->96K(349184K)
[188.790s][info][gc,heap        ] GC(814) ParOldGen: 1128K(5592576K)->1128K(5592576K)
[188.791s][info][gc,metaspace   ] GC(814) Metaspace: 638K(960K)->638K(960K) NonClass: 598K(768K)->598K(768K) Class: 40K(192K)->40K(192K)
[188.791s][info][gc             ] GC(814) Pause Young (System.gc()) 42M->1M(7851M) 2.866ms
[188.791s][info][gc,cpu         ] GC(814) User=0.00s Sys=0.00s Real=0.00s
[188.791s][info][gc,start       ] GC(815) Pause Full (System.gc())
[188.791s][info][gc,phases,start] GC(815) Marking Phase
[188.795s][info][gc,phases      ] GC(815) Marking Phase 4.417ms
[188.795s][info][gc,phases,start] GC(815) Summary Phase
[188.795s][info][gc,phases      ] GC(815) Summary Phase 0.024ms
[188.795s][info][gc,phases,start] GC(815) Adjust Roots
[188.800s][info][gc,phases      ] GC(815) Adjust Roots 5.085ms
[188.800s][info][gc,phases,start] GC(815) Compaction Phase
[188.812s][info][gc,phases      ] GC(815) Compaction Phase 11.509ms
[188.812s][info][gc,phases,start] GC(815) Post Compact
[188.812s][info][gc,phases      ] GC(815) Post Compact 0.566ms
[188.812s][info][gc,heap        ] GC(815) PSYoungGen: 96K(2446848K)->0K(2446848K) Eden: 0K(2097664K)->0K(2097664K) From: 96K(349184K)->0K(349184K)
[188.812s][info][gc,heap        ] GC(815) ParOldGen: 1128K(5592576K)->1129K(5592576K)
[188.812s][info][gc,metaspace   ] GC(815) Metaspace: 638K(960K)->636K(960K) NonClass: 598K(768K)->596K(768K) Class: 40K(192K)->39K(192K)
[188.812s][info][gc             ] GC(815) Pause Full (System.gc()) 1M->1M(7851M) 21.880ms
[188.813s][info][gc,cpu         ] GC(815) User=0.01s Sys=0.00s Real=0.02s
[189.267s][info][gc,start       ] GC(816) Pause Young (System.gc())
[189.268s][info][gc,heap        ] GC(816) PSYoungGen: 41953K(2446848K)->96K(2446848K) Eden: 41953K(2097664K)->0K(2097664K) From: 0K(349184K)->96K(349184K)
[189.268s][info][gc,heap        ] GC(816) ParOldGen: 1129K(5592576K)->1129K(5592576K)
[189.268s][info][gc,metaspace   ] GC(816) Metaspace: 641K(960K)->641K(960K) NonClass: 600K(768K)->600K(768K) Class: 40K(192K)->40K(192K)
[189.268s][info][gc             ] GC(816) Pause Young (System.gc()) 42M->1M(7851M) 0.994ms
[189.268s][info][gc,cpu         ] GC(816) User=0.00s Sys=0.00s Real=0.00s
[189.268s][info][gc,start       ] GC(817) Pause Full (System.gc())
[189.268s][info][gc,phases,start] GC(817) Marking Phase
[189.272s][info][gc,phases      ] GC(817) Marking Phase 3.963ms
[189.272s][info][gc,phases,start] GC(817) Summary Phase
[189.272s][info][gc,phases      ] GC(817) Summary Phase 0.025ms
[189.272s][info][gc,phases,start] GC(817) Adjust Roots
[189.274s][info][gc,phases      ] GC(817) Adjust Roots 2.540ms
[189.274s][info][gc,phases,start] GC(817) Compaction Phase
[189.286s][info][gc,phases      ] GC(817) Compaction Phase 11.659ms
[189.286s][info][gc,phases,start] GC(817) Post Compact
[189.287s][info][gc,phases      ] GC(817) Post Compact 0.729ms
[189.287s][info][gc,heap        ] GC(817) PSYoungGen: 96K(2446848K)->0K(2446848K) Eden: 0K(2097664K)->0K(2097664K) From: 96K(349184K)->0K(349184K)
[189.287s][info][gc,heap        ] GC(817) ParOldGen: 1129K(5592576K)->1132K(5592576K)
[189.287s][info][gc,metaspace   ] GC(817) Metaspace: 641K(960K)->641K(960K) NonClass: 600K(768K)->600K(768K) Class: 40K(192K)->40K(192K)
[189.287s][info][gc             ] GC(817) Pause Full (System.gc()) 1M->1M(7851M) 19.282ms
[189.287s][info][gc,cpu         ] GC(817) User=0.01s Sys=0.00s Real=0.02s
[189.743s][info][gc,start       ] GC(818) Pause Young (System.gc())
[189.744s][info][gc,heap        ] GC(818) PSYoungGen: 41953K(2446848K)->96K(2446848K) Eden: 41953K(2097664K)->0K(2097664K) From: 0K(349184K)->96K(349184K)
[189.744s][info][gc,heap        ] GC(818) ParOldGen: 1132K(5592576K)->1132K(5592576K)
[189.744s][info][gc,metaspace   ] GC(818) Metaspace: 646K(960K)->646K(960K) NonClass: 603K(768K)->603K(768K) Class: 42K(192K)->42K(192K)
[189.744s][info][gc             ] GC(818) Pause Young (System.gc()) 42M->1M(7851M) 1.103ms
[189.745s][info][gc,cpu         ] GC(818) User=0.00s Sys=0.01s Real=0.00s
[189.745s][info][gc,start       ] GC(819) Pause Full (System.gc())
[189.745s][info][gc,phases,start] GC(819) Marking Phase
[189.764s][info][gc,phases      ] GC(819) Marking Phase 19.611ms
[189.764s][info][gc,phases,start] GC(819) Summary Phase
[189.764s][info][gc,phases      ] GC(819) Summary Phase 0.011ms
[189.764s][info][gc,phases,start] GC(819) Adjust Roots
[189.765s][info][gc,phases      ] GC(819) Adjust Roots 0.622ms
[189.765s][info][gc,phases,start] GC(819) Compaction Phase
[189.766s][info][gc,phases      ] GC(819) Compaction Phase 1.149ms
[189.766s][info][gc,phases,start] GC(819) Post Compact
[189.767s][info][gc,phases      ] GC(819) Post Compact 0.504ms
[189.767s][info][gc,heap        ] GC(819) PSYoungGen: 96K(2446848K)->0K(2446848K) Eden: 0K(2097664K)->0K(2097664K) From: 96K(349184K)->0K(349184K)
[189.767s][info][gc,heap        ] GC(819) ParOldGen: 1132K(5592576K)->1132K(5592576K)
[189.767s][info][gc,metaspace   ] GC(819) Metaspace: 646K(960K)->644K(960K) NonClass: 603K(768K)->602K(768K) Class: 42K(192K)->41K(192K)
[189.767s][info][gc             ] GC(819) Pause Full (System.gc()) 1M->1M(7851M) 22.032ms
[189.767s][info][gc,cpu         ] GC(819) User=0.01s Sys=0.00s Real=0.02s
[190.221s][info][gc,start       ] GC(820) Pause Young (System.gc())
[190.222s][info][gc,heap        ] GC(820) PSYoungGen: 41953K(2446848K)->96K(2446848K) Eden: 41953K(2097664K)->0K(2097664K) From: 0K(349184K)->96K(349184K)
[190.222s][info][gc,heap        ] GC(820) ParOldGen: 1132K(5592576K)->1132K(5592576K)
[190.222s][info][gc,metaspace   ] GC(820) Metaspace: 649K(960K)->649K(960K) NonClass: 605K(768K)->605K(768K) Class: 43K(192K)->43K(192K)
[190.222s][info][gc             ] GC(820) Pause Young (System.gc()) 42M->1M(7851M) 0.589ms
[190.222s][info][gc,cpu         ] GC(820) User=0.00s Sys=0.00s Real=0.00s
[190.222s][info][gc,start       ] GC(821) Pause Full (System.gc())
[190.222s][info][gc,phases,start] GC(821) Marking Phase
[190.234s][info][gc,phases      ] GC(821) Marking Phase 12.021ms
[190.234s][info][gc,phases,start] GC(821) Summary Phase
[190.234s][info][gc,phases      ] GC(821) Summary Phase 0.024ms
[190.234s][info][gc,phases,start] GC(821) Adjust Roots
[190.235s][info][gc,phases      ] GC(821) Adjust Roots 0.839ms
[190.235s][info][gc,phases,start] GC(821) Compaction Phase
[190.237s][info][gc,phases      ] GC(821) Compaction Phase 2.195ms
[190.237s][info][gc,phases,start] GC(821) Post Compact
[190.238s][info][gc,phases      ] GC(821) Post Compact 1.285ms
[190.238s][info][gc,heap        ] GC(821) PSYoungGen: 96K(2446848K)->0K(2446848K) Eden: 0K(2097664K)->0K(2097664K) From: 96K(349184K)->0K(349184K)
[190.238s][info][gc,heap        ] GC(821) ParOldGen: 1132K(5592576K)->1134K(5592576K)
[190.238s][info][gc,metaspace   ] GC(821) Metaspace: 649K(960K)->648K(960K) NonClass: 605K(768K)->605K(768K) Class: 43K(192K)->42K(192K)
[190.238s][info][gc             ] GC(821) Pause Full (System.gc()) 1M->1M(7851M) 16.589ms
[190.238s][info][gc,cpu         ] GC(821) User=0.02s Sys=0.00s Real=0.02s
[190.694s][info][gc,start       ] GC(822) Pause Young (System.gc())
[190.695s][info][gc,heap        ] GC(822) PSYoungGen: 41953K(2446848K)->64K(2446848K) Eden: 41953K(2097664K)->0K(2097664K) From: 0K(349184K)->64K(349184K)
[190.695s][info][gc,heap        ] GC(822) ParOldGen: 1134K(5592576K)->1134K(5592576K)
[190.695s][info][gc,metaspace   ] GC(822) Metaspace: 653K(960K)->653K(960K) NonClass: 608K(768K)->608K(768K) Class: 44K(192K)->44K(192K)
[190.695s][info][gc             ] GC(822) Pause Young (System.gc()) 42M->1M(7851M) 1.333ms
[190.695s][info][gc,cpu         ] GC(822) User=0.00s Sys=0.00s Real=0.00s
[190.695s][info][gc,start       ] GC(823) Pause Full (System.gc())
[190.695s][info][gc,phases,start] GC(823) Marking Phase
[190.701s][info][gc,phases      ] GC(823) Marking Phase 5.993ms
[190.701s][info][gc,phases,start] GC(823) Summary Phase
[190.701s][info][gc,phases      ] GC(823) Summary Phase 0.016ms
[190.701s][info][gc,phases,start] GC(823) Adjust Roots
[190.703s][info][gc,phases      ] GC(823) Adjust Roots 1.582ms
[190.703s][info][gc,phases,start] GC(823) Compaction Phase
[190.712s][info][gc,phases      ] GC(823) Compaction Phase 9.298ms
[190.712s][info][gc,phases,start] GC(823) Post Compact
[190.713s][info][gc,phases      ] GC(823) Post Compact 0.796ms
[190.713s][info][gc,heap        ] GC(823) PSYoungGen: 64K(2446848K)->0K(2446848K) Eden: 0K(2097664K)->0K(2097664K) From: 64K(349184K)->0K(349184K)
[190.717s][info][gc,heap        ] GC(823) ParOldGen: 1134K(5592576K)->1137K(5592576K)
[190.717s][info][gc,metaspace   ] GC(823) Metaspace: 653K(960K)->653K(960K) NonClass: 608K(768K)->608K(768K) Class: 44K(192K)->44K(192K)
[190.717s][info][gc             ] GC(823) Pause Full (System.gc()) 1M->1M(7851M) 21.616ms
[190.717s][info][gc,cpu         ] GC(823) User=0.01s Sys=0.00s Real=0.02s
[191.173s][info][gc,start       ] GC(824) Pause Young (System.gc())
[191.173s][info][gc,heap        ] GC(824) PSYoungGen: 41953K(2446848K)->160K(2446848K) Eden: 41953K(2097664K)->0K(2097664K) From: 0K(349184K)->160K(349184K)
[191.173s][info][gc,heap        ] GC(824) ParOldGen: 1137K(5592576K)->1137K(5592576K)
[191.173s][info][gc,metaspace   ] GC(824) Metaspace: 658K(960K)->658K(960K) NonClass: 612K(768K)->612K(768K) Class: 46K(192K)->46K(192K)
[191.173s][info][gc             ] GC(824) Pause Young (System.gc()) 42M->1M(7851M) 0.453ms
[191.173s][info][gc,cpu         ] GC(824) User=0.00s Sys=0.00s Real=0.01s
[191.173s][info][gc,start       ] GC(825) Pause Full (System.gc())
[191.173s][info][gc,phases,start] GC(825) Marking Phase
[191.177s][info][gc,phases      ] GC(825) Marking Phase 3.793ms
[191.177s][info][gc,phases,start] GC(825) Summary Phase
[191.177s][info][gc,phases      ] GC(825) Summary Phase 0.009ms
[191.177s][info][gc,phases,start] GC(825) Adjust Roots
[191.178s][info][gc,phases      ] GC(825) Adjust Roots 0.558ms
[191.178s][info][gc,phases,start] GC(825) Compaction Phase
[191.179s][info][gc,phases      ] GC(825) Compaction Phase 1.655ms
[191.180s][info][gc,phases,start] GC(825) Post Compact
[191.180s][info][gc,phases      ] GC(825) Post Compact 0.919ms
[191.180s][info][gc,heap        ] GC(825) PSYoungGen: 160K(2446848K)->0K(2446848K) Eden: 0K(2097664K)->0K(2097664K) From: 160K(349184K)->0K(349184K)
[191.180s][info][gc,heap        ] GC(825) ParOldGen: 1137K(5592576K)->1140K(5592576K)
[191.180s][info][gc,metaspace   ] GC(825) Metaspace: 658K(960K)->658K(960K) NonClass: 612K(768K)->612K(768K) Class: 46K(192K)->46K(192K)
[191.180s][info][gc             ] GC(825) Pause Full (System.gc()) 1M->1M(7851M) 7.202ms
[191.180s][info][gc,cpu         ] GC(825) User=0.03s Sys=0.00s Real=0.00s
[191.635s][info][gc,start       ] GC(826) Pause Young (System.gc())
[191.635s][info][gc,heap        ] GC(826) PSYoungGen: 41953K(2446848K)->192K(2446848K) Eden: 41953K(2097664K)->0K(2097664K) From: 0K(349184K)->192K(349184K)
[191.635s][info][gc,heap        ] GC(826) ParOldGen: 1140K(5592576K)->1140K(5592576K)
[191.635s][info][gc,metaspace   ] GC(826) Metaspace: 663K(960K)->663K(960K) NonClass: 615K(768K)->615K(768K) Class: 47K(192K)->47K(192K)
[191.635s][info][gc             ] GC(826) Pause Young (System.gc()) 42M->1M(7851M) 0.521ms
[191.635s][info][gc,cpu         ] GC(826) User=0.00s Sys=0.00s Real=0.00s
[191.635s][info][gc,start       ] GC(827) Pause Full (System.gc())
[191.635s][info][gc,phases,start] GC(827) Marking Phase
[191.640s][info][gc,phases      ] GC(827) Marking Phase 4.509ms
[191.640s][info][gc,phases,start] GC(827) Summary Phase
[191.640s][info][gc,phases      ] GC(827) Summary Phase 0.011ms
[191.640s][info][gc,phases,start] GC(827) Adjust Roots
[191.641s][info][gc,phases      ] GC(827) Adjust Roots 0.924ms
[191.641s][info][gc,phases,start] GC(827) Compaction Phase
[191.643s][info][gc,phases      ] GC(827) Compaction Phase 1.653ms
[191.643s][info][gc,phases,start] GC(827) Post Compact
[191.643s][info][gc,phases      ] GC(827) Post Compact 0.443ms
[191.643s][info][gc,heap        ] GC(827) PSYoungGen: 192K(2446848K)->0K(2446848K) Eden: 0K(2097664K)->0K(2097664K) From: 192K(349184K)->0K(349184K)
[191.643s][info][gc,heap        ] GC(827) ParOldGen: 1140K(5592576K)->1143K(5592576K)
[191.643s][info][gc,metaspace   ] GC(827) Metaspace: 663K(960K)->663K(960K) NonClass: 615K(768K)->615K(768K) Class: 47K(192K)->47K(192K)
[191.643s][info][gc             ] GC(827) Pause Full (System.gc()) 1M->1M(7851M) 7.768ms
[191.643s][info][gc,cpu         ] GC(827) User=0.03s Sys=0.00s Real=0.01s
[192.099s][info][gc,start       ] GC(828) Pause Young (System.gc())
[192.099s][info][gc,heap        ] GC(828) PSYoungGen: 41953K(2446848K)->192K(2446848K) Eden: 41953K(2097664K)->0K(2097664K) From: 0K(349184K)->192K(349184K)
[192.099s][info][gc,heap        ] GC(828) ParOldGen: 1143K(5592576K)->1143K(5592576K)
[192.099s][info][gc,metaspace   ] GC(828) Metaspace: 668K(960K)->668K(960K) NonClass: 618K(768K)->618K(768K) Class: 49K(192K)->49K(192K)
[192.099s][info][gc             ] GC(828) Pause Young (System.gc()) 42M->1M(7851M) 0.533ms
[192.099s][info][gc,cpu         ] GC(828) User=0.00s Sys=0.00s Real=0.00s
[192.099s][info][gc,start       ] GC(829) Pause Full (System.gc())
[192.099s][info][gc,phases,start] GC(829) Marking Phase
[192.101s][info][gc,phases      ] GC(829) Marking Phase 2.207ms
[192.101s][info][gc,phases,start] GC(829) Summary Phase
[192.101s][info][gc,phases      ] GC(829) Summary Phase 0.006ms
[192.101s][info][gc,phases,start] GC(829) Adjust Roots
[192.102s][info][gc,phases      ] GC(829) Adjust Roots 1.142ms
[192.103s][info][gc,phases,start] GC(829) Compaction Phase
[192.103s][info][gc,phases      ] GC(829) Compaction Phase 0.674ms
[192.103s][info][gc,phases,start] GC(829) Post Compact
[192.103s][info][gc,phases      ] GC(829) Post Compact 0.219ms
[192.103s][info][gc,heap        ] GC(829) PSYoungGen: 192K(2446848K)->0K(2446848K) Eden: 0K(2097664K)->0K(2097664K) From: 192K(349184K)->0K(349184K)
[192.103s][info][gc,heap        ] GC(829) ParOldGen: 1143K(5592576K)->1146K(5592576K)
[192.103s][info][gc,metaspace   ] GC(829) Metaspace: 668K(960K)->668K(960K) NonClass: 618K(768K)->618K(768K) Class: 49K(192K)->49K(192K)
[192.103s][info][gc             ] GC(829) Pause Full (System.gc()) 1M->1M(7851M) 4.329ms
[192.103s][info][gc,cpu         ] GC(829) User=0.02s Sys=0.00s Real=0.01s
[192.562s][info][gc,start       ] GC(830) Pause Young (System.gc())
[192.563s][info][gc,heap        ] GC(830) PSYoungGen: 41953K(2446848K)->96K(2446848K) Eden: 41953K(2097664K)->0K(2097664K) From: 0K(349184K)->96K(349184K)
[192.563s][info][gc,heap        ] GC(830) ParOldGen: 1146K(5592576K)->1146K(5592576K)
[192.563s][info][gc,metaspace   ] GC(830) Metaspace: 673K(1024K)->673K(1024K) NonClass: 621K(832K)->621K(832K) Class: 51K(192K)->51K(192K)
[192.563s][info][gc             ] GC(830) Pause Young (System.gc()) 42M->1M(7851M) 0.553ms
[192.563s][info][gc,cpu         ] GC(830) User=0.00s Sys=0.00s Real=0.00s
[192.563s][info][gc,start       ] GC(831) Pause Full (System.gc())
[192.563s][info][gc,phases,start] GC(831) Marking Phase
[192.567s][info][gc,phases      ] GC(831) Marking Phase 4.072ms
[192.567s][info][gc,phases,start] GC(831) Summary Phase
[192.567s][info][gc,phases      ] GC(831) Summary Phase 0.022ms
[192.567s][info][gc,phases,start] GC(831) Adjust Roots
[192.575s][info][gc,phases      ] GC(831) Adjust Roots 7.629ms
[192.575s][info][gc,phases,start] GC(831) Compaction Phase
[192.580s][info][gc,phases      ] GC(831) Compaction Phase 5.633ms
[192.580s][info][gc,phases,start] GC(831) Post Compact
[192.581s][info][gc,phases      ] GC(831) Post Compact 0.495ms
[192.581s][info][gc,heap        ] GC(831) PSYoungGen: 96K(2446848K)->0K(2446848K) Eden: 0K(2097664K)->0K(2097664K) From: 96K(349184K)->0K(349184K)
[192.581s][info][gc,heap        ] GC(831) ParOldGen: 1146K(5592576K)->1149K(5592576K)
[192.581s][info][gc,metaspace   ] GC(831) Metaspace: 673K(1024K)->673K(1024K) NonClass: 621K(832K)->621K(832K) Class: 51K(192K)->51K(192K)
[192.581s][info][gc             ] GC(831) Pause Full (System.gc()) 1M->1M(7851M) 18.207ms
[192.581s][info][gc,cpu         ] GC(831) User=0.01s Sys=0.00s Real=0.02s
[193.037s][info][gc,start       ] GC(832) Pause Young (System.gc())
[193.037s][info][gc,heap        ] GC(832) PSYoungGen: 41953K(2446848K)->96K(2446848K) Eden: 41953K(2097664K)->0K(2097664K) From: 0K(349184K)->96K(349184K)
[193.037s][info][gc,heap        ] GC(832) ParOldGen: 1149K(5592576K)->1149K(5592576K)
[193.037s][info][gc,metaspace   ] GC(832) Metaspace: 678K(1024K)->678K(1024K) NonClass: 625K(832K)->625K(832K) Class: 53K(192K)->53K(192K)
[193.037s][info][gc             ] GC(832) Pause Young (System.gc()) 42M->1M(7851M) 0.522ms
[193.037s][info][gc,cpu         ] GC(832) User=0.00s Sys=0.00s Real=0.00s
[193.037s][info][gc,start       ] GC(833) Pause Full (System.gc())
[193.037s][info][gc,phases,start] GC(833) Marking Phase
[193.043s][info][gc,phases      ] GC(833) Marking Phase 5.125ms
[193.043s][info][gc,phases,start] GC(833) Summary Phase
[193.043s][info][gc,phases      ] GC(833) Summary Phase 0.019ms
[193.043s][info][gc,phases,start] GC(833) Adjust Roots
[193.043s][info][gc,phases      ] GC(833) Adjust Roots 0.840ms
[193.043s][info][gc,phases,start] GC(833) Compaction Phase
[193.045s][info][gc,phases      ] GC(833) Compaction Phase 1.181ms
[193.045s][info][gc,phases,start] GC(833) Post Compact
[193.046s][info][gc,phases      ] GC(833) Post Compact 1.087ms
[193.046s][info][gc,heap        ] GC(833) PSYoungGen: 96K(2446848K)->0K(2446848K) Eden: 0K(2097664K)->0K(2097664K) From: 96K(349184K)->0K(349184K)
[193.046s][info][gc,heap        ] GC(833) ParOldGen: 1149K(5592576K)->1137K(5592576K)
[193.046s][info][gc,metaspace   ] GC(833) Metaspace: 678K(1024K)->656K(1024K) NonClass: 625K(832K)->613K(832K) Class: 53K(192K)->43K(192K)
[193.046s][info][gc             ] GC(833) Pause Full (System.gc()) 1M->1M(7851M) 8.493ms
[193.046s][info][gc,cpu         ] GC(833) User=0.01s Sys=0.00s Real=0.01s
[193.501s][info][gc,start       ] GC(834) Pause Young (System.gc())
[193.502s][info][gc,heap        ] GC(834) PSYoungGen: 41953K(2446848K)->128K(2446848K) Eden: 41953K(2097664K)->0K(2097664K) From: 0K(349184K)->128K(349184K)
[193.502s][info][gc,heap        ] GC(834) ParOldGen: 1137K(5592576K)->1137K(5592576K)
[193.502s][info][gc,metaspace   ] GC(834) Metaspace: 661K(1024K)->661K(1024K) NonClass: 616K(832K)->616K(832K) Class: 45K(192K)->45K(192K)
[193.502s][info][gc             ] GC(834) Pause Young (System.gc()) 42M->1M(7851M) 0.349ms
[193.502s][info][gc,cpu         ] GC(834) User=0.00s Sys=0.00s Real=0.00s
[193.502s][info][gc,start       ] GC(835) Pause Full (System.gc())
[193.502s][info][gc,phases,start] GC(835) Marking Phase
[193.504s][info][gc,phases      ] GC(835) Marking Phase 2.646ms
[193.505s][info][gc,phases,start] GC(835) Summary Phase
[193.505s][info][gc,phases      ] GC(835) Summary Phase 0.014ms
[193.505s][info][gc,phases,start] GC(835) Adjust Roots
[193.505s][info][gc,phases      ] GC(835) Adjust Roots 0.549ms
[193.505s][info][gc,phases,start] GC(835) Compaction Phase
[193.506s][info][gc,phases      ] GC(835) Compaction Phase 1.021ms
[193.506s][info][gc,phases,start] GC(835) Post Compact
[193.507s][info][gc,phases      ] GC(835) Post Compact 0.349ms
[193.507s][info][gc,heap        ] GC(835) PSYoungGen: 128K(2446848K)->0K(2446848K) Eden: 0K(2097664K)->0K(2097664K) From: 128K(349184K)->0K(349184K)
[193.507s][info][gc,heap        ] GC(835) ParOldGen: 1137K(5592576K)->1138K(5592576K)
[193.507s][info][gc,metaspace   ] GC(835) Metaspace: 661K(1024K)->658K(1024K) NonClass: 616K(832K)->614K(832K) Class: 45K(192K)->44K(192K)
[193.507s][info][gc             ] GC(835) Pause Full (System.gc()) 1M->1M(7851M) 4.783ms
[193.507s][info][gc,cpu         ] GC(835) User=0.01s Sys=0.00s Real=0.01s
[193.963s][info][gc,start       ] GC(836) Pause Young (System.gc())
[193.963s][info][gc,heap        ] GC(836) PSYoungGen: 41953K(2446848K)->128K(2446848K) Eden: 41953K(2097664K)->0K(2097664K) From: 0K(349184K)->128K(349184K)
[193.963s][info][gc,heap        ] GC(836) ParOldGen: 1138K(5592576K)->1138K(5592576K)
[193.963s][info][gc,metaspace   ] GC(836) Metaspace: 663K(1024K)->663K(1024K) NonClass: 618K(832K)->618K(832K) Class: 45K(192K)->45K(192K)
[193.963s][info][gc             ] GC(836) Pause Young (System.gc()) 42M->1M(7851M) 0.389ms
[193.963s][info][gc,cpu         ] GC(836) User=0.00s Sys=0.00s Real=0.01s
[193.963s][info][gc,start       ] GC(837) Pause Full (System.gc())
[193.963s][info][gc,phases,start] GC(837) Marking Phase
[193.967s][info][gc,phases      ] GC(837) Marking Phase 4.069ms
[193.968s][info][gc,phases,start] GC(837) Summary Phase
[193.968s][info][gc,phases      ] GC(837) Summary Phase 0.032ms
[193.968s][info][gc,phases,start] GC(837) Adjust Roots
[193.969s][info][gc,phases      ] GC(837) Adjust Roots 1.006ms
[193.969s][info][gc,phases,start] GC(837) Compaction Phase
[193.970s][info][gc,phases      ] GC(837) Compaction Phase 1.633ms
[193.970s][info][gc,phases,start] GC(837) Post Compact
[193.971s][info][gc,phases      ] GC(837) Post Compact 0.702ms
[193.971s][info][gc,heap        ] GC(837) PSYoungGen: 128K(2446848K)->0K(2446848K) Eden: 0K(2097664K)->0K(2097664K) From: 128K(349184K)->0K(349184K)
[193.971s][info][gc,heap        ] GC(837) ParOldGen: 1138K(5592576K)->1139K(5592576K)
[193.971s][info][gc,metaspace   ] GC(837) Metaspace: 663K(1024K)->661K(1024K) NonClass: 618K(832K)->616K(832K) Class: 45K(192K)->44K(192K)
[193.971s][info][gc             ] GC(837) Pause Full (System.gc()) 1M->1M(7851M) 7.814ms
[193.971s][info][gc,cpu         ] GC(837) User=0.01s Sys=0.00s Real=0.00s
[194.428s][info][gc,start       ] GC(838) Pause Young (System.gc())
[194.429s][info][gc,heap        ] GC(838) PSYoungGen: 41953K(2446848K)->96K(2446848K) Eden: 41953K(2097664K)->0K(2097664K) From: 0K(349184K)->96K(349184K)
[194.429s][info][gc,heap        ] GC(838) ParOldGen: 1139K(5592576K)->1139K(5592576K)
[194.429s][info][gc,metaspace   ] GC(838) Metaspace: 666K(1024K)->666K(1024K) NonClass: 619K(832K)->619K(832K) Class: 46K(192K)->46K(192K)
[194.429s][info][gc             ] GC(838) Pause Young (System.gc()) 42M->1M(7851M) 0.693ms
[194.429s][info][gc,cpu         ] GC(838) User=0.00s Sys=0.00s Real=0.00s
[194.429s][info][gc,start       ] GC(839) Pause Full (System.gc())
[194.429s][info][gc,phases,start] GC(839) Marking Phase
[194.434s][info][gc,phases      ] GC(839) Marking Phase 4.328ms
[194.434s][info][gc,phases,start] GC(839) Summary Phase
[194.434s][info][gc,phases      ] GC(839) Summary Phase 0.035ms
[194.434s][info][gc,phases,start] GC(839) Adjust Roots
[194.435s][info][gc,phases      ] GC(839) Adjust Roots 1.575ms
[194.435s][info][gc,phases,start] GC(839) Compaction Phase
[194.437s][info][gc,phases      ] GC(839) Compaction Phase 1.276ms
[194.437s][info][gc,phases,start] GC(839) Post Compact
[194.437s][info][gc,phases      ] GC(839) Post Compact 0.596ms
[194.437s][info][gc,heap        ] GC(839) PSYoungGen: 96K(2446848K)->0K(2446848K) Eden: 0K(2097664K)->0K(2097664K) From: 96K(349184K)->0K(349184K)
[194.437s][info][gc,heap        ] GC(839) ParOldGen: 1139K(5592576K)->1142K(5592576K)
[194.437s][info][gc,metaspace   ] GC(839) Metaspace: 666K(1024K)->666K(1024K) NonClass: 619K(832K)->619K(832K) Class: 46K(192K)->46K(192K)
[194.437s][info][gc             ] GC(839) Pause Full (System.gc()) 1M->1M(7851M) 8.204ms
[194.437s][info][gc,cpu         ] GC(839) User=0.02s Sys=0.00s Real=0.01s
[194.893s][info][gc,start       ] GC(840) Pause Young (System.gc())
[194.893s][info][gc,heap        ] GC(840) PSYoungGen: 41953K(2446848K)->96K(2446848K) Eden: 41953K(2097664K)->0K(2097664K) From: 0K(349184K)->96K(349184K)
[194.894s][info][gc,heap        ] GC(840) ParOldGen: 1142K(5592576K)->1142K(5592576K)
[194.894s][info][gc,metaspace   ] GC(840) Metaspace: 671K(1024K)->671K(1024K) NonClass: 623K(832K)->623K(832K) Class: 47K(192K)->47K(192K)
[194.894s][info][gc             ] GC(840) Pause Young (System.gc()) 42M->1M(7851M) 0.609ms
[194.894s][info][gc,cpu         ] GC(840) User=0.00s Sys=0.00s Real=0.01s
[194.894s][info][gc,start       ] GC(841) Pause Full (System.gc())
[194.894s][info][gc,phases,start] GC(841) Marking Phase
[194.900s][info][gc,phases      ] GC(841) Marking Phase 6.376ms
[194.900s][info][gc,phases,start] GC(841) Summary Phase
[194.900s][info][gc,phases      ] GC(841) Summary Phase 0.021ms
[194.900s][info][gc,phases,start] GC(841) Adjust Roots
[194.901s][info][gc,phases      ] GC(841) Adjust Roots 0.846ms
[194.901s][info][gc,phases,start] GC(841) Compaction Phase
[194.902s][info][gc,phases      ] GC(841) Compaction Phase 1.302ms
[194.902s][info][gc,phases,start] GC(841) Post Compact
[194.903s][info][gc,phases      ] GC(841) Post Compact 0.677ms
[194.903s][info][gc,heap        ] GC(841) PSYoungGen: 96K(2446848K)->0K(2446848K) Eden: 0K(2097664K)->0K(2097664K) From: 96K(349184K)->0K(349184K)
[194.903s][info][gc,heap        ] GC(841) ParOldGen: 1142K(5592576K)->1141K(5592576K)
[194.903s][info][gc,metaspace   ] GC(841) Metaspace: 671K(1024K)->665K(1024K) NonClass: 623K(832K)->620K(832K) Class: 47K(192K)->45K(192K)
[194.903s][info][gc             ] GC(841) Pause Full (System.gc()) 1M->1M(7851M) 9.533ms
[194.903s][info][gc,cpu         ] GC(841) User=0.01s Sys=0.00s Real=0.01s
[195.357s][info][gc,start       ] GC(842) Pause Young (System.gc())
[195.357s][info][gc,heap        ] GC(842) PSYoungGen: 41953K(2446848K)->128K(2446848K) Eden: 41953K(2097664K)->0K(2097664K) From: 0K(349184K)->128K(349184K)
[195.357s][info][gc,heap        ] GC(842) ParOldGen: 1141K(5592576K)->1141K(5592576K)
[195.357s][info][gc,metaspace   ] GC(842) Metaspace: 670K(1024K)->670K(1024K) NonClass: 623K(832K)->623K(832K) Class: 47K(192K)->47K(192K)
[195.357s][info][gc             ] GC(842) Pause Young (System.gc()) 42M->1M(7851M) 0.734ms
[195.357s][info][gc,cpu         ] GC(842) User=0.00s Sys=0.00s Real=0.00s
[195.358s][info][gc,start       ] GC(843) Pause Full (System.gc())
[195.358s][info][gc,phases,start] GC(843) Marking Phase
[195.364s][info][gc,phases      ] GC(843) Marking Phase 6.637ms
[195.364s][info][gc,phases,start] GC(843) Summary Phase
[195.364s][info][gc,phases      ] GC(843) Summary Phase 0.019ms
[195.364s][info][gc,phases,start] GC(843) Adjust Roots
[195.365s][info][gc,phases      ] GC(843) Adjust Roots 0.807ms
[195.365s][info][gc,phases,start] GC(843) Compaction Phase
[195.366s][info][gc,phases      ] GC(843) Compaction Phase 1.203ms
[195.366s][info][gc,phases,start] GC(843) Post Compact
[195.367s][info][gc,phases      ] GC(843) Post Compact 0.511ms
[195.367s][info][gc,heap        ] GC(843) PSYoungGen: 128K(2446848K)->0K(2446848K) Eden: 0K(2097664K)->0K(2097664K) From: 128K(349184K)->0K(349184K)
[195.367s][info][gc,heap        ] GC(843) ParOldGen: 1141K(5592576K)->1142K(5592576K)
[195.367s][info][gc,metaspace   ] GC(843) Metaspace: 670K(1024K)->668K(1024K) NonClass: 623K(832K)->622K(832K) Class: 47K(192K)->46K(192K)
[195.367s][info][gc             ] GC(843) Pause Full (System.gc()) 1M->1M(7851M) 9.501ms
[195.367s][info][gc,cpu         ] GC(843) User=0.02s Sys=0.01s Real=0.01s
[195.827s][info][gc,start       ] GC(844) Pause Young (System.gc())
[195.828s][info][gc,heap        ] GC(844) PSYoungGen: 41953K(2446848K)->96K(2446848K) Eden: 41953K(2097664K)->0K(2097664K) From: 0K(349184K)->96K(349184K)
[195.828s][info][gc,heap        ] GC(844) ParOldGen: 1142K(5592576K)->1142K(5592576K)
[195.828s][info][gc,metaspace   ] GC(844) Metaspace: 673K(1024K)->673K(1024K) NonClass: 625K(832K)->625K(832K) Class: 47K(192K)->47K(192K)
[195.828s][info][gc             ] GC(844) Pause Young (System.gc()) 42M->1M(7851M) 1.517ms
[195.828s][info][gc,cpu         ] GC(844) User=0.00s Sys=0.00s Real=0.00s
[195.829s][info][gc,start       ] GC(845) Pause Full (System.gc())
[195.829s][info][gc,phases,start] GC(845) Marking Phase
[195.833s][info][gc,phases      ] GC(845) Marking Phase 4.906ms
[195.834s][info][gc,phases,start] GC(845) Summary Phase
[195.834s][info][gc,phases      ] GC(845) Summary Phase 0.025ms
[195.834s][info][gc,phases,start] GC(845) Adjust Roots
[195.834s][info][gc,phases      ] GC(845) Adjust Roots 0.666ms
[195.834s][info][gc,phases,start] GC(845) Compaction Phase
[195.835s][info][gc,phases      ] GC(845) Compaction Phase 1.064ms
[195.835s][info][gc,phases,start] GC(845) Post Compact
[195.836s][info][gc,phases      ] GC(845) Post Compact 0.505ms
[195.836s][info][gc,heap        ] GC(845) PSYoungGen: 96K(2446848K)->0K(2446848K) Eden: 0K(2097664K)->0K(2097664K) From: 96K(349184K)->0K(349184K)
[195.836s][info][gc,heap        ] GC(845) ParOldGen: 1142K(5592576K)->1143K(5592576K)
[195.836s][info][gc,metaspace   ] GC(845) Metaspace: 673K(1024K)->670K(1024K) NonClass: 625K(832K)->623K(832K) Class: 47K(192K)->46K(192K)
[195.836s][info][gc             ] GC(845) Pause Full (System.gc()) 1M->1M(7851M) 7.475ms
[195.836s][info][gc,cpu         ] GC(845) User=0.01s Sys=0.00s Real=0.01s
[196.289s][info][gc,start       ] GC(846) Pause Young (System.gc())
[196.290s][info][gc,heap        ] GC(846) PSYoungGen: 41953K(2446848K)->128K(2446848K) Eden: 41953K(2097664K)->0K(2097664K) From: 0K(349184K)->128K(349184K)
[196.290s][info][gc,heap        ] GC(846) ParOldGen: 1143K(5592576K)->1143K(5592576K)
[196.290s][info][gc,metaspace   ] GC(846) Metaspace: 675K(1024K)->675K(1024K) NonClass: 627K(832K)->627K(832K) Class: 48K(192K)->48K(192K)
[196.290s][info][gc             ] GC(846) Pause Young (System.gc()) 42M->1M(7851M) 0.599ms
[196.290s][info][gc,cpu         ] GC(846) User=0.00s Sys=0.00s Real=0.00s
[196.290s][info][gc,start       ] GC(847) Pause Full (System.gc())
[196.290s][info][gc,phases,start] GC(847) Marking Phase
[196.294s][info][gc,phases      ] GC(847) Marking Phase 4.067ms
[196.294s][info][gc,phases,start] GC(847) Summary Phase
[196.294s][info][gc,phases      ] GC(847) Summary Phase 0.030ms
[196.294s][info][gc,phases,start] GC(847) Adjust Roots
[196.295s][info][gc,phases      ] GC(847) Adjust Roots 0.910ms
[196.295s][info][gc,phases,start] GC(847) Compaction Phase
[196.296s][info][gc,phases      ] GC(847) Compaction Phase 1.208ms
[196.296s][info][gc,phases,start] GC(847) Post Compact
[196.297s][info][gc,phases      ] GC(847) Post Compact 0.845ms
[196.297s][info][gc,heap        ] GC(847) PSYoungGen: 128K(2446848K)->0K(2446848K) Eden: 0K(2097664K)->0K(2097664K) From: 128K(349184K)->0K(349184K)
[196.297s][info][gc,heap        ] GC(847) ParOldGen: 1143K(5592576K)->1122K(5592576K)
[196.297s][info][gc,metaspace   ] GC(847) Metaspace: 675K(1024K)->619K(1024K) NonClass: 627K(832K)->584K(832K) Class: 48K(192K)->35K(192K)
[196.297s][info][gc             ] GC(847) Pause Full (System.gc()) 1M->1M(7851M) 7.422ms
[196.297s][info][gc,cpu         ] GC(847) User=0.01s Sys=0.00s Real=0.01s
[196.750s][info][gc,start       ] GC(848) Pause Young (System.gc())
[196.751s][info][gc,heap        ] GC(848) PSYoungGen: 41953K(2446848K)->96K(2446848K) Eden: 41953K(2097664K)->0K(2097664K) From: 0K(349184K)->96K(349184K)
[196.751s][info][gc,heap        ] GC(848) ParOldGen: 1122K(5592576K)->1122K(5592576K)
[196.751s][info][gc,metaspace   ] GC(848) Metaspace: 624K(1024K)->624K(1024K) NonClass: 587K(832K)->587K(832K) Class: 37K(192K)->37K(192K)
[196.751s][info][gc             ] GC(848) Pause Young (System.gc()) 42M->1M(7851M) 0.631ms
[196.751s][info][gc,cpu         ] GC(848) User=0.00s Sys=0.00s Real=0.00s
[196.751s][info][gc,start       ] GC(849) Pause Full (System.gc())
[196.751s][info][gc,phases,start] GC(849) Marking Phase
[196.756s][info][gc,phases      ] GC(849) Marking Phase 4.496ms
[196.756s][info][gc,phases,start] GC(849) Summary Phase
[196.756s][info][gc,phases      ] GC(849) Summary Phase 0.026ms
[196.756s][info][gc,phases,start] GC(849) Adjust Roots
[196.757s][info][gc,phases      ] GC(849) Adjust Roots 0.837ms
[196.757s][info][gc,phases,start] GC(849) Compaction Phase
[196.758s][info][gc,phases      ] GC(849) Compaction Phase 1.261ms
[196.758s][info][gc,phases,start] GC(849) Post Compact
[196.759s][info][gc,phases      ] GC(849) Post Compact 0.559ms
[196.759s][info][gc,heap        ] GC(849) PSYoungGen: 96K(2446848K)->0K(2446848K) Eden: 0K(2097664K)->0K(2097664K) From: 96K(349184K)->0K(349184K)
[196.759s][info][gc,heap        ] GC(849) ParOldGen: 1122K(5592576K)->1122K(5592576K)
[196.759s][info][gc,metaspace   ] GC(849) Metaspace: 624K(1024K)->619K(1024K) NonClass: 587K(832K)->584K(832K) Class: 37K(192K)->35K(192K)
[196.759s][info][gc             ] GC(849) Pause Full (System.gc()) 1M->1M(7851M) 7.535ms
[196.759s][info][gc,cpu         ] GC(849) User=0.01s Sys=0.00s Real=0.01s
[197.216s][info][gc,start       ] GC(850) Pause Young (System.gc())
[197.216s][info][gc,heap        ] GC(850) PSYoungGen: 41953K(2446848K)->96K(2446848K) Eden: 41953K(2097664K)->0K(2097664K) From: 0K(349184K)->96K(349184K)
[197.216s][info][gc,heap        ] GC(850) ParOldGen: 1122K(5592576K)->1122K(5592576K)
[197.217s][info][gc,metaspace   ] GC(850) Metaspace: 624K(1024K)->624K(1024K) NonClass: 587K(832K)->587K(832K) Class: 37K(192K)->37K(192K)
[197.217s][info][gc             ] GC(850) Pause Young (System.gc()) 42M->1M(7851M) 0.748ms
[197.217s][info][gc,cpu         ] GC(850) User=0.00s Sys=0.00s Real=0.00s
[197.217s][info][gc,start       ] GC(851) Pause Full (System.gc())
[197.217s][info][gc,phases,start] GC(851) Marking Phase
[197.224s][info][gc,phases      ] GC(851) Marking Phase 7.206ms
[197.224s][info][gc,phases,start] GC(851) Summary Phase
[197.224s][info][gc,phases      ] GC(851) Summary Phase 0.016ms
[197.224s][info][gc,phases,start] GC(851) Adjust Roots
[197.225s][info][gc,phases      ] GC(851) Adjust Roots 0.764ms
[197.225s][info][gc,phases,start] GC(851) Compaction Phase
[197.226s][info][gc,phases      ] GC(851) Compaction Phase 1.251ms
[197.226s][info][gc,phases,start] GC(851) Post Compact
[197.227s][info][gc,phases      ] GC(851) Post Compact 0.582ms
[197.227s][info][gc,heap        ] GC(851) PSYoungGen: 96K(2446848K)->0K(2446848K) Eden: 0K(2097664K)->0K(2097664K) From: 96K(349184K)->0K(349184K)
[197.227s][info][gc,heap        ] GC(851) ParOldGen: 1122K(5592576K)->1123K(5592576K)
[197.227s][info][gc,metaspace   ] GC(851) Metaspace: 624K(1024K)->622K(1024K) NonClass: 587K(832K)->586K(832K) Class: 37K(192K)->36K(192K)
[197.227s][info][gc             ] GC(851) Pause Full (System.gc()) 1M->1M(7851M) 10.137ms
[197.227s][info][gc,cpu         ] GC(851) User=0.01s Sys=0.01s Real=0.01s
[197.682s][info][gc,start       ] GC(852) Pause Young (System.gc())
[197.682s][info][gc,heap        ] GC(852) PSYoungGen: 41953K(2446848K)->96K(2446848K) Eden: 41953K(2097664K)->0K(2097664K) From: 0K(349184K)->96K(349184K)
[197.682s][info][gc,heap        ] GC(852) ParOldGen: 1123K(5592576K)->1123K(5592576K)
[197.682s][info][gc,metaspace   ] GC(852) Metaspace: 627K(1024K)->627K(1024K) NonClass: 589K(832K)->589K(832K) Class: 37K(192K)->37K(192K)
[197.682s][info][gc             ] GC(852) Pause Young (System.gc()) 42M->1M(7851M) 0.632ms
[197.682s][info][gc,cpu         ] GC(852) User=0.00s Sys=0.00s Real=0.00s
[197.682s][info][gc,start       ] GC(853) Pause Full (System.gc())
[197.682s][info][gc,phases,start] GC(853) Marking Phase
[197.687s][info][gc,phases      ] GC(853) Marking Phase 4.859ms
[197.687s][info][gc,phases,start] GC(853) Summary Phase
[197.688s][info][gc,phases      ] GC(853) Summary Phase 0.042ms
[197.688s][info][gc,phases,start] GC(853) Adjust Roots
[197.689s][info][gc,phases      ] GC(853) Adjust Roots 1.360ms
[197.689s][info][gc,phases,start] GC(853) Compaction Phase
[197.692s][info][gc,phases      ] GC(853) Compaction Phase 2.826ms
[197.692s][info][gc,phases,start] GC(853) Post Compact
[197.693s][info][gc,phases      ] GC(853) Post Compact 0.773ms
[197.693s][info][gc,heap        ] GC(853) PSYoungGen: 96K(2446848K)->0K(2446848K) Eden: 0K(2097664K)->0K(2097664K) From: 96K(349184K)->0K(349184K)
[197.693s][info][gc,heap        ] GC(853) ParOldGen: 1123K(5592576K)->1126K(5592576K)
[197.693s][info][gc,metaspace   ] GC(853) Metaspace: 627K(1024K)->627K(1024K) NonClass: 589K(832K)->589K(832K) Class: 37K(192K)->37K(192K)
[197.693s][info][gc             ] GC(853) Pause Full (System.gc()) 1M->1M(7851M) 10.276ms
[197.693s][info][gc,cpu         ] GC(853) User=0.02s Sys=0.00s Real=0.01s
[198.149s][info][gc,start       ] GC(854) Pause Young (System.gc())
[198.150s][info][gc,heap        ] GC(854) PSYoungGen: 41953K(2446848K)->96K(2446848K) Eden: 41953K(2097664K)->0K(2097664K) From: 0K(349184K)->96K(349184K)
[198.150s][info][gc,heap        ] GC(854) ParOldGen: 1126K(5592576K)->1126K(5592576K)
[198.150s][info][gc,metaspace   ] GC(854) Metaspace: 632K(1024K)->632K(1024K) NonClass: 592K(832K)->592K(832K) Class: 39K(192K)->39K(192K)
[198.150s][info][gc             ] GC(854) Pause Young (System.gc()) 42M->1M(7851M) 0.388ms
[198.150s][info][gc,cpu         ] GC(854) User=0.00s Sys=0.00s Real=0.00s
[198.150s][info][gc,start       ] GC(855) Pause Full (System.gc())
[198.150s][info][gc,phases,start] GC(855) Marking Phase
[198.155s][info][gc,phases      ] GC(855) Marking Phase 4.862ms
[198.155s][info][gc,phases,start] GC(855) Summary Phase
[198.155s][info][gc,phases      ] GC(855) Summary Phase 0.030ms
[198.155s][info][gc,phases,start] GC(855) Adjust Roots
[198.156s][info][gc,phases      ] GC(855) Adjust Roots 1.105ms
[198.156s][info][gc,phases,start] GC(855) Compaction Phase
[198.158s][info][gc,phases      ] GC(855) Compaction Phase 1.605ms
[198.158s][info][gc,phases,start] GC(855) Post Compact
[198.159s][info][gc,phases      ] GC(855) Post Compact 0.674ms
[198.159s][info][gc,heap        ] GC(855) PSYoungGen: 96K(2446848K)->0K(2446848K) Eden: 0K(2097664K)->0K(2097664K) From: 96K(349184K)->0K(349184K)
[198.159s][info][gc,heap        ] GC(855) ParOldGen: 1126K(5592576K)->1124K(5592576K)
[198.159s][info][gc,metaspace   ] GC(855) Metaspace: 632K(1024K)->623K(1024K) NonClass: 592K(832K)->586K(832K) Class: 39K(192K)->36K(192K)
[198.159s][info][gc             ] GC(855) Pause Full (System.gc()) 1M->1M(7851M) 8.743ms
[198.159s][info][gc,cpu         ] GC(855) User=0.01s Sys=0.00s Real=0.01s
[198.615s][info][gc,start       ] GC(856) Pause Young (System.gc())
[198.615s][info][gc,heap        ] GC(856) PSYoungGen: 41953K(2446848K)->160K(2446848K) Eden: 41953K(2097664K)->0K(2097664K) From: 0K(349184K)->160K(349184K)
[198.615s][info][gc,heap        ] GC(856) ParOldGen: 1124K(5592576K)->1124K(5592576K)
[198.615s][info][gc,metaspace   ] GC(856) Metaspace: 628K(1024K)->628K(1024K) NonClass: 589K(832K)->589K(832K) Class: 38K(192K)->38K(192K)
[198.615s][info][gc             ] GC(856) Pause Young (System.gc()) 42M->1M(7851M) 0.484ms
[198.615s][info][gc,cpu         ] GC(856) User=0.00s Sys=0.00s Real=0.00s
[198.615s][info][gc,start       ] GC(857) Pause Full (System.gc())
[198.615s][info][gc,phases,start] GC(857) Marking Phase
[198.619s][info][gc,phases      ] GC(857) Marking Phase 3.848ms
[198.620s][info][gc,phases,start] GC(857) Summary Phase
[198.620s][info][gc,phases      ] GC(857) Summary Phase 0.036ms
[198.620s][info][gc,phases,start] GC(857) Adjust Roots
[198.620s][info][gc,phases      ] GC(857) Adjust Roots 0.829ms
[198.620s][info][gc,phases,start] GC(857) Compaction Phase
[198.622s][info][gc,phases      ] GC(857) Compaction Phase 1.206ms
[198.622s][info][gc,phases,start] GC(857) Post Compact
[198.622s][info][gc,phases      ] GC(857) Post Compact 0.533ms
[198.622s][info][gc,heap        ] GC(857) PSYoungGen: 160K(2446848K)->0K(2446848K) Eden: 0K(2097664K)->0K(2097664K) From: 160K(349184K)->0K(349184K)
[198.622s][info][gc,heap        ] GC(857) ParOldGen: 1124K(5592576K)->1125K(5592576K)
[198.622s][info][gc,metaspace   ] GC(857) Metaspace: 628K(1024K)->625K(1024K) NonClass: 589K(832K)->587K(832K) Class: 38K(192K)->37K(192K)
[198.622s][info][gc             ] GC(857) Pause Full (System.gc()) 1M->1M(7851M) 6.839ms
[198.622s][info][gc,cpu         ] GC(857) User=0.01s Sys=0.00s Real=0.00s
[199.079s][info][gc,start       ] GC(858) Pause Young (System.gc())
[199.080s][info][gc,heap        ] GC(858) PSYoungGen: 41953K(2446848K)->128K(2446848K) Eden: 41953K(2097664K)->0K(2097664K) From: 0K(349184K)->128K(349184K)
[199.080s][info][gc,heap        ] GC(858) ParOldGen: 1125K(5592576K)->1125K(5592576K)
[199.080s][info][gc,metaspace   ] GC(858) Metaspace: 630K(1024K)->630K(1024K) NonClass: 590K(832K)->590K(832K) Class: 39K(192K)->39K(192K)
[199.080s][info][gc             ] GC(858) Pause Young (System.gc()) 42M->1M(7851M) 1.017ms
[199.080s][info][gc,cpu         ] GC(858) User=0.00s Sys=0.00s Real=0.00s
[199.081s][info][gc,start       ] GC(859) Pause Full (System.gc())
[199.081s][info][gc,phases,start] GC(859) Marking Phase
[199.086s][info][gc,phases      ] GC(859) Marking Phase 5.145ms
[199.086s][info][gc,phases,start] GC(859) Summary Phase
[199.086s][info][gc,phases      ] GC(859) Summary Phase 0.029ms
[199.086s][info][gc,phases,start] GC(859) Adjust Roots
[199.088s][info][gc,phases      ] GC(859) Adjust Roots 1.704ms
[199.088s][info][gc,phases,start] GC(859) Compaction Phase
[199.089s][info][gc,phases      ] GC(859) Compaction Phase 1.639ms
[199.089s][info][gc,phases,start] GC(859) Post Compact
[199.090s][info][gc,phases      ] GC(859) Post Compact 0.675ms
[199.090s][info][gc,heap        ] GC(859) PSYoungGen: 128K(2446848K)->0K(2446848K) Eden: 0K(2097664K)->0K(2097664K) From: 128K(349184K)->0K(349184K)
[199.090s][info][gc,heap        ] GC(859) ParOldGen: 1125K(5592576K)->1123K(5592576K)
[199.090s][info][gc,metaspace   ] GC(859) Metaspace: 630K(1024K)->622K(1024K) NonClass: 590K(832K)->586K(832K) Class: 39K(192K)->36K(192K)
[199.090s][info][gc             ] GC(859) Pause Full (System.gc()) 1M->1M(7851M) 9.498ms
[199.090s][info][gc,cpu         ] GC(859) User=0.01s Sys=0.01s Real=0.01s
[199.545s][info][gc,start       ] GC(860) Pause Young (System.gc())
[199.545s][info][gc,heap        ] GC(860) PSYoungGen: 41953K(2446848K)->160K(2446848K) Eden: 41953K(2097664K)->0K(2097664K) From: 0K(349184K)->160K(349184K)
[199.546s][info][gc,heap        ] GC(860) ParOldGen: 1123K(5592576K)->1123K(5592576K)
[199.546s][info][gc,metaspace   ] GC(860) Metaspace: 627K(1024K)->627K(1024K) NonClass: 589K(832K)->589K(832K) Class: 37K(192K)->37K(192K)
[199.546s][info][gc             ] GC(860) Pause Young (System.gc()) 42M->1M(7851M) 0.581ms
[199.546s][info][gc,cpu         ] GC(860) User=0.00s Sys=0.00s Real=0.00s
[199.546s][info][gc,start       ] GC(861) Pause Full (System.gc())
[199.546s][info][gc,phases,start] GC(861) Marking Phase
[199.551s][info][gc,phases      ] GC(861) Marking Phase 4.976ms
[199.551s][info][gc,phases,start] GC(861) Summary Phase
[199.551s][info][gc,phases      ] GC(861) Summary Phase 0.033ms
[199.551s][info][gc,phases,start] GC(861) Adjust Roots
[199.552s][info][gc,phases      ] GC(861) Adjust Roots 0.727ms
[199.552s][info][gc,phases,start] GC(861) Compaction Phase
[199.553s][info][gc,phases      ] GC(861) Compaction Phase 1.223ms
[199.553s][info][gc,phases,start] GC(861) Post Compact
[199.554s][info][gc,phases      ] GC(861) Post Compact 0.589ms
[199.554s][info][gc,heap        ] GC(861) PSYoungGen: 160K(2446848K)->0K(2446848K) Eden: 0K(2097664K)->0K(2097664K) From: 160K(349184K)->0K(349184K)
[199.554s][info][gc,heap        ] GC(861) ParOldGen: 1123K(5592576K)->1124K(5592576K)
[199.554s][info][gc,metaspace   ] GC(861) Metaspace: 627K(1024K)->624K(1024K) NonClass: 589K(832K)->588K(832K) Class: 37K(192K)->36K(192K)
[199.554s][info][gc             ] GC(861) Pause Full (System.gc()) 1M->1M(7851M) 7.922ms
[199.554s][info][gc,cpu         ] GC(861) User=0.01s Sys=0.00s Real=0.01s
[200.011s][info][gc,start       ] GC(862) Pause Young (System.gc())
[200.011s][info][gc,heap        ] GC(862) PSYoungGen: 41953K(2446848K)->160K(2446848K) Eden: 41953K(2097664K)->0K(2097664K) From: 0K(349184K)->160K(349184K)
[200.011s][info][gc,heap        ] GC(862) ParOldGen: 1124K(5592576K)->1124K(5592576K)
[200.011s][info][gc,metaspace   ] GC(862) Metaspace: 629K(1024K)->629K(1024K) NonClass: 591K(832K)->591K(832K) Class: 38K(192K)->38K(192K)
[200.012s][info][gc             ] GC(862) Pause Young (System.gc()) 42M->1M(7851M) 0.702ms
[200.012s][info][gc,cpu         ] GC(862) User=0.00s Sys=0.00s Real=0.00s
[200.012s][info][gc,start       ] GC(863) Pause Full (System.gc())
[200.012s][info][gc,phases,start] GC(863) Marking Phase
[200.017s][info][gc,phases      ] GC(863) Marking Phase 5.474ms
[200.017s][info][gc,phases,start] GC(863) Summary Phase
[200.017s][info][gc,phases      ] GC(863) Summary Phase 0.044ms
[200.017s][info][gc,phases,start] GC(863) Adjust Roots
[200.019s][info][gc,phases      ] GC(863) Adjust Roots 1.429ms
[200.019s][info][gc,phases,start] GC(863) Compaction Phase
[200.021s][info][gc,phases      ] GC(863) Compaction Phase 1.701ms
[200.021s][info][gc,phases,start] GC(863) Post Compact
[200.021s][info][gc,phases      ] GC(863) Post Compact 0.767ms
[200.021s][info][gc,heap        ] GC(863) PSYoungGen: 160K(2446848K)->0K(2446848K) Eden: 0K(2097664K)->0K(2097664K) From: 160K(349184K)->0K(349184K)
[200.021s][info][gc,heap        ] GC(863) ParOldGen: 1124K(5592576K)->1122K(5592576K)
[200.022s][info][gc,metaspace   ] GC(863) Metaspace: 629K(1024K)->619K(960K) NonClass: 591K(832K)->584K(832K) Class: 38K(192K)->35K(128K)
[200.022s][info][gc             ] GC(863) Pause Full (System.gc()) 1M->1M(7851M) 9.876ms
[200.022s][info][gc,cpu         ] GC(863) User=0.02s Sys=0.00s Real=0.01s
[200.474s][info][gc,start       ] GC(864) Pause Young (System.gc())
[200.475s][info][gc,heap        ] GC(864) PSYoungGen: 41953K(2446848K)->96K(2446848K) Eden: 41953K(2097664K)->0K(2097664K) From: 0K(349184K)->96K(349184K)
[200.475s][info][gc,heap        ] GC(864) ParOldGen: 1122K(5592576K)->1122K(5592576K)
[200.475s][info][gc,metaspace   ] GC(864) Metaspace: 624K(960K)->624K(960K) NonClass: 587K(832K)->587K(832K) Class: 37K(128K)->37K(128K)
[200.475s][info][gc             ] GC(864) Pause Young (System.gc()) 42M->1M(7851M) 0.671ms
[200.475s][info][gc,cpu         ] GC(864) User=0.00s Sys=0.00s Real=0.00s
[200.475s][info][gc,start       ] GC(865) Pause Full (System.gc())
[200.475s][info][gc,phases,start] GC(865) Marking Phase
[200.480s][info][gc,phases      ] GC(865) Marking Phase 5.519ms
[200.481s][info][gc,phases,start] GC(865) Summary Phase
[200.481s][info][gc,phases      ] GC(865) Summary Phase 0.036ms
[200.481s][info][gc,phases,start] GC(865) Adjust Roots
[200.482s][info][gc,phases      ] GC(865) Adjust Roots 0.901ms
[200.482s][info][gc,phases,start] GC(865) Compaction Phase
[200.483s][info][gc,phases      ] GC(865) Compaction Phase 1.161ms
[200.483s][info][gc,phases,start] GC(865) Post Compact
[200.483s][info][gc,phases      ] GC(865) Post Compact 0.500ms
[200.483s][info][gc,heap        ] GC(865) PSYoungGen: 96K(2446848K)->0K(2446848K) Eden: 0K(2097664K)->0K(2097664K) From: 96K(349184K)->0K(349184K)
[200.483s][info][gc,heap        ] GC(865) ParOldGen: 1122K(5592576K)->1123K(5592576K)
[200.483s][info][gc,metaspace   ] GC(865) Metaspace: 624K(960K)->621K(960K) NonClass: 587K(832K)->585K(832K) Class: 37K(128K)->36K(128K)
[200.483s][info][gc             ] GC(865) Pause Full (System.gc()) 1M->1M(7851M) 8.502ms
[200.483s][info][gc,cpu         ] GC(865) User=0.01s Sys=0.00s Real=0.01s
[200.936s][info][gc,start       ] GC(866) Pause Young (System.gc())
[200.936s][info][gc,heap        ] GC(866) PSYoungGen: 41953K(2446848K)->96K(2446848K) Eden: 41953K(2097664K)->0K(2097664K) From: 0K(349184K)->96K(349184K)
[200.936s][info][gc,heap        ] GC(866) ParOldGen: 1123K(5592576K)->1123K(5592576K)
[200.936s][info][gc,metaspace   ] GC(866) Metaspace: 626K(960K)->626K(960K) NonClass: 588K(832K)->588K(832K) Class: 37K(128K)->37K(128K)
[200.936s][info][gc             ] GC(866) Pause Young (System.gc()) 42M->1M(7851M) 0.573ms
[200.936s][info][gc,cpu         ] GC(866) User=0.00s Sys=0.00s Real=0.00s
[200.937s][info][gc,start       ] GC(867) Pause Full (System.gc())
[200.937s][info][gc,phases,start] GC(867) Marking Phase
[200.940s][info][gc,phases      ] GC(867) Marking Phase 2.940ms
[200.940s][info][gc,phases,start] GC(867) Summary Phase
[200.940s][info][gc,phases      ] GC(867) Summary Phase 0.048ms
[200.940s][info][gc,phases,start] GC(867) Adjust Roots
[200.941s][info][gc,phases      ] GC(867) Adjust Roots 1.063ms
[200.941s][info][gc,phases,start] GC(867) Compaction Phase
[200.943s][info][gc,phases      ] GC(867) Compaction Phase 2.573ms
[200.943s][info][gc,phases,start] GC(867) Post Compact
[200.944s][info][gc,phases      ] GC(867) Post Compact 0.845ms
[200.944s][info][gc,heap        ] GC(867) PSYoungGen: 96K(2446848K)->0K(2446848K) Eden: 0K(2097664K)->0K(2097664K) From: 96K(349184K)->0K(349184K)
[200.944s][info][gc,heap        ] GC(867) ParOldGen: 1123K(5592576K)->1126K(5592576K)
[200.944s][info][gc,metaspace   ] GC(867) Metaspace: 626K(960K)->626K(960K) NonClass: 588K(832K)->588K(832K) Class: 37K(128K)->37K(128K)
[200.944s][info][gc             ] GC(867) Pause Full (System.gc()) 1M->1M(7851M) 7.897ms
[200.945s][info][gc,cpu         ] GC(867) User=0.02s Sys=0.00s Real=0.01s
[201.401s][info][gc,start       ] GC(868) Pause Young (System.gc())
[201.401s][info][gc,heap        ] GC(868) PSYoungGen: 41953K(2446848K)->96K(2446848K) Eden: 41953K(2097664K)->0K(2097664K) From: 0K(349184K)->96K(349184K)
[201.401s][info][gc,heap        ] GC(868) ParOldGen: 1126K(5592576K)->1126K(5592576K)
[201.401s][info][gc,metaspace   ] GC(868) Metaspace: 631K(960K)->631K(960K) NonClass: 592K(832K)->592K(832K) Class: 39K(128K)->39K(128K)
[201.401s][info][gc             ] GC(868) Pause Young (System.gc()) 42M->1M(7851M) 0.462ms
[201.401s][info][gc,cpu         ] GC(868) User=0.00s Sys=0.00s Real=0.00s
[201.401s][info][gc,start       ] GC(869) Pause Full (System.gc())
[201.401s][info][gc,phases,start] GC(869) Marking Phase
[201.404s][info][gc,phases      ] GC(869) Marking Phase 2.545ms
[201.404s][info][gc,phases,start] GC(869) Summary Phase
[201.404s][info][gc,phases      ] GC(869) Summary Phase 0.025ms
[201.404s][info][gc,phases,start] GC(869) Adjust Roots
[201.405s][info][gc,phases      ] GC(869) Adjust Roots 0.665ms
[201.405s][info][gc,phases,start] GC(869) Compaction Phase
[201.406s][info][gc,phases      ] GC(869) Compaction Phase 1.583ms
[201.406s][info][gc,phases,start] GC(869) Post Compact
[201.407s][info][gc,phases      ] GC(869) Post Compact 0.608ms
[201.407s][info][gc,heap        ] GC(869) PSYoungGen: 96K(2446848K)->0K(2446848K) Eden: 0K(2097664K)->0K(2097664K) From: 96K(349184K)->0K(349184K)
[201.407s][info][gc,heap        ] GC(869) ParOldGen: 1126K(5592576K)->1129K(5592576K)
[201.407s][info][gc,metaspace   ] GC(869) Metaspace: 631K(960K)->631K(960K) NonClass: 592K(832K)->592K(832K) Class: 39K(128K)->39K(128K)
[201.407s][info][gc             ] GC(869) Pause Full (System.gc()) 1M->1M(7851M) 5.785ms
[201.407s][info][gc,cpu         ] GC(869) User=0.01s Sys=0.00s Real=0.01s
[201.864s][info][gc,start       ] GC(870) Pause Young (System.gc())
[201.865s][info][gc,heap        ] GC(870) PSYoungGen: 41953K(2446848K)->128K(2446848K) Eden: 41953K(2097664K)->0K(2097664K) From: 0K(349184K)->128K(349184K)
[201.865s][info][gc,heap        ] GC(870) ParOldGen: 1129K(5592576K)->1129K(5592576K)
[201.865s][info][gc,metaspace   ] GC(870) Metaspace: 636K(960K)->636K(960K) NonClass: 595K(832K)->595K(832K) Class: 41K(128K)->41K(128K)
[201.865s][info][gc             ] GC(870) Pause Young (System.gc()) 42M->1M(7851M) 0.716ms
[201.865s][info][gc,cpu         ] GC(870) User=0.00s Sys=0.00s Real=0.00s
[201.865s][info][gc,start       ] GC(871) Pause Full (System.gc())
[201.865s][info][gc,phases,start] GC(871) Marking Phase
[201.869s][info][gc,phases      ] GC(871) Marking Phase 4.008ms
[201.869s][info][gc,phases,start] GC(871) Summary Phase
[201.869s][info][gc,phases      ] GC(871) Summary Phase 0.038ms
[201.869s][info][gc,phases,start] GC(871) Adjust Roots
[201.871s][info][gc,phases      ] GC(871) Adjust Roots 1.273ms
[201.871s][info][gc,phases,start] GC(871) Compaction Phase
[201.873s][info][gc,phases      ] GC(871) Compaction Phase 1.761ms
[201.873s][info][gc,phases,start] GC(871) Post Compact
[201.873s][info][gc,phases      ] GC(871) Post Compact 0.642ms
[201.873s][info][gc,heap        ] GC(871) PSYoungGen: 128K(2446848K)->0K(2446848K) Eden: 0K(2097664K)->0K(2097664K) From: 128K(349184K)->0K(349184K)
[201.873s][info][gc,heap        ] GC(871) ParOldGen: 1129K(5592576K)->1132K(5592576K)
[201.873s][info][gc,metaspace   ] GC(871) Metaspace: 636K(960K)->636K(960K) NonClass: 595K(832K)->595K(832K) Class: 41K(128K)->41K(128K)
[201.873s][info][gc             ] GC(871) Pause Full (System.gc()) 1M->1M(7851M) 8.112ms
[201.873s][info][gc,cpu         ] GC(871) User=0.01s Sys=0.00s Real=0.01s
[202.330s][info][gc,start       ] GC(872) Pause Young (System.gc())
[202.331s][info][gc,heap        ] GC(872) PSYoungGen: 41953K(2446848K)->128K(2446848K) Eden: 41953K(2097664K)->0K(2097664K) From: 0K(349184K)->128K(349184K)
[202.331s][info][gc,heap        ] GC(872) ParOldGen: 1132K(5592576K)->1132K(5592576K)
[202.331s][info][gc,metaspace   ] GC(872) Metaspace: 641K(960K)->641K(960K) NonClass: 598K(832K)->598K(832K) Class: 43K(128K)->43K(128K)
[202.331s][info][gc             ] GC(872) Pause Young (System.gc()) 42M->1M(7851M) 0.733ms
[202.331s][info][gc,cpu         ] GC(872) User=0.00s Sys=0.00s Real=0.00s
[202.331s][info][gc,start       ] GC(873) Pause Full (System.gc())
[202.331s][info][gc,phases,start] GC(873) Marking Phase
[202.337s][info][gc,phases      ] GC(873) Marking Phase 6.088ms
[202.337s][info][gc,phases,start] GC(873) Summary Phase
[202.337s][info][gc,phases      ] GC(873) Summary Phase 0.046ms
[202.337s][info][gc,phases,start] GC(873) Adjust Roots
[202.340s][info][gc,phases      ] GC(873) Adjust Roots 2.101ms
[202.340s][info][gc,phases,start] GC(873) Compaction Phase
[202.341s][info][gc,phases      ] GC(873) Compaction Phase 1.646ms
[202.341s][info][gc,phases,start] GC(873) Post Compact
[202.342s][info][gc,phases      ] GC(873) Post Compact 0.515ms
[202.342s][info][gc,heap        ] GC(873) PSYoungGen: 128K(2446848K)->0K(2446848K) Eden: 0K(2097664K)->0K(2097664K) From: 128K(349184K)->0K(349184K)
[202.342s][info][gc,heap        ] GC(873) ParOldGen: 1132K(5592576K)->1134K(5592576K)
[202.342s][info][gc,metaspace   ] GC(873) Metaspace: 641K(960K)->641K(960K) NonClass: 598K(832K)->598K(832K) Class: 43K(128K)->43K(128K)
[202.342s][info][gc             ] GC(873) Pause Full (System.gc()) 1M->1M(7851M) 11.116ms
[202.342s][info][gc,cpu         ] GC(873) User=0.02s Sys=0.01s Real=0.01s
[202.800s][info][gc,start       ] GC(874) Pause Young (System.gc())
[202.800s][info][gc,heap        ] GC(874) PSYoungGen: 41953K(2446848K)->96K(2446848K) Eden: 41953K(2097664K)->0K(2097664K) From: 0K(349184K)->96K(349184K)
[202.800s][info][gc,heap        ] GC(874) ParOldGen: 1134K(5592576K)->1134K(5592576K)
[202.800s][info][gc,metaspace   ] GC(874) Metaspace: 646K(960K)->646K(960K) NonClass: 601K(832K)->601K(832K) Class: 44K(128K)->44K(128K)
[202.800s][info][gc             ] GC(874) Pause Young (System.gc()) 42M->1M(7851M) 0.628ms
[202.800s][info][gc,cpu         ] GC(874) User=0.00s Sys=0.00s Real=0.00s
[202.800s][info][gc,start       ] GC(875) Pause Full (System.gc())
[202.800s][info][gc,phases,start] GC(875) Marking Phase
[202.804s][info][gc,phases      ] GC(875) Marking Phase 4.042ms
[202.804s][info][gc,phases,start] GC(875) Summary Phase
[202.805s][info][gc,phases      ] GC(875) Summary Phase 0.035ms
[202.805s][info][gc,phases,start] GC(875) Adjust Roots
[202.806s][info][gc,phases      ] GC(875) Adjust Roots 1.034ms
[202.806s][info][gc,phases,start] GC(875) Compaction Phase
[202.807s][info][gc,phases      ] GC(875) Compaction Phase 1.617ms
[202.807s][info][gc,phases,start] GC(875) Post Compact
[202.808s][info][gc,phases      ] GC(875) Post Compact 0.470ms
[202.808s][info][gc,heap        ] GC(875) PSYoungGen: 96K(2446848K)->0K(2446848K) Eden: 0K(2097664K)->0K(2097664K) From: 96K(349184K)->0K(349184K)
[202.808s][info][gc,heap        ] GC(875) ParOldGen: 1134K(5592576K)->1137K(5592576K)
[202.808s][info][gc,metaspace   ] GC(875) Metaspace: 646K(960K)->646K(960K) NonClass: 601K(832K)->601K(832K) Class: 44K(128K)->44K(128K)
[202.808s][info][gc             ] GC(875) Pause Full (System.gc()) 1M->1M(7851M) 7.607ms
[202.808s][info][gc,cpu         ] GC(875) User=0.01s Sys=0.00s Real=0.01s
[203.261s][info][gc,start       ] GC(876) Pause Young (System.gc())
[203.262s][info][gc,heap        ] GC(876) PSYoungGen: 41953K(2446848K)->64K(2446848K) Eden: 41953K(2097664K)->0K(2097664K) From: 0K(349184K)->64K(349184K)
[203.263s][info][gc,heap        ] GC(876) ParOldGen: 1137K(5592576K)->1137K(5592576K)
[203.263s][info][gc,metaspace   ] GC(876) Metaspace: 651K(960K)->651K(960K) NonClass: 605K(832K)->605K(832K) Class: 46K(128K)->46K(128K)
[203.263s][info][gc             ] GC(876) Pause Young (System.gc()) 42M->1M(7851M) 1.498ms
[203.263s][info][gc,cpu         ] GC(876) User=0.00s Sys=0.00s Real=0.00s
[203.263s][info][gc,start       ] GC(877) Pause Full (System.gc())
[203.263s][info][gc,phases,start] GC(877) Marking Phase
[203.265s][info][gc,phases      ] GC(877) Marking Phase 2.364ms
[203.266s][info][gc,phases,start] GC(877) Summary Phase
[203.266s][info][gc,phases      ] GC(877) Summary Phase 0.015ms
[203.266s][info][gc,phases,start] GC(877) Adjust Roots
[203.266s][info][gc,phases      ] GC(877) Adjust Roots 0.549ms
[203.266s][info][gc,phases,start] GC(877) Compaction Phase
[203.267s][info][gc,phases      ] GC(877) Compaction Phase 0.993ms
[203.267s][info][gc,phases,start] GC(877) Post Compact
[203.268s][info][gc,phases      ] GC(877) Post Compact 0.522ms
[203.268s][info][gc,heap        ] GC(877) PSYoungGen: 64K(2446848K)->0K(2446848K) Eden: 0K(2097664K)->0K(2097664K) From: 64K(349184K)->0K(349184K)
[203.268s][info][gc,heap        ] GC(877) ParOldGen: 1137K(5592576K)->1140K(5592576K)
[203.268s][info][gc,metaspace   ] GC(877) Metaspace: 651K(960K)->651K(960K) NonClass: 605K(832K)->605K(832K) Class: 46K(128K)->46K(128K)
[203.268s][info][gc             ] GC(877) Pause Full (System.gc()) 1M->1M(7851M) 4.671ms
[203.268s][info][gc,cpu         ] GC(877) User=0.01s Sys=0.00s Real=0.01s
[203.725s][info][gc,start       ] GC(878) Pause Young (System.gc())
[203.725s][info][gc,heap        ] GC(878) PSYoungGen: 41953K(2446848K)->128K(2446848K) Eden: 41953K(2097664K)->0K(2097664K) From: 0K(349184K)->128K(349184K)
[203.725s][info][gc,heap        ] GC(878) ParOldGen: 1140K(5592576K)->1140K(5592576K)
[203.725s][info][gc,metaspace   ] GC(878) Metaspace: 656K(960K)->656K(960K) NonClass: 608K(832K)->608K(832K) Class: 48K(128K)->48K(128K)
[203.725s][info][gc             ] GC(878) Pause Young (System.gc()) 42M->1M(7851M) 0.571ms
[203.725s][info][gc,cpu         ] GC(878) User=0.00s Sys=0.00s Real=0.00s
[203.725s][info][gc,start       ] GC(879) Pause Full (System.gc())
[203.725s][info][gc,phases,start] GC(879) Marking Phase
[203.730s][info][gc,phases      ] GC(879) Marking Phase 4.686ms
[203.730s][info][gc,phases,start] GC(879) Summary Phase
[203.730s][info][gc,phases      ] GC(879) Summary Phase 0.032ms
[203.730s][info][gc,phases,start] GC(879) Adjust Roots
[203.731s][info][gc,phases      ] GC(879) Adjust Roots 1.045ms
[203.731s][info][gc,phases,start] GC(879) Compaction Phase
[203.734s][info][gc,phases      ] GC(879) Compaction Phase 2.580ms
[203.734s][info][gc,phases,start] GC(879) Post Compact
[203.735s][info][gc,phases      ] GC(879) Post Compact 0.682ms
[203.735s][info][gc,heap        ] GC(879) PSYoungGen: 128K(2446848K)->0K(2446848K) Eden: 0K(2097664K)->0K(2097664K) From: 128K(349184K)->0K(349184K)
[203.735s][info][gc,heap        ] GC(879) ParOldGen: 1140K(5592576K)->1143K(5592576K)
[203.735s][info][gc,metaspace   ] GC(879) Metaspace: 656K(960K)->656K(960K) NonClass: 608K(832K)->608K(832K) Class: 48K(128K)->48K(128K)
[203.735s][info][gc             ] GC(879) Pause Full (System.gc()) 1M->1M(7851M) 9.425ms
[203.735s][info][gc,cpu         ] GC(879) User=0.02s Sys=0.00s Real=0.01s
[204.188s][info][gc,start       ] GC(880) Pause Young (System.gc())
[204.188s][info][gc,heap        ] GC(880) PSYoungGen: 41953K(2446848K)->128K(2446848K) Eden: 41953K(2097664K)->0K(2097664K) From: 0K(349184K)->128K(349184K)
[204.188s][info][gc,heap        ] GC(880) ParOldGen: 1143K(5592576K)->1143K(5592576K)
[204.188s][info][gc,metaspace   ] GC(880) Metaspace: 661K(960K)->661K(960K) NonClass: 611K(832K)->611K(832K) Class: 50K(128K)->50K(128K)
[204.188s][info][gc             ] GC(880) Pause Young (System.gc()) 42M->1M(7851M) 0.604ms
[204.188s][info][gc,cpu         ] GC(880) User=0.00s Sys=0.00s Real=0.00s
[204.188s][info][gc,start       ] GC(881) Pause Full (System.gc())
[204.188s][info][gc,phases,start] GC(881) Marking Phase
[204.193s][info][gc,phases      ] GC(881) Marking Phase 4.470ms
[204.193s][info][gc,phases,start] GC(881) Summary Phase
[204.193s][info][gc,phases      ] GC(881) Summary Phase 0.034ms
[204.193s][info][gc,phases,start] GC(881) Adjust Roots
[204.195s][info][gc,phases      ] GC(881) Adjust Roots 1.705ms
[204.195s][info][gc,phases,start] GC(881) Compaction Phase
[204.196s][info][gc,phases      ] GC(881) Compaction Phase 1.555ms
[204.196s][info][gc,phases,start] GC(881) Post Compact
[204.197s][info][gc,phases      ] GC(881) Post Compact 0.584ms
[204.197s][info][gc,heap        ] GC(881) PSYoungGen: 128K(2446848K)->0K(2446848K) Eden: 0K(2097664K)->0K(2097664K) From: 128K(349184K)->0K(349184K)
[204.197s][info][gc,heap        ] GC(881) ParOldGen: 1143K(5592576K)->1146K(5592576K)
[204.197s][info][gc,metaspace   ] GC(881) Metaspace: 661K(960K)->661K(960K) NonClass: 611K(832K)->611K(832K) Class: 50K(128K)->50K(128K)
[204.197s][info][gc             ] GC(881) Pause Full (System.gc()) 1M->1M(7851M) 8.669ms
[204.197s][info][gc,cpu         ] GC(881) User=0.02s Sys=0.01s Real=0.01s
[204.650s][info][gc,start       ] GC(882) Pause Young (System.gc())
[204.651s][info][gc,heap        ] GC(882) PSYoungGen: 41953K(2446848K)->160K(2446848K) Eden: 41953K(2097664K)->0K(2097664K) From: 0K(349184K)->160K(349184K)
[204.651s][info][gc,heap        ] GC(882) ParOldGen: 1146K(5592576K)->1146K(5592576K)
[204.651s][info][gc,metaspace   ] GC(882) Metaspace: 666K(960K)->666K(960K) NonClass: 614K(832K)->614K(832K) Class: 51K(128K)->51K(128K)
[204.651s][info][gc             ] GC(882) Pause Young (System.gc()) 42M->1M(7851M) 0.546ms
[204.651s][info][gc,cpu         ] GC(882) User=0.00s Sys=0.00s Real=0.00s
[204.651s][info][gc,start       ] GC(883) Pause Full (System.gc())
[204.651s][info][gc,phases,start] GC(883) Marking Phase
[204.656s][info][gc,phases      ] GC(883) Marking Phase 5.443ms
[204.656s][info][gc,phases,start] GC(883) Summary Phase
[204.657s][info][gc,phases      ] GC(883) Summary Phase 0.033ms
[204.657s][info][gc,phases,start] GC(883) Adjust Roots
[204.658s][info][gc,phases      ] GC(883) Adjust Roots 1.138ms
[204.658s][info][gc,phases,start] GC(883) Compaction Phase
[204.660s][info][gc,phases      ] GC(883) Compaction Phase 2.700ms
[204.661s][info][gc,phases,start] GC(883) Post Compact
[204.661s][info][gc,phases      ] GC(883) Post Compact 0.635ms
[204.661s][info][gc,heap        ] GC(883) PSYoungGen: 160K(2446848K)->0K(2446848K) Eden: 0K(2097664K)->0K(2097664K) From: 160K(349184K)->0K(349184K)
[204.661s][info][gc,heap        ] GC(883) ParOldGen: 1146K(5592576K)->1149K(5592576K)
[204.661s][info][gc,metaspace   ] GC(883) Metaspace: 666K(960K)->666K(960K) NonClass: 614K(832K)->614K(832K) Class: 51K(128K)->51K(128K)
[204.661s][info][gc             ] GC(883) Pause Full (System.gc()) 1M->1M(7851M) 10.332ms
[204.661s][info][gc,cpu         ] GC(883) User=0.01s Sys=0.00s Real=0.01s
[205.114s][info][gc,start       ] GC(884) Pause Young (System.gc())
[205.115s][info][gc,heap        ] GC(884) PSYoungGen: 41953K(2446848K)->128K(2446848K) Eden: 41953K(2097664K)->0K(2097664K) From: 0K(349184K)->128K(349184K)
[205.115s][info][gc,heap        ] GC(884) ParOldGen: 1149K(5592576K)->1149K(5592576K)
[205.115s][info][gc,metaspace   ] GC(884) Metaspace: 671K(1024K)->671K(1024K) NonClass: 618K(832K)->618K(832K) Class: 53K(192K)->53K(192K)
[205.115s][info][gc             ] GC(884) Pause Young (System.gc()) 42M->1M(7851M) 0.618ms
[205.115s][info][gc,cpu         ] GC(884) User=0.00s Sys=0.00s Real=0.00s
[205.115s][info][gc,start       ] GC(885) Pause Full (System.gc())
[205.115s][info][gc,phases,start] GC(885) Marking Phase
[205.121s][info][gc,phases      ] GC(885) Marking Phase 5.504ms
[205.121s][info][gc,phases,start] GC(885) Summary Phase
[205.121s][info][gc,phases      ] GC(885) Summary Phase 0.043ms
[205.121s][info][gc,phases,start] GC(885) Adjust Roots
[205.123s][info][gc,phases      ] GC(885) Adjust Roots 1.822ms
[205.123s][info][gc,phases,start] GC(885) Compaction Phase
[205.124s][info][gc,phases      ] GC(885) Compaction Phase 1.554ms
[205.124s][info][gc,phases,start] GC(885) Post Compact
[205.125s][info][gc,phases      ] GC(885) Post Compact 0.947ms
[205.125s][info][gc,heap        ] GC(885) PSYoungGen: 128K(2446848K)->0K(2446848K) Eden: 0K(2097664K)->0K(2097664K) From: 128K(349184K)->0K(349184K)
[205.125s][info][gc,heap        ] GC(885) ParOldGen: 1149K(5592576K)->1131K(5592576K)
[205.125s][info][gc,metaspace   ] GC(885) Metaspace: 671K(1024K)->642K(1024K) NonClass: 618K(832K)->602K(832K) Class: 53K(192K)->40K(192K)
[205.125s][info][gc             ] GC(885) Pause Full (System.gc()) 1M->1M(7851M) 10.274ms
[205.125s][info][gc,cpu         ] GC(885) User=0.02s Sys=0.00s Real=0.01s
[205.578s][info][gc,start       ] GC(886) Pause Young (System.gc())
[205.578s][info][gc,heap        ] GC(886) PSYoungGen: 41953K(2446848K)->96K(2446848K) Eden: 41953K(2097664K)->0K(2097664K) From: 0K(349184K)->96K(349184K)
[205.578s][info][gc,heap        ] GC(886) ParOldGen: 1131K(5592576K)->1131K(5592576K)
[205.578s][info][gc,metaspace   ] GC(886) Metaspace: 647K(1024K)->647K(1024K) NonClass: 605K(832K)->605K(832K) Class: 42K(192K)->42K(192K)
[205.578s][info][gc             ] GC(886) Pause Young (System.gc()) 42M->1M(7851M) 0.588ms
[205.578s][info][gc,cpu         ] GC(886) User=0.00s Sys=0.00s Real=0.00s
[205.578s][info][gc,start       ] GC(887) Pause Full (System.gc())
[205.578s][info][gc,phases,start] GC(887) Marking Phase
[205.584s][info][gc,phases      ] GC(887) Marking Phase 5.428ms
[205.584s][info][gc,phases,start] GC(887) Summary Phase
[205.584s][info][gc,phases      ] GC(887) Summary Phase 0.031ms
[205.584s][info][gc,phases,start] GC(887) Adjust Roots
[205.586s][info][gc,phases      ] GC(887) Adjust Roots 1.533ms
[205.586s][info][gc,phases,start] GC(887) Compaction Phase
[205.588s][info][gc,phases      ] GC(887) Compaction Phase 2.559ms
[205.588s][info][gc,phases,start] GC(887) Post Compact
[205.589s][info][gc,phases      ] GC(887) Post Compact 0.695ms
[205.589s][info][gc,heap        ] GC(887) PSYoungGen: 96K(2446848K)->0K(2446848K) Eden: 0K(2097664K)->0K(2097664K) From: 96K(349184K)->0K(349184K)
[205.589s][info][gc,heap        ] GC(887) ParOldGen: 1131K(5592576K)->1133K(5592576K)
[205.589s][info][gc,metaspace   ] GC(887) Metaspace: 647K(1024K)->645K(1024K) NonClass: 605K(832K)->604K(832K) Class: 42K(192K)->41K(192K)
[205.589s][info][gc             ] GC(887) Pause Full (System.gc()) 1M->1M(7851M) 10.745ms
[205.589s][info][gc,cpu         ] GC(887) User=0.02s Sys=0.00s Real=0.01s
[206.045s][info][gc,start       ] GC(888) Pause Young (System.gc())
[206.046s][info][gc,heap        ] GC(888) PSYoungGen: 41953K(2446848K)->96K(2446848K) Eden: 41953K(2097664K)->0K(2097664K) From: 0K(349184K)->96K(349184K)
[206.046s][info][gc,heap        ] GC(888) ParOldGen: 1133K(5592576K)->1133K(5592576K)
[206.046s][info][gc,metaspace   ] GC(888) Metaspace: 650K(1024K)->650K(1024K) NonClass: 607K(832K)->607K(832K) Class: 42K(192K)->42K(192K)
[206.046s][info][gc             ] GC(888) Pause Young (System.gc()) 42M->1M(7851M) 0.641ms
[206.046s][info][gc,cpu         ] GC(888) User=0.00s Sys=0.00s Real=0.00s
[206.046s][info][gc,start       ] GC(889) Pause Full (System.gc())
[206.046s][info][gc,phases,start] GC(889) Marking Phase
[206.051s][info][gc,phases      ] GC(889) Marking Phase 5.084ms
[206.051s][info][gc,phases,start] GC(889) Summary Phase
[206.051s][info][gc,phases      ] GC(889) Summary Phase 0.037ms
[206.051s][info][gc,phases,start] GC(889) Adjust Roots
[206.053s][info][gc,phases      ] GC(889) Adjust Roots 1.265ms
[206.053s][info][gc,phases,start] GC(889) Compaction Phase
[206.055s][info][gc,phases      ] GC(889) Compaction Phase 2.383ms
[206.055s][info][gc,phases,start] GC(889) Post Compact
[206.056s][info][gc,phases      ] GC(889) Post Compact 0.876ms
[206.056s][info][gc,heap        ] GC(889) PSYoungGen: 96K(2446848K)->0K(2446848K) Eden: 0K(2097664K)->0K(2097664K) From: 96K(349184K)->0K(349184K)
[206.056s][info][gc,heap        ] GC(889) ParOldGen: 1133K(5592576K)->1123K(5592576K)
[206.056s][info][gc,metaspace   ] GC(889) Metaspace: 650K(1024K)->621K(960K) NonClass: 607K(832K)->585K(768K) Class: 42K(192K)->36K(192K)
[206.056s][info][gc             ] GC(889) Pause Full (System.gc()) 1M->1M(7851M) 10.098ms
[206.056s][info][gc,cpu         ] GC(889) User=0.02s Sys=0.00s Real=0.01s
[206.513s][info][gc,start       ] GC(890) Pause Young (System.gc())
[206.514s][info][gc,heap        ] GC(890) PSYoungGen: 41953K(2446848K)->128K(2446848K) Eden: 41953K(2097664K)->0K(2097664K) From: 0K(349184K)->128K(349184K)
[206.514s][info][gc,heap        ] GC(890) ParOldGen: 1123K(5592576K)->1123K(5592576K)
[206.514s][info][gc,metaspace   ] GC(890) Metaspace: 626K(960K)->626K(960K) NonClass: 588K(768K)->588K(768K) Class: 37K(192K)->37K(192K)
[206.514s][info][gc             ] GC(890) Pause Young (System.gc()) 42M->1M(7851M) 0.598ms
[206.514s][info][gc,cpu         ] GC(890) User=0.00s Sys=0.00s Real=0.00s
[206.514s][info][gc,start       ] GC(891) Pause Full (System.gc())
[206.514s][info][gc,phases,start] GC(891) Marking Phase
[206.519s][info][gc,phases      ] GC(891) Marking Phase 5.181ms
[206.520s][info][gc,phases,start] GC(891) Summary Phase
[206.520s][info][gc,phases      ] GC(891) Summary Phase 0.038ms
[206.520s][info][gc,phases,start] GC(891) Adjust Roots
[206.521s][info][gc,phases      ] GC(891) Adjust Roots 1.238ms
[206.521s][info][gc,phases,start] GC(891) Compaction Phase
[206.523s][info][gc,phases      ] GC(891) Compaction Phase 1.721ms
[206.523s][info][gc,phases,start] GC(891) Post Compact
[206.523s][info][gc,phases      ] GC(891) Post Compact 0.681ms
[206.523s][info][gc,heap        ] GC(891) PSYoungGen: 128K(2446848K)->0K(2446848K) Eden: 0K(2097664K)->0K(2097664K) From: 128K(349184K)->0K(349184K)
[206.523s][info][gc,heap        ] GC(891) ParOldGen: 1123K(5592576K)->1122K(5592576K)
[206.523s][info][gc,metaspace   ] GC(891) Metaspace: 626K(960K)->619K(960K) NonClass: 588K(768K)->584K(768K) Class: 37K(192K)->35K(192K)
[206.523s][info][gc             ] GC(891) Pause Full (System.gc()) 1M->1M(7851M) 9.309ms
[206.523s][info][gc,cpu         ] GC(891) User=0.02s Sys=0.00s Real=0.01s
[206.979s][info][gc,start       ] GC(892) Pause Young (System.gc())
[206.979s][info][gc,heap        ] GC(892) PSYoungGen: 41953K(2446848K)->160K(2446848K) Eden: 41953K(2097664K)->0K(2097664K) From: 0K(349184K)->160K(349184K)
[206.979s][info][gc,heap        ] GC(892) ParOldGen: 1122K(5592576K)->1122K(5592576K)
[206.979s][info][gc,metaspace   ] GC(892) Metaspace: 624K(960K)->624K(960K) NonClass: 587K(768K)->587K(768K) Class: 37K(192K)->37K(192K)
[206.979s][info][gc             ] GC(892) Pause Young (System.gc()) 42M->1M(7851M) 0.652ms
[206.979s][info][gc,cpu         ] GC(892) User=0.00s Sys=0.00s Real=0.00s
[206.980s][info][gc,start       ] GC(893) Pause Full (System.gc())
[206.980s][info][gc,phases,start] GC(893) Marking Phase
[206.985s][info][gc,phases      ] GC(893) Marking Phase 5.566ms
[206.985s][info][gc,phases,start] GC(893) Summary Phase
[206.985s][info][gc,phases      ] GC(893) Summary Phase 0.032ms
[206.985s][info][gc,phases,start] GC(893) Adjust Roots
[206.987s][info][gc,phases      ] GC(893) Adjust Roots 1.393ms
[206.987s][info][gc,phases,start] GC(893) Compaction Phase
[206.988s][info][gc,phases      ] GC(893) Compaction Phase 1.555ms
[206.988s][info][gc,phases,start] GC(893) Post Compact
[206.989s][info][gc,phases      ] GC(893) Post Compact 0.676ms
[206.989s][info][gc,heap        ] GC(893) PSYoungGen: 160K(2446848K)->0K(2446848K) Eden: 0K(2097664K)->0K(2097664K) From: 160K(349184K)->0K(349184K)
[206.989s][info][gc,heap        ] GC(893) ParOldGen: 1122K(5592576K)->1123K(5592576K)
[206.989s][info][gc,metaspace   ] GC(893) Metaspace: 624K(960K)->622K(960K) NonClass: 587K(768K)->586K(768K) Class: 37K(192K)->36K(192K)
[206.989s][info][gc             ] GC(893) Pause Full (System.gc()) 1M->1M(7851M) 9.637ms
[206.989s][info][gc,cpu         ] GC(893) User=0.02s Sys=0.00s Real=0.01s
[207.445s][info][gc,start       ] GC(894) Pause Young (System.gc())
[207.445s][info][gc,heap        ] GC(894) PSYoungGen: 41953K(2446848K)->128K(2446848K) Eden: 41953K(2097664K)->0K(2097664K) From: 0K(349184K)->128K(349184K)
[207.446s][info][gc,heap        ] GC(894) ParOldGen: 1123K(5592576K)->1123K(5592576K)
[207.446s][info][gc,metaspace   ] GC(894) Metaspace: 627K(960K)->627K(960K) NonClass: 589K(768K)->589K(768K) Class: 37K(192K)->37K(192K)
[207.446s][info][gc             ] GC(894) Pause Young (System.gc()) 42M->1M(7851M) 0.590ms
[207.446s][info][gc,cpu         ] GC(894) User=0.00s Sys=0.01s Real=0.00s
[207.446s][info][gc,start       ] GC(895) Pause Full (System.gc())
[207.446s][info][gc,phases,start] GC(895) Marking Phase
[207.449s][info][gc,phases      ] GC(895) Marking Phase 3.680ms
[207.450s][info][gc,phases,start] GC(895) Summary Phase
[207.450s][info][gc,phases      ] GC(895) Summary Phase 0.028ms
[207.450s][info][gc,phases,start] GC(895) Adjust Roots
[207.451s][info][gc,phases      ] GC(895) Adjust Roots 1.016ms
[207.451s][info][gc,phases,start] GC(895) Compaction Phase
[207.453s][info][gc,phases      ] GC(895) Compaction Phase 2.160ms
[207.453s][info][gc,phases,start] GC(895) Post Compact
[207.454s][info][gc,phases      ] GC(895) Post Compact 0.708ms
[207.454s][info][gc,heap        ] GC(895) PSYoungGen: 128K(2446848K)->0K(2446848K) Eden: 0K(2097664K)->0K(2097664K) From: 128K(349184K)->0K(349184K)
[207.454s][info][gc,heap        ] GC(895) ParOldGen: 1123K(5592576K)->1126K(5592576K)
[207.454s][info][gc,metaspace   ] GC(895) Metaspace: 627K(960K)->627K(960K) NonClass: 589K(768K)->589K(768K) Class: 37K(192K)->37K(192K)
[207.454s][info][gc             ] GC(895) Pause Full (System.gc()) 1M->1M(7851M) 8.019ms
[207.454s][info][gc,cpu         ] GC(895) User=0.01s Sys=0.00s Real=0.01s
[207.906s][info][gc,start       ] GC(896) Pause Young (System.gc())
[207.907s][info][gc,heap        ] GC(896) PSYoungGen: 41953K(2446848K)->128K(2446848K) Eden: 41953K(2097664K)->0K(2097664K) From: 0K(349184K)->128K(349184K)
[207.907s][info][gc,heap        ] GC(896) ParOldGen: 1126K(5592576K)->1126K(5592576K)
[207.907s][info][gc,metaspace   ] GC(896) Metaspace: 632K(960K)->632K(960K) NonClass: 592K(768K)->592K(768K) Class: 39K(192K)->39K(192K)
[207.907s][info][gc             ] GC(896) Pause Young (System.gc()) 42M->1M(7851M) 0.594ms
[207.907s][info][gc,cpu         ] GC(896) User=0.00s Sys=0.00s Real=0.00s
[207.907s][info][gc,start       ] GC(897) Pause Full (System.gc())
[207.907s][info][gc,phases,start] GC(897) Marking Phase
[207.911s][info][gc,phases      ] GC(897) Marking Phase 3.761ms
[207.911s][info][gc,phases,start] GC(897) Summary Phase
[207.911s][info][gc,phases      ] GC(897) Summary Phase 0.015ms
[207.911s][info][gc,phases,start] GC(897) Adjust Roots
[207.912s][info][gc,phases      ] GC(897) Adjust Roots 1.079ms
[207.912s][info][gc,phases,start] GC(897) Compaction Phase
[207.913s][info][gc,phases      ] GC(897) Compaction Phase 1.199ms
[207.913s][info][gc,phases,start] GC(897) Post Compact
[207.914s][info][gc,phases      ] GC(897) Post Compact 0.565ms
[207.914s][info][gc,heap        ] GC(897) PSYoungGen: 128K(2446848K)->0K(2446848K) Eden: 0K(2097664K)->0K(2097664K) From: 128K(349184K)->0K(349184K)
[207.914s][info][gc,heap        ] GC(897) ParOldGen: 1126K(5592576K)->1129K(5592576K)
[207.914s][info][gc,metaspace   ] GC(897) Metaspace: 632K(960K)->632K(960K) NonClass: 592K(768K)->592K(768K) Class: 39K(192K)->39K(192K)
[207.914s][info][gc             ] GC(897) Pause Full (System.gc()) 1M->1M(7851M) 6.861ms
[207.914s][info][gc,cpu         ] GC(897) User=0.02s Sys=0.00s Real=0.01s
[208.368s][info][gc,start       ] GC(898) Pause Young (System.gc())
[208.369s][info][gc,heap        ] GC(898) PSYoungGen: 41953K(2446848K)->96K(2446848K) Eden: 41953K(2097664K)->0K(2097664K) From: 0K(349184K)->96K(349184K)
[208.369s][info][gc,heap        ] GC(898) ParOldGen: 1129K(5592576K)->1129K(5592576K)
[208.369s][info][gc,metaspace   ] GC(898) Metaspace: 637K(960K)->637K(960K) NonClass: 596K(768K)->596K(768K) Class: 41K(192K)->41K(192K)
[208.369s][info][gc             ] GC(898) Pause Young (System.gc()) 42M->1M(7851M) 0.876ms
[208.369s][info][gc,cpu         ] GC(898) User=0.00s Sys=0.00s Real=0.00s
[208.369s][info][gc,start       ] GC(899) Pause Full (System.gc())
[208.369s][info][gc,phases,start] GC(899) Marking Phase
[208.375s][info][gc,phases      ] GC(899) Marking Phase 5.821ms
[208.375s][info][gc,phases,start] GC(899) Summary Phase
[208.375s][info][gc,phases      ] GC(899) Summary Phase 0.018ms
[208.375s][info][gc,phases,start] GC(899) Adjust Roots
[208.376s][info][gc,phases      ] GC(899) Adjust Roots 0.875ms
[208.376s][info][gc,phases,start] GC(899) Compaction Phase
[208.377s][info][gc,phases      ] GC(899) Compaction Phase 1.404ms
[208.377s][info][gc,phases,start] GC(899) Post Compact
[208.378s][info][gc,phases      ] GC(899) Post Compact 0.739ms
[208.378s][info][gc,heap        ] GC(899) PSYoungGen: 96K(2446848K)->0K(2446848K) Eden: 0K(2097664K)->0K(2097664K) From: 96K(349184K)->0K(349184K)
[208.378s][info][gc,heap        ] GC(899) ParOldGen: 1129K(5592576K)->1125K(5592576K)
[208.378s][info][gc,metaspace   ] GC(899) Metaspace: 637K(960K)->625K(960K) NonClass: 596K(768K)->587K(768K) Class: 41K(192K)->37K(192K)
[208.378s][info][gc             ] GC(899) Pause Full (System.gc()) 1M->1M(7851M) 9.182ms
[208.378s][info][gc,cpu         ] GC(899) User=0.01s Sys=0.00s Real=0.01s
[208.833s][info][gc,start       ] GC(900) Pause Young (System.gc())
[208.833s][info][gc,heap        ] GC(900) PSYoungGen: 41953K(2446848K)->160K(2446848K) Eden: 41953K(2097664K)->0K(2097664K) From: 0K(349184K)->160K(349184K)
[208.833s][info][gc,heap        ] GC(900) ParOldGen: 1125K(5592576K)->1125K(5592576K)
[208.833s][info][gc,metaspace   ] GC(900) Metaspace: 630K(960K)->630K(960K) NonClass: 590K(768K)->590K(768K) Class: 39K(192K)->39K(192K)
[208.833s][info][gc             ] GC(900) Pause Young (System.gc()) 42M->1M(7851M) 0.571ms
[208.833s][info][gc,cpu         ] GC(900) User=0.00s Sys=0.00s Real=0.01s
[208.833s][info][gc,start       ] GC(901) Pause Full (System.gc())
[208.834s][info][gc,phases,start] GC(901) Marking Phase
[208.840s][info][gc,phases      ] GC(901) Marking Phase 6.650ms
[208.840s][info][gc,phases,start] GC(901) Summary Phase
[208.840s][info][gc,phases      ] GC(901) Summary Phase 0.032ms
[208.840s][info][gc,phases,start] GC(901) Adjust Roots
[208.841s][info][gc,phases      ] GC(901) Adjust Roots 1.033ms
[208.841s][info][gc,phases,start] GC(901) Compaction Phase
[208.843s][info][gc,phases      ] GC(901) Compaction Phase 1.933ms
[208.843s][info][gc,phases,start] GC(901) Post Compact
[208.844s][info][gc,phases      ] GC(901) Post Compact 0.685ms
[208.844s][info][gc,heap        ] GC(901) PSYoungGen: 160K(2446848K)->0K(2446848K) Eden: 0K(2097664K)->0K(2097664K) From: 160K(349184K)->0K(349184K)
[208.844s][info][gc,heap        ] GC(901) ParOldGen: 1125K(5592576K)->1126K(5592576K)
[208.844s][info][gc,metaspace   ] GC(901) Metaspace: 630K(960K)->627K(960K) NonClass: 590K(768K)->588K(768K) Class: 39K(192K)->38K(192K)
[208.844s][info][gc             ] GC(901) Pause Full (System.gc()) 1M->1M(7851M) 10.749ms
[208.844s][info][gc,cpu         ] GC(901) User=0.02s Sys=0.00s Real=0.01s
[209.300s][info][gc,start       ] GC(902) Pause Young (System.gc())
[209.301s][info][gc,heap        ] GC(902) PSYoungGen: 41953K(2446848K)->128K(2446848K) Eden: 41953K(2097664K)->0K(2097664K) From: 0K(349184K)->128K(349184K)
[209.301s][info][gc,heap        ] GC(902) ParOldGen: 1126K(5592576K)->1126K(5592576K)
[209.301s][info][gc,metaspace   ] GC(902) Metaspace: 632K(960K)->632K(960K) NonClass: 591K(768K)->591K(768K) Class: 40K(192K)->40K(192K)
[209.301s][info][gc             ] GC(902) Pause Young (System.gc()) 42M->1M(7851M) 0.652ms
[209.301s][info][gc,cpu         ] GC(902) User=0.00s Sys=0.00s Real=0.00s
[209.301s][info][gc,start       ] GC(903) Pause Full (System.gc())
[209.301s][info][gc,phases,start] GC(903) Marking Phase
[209.304s][info][gc,phases      ] GC(903) Marking Phase 3.479ms
[209.304s][info][gc,phases,start] GC(903) Summary Phase
[209.304s][info][gc,phases      ] GC(903) Summary Phase 0.023ms
[209.304s][info][gc,phases,start] GC(903) Adjust Roots
[209.305s][info][gc,phases      ] GC(903) Adjust Roots 0.816ms
[209.305s][info][gc,phases,start] GC(903) Compaction Phase
[209.306s][info][gc,phases      ] GC(903) Compaction Phase 0.918ms
[209.306s][info][gc,phases,start] GC(903) Post Compact
[209.307s][info][gc,phases      ] GC(903) Post Compact 0.517ms
[209.307s][info][gc,heap        ] GC(903) PSYoungGen: 128K(2446848K)->0K(2446848K) Eden: 0K(2097664K)->0K(2097664K) From: 128K(349184K)->0K(349184K)
[209.307s][info][gc,heap        ] GC(903) ParOldGen: 1126K(5592576K)->1127K(5592576K)
[209.307s][info][gc,metaspace   ] GC(903) Metaspace: 632K(960K)->628K(960K) NonClass: 591K(768K)->589K(768K) Class: 40K(192K)->39K(192K)
[209.307s][info][gc             ] GC(903) Pause Full (System.gc()) 1M->1M(7851M) 6.036ms
[209.307s][info][gc,cpu         ] GC(903) User=0.01s Sys=0.00s Real=0.01s
[209.762s][info][gc,start       ] GC(904) Pause Young (System.gc())
[209.763s][info][gc,heap        ] GC(904) PSYoungGen: 41953K(2446848K)->96K(2446848K) Eden: 41953K(2097664K)->0K(2097664K) From: 0K(349184K)->96K(349184K)
[209.763s][info][gc,heap        ] GC(904) ParOldGen: 1127K(5592576K)->1127K(5592576K)
[209.763s][info][gc,metaspace   ] GC(904) Metaspace: 633K(960K)->633K(960K) NonClass: 592K(768K)->592K(768K) Class: 40K(192K)->40K(192K)
[209.763s][info][gc             ] GC(904) Pause Young (System.gc()) 42M->1M(7851M) 0.517ms
[209.763s][info][gc,cpu         ] GC(904) User=0.00s Sys=0.00s Real=0.00s
[209.763s][info][gc,start       ] GC(905) Pause Full (System.gc())
[209.763s][info][gc,phases,start] GC(905) Marking Phase
[209.767s][info][gc,phases      ] GC(905) Marking Phase 3.688ms
[209.767s][info][gc,phases,start] GC(905) Summary Phase
[209.767s][info][gc,phases      ] GC(905) Summary Phase 0.020ms
[209.767s][info][gc,phases,start] GC(905) Adjust Roots
[209.767s][info][gc,phases      ] GC(905) Adjust Roots 0.791ms
[209.767s][info][gc,phases,start] GC(905) Compaction Phase
[209.769s][info][gc,phases      ] GC(905) Compaction Phase 1.162ms
[209.769s][info][gc,phases,start] GC(905) Post Compact
[209.769s][info][gc,phases      ] GC(905) Post Compact 0.622ms
[209.769s][info][gc,heap        ] GC(905) PSYoungGen: 96K(2446848K)->0K(2446848K) Eden: 0K(2097664K)->0K(2097664K) From: 96K(349184K)->0K(349184K)
[209.769s][info][gc,heap        ] GC(905) ParOldGen: 1127K(5592576K)->1128K(5592576K)
[209.769s][info][gc,metaspace   ] GC(905) Metaspace: 633K(960K)->630K(960K) NonClass: 592K(768K)->590K(768K) Class: 40K(192K)->39K(192K)
[209.769s][info][gc             ] GC(905) Pause Full (System.gc()) 1M->1M(7851M) 6.561ms
[209.769s][info][gc,cpu         ] GC(905) User=0.01s Sys=0.00s Real=0.01s
[210.222s][info][gc,start       ] GC(906) Pause Young (System.gc())
[210.223s][info][gc,heap        ] GC(906) PSYoungGen: 41953K(2446848K)->160K(2446848K) Eden: 41953K(2097664K)->0K(2097664K) From: 0K(349184K)->160K(349184K)
[210.223s][info][gc,heap        ] GC(906) ParOldGen: 1128K(5592576K)->1128K(5592576K)
[210.223s][info][gc,metaspace   ] GC(906) Metaspace: 635K(960K)->635K(960K) NonClass: 594K(768K)->594K(768K) Class: 41K(192K)->41K(192K)
[210.223s][info][gc             ] GC(906) Pause Young (System.gc()) 42M->1M(7851M) 0.454ms
[210.223s][info][gc,cpu         ] GC(906) User=0.00s Sys=0.00s Real=0.00s
[210.223s][info][gc,start       ] GC(907) Pause Full (System.gc())
[210.223s][info][gc,phases,start] GC(907) Marking Phase
[210.227s][info][gc,phases      ] GC(907) Marking Phase 3.725ms
[210.227s][info][gc,phases,start] GC(907) Summary Phase
[210.227s][info][gc,phases      ] GC(907) Summary Phase 0.033ms
[210.227s][info][gc,phases,start] GC(907) Adjust Roots
[210.228s][info][gc,phases      ] GC(907) Adjust Roots 0.881ms
[210.228s][info][gc,phases,start] GC(907) Compaction Phase
[210.229s][info][gc,phases      ] GC(907) Compaction Phase 1.552ms
[210.229s][info][gc,phases,start] GC(907) Post Compact
[210.230s][info][gc,phases      ] GC(907) Post Compact 0.515ms
[210.230s][info][gc,heap        ] GC(907) PSYoungGen: 160K(2446848K)->0K(2446848K) Eden: 0K(2097664K)->0K(2097664K) From: 160K(349184K)->0K(349184K)
[210.230s][info][gc,heap        ] GC(907) ParOldGen: 1128K(5592576K)->1130K(5592576K)
[210.230s][info][gc,metaspace   ] GC(907) Metaspace: 635K(960K)->634K(960K) NonClass: 594K(768K)->593K(768K) Class: 41K(192K)->41K(192K)
[210.230s][info][gc             ] GC(907) Pause Full (System.gc()) 1M->1M(7851M) 7.052ms
[210.230s][info][gc,cpu         ] GC(907) User=0.01s Sys=0.00s Real=0.01s
[210.682s][info][gc,start       ] GC(908) Pause Young (System.gc())
[210.682s][info][gc,heap        ] GC(908) PSYoungGen: 41953K(2446848K)->128K(2446848K) Eden: 41953K(2097664K)->0K(2097664K) From: 0K(349184K)->128K(349184K)
[210.682s][info][gc,heap        ] GC(908) ParOldGen: 1130K(5592576K)->1130K(5592576K)
[210.682s][info][gc,metaspace   ] GC(908) Metaspace: 639K(960K)->639K(960K) NonClass: 596K(768K)->596K(768K) Class: 42K(192K)->42K(192K)
[210.682s][info][gc             ] GC(908) Pause Young (System.gc()) 42M->1M(7851M) 0.402ms
[210.682s][info][gc,cpu         ] GC(908) User=0.00s Sys=0.00s Real=0.00s
[210.682s][info][gc,start       ] GC(909) Pause Full (System.gc())
[210.682s][info][gc,phases,start] GC(909) Marking Phase
[210.687s][info][gc,phases      ] GC(909) Marking Phase 4.407ms
[210.687s][info][gc,phases,start] GC(909) Summary Phase
[210.687s][info][gc,phases      ] GC(909) Summary Phase 0.026ms
[210.687s][info][gc,phases,start] GC(909) Adjust Roots
[210.688s][info][gc,phases      ] GC(909) Adjust Roots 0.920ms
[210.688s][info][gc,phases,start] GC(909) Compaction Phase
[210.689s][info][gc,phases      ] GC(909) Compaction Phase 1.488ms
[210.690s][info][gc,phases,start] GC(909) Post Compact
[210.690s][info][gc,phases      ] GC(909) Post Compact 0.579ms
[210.690s][info][gc,heap        ] GC(909) PSYoungGen: 128K(2446848K)->0K(2446848K) Eden: 0K(2097664K)->0K(2097664K) From: 128K(349184K)->0K(349184K)
[210.690s][info][gc,heap        ] GC(909) ParOldGen: 1130K(5592576K)->1132K(5592576K)
[210.690s][info][gc,metaspace   ] GC(909) Metaspace: 639K(960K)->638K(960K) NonClass: 596K(768K)->596K(768K) Class: 42K(192K)->42K(192K)
[210.690s][info][gc             ] GC(909) Pause Full (System.gc()) 1M->1M(7851M) 7.849ms
[210.690s][info][gc,cpu         ] GC(909) User=0.01s Sys=0.00s Real=0.01s
[211.147s][info][gc,start       ] GC(910) Pause Young (System.gc())
[211.150s][info][gc,heap        ] GC(910) PSYoungGen: 41953K(2446848K)->96K(2446848K) Eden: 41953K(2097664K)->0K(2097664K) From: 0K(349184K)->96K(349184K)
[211.150s][info][gc,heap        ] GC(910) ParOldGen: 1132K(5592576K)->1132K(5592576K)
[211.150s][info][gc,metaspace   ] GC(910) Metaspace: 643K(960K)->643K(960K) NonClass: 599K(768K)->599K(768K) Class: 44K(192K)->44K(192K)
[211.150s][info][gc             ] GC(910) Pause Young (System.gc()) 42M->1M(7851M) 2.706ms
[211.150s][info][gc,cpu         ] GC(910) User=0.00s Sys=0.00s Real=0.00s
[211.150s][info][gc,start       ] GC(911) Pause Full (System.gc())
[211.150s][info][gc,phases,start] GC(911) Marking Phase
[211.154s][info][gc,phases      ] GC(911) Marking Phase 3.614ms
[211.154s][info][gc,phases,start] GC(911) Summary Phase
[211.154s][info][gc,phases      ] GC(911) Summary Phase 0.064ms
[211.154s][info][gc,phases,start] GC(911) Adjust Roots
[211.155s][info][gc,phases      ] GC(911) Adjust Roots 0.873ms
[211.155s][info][gc,phases,start] GC(911) Compaction Phase
[211.156s][info][gc,phases      ] GC(911) Compaction Phase 1.110ms
[211.156s][info][gc,phases,start] GC(911) Post Compact
[211.156s][info][gc,phases      ] GC(911) Post Compact 0.503ms
[211.156s][info][gc,heap        ] GC(911) PSYoungGen: 96K(2446848K)->0K(2446848K) Eden: 0K(2097664K)->0K(2097664K) From: 96K(349184K)->0K(349184K)
[211.156s][info][gc,heap        ] GC(911) ParOldGen: 1132K(5592576K)->1134K(5592576K)
[211.156s][info][gc,metaspace   ] GC(911) Metaspace: 643K(960K)->643K(960K) NonClass: 599K(768K)->599K(768K) Class: 44K(192K)->44K(192K)
[211.156s][info][gc             ] GC(911) Pause Full (System.gc()) 1M->1M(7851M) 6.601ms
[211.156s][info][gc,cpu         ] GC(911) User=0.01s Sys=0.01s Real=0.01s
[211.612s][info][gc,start       ] GC(912) Pause Young (System.gc())
[211.612s][info][gc,heap        ] GC(912) PSYoungGen: 41953K(2446848K)->160K(2446848K) Eden: 41953K(2097664K)->0K(2097664K) From: 0K(349184K)->160K(349184K)
[211.612s][info][gc,heap        ] GC(912) ParOldGen: 1134K(5592576K)->1134K(5592576K)
[211.612s][info][gc,metaspace   ] GC(912) Metaspace: 648K(960K)->648K(960K) NonClass: 602K(768K)->602K(768K) Class: 45K(192K)->45K(192K)
[211.612s][info][gc             ] GC(912) Pause Young (System.gc()) 42M->1M(7851M) 0.409ms
[211.612s][info][gc,cpu         ] GC(912) User=0.00s Sys=0.00s Real=0.00s
[211.612s][info][gc,start       ] GC(913) Pause Full (System.gc())
[211.612s][info][gc,phases,start] GC(913) Marking Phase
[211.617s][info][gc,phases      ] GC(913) Marking Phase 4.412ms
[211.617s][info][gc,phases,start] GC(913) Summary Phase
[211.617s][info][gc,phases      ] GC(913) Summary Phase 0.018ms
[211.617s][info][gc,phases,start] GC(913) Adjust Roots
[211.618s][info][gc,phases      ] GC(913) Adjust Roots 0.856ms
[211.618s][info][gc,phases,start] GC(913) Compaction Phase
[211.619s][info][gc,phases      ] GC(913) Compaction Phase 1.228ms
[211.619s][info][gc,phases,start] GC(913) Post Compact
[211.619s][info][gc,phases      ] GC(913) Post Compact 0.424ms
[211.619s][info][gc,heap        ] GC(913) PSYoungGen: 160K(2446848K)->0K(2446848K) Eden: 0K(2097664K)->0K(2097664K) From: 160K(349184K)->0K(349184K)
[211.619s][info][gc,heap        ] GC(913) ParOldGen: 1134K(5592576K)->1137K(5592576K)
[211.619s][info][gc,metaspace   ] GC(913) Metaspace: 648K(960K)->648K(960K) NonClass: 602K(768K)->602K(768K) Class: 45K(192K)->45K(192K)
[211.619s][info][gc             ] GC(913) Pause Full (System.gc()) 1M->1M(7851M) 7.160ms
[211.619s][info][gc,cpu         ] GC(913) User=0.03s Sys=0.00s Real=0.01s
[212.076s][info][gc,start       ] GC(914) Pause Young (System.gc())
[212.076s][info][gc,heap        ] GC(914) PSYoungGen: 41953K(2446848K)->96K(2446848K) Eden: 41953K(2097664K)->0K(2097664K) From: 0K(349184K)->96K(349184K)
[212.076s][info][gc,heap        ] GC(914) ParOldGen: 1137K(5592576K)->1137K(5592576K)
[212.076s][info][gc,metaspace   ] GC(914) Metaspace: 653K(960K)->653K(960K) NonClass: 606K(768K)->606K(768K) Class: 47K(192K)->47K(192K)
[212.076s][info][gc             ] GC(914) Pause Young (System.gc()) 42M->1M(7851M) 0.429ms
[212.076s][info][gc,cpu         ] GC(914) User=0.00s Sys=0.00s Real=0.00s
[212.076s][info][gc,start       ] GC(915) Pause Full (System.gc())
[212.076s][info][gc,phases,start] GC(915) Marking Phase
[212.080s][info][gc,phases      ] GC(915) Marking Phase 4.113ms
[212.081s][info][gc,phases,start] GC(915) Summary Phase
[212.081s][info][gc,phases      ] GC(915) Summary Phase 0.023ms
[212.081s][info][gc,phases,start] GC(915) Adjust Roots
[212.081s][info][gc,phases      ] GC(915) Adjust Roots 0.657ms
[212.081s][info][gc,phases,start] GC(915) Compaction Phase
[212.082s][info][gc,phases      ] GC(915) Compaction Phase 1.199ms
[212.083s][info][gc,phases,start] GC(915) Post Compact
[212.083s][info][gc,phases      ] GC(915) Post Compact 0.540ms
[212.083s][info][gc,heap        ] GC(915) PSYoungGen: 96K(2446848K)->0K(2446848K) Eden: 0K(2097664K)->0K(2097664K) From: 96K(349184K)->0K(349184K)
[212.083s][info][gc,heap        ] GC(915) ParOldGen: 1137K(5592576K)->1140K(5592576K)
[212.083s][info][gc,metaspace   ] GC(915) Metaspace: 653K(960K)->653K(960K) NonClass: 606K(768K)->606K(768K) Class: 47K(192K)->47K(192K)
[212.083s][info][gc             ] GC(915) Pause Full (System.gc()) 1M->1M(7851M) 6.769ms
[212.083s][info][gc,cpu         ] GC(915) User=0.01s Sys=0.00s Real=0.01s
[212.538s][info][gc,start       ] GC(916) Pause Young (System.gc())
[212.538s][info][gc,heap        ] GC(916) PSYoungGen: 41953K(2446848K)->128K(2446848K) Eden: 41953K(2097664K)->0K(2097664K) From: 0K(349184K)->128K(349184K)
[212.538s][info][gc,heap        ] GC(916) ParOldGen: 1140K(5592576K)->1140K(5592576K)
[212.538s][info][gc,metaspace   ] GC(916) Metaspace: 658K(960K)->658K(960K) NonClass: 609K(768K)->609K(768K) Class: 49K(192K)->49K(192K)
[212.538s][info][gc             ] GC(916) Pause Young (System.gc()) 42M->1M(7851M) 0.401ms
[212.538s][info][gc,cpu         ] GC(916) User=0.00s Sys=0.00s Real=0.00s
[212.538s][info][gc,start       ] GC(917) Pause Full (System.gc())
[212.538s][info][gc,phases,start] GC(917) Marking Phase
[212.542s][info][gc,phases      ] GC(917) Marking Phase 3.353ms
[212.542s][info][gc,phases,start] GC(917) Summary Phase
[212.542s][info][gc,phases      ] GC(917) Summary Phase 0.012ms
[212.542s][info][gc,phases,start] GC(917) Adjust Roots
[212.543s][info][gc,phases      ] GC(917) Adjust Roots 0.780ms
[212.543s][info][gc,phases,start] GC(917) Compaction Phase
[212.544s][info][gc,phases      ] GC(917) Compaction Phase 1.262ms
[212.544s][info][gc,phases,start] GC(917) Post Compact
[212.544s][info][gc,phases      ] GC(917) Post Compact 0.462ms
[212.544s][info][gc,heap        ] GC(917) PSYoungGen: 128K(2446848K)->0K(2446848K) Eden: 0K(2097664K)->0K(2097664K) From: 128K(349184K)->0K(349184K)
[212.544s][info][gc,heap        ] GC(917) ParOldGen: 1140K(5592576K)->1143K(5592576K)
[212.544s][info][gc,metaspace   ] GC(917) Metaspace: 658K(960K)->658K(960K) NonClass: 609K(768K)->609K(768K) Class: 49K(192K)->49K(192K)
[212.544s][info][gc             ] GC(917) Pause Full (System.gc()) 1M->1M(7851M) 6.008ms
[212.544s][info][gc,cpu         ] GC(917) User=0.02s Sys=0.01s Real=0.01s
[213.000s][info][gc,start       ] GC(918) Pause Young (System.gc())
[213.001s][info][gc,heap        ] GC(918) PSYoungGen: 41953K(2446848K)->128K(2446848K) Eden: 41953K(2097664K)->0K(2097664K) From: 0K(349184K)->128K(349184K)
[213.001s][info][gc,heap        ] GC(918) ParOldGen: 1143K(5592576K)->1143K(5592576K)
[213.001s][info][gc,metaspace   ] GC(918) Metaspace: 663K(960K)->663K(960K) NonClass: 612K(768K)->612K(768K) Class: 51K(192K)->51K(192K)
[213.001s][info][gc             ] GC(918) Pause Young (System.gc()) 42M->1M(7851M) 0.380ms
[213.001s][info][gc,cpu         ] GC(918) User=0.00s Sys=0.00s Real=0.00s
[213.001s][info][gc,start       ] GC(919) Pause Full (System.gc())
[213.001s][info][gc,phases,start] GC(919) Marking Phase
[213.004s][info][gc,phases      ] GC(919) Marking Phase 3.051ms
[213.004s][info][gc,phases,start] GC(919) Summary Phase
[213.004s][info][gc,phases      ] GC(919) Summary Phase 0.009ms
[213.004s][info][gc,phases,start] GC(919) Adjust Roots
[213.005s][info][gc,phases      ] GC(919) Adjust Roots 0.792ms
[213.005s][info][gc,phases,start] GC(919) Compaction Phase
[213.006s][info][gc,phases      ] GC(919) Compaction Phase 1.207ms
[213.006s][info][gc,phases,start] GC(919) Post Compact
[213.007s][info][gc,phases      ] GC(919) Post Compact 0.501ms
[213.007s][info][gc,heap        ] GC(919) PSYoungGen: 128K(2446848K)->0K(2446848K) Eden: 0K(2097664K)->0K(2097664K) From: 128K(349184K)->0K(349184K)
[213.007s][info][gc,heap        ] GC(919) ParOldGen: 1143K(5592576K)->1146K(5592576K)
[213.007s][info][gc,metaspace   ] GC(919) Metaspace: 663K(960K)->663K(960K) NonClass: 612K(768K)->612K(768K) Class: 51K(192K)->51K(192K)
[213.007s][info][gc             ] GC(919) Pause Full (System.gc()) 1M->1M(7851M) 5.678ms
[213.007s][info][gc,cpu         ] GC(919) User=0.02s Sys=0.00s Real=0.01s
[213.462s][info][gc,start       ] GC(920) Pause Young (System.gc())
[213.462s][info][gc,heap        ] GC(920) PSYoungGen: 41953K(2446848K)->192K(2446848K) Eden: 41953K(2097664K)->0K(2097664K) From: 0K(349184K)->192K(349184K)
[213.462s][info][gc,heap        ] GC(920) ParOldGen: 1146K(5592576K)->1146K(5592576K)
[213.462s][info][gc,metaspace   ] GC(920) Metaspace: 668K(1024K)->668K(1024K) NonClass: 615K(832K)->615K(832K) Class: 52K(192K)->52K(192K)
[213.462s][info][gc             ] GC(920) Pause Young (System.gc()) 42M->1M(7851M) 0.390ms
[213.462s][info][gc,cpu         ] GC(920) User=0.00s Sys=0.00s Real=0.00s
[213.462s][info][gc,start       ] GC(921) Pause Full (System.gc())
[213.462s][info][gc,phases,start] GC(921) Marking Phase
[213.467s][info][gc,phases      ] GC(921) Marking Phase 4.157ms
[213.467s][info][gc,phases,start] GC(921) Summary Phase
[213.467s][info][gc,phases      ] GC(921) Summary Phase 0.009ms
[213.467s][info][gc,phases,start] GC(921) Adjust Roots
[213.467s][info][gc,phases      ] GC(921) Adjust Roots 0.611ms
[213.467s][info][gc,phases,start] GC(921) Compaction Phase
[213.468s][info][gc,phases      ] GC(921) Compaction Phase 1.071ms
[213.468s][info][gc,phases,start] GC(921) Post Compact
[213.469s][info][gc,phases      ] GC(921) Post Compact 0.491ms
[213.469s][info][gc,heap        ] GC(921) PSYoungGen: 192K(2446848K)->0K(2446848K) Eden: 0K(2097664K)->0K(2097664K) From: 192K(349184K)->0K(349184K)
[213.469s][info][gc,heap        ] GC(921) ParOldGen: 1146K(5592576K)->1149K(5592576K)
[213.469s][info][gc,metaspace   ] GC(921) Metaspace: 668K(1024K)->668K(1024K) NonClass: 615K(832K)->615K(832K) Class: 52K(192K)->52K(192K)
[213.469s][info][gc             ] GC(921) Pause Full (System.gc()) 1M->1M(7851M) 6.482ms
[213.469s][info][gc,cpu         ] GC(921) User=0.03s Sys=0.00s Real=0.01s
[213.924s][info][gc,start       ] GC(922) Pause Young (System.gc())
[213.924s][info][gc,heap        ] GC(922) PSYoungGen: 41953K(2446848K)->96K(2446848K) Eden: 41953K(2097664K)->0K(2097664K) From: 0K(349184K)->96K(349184K)
[213.924s][info][gc,heap        ] GC(922) ParOldGen: 1149K(5592576K)->1149K(5592576K)
[213.924s][info][gc,metaspace   ] GC(922) Metaspace: 673K(1024K)->673K(1024K) NonClass: 619K(832K)->619K(832K) Class: 54K(192K)->54K(192K)
[213.924s][info][gc             ] GC(922) Pause Young (System.gc()) 42M->1M(7851M) 0.410ms
[213.924s][info][gc,cpu         ] GC(922) User=0.01s Sys=0.01s Real=0.00s
[213.924s][info][gc,start       ] GC(923) Pause Full (System.gc())
[213.924s][info][gc,phases,start] GC(923) Marking Phase
[213.928s][info][gc,phases      ] GC(923) Marking Phase 3.942ms
[213.928s][info][gc,phases,start] GC(923) Summary Phase
[213.928s][info][gc,phases      ] GC(923) Summary Phase 0.009ms
[213.928s][info][gc,phases,start] GC(923) Adjust Roots
[213.929s][info][gc,phases      ] GC(923) Adjust Roots 0.829ms
[213.929s][info][gc,phases,start] GC(923) Compaction Phase
[213.930s][info][gc,phases      ] GC(923) Compaction Phase 1.194ms
[213.930s][info][gc,phases,start] GC(923) Post Compact
[213.931s][info][gc,phases      ] GC(923) Post Compact 0.457ms
[213.931s][info][gc,heap        ] GC(923) PSYoungGen: 96K(2446848K)->0K(2446848K) Eden: 0K(2097664K)->0K(2097664K) From: 96K(349184K)->0K(349184K)
[213.931s][info][gc,heap        ] GC(923) ParOldGen: 1149K(5592576K)->1152K(5592576K)
[213.931s][info][gc,metaspace   ] GC(923) Metaspace: 673K(1024K)->673K(1024K) NonClass: 619K(832K)->619K(832K) Class: 54K(192K)->54K(192K)
[213.931s][info][gc             ] GC(923) Pause Full (System.gc()) 1M->1M(7851M) 6.597ms
[213.931s][info][gc,cpu         ] GC(923) User=0.02s Sys=0.00s Real=0.00s
[214.384s][info][gc,start       ] GC(924) Pause Young (System.gc())
[214.385s][info][gc,heap        ] GC(924) PSYoungGen: 41953K(2446848K)->192K(2446848K) Eden: 41953K(2097664K)->0K(2097664K) From: 0K(349184K)->192K(349184K)
[214.385s][info][gc,heap        ] GC(924) ParOldGen: 1152K(5592576K)->1152K(5592576K)
[214.385s][info][gc,metaspace   ] GC(924) Metaspace: 678K(1024K)->678K(1024K) NonClass: 622K(832K)->622K(832K) Class: 56K(192K)->56K(192K)
[214.385s][info][gc             ] GC(924) Pause Young (System.gc()) 42M->1M(7851M) 0.357ms
[214.385s][info][gc,cpu         ] GC(924) User=0.00s Sys=0.00s Real=0.00s
[214.385s][info][gc,start       ] GC(925) Pause Full (System.gc())
[214.385s][info][gc,phases,start] GC(925) Marking Phase
[214.388s][info][gc,phases      ] GC(925) Marking Phase 3.630ms
[214.388s][info][gc,phases,start] GC(925) Summary Phase
[214.388s][info][gc,phases      ] GC(925) Summary Phase 0.016ms
[214.388s][info][gc,phases,start] GC(925) Adjust Roots
[214.389s][info][gc,phases      ] GC(925) Adjust Roots 0.669ms
[214.389s][info][gc,phases,start] GC(925) Compaction Phase
[214.390s][info][gc,phases      ] GC(925) Compaction Phase 1.151ms
[214.390s][info][gc,phases,start] GC(925) Post Compact
[214.391s][info][gc,phases      ] GC(925) Post Compact 0.460ms
[214.391s][info][gc,heap        ] GC(925) PSYoungGen: 192K(2446848K)->0K(2446848K) Eden: 0K(2097664K)->0K(2097664K) From: 192K(349184K)->0K(349184K)
[214.391s][info][gc,heap        ] GC(925) ParOldGen: 1152K(5592576K)->1155K(5592576K)
[214.391s][info][gc,metaspace   ] GC(925) Metaspace: 678K(1024K)->678K(1024K) NonClass: 622K(832K)->622K(832K) Class: 56K(192K)->56K(192K)
[214.391s][info][gc             ] GC(925) Pause Full (System.gc()) 1M->1M(7851M) 6.047ms
[214.391s][info][gc,cpu         ] GC(925) User=0.02s Sys=0.01s Real=0.00s
[214.849s][info][gc,start       ] GC(926) Pause Young (System.gc())
[214.850s][info][gc,heap        ] GC(926) PSYoungGen: 41953K(2446848K)->96K(2446848K) Eden: 41953K(2097664K)->0K(2097664K) From: 0K(349184K)->96K(349184K)
[214.850s][info][gc,heap        ] GC(926) ParOldGen: 1155K(5592576K)->1155K(5592576K)
[214.850s][info][gc,metaspace   ] GC(926) Metaspace: 683K(1024K)->683K(1024K) NonClass: 625K(832K)->625K(832K) Class: 58K(192K)->58K(192K)
[214.850s][info][gc             ] GC(926) Pause Young (System.gc()) 42M->1M(7851M) 0.518ms
[214.850s][info][gc,cpu         ] GC(926) User=0.00s Sys=0.00s Real=0.00s
[214.850s][info][gc,start       ] GC(927) Pause Full (System.gc())
[214.850s][info][gc,phases,start] GC(927) Marking Phase
[214.854s][info][gc,phases      ] GC(927) Marking Phase 3.742ms
[214.854s][info][gc,phases,start] GC(927) Summary Phase
[214.854s][info][gc,phases      ] GC(927) Summary Phase 0.021ms
[214.854s][info][gc,phases,start] GC(927) Adjust Roots
[214.854s][info][gc,phases      ] GC(927) Adjust Roots 0.671ms
[214.854s][info][gc,phases,start] GC(927) Compaction Phase
[214.856s][info][gc,phases      ] GC(927) Compaction Phase 1.112ms
[214.856s][info][gc,phases,start] GC(927) Post Compact
[214.856s][info][gc,phases      ] GC(927) Post Compact 0.475ms
[214.856s][info][gc,heap        ] GC(927) PSYoungGen: 96K(2446848K)->0K(2446848K) Eden: 0K(2097664K)->0K(2097664K) From: 96K(349184K)->0K(349184K)
[214.856s][info][gc,heap        ] GC(927) ParOldGen: 1155K(5592576K)->1158K(5592576K)
[214.856s][info][gc,metaspace   ] GC(927) Metaspace: 683K(1024K)->683K(1024K) NonClass: 625K(832K)->625K(832K) Class: 58K(192K)->58K(192K)
[214.856s][info][gc             ] GC(927) Pause Full (System.gc()) 1M->1M(7851M) 6.153ms
[214.856s][info][gc,cpu         ] GC(927) User=0.03s Sys=0.00s Real=0.01s
[215.311s][info][gc,start       ] GC(928) Pause Young (System.gc())
[215.312s][info][gc,heap        ] GC(928) PSYoungGen: 41953K(2446848K)->96K(2446848K) Eden: 41953K(2097664K)->0K(2097664K) From: 0K(349184K)->96K(349184K)
[215.312s][info][gc,heap        ] GC(928) ParOldGen: 1158K(5592576K)->1158K(5592576K)
[215.312s][info][gc,metaspace   ] GC(928) Metaspace: 688K(1024K)->688K(1024K) NonClass: 629K(832K)->629K(832K) Class: 59K(192K)->59K(192K)
[215.312s][info][gc             ] GC(928) Pause Young (System.gc()) 42M->1M(7851M) 0.707ms
[215.312s][info][gc,cpu         ] GC(928) User=0.00s Sys=0.00s Real=0.00s
[215.312s][info][gc,start       ] GC(929) Pause Full (System.gc())
[215.312s][info][gc,phases,start] GC(929) Marking Phase
[215.318s][info][gc,phases      ] GC(929) Marking Phase 6.724ms
[215.319s][info][gc,phases,start] GC(929) Summary Phase
[215.319s][info][gc,phases      ] GC(929) Summary Phase 0.022ms
[215.319s][info][gc,phases,start] GC(929) Adjust Roots
[215.322s][info][gc,phases      ] GC(929) Adjust Roots 3.045ms
[215.322s][info][gc,phases,start] GC(929) Compaction Phase
[215.331s][info][gc,phases      ] GC(929) Compaction Phase 9.535ms
[215.331s][info][gc,phases,start] GC(929) Post Compact
[215.332s][info][gc,phases      ] GC(929) Post Compact 0.580ms
[215.332s][info][gc,heap        ] GC(929) PSYoungGen: 96K(2446848K)->0K(2446848K) Eden: 0K(2097664K)->0K(2097664K) From: 96K(349184K)->0K(349184K)
[215.332s][info][gc,heap        ] GC(929) ParOldGen: 1158K(5592576K)->1151K(5592576K)
[215.332s][info][gc,metaspace   ] GC(929) Metaspace: 688K(1024K)->679K(1024K) NonClass: 629K(832K)->624K(832K) Class: 59K(192K)->54K(192K)
[215.332s][info][gc             ] GC(929) Pause Full (System.gc()) 1M->1M(7851M) 20.220ms
[215.332s][info][gc,cpu         ] GC(929) User=0.02s Sys=0.00s Real=0.02s
[215.788s][info][gc,start       ] GC(930) Pause Young (System.gc())
[215.788s][info][gc,heap        ] GC(930) PSYoungGen: 41953K(2446848K)->128K(2446848K) Eden: 41953K(2097664K)->0K(2097664K) From: 0K(349184K)->128K(349184K)
[215.788s][info][gc,heap        ] GC(930) ParOldGen: 1151K(5592576K)->1151K(5592576K)
[215.788s][info][gc,metaspace   ] GC(930) Metaspace: 684K(1024K)->684K(1024K) NonClass: 628K(832K)->628K(832K) Class: 56K(192K)->56K(192K)
[215.788s][info][gc             ] GC(930) Pause Young (System.gc()) 42M->1M(7851M) 0.624ms
[215.788s][info][gc,cpu         ] GC(930) User=0.00s Sys=0.00s Real=0.00s
[215.788s][info][gc,start       ] GC(931) Pause Full (System.gc())
[215.789s][info][gc,phases,start] GC(931) Marking Phase
[215.799s][info][gc,phases      ] GC(931) Marking Phase 10.073ms
[215.799s][info][gc,phases,start] GC(931) Summary Phase
[215.799s][info][gc,phases      ] GC(931) Summary Phase 0.020ms
[215.799s][info][gc,phases,start] GC(931) Adjust Roots
[215.800s][info][gc,phases      ] GC(931) Adjust Roots 1.295ms
[215.800s][info][gc,phases,start] GC(931) Compaction Phase
[215.804s][info][gc,phases      ] GC(931) Compaction Phase 3.569ms
[215.804s][info][gc,phases,start] GC(931) Post Compact
[215.805s][info][gc,phases      ] GC(931) Post Compact 1.119ms
[215.805s][info][gc,heap        ] GC(931) PSYoungGen: 128K(2446848K)->0K(2446848K) Eden: 0K(2097664K)->0K(2097664K) From: 128K(349184K)->0K(349184K)
[215.805s][info][gc,heap        ] GC(931) ParOldGen: 1151K(5592576K)->1153K(5592576K)
[215.805s][info][gc,metaspace   ] GC(931) Metaspace: 684K(1024K)->683K(1024K) NonClass: 628K(832K)->627K(832K) Class: 56K(192K)->56K(192K)
[215.805s][info][gc             ] GC(931) Pause Full (System.gc()) 1M->1M(7851M) 16.373ms
[215.805s][info][gc,cpu         ] GC(931) User=0.01s Sys=0.00s Real=0.02s
[216.269s][info][gc,start       ] GC(932) Pause Young (System.gc())
[216.270s][info][gc,heap        ] GC(932) PSYoungGen: 41953K(2446848K)->96K(2446848K) Eden: 41953K(2097664K)->0K(2097664K) From: 0K(349184K)->96K(349184K)
[216.270s][info][gc,heap        ] GC(932) ParOldGen: 1153K(5592576K)->1153K(5592576K)
[216.271s][info][gc,metaspace   ] GC(932) Metaspace: 688K(1024K)->688K(1024K) NonClass: 630K(832K)->630K(832K) Class: 57K(192K)->57K(192K)
[216.271s][info][gc             ] GC(932) Pause Young (System.gc()) 42M->1M(7851M) 1.679ms
[216.271s][info][gc,cpu         ] GC(932) User=0.00s Sys=0.00s Real=0.00s
[216.271s][info][gc,start       ] GC(933) Pause Full (System.gc())
[216.271s][info][gc,phases,start] GC(933) Marking Phase
[216.274s][info][gc,phases      ] GC(933) Marking Phase 3.455ms
[216.274s][info][gc,phases,start] GC(933) Summary Phase
[216.274s][info][gc,phases      ] GC(933) Summary Phase 0.017ms
[216.274s][info][gc,phases,start] GC(933) Adjust Roots
[216.275s][info][gc,phases      ] GC(933) Adjust Roots 0.866ms
[216.275s][info][gc,phases,start] GC(933) Compaction Phase
[216.288s][info][gc,phases      ] GC(933) Compaction Phase 12.502ms
[216.288s][info][gc,phases,start] GC(933) Post Compact
[216.289s][info][gc,phases      ] GC(933) Post Compact 0.545ms
[216.289s][info][gc,heap        ] GC(933) PSYoungGen: 96K(2446848K)->0K(2446848K) Eden: 0K(2097664K)->0K(2097664K) From: 96K(349184K)->0K(349184K)
[216.289s][info][gc,heap        ] GC(933) ParOldGen: 1153K(5592576K)->1156K(5592576K)
[216.289s][info][gc,metaspace   ] GC(933) Metaspace: 688K(1024K)->688K(1024K) NonClass: 630K(832K)->630K(832K) Class: 57K(192K)->57K(192K)
[216.289s][info][gc             ] GC(933) Pause Full (System.gc()) 1M->1M(7851M) 17.953ms
[216.289s][info][gc,cpu         ] GC(933) User=0.01s Sys=0.00s Real=0.02s
[216.744s][info][gc,start       ] GC(934) Pause Young (System.gc())
[216.744s][info][gc,heap        ] GC(934) PSYoungGen: 41953K(2446848K)->128K(2446848K) Eden: 41953K(2097664K)->0K(2097664K) From: 0K(349184K)->128K(349184K)
[216.744s][info][gc,heap        ] GC(934) ParOldGen: 1156K(5592576K)->1156K(5592576K)
[216.744s][info][gc,metaspace   ] GC(934) Metaspace: 693K(1024K)->693K(1024K) NonClass: 634K(832K)->634K(832K) Class: 59K(192K)->59K(192K)
[216.744s][info][gc             ] GC(934) Pause Young (System.gc()) 42M->1M(7851M) 0.585ms
[216.744s][info][gc,cpu         ] GC(934) User=0.00s Sys=0.00s Real=0.00s
[216.744s][info][gc,start       ] GC(935) Pause Full (System.gc())
[216.744s][info][gc,phases,start] GC(935) Marking Phase
[216.750s][info][gc,phases      ] GC(935) Marking Phase 5.290ms
[216.750s][info][gc,phases,start] GC(935) Summary Phase
[216.750s][info][gc,phases      ] GC(935) Summary Phase 0.042ms
[216.750s][info][gc,phases,start] GC(935) Adjust Roots
[216.752s][info][gc,phases      ] GC(935) Adjust Roots 2.599ms
[216.752s][info][gc,phases,start] GC(935) Compaction Phase
[216.766s][info][gc,phases      ] GC(935) Compaction Phase 13.179ms
[216.766s][info][gc,phases,start] GC(935) Post Compact
[216.766s][info][gc,phases      ] GC(935) Post Compact 0.575ms
[216.766s][info][gc,heap        ] GC(935) PSYoungGen: 128K(2446848K)->0K(2446848K) Eden: 0K(2097664K)->0K(2097664K) From: 128K(349184K)->0K(349184K)
[216.766s][info][gc,heap        ] GC(935) ParOldGen: 1156K(5592576K)->1159K(5592576K)
[216.766s][info][gc,metaspace   ] GC(935) Metaspace: 693K(1024K)->693K(1024K) NonClass: 634K(832K)->634K(832K) Class: 59K(192K)->59K(192K)
[216.766s][info][gc             ] GC(935) Pause Full (System.gc()) 1M->1M(7851M) 22.134ms
[216.766s][info][gc,cpu         ] GC(935) User=0.01s Sys=0.00s Real=0.02s
[217.223s][info][gc,start       ] GC(936) Pause Young (System.gc())
[217.227s][info][gc,heap        ] GC(936) PSYoungGen: 41953K(2446848K)->64K(2446848K) Eden: 41953K(2097664K)->0K(2097664K) From: 0K(349184K)->64K(349184K)
[217.227s][info][gc,heap        ] GC(936) ParOldGen: 1159K(5592576K)->1159K(5592576K)
[217.227s][info][gc,metaspace   ] GC(936) Metaspace: 698K(1024K)->698K(1024K) NonClass: 637K(832K)->637K(832K) Class: 61K(192K)->61K(192K)
[217.227s][info][gc             ] GC(936) Pause Young (System.gc()) 42M->1M(7851M) 3.992ms
[217.227s][info][gc,cpu         ] GC(936) User=0.01s Sys=0.00s Real=0.00s
[217.227s][info][gc,start       ] GC(937) Pause Full (System.gc())
[217.227s][info][gc,phases,start] GC(937) Marking Phase
[217.230s][info][gc,phases      ] GC(937) Marking Phase 3.093ms
[217.230s][info][gc,phases,start] GC(937) Summary Phase
[217.231s][info][gc,phases      ] GC(937) Summary Phase 0.016ms
[217.231s][info][gc,phases,start] GC(937) Adjust Roots
[217.232s][info][gc,phases      ] GC(937) Adjust Roots 1.541ms
[217.232s][info][gc,phases,start] GC(937) Compaction Phase
[217.236s][info][gc,phases      ] GC(937) Compaction Phase 4.053ms
[217.236s][info][gc,phases,start] GC(937) Post Compact
[217.238s][info][gc,phases      ] GC(937) Post Compact 1.404ms
[217.238s][info][gc,heap        ] GC(937) PSYoungGen: 64K(2446848K)->0K(2446848K) Eden: 0K(2097664K)->0K(2097664K) From: 64K(349184K)->0K(349184K)
[217.238s][info][gc,heap        ] GC(937) ParOldGen: 1159K(5592576K)->1161K(5592576K)
[217.238s][info][gc,metaspace   ] GC(937) Metaspace: 698K(1024K)->698K(1024K) NonClass: 637K(832K)->637K(832K) Class: 61K(192K)->61K(192K)
[217.238s][info][gc             ] GC(937) Pause Full (System.gc()) 1M->1M(7851M) 10.416ms
[217.238s][info][gc,cpu         ] GC(937) User=0.01s Sys=0.00s Real=0.01s
[217.694s][info][gc,start       ] GC(938) Pause Young (System.gc())
[217.695s][info][gc,heap        ] GC(938) PSYoungGen: 41953K(2446848K)->128K(2446848K) Eden: 41953K(2097664K)->0K(2097664K) From: 0K(349184K)->128K(349184K)
[217.695s][info][gc,heap        ] GC(938) ParOldGen: 1161K(5592576K)->1161K(5592576K)
[217.695s][info][gc,metaspace   ] GC(938) Metaspace: 703K(1088K)->703K(1088K) NonClass: 640K(896K)->640K(896K) Class: 63K(192K)->63K(192K)
[217.695s][info][gc             ] GC(938) Pause Young (System.gc()) 42M->1M(7851M) 0.610ms
[217.695s][info][gc,cpu         ] GC(938) User=0.00s Sys=0.00s Real=0.00s
[217.695s][info][gc,start       ] GC(939) Pause Full (System.gc())
[217.695s][info][gc,phases,start] GC(939) Marking Phase
[217.699s][info][gc,phases      ] GC(939) Marking Phase 4.347ms
[217.699s][info][gc,phases,start] GC(939) Summary Phase
[217.699s][info][gc,phases      ] GC(939) Summary Phase 0.024ms
[217.699s][info][gc,phases,start] GC(939) Adjust Roots
[217.702s][info][gc,phases      ] GC(939) Adjust Roots 2.546ms
[217.702s][info][gc,phases,start] GC(939) Compaction Phase
[217.705s][info][gc,phases      ] GC(939) Compaction Phase 3.463ms
[217.705s][info][gc,phases,start] GC(939) Post Compact
[217.706s][info][gc,phases      ] GC(939) Post Compact 0.618ms
[217.706s][info][gc,heap        ] GC(939) PSYoungGen: 128K(2446848K)->0K(2446848K) Eden: 0K(2097664K)->0K(2097664K) From: 128K(349184K)->0K(349184K)
[217.706s][info][gc,heap        ] GC(939) ParOldGen: 1161K(5592576K)->1164K(5592576K)
[217.706s][info][gc,metaspace   ] GC(939) Metaspace: 703K(1088K)->703K(1088K) NonClass: 640K(896K)->640K(896K) Class: 63K(192K)->63K(192K)
[217.706s][info][gc             ] GC(939) Pause Full (System.gc()) 1M->1M(7851M) 11.244ms
[217.706s][info][gc,cpu         ] GC(939) User=0.01s Sys=0.00s Real=0.01s
[218.163s][info][gc,start       ] GC(940) Pause Young (System.gc())
[218.164s][info][gc,heap        ] GC(940) PSYoungGen: 41953K(2446848K)->128K(2446848K) Eden: 41953K(2097664K)->0K(2097664K) From: 0K(349184K)->128K(349184K)
[218.164s][info][gc,heap        ] GC(940) ParOldGen: 1164K(5592576K)->1164K(5592576K)
[218.164s][info][gc,metaspace   ] GC(940) Metaspace: 708K(1088K)->708K(1088K) NonClass: 643K(896K)->643K(896K) Class: 64K(192K)->64K(192K)
[218.164s][info][gc             ] GC(940) Pause Young (System.gc()) 42M->1M(7851M) 0.592ms
[218.164s][info][gc,cpu         ] GC(940) User=0.01s Sys=0.00s Real=0.00s
[218.164s][info][gc,start       ] GC(941) Pause Full (System.gc())
[218.164s][info][gc,phases,start] GC(941) Marking Phase
[218.168s][info][gc,phases      ] GC(941) Marking Phase 3.921ms
[218.168s][info][gc,phases,start] GC(941) Summary Phase
[218.168s][info][gc,phases      ] GC(941) Summary Phase 0.035ms
[218.168s][info][gc,phases,start] GC(941) Adjust Roots
[218.169s][info][gc,phases      ] GC(941) Adjust Roots 1.129ms
[218.169s][info][gc,phases,start] GC(941) Compaction Phase
[218.173s][info][gc,phases      ] GC(941) Compaction Phase 3.777ms
[218.173s][info][gc,phases,start] GC(941) Post Compact
[218.174s][info][gc,phases      ] GC(941) Post Compact 0.622ms
[218.174s][info][gc,heap        ] GC(941) PSYoungGen: 128K(2446848K)->0K(2446848K) Eden: 0K(2097664K)->0K(2097664K) From: 128K(349184K)->0K(349184K)
[218.174s][info][gc,heap        ] GC(941) ParOldGen: 1164K(5592576K)->1167K(5592576K)
[218.174s][info][gc,metaspace   ] GC(941) Metaspace: 708K(1088K)->708K(1088K) NonClass: 643K(896K)->643K(896K) Class: 64K(192K)->64K(192K)
[218.174s][info][gc             ] GC(941) Pause Full (System.gc()) 1M->1M(7851M) 9.863ms
[218.174s][info][gc,cpu         ] GC(941) User=0.01s Sys=0.00s Real=0.01s
[218.631s][info][gc,start       ] GC(942) Pause Young (System.gc())
[218.632s][info][gc,heap        ] GC(942) PSYoungGen: 41953K(2446848K)->128K(2446848K) Eden: 41953K(2097664K)->0K(2097664K) From: 0K(349184K)->128K(349184K)
[218.632s][info][gc,heap        ] GC(942) ParOldGen: 1167K(5592576K)->1167K(5592576K)
[218.632s][info][gc,metaspace   ] GC(942) Metaspace: 713K(1088K)->713K(1088K) NonClass: 647K(896K)->647K(896K) Class: 66K(192K)->66K(192K)
[218.632s][info][gc             ] GC(942) Pause Young (System.gc()) 42M->1M(7851M) 0.608ms
[218.632s][info][gc,cpu         ] GC(942) User=0.00s Sys=0.01s Real=0.00s
[218.632s][info][gc,start       ] GC(943) Pause Full (System.gc())
[218.632s][info][gc,phases,start] GC(943) Marking Phase
[218.636s][info][gc,phases      ] GC(943) Marking Phase 3.793ms
[218.636s][info][gc,phases,start] GC(943) Summary Phase
[218.636s][info][gc,phases      ] GC(943) Summary Phase 0.035ms
[218.636s][info][gc,phases,start] GC(943) Adjust Roots
[218.637s][info][gc,phases      ] GC(943) Adjust Roots 1.064ms
[218.637s][info][gc,phases,start] GC(943) Compaction Phase
[218.639s][info][gc,phases      ] GC(943) Compaction Phase 2.176ms
[218.639s][info][gc,phases,start] GC(943) Post Compact
[218.640s][info][gc,phases      ] GC(943) Post Compact 0.871ms
[218.640s][info][gc,heap        ] GC(943) PSYoungGen: 128K(2446848K)->0K(2446848K) Eden: 0K(2097664K)->0K(2097664K) From: 128K(349184K)->0K(349184K)
[218.640s][info][gc,heap        ] GC(943) ParOldGen: 1167K(5592576K)->1170K(5592576K)
[218.640s][info][gc,metaspace   ] GC(943) Metaspace: 713K(1088K)->713K(1088K) NonClass: 647K(896K)->647K(896K) Class: 66K(192K)->66K(192K)
[218.640s][info][gc             ] GC(943) Pause Full (System.gc()) 1M->1M(7851M) 8.227ms
[218.640s][info][gc,cpu         ] GC(943) User=0.02s Sys=0.00s Real=0.01s
[219.097s][info][gc,start       ] GC(944) Pause Young (System.gc())
[219.098s][info][gc,heap        ] GC(944) PSYoungGen: 41953K(2446848K)->128K(2446848K) Eden: 41953K(2097664K)->0K(2097664K) From: 0K(349184K)->128K(349184K)
[219.098s][info][gc,heap        ] GC(944) ParOldGen: 1170K(5592576K)->1170K(5592576K)
[219.098s][info][gc,metaspace   ] GC(944) Metaspace: 718K(1088K)->718K(1088K) NonClass: 650K(896K)->650K(896K) Class: 68K(192K)->68K(192K)
[219.098s][info][gc             ] GC(944) Pause Young (System.gc()) 42M->1M(7851M) 0.611ms
[219.098s][info][gc,cpu         ] GC(944) User=0.00s Sys=0.00s Real=0.00s
[219.098s][info][gc,start       ] GC(945) Pause Full (System.gc())
[219.098s][info][gc,phases,start] GC(945) Marking Phase
[219.103s][info][gc,phases      ] GC(945) Marking Phase 5.157ms
[219.103s][info][gc,phases,start] GC(945) Summary Phase
[219.104s][info][gc,phases      ] GC(945) Summary Phase 0.030ms
[219.104s][info][gc,phases,start] GC(945) Adjust Roots
[219.105s][info][gc,phases      ] GC(945) Adjust Roots 1.156ms
[219.105s][info][gc,phases,start] GC(945) Compaction Phase
[219.107s][info][gc,phases      ] GC(945) Compaction Phase 2.183ms
[219.107s][info][gc,phases,start] GC(945) Post Compact
[219.108s][info][gc,phases      ] GC(945) Post Compact 0.966ms
[219.108s][info][gc,heap        ] GC(945) PSYoungGen: 128K(2446848K)->0K(2446848K) Eden: 0K(2097664K)->0K(2097664K) From: 128K(349184K)->0K(349184K)
[219.108s][info][gc,heap        ] GC(945) ParOldGen: 1170K(5592576K)->1166K(5592576K)
[219.108s][info][gc,metaspace   ] GC(945) Metaspace: 718K(1088K)->712K(1088K) NonClass: 650K(896K)->647K(896K) Class: 68K(192K)->64K(192K)
[219.108s][info][gc             ] GC(945) Pause Full (System.gc()) 1M->1M(7851M) 9.876ms
[219.108s][info][gc,cpu         ] GC(945) User=0.02s Sys=0.00s Real=0.01s
[219.564s][info][gc,start       ] GC(946) Pause Young (System.gc())
[219.565s][info][gc,heap        ] GC(946) PSYoungGen: 41953K(2446848K)->160K(2446848K) Eden: 41953K(2097664K)->0K(2097664K) From: 0K(349184K)->160K(349184K)
[219.565s][info][gc,heap        ] GC(946) ParOldGen: 1166K(5592576K)->1166K(5592576K)
[219.565s][info][gc,metaspace   ] GC(946) Metaspace: 717K(1088K)->717K(1088K) NonClass: 650K(896K)->650K(896K) Class: 66K(192K)->66K(192K)
[219.565s][info][gc             ] GC(946) Pause Young (System.gc()) 42M->1M(7851M) 0.604ms
[219.565s][info][gc,cpu         ] GC(946) User=0.00s Sys=0.00s Real=0.00s
[219.565s][info][gc,start       ] GC(947) Pause Full (System.gc())
[219.565s][info][gc,phases,start] GC(947) Marking Phase
[219.570s][info][gc,phases      ] GC(947) Marking Phase 5.239ms
[219.570s][info][gc,phases,start] GC(947) Summary Phase
[219.570s][info][gc,phases      ] GC(947) Summary Phase 0.028ms
[219.570s][info][gc,phases,start] GC(947) Adjust Roots
[219.572s][info][gc,phases      ] GC(947) Adjust Roots 1.125ms
[219.572s][info][gc,phases,start] GC(947) Compaction Phase
[219.574s][info][gc,phases      ] GC(947) Compaction Phase 2.195ms
[219.574s][info][gc,phases,start] GC(947) Post Compact
[219.575s][info][gc,phases      ] GC(947) Post Compact 0.898ms
[219.575s][info][gc,heap        ] GC(947) PSYoungGen: 160K(2446848K)->0K(2446848K) Eden: 0K(2097664K)->0K(2097664K) From: 160K(349184K)->0K(349184K)
[219.575s][info][gc,heap        ] GC(947) ParOldGen: 1166K(5592576K)->1168K(5592576K)
[219.575s][info][gc,metaspace   ] GC(947) Metaspace: 717K(1088K)->716K(1088K) NonClass: 650K(896K)->650K(896K) Class: 66K(192K)->66K(192K)
[219.575s][info][gc             ] GC(947) Pause Full (System.gc()) 1M->1M(7851M) 9.828ms
[219.575s][info][gc,cpu         ] GC(947) User=0.02s Sys=0.00s Real=0.01s
[220.029s][info][gc,start       ] GC(948) Pause Young (System.gc())
[220.030s][info][gc,heap        ] GC(948) PSYoungGen: 41953K(2446848K)->192K(2446848K) Eden: 41953K(2097664K)->0K(2097664K) From: 0K(349184K)->192K(349184K)
[220.030s][info][gc,heap        ] GC(948) ParOldGen: 1168K(5592576K)->1168K(5592576K)
[220.030s][info][gc,metaspace   ] GC(948) Metaspace: 721K(1088K)->721K(1088K) NonClass: 653K(896K)->653K(896K) Class: 67K(192K)->67K(192K)
[220.030s][info][gc             ] GC(948) Pause Young (System.gc()) 42M->1M(7851M) 0.666ms
[220.030s][info][gc,cpu         ] GC(948) User=0.00s Sys=0.00s Real=0.00s
[220.030s][info][gc,start       ] GC(949) Pause Full (System.gc())
[220.030s][info][gc,phases,start] GC(949) Marking Phase
[220.035s][info][gc,phases      ] GC(949) Marking Phase 5.310ms
[220.035s][info][gc,phases,start] GC(949) Summary Phase
[220.035s][info][gc,phases      ] GC(949) Summary Phase 0.027ms
[220.035s][info][gc,phases,start] GC(949) Adjust Roots
[220.037s][info][gc,phases      ] GC(949) Adjust Roots 1.167ms
[220.037s][info][gc,phases,start] GC(949) Compaction Phase
[220.039s][info][gc,phases      ] GC(949) Compaction Phase 2.170ms
[220.039s][info][gc,phases,start] GC(949) Post Compact
[220.040s][info][gc,phases      ] GC(949) Post Compact 0.843ms
[220.040s][info][gc,heap        ] GC(949) PSYoungGen: 192K(2446848K)->0K(2446848K) Eden: 0K(2097664K)->0K(2097664K) From: 192K(349184K)->0K(349184K)
[220.040s][info][gc,heap        ] GC(949) ParOldGen: 1168K(5592576K)->1170K(5592576K)
[220.040s][info][gc,metaspace   ] GC(949) Metaspace: 721K(1088K)->720K(1088K) NonClass: 653K(896K)->653K(896K) Class: 67K(192K)->67K(192K)
[220.040s][info][gc             ] GC(949) Pause Full (System.gc()) 1M->1M(7851M) 9.813ms
[220.040s][info][gc,cpu         ] GC(949) User=0.02s Sys=0.01s Real=0.01s
[220.493s][info][gc,start       ] GC(950) Pause Young (System.gc())
[220.494s][info][gc,heap        ] GC(950) PSYoungGen: 41953K(2446848K)->160K(2446848K) Eden: 41953K(2097664K)->0K(2097664K) From: 0K(349184K)->160K(349184K)
[220.494s][info][gc,heap        ] GC(950) ParOldGen: 1170K(5592576K)->1170K(5592576K)
[220.494s][info][gc,metaspace   ] GC(950) Metaspace: 725K(1088K)->725K(1088K) NonClass: 656K(896K)->656K(896K) Class: 69K(192K)->69K(192K)
[220.494s][info][gc             ] GC(950) Pause Young (System.gc()) 42M->1M(7851M) 0.649ms
[220.494s][info][gc,cpu         ] GC(950) User=0.00s Sys=0.00s Real=0.00s
[220.494s][info][gc,start       ] GC(951) Pause Full (System.gc())
[220.494s][info][gc,phases,start] GC(951) Marking Phase
[220.499s][info][gc,phases      ] GC(951) Marking Phase 5.242ms
[220.499s][info][gc,phases,start] GC(951) Summary Phase
[220.499s][info][gc,phases      ] GC(951) Summary Phase 0.028ms
[220.499s][info][gc,phases,start] GC(951) Adjust Roots
[220.500s][info][gc,phases      ] GC(951) Adjust Roots 1.209ms
[220.501s][info][gc,phases,start] GC(951) Compaction Phase
[220.503s][info][gc,phases      ] GC(951) Compaction Phase 2.213ms
[220.503s][info][gc,phases,start] GC(951) Post Compact
[220.504s][info][gc,phases      ] GC(951) Post Compact 1.303ms
[220.504s][info][gc,heap        ] GC(951) PSYoungGen: 160K(2446848K)->0K(2446848K) Eden: 0K(2097664K)->0K(2097664K) From: 160K(349184K)->0K(349184K)
[220.504s][info][gc,heap        ] GC(951) ParOldGen: 1170K(5592576K)->1144K(5592576K)
[220.504s][info][gc,metaspace   ] GC(951) Metaspace: 725K(1088K)->672K(1088K) NonClass: 656K(896K)->625K(896K) Class: 69K(192K)->47K(192K)
[220.504s][info][gc             ] GC(951) Pause Full (System.gc()) 1M->1M(7851M) 10.362ms
[220.504s][info][gc,cpu         ] GC(951) User=0.02s Sys=0.00s Real=0.01s
[220.961s][info][gc,start       ] GC(952) Pause Young (System.gc())
[220.962s][info][gc,heap        ] GC(952) PSYoungGen: 41953K(2446848K)->96K(2446848K) Eden: 41953K(2097664K)->0K(2097664K) From: 0K(349184K)->96K(349184K)
[220.962s][info][gc,heap        ] GC(952) ParOldGen: 1144K(5592576K)->1144K(5592576K)
[220.962s][info][gc,metaspace   ] GC(952) Metaspace: 677K(1088K)->677K(1088K) NonClass: 628K(896K)->628K(896K) Class: 48K(192K)->48K(192K)
[220.962s][info][gc             ] GC(952) Pause Young (System.gc()) 42M->1M(7851M) 0.726ms
[220.962s][info][gc,cpu         ] GC(952) User=0.00s Sys=0.00s Real=0.00s
[220.962s][info][gc,start       ] GC(953) Pause Full (System.gc())
[220.962s][info][gc,phases,start] GC(953) Marking Phase
[220.966s][info][gc,phases      ] GC(953) Marking Phase 3.949ms
[220.966s][info][gc,phases,start] GC(953) Summary Phase
[220.966s][info][gc,phases      ] GC(953) Summary Phase 0.023ms
[220.966s][info][gc,phases,start] GC(953) Adjust Roots
[220.967s][info][gc,phases      ] GC(953) Adjust Roots 0.759ms
[220.967s][info][gc,phases,start] GC(953) Compaction Phase
[220.968s][info][gc,phases      ] GC(953) Compaction Phase 1.656ms
[220.969s][info][gc,phases,start] GC(953) Post Compact
[220.970s][info][gc,phases      ] GC(953) Post Compact 0.978ms
[220.970s][info][gc,heap        ] GC(953) PSYoungGen: 96K(2446848K)->0K(2446848K) Eden: 0K(2097664K)->0K(2097664K) From: 96K(349184K)->0K(349184K)
[220.970s][info][gc,heap        ] GC(953) ParOldGen: 1144K(5592576K)->1122K(5592576K)
[220.970s][info][gc,metaspace   ] GC(953) Metaspace: 677K(1088K)->619K(1088K) NonClass: 628K(896K)->584K(896K) Class: 48K(192K)->35K(192K)
[220.970s][info][gc             ] GC(953) Pause Full (System.gc()) 1M->1M(7851M) 7.742ms
[220.970s][info][gc,cpu         ] GC(953) User=0.01s Sys=0.00s Real=0.01s
[221.422s][info][gc,start       ] GC(954) Pause Young (System.gc())
[221.423s][info][gc,heap        ] GC(954) PSYoungGen: 41953K(2446848K)->128K(2446848K) Eden: 41953K(2097664K)->0K(2097664K) From: 0K(349184K)->128K(349184K)
[221.423s][info][gc,heap        ] GC(954) ParOldGen: 1122K(5592576K)->1122K(5592576K)
[221.423s][info][gc,metaspace   ] GC(954) Metaspace: 624K(1088K)->624K(1088K) NonClass: 587K(896K)->587K(896K) Class: 37K(192K)->37K(192K)
[221.423s][info][gc             ] GC(954) Pause Young (System.gc()) 42M->1M(7851M) 0.724ms
[221.423s][info][gc,cpu         ] GC(954) User=0.00s Sys=0.00s Real=0.01s
[221.423s][info][gc,start       ] GC(955) Pause Full (System.gc())
[221.423s][info][gc,phases,start] GC(955) Marking Phase
[221.428s][info][gc,phases      ] GC(955) Marking Phase 5.062ms
[221.428s][info][gc,phases,start] GC(955) Summary Phase
[221.428s][info][gc,phases      ] GC(955) Summary Phase 0.025ms
[221.428s][info][gc,phases,start] GC(955) Adjust Roots
[221.429s][info][gc,phases      ] GC(955) Adjust Roots 1.107ms
[221.430s][info][gc,phases,start] GC(955) Compaction Phase
[221.431s][info][gc,phases      ] GC(955) Compaction Phase 1.728ms
[221.431s][info][gc,phases,start] GC(955) Post Compact
[221.432s][info][gc,phases      ] GC(955) Post Compact 0.641ms
[221.432s][info][gc,heap        ] GC(955) PSYoungGen: 128K(2446848K)->0K(2446848K) Eden: 0K(2097664K)->0K(2097664K) From: 128K(349184K)->0K(349184K)
[221.432s][info][gc,heap        ] GC(955) ParOldGen: 1122K(5592576K)->1123K(5592576K)
[221.432s][info][gc,metaspace   ] GC(955) Metaspace: 624K(1088K)->621K(1088K) NonClass: 587K(896K)->585K(896K) Class: 37K(192K)->36K(192K)
[221.432s][info][gc             ] GC(955) Pause Full (System.gc()) 1M->1M(7851M) 8.958ms
[221.432s][info][gc,cpu         ] GC(955) User=0.02s Sys=0.01s Real=0.00s
[221.884s][info][gc,start       ] GC(956) Pause Young (System.gc())
[221.885s][info][gc,heap        ] GC(956) PSYoungGen: 41953K(2446848K)->128K(2446848K) Eden: 41953K(2097664K)->0K(2097664K) From: 0K(349184K)->128K(349184K)
[221.885s][info][gc,heap        ] GC(956) ParOldGen: 1123K(5592576K)->1123K(5592576K)
[221.885s][info][gc,metaspace   ] GC(956) Metaspace: 626K(1088K)->626K(1088K) NonClass: 588K(896K)->588K(896K) Class: 37K(192K)->37K(192K)
[221.885s][info][gc             ] GC(956) Pause Young (System.gc()) 42M->1M(7851M) 0.566ms
[221.885s][info][gc,cpu         ] GC(956) User=0.00s Sys=0.00s Real=0.00s
[221.885s][info][gc,start       ] GC(957) Pause Full (System.gc())
[221.885s][info][gc,phases,start] GC(957) Marking Phase
[221.890s][info][gc,phases      ] GC(957) Marking Phase 4.817ms
[221.890s][info][gc,phases,start] GC(957) Summary Phase
[221.890s][info][gc,phases      ] GC(957) Summary Phase 0.033ms
[221.890s][info][gc,phases,start] GC(957) Adjust Roots
[221.891s][info][gc,phases      ] GC(957) Adjust Roots 1.193ms
[221.891s][info][gc,phases,start] GC(957) Compaction Phase
[221.894s][info][gc,phases      ] GC(957) Compaction Phase 2.204ms
[221.894s][info][gc,phases,start] GC(957) Post Compact
[221.894s][info][gc,phases      ] GC(957) Post Compact 0.704ms
[221.894s][info][gc,heap        ] GC(957) PSYoungGen: 128K(2446848K)->0K(2446848K) Eden: 0K(2097664K)->0K(2097664K) From: 128K(349184K)->0K(349184K)
[221.894s][info][gc,heap        ] GC(957) ParOldGen: 1123K(5592576K)->1124K(5592576K)
[221.894s][info][gc,metaspace   ] GC(957) Metaspace: 626K(1088K)->623K(1088K) NonClass: 588K(896K)->586K(896K) Class: 37K(192K)->36K(192K)
[221.894s][info][gc             ] GC(957) Pause Full (System.gc()) 1M->1M(7851M) 9.340ms
[221.894s][info][gc,cpu         ] GC(957) User=0.01s Sys=0.00s Real=0.01s
[222.350s][info][gc,start       ] GC(958) Pause Young (System.gc())
[222.350s][info][gc,heap        ] GC(958) PSYoungGen: 41953K(2446848K)->160K(2446848K) Eden: 41953K(2097664K)->0K(2097664K) From: 0K(349184K)->160K(349184K)
[222.350s][info][gc,heap        ] GC(958) ParOldGen: 1124K(5592576K)->1124K(5592576K)
[222.350s][info][gc,metaspace   ] GC(958) Metaspace: 628K(1088K)->628K(1088K) NonClass: 589K(896K)->589K(896K) Class: 38K(192K)->38K(192K)
[222.351s][info][gc             ] GC(958) Pause Young (System.gc()) 42M->1M(7851M) 0.628ms
[222.351s][info][gc,cpu         ] GC(958) User=0.00s Sys=0.00s Real=0.00s
[222.351s][info][gc,start       ] GC(959) Pause Full (System.gc())
[222.351s][info][gc,phases,start] GC(959) Marking Phase
[222.356s][info][gc,phases      ] GC(959) Marking Phase 5.467ms
[222.356s][info][gc,phases,start] GC(959) Summary Phase
[222.356s][info][gc,phases      ] GC(959) Summary Phase 0.023ms
[222.356s][info][gc,phases,start] GC(959) Adjust Roots
[222.357s][info][gc,phases      ] GC(959) Adjust Roots 0.687ms
[222.357s][info][gc,phases,start] GC(959) Compaction Phase
[222.359s][info][gc,phases      ] GC(959) Compaction Phase 1.923ms
[222.359s][info][gc,phases,start] GC(959) Post Compact
[222.360s][info][gc,phases      ] GC(959) Post Compact 0.827ms
[222.360s][info][gc,heap        ] GC(959) PSYoungGen: 160K(2446848K)->0K(2446848K) Eden: 0K(2097664K)->0K(2097664K) From: 160K(349184K)->0K(349184K)
[222.360s][info][gc,heap        ] GC(959) ParOldGen: 1124K(5592576K)->1125K(5592576K)
[222.360s][info][gc,metaspace   ] GC(959) Metaspace: 628K(1088K)->625K(1088K) NonClass: 589K(896K)->587K(896K) Class: 38K(192K)->37K(192K)
[222.360s][info][gc             ] GC(959) Pause Full (System.gc()) 1M->1M(7851M) 9.242ms
[222.360s][info][gc,cpu         ] GC(959) User=0.01s Sys=0.00s Real=0.01s
[222.817s][info][gc,start       ] GC(960) Pause Young (System.gc())
[222.817s][info][gc,heap        ] GC(960) PSYoungGen: 41953K(2446848K)->96K(2446848K) Eden: 41953K(2097664K)->0K(2097664K) From: 0K(349184K)->96K(349184K)
[222.817s][info][gc,heap        ] GC(960) ParOldGen: 1125K(5592576K)->1125K(5592576K)
[222.817s][info][gc,metaspace   ] GC(960) Metaspace: 630K(1088K)->630K(1088K) NonClass: 590K(896K)->590K(896K) Class: 39K(192K)->39K(192K)
[222.817s][info][gc             ] GC(960) Pause Young (System.gc()) 42M->1M(7851M) 0.558ms
[222.817s][info][gc,cpu         ] GC(960) User=0.00s Sys=0.00s Real=0.00s
[222.817s][info][gc,start       ] GC(961) Pause Full (System.gc())
[222.818s][info][gc,phases,start] GC(961) Marking Phase
[222.822s][info][gc,phases      ] GC(961) Marking Phase 4.267ms
[222.822s][info][gc,phases,start] GC(961) Summary Phase
[222.822s][info][gc,phases      ] GC(961) Summary Phase 0.025ms
[222.822s][info][gc,phases,start] GC(961) Adjust Roots
[222.823s][info][gc,phases      ] GC(961) Adjust Roots 0.774ms
[222.823s][info][gc,phases,start] GC(961) Compaction Phase
[222.824s][info][gc,phases      ] GC(961) Compaction Phase 1.226ms
[222.824s][info][gc,phases,start] GC(961) Post Compact
[222.825s][info][gc,phases      ] GC(961) Post Compact 0.607ms
[222.825s][info][gc,heap        ] GC(961) PSYoungGen: 96K(2446848K)->0K(2446848K) Eden: 0K(2097664K)->0K(2097664K) From: 96K(349184K)->0K(349184K)
[222.825s][info][gc,heap        ] GC(961) ParOldGen: 1125K(5592576K)->1123K(5592576K)
[222.825s][info][gc,metaspace   ] GC(961) Metaspace: 630K(1088K)->622K(1088K) NonClass: 590K(896K)->586K(896K) Class: 39K(192K)->36K(192K)
[222.825s][info][gc             ] GC(961) Pause Full (System.gc()) 1M->1M(7851M) 7.146ms
[222.825s][info][gc,cpu         ] GC(961) User=0.01s Sys=0.00s Real=0.01s
[223.277s][info][gc,start       ] GC(962) Pause Young (System.gc())
[223.277s][info][gc,heap        ] GC(962) PSYoungGen: 41953K(2446848K)->160K(2446848K) Eden: 41953K(2097664K)->0K(2097664K) From: 0K(349184K)->160K(349184K)
[223.278s][info][gc,heap        ] GC(962) ParOldGen: 1123K(5592576K)->1123K(5592576K)
[223.278s][info][gc,metaspace   ] GC(962) Metaspace: 627K(1088K)->627K(1088K) NonClass: 589K(896K)->589K(896K) Class: 37K(192K)->37K(192K)
[223.278s][info][gc             ] GC(962) Pause Young (System.gc()) 42M->1M(7851M) 0.581ms
[223.278s][info][gc,cpu         ] GC(962) User=0.00s Sys=0.01s Real=0.00s
[223.278s][info][gc,start       ] GC(963) Pause Full (System.gc())
[223.278s][info][gc,phases,start] GC(963) Marking Phase
[223.283s][info][gc,phases      ] GC(963) Marking Phase 4.924ms
[223.283s][info][gc,phases,start] GC(963) Summary Phase
[223.283s][info][gc,phases      ] GC(963) Summary Phase 0.028ms
[223.283s][info][gc,phases,start] GC(963) Adjust Roots
[223.284s][info][gc,phases      ] GC(963) Adjust Roots 1.093ms
[223.284s][info][gc,phases,start] GC(963) Compaction Phase
[223.286s][info][gc,phases      ] GC(963) Compaction Phase 2.146ms
[223.286s][info][gc,phases,start] GC(963) Post Compact
[223.287s][info][gc,phases      ] GC(963) Post Compact 0.861ms
[223.287s][info][gc,heap        ] GC(963) PSYoungGen: 160K(2446848K)->0K(2446848K) Eden: 0K(2097664K)->0K(2097664K) From: 160K(349184K)->0K(349184K)
[223.287s][info][gc,heap        ] GC(963) ParOldGen: 1123K(5592576K)->1122K(5592576K)
[223.287s][info][gc,metaspace   ] GC(963) Metaspace: 627K(1088K)->619K(1024K) NonClass: 589K(896K)->584K(832K) Class: 37K(192K)->35K(192K)
[223.287s][info][gc             ] GC(963) Pause Full (System.gc()) 1M->1M(7851M) 9.412ms
[223.287s][info][gc,cpu         ] GC(963) User=0.01s Sys=0.00s Real=0.01s
[223.742s][info][gc,start       ] GC(964) Pause Young (System.gc())
[223.743s][info][gc,heap        ] GC(964) PSYoungGen: 41953K(2446848K)->160K(2446848K) Eden: 41953K(2097664K)->0K(2097664K) From: 0K(349184K)->160K(349184K)
[223.743s][info][gc,heap        ] GC(964) ParOldGen: 1122K(5592576K)->1122K(5592576K)
[223.743s][info][gc,metaspace   ] GC(964) Metaspace: 624K(1024K)->624K(1024K) NonClass: 587K(832K)->587K(832K) Class: 37K(192K)->37K(192K)
[223.743s][info][gc             ] GC(964) Pause Young (System.gc()) 42M->1M(7851M) 0.567ms
[223.743s][info][gc,cpu         ] GC(964) User=0.00s Sys=0.00s Real=0.01s
[223.743s][info][gc,start       ] GC(965) Pause Full (System.gc())
[223.743s][info][gc,phases,start] GC(965) Marking Phase
[223.748s][info][gc,phases      ] GC(965) Marking Phase 5.100ms
[223.748s][info][gc,phases,start] GC(965) Summary Phase
[223.748s][info][gc,phases      ] GC(965) Summary Phase 0.027ms
[223.748s][info][gc,phases,start] GC(965) Adjust Roots
[223.749s][info][gc,phases      ] GC(965) Adjust Roots 1.091ms
[223.749s][info][gc,phases,start] GC(965) Compaction Phase
[223.751s][info][gc,phases      ] GC(965) Compaction Phase 1.796ms
[223.751s][info][gc,phases,start] GC(965) Post Compact
[223.752s][info][gc,phases      ] GC(965) Post Compact 0.633ms
[223.752s][info][gc,heap        ] GC(965) PSYoungGen: 160K(2446848K)->0K(2446848K) Eden: 0K(2097664K)->0K(2097664K) From: 160K(349184K)->0K(349184K)
[223.752s][info][gc,heap        ] GC(965) ParOldGen: 1122K(5592576K)->1122K(5592576K)
[223.752s][info][gc,metaspace   ] GC(965) Metaspace: 624K(1024K)->619K(1024K) NonClass: 587K(832K)->584K(832K) Class: 37K(192K)->35K(192K)
[223.752s][info][gc             ] GC(965) Pause Full (System.gc()) 1M->1M(7851M) 8.925ms
[223.752s][info][gc,cpu         ] GC(965) User=0.02s Sys=0.00s Real=0.00s
[224.205s][info][gc,start       ] GC(966) Pause Young (System.gc())
[224.205s][info][gc,heap        ] GC(966) PSYoungGen: 41953K(2446848K)->160K(2446848K) Eden: 41953K(2097664K)->0K(2097664K) From: 0K(349184K)->160K(349184K)
[224.205s][info][gc,heap        ] GC(966) ParOldGen: 1122K(5592576K)->1122K(5592576K)
[224.205s][info][gc,metaspace   ] GC(966) Metaspace: 624K(1024K)->624K(1024K) NonClass: 587K(832K)->587K(832K) Class: 37K(192K)->37K(192K)
[224.205s][info][gc             ] GC(966) Pause Young (System.gc()) 42M->1M(7851M) 0.634ms
[224.205s][info][gc,cpu         ] GC(966) User=0.00s Sys=0.00s Real=0.00s
[224.205s][info][gc,start       ] GC(967) Pause Full (System.gc())
[224.205s][info][gc,phases,start] GC(967) Marking Phase
[224.210s][info][gc,phases      ] GC(967) Marking Phase 4.933ms
[224.210s][info][gc,phases,start] GC(967) Summary Phase
[224.210s][info][gc,phases      ] GC(967) Summary Phase 0.028ms
[224.210s][info][gc,phases,start] GC(967) Adjust Roots
[224.211s][info][gc,phases      ] GC(967) Adjust Roots 1.096ms
[224.212s][info][gc,phases,start] GC(967) Compaction Phase
[224.214s][info][gc,phases      ] GC(967) Compaction Phase 2.166ms
[224.214s][info][gc,phases,start] GC(967) Post Compact
[224.215s][info][gc,phases      ] GC(967) Post Compact 0.846ms
[224.215s][info][gc,heap        ] GC(967) PSYoungGen: 160K(2446848K)->0K(2446848K) Eden: 0K(2097664K)->0K(2097664K) From: 160K(349184K)->0K(349184K)
[224.215s][info][gc,heap        ] GC(967) ParOldGen: 1122K(5592576K)->1123K(5592576K)
[224.215s][info][gc,metaspace   ] GC(967) Metaspace: 624K(1024K)->622K(1024K) NonClass: 587K(832K)->586K(832K) Class: 37K(192K)->36K(192K)
[224.215s][info][gc             ] GC(967) Pause Full (System.gc()) 1M->1M(7851M) 9.375ms
[224.215s][info][gc,cpu         ] GC(967) User=0.02s Sys=0.00s Real=0.01s
[224.668s][info][gc,start       ] GC(968) Pause Young (System.gc())
[224.668s][info][gc,heap        ] GC(968) PSYoungGen: 41953K(2446848K)->160K(2446848K) Eden: 41953K(2097664K)->0K(2097664K) From: 0K(349184K)->160K(349184K)
[224.668s][info][gc,heap        ] GC(968) ParOldGen: 1123K(5592576K)->1123K(5592576K)
[224.668s][info][gc,metaspace   ] GC(968) Metaspace: 627K(1024K)->627K(1024K) NonClass: 589K(832K)->589K(832K) Class: 37K(192K)->37K(192K)
[224.668s][info][gc             ] GC(968) Pause Young (System.gc()) 42M->1M(7851M) 0.556ms
[224.668s][info][gc,cpu         ] GC(968) User=0.00s Sys=0.00s Real=0.00s
[224.669s][info][gc,start       ] GC(969) Pause Full (System.gc())
[224.669s][info][gc,phases,start] GC(969) Marking Phase
[224.672s][info][gc,phases      ] GC(969) Marking Phase 3.888ms
[224.673s][info][gc,phases,start] GC(969) Summary Phase
[224.673s][info][gc,phases      ] GC(969) Summary Phase 0.030ms
[224.673s][info][gc,phases,start] GC(969) Adjust Roots
[224.674s][info][gc,phases      ] GC(969) Adjust Roots 1.087ms
[224.674s][info][gc,phases,start] GC(969) Compaction Phase
[224.676s][info][gc,phases      ] GC(969) Compaction Phase 2.206ms
[224.676s][info][gc,phases,start] GC(969) Post Compact
[224.677s][info][gc,phases      ] GC(969) Post Compact 0.847ms
[224.677s][info][gc,heap        ] GC(969) PSYoungGen: 160K(2446848K)->0K(2446848K) Eden: 0K(2097664K)->0K(2097664K) From: 160K(349184K)->0K(349184K)
[224.677s][info][gc,heap        ] GC(969) ParOldGen: 1123K(5592576K)->1126K(5592576K)
[224.677s][info][gc,metaspace   ] GC(969) Metaspace: 627K(1024K)->627K(1024K) NonClass: 589K(832K)->589K(832K) Class: 37K(192K)->37K(192K)
[224.677s][info][gc             ] GC(969) Pause Full (System.gc()) 1M->1M(7851M) 8.370ms
[224.677s][info][gc,cpu         ] GC(969) User=0.01s Sys=0.01s Real=0.01s
[225.134s][info][gc,start       ] GC(970) Pause Young (System.gc())
[225.134s][info][gc,heap        ] GC(970) PSYoungGen: 41953K(2446848K)->128K(2446848K) Eden: 41953K(2097664K)->0K(2097664K) From: 0K(349184K)->128K(349184K)
[225.134s][info][gc,heap        ] GC(970) ParOldGen: 1126K(5592576K)->1126K(5592576K)
[225.134s][info][gc,metaspace   ] GC(970) Metaspace: 632K(1024K)->632K(1024K) NonClass: 592K(832K)->592K(832K) Class: 39K(192K)->39K(192K)
[225.134s][info][gc             ] GC(970) Pause Young (System.gc()) 42M->1M(7851M) 0.665ms
[225.134s][info][gc,cpu         ] GC(970) User=0.00s Sys=0.00s Real=0.00s
[225.134s][info][gc,start       ] GC(971) Pause Full (System.gc())
[225.134s][info][gc,phases,start] GC(971) Marking Phase
[225.139s][info][gc,phases      ] GC(971) Marking Phase 4.915ms
[225.139s][info][gc,phases,start] GC(971) Summary Phase
[225.139s][info][gc,phases      ] GC(971) Summary Phase 0.029ms
[225.139s][info][gc,phases,start] GC(971) Adjust Roots
[225.141s][info][gc,phases      ] GC(971) Adjust Roots 1.111ms
[225.141s][info][gc,phases,start] GC(971) Compaction Phase
[225.142s][info][gc,phases      ] GC(971) Compaction Phase 1.774ms
[225.142s][info][gc,phases,start] GC(971) Post Compact
[225.143s][info][gc,phases      ] GC(971) Post Compact 0.646ms
[225.143s][info][gc,heap        ] GC(971) PSYoungGen: 128K(2446848K)->0K(2446848K) Eden: 0K(2097664K)->0K(2097664K) From: 128K(349184K)->0K(349184K)
[225.143s][info][gc,heap        ] GC(971) ParOldGen: 1126K(5592576K)->1125K(5592576K)
[225.143s][info][gc,metaspace   ] GC(971) Metaspace: 632K(1024K)->626K(1024K) NonClass: 592K(832K)->589K(832K) Class: 39K(192K)->37K(192K)
[225.143s][info][gc             ] GC(971) Pause Full (System.gc()) 1M->1M(7851M) 8.748ms
[225.143s][info][gc,cpu         ] GC(971) User=0.01s Sys=0.00s Real=0.01s
[225.595s][info][gc,start       ] GC(972) Pause Young (System.gc())
[225.596s][info][gc,heap        ] GC(972) PSYoungGen: 41953K(2446848K)->160K(2446848K) Eden: 41953K(2097664K)->0K(2097664K) From: 0K(349184K)->160K(349184K)
[225.596s][info][gc,heap        ] GC(972) ParOldGen: 1125K(5592576K)->1125K(5592576K)
[225.596s][info][gc,metaspace   ] GC(972) Metaspace: 631K(1024K)->631K(1024K) NonClass: 593K(832K)->593K(832K) Class: 38K(192K)->38K(192K)
[225.596s][info][gc             ] GC(972) Pause Young (System.gc()) 42M->1M(7851M) 0.629ms
[225.596s][info][gc,cpu         ] GC(972) User=0.01s Sys=0.00s Real=0.00s
[225.596s][info][gc,start       ] GC(973) Pause Full (System.gc())
[225.596s][info][gc,phases,start] GC(973) Marking Phase
[225.601s][info][gc,phases      ] GC(973) Marking Phase 5.183ms
[225.602s][info][gc,phases,start] GC(973) Summary Phase
[225.602s][info][gc,phases      ] GC(973) Summary Phase 0.033ms
[225.602s][info][gc,phases,start] GC(973) Adjust Roots
[225.603s][info][gc,phases      ] GC(973) Adjust Roots 1.140ms
[225.603s][info][gc,phases,start] GC(973) Compaction Phase
[225.604s][info][gc,phases      ] GC(973) Compaction Phase 1.639ms
[225.604s][info][gc,phases,start] GC(973) Post Compact
[225.605s][info][gc,phases      ] GC(973) Post Compact 0.579ms
[225.605s][info][gc,heap        ] GC(973) PSYoungGen: 160K(2446848K)->0K(2446848K) Eden: 0K(2097664K)->0K(2097664K) From: 160K(349184K)->0K(349184K)
[225.605s][info][gc,heap        ] GC(973) ParOldGen: 1125K(5592576K)->1126K(5592576K)
[225.605s][info][gc,metaspace   ] GC(973) Metaspace: 631K(1024K)->629K(1024K) NonClass: 593K(832K)->591K(832K) Class: 38K(192K)->37K(192K)
[225.605s][info][gc             ] GC(973) Pause Full (System.gc()) 1M->1M(7851M) 8.878ms
[225.605s][info][gc,cpu         ] GC(973) User=0.01s Sys=0.00s Real=0.01s
[226.062s][info][gc,start       ] GC(974) Pause Young (System.gc())
[226.063s][info][gc,heap        ] GC(974) PSYoungGen: 41953K(2446848K)->128K(2446848K) Eden: 41953K(2097664K)->0K(2097664K) From: 0K(349184K)->128K(349184K)
[226.063s][info][gc,heap        ] GC(974) ParOldGen: 1126K(5592576K)->1126K(5592576K)
[226.063s][info][gc,metaspace   ] GC(974) Metaspace: 634K(1024K)->634K(1024K) NonClass: 594K(832K)->594K(832K) Class: 39K(192K)->39K(192K)
[226.063s][info][gc             ] GC(974) Pause Young (System.gc()) 42M->1M(7851M) 0.614ms
[226.063s][info][gc,cpu         ] GC(974) User=0.00s Sys=0.00s Real=0.00s
[226.063s][info][gc,start       ] GC(975) Pause Full (System.gc())
[226.063s][info][gc,phases,start] GC(975) Marking Phase
[226.067s][info][gc,phases      ] GC(975) Marking Phase 3.845ms
[226.067s][info][gc,phases,start] GC(975) Summary Phase
[226.067s][info][gc,phases      ] GC(975) Summary Phase 0.037ms
[226.067s][info][gc,phases,start] GC(975) Adjust Roots
[226.068s][info][gc,phases      ] GC(975) Adjust Roots 1.238ms
[226.068s][info][gc,phases,start] GC(975) Compaction Phase
[226.070s][info][gc,phases      ] GC(975) Compaction Phase 1.849ms
[226.070s][info][gc,phases,start] GC(975) Post Compact
[226.071s][info][gc,phases      ] GC(975) Post Compact 0.594ms
[226.071s][info][gc,heap        ] GC(975) PSYoungGen: 128K(2446848K)->0K(2446848K) Eden: 0K(2097664K)->0K(2097664K) From: 128K(349184K)->0K(349184K)
[226.071s][info][gc,heap        ] GC(975) ParOldGen: 1126K(5592576K)->1129K(5592576K)
[226.071s][info][gc,metaspace   ] GC(975) Metaspace: 634K(1024K)->634K(1024K) NonClass: 594K(832K)->594K(832K) Class: 39K(192K)->39K(192K)
[226.071s][info][gc             ] GC(975) Pause Full (System.gc()) 1M->1M(7851M) 8.082ms
[226.071s][info][gc,cpu         ] GC(975) User=0.02s Sys=0.01s Real=0.00s
[226.528s][info][gc,start       ] GC(976) Pause Young (System.gc())
[226.528s][info][gc,heap        ] GC(976) PSYoungGen: 41953K(2446848K)->128K(2446848K) Eden: 41953K(2097664K)->0K(2097664K) From: 0K(349184K)->128K(349184K)
[226.528s][info][gc,heap        ] GC(976) ParOldGen: 1129K(5592576K)->1129K(5592576K)
[226.528s][info][gc,metaspace   ] GC(976) Metaspace: 639K(1024K)->639K(1024K) NonClass: 598K(832K)->598K(832K) Class: 40K(192K)->40K(192K)
[226.528s][info][gc             ] GC(976) Pause Young (System.gc()) 42M->1M(7851M) 0.633ms
[226.528s][info][gc,cpu         ] GC(976) User=0.00s Sys=0.00s Real=0.00s
[226.528s][info][gc,start       ] GC(977) Pause Full (System.gc())
[226.528s][info][gc,phases,start] GC(977) Marking Phase
[226.533s][info][gc,phases      ] GC(977) Marking Phase 5.074ms
[226.533s][info][gc,phases,start] GC(977) Summary Phase
[226.534s][info][gc,phases      ] GC(977) Summary Phase 0.030ms
[226.534s][info][gc,phases,start] GC(977) Adjust Roots
[226.535s][info][gc,phases      ] GC(977) Adjust Roots 1.231ms
[226.535s][info][gc,phases,start] GC(977) Compaction Phase
[226.537s][info][gc,phases      ] GC(977) Compaction Phase 1.895ms
[226.537s][info][gc,phases,start] GC(977) Post Compact
[226.538s][info][gc,phases      ] GC(977) Post Compact 0.772ms
[226.538s][info][gc,heap        ] GC(977) PSYoungGen: 128K(2446848K)->0K(2446848K) Eden: 0K(2097664K)->0K(2097664K) From: 128K(349184K)->0K(349184K)
[226.538s][info][gc,heap        ] GC(977) ParOldGen: 1129K(5592576K)->1124K(5592576K)
[226.538s][info][gc,metaspace   ] GC(977) Metaspace: 639K(1024K)->623K(1024K) NonClass: 598K(832K)->586K(832K) Class: 40K(192K)->36K(192K)
[226.538s][info][gc             ] GC(977) Pause Full (System.gc()) 1M->1M(7851M) 9.318ms
[226.538s][info][gc,cpu         ] GC(977) User=0.02s Sys=0.00s Real=0.01s
[226.990s][info][gc,start       ] GC(978) Pause Young (System.gc())
[226.991s][info][gc,heap        ] GC(978) PSYoungGen: 41953K(2446848K)->160K(2446848K) Eden: 41953K(2097664K)->0K(2097664K) From: 0K(349184K)->160K(349184K)
[226.991s][info][gc,heap        ] GC(978) ParOldGen: 1124K(5592576K)->1124K(5592576K)
[226.991s][info][gc,metaspace   ] GC(978) Metaspace: 628K(1024K)->628K(1024K) NonClass: 589K(832K)->589K(832K) Class: 38K(192K)->38K(192K)
[226.991s][info][gc             ] GC(978) Pause Young (System.gc()) 42M->1M(7851M) 0.709ms
[226.991s][info][gc,cpu         ] GC(978) User=0.00s Sys=0.00s Real=0.00s
[226.991s][info][gc,start       ] GC(979) Pause Full (System.gc())
[226.991s][info][gc,phases,start] GC(979) Marking Phase
[226.996s][info][gc,phases      ] GC(979) Marking Phase 5.339ms
[226.996s][info][gc,phases,start] GC(979) Summary Phase
[226.996s][info][gc,phases      ] GC(979) Summary Phase 0.033ms
[226.996s][info][gc,phases,start] GC(979) Adjust Roots
[226.998s][info][gc,phases      ] GC(979) Adjust Roots 1.307ms
[226.998s][info][gc,phases,start] GC(979) Compaction Phase
[227.000s][info][gc,phases      ] GC(979) Compaction Phase 1.943ms
[227.000s][info][gc,phases,start] GC(979) Post Compact
[227.001s][info][gc,phases      ] GC(979) Post Compact 0.700ms
[227.001s][info][gc,heap        ] GC(979) PSYoungGen: 160K(2446848K)->0K(2446848K) Eden: 0K(2097664K)->0K(2097664K) From: 160K(349184K)->0K(349184K)
[227.001s][info][gc,heap        ] GC(979) ParOldGen: 1124K(5592576K)->1125K(5592576K)
[227.001s][info][gc,metaspace   ] GC(979) Metaspace: 628K(1024K)->625K(1024K) NonClass: 589K(832K)->587K(832K) Class: 38K(192K)->37K(192K)
[227.001s][info][gc             ] GC(979) Pause Full (System.gc()) 1M->1M(7851M) 9.746ms
[227.001s][info][gc,cpu         ] GC(979) User=0.02s Sys=0.00s Real=0.01s
[227.458s][info][gc,start       ] GC(980) Pause Young (System.gc())
[227.458s][info][gc,heap        ] GC(980) PSYoungGen: 41953K(2446848K)->128K(2446848K) Eden: 41953K(2097664K)->0K(2097664K) From: 0K(349184K)->128K(349184K)
[227.458s][info][gc,heap        ] GC(980) ParOldGen: 1125K(5592576K)->1125K(5592576K)
[227.458s][info][gc,metaspace   ] GC(980) Metaspace: 630K(1024K)->630K(1024K) NonClass: 590K(832K)->590K(832K) Class: 39K(192K)->39K(192K)
[227.458s][info][gc             ] GC(980) Pause Young (System.gc()) 42M->1M(7851M) 0.708ms
[227.458s][info][gc,cpu         ] GC(980) User=0.00s Sys=0.00s Real=0.00s
[227.458s][info][gc,start       ] GC(981) Pause Full (System.gc())
[227.458s][info][gc,phases,start] GC(981) Marking Phase
[227.463s][info][gc,phases      ] GC(981) Marking Phase 4.326ms
[227.463s][info][gc,phases,start] GC(981) Summary Phase
[227.463s][info][gc,phases      ] GC(981) Summary Phase 0.030ms
[227.463s][info][gc,phases,start] GC(981) Adjust Roots
[227.464s][info][gc,phases      ] GC(981) Adjust Roots 1.262ms
[227.464s][info][gc,phases,start] GC(981) Compaction Phase
[227.467s][info][gc,phases      ] GC(981) Compaction Phase 2.459ms
[227.467s][info][gc,phases,start] GC(981) Post Compact
[227.468s][info][gc,phases      ] GC(981) Post Compact 0.832ms
[227.468s][info][gc,heap        ] GC(981) PSYoungGen: 128K(2446848K)->0K(2446848K) Eden: 0K(2097664K)->0K(2097664K) From: 128K(349184K)->0K(349184K)
[227.468s][info][gc,heap        ] GC(981) ParOldGen: 1125K(5592576K)->1128K(5592576K)
[227.468s][info][gc,metaspace   ] GC(981) Metaspace: 630K(1024K)->630K(1024K) NonClass: 590K(832K)->590K(832K) Class: 39K(192K)->39K(192K)
[227.468s][info][gc             ] GC(981) Pause Full (System.gc()) 1M->1M(7851M) 9.362ms
[227.468s][info][gc,cpu         ] GC(981) User=0.02s Sys=0.01s Real=0.01s
[227.925s][info][gc,start       ] GC(982) Pause Young (System.gc())
[227.925s][info][gc,heap        ] GC(982) PSYoungGen: 41953K(2446848K)->128K(2446848K) Eden: 41953K(2097664K)->0K(2097664K) From: 0K(349184K)->128K(349184K)
[227.925s][info][gc,heap        ] GC(982) ParOldGen: 1128K(5592576K)->1128K(5592576K)
[227.925s][info][gc,metaspace   ] GC(982) Metaspace: 635K(1024K)->635K(1024K) NonClass: 594K(832K)->594K(832K) Class: 41K(192K)->41K(192K)
[227.925s][info][gc             ] GC(982) Pause Young (System.gc()) 42M->1M(7851M) 0.491ms
[227.925s][info][gc,cpu         ] GC(982) User=0.00s Sys=0.00s Real=0.00s
[227.925s][info][gc,start       ] GC(983) Pause Full (System.gc())
[227.925s][info][gc,phases,start] GC(983) Marking Phase
[227.930s][info][gc,phases      ] GC(983) Marking Phase 4.775ms
[227.930s][info][gc,phases,start] GC(983) Summary Phase
[227.930s][info][gc,phases      ] GC(983) Summary Phase 0.025ms
[227.930s][info][gc,phases,start] GC(983) Adjust Roots
[227.931s][info][gc,phases      ] GC(983) Adjust Roots 1.157ms
[227.932s][info][gc,phases,start] GC(983) Compaction Phase
[227.933s][info][gc,phases      ] GC(983) Compaction Phase 1.750ms
[227.933s][info][gc,phases,start] GC(983) Post Compact
[227.934s][info][gc,phases      ] GC(983) Post Compact 0.893ms
[227.934s][info][gc,heap        ] GC(983) PSYoungGen: 128K(2446848K)->0K(2446848K) Eden: 0K(2097664K)->0K(2097664K) From: 128K(349184K)->0K(349184K)
[227.934s][info][gc,heap        ] GC(983) ParOldGen: 1128K(5592576K)->1129K(5592576K)
[227.934s][info][gc,metaspace   ] GC(983) Metaspace: 635K(1024K)->633K(1024K) NonClass: 594K(832K)->593K(832K) Class: 41K(192K)->40K(192K)
[227.934s][info][gc             ] GC(983) Pause Full (System.gc()) 1M->1M(7851M) 9.005ms
[227.934s][info][gc,cpu         ] GC(983) User=0.01s Sys=0.00s Real=0.01s
[228.390s][info][gc,start       ] GC(984) Pause Young (System.gc())
[228.391s][info][gc,heap        ] GC(984) PSYoungGen: 41953K(2446848K)->128K(2446848K) Eden: 41953K(2097664K)->0K(2097664K) From: 0K(349184K)->128K(349184K)
[228.391s][info][gc,heap        ] GC(984) ParOldGen: 1129K(5592576K)->1129K(5592576K)
[228.391s][info][gc,metaspace   ] GC(984) Metaspace: 638K(1024K)->638K(1024K) NonClass: 596K(832K)->596K(832K) Class: 41K(192K)->41K(192K)
[228.391s][info][gc             ] GC(984) Pause Young (System.gc()) 42M->1M(7851M) 0.534ms
[228.391s][info][gc,cpu         ] GC(984) User=0.00s Sys=0.00s Real=0.00s
[228.391s][info][gc,start       ] GC(985) Pause Full (System.gc())
[228.391s][info][gc,phases,start] GC(985) Marking Phase
[228.397s][info][gc,phases      ] GC(985) Marking Phase 5.756ms
[228.397s][info][gc,phases,start] GC(985) Summary Phase
[228.397s][info][gc,phases      ] GC(985) Summary Phase 0.020ms
[228.397s][info][gc,phases,start] GC(985) Adjust Roots
[228.398s][info][gc,phases      ] GC(985) Adjust Roots 0.717ms
[228.398s][info][gc,phases,start] GC(985) Compaction Phase
[228.399s][info][gc,phases      ] GC(985) Compaction Phase 1.216ms
[228.399s][info][gc,phases,start] GC(985) Post Compact
[228.400s][info][gc,phases      ] GC(985) Post Compact 0.568ms
[228.400s][info][gc,heap        ] GC(985) PSYoungGen: 128K(2446848K)->0K(2446848K) Eden: 0K(2097664K)->0K(2097664K) From: 128K(349184K)->0K(349184K)
[228.400s][info][gc,heap        ] GC(985) ParOldGen: 1129K(5592576K)->1131K(5592576K)
[228.400s][info][gc,metaspace   ] GC(985) Metaspace: 638K(1024K)->637K(1024K) NonClass: 596K(832K)->596K(832K) Class: 41K(192K)->41K(192K)
[228.400s][info][gc             ] GC(985) Pause Full (System.gc()) 1M->1M(7851M) 8.588ms
[228.400s][info][gc,cpu         ] GC(985) User=0.02s Sys=0.00s Real=0.01s
[228.857s][info][gc,start       ] GC(986) Pause Young (System.gc())
[228.858s][info][gc,heap        ] GC(986) PSYoungGen: 41953K(2446848K)->128K(2446848K) Eden: 41953K(2097664K)->0K(2097664K) From: 0K(349184K)->128K(349184K)
[228.858s][info][gc,heap        ] GC(986) ParOldGen: 1131K(5592576K)->1131K(5592576K)
[228.858s][info][gc,metaspace   ] GC(986) Metaspace: 642K(1024K)->642K(1024K) NonClass: 599K(832K)->599K(832K) Class: 43K(192K)->43K(192K)
[228.858s][info][gc             ] GC(986) Pause Young (System.gc()) 42M->1M(7851M) 0.611ms
[228.858s][info][gc,cpu         ] GC(986) User=0.00s Sys=0.00s Real=0.00s
[228.858s][info][gc,start       ] GC(987) Pause Full (System.gc())
[228.858s][info][gc,phases,start] GC(987) Marking Phase
[228.862s][info][gc,phases      ] GC(987) Marking Phase 3.994ms
[228.862s][info][gc,phases,start] GC(987) Summary Phase
[228.862s][info][gc,phases      ] GC(987) Summary Phase 0.027ms
[228.862s][info][gc,phases,start] GC(987) Adjust Roots
[228.863s][info][gc,phases      ] GC(987) Adjust Roots 1.085ms
[228.863s][info][gc,phases,start] GC(987) Compaction Phase
[228.865s][info][gc,phases      ] GC(987) Compaction Phase 2.163ms
[228.865s][info][gc,phases,start] GC(987) Post Compact
[228.866s][info][gc,phases      ] GC(987) Post Compact 0.581ms
[228.866s][info][gc,heap        ] GC(987) PSYoungGen: 128K(2446848K)->0K(2446848K) Eden: 0K(2097664K)->0K(2097664K) From: 128K(349184K)->0K(349184K)
[228.866s][info][gc,heap        ] GC(987) ParOldGen: 1131K(5592576K)->1133K(5592576K)
[228.866s][info][gc,metaspace   ] GC(987) Metaspace: 642K(1024K)->642K(1024K) NonClass: 599K(832K)->599K(832K) Class: 43K(192K)->43K(192K)
[228.866s][info][gc             ] GC(987) Pause Full (System.gc()) 1M->1M(7851M) 8.167ms
[228.866s][info][gc,cpu         ] GC(987) User=0.02s Sys=0.00s Real=0.01s
[229.323s][info][gc,start       ] GC(988) Pause Young (System.gc())
[229.324s][info][gc,heap        ] GC(988) PSYoungGen: 41953K(2446848K)->128K(2446848K) Eden: 41953K(2097664K)->0K(2097664K) From: 0K(349184K)->128K(349184K)
[229.324s][info][gc,heap        ] GC(988) ParOldGen: 1133K(5592576K)->1133K(5592576K)
[229.324s][info][gc,metaspace   ] GC(988) Metaspace: 647K(1024K)->647K(1024K) NonClass: 602K(832K)->602K(832K) Class: 44K(192K)->44K(192K)
[229.324s][info][gc             ] GC(988) Pause Young (System.gc()) 42M->1M(7851M) 0.581ms
[229.324s][info][gc,cpu         ] GC(988) User=0.00s Sys=0.01s Real=0.00s
[229.324s][info][gc,start       ] GC(989) Pause Full (System.gc())
[229.324s][info][gc,phases,start] GC(989) Marking Phase
[229.328s][info][gc,phases      ] GC(989) Marking Phase 4.326ms
[229.328s][info][gc,phases,start] GC(989) Summary Phase
[229.328s][info][gc,phases      ] GC(989) Summary Phase 0.027ms
[229.328s][info][gc,phases,start] GC(989) Adjust Roots
[229.329s][info][gc,phases      ] GC(989) Adjust Roots 1.228ms
[229.330s][info][gc,phases,start] GC(989) Compaction Phase
[229.332s][info][gc,phases      ] GC(989) Compaction Phase 2.149ms
[229.332s][info][gc,phases,start] GC(989) Post Compact
[229.332s][info][gc,phases      ] GC(989) Post Compact 0.620ms
[229.332s][info][gc,heap        ] GC(989) PSYoungGen: 128K(2446848K)->0K(2446848K) Eden: 0K(2097664K)->0K(2097664K) From: 128K(349184K)->0K(349184K)
[229.332s][info][gc,heap        ] GC(989) ParOldGen: 1133K(5592576K)->1136K(5592576K)
[229.332s][info][gc,metaspace   ] GC(989) Metaspace: 647K(1024K)->647K(1024K) NonClass: 602K(832K)->602K(832K) Class: 44K(192K)->44K(192K)
[229.332s][info][gc             ] GC(989) Pause Full (System.gc()) 1M->1M(7851M) 8.652ms
[229.332s][info][gc,cpu         ] GC(989) User=0.02s Sys=0.00s Real=0.00s
[229.786s][info][gc,start       ] GC(990) Pause Young (System.gc())
[229.786s][info][gc,heap        ] GC(990) PSYoungGen: 41953K(2446848K)->128K(2446848K) Eden: 41953K(2097664K)->0K(2097664K) From: 0K(349184K)->128K(349184K)
[229.786s][info][gc,heap        ] GC(990) ParOldGen: 1136K(5592576K)->1136K(5592576K)
[229.786s][info][gc,metaspace   ] GC(990) Metaspace: 652K(1024K)->652K(1024K) NonClass: 605K(832K)->605K(832K) Class: 46K(192K)->46K(192K)
[229.786s][info][gc             ] GC(990) Pause Young (System.gc()) 42M->1M(7851M) 0.738ms
[229.786s][info][gc,cpu         ] GC(990) User=0.00s Sys=0.00s Real=0.00s
[229.787s][info][gc,start       ] GC(991) Pause Full (System.gc())
[229.787s][info][gc,phases,start] GC(991) Marking Phase
[229.791s][info][gc,phases      ] GC(991) Marking Phase 4.036ms
[229.791s][info][gc,phases,start] GC(991) Summary Phase
[229.791s][info][gc,phases      ] GC(991) Summary Phase 0.039ms
[229.791s][info][gc,phases,start] GC(991) Adjust Roots
[229.792s][info][gc,phases      ] GC(991) Adjust Roots 1.030ms
[229.792s][info][gc,phases,start] GC(991) Compaction Phase
[229.794s][info][gc,phases      ] GC(991) Compaction Phase 2.159ms
[229.794s][info][gc,phases,start] GC(991) Post Compact
[229.795s][info][gc,phases      ] GC(991) Post Compact 0.823ms
[229.795s][info][gc,heap        ] GC(991) PSYoungGen: 128K(2446848K)->0K(2446848K) Eden: 0K(2097664K)->0K(2097664K) From: 128K(349184K)->0K(349184K)
[229.795s][info][gc,heap        ] GC(991) ParOldGen: 1136K(5592576K)->1139K(5592576K)
[229.795s][info][gc,metaspace   ] GC(991) Metaspace: 652K(1024K)->652K(1024K) NonClass: 605K(832K)->605K(832K) Class: 46K(192K)->46K(192K)
[229.795s][info][gc             ] GC(991) Pause Full (System.gc()) 1M->1M(7851M) 8.506ms
[229.795s][info][gc,cpu         ] GC(991) User=0.01s Sys=0.00s Real=0.01s
[230.252s][info][gc,start       ] GC(992) Pause Young (System.gc())
[230.252s][info][gc,heap        ] GC(992) PSYoungGen: 41953K(2446848K)->96K(2446848K) Eden: 41953K(2097664K)->0K(2097664K) From: 0K(349184K)->96K(349184K)
[230.252s][info][gc,heap        ] GC(992) ParOldGen: 1139K(5592576K)->1139K(5592576K)
[230.252s][info][gc,metaspace   ] GC(992) Metaspace: 657K(1024K)->657K(1024K) NonClass: 609K(832K)->609K(832K) Class: 48K(192K)->48K(192K)
[230.252s][info][gc             ] GC(992) Pause Young (System.gc()) 42M->1M(7851M) 0.489ms
[230.253s][info][gc,cpu         ] GC(992) User=0.01s Sys=0.00s Real=0.00s
[230.253s][info][gc,start       ] GC(993) Pause Full (System.gc())
[230.253s][info][gc,phases,start] GC(993) Marking Phase
[230.258s][info][gc,phases      ] GC(993) Marking Phase 5.045ms
[230.258s][info][gc,phases,start] GC(993) Summary Phase
[230.258s][info][gc,phases      ] GC(993) Summary Phase 0.048ms
[230.258s][info][gc,phases,start] GC(993) Adjust Roots
[230.259s][info][gc,phases      ] GC(993) Adjust Roots 1.021ms
[230.259s][info][gc,phases,start] GC(993) Compaction Phase
[230.260s][info][gc,phases      ] GC(993) Compaction Phase 1.375ms
[230.260s][info][gc,phases,start] GC(993) Post Compact
[230.261s][info][gc,phases      ] GC(993) Post Compact 0.561ms
[230.261s][info][gc,heap        ] GC(993) PSYoungGen: 96K(2446848K)->0K(2446848K) Eden: 0K(2097664K)->0K(2097664K) From: 96K(349184K)->0K(349184K)
[230.261s][info][gc,heap        ] GC(993) ParOldGen: 1139K(5592576K)->1138K(5592576K)
[230.261s][info][gc,metaspace   ] GC(993) Metaspace: 657K(1024K)->653K(1024K) NonClass: 609K(832K)->607K(832K) Class: 48K(192K)->46K(192K)
[230.261s][info][gc             ] GC(993) Pause Full (System.gc()) 1M->1M(7851M) 8.391ms
[230.261s][info][gc,cpu         ] GC(993) User=0.01s Sys=0.00s Real=0.01s
[230.715s][info][gc,start       ] GC(994) Pause Young (System.gc())
[230.715s][info][gc,heap        ] GC(994) PSYoungGen: 41953K(2446848K)->192K(2446848K) Eden: 41953K(2097664K)->0K(2097664K) From: 0K(349184K)->192K(349184K)
[230.715s][info][gc,heap        ] GC(994) ParOldGen: 1138K(5592576K)->1138K(5592576K)
[230.715s][info][gc,metaspace   ] GC(994) Metaspace: 658K(1024K)->658K(1024K) NonClass: 610K(832K)->610K(832K) Class: 48K(192K)->48K(192K)
[230.715s][info][gc             ] GC(994) Pause Young (System.gc()) 42M->1M(7851M) 0.519ms
[230.715s][info][gc,cpu         ] GC(994) User=0.00s Sys=0.00s Real=0.00s
[230.715s][info][gc,start       ] GC(995) Pause Full (System.gc())
[230.715s][info][gc,phases,start] GC(995) Marking Phase
[230.721s][info][gc,phases      ] GC(995) Marking Phase 5.153ms
[230.721s][info][gc,phases,start] GC(995) Summary Phase
[230.721s][info][gc,phases      ] GC(995) Summary Phase 0.043ms
[230.721s][info][gc,phases,start] GC(995) Adjust Roots
[230.722s][info][gc,phases      ] GC(995) Adjust Roots 1.256ms
[230.722s][info][gc,phases,start] GC(995) Compaction Phase
[230.724s][info][gc,phases      ] GC(995) Compaction Phase 2.287ms
[230.725s][info][gc,phases,start] GC(995) Post Compact
[230.725s][info][gc,phases      ] GC(995) Post Compact 0.753ms
[230.725s][info][gc,heap        ] GC(995) PSYoungGen: 192K(2446848K)->0K(2446848K) Eden: 0K(2097664K)->0K(2097664K) From: 192K(349184K)->0K(349184K)
[230.725s][info][gc,heap        ] GC(995) ParOldGen: 1138K(5592576K)->1140K(5592576K)
[230.725s][info][gc,metaspace   ] GC(995) Metaspace: 658K(1024K)->657K(1024K) NonClass: 610K(832K)->610K(832K) Class: 48K(192K)->47K(192K)
[230.725s][info][gc             ] GC(995) Pause Full (System.gc()) 1M->1M(7851M) 9.950ms
[230.725s][info][gc,cpu         ] GC(995) User=0.02s Sys=0.01s Real=0.01s
[231.179s][info][gc,start       ] GC(996) Pause Young (System.gc())
[231.179s][info][gc,heap        ] GC(996) PSYoungGen: 41953K(2446848K)->160K(2446848K) Eden: 41953K(2097664K)->0K(2097664K) From: 0K(349184K)->160K(349184K)
[231.179s][info][gc,heap        ] GC(996) ParOldGen: 1140K(5592576K)->1140K(5592576K)
[231.179s][info][gc,metaspace   ] GC(996) Metaspace: 662K(1024K)->662K(1024K) NonClass: 613K(832K)->613K(832K) Class: 49K(192K)->49K(192K)
[231.179s][info][gc             ] GC(996) Pause Young (System.gc()) 42M->1M(7851M) 0.492ms
[231.179s][info][gc,cpu         ] GC(996) User=0.00s Sys=0.00s Real=0.00s
[231.179s][info][gc,start       ] GC(997) Pause Full (System.gc())
[231.179s][info][gc,phases,start] GC(997) Marking Phase
[231.183s][info][gc,phases      ] GC(997) Marking Phase 3.578ms
[231.183s][info][gc,phases,start] GC(997) Summary Phase
[231.183s][info][gc,phases      ] GC(997) Summary Phase 0.033ms
[231.183s][info][gc,phases,start] GC(997) Adjust Roots
[231.184s][info][gc,phases      ] GC(997) Adjust Roots 1.082ms
[231.184s][info][gc,phases,start] GC(997) Compaction Phase
[231.187s][info][gc,phases      ] GC(997) Compaction Phase 2.370ms
[231.187s][info][gc,phases,start] GC(997) Post Compact
[231.187s][info][gc,phases      ] GC(997) Post Compact 0.793ms
[231.187s][info][gc,heap        ] GC(997) PSYoungGen: 160K(2446848K)->0K(2446848K) Eden: 0K(2097664K)->0K(2097664K) From: 160K(349184K)->0K(349184K)
[231.187s][info][gc,heap        ] GC(997) ParOldGen: 1140K(5592576K)->1143K(5592576K)
[231.188s][info][gc,metaspace   ] GC(997) Metaspace: 662K(1024K)->662K(1024K) NonClass: 613K(832K)->613K(832K) Class: 49K(192K)->49K(192K)
[231.188s][info][gc             ] GC(997) Pause Full (System.gc()) 1M->1M(7851M) 8.167ms
[231.188s][info][gc,cpu         ] GC(997) User=0.02s Sys=0.00s Real=0.01s
[231.643s][info][gc,start       ] GC(998) Pause Young (System.gc())
[231.644s][info][gc,heap        ] GC(998) PSYoungGen: 41953K(2446848K)->160K(2446848K) Eden: 41953K(2097664K)->0K(2097664K) From: 0K(349184K)->160K(349184K)
[231.644s][info][gc,heap        ] GC(998) ParOldGen: 1143K(5592576K)->1143K(5592576K)
[231.644s][info][gc,metaspace   ] GC(998) Metaspace: 667K(1024K)->667K(1024K) NonClass: 616K(832K)->616K(832K) Class: 51K(192K)->51K(192K)
[231.644s][info][gc             ] GC(998) Pause Young (System.gc()) 42M->1M(7851M) 0.590ms
[231.644s][info][gc,cpu         ] GC(998) User=0.00s Sys=0.00s Real=0.00s
[231.644s][info][gc,start       ] GC(999) Pause Full (System.gc())
[231.644s][info][gc,phases,start] GC(999) Marking Phase
[231.647s][info][gc,phases      ] GC(999) Marking Phase 2.422ms
[231.647s][info][gc,phases,start] GC(999) Summary Phase
[231.647s][info][gc,phases      ] GC(999) Summary Phase 0.021ms
[231.647s][info][gc,phases,start] GC(999) Adjust Roots
[231.647s][info][gc,phases      ] GC(999) Adjust Roots 0.763ms
[231.647s][info][gc,phases,start] GC(999) Compaction Phase
[231.649s][info][gc,phases      ] GC(999) Compaction Phase 1.180ms
[231.649s][info][gc,phases,start] GC(999) Post Compact
[231.649s][info][gc,phases      ] GC(999) Post Compact 0.532ms
[231.649s][info][gc,heap        ] GC(999) PSYoungGen: 160K(2446848K)->0K(2446848K) Eden: 0K(2097664K)->0K(2097664K) From: 160K(349184K)->0K(349184K)
[231.649s][info][gc,heap        ] GC(999) ParOldGen: 1143K(5592576K)->1146K(5592576K)
[231.649s][info][gc,metaspace   ] GC(999) Metaspace: 667K(1024K)->667K(1024K) NonClass: 616K(832K)->616K(832K) Class: 51K(192K)->51K(192K)
[231.649s][info][gc             ] GC(999) Pause Full (System.gc()) 1M->1M(7851M) 5.137ms
[231.649s][info][gc,cpu         ] GC(999) User=0.01s Sys=0.00s Real=0.00s
[232.104s][info][gc,start       ] GC(1000) Pause Young (System.gc())
[232.104s][info][gc,heap        ] GC(1000) PSYoungGen: 41953K(2446848K)->160K(2446848K) Eden: 41953K(2097664K)->0K(2097664K) From: 0K(349184K)->160K(349184K)
[232.104s][info][gc,heap        ] GC(1000) ParOldGen: 1146K(5592576K)->1146K(5592576K)
[232.104s][info][gc,metaspace   ] GC(1000) Metaspace: 672K(1024K)->672K(1024K) NonClass: 620K(832K)->620K(832K) Class: 52K(192K)->52K(192K)
[232.104s][info][gc             ] GC(1000) Pause Young (System.gc()) 42M->1M(7851M) 0.414ms
[232.104s][info][gc,cpu         ] GC(1000) User=0.00s Sys=0.00s Real=0.00s
[232.104s][info][gc,start       ] GC(1001) Pause Full (System.gc())
[232.104s][info][gc,phases,start] GC(1001) Marking Phase
[232.107s][info][gc,phases      ] GC(1001) Marking Phase 2.583ms
[232.107s][info][gc,phases,start] GC(1001) Summary Phase
[232.107s][info][gc,phases      ] GC(1001) Summary Phase 0.019ms
[232.107s][info][gc,phases,start] GC(1001) Adjust Roots
[232.107s][info][gc,phases      ] GC(1001) Adjust Roots 0.744ms
[232.107s][info][gc,phases,start] GC(1001) Compaction Phase
[232.109s][info][gc,phases      ] GC(1001) Compaction Phase 1.191ms
[232.109s][info][gc,phases,start] GC(1001) Post Compact
[232.109s][info][gc,phases      ] GC(1001) Post Compact 0.546ms
[232.109s][info][gc,heap        ] GC(1001) PSYoungGen: 160K(2446848K)->0K(2446848K) Eden: 0K(2097664K)->0K(2097664K) From: 160K(349184K)->0K(349184K)
[232.109s][info][gc,heap        ] GC(1001) ParOldGen: 1146K(5592576K)->1149K(5592576K)
[232.109s][info][gc,metaspace   ] GC(1001) Metaspace: 672K(1024K)->672K(1024K) NonClass: 620K(832K)->620K(832K) Class: 52K(192K)->52K(192K)
[232.109s][info][gc             ] GC(1001) Pause Full (System.gc()) 1M->1M(7851M) 5.325ms
[232.109s][info][gc,cpu         ] GC(1001) User=0.01s Sys=0.00s Real=0.00s
[232.566s][info][gc,start       ] GC(1002) Pause Young (System.gc())
[232.567s][info][gc,heap        ] GC(1002) PSYoungGen: 41953K(2446848K)->160K(2446848K) Eden: 41953K(2097664K)->0K(2097664K) From: 0K(349184K)->160K(349184K)
[232.567s][info][gc,heap        ] GC(1002) ParOldGen: 1149K(5592576K)->1149K(5592576K)
[232.567s][info][gc,metaspace   ] GC(1002) Metaspace: 677K(1024K)->677K(1024K) NonClass: 623K(832K)->623K(832K) Class: 54K(192K)->54K(192K)
[232.567s][info][gc             ] GC(1002) Pause Young (System.gc()) 42M->1M(7851M) 0.483ms
[232.567s][info][gc,cpu         ] GC(1002) User=0.00s Sys=0.01s Real=0.00s
[232.567s][info][gc,start       ] GC(1003) Pause Full (System.gc())
[232.567s][info][gc,phases,start] GC(1003) Marking Phase
[232.570s][info][gc,phases      ] GC(1003) Marking Phase 3.203ms
[232.570s][info][gc,phases,start] GC(1003) Summary Phase
[232.570s][info][gc,phases      ] GC(1003) Summary Phase 0.025ms
[232.570s][info][gc,phases,start] GC(1003) Adjust Roots
[232.571s][info][gc,phases      ] GC(1003) Adjust Roots 0.708ms
[232.571s][info][gc,phases,start] GC(1003) Compaction Phase
[232.572s][info][gc,phases      ] GC(1003) Compaction Phase 1.271ms
[232.572s][info][gc,phases,start] GC(1003) Post Compact
[232.573s][info][gc,phases      ] GC(1003) Post Compact 0.628ms
[232.573s][info][gc,heap        ] GC(1003) PSYoungGen: 160K(2446848K)->0K(2446848K) Eden: 0K(2097664K)->0K(2097664K) From: 160K(349184K)->0K(349184K)
[232.573s][info][gc,heap        ] GC(1003) ParOldGen: 1149K(5592576K)->1148K(5592576K)
[232.573s][info][gc,metaspace   ] GC(1003) Metaspace: 677K(1024K)->674K(1024K) NonClass: 623K(832K)->621K(832K) Class: 54K(192K)->52K(192K)
[232.573s][info][gc             ] GC(1003) Pause Full (System.gc()) 1M->1M(7851M) 6.183ms
[232.573s][info][gc,cpu         ] GC(1003) User=0.01s Sys=0.00s Real=0.01s
[233.026s][info][gc,start       ] GC(1004) Pause Young (System.gc())
[233.026s][info][gc,heap        ] GC(1004) PSYoungGen: 41953K(2446848K)->64K(2446848K) Eden: 41953K(2097664K)->0K(2097664K) From: 0K(349184K)->64K(349184K)
[233.026s][info][gc,heap        ] GC(1004) ParOldGen: 1148K(5592576K)->1148K(5592576K)
[233.026s][info][gc,metaspace   ] GC(1004) Metaspace: 679K(1024K)->679K(1024K) NonClass: 624K(832K)->624K(832K) Class: 54K(192K)->54K(192K)
[233.026s][info][gc             ] GC(1004) Pause Young (System.gc()) 42M->1M(7851M) 0.627ms
[233.026s][info][gc,cpu         ] GC(1004) User=0.00s Sys=0.00s Real=0.00s
[233.026s][info][gc,start       ] GC(1005) Pause Full (System.gc())
[233.026s][info][gc,phases,start] GC(1005) Marking Phase
[233.029s][info][gc,phases      ] GC(1005) Marking Phase 3.019ms
[233.029s][info][gc,phases,start] GC(1005) Summary Phase
[233.030s][info][gc,phases      ] GC(1005) Summary Phase 0.018ms
[233.030s][info][gc,phases,start] GC(1005) Adjust Roots
[233.030s][info][gc,phases      ] GC(1005) Adjust Roots 0.645ms
[233.030s][info][gc,phases,start] GC(1005) Compaction Phase
[233.031s][info][gc,phases      ] GC(1005) Compaction Phase 1.045ms
[233.031s][info][gc,phases,start] GC(1005) Post Compact
[233.032s][info][gc,phases      ] GC(1005) Post Compact 0.522ms
[233.032s][info][gc,heap        ] GC(1005) PSYoungGen: 64K(2446848K)->0K(2446848K) Eden: 0K(2097664K)->0K(2097664K) From: 64K(349184K)->0K(349184K)
[233.032s][info][gc,heap        ] GC(1005) ParOldGen: 1148K(5592576K)->1150K(5592576K)
[233.032s][info][gc,metaspace   ] GC(1005) Metaspace: 679K(1024K)->678K(1024K) NonClass: 624K(832K)->624K(832K) Class: 54K(192K)->53K(192K)
[233.032s][info][gc             ] GC(1005) Pause Full (System.gc()) 1M->1M(7851M) 5.500ms
[233.032s][info][gc,cpu         ] GC(1005) User=0.01s Sys=0.00s Real=0.00s
[233.487s][info][gc,start       ] GC(1006) Pause Young (System.gc())
[233.487s][info][gc,heap        ] GC(1006) PSYoungGen: 41953K(2446848K)->128K(2446848K) Eden: 41953K(2097664K)->0K(2097664K) From: 0K(349184K)->128K(349184K)
[233.487s][info][gc,heap        ] GC(1006) ParOldGen: 1150K(5592576K)->1150K(5592576K)
[233.487s][info][gc,metaspace   ] GC(1006) Metaspace: 683K(1024K)->683K(1024K) NonClass: 627K(832K)->627K(832K) Class: 55K(192K)->55K(192K)
[233.487s][info][gc             ] GC(1006) Pause Young (System.gc()) 42M->1M(7851M) 0.258ms
[233.487s][info][gc,cpu         ] GC(1006) User=0.00s Sys=0.00s Real=0.00s
[233.487s][info][gc,start       ] GC(1007) Pause Full (System.gc())
[233.487s][info][gc,phases,start] GC(1007) Marking Phase
[233.490s][info][gc,phases      ] GC(1007) Marking Phase 3.209ms
[233.490s][info][gc,phases,start] GC(1007) Summary Phase
[233.490s][info][gc,phases      ] GC(1007) Summary Phase 0.017ms
[233.490s][info][gc,phases,start] GC(1007) Adjust Roots
[233.491s][info][gc,phases      ] GC(1007) Adjust Roots 0.507ms
[233.491s][info][gc,phases,start] GC(1007) Compaction Phase
[233.492s][info][gc,phases      ] GC(1007) Compaction Phase 0.857ms
[233.492s][info][gc,phases,start] GC(1007) Post Compact
[233.492s][info][gc,phases      ] GC(1007) Post Compact 0.395ms
[233.492s][info][gc,heap        ] GC(1007) PSYoungGen: 128K(2446848K)->0K(2446848K) Eden: 0K(2097664K)->0K(2097664K) From: 128K(349184K)->0K(349184K)
[233.492s][info][gc,heap        ] GC(1007) ParOldGen: 1150K(5592576K)->1138K(5592576K)
[233.492s][info][gc,metaspace   ] GC(1007) Metaspace: 683K(1024K)->650K(1024K) NonClass: 627K(832K)->602K(832K) Class: 55K(192K)->48K(192K)
[233.492s][info][gc             ] GC(1007) Pause Full (System.gc()) 1M->1M(7851M) 5.167ms
[233.492s][info][gc,cpu         ] GC(1007) User=0.01s Sys=0.00s Real=0.00s
[233.944s][info][gc,start       ] GC(1008) Pause Young (System.gc())
[233.944s][info][gc,heap        ] GC(1008) PSYoungGen: 41953K(2446848K)->96K(2446848K) Eden: 41953K(2097664K)->0K(2097664K) From: 0K(349184K)->96K(349184K)
[233.944s][info][gc,heap        ] GC(1008) ParOldGen: 1138K(5592576K)->1138K(5592576K)
[233.944s][info][gc,metaspace   ] GC(1008) Metaspace: 655K(1024K)->655K(1024K) NonClass: 605K(832K)->605K(832K) Class: 49K(192K)->49K(192K)
[233.944s][info][gc             ] GC(1008) Pause Young (System.gc()) 42M->1M(7851M) 0.298ms
[233.944s][info][gc,cpu         ] GC(1008) User=0.00s Sys=0.00s Real=0.00s
[233.944s][info][gc,start       ] GC(1009) Pause Full (System.gc())
[233.944s][info][gc,phases,start] GC(1009) Marking Phase
[233.946s][info][gc,phases      ] GC(1009) Marking Phase 2.032ms
[233.947s][info][gc,phases,start] GC(1009) Summary Phase
[233.947s][info][gc,phases      ] GC(1009) Summary Phase 0.013ms
[233.947s][info][gc,phases,start] GC(1009) Adjust Roots
[233.947s][info][gc,phases      ] GC(1009) Adjust Roots 0.492ms
[233.947s][info][gc,phases,start] GC(1009) Compaction Phase
[233.948s][info][gc,phases      ] GC(1009) Compaction Phase 1.025ms
[233.948s][info][gc,phases,start] GC(1009) Post Compact
[233.948s][info][gc,phases      ] GC(1009) Post Compact 0.368ms
[233.949s][info][gc,heap        ] GC(1009) PSYoungGen: 96K(2446848K)->0K(2446848K) Eden: 0K(2097664K)->0K(2097664K) From: 96K(349184K)->0K(349184K)
[233.949s][info][gc,heap        ] GC(1009) ParOldGen: 1138K(5592576K)->1139K(5592576K)
[233.949s][info][gc,metaspace   ] GC(1009) Metaspace: 655K(1024K)->652K(1024K) NonClass: 605K(832K)->603K(832K) Class: 49K(192K)->48K(192K)
[233.949s][info][gc             ] GC(1009) Pause Full (System.gc()) 1M->1M(7851M) 4.120ms
[233.949s][info][gc,cpu         ] GC(1009) User=0.01s Sys=0.00s Real=0.00s
[234.402s][info][gc,start       ] GC(1010) Pause Young (System.gc())
[234.402s][info][gc,heap        ] GC(1010) PSYoungGen: 41953K(2446848K)->160K(2446848K) Eden: 41953K(2097664K)->0K(2097664K) From: 0K(349184K)->160K(349184K)
[234.403s][info][gc,heap        ] GC(1010) ParOldGen: 1139K(5592576K)->1139K(5592576K)
[234.403s][info][gc,metaspace   ] GC(1010) Metaspace: 657K(1024K)->657K(1024K) NonClass: 606K(832K)->606K(832K) Class: 50K(192K)->50K(192K)
[234.403s][info][gc             ] GC(1010) Pause Young (System.gc()) 42M->1M(7851M) 0.589ms
[234.403s][info][gc,cpu         ] GC(1010) User=0.00s Sys=0.00s Real=0.00s
[234.403s][info][gc,start       ] GC(1011) Pause Full (System.gc())
[234.403s][info][gc,phases,start] GC(1011) Marking Phase
[234.406s][info][gc,phases      ] GC(1011) Marking Phase 3.627ms
[234.406s][info][gc,phases,start] GC(1011) Summary Phase
[234.407s][info][gc,phases      ] GC(1011) Summary Phase 0.030ms
[234.407s][info][gc,phases,start] GC(1011) Adjust Roots
[234.407s][info][gc,phases      ] GC(1011) Adjust Roots 0.803ms
[234.407s][info][gc,phases,start] GC(1011) Compaction Phase
[234.408s][info][gc,phases      ] GC(1011) Compaction Phase 1.030ms
[234.408s][info][gc,phases,start] GC(1011) Post Compact
[234.409s][info][gc,phases      ] GC(1011) Post Compact 0.531ms
[234.409s][info][gc,heap        ] GC(1011) PSYoungGen: 160K(2446848K)->0K(2446848K) Eden: 0K(2097664K)->0K(2097664K) From: 160K(349184K)->0K(349184K)
[234.409s][info][gc,heap        ] GC(1011) ParOldGen: 1139K(5592576K)->1141K(5592576K)
[234.409s][info][gc,metaspace   ] GC(1011) Metaspace: 657K(1024K)->656K(1024K) NonClass: 606K(832K)->606K(832K) Class: 50K(192K)->50K(192K)
[234.409s][info][gc             ] GC(1011) Pause Full (System.gc()) 1M->1M(7851M) 6.356ms
[234.409s][info][gc,cpu         ] GC(1011) User=0.01s Sys=0.00s Real=0.01s
[234.861s][info][gc,start       ] GC(1012) Pause Young (System.gc())
[234.862s][info][gc,heap        ] GC(1012) PSYoungGen: 41953K(2446848K)->192K(2446848K) Eden: 41953K(2097664K)->0K(2097664K) From: 0K(349184K)->192K(349184K)
[234.862s][info][gc,heap        ] GC(1012) ParOldGen: 1141K(5592576K)->1141K(5592576K)
[234.862s][info][gc,metaspace   ] GC(1012) Metaspace: 661K(1024K)->661K(1024K) NonClass: 609K(832K)->609K(832K) Class: 51K(192K)->51K(192K)
[234.862s][info][gc             ] GC(1012) Pause Young (System.gc()) 42M->1M(7851M) 0.448ms
[234.862s][info][gc,cpu         ] GC(1012) User=0.00s Sys=0.00s Real=0.00s
[234.862s][info][gc,start       ] GC(1013) Pause Full (System.gc())
[234.862s][info][gc,phases,start] GC(1013) Marking Phase
[234.865s][info][gc,phases      ] GC(1013) Marking Phase 3.330ms
[234.865s][info][gc,phases,start] GC(1013) Summary Phase
[234.865s][info][gc,phases      ] GC(1013) Summary Phase 0.018ms
[234.865s][info][gc,phases,start] GC(1013) Adjust Roots
[234.866s][info][gc,phases      ] GC(1013) Adjust Roots 0.485ms
[234.866s][info][gc,phases,start] GC(1013) Compaction Phase
[234.867s][info][gc,phases      ] GC(1013) Compaction Phase 1.163ms
[234.867s][info][gc,phases,start] GC(1013) Post Compact
[234.867s][info][gc,phases      ] GC(1013) Post Compact 0.601ms
[234.867s][info][gc,heap        ] GC(1013) PSYoungGen: 192K(2446848K)->0K(2446848K) Eden: 0K(2097664K)->0K(2097664K) From: 192K(349184K)->0K(349184K)
[234.868s][info][gc,heap        ] GC(1013) ParOldGen: 1141K(5592576K)->1141K(5592576K)
[234.868s][info][gc,metaspace   ] GC(1013) Metaspace: 661K(1024K)->655K(1024K) NonClass: 609K(832K)->605K(832K) Class: 51K(192K)->50K(192K)
[234.868s][info][gc             ] GC(1013) Pause Full (System.gc()) 1M->1M(7851M) 5.859ms
[234.868s][info][gc,cpu         ] GC(1013) User=0.01s Sys=0.01s Real=0.01s
[235.323s][info][gc,start       ] GC(1014) Pause Young (System.gc())
[235.324s][info][gc,heap        ] GC(1014) PSYoungGen: 41953K(2446848K)->224K(2446848K) Eden: 41953K(2097664K)->0K(2097664K) From: 0K(349184K)->224K(349184K)
[235.324s][info][gc,heap        ] GC(1014) ParOldGen: 1141K(5592576K)->1141K(5592576K)
[235.324s][info][gc,metaspace   ] GC(1014) Metaspace: 660K(1024K)->660K(1024K) NonClass: 608K(832K)->608K(832K) Class: 52K(192K)->52K(192K)
[235.324s][info][gc             ] GC(1014) Pause Young (System.gc()) 42M->1M(7851M) 0.449ms
[235.324s][info][gc,cpu         ] GC(1014) User=0.00s Sys=0.00s Real=0.00s
[235.324s][info][gc,start       ] GC(1015) Pause Full (System.gc())
[235.324s][info][gc,phases,start] GC(1015) Marking Phase
[235.328s][info][gc,phases      ] GC(1015) Marking Phase 4.071ms
[235.328s][info][gc,phases,start] GC(1015) Summary Phase
[235.328s][info][gc,phases      ] GC(1015) Summary Phase 0.008ms
[235.328s][info][gc,phases,start] GC(1015) Adjust Roots
[235.329s][info][gc,phases      ] GC(1015) Adjust Roots 0.681ms
[235.329s][info][gc,phases,start] GC(1015) Compaction Phase
[235.330s][info][gc,phases      ] GC(1015) Compaction Phase 1.100ms
[235.330s][info][gc,phases,start] GC(1015) Post Compact
[235.330s][info][gc,phases      ] GC(1015) Post Compact 0.558ms
[235.330s][info][gc,heap        ] GC(1015) PSYoungGen: 224K(2446848K)->0K(2446848K) Eden: 0K(2097664K)->0K(2097664K) From: 224K(349184K)->0K(349184K)
[235.331s][info][gc,heap        ] GC(1015) ParOldGen: 1141K(5592576K)->1122K(5592576K)
[235.331s][info][gc,metaspace   ] GC(1015) Metaspace: 660K(1024K)->619K(1024K) NonClass: 608K(832K)->584K(832K) Class: 52K(192K)->35K(192K)
[235.331s][info][gc             ] GC(1015) Pause Full (System.gc()) 1M->1M(7851M) 6.598ms
[235.331s][info][gc,cpu         ] GC(1015) User=0.03s Sys=0.00s Real=0.00s
[235.785s][info][gc,start       ] GC(1016) Pause Young (System.gc())
[235.785s][info][gc,heap        ] GC(1016) PSYoungGen: 41953K(2446848K)->192K(2446848K) Eden: 41953K(2097664K)->0K(2097664K) From: 0K(349184K)->192K(349184K)
[235.785s][info][gc,heap        ] GC(1016) ParOldGen: 1122K(5592576K)->1122K(5592576K)
[235.785s][info][gc,metaspace   ] GC(1016) Metaspace: 624K(1024K)->624K(1024K) NonClass: 587K(832K)->587K(832K) Class: 37K(192K)->37K(192K)
[235.785s][info][gc             ] GC(1016) Pause Young (System.gc()) 42M->1M(7851M) 0.501ms
[235.785s][info][gc,cpu         ] GC(1016) User=0.00s Sys=0.00s Real=0.00s
[235.785s][info][gc,start       ] GC(1017) Pause Full (System.gc())
[235.785s][info][gc,phases,start] GC(1017) Marking Phase
[235.790s][info][gc,phases      ] GC(1017) Marking Phase 4.819ms
[235.790s][info][gc,phases,start] GC(1017) Summary Phase
[235.790s][info][gc,phases      ] GC(1017) Summary Phase 0.016ms
[235.790s][info][gc,phases,start] GC(1017) Adjust Roots
[235.791s][info][gc,phases      ] GC(1017) Adjust Roots 0.858ms
[235.791s][info][gc,phases,start] GC(1017) Compaction Phase
[235.792s][info][gc,phases      ] GC(1017) Compaction Phase 1.309ms
[235.792s][info][gc,phases,start] GC(1017) Post Compact
[235.793s][info][gc,phases      ] GC(1017) Post Compact 0.492ms
[235.793s][info][gc,heap        ] GC(1017) PSYoungGen: 192K(2446848K)->0K(2446848K) Eden: 0K(2097664K)->0K(2097664K) From: 192K(349184K)->0K(349184K)
[235.793s][info][gc,heap        ] GC(1017) ParOldGen: 1122K(5592576K)->1123K(5592576K)
[235.793s][info][gc,metaspace   ] GC(1017) Metaspace: 624K(1024K)->622K(1024K) NonClass: 587K(832K)->586K(832K) Class: 37K(192K)->36K(192K)
[235.793s][info][gc             ] GC(1017) Pause Full (System.gc()) 1M->1M(7851M) 7.716ms
[235.793s][info][gc,cpu         ] GC(1017) User=0.03s Sys=0.00s Real=0.01s
[236.250s][info][gc,start       ] GC(1018) Pause Young (System.gc())
[236.250s][info][gc,heap        ] GC(1018) PSYoungGen: 41953K(2446848K)->128K(2446848K) Eden: 41953K(2097664K)->0K(2097664K) From: 0K(349184K)->128K(349184K)
[236.250s][info][gc,heap        ] GC(1018) ParOldGen: 1123K(5592576K)->1123K(5592576K)
[236.250s][info][gc,metaspace   ] GC(1018) Metaspace: 627K(1024K)->627K(1024K) NonClass: 589K(832K)->589K(832K) Class: 37K(192K)->37K(192K)
[236.250s][info][gc             ] GC(1018) Pause Young (System.gc()) 42M->1M(7851M) 0.535ms
[236.250s][info][gc,cpu         ] GC(1018) User=0.00s Sys=0.00s Real=0.00s
[236.250s][info][gc,start       ] GC(1019) Pause Full (System.gc())
[236.250s][info][gc,phases,start] GC(1019) Marking Phase
[236.255s][info][gc,phases      ] GC(1019) Marking Phase 4.397ms
[236.255s][info][gc,phases,start] GC(1019) Summary Phase
[236.255s][info][gc,phases      ] GC(1019) Summary Phase 0.028ms
[236.255s][info][gc,phases,start] GC(1019) Adjust Roots
[236.256s][info][gc,phases      ] GC(1019) Adjust Roots 0.994ms
[236.256s][info][gc,phases,start] GC(1019) Compaction Phase
[236.258s][info][gc,phases      ] GC(1019) Compaction Phase 1.579ms
[236.258s][info][gc,phases,start] GC(1019) Post Compact
[236.258s][info][gc,phases      ] GC(1019) Post Compact 0.493ms
[236.258s][info][gc,heap        ] GC(1019) PSYoungGen: 128K(2446848K)->0K(2446848K) Eden: 0K(2097664K)->0K(2097664K) From: 128K(349184K)->0K(349184K)
[236.258s][info][gc,heap        ] GC(1019) ParOldGen: 1123K(5592576K)->1125K(5592576K)
[236.258s][info][gc,metaspace   ] GC(1019) Metaspace: 627K(1024K)->626K(1024K) NonClass: 589K(832K)->589K(832K) Class: 37K(192K)->37K(192K)
[236.258s][info][gc             ] GC(1019) Pause Full (System.gc()) 1M->1M(7851M) 7.787ms
[236.258s][info][gc,cpu         ] GC(1019) User=0.01s Sys=0.00s Real=0.01s
[236.711s][info][gc,start       ] GC(1020) Pause Young (System.gc())
[236.712s][info][gc,heap        ] GC(1020) PSYoungGen: 41953K(2446848K)->192K(2446848K) Eden: 41953K(2097664K)->0K(2097664K) From: 0K(349184K)->192K(349184K)
[236.712s][info][gc,heap        ] GC(1020) ParOldGen: 1125K(5592576K)->1125K(5592576K)
[236.712s][info][gc,metaspace   ] GC(1020) Metaspace: 631K(1024K)->631K(1024K) NonClass: 592K(832K)->592K(832K) Class: 38K(192K)->38K(192K)
[236.712s][info][gc             ] GC(1020) Pause Young (System.gc()) 42M->1M(7851M) 0.535ms
[236.712s][info][gc,cpu         ] GC(1020) User=0.00s Sys=0.00s Real=0.00s
[236.712s][info][gc,start       ] GC(1021) Pause Full (System.gc())
[236.712s][info][gc,phases,start] GC(1021) Marking Phase
[236.716s][info][gc,phases      ] GC(1021) Marking Phase 4.209ms
[236.716s][info][gc,phases,start] GC(1021) Summary Phase
[236.716s][info][gc,phases      ] GC(1021) Summary Phase 0.012ms
[236.716s][info][gc,phases,start] GC(1021) Adjust Roots
[236.717s][info][gc,phases      ] GC(1021) Adjust Roots 0.639ms
[236.717s][info][gc,phases,start] GC(1021) Compaction Phase
[236.718s][info][gc,phases      ] GC(1021) Compaction Phase 1.127ms
[236.718s][info][gc,phases,start] GC(1021) Post Compact
[236.718s][info][gc,phases      ] GC(1021) Post Compact 0.478ms
[236.718s][info][gc,heap        ] GC(1021) PSYoungGen: 192K(2446848K)->0K(2446848K) Eden: 0K(2097664K)->0K(2097664K) From: 192K(349184K)->0K(349184K)
[236.718s][info][gc,heap        ] GC(1021) ParOldGen: 1125K(5592576K)->1128K(5592576K)
[236.718s][info][gc,metaspace   ] GC(1021) Metaspace: 631K(1024K)->631K(1024K) NonClass: 592K(832K)->592K(832K) Class: 38K(192K)->38K(192K)
[236.718s][info][gc             ] GC(1021) Pause Full (System.gc()) 1M->1M(7851M) 6.607ms
[236.718s][info][gc,cpu         ] GC(1021) User=0.03s Sys=0.00s Real=0.01s
[237.174s][info][gc,start       ] GC(1022) Pause Young (System.gc())
[237.174s][info][gc,heap        ] GC(1022) PSYoungGen: 41953K(2446848K)->224K(2446848K) Eden: 41953K(2097664K)->0K(2097664K) From: 0K(349184K)->224K(349184K)
[237.174s][info][gc,heap        ] GC(1022) ParOldGen: 1128K(5592576K)->1128K(5592576K)
[237.174s][info][gc,metaspace   ] GC(1022) Metaspace: 636K(1024K)->636K(1024K) NonClass: 595K(832K)->595K(832K) Class: 40K(192K)->40K(192K)
[237.174s][info][gc             ] GC(1022) Pause Young (System.gc()) 42M->1M(7851M) 0.355ms
[237.174s][info][gc,cpu         ] GC(1022) User=0.00s Sys=0.00s Real=0.00s
[237.174s][info][gc,start       ] GC(1023) Pause Full (System.gc())
[237.174s][info][gc,phases,start] GC(1023) Marking Phase
[237.178s][info][gc,phases      ] GC(1023) Marking Phase 4.290ms
[237.178s][info][gc,phases,start] GC(1023) Summary Phase
[237.178s][info][gc,phases      ] GC(1023) Summary Phase 0.011ms
[237.178s][info][gc,phases,start] GC(1023) Adjust Roots
[237.179s][info][gc,phases      ] GC(1023) Adjust Roots 0.629ms
[237.179s][info][gc,phases,start] GC(1023) Compaction Phase
[237.180s][info][gc,phases      ] GC(1023) Compaction Phase 1.104ms
[237.180s][info][gc,phases,start] GC(1023) Post Compact
[237.181s][info][gc,phases      ] GC(1023) Post Compact 0.477ms
[237.181s][info][gc,heap        ] GC(1023) PSYoungGen: 224K(2446848K)->0K(2446848K) Eden: 0K(2097664K)->0K(2097664K) From: 224K(349184K)->0K(349184K)
[237.181s][info][gc,heap        ] GC(1023) ParOldGen: 1128K(5592576K)->1131K(5592576K)
[237.181s][info][gc,metaspace   ] GC(1023) Metaspace: 636K(1024K)->636K(1024K) NonClass: 595K(832K)->595K(832K) Class: 40K(192K)->40K(192K)
[237.181s][info][gc             ] GC(1023) Pause Full (System.gc()) 1M->1M(7851M) 6.639ms
[237.181s][info][gc,cpu         ] GC(1023) User=0.03s Sys=0.01s Real=0.00s
[237.642s][info][gc,start       ] GC(1024) Pause Young (System.gc())
[237.642s][info][gc,heap        ] GC(1024) PSYoungGen: 41953K(2446848K)->128K(2446848K) Eden: 41953K(2097664K)->0K(2097664K) From: 0K(349184K)->128K(349184K)
[237.642s][info][gc,heap        ] GC(1024) ParOldGen: 1131K(5592576K)->1131K(5592576K)
[237.642s][info][gc,metaspace   ] GC(1024) Metaspace: 644K(1024K)->644K(1024K) NonClass: 601K(832K)->601K(832K) Class: 42K(192K)->42K(192K)
[237.642s][info][gc             ] GC(1024) Pause Young (System.gc()) 42M->1M(7851M) 0.820ms
[237.642s][info][gc,cpu         ] GC(1024) User=0.00s Sys=0.00s Real=0.00s
[237.642s][info][gc,start       ] GC(1025) Pause Full (System.gc())
[237.642s][info][gc,phases,start] GC(1025) Marking Phase
[237.646s][info][gc,phases      ] GC(1025) Marking Phase 3.550ms
[237.646s][info][gc,phases,start] GC(1025) Summary Phase
[237.646s][info][gc,phases      ] GC(1025) Summary Phase 0.006ms
[237.646s][info][gc,phases,start] GC(1025) Adjust Roots
[237.646s][info][gc,phases      ] GC(1025) Adjust Roots 0.452ms
[237.646s][info][gc,phases,start] GC(1025) Compaction Phase
[237.647s][info][gc,phases      ] GC(1025) Compaction Phase 0.694ms
[237.647s][info][gc,phases,start] GC(1025) Post Compact
[237.647s][info][gc,phases      ] GC(1025) Post Compact 0.232ms
[237.647s][info][gc,heap        ] GC(1025) PSYoungGen: 128K(2446848K)->0K(2446848K) Eden: 0K(2097664K)->0K(2097664K) From: 128K(349184K)->0K(349184K)
[237.647s][info][gc,heap        ] GC(1025) ParOldGen: 1131K(5592576K)->1133K(5592576K)
[237.647s][info][gc,metaspace   ] GC(1025) Metaspace: 644K(1024K)->644K(1024K) NonClass: 601K(832K)->601K(832K) Class: 42K(192K)->42K(192K)
[237.647s][info][gc             ] GC(1025) Pause Full (System.gc()) 1M->1M(7851M) 5.010ms
[237.647s][info][gc,cpu         ] GC(1025) User=0.03s Sys=0.00s Real=0.01s
[238.102s][info][gc,start       ] GC(1026) Pause Young (System.gc())
[238.119s][info][gc,heap        ] GC(1026) PSYoungGen: 41953K(2446848K)->64K(2446848K) Eden: 41953K(2097664K)->0K(2097664K) From: 0K(349184K)->64K(349184K)
[238.119s][info][gc,heap        ] GC(1026) ParOldGen: 1133K(5592576K)->1133K(5592576K)
[238.119s][info][gc,metaspace   ] GC(1026) Metaspace: 649K(1024K)->649K(1024K) NonClass: 605K(832K)->605K(832K) Class: 44K(192K)->44K(192K)
[238.119s][info][gc             ] GC(1026) Pause Young (System.gc()) 42M->1M(7851M) 17.030ms
[238.119s][info][gc,cpu         ] GC(1026) User=0.00s Sys=0.00s Real=0.02s
[238.119s][info][gc,start       ] GC(1027) Pause Full (System.gc())
[238.119s][info][gc,phases,start] GC(1027) Marking Phase
[238.123s][info][gc,phases      ] GC(1027) Marking Phase 4.293ms
[238.123s][info][gc,phases,start] GC(1027) Summary Phase
[238.123s][info][gc,phases      ] GC(1027) Summary Phase 0.008ms
[238.123s][info][gc,phases,start] GC(1027) Adjust Roots
[238.124s][info][gc,phases      ] GC(1027) Adjust Roots 0.596ms
[238.124s][info][gc,phases,start] GC(1027) Compaction Phase
[238.125s][info][gc,phases      ] GC(1027) Compaction Phase 1.025ms
[238.125s][info][gc,phases,start] GC(1027) Post Compact
[238.126s][info][gc,phases      ] GC(1027) Post Compact 0.592ms
[238.126s][info][gc,heap        ] GC(1027) PSYoungGen: 64K(2446848K)->0K(2446848K) Eden: 0K(2097664K)->0K(2097664K) From: 64K(349184K)->0K(349184K)
[238.126s][info][gc,heap        ] GC(1027) ParOldGen: 1133K(5592576K)->1127K(5592576K)
[238.126s][info][gc,metaspace   ] GC(1027) Metaspace: 649K(1024K)->631K(1024K) NonClass: 605K(832K)->592K(832K) Class: 44K(192K)->39K(192K)
[238.126s][info][gc             ] GC(1027) Pause Full (System.gc()) 1M->1M(7851M) 6.602ms
[238.126s][info][gc,cpu         ] GC(1027) User=0.02s Sys=0.01s Real=0.01s
[238.582s][info][gc,start       ] GC(1028) Pause Young (System.gc())
[238.583s][info][gc,heap        ] GC(1028) PSYoungGen: 41953K(2446848K)->160K(2446848K) Eden: 41953K(2097664K)->0K(2097664K) From: 0K(349184K)->160K(349184K)
[238.583s][info][gc,heap        ] GC(1028) ParOldGen: 1127K(5592576K)->1127K(5592576K)
[238.583s][info][gc,metaspace   ] GC(1028) Metaspace: 636K(1024K)->636K(1024K) NonClass: 596K(832K)->596K(832K) Class: 40K(192K)->40K(192K)
[238.583s][info][gc             ] GC(1028) Pause Young (System.gc()) 42M->1M(7851M) 0.971ms
[238.583s][info][gc,cpu         ] GC(1028) User=0.00s Sys=0.00s Real=0.01s
[238.583s][info][gc,start       ] GC(1029) Pause Full (System.gc())
[238.583s][info][gc,phases,start] GC(1029) Marking Phase
[238.589s][info][gc,phases      ] GC(1029) Marking Phase 5.826ms
[238.589s][info][gc,phases,start] GC(1029) Summary Phase
[238.589s][info][gc,phases      ] GC(1029) Summary Phase 0.024ms
[238.589s][info][gc,phases,start] GC(1029) Adjust Roots
[238.591s][info][gc,phases      ] GC(1029) Adjust Roots 2.440ms
[238.591s][info][gc,phases,start] GC(1029) Compaction Phase
[238.599s][info][gc,phases      ] GC(1029) Compaction Phase 7.712ms
[238.599s][info][gc,phases,start] GC(1029) Post Compact
[238.600s][info][gc,phases      ] GC(1029) Post Compact 0.562ms
[238.600s][info][gc,heap        ] GC(1029) PSYoungGen: 160K(2446848K)->0K(2446848K) Eden: 0K(2097664K)->0K(2097664K) From: 160K(349184K)->0K(349184K)
[238.600s][info][gc,heap        ] GC(1029) ParOldGen: 1127K(5592576K)->1128K(5592576K)
[238.600s][info][gc,metaspace   ] GC(1029) Metaspace: 636K(1024K)->633K(1024K) NonClass: 596K(832K)->593K(832K) Class: 40K(192K)->39K(192K)
[238.600s][info][gc             ] GC(1029) Pause Full (System.gc()) 1M->1M(7851M) 16.821ms
[238.600s][info][gc,cpu         ] GC(1029) User=0.01s Sys=0.00s Real=0.01s
[239.053s][info][gc,start       ] GC(1030) Pause Young (System.gc())
[239.054s][info][gc,heap        ] GC(1030) PSYoungGen: 41953K(2446848K)->128K(2446848K) Eden: 41953K(2097664K)->0K(2097664K) From: 0K(349184K)->128K(349184K)
[239.054s][info][gc,heap        ] GC(1030) ParOldGen: 1128K(5592576K)->1128K(5592576K)
[239.054s][info][gc,metaspace   ] GC(1030) Metaspace: 638K(1024K)->638K(1024K) NonClass: 597K(832K)->597K(832K) Class: 41K(192K)->41K(192K)
[239.054s][info][gc             ] GC(1030) Pause Young (System.gc()) 42M->1M(7851M) 0.473ms
[239.054s][info][gc,cpu         ] GC(1030) User=0.00s Sys=0.00s Real=0.00s
[239.054s][info][gc,start       ] GC(1031) Pause Full (System.gc())
[239.054s][info][gc,phases,start] GC(1031) Marking Phase
[239.060s][info][gc,phases      ] GC(1031) Marking Phase 6.641ms
[239.061s][info][gc,phases,start] GC(1031) Summary Phase
[239.061s][info][gc,phases      ] GC(1031) Summary Phase 0.027ms
[239.061s][info][gc,phases,start] GC(1031) Adjust Roots
[239.062s][info][gc,phases      ] GC(1031) Adjust Roots 1.086ms
[239.062s][info][gc,phases,start] GC(1031) Compaction Phase
[239.075s][info][gc,phases      ] GC(1031) Compaction Phase 13.563ms
[239.075s][info][gc,phases,start] GC(1031) Post Compact
[239.076s][info][gc,phases      ] GC(1031) Post Compact 0.891ms
[239.076s][info][gc,heap        ] GC(1031) PSYoungGen: 128K(2446848K)->0K(2446848K) Eden: 0K(2097664K)->0K(2097664K) From: 128K(349184K)->0K(349184K)
[239.076s][info][gc,heap        ] GC(1031) ParOldGen: 1128K(5592576K)->1129K(5592576K)
[239.076s][info][gc,metaspace   ] GC(1031) Metaspace: 638K(1024K)->635K(1024K) NonClass: 597K(832K)->594K(832K) Class: 41K(192K)->40K(192K)
[239.076s][info][gc             ] GC(1031) Pause Full (System.gc()) 1M->1M(7851M) 22.498ms
[239.076s][info][gc,cpu         ] GC(1031) User=0.00s Sys=0.00s Real=0.02s
[239.533s][info][gc,start       ] GC(1032) Pause Young (System.gc())
[239.533s][info][gc,heap        ] GC(1032) PSYoungGen: 41953K(2446848K)->96K(2446848K) Eden: 41953K(2097664K)->0K(2097664K) From: 0K(349184K)->96K(349184K)
[239.533s][info][gc,heap        ] GC(1032) ParOldGen: 1129K(5592576K)->1129K(5592576K)
[239.533s][info][gc,metaspace   ] GC(1032) Metaspace: 640K(1024K)->640K(1024K) NonClass: 598K(832K)->598K(832K) Class: 42K(192K)->42K(192K)
[239.533s][info][gc             ] GC(1032) Pause Young (System.gc()) 42M->1M(7851M) 0.453ms
[239.533s][info][gc,cpu         ] GC(1032) User=0.00s Sys=0.00s Real=0.01s
[239.533s][info][gc,start       ] GC(1033) Pause Full (System.gc())
[239.533s][info][gc,phases,start] GC(1033) Marking Phase
[239.541s][info][gc,phases      ] GC(1033) Marking Phase 8.160ms
[239.541s][info][gc,phases,start] GC(1033) Summary Phase
[239.541s][info][gc,phases      ] GC(1033) Summary Phase 0.019ms
[239.541s][info][gc,phases,start] GC(1033) Adjust Roots
[239.543s][info][gc,phases      ] GC(1033) Adjust Roots 1.191ms
[239.543s][info][gc,phases,start] GC(1033) Compaction Phase
[239.544s][info][gc,phases      ] GC(1033) Compaction Phase 1.477ms
[239.544s][info][gc,phases,start] GC(1033) Post Compact
[239.545s][info][gc,phases      ] GC(1033) Post Compact 0.626ms
[239.545s][info][gc,heap        ] GC(1033) PSYoungGen: 96K(2446848K)->0K(2446848K) Eden: 0K(2097664K)->0K(2097664K) From: 96K(349184K)->0K(349184K)
[239.545s][info][gc,heap        ] GC(1033) ParOldGen: 1129K(5592576K)->1132K(5592576K)
[239.545s][info][gc,metaspace   ] GC(1033) Metaspace: 640K(1024K)->640K(1024K) NonClass: 598K(832K)->598K(832K) Class: 42K(192K)->42K(192K)
[239.545s][info][gc             ] GC(1033) Pause Full (System.gc()) 1M->1M(7851M) 11.718ms
[239.545s][info][gc,cpu         ] GC(1033) User=0.01s Sys=0.00s Real=0.01s
[239.998s][info][gc,start       ] GC(1034) Pause Young (System.gc())
[239.999s][info][gc,heap        ] GC(1034) PSYoungGen: 41953K(2446848K)->96K(2446848K) Eden: 41953K(2097664K)->0K(2097664K) From: 0K(349184K)->96K(349184K)
[239.999s][info][gc,heap        ] GC(1034) ParOldGen: 1132K(5592576K)->1132K(5592576K)
[239.999s][info][gc,metaspace   ] GC(1034) Metaspace: 645K(1024K)->645K(1024K) NonClass: 601K(832K)->601K(832K) Class: 44K(192K)->44K(192K)
[239.999s][info][gc             ] GC(1034) Pause Young (System.gc()) 42M->1M(7851M) 0.683ms
[239.999s][info][gc,cpu         ] GC(1034) User=0.00s Sys=0.00s Real=0.00s
[239.999s][info][gc,start       ] GC(1035) Pause Full (System.gc())
[239.999s][info][gc,phases,start] GC(1035) Marking Phase
[240.003s][info][gc,phases      ] GC(1035) Marking Phase 4.042ms
[240.003s][info][gc,phases,start] GC(1035) Summary Phase
[240.003s][info][gc,phases      ] GC(1035) Summary Phase 0.074ms
[240.003s][info][gc,phases,start] GC(1035) Adjust Roots
[240.005s][info][gc,phases      ] GC(1035) Adjust Roots 1.817ms
[240.005s][info][gc,phases,start] GC(1035) Compaction Phase
[240.011s][info][gc,phases      ] GC(1035) Compaction Phase 5.380ms
[240.011s][info][gc,phases,start] GC(1035) Post Compact
[240.011s][info][gc,phases      ] GC(1035) Post Compact 0.626ms
[240.011s][info][gc,heap        ] GC(1035) PSYoungGen: 96K(2446848K)->0K(2446848K) Eden: 0K(2097664K)->0K(2097664K) From: 96K(349184K)->0K(349184K)
[240.011s][info][gc,heap        ] GC(1035) ParOldGen: 1132K(5592576K)->1134K(5592576K)
[240.011s][info][gc,metaspace   ] GC(1035) Metaspace: 645K(1024K)->645K(1024K) NonClass: 601K(832K)->601K(832K) Class: 44K(192K)->44K(192K)
[240.011s][info][gc             ] GC(1035) Pause Full (System.gc()) 1M->1M(7851M) 12.471ms
[240.011s][info][gc,cpu         ] GC(1035) User=0.01s Sys=0.00s Real=0.01s
[240.466s][info][gc,start       ] GC(1036) Pause Young (System.gc())
[240.467s][info][gc,heap        ] GC(1036) PSYoungGen: 83906K(2446848K)->160K(2446848K) Eden: 83906K(2097664K)->0K(2097664K) From: 0K(349184K)->160K(349184K)
[240.467s][info][gc,heap        ] GC(1036) ParOldGen: 1134K(5592576K)->1134K(5592576K)
[240.467s][info][gc,metaspace   ] GC(1036) Metaspace: 650K(1024K)->650K(1024K) NonClass: 604K(832K)->604K(832K) Class: 45K(192K)->45K(192K)
[240.467s][info][gc             ] GC(1036) Pause Young (System.gc()) 83M->1M(7851M) 0.380ms
[240.467s][info][gc,cpu         ] GC(1036) User=0.00s Sys=0.00s Real=0.00s
[240.467s][info][gc,start       ] GC(1037) Pause Full (System.gc())
[240.467s][info][gc,phases,start] GC(1037) Marking Phase
[240.469s][info][gc,phases      ] GC(1037) Marking Phase 2.699ms
[240.470s][info][gc,phases,start] GC(1037) Summary Phase
[240.470s][info][gc,phases      ] GC(1037) Summary Phase 0.022ms
[240.470s][info][gc,phases,start] GC(1037) Adjust Roots
[240.470s][info][gc,phases      ] GC(1037) Adjust Roots 0.743ms
[240.470s][info][gc,phases,start] GC(1037) Compaction Phase
[240.472s][info][gc,phases      ] GC(1037) Compaction Phase 1.258ms
[240.472s][info][gc,phases,start] GC(1037) Post Compact
[240.472s][info][gc,phases      ] GC(1037) Post Compact 0.532ms
[240.472s][info][gc,heap        ] GC(1037) PSYoungGen: 160K(2446848K)->0K(2446848K) Eden: 0K(2097664K)->0K(2097664K) From: 160K(349184K)->0K(349184K)
[240.472s][info][gc,heap        ] GC(1037) ParOldGen: 1134K(5592576K)->1137K(5592576K)
[240.472s][info][gc,metaspace   ] GC(1037) Metaspace: 650K(1024K)->650K(1024K) NonClass: 604K(832K)->604K(832K) Class: 45K(192K)->45K(192K)
[240.472s][info][gc             ] GC(1037) Pause Full (System.gc()) 1M->1M(7851M) 5.583ms
[240.472s][info][gc,cpu         ] GC(1037) User=0.01s Sys=0.00s Real=0.00s
[240.930s][info][gc,start       ] GC(1038) Pause Young (System.gc())
[240.930s][info][gc,heap        ] GC(1038) PSYoungGen: 41953K(2446848K)->96K(2446848K) Eden: 41953K(2097664K)->0K(2097664K) From: 0K(349184K)->96K(349184K)
[240.930s][info][gc,heap        ] GC(1038) ParOldGen: 1137K(5592576K)->1137K(5592576K)
[240.930s][info][gc,metaspace   ] GC(1038) Metaspace: 655K(1024K)->655K(1024K) NonClass: 607K(832K)->607K(832K) Class: 47K(192K)->47K(192K)
[240.930s][info][gc             ] GC(1038) Pause Young (System.gc()) 42M->1M(7851M) 0.713ms
[240.930s][info][gc,cpu         ] GC(1038) User=0.01s Sys=0.00s Real=0.00s
[240.930s][info][gc,start       ] GC(1039) Pause Full (System.gc())
[240.930s][info][gc,phases,start] GC(1039) Marking Phase
[240.936s][info][gc,phases      ] GC(1039) Marking Phase 5.275ms
[240.936s][info][gc,phases,start] GC(1039) Summary Phase
[240.936s][info][gc,phases      ] GC(1039) Summary Phase 0.029ms
[240.936s][info][gc,phases,start] GC(1039) Adjust Roots
[240.937s][info][gc,phases      ] GC(1039) Adjust Roots 1.208ms
[240.937s][info][gc,phases,start] GC(1039) Compaction Phase
[240.939s][info][gc,phases      ] GC(1039) Compaction Phase 1.814ms
[240.939s][info][gc,phases,start] GC(1039) Post Compact
[240.940s][info][gc,phases      ] GC(1039) Post Compact 0.694ms
[240.940s][info][gc,heap        ] GC(1039) PSYoungGen: 96K(2446848K)->0K(2446848K) Eden: 0K(2097664K)->0K(2097664K) From: 96K(349184K)->0K(349184K)
[240.940s][info][gc,heap        ] GC(1039) ParOldGen: 1137K(5592576K)->1136K(5592576K)
[240.940s][info][gc,metaspace   ] GC(1039) Metaspace: 655K(1024K)->651K(1024K) NonClass: 607K(832K)->606K(832K) Class: 47K(192K)->45K(192K)
[240.940s][info][gc             ] GC(1039) Pause Full (System.gc()) 1M->1M(7851M) 9.403ms
[240.940s][info][gc,cpu         ] GC(1039) User=0.01s Sys=0.00s Real=0.01s
[241.397s][info][gc,start       ] GC(1040) Pause Young (System.gc())
[241.397s][info][gc,heap        ] GC(1040) PSYoungGen: 41953K(2446848K)->96K(2446848K) Eden: 41953K(2097664K)->0K(2097664K) From: 0K(349184K)->96K(349184K)
[241.397s][info][gc,heap        ] GC(1040) ParOldGen: 1136K(5592576K)->1136K(5592576K)
[241.397s][info][gc,metaspace   ] GC(1040) Metaspace: 656K(1024K)->656K(1024K) NonClass: 609K(832K)->609K(832K) Class: 47K(192K)->47K(192K)
[241.397s][info][gc             ] GC(1040) Pause Young (System.gc()) 42M->1M(7851M) 0.559ms
[241.397s][info][gc,cpu         ] GC(1040) User=0.00s Sys=0.00s Real=0.00s
[241.398s][info][gc,start       ] GC(1041) Pause Full (System.gc())
[241.398s][info][gc,phases,start] GC(1041) Marking Phase
[241.403s][info][gc,phases      ] GC(1041) Marking Phase 5.457ms
[241.403s][info][gc,phases,start] GC(1041) Summary Phase
[241.403s][info][gc,phases      ] GC(1041) Summary Phase 0.031ms
[241.403s][info][gc,phases,start] GC(1041) Adjust Roots
[241.405s][info][gc,phases      ] GC(1041) Adjust Roots 1.325ms
[241.405s][info][gc,phases,start] GC(1041) Compaction Phase
[241.407s][info][gc,phases      ] GC(1041) Compaction Phase 2.710ms
[241.407s][info][gc,phases,start] GC(1041) Post Compact
[241.408s][info][gc,phases      ] GC(1041) Post Compact 0.776ms
[241.408s][info][gc,heap        ] GC(1041) PSYoungGen: 96K(2446848K)->0K(2446848K) Eden: 0K(2097664K)->0K(2097664K) From: 96K(349184K)->0K(349184K)
[241.408s][info][gc,heap        ] GC(1041) ParOldGen: 1136K(5592576K)->1138K(5592576K)
[241.408s][info][gc,metaspace   ] GC(1041) Metaspace: 656K(1024K)->655K(1024K) NonClass: 609K(832K)->609K(832K) Class: 47K(192K)->46K(192K)
[241.408s][info][gc             ] GC(1041) Pause Full (System.gc()) 1M->1M(7851M) 10.644ms
[241.408s][info][gc,cpu         ] GC(1041) User=0.02s Sys=0.00s Real=0.01s
[241.865s][info][gc,start       ] GC(1042) Pause Young (System.gc())
[241.866s][info][gc,heap        ] GC(1042) PSYoungGen: 41953K(2446848K)->96K(2446848K) Eden: 41953K(2097664K)->0K(2097664K) From: 0K(349184K)->96K(349184K)
[241.866s][info][gc,heap        ] GC(1042) ParOldGen: 1138K(5592576K)->1138K(5592576K)
[241.866s][info][gc,metaspace   ] GC(1042) Metaspace: 660K(1024K)->660K(1024K) NonClass: 612K(832K)->612K(832K) Class: 48K(192K)->48K(192K)
[241.866s][info][gc             ] GC(1042) Pause Young (System.gc()) 42M->1M(7851M) 0.663ms
[241.866s][info][gc,cpu         ] GC(1042) User=0.00s Sys=0.00s Real=0.00s
[241.866s][info][gc,start       ] GC(1043) Pause Full (System.gc())
[241.866s][info][gc,phases,start] GC(1043) Marking Phase
[241.871s][info][gc,phases      ] GC(1043) Marking Phase 5.444ms
[241.872s][info][gc,phases,start] GC(1043) Summary Phase
[241.872s][info][gc,phases      ] GC(1043) Summary Phase 0.026ms
[241.872s][info][gc,phases,start] GC(1043) Adjust Roots
[241.873s][info][gc,phases      ] GC(1043) Adjust Roots 1.210ms
[241.873s][info][gc,phases,start] GC(1043) Compaction Phase
[241.875s][info][gc,phases      ] GC(1043) Compaction Phase 2.660ms
[241.875s][info][gc,phases,start] GC(1043) Post Compact
[241.876s][info][gc,phases      ] GC(1043) Post Compact 0.704ms
[241.876s][info][gc,heap        ] GC(1043) PSYoungGen: 96K(2446848K)->0K(2446848K) Eden: 0K(2097664K)->0K(2097664K) From: 96K(349184K)->0K(349184K)
[241.876s][info][gc,heap        ] GC(1043) ParOldGen: 1138K(5592576K)->1140K(5592576K)
[241.876s][info][gc,metaspace   ] GC(1043) Metaspace: 660K(1024K)->660K(1024K) NonClass: 612K(832K)->611K(832K) Class: 48K(192K)->48K(192K)
[241.876s][info][gc             ] GC(1043) Pause Full (System.gc()) 1M->1M(7851M) 10.300ms
[241.876s][info][gc,cpu         ] GC(1043) User=0.02s Sys=0.01s Real=0.01s
[242.333s][info][gc,start       ] GC(1044) Pause Young (System.gc())
[242.333s][info][gc,heap        ] GC(1044) PSYoungGen: 41953K(2446848K)->128K(2446848K) Eden: 41953K(2097664K)->0K(2097664K) From: 0K(349184K)->128K(349184K)
[242.334s][info][gc,heap        ] GC(1044) ParOldGen: 1140K(5592576K)->1140K(5592576K)
[242.334s][info][gc,metaspace   ] GC(1044) Metaspace: 665K(1024K)->665K(1024K) NonClass: 615K(832K)->615K(832K) Class: 49K(192K)->49K(192K)
[242.334s][info][gc             ] GC(1044) Pause Young (System.gc()) 42M->1M(7851M) 0.517ms
[242.334s][info][gc,cpu         ] GC(1044) User=0.00s Sys=0.00s Real=0.00s
[242.334s][info][gc,start       ] GC(1045) Pause Full (System.gc())
[242.334s][info][gc,phases,start] GC(1045) Marking Phase
[242.340s][info][gc,phases      ] GC(1045) Marking Phase 5.960ms
[242.340s][info][gc,phases,start] GC(1045) Summary Phase
[242.340s][info][gc,phases      ] GC(1045) Summary Phase 0.025ms
[242.340s][info][gc,phases,start] GC(1045) Adjust Roots
[242.341s][info][gc,phases      ] GC(1045) Adjust Roots 1.179ms
[242.341s][info][gc,phases,start] GC(1045) Compaction Phase
[242.343s][info][gc,phases      ] GC(1045) Compaction Phase 1.848ms
[242.343s][info][gc,phases,start] GC(1045) Post Compact
[242.343s][info][gc,phases      ] GC(1045) Post Compact 0.634ms
[242.344s][info][gc,heap        ] GC(1045) PSYoungGen: 128K(2446848K)->0K(2446848K) Eden: 0K(2097664K)->0K(2097664K) From: 128K(349184K)->0K(349184K)
[242.344s][info][gc,heap        ] GC(1045) ParOldGen: 1140K(5592576K)->1142K(5592576K)
[242.344s][info][gc,metaspace   ] GC(1045) Metaspace: 665K(1024K)->664K(1024K) NonClass: 615K(832K)->614K(832K) Class: 49K(192K)->49K(192K)
[242.344s][info][gc             ] GC(1045) Pause Full (System.gc()) 1M->1M(7851M) 9.914ms
[242.344s][info][gc,cpu         ] GC(1045) User=0.02s Sys=0.00s Real=0.01s
[242.797s][info][gc,start       ] GC(1046) Pause Young (System.gc())
[242.798s][info][gc,heap        ] GC(1046) PSYoungGen: 41953K(2446848K)->96K(2446848K) Eden: 41953K(2097664K)->0K(2097664K) From: 0K(349184K)->96K(349184K)
[242.798s][info][gc,heap        ] GC(1046) ParOldGen: 1142K(5592576K)->1142K(5592576K)
[242.798s][info][gc,metaspace   ] GC(1046) Metaspace: 669K(1024K)->669K(1024K) NonClass: 617K(832K)->617K(832K) Class: 51K(192K)->51K(192K)
[242.798s][info][gc             ] GC(1046) Pause Young (System.gc()) 42M->1M(7851M) 0.583ms
[242.798s][info][gc,cpu         ] GC(1046) User=0.00s Sys=0.00s Real=0.00s
[242.798s][info][gc,start       ] GC(1047) Pause Full (System.gc())
[242.798s][info][gc,phases,start] GC(1047) Marking Phase
[242.803s][info][gc,phases      ] GC(1047) Marking Phase 5.106ms
[242.803s][info][gc,phases,start] GC(1047) Summary Phase
[242.803s][info][gc,phases      ] GC(1047) Summary Phase 0.028ms
[242.803s][info][gc,phases,start] GC(1047) Adjust Roots
[242.805s][info][gc,phases      ] GC(1047) Adjust Roots 1.291ms
[242.805s][info][gc,phases,start] GC(1047) Compaction Phase
[242.807s][info][gc,phases      ] GC(1047) Compaction Phase 1.825ms
[242.807s][info][gc,phases,start] GC(1047) Post Compact
[242.807s][info][gc,phases      ] GC(1047) Post Compact 0.617ms
[242.807s][info][gc,heap        ] GC(1047) PSYoungGen: 96K(2446848K)->0K(2446848K) Eden: 0K(2097664K)->0K(2097664K) From: 96K(349184K)->0K(349184K)
[242.807s][info][gc,heap        ] GC(1047) ParOldGen: 1142K(5592576K)->1144K(5592576K)
[242.807s][info][gc,metaspace   ] GC(1047) Metaspace: 669K(1024K)->668K(1024K) NonClass: 617K(832K)->617K(832K) Class: 51K(192K)->50K(192K)
[242.807s][info][gc             ] GC(1047) Pause Full (System.gc()) 1M->1M(7851M) 9.160ms
[242.807s][info][gc,cpu         ] GC(1047) User=0.02s Sys=0.00s Real=0.01s
[243.264s][info][gc,start       ] GC(1048) Pause Young (System.gc())
[243.265s][info][gc,heap        ] GC(1048) PSYoungGen: 41953K(2446848K)->160K(2446848K) Eden: 41953K(2097664K)->0K(2097664K) From: 0K(349184K)->160K(349184K)
[243.265s][info][gc,heap        ] GC(1048) ParOldGen: 1144K(5592576K)->1144K(5592576K)
[243.265s][info][gc,metaspace   ] GC(1048) Metaspace: 673K(1024K)->673K(1024K) NonClass: 620K(832K)->620K(832K) Class: 52K(192K)->52K(192K)
[243.265s][info][gc             ] GC(1048) Pause Young (System.gc()) 42M->1M(7851M) 0.586ms
[243.265s][info][gc,cpu         ] GC(1048) User=0.00s Sys=0.00s Real=0.00s
[243.265s][info][gc,start       ] GC(1049) Pause Full (System.gc())
[243.265s][info][gc,phases,start] GC(1049) Marking Phase
[243.271s][info][gc,phases      ] GC(1049) Marking Phase 5.940ms
[243.271s][info][gc,phases,start] GC(1049) Summary Phase
[243.271s][info][gc,phases      ] GC(1049) Summary Phase 0.024ms
[243.271s][info][gc,phases,start] GC(1049) Adjust Roots
[243.273s][info][gc,phases      ] GC(1049) Adjust Roots 1.577ms
[243.273s][info][gc,phases,start] GC(1049) Compaction Phase
[243.274s][info][gc,phases      ] GC(1049) Compaction Phase 1.574ms
[243.274s][info][gc,phases,start] GC(1049) Post Compact
[243.275s][info][gc,phases      ] GC(1049) Post Compact 0.616ms
[243.275s][info][gc,heap        ] GC(1049) PSYoungGen: 160K(2446848K)->0K(2446848K) Eden: 0K(2097664K)->0K(2097664K) From: 160K(349184K)->0K(349184K)
[243.275s][info][gc,heap        ] GC(1049) ParOldGen: 1144K(5592576K)->1146K(5592576K)
[243.275s][info][gc,metaspace   ] GC(1049) Metaspace: 673K(1024K)->672K(1024K) NonClass: 620K(832K)->620K(832K) Class: 52K(192K)->51K(192K)
[243.275s][info][gc             ] GC(1049) Pause Full (System.gc()) 1M->1M(7851M) 9.991ms
[243.275s][info][gc,cpu         ] GC(1049) User=0.01s Sys=0.00s Real=0.01s
[243.731s][info][gc,start       ] GC(1050) Pause Young (System.gc())
[243.732s][info][gc,heap        ] GC(1050) PSYoungGen: 41953K(2446848K)->96K(2446848K) Eden: 41953K(2097664K)->0K(2097664K) From: 0K(349184K)->96K(349184K)
[243.732s][info][gc,heap        ] GC(1050) ParOldGen: 1146K(5592576K)->1146K(5592576K)
[243.732s][info][gc,metaspace   ] GC(1050) Metaspace: 677K(1024K)->677K(1024K) NonClass: 623K(832K)->623K(832K) Class: 53K(192K)->53K(192K)
[243.732s][info][gc             ] GC(1050) Pause Young (System.gc()) 42M->1M(7851M) 0.389ms
[243.732s][info][gc,cpu         ] GC(1050) User=0.00s Sys=0.00s Real=0.00s
[243.732s][info][gc,start       ] GC(1051) Pause Full (System.gc())
[243.732s][info][gc,phases,start] GC(1051) Marking Phase
[243.736s][info][gc,phases      ] GC(1051) Marking Phase 4.057ms
[243.736s][info][gc,phases,start] GC(1051) Summary Phase
[243.736s][info][gc,phases      ] GC(1051) Summary Phase 0.015ms
[243.736s][info][gc,phases,start] GC(1051) Adjust Roots
[243.737s][info][gc,phases      ] GC(1051) Adjust Roots 0.796ms
[243.737s][info][gc,phases,start] GC(1051) Compaction Phase
[243.738s][info][gc,phases      ] GC(1051) Compaction Phase 1.299ms
[243.738s][info][gc,phases,start] GC(1051) Post Compact
[243.738s][info][gc,phases      ] GC(1051) Post Compact 0.530ms
[243.738s][info][gc,heap        ] GC(1051) PSYoungGen: 96K(2446848K)->0K(2446848K) Eden: 0K(2097664K)->0K(2097664K) From: 96K(349184K)->0K(349184K)
[243.738s][info][gc,heap        ] GC(1051) ParOldGen: 1146K(5592576K)->1148K(5592576K)
[243.739s][info][gc,metaspace   ] GC(1051) Metaspace: 677K(1024K)->676K(1024K) NonClass: 623K(832K)->623K(832K) Class: 53K(192K)->53K(192K)
[243.739s][info][gc             ] GC(1051) Pause Full (System.gc()) 1M->1M(7851M) 6.890ms
[243.739s][info][gc,cpu         ] GC(1051) User=0.01s Sys=0.00s Real=0.01s
[244.193s][info][gc,start       ] GC(1052) Pause Young (System.gc())
[244.193s][info][gc,heap        ] GC(1052) PSYoungGen: 41953K(2446848K)->128K(2446848K) Eden: 41953K(2097664K)->0K(2097664K) From: 0K(349184K)->128K(349184K)
[244.193s][info][gc,heap        ] GC(1052) ParOldGen: 1148K(5592576K)->1148K(5592576K)
[244.193s][info][gc,metaspace   ] GC(1052) Metaspace: 681K(1024K)->681K(1024K) NonClass: 626K(832K)->626K(832K) Class: 54K(192K)->54K(192K)
[244.193s][info][gc             ] GC(1052) Pause Young (System.gc()) 42M->1M(7851M) 0.537ms
[244.193s][info][gc,cpu         ] GC(1052) User=0.00s Sys=0.00s Real=0.00s
[244.194s][info][gc,start       ] GC(1053) Pause Full (System.gc())
[244.194s][info][gc,phases,start] GC(1053) Marking Phase
[244.198s][info][gc,phases      ] GC(1053) Marking Phase 4.685ms
[244.198s][info][gc,phases,start] GC(1053) Summary Phase
[244.198s][info][gc,phases      ] GC(1053) Summary Phase 0.020ms
[244.198s][info][gc,phases,start] GC(1053) Adjust Roots
[244.199s][info][gc,phases      ] GC(1053) Adjust Roots 0.831ms
[244.199s][info][gc,phases,start] GC(1053) Compaction Phase
[244.200s][info][gc,phases      ] GC(1053) Compaction Phase 1.341ms
[244.201s][info][gc,phases,start] GC(1053) Post Compact
[244.201s][info][gc,phases      ] GC(1053) Post Compact 0.568ms
[244.201s][info][gc,heap        ] GC(1053) PSYoungGen: 128K(2446848K)->0K(2446848K) Eden: 0K(2097664K)->0K(2097664K) From: 128K(349184K)->0K(349184K)
[244.201s][info][gc,heap        ] GC(1053) ParOldGen: 1148K(5592576K)->1150K(5592576K)
[244.201s][info][gc,metaspace   ] GC(1053) Metaspace: 681K(1024K)->680K(1024K) NonClass: 626K(832K)->626K(832K) Class: 54K(192K)->54K(192K)
[244.201s][info][gc             ] GC(1053) Pause Full (System.gc()) 1M->1M(7851M) 7.652ms
[244.201s][info][gc,cpu         ] GC(1053) User=0.01s Sys=0.01s Real=0.00s
[244.654s][info][gc,start       ] GC(1054) Pause Young (System.gc())
[244.655s][info][gc,heap        ] GC(1054) PSYoungGen: 41953K(2446848K)->160K(2446848K) Eden: 41953K(2097664K)->0K(2097664K) From: 0K(349184K)->160K(349184K)
[244.655s][info][gc,heap        ] GC(1054) ParOldGen: 1150K(5592576K)->1150K(5592576K)
[244.655s][info][gc,metaspace   ] GC(1054) Metaspace: 685K(1024K)->685K(1024K) NonClass: 629K(832K)->629K(832K) Class: 56K(192K)->56K(192K)
[244.655s][info][gc             ] GC(1054) Pause Young (System.gc()) 42M->1M(7851M) 0.412ms
[244.655s][info][gc,cpu         ] GC(1054) User=0.00s Sys=0.00s Real=0.00s
[244.655s][info][gc,start       ] GC(1055) Pause Full (System.gc())
[244.655s][info][gc,phases,start] GC(1055) Marking Phase
[244.658s][info][gc,phases      ] GC(1055) Marking Phase 3.316ms
[244.658s][info][gc,phases,start] GC(1055) Summary Phase
[244.658s][info][gc,phases      ] GC(1055) Summary Phase 0.013ms
[244.658s][info][gc,phases,start] GC(1055) Adjust Roots
[244.659s][info][gc,phases      ] GC(1055) Adjust Roots 0.814ms
[244.659s][info][gc,phases,start] GC(1055) Compaction Phase
[244.661s][info][gc,phases      ] GC(1055) Compaction Phase 2.020ms
[244.661s][info][gc,phases,start] GC(1055) Post Compact
[244.662s][info][gc,phases      ] GC(1055) Post Compact 0.897ms
[244.662s][info][gc,heap        ] GC(1055) PSYoungGen: 160K(2446848K)->0K(2446848K) Eden: 0K(2097664K)->0K(2097664K) From: 160K(349184K)->0K(349184K)
[244.662s][info][gc,heap        ] GC(1055) ParOldGen: 1150K(5592576K)->1152K(5592576K)
[244.662s][info][gc,metaspace   ] GC(1055) Metaspace: 685K(1024K)->684K(1024K) NonClass: 629K(832K)->628K(832K) Class: 56K(192K)->55K(192K)
[244.662s][info][gc             ] GC(1055) Pause Full (System.gc()) 1M->1M(7851M) 7.304ms
[244.662s][info][gc,cpu         ] GC(1055) User=0.01s Sys=0.00s Real=0.00s
[245.114s][info][gc,start       ] GC(1056) Pause Young (System.gc())
[245.115s][info][gc,heap        ] GC(1056) PSYoungGen: 41953K(2446848K)->96K(2446848K) Eden: 41953K(2097664K)->0K(2097664K) From: 0K(349184K)->96K(349184K)
[245.115s][info][gc,heap        ] GC(1056) ParOldGen: 1152K(5592576K)->1152K(5592576K)
[245.115s][info][gc,metaspace   ] GC(1056) Metaspace: 689K(1024K)->689K(1024K) NonClass: 632K(832K)->632K(832K) Class: 57K(192K)->57K(192K)
[245.115s][info][gc             ] GC(1056) Pause Young (System.gc()) 42M->1M(7851M) 0.504ms
[245.115s][info][gc,cpu         ] GC(1056) User=0.00s Sys=0.00s Real=0.00s
[245.115s][info][gc,start       ] GC(1057) Pause Full (System.gc())
[245.115s][info][gc,phases,start] GC(1057) Marking Phase
[245.118s][info][gc,phases      ] GC(1057) Marking Phase 3.523ms
[245.118s][info][gc,phases,start] GC(1057) Summary Phase
[245.118s][info][gc,phases      ] GC(1057) Summary Phase 0.021ms
[245.118s][info][gc,phases,start] GC(1057) Adjust Roots
[245.119s][info][gc,phases      ] GC(1057) Adjust Roots 0.784ms
[245.119s][info][gc,phases,start] GC(1057) Compaction Phase
[245.121s][info][gc,phases      ] GC(1057) Compaction Phase 1.385ms
[245.121s][info][gc,phases,start] GC(1057) Post Compact
[245.121s][info][gc,phases      ] GC(1057) Post Compact 0.540ms
[245.121s][info][gc,heap        ] GC(1057) PSYoungGen: 96K(2446848K)->0K(2446848K) Eden: 0K(2097664K)->0K(2097664K) From: 96K(349184K)->0K(349184K)
[245.121s][info][gc,heap        ] GC(1057) ParOldGen: 1152K(5592576K)->1154K(5592576K)
[245.121s][info][gc,metaspace   ] GC(1057) Metaspace: 689K(1024K)->688K(1024K) NonClass: 632K(832K)->631K(832K) Class: 57K(192K)->56K(192K)
[245.121s][info][gc             ] GC(1057) Pause Full (System.gc()) 1M->1M(7851M) 6.501ms
[245.121s][info][gc,cpu         ] GC(1057) User=0.01s Sys=0.00s Real=0.00s
[245.575s][info][gc,start       ] GC(1058) Pause Young (System.gc())
[245.576s][info][gc,heap        ] GC(1058) PSYoungGen: 41953K(2446848K)->160K(2446848K) Eden: 41953K(2097664K)->0K(2097664K) From: 0K(349184K)->160K(349184K)
[245.576s][info][gc,heap        ] GC(1058) ParOldGen: 1154K(5592576K)->1154K(5592576K)
[245.576s][info][gc,metaspace   ] GC(1058) Metaspace: 693K(1024K)->693K(1024K) NonClass: 634K(832K)->634K(832K) Class: 58K(192K)->58K(192K)
[245.576s][info][gc             ] GC(1058) Pause Young (System.gc()) 42M->1M(7851M) 0.644ms
[245.576s][info][gc,cpu         ] GC(1058) User=0.00s Sys=0.00s Real=0.00s
[245.576s][info][gc,start       ] GC(1059) Pause Full (System.gc())
[245.576s][info][gc,phases,start] GC(1059) Marking Phase
[245.580s][info][gc,phases      ] GC(1059) Marking Phase 3.941ms
[245.580s][info][gc,phases,start] GC(1059) Summary Phase
[245.580s][info][gc,phases      ] GC(1059) Summary Phase 0.039ms
[245.581s][info][gc,phases,start] GC(1059) Adjust Roots
[245.583s][info][gc,phases      ] GC(1059) Adjust Roots 2.064ms
[245.583s][info][gc,phases,start] GC(1059) Compaction Phase
[245.584s][info][gc,phases      ] GC(1059) Compaction Phase 1.803ms
[245.585s][info][gc,phases,start] GC(1059) Post Compact
[245.585s][info][gc,phases      ] GC(1059) Post Compact 0.651ms
[245.585s][info][gc,heap        ] GC(1059) PSYoungGen: 160K(2446848K)->0K(2446848K) Eden: 0K(2097664K)->0K(2097664K) From: 160K(349184K)->0K(349184K)
[245.585s][info][gc,heap        ] GC(1059) ParOldGen: 1154K(5592576K)->1157K(5592576K)
[245.585s][info][gc,metaspace   ] GC(1059) Metaspace: 693K(1024K)->693K(1024K) NonClass: 634K(832K)->634K(832K) Class: 58K(192K)->58K(192K)
[245.585s][info][gc             ] GC(1059) Pause Full (System.gc()) 1M->1M(7851M) 9.185ms
[245.585s][info][gc,cpu         ] GC(1059) User=0.01s Sys=0.00s Real=0.01s
[246.041s][info][gc,start       ] GC(1060) Pause Young (System.gc())
[246.041s][info][gc,heap        ] GC(1060) PSYoungGen: 41953K(2446848K)->128K(2446848K) Eden: 41953K(2097664K)->0K(2097664K) From: 0K(349184K)->128K(349184K)
[246.041s][info][gc,heap        ] GC(1060) ParOldGen: 1157K(5592576K)->1157K(5592576K)
[246.041s][info][gc,metaspace   ] GC(1060) Metaspace: 698K(1024K)->698K(1024K) NonClass: 638K(832K)->638K(832K) Class: 60K(192K)->60K(192K)
[246.041s][info][gc             ] GC(1060) Pause Young (System.gc()) 42M->1M(7851M) 0.676ms
[246.041s][info][gc,cpu         ] GC(1060) User=0.00s Sys=0.01s Real=0.00s
[246.041s][info][gc,start       ] GC(1061) Pause Full (System.gc())
[246.041s][info][gc,phases,start] GC(1061) Marking Phase
[246.047s][info][gc,phases      ] GC(1061) Marking Phase 5.548ms
[246.047s][info][gc,phases,start] GC(1061) Summary Phase
[246.047s][info][gc,phases      ] GC(1061) Summary Phase 0.032ms
[246.047s][info][gc,phases,start] GC(1061) Adjust Roots
[246.049s][info][gc,phases      ] GC(1061) Adjust Roots 1.907ms
[246.049s][info][gc,phases,start] GC(1061) Compaction Phase
[246.051s][info][gc,phases      ] GC(1061) Compaction Phase 1.785ms
[246.051s][info][gc,phases,start] GC(1061) Post Compact
[246.052s][info][gc,phases      ] GC(1061) Post Compact 0.675ms
[246.052s][info][gc,heap        ] GC(1061) PSYoungGen: 128K(2446848K)->0K(2446848K) Eden: 0K(2097664K)->0K(2097664K) From: 128K(349184K)->0K(349184K)
[246.052s][info][gc,heap        ] GC(1061) ParOldGen: 1157K(5592576K)->1158K(5592576K)
[246.052s][info][gc,metaspace   ] GC(1061) Metaspace: 698K(1024K)->696K(1024K) NonClass: 638K(832K)->637K(832K) Class: 60K(192K)->59K(192K)
[246.052s][info][gc             ] GC(1061) Pause Full (System.gc()) 1M->1M(7851M) 10.312ms
[246.052s][info][gc,cpu         ] GC(1061) User=0.02s Sys=0.00s Real=0.01s
[246.507s][info][gc,start       ] GC(1062) Pause Young (System.gc())
[246.507s][info][gc,heap        ] GC(1062) PSYoungGen: 41953K(2446848K)->128K(2446848K) Eden: 41953K(2097664K)->0K(2097664K) From: 0K(349184K)->128K(349184K)
[246.507s][info][gc,heap        ] GC(1062) ParOldGen: 1158K(5592576K)->1158K(5592576K)
[246.507s][info][gc,metaspace   ] GC(1062) Metaspace: 701K(1024K)->701K(1024K) NonClass: 640K(832K)->640K(832K) Class: 61K(192K)->61K(192K)
[246.507s][info][gc             ] GC(1062) Pause Young (System.gc()) 42M->1M(7851M) 0.475ms
[246.507s][info][gc,cpu         ] GC(1062) User=0.00s Sys=0.00s Real=0.00s
[246.507s][info][gc,start       ] GC(1063) Pause Full (System.gc())
[246.507s][info][gc,phases,start] GC(1063) Marking Phase
[246.511s][info][gc,phases      ] GC(1063) Marking Phase 4.274ms
[246.511s][info][gc,phases,start] GC(1063) Summary Phase
[246.511s][info][gc,phases      ] GC(1063) Summary Phase 0.030ms
[246.511s][info][gc,phases,start] GC(1063) Adjust Roots
[246.513s][info][gc,phases      ] GC(1063) Adjust Roots 1.165ms
[246.513s][info][gc,phases,start] GC(1063) Compaction Phase
[246.515s][info][gc,phases      ] GC(1063) Compaction Phase 2.224ms
[246.515s][info][gc,phases,start] GC(1063) Post Compact
[246.516s][info][gc,phases      ] GC(1063) Post Compact 1.240ms
[246.516s][info][gc,heap        ] GC(1063) PSYoungGen: 128K(2446848K)->0K(2446848K) Eden: 0K(2097664K)->0K(2097664K) From: 128K(349184K)->0K(349184K)
[246.516s][info][gc,heap        ] GC(1063) ParOldGen: 1158K(5592576K)->1137K(5592576K)
[246.516s][info][gc,metaspace   ] GC(1063) Metaspace: 701K(1024K)->659K(1024K) NonClass: 640K(832K)->616K(832K) Class: 61K(192K)->43K(192K)
[246.516s][info][gc             ] GC(1063) Pause Full (System.gc()) 1M->1M(7851M) 9.308ms
[246.516s][info][gc,cpu         ] GC(1063) User=0.02s Sys=0.00s Real=0.01s
[246.974s][info][gc,start       ] GC(1064) Pause Young (System.gc())
[246.974s][info][gc,heap        ] GC(1064) PSYoungGen: 41953K(2446848K)->160K(2446848K) Eden: 41953K(2097664K)->0K(2097664K) From: 0K(349184K)->160K(349184K)
[246.974s][info][gc,heap        ] GC(1064) ParOldGen: 1137K(5592576K)->1137K(5592576K)
[246.974s][info][gc,metaspace   ] GC(1064) Metaspace: 664K(1024K)->664K(1024K) NonClass: 619K(832K)->619K(832K) Class: 45K(192K)->45K(192K)
[246.974s][info][gc             ] GC(1064) Pause Young (System.gc()) 42M->1M(7851M) 0.585ms
[246.974s][info][gc,cpu         ] GC(1064) User=0.00s Sys=0.00s Real=0.00s
[246.974s][info][gc,start       ] GC(1065) Pause Full (System.gc())
[246.974s][info][gc,phases,start] GC(1065) Marking Phase
[246.979s][info][gc,phases      ] GC(1065) Marking Phase 5.018ms
[246.979s][info][gc,phases,start] GC(1065) Summary Phase
[246.979s][info][gc,phases      ] GC(1065) Summary Phase 0.025ms
[246.979s][info][gc,phases,start] GC(1065) Adjust Roots
[246.980s][info][gc,phases      ] GC(1065) Adjust Roots 0.832ms
[246.980s][info][gc,phases,start] GC(1065) Compaction Phase
[246.982s][info][gc,phases      ] GC(1065) Compaction Phase 1.488ms
[246.982s][info][gc,phases,start] GC(1065) Post Compact
[246.982s][info][gc,phases      ] GC(1065) Post Compact 0.510ms
[246.982s][info][gc,heap        ] GC(1065) PSYoungGen: 160K(2446848K)->0K(2446848K) Eden: 0K(2097664K)->0K(2097664K) From: 160K(349184K)->0K(349184K)
[246.982s][info][gc,heap        ] GC(1065) ParOldGen: 1137K(5592576K)->1138K(5592576K)
[246.982s][info][gc,metaspace   ] GC(1065) Metaspace: 664K(1024K)->661K(1024K) NonClass: 619K(832K)->617K(832K) Class: 45K(192K)->44K(192K)
[246.982s][info][gc             ] GC(1065) Pause Full (System.gc()) 1M->1M(7851M) 8.075ms
[246.982s][info][gc,cpu         ] GC(1065) User=0.01s Sys=0.00s Real=0.00s
[247.439s][info][gc,start       ] GC(1066) Pause Young (System.gc())
[247.440s][info][gc,heap        ] GC(1066) PSYoungGen: 41953K(2446848K)->96K(2446848K) Eden: 41953K(2097664K)->0K(2097664K) From: 0K(349184K)->96K(349184K)
[247.440s][info][gc,heap        ] GC(1066) ParOldGen: 1138K(5592576K)->1138K(5592576K)
[247.440s][info][gc,metaspace   ] GC(1066) Metaspace: 666K(1024K)->666K(1024K) NonClass: 621K(832K)->621K(832K) Class: 45K(192K)->45K(192K)
[247.440s][info][gc             ] GC(1066) Pause Young (System.gc()) 42M->1M(7851M) 0.433ms
[247.440s][info][gc,cpu         ] GC(1066) User=0.00s Sys=0.00s Real=0.00s
[247.440s][info][gc,start       ] GC(1067) Pause Full (System.gc())
[247.440s][info][gc,phases,start] GC(1067) Marking Phase
[247.443s][info][gc,phases      ] GC(1067) Marking Phase 2.831ms
[247.443s][info][gc,phases,start] GC(1067) Summary Phase
[247.443s][info][gc,phases      ] GC(1067) Summary Phase 0.020ms
[247.443s][info][gc,phases,start] GC(1067) Adjust Roots
[247.445s][info][gc,phases      ] GC(1067) Adjust Roots 1.945ms
[247.445s][info][gc,phases,start] GC(1067) Compaction Phase
[247.448s][info][gc,phases      ] GC(1067) Compaction Phase 2.778ms
[247.448s][info][gc,phases,start] GC(1067) Post Compact
[247.448s][info][gc,phases      ] GC(1067) Post Compact 0.646ms
[247.448s][info][gc,heap        ] GC(1067) PSYoungGen: 96K(2446848K)->0K(2446848K) Eden: 0K(2097664K)->0K(2097664K) From: 96K(349184K)->0K(349184K)
[247.448s][info][gc,heap        ] GC(1067) ParOldGen: 1138K(5592576K)->1141K(5592576K)
[247.449s][info][gc,metaspace   ] GC(1067) Metaspace: 666K(1024K)->666K(1024K) NonClass: 621K(832K)->621K(832K) Class: 45K(192K)->45K(192K)
[247.449s][info][gc             ] GC(1067) Pause Full (System.gc()) 1M->1M(7851M) 8.925ms
[247.449s][info][gc,cpu         ] GC(1067) User=0.01s Sys=0.00s Real=0.01s
[247.906s][info][gc,start       ] GC(1068) Pause Young (System.gc())
[247.906s][info][gc,heap        ] GC(1068) PSYoungGen: 41953K(2446848K)->96K(2446848K) Eden: 41953K(2097664K)->0K(2097664K) From: 0K(349184K)->96K(349184K)
[247.906s][info][gc,heap        ] GC(1068) ParOldGen: 1141K(5592576K)->1141K(5592576K)
[247.906s][info][gc,metaspace   ] GC(1068) Metaspace: 671K(1024K)->671K(1024K) NonClass: 624K(832K)->624K(832K) Class: 47K(192K)->47K(192K)
[247.906s][info][gc             ] GC(1068) Pause Young (System.gc()) 42M->1M(7851M) 0.611ms
[247.906s][info][gc,cpu         ] GC(1068) User=0.00s Sys=0.00s Real=0.00s
[247.906s][info][gc,start       ] GC(1069) Pause Full (System.gc())
[247.907s][info][gc,phases,start] GC(1069) Marking Phase
[247.910s][info][gc,phases      ] GC(1069) Marking Phase 3.628ms
[247.914s][info][gc,phases,start] GC(1069) Summary Phase
[247.914s][info][gc,phases      ] GC(1069) Summary Phase 0.043ms
[247.914s][info][gc,phases,start] GC(1069) Adjust Roots
[247.915s][info][gc,phases      ] GC(1069) Adjust Roots 1.412ms
[247.915s][info][gc,phases,start] GC(1069) Compaction Phase
[247.917s][info][gc,phases      ] GC(1069) Compaction Phase 2.035ms
[247.917s][info][gc,phases,start] GC(1069) Post Compact
[247.918s][info][gc,phases      ] GC(1069) Post Compact 0.526ms
[247.918s][info][gc,heap        ] GC(1069) PSYoungGen: 96K(2446848K)->0K(2446848K) Eden: 0K(2097664K)->0K(2097664K) From: 96K(349184K)->0K(349184K)
[247.918s][info][gc,heap        ] GC(1069) ParOldGen: 1141K(5592576K)->1144K(5592576K)
[247.918s][info][gc,metaspace   ] GC(1069) Metaspace: 671K(1024K)->671K(1024K) NonClass: 624K(832K)->624K(832K) Class: 47K(192K)->47K(192K)
[247.918s][info][gc             ] GC(1069) Pause Full (System.gc()) 1M->1M(7851M) 11.454ms
[247.918s][info][gc,cpu         ] GC(1069) User=0.01s Sys=0.00s Real=0.01s
[248.373s][info][gc,start       ] GC(1070) Pause Young (System.gc())
[248.373s][info][gc,heap        ] GC(1070) PSYoungGen: 41953K(2446848K)->128K(2446848K) Eden: 41953K(2097664K)->0K(2097664K) From: 0K(349184K)->128K(349184K)
[248.374s][info][gc,heap        ] GC(1070) ParOldGen: 1144K(5592576K)->1144K(5592576K)
[248.374s][info][gc,metaspace   ] GC(1070) Metaspace: 676K(1024K)->676K(1024K) NonClass: 627K(832K)->627K(832K) Class: 49K(192K)->49K(192K)
[248.374s][info][gc             ] GC(1070) Pause Young (System.gc()) 42M->1M(7851M) 0.482ms
[248.374s][info][gc,cpu         ] GC(1070) User=0.01s Sys=0.00s Real=0.00s
[248.374s][info][gc,start       ] GC(1071) Pause Full (System.gc())
[248.374s][info][gc,phases,start] GC(1071) Marking Phase
[248.378s][info][gc,phases      ] GC(1071) Marking Phase 4.144ms
[248.378s][info][gc,phases,start] GC(1071) Summary Phase
[248.378s][info][gc,phases      ] GC(1071) Summary Phase 0.027ms
[248.378s][info][gc,phases,start] GC(1071) Adjust Roots
[248.379s][info][gc,phases      ] GC(1071) Adjust Roots 1.158ms
[248.379s][info][gc,phases,start] GC(1071) Compaction Phase
[248.382s][info][gc,phases      ] GC(1071) Compaction Phase 2.686ms
[248.382s][info][gc,phases,start] GC(1071) Post Compact
[248.383s][info][gc,phases      ] GC(1071) Post Compact 0.824ms
[248.383s][info][gc,heap        ] GC(1071) PSYoungGen: 128K(2446848K)->0K(2446848K) Eden: 0K(2097664K)->0K(2097664K) From: 128K(349184K)->0K(349184K)
[248.383s][info][gc,heap        ] GC(1071) ParOldGen: 1144K(5592576K)->1147K(5592576K)
[248.383s][info][gc,metaspace   ] GC(1071) Metaspace: 676K(1024K)->676K(1024K) NonClass: 627K(832K)->627K(832K) Class: 49K(192K)->49K(192K)
[248.383s][info][gc             ] GC(1071) Pause Full (System.gc()) 1M->1M(7851M) 9.130ms
[248.383s][info][gc,cpu         ] GC(1071) User=0.01s Sys=0.00s Real=0.01s
[248.840s][info][gc,start       ] GC(1072) Pause Young (System.gc())
[248.840s][info][gc,heap        ] GC(1072) PSYoungGen: 41953K(2446848K)->128K(2446848K) Eden: 41953K(2097664K)->0K(2097664K) From: 0K(349184K)->128K(349184K)
[248.840s][info][gc,heap        ] GC(1072) ParOldGen: 1147K(5592576K)->1147K(5592576K)
[248.840s][info][gc,metaspace   ] GC(1072) Metaspace: 681K(1024K)->681K(1024K) NonClass: 630K(832K)->630K(832K) Class: 50K(192K)->50K(192K)
[248.840s][info][gc             ] GC(1072) Pause Young (System.gc()) 42M->1M(7851M) 0.576ms
[248.840s][info][gc,cpu         ] GC(1072) User=0.00s Sys=0.00s Real=0.00s
[248.841s][info][gc,start       ] GC(1073) Pause Full (System.gc())
[248.841s][info][gc,phases,start] GC(1073) Marking Phase
[248.844s][info][gc,phases      ] GC(1073) Marking Phase 3.652ms
[248.844s][info][gc,phases,start] GC(1073) Summary Phase
[248.844s][info][gc,phases      ] GC(1073) Summary Phase 0.029ms
[248.844s][info][gc,phases,start] GC(1073) Adjust Roots
[248.845s][info][gc,phases      ] GC(1073) Adjust Roots 1.114ms
[248.846s][info][gc,phases,start] GC(1073) Compaction Phase
[248.848s][info][gc,phases      ] GC(1073) Compaction Phase 2.772ms
[248.848s][info][gc,phases,start] GC(1073) Post Compact
[248.849s][info][gc,phases      ] GC(1073) Post Compact 0.830ms
[248.849s][info][gc,heap        ] GC(1073) PSYoungGen: 128K(2446848K)->0K(2446848K) Eden: 0K(2097664K)->0K(2097664K) From: 128K(349184K)->0K(349184K)
[248.849s][info][gc,heap        ] GC(1073) ParOldGen: 1147K(5592576K)->1150K(5592576K)
[248.849s][info][gc,metaspace   ] GC(1073) Metaspace: 681K(1024K)->681K(1024K) NonClass: 630K(832K)->630K(832K) Class: 50K(192K)->50K(192K)
[248.849s][info][gc             ] GC(1073) Pause Full (System.gc()) 1M->1M(7851M) 8.719ms
[248.849s][info][gc,cpu         ] GC(1073) User=0.02s Sys=0.00s Real=0.01s
[249.306s][info][gc,start       ] GC(1074) Pause Young (System.gc())
[249.306s][info][gc,heap        ] GC(1074) PSYoungGen: 41953K(2446848K)->96K(2446848K) Eden: 41953K(2097664K)->0K(2097664K) From: 0K(349184K)->96K(349184K)
[249.306s][info][gc,heap        ] GC(1074) ParOldGen: 1150K(5592576K)->1150K(5592576K)
[249.306s][info][gc,metaspace   ] GC(1074) Metaspace: 686K(1024K)->686K(1024K) NonClass: 634K(832K)->634K(832K) Class: 52K(192K)->52K(192K)
[249.306s][info][gc             ] GC(1074) Pause Young (System.gc()) 42M->1M(7851M) 0.398ms
[249.306s][info][gc,cpu         ] GC(1074) User=0.00s Sys=0.00s Real=0.00s
[249.306s][info][gc,start       ] GC(1075) Pause Full (System.gc())
[249.306s][info][gc,phases,start] GC(1075) Marking Phase
[249.311s][info][gc,phases      ] GC(1075) Marking Phase 4.366ms
[249.311s][info][gc,phases,start] GC(1075) Summary Phase
[249.311s][info][gc,phases      ] GC(1075) Summary Phase 0.019ms
[249.311s][info][gc,phases,start] GC(1075) Adjust Roots
[249.312s][info][gc,phases      ] GC(1075) Adjust Roots 0.929ms
[249.312s][info][gc,phases,start] GC(1075) Compaction Phase
[249.313s][info][gc,phases      ] GC(1075) Compaction Phase 1.589ms
[249.313s][info][gc,phases,start] GC(1075) Post Compact
[249.314s][info][gc,phases      ] GC(1075) Post Compact 0.724ms
[249.314s][info][gc,heap        ] GC(1075) PSYoungGen: 96K(2446848K)->0K(2446848K) Eden: 0K(2097664K)->0K(2097664K) From: 96K(349184K)->0K(349184K)
[249.314s][info][gc,heap        ] GC(1075) ParOldGen: 1150K(5592576K)->1143K(5592576K)
[249.314s][info][gc,metaspace   ] GC(1075) Metaspace: 686K(1024K)->673K(1024K) NonClass: 634K(832K)->626K(832K) Class: 52K(192K)->46K(192K)
[249.314s][info][gc             ] GC(1075) Pause Full (System.gc()) 1M->1M(7851M) 7.823ms
[249.314s][info][gc,cpu         ] GC(1075) User=0.02s Sys=0.00s Real=0.01s
[249.767s][info][gc,start       ] GC(1076) Pause Young (System.gc())
[249.767s][info][gc,heap        ] GC(1076) PSYoungGen: 41953K(2446848K)->128K(2446848K) Eden: 41953K(2097664K)->0K(2097664K) From: 0K(349184K)->128K(349184K)
[249.767s][info][gc,heap        ] GC(1076) ParOldGen: 1143K(5592576K)->1143K(5592576K)
[249.767s][info][gc,metaspace   ] GC(1076) Metaspace: 678K(1024K)->678K(1024K) NonClass: 630K(832K)->630K(832K) Class: 48K(192K)->48K(192K)
[249.767s][info][gc             ] GC(1076) Pause Young (System.gc()) 42M->1M(7851M) 0.621ms
[249.767s][info][gc,cpu         ] GC(1076) User=0.00s Sys=0.01s Real=0.00s
[249.767s][info][gc,start       ] GC(1077) Pause Full (System.gc())
[249.767s][info][gc,phases,start] GC(1077) Marking Phase
[249.773s][info][gc,phases      ] GC(1077) Marking Phase 5.678ms
[249.773s][info][gc,phases,start] GC(1077) Summary Phase
[249.773s][info][gc,phases      ] GC(1077) Summary Phase 0.024ms
[249.773s][info][gc,phases,start] GC(1077) Adjust Roots
[249.774s][info][gc,phases      ] GC(1077) Adjust Roots 1.189ms
[249.774s][info][gc,phases,start] GC(1077) Compaction Phase
[249.776s][info][gc,phases      ] GC(1077) Compaction Phase 1.105ms
[249.776s][info][gc,phases,start] GC(1077) Post Compact
[249.776s][info][gc,phases      ] GC(1077) Post Compact 0.527ms
[249.776s][info][gc,heap        ] GC(1077) PSYoungGen: 128K(2446848K)->0K(2446848K) Eden: 0K(2097664K)->0K(2097664K) From: 128K(349184K)->0K(349184K)
[249.776s][info][gc,heap        ] GC(1077) ParOldGen: 1143K(5592576K)->1144K(5592576K)
[249.776s][info][gc,metaspace   ] GC(1077) Metaspace: 678K(1024K)->675K(1024K) NonClass: 630K(832K)->628K(832K) Class: 48K(192K)->47K(192K)
[249.776s][info][gc             ] GC(1077) Pause Full (System.gc()) 1M->1M(7851M) 8.726ms
[249.776s][info][gc,cpu         ] GC(1077) User=0.01s Sys=0.00s Real=0.01s
[250.229s][info][gc,start       ] GC(1078) Pause Young (System.gc())
[250.229s][info][gc,heap        ] GC(1078) PSYoungGen: 41953K(2446848K)->96K(2446848K) Eden: 41953K(2097664K)->0K(2097664K) From: 0K(349184K)->96K(349184K)
[250.229s][info][gc,heap        ] GC(1078) ParOldGen: 1144K(5592576K)->1144K(5592576K)
[250.229s][info][gc,metaspace   ] GC(1078) Metaspace: 680K(1024K)->680K(1024K) NonClass: 631K(832K)->631K(832K) Class: 48K(192K)->48K(192K)
[250.229s][info][gc             ] GC(1078) Pause Young (System.gc()) 42M->1M(7851M) 0.639ms
[250.229s][info][gc,cpu         ] GC(1078) User=0.01s Sys=0.00s Real=0.00s
[250.230s][info][gc,start       ] GC(1079) Pause Full (System.gc())
[250.230s][info][gc,phases,start] GC(1079) Marking Phase
[250.235s][info][gc,phases      ] GC(1079) Marking Phase 5.648ms
[250.235s][info][gc,phases,start] GC(1079) Summary Phase
[250.235s][info][gc,phases      ] GC(1079) Summary Phase 0.025ms
[250.235s][info][gc,phases,start] GC(1079) Adjust Roots
[250.237s][info][gc,phases      ] GC(1079) Adjust Roots 1.528ms
[250.237s][info][gc,phases,start] GC(1079) Compaction Phase
[250.239s][info][gc,phases      ] GC(1079) Compaction Phase 1.824ms
[250.239s][info][gc,phases,start] GC(1079) Post Compact
[250.240s][info][gc,phases      ] GC(1079) Post Compact 0.928ms
[250.240s][info][gc,heap        ] GC(1079) PSYoungGen: 96K(2446848K)->0K(2446848K) Eden: 0K(2097664K)->0K(2097664K) From: 96K(349184K)->0K(349184K)
[250.240s][info][gc,heap        ] GC(1079) ParOldGen: 1144K(5592576K)->1123K(5592576K)
[250.240s][info][gc,metaspace   ] GC(1079) Metaspace: 680K(1024K)->624K(1024K) NonClass: 631K(832K)->588K(832K) Class: 48K(192K)->36K(192K)
[250.240s][info][gc             ] GC(1079) Pause Full (System.gc()) 1M->1M(7851M) 10.181ms
[250.240s][info][gc,cpu         ] GC(1079) User=0.01s Sys=0.00s Real=0.01s
[250.693s][info][gc,start       ] GC(1080) Pause Young (System.gc())
[250.694s][info][gc,heap        ] GC(1080) PSYoungGen: 41953K(2446848K)->192K(2446848K) Eden: 41953K(2097664K)->0K(2097664K) From: 0K(349184K)->192K(349184K)
[250.694s][info][gc,heap        ] GC(1080) ParOldGen: 1123K(5592576K)->1123K(5592576K)
[250.694s][info][gc,metaspace   ] GC(1080) Metaspace: 629K(1024K)->629K(1024K) NonClass: 591K(832K)->591K(832K) Class: 37K(192K)->37K(192K)
[250.694s][info][gc             ] GC(1080) Pause Young (System.gc()) 42M->1M(7851M) 0.640ms
[250.694s][info][gc,cpu         ] GC(1080) User=0.00s Sys=0.00s Real=0.00s
[250.694s][info][gc,start       ] GC(1081) Pause Full (System.gc())
[250.694s][info][gc,phases,start] GC(1081) Marking Phase
[250.699s][info][gc,phases      ] GC(1081) Marking Phase 4.982ms
[250.699s][info][gc,phases,start] GC(1081) Summary Phase
[250.699s][info][gc,phases      ] GC(1081) Summary Phase 0.029ms
[250.699s][info][gc,phases,start] GC(1081) Adjust Roots
[250.700s][info][gc,phases      ] GC(1081) Adjust Roots 1.198ms
[250.700s][info][gc,phases,start] GC(1081) Compaction Phase
[250.702s][info][gc,phases      ] GC(1081) Compaction Phase 2.142ms
[250.703s][info][gc,phases,start] GC(1081) Post Compact
[250.703s][info][gc,phases      ] GC(1081) Post Compact 0.874ms
[250.703s][info][gc,heap        ] GC(1081) PSYoungGen: 192K(2446848K)->0K(2446848K) Eden: 0K(2097664K)->0K(2097664K) From: 192K(349184K)->0K(349184K)
[250.703s][info][gc,heap        ] GC(1081) ParOldGen: 1123K(5592576K)->1124K(5592576K)
[250.703s][info][gc,metaspace   ] GC(1081) Metaspace: 629K(1024K)->626K(1024K) NonClass: 591K(832K)->589K(832K) Class: 37K(192K)->36K(192K)
[250.704s][info][gc             ] GC(1081) Pause Full (System.gc()) 1M->1M(7851M) 9.519ms
[250.704s][info][gc,cpu         ] GC(1081) User=0.02s Sys=0.00s Real=0.01s
[251.157s][info][gc,start       ] GC(1082) Pause Young (System.gc())
[251.158s][info][gc,heap        ] GC(1082) PSYoungGen: 41953K(2446848K)->96K(2446848K) Eden: 41953K(2097664K)->0K(2097664K) From: 0K(349184K)->96K(349184K)
[251.158s][info][gc,heap        ] GC(1082) ParOldGen: 1124K(5592576K)->1124K(5592576K)
[251.158s][info][gc,metaspace   ] GC(1082) Metaspace: 631K(1024K)->631K(1024K) NonClass: 592K(832K)->592K(832K) Class: 38K(192K)->38K(192K)
[251.158s][info][gc             ] GC(1082) Pause Young (System.gc()) 42M->1M(7851M) 0.660ms
[251.158s][info][gc,cpu         ] GC(1082) User=0.00s Sys=0.00s Real=0.00s
[251.158s][info][gc,start       ] GC(1083) Pause Full (System.gc())
[251.158s][info][gc,phases,start] GC(1083) Marking Phase
[251.162s][info][gc,phases      ] GC(1083) Marking Phase 4.054ms
[251.162s][info][gc,phases,start] GC(1083) Summary Phase
[251.162s][info][gc,phases      ] GC(1083) Summary Phase 0.027ms
[251.162s][info][gc,phases,start] GC(1083) Adjust Roots
[251.164s][info][gc,phases      ] GC(1083) Adjust Roots 1.255ms
[251.164s][info][gc,phases,start] GC(1083) Compaction Phase
[251.166s][info][gc,phases      ] GC(1083) Compaction Phase 2.180ms
[251.166s][info][gc,phases,start] GC(1083) Post Compact
[251.167s][info][gc,phases      ] GC(1083) Post Compact 0.841ms
[251.167s][info][gc,heap        ] GC(1083) PSYoungGen: 96K(2446848K)->0K(2446848K) Eden: 0K(2097664K)->0K(2097664K) From: 96K(349184K)->0K(349184K)
[251.167s][info][gc,heap        ] GC(1083) ParOldGen: 1124K(5592576K)->1127K(5592576K)
[251.167s][info][gc,metaspace   ] GC(1083) Metaspace: 631K(1024K)->631K(1024K) NonClass: 592K(832K)->592K(832K) Class: 38K(192K)->38K(192K)
[251.167s][info][gc             ] GC(1083) Pause Full (System.gc()) 1M->1M(7851M) 8.633ms
[251.167s][info][gc,cpu         ] GC(1083) User=0.02s Sys=0.00s Real=0.01s
[251.622s][info][gc,start       ] GC(1084) Pause Young (System.gc())
[251.623s][info][gc,heap        ] GC(1084) PSYoungGen: 41953K(2446848K)->96K(2446848K) Eden: 41953K(2097664K)->0K(2097664K) From: 0K(349184K)->96K(349184K)
[251.623s][info][gc,heap        ] GC(1084) ParOldGen: 1127K(5592576K)->1127K(5592576K)
[251.623s][info][gc,metaspace   ] GC(1084) Metaspace: 636K(1024K)->636K(1024K) NonClass: 596K(832K)->596K(832K) Class: 40K(192K)->40K(192K)
[251.623s][info][gc             ] GC(1084) Pause Young (System.gc()) 42M->1M(7851M) 1.081ms
[251.623s][info][gc,cpu         ] GC(1084) User=0.00s Sys=0.00s Real=0.01s
[251.623s][info][gc,start       ] GC(1085) Pause Full (System.gc())
[251.624s][info][gc,phases,start] GC(1085) Marking Phase
[251.630s][info][gc,phases      ] GC(1085) Marking Phase 6.461ms
[251.630s][info][gc,phases,start] GC(1085) Summary Phase
[251.630s][info][gc,phases      ] GC(1085) Summary Phase 0.023ms
[251.630s][info][gc,phases,start] GC(1085) Adjust Roots
[251.631s][info][gc,phases      ] GC(1085) Adjust Roots 1.053ms
[251.631s][info][gc,phases,start] GC(1085) Compaction Phase
[251.633s][info][gc,phases      ] GC(1085) Compaction Phase 1.620ms
[251.633s][info][gc,phases,start] GC(1085) Post Compact
[251.633s][info][gc,phases      ] GC(1085) Post Compact 0.655ms
[251.634s][info][gc,heap        ] GC(1085) PSYoungGen: 96K(2446848K)->0K(2446848K) Eden: 0K(2097664K)->0K(2097664K) From: 96K(349184K)->0K(349184K)
[251.634s][info][gc,heap        ] GC(1085) ParOldGen: 1127K(5592576K)->1124K(5592576K)
[251.634s][info][gc,metaspace   ] GC(1085) Metaspace: 636K(1024K)->627K(1024K) NonClass: 596K(832K)->591K(832K) Class: 40K(192K)->36K(192K)
[251.634s][info][gc             ] GC(1085) Pause Full (System.gc()) 1M->1M(7851M) 10.103ms
[251.634s][info][gc,cpu         ] GC(1085) User=0.02s Sys=0.00s Real=0.01s
[252.090s][info][gc,start       ] GC(1086) Pause Young (System.gc())
[252.091s][info][gc,heap        ] GC(1086) PSYoungGen: 41953K(2446848K)->192K(2446848K) Eden: 41953K(2097664K)->0K(2097664K) From: 0K(349184K)->192K(349184K)
[252.091s][info][gc,heap        ] GC(1086) ParOldGen: 1124K(5592576K)->1124K(5592576K)
[252.091s][info][gc,metaspace   ] GC(1086) Metaspace: 632K(1024K)->632K(1024K) NonClass: 594K(832K)->594K(832K) Class: 38K(192K)->38K(192K)
[252.091s][info][gc             ] GC(1086) Pause Young (System.gc()) 42M->1M(7851M) 0.903ms
[252.091s][info][gc,cpu         ] GC(1086) User=0.00s Sys=0.00s Real=0.00s
[252.091s][info][gc,start       ] GC(1087) Pause Full (System.gc())
[252.091s][info][gc,phases,start] GC(1087) Marking Phase
[252.096s][info][gc,phases      ] GC(1087) Marking Phase 4.630ms
[252.096s][info][gc,phases,start] GC(1087) Summary Phase
[252.096s][info][gc,phases      ] GC(1087) Summary Phase 0.015ms
[252.096s][info][gc,phases,start] GC(1087) Adjust Roots
[252.097s][info][gc,phases      ] GC(1087) Adjust Roots 0.782ms
[252.097s][info][gc,phases,start] GC(1087) Compaction Phase
[252.098s][info][gc,phases      ] GC(1087) Compaction Phase 1.652ms
[252.099s][info][gc,phases,start] GC(1087) Post Compact
[252.099s][info][gc,phases      ] GC(1087) Post Compact 0.510ms
[252.099s][info][gc,heap        ] GC(1087) PSYoungGen: 192K(2446848K)->0K(2446848K) Eden: 0K(2097664K)->0K(2097664K) From: 192K(349184K)->0K(349184K)
[252.099s][info][gc,heap        ] GC(1087) ParOldGen: 1124K(5592576K)->1125K(5592576K)
[252.099s][info][gc,metaspace   ] GC(1087) Metaspace: 632K(1024K)->629K(1024K) NonClass: 594K(832K)->592K(832K) Class: 38K(192K)->37K(192K)
[252.099s][info][gc             ] GC(1087) Pause Full (System.gc()) 1M->1M(7851M) 7.989ms
[252.099s][info][gc,cpu         ] GC(1087) User=0.01s Sys=0.00s Real=0.01s
[252.551s][info][gc,start       ] GC(1088) Pause Young (System.gc())
[252.552s][info][gc,heap        ] GC(1088) PSYoungGen: 41953K(2446848K)->96K(2446848K) Eden: 41953K(2097664K)->0K(2097664K) From: 0K(349184K)->96K(349184K)
[252.552s][info][gc,heap        ] GC(1088) ParOldGen: 1125K(5592576K)->1125K(5592576K)
[252.552s][info][gc,metaspace   ] GC(1088) Metaspace: 634K(1024K)->634K(1024K) NonClass: 596K(832K)->596K(832K) Class: 38K(192K)->38K(192K)
[252.552s][info][gc             ] GC(1088) Pause Young (System.gc()) 42M->1M(7851M) 0.471ms
[252.552s][info][gc,cpu         ] GC(1088) User=0.00s Sys=0.00s Real=0.00s
[252.552s][info][gc,start       ] GC(1089) Pause Full (System.gc())
[252.552s][info][gc,phases,start] GC(1089) Marking Phase
[252.554s][info][gc,phases      ] GC(1089) Marking Phase 2.209ms
[252.554s][info][gc,phases,start] GC(1089) Summary Phase
[252.554s][info][gc,phases      ] GC(1089) Summary Phase 0.020ms
[252.554s][info][gc,phases,start] GC(1089) Adjust Roots
[252.555s][info][gc,phases      ] GC(1089) Adjust Roots 0.698ms
[252.555s][info][gc,phases,start] GC(1089) Compaction Phase
[252.557s][info][gc,phases      ] GC(1089) Compaction Phase 1.613ms
[252.557s][info][gc,phases,start] GC(1089) Post Compact
[252.557s][info][gc,phases      ] GC(1089) Post Compact 0.643ms
[252.557s][info][gc,heap        ] GC(1089) PSYoungGen: 96K(2446848K)->0K(2446848K) Eden: 0K(2097664K)->0K(2097664K) From: 96K(349184K)->0K(349184K)
[252.557s][info][gc,heap        ] GC(1089) ParOldGen: 1125K(5592576K)->1128K(5592576K)
[252.557s][info][gc,metaspace   ] GC(1089) Metaspace: 634K(1024K)->634K(1024K) NonClass: 596K(832K)->596K(832K) Class: 38K(192K)->38K(192K)
[252.557s][info][gc             ] GC(1089) Pause Full (System.gc()) 1M->1M(7851M) 5.595ms
[252.558s][info][gc,cpu         ] GC(1089) User=0.01s Sys=0.00s Real=0.01s
[253.014s][info][gc,start       ] GC(1090) Pause Young (System.gc())
[253.014s][info][gc,heap        ] GC(1090) PSYoungGen: 41953K(2446848K)->128K(2446848K) Eden: 41953K(2097664K)->0K(2097664K) From: 0K(349184K)->128K(349184K)
[253.015s][info][gc,heap        ] GC(1090) ParOldGen: 1128K(5592576K)->1128K(5592576K)
[253.015s][info][gc,metaspace   ] GC(1090) Metaspace: 639K(1024K)->639K(1024K) NonClass: 599K(832K)->599K(832K) Class: 40K(192K)->40K(192K)
[253.015s][info][gc             ] GC(1090) Pause Young (System.gc()) 42M->1M(7851M) 0.385ms
[253.015s][info][gc,cpu         ] GC(1090) User=0.00s Sys=0.00s Real=0.00s
[253.015s][info][gc,start       ] GC(1091) Pause Full (System.gc())
[253.015s][info][gc,phases,start] GC(1091) Marking Phase
[253.017s][info][gc,phases      ] GC(1091) Marking Phase 2.658ms
[253.017s][info][gc,phases,start] GC(1091) Summary Phase
[253.017s][info][gc,phases      ] GC(1091) Summary Phase 0.012ms
[253.017s][info][gc,phases,start] GC(1091) Adjust Roots
[253.018s][info][gc,phases      ] GC(1091) Adjust Roots 0.660ms
[253.018s][info][gc,phases,start] GC(1091) Compaction Phase
[253.019s][info][gc,phases      ] GC(1091) Compaction Phase 1.025ms
[253.019s][info][gc,phases,start] GC(1091) Post Compact
[253.020s][info][gc,phases      ] GC(1091) Post Compact 0.510ms
[253.020s][info][gc,heap        ] GC(1091) PSYoungGen: 128K(2446848K)->0K(2446848K) Eden: 0K(2097664K)->0K(2097664K) From: 128K(349184K)->0K(349184K)
[253.020s][info][gc,heap        ] GC(1091) ParOldGen: 1128K(5592576K)->1131K(5592576K)
[253.020s][info][gc,metaspace   ] GC(1091) Metaspace: 639K(1024K)->639K(1024K) NonClass: 599K(832K)->599K(832K) Class: 40K(192K)->40K(192K)
[253.020s][info][gc             ] GC(1091) Pause Full (System.gc()) 1M->1M(7851M) 5.037ms
[253.020s][info][gc,cpu         ] GC(1091) User=0.01s Sys=0.00s Real=0.00s
[253.472s][info][gc,start       ] GC(1092) Pause Young (System.gc())
[253.473s][info][gc,heap        ] GC(1092) PSYoungGen: 41953K(2446848K)->128K(2446848K) Eden: 41953K(2097664K)->0K(2097664K) From: 0K(349184K)->128K(349184K)
[253.473s][info][gc,heap        ] GC(1092) ParOldGen: 1131K(5592576K)->1131K(5592576K)
[253.473s][info][gc,metaspace   ] GC(1092) Metaspace: 644K(1024K)->644K(1024K) NonClass: 602K(832K)->602K(832K) Class: 42K(192K)->42K(192K)
[253.473s][info][gc             ] GC(1092) Pause Young (System.gc()) 42M->1M(7851M) 0.617ms
[253.473s][info][gc,cpu         ] GC(1092) User=0.00s Sys=0.00s Real=0.01s
[253.473s][info][gc,start       ] GC(1093) Pause Full (System.gc())
[253.473s][info][gc,phases,start] GC(1093) Marking Phase
[253.478s][info][gc,phases      ] GC(1093) Marking Phase 5.372ms
[253.478s][info][gc,phases,start] GC(1093) Summary Phase
[253.478s][info][gc,phases      ] GC(1093) Summary Phase 0.031ms
[253.479s][info][gc,phases,start] GC(1093) Adjust Roots
[253.480s][info][gc,phases      ] GC(1093) Adjust Roots 1.143ms
[253.480s][info][gc,phases,start] GC(1093) Compaction Phase
[253.482s][info][gc,phases      ] GC(1093) Compaction Phase 1.949ms
[253.482s][info][gc,phases,start] GC(1093) Post Compact
[253.482s][info][gc,phases      ] GC(1093) Post Compact 0.640ms
[253.482s][info][gc,heap        ] GC(1093) PSYoungGen: 128K(2446848K)->0K(2446848K) Eden: 0K(2097664K)->0K(2097664K) From: 128K(349184K)->0K(349184K)
[253.482s][info][gc,heap        ] GC(1093) ParOldGen: 1131K(5592576K)->1131K(5592576K)
[253.482s][info][gc,metaspace   ] GC(1093) Metaspace: 644K(1024K)->642K(1024K) NonClass: 602K(832K)->601K(832K) Class: 42K(192K)->40K(192K)
[253.482s][info][gc             ] GC(1093) Pause Full (System.gc()) 1M->1M(7851M) 9.463ms
[253.482s][info][gc,cpu         ] GC(1093) User=0.02s Sys=0.01s Real=0.00s
[253.940s][info][gc,start       ] GC(1094) Pause Young (System.gc())
[253.940s][info][gc,heap        ] GC(1094) PSYoungGen: 41953K(2446848K)->128K(2446848K) Eden: 41953K(2097664K)->0K(2097664K) From: 0K(349184K)->128K(349184K)
[253.940s][info][gc,heap        ] GC(1094) ParOldGen: 1131K(5592576K)->1131K(5592576K)
[253.940s][info][gc,metaspace   ] GC(1094) Metaspace: 647K(1024K)->647K(1024K) NonClass: 604K(832K)->604K(832K) Class: 42K(192K)->42K(192K)
[253.940s][info][gc             ] GC(1094) Pause Young (System.gc()) 42M->1M(7851M) 0.602ms
[253.941s][info][gc,cpu         ] GC(1094) User=0.00s Sys=0.00s Real=0.00s
[253.941s][info][gc,start       ] GC(1095) Pause Full (System.gc())
[253.941s][info][gc,phases,start] GC(1095) Marking Phase
[253.946s][info][gc,phases      ] GC(1095) Marking Phase 5.008ms
[253.946s][info][gc,phases,start] GC(1095) Summary Phase
[253.946s][info][gc,phases      ] GC(1095) Summary Phase 0.031ms
[253.946s][info][gc,phases,start] GC(1095) Adjust Roots
[253.947s][info][gc,phases      ] GC(1095) Adjust Roots 1.204ms
[253.947s][info][gc,phases,start] GC(1095) Compaction Phase
[253.949s][info][gc,phases      ] GC(1095) Compaction Phase 1.791ms
[253.949s][info][gc,phases,start] GC(1095) Post Compact
[253.949s][info][gc,phases      ] GC(1095) Post Compact 0.688ms
[253.950s][info][gc,heap        ] GC(1095) PSYoungGen: 128K(2446848K)->0K(2446848K) Eden: 0K(2097664K)->0K(2097664K) From: 128K(349184K)->0K(349184K)
[253.950s][info][gc,heap        ] GC(1095) ParOldGen: 1131K(5592576K)->1129K(5592576K)
[253.950s][info][gc,metaspace   ] GC(1095) Metaspace: 647K(1024K)->639K(1024K) NonClass: 604K(832K)->600K(832K) Class: 42K(192K)->39K(192K)
[253.950s][info][gc             ] GC(1095) Pause Full (System.gc()) 1M->1M(7851M) 8.988ms
[253.950s][info][gc,cpu         ] GC(1095) User=0.02s Sys=0.00s Real=0.01s
[254.402s][info][gc,start       ] GC(1096) Pause Young (System.gc())
[254.402s][info][gc,heap        ] GC(1096) PSYoungGen: 41953K(2446848K)->192K(2446848K) Eden: 41953K(2097664K)->0K(2097664K) From: 0K(349184K)->192K(349184K)
[254.402s][info][gc,heap        ] GC(1096) ParOldGen: 1129K(5592576K)->1129K(5592576K)
[254.403s][info][gc,metaspace   ] GC(1096) Metaspace: 644K(1024K)->644K(1024K) NonClass: 603K(832K)->603K(832K) Class: 40K(192K)->40K(192K)
[254.403s][info][gc             ] GC(1096) Pause Young (System.gc()) 42M->1M(7851M) 0.595ms
[254.403s][info][gc,cpu         ] GC(1096) User=0.00s Sys=0.00s Real=0.01s
[254.403s][info][gc,start       ] GC(1097) Pause Full (System.gc())
[254.403s][info][gc,phases,start] GC(1097) Marking Phase
[254.408s][info][gc,phases      ] GC(1097) Marking Phase 5.124ms
[254.408s][info][gc,phases,start] GC(1097) Summary Phase
[254.408s][info][gc,phases      ] GC(1097) Summary Phase 0.026ms
[254.408s][info][gc,phases,start] GC(1097) Adjust Roots
[254.409s][info][gc,phases      ] GC(1097) Adjust Roots 1.181ms
[254.409s][info][gc,phases,start] GC(1097) Compaction Phase
[254.411s][info][gc,phases      ] GC(1097) Compaction Phase 1.943ms
[254.411s][info][gc,phases,start] GC(1097) Post Compact
[254.412s][info][gc,phases      ] GC(1097) Post Compact 0.642ms
[254.412s][info][gc,heap        ] GC(1097) PSYoungGen: 192K(2446848K)->0K(2446848K) Eden: 0K(2097664K)->0K(2097664K) From: 192K(349184K)->0K(349184K)
[254.412s][info][gc,heap        ] GC(1097) ParOldGen: 1129K(5592576K)->1130K(5592576K)
[254.412s][info][gc,metaspace   ] GC(1097) Metaspace: 644K(1024K)->641K(1024K) NonClass: 603K(832K)->601K(832K) Class: 40K(192K)->39K(192K)
[254.412s][info][gc             ] GC(1097) Pause Full (System.gc()) 1M->1M(7851M) 9.164ms
[254.412s][info][gc,cpu         ] GC(1097) User=0.02s Sys=0.00s Real=0.00s
[254.869s][info][gc,start       ] GC(1098) Pause Young (System.gc())
[254.869s][info][gc,heap        ] GC(1098) PSYoungGen: 41953K(2446848K)->160K(2446848K) Eden: 41953K(2097664K)->0K(2097664K) From: 0K(349184K)->160K(349184K)
[254.869s][info][gc,heap        ] GC(1098) ParOldGen: 1130K(5592576K)->1130K(5592576K)
[254.869s][info][gc,metaspace   ] GC(1098) Metaspace: 646K(1024K)->646K(1024K) NonClass: 605K(832K)->605K(832K) Class: 41K(192K)->41K(192K)
[254.869s][info][gc             ] GC(1098) Pause Young (System.gc()) 42M->1M(7851M) 0.609ms
[254.869s][info][gc,cpu         ] GC(1098) User=0.00s Sys=0.00s Real=0.00s
[254.869s][info][gc,start       ] GC(1099) Pause Full (System.gc())
[254.869s][info][gc,phases,start] GC(1099) Marking Phase
[254.873s][info][gc,phases      ] GC(1099) Marking Phase 4.101ms
[254.873s][info][gc,phases,start] GC(1099) Summary Phase
[254.873s][info][gc,phases      ] GC(1099) Summary Phase 0.026ms
[254.873s][info][gc,phases,start] GC(1099) Adjust Roots
[254.874s][info][gc,phases      ] GC(1099) Adjust Roots 0.982ms
[254.874s][info][gc,phases,start] GC(1099) Compaction Phase
[254.876s][info][gc,phases      ] GC(1099) Compaction Phase 1.279ms
[254.876s][info][gc,phases,start] GC(1099) Post Compact
[254.876s][info][gc,phases      ] GC(1099) Post Compact 0.507ms
[254.876s][info][gc,heap        ] GC(1099) PSYoungGen: 160K(2446848K)->0K(2446848K) Eden: 0K(2097664K)->0K(2097664K) From: 160K(349184K)->0K(349184K)
[254.876s][info][gc,heap        ] GC(1099) ParOldGen: 1130K(5592576K)->1133K(5592576K)
[254.876s][info][gc,metaspace   ] GC(1099) Metaspace: 646K(1024K)->646K(1024K) NonClass: 605K(832K)->605K(832K) Class: 41K(192K)->41K(192K)
[254.876s][info][gc             ] GC(1099) Pause Full (System.gc()) 1M->1M(7851M) 7.116ms
[254.876s][info][gc,cpu         ] GC(1099) User=0.01s Sys=0.00s Real=0.01s
[255.331s][info][gc,heap,exit   ] Heap
[255.331s][info][gc,heap,exit   ]  PSYoungGen      total 2446848K, used 83906K [0x0000000755580000, 0x0000000800000000, 0x0000000800000000)
[255.331s][info][gc,heap,exit   ]   eden space 2097664K, 4% used [0x0000000755580000,0x000000075a770ab8,0x00000007d5600000)
[255.331s][info][gc,heap,exit   ]   from space 349184K, 0% used [0x00000007eab00000,0x00000007eab00000,0x0000000800000000)
[255.331s][info][gc,heap,exit   ]   to   space 349184K, 0% used [0x00000007d5600000,0x00000007d5600000,0x00000007eab00000)
[255.331s][info][gc,heap,exit   ]  ParOldGen       total 5592576K, used 1133K [0x0000000600000000, 0x0000000755580000, 0x0000000755580000)
[255.331s][info][gc,heap,exit   ]   object space 5592576K, 0% used [0x0000000600000000,0x000000060011b408,0x0000000755580000)
[255.331s][info][gc,heap,exit   ]  Metaspace       used 647K, committed 1024K, reserved 1114112K
[255.331s][info][gc,heap,exit   ]   class space    used 41K, committed 192K, reserved 1048576K
