[0.003s][info][gc,init] CardTable entry size: 512
[0.003s][info][gc     ] Using Serial
[0.004s][info][gc,init] Version: 21+35-LTS (release)
[0.004s][info][gc,init] CPUs: 12 total, 12 available
[0.004s][info][gc,init] Memory: 65536M
[0.004s][info][gc,init] Large Page Support: Disabled
[0.004s][info][gc,init] NUMA Support: Disabled
[0.004s][info][gc,init] Compressed Oops: Enabled (Zero based)
[0.004s][info][gc,init] Heap Min Capacity: 8G
[0.004s][info][gc,init] Heap Initial Capacity: 8G
[0.004s][info][gc,init] Heap Max Capacity: 8G
[0.004s][info][gc,init] Pre-touch: Disabled
[0.008s][info][gc,metaspace] CDS archive(s) mapped at: [0x0000009000000000-0x0000009000ca4000-0x0000009000ca4000), size 13254656, SharedBaseAddress: 0x0000009000000000, ArchiveRelocationMode: 1.
[0.008s][info][gc,metaspace] Compressed class space mapped at: 0x0000009001000000-0x0000009041000000, reserved size: 1073741824
[0.008s][info][gc,metaspace] Narrow klass base: 0x0000009000000000, Narrow klass shift: 0, Narrow klass range: 0x100000000
[0.019s][info][gc,start    ] GC(0) Pause Full (System.gc())
[0.019s][info][gc,phases,start] GC(0) Phase 1: Mark live objects
[0.020s][info][gc,phases      ] GC(0) Phase 1: Mark live objects 0.924ms
[0.020s][info][gc,phases,start] GC(0) Phase 2: Compute new object addresses
[0.020s][info][gc,phases      ] GC(0) Phase 2: Compute new object addresses 0.179ms
[0.020s][info][gc,phases,start] GC(0) Phase 3: Adjust pointers
[0.020s][info][gc,phases      ] GC(0) Phase 3: Adjust pointers 0.330ms
[0.020s][info][gc,phases,start] GC(0) Phase 4: Move objects
[0.020s][info][gc,phases      ] GC(0) Phase 4: Move objects 0.030ms
[0.020s][info][gc,heap        ] GC(0) DefNew: 134215K(2516544K)->0K(2516544K) Eden: 134215K(2236928K)->0K(2236928K) From: 0K(279616K)->0K(279616K)
[0.020s][info][gc,heap        ] GC(0) Tenured: 1036K(5592448K)->1121K(5592448K)
[0.020s][info][gc,metaspace   ] GC(0) Metaspace: 336K(512K)->336K(512K) NonClass: 303K(384K)->303K(384K) Class: 33K(128K)->33K(128K)
[0.020s][info][gc             ] GC(0) Pause Full (System.gc()) 132M->1M(7918M) 1.588ms
[0.020s][info][gc,cpu         ] GC(0) User=0.01s Sys=0.00s Real=0.00s
[0.477s][info][gc,start       ] GC(1) Pause Full (System.gc())
[0.477s][info][gc,phases,start] GC(1) Phase 1: Mark live objects
[0.479s][info][gc,phases      ] GC(1) Phase 1: Mark live objects 1.911ms
[0.479s][info][gc,phases,start] GC(1) Phase 2: Compute new object addresses
[0.480s][info][gc,phases      ] GC(1) Phase 2: Compute new object addresses 0.328ms
[0.480s][info][gc,phases,start] GC(1) Phase 3: Adjust pointers
[0.480s][info][gc,phases      ] GC(1) Phase 3: Adjust pointers 0.717ms
[0.480s][info][gc,phases,start] GC(1) Phase 4: Move objects
[0.480s][info][gc,phases      ] GC(1) Phase 4: Move objects 0.015ms
[0.481s][info][gc,heap        ] GC(1) DefNew: 44738K(2516544K)->0K(2516544K) Eden: 44738K(2236928K)->0K(2236928K) From: 0K(279616K)->0K(279616K)
[0.481s][info][gc,heap        ] GC(1) Tenured: 1121K(5592448K)->1125K(5592448K)
[0.481s][info][gc,metaspace   ] GC(1) Metaspace: 353K(512K)->353K(512K) NonClass: 315K(384K)->315K(384K) Class: 37K(128K)->37K(128K)
[0.481s][info][gc             ] GC(1) Pause Full (System.gc()) 44M->1M(7918M) 3.476ms
[0.481s][info][gc,cpu         ] GC(1) User=0.00s Sys=0.00s Real=0.00s
[0.935s][info][gc,start       ] GC(2) Pause Full (System.gc())
[0.935s][info][gc,phases,start] GC(2) Phase 1: Mark live objects
[0.938s][info][gc,phases      ] GC(2) Phase 1: Mark live objects 2.961ms
[0.938s][info][gc,phases,start] GC(2) Phase 2: Compute new object addresses
[0.939s][info][gc,phases      ] GC(2) Phase 2: Compute new object addresses 0.395ms
[0.939s][info][gc,phases,start] GC(2) Phase 3: Adjust pointers
[0.940s][info][gc,phases      ] GC(2) Phase 3: Adjust pointers 0.930ms
[0.940s][info][gc,phases,start] GC(2) Phase 4: Move objects
[0.940s][info][gc,phases      ] GC(2) Phase 4: Move objects 0.019ms
[0.940s][info][gc,heap        ] GC(2) DefNew: 44738K(2516544K)->0K(2516544K) Eden: 44738K(2236928K)->0K(2236928K) From: 0K(279616K)->0K(279616K)
[0.940s][info][gc,heap        ] GC(2) Tenured: 1125K(5592448K)->1127K(5592448K)
[0.940s][info][gc,metaspace   ] GC(2) Metaspace: 358K(512K)->358K(512K) NonClass: 319K(384K)->319K(384K) Class: 38K(128K)->38K(128K)
[0.940s][info][gc             ] GC(2) Pause Full (System.gc()) 44M->1M(7918M) 4.932ms
[0.940s][info][gc,cpu         ] GC(2) User=0.01s Sys=0.00s Real=0.00s
[1.399s][info][gc,start       ] GC(3) Pause Full (System.gc())
[1.399s][info][gc,phases,start] GC(3) Phase 1: Mark live objects
[1.403s][info][gc,phases      ] GC(3) Phase 1: Mark live objects 3.777ms
[1.403s][info][gc,phases,start] GC(3) Phase 2: Compute new object addresses
[1.403s][info][gc,phases      ] GC(3) Phase 2: Compute new object addresses 0.697ms
[1.403s][info][gc,phases,start] GC(3) Phase 3: Adjust pointers
[1.404s][info][gc,phases      ] GC(3) Phase 3: Adjust pointers 1.026ms
[1.404s][info][gc,phases,start] GC(3) Phase 4: Move objects
[1.404s][info][gc,phases      ] GC(3) Phase 4: Move objects 0.057ms
[1.405s][info][gc,heap        ] GC(3) DefNew: 44738K(2516544K)->0K(2516544K) Eden: 44738K(2236928K)->0K(2236928K) From: 0K(279616K)->0K(279616K)
[1.405s][info][gc,heap        ] GC(3) Tenured: 1127K(5592448K)->1130K(5592448K)
[1.405s][info][gc,metaspace   ] GC(3) Metaspace: 364K(512K)->364K(512K) NonClass: 323K(384K)->323K(384K) Class: 40K(128K)->40K(128K)
[1.405s][info][gc             ] GC(3) Pause Full (System.gc()) 44M->1M(7918M) 6.048ms
[1.405s][info][gc,cpu         ] GC(3) User=0.01s Sys=0.00s Real=0.01s
[1.856s][info][gc,start       ] GC(4) Pause Full (System.gc())
[1.856s][info][gc,phases,start] GC(4) Phase 1: Mark live objects
[1.857s][info][gc,phases      ] GC(4) Phase 1: Mark live objects 0.634ms
[1.857s][info][gc,phases,start] GC(4) Phase 2: Compute new object addresses
[1.857s][info][gc,phases      ] GC(4) Phase 2: Compute new object addresses 0.162ms
[1.857s][info][gc,phases,start] GC(4) Phase 3: Adjust pointers
[1.857s][info][gc,phases      ] GC(4) Phase 3: Adjust pointers 0.314ms
[1.857s][info][gc,phases,start] GC(4) Phase 4: Move objects
[1.857s][info][gc,phases      ] GC(4) Phase 4: Move objects 0.005ms
[1.857s][info][gc,heap        ] GC(4) DefNew: 44738K(2516544K)->0K(2516544K) Eden: 44738K(2236928K)->0K(2236928K) From: 0K(279616K)->0K(279616K)
[1.858s][info][gc,heap        ] GC(4) Tenured: 1130K(5592448K)->1133K(5592448K)
[1.858s][info][gc,metaspace   ] GC(4) Metaspace: 369K(512K)->369K(512K) NonClass: 326K(384K)->326K(384K) Class: 42K(128K)->42K(128K)
[1.858s][info][gc             ] GC(4) Pause Full (System.gc()) 44M->1M(7918M) 1.245ms
[1.858s][info][gc,cpu         ] GC(4) User=0.00s Sys=0.00s Real=0.00s
[2.311s][info][gc,start       ] GC(5) Pause Full (System.gc())
[2.312s][info][gc,phases,start] GC(5) Phase 1: Mark live objects
[2.316s][info][gc,phases      ] GC(5) Phase 1: Mark live objects 4.136ms
[2.316s][info][gc,phases,start] GC(5) Phase 2: Compute new object addresses
[2.316s][info][gc,phases      ] GC(5) Phase 2: Compute new object addresses 0.509ms
[2.316s][info][gc,phases,start] GC(5) Phase 3: Adjust pointers
[2.317s][info][gc,phases      ] GC(5) Phase 3: Adjust pointers 1.037ms
[2.317s][info][gc,phases,start] GC(5) Phase 4: Move objects
[2.317s][info][gc,phases      ] GC(5) Phase 4: Move objects 0.036ms
[2.318s][info][gc,heap        ] GC(5) DefNew: 44738K(2516544K)->0K(2516544K) Eden: 44738K(2236928K)->0K(2236928K) From: 0K(279616K)->0K(279616K)
[2.318s][info][gc,heap        ] GC(5) Tenured: 1133K(5592448K)->1136K(5592448K)
[2.318s][info][gc,metaspace   ] GC(5) Metaspace: 374K(576K)->358K(576K) NonClass: 329K(448K)->318K(448K) Class: 44K(128K)->39K(128K)
[2.318s][info][gc             ] GC(5) Pause Full (System.gc()) 44M->1M(7918M) 6.391ms
[2.318s][info][gc,cpu         ] GC(5) User=0.01s Sys=0.00s Real=0.01s
[2.770s][info][gc,start       ] GC(6) Pause Full (System.gc())
[2.770s][info][gc,phases,start] GC(6) Phase 1: Mark live objects
[2.771s][info][gc,phases      ] GC(6) Phase 1: Mark live objects 1.216ms
[2.771s][info][gc,phases,start] GC(6) Phase 2: Compute new object addresses
[2.772s][info][gc,phases      ] GC(6) Phase 2: Compute new object addresses 0.342ms
[2.772s][info][gc,phases,start] GC(6) Phase 3: Adjust pointers
[2.772s][info][gc,phases      ] GC(6) Phase 3: Adjust pointers 0.569ms
[2.772s][info][gc,phases,start] GC(6) Phase 4: Move objects
[2.772s][info][gc,phases      ] GC(6) Phase 4: Move objects 0.008ms
[2.772s][info][gc,heap        ] GC(6) DefNew: 44738K(2516544K)->0K(2516544K) Eden: 44738K(2236928K)->0K(2236928K) From: 0K(279616K)->0K(279616K)
[2.772s][info][gc,heap        ] GC(6) Tenured: 1136K(5592448K)->1139K(5592448K)
[2.772s][info][gc,metaspace   ] GC(6) Metaspace: 363K(576K)->359K(576K) NonClass: 322K(448K)->319K(448K) Class: 40K(128K)->39K(128K)
[2.772s][info][gc             ] GC(6) Pause Full (System.gc()) 44M->1M(7918M) 2.355ms
[2.772s][info][gc,cpu         ] GC(6) User=0.00s Sys=0.00s Real=0.00s
[3.230s][info][gc,start       ] GC(7) Pause Full (System.gc())
[3.230s][info][gc,phases,start] GC(7) Phase 1: Mark live objects
[3.234s][info][gc,phases      ] GC(7) Phase 1: Mark live objects 3.892ms
[3.234s][info][gc,phases,start] GC(7) Phase 2: Compute new object addresses
[3.234s][info][gc,phases      ] GC(7) Phase 2: Compute new object addresses 0.555ms
[3.234s][info][gc,phases,start] GC(7) Phase 3: Adjust pointers
[3.235s][info][gc,phases      ] GC(7) Phase 3: Adjust pointers 0.956ms
[3.235s][info][gc,phases,start] GC(7) Phase 4: Move objects
[3.235s][info][gc,phases      ] GC(7) Phase 4: Move objects 0.027ms
[3.235s][info][gc,heap        ] GC(7) DefNew: 44738K(2516544K)->0K(2516544K) Eden: 44738K(2236928K)->0K(2236928K) From: 0K(279616K)->0K(279616K)
[3.235s][info][gc,heap        ] GC(7) Tenured: 1139K(5592448K)->1129K(5592448K)
[3.235s][info][gc,metaspace   ] GC(7) Metaspace: 365K(576K)->364K(576K) NonClass: 323K(448K)->323K(448K) Class: 41K(128K)->41K(128K)
[3.235s][info][gc             ] GC(7) Pause Full (System.gc()) 44M->1M(7918M) 5.957ms
[3.236s][info][gc,cpu         ] GC(7) User=0.01s Sys=0.00s Real=0.01s
[3.693s][info][gc,start       ] GC(8) Pause Full (System.gc())
[3.693s][info][gc,phases,start] GC(8) Phase 1: Mark live objects
[3.697s][info][gc,phases      ] GC(8) Phase 1: Mark live objects 3.917ms
[3.697s][info][gc,phases,start] GC(8) Phase 2: Compute new object addresses
[3.697s][info][gc,phases      ] GC(8) Phase 2: Compute new object addresses 0.525ms
[3.698s][info][gc,phases,start] GC(8) Phase 3: Adjust pointers
[3.699s][info][gc,phases      ] GC(8) Phase 3: Adjust pointers 1.184ms
[3.699s][info][gc,phases,start] GC(8) Phase 4: Move objects
[3.699s][info][gc,phases      ] GC(8) Phase 4: Move objects 0.017ms
[3.699s][info][gc,heap        ] GC(8) DefNew: 44738K(2516544K)->0K(2516544K) Eden: 44738K(2236928K)->0K(2236928K) From: 0K(279616K)->0K(279616K)
[3.699s][info][gc,heap        ] GC(8) Tenured: 1129K(5592448K)->1132K(5592448K)
[3.699s][info][gc,metaspace   ] GC(8) Metaspace: 371K(576K)->355K(576K) NonClass: 328K(448K)->319K(448K) Class: 42K(128K)->36K(128K)
[3.699s][info][gc             ] GC(8) Pause Full (System.gc()) 44M->1M(7918M) 6.301ms
[3.699s][info][gc,cpu         ] GC(8) User=0.01s Sys=0.00s Real=0.01s
[4.153s][info][gc,start       ] GC(9) Pause Full (System.gc())
[4.153s][info][gc,phases,start] GC(9) Phase 1: Mark live objects
[4.155s][info][gc,phases      ] GC(9) Phase 1: Mark live objects 2.150ms
[4.155s][info][gc,phases,start] GC(9) Phase 2: Compute new object addresses
[4.156s][info][gc,phases      ] GC(9) Phase 2: Compute new object addresses 0.523ms
[4.156s][info][gc,phases,start] GC(9) Phase 3: Adjust pointers
[4.157s][info][gc,phases      ] GC(9) Phase 3: Adjust pointers 0.914ms
[4.157s][info][gc,phases,start] GC(9) Phase 4: Move objects
[4.157s][info][gc,phases      ] GC(9) Phase 4: Move objects 0.012ms
[4.157s][info][gc,heap        ] GC(9) DefNew: 44738K(2516544K)->0K(2516544K) Eden: 44738K(2236928K)->0K(2236928K) From: 0K(279616K)->0K(279616K)
[4.157s][info][gc,heap        ] GC(9) Tenured: 1132K(5592448K)->1135K(5592448K)
[4.157s][info][gc,metaspace   ] GC(9) Metaspace: 361K(576K)->358K(576K) NonClass: 322K(448K)->321K(448K) Class: 38K(128K)->37K(128K)
[4.157s][info][gc             ] GC(9) Pause Full (System.gc()) 44M->1M(7918M) 3.993ms
[4.157s][info][gc,cpu         ] GC(9) User=0.00s Sys=0.00s Real=0.01s
[4.612s][info][gc,start       ] GC(10) Pause Full (System.gc())
[4.612s][info][gc,phases,start] GC(10) Phase 1: Mark live objects
[4.616s][info][gc,phases      ] GC(10) Phase 1: Mark live objects 3.706ms
[4.616s][info][gc,phases,start] GC(10) Phase 2: Compute new object addresses
[4.616s][info][gc,phases      ] GC(10) Phase 2: Compute new object addresses 0.564ms
[4.616s][info][gc,phases,start] GC(10) Phase 3: Adjust pointers
[4.617s][info][gc,phases      ] GC(10) Phase 3: Adjust pointers 0.913ms
[4.617s][info][gc,phases,start] GC(10) Phase 4: Move objects
[4.617s][info][gc,phases      ] GC(10) Phase 4: Move objects 0.019ms
[4.617s][info][gc,heap        ] GC(10) DefNew: 44738K(2516544K)->0K(2516544K) Eden: 44738K(2236928K)->0K(2236928K) From: 0K(279616K)->0K(279616K)
[4.617s][info][gc,heap        ] GC(10) Tenured: 1135K(5592448K)->1138K(5592448K)
[4.617s][info][gc,metaspace   ] GC(10) Metaspace: 367K(576K)->364K(576K) NonClass: 328K(448K)->327K(448K) Class: 38K(128K)->37K(128K)
[4.617s][info][gc             ] GC(10) Pause Full (System.gc()) 44M->1M(7918M) 5.574ms
[4.617s][info][gc,cpu         ] GC(10) User=0.00s Sys=0.00s Real=0.01s
[5.071s][info][gc,start       ] GC(11) Pause Full (System.gc())
[5.072s][info][gc,phases,start] GC(11) Phase 1: Mark live objects
[5.073s][info][gc,phases      ] GC(11) Phase 1: Mark live objects 1.683ms
[5.073s][info][gc,phases,start] GC(11) Phase 2: Compute new object addresses
[5.074s][info][gc,phases      ] GC(11) Phase 2: Compute new object addresses 0.503ms
[5.074s][info][gc,phases,start] GC(11) Phase 3: Adjust pointers
[5.075s][info][gc,phases      ] GC(11) Phase 3: Adjust pointers 0.897ms
[5.075s][info][gc,phases,start] GC(11) Phase 4: Move objects
[5.075s][info][gc,phases      ] GC(11) Phase 4: Move objects 0.024ms
[5.075s][info][gc,heap        ] GC(11) DefNew: 44738K(2516544K)->0K(2516544K) Eden: 44738K(2236928K)->0K(2236928K) From: 0K(279616K)->0K(279616K)
[5.075s][info][gc,heap        ] GC(11) Tenured: 1138K(5592448K)->1127K(5592448K)
[5.075s][info][gc,metaspace   ] GC(11) Metaspace: 370K(576K)->369K(576K) NonClass: 331K(448K)->330K(448K) Class: 39K(128K)->38K(128K)
[5.075s][info][gc             ] GC(11) Pause Full (System.gc()) 44M->1M(7918M) 3.400ms
[5.075s][info][gc,cpu         ] GC(11) User=0.01s Sys=0.00s Real=0.01s
[5.532s][info][gc,start       ] GC(12) Pause Full (System.gc())
[5.532s][info][gc,phases,start] GC(12) Phase 1: Mark live objects
[5.534s][info][gc,phases      ] GC(12) Phase 1: Mark live objects 1.831ms
[5.534s][info][gc,phases,start] GC(12) Phase 2: Compute new object addresses
[5.534s][info][gc,phases      ] GC(12) Phase 2: Compute new object addresses 0.483ms
[5.534s][info][gc,phases,start] GC(12) Phase 3: Adjust pointers
[5.535s][info][gc,phases      ] GC(12) Phase 3: Adjust pointers 0.837ms
[5.535s][info][gc,phases,start] GC(12) Phase 4: Move objects
[5.535s][info][gc,phases      ] GC(12) Phase 4: Move objects 0.012ms
[5.535s][info][gc,heap        ] GC(12) DefNew: 44738K(2516544K)->0K(2516544K) Eden: 44738K(2236928K)->0K(2236928K) From: 0K(279616K)->0K(279616K)
[5.535s][info][gc,heap        ] GC(12) Tenured: 1127K(5592448K)->1130K(5592448K)
[5.535s][info][gc,metaspace   ] GC(12) Metaspace: 376K(576K)->376K(576K) NonClass: 336K(448K)->336K(448K) Class: 40K(128K)->40K(128K)
[5.535s][info][gc             ] GC(12) Pause Full (System.gc()) 44M->1M(7918M) 3.541ms
[5.535s][info][gc,cpu         ] GC(12) User=0.00s Sys=0.00s Real=0.01s
[5.993s][info][gc,start       ] GC(13) Pause Full (System.gc())
[5.993s][info][gc,phases,start] GC(13) Phase 1: Mark live objects
[5.997s][info][gc,phases      ] GC(13) Phase 1: Mark live objects 3.679ms
[5.997s][info][gc,phases,start] GC(13) Phase 2: Compute new object addresses
[5.998s][info][gc,phases      ] GC(13) Phase 2: Compute new object addresses 0.401ms
[5.998s][info][gc,phases,start] GC(13) Phase 3: Adjust pointers
[5.998s][info][gc,phases      ] GC(13) Phase 3: Adjust pointers 0.730ms
[5.998s][info][gc,phases,start] GC(13) Phase 4: Move objects
[5.999s][info][gc,phases      ] GC(13) Phase 4: Move objects 0.058ms
[5.999s][info][gc,heap        ] GC(13) DefNew: 44738K(2516544K)->0K(2516544K) Eden: 44738K(2236928K)->0K(2236928K) From: 0K(279616K)->0K(279616K)
[5.999s][info][gc,heap        ] GC(13) Tenured: 1130K(5592448K)->1133K(5592448K)
[5.999s][info][gc,metaspace   ] GC(13) Metaspace: 381K(576K)->381K(576K) NonClass: 339K(448K)->339K(448K) Class: 42K(128K)->42K(128K)
[5.999s][info][gc             ] GC(13) Pause Full (System.gc()) 44M->1M(7918M) 5.507ms
[5.999s][info][gc,cpu         ] GC(13) User=0.00s Sys=0.00s Real=0.01s
[6.456s][info][gc,start       ] GC(14) Pause Full (System.gc())
[6.456s][info][gc,phases,start] GC(14) Phase 1: Mark live objects
[6.459s][info][gc,phases      ] GC(14) Phase 1: Mark live objects 3.160ms
[6.460s][info][gc,phases,start] GC(14) Phase 2: Compute new object addresses
[6.460s][info][gc,phases      ] GC(14) Phase 2: Compute new object addresses 0.577ms
[6.460s][info][gc,phases,start] GC(14) Phase 3: Adjust pointers
[6.461s][info][gc,phases      ] GC(14) Phase 3: Adjust pointers 0.941ms
[6.461s][info][gc,phases,start] GC(14) Phase 4: Move objects
[6.461s][info][gc,phases      ] GC(14) Phase 4: Move objects 0.012ms
[6.461s][info][gc,heap        ] GC(14) DefNew: 44738K(2516544K)->0K(2516544K) Eden: 44738K(2236928K)->0K(2236928K) From: 0K(279616K)->0K(279616K)
[6.461s][info][gc,heap        ] GC(14) Tenured: 1133K(5592448K)->1136K(5592448K)
[6.461s][info][gc,metaspace   ] GC(14) Metaspace: 388K(576K)->388K(576K) NonClass: 344K(448K)->344K(448K) Class: 43K(128K)->43K(128K)
[6.461s][info][gc             ] GC(14) Pause Full (System.gc()) 44M->1M(7918M) 5.165ms
[6.461s][info][gc,cpu         ] GC(14) User=0.01s Sys=0.00s Real=0.00s
[6.918s][info][gc,start       ] GC(15) Pause Full (System.gc())
[6.918s][info][gc,phases,start] GC(15) Phase 1: Mark live objects
[6.921s][info][gc,phases      ] GC(15) Phase 1: Mark live objects 2.786ms
[6.921s][info][gc,phases,start] GC(15) Phase 2: Compute new object addresses
[6.922s][info][gc,phases      ] GC(15) Phase 2: Compute new object addresses 0.522ms
[6.922s][info][gc,phases,start] GC(15) Phase 3: Adjust pointers
[6.923s][info][gc,phases      ] GC(15) Phase 3: Adjust pointers 1.026ms
[6.923s][info][gc,phases,start] GC(15) Phase 4: Move objects
[6.923s][info][gc,phases      ] GC(15) Phase 4: Move objects 0.015ms
[6.923s][info][gc,heap        ] GC(15) DefNew: 44738K(2516544K)->0K(2516544K) Eden: 44738K(2236928K)->0K(2236928K) From: 0K(279616K)->0K(279616K)
[6.923s][info][gc,heap        ] GC(15) Tenured: 1136K(5592448K)->1139K(5592448K)
[6.923s][info][gc,metaspace   ] GC(15) Metaspace: 396K(640K)->396K(640K) NonClass: 350K(512K)->350K(512K) Class: 45K(128K)->45K(128K)
[6.923s][info][gc             ] GC(15) Pause Full (System.gc()) 44M->1M(7918M) 4.726ms
[6.923s][info][gc,cpu         ] GC(15) User=0.01s Sys=0.00s Real=0.00s
[7.379s][info][gc,start       ] GC(16) Pause Full (System.gc())
[7.379s][info][gc,phases,start] GC(16) Phase 1: Mark live objects
[7.382s][info][gc,phases      ] GC(16) Phase 1: Mark live objects 2.987ms
[7.382s][info][gc,phases,start] GC(16) Phase 2: Compute new object addresses
[7.383s][info][gc,phases      ] GC(16) Phase 2: Compute new object addresses 0.350ms
[7.383s][info][gc,phases,start] GC(16) Phase 3: Adjust pointers
[7.383s][info][gc,phases      ] GC(16) Phase 3: Adjust pointers 0.698ms
[7.383s][info][gc,phases,start] GC(16) Phase 4: Move objects
[7.383s][info][gc,phases      ] GC(16) Phase 4: Move objects 0.012ms
[7.383s][info][gc,heap        ] GC(16) DefNew: 44738K(2516544K)->0K(2516544K) Eden: 44738K(2236928K)->0K(2236928K) From: 0K(279616K)->0K(279616K)
[7.383s][info][gc,heap        ] GC(16) Tenured: 1139K(5592448K)->1142K(5592448K)
[7.383s][info][gc,metaspace   ] GC(16) Metaspace: 405K(640K)->405K(640K) NonClass: 358K(512K)->358K(512K) Class: 47K(128K)->47K(128K)
[7.383s][info][gc             ] GC(16) Pause Full (System.gc()) 44M->1M(7918M) 4.440ms
[7.383s][info][gc,cpu         ] GC(16) User=0.00s Sys=0.00s Real=0.00s
[7.840s][info][gc,start       ] GC(17) Pause Full (System.gc())
[7.840s][info][gc,phases,start] GC(17) Phase 1: Mark live objects
[7.842s][info][gc,phases      ] GC(17) Phase 1: Mark live objects 1.799ms
[7.842s][info][gc,phases,start] GC(17) Phase 2: Compute new object addresses
[7.842s][info][gc,phases      ] GC(17) Phase 2: Compute new object addresses 0.478ms
[7.842s][info][gc,phases,start] GC(17) Phase 3: Adjust pointers
[7.843s][info][gc,phases      ] GC(17) Phase 3: Adjust pointers 0.840ms
[7.843s][info][gc,phases,start] GC(17) Phase 4: Move objects
[7.843s][info][gc,phases      ] GC(17) Phase 4: Move objects 0.012ms
[7.843s][info][gc,heap        ] GC(17) DefNew: 44738K(2516544K)->0K(2516544K) Eden: 44738K(2236928K)->0K(2236928K) From: 0K(279616K)->0K(279616K)
[7.844s][info][gc,heap        ] GC(17) Tenured: 1142K(5592448K)->1145K(5592448K)
[7.844s][info][gc,metaspace   ] GC(17) Metaspace: 411K(640K)->393K(640K) NonClass: 362K(512K)->352K(512K) Class: 49K(128K)->41K(128K)
[7.844s][info][gc             ] GC(17) Pause Full (System.gc()) 44M->1M(7918M) 3.432ms
[7.844s][info][gc,cpu         ] GC(17) User=0.00s Sys=0.00s Real=0.01s
[8.298s][info][gc,start       ] GC(18) Pause Full (System.gc())
[8.298s][info][gc,phases,start] GC(18) Phase 1: Mark live objects
[8.300s][info][gc,phases      ] GC(18) Phase 1: Mark live objects 2.228ms
[8.300s][info][gc,phases,start] GC(18) Phase 2: Compute new object addresses
[8.301s][info][gc,phases      ] GC(18) Phase 2: Compute new object addresses 0.534ms
[8.301s][info][gc,phases,start] GC(18) Phase 3: Adjust pointers
[8.301s][info][gc,phases      ] GC(18) Phase 3: Adjust pointers 0.884ms
[8.301s][info][gc,phases,start] GC(18) Phase 4: Move objects
[8.302s][info][gc,phases      ] GC(18) Phase 4: Move objects 0.013ms
[8.302s][info][gc,heap        ] GC(18) DefNew: 44738K(2516544K)->0K(2516544K) Eden: 44738K(2236928K)->0K(2236928K) From: 0K(279616K)->0K(279616K)
[8.302s][info][gc,heap        ] GC(18) Tenured: 1145K(5592448K)->1148K(5592448K)
[8.302s][info][gc,metaspace   ] GC(18) Metaspace: 398K(640K)->395K(640K) NonClass: 355K(512K)->354K(512K) Class: 42K(128K)->41K(128K)
[8.302s][info][gc             ] GC(18) Pause Full (System.gc()) 44M->1M(7918M) 4.057ms
[8.302s][info][gc,cpu         ] GC(18) User=0.00s Sys=0.00s Real=0.00s
[8.758s][info][gc,start       ] GC(19) Pause Full (System.gc())
[8.758s][info][gc,phases,start] GC(19) Phase 1: Mark live objects
[8.759s][info][gc,phases      ] GC(19) Phase 1: Mark live objects 1.317ms
[8.759s][info][gc,phases,start] GC(19) Phase 2: Compute new object addresses
[8.760s][info][gc,phases      ] GC(19) Phase 2: Compute new object addresses 0.390ms
[8.760s][info][gc,phases,start] GC(19) Phase 3: Adjust pointers
[8.760s][info][gc,phases      ] GC(19) Phase 3: Adjust pointers 0.705ms
[8.760s][info][gc,phases,start] GC(19) Phase 4: Move objects
[8.760s][info][gc,phases      ] GC(19) Phase 4: Move objects 0.016ms
[8.760s][info][gc,heap        ] GC(19) DefNew: 44738K(2516544K)->0K(2516544K) Eden: 44738K(2236928K)->0K(2236928K) From: 0K(279616K)->0K(279616K)
[8.760s][info][gc,heap        ] GC(19) Tenured: 1148K(5592448K)->1136K(5592448K)
[8.760s][info][gc,metaspace   ] GC(19) Metaspace: 404K(640K)->404K(640K) NonClass: 361K(512K)->361K(512K) Class: 43K(128K)->43K(128K)
[8.761s][info][gc             ] GC(19) Pause Full (System.gc()) 44M->1M(7918M) 2.657ms
[8.761s][info][gc,cpu         ] GC(19) User=0.00s Sys=0.00s Real=0.00s
[9.215s][info][gc,start       ] GC(20) Pause Full (System.gc())
[9.215s][info][gc,phases,start] GC(20) Phase 1: Mark live objects
[9.217s][info][gc,phases      ] GC(20) Phase 1: Mark live objects 2.119ms
[9.217s][info][gc,phases,start] GC(20) Phase 2: Compute new object addresses
[9.218s][info][gc,phases      ] GC(20) Phase 2: Compute new object addresses 0.491ms
[9.218s][info][gc,phases,start] GC(20) Phase 3: Adjust pointers
[9.219s][info][gc,phases      ] GC(20) Phase 3: Adjust pointers 0.884ms
[9.219s][info][gc,phases,start] GC(20) Phase 4: Move objects
[9.219s][info][gc,phases      ] GC(20) Phase 4: Move objects 0.014ms
[9.219s][info][gc,heap        ] GC(20) DefNew: 44738K(2516544K)->0K(2516544K) Eden: 44738K(2236928K)->0K(2236928K) From: 0K(279616K)->0K(279616K)
[9.219s][info][gc,heap        ] GC(20) Tenured: 1136K(5592448K)->1139K(5592448K)
[9.219s][info][gc,metaspace   ] GC(20) Metaspace: 414K(640K)->414K(640K) NonClass: 369K(512K)->369K(512K) Class: 44K(128K)->44K(128K)
[9.219s][info][gc             ] GC(20) Pause Full (System.gc()) 44M->1M(7918M) 3.891ms
[9.219s][info][gc,cpu         ] GC(20) User=0.01s Sys=0.00s Real=0.00s
[9.674s][info][gc,start       ] GC(21) Pause Full (System.gc())
[9.674s][info][gc,phases,start] GC(21) Phase 1: Mark live objects
[9.679s][info][gc,phases      ] GC(21) Phase 1: Mark live objects 4.474ms
[9.679s][info][gc,phases,start] GC(21) Phase 2: Compute new object addresses
[9.679s][info][gc,phases      ] GC(21) Phase 2: Compute new object addresses 0.316ms
[9.679s][info][gc,phases,start] GC(21) Phase 3: Adjust pointers
[9.680s][info][gc,phases      ] GC(21) Phase 3: Adjust pointers 1.183ms
[9.680s][info][gc,phases,start] GC(21) Phase 4: Move objects
[9.680s][info][gc,phases      ] GC(21) Phase 4: Move objects 0.019ms
[9.680s][info][gc,heap        ] GC(21) DefNew: 44738K(2516544K)->0K(2516544K) Eden: 44738K(2236928K)->0K(2236928K) From: 0K(279616K)->0K(279616K)
[9.680s][info][gc,heap        ] GC(21) Tenured: 1139K(5592448K)->1142K(5592448K)
[9.680s][info][gc,metaspace   ] GC(21) Metaspace: 422K(640K)->422K(640K) NonClass: 375K(512K)->375K(512K) Class: 46K(128K)->46K(128K)
[9.680s][info][gc             ] GC(21) Pause Full (System.gc()) 44M->1M(7918M) 6.375ms
[9.680s][info][gc,cpu         ] GC(21) User=0.00s Sys=0.01s Real=0.00s
[10.138s][info][gc,start       ] GC(22) Pause Full (System.gc())
[10.138s][info][gc,phases,start] GC(22) Phase 1: Mark live objects
[10.142s][info][gc,phases      ] GC(22) Phase 1: Mark live objects 3.652ms
[10.142s][info][gc,phases,start] GC(22) Phase 2: Compute new object addresses
[10.143s][info][gc,phases      ] GC(22) Phase 2: Compute new object addresses 0.486ms
[10.143s][info][gc,phases,start] GC(22) Phase 3: Adjust pointers
[10.143s][info][gc,phases      ] GC(22) Phase 3: Adjust pointers 0.884ms
[10.143s][info][gc,phases,start] GC(22) Phase 4: Move objects
[10.143s][info][gc,phases      ] GC(22) Phase 4: Move objects 0.013ms
[10.144s][info][gc,heap        ] GC(22) DefNew: 44738K(2516544K)->0K(2516544K) Eden: 44738K(2236928K)->0K(2236928K) From: 0K(279616K)->0K(279616K)
[10.144s][info][gc,heap        ] GC(22) Tenured: 1142K(5592448K)->1145K(5592448K)
[10.144s][info][gc,metaspace   ] GC(22) Metaspace: 428K(640K)->387K(640K) NonClass: 379K(512K)->349K(512K) Class: 48K(128K)->38K(128K)
[10.144s][info][gc             ] GC(22) Pause Full (System.gc()) 44M->1M(7918M) 5.550ms
[10.144s][info][gc,cpu         ] GC(22) User=0.00s Sys=0.00s Real=0.01s
[10.599s][info][gc,start       ] GC(23) Pause Full (System.gc())
[10.599s][info][gc,phases,start] GC(23) Phase 1: Mark live objects
[10.603s][info][gc,phases      ] GC(23) Phase 1: Mark live objects 3.968ms
[10.603s][info][gc,phases,start] GC(23) Phase 2: Compute new object addresses
[10.604s][info][gc,phases      ] GC(23) Phase 2: Compute new object addresses 0.298ms
[10.604s][info][gc,phases,start] GC(23) Phase 3: Adjust pointers
[10.605s][info][gc,phases      ] GC(23) Phase 3: Adjust pointers 1.274ms
[10.605s][info][gc,phases,start] GC(23) Phase 4: Move objects
[10.605s][info][gc,phases      ] GC(23) Phase 4: Move objects 0.019ms
[10.605s][info][gc,heap        ] GC(23) DefNew: 44738K(2516544K)->0K(2516544K) Eden: 44738K(2236928K)->0K(2236928K) From: 0K(279616K)->0K(279616K)
[10.605s][info][gc,heap        ] GC(23) Tenured: 1145K(5592448K)->1126K(5592448K)
[10.605s][info][gc,metaspace   ] GC(23) Metaspace: 394K(640K)->390K(640K) NonClass: 353K(512K)->351K(512K) Class: 40K(128K)->39K(128K)
[10.605s][info][gc             ] GC(23) Pause Full (System.gc()) 44M->1M(7918M) 6.104ms
[10.605s][info][gc,cpu         ] GC(23) User=0.00s Sys=0.00s Real=0.01s
[11.058s][info][gc,start       ] GC(24) Pause Full (System.gc())
[11.058s][info][gc,phases,start] GC(24) Phase 1: Mark live objects
[11.062s][info][gc,phases      ] GC(24) Phase 1: Mark live objects 3.707ms
[11.062s][info][gc,phases,start] GC(24) Phase 2: Compute new object addresses
[11.063s][info][gc,phases      ] GC(24) Phase 2: Compute new object addresses 0.331ms
[11.063s][info][gc,phases,start] GC(24) Phase 3: Adjust pointers
[11.064s][info][gc,phases      ] GC(24) Phase 3: Adjust pointers 1.364ms
[11.064s][info][gc,phases,start] GC(24) Phase 4: Move objects
[11.064s][info][gc,phases      ] GC(24) Phase 4: Move objects 0.015ms
[11.064s][info][gc,heap        ] GC(24) DefNew: 44738K(2516544K)->0K(2516544K) Eden: 44738K(2236928K)->0K(2236928K) From: 0K(279616K)->0K(279616K)
[11.064s][info][gc,heap        ] GC(24) Tenured: 1126K(5592448K)->1129K(5592448K)
[11.064s][info][gc,metaspace   ] GC(24) Metaspace: 399K(640K)->398K(640K) NonClass: 358K(512K)->357K(512K) Class: 40K(128K)->40K(128K)
[11.064s][info][gc             ] GC(24) Pause Full (System.gc()) 44M->1M(7918M) 6.065ms
[11.064s][info][gc,cpu         ] GC(24) User=0.00s Sys=0.00s Real=0.01s
[11.523s][info][gc,start       ] GC(25) Pause Full (System.gc())
[11.523s][info][gc,phases,start] GC(25) Phase 1: Mark live objects
[11.527s][info][gc,phases      ] GC(25) Phase 1: Mark live objects 3.471ms
[11.527s][info][gc,phases,start] GC(25) Phase 2: Compute new object addresses
[11.527s][info][gc,phases      ] GC(25) Phase 2: Compute new object addresses 0.481ms
[11.527s][info][gc,phases,start] GC(25) Phase 3: Adjust pointers
[11.528s][info][gc,phases      ] GC(25) Phase 3: Adjust pointers 0.938ms
[11.528s][info][gc,phases,start] GC(25) Phase 4: Move objects
[11.528s][info][gc,phases      ] GC(25) Phase 4: Move objects 0.012ms
[11.528s][info][gc,heap        ] GC(25) DefNew: 44738K(2516544K)->0K(2516544K) Eden: 44738K(2236928K)->0K(2236928K) From: 0K(279616K)->0K(279616K)
[11.528s][info][gc,heap        ] GC(25) Tenured: 1129K(5592448K)->1132K(5592448K)
[11.528s][info][gc,metaspace   ] GC(25) Metaspace: 404K(640K)->403K(640K) NonClass: 362K(512K)->361K(512K) Class: 42K(128K)->41K(128K)
[11.528s][info][gc             ] GC(25) Pause Full (System.gc()) 44M->1M(7918M) 5.463ms
[11.528s][info][gc,cpu         ] GC(25) User=0.00s Sys=0.00s Real=0.01s
[11.981s][info][gc,start       ] GC(26) Pause Full (System.gc())
[11.981s][info][gc,phases,start] GC(26) Phase 1: Mark live objects
[11.982s][info][gc,phases      ] GC(26) Phase 1: Mark live objects 1.105ms
[11.982s][info][gc,phases,start] GC(26) Phase 2: Compute new object addresses
[11.982s][info][gc,phases      ] GC(26) Phase 2: Compute new object addresses 0.292ms
[11.982s][info][gc,phases,start] GC(26) Phase 3: Adjust pointers
[11.983s][info][gc,phases      ] GC(26) Phase 3: Adjust pointers 0.533ms
[11.983s][info][gc,phases,start] GC(26) Phase 4: Move objects
[11.983s][info][gc,phases      ] GC(26) Phase 4: Move objects 0.011ms
[11.983s][info][gc,heap        ] GC(26) DefNew: 44738K(2516544K)->0K(2516544K) Eden: 44738K(2236928K)->0K(2236928K) From: 0K(279616K)->0K(279616K)
[11.983s][info][gc,heap        ] GC(26) Tenured: 1132K(5592448K)->1135K(5592448K)
[11.983s][info][gc,metaspace   ] GC(26) Metaspace: 408K(640K)->393K(640K) NonClass: 365K(512K)->356K(512K) Class: 43K(128K)->37K(128K)
[11.983s][info][gc             ] GC(26) Pause Full (System.gc()) 44M->1M(7918M) 2.147ms
[11.983s][info][gc,cpu         ] GC(26) User=0.00s Sys=0.00s Real=0.00s
[12.436s][info][gc,start       ] GC(27) Pause Full (System.gc())
[12.436s][info][gc,phases,start] GC(27) Phase 1: Mark live objects
[12.440s][info][gc,phases      ] GC(27) Phase 1: Mark live objects 4.403ms
[12.440s][info][gc,phases,start] GC(27) Phase 2: Compute new object addresses
[12.441s][info][gc,phases      ] GC(27) Phase 2: Compute new object addresses 0.373ms
[12.441s][info][gc,phases,start] GC(27) Phase 3: Adjust pointers
[12.442s][info][gc,phases      ] GC(27) Phase 3: Adjust pointers 1.322ms
[12.442s][info][gc,phases,start] GC(27) Phase 4: Move objects
[12.442s][info][gc,phases      ] GC(27) Phase 4: Move objects 0.019ms
[12.442s][info][gc,heap        ] GC(27) DefNew: 44738K(2516544K)->0K(2516544K) Eden: 44738K(2236928K)->0K(2236928K) From: 0K(279616K)->0K(279616K)
[12.442s][info][gc,heap        ] GC(27) Tenured: 1135K(5592448K)->1125K(5592448K)
[12.442s][info][gc,metaspace   ] GC(27) Metaspace: 398K(640K)->395K(640K) NonClass: 359K(512K)->358K(512K) Class: 38K(128K)->37K(128K)
[12.442s][info][gc             ] GC(27) Pause Full (System.gc()) 44M->1M(7918M) 6.716ms
[12.442s][info][gc,cpu         ] GC(27) User=0.00s Sys=0.00s Real=0.00s
[12.897s][info][gc,start       ] GC(28) Pause Full (System.gc())
[12.898s][info][gc,phases,start] GC(28) Phase 1: Mark live objects
[12.901s][info][gc,phases      ] GC(28) Phase 1: Mark live objects 3.250ms
[12.901s][info][gc,phases,start] GC(28) Phase 2: Compute new object addresses
[12.901s][info][gc,phases      ] GC(28) Phase 2: Compute new object addresses 0.559ms
[12.901s][info][gc,phases,start] GC(28) Phase 3: Adjust pointers
[12.902s][info][gc,phases      ] GC(28) Phase 3: Adjust pointers 0.943ms
[12.902s][info][gc,phases,start] GC(28) Phase 4: Move objects
[12.902s][info][gc,phases      ] GC(28) Phase 4: Move objects 0.012ms
[12.902s][info][gc,heap        ] GC(28) DefNew: 44738K(2516544K)->0K(2516544K) Eden: 44738K(2236928K)->0K(2236928K) From: 0K(279616K)->0K(279616K)
[12.902s][info][gc,heap        ] GC(28) Tenured: 1125K(5592448K)->1128K(5592448K)
[12.902s][info][gc,metaspace   ] GC(28) Metaspace: 405K(640K)->405K(640K) NonClass: 366K(512K)->366K(512K) Class: 39K(128K)->39K(128K)
[12.903s][info][gc             ] GC(28) Pause Full (System.gc()) 44M->1M(7918M) 5.216ms
[12.903s][info][gc,cpu         ] GC(28) User=0.00s Sys=0.01s Real=0.00s
[13.356s][info][gc,start       ] GC(29) Pause Full (System.gc())
[13.356s][info][gc,phases,start] GC(29) Phase 1: Mark live objects
[13.362s][info][gc,phases      ] GC(29) Phase 1: Mark live objects 5.169ms
[13.362s][info][gc,phases,start] GC(29) Phase 2: Compute new object addresses
[13.362s][info][gc,phases      ] GC(29) Phase 2: Compute new object addresses 0.325ms
[13.362s][info][gc,phases,start] GC(29) Phase 3: Adjust pointers
[13.363s][info][gc,phases      ] GC(29) Phase 3: Adjust pointers 1.303ms
[13.363s][info][gc,phases,start] GC(29) Phase 4: Move objects
[13.363s][info][gc,phases      ] GC(29) Phase 4: Move objects 0.017ms
[13.364s][info][gc,heap        ] GC(29) DefNew: 44738K(2516544K)->0K(2516544K) Eden: 44738K(2236928K)->0K(2236928K) From: 0K(279616K)->0K(279616K)
[13.364s][info][gc,heap        ] GC(29) Tenured: 1128K(5592448K)->1131K(5592448K)
[13.364s][info][gc,metaspace   ] GC(29) Metaspace: 411K(640K)->409K(640K) NonClass: 370K(512K)->369K(512K) Class: 40K(128K)->39K(128K)
[13.364s][info][gc             ] GC(29) Pause Full (System.gc()) 44M->1M(7918M) 7.302ms
[13.364s][info][gc,cpu         ] GC(29) User=0.01s Sys=0.00s Real=0.01s
[13.817s][info][gc,start       ] GC(30) Pause Full (System.gc())
[13.817s][info][gc,phases,start] GC(30) Phase 1: Mark live objects
[13.820s][info][gc,phases      ] GC(30) Phase 1: Mark live objects 3.163ms
[13.820s][info][gc,phases,start] GC(30) Phase 2: Compute new object addresses
[13.821s][info][gc,phases      ] GC(30) Phase 2: Compute new object addresses 0.331ms
[13.821s][info][gc,phases,start] GC(30) Phase 3: Adjust pointers
[13.821s][info][gc,phases      ] GC(30) Phase 3: Adjust pointers 0.636ms
[13.821s][info][gc,phases,start] GC(30) Phase 4: Move objects
[13.821s][info][gc,phases      ] GC(30) Phase 4: Move objects 0.012ms
[13.822s][info][gc,heap        ] GC(30) DefNew: 44738K(2516544K)->0K(2516544K) Eden: 44738K(2236928K)->0K(2236928K) From: 0K(279616K)->0K(279616K)
[13.822s][info][gc,heap        ] GC(30) Tenured: 1131K(5592448K)->1134K(5592448K)
[13.822s][info][gc,metaspace   ] GC(30) Metaspace: 414K(640K)->408K(640K) NonClass: 372K(512K)->369K(512K) Class: 41K(128K)->39K(128K)
[13.822s][info][gc             ] GC(30) Pause Full (System.gc()) 44M->1M(7918M) 4.651ms
[13.822s][info][gc,cpu         ] GC(30) User=0.01s Sys=0.00s Real=0.00s
[14.276s][info][gc,start       ] GC(31) Pause Full (System.gc())
[14.276s][info][gc,phases,start] GC(31) Phase 1: Mark live objects
[14.278s][info][gc,phases      ] GC(31) Phase 1: Mark live objects 2.427ms
[14.278s][info][gc,phases,start] GC(31) Phase 2: Compute new object addresses
[14.278s][info][gc,phases      ] GC(31) Phase 2: Compute new object addresses 0.308ms
[14.278s][info][gc,phases,start] GC(31) Phase 3: Adjust pointers
[14.279s][info][gc,phases      ] GC(31) Phase 3: Adjust pointers 0.654ms
[14.279s][info][gc,phases,start] GC(31) Phase 4: Move objects
[14.279s][info][gc,phases      ] GC(31) Phase 4: Move objects 0.014ms
[14.279s][info][gc,heap        ] GC(31) DefNew: 44738K(2516544K)->0K(2516544K) Eden: 44738K(2236928K)->0K(2236928K) From: 0K(279616K)->0K(279616K)
[14.279s][info][gc,heap        ] GC(31) Tenured: 1134K(5592448K)->1129K(5592448K)
[14.279s][info][gc,metaspace   ] GC(31) Metaspace: 415K(640K)->412K(640K) NonClass: 374K(512K)->373K(512K) Class: 40K(128K)->39K(128K)
[14.279s][info][gc             ] GC(31) Pause Full (System.gc()) 44M->1M(7918M) 3.797ms
[14.279s][info][gc,cpu         ] GC(31) User=0.00s Sys=0.00s Real=0.00s
[14.736s][info][gc,start       ] GC(32) Pause Full (System.gc())
[14.737s][info][gc,phases,start] GC(32) Phase 1: Mark live objects
[14.741s][info][gc,phases      ] GC(32) Phase 1: Mark live objects 4.159ms
[14.741s][info][gc,phases,start] GC(32) Phase 2: Compute new object addresses
[14.741s][info][gc,phases      ] GC(32) Phase 2: Compute new object addresses 0.351ms
[14.741s][info][gc,phases,start] GC(32) Phase 3: Adjust pointers
[14.742s][info][gc,phases      ] GC(32) Phase 3: Adjust pointers 1.023ms
[14.742s][info][gc,phases,start] GC(32) Phase 4: Move objects
[14.742s][info][gc,phases      ] GC(32) Phase 4: Move objects 0.013ms
[14.742s][info][gc,heap        ] GC(32) DefNew: 44738K(2516544K)->0K(2516544K) Eden: 44738K(2236928K)->0K(2236928K) From: 0K(279616K)->0K(279616K)
[14.742s][info][gc,heap        ] GC(32) Tenured: 1129K(5592448K)->1132K(5592448K)
[14.742s][info][gc,metaspace   ] GC(32) Metaspace: 420K(640K)->417K(640K) NonClass: 379K(512K)->377K(512K) Class: 41K(128K)->40K(128K)
[14.742s][info][gc             ] GC(32) Pause Full (System.gc()) 44M->1M(7918M) 5.955ms
[14.742s][info][gc,cpu         ] GC(32) User=0.01s Sys=0.00s Real=0.00s
[15.198s][info][gc,start       ] GC(33) Pause Full (System.gc())
[15.198s][info][gc,phases,start] GC(33) Phase 1: Mark live objects
[15.202s][info][gc,phases      ] GC(33) Phase 1: Mark live objects 3.794ms
[15.202s][info][gc,phases,start] GC(33) Phase 2: Compute new object addresses
[15.202s][info][gc,phases      ] GC(33) Phase 2: Compute new object addresses 0.530ms
[15.202s][info][gc,phases,start] GC(33) Phase 3: Adjust pointers
[15.203s][info][gc,phases      ] GC(33) Phase 3: Adjust pointers 0.961ms
[15.203s][info][gc,phases,start] GC(33) Phase 4: Move objects
[15.203s][info][gc,phases      ] GC(33) Phase 4: Move objects 0.015ms
[15.204s][info][gc,heap        ] GC(33) DefNew: 44738K(2516544K)->0K(2516544K) Eden: 44738K(2236928K)->0K(2236928K) From: 0K(279616K)->0K(279616K)
[15.204s][info][gc,heap        ] GC(33) Tenured: 1132K(5592448K)->1135K(5592448K)
[15.204s][info][gc,metaspace   ] GC(33) Metaspace: 422K(640K)->422K(640K) NonClass: 380K(512K)->380K(512K) Class: 41K(128K)->41K(128K)
[15.204s][info][gc             ] GC(33) Pause Full (System.gc()) 44M->1M(7918M) 5.674ms
[15.204s][info][gc,cpu         ] GC(33) User=0.01s Sys=0.00s Real=0.01s
[15.660s][info][gc,start       ] GC(34) Pause Full (System.gc())
[15.660s][info][gc,phases,start] GC(34) Phase 1: Mark live objects
[15.662s][info][gc,phases      ] GC(34) Phase 1: Mark live objects 2.380ms
[15.662s][info][gc,phases,start] GC(34) Phase 2: Compute new object addresses
[15.663s][info][gc,phases      ] GC(34) Phase 2: Compute new object addresses 0.574ms
[15.663s][info][gc,phases,start] GC(34) Phase 3: Adjust pointers
[15.664s][info][gc,phases      ] GC(34) Phase 3: Adjust pointers 1.010ms
[15.664s][info][gc,phases,start] GC(34) Phase 4: Move objects
[15.664s][info][gc,phases      ] GC(34) Phase 4: Move objects 0.013ms
[15.664s][info][gc,heap        ] GC(34) DefNew: 44738K(2516544K)->0K(2516544K) Eden: 44738K(2236928K)->0K(2236928K) From: 0K(279616K)->0K(279616K)
[15.664s][info][gc,heap        ] GC(34) Tenured: 1135K(5592448K)->1138K(5592448K)
[15.664s][info][gc,metaspace   ] GC(34) Metaspace: 429K(640K)->429K(640K) NonClass: 385K(512K)->385K(512K) Class: 43K(128K)->43K(128K)
[15.664s][info][gc             ] GC(34) Pause Full (System.gc()) 44M->1M(7918M) 4.385ms
[15.664s][info][gc,cpu         ] GC(34) User=0.00s Sys=0.00s Real=0.01s
[16.119s][info][gc,start       ] GC(35) Pause Full (System.gc())
[16.120s][info][gc,phases,start] GC(35) Phase 1: Mark live objects
[16.125s][info][gc,phases      ] GC(35) Phase 1: Mark live objects 5.060ms
[16.125s][info][gc,phases,start] GC(35) Phase 2: Compute new object addresses
[16.125s][info][gc,phases      ] GC(35) Phase 2: Compute new object addresses 0.508ms
[16.125s][info][gc,phases,start] GC(35) Phase 3: Adjust pointers
[16.126s][info][gc,phases      ] GC(35) Phase 3: Adjust pointers 0.945ms
[16.126s][info][gc,phases,start] GC(35) Phase 4: Move objects
[16.126s][info][gc,phases      ] GC(35) Phase 4: Move objects 0.017ms
[16.126s][info][gc,heap        ] GC(35) DefNew: 44738K(2516544K)->0K(2516544K) Eden: 44738K(2236928K)->0K(2236928K) From: 0K(279616K)->0K(279616K)
[16.126s][info][gc,heap        ] GC(35) Tenured: 1138K(5592448K)->1133K(5592448K)
[16.126s][info][gc,metaspace   ] GC(35) Metaspace: 434K(640K)->426K(640K) NonClass: 389K(512K)->384K(512K) Class: 45K(128K)->41K(128K)
[16.126s][info][gc             ] GC(35) Pause Full (System.gc()) 44M->1M(7918M) 7.044ms
[16.126s][info][gc,cpu         ] GC(35) User=0.00s Sys=0.00s Real=0.01s
[16.581s][info][gc,start       ] GC(36) Pause Full (System.gc())
[16.581s][info][gc,phases,start] GC(36) Phase 1: Mark live objects
[16.585s][info][gc,phases      ] GC(36) Phase 1: Mark live objects 3.445ms
[16.585s][info][gc,phases,start] GC(36) Phase 2: Compute new object addresses
[16.585s][info][gc,phases      ] GC(36) Phase 2: Compute new object addresses 0.482ms
[16.585s][info][gc,phases,start] GC(36) Phase 3: Adjust pointers
[16.586s][info][gc,phases      ] GC(36) Phase 3: Adjust pointers 0.980ms
[16.586s][info][gc,phases,start] GC(36) Phase 4: Move objects
[16.586s][info][gc,phases      ] GC(36) Phase 4: Move objects 0.012ms
[16.586s][info][gc,heap        ] GC(36) DefNew: 44738K(2516544K)->0K(2516544K) Eden: 44738K(2236928K)->0K(2236928K) From: 0K(279616K)->0K(279616K)
[16.587s][info][gc,heap        ] GC(36) Tenured: 1133K(5592448K)->1136K(5592448K)
[16.587s][info][gc,metaspace   ] GC(36) Metaspace: 433K(640K)->430K(640K) NonClass: 390K(512K)->388K(512K) Class: 43K(128K)->42K(128K)
[16.587s][info][gc             ] GC(36) Pause Full (System.gc()) 44M->1M(7918M) 5.242ms
[16.587s][info][gc,cpu         ] GC(36) User=0.01s Sys=0.01s Real=0.01s
[17.043s][info][gc,start       ] GC(37) Pause Full (System.gc())
[17.044s][info][gc,phases,start] GC(37) Phase 1: Mark live objects
[17.048s][info][gc,phases      ] GC(37) Phase 1: Mark live objects 4.292ms
[17.048s][info][gc,phases,start] GC(37) Phase 2: Compute new object addresses
[17.048s][info][gc,phases      ] GC(37) Phase 2: Compute new object addresses 0.477ms
[17.048s][info][gc,phases,start] GC(37) Phase 3: Adjust pointers
[17.049s][info][gc,phases      ] GC(37) Phase 3: Adjust pointers 0.866ms
[17.049s][info][gc,phases,start] GC(37) Phase 4: Move objects
[17.049s][info][gc,phases      ] GC(37) Phase 4: Move objects 0.006ms
[17.049s][info][gc,heap        ] GC(37) DefNew: 44738K(2516544K)->0K(2516544K) Eden: 44738K(2236928K)->0K(2236928K) From: 0K(279616K)->0K(279616K)
[17.049s][info][gc,heap        ] GC(37) Tenured: 1136K(5592448K)->1139K(5592448K)
[17.049s][info][gc,metaspace   ] GC(37) Metaspace: 436K(640K)->433K(640K) NonClass: 392K(512K)->391K(512K) Class: 43K(128K)->42K(128K)
[17.049s][info][gc             ] GC(37) Pause Full (System.gc()) 44M->1M(7918M) 6.056ms
[17.049s][info][gc,cpu         ] GC(37) User=0.01s Sys=0.00s Real=0.01s
[17.507s][info][gc,start       ] GC(38) Pause Full (System.gc())
[17.507s][info][gc,phases,start] GC(38) Phase 1: Mark live objects
[17.510s][info][gc,phases      ] GC(38) Phase 1: Mark live objects 3.483ms
[17.510s][info][gc,phases,start] GC(38) Phase 2: Compute new object addresses
[17.511s][info][gc,phases      ] GC(38) Phase 2: Compute new object addresses 0.417ms
[17.511s][info][gc,phases,start] GC(38) Phase 3: Adjust pointers
[17.512s][info][gc,phases      ] GC(38) Phase 3: Adjust pointers 0.936ms
[17.512s][info][gc,phases,start] GC(38) Phase 4: Move objects
[17.512s][info][gc,phases      ] GC(38) Phase 4: Move objects 0.020ms
[17.512s][info][gc,heap        ] GC(38) DefNew: 44738K(2516544K)->0K(2516544K) Eden: 44738K(2236928K)->0K(2236928K) From: 0K(279616K)->0K(279616K)
[17.512s][info][gc,heap        ] GC(38) Tenured: 1139K(5592448K)->1142K(5592448K)
[17.512s][info][gc,metaspace   ] GC(38) Metaspace: 438K(640K)->438K(640K) NonClass: 394K(512K)->394K(512K) Class: 44K(128K)->44K(128K)
[17.512s][info][gc             ] GC(38) Pause Full (System.gc()) 44M->1M(7918M) 5.604ms
[17.512s][info][gc,cpu         ] GC(38) User=0.00s Sys=0.00s Real=0.00s
[17.969s][info][gc,start       ] GC(39) Pause Full (System.gc())
[17.969s][info][gc,phases,start] GC(39) Phase 1: Mark live objects
[17.972s][info][gc,phases      ] GC(39) Phase 1: Mark live objects 3.207ms
[17.972s][info][gc,phases,start] GC(39) Phase 2: Compute new object addresses
[17.973s][info][gc,phases      ] GC(39) Phase 2: Compute new object addresses 0.411ms
[17.973s][info][gc,phases,start] GC(39) Phase 3: Adjust pointers
[17.974s][info][gc,phases      ] GC(39) Phase 3: Adjust pointers 0.863ms
[17.974s][info][gc,phases,start] GC(39) Phase 4: Move objects
[17.974s][info][gc,phases      ] GC(39) Phase 4: Move objects 0.014ms
[17.974s][info][gc,heap        ] GC(39) DefNew: 44738K(2516544K)->0K(2516544K) Eden: 44738K(2236928K)->0K(2236928K) From: 0K(279616K)->0K(279616K)
[17.974s][info][gc,heap        ] GC(39) Tenured: 1142K(5592448K)->1141K(5592448K)
[17.974s][info][gc,metaspace   ] GC(39) Metaspace: 444K(640K)->444K(640K) NonClass: 398K(512K)->398K(512K) Class: 45K(128K)->45K(128K)
[17.974s][info][gc             ] GC(39) Pause Full (System.gc()) 44M->1M(7918M) 4.928ms
[17.974s][info][gc,cpu         ] GC(39) User=0.00s Sys=0.00s Real=0.01s
[18.432s][info][gc,start       ] GC(40) Pause Full (System.gc())
[18.432s][info][gc,phases,start] GC(40) Phase 1: Mark live objects
[18.435s][info][gc,phases      ] GC(40) Phase 1: Mark live objects 3.429ms
[18.435s][info][gc,phases,start] GC(40) Phase 2: Compute new object addresses
[18.436s][info][gc,phases      ] GC(40) Phase 2: Compute new object addresses 0.536ms
[18.436s][info][gc,phases,start] GC(40) Phase 3: Adjust pointers
[18.437s][info][gc,phases      ] GC(40) Phase 3: Adjust pointers 0.929ms
[18.437s][info][gc,phases,start] GC(40) Phase 4: Move objects
[18.437s][info][gc,phases      ] GC(40) Phase 4: Move objects 0.013ms
[18.437s][info][gc,heap        ] GC(40) DefNew: 44738K(2516544K)->0K(2516544K) Eden: 44738K(2236928K)->0K(2236928K) From: 0K(279616K)->0K(279616K)
[18.437s][info][gc,heap        ] GC(40) Tenured: 1141K(5592448K)->1144K(5592448K)
[18.437s][info][gc,metaspace   ] GC(40) Metaspace: 450K(640K)->408K(640K) NonClass: 402K(512K)->371K(512K) Class: 47K(128K)->37K(128K)
[18.437s][info][gc             ] GC(40) Pause Full (System.gc()) 44M->1M(7918M) 5.313ms
[18.437s][info][gc,cpu         ] GC(40) User=0.00s Sys=0.00s Real=0.01s
[18.895s][info][gc,start       ] GC(41) Pause Full (System.gc())
[18.895s][info][gc,phases,start] GC(41) Phase 1: Mark live objects
[18.897s][info][gc,phases      ] GC(41) Phase 1: Mark live objects 2.497ms
[18.897s][info][gc,phases,start] GC(41) Phase 2: Compute new object addresses
[18.898s][info][gc,phases      ] GC(41) Phase 2: Compute new object addresses 0.414ms
[18.898s][info][gc,phases,start] GC(41) Phase 3: Adjust pointers
[18.898s][info][gc,phases      ] GC(41) Phase 3: Adjust pointers 0.775ms
[18.898s][info][gc,phases,start] GC(41) Phase 4: Move objects
[18.898s][info][gc,phases      ] GC(41) Phase 4: Move objects 0.010ms
[18.899s][info][gc,heap        ] GC(41) DefNew: 44738K(2516544K)->0K(2516544K) Eden: 44738K(2236928K)->0K(2236928K) From: 0K(279616K)->0K(279616K)
[18.899s][info][gc,heap        ] GC(41) Tenured: 1144K(5592448K)->1147K(5592448K)
[18.899s][info][gc,metaspace   ] GC(41) Metaspace: 414K(640K)->411K(640K) NonClass: 375K(512K)->373K(512K) Class: 39K(128K)->38K(128K)
[18.899s][info][gc             ] GC(41) Pause Full (System.gc()) 44M->1M(7918M) 4.123ms
[18.899s][info][gc,cpu         ] GC(41) User=0.01s Sys=0.00s Real=0.00s
[19.352s][info][gc,start       ] GC(42) Pause Full (System.gc())
[19.353s][info][gc,phases,start] GC(42) Phase 1: Mark live objects
[19.357s][info][gc,phases      ] GC(42) Phase 1: Mark live objects 4.698ms
[19.357s][info][gc,phases,start] GC(42) Phase 2: Compute new object addresses
[19.358s][info][gc,phases      ] GC(42) Phase 2: Compute new object addresses 0.327ms
[19.358s][info][gc,phases,start] GC(42) Phase 3: Adjust pointers
[19.359s][info][gc,phases      ] GC(42) Phase 3: Adjust pointers 1.534ms
[19.359s][info][gc,phases,start] GC(42) Phase 4: Move objects
[19.359s][info][gc,phases      ] GC(42) Phase 4: Move objects 0.018ms
[19.359s][info][gc,heap        ] GC(42) DefNew: 89477K(2516544K)->0K(2516544K) Eden: 89477K(2236928K)->0K(2236928K) From: 0K(279616K)->0K(279616K)
[19.359s][info][gc,heap        ] GC(42) Tenured: 1147K(5592448K)->1150K(5592448K)
[19.359s][info][gc,metaspace   ] GC(42) Metaspace: 427K(640K)->423K(640K) NonClass: 386K(512K)->384K(512K) Class: 40K(128K)->39K(128K)
[19.359s][info][gc             ] GC(42) Pause Full (System.gc()) 88M->1M(7918M) 7.065ms
[19.359s][info][gc,cpu         ] GC(42) User=0.01s Sys=0.00s Real=0.01s
[19.814s][info][gc,start       ] GC(43) Pause Full (System.gc())
[19.815s][info][gc,phases,start] GC(43) Phase 1: Mark live objects
[19.819s][info][gc,phases      ] GC(43) Phase 1: Mark live objects 4.275ms
[19.819s][info][gc,phases,start] GC(43) Phase 2: Compute new object addresses
[19.819s][info][gc,phases      ] GC(43) Phase 2: Compute new object addresses 0.369ms
[19.819s][info][gc,phases,start] GC(43) Phase 3: Adjust pointers
[19.821s][info][gc,phases      ] GC(43) Phase 3: Adjust pointers 1.429ms
[19.821s][info][gc,phases,start] GC(43) Phase 4: Move objects
[19.821s][info][gc,phases      ] GC(43) Phase 4: Move objects 0.017ms
[19.821s][info][gc,heap        ] GC(43) DefNew: 44738K(2516544K)->0K(2516544K) Eden: 44738K(2236928K)->0K(2236928K) From: 0K(279616K)->0K(279616K)
[19.821s][info][gc,heap        ] GC(43) Tenured: 1150K(5592448K)->1128K(5592448K)
[19.821s][info][gc,metaspace   ] GC(43) Metaspace: 428K(640K)->427K(640K) NonClass: 387K(512K)->387K(512K) Class: 40K(128K)->40K(128K)
[19.821s][info][gc             ] GC(43) Pause Full (System.gc()) 44M->1M(7918M) 6.649ms
[19.821s][info][gc,cpu         ] GC(43) User=0.01s Sys=0.00s Real=0.00s
[20.274s][info][gc,start       ] GC(44) Pause Full (System.gc())
[20.274s][info][gc,phases,start] GC(44) Phase 1: Mark live objects
[20.279s][info][gc,phases      ] GC(44) Phase 1: Mark live objects 4.455ms
[20.279s][info][gc,phases,start] GC(44) Phase 2: Compute new object addresses
[20.279s][info][gc,phases      ] GC(44) Phase 2: Compute new object addresses 0.506ms
[20.280s][info][gc,phases,start] GC(44) Phase 3: Adjust pointers
[20.280s][info][gc,phases      ] GC(44) Phase 3: Adjust pointers 0.974ms
[20.280s][info][gc,phases,start] GC(44) Phase 4: Move objects
[20.281s][info][gc,phases      ] GC(44) Phase 4: Move objects 0.012ms
[20.281s][info][gc,heap        ] GC(44) DefNew: 44738K(2516544K)->0K(2516544K) Eden: 44738K(2236928K)->0K(2236928K) From: 0K(279616K)->0K(279616K)
[20.281s][info][gc,heap        ] GC(44) Tenured: 1128K(5592448K)->1131K(5592448K)
[20.281s][info][gc,metaspace   ] GC(44) Metaspace: 432K(640K)->431K(640K) NonClass: 390K(512K)->390K(512K) Class: 42K(128K)->41K(128K)
[20.281s][info][gc             ] GC(44) Pause Full (System.gc()) 44M->1M(7918M) 6.431ms
[20.281s][info][gc,cpu         ] GC(44) User=0.00s Sys=0.01s Real=0.00s
[20.734s][info][gc,start       ] GC(45) Pause Full (System.gc())
[20.734s][info][gc,phases,start] GC(45) Phase 1: Mark live objects
[20.737s][info][gc,phases      ] GC(45) Phase 1: Mark live objects 3.056ms
[20.737s][info][gc,phases,start] GC(45) Phase 2: Compute new object addresses
[20.738s][info][gc,phases      ] GC(45) Phase 2: Compute new object addresses 0.576ms
[20.738s][info][gc,phases,start] GC(45) Phase 3: Adjust pointers
[20.739s][info][gc,phases      ] GC(45) Phase 3: Adjust pointers 0.977ms
[20.739s][info][gc,phases,start] GC(45) Phase 4: Move objects
[20.739s][info][gc,phases      ] GC(45) Phase 4: Move objects 0.013ms
[20.739s][info][gc,heap        ] GC(45) DefNew: 44738K(2516544K)->0K(2516544K) Eden: 44738K(2236928K)->0K(2236928K) From: 0K(279616K)->0K(279616K)
[20.739s][info][gc,heap        ] GC(45) Tenured: 1131K(5592448K)->1134K(5592448K)
[20.739s][info][gc,metaspace   ] GC(45) Metaspace: 436K(640K)->436K(640K) NonClass: 393K(512K)->393K(512K) Class: 43K(128K)->43K(128K)
[20.739s][info][gc             ] GC(45) Pause Full (System.gc()) 44M->1M(7918M) 4.993ms
[20.739s][info][gc,cpu         ] GC(45) User=0.00s Sys=0.00s Real=0.00s
[21.196s][info][gc,start       ] GC(46) Pause Full (System.gc())
[21.196s][info][gc,phases,start] GC(46) Phase 1: Mark live objects
[21.199s][info][gc,phases      ] GC(46) Phase 1: Mark live objects 2.946ms
[21.199s][info][gc,phases,start] GC(46) Phase 2: Compute new object addresses
[21.200s][info][gc,phases      ] GC(46) Phase 2: Compute new object addresses 0.376ms
[21.200s][info][gc,phases,start] GC(46) Phase 3: Adjust pointers
[21.201s][info][gc,phases      ] GC(46) Phase 3: Adjust pointers 1.178ms
[21.201s][info][gc,phases,start] GC(46) Phase 4: Move objects
[21.201s][info][gc,phases      ] GC(46) Phase 4: Move objects 0.023ms
[21.201s][info][gc,heap        ] GC(46) DefNew: 44738K(2516544K)->0K(2516544K) Eden: 44738K(2236928K)->0K(2236928K) From: 0K(279616K)->0K(279616K)
[21.201s][info][gc,heap        ] GC(46) Tenured: 1134K(5592448K)->1137K(5592448K)
[21.201s][info][gc,metaspace   ] GC(46) Metaspace: 441K(640K)->441K(640K) NonClass: 396K(512K)->396K(512K) Class: 45K(128K)->45K(128K)
[21.201s][info][gc             ] GC(46) Pause Full (System.gc()) 44M->1M(7918M) 4.995ms
[21.201s][info][gc,cpu         ] GC(46) User=0.01s Sys=0.00s Real=0.00s
[21.655s][info][gc,start       ] GC(47) Pause Full (System.gc())
[21.655s][info][gc,phases,start] GC(47) Phase 1: Mark live objects
[21.658s][info][gc,phases      ] GC(47) Phase 1: Mark live objects 2.985ms
[21.659s][info][gc,phases,start] GC(47) Phase 2: Compute new object addresses
[21.659s][info][gc,phases      ] GC(47) Phase 2: Compute new object addresses 0.564ms
[21.659s][info][gc,phases,start] GC(47) Phase 3: Adjust pointers
[21.660s][info][gc,phases      ] GC(47) Phase 3: Adjust pointers 0.967ms
[21.660s][info][gc,phases,start] GC(47) Phase 4: Move objects
[21.660s][info][gc,phases      ] GC(47) Phase 4: Move objects 0.020ms
[21.660s][info][gc,heap        ] GC(47) DefNew: 44738K(2516544K)->0K(2516544K) Eden: 44738K(2236928K)->0K(2236928K) From: 0K(279616K)->0K(279616K)
[21.660s][info][gc,heap        ] GC(47) Tenured: 1137K(5592448K)->1139K(5592448K)
[21.660s][info][gc,metaspace   ] GC(47) Metaspace: 446K(640K)->446K(640K) NonClass: 400K(512K)->400K(512K) Class: 46K(128K)->46K(128K)
[21.660s][info][gc             ] GC(47) Pause Full (System.gc()) 44M->1M(7918M) 5.008ms
[21.660s][info][gc,cpu         ] GC(47) User=0.00s Sys=0.00s Real=0.00s
[22.115s][info][gc,start       ] GC(48) Pause Full (System.gc())
[22.115s][info][gc,phases,start] GC(48) Phase 1: Mark live objects
[22.118s][info][gc,phases      ] GC(48) Phase 1: Mark live objects 3.399ms
[22.118s][info][gc,phases,start] GC(48) Phase 2: Compute new object addresses
[22.119s][info][gc,phases      ] GC(48) Phase 2: Compute new object addresses 0.401ms
[22.119s][info][gc,phases,start] GC(48) Phase 3: Adjust pointers
[22.120s][info][gc,phases      ] GC(48) Phase 3: Adjust pointers 0.931ms
[22.120s][info][gc,phases,start] GC(48) Phase 4: Move objects
[22.120s][info][gc,phases      ] GC(48) Phase 4: Move objects 0.019ms
[22.121s][info][gc,heap        ] GC(48) DefNew: 44738K(2516544K)->0K(2516544K) Eden: 44738K(2236928K)->0K(2236928K) From: 0K(279616K)->0K(279616K)
[22.121s][info][gc,heap        ] GC(48) Tenured: 1139K(5592448K)->1142K(5592448K)
[22.121s][info][gc,metaspace   ] GC(48) Metaspace: 451K(640K)->451K(640K) NonClass: 403K(512K)->403K(512K) Class: 48K(128K)->48K(128K)
[22.121s][info][gc             ] GC(48) Pause Full (System.gc()) 44M->1M(7918M) 6.488ms
[22.121s][info][gc,cpu         ] GC(48) User=0.00s Sys=0.00s Real=0.00s
[22.574s][info][gc,start       ] GC(49) Pause Full (System.gc())
[22.575s][info][gc,phases,start] GC(49) Phase 1: Mark live objects
[22.579s][info][gc,phases      ] GC(49) Phase 1: Mark live objects 4.172ms
[22.579s][info][gc,phases,start] GC(49) Phase 2: Compute new object addresses
[22.579s][info][gc,phases      ] GC(49) Phase 2: Compute new object addresses 0.512ms
[22.580s][info][gc,phases,start] GC(49) Phase 3: Adjust pointers
[22.580s][info][gc,phases      ] GC(49) Phase 3: Adjust pointers 0.971ms
[22.580s][info][gc,phases,start] GC(49) Phase 4: Move objects
[22.581s][info][gc,phases      ] GC(49) Phase 4: Move objects 0.013ms
[22.581s][info][gc,heap        ] GC(49) DefNew: 44738K(2516544K)->0K(2516544K) Eden: 44738K(2236928K)->0K(2236928K) From: 0K(279616K)->0K(279616K)
[22.581s][info][gc,heap        ] GC(49) Tenured: 1142K(5592448K)->1145K(5592448K)
[22.581s][info][gc,metaspace   ] GC(49) Metaspace: 456K(640K)->436K(640K) NonClass: 406K(512K)->391K(512K) Class: 50K(128K)->44K(128K)
[22.581s][info][gc             ] GC(49) Pause Full (System.gc()) 44M->1M(7918M) 6.280ms
[22.581s][info][gc,cpu         ] GC(49) User=0.01s Sys=0.00s Real=0.00s
[23.038s][info][gc,start       ] GC(50) Pause Full (System.gc())
[23.038s][info][gc,phases,start] GC(50) Phase 1: Mark live objects
[23.042s][info][gc,phases      ] GC(50) Phase 1: Mark live objects 4.055ms
[23.042s][info][gc,phases,start] GC(50) Phase 2: Compute new object addresses
[23.043s][info][gc,phases      ] GC(50) Phase 2: Compute new object addresses 0.542ms
[23.043s][info][gc,phases,start] GC(50) Phase 3: Adjust pointers
[23.044s][info][gc,phases      ] GC(50) Phase 3: Adjust pointers 1.038ms
[23.044s][info][gc,phases,start] GC(50) Phase 4: Move objects
[23.044s][info][gc,phases      ] GC(50) Phase 4: Move objects 0.015ms
[23.044s][info][gc,heap        ] GC(50) DefNew: 44738K(2516544K)->0K(2516544K) Eden: 44738K(2236928K)->0K(2236928K) From: 0K(279616K)->0K(279616K)
[23.044s][info][gc,heap        ] GC(50) Tenured: 1145K(5592448K)->1148K(5592448K)
[23.044s][info][gc,metaspace   ] GC(50) Metaspace: 441K(640K)->438K(640K) NonClass: 395K(512K)->392K(512K) Class: 46K(128K)->45K(128K)
[23.044s][info][gc             ] GC(50) Pause Full (System.gc()) 44M->1M(7918M) 6.115ms
[23.044s][info][gc,cpu         ] GC(50) User=0.01s Sys=0.00s Real=0.01s
[23.501s][info][gc,start       ] GC(51) Pause Full (System.gc())
[23.501s][info][gc,phases,start] GC(51) Phase 1: Mark live objects
[23.505s][info][gc,phases      ] GC(51) Phase 1: Mark live objects 3.645ms
[23.505s][info][gc,phases,start] GC(51) Phase 2: Compute new object addresses
[23.506s][info][gc,phases      ] GC(51) Phase 2: Compute new object addresses 0.567ms
[23.506s][info][gc,phases,start] GC(51) Phase 3: Adjust pointers
[23.507s][info][gc,phases      ] GC(51) Phase 3: Adjust pointers 1.185ms
[23.507s][info][gc,phases,start] GC(51) Phase 4: Move objects
[23.507s][info][gc,phases      ] GC(51) Phase 4: Move objects 0.018ms
[23.507s][info][gc,heap        ] GC(51) DefNew: 44738K(2516544K)->0K(2516544K) Eden: 44738K(2236928K)->0K(2236928K) From: 0K(279616K)->0K(279616K)
[23.507s][info][gc,heap        ] GC(51) Tenured: 1148K(5592448K)->1137K(5592448K)
[23.507s][info][gc,metaspace   ] GC(51) Metaspace: 443K(640K)->443K(640K) NonClass: 396K(512K)->396K(512K) Class: 46K(128K)->46K(128K)
[23.507s][info][gc             ] GC(51) Pause Full (System.gc()) 44M->1M(7918M) 5.885ms
[23.507s][info][gc,cpu         ] GC(51) User=0.00s Sys=0.00s Real=0.01s
[23.961s][info][gc,start       ] GC(52) Pause Full (System.gc())
[23.961s][info][gc,phases,start] GC(52) Phase 1: Mark live objects
[23.965s][info][gc,phases      ] GC(52) Phase 1: Mark live objects 4.045ms
[23.965s][info][gc,phases,start] GC(52) Phase 2: Compute new object addresses
[23.965s][info][gc,phases      ] GC(52) Phase 2: Compute new object addresses 0.425ms
[23.965s][info][gc,phases,start] GC(52) Phase 3: Adjust pointers
[23.966s][info][gc,phases      ] GC(52) Phase 3: Adjust pointers 0.965ms
[23.966s][info][gc,phases,start] GC(52) Phase 4: Move objects
[23.966s][info][gc,phases      ] GC(52) Phase 4: Move objects 0.019ms
[23.967s][info][gc,heap        ] GC(52) DefNew: 44738K(2516544K)->0K(2516544K) Eden: 44738K(2236928K)->0K(2236928K) From: 0K(279616K)->0K(279616K)
[23.967s][info][gc,heap        ] GC(52) Tenured: 1137K(5592448K)->1140K(5592448K)
[23.967s][info][gc,metaspace   ] GC(52) Metaspace: 448K(640K)->448K(640K) NonClass: 399K(512K)->399K(512K) Class: 48K(128K)->48K(128K)
[23.967s][info][gc             ] GC(52) Pause Full (System.gc()) 44M->1M(7918M) 6.013ms
[23.967s][info][gc,cpu         ] GC(52) User=0.00s Sys=0.01s Real=0.01s
[24.424s][info][gc,start       ] GC(53) Pause Full (System.gc())
[24.424s][info][gc,phases,start] GC(53) Phase 1: Mark live objects
[24.428s][info][gc,phases      ] GC(53) Phase 1: Mark live objects 3.504ms
[24.428s][info][gc,phases,start] GC(53) Phase 2: Compute new object addresses
[24.428s][info][gc,phases      ] GC(53) Phase 2: Compute new object addresses 0.547ms
[24.428s][info][gc,phases,start] GC(53) Phase 3: Adjust pointers
[24.430s][info][gc,phases      ] GC(53) Phase 3: Adjust pointers 1.163ms
[24.430s][info][gc,phases,start] GC(53) Phase 4: Move objects
[24.430s][info][gc,phases      ] GC(53) Phase 4: Move objects 0.014ms
[24.430s][info][gc,heap        ] GC(53) DefNew: 44738K(2516544K)->0K(2516544K) Eden: 44738K(2236928K)->0K(2236928K) From: 0K(279616K)->0K(279616K)
[24.430s][info][gc,heap        ] GC(53) Tenured: 1140K(5592448K)->1143K(5592448K)
[24.430s][info][gc,metaspace   ] GC(53) Metaspace: 453K(640K)->453K(640K) NonClass: 402K(512K)->402K(512K) Class: 50K(128K)->50K(128K)
[24.430s][info][gc             ] GC(53) Pause Full (System.gc()) 44M->1M(7918M) 5.699ms
[24.430s][info][gc,cpu         ] GC(53) User=0.01s Sys=0.00s Real=0.00s
[24.889s][info][gc,start       ] GC(54) Pause Full (System.gc())
[24.889s][info][gc,phases,start] GC(54) Phase 1: Mark live objects
[24.892s][info][gc,phases      ] GC(54) Phase 1: Mark live objects 3.169ms
[24.892s][info][gc,phases,start] GC(54) Phase 2: Compute new object addresses
[24.893s][info][gc,phases      ] GC(54) Phase 2: Compute new object addresses 0.497ms
[24.893s][info][gc,phases,start] GC(54) Phase 3: Adjust pointers
[24.894s][info][gc,phases      ] GC(54) Phase 3: Adjust pointers 0.915ms
[24.894s][info][gc,phases,start] GC(54) Phase 4: Move objects
[24.894s][info][gc,phases      ] GC(54) Phase 4: Move objects 0.014ms
[24.894s][info][gc,heap        ] GC(54) DefNew: 44738K(2516544K)->0K(2516544K) Eden: 44738K(2236928K)->0K(2236928K) From: 0K(279616K)->0K(279616K)
[24.894s][info][gc,heap        ] GC(54) Tenured: 1143K(5592448K)->1146K(5592448K)
[24.894s][info][gc,metaspace   ] GC(54) Metaspace: 459K(640K)->446K(640K) NonClass: 407K(512K)->398K(512K) Class: 52K(128K)->48K(128K)
[24.894s][info][gc             ] GC(54) Pause Full (System.gc()) 44M->1M(7918M) 4.982ms
[24.894s][info][gc,cpu         ] GC(54) User=0.01s Sys=0.00s Real=0.01s
[25.347s][info][gc,start       ] GC(55) Pause Full (System.gc())
[25.348s][info][gc,phases,start] GC(55) Phase 1: Mark live objects
[25.352s][info][gc,phases      ] GC(55) Phase 1: Mark live objects 4.559ms
[25.352s][info][gc,phases,start] GC(55) Phase 2: Compute new object addresses
[25.353s][info][gc,phases      ] GC(55) Phase 2: Compute new object addresses 0.549ms
[25.353s][info][gc,phases,start] GC(55) Phase 3: Adjust pointers
[25.354s][info][gc,phases      ] GC(55) Phase 3: Adjust pointers 0.850ms
[25.354s][info][gc,phases,start] GC(55) Phase 4: Move objects
[25.354s][info][gc,phases      ] GC(55) Phase 4: Move objects 0.010ms
[25.354s][info][gc,heap        ] GC(55) DefNew: 44738K(2516544K)->0K(2516544K) Eden: 44738K(2236928K)->0K(2236928K) From: 0K(279616K)->0K(279616K)
[25.354s][info][gc,heap        ] GC(55) Tenured: 1146K(5592448K)->1121K(5592448K)
[25.354s][info][gc,metaspace   ] GC(55) Metaspace: 452K(640K)->417K(640K) NonClass: 402K(512K)->381K(512K) Class: 49K(128K)->35K(128K)
[25.354s][info][gc             ] GC(55) Pause Full (System.gc()) 44M->1M(7918M) 6.466ms
[25.354s][info][gc,cpu         ] GC(55) User=0.01s Sys=0.00s Real=0.01s
[25.809s][info][gc,start       ] GC(56) Pause Full (System.gc())
[25.809s][info][gc,phases,start] GC(56) Phase 1: Mark live objects
[25.813s][info][gc,phases      ] GC(56) Phase 1: Mark live objects 4.381ms
[25.814s][info][gc,phases,start] GC(56) Phase 2: Compute new object addresses
[25.814s][info][gc,phases      ] GC(56) Phase 2: Compute new object addresses 0.603ms
[25.814s][info][gc,phases,start] GC(56) Phase 3: Adjust pointers
[25.815s][info][gc,phases      ] GC(56) Phase 3: Adjust pointers 1.040ms
[25.815s][info][gc,phases,start] GC(56) Phase 4: Move objects
[25.815s][info][gc,phases      ] GC(56) Phase 4: Move objects 0.013ms
[25.815s][info][gc,heap        ] GC(56) DefNew: 44738K(2516544K)->0K(2516544K) Eden: 44738K(2236928K)->0K(2236928K) From: 0K(279616K)->0K(279616K)
[25.815s][info][gc,heap        ] GC(56) Tenured: 1121K(5592448K)->1124K(5592448K)
[25.815s][info][gc,metaspace   ] GC(56) Metaspace: 424K(640K)->421K(640K) NonClass: 387K(512K)->385K(512K) Class: 37K(128K)->36K(128K)
[25.815s][info][gc             ] GC(56) Pause Full (System.gc()) 44M->1M(7918M) 6.613ms
[25.815s][info][gc,cpu         ] GC(56) User=0.00s Sys=0.00s Real=0.01s
[26.273s][info][gc,start       ] GC(57) Pause Full (System.gc())
[26.273s][info][gc,phases,start] GC(57) Phase 1: Mark live objects
[26.277s][info][gc,phases      ] GC(57) Phase 1: Mark live objects 4.613ms
[26.278s][info][gc,phases,start] GC(57) Phase 2: Compute new object addresses
[26.279s][info][gc,phases      ] GC(57) Phase 2: Compute new object addresses 0.327ms
[26.279s][info][gc,phases,start] GC(57) Phase 3: Adjust pointers
[26.279s][info][gc,phases      ] GC(57) Phase 3: Adjust pointers 0.846ms
[26.279s][info][gc,phases,start] GC(57) Phase 4: Move objects
[26.280s][info][gc,phases      ] GC(57) Phase 4: Move objects 0.013ms
[26.280s][info][gc,heap        ] GC(57) DefNew: 44738K(2516544K)->0K(2516544K) Eden: 44738K(2236928K)->0K(2236928K) From: 0K(279616K)->0K(279616K)
[26.280s][info][gc,heap        ] GC(57) Tenured: 1124K(5592448K)->1127K(5592448K)
[26.280s][info][gc,metaspace   ] GC(57) Metaspace: 428K(640K)->423K(576K) NonClass: 390K(512K)->386K(448K) Class: 37K(128K)->36K(128K)
[26.280s][info][gc             ] GC(57) Pause Full (System.gc()) 44M->1M(7918M) 7.259ms
[26.280s][info][gc,cpu         ] GC(57) User=0.00s Sys=0.00s Real=0.01s
[26.733s][info][gc,start       ] GC(58) Pause Full (System.gc())
[26.733s][info][gc,phases,start] GC(58) Phase 1: Mark live objects
[26.737s][info][gc,phases      ] GC(58) Phase 1: Mark live objects 3.834ms
[26.737s][info][gc,phases,start] GC(58) Phase 2: Compute new object addresses
[26.737s][info][gc,phases      ] GC(58) Phase 2: Compute new object addresses 0.530ms
[26.737s][info][gc,phases,start] GC(58) Phase 3: Adjust pointers
[26.738s][info][gc,phases      ] GC(58) Phase 3: Adjust pointers 0.984ms
[26.738s][info][gc,phases,start] GC(58) Phase 4: Move objects
[26.739s][info][gc,phases      ] GC(58) Phase 4: Move objects 0.012ms
[26.739s][info][gc,heap        ] GC(58) DefNew: 44738K(2516544K)->0K(2516544K) Eden: 44738K(2236928K)->0K(2236928K) From: 0K(279616K)->0K(279616K)
[26.739s][info][gc,heap        ] GC(58) Tenured: 1127K(5592448K)->1130K(5592448K)
[26.739s][info][gc,metaspace   ] GC(58) Metaspace: 428K(576K)->424K(576K) NonClass: 390K(448K)->387K(448K) Class: 37K(128K)->36K(128K)
[26.739s][info][gc             ] GC(58) Pause Full (System.gc()) 44M->1M(7918M) 5.853ms
[26.739s][info][gc,cpu         ] GC(58) User=0.00s Sys=0.00s Real=0.01s
[27.196s][info][gc,start       ] GC(59) Pause Full (System.gc())
[27.196s][info][gc,phases,start] GC(59) Phase 1: Mark live objects
[27.199s][info][gc,phases      ] GC(59) Phase 1: Mark live objects 3.148ms
[27.199s][info][gc,phases,start] GC(59) Phase 2: Compute new object addresses
[27.200s][info][gc,phases      ] GC(59) Phase 2: Compute new object addresses 0.445ms
[27.200s][info][gc,phases,start] GC(59) Phase 3: Adjust pointers
[27.201s][info][gc,phases      ] GC(59) Phase 3: Adjust pointers 1.428ms
[27.201s][info][gc,phases,start] GC(59) Phase 4: Move objects
[27.201s][info][gc,phases      ] GC(59) Phase 4: Move objects 0.019ms
[27.201s][info][gc,heap        ] GC(59) DefNew: 44738K(2516544K)->0K(2516544K) Eden: 44738K(2236928K)->0K(2236928K) From: 0K(279616K)->0K(279616K)
[27.201s][info][gc,heap        ] GC(59) Tenured: 1130K(5592448K)->1126K(5592448K)
[27.201s][info][gc,metaspace   ] GC(59) Metaspace: 429K(576K)->429K(576K) NonClass: 391K(448K)->391K(448K) Class: 38K(128K)->38K(128K)
[27.201s][info][gc             ] GC(59) Pause Full (System.gc()) 44M->1M(7918M) 5.598ms
[27.201s][info][gc,cpu         ] GC(59) User=0.01s Sys=0.00s Real=0.00s
[27.655s][info][gc,start       ] GC(60) Pause Full (System.gc())
[27.655s][info][gc,phases,start] GC(60) Phase 1: Mark live objects
[27.660s][info][gc,phases      ] GC(60) Phase 1: Mark live objects 4.577ms
[27.660s][info][gc,phases,start] GC(60) Phase 2: Compute new object addresses
[27.661s][info][gc,phases      ] GC(60) Phase 2: Compute new object addresses 0.510ms
[27.661s][info][gc,phases,start] GC(60) Phase 3: Adjust pointers
[27.662s][info][gc,phases      ] GC(60) Phase 3: Adjust pointers 0.999ms
[27.662s][info][gc,phases,start] GC(60) Phase 4: Move objects
[27.662s][info][gc,phases      ] GC(60) Phase 4: Move objects 0.013ms
[27.662s][info][gc,heap        ] GC(60) DefNew: 44738K(2516544K)->0K(2516544K) Eden: 44738K(2236928K)->0K(2236928K) From: 0K(279616K)->0K(279616K)
[27.662s][info][gc,heap        ] GC(60) Tenured: 1126K(5592448K)->1129K(5592448K)
[27.662s][info][gc,metaspace   ] GC(60) Metaspace: 434K(576K)->434K(576K) NonClass: 394K(448K)->394K(448K) Class: 40K(128K)->40K(128K)
[27.662s][info][gc             ] GC(60) Pause Full (System.gc()) 44M->1M(7918M) 6.489ms
[27.662s][info][gc,cpu         ] GC(60) User=0.01s Sys=0.00s Real=0.00s
[28.118s][info][gc,start       ] GC(61) Pause Full (System.gc())
[28.118s][info][gc,phases,start] GC(61) Phase 1: Mark live objects
[28.122s][info][gc,phases      ] GC(61) Phase 1: Mark live objects 3.668ms
[28.122s][info][gc,phases,start] GC(61) Phase 2: Compute new object addresses
[28.123s][info][gc,phases      ] GC(61) Phase 2: Compute new object addresses 0.619ms
[28.123s][info][gc,phases,start] GC(61) Phase 3: Adjust pointers
[28.124s][info][gc,phases      ] GC(61) Phase 3: Adjust pointers 1.186ms
[28.124s][info][gc,phases,start] GC(61) Phase 4: Move objects
[28.124s][info][gc,phases      ] GC(61) Phase 4: Move objects 0.014ms
[28.124s][info][gc,heap        ] GC(61) DefNew: 44738K(2516544K)->0K(2516544K) Eden: 44738K(2236928K)->0K(2236928K) From: 0K(279616K)->0K(279616K)
[28.124s][info][gc,heap        ] GC(61) Tenured: 1129K(5592448K)->1132K(5592448K)
[28.124s][info][gc,metaspace   ] GC(61) Metaspace: 439K(576K)->439K(576K) NonClass: 397K(448K)->397K(448K) Class: 42K(128K)->42K(128K)
[28.124s][info][gc             ] GC(61) Pause Full (System.gc()) 44M->1M(7918M) 6.001ms
[28.124s][info][gc,cpu         ] GC(61) User=0.00s Sys=0.00s Real=0.01s
[28.579s][info][gc,start       ] GC(62) Pause Full (System.gc())
[28.579s][info][gc,phases,start] GC(62) Phase 1: Mark live objects
[28.583s][info][gc,phases      ] GC(62) Phase 1: Mark live objects 3.958ms
[28.583s][info][gc,phases,start] GC(62) Phase 2: Compute new object addresses
[28.584s][info][gc,phases      ] GC(62) Phase 2: Compute new object addresses 0.558ms
[28.584s][info][gc,phases,start] GC(62) Phase 3: Adjust pointers
[28.585s][info][gc,phases      ] GC(62) Phase 3: Adjust pointers 1.188ms
[28.585s][info][gc,phases,start] GC(62) Phase 4: Move objects
[28.585s][info][gc,phases      ] GC(62) Phase 4: Move objects 0.013ms
[28.585s][info][gc,heap        ] GC(62) DefNew: 44738K(2516544K)->0K(2516544K) Eden: 44738K(2236928K)->0K(2236928K) From: 0K(279616K)->0K(279616K)
[28.585s][info][gc,heap        ] GC(62) Tenured: 1132K(5592448K)->1135K(5592448K)
[28.585s][info][gc,metaspace   ] GC(62) Metaspace: 445K(640K)->441K(640K) NonClass: 401K(512K)->400K(512K) Class: 43K(128K)->41K(128K)
[28.585s][info][gc             ] GC(62) Pause Full (System.gc()) 44M->1M(7918M) 6.237ms
[28.585s][info][gc,cpu         ] GC(62) User=0.00s Sys=0.00s Real=0.01s
[29.040s][info][gc,start       ] GC(63) Pause Full (System.gc())
[29.040s][info][gc,phases,start] GC(63) Phase 1: Mark live objects
[29.044s][info][gc,phases      ] GC(63) Phase 1: Mark live objects 3.178ms
[29.044s][info][gc,phases,start] GC(63) Phase 2: Compute new object addresses
[29.044s][info][gc,phases      ] GC(63) Phase 2: Compute new object addresses 0.483ms
[29.044s][info][gc,phases,start] GC(63) Phase 3: Adjust pointers
[29.045s][info][gc,phases      ] GC(63) Phase 3: Adjust pointers 0.927ms
[29.045s][info][gc,phases,start] GC(63) Phase 4: Move objects
[29.045s][info][gc,phases      ] GC(63) Phase 4: Move objects 0.016ms
[29.045s][info][gc,heap        ] GC(63) DefNew: 44738K(2516544K)->0K(2516544K) Eden: 44738K(2236928K)->0K(2236928K) From: 0K(279616K)->0K(279616K)
[29.045s][info][gc,heap        ] GC(63) Tenured: 1135K(5592448K)->1133K(5592448K)
[29.045s][info][gc,metaspace   ] GC(63) Metaspace: 450K(640K)->449K(640K) NonClass: 406K(512K)->406K(512K) Class: 43K(128K)->43K(128K)
[29.045s][info][gc             ] GC(63) Pause Full (System.gc()) 44M->1M(7918M) 5.020ms
[29.045s][info][gc,cpu         ] GC(63) User=0.00s Sys=0.00s Real=0.01s
[29.502s][info][gc,start       ] GC(64) Pause Full (System.gc())
[29.502s][info][gc,phases,start] GC(64) Phase 1: Mark live objects
[29.507s][info][gc,phases      ] GC(64) Phase 1: Mark live objects 4.500ms
[29.507s][info][gc,phases,start] GC(64) Phase 2: Compute new object addresses
[29.507s][info][gc,phases      ] GC(64) Phase 2: Compute new object addresses 0.325ms
[29.507s][info][gc,phases,start] GC(64) Phase 3: Adjust pointers
[29.509s][info][gc,phases      ] GC(64) Phase 3: Adjust pointers 1.259ms
[29.509s][info][gc,phases,start] GC(64) Phase 4: Move objects
[29.509s][info][gc,phases      ] GC(64) Phase 4: Move objects 0.027ms
[29.509s][info][gc,heap        ] GC(64) DefNew: 44738K(2516544K)->0K(2516544K) Eden: 44738K(2236928K)->0K(2236928K) From: 0K(279616K)->0K(279616K)
[29.509s][info][gc,heap        ] GC(64) Tenured: 1133K(5592448K)->1136K(5592448K)
[29.509s][info][gc,metaspace   ] GC(64) Metaspace: 457K(704K)->442K(704K) NonClass: 412K(576K)->404K(576K) Class: 44K(128K)->38K(128K)
[29.509s][info][gc             ] GC(64) Pause Full (System.gc()) 44M->1M(7918M) 6.889ms
[29.509s][info][gc,cpu         ] GC(64) User=0.00s Sys=0.00s Real=0.01s
[29.964s][info][gc,start       ] GC(65) Pause Full (System.gc())
[29.964s][info][gc,phases,start] GC(65) Phase 1: Mark live objects
[29.968s][info][gc,phases      ] GC(65) Phase 1: Mark live objects 4.193ms
[29.968s][info][gc,phases,start] GC(65) Phase 2: Compute new object addresses
[29.968s][info][gc,phases      ] GC(65) Phase 2: Compute new object addresses 0.307ms
[29.968s][info][gc,phases,start] GC(65) Phase 3: Adjust pointers
[29.970s][info][gc,phases      ] GC(65) Phase 3: Adjust pointers 1.499ms
[29.970s][info][gc,phases,start] GC(65) Phase 4: Move objects
[29.970s][info][gc,phases      ] GC(65) Phase 4: Move objects 0.015ms
[29.970s][info][gc,heap        ] GC(65) DefNew: 44738K(2516544K)->0K(2516544K) Eden: 44738K(2236928K)->0K(2236928K) From: 0K(279616K)->0K(279616K)
[29.970s][info][gc,heap        ] GC(65) Tenured: 1136K(5592448K)->1139K(5592448K)
[29.970s][info][gc,metaspace   ] GC(65) Metaspace: 447K(704K)->428K(704K) NonClass: 407K(576K)->393K(576K) Class: 40K(128K)->35K(128K)
[29.970s][info][gc             ] GC(65) Pause Full (System.gc()) 44M->1M(7918M) 6.539ms
[29.970s][info][gc,cpu         ] GC(65) User=0.01s Sys=0.00s Real=0.00s
[30.426s][info][gc,start       ] GC(66) Pause Full (System.gc())
[30.426s][info][gc,phases,start] GC(66) Phase 1: Mark live objects
[30.428s][info][gc,phases      ] GC(66) Phase 1: Mark live objects 1.938ms
[30.428s][info][gc,phases,start] GC(66) Phase 2: Compute new object addresses
[30.428s][info][gc,phases      ] GC(66) Phase 2: Compute new object addresses 0.470ms
[30.428s][info][gc,phases,start] GC(66) Phase 3: Adjust pointers
[30.429s][info][gc,phases      ] GC(66) Phase 3: Adjust pointers 0.811ms
[30.429s][info][gc,phases,start] GC(66) Phase 4: Move objects
[30.429s][info][gc,phases      ] GC(66) Phase 4: Move objects 0.010ms
[30.429s][info][gc,heap        ] GC(66) DefNew: 44738K(2516544K)->0K(2516544K) Eden: 44738K(2236928K)->0K(2236928K) From: 0K(279616K)->0K(279616K)
[30.429s][info][gc,heap        ] GC(66) Tenured: 1139K(5592448K)->1142K(5592448K)
[30.429s][info][gc,metaspace   ] GC(66) Metaspace: 435K(704K)->432K(704K) NonClass: 398K(576K)->396K(576K) Class: 37K(128K)->36K(128K)
[30.429s][info][gc             ] GC(66) Pause Full (System.gc()) 44M->1M(7918M) 3.475ms
[30.429s][info][gc,cpu         ] GC(66) User=0.01s Sys=0.00s Real=0.00s
[30.883s][info][gc,start       ] GC(67) Pause Full (System.gc())
[30.884s][info][gc,phases,start] GC(67) Phase 1: Mark live objects
[30.886s][info][gc,phases      ] GC(67) Phase 1: Mark live objects 2.829ms
[30.886s][info][gc,phases,start] GC(67) Phase 2: Compute new object addresses
[30.887s][info][gc,phases      ] GC(67) Phase 2: Compute new object addresses 0.491ms
[30.887s][info][gc,phases,start] GC(67) Phase 3: Adjust pointers
[30.888s][info][gc,phases      ] GC(67) Phase 3: Adjust pointers 0.949ms
[30.888s][info][gc,phases,start] GC(67) Phase 4: Move objects
[30.888s][info][gc,phases      ] GC(67) Phase 4: Move objects 0.014ms
[30.888s][info][gc,heap        ] GC(67) DefNew: 44738K(2516544K)->0K(2516544K) Eden: 44738K(2236928K)->0K(2236928K) From: 0K(279616K)->0K(279616K)
[30.888s][info][gc,heap        ] GC(67) Tenured: 1142K(5592448K)->1122K(5592448K)
[30.888s][info][gc,metaspace   ] GC(67) Metaspace: 439K(704K)->434K(704K) NonClass: 401K(576K)->398K(576K) Class: 37K(128K)->36K(128K)
[30.888s][info][gc             ] GC(67) Pause Full (System.gc()) 44M->1M(7918M) 4.611ms
[30.888s][info][gc,cpu         ] GC(67) User=0.00s Sys=0.00s Real=0.00s
[31.344s][info][gc,start       ] GC(68) Pause Full (System.gc())
[31.344s][info][gc,phases,start] GC(68) Phase 1: Mark live objects
[31.347s][info][gc,phases      ] GC(68) Phase 1: Mark live objects 3.441ms
[31.347s][info][gc,phases,start] GC(68) Phase 2: Compute new object addresses
[31.348s][info][gc,phases      ] GC(68) Phase 2: Compute new object addresses 0.524ms
[31.348s][info][gc,phases,start] GC(68) Phase 3: Adjust pointers
[31.349s][info][gc,phases      ] GC(68) Phase 3: Adjust pointers 0.955ms
[31.349s][info][gc,phases,start] GC(68) Phase 4: Move objects
[31.349s][info][gc,phases      ] GC(68) Phase 4: Move objects 0.012ms
[31.349s][info][gc,heap        ] GC(68) DefNew: 44738K(2516544K)->0K(2516544K) Eden: 44738K(2236928K)->0K(2236928K) From: 0K(279616K)->0K(279616K)
[31.349s][info][gc,heap        ] GC(68) Tenured: 1122K(5592448K)->1125K(5592448K)
[31.349s][info][gc,metaspace   ] GC(68) Metaspace: 439K(704K)->436K(704K) NonClass: 401K(576K)->400K(576K) Class: 37K(128K)->36K(128K)
[31.349s][info][gc             ] GC(68) Pause Full (System.gc()) 44M->1M(7918M) 5.317ms
[31.349s][info][gc,cpu         ] GC(68) User=0.00s Sys=0.00s Real=0.00s
[31.806s][info][gc,start       ] GC(69) Pause Full (System.gc())
[31.806s][info][gc,phases,start] GC(69) Phase 1: Mark live objects
[31.811s][info][gc,phases      ] GC(69) Phase 1: Mark live objects 4.395ms
[31.811s][info][gc,phases,start] GC(69) Phase 2: Compute new object addresses
[31.811s][info][gc,phases      ] GC(69) Phase 2: Compute new object addresses 0.462ms
[31.811s][info][gc,phases,start] GC(69) Phase 3: Adjust pointers
[31.813s][info][gc,phases      ] GC(69) Phase 3: Adjust pointers 1.321ms
[31.813s][info][gc,phases,start] GC(69) Phase 4: Move objects
[31.813s][info][gc,phases      ] GC(69) Phase 4: Move objects 0.017ms
[31.813s][info][gc,heap        ] GC(69) DefNew: 44738K(2516544K)->0K(2516544K) Eden: 44738K(2236928K)->0K(2236928K) From: 0K(279616K)->0K(279616K)
[31.813s][info][gc,heap        ] GC(69) Tenured: 1125K(5592448K)->1128K(5592448K)
[31.813s][info][gc,metaspace   ] GC(69) Metaspace: 441K(704K)->440K(704K) NonClass: 403K(576K)->403K(576K) Class: 38K(128K)->37K(128K)
[31.813s][info][gc             ] GC(69) Pause Full (System.gc()) 44M->1M(7918M) 6.654ms
[31.813s][info][gc,cpu         ] GC(69) User=0.01s Sys=0.00s Real=0.00s
[32.267s][info][gc,start       ] GC(70) Pause Full (System.gc())
[32.267s][info][gc,phases,start] GC(70) Phase 1: Mark live objects
[32.271s][info][gc,phases      ] GC(70) Phase 1: Mark live objects 3.902ms
[32.271s][info][gc,phases,start] GC(70) Phase 2: Compute new object addresses
[32.271s][info][gc,phases      ] GC(70) Phase 2: Compute new object addresses 0.543ms
[32.271s][info][gc,phases,start] GC(70) Phase 3: Adjust pointers
[32.273s][info][gc,phases      ] GC(70) Phase 3: Adjust pointers 1.285ms
[32.273s][info][gc,phases,start] GC(70) Phase 4: Move objects
[32.273s][info][gc,phases      ] GC(70) Phase 4: Move objects 0.014ms
[32.273s][info][gc,heap        ] GC(70) DefNew: 44738K(2516544K)->0K(2516544K) Eden: 44738K(2236928K)->0K(2236928K) From: 0K(279616K)->0K(279616K)
[32.273s][info][gc,heap        ] GC(70) Tenured: 1128K(5592448K)->1131K(5592448K)
[32.273s][info][gc,metaspace   ] GC(70) Metaspace: 445K(704K)->445K(704K) NonClass: 406K(576K)->406K(576K) Class: 39K(128K)->38K(128K)
[32.273s][info][gc             ] GC(70) Pause Full (System.gc()) 44M->1M(7918M) 6.210ms
[32.273s][info][gc,cpu         ] GC(70) User=0.01s Sys=0.00s Real=0.00s
[32.725s][info][gc,start       ] GC(71) Pause Full (System.gc())
[32.726s][info][gc,phases,start] GC(71) Phase 1: Mark live objects
[32.728s][info][gc,phases      ] GC(71) Phase 1: Mark live objects 2.642ms
[32.728s][info][gc,phases,start] GC(71) Phase 2: Compute new object addresses
[32.729s][info][gc,phases      ] GC(71) Phase 2: Compute new object addresses 0.545ms
[32.729s][info][gc,phases,start] GC(71) Phase 3: Adjust pointers
[32.730s][info][gc,phases      ] GC(71) Phase 3: Adjust pointers 1.052ms
[32.730s][info][gc,phases,start] GC(71) Phase 4: Move objects
[32.730s][info][gc,phases      ] GC(71) Phase 4: Move objects 0.018ms
[32.730s][info][gc,heap        ] GC(71) DefNew: 44738K(2516544K)->0K(2516544K) Eden: 44738K(2236928K)->0K(2236928K) From: 0K(279616K)->0K(279616K)
[32.730s][info][gc,heap        ] GC(71) Tenured: 1131K(5592448K)->1130K(5592448K)
[32.730s][info][gc,metaspace   ] GC(71) Metaspace: 450K(704K)->450K(704K) NonClass: 409K(576K)->409K(576K) Class: 40K(128K)->40K(128K)
[32.730s][info][gc             ] GC(71) Pause Full (System.gc()) 44M->1M(7918M) 4.700ms
[32.730s][info][gc,cpu         ] GC(71) User=0.00s Sys=0.00s Real=0.00s
[33.187s][info][gc,start       ] GC(72) Pause Full (System.gc())
[33.187s][info][gc,phases,start] GC(72) Phase 1: Mark live objects
[33.190s][info][gc,phases      ] GC(72) Phase 1: Mark live objects 2.934ms
[33.190s][info][gc,phases,start] GC(72) Phase 2: Compute new object addresses
[33.190s][info][gc,phases      ] GC(72) Phase 2: Compute new object addresses 0.568ms
[33.190s][info][gc,phases,start] GC(72) Phase 3: Adjust pointers
[33.192s][info][gc,phases      ] GC(72) Phase 3: Adjust pointers 1.046ms
[33.192s][info][gc,phases,start] GC(72) Phase 4: Move objects
[33.192s][info][gc,phases      ] GC(72) Phase 4: Move objects 0.013ms
[33.192s][info][gc,heap        ] GC(72) DefNew: 44738K(2516544K)->0K(2516544K) Eden: 44738K(2236928K)->0K(2236928K) From: 0K(279616K)->0K(279616K)
[33.192s][info][gc,heap        ] GC(72) Tenured: 1130K(5592448K)->1133K(5592448K)
[33.192s][info][gc,metaspace   ] GC(72) Metaspace: 455K(704K)->455K(704K) NonClass: 412K(576K)->412K(576K) Class: 42K(128K)->42K(128K)
[33.192s][info][gc             ] GC(72) Pause Full (System.gc()) 44M->1M(7918M) 4.912ms
[33.192s][info][gc,cpu         ] GC(72) User=0.01s Sys=0.00s Real=0.00s
[33.649s][info][gc,start       ] GC(73) Pause Full (System.gc())
[33.649s][info][gc,phases,start] GC(73) Phase 1: Mark live objects
[33.653s][info][gc,phases      ] GC(73) Phase 1: Mark live objects 4.114ms
[33.653s][info][gc,phases,start] GC(73) Phase 2: Compute new object addresses
[33.654s][info][gc,phases      ] GC(73) Phase 2: Compute new object addresses 0.473ms
[33.654s][info][gc,phases,start] GC(73) Phase 3: Adjust pointers
[33.655s][info][gc,phases      ] GC(73) Phase 3: Adjust pointers 1.215ms
[33.655s][info][gc,phases,start] GC(73) Phase 4: Move objects
[33.655s][info][gc,phases      ] GC(73) Phase 4: Move objects 0.015ms
[33.655s][info][gc,heap        ] GC(73) DefNew: 44738K(2516544K)->0K(2516544K) Eden: 44738K(2236928K)->0K(2236928K) From: 0K(279616K)->0K(279616K)
[33.655s][info][gc,heap        ] GC(73) Tenured: 1133K(5592448K)->1136K(5592448K)
[33.655s][info][gc,metaspace   ] GC(73) Metaspace: 460K(704K)->460K(704K) NonClass: 416K(576K)->416K(576K) Class: 44K(128K)->44K(128K)
[33.655s][info][gc             ] GC(73) Pause Full (System.gc()) 44M->1M(7918M) 6.319ms
[33.655s][info][gc,cpu         ] GC(73) User=0.00s Sys=0.00s Real=0.01s
[34.113s][info][gc,start       ] GC(74) Pause Full (System.gc())
[34.113s][info][gc,phases,start] GC(74) Phase 1: Mark live objects
[34.116s][info][gc,phases      ] GC(74) Phase 1: Mark live objects 3.204ms
[34.116s][info][gc,phases,start] GC(74) Phase 2: Compute new object addresses
[34.117s][info][gc,phases      ] GC(74) Phase 2: Compute new object addresses 0.345ms
[34.117s][info][gc,phases,start] GC(74) Phase 3: Adjust pointers
[34.117s][info][gc,phases      ] GC(74) Phase 3: Adjust pointers 0.817ms
[34.117s][info][gc,phases,start] GC(74) Phase 4: Move objects
[34.117s][info][gc,phases      ] GC(74) Phase 4: Move objects 0.017ms
[34.118s][info][gc,heap        ] GC(74) DefNew: 44738K(2516544K)->0K(2516544K) Eden: 44738K(2236928K)->0K(2236928K) From: 0K(279616K)->0K(279616K)
[34.118s][info][gc,heap        ] GC(74) Tenured: 1136K(5592448K)->1139K(5592448K)
[34.118s][info][gc,metaspace   ] GC(74) Metaspace: 465K(704K)->465K(704K) NonClass: 419K(576K)->419K(576K) Class: 45K(128K)->45K(128K)
[34.118s][info][gc             ] GC(74) Pause Full (System.gc()) 44M->1M(7918M) 4.843ms
[34.118s][info][gc,cpu         ] GC(74) User=0.00s Sys=0.00s Real=0.01s
[34.574s][info][gc,start       ] GC(75) Pause Full (System.gc())
[34.574s][info][gc,phases,start] GC(75) Phase 1: Mark live objects
[34.578s][info][gc,phases      ] GC(75) Phase 1: Mark live objects 4.493ms
[34.578s][info][gc,phases,start] GC(75) Phase 2: Compute new object addresses
[34.579s][info][gc,phases      ] GC(75) Phase 2: Compute new object addresses 0.549ms
[34.579s][info][gc,phases,start] GC(75) Phase 3: Adjust pointers
[34.580s][info][gc,phases      ] GC(75) Phase 3: Adjust pointers 1.195ms
[34.580s][info][gc,phases,start] GC(75) Phase 4: Move objects
[34.580s][info][gc,phases      ] GC(75) Phase 4: Move objects 0.017ms
[34.580s][info][gc,heap        ] GC(75) DefNew: 44738K(2516544K)->0K(2516544K) Eden: 44738K(2236928K)->0K(2236928K) From: 0K(279616K)->0K(279616K)
[34.580s][info][gc,heap        ] GC(75) Tenured: 1139K(5592448K)->1137K(5592448K)
[34.580s][info][gc,metaspace   ] GC(75) Metaspace: 471K(704K)->466K(704K) NonClass: 423K(576K)->421K(576K) Class: 47K(128K)->45K(128K)
[34.580s][info][gc             ] GC(75) Pause Full (System.gc()) 44M->1M(7918M) 6.760ms
[34.580s][info][gc,cpu         ] GC(75) User=0.01s Sys=0.00s Real=0.00s
[35.034s][info][gc,start       ] GC(76) Pause Full (System.gc())
[35.034s][info][gc,phases,start] GC(76) Phase 1: Mark live objects
[35.039s][info][gc,phases      ] GC(76) Phase 1: Mark live objects 4.612ms
[35.039s][info][gc,phases,start] GC(76) Phase 2: Compute new object addresses
[35.039s][info][gc,phases      ] GC(76) Phase 2: Compute new object addresses 0.524ms
[35.039s][info][gc,phases,start] GC(76) Phase 3: Adjust pointers
[35.041s][info][gc,phases      ] GC(76) Phase 3: Adjust pointers 1.396ms
[35.041s][info][gc,phases,start] GC(76) Phase 4: Move objects
[35.041s][info][gc,phases      ] GC(76) Phase 4: Move objects 0.013ms
[35.041s][info][gc,heap        ] GC(76) DefNew: 44738K(2516544K)->0K(2516544K) Eden: 44738K(2236928K)->0K(2236928K) From: 0K(279616K)->0K(279616K)
[35.041s][info][gc,heap        ] GC(76) Tenured: 1137K(5592448K)->1140K(5592448K)
[35.041s][info][gc,metaspace   ] GC(76) Metaspace: 471K(704K)->456K(704K) NonClass: 424K(576K)->415K(576K) Class: 46K(128K)->40K(128K)
[35.041s][info][gc             ] GC(76) Pause Full (System.gc()) 44M->1M(7918M) 7.251ms
[35.041s][info][gc,cpu         ] GC(76) User=0.01s Sys=0.00s Real=0.00s
[35.497s][info][gc,start       ] GC(77) Pause Full (System.gc())
[35.497s][info][gc,phases,start] GC(77) Phase 1: Mark live objects
[35.502s][info][gc,phases      ] GC(77) Phase 1: Mark live objects 4.550ms
[35.502s][info][gc,phases,start] GC(77) Phase 2: Compute new object addresses
[35.502s][info][gc,phases      ] GC(77) Phase 2: Compute new object addresses 0.338ms
[35.502s][info][gc,phases,start] GC(77) Phase 3: Adjust pointers
[35.504s][info][gc,phases      ] GC(77) Phase 3: Adjust pointers 1.342ms
[35.504s][info][gc,phases,start] GC(77) Phase 4: Move objects
[35.504s][info][gc,phases      ] GC(77) Phase 4: Move objects 0.018ms
[35.504s][info][gc,heap        ] GC(77) DefNew: 44738K(2516544K)->0K(2516544K) Eden: 44738K(2236928K)->0K(2236928K) From: 0K(279616K)->0K(279616K)
[35.504s][info][gc,heap        ] GC(77) Tenured: 1140K(5592448K)->1143K(5592448K)
[35.504s][info][gc,metaspace   ] GC(77) Metaspace: 463K(704K)->460K(704K) NonClass: 420K(576K)->419K(576K) Class: 42K(128K)->41K(128K)
[35.504s][info][gc             ] GC(77) Pause Full (System.gc()) 44M->1M(7918M) 6.667ms
[35.504s][info][gc,cpu         ] GC(77) User=0.01s Sys=0.00s Real=0.01s
[35.959s][info][gc,start       ] GC(78) Pause Full (System.gc())
[35.959s][info][gc,phases,start] GC(78) Phase 1: Mark live objects
[35.963s][info][gc,phases      ] GC(78) Phase 1: Mark live objects 3.717ms
[35.963s][info][gc,phases,start] GC(78) Phase 2: Compute new object addresses
[35.963s][info][gc,phases      ] GC(78) Phase 2: Compute new object addresses 0.375ms
[35.963s][info][gc,phases,start] GC(78) Phase 3: Adjust pointers
[35.964s][info][gc,phases      ] GC(78) Phase 3: Adjust pointers 1.351ms
[35.964s][info][gc,phases,start] GC(78) Phase 4: Move objects
[35.964s][info][gc,phases      ] GC(78) Phase 4: Move objects 0.017ms
[35.965s][info][gc,heap        ] GC(78) DefNew: 44738K(2516544K)->0K(2516544K) Eden: 44738K(2236928K)->0K(2236928K) From: 0K(279616K)->0K(279616K)
[35.965s][info][gc,heap        ] GC(78) Tenured: 1143K(5592448K)->1146K(5592448K)
[35.965s][info][gc,metaspace   ] GC(78) Metaspace: 465K(704K)->465K(704K) NonClass: 422K(576K)->422K(576K) Class: 42K(128K)->42K(128K)
[35.965s][info][gc             ] GC(78) Pause Full (System.gc()) 44M->1M(7918M) 5.977ms
[35.965s][info][gc,cpu         ] GC(78) User=0.01s Sys=0.00s Real=0.01s
[36.423s][info][gc,start       ] GC(79) Pause Full (System.gc())
[36.423s][info][gc,phases,start] GC(79) Phase 1: Mark live objects
[36.428s][info][gc,phases      ] GC(79) Phase 1: Mark live objects 4.744ms
[36.428s][info][gc,phases,start] GC(79) Phase 2: Compute new object addresses
[36.428s][info][gc,phases      ] GC(79) Phase 2: Compute new object addresses 0.304ms
[36.428s][info][gc,phases,start] GC(79) Phase 3: Adjust pointers
[36.430s][info][gc,phases      ] GC(79) Phase 3: Adjust pointers 1.325ms
[36.430s][info][gc,phases,start] GC(79) Phase 4: Move objects
[36.430s][info][gc,phases      ] GC(79) Phase 4: Move objects 0.023ms
[36.430s][info][gc,heap        ] GC(79) DefNew: 44738K(2516544K)->0K(2516544K) Eden: 44738K(2236928K)->0K(2236928K) From: 0K(279616K)->0K(279616K)
[36.430s][info][gc,heap        ] GC(79) Tenured: 1146K(5592448K)->1138K(5592448K)
[36.430s][info][gc,metaspace   ] GC(79) Metaspace: 470K(704K)->470K(704K) NonClass: 426K(576K)->426K(576K) Class: 44K(128K)->44K(128K)
[36.430s][info][gc             ] GC(79) Pause Full (System.gc()) 44M->1M(7918M) 6.881ms
[36.430s][info][gc,cpu         ] GC(79) User=0.00s Sys=0.00s Real=0.01s
[36.886s][info][gc,start       ] GC(80) Pause Full (System.gc())
[36.886s][info][gc,phases,start] GC(80) Phase 1: Mark live objects
[36.889s][info][gc,phases      ] GC(80) Phase 1: Mark live objects 3.396ms
[36.889s][info][gc,phases,start] GC(80) Phase 2: Compute new object addresses
[36.890s][info][gc,phases      ] GC(80) Phase 2: Compute new object addresses 0.351ms
[36.890s][info][gc,phases,start] GC(80) Phase 3: Adjust pointers
[36.891s][info][gc,phases      ] GC(80) Phase 3: Adjust pointers 1.042ms
[36.891s][info][gc,phases,start] GC(80) Phase 4: Move objects
[36.891s][info][gc,phases      ] GC(80) Phase 4: Move objects 0.023ms
[36.891s][info][gc,heap        ] GC(80) DefNew: 44738K(2516544K)->0K(2516544K) Eden: 44738K(2236928K)->0K(2236928K) From: 0K(279616K)->0K(279616K)
[36.891s][info][gc,heap        ] GC(80) Tenured: 1138K(5592448K)->1141K(5592448K)
[36.891s][info][gc,metaspace   ] GC(80) Metaspace: 483K(704K)->483K(704K) NonClass: 437K(576K)->437K(576K) Class: 46K(128K)->46K(128K)
[36.891s][info][gc             ] GC(80) Pause Full (System.gc()) 44M->1M(7918M) 5.366ms
[36.891s][info][gc,cpu         ] GC(80) User=0.00s Sys=0.00s Real=0.00s
[37.344s][info][gc,start       ] GC(81) Pause Full (System.gc())
[37.344s][info][gc,phases,start] GC(81) Phase 1: Mark live objects
[37.348s][info][gc,phases      ] GC(81) Phase 1: Mark live objects 3.966ms
[37.348s][info][gc,phases,start] GC(81) Phase 2: Compute new object addresses
[37.349s][info][gc,phases      ] GC(81) Phase 2: Compute new object addresses 0.490ms
[37.349s][info][gc,phases,start] GC(81) Phase 3: Adjust pointers
[37.350s][info][gc,phases      ] GC(81) Phase 3: Adjust pointers 0.999ms
[37.350s][info][gc,phases,start] GC(81) Phase 4: Move objects
[37.350s][info][gc,phases      ] GC(81) Phase 4: Move objects 0.013ms
[37.350s][info][gc,heap        ] GC(81) DefNew: 44738K(2516544K)->0K(2516544K) Eden: 44738K(2236928K)->0K(2236928K) From: 0K(279616K)->0K(279616K)
[37.350s][info][gc,heap        ] GC(81) Tenured: 1141K(5592448K)->1144K(5592448K)
[37.350s][info][gc,metaspace   ] GC(81) Metaspace: 488K(704K)->477K(704K) NonClass: 440K(576K)->434K(576K) Class: 47K(128K)->43K(128K)
[37.350s][info][gc             ] GC(81) Pause Full (System.gc()) 44M->1M(7918M) 5.881ms
[37.350s][info][gc,cpu         ] GC(81) User=0.00s Sys=0.00s Real=0.00s
[37.804s][info][gc,start       ] GC(82) Pause Full (System.gc())
[37.804s][info][gc,phases,start] GC(82) Phase 1: Mark live objects
[37.808s][info][gc,phases      ] GC(82) Phase 1: Mark live objects 4.275ms
[37.808s][info][gc,phases,start] GC(82) Phase 2: Compute new object addresses
[37.809s][info][gc,phases      ] GC(82) Phase 2: Compute new object addresses 0.501ms
[37.809s][info][gc,phases,start] GC(82) Phase 3: Adjust pointers
[37.810s][info][gc,phases      ] GC(82) Phase 3: Adjust pointers 1.100ms
[37.810s][info][gc,phases,start] GC(82) Phase 4: Move objects
[37.810s][info][gc,phases      ] GC(82) Phase 4: Move objects 0.012ms
[37.810s][info][gc,heap        ] GC(82) DefNew: 44738K(2516544K)->0K(2516544K) Eden: 44738K(2236928K)->0K(2236928K) From: 0K(279616K)->0K(279616K)
[37.810s][info][gc,heap        ] GC(82) Tenured: 1144K(5592448K)->1147K(5592448K)
[37.810s][info][gc,metaspace   ] GC(82) Metaspace: 483K(704K)->480K(704K) NonClass: 438K(576K)->437K(576K) Class: 44K(128K)->43K(128K)
[37.810s][info][gc             ] GC(82) Pause Full (System.gc()) 44M->1M(7918M) 6.361ms
[37.810s][info][gc,cpu         ] GC(82) User=0.01s Sys=0.00s Real=0.00s
[38.263s][info][gc,start       ] GC(83) Pause Full (System.gc())
[38.263s][info][gc,phases,start] GC(83) Phase 1: Mark live objects
[38.268s][info][gc,phases      ] GC(83) Phase 1: Mark live objects 4.714ms
[38.268s][info][gc,phases,start] GC(83) Phase 2: Compute new object addresses
[38.269s][info][gc,phases      ] GC(83) Phase 2: Compute new object addresses 0.538ms
[38.269s][info][gc,phases,start] GC(83) Phase 3: Adjust pointers
[38.270s][info][gc,phases      ] GC(83) Phase 3: Adjust pointers 1.093ms
[38.270s][info][gc,phases,start] GC(83) Phase 4: Move objects
[38.270s][info][gc,phases      ] GC(83) Phase 4: Move objects 0.018ms
[38.270s][info][gc,heap        ] GC(83) DefNew: 44738K(2516544K)->0K(2516544K) Eden: 44738K(2236928K)->0K(2236928K) From: 0K(279616K)->0K(279616K)
[38.270s][info][gc,heap        ] GC(83) Tenured: 1147K(5592448K)->1139K(5592448K)
[38.270s][info][gc,metaspace   ] GC(83) Metaspace: 489K(704K)->488K(704K) NonClass: 444K(576K)->443K(576K) Class: 45K(128K)->44K(128K)
[38.270s][info][gc             ] GC(83) Pause Full (System.gc()) 44M->1M(7918M) 6.866ms
[38.270s][info][gc,cpu         ] GC(83) User=0.00s Sys=0.00s Real=0.00s
[38.725s][info][gc,start       ] GC(84) Pause Full (System.gc())
[38.726s][info][gc,phases,start] GC(84) Phase 1: Mark live objects
[38.730s][info][gc,phases      ] GC(84) Phase 1: Mark live objects 4.478ms
[38.730s][info][gc,phases,start] GC(84) Phase 2: Compute new object addresses
[38.731s][info][gc,phases      ] GC(84) Phase 2: Compute new object addresses 0.675ms
[38.731s][info][gc,phases,start] GC(84) Phase 3: Adjust pointers
[38.732s][info][gc,phases      ] GC(84) Phase 3: Adjust pointers 1.184ms
[38.732s][info][gc,phases,start] GC(84) Phase 4: Move objects
[38.732s][info][gc,phases      ] GC(84) Phase 4: Move objects 0.015ms
[38.732s][info][gc,heap        ] GC(84) DefNew: 44738K(2516544K)->0K(2516544K) Eden: 44738K(2236928K)->0K(2236928K) From: 0K(279616K)->0K(279616K)
[38.732s][info][gc,heap        ] GC(84) Tenured: 1139K(5592448K)->1142K(5592448K)
[38.732s][info][gc,metaspace   ] GC(84) Metaspace: 495K(704K)->491K(704K) NonClass: 449K(576K)->446K(576K) Class: 46K(128K)->44K(128K)
[38.732s][info][gc             ] GC(84) Pause Full (System.gc()) 44M->1M(7918M) 6.990ms
[38.732s][info][gc,cpu         ] GC(84) User=0.00s Sys=0.00s Real=0.00s
[39.190s][info][gc,start       ] GC(85) Pause Full (System.gc())
[39.190s][info][gc,phases,start] GC(85) Phase 1: Mark live objects
[39.195s][info][gc,phases      ] GC(85) Phase 1: Mark live objects 5.016ms
[39.195s][info][gc,phases,start] GC(85) Phase 2: Compute new object addresses
[39.196s][info][gc,phases      ] GC(85) Phase 2: Compute new object addresses 0.498ms
[39.196s][info][gc,phases,start] GC(85) Phase 3: Adjust pointers
[39.197s][info][gc,phases      ] GC(85) Phase 3: Adjust pointers 1.004ms
[39.197s][info][gc,phases,start] GC(85) Phase 4: Move objects
[39.197s][info][gc,phases      ] GC(85) Phase 4: Move objects 0.016ms
[39.197s][info][gc,heap        ] GC(85) DefNew: 44738K(2516544K)->0K(2516544K) Eden: 44738K(2236928K)->0K(2236928K) From: 0K(279616K)->0K(279616K)
[39.197s][info][gc,heap        ] GC(85) Tenured: 1142K(5592448K)->1145K(5592448K)
[39.197s][info][gc,metaspace   ] GC(85) Metaspace: 517K(704K)->515K(704K) NonClass: 471K(576K)->470K(576K) Class: 46K(128K)->45K(128K)
[39.197s][info][gc             ] GC(85) Pause Full (System.gc()) 44M->1M(7918M) 6.898ms
[39.197s][info][gc,cpu         ] GC(85) User=0.00s Sys=0.00s Real=0.01s
[39.652s][info][gc,start       ] GC(86) Pause Full (System.gc())
[39.652s][info][gc,phases,start] GC(86) Phase 1: Mark live objects
[39.656s][info][gc,phases      ] GC(86) Phase 1: Mark live objects 3.932ms
[39.656s][info][gc,phases,start] GC(86) Phase 2: Compute new object addresses
[39.657s][info][gc,phases      ] GC(86) Phase 2: Compute new object addresses 0.347ms
[39.657s][info][gc,phases,start] GC(86) Phase 3: Adjust pointers
[39.658s][info][gc,phases      ] GC(86) Phase 3: Adjust pointers 0.938ms
[39.658s][info][gc,phases,start] GC(86) Phase 4: Move objects
[39.658s][info][gc,phases      ] GC(86) Phase 4: Move objects 0.016ms
[39.658s][info][gc,heap        ] GC(86) DefNew: 89477K(2516544K)->0K(2516544K) Eden: 89477K(2236928K)->0K(2236928K) From: 0K(279616K)->0K(279616K)
[39.658s][info][gc,heap        ] GC(86) Tenured: 1145K(5592448K)->1148K(5592448K)
[39.658s][info][gc,metaspace   ] GC(86) Metaspace: 528K(704K)->528K(704K) NonClass: 481K(576K)->481K(576K) Class: 46K(128K)->46K(128K)
[39.658s][info][gc             ] GC(86) Pause Full (System.gc()) 88M->1M(7918M) 5.791ms
[39.658s][info][gc,cpu         ] GC(86) User=0.00s Sys=0.00s Real=0.01s
[40.112s][info][gc,start       ] GC(87) Pause Full (System.gc())
[40.112s][info][gc,phases,start] GC(87) Phase 1: Mark live objects
[40.115s][info][gc,phases      ] GC(87) Phase 1: Mark live objects 3.241ms
[40.115s][info][gc,phases,start] GC(87) Phase 2: Compute new object addresses
[40.115s][info][gc,phases      ] GC(87) Phase 2: Compute new object addresses 0.342ms
[40.115s][info][gc,phases,start] GC(87) Phase 3: Adjust pointers
[40.117s][info][gc,phases      ] GC(87) Phase 3: Adjust pointers 1.277ms
[40.117s][info][gc,phases,start] GC(87) Phase 4: Move objects
[40.117s][info][gc,phases      ] GC(87) Phase 4: Move objects 0.025ms
[40.117s][info][gc,heap        ] GC(87) DefNew: 44738K(2516544K)->0K(2516544K) Eden: 44738K(2236928K)->0K(2236928K) From: 0K(279616K)->0K(279616K)
[40.117s][info][gc,heap        ] GC(87) Tenured: 1148K(5592448K)->1146K(5592448K)
[40.117s][info][gc,metaspace   ] GC(87) Metaspace: 533K(704K)->533K(704K) NonClass: 485K(576K)->485K(576K) Class: 48K(128K)->48K(128K)
[40.117s][info][gc             ] GC(87) Pause Full (System.gc()) 44M->1M(7918M) 5.381ms
[40.117s][info][gc,cpu         ] GC(87) User=0.00s Sys=0.00s Real=0.01s
[40.571s][info][gc,start       ] GC(88) Pause Full (System.gc())
[40.571s][info][gc,phases,start] GC(88) Phase 1: Mark live objects
[40.575s][info][gc,phases      ] GC(88) Phase 1: Mark live objects 4.664ms
[40.575s][info][gc,phases,start] GC(88) Phase 2: Compute new object addresses
[40.576s][info][gc,phases      ] GC(88) Phase 2: Compute new object addresses 0.510ms
[40.576s][info][gc,phases,start] GC(88) Phase 3: Adjust pointers
[40.577s][info][gc,phases      ] GC(88) Phase 3: Adjust pointers 1.102ms
[40.577s][info][gc,phases,start] GC(88) Phase 4: Move objects
[40.577s][info][gc,phases      ] GC(88) Phase 4: Move objects 0.019ms
[40.577s][info][gc,heap        ] GC(88) DefNew: 44738K(2516544K)->0K(2516544K) Eden: 44738K(2236928K)->0K(2236928K) From: 0K(279616K)->0K(279616K)
[40.577s][info][gc,heap        ] GC(88) Tenured: 1146K(5592448K)->1149K(5592448K)
[40.577s][info][gc,metaspace   ] GC(88) Metaspace: 538K(768K)->485K(768K) NonClass: 488K(640K)->447K(640K) Class: 50K(128K)->37K(128K)
[40.577s][info][gc             ] GC(88) Pause Full (System.gc()) 44M->1M(7918M) 6.883ms
[40.577s][info][gc,cpu         ] GC(88) User=0.01s Sys=0.00s Real=0.01s
[41.035s][info][gc,start       ] GC(89) Pause Full (System.gc())
[41.035s][info][gc,phases,start] GC(89) Phase 1: Mark live objects
[41.038s][info][gc,phases      ] GC(89) Phase 1: Mark live objects 3.524ms
[41.038s][info][gc,phases,start] GC(89) Phase 2: Compute new object addresses
[41.039s][info][gc,phases      ] GC(89) Phase 2: Compute new object addresses 0.328ms
[41.039s][info][gc,phases,start] GC(89) Phase 3: Adjust pointers
[41.040s][info][gc,phases      ] GC(89) Phase 3: Adjust pointers 1.298ms
[41.040s][info][gc,phases,start] GC(89) Phase 4: Move objects
[41.040s][info][gc,phases      ] GC(89) Phase 4: Move objects 0.036ms
[41.040s][info][gc,heap        ] GC(89) DefNew: 44738K(2516544K)->0K(2516544K) Eden: 44738K(2236928K)->0K(2236928K) From: 0K(279616K)->0K(279616K)
[41.040s][info][gc,heap        ] GC(89) Tenured: 1149K(5592448K)->1152K(5592448K)
[41.040s][info][gc,metaspace   ] GC(89) Metaspace: 490K(768K)->480K(704K) NonClass: 450K(640K)->444K(576K) Class: 39K(128K)->35K(128K)
[41.040s][info][gc             ] GC(89) Pause Full (System.gc()) 44M->1M(7918M) 5.675ms
[41.040s][info][gc,cpu         ] GC(89) User=0.01s Sys=0.00s Real=0.00s
[41.498s][info][gc,start       ] GC(90) Pause Full (System.gc())
[41.498s][info][gc,phases,start] GC(90) Phase 1: Mark live objects
[41.503s][info][gc,phases      ] GC(90) Phase 1: Mark live objects 4.630ms
[41.503s][info][gc,phases,start] GC(90) Phase 2: Compute new object addresses
[41.503s][info][gc,phases      ] GC(90) Phase 2: Compute new object addresses 0.327ms
[41.503s][info][gc,phases,start] GC(90) Phase 3: Adjust pointers
[41.504s][info][gc,phases      ] GC(90) Phase 3: Adjust pointers 1.199ms
[41.504s][info][gc,phases,start] GC(90) Phase 4: Move objects
[41.504s][info][gc,phases      ] GC(90) Phase 4: Move objects 0.021ms
[41.504s][info][gc,heap        ] GC(90) DefNew: 44738K(2516544K)->0K(2516544K) Eden: 44738K(2236928K)->0K(2236928K) From: 0K(279616K)->0K(279616K)
[41.504s][info][gc,heap        ] GC(90) Tenured: 1152K(5592448K)->1155K(5592448K)
[41.504s][info][gc,metaspace   ] GC(90) Metaspace: 485K(704K)->482K(704K) NonClass: 447K(576K)->446K(576K) Class: 37K(128K)->36K(128K)
[41.504s][info][gc             ] GC(90) Pause Full (System.gc()) 44M->1M(7918M) 6.727ms
[41.504s][info][gc,cpu         ] GC(90) User=0.00s Sys=0.00s Real=0.01s
[41.959s][info][gc,start       ] GC(91) Pause Full (System.gc())
[41.959s][info][gc,phases,start] GC(91) Phase 1: Mark live objects
[41.965s][info][gc,phases      ] GC(91) Phase 1: Mark live objects 5.745ms
[41.965s][info][gc,phases,start] GC(91) Phase 2: Compute new object addresses
[41.966s][info][gc,phases      ] GC(91) Phase 2: Compute new object addresses 0.568ms
[41.966s][info][gc,phases,start] GC(91) Phase 3: Adjust pointers
[41.967s][info][gc,phases      ] GC(91) Phase 3: Adjust pointers 1.086ms
[41.967s][info][gc,phases,start] GC(91) Phase 4: Move objects
[41.967s][info][gc,phases      ] GC(91) Phase 4: Move objects 0.017ms
[41.967s][info][gc,heap        ] GC(91) DefNew: 44738K(2516544K)->0K(2516544K) Eden: 44738K(2236928K)->0K(2236928K) From: 0K(279616K)->0K(279616K)
[41.967s][info][gc,heap        ] GC(91) Tenured: 1155K(5592448K)->1123K(5592448K)
[41.967s][info][gc,metaspace   ] GC(91) Metaspace: 487K(704K)->484K(704K) NonClass: 449K(576K)->448K(576K) Class: 37K(128K)->36K(128K)
[41.967s][info][gc             ] GC(91) Pause Full (System.gc()) 44M->1M(7918M) 7.950ms
[41.967s][info][gc,cpu         ] GC(91) User=0.00s Sys=0.00s Real=0.01s
[42.424s][info][gc,start       ] GC(92) Pause Full (System.gc())
[42.424s][info][gc,phases,start] GC(92) Phase 1: Mark live objects
[42.427s][info][gc,phases      ] GC(92) Phase 1: Mark live objects 2.957ms
[42.427s][info][gc,phases,start] GC(92) Phase 2: Compute new object addresses
[42.428s][info][gc,phases      ] GC(92) Phase 2: Compute new object addresses 0.509ms
[42.428s][info][gc,phases,start] GC(92) Phase 3: Adjust pointers
[42.429s][info][gc,phases      ] GC(92) Phase 3: Adjust pointers 1.001ms
[42.429s][info][gc,phases,start] GC(92) Phase 4: Move objects
[42.429s][info][gc,phases      ] GC(92) Phase 4: Move objects 0.018ms
[42.429s][info][gc,heap        ] GC(92) DefNew: 44738K(2516544K)->0K(2516544K) Eden: 44738K(2236928K)->0K(2236928K) From: 0K(279616K)->0K(279616K)
[42.429s][info][gc,heap        ] GC(92) Tenured: 1123K(5592448K)->1126K(5592448K)
[42.429s][info][gc,metaspace   ] GC(92) Metaspace: 489K(704K)->488K(704K) NonClass: 451K(576K)->450K(576K) Class: 38K(128K)->37K(128K)
[42.429s][info][gc             ] GC(92) Pause Full (System.gc()) 44M->1M(7918M) 4.827ms
[42.429s][info][gc,cpu         ] GC(92) User=0.01s Sys=0.00s Real=0.00s
[42.882s][info][gc,start       ] GC(93) Pause Full (System.gc())
[42.882s][info][gc,phases,start] GC(93) Phase 1: Mark live objects
[42.887s][info][gc,phases      ] GC(93) Phase 1: Mark live objects 4.234ms
[42.887s][info][gc,phases,start] GC(93) Phase 2: Compute new object addresses
[42.887s][info][gc,phases      ] GC(93) Phase 2: Compute new object addresses 0.546ms
[42.887s][info][gc,phases,start] GC(93) Phase 3: Adjust pointers
[42.888s][info][gc,phases      ] GC(93) Phase 3: Adjust pointers 1.089ms
[42.888s][info][gc,phases,start] GC(93) Phase 4: Move objects
[42.888s][info][gc,phases      ] GC(93) Phase 4: Move objects 0.014ms
[42.889s][info][gc,heap        ] GC(93) DefNew: 44738K(2516544K)->0K(2516544K) Eden: 44738K(2236928K)->0K(2236928K) From: 0K(279616K)->0K(279616K)
[42.889s][info][gc,heap        ] GC(93) Tenured: 1126K(5592448K)->1129K(5592448K)
[42.889s][info][gc,metaspace   ] GC(93) Metaspace: 493K(704K)->492K(704K) NonClass: 454K(576K)->453K(576K) Class: 39K(128K)->38K(128K)
[42.889s][info][gc             ] GC(93) Pause Full (System.gc()) 44M->1M(7918M) 6.289ms
[42.889s][info][gc,cpu         ] GC(93) User=0.01s Sys=0.00s Real=0.01s
[43.346s][info][gc,start       ] GC(94) Pause Full (System.gc())
[43.346s][info][gc,phases,start] GC(94) Phase 1: Mark live objects
[43.351s][info][gc,phases      ] GC(94) Phase 1: Mark live objects 4.762ms
[43.351s][info][gc,phases,start] GC(94) Phase 2: Compute new object addresses
[43.351s][info][gc,phases      ] GC(94) Phase 2: Compute new object addresses 0.416ms
[43.351s][info][gc,phases,start] GC(94) Phase 3: Adjust pointers
[43.352s][info][gc,phases      ] GC(94) Phase 3: Adjust pointers 0.887ms
[43.352s][info][gc,phases,start] GC(94) Phase 4: Move objects
[43.352s][info][gc,phases      ] GC(94) Phase 4: Move objects 0.012ms
[43.352s][info][gc,heap        ] GC(94) DefNew: 44738K(2516544K)->0K(2516544K) Eden: 44738K(2236928K)->0K(2236928K) From: 0K(279616K)->0K(279616K)
[43.352s][info][gc,heap        ] GC(94) Tenured: 1129K(5592448K)->1132K(5592448K)
[43.352s][info][gc,metaspace   ] GC(94) Metaspace: 497K(704K)->496K(704K) NonClass: 457K(576K)->456K(576K) Class: 40K(128K)->40K(128K)
[43.352s][info][gc             ] GC(94) Pause Full (System.gc()) 44M->1M(7918M) 6.515ms
[43.353s][info][gc,cpu         ] GC(94) User=0.00s Sys=0.00s Real=0.00s
[43.809s][info][gc,start       ] GC(95) Pause Full (System.gc())
[43.809s][info][gc,phases,start] GC(95) Phase 1: Mark live objects
[43.813s][info][gc,phases      ] GC(95) Phase 1: Mark live objects 3.438ms
[43.813s][info][gc,phases,start] GC(95) Phase 2: Compute new object addresses
[43.813s][info][gc,phases      ] GC(95) Phase 2: Compute new object addresses 0.438ms
[43.813s][info][gc,phases,start] GC(95) Phase 3: Adjust pointers
[43.814s][info][gc,phases      ] GC(95) Phase 3: Adjust pointers 0.988ms
[43.814s][info][gc,phases,start] GC(95) Phase 4: Move objects
[43.815s][info][gc,phases      ] GC(95) Phase 4: Move objects 0.018ms
[43.815s][info][gc,heap        ] GC(95) DefNew: 44738K(2516544K)->0K(2516544K) Eden: 44738K(2236928K)->0K(2236928K) From: 0K(279616K)->0K(279616K)
[43.815s][info][gc,heap        ] GC(95) Tenured: 1132K(5592448K)->1131K(5592448K)
[43.815s][info][gc,metaspace   ] GC(95) Metaspace: 501K(704K)->500K(704K) NonClass: 459K(576K)->459K(576K) Class: 41K(128K)->41K(128K)
[43.815s][info][gc             ] GC(95) Pause Full (System.gc()) 44M->1M(7918M) 5.475ms
[43.815s][info][gc,cpu         ] GC(95) User=0.01s Sys=0.00s Real=0.01s
[44.272s][info][gc,start       ] GC(96) Pause Full (System.gc())
[44.272s][info][gc,phases,start] GC(96) Phase 1: Mark live objects
[44.276s][info][gc,phases      ] GC(96) Phase 1: Mark live objects 3.894ms
[44.276s][info][gc,phases,start] GC(96) Phase 2: Compute new object addresses
[44.277s][info][gc,phases      ] GC(96) Phase 2: Compute new object addresses 0.518ms
[44.277s][info][gc,phases,start] GC(96) Phase 3: Adjust pointers
[44.278s][info][gc,phases      ] GC(96) Phase 3: Adjust pointers 1.170ms
[44.278s][info][gc,phases,start] GC(96) Phase 4: Move objects
[44.278s][info][gc,phases      ] GC(96) Phase 4: Move objects 0.023ms
[44.278s][info][gc,heap        ] GC(96) DefNew: 44738K(2516544K)->0K(2516544K) Eden: 44738K(2236928K)->0K(2236928K) From: 0K(279616K)->0K(279616K)
[44.278s][info][gc,heap        ] GC(96) Tenured: 1131K(5592448K)->1134K(5592448K)
[44.278s][info][gc,metaspace   ] GC(96) Metaspace: 511K(704K)->510K(704K) NonClass: 468K(576K)->468K(576K) Class: 43K(128K)->42K(128K)
[44.278s][info][gc             ] GC(96) Pause Full (System.gc()) 44M->1M(7918M) 6.081ms
[44.278s][info][gc,cpu         ] GC(96) User=0.01s Sys=0.00s Real=0.01s
[44.735s][info][gc,start       ] GC(97) Pause Full (System.gc())
[44.735s][info][gc,phases,start] GC(97) Phase 1: Mark live objects
[44.740s][info][gc,phases      ] GC(97) Phase 1: Mark live objects 4.309ms
[44.740s][info][gc,phases,start] GC(97) Phase 2: Compute new object addresses
[44.740s][info][gc,phases      ] GC(97) Phase 2: Compute new object addresses 0.335ms
[44.740s][info][gc,phases,start] GC(97) Phase 3: Adjust pointers
[44.742s][info][gc,phases      ] GC(97) Phase 3: Adjust pointers 1.417ms
[44.742s][info][gc,phases,start] GC(97) Phase 4: Move objects
[44.742s][info][gc,phases      ] GC(97) Phase 4: Move objects 0.020ms
[44.742s][info][gc,heap        ] GC(97) DefNew: 44738K(2516544K)->0K(2516544K) Eden: 44738K(2236928K)->0K(2236928K) From: 0K(279616K)->0K(279616K)
[44.742s][info][gc,heap        ] GC(97) Tenured: 1134K(5592448K)->1137K(5592448K)
[44.742s][info][gc,metaspace   ] GC(97) Metaspace: 515K(704K)->515K(704K) NonClass: 471K(576K)->471K(576K) Class: 44K(128K)->43K(128K)
[44.742s][info][gc             ] GC(97) Pause Full (System.gc()) 44M->1M(7918M) 6.585ms
[44.742s][info][gc,cpu         ] GC(97) User=0.01s Sys=0.00s Real=0.00s
[45.197s][info][gc,start       ] GC(98) Pause Full (System.gc())
[45.197s][info][gc,phases,start] GC(98) Phase 1: Mark live objects
[45.201s][info][gc,phases      ] GC(98) Phase 1: Mark live objects 4.024ms
[45.201s][info][gc,phases,start] GC(98) Phase 2: Compute new object addresses
[45.202s][info][gc,phases      ] GC(98) Phase 2: Compute new object addresses 0.418ms
[45.202s][info][gc,phases,start] GC(98) Phase 3: Adjust pointers
[45.203s][info][gc,phases      ] GC(98) Phase 3: Adjust pointers 0.892ms
[45.203s][info][gc,phases,start] GC(98) Phase 4: Move objects
[45.203s][info][gc,phases      ] GC(98) Phase 4: Move objects 0.012ms
[45.203s][info][gc,heap        ] GC(98) DefNew: 44738K(2516544K)->0K(2516544K) Eden: 44738K(2236928K)->0K(2236928K) From: 0K(279616K)->0K(279616K)
[45.203s][info][gc,heap        ] GC(98) Tenured: 1137K(5592448K)->1140K(5592448K)
[45.203s][info][gc,metaspace   ] GC(98) Metaspace: 520K(704K)->520K(704K) NonClass: 474K(576K)->474K(576K) Class: 45K(128K)->45K(128K)
[45.203s][info][gc             ] GC(98) Pause Full (System.gc()) 44M->1M(7918M) 5.778ms
[45.203s][info][gc,cpu         ] GC(98) User=0.00s Sys=0.00s Real=0.00s
[45.660s][info][gc,start       ] GC(99) Pause Full (System.gc())
[45.660s][info][gc,phases,start] GC(99) Phase 1: Mark live objects
[45.663s][info][gc,phases      ] GC(99) Phase 1: Mark live objects 2.925ms
[45.663s][info][gc,phases,start] GC(99) Phase 2: Compute new object addresses
[45.663s][info][gc,phases      ] GC(99) Phase 2: Compute new object addresses 0.313ms
[45.663s][info][gc,phases,start] GC(99) Phase 3: Adjust pointers
[45.664s][info][gc,phases      ] GC(99) Phase 3: Adjust pointers 0.843ms
[45.664s][info][gc,phases,start] GC(99) Phase 4: Move objects
[45.664s][info][gc,phases      ] GC(99) Phase 4: Move objects 0.020ms
[45.664s][info][gc,heap        ] GC(99) DefNew: 44738K(2516544K)->0K(2516544K) Eden: 44738K(2236928K)->0K(2236928K) From: 0K(279616K)->0K(279616K)
[45.664s][info][gc,heap        ] GC(99) Tenured: 1140K(5592448K)->1141K(5592448K)
[45.664s][info][gc,metaspace   ] GC(99) Metaspace: 525K(704K)->525K(704K) NonClass: 477K(576K)->477K(576K) Class: 47K(128K)->47K(128K)
[45.665s][info][gc             ] GC(99) Pause Full (System.gc()) 44M->1M(7918M) 4.560ms
[45.665s][info][gc,cpu         ] GC(99) User=0.01s Sys=0.00s Real=0.01s
[46.118s][info][gc,start       ] GC(100) Pause Full (System.gc())
[46.118s][info][gc,phases,start] GC(100) Phase 1: Mark live objects
[46.121s][info][gc,phases      ] GC(100) Phase 1: Mark live objects 3.311ms
[46.121s][info][gc,phases,start] GC(100) Phase 2: Compute new object addresses
[46.122s][info][gc,phases      ] GC(100) Phase 2: Compute new object addresses 0.519ms
[46.122s][info][gc,phases,start] GC(100) Phase 3: Adjust pointers
[46.123s][info][gc,phases      ] GC(100) Phase 3: Adjust pointers 1.500ms
[46.124s][info][gc,phases,start] GC(100) Phase 4: Move objects
[46.124s][info][gc,phases      ] GC(100) Phase 4: Move objects 0.019ms
[46.124s][info][gc,heap        ] GC(100) DefNew: 44738K(2516544K)->0K(2516544K) Eden: 44738K(2236928K)->0K(2236928K) From: 0K(279616K)->0K(279616K)
[46.124s][info][gc,heap        ] GC(100) Tenured: 1141K(5592448K)->1144K(5592448K)
[46.124s][info][gc,metaspace   ] GC(100) Metaspace: 530K(704K)->530K(704K) NonClass: 481K(576K)->481K(576K) Class: 49K(128K)->49K(128K)
[46.124s][info][gc             ] GC(100) Pause Full (System.gc()) 44M->1M(7918M) 5.993ms
[46.124s][info][gc,cpu         ] GC(100) User=0.01s Sys=0.00s Real=0.01s
[46.580s][info][gc,start       ] GC(101) Pause Full (System.gc())
[46.580s][info][gc,phases,start] GC(101) Phase 1: Mark live objects
[46.583s][info][gc,phases      ] GC(101) Phase 1: Mark live objects 2.730ms
[46.583s][info][gc,phases,start] GC(101) Phase 2: Compute new object addresses
[46.583s][info][gc,phases      ] GC(101) Phase 2: Compute new object addresses 0.440ms
[46.583s][info][gc,phases,start] GC(101) Phase 3: Adjust pointers
[46.584s][info][gc,phases      ] GC(101) Phase 3: Adjust pointers 0.788ms
[46.584s][info][gc,phases,start] GC(101) Phase 4: Move objects
[46.584s][info][gc,phases      ] GC(101) Phase 4: Move objects 0.017ms
[46.584s][info][gc,heap        ] GC(101) DefNew: 44738K(2516544K)->0K(2516544K) Eden: 44738K(2236928K)->0K(2236928K) From: 0K(279616K)->0K(279616K)
[46.584s][info][gc,heap        ] GC(101) Tenured: 1144K(5592448K)->1147K(5592448K)
[46.584s][info][gc,metaspace   ] GC(101) Metaspace: 535K(704K)->535K(704K) NonClass: 484K(576K)->484K(576K) Class: 50K(128K)->50K(128K)
[46.584s][info][gc             ] GC(101) Pause Full (System.gc()) 44M->1M(7918M) 4.376ms
[46.584s][info][gc,cpu         ] GC(101) User=0.00s Sys=0.00s Real=0.01s
[47.041s][info][gc,start       ] GC(102) Pause Full (System.gc())
[47.041s][info][gc,phases,start] GC(102) Phase 1: Mark live objects
[47.043s][info][gc,phases      ] GC(102) Phase 1: Mark live objects 2.210ms
[47.043s][info][gc,phases,start] GC(102) Phase 2: Compute new object addresses
[47.044s][info][gc,phases      ] GC(102) Phase 2: Compute new object addresses 0.493ms
[47.044s][info][gc,phases,start] GC(102) Phase 3: Adjust pointers
[47.045s][info][gc,phases      ] GC(102) Phase 3: Adjust pointers 0.820ms
[47.045s][info][gc,phases,start] GC(102) Phase 4: Move objects
[47.045s][info][gc,phases      ] GC(102) Phase 4: Move objects 0.013ms
[47.045s][info][gc,heap        ] GC(102) DefNew: 44738K(2516544K)->0K(2516544K) Eden: 44738K(2236928K)->0K(2236928K) From: 0K(279616K)->0K(279616K)
[47.045s][info][gc,heap        ] GC(102) Tenured: 1147K(5592448K)->1150K(5592448K)
[47.045s][info][gc,metaspace   ] GC(102) Metaspace: 540K(832K)->516K(832K) NonClass: 487K(640K)->474K(640K) Class: 52K(192K)->42K(192K)
[47.045s][info][gc             ] GC(102) Pause Full (System.gc()) 44M->1M(7918M) 3.914ms
[47.045s][info][gc,cpu         ] GC(102) User=0.01s Sys=0.00s Real=0.01s
[47.502s][info][gc,start       ] GC(103) Pause Full (System.gc())
[47.502s][info][gc,phases,start] GC(103) Phase 1: Mark live objects
[47.507s][info][gc,phases      ] GC(103) Phase 1: Mark live objects 4.428ms
[47.507s][info][gc,phases,start] GC(103) Phase 2: Compute new object addresses
[47.507s][info][gc,phases      ] GC(103) Phase 2: Compute new object addresses 0.332ms
[47.507s][info][gc,phases,start] GC(103) Phase 3: Adjust pointers
[47.509s][info][gc,phases      ] GC(103) Phase 3: Adjust pointers 1.707ms
[47.509s][info][gc,phases,start] GC(103) Phase 4: Move objects
[47.509s][info][gc,phases      ] GC(103) Phase 4: Move objects 0.024ms
[47.509s][info][gc,heap        ] GC(103) DefNew: 44738K(2516544K)->0K(2516544K) Eden: 44738K(2236928K)->0K(2236928K) From: 0K(279616K)->0K(279616K)
[47.509s][info][gc,heap        ] GC(103) Tenured: 1150K(5592448K)->1135K(5592448K)
[47.509s][info][gc,metaspace   ] GC(103) Metaspace: 521K(832K)->519K(704K) NonClass: 478K(640K)->476K(576K) Class: 43K(192K)->42K(128K)
[47.509s][info][gc             ] GC(103) Pause Full (System.gc()) 44M->1M(7918M) 7.098ms
[47.509s][info][gc,cpu         ] GC(103) User=0.00s Sys=0.00s Real=0.01s
[47.965s][info][gc,start       ] GC(104) Pause Full (System.gc())
[47.965s][info][gc,phases,start] GC(104) Phase 1: Mark live objects
[47.969s][info][gc,phases      ] GC(104) Phase 1: Mark live objects 4.207ms
[47.969s][info][gc,phases,start] GC(104) Phase 2: Compute new object addresses
[47.970s][info][gc,phases      ] GC(104) Phase 2: Compute new object addresses 0.582ms
[47.970s][info][gc,phases,start] GC(104) Phase 3: Adjust pointers
[47.971s][info][gc,phases      ] GC(104) Phase 3: Adjust pointers 1.193ms
[47.971s][info][gc,phases,start] GC(104) Phase 4: Move objects
[47.971s][info][gc,phases      ] GC(104) Phase 4: Move objects 0.015ms
[47.971s][info][gc,heap        ] GC(104) DefNew: 44738K(2516544K)->0K(2516544K) Eden: 44738K(2236928K)->0K(2236928K) From: 0K(279616K)->0K(279616K)
[47.971s][info][gc,heap        ] GC(104) Tenured: 1135K(5592448K)->1138K(5592448K)
[47.971s][info][gc,metaspace   ] GC(104) Metaspace: 524K(704K)->523K(704K) NonClass: 479K(576K)->479K(576K) Class: 44K(128K)->43K(128K)
[47.971s][info][gc             ] GC(104) Pause Full (System.gc()) 44M->1M(7918M) 6.513ms
[47.971s][info][gc,cpu         ] GC(104) User=0.00s Sys=0.00s Real=0.00s
[48.426s][info][gc,start       ] GC(105) Pause Full (System.gc())
[48.426s][info][gc,phases,start] GC(105) Phase 1: Mark live objects
[48.427s][info][gc,phases      ] GC(105) Phase 1: Mark live objects 1.397ms
[48.427s][info][gc,phases,start] GC(105) Phase 2: Compute new object addresses
[48.427s][info][gc,phases      ] GC(105) Phase 2: Compute new object addresses 0.343ms
[48.427s][info][gc,phases,start] GC(105) Phase 3: Adjust pointers
[48.428s][info][gc,phases      ] GC(105) Phase 3: Adjust pointers 0.703ms
[48.428s][info][gc,phases,start] GC(105) Phase 4: Move objects
[48.428s][info][gc,phases      ] GC(105) Phase 4: Move objects 0.010ms
[48.428s][info][gc,heap        ] GC(105) DefNew: 44738K(2516544K)->0K(2516544K) Eden: 44738K(2236928K)->0K(2236928K) From: 0K(279616K)->0K(279616K)
[48.428s][info][gc,heap        ] GC(105) Tenured: 1138K(5592448K)->1141K(5592448K)
[48.428s][info][gc,metaspace   ] GC(105) Metaspace: 528K(704K)->527K(704K) NonClass: 482K(576K)->482K(576K) Class: 45K(128K)->44K(128K)
[48.428s][info][gc             ] GC(105) Pause Full (System.gc()) 44M->1M(7918M) 2.676ms
[48.428s][info][gc,cpu         ] GC(105) User=0.01s Sys=0.00s Real=0.00s
[48.885s][info][gc,start       ] GC(106) Pause Full (System.gc())
[48.885s][info][gc,phases,start] GC(106) Phase 1: Mark live objects
[48.891s][info][gc,phases      ] GC(106) Phase 1: Mark live objects 5.915ms
[48.891s][info][gc,phases,start] GC(106) Phase 2: Compute new object addresses
[48.892s][info][gc,phases      ] GC(106) Phase 2: Compute new object addresses 0.734ms
[48.892s][info][gc,phases,start] GC(106) Phase 3: Adjust pointers
[48.893s][info][gc,phases      ] GC(106) Phase 3: Adjust pointers 1.553ms
[48.893s][info][gc,phases,start] GC(106) Phase 4: Move objects
[48.893s][info][gc,phases      ] GC(106) Phase 4: Move objects 0.027ms
[48.893s][info][gc,heap        ] GC(106) DefNew: 44738K(2516544K)->0K(2516544K) Eden: 44738K(2236928K)->0K(2236928K) From: 0K(279616K)->0K(279616K)
[48.893s][info][gc,heap        ] GC(106) Tenured: 1141K(5592448K)->1144K(5592448K)
[48.893s][info][gc,metaspace   ] GC(106) Metaspace: 535K(704K)->534K(704K) NonClass: 488K(576K)->487K(576K) Class: 46K(128K)->46K(128K)
[48.894s][info][gc             ] GC(106) Pause Full (System.gc()) 44M->1M(7918M) 8.994ms
[48.894s][info][gc,cpu         ] GC(106) User=0.01s Sys=0.01s Real=0.01s
[49.348s][info][gc,start       ] GC(107) Pause Full (System.gc())
[49.348s][info][gc,phases,start] GC(107) Phase 1: Mark live objects
[49.352s][info][gc,phases      ] GC(107) Phase 1: Mark live objects 4.419ms
[49.353s][info][gc,phases,start] GC(107) Phase 2: Compute new object addresses
[49.353s][info][gc,phases      ] GC(107) Phase 2: Compute new object addresses 0.693ms
[49.353s][info][gc,phases,start] GC(107) Phase 3: Adjust pointers
[49.355s][info][gc,phases      ] GC(107) Phase 3: Adjust pointers 1.694ms
[49.355s][info][gc,phases,start] GC(107) Phase 4: Move objects
[49.355s][info][gc,phases      ] GC(107) Phase 4: Move objects 0.028ms
[49.355s][info][gc,heap        ] GC(107) DefNew: 89477K(2516544K)->0K(2516544K) Eden: 89477K(2236928K)->0K(2236928K) From: 0K(279616K)->0K(279616K)
[49.355s][info][gc,heap        ] GC(107) Tenured: 1144K(5592448K)->1143K(5592448K)
[49.355s][info][gc,metaspace   ] GC(107) Metaspace: 540K(768K)->539K(768K) NonClass: 492K(640K)->492K(640K) Class: 47K(128K)->47K(128K)
[49.355s][info][gc             ] GC(107) Pause Full (System.gc()) 88M->1M(7918M) 7.377ms
[49.355s][info][gc,cpu         ] GC(107) User=0.01s Sys=0.00s Real=0.01s
[49.812s][info][gc,start       ] GC(108) Pause Full (System.gc())
[49.813s][info][gc,phases,start] GC(108) Phase 1: Mark live objects
[49.817s][info][gc,phases      ] GC(108) Phase 1: Mark live objects 4.914ms
[49.818s][info][gc,phases,start] GC(108) Phase 2: Compute new object addresses
[49.818s][info][gc,phases      ] GC(108) Phase 2: Compute new object addresses 0.831ms
[49.818s][info][gc,phases,start] GC(108) Phase 3: Adjust pointers
[49.820s][info][gc,phases      ] GC(108) Phase 3: Adjust pointers 1.731ms
[49.820s][info][gc,phases,start] GC(108) Phase 4: Move objects
[49.820s][info][gc,phases      ] GC(108) Phase 4: Move objects 0.023ms
[49.820s][info][gc,heap        ] GC(108) DefNew: 44738K(2516544K)->0K(2516544K) Eden: 44738K(2236928K)->0K(2236928K) From: 0K(279616K)->0K(279616K)
[49.820s][info][gc,heap        ] GC(108) Tenured: 1143K(5592448K)->1146K(5592448K)
[49.820s][info][gc,metaspace   ] GC(108) Metaspace: 544K(768K)->543K(768K) NonClass: 495K(640K)->494K(640K) Class: 49K(128K)->48K(128K)
[49.820s][info][gc             ] GC(108) Pause Full (System.gc()) 44M->1M(7918M) 8.068ms
[49.820s][info][gc,cpu         ] GC(108) User=0.01s Sys=0.00s Real=0.01s
[50.279s][info][gc,start       ] GC(109) Pause Full (System.gc())
[50.279s][info][gc,phases,start] GC(109) Phase 1: Mark live objects
[50.283s][info][gc,phases      ] GC(109) Phase 1: Mark live objects 4.673ms
[50.284s][info][gc,phases,start] GC(109) Phase 2: Compute new object addresses
[50.284s][info][gc,phases      ] GC(109) Phase 2: Compute new object addresses 0.590ms
[50.284s][info][gc,phases,start] GC(109) Phase 3: Adjust pointers
[50.286s][info][gc,phases      ] GC(109) Phase 3: Adjust pointers 1.219ms
[50.286s][info][gc,phases,start] GC(109) Phase 4: Move objects
[50.286s][info][gc,phases      ] GC(109) Phase 4: Move objects 0.019ms
[50.286s][info][gc,heap        ] GC(109) DefNew: 44738K(2516544K)->0K(2516544K) Eden: 44738K(2236928K)->0K(2236928K) From: 0K(279616K)->0K(279616K)
[50.286s][info][gc,heap        ] GC(109) Tenured: 1146K(5592448K)->1149K(5592448K)
[50.286s][info][gc,metaspace   ] GC(109) Metaspace: 548K(768K)->548K(768K) NonClass: 498K(640K)->498K(640K) Class: 50K(128K)->50K(128K)
[50.286s][info][gc             ] GC(109) Pause Full (System.gc()) 44M->1M(7918M) 7.065ms
[50.286s][info][gc,cpu         ] GC(109) User=0.01s Sys=0.00s Real=0.01s
[50.741s][info][gc,start       ] GC(110) Pause Full (System.gc())
[50.741s][info][gc,phases,start] GC(110) Phase 1: Mark live objects
[50.745s][info][gc,phases      ] GC(110) Phase 1: Mark live objects 4.137ms
[50.745s][info][gc,phases,start] GC(110) Phase 2: Compute new object addresses
[50.745s][info][gc,phases      ] GC(110) Phase 2: Compute new object addresses 0.440ms
[50.745s][info][gc,phases,start] GC(110) Phase 3: Adjust pointers
[50.746s][info][gc,phases      ] GC(110) Phase 3: Adjust pointers 1.038ms
[50.746s][info][gc,phases,start] GC(110) Phase 4: Move objects
[50.746s][info][gc,phases      ] GC(110) Phase 4: Move objects 0.018ms
[50.747s][info][gc,heap        ] GC(110) DefNew: 44738K(2516544K)->0K(2516544K) Eden: 44738K(2236928K)->0K(2236928K) From: 0K(279616K)->0K(279616K)
[50.747s][info][gc,heap        ] GC(110) Tenured: 1149K(5592448K)->1152K(5592448K)
[50.747s][info][gc,metaspace   ] GC(110) Metaspace: 554K(896K)->554K(896K) NonClass: 502K(704K)->502K(704K) Class: 52K(192K)->52K(192K)
[50.747s][info][gc             ] GC(110) Pause Full (System.gc()) 44M->1M(7918M) 6.144ms
[50.747s][info][gc,cpu         ] GC(110) User=0.01s Sys=0.00s Real=0.01s
[51.201s][info][gc,start       ] GC(111) Pause Full (System.gc())
[51.201s][info][gc,phases,start] GC(111) Phase 1: Mark live objects
[51.209s][info][gc,phases      ] GC(111) Phase 1: Mark live objects 8.135ms
[51.210s][info][gc,phases,start] GC(111) Phase 2: Compute new object addresses
[51.210s][info][gc,phases      ] GC(111) Phase 2: Compute new object addresses 0.680ms
[51.210s][info][gc,phases,start] GC(111) Phase 3: Adjust pointers
[51.213s][info][gc,phases      ] GC(111) Phase 3: Adjust pointers 2.182ms
[51.213s][info][gc,phases,start] GC(111) Phase 4: Move objects
[51.213s][info][gc,phases      ] GC(111) Phase 4: Move objects 0.025ms
[51.213s][info][gc,heap        ] GC(111) DefNew: 44738K(2516544K)->0K(2516544K) Eden: 44738K(2236928K)->0K(2236928K) From: 0K(279616K)->0K(279616K)
[51.213s][info][gc,heap        ] GC(111) Tenured: 1152K(5592448K)->1129K(5592448K)
[51.213s][info][gc,metaspace   ] GC(111) Metaspace: 559K(896K)->506K(896K) NonClass: 505K(704K)->465K(704K) Class: 53K(192K)->41K(192K)
[51.213s][info][gc             ] GC(111) Pause Full (System.gc()) 44M->1M(7918M) 12.005ms
[51.213s][info][gc,cpu         ] GC(111) User=0.01s Sys=0.00s Real=0.02s
[51.669s][info][gc,start       ] GC(112) Pause Full (System.gc())
[51.669s][info][gc,phases,start] GC(112) Phase 1: Mark live objects
[51.675s][info][gc,phases      ] GC(112) Phase 1: Mark live objects 6.155ms
[51.675s][info][gc,phases,start] GC(112) Phase 2: Compute new object addresses
[51.676s][info][gc,phases      ] GC(112) Phase 2: Compute new object addresses 0.781ms
[51.676s][info][gc,phases,start] GC(112) Phase 3: Adjust pointers
[51.678s][info][gc,phases      ] GC(112) Phase 3: Adjust pointers 1.794ms
[51.678s][info][gc,phases,start] GC(112) Phase 4: Move objects
[51.678s][info][gc,phases      ] GC(112) Phase 4: Move objects 0.026ms
[51.678s][info][gc,heap        ] GC(112) DefNew: 44738K(2516544K)->0K(2516544K) Eden: 44738K(2236928K)->0K(2236928K) From: 0K(279616K)->0K(279616K)
[51.678s][info][gc,heap        ] GC(112) Tenured: 1129K(5592448K)->1132K(5592448K)
[51.679s][info][gc,metaspace   ] GC(112) Metaspace: 511K(896K)->508K(896K) NonClass: 468K(704K)->466K(704K) Class: 43K(192K)->42K(192K)
[51.679s][info][gc             ] GC(112) Pause Full (System.gc()) 44M->1M(7918M) 9.861ms
[51.679s][info][gc,cpu         ] GC(112) User=0.01s Sys=0.01s Real=0.01s
[52.135s][info][gc,start       ] GC(113) Pause Full (System.gc())
[52.135s][info][gc,phases,start] GC(113) Phase 1: Mark live objects
[52.139s][info][gc,phases      ] GC(113) Phase 1: Mark live objects 3.893ms
[52.139s][info][gc,phases,start] GC(113) Phase 2: Compute new object addresses
[52.140s][info][gc,phases      ] GC(113) Phase 2: Compute new object addresses 0.338ms
[52.140s][info][gc,phases,start] GC(113) Phase 3: Adjust pointers
[52.141s][info][gc,phases      ] GC(113) Phase 3: Adjust pointers 1.022ms
[52.141s][info][gc,phases,start] GC(113) Phase 4: Move objects
[52.141s][info][gc,phases      ] GC(113) Phase 4: Move objects 0.024ms
[52.141s][info][gc,heap        ] GC(113) DefNew: 44738K(2516544K)->0K(2516544K) Eden: 44738K(2236928K)->0K(2236928K) From: 0K(279616K)->0K(279616K)
[52.141s][info][gc,heap        ] GC(113) Tenured: 1132K(5592448K)->1135K(5592448K)
[52.141s][info][gc,metaspace   ] GC(113) Metaspace: 513K(896K)->513K(896K) NonClass: 469K(704K)->469K(704K) Class: 43K(192K)->43K(192K)
[52.141s][info][gc             ] GC(113) Pause Full (System.gc()) 44M->1M(7918M) 5.791ms
[52.141s][info][gc,cpu         ] GC(113) User=0.00s Sys=0.00s Real=0.00s
[52.598s][info][gc,start       ] GC(114) Pause Full (System.gc())
[52.598s][info][gc,phases,start] GC(114) Phase 1: Mark live objects
[52.601s][info][gc,phases      ] GC(114) Phase 1: Mark live objects 3.390ms
[52.601s][info][gc,phases,start] GC(114) Phase 2: Compute new object addresses
[52.602s][info][gc,phases      ] GC(114) Phase 2: Compute new object addresses 0.335ms
[52.602s][info][gc,phases,start] GC(114) Phase 3: Adjust pointers
[52.603s][info][gc,phases      ] GC(114) Phase 3: Adjust pointers 0.844ms
[52.603s][info][gc,phases,start] GC(114) Phase 4: Move objects
[52.603s][info][gc,phases      ] GC(114) Phase 4: Move objects 0.025ms
[52.603s][info][gc,heap        ] GC(114) DefNew: 44738K(2516544K)->0K(2516544K) Eden: 44738K(2236928K)->0K(2236928K) From: 0K(279616K)->0K(279616K)
[52.603s][info][gc,heap        ] GC(114) Tenured: 1135K(5592448K)->1138K(5592448K)
[52.603s][info][gc,metaspace   ] GC(114) Metaspace: 518K(896K)->518K(896K) NonClass: 472K(704K)->472K(704K) Class: 45K(192K)->45K(192K)
[52.603s][info][gc             ] GC(114) Pause Full (System.gc()) 44M->1M(7918M) 5.028ms
[52.603s][info][gc,cpu         ] GC(114) User=0.00s Sys=0.00s Real=0.00s
[53.055s][info][gc,start       ] GC(115) Pause Full (System.gc())
[53.055s][info][gc,phases,start] GC(115) Phase 1: Mark live objects
[53.057s][info][gc,phases      ] GC(115) Phase 1: Mark live objects 2.575ms
[53.057s][info][gc,phases,start] GC(115) Phase 2: Compute new object addresses
[53.058s][info][gc,phases      ] GC(115) Phase 2: Compute new object addresses 0.369ms
[53.058s][info][gc,phases,start] GC(115) Phase 3: Adjust pointers
[53.059s][info][gc,phases      ] GC(115) Phase 3: Adjust pointers 0.806ms
[53.059s][info][gc,phases,start] GC(115) Phase 4: Move objects
[53.059s][info][gc,phases      ] GC(115) Phase 4: Move objects 0.019ms
[53.059s][info][gc,heap        ] GC(115) DefNew: 44738K(2516544K)->0K(2516544K) Eden: 44738K(2236928K)->0K(2236928K) From: 0K(279616K)->0K(279616K)
[53.059s][info][gc,heap        ] GC(115) Tenured: 1138K(5592448K)->1139K(5592448K)
[53.059s][info][gc,metaspace   ] GC(115) Metaspace: 523K(896K)->523K(896K) NonClass: 475K(704K)->475K(704K) Class: 47K(192K)->47K(192K)
[53.059s][info][gc             ] GC(115) Pause Full (System.gc()) 44M->1M(7918M) 4.236ms
[53.059s][info][gc,cpu         ] GC(115) User=0.01s Sys=0.00s Real=0.00s
[53.511s][info][gc,start       ] GC(116) Pause Full (System.gc())
[53.511s][info][gc,phases,start] GC(116) Phase 1: Mark live objects
[53.512s][info][gc,phases      ] GC(116) Phase 1: Mark live objects 1.670ms
[53.512s][info][gc,phases,start] GC(116) Phase 2: Compute new object addresses
[53.513s][info][gc,phases      ] GC(116) Phase 2: Compute new object addresses 0.296ms
[53.513s][info][gc,phases,start] GC(116) Phase 3: Adjust pointers
[53.513s][info][gc,phases      ] GC(116) Phase 3: Adjust pointers 0.657ms
[53.513s][info][gc,phases,start] GC(116) Phase 4: Move objects
[53.513s][info][gc,phases      ] GC(116) Phase 4: Move objects 0.009ms
[53.514s][info][gc,heap        ] GC(116) DefNew: 44738K(2516544K)->0K(2516544K) Eden: 44738K(2236928K)->0K(2236928K) From: 0K(279616K)->0K(279616K)
[53.514s][info][gc,heap        ] GC(116) Tenured: 1139K(5592448K)->1142K(5592448K)
[53.514s][info][gc,metaspace   ] GC(116) Metaspace: 528K(896K)->528K(896K) NonClass: 479K(704K)->479K(704K) Class: 49K(192K)->49K(192K)
[53.514s][info][gc             ] GC(116) Pause Full (System.gc()) 44M->1M(7918M) 2.858ms
[53.514s][info][gc,cpu         ] GC(116) User=0.00s Sys=0.00s Real=0.01s
[53.967s][info][gc,start       ] GC(117) Pause Full (System.gc())
[53.967s][info][gc,phases,start] GC(117) Phase 1: Mark live objects
[53.972s][info][gc,phases      ] GC(117) Phase 1: Mark live objects 5.049ms
[53.972s][info][gc,phases,start] GC(117) Phase 2: Compute new object addresses
[53.973s][info][gc,phases      ] GC(117) Phase 2: Compute new object addresses 0.581ms
[53.973s][info][gc,phases,start] GC(117) Phase 3: Adjust pointers
[53.974s][info][gc,phases      ] GC(117) Phase 3: Adjust pointers 1.368ms
[53.974s][info][gc,phases,start] GC(117) Phase 4: Move objects
[53.974s][info][gc,phases      ] GC(117) Phase 4: Move objects 0.019ms
[53.974s][info][gc,heap        ] GC(117) DefNew: 44738K(2516544K)->0K(2516544K) Eden: 44738K(2236928K)->0K(2236928K) From: 0K(279616K)->0K(279616K)
[53.974s][info][gc,heap        ] GC(117) Tenured: 1142K(5592448K)->1145K(5592448K)
[53.974s][info][gc,metaspace   ] GC(117) Metaspace: 533K(896K)->517K(896K) NonClass: 482K(704K)->471K(704K) Class: 50K(192K)->45K(192K)
[53.974s][info][gc             ] GC(117) Pause Full (System.gc()) 44M->1M(7918M) 7.795ms
[53.974s][info][gc,cpu         ] GC(117) User=0.01s Sys=0.00s Real=0.01s
[54.432s][info][gc,start       ] GC(118) Pause Full (System.gc())
[54.432s][info][gc,phases,start] GC(118) Phase 1: Mark live objects
[54.437s][info][gc,phases      ] GC(118) Phase 1: Mark live objects 4.705ms
[54.437s][info][gc,phases,start] GC(118) Phase 2: Compute new object addresses
[54.437s][info][gc,phases      ] GC(118) Phase 2: Compute new object addresses 0.387ms
[54.437s][info][gc,phases,start] GC(118) Phase 3: Adjust pointers
[54.438s][info][gc,phases      ] GC(118) Phase 3: Adjust pointers 1.216ms
[54.438s][info][gc,phases,start] GC(118) Phase 4: Move objects
[54.438s][info][gc,phases      ] GC(118) Phase 4: Move objects 0.023ms
[54.439s][info][gc,heap        ] GC(118) DefNew: 44738K(2516544K)->0K(2516544K) Eden: 44738K(2236928K)->0K(2236928K) From: 0K(279616K)->0K(279616K)
[54.439s][info][gc,heap        ] GC(118) Tenured: 1145K(5592448K)->1148K(5592448K)
[54.439s][info][gc,metaspace   ] GC(118) Metaspace: 522K(896K)->519K(896K) NonClass: 474K(704K)->472K(704K) Class: 47K(192K)->46K(192K)
[54.439s][info][gc             ] GC(118) Pause Full (System.gc()) 44M->1M(7918M) 6.913ms
[54.439s][info][gc,cpu         ] GC(118) User=0.01s Sys=0.00s Real=0.01s
[54.897s][info][gc,start       ] GC(119) Pause Full (System.gc())
[54.897s][info][gc,phases,start] GC(119) Phase 1: Mark live objects
[54.902s][info][gc,phases      ] GC(119) Phase 1: Mark live objects 4.696ms
[54.902s][info][gc,phases,start] GC(119) Phase 2: Compute new object addresses
[54.903s][info][gc,phases      ] GC(119) Phase 2: Compute new object addresses 0.380ms
[54.903s][info][gc,phases,start] GC(119) Phase 3: Adjust pointers
[54.904s][info][gc,phases      ] GC(119) Phase 3: Adjust pointers 1.006ms
[54.904s][info][gc,phases,start] GC(119) Phase 4: Move objects
[54.904s][info][gc,phases      ] GC(119) Phase 4: Move objects 0.016ms
[54.904s][info][gc,heap        ] GC(119) DefNew: 44738K(2516544K)->0K(2516544K) Eden: 44738K(2236928K)->0K(2236928K) From: 0K(279616K)->0K(279616K)
[54.904s][info][gc,heap        ] GC(119) Tenured: 1148K(5592448K)->1139K(5592448K)
[54.904s][info][gc,metaspace   ] GC(119) Metaspace: 524K(896K)->524K(896K) NonClass: 475K(704K)->475K(704K) Class: 48K(192K)->48K(192K)
[54.904s][info][gc             ] GC(119) Pause Full (System.gc()) 44M->1M(7918M) 6.463ms
[54.904s][info][gc,cpu         ] GC(119) User=0.00s Sys=0.00s Real=0.01s
[55.361s][info][gc,start       ] GC(120) Pause Full (System.gc())
[55.361s][info][gc,phases,start] GC(120) Phase 1: Mark live objects
[55.366s][info][gc,phases      ] GC(120) Phase 1: Mark live objects 4.652ms
[55.366s][info][gc,phases,start] GC(120) Phase 2: Compute new object addresses
[55.366s][info][gc,phases      ] GC(120) Phase 2: Compute new object addresses 0.399ms
[55.366s][info][gc,phases,start] GC(120) Phase 3: Adjust pointers
[55.367s][info][gc,phases      ] GC(120) Phase 3: Adjust pointers 0.978ms
[55.367s][info][gc,phases,start] GC(120) Phase 4: Move objects
[55.367s][info][gc,phases      ] GC(120) Phase 4: Move objects 0.014ms
[55.367s][info][gc,heap        ] GC(120) DefNew: 44738K(2516544K)->0K(2516544K) Eden: 44738K(2236928K)->0K(2236928K) From: 0K(279616K)->0K(279616K)
[55.367s][info][gc,heap        ] GC(120) Tenured: 1139K(5592448K)->1142K(5592448K)
[55.367s][info][gc,metaspace   ] GC(120) Metaspace: 530K(896K)->524K(896K) NonClass: 480K(704K)->476K(704K) Class: 50K(192K)->48K(192K)
[55.367s][info][gc             ] GC(120) Pause Full (System.gc()) 44M->1M(7918M) 6.509ms
[55.367s][info][gc,cpu         ] GC(120) User=0.00s Sys=0.00s Real=0.01s
[55.820s][info][gc,start       ] GC(121) Pause Full (System.gc())
[55.820s][info][gc,phases,start] GC(121) Phase 1: Mark live objects
[55.825s][info][gc,phases      ] GC(121) Phase 1: Mark live objects 4.814ms
[55.825s][info][gc,phases,start] GC(121) Phase 2: Compute new object addresses
[55.825s][info][gc,phases      ] GC(121) Phase 2: Compute new object addresses 0.330ms
[55.825s][info][gc,phases,start] GC(121) Phase 3: Adjust pointers
[55.827s][info][gc,phases      ] GC(121) Phase 3: Adjust pointers 1.074ms
[55.827s][info][gc,phases,start] GC(121) Phase 4: Move objects
[55.827s][info][gc,phases      ] GC(121) Phase 4: Move objects 0.017ms
[55.827s][info][gc,heap        ] GC(121) DefNew: 44738K(2516544K)->0K(2516544K) Eden: 44738K(2236928K)->0K(2236928K) From: 0K(279616K)->0K(279616K)
[55.827s][info][gc,heap        ] GC(121) Tenured: 1142K(5592448K)->1145K(5592448K)
[55.827s][info][gc,metaspace   ] GC(121) Metaspace: 529K(896K)->526K(896K) NonClass: 479K(704K)->477K(704K) Class: 49K(192K)->48K(192K)
[55.827s][info][gc             ] GC(121) Pause Full (System.gc()) 44M->1M(7918M) 6.761ms
[55.827s][info][gc,cpu         ] GC(121) User=0.01s Sys=0.01s Real=0.01s
[56.281s][info][gc,start       ] GC(122) Pause Full (System.gc())
[56.281s][info][gc,phases,start] GC(122) Phase 1: Mark live objects
[56.284s][info][gc,phases      ] GC(122) Phase 1: Mark live objects 3.467ms
[56.284s][info][gc,phases,start] GC(122) Phase 2: Compute new object addresses
[56.285s][info][gc,phases      ] GC(122) Phase 2: Compute new object addresses 0.418ms
[56.285s][info][gc,phases,start] GC(122) Phase 3: Adjust pointers
[56.286s][info][gc,phases      ] GC(122) Phase 3: Adjust pointers 1.073ms
[56.286s][info][gc,phases,start] GC(122) Phase 4: Move objects
[56.286s][info][gc,phases      ] GC(122) Phase 4: Move objects 0.016ms
[56.286s][info][gc,heap        ] GC(122) DefNew: 44738K(2516544K)->0K(2516544K) Eden: 44738K(2236928K)->0K(2236928K) From: 0K(279616K)->0K(279616K)
[56.286s][info][gc,heap        ] GC(122) Tenured: 1145K(5592448K)->1148K(5592448K)
[56.286s][info][gc,metaspace   ] GC(122) Metaspace: 531K(896K)->531K(896K) NonClass: 480K(704K)->480K(704K) Class: 50K(192K)->50K(192K)
[56.286s][info][gc             ] GC(122) Pause Full (System.gc()) 44M->1M(7918M) 5.493ms
[56.286s][info][gc,cpu         ] GC(122) User=0.01s Sys=0.00s Real=0.01s
[56.739s][info][gc,start       ] GC(123) Pause Full (System.gc())
[56.739s][info][gc,phases,start] GC(123) Phase 1: Mark live objects
[56.741s][info][gc,phases      ] GC(123) Phase 1: Mark live objects 1.845ms
[56.741s][info][gc,phases,start] GC(123) Phase 2: Compute new object addresses
[56.742s][info][gc,phases      ] GC(123) Phase 2: Compute new object addresses 0.403ms
[56.742s][info][gc,phases,start] GC(123) Phase 3: Adjust pointers
[56.743s][info][gc,phases      ] GC(123) Phase 3: Adjust pointers 0.957ms
[56.743s][info][gc,phases,start] GC(123) Phase 4: Move objects
[56.743s][info][gc,phases      ] GC(123) Phase 4: Move objects 0.016ms
[56.743s][info][gc,heap        ] GC(123) DefNew: 44738K(2516544K)->0K(2516544K) Eden: 44738K(2236928K)->0K(2236928K) From: 0K(279616K)->0K(279616K)
[56.743s][info][gc,heap        ] GC(123) Tenured: 1148K(5592448K)->1145K(5592448K)
[56.743s][info][gc,metaspace   ] GC(123) Metaspace: 536K(896K)->536K(896K) NonClass: 483K(704K)->483K(704K) Class: 52K(192K)->52K(192K)
[56.743s][info][gc             ] GC(123) Pause Full (System.gc()) 44M->1M(7918M) 3.510ms
[56.743s][info][gc,cpu         ] GC(123) User=0.00s Sys=0.00s Real=0.00s
[57.197s][info][gc,start       ] GC(124) Pause Full (System.gc())
[57.198s][info][gc,phases,start] GC(124) Phase 1: Mark live objects
[57.203s][info][gc,phases      ] GC(124) Phase 1: Mark live objects 4.971ms
[57.203s][info][gc,phases,start] GC(124) Phase 2: Compute new object addresses
[57.203s][info][gc,phases      ] GC(124) Phase 2: Compute new object addresses 0.614ms
[57.203s][info][gc,phases,start] GC(124) Phase 3: Adjust pointers
[57.209s][info][gc,phases      ] GC(124) Phase 3: Adjust pointers 5.545ms
[57.209s][info][gc,phases,start] GC(124) Phase 4: Move objects
[57.209s][info][gc,phases      ] GC(124) Phase 4: Move objects 0.035ms
[57.209s][info][gc,heap        ] GC(124) DefNew: 44738K(2516544K)->0K(2516544K) Eden: 44738K(2236928K)->0K(2236928K) From: 0K(279616K)->0K(279616K)
[57.209s][info][gc,heap        ] GC(124) Tenured: 1145K(5592448K)->1148K(5592448K)
[57.209s][info][gc,metaspace   ] GC(124) Metaspace: 542K(896K)->542K(896K) NonClass: 488K(704K)->488K(704K) Class: 54K(192K)->54K(192K)
[57.209s][info][gc             ] GC(124) Pause Full (System.gc()) 44M->1M(7918M) 12.080ms
[57.210s][info][gc,cpu         ] GC(124) User=0.00s Sys=0.00s Real=0.01s
[57.669s][info][gc,start       ] GC(125) Pause Full (System.gc())
[57.669s][info][gc,phases,start] GC(125) Phase 1: Mark live objects
[57.674s][info][gc,phases      ] GC(125) Phase 1: Mark live objects 5.006ms
[57.674s][info][gc,phases,start] GC(125) Phase 2: Compute new object addresses
[57.676s][info][gc,phases      ] GC(125) Phase 2: Compute new object addresses 2.236ms
[57.677s][info][gc,phases,start] GC(125) Phase 3: Adjust pointers
[57.678s][info][gc,phases      ] GC(125) Phase 3: Adjust pointers 1.353ms
[57.678s][info][gc,phases,start] GC(125) Phase 4: Move objects
[57.678s][info][gc,phases      ] GC(125) Phase 4: Move objects 0.027ms
[57.678s][info][gc,heap        ] GC(125) DefNew: 44738K(2516544K)->0K(2516544K) Eden: 44738K(2236928K)->0K(2236928K) From: 0K(279616K)->0K(279616K)
[57.678s][info][gc,heap        ] GC(125) Tenured: 1148K(5592448K)->1151K(5592448K)
[57.678s][info][gc,metaspace   ] GC(125) Metaspace: 549K(896K)->545K(896K) NonClass: 493K(704K)->491K(704K) Class: 55K(192K)->53K(192K)
[57.678s][info][gc             ] GC(125) Pause Full (System.gc()) 44M->1M(7918M) 9.348ms
[57.678s][info][gc,cpu         ] GC(125) User=0.00s Sys=0.00s Real=0.01s
[58.135s][info][gc,start       ] GC(126) Pause Full (System.gc())
[58.135s][info][gc,phases,start] GC(126) Phase 1: Mark live objects
[58.141s][info][gc,phases      ] GC(126) Phase 1: Mark live objects 5.971ms
[58.141s][info][gc,phases,start] GC(126) Phase 2: Compute new object addresses
[58.142s][info][gc,phases      ] GC(126) Phase 2: Compute new object addresses 0.914ms
[58.142s][info][gc,phases,start] GC(126) Phase 3: Adjust pointers
[58.144s][info][gc,phases      ] GC(126) Phase 3: Adjust pointers 1.893ms
[58.144s][info][gc,phases,start] GC(126) Phase 4: Move objects
[58.144s][info][gc,phases      ] GC(126) Phase 4: Move objects 0.064ms
[58.145s][info][gc,heap        ] GC(126) DefNew: 44738K(2516544K)->0K(2516544K) Eden: 44738K(2236928K)->0K(2236928K) From: 0K(279616K)->0K(279616K)
[58.145s][info][gc,heap        ] GC(126) Tenured: 1151K(5592448K)->1154K(5592448K)
[58.145s][info][gc,metaspace   ] GC(126) Metaspace: 551K(896K)->509K(896K) NonClass: 495K(704K)->471K(704K) Class: 55K(192K)->38K(192K)
[58.145s][info][gc             ] GC(126) Pause Full (System.gc()) 44M->1M(7918M) 9.776ms
[58.145s][info][gc,cpu         ] GC(126) User=0.01s Sys=0.00s Real=0.01s
[58.603s][info][gc,start       ] GC(127) Pause Full (System.gc())
[58.603s][info][gc,phases,start] GC(127) Phase 1: Mark live objects
[58.610s][info][gc,phases      ] GC(127) Phase 1: Mark live objects 7.135ms
[58.611s][info][gc,phases,start] GC(127) Phase 2: Compute new object addresses
[58.611s][info][gc,phases      ] GC(127) Phase 2: Compute new object addresses 0.572ms
[58.611s][info][gc,phases,start] GC(127) Phase 3: Adjust pointers
[58.613s][info][gc,phases      ] GC(127) Phase 3: Adjust pointers 1.441ms
[58.613s][info][gc,phases,start] GC(127) Phase 4: Move objects
[58.613s][info][gc,phases      ] GC(127) Phase 4: Move objects 0.024ms
[58.613s][info][gc,heap        ] GC(127) DefNew: 44738K(2516544K)->0K(2516544K) Eden: 44738K(2236928K)->0K(2236928K) From: 0K(279616K)->0K(279616K)
[58.613s][info][gc,heap        ] GC(127) Tenured: 1154K(5592448K)->1127K(5592448K)
[58.613s][info][gc,metaspace   ] GC(127) Metaspace: 517K(896K)->514K(896K) NonClass: 477K(704K)->475K(704K) Class: 39K(192K)->38K(192K)
[58.613s][info][gc             ] GC(127) Pause Full (System.gc()) 44M->1M(7918M) 9.908ms
[58.613s][info][gc,cpu         ] GC(127) User=0.01s Sys=0.00s Real=0.01s
[59.072s][info][gc,start       ] GC(128) Pause Full (System.gc())
[59.072s][info][gc,phases,start] GC(128) Phase 1: Mark live objects
[59.079s][info][gc,phases      ] GC(128) Phase 1: Mark live objects 6.511ms
[59.079s][info][gc,phases,start] GC(128) Phase 2: Compute new object addresses
[59.079s][info][gc,phases      ] GC(128) Phase 2: Compute new object addresses 0.550ms
[59.079s][info][gc,phases,start] GC(128) Phase 3: Adjust pointers
[59.081s][info][gc,phases      ] GC(128) Phase 3: Adjust pointers 1.497ms
[59.081s][info][gc,phases,start] GC(128) Phase 4: Move objects
[59.081s][info][gc,phases      ] GC(128) Phase 4: Move objects 0.025ms
[59.081s][info][gc,heap        ] GC(128) DefNew: 44738K(2516544K)->0K(2516544K) Eden: 44738K(2236928K)->0K(2236928K) From: 0K(279616K)->0K(279616K)
[59.081s][info][gc,heap        ] GC(128) Tenured: 1127K(5592448K)->1130K(5592448K)
[59.081s][info][gc,metaspace   ] GC(128) Metaspace: 533K(896K)->533K(896K) NonClass: 493K(704K)->493K(704K) Class: 40K(192K)->40K(192K)
[59.081s][info][gc             ] GC(128) Pause Full (System.gc()) 44M->1M(7918M) 9.113ms
[59.081s][info][gc,cpu         ] GC(128) User=0.01s Sys=0.01s Real=0.01s
[59.539s][info][gc,start       ] GC(129) Pause Full (System.gc())
[59.540s][info][gc,phases,start] GC(129) Phase 1: Mark live objects
[59.548s][info][gc,phases      ] GC(129) Phase 1: Mark live objects 7.964ms
[59.548s][info][gc,phases,start] GC(129) Phase 2: Compute new object addresses
[59.548s][info][gc,phases      ] GC(129) Phase 2: Compute new object addresses 0.701ms
[59.548s][info][gc,phases,start] GC(129) Phase 3: Adjust pointers
[59.550s][info][gc,phases      ] GC(129) Phase 3: Adjust pointers 1.735ms
[59.550s][info][gc,phases,start] GC(129) Phase 4: Move objects
[59.550s][info][gc,phases      ] GC(129) Phase 4: Move objects 0.020ms
[59.550s][info][gc,heap        ] GC(129) DefNew: 44738K(2516544K)->0K(2516544K) Eden: 44738K(2236928K)->0K(2236928K) From: 0K(279616K)->0K(279616K)
[59.550s][info][gc,heap        ] GC(129) Tenured: 1130K(5592448K)->1133K(5592448K)
[59.550s][info][gc,metaspace   ] GC(129) Metaspace: 540K(896K)->538K(896K) NonClass: 498K(704K)->497K(704K) Class: 41K(192K)->40K(192K)
[59.550s][info][gc             ] GC(129) Pause Full (System.gc()) 44M->1M(7918M) 11.025ms
[59.550s][info][gc,cpu         ] GC(129) User=0.01s Sys=0.00s Real=0.01s
[60.007s][info][gc,start       ] GC(130) Pause Full (System.gc())
[60.008s][info][gc,phases,start] GC(130) Phase 1: Mark live objects
[60.014s][info][gc,phases      ] GC(130) Phase 1: Mark live objects 6.508ms
[60.014s][info][gc,phases,start] GC(130) Phase 2: Compute new object addresses
[60.015s][info][gc,phases      ] GC(130) Phase 2: Compute new object addresses 0.546ms
[60.015s][info][gc,phases,start] GC(130) Phase 3: Adjust pointers
[60.016s][info][gc,phases      ] GC(130) Phase 3: Adjust pointers 1.470ms
[60.016s][info][gc,phases,start] GC(130) Phase 4: Move objects
[60.016s][info][gc,phases      ] GC(130) Phase 4: Move objects 0.021ms
[60.016s][info][gc,heap        ] GC(130) DefNew: 44738K(2516544K)->0K(2516544K) Eden: 44738K(2236928K)->0K(2236928K) From: 0K(279616K)->0K(279616K)
[60.016s][info][gc,heap        ] GC(130) Tenured: 1133K(5592448K)->1136K(5592448K)
[60.016s][info][gc,metaspace   ] GC(130) Metaspace: 543K(896K)->542K(896K) NonClass: 500K(704K)->500K(704K) Class: 42K(192K)->42K(192K)
[60.017s][info][gc             ] GC(130) Pause Full (System.gc()) 44M->1M(7918M) 9.195ms
[60.017s][info][gc,cpu         ] GC(130) User=0.01s Sys=0.00s Real=0.01s
[60.470s][info][gc,start       ] GC(131) Pause Full (System.gc())
[60.471s][info][gc,phases,start] GC(131) Phase 1: Mark live objects
[60.478s][info][gc,phases      ] GC(131) Phase 1: Mark live objects 7.199ms
[60.478s][info][gc,phases,start] GC(131) Phase 2: Compute new object addresses
[60.478s][info][gc,phases      ] GC(131) Phase 2: Compute new object addresses 0.399ms
[60.478s][info][gc,phases,start] GC(131) Phase 3: Adjust pointers
[60.479s][info][gc,phases      ] GC(131) Phase 3: Adjust pointers 1.205ms
[60.479s][info][gc,phases,start] GC(131) Phase 4: Move objects
[60.479s][info][gc,phases      ] GC(131) Phase 4: Move objects 0.021ms
[60.480s][info][gc,heap        ] GC(131) DefNew: 89477K(2516544K)->0K(2516544K) Eden: 89477K(2236928K)->0K(2236928K) From: 0K(279616K)->0K(279616K)
[60.480s][info][gc,heap        ] GC(131) Tenured: 1136K(5592448K)->1135K(5592448K)
[60.480s][info][gc,metaspace   ] GC(131) Metaspace: 547K(896K)->546K(896K) NonClass: 503K(704K)->503K(704K) Class: 43K(192K)->43K(192K)
[60.480s][info][gc             ] GC(131) Pause Full (System.gc()) 88M->1M(7918M) 9.205ms
[60.480s][info][gc,cpu         ] GC(131) User=0.01s Sys=0.00s Real=0.01s
[60.938s][info][gc,start       ] GC(132) Pause Full (System.gc())
[60.938s][info][gc,phases,start] GC(132) Phase 1: Mark live objects
[60.944s][info][gc,phases      ] GC(132) Phase 1: Mark live objects 5.651ms
[60.944s][info][gc,phases,start] GC(132) Phase 2: Compute new object addresses
[60.944s][info][gc,phases      ] GC(132) Phase 2: Compute new object addresses 0.292ms
[60.944s][info][gc,phases,start] GC(132) Phase 3: Adjust pointers
[60.945s][info][gc,phases      ] GC(132) Phase 3: Adjust pointers 1.020ms
[60.945s][info][gc,phases,start] GC(132) Phase 4: Move objects
[60.945s][info][gc,phases      ] GC(132) Phase 4: Move objects 0.019ms
[60.946s][info][gc,heap        ] GC(132) DefNew: 44738K(2516544K)->0K(2516544K) Eden: 44738K(2236928K)->0K(2236928K) From: 0K(279616K)->0K(279616K)
[60.946s][info][gc,heap        ] GC(132) Tenured: 1135K(5592448K)->1138K(5592448K)
[60.946s][info][gc,metaspace   ] GC(132) Metaspace: 551K(896K)->550K(896K) NonClass: 506K(704K)->505K(704K) Class: 45K(192K)->44K(192K)
[60.946s][info][gc             ] GC(132) Pause Full (System.gc()) 44M->1M(7918M) 7.482ms
[60.946s][info][gc,cpu         ] GC(132) User=0.01s Sys=0.00s Real=0.01s
[61.400s][info][gc,start       ] GC(133) Pause Full (System.gc())
[61.401s][info][gc,phases,start] GC(133) Phase 1: Mark live objects
[61.406s][info][gc,phases      ] GC(133) Phase 1: Mark live objects 5.362ms
[61.406s][info][gc,phases,start] GC(133) Phase 2: Compute new object addresses
[61.406s][info][gc,phases      ] GC(133) Phase 2: Compute new object addresses 0.405ms
[61.407s][info][gc,phases,start] GC(133) Phase 3: Adjust pointers
[61.408s][info][gc,phases      ] GC(133) Phase 3: Adjust pointers 1.171ms
[61.408s][info][gc,phases,start] GC(133) Phase 4: Move objects
[61.408s][info][gc,phases      ] GC(133) Phase 4: Move objects 0.020ms
[61.408s][info][gc,heap        ] GC(133) DefNew: 44738K(2516544K)->0K(2516544K) Eden: 44738K(2236928K)->0K(2236928K) From: 0K(279616K)->0K(279616K)
[61.408s][info][gc,heap        ] GC(133) Tenured: 1138K(5592448K)->1141K(5592448K)
[61.408s][info][gc,metaspace   ] GC(133) Metaspace: 555K(896K)->554K(896K) NonClass: 509K(704K)->508K(704K) Class: 46K(192K)->45K(192K)
[61.408s][info][gc             ] GC(133) Pause Full (System.gc()) 44M->1M(7918M) 7.551ms
[61.408s][info][gc,cpu         ] GC(133) User=0.01s Sys=0.00s Real=0.01s
[61.864s][info][gc,start       ] GC(134) Pause Full (System.gc())
[61.864s][info][gc,phases,start] GC(134) Phase 1: Mark live objects
[61.870s][info][gc,phases      ] GC(134) Phase 1: Mark live objects 5.478ms
[61.870s][info][gc,phases,start] GC(134) Phase 2: Compute new object addresses
[61.870s][info][gc,phases      ] GC(134) Phase 2: Compute new object addresses 0.497ms
[61.870s][info][gc,phases,start] GC(134) Phase 3: Adjust pointers
[61.871s][info][gc,phases      ] GC(134) Phase 3: Adjust pointers 1.078ms
[61.871s][info][gc,phases,start] GC(134) Phase 4: Move objects
[61.871s][info][gc,phases      ] GC(134) Phase 4: Move objects 0.015ms
[61.872s][info][gc,heap        ] GC(134) DefNew: 44738K(2516544K)->0K(2516544K) Eden: 44738K(2236928K)->0K(2236928K) From: 0K(279616K)->0K(279616K)
[61.872s][info][gc,heap        ] GC(134) Tenured: 1141K(5592448K)->1144K(5592448K)
[61.872s][info][gc,metaspace   ] GC(134) Metaspace: 559K(896K)->529K(896K) NonClass: 511K(704K)->488K(704K) Class: 47K(192K)->40K(192K)
[61.872s][info][gc             ] GC(134) Pause Full (System.gc()) 44M->1M(7918M) 7.702ms
[61.872s][info][gc,cpu         ] GC(134) User=0.01s Sys=0.00s Real=0.00s
[62.329s][info][gc,start       ] GC(135) Pause Full (System.gc())
[62.329s][info][gc,phases,start] GC(135) Phase 1: Mark live objects
[62.336s][info][gc,phases      ] GC(135) Phase 1: Mark live objects 7.071ms
[62.336s][info][gc,phases,start] GC(135) Phase 2: Compute new object addresses
[62.337s][info][gc,phases      ] GC(135) Phase 2: Compute new object addresses 0.551ms
[62.337s][info][gc,phases,start] GC(135) Phase 3: Adjust pointers
[62.339s][info][gc,phases      ] GC(135) Phase 3: Adjust pointers 1.779ms
[62.339s][info][gc,phases,start] GC(135) Phase 4: Move objects
[62.339s][info][gc,phases      ] GC(135) Phase 4: Move objects 0.029ms
[62.339s][info][gc,heap        ] GC(135) DefNew: 44738K(2516544K)->0K(2516544K) Eden: 44738K(2236928K)->0K(2236928K) From: 0K(279616K)->0K(279616K)
[62.339s][info][gc,heap        ] GC(135) Tenured: 1144K(5592448K)->1129K(5592448K)
[62.339s][info][gc,metaspace   ] GC(135) Metaspace: 534K(896K)->530K(896K) NonClass: 491K(704K)->489K(704K) Class: 42K(192K)->41K(192K)
[62.339s][info][gc             ] GC(135) Pause Full (System.gc()) 44M->1M(7918M) 9.973ms
[62.339s][info][gc,cpu         ] GC(135) User=0.01s Sys=0.00s Real=0.01s
[62.792s][info][gc,start       ] GC(136) Pause Full (System.gc())
[62.793s][info][gc,phases,start] GC(136) Phase 1: Mark live objects
[62.798s][info][gc,phases      ] GC(136) Phase 1: Mark live objects 5.629ms
[62.798s][info][gc,phases,start] GC(136) Phase 2: Compute new object addresses
[62.799s][info][gc,phases      ] GC(136) Phase 2: Compute new object addresses 0.763ms
[62.799s][info][gc,phases,start] GC(136) Phase 3: Adjust pointers
[62.801s][info][gc,phases      ] GC(136) Phase 3: Adjust pointers 1.469ms
[62.801s][info][gc,phases,start] GC(136) Phase 4: Move objects
[62.801s][info][gc,phases      ] GC(136) Phase 4: Move objects 0.020ms
[62.801s][info][gc,heap        ] GC(136) DefNew: 44738K(2516544K)->0K(2516544K) Eden: 44738K(2236928K)->0K(2236928K) From: 0K(279616K)->0K(279616K)
[62.801s][info][gc,heap        ] GC(136) Tenured: 1129K(5592448K)->1132K(5592448K)
[62.801s][info][gc,metaspace   ] GC(136) Metaspace: 535K(896K)->532K(896K) NonClass: 492K(704K)->490K(704K) Class: 43K(192K)->42K(192K)
[62.801s][info][gc             ] GC(136) Pause Full (System.gc()) 44M->1M(7918M) 8.452ms
[62.801s][info][gc,cpu         ] GC(136) User=0.01s Sys=0.00s Real=0.01s
[63.259s][info][gc,start       ] GC(137) Pause Full (System.gc())
[63.259s][info][gc,phases,start] GC(137) Phase 1: Mark live objects
[63.264s][info][gc,phases      ] GC(137) Phase 1: Mark live objects 4.669ms
[63.264s][info][gc,phases,start] GC(137) Phase 2: Compute new object addresses
[63.264s][info][gc,phases      ] GC(137) Phase 2: Compute new object addresses 0.749ms
[63.264s][info][gc,phases,start] GC(137) Phase 3: Adjust pointers
[63.266s][info][gc,phases      ] GC(137) Phase 3: Adjust pointers 1.856ms
[63.266s][info][gc,phases,start] GC(137) Phase 4: Move objects
[63.266s][info][gc,phases      ] GC(137) Phase 4: Move objects 0.027ms
[63.266s][info][gc,heap        ] GC(137) DefNew: 44738K(2516544K)->0K(2516544K) Eden: 44738K(2236928K)->0K(2236928K) From: 0K(279616K)->0K(279616K)
[63.267s][info][gc,heap        ] GC(137) Tenured: 1132K(5592448K)->1135K(5592448K)
[63.267s][info][gc,metaspace   ] GC(137) Metaspace: 537K(896K)->537K(896K) NonClass: 493K(704K)->493K(704K) Class: 43K(192K)->43K(192K)
[63.267s][info][gc             ] GC(137) Pause Full (System.gc()) 44M->1M(7918M) 7.925ms
[63.267s][info][gc,cpu         ] GC(137) User=0.01s Sys=0.00s Real=0.01s
[63.723s][info][gc,start       ] GC(138) Pause Full (System.gc())
[63.723s][info][gc,phases,start] GC(138) Phase 1: Mark live objects
[63.727s][info][gc,phases      ] GC(138) Phase 1: Mark live objects 4.562ms
[63.728s][info][gc,phases,start] GC(138) Phase 2: Compute new object addresses
[63.728s][info][gc,phases      ] GC(138) Phase 2: Compute new object addresses 0.774ms
[63.728s][info][gc,phases,start] GC(138) Phase 3: Adjust pointers
[63.730s][info][gc,phases      ] GC(138) Phase 3: Adjust pointers 1.891ms
[63.730s][info][gc,phases,start] GC(138) Phase 4: Move objects
[63.730s][info][gc,phases      ] GC(138) Phase 4: Move objects 0.025ms
[63.731s][info][gc,heap        ] GC(138) DefNew: 44738K(2516544K)->0K(2516544K) Eden: 44738K(2236928K)->0K(2236928K) From: 0K(279616K)->0K(279616K)
[63.731s][info][gc,heap        ] GC(138) Tenured: 1135K(5592448K)->1138K(5592448K)
[63.731s][info][gc,metaspace   ] GC(138) Metaspace: 542K(896K)->542K(896K) NonClass: 496K(704K)->496K(704K) Class: 45K(192K)->45K(192K)
[63.731s][info][gc             ] GC(138) Pause Full (System.gc()) 44M->1M(7918M) 7.862ms
[63.731s][info][gc,cpu         ] GC(138) User=0.00s Sys=0.00s Real=0.01s
[64.190s][info][gc,start       ] GC(139) Pause Full (System.gc())
[64.190s][info][gc,phases,start] GC(139) Phase 1: Mark live objects
[64.194s][info][gc,phases      ] GC(139) Phase 1: Mark live objects 4.670ms
[64.194s][info][gc,phases,start] GC(139) Phase 2: Compute new object addresses
[64.195s][info][gc,phases      ] GC(139) Phase 2: Compute new object addresses 0.573ms
[64.195s][info][gc,phases,start] GC(139) Phase 3: Adjust pointers
[64.197s][info][gc,phases      ] GC(139) Phase 3: Adjust pointers 1.517ms
[64.197s][info][gc,phases,start] GC(139) Phase 4: Move objects
[64.197s][info][gc,phases      ] GC(139) Phase 4: Move objects 0.030ms
[64.197s][info][gc,heap        ] GC(139) DefNew: 44738K(2516544K)->0K(2516544K) Eden: 44738K(2236928K)->0K(2236928K) From: 0K(279616K)->0K(279616K)
[64.197s][info][gc,heap        ] GC(139) Tenured: 1138K(5592448K)->1139K(5592448K)
[64.197s][info][gc,metaspace   ] GC(139) Metaspace: 548K(896K)->548K(896K) NonClass: 500K(704K)->500K(704K) Class: 47K(192K)->47K(192K)
[64.197s][info][gc             ] GC(139) Pause Full (System.gc()) 44M->1M(7918M) 7.267ms
[64.197s][info][gc,cpu         ] GC(139) User=0.01s Sys=0.00s Real=0.01s
[64.655s][info][gc,start       ] GC(140) Pause Full (System.gc())
[64.655s][info][gc,phases,start] GC(140) Phase 1: Mark live objects
[64.660s][info][gc,phases      ] GC(140) Phase 1: Mark live objects 4.542ms
[64.660s][info][gc,phases,start] GC(140) Phase 2: Compute new object addresses
[64.660s][info][gc,phases      ] GC(140) Phase 2: Compute new object addresses 0.562ms
[64.660s][info][gc,phases,start] GC(140) Phase 3: Adjust pointers
[64.661s][info][gc,phases      ] GC(140) Phase 3: Adjust pointers 1.184ms
[64.661s][info][gc,phases,start] GC(140) Phase 4: Move objects
[64.661s][info][gc,phases      ] GC(140) Phase 4: Move objects 0.014ms
[64.662s][info][gc,heap        ] GC(140) DefNew: 44738K(2516544K)->0K(2516544K) Eden: 44738K(2236928K)->0K(2236928K) From: 0K(279616K)->0K(279616K)
[64.662s][info][gc,heap        ] GC(140) Tenured: 1139K(5592448K)->1142K(5592448K)
[64.662s][info][gc,metaspace   ] GC(140) Metaspace: 553K(896K)->553K(896K) NonClass: 503K(704K)->503K(704K) Class: 49K(192K)->49K(192K)
[64.662s][info][gc             ] GC(140) Pause Full (System.gc()) 44M->1M(7918M) 6.751ms
[64.662s][info][gc,cpu         ] GC(140) User=0.00s Sys=0.00s Real=0.00s
[65.118s][info][gc,start       ] GC(141) Pause Full (System.gc())
[65.118s][info][gc,phases,start] GC(141) Phase 1: Mark live objects
[65.122s][info][gc,phases      ] GC(141) Phase 1: Mark live objects 4.596ms
[65.122s][info][gc,phases,start] GC(141) Phase 2: Compute new object addresses
[65.123s][info][gc,phases      ] GC(141) Phase 2: Compute new object addresses 0.556ms
[65.123s][info][gc,phases,start] GC(141) Phase 3: Adjust pointers
[65.124s][info][gc,phases      ] GC(141) Phase 3: Adjust pointers 1.155ms
[65.124s][info][gc,phases,start] GC(141) Phase 4: Move objects
[65.124s][info][gc,phases      ] GC(141) Phase 4: Move objects 0.048ms
[65.125s][info][gc,heap        ] GC(141) DefNew: 44738K(2516544K)->0K(2516544K) Eden: 44738K(2236928K)->0K(2236928K) From: 0K(279616K)->0K(279616K)
[65.125s][info][gc,heap        ] GC(141) Tenured: 1142K(5592448K)->1145K(5592448K)
[65.125s][info][gc,metaspace   ] GC(141) Metaspace: 558K(896K)->558K(896K) NonClass: 507K(704K)->507K(704K) Class: 50K(192K)->50K(192K)
[65.125s][info][gc             ] GC(141) Pause Full (System.gc()) 44M->1M(7918M) 6.936ms
[65.125s][info][gc,cpu         ] GC(141) User=0.00s Sys=0.00s Real=0.01s
[65.582s][info][gc,start       ] GC(142) Pause Full (System.gc())
[65.582s][info][gc,phases,start] GC(142) Phase 1: Mark live objects
[65.586s][info][gc,phases      ] GC(142) Phase 1: Mark live objects 3.980ms
[65.586s][info][gc,phases,start] GC(142) Phase 2: Compute new object addresses
[65.587s][info][gc,phases      ] GC(142) Phase 2: Compute new object addresses 0.550ms
[65.587s][info][gc,phases,start] GC(142) Phase 3: Adjust pointers
[65.588s][info][gc,phases      ] GC(142) Phase 3: Adjust pointers 1.273ms
[65.588s][info][gc,phases,start] GC(142) Phase 4: Move objects
[65.588s][info][gc,phases      ] GC(142) Phase 4: Move objects 0.015ms
[65.588s][info][gc,heap        ] GC(142) DefNew: 44738K(2516544K)->0K(2516544K) Eden: 44738K(2236928K)->0K(2236928K) From: 0K(279616K)->0K(279616K)
[65.588s][info][gc,heap        ] GC(142) Tenured: 1145K(5592448K)->1148K(5592448K)
[65.588s][info][gc,metaspace   ] GC(142) Metaspace: 563K(896K)->563K(896K) NonClass: 510K(704K)->510K(704K) Class: 52K(192K)->52K(192K)
[65.588s][info][gc             ] GC(142) Pause Full (System.gc()) 44M->1M(7918M) 6.234ms
[65.588s][info][gc,cpu         ] GC(142) User=0.01s Sys=0.00s Real=0.01s
[66.043s][info][gc,start       ] GC(143) Pause Full (System.gc())
[66.043s][info][gc,phases,start] GC(143) Phase 1: Mark live objects
[66.046s][info][gc,phases      ] GC(143) Phase 1: Mark live objects 3.121ms
[66.046s][info][gc,phases,start] GC(143) Phase 2: Compute new object addresses
[66.046s][info][gc,phases      ] GC(143) Phase 2: Compute new object addresses 0.305ms
[66.046s][info][gc,phases,start] GC(143) Phase 3: Adjust pointers
[66.047s][info][gc,phases      ] GC(143) Phase 3: Adjust pointers 1.037ms
[66.047s][info][gc,phases,start] GC(143) Phase 4: Move objects
[66.047s][info][gc,phases      ] GC(143) Phase 4: Move objects 0.022ms
[66.047s][info][gc,heap        ] GC(143) DefNew: 44738K(2516544K)->0K(2516544K) Eden: 44738K(2236928K)->0K(2236928K) From: 0K(279616K)->0K(279616K)
[66.047s][info][gc,heap        ] GC(143) Tenured: 1148K(5592448K)->1150K(5592448K)
[66.048s][info][gc,metaspace   ] GC(143) Metaspace: 568K(896K)->568K(896K) NonClass: 513K(704K)->513K(704K) Class: 54K(192K)->54K(192K)
[66.048s][info][gc             ] GC(143) Pause Full (System.gc()) 44M->1M(7918M) 4.850ms
[66.048s][info][gc,cpu         ] GC(143) User=0.01s Sys=0.00s Real=0.01s
[66.501s][info][gc,start       ] GC(144) Pause Full (System.gc())
[66.501s][info][gc,phases,start] GC(144) Phase 1: Mark live objects
[66.505s][info][gc,phases      ] GC(144) Phase 1: Mark live objects 3.804ms
[66.505s][info][gc,phases,start] GC(144) Phase 2: Compute new object addresses
[66.506s][info][gc,phases      ] GC(144) Phase 2: Compute new object addresses 0.439ms
[66.506s][info][gc,phases,start] GC(144) Phase 3: Adjust pointers
[66.507s][info][gc,phases      ] GC(144) Phase 3: Adjust pointers 1.714ms
[66.507s][info][gc,phases,start] GC(144) Phase 4: Move objects
[66.508s][info][gc,phases      ] GC(144) Phase 4: Move objects 0.022ms
[66.508s][info][gc,heap        ] GC(144) DefNew: 44738K(2516544K)->0K(2516544K) Eden: 44738K(2236928K)->0K(2236928K) From: 0K(279616K)->0K(279616K)
[66.508s][info][gc,heap        ] GC(144) Tenured: 1150K(5592448K)->1153K(5592448K)
[66.508s][info][gc,metaspace   ] GC(144) Metaspace: 573K(896K)->573K(896K) NonClass: 516K(704K)->516K(704K) Class: 56K(192K)->56K(192K)
[66.508s][info][gc             ] GC(144) Pause Full (System.gc()) 44M->1M(7918M) 6.441ms
[66.508s][info][gc,cpu         ] GC(144) User=0.00s Sys=0.00s Real=0.01s
[66.962s][info][gc,start       ] GC(145) Pause Full (System.gc())
[66.962s][info][gc,phases,start] GC(145) Phase 1: Mark live objects
[66.966s][info][gc,phases      ] GC(145) Phase 1: Mark live objects 3.861ms
[66.966s][info][gc,phases,start] GC(145) Phase 2: Compute new object addresses
[66.967s][info][gc,phases      ] GC(145) Phase 2: Compute new object addresses 0.370ms
[66.967s][info][gc,phases,start] GC(145) Phase 3: Adjust pointers
[66.968s][info][gc,phases      ] GC(145) Phase 3: Adjust pointers 0.946ms
[66.968s][info][gc,phases,start] GC(145) Phase 4: Move objects
[66.968s][info][gc,phases      ] GC(145) Phase 4: Move objects 0.014ms
[66.968s][info][gc,heap        ] GC(145) DefNew: 44738K(2516544K)->0K(2516544K) Eden: 44738K(2236928K)->0K(2236928K) From: 0K(279616K)->0K(279616K)
[66.968s][info][gc,heap        ] GC(145) Tenured: 1153K(5592448K)->1156K(5592448K)
[66.968s][info][gc,metaspace   ] GC(145) Metaspace: 578K(896K)->578K(896K) NonClass: 520K(704K)->520K(704K) Class: 57K(192K)->57K(192K)
[66.968s][info][gc             ] GC(145) Pause Full (System.gc()) 44M->1M(7918M) 5.573ms
[66.968s][info][gc,cpu         ] GC(145) User=0.01s Sys=0.00s Real=0.01s
[67.423s][info][gc,start       ] GC(146) Pause Full (System.gc())
[67.423s][info][gc,phases,start] GC(146) Phase 1: Mark live objects
[67.426s][info][gc,phases      ] GC(146) Phase 1: Mark live objects 3.508ms
[67.426s][info][gc,phases,start] GC(146) Phase 2: Compute new object addresses
[67.427s][info][gc,phases      ] GC(146) Phase 2: Compute new object addresses 0.425ms
[67.427s][info][gc,phases,start] GC(146) Phase 3: Adjust pointers
[67.428s][info][gc,phases      ] GC(146) Phase 3: Adjust pointers 1.445ms
[67.428s][info][gc,phases,start] GC(146) Phase 4: Move objects
[67.428s][info][gc,phases      ] GC(146) Phase 4: Move objects 0.020ms
[67.428s][info][gc,heap        ] GC(146) DefNew: 44738K(2516544K)->0K(2516544K) Eden: 44738K(2236928K)->0K(2236928K) From: 0K(279616K)->0K(279616K)
[67.428s][info][gc,heap        ] GC(146) Tenured: 1156K(5592448K)->1159K(5592448K)
[67.428s][info][gc,metaspace   ] GC(146) Metaspace: 583K(896K)->583K(896K) NonClass: 523K(704K)->523K(704K) Class: 59K(192K)->59K(192K)
[67.428s][info][gc             ] GC(146) Pause Full (System.gc()) 44M->1M(7918M) 5.896ms
[67.428s][info][gc,cpu         ] GC(146) User=0.01s Sys=0.00s Real=0.01s
[67.885s][info][gc,start       ] GC(147) Pause Full (System.gc())
[67.885s][info][gc,phases,start] GC(147) Phase 1: Mark live objects
[67.889s][info][gc,phases      ] GC(147) Phase 1: Mark live objects 4.274ms
[67.889s][info][gc,phases,start] GC(147) Phase 2: Compute new object addresses
[67.890s][info][gc,phases      ] GC(147) Phase 2: Compute new object addresses 0.379ms
[67.890s][info][gc,phases,start] GC(147) Phase 3: Adjust pointers
[67.891s][info][gc,phases      ] GC(147) Phase 3: Adjust pointers 1.047ms
[67.891s][info][gc,phases,start] GC(147) Phase 4: Move objects
[67.891s][info][gc,phases      ] GC(147) Phase 4: Move objects 0.019ms
[67.891s][info][gc,heap        ] GC(147) DefNew: 44738K(2516544K)->0K(2516544K) Eden: 44738K(2236928K)->0K(2236928K) From: 0K(279616K)->0K(279616K)
[67.891s][info][gc,heap        ] GC(147) Tenured: 1159K(5592448K)->1151K(5592448K)
[67.891s][info][gc,metaspace   ] GC(147) Metaspace: 588K(896K)->577K(896K) NonClass: 526K(704K)->522K(704K) Class: 61K(192K)->55K(192K)
[67.891s][info][gc             ] GC(147) Pause Full (System.gc()) 44M->1M(7918M) 6.139ms
[67.891s][info][gc,cpu         ] GC(147) User=0.00s Sys=0.00s Real=0.00s
[68.348s][info][gc,start       ] GC(148) Pause Full (System.gc())
[68.348s][info][gc,phases,start] GC(148) Phase 1: Mark live objects
[68.354s][info][gc,phases      ] GC(148) Phase 1: Mark live objects 5.804ms
[68.354s][info][gc,phases,start] GC(148) Phase 2: Compute new object addresses
[68.354s][info][gc,phases      ] GC(148) Phase 2: Compute new object addresses 0.396ms
[68.354s][info][gc,phases,start] GC(148) Phase 3: Adjust pointers
[68.356s][info][gc,phases      ] GC(148) Phase 3: Adjust pointers 1.277ms
[68.356s][info][gc,phases,start] GC(148) Phase 4: Move objects
[68.356s][info][gc,phases      ] GC(148) Phase 4: Move objects 0.029ms
[68.356s][info][gc,heap        ] GC(148) DefNew: 44738K(2516544K)->0K(2516544K) Eden: 44738K(2236928K)->0K(2236928K) From: 0K(279616K)->0K(279616K)
[68.356s][info][gc,heap        ] GC(148) Tenured: 1151K(5592448K)->1154K(5592448K)
[68.356s][info][gc,metaspace   ] GC(148) Metaspace: 582K(896K)->581K(896K) NonClass: 525K(704K)->524K(704K) Class: 57K(192K)->57K(192K)
[68.356s][info][gc             ] GC(148) Pause Full (System.gc()) 44M->1M(7918M) 7.958ms
[68.356s][info][gc,cpu         ] GC(148) User=0.00s Sys=0.00s Real=0.01s
[68.810s][info][gc,start       ] GC(149) Pause Full (System.gc())
[68.810s][info][gc,phases,start] GC(149) Phase 1: Mark live objects
[68.813s][info][gc,phases      ] GC(149) Phase 1: Mark live objects 3.236ms
[68.813s][info][gc,phases,start] GC(149) Phase 2: Compute new object addresses
[68.814s][info][gc,phases      ] GC(149) Phase 2: Compute new object addresses 0.329ms
[68.814s][info][gc,phases,start] GC(149) Phase 3: Adjust pointers
[68.815s][info][gc,phases      ] GC(149) Phase 3: Adjust pointers 0.907ms
[68.815s][info][gc,phases,start] GC(149) Phase 4: Move objects
[68.815s][info][gc,phases      ] GC(149) Phase 4: Move objects 0.013ms
[68.815s][info][gc,heap        ] GC(149) DefNew: 44738K(2516544K)->0K(2516544K) Eden: 44738K(2236928K)->0K(2236928K) From: 0K(279616K)->0K(279616K)
[68.815s][info][gc,heap        ] GC(149) Tenured: 1154K(5592448K)->1157K(5592448K)
[68.815s][info][gc,metaspace   ] GC(149) Metaspace: 586K(896K)->586K(896K) NonClass: 528K(704K)->528K(704K) Class: 58K(192K)->58K(192K)
[68.815s][info][gc             ] GC(149) Pause Full (System.gc()) 44M->1M(7918M) 4.906ms
[68.815s][info][gc,cpu         ] GC(149) User=0.01s Sys=0.00s Real=0.01s
[69.267s][info][gc,start       ] GC(150) Pause Full (System.gc())
[69.267s][info][gc,phases,start] GC(150) Phase 1: Mark live objects
[69.272s][info][gc,phases      ] GC(150) Phase 1: Mark live objects 4.469ms
[69.272s][info][gc,phases,start] GC(150) Phase 2: Compute new object addresses
[69.272s][info][gc,phases      ] GC(150) Phase 2: Compute new object addresses 0.513ms
[69.272s][info][gc,phases,start] GC(150) Phase 3: Adjust pointers
[69.274s][info][gc,phases      ] GC(150) Phase 3: Adjust pointers 1.344ms
[69.274s][info][gc,phases,start] GC(150) Phase 4: Move objects
[69.274s][info][gc,phases      ] GC(150) Phase 4: Move objects 0.024ms
[69.274s][info][gc,heap        ] GC(150) DefNew: 44738K(2516544K)->0K(2516544K) Eden: 44738K(2236928K)->0K(2236928K) From: 0K(279616K)->0K(279616K)
[69.274s][info][gc,heap        ] GC(150) Tenured: 1157K(5592448K)->1160K(5592448K)
[69.274s][info][gc,metaspace   ] GC(150) Metaspace: 591K(896K)->558K(896K) NonClass: 531K(704K)->505K(704K) Class: 60K(192K)->52K(192K)
[69.274s][info][gc             ] GC(150) Pause Full (System.gc()) 44M->1M(7918M) 7.215ms
[69.274s][info][gc,cpu         ] GC(150) User=0.01s Sys=0.00s Real=0.01s
[69.729s][info][gc,start       ] GC(151) Pause Full (System.gc())
[69.729s][info][gc,phases,start] GC(151) Phase 1: Mark live objects
[69.734s][info][gc,phases      ] GC(151) Phase 1: Mark live objects 4.515ms
[69.734s][info][gc,phases,start] GC(151) Phase 2: Compute new object addresses
[69.734s][info][gc,phases      ] GC(151) Phase 2: Compute new object addresses 0.413ms
[69.734s][info][gc,phases,start] GC(151) Phase 3: Adjust pointers
[69.736s][info][gc,phases      ] GC(151) Phase 3: Adjust pointers 1.157ms
[69.736s][info][gc,phases,start] GC(151) Phase 4: Move objects
[69.736s][info][gc,phases      ] GC(151) Phase 4: Move objects 0.022ms
[69.736s][info][gc,heap        ] GC(151) DefNew: 44738K(2516544K)->0K(2516544K) Eden: 44738K(2236928K)->0K(2236928K) From: 0K(279616K)->0K(279616K)
[69.736s][info][gc,heap        ] GC(151) Tenured: 1160K(5592448K)->1145K(5592448K)
[69.736s][info][gc,metaspace   ] GC(151) Metaspace: 563K(896K)->559K(896K) NonClass: 508K(704K)->506K(704K) Class: 54K(192K)->53K(192K)
[69.736s][info][gc             ] GC(151) Pause Full (System.gc()) 44M->1M(7918M) 6.668ms
[69.736s][info][gc,cpu         ] GC(151) User=0.00s Sys=0.00s Real=0.01s
[70.190s][info][gc,start       ] GC(152) Pause Full (System.gc())
[70.190s][info][gc,phases,start] GC(152) Phase 1: Mark live objects
[70.193s][info][gc,phases      ] GC(152) Phase 1: Mark live objects 3.187ms
[70.193s][info][gc,phases,start] GC(152) Phase 2: Compute new object addresses
[70.194s][info][gc,phases      ] GC(152) Phase 2: Compute new object addresses 0.402ms
[70.194s][info][gc,phases,start] GC(152) Phase 3: Adjust pointers
[70.195s][info][gc,phases      ] GC(152) Phase 3: Adjust pointers 0.921ms
[70.195s][info][gc,phases,start] GC(152) Phase 4: Move objects
[70.195s][info][gc,phases      ] GC(152) Phase 4: Move objects 0.016ms
[70.195s][info][gc,heap        ] GC(152) DefNew: 44738K(2516544K)->0K(2516544K) Eden: 44738K(2236928K)->0K(2236928K) From: 0K(279616K)->0K(279616K)
[70.195s][info][gc,heap        ] GC(152) Tenured: 1145K(5592448K)->1148K(5592448K)
[70.195s][info][gc,metaspace   ] GC(152) Metaspace: 564K(896K)->564K(896K) NonClass: 509K(704K)->509K(704K) Class: 55K(192K)->55K(192K)
[70.195s][info][gc             ] GC(152) Pause Full (System.gc()) 44M->1M(7918M) 5.059ms
[70.195s][info][gc,cpu         ] GC(152) User=0.00s Sys=0.00s Real=0.01s
[70.647s][info][gc,start       ] GC(153) Pause Full (System.gc())
[70.648s][info][gc,phases,start] GC(153) Phase 1: Mark live objects
[70.651s][info][gc,phases      ] GC(153) Phase 1: Mark live objects 3.659ms
[70.651s][info][gc,phases,start] GC(153) Phase 2: Compute new object addresses
[70.652s][info][gc,phases      ] GC(153) Phase 2: Compute new object addresses 0.552ms
[70.652s][info][gc,phases,start] GC(153) Phase 3: Adjust pointers
[70.653s][info][gc,phases      ] GC(153) Phase 3: Adjust pointers 1.378ms
[70.653s][info][gc,phases,start] GC(153) Phase 4: Move objects
[70.653s][info][gc,phases      ] GC(153) Phase 4: Move objects 0.023ms
[70.653s][info][gc,heap        ] GC(153) DefNew: 44738K(2516544K)->0K(2516544K) Eden: 44738K(2236928K)->0K(2236928K) From: 0K(279616K)->0K(279616K)
[70.653s][info][gc,heap        ] GC(153) Tenured: 1148K(5592448K)->1151K(5592448K)
[70.653s][info][gc,metaspace   ] GC(153) Metaspace: 569K(896K)->569K(896K) NonClass: 513K(704K)->513K(704K) Class: 56K(192K)->56K(192K)
[70.654s][info][gc             ] GC(153) Pause Full (System.gc()) 44M->1M(7918M) 6.300ms
[70.654s][info][gc,cpu         ] GC(153) User=0.01s Sys=0.00s Real=0.01s
[71.110s][info][gc,start       ] GC(154) Pause Full (System.gc())
[71.110s][info][gc,phases,start] GC(154) Phase 1: Mark live objects
[71.114s][info][gc,phases      ] GC(154) Phase 1: Mark live objects 4.613ms
[71.115s][info][gc,phases,start] GC(154) Phase 2: Compute new object addresses
[71.115s][info][gc,phases      ] GC(154) Phase 2: Compute new object addresses 0.592ms
[71.115s][info][gc,phases,start] GC(154) Phase 3: Adjust pointers
[71.117s][info][gc,phases      ] GC(154) Phase 3: Adjust pointers 1.723ms
[71.117s][info][gc,phases,start] GC(154) Phase 4: Move objects
[71.117s][info][gc,phases      ] GC(154) Phase 4: Move objects 0.033ms
[71.117s][info][gc,heap        ] GC(154) DefNew: 44738K(2516544K)->0K(2516544K) Eden: 44738K(2236928K)->0K(2236928K) From: 0K(279616K)->0K(279616K)
[71.117s][info][gc,heap        ] GC(154) Tenured: 1151K(5592448K)->1154K(5592448K)
[71.117s][info][gc,metaspace   ] GC(154) Metaspace: 574K(896K)->574K(896K) NonClass: 516K(704K)->516K(704K) Class: 58K(192K)->58K(192K)
[71.117s][info][gc             ] GC(154) Pause Full (System.gc()) 44M->1M(7918M) 7.753ms
[71.117s][info][gc,cpu         ] GC(154) User=0.01s Sys=0.01s Real=0.01s
[71.570s][info][gc,start       ] GC(155) Pause Full (System.gc())
[71.571s][info][gc,phases,start] GC(155) Phase 1: Mark live objects
[71.574s][info][gc,phases      ] GC(155) Phase 1: Mark live objects 3.337ms
[71.574s][info][gc,phases,start] GC(155) Phase 2: Compute new object addresses
[71.574s][info][gc,phases      ] GC(155) Phase 2: Compute new object addresses 0.391ms
[71.574s][info][gc,phases,start] GC(155) Phase 3: Adjust pointers
[71.576s][info][gc,phases      ] GC(155) Phase 3: Adjust pointers 1.067ms
[71.576s][info][gc,phases,start] GC(155) Phase 4: Move objects
[71.576s][info][gc,phases      ] GC(155) Phase 4: Move objects 0.023ms
[71.576s][info][gc,heap        ] GC(155) DefNew: 44738K(2516544K)->0K(2516544K) Eden: 44738K(2236928K)->0K(2236928K) From: 0K(279616K)->0K(279616K)
[71.576s][info][gc,heap        ] GC(155) Tenured: 1154K(5592448K)->1156K(5592448K)
[71.576s][info][gc,metaspace   ] GC(155) Metaspace: 579K(896K)->579K(896K) NonClass: 519K(704K)->519K(704K) Class: 60K(192K)->60K(192K)
[71.576s][info][gc             ] GC(155) Pause Full (System.gc()) 44M->1M(7918M) 5.414ms
[71.576s][info][gc,cpu         ] GC(155) User=0.00s Sys=0.00s Real=0.01s
[72.030s][info][gc,start       ] GC(156) Pause Full (System.gc())
[72.030s][info][gc,phases,start] GC(156) Phase 1: Mark live objects
[72.035s][info][gc,phases      ] GC(156) Phase 1: Mark live objects 4.806ms
[72.035s][info][gc,phases,start] GC(156) Phase 2: Compute new object addresses
[72.036s][info][gc,phases      ] GC(156) Phase 2: Compute new object addresses 0.750ms
[72.036s][info][gc,phases,start] GC(156) Phase 3: Adjust pointers
[72.037s][info][gc,phases      ] GC(156) Phase 3: Adjust pointers 1.599ms
[72.037s][info][gc,phases,start] GC(156) Phase 4: Move objects
[72.037s][info][gc,phases      ] GC(156) Phase 4: Move objects 0.031ms
[72.037s][info][gc,heap        ] GC(156) DefNew: 44738K(2516544K)->0K(2516544K) Eden: 44738K(2236928K)->0K(2236928K) From: 0K(279616K)->0K(279616K)
[72.037s][info][gc,heap        ] GC(156) Tenured: 1156K(5592448K)->1159K(5592448K)
[72.038s][info][gc,metaspace   ] GC(156) Metaspace: 584K(896K)->584K(896K) NonClass: 522K(704K)->522K(704K) Class: 62K(192K)->62K(192K)
[72.038s][info][gc             ] GC(156) Pause Full (System.gc()) 44M->1M(7918M) 7.723ms
[72.038s][info][gc,cpu         ] GC(156) User=0.00s Sys=0.00s Real=0.01s
[72.493s][info][gc,start       ] GC(157) Pause Full (System.gc())
[72.493s][info][gc,phases,start] GC(157) Phase 1: Mark live objects
[72.497s][info][gc,phases      ] GC(157) Phase 1: Mark live objects 3.486ms
[72.497s][info][gc,phases,start] GC(157) Phase 2: Compute new object addresses
[72.497s][info][gc,phases      ] GC(157) Phase 2: Compute new object addresses 0.377ms
[72.497s][info][gc,phases,start] GC(157) Phase 3: Adjust pointers
[72.499s][info][gc,phases      ] GC(157) Phase 3: Adjust pointers 1.635ms
[72.499s][info][gc,phases,start] GC(157) Phase 4: Move objects
[72.499s][info][gc,phases      ] GC(157) Phase 4: Move objects 0.031ms
[72.499s][info][gc,heap        ] GC(157) DefNew: 44738K(2516544K)->0K(2516544K) Eden: 44738K(2236928K)->0K(2236928K) From: 0K(279616K)->0K(279616K)
[72.499s][info][gc,heap        ] GC(157) Tenured: 1159K(5592448K)->1162K(5592448K)
[72.499s][info][gc,metaspace   ] GC(157) Metaspace: 589K(896K)->589K(896K) NonClass: 526K(704K)->526K(704K) Class: 63K(192K)->63K(192K)
[72.499s][info][gc             ] GC(157) Pause Full (System.gc()) 44M->1M(7918M) 6.140ms
[72.499s][info][gc,cpu         ] GC(157) User=0.01s Sys=0.00s Real=0.00s
[72.955s][info][gc,start       ] GC(158) Pause Full (System.gc())
[72.956s][info][gc,phases,start] GC(158) Phase 1: Mark live objects
[72.960s][info][gc,phases      ] GC(158) Phase 1: Mark live objects 4.461ms
[72.960s][info][gc,phases,start] GC(158) Phase 2: Compute new object addresses
[72.961s][info][gc,phases      ] GC(158) Phase 2: Compute new object addresses 0.423ms
[72.961s][info][gc,phases,start] GC(158) Phase 3: Adjust pointers
[72.962s][info][gc,phases      ] GC(158) Phase 3: Adjust pointers 1.173ms
[72.962s][info][gc,phases,start] GC(158) Phase 4: Move objects
[72.962s][info][gc,phases      ] GC(158) Phase 4: Move objects 0.029ms
[72.962s][info][gc,heap        ] GC(158) DefNew: 44738K(2516544K)->0K(2516544K) Eden: 44738K(2236928K)->0K(2236928K) From: 0K(279616K)->0K(279616K)
[72.962s][info][gc,heap        ] GC(158) Tenured: 1162K(5592448K)->1165K(5592448K)
[72.962s][info][gc,metaspace   ] GC(158) Metaspace: 594K(960K)->572K(960K) NonClass: 529K(768K)->513K(768K) Class: 65K(192K)->58K(192K)
[72.962s][info][gc             ] GC(158) Pause Full (System.gc()) 44M->1M(7918M) 7.020ms
[72.963s][info][gc,cpu         ] GC(158) User=0.01s Sys=0.00s Real=0.00s
[73.420s][info][gc,start       ] GC(159) Pause Full (System.gc())
[73.420s][info][gc,phases,start] GC(159) Phase 1: Mark live objects
[73.424s][info][gc,phases      ] GC(159) Phase 1: Mark live objects 4.553ms
[73.425s][info][gc,phases,start] GC(159) Phase 2: Compute new object addresses
[73.425s][info][gc,phases      ] GC(159) Phase 2: Compute new object addresses 0.398ms
[73.425s][info][gc,phases,start] GC(159) Phase 3: Adjust pointers
[73.426s][info][gc,phases      ] GC(159) Phase 3: Adjust pointers 1.080ms
[73.426s][info][gc,phases,start] GC(159) Phase 4: Move objects
[73.426s][info][gc,phases      ] GC(159) Phase 4: Move objects 0.022ms
[73.426s][info][gc,heap        ] GC(159) DefNew: 44738K(2516544K)->0K(2516544K) Eden: 44738K(2236928K)->0K(2236928K) From: 0K(279616K)->0K(279616K)
[73.426s][info][gc,heap        ] GC(159) Tenured: 1165K(5592448K)->1152K(5592448K)
[73.426s][info][gc,metaspace   ] GC(159) Metaspace: 577K(960K)->574K(960K) NonClass: 517K(768K)->514K(768K) Class: 60K(192K)->59K(192K)
[73.426s][info][gc             ] GC(159) Pause Full (System.gc()) 44M->1M(7918M) 6.678ms
[73.426s][info][gc,cpu         ] GC(159) User=0.01s Sys=0.00s Real=0.01s
[73.880s][info][gc,start       ] GC(160) Pause Full (System.gc())
[73.880s][info][gc,phases,start] GC(160) Phase 1: Mark live objects
[73.884s][info][gc,phases      ] GC(160) Phase 1: Mark live objects 4.405ms
[73.884s][info][gc,phases,start] GC(160) Phase 2: Compute new object addresses
[73.885s][info][gc,phases      ] GC(160) Phase 2: Compute new object addresses 0.378ms
[73.885s][info][gc,phases,start] GC(160) Phase 3: Adjust pointers
[73.886s][info][gc,phases      ] GC(160) Phase 3: Adjust pointers 1.036ms
[73.886s][info][gc,phases,start] GC(160) Phase 4: Move objects
[73.886s][info][gc,phases      ] GC(160) Phase 4: Move objects 0.016ms
[73.886s][info][gc,heap        ] GC(160) DefNew: 44738K(2516544K)->0K(2516544K) Eden: 44738K(2236928K)->0K(2236928K) From: 0K(279616K)->0K(279616K)
[73.886s][info][gc,heap        ] GC(160) Tenured: 1152K(5592448K)->1156K(5592448K)
[73.886s][info][gc,metaspace   ] GC(160) Metaspace: 579K(960K)->578K(960K) NonClass: 518K(768K)->517K(768K) Class: 61K(192K)->60K(192K)
[73.886s][info][gc             ] GC(160) Pause Full (System.gc()) 44M->1M(7918M) 6.316ms
[73.886s][info][gc,cpu         ] GC(160) User=0.00s Sys=0.00s Real=0.01s
[74.339s][info][gc,start       ] GC(161) Pause Full (System.gc())
[74.339s][info][gc,phases,start] GC(161) Phase 1: Mark live objects
[74.345s][info][gc,phases      ] GC(161) Phase 1: Mark live objects 5.563ms
[74.345s][info][gc,phases,start] GC(161) Phase 2: Compute new object addresses
[74.346s][info][gc,phases      ] GC(161) Phase 2: Compute new object addresses 0.576ms
[74.346s][info][gc,phases,start] GC(161) Phase 3: Adjust pointers
[74.347s][info][gc,phases      ] GC(161) Phase 3: Adjust pointers 1.450ms
[74.347s][info][gc,phases,start] GC(161) Phase 4: Move objects
[74.347s][info][gc,phases      ] GC(161) Phase 4: Move objects 0.032ms
[74.347s][info][gc,heap        ] GC(161) DefNew: 44738K(2516544K)->0K(2516544K) Eden: 44738K(2236928K)->0K(2236928K) From: 0K(279616K)->0K(279616K)
[74.348s][info][gc,heap        ] GC(161) Tenured: 1156K(5592448K)->1159K(5592448K)
[74.348s][info][gc,metaspace   ] GC(161) Metaspace: 583K(960K)->582K(960K) NonClass: 521K(768K)->520K(768K) Class: 62K(192K)->61K(192K)
[74.348s][info][gc             ] GC(161) Pause Full (System.gc()) 44M->1M(7918M) 8.377ms
[74.348s][info][gc,cpu         ] GC(161) User=0.00s Sys=0.00s Real=0.01s
[74.801s][info][gc,start       ] GC(162) Pause Full (System.gc())
[74.801s][info][gc,phases,start] GC(162) Phase 1: Mark live objects
[74.804s][info][gc,phases      ] GC(162) Phase 1: Mark live objects 3.476ms
[74.804s][info][gc,phases,start] GC(162) Phase 2: Compute new object addresses
[74.805s][info][gc,phases      ] GC(162) Phase 2: Compute new object addresses 0.412ms
[74.805s][info][gc,phases,start] GC(162) Phase 3: Adjust pointers
[74.806s][info][gc,phases      ] GC(162) Phase 3: Adjust pointers 1.176ms
[74.806s][info][gc,phases,start] GC(162) Phase 4: Move objects
[74.806s][info][gc,phases      ] GC(162) Phase 4: Move objects 0.023ms
[74.806s][info][gc,heap        ] GC(162) DefNew: 44738K(2516544K)->0K(2516544K) Eden: 44738K(2236928K)->0K(2236928K) From: 0K(279616K)->0K(279616K)
[74.806s][info][gc,heap        ] GC(162) Tenured: 1159K(5592448K)->1162K(5592448K)
[74.806s][info][gc,metaspace   ] GC(162) Metaspace: 587K(960K)->587K(960K) NonClass: 523K(768K)->523K(768K) Class: 63K(192K)->63K(192K)
[74.806s][info][gc             ] GC(162) Pause Full (System.gc()) 44M->1M(7918M) 5.560ms
[74.806s][info][gc,cpu         ] GC(162) User=0.00s Sys=0.00s Real=0.01s
[75.259s][info][gc,start       ] GC(163) Pause Full (System.gc())
[75.260s][info][gc,phases,start] GC(163) Phase 1: Mark live objects
[75.263s][info][gc,phases      ] GC(163) Phase 1: Mark live objects 3.566ms
[75.263s][info][gc,phases,start] GC(163) Phase 2: Compute new object addresses
[75.264s][info][gc,phases      ] GC(163) Phase 2: Compute new object addresses 0.496ms
[75.264s][info][gc,phases,start] GC(163) Phase 3: Adjust pointers
[75.265s][info][gc,phases      ] GC(163) Phase 3: Adjust pointers 1.069ms
[75.265s][info][gc,phases,start] GC(163) Phase 4: Move objects
[75.265s][info][gc,phases      ] GC(163) Phase 4: Move objects 0.021ms
[75.265s][info][gc,heap        ] GC(163) DefNew: 44738K(2516544K)->0K(2516544K) Eden: 44738K(2236928K)->0K(2236928K) From: 0K(279616K)->0K(279616K)
[75.265s][info][gc,heap        ] GC(163) Tenured: 1162K(5592448K)->1162K(5592448K)
[75.265s][info][gc,metaspace   ] GC(163) Metaspace: 592K(960K)->592K(960K) NonClass: 527K(768K)->527K(768K) Class: 65K(192K)->65K(192K)
[75.265s][info][gc             ] GC(163) Pause Full (System.gc()) 44M->1M(7918M) 5.793ms
[75.265s][info][gc,cpu         ] GC(163) User=0.01s Sys=0.00s Real=0.01s
[75.722s][info][gc,start       ] GC(164) Pause Full (System.gc())
[75.723s][info][gc,phases,start] GC(164) Phase 1: Mark live objects
[75.726s][info][gc,phases      ] GC(164) Phase 1: Mark live objects 3.382ms
[75.726s][info][gc,phases,start] GC(164) Phase 2: Compute new object addresses
[75.726s][info][gc,phases      ] GC(164) Phase 2: Compute new object addresses 0.368ms
[75.726s][info][gc,phases,start] GC(164) Phase 3: Adjust pointers
[75.727s][info][gc,phases      ] GC(164) Phase 3: Adjust pointers 0.915ms
[75.727s][info][gc,phases,start] GC(164) Phase 4: Move objects
[75.727s][info][gc,phases      ] GC(164) Phase 4: Move objects 0.018ms
[75.728s][info][gc,heap        ] GC(164) DefNew: 44738K(2516544K)->0K(2516544K) Eden: 44738K(2236928K)->0K(2236928K) From: 0K(279616K)->0K(279616K)
[75.728s][info][gc,heap        ] GC(164) Tenured: 1162K(5592448K)->1165K(5592448K)
[75.728s][info][gc,metaspace   ] GC(164) Metaspace: 597K(960K)->597K(960K) NonClass: 530K(768K)->530K(768K) Class: 66K(192K)->66K(192K)
[75.728s][info][gc             ] GC(164) Pause Full (System.gc()) 44M->1M(7918M) 5.273ms
[75.728s][info][gc,cpu         ] GC(164) User=0.00s Sys=0.00s Real=0.01s
[76.180s][info][gc,start       ] GC(165) Pause Full (System.gc())
[76.180s][info][gc,phases,start] GC(165) Phase 1: Mark live objects
[76.184s][info][gc,phases      ] GC(165) Phase 1: Mark live objects 3.768ms
[76.184s][info][gc,phases,start] GC(165) Phase 2: Compute new object addresses
[76.185s][info][gc,phases      ] GC(165) Phase 2: Compute new object addresses 0.535ms
[76.185s][info][gc,phases,start] GC(165) Phase 3: Adjust pointers
[76.186s][info][gc,phases      ] GC(165) Phase 3: Adjust pointers 1.138ms
[76.186s][info][gc,phases,start] GC(165) Phase 4: Move objects
[76.186s][info][gc,phases      ] GC(165) Phase 4: Move objects 0.025ms
[76.186s][info][gc,heap        ] GC(165) DefNew: 44738K(2516544K)->0K(2516544K) Eden: 44738K(2236928K)->0K(2236928K) From: 0K(279616K)->0K(279616K)
[76.186s][info][gc,heap        ] GC(165) Tenured: 1165K(5592448K)->1168K(5592448K)
[76.186s][info][gc,metaspace   ] GC(165) Metaspace: 602K(960K)->598K(960K) NonClass: 533K(768K)->531K(768K) Class: 68K(192K)->66K(192K)
[76.186s][info][gc             ] GC(165) Pause Full (System.gc()) 44M->1M(7918M) 5.867ms
[76.186s][info][gc,cpu         ] GC(165) User=0.00s Sys=0.00s Real=0.01s
[76.640s][info][gc,start       ] GC(166) Pause Full (System.gc())
[76.640s][info][gc,phases,start] GC(166) Phase 1: Mark live objects
[76.642s][info][gc,phases      ] GC(166) Phase 1: Mark live objects 1.680ms
[76.642s][info][gc,phases,start] GC(166) Phase 2: Compute new object addresses
[76.642s][info][gc,phases      ] GC(166) Phase 2: Compute new object addresses 0.343ms
[76.642s][info][gc,phases,start] GC(166) Phase 3: Adjust pointers
[76.643s][info][gc,phases      ] GC(166) Phase 3: Adjust pointers 0.880ms
[76.643s][info][gc,phases,start] GC(166) Phase 4: Move objects
[76.643s][info][gc,phases      ] GC(166) Phase 4: Move objects 0.014ms
[76.643s][info][gc,heap        ] GC(166) DefNew: 44738K(2516544K)->0K(2516544K) Eden: 44738K(2236928K)->0K(2236928K) From: 0K(279616K)->0K(279616K)
[76.643s][info][gc,heap        ] GC(166) Tenured: 1168K(5592448K)->1171K(5592448K)
[76.643s][info][gc,metaspace   ] GC(166) Metaspace: 603K(960K)->602K(960K) NonClass: 535K(768K)->534K(768K) Class: 68K(192K)->67K(192K)
[76.643s][info][gc             ] GC(166) Pause Full (System.gc()) 44M->1M(7918M) 3.166ms
[76.643s][info][gc,cpu         ] GC(166) User=0.00s Sys=0.00s Real=0.01s
[77.099s][info][gc,start       ] GC(167) Pause Full (System.gc())
[77.099s][info][gc,phases,start] GC(167) Phase 1: Mark live objects
[77.104s][info][gc,phases      ] GC(167) Phase 1: Mark live objects 4.905ms
[77.104s][info][gc,phases,start] GC(167) Phase 2: Compute new object addresses
[77.105s][info][gc,phases      ] GC(167) Phase 2: Compute new object addresses 0.618ms
[77.105s][info][gc,phases,start] GC(167) Phase 3: Adjust pointers
[77.107s][info][gc,phases      ] GC(167) Phase 3: Adjust pointers 1.761ms
[77.107s][info][gc,phases,start] GC(167) Phase 4: Move objects
[77.107s][info][gc,phases      ] GC(167) Phase 4: Move objects 0.218ms
[77.108s][info][gc,heap        ] GC(167) DefNew: 44738K(2516544K)->0K(2516544K) Eden: 44738K(2236928K)->0K(2236928K) From: 0K(279616K)->0K(279616K)
[77.108s][info][gc,heap        ] GC(167) Tenured: 1171K(5592448K)->1169K(5592448K)
[77.108s][info][gc,metaspace   ] GC(167) Metaspace: 607K(960K)->607K(960K) NonClass: 538K(768K)->538K(768K) Class: 69K(192K)->69K(192K)
[77.108s][info][gc             ] GC(167) Pause Full (System.gc()) 44M->1M(7918M) 8.538ms
[77.108s][info][gc,cpu         ] GC(167) User=0.00s Sys=0.00s Real=0.01s
[77.564s][info][gc,start       ] GC(168) Pause Full (System.gc())
[77.564s][info][gc,phases,start] GC(168) Phase 1: Mark live objects
[77.571s][info][gc,phases      ] GC(168) Phase 1: Mark live objects 7.472ms
[77.571s][info][gc,phases,start] GC(168) Phase 2: Compute new object addresses
[77.573s][info][gc,phases      ] GC(168) Phase 2: Compute new object addresses 1.197ms
[77.573s][info][gc,phases,start] GC(168) Phase 3: Adjust pointers
[77.575s][info][gc,phases      ] GC(168) Phase 3: Adjust pointers 2.667ms
[77.575s][info][gc,phases,start] GC(168) Phase 4: Move objects
[77.575s][info][gc,phases      ] GC(168) Phase 4: Move objects 0.049ms
[77.577s][info][gc,heap        ] GC(168) DefNew: 44738K(2516544K)->0K(2516544K) Eden: 44738K(2236928K)->0K(2236928K) From: 0K(279616K)->0K(279616K)
[77.577s][info][gc,heap        ] GC(168) Tenured: 1169K(5592448K)->1172K(5592448K)
[77.577s][info][gc,metaspace   ] GC(168) Metaspace: 612K(960K)->537K(960K) NonClass: 541K(768K)->497K(768K) Class: 71K(192K)->40K(192K)
[77.577s][info][gc             ] GC(168) Pause Full (System.gc()) 44M->1M(7918M) 13.666ms
[77.577s][info][gc,cpu         ] GC(168) User=0.01s Sys=0.00s Real=0.01s
[78.044s][info][gc,start       ] GC(169) Pause Full (System.gc())
[78.044s][info][gc,phases,start] GC(169) Phase 1: Mark live objects
[78.051s][info][gc,phases      ] GC(169) Phase 1: Mark live objects 6.796ms
[78.051s][info][gc,phases,start] GC(169) Phase 2: Compute new object addresses
[78.051s][info][gc,phases      ] GC(169) Phase 2: Compute new object addresses 0.818ms
[78.051s][info][gc,phases,start] GC(169) Phase 3: Adjust pointers
[78.053s][info][gc,phases      ] GC(169) Phase 3: Adjust pointers 1.824ms
[78.053s][info][gc,phases,start] GC(169) Phase 4: Move objects
[78.053s][info][gc,phases      ] GC(169) Phase 4: Move objects 0.026ms
[78.054s][info][gc,heap        ] GC(169) DefNew: 44738K(2516544K)->0K(2516544K) Eden: 44738K(2236928K)->0K(2236928K) From: 0K(279616K)->0K(279616K)
[78.054s][info][gc,heap        ] GC(169) Tenured: 1172K(5592448K)->1175K(5592448K)
[78.054s][info][gc,metaspace   ] GC(169) Metaspace: 545K(960K)->542K(960K) NonClass: 503K(768K)->502K(768K) Class: 41K(192K)->40K(192K)
[78.054s][info][gc             ] GC(169) Pause Full (System.gc()) 44M->1M(7918M) 10.308ms
[78.054s][info][gc,cpu         ] GC(169) User=0.01s Sys=0.00s Real=0.01s
[78.515s][info][gc,start       ] GC(170) Pause Full (System.gc())
[78.515s][info][gc,phases,start] GC(170) Phase 1: Mark live objects
[78.518s][info][gc,phases      ] GC(170) Phase 1: Mark live objects 3.385ms
[78.518s][info][gc,phases,start] GC(170) Phase 2: Compute new object addresses
[78.519s][info][gc,phases      ] GC(170) Phase 2: Compute new object addresses 0.398ms
[78.519s][info][gc,phases,start] GC(170) Phase 3: Adjust pointers
[78.520s][info][gc,phases      ] GC(170) Phase 3: Adjust pointers 1.023ms
[78.520s][info][gc,phases,start] GC(170) Phase 4: Move objects
[78.520s][info][gc,phases      ] GC(170) Phase 4: Move objects 0.015ms
[78.520s][info][gc,heap        ] GC(170) DefNew: 44738K(2516544K)->0K(2516544K) Eden: 44738K(2236928K)->0K(2236928K) From: 0K(279616K)->0K(279616K)
[78.520s][info][gc,heap        ] GC(170) Tenured: 1175K(5592448K)->1178K(5592448K)
[78.520s][info][gc,metaspace   ] GC(170) Metaspace: 591K(1024K)->591K(1024K) NonClass: 548K(832K)->548K(832K) Class: 42K(192K)->42K(192K)
[78.520s][info][gc             ] GC(170) Pause Full (System.gc()) 44M->1M(7918M) 5.286ms
[78.520s][info][gc,cpu         ] GC(170) User=0.00s Sys=0.00s Real=0.00s
[78.976s][info][gc,start       ] GC(171) Pause Full (System.gc())
[78.976s][info][gc,phases,start] GC(171) Phase 1: Mark live objects
[78.981s][info][gc,phases      ] GC(171) Phase 1: Mark live objects 4.702ms
[78.981s][info][gc,phases,start] GC(171) Phase 2: Compute new object addresses
[78.982s][info][gc,phases      ] GC(171) Phase 2: Compute new object addresses 0.765ms
[78.982s][info][gc,phases,start] GC(171) Phase 3: Adjust pointers
[78.983s][info][gc,phases      ] GC(171) Phase 3: Adjust pointers 1.765ms
[78.983s][info][gc,phases,start] GC(171) Phase 4: Move objects
[78.983s][info][gc,phases      ] GC(171) Phase 4: Move objects 0.025ms
[78.984s][info][gc,heap        ] GC(171) DefNew: 89477K(2516544K)->0K(2516544K) Eden: 89477K(2236928K)->0K(2236928K) From: 0K(279616K)->0K(279616K)
[78.984s][info][gc,heap        ] GC(171) Tenured: 1178K(5592448K)->1137K(5592448K)
[78.984s][info][gc,metaspace   ] GC(171) Metaspace: 621K(1024K)->621K(1024K) NonClass: 577K(832K)->577K(832K) Class: 43K(192K)->43K(192K)
[78.984s][info][gc             ] GC(171) Pause Full (System.gc()) 88M->1M(7918M) 7.915ms
[78.984s][info][gc,cpu         ] GC(171) User=0.01s Sys=0.00s Real=0.01s
[79.442s][info][gc,start       ] GC(172) Pause Full (System.gc())
[79.442s][info][gc,phases,start] GC(172) Phase 1: Mark live objects
[79.448s][info][gc,phases      ] GC(172) Phase 1: Mark live objects 5.890ms
[79.448s][info][gc,phases,start] GC(172) Phase 2: Compute new object addresses
[79.449s][info][gc,phases      ] GC(172) Phase 2: Compute new object addresses 0.751ms
[79.449s][info][gc,phases,start] GC(172) Phase 3: Adjust pointers
[79.451s][info][gc,phases      ] GC(172) Phase 3: Adjust pointers 1.923ms
[79.451s][info][gc,phases,start] GC(172) Phase 4: Move objects
[79.451s][info][gc,phases      ] GC(172) Phase 4: Move objects 0.026ms
[79.451s][info][gc,heap        ] GC(172) DefNew: 44738K(2516544K)->0K(2516544K) Eden: 44738K(2236928K)->0K(2236928K) From: 0K(279616K)->0K(279616K)
[79.451s][info][gc,heap        ] GC(172) Tenured: 1137K(5592448K)->1140K(5592448K)
[79.451s][info][gc,metaspace   ] GC(172) Metaspace: 626K(1024K)->618K(1024K) NonClass: 581K(832K)->576K(832K) Class: 45K(192K)->42K(192K)
[79.451s][info][gc             ] GC(172) Pause Full (System.gc()) 44M->1M(7918M) 9.416ms
[79.451s][info][gc,cpu         ] GC(172) User=0.01s Sys=0.00s Real=0.01s
[79.905s][info][gc,start       ] GC(173) Pause Full (System.gc())
[79.905s][info][gc,phases,start] GC(173) Phase 1: Mark live objects
[79.912s][info][gc,phases      ] GC(173) Phase 1: Mark live objects 6.716ms
[79.912s][info][gc,phases,start] GC(173) Phase 2: Compute new object addresses
[79.913s][info][gc,phases      ] GC(173) Phase 2: Compute new object addresses 0.747ms
[79.913s][info][gc,phases,start] GC(173) Phase 3: Adjust pointers
[79.915s][info][gc,phases      ] GC(173) Phase 3: Adjust pointers 2.074ms
[79.915s][info][gc,phases,start] GC(173) Phase 4: Move objects
[79.915s][info][gc,phases      ] GC(173) Phase 4: Move objects 0.026ms
[79.915s][info][gc,heap        ] GC(173) DefNew: 44738K(2516544K)->0K(2516544K) Eden: 44738K(2236928K)->0K(2236928K) From: 0K(279616K)->0K(279616K)
[79.915s][info][gc,heap        ] GC(173) Tenured: 1140K(5592448K)->1143K(5592448K)
[79.915s][info][gc,metaspace   ] GC(173) Metaspace: 623K(1024K)->588K(960K) NonClass: 579K(832K)->553K(768K) Class: 43K(192K)->35K(192K)
[79.915s][info][gc             ] GC(173) Pause Full (System.gc()) 44M->1M(7918M) 10.529ms
[79.915s][info][gc,cpu         ] GC(173) User=0.01s Sys=0.00s Real=0.01s
[80.373s][info][gc,start       ] GC(174) Pause Full (System.gc())
[80.373s][info][gc,phases,start] GC(174) Phase 1: Mark live objects
[80.380s][info][gc,phases      ] GC(174) Phase 1: Mark live objects 6.302ms
[80.380s][info][gc,phases,start] GC(174) Phase 2: Compute new object addresses
[80.380s][info][gc,phases      ] GC(174) Phase 2: Compute new object addresses 0.733ms
[80.380s][info][gc,phases,start] GC(174) Phase 3: Adjust pointers
[80.382s][info][gc,phases      ] GC(174) Phase 3: Adjust pointers 1.659ms
[80.382s][info][gc,phases,start] GC(174) Phase 4: Move objects
[80.382s][info][gc,phases      ] GC(174) Phase 4: Move objects 0.021ms
[80.382s][info][gc,heap        ] GC(174) DefNew: 44738K(2516544K)->0K(2516544K) Eden: 44738K(2236928K)->0K(2236928K) From: 0K(279616K)->0K(279616K)
[80.382s][info][gc,heap        ] GC(174) Tenured: 1143K(5592448K)->1146K(5592448K)
[80.382s][info][gc,metaspace   ] GC(174) Metaspace: 593K(960K)->590K(960K) NonClass: 556K(768K)->554K(768K) Class: 37K(192K)->36K(192K)
[80.382s][info][gc             ] GC(174) Pause Full (System.gc()) 44M->1M(7918M) 9.394ms
[80.382s][info][gc,cpu         ] GC(174) User=0.01s Sys=0.00s Real=0.00s
[80.840s][info][gc,start       ] GC(175) Pause Full (System.gc())
[80.840s][info][gc,phases,start] GC(175) Phase 1: Mark live objects
[80.846s][info][gc,phases      ] GC(175) Phase 1: Mark live objects 6.577ms
[80.846s][info][gc,phases,start] GC(175) Phase 2: Compute new object addresses
[80.847s][info][gc,phases      ] GC(175) Phase 2: Compute new object addresses 0.741ms
[80.847s][info][gc,phases,start] GC(175) Phase 3: Adjust pointers
[80.849s][info][gc,phases      ] GC(175) Phase 3: Adjust pointers 1.899ms
[80.849s][info][gc,phases,start] GC(175) Phase 4: Move objects
[80.849s][info][gc,phases      ] GC(175) Phase 4: Move objects 0.025ms
[80.849s][info][gc,heap        ] GC(175) DefNew: 44738K(2516544K)->0K(2516544K) Eden: 44738K(2236928K)->0K(2236928K) From: 0K(279616K)->0K(279616K)
[80.849s][info][gc,heap        ] GC(175) Tenured: 1146K(5592448K)->1123K(5592448K)
[80.849s][info][gc,metaspace   ] GC(175) Metaspace: 595K(960K)->592K(960K) NonClass: 557K(768K)->555K(768K) Class: 37K(192K)->36K(192K)
[80.850s][info][gc             ] GC(175) Pause Full (System.gc()) 44M->1M(7918M) 9.929ms
[80.850s][info][gc,cpu         ] GC(175) User=0.01s Sys=0.00s Real=0.01s
[81.305s][info][gc,start       ] GC(176) Pause Full (System.gc())
[81.305s][info][gc,phases,start] GC(176) Phase 1: Mark live objects
[81.311s][info][gc,phases      ] GC(176) Phase 1: Mark live objects 5.710ms
[81.311s][info][gc,phases,start] GC(176) Phase 2: Compute new object addresses
[81.311s][info][gc,phases      ] GC(176) Phase 2: Compute new object addresses 0.530ms
[81.311s][info][gc,phases,start] GC(176) Phase 3: Adjust pointers
[81.313s][info][gc,phases      ] GC(176) Phase 3: Adjust pointers 1.407ms
[81.313s][info][gc,phases,start] GC(176) Phase 4: Move objects
[81.313s][info][gc,phases      ] GC(176) Phase 4: Move objects 0.022ms
[81.313s][info][gc,heap        ] GC(176) DefNew: 44738K(2516544K)->0K(2516544K) Eden: 44738K(2236928K)->0K(2236928K) From: 0K(279616K)->0K(279616K)
[81.313s][info][gc,heap        ] GC(176) Tenured: 1123K(5592448K)->1126K(5592448K)
[81.313s][info][gc,metaspace   ] GC(176) Metaspace: 597K(960K)->594K(960K) NonClass: 558K(768K)->556K(768K) Class: 38K(192K)->37K(192K)
[81.313s][info][gc             ] GC(176) Pause Full (System.gc()) 44M->1M(7918M) 8.371ms
[81.313s][info][gc,cpu         ] GC(176) User=0.01s Sys=0.00s Real=0.01s
[81.768s][info][gc,start       ] GC(177) Pause Full (System.gc())
[81.768s][info][gc,phases,start] GC(177) Phase 1: Mark live objects
[81.773s][info][gc,phases      ] GC(177) Phase 1: Mark live objects 4.668ms
[81.773s][info][gc,phases,start] GC(177) Phase 2: Compute new object addresses
[81.774s][info][gc,phases      ] GC(177) Phase 2: Compute new object addresses 0.855ms
[81.774s][info][gc,phases,start] GC(177) Phase 3: Adjust pointers
[81.776s][info][gc,phases      ] GC(177) Phase 3: Adjust pointers 2.030ms
[81.776s][info][gc,phases,start] GC(177) Phase 4: Move objects
[81.776s][info][gc,phases      ] GC(177) Phase 4: Move objects 0.034ms
[81.776s][info][gc,heap        ] GC(177) DefNew: 44738K(2516544K)->0K(2516544K) Eden: 44738K(2236928K)->0K(2236928K) From: 0K(279616K)->0K(279616K)
[81.776s][info][gc,heap        ] GC(177) Tenured: 1126K(5592448K)->1129K(5592448K)
[81.776s][info][gc,metaspace   ] GC(177) Metaspace: 599K(960K)->599K(960K) NonClass: 559K(768K)->559K(768K) Class: 39K(192K)->39K(192K)
[81.777s][info][gc             ] GC(177) Pause Full (System.gc()) 44M->1M(7918M) 8.342ms
[81.777s][info][gc,cpu         ] GC(177) User=0.01s Sys=0.00s Real=0.01s
[82.229s][info][gc,start       ] GC(178) Pause Full (System.gc())
[82.229s][info][gc,phases,start] GC(178) Phase 1: Mark live objects
[82.234s][info][gc,phases      ] GC(178) Phase 1: Mark live objects 4.788ms
[82.234s][info][gc,phases,start] GC(178) Phase 2: Compute new object addresses
[82.235s][info][gc,phases      ] GC(178) Phase 2: Compute new object addresses 0.748ms
[82.235s][info][gc,phases,start] GC(178) Phase 3: Adjust pointers
[82.237s][info][gc,phases      ] GC(178) Phase 3: Adjust pointers 1.513ms
[82.237s][info][gc,phases,start] GC(178) Phase 4: Move objects
[82.237s][info][gc,phases      ] GC(178) Phase 4: Move objects 0.029ms
[82.237s][info][gc,heap        ] GC(178) DefNew: 44738K(2516544K)->0K(2516544K) Eden: 44738K(2236928K)->0K(2236928K) From: 0K(279616K)->0K(279616K)
[82.237s][info][gc,heap        ] GC(178) Tenured: 1129K(5592448K)->1132K(5592448K)
[82.237s][info][gc,metaspace   ] GC(178) Metaspace: 604K(960K)->604K(960K) NonClass: 563K(768K)->563K(768K) Class: 41K(192K)->41K(192K)
[82.237s][info][gc             ] GC(178) Pause Full (System.gc()) 44M->1M(7918M) 7.612ms
[82.237s][info][gc,cpu         ] GC(178) User=0.01s Sys=0.00s Real=0.01s
[82.690s][info][gc,start       ] GC(179) Pause Full (System.gc())
[82.690s][info][gc,phases,start] GC(179) Phase 1: Mark live objects
[82.696s][info][gc,phases      ] GC(179) Phase 1: Mark live objects 6.130ms
[82.696s][info][gc,phases,start] GC(179) Phase 2: Compute new object addresses
[82.697s][info][gc,phases      ] GC(179) Phase 2: Compute new object addresses 0.758ms
[82.697s][info][gc,phases,start] GC(179) Phase 3: Adjust pointers
[82.699s][info][gc,phases      ] GC(179) Phase 3: Adjust pointers 1.851ms
[82.699s][info][gc,phases,start] GC(179) Phase 4: Move objects
[82.699s][info][gc,phases      ] GC(179) Phase 4: Move objects 0.031ms
[82.699s][info][gc,heap        ] GC(179) DefNew: 44738K(2516544K)->0K(2516544K) Eden: 44738K(2236928K)->0K(2236928K) From: 0K(279616K)->0K(279616K)
[82.699s][info][gc,heap        ] GC(179) Tenured: 1132K(5592448K)->1130K(5592448K)
[82.699s][info][gc,metaspace   ] GC(179) Metaspace: 609K(960K)->606K(960K) NonClass: 566K(768K)->565K(768K) Class: 42K(192K)->41K(192K)
[82.699s][info][gc             ] GC(179) Pause Full (System.gc()) 44M->1M(7918M) 9.481ms
[82.699s][info][gc,cpu         ] GC(179) User=0.01s Sys=0.00s Real=0.01s
[83.156s][info][gc,start       ] GC(180) Pause Full (System.gc())
[83.156s][info][gc,phases,start] GC(180) Phase 1: Mark live objects
[83.162s][info][gc,phases      ] GC(180) Phase 1: Mark live objects 5.926ms
[83.162s][info][gc,phases,start] GC(180) Phase 2: Compute new object addresses
[83.163s][info][gc,phases      ] GC(180) Phase 2: Compute new object addresses 0.737ms
[83.163s][info][gc,phases,start] GC(180) Phase 3: Adjust pointers
[83.164s][info][gc,phases      ] GC(180) Phase 3: Adjust pointers 1.733ms
[83.164s][info][gc,phases,start] GC(180) Phase 4: Move objects
[83.164s][info][gc,phases      ] GC(180) Phase 4: Move objects 0.019ms
[83.165s][info][gc,heap        ] GC(180) DefNew: 44738K(2516544K)->0K(2516544K) Eden: 44738K(2236928K)->0K(2236928K) From: 0K(279616K)->0K(279616K)
[83.165s][info][gc,heap        ] GC(180) Tenured: 1130K(5592448K)->1133K(5592448K)
[83.165s][info][gc,metaspace   ] GC(180) Metaspace: 611K(960K)->610K(960K) NonClass: 568K(768K)->567K(768K) Class: 43K(192K)->42K(192K)
[83.165s][info][gc             ] GC(180) Pause Full (System.gc()) 44M->1M(7918M) 8.977ms
[83.165s][info][gc,cpu         ] GC(180) User=0.01s Sys=0.00s Real=0.01s
[83.617s][info][gc,start       ] GC(181) Pause Full (System.gc())
[83.617s][info][gc,phases,start] GC(181) Phase 1: Mark live objects
[83.623s][info][gc,phases      ] GC(181) Phase 1: Mark live objects 5.600ms
[83.623s][info][gc,phases,start] GC(181) Phase 2: Compute new object addresses
[83.624s][info][gc,phases      ] GC(181) Phase 2: Compute new object addresses 0.757ms
[83.624s][info][gc,phases,start] GC(181) Phase 3: Adjust pointers
[83.625s][info][gc,phases      ] GC(181) Phase 3: Adjust pointers 1.629ms
[83.625s][info][gc,phases,start] GC(181) Phase 4: Move objects
[83.625s][info][gc,phases      ] GC(181) Phase 4: Move objects 0.020ms
[83.626s][info][gc,heap        ] GC(181) DefNew: 44738K(2516544K)->0K(2516544K) Eden: 44738K(2236928K)->0K(2236928K) From: 0K(279616K)->0K(279616K)
[83.626s][info][gc,heap        ] GC(181) Tenured: 1133K(5592448K)->1136K(5592448K)
[83.626s][info][gc,metaspace   ] GC(181) Metaspace: 615K(960K)->600K(960K) NonClass: 571K(768K)->562K(768K) Class: 44K(192K)->38K(192K)
[83.626s][info][gc             ] GC(181) Pause Full (System.gc()) 44M->1M(7918M) 8.589ms
[83.626s][info][gc,cpu         ] GC(181) User=0.01s Sys=0.00s Real=0.01s
[84.083s][info][gc,start       ] GC(182) Pause Full (System.gc())
[84.083s][info][gc,phases,start] GC(182) Phase 1: Mark live objects
[84.090s][info][gc,phases      ] GC(182) Phase 1: Mark live objects 6.056ms
[84.090s][info][gc,phases,start] GC(182) Phase 2: Compute new object addresses
[84.090s][info][gc,phases      ] GC(182) Phase 2: Compute new object addresses 0.730ms
[84.090s][info][gc,phases,start] GC(182) Phase 3: Adjust pointers
[84.092s][info][gc,phases      ] GC(182) Phase 3: Adjust pointers 1.905ms
[84.092s][info][gc,phases,start] GC(182) Phase 4: Move objects
[84.092s][info][gc,phases      ] GC(182) Phase 4: Move objects 0.026ms
[84.093s][info][gc,heap        ] GC(182) DefNew: 44738K(2516544K)->0K(2516544K) Eden: 44738K(2236928K)->0K(2236928K) From: 0K(279616K)->0K(279616K)
[84.093s][info][gc,heap        ] GC(182) Tenured: 1136K(5592448K)->1139K(5592448K)
[84.093s][info][gc,metaspace   ] GC(182) Metaspace: 605K(960K)->602K(960K) NonClass: 565K(768K)->564K(768K) Class: 39K(192K)->38K(192K)
[84.093s][info][gc             ] GC(182) Pause Full (System.gc()) 44M->1M(7918M) 9.412ms
[84.093s][info][gc,cpu         ] GC(182) User=0.01s Sys=0.00s Real=0.00s
[84.549s][info][gc,start       ] GC(183) Pause Full (System.gc())
[84.549s][info][gc,phases,start] GC(183) Phase 1: Mark live objects
[84.556s][info][gc,phases      ] GC(183) Phase 1: Mark live objects 6.188ms
[84.556s][info][gc,phases,start] GC(183) Phase 2: Compute new object addresses
[84.556s][info][gc,phases      ] GC(183) Phase 2: Compute new object addresses 0.732ms
[84.556s][info][gc,phases,start] GC(183) Phase 3: Adjust pointers
[84.558s][info][gc,phases      ] GC(183) Phase 3: Adjust pointers 1.906ms
[84.558s][info][gc,phases,start] GC(183) Phase 4: Move objects
[84.558s][info][gc,phases      ] GC(183) Phase 4: Move objects 0.032ms
[84.559s][info][gc,heap        ] GC(183) DefNew: 44738K(2516544K)->0K(2516544K) Eden: 44738K(2236928K)->0K(2236928K) From: 0K(279616K)->0K(279616K)
[84.559s][info][gc,heap        ] GC(183) Tenured: 1139K(5592448K)->1129K(5592448K)
[84.559s][info][gc,metaspace   ] GC(183) Metaspace: 607K(960K)->606K(960K) NonClass: 567K(768K)->566K(768K) Class: 40K(192K)->39K(192K)
[84.559s][info][gc             ] GC(183) Pause Full (System.gc()) 44M->1M(7918M) 9.610ms
[84.559s][info][gc,cpu         ] GC(183) User=0.01s Sys=0.01s Real=0.01s
[85.014s][info][gc,start       ] GC(184) Pause Full (System.gc())
[85.014s][info][gc,phases,start] GC(184) Phase 1: Mark live objects
[85.020s][info][gc,phases      ] GC(184) Phase 1: Mark live objects 5.938ms
[85.021s][info][gc,phases,start] GC(184) Phase 2: Compute new object addresses
[85.021s][info][gc,phases      ] GC(184) Phase 2: Compute new object addresses 0.736ms
[85.021s][info][gc,phases,start] GC(184) Phase 3: Adjust pointers
[85.023s][info][gc,phases      ] GC(184) Phase 3: Adjust pointers 1.834ms
[85.023s][info][gc,phases,start] GC(184) Phase 4: Move objects
[85.023s][info][gc,phases      ] GC(184) Phase 4: Move objects 0.025ms
[85.023s][info][gc,heap        ] GC(184) DefNew: 44738K(2516544K)->0K(2516544K) Eden: 44738K(2236928K)->0K(2236928K) From: 0K(279616K)->0K(279616K)
[85.023s][info][gc,heap        ] GC(184) Tenured: 1129K(5592448K)->1132K(5592448K)
[85.023s][info][gc,metaspace   ] GC(184) Metaspace: 611K(960K)->607K(960K) NonClass: 570K(768K)->567K(768K) Class: 41K(192K)->39K(192K)
[85.024s][info][gc             ] GC(184) Pause Full (System.gc()) 44M->1M(7918M) 9.277ms
[85.024s][info][gc,cpu         ] GC(184) User=0.01s Sys=0.00s Real=0.01s
[85.481s][info][gc,start       ] GC(185) Pause Full (System.gc())
[85.481s][info][gc,phases,start] GC(185) Phase 1: Mark live objects
[85.487s][info][gc,phases      ] GC(185) Phase 1: Mark live objects 6.252ms
[85.488s][info][gc,phases,start] GC(185) Phase 2: Compute new object addresses
[85.488s][info][gc,phases      ] GC(185) Phase 2: Compute new object addresses 0.754ms
[85.488s][info][gc,phases,start] GC(185) Phase 3: Adjust pointers
[85.490s][info][gc,phases      ] GC(185) Phase 3: Adjust pointers 1.914ms
[85.490s][info][gc,phases,start] GC(185) Phase 4: Move objects
[85.490s][info][gc,phases      ] GC(185) Phase 4: Move objects 0.027ms
[85.491s][info][gc,heap        ] GC(185) DefNew: 44738K(2516544K)->0K(2516544K) Eden: 44738K(2236928K)->0K(2236928K) From: 0K(279616K)->0K(279616K)
[85.491s][info][gc,heap        ] GC(185) Tenured: 1132K(5592448K)->1135K(5592448K)
[85.491s][info][gc,metaspace   ] GC(185) Metaspace: 612K(960K)->609K(960K) NonClass: 570K(768K)->569K(768K) Class: 41K(192K)->40K(192K)
[85.491s][info][gc             ] GC(185) Pause Full (System.gc()) 44M->1M(7918M) 9.704ms
[85.491s][info][gc,cpu         ] GC(185) User=0.01s Sys=0.00s Real=0.01s
[85.948s][info][gc,start       ] GC(186) Pause Full (System.gc())
[85.948s][info][gc,phases,start] GC(186) Phase 1: Mark live objects
[85.953s][info][gc,phases      ] GC(186) Phase 1: Mark live objects 4.746ms
[85.953s][info][gc,phases,start] GC(186) Phase 2: Compute new object addresses
[85.954s][info][gc,phases      ] GC(186) Phase 2: Compute new object addresses 0.842ms
[85.954s][info][gc,phases,start] GC(186) Phase 3: Adjust pointers
[85.956s][info][gc,phases      ] GC(186) Phase 3: Adjust pointers 1.702ms
[85.956s][info][gc,phases,start] GC(186) Phase 4: Move objects
[85.956s][info][gc,phases      ] GC(186) Phase 4: Move objects 0.019ms
[85.956s][info][gc,heap        ] GC(186) DefNew: 44738K(2516544K)->0K(2516544K) Eden: 44738K(2236928K)->0K(2236928K) From: 0K(279616K)->0K(279616K)
[85.956s][info][gc,heap        ] GC(186) Tenured: 1135K(5592448K)->1138K(5592448K)
[85.956s][info][gc,metaspace   ] GC(186) Metaspace: 614K(960K)->614K(960K) NonClass: 572K(768K)->572K(768K) Class: 41K(192K)->41K(192K)
[85.956s][info][gc             ] GC(186) Pause Full (System.gc()) 44M->1M(7918M) 7.862ms
[85.956s][info][gc,cpu         ] GC(186) User=0.01s Sys=0.00s Real=0.01s
[86.410s][info][gc,start       ] GC(187) Pause Full (System.gc())
[86.410s][info][gc,phases,start] GC(187) Phase 1: Mark live objects
[86.416s][info][gc,phases      ] GC(187) Phase 1: Mark live objects 6.021ms
[86.416s][info][gc,phases,start] GC(187) Phase 2: Compute new object addresses
[86.417s][info][gc,phases      ] GC(187) Phase 2: Compute new object addresses 0.737ms
[86.417s][info][gc,phases,start] GC(187) Phase 3: Adjust pointers
[86.419s][info][gc,phases      ] GC(187) Phase 3: Adjust pointers 1.866ms
[86.419s][info][gc,phases,start] GC(187) Phase 4: Move objects
[86.419s][info][gc,phases      ] GC(187) Phase 4: Move objects 0.032ms
[86.419s][info][gc,heap        ] GC(187) DefNew: 44738K(2516544K)->0K(2516544K) Eden: 44738K(2236928K)->0K(2236928K) From: 0K(279616K)->0K(279616K)
[86.419s][info][gc,heap        ] GC(187) Tenured: 1138K(5592448K)->1132K(5592448K)
[86.419s][info][gc,metaspace   ] GC(187) Metaspace: 619K(960K)->614K(960K) NonClass: 576K(768K)->573K(768K) Class: 43K(192K)->41K(192K)
[86.419s][info][gc             ] GC(187) Pause Full (System.gc()) 44M->1M(7918M) 9.412ms
[86.419s][info][gc,cpu         ] GC(187) User=0.01s Sys=0.00s Real=0.01s
[86.877s][info][gc,start       ] GC(188) Pause Full (System.gc())
[86.877s][info][gc,phases,start] GC(188) Phase 1: Mark live objects
[86.882s][info][gc,phases      ] GC(188) Phase 1: Mark live objects 5.430ms
[86.883s][info][gc,phases,start] GC(188) Phase 2: Compute new object addresses
[86.883s][info][gc,phases      ] GC(188) Phase 2: Compute new object addresses 0.400ms
[86.883s][info][gc,phases,start] GC(188) Phase 3: Adjust pointers
[86.884s][info][gc,phases      ] GC(188) Phase 3: Adjust pointers 1.120ms
[86.884s][info][gc,phases,start] GC(188) Phase 4: Move objects
[86.884s][info][gc,phases      ] GC(188) Phase 4: Move objects 0.020ms
[86.884s][info][gc,heap        ] GC(188) DefNew: 44738K(2516544K)->0K(2516544K) Eden: 44738K(2236928K)->0K(2236928K) From: 0K(279616K)->0K(279616K)
[86.884s][info][gc,heap        ] GC(188) Tenured: 1132K(5592448K)->1135K(5592448K)
[86.884s][info][gc,metaspace   ] GC(188) Metaspace: 619K(960K)->616K(960K) NonClass: 576K(768K)->574K(768K) Class: 42K(192K)->41K(192K)
[86.884s][info][gc             ] GC(188) Pause Full (System.gc()) 44M->1M(7918M) 7.505ms
[86.884s][info][gc,cpu         ] GC(188) User=0.01s Sys=0.00s Real=0.01s
[87.340s][info][gc,start       ] GC(189) Pause Full (System.gc())
[87.340s][info][gc,phases,start] GC(189) Phase 1: Mark live objects
[87.345s][info][gc,phases      ] GC(189) Phase 1: Mark live objects 4.761ms
[87.345s][info][gc,phases,start] GC(189) Phase 2: Compute new object addresses
[87.345s][info][gc,phases      ] GC(189) Phase 2: Compute new object addresses 0.396ms
[87.345s][info][gc,phases,start] GC(189) Phase 3: Adjust pointers
[87.346s][info][gc,phases      ] GC(189) Phase 3: Adjust pointers 1.135ms
[87.346s][info][gc,phases,start] GC(189) Phase 4: Move objects
[87.347s][info][gc,phases      ] GC(189) Phase 4: Move objects 0.017ms
[87.347s][info][gc,heap        ] GC(189) DefNew: 44738K(2516544K)->0K(2516544K) Eden: 44738K(2236928K)->0K(2236928K) From: 0K(279616K)->0K(279616K)
[87.347s][info][gc,heap        ] GC(189) Tenured: 1135K(5592448K)->1138K(5592448K)
[87.347s][info][gc,metaspace   ] GC(189) Metaspace: 621K(960K)->620K(960K) NonClass: 578K(768K)->577K(768K) Class: 43K(192K)->42K(192K)
[87.347s][info][gc             ] GC(189) Pause Full (System.gc()) 44M->1M(7918M) 6.825ms
[87.347s][info][gc,cpu         ] GC(189) User=0.00s Sys=0.00s Real=0.01s
[87.804s][info][gc,start       ] GC(190) Pause Full (System.gc())
[87.804s][info][gc,phases,start] GC(190) Phase 1: Mark live objects
[87.810s][info][gc,phases      ] GC(190) Phase 1: Mark live objects 5.957ms
[87.810s][info][gc,phases,start] GC(190) Phase 2: Compute new object addresses
[87.811s][info][gc,phases      ] GC(190) Phase 2: Compute new object addresses 0.755ms
[87.811s][info][gc,phases,start] GC(190) Phase 3: Adjust pointers
[87.813s][info][gc,phases      ] GC(190) Phase 3: Adjust pointers 1.832ms
[87.813s][info][gc,phases,start] GC(190) Phase 4: Move objects
[87.813s][info][gc,phases      ] GC(190) Phase 4: Move objects 0.030ms
[87.813s][info][gc,heap        ] GC(190) DefNew: 44738K(2516544K)->0K(2516544K) Eden: 44738K(2236928K)->0K(2236928K) From: 0K(279616K)->0K(279616K)
[87.813s][info][gc,heap        ] GC(190) Tenured: 1138K(5592448K)->1141K(5592448K)
[87.813s][info][gc,metaspace   ] GC(190) Metaspace: 625K(960K)->624K(960K) NonClass: 580K(768K)->580K(768K) Class: 44K(192K)->43K(192K)
[87.813s][info][gc             ] GC(190) Pause Full (System.gc()) 44M->1M(7918M) 9.278ms
[87.814s][info][gc,cpu         ] GC(190) User=0.01s Sys=0.01s Real=0.01s
[88.271s][info][gc,start       ] GC(191) Pause Full (System.gc())
[88.271s][info][gc,phases,start] GC(191) Phase 1: Mark live objects
[88.277s][info][gc,phases      ] GC(191) Phase 1: Mark live objects 6.259ms
[88.278s][info][gc,phases,start] GC(191) Phase 2: Compute new object addresses
[88.278s][info][gc,phases      ] GC(191) Phase 2: Compute new object addresses 0.541ms
[88.278s][info][gc,phases,start] GC(191) Phase 3: Adjust pointers
[88.280s][info][gc,phases      ] GC(191) Phase 3: Adjust pointers 1.658ms
[88.280s][info][gc,phases,start] GC(191) Phase 4: Move objects
[88.280s][info][gc,phases      ] GC(191) Phase 4: Move objects 0.035ms
[88.280s][info][gc,heap        ] GC(191) DefNew: 44738K(2516544K)->0K(2516544K) Eden: 44738K(2236928K)->0K(2236928K) From: 0K(279616K)->0K(279616K)
[88.280s][info][gc,heap        ] GC(191) Tenured: 1141K(5592448K)->1139K(5592448K)
[88.280s][info][gc,metaspace   ] GC(191) Metaspace: 629K(960K)->628K(960K) NonClass: 583K(768K)->583K(768K) Class: 45K(192K)->45K(192K)
[88.280s][info][gc             ] GC(191) Pause Full (System.gc()) 44M->1M(7918M) 9.248ms
[88.280s][info][gc,cpu         ] GC(191) User=0.01s Sys=0.00s Real=0.01s
[88.735s][info][gc,start       ] GC(192) Pause Full (System.gc())
[88.735s][info][gc,phases,start] GC(192) Phase 1: Mark live objects
[88.741s][info][gc,phases      ] GC(192) Phase 1: Mark live objects 6.158ms
[88.741s][info][gc,phases,start] GC(192) Phase 2: Compute new object addresses
[88.742s][info][gc,phases      ] GC(192) Phase 2: Compute new object addresses 0.754ms
[88.742s][info][gc,phases,start] GC(192) Phase 3: Adjust pointers
[88.744s][info][gc,phases      ] GC(192) Phase 3: Adjust pointers 1.956ms
[88.744s][info][gc,phases,start] GC(192) Phase 4: Move objects
[88.744s][info][gc,phases      ] GC(192) Phase 4: Move objects 0.026ms
[88.744s][info][gc,heap        ] GC(192) DefNew: 44738K(2516544K)->0K(2516544K) Eden: 44738K(2236928K)->0K(2236928K) From: 0K(279616K)->0K(279616K)
[88.744s][info][gc,heap        ] GC(192) Tenured: 1139K(5592448K)->1142K(5592448K)
[88.744s][info][gc,metaspace   ] GC(192) Metaspace: 635K(960K)->634K(960K) NonClass: 588K(768K)->588K(768K) Class: 46K(192K)->46K(192K)
[88.744s][info][gc             ] GC(192) Pause Full (System.gc()) 44M->1M(7918M) 9.624ms
[88.744s][info][gc,cpu         ] GC(192) User=0.01s Sys=0.00s Real=0.01s
[89.201s][info][gc,start       ] GC(193) Pause Full (System.gc())
[89.201s][info][gc,phases,start] GC(193) Phase 1: Mark live objects
[89.208s][info][gc,phases      ] GC(193) Phase 1: Mark live objects 6.225ms
[89.208s][info][gc,phases,start] GC(193) Phase 2: Compute new object addresses
[89.208s][info][gc,phases      ] GC(193) Phase 2: Compute new object addresses 0.758ms
[89.209s][info][gc,phases,start] GC(193) Phase 3: Adjust pointers
[89.211s][info][gc,phases      ] GC(193) Phase 3: Adjust pointers 2.000ms
[89.211s][info][gc,phases,start] GC(193) Phase 4: Move objects
[89.211s][info][gc,phases      ] GC(193) Phase 4: Move objects 0.026ms
[89.211s][info][gc,heap        ] GC(193) DefNew: 44738K(2516544K)->0K(2516544K) Eden: 44738K(2236928K)->0K(2236928K) From: 0K(279616K)->0K(279616K)
[89.211s][info][gc,heap        ] GC(193) Tenured: 1142K(5592448K)->1145K(5592448K)
[89.211s][info][gc,metaspace   ] GC(193) Metaspace: 639K(960K)->638K(960K) NonClass: 591K(768K)->591K(768K) Class: 48K(192K)->47K(192K)
[89.211s][info][gc             ] GC(193) Pause Full (System.gc()) 44M->1M(7918M) 9.674ms
[89.211s][info][gc,cpu         ] GC(193) User=0.01s Sys=0.00s Real=0.01s
[89.668s][info][gc,start       ] GC(194) Pause Full (System.gc())
[89.668s][info][gc,phases,start] GC(194) Phase 1: Mark live objects
[89.673s][info][gc,phases      ] GC(194) Phase 1: Mark live objects 4.955ms
[89.674s][info][gc,phases,start] GC(194) Phase 2: Compute new object addresses
[89.675s][info][gc,phases      ] GC(194) Phase 2: Compute new object addresses 1.254ms
[89.675s][info][gc,phases,start] GC(194) Phase 3: Adjust pointers
[89.677s][info][gc,phases      ] GC(194) Phase 3: Adjust pointers 2.090ms
[89.677s][info][gc,phases,start] GC(194) Phase 4: Move objects
[89.677s][info][gc,phases      ] GC(194) Phase 4: Move objects 0.027ms
[89.677s][info][gc,heap        ] GC(194) DefNew: 44738K(2516544K)->0K(2516544K) Eden: 44738K(2236928K)->0K(2236928K) From: 0K(279616K)->0K(279616K)
[89.677s][info][gc,heap        ] GC(194) Tenured: 1145K(5592448K)->1148K(5592448K)
[89.677s][info][gc,metaspace   ] GC(194) Metaspace: 643K(960K)->643K(960K) NonClass: 594K(768K)->594K(768K) Class: 49K(192K)->49K(192K)
[89.677s][info][gc             ] GC(194) Pause Full (System.gc()) 44M->1M(7918M) 9.123ms
[89.677s][info][gc,cpu         ] GC(194) User=0.01s Sys=0.00s Real=0.01s
[90.134s][info][gc,start       ] GC(195) Pause Full (System.gc())
[90.134s][info][gc,phases,start] GC(195) Phase 1: Mark live objects
[90.140s][info][gc,phases      ] GC(195) Phase 1: Mark live objects 6.590ms
[90.141s][info][gc,phases,start] GC(195) Phase 2: Compute new object addresses
[90.141s][info][gc,phases      ] GC(195) Phase 2: Compute new object addresses 0.797ms
[90.141s][info][gc,phases,start] GC(195) Phase 3: Adjust pointers
[90.143s][info][gc,phases      ] GC(195) Phase 3: Adjust pointers 1.999ms
[90.143s][info][gc,phases,start] GC(195) Phase 4: Move objects
[90.144s][info][gc,phases      ] GC(195) Phase 4: Move objects 0.034ms
[90.144s][info][gc,heap        ] GC(195) DefNew: 44738K(2516544K)->0K(2516544K) Eden: 44738K(2236928K)->0K(2236928K) From: 0K(279616K)->0K(279616K)
[90.144s][info][gc,heap        ] GC(195) Tenured: 1148K(5592448K)->1140K(5592448K)
[90.144s][info][gc,metaspace   ] GC(195) Metaspace: 648K(960K)->634K(960K) NonClass: 597K(768K)->589K(768K) Class: 51K(192K)->45K(192K)
[90.144s][info][gc             ] GC(195) Pause Full (System.gc()) 44M->1M(7918M) 10.326ms
[90.144s][info][gc,cpu         ] GC(195) User=0.01s Sys=0.00s Real=0.01s
[90.601s][info][gc,start       ] GC(196) Pause Full (System.gc())
[90.601s][info][gc,phases,start] GC(196) Phase 1: Mark live objects
[90.608s][info][gc,phases      ] GC(196) Phase 1: Mark live objects 6.719ms
[90.608s][info][gc,phases,start] GC(196) Phase 2: Compute new object addresses
[90.609s][info][gc,phases      ] GC(196) Phase 2: Compute new object addresses 0.840ms
[90.609s][info][gc,phases,start] GC(196) Phase 3: Adjust pointers
[90.611s][info][gc,phases      ] GC(196) Phase 3: Adjust pointers 1.965ms
[90.611s][info][gc,phases,start] GC(196) Phase 4: Move objects
[90.611s][info][gc,phases      ] GC(196) Phase 4: Move objects 0.026ms
[90.611s][info][gc,heap        ] GC(196) DefNew: 44738K(2516544K)->0K(2516544K) Eden: 44738K(2236928K)->0K(2236928K) From: 0K(279616K)->0K(279616K)
[90.611s][info][gc,heap        ] GC(196) Tenured: 1140K(5592448K)->1143K(5592448K)
[90.611s][info][gc,metaspace   ] GC(196) Metaspace: 639K(960K)->636K(960K) NonClass: 592K(768K)->591K(768K) Class: 46K(192K)->45K(192K)
[90.611s][info][gc             ] GC(196) Pause Full (System.gc()) 44M->1M(7918M) 10.248ms
[90.611s][info][gc,cpu         ] GC(196) User=0.01s Sys=0.00s Real=0.01s
[91.068s][info][gc,start       ] GC(197) Pause Full (System.gc())
[91.068s][info][gc,phases,start] GC(197) Phase 1: Mark live objects
[91.073s][info][gc,phases      ] GC(197) Phase 1: Mark live objects 4.767ms
[91.073s][info][gc,phases,start] GC(197) Phase 2: Compute new object addresses
[91.074s][info][gc,phases      ] GC(197) Phase 2: Compute new object addresses 0.995ms
[91.074s][info][gc,phases,start] GC(197) Phase 3: Adjust pointers
[91.076s][info][gc,phases      ] GC(197) Phase 3: Adjust pointers 2.139ms
[91.076s][info][gc,phases,start] GC(197) Phase 4: Move objects
[91.076s][info][gc,phases      ] GC(197) Phase 4: Move objects 0.035ms
[91.076s][info][gc,heap        ] GC(197) DefNew: 44738K(2516544K)->0K(2516544K) Eden: 44738K(2236928K)->0K(2236928K) From: 0K(279616K)->0K(279616K)
[91.077s][info][gc,heap        ] GC(197) Tenured: 1143K(5592448K)->1146K(5592448K)
[91.077s][info][gc,metaspace   ] GC(197) Metaspace: 641K(960K)->641K(960K) NonClass: 594K(768K)->594K(768K) Class: 47K(192K)->47K(192K)
[91.077s][info][gc             ] GC(197) Pause Full (System.gc()) 44M->1M(7918M) 8.705ms
[91.077s][info][gc,cpu         ] GC(197) User=0.01s Sys=0.01s Real=0.01s
[91.530s][info][gc,start       ] GC(198) Pause Full (System.gc())
[91.530s][info][gc,phases,start] GC(198) Phase 1: Mark live objects
[91.534s][info][gc,phases      ] GC(198) Phase 1: Mark live objects 4.675ms
[91.535s][info][gc,phases,start] GC(198) Phase 2: Compute new object addresses
[91.535s][info][gc,phases      ] GC(198) Phase 2: Compute new object addresses 0.746ms
[91.535s][info][gc,phases,start] GC(198) Phase 3: Adjust pointers
[91.537s][info][gc,phases      ] GC(198) Phase 3: Adjust pointers 1.879ms
[91.537s][info][gc,phases,start] GC(198) Phase 4: Move objects
[91.537s][info][gc,phases      ] GC(198) Phase 4: Move objects 0.028ms
[91.537s][info][gc,heap        ] GC(198) DefNew: 44738K(2516544K)->0K(2516544K) Eden: 44738K(2236928K)->0K(2236928K) From: 0K(279616K)->0K(279616K)
[91.537s][info][gc,heap        ] GC(198) Tenured: 1146K(5592448K)->1149K(5592448K)
[91.537s][info][gc,metaspace   ] GC(198) Metaspace: 646K(960K)->646K(960K) NonClass: 597K(768K)->597K(768K) Class: 48K(192K)->48K(192K)
[91.538s][info][gc             ] GC(198) Pause Full (System.gc()) 44M->1M(7918M) 7.932ms
[91.538s][info][gc,cpu         ] GC(198) User=0.01s Sys=0.00s Real=0.01s
[91.991s][info][gc,start       ] GC(199) Pause Full (System.gc())
[91.991s][info][gc,phases,start] GC(199) Phase 1: Mark live objects
[91.998s][info][gc,phases      ] GC(199) Phase 1: Mark live objects 6.245ms
[91.998s][info][gc,phases,start] GC(199) Phase 2: Compute new object addresses
[91.999s][info][gc,phases      ] GC(199) Phase 2: Compute new object addresses 0.750ms
[91.999s][info][gc,phases,start] GC(199) Phase 3: Adjust pointers
[92.000s][info][gc,phases      ] GC(199) Phase 3: Adjust pointers 1.918ms
[92.001s][info][gc,phases,start] GC(199) Phase 4: Move objects
[92.001s][info][gc,phases      ] GC(199) Phase 4: Move objects 0.033ms
[92.001s][info][gc,heap        ] GC(199) DefNew: 44738K(2516544K)->0K(2516544K) Eden: 44738K(2236928K)->0K(2236928K) From: 0K(279616K)->0K(279616K)
[92.001s][info][gc,heap        ] GC(199) Tenured: 1149K(5592448K)->1144K(5592448K)
[92.001s][info][gc,metaspace   ] GC(199) Metaspace: 651K(960K)->643K(960K) NonClass: 601K(768K)->596K(768K) Class: 50K(192K)->47K(192K)
[92.001s][info][gc             ] GC(199) Pause Full (System.gc()) 44M->1M(7918M) 9.670ms
[92.001s][info][gc,cpu         ] GC(199) User=0.01s Sys=0.00s Real=0.01s
[92.458s][info][gc,start       ] GC(200) Pause Full (System.gc())
[92.459s][info][gc,phases,start] GC(200) Phase 1: Mark live objects
[92.465s][info][gc,phases      ] GC(200) Phase 1: Mark live objects 6.154ms
[92.465s][info][gc,phases,start] GC(200) Phase 2: Compute new object addresses
[92.466s][info][gc,phases      ] GC(200) Phase 2: Compute new object addresses 0.742ms
[92.466s][info][gc,phases,start] GC(200) Phase 3: Adjust pointers
[92.468s][info][gc,phases      ] GC(200) Phase 3: Adjust pointers 2.087ms
[92.468s][info][gc,phases,start] GC(200) Phase 4: Move objects
[92.468s][info][gc,phases      ] GC(200) Phase 4: Move objects 0.023ms
[92.468s][info][gc,heap        ] GC(200) DefNew: 44738K(2516544K)->0K(2516544K) Eden: 44738K(2236928K)->0K(2236928K) From: 0K(279616K)->0K(279616K)
[92.468s][info][gc,heap        ] GC(200) Tenured: 1144K(5592448K)->1147K(5592448K)
[92.468s][info][gc,metaspace   ] GC(200) Metaspace: 648K(960K)->646K(960K) NonClass: 600K(768K)->598K(768K) Class: 48K(192K)->47K(192K)
[92.468s][info][gc             ] GC(200) Pause Full (System.gc()) 44M->1M(7918M) 9.598ms
[92.468s][info][gc,cpu         ] GC(200) User=0.01s Sys=0.00s Real=0.01s
[92.923s][info][gc,start       ] GC(201) Pause Full (System.gc())
[92.923s][info][gc,phases,start] GC(201) Phase 1: Mark live objects
[92.929s][info][gc,phases      ] GC(201) Phase 1: Mark live objects 6.190ms
[92.929s][info][gc,phases,start] GC(201) Phase 2: Compute new object addresses
[92.930s][info][gc,phases      ] GC(201) Phase 2: Compute new object addresses 0.751ms
[92.930s][info][gc,phases,start] GC(201) Phase 3: Adjust pointers
[92.932s][info][gc,phases      ] GC(201) Phase 3: Adjust pointers 1.668ms
[92.932s][info][gc,phases,start] GC(201) Phase 4: Move objects
[92.932s][info][gc,phases      ] GC(201) Phase 4: Move objects 0.020ms
[92.932s][info][gc,heap        ] GC(201) DefNew: 44738K(2516544K)->0K(2516544K) Eden: 44738K(2236928K)->0K(2236928K) From: 0K(279616K)->0K(279616K)
[92.932s][info][gc,heap        ] GC(201) Tenured: 1147K(5592448K)->1150K(5592448K)
[92.932s][info][gc,metaspace   ] GC(201) Metaspace: 651K(960K)->650K(960K) NonClass: 601K(768K)->601K(768K) Class: 49K(192K)->48K(192K)
[92.932s][info][gc             ] GC(201) Pause Full (System.gc()) 44M->1M(7918M) 9.244ms
[92.932s][info][gc,cpu         ] GC(201) User=0.01s Sys=0.00s Real=0.00s
[93.391s][info][gc,start       ] GC(202) Pause Full (System.gc())
[93.391s][info][gc,phases,start] GC(202) Phase 1: Mark live objects
[93.396s][info][gc,phases      ] GC(202) Phase 1: Mark live objects 4.284ms
[93.396s][info][gc,phases,start] GC(202) Phase 2: Compute new object addresses
[93.396s][info][gc,phases      ] GC(202) Phase 2: Compute new object addresses 0.748ms
[93.397s][info][gc,phases,start] GC(202) Phase 3: Adjust pointers
[93.398s][info][gc,phases      ] GC(202) Phase 3: Adjust pointers 1.614ms
[93.398s][info][gc,phases,start] GC(202) Phase 4: Move objects
[93.398s][info][gc,phases      ] GC(202) Phase 4: Move objects 0.019ms
[93.398s][info][gc,heap        ] GC(202) DefNew: 44738K(2516544K)->0K(2516544K) Eden: 44738K(2236928K)->0K(2236928K) From: 0K(279616K)->0K(279616K)
[93.398s][info][gc,heap        ] GC(202) Tenured: 1150K(5592448K)->1153K(5592448K)
[93.398s][info][gc,metaspace   ] GC(202) Metaspace: 655K(960K)->654K(960K) NonClass: 604K(768K)->604K(768K) Class: 50K(192K)->49K(192K)
[93.398s][info][gc             ] GC(202) Pause Full (System.gc()) 44M->1M(7918M) 7.143ms
[93.398s][info][gc,cpu         ] GC(202) User=0.01s Sys=0.00s Real=0.01s
[93.855s][info][gc,start       ] GC(203) Pause Full (System.gc())
[93.855s][info][gc,phases,start] GC(203) Phase 1: Mark live objects
[93.859s][info][gc,phases      ] GC(203) Phase 1: Mark live objects 3.359ms
[93.859s][info][gc,phases,start] GC(203) Phase 2: Compute new object addresses
[93.859s][info][gc,phases      ] GC(203) Phase 2: Compute new object addresses 0.495ms
[93.859s][info][gc,phases,start] GC(203) Phase 3: Adjust pointers
[93.861s][info][gc,phases      ] GC(203) Phase 3: Adjust pointers 1.210ms
[93.861s][info][gc,phases,start] GC(203) Phase 4: Move objects
[93.861s][info][gc,phases      ] GC(203) Phase 4: Move objects 0.022ms
[93.861s][info][gc,heap        ] GC(203) DefNew: 44738K(2516544K)->0K(2516544K) Eden: 44738K(2236928K)->0K(2236928K) From: 0K(279616K)->0K(279616K)
[93.861s][info][gc,heap        ] GC(203) Tenured: 1153K(5592448K)->1151K(5592448K)
[93.861s][info][gc,metaspace   ] GC(203) Metaspace: 659K(960K)->659K(960K) NonClass: 607K(768K)->607K(768K) Class: 51K(192K)->51K(192K)
[93.861s][info][gc             ] GC(203) Pause Full (System.gc()) 44M->1M(7918M) 5.546ms
[93.861s][info][gc,cpu         ] GC(203) User=0.00s Sys=0.00s Real=0.00s
[94.318s][info][gc,start       ] GC(204) Pause Full (System.gc())
[94.318s][info][gc,phases,start] GC(204) Phase 1: Mark live objects
[94.322s][info][gc,phases      ] GC(204) Phase 1: Mark live objects 4.216ms
[94.322s][info][gc,phases,start] GC(204) Phase 2: Compute new object addresses
[94.323s][info][gc,phases      ] GC(204) Phase 2: Compute new object addresses 0.562ms
[94.323s][info][gc,phases,start] GC(204) Phase 3: Adjust pointers
[94.324s][info][gc,phases      ] GC(204) Phase 3: Adjust pointers 1.425ms
[94.324s][info][gc,phases,start] GC(204) Phase 4: Move objects
[94.324s][info][gc,phases      ] GC(204) Phase 4: Move objects 0.020ms
[94.325s][info][gc,heap        ] GC(204) DefNew: 44738K(2516544K)->0K(2516544K) Eden: 44738K(2236928K)->0K(2236928K) From: 0K(279616K)->0K(279616K)
[94.325s][info][gc,heap        ] GC(204) Tenured: 1151K(5592448K)->1154K(5592448K)
[94.325s][info][gc,metaspace   ] GC(204) Metaspace: 664K(960K)->664K(960K) NonClass: 610K(768K)->610K(768K) Class: 53K(192K)->53K(192K)
[94.325s][info][gc             ] GC(204) Pause Full (System.gc()) 44M->1M(7918M) 6.764ms
[94.325s][info][gc,cpu         ] GC(204) User=0.00s Sys=0.00s Real=0.01s
[94.781s][info][gc,start       ] GC(205) Pause Full (System.gc())
[94.781s][info][gc,phases,start] GC(205) Phase 1: Mark live objects
[94.785s][info][gc,phases      ] GC(205) Phase 1: Mark live objects 4.241ms
[94.785s][info][gc,phases,start] GC(205) Phase 2: Compute new object addresses
[94.786s][info][gc,phases      ] GC(205) Phase 2: Compute new object addresses 0.759ms
[94.786s][info][gc,phases,start] GC(205) Phase 3: Adjust pointers
[94.788s][info][gc,phases      ] GC(205) Phase 3: Adjust pointers 1.935ms
[94.788s][info][gc,phases,start] GC(205) Phase 4: Move objects
[94.788s][info][gc,phases      ] GC(205) Phase 4: Move objects 0.029ms
[94.788s][info][gc,heap        ] GC(205) DefNew: 44738K(2516544K)->0K(2516544K) Eden: 44738K(2236928K)->0K(2236928K) From: 0K(279616K)->0K(279616K)
[94.788s][info][gc,heap        ] GC(205) Tenured: 1154K(5592448K)->1157K(5592448K)
[94.788s][info][gc,metaspace   ] GC(205) Metaspace: 669K(960K)->669K(960K) NonClass: 613K(768K)->613K(768K) Class: 55K(192K)->55K(192K)
[94.789s][info][gc             ] GC(205) Pause Full (System.gc()) 44M->1M(7918M) 7.555ms
[94.789s][info][gc,cpu         ] GC(205) User=0.01s Sys=0.00s Real=0.01s
[95.243s][info][gc,start       ] GC(206) Pause Full (System.gc())
[95.243s][info][gc,phases,start] GC(206) Phase 1: Mark live objects
[95.245s][info][gc,phases      ] GC(206) Phase 1: Mark live objects 2.664ms
[95.245s][info][gc,phases,start] GC(206) Phase 2: Compute new object addresses
[95.246s][info][gc,phases      ] GC(206) Phase 2: Compute new object addresses 0.318ms
[95.246s][info][gc,phases,start] GC(206) Phase 3: Adjust pointers
[95.247s][info][gc,phases      ] GC(206) Phase 3: Adjust pointers 0.960ms
[95.247s][info][gc,phases,start] GC(206) Phase 4: Move objects
[95.247s][info][gc,phases      ] GC(206) Phase 4: Move objects 0.018ms
[95.247s][info][gc,heap        ] GC(206) DefNew: 44738K(2516544K)->0K(2516544K) Eden: 44738K(2236928K)->0K(2236928K) From: 0K(279616K)->0K(279616K)
[95.247s][info][gc,heap        ] GC(206) Tenured: 1157K(5592448K)->1160K(5592448K)
[95.247s][info][gc,metaspace   ] GC(206) Metaspace: 674K(960K)->674K(960K) NonClass: 617K(768K)->617K(768K) Class: 56K(192K)->56K(192K)
[95.247s][info][gc             ] GC(206) Pause Full (System.gc()) 44M->1M(7918M) 4.320ms
[95.247s][info][gc,cpu         ] GC(206) User=0.01s Sys=0.00s Real=0.00s
[95.700s][info][gc,start       ] GC(207) Pause Full (System.gc())
[95.700s][info][gc,phases,start] GC(207) Phase 1: Mark live objects
[95.705s][info][gc,phases      ] GC(207) Phase 1: Mark live objects 4.831ms
[95.705s][info][gc,phases,start] GC(207) Phase 2: Compute new object addresses
[95.706s][info][gc,phases      ] GC(207) Phase 2: Compute new object addresses 0.868ms
[95.706s][info][gc,phases,start] GC(207) Phase 3: Adjust pointers
[95.709s][info][gc,phases      ] GC(207) Phase 3: Adjust pointers 2.501ms
[95.709s][info][gc,phases,start] GC(207) Phase 4: Move objects
[95.709s][info][gc,phases      ] GC(207) Phase 4: Move objects 0.068ms
[95.709s][info][gc,heap        ] GC(207) DefNew: 44738K(2516544K)->0K(2516544K) Eden: 44738K(2236928K)->0K(2236928K) From: 0K(279616K)->0K(279616K)
[95.709s][info][gc,heap        ] GC(207) Tenured: 1160K(5592448K)->1163K(5592448K)
[95.709s][info][gc,metaspace   ] GC(207) Metaspace: 679K(960K)->679K(960K) NonClass: 620K(768K)->620K(768K) Class: 58K(192K)->58K(192K)
[95.709s][info][gc             ] GC(207) Pause Full (System.gc()) 44M->1M(7918M) 9.114ms
[95.709s][info][gc,cpu         ] GC(207) User=0.01s Sys=0.00s Real=0.01s
[96.167s][info][gc,start       ] GC(208) Pause Full (System.gc())
[96.168s][info][gc,phases,start] GC(208) Phase 1: Mark live objects
[96.173s][info][gc,phases      ] GC(208) Phase 1: Mark live objects 5.688ms
[96.173s][info][gc,phases,start] GC(208) Phase 2: Compute new object addresses
[96.174s][info][gc,phases      ] GC(208) Phase 2: Compute new object addresses 0.603ms
[96.174s][info][gc,phases,start] GC(208) Phase 3: Adjust pointers
[96.175s][info][gc,phases      ] GC(208) Phase 3: Adjust pointers 1.415ms
[96.176s][info][gc,phases,start] GC(208) Phase 4: Move objects
[96.176s][info][gc,phases      ] GC(208) Phase 4: Move objects 0.025ms
[96.176s][info][gc,heap        ] GC(208) DefNew: 44738K(2516544K)->0K(2516544K) Eden: 44738K(2236928K)->0K(2236928K) From: 0K(279616K)->0K(279616K)
[96.176s][info][gc,heap        ] GC(208) Tenured: 1163K(5592448K)->1166K(5592448K)
[96.176s][info][gc,metaspace   ] GC(208) Metaspace: 684K(1024K)->664K(1024K) NonClass: 623K(832K)->612K(832K) Class: 60K(192K)->51K(192K)
[96.176s][info][gc             ] GC(208) Pause Full (System.gc()) 44M->1M(7918M) 8.581ms
[96.176s][info][gc,cpu         ] GC(208) User=0.01s Sys=0.00s Real=0.01s
[96.631s][info][gc,start       ] GC(209) Pause Full (System.gc())
[96.631s][info][gc,phases,start] GC(209) Phase 1: Mark live objects
[96.637s][info][gc,phases      ] GC(209) Phase 1: Mark live objects 6.158ms
[96.637s][info][gc,phases,start] GC(209) Phase 2: Compute new object addresses
[96.638s][info][gc,phases      ] GC(209) Phase 2: Compute new object addresses 0.809ms
[96.638s][info][gc,phases,start] GC(209) Phase 3: Adjust pointers
[96.640s][info][gc,phases      ] GC(209) Phase 3: Adjust pointers 1.709ms
[96.640s][info][gc,phases,start] GC(209) Phase 4: Move objects
[96.640s][info][gc,phases      ] GC(209) Phase 4: Move objects 0.035ms
[96.640s][info][gc,heap        ] GC(209) DefNew: 44738K(2516544K)->0K(2516544K) Eden: 44738K(2236928K)->0K(2236928K) From: 0K(279616K)->0K(279616K)
[96.640s][info][gc,heap        ] GC(209) Tenured: 1166K(5592448K)->1169K(5592448K)
[96.640s][info][gc,metaspace   ] GC(209) Metaspace: 669K(1024K)->666K(1024K) NonClass: 616K(832K)->614K(832K) Class: 53K(192K)->52K(192K)
[96.640s][info][gc             ] GC(209) Pause Full (System.gc()) 44M->1M(7918M) 9.490ms
[96.641s][info][gc,cpu         ] GC(209) User=0.01s Sys=0.00s Real=0.01s
[97.098s][info][gc,start       ] GC(210) Pause Full (System.gc())
[97.098s][info][gc,phases,start] GC(210) Phase 1: Mark live objects
[97.103s][info][gc,phases      ] GC(210) Phase 1: Mark live objects 4.768ms
[97.103s][info][gc,phases,start] GC(210) Phase 2: Compute new object addresses
[97.103s][info][gc,phases      ] GC(210) Phase 2: Compute new object addresses 0.333ms
[97.103s][info][gc,phases,start] GC(210) Phase 3: Adjust pointers
[97.104s][info][gc,phases      ] GC(210) Phase 3: Adjust pointers 1.180ms
[97.104s][info][gc,phases,start] GC(210) Phase 4: Move objects
[97.104s][info][gc,phases      ] GC(210) Phase 4: Move objects 0.015ms
[97.105s][info][gc,heap        ] GC(210) DefNew: 44738K(2516544K)->0K(2516544K) Eden: 44738K(2236928K)->0K(2236928K) From: 0K(279616K)->0K(279616K)
[97.105s][info][gc,heap        ] GC(210) Tenured: 1169K(5592448K)->1172K(5592448K)
[97.105s][info][gc,metaspace   ] GC(210) Metaspace: 671K(1024K)->592K(1024K) NonClass: 617K(832K)->556K(832K) Class: 53K(192K)->36K(192K)
[97.105s][info][gc             ] GC(210) Pause Full (System.gc()) 44M->1M(7918M) 6.948ms
[97.105s][info][gc,cpu         ] GC(210) User=0.01s Sys=0.00s Real=0.01s
[97.557s][info][gc,start       ] GC(211) Pause Full (System.gc())
[97.557s][info][gc,phases,start] GC(211) Phase 1: Mark live objects
[97.562s][info][gc,phases      ] GC(211) Phase 1: Mark live objects 5.036ms
[97.562s][info][gc,phases,start] GC(211) Phase 2: Compute new object addresses
[97.563s][info][gc,phases      ] GC(211) Phase 2: Compute new object addresses 0.395ms
[97.563s][info][gc,phases,start] GC(211) Phase 3: Adjust pointers
[97.564s][info][gc,phases      ] GC(211) Phase 3: Adjust pointers 1.063ms
[97.564s][info][gc,phases,start] GC(211) Phase 4: Move objects
[97.564s][info][gc,phases      ] GC(211) Phase 4: Move objects 0.015ms
[97.564s][info][gc,heap        ] GC(211) DefNew: 44738K(2516544K)->0K(2516544K) Eden: 44738K(2236928K)->0K(2236928K) From: 0K(279616K)->0K(279616K)
[97.564s][info][gc,heap        ] GC(211) Tenured: 1172K(5592448K)->1123K(5592448K)
[97.564s][info][gc,metaspace   ] GC(211) Metaspace: 597K(1024K)->594K(1024K) NonClass: 559K(832K)->557K(832K) Class: 37K(192K)->36K(192K)
[97.564s][info][gc             ] GC(211) Pause Full (System.gc()) 44M->1M(7918M) 7.069ms
[97.564s][info][gc,cpu         ] GC(211) User=0.01s Sys=0.00s Real=0.01s
[98.019s][info][gc,start       ] GC(212) Pause Full (System.gc())
[98.019s][info][gc,phases,start] GC(212) Phase 1: Mark live objects
[98.024s][info][gc,phases      ] GC(212) Phase 1: Mark live objects 4.741ms
[98.024s][info][gc,phases,start] GC(212) Phase 2: Compute new object addresses
[98.024s][info][gc,phases      ] GC(212) Phase 2: Compute new object addresses 0.393ms
[98.024s][info][gc,phases,start] GC(212) Phase 3: Adjust pointers
[98.026s][info][gc,phases      ] GC(212) Phase 3: Adjust pointers 1.069ms
[98.026s][info][gc,phases,start] GC(212) Phase 4: Move objects
[98.026s][info][gc,phases      ] GC(212) Phase 4: Move objects 0.014ms
[98.026s][info][gc,heap        ] GC(212) DefNew: 44738K(2516544K)->0K(2516544K) Eden: 44738K(2236928K)->0K(2236928K) From: 0K(279616K)->0K(279616K)
[98.026s][info][gc,heap        ] GC(212) Tenured: 1123K(5592448K)->1126K(5592448K)
[98.026s][info][gc,metaspace   ] GC(212) Metaspace: 599K(1024K)->598K(1024K) NonClass: 560K(832K)->560K(832K) Class: 38K(192K)->38K(192K)
[98.026s][info][gc             ] GC(212) Pause Full (System.gc()) 44M->1M(7918M) 6.686ms
[98.026s][info][gc,cpu         ] GC(212) User=0.01s Sys=0.01s Real=0.01s
[98.482s][info][gc,start       ] GC(213) Pause Full (System.gc())
[98.483s][info][gc,phases,start] GC(213) Phase 1: Mark live objects
[98.486s][info][gc,phases      ] GC(213) Phase 1: Mark live objects 3.229ms
[98.486s][info][gc,phases,start] GC(213) Phase 2: Compute new object addresses
[98.486s][info][gc,phases      ] GC(213) Phase 2: Compute new object addresses 0.319ms
[98.486s][info][gc,phases,start] GC(213) Phase 3: Adjust pointers
[98.487s][info][gc,phases      ] GC(213) Phase 3: Adjust pointers 1.257ms
[98.488s][info][gc,phases,start] GC(213) Phase 4: Move objects
[98.488s][info][gc,phases      ] GC(213) Phase 4: Move objects 0.026ms
[98.488s][info][gc,heap        ] GC(213) DefNew: 44738K(2516544K)->0K(2516544K) Eden: 44738K(2236928K)->0K(2236928K) From: 0K(279616K)->0K(279616K)
[98.488s][info][gc,heap        ] GC(213) Tenured: 1126K(5592448K)->1129K(5592448K)
[98.488s][info][gc,metaspace   ] GC(213) Metaspace: 608K(1024K)->608K(1024K) NonClass: 568K(832K)->568K(832K) Class: 39K(192K)->39K(192K)
[98.488s][info][gc             ] GC(213) Pause Full (System.gc()) 44M->1M(7918M) 5.434ms
[98.488s][info][gc,cpu         ] GC(213) User=0.01s Sys=0.00s Real=0.01s
[98.940s][info][gc,start       ] GC(214) Pause Full (System.gc())
[98.940s][info][gc,phases,start] GC(214) Phase 1: Mark live objects
[98.943s][info][gc,phases      ] GC(214) Phase 1: Mark live objects 2.192ms
[98.943s][info][gc,phases,start] GC(214) Phase 2: Compute new object addresses
[98.943s][info][gc,phases      ] GC(214) Phase 2: Compute new object addresses 0.488ms
[98.943s][info][gc,phases,start] GC(214) Phase 3: Adjust pointers
[98.944s][info][gc,phases      ] GC(214) Phase 3: Adjust pointers 1.218ms
[98.944s][info][gc,phases,start] GC(214) Phase 4: Move objects
[98.944s][info][gc,phases      ] GC(214) Phase 4: Move objects 0.018ms
[98.945s][info][gc,heap        ] GC(214) DefNew: 89477K(2516544K)->0K(2516544K) Eden: 89477K(2236928K)->0K(2236928K) From: 0K(279616K)->0K(279616K)
[98.945s][info][gc,heap        ] GC(214) Tenured: 1129K(5592448K)->1133K(5592448K)
[98.945s][info][gc,metaspace   ] GC(214) Metaspace: 615K(1024K)->605K(960K) NonClass: 574K(832K)->568K(768K) Class: 41K(192K)->37K(192K)
[98.945s][info][gc             ] GC(214) Pause Full (System.gc()) 88M->1M(7918M) 4.347ms
[98.945s][info][gc,cpu         ] GC(214) User=0.00s Sys=0.00s Real=0.01s
[99.402s][info][gc,start       ] GC(215) Pause Full (System.gc())
[99.402s][info][gc,phases,start] GC(215) Phase 1: Mark live objects
[99.410s][info][gc,phases      ] GC(215) Phase 1: Mark live objects 8.105ms
[99.410s][info][gc,phases,start] GC(215) Phase 2: Compute new object addresses
[99.410s][info][gc,phases      ] GC(215) Phase 2: Compute new object addresses 0.439ms
[99.410s][info][gc,phases,start] GC(215) Phase 3: Adjust pointers
[99.413s][info][gc,phases      ] GC(215) Phase 3: Adjust pointers 2.561ms
[99.413s][info][gc,phases,start] GC(215) Phase 4: Move objects
[99.413s][info][gc,phases      ] GC(215) Phase 4: Move objects 0.019ms
[99.413s][info][gc,heap        ] GC(215) DefNew: 44738K(2516544K)->0K(2516544K) Eden: 44738K(2236928K)->0K(2236928K) From: 0K(279616K)->0K(279616K)
[99.413s][info][gc,heap        ] GC(215) Tenured: 1133K(5592448K)->1126K(5592448K)
[99.413s][info][gc,metaspace   ] GC(215) Metaspace: 610K(960K)->607K(960K) NonClass: 571K(768K)->569K(768K) Class: 38K(192K)->37K(192K)
[99.413s][info][gc             ] GC(215) Pause Full (System.gc()) 44M->1M(7918M) 11.702ms
[99.413s][info][gc,cpu         ] GC(215) User=0.01s Sys=0.00s Real=0.02s
[99.868s][info][gc,start       ] GC(216) Pause Full (System.gc())
[99.868s][info][gc,phases,start] GC(216) Phase 1: Mark live objects
[99.873s][info][gc,phases      ] GC(216) Phase 1: Mark live objects 5.449ms
[99.873s][info][gc,phases,start] GC(216) Phase 2: Compute new object addresses
[99.874s][info][gc,phases      ] GC(216) Phase 2: Compute new object addresses 0.438ms
[99.874s][info][gc,phases,start] GC(216) Phase 3: Adjust pointers
[99.875s][info][gc,phases      ] GC(216) Phase 3: Adjust pointers 1.352ms
[99.875s][info][gc,phases,start] GC(216) Phase 4: Move objects
[99.875s][info][gc,phases      ] GC(216) Phase 4: Move objects 0.038ms
[99.876s][info][gc,heap        ] GC(216) DefNew: 44738K(2516544K)->0K(2516544K) Eden: 44738K(2236928K)->0K(2236928K) From: 0K(279616K)->0K(279616K)
[99.876s][info][gc,heap        ] GC(216) Tenured: 1126K(5592448K)->1129K(5592448K)
[99.876s][info][gc,metaspace   ] GC(216) Metaspace: 612K(960K)->609K(960K) NonClass: 573K(768K)->571K(768K) Class: 39K(192K)->38K(192K)
[99.876s][info][gc             ] GC(216) Pause Full (System.gc()) 44M->1M(7918M) 7.876ms
[99.876s][info][gc,cpu         ] GC(216) User=0.01s Sys=0.00s Real=0.01s
[100.334s][info][gc,start       ] GC(217) Pause Full (System.gc())
[100.335s][info][gc,phases,start] GC(217) Phase 1: Mark live objects
[100.341s][info][gc,phases      ] GC(217) Phase 1: Mark live objects 6.272ms
[100.341s][info][gc,phases,start] GC(217) Phase 2: Compute new object addresses
[100.342s][info][gc,phases      ] GC(217) Phase 2: Compute new object addresses 0.767ms
[100.342s][info][gc,phases,start] GC(217) Phase 3: Adjust pointers
[100.344s][info][gc,phases      ] GC(217) Phase 3: Adjust pointers 1.873ms
[100.344s][info][gc,phases,start] GC(217) Phase 4: Move objects
[100.344s][info][gc,phases      ] GC(217) Phase 4: Move objects 0.035ms
[100.345s][info][gc,heap        ] GC(217) DefNew: 44738K(2516544K)->0K(2516544K) Eden: 44738K(2236928K)->0K(2236928K) From: 0K(279616K)->0K(279616K)
[100.345s][info][gc,heap        ] GC(217) Tenured: 1129K(5592448K)->1132K(5592448K)
[100.346s][info][gc,metaspace   ] GC(217) Metaspace: 614K(960K)->611K(960K) NonClass: 574K(768K)->573K(768K) Class: 39K(192K)->38K(192K)
[100.346s][info][gc             ] GC(217) Pause Full (System.gc()) 44M->1M(7918M) 11.983ms
[100.346s][info][gc,cpu         ] GC(217) User=0.01s Sys=0.00s Real=0.01s
[100.800s][info][gc,start       ] GC(218) Pause Full (System.gc())
[100.800s][info][gc,phases,start] GC(218) Phase 1: Mark live objects
[100.806s][info][gc,phases      ] GC(218) Phase 1: Mark live objects 6.221ms
[100.806s][info][gc,phases,start] GC(218) Phase 2: Compute new object addresses
[100.807s][info][gc,phases      ] GC(218) Phase 2: Compute new object addresses 0.870ms
[100.807s][info][gc,phases,start] GC(218) Phase 3: Adjust pointers
[100.810s][info][gc,phases      ] GC(218) Phase 3: Adjust pointers 2.044ms
[100.810s][info][gc,phases,start] GC(218) Phase 4: Move objects
[100.810s][info][gc,phases      ] GC(218) Phase 4: Move objects 0.028ms
[100.810s][info][gc,heap        ] GC(218) DefNew: 44738K(2516544K)->0K(2516544K) Eden: 44738K(2236928K)->0K(2236928K) From: 0K(279616K)->0K(279616K)
[100.810s][info][gc,heap        ] GC(218) Tenured: 1132K(5592448K)->1135K(5592448K)
[100.810s][info][gc,metaspace   ] GC(218) Metaspace: 616K(960K)->615K(960K) NonClass: 576K(768K)->576K(768K) Class: 40K(192K)->39K(192K)
[100.810s][info][gc             ] GC(218) Pause Full (System.gc()) 44M->1M(7918M) 9.947ms
[100.810s][info][gc,cpu         ] GC(218) User=0.01s Sys=0.00s Real=0.01s
[101.263s][info][gc,start       ] GC(219) Pause Full (System.gc())
[101.263s][info][gc,phases,start] GC(219) Phase 1: Mark live objects
[101.269s][info][gc,phases      ] GC(219) Phase 1: Mark live objects 6.041ms
[101.269s][info][gc,phases,start] GC(219) Phase 2: Compute new object addresses
[101.270s][info][gc,phases      ] GC(219) Phase 2: Compute new object addresses 0.742ms
[101.270s][info][gc,phases,start] GC(219) Phase 3: Adjust pointers
[101.272s][info][gc,phases      ] GC(219) Phase 3: Adjust pointers 2.098ms
[101.272s][info][gc,phases,start] GC(219) Phase 4: Move objects
[101.272s][info][gc,phases      ] GC(219) Phase 4: Move objects 0.050ms
[101.273s][info][gc,heap        ] GC(219) DefNew: 44738K(2516544K)->0K(2516544K) Eden: 44738K(2236928K)->0K(2236928K) From: 0K(279616K)->0K(279616K)
[101.273s][info][gc,heap        ] GC(219) Tenured: 1135K(5592448K)->1132K(5592448K)
[101.273s][info][gc,metaspace   ] GC(219) Metaspace: 620K(960K)->620K(960K) NonClass: 579K(768K)->579K(768K) Class: 41K(192K)->40K(192K)
[101.273s][info][gc             ] GC(219) Pause Full (System.gc()) 44M->1M(7918M) 9.730ms
[101.273s][info][gc,cpu         ] GC(219) User=0.01s Sys=0.00s Real=0.01s
[101.730s][info][gc,start       ] GC(220) Pause Full (System.gc())
[101.731s][info][gc,phases,start] GC(220) Phase 1: Mark live objects
[101.735s][info][gc,phases      ] GC(220) Phase 1: Mark live objects 4.865ms
[101.736s][info][gc,phases,start] GC(220) Phase 2: Compute new object addresses
[101.736s][info][gc,phases      ] GC(220) Phase 2: Compute new object addresses 0.737ms
[101.736s][info][gc,phases,start] GC(220) Phase 3: Adjust pointers
[101.738s][info][gc,phases      ] GC(220) Phase 3: Adjust pointers 2.039ms
[101.738s][info][gc,phases,start] GC(220) Phase 4: Move objects
[101.738s][info][gc,phases      ] GC(220) Phase 4: Move objects 0.034ms
[101.739s][info][gc,heap        ] GC(220) DefNew: 44738K(2516544K)->0K(2516544K) Eden: 44738K(2236928K)->0K(2236928K) From: 0K(279616K)->0K(279616K)
[101.739s][info][gc,heap        ] GC(220) Tenured: 1132K(5592448K)->1135K(5592448K)
[101.739s][info][gc,metaspace   ] GC(220) Metaspace: 625K(960K)->625K(960K) NonClass: 582K(768K)->582K(768K) Class: 42K(192K)->42K(192K)
[101.739s][info][gc             ] GC(220) Pause Full (System.gc()) 44M->1M(7918M) 8.382ms
[101.739s][info][gc,cpu         ] GC(220) User=0.01s Sys=0.00s Real=0.01s
[102.193s][info][gc,start       ] GC(221) Pause Full (System.gc())
[102.193s][info][gc,phases,start] GC(221) Phase 1: Mark live objects
[102.198s][info][gc,phases      ] GC(221) Phase 1: Mark live objects 4.806ms
[102.198s][info][gc,phases,start] GC(221) Phase 2: Compute new object addresses
[102.199s][info][gc,phases      ] GC(221) Phase 2: Compute new object addresses 0.750ms
[102.199s][info][gc,phases,start] GC(221) Phase 3: Adjust pointers
[102.201s][info][gc,phases      ] GC(221) Phase 3: Adjust pointers 1.667ms
[102.201s][info][gc,phases,start] GC(221) Phase 4: Move objects
[102.201s][info][gc,phases      ] GC(221) Phase 4: Move objects 0.024ms
[102.201s][info][gc,heap        ] GC(221) DefNew: 44738K(2516544K)->0K(2516544K) Eden: 44738K(2236928K)->0K(2236928K) From: 0K(279616K)->0K(279616K)
[102.201s][info][gc,heap        ] GC(221) Tenured: 1135K(5592448K)->1138K(5592448K)
[102.201s][info][gc,metaspace   ] GC(221) Metaspace: 630K(960K)->630K(960K) NonClass: 585K(768K)->585K(768K) Class: 44K(192K)->44K(192K)
[102.201s][info][gc             ] GC(221) Pause Full (System.gc()) 44M->1M(7918M) 7.871ms
[102.201s][info][gc,cpu         ] GC(221) User=0.01s Sys=0.00s Real=0.00s
[102.657s][info][gc,start       ] GC(222) Pause Full (System.gc())
[102.658s][info][gc,phases,start] GC(222) Phase 1: Mark live objects
[102.663s][info][gc,phases      ] GC(222) Phase 1: Mark live objects 4.844ms
[102.663s][info][gc,phases,start] GC(222) Phase 2: Compute new object addresses
[102.663s][info][gc,phases      ] GC(222) Phase 2: Compute new object addresses 0.784ms
[102.663s][info][gc,phases,start] GC(222) Phase 3: Adjust pointers
[102.665s][info][gc,phases      ] GC(222) Phase 3: Adjust pointers 1.849ms
[102.665s][info][gc,phases,start] GC(222) Phase 4: Move objects
[102.665s][info][gc,phases      ] GC(222) Phase 4: Move objects 0.028ms
[102.665s][info][gc,heap        ] GC(222) DefNew: 44738K(2516544K)->0K(2516544K) Eden: 44738K(2236928K)->0K(2236928K) From: 0K(279616K)->0K(279616K)
[102.666s][info][gc,heap        ] GC(222) Tenured: 1138K(5592448K)->1141K(5592448K)
[102.666s][info][gc,metaspace   ] GC(222) Metaspace: 635K(960K)->635K(960K) NonClass: 588K(768K)->588K(768K) Class: 46K(192K)->46K(192K)
[102.666s][info][gc             ] GC(222) Pause Full (System.gc()) 44M->1M(7918M) 8.124ms
[102.666s][info][gc,cpu         ] GC(222) User=0.01s Sys=0.00s Real=0.01s
[103.122s][info][gc,start       ] GC(223) Pause Full (System.gc())
[103.122s][info][gc,phases,start] GC(223) Phase 1: Mark live objects
[103.126s][info][gc,phases      ] GC(223) Phase 1: Mark live objects 3.877ms
[103.126s][info][gc,phases,start] GC(223) Phase 2: Compute new object addresses
[103.127s][info][gc,phases      ] GC(223) Phase 2: Compute new object addresses 0.561ms
[103.127s][info][gc,phases,start] GC(223) Phase 3: Adjust pointers
[103.128s][info][gc,phases      ] GC(223) Phase 3: Adjust pointers 1.450ms
[103.128s][info][gc,phases,start] GC(223) Phase 4: Move objects
[103.128s][info][gc,phases      ] GC(223) Phase 4: Move objects 0.034ms
[103.128s][info][gc,heap        ] GC(223) DefNew: 44738K(2516544K)->0K(2516544K) Eden: 44738K(2236928K)->0K(2236928K) From: 0K(279616K)->0K(279616K)
[103.128s][info][gc,heap        ] GC(223) Tenured: 1141K(5592448K)->1143K(5592448K)
[103.128s][info][gc,metaspace   ] GC(223) Metaspace: 640K(960K)->640K(960K) NonClass: 592K(768K)->592K(768K) Class: 47K(192K)->47K(192K)
[103.129s][info][gc             ] GC(223) Pause Full (System.gc()) 44M->1M(7918M) 6.440ms
[103.129s][info][gc,cpu         ] GC(223) User=0.01s Sys=0.00s Real=0.01s
[103.585s][info][gc,start       ] GC(224) Pause Full (System.gc())
[103.585s][info][gc,phases,start] GC(224) Phase 1: Mark live objects
[103.591s][info][gc,phases      ] GC(224) Phase 1: Mark live objects 6.554ms
[103.592s][info][gc,phases,start] GC(224) Phase 2: Compute new object addresses
[103.592s][info][gc,phases      ] GC(224) Phase 2: Compute new object addresses 0.748ms
[103.592s][info][gc,phases,start] GC(224) Phase 3: Adjust pointers
[103.594s][info][gc,phases      ] GC(224) Phase 3: Adjust pointers 2.154ms
[103.595s][info][gc,phases,start] GC(224) Phase 4: Move objects
[103.595s][info][gc,phases      ] GC(224) Phase 4: Move objects 0.025ms
[103.595s][info][gc,heap        ] GC(224) DefNew: 44738K(2516544K)->0K(2516544K) Eden: 44738K(2236928K)->0K(2236928K) From: 0K(279616K)->0K(279616K)
[103.595s][info][gc,heap        ] GC(224) Tenured: 1143K(5592448K)->1146K(5592448K)
[103.595s][info][gc,metaspace   ] GC(224) Metaspace: 645K(960K)->610K(960K) NonClass: 595K(768K)->569K(768K) Class: 49K(192K)->40K(192K)
[103.595s][info][gc             ] GC(224) Pause Full (System.gc()) 44M->1M(7918M) 10.272ms
[103.595s][info][gc,cpu         ] GC(224) User=0.01s Sys=0.00s Real=0.01s
[104.052s][info][gc,start       ] GC(225) Pause Full (System.gc())
[104.053s][info][gc,phases,start] GC(225) Phase 1: Mark live objects
[104.059s][info][gc,phases      ] GC(225) Phase 1: Mark live objects 6.002ms
[104.059s][info][gc,phases,start] GC(225) Phase 2: Compute new object addresses
[104.059s][info][gc,phases      ] GC(225) Phase 2: Compute new object addresses 0.785ms
[104.060s][info][gc,phases,start] GC(225) Phase 3: Adjust pointers
[104.062s][info][gc,phases      ] GC(225) Phase 3: Adjust pointers 2.028ms
[104.062s][info][gc,phases,start] GC(225) Phase 4: Move objects
[104.062s][info][gc,phases      ] GC(225) Phase 4: Move objects 0.031ms
[104.062s][info][gc,heap        ] GC(225) DefNew: 44738K(2516544K)->0K(2516544K) Eden: 44738K(2236928K)->0K(2236928K) From: 0K(279616K)->0K(279616K)
[104.062s][info][gc,heap        ] GC(225) Tenured: 1146K(5592448K)->1149K(5592448K)
[104.062s][info][gc,metaspace   ] GC(225) Metaspace: 615K(960K)->612K(960K) NonClass: 573K(768K)->571K(768K) Class: 42K(192K)->41K(192K)
[104.062s][info][gc             ] GC(225) Pause Full (System.gc()) 44M->1M(7918M) 9.637ms
[104.062s][info][gc,cpu         ] GC(225) User=0.01s Sys=0.00s Real=0.01s
[104.518s][info][gc,start       ] GC(226) Pause Full (System.gc())
[104.518s][info][gc,phases,start] GC(226) Phase 1: Mark live objects
[104.523s][info][gc,phases      ] GC(226) Phase 1: Mark live objects 5.012ms
[104.523s][info][gc,phases,start] GC(226) Phase 2: Compute new object addresses
[104.524s][info][gc,phases      ] GC(226) Phase 2: Compute new object addresses 0.770ms
[104.524s][info][gc,phases,start] GC(226) Phase 3: Adjust pointers
[104.526s][info][gc,phases      ] GC(226) Phase 3: Adjust pointers 1.929ms
[104.526s][info][gc,phases,start] GC(226) Phase 4: Move objects
[104.526s][info][gc,phases      ] GC(226) Phase 4: Move objects 0.027ms
[104.526s][info][gc,heap        ] GC(226) DefNew: 44738K(2516544K)->0K(2516544K) Eden: 44738K(2236928K)->0K(2236928K) From: 0K(279616K)->0K(279616K)
[104.526s][info][gc,heap        ] GC(226) Tenured: 1149K(5592448K)->1152K(5592448K)
[104.526s][info][gc,metaspace   ] GC(226) Metaspace: 617K(960K)->617K(960K) NonClass: 574K(768K)->574K(768K) Class: 43K(192K)->43K(192K)
[104.526s][info][gc             ] GC(226) Pause Full (System.gc()) 44M->1M(7918M) 8.476ms
[104.526s][info][gc,cpu         ] GC(226) User=0.00s Sys=0.00s Real=0.01s
[104.982s][info][gc,start       ] GC(227) Pause Full (System.gc())
[104.986s][info][gc,phases,start] GC(227) Phase 1: Mark live objects
[104.992s][info][gc,phases      ] GC(227) Phase 1: Mark live objects 6.021ms
[104.992s][info][gc,phases,start] GC(227) Phase 2: Compute new object addresses
[104.992s][info][gc,phases      ] GC(227) Phase 2: Compute new object addresses 0.735ms
[104.993s][info][gc,phases,start] GC(227) Phase 3: Adjust pointers
[104.994s][info][gc,phases      ] GC(227) Phase 3: Adjust pointers 1.967ms
[104.995s][info][gc,phases,start] GC(227) Phase 4: Move objects
[104.995s][info][gc,phases      ] GC(227) Phase 4: Move objects 0.032ms
[104.995s][info][gc,heap        ] GC(227) DefNew: 44738K(2516544K)->0K(2516544K) Eden: 44738K(2236928K)->0K(2236928K) From: 0K(279616K)->0K(279616K)
[104.995s][info][gc,heap        ] GC(227) Tenured: 1152K(5592448K)->1131K(5592448K)
[104.995s][info][gc,metaspace   ] GC(227) Metaspace: 622K(960K)->616K(960K) NonClass: 577K(768K)->573K(768K) Class: 44K(192K)->42K(192K)
[104.995s][info][gc             ] GC(227) Pause Full (System.gc()) 44M->1M(7918M) 12.718ms
[104.995s][info][gc,cpu         ] GC(227) User=0.01s Sys=0.00s Real=0.02s
[105.449s][info][gc,start       ] GC(228) Pause Full (System.gc())
[105.449s][info][gc,phases,start] GC(228) Phase 1: Mark live objects
[105.456s][info][gc,phases      ] GC(228) Phase 1: Mark live objects 6.626ms
[105.456s][info][gc,phases,start] GC(228) Phase 2: Compute new object addresses
[105.456s][info][gc,phases      ] GC(228) Phase 2: Compute new object addresses 0.767ms
[105.456s][info][gc,phases,start] GC(228) Phase 3: Adjust pointers
[105.458s][info][gc,phases      ] GC(228) Phase 3: Adjust pointers 2.012ms
[105.459s][info][gc,phases,start] GC(228) Phase 4: Move objects
[105.459s][info][gc,phases      ] GC(228) Phase 4: Move objects 0.025ms
[105.459s][info][gc,heap        ] GC(228) DefNew: 44738K(2516544K)->0K(2516544K) Eden: 44738K(2236928K)->0K(2236928K) From: 0K(279616K)->0K(279616K)
[105.459s][info][gc,heap        ] GC(228) Tenured: 1131K(5592448K)->1134K(5592448K)
[105.459s][info][gc,metaspace   ] GC(228) Metaspace: 621K(960K)->618K(960K) NonClass: 576K(768K)->574K(768K) Class: 44K(192K)->43K(192K)
[105.459s][info][gc             ] GC(228) Pause Full (System.gc()) 44M->1M(7918M) 10.133ms
[105.459s][info][gc,cpu         ] GC(228) User=0.01s Sys=0.00s Real=0.01s
[105.916s][info][gc,start       ] GC(229) Pause Full (System.gc())
[105.916s][info][gc,phases,start] GC(229) Phase 1: Mark live objects
[105.922s][info][gc,phases      ] GC(229) Phase 1: Mark live objects 6.299ms
[105.922s][info][gc,phases,start] GC(229) Phase 2: Compute new object addresses
[105.923s][info][gc,phases      ] GC(229) Phase 2: Compute new object addresses 0.735ms
[105.923s][info][gc,phases,start] GC(229) Phase 3: Adjust pointers
[105.925s][info][gc,phases      ] GC(229) Phase 3: Adjust pointers 2.011ms
[105.925s][info][gc,phases,start] GC(229) Phase 4: Move objects
[105.925s][info][gc,phases      ] GC(229) Phase 4: Move objects 0.025ms
[105.925s][info][gc,heap        ] GC(229) DefNew: 44738K(2516544K)->0K(2516544K) Eden: 44738K(2236928K)->0K(2236928K) From: 0K(279616K)->0K(279616K)
[105.925s][info][gc,heap        ] GC(229) Tenured: 1134K(5592448K)->1138K(5592448K)
[105.925s][info][gc,metaspace   ] GC(229) Metaspace: 623K(960K)->619K(960K) NonClass: 577K(768K)->575K(768K) Class: 45K(192K)->44K(192K)
[105.925s][info][gc             ] GC(229) Pause Full (System.gc()) 44M->1M(7918M) 9.739ms
[105.925s][info][gc,cpu         ] GC(229) User=0.01s Sys=0.00s Real=0.01s
[106.382s][info][gc,start       ] GC(230) Pause Full (System.gc())
[106.383s][info][gc,phases,start] GC(230) Phase 1: Mark live objects
[106.388s][info][gc,phases      ] GC(230) Phase 1: Mark live objects 5.022ms
[106.388s][info][gc,phases,start] GC(230) Phase 2: Compute new object addresses
[106.389s][info][gc,phases      ] GC(230) Phase 2: Compute new object addresses 0.764ms
[106.389s][info][gc,phases,start] GC(230) Phase 3: Adjust pointers
[106.391s][info][gc,phases      ] GC(230) Phase 3: Adjust pointers 1.942ms
[106.391s][info][gc,phases,start] GC(230) Phase 4: Move objects
[106.391s][info][gc,phases      ] GC(230) Phase 4: Move objects 0.026ms
[106.391s][info][gc,heap        ] GC(230) DefNew: 44738K(2516544K)->0K(2516544K) Eden: 44738K(2236928K)->0K(2236928K) From: 0K(279616K)->0K(279616K)
[106.391s][info][gc,heap        ] GC(230) Tenured: 1138K(5592448K)->1141K(5592448K)
[106.391s][info][gc,metaspace   ] GC(230) Metaspace: 624K(960K)->624K(960K) NonClass: 578K(768K)->578K(768K) Class: 46K(192K)->46K(192K)
[106.391s][info][gc             ] GC(230) Pause Full (System.gc()) 44M->1M(7918M) 8.473ms
[106.391s][info][gc,cpu         ] GC(230) User=0.01s Sys=0.00s Real=0.01s
[106.845s][info][gc,start       ] GC(231) Pause Full (System.gc())
[106.846s][info][gc,phases,start] GC(231) Phase 1: Mark live objects
[106.849s][info][gc,phases      ] GC(231) Phase 1: Mark live objects 3.592ms
[106.849s][info][gc,phases,start] GC(231) Phase 2: Compute new object addresses
[106.850s][info][gc,phases      ] GC(231) Phase 2: Compute new object addresses 0.373ms
[106.850s][info][gc,phases,start] GC(231) Phase 3: Adjust pointers
[106.851s][info][gc,phases      ] GC(231) Phase 3: Adjust pointers 1.063ms
[106.851s][info][gc,phases,start] GC(231) Phase 4: Move objects
[106.851s][info][gc,phases      ] GC(231) Phase 4: Move objects 0.016ms
[106.851s][info][gc,heap        ] GC(231) DefNew: 44738K(2516544K)->0K(2516544K) Eden: 44738K(2236928K)->0K(2236928K) From: 0K(279616K)->0K(279616K)
[106.851s][info][gc,heap        ] GC(231) Tenured: 1141K(5592448K)->1139K(5592448K)
[106.851s][info][gc,metaspace   ] GC(231) Metaspace: 629K(960K)->629K(960K) NonClass: 581K(768K)->581K(768K) Class: 47K(192K)->47K(192K)
[106.851s][info][gc             ] GC(231) Pause Full (System.gc()) 44M->1M(7918M) 5.531ms
[106.851s][info][gc,cpu         ] GC(231) User=0.00s Sys=0.00s Real=0.00s
[107.306s][info][gc,start       ] GC(232) Pause Full (System.gc())
[107.306s][info][gc,phases,start] GC(232) Phase 1: Mark live objects
[107.313s][info][gc,phases      ] GC(232) Phase 1: Mark live objects 6.411ms
[107.313s][info][gc,phases,start] GC(232) Phase 2: Compute new object addresses
[107.313s][info][gc,phases      ] GC(232) Phase 2: Compute new object addresses 0.762ms
[107.313s][info][gc,phases,start] GC(232) Phase 3: Adjust pointers
[107.316s][info][gc,phases      ] GC(232) Phase 3: Adjust pointers 2.297ms
[107.316s][info][gc,phases,start] GC(232) Phase 4: Move objects
[107.316s][info][gc,phases      ] GC(232) Phase 4: Move objects 0.079ms
[107.316s][info][gc,heap        ] GC(232) DefNew: 44738K(2516544K)->0K(2516544K) Eden: 44738K(2236928K)->0K(2236928K) From: 0K(279616K)->0K(279616K)
[107.316s][info][gc,heap        ] GC(232) Tenured: 1139K(5592448K)->1142K(5592448K)
[107.316s][info][gc,metaspace   ] GC(232) Metaspace: 634K(960K)->632K(960K) NonClass: 585K(768K)->583K(768K) Class: 49K(192K)->48K(192K)
[107.316s][info][gc             ] GC(232) Pause Full (System.gc()) 44M->1M(7918M) 10.158ms
[107.316s][info][gc,cpu         ] GC(232) User=0.01s Sys=0.00s Real=0.01s
[107.772s][info][gc,start       ] GC(233) Pause Full (System.gc())
[107.772s][info][gc,phases,start] GC(233) Phase 1: Mark live objects
[107.777s][info][gc,phases      ] GC(233) Phase 1: Mark live objects 4.683ms
[107.777s][info][gc,phases,start] GC(233) Phase 2: Compute new object addresses
[107.777s][info][gc,phases      ] GC(233) Phase 2: Compute new object addresses 0.327ms
[107.777s][info][gc,phases,start] GC(233) Phase 3: Adjust pointers
[107.778s][info][gc,phases      ] GC(233) Phase 3: Adjust pointers 0.970ms
[107.778s][info][gc,phases,start] GC(233) Phase 4: Move objects
[107.778s][info][gc,phases      ] GC(233) Phase 4: Move objects 0.017ms
[107.779s][info][gc,heap        ] GC(233) DefNew: 44738K(2516544K)->0K(2516544K) Eden: 44738K(2236928K)->0K(2236928K) From: 0K(279616K)->0K(279616K)
[107.779s][info][gc,heap        ] GC(233) Tenured: 1142K(5592448K)->1145K(5592448K)
[107.779s][info][gc,metaspace   ] GC(233) Metaspace: 637K(960K)->636K(960K) NonClass: 587K(768K)->586K(768K) Class: 49K(192K)->49K(192K)
[107.779s][info][gc             ] GC(233) Pause Full (System.gc()) 44M->1M(7918M) 6.522ms
[107.779s][info][gc,cpu         ] GC(233) User=0.00s Sys=0.00s Real=0.01s
[108.236s][info][gc,start       ] GC(234) Pause Full (System.gc())
[108.236s][info][gc,phases,start] GC(234) Phase 1: Mark live objects
[108.240s][info][gc,phases      ] GC(234) Phase 1: Mark live objects 3.533ms
[108.240s][info][gc,phases,start] GC(234) Phase 2: Compute new object addresses
[108.240s][info][gc,phases      ] GC(234) Phase 2: Compute new object addresses 0.331ms
[108.240s][info][gc,phases,start] GC(234) Phase 3: Adjust pointers
[108.241s][info][gc,phases      ] GC(234) Phase 3: Adjust pointers 1.108ms
[108.241s][info][gc,phases,start] GC(234) Phase 4: Move objects
[108.241s][info][gc,phases      ] GC(234) Phase 4: Move objects 0.016ms
[108.241s][info][gc,heap        ] GC(234) DefNew: 44738K(2516544K)->0K(2516544K) Eden: 44738K(2236928K)->0K(2236928K) From: 0K(279616K)->0K(279616K)
[108.241s][info][gc,heap        ] GC(234) Tenured: 1145K(5592448K)->1148K(5592448K)
[108.241s][info][gc,metaspace   ] GC(234) Metaspace: 641K(960K)->641K(960K) NonClass: 590K(768K)->590K(768K) Class: 51K(192K)->51K(192K)
[108.241s][info][gc             ] GC(234) Pause Full (System.gc()) 44M->1M(7918M) 5.496ms
[108.241s][info][gc,cpu         ] GC(234) User=0.00s Sys=0.00s Real=0.00s
[108.698s][info][gc,start       ] GC(235) Pause Full (System.gc())
[108.698s][info][gc,phases,start] GC(235) Phase 1: Mark live objects
[108.702s][info][gc,phases      ] GC(235) Phase 1: Mark live objects 3.602ms
[108.702s][info][gc,phases,start] GC(235) Phase 2: Compute new object addresses
[108.702s][info][gc,phases      ] GC(235) Phase 2: Compute new object addresses 0.533ms
[108.702s][info][gc,phases,start] GC(235) Phase 3: Adjust pointers
[108.704s][info][gc,phases      ] GC(235) Phase 3: Adjust pointers 1.464ms
[108.704s][info][gc,phases,start] GC(235) Phase 4: Move objects
[108.704s][info][gc,phases      ] GC(235) Phase 4: Move objects 0.028ms
[108.704s][info][gc,heap        ] GC(235) DefNew: 44738K(2516544K)->0K(2516544K) Eden: 44738K(2236928K)->0K(2236928K) From: 0K(279616K)->0K(279616K)
[108.704s][info][gc,heap        ] GC(235) Tenured: 1148K(5592448K)->1147K(5592448K)
[108.704s][info][gc,metaspace   ] GC(235) Metaspace: 646K(960K)->646K(960K) NonClass: 593K(768K)->593K(768K) Class: 52K(192K)->52K(192K)
[108.704s][info][gc             ] GC(235) Pause Full (System.gc()) 44M->1M(7918M) 6.107ms
[108.704s][info][gc,cpu         ] GC(235) User=0.01s Sys=0.00s Real=0.01s
[109.159s][info][gc,start       ] GC(236) Pause Full (System.gc())
[109.159s][info][gc,phases,start] GC(236) Phase 1: Mark live objects
[109.165s][info][gc,phases      ] GC(236) Phase 1: Mark live objects 6.279ms
[109.166s][info][gc,phases,start] GC(236) Phase 2: Compute new object addresses
[109.166s][info][gc,phases      ] GC(236) Phase 2: Compute new object addresses 0.923ms
[109.167s][info][gc,phases,start] GC(236) Phase 3: Adjust pointers
[109.169s][info][gc,phases      ] GC(236) Phase 3: Adjust pointers 2.223ms
[109.169s][info][gc,phases,start] GC(236) Phase 4: Move objects
[109.169s][info][gc,phases      ] GC(236) Phase 4: Move objects 0.019ms
[109.169s][info][gc,heap        ] GC(236) DefNew: 44738K(2516544K)->0K(2516544K) Eden: 44738K(2236928K)->0K(2236928K) From: 0K(279616K)->0K(279616K)
[109.169s][info][gc,heap        ] GC(236) Tenured: 1147K(5592448K)->1150K(5592448K)
[109.169s][info][gc,metaspace   ] GC(236) Metaspace: 651K(960K)->648K(960K) NonClass: 596K(768K)->595K(768K) Class: 54K(192K)->53K(192K)
[109.169s][info][gc             ] GC(236) Pause Full (System.gc()) 44M->1M(7918M) 10.094ms
[109.169s][info][gc,cpu         ] GC(236) User=0.01s Sys=0.00s Real=0.01s
[109.621s][info][gc,start       ] GC(237) Pause Full (System.gc())
[109.621s][info][gc,phases,start] GC(237) Phase 1: Mark live objects
[109.627s][info][gc,phases      ] GC(237) Phase 1: Mark live objects 5.778ms
[109.627s][info][gc,phases,start] GC(237) Phase 2: Compute new object addresses
[109.628s][info][gc,phases      ] GC(237) Phase 2: Compute new object addresses 0.773ms
[109.628s][info][gc,phases,start] GC(237) Phase 3: Adjust pointers
[109.630s][info][gc,phases      ] GC(237) Phase 3: Adjust pointers 1.960ms
[109.630s][info][gc,phases,start] GC(237) Phase 4: Move objects
[109.630s][info][gc,phases      ] GC(237) Phase 4: Move objects 0.029ms
[109.630s][info][gc,heap        ] GC(237) DefNew: 44738K(2516544K)->0K(2516544K) Eden: 44738K(2236928K)->0K(2236928K) From: 0K(279616K)->0K(279616K)
[109.630s][info][gc,heap        ] GC(237) Tenured: 1150K(5592448K)->1153K(5592448K)
[109.630s][info][gc,metaspace   ] GC(237) Metaspace: 653K(960K)->634K(960K) NonClass: 598K(768K)->583K(768K) Class: 54K(192K)->50K(192K)
[109.631s][info][gc             ] GC(237) Pause Full (System.gc()) 44M->1M(7918M) 9.209ms
[109.631s][info][gc,cpu         ] GC(237) User=0.01s Sys=0.00s Real=0.01s
[110.085s][info][gc,start       ] GC(238) Pause Full (System.gc())
[110.085s][info][gc,phases,start] GC(238) Phase 1: Mark live objects
[110.092s][info][gc,phases      ] GC(238) Phase 1: Mark live objects 6.343ms
[110.092s][info][gc,phases,start] GC(238) Phase 2: Compute new object addresses
[110.092s][info][gc,phases      ] GC(238) Phase 2: Compute new object addresses 0.566ms
[110.092s][info][gc,phases,start] GC(238) Phase 3: Adjust pointers
[110.094s][info][gc,phases      ] GC(238) Phase 3: Adjust pointers 1.545ms
[110.094s][info][gc,phases,start] GC(238) Phase 4: Move objects
[110.094s][info][gc,phases      ] GC(238) Phase 4: Move objects 0.020ms
[110.094s][info][gc,heap        ] GC(238) DefNew: 44738K(2516544K)->0K(2516544K) Eden: 44738K(2236928K)->0K(2236928K) From: 0K(279616K)->0K(279616K)
[110.094s][info][gc,heap        ] GC(238) Tenured: 1153K(5592448K)->1156K(5592448K)
[110.094s][info][gc,metaspace   ] GC(238) Metaspace: 639K(960K)->635K(960K) NonClass: 587K(768K)->584K(768K) Class: 52K(192K)->51K(192K)
[110.094s][info][gc             ] GC(238) Pause Full (System.gc()) 44M->1M(7918M) 9.091ms
[110.094s][info][gc,cpu         ] GC(238) User=0.01s Sys=0.00s Real=0.01s
[110.549s][info][gc,start       ] GC(239) Pause Full (System.gc())
[110.549s][info][gc,phases,start] GC(239) Phase 1: Mark live objects
[110.554s][info][gc,phases      ] GC(239) Phase 1: Mark live objects 5.145ms
[110.554s][info][gc,phases,start] GC(239) Phase 2: Compute new object addresses
[110.555s][info][gc,phases      ] GC(239) Phase 2: Compute new object addresses 0.746ms
[110.555s][info][gc,phases,start] GC(239) Phase 3: Adjust pointers
[110.557s][info][gc,phases      ] GC(239) Phase 3: Adjust pointers 1.953ms
[110.557s][info][gc,phases,start] GC(239) Phase 4: Move objects
[110.557s][info][gc,phases      ] GC(239) Phase 4: Move objects 0.034ms
[110.557s][info][gc,heap        ] GC(239) DefNew: 44738K(2516544K)->0K(2516544K) Eden: 44738K(2236928K)->0K(2236928K) From: 0K(279616K)->0K(279616K)
[110.557s][info][gc,heap        ] GC(239) Tenured: 1156K(5592448K)->1145K(5592448K)
[110.557s][info][gc,metaspace   ] GC(239) Metaspace: 640K(960K)->640K(960K) NonClass: 588K(768K)->588K(768K) Class: 52K(192K)->52K(192K)
[110.557s][info][gc             ] GC(239) Pause Full (System.gc()) 44M->1M(7918M) 8.531ms
[110.557s][info][gc,cpu         ] GC(239) User=0.01s Sys=0.00s Real=0.01s
[111.010s][info][gc,start       ] GC(240) Pause Full (System.gc())
[111.010s][info][gc,phases,start] GC(240) Phase 1: Mark live objects
[111.015s][info][gc,phases      ] GC(240) Phase 1: Mark live objects 4.805ms
[111.015s][info][gc,phases,start] GC(240) Phase 2: Compute new object addresses
[111.016s][info][gc,phases      ] GC(240) Phase 2: Compute new object addresses 0.785ms
[111.016s][info][gc,phases,start] GC(240) Phase 3: Adjust pointers
[111.018s][info][gc,phases      ] GC(240) Phase 3: Adjust pointers 2.099ms
[111.018s][info][gc,phases,start] GC(240) Phase 4: Move objects
[111.018s][info][gc,phases      ] GC(240) Phase 4: Move objects 0.032ms
[111.019s][info][gc,heap        ] GC(240) DefNew: 44738K(2516544K)->0K(2516544K) Eden: 44738K(2236928K)->0K(2236928K) From: 0K(279616K)->0K(279616K)
[111.019s][info][gc,heap        ] GC(240) Tenured: 1145K(5592448K)->1148K(5592448K)
[111.019s][info][gc,metaspace   ] GC(240) Metaspace: 645K(960K)->645K(960K) NonClass: 591K(768K)->591K(768K) Class: 54K(192K)->54K(192K)
[111.019s][info][gc             ] GC(240) Pause Full (System.gc()) 44M->1M(7918M) 8.430ms
[111.019s][info][gc,cpu         ] GC(240) User=0.01s Sys=0.00s Real=0.01s
[111.476s][info][gc,start       ] GC(241) Pause Full (System.gc())
[111.476s][info][gc,phases,start] GC(241) Phase 1: Mark live objects
[111.482s][info][gc,phases      ] GC(241) Phase 1: Mark live objects 5.680ms
[111.482s][info][gc,phases,start] GC(241) Phase 2: Compute new object addresses
[111.483s][info][gc,phases      ] GC(241) Phase 2: Compute new object addresses 0.744ms
[111.483s][info][gc,phases,start] GC(241) Phase 3: Adjust pointers
[111.485s][info][gc,phases      ] GC(241) Phase 3: Adjust pointers 1.987ms
[111.485s][info][gc,phases,start] GC(241) Phase 4: Move objects
[111.485s][info][gc,phases      ] GC(241) Phase 4: Move objects 0.026ms
[111.486s][info][gc,heap        ] GC(241) DefNew: 44738K(2516544K)->0K(2516544K) Eden: 44738K(2236928K)->0K(2236928K) From: 0K(279616K)->0K(279616K)
[111.486s][info][gc,heap        ] GC(241) Tenured: 1148K(5592448K)->1151K(5592448K)
[111.486s][info][gc,metaspace   ] GC(241) Metaspace: 650K(960K)->605K(896K) NonClass: 594K(768K)->568K(704K) Class: 56K(192K)->37K(192K)
[111.486s][info][gc             ] GC(241) Pause Full (System.gc()) 44M->1M(7918M) 9.446ms
[111.486s][info][gc,cpu         ] GC(241) User=0.01s Sys=0.00s Real=0.01s
[111.943s][info][gc,start       ] GC(242) Pause Full (System.gc())
[111.944s][info][gc,phases,start] GC(242) Phase 1: Mark live objects
[111.949s][info][gc,phases      ] GC(242) Phase 1: Mark live objects 5.816ms
[111.950s][info][gc,phases,start] GC(242) Phase 2: Compute new object addresses
[111.950s][info][gc,phases      ] GC(242) Phase 2: Compute new object addresses 0.592ms
[111.950s][info][gc,phases,start] GC(242) Phase 3: Adjust pointers
[111.952s][info][gc,phases      ] GC(242) Phase 3: Adjust pointers 1.496ms
[111.952s][info][gc,phases,start] GC(242) Phase 4: Move objects
[111.952s][info][gc,phases      ] GC(242) Phase 4: Move objects 0.029ms
[111.952s][info][gc,heap        ] GC(242) DefNew: 44738K(2516544K)->0K(2516544K) Eden: 44738K(2236928K)->0K(2236928K) From: 0K(279616K)->0K(279616K)
[111.952s][info][gc,heap        ] GC(242) Tenured: 1151K(5592448K)->1154K(5592448K)
[111.952s][info][gc,metaspace   ] GC(242) Metaspace: 610K(896K)->607K(896K) NonClass: 571K(704K)->570K(704K) Class: 38K(192K)->37K(192K)
[111.952s][info][gc             ] GC(242) Pause Full (System.gc()) 44M->1M(7918M) 8.694ms
[111.952s][info][gc,cpu         ] GC(242) User=0.01s Sys=0.00s Real=0.00s
[112.406s][info][gc,start       ] GC(243) Pause Full (System.gc())
[112.406s][info][gc,phases,start] GC(243) Phase 1: Mark live objects
[112.412s][info][gc,phases      ] GC(243) Phase 1: Mark live objects 5.490ms
[112.412s][info][gc,phases,start] GC(243) Phase 2: Compute new object addresses
[112.412s][info][gc,phases      ] GC(243) Phase 2: Compute new object addresses 0.578ms
[112.412s][info][gc,phases,start] GC(243) Phase 3: Adjust pointers
[112.414s][info][gc,phases      ] GC(243) Phase 3: Adjust pointers 1.309ms
[112.414s][info][gc,phases,start] GC(243) Phase 4: Move objects
[112.414s][info][gc,phases      ] GC(243) Phase 4: Move objects 0.023ms
[112.414s][info][gc,heap        ] GC(243) DefNew: 44738K(2516544K)->0K(2516544K) Eden: 44738K(2236928K)->0K(2236928K) From: 0K(279616K)->0K(279616K)
[112.414s][info][gc,heap        ] GC(243) Tenured: 1154K(5592448K)->1128K(5592448K)
[112.414s][info][gc,metaspace   ] GC(243) Metaspace: 612K(896K)->611K(896K) NonClass: 573K(704K)->572K(704K) Class: 39K(192K)->38K(192K)
[112.414s][info][gc             ] GC(243) Pause Full (System.gc()) 44M->1M(7918M) 8.083ms
[112.414s][info][gc,cpu         ] GC(243) User=0.01s Sys=0.00s Real=0.01s
[112.867s][info][gc,start       ] GC(244) Pause Full (System.gc())
[112.867s][info][gc,phases,start] GC(244) Phase 1: Mark live objects
[112.873s][info][gc,phases      ] GC(244) Phase 1: Mark live objects 6.227ms
[112.874s][info][gc,phases,start] GC(244) Phase 2: Compute new object addresses
[112.874s][info][gc,phases      ] GC(244) Phase 2: Compute new object addresses 0.737ms
[112.874s][info][gc,phases,start] GC(244) Phase 3: Adjust pointers
[112.876s][info][gc,phases      ] GC(244) Phase 3: Adjust pointers 1.902ms
[112.876s][info][gc,phases,start] GC(244) Phase 4: Move objects
[112.876s][info][gc,phases      ] GC(244) Phase 4: Move objects 0.026ms
[112.877s][info][gc,heap        ] GC(244) DefNew: 44738K(2516544K)->0K(2516544K) Eden: 44738K(2236928K)->0K(2236928K) From: 0K(279616K)->0K(279616K)
[112.877s][info][gc,heap        ] GC(244) Tenured: 1128K(5592448K)->1131K(5592448K)
[112.877s][info][gc,metaspace   ] GC(244) Metaspace: 616K(896K)->615K(896K) NonClass: 576K(704K)->575K(704K) Class: 40K(192K)->39K(192K)
[112.877s][info][gc             ] GC(244) Pause Full (System.gc()) 44M->1M(7918M) 9.708ms
[112.877s][info][gc,cpu         ] GC(244) User=0.01s Sys=0.00s Real=0.01s
[113.334s][info][gc,start       ] GC(245) Pause Full (System.gc())
[113.334s][info][gc,phases,start] GC(245) Phase 1: Mark live objects
[113.340s][info][gc,phases      ] GC(245) Phase 1: Mark live objects 6.163ms
[113.340s][info][gc,phases,start] GC(245) Phase 2: Compute new object addresses
[113.341s][info][gc,phases      ] GC(245) Phase 2: Compute new object addresses 0.825ms
[113.341s][info][gc,phases,start] GC(245) Phase 3: Adjust pointers
[113.343s][info][gc,phases      ] GC(245) Phase 3: Adjust pointers 1.748ms
[113.343s][info][gc,phases,start] GC(245) Phase 4: Move objects
[113.343s][info][gc,phases      ] GC(245) Phase 4: Move objects 0.027ms
[113.343s][info][gc,heap        ] GC(245) DefNew: 44738K(2516544K)->0K(2516544K) Eden: 44738K(2236928K)->0K(2236928K) From: 0K(279616K)->0K(279616K)
[113.343s][info][gc,heap        ] GC(245) Tenured: 1131K(5592448K)->1134K(5592448K)
[113.343s][info][gc,metaspace   ] GC(245) Metaspace: 620K(896K)->603K(896K) NonClass: 578K(704K)->566K(704K) Class: 41K(192K)->37K(192K)
[113.343s][info][gc             ] GC(245) Pause Full (System.gc()) 44M->1M(7918M) 9.537ms
[113.343s][info][gc,cpu         ] GC(245) User=0.01s Sys=0.00s Real=0.01s
[113.796s][info][gc,start       ] GC(246) Pause Full (System.gc())
[113.796s][info][gc,phases,start] GC(246) Phase 1: Mark live objects
[113.802s][info][gc,phases      ] GC(246) Phase 1: Mark live objects 6.104ms
[113.802s][info][gc,phases,start] GC(246) Phase 2: Compute new object addresses
[113.803s][info][gc,phases      ] GC(246) Phase 2: Compute new object addresses 0.631ms
[113.803s][info][gc,phases,start] GC(246) Phase 3: Adjust pointers
[113.805s][info][gc,phases      ] GC(246) Phase 3: Adjust pointers 1.850ms
[113.805s][info][gc,phases,start] GC(246) Phase 4: Move objects
[113.805s][info][gc,phases      ] GC(246) Phase 4: Move objects 0.026ms
[113.805s][info][gc,heap        ] GC(246) DefNew: 44738K(2516544K)->0K(2516544K) Eden: 44738K(2236928K)->0K(2236928K) From: 0K(279616K)->0K(279616K)
[113.805s][info][gc,heap        ] GC(246) Tenured: 1134K(5592448K)->1137K(5592448K)
[113.805s][info][gc,metaspace   ] GC(246) Metaspace: 608K(896K)->605K(896K) NonClass: 569K(704K)->567K(704K) Class: 39K(192K)->38K(192K)
[113.805s][info][gc             ] GC(246) Pause Full (System.gc()) 44M->1M(7918M) 9.279ms
[113.805s][info][gc,cpu         ] GC(246) User=0.00s Sys=0.00s Real=0.01s
[114.263s][info][gc,start       ] GC(247) Pause Full (System.gc())
[114.263s][info][gc,phases,start] GC(247) Phase 1: Mark live objects
[114.268s][info][gc,phases      ] GC(247) Phase 1: Mark live objects 4.907ms
[114.268s][info][gc,phases,start] GC(247) Phase 2: Compute new object addresses
[114.268s][info][gc,phases      ] GC(247) Phase 2: Compute new object addresses 0.737ms
[114.268s][info][gc,phases,start] GC(247) Phase 3: Adjust pointers
[114.270s][info][gc,phases      ] GC(247) Phase 3: Adjust pointers 1.923ms
[114.270s][info][gc,phases,start] GC(247) Phase 4: Move objects
[114.270s][info][gc,phases      ] GC(247) Phase 4: Move objects 0.030ms
[114.271s][info][gc,heap        ] GC(247) DefNew: 44738K(2516544K)->0K(2516544K) Eden: 44738K(2236928K)->0K(2236928K) From: 0K(279616K)->0K(279616K)
[114.271s][info][gc,heap        ] GC(247) Tenured: 1137K(5592448K)->1129K(5592448K)
[114.271s][info][gc,metaspace   ] GC(247) Metaspace: 610K(896K)->610K(896K) NonClass: 570K(704K)->570K(704K) Class: 40K(192K)->40K(192K)
[114.271s][info][gc             ] GC(247) Pause Full (System.gc()) 44M->1M(7918M) 8.255ms
[114.271s][info][gc,cpu         ] GC(247) User=0.00s Sys=0.01s Real=0.00s
[114.728s][info][gc,start       ] GC(248) Pause Full (System.gc())
[114.728s][info][gc,phases,start] GC(248) Phase 1: Mark live objects
[114.733s][info][gc,phases      ] GC(248) Phase 1: Mark live objects 4.865ms
[114.733s][info][gc,phases,start] GC(248) Phase 2: Compute new object addresses
[114.734s][info][gc,phases      ] GC(248) Phase 2: Compute new object addresses 0.737ms
[114.734s][info][gc,phases,start] GC(248) Phase 3: Adjust pointers
[114.736s][info][gc,phases      ] GC(248) Phase 3: Adjust pointers 1.899ms
[114.736s][info][gc,phases,start] GC(248) Phase 4: Move objects
[114.736s][info][gc,phases      ] GC(248) Phase 4: Move objects 0.025ms
[114.736s][info][gc,heap        ] GC(248) DefNew: 44738K(2516544K)->0K(2516544K) Eden: 44738K(2236928K)->0K(2236928K) From: 0K(279616K)->0K(279616K)
[114.736s][info][gc,heap        ] GC(248) Tenured: 1129K(5592448K)->1132K(5592448K)
[114.736s][info][gc,metaspace   ] GC(248) Metaspace: 615K(896K)->615K(896K) NonClass: 573K(704K)->573K(704K) Class: 41K(192K)->41K(192K)
[114.736s][info][gc             ] GC(248) Pause Full (System.gc()) 44M->1M(7918M) 8.109ms
[114.736s][info][gc,cpu         ] GC(248) User=0.00s Sys=0.00s Real=0.01s
[115.193s][info][gc,start       ] GC(249) Pause Full (System.gc())
[115.193s][info][gc,phases,start] GC(249) Phase 1: Mark live objects
[115.198s][info][gc,phases      ] GC(249) Phase 1: Mark live objects 4.772ms
[115.198s][info][gc,phases,start] GC(249) Phase 2: Compute new object addresses
[115.199s][info][gc,phases      ] GC(249) Phase 2: Compute new object addresses 0.730ms
[115.199s][info][gc,phases,start] GC(249) Phase 3: Adjust pointers
[115.200s][info][gc,phases      ] GC(249) Phase 3: Adjust pointers 1.621ms
[115.200s][info][gc,phases,start] GC(249) Phase 4: Move objects
[115.200s][info][gc,phases      ] GC(249) Phase 4: Move objects 0.019ms
[115.200s][info][gc,heap        ] GC(249) DefNew: 44738K(2516544K)->0K(2516544K) Eden: 44738K(2236928K)->0K(2236928K) From: 0K(279616K)->0K(279616K)
[115.200s][info][gc,heap        ] GC(249) Tenured: 1132K(5592448K)->1135K(5592448K)
[115.200s][info][gc,metaspace   ] GC(249) Metaspace: 620K(896K)->620K(896K) NonClass: 576K(704K)->576K(704K) Class: 43K(192K)->43K(192K)
[115.200s][info][gc             ] GC(249) Pause Full (System.gc()) 44M->1M(7918M) 7.645ms
[115.200s][info][gc,cpu         ] GC(249) User=0.00s Sys=0.00s Real=0.00s
[115.658s][info][gc,start       ] GC(250) Pause Full (System.gc())
[115.658s][info][gc,phases,start] GC(250) Phase 1: Mark live objects
[115.664s][info][gc,phases      ] GC(250) Phase 1: Mark live objects 6.258ms
[115.665s][info][gc,phases,start] GC(250) Phase 2: Compute new object addresses
[115.665s][info][gc,phases      ] GC(250) Phase 2: Compute new object addresses 0.729ms
[115.665s][info][gc,phases,start] GC(250) Phase 3: Adjust pointers
[115.667s][info][gc,phases      ] GC(250) Phase 3: Adjust pointers 1.958ms
[115.667s][info][gc,phases,start] GC(250) Phase 4: Move objects
[115.667s][info][gc,phases      ] GC(250) Phase 4: Move objects 0.024ms
[115.668s][info][gc,heap        ] GC(250) DefNew: 44738K(2516544K)->0K(2516544K) Eden: 44738K(2236928K)->0K(2236928K) From: 0K(279616K)->0K(279616K)
[115.668s][info][gc,heap        ] GC(250) Tenured: 1135K(5592448K)->1138K(5592448K)
[115.668s][info][gc,metaspace   ] GC(250) Metaspace: 625K(896K)->621K(896K) NonClass: 580K(704K)->578K(704K) Class: 45K(192K)->43K(192K)
[115.668s][info][gc             ] GC(250) Pause Full (System.gc()) 44M->1M(7918M) 9.604ms
[115.668s][info][gc,cpu         ] GC(250) User=0.00s Sys=0.00s Real=0.01s
[116.125s][info][gc,start       ] GC(251) Pause Full (System.gc())
[116.125s][info][gc,phases,start] GC(251) Phase 1: Mark live objects
[116.132s][info][gc,phases      ] GC(251) Phase 1: Mark live objects 6.139ms
[116.132s][info][gc,phases,start] GC(251) Phase 2: Compute new object addresses
[116.132s][info][gc,phases      ] GC(251) Phase 2: Compute new object addresses 0.732ms
[116.132s][info][gc,phases,start] GC(251) Phase 3: Adjust pointers
[116.134s][info][gc,phases      ] GC(251) Phase 3: Adjust pointers 1.676ms
[116.134s][info][gc,phases,start] GC(251) Phase 4: Move objects
[116.134s][info][gc,phases      ] GC(251) Phase 4: Move objects 0.022ms
[116.134s][info][gc,heap        ] GC(251) DefNew: 44738K(2516544K)->0K(2516544K) Eden: 44738K(2236928K)->0K(2236928K) From: 0K(279616K)->0K(279616K)
[116.134s][info][gc,heap        ] GC(251) Tenured: 1138K(5592448K)->1135K(5592448K)
[116.134s][info][gc,metaspace   ] GC(251) Metaspace: 626K(896K)->625K(896K) NonClass: 581K(704K)->581K(704K) Class: 45K(192K)->44K(192K)
[116.134s][info][gc             ] GC(251) Pause Full (System.gc()) 44M->1M(7918M) 9.176ms
[116.134s][info][gc,cpu         ] GC(251) User=0.01s Sys=0.00s Real=0.01s
[116.589s][info][gc,start       ] GC(252) Pause Full (System.gc())
[116.589s][info][gc,phases,start] GC(252) Phase 1: Mark live objects
[116.593s][info][gc,phases      ] GC(252) Phase 1: Mark live objects 4.212ms
[116.593s][info][gc,phases,start] GC(252) Phase 2: Compute new object addresses
[116.594s][info][gc,phases      ] GC(252) Phase 2: Compute new object addresses 0.539ms
[116.594s][info][gc,phases,start] GC(252) Phase 3: Adjust pointers
[116.595s][info][gc,phases      ] GC(252) Phase 3: Adjust pointers 1.217ms
[116.595s][info][gc,phases,start] GC(252) Phase 4: Move objects
[116.595s][info][gc,phases      ] GC(252) Phase 4: Move objects 0.031ms
[116.595s][info][gc,heap        ] GC(252) DefNew: 44738K(2516544K)->0K(2516544K) Eden: 44738K(2236928K)->0K(2236928K) From: 0K(279616K)->0K(279616K)
[116.595s][info][gc,heap        ] GC(252) Tenured: 1135K(5592448K)->1138K(5592448K)
[116.595s][info][gc,metaspace   ] GC(252) Metaspace: 630K(896K)->630K(896K) NonClass: 584K(704K)->584K(704K) Class: 46K(192K)->46K(192K)
[116.595s][info][gc             ] GC(252) Pause Full (System.gc()) 44M->1M(7918M) 6.429ms
[116.595s][info][gc,cpu         ] GC(252) User=0.01s Sys=0.00s Real=0.01s
[117.053s][info][gc,start       ] GC(253) Pause Full (System.gc())
[117.053s][info][gc,phases,start] GC(253) Phase 1: Mark live objects
[117.056s][info][gc,phases      ] GC(253) Phase 1: Mark live objects 3.546ms
[117.056s][info][gc,phases,start] GC(253) Phase 2: Compute new object addresses
[117.057s][info][gc,phases      ] GC(253) Phase 2: Compute new object addresses 0.350ms
[117.057s][info][gc,phases,start] GC(253) Phase 3: Adjust pointers
[117.058s][info][gc,phases      ] GC(253) Phase 3: Adjust pointers 1.091ms
[117.058s][info][gc,phases,start] GC(253) Phase 4: Move objects
[117.058s][info][gc,phases      ] GC(253) Phase 4: Move objects 0.018ms
[117.058s][info][gc,heap        ] GC(253) DefNew: 44738K(2516544K)->0K(2516544K) Eden: 44738K(2236928K)->0K(2236928K) From: 0K(279616K)->0K(279616K)
[117.058s][info][gc,heap        ] GC(253) Tenured: 1138K(5592448K)->1141K(5592448K)
[117.058s][info][gc,metaspace   ] GC(253) Metaspace: 635K(896K)->635K(896K) NonClass: 587K(704K)->587K(704K) Class: 48K(192K)->48K(192K)
[117.058s][info][gc             ] GC(253) Pause Full (System.gc()) 44M->1M(7918M) 5.478ms
[117.058s][info][gc,cpu         ] GC(253) User=0.01s Sys=0.00s Real=0.00s
[117.514s][info][gc,start       ] GC(254) Pause Full (System.gc())
[117.514s][info][gc,phases,start] GC(254) Phase 1: Mark live objects
[117.517s][info][gc,phases      ] GC(254) Phase 1: Mark live objects 3.380ms
[117.517s][info][gc,phases,start] GC(254) Phase 2: Compute new object addresses
[117.518s][info][gc,phases      ] GC(254) Phase 2: Compute new object addresses 0.347ms
[117.518s][info][gc,phases,start] GC(254) Phase 3: Adjust pointers
[117.519s][info][gc,phases      ] GC(254) Phase 3: Adjust pointers 1.010ms
[117.519s][info][gc,phases,start] GC(254) Phase 4: Move objects
[117.519s][info][gc,phases      ] GC(254) Phase 4: Move objects 0.017ms
[117.519s][info][gc,heap        ] GC(254) DefNew: 44738K(2516544K)->0K(2516544K) Eden: 44738K(2236928K)->0K(2236928K) From: 0K(279616K)->0K(279616K)
[117.519s][info][gc,heap        ] GC(254) Tenured: 1141K(5592448K)->1144K(5592448K)
[117.519s][info][gc,metaspace   ] GC(254) Metaspace: 641K(896K)->641K(896K) NonClass: 592K(704K)->592K(704K) Class: 49K(192K)->49K(192K)
[117.519s][info][gc             ] GC(254) Pause Full (System.gc()) 44M->1M(7918M) 5.178ms
[117.519s][info][gc,cpu         ] GC(254) User=0.00s Sys=0.00s Real=0.00s
[117.977s][info][gc,start       ] GC(255) Pause Full (System.gc())
[117.977s][info][gc,phases,start] GC(255) Phase 1: Mark live objects
[117.980s][info][gc,phases      ] GC(255) Phase 1: Mark live objects 3.630ms
[117.980s][info][gc,phases,start] GC(255) Phase 2: Compute new object addresses
[117.981s][info][gc,phases      ] GC(255) Phase 2: Compute new object addresses 0.530ms
[117.981s][info][gc,phases,start] GC(255) Phase 3: Adjust pointers
[117.982s][info][gc,phases      ] GC(255) Phase 3: Adjust pointers 1.318ms
[117.982s][info][gc,phases,start] GC(255) Phase 4: Move objects
[117.982s][info][gc,phases      ] GC(255) Phase 4: Move objects 0.019ms
[117.982s][info][gc,heap        ] GC(255) DefNew: 44738K(2516544K)->0K(2516544K) Eden: 44738K(2236928K)->0K(2236928K) From: 0K(279616K)->0K(279616K)
[117.982s][info][gc,heap        ] GC(255) Tenured: 1144K(5592448K)->1147K(5592448K)
[117.982s][info][gc,metaspace   ] GC(255) Metaspace: 646K(896K)->646K(896K) NonClass: 595K(704K)->595K(704K) Class: 51K(192K)->51K(192K)
[117.982s][info][gc             ] GC(255) Pause Full (System.gc()) 44M->1M(7918M) 5.871ms
[117.982s][info][gc,cpu         ] GC(255) User=0.01s Sys=0.00s Real=0.01s
[118.435s][info][gc,start       ] GC(256) Pause Full (System.gc())
[118.435s][info][gc,phases,start] GC(256) Phase 1: Mark live objects
[118.439s][info][gc,phases      ] GC(256) Phase 1: Mark live objects 3.613ms
[118.439s][info][gc,phases,start] GC(256) Phase 2: Compute new object addresses
[118.439s][info][gc,phases      ] GC(256) Phase 2: Compute new object addresses 0.395ms
[118.439s][info][gc,phases,start] GC(256) Phase 3: Adjust pointers
[118.441s][info][gc,phases      ] GC(256) Phase 3: Adjust pointers 1.390ms
[118.441s][info][gc,phases,start] GC(256) Phase 4: Move objects
[118.441s][info][gc,phases      ] GC(256) Phase 4: Move objects 0.029ms
[118.441s][info][gc,heap        ] GC(256) DefNew: 44738K(2516544K)->0K(2516544K) Eden: 44738K(2236928K)->0K(2236928K) From: 0K(279616K)->0K(279616K)
[118.441s][info][gc,heap        ] GC(256) Tenured: 1147K(5592448K)->1150K(5592448K)
[118.441s][info][gc,metaspace   ] GC(256) Metaspace: 656K(960K)->656K(960K) NonClass: 603K(768K)->603K(768K) Class: 53K(192K)->53K(192K)
[118.441s][info][gc             ] GC(256) Pause Full (System.gc()) 44M->1M(7918M) 6.110ms
[118.441s][info][gc,cpu         ] GC(256) User=0.00s Sys=0.00s Real=0.00s
[118.897s][info][gc,start       ] GC(257) Pause Full (System.gc())
[118.897s][info][gc,phases,start] GC(257) Phase 1: Mark live objects
[118.900s][info][gc,phases      ] GC(257) Phase 1: Mark live objects 3.493ms
[118.900s][info][gc,phases,start] GC(257) Phase 2: Compute new object addresses
[118.901s][info][gc,phases      ] GC(257) Phase 2: Compute new object addresses 0.365ms
[118.901s][info][gc,phases,start] GC(257) Phase 3: Adjust pointers
[118.902s][info][gc,phases      ] GC(257) Phase 3: Adjust pointers 1.305ms
[118.902s][info][gc,phases,start] GC(257) Phase 4: Move objects
[118.902s][info][gc,phases      ] GC(257) Phase 4: Move objects 0.017ms
[118.902s][info][gc,heap        ] GC(257) DefNew: 44738K(2516544K)->0K(2516544K) Eden: 44738K(2236928K)->0K(2236928K) From: 0K(279616K)->0K(279616K)
[118.902s][info][gc,heap        ] GC(257) Tenured: 1150K(5592448K)->1153K(5592448K)
[118.902s][info][gc,metaspace   ] GC(257) Metaspace: 661K(960K)->661K(960K) NonClass: 606K(768K)->606K(768K) Class: 55K(192K)->55K(192K)
[118.902s][info][gc             ] GC(257) Pause Full (System.gc()) 44M->1M(7918M) 5.576ms
[118.902s][info][gc,cpu         ] GC(257) User=0.01s Sys=0.00s Real=0.00s
[119.359s][info][gc,start       ] GC(258) Pause Full (System.gc())
[119.359s][info][gc,phases,start] GC(258) Phase 1: Mark live objects
[119.361s][info][gc,phases      ] GC(258) Phase 1: Mark live objects 2.384ms
[119.361s][info][gc,phases,start] GC(258) Phase 2: Compute new object addresses
[119.361s][info][gc,phases      ] GC(258) Phase 2: Compute new object addresses 0.486ms
[119.361s][info][gc,phases,start] GC(258) Phase 3: Adjust pointers
[119.363s][info][gc,phases      ] GC(258) Phase 3: Adjust pointers 1.098ms
[119.363s][info][gc,phases,start] GC(258) Phase 4: Move objects
[119.363s][info][gc,phases      ] GC(258) Phase 4: Move objects 0.010ms
[119.363s][info][gc,heap        ] GC(258) DefNew: 44738K(2516544K)->0K(2516544K) Eden: 44738K(2236928K)->0K(2236928K) From: 0K(279616K)->0K(279616K)
[119.363s][info][gc,heap        ] GC(258) Tenured: 1153K(5592448K)->1156K(5592448K)
[119.363s][info][gc,metaspace   ] GC(258) Metaspace: 666K(960K)->631K(960K) NonClass: 609K(768K)->590K(768K) Class: 56K(192K)->41K(192K)
[119.363s][info][gc             ] GC(258) Pause Full (System.gc()) 44M->1M(7918M) 4.285ms
[119.363s][info][gc,cpu         ] GC(258) User=0.00s Sys=0.00s Real=0.01s
[119.825s][info][gc,start       ] GC(259) Pause Full (System.gc())
[119.825s][info][gc,phases,start] GC(259) Phase 1: Mark live objects
[119.829s][info][gc,phases      ] GC(259) Phase 1: Mark live objects 3.099ms
[119.829s][info][gc,phases,start] GC(259) Phase 2: Compute new object addresses
[119.829s][info][gc,phases      ] GC(259) Phase 2: Compute new object addresses 0.349ms
[119.829s][info][gc,phases,start] GC(259) Phase 3: Adjust pointers
[119.830s][info][gc,phases      ] GC(259) Phase 3: Adjust pointers 0.909ms
[119.830s][info][gc,phases,start] GC(259) Phase 4: Move objects
[119.830s][info][gc,phases      ] GC(259) Phase 4: Move objects 0.012ms
[119.830s][info][gc,heap        ] GC(259) DefNew: 44738K(2516544K)->0K(2516544K) Eden: 44738K(2236928K)->0K(2236928K) From: 0K(279616K)->0K(279616K)
[119.830s][info][gc,heap        ] GC(259) Tenured: 1156K(5592448K)->1134K(5592448K)
[119.830s][info][gc,metaspace   ] GC(259) Metaspace: 636K(960K)->633K(960K) NonClass: 593K(768K)->591K(768K) Class: 43K(192K)->42K(192K)
[119.830s][info][gc             ] GC(259) Pause Full (System.gc()) 44M->1M(7918M) 4.688ms
[119.830s][info][gc,cpu         ] GC(259) User=0.00s Sys=0.00s Real=0.00s
[120.284s][info][gc,start       ] GC(260) Pause Full (System.gc())
[120.284s][info][gc,phases,start] GC(260) Phase 1: Mark live objects
[120.286s][info][gc,phases      ] GC(260) Phase 1: Mark live objects 1.934ms
[120.286s][info][gc,phases,start] GC(260) Phase 2: Compute new object addresses
[120.286s][info][gc,phases      ] GC(260) Phase 2: Compute new object addresses 0.308ms
[120.286s][info][gc,phases,start] GC(260) Phase 3: Adjust pointers
[120.287s][info][gc,phases      ] GC(260) Phase 3: Adjust pointers 1.159ms
[120.287s][info][gc,phases,start] GC(260) Phase 4: Move objects
[120.287s][info][gc,phases      ] GC(260) Phase 4: Move objects 0.013ms
[120.287s][info][gc,heap        ] GC(260) DefNew: 89477K(2516544K)->0K(2516544K) Eden: 89477K(2236928K)->0K(2236928K) From: 0K(279616K)->0K(279616K)
[120.287s][info][gc,heap        ] GC(260) Tenured: 1134K(5592448K)->1137K(5592448K)
[120.288s][info][gc,metaspace   ] GC(260) Metaspace: 638K(960K)->638K(960K) NonClass: 595K(768K)->595K(768K) Class: 43K(192K)->43K(192K)
[120.288s][info][gc             ] GC(260) Pause Full (System.gc()) 88M->1M(7918M) 3.889ms
[120.288s][info][gc,cpu         ] GC(260) User=0.01s Sys=0.00s Real=0.00s
[120.741s][info][gc,start       ] GC(261) Pause Full (System.gc())
[120.741s][info][gc,phases,start] GC(261) Phase 1: Mark live objects
[120.746s][info][gc,phases      ] GC(261) Phase 1: Mark live objects 5.026ms
[120.746s][info][gc,phases,start] GC(261) Phase 2: Compute new object addresses
[120.747s][info][gc,phases      ] GC(261) Phase 2: Compute new object addresses 0.365ms
[120.747s][info][gc,phases,start] GC(261) Phase 3: Adjust pointers
[120.748s][info][gc,phases      ] GC(261) Phase 3: Adjust pointers 1.085ms
[120.748s][info][gc,phases,start] GC(261) Phase 4: Move objects
[120.748s][info][gc,phases      ] GC(261) Phase 4: Move objects 0.014ms
[120.748s][info][gc,heap        ] GC(261) DefNew: 44738K(2516544K)->0K(2516544K) Eden: 44738K(2236928K)->0K(2236928K) From: 0K(279616K)->0K(279616K)
[120.748s][info][gc,heap        ] GC(261) Tenured: 1137K(5592448K)->1140K(5592448K)
[120.748s][info][gc,metaspace   ] GC(261) Metaspace: 643K(960K)->607K(960K) NonClass: 598K(768K)->570K(768K) Class: 45K(192K)->36K(192K)
[120.748s][info][gc             ] GC(261) Pause Full (System.gc()) 44M->1M(7918M) 7.176ms
[120.748s][info][gc,cpu         ] GC(261) User=0.00s Sys=0.00s Real=0.01s
[121.205s][info][gc,start       ] GC(262) Pause Full (System.gc())
[121.205s][info][gc,phases,start] GC(262) Phase 1: Mark live objects
[121.211s][info][gc,phases      ] GC(262) Phase 1: Mark live objects 6.271ms
[121.212s][info][gc,phases,start] GC(262) Phase 2: Compute new object addresses
[121.212s][info][gc,phases      ] GC(262) Phase 2: Compute new object addresses 0.766ms
[121.212s][info][gc,phases,start] GC(262) Phase 3: Adjust pointers
[121.214s][info][gc,phases      ] GC(262) Phase 3: Adjust pointers 1.899ms
[121.214s][info][gc,phases,start] GC(262) Phase 4: Move objects
[121.214s][info][gc,phases      ] GC(262) Phase 4: Move objects 0.028ms
[121.215s][info][gc,heap        ] GC(262) DefNew: 44738K(2516544K)->0K(2516544K) Eden: 44738K(2236928K)->0K(2236928K) From: 0K(279616K)->0K(279616K)
[121.215s][info][gc,heap        ] GC(262) Tenured: 1140K(5592448K)->1144K(5592448K)
[121.215s][info][gc,metaspace   ] GC(262) Metaspace: 612K(960K)->609K(960K) NonClass: 574K(768K)->571K(768K) Class: 38K(192K)->37K(192K)
[121.215s][info][gc             ] GC(262) Pause Full (System.gc()) 44M->1M(7918M) 9.707ms
[121.215s][info][gc,cpu         ] GC(262) User=0.00s Sys=0.00s Real=0.01s
[121.672s][info][gc,start       ] GC(263) Pause Full (System.gc())
[121.672s][info][gc,phases,start] GC(263) Phase 1: Mark live objects
[121.679s][info][gc,phases      ] GC(263) Phase 1: Mark live objects 6.337ms
[121.679s][info][gc,phases,start] GC(263) Phase 2: Compute new object addresses
[121.679s][info][gc,phases      ] GC(263) Phase 2: Compute new object addresses 0.453ms
[121.679s][info][gc,phases,start] GC(263) Phase 3: Adjust pointers
[121.680s][info][gc,phases      ] GC(263) Phase 3: Adjust pointers 1.199ms
[121.680s][info][gc,phases,start] GC(263) Phase 4: Move objects
[121.680s][info][gc,phases      ] GC(263) Phase 4: Move objects 0.025ms
[121.681s][info][gc,heap        ] GC(263) DefNew: 44738K(2516544K)->0K(2516544K) Eden: 44738K(2236928K)->0K(2236928K) From: 0K(279616K)->0K(279616K)
[121.681s][info][gc,heap        ] GC(263) Tenured: 1144K(5592448K)->1127K(5592448K)
[121.681s][info][gc,metaspace   ] GC(263) Metaspace: 614K(960K)->613K(960K) NonClass: 575K(768K)->574K(768K) Class: 39K(192K)->38K(192K)
[121.681s][info][gc             ] GC(263) Pause Full (System.gc()) 44M->1M(7918M) 8.652ms
[121.681s][info][gc,cpu         ] GC(263) User=0.00s Sys=0.01s Real=0.01s
[122.138s][info][gc,start       ] GC(264) Pause Full (System.gc())
[122.138s][info][gc,phases,start] GC(264) Phase 1: Mark live objects
[122.143s][info][gc,phases      ] GC(264) Phase 1: Mark live objects 5.168ms
[122.144s][info][gc,phases,start] GC(264) Phase 2: Compute new object addresses
[122.144s][info][gc,phases      ] GC(264) Phase 2: Compute new object addresses 0.820ms
[122.144s][info][gc,phases,start] GC(264) Phase 3: Adjust pointers
[122.147s][info][gc,phases      ] GC(264) Phase 3: Adjust pointers 2.131ms
[122.147s][info][gc,phases,start] GC(264) Phase 4: Move objects
[122.147s][info][gc,phases      ] GC(264) Phase 4: Move objects 0.361ms
[122.147s][info][gc,heap        ] GC(264) DefNew: 44738K(2516544K)->0K(2516544K) Eden: 44738K(2236928K)->0K(2236928K) From: 0K(279616K)->0K(279616K)
[122.147s][info][gc,heap        ] GC(264) Tenured: 1127K(5592448K)->1130K(5592448K)
[122.147s][info][gc,metaspace   ] GC(264) Metaspace: 618K(960K)->618K(960K) NonClass: 577K(768K)->577K(768K) Class: 40K(192K)->40K(192K)
[122.147s][info][gc             ] GC(264) Pause Full (System.gc()) 44M->1M(7918M) 9.262ms
[122.147s][info][gc,cpu         ] GC(264) User=0.00s Sys=0.00s Real=0.01s
[122.601s][info][gc,start       ] GC(265) Pause Full (System.gc())
[122.601s][info][gc,phases,start] GC(265) Phase 1: Mark live objects
[122.606s][info][gc,phases      ] GC(265) Phase 1: Mark live objects 4.855ms
[122.606s][info][gc,phases,start] GC(265) Phase 2: Compute new object addresses
[122.607s][info][gc,phases      ] GC(265) Phase 2: Compute new object addresses 0.898ms
[122.607s][info][gc,phases,start] GC(265) Phase 3: Adjust pointers
[122.609s][info][gc,phases      ] GC(265) Phase 3: Adjust pointers 2.179ms
[122.609s][info][gc,phases,start] GC(265) Phase 4: Move objects
[122.609s][info][gc,phases      ] GC(265) Phase 4: Move objects 0.035ms
[122.609s][info][gc,heap        ] GC(265) DefNew: 44738K(2516544K)->0K(2516544K) Eden: 44738K(2236928K)->0K(2236928K) From: 0K(279616K)->0K(279616K)
[122.609s][info][gc,heap        ] GC(265) Tenured: 1130K(5592448K)->1133K(5592448K)
[122.609s][info][gc,metaspace   ] GC(265) Metaspace: 623K(960K)->623K(960K) NonClass: 581K(768K)->581K(768K) Class: 42K(192K)->42K(192K)
[122.609s][info][gc             ] GC(265) Pause Full (System.gc()) 44M->1M(7918M) 8.714ms
[122.609s][info][gc,cpu         ] GC(265) User=0.00s Sys=0.00s Real=0.01s
[123.064s][info][gc,start       ] GC(266) Pause Full (System.gc())
[123.064s][info][gc,phases,start] GC(266) Phase 1: Mark live objects
[123.070s][info][gc,phases      ] GC(266) Phase 1: Mark live objects 5.995ms
[123.070s][info][gc,phases,start] GC(266) Phase 2: Compute new object addresses
[123.071s][info][gc,phases      ] GC(266) Phase 2: Compute new object addresses 0.742ms
[123.071s][info][gc,phases,start] GC(266) Phase 3: Adjust pointers
[123.073s][info][gc,phases      ] GC(266) Phase 3: Adjust pointers 2.009ms
[123.073s][info][gc,phases,start] GC(266) Phase 4: Move objects
[123.073s][info][gc,phases      ] GC(266) Phase 4: Move objects 0.032ms
[123.073s][info][gc,heap        ] GC(266) DefNew: 44738K(2516544K)->0K(2516544K) Eden: 44738K(2236928K)->0K(2236928K) From: 0K(279616K)->0K(279616K)
[123.073s][info][gc,heap        ] GC(266) Tenured: 1133K(5592448K)->1136K(5592448K)
[123.074s][info][gc,metaspace   ] GC(266) Metaspace: 628K(960K)->616K(960K) NonClass: 584K(768K)->575K(768K) Class: 44K(192K)->40K(192K)
[123.074s][info][gc             ] GC(266) Pause Full (System.gc()) 44M->1M(7918M) 9.690ms
[123.074s][info][gc,cpu         ] GC(266) User=0.01s Sys=0.00s Real=0.01s
[123.531s][info][gc,start       ] GC(267) Pause Full (System.gc())
[123.531s][info][gc,phases,start] GC(267) Phase 1: Mark live objects
[123.536s][info][gc,phases      ] GC(267) Phase 1: Mark live objects 5.146ms
[123.536s][info][gc,phases,start] GC(267) Phase 2: Compute new object addresses
[123.537s][info][gc,phases      ] GC(267) Phase 2: Compute new object addresses 0.550ms
[123.537s][info][gc,phases,start] GC(267) Phase 3: Adjust pointers
[123.538s][info][gc,phases      ] GC(267) Phase 3: Adjust pointers 1.485ms
[123.538s][info][gc,phases,start] GC(267) Phase 4: Move objects
[123.539s][info][gc,phases      ] GC(267) Phase 4: Move objects 0.023ms
[123.539s][info][gc,heap        ] GC(267) DefNew: 44738K(2516544K)->0K(2516544K) Eden: 44738K(2236928K)->0K(2236928K) From: 0K(279616K)->0K(279616K)
[123.539s][info][gc,heap        ] GC(267) Tenured: 1136K(5592448K)->1130K(5592448K)
[123.539s][info][gc,metaspace   ] GC(267) Metaspace: 621K(960K)->618K(960K) NonClass: 579K(768K)->577K(768K) Class: 42K(192K)->41K(192K)
[123.539s][info][gc             ] GC(267) Pause Full (System.gc()) 44M->1M(7918M) 7.729ms
[123.539s][info][gc,cpu         ] GC(267) User=0.00s Sys=0.00s Real=0.01s
[123.992s][info][gc,start       ] GC(268) Pause Full (System.gc())
[123.992s][info][gc,phases,start] GC(268) Phase 1: Mark live objects
[123.996s][info][gc,phases      ] GC(268) Phase 1: Mark live objects 4.016ms
[123.996s][info][gc,phases,start] GC(268) Phase 2: Compute new object addresses
[123.996s][info][gc,phases      ] GC(268) Phase 2: Compute new object addresses 0.319ms
[123.996s][info][gc,phases,start] GC(268) Phase 3: Adjust pointers
[123.998s][info][gc,phases      ] GC(268) Phase 3: Adjust pointers 1.328ms
[123.998s][info][gc,phases,start] GC(268) Phase 4: Move objects
[123.998s][info][gc,phases      ] GC(268) Phase 4: Move objects 0.016ms
[123.998s][info][gc,heap        ] GC(268) DefNew: 44738K(2516544K)->0K(2516544K) Eden: 44738K(2236928K)->0K(2236928K) From: 0K(279616K)->0K(279616K)
[123.998s][info][gc,heap        ] GC(268) Tenured: 1130K(5592448K)->1133K(5592448K)
[123.998s][info][gc,metaspace   ] GC(268) Metaspace: 623K(960K)->620K(960K) NonClass: 580K(768K)->578K(768K) Class: 43K(192K)->42K(192K)
[123.998s][info][gc             ] GC(268) Pause Full (System.gc()) 44M->1M(7918M) 6.222ms
[123.998s][info][gc,cpu         ] GC(268) User=0.00s Sys=0.00s Real=0.01s
[124.451s][info][gc,start       ] GC(269) Pause Full (System.gc())
[124.452s][info][gc,phases,start] GC(269) Phase 1: Mark live objects
[124.456s][info][gc,phases      ] GC(269) Phase 1: Mark live objects 4.875ms
[124.457s][info][gc,phases,start] GC(269) Phase 2: Compute new object addresses
[124.457s][info][gc,phases      ] GC(269) Phase 2: Compute new object addresses 0.410ms
[124.457s][info][gc,phases,start] GC(269) Phase 3: Adjust pointers
[124.458s][info][gc,phases      ] GC(269) Phase 3: Adjust pointers 1.231ms
[124.458s][info][gc,phases,start] GC(269) Phase 4: Move objects
[124.458s][info][gc,phases      ] GC(269) Phase 4: Move objects 0.017ms
[124.458s][info][gc,heap        ] GC(269) DefNew: 44738K(2516544K)->0K(2516544K) Eden: 44738K(2236928K)->0K(2236928K) From: 0K(279616K)->0K(279616K)
[124.458s][info][gc,heap        ] GC(269) Tenured: 1133K(5592448K)->1136K(5592448K)
[124.459s][info][gc,metaspace   ] GC(269) Metaspace: 625K(960K)->624K(960K) NonClass: 581K(768K)->580K(768K) Class: 43K(192K)->43K(192K)
[124.459s][info][gc             ] GC(269) Pause Full (System.gc()) 44M->1M(7918M) 7.093ms
[124.459s][info][gc,cpu         ] GC(269) User=0.01s Sys=0.00s Real=0.01s
[124.913s][info][gc,start       ] GC(270) Pause Full (System.gc())
[124.913s][info][gc,phases,start] GC(270) Phase 1: Mark live objects
[124.916s][info][gc,phases      ] GC(270) Phase 1: Mark live objects 3.427ms
[124.916s][info][gc,phases,start] GC(270) Phase 2: Compute new object addresses
[124.917s][info][gc,phases      ] GC(270) Phase 2: Compute new object addresses 0.364ms
[124.917s][info][gc,phases,start] GC(270) Phase 3: Adjust pointers
[124.918s][info][gc,phases      ] GC(270) Phase 3: Adjust pointers 1.061ms
[124.918s][info][gc,phases,start] GC(270) Phase 4: Move objects
[124.918s][info][gc,phases      ] GC(270) Phase 4: Move objects 0.014ms
[124.918s][info][gc,heap        ] GC(270) DefNew: 44738K(2516544K)->0K(2516544K) Eden: 44738K(2236928K)->0K(2236928K) From: 0K(279616K)->0K(279616K)
[124.918s][info][gc,heap        ] GC(270) Tenured: 1136K(5592448K)->1139K(5592448K)
[124.918s][info][gc,metaspace   ] GC(270) Metaspace: 629K(960K)->629K(960K) NonClass: 584K(768K)->584K(768K) Class: 45K(192K)->45K(192K)
[124.918s][info][gc             ] GC(270) Pause Full (System.gc()) 44M->1M(7918M) 5.327ms
[124.918s][info][gc,cpu         ] GC(270) User=0.01s Sys=0.00s Real=0.00s
[125.375s][info][gc,start       ] GC(271) Pause Full (System.gc())
[125.376s][info][gc,phases,start] GC(271) Phase 1: Mark live objects
[125.381s][info][gc,phases      ] GC(271) Phase 1: Mark live objects 5.020ms
[125.381s][info][gc,phases,start] GC(271) Phase 2: Compute new object addresses
[125.382s][info][gc,phases      ] GC(271) Phase 2: Compute new object addresses 0.771ms
[125.382s][info][gc,phases,start] GC(271) Phase 3: Adjust pointers
[125.384s][info][gc,phases      ] GC(271) Phase 3: Adjust pointers 2.206ms
[125.384s][info][gc,phases,start] GC(271) Phase 4: Move objects
[125.384s][info][gc,phases      ] GC(271) Phase 4: Move objects 0.026ms
[125.384s][info][gc,heap        ] GC(271) DefNew: 44738K(2516544K)->0K(2516544K) Eden: 44738K(2236928K)->0K(2236928K) From: 0K(279616K)->0K(279616K)
[125.384s][info][gc,heap        ] GC(271) Tenured: 1139K(5592448K)->1138K(5592448K)
[125.384s][info][gc,metaspace   ] GC(271) Metaspace: 634K(960K)->634K(960K) NonClass: 587K(768K)->587K(768K) Class: 46K(192K)->46K(192K)
[125.384s][info][gc             ] GC(271) Pause Full (System.gc()) 44M->1M(7918M) 8.638ms
[125.384s][info][gc,cpu         ] GC(271) User=0.01s Sys=0.00s Real=0.01s
[125.840s][info][gc,start       ] GC(272) Pause Full (System.gc())
[125.841s][info][gc,phases,start] GC(272) Phase 1: Mark live objects
[125.846s][info][gc,phases      ] GC(272) Phase 1: Mark live objects 5.203ms
[125.846s][info][gc,phases,start] GC(272) Phase 2: Compute new object addresses
[125.847s][info][gc,phases      ] GC(272) Phase 2: Compute new object addresses 0.762ms
[125.847s][info][gc,phases,start] GC(272) Phase 3: Adjust pointers
[125.849s][info][gc,phases      ] GC(272) Phase 3: Adjust pointers 2.089ms
[125.849s][info][gc,phases,start] GC(272) Phase 4: Move objects
[125.849s][info][gc,phases      ] GC(272) Phase 4: Move objects 0.034ms
[125.849s][info][gc,heap        ] GC(272) DefNew: 44738K(2516544K)->0K(2516544K) Eden: 44738K(2236928K)->0K(2236928K) From: 0K(279616K)->0K(279616K)
[125.849s][info][gc,heap        ] GC(272) Tenured: 1138K(5592448K)->1141K(5592448K)
[125.849s][info][gc,metaspace   ] GC(272) Metaspace: 639K(960K)->639K(960K) NonClass: 590K(768K)->590K(768K) Class: 48K(192K)->48K(192K)
[125.849s][info][gc             ] GC(272) Pause Full (System.gc()) 44M->1M(7918M) 8.882ms
[125.849s][info][gc,cpu         ] GC(272) User=0.01s Sys=0.00s Real=0.01s
[126.303s][info][gc,start       ] GC(273) Pause Full (System.gc())
[126.303s][info][gc,phases,start] GC(273) Phase 1: Mark live objects
[126.307s][info][gc,phases      ] GC(273) Phase 1: Mark live objects 3.729ms
[126.307s][info][gc,phases,start] GC(273) Phase 2: Compute new object addresses
[126.308s][info][gc,phases      ] GC(273) Phase 2: Compute new object addresses 0.403ms
[126.308s][info][gc,phases,start] GC(273) Phase 3: Adjust pointers
[126.309s][info][gc,phases      ] GC(273) Phase 3: Adjust pointers 1.506ms
[126.309s][info][gc,phases,start] GC(273) Phase 4: Move objects
[126.309s][info][gc,phases      ] GC(273) Phase 4: Move objects 0.017ms
[126.309s][info][gc,heap        ] GC(273) DefNew: 44738K(2516544K)->0K(2516544K) Eden: 44738K(2236928K)->0K(2236928K) From: 0K(279616K)->0K(279616K)
[126.309s][info][gc,heap        ] GC(273) Tenured: 1141K(5592448K)->1144K(5592448K)
[126.309s][info][gc,metaspace   ] GC(273) Metaspace: 644K(960K)->644K(960K) NonClass: 593K(768K)->593K(768K) Class: 50K(192K)->50K(192K)
[126.309s][info][gc             ] GC(273) Pause Full (System.gc()) 44M->1M(7918M) 6.309ms
[126.310s][info][gc,cpu         ] GC(273) User=0.00s Sys=0.00s Real=0.00s
[126.762s][info][gc,start       ] GC(274) Pause Full (System.gc())
[126.762s][info][gc,phases,start] GC(274) Phase 1: Mark live objects
[126.767s][info][gc,phases      ] GC(274) Phase 1: Mark live objects 5.073ms
[126.768s][info][gc,phases,start] GC(274) Phase 2: Compute new object addresses
[126.768s][info][gc,phases      ] GC(274) Phase 2: Compute new object addresses 0.542ms
[126.768s][info][gc,phases,start] GC(274) Phase 3: Adjust pointers
[126.770s][info][gc,phases      ] GC(274) Phase 3: Adjust pointers 1.579ms
[126.770s][info][gc,phases,start] GC(274) Phase 4: Move objects
[126.770s][info][gc,phases      ] GC(274) Phase 4: Move objects 0.020ms
[126.770s][info][gc,heap        ] GC(274) DefNew: 44738K(2516544K)->0K(2516544K) Eden: 44738K(2236928K)->0K(2236928K) From: 0K(279616K)->0K(279616K)
[126.770s][info][gc,heap        ] GC(274) Tenured: 1144K(5592448K)->1147K(5592448K)
[126.770s][info][gc,metaspace   ] GC(274) Metaspace: 649K(960K)->644K(960K) NonClass: 597K(768K)->595K(768K) Class: 52K(192K)->49K(192K)
[126.770s][info][gc             ] GC(274) Pause Full (System.gc()) 44M->1M(7918M) 7.839ms
[126.770s][info][gc,cpu         ] GC(274) User=0.01s Sys=0.00s Real=0.01s
[127.224s][info][gc,start       ] GC(275) Pause Full (System.gc())
[127.224s][info][gc,phases,start] GC(275) Phase 1: Mark live objects
[127.229s][info][gc,phases      ] GC(275) Phase 1: Mark live objects 4.775ms
[127.229s][info][gc,phases,start] GC(275) Phase 2: Compute new object addresses
[127.229s][info][gc,phases      ] GC(275) Phase 2: Compute new object addresses 0.428ms
[127.229s][info][gc,phases,start] GC(275) Phase 3: Adjust pointers
[127.231s][info][gc,phases      ] GC(275) Phase 3: Adjust pointers 1.174ms
[127.231s][info][gc,phases,start] GC(275) Phase 4: Move objects
[127.231s][info][gc,phases      ] GC(275) Phase 4: Move objects 0.018ms
[127.231s][info][gc,heap        ] GC(275) DefNew: 44738K(2516544K)->0K(2516544K) Eden: 44738K(2236928K)->0K(2236928K) From: 0K(279616K)->0K(279616K)
[127.231s][info][gc,heap        ] GC(275) Tenured: 1147K(5592448K)->1144K(5592448K)
[127.231s][info][gc,metaspace   ] GC(275) Metaspace: 649K(960K)->648K(960K) NonClass: 598K(768K)->597K(768K) Class: 51K(192K)->50K(192K)
[127.231s][info][gc             ] GC(275) Pause Full (System.gc()) 44M->1M(7918M) 6.886ms
[127.231s][info][gc,cpu         ] GC(275) User=0.01s Sys=0.00s Real=0.00s
[127.688s][info][gc,start       ] GC(276) Pause Full (System.gc())
[127.688s][info][gc,phases,start] GC(276) Phase 1: Mark live objects
[127.691s][info][gc,phases      ] GC(276) Phase 1: Mark live objects 3.540ms
[127.691s][info][gc,phases,start] GC(276) Phase 2: Compute new object addresses
[127.692s][info][gc,phases      ] GC(276) Phase 2: Compute new object addresses 0.620ms
[127.692s][info][gc,phases,start] GC(276) Phase 3: Adjust pointers
[127.694s][info][gc,phases      ] GC(276) Phase 3: Adjust pointers 1.662ms
[127.694s][info][gc,phases,start] GC(276) Phase 4: Move objects
[127.694s][info][gc,phases      ] GC(276) Phase 4: Move objects 0.018ms
[127.694s][info][gc,heap        ] GC(276) DefNew: 44738K(2516544K)->0K(2516544K) Eden: 44738K(2236928K)->0K(2236928K) From: 0K(279616K)->0K(279616K)
[127.694s][info][gc,heap        ] GC(276) Tenured: 1144K(5592448K)->1147K(5592448K)
[127.694s][info][gc,metaspace   ] GC(276) Metaspace: 653K(960K)->653K(960K) NonClass: 601K(768K)->601K(768K) Class: 52K(192K)->52K(192K)
[127.694s][info][gc             ] GC(276) Pause Full (System.gc()) 44M->1M(7918M) 6.441ms
[127.694s][info][gc,cpu         ] GC(276) User=0.00s Sys=0.00s Real=0.01s
[128.151s][info][gc,start       ] GC(277) Pause Full (System.gc())
[128.151s][info][gc,phases,start] GC(277) Phase 1: Mark live objects
[128.154s][info][gc,phases      ] GC(277) Phase 1: Mark live objects 3.663ms
[128.155s][info][gc,phases,start] GC(277) Phase 2: Compute new object addresses
[128.155s][info][gc,phases      ] GC(277) Phase 2: Compute new object addresses 0.399ms
[128.155s][info][gc,phases,start] GC(277) Phase 3: Adjust pointers
[128.156s][info][gc,phases      ] GC(277) Phase 3: Adjust pointers 1.151ms
[128.156s][info][gc,phases,start] GC(277) Phase 4: Move objects
[128.156s][info][gc,phases      ] GC(277) Phase 4: Move objects 0.015ms
[128.156s][info][gc,heap        ] GC(277) DefNew: 44738K(2516544K)->0K(2516544K) Eden: 44738K(2236928K)->0K(2236928K) From: 0K(279616K)->0K(279616K)
[128.156s][info][gc,heap        ] GC(277) Tenured: 1147K(5592448K)->1150K(5592448K)
[128.156s][info][gc,metaspace   ] GC(277) Metaspace: 658K(960K)->658K(960K) NonClass: 604K(768K)->604K(768K) Class: 54K(192K)->54K(192K)
[128.156s][info][gc             ] GC(277) Pause Full (System.gc()) 44M->1M(7918M) 5.671ms
[128.156s][info][gc,cpu         ] GC(277) User=0.01s Sys=0.00s Real=0.01s
[128.614s][info][gc,start       ] GC(278) Pause Full (System.gc())
[128.614s][info][gc,phases,start] GC(278) Phase 1: Mark live objects
[128.618s][info][gc,phases      ] GC(278) Phase 1: Mark live objects 3.689ms
[128.618s][info][gc,phases,start] GC(278) Phase 2: Compute new object addresses
[128.618s][info][gc,phases      ] GC(278) Phase 2: Compute new object addresses 0.377ms
[128.618s][info][gc,phases,start] GC(278) Phase 3: Adjust pointers
[128.619s][info][gc,phases      ] GC(278) Phase 3: Adjust pointers 1.076ms
[128.619s][info][gc,phases,start] GC(278) Phase 4: Move objects
[128.619s][info][gc,phases      ] GC(278) Phase 4: Move objects 0.015ms
[128.619s][info][gc,heap        ] GC(278) DefNew: 44738K(2516544K)->0K(2516544K) Eden: 44738K(2236928K)->0K(2236928K) From: 0K(279616K)->0K(279616K)
[128.619s][info][gc,heap        ] GC(278) Tenured: 1150K(5592448K)->1153K(5592448K)
[128.619s][info][gc,metaspace   ] GC(278) Metaspace: 663K(960K)->663K(960K) NonClass: 607K(768K)->607K(768K) Class: 56K(192K)->56K(192K)
[128.619s][info][gc             ] GC(278) Pause Full (System.gc()) 44M->1M(7918M) 5.706ms
[128.619s][info][gc,cpu         ] GC(278) User=0.01s Sys=0.00s Real=0.00s
[129.076s][info][gc,start       ] GC(279) Pause Full (System.gc())
[129.076s][info][gc,phases,start] GC(279) Phase 1: Mark live objects
[129.081s][info][gc,phases      ] GC(279) Phase 1: Mark live objects 4.869ms
[129.081s][info][gc,phases,start] GC(279) Phase 2: Compute new object addresses
[129.082s][info][gc,phases      ] GC(279) Phase 2: Compute new object addresses 0.311ms
[129.082s][info][gc,phases,start] GC(279) Phase 3: Adjust pointers
[129.083s][info][gc,phases      ] GC(279) Phase 3: Adjust pointers 0.984ms
[129.083s][info][gc,phases,start] GC(279) Phase 4: Move objects
[129.083s][info][gc,phases      ] GC(279) Phase 4: Move objects 0.019ms
[129.083s][info][gc,heap        ] GC(279) DefNew: 44738K(2516544K)->0K(2516544K) Eden: 44738K(2236928K)->0K(2236928K) From: 0K(279616K)->0K(279616K)
[129.083s][info][gc,heap        ] GC(279) Tenured: 1153K(5592448K)->1152K(5592448K)
[129.083s][info][gc,metaspace   ] GC(279) Metaspace: 668K(960K)->665K(960K) NonClass: 610K(768K)->609K(768K) Class: 57K(192K)->55K(192K)
[129.083s][info][gc             ] GC(279) Pause Full (System.gc()) 44M->1M(7918M) 6.787ms
[129.083s][info][gc,cpu         ] GC(279) User=0.00s Sys=0.00s Real=0.01s
[129.537s][info][gc,start       ] GC(280) Pause Full (System.gc())
[129.537s][info][gc,phases,start] GC(280) Phase 1: Mark live objects
[129.542s][info][gc,phases      ] GC(280) Phase 1: Mark live objects 5.001ms
[129.542s][info][gc,phases,start] GC(280) Phase 2: Compute new object addresses
[129.542s][info][gc,phases      ] GC(280) Phase 2: Compute new object addresses 0.308ms
[129.542s][info][gc,phases,start] GC(280) Phase 3: Adjust pointers
[129.543s][info][gc,phases      ] GC(280) Phase 3: Adjust pointers 1.010ms
[129.544s][info][gc,phases,start] GC(280) Phase 4: Move objects
[129.544s][info][gc,phases      ] GC(280) Phase 4: Move objects 0.014ms
[129.544s][info][gc,heap        ] GC(280) DefNew: 44738K(2516544K)->0K(2516544K) Eden: 44738K(2236928K)->0K(2236928K) From: 0K(279616K)->0K(279616K)
[129.544s][info][gc,heap        ] GC(280) Tenured: 1152K(5592448K)->1155K(5592448K)
[129.544s][info][gc,metaspace   ] GC(280) Metaspace: 670K(960K)->669K(960K) NonClass: 612K(768K)->612K(768K) Class: 57K(192K)->57K(192K)
[129.544s][info][gc             ] GC(280) Pause Full (System.gc()) 44M->1M(7918M) 6.892ms
[129.544s][info][gc,cpu         ] GC(280) User=0.00s Sys=0.00s Real=0.01s
[130.001s][info][gc,start       ] GC(281) Pause Full (System.gc())
[130.001s][info][gc,phases,start] GC(281) Phase 1: Mark live objects
[130.006s][info][gc,phases      ] GC(281) Phase 1: Mark live objects 5.053ms
[130.006s][info][gc,phases,start] GC(281) Phase 2: Compute new object addresses
[130.007s][info][gc,phases      ] GC(281) Phase 2: Compute new object addresses 0.443ms
[130.007s][info][gc,phases,start] GC(281) Phase 3: Adjust pointers
[130.008s][info][gc,phases      ] GC(281) Phase 3: Adjust pointers 1.645ms
[130.008s][info][gc,phases,start] GC(281) Phase 4: Move objects
[130.008s][info][gc,phases      ] GC(281) Phase 4: Move objects 0.025ms
[130.009s][info][gc,heap        ] GC(281) DefNew: 44738K(2516544K)->0K(2516544K) Eden: 44738K(2236928K)->0K(2236928K) From: 0K(279616K)->0K(279616K)
[130.009s][info][gc,heap        ] GC(281) Tenured: 1155K(5592448K)->1158K(5592448K)
[130.009s][info][gc,metaspace   ] GC(281) Metaspace: 674K(960K)->643K(960K) NonClass: 615K(768K)->591K(768K) Class: 58K(192K)->51K(192K)
[130.009s][info][gc             ] GC(281) Pause Full (System.gc()) 44M->1M(7918M) 8.139ms
[130.009s][info][gc,cpu         ] GC(281) User=0.01s Sys=0.00s Real=0.01s
[130.464s][info][gc,start       ] GC(282) Pause Full (System.gc())
[130.465s][info][gc,phases,start] GC(282) Phase 1: Mark live objects
[130.469s][info][gc,phases      ] GC(282) Phase 1: Mark live objects 4.785ms
[130.470s][info][gc,phases,start] GC(282) Phase 2: Compute new object addresses
[130.470s][info][gc,phases      ] GC(282) Phase 2: Compute new object addresses 0.782ms
[130.470s][info][gc,phases,start] GC(282) Phase 3: Adjust pointers
[130.473s][info][gc,phases      ] GC(282) Phase 3: Adjust pointers 2.195ms
[130.473s][info][gc,phases,start] GC(282) Phase 4: Move objects
[130.473s][info][gc,phases      ] GC(282) Phase 4: Move objects 0.037ms
[130.473s][info][gc,heap        ] GC(282) DefNew: 44738K(2516544K)->0K(2516544K) Eden: 44738K(2236928K)->0K(2236928K) From: 0K(279616K)->0K(279616K)
[130.473s][info][gc,heap        ] GC(282) Tenured: 1158K(5592448K)->1161K(5592448K)
[130.473s][info][gc,metaspace   ] GC(282) Metaspace: 648K(960K)->645K(960K) NonClass: 594K(768K)->592K(768K) Class: 53K(192K)->52K(192K)
[130.473s][info][gc             ] GC(282) Pause Full (System.gc()) 44M->1M(7918M) 8.605ms
[130.473s][info][gc,cpu         ] GC(282) User=0.01s Sys=0.00s Real=0.01s
[130.930s][info][gc,start       ] GC(283) Pause Full (System.gc())
[130.930s][info][gc,phases,start] GC(283) Phase 1: Mark live objects
[130.935s][info][gc,phases      ] GC(283) Phase 1: Mark live objects 5.154ms
[130.935s][info][gc,phases,start] GC(283) Phase 2: Compute new object addresses
[130.936s][info][gc,phases      ] GC(283) Phase 2: Compute new object addresses 0.566ms
[130.936s][info][gc,phases,start] GC(283) Phase 3: Adjust pointers
[130.938s][info][gc,phases      ] GC(283) Phase 3: Adjust pointers 1.648ms
[130.938s][info][gc,phases,start] GC(283) Phase 4: Move objects
[130.938s][info][gc,phases      ] GC(283) Phase 4: Move objects 0.033ms
[130.938s][info][gc,heap        ] GC(283) DefNew: 44738K(2516544K)->0K(2516544K) Eden: 44738K(2236928K)->0K(2236928K) From: 0K(279616K)->0K(279616K)
[130.938s][info][gc,heap        ] GC(283) Tenured: 1161K(5592448K)->1146K(5592448K)
[130.938s][info][gc,metaspace   ] GC(283) Metaspace: 650K(960K)->649K(960K) NonClass: 595K(768K)->595K(768K) Class: 54K(192K)->53K(192K)
[130.938s][info][gc             ] GC(283) Pause Full (System.gc()) 44M->1M(7918M) 8.005ms
[130.938s][info][gc,cpu         ] GC(283) User=0.01s Sys=0.00s Real=0.01s
[131.393s][info][gc,start       ] GC(284) Pause Full (System.gc())
[131.393s][info][gc,phases,start] GC(284) Phase 1: Mark live objects
[131.399s][info][gc,phases      ] GC(284) Phase 1: Mark live objects 6.371ms
[131.399s][info][gc,phases,start] GC(284) Phase 2: Compute new object addresses
[131.400s][info][gc,phases      ] GC(284) Phase 2: Compute new object addresses 0.766ms
[131.400s][info][gc,phases,start] GC(284) Phase 3: Adjust pointers
[131.402s][info][gc,phases      ] GC(284) Phase 3: Adjust pointers 1.772ms
[131.402s][info][gc,phases,start] GC(284) Phase 4: Move objects
[131.402s][info][gc,phases      ] GC(284) Phase 4: Move objects 0.018ms
[131.402s][info][gc,heap        ] GC(284) DefNew: 44738K(2516544K)->0K(2516544K) Eden: 44738K(2236928K)->0K(2236928K) From: 0K(279616K)->0K(279616K)
[131.402s][info][gc,heap        ] GC(284) Tenured: 1146K(5592448K)->1149K(5592448K)
[131.402s][info][gc,metaspace   ] GC(284) Metaspace: 654K(960K)->653K(960K) NonClass: 598K(768K)->598K(768K) Class: 55K(192K)->55K(192K)
[131.402s][info][gc             ] GC(284) Pause Full (System.gc()) 44M->1M(7918M) 9.558ms
[131.402s][info][gc,cpu         ] GC(284) User=0.01s Sys=0.00s Real=0.01s
[131.855s][info][gc,start       ] GC(285) Pause Full (System.gc())
[131.855s][info][gc,phases,start] GC(285) Phase 1: Mark live objects
[131.862s][info][gc,phases      ] GC(285) Phase 1: Mark live objects 6.314ms
[131.862s][info][gc,phases,start] GC(285) Phase 2: Compute new object addresses
[131.862s][info][gc,phases      ] GC(285) Phase 2: Compute new object addresses 0.766ms
[131.862s][info][gc,phases,start] GC(285) Phase 3: Adjust pointers
[131.864s][info][gc,phases      ] GC(285) Phase 3: Adjust pointers 1.935ms
[131.864s][info][gc,phases,start] GC(285) Phase 4: Move objects
[131.864s][info][gc,phases      ] GC(285) Phase 4: Move objects 0.019ms
[131.865s][info][gc,heap        ] GC(285) DefNew: 44738K(2516544K)->0K(2516544K) Eden: 44738K(2236928K)->0K(2236928K) From: 0K(279616K)->0K(279616K)
[131.865s][info][gc,heap        ] GC(285) Tenured: 1149K(5592448K)->1152K(5592448K)
[131.865s][info][gc,metaspace   ] GC(285) Metaspace: 658K(960K)->657K(960K) NonClass: 601K(768K)->601K(768K) Class: 56K(192K)->56K(192K)
[131.865s][info][gc             ] GC(285) Pause Full (System.gc()) 44M->1M(7918M) 9.614ms
[131.865s][info][gc,cpu         ] GC(285) User=0.01s Sys=0.00s Real=0.01s
[132.322s][info][gc,start       ] GC(286) Pause Full (System.gc())
[132.322s][info][gc,phases,start] GC(286) Phase 1: Mark live objects
[132.327s][info][gc,phases      ] GC(286) Phase 1: Mark live objects 5.065ms
[132.327s][info][gc,phases,start] GC(286) Phase 2: Compute new object addresses
[132.328s][info][gc,phases      ] GC(286) Phase 2: Compute new object addresses 0.755ms
[132.328s][info][gc,phases,start] GC(286) Phase 3: Adjust pointers
[132.330s][info][gc,phases      ] GC(286) Phase 3: Adjust pointers 2.030ms
[132.330s][info][gc,phases,start] GC(286) Phase 4: Move objects
[132.330s][info][gc,phases      ] GC(286) Phase 4: Move objects 0.025ms
[132.330s][info][gc,heap        ] GC(286) DefNew: 44738K(2516544K)->0K(2516544K) Eden: 44738K(2236928K)->0K(2236928K) From: 0K(279616K)->0K(279616K)
[132.330s][info][gc,heap        ] GC(286) Tenured: 1152K(5592448K)->1155K(5592448K)
[132.330s][info][gc,metaspace   ] GC(286) Metaspace: 662K(960K)->662K(960K) NonClass: 604K(768K)->604K(768K) Class: 58K(192K)->58K(192K)
[132.330s][info][gc             ] GC(286) Pause Full (System.gc()) 44M->1M(7918M) 8.449ms
[132.330s][info][gc,cpu         ] GC(286) User=0.00s Sys=0.01s Real=0.01s
[132.785s][info][gc,start       ] GC(287) Pause Full (System.gc())
[132.786s][info][gc,phases,start] GC(287) Phase 1: Mark live objects
[132.790s][info][gc,phases      ] GC(287) Phase 1: Mark live objects 4.191ms
[132.790s][info][gc,phases,start] GC(287) Phase 2: Compute new object addresses
[132.790s][info][gc,phases      ] GC(287) Phase 2: Compute new object addresses 0.552ms
[132.790s][info][gc,phases,start] GC(287) Phase 3: Adjust pointers
[132.792s][info][gc,phases      ] GC(287) Phase 3: Adjust pointers 1.564ms
[132.792s][info][gc,phases,start] GC(287) Phase 4: Move objects
[132.792s][info][gc,phases      ] GC(287) Phase 4: Move objects 0.022ms
[132.792s][info][gc,heap        ] GC(287) DefNew: 44738K(2516544K)->0K(2516544K) Eden: 44738K(2236928K)->0K(2236928K) From: 0K(279616K)->0K(279616K)
[132.792s][info][gc,heap        ] GC(287) Tenured: 1155K(5592448K)->1156K(5592448K)
[132.792s][info][gc,metaspace   ] GC(287) Metaspace: 667K(960K)->667K(960K) NonClass: 607K(768K)->607K(768K) Class: 59K(192K)->59K(192K)
[132.792s][info][gc             ] GC(287) Pause Full (System.gc()) 44M->1M(7918M) 6.895ms
[132.792s][info][gc,cpu         ] GC(287) User=0.00s Sys=0.00s Real=0.01s
[133.246s][info][gc,start       ] GC(288) Pause Full (System.gc())
[133.246s][info][gc,phases,start] GC(288) Phase 1: Mark live objects
[133.252s][info][gc,phases      ] GC(288) Phase 1: Mark live objects 5.744ms
[133.252s][info][gc,phases,start] GC(288) Phase 2: Compute new object addresses
[133.252s][info][gc,phases      ] GC(288) Phase 2: Compute new object addresses 0.550ms
[133.252s][info][gc,phases,start] GC(288) Phase 3: Adjust pointers
[133.254s][info][gc,phases      ] GC(288) Phase 3: Adjust pointers 1.732ms
[133.254s][info][gc,phases,start] GC(288) Phase 4: Move objects
[133.254s][info][gc,phases      ] GC(288) Phase 4: Move objects 0.021ms
[133.254s][info][gc,heap        ] GC(288) DefNew: 44738K(2516544K)->0K(2516544K) Eden: 44738K(2236928K)->0K(2236928K) From: 0K(279616K)->0K(279616K)
[133.254s][info][gc,heap        ] GC(288) Tenured: 1156K(5592448K)->1159K(5592448K)
[133.254s][info][gc,metaspace   ] GC(288) Metaspace: 672K(960K)->656K(960K) NonClass: 611K(768K)->599K(768K) Class: 61K(192K)->57K(192K)
[133.254s][info][gc             ] GC(288) Pause Full (System.gc()) 44M->1M(7918M) 8.653ms
[133.254s][info][gc,cpu         ] GC(288) User=0.01s Sys=0.00s Real=0.01s
[133.710s][info][gc,start       ] GC(289) Pause Full (System.gc())
[133.710s][info][gc,phases,start] GC(289) Phase 1: Mark live objects
[133.716s][info][gc,phases      ] GC(289) Phase 1: Mark live objects 6.485ms
[133.716s][info][gc,phases,start] GC(289) Phase 2: Compute new object addresses
[133.717s][info][gc,phases      ] GC(289) Phase 2: Compute new object addresses 0.659ms
[133.717s][info][gc,phases,start] GC(289) Phase 3: Adjust pointers
[133.719s][info][gc,phases      ] GC(289) Phase 3: Adjust pointers 1.743ms
[133.719s][info][gc,phases,start] GC(289) Phase 4: Move objects
[133.719s][info][gc,phases      ] GC(289) Phase 4: Move objects 0.020ms
[133.719s][info][gc,heap        ] GC(289) DefNew: 44738K(2516544K)->0K(2516544K) Eden: 44738K(2236928K)->0K(2236928K) From: 0K(279616K)->0K(279616K)
[133.719s][info][gc,heap        ] GC(289) Tenured: 1159K(5592448K)->1162K(5592448K)
[133.719s][info][gc,metaspace   ] GC(289) Metaspace: 661K(960K)->657K(960K) NonClass: 602K(768K)->600K(768K) Class: 58K(192K)->57K(192K)
[133.719s][info][gc             ] GC(289) Pause Full (System.gc()) 44M->1M(7918M) 9.593ms
[133.719s][info][gc,cpu         ] GC(289) User=0.01s Sys=0.00s Real=0.01s
[134.172s][info][gc,start       ] GC(290) Pause Full (System.gc())
[134.172s][info][gc,phases,start] GC(290) Phase 1: Mark live objects
[134.177s][info][gc,phases      ] GC(290) Phase 1: Mark live objects 5.589ms
[134.178s][info][gc,phases,start] GC(290) Phase 2: Compute new object addresses
[134.178s][info][gc,phases      ] GC(290) Phase 2: Compute new object addresses 0.789ms
[134.178s][info][gc,phases,start] GC(290) Phase 3: Adjust pointers
[134.180s][info][gc,phases      ] GC(290) Phase 3: Adjust pointers 1.679ms
[134.180s][info][gc,phases,start] GC(290) Phase 4: Move objects
[134.180s][info][gc,phases      ] GC(290) Phase 4: Move objects 0.025ms
[134.180s][info][gc,heap        ] GC(290) DefNew: 44738K(2516544K)->0K(2516544K) Eden: 44738K(2236928K)->0K(2236928K) From: 0K(279616K)->0K(279616K)
[134.180s][info][gc,heap        ] GC(290) Tenured: 1162K(5592448K)->1165K(5592448K)
[134.180s][info][gc,metaspace   ] GC(290) Metaspace: 662K(960K)->661K(960K) NonClass: 603K(768K)->602K(768K) Class: 59K(192K)->59K(192K)
[134.180s][info][gc             ] GC(290) Pause Full (System.gc()) 44M->1M(7918M) 8.725ms
[134.180s][info][gc,cpu         ] GC(290) User=0.01s Sys=0.00s Real=0.01s
[134.638s][info][gc,start       ] GC(291) Pause Full (System.gc())
[134.638s][info][gc,phases,start] GC(291) Phase 1: Mark live objects
[134.644s][info][gc,phases      ] GC(291) Phase 1: Mark live objects 5.761ms
[134.644s][info][gc,phases,start] GC(291) Phase 2: Compute new object addresses
[134.645s][info][gc,phases      ] GC(291) Phase 2: Compute new object addresses 0.594ms
[134.645s][info][gc,phases,start] GC(291) Phase 3: Adjust pointers
[134.646s][info][gc,phases      ] GC(291) Phase 3: Adjust pointers 1.515ms
[134.646s][info][gc,phases,start] GC(291) Phase 4: Move objects
[134.646s][info][gc,phases      ] GC(291) Phase 4: Move objects 0.027ms
[134.647s][info][gc,heap        ] GC(291) DefNew: 44738K(2516544K)->0K(2516544K) Eden: 44738K(2236928K)->0K(2236928K) From: 0K(279616K)->0K(279616K)
[134.647s][info][gc,heap        ] GC(291) Tenured: 1165K(5592448K)->1124K(5592448K)
[134.647s][info][gc,metaspace   ] GC(291) Metaspace: 666K(960K)->608K(960K) NonClass: 606K(768K)->572K(768K) Class: 60K(192K)->36K(192K)
[134.647s][info][gc             ] GC(291) Pause Full (System.gc()) 44M->1M(7918M) 8.977ms
[134.647s][info][gc,cpu         ] GC(291) User=0.01s Sys=0.00s Real=0.01s
[135.103s][info][gc,start       ] GC(292) Pause Full (System.gc())
[135.104s][info][gc,phases,start] GC(292) Phase 1: Mark live objects
[135.110s][info][gc,phases      ] GC(292) Phase 1: Mark live objects 6.430ms
[135.110s][info][gc,phases,start] GC(292) Phase 2: Compute new object addresses
[135.111s][info][gc,phases      ] GC(292) Phase 2: Compute new object addresses 0.741ms
[135.111s][info][gc,phases,start] GC(292) Phase 3: Adjust pointers
[135.113s][info][gc,phases      ] GC(292) Phase 3: Adjust pointers 1.813ms
[135.113s][info][gc,phases,start] GC(292) Phase 4: Move objects
[135.113s][info][gc,phases      ] GC(292) Phase 4: Move objects 0.021ms
[135.113s][info][gc,heap        ] GC(292) DefNew: 44738K(2516544K)->0K(2516544K) Eden: 44738K(2236928K)->0K(2236928K) From: 0K(279616K)->0K(279616K)
[135.113s][info][gc,heap        ] GC(292) Tenured: 1124K(5592448K)->1127K(5592448K)
[135.113s][info][gc,metaspace   ] GC(292) Metaspace: 613K(960K)->611K(960K) NonClass: 575K(768K)->574K(768K) Class: 38K(192K)->37K(192K)
[135.113s][info][gc             ] GC(292) Pause Full (System.gc()) 44M->1M(7918M) 9.645ms
[135.113s][info][gc,cpu         ] GC(292) User=0.01s Sys=0.00s Real=0.01s
[135.567s][info][gc,start       ] GC(293) Pause Full (System.gc())
[135.568s][info][gc,phases,start] GC(293) Phase 1: Mark live objects
[135.572s][info][gc,phases      ] GC(293) Phase 1: Mark live objects 3.870ms
[135.572s][info][gc,phases,start] GC(293) Phase 2: Compute new object addresses
[135.572s][info][gc,phases      ] GC(293) Phase 2: Compute new object addresses 0.577ms
[135.572s][info][gc,phases,start] GC(293) Phase 3: Adjust pointers
[135.574s][info][gc,phases      ] GC(293) Phase 3: Adjust pointers 1.624ms
[135.574s][info][gc,phases,start] GC(293) Phase 4: Move objects
[135.574s][info][gc,phases      ] GC(293) Phase 4: Move objects 0.024ms
[135.574s][info][gc,heap        ] GC(293) DefNew: 44738K(2516544K)->0K(2516544K) Eden: 44738K(2236928K)->0K(2236928K) From: 0K(279616K)->0K(279616K)
[135.574s][info][gc,heap        ] GC(293) Tenured: 1127K(5592448K)->1130K(5592448K)
[135.574s][info][gc,metaspace   ] GC(293) Metaspace: 616K(960K)->616K(960K) NonClass: 577K(768K)->577K(768K) Class: 38K(192K)->38K(192K)
[135.574s][info][gc             ] GC(293) Pause Full (System.gc()) 44M->1M(7918M) 6.773ms
[135.574s][info][gc,cpu         ] GC(293) User=0.00s Sys=0.00s Real=0.01s
[136.027s][info][gc,start       ] GC(294) Pause Full (System.gc())
[136.027s][info][gc,phases,start] GC(294) Phase 1: Mark live objects
[136.034s][info][gc,phases      ] GC(294) Phase 1: Mark live objects 6.523ms
[136.034s][info][gc,phases,start] GC(294) Phase 2: Compute new object addresses
[136.034s][info][gc,phases      ] GC(294) Phase 2: Compute new object addresses 0.735ms
[136.035s][info][gc,phases,start] GC(294) Phase 3: Adjust pointers
[136.037s][info][gc,phases      ] GC(294) Phase 3: Adjust pointers 2.015ms
[136.037s][info][gc,phases,start] GC(294) Phase 4: Move objects
[136.037s][info][gc,phases      ] GC(294) Phase 4: Move objects 0.026ms
[136.037s][info][gc,heap        ] GC(294) DefNew: 44738K(2516544K)->0K(2516544K) Eden: 44738K(2236928K)->0K(2236928K) From: 0K(279616K)->0K(279616K)
[136.037s][info][gc,heap        ] GC(294) Tenured: 1130K(5592448K)->1133K(5592448K)
[136.037s][info][gc,metaspace   ] GC(294) Metaspace: 621K(960K)->615K(960K) NonClass: 580K(768K)->577K(768K) Class: 40K(192K)->38K(192K)
[136.037s][info][gc             ] GC(294) Pause Full (System.gc()) 44M->1M(7918M) 10.025ms
[136.037s][info][gc,cpu         ] GC(294) User=0.01s Sys=0.00s Real=0.01s
[136.493s][info][gc,start       ] GC(295) Pause Full (System.gc())
[136.493s][info][gc,phases,start] GC(295) Phase 1: Mark live objects
[136.498s][info][gc,phases      ] GC(295) Phase 1: Mark live objects 5.389ms
[136.498s][info][gc,phases,start] GC(295) Phase 2: Compute new object addresses
[136.499s][info][gc,phases      ] GC(295) Phase 2: Compute new object addresses 0.520ms
[136.499s][info][gc,phases,start] GC(295) Phase 3: Adjust pointers
[136.500s][info][gc,phases      ] GC(295) Phase 3: Adjust pointers 1.537ms
[136.500s][info][gc,phases,start] GC(295) Phase 4: Move objects
[136.500s][info][gc,phases      ] GC(295) Phase 4: Move objects 0.025ms
[136.500s][info][gc,heap        ] GC(295) DefNew: 44738K(2516544K)->0K(2516544K) Eden: 44738K(2236928K)->0K(2236928K) From: 0K(279616K)->0K(279616K)
[136.500s][info][gc,heap        ] GC(295) Tenured: 1133K(5592448K)->1128K(5592448K)
[136.500s][info][gc,metaspace   ] GC(295) Metaspace: 620K(960K)->617K(960K) NonClass: 580K(768K)->579K(768K) Class: 39K(192K)->38K(192K)
[136.501s][info][gc             ] GC(295) Pause Full (System.gc()) 44M->1M(7918M) 8.007ms
[136.501s][info][gc,cpu         ] GC(295) User=0.01s Sys=0.00s Real=0.00s
[136.955s][info][gc,start       ] GC(296) Pause Full (System.gc())
[136.956s][info][gc,phases,start] GC(296) Phase 1: Mark live objects
[136.961s][info][gc,phases      ] GC(296) Phase 1: Mark live objects 5.415ms
[136.961s][info][gc,phases,start] GC(296) Phase 2: Compute new object addresses
[136.962s][info][gc,phases      ] GC(296) Phase 2: Compute new object addresses 0.469ms
[136.962s][info][gc,phases,start] GC(296) Phase 3: Adjust pointers
[136.963s][info][gc,phases      ] GC(296) Phase 3: Adjust pointers 1.264ms
[136.963s][info][gc,phases,start] GC(296) Phase 4: Move objects
[136.963s][info][gc,phases      ] GC(296) Phase 4: Move objects 0.018ms
[136.963s][info][gc,heap        ] GC(296) DefNew: 44738K(2516544K)->0K(2516544K) Eden: 44738K(2236928K)->0K(2236928K) From: 0K(279616K)->0K(279616K)
[136.963s][info][gc,heap        ] GC(296) Tenured: 1128K(5592448K)->1131K(5592448K)
[136.963s][info][gc,metaspace   ] GC(296) Metaspace: 622K(960K)->620K(960K) NonClass: 582K(768K)->581K(768K) Class: 40K(192K)->39K(192K)
[136.963s][info][gc             ] GC(296) Pause Full (System.gc()) 44M->1M(7918M) 7.769ms
[136.963s][info][gc,cpu         ] GC(296) User=0.01s Sys=0.00s Real=0.01s
[137.420s][info][gc,start       ] GC(297) Pause Full (System.gc())
[137.420s][info][gc,phases,start] GC(297) Phase 1: Mark live objects
[137.426s][info][gc,phases      ] GC(297) Phase 1: Mark live objects 5.918ms
[137.426s][info][gc,phases,start] GC(297) Phase 2: Compute new object addresses
[137.427s][info][gc,phases      ] GC(297) Phase 2: Compute new object addresses 0.408ms
[137.427s][info][gc,phases,start] GC(297) Phase 3: Adjust pointers
[137.428s][info][gc,phases      ] GC(297) Phase 3: Adjust pointers 1.259ms
[137.428s][info][gc,phases,start] GC(297) Phase 4: Move objects
[137.428s][info][gc,phases      ] GC(297) Phase 4: Move objects 0.020ms
[137.428s][info][gc,heap        ] GC(297) DefNew: 44738K(2516544K)->0K(2516544K) Eden: 44738K(2236928K)->0K(2236928K) From: 0K(279616K)->0K(279616K)
[137.428s][info][gc,heap        ] GC(297) Tenured: 1131K(5592448K)->1134K(5592448K)
[137.428s][info][gc,metaspace   ] GC(297) Metaspace: 625K(960K)->622K(960K) NonClass: 584K(768K)->582K(768K) Class: 40K(192K)->39K(192K)
[137.428s][info][gc             ] GC(297) Pause Full (System.gc()) 44M->1M(7918M) 8.187ms
[137.428s][info][gc,cpu         ] GC(297) User=0.01s Sys=0.00s Real=0.01s
[137.883s][info][gc,start       ] GC(298) Pause Full (System.gc())
[137.883s][info][gc,phases,start] GC(298) Phase 1: Mark live objects
[137.888s][info][gc,phases      ] GC(298) Phase 1: Mark live objects 5.221ms
[137.888s][info][gc,phases,start] GC(298) Phase 2: Compute new object addresses
[137.889s][info][gc,phases      ] GC(298) Phase 2: Compute new object addresses 0.417ms
[137.889s][info][gc,phases,start] GC(298) Phase 3: Adjust pointers
[137.890s][info][gc,phases      ] GC(298) Phase 3: Adjust pointers 1.315ms
[137.890s][info][gc,phases,start] GC(298) Phase 4: Move objects
[137.890s][info][gc,phases      ] GC(298) Phase 4: Move objects 0.019ms
[137.890s][info][gc,heap        ] GC(298) DefNew: 44738K(2516544K)->0K(2516544K) Eden: 44738K(2236928K)->0K(2236928K) From: 0K(279616K)->0K(279616K)
[137.890s][info][gc,heap        ] GC(298) Tenured: 1134K(5592448K)->1137K(5592448K)
[137.890s][info][gc,metaspace   ] GC(298) Metaspace: 627K(960K)->626K(960K) NonClass: 586K(768K)->585K(768K) Class: 41K(192K)->40K(192K)
[137.890s][info][gc             ] GC(298) Pause Full (System.gc()) 44M->1M(7918M) 7.525ms
[137.891s][info][gc,cpu         ] GC(298) User=0.01s Sys=0.00s Real=0.00s
[138.344s][info][gc,start       ] GC(299) Pause Full (System.gc())
[138.344s][info][gc,phases,start] GC(299) Phase 1: Mark live objects
[138.348s][info][gc,phases      ] GC(299) Phase 1: Mark live objects 4.014ms
[138.348s][info][gc,phases,start] GC(299) Phase 2: Compute new object addresses
[138.348s][info][gc,phases      ] GC(299) Phase 2: Compute new object addresses 0.306ms
[138.348s][info][gc,phases,start] GC(299) Phase 3: Adjust pointers
[138.349s][info][gc,phases      ] GC(299) Phase 3: Adjust pointers 1.104ms
[138.349s][info][gc,phases,start] GC(299) Phase 4: Move objects
[138.349s][info][gc,phases      ] GC(299) Phase 4: Move objects 0.020ms
[138.349s][info][gc,heap        ] GC(299) DefNew: 44738K(2516544K)->0K(2516544K) Eden: 44738K(2236928K)->0K(2236928K) From: 0K(279616K)->0K(279616K)
[138.350s][info][gc,heap        ] GC(299) Tenured: 1137K(5592448K)->1131K(5592448K)
[138.350s][info][gc,metaspace   ] GC(299) Metaspace: 633K(960K)->628K(960K) NonClass: 590K(768K)->588K(768K) Class: 42K(192K)->40K(192K)
[138.350s][info][gc             ] GC(299) Pause Full (System.gc()) 44M->1M(7918M) 5.934ms
[138.350s][info][gc,cpu         ] GC(299) User=0.01s Sys=0.00s Real=0.00s
[138.801s][info][gc,start       ] GC(300) Pause Full (System.gc())
[138.801s][info][gc,phases,start] GC(300) Phase 1: Mark live objects
[138.802s][info][gc,phases      ] GC(300) Phase 1: Mark live objects 1.573ms
[138.802s][info][gc,phases,start] GC(300) Phase 2: Compute new object addresses
[138.803s][info][gc,phases      ] GC(300) Phase 2: Compute new object addresses 0.287ms
[138.803s][info][gc,phases,start] GC(300) Phase 3: Adjust pointers
[138.803s][info][gc,phases      ] GC(300) Phase 3: Adjust pointers 0.794ms
[138.803s][info][gc,phases,start] GC(300) Phase 4: Move objects
[138.804s][info][gc,phases      ] GC(300) Phase 4: Move objects 0.007ms
[138.804s][info][gc,heap        ] GC(300) DefNew: 44738K(2516544K)->0K(2516544K) Eden: 44738K(2236928K)->0K(2236928K) From: 0K(279616K)->0K(279616K)
[138.804s][info][gc,heap        ] GC(300) Tenured: 1131K(5592448K)->1135K(5592448K)
[138.804s][info][gc,metaspace   ] GC(300) Metaspace: 633K(960K)->605K(832K) NonClass: 591K(768K)->570K(640K) Class: 42K(192K)->35K(192K)
[138.804s][info][gc             ] GC(300) Pause Full (System.gc()) 44M->1M(7918M) 2.898ms
[138.804s][info][gc,cpu         ] GC(300) User=0.00s Sys=0.00s Real=0.01s
[139.260s][info][gc,start       ] GC(301) Pause Full (System.gc())
[139.260s][info][gc,phases,start] GC(301) Phase 1: Mark live objects
[139.265s][info][gc,phases      ] GC(301) Phase 1: Mark live objects 5.190ms
[139.265s][info][gc,phases,start] GC(301) Phase 2: Compute new object addresses
[139.266s][info][gc,phases      ] GC(301) Phase 2: Compute new object addresses 0.369ms
[139.266s][info][gc,phases,start] GC(301) Phase 3: Adjust pointers
[139.267s][info][gc,phases      ] GC(301) Phase 3: Adjust pointers 1.155ms
[139.267s][info][gc,phases,start] GC(301) Phase 4: Move objects
[139.267s][info][gc,phases      ] GC(301) Phase 4: Move objects 0.016ms
[139.267s][info][gc,heap        ] GC(301) DefNew: 44738K(2516544K)->0K(2516544K) Eden: 44738K(2236928K)->0K(2236928K) From: 0K(279616K)->0K(279616K)
[139.267s][info][gc,heap        ] GC(301) Tenured: 1135K(5592448K)->1138K(5592448K)
[139.267s][info][gc,metaspace   ] GC(301) Metaspace: 610K(832K)->607K(832K) NonClass: 573K(640K)->571K(640K) Class: 37K(192K)->36K(192K)
[139.267s][info][gc             ] GC(301) Pause Full (System.gc()) 44M->1M(7918M) 7.253ms
[139.267s][info][gc,cpu         ] GC(301) User=0.01s Sys=0.00s Real=0.01s
[139.721s][info][gc,start       ] GC(302) Pause Full (System.gc())
[139.721s][info][gc,phases,start] GC(302) Phase 1: Mark live objects
[139.723s][info][gc,phases      ] GC(302) Phase 1: Mark live objects 1.844ms
[139.723s][info][gc,phases,start] GC(302) Phase 2: Compute new object addresses
[139.723s][info][gc,phases      ] GC(302) Phase 2: Compute new object addresses 0.404ms
[139.723s][info][gc,phases,start] GC(302) Phase 3: Adjust pointers
[139.724s][info][gc,phases      ] GC(302) Phase 3: Adjust pointers 1.066ms
[139.724s][info][gc,phases,start] GC(302) Phase 4: Move objects
[139.724s][info][gc,phases      ] GC(302) Phase 4: Move objects 0.013ms
[139.725s][info][gc,heap        ] GC(302) DefNew: 44738K(2516544K)->0K(2516544K) Eden: 44738K(2236928K)->0K(2236928K) From: 0K(279616K)->0K(279616K)
[139.725s][info][gc,heap        ] GC(302) Tenured: 1138K(5592448K)->1141K(5592448K)
[139.725s][info][gc,metaspace   ] GC(302) Metaspace: 612K(832K)->611K(832K) NonClass: 574K(640K)->574K(640K) Class: 37K(192K)->37K(192K)
[139.725s][info][gc             ] GC(302) Pause Full (System.gc()) 44M->1M(7918M) 3.594ms
[139.725s][info][gc,cpu         ] GC(302) User=0.01s Sys=0.00s Real=0.01s
[140.180s][info][gc,start       ] GC(303) Pause Full (System.gc())
[140.180s][info][gc,phases,start] GC(303) Phase 1: Mark live objects
[140.185s][info][gc,phases      ] GC(303) Phase 1: Mark live objects 5.235ms
[140.185s][info][gc,phases,start] GC(303) Phase 2: Compute new object addresses
[140.186s][info][gc,phases      ] GC(303) Phase 2: Compute new object addresses 0.453ms
[140.186s][info][gc,phases,start] GC(303) Phase 3: Adjust pointers
[140.189s][info][gc,phases      ] GC(303) Phase 3: Adjust pointers 2.706ms
[140.189s][info][gc,phases,start] GC(303) Phase 4: Move objects
[140.189s][info][gc,phases      ] GC(303) Phase 4: Move objects 0.041ms
[140.189s][info][gc,heap        ] GC(303) DefNew: 44738K(2516544K)->0K(2516544K) Eden: 44738K(2236928K)->0K(2236928K) From: 0K(279616K)->0K(279616K)
[140.189s][info][gc,heap        ] GC(303) Tenured: 1141K(5592448K)->1127K(5592448K)
[140.189s][info][gc,metaspace   ] GC(303) Metaspace: 616K(832K)->615K(832K) NonClass: 577K(640K)->577K(640K) Class: 39K(192K)->38K(192K)
[140.189s][info][gc             ] GC(303) Pause Full (System.gc()) 44M->1M(7918M) 9.143ms
[140.189s][info][gc,cpu         ] GC(303) User=0.00s Sys=0.00s Real=0.01s
[140.648s][info][gc,start       ] GC(304) Pause Full (System.gc())
[140.648s][info][gc,phases,start] GC(304) Phase 1: Mark live objects
[140.655s][info][gc,phases      ] GC(304) Phase 1: Mark live objects 6.313ms
[140.655s][info][gc,phases,start] GC(304) Phase 2: Compute new object addresses
[140.655s][info][gc,phases      ] GC(304) Phase 2: Compute new object addresses 0.348ms
[140.655s][info][gc,phases,start] GC(304) Phase 3: Adjust pointers
[140.656s][info][gc,phases      ] GC(304) Phase 3: Adjust pointers 1.413ms
[140.656s][info][gc,phases,start] GC(304) Phase 4: Move objects
[140.656s][info][gc,phases      ] GC(304) Phase 4: Move objects 0.023ms
[140.657s][info][gc,heap        ] GC(304) DefNew: 44738K(2516544K)->0K(2516544K) Eden: 44738K(2236928K)->0K(2236928K) From: 0K(279616K)->0K(279616K)
[140.657s][info][gc,heap        ] GC(304) Tenured: 1127K(5592448K)->1130K(5592448K)
[140.657s][info][gc,metaspace   ] GC(304) Metaspace: 620K(832K)->619K(832K) NonClass: 580K(640K)->579K(640K) Class: 40K(192K)->39K(192K)
[140.657s][info][gc             ] GC(304) Pause Full (System.gc()) 44M->1M(7918M) 8.616ms
[140.657s][info][gc,cpu         ] GC(304) User=0.00s Sys=0.00s Real=0.01s
[141.120s][info][gc,start       ] GC(305) Pause Full (System.gc())
[141.120s][info][gc,phases,start] GC(305) Phase 1: Mark live objects
[141.124s][info][gc,phases      ] GC(305) Phase 1: Mark live objects 4.289ms
[141.124s][info][gc,phases,start] GC(305) Phase 2: Compute new object addresses
[141.125s][info][gc,phases      ] GC(305) Phase 2: Compute new object addresses 0.704ms
[141.125s][info][gc,phases,start] GC(305) Phase 3: Adjust pointers
[141.127s][info][gc,phases      ] GC(305) Phase 3: Adjust pointers 1.912ms
[141.127s][info][gc,phases,start] GC(305) Phase 4: Move objects
[141.127s][info][gc,phases      ] GC(305) Phase 4: Move objects 0.025ms
[141.127s][info][gc,heap        ] GC(305) DefNew: 44738K(2516544K)->0K(2516544K) Eden: 44738K(2236928K)->0K(2236928K) From: 0K(279616K)->0K(279616K)
[141.127s][info][gc,heap        ] GC(305) Tenured: 1130K(5592448K)->1133K(5592448K)
[141.127s][info][gc,metaspace   ] GC(305) Metaspace: 624K(832K)->624K(832K) NonClass: 583K(640K)->583K(640K) Class: 41K(192K)->41K(192K)
[141.127s][info][gc             ] GC(305) Pause Full (System.gc()) 44M->1M(7918M) 7.629ms
[141.127s][info][gc,cpu         ] GC(305) User=0.01s Sys=0.00s Real=0.01s
[141.584s][info][gc,start       ] GC(306) Pause Full (System.gc())
[141.584s][info][gc,phases,start] GC(306) Phase 1: Mark live objects
[141.589s][info][gc,phases      ] GC(306) Phase 1: Mark live objects 4.391ms
[141.589s][info][gc,phases,start] GC(306) Phase 2: Compute new object addresses
[141.589s][info][gc,phases      ] GC(306) Phase 2: Compute new object addresses 0.751ms
[141.589s][info][gc,phases,start] GC(306) Phase 3: Adjust pointers
[141.592s][info][gc,phases      ] GC(306) Phase 3: Adjust pointers 2.110ms
[141.592s][info][gc,phases,start] GC(306) Phase 4: Move objects
[141.592s][info][gc,phases      ] GC(306) Phase 4: Move objects 0.034ms
[141.592s][info][gc,heap        ] GC(306) DefNew: 44738K(2516544K)->0K(2516544K) Eden: 44738K(2236928K)->0K(2236928K) From: 0K(279616K)->0K(279616K)
[141.592s][info][gc,heap        ] GC(306) Tenured: 1133K(5592448K)->1136K(5592448K)
[141.592s][info][gc,metaspace   ] GC(306) Metaspace: 629K(896K)->629K(896K) NonClass: 586K(704K)->586K(704K) Class: 43K(192K)->43K(192K)
[141.592s][info][gc             ] GC(306) Pause Full (System.gc()) 44M->1M(7918M) 7.952ms
[141.592s][info][gc,cpu         ] GC(306) User=0.01s Sys=0.00s Real=0.00s
[142.045s][info][gc,start       ] GC(307) Pause Full (System.gc())
[142.045s][info][gc,phases,start] GC(307) Phase 1: Mark live objects
[142.050s][info][gc,phases      ] GC(307) Phase 1: Mark live objects 5.076ms
[142.051s][info][gc,phases,start] GC(307) Phase 2: Compute new object addresses
[142.051s][info][gc,phases      ] GC(307) Phase 2: Compute new object addresses 0.762ms
[142.051s][info][gc,phases,start] GC(307) Phase 3: Adjust pointers
[142.053s][info][gc,phases      ] GC(307) Phase 3: Adjust pointers 2.159ms
[142.054s][info][gc,phases,start] GC(307) Phase 4: Move objects
[142.054s][info][gc,phases      ] GC(307) Phase 4: Move objects 0.039ms
[142.054s][info][gc,heap        ] GC(307) DefNew: 44738K(2516544K)->0K(2516544K) Eden: 44738K(2236928K)->0K(2236928K) From: 0K(279616K)->0K(279616K)
[142.054s][info][gc,heap        ] GC(307) Tenured: 1136K(5592448K)->1137K(5592448K)
[142.054s][info][gc,metaspace   ] GC(307) Metaspace: 634K(896K)->634K(896K) NonClass: 589K(704K)->589K(704K) Class: 45K(192K)->45K(192K)
[142.054s][info][gc             ] GC(307) Pause Full (System.gc()) 44M->1M(7918M) 8.795ms
[142.054s][info][gc,cpu         ] GC(307) User=0.01s Sys=0.00s Real=0.01s
[142.510s][info][gc,start       ] GC(308) Pause Full (System.gc())
[142.510s][info][gc,phases,start] GC(308) Phase 1: Mark live objects
[142.516s][info][gc,phases      ] GC(308) Phase 1: Mark live objects 6.341ms
[142.516s][info][gc,phases,start] GC(308) Phase 2: Compute new object addresses
[142.517s][info][gc,phases      ] GC(308) Phase 2: Compute new object addresses 0.751ms
[142.517s][info][gc,phases,start] GC(308) Phase 3: Adjust pointers
[142.519s][info][gc,phases      ] GC(308) Phase 3: Adjust pointers 1.940ms
[142.519s][info][gc,phases,start] GC(308) Phase 4: Move objects
[142.519s][info][gc,phases      ] GC(308) Phase 4: Move objects 0.021ms
[142.519s][info][gc,heap        ] GC(308) DefNew: 44738K(2516544K)->0K(2516544K) Eden: 44738K(2236928K)->0K(2236928K) From: 0K(279616K)->0K(279616K)
[142.519s][info][gc,heap        ] GC(308) Tenured: 1137K(5592448K)->1140K(5592448K)
[142.519s][info][gc,metaspace   ] GC(308) Metaspace: 639K(896K)->620K(896K) NonClass: 592K(704K)->578K(704K) Class: 46K(192K)->41K(192K)
[142.520s][info][gc             ] GC(308) Pause Full (System.gc()) 44M->1M(7918M) 9.902ms
[142.520s][info][gc,cpu         ] GC(308) User=0.01s Sys=0.01s Real=0.01s
[142.976s][info][gc,start       ] GC(309) Pause Full (System.gc())
[142.976s][info][gc,phases,start] GC(309) Phase 1: Mark live objects
[142.982s][info][gc,phases      ] GC(309) Phase 1: Mark live objects 6.509ms
[142.983s][info][gc,phases,start] GC(309) Phase 2: Compute new object addresses
[142.983s][info][gc,phases      ] GC(309) Phase 2: Compute new object addresses 0.741ms
[142.983s][info][gc,phases,start] GC(309) Phase 3: Adjust pointers
[142.985s][info][gc,phases      ] GC(309) Phase 3: Adjust pointers 1.814ms
[142.985s][info][gc,phases,start] GC(309) Phase 4: Move objects
[142.985s][info][gc,phases      ] GC(309) Phase 4: Move objects 0.020ms
[142.985s][info][gc,heap        ] GC(309) DefNew: 44738K(2516544K)->0K(2516544K) Eden: 44738K(2236928K)->0K(2236928K) From: 0K(279616K)->0K(279616K)
[142.985s][info][gc,heap        ] GC(309) Tenured: 1140K(5592448K)->1143K(5592448K)
[142.985s][info][gc,metaspace   ] GC(309) Metaspace: 625K(896K)->621K(896K) NonClass: 581K(704K)->579K(704K) Class: 43K(192K)->42K(192K)
[142.985s][info][gc             ] GC(309) Pause Full (System.gc()) 44M->1M(7918M) 9.759ms
[142.985s][info][gc,cpu         ] GC(309) User=0.00s Sys=0.00s Real=0.01s
[143.442s][info][gc,start       ] GC(310) Pause Full (System.gc())
[143.442s][info][gc,phases,start] GC(310) Phase 1: Mark live objects
[143.448s][info][gc,phases      ] GC(310) Phase 1: Mark live objects 6.225ms
[143.448s][info][gc,phases,start] GC(310) Phase 2: Compute new object addresses
[143.449s][info][gc,phases      ] GC(310) Phase 2: Compute new object addresses 0.741ms
[143.449s][info][gc,phases,start] GC(310) Phase 3: Adjust pointers
[143.451s][info][gc,phases      ] GC(310) Phase 3: Adjust pointers 1.881ms
[143.451s][info][gc,phases,start] GC(310) Phase 4: Move objects
[143.451s][info][gc,phases      ] GC(310) Phase 4: Move objects 0.018ms
[143.451s][info][gc,heap        ] GC(310) DefNew: 44738K(2516544K)->0K(2516544K) Eden: 44738K(2236928K)->0K(2236928K) From: 0K(279616K)->0K(279616K)
[143.451s][info][gc,heap        ] GC(310) Tenured: 1143K(5592448K)->1147K(5592448K)
[143.451s][info][gc,metaspace   ] GC(310) Metaspace: 626K(896K)->623K(896K) NonClass: 582K(704K)->580K(704K) Class: 43K(192K)->42K(192K)
[143.451s][info][gc             ] GC(310) Pause Full (System.gc()) 44M->1M(7918M) 9.446ms
[143.451s][info][gc,cpu         ] GC(310) User=0.01s Sys=0.00s Real=0.01s
[143.906s][info][gc,start       ] GC(311) Pause Full (System.gc())
[143.906s][info][gc,phases,start] GC(311) Phase 1: Mark live objects
[143.912s][info][gc,phases      ] GC(311) Phase 1: Mark live objects 6.451ms
[143.913s][info][gc,phases,start] GC(311) Phase 2: Compute new object addresses
[143.913s][info][gc,phases      ] GC(311) Phase 2: Compute new object addresses 0.748ms
[143.913s][info][gc,phases,start] GC(311) Phase 3: Adjust pointers
[143.915s][info][gc,phases      ] GC(311) Phase 3: Adjust pointers 2.131ms
[143.916s][info][gc,phases,start] GC(311) Phase 4: Move objects
[143.916s][info][gc,phases      ] GC(311) Phase 4: Move objects 0.035ms
[143.916s][info][gc,heap        ] GC(311) DefNew: 44738K(2516544K)->0K(2516544K) Eden: 44738K(2236928K)->0K(2236928K) From: 0K(279616K)->0K(279616K)
[143.916s][info][gc,heap        ] GC(311) Tenured: 1147K(5592448K)->1132K(5592448K)
[143.916s][info][gc,metaspace   ] GC(311) Metaspace: 628K(896K)->625K(896K) NonClass: 584K(704K)->581K(704K) Class: 44K(192K)->43K(192K)
[143.916s][info][gc             ] GC(311) Pause Full (System.gc()) 44M->1M(7918M) 10.206ms
[143.916s][info][gc,cpu         ] GC(311) User=0.01s Sys=0.00s Real=0.01s
[144.372s][info][gc,start       ] GC(312) Pause Full (System.gc())
[144.372s][info][gc,phases,start] GC(312) Phase 1: Mark live objects
[144.379s][info][gc,phases      ] GC(312) Phase 1: Mark live objects 6.629ms
[144.379s][info][gc,phases,start] GC(312) Phase 2: Compute new object addresses
[144.380s][info][gc,phases      ] GC(312) Phase 2: Compute new object addresses 0.744ms
[144.380s][info][gc,phases,start] GC(312) Phase 3: Adjust pointers
[144.382s][info][gc,phases      ] GC(312) Phase 3: Adjust pointers 2.113ms
[144.382s][info][gc,phases,start] GC(312) Phase 4: Move objects
[144.382s][info][gc,phases      ] GC(312) Phase 4: Move objects 0.029ms
[144.382s][info][gc,heap        ] GC(312) DefNew: 44738K(2516544K)->0K(2516544K) Eden: 44738K(2236928K)->0K(2236928K) From: 0K(279616K)->0K(279616K)
[144.382s][info][gc,heap        ] GC(312) Tenured: 1132K(5592448K)->1136K(5592448K)
[144.382s][info][gc,metaspace   ] GC(312) Metaspace: 630K(896K)->627K(896K) NonClass: 585K(704K)->582K(704K) Class: 45K(192K)->44K(192K)
[144.382s][info][gc             ] GC(312) Pause Full (System.gc()) 44M->1M(7918M) 10.256ms
[144.382s][info][gc,cpu         ] GC(312) User=0.01s Sys=0.00s Real=0.02s
[144.835s][info][gc,start       ] GC(313) Pause Full (System.gc())
[144.835s][info][gc,phases,start] GC(313) Phase 1: Mark live objects
[144.842s][info][gc,phases      ] GC(313) Phase 1: Mark live objects 6.587ms
[144.842s][info][gc,phases,start] GC(313) Phase 2: Compute new object addresses
[144.843s][info][gc,phases      ] GC(313) Phase 2: Compute new object addresses 0.782ms
[144.843s][info][gc,phases,start] GC(313) Phase 3: Adjust pointers
[144.845s][info][gc,phases      ] GC(313) Phase 3: Adjust pointers 2.144ms
[144.845s][info][gc,phases,start] GC(313) Phase 4: Move objects
[144.845s][info][gc,phases      ] GC(313) Phase 4: Move objects 0.026ms
[144.845s][info][gc,heap        ] GC(313) DefNew: 44738K(2516544K)->0K(2516544K) Eden: 44738K(2236928K)->0K(2236928K) From: 0K(279616K)->0K(279616K)
[144.845s][info][gc,heap        ] GC(313) Tenured: 1136K(5592448K)->1138K(5592448K)
[144.845s][info][gc,metaspace   ] GC(313) Metaspace: 632K(896K)->631K(896K) NonClass: 586K(704K)->585K(704K) Class: 46K(192K)->45K(192K)
[144.845s][info][gc             ] GC(313) Pause Full (System.gc()) 44M->1M(7918M) 10.299ms
[144.845s][info][gc,cpu         ] GC(313) User=0.01s Sys=0.00s Real=0.01s
[145.300s][info][gc,start       ] GC(314) Pause Full (System.gc())
[145.301s][info][gc,phases,start] GC(314) Phase 1: Mark live objects
[145.307s][info][gc,phases      ] GC(314) Phase 1: Mark live objects 6.443ms
[145.307s][info][gc,phases,start] GC(314) Phase 2: Compute new object addresses
[145.308s][info][gc,phases      ] GC(314) Phase 2: Compute new object addresses 0.774ms
[145.308s][info][gc,phases,start] GC(314) Phase 3: Adjust pointers
[145.310s][info][gc,phases      ] GC(314) Phase 3: Adjust pointers 1.888ms
[145.310s][info][gc,phases,start] GC(314) Phase 4: Move objects
[145.310s][info][gc,phases      ] GC(314) Phase 4: Move objects 0.021ms
[145.310s][info][gc,heap        ] GC(314) DefNew: 44738K(2516544K)->0K(2516544K) Eden: 44738K(2236928K)->0K(2236928K) From: 0K(279616K)->0K(279616K)
[145.310s][info][gc,heap        ] GC(314) Tenured: 1138K(5592448K)->1142K(5592448K)
[145.310s][info][gc,metaspace   ] GC(314) Metaspace: 636K(896K)->630K(896K) NonClass: 588K(704K)->584K(704K) Class: 47K(192K)->45K(192K)
[145.310s][info][gc             ] GC(314) Pause Full (System.gc()) 44M->1M(7918M) 9.825ms
[145.310s][info][gc,cpu         ] GC(314) User=0.01s Sys=0.00s Real=0.01s
[145.763s][info][gc,start       ] GC(315) Pause Full (System.gc())
[145.763s][info][gc,phases,start] GC(315) Phase 1: Mark live objects
[145.770s][info][gc,phases      ] GC(315) Phase 1: Mark live objects 6.491ms
[145.770s][info][gc,phases,start] GC(315) Phase 2: Compute new object addresses
[145.771s][info][gc,phases      ] GC(315) Phase 2: Compute new object addresses 0.571ms
[145.771s][info][gc,phases,start] GC(315) Phase 3: Adjust pointers
[145.772s][info][gc,phases      ] GC(315) Phase 3: Adjust pointers 1.882ms
[145.773s][info][gc,phases,start] GC(315) Phase 4: Move objects
[145.773s][info][gc,phases      ] GC(315) Phase 4: Move objects 0.158ms
[145.774s][info][gc,heap        ] GC(315) DefNew: 44738K(2516544K)->0K(2516544K) Eden: 44738K(2236928K)->0K(2236928K) From: 0K(279616K)->0K(279616K)
[145.774s][info][gc,heap        ] GC(315) Tenured: 1142K(5592448K)->1136K(5592448K)
[145.774s][info][gc,metaspace   ] GC(315) Metaspace: 635K(896K)->632K(896K) NonClass: 588K(704K)->585K(704K) Class: 47K(192K)->46K(192K)
[145.774s][info][gc             ] GC(315) Pause Full (System.gc()) 44M->1M(7918M) 11.109ms
[145.774s][info][gc,cpu         ] GC(315) User=0.01s Sys=0.01s Real=0.01s
[146.231s][info][gc,start       ] GC(316) Pause Full (System.gc())
[146.231s][info][gc,phases,start] GC(316) Phase 1: Mark live objects
[146.235s][info][gc,phases      ] GC(316) Phase 1: Mark live objects 3.964ms
[146.235s][info][gc,phases,start] GC(316) Phase 2: Compute new object addresses
[146.236s][info][gc,phases      ] GC(316) Phase 2: Compute new object addresses 0.742ms
[146.236s][info][gc,phases,start] GC(316) Phase 3: Adjust pointers
[146.238s][info][gc,phases      ] GC(316) Phase 3: Adjust pointers 2.081ms
[146.238s][info][gc,phases,start] GC(316) Phase 4: Move objects
[146.238s][info][gc,phases      ] GC(316) Phase 4: Move objects 0.034ms
[146.238s][info][gc,heap        ] GC(316) DefNew: 44738K(2516544K)->0K(2516544K) Eden: 44738K(2236928K)->0K(2236928K) From: 0K(279616K)->0K(279616K)
[146.239s][info][gc,heap        ] GC(316) Tenured: 1136K(5592448K)->1139K(5592448K)
[146.239s][info][gc,metaspace   ] GC(316) Metaspace: 637K(896K)->637K(896K) NonClass: 589K(704K)->589K(704K) Class: 48K(192K)->48K(192K)
[146.239s][info][gc             ] GC(316) Pause Full (System.gc()) 44M->1M(7918M) 7.454ms
[146.239s][info][gc,cpu         ] GC(316) User=0.01s Sys=0.00s Real=0.01s
[146.696s][info][gc,start       ] GC(317) Pause Full (System.gc())
[146.696s][info][gc,phases,start] GC(317) Phase 1: Mark live objects
[146.703s][info][gc,phases      ] GC(317) Phase 1: Mark live objects 6.369ms
[146.703s][info][gc,phases,start] GC(317) Phase 2: Compute new object addresses
[146.703s][info][gc,phases      ] GC(317) Phase 2: Compute new object addresses 0.749ms
[146.703s][info][gc,phases,start] GC(317) Phase 3: Adjust pointers
[146.705s][info][gc,phases      ] GC(317) Phase 3: Adjust pointers 2.055ms
[146.705s][info][gc,phases,start] GC(317) Phase 4: Move objects
[146.705s][info][gc,phases      ] GC(317) Phase 4: Move objects 0.029ms
[146.706s][info][gc,heap        ] GC(317) DefNew: 44738K(2516544K)->0K(2516544K) Eden: 44738K(2236928K)->0K(2236928K) From: 0K(279616K)->0K(279616K)
[146.706s][info][gc,heap        ] GC(317) Tenured: 1139K(5592448K)->1142K(5592448K)
[146.706s][info][gc,metaspace   ] GC(317) Metaspace: 642K(896K)->610K(896K) NonClass: 592K(704K)->573K(704K) Class: 50K(192K)->36K(192K)
[146.706s][info][gc             ] GC(317) Pause Full (System.gc()) 44M->1M(7918M) 10.110ms
[146.706s][info][gc,cpu         ] GC(317) User=0.01s Sys=0.00s Real=0.01s
[147.158s][info][gc,start       ] GC(318) Pause Full (System.gc())
[147.159s][info][gc,phases,start] GC(318) Phase 1: Mark live objects
[147.165s][info][gc,phases      ] GC(318) Phase 1: Mark live objects 6.267ms
[147.165s][info][gc,phases,start] GC(318) Phase 2: Compute new object addresses
[147.166s][info][gc,phases      ] GC(318) Phase 2: Compute new object addresses 0.749ms
[147.166s][info][gc,phases,start] GC(318) Phase 3: Adjust pointers
[147.168s][info][gc,phases      ] GC(318) Phase 3: Adjust pointers 2.087ms
[147.168s][info][gc,phases,start] GC(318) Phase 4: Move objects
[147.168s][info][gc,phases      ] GC(318) Phase 4: Move objects 0.026ms
[147.168s][info][gc,heap        ] GC(318) DefNew: 44738K(2516544K)->0K(2516544K) Eden: 44738K(2236928K)->0K(2236928K) From: 0K(279616K)->0K(279616K)
[147.168s][info][gc,heap        ] GC(318) Tenured: 1142K(5592448K)->1145K(5592448K)
[147.168s][info][gc,metaspace   ] GC(318) Metaspace: 615K(896K)->612K(832K) NonClass: 577K(704K)->575K(640K) Class: 38K(192K)->37K(192K)
[147.168s][info][gc             ] GC(318) Pause Full (System.gc()) 44M->1M(7918M) 9.941ms
[147.168s][info][gc,cpu         ] GC(318) User=0.01s Sys=0.00s Real=0.01s
[147.625s][info][gc,start       ] GC(319) Pause Full (System.gc())
[147.626s][info][gc,phases,start] GC(319) Phase 1: Mark live objects
[147.630s][info][gc,phases      ] GC(319) Phase 1: Mark live objects 4.553ms
[147.630s][info][gc,phases,start] GC(319) Phase 2: Compute new object addresses
[147.631s][info][gc,phases      ] GC(319) Phase 2: Compute new object addresses 0.298ms
[147.631s][info][gc,phases,start] GC(319) Phase 3: Adjust pointers
[147.632s][info][gc,phases      ] GC(319) Phase 3: Adjust pointers 1.013ms
[147.632s][info][gc,phases,start] GC(319) Phase 4: Move objects
[147.632s][info][gc,phases      ] GC(319) Phase 4: Move objects 0.017ms
[147.632s][info][gc,heap        ] GC(319) DefNew: 44738K(2516544K)->0K(2516544K) Eden: 44738K(2236928K)->0K(2236928K) From: 0K(279616K)->0K(279616K)
[147.632s][info][gc,heap        ] GC(319) Tenured: 1145K(5592448K)->1126K(5592448K)
[147.632s][info][gc,metaspace   ] GC(319) Metaspace: 617K(832K)->614K(832K) NonClass: 578K(640K)->577K(640K) Class: 38K(192K)->37K(192K)
[147.632s][info][gc             ] GC(319) Pause Full (System.gc()) 44M->1M(7918M) 6.369ms
[147.632s][info][gc,cpu         ] GC(319) User=0.00s Sys=0.00s Real=0.00s
[148.088s][info][gc,start       ] GC(320) Pause Full (System.gc())
[148.088s][info][gc,phases,start] GC(320) Phase 1: Mark live objects
[148.094s][info][gc,phases      ] GC(320) Phase 1: Mark live objects 5.431ms
[148.094s][info][gc,phases,start] GC(320) Phase 2: Compute new object addresses
[148.094s][info][gc,phases      ] GC(320) Phase 2: Compute new object addresses 0.547ms
[148.094s][info][gc,phases,start] GC(320) Phase 3: Adjust pointers
[148.096s][info][gc,phases      ] GC(320) Phase 3: Adjust pointers 1.577ms
[148.096s][info][gc,phases,start] GC(320) Phase 4: Move objects
[148.096s][info][gc,phases      ] GC(320) Phase 4: Move objects 0.019ms
[148.096s][info][gc,heap        ] GC(320) DefNew: 44738K(2516544K)->0K(2516544K) Eden: 44738K(2236928K)->0K(2236928K) From: 0K(279616K)->0K(279616K)
[148.096s][info][gc,heap        ] GC(320) Tenured: 1126K(5592448K)->1129K(5592448K)
[148.096s][info][gc,metaspace   ] GC(320) Metaspace: 619K(832K)->617K(832K) NonClass: 580K(640K)->579K(640K) Class: 39K(192K)->38K(192K)
[148.096s][info][gc             ] GC(320) Pause Full (System.gc()) 44M->1M(7918M) 8.107ms
[148.096s][info][gc,cpu         ] GC(320) User=0.01s Sys=0.00s Real=0.01s
[148.552s][info][gc,start       ] GC(321) Pause Full (System.gc())
[148.552s][info][gc,phases,start] GC(321) Phase 1: Mark live objects
[148.557s][info][gc,phases      ] GC(321) Phase 1: Mark live objects 5.118ms
[148.557s][info][gc,phases,start] GC(321) Phase 2: Compute new object addresses
[148.558s][info][gc,phases      ] GC(321) Phase 2: Compute new object addresses 0.423ms
[148.558s][info][gc,phases,start] GC(321) Phase 3: Adjust pointers
[148.559s][info][gc,phases      ] GC(321) Phase 3: Adjust pointers 1.231ms
[148.559s][info][gc,phases,start] GC(321) Phase 4: Move objects
[148.559s][info][gc,phases      ] GC(321) Phase 4: Move objects 0.016ms
[148.559s][info][gc,heap        ] GC(321) DefNew: 44738K(2516544K)->0K(2516544K) Eden: 44738K(2236928K)->0K(2236928K) From: 0K(279616K)->0K(279616K)
[148.559s][info][gc,heap        ] GC(321) Tenured: 1129K(5592448K)->1132K(5592448K)
[148.559s][info][gc,metaspace   ] GC(321) Metaspace: 622K(832K)->607K(832K) NonClass: 582K(640K)->571K(640K) Class: 39K(192K)->36K(192K)
[148.559s][info][gc             ] GC(321) Pause Full (System.gc()) 44M->1M(7918M) 7.380ms
[148.559s][info][gc,cpu         ] GC(321) User=0.01s Sys=0.00s Real=0.01s
[149.013s][info][gc,start       ] GC(322) Pause Full (System.gc())
[149.013s][info][gc,phases,start] GC(322) Phase 1: Mark live objects
[149.018s][info][gc,phases      ] GC(322) Phase 1: Mark live objects 4.886ms
[149.018s][info][gc,phases,start] GC(322) Phase 2: Compute new object addresses
[149.018s][info][gc,phases      ] GC(322) Phase 2: Compute new object addresses 0.304ms
[149.018s][info][gc,phases,start] GC(322) Phase 3: Adjust pointers
[149.019s][info][gc,phases      ] GC(322) Phase 3: Adjust pointers 1.027ms
[149.019s][info][gc,phases,start] GC(322) Phase 4: Move objects
[149.019s][info][gc,phases      ] GC(322) Phase 4: Move objects 0.012ms
[149.019s][info][gc,heap        ] GC(322) DefNew: 44738K(2516544K)->0K(2516544K) Eden: 44738K(2236928K)->0K(2236928K) From: 0K(279616K)->0K(279616K)
[149.019s][info][gc,heap        ] GC(322) Tenured: 1132K(5592448K)->1135K(5592448K)
[149.019s][info][gc,metaspace   ] GC(322) Metaspace: 612K(832K)->609K(832K) NonClass: 574K(640K)->572K(640K) Class: 37K(192K)->36K(192K)
[149.020s][info][gc             ] GC(322) Pause Full (System.gc()) 44M->1M(7918M) 6.788ms
[149.020s][info][gc,cpu         ] GC(322) User=0.01s Sys=0.00s Real=0.00s
[149.475s][info][gc,start       ] GC(323) Pause Full (System.gc())
[149.476s][info][gc,phases,start] GC(323) Phase 1: Mark live objects
[149.482s][info][gc,phases      ] GC(323) Phase 1: Mark live objects 6.319ms
[149.482s][info][gc,phases,start] GC(323) Phase 2: Compute new object addresses
[149.483s][info][gc,phases      ] GC(323) Phase 2: Compute new object addresses 0.737ms
[149.483s][info][gc,phases,start] GC(323) Phase 3: Adjust pointers
[149.485s][info][gc,phases      ] GC(323) Phase 3: Adjust pointers 2.069ms
[149.485s][info][gc,phases,start] GC(323) Phase 4: Move objects
[149.485s][info][gc,phases      ] GC(323) Phase 4: Move objects 0.029ms
[149.485s][info][gc,heap        ] GC(323) DefNew: 44738K(2516544K)->0K(2516544K) Eden: 44738K(2236928K)->0K(2236928K) From: 0K(279616K)->0K(279616K)
[149.485s][info][gc,heap        ] GC(323) Tenured: 1135K(5592448K)->1126K(5592448K)
[149.485s][info][gc,metaspace   ] GC(323) Metaspace: 614K(832K)->613K(832K) NonClass: 575K(640K)->575K(640K) Class: 38K(192K)->38K(192K)
[149.485s][info][gc             ] GC(323) Pause Full (System.gc()) 44M->1M(7918M) 9.859ms
[149.485s][info][gc,cpu         ] GC(323) User=0.01s Sys=0.00s Real=0.01s
[149.942s][info][gc,start       ] GC(324) Pause Full (System.gc())
[149.942s][info][gc,phases,start] GC(324) Phase 1: Mark live objects
[149.949s][info][gc,phases      ] GC(324) Phase 1: Mark live objects 6.260ms
[149.949s][info][gc,phases,start] GC(324) Phase 2: Compute new object addresses
[149.949s][info][gc,phases      ] GC(324) Phase 2: Compute new object addresses 0.739ms
[149.949s][info][gc,phases,start] GC(324) Phase 3: Adjust pointers
[149.952s][info][gc,phases      ] GC(324) Phase 3: Adjust pointers 2.130ms
[149.955s][info][gc,phases,start] GC(324) Phase 4: Move objects
[149.955s][info][gc,phases      ] GC(324) Phase 4: Move objects 0.053ms
[149.955s][info][gc,heap        ] GC(324) DefNew: 44738K(2516544K)->0K(2516544K) Eden: 44738K(2236928K)->0K(2236928K) From: 0K(279616K)->0K(279616K)
[149.955s][info][gc,heap        ] GC(324) Tenured: 1126K(5592448K)->1129K(5592448K)
[149.955s][info][gc,metaspace   ] GC(324) Metaspace: 618K(832K)->617K(832K) NonClass: 578K(640K)->578K(640K) Class: 39K(192K)->39K(192K)
[149.955s][info][gc             ] GC(324) Pause Full (System.gc()) 44M->1M(7918M) 13.191ms
[149.955s][info][gc,cpu         ] GC(324) User=0.01s Sys=0.00s Real=0.02s
[150.413s][info][gc,start       ] GC(325) Pause Full (System.gc())
[150.413s][info][gc,phases,start] GC(325) Phase 1: Mark live objects
[150.418s][info][gc,phases      ] GC(325) Phase 1: Mark live objects 5.034ms
[150.418s][info][gc,phases,start] GC(325) Phase 2: Compute new object addresses
[150.419s][info][gc,phases      ] GC(325) Phase 2: Compute new object addresses 0.741ms
[150.419s][info][gc,phases,start] GC(325) Phase 3: Adjust pointers
[150.420s][info][gc,phases      ] GC(325) Phase 3: Adjust pointers 1.779ms
[150.420s][info][gc,phases,start] GC(325) Phase 4: Move objects
[150.420s][info][gc,phases      ] GC(325) Phase 4: Move objects 0.013ms
[150.421s][info][gc,heap        ] GC(325) DefNew: 44738K(2516544K)->0K(2516544K) Eden: 44738K(2236928K)->0K(2236928K) From: 0K(279616K)->0K(279616K)
[150.421s][info][gc,heap        ] GC(325) Tenured: 1129K(5592448K)->1132K(5592448K)
[150.421s][info][gc,metaspace   ] GC(325) Metaspace: 622K(832K)->622K(832K) NonClass: 581K(640K)->581K(640K) Class: 41K(192K)->41K(192K)
[150.421s][info][gc             ] GC(325) Pause Full (System.gc()) 44M->1M(7918M) 8.044ms
[150.421s][info][gc,cpu         ] GC(325) User=0.01s Sys=0.00s Real=0.00s
[150.873s][info][gc,start       ] GC(326) Pause Full (System.gc())
[150.873s][info][gc,phases,start] GC(326) Phase 1: Mark live objects
[150.878s][info][gc,phases      ] GC(326) Phase 1: Mark live objects 5.127ms
[150.878s][info][gc,phases,start] GC(326) Phase 2: Compute new object addresses
[150.879s][info][gc,phases      ] GC(326) Phase 2: Compute new object addresses 0.745ms
[150.879s][info][gc,phases,start] GC(326) Phase 3: Adjust pointers
[150.881s][info][gc,phases      ] GC(326) Phase 3: Adjust pointers 2.094ms
[150.881s][info][gc,phases,start] GC(326) Phase 4: Move objects
[150.881s][info][gc,phases      ] GC(326) Phase 4: Move objects 0.029ms
[150.882s][info][gc,heap        ] GC(326) DefNew: 44738K(2516544K)->0K(2516544K) Eden: 44738K(2236928K)->0K(2236928K) From: 0K(279616K)->0K(279616K)
[150.882s][info][gc,heap        ] GC(326) Tenured: 1132K(5592448K)->1135K(5592448K)
[150.882s][info][gc,metaspace   ] GC(326) Metaspace: 627K(896K)->627K(896K) NonClass: 584K(704K)->584K(704K) Class: 42K(192K)->42K(192K)
[150.882s][info][gc             ] GC(326) Pause Full (System.gc()) 44M->1M(7918M) 8.786ms
[150.882s][info][gc,cpu         ] GC(326) User=0.01s Sys=0.00s Real=0.00s
[151.334s][info][gc,start       ] GC(327) Pause Full (System.gc())
[151.334s][info][gc,phases,start] GC(327) Phase 1: Mark live objects
[151.341s][info][gc,phases      ] GC(327) Phase 1: Mark live objects 6.482ms
[151.341s][info][gc,phases,start] GC(327) Phase 2: Compute new object addresses
[151.342s][info][gc,phases      ] GC(327) Phase 2: Compute new object addresses 0.901ms
[151.342s][info][gc,phases,start] GC(327) Phase 3: Adjust pointers
[151.344s][info][gc,phases      ] GC(327) Phase 3: Adjust pointers 2.179ms
[151.344s][info][gc,phases,start] GC(327) Phase 4: Move objects
[151.344s][info][gc,phases      ] GC(327) Phase 4: Move objects 0.026ms
[151.344s][info][gc,heap        ] GC(327) DefNew: 44738K(2516544K)->0K(2516544K) Eden: 44738K(2236928K)->0K(2236928K) From: 0K(279616K)->0K(279616K)
[151.344s][info][gc,heap        ] GC(327) Tenured: 1135K(5592448K)->1133K(5592448K)
[151.344s][info][gc,metaspace   ] GC(327) Metaspace: 632K(896K)->629K(896K) NonClass: 587K(704K)->586K(704K) Class: 44K(192K)->43K(192K)
[151.344s][info][gc             ] GC(327) Pause Full (System.gc()) 44M->1M(7918M) 10.319ms
[151.344s][info][gc,cpu         ] GC(327) User=0.01s Sys=0.00s Real=0.01s
[151.801s][info][gc,start       ] GC(328) Pause Full (System.gc())
[151.801s][info][gc,phases,start] GC(328) Phase 1: Mark live objects
[151.808s][info][gc,phases      ] GC(328) Phase 1: Mark live objects 6.723ms
[151.808s][info][gc,phases,start] GC(328) Phase 2: Compute new object addresses
[151.809s][info][gc,phases      ] GC(328) Phase 2: Compute new object addresses 0.863ms
[151.809s][info][gc,phases,start] GC(328) Phase 3: Adjust pointers
[151.811s][info][gc,phases      ] GC(328) Phase 3: Adjust pointers 2.357ms
[151.811s][info][gc,phases,start] GC(328) Phase 4: Move objects
[151.811s][info][gc,phases      ] GC(328) Phase 4: Move objects 0.024ms
[151.811s][info][gc,heap        ] GC(328) DefNew: 44738K(2516544K)->0K(2516544K) Eden: 44738K(2236928K)->0K(2236928K) From: 0K(279616K)->0K(279616K)
[151.811s][info][gc,heap        ] GC(328) Tenured: 1133K(5592448K)->1136K(5592448K)
[151.811s][info][gc,metaspace   ] GC(328) Metaspace: 634K(896K)->633K(896K) NonClass: 589K(704K)->589K(704K) Class: 44K(192K)->44K(192K)
[151.812s][info][gc             ] GC(328) Pause Full (System.gc()) 44M->1M(7918M) 10.657ms
[151.812s][info][gc,cpu         ] GC(328) User=0.01s Sys=0.00s Real=0.01s
[152.269s][info][gc,start       ] GC(329) Pause Full (System.gc())
[152.269s][info][gc,phases,start] GC(329) Phase 1: Mark live objects
[152.274s][info][gc,phases      ] GC(329) Phase 1: Mark live objects 5.213ms
[152.274s][info][gc,phases,start] GC(329) Phase 2: Compute new object addresses
[152.275s][info][gc,phases      ] GC(329) Phase 2: Compute new object addresses 0.868ms
[152.275s][info][gc,phases,start] GC(329) Phase 3: Adjust pointers
[152.277s][info][gc,phases      ] GC(329) Phase 3: Adjust pointers 2.047ms
[152.277s][info][gc,phases,start] GC(329) Phase 4: Move objects
[152.277s][info][gc,phases      ] GC(329) Phase 4: Move objects 0.020ms
[152.277s][info][gc,heap        ] GC(329) DefNew: 44738K(2516544K)->0K(2516544K) Eden: 44738K(2236928K)->0K(2236928K) From: 0K(279616K)->0K(279616K)
[152.277s][info][gc,heap        ] GC(329) Tenured: 1136K(5592448K)->1139K(5592448K)
[152.277s][info][gc,metaspace   ] GC(329) Metaspace: 638K(896K)->638K(896K) NonClass: 592K(704K)->592K(704K) Class: 46K(192K)->46K(192K)
[152.277s][info][gc             ] GC(329) Pause Full (System.gc()) 44M->1M(7918M) 8.810ms
[152.277s][info][gc,cpu         ] GC(329) User=0.01s Sys=0.00s Real=0.01s
[152.733s][info][gc,start       ] GC(330) Pause Full (System.gc())
[152.733s][info][gc,phases,start] GC(330) Phase 1: Mark live objects
[152.739s][info][gc,phases      ] GC(330) Phase 1: Mark live objects 6.381ms
[152.739s][info][gc,phases,start] GC(330) Phase 2: Compute new object addresses
[152.740s][info][gc,phases      ] GC(330) Phase 2: Compute new object addresses 0.657ms
[152.740s][info][gc,phases,start] GC(330) Phase 3: Adjust pointers
[152.742s][info][gc,phases      ] GC(330) Phase 3: Adjust pointers 2.021ms
[152.742s][info][gc,phases,start] GC(330) Phase 4: Move objects
[152.742s][info][gc,phases      ] GC(330) Phase 4: Move objects 0.030ms
[152.742s][info][gc,heap        ] GC(330) DefNew: 44738K(2516544K)->0K(2516544K) Eden: 44738K(2236928K)->0K(2236928K) From: 0K(279616K)->0K(279616K)
[152.742s][info][gc,heap        ] GC(330) Tenured: 1139K(5592448K)->1142K(5592448K)
[152.742s][info][gc,metaspace   ] GC(330) Metaspace: 643K(896K)->624K(896K) NonClass: 595K(704K)->584K(704K) Class: 47K(192K)->39K(192K)
[152.742s][info][gc             ] GC(330) Pause Full (System.gc()) 44M->1M(7918M) 9.904ms
[152.742s][info][gc,cpu         ] GC(330) User=0.01s Sys=0.00s Real=0.01s
[153.196s][info][gc,start       ] GC(331) Pause Full (System.gc())
[153.196s][info][gc,phases,start] GC(331) Phase 1: Mark live objects
[153.202s][info][gc,phases      ] GC(331) Phase 1: Mark live objects 6.259ms
[153.202s][info][gc,phases,start] GC(331) Phase 2: Compute new object addresses
[153.203s][info][gc,phases      ] GC(331) Phase 2: Compute new object addresses 0.732ms
[153.203s][info][gc,phases,start] GC(331) Phase 3: Adjust pointers
[153.205s][info][gc,phases      ] GC(331) Phase 3: Adjust pointers 2.123ms
[153.205s][info][gc,phases,start] GC(331) Phase 4: Move objects
[153.205s][info][gc,phases      ] GC(331) Phase 4: Move objects 0.032ms
[153.205s][info][gc,heap        ] GC(331) DefNew: 44738K(2516544K)->0K(2516544K) Eden: 44738K(2236928K)->0K(2236928K) From: 0K(279616K)->0K(279616K)
[153.205s][info][gc,heap        ] GC(331) Tenured: 1142K(5592448K)->1131K(5592448K)
[153.205s][info][gc,metaspace   ] GC(331) Metaspace: 629K(896K)->626K(896K) NonClass: 587K(704K)->586K(704K) Class: 41K(192K)->40K(192K)
[153.205s][info][gc             ] GC(331) Pause Full (System.gc()) 44M->1M(7918M) 9.847ms
[153.205s][info][gc,cpu         ] GC(331) User=0.01s Sys=0.00s Real=0.01s
[153.658s][info][gc,start       ] GC(332) Pause Full (System.gc())
[153.659s][info][gc,phases,start] GC(332) Phase 1: Mark live objects
[153.663s][info][gc,phases      ] GC(332) Phase 1: Mark live objects 4.075ms
[153.663s][info][gc,phases,start] GC(332) Phase 2: Compute new object addresses
[153.663s][info][gc,phases      ] GC(332) Phase 2: Compute new object addresses 0.307ms
[153.663s][info][gc,phases,start] GC(332) Phase 3: Adjust pointers
[153.664s][info][gc,phases      ] GC(332) Phase 3: Adjust pointers 0.840ms
[153.664s][info][gc,phases,start] GC(332) Phase 4: Move objects
[153.664s][info][gc,phases      ] GC(332) Phase 4: Move objects 0.011ms
[153.664s][info][gc,heap        ] GC(332) DefNew: 44738K(2516544K)->0K(2516544K) Eden: 44738K(2236928K)->0K(2236928K) From: 0K(279616K)->0K(279616K)
[153.664s][info][gc,heap        ] GC(332) Tenured: 1131K(5592448K)->1134K(5592448K)
[153.664s][info][gc,metaspace   ] GC(332) Metaspace: 631K(896K)->631K(896K) NonClass: 589K(704K)->589K(704K) Class: 41K(192K)->41K(192K)
[153.664s][info][gc             ] GC(332) Pause Full (System.gc()) 44M->1M(7918M) 5.667ms
[153.664s][info][gc,cpu         ] GC(332) User=0.01s Sys=0.00s Real=0.01s
[154.121s][info][gc,start       ] GC(333) Pause Full (System.gc())
[154.122s][info][gc,phases,start] GC(333) Phase 1: Mark live objects
[154.127s][info][gc,phases      ] GC(333) Phase 1: Mark live objects 5.107ms
[154.127s][info][gc,phases,start] GC(333) Phase 2: Compute new object addresses
[154.128s][info][gc,phases      ] GC(333) Phase 2: Compute new object addresses 0.747ms
[154.128s][info][gc,phases,start] GC(333) Phase 3: Adjust pointers
[154.130s][info][gc,phases      ] GC(333) Phase 3: Adjust pointers 2.097ms
[154.130s][info][gc,phases,start] GC(333) Phase 4: Move objects
[154.130s][info][gc,phases      ] GC(333) Phase 4: Move objects 0.035ms
[154.130s][info][gc,heap        ] GC(333) DefNew: 44738K(2516544K)->0K(2516544K) Eden: 44738K(2236928K)->0K(2236928K) From: 0K(279616K)->0K(279616K)
[154.130s][info][gc,heap        ] GC(333) Tenured: 1134K(5592448K)->1137K(5592448K)
[154.130s][info][gc,metaspace   ] GC(333) Metaspace: 636K(896K)->636K(896K) NonClass: 592K(704K)->592K(704K) Class: 43K(192K)->43K(192K)
[154.130s][info][gc             ] GC(333) Pause Full (System.gc()) 44M->1M(7918M) 8.605ms
[154.130s][info][gc,cpu         ] GC(333) User=0.01s Sys=0.00s Real=0.01s
[154.586s][info][gc,start       ] GC(334) Pause Full (System.gc())
[154.586s][info][gc,phases,start] GC(334) Phase 1: Mark live objects
[154.591s][info][gc,phases      ] GC(334) Phase 1: Mark live objects 5.070ms
[154.591s][info][gc,phases,start] GC(334) Phase 2: Compute new object addresses
[154.592s][info][gc,phases      ] GC(334) Phase 2: Compute new object addresses 0.760ms
[154.592s][info][gc,phases,start] GC(334) Phase 3: Adjust pointers
[154.594s][info][gc,phases      ] GC(334) Phase 3: Adjust pointers 2.079ms
[154.594s][info][gc,phases,start] GC(334) Phase 4: Move objects
[154.594s][info][gc,phases      ] GC(334) Phase 4: Move objects 0.026ms
[154.595s][info][gc,heap        ] GC(334) DefNew: 44738K(2516544K)->0K(2516544K) Eden: 44738K(2236928K)->0K(2236928K) From: 0K(279616K)->0K(279616K)
[154.595s][info][gc,heap        ] GC(334) Tenured: 1137K(5592448K)->1140K(5592448K)
[154.595s][info][gc,metaspace   ] GC(334) Metaspace: 641K(896K)->641K(896K) NonClass: 596K(704K)->596K(704K) Class: 45K(192K)->45K(192K)
[154.595s][info][gc             ] GC(334) Pause Full (System.gc()) 44M->1M(7918M) 8.600ms
[154.595s][info][gc,cpu         ] GC(334) User=0.01s Sys=0.00s Real=0.01s
[155.049s][info][gc,start       ] GC(335) Pause Full (System.gc())
[155.049s][info][gc,phases,start] GC(335) Phase 1: Mark live objects
[155.056s][info][gc,phases      ] GC(335) Phase 1: Mark live objects 6.498ms
[155.056s][info][gc,phases,start] GC(335) Phase 2: Compute new object addresses
[155.057s][info][gc,phases      ] GC(335) Phase 2: Compute new object addresses 0.781ms
[155.057s][info][gc,phases,start] GC(335) Phase 3: Adjust pointers
[155.059s][info][gc,phases      ] GC(335) Phase 3: Adjust pointers 2.124ms
[155.059s][info][gc,phases,start] GC(335) Phase 4: Move objects
[155.059s][info][gc,phases      ] GC(335) Phase 4: Move objects 0.036ms
[155.059s][info][gc,heap        ] GC(335) DefNew: 44738K(2516544K)->0K(2516544K) Eden: 44738K(2236928K)->0K(2236928K) From: 0K(279616K)->0K(279616K)
[155.059s][info][gc,heap        ] GC(335) Tenured: 1140K(5592448K)->1138K(5592448K)
[155.059s][info][gc,metaspace   ] GC(335) Metaspace: 646K(896K)->642K(896K) NonClass: 599K(704K)->597K(704K) Class: 46K(192K)->44K(192K)
[155.059s][info][gc             ] GC(335) Pause Full (System.gc()) 44M->1M(7918M) 10.189ms
[155.059s][info][gc,cpu         ] GC(335) User=0.01s Sys=0.00s Real=0.01s
[155.512s][info][gc,start       ] GC(336) Pause Full (System.gc())
[155.512s][info][gc,phases,start] GC(336) Phase 1: Mark live objects
[155.518s][info][gc,phases      ] GC(336) Phase 1: Mark live objects 5.780ms
[155.518s][info][gc,phases,start] GC(336) Phase 2: Compute new object addresses
[155.519s][info][gc,phases      ] GC(336) Phase 2: Compute new object addresses 0.582ms
[155.519s][info][gc,phases,start] GC(336) Phase 3: Adjust pointers
[155.520s][info][gc,phases      ] GC(336) Phase 3: Adjust pointers 1.227ms
[155.520s][info][gc,phases,start] GC(336) Phase 4: Move objects
[155.520s][info][gc,phases      ] GC(336) Phase 4: Move objects 0.043ms
[155.520s][info][gc,heap        ] GC(336) DefNew: 44738K(2516544K)->0K(2516544K) Eden: 44738K(2236928K)->0K(2236928K) From: 0K(279616K)->0K(279616K)
[155.520s][info][gc,heap        ] GC(336) Tenured: 1138K(5592448K)->1141K(5592448K)
[155.520s][info][gc,metaspace   ] GC(336) Metaspace: 647K(896K)->646K(896K) NonClass: 600K(704K)->600K(704K) Class: 46K(192K)->46K(192K)
[155.520s][info][gc             ] GC(336) Pause Full (System.gc()) 44M->1M(7918M) 8.300ms
[155.520s][info][gc,cpu         ] GC(336) User=0.01s Sys=0.00s Real=0.01s
[155.977s][info][gc,start       ] GC(337) Pause Full (System.gc())
[155.978s][info][gc,phases,start] GC(337) Phase 1: Mark live objects
[155.983s][info][gc,phases      ] GC(337) Phase 1: Mark live objects 5.439ms
[155.983s][info][gc,phases,start] GC(337) Phase 2: Compute new object addresses
[155.984s][info][gc,phases      ] GC(337) Phase 2: Compute new object addresses 0.557ms
[155.984s][info][gc,phases,start] GC(337) Phase 3: Adjust pointers
[155.985s][info][gc,phases      ] GC(337) Phase 3: Adjust pointers 1.451ms
[155.985s][info][gc,phases,start] GC(337) Phase 4: Move objects
[155.985s][info][gc,phases      ] GC(337) Phase 4: Move objects 0.023ms
[155.985s][info][gc,heap        ] GC(337) DefNew: 44738K(2516544K)->0K(2516544K) Eden: 44738K(2236928K)->0K(2236928K) From: 0K(279616K)->0K(279616K)
[155.985s][info][gc,heap        ] GC(337) Tenured: 1141K(5592448K)->1144K(5592448K)
[155.985s][info][gc,metaspace   ] GC(337) Metaspace: 651K(896K)->650K(896K) NonClass: 603K(704K)->603K(704K) Class: 47K(192K)->47K(192K)
[155.985s][info][gc             ] GC(337) Pause Full (System.gc()) 44M->1M(7918M) 8.065ms
[155.986s][info][gc,cpu         ] GC(337) User=0.01s Sys=0.00s Real=0.01s
[156.442s][info][gc,start       ] GC(338) Pause Full (System.gc())
[156.443s][info][gc,phases,start] GC(338) Phase 1: Mark live objects
[156.447s][info][gc,phases      ] GC(338) Phase 1: Mark live objects 4.296ms
[156.447s][info][gc,phases,start] GC(338) Phase 2: Compute new object addresses
[156.448s][info][gc,phases      ] GC(338) Phase 2: Compute new object addresses 0.580ms
[156.448s][info][gc,phases,start] GC(338) Phase 3: Adjust pointers
[156.449s][info][gc,phases      ] GC(338) Phase 3: Adjust pointers 1.587ms
[156.449s][info][gc,phases,start] GC(338) Phase 4: Move objects
[156.449s][info][gc,phases      ] GC(338) Phase 4: Move objects 0.023ms
[156.449s][info][gc,heap        ] GC(338) DefNew: 44738K(2516544K)->0K(2516544K) Eden: 44738K(2236928K)->0K(2236928K) From: 0K(279616K)->0K(279616K)
[156.449s][info][gc,heap        ] GC(338) Tenured: 1144K(5592448K)->1147K(5592448K)
[156.449s][info][gc,metaspace   ] GC(338) Metaspace: 655K(896K)->655K(896K) NonClass: 606K(704K)->606K(704K) Class: 49K(192K)->49K(192K)
[156.449s][info][gc             ] GC(338) Pause Full (System.gc()) 44M->1M(7918M) 7.076ms
[156.450s][info][gc,cpu         ] GC(338) User=0.01s Sys=0.00s Real=0.00s
[156.903s][info][gc,start       ] GC(339) Pause Full (System.gc())
[156.903s][info][gc,phases,start] GC(339) Phase 1: Mark live objects
[156.907s][info][gc,phases      ] GC(339) Phase 1: Mark live objects 4.233ms
[156.907s][info][gc,phases,start] GC(339) Phase 2: Compute new object addresses
[156.908s][info][gc,phases      ] GC(339) Phase 2: Compute new object addresses 0.637ms
[156.908s][info][gc,phases,start] GC(339) Phase 3: Adjust pointers
[156.910s][info][gc,phases      ] GC(339) Phase 3: Adjust pointers 1.699ms
[156.910s][info][gc,phases,start] GC(339) Phase 4: Move objects
[156.910s][info][gc,phases      ] GC(339) Phase 4: Move objects 0.039ms
[156.910s][info][gc,heap        ] GC(339) DefNew: 44738K(2516544K)->0K(2516544K) Eden: 44738K(2236928K)->0K(2236928K) From: 0K(279616K)->0K(279616K)
[156.910s][info][gc,heap        ] GC(339) Tenured: 1147K(5592448K)->1148K(5592448K)
[156.910s][info][gc,metaspace   ] GC(339) Metaspace: 660K(896K)->660K(896K) NonClass: 609K(704K)->609K(704K) Class: 50K(192K)->50K(192K)
[156.910s][info][gc             ] GC(339) Pause Full (System.gc()) 44M->1M(7918M) 7.353ms
[156.910s][info][gc,cpu         ] GC(339) User=0.01s Sys=0.00s Real=0.00s
[157.362s][info][gc,start       ] GC(340) Pause Full (System.gc())
[157.362s][info][gc,phases,start] GC(340) Phase 1: Mark live objects
[157.365s][info][gc,phases      ] GC(340) Phase 1: Mark live objects 3.408ms
[157.365s][info][gc,phases,start] GC(340) Phase 2: Compute new object addresses
[157.366s][info][gc,phases      ] GC(340) Phase 2: Compute new object addresses 0.388ms
[157.366s][info][gc,phases,start] GC(340) Phase 3: Adjust pointers
[157.367s][info][gc,phases      ] GC(340) Phase 3: Adjust pointers 1.131ms
[157.367s][info][gc,phases,start] GC(340) Phase 4: Move objects
[157.367s][info][gc,phases      ] GC(340) Phase 4: Move objects 0.013ms
[157.367s][info][gc,heap        ] GC(340) DefNew: 44738K(2516544K)->0K(2516544K) Eden: 44738K(2236928K)->0K(2236928K) From: 0K(279616K)->0K(279616K)
[157.367s][info][gc,heap        ] GC(340) Tenured: 1148K(5592448K)->1151K(5592448K)
[157.367s][info][gc,metaspace   ] GC(340) Metaspace: 665K(960K)->665K(960K) NonClass: 613K(768K)->613K(768K) Class: 52K(192K)->52K(192K)
[157.367s][info][gc             ] GC(340) Pause Full (System.gc()) 44M->1M(7918M) 5.280ms
[157.367s][info][gc,cpu         ] GC(340) User=0.00s Sys=0.00s Real=0.01s
[157.820s][info][gc,start       ] GC(341) Pause Full (System.gc())
[157.821s][info][gc,phases,start] GC(341) Phase 1: Mark live objects
[157.824s][info][gc,phases      ] GC(341) Phase 1: Mark live objects 3.786ms
[157.824s][info][gc,phases,start] GC(341) Phase 2: Compute new object addresses
[157.825s][info][gc,phases      ] GC(341) Phase 2: Compute new object addresses 0.379ms
[157.825s][info][gc,phases,start] GC(341) Phase 3: Adjust pointers
[157.826s][info][gc,phases      ] GC(341) Phase 3: Adjust pointers 1.273ms
[157.826s][info][gc,phases,start] GC(341) Phase 4: Move objects
[157.826s][info][gc,phases      ] GC(341) Phase 4: Move objects 0.017ms
[157.826s][info][gc,heap        ] GC(341) DefNew: 44738K(2516544K)->0K(2516544K) Eden: 44738K(2236928K)->0K(2236928K) From: 0K(279616K)->0K(279616K)
[157.826s][info][gc,heap        ] GC(341) Tenured: 1151K(5592448K)->1154K(5592448K)
[157.826s][info][gc,metaspace   ] GC(341) Metaspace: 670K(960K)->670K(960K) NonClass: 616K(768K)->616K(768K) Class: 54K(192K)->54K(192K)
[157.826s][info][gc             ] GC(341) Pause Full (System.gc()) 44M->1M(7918M) 5.991ms
[157.826s][info][gc,cpu         ] GC(341) User=0.01s Sys=0.00s Real=0.01s
[158.279s][info][gc,start       ] GC(342) Pause Full (System.gc())
[158.279s][info][gc,phases,start] GC(342) Phase 1: Mark live objects
[158.281s][info][gc,phases      ] GC(342) Phase 1: Mark live objects 1.856ms
[158.281s][info][gc,phases,start] GC(342) Phase 2: Compute new object addresses
[158.282s][info][gc,phases      ] GC(342) Phase 2: Compute new object addresses 0.501ms
[158.282s][info][gc,phases,start] GC(342) Phase 3: Adjust pointers
[158.283s][info][gc,phases      ] GC(342) Phase 3: Adjust pointers 1.281ms
[158.283s][info][gc,phases,start] GC(342) Phase 4: Move objects
[158.283s][info][gc,phases      ] GC(342) Phase 4: Move objects 0.012ms
[158.283s][info][gc,heap        ] GC(342) DefNew: 44738K(2516544K)->0K(2516544K) Eden: 44738K(2236928K)->0K(2236928K) From: 0K(279616K)->0K(279616K)
[158.283s][info][gc,heap        ] GC(342) Tenured: 1154K(5592448K)->1157K(5592448K)
[158.283s][info][gc,metaspace   ] GC(342) Metaspace: 685K(960K)->685K(960K) NonClass: 629K(768K)->629K(768K) Class: 56K(192K)->56K(192K)
[158.283s][info][gc             ] GC(342) Pause Full (System.gc()) 44M->1M(7918M) 3.872ms
[158.283s][info][gc,cpu         ] GC(342) User=0.00s Sys=0.00s Real=0.01s
[158.738s][info][gc,start       ] GC(343) Pause Full (System.gc())
[158.738s][info][gc,phases,start] GC(343) Phase 1: Mark live objects
[158.741s][info][gc,phases      ] GC(343) Phase 1: Mark live objects 2.421ms
[158.741s][info][gc,phases,start] GC(343) Phase 2: Compute new object addresses
[158.741s][info][gc,phases      ] GC(343) Phase 2: Compute new object addresses 0.532ms
[158.741s][info][gc,phases,start] GC(343) Phase 3: Adjust pointers
[158.742s][info][gc,phases      ] GC(343) Phase 3: Adjust pointers 1.309ms
[158.742s][info][gc,phases,start] GC(343) Phase 4: Move objects
[158.742s][info][gc,phases      ] GC(343) Phase 4: Move objects 0.021ms
[158.743s][info][gc,heap        ] GC(343) DefNew: 44738K(2516544K)->0K(2516544K) Eden: 44738K(2236928K)->0K(2236928K) From: 0K(279616K)->0K(279616K)
[158.743s][info][gc,heap        ] GC(343) Tenured: 1157K(5592448K)->1142K(5592448K)
[158.743s][info][gc,metaspace   ] GC(343) Metaspace: 690K(960K)->663K(960K) NonClass: 632K(768K)->617K(768K) Class: 57K(192K)->46K(192K)
[158.743s][info][gc             ] GC(343) Pause Full (System.gc()) 44M->1M(7918M) 4.659ms
[158.743s][info][gc,cpu         ] GC(343) User=0.00s Sys=0.00s Real=0.01s
[159.206s][info][gc,start       ] GC(344) Pause Full (System.gc())
[159.206s][info][gc,phases,start] GC(344) Phase 1: Mark live objects
[159.208s][info][gc,phases      ] GC(344) Phase 1: Mark live objects 2.125ms
[159.208s][info][gc,phases,start] GC(344) Phase 2: Compute new object addresses
[159.209s][info][gc,phases      ] GC(344) Phase 2: Compute new object addresses 0.347ms
[159.209s][info][gc,phases,start] GC(344) Phase 3: Adjust pointers
[159.210s][info][gc,phases      ] GC(344) Phase 3: Adjust pointers 0.864ms
[159.210s][info][gc,phases,start] GC(344) Phase 4: Move objects
[159.210s][info][gc,phases      ] GC(344) Phase 4: Move objects 0.010ms
[159.210s][info][gc,heap        ] GC(344) DefNew: 44738K(2516544K)->0K(2516544K) Eden: 44738K(2236928K)->0K(2236928K) From: 0K(279616K)->0K(279616K)
[159.210s][info][gc,heap        ] GC(344) Tenured: 1142K(5592448K)->1145K(5592448K)
[159.210s][info][gc,metaspace   ] GC(344) Metaspace: 668K(960K)->666K(960K) NonClass: 620K(768K)->619K(768K) Class: 47K(192K)->46K(192K)
[159.210s][info][gc             ] GC(344) Pause Full (System.gc()) 44M->1M(7918M) 3.569ms
[159.210s][info][gc,cpu         ] GC(344) User=0.00s Sys=0.00s Real=0.00s
[159.661s][info][gc,start       ] GC(345) Pause Full (System.gc())
[159.661s][info][gc,phases,start] GC(345) Phase 1: Mark live objects
[159.666s][info][gc,phases      ] GC(345) Phase 1: Mark live objects 4.337ms
[159.666s][info][gc,phases,start] GC(345) Phase 2: Compute new object addresses
[159.666s][info][gc,phases      ] GC(345) Phase 2: Compute new object addresses 0.769ms
[159.667s][info][gc,phases,start] GC(345) Phase 3: Adjust pointers
[159.670s][info][gc,phases      ] GC(345) Phase 3: Adjust pointers 3.224ms
[159.671s][info][gc,phases,start] GC(345) Phase 4: Move objects
[159.671s][info][gc,phases      ] GC(345) Phase 4: Move objects 0.046ms
[159.671s][info][gc,heap        ] GC(345) DefNew: 44738K(2516544K)->0K(2516544K) Eden: 44738K(2236928K)->0K(2236928K) From: 0K(279616K)->0K(279616K)
[159.671s][info][gc,heap        ] GC(345) Tenured: 1145K(5592448K)->1148K(5592448K)
[159.671s][info][gc,metaspace   ] GC(345) Metaspace: 671K(960K)->670K(960K) NonClass: 622K(768K)->622K(768K) Class: 48K(192K)->47K(192K)
[159.671s][info][gc             ] GC(345) Pause Full (System.gc()) 44M->1M(7918M) 9.744ms
[159.671s][info][gc,cpu         ] GC(345) User=0.01s Sys=0.00s Real=0.01s
[160.137s][info][gc,start       ] GC(346) Pause Full (System.gc())
[160.137s][info][gc,phases,start] GC(346) Phase 1: Mark live objects
[160.145s][info][gc,phases      ] GC(346) Phase 1: Mark live objects 7.783ms
[160.145s][info][gc,phases,start] GC(346) Phase 2: Compute new object addresses
[160.146s][info][gc,phases      ] GC(346) Phase 2: Compute new object addresses 0.593ms
[160.146s][info][gc,phases,start] GC(346) Phase 3: Adjust pointers
[160.148s][info][gc,phases      ] GC(346) Phase 3: Adjust pointers 1.878ms
[160.148s][info][gc,phases,start] GC(346) Phase 4: Move objects
[160.148s][info][gc,phases      ] GC(346) Phase 4: Move objects 0.027ms
[160.148s][info][gc,heap        ] GC(346) DefNew: 44738K(2516544K)->0K(2516544K) Eden: 44738K(2236928K)->0K(2236928K) From: 0K(279616K)->0K(279616K)
[160.148s][info][gc,heap        ] GC(346) Tenured: 1148K(5592448K)->1151K(5592448K)
[160.148s][info][gc,metaspace   ] GC(346) Metaspace: 675K(960K)->674K(960K) NonClass: 625K(768K)->625K(768K) Class: 49K(192K)->48K(192K)
[160.148s][info][gc             ] GC(346) Pause Full (System.gc()) 44M->1M(7918M) 11.081ms
[160.148s][info][gc,cpu         ] GC(346) User=0.01s Sys=0.00s Real=0.01s
[160.617s][info][gc,start       ] GC(347) Pause Full (System.gc())
[160.617s][info][gc,phases,start] GC(347) Phase 1: Mark live objects
[160.622s][info][gc,phases      ] GC(347) Phase 1: Mark live objects 5.003ms
[160.622s][info][gc,phases,start] GC(347) Phase 2: Compute new object addresses
[160.623s][info][gc,phases      ] GC(347) Phase 2: Compute new object addresses 1.050ms
[160.623s][info][gc,phases,start] GC(347) Phase 3: Adjust pointers
[160.625s][info][gc,phases      ] GC(347) Phase 3: Adjust pointers 2.493ms
[160.626s][info][gc,phases,start] GC(347) Phase 4: Move objects
[160.626s][info][gc,phases      ] GC(347) Phase 4: Move objects 0.097ms
[160.626s][info][gc,heap        ] GC(347) DefNew: 44738K(2516544K)->0K(2516544K) Eden: 44738K(2236928K)->0K(2236928K) From: 0K(279616K)->0K(279616K)
[160.626s][info][gc,heap        ] GC(347) Tenured: 1151K(5592448K)->1150K(5592448K)
[160.626s][info][gc,metaspace   ] GC(347) Metaspace: 679K(960K)->679K(960K) NonClass: 628K(768K)->628K(768K) Class: 50K(192K)->50K(192K)
[160.626s][info][gc             ] GC(347) Pause Full (System.gc()) 44M->1M(7918M) 9.242ms
[160.626s][info][gc,cpu         ] GC(347) User=0.01s Sys=0.00s Real=0.01s
[161.080s][info][gc,start       ] GC(348) Pause Full (System.gc())
[161.080s][info][gc,phases,start] GC(348) Phase 1: Mark live objects
[161.084s][info][gc,phases      ] GC(348) Phase 1: Mark live objects 4.504ms
[161.085s][info][gc,phases,start] GC(348) Phase 2: Compute new object addresses
[161.085s][info][gc,phases      ] GC(348) Phase 2: Compute new object addresses 0.606ms
[161.085s][info][gc,phases,start] GC(348) Phase 3: Adjust pointers
[161.087s][info][gc,phases      ] GC(348) Phase 3: Adjust pointers 1.706ms
[161.087s][info][gc,phases,start] GC(348) Phase 4: Move objects
[161.087s][info][gc,phases      ] GC(348) Phase 4: Move objects 0.025ms
[161.087s][info][gc,heap        ] GC(348) DefNew: 44738K(2516544K)->0K(2516544K) Eden: 44738K(2236928K)->0K(2236928K) From: 0K(279616K)->0K(279616K)
[161.087s][info][gc,heap        ] GC(348) Tenured: 1150K(5592448K)->1153K(5592448K)
[161.087s][info][gc,metaspace   ] GC(348) Metaspace: 684K(960K)->684K(960K) NonClass: 631K(768K)->631K(768K) Class: 52K(192K)->52K(192K)
[161.087s][info][gc             ] GC(348) Pause Full (System.gc()) 44M->1M(7918M) 7.343ms
[161.087s][info][gc,cpu         ] GC(348) User=0.00s Sys=0.00s Real=0.01s
[161.541s][info][gc,start       ] GC(349) Pause Full (System.gc())
[161.541s][info][gc,phases,start] GC(349) Phase 1: Mark live objects
[161.548s][info][gc,phases      ] GC(349) Phase 1: Mark live objects 6.455ms
[161.548s][info][gc,phases,start] GC(349) Phase 2: Compute new object addresses
[161.549s][info][gc,phases      ] GC(349) Phase 2: Compute new object addresses 0.772ms
[161.549s][info][gc,phases,start] GC(349) Phase 3: Adjust pointers
[161.551s][info][gc,phases      ] GC(349) Phase 3: Adjust pointers 2.318ms
[161.551s][info][gc,phases,start] GC(349) Phase 4: Move objects
[161.551s][info][gc,phases      ] GC(349) Phase 4: Move objects 0.049ms
[161.551s][info][gc,heap        ] GC(349) DefNew: 44738K(2516544K)->0K(2516544K) Eden: 44738K(2236928K)->0K(2236928K) From: 0K(279616K)->0K(279616K)
[161.551s][info][gc,heap        ] GC(349) Tenured: 1153K(5592448K)->1156K(5592448K)
[161.551s][info][gc,metaspace   ] GC(349) Metaspace: 689K(960K)->677K(960K) NonClass: 634K(768K)->628K(768K) Class: 54K(192K)->49K(192K)
[161.551s][info][gc             ] GC(349) Pause Full (System.gc()) 44M->1M(7918M) 10.426ms
[161.551s][info][gc,cpu         ] GC(349) User=0.01s Sys=0.00s Real=0.01s
[162.009s][info][gc,start       ] GC(350) Pause Full (System.gc())
[162.009s][info][gc,phases,start] GC(350) Phase 1: Mark live objects
[162.016s][info][gc,phases      ] GC(350) Phase 1: Mark live objects 6.652ms
[162.016s][info][gc,phases,start] GC(350) Phase 2: Compute new object addresses
[162.017s][info][gc,phases      ] GC(350) Phase 2: Compute new object addresses 0.946ms
[162.017s][info][gc,phases,start] GC(350) Phase 3: Adjust pointers
[162.019s][info][gc,phases      ] GC(350) Phase 3: Adjust pointers 2.390ms
[162.019s][info][gc,phases,start] GC(350) Phase 4: Move objects
[162.019s][info][gc,phases      ] GC(350) Phase 4: Move objects 0.027ms
[162.019s][info][gc,heap        ] GC(350) DefNew: 44738K(2516544K)->0K(2516544K) Eden: 44738K(2236928K)->0K(2236928K) From: 0K(279616K)->0K(279616K)
[162.020s][info][gc,heap        ] GC(350) Tenured: 1156K(5592448K)->1159K(5592448K)
[162.020s][info][gc,metaspace   ] GC(350) Metaspace: 682K(960K)->679K(960K) NonClass: 631K(768K)->630K(768K) Class: 50K(192K)->49K(192K)
[162.020s][info][gc             ] GC(350) Pause Full (System.gc()) 44M->1M(7918M) 10.898ms
[162.020s][info][gc,cpu         ] GC(350) User=0.01s Sys=0.00s Real=0.01s
[162.474s][info][gc,start       ] GC(351) Pause Full (System.gc())
[162.474s][info][gc,phases,start] GC(351) Phase 1: Mark live objects
[162.479s][info][gc,phases      ] GC(351) Phase 1: Mark live objects 4.967ms
[162.479s][info][gc,phases,start] GC(351) Phase 2: Compute new object addresses
[162.480s][info][gc,phases      ] GC(351) Phase 2: Compute new object addresses 0.759ms
[162.480s][info][gc,phases,start] GC(351) Phase 3: Adjust pointers
[162.482s][info][gc,phases      ] GC(351) Phase 3: Adjust pointers 1.975ms
[162.482s][info][gc,phases,start] GC(351) Phase 4: Move objects
[162.482s][info][gc,phases      ] GC(351) Phase 4: Move objects 0.027ms
[162.482s][info][gc,heap        ] GC(351) DefNew: 44738K(2516544K)->0K(2516544K) Eden: 44738K(2236928K)->0K(2236928K) From: 0K(279616K)->0K(279616K)
[162.482s][info][gc,heap        ] GC(351) Tenured: 1159K(5592448K)->1152K(5592448K)
[162.482s][info][gc,metaspace   ] GC(351) Metaspace: 684K(960K)->684K(960K) NonClass: 633K(768K)->633K(768K) Class: 51K(192K)->51K(192K)
[162.482s][info][gc             ] GC(351) Pause Full (System.gc()) 44M->1M(7918M) 8.307ms
[162.482s][info][gc,cpu         ] GC(351) User=0.01s Sys=0.00s Real=0.01s
[162.939s][info][gc,start       ] GC(352) Pause Full (System.gc())
[162.939s][info][gc,phases,start] GC(352) Phase 1: Mark live objects
[162.946s][info][gc,phases      ] GC(352) Phase 1: Mark live objects 6.697ms
[162.946s][info][gc,phases,start] GC(352) Phase 2: Compute new object addresses
[162.947s][info][gc,phases      ] GC(352) Phase 2: Compute new object addresses 0.763ms
[162.947s][info][gc,phases,start] GC(352) Phase 3: Adjust pointers
[162.949s][info][gc,phases      ] GC(352) Phase 3: Adjust pointers 2.233ms
[162.949s][info][gc,phases,start] GC(352) Phase 4: Move objects
[162.949s][info][gc,phases      ] GC(352) Phase 4: Move objects 0.029ms
[162.949s][info][gc,heap        ] GC(352) DefNew: 44738K(2516544K)->0K(2516544K) Eden: 44738K(2236928K)->0K(2236928K) From: 0K(279616K)->0K(279616K)
[162.949s][info][gc,heap        ] GC(352) Tenured: 1152K(5592448K)->1155K(5592448K)
[162.950s][info][gc,metaspace   ] GC(352) Metaspace: 689K(960K)->687K(960K) NonClass: 636K(768K)->635K(768K) Class: 52K(192K)->51K(192K)
[162.950s][info][gc             ] GC(352) Pause Full (System.gc()) 44M->1M(7918M) 10.428ms
[162.950s][info][gc,cpu         ] GC(352) User=0.01s Sys=0.00s Real=0.01s
[163.402s][info][gc,start       ] GC(353) Pause Full (System.gc())
[163.402s][info][gc,phases,start] GC(353) Phase 1: Mark live objects
[163.409s][info][gc,phases      ] GC(353) Phase 1: Mark live objects 6.837ms
[163.409s][info][gc,phases,start] GC(353) Phase 2: Compute new object addresses
[163.410s][info][gc,phases      ] GC(353) Phase 2: Compute new object addresses 0.766ms
[163.410s][info][gc,phases,start] GC(353) Phase 3: Adjust pointers
[163.412s][info][gc,phases      ] GC(353) Phase 3: Adjust pointers 2.223ms
[163.412s][info][gc,phases,start] GC(353) Phase 4: Move objects
[163.412s][info][gc,phases      ] GC(353) Phase 4: Move objects 0.033ms
[163.412s][info][gc,heap        ] GC(353) DefNew: 44738K(2516544K)->0K(2516544K) Eden: 44738K(2236928K)->0K(2236928K) From: 0K(279616K)->0K(279616K)
[163.412s][info][gc,heap        ] GC(353) Tenured: 1155K(5592448K)->1158K(5592448K)
[163.412s][info][gc,metaspace   ] GC(353) Metaspace: 692K(960K)->691K(960K) NonClass: 639K(768K)->638K(768K) Class: 53K(192K)->53K(192K)
[163.412s][info][gc             ] GC(353) Pause Full (System.gc()) 44M->1M(7918M) 10.706ms
[163.412s][info][gc,cpu         ] GC(353) User=0.01s Sys=0.01s Real=0.02s
[163.867s][info][gc,start       ] GC(354) Pause Full (System.gc())
[163.868s][info][gc,phases,start] GC(354) Phase 1: Mark live objects
[163.872s][info][gc,phases      ] GC(354) Phase 1: Mark live objects 4.645ms
[163.872s][info][gc,phases,start] GC(354) Phase 2: Compute new object addresses
[163.873s][info][gc,phases      ] GC(354) Phase 2: Compute new object addresses 0.423ms
[163.873s][info][gc,phases,start] GC(354) Phase 3: Adjust pointers
[163.874s][info][gc,phases      ] GC(354) Phase 3: Adjust pointers 1.655ms
[163.875s][info][gc,phases,start] GC(354) Phase 4: Move objects
[163.875s][info][gc,phases      ] GC(354) Phase 4: Move objects 0.033ms
[163.875s][info][gc,heap        ] GC(354) DefNew: 44738K(2516544K)->0K(2516544K) Eden: 44738K(2236928K)->0K(2236928K) From: 0K(279616K)->0K(279616K)
[163.875s][info][gc,heap        ] GC(354) Tenured: 1158K(5592448K)->1161K(5592448K)
[163.875s][info][gc,metaspace   ] GC(354) Metaspace: 696K(960K)->696K(960K) NonClass: 642K(768K)->642K(768K) Class: 54K(192K)->54K(192K)
[163.875s][info][gc             ] GC(354) Pause Full (System.gc()) 44M->1M(7918M) 7.617ms
[163.875s][info][gc,cpu         ] GC(354) User=0.01s Sys=0.00s Real=0.01s
[164.332s][info][gc,start       ] GC(355) Pause Full (System.gc())
[164.332s][info][gc,phases,start] GC(355) Phase 1: Mark live objects
[164.337s][info][gc,phases      ] GC(355) Phase 1: Mark live objects 5.417ms
[164.338s][info][gc,phases,start] GC(355) Phase 2: Compute new object addresses
[164.338s][info][gc,phases      ] GC(355) Phase 2: Compute new object addresses 0.835ms
[164.338s][info][gc,phases,start] GC(355) Phase 3: Adjust pointers
[164.340s][info][gc,phases      ] GC(355) Phase 3: Adjust pointers 2.067ms
[164.341s][info][gc,phases,start] GC(355) Phase 4: Move objects
[164.341s][info][gc,phases      ] GC(355) Phase 4: Move objects 0.034ms
[164.341s][info][gc,heap        ] GC(355) DefNew: 44738K(2516544K)->0K(2516544K) Eden: 44738K(2236928K)->0K(2236928K) From: 0K(279616K)->0K(279616K)
[164.341s][info][gc,heap        ] GC(355) Tenured: 1161K(5592448K)->1161K(5592448K)
[164.341s][info][gc,metaspace   ] GC(355) Metaspace: 701K(960K)->701K(960K) NonClass: 645K(768K)->645K(768K) Class: 56K(192K)->56K(192K)
[164.341s][info][gc             ] GC(355) Pause Full (System.gc()) 44M->1M(7918M) 9.117ms
[164.341s][info][gc,cpu         ] GC(355) User=0.01s Sys=0.00s Real=0.01s
[164.793s][info][gc,start       ] GC(356) Pause Full (System.gc())
[164.794s][info][gc,phases,start] GC(356) Phase 1: Mark live objects
[164.799s][info][gc,phases      ] GC(356) Phase 1: Mark live objects 5.170ms
[164.799s][info][gc,phases,start] GC(356) Phase 2: Compute new object addresses
[164.800s][info][gc,phases      ] GC(356) Phase 2: Compute new object addresses 0.764ms
[164.800s][info][gc,phases,start] GC(356) Phase 3: Adjust pointers
[164.802s][info][gc,phases      ] GC(356) Phase 3: Adjust pointers 2.157ms
[164.802s][info][gc,phases,start] GC(356) Phase 4: Move objects
[164.802s][info][gc,phases      ] GC(356) Phase 4: Move objects 0.040ms
[164.802s][info][gc,heap        ] GC(356) DefNew: 44738K(2516544K)->0K(2516544K) Eden: 44738K(2236928K)->0K(2236928K) From: 0K(279616K)->0K(279616K)
[164.802s][info][gc,heap        ] GC(356) Tenured: 1161K(5592448K)->1164K(5592448K)
[164.802s][info][gc,metaspace   ] GC(356) Metaspace: 706K(960K)->706K(960K) NonClass: 648K(768K)->648K(768K) Class: 58K(192K)->58K(192K)
[164.802s][info][gc             ] GC(356) Pause Full (System.gc()) 44M->1M(7918M) 8.874ms
[164.802s][info][gc,cpu         ] GC(356) User=0.01s Sys=0.00s Real=0.01s
[165.255s][info][gc,start       ] GC(357) Pause Full (System.gc())
[165.255s][info][gc,phases,start] GC(357) Phase 1: Mark live objects
[165.260s][info][gc,phases      ] GC(357) Phase 1: Mark live objects 5.054ms
[165.260s][info][gc,phases,start] GC(357) Phase 2: Compute new object addresses
[165.261s][info][gc,phases      ] GC(357) Phase 2: Compute new object addresses 0.786ms
[165.261s][info][gc,phases,start] GC(357) Phase 3: Adjust pointers
[165.263s][info][gc,phases      ] GC(357) Phase 3: Adjust pointers 2.074ms
[165.263s][info][gc,phases,start] GC(357) Phase 4: Move objects
[165.263s][info][gc,phases      ] GC(357) Phase 4: Move objects 0.030ms
[165.263s][info][gc,heap        ] GC(357) DefNew: 44738K(2516544K)->0K(2516544K) Eden: 44738K(2236928K)->0K(2236928K) From: 0K(279616K)->0K(279616K)
[165.263s][info][gc,heap        ] GC(357) Tenured: 1164K(5592448K)->1166K(5592448K)
[165.263s][info][gc,metaspace   ] GC(357) Metaspace: 711K(1024K)->711K(1024K) NonClass: 651K(832K)->651K(832K) Class: 60K(192K)->60K(192K)
[165.263s][info][gc             ] GC(357) Pause Full (System.gc()) 44M->1M(7918M) 8.601ms
[165.263s][info][gc,cpu         ] GC(357) User=0.01s Sys=0.00s Real=0.01s
[165.721s][info][gc,start       ] GC(358) Pause Full (System.gc())
[165.721s][info][gc,phases,start] GC(358) Phase 1: Mark live objects
[165.725s][info][gc,phases      ] GC(358) Phase 1: Mark live objects 3.939ms
[165.725s][info][gc,phases,start] GC(358) Phase 2: Compute new object addresses
[165.725s][info][gc,phases      ] GC(358) Phase 2: Compute new object addresses 0.451ms
[165.725s][info][gc,phases,start] GC(358) Phase 3: Adjust pointers
[165.727s][info][gc,phases      ] GC(358) Phase 3: Adjust pointers 1.404ms
[165.727s][info][gc,phases,start] GC(358) Phase 4: Move objects
[165.727s][info][gc,phases      ] GC(358) Phase 4: Move objects 0.025ms
[165.727s][info][gc,heap        ] GC(358) DefNew: 44738K(2516544K)->0K(2516544K) Eden: 44738K(2236928K)->0K(2236928K) From: 0K(279616K)->0K(279616K)
[165.727s][info][gc,heap        ] GC(358) Tenured: 1166K(5592448K)->1169K(5592448K)
[165.727s][info][gc,metaspace   ] GC(358) Metaspace: 716K(1024K)->716K(1024K) NonClass: 655K(832K)->655K(832K) Class: 61K(192K)->61K(192K)
[165.727s][info][gc             ] GC(358) Pause Full (System.gc()) 44M->1M(7918M) 6.491ms
[165.727s][info][gc,cpu         ] GC(358) User=0.01s Sys=0.00s Real=0.01s
[166.179s][info][gc,start       ] GC(359) Pause Full (System.gc())
[166.180s][info][gc,phases,start] GC(359) Phase 1: Mark live objects
[166.185s][info][gc,phases      ] GC(359) Phase 1: Mark live objects 5.167ms
[166.185s][info][gc,phases,start] GC(359) Phase 2: Compute new object addresses
[166.186s][info][gc,phases      ] GC(359) Phase 2: Compute new object addresses 0.785ms
[166.186s][info][gc,phases,start] GC(359) Phase 3: Adjust pointers
[166.188s][info][gc,phases      ] GC(359) Phase 3: Adjust pointers 2.192ms
[166.188s][info][gc,phases,start] GC(359) Phase 4: Move objects
[166.188s][info][gc,phases      ] GC(359) Phase 4: Move objects 0.028ms
[166.188s][info][gc,heap        ] GC(359) DefNew: 44738K(2516544K)->0K(2516544K) Eden: 44738K(2236928K)->0K(2236928K) From: 0K(279616K)->0K(279616K)
[166.188s][info][gc,heap        ] GC(359) Tenured: 1169K(5592448K)->1172K(5592448K)
[166.188s][info][gc,metaspace   ] GC(359) Metaspace: 721K(1024K)->721K(1024K) NonClass: 658K(832K)->658K(832K) Class: 63K(192K)->63K(192K)
[166.188s][info][gc             ] GC(359) Pause Full (System.gc()) 44M->1M(7918M) 8.811ms
[166.188s][info][gc,cpu         ] GC(359) User=0.01s Sys=0.00s Real=0.01s
[166.644s][info][gc,start       ] GC(360) Pause Full (System.gc())
[166.645s][info][gc,phases,start] GC(360) Phase 1: Mark live objects
[166.650s][info][gc,phases      ] GC(360) Phase 1: Mark live objects 5.386ms
[166.650s][info][gc,phases,start] GC(360) Phase 2: Compute new object addresses
[166.651s][info][gc,phases      ] GC(360) Phase 2: Compute new object addresses 0.788ms
[166.651s][info][gc,phases,start] GC(360) Phase 3: Adjust pointers
[166.653s][info][gc,phases      ] GC(360) Phase 3: Adjust pointers 2.019ms
[166.653s][info][gc,phases,start] GC(360) Phase 4: Move objects
[166.653s][info][gc,phases      ] GC(360) Phase 4: Move objects 0.024ms
[166.653s][info][gc,heap        ] GC(360) DefNew: 44738K(2516544K)->0K(2516544K) Eden: 44738K(2236928K)->0K(2236928K) From: 0K(279616K)->0K(279616K)
[166.653s][info][gc,heap        ] GC(360) Tenured: 1172K(5592448K)->1175K(5592448K)
[166.653s][info][gc,metaspace   ] GC(360) Metaspace: 726K(1024K)->726K(1024K) NonClass: 661K(832K)->661K(832K) Class: 65K(192K)->65K(192K)
[166.653s][info][gc             ] GC(360) Pause Full (System.gc()) 44M->1M(7918M) 8.898ms
[166.653s][info][gc,cpu         ] GC(360) User=0.01s Sys=0.00s Real=0.01s
[167.110s][info][gc,start       ] GC(361) Pause Full (System.gc())
[167.110s][info][gc,phases,start] GC(361) Phase 1: Mark live objects
[167.115s][info][gc,phases      ] GC(361) Phase 1: Mark live objects 5.173ms
[167.115s][info][gc,phases,start] GC(361) Phase 2: Compute new object addresses
[167.116s][info][gc,phases      ] GC(361) Phase 2: Compute new object addresses 0.881ms
[167.116s][info][gc,phases,start] GC(361) Phase 3: Adjust pointers
[167.118s][info][gc,phases      ] GC(361) Phase 3: Adjust pointers 2.189ms
[167.118s][info][gc,phases,start] GC(361) Phase 4: Move objects
[167.118s][info][gc,phases      ] GC(361) Phase 4: Move objects 0.033ms
[167.118s][info][gc,heap        ] GC(361) DefNew: 44738K(2516544K)->0K(2516544K) Eden: 44738K(2236928K)->0K(2236928K) From: 0K(279616K)->0K(279616K)
[167.119s][info][gc,heap        ] GC(361) Tenured: 1175K(5592448K)->1178K(5592448K)
[167.119s][info][gc,metaspace   ] GC(361) Metaspace: 731K(1024K)->731K(1024K) NonClass: 664K(832K)->664K(832K) Class: 67K(192K)->67K(192K)
[167.119s][info][gc             ] GC(361) Pause Full (System.gc()) 44M->1M(7918M) 8.949ms
[167.119s][info][gc,cpu         ] GC(361) User=0.01s Sys=0.00s Real=0.01s
[167.572s][info][gc,start       ] GC(362) Pause Full (System.gc())
[167.572s][info][gc,phases,start] GC(362) Phase 1: Mark live objects
[167.577s][info][gc,phases      ] GC(362) Phase 1: Mark live objects 5.166ms
[167.577s][info][gc,phases,start] GC(362) Phase 2: Compute new object addresses
[167.578s][info][gc,phases      ] GC(362) Phase 2: Compute new object addresses 0.796ms
[167.578s][info][gc,phases,start] GC(362) Phase 3: Adjust pointers
[167.580s][info][gc,phases      ] GC(362) Phase 3: Adjust pointers 2.101ms
[167.580s][info][gc,phases,start] GC(362) Phase 4: Move objects
[167.580s][info][gc,phases      ] GC(362) Phase 4: Move objects 0.032ms
[167.580s][info][gc,heap        ] GC(362) DefNew: 44738K(2516544K)->0K(2516544K) Eden: 44738K(2236928K)->0K(2236928K) From: 0K(279616K)->0K(279616K)
[167.581s][info][gc,heap        ] GC(362) Tenured: 1178K(5592448K)->1181K(5592448K)
[167.581s][info][gc,metaspace   ] GC(362) Metaspace: 736K(1152K)->736K(1152K) NonClass: 668K(896K)->668K(896K) Class: 68K(256K)->68K(256K)
[167.581s][info][gc             ] GC(362) Pause Full (System.gc()) 44M->1M(7918M) 8.822ms
[167.581s][info][gc,cpu         ] GC(362) User=0.01s Sys=0.00s Real=0.01s
[168.034s][info][gc,start       ] GC(363) Pause Full (System.gc())
[168.034s][info][gc,phases,start] GC(363) Phase 1: Mark live objects
[168.040s][info][gc,phases      ] GC(363) Phase 1: Mark live objects 6.401ms
[168.040s][info][gc,phases,start] GC(363) Phase 2: Compute new object addresses
[168.041s][info][gc,phases      ] GC(363) Phase 2: Compute new object addresses 0.567ms
[168.041s][info][gc,phases,start] GC(363) Phase 3: Adjust pointers
[168.043s][info][gc,phases      ] GC(363) Phase 3: Adjust pointers 1.762ms
[168.043s][info][gc,phases,start] GC(363) Phase 4: Move objects
[168.043s][info][gc,phases      ] GC(363) Phase 4: Move objects 0.044ms
[168.043s][info][gc,heap        ] GC(363) DefNew: 44738K(2516544K)->0K(2516544K) Eden: 44738K(2236928K)->0K(2236928K) From: 0K(279616K)->0K(279616K)
[168.043s][info][gc,heap        ] GC(363) Tenured: 1181K(5592448K)->1161K(5592448K)
[168.043s][info][gc,metaspace   ] GC(363) Metaspace: 741K(1152K)->709K(1152K) NonClass: 671K(896K)->653K(896K) Class: 70K(256K)->56K(256K)
[168.043s][info][gc             ] GC(363) Pause Full (System.gc()) 44M->1M(7918M) 9.770ms
[168.043s][info][gc,cpu         ] GC(363) User=0.01s Sys=0.00s Real=0.01s
[168.498s][info][gc,start       ] GC(364) Pause Full (System.gc())
[168.499s][info][gc,phases,start] GC(364) Phase 1: Mark live objects
[168.505s][info][gc,phases      ] GC(364) Phase 1: Mark live objects 6.695ms
[168.505s][info][gc,phases,start] GC(364) Phase 2: Compute new object addresses
[168.506s][info][gc,phases      ] GC(364) Phase 2: Compute new object addresses 0.786ms
[168.506s][info][gc,phases,start] GC(364) Phase 3: Adjust pointers
[168.508s][info][gc,phases      ] GC(364) Phase 3: Adjust pointers 2.008ms
[168.508s][info][gc,phases,start] GC(364) Phase 4: Move objects
[168.508s][info][gc,phases      ] GC(364) Phase 4: Move objects 0.025ms
[168.508s][info][gc,heap        ] GC(364) DefNew: 44738K(2516544K)->0K(2516544K) Eden: 44738K(2236928K)->0K(2236928K) From: 0K(279616K)->0K(279616K)
[168.509s][info][gc,heap        ] GC(364) Tenured: 1161K(5592448K)->1164K(5592448K)
[168.509s][info][gc,metaspace   ] GC(364) Metaspace: 714K(1152K)->711K(1152K) NonClass: 656K(896K)->655K(896K) Class: 57K(256K)->56K(256K)
[168.509s][info][gc             ] GC(364) Pause Full (System.gc()) 44M->1M(7918M) 10.308ms
[168.509s][info][gc,cpu         ] GC(364) User=0.01s Sys=0.00s Real=0.01s
[168.966s][info][gc,start       ] GC(365) Pause Full (System.gc())
[168.966s][info][gc,phases,start] GC(365) Phase 1: Mark live objects
[168.973s][info][gc,phases      ] GC(365) Phase 1: Mark live objects 6.887ms
[168.973s][info][gc,phases,start] GC(365) Phase 2: Compute new object addresses
[168.974s][info][gc,phases      ] GC(365) Phase 2: Compute new object addresses 0.842ms
[168.974s][info][gc,phases,start] GC(365) Phase 3: Adjust pointers
[168.976s][info][gc,phases      ] GC(365) Phase 3: Adjust pointers 2.059ms
[168.976s][info][gc,phases,start] GC(365) Phase 4: Move objects
[168.976s][info][gc,phases      ] GC(365) Phase 4: Move objects 0.031ms
[168.976s][info][gc,heap        ] GC(365) DefNew: 44738K(2516544K)->0K(2516544K) Eden: 44738K(2236928K)->0K(2236928K) From: 0K(279616K)->0K(279616K)
[168.976s][info][gc,heap        ] GC(365) Tenured: 1164K(5592448K)->1167K(5592448K)
[168.976s][info][gc,metaspace   ] GC(365) Metaspace: 716K(1152K)->715K(1152K) NonClass: 658K(896K)->658K(896K) Class: 58K(256K)->57K(256K)
[168.976s][info][gc             ] GC(365) Pause Full (System.gc()) 44M->1M(7918M) 10.603ms
[168.976s][info][gc,cpu         ] GC(365) User=0.01s Sys=0.00s Real=0.01s
[169.433s][info][gc,start       ] GC(366) Pause Full (System.gc())
[169.434s][info][gc,phases,start] GC(366) Phase 1: Mark live objects
[169.440s][info][gc,phases      ] GC(366) Phase 1: Mark live objects 6.881ms
[169.441s][info][gc,phases,start] GC(366) Phase 2: Compute new object addresses
[169.441s][info][gc,phases      ] GC(366) Phase 2: Compute new object addresses 0.583ms
[169.441s][info][gc,phases,start] GC(366) Phase 3: Adjust pointers
[169.443s][info][gc,phases      ] GC(366) Phase 3: Adjust pointers 1.692ms
[169.443s][info][gc,phases,start] GC(366) Phase 4: Move objects
[169.443s][info][gc,phases      ] GC(366) Phase 4: Move objects 0.032ms
[169.443s][info][gc,heap        ] GC(366) DefNew: 44738K(2516544K)->0K(2516544K) Eden: 44738K(2236928K)->0K(2236928K) From: 0K(279616K)->0K(279616K)
[169.443s][info][gc,heap        ] GC(366) Tenured: 1167K(5592448K)->1170K(5592448K)
[169.443s][info][gc,metaspace   ] GC(366) Metaspace: 720K(1152K)->719K(1152K) NonClass: 661K(896K)->660K(896K) Class: 59K(256K)->58K(256K)
[169.443s][info][gc             ] GC(366) Pause Full (System.gc()) 44M->1M(7918M) 9.956ms
[169.443s][info][gc,cpu         ] GC(366) User=0.01s Sys=0.00s Real=0.01s
[169.897s][info][gc,start       ] GC(367) Pause Full (System.gc())
[169.897s][info][gc,phases,start] GC(367) Phase 1: Mark live objects
[169.902s][info][gc,phases      ] GC(367) Phase 1: Mark live objects 5.234ms
[169.902s][info][gc,phases,start] GC(367) Phase 2: Compute new object addresses
[169.903s][info][gc,phases      ] GC(367) Phase 2: Compute new object addresses 0.919ms
[169.903s][info][gc,phases,start] GC(367) Phase 3: Adjust pointers
[169.905s][info][gc,phases      ] GC(367) Phase 3: Adjust pointers 2.293ms
[169.905s][info][gc,phases,start] GC(367) Phase 4: Move objects
[169.906s][info][gc,phases      ] GC(367) Phase 4: Move objects 0.034ms
[169.906s][info][gc,heap        ] GC(367) DefNew: 44738K(2516544K)->0K(2516544K) Eden: 44738K(2236928K)->0K(2236928K) From: 0K(279616K)->0K(279616K)
[169.906s][info][gc,heap        ] GC(367) Tenured: 1170K(5592448K)->1169K(5592448K)
[169.906s][info][gc,metaspace   ] GC(367) Metaspace: 724K(1152K)->724K(1152K) NonClass: 664K(896K)->664K(896K) Class: 60K(256K)->60K(256K)
[169.906s][info][gc             ] GC(367) Pause Full (System.gc()) 44M->1M(7918M) 9.230ms
[169.906s][info][gc,cpu         ] GC(367) User=0.01s Sys=0.00s Real=0.01s
[170.359s][info][gc,start       ] GC(368) Pause Full (System.gc())
[170.359s][info][gc,phases,start] GC(368) Phase 1: Mark live objects
[170.364s][info][gc,phases      ] GC(368) Phase 1: Mark live objects 5.117ms
[170.364s][info][gc,phases,start] GC(368) Phase 2: Compute new object addresses
[170.365s][info][gc,phases      ] GC(368) Phase 2: Compute new object addresses 0.757ms
[170.365s][info][gc,phases,start] GC(368) Phase 3: Adjust pointers
[170.367s][info][gc,phases      ] GC(368) Phase 3: Adjust pointers 2.126ms
[170.367s][info][gc,phases,start] GC(368) Phase 4: Move objects
[170.367s][info][gc,phases      ] GC(368) Phase 4: Move objects 0.035ms
[170.368s][info][gc,heap        ] GC(368) DefNew: 44738K(2516544K)->0K(2516544K) Eden: 44738K(2236928K)->0K(2236928K) From: 0K(279616K)->0K(279616K)
[170.368s][info][gc,heap        ] GC(368) Tenured: 1169K(5592448K)->1172K(5592448K)
[170.368s][info][gc,metaspace   ] GC(368) Metaspace: 729K(1152K)->729K(1152K) NonClass: 667K(896K)->667K(896K) Class: 62K(256K)->62K(256K)
[170.368s][info][gc             ] GC(368) Pause Full (System.gc()) 44M->1M(7918M) 8.742ms
[170.368s][info][gc,cpu         ] GC(368) User=0.01s Sys=0.00s Real=0.01s
[170.825s][info][gc,start       ] GC(369) Pause Full (System.gc())
[170.825s][info][gc,phases,start] GC(369) Phase 1: Mark live objects
[170.832s][info][gc,phases      ] GC(369) Phase 1: Mark live objects 6.783ms
[170.832s][info][gc,phases,start] GC(369) Phase 2: Compute new object addresses
[170.833s][info][gc,phases      ] GC(369) Phase 2: Compute new object addresses 0.791ms
[170.833s][info][gc,phases,start] GC(369) Phase 3: Adjust pointers
[170.835s][info][gc,phases      ] GC(369) Phase 3: Adjust pointers 2.255ms
[170.835s][info][gc,phases,start] GC(369) Phase 4: Move objects
[170.835s][info][gc,phases      ] GC(369) Phase 4: Move objects 0.041ms
[170.836s][info][gc,heap        ] GC(369) DefNew: 44738K(2516544K)->0K(2516544K) Eden: 44738K(2236928K)->0K(2236928K) From: 0K(279616K)->0K(279616K)
[170.836s][info][gc,heap        ] GC(369) Tenured: 1172K(5592448K)->1175K(5592448K)
[170.836s][info][gc,metaspace   ] GC(369) Metaspace: 734K(1152K)->624K(1088K) NonClass: 670K(896K)->585K(832K) Class: 64K(256K)->39K(256K)
[170.837s][info][gc             ] GC(369) Pause Full (System.gc()) 44M->1M(7918M) 11.473ms
[170.837s][info][gc,cpu         ] GC(369) User=0.01s Sys=0.00s Real=0.01s
[171.294s][info][gc,start       ] GC(370) Pause Full (System.gc())
[171.294s][info][gc,phases,start] GC(370) Phase 1: Mark live objects
[171.300s][info][gc,phases      ] GC(370) Phase 1: Mark live objects 6.459ms
[171.300s][info][gc,phases,start] GC(370) Phase 2: Compute new object addresses
[171.301s][info][gc,phases      ] GC(370) Phase 2: Compute new object addresses 0.628ms
[171.301s][info][gc,phases,start] GC(370) Phase 3: Adjust pointers
[171.303s][info][gc,phases      ] GC(370) Phase 3: Adjust pointers 2.053ms
[171.303s][info][gc,phases,start] GC(370) Phase 4: Move objects
[171.303s][info][gc,phases      ] GC(370) Phase 4: Move objects 0.044ms
[171.304s][info][gc,heap        ] GC(370) DefNew: 44738K(2516544K)->0K(2516544K) Eden: 44738K(2236928K)->0K(2236928K) From: 0K(279616K)->0K(279616K)
[171.304s][info][gc,heap        ] GC(370) Tenured: 1175K(5592448K)->1178K(5592448K)
[171.304s][info][gc,metaspace   ] GC(370) Metaspace: 629K(1088K)->626K(1088K) NonClass: 588K(832K)->586K(832K) Class: 40K(256K)->39K(256K)
[171.304s][info][gc             ] GC(370) Pause Full (System.gc()) 44M->1M(7918M) 10.087ms
[171.304s][info][gc,cpu         ] GC(370) User=0.01s Sys=0.00s Real=0.01s
[171.758s][info][gc,start       ] GC(371) Pause Full (System.gc())
[171.759s][info][gc,phases,start] GC(371) Phase 1: Mark live objects
[171.763s][info][gc,phases      ] GC(371) Phase 1: Mark live objects 3.940ms
[171.763s][info][gc,phases,start] GC(371) Phase 2: Compute new object addresses
[171.763s][info][gc,phases      ] GC(371) Phase 2: Compute new object addresses 0.574ms
[171.763s][info][gc,phases,start] GC(371) Phase 3: Adjust pointers
[171.765s][info][gc,phases      ] GC(371) Phase 3: Adjust pointers 1.582ms
[171.765s][info][gc,phases,start] GC(371) Phase 4: Move objects
[171.765s][info][gc,phases      ] GC(371) Phase 4: Move objects 0.025ms
[171.765s][info][gc,heap        ] GC(371) DefNew: 44738K(2516544K)->0K(2516544K) Eden: 44738K(2236928K)->0K(2236928K) From: 0K(279616K)->0K(279616K)
[171.765s][info][gc,heap        ] GC(371) Tenured: 1178K(5592448K)->1131K(5592448K)
[171.765s][info][gc,metaspace   ] GC(371) Metaspace: 631K(1088K)->631K(1088K) NonClass: 589K(832K)->589K(832K) Class: 41K(256K)->41K(256K)
[171.765s][info][gc             ] GC(371) Pause Full (System.gc()) 44M->1M(7918M) 6.733ms
[171.765s][info][gc,cpu         ] GC(371) User=0.01s Sys=0.00s Real=0.01s
[172.222s][info][gc,start       ] GC(372) Pause Full (System.gc())
[172.222s][info][gc,phases,start] GC(372) Phase 1: Mark live objects
[172.228s][info][gc,phases      ] GC(372) Phase 1: Mark live objects 6.237ms
[172.228s][info][gc,phases,start] GC(372) Phase 2: Compute new object addresses
[172.229s][info][gc,phases      ] GC(372) Phase 2: Compute new object addresses 0.757ms
[172.229s][info][gc,phases,start] GC(372) Phase 3: Adjust pointers
[172.231s][info][gc,phases      ] GC(372) Phase 3: Adjust pointers 2.107ms
[172.231s][info][gc,phases,start] GC(372) Phase 4: Move objects
[172.231s][info][gc,phases      ] GC(372) Phase 4: Move objects 0.031ms
[172.232s][info][gc,heap        ] GC(372) DefNew: 44738K(2516544K)->0K(2516544K) Eden: 44738K(2236928K)->0K(2236928K) From: 0K(279616K)->0K(279616K)
[172.232s][info][gc,heap        ] GC(372) Tenured: 1131K(5592448K)->1134K(5592448K)
[172.232s][info][gc,metaspace   ] GC(372) Metaspace: 636K(1088K)->620K(1088K) NonClass: 592K(832K)->583K(832K) Class: 43K(256K)->36K(256K)
[172.232s][info][gc             ] GC(372) Pause Full (System.gc()) 44M->1M(7918M) 9.992ms
[172.232s][info][gc,cpu         ] GC(372) User=0.01s Sys=0.01s Real=0.01s
[172.689s][info][gc,start       ] GC(373) Pause Full (System.gc())
[172.689s][info][gc,phases,start] GC(373) Phase 1: Mark live objects
[172.696s][info][gc,phases      ] GC(373) Phase 1: Mark live objects 6.355ms
[172.696s][info][gc,phases,start] GC(373) Phase 2: Compute new object addresses
[172.696s][info][gc,phases      ] GC(373) Phase 2: Compute new object addresses 0.539ms
[172.696s][info][gc,phases,start] GC(373) Phase 3: Adjust pointers
[172.698s][info][gc,phases      ] GC(373) Phase 3: Adjust pointers 1.609ms
[172.698s][info][gc,phases,start] GC(373) Phase 4: Move objects
[172.698s][info][gc,phases      ] GC(373) Phase 4: Move objects 0.024ms
[172.698s][info][gc,heap        ] GC(373) DefNew: 44738K(2516544K)->0K(2516544K) Eden: 44738K(2236928K)->0K(2236928K) From: 0K(279616K)->0K(279616K)
[172.698s][info][gc,heap        ] GC(373) Tenured: 1134K(5592448K)->1137K(5592448K)
[172.698s][info][gc,metaspace   ] GC(373) Metaspace: 625K(1088K)->615K(1024K) NonClass: 586K(832K)->580K(768K) Class: 38K(256K)->35K(256K)
[172.698s][info][gc             ] GC(373) Pause Full (System.gc()) 44M->1M(7918M) 9.290ms
[172.698s][info][gc,cpu         ] GC(373) User=0.01s Sys=0.00s Real=0.01s
[173.155s][info][gc,start       ] GC(374) Pause Full (System.gc())
[173.155s][info][gc,phases,start] GC(374) Phase 1: Mark live objects
[173.162s][info][gc,phases      ] GC(374) Phase 1: Mark live objects 6.398ms
[173.162s][info][gc,phases,start] GC(374) Phase 2: Compute new object addresses
[173.163s][info][gc,phases      ] GC(374) Phase 2: Compute new object addresses 0.754ms
[173.163s][info][gc,phases,start] GC(374) Phase 3: Adjust pointers
[173.165s][info][gc,phases      ] GC(374) Phase 3: Adjust pointers 2.051ms
[173.165s][info][gc,phases,start] GC(374) Phase 4: Move objects
[173.165s][info][gc,phases      ] GC(374) Phase 4: Move objects 0.025ms
[173.165s][info][gc,heap        ] GC(374) DefNew: 44738K(2516544K)->0K(2516544K) Eden: 44738K(2236928K)->0K(2236928K) From: 0K(279616K)->0K(279616K)
[173.165s][info][gc,heap        ] GC(374) Tenured: 1137K(5592448K)->1140K(5592448K)
[173.165s][info][gc,metaspace   ] GC(374) Metaspace: 620K(1024K)->617K(1024K) NonClass: 583K(768K)->581K(768K) Class: 37K(256K)->36K(256K)
[173.165s][info][gc             ] GC(374) Pause Full (System.gc()) 44M->1M(7918M) 9.898ms
[173.165s][info][gc,cpu         ] GC(374) User=0.01s Sys=0.00s Real=0.01s
[173.619s][info][gc,start       ] GC(375) Pause Full (System.gc())
[173.620s][info][gc,phases,start] GC(375) Phase 1: Mark live objects
[173.626s][info][gc,phases      ] GC(375) Phase 1: Mark live objects 6.438ms
[173.626s][info][gc,phases,start] GC(375) Phase 2: Compute new object addresses
[173.627s][info][gc,phases      ] GC(375) Phase 2: Compute new object addresses 0.710ms
[173.627s][info][gc,phases,start] GC(375) Phase 3: Adjust pointers
[173.629s][info][gc,phases      ] GC(375) Phase 3: Adjust pointers 2.102ms
[173.629s][info][gc,phases,start] GC(375) Phase 4: Move objects
[173.629s][info][gc,phases      ] GC(375) Phase 4: Move objects 0.026ms
[173.629s][info][gc,heap        ] GC(375) DefNew: 44738K(2516544K)->0K(2516544K) Eden: 44738K(2236928K)->0K(2236928K) From: 0K(279616K)->0K(279616K)
[173.629s][info][gc,heap        ] GC(375) Tenured: 1140K(5592448K)->1124K(5592448K)
[173.629s][info][gc,metaspace   ] GC(375) Metaspace: 622K(1024K)->619K(1024K) NonClass: 584K(768K)->582K(768K) Class: 37K(256K)->36K(256K)
[173.629s][info][gc             ] GC(375) Pause Full (System.gc()) 44M->1M(7918M) 9.960ms
[173.629s][info][gc,cpu         ] GC(375) User=0.01s Sys=0.00s Real=0.01s
[174.084s][info][gc,start       ] GC(376) Pause Full (System.gc())
[174.084s][info][gc,phases,start] GC(376) Phase 1: Mark live objects
[174.090s][info][gc,phases      ] GC(376) Phase 1: Mark live objects 5.116ms
[174.090s][info][gc,phases,start] GC(376) Phase 2: Compute new object addresses
[174.090s][info][gc,phases      ] GC(376) Phase 2: Compute new object addresses 0.755ms
[174.090s][info][gc,phases,start] GC(376) Phase 3: Adjust pointers
[174.093s][info][gc,phases      ] GC(376) Phase 3: Adjust pointers 2.180ms
[174.093s][info][gc,phases,start] GC(376) Phase 4: Move objects
[174.093s][info][gc,phases      ] GC(376) Phase 4: Move objects 0.024ms
[174.093s][info][gc,heap        ] GC(376) DefNew: 44738K(2516544K)->0K(2516544K) Eden: 44738K(2236928K)->0K(2236928K) From: 0K(279616K)->0K(279616K)
[174.093s][info][gc,heap        ] GC(376) Tenured: 1124K(5592448K)->1127K(5592448K)
[174.093s][info][gc,metaspace   ] GC(376) Metaspace: 624K(1024K)->624K(1024K) NonClass: 585K(768K)->585K(768K) Class: 38K(256K)->38K(256K)
[174.093s][info][gc             ] GC(376) Pause Full (System.gc()) 44M->1M(7918M) 8.703ms
[174.093s][info][gc,cpu         ] GC(376) User=0.01s Sys=0.00s Real=0.01s
[174.550s][info][gc,start       ] GC(377) Pause Full (System.gc())
[174.554s][info][gc,phases,start] GC(377) Phase 1: Mark live objects
[174.559s][info][gc,phases      ] GC(377) Phase 1: Mark live objects 5.025ms
[174.559s][info][gc,phases,start] GC(377) Phase 2: Compute new object addresses
[174.559s][info][gc,phases      ] GC(377) Phase 2: Compute new object addresses 0.735ms
[174.559s][info][gc,phases,start] GC(377) Phase 3: Adjust pointers
[174.561s][info][gc,phases      ] GC(377) Phase 3: Adjust pointers 2.045ms
[174.562s][info][gc,phases,start] GC(377) Phase 4: Move objects
[174.562s][info][gc,phases      ] GC(377) Phase 4: Move objects 0.032ms
[174.562s][info][gc,heap        ] GC(377) DefNew: 44738K(2516544K)->0K(2516544K) Eden: 44738K(2236928K)->0K(2236928K) From: 0K(279616K)->0K(279616K)
[174.562s][info][gc,heap        ] GC(377) Tenured: 1127K(5592448K)->1130K(5592448K)
[174.562s][info][gc,metaspace   ] GC(377) Metaspace: 629K(1024K)->629K(1024K) NonClass: 588K(768K)->588K(768K) Class: 40K(256K)->40K(256K)
[174.562s][info][gc             ] GC(377) Pause Full (System.gc()) 44M->1M(7918M) 11.508ms
[174.562s][info][gc,cpu         ] GC(377) User=0.01s Sys=0.00s Real=0.02s
[175.017s][info][gc,start       ] GC(378) Pause Full (System.gc())
[175.017s][info][gc,phases,start] GC(378) Phase 1: Mark live objects
[175.024s][info][gc,phases      ] GC(378) Phase 1: Mark live objects 6.496ms
[175.024s][info][gc,phases,start] GC(378) Phase 2: Compute new object addresses
[175.025s][info][gc,phases      ] GC(378) Phase 2: Compute new object addresses 0.795ms
[175.025s][info][gc,phases,start] GC(378) Phase 3: Adjust pointers
[175.027s][info][gc,phases      ] GC(378) Phase 3: Adjust pointers 2.110ms
[175.027s][info][gc,phases,start] GC(378) Phase 4: Move objects
[175.027s][info][gc,phases      ] GC(378) Phase 4: Move objects 0.033ms
[175.027s][info][gc,heap        ] GC(378) DefNew: 44738K(2516544K)->0K(2516544K) Eden: 44738K(2236928K)->0K(2236928K) From: 0K(279616K)->0K(279616K)
[175.027s][info][gc,heap        ] GC(378) Tenured: 1130K(5592448K)->1133K(5592448K)
[175.027s][info][gc,metaspace   ] GC(378) Metaspace: 634K(1024K)->622K(960K) NonClass: 592K(768K)->585K(768K) Class: 42K(256K)->37K(192K)
[175.027s][info][gc             ] GC(378) Pause Full (System.gc()) 44M->1M(7918M) 10.377ms
[175.027s][info][gc,cpu         ] GC(378) User=0.01s Sys=0.01s Real=0.01s
[175.484s][info][gc,start       ] GC(379) Pause Full (System.gc())
[175.485s][info][gc,phases,start] GC(379) Phase 1: Mark live objects
[175.491s][info][gc,phases      ] GC(379) Phase 1: Mark live objects 6.416ms
[175.491s][info][gc,phases,start] GC(379) Phase 2: Compute new object addresses
[175.492s][info][gc,phases      ] GC(379) Phase 2: Compute new object addresses 0.754ms
[175.492s][info][gc,phases,start] GC(379) Phase 3: Adjust pointers
[175.494s][info][gc,phases      ] GC(379) Phase 3: Adjust pointers 2.221ms
[175.494s][info][gc,phases,start] GC(379) Phase 4: Move objects
[175.494s][info][gc,phases      ] GC(379) Phase 4: Move objects 0.025ms
[175.494s][info][gc,heap        ] GC(379) DefNew: 44738K(2516544K)->0K(2516544K) Eden: 44738K(2236928K)->0K(2236928K) From: 0K(279616K)->0K(279616K)
[175.494s][info][gc,heap        ] GC(379) Tenured: 1133K(5592448K)->1126K(5592448K)
[175.494s][info][gc,metaspace   ] GC(379) Metaspace: 627K(960K)->624K(960K) NonClass: 588K(768K)->587K(768K) Class: 38K(192K)->37K(192K)
[175.495s][info][gc             ] GC(379) Pause Full (System.gc()) 44M->1M(7918M) 10.053ms
[175.495s][info][gc,cpu         ] GC(379) User=0.01s Sys=0.00s Real=0.01s
[175.951s][info][gc,start       ] GC(380) Pause Full (System.gc())
[175.951s][info][gc,phases,start] GC(380) Phase 1: Mark live objects
[175.957s][info][gc,phases      ] GC(380) Phase 1: Mark live objects 5.712ms
[175.957s][info][gc,phases,start] GC(380) Phase 2: Compute new object addresses
[175.957s][info][gc,phases      ] GC(380) Phase 2: Compute new object addresses 0.578ms
[175.957s][info][gc,phases,start] GC(380) Phase 3: Adjust pointers
[175.959s][info][gc,phases      ] GC(380) Phase 3: Adjust pointers 1.488ms
[175.959s][info][gc,phases,start] GC(380) Phase 4: Move objects
[175.959s][info][gc,phases      ] GC(380) Phase 4: Move objects 0.021ms
[175.959s][info][gc,heap        ] GC(380) DefNew: 44738K(2516544K)->0K(2516544K) Eden: 44738K(2236928K)->0K(2236928K) From: 0K(279616K)->0K(279616K)
[175.959s][info][gc,heap        ] GC(380) Tenured: 1126K(5592448K)->1129K(5592448K)
[175.959s][info][gc,metaspace   ] GC(380) Metaspace: 629K(960K)->628K(960K) NonClass: 590K(768K)->590K(768K) Class: 39K(192K)->38K(192K)
[175.959s][info][gc             ] GC(380) Pause Full (System.gc()) 44M->1M(7918M) 8.410ms
[175.959s][info][gc,cpu         ] GC(380) User=0.01s Sys=0.00s Real=0.01s
[176.415s][info][gc,start       ] GC(381) Pause Full (System.gc())
[176.415s][info][gc,phases,start] GC(381) Phase 1: Mark live objects
[176.420s][info][gc,phases      ] GC(381) Phase 1: Mark live objects 4.782ms
[176.420s][info][gc,phases,start] GC(381) Phase 2: Compute new object addresses
[176.420s][info][gc,phases      ] GC(381) Phase 2: Compute new object addresses 0.385ms
[176.420s][info][gc,phases,start] GC(381) Phase 3: Adjust pointers
[176.422s][info][gc,phases      ] GC(381) Phase 3: Adjust pointers 1.177ms
[176.422s][info][gc,phases,start] GC(381) Phase 4: Move objects
[176.422s][info][gc,phases      ] GC(381) Phase 4: Move objects 0.020ms
[176.422s][info][gc,heap        ] GC(381) DefNew: 44738K(2516544K)->0K(2516544K) Eden: 44738K(2236928K)->0K(2236928K) From: 0K(279616K)->0K(279616K)
[176.422s][info][gc,heap        ] GC(381) Tenured: 1129K(5592448K)->1132K(5592448K)
[176.422s][info][gc,metaspace   ] GC(381) Metaspace: 633K(960K)->632K(960K) NonClass: 593K(768K)->592K(768K) Class: 40K(192K)->39K(192K)
[176.422s][info][gc             ] GC(381) Pause Full (System.gc()) 44M->1M(7918M) 6.938ms
[176.422s][info][gc,cpu         ] GC(381) User=0.01s Sys=0.00s Real=0.01s
[176.876s][info][gc,start       ] GC(382) Pause Full (System.gc())
[176.876s][info][gc,phases,start] GC(382) Phase 1: Mark live objects
[176.880s][info][gc,phases      ] GC(382) Phase 1: Mark live objects 3.549ms
[176.880s][info][gc,phases,start] GC(382) Phase 2: Compute new object addresses
[176.880s][info][gc,phases      ] GC(382) Phase 2: Compute new object addresses 0.529ms
[176.880s][info][gc,phases,start] GC(382) Phase 3: Adjust pointers
[176.882s][info][gc,phases      ] GC(382) Phase 3: Adjust pointers 1.299ms
[176.882s][info][gc,phases,start] GC(382) Phase 4: Move objects
[176.882s][info][gc,phases      ] GC(382) Phase 4: Move objects 0.029ms
[176.882s][info][gc,heap        ] GC(382) DefNew: 44738K(2516544K)->0K(2516544K) Eden: 44738K(2236928K)->0K(2236928K) From: 0K(279616K)->0K(279616K)
[176.882s][info][gc,heap        ] GC(382) Tenured: 1132K(5592448K)->1135K(5592448K)
[176.882s][info][gc,metaspace   ] GC(382) Metaspace: 637K(960K)->637K(960K) NonClass: 596K(768K)->595K(768K) Class: 41K(192K)->41K(192K)
[176.882s][info][gc             ] GC(382) Pause Full (System.gc()) 44M->1M(7918M) 5.806ms
[176.882s][info][gc,cpu         ] GC(382) User=0.00s Sys=0.00s Real=0.01s
[177.338s][info][gc,start       ] GC(383) Pause Full (System.gc())
[177.338s][info][gc,phases,start] GC(383) Phase 1: Mark live objects
[177.340s][info][gc,phases      ] GC(383) Phase 1: Mark live objects 2.133ms
[177.340s][info][gc,phases,start] GC(383) Phase 2: Compute new object addresses
[177.341s][info][gc,phases      ] GC(383) Phase 2: Compute new object addresses 0.403ms
[177.341s][info][gc,phases,start] GC(383) Phase 3: Adjust pointers
[177.342s][info][gc,phases      ] GC(383) Phase 3: Adjust pointers 1.071ms
[177.342s][info][gc,phases,start] GC(383) Phase 4: Move objects
[177.342s][info][gc,phases      ] GC(383) Phase 4: Move objects 0.014ms
[177.342s][info][gc,heap        ] GC(383) DefNew: 44738K(2516544K)->0K(2516544K) Eden: 44738K(2236928K)->0K(2236928K) From: 0K(279616K)->0K(279616K)
[177.342s][info][gc,heap        ] GC(383) Tenured: 1135K(5592448K)->1133K(5592448K)
[177.342s][info][gc,metaspace   ] GC(383) Metaspace: 642K(960K)->641K(960K) NonClass: 599K(768K)->599K(768K) Class: 42K(192K)->42K(192K)
[177.342s][info][gc             ] GC(383) Pause Full (System.gc()) 44M->1M(7918M) 3.851ms
[177.342s][info][gc,cpu         ] GC(383) User=0.01s Sys=0.00s Real=0.01s
[177.795s][info][gc,start       ] GC(384) Pause Full (System.gc())
[177.795s][info][gc,phases,start] GC(384) Phase 1: Mark live objects
[177.797s][info][gc,phases      ] GC(384) Phase 1: Mark live objects 2.632ms
[177.798s][info][gc,phases,start] GC(384) Phase 2: Compute new object addresses
[177.798s][info][gc,phases      ] GC(384) Phase 2: Compute new object addresses 0.319ms
[177.798s][info][gc,phases,start] GC(384) Phase 3: Adjust pointers
[177.799s][info][gc,phases      ] GC(384) Phase 3: Adjust pointers 1.019ms
[177.799s][info][gc,phases,start] GC(384) Phase 4: Move objects
[177.799s][info][gc,phases      ] GC(384) Phase 4: Move objects 0.016ms
[177.799s][info][gc,heap        ] GC(384) DefNew: 44738K(2516544K)->0K(2516544K) Eden: 44738K(2236928K)->0K(2236928K) From: 0K(279616K)->0K(279616K)
[177.799s][info][gc,heap        ] GC(384) Tenured: 1133K(5592448K)->1136K(5592448K)
[177.799s][info][gc,metaspace   ] GC(384) Metaspace: 650K(1024K)->650K(1024K) NonClass: 606K(832K)->606K(832K) Class: 44K(192K)->44K(192K)
[177.799s][info][gc             ] GC(384) Pause Full (System.gc()) 44M->1M(7918M) 4.409ms
[177.799s][info][gc,cpu         ] GC(384) User=0.01s Sys=0.00s Real=0.00s
[178.255s][info][gc,start       ] GC(385) Pause Full (System.gc())
[178.255s][info][gc,phases,start] GC(385) Phase 1: Mark live objects
[178.257s][info][gc,phases      ] GC(385) Phase 1: Mark live objects 1.793ms
[178.257s][info][gc,phases,start] GC(385) Phase 2: Compute new object addresses
[178.258s][info][gc,phases      ] GC(385) Phase 2: Compute new object addresses 0.516ms
[178.258s][info][gc,phases,start] GC(385) Phase 3: Adjust pointers
[178.259s][info][gc,phases      ] GC(385) Phase 3: Adjust pointers 1.228ms
[178.259s][info][gc,phases,start] GC(385) Phase 4: Move objects
[178.259s][info][gc,phases      ] GC(385) Phase 4: Move objects 0.012ms
[178.259s][info][gc,heap        ] GC(385) DefNew: 44738K(2516544K)->0K(2516544K) Eden: 44738K(2236928K)->0K(2236928K) From: 0K(279616K)->0K(279616K)
[178.259s][info][gc,heap        ] GC(385) Tenured: 1136K(5592448K)->1139K(5592448K)
[178.259s][info][gc,metaspace   ] GC(385) Metaspace: 655K(1024K)->655K(1024K) NonClass: 609K(832K)->609K(832K) Class: 45K(192K)->45K(192K)
[178.259s][info][gc             ] GC(385) Pause Full (System.gc()) 44M->1M(7918M) 3.775ms
[178.259s][info][gc,cpu         ] GC(385) User=0.00s Sys=0.00s Real=0.00s
[178.713s][info][gc,start       ] GC(386) Pause Full (System.gc())
[178.713s][info][gc,phases,start] GC(386) Phase 1: Mark live objects
[178.714s][info][gc,phases      ] GC(386) Phase 1: Mark live objects 1.715ms
[178.714s][info][gc,phases,start] GC(386) Phase 2: Compute new object addresses
[178.715s][info][gc,phases      ] GC(386) Phase 2: Compute new object addresses 0.349ms
[178.715s][info][gc,phases,start] GC(386) Phase 3: Adjust pointers
[178.716s][info][gc,phases      ] GC(386) Phase 3: Adjust pointers 0.998ms
[178.716s][info][gc,phases,start] GC(386) Phase 4: Move objects
[178.716s][info][gc,phases      ] GC(386) Phase 4: Move objects 0.008ms
[178.716s][info][gc,heap        ] GC(386) DefNew: 44738K(2516544K)->0K(2516544K) Eden: 44738K(2236928K)->0K(2236928K) From: 0K(279616K)->0K(279616K)
[178.716s][info][gc,heap        ] GC(386) Tenured: 1139K(5592448K)->1142K(5592448K)
[178.716s][info][gc,metaspace   ] GC(386) Metaspace: 660K(1024K)->660K(1024K) NonClass: 612K(832K)->612K(832K) Class: 47K(192K)->47K(192K)
[178.716s][info][gc             ] GC(386) Pause Full (System.gc()) 44M->1M(7918M) 3.279ms
[178.716s][info][gc,cpu         ] GC(386) User=0.01s Sys=0.00s Real=0.00s
[179.176s][info][gc,start       ] GC(387) Pause Full (System.gc())
[179.177s][info][gc,phases,start] GC(387) Phase 1: Mark live objects
[179.181s][info][gc,phases      ] GC(387) Phase 1: Mark live objects 4.641ms
[179.181s][info][gc,phases,start] GC(387) Phase 2: Compute new object addresses
[179.182s][info][gc,phases      ] GC(387) Phase 2: Compute new object addresses 0.527ms
[179.182s][info][gc,phases,start] GC(387) Phase 3: Adjust pointers
[179.183s][info][gc,phases      ] GC(387) Phase 3: Adjust pointers 1.354ms
[179.183s][info][gc,phases,start] GC(387) Phase 4: Move objects
[179.183s][info][gc,phases      ] GC(387) Phase 4: Move objects 0.023ms
[179.183s][info][gc,heap        ] GC(387) DefNew: 44738K(2516544K)->0K(2516544K) Eden: 44738K(2236928K)->0K(2236928K) From: 0K(279616K)->0K(279616K)
[179.183s][info][gc,heap        ] GC(387) Tenured: 1142K(5592448K)->1145K(5592448K)
[179.183s][info][gc,metaspace   ] GC(387) Metaspace: 665K(1024K)->665K(1024K) NonClass: 616K(832K)->616K(832K) Class: 49K(192K)->49K(192K)
[179.183s][info][gc             ] GC(387) Pause Full (System.gc()) 44M->1M(7918M) 6.909ms
[179.183s][info][gc,cpu         ] GC(387) User=0.00s Sys=0.00s Real=0.01s
[179.639s][info][gc,start       ] GC(388) Pause Full (System.gc())
[179.639s][info][gc,phases,start] GC(388) Phase 1: Mark live objects
[179.643s][info][gc,phases      ] GC(388) Phase 1: Mark live objects 3.803ms
[179.643s][info][gc,phases,start] GC(388) Phase 2: Compute new object addresses
[179.643s][info][gc,phases      ] GC(388) Phase 2: Compute new object addresses 0.357ms
[179.643s][info][gc,phases,start] GC(388) Phase 3: Adjust pointers
[179.644s][info][gc,phases      ] GC(388) Phase 3: Adjust pointers 1.196ms
[179.644s][info][gc,phases,start] GC(388) Phase 4: Move objects
[179.644s][info][gc,phases      ] GC(388) Phase 4: Move objects 0.018ms
[179.644s][info][gc,heap        ] GC(388) DefNew: 44738K(2516544K)->0K(2516544K) Eden: 44738K(2236928K)->0K(2236928K) From: 0K(279616K)->0K(279616K)
[179.644s][info][gc,heap        ] GC(388) Tenured: 1145K(5592448K)->1148K(5592448K)
[179.645s][info][gc,metaspace   ] GC(388) Metaspace: 670K(1024K)->670K(1024K) NonClass: 619K(832K)->619K(832K) Class: 51K(192K)->51K(192K)
[179.645s][info][gc             ] GC(388) Pause Full (System.gc()) 44M->1M(7918M) 5.793ms
[179.645s][info][gc,cpu         ] GC(388) User=0.01s Sys=0.00s Real=0.01s
[180.098s][info][gc,start       ] GC(389) Pause Full (System.gc())
[180.098s][info][gc,phases,start] GC(389) Phase 1: Mark live objects
[180.099s][info][gc,phases      ] GC(389) Phase 1: Mark live objects 1.412ms
[180.099s][info][gc,phases,start] GC(389) Phase 2: Compute new object addresses
[180.100s][info][gc,phases      ] GC(389) Phase 2: Compute new object addresses 0.307ms
[180.100s][info][gc,phases,start] GC(389) Phase 3: Adjust pointers
[180.101s][info][gc,phases      ] GC(389) Phase 3: Adjust pointers 0.950ms
[180.101s][info][gc,phases,start] GC(389) Phase 4: Move objects
[180.101s][info][gc,phases      ] GC(389) Phase 4: Move objects 0.009ms
[180.101s][info][gc,heap        ] GC(389) DefNew: 89477K(2516544K)->0K(2516544K) Eden: 89477K(2236928K)->0K(2236928K) From: 0K(279616K)->0K(279616K)
[180.101s][info][gc,heap        ] GC(389) Tenured: 1148K(5592448K)->1151K(5592448K)
[180.101s][info][gc,metaspace   ] GC(389) Metaspace: 675K(1024K)->675K(1024K) NonClass: 622K(832K)->622K(832K) Class: 52K(192K)->52K(192K)
[180.101s][info][gc             ] GC(389) Pause Full (System.gc()) 88M->1M(7918M) 2.920ms
[180.101s][info][gc,cpu         ] GC(389) User=0.00s Sys=0.00s Real=0.00s
[180.555s][info][gc,start       ] GC(390) Pause Full (System.gc())
[180.555s][info][gc,phases,start] GC(390) Phase 1: Mark live objects
[180.559s][info][gc,phases      ] GC(390) Phase 1: Mark live objects 3.488ms
[180.559s][info][gc,phases,start] GC(390) Phase 2: Compute new object addresses
[180.559s][info][gc,phases      ] GC(390) Phase 2: Compute new object addresses 0.349ms
[180.559s][info][gc,phases,start] GC(390) Phase 3: Adjust pointers
[180.562s][info][gc,phases      ] GC(390) Phase 3: Adjust pointers 2.211ms
[180.562s][info][gc,phases,start] GC(390) Phase 4: Move objects
[180.562s][info][gc,phases      ] GC(390) Phase 4: Move objects 0.021ms
[180.562s][info][gc,heap        ] GC(390) DefNew: 44738K(2516544K)->0K(2516544K) Eden: 44738K(2236928K)->0K(2236928K) From: 0K(279616K)->0K(279616K)
[180.562s][info][gc,heap        ] GC(390) Tenured: 1151K(5592448K)->1154K(5592448K)
[180.562s][info][gc,metaspace   ] GC(390) Metaspace: 680K(1024K)->680K(1024K) NonClass: 625K(832K)->625K(832K) Class: 54K(192K)->54K(192K)
[180.562s][info][gc             ] GC(390) Pause Full (System.gc()) 44M->1M(7918M) 6.596ms
[180.562s][info][gc,cpu         ] GC(390) User=0.01s Sys=0.00s Real=0.01s
[181.018s][info][gc,start       ] GC(391) Pause Full (System.gc())
[181.018s][info][gc,phases,start] GC(391) Phase 1: Mark live objects
[181.020s][info][gc,phases      ] GC(391) Phase 1: Mark live objects 1.939ms
[181.020s][info][gc,phases,start] GC(391) Phase 2: Compute new object addresses
[181.020s][info][gc,phases      ] GC(391) Phase 2: Compute new object addresses 0.179ms
[181.020s][info][gc,phases,start] GC(391) Phase 3: Adjust pointers
[181.021s][info][gc,phases      ] GC(391) Phase 3: Adjust pointers 0.519ms
[181.021s][info][gc,phases,start] GC(391) Phase 4: Move objects
[181.021s][info][gc,phases      ] GC(391) Phase 4: Move objects 0.009ms
[181.021s][info][gc,heap        ] GC(391) DefNew: 44738K(2516544K)->0K(2516544K) Eden: 44738K(2236928K)->0K(2236928K) From: 0K(279616K)->0K(279616K)
[181.021s][info][gc,heap        ] GC(391) Tenured: 1154K(5592448K)->1157K(5592448K)
[181.021s][info][gc,metaspace   ] GC(391) Metaspace: 685K(1024K)->685K(1024K) NonClass: 629K(832K)->629K(832K) Class: 56K(192K)->56K(192K)
[181.021s][info][gc             ] GC(391) Pause Full (System.gc()) 44M->1M(7918M) 2.999ms
[181.021s][info][gc,cpu         ] GC(391) User=0.00s Sys=0.00s Real=0.00s
[181.476s][info][gc,start       ] GC(392) Pause Full (System.gc())
[181.476s][info][gc,phases,start] GC(392) Phase 1: Mark live objects
[181.480s][info][gc,phases      ] GC(392) Phase 1: Mark live objects 3.674ms
[181.480s][info][gc,phases,start] GC(392) Phase 2: Compute new object addresses
[181.480s][info][gc,phases      ] GC(392) Phase 2: Compute new object addresses 0.397ms
[181.480s][info][gc,phases,start] GC(392) Phase 3: Adjust pointers
[181.482s][info][gc,phases      ] GC(392) Phase 3: Adjust pointers 1.368ms
[181.482s][info][gc,phases,start] GC(392) Phase 4: Move objects
[181.482s][info][gc,phases      ] GC(392) Phase 4: Move objects 0.017ms
[181.482s][info][gc,heap        ] GC(392) DefNew: 44738K(2516544K)->0K(2516544K) Eden: 44738K(2236928K)->0K(2236928K) From: 0K(279616K)->0K(279616K)
[181.482s][info][gc,heap        ] GC(392) Tenured: 1157K(5592448K)->1160K(5592448K)
[181.482s][info][gc,metaspace   ] GC(392) Metaspace: 690K(1024K)->690K(1024K) NonClass: 632K(832K)->632K(832K) Class: 58K(192K)->58K(192K)
[181.482s][info][gc             ] GC(392) Pause Full (System.gc()) 44M->1M(7918M) 5.915ms
[181.482s][info][gc,cpu         ] GC(392) User=0.01s Sys=0.00s Real=0.01s
[181.938s][info][gc,start       ] GC(393) Pause Full (System.gc())
[181.939s][info][gc,phases,start] GC(393) Phase 1: Mark live objects
[181.942s][info][gc,phases      ] GC(393) Phase 1: Mark live objects 3.143ms
[181.942s][info][gc,phases,start] GC(393) Phase 2: Compute new object addresses
[181.942s][info][gc,phases      ] GC(393) Phase 2: Compute new object addresses 0.327ms
[181.942s][info][gc,phases,start] GC(393) Phase 3: Adjust pointers
[181.943s][info][gc,phases      ] GC(393) Phase 3: Adjust pointers 1.124ms
[181.943s][info][gc,phases,start] GC(393) Phase 4: Move objects
[181.943s][info][gc,phases      ] GC(393) Phase 4: Move objects 0.011ms
[181.943s][info][gc,heap        ] GC(393) DefNew: 44738K(2516544K)->0K(2516544K) Eden: 44738K(2236928K)->0K(2236928K) From: 0K(279616K)->0K(279616K)
[181.943s][info][gc,heap        ] GC(393) Tenured: 1160K(5592448K)->1163K(5592448K)
[181.943s][info][gc,metaspace   ] GC(393) Metaspace: 695K(1024K)->695K(1024K) NonClass: 635K(832K)->635K(832K) Class: 59K(192K)->59K(192K)
[181.943s][info][gc             ] GC(393) Pause Full (System.gc()) 44M->1M(7918M) 4.983ms
[181.943s][info][gc,cpu         ] GC(393) User=0.01s Sys=0.00s Real=0.01s
[182.402s][info][gc,start       ] GC(394) Pause Full (System.gc())
[182.402s][info][gc,phases,start] GC(394) Phase 1: Mark live objects
[182.407s][info][gc,phases      ] GC(394) Phase 1: Mark live objects 5.060ms
[182.407s][info][gc,phases,start] GC(394) Phase 2: Compute new object addresses
[182.407s][info][gc,phases      ] GC(394) Phase 2: Compute new object addresses 0.299ms
[182.407s][info][gc,phases,start] GC(394) Phase 3: Adjust pointers
[182.408s][info][gc,phases      ] GC(394) Phase 3: Adjust pointers 1.013ms
[182.408s][info][gc,phases,start] GC(394) Phase 4: Move objects
[182.408s][info][gc,phases      ] GC(394) Phase 4: Move objects 0.012ms
[182.409s][info][gc,heap        ] GC(394) DefNew: 44738K(2516544K)->0K(2516544K) Eden: 44738K(2236928K)->0K(2236928K) From: 0K(279616K)->0K(279616K)
[182.409s][info][gc,heap        ] GC(394) Tenured: 1163K(5592448K)->1166K(5592448K)
[182.409s][info][gc,metaspace   ] GC(394) Metaspace: 700K(1088K)->690K(1088K) NonClass: 638K(896K)->634K(896K) Class: 61K(192K)->56K(192K)
[182.409s][info][gc             ] GC(394) Pause Full (System.gc()) 44M->1M(7918M) 7.240ms
[182.409s][info][gc,cpu         ] GC(394) User=0.00s Sys=0.00s Real=0.01s
[182.862s][info][gc,start       ] GC(395) Pause Full (System.gc())
[182.862s][info][gc,phases,start] GC(395) Phase 1: Mark live objects
[182.869s][info][gc,phases      ] GC(395) Phase 1: Mark live objects 6.937ms
[182.869s][info][gc,phases,start] GC(395) Phase 2: Compute new object addresses
[182.870s][info][gc,phases      ] GC(395) Phase 2: Compute new object addresses 0.785ms
[182.870s][info][gc,phases,start] GC(395) Phase 3: Adjust pointers
[182.872s][info][gc,phases      ] GC(395) Phase 3: Adjust pointers 2.163ms
[182.872s][info][gc,phases,start] GC(395) Phase 4: Move objects
[182.872s][info][gc,phases      ] GC(395) Phase 4: Move objects 0.035ms
[182.873s][info][gc,heap        ] GC(395) DefNew: 44738K(2516544K)->0K(2516544K) Eden: 44738K(2236928K)->0K(2236928K) From: 0K(279616K)->0K(279616K)
[182.873s][info][gc,heap        ] GC(395) Tenured: 1166K(5592448K)->1157K(5592448K)
[182.873s][info][gc,metaspace   ] GC(395) Metaspace: 695K(1088K)->694K(1088K) NonClass: 637K(896K)->637K(896K) Class: 57K(192K)->57K(192K)
[182.873s][info][gc             ] GC(395) Pause Full (System.gc()) 44M->1M(7918M) 10.718ms
[182.873s][info][gc,cpu         ] GC(395) User=0.01s Sys=0.01s Real=0.01s
[183.330s][info][gc,start       ] GC(396) Pause Full (System.gc())
[183.330s][info][gc,phases,start] GC(396) Phase 1: Mark live objects
[183.336s][info][gc,phases      ] GC(396) Phase 1: Mark live objects 5.327ms
[183.336s][info][gc,phases,start] GC(396) Phase 2: Compute new object addresses
[183.337s][info][gc,phases      ] GC(396) Phase 2: Compute new object addresses 1.045ms
[183.337s][info][gc,phases,start] GC(396) Phase 3: Adjust pointers
[183.339s][info][gc,phases      ] GC(396) Phase 3: Adjust pointers 2.632ms
[183.339s][info][gc,phases,start] GC(396) Phase 4: Move objects
[183.339s][info][gc,phases      ] GC(396) Phase 4: Move objects 0.024ms
[183.339s][info][gc,heap        ] GC(396) DefNew: 44738K(2516544K)->0K(2516544K) Eden: 44738K(2236928K)->0K(2236928K) From: 0K(279616K)->0K(279616K)
[183.340s][info][gc,heap        ] GC(396) Tenured: 1157K(5592448K)->1160K(5592448K)
[183.340s][info][gc,metaspace   ] GC(396) Metaspace: 699K(1088K)->699K(1088K) NonClass: 640K(896K)->640K(896K) Class: 59K(192K)->59K(192K)
[183.340s][info][gc             ] GC(396) Pause Full (System.gc()) 44M->1M(7918M) 9.610ms
[183.340s][info][gc,cpu         ] GC(396) User=0.01s Sys=0.00s Real=0.01s
[183.797s][info][gc,start       ] GC(397) Pause Full (System.gc())
[183.797s][info][gc,phases,start] GC(397) Phase 1: Mark live objects
[183.803s][info][gc,phases      ] GC(397) Phase 1: Mark live objects 5.838ms
[183.803s][info][gc,phases,start] GC(397) Phase 2: Compute new object addresses
[183.803s][info][gc,phases      ] GC(397) Phase 2: Compute new object addresses 0.332ms
[183.803s][info][gc,phases,start] GC(397) Phase 3: Adjust pointers
[183.804s][info][gc,phases      ] GC(397) Phase 3: Adjust pointers 1.024ms
[183.804s][info][gc,phases,start] GC(397) Phase 4: Move objects
[183.804s][info][gc,phases      ] GC(397) Phase 4: Move objects 0.012ms
[183.804s][info][gc,heap        ] GC(397) DefNew: 44738K(2516544K)->0K(2516544K) Eden: 44738K(2236928K)->0K(2236928K) From: 0K(279616K)->0K(279616K)
[183.804s][info][gc,heap        ] GC(397) Tenured: 1160K(5592448K)->1163K(5592448K)
[183.804s][info][gc,metaspace   ] GC(397) Metaspace: 704K(1088K)->704K(1088K) NonClass: 643K(896K)->643K(896K) Class: 60K(192K)->60K(192K)
[183.804s][info][gc             ] GC(397) Pause Full (System.gc()) 44M->1M(7918M) 7.587ms
[183.804s][info][gc,cpu         ] GC(397) User=0.00s Sys=0.00s Real=0.01s
[184.259s][info][gc,start       ] GC(398) Pause Full (System.gc())
[184.259s][info][gc,phases,start] GC(398) Phase 1: Mark live objects
[184.266s][info][gc,phases      ] GC(398) Phase 1: Mark live objects 7.229ms
[184.267s][info][gc,phases,start] GC(398) Phase 2: Compute new object addresses
[184.267s][info][gc,phases      ] GC(398) Phase 2: Compute new object addresses 0.773ms
[184.267s][info][gc,phases,start] GC(398) Phase 3: Adjust pointers
[184.270s][info][gc,phases      ] GC(398) Phase 3: Adjust pointers 2.717ms
[184.270s][info][gc,phases,start] GC(398) Phase 4: Move objects
[184.270s][info][gc,phases      ] GC(398) Phase 4: Move objects 0.022ms
[184.271s][info][gc,heap        ] GC(398) DefNew: 44738K(2516544K)->0K(2516544K) Eden: 44738K(2236928K)->0K(2236928K) From: 0K(279616K)->0K(279616K)
[184.271s][info][gc,heap        ] GC(398) Tenured: 1163K(5592448K)->1166K(5592448K)
[184.271s][info][gc,metaspace   ] GC(398) Metaspace: 709K(1088K)->672K(1088K) NonClass: 646K(896K)->625K(896K) Class: 62K(192K)->47K(192K)
[184.271s][info][gc             ] GC(398) Pause Full (System.gc()) 44M->1M(7918M) 11.610ms
[184.271s][info][gc,cpu         ] GC(398) User=0.01s Sys=0.00s Real=0.01s
[184.723s][info][gc,start       ] GC(399) Pause Full (System.gc())
[184.723s][info][gc,phases,start] GC(399) Phase 1: Mark live objects
[184.729s][info][gc,phases      ] GC(399) Phase 1: Mark live objects 5.665ms
[184.729s][info][gc,phases,start] GC(399) Phase 2: Compute new object addresses
[184.729s][info][gc,phases      ] GC(399) Phase 2: Compute new object addresses 0.548ms
[184.729s][info][gc,phases,start] GC(399) Phase 3: Adjust pointers
[184.732s][info][gc,phases      ] GC(399) Phase 3: Adjust pointers 2.170ms
[184.732s][info][gc,phases,start] GC(399) Phase 4: Move objects
[184.732s][info][gc,phases      ] GC(399) Phase 4: Move objects 0.039ms
[184.732s][info][gc,heap        ] GC(399) DefNew: 44738K(2516544K)->0K(2516544K) Eden: 44738K(2236928K)->0K(2236928K) From: 0K(279616K)->0K(279616K)
[184.732s][info][gc,heap        ] GC(399) Tenured: 1166K(5592448K)->1145K(5592448K)
[184.732s][info][gc,metaspace   ] GC(399) Metaspace: 677K(1088K)->674K(1088K) NonClass: 628K(896K)->627K(896K) Class: 48K(192K)->47K(192K)
[184.732s][info][gc             ] GC(399) Pause Full (System.gc()) 44M->1M(7918M) 8.930ms
[184.732s][info][gc,cpu         ] GC(399) User=0.01s Sys=0.00s Real=0.01s
[185.188s][info][gc,start       ] GC(400) Pause Full (System.gc())
[185.189s][info][gc,phases,start] GC(400) Phase 1: Mark live objects
[185.193s][info][gc,phases      ] GC(400) Phase 1: Mark live objects 4.777ms
[185.193s][info][gc,phases,start] GC(400) Phase 2: Compute new object addresses
[185.194s][info][gc,phases      ] GC(400) Phase 2: Compute new object addresses 0.357ms
[185.194s][info][gc,phases,start] GC(400) Phase 3: Adjust pointers
[185.195s][info][gc,phases      ] GC(400) Phase 3: Adjust pointers 1.166ms
[185.195s][info][gc,phases,start] GC(400) Phase 4: Move objects
[185.195s][info][gc,phases      ] GC(400) Phase 4: Move objects 0.013ms
[185.195s][info][gc,heap        ] GC(400) DefNew: 44738K(2516544K)->0K(2516544K) Eden: 44738K(2236928K)->0K(2236928K) From: 0K(279616K)->0K(279616K)
[185.195s][info][gc,heap        ] GC(400) Tenured: 1145K(5592448K)->1148K(5592448K)
[185.195s][info][gc,metaspace   ] GC(400) Metaspace: 679K(1088K)->621K(1088K) NonClass: 630K(896K)->585K(896K) Class: 49K(192K)->36K(192K)
[185.195s][info][gc             ] GC(400) Pause Full (System.gc()) 44M->1M(7918M) 6.895ms
[185.195s][info][gc,cpu         ] GC(400) User=0.00s Sys=0.00s Real=0.01s
[185.651s][info][gc,start       ] GC(401) Pause Full (System.gc())
[185.652s][info][gc,phases,start] GC(401) Phase 1: Mark live objects
[185.656s][info][gc,phases      ] GC(401) Phase 1: Mark live objects 4.937ms
[185.657s][info][gc,phases,start] GC(401) Phase 2: Compute new object addresses
[185.658s][info][gc,phases      ] GC(401) Phase 2: Compute new object addresses 0.414ms
[185.658s][info][gc,phases,start] GC(401) Phase 3: Adjust pointers
[185.659s][info][gc,phases      ] GC(401) Phase 3: Adjust pointers 1.401ms
[185.659s][info][gc,phases,start] GC(401) Phase 4: Move objects
[185.659s][info][gc,phases      ] GC(401) Phase 4: Move objects 0.021ms
[185.659s][info][gc,heap        ] GC(401) DefNew: 44738K(2516544K)->0K(2516544K) Eden: 44738K(2236928K)->0K(2236928K) From: 0K(279616K)->0K(279616K)
[185.659s][info][gc,heap        ] GC(401) Tenured: 1148K(5592448K)->1151K(5592448K)
[185.659s][info][gc,metaspace   ] GC(401) Metaspace: 626K(1088K)->623K(1088K) NonClass: 588K(896K)->586K(896K) Class: 37K(192K)->36K(192K)
[185.659s][info][gc             ] GC(401) Pause Full (System.gc()) 44M->1M(7918M) 7.912ms
[185.659s][info][gc,cpu         ] GC(401) User=0.01s Sys=0.00s Real=0.01s
[186.115s][info][gc,start       ] GC(402) Pause Full (System.gc())
[186.115s][info][gc,phases,start] GC(402) Phase 1: Mark live objects
[186.120s][info][gc,phases      ] GC(402) Phase 1: Mark live objects 5.325ms
[186.120s][info][gc,phases,start] GC(402) Phase 2: Compute new object addresses
[186.121s][info][gc,phases      ] GC(402) Phase 2: Compute new object addresses 0.754ms
[186.121s][info][gc,phases,start] GC(402) Phase 3: Adjust pointers
[186.123s][info][gc,phases      ] GC(402) Phase 3: Adjust pointers 2.099ms
[186.123s][info][gc,phases,start] GC(402) Phase 4: Move objects
[186.123s][info][gc,phases      ] GC(402) Phase 4: Move objects 0.019ms
[186.123s][info][gc,heap        ] GC(402) DefNew: 44738K(2516544K)->0K(2516544K) Eden: 44738K(2236928K)->0K(2236928K) From: 0K(279616K)->0K(279616K)
[186.123s][info][gc,heap        ] GC(402) Tenured: 1151K(5592448K)->1154K(5592448K)
[186.123s][info][gc,metaspace   ] GC(402) Metaspace: 628K(1088K)->628K(1088K) NonClass: 589K(896K)->589K(896K) Class: 38K(192K)->38K(192K)
[186.123s][info][gc             ] GC(402) Pause Full (System.gc()) 44M->1M(7918M) 8.627ms
[186.123s][info][gc,cpu         ] GC(402) User=0.01s Sys=0.00s Real=0.01s
[186.580s][info][gc,start       ] GC(403) Pause Full (System.gc())
[186.580s][info][gc,phases,start] GC(403) Phase 1: Mark live objects
[186.587s][info][gc,phases      ] GC(403) Phase 1: Mark live objects 6.662ms
[186.587s][info][gc,phases,start] GC(403) Phase 2: Compute new object addresses
[186.588s][info][gc,phases      ] GC(403) Phase 2: Compute new object addresses 0.723ms
[186.588s][info][gc,phases,start] GC(403) Phase 3: Adjust pointers
[186.590s][info][gc,phases      ] GC(403) Phase 3: Adjust pointers 2.133ms
[186.590s][info][gc,phases,start] GC(403) Phase 4: Move objects
[186.590s][info][gc,phases      ] GC(403) Phase 4: Move objects 0.021ms
[186.590s][info][gc,heap        ] GC(403) DefNew: 44738K(2516544K)->0K(2516544K) Eden: 44738K(2236928K)->0K(2236928K) From: 0K(279616K)->0K(279616K)
[186.590s][info][gc,heap        ] GC(403) Tenured: 1154K(5592448K)->1126K(5592448K)
[186.590s][info][gc,metaspace   ] GC(403) Metaspace: 633K(1088K)->627K(1088K) NonClass: 593K(896K)->588K(896K) Class: 40K(192K)->38K(192K)
[186.590s][info][gc             ] GC(403) Pause Full (System.gc()) 44M->1M(7918M) 10.054ms
[186.590s][info][gc,cpu         ] GC(403) User=0.01s Sys=0.00s Real=0.01s
[187.044s][info][gc,start       ] GC(404) Pause Full (System.gc())
[187.044s][info][gc,phases,start] GC(404) Phase 1: Mark live objects
[187.050s][info][gc,phases      ] GC(404) Phase 1: Mark live objects 6.451ms
[187.051s][info][gc,phases,start] GC(404) Phase 2: Compute new object addresses
[187.051s][info][gc,phases      ] GC(404) Phase 2: Compute new object addresses 0.532ms
[187.051s][info][gc,phases,start] GC(404) Phase 3: Adjust pointers
[187.053s][info][gc,phases      ] GC(404) Phase 3: Adjust pointers 1.689ms
[187.053s][info][gc,phases,start] GC(404) Phase 4: Move objects
[187.053s][info][gc,phases      ] GC(404) Phase 4: Move objects 0.014ms
[187.053s][info][gc,heap        ] GC(404) DefNew: 44738K(2516544K)->0K(2516544K) Eden: 44738K(2236928K)->0K(2236928K) From: 0K(279616K)->0K(279616K)
[187.053s][info][gc,heap        ] GC(404) Tenured: 1126K(5592448K)->1129K(5592448K)
[187.053s][info][gc,metaspace   ] GC(404) Metaspace: 632K(1088K)->628K(1088K) NonClass: 591K(896K)->589K(896K) Class: 40K(192K)->39K(192K)
[187.053s][info][gc             ] GC(404) Pause Full (System.gc()) 44M->1M(7918M) 9.124ms
[187.053s][info][gc,cpu         ] GC(404) User=0.01s Sys=0.00s Real=0.01s
[187.508s][info][gc,start       ] GC(405) Pause Full (System.gc())
[187.508s][info][gc,phases,start] GC(405) Phase 1: Mark live objects
[187.515s][info][gc,phases      ] GC(405) Phase 1: Mark live objects 6.458ms
[187.515s][info][gc,phases,start] GC(405) Phase 2: Compute new object addresses
[187.515s][info][gc,phases      ] GC(405) Phase 2: Compute new object addresses 0.523ms
[187.516s][info][gc,phases,start] GC(405) Phase 3: Adjust pointers
[187.517s][info][gc,phases      ] GC(405) Phase 3: Adjust pointers 1.893ms
[187.517s][info][gc,phases,start] GC(405) Phase 4: Move objects
[187.517s][info][gc,phases      ] GC(405) Phase 4: Move objects 0.021ms
[187.518s][info][gc,heap        ] GC(405) DefNew: 44738K(2516544K)->0K(2516544K) Eden: 44738K(2236928K)->0K(2236928K) From: 0K(279616K)->0K(279616K)
[187.518s][info][gc,heap        ] GC(405) Tenured: 1129K(5592448K)->1132K(5592448K)
[187.518s][info][gc,metaspace   ] GC(405) Metaspace: 633K(1088K)->633K(1088K) NonClass: 592K(896K)->592K(896K) Class: 40K(192K)->40K(192K)
[187.518s][info][gc             ] GC(405) Pause Full (System.gc()) 44M->1M(7918M) 9.383ms
[187.518s][info][gc,cpu         ] GC(405) User=0.01s Sys=0.00s Real=0.01s
[187.973s][info][gc,start       ] GC(406) Pause Full (System.gc())
[187.973s][info][gc,phases,start] GC(406) Phase 1: Mark live objects
[187.979s][info][gc,phases      ] GC(406) Phase 1: Mark live objects 6.522ms
[187.979s][info][gc,phases,start] GC(406) Phase 2: Compute new object addresses
[187.980s][info][gc,phases      ] GC(406) Phase 2: Compute new object addresses 0.725ms
[187.980s][info][gc,phases,start] GC(406) Phase 3: Adjust pointers
[187.983s][info][gc,phases      ] GC(406) Phase 3: Adjust pointers 2.465ms
[187.983s][info][gc,phases,start] GC(406) Phase 4: Move objects
[187.983s][info][gc,phases      ] GC(406) Phase 4: Move objects 0.022ms
[187.983s][info][gc,heap        ] GC(406) DefNew: 44738K(2516544K)->0K(2516544K) Eden: 44738K(2236928K)->0K(2236928K) From: 0K(279616K)->0K(279616K)
[187.983s][info][gc,heap        ] GC(406) Tenured: 1132K(5592448K)->1135K(5592448K)
[187.983s][info][gc,metaspace   ] GC(406) Metaspace: 638K(1088K)->637K(1088K) NonClass: 595K(896K)->595K(896K) Class: 42K(192K)->41K(192K)
[187.983s][info][gc             ] GC(406) Pause Full (System.gc()) 44M->1M(7918M) 10.268ms
[187.983s][info][gc,cpu         ] GC(406) User=0.01s Sys=0.00s Real=0.01s
[188.439s][info][gc,start       ] GC(407) Pause Full (System.gc())
[188.439s][info][gc,phases,start] GC(407) Phase 1: Mark live objects
[188.445s][info][gc,phases      ] GC(407) Phase 1: Mark live objects 5.198ms
[188.445s][info][gc,phases,start] GC(407) Phase 2: Compute new object addresses
[188.445s][info][gc,phases      ] GC(407) Phase 2: Compute new object addresses 0.756ms
[188.446s][info][gc,phases,start] GC(407) Phase 3: Adjust pointers
[188.448s][info][gc,phases      ] GC(407) Phase 3: Adjust pointers 2.129ms
[188.448s][info][gc,phases,start] GC(407) Phase 4: Move objects
[188.448s][info][gc,phases      ] GC(407) Phase 4: Move objects 0.023ms
[188.448s][info][gc,heap        ] GC(407) DefNew: 44738K(2516544K)->0K(2516544K) Eden: 44738K(2236928K)->0K(2236928K) From: 0K(279616K)->0K(279616K)
[188.448s][info][gc,heap        ] GC(407) Tenured: 1135K(5592448K)->1133K(5592448K)
[188.448s][info][gc,metaspace   ] GC(407) Metaspace: 642K(1088K)->642K(1088K) NonClass: 598K(896K)->598K(896K) Class: 43K(192K)->43K(192K)
[188.448s][info][gc             ] GC(407) Pause Full (System.gc()) 44M->1M(7918M) 8.547ms
[188.448s][info][gc,cpu         ] GC(407) User=0.01s Sys=0.00s Real=0.01s
[188.903s][info][gc,start       ] GC(408) Pause Full (System.gc())
[188.904s][info][gc,phases,start] GC(408) Phase 1: Mark live objects
[188.911s][info][gc,phases      ] GC(408) Phase 1: Mark live objects 7.306ms
[188.911s][info][gc,phases,start] GC(408) Phase 2: Compute new object addresses
[188.912s][info][gc,phases      ] GC(408) Phase 2: Compute new object addresses 0.731ms
[188.912s][info][gc,phases,start] GC(408) Phase 3: Adjust pointers
[188.914s][info][gc,phases      ] GC(408) Phase 3: Adjust pointers 2.004ms
[188.914s][info][gc,phases,start] GC(408) Phase 4: Move objects
[188.914s][info][gc,phases      ] GC(408) Phase 4: Move objects 0.027ms
[188.914s][info][gc,heap        ] GC(408) DefNew: 44738K(2516544K)->0K(2516544K) Eden: 44738K(2236928K)->0K(2236928K) From: 0K(279616K)->0K(279616K)
[188.914s][info][gc,heap        ] GC(408) Tenured: 1133K(5592448K)->1136K(5592448K)
[188.914s][info][gc,metaspace   ] GC(408) Metaspace: 647K(1088K)->645K(1088K) NonClass: 601K(896K)->601K(896K) Class: 45K(192K)->44K(192K)
[188.914s][info][gc             ] GC(408) Pause Full (System.gc()) 44M->1M(7918M) 10.818ms
[188.914s][info][gc,cpu         ] GC(408) User=0.01s Sys=0.00s Real=0.01s
[189.371s][info][gc,start       ] GC(409) Pause Full (System.gc())
[189.371s][info][gc,phases,start] GC(409) Phase 1: Mark live objects
[189.378s][info][gc,phases      ] GC(409) Phase 1: Mark live objects 6.628ms
[189.378s][info][gc,phases,start] GC(409) Phase 2: Compute new object addresses
[189.379s][info][gc,phases      ] GC(409) Phase 2: Compute new object addresses 0.751ms
[189.379s][info][gc,phases,start] GC(409) Phase 3: Adjust pointers
[189.381s][info][gc,phases      ] GC(409) Phase 3: Adjust pointers 2.193ms
[189.381s][info][gc,phases,start] GC(409) Phase 4: Move objects
[189.381s][info][gc,phases      ] GC(409) Phase 4: Move objects 0.032ms
[189.381s][info][gc,heap        ] GC(409) DefNew: 44738K(2516544K)->0K(2516544K) Eden: 44738K(2236928K)->0K(2236928K) From: 0K(279616K)->0K(279616K)
[189.381s][info][gc,heap        ] GC(409) Tenured: 1136K(5592448K)->1140K(5592448K)
[189.382s][info][gc,metaspace   ] GC(409) Metaspace: 650K(1088K)->649K(1088K) NonClass: 604K(896K)->603K(896K) Class: 45K(192K)->45K(192K)
[189.382s][info][gc             ] GC(409) Pause Full (System.gc()) 44M->1M(7918M) 10.213ms
[189.382s][info][gc,cpu         ] GC(409) User=0.01s Sys=0.00s Real=0.01s
[189.838s][info][gc,start       ] GC(410) Pause Full (System.gc())
[189.838s][info][gc,phases,start] GC(410) Phase 1: Mark live objects
[189.845s][info][gc,phases      ] GC(410) Phase 1: Mark live objects 6.864ms
[189.845s][info][gc,phases,start] GC(410) Phase 2: Compute new object addresses
[189.846s][info][gc,phases      ] GC(410) Phase 2: Compute new object addresses 0.754ms
[189.846s][info][gc,phases,start] GC(410) Phase 3: Adjust pointers
[189.848s][info][gc,phases      ] GC(410) Phase 3: Adjust pointers 1.952ms
[189.848s][info][gc,phases,start] GC(410) Phase 4: Move objects
[189.848s][info][gc,phases      ] GC(410) Phase 4: Move objects 0.025ms
[189.849s][info][gc,heap        ] GC(410) DefNew: 44738K(2516544K)->0K(2516544K) Eden: 44738K(2236928K)->0K(2236928K) From: 0K(279616K)->0K(279616K)
[189.849s][info][gc,heap        ] GC(410) Tenured: 1140K(5592448K)->1143K(5592448K)
[189.849s][info][gc,metaspace   ] GC(410) Metaspace: 654K(1088K)->633K(1024K) NonClass: 607K(896K)->595K(832K) Class: 47K(192K)->38K(192K)
[189.849s][info][gc             ] GC(410) Pause Full (System.gc()) 44M->1M(7918M) 10.355ms
[189.849s][info][gc,cpu         ] GC(410) User=0.01s Sys=0.00s Real=0.01s
[190.301s][info][gc,start       ] GC(411) Pause Full (System.gc())
[190.301s][info][gc,phases,start] GC(411) Phase 1: Mark live objects
[190.309s][info][gc,phases      ] GC(411) Phase 1: Mark live objects 7.427ms
[190.309s][info][gc,phases,start] GC(411) Phase 2: Compute new object addresses
[190.309s][info][gc,phases      ] GC(411) Phase 2: Compute new object addresses 0.564ms
[190.309s][info][gc,phases,start] GC(411) Phase 3: Adjust pointers
[190.311s][info][gc,phases      ] GC(411) Phase 3: Adjust pointers 1.917ms
[190.311s][info][gc,phases,start] GC(411) Phase 4: Move objects
[190.311s][info][gc,phases      ] GC(411) Phase 4: Move objects 0.029ms
[190.312s][info][gc,heap        ] GC(411) DefNew: 44738K(2516544K)->0K(2516544K) Eden: 44738K(2236928K)->0K(2236928K) From: 0K(279616K)->0K(279616K)
[190.312s][info][gc,heap        ] GC(411) Tenured: 1143K(5592448K)->1129K(5592448K)
[190.312s][info][gc,metaspace   ] GC(411) Metaspace: 638K(1024K)->636K(1024K) NonClass: 598K(832K)->596K(832K) Class: 40K(192K)->39K(192K)
[190.312s][info][gc             ] GC(411) Pause Full (System.gc()) 44M->1M(7918M) 10.580ms
[190.312s][info][gc,cpu         ] GC(411) User=0.01s Sys=0.00s Real=0.02s
[190.769s][info][gc,start       ] GC(412) Pause Full (System.gc())
[190.769s][info][gc,phases,start] GC(412) Phase 1: Mark live objects
[190.774s][info][gc,phases      ] GC(412) Phase 1: Mark live objects 5.292ms
[190.774s][info][gc,phases,start] GC(412) Phase 2: Compute new object addresses
[190.775s][info][gc,phases      ] GC(412) Phase 2: Compute new object addresses 0.756ms
[190.775s][info][gc,phases,start] GC(412) Phase 3: Adjust pointers
[190.777s][info][gc,phases      ] GC(412) Phase 3: Adjust pointers 2.303ms
[190.777s][info][gc,phases,start] GC(412) Phase 4: Move objects
[190.777s][info][gc,phases      ] GC(412) Phase 4: Move objects 0.027ms
[190.777s][info][gc,heap        ] GC(412) DefNew: 44738K(2516544K)->0K(2516544K) Eden: 44738K(2236928K)->0K(2236928K) From: 0K(279616K)->0K(279616K)
[190.777s][info][gc,heap        ] GC(412) Tenured: 1129K(5592448K)->1132K(5592448K)
[190.777s][info][gc,metaspace   ] GC(412) Metaspace: 641K(1024K)->641K(1024K) NonClass: 600K(832K)->600K(832K) Class: 40K(192K)->40K(192K)
[190.778s][info][gc             ] GC(412) Pause Full (System.gc()) 44M->1M(7918M) 8.918ms
[190.778s][info][gc,cpu         ] GC(412) User=0.01s Sys=0.00s Real=0.01s
[191.231s][info][gc,start       ] GC(413) Pause Full (System.gc())
[191.231s][info][gc,phases,start] GC(413) Phase 1: Mark live objects
[191.235s][info][gc,phases      ] GC(413) Phase 1: Mark live objects 3.978ms
[191.235s][info][gc,phases,start] GC(413) Phase 2: Compute new object addresses
[191.236s][info][gc,phases      ] GC(413) Phase 2: Compute new object addresses 0.579ms
[191.236s][info][gc,phases,start] GC(413) Phase 3: Adjust pointers
[191.238s][info][gc,phases      ] GC(413) Phase 3: Adjust pointers 2.150ms
[191.238s][info][gc,phases,start] GC(413) Phase 4: Move objects
[191.238s][info][gc,phases      ] GC(413) Phase 4: Move objects 0.039ms
[191.238s][info][gc,heap        ] GC(413) DefNew: 44738K(2516544K)->0K(2516544K) Eden: 44738K(2236928K)->0K(2236928K) From: 0K(279616K)->0K(279616K)
[191.238s][info][gc,heap        ] GC(413) Tenured: 1132K(5592448K)->1135K(5592448K)
[191.238s][info][gc,metaspace   ] GC(413) Metaspace: 646K(1024K)->646K(1024K) NonClass: 603K(832K)->603K(832K) Class: 42K(192K)->42K(192K)
[191.238s][info][gc             ] GC(413) Pause Full (System.gc()) 44M->1M(7918M) 7.432ms
[191.238s][info][gc,cpu         ] GC(413) User=0.01s Sys=0.00s Real=0.01s
[191.695s][info][gc,start       ] GC(414) Pause Full (System.gc())
[191.695s][info][gc,phases,start] GC(414) Phase 1: Mark live objects
[191.700s][info][gc,phases      ] GC(414) Phase 1: Mark live objects 5.095ms
[191.700s][info][gc,phases,start] GC(414) Phase 2: Compute new object addresses
[191.701s][info][gc,phases      ] GC(414) Phase 2: Compute new object addresses 0.768ms
[191.701s][info][gc,phases,start] GC(414) Phase 3: Adjust pointers
[191.704s][info][gc,phases      ] GC(414) Phase 3: Adjust pointers 2.863ms
[191.704s][info][gc,phases,start] GC(414) Phase 4: Move objects
[191.704s][info][gc,phases      ] GC(414) Phase 4: Move objects 0.039ms
[191.705s][info][gc,heap        ] GC(414) DefNew: 44738K(2516544K)->0K(2516544K) Eden: 44738K(2236928K)->0K(2236928K) From: 0K(279616K)->0K(279616K)
[191.705s][info][gc,heap        ] GC(414) Tenured: 1135K(5592448K)->1138K(5592448K)
[191.705s][info][gc,metaspace   ] GC(414) Metaspace: 651K(1024K)->651K(1024K) NonClass: 606K(832K)->606K(832K) Class: 44K(192K)->44K(192K)
[191.705s][info][gc             ] GC(414) Pause Full (System.gc()) 44M->1M(7918M) 9.593ms
[191.705s][info][gc,cpu         ] GC(414) User=0.01s Sys=0.00s Real=0.01s
[192.162s][info][gc,start       ] GC(415) Pause Full (System.gc())
[192.162s][info][gc,phases,start] GC(415) Phase 1: Mark live objects
[192.169s][info][gc,phases      ] GC(415) Phase 1: Mark live objects 6.910ms
[192.169s][info][gc,phases,start] GC(415) Phase 2: Compute new object addresses
[192.170s][info][gc,phases      ] GC(415) Phase 2: Compute new object addresses 0.805ms
[192.170s][info][gc,phases,start] GC(415) Phase 3: Adjust pointers
[192.172s][info][gc,phases      ] GC(415) Phase 3: Adjust pointers 2.333ms
[192.173s][info][gc,phases,start] GC(415) Phase 4: Move objects
[192.173s][info][gc,phases      ] GC(415) Phase 4: Move objects 0.042ms
[192.173s][info][gc,heap        ] GC(415) DefNew: 44738K(2516544K)->0K(2516544K) Eden: 44738K(2236928K)->0K(2236928K) From: 0K(279616K)->0K(279616K)
[192.173s][info][gc,heap        ] GC(415) Tenured: 1138K(5592448K)->1132K(5592448K)
[192.173s][info][gc,metaspace   ] GC(415) Metaspace: 656K(1024K)->645K(1024K) NonClass: 610K(832K)->604K(832K) Class: 45K(192K)->41K(192K)
[192.173s][info][gc             ] GC(415) Pause Full (System.gc()) 44M->1M(7918M) 10.966ms
[192.173s][info][gc,cpu         ] GC(415) User=0.01s Sys=0.00s Real=0.01s
[192.629s][info][gc,start       ] GC(416) Pause Full (System.gc())
[192.630s][info][gc,phases,start] GC(416) Phase 1: Mark live objects
[192.636s][info][gc,phases      ] GC(416) Phase 1: Mark live objects 6.701ms
[192.636s][info][gc,phases,start] GC(416) Phase 2: Compute new object addresses
[192.637s][info][gc,phases      ] GC(416) Phase 2: Compute new object addresses 0.797ms
[192.637s][info][gc,phases,start] GC(416) Phase 3: Adjust pointers
[192.640s][info][gc,phases      ] GC(416) Phase 3: Adjust pointers 2.386ms
[192.640s][info][gc,phases,start] GC(416) Phase 4: Move objects
[192.640s][info][gc,phases      ] GC(416) Phase 4: Move objects 0.025ms
[192.640s][info][gc,heap        ] GC(416) DefNew: 44738K(2516544K)->0K(2516544K) Eden: 44738K(2236928K)->0K(2236928K) From: 0K(279616K)->0K(279616K)
[192.640s][info][gc,heap        ] GC(416) Tenured: 1132K(5592448K)->1136K(5592448K)
[192.640s][info][gc,metaspace   ] GC(416) Metaspace: 650K(1024K)->647K(1024K) NonClass: 607K(832K)->605K(832K) Class: 42K(192K)->41K(192K)
[192.640s][info][gc             ] GC(416) Pause Full (System.gc()) 44M->1M(7918M) 10.647ms
[192.640s][info][gc,cpu         ] GC(416) User=0.01s Sys=0.00s Real=0.01s
[193.093s][info][gc,start       ] GC(417) Pause Full (System.gc())
[193.093s][info][gc,phases,start] GC(417) Phase 1: Mark live objects
[193.098s][info][gc,phases      ] GC(417) Phase 1: Mark live objects 5.096ms
[193.098s][info][gc,phases,start] GC(417) Phase 2: Compute new object addresses
[193.099s][info][gc,phases      ] GC(417) Phase 2: Compute new object addresses 0.797ms
[193.099s][info][gc,phases,start] GC(417) Phase 3: Adjust pointers
[193.101s][info][gc,phases      ] GC(417) Phase 3: Adjust pointers 2.267ms
[193.101s][info][gc,phases,start] GC(417) Phase 4: Move objects
[193.101s][info][gc,phases      ] GC(417) Phase 4: Move objects 0.024ms
[193.102s][info][gc,heap        ] GC(417) DefNew: 44738K(2516544K)->0K(2516544K) Eden: 44738K(2236928K)->0K(2236928K) From: 0K(279616K)->0K(279616K)
[193.102s][info][gc,heap        ] GC(417) Tenured: 1136K(5592448K)->1138K(5592448K)
[193.102s][info][gc,metaspace   ] GC(417) Metaspace: 652K(1024K)->652K(1024K) NonClass: 609K(832K)->609K(832K) Class: 43K(192K)->43K(192K)
[193.102s][info][gc             ] GC(417) Pause Full (System.gc()) 44M->1M(7918M) 8.828ms
[193.102s][info][gc,cpu         ] GC(417) User=0.00s Sys=0.00s Real=0.01s
[193.558s][info][gc,start       ] GC(418) Pause Full (System.gc())
[193.559s][info][gc,phases,start] GC(418) Phase 1: Mark live objects
[193.564s][info][gc,phases      ] GC(418) Phase 1: Mark live objects 5.418ms
[193.564s][info][gc,phases,start] GC(418) Phase 2: Compute new object addresses
[193.565s][info][gc,phases      ] GC(418) Phase 2: Compute new object addresses 0.764ms
[193.565s][info][gc,phases,start] GC(418) Phase 3: Adjust pointers
[193.567s][info][gc,phases      ] GC(418) Phase 3: Adjust pointers 2.421ms
[193.567s][info][gc,phases,start] GC(418) Phase 4: Move objects
[193.568s][info][gc,phases      ] GC(418) Phase 4: Move objects 0.042ms
[193.568s][info][gc,heap        ] GC(418) DefNew: 44738K(2516544K)->0K(2516544K) Eden: 44738K(2236928K)->0K(2236928K) From: 0K(279616K)->0K(279616K)
[193.568s][info][gc,heap        ] GC(418) Tenured: 1138K(5592448K)->1141K(5592448K)
[193.568s][info][gc,metaspace   ] GC(418) Metaspace: 657K(1024K)->657K(1024K) NonClass: 612K(832K)->612K(832K) Class: 44K(192K)->44K(192K)
[193.568s][info][gc             ] GC(418) Pause Full (System.gc()) 44M->1M(7918M) 9.399ms
[193.568s][info][gc,cpu         ] GC(418) User=0.00s Sys=0.00s Real=0.01s
[194.025s][info][gc,start       ] GC(419) Pause Full (System.gc())
[194.025s][info][gc,phases,start] GC(419) Phase 1: Mark live objects
[194.030s][info][gc,phases      ] GC(419) Phase 1: Mark live objects 5.314ms
[194.030s][info][gc,phases,start] GC(419) Phase 2: Compute new object addresses
[194.031s][info][gc,phases      ] GC(419) Phase 2: Compute new object addresses 0.751ms
[194.031s][info][gc,phases,start] GC(419) Phase 3: Adjust pointers
[194.033s][info][gc,phases      ] GC(419) Phase 3: Adjust pointers 1.939ms
[194.033s][info][gc,phases,start] GC(419) Phase 4: Move objects
[194.033s][info][gc,phases      ] GC(419) Phase 4: Move objects 0.033ms
[194.033s][info][gc,heap        ] GC(419) DefNew: 44738K(2516544K)->0K(2516544K) Eden: 44738K(2236928K)->0K(2236928K) From: 0K(279616K)->0K(279616K)
[194.033s][info][gc,heap        ] GC(419) Tenured: 1141K(5592448K)->1142K(5592448K)
[194.033s][info][gc,metaspace   ] GC(419) Metaspace: 662K(1024K)->662K(1024K) NonClass: 615K(832K)->615K(832K) Class: 46K(192K)->46K(192K)
[194.033s][info][gc             ] GC(419) Pause Full (System.gc()) 44M->1M(7918M) 8.562ms
[194.033s][info][gc,cpu         ] GC(419) User=0.00s Sys=0.00s Real=0.01s
[194.490s][info][gc,start       ] GC(420) Pause Full (System.gc())
[194.490s][info][gc,phases,start] GC(420) Phase 1: Mark live objects
[194.495s][info][gc,phases      ] GC(420) Phase 1: Mark live objects 5.185ms
[194.495s][info][gc,phases,start] GC(420) Phase 2: Compute new object addresses
[194.496s][info][gc,phases      ] GC(420) Phase 2: Compute new object addresses 0.752ms
[194.496s][info][gc,phases,start] GC(420) Phase 3: Adjust pointers
[194.498s][info][gc,phases      ] GC(420) Phase 3: Adjust pointers 2.179ms
[194.498s][info][gc,phases,start] GC(420) Phase 4: Move objects
[194.499s][info][gc,phases      ] GC(420) Phase 4: Move objects 0.034ms
[194.499s][info][gc,heap        ] GC(420) DefNew: 44738K(2516544K)->0K(2516544K) Eden: 44738K(2236928K)->0K(2236928K) From: 0K(279616K)->0K(279616K)
[194.499s][info][gc,heap        ] GC(420) Tenured: 1142K(5592448K)->1145K(5592448K)
[194.499s][info][gc,metaspace   ] GC(420) Metaspace: 667K(1024K)->667K(1024K) NonClass: 618K(832K)->618K(832K) Class: 48K(192K)->48K(192K)
[194.499s][info][gc             ] GC(420) Pause Full (System.gc()) 44M->1M(7918M) 8.727ms
[194.499s][info][gc,cpu         ] GC(420) User=0.01s Sys=0.00s Real=0.01s
[194.955s][info][gc,start       ] GC(421) Pause Full (System.gc())
[194.955s][info][gc,phases,start] GC(421) Phase 1: Mark live objects
[194.960s][info][gc,phases      ] GC(421) Phase 1: Mark live objects 5.105ms
[194.960s][info][gc,phases,start] GC(421) Phase 2: Compute new object addresses
[194.961s][info][gc,phases      ] GC(421) Phase 2: Compute new object addresses 0.758ms
[194.961s][info][gc,phases,start] GC(421) Phase 3: Adjust pointers
[194.963s][info][gc,phases      ] GC(421) Phase 3: Adjust pointers 2.227ms
[194.963s][info][gc,phases,start] GC(421) Phase 4: Move objects
[194.963s][info][gc,phases      ] GC(421) Phase 4: Move objects 0.034ms
[194.963s][info][gc,heap        ] GC(421) DefNew: 44738K(2516544K)->0K(2516544K) Eden: 44738K(2236928K)->0K(2236928K) From: 0K(279616K)->0K(279616K)
[194.963s][info][gc,heap        ] GC(421) Tenured: 1145K(5592448K)->1148K(5592448K)
[194.963s][info][gc,metaspace   ] GC(421) Metaspace: 672K(1024K)->672K(1024K) NonClass: 622K(832K)->622K(832K) Class: 50K(192K)->50K(192K)
[194.964s][info][gc             ] GC(421) Pause Full (System.gc()) 44M->1M(7918M) 8.815ms
[194.964s][info][gc,cpu         ] GC(421) User=0.01s Sys=0.00s Real=0.01s
[195.421s][info][gc,start       ] GC(422) Pause Full (System.gc())
[195.421s][info][gc,phases,start] GC(422) Phase 1: Mark live objects
[195.427s][info][gc,phases      ] GC(422) Phase 1: Mark live objects 5.503ms
[195.427s][info][gc,phases,start] GC(422) Phase 2: Compute new object addresses
[195.427s][info][gc,phases      ] GC(422) Phase 2: Compute new object addresses 0.796ms
[195.427s][info][gc,phases,start] GC(422) Phase 3: Adjust pointers
[195.430s][info][gc,phases      ] GC(422) Phase 3: Adjust pointers 2.703ms
[195.430s][info][gc,phases,start] GC(422) Phase 4: Move objects
[195.430s][info][gc,phases      ] GC(422) Phase 4: Move objects 0.042ms
[195.430s][info][gc,heap        ] GC(422) DefNew: 44738K(2516544K)->0K(2516544K) Eden: 44738K(2236928K)->0K(2236928K) From: 0K(279616K)->0K(279616K)
[195.430s][info][gc,heap        ] GC(422) Tenured: 1148K(5592448K)->1151K(5592448K)
[195.430s][info][gc,metaspace   ] GC(422) Metaspace: 677K(1024K)->677K(1024K) NonClass: 625K(832K)->625K(832K) Class: 51K(192K)->51K(192K)
[195.431s][info][gc             ] GC(422) Pause Full (System.gc()) 44M->1M(7918M) 9.697ms
[195.431s][info][gc,cpu         ] GC(422) User=0.01s Sys=0.00s Real=0.01s
[195.885s][info][gc,start       ] GC(423) Pause Full (System.gc())
[195.885s][info][gc,phases,start] GC(423) Phase 1: Mark live objects
[195.890s][info][gc,phases      ] GC(423) Phase 1: Mark live objects 5.324ms
[195.890s][info][gc,phases,start] GC(423) Phase 2: Compute new object addresses
[195.891s][info][gc,phases      ] GC(423) Phase 2: Compute new object addresses 0.798ms
[195.891s][info][gc,phases,start] GC(423) Phase 3: Adjust pointers
[195.893s][info][gc,phases      ] GC(423) Phase 3: Adjust pointers 2.049ms
[195.893s][info][gc,phases,start] GC(423) Phase 4: Move objects
[195.893s][info][gc,phases      ] GC(423) Phase 4: Move objects 0.035ms
[195.893s][info][gc,heap        ] GC(423) DefNew: 44738K(2516544K)->0K(2516544K) Eden: 44738K(2236928K)->0K(2236928K) From: 0K(279616K)->0K(279616K)
[195.893s][info][gc,heap        ] GC(423) Tenured: 1151K(5592448K)->1154K(5592448K)
[195.893s][info][gc,metaspace   ] GC(423) Metaspace: 682K(1024K)->682K(1024K) NonClass: 628K(832K)->628K(832K) Class: 53K(192K)->53K(192K)
[195.894s][info][gc             ] GC(423) Pause Full (System.gc()) 44M->1M(7918M) 8.890ms
[195.894s][info][gc,cpu         ] GC(423) User=0.01s Sys=0.00s Real=0.01s
[196.348s][info][gc,start       ] GC(424) Pause Full (System.gc())
[196.349s][info][gc,phases,start] GC(424) Phase 1: Mark live objects
[196.355s][info][gc,phases      ] GC(424) Phase 1: Mark live objects 6.833ms
[196.356s][info][gc,phases,start] GC(424) Phase 2: Compute new object addresses
[196.356s][info][gc,phases      ] GC(424) Phase 2: Compute new object addresses 0.779ms
[196.356s][info][gc,phases,start] GC(424) Phase 3: Adjust pointers
[196.359s][info][gc,phases      ] GC(424) Phase 3: Adjust pointers 2.475ms
[196.359s][info][gc,phases,start] GC(424) Phase 4: Move objects
[196.359s][info][gc,phases      ] GC(424) Phase 4: Move objects 0.039ms
[196.359s][info][gc,heap        ] GC(424) DefNew: 44738K(2516544K)->0K(2516544K) Eden: 44738K(2236928K)->0K(2236928K) From: 0K(279616K)->0K(279616K)
[196.360s][info][gc,heap        ] GC(424) Tenured: 1154K(5592448K)->1157K(5592448K)
[196.360s][info][gc,metaspace   ] GC(424) Metaspace: 687K(1024K)->665K(1024K) NonClass: 632K(832K)->620K(832K) Class: 55K(192K)->45K(192K)
[196.360s][info][gc             ] GC(424) Pause Full (System.gc()) 44M->1M(7918M) 11.248ms
[196.360s][info][gc,cpu         ] GC(424) User=0.01s Sys=0.00s Real=0.01s
[196.815s][info][gc,start       ] GC(425) Pause Full (System.gc())
[196.816s][info][gc,phases,start] GC(425) Phase 1: Mark live objects
[196.822s][info][gc,phases      ] GC(425) Phase 1: Mark live objects 6.904ms
[196.823s][info][gc,phases,start] GC(425) Phase 2: Compute new object addresses
[196.823s][info][gc,phases      ] GC(425) Phase 2: Compute new object addresses 0.729ms
[196.823s][info][gc,phases,start] GC(425) Phase 3: Adjust pointers
[196.826s][info][gc,phases      ] GC(425) Phase 3: Adjust pointers 2.341ms
[196.826s][info][gc,phases,start] GC(425) Phase 4: Move objects
[196.826s][info][gc,phases      ] GC(425) Phase 4: Move objects 0.031ms
[196.826s][info][gc,heap        ] GC(425) DefNew: 44738K(2516544K)->0K(2516544K) Eden: 44738K(2236928K)->0K(2236928K) From: 0K(279616K)->0K(279616K)
[196.826s][info][gc,heap        ] GC(425) Tenured: 1157K(5592448K)->1160K(5592448K)
[196.826s][info][gc,metaspace   ] GC(425) Metaspace: 670K(1024K)->668K(1024K) NonClass: 623K(832K)->622K(832K) Class: 47K(192K)->46K(192K)
[196.826s][info][gc             ] GC(425) Pause Full (System.gc()) 44M->1M(7918M) 10.722ms
[196.826s][info][gc,cpu         ] GC(425) User=0.01s Sys=0.00s Real=0.01s
[197.279s][info][gc,start       ] GC(426) Pause Full (System.gc())
[197.280s][info][gc,phases,start] GC(426) Phase 1: Mark live objects
[197.286s][info][gc,phases      ] GC(426) Phase 1: Mark live objects 5.904ms
[197.286s][info][gc,phases,start] GC(426) Phase 2: Compute new object addresses
[197.286s][info][gc,phases      ] GC(426) Phase 2: Compute new object addresses 0.427ms
[197.286s][info][gc,phases,start] GC(426) Phase 3: Adjust pointers
[197.288s][info][gc,phases      ] GC(426) Phase 3: Adjust pointers 1.535ms
[197.288s][info][gc,phases,start] GC(426) Phase 4: Move objects
[197.288s][info][gc,phases      ] GC(426) Phase 4: Move objects 0.024ms
[197.288s][info][gc,heap        ] GC(426) DefNew: 44738K(2516544K)->0K(2516544K) Eden: 44738K(2236928K)->0K(2236928K) From: 0K(279616K)->0K(279616K)
[197.288s][info][gc,heap        ] GC(426) Tenured: 1160K(5592448K)->1163K(5592448K)
[197.288s][info][gc,metaspace   ] GC(426) Metaspace: 673K(1024K)->670K(1024K) NonClass: 625K(832K)->623K(832K) Class: 47K(192K)->46K(192K)
[197.288s][info][gc             ] GC(426) Pause Full (System.gc()) 44M->1M(7918M) 8.535ms
[197.288s][info][gc,cpu         ] GC(426) User=0.00s Sys=0.00s Real=0.01s
[197.744s][info][gc,start       ] GC(427) Pause Full (System.gc())
[197.744s][info][gc,phases,start] GC(427) Phase 1: Mark live objects
[197.749s][info][gc,phases      ] GC(427) Phase 1: Mark live objects 5.265ms
[197.749s][info][gc,phases,start] GC(427) Phase 2: Compute new object addresses
[197.750s][info][gc,phases      ] GC(427) Phase 2: Compute new object addresses 0.321ms
[197.750s][info][gc,phases,start] GC(427) Phase 3: Adjust pointers
[197.751s][info][gc,phases      ] GC(427) Phase 3: Adjust pointers 1.070ms
[197.751s][info][gc,phases,start] GC(427) Phase 4: Move objects
[197.751s][info][gc,phases      ] GC(427) Phase 4: Move objects 0.017ms
[197.751s][info][gc,heap        ] GC(427) DefNew: 44738K(2516544K)->0K(2516544K) Eden: 44738K(2236928K)->0K(2236928K) From: 0K(279616K)->0K(279616K)
[197.751s][info][gc,heap        ] GC(427) Tenured: 1163K(5592448K)->1144K(5592448K)
[197.751s][info][gc,metaspace   ] GC(427) Metaspace: 675K(1024K)->672K(1024K) NonClass: 627K(832K)->625K(832K) Class: 48K(192K)->47K(192K)
[197.751s][info][gc             ] GC(427) Pause Full (System.gc()) 44M->1M(7918M) 7.079ms
[197.751s][info][gc,cpu         ] GC(427) User=0.01s Sys=0.01s Real=0.00s
[198.205s][info][gc,start       ] GC(428) Pause Full (System.gc())
[198.205s][info][gc,phases,start] GC(428) Phase 1: Mark live objects
[198.211s][info][gc,phases      ] GC(428) Phase 1: Mark live objects 5.518ms
[198.211s][info][gc,phases,start] GC(428) Phase 2: Compute new object addresses
[198.211s][info][gc,phases      ] GC(428) Phase 2: Compute new object addresses 0.404ms
[198.211s][info][gc,phases,start] GC(428) Phase 3: Adjust pointers
[198.213s][info][gc,phases      ] GC(428) Phase 3: Adjust pointers 1.240ms
[198.213s][info][gc,phases,start] GC(428) Phase 4: Move objects
[198.213s][info][gc,phases      ] GC(428) Phase 4: Move objects 0.016ms
[198.213s][info][gc,heap        ] GC(428) DefNew: 44738K(2516544K)->0K(2516544K) Eden: 44738K(2236928K)->0K(2236928K) From: 0K(279616K)->0K(279616K)
[198.213s][info][gc,heap        ] GC(428) Tenured: 1144K(5592448K)->1147K(5592448K)
[198.213s][info][gc,metaspace   ] GC(428) Metaspace: 677K(1024K)->674K(1024K) NonClass: 628K(832K)->627K(832K) Class: 48K(192K)->47K(192K)
[198.213s][info][gc             ] GC(428) Pause Full (System.gc()) 44M->1M(7918M) 7.616ms
[198.213s][info][gc,cpu         ] GC(428) User=0.01s Sys=0.00s Real=0.01s
[198.669s][info][gc,start       ] GC(429) Pause Full (System.gc())
[198.669s][info][gc,phases,start] GC(429) Phase 1: Mark live objects
[198.673s][info][gc,phases      ] GC(429) Phase 1: Mark live objects 4.073ms
[198.673s][info][gc,phases,start] GC(429) Phase 2: Compute new object addresses
[198.673s][info][gc,phases      ] GC(429) Phase 2: Compute new object addresses 0.535ms
[198.673s][info][gc,phases,start] GC(429) Phase 3: Adjust pointers
[198.675s][info][gc,phases      ] GC(429) Phase 3: Adjust pointers 1.408ms
[198.675s][info][gc,phases,start] GC(429) Phase 4: Move objects
[198.675s][info][gc,phases      ] GC(429) Phase 4: Move objects 0.015ms
[198.675s][info][gc,heap        ] GC(429) DefNew: 44738K(2516544K)->0K(2516544K) Eden: 44738K(2236928K)->0K(2236928K) From: 0K(279616K)->0K(279616K)
[198.675s][info][gc,heap        ] GC(429) Tenured: 1147K(5592448K)->1150K(5592448K)
[198.675s][info][gc,metaspace   ] GC(429) Metaspace: 679K(1024K)->678K(1024K) NonClass: 630K(832K)->630K(832K) Class: 49K(192K)->48K(192K)
[198.675s][info][gc             ] GC(429) Pause Full (System.gc()) 44M->1M(7918M) 6.350ms
[198.675s][info][gc,cpu         ] GC(429) User=0.01s Sys=0.00s Real=0.01s
[199.127s][info][gc,start       ] GC(430) Pause Full (System.gc())
[199.127s][info][gc,phases,start] GC(430) Phase 1: Mark live objects
[199.132s][info][gc,phases      ] GC(430) Phase 1: Mark live objects 4.870ms
[199.132s][info][gc,phases,start] GC(430) Phase 2: Compute new object addresses
[199.133s][info][gc,phases      ] GC(430) Phase 2: Compute new object addresses 0.365ms
[199.133s][info][gc,phases,start] GC(430) Phase 3: Adjust pointers
[199.134s][info][gc,phases      ] GC(430) Phase 3: Adjust pointers 1.649ms
[199.134s][info][gc,phases,start] GC(430) Phase 4: Move objects
[199.134s][info][gc,phases      ] GC(430) Phase 4: Move objects 0.021ms
[199.134s][info][gc,heap        ] GC(430) DefNew: 44738K(2516544K)->0K(2516544K) Eden: 44738K(2236928K)->0K(2236928K) From: 0K(279616K)->0K(279616K)
[199.134s][info][gc,heap        ] GC(430) Tenured: 1150K(5592448K)->1153K(5592448K)
[199.135s][info][gc,metaspace   ] GC(430) Metaspace: 683K(1024K)->683K(1024K) NonClass: 633K(832K)->633K(832K) Class: 50K(192K)->49K(192K)
[199.135s][info][gc             ] GC(430) Pause Full (System.gc()) 44M->1M(7918M) 7.469ms
[199.135s][info][gc,cpu         ] GC(430) User=0.00s Sys=0.00s Real=0.01s
[199.592s][info][gc,start       ] GC(431) Pause Full (System.gc())
[199.592s][info][gc,phases,start] GC(431) Phase 1: Mark live objects
[199.598s][info][gc,phases      ] GC(431) Phase 1: Mark live objects 5.687ms
[199.598s][info][gc,phases,start] GC(431) Phase 2: Compute new object addresses
[199.598s][info][gc,phases      ] GC(431) Phase 2: Compute new object addresses 0.427ms
[199.598s][info][gc,phases,start] GC(431) Phase 3: Adjust pointers
[199.600s][info][gc,phases      ] GC(431) Phase 3: Adjust pointers 1.534ms
[199.600s][info][gc,phases,start] GC(431) Phase 4: Move objects
[199.600s][info][gc,phases      ] GC(431) Phase 4: Move objects 0.023ms
[199.600s][info][gc,heap        ] GC(431) DefNew: 44738K(2516544K)->0K(2516544K) Eden: 44738K(2236928K)->0K(2236928K) From: 0K(279616K)->0K(279616K)
[199.600s][info][gc,heap        ] GC(431) Tenured: 1153K(5592448K)->1151K(5592448K)
[199.600s][info][gc,metaspace   ] GC(431) Metaspace: 688K(1024K)->687K(1024K) NonClass: 636K(832K)->635K(832K) Class: 51K(192K)->51K(192K)
[199.600s][info][gc             ] GC(431) Pause Full (System.gc()) 44M->1M(7918M) 8.333ms
[199.600s][info][gc,cpu         ] GC(431) User=0.00s Sys=0.00s Real=0.00s
[200.056s][info][gc,start       ] GC(432) Pause Full (System.gc())
[200.056s][info][gc,phases,start] GC(432) Phase 1: Mark live objects
[200.060s][info][gc,phases      ] GC(432) Phase 1: Mark live objects 3.585ms
[200.060s][info][gc,phases,start] GC(432) Phase 2: Compute new object addresses
[200.060s][info][gc,phases      ] GC(432) Phase 2: Compute new object addresses 0.314ms
[200.060s][info][gc,phases,start] GC(432) Phase 3: Adjust pointers
[200.061s][info][gc,phases      ] GC(432) Phase 3: Adjust pointers 1.056ms
[200.061s][info][gc,phases,start] GC(432) Phase 4: Move objects
[200.061s][info][gc,phases      ] GC(432) Phase 4: Move objects 0.017ms
[200.062s][info][gc,heap        ] GC(432) DefNew: 44738K(2516544K)->0K(2516544K) Eden: 44738K(2236928K)->0K(2236928K) From: 0K(279616K)->0K(279616K)
[200.062s][info][gc,heap        ] GC(432) Tenured: 1151K(5592448K)->1154K(5592448K)
[200.062s][info][gc,metaspace   ] GC(432) Metaspace: 692K(1024K)->692K(1024K) NonClass: 639K(832K)->639K(832K) Class: 52K(192K)->52K(192K)
[200.062s][info][gc             ] GC(432) Pause Full (System.gc()) 44M->1M(7918M) 5.424ms
[200.062s][info][gc,cpu         ] GC(432) User=0.00s Sys=0.00s Real=0.01s
[200.514s][info][gc,start       ] GC(433) Pause Full (System.gc())
[200.514s][info][gc,phases,start] GC(433) Phase 1: Mark live objects
[200.516s][info][gc,phases      ] GC(433) Phase 1: Mark live objects 1.913ms
[200.516s][info][gc,phases,start] GC(433) Phase 2: Compute new object addresses
[200.517s][info][gc,phases      ] GC(433) Phase 2: Compute new object addresses 0.503ms
[200.517s][info][gc,phases,start] GC(433) Phase 3: Adjust pointers
[200.518s][info][gc,phases      ] GC(433) Phase 3: Adjust pointers 1.341ms
[200.518s][info][gc,phases,start] GC(433) Phase 4: Move objects
[200.518s][info][gc,phases      ] GC(433) Phase 4: Move objects 0.014ms
[200.518s][info][gc,heap        ] GC(433) DefNew: 44738K(2516544K)->0K(2516544K) Eden: 44738K(2236928K)->0K(2236928K) From: 0K(279616K)->0K(279616K)
[200.518s][info][gc,heap        ] GC(433) Tenured: 1154K(5592448K)->1157K(5592448K)
[200.518s][info][gc,metaspace   ] GC(433) Metaspace: 697K(1024K)->697K(1024K) NonClass: 642K(832K)->642K(832K) Class: 54K(192K)->54K(192K)
[200.518s][info][gc             ] GC(433) Pause Full (System.gc()) 44M->1M(7918M) 4.009ms
[200.518s][info][gc,cpu         ] GC(433) User=0.01s Sys=0.00s Real=0.00s
[200.976s][info][gc,start       ] GC(434) Pause Full (System.gc())
[200.976s][info][gc,phases,start] GC(434) Phase 1: Mark live objects
[200.978s][info][gc,phases      ] GC(434) Phase 1: Mark live objects 1.588ms
[200.978s][info][gc,phases,start] GC(434) Phase 2: Compute new object addresses
[200.978s][info][gc,phases      ] GC(434) Phase 2: Compute new object addresses 0.312ms
[200.978s][info][gc,phases,start] GC(434) Phase 3: Adjust pointers
[200.979s][info][gc,phases      ] GC(434) Phase 3: Adjust pointers 0.897ms
[200.979s][info][gc,phases,start] GC(434) Phase 4: Move objects
[200.979s][info][gc,phases      ] GC(434) Phase 4: Move objects 0.012ms
[200.979s][info][gc,heap        ] GC(434) DefNew: 44738K(2516544K)->0K(2516544K) Eden: 44738K(2236928K)->0K(2236928K) From: 0K(279616K)->0K(279616K)
[200.979s][info][gc,heap        ] GC(434) Tenured: 1157K(5592448K)->1160K(5592448K)
[200.979s][info][gc,metaspace   ] GC(434) Metaspace: 702K(1024K)->702K(1024K) NonClass: 645K(832K)->645K(832K) Class: 56K(192K)->56K(192K)
[200.979s][info][gc             ] GC(434) Pause Full (System.gc()) 44M->1M(7918M) 3.198ms
[200.979s][info][gc,cpu         ] GC(434) User=0.00s Sys=0.00s Real=0.00s
[201.436s][info][gc,start       ] GC(435) Pause Full (System.gc())
[201.436s][info][gc,phases,start] GC(435) Phase 1: Mark live objects
[201.441s][info][gc,phases      ] GC(435) Phase 1: Mark live objects 5.183ms
[201.441s][info][gc,phases,start] GC(435) Phase 2: Compute new object addresses
[201.442s][info][gc,phases      ] GC(435) Phase 2: Compute new object addresses 0.573ms
[201.442s][info][gc,phases,start] GC(435) Phase 3: Adjust pointers
[201.443s][info][gc,phases      ] GC(435) Phase 3: Adjust pointers 1.777ms
[201.444s][info][gc,phases,start] GC(435) Phase 4: Move objects
[201.444s][info][gc,phases      ] GC(435) Phase 4: Move objects 0.032ms
[201.444s][info][gc,heap        ] GC(435) DefNew: 44738K(2516544K)->0K(2516544K) Eden: 44738K(2236928K)->0K(2236928K) From: 0K(279616K)->0K(279616K)
[201.444s][info][gc,heap        ] GC(435) Tenured: 1160K(5592448K)->1162K(5592448K)
[201.444s][info][gc,metaspace   ] GC(435) Metaspace: 707K(1024K)->707K(1024K) NonClass: 648K(832K)->648K(832K) Class: 58K(192K)->58K(192K)
[201.444s][info][gc             ] GC(435) Pause Full (System.gc()) 44M->1M(7918M) 8.148ms
[201.444s][info][gc,cpu         ] GC(435) User=0.01s Sys=0.00s Real=0.01s
[201.899s][info][gc,start       ] GC(436) Pause Full (System.gc())
[201.899s][info][gc,phases,start] GC(436) Phase 1: Mark live objects
[201.904s][info][gc,phases      ] GC(436) Phase 1: Mark live objects 5.501ms
[201.905s][info][gc,phases,start] GC(436) Phase 2: Compute new object addresses
[201.905s][info][gc,phases      ] GC(436) Phase 2: Compute new object addresses 0.718ms
[201.905s][info][gc,phases,start] GC(436) Phase 3: Adjust pointers
[201.906s][info][gc,phases      ] GC(436) Phase 3: Adjust pointers 1.125ms
[201.907s][info][gc,phases,start] GC(436) Phase 4: Move objects
[201.907s][info][gc,phases      ] GC(436) Phase 4: Move objects 0.022ms
[201.907s][info][gc,heap        ] GC(436) DefNew: 44738K(2516544K)->0K(2516544K) Eden: 44738K(2236928K)->0K(2236928K) From: 0K(279616K)->0K(279616K)
[201.907s][info][gc,heap        ] GC(436) Tenured: 1162K(5592448K)->1165K(5592448K)
[201.907s][info][gc,metaspace   ] GC(436) Metaspace: 712K(1088K)->712K(1088K) NonClass: 652K(896K)->652K(896K) Class: 59K(192K)->59K(192K)
[201.907s][info][gc             ] GC(436) Pause Full (System.gc()) 44M->1M(7918M) 8.029ms
[201.907s][info][gc,cpu         ] GC(436) User=0.01s Sys=0.00s Real=0.01s
[202.363s][info][gc,start       ] GC(437) Pause Full (System.gc())
[202.364s][info][gc,phases,start] GC(437) Phase 1: Mark live objects
[202.372s][info][gc,phases      ] GC(437) Phase 1: Mark live objects 8.106ms
[202.372s][info][gc,phases,start] GC(437) Phase 2: Compute new object addresses
[202.372s][info][gc,phases      ] GC(437) Phase 2: Compute new object addresses 0.599ms
[202.372s][info][gc,phases,start] GC(437) Phase 3: Adjust pointers
[202.374s][info][gc,phases      ] GC(437) Phase 3: Adjust pointers 1.791ms
[202.374s][info][gc,phases,start] GC(437) Phase 4: Move objects
[202.374s][info][gc,phases      ] GC(437) Phase 4: Move objects 0.026ms
[202.375s][info][gc,heap        ] GC(437) DefNew: 44738K(2516544K)->0K(2516544K) Eden: 44738K(2236928K)->0K(2236928K) From: 0K(279616K)->0K(279616K)
[202.375s][info][gc,heap        ] GC(437) Tenured: 1165K(5592448K)->1168K(5592448K)
[202.375s][info][gc,metaspace   ] GC(437) Metaspace: 717K(1088K)->636K(1088K) NonClass: 655K(896K)->593K(896K) Class: 61K(192K)->42K(192K)
[202.375s][info][gc             ] GC(437) Pause Full (System.gc()) 44M->1M(7918M) 11.685ms
[202.375s][info][gc,cpu         ] GC(437) User=0.01s Sys=0.00s Real=0.01s
[202.832s][info][gc,start       ] GC(438) Pause Full (System.gc())
[202.832s][info][gc,phases,start] GC(438) Phase 1: Mark live objects
[202.840s][info][gc,phases      ] GC(438) Phase 1: Mark live objects 7.185ms
[202.840s][info][gc,phases,start] GC(438) Phase 2: Compute new object addresses
[202.840s][info][gc,phases      ] GC(438) Phase 2: Compute new object addresses 0.785ms
[202.841s][info][gc,phases,start] GC(438) Phase 3: Adjust pointers
[202.843s][info][gc,phases      ] GC(438) Phase 3: Adjust pointers 2.250ms
[202.843s][info][gc,phases,start] GC(438) Phase 4: Move objects
[202.843s][info][gc,phases      ] GC(438) Phase 4: Move objects 0.028ms
[202.843s][info][gc,heap        ] GC(438) DefNew: 44738K(2516544K)->0K(2516544K) Eden: 44738K(2236928K)->0K(2236928K) From: 0K(279616K)->0K(279616K)
[202.843s][info][gc,heap        ] GC(438) Tenured: 1168K(5592448K)->1172K(5592448K)
[202.843s][info][gc,metaspace   ] GC(438) Metaspace: 641K(1088K)->637K(1088K) NonClass: 597K(896K)->594K(896K) Class: 43K(192K)->42K(192K)
[202.843s][info][gc             ] GC(438) Pause Full (System.gc()) 44M->1M(7918M) 11.199ms
[202.843s][info][gc,cpu         ] GC(438) User=0.01s Sys=0.00s Real=0.01s
[203.299s][info][gc,start       ] GC(439) Pause Full (System.gc())
[203.299s][info][gc,phases,start] GC(439) Phase 1: Mark live objects
[203.306s][info][gc,phases      ] GC(439) Phase 1: Mark live objects 6.831ms
[203.306s][info][gc,phases,start] GC(439) Phase 2: Compute new object addresses
[203.307s][info][gc,phases      ] GC(439) Phase 2: Compute new object addresses 0.805ms
[203.307s][info][gc,phases,start] GC(439) Phase 3: Adjust pointers
[203.310s][info][gc,phases      ] GC(439) Phase 3: Adjust pointers 2.767ms
[203.310s][info][gc,phases,start] GC(439) Phase 4: Move objects
[203.310s][info][gc,phases      ] GC(439) Phase 4: Move objects 0.049ms
[203.310s][info][gc,heap        ] GC(439) DefNew: 44738K(2516544K)->0K(2516544K) Eden: 44738K(2236928K)->0K(2236928K) From: 0K(279616K)->0K(279616K)
[203.310s][info][gc,heap        ] GC(439) Tenured: 1172K(5592448K)->1133K(5592448K)
[203.310s][info][gc,metaspace   ] GC(439) Metaspace: 642K(1088K)->641K(1088K) NonClass: 598K(896K)->597K(896K) Class: 44K(192K)->44K(192K)
[203.310s][info][gc             ] GC(439) Pause Full (System.gc()) 44M->1M(7918M) 11.388ms
[203.310s][info][gc,cpu         ] GC(439) User=0.01s Sys=0.00s Real=0.01s
[203.767s][info][gc,start       ] GC(440) Pause Full (System.gc())
[203.767s][info][gc,phases,start] GC(440) Phase 1: Mark live objects
[203.772s][info][gc,phases      ] GC(440) Phase 1: Mark live objects 4.583ms
[203.772s][info][gc,phases,start] GC(440) Phase 2: Compute new object addresses
[203.772s][info][gc,phases      ] GC(440) Phase 2: Compute new object addresses 0.307ms
[203.772s][info][gc,phases,start] GC(440) Phase 3: Adjust pointers
[203.773s][info][gc,phases      ] GC(440) Phase 3: Adjust pointers 1.031ms
[203.773s][info][gc,phases,start] GC(440) Phase 4: Move objects
[203.773s][info][gc,phases      ] GC(440) Phase 4: Move objects 0.015ms
[203.773s][info][gc,heap        ] GC(440) DefNew: 44738K(2516544K)->0K(2516544K) Eden: 44738K(2236928K)->0K(2236928K) From: 0K(279616K)->0K(279616K)
[203.773s][info][gc,heap        ] GC(440) Tenured: 1133K(5592448K)->1136K(5592448K)
[203.773s][info][gc,metaspace   ] GC(440) Metaspace: 646K(1088K)->646K(1088K) NonClass: 601K(896K)->600K(896K) Class: 45K(192K)->45K(192K)
[203.773s][info][gc             ] GC(440) Pause Full (System.gc()) 44M->1M(7918M) 6.516ms
[203.773s][info][gc,cpu         ] GC(440) User=0.01s Sys=0.00s Real=0.01s
[204.228s][info][gc,start       ] GC(441) Pause Full (System.gc())
[204.228s][info][gc,phases,start] GC(441) Phase 1: Mark live objects
[204.233s][info][gc,phases      ] GC(441) Phase 1: Mark live objects 4.719ms
[204.236s][info][gc,phases,start] GC(441) Phase 2: Compute new object addresses
[204.236s][info][gc,phases      ] GC(441) Phase 2: Compute new object addresses 0.424ms
[204.236s][info][gc,phases,start] GC(441) Phase 3: Adjust pointers
[204.237s][info][gc,phases      ] GC(441) Phase 3: Adjust pointers 1.299ms
[204.237s][info][gc,phases,start] GC(441) Phase 4: Move objects
[204.237s][info][gc,phases      ] GC(441) Phase 4: Move objects 0.017ms
[204.238s][info][gc,heap        ] GC(441) DefNew: 44738K(2516544K)->0K(2516544K) Eden: 44738K(2236928K)->0K(2236928K) From: 0K(279616K)->0K(279616K)
[204.238s][info][gc,heap        ] GC(441) Tenured: 1136K(5592448K)->1139K(5592448K)
[204.238s][info][gc,metaspace   ] GC(441) Metaspace: 651K(1088K)->650K(1088K) NonClass: 603K(896K)->603K(896K) Class: 47K(192K)->46K(192K)
[204.238s][info][gc             ] GC(441) Pause Full (System.gc()) 44M->1M(7918M) 9.711ms
[204.238s][info][gc,cpu         ] GC(441) User=0.01s Sys=0.00s Real=0.01s
[204.695s][info][gc,start       ] GC(442) Pause Full (System.gc())
[204.695s][info][gc,phases,start] GC(442) Phase 1: Mark live objects
[204.701s][info][gc,phases      ] GC(442) Phase 1: Mark live objects 6.486ms
[204.701s][info][gc,phases,start] GC(442) Phase 2: Compute new object addresses
[204.702s][info][gc,phases      ] GC(442) Phase 2: Compute new object addresses 0.785ms
[204.702s][info][gc,phases,start] GC(442) Phase 3: Adjust pointers
[204.704s][info][gc,phases      ] GC(442) Phase 3: Adjust pointers 1.977ms
[204.704s][info][gc,phases,start] GC(442) Phase 4: Move objects
[204.704s][info][gc,phases      ] GC(442) Phase 4: Move objects 0.027ms
[204.705s][info][gc,heap        ] GC(442) DefNew: 44738K(2516544K)->0K(2516544K) Eden: 44738K(2236928K)->0K(2236928K) From: 0K(279616K)->0K(279616K)
[204.705s][info][gc,heap        ] GC(442) Tenured: 1139K(5592448K)->1142K(5592448K)
[204.705s][info][gc,metaspace   ] GC(442) Metaspace: 655K(1088K)->654K(1088K) NonClass: 606K(896K)->606K(896K) Class: 48K(192K)->47K(192K)
[204.705s][info][gc             ] GC(442) Pause Full (System.gc()) 44M->1M(7918M) 10.062ms
[204.705s][info][gc,cpu         ] GC(442) User=0.01s Sys=0.01s Real=0.01s
[205.160s][info][gc,start       ] GC(443) Pause Full (System.gc())
[205.160s][info][gc,phases,start] GC(443) Phase 1: Mark live objects
[205.165s][info][gc,phases      ] GC(443) Phase 1: Mark live objects 5.069ms
[205.166s][info][gc,phases,start] GC(443) Phase 2: Compute new object addresses
[205.166s][info][gc,phases      ] GC(443) Phase 2: Compute new object addresses 0.739ms
[205.166s][info][gc,phases,start] GC(443) Phase 3: Adjust pointers
[205.169s][info][gc,phases      ] GC(443) Phase 3: Adjust pointers 2.193ms
[205.169s][info][gc,phases,start] GC(443) Phase 4: Move objects
[205.169s][info][gc,phases      ] GC(443) Phase 4: Move objects 0.048ms
[205.169s][info][gc,heap        ] GC(443) DefNew: 44738K(2516544K)->0K(2516544K) Eden: 44738K(2236928K)->0K(2236928K) From: 0K(279616K)->0K(279616K)
[205.169s][info][gc,heap        ] GC(443) Tenured: 1142K(5592448K)->1142K(5592448K)
[205.169s][info][gc,metaspace   ] GC(443) Metaspace: 659K(1088K)->659K(1088K) NonClass: 609K(896K)->609K(896K) Class: 49K(192K)->49K(192K)
[205.169s][info][gc             ] GC(443) Pause Full (System.gc()) 44M->1M(7918M) 8.932ms
[205.169s][info][gc,cpu         ] GC(443) User=0.01s Sys=0.00s Real=0.01s
[205.626s][info][gc,start       ] GC(444) Pause Full (System.gc())
[205.626s][info][gc,phases,start] GC(444) Phase 1: Mark live objects
[205.632s][info][gc,phases      ] GC(444) Phase 1: Mark live objects 5.172ms
[205.632s][info][gc,phases,start] GC(444) Phase 2: Compute new object addresses
[205.632s][info][gc,phases      ] GC(444) Phase 2: Compute new object addresses 0.746ms
[205.633s][info][gc,phases,start] GC(444) Phase 3: Adjust pointers
[205.635s][info][gc,phases      ] GC(444) Phase 3: Adjust pointers 2.154ms
[205.635s][info][gc,phases,start] GC(444) Phase 4: Move objects
[205.635s][info][gc,phases      ] GC(444) Phase 4: Move objects 0.040ms
[205.635s][info][gc,heap        ] GC(444) DefNew: 44738K(2516544K)->0K(2516544K) Eden: 44738K(2236928K)->0K(2236928K) From: 0K(279616K)->0K(279616K)
[205.635s][info][gc,heap        ] GC(444) Tenured: 1142K(5592448K)->1145K(5592448K)
[205.635s][info][gc,metaspace   ] GC(444) Metaspace: 664K(1088K)->664K(1088K) NonClass: 612K(896K)->612K(896K) Class: 51K(192K)->51K(192K)
[205.635s][info][gc             ] GC(444) Pause Full (System.gc()) 44M->1M(7918M) 8.806ms
[205.635s][info][gc,cpu         ] GC(444) User=0.01s Sys=0.00s Real=0.01s
[206.093s][info][gc,start       ] GC(445) Pause Full (System.gc())
[206.093s][info][gc,phases,start] GC(445) Phase 1: Mark live objects
[206.099s][info][gc,phases      ] GC(445) Phase 1: Mark live objects 6.015ms
[206.099s][info][gc,phases,start] GC(445) Phase 2: Compute new object addresses
[206.100s][info][gc,phases      ] GC(445) Phase 2: Compute new object addresses 0.568ms
[206.100s][info][gc,phases,start] GC(445) Phase 3: Adjust pointers
[206.102s][info][gc,phases      ] GC(445) Phase 3: Adjust pointers 1.824ms
[206.102s][info][gc,phases,start] GC(445) Phase 4: Move objects
[206.102s][info][gc,phases      ] GC(445) Phase 4: Move objects 0.030ms
[206.102s][info][gc,heap        ] GC(445) DefNew: 44738K(2516544K)->0K(2516544K) Eden: 44738K(2236928K)->0K(2236928K) From: 0K(279616K)->0K(279616K)
[206.102s][info][gc,heap        ] GC(445) Tenured: 1145K(5592448K)->1148K(5592448K)
[206.102s][info][gc,metaspace   ] GC(445) Metaspace: 669K(1088K)->666K(1088K) NonClass: 616K(896K)->614K(896K) Class: 53K(192K)->51K(192K)
[206.103s][info][gc             ] GC(445) Pause Full (System.gc()) 44M->1M(7918M) 9.522ms
[206.103s][info][gc,cpu         ] GC(445) User=0.01s Sys=0.00s Real=0.01s
[206.560s][info][gc,start       ] GC(446) Pause Full (System.gc())
[206.560s][info][gc,phases,start] GC(446) Phase 1: Mark live objects
[206.567s][info][gc,phases      ] GC(446) Phase 1: Mark live objects 6.607ms
[206.567s][info][gc,phases,start] GC(446) Phase 2: Compute new object addresses
[206.567s][info][gc,phases      ] GC(446) Phase 2: Compute new object addresses 0.746ms
[206.568s][info][gc,phases,start] GC(446) Phase 3: Adjust pointers
[206.570s][info][gc,phases      ] GC(446) Phase 3: Adjust pointers 2.334ms
[206.570s][info][gc,phases,start] GC(446) Phase 4: Move objects
[206.570s][info][gc,phases      ] GC(446) Phase 4: Move objects 0.025ms
[206.570s][info][gc,heap        ] GC(446) DefNew: 44738K(2516544K)->0K(2516544K) Eden: 44738K(2236928K)->0K(2236928K) From: 0K(279616K)->0K(279616K)
[206.570s][info][gc,heap        ] GC(446) Tenured: 1148K(5592448K)->1151K(5592448K)
[206.570s][info][gc,metaspace   ] GC(446) Metaspace: 671K(1088K)->670K(1088K) NonClass: 618K(896K)->617K(896K) Class: 53K(192K)->52K(192K)
[206.570s][info][gc             ] GC(446) Pause Full (System.gc()) 44M->1M(7918M) 10.458ms
[206.570s][info][gc,cpu         ] GC(446) User=0.01s Sys=0.00s Real=0.01s
[207.023s][info][gc,start       ] GC(447) Pause Full (System.gc())
[207.024s][info][gc,phases,start] GC(447) Phase 1: Mark live objects
[207.030s][info][gc,phases      ] GC(447) Phase 1: Mark live objects 6.739ms
[207.030s][info][gc,phases,start] GC(447) Phase 2: Compute new object addresses
[207.031s][info][gc,phases      ] GC(447) Phase 2: Compute new object addresses 0.743ms
[207.031s][info][gc,phases,start] GC(447) Phase 3: Adjust pointers
[207.033s][info][gc,phases      ] GC(447) Phase 3: Adjust pointers 2.163ms
[207.033s][info][gc,phases,start] GC(447) Phase 4: Move objects
[207.033s][info][gc,phases      ] GC(447) Phase 4: Move objects 0.035ms
[207.034s][info][gc,heap        ] GC(447) DefNew: 44738K(2516544K)->0K(2516544K) Eden: 44738K(2236928K)->0K(2236928K) From: 0K(279616K)->0K(279616K)
[207.034s][info][gc,heap        ] GC(447) Tenured: 1151K(5592448K)->1149K(5592448K)
[207.034s][info][gc,metaspace   ] GC(447) Metaspace: 675K(1088K)->674K(1088K) NonClass: 620K(896K)->620K(896K) Class: 54K(192K)->54K(192K)
[207.034s][info][gc             ] GC(447) Pause Full (System.gc()) 44M->1M(7918M) 10.425ms
[207.034s][info][gc,cpu         ] GC(447) User=0.01s Sys=0.00s Real=0.01s
[207.491s][info][gc,start       ] GC(448) Pause Full (System.gc())
[207.491s][info][gc,phases,start] GC(448) Phase 1: Mark live objects
[207.498s][info][gc,phases      ] GC(448) Phase 1: Mark live objects 6.582ms
[207.498s][info][gc,phases,start] GC(448) Phase 2: Compute new object addresses
[207.499s][info][gc,phases      ] GC(448) Phase 2: Compute new object addresses 0.752ms
[207.499s][info][gc,phases,start] GC(448) Phase 3: Adjust pointers
[207.501s][info][gc,phases      ] GC(448) Phase 3: Adjust pointers 2.173ms
[207.501s][info][gc,phases,start] GC(448) Phase 4: Move objects
[207.501s][info][gc,phases      ] GC(448) Phase 4: Move objects 0.059ms
[207.501s][info][gc,heap        ] GC(448) DefNew: 44738K(2516544K)->0K(2516544K) Eden: 44738K(2236928K)->0K(2236928K) From: 0K(279616K)->0K(279616K)
[207.501s][info][gc,heap        ] GC(448) Tenured: 1149K(5592448K)->1152K(5592448K)
[207.501s][info][gc,metaspace   ] GC(448) Metaspace: 679K(1088K)->678K(1088K) NonClass: 623K(896K)->623K(896K) Class: 55K(192K)->55K(192K)
[207.501s][info][gc             ] GC(448) Pause Full (System.gc()) 44M->1M(7918M) 10.277ms
[207.501s][info][gc,cpu         ] GC(448) User=0.01s Sys=0.00s Real=0.01s
[207.959s][info][gc,start       ] GC(449) Pause Full (System.gc())
[207.959s][info][gc,phases,start] GC(449) Phase 1: Mark live objects
[207.964s][info][gc,phases      ] GC(449) Phase 1: Mark live objects 5.234ms
[207.964s][info][gc,phases,start] GC(449) Phase 2: Compute new object addresses
[207.965s][info][gc,phases      ] GC(449) Phase 2: Compute new object addresses 0.742ms
[207.965s][info][gc,phases,start] GC(449) Phase 3: Adjust pointers
[207.967s][info][gc,phases      ] GC(449) Phase 3: Adjust pointers 2.159ms
[207.967s][info][gc,phases,start] GC(449) Phase 4: Move objects
[207.967s][info][gc,phases      ] GC(449) Phase 4: Move objects 0.038ms
[207.967s][info][gc,heap        ] GC(449) DefNew: 44738K(2516544K)->0K(2516544K) Eden: 44738K(2236928K)->0K(2236928K) From: 0K(279616K)->0K(279616K)
[207.967s][info][gc,heap        ] GC(449) Tenured: 1152K(5592448K)->1155K(5592448K)
[207.967s][info][gc,metaspace   ] GC(449) Metaspace: 683K(1088K)->683K(1088K) NonClass: 626K(896K)->626K(896K) Class: 57K(192K)->57K(192K)
[207.967s][info][gc             ] GC(449) Pause Full (System.gc()) 44M->1M(7918M) 8.749ms
[207.967s][info][gc,cpu         ] GC(449) User=0.01s Sys=0.00s Real=0.01s
[208.424s][info][gc,start       ] GC(450) Pause Full (System.gc())
[208.424s][info][gc,phases,start] GC(450) Phase 1: Mark live objects
[208.430s][info][gc,phases      ] GC(450) Phase 1: Mark live objects 5.453ms
[208.430s][info][gc,phases,start] GC(450) Phase 2: Compute new object addresses
[208.431s][info][gc,phases      ] GC(450) Phase 2: Compute new object addresses 0.785ms
[208.431s][info][gc,phases,start] GC(450) Phase 3: Adjust pointers
[208.433s][info][gc,phases      ] GC(450) Phase 3: Adjust pointers 2.171ms
[208.433s][info][gc,phases,start] GC(450) Phase 4: Move objects
[208.433s][info][gc,phases      ] GC(450) Phase 4: Move objects 0.027ms
[208.433s][info][gc,heap        ] GC(450) DefNew: 44738K(2516544K)->0K(2516544K) Eden: 44738K(2236928K)->0K(2236928K) From: 0K(279616K)->0K(279616K)
[208.433s][info][gc,heap        ] GC(450) Tenured: 1155K(5592448K)->1158K(5592448K)
[208.433s][info][gc,metaspace   ] GC(450) Metaspace: 688K(1088K)->688K(1088K) NonClass: 629K(896K)->629K(896K) Class: 58K(192K)->58K(192K)
[208.433s][info][gc             ] GC(450) Pause Full (System.gc()) 44M->1M(7918M) 9.070ms
[208.433s][info][gc,cpu         ] GC(450) User=0.01s Sys=0.00s Real=0.01s
[208.886s][info][gc,start       ] GC(451) Pause Full (System.gc())
[208.886s][info][gc,phases,start] GC(451) Phase 1: Mark live objects
[208.893s][info][gc,phases      ] GC(451) Phase 1: Mark live objects 7.042ms
[208.893s][info][gc,phases,start] GC(451) Phase 2: Compute new object addresses
[208.894s][info][gc,phases      ] GC(451) Phase 2: Compute new object addresses 0.657ms
[208.894s][info][gc,phases,start] GC(451) Phase 3: Adjust pointers
[208.896s][info][gc,phases      ] GC(451) Phase 3: Adjust pointers 2.145ms
[208.896s][info][gc,phases,start] GC(451) Phase 4: Move objects
[208.896s][info][gc,phases      ] GC(451) Phase 4: Move objects 0.033ms
[208.896s][info][gc,heap        ] GC(451) DefNew: 44738K(2516544K)->0K(2516544K) Eden: 44738K(2236928K)->0K(2236928K) From: 0K(279616K)->0K(279616K)
[208.896s][info][gc,heap        ] GC(451) Tenured: 1158K(5592448K)->1157K(5592448K)
[208.897s][info][gc,metaspace   ] GC(451) Metaspace: 693K(1088K)->690K(1088K) NonClass: 633K(896K)->631K(896K) Class: 60K(192K)->59K(192K)
[208.897s][info][gc             ] GC(451) Pause Full (System.gc()) 44M->1M(7918M) 10.830ms
[208.897s][info][gc,cpu         ] GC(451) User=0.01s Sys=0.00s Real=0.01s
[209.350s][info][gc,start       ] GC(452) Pause Full (System.gc())
[209.350s][info][gc,phases,start] GC(452) Phase 1: Mark live objects
[209.358s][info][gc,phases      ] GC(452) Phase 1: Mark live objects 7.190ms
[209.358s][info][gc,phases,start] GC(452) Phase 2: Compute new object addresses
[209.359s][info][gc,phases      ] GC(452) Phase 2: Compute new object addresses 0.918ms
[209.359s][info][gc,phases,start] GC(452) Phase 3: Adjust pointers
[209.361s][info][gc,phases      ] GC(452) Phase 3: Adjust pointers 2.484ms
[209.361s][info][gc,phases,start] GC(452) Phase 4: Move objects
[209.361s][info][gc,phases      ] GC(452) Phase 4: Move objects 0.025ms
[209.361s][info][gc,heap        ] GC(452) DefNew: 44738K(2516544K)->0K(2516544K) Eden: 44738K(2236928K)->0K(2236928K) From: 0K(279616K)->0K(279616K)
[209.361s][info][gc,heap        ] GC(452) Tenured: 1157K(5592448K)->1160K(5592448K)
[209.361s][info][gc,metaspace   ] GC(452) Metaspace: 695K(1088K)->694K(1088K) NonClass: 635K(896K)->634K(896K) Class: 60K(192K)->60K(192K)
[209.361s][info][gc             ] GC(452) Pause Full (System.gc()) 44M->1M(7918M) 11.327ms
[209.362s][info][gc,cpu         ] GC(452) User=0.01s Sys=0.00s Real=0.02s
[209.818s][info][gc,start       ] GC(453) Pause Full (System.gc())
[209.819s][info][gc,phases,start] GC(453) Phase 1: Mark live objects
[209.825s][info][gc,phases      ] GC(453) Phase 1: Mark live objects 6.557ms
[209.825s][info][gc,phases,start] GC(453) Phase 2: Compute new object addresses
[209.826s][info][gc,phases      ] GC(453) Phase 2: Compute new object addresses 0.550ms
[209.826s][info][gc,phases,start] GC(453) Phase 3: Adjust pointers
[209.828s][info][gc,phases      ] GC(453) Phase 3: Adjust pointers 1.888ms
[209.828s][info][gc,phases,start] GC(453) Phase 4: Move objects
[209.828s][info][gc,phases      ] GC(453) Phase 4: Move objects 0.024ms
[209.828s][info][gc,heap        ] GC(453) DefNew: 44738K(2516544K)->0K(2516544K) Eden: 44738K(2236928K)->0K(2236928K) From: 0K(279616K)->0K(279616K)
[209.828s][info][gc,heap        ] GC(453) Tenured: 1160K(5592448K)->1163K(5592448K)
[209.828s][info][gc,metaspace   ] GC(453) Metaspace: 699K(1088K)->699K(1088K) NonClass: 637K(896K)->637K(896K) Class: 62K(192K)->61K(192K)
[209.828s][info][gc             ] GC(453) Pause Full (System.gc()) 44M->1M(7918M) 9.665ms
[209.828s][info][gc,cpu         ] GC(453) User=0.01s Sys=0.00s Real=0.01s
[210.281s][info][gc,start       ] GC(454) Pause Full (System.gc())
[210.281s][info][gc,phases,start] GC(454) Phase 1: Mark live objects
[210.288s][info][gc,phases      ] GC(454) Phase 1: Mark live objects 6.867ms
[210.288s][info][gc,phases,start] GC(454) Phase 2: Compute new object addresses
[210.289s][info][gc,phases      ] GC(454) Phase 2: Compute new object addresses 0.769ms
[210.289s][info][gc,phases,start] GC(454) Phase 3: Adjust pointers
[210.291s][info][gc,phases      ] GC(454) Phase 3: Adjust pointers 2.335ms
[210.291s][info][gc,phases,start] GC(454) Phase 4: Move objects
[210.291s][info][gc,phases      ] GC(454) Phase 4: Move objects 0.020ms
[210.291s][info][gc,heap        ] GC(454) DefNew: 44738K(2516544K)->0K(2516544K) Eden: 44738K(2236928K)->0K(2236928K) From: 0K(279616K)->0K(279616K)
[210.291s][info][gc,heap        ] GC(454) Tenured: 1163K(5592448K)->1166K(5592448K)
[210.291s][info][gc,metaspace   ] GC(454) Metaspace: 704K(1088K)->666K(1088K) NonClass: 640K(896K)->611K(896K) Class: 63K(192K)->54K(192K)
[210.291s][info][gc             ] GC(454) Pause Full (System.gc()) 44M->1M(7918M) 10.771ms
[210.291s][info][gc,cpu         ] GC(454) User=0.01s Sys=0.00s Real=0.01s
[210.748s][info][gc,start       ] GC(455) Pause Full (System.gc())
[210.748s][info][gc,phases,start] GC(455) Phase 1: Mark live objects
[210.755s][info][gc,phases      ] GC(455) Phase 1: Mark live objects 6.734ms
[210.755s][info][gc,phases,start] GC(455) Phase 2: Compute new object addresses
[210.755s][info][gc,phases      ] GC(455) Phase 2: Compute new object addresses 0.771ms
[210.756s][info][gc,phases,start] GC(455) Phase 3: Adjust pointers
[210.758s][info][gc,phases      ] GC(455) Phase 3: Adjust pointers 2.382ms
[210.758s][info][gc,phases,start] GC(455) Phase 4: Move objects
[210.758s][info][gc,phases      ] GC(455) Phase 4: Move objects 0.026ms
[210.758s][info][gc,heap        ] GC(455) DefNew: 44738K(2516544K)->0K(2516544K) Eden: 44738K(2236928K)->0K(2236928K) From: 0K(279616K)->0K(279616K)
[210.758s][info][gc,heap        ] GC(455) Tenured: 1166K(5592448K)->1148K(5592448K)
[210.758s][info][gc,metaspace   ] GC(455) Metaspace: 671K(1088K)->668K(1088K) NonClass: 614K(896K)->612K(896K) Class: 56K(192K)->55K(192K)
[210.758s][info][gc             ] GC(455) Pause Full (System.gc()) 44M->1M(7918M) 10.578ms
[210.758s][info][gc,cpu         ] GC(455) User=0.01s Sys=0.00s Real=0.01s
[211.212s][info][gc,start       ] GC(456) Pause Full (System.gc())
[211.212s][info][gc,phases,start] GC(456) Phase 1: Mark live objects
[211.218s][info][gc,phases      ] GC(456) Phase 1: Mark live objects 5.212ms
[211.218s][info][gc,phases,start] GC(456) Phase 2: Compute new object addresses
[211.218s][info][gc,phases      ] GC(456) Phase 2: Compute new object addresses 0.811ms
[211.218s][info][gc,phases,start] GC(456) Phase 3: Adjust pointers
[211.221s][info][gc,phases      ] GC(456) Phase 3: Adjust pointers 2.612ms
[211.221s][info][gc,phases,start] GC(456) Phase 4: Move objects
[211.221s][info][gc,phases      ] GC(456) Phase 4: Move objects 0.029ms
[211.221s][info][gc,heap        ] GC(456) DefNew: 44738K(2516544K)->0K(2516544K) Eden: 44738K(2236928K)->0K(2236928K) From: 0K(279616K)->0K(279616K)
[211.221s][info][gc,heap        ] GC(456) Tenured: 1148K(5592448K)->1151K(5592448K)
[211.221s][info][gc,metaspace   ] GC(456) Metaspace: 673K(1088K)->672K(1088K) NonClass: 615K(896K)->615K(896K) Class: 57K(192K)->56K(192K)
[211.221s][info][gc             ] GC(456) Pause Full (System.gc()) 44M->1M(7918M) 9.271ms
[211.222s][info][gc,cpu         ] GC(456) User=0.01s Sys=0.01s Real=0.01s
[211.673s][info][gc,start       ] GC(457) Pause Full (System.gc())
[211.673s][info][gc,phases,start] GC(457) Phase 1: Mark live objects
[211.674s][info][gc,phases      ] GC(457) Phase 1: Mark live objects 1.378ms
[211.674s][info][gc,phases,start] GC(457) Phase 2: Compute new object addresses
[211.674s][info][gc,phases      ] GC(457) Phase 2: Compute new object addresses 0.289ms
[211.674s][info][gc,phases,start] GC(457) Phase 3: Adjust pointers
[211.675s][info][gc,phases      ] GC(457) Phase 3: Adjust pointers 0.774ms
[211.675s][info][gc,phases,start] GC(457) Phase 4: Move objects
[211.675s][info][gc,phases      ] GC(457) Phase 4: Move objects 0.007ms
[211.675s][info][gc,heap        ] GC(457) DefNew: 44738K(2516544K)->0K(2516544K) Eden: 44738K(2236928K)->0K(2236928K) From: 0K(279616K)->0K(279616K)
[211.675s][info][gc,heap        ] GC(457) Tenured: 1151K(5592448K)->1154K(5592448K)
[211.675s][info][gc,metaspace   ] GC(457) Metaspace: 677K(1088K)->671K(1088K) NonClass: 618K(896K)->614K(896K) Class: 58K(192K)->57K(192K)
[211.675s][info][gc             ] GC(457) Pause Full (System.gc()) 44M->1M(7918M) 2.628ms
[211.675s][info][gc,cpu         ] GC(457) User=0.00s Sys=0.00s Real=0.00s
[212.131s][info][gc,start       ] GC(458) Pause Full (System.gc())
[212.131s][info][gc,phases,start] GC(458) Phase 1: Mark live objects
[212.138s][info][gc,phases      ] GC(458) Phase 1: Mark live objects 6.845ms
[212.138s][info][gc,phases,start] GC(458) Phase 2: Compute new object addresses
[212.139s][info][gc,phases      ] GC(458) Phase 2: Compute new object addresses 0.793ms
[212.139s][info][gc,phases,start] GC(458) Phase 3: Adjust pointers
[212.141s][info][gc,phases      ] GC(458) Phase 3: Adjust pointers 2.217ms
[212.141s][info][gc,phases,start] GC(458) Phase 4: Move objects
[212.141s][info][gc,phases      ] GC(458) Phase 4: Move objects 0.026ms
[212.141s][info][gc,heap        ] GC(458) DefNew: 44738K(2516544K)->0K(2516544K) Eden: 44738K(2236928K)->0K(2236928K) From: 0K(279616K)->0K(279616K)
[212.141s][info][gc,heap        ] GC(458) Tenured: 1154K(5592448K)->1157K(5592448K)
[212.141s][info][gc,metaspace   ] GC(458) Metaspace: 676K(1088K)->673K(1088K) NonClass: 618K(896K)->615K(896K) Class: 58K(192K)->57K(192K)
[212.141s][info][gc             ] GC(458) Pause Full (System.gc()) 44M->1M(7918M) 10.560ms
[212.141s][info][gc,cpu         ] GC(458) User=0.01s Sys=0.00s Real=0.02s
[212.596s][info][gc,start       ] GC(459) Pause Full (System.gc())
[212.596s][info][gc,phases,start] GC(459) Phase 1: Mark live objects
[212.602s][info][gc,phases      ] GC(459) Phase 1: Mark live objects 6.719ms
[212.603s][info][gc,phases,start] GC(459) Phase 2: Compute new object addresses
[212.603s][info][gc,phases      ] GC(459) Phase 2: Compute new object addresses 0.828ms
[212.603s][info][gc,phases,start] GC(459) Phase 3: Adjust pointers
[212.606s][info][gc,phases      ] GC(459) Phase 3: Adjust pointers 2.264ms
[212.606s][info][gc,phases,start] GC(459) Phase 4: Move objects
[212.606s][info][gc,phases      ] GC(459) Phase 4: Move objects 0.022ms
[212.606s][info][gc,heap        ] GC(459) DefNew: 44738K(2516544K)->0K(2516544K) Eden: 44738K(2236928K)->0K(2236928K) From: 0K(279616K)->0K(279616K)
[212.606s][info][gc,heap        ] GC(459) Tenured: 1157K(5592448K)->1152K(5592448K)
[212.606s][info][gc,metaspace   ] GC(459) Metaspace: 678K(1088K)->675K(1088K) NonClass: 619K(896K)->616K(896K) Class: 59K(192K)->58K(192K)
[212.606s][info][gc             ] GC(459) Pause Full (System.gc()) 44M->1M(7918M) 10.534ms
[212.606s][info][gc,cpu         ] GC(459) User=0.01s Sys=0.00s Real=0.01s
[213.061s][info][gc,start       ] GC(460) Pause Full (System.gc())
[213.061s][info][gc,phases,start] GC(460) Phase 1: Mark live objects
[213.067s][info][gc,phases      ] GC(460) Phase 1: Mark live objects 6.540ms
[213.067s][info][gc,phases,start] GC(460) Phase 2: Compute new object addresses
[213.068s][info][gc,phases      ] GC(460) Phase 2: Compute new object addresses 0.758ms
[213.068s][info][gc,phases,start] GC(460) Phase 3: Adjust pointers
[213.071s][info][gc,phases      ] GC(460) Phase 3: Adjust pointers 2.612ms
[213.071s][info][gc,phases,start] GC(460) Phase 4: Move objects
[213.071s][info][gc,phases      ] GC(460) Phase 4: Move objects 0.035ms
[213.071s][info][gc,heap        ] GC(460) DefNew: 44738K(2516544K)->0K(2516544K) Eden: 44738K(2236928K)->0K(2236928K) From: 0K(279616K)->0K(279616K)
[213.071s][info][gc,heap        ] GC(460) Tenured: 1152K(5592448K)->1155K(5592448K)
[213.071s][info][gc,metaspace   ] GC(460) Metaspace: 680K(1088K)->677K(1088K) NonClass: 620K(896K)->617K(896K) Class: 60K(192K)->59K(192K)
[213.071s][info][gc             ] GC(460) Pause Full (System.gc()) 44M->1M(7918M) 10.744ms
[213.071s][info][gc,cpu         ] GC(460) User=0.01s Sys=0.00s Real=0.01s
[213.526s][info][gc,start       ] GC(461) Pause Full (System.gc())
[213.526s][info][gc,phases,start] GC(461) Phase 1: Mark live objects
[213.531s][info][gc,phases      ] GC(461) Phase 1: Mark live objects 5.248ms
[213.531s][info][gc,phases,start] GC(461) Phase 2: Compute new object addresses
[213.532s][info][gc,phases      ] GC(461) Phase 2: Compute new object addresses 0.778ms
[213.532s][info][gc,phases,start] GC(461) Phase 3: Adjust pointers
[213.534s][info][gc,phases      ] GC(461) Phase 3: Adjust pointers 2.145ms
[213.535s][info][gc,phases,start] GC(461) Phase 4: Move objects
[213.535s][info][gc,phases      ] GC(461) Phase 4: Move objects 0.031ms
[213.535s][info][gc,heap        ] GC(461) DefNew: 44738K(2516544K)->0K(2516544K) Eden: 44738K(2236928K)->0K(2236928K) From: 0K(279616K)->0K(279616K)
[213.535s][info][gc,heap        ] GC(461) Tenured: 1155K(5592448K)->1158K(5592448K)
[213.535s][info][gc,metaspace   ] GC(461) Metaspace: 682K(1088K)->682K(1088K) NonClass: 621K(896K)->621K(896K) Class: 61K(192K)->61K(192K)
[213.535s][info][gc             ] GC(461) Pause Full (System.gc()) 44M->1M(7918M) 8.888ms
[213.535s][info][gc,cpu         ] GC(461) User=0.00s Sys=0.00s Real=0.01s
[213.991s][info][gc,start       ] GC(462) Pause Full (System.gc())
[213.991s][info][gc,phases,start] GC(462) Phase 1: Mark live objects
[213.998s][info][gc,phases      ] GC(462) Phase 1: Mark live objects 6.648ms
[213.998s][info][gc,phases,start] GC(462) Phase 2: Compute new object addresses
[213.999s][info][gc,phases      ] GC(462) Phase 2: Compute new object addresses 0.755ms
[213.999s][info][gc,phases,start] GC(462) Phase 3: Adjust pointers
[214.001s][info][gc,phases      ] GC(462) Phase 3: Adjust pointers 2.171ms
[214.001s][info][gc,phases,start] GC(462) Phase 4: Move objects
[214.001s][info][gc,phases      ] GC(462) Phase 4: Move objects 0.028ms
[214.001s][info][gc,heap        ] GC(462) DefNew: 44738K(2516544K)->0K(2516544K) Eden: 44738K(2236928K)->0K(2236928K) From: 0K(279616K)->0K(279616K)
[214.001s][info][gc,heap        ] GC(462) Tenured: 1158K(5592448K)->1161K(5592448K)
[214.001s][info][gc,metaspace   ] GC(462) Metaspace: 687K(1088K)->685K(1088K) NonClass: 624K(896K)->623K(896K) Class: 62K(192K)->61K(192K)
[214.001s][info][gc             ] GC(462) Pause Full (System.gc()) 44M->1M(7918M) 10.288ms
[214.002s][info][gc,cpu         ] GC(462) User=0.01s Sys=0.00s Real=0.02s
[214.458s][info][gc,start       ] GC(463) Pause Full (System.gc())
[214.459s][info][gc,phases,start] GC(463) Phase 1: Mark live objects
[214.463s][info][gc,phases      ] GC(463) Phase 1: Mark live objects 4.604ms
[214.463s][info][gc,phases,start] GC(463) Phase 2: Compute new object addresses
[214.464s][info][gc,phases      ] GC(463) Phase 2: Compute new object addresses 0.339ms
[214.464s][info][gc,phases,start] GC(463) Phase 3: Adjust pointers
[214.465s][info][gc,phases      ] GC(463) Phase 3: Adjust pointers 1.072ms
[214.465s][info][gc,phases,start] GC(463) Phase 4: Move objects
[214.465s][info][gc,phases      ] GC(463) Phase 4: Move objects 0.022ms
[214.465s][info][gc,heap        ] GC(463) DefNew: 44738K(2516544K)->0K(2516544K) Eden: 44738K(2236928K)->0K(2236928K) From: 0K(279616K)->0K(279616K)
[214.465s][info][gc,heap        ] GC(463) Tenured: 1161K(5592448K)->1159K(5592448K)
[214.465s][info][gc,metaspace   ] GC(463) Metaspace: 690K(1088K)->689K(1088K) NonClass: 626K(896K)->626K(896K) Class: 63K(192K)->62K(192K)
[214.465s][info][gc             ] GC(463) Pause Full (System.gc()) 44M->1M(7918M) 6.569ms
[214.465s][info][gc,cpu         ] GC(463) User=0.00s Sys=0.00s Real=0.01s
[214.922s][info][gc,start       ] GC(464) Pause Full (System.gc())
[214.922s][info][gc,phases,start] GC(464) Phase 1: Mark live objects
[214.929s][info][gc,phases      ] GC(464) Phase 1: Mark live objects 7.040ms
[214.929s][info][gc,phases,start] GC(464) Phase 2: Compute new object addresses
[214.930s][info][gc,phases      ] GC(464) Phase 2: Compute new object addresses 0.845ms
[214.930s][info][gc,phases,start] GC(464) Phase 3: Adjust pointers
[214.933s][info][gc,phases      ] GC(464) Phase 3: Adjust pointers 2.359ms
[214.933s][info][gc,phases,start] GC(464) Phase 4: Move objects
[214.933s][info][gc,phases      ] GC(464) Phase 4: Move objects 0.026ms
[214.934s][info][gc,heap        ] GC(464) DefNew: 44738K(2516544K)->0K(2516544K) Eden: 44738K(2236928K)->0K(2236928K) From: 0K(279616K)->0K(279616K)
[214.934s][info][gc,heap        ] GC(464) Tenured: 1159K(5592448K)->1162K(5592448K)
[214.934s][info][gc,metaspace   ] GC(464) Metaspace: 694K(1088K)->629K(1024K) NonClass: 629K(896K)->591K(832K) Class: 64K(192K)->37K(192K)
[214.934s][info][gc             ] GC(464) Pause Full (System.gc()) 44M->1M(7918M) 11.619ms
[214.934s][info][gc,cpu         ] GC(464) User=0.01s Sys=0.00s Real=0.01s
[215.386s][info][gc,start       ] GC(465) Pause Full (System.gc())
[215.387s][info][gc,phases,start] GC(465) Phase 1: Mark live objects
[215.394s][info][gc,phases      ] GC(465) Phase 1: Mark live objects 7.037ms
[215.394s][info][gc,phases,start] GC(465) Phase 2: Compute new object addresses
[215.395s][info][gc,phases      ] GC(465) Phase 2: Compute new object addresses 0.894ms
[215.395s][info][gc,phases,start] GC(465) Phase 3: Adjust pointers
[215.397s][info][gc,phases      ] GC(465) Phase 3: Adjust pointers 2.486ms
[215.397s][info][gc,phases,start] GC(465) Phase 4: Move objects
[215.397s][info][gc,phases      ] GC(465) Phase 4: Move objects 0.022ms
[215.398s][info][gc,heap        ] GC(465) DefNew: 44738K(2516544K)->0K(2516544K) Eden: 44738K(2236928K)->0K(2236928K) From: 0K(279616K)->0K(279616K)
[215.398s][info][gc,heap        ] GC(465) Tenured: 1162K(5592448K)->1165K(5592448K)
[215.398s][info][gc,metaspace   ] GC(465) Metaspace: 634K(1024K)->631K(1024K) NonClass: 594K(832K)->593K(832K) Class: 39K(192K)->38K(192K)
[215.398s][info][gc             ] GC(465) Pause Full (System.gc()) 44M->1M(7918M) 11.272ms
[215.398s][info][gc,cpu         ] GC(465) User=0.01s Sys=0.00s Real=0.01s
[215.855s][info][gc,start       ] GC(466) Pause Full (System.gc())
[215.855s][info][gc,phases,start] GC(466) Phase 1: Mark live objects
[215.860s][info][gc,phases      ] GC(466) Phase 1: Mark live objects 5.319ms
[215.860s][info][gc,phases,start] GC(466) Phase 2: Compute new object addresses
[215.861s][info][gc,phases      ] GC(466) Phase 2: Compute new object addresses 0.728ms
[215.861s][info][gc,phases,start] GC(466) Phase 3: Adjust pointers
[215.863s][info][gc,phases      ] GC(466) Phase 3: Adjust pointers 1.850ms
[215.863s][info][gc,phases,start] GC(466) Phase 4: Move objects
[215.863s][info][gc,phases      ] GC(466) Phase 4: Move objects 0.017ms
[215.863s][info][gc,heap        ] GC(466) DefNew: 44738K(2516544K)->0K(2516544K) Eden: 44738K(2236928K)->0K(2236928K) From: 0K(279616K)->0K(279616K)
[215.863s][info][gc,heap        ] GC(466) Tenured: 1165K(5592448K)->1168K(5592448K)
[215.863s][info][gc,metaspace   ] GC(466) Metaspace: 636K(1024K)->636K(1024K) NonClass: 596K(832K)->596K(832K) Class: 39K(192K)->39K(192K)
[215.863s][info][gc             ] GC(466) Pause Full (System.gc()) 44M->1M(7918M) 8.439ms
[215.863s][info][gc,cpu         ] GC(466) User=0.01s Sys=0.00s Real=0.01s
[216.319s][info][gc,start       ] GC(467) Pause Full (System.gc())
[216.319s][info][gc,phases,start] GC(467) Phase 1: Mark live objects
[216.326s][info][gc,phases      ] GC(467) Phase 1: Mark live objects 6.542ms
[216.326s][info][gc,phases,start] GC(467) Phase 2: Compute new object addresses
[216.327s][info][gc,phases      ] GC(467) Phase 2: Compute new object addresses 0.744ms
[216.327s][info][gc,phases,start] GC(467) Phase 3: Adjust pointers
[216.329s][info][gc,phases      ] GC(467) Phase 3: Adjust pointers 2.095ms
[216.329s][info][gc,phases,start] GC(467) Phase 4: Move objects
[216.329s][info][gc,phases      ] GC(467) Phase 4: Move objects 0.020ms
[216.329s][info][gc,heap        ] GC(467) DefNew: 44738K(2516544K)->0K(2516544K) Eden: 44738K(2236928K)->0K(2236928K) From: 0K(279616K)->0K(279616K)
[216.329s][info][gc,heap        ] GC(467) Tenured: 1168K(5592448K)->1124K(5592448K)
[216.329s][info][gc,metaspace   ] GC(467) Metaspace: 641K(1024K)->623K(1024K) NonClass: 599K(832K)->586K(832K) Class: 41K(192K)->36K(192K)
[216.329s][info][gc             ] GC(467) Pause Full (System.gc()) 44M->1M(7918M) 10.068ms
[216.329s][info][gc,cpu         ] GC(467) User=0.01s Sys=0.00s Real=0.01s
[216.784s][info][gc,start       ] GC(468) Pause Full (System.gc())
[216.784s][info][gc,phases,start] GC(468) Phase 1: Mark live objects
[216.791s][info][gc,phases      ] GC(468) Phase 1: Mark live objects 6.522ms
[216.791s][info][gc,phases,start] GC(468) Phase 2: Compute new object addresses
[216.791s][info][gc,phases      ] GC(468) Phase 2: Compute new object addresses 0.734ms
[216.791s][info][gc,phases,start] GC(468) Phase 3: Adjust pointers
[216.793s][info][gc,phases      ] GC(468) Phase 3: Adjust pointers 2.088ms
[216.793s][info][gc,phases,start] GC(468) Phase 4: Move objects
[216.794s][info][gc,phases      ] GC(468) Phase 4: Move objects 0.018ms
[216.794s][info][gc,heap        ] GC(468) DefNew: 44738K(2516544K)->0K(2516544K) Eden: 44738K(2236928K)->0K(2236928K) From: 0K(279616K)->0K(279616K)
[216.794s][info][gc,heap        ] GC(468) Tenured: 1124K(5592448K)->1127K(5592448K)
[216.794s][info][gc,metaspace   ] GC(468) Metaspace: 628K(1024K)->625K(1024K) NonClass: 589K(832K)->587K(832K) Class: 38K(192K)->37K(192K)
[216.794s][info][gc             ] GC(468) Pause Full (System.gc()) 44M->1M(7918M) 9.955ms
[216.794s][info][gc,cpu         ] GC(468) User=0.01s Sys=0.00s Real=0.01s
[217.251s][info][gc,start       ] GC(469) Pause Full (System.gc())
[217.251s][info][gc,phases,start] GC(469) Phase 1: Mark live objects
[217.258s][info][gc,phases      ] GC(469) Phase 1: Mark live objects 6.666ms
[217.258s][info][gc,phases,start] GC(469) Phase 2: Compute new object addresses
[217.259s][info][gc,phases      ] GC(469) Phase 2: Compute new object addresses 0.744ms
[217.259s][info][gc,phases,start] GC(469) Phase 3: Adjust pointers
[217.261s][info][gc,phases      ] GC(469) Phase 3: Adjust pointers 2.110ms
[217.261s][info][gc,phases,start] GC(469) Phase 4: Move objects
[217.261s][info][gc,phases      ] GC(469) Phase 4: Move objects 0.024ms
[217.261s][info][gc,heap        ] GC(469) DefNew: 44738K(2516544K)->0K(2516544K) Eden: 44738K(2236928K)->0K(2236928K) From: 0K(279616K)->0K(279616K)
[217.261s][info][gc,heap        ] GC(469) Tenured: 1127K(5592448K)->1130K(5592448K)
[217.261s][info][gc,metaspace   ] GC(469) Metaspace: 630K(1024K)->627K(1024K) NonClass: 590K(832K)->588K(832K) Class: 39K(192K)->38K(192K)
[217.261s][info][gc             ] GC(469) Pause Full (System.gc()) 44M->1M(7918M) 10.203ms
[217.261s][info][gc,cpu         ] GC(469) User=0.01s Sys=0.00s Real=0.01s
[217.718s][info][gc,start       ] GC(470) Pause Full (System.gc())
[217.718s][info][gc,phases,start] GC(470) Phase 1: Mark live objects
[217.725s][info][gc,phases      ] GC(470) Phase 1: Mark live objects 6.561ms
[217.725s][info][gc,phases,start] GC(470) Phase 2: Compute new object addresses
[217.726s][info][gc,phases      ] GC(470) Phase 2: Compute new object addresses 0.736ms
[217.726s][info][gc,phases,start] GC(470) Phase 3: Adjust pointers
[217.728s][info][gc,phases      ] GC(470) Phase 3: Adjust pointers 1.839ms
[217.728s][info][gc,phases,start] GC(470) Phase 4: Move objects
[217.728s][info][gc,phases      ] GC(470) Phase 4: Move objects 0.018ms
[217.728s][info][gc,heap        ] GC(470) DefNew: 44738K(2516544K)->0K(2516544K) Eden: 44738K(2236928K)->0K(2236928K) From: 0K(279616K)->0K(279616K)
[217.728s][info][gc,heap        ] GC(470) Tenured: 1130K(5592448K)->1133K(5592448K)
[217.728s][info][gc,metaspace   ] GC(470) Metaspace: 632K(1024K)->628K(1024K) NonClass: 591K(832K)->589K(832K) Class: 40K(192K)->39K(192K)
[217.728s][info][gc             ] GC(470) Pause Full (System.gc()) 44M->1M(7918M) 9.669ms
[217.728s][info][gc,cpu         ] GC(470) User=0.01s Sys=0.01s Real=0.01s
[218.181s][info][gc,start       ] GC(471) Pause Full (System.gc())
[218.181s][info][gc,phases,start] GC(471) Phase 1: Mark live objects
[218.188s][info][gc,phases      ] GC(471) Phase 1: Mark live objects 6.672ms
[218.188s][info][gc,phases,start] GC(471) Phase 2: Compute new object addresses
[218.188s][info][gc,phases      ] GC(471) Phase 2: Compute new object addresses 0.765ms
[218.188s][info][gc,phases,start] GC(471) Phase 3: Adjust pointers
[218.191s][info][gc,phases      ] GC(471) Phase 3: Adjust pointers 2.216ms
[218.191s][info][gc,phases,start] GC(471) Phase 4: Move objects
[218.191s][info][gc,phases      ] GC(471) Phase 4: Move objects 0.028ms
[218.191s][info][gc,heap        ] GC(471) DefNew: 44738K(2516544K)->0K(2516544K) Eden: 44738K(2236928K)->0K(2236928K) From: 0K(279616K)->0K(279616K)
[218.191s][info][gc,heap        ] GC(471) Tenured: 1133K(5592448K)->1128K(5592448K)
[218.191s][info][gc,metaspace   ] GC(471) Metaspace: 633K(1024K)->630K(1024K) NonClass: 592K(832K)->590K(832K) Class: 40K(192K)->39K(192K)
[218.191s][info][gc             ] GC(471) Pause Full (System.gc()) 44M->1M(7918M) 10.417ms
[218.191s][info][gc,cpu         ] GC(471) User=0.00s Sys=0.00s Real=0.01s
[218.644s][info][gc,start       ] GC(472) Pause Full (System.gc())
[218.644s][info][gc,phases,start] GC(472) Phase 1: Mark live objects
[218.650s][info][gc,phases      ] GC(472) Phase 1: Mark live objects 5.481ms
[218.650s][info][gc,phases,start] GC(472) Phase 2: Compute new object addresses
[218.651s][info][gc,phases      ] GC(472) Phase 2: Compute new object addresses 0.775ms
[218.651s][info][gc,phases,start] GC(472) Phase 3: Adjust pointers
[218.653s][info][gc,phases      ] GC(472) Phase 3: Adjust pointers 2.276ms
[218.653s][info][gc,phases,start] GC(472) Phase 4: Move objects
[218.653s][info][gc,phases      ] GC(472) Phase 4: Move objects 0.024ms
[218.653s][info][gc,heap        ] GC(472) DefNew: 44738K(2516544K)->0K(2516544K) Eden: 44738K(2236928K)->0K(2236928K) From: 0K(279616K)->0K(279616K)
[218.653s][info][gc,heap        ] GC(472) Tenured: 1128K(5592448K)->1131K(5592448K)
[218.653s][info][gc,metaspace   ] GC(472) Metaspace: 635K(1024K)->635K(1024K) NonClass: 594K(832K)->594K(832K) Class: 41K(192K)->41K(192K)
[218.653s][info][gc             ] GC(472) Pause Full (System.gc()) 44M->1M(7918M) 9.205ms
[218.653s][info][gc,cpu         ] GC(472) User=0.01s Sys=0.00s Real=0.01s
[219.107s][info][gc,start       ] GC(473) Pause Full (System.gc())
[219.107s][info][gc,phases,start] GC(473) Phase 1: Mark live objects
[219.113s][info][gc,phases      ] GC(473) Phase 1: Mark live objects 6.536ms
[219.113s][info][gc,phases,start] GC(473) Phase 2: Compute new object addresses
[219.114s][info][gc,phases      ] GC(473) Phase 2: Compute new object addresses 0.761ms
[219.114s][info][gc,phases,start] GC(473) Phase 3: Adjust pointers
[219.117s][info][gc,phases      ] GC(473) Phase 3: Adjust pointers 2.301ms
[219.117s][info][gc,phases,start] GC(473) Phase 4: Move objects
[219.117s][info][gc,phases      ] GC(473) Phase 4: Move objects 0.039ms
[219.117s][info][gc,heap        ] GC(473) DefNew: 44738K(2516544K)->0K(2516544K) Eden: 44738K(2236928K)->0K(2236928K) From: 0K(279616K)->0K(279616K)
[219.117s][info][gc,heap        ] GC(473) Tenured: 1131K(5592448K)->1134K(5592448K)
[219.117s][info][gc,metaspace   ] GC(473) Metaspace: 640K(1024K)->638K(1024K) NonClass: 597K(832K)->596K(832K) Class: 43K(192K)->42K(192K)
[219.117s][info][gc             ] GC(473) Pause Full (System.gc()) 44M->1M(7918M) 10.509ms
[219.117s][info][gc,cpu         ] GC(473) User=0.01s Sys=0.00s Real=0.01s
[219.570s][info][gc,start       ] GC(474) Pause Full (System.gc())
[219.570s][info][gc,phases,start] GC(474) Phase 1: Mark live objects
[219.577s][info][gc,phases      ] GC(474) Phase 1: Mark live objects 6.559ms
[219.577s][info][gc,phases,start] GC(474) Phase 2: Compute new object addresses
[219.578s][info][gc,phases      ] GC(474) Phase 2: Compute new object addresses 0.560ms
[219.578s][info][gc,phases,start] GC(474) Phase 3: Adjust pointers
[219.579s][info][gc,phases      ] GC(474) Phase 3: Adjust pointers 1.680ms
[219.579s][info][gc,phases,start] GC(474) Phase 4: Move objects
[219.579s][info][gc,phases      ] GC(474) Phase 4: Move objects 0.032ms
[219.580s][info][gc,heap        ] GC(474) DefNew: 44738K(2516544K)->0K(2516544K) Eden: 44738K(2236928K)->0K(2236928K) From: 0K(279616K)->0K(279616K)
[219.580s][info][gc,heap        ] GC(474) Tenured: 1134K(5592448K)->1137K(5592448K)
[219.580s][info][gc,metaspace   ] GC(474) Metaspace: 643K(1024K)->636K(1024K) NonClass: 599K(832K)->593K(832K) Class: 44K(192K)->42K(192K)
[219.580s][info][gc             ] GC(474) Pause Full (System.gc()) 44M->1M(7918M) 9.526ms
[219.580s][info][gc,cpu         ] GC(474) User=0.01s Sys=0.00s Real=0.01s
[220.034s][info][gc,start       ] GC(475) Pause Full (System.gc())
[220.034s][info][gc,phases,start] GC(475) Phase 1: Mark live objects
[220.040s][info][gc,phases      ] GC(475) Phase 1: Mark live objects 5.945ms
[220.040s][info][gc,phases,start] GC(475) Phase 2: Compute new object addresses
[220.040s][info][gc,phases      ] GC(475) Phase 2: Compute new object addresses 0.425ms
[220.040s][info][gc,phases,start] GC(475) Phase 3: Adjust pointers
[220.042s][info][gc,phases      ] GC(475) Phase 3: Adjust pointers 1.377ms
[220.042s][info][gc,phases,start] GC(475) Phase 4: Move objects
[220.042s][info][gc,phases      ] GC(475) Phase 4: Move objects 0.029ms
[220.042s][info][gc,heap        ] GC(475) DefNew: 44738K(2516544K)->0K(2516544K) Eden: 44738K(2236928K)->0K(2236928K) From: 0K(279616K)->0K(279616K)
[220.042s][info][gc,heap        ] GC(475) Tenured: 1137K(5592448K)->1132K(5592448K)
[220.042s][info][gc,metaspace   ] GC(475) Metaspace: 641K(1024K)->637K(1024K) NonClass: 597K(832K)->594K(832K) Class: 43K(192K)->42K(192K)
[220.042s][info][gc             ] GC(475) Pause Full (System.gc()) 44M->1M(7918M) 8.446ms
[220.042s][info][gc,cpu         ] GC(475) User=0.01s Sys=0.00s Real=0.01s
[220.498s][info][gc,start       ] GC(476) Pause Full (System.gc())
[220.499s][info][gc,phases,start] GC(476) Phase 1: Mark live objects
[220.502s][info][gc,phases      ] GC(476) Phase 1: Mark live objects 3.575ms
[220.502s][info][gc,phases,start] GC(476) Phase 2: Compute new object addresses
[220.503s][info][gc,phases      ] GC(476) Phase 2: Compute new object addresses 0.366ms
[220.503s][info][gc,phases,start] GC(476) Phase 3: Adjust pointers
[220.504s][info][gc,phases      ] GC(476) Phase 3: Adjust pointers 1.368ms
[220.504s][info][gc,phases,start] GC(476) Phase 4: Move objects
[220.504s][info][gc,phases      ] GC(476) Phase 4: Move objects 0.025ms
[220.504s][info][gc,heap        ] GC(476) DefNew: 44738K(2516544K)->0K(2516544K) Eden: 44738K(2236928K)->0K(2236928K) From: 0K(279616K)->0K(279616K)
[220.504s][info][gc,heap        ] GC(476) Tenured: 1132K(5592448K)->1135K(5592448K)
[220.504s][info][gc,metaspace   ] GC(476) Metaspace: 642K(1024K)->642K(1024K) NonClass: 598K(832K)->598K(832K) Class: 44K(192K)->44K(192K)
[220.504s][info][gc             ] GC(476) Pause Full (System.gc()) 44M->1M(7918M) 5.930ms
[220.504s][info][gc,cpu         ] GC(476) User=0.00s Sys=0.01s Real=0.01s
[220.959s][info][gc,start       ] GC(477) Pause Full (System.gc())
[220.960s][info][gc,phases,start] GC(477) Phase 1: Mark live objects
[220.963s][info][gc,phases      ] GC(477) Phase 1: Mark live objects 3.592ms
[220.963s][info][gc,phases,start] GC(477) Phase 2: Compute new object addresses
[220.964s][info][gc,phases      ] GC(477) Phase 2: Compute new object addresses 0.429ms
[220.964s][info][gc,phases,start] GC(477) Phase 3: Adjust pointers
[220.965s][info][gc,phases      ] GC(477) Phase 3: Adjust pointers 1.237ms
[220.965s][info][gc,phases,start] GC(477) Phase 4: Move objects
[220.965s][info][gc,phases      ] GC(477) Phase 4: Move objects 0.018ms
[220.965s][info][gc,heap        ] GC(477) DefNew: 44738K(2516544K)->0K(2516544K) Eden: 44738K(2236928K)->0K(2236928K) From: 0K(279616K)->0K(279616K)
[220.965s][info][gc,heap        ] GC(477) Tenured: 1135K(5592448K)->1138K(5592448K)
[220.965s][info][gc,metaspace   ] GC(477) Metaspace: 647K(1024K)->647K(1024K) NonClass: 601K(832K)->601K(832K) Class: 46K(192K)->46K(192K)
[220.965s][info][gc             ] GC(477) Pause Full (System.gc()) 44M->1M(7918M) 5.775ms
[220.965s][info][gc,cpu         ] GC(477) User=0.00s Sys=0.00s Real=0.01s
[221.420s][info][gc,start       ] GC(478) Pause Full (System.gc())
[221.421s][info][gc,phases,start] GC(478) Phase 1: Mark live objects
[221.422s][info][gc,phases      ] GC(478) Phase 1: Mark live objects 1.814ms
[221.423s][info][gc,phases,start] GC(478) Phase 2: Compute new object addresses
[221.423s][info][gc,phases      ] GC(478) Phase 2: Compute new object addresses 0.417ms
[221.423s][info][gc,phases,start] GC(478) Phase 3: Adjust pointers
[221.424s][info][gc,phases      ] GC(478) Phase 3: Adjust pointers 1.154ms
[221.424s][info][gc,phases,start] GC(478) Phase 4: Move objects
[221.424s][info][gc,phases      ] GC(478) Phase 4: Move objects 0.012ms
[221.424s][info][gc,heap        ] GC(478) DefNew: 44738K(2516544K)->0K(2516544K) Eden: 44738K(2236928K)->0K(2236928K) From: 0K(279616K)->0K(279616K)
[221.424s][info][gc,heap        ] GC(478) Tenured: 1138K(5592448K)->1140K(5592448K)
[221.424s][info][gc,metaspace   ] GC(478) Metaspace: 652K(1024K)->652K(1024K) NonClass: 604K(832K)->604K(832K) Class: 48K(192K)->48K(192K)
[221.424s][info][gc             ] GC(478) Pause Full (System.gc()) 44M->1M(7918M) 3.846ms
[221.424s][info][gc,cpu         ] GC(478) User=0.01s Sys=0.00s Real=0.01s
[221.880s][info][gc,start       ] GC(479) Pause Full (System.gc())
[221.880s][info][gc,phases,start] GC(479) Phase 1: Mark live objects
[221.884s][info][gc,phases      ] GC(479) Phase 1: Mark live objects 3.699ms
[221.884s][info][gc,phases,start] GC(479) Phase 2: Compute new object addresses
[221.884s][info][gc,phases      ] GC(479) Phase 2: Compute new object addresses 0.360ms
[221.884s][info][gc,phases,start] GC(479) Phase 3: Adjust pointers
[221.885s][info][gc,phases      ] GC(479) Phase 3: Adjust pointers 1.182ms
[221.885s][info][gc,phases,start] GC(479) Phase 4: Move objects
[221.885s][info][gc,phases      ] GC(479) Phase 4: Move objects 0.024ms
[221.886s][info][gc,heap        ] GC(479) DefNew: 44738K(2516544K)->0K(2516544K) Eden: 44738K(2236928K)->0K(2236928K) From: 0K(279616K)->0K(279616K)
[221.886s][info][gc,heap        ] GC(479) Tenured: 1140K(5592448K)->1139K(5592448K)
[221.886s][info][gc,metaspace   ] GC(479) Metaspace: 657K(1024K)->654K(1024K) NonClass: 607K(832K)->606K(832K) Class: 49K(192K)->47K(192K)
[221.886s][info][gc             ] GC(479) Pause Full (System.gc()) 44M->1M(7918M) 5.820ms
[221.886s][info][gc,cpu         ] GC(479) User=0.00s Sys=0.00s Real=0.01s
[222.339s][info][gc,start       ] GC(480) Pause Full (System.gc())
[222.339s][info][gc,phases,start] GC(480) Phase 1: Mark live objects
[222.344s][info][gc,phases      ] GC(480) Phase 1: Mark live objects 4.932ms
[222.344s][info][gc,phases,start] GC(480) Phase 2: Compute new object addresses
[222.345s][info][gc,phases      ] GC(480) Phase 2: Compute new object addresses 0.334ms
[222.345s][info][gc,phases,start] GC(480) Phase 3: Adjust pointers
[222.346s][info][gc,phases      ] GC(480) Phase 3: Adjust pointers 1.087ms
[222.346s][info][gc,phases,start] GC(480) Phase 4: Move objects
[222.346s][info][gc,phases      ] GC(480) Phase 4: Move objects 0.022ms
[222.346s][info][gc,heap        ] GC(480) DefNew: 44738K(2516544K)->0K(2516544K) Eden: 44738K(2236928K)->0K(2236928K) From: 0K(279616K)->0K(279616K)
[222.346s][info][gc,heap        ] GC(480) Tenured: 1139K(5592448K)->1142K(5592448K)
[222.346s][info][gc,metaspace   ] GC(480) Metaspace: 659K(1024K)->646K(1024K) NonClass: 609K(832K)->600K(832K) Class: 49K(192K)->46K(192K)
[222.346s][info][gc             ] GC(480) Pause Full (System.gc()) 44M->1M(7918M) 6.874ms
[222.346s][info][gc,cpu         ] GC(480) User=0.01s Sys=0.00s Real=0.01s
[222.801s][info][gc,start       ] GC(481) Pause Full (System.gc())
[222.801s][info][gc,phases,start] GC(481) Phase 1: Mark live objects
[222.804s][info][gc,phases      ] GC(481) Phase 1: Mark live objects 2.904ms
[222.804s][info][gc,phases,start] GC(481) Phase 2: Compute new object addresses
[222.805s][info][gc,phases      ] GC(481) Phase 2: Compute new object addresses 0.396ms
[222.805s][info][gc,phases,start] GC(481) Phase 3: Adjust pointers
[222.806s][info][gc,phases      ] GC(481) Phase 3: Adjust pointers 1.101ms
[222.806s][info][gc,phases,start] GC(481) Phase 4: Move objects
[222.806s][info][gc,phases      ] GC(481) Phase 4: Move objects 0.016ms
[222.806s][info][gc,heap        ] GC(481) DefNew: 44738K(2516544K)->0K(2516544K) Eden: 44738K(2236928K)->0K(2236928K) From: 0K(279616K)->0K(279616K)
[222.806s][info][gc,heap        ] GC(481) Tenured: 1142K(5592448K)->1145K(5592448K)
[222.806s][info][gc,metaspace   ] GC(481) Metaspace: 651K(1024K)->648K(1024K) NonClass: 603K(832K)->601K(832K) Class: 48K(192K)->47K(192K)
[222.806s][info][gc             ] GC(481) Pause Full (System.gc()) 44M->1M(7918M) 4.737ms
[222.806s][info][gc,cpu         ] GC(481) User=0.00s Sys=0.00s Real=0.01s
[223.262s][info][gc,start       ] GC(482) Pause Full (System.gc())
[223.262s][info][gc,phases,start] GC(482) Phase 1: Mark live objects
[223.264s][info][gc,phases      ] GC(482) Phase 1: Mark live objects 1.729ms
[223.264s][info][gc,phases,start] GC(482) Phase 2: Compute new object addresses
[223.264s][info][gc,phases      ] GC(482) Phase 2: Compute new object addresses 0.295ms
[223.264s][info][gc,phases,start] GC(482) Phase 3: Adjust pointers
[223.265s][info][gc,phases      ] GC(482) Phase 3: Adjust pointers 1.001ms
[223.265s][info][gc,phases,start] GC(482) Phase 4: Move objects
[223.265s][info][gc,phases      ] GC(482) Phase 4: Move objects 0.008ms
[223.265s][info][gc,heap        ] GC(482) DefNew: 44738K(2516544K)->0K(2516544K) Eden: 44738K(2236928K)->0K(2236928K) From: 0K(279616K)->0K(279616K)
[223.265s][info][gc,heap        ] GC(482) Tenured: 1145K(5592448K)->1148K(5592448K)
[223.265s][info][gc,metaspace   ] GC(482) Metaspace: 653K(1024K)->622K(1024K) NonClass: 604K(832K)->586K(832K) Class: 49K(192K)->36K(192K)
[223.265s][info][gc             ] GC(482) Pause Full (System.gc()) 44M->1M(7918M) 3.314ms
[223.265s][info][gc,cpu         ] GC(482) User=0.00s Sys=0.00s Real=0.00s
[223.722s][info][gc,start       ] GC(483) Pause Full (System.gc())
[223.723s][info][gc,phases,start] GC(483) Phase 1: Mark live objects
[223.729s][info][gc,phases      ] GC(483) Phase 1: Mark live objects 6.633ms
[223.729s][info][gc,phases,start] GC(483) Phase 2: Compute new object addresses
[223.730s][info][gc,phases      ] GC(483) Phase 2: Compute new object addresses 1.021ms
[223.731s][info][gc,phases,start] GC(483) Phase 3: Adjust pointers
[223.735s][info][gc,phases      ] GC(483) Phase 3: Adjust pointers 4.849ms
[223.735s][info][gc,phases,start] GC(483) Phase 4: Move objects
[223.735s][info][gc,phases      ] GC(483) Phase 4: Move objects 0.016ms
[223.736s][info][gc,heap        ] GC(483) DefNew: 44738K(2516544K)->0K(2516544K) Eden: 44738K(2236928K)->0K(2236928K) From: 0K(279616K)->0K(279616K)
[223.736s][info][gc,heap        ] GC(483) Tenured: 1148K(5592448K)->1124K(5592448K)
[223.736s][info][gc,metaspace   ] GC(483) Metaspace: 627K(1024K)->624K(1024K) NonClass: 589K(832K)->588K(832K) Class: 37K(192K)->36K(192K)
[223.736s][info][gc             ] GC(483) Pause Full (System.gc()) 44M->1M(7918M) 13.131ms
[223.736s][info][gc,cpu         ] GC(483) User=0.01s Sys=0.00s Real=0.01s
[224.190s][info][gc,start       ] GC(484) Pause Full (System.gc())
[224.190s][info][gc,phases,start] GC(484) Phase 1: Mark live objects
[224.200s][info][gc,phases      ] GC(484) Phase 1: Mark live objects 9.199ms
[224.200s][info][gc,phases,start] GC(484) Phase 2: Compute new object addresses
[224.200s][info][gc,phases      ] GC(484) Phase 2: Compute new object addresses 0.739ms
[224.201s][info][gc,phases,start] GC(484) Phase 3: Adjust pointers
[224.205s][info][gc,phases      ] GC(484) Phase 3: Adjust pointers 3.685ms
[224.205s][info][gc,phases,start] GC(484) Phase 4: Move objects
[224.205s][info][gc,phases      ] GC(484) Phase 4: Move objects 0.036ms
[224.205s][info][gc,heap        ] GC(484) DefNew: 44738K(2516544K)->0K(2516544K) Eden: 44738K(2236928K)->0K(2236928K) From: 0K(279616K)->0K(279616K)
[224.205s][info][gc,heap        ] GC(484) Tenured: 1124K(5592448K)->1127K(5592448K)
[224.205s][info][gc,metaspace   ] GC(484) Metaspace: 629K(1024K)->626K(1024K) NonClass: 591K(832K)->589K(832K) Class: 38K(192K)->37K(192K)
[224.205s][info][gc             ] GC(484) Pause Full (System.gc()) 44M->1M(7918M) 15.185ms
[224.205s][info][gc,cpu         ] GC(484) User=0.01s Sys=0.00s Real=0.02s
[224.664s][info][gc,start       ] GC(485) Pause Full (System.gc())
[224.664s][info][gc,phases,start] GC(485) Phase 1: Mark live objects
[224.670s][info][gc,phases      ] GC(485) Phase 1: Mark live objects 5.413ms
[224.670s][info][gc,phases,start] GC(485) Phase 2: Compute new object addresses
[224.671s][info][gc,phases      ] GC(485) Phase 2: Compute new object addresses 0.825ms
[224.671s][info][gc,phases,start] GC(485) Phase 3: Adjust pointers
[224.673s][info][gc,phases      ] GC(485) Phase 3: Adjust pointers 2.029ms
[224.673s][info][gc,phases,start] GC(485) Phase 4: Move objects
[224.673s][info][gc,phases      ] GC(485) Phase 4: Move objects 0.226ms
[224.674s][info][gc,heap        ] GC(485) DefNew: 44738K(2516544K)->0K(2516544K) Eden: 44738K(2236928K)->0K(2236928K) From: 0K(279616K)->0K(279616K)
[224.674s][info][gc,heap        ] GC(485) Tenured: 1127K(5592448K)->1130K(5592448K)
[224.674s][info][gc,metaspace   ] GC(485) Metaspace: 631K(1024K)->629K(1024K) NonClass: 593K(832K)->591K(832K) Class: 38K(192K)->37K(192K)
[224.674s][info][gc             ] GC(485) Pause Full (System.gc()) 44M->1M(7918M) 9.526ms
[224.674s][info][gc,cpu         ] GC(485) User=0.01s Sys=0.00s Real=0.01s
[225.142s][info][gc,start       ] GC(486) Pause Full (System.gc())
[225.142s][info][gc,phases,start] GC(486) Phase 1: Mark live objects
[225.147s][info][gc,phases      ] GC(486) Phase 1: Mark live objects 5.131ms
[225.147s][info][gc,phases,start] GC(486) Phase 2: Compute new object addresses
[225.148s][info][gc,phases      ] GC(486) Phase 2: Compute new object addresses 0.530ms
[225.148s][info][gc,phases,start] GC(486) Phase 3: Adjust pointers
[225.149s][info][gc,phases      ] GC(486) Phase 3: Adjust pointers 1.591ms
[225.150s][info][gc,phases,start] GC(486) Phase 4: Move objects
[225.150s][info][gc,phases      ] GC(486) Phase 4: Move objects 0.032ms
[225.150s][info][gc,heap        ] GC(486) DefNew: 44738K(2516544K)->0K(2516544K) Eden: 44738K(2236928K)->0K(2236928K) From: 0K(279616K)->0K(279616K)
[225.150s][info][gc,heap        ] GC(486) Tenured: 1130K(5592448K)->1133K(5592448K)
[225.150s][info][gc,metaspace   ] GC(486) Metaspace: 634K(1024K)->631K(1024K) NonClass: 594K(832K)->593K(832K) Class: 39K(192K)->38K(192K)
[225.150s][info][gc             ] GC(486) Pause Full (System.gc()) 44M->1M(7918M) 8.102ms
[225.150s][info][gc,cpu         ] GC(486) User=0.01s Sys=0.00s Real=0.00s
[225.605s][info][gc,start       ] GC(487) Pause Full (System.gc())
[225.605s][info][gc,phases,start] GC(487) Phase 1: Mark live objects
[225.612s][info][gc,phases      ] GC(487) Phase 1: Mark live objects 6.958ms
[225.613s][info][gc,phases,start] GC(487) Phase 2: Compute new object addresses
[225.613s][info][gc,phases      ] GC(487) Phase 2: Compute new object addresses 0.749ms
[225.613s][info][gc,phases,start] GC(487) Phase 3: Adjust pointers
[225.616s][info][gc,phases      ] GC(487) Phase 3: Adjust pointers 2.346ms
[225.616s][info][gc,phases,start] GC(487) Phase 4: Move objects
[225.616s][info][gc,phases      ] GC(487) Phase 4: Move objects 0.027ms
[225.616s][info][gc,heap        ] GC(487) DefNew: 44738K(2516544K)->0K(2516544K) Eden: 44738K(2236928K)->0K(2236928K) From: 0K(279616K)->0K(279616K)
[225.616s][info][gc,heap        ] GC(487) Tenured: 1133K(5592448K)->1128K(5592448K)
[225.616s][info][gc,metaspace   ] GC(487) Metaspace: 636K(1024K)->633K(1024K) NonClass: 596K(832K)->595K(832K) Class: 39K(192K)->38K(192K)
[225.616s][info][gc             ] GC(487) Pause Full (System.gc()) 44M->1M(7918M) 10.879ms
[225.616s][info][gc,cpu         ] GC(487) User=0.01s Sys=0.00s Real=0.01s
[226.072s][info][gc,start       ] GC(488) Pause Full (System.gc())
[226.072s][info][gc,phases,start] GC(488) Phase 1: Mark live objects
[226.077s][info][gc,phases      ] GC(488) Phase 1: Mark live objects 5.376ms
[226.077s][info][gc,phases,start] GC(488) Phase 2: Compute new object addresses
[226.078s][info][gc,phases      ] GC(488) Phase 2: Compute new object addresses 0.751ms
[226.078s][info][gc,phases,start] GC(488) Phase 3: Adjust pointers
[226.080s][info][gc,phases      ] GC(488) Phase 3: Adjust pointers 2.135ms
[226.080s][info][gc,phases,start] GC(488) Phase 4: Move objects
[226.080s][info][gc,phases      ] GC(488) Phase 4: Move objects 0.034ms
[226.080s][info][gc,heap        ] GC(488) DefNew: 44738K(2516544K)->0K(2516544K) Eden: 44738K(2236928K)->0K(2236928K) From: 0K(279616K)->0K(279616K)
[226.081s][info][gc,heap        ] GC(488) Tenured: 1128K(5592448K)->1131K(5592448K)
[226.081s][info][gc,metaspace   ] GC(488) Metaspace: 638K(1024K)->638K(1024K) NonClass: 598K(832K)->598K(832K) Class: 40K(192K)->40K(192K)
[226.081s][info][gc             ] GC(488) Pause Full (System.gc()) 44M->1M(7918M) 9.100ms
[226.081s][info][gc,cpu         ] GC(488) User=0.01s Sys=0.00s Real=0.00s
[226.534s][info][gc,start       ] GC(489) Pause Full (System.gc())
[226.534s][info][gc,phases,start] GC(489) Phase 1: Mark live objects
[226.541s][info][gc,phases      ] GC(489) Phase 1: Mark live objects 6.965ms
[226.542s][info][gc,phases,start] GC(489) Phase 2: Compute new object addresses
[226.542s][info][gc,phases      ] GC(489) Phase 2: Compute new object addresses 0.818ms
[226.542s][info][gc,phases,start] GC(489) Phase 3: Adjust pointers
[226.545s][info][gc,phases      ] GC(489) Phase 3: Adjust pointers 2.127ms
[226.545s][info][gc,phases,start] GC(489) Phase 4: Move objects
[226.545s][info][gc,phases      ] GC(489) Phase 4: Move objects 0.026ms
[226.545s][info][gc,heap        ] GC(489) DefNew: 44738K(2516544K)->0K(2516544K) Eden: 44738K(2236928K)->0K(2236928K) From: 0K(279616K)->0K(279616K)
[226.545s][info][gc,heap        ] GC(489) Tenured: 1131K(5592448K)->1134K(5592448K)
[226.545s][info][gc,metaspace   ] GC(489) Metaspace: 643K(1024K)->638K(1024K) NonClass: 601K(832K)->598K(832K) Class: 41K(192K)->39K(192K)
[226.545s][info][gc             ] GC(489) Pause Full (System.gc()) 44M->1M(7918M) 10.738ms
[226.545s][info][gc,cpu         ] GC(489) User=0.01s Sys=0.00s Real=0.01s
[227.002s][info][gc,start       ] GC(490) Pause Full (System.gc())
[227.002s][info][gc,phases,start] GC(490) Phase 1: Mark live objects
[227.009s][info][gc,phases      ] GC(490) Phase 1: Mark live objects 6.899ms
[227.009s][info][gc,phases,start] GC(490) Phase 2: Compute new object addresses
[227.010s][info][gc,phases      ] GC(490) Phase 2: Compute new object addresses 0.721ms
[227.010s][info][gc,phases,start] GC(490) Phase 3: Adjust pointers
[227.012s][info][gc,phases      ] GC(490) Phase 3: Adjust pointers 2.082ms
[227.012s][info][gc,phases,start] GC(490) Phase 4: Move objects
[227.012s][info][gc,phases      ] GC(490) Phase 4: Move objects 0.037ms
[227.013s][info][gc,heap        ] GC(490) DefNew: 44738K(2516544K)->0K(2516544K) Eden: 44738K(2236928K)->0K(2236928K) From: 0K(279616K)->0K(279616K)
[227.013s][info][gc,heap        ] GC(490) Tenured: 1134K(5592448K)->1137K(5592448K)
[227.013s][info][gc,metaspace   ] GC(490) Metaspace: 643K(1024K)->640K(1024K) NonClass: 602K(832K)->600K(832K) Class: 41K(192K)->40K(192K)
[227.013s][info][gc             ] GC(490) Pause Full (System.gc()) 44M->1M(7918M) 10.592ms
[227.013s][info][gc,cpu         ] GC(490) User=0.01s Sys=0.00s Real=0.01s
[227.466s][info][gc,start       ] GC(491) Pause Full (System.gc())
[227.466s][info][gc,phases,start] GC(491) Phase 1: Mark live objects
[227.472s][info][gc,phases      ] GC(491) Phase 1: Mark live objects 5.478ms
[227.472s][info][gc,phases,start] GC(491) Phase 2: Compute new object addresses
[227.472s][info][gc,phases      ] GC(491) Phase 2: Compute new object addresses 0.780ms
[227.473s][info][gc,phases,start] GC(491) Phase 3: Adjust pointers
[227.475s][info][gc,phases      ] GC(491) Phase 3: Adjust pointers 2.545ms
[227.475s][info][gc,phases,start] GC(491) Phase 4: Move objects
[227.475s][info][gc,phases      ] GC(491) Phase 4: Move objects 0.054ms
[227.475s][info][gc,heap        ] GC(491) DefNew: 44738K(2516544K)->0K(2516544K) Eden: 44738K(2236928K)->0K(2236928K) From: 0K(279616K)->0K(279616K)
[227.475s][info][gc,heap        ] GC(491) Tenured: 1137K(5592448K)->1133K(5592448K)
[227.476s][info][gc,metaspace   ] GC(491) Metaspace: 645K(1024K)->645K(1024K) NonClass: 603K(832K)->603K(832K) Class: 41K(192K)->41K(192K)
[227.476s][info][gc             ] GC(491) Pause Full (System.gc()) 44M->1M(7918M) 9.800ms
[227.476s][info][gc,cpu         ] GC(491) User=0.00s Sys=0.00s Real=0.01s
[227.929s][info][gc,start       ] GC(492) Pause Full (System.gc())
[227.929s][info][gc,phases,start] GC(492) Phase 1: Mark live objects
[227.933s][info][gc,phases      ] GC(492) Phase 1: Mark live objects 3.936ms
[227.933s][info][gc,phases,start] GC(492) Phase 2: Compute new object addresses
[227.933s][info][gc,phases      ] GC(492) Phase 2: Compute new object addresses 0.462ms
[227.933s][info][gc,phases,start] GC(492) Phase 3: Adjust pointers
[227.935s][info][gc,phases      ] GC(492) Phase 3: Adjust pointers 1.510ms
[227.935s][info][gc,phases,start] GC(492) Phase 4: Move objects
[227.935s][info][gc,phases      ] GC(492) Phase 4: Move objects 0.024ms
[227.935s][info][gc,heap        ] GC(492) DefNew: 44738K(2516544K)->0K(2516544K) Eden: 44738K(2236928K)->0K(2236928K) From: 0K(279616K)->0K(279616K)
[227.935s][info][gc,heap        ] GC(492) Tenured: 1133K(5592448K)->1136K(5592448K)
[227.935s][info][gc,metaspace   ] GC(492) Metaspace: 650K(1024K)->650K(1024K) NonClass: 607K(832K)->607K(832K) Class: 43K(192K)->43K(192K)
[227.935s][info][gc             ] GC(492) Pause Full (System.gc()) 44M->1M(7918M) 6.551ms
[227.935s][info][gc,cpu         ] GC(492) User=0.00s Sys=0.00s Real=0.01s
[228.390s][info][gc,start       ] GC(493) Pause Full (System.gc())
[228.391s][info][gc,phases,start] GC(493) Phase 1: Mark live objects
[228.395s][info][gc,phases      ] GC(493) Phase 1: Mark live objects 4.120ms
[228.395s][info][gc,phases,start] GC(493) Phase 2: Compute new object addresses
[228.395s][info][gc,phases      ] GC(493) Phase 2: Compute new object addresses 0.435ms
[228.395s][info][gc,phases,start] GC(493) Phase 3: Adjust pointers
[228.397s][info][gc,phases      ] GC(493) Phase 3: Adjust pointers 1.458ms
[228.397s][info][gc,phases,start] GC(493) Phase 4: Move objects
[228.397s][info][gc,phases      ] GC(493) Phase 4: Move objects 0.032ms
[228.397s][info][gc,heap        ] GC(493) DefNew: 44738K(2516544K)->0K(2516544K) Eden: 44738K(2236928K)->0K(2236928K) From: 0K(279616K)->0K(279616K)
[228.397s][info][gc,heap        ] GC(493) Tenured: 1136K(5592448K)->1139K(5592448K)
[228.397s][info][gc,metaspace   ] GC(493) Metaspace: 655K(1024K)->655K(1024K) NonClass: 610K(832K)->610K(832K) Class: 45K(192K)->45K(192K)
[228.397s][info][gc             ] GC(493) Pause Full (System.gc()) 44M->1M(7918M) 6.777ms
[228.397s][info][gc,cpu         ] GC(493) User=0.01s Sys=0.00s Real=0.01s
[228.851s][info][gc,start       ] GC(494) Pause Full (System.gc())
[228.851s][info][gc,phases,start] GC(494) Phase 1: Mark live objects
[228.855s][info][gc,phases      ] GC(494) Phase 1: Mark live objects 3.255ms
[228.855s][info][gc,phases,start] GC(494) Phase 2: Compute new object addresses
[228.855s][info][gc,phases      ] GC(494) Phase 2: Compute new object addresses 0.348ms
[228.855s][info][gc,phases,start] GC(494) Phase 3: Adjust pointers
[228.856s][info][gc,phases      ] GC(494) Phase 3: Adjust pointers 1.463ms
[228.856s][info][gc,phases,start] GC(494) Phase 4: Move objects
[228.856s][info][gc,phases      ] GC(494) Phase 4: Move objects 0.032ms
[228.857s][info][gc,heap        ] GC(494) DefNew: 44738K(2516544K)->0K(2516544K) Eden: 44738K(2236928K)->0K(2236928K) From: 0K(279616K)->0K(279616K)
[228.857s][info][gc,heap        ] GC(494) Tenured: 1139K(5592448K)->1142K(5592448K)
[228.857s][info][gc,metaspace   ] GC(494) Metaspace: 660K(1024K)->660K(1024K) NonClass: 613K(832K)->613K(832K) Class: 46K(192K)->46K(192K)
[228.857s][info][gc             ] GC(494) Pause Full (System.gc()) 44M->1M(7918M) 5.747ms
[228.857s][info][gc,cpu         ] GC(494) User=0.01s Sys=0.00s Real=0.01s
[229.310s][info][gc,start       ] GC(495) Pause Full (System.gc())
[229.310s][info][gc,phases,start] GC(495) Phase 1: Mark live objects
[229.315s][info][gc,phases      ] GC(495) Phase 1: Mark live objects 5.150ms
[229.315s][info][gc,phases,start] GC(495) Phase 2: Compute new object addresses
[229.316s][info][gc,phases      ] GC(495) Phase 2: Compute new object addresses 0.773ms
[229.316s][info][gc,phases,start] GC(495) Phase 3: Adjust pointers
[229.318s][info][gc,phases      ] GC(495) Phase 3: Adjust pointers 2.155ms
[229.318s][info][gc,phases,start] GC(495) Phase 4: Move objects
[229.318s][info][gc,phases      ] GC(495) Phase 4: Move objects 0.039ms
[229.318s][info][gc,heap        ] GC(495) DefNew: 44738K(2516544K)->0K(2516544K) Eden: 44738K(2236928K)->0K(2236928K) From: 0K(279616K)->0K(279616K)
[229.318s][info][gc,heap        ] GC(495) Tenured: 1142K(5592448K)->1145K(5592448K)
[229.318s][info][gc,metaspace   ] GC(495) Metaspace: 665K(1024K)->665K(1024K) NonClass: 616K(832K)->616K(832K) Class: 48K(192K)->48K(192K)
[229.319s][info][gc             ] GC(495) Pause Full (System.gc()) 44M->1M(7918M) 8.854ms
[229.319s][info][gc,cpu         ] GC(495) User=0.01s Sys=0.00s Real=0.01s
[229.776s][info][gc,start       ] GC(496) Pause Full (System.gc())
[229.776s][info][gc,phases,start] GC(496) Phase 1: Mark live objects
[229.782s][info][gc,phases      ] GC(496) Phase 1: Mark live objects 5.958ms
[229.782s][info][gc,phases,start] GC(496) Phase 2: Compute new object addresses
[229.783s][info][gc,phases      ] GC(496) Phase 2: Compute new object addresses 0.684ms
[229.783s][info][gc,phases,start] GC(496) Phase 3: Adjust pointers
[229.785s][info][gc,phases      ] GC(496) Phase 3: Adjust pointers 1.923ms
[229.785s][info][gc,phases,start] GC(496) Phase 4: Move objects
[229.785s][info][gc,phases      ] GC(496) Phase 4: Move objects 0.029ms
[229.785s][info][gc,heap        ] GC(496) DefNew: 44738K(2516544K)->0K(2516544K) Eden: 44738K(2236928K)->0K(2236928K) From: 0K(279616K)->0K(279616K)
[229.785s][info][gc,heap        ] GC(496) Tenured: 1145K(5592448K)->1148K(5592448K)
[229.785s][info][gc,metaspace   ] GC(496) Metaspace: 670K(1024K)->654K(1024K) NonClass: 620K(832K)->611K(832K) Class: 50K(192K)->43K(192K)
[229.785s][info][gc             ] GC(496) Pause Full (System.gc()) 44M->1M(7918M) 9.502ms
[229.785s][info][gc,cpu         ] GC(496) User=0.01s Sys=0.00s Real=0.01s
[230.242s][info][gc,start       ] GC(497) Pause Full (System.gc())
[230.242s][info][gc,phases,start] GC(497) Phase 1: Mark live objects
[230.247s][info][gc,phases      ] GC(497) Phase 1: Mark live objects 5.224ms
[230.247s][info][gc,phases,start] GC(497) Phase 2: Compute new object addresses
[230.248s][info][gc,phases      ] GC(497) Phase 2: Compute new object addresses 0.415ms
[230.248s][info][gc,phases,start] GC(497) Phase 3: Adjust pointers
[230.249s][info][gc,phases      ] GC(497) Phase 3: Adjust pointers 1.544ms
[230.249s][info][gc,phases,start] GC(497) Phase 4: Move objects
[230.249s][info][gc,phases      ] GC(497) Phase 4: Move objects 0.023ms
[230.250s][info][gc,heap        ] GC(497) DefNew: 44738K(2516544K)->0K(2516544K) Eden: 44738K(2236928K)->0K(2236928K) From: 0K(279616K)->0K(279616K)
[230.250s][info][gc,heap        ] GC(497) Tenured: 1148K(5592448K)->1151K(5592448K)
[230.250s][info][gc,metaspace   ] GC(497) Metaspace: 659K(1024K)->656K(1024K) NonClass: 614K(832K)->613K(832K) Class: 44K(192K)->43K(192K)
[230.250s][info][gc             ] GC(497) Pause Full (System.gc()) 44M->1M(7918M) 7.857ms
[230.250s][info][gc,cpu         ] GC(497) User=0.00s Sys=0.00s Real=0.00s
[230.705s][info][gc,start       ] GC(498) Pause Full (System.gc())
[230.705s][info][gc,phases,start] GC(498) Phase 1: Mark live objects
[230.712s][info][gc,phases      ] GC(498) Phase 1: Mark live objects 6.844ms
[230.712s][info][gc,phases,start] GC(498) Phase 2: Compute new object addresses
[230.713s][info][gc,phases      ] GC(498) Phase 2: Compute new object addresses 0.776ms
[230.713s][info][gc,phases,start] GC(498) Phase 3: Adjust pointers
[230.715s][info][gc,phases      ] GC(498) Phase 3: Adjust pointers 2.201ms
[230.715s][info][gc,phases,start] GC(498) Phase 4: Move objects
[230.716s][info][gc,phases      ] GC(498) Phase 4: Move objects 0.035ms
[230.716s][info][gc,heap        ] GC(498) DefNew: 44738K(2516544K)->0K(2516544K) Eden: 44738K(2236928K)->0K(2236928K) From: 0K(279616K)->0K(279616K)
[230.716s][info][gc,heap        ] GC(498) Tenured: 1151K(5592448K)->1154K(5592448K)
[230.716s][info][gc,metaspace   ] GC(498) Metaspace: 661K(1024K)->660K(1024K) NonClass: 616K(832K)->615K(832K) Class: 45K(192K)->44K(192K)
[230.716s][info][gc             ] GC(498) Pause Full (System.gc()) 44M->1M(7918M) 10.690ms
[230.716s][info][gc,cpu         ] GC(498) User=0.01s Sys=0.00s Real=0.01s
[231.168s][info][gc,start       ] GC(499) Pause Full (System.gc())
[231.169s][info][gc,phases,start] GC(499) Phase 1: Mark live objects
[231.174s][info][gc,phases      ] GC(499) Phase 1: Mark live objects 5.314ms
[231.174s][info][gc,phases,start] GC(499) Phase 2: Compute new object addresses
[231.175s][info][gc,phases      ] GC(499) Phase 2: Compute new object addresses 0.785ms
[231.175s][info][gc,phases,start] GC(499) Phase 3: Adjust pointers
[231.177s][info][gc,phases      ] GC(499) Phase 3: Adjust pointers 2.216ms
[231.177s][info][gc,phases,start] GC(499) Phase 4: Move objects
[231.177s][info][gc,phases      ] GC(499) Phase 4: Move objects 0.040ms
[231.177s][info][gc,heap        ] GC(499) DefNew: 44738K(2516544K)->0K(2516544K) Eden: 44738K(2236928K)->0K(2236928K) From: 0K(279616K)->0K(279616K)
[231.177s][info][gc,heap        ] GC(499) Tenured: 1154K(5592448K)->1141K(5592448K)
[231.178s][info][gc,metaspace   ] GC(499) Metaspace: 665K(1024K)->664K(1024K) NonClass: 619K(832K)->618K(832K) Class: 46K(192K)->45K(192K)
[231.178s][info][gc             ] GC(499) Pause Full (System.gc()) 44M->1M(7918M) 9.196ms
[231.178s][info][gc,cpu         ] GC(499) User=0.01s Sys=0.00s Real=0.01s
[231.632s][info][gc,start       ] GC(500) Pause Full (System.gc())
[231.632s][info][gc,phases,start] GC(500) Phase 1: Mark live objects
[231.639s][info][gc,phases      ] GC(500) Phase 1: Mark live objects 6.606ms
[231.639s][info][gc,phases,start] GC(500) Phase 2: Compute new object addresses
[231.640s][info][gc,phases      ] GC(500) Phase 2: Compute new object addresses 0.797ms
[231.640s][info][gc,phases,start] GC(500) Phase 3: Adjust pointers
[231.642s][info][gc,phases      ] GC(500) Phase 3: Adjust pointers 2.459ms
[231.642s][info][gc,phases,start] GC(500) Phase 4: Move objects
[231.642s][info][gc,phases      ] GC(500) Phase 4: Move objects 0.040ms
[231.643s][info][gc,heap        ] GC(500) DefNew: 44738K(2516544K)->0K(2516544K) Eden: 44738K(2236928K)->0K(2236928K) From: 0K(279616K)->0K(279616K)
[231.643s][info][gc,heap        ] GC(500) Tenured: 1141K(5592448K)->1144K(5592448K)
[231.643s][info][gc,metaspace   ] GC(500) Metaspace: 669K(1024K)->668K(1024K) NonClass: 622K(832K)->621K(832K) Class: 47K(192K)->47K(192K)
[231.643s][info][gc             ] GC(500) Pause Full (System.gc()) 44M->1M(7918M) 10.856ms
[231.643s][info][gc,cpu         ] GC(500) User=0.01s Sys=0.00s Real=0.01s
[232.099s][info][gc,start       ] GC(501) Pause Full (System.gc())
[232.099s][info][gc,phases,start] GC(501) Phase 1: Mark live objects
[232.104s][info][gc,phases      ] GC(501) Phase 1: Mark live objects 5.213ms
[232.104s][info][gc,phases,start] GC(501) Phase 2: Compute new object addresses
[232.105s][info][gc,phases      ] GC(501) Phase 2: Compute new object addresses 0.758ms
[232.105s][info][gc,phases,start] GC(501) Phase 3: Adjust pointers
[232.108s][info][gc,phases      ] GC(501) Phase 3: Adjust pointers 2.967ms
[232.108s][info][gc,phases,start] GC(501) Phase 4: Move objects
[232.108s][info][gc,phases      ] GC(501) Phase 4: Move objects 0.032ms
[232.108s][info][gc,heap        ] GC(501) DefNew: 44738K(2516544K)->0K(2516544K) Eden: 44738K(2236928K)->0K(2236928K) From: 0K(279616K)->0K(279616K)
[232.108s][info][gc,heap        ] GC(501) Tenured: 1144K(5592448K)->1147K(5592448K)
[232.108s][info][gc,metaspace   ] GC(501) Metaspace: 673K(1024K)->673K(1024K) NonClass: 624K(832K)->624K(832K) Class: 48K(192K)->48K(192K)
[232.108s][info][gc             ] GC(501) Pause Full (System.gc()) 44M->1M(7918M) 9.641ms
[232.108s][info][gc,cpu         ] GC(501) User=0.01s Sys=0.00s Real=0.01s
[232.563s][info][gc,start       ] GC(502) Pause Full (System.gc())
[232.564s][info][gc,phases,start] GC(502) Phase 1: Mark live objects
[232.569s][info][gc,phases      ] GC(502) Phase 1: Mark live objects 5.370ms
[232.569s][info][gc,phases,start] GC(502) Phase 2: Compute new object addresses
[232.569s][info][gc,phases      ] GC(502) Phase 2: Compute new object addresses 0.347ms
[232.569s][info][gc,phases,start] GC(502) Phase 3: Adjust pointers
[232.571s][info][gc,phases      ] GC(502) Phase 3: Adjust pointers 1.254ms
[232.571s][info][gc,phases,start] GC(502) Phase 4: Move objects
[232.571s][info][gc,phases      ] GC(502) Phase 4: Move objects 0.022ms
[232.571s][info][gc,heap        ] GC(502) DefNew: 44738K(2516544K)->0K(2516544K) Eden: 44738K(2236928K)->0K(2236928K) From: 0K(279616K)->0K(279616K)
[232.571s][info][gc,heap        ] GC(502) Tenured: 1147K(5592448K)->1150K(5592448K)
[232.571s][info][gc,metaspace   ] GC(502) Metaspace: 678K(1024K)->668K(1024K) NonClass: 628K(832K)->622K(832K) Class: 50K(192K)->46K(192K)
[232.571s][info][gc             ] GC(502) Pause Full (System.gc()) 44M->1M(7918M) 7.730ms
[232.571s][info][gc,cpu         ] GC(502) User=0.01s Sys=0.00s Real=0.00s
[233.025s][info][gc,start       ] GC(503) Pause Full (System.gc())
[233.025s][info][gc,phases,start] GC(503) Phase 1: Mark live objects
[233.030s][info][gc,phases      ] GC(503) Phase 1: Mark live objects 5.316ms
[233.031s][info][gc,phases,start] GC(503) Phase 2: Compute new object addresses
[233.031s][info][gc,phases      ] GC(503) Phase 2: Compute new object addresses 0.465ms
[233.031s][info][gc,phases,start] GC(503) Phase 3: Adjust pointers
[233.033s][info][gc,phases      ] GC(503) Phase 3: Adjust pointers 1.477ms
[233.033s][info][gc,phases,start] GC(503) Phase 4: Move objects
[233.033s][info][gc,phases      ] GC(503) Phase 4: Move objects 0.021ms
[233.033s][info][gc,heap        ] GC(503) DefNew: 44738K(2516544K)->0K(2516544K) Eden: 44738K(2236928K)->0K(2236928K) From: 0K(279616K)->0K(279616K)
[233.033s][info][gc,heap        ] GC(503) Tenured: 1150K(5592448K)->1143K(5592448K)
[233.033s][info][gc,metaspace   ] GC(503) Metaspace: 673K(1024K)->670K(1024K) NonClass: 625K(832K)->623K(832K) Class: 47K(192K)->46K(192K)
[233.033s][info][gc             ] GC(503) Pause Full (System.gc()) 44M->1M(7918M) 8.002ms
[233.033s][info][gc,cpu         ] GC(503) User=0.01s Sys=0.00s Real=0.01s
[233.489s][info][gc,start       ] GC(504) Pause Full (System.gc())
[233.490s][info][gc,phases,start] GC(504) Phase 1: Mark live objects
[233.493s][info][gc,phases      ] GC(504) Phase 1: Mark live objects 3.492ms
[233.493s][info][gc,phases,start] GC(504) Phase 2: Compute new object addresses
[233.493s][info][gc,phases      ] GC(504) Phase 2: Compute new object addresses 0.321ms
[233.493s][info][gc,phases,start] GC(504) Phase 3: Adjust pointers
[233.494s][info][gc,phases      ] GC(504) Phase 3: Adjust pointers 1.091ms
[233.495s][info][gc,phases,start] GC(504) Phase 4: Move objects
[233.495s][info][gc,phases      ] GC(504) Phase 4: Move objects 0.013ms
[233.495s][info][gc,heap        ] GC(504) DefNew: 44738K(2516544K)->0K(2516544K) Eden: 44738K(2236928K)->0K(2236928K) From: 0K(279616K)->0K(279616K)
[233.495s][info][gc,heap        ] GC(504) Tenured: 1143K(5592448K)->1146K(5592448K)
[233.495s][info][gc,metaspace   ] GC(504) Metaspace: 675K(1024K)->675K(1024K) NonClass: 627K(832K)->627K(832K) Class: 48K(192K)->48K(192K)
[233.495s][info][gc             ] GC(504) Pause Full (System.gc()) 44M->1M(7918M) 5.284ms
[233.495s][info][gc,cpu         ] GC(504) User=0.00s Sys=0.00s Real=0.01s
[233.948s][info][gc,start       ] GC(505) Pause Full (System.gc())
[233.948s][info][gc,phases,start] GC(505) Phase 1: Mark live objects
[233.953s][info][gc,phases      ] GC(505) Phase 1: Mark live objects 4.982ms
[233.953s][info][gc,phases,start] GC(505) Phase 2: Compute new object addresses
[233.954s][info][gc,phases      ] GC(505) Phase 2: Compute new object addresses 0.485ms
[233.954s][info][gc,phases,start] GC(505) Phase 3: Adjust pointers
[233.955s][info][gc,phases      ] GC(505) Phase 3: Adjust pointers 1.441ms
[233.955s][info][gc,phases,start] GC(505) Phase 4: Move objects
[233.955s][info][gc,phases      ] GC(505) Phase 4: Move objects 0.019ms
[233.956s][info][gc,heap        ] GC(505) DefNew: 44738K(2516544K)->0K(2516544K) Eden: 44738K(2236928K)->0K(2236928K) From: 0K(279616K)->0K(279616K)
[233.956s][info][gc,heap        ] GC(505) Tenured: 1146K(5592448K)->1149K(5592448K)
[233.956s][info][gc,metaspace   ] GC(505) Metaspace: 680K(1024K)->678K(1024K) NonClass: 630K(832K)->629K(832K) Class: 49K(192K)->48K(192K)
[233.956s][info][gc             ] GC(505) Pause Full (System.gc()) 44M->1M(7918M) 7.513ms
[233.956s][info][gc,cpu         ] GC(505) User=0.01s Sys=0.00s Real=0.01s
[234.411s][info][gc,start       ] GC(506) Pause Full (System.gc())
[234.411s][info][gc,phases,start] GC(506) Phase 1: Mark live objects
[234.419s][info][gc,phases      ] GC(506) Phase 1: Mark live objects 7.332ms
[234.419s][info][gc,phases,start] GC(506) Phase 2: Compute new object addresses
[234.419s][info][gc,phases      ] GC(506) Phase 2: Compute new object addresses 0.419ms
[234.419s][info][gc,phases,start] GC(506) Phase 3: Adjust pointers
[234.421s][info][gc,phases      ] GC(506) Phase 3: Adjust pointers 1.750ms
[234.421s][info][gc,phases,start] GC(506) Phase 4: Move objects
[234.421s][info][gc,phases      ] GC(506) Phase 4: Move objects 0.022ms
[234.421s][info][gc,heap        ] GC(506) DefNew: 44738K(2516544K)->0K(2516544K) Eden: 44738K(2236928K)->0K(2236928K) From: 0K(279616K)->0K(279616K)
[234.421s][info][gc,heap        ] GC(506) Tenured: 1149K(5592448K)->1152K(5592448K)
[234.421s][info][gc,metaspace   ] GC(506) Metaspace: 683K(1024K)->682K(1024K) NonClass: 632K(832K)->632K(832K) Class: 50K(192K)->50K(192K)
[234.421s][info][gc             ] GC(506) Pause Full (System.gc()) 44M->1M(7918M) 10.260ms
[234.421s][info][gc,cpu         ] GC(506) User=0.01s Sys=0.00s Real=0.02s
[234.878s][info][gc,start       ] GC(507) Pause Full (System.gc())
[234.879s][info][gc,phases,start] GC(507) Phase 1: Mark live objects
[234.884s][info][gc,phases      ] GC(507) Phase 1: Mark live objects 4.948ms
[234.884s][info][gc,phases,start] GC(507) Phase 2: Compute new object addresses
[234.885s][info][gc,phases      ] GC(507) Phase 2: Compute new object addresses 0.798ms
[234.885s][info][gc,phases,start] GC(507) Phase 3: Adjust pointers
[234.887s][info][gc,phases      ] GC(507) Phase 3: Adjust pointers 2.212ms
[234.887s][info][gc,phases,start] GC(507) Phase 4: Move objects
[234.887s][info][gc,phases      ] GC(507) Phase 4: Move objects 0.030ms
[234.887s][info][gc,heap        ] GC(507) DefNew: 44738K(2516544K)->0K(2516544K) Eden: 44738K(2236928K)->0K(2236928K) From: 0K(279616K)->0K(279616K)
[234.887s][info][gc,heap        ] GC(507) Tenured: 1152K(5592448K)->1152K(5592448K)
[234.887s][info][gc,metaspace   ] GC(507) Metaspace: 687K(1024K)->687K(1024K) NonClass: 635K(832K)->635K(832K) Class: 51K(192K)->51K(192K)
[234.887s][info][gc             ] GC(507) Pause Full (System.gc()) 44M->1M(7918M) 8.728ms
[234.887s][info][gc,cpu         ] GC(507) User=0.01s Sys=0.00s Real=0.01s
[235.340s][info][gc,start       ] GC(508) Pause Full (System.gc())
[235.340s][info][gc,phases,start] GC(508) Phase 1: Mark live objects
[235.347s][info][gc,phases      ] GC(508) Phase 1: Mark live objects 6.681ms
[235.347s][info][gc,phases,start] GC(508) Phase 2: Compute new object addresses
[235.348s][info][gc,phases      ] GC(508) Phase 2: Compute new object addresses 0.750ms
[235.348s][info][gc,phases,start] GC(508) Phase 3: Adjust pointers
[235.350s][info][gc,phases      ] GC(508) Phase 3: Adjust pointers 2.195ms
[235.350s][info][gc,phases,start] GC(508) Phase 4: Move objects
[235.350s][info][gc,phases      ] GC(508) Phase 4: Move objects 0.026ms
[235.350s][info][gc,heap        ] GC(508) DefNew: 44738K(2516544K)->0K(2516544K) Eden: 44738K(2236928K)->0K(2236928K) From: 0K(279616K)->0K(279616K)
[235.350s][info][gc,heap        ] GC(508) Tenured: 1152K(5592448K)->1155K(5592448K)
[235.350s][info][gc,metaspace   ] GC(508) Metaspace: 692K(1024K)->690K(1024K) NonClass: 638K(832K)->638K(832K) Class: 53K(192K)->52K(192K)
[235.351s][info][gc             ] GC(508) Pause Full (System.gc()) 44M->1M(7918M) 10.357ms
[235.351s][info][gc,cpu         ] GC(508) User=0.01s Sys=0.00s Real=0.01s
[235.808s][info][gc,start       ] GC(509) Pause Full (System.gc())
[235.808s][info][gc,phases,start] GC(509) Phase 1: Mark live objects
[235.815s][info][gc,phases      ] GC(509) Phase 1: Mark live objects 6.543ms
[235.815s][info][gc,phases,start] GC(509) Phase 2: Compute new object addresses
[235.815s][info][gc,phases      ] GC(509) Phase 2: Compute new object addresses 0.756ms
[235.815s][info][gc,phases,start] GC(509) Phase 3: Adjust pointers
[235.817s][info][gc,phases      ] GC(509) Phase 3: Adjust pointers 2.001ms
[235.818s][info][gc,phases,start] GC(509) Phase 4: Move objects
[235.818s][info][gc,phases      ] GC(509) Phase 4: Move objects 0.020ms
[235.818s][info][gc,heap        ] GC(509) DefNew: 44738K(2516544K)->0K(2516544K) Eden: 44738K(2236928K)->0K(2236928K) From: 0K(279616K)->0K(279616K)
[235.818s][info][gc,heap        ] GC(509) Tenured: 1155K(5592448K)->1158K(5592448K)
[235.818s][info][gc,metaspace   ] GC(509) Metaspace: 695K(1024K)->694K(1024K) NonClass: 641K(832K)->640K(832K) Class: 54K(192K)->53K(192K)
[235.818s][info][gc             ] GC(509) Pause Full (System.gc()) 44M->1M(7918M) 9.961ms
[235.818s][info][gc,cpu         ] GC(509) User=0.00s Sys=0.00s Real=0.01s
[236.275s][info][gc,start       ] GC(510) Pause Full (System.gc())
[236.275s][info][gc,phases,start] GC(510) Phase 1: Mark live objects
[236.282s][info][gc,phases      ] GC(510) Phase 1: Mark live objects 6.690ms
[236.282s][info][gc,phases,start] GC(510) Phase 2: Compute new object addresses
[236.283s][info][gc,phases      ] GC(510) Phase 2: Compute new object addresses 0.769ms
[236.283s][info][gc,phases,start] GC(510) Phase 3: Adjust pointers
[236.285s][info][gc,phases      ] GC(510) Phase 3: Adjust pointers 2.166ms
[236.285s][info][gc,phases,start] GC(510) Phase 4: Move objects
[236.285s][info][gc,phases      ] GC(510) Phase 4: Move objects 0.021ms
[236.285s][info][gc,heap        ] GC(510) DefNew: 44738K(2516544K)->0K(2516544K) Eden: 44738K(2236928K)->0K(2236928K) From: 0K(279616K)->0K(279616K)
[236.285s][info][gc,heap        ] GC(510) Tenured: 1158K(5592448K)->1161K(5592448K)
[236.285s][info][gc,metaspace   ] GC(510) Metaspace: 699K(1024K)->698K(1024K) NonClass: 644K(832K)->643K(832K) Class: 55K(192K)->55K(192K)
[236.285s][info][gc             ] GC(510) Pause Full (System.gc()) 44M->1M(7918M) 10.320ms
[236.285s][info][gc,cpu         ] GC(510) User=0.01s Sys=0.00s Real=0.01s
[236.738s][info][gc,start       ] GC(511) Pause Full (System.gc())
[236.738s][info][gc,phases,start] GC(511) Phase 1: Mark live objects
[236.745s][info][gc,phases      ] GC(511) Phase 1: Mark live objects 6.928ms
[236.745s][info][gc,phases,start] GC(511) Phase 2: Compute new object addresses
[236.746s][info][gc,phases      ] GC(511) Phase 2: Compute new object addresses 0.546ms
[236.746s][info][gc,phases,start] GC(511) Phase 3: Adjust pointers
[236.747s][info][gc,phases      ] GC(511) Phase 3: Adjust pointers 1.734ms
[236.747s][info][gc,phases,start] GC(511) Phase 4: Move objects
[236.747s][info][gc,phases      ] GC(511) Phase 4: Move objects 0.025ms
[236.748s][info][gc,heap        ] GC(511) DefNew: 44738K(2516544K)->0K(2516544K) Eden: 44738K(2236928K)->0K(2236928K) From: 0K(279616K)->0K(279616K)
[236.748s][info][gc,heap        ] GC(511) Tenured: 1161K(5592448K)->1151K(5592448K)
[236.748s][info][gc,metaspace   ] GC(511) Metaspace: 703K(1024K)->688K(1024K) NonClass: 646K(832K)->638K(832K) Class: 56K(192K)->50K(192K)
[236.748s][info][gc             ] GC(511) Pause Full (System.gc()) 44M->1M(7918M) 10.013ms
[236.748s][info][gc,cpu         ] GC(511) User=0.01s Sys=0.00s Real=0.01s
[237.205s][info][gc,start       ] GC(512) Pause Full (System.gc())
[237.205s][info][gc,phases,start] GC(512) Phase 1: Mark live objects
[237.212s][info][gc,phases      ] GC(512) Phase 1: Mark live objects 6.896ms
[237.212s][info][gc,phases,start] GC(512) Phase 2: Compute new object addresses
[237.213s][info][gc,phases      ] GC(512) Phase 2: Compute new object addresses 0.758ms
[237.213s][info][gc,phases,start] GC(512) Phase 3: Adjust pointers
[237.216s][info][gc,phases      ] GC(512) Phase 3: Adjust pointers 2.365ms
[237.216s][info][gc,phases,start] GC(512) Phase 4: Move objects
[237.216s][info][gc,phases      ] GC(512) Phase 4: Move objects 0.020ms
[237.216s][info][gc,heap        ] GC(512) DefNew: 44738K(2516544K)->0K(2516544K) Eden: 44738K(2236928K)->0K(2236928K) From: 0K(279616K)->0K(279616K)
[237.216s][info][gc,heap        ] GC(512) Tenured: 1151K(5592448K)->1154K(5592448K)
[237.216s][info][gc,metaspace   ] GC(512) Metaspace: 696K(1024K)->694K(1024K) NonClass: 644K(832K)->642K(832K) Class: 52K(192K)->51K(192K)
[237.216s][info][gc             ] GC(512) Pause Full (System.gc()) 44M->1M(7918M) 10.712ms
[237.216s][info][gc,cpu         ] GC(512) User=0.01s Sys=0.00s Real=0.01s
[237.672s][info][gc,start       ] GC(513) Pause Full (System.gc())
[237.672s][info][gc,phases,start] GC(513) Phase 1: Mark live objects
[237.680s][info][gc,phases      ] GC(513) Phase 1: Mark live objects 7.530ms
[237.680s][info][gc,phases,start] GC(513) Phase 2: Compute new object addresses
[237.681s][info][gc,phases      ] GC(513) Phase 2: Compute new object addresses 0.775ms
[237.681s][info][gc,phases,start] GC(513) Phase 3: Adjust pointers
[237.683s][info][gc,phases      ] GC(513) Phase 3: Adjust pointers 2.120ms
[237.683s][info][gc,phases,start] GC(513) Phase 4: Move objects
[237.683s][info][gc,phases      ] GC(513) Phase 4: Move objects 0.029ms
[237.683s][info][gc,heap        ] GC(513) DefNew: 44738K(2516544K)->0K(2516544K) Eden: 44738K(2236928K)->0K(2236928K) From: 0K(279616K)->0K(279616K)
[237.683s][info][gc,heap        ] GC(513) Tenured: 1154K(5592448K)->1157K(5592448K)
[237.683s][info][gc,metaspace   ] GC(513) Metaspace: 699K(1024K)->698K(1024K) NonClass: 646K(832K)->645K(832K) Class: 52K(192K)->52K(192K)
[237.683s][info][gc             ] GC(513) Pause Full (System.gc()) 44M->1M(7918M) 11.097ms
[237.683s][info][gc,cpu         ] GC(513) User=0.00s Sys=0.00s Real=0.01s
[238.141s][info][gc,start       ] GC(514) Pause Full (System.gc())
[238.141s][info][gc,phases,start] GC(514) Phase 1: Mark live objects
[238.148s][info][gc,phases      ] GC(514) Phase 1: Mark live objects 6.758ms
[238.148s][info][gc,phases,start] GC(514) Phase 2: Compute new object addresses
[238.148s][info][gc,phases      ] GC(514) Phase 2: Compute new object addresses 0.674ms
[238.148s][info][gc,phases,start] GC(514) Phase 3: Adjust pointers
[238.151s][info][gc,phases      ] GC(514) Phase 3: Adjust pointers 2.073ms
[238.151s][info][gc,phases,start] GC(514) Phase 4: Move objects
[238.151s][info][gc,phases      ] GC(514) Phase 4: Move objects 0.031ms
[238.151s][info][gc,heap        ] GC(514) DefNew: 44738K(2516544K)->0K(2516544K) Eden: 44738K(2236928K)->0K(2236928K) From: 0K(279616K)->0K(279616K)
[238.151s][info][gc,heap        ] GC(514) Tenured: 1157K(5592448K)->1160K(5592448K)
[238.151s][info][gc,metaspace   ] GC(514) Metaspace: 703K(1024K)->702K(1024K) NonClass: 649K(832K)->648K(832K) Class: 53K(192K)->53K(192K)
[238.151s][info][gc             ] GC(514) Pause Full (System.gc()) 44M->1M(7918M) 10.234ms
[238.151s][info][gc,cpu         ] GC(514) User=0.01s Sys=0.00s Real=0.01s
[238.608s][info][gc,start       ] GC(515) Pause Full (System.gc())
[238.608s][info][gc,phases,start] GC(515) Phase 1: Mark live objects
[238.615s][info][gc,phases      ] GC(515) Phase 1: Mark live objects 6.870ms
[238.615s][info][gc,phases,start] GC(515) Phase 2: Compute new object addresses
[238.616s][info][gc,phases      ] GC(515) Phase 2: Compute new object addresses 0.827ms
[238.616s][info][gc,phases,start] GC(515) Phase 3: Adjust pointers
[238.618s][info][gc,phases      ] GC(515) Phase 3: Adjust pointers 2.287ms
[238.618s][info][gc,phases,start] GC(515) Phase 4: Move objects
[238.619s][info][gc,phases      ] GC(515) Phase 4: Move objects 0.034ms
[238.619s][info][gc,heap        ] GC(515) DefNew: 44738K(2516544K)->0K(2516544K) Eden: 44738K(2236928K)->0K(2236928K) From: 0K(279616K)->0K(279616K)
[238.619s][info][gc,heap        ] GC(515) Tenured: 1160K(5592448K)->1158K(5592448K)
[238.619s][info][gc,metaspace   ] GC(515) Metaspace: 707K(1024K)->706K(1024K) NonClass: 651K(832K)->651K(832K) Class: 55K(192K)->54K(192K)
[238.619s][info][gc             ] GC(515) Pause Full (System.gc()) 44M->1M(7918M) 10.721ms
[238.619s][info][gc,cpu         ] GC(515) User=0.01s Sys=0.00s Real=0.01s
[239.075s][info][gc,start       ] GC(516) Pause Full (System.gc())
[239.076s][info][gc,phases,start] GC(516) Phase 1: Mark live objects
[239.081s][info][gc,phases      ] GC(516) Phase 1: Mark live objects 5.319ms
[239.081s][info][gc,phases,start] GC(516) Phase 2: Compute new object addresses
[239.082s][info][gc,phases      ] GC(516) Phase 2: Compute new object addresses 0.809ms
[239.082s][info][gc,phases,start] GC(516) Phase 3: Adjust pointers
[239.084s][info][gc,phases      ] GC(516) Phase 3: Adjust pointers 2.088ms
[239.084s][info][gc,phases,start] GC(516) Phase 4: Move objects
[239.084s][info][gc,phases      ] GC(516) Phase 4: Move objects 0.019ms
[239.084s][info][gc,heap        ] GC(516) DefNew: 44738K(2516544K)->0K(2516544K) Eden: 44738K(2236928K)->0K(2236928K) From: 0K(279616K)->0K(279616K)
[239.084s][info][gc,heap        ] GC(516) Tenured: 1158K(5592448K)->1161K(5592448K)
[239.084s][info][gc,metaspace   ] GC(516) Metaspace: 711K(1024K)->711K(1024K) NonClass: 654K(832K)->654K(832K) Class: 56K(192K)->56K(192K)
[239.084s][info][gc             ] GC(516) Pause Full (System.gc()) 44M->1M(7918M) 8.843ms
[239.084s][info][gc,cpu         ] GC(516) User=0.01s Sys=0.00s Real=0.01s
[239.539s][info][gc,start       ] GC(517) Pause Full (System.gc())
[239.539s][info][gc,phases,start] GC(517) Phase 1: Mark live objects
[239.545s][info][gc,phases      ] GC(517) Phase 1: Mark live objects 5.486ms
[239.545s][info][gc,phases,start] GC(517) Phase 2: Compute new object addresses
[239.545s][info][gc,phases      ] GC(517) Phase 2: Compute new object addresses 0.813ms
[239.545s][info][gc,phases,start] GC(517) Phase 3: Adjust pointers
[239.548s][info][gc,phases      ] GC(517) Phase 3: Adjust pointers 2.212ms
[239.548s][info][gc,phases,start] GC(517) Phase 4: Move objects
[239.548s][info][gc,phases      ] GC(517) Phase 4: Move objects 0.046ms
[239.548s][info][gc,heap        ] GC(517) DefNew: 44738K(2516544K)->0K(2516544K) Eden: 44738K(2236928K)->0K(2236928K) From: 0K(279616K)->0K(279616K)
[239.548s][info][gc,heap        ] GC(517) Tenured: 1161K(5592448K)->1164K(5592448K)
[239.548s][info][gc,metaspace   ] GC(517) Metaspace: 716K(1024K)->716K(1024K) NonClass: 658K(832K)->658K(832K) Class: 58K(192K)->58K(192K)
[239.548s][info][gc             ] GC(517) Pause Full (System.gc()) 44M->1M(7918M) 9.289ms
[239.548s][info][gc,cpu         ] GC(517) User=0.01s Sys=0.00s Real=0.01s
[240.005s][info][gc,start       ] GC(518) Pause Full (System.gc())
[240.006s][info][gc,phases,start] GC(518) Phase 1: Mark live objects
[240.011s][info][gc,phases      ] GC(518) Phase 1: Mark live objects 5.523ms
[240.011s][info][gc,phases,start] GC(518) Phase 2: Compute new object addresses
[240.014s][info][gc,phases      ] GC(518) Phase 2: Compute new object addresses 2.665ms
[240.014s][info][gc,phases,start] GC(518) Phase 3: Adjust pointers
[240.016s][info][gc,phases      ] GC(518) Phase 3: Adjust pointers 2.397ms
[240.016s][info][gc,phases,start] GC(518) Phase 4: Move objects
[240.016s][info][gc,phases      ] GC(518) Phase 4: Move objects 0.023ms
[240.017s][info][gc,heap        ] GC(518) DefNew: 44738K(2516544K)->0K(2516544K) Eden: 44738K(2236928K)->0K(2236928K) From: 0K(279616K)->0K(279616K)
[240.017s][info][gc,heap        ] GC(518) Tenured: 1164K(5592448K)->1167K(5592448K)
[240.017s][info][gc,metaspace   ] GC(518) Metaspace: 721K(1088K)->721K(1088K) NonClass: 661K(896K)->661K(896K) Class: 59K(192K)->59K(192K)
[240.017s][info][gc             ] GC(518) Pause Full (System.gc()) 44M->1M(7918M) 11.267ms
[240.017s][info][gc,cpu         ] GC(518) User=0.01s Sys=0.00s Real=0.01s
[240.472s][info][gc,start       ] GC(519) Pause Full (System.gc())
[240.472s][info][gc,phases,start] GC(519) Phase 1: Mark live objects
[240.477s][info][gc,phases      ] GC(519) Phase 1: Mark live objects 4.827ms
[240.477s][info][gc,phases,start] GC(519) Phase 2: Compute new object addresses
[240.478s][info][gc,phases      ] GC(519) Phase 2: Compute new object addresses 0.800ms
[240.478s][info][gc,phases,start] GC(519) Phase 3: Adjust pointers
[240.480s][info][gc,phases      ] GC(519) Phase 3: Adjust pointers 2.016ms
[240.480s][info][gc,phases,start] GC(519) Phase 4: Move objects
[240.480s][info][gc,phases      ] GC(519) Phase 4: Move objects 0.041ms
[240.480s][info][gc,heap        ] GC(519) DefNew: 89477K(2516544K)->0K(2516544K) Eden: 89477K(2236928K)->0K(2236928K) From: 0K(279616K)->0K(279616K)
[240.480s][info][gc,heap        ] GC(519) Tenured: 1167K(5592448K)->1169K(5592448K)
[240.480s][info][gc,metaspace   ] GC(519) Metaspace: 726K(1088K)->726K(1088K) NonClass: 664K(896K)->664K(896K) Class: 61K(192K)->61K(192K)
[240.480s][info][gc             ] GC(519) Pause Full (System.gc()) 88M->1M(7918M) 8.353ms
[240.480s][info][gc,cpu         ] GC(519) User=0.01s Sys=0.00s Real=0.00s
[240.933s][info][gc,start       ] GC(520) Pause Full (System.gc())
[240.933s][info][gc,phases,start] GC(520) Phase 1: Mark live objects
[240.938s][info][gc,phases      ] GC(520) Phase 1: Mark live objects 5.205ms
[240.938s][info][gc,phases,start] GC(520) Phase 2: Compute new object addresses
[240.939s][info][gc,phases      ] GC(520) Phase 2: Compute new object addresses 0.777ms
[240.939s][info][gc,phases,start] GC(520) Phase 3: Adjust pointers
[240.942s][info][gc,phases      ] GC(520) Phase 3: Adjust pointers 2.548ms
[240.942s][info][gc,phases,start] GC(520) Phase 4: Move objects
[240.942s][info][gc,phases      ] GC(520) Phase 4: Move objects 0.034ms
[240.942s][info][gc,heap        ] GC(520) DefNew: 44738K(2516544K)->0K(2516544K) Eden: 44738K(2236928K)->0K(2236928K) From: 0K(279616K)->0K(279616K)
[240.942s][info][gc,heap        ] GC(520) Tenured: 1169K(5592448K)->1172K(5592448K)
[240.942s][info][gc,metaspace   ] GC(520) Metaspace: 731K(1088K)->731K(1088K) NonClass: 667K(896K)->667K(896K) Class: 63K(192K)->63K(192K)
[240.942s][info][gc             ] GC(520) Pause Full (System.gc()) 44M->1M(7918M) 9.296ms
[240.942s][info][gc,cpu         ] GC(520) User=0.01s Sys=0.00s Real=0.01s
[241.394s][info][gc,start       ] GC(521) Pause Full (System.gc())
[241.394s][info][gc,phases,start] GC(521) Phase 1: Mark live objects
[241.400s][info][gc,phases      ] GC(521) Phase 1: Mark live objects 5.287ms
[241.400s][info][gc,phases,start] GC(521) Phase 2: Compute new object addresses
[241.401s][info][gc,phases      ] GC(521) Phase 2: Compute new object addresses 0.758ms
[241.401s][info][gc,phases,start] GC(521) Phase 3: Adjust pointers
[241.403s][info][gc,phases      ] GC(521) Phase 3: Adjust pointers 2.038ms
[241.403s][info][gc,phases,start] GC(521) Phase 4: Move objects
[241.403s][info][gc,phases      ] GC(521) Phase 4: Move objects 0.020ms
[241.403s][info][gc,heap        ] GC(521) DefNew: 44738K(2516544K)->0K(2516544K) Eden: 44738K(2236928K)->0K(2236928K) From: 0K(279616K)->0K(279616K)
[241.403s][info][gc,heap        ] GC(521) Tenured: 1172K(5592448K)->1175K(5592448K)
[241.403s][info][gc,metaspace   ] GC(521) Metaspace: 736K(1088K)->736K(1088K) NonClass: 671K(896K)->671K(896K) Class: 65K(192K)->65K(192K)
[241.403s][info][gc             ] GC(521) Pause Full (System.gc()) 44M->1M(7918M) 8.645ms
[241.403s][info][gc,cpu         ] GC(521) User=0.01s Sys=0.00s Real=0.01s
[241.856s][info][gc,start       ] GC(522) Pause Full (System.gc())
[241.856s][info][gc,phases,start] GC(522) Phase 1: Mark live objects
[241.861s][info][gc,phases      ] GC(522) Phase 1: Mark live objects 5.225ms
[241.861s][info][gc,phases,start] GC(522) Phase 2: Compute new object addresses
[241.862s][info][gc,phases      ] GC(522) Phase 2: Compute new object addresses 0.779ms
[241.862s][info][gc,phases,start] GC(522) Phase 3: Adjust pointers
[241.864s][info][gc,phases      ] GC(522) Phase 3: Adjust pointers 2.163ms
[241.864s][info][gc,phases,start] GC(522) Phase 4: Move objects
[241.864s][info][gc,phases      ] GC(522) Phase 4: Move objects 0.018ms
[241.864s][info][gc,heap        ] GC(522) DefNew: 44738K(2516544K)->0K(2516544K) Eden: 44738K(2236928K)->0K(2236928K) From: 0K(279616K)->0K(279616K)
[241.864s][info][gc,heap        ] GC(522) Tenured: 1175K(5592448K)->1178K(5592448K)
[241.864s][info][gc,metaspace   ] GC(522) Metaspace: 741K(1088K)->741K(1088K) NonClass: 674K(896K)->674K(896K) Class: 66K(192K)->66K(192K)
[241.864s][info][gc             ] GC(522) Pause Full (System.gc()) 44M->1M(7918M) 8.699ms
[241.864s][info][gc,cpu         ] GC(522) User=0.01s Sys=0.00s Real=0.01s
[242.319s][info][gc,start       ] GC(523) Pause Full (System.gc())
[242.319s][info][gc,phases,start] GC(523) Phase 1: Mark live objects
[242.325s][info][gc,phases      ] GC(523) Phase 1: Mark live objects 5.899ms
[242.325s][info][gc,phases,start] GC(523) Phase 2: Compute new object addresses
[242.325s][info][gc,phases      ] GC(523) Phase 2: Compute new object addresses 0.420ms
[242.325s][info][gc,phases,start] GC(523) Phase 3: Adjust pointers
[242.326s][info][gc,phases      ] GC(523) Phase 3: Adjust pointers 1.322ms
[242.326s][info][gc,phases,start] GC(523) Phase 4: Move objects
[242.326s][info][gc,phases      ] GC(523) Phase 4: Move objects 0.019ms
[242.327s][info][gc,heap        ] GC(523) DefNew: 44738K(2516544K)->0K(2516544K) Eden: 44738K(2236928K)->0K(2236928K) From: 0K(279616K)->0K(279616K)
[242.327s][info][gc,heap        ] GC(523) Tenured: 1178K(5592448K)->1132K(5592448K)
[242.327s][info][gc,metaspace   ] GC(523) Metaspace: 746K(1216K)->642K(1216K) NonClass: 677K(960K)->599K(960K) Class: 68K(256K)->43K(256K)
[242.327s][info][gc             ] GC(523) Pause Full (System.gc()) 44M->1M(7918M) 8.639ms
[242.327s][info][gc,cpu         ] GC(523) User=0.01s Sys=0.01s Real=0.01s
[242.783s][info][gc,start       ] GC(524) Pause Full (System.gc())
[242.784s][info][gc,phases,start] GC(524) Phase 1: Mark live objects
[242.789s][info][gc,phases      ] GC(524) Phase 1: Mark live objects 5.586ms
[242.789s][info][gc,phases,start] GC(524) Phase 2: Compute new object addresses
[242.790s][info][gc,phases      ] GC(524) Phase 2: Compute new object addresses 0.410ms
[242.790s][info][gc,phases,start] GC(524) Phase 3: Adjust pointers
[242.791s][info][gc,phases      ] GC(524) Phase 3: Adjust pointers 1.369ms
[242.791s][info][gc,phases,start] GC(524) Phase 4: Move objects
[242.791s][info][gc,phases      ] GC(524) Phase 4: Move objects 0.014ms
[242.791s][info][gc,heap        ] GC(524) DefNew: 44738K(2516544K)->0K(2516544K) Eden: 44738K(2236928K)->0K(2236928K) From: 0K(279616K)->0K(279616K)
[242.791s][info][gc,heap        ] GC(524) Tenured: 1132K(5592448K)->1136K(5592448K)
[242.791s][info][gc,metaspace   ] GC(524) Metaspace: 647K(1216K)->644K(1152K) NonClass: 602K(960K)->600K(960K) Class: 45K(256K)->44K(192K)
[242.791s][info][gc             ] GC(524) Pause Full (System.gc()) 44M->1M(7918M) 8.009ms
[242.791s][info][gc,cpu         ] GC(524) User=0.01s Sys=0.00s Real=0.01s
[243.246s][info][gc,start       ] GC(525) Pause Full (System.gc())
[243.247s][info][gc,phases,start] GC(525) Phase 1: Mark live objects
[243.251s][info][gc,phases      ] GC(525) Phase 1: Mark live objects 4.293ms
[243.251s][info][gc,phases,start] GC(525) Phase 2: Compute new object addresses
[243.251s][info][gc,phases      ] GC(525) Phase 2: Compute new object addresses 0.412ms
[243.251s][info][gc,phases,start] GC(525) Phase 3: Adjust pointers
[243.253s][info][gc,phases      ] GC(525) Phase 3: Adjust pointers 1.308ms
[243.253s][info][gc,phases,start] GC(525) Phase 4: Move objects
[243.253s][info][gc,phases      ] GC(525) Phase 4: Move objects 0.023ms
[243.253s][info][gc,heap        ] GC(525) DefNew: 44738K(2516544K)->0K(2516544K) Eden: 44738K(2236928K)->0K(2236928K) From: 0K(279616K)->0K(279616K)
[243.253s][info][gc,heap        ] GC(525) Tenured: 1136K(5592448K)->1138K(5592448K)
[243.253s][info][gc,metaspace   ] GC(525) Metaspace: 649K(1152K)->649K(1152K) NonClass: 603K(960K)->603K(960K) Class: 46K(192K)->46K(192K)
[243.253s][info][gc             ] GC(525) Pause Full (System.gc()) 44M->1M(7918M) 6.581ms
[243.253s][info][gc,cpu         ] GC(525) User=0.00s Sys=0.00s Real=0.01s
[243.709s][info][gc,start       ] GC(526) Pause Full (System.gc())
[243.709s][info][gc,phases,start] GC(526) Phase 1: Mark live objects
[243.714s][info][gc,phases      ] GC(526) Phase 1: Mark live objects 4.869ms
[243.714s][info][gc,phases,start] GC(526) Phase 2: Compute new object addresses
[243.714s][info][gc,phases      ] GC(526) Phase 2: Compute new object addresses 0.365ms
[243.714s][info][gc,phases,start] GC(526) Phase 3: Adjust pointers
[243.716s][info][gc,phases      ] GC(526) Phase 3: Adjust pointers 1.549ms
[243.716s][info][gc,phases,start] GC(526) Phase 4: Move objects
[243.716s][info][gc,phases      ] GC(526) Phase 4: Move objects 0.013ms
[243.716s][info][gc,heap        ] GC(526) DefNew: 44738K(2516544K)->0K(2516544K) Eden: 44738K(2236928K)->0K(2236928K) From: 0K(279616K)->0K(279616K)
[243.716s][info][gc,heap        ] GC(526) Tenured: 1138K(5592448K)->1141K(5592448K)
[243.716s][info][gc,metaspace   ] GC(526) Metaspace: 654K(1152K)->652K(1152K) NonClass: 606K(960K)->605K(960K) Class: 47K(192K)->46K(192K)
[243.716s][info][gc             ] GC(526) Pause Full (System.gc()) 44M->1M(7918M) 7.451ms
[243.716s][info][gc,cpu         ] GC(526) User=0.00s Sys=0.00s Real=0.01s
[244.172s][info][gc,start       ] GC(527) Pause Full (System.gc())
[244.172s][info][gc,phases,start] GC(527) Phase 1: Mark live objects
[244.177s][info][gc,phases      ] GC(527) Phase 1: Mark live objects 5.208ms
[244.177s][info][gc,phases,start] GC(527) Phase 2: Compute new object addresses
[244.178s][info][gc,phases      ] GC(527) Phase 2: Compute new object addresses 0.324ms
[244.178s][info][gc,phases,start] GC(527) Phase 3: Adjust pointers
[244.179s][info][gc,phases      ] GC(527) Phase 3: Adjust pointers 1.224ms
[244.179s][info][gc,phases,start] GC(527) Phase 4: Move objects
[244.179s][info][gc,phases      ] GC(527) Phase 4: Move objects 0.022ms
[244.179s][info][gc,heap        ] GC(527) DefNew: 44738K(2516544K)->0K(2516544K) Eden: 44738K(2236928K)->0K(2236928K) From: 0K(279616K)->0K(279616K)
[244.179s][info][gc,heap        ] GC(527) Tenured: 1141K(5592448K)->1139K(5592448K)
[244.179s][info][gc,metaspace   ] GC(527) Metaspace: 657K(1152K)->656K(1152K) NonClass: 609K(960K)->608K(960K) Class: 48K(192K)->48K(192K)
[244.179s][info][gc             ] GC(527) Pause Full (System.gc()) 44M->1M(7918M) 7.319ms
[244.179s][info][gc,cpu         ] GC(527) User=0.01s Sys=0.00s Real=0.00s
[244.636s][info][gc,start       ] GC(528) Pause Full (System.gc())
[244.636s][info][gc,phases,start] GC(528) Phase 1: Mark live objects
[244.641s][info][gc,phases      ] GC(528) Phase 1: Mark live objects 5.263ms
[244.641s][info][gc,phases,start] GC(528) Phase 2: Compute new object addresses
[244.642s][info][gc,phases      ] GC(528) Phase 2: Compute new object addresses 0.418ms
[244.642s][info][gc,phases,start] GC(528) Phase 3: Adjust pointers
[244.643s][info][gc,phases      ] GC(528) Phase 3: Adjust pointers 1.228ms
[244.643s][info][gc,phases,start] GC(528) Phase 4: Move objects
[244.643s][info][gc,phases      ] GC(528) Phase 4: Move objects 0.013ms
[244.643s][info][gc,heap        ] GC(528) DefNew: 44738K(2516544K)->0K(2516544K) Eden: 44738K(2236928K)->0K(2236928K) From: 0K(279616K)->0K(279616K)
[244.643s][info][gc,heap        ] GC(528) Tenured: 1139K(5592448K)->1142K(5592448K)
[244.643s][info][gc,metaspace   ] GC(528) Metaspace: 661K(1152K)->651K(1152K) NonClass: 611K(960K)->604K(960K) Class: 49K(192K)->47K(192K)
[244.643s][info][gc             ] GC(528) Pause Full (System.gc()) 44M->1M(7918M) 7.511ms
[244.643s][info][gc,cpu         ] GC(528) User=0.01s Sys=0.00s Real=0.01s
[245.100s][info][gc,start       ] GC(529) Pause Full (System.gc())
[245.100s][info][gc,phases,start] GC(529) Phase 1: Mark live objects
[245.105s][info][gc,phases      ] GC(529) Phase 1: Mark live objects 4.992ms
[245.105s][info][gc,phases,start] GC(529) Phase 2: Compute new object addresses
[245.106s][info][gc,phases      ] GC(529) Phase 2: Compute new object addresses 0.413ms
[245.106s][info][gc,phases,start] GC(529) Phase 3: Adjust pointers
[245.107s][info][gc,phases      ] GC(529) Phase 3: Adjust pointers 1.481ms
[245.107s][info][gc,phases,start] GC(529) Phase 4: Move objects
[245.107s][info][gc,phases      ] GC(529) Phase 4: Move objects 0.023ms
[245.107s][info][gc,heap        ] GC(529) DefNew: 44738K(2516544K)->0K(2516544K) Eden: 44738K(2236928K)->0K(2236928K) From: 0K(279616K)->0K(279616K)
[245.107s][info][gc,heap        ] GC(529) Tenured: 1142K(5592448K)->1145K(5592448K)
[245.107s][info][gc,metaspace   ] GC(529) Metaspace: 656K(1152K)->653K(1152K) NonClass: 607K(960K)->605K(960K) Class: 49K(192K)->48K(192K)
[245.108s][info][gc             ] GC(529) Pause Full (System.gc()) 44M->1M(7918M) 7.536ms
[245.108s][info][gc,cpu         ] GC(529) User=0.01s Sys=0.00s Real=0.01s
[245.564s][info][gc,start       ] GC(530) Pause Full (System.gc())
[245.564s][info][gc,phases,start] GC(530) Phase 1: Mark live objects
[245.569s][info][gc,phases      ] GC(530) Phase 1: Mark live objects 4.409ms
[245.569s][info][gc,phases,start] GC(530) Phase 2: Compute new object addresses
[245.569s][info][gc,phases      ] GC(530) Phase 2: Compute new object addresses 0.458ms
[245.569s][info][gc,phases,start] GC(530) Phase 3: Adjust pointers
[245.571s][info][gc,phases      ] GC(530) Phase 3: Adjust pointers 1.440ms
[245.571s][info][gc,phases,start] GC(530) Phase 4: Move objects
[245.571s][info][gc,phases      ] GC(530) Phase 4: Move objects 0.019ms
[245.571s][info][gc,heap        ] GC(530) DefNew: 44738K(2516544K)->0K(2516544K) Eden: 44738K(2236928K)->0K(2236928K) From: 0K(279616K)->0K(279616K)
[245.571s][info][gc,heap        ] GC(530) Tenured: 1145K(5592448K)->1148K(5592448K)
[245.571s][info][gc,metaspace   ] GC(530) Metaspace: 658K(1152K)->658K(1152K) NonClass: 608K(960K)->608K(960K) Class: 49K(192K)->49K(192K)
[245.571s][info][gc             ] GC(530) Pause Full (System.gc()) 44M->1M(7918M) 6.812ms
[245.571s][info][gc,cpu         ] GC(530) User=0.01s Sys=0.00s Real=0.01s
[246.023s][info][gc,start       ] GC(531) Pause Full (System.gc())
[246.024s][info][gc,phases,start] GC(531) Phase 1: Mark live objects
[246.030s][info][gc,phases      ] GC(531) Phase 1: Mark live objects 6.602ms
[246.030s][info][gc,phases,start] GC(531) Phase 2: Compute new object addresses
[246.031s][info][gc,phases      ] GC(531) Phase 2: Compute new object addresses 0.960ms
[246.031s][info][gc,phases,start] GC(531) Phase 3: Adjust pointers
[246.034s][info][gc,phases      ] GC(531) Phase 3: Adjust pointers 2.516ms
[246.034s][info][gc,phases,start] GC(531) Phase 4: Move objects
[246.034s][info][gc,phases      ] GC(531) Phase 4: Move objects 0.040ms
[246.034s][info][gc,heap        ] GC(531) DefNew: 44738K(2516544K)->0K(2516544K) Eden: 44738K(2236928K)->0K(2236928K) From: 0K(279616K)->0K(279616K)
[246.034s][info][gc,heap        ] GC(531) Tenured: 1148K(5592448K)->1144K(5592448K)
[246.034s][info][gc,metaspace   ] GC(531) Metaspace: 663K(1152K)->663K(1152K) NonClass: 611K(960K)->611K(960K) Class: 51K(192K)->51K(192K)
[246.034s][info][gc             ] GC(531) Pause Full (System.gc()) 44M->1M(7918M) 10.922ms
[246.034s][info][gc,cpu         ] GC(531) User=0.01s Sys=0.00s Real=0.01s
[246.488s][info][gc,start       ] GC(532) Pause Full (System.gc())
[246.488s][info][gc,phases,start] GC(532) Phase 1: Mark live objects
[246.492s][info][gc,phases      ] GC(532) Phase 1: Mark live objects 3.326ms
[246.492s][info][gc,phases,start] GC(532) Phase 2: Compute new object addresses
[246.492s][info][gc,phases      ] GC(532) Phase 2: Compute new object addresses 0.317ms
[246.492s][info][gc,phases,start] GC(532) Phase 3: Adjust pointers
[246.494s][info][gc,phases      ] GC(532) Phase 3: Adjust pointers 2.122ms
[246.494s][info][gc,phases,start] GC(532) Phase 4: Move objects
[246.494s][info][gc,phases      ] GC(532) Phase 4: Move objects 0.027ms
[246.494s][info][gc,heap        ] GC(532) DefNew: 44738K(2516544K)->0K(2516544K) Eden: 44738K(2236928K)->0K(2236928K) From: 0K(279616K)->0K(279616K)
[246.494s][info][gc,heap        ] GC(532) Tenured: 1144K(5592448K)->1147K(5592448K)
[246.494s][info][gc,metaspace   ] GC(532) Metaspace: 668K(1152K)->668K(1152K) NonClass: 615K(960K)->615K(960K) Class: 53K(192K)->53K(192K)
[246.495s][info][gc             ] GC(532) Pause Full (System.gc()) 44M->1M(7918M) 6.402ms
[246.495s][info][gc,cpu         ] GC(532) User=0.00s Sys=0.00s Real=0.01s
[246.952s][info][gc,start       ] GC(533) Pause Full (System.gc())
[246.952s][info][gc,phases,start] GC(533) Phase 1: Mark live objects
[246.958s][info][gc,phases      ] GC(533) Phase 1: Mark live objects 6.652ms
[246.959s][info][gc,phases,start] GC(533) Phase 2: Compute new object addresses
[246.959s][info][gc,phases      ] GC(533) Phase 2: Compute new object addresses 0.778ms
[246.959s][info][gc,phases,start] GC(533) Phase 3: Adjust pointers
[246.961s][info][gc,phases      ] GC(533) Phase 3: Adjust pointers 1.858ms
[246.961s][info][gc,phases,start] GC(533) Phase 4: Move objects
[246.961s][info][gc,phases      ] GC(533) Phase 4: Move objects 0.019ms
[246.961s][info][gc,heap        ] GC(533) DefNew: 44738K(2516544K)->0K(2516544K) Eden: 44738K(2236928K)->0K(2236928K) From: 0K(279616K)->0K(279616K)
[246.961s][info][gc,heap        ] GC(533) Tenured: 1147K(5592448K)->1150K(5592448K)
[246.962s][info][gc,metaspace   ] GC(533) Metaspace: 673K(1152K)->660K(1152K) NonClass: 618K(960K)->609K(960K) Class: 55K(192K)->51K(192K)
[246.962s][info][gc             ] GC(533) Pause Full (System.gc()) 44M->1M(7918M) 10.010ms
[246.962s][info][gc,cpu         ] GC(533) User=0.01s Sys=0.00s Real=0.01s
[247.419s][info][gc,start       ] GC(534) Pause Full (System.gc())
[247.419s][info][gc,phases,start] GC(534) Phase 1: Mark live objects
[247.426s][info][gc,phases      ] GC(534) Phase 1: Mark live objects 6.777ms
[247.426s][info][gc,phases,start] GC(534) Phase 2: Compute new object addresses
[247.426s][info][gc,phases      ] GC(534) Phase 2: Compute new object addresses 0.771ms
[247.426s][info][gc,phases,start] GC(534) Phase 3: Adjust pointers
[247.428s][info][gc,phases      ] GC(534) Phase 3: Adjust pointers 2.108ms
[247.429s][info][gc,phases,start] GC(534) Phase 4: Move objects
[247.429s][info][gc,phases      ] GC(534) Phase 4: Move objects 0.019ms
[247.429s][info][gc,heap        ] GC(534) DefNew: 44738K(2516544K)->0K(2516544K) Eden: 44738K(2236928K)->0K(2236928K) From: 0K(279616K)->0K(279616K)
[247.429s][info][gc,heap        ] GC(534) Tenured: 1150K(5592448K)->1153K(5592448K)
[247.429s][info][gc,metaspace   ] GC(534) Metaspace: 665K(1152K)->662K(1152K) NonClass: 612K(960K)->610K(960K) Class: 52K(192K)->51K(192K)
[247.429s][info][gc             ] GC(534) Pause Full (System.gc()) 44M->1M(7918M) 10.283ms
[247.429s][info][gc,cpu         ] GC(534) User=0.01s Sys=0.00s Real=0.01s
[247.884s][info][gc,start       ] GC(535) Pause Full (System.gc())
[247.884s][info][gc,phases,start] GC(535) Phase 1: Mark live objects
[247.889s][info][gc,phases      ] GC(535) Phase 1: Mark live objects 5.288ms
[247.890s][info][gc,phases,start] GC(535) Phase 2: Compute new object addresses
[247.890s][info][gc,phases      ] GC(535) Phase 2: Compute new object addresses 0.742ms
[247.890s][info][gc,phases,start] GC(535) Phase 3: Adjust pointers
[247.893s][info][gc,phases      ] GC(535) Phase 3: Adjust pointers 2.223ms
[247.893s][info][gc,phases,start] GC(535) Phase 4: Move objects
[247.893s][info][gc,phases      ] GC(535) Phase 4: Move objects 0.032ms
[247.893s][info][gc,heap        ] GC(535) DefNew: 44738K(2516544K)->0K(2516544K) Eden: 44738K(2236928K)->0K(2236928K) From: 0K(279616K)->0K(279616K)
[247.893s][info][gc,heap        ] GC(535) Tenured: 1153K(5592448K)->1146K(5592448K)
[247.893s][info][gc,metaspace   ] GC(535) Metaspace: 667K(1152K)->667K(1152K) NonClass: 613K(960K)->613K(960K) Class: 53K(192K)->53K(192K)
[247.893s][info][gc             ] GC(535) Pause Full (System.gc()) 44M->1M(7918M) 8.950ms
[247.893s][info][gc,cpu         ] GC(535) User=0.01s Sys=0.00s Real=0.01s
[248.346s][info][gc,start       ] GC(536) Pause Full (System.gc())
[248.346s][info][gc,phases,start] GC(536) Phase 1: Mark live objects
[248.351s][info][gc,phases      ] GC(536) Phase 1: Mark live objects 5.198ms
[248.351s][info][gc,phases,start] GC(536) Phase 2: Compute new object addresses
[248.352s][info][gc,phases      ] GC(536) Phase 2: Compute new object addresses 0.746ms
[248.352s][info][gc,phases,start] GC(536) Phase 3: Adjust pointers
[248.355s][info][gc,phases      ] GC(536) Phase 3: Adjust pointers 2.294ms
[248.355s][info][gc,phases,start] GC(536) Phase 4: Move objects
[248.355s][info][gc,phases      ] GC(536) Phase 4: Move objects 0.034ms
[248.355s][info][gc,heap        ] GC(536) DefNew: 44738K(2516544K)->0K(2516544K) Eden: 44738K(2236928K)->0K(2236928K) From: 0K(279616K)->0K(279616K)
[248.355s][info][gc,heap        ] GC(536) Tenured: 1146K(5592448K)->1149K(5592448K)
[248.355s][info][gc,metaspace   ] GC(536) Metaspace: 672K(1152K)->672K(1152K) NonClass: 617K(960K)->617K(960K) Class: 55K(192K)->55K(192K)
[248.355s][info][gc             ] GC(536) Pause Full (System.gc()) 44M->1M(7918M) 8.974ms
[248.355s][info][gc,cpu         ] GC(536) User=0.01s Sys=0.00s Real=0.01s
[248.808s][info][gc,start       ] GC(537) Pause Full (System.gc())
[248.808s][info][gc,phases,start] GC(537) Phase 1: Mark live objects
[248.813s][info][gc,phases      ] GC(537) Phase 1: Mark live objects 5.240ms
[248.813s][info][gc,phases,start] GC(537) Phase 2: Compute new object addresses
[248.814s][info][gc,phases      ] GC(537) Phase 2: Compute new object addresses 0.773ms
[248.814s][info][gc,phases,start] GC(537) Phase 3: Adjust pointers
[248.816s][info][gc,phases      ] GC(537) Phase 3: Adjust pointers 2.191ms
[248.816s][info][gc,phases,start] GC(537) Phase 4: Move objects
[248.816s][info][gc,phases      ] GC(537) Phase 4: Move objects 0.032ms
[248.816s][info][gc,heap        ] GC(537) DefNew: 44738K(2516544K)->0K(2516544K) Eden: 44738K(2236928K)->0K(2236928K) From: 0K(279616K)->0K(279616K)
[248.817s][info][gc,heap        ] GC(537) Tenured: 1149K(5592448K)->1152K(5592448K)
[248.817s][info][gc,metaspace   ] GC(537) Metaspace: 677K(1152K)->677K(1152K) NonClass: 620K(960K)->620K(960K) Class: 57K(192K)->57K(192K)
[248.817s][info][gc             ] GC(537) Pause Full (System.gc()) 44M->1M(7918M) 9.007ms
[248.817s][info][gc,cpu         ] GC(537) User=0.01s Sys=0.00s Real=0.01s
[249.270s][info][gc,start       ] GC(538) Pause Full (System.gc())
[249.270s][info][gc,phases,start] GC(538) Phase 1: Mark live objects
[249.276s][info][gc,phases      ] GC(538) Phase 1: Mark live objects 5.599ms
[249.276s][info][gc,phases,start] GC(538) Phase 2: Compute new object addresses
[249.277s][info][gc,phases      ] GC(538) Phase 2: Compute new object addresses 0.793ms
[249.277s][info][gc,phases,start] GC(538) Phase 3: Adjust pointers
[249.279s][info][gc,phases      ] GC(538) Phase 3: Adjust pointers 2.269ms
[249.279s][info][gc,phases,start] GC(538) Phase 4: Move objects
[249.279s][info][gc,phases      ] GC(538) Phase 4: Move objects 0.046ms
[249.279s][info][gc,heap        ] GC(538) DefNew: 44738K(2516544K)->0K(2516544K) Eden: 44738K(2236928K)->0K(2236928K) From: 0K(279616K)->0K(279616K)
[249.279s][info][gc,heap        ] GC(538) Tenured: 1152K(5592448K)->1155K(5592448K)
[249.279s][info][gc,metaspace   ] GC(538) Metaspace: 682K(1152K)->682K(1152K) NonClass: 623K(960K)->623K(960K) Class: 58K(192K)->58K(192K)
[249.279s][info][gc             ] GC(538) Pause Full (System.gc()) 44M->1M(7918M) 9.453ms
[249.279s][info][gc,cpu         ] GC(538) User=0.01s Sys=0.00s Real=0.01s
[249.735s][info][gc,start       ] GC(539) Pause Full (System.gc())
[249.735s][info][gc,phases,start] GC(539) Phase 1: Mark live objects
[249.743s][info][gc,phases      ] GC(539) Phase 1: Mark live objects 7.932ms
[249.744s][info][gc,phases,start] GC(539) Phase 2: Compute new object addresses
[249.744s][info][gc,phases      ] GC(539) Phase 2: Compute new object addresses 0.591ms
[249.744s][info][gc,phases,start] GC(539) Phase 3: Adjust pointers
[249.746s][info][gc,phases      ] GC(539) Phase 3: Adjust pointers 1.938ms
[249.746s][info][gc,phases,start] GC(539) Phase 4: Move objects
[249.746s][info][gc,phases      ] GC(539) Phase 4: Move objects 0.041ms
[249.746s][info][gc,heap        ] GC(539) DefNew: 44738K(2516544K)->0K(2516544K) Eden: 44738K(2236928K)->0K(2236928K) From: 0K(279616K)->0K(279616K)
[249.747s][info][gc,heap        ] GC(539) Tenured: 1155K(5592448K)->1153K(5592448K)
[249.747s][info][gc,metaspace   ] GC(539) Metaspace: 687K(1152K)->682K(1152K) NonClass: 626K(960K)->624K(960K) Class: 60K(192K)->58K(192K)
[249.747s][info][gc             ] GC(539) Pause Full (System.gc()) 44M->1M(7918M) 11.320ms
[249.747s][info][gc,cpu         ] GC(539) User=0.01s Sys=0.00s Real=0.01s
[250.200s][info][gc,start       ] GC(540) Pause Full (System.gc())
[250.200s][info][gc,phases,start] GC(540) Phase 1: Mark live objects
[250.207s][info][gc,phases      ] GC(540) Phase 1: Mark live objects 6.796ms
[250.207s][info][gc,phases,start] GC(540) Phase 2: Compute new object addresses
[250.208s][info][gc,phases      ] GC(540) Phase 2: Compute new object addresses 0.852ms
[250.208s][info][gc,phases,start] GC(540) Phase 3: Adjust pointers
[250.210s][info][gc,phases      ] GC(540) Phase 3: Adjust pointers 2.359ms
[250.210s][info][gc,phases,start] GC(540) Phase 4: Move objects
[250.210s][info][gc,phases      ] GC(540) Phase 4: Move objects 0.034ms
[250.210s][info][gc,heap        ] GC(540) DefNew: 44738K(2516544K)->0K(2516544K) Eden: 44738K(2236928K)->0K(2236928K) From: 0K(279616K)->0K(279616K)
[250.211s][info][gc,heap        ] GC(540) Tenured: 1153K(5592448K)->1156K(5592448K)
[250.211s][info][gc,metaspace   ] GC(540) Metaspace: 687K(1152K)->686K(1152K) NonClass: 628K(960K)->627K(960K) Class: 59K(192K)->59K(192K)
[250.211s][info][gc             ] GC(540) Pause Full (System.gc()) 44M->1M(7918M) 10.838ms
[250.211s][info][gc,cpu         ] GC(540) User=0.01s Sys=0.00s Real=0.01s
[250.667s][info][gc,start       ] GC(541) Pause Full (System.gc())
[250.667s][info][gc,phases,start] GC(541) Phase 1: Mark live objects
[250.674s][info][gc,phases      ] GC(541) Phase 1: Mark live objects 7.005ms
[250.674s][info][gc,phases,start] GC(541) Phase 2: Compute new object addresses
[250.675s][info][gc,phases      ] GC(541) Phase 2: Compute new object addresses 0.554ms
[250.675s][info][gc,phases,start] GC(541) Phase 3: Adjust pointers
[250.677s][info][gc,phases      ] GC(541) Phase 3: Adjust pointers 1.772ms
[250.677s][info][gc,phases,start] GC(541) Phase 4: Move objects
[250.677s][info][gc,phases      ] GC(541) Phase 4: Move objects 0.026ms
[250.677s][info][gc,heap        ] GC(541) DefNew: 44738K(2516544K)->0K(2516544K) Eden: 44738K(2236928K)->0K(2236928K) From: 0K(279616K)->0K(279616K)
[250.677s][info][gc,heap        ] GC(541) Tenured: 1156K(5592448K)->1159K(5592448K)
[250.677s][info][gc,metaspace   ] GC(541) Metaspace: 691K(1152K)->639K(1152K) NonClass: 630K(960K)->600K(960K) Class: 61K(192K)->39K(192K)
[250.678s][info][gc             ] GC(541) Pause Full (System.gc()) 44M->1M(7918M) 10.356ms
[250.678s][info][gc,cpu         ] GC(541) User=0.01s Sys=0.00s Real=0.01s
[251.134s][info][gc,start       ] GC(542) Pause Full (System.gc())
[251.134s][info][gc,phases,start] GC(542) Phase 1: Mark live objects
[251.141s][info][gc,phases      ] GC(542) Phase 1: Mark live objects 7.032ms
[251.141s][info][gc,phases,start] GC(542) Phase 2: Compute new object addresses
[251.142s][info][gc,phases      ] GC(542) Phase 2: Compute new object addresses 0.569ms
[251.142s][info][gc,phases,start] GC(542) Phase 3: Adjust pointers
[251.144s][info][gc,phases      ] GC(542) Phase 3: Adjust pointers 1.805ms
[251.144s][info][gc,phases,start] GC(542) Phase 4: Move objects
[251.144s][info][gc,phases      ] GC(542) Phase 4: Move objects 0.033ms
[251.144s][info][gc,heap        ] GC(542) DefNew: 44738K(2516544K)->0K(2516544K) Eden: 44738K(2236928K)->0K(2236928K) From: 0K(279616K)->0K(279616K)
[251.144s][info][gc,heap        ] GC(542) Tenured: 1159K(5592448K)->1162K(5592448K)
[251.144s][info][gc,metaspace   ] GC(542) Metaspace: 644K(1152K)->641K(1152K) NonClass: 603K(960K)->601K(960K) Class: 40K(192K)->39K(192K)
[251.144s][info][gc             ] GC(542) Pause Full (System.gc()) 44M->1M(7918M) 10.283ms
[251.144s][info][gc,cpu         ] GC(542) User=0.01s Sys=0.00s Real=0.01s
[251.600s][info][gc,start       ] GC(543) Pause Full (System.gc())
[251.600s][info][gc,phases,start] GC(543) Phase 1: Mark live objects
[251.605s][info][gc,phases      ] GC(543) Phase 1: Mark live objects 4.842ms
[251.605s][info][gc,phases,start] GC(543) Phase 2: Compute new object addresses
[251.606s][info][gc,phases      ] GC(543) Phase 2: Compute new object addresses 0.312ms
[251.606s][info][gc,phases,start] GC(543) Phase 3: Adjust pointers
[251.607s][info][gc,phases      ] GC(543) Phase 3: Adjust pointers 1.301ms
[251.607s][info][gc,phases,start] GC(543) Phase 4: Move objects
[251.607s][info][gc,phases      ] GC(543) Phase 4: Move objects 0.019ms
[251.607s][info][gc,heap        ] GC(543) DefNew: 44738K(2516544K)->0K(2516544K) Eden: 44738K(2236928K)->0K(2236928K) From: 0K(279616K)->0K(279616K)
[251.607s][info][gc,heap        ] GC(543) Tenured: 1162K(5592448K)->1123K(5592448K)
[251.607s][info][gc,metaspace   ] GC(543) Metaspace: 646K(1152K)->624K(1024K) NonClass: 605K(960K)->588K(832K) Class: 41K(192K)->36K(192K)
[251.607s][info][gc             ] GC(543) Pause Full (System.gc()) 44M->1M(7918M) 7.319ms
[251.607s][info][gc,cpu         ] GC(543) User=0.01s Sys=0.00s Real=0.01s
[252.064s][info][gc,start       ] GC(544) Pause Full (System.gc())
[252.064s][info][gc,phases,start] GC(544) Phase 1: Mark live objects
[252.071s][info][gc,phases      ] GC(544) Phase 1: Mark live objects 6.573ms
[252.071s][info][gc,phases,start] GC(544) Phase 2: Compute new object addresses
[252.071s][info][gc,phases      ] GC(544) Phase 2: Compute new object addresses 0.561ms
[252.071s][info][gc,phases,start] GC(544) Phase 3: Adjust pointers
[252.073s][info][gc,phases      ] GC(544) Phase 3: Adjust pointers 1.977ms
[252.074s][info][gc,phases,start] GC(544) Phase 4: Move objects
[252.074s][info][gc,phases      ] GC(544) Phase 4: Move objects 0.040ms
[252.074s][info][gc,heap        ] GC(544) DefNew: 44738K(2516544K)->0K(2516544K) Eden: 44738K(2236928K)->0K(2236928K) From: 0K(279616K)->0K(279616K)
[252.074s][info][gc,heap        ] GC(544) Tenured: 1123K(5592448K)->1126K(5592448K)
[252.074s][info][gc,metaspace   ] GC(544) Metaspace: 629K(1024K)->626K(1024K) NonClass: 591K(832K)->589K(832K) Class: 37K(192K)->36K(192K)
[252.074s][info][gc             ] GC(544) Pause Full (System.gc()) 44M->1M(7918M) 10.117ms
[252.074s][info][gc,cpu         ] GC(544) User=0.01s Sys=0.00s Real=0.01s
[252.530s][info][gc,start       ] GC(545) Pause Full (System.gc())
[252.530s][info][gc,phases,start] GC(545) Phase 1: Mark live objects
[252.536s][info][gc,phases      ] GC(545) Phase 1: Mark live objects 5.264ms
[252.536s][info][gc,phases,start] GC(545) Phase 2: Compute new object addresses
[252.536s][info][gc,phases      ] GC(545) Phase 2: Compute new object addresses 0.558ms
[252.536s][info][gc,phases,start] GC(545) Phase 3: Adjust pointers
[252.538s][info][gc,phases      ] GC(545) Phase 3: Adjust pointers 1.859ms
[252.538s][info][gc,phases,start] GC(545) Phase 4: Move objects
[252.538s][info][gc,phases      ] GC(545) Phase 4: Move objects 0.038ms
[252.538s][info][gc,heap        ] GC(545) DefNew: 44738K(2516544K)->0K(2516544K) Eden: 44738K(2236928K)->0K(2236928K) From: 0K(279616K)->0K(279616K)
[252.539s][info][gc,heap        ] GC(545) Tenured: 1126K(5592448K)->1129K(5592448K)
[252.539s][info][gc,metaspace   ] GC(545) Metaspace: 631K(1024K)->628K(1024K) NonClass: 592K(832K)->590K(832K) Class: 38K(192K)->37K(192K)
[252.539s][info][gc             ] GC(545) Pause Full (System.gc()) 44M->1M(7918M) 8.583ms
[252.539s][info][gc,cpu         ] GC(545) User=0.01s Sys=0.00s Real=0.01s
[252.995s][info][gc,start       ] GC(546) Pause Full (System.gc())
[252.995s][info][gc,phases,start] GC(546) Phase 1: Mark live objects
[253.002s][info][gc,phases      ] GC(546) Phase 1: Mark live objects 6.338ms
[253.002s][info][gc,phases,start] GC(546) Phase 2: Compute new object addresses
[253.002s][info][gc,phases      ] GC(546) Phase 2: Compute new object addresses 0.802ms
[253.003s][info][gc,phases,start] GC(546) Phase 3: Adjust pointers
[253.005s][info][gc,phases      ] GC(546) Phase 3: Adjust pointers 2.317ms
[253.005s][info][gc,phases,start] GC(546) Phase 4: Move objects
[253.005s][info][gc,phases      ] GC(546) Phase 4: Move objects 0.026ms
[253.005s][info][gc,heap        ] GC(546) DefNew: 44738K(2516544K)->0K(2516544K) Eden: 44738K(2236928K)->0K(2236928K) From: 0K(279616K)->0K(279616K)
[253.005s][info][gc,heap        ] GC(546) Tenured: 1129K(5592448K)->1132K(5592448K)
[253.005s][info][gc,metaspace   ] GC(546) Metaspace: 633K(1024K)->625K(960K) NonClass: 593K(832K)->589K(768K) Class: 39K(192K)->36K(192K)
[253.005s][info][gc             ] GC(546) Pause Full (System.gc()) 44M->1M(7918M) 10.355ms
[253.005s][info][gc,cpu         ] GC(546) User=0.01s Sys=0.00s Real=0.01s
[253.462s][info][gc,start       ] GC(547) Pause Full (System.gc())
[253.463s][info][gc,phases,start] GC(547) Phase 1: Mark live objects
[253.469s][info][gc,phases      ] GC(547) Phase 1: Mark live objects 6.577ms
[253.469s][info][gc,phases,start] GC(547) Phase 2: Compute new object addresses
[253.470s][info][gc,phases      ] GC(547) Phase 2: Compute new object addresses 0.831ms
[253.470s][info][gc,phases,start] GC(547) Phase 3: Adjust pointers
[253.473s][info][gc,phases      ] GC(547) Phase 3: Adjust pointers 2.238ms
[253.473s][info][gc,phases,start] GC(547) Phase 4: Move objects
[253.473s][info][gc,phases      ] GC(547) Phase 4: Move objects 0.037ms
[253.473s][info][gc,heap        ] GC(547) DefNew: 44738K(2516544K)->0K(2516544K) Eden: 44738K(2236928K)->0K(2236928K) From: 0K(279616K)->0K(279616K)
[253.473s][info][gc,heap        ] GC(547) Tenured: 1132K(5592448K)->1124K(5592448K)
[253.473s][info][gc,metaspace   ] GC(547) Metaspace: 630K(960K)->627K(960K) NonClass: 592K(768K)->591K(768K) Class: 37K(192K)->36K(192K)
[253.473s][info][gc             ] GC(547) Pause Full (System.gc()) 44M->1M(7918M) 10.536ms
[253.473s][info][gc,cpu         ] GC(547) User=0.01s Sys=0.00s Real=0.01s
[253.930s][info][gc,start       ] GC(548) Pause Full (System.gc())
[253.930s][info][gc,phases,start] GC(548) Phase 1: Mark live objects
[253.936s][info][gc,phases      ] GC(548) Phase 1: Mark live objects 6.096ms
[253.936s][info][gc,phases,start] GC(548) Phase 2: Compute new object addresses
[253.937s][info][gc,phases      ] GC(548) Phase 2: Compute new object addresses 0.325ms
[253.937s][info][gc,phases,start] GC(548) Phase 3: Adjust pointers
[253.938s][info][gc,phases      ] GC(548) Phase 3: Adjust pointers 1.559ms
[253.938s][info][gc,phases,start] GC(548) Phase 4: Move objects
[253.938s][info][gc,phases      ] GC(548) Phase 4: Move objects 0.032ms
[253.939s][info][gc,heap        ] GC(548) DefNew: 44738K(2516544K)->0K(2516544K) Eden: 44738K(2236928K)->0K(2236928K) From: 0K(279616K)->0K(279616K)
[253.939s][info][gc,heap        ] GC(548) Tenured: 1124K(5592448K)->1127K(5592448K)
[253.939s][info][gc,metaspace   ] GC(548) Metaspace: 632K(960K)->631K(960K) NonClass: 594K(768K)->593K(768K) Class: 38K(192K)->37K(192K)
[253.939s][info][gc             ] GC(548) Pause Full (System.gc()) 44M->1M(7918M) 8.680ms
[253.939s][info][gc,cpu         ] GC(548) User=0.00s Sys=0.00s Real=0.01s
[254.395s][info][gc,start       ] GC(549) Pause Full (System.gc())
[254.396s][info][gc,phases,start] GC(549) Phase 1: Mark live objects
[254.399s][info][gc,phases      ] GC(549) Phase 1: Mark live objects 3.855ms
[254.400s][info][gc,phases,start] GC(549) Phase 2: Compute new object addresses
[254.400s][info][gc,phases      ] GC(549) Phase 2: Compute new object addresses 0.347ms
[254.400s][info][gc,phases,start] GC(549) Phase 3: Adjust pointers
[254.401s][info][gc,phases      ] GC(549) Phase 3: Adjust pointers 1.092ms
[254.401s][info][gc,phases,start] GC(549) Phase 4: Move objects
[254.401s][info][gc,phases      ] GC(549) Phase 4: Move objects 0.016ms
[254.401s][info][gc,heap        ] GC(549) DefNew: 44738K(2516544K)->0K(2516544K) Eden: 44738K(2236928K)->0K(2236928K) From: 0K(279616K)->0K(279616K)
[254.401s][info][gc,heap        ] GC(549) Tenured: 1127K(5592448K)->1130K(5592448K)
[254.401s][info][gc,metaspace   ] GC(549) Metaspace: 636K(960K)->635K(960K) NonClass: 597K(768K)->596K(768K) Class: 39K(192K)->38K(192K)
[254.401s][info][gc             ] GC(549) Pause Full (System.gc()) 44M->1M(7918M) 5.900ms
[254.401s][info][gc,cpu         ] GC(549) User=0.00s Sys=0.00s Real=0.01s
[254.853s][info][gc,heap,exit   ] Heap
[254.853s][info][gc,heap,exit   ]  def new generation   total 2516544K, used 89477K [0x0000000600000000, 0x00000006aaaa0000, 0x00000006aaaa0000)
[254.854s][info][gc,heap,exit   ]   eden space 2236928K,   4% used [0x0000000600000000, 0x00000006057614f8, 0x0000000688880000)
[254.854s][info][gc,heap,exit   ]   from space 279616K,   0% used [0x0000000688880000, 0x0000000688880000, 0x0000000699990000)
[254.854s][info][gc,heap,exit   ]   to   space 279616K,   0% used [0x0000000699990000, 0x0000000699990000, 0x00000006aaaa0000)
[254.854s][info][gc,heap,exit   ]  tenured generation   total 5592448K, used 1130K [0x00000006aaaa0000, 0x0000000800000000, 0x0000000800000000)
[254.854s][info][gc,heap,exit   ]    the space 5592448K,   0% used [0x00000006aaaa0000, 0x00000006aabba948, 0x00000006aabbaa00, 0x0000000800000000)
[254.854s][info][gc,heap,exit   ]  Metaspace       used 636K, committed 960K, reserved 1114112K
[254.854s][info][gc,heap,exit   ]   class space    used 38K, committed 192K, reserved 1048576K
