[94.581s][info][gc          ] GC(36) Garbage Collection (Proactive) 2332M(28%)->190M(2%)
[97.540s][info][gc,start    ] GC(37) Garbage Collection (Proactive)
[97.540s][info][gc,phases   ] GC(37) Pause Mark Start 0.006ms
[97.565s][info][gc,phases   ] GC(37) Concurrent Mark 24.943ms
[97.565s][info][gc,phases   ] GC(37) Pause Mark End 0.009ms
[97.566s][info][gc,phases   ] GC(37) Concurrent Process Non-Strong References 0.500ms
[97.566s][info][gc,phases   ] GC(37) Concurrent Reset Relocation Set 0.002ms
[97.569s][info][gc,phases   ] GC(37) Concurrent Select Relocation Set 3.030ms
[97.569s][info][gc,phases   ] GC(37) Pause Relocate Start 0.005ms
[97.569s][info][gc,phases   ] GC(37) Concurrent Relocate 0.514ms
[97.569s][info][gc,load     ] GC(37) Load: 2.77/2.99/2.64
[97.569s][info][gc,mmu      ] GC(37) MMU: 2ms/99.2%, 5ms/99.6%, 10ms/99.8%, 20ms/99.9%, 50ms/99.9%, 100ms/100.0%
[97.569s][info][gc,marking  ] GC(37) Mark: 2 stripe(s), 2 proactive flush(es), 1 terminate flush(es), 0 completion(s), 0 continuation(s) 
[97.569s][info][gc,nmethod  ] GC(37) NMethods: 486 registered, 0 unregistered
[97.569s][info][gc,metaspace] GC(37) Metaspace: 0M used, 0M committed, 1032M reserved
[97.569s][info][gc,ref      ] GC(37) Soft: 82 encountered, 0 discovered, 0 enqueued
[97.569s][info][gc,ref      ] GC(37) Weak: 200 encountered, 66 discovered, 0 enqueued
[97.569s][info][gc,ref      ] GC(37) Final: 0 encountered, 0 discovered, 0 enqueued
[97.569s][info][gc,ref      ] GC(37) Phantom: 5 encountered, 3 discovered, 0 enqueued
[97.569s][info][gc,reloc    ] GC(37) Small Pages: 1636 / 3272M, Empty: 3126M, Relocated: 3M, In-Place: 0
[97.569s][info][gc,reloc    ] GC(37) Medium Pages: 0 / 0M, Empty: 0M, Relocated: 0M, In-Place: 0
[97.569s][info][gc,reloc    ] GC(37) Large Pages: 0 / 0M, Empty: 0M, Relocated: 0M, In-Place: 0
[97.570s][info][gc,reloc    ] GC(37) Forwarding Usage: 0M
[97.570s][info][gc,heap     ] GC(37) Min Capacity: 8192M(100%)
[97.570s][info][gc,heap     ] GC(37) Max Capacity: 8192M(100%)
[97.570s][info][gc,heap     ] GC(37) Soft Max Capacity: 8192M(100%)
[97.570s][info][gc,heap     ] GC(37)                Mark Start          Mark End        Relocate Start      Relocate End           High               Low         
[97.570s][info][gc,heap     ] GC(37)  Capacity:     8192M (100%)       8192M (100%)       8192M (100%)       8192M (100%)       8192M (100%)       8192M (100%)   
[97.570s][info][gc,heap     ] GC(37)      Free:     4920M (60%)        4894M (60%)        8012M (98%)        8014M (98%)        8014M (98%)        4890M (60%)    
[97.570s][info][gc,heap     ] GC(37)      Used:     3272M (40%)        3298M (40%)         180M (2%)          178M (2%)         3302M (40%)         178M (2%)     
[97.570s][info][gc,heap     ] GC(37)      Live:         -               132M (2%)          132M (2%)          132M (2%)             -                  -          
[97.570s][info][gc,heap     ] GC(37) Allocated:         -                26M (0%)           34M (0%)           36M (0%)             -                  -          
[97.570s][info][gc,heap     ] GC(37)   Garbage:         -              3139M (38%)          13M (0%)            9M (0%)             -                  -          
[97.570s][info][gc,heap     ] GC(37) Reclaimed:         -                  -              3126M (38%)        3130M (38%)            -                  -          
[97.570s][info][gc          ] GC(37) Garbage Collection (Proactive) 3272M(40%)->178M(2%)
[100.035s][info][gc,stats    ] === Garbage Collection Statistics =======================================================================================================================
[100.035s][info][gc,stats    ]                                                              Last 10s              Last 10m              Last 10h                Total
[100.035s][info][gc,stats    ]                                                              Avg / Max             Avg / Max             Avg / Max             Avg / Max
[100.035s][info][gc,stats    ]   Collector: Garbage Collection Cycle                     33.552 / 42.880       40.701 / 101.538      40.701 / 101.538      40.701 / 101.538     ms
[100.035s][info][gc,stats    ]  Contention: Mark Segment Reset Contention                     0 / 2                 0 / 3                 0 / 3                 0 / 3           ops/s
[100.035s][info][gc,stats    ]  Contention: Mark SeqNum Reset Contention                      0 / 0                 0 / 1                 0 / 1                 0 / 1           ops/s
[100.035s][info][gc,stats    ]    Critical: Allocation Stall                                  0 / 0                 0 / 0                 0 / 0                 0 / 0           ops/s
[100.035s][info][gc,stats    ]    Critical: Allocation Stall                              0.000 / 0.000         0.000 / 0.000         0.000 / 0.000         0.000 / 0.000       ms
[100.035s][info][gc,stats    ]    Critical: GC Locker Stall                                   0 / 0                 0 / 0                 0 / 0                 0 / 0           ops/s
[100.035s][info][gc,stats    ]    Critical: GC Locker Stall                               0.000 / 0.000         0.000 / 0.000         0.000 / 0.000         0.000 / 0.000       ms
[100.035s][info][gc,stats    ]    Critical: Relocation Stall                                  0 / 0                 0 / 0                 0 / 0                 0 / 0           ops/s
[100.035s][info][gc,stats    ]    Critical: Relocation Stall                              0.000 / 0.000         0.000 / 0.000         0.000 / 0.000         0.000 / 0.000       ms
[100.035s][info][gc,stats    ]      Memory: Allocation Rate                                1042 / 1054           1125 / 9228           1125 / 9228           1125 / 9228        MB/s
[100.035s][info][gc,stats    ]      Memory: Out Of Memory                                     0 / 0                 0 / 0                 0 / 0                 0 / 0           ops/s
[100.035s][info][gc,stats    ]      Memory: Page Cache Flush                                  0 / 0                 0 / 0                 0 / 0                 0 / 0           MB/s
[100.035s][info][gc,stats    ]      Memory: Page Cache Hit L1                               521 / 528             494 / 534             494 / 534             494 / 534         ops/s
[100.035s][info][gc,stats    ]      Memory: Page Cache Hit L2                                 0 / 0                 0 / 0                 0 / 0                 0 / 0           ops/s
[100.035s][info][gc,stats    ]      Memory: Page Cache Hit L3                                 0 / 0                28 / 524              28 / 524              28 / 524         ops/s
[100.035s][info][gc,stats    ]      Memory: Page Cache Miss                                   0 / 0                 0 / 1                 0 / 1                 0 / 1           ops/s
[100.035s][info][gc,stats    ]      Memory: Uncommit                                          0 / 0                 0 / 0                 0 / 0                 0 / 0           MB/s
[100.035s][info][gc,stats    ]      Memory: Undo Object Allocation Failed                     0 / 0                 0 / 0                 0 / 0                 0 / 0           ops/s
[100.035s][info][gc,stats    ]      Memory: Undo Object Allocation Succeeded                  0 / 0                 0 / 2                 0 / 2                 0 / 2           ops/s
[100.035s][info][gc,stats    ]      Memory: Undo Page Allocation                              0 / 0                 0 / 1                 0 / 1                 0 / 1           ops/s
[100.035s][info][gc,stats    ]       Phase: Concurrent Mark                              28.800 / 38.069       35.264 / 74.612       35.264 / 74.612       35.264 / 74.612      ms
[100.035s][info][gc,stats    ]       Phase: Concurrent Mark Continue                      0.000 / 0.000         0.000 / 0.000         0.000 / 0.000         0.000 / 0.000       ms
[100.035s][info][gc,stats    ]       Phase: Concurrent Process Non-Strong References      0.495 / 0.517         0.460 / 0.574         0.460 / 0.574         0.460 / 0.574       ms
[100.035s][info][gc,stats    ]       Phase: Concurrent Relocate                           0.569 / 0.708         1.150 / 13.482        1.150 / 13.482        1.150 / 13.482      ms
[100.035s][info][gc,stats    ]       Phase: Concurrent Reset Relocation Set               0.002 / 0.002         0.003 / 0.043         0.003 / 0.043         0.003 / 0.043       ms
[100.035s][info][gc,stats    ]       Phase: Concurrent Select Relocation Set              2.929 / 3.030         3.094 / 12.132        3.094 / 12.132        3.094 / 12.132      ms
[100.035s][info][gc,stats    ]       Phase: Pause Mark End                                0.009 / 0.009         0.009 / 0.017         0.009 / 0.017         0.009 / 0.017       ms
[100.035s][info][gc,stats    ]       Phase: Pause Mark Start                              0.007 / 0.007         0.008 / 0.014         0.008 / 0.014         0.008 / 0.014       ms
[100.035s][info][gc,stats    ]       Phase: Pause Relocate Start                          0.005 / 0.005         0.004 / 0.005         0.004 / 0.005         0.004 / 0.005       ms
[100.035s][info][gc,stats    ]    Subphase: Concurrent Classes Purge                      0.032 / 0.038         0.030 / 0.041         0.030 / 0.041         0.030 / 0.041       ms
[100.035s][info][gc,stats    ]    Subphase: Concurrent Classes Unlink                     0.301 / 0.307         0.285 / 0.318         0.285 / 0.318         0.285 / 0.318       ms
[100.035s][info][gc,stats    ]    Subphase: Concurrent Mark                              27.794 / 37.710       34.276 / 74.133       34.276 / 74.133       34.276 / 74.133      ms
[100.035s][info][gc,stats    ]    Subphase: Concurrent Mark Idle                          1.410 / 1.530         1.377 / 1.553         1.377 / 1.553         1.377 / 1.553       ms
[100.035s][info][gc,stats    ]    Subphase: Concurrent Mark Try Flush                     0.026 / 0.044         0.044 / 0.111         0.044 / 0.111         0.044 / 0.111       ms
[100.035s][info][gc,stats    ]    Subphase: Concurrent Mark Try Terminate                 0.477 / 1.532         0.493 / 1.557         0.493 / 1.557         0.493 / 1.557       ms
[100.035s][info][gc,stats    ]    Subphase: Concurrent References Enqueue                 0.000 / 0.000         0.000 / 0.003         0.000 / 0.003         0.000 / 0.003       ms
[100.035s][info][gc,stats    ]    Subphase: Concurrent References Process                 0.022 / 0.024         0.024 / 0.032         0.024 / 0.032         0.024 / 0.032       ms
[100.035s][info][gc,stats    ]    Subphase: Concurrent Roots ClassLoaderDataGraph         0.028 / 0.066         0.031 / 0.112         0.031 / 0.112         0.031 / 0.112       ms
[100.035s][info][gc,stats    ]    Subphase: Concurrent Roots CodeCache                    0.000 / 0.000         0.000 / 0.000         0.000 / 0.000         0.000 / 0.000       ms
[100.035s][info][gc,stats    ]    Subphase: Concurrent Roots JavaThreads                  0.266 / 0.348         0.274 / 0.394         0.274 / 0.394         0.274 / 0.394       ms
[100.035s][info][gc,stats    ]    Subphase: Concurrent Roots OopStorageSet                0.008 / 0.009         0.007 / 0.014         0.007 / 0.014         0.007 / 0.014       ms
[100.035s][info][gc,stats    ]    Subphase: Concurrent Weak Roots OopStorageSet           0.053 / 0.073         0.052 / 0.090         0.052 / 0.090         0.052 / 0.090       ms
[100.035s][info][gc,stats    ]    Subphase: Pause Mark Try Complete                       0.000 / 0.000         0.000 / 0.000         0.000 / 0.000         0.000 / 0.000       ms
[100.035s][info][gc,stats    ]      System: Java Threads                                     16 / 16               16 / 19               16 / 19               16 / 19          threads
[100.035s][info][gc,stats    ] =========================================================================================================================================================
[100.140s][info][gc,start    ] GC(38) Garbage Collection (Proactive)
[100.140s][info][gc,phases   ] GC(38) Pause Mark Start 0.007ms
[100.176s][info][gc,phases   ] GC(38) Concurrent Mark 35.567ms
[100.176s][info][gc,phases   ] GC(38) Pause Mark End 0.008ms
[100.177s][info][gc,phases   ] GC(38) Concurrent Process Non-Strong References 0.488ms
[100.177s][info][gc,phases   ] GC(38) Concurrent Reset Relocation Set 0.001ms
[100.180s][info][gc,phases   ] GC(38) Concurrent Select Relocation Set 3.216ms
[100.180s][info][gc,phases   ] GC(38) Pause Relocate Start 0.004ms
[100.181s][info][gc,phases   ] GC(38) Concurrent Relocate 1.380ms
[100.182s][info][gc,load     ] GC(38) Load: 2.77/2.99/2.64
[100.182s][info][gc,mmu      ] GC(38) MMU: 2ms/99.2%, 5ms/99.6%, 10ms/99.8%, 20ms/99.9%, 50ms/99.9%, 100ms/100.0%
[100.182s][info][gc,marking  ] GC(38) Mark: 2 stripe(s), 3 proactive flush(es), 1 terminate flush(es), 0 completion(s), 0 continuation(s) 
[100.182s][info][gc,nmethod  ] GC(38) NMethods: 486 registered, 0 unregistered
[100.182s][info][gc,metaspace] GC(38) Metaspace: 0M used, 0M committed, 1032M reserved
[100.182s][info][gc,ref      ] GC(38) Soft: 82 encountered, 0 discovered, 0 enqueued
[100.182s][info][gc,ref      ] GC(38) Weak: 200 encountered, 66 discovered, 0 enqueued
[100.182s][info][gc,ref      ] GC(38) Final: 0 encountered, 0 discovered, 0 enqueued
[100.182s][info][gc,ref      ] GC(38) Phantom: 5 encountered, 3 discovered, 0 enqueued
[100.182s][info][gc,reloc    ] GC(38) Small Pages: 1428 / 2856M, Empty: 2706M, Relocated: 10M, In-Place: 0
[100.182s][info][gc,reloc    ] GC(38) Medium Pages: 0 / 0M, Empty: 0M, Relocated: 0M, In-Place: 0
[100.182s][info][gc,reloc    ] GC(38) Large Pages: 0 / 0M, Empty: 0M, Relocated: 0M, In-Place: 0
[100.182s][info][gc,reloc    ] GC(38) Forwarding Usage: 0M
[100.182s][info][gc,heap     ] GC(38) Min Capacity: 8192M(100%)
[100.182s][info][gc,heap     ] GC(38) Max Capacity: 8192M(100%)
[100.182s][info][gc,heap     ] GC(38) Soft Max Capacity: 8192M(100%)
[100.182s][info][gc,heap     ] GC(38)                Mark Start          Mark End        Relocate Start      Relocate End           High               Low         
[100.182s][info][gc,heap     ] GC(38)  Capacity:     8192M (100%)       8192M (100%)       8192M (100%)       8192M (100%)       8192M (100%)       8192M (100%)   
[100.182s][info][gc,heap     ] GC(38)      Free:     5336M (65%)        5296M (65%)        7994M (98%)        8004M (98%)        8004M (98%)        5294M (65%)    
[100.182s][info][gc,heap     ] GC(38)      Used:     2856M (35%)        2896M (35%)         198M (2%)          188M (2%)         2898M (35%)         188M (2%)     
[100.182s][info][gc,heap     ] GC(38)      Live:         -               132M (2%)          132M (2%)          132M (2%)             -                  -          
[100.182s][info][gc,heap     ] GC(38) Allocated:         -                40M (0%)           48M (1%)           48M (1%)             -                  -          
[100.182s][info][gc,heap     ] GC(38)   Garbage:         -              2723M (33%)          17M (0%)            7M (0%)             -                  -          
[100.182s][info][gc,heap     ] GC(38) Reclaimed:         -                  -              2706M (33%)        2716M (33%)            -                  -          
[100.182s][info][gc          ] GC(38) Garbage Collection (Proactive) 2856M(35%)->188M(2%)
[102.939s][info][gc,start    ] GC(39) Garbage Collection (Proactive)
[102.940s][info][gc,phases   ] GC(39) Pause Mark Start 0.007ms
[102.966s][info][gc,phases   ] GC(39) Concurrent Mark 26.289ms
[102.966s][info][gc,phases   ] GC(39) Pause Mark End 0.009ms
[102.967s][info][gc,phases   ] GC(39) Concurrent Process Non-Strong References 0.552ms
[102.967s][info][gc,phases   ] GC(39) Concurrent Reset Relocation Set 0.003ms
[102.970s][info][gc,phases   ] GC(39) Concurrent Select Relocation Set 3.181ms
[102.970s][info][gc,phases   ] GC(39) Pause Relocate Start 0.005ms
[102.971s][info][gc,phases   ] GC(39) Concurrent Relocate 1.046ms
[102.971s][info][gc,load     ] GC(39) Load: 2.95/3.02/2.65
[102.971s][info][gc,mmu      ] GC(39) MMU: 2ms/99.2%, 5ms/99.6%, 10ms/99.8%, 20ms/99.9%, 50ms/99.9%, 100ms/100.0%
[102.971s][info][gc,marking  ] GC(39) Mark: 2 stripe(s), 2 proactive flush(es), 1 terminate flush(es), 0 completion(s), 0 continuation(s) 
[102.971s][info][gc,nmethod  ] GC(39) NMethods: 486 registered, 0 unregistered
[102.971s][info][gc,metaspace] GC(39) Metaspace: 0M used, 0M committed, 1032M reserved
[102.971s][info][gc,ref      ] GC(39) Soft: 82 encountered, 0 discovered, 0 enqueued
[102.971s][info][gc,ref      ] GC(39) Weak: 200 encountered, 124 discovered, 0 enqueued
[102.971s][info][gc,ref      ] GC(39) Final: 0 encountered, 0 discovered, 0 enqueued
[102.971s][info][gc,ref      ] GC(39) Phantom: 5 encountered, 5 discovered, 0 enqueued
[102.971s][info][gc,reloc    ] GC(39) Small Pages: 1531 / 3062M, Empty: 2906M, Relocated: 6M, In-Place: 0
[102.971s][info][gc,reloc    ] GC(39) Medium Pages: 0 / 0M, Empty: 0M, Relocated: 0M, In-Place: 0
[102.971s][info][gc,reloc    ] GC(39) Large Pages: 0 / 0M, Empty: 0M, Relocated: 0M, In-Place: 0
[102.971s][info][gc,reloc    ] GC(39) Forwarding Usage: 0M
[102.971s][info][gc,heap     ] GC(39) Min Capacity: 8192M(100%)
[102.971s][info][gc,heap     ] GC(39) Max Capacity: 8192M(100%)
[102.971s][info][gc,heap     ] GC(39) Soft Max Capacity: 8192M(100%)
[102.971s][info][gc,heap     ] GC(39)                Mark Start          Mark End        Relocate Start      Relocate End           High               Low         
[102.971s][info][gc,heap     ] GC(39)  Capacity:     8192M (100%)       8192M (100%)       8192M (100%)       8192M (100%)       8192M (100%)       8192M (100%)   
[102.971s][info][gc,heap     ] GC(39)      Free:     5130M (63%)        5102M (62%)        8000M (98%)        8016M (98%)        8016M (98%)        5096M (62%)    
[102.971s][info][gc,heap     ] GC(39)      Used:     3062M (37%)        3090M (38%)         192M (2%)          176M (2%)         3096M (38%)         176M (2%)     
[102.971s][info][gc,heap     ] GC(39)      Live:         -               132M (2%)          132M (2%)          132M (2%)             -                  -          
[102.971s][info][gc,heap     ] GC(39) Allocated:         -                28M (0%)           36M (0%)           36M (0%)             -                  -          
[102.971s][info][gc,heap     ] GC(39)   Garbage:         -              2929M (36%)          23M (0%)            7M (0%)             -                  -          
[102.971s][info][gc,heap     ] GC(39) Reclaimed:         -                  -              2906M (35%)        2922M (36%)            -                  -          
[102.971s][info][gc          ] GC(39) Garbage Collection (Proactive) 3062M(37%)->176M(2%)
[105.341s][info][gc,start    ] GC(40) Garbage Collection (Proactive)
[105.342s][info][gc,phases   ] GC(40) Pause Mark Start 0.007ms
[105.365s][info][gc,phases   ] GC(40) Concurrent Mark 23.541ms
[105.365s][info][gc,phases   ] GC(40) Pause Mark End 0.009ms
[105.366s][info][gc,phases   ] GC(40) Concurrent Process Non-Strong References 0.610ms
[105.366s][info][gc,phases   ] GC(40) Concurrent Reset Relocation Set 0.002ms
[105.369s][info][gc,phases   ] GC(40) Concurrent Select Relocation Set 3.073ms
[105.369s][info][gc,phases   ] GC(40) Pause Relocate Start 0.005ms
[105.371s][info][gc,phases   ] GC(40) Concurrent Relocate 1.252ms
[105.371s][info][gc,load     ] GC(40) Load: 2.95/3.02/2.65
[105.371s][info][gc,mmu      ] GC(40) MMU: 2ms/99.2%, 5ms/99.6%, 10ms/99.8%, 20ms/99.9%, 50ms/99.9%, 100ms/100.0%
[105.371s][info][gc,marking  ] GC(40) Mark: 2 stripe(s), 2 proactive flush(es), 1 terminate flush(es), 0 completion(s), 0 continuation(s) 
[105.371s][info][gc,nmethod  ] GC(40) NMethods: 486 registered, 0 unregistered
[105.371s][info][gc,metaspace] GC(40) Metaspace: 0M used, 0M committed, 1032M reserved
[105.371s][info][gc,ref      ] GC(40) Soft: 82 encountered, 0 discovered, 0 enqueued
[105.371s][info][gc,ref      ] GC(40) Weak: 200 encountered, 155 discovered, 0 enqueued
[105.371s][info][gc,ref      ] GC(40) Final: 0 encountered, 0 discovered, 0 enqueued
[105.371s][info][gc,ref      ] GC(40) Phantom: 5 encountered, 3 discovered, 0 enqueued
[105.371s][info][gc,reloc    ] GC(40) Small Pages: 1323 / 2646M, Empty: 2498M, Relocated: 8M, In-Place: 0
[105.371s][info][gc,reloc    ] GC(40) Medium Pages: 0 / 0M, Empty: 0M, Relocated: 0M, In-Place: 0
[105.371s][info][gc,reloc    ] GC(40) Large Pages: 0 / 0M, Empty: 0M, Relocated: 0M, In-Place: 0
[105.371s][info][gc,reloc    ] GC(40) Forwarding Usage: 0M
[105.371s][info][gc,heap     ] GC(40) Min Capacity: 8192M(100%)
[105.371s][info][gc,heap     ] GC(40) Max Capacity: 8192M(100%)
[105.371s][info][gc,heap     ] GC(40) Soft Max Capacity: 8192M(100%)
[105.371s][info][gc,heap     ] GC(40)                Mark Start          Mark End        Relocate Start      Relocate End           High               Low         
[105.371s][info][gc,heap     ] GC(40)  Capacity:     8192M (100%)       8192M (100%)       8192M (100%)       8192M (100%)       8192M (100%)       8192M (100%)   
[105.371s][info][gc,heap     ] GC(40)      Free:     5546M (68%)        5520M (67%)        8010M (98%)        8018M (98%)        8018M (98%)        5514M (67%)    
[105.371s][info][gc,heap     ] GC(40)      Used:     2646M (32%)        2672M (33%)         182M (2%)          174M (2%)         2678M (33%)         174M (2%)     
[105.371s][info][gc,heap     ] GC(40)      Live:         -               132M (2%)          132M (2%)          132M (2%)             -                  -          
[105.371s][info][gc,heap     ] GC(40) Allocated:         -                26M (0%)           34M (0%)           34M (0%)             -                  -          
[105.371s][info][gc,heap     ] GC(40)   Garbage:         -              2513M (31%)          15M (0%)            7M (0%)             -                  -          
[105.371s][info][gc,heap     ] GC(40) Reclaimed:         -                  -              2498M (30%)        2506M (31%)            -                  -          
[105.371s][info][gc          ] GC(40) Garbage Collection (Proactive) 2646M(32%)->174M(2%)
[107.435s][info][gc,start    ] GC(41) Garbage Collection (Proactive)
[107.435s][info][gc,phases   ] GC(41) Pause Mark Start 0.007ms
[107.475s][info][gc,phases   ] GC(41) Concurrent Mark 39.607ms
[107.475s][info][gc,phases   ] GC(41) Pause Mark End 0.009ms
[107.475s][info][gc,phases   ] GC(41) Concurrent Process Non-Strong References 0.441ms
[107.475s][info][gc,phases   ] GC(41) Concurrent Reset Relocation Set 0.002ms
[107.478s][info][gc,phases   ] GC(41) Concurrent Select Relocation Set 2.750ms
[107.478s][info][gc,phases   ] GC(41) Pause Relocate Start 0.004ms
[107.479s][info][gc,phases   ] GC(41) Concurrent Relocate 0.427ms
[107.479s][info][gc,load     ] GC(41) Load: 3.11/3.06/2.66
[107.479s][info][gc,mmu      ] GC(41) MMU: 2ms/99.2%, 5ms/99.6%, 10ms/99.8%, 20ms/99.9%, 50ms/99.9%, 100ms/100.0%
[107.479s][info][gc,marking  ] GC(41) Mark: 2 stripe(s), 2 proactive flush(es), 1 terminate flush(es), 0 completion(s), 0 continuation(s) 
[107.479s][info][gc,nmethod  ] GC(41) NMethods: 486 registered, 0 unregistered
[107.479s][info][gc,metaspace] GC(41) Metaspace: 0M used, 0M committed, 1032M reserved
[107.479s][info][gc,ref      ] GC(41) Soft: 82 encountered, 0 discovered, 0 enqueued
[107.479s][info][gc,ref      ] GC(41) Weak: 200 encountered, 138 discovered, 0 enqueued
[107.479s][info][gc,ref      ] GC(41) Final: 0 encountered, 0 discovered, 0 enqueued
[107.479s][info][gc,ref      ] GC(41) Phantom: 5 encountered, 3 discovered, 0 enqueued
[107.479s][info][gc,reloc    ] GC(41) Small Pages: 1162 / 2324M, Empty: 2170M, Relocated: 2M, In-Place: 0
[107.479s][info][gc,reloc    ] GC(41) Medium Pages: 0 / 0M, Empty: 0M, Relocated: 0M, In-Place: 0
[107.479s][info][gc,reloc    ] GC(41) Large Pages: 0 / 0M, Empty: 0M, Relocated: 0M, In-Place: 0
[107.479s][info][gc,reloc    ] GC(41) Forwarding Usage: 0M
[107.479s][info][gc,heap     ] GC(41) Min Capacity: 8192M(100%)
[107.479s][info][gc,heap     ] GC(41) Max Capacity: 8192M(100%)
[107.479s][info][gc,heap     ] GC(41) Soft Max Capacity: 8192M(100%)
[107.479s][info][gc,heap     ] GC(41)                Mark Start          Mark End        Relocate Start      Relocate End           High               Low         
[107.479s][info][gc,heap     ] GC(41)  Capacity:     8192M (100%)       8192M (100%)       8192M (100%)       8192M (100%)       8192M (100%)       8192M (100%)   
[107.479s][info][gc,heap     ] GC(41)      Free:     5868M (72%)        5820M (71%)        7982M (97%)        7992M (98%)        7992M (98%)        5820M (71%)    
[107.479s][info][gc,heap     ] GC(41)      Used:     2324M (28%)        2372M (29%)         210M (3%)          200M (2%)         2372M (29%)         200M (2%)     
[107.479s][info][gc,heap     ] GC(41)      Live:         -               132M (2%)          132M (2%)          132M (2%)             -                  -          
[107.479s][info][gc,heap     ] GC(41) Allocated:         -                48M (1%)           56M (1%)           60M (1%)             -                  -          
[107.479s][info][gc,heap     ] GC(41)   Garbage:         -              2191M (27%)          21M (0%)            7M (0%)             -                  -          
[107.479s][info][gc,heap     ] GC(41) Reclaimed:         -                  -              2170M (26%)        2184M (27%)            -                  -          
[107.479s][info][gc          ] GC(41) Garbage Collection (Proactive) 2324M(28%)->200M(2%)
[110.041s][info][gc,stats    ] === Garbage Collection Statistics =======================================================================================================================
[110.041s][info][gc,stats    ]                                                              Last 10s              Last 10m              Last 10h                Total
[110.041s][info][gc,stats    ]                                                              Avg / Max             Avg / Max             Avg / Max             Avg / Max
[110.041s][info][gc,stats    ]   Collector: Garbage Collection Cycle                     36.595 / 44.000       40.310 / 101.538      40.310 / 101.538      40.310 / 101.538     ms
[110.041s][info][gc,stats    ]  Contention: Mark Segment Reset Contention                     0 / 0                 0 / 3                 0 / 3                 0 / 3           ops/s
[110.041s][info][gc,stats    ]  Contention: Mark SeqNum Reset Contention                      0 / 0                 0 / 1                 0 / 1                 0 / 1           ops/s
[110.041s][info][gc,stats    ]    Critical: Allocation Stall                                  0 / 0                 0 / 0                 0 / 0                 0 / 0           ops/s
[110.041s][info][gc,stats    ]    Critical: Allocation Stall                              0.000 / 0.000         0.000 / 0.000         0.000 / 0.000         0.000 / 0.000       ms
[110.041s][info][gc,stats    ]    Critical: GC Locker Stall                                   0 / 0                 0 / 0                 0 / 0                 0 / 0           ops/s
[110.041s][info][gc,stats    ]    Critical: GC Locker Stall                               0.000 / 0.000         0.000 / 0.000         0.000 / 0.000         0.000 / 0.000       ms
[110.041s][info][gc,stats    ]    Critical: Relocation Stall                                  0 / 0                 0 / 0                 0 / 0                 0 / 0           ops/s
[110.041s][info][gc,stats    ]    Critical: Relocation Stall                              0.000 / 0.000         0.000 / 0.000         0.000 / 0.000         0.000 / 0.000       ms
[110.041s][info][gc,stats    ]      Memory: Allocation Rate                                1044 / 1060           1118 / 9228           1118 / 9228           1118 / 9228        MB/s
[110.041s][info][gc,stats    ]      Memory: Out Of Memory                                     0 / 0                 0 / 0                 0 / 0                 0 / 0           ops/s
[110.041s][info][gc,stats    ]      Memory: Page Cache Flush                                  0 / 0                 0 / 0                 0 / 0                 0 / 0           MB/s
[110.041s][info][gc,stats    ]      Memory: Page Cache Hit L1                               524 / 534             497 / 534             497 / 534             497 / 534         ops/s
[110.041s][info][gc,stats    ]      Memory: Page Cache Hit L2                                 0 / 0                 0 / 0                 0 / 0                 0 / 0           ops/s
[110.041s][info][gc,stats    ]      Memory: Page Cache Hit L3                                 0 / 0                26 / 524              26 / 524              26 / 524         ops/s
[110.041s][info][gc,stats    ]      Memory: Page Cache Miss                                   0 / 0                 0 / 1                 0 / 1                 0 / 1           ops/s
[110.041s][info][gc,stats    ]      Memory: Uncommit                                          0 / 0                 0 / 0                 0 / 0                 0 / 0           MB/s
[110.041s][info][gc,stats    ]      Memory: Undo Object Allocation Failed                     0 / 0                 0 / 0                 0 / 0                 0 / 0           ops/s
[110.041s][info][gc,stats    ]      Memory: Undo Object Allocation Succeeded                  0 / 1                 0 / 2                 0 / 2                 0 / 2           ops/s
[110.041s][info][gc,stats    ]      Memory: Undo Page Allocation                              0 / 0                 0 / 1                 0 / 1                 0 / 1           ops/s
[110.041s][info][gc,stats    ]       Phase: Concurrent Mark                              31.251 / 39.607       34.882 / 74.612       34.882 / 74.612       34.882 / 74.612      ms
[110.041s][info][gc,stats    ]       Phase: Concurrent Mark Continue                      0.000 / 0.000         0.000 / 0.000         0.000 / 0.000         0.000 / 0.000       ms
[110.041s][info][gc,stats    ]       Phase: Concurrent Process Non-Strong References      0.523 / 0.610         0.466 / 0.610         0.466 / 0.610         0.466 / 0.610       ms
[110.041s][info][gc,stats    ]       Phase: Concurrent Relocate                           1.026 / 1.380         1.138 / 13.482        1.138 / 13.482        1.138 / 13.482      ms
[110.041s][info][gc,stats    ]       Phase: Concurrent Reset Relocation Set               0.002 / 0.003         0.003 / 0.043         0.003 / 0.043         0.003 / 0.043       ms
[110.041s][info][gc,stats    ]       Phase: Concurrent Select Relocation Set              3.055 / 3.216         3.091 / 12.132        3.091 / 12.132        3.091 / 12.132      ms
[110.041s][info][gc,stats    ]       Phase: Pause Mark End                                0.009 / 0.009         0.009 / 0.017         0.009 / 0.017         0.009 / 0.017       ms
[110.041s][info][gc,stats    ]       Phase: Pause Mark Start                              0.007 / 0.007         0.008 / 0.014         0.008 / 0.014         0.008 / 0.014       ms
[110.041s][info][gc,stats    ]       Phase: Pause Relocate Start                          0.004 / 0.005         0.004 / 0.005         0.004 / 0.005         0.004 / 0.005       ms
[110.041s][info][gc,stats    ]    Subphase: Concurrent Classes Purge                      0.037 / 0.047         0.031 / 0.047         0.031 / 0.047         0.031 / 0.047       ms
[110.041s][info][gc,stats    ]    Subphase: Concurrent Classes Unlink                     0.294 / 0.322         0.286 / 0.322         0.286 / 0.322         0.286 / 0.322       ms
[110.041s][info][gc,stats    ]    Subphase: Concurrent Mark                              30.349 / 39.163       33.902 / 74.133       33.902 / 74.133       33.902 / 74.133      ms
[110.041s][info][gc,stats    ]    Subphase: Concurrent Mark Idle                          1.409 / 1.620         1.380 / 1.620         1.380 / 1.620         1.380 / 1.620       ms
[110.041s][info][gc,stats    ]    Subphase: Concurrent Mark Try Flush                     0.027 / 0.045         0.042 / 0.111         0.042 / 0.111         0.042 / 0.111       ms
[110.041s][info][gc,stats    ]    Subphase: Concurrent Mark Try Terminate                 0.547 / 1.623         0.499 / 1.623         0.499 / 1.623         0.499 / 1.623       ms
[110.041s][info][gc,stats    ]    Subphase: Concurrent References Enqueue                 0.000 / 0.001         0.000 / 0.003         0.000 / 0.003         0.000 / 0.003       ms
[110.041s][info][gc,stats    ]    Subphase: Concurrent References Process                 0.030 / 0.034         0.025 / 0.034         0.025 / 0.034         0.025 / 0.034       ms
[110.042s][info][gc,stats    ]    Subphase: Concurrent Roots ClassLoaderDataGraph         0.031 / 0.070         0.031 / 0.112         0.031 / 0.112         0.031 / 0.112       ms
[110.042s][info][gc,stats    ]    Subphase: Concurrent Roots CodeCache                    0.000 / 0.000         0.000 / 0.000         0.000 / 0.000         0.000 / 0.000       ms
[110.042s][info][gc,stats    ]    Subphase: Concurrent Roots JavaThreads                  0.297 / 0.335         0.276 / 0.394         0.276 / 0.394         0.276 / 0.394       ms
[110.042s][info][gc,stats    ]    Subphase: Concurrent Roots OopStorageSet                0.006 / 0.009         0.007 / 0.014         0.007 / 0.014         0.007 / 0.014       ms
[110.042s][info][gc,stats    ]    Subphase: Concurrent Weak Roots OopStorageSet           0.056 / 0.077         0.053 / 0.090         0.053 / 0.090         0.053 / 0.090       ms
[110.042s][info][gc,stats    ]    Subphase: Pause Mark Try Complete                       0.000 / 0.000         0.000 / 0.000         0.000 / 0.000         0.000 / 0.000       ms
[110.042s][info][gc,stats    ]      System: Java Threads                                     16 / 16               16 / 19               16 / 19               16 / 19          threads
[110.042s][info][gc,stats    ] =========================================================================================================================================================
[110.536s][info][gc,start    ] GC(42) Garbage Collection (Proactive)
[110.537s][info][gc,phases   ] GC(42) Pause Mark Start 0.008ms
[110.565s][info][gc,phases   ] GC(42) Concurrent Mark 28.372ms
[110.565s][info][gc,phases   ] GC(42) Pause Mark End 0.009ms
[110.566s][info][gc,phases   ] GC(42) Concurrent Process Non-Strong References 0.494ms
[110.566s][info][gc,phases   ] GC(42) Concurrent Reset Relocation Set 0.002ms
[110.569s][info][gc,phases   ] GC(42) Concurrent Select Relocation Set 3.103ms
[110.569s][info][gc,phases   ] GC(42) Pause Relocate Start 0.004ms
[110.570s][info][gc,phases   ] GC(42) Concurrent Relocate 1.058ms
[110.570s][info][gc,load     ] GC(42) Load: 3.11/3.06/2.66
[110.570s][info][gc,mmu      ] GC(42) MMU: 2ms/99.2%, 5ms/99.6%, 10ms/99.8%, 20ms/99.9%, 50ms/99.9%, 100ms/100.0%
[110.570s][info][gc,marking  ] GC(42) Mark: 2 stripe(s), 2 proactive flush(es), 1 terminate flush(es), 0 completion(s), 0 continuation(s) 
[110.570s][info][gc,nmethod  ] GC(42) NMethods: 486 registered, 0 unregistered
[110.570s][info][gc,metaspace] GC(42) Metaspace: 0M used, 0M committed, 1032M reserved
[110.570s][info][gc,ref      ] GC(42) Soft: 82 encountered, 0 discovered, 0 enqueued
[110.570s][info][gc,ref      ] GC(42) Weak: 200 encountered, 142 discovered, 0 enqueued
[110.570s][info][gc,ref      ] GC(42) Final: 0 encountered, 0 discovered, 0 enqueued
[110.570s][info][gc,ref      ] GC(42) Phantom: 5 encountered, 3 discovered, 0 enqueued
[110.570s][info][gc,reloc    ] GC(42) Small Pages: 1688 / 3376M, Empty: 3222M, Relocated: 6M, In-Place: 0
[110.570s][info][gc,reloc    ] GC(42) Medium Pages: 0 / 0M, Empty: 0M, Relocated: 0M, In-Place: 0
[110.570s][info][gc,reloc    ] GC(42) Large Pages: 0 / 0M, Empty: 0M, Relocated: 0M, In-Place: 0
[110.570s][info][gc,reloc    ] GC(42) Forwarding Usage: 0M
[110.570s][info][gc,heap     ] GC(42) Min Capacity: 8192M(100%)
[110.570s][info][gc,heap     ] GC(42) Max Capacity: 8192M(100%)
[110.570s][info][gc,heap     ] GC(42) Soft Max Capacity: 8192M(100%)
[110.570s][info][gc,heap     ] GC(42)                Mark Start          Mark End        Relocate Start      Relocate End           High               Low         
[110.570s][info][gc,heap     ] GC(42)  Capacity:     8192M (100%)       8192M (100%)       8192M (100%)       8192M (100%)       8192M (100%)       8192M (100%)   
[110.570s][info][gc,heap     ] GC(42)      Free:     4816M (59%)        4780M (58%)        7988M (98%)        8002M (98%)        8002M (98%)        4780M (58%)    
[110.570s][info][gc,heap     ] GC(42)      Used:     3376M (41%)        3412M (42%)         204M (2%)          190M (2%)         3412M (42%)         190M (2%)     
[110.570s][info][gc,heap     ] GC(42)      Live:         -               132M (2%)          132M (2%)          132M (2%)             -                  -          
[110.570s][info][gc,heap     ] GC(42) Allocated:         -                36M (0%)           50M (1%)           50M (1%)             -                  -          
[110.570s][info][gc,heap     ] GC(42)   Garbage:         -              3243M (40%)          21M (0%)            7M (0%)             -                  -          
[110.570s][info][gc,heap     ] GC(42) Reclaimed:         -                  -              3222M (39%)        3236M (40%)            -                  -          
[110.570s][info][gc          ] GC(42) Garbage Collection (Proactive) 3376M(41%)->190M(2%)
[113.135s][info][gc,start    ] GC(43) Garbage Collection (Proactive)
[113.136s][info][gc,phases   ] GC(43) Pause Mark Start 0.007ms
[113.162s][info][gc,phases   ] GC(43) Concurrent Mark 26.786ms
[113.163s][info][gc,phases   ] GC(43) Pause Mark End 0.008ms
[113.163s][info][gc,phases   ] GC(43) Concurrent Process Non-Strong References 0.438ms
[113.163s][info][gc,phases   ] GC(43) Concurrent Reset Relocation Set 0.002ms
[113.166s][info][gc,phases   ] GC(43) Concurrent Select Relocation Set 2.930ms
[113.166s][info][gc,phases   ] GC(43) Pause Relocate Start 0.004ms
[113.168s][info][gc,phases   ] GC(43) Concurrent Relocate 1.466ms
[113.168s][info][gc,load     ] GC(43) Load: 2.94/3.02/2.65
[113.168s][info][gc,mmu      ] GC(43) MMU: 2ms/99.2%, 5ms/99.6%, 10ms/99.8%, 20ms/99.9%, 50ms/99.9%, 100ms/100.0%
[113.168s][info][gc,marking  ] GC(43) Mark: 2 stripe(s), 2 proactive flush(es), 1 terminate flush(es), 0 completion(s), 0 continuation(s) 
[113.168s][info][gc,nmethod  ] GC(43) NMethods: 486 registered, 0 unregistered
[113.168s][info][gc,metaspace] GC(43) Metaspace: 0M used, 0M committed, 1032M reserved
[113.168s][info][gc,ref      ] GC(43) Soft: 82 encountered, 0 discovered, 0 enqueued
[113.168s][info][gc,ref      ] GC(43) Weak: 200 encountered, 71 discovered, 0 enqueued
[113.168s][info][gc,ref      ] GC(43) Final: 0 encountered, 0 discovered, 0 enqueued
[113.168s][info][gc,ref      ] GC(43) Phantom: 5 encountered, 3 discovered, 0 enqueued
[113.168s][info][gc,reloc    ] GC(43) Small Pages: 1427 / 2854M, Empty: 2706M, Relocated: 8M, In-Place: 0
[113.168s][info][gc,reloc    ] GC(43) Medium Pages: 0 / 0M, Empty: 0M, Relocated: 0M, In-Place: 0
[113.168s][info][gc,reloc    ] GC(43) Large Pages: 0 / 0M, Empty: 0M, Relocated: 0M, In-Place: 0
[113.168s][info][gc,reloc    ] GC(43) Forwarding Usage: 0M
[113.168s][info][gc,heap     ] GC(43) Min Capacity: 8192M(100%)
[113.168s][info][gc,heap     ] GC(43) Max Capacity: 8192M(100%)
[113.168s][info][gc,heap     ] GC(43) Soft Max Capacity: 8192M(100%)
[113.168s][info][gc,heap     ] GC(43)                Mark Start          Mark End        Relocate Start      Relocate End           High               Low         
[113.168s][info][gc,heap     ] GC(43)  Capacity:     8192M (100%)       8192M (100%)       8192M (100%)       8192M (100%)       8192M (100%)       8192M (100%)   
[113.168s][info][gc,heap     ] GC(43)      Free:     5338M (65%)        5304M (65%)        8002M (98%)        8000M (98%)        8002M (98%)        5304M (65%)    
[113.168s][info][gc,heap     ] GC(43)      Used:     2854M (35%)        2888M (35%)         190M (2%)          192M (2%)         2888M (35%)         190M (2%)     
[113.168s][info][gc,heap     ] GC(43)      Live:         -               132M (2%)          132M (2%)          132M (2%)             -                  -          
[113.168s][info][gc,heap     ] GC(43) Allocated:         -                34M (0%)           42M (1%)           50M (1%)             -                  -          
[113.168s][info][gc,heap     ] GC(43)   Garbage:         -              2721M (33%)          15M (0%)            9M (0%)             -                  -          
[113.168s][info][gc,heap     ] GC(43) Reclaimed:         -                  -              2706M (33%)        2712M (33%)            -                  -          
[113.168s][info][gc          ] GC(43) Garbage Collection (Proactive) 2854M(35%)->192M(2%)
[115.336s][info][gc,start    ] GC(44) Garbage Collection (Proactive)
[115.336s][info][gc,phases   ] GC(44) Pause Mark Start 0.005ms
[115.361s][info][gc,phases   ] GC(44) Concurrent Mark 24.883ms
[115.361s][info][gc,phases   ] GC(44) Pause Mark End 0.010ms
[115.362s][info][gc,phases   ] GC(44) Concurrent Process Non-Strong References 0.481ms
[115.362s][info][gc,phases   ] GC(44) Concurrent Reset Relocation Set 0.002ms
[115.365s][info][gc,phases   ] GC(44) Concurrent Select Relocation Set 2.810ms
[115.365s][info][gc,phases   ] GC(44) Pause Relocate Start 0.005ms
[115.366s][info][gc,phases   ] GC(44) Concurrent Relocate 0.982ms
[115.366s][info][gc,load     ] GC(44) Load: 2.94/3.02/2.65
[115.366s][info][gc,mmu      ] GC(44) MMU: 2ms/99.2%, 5ms/99.6%, 10ms/99.8%, 20ms/99.9%, 50ms/99.9%, 100ms/100.0%
[115.366s][info][gc,marking  ] GC(44) Mark: 2 stripe(s), 3 proactive flush(es), 1 terminate flush(es), 0 completion(s), 0 continuation(s) 
[115.366s][info][gc,nmethod  ] GC(44) NMethods: 486 registered, 0 unregistered
[115.366s][info][gc,metaspace] GC(44) Metaspace: 0M used, 0M committed, 1032M reserved
[115.366s][info][gc,ref      ] GC(44) Soft: 82 encountered, 0 discovered, 0 enqueued
[115.366s][info][gc,ref      ] GC(44) Weak: 200 encountered, 156 discovered, 0 enqueued
[115.366s][info][gc,ref      ] GC(44) Final: 0 encountered, 0 discovered, 0 enqueued
[115.366s][info][gc,ref      ] GC(44) Phantom: 5 encountered, 3 discovered, 0 enqueued
[115.366s][info][gc,reloc    ] GC(44) Small Pages: 1223 / 2446M, Empty: 2290M, Relocated: 5M, In-Place: 0
[115.366s][info][gc,reloc    ] GC(44) Medium Pages: 0 / 0M, Empty: 0M, Relocated: 0M, In-Place: 0
[115.366s][info][gc,reloc    ] GC(44) Large Pages: 0 / 0M, Empty: 0M, Relocated: 0M, In-Place: 0
[115.366s][info][gc,reloc    ] GC(44) Forwarding Usage: 0M
[115.366s][info][gc,heap     ] GC(44) Min Capacity: 8192M(100%)
[115.366s][info][gc,heap     ] GC(44) Max Capacity: 8192M(100%)
[115.366s][info][gc,heap     ] GC(44) Soft Max Capacity: 8192M(100%)
[115.366s][info][gc,heap     ] GC(44)                Mark Start          Mark End        Relocate Start      Relocate End           High               Low         
[115.366s][info][gc,heap     ] GC(44)  Capacity:     8192M (100%)       8192M (100%)       8192M (100%)       8192M (100%)       8192M (100%)       8192M (100%)   
[115.366s][info][gc,heap     ] GC(44)      Free:     5746M (70%)        5714M (70%)        8004M (98%)        8018M (98%)        8018M (98%)        5714M (70%)    
[115.366s][info][gc,heap     ] GC(44)      Used:     2446M (30%)        2478M (30%)         188M (2%)          174M (2%)         2478M (30%)         174M (2%)     
[115.366s][info][gc,heap     ] GC(44)      Live:         -               132M (2%)          132M (2%)          132M (2%)             -                  -          
[115.366s][info][gc,heap     ] GC(44) Allocated:         -                32M (0%)           32M (0%)           32M (0%)             -                  -          
[115.366s][info][gc,heap     ] GC(44)   Garbage:         -              2313M (28%)          23M (0%)            9M (0%)             -                  -          
[115.366s][info][gc,heap     ] GC(44) Reclaimed:         -                  -              2290M (28%)        2304M (28%)            -                  -          
[115.366s][info][gc          ] GC(44) Garbage Collection (Proactive) 2446M(30%)->174M(2%)
[117.344s][info][gc,start    ] GC(45) Garbage Collection (Proactive)
[117.344s][info][gc,phases   ] GC(45) Pause Mark Start 0.005ms
[117.380s][info][gc,phases   ] GC(45) Concurrent Mark 36.825ms
[117.381s][info][gc,phases   ] GC(45) Pause Mark End 0.009ms
[117.381s][info][gc,phases   ] GC(45) Concurrent Process Non-Strong References 0.455ms
[117.381s][info][gc,phases   ] GC(45) Concurrent Reset Relocation Set 0.002ms
[117.384s][info][gc,phases   ] GC(45) Concurrent Select Relocation Set 2.774ms
[117.384s][info][gc,phases   ] GC(45) Pause Relocate Start 0.004ms
[117.385s][info][gc,phases   ] GC(45) Concurrent Relocate 1.008ms
[117.385s][info][gc,load     ] GC(45) Load: 3.02/3.04/2.66
[117.385s][info][gc,mmu      ] GC(45) MMU: 2ms/99.2%, 5ms/99.6%, 10ms/99.8%, 20ms/99.9%, 50ms/99.9%, 100ms/100.0%
[117.385s][info][gc,marking  ] GC(45) Mark: 2 stripe(s), 2 proactive flush(es), 1 terminate flush(es), 0 completion(s), 0 continuation(s) 
[117.385s][info][gc,nmethod  ] GC(45) NMethods: 486 registered, 0 unregistered
[117.385s][info][gc,metaspace] GC(45) Metaspace: 0M used, 0M committed, 1032M reserved
[117.385s][info][gc,ref      ] GC(45) Soft: 82 encountered, 0 discovered, 0 enqueued
[117.385s][info][gc,ref      ] GC(45) Weak: 200 encountered, 96 discovered, 0 enqueued
[117.385s][info][gc,ref      ] GC(45) Final: 0 encountered, 0 discovered, 0 enqueued
[117.385s][info][gc,ref      ] GC(45) Phantom: 5 encountered, 3 discovered, 0 enqueued
[117.385s][info][gc,reloc    ] GC(45) Small Pages: 1117 / 2234M, Empty: 2086M, Relocated: 6M, In-Place: 0
[117.385s][info][gc,reloc    ] GC(45) Medium Pages: 0 / 0M, Empty: 0M, Relocated: 0M, In-Place: 0
[117.385s][info][gc,reloc    ] GC(45) Large Pages: 0 / 0M, Empty: 0M, Relocated: 0M, In-Place: 0
[117.385s][info][gc,reloc    ] GC(45) Forwarding Usage: 0M
[117.385s][info][gc,heap     ] GC(45) Min Capacity: 8192M(100%)
[117.385s][info][gc,heap     ] GC(45) Max Capacity: 8192M(100%)
[117.385s][info][gc,heap     ] GC(45) Soft Max Capacity: 8192M(100%)
[117.385s][info][gc,heap     ] GC(45)                Mark Start          Mark End        Relocate Start      Relocate End           High               Low         
[117.385s][info][gc,heap     ] GC(45)  Capacity:     8192M (100%)       8192M (100%)       8192M (100%)       8192M (100%)       8192M (100%)       8192M (100%)   
[117.385s][info][gc,heap     ] GC(45)      Free:     5958M (73%)        5908M (72%)        7994M (98%)        8000M (98%)        8000M (98%)        5908M (72%)    
[117.385s][info][gc,heap     ] GC(45)      Used:     2234M (27%)        2284M (28%)         198M (2%)          192M (2%)         2284M (28%)         192M (2%)     
[117.385s][info][gc,heap     ] GC(45)      Live:         -               132M (2%)          132M (2%)          132M (2%)             -                  -          
[117.385s][info][gc,heap     ] GC(45) Allocated:         -                50M (1%)           50M (1%)           50M (1%)             -                  -          
[117.385s][info][gc,heap     ] GC(45)   Garbage:         -              2101M (26%)          15M (0%)            9M (0%)             -                  -          
[117.385s][info][gc,heap     ] GC(45) Reclaimed:         -                  -              2086M (25%)        2092M (26%)            -                  -          
[117.385s][info][gc          ] GC(45) Garbage Collection (Proactive) 2234M(27%)->192M(2%)
[120.039s][info][gc,stats    ] === Garbage Collection Statistics =======================================================================================================================
[120.039s][info][gc,stats    ]                                                              Last 10s              Last 10m              Last 10h                Total
[120.039s][info][gc,stats    ]                                                              Avg / Max             Avg / Max             Avg / Max             Avg / Max
[120.039s][info][gc,stats    ]   Collector: Garbage Collection Cycle                     34.484 / 41.565       39.804 / 101.538      39.804 / 101.538      39.804 / 101.538     ms
[120.039s][info][gc,stats    ]  Contention: Mark Segment Reset Contention                     0 / 0                 0 / 3                 0 / 3                 0 / 3           ops/s
[120.039s][info][gc,stats    ]  Contention: Mark SeqNum Reset Contention                      0 / 0                 0 / 1                 0 / 1                 0 / 1           ops/s
[120.039s][info][gc,stats    ]    Critical: Allocation Stall                                  0 / 0                 0 / 0                 0 / 0                 0 / 0           ops/s
[120.039s][info][gc,stats    ]    Critical: Allocation Stall                              0.000 / 0.000         0.000 / 0.000         0.000 / 0.000         0.000 / 0.000       ms
[120.039s][info][gc,stats    ]    Critical: GC Locker Stall                                   0 / 0                 0 / 0                 0 / 0                 0 / 0           ops/s
[120.039s][info][gc,stats    ]    Critical: GC Locker Stall                               0.000 / 0.000         0.000 / 0.000         0.000 / 0.000         0.000 / 0.000       ms
[120.039s][info][gc,stats    ]    Critical: Relocation Stall                                  0 / 0                 0 / 0                 0 / 0                 0 / 0           ops/s
[120.039s][info][gc,stats    ]    Critical: Relocation Stall                              0.000 / 0.000         0.000 / 0.000         0.000 / 0.000         0.000 / 0.000       ms
[120.039s][info][gc,stats    ]      Memory: Allocation Rate                                1044 / 1058           1112 / 9228           1112 / 9228           1112 / 9228        MB/s
[120.040s][info][gc,stats    ]      Memory: Out Of Memory                                     0 / 0                 0 / 0                 0 / 0                 0 / 0           ops/s
[120.040s][info][gc,stats    ]      Memory: Page Cache Flush                                  0 / 0                 0 / 0                 0 / 0                 0 / 0           MB/s
[120.040s][info][gc,stats    ]      Memory: Page Cache Hit L1                               524 / 534             499 / 534             499 / 534             499 / 534         ops/s
[120.040s][info][gc,stats    ]      Memory: Page Cache Hit L2                                 0 / 0                 0 / 0                 0 / 0                 0 / 0           ops/s
[120.040s][info][gc,stats    ]      Memory: Page Cache Hit L3                                 0 / 0                23 / 524              23 / 524              23 / 524         ops/s
[120.040s][info][gc,stats    ]      Memory: Page Cache Miss                                   0 / 0                 0 / 1                 0 / 1                 0 / 1           ops/s
[120.040s][info][gc,stats    ]      Memory: Uncommit                                          0 / 0                 0 / 0                 0 / 0                 0 / 0           MB/s
[120.040s][info][gc,stats    ]      Memory: Undo Object Allocation Failed                     0 / 0                 0 / 0                 0 / 0                 0 / 0           ops/s
[120.040s][info][gc,stats    ]      Memory: Undo Object Allocation Succeeded                  0 / 0                 0 / 2                 0 / 2                 0 / 2           ops/s
[120.040s][info][gc,stats    ]      Memory: Undo Page Allocation                              0 / 1                 0 / 1                 0 / 1                 0 / 1           ops/s
[120.040s][info][gc,stats    ]       Phase: Concurrent Mark                              29.217 / 36.825       34.389 / 74.612       34.389 / 74.612       34.389 / 74.612      ms
[120.040s][info][gc,stats    ]       Phase: Concurrent Mark Continue                      0.000 / 0.000         0.000 / 0.000         0.000 / 0.000         0.000 / 0.000       ms
[120.040s][info][gc,stats    ]       Phase: Concurrent Process Non-Strong References      0.467 / 0.494         0.466 / 0.610         0.466 / 0.610         0.466 / 0.610       ms
[120.040s][info][gc,stats    ]       Phase: Concurrent Relocate                           1.129 / 1.466         1.137 / 13.482        1.137 / 13.482        1.137 / 13.482      ms
[120.040s][info][gc,stats    ]       Phase: Concurrent Reset Relocation Set               0.002 / 0.002         0.003 / 0.043         0.003 / 0.043         0.003 / 0.043       ms
[120.040s][info][gc,stats    ]       Phase: Concurrent Select Relocation Set              2.904 / 3.103         3.074 / 12.132        3.074 / 12.132        3.074 / 12.132      ms
[120.040s][info][gc,stats    ]       Phase: Pause Mark End                                0.009 / 0.010         0.009 / 0.017         0.009 / 0.017         0.009 / 0.017       ms
[120.040s][info][gc,stats    ]       Phase: Pause Mark Start                              0.006 / 0.008         0.007 / 0.014         0.007 / 0.014         0.007 / 0.014       ms
[120.040s][info][gc,stats    ]       Phase: Pause Relocate Start                          0.004 / 0.005         0.004 / 0.005         0.004 / 0.005         0.004 / 0.005       ms
[120.040s][info][gc,stats    ]    Subphase: Concurrent Classes Purge                      0.031 / 0.037         0.031 / 0.047         0.031 / 0.047         0.031 / 0.047       ms
[120.040s][info][gc,stats    ]    Subphase: Concurrent Classes Unlink                     0.294 / 0.300         0.287 / 0.322         0.287 / 0.322         0.287 / 0.322       ms
[120.040s][info][gc,stats    ]    Subphase: Concurrent Mark                              28.220 / 36.497       33.408 / 74.133       33.408 / 74.133       33.408 / 74.133      ms
[120.040s][info][gc,stats    ]    Subphase: Concurrent Mark Idle                          1.412 / 1.555         1.384 / 1.620         1.384 / 1.620         1.384 / 1.620       ms
[120.040s][info][gc,stats    ]    Subphase: Concurrent Mark Try Flush                     0.039 / 0.105         0.042 / 0.111         0.042 / 0.111         0.042 / 0.111       ms
[120.040s][info][gc,stats    ]    Subphase: Concurrent Mark Try Terminate                 0.614 / 1.559         0.510 / 1.623         0.510 / 1.623         0.510 / 1.623       ms
[120.040s][info][gc,stats    ]    Subphase: Concurrent References Enqueue                 0.000 / 0.000         0.000 / 0.003         0.000 / 0.003         0.000 / 0.003       ms
[120.040s][info][gc,stats    ]    Subphase: Concurrent References Process                 0.027 / 0.031         0.025 / 0.034         0.025 / 0.034         0.025 / 0.034       ms
[120.040s][info][gc,stats    ]    Subphase: Concurrent Roots ClassLoaderDataGraph         0.026 / 0.065         0.031 / 0.112         0.031 / 0.112         0.031 / 0.112       ms
[120.040s][info][gc,stats    ]    Subphase: Concurrent Roots CodeCache                    0.000 / 0.000         0.000 / 0.000         0.000 / 0.000         0.000 / 0.000       ms
[120.040s][info][gc,stats    ]    Subphase: Concurrent Roots JavaThreads                  0.206 / 0.257         0.270 / 0.394         0.270 / 0.394         0.270 / 0.394       ms
[120.040s][info][gc,stats    ]    Subphase: Concurrent Roots OopStorageSet                0.006 / 0.009         0.007 / 0.014         0.007 / 0.014         0.007 / 0.014       ms
[120.040s][info][gc,stats    ]    Subphase: Concurrent Weak Roots OopStorageSet           0.051 / 0.064         0.052 / 0.090         0.052 / 0.090         0.052 / 0.090       ms
[120.040s][info][gc,stats    ]    Subphase: Pause Mark Try Complete                       0.000 / 0.000         0.000 / 0.000         0.000 / 0.000         0.000 / 0.000       ms
[120.040s][info][gc,stats    ]      System: Java Threads                                     16 / 16               16 / 19               16 / 19               16 / 19          threads
[120.040s][info][gc,stats    ] =========================================================================================================================================================
[120.134s][info][gc,start    ] GC(46) Garbage Collection (Proactive)
[120.134s][info][gc,phases   ] GC(46) Pause Mark Start 0.011ms
[120.159s][info][gc,phases   ] GC(46) Concurrent Mark 25.578ms
[120.160s][info][gc,phases   ] GC(46) Pause Mark End 0.009ms
[120.160s][info][gc,phases   ] GC(46) Concurrent Process Non-Strong References 0.460ms
[120.160s][info][gc,phases   ] GC(46) Concurrent Reset Relocation Set 0.002ms
[120.163s][info][gc,phases   ] GC(46) Concurrent Select Relocation Set 2.926ms
[120.163s][info][gc,phases   ] GC(46) Pause Relocate Start 0.004ms
[120.164s][info][gc,phases   ] GC(46) Concurrent Relocate 0.501ms
[120.164s][info][gc,load     ] GC(46) Load: 3.02/3.04/2.66
[120.164s][info][gc,mmu      ] GC(46) MMU: 2ms/99.2%, 5ms/99.6%, 10ms/99.8%, 20ms/99.9%, 50ms/99.9%, 100ms/100.0%
[120.164s][info][gc,marking  ] GC(46) Mark: 2 stripe(s), 2 proactive flush(es), 1 terminate flush(es), 0 completion(s), 0 continuation(s) 
[120.164s][info][gc,nmethod  ] GC(46) NMethods: 486 registered, 0 unregistered
[120.164s][info][gc,metaspace] GC(46) Metaspace: 0M used, 0M committed, 1032M reserved
[120.164s][info][gc,ref      ] GC(46) Soft: 82 encountered, 0 discovered, 0 enqueued
[120.164s][info][gc,ref      ] GC(46) Weak: 200 encountered, 64 discovered, 0 enqueued
[120.164s][info][gc,ref      ] GC(46) Final: 0 encountered, 0 discovered, 0 enqueued
[120.164s][info][gc,ref      ] GC(46) Phantom: 5 encountered, 3 discovered, 0 enqueued
[120.164s][info][gc,reloc    ] GC(46) Small Pages: 1529 / 3058M, Empty: 2906M, Relocated: 3M, In-Place: 0
[120.164s][info][gc,reloc    ] GC(46) Medium Pages: 0 / 0M, Empty: 0M, Relocated: 0M, In-Place: 0
[120.164s][info][gc,reloc    ] GC(46) Large Pages: 0 / 0M, Empty: 0M, Relocated: 0M, In-Place: 0
[120.164s][info][gc,reloc    ] GC(46) Forwarding Usage: 0M
[120.164s][info][gc,heap     ] GC(46) Min Capacity: 8192M(100%)
[120.164s][info][gc,heap     ] GC(46) Max Capacity: 8192M(100%)
[120.164s][info][gc,heap     ] GC(46) Soft Max Capacity: 8192M(100%)
[120.164s][info][gc,heap     ] GC(46)                Mark Start          Mark End        Relocate Start      Relocate End           High               Low         
[120.164s][info][gc,heap     ] GC(46)  Capacity:     8192M (100%)       8192M (100%)       8192M (100%)       8192M (100%)       8192M (100%)       8192M (100%)   
[120.164s][info][gc,heap     ] GC(46)      Free:     5134M (63%)        5100M (62%)        8006M (98%)        8016M (98%)        8016M (98%)        5100M (62%)    
[120.164s][info][gc,heap     ] GC(46)      Used:     3058M (37%)        3092M (38%)         186M (2%)          176M (2%)         3092M (38%)         176M (2%)     
[120.164s][info][gc,heap     ] GC(46)      Live:         -               132M (2%)          132M (2%)          132M (2%)             -                  -          
[120.164s][info][gc,heap     ] GC(46) Allocated:         -                34M (0%)           34M (0%)           34M (0%)             -                  -          
[120.164s][info][gc,heap     ] GC(46)   Garbage:         -              2925M (36%)          19M (0%)            9M (0%)             -                  -          
[120.164s][info][gc,heap     ] GC(46) Reclaimed:         -                  -              2906M (35%)        2916M (36%)            -                  -          
[120.164s][info][gc          ] GC(46) Garbage Collection (Proactive) 3058M(37%)->176M(2%)
[122.544s][info][gc,start    ] GC(47) Garbage Collection (Proactive)
[122.544s][info][gc,phases   ] GC(47) Pause Mark Start 0.008ms
[122.570s][info][gc,phases   ] GC(47) Concurrent Mark 25.942ms
[122.570s][info][gc,phases   ] GC(47) Pause Mark End 0.009ms
[122.571s][info][gc,phases   ] GC(47) Concurrent Process Non-Strong References 0.448ms
[122.571s][info][gc,phases   ] GC(47) Concurrent Reset Relocation Set 0.001ms
[122.574s][info][gc,phases   ] GC(47) Concurrent Select Relocation Set 2.809ms
[122.574s][info][gc,phases   ] GC(47) Pause Relocate Start 0.004ms
[122.575s][info][gc,phases   ] GC(47) Concurrent Relocate 0.848ms
[122.575s][info][gc,load     ] GC(47) Load: 3.26/3.09/2.68
[122.575s][info][gc,mmu      ] GC(47) MMU: 2ms/99.2%, 5ms/99.6%, 10ms/99.8%, 20ms/99.9%, 50ms/99.9%, 100ms/100.0%
[122.575s][info][gc,marking  ] GC(47) Mark: 2 stripe(s), 2 proactive flush(es), 1 terminate flush(es), 0 completion(s), 0 continuation(s) 
[122.575s][info][gc,nmethod  ] GC(47) NMethods: 488 registered, 0 unregistered
[122.575s][info][gc,metaspace] GC(47) Metaspace: 0M used, 0M committed, 1032M reserved
[122.575s][info][gc,ref      ] GC(47) Soft: 82 encountered, 0 discovered, 0 enqueued
[122.575s][info][gc,ref      ] GC(47) Weak: 200 encountered, 103 discovered, 0 enqueued
[122.575s][info][gc,ref      ] GC(47) Final: 0 encountered, 0 discovered, 0 enqueued
[122.575s][info][gc,ref      ] GC(47) Phantom: 5 encountered, 3 discovered, 0 enqueued
[122.575s][info][gc,reloc    ] GC(47) Small Pages: 1328 / 2656M, Empty: 2488M, Relocated: 5M, In-Place: 0
[122.575s][info][gc,reloc    ] GC(47) Medium Pages: 0 / 0M, Empty: 0M, Relocated: 0M, In-Place: 0
[122.575s][info][gc,reloc    ] GC(47) Large Pages: 0 / 0M, Empty: 0M, Relocated: 0M, In-Place: 0
[122.575s][info][gc,reloc    ] GC(47) Forwarding Usage: 0M
[122.575s][info][gc,heap     ] GC(47) Min Capacity: 8192M(100%)
[122.575s][info][gc,heap     ] GC(47) Max Capacity: 8192M(100%)
[122.575s][info][gc,heap     ] GC(47) Soft Max Capacity: 8192M(100%)
[122.575s][info][gc,heap     ] GC(47)                Mark Start          Mark End        Relocate Start      Relocate End           High               Low         
[122.575s][info][gc,heap     ] GC(47)  Capacity:     8192M (100%)       8192M (100%)       8192M (100%)       8192M (100%)       8192M (100%)       8192M (100%)   
[122.575s][info][gc,heap     ] GC(47)      Free:     5536M (68%)        5502M (67%)        7990M (98%)        8018M (98%)        8018M (98%)        5502M (67%)    
[122.575s][info][gc,heap     ] GC(47)      Used:     2656M (32%)        2690M (33%)         202M (2%)          174M (2%)         2690M (33%)         174M (2%)     
[122.575s][info][gc,heap     ] GC(47)      Live:         -               132M (2%)          132M (2%)          132M (2%)             -                  -          
[122.575s][info][gc,heap     ] GC(47) Allocated:         -                34M (0%)           34M (0%)           34M (0%)             -                  -          
[122.575s][info][gc,heap     ] GC(47)   Garbage:         -              2523M (31%)          35M (0%)            7M (0%)             -                  -          
[122.575s][info][gc,heap     ] GC(47) Reclaimed:         -                  -              2488M (30%)        2516M (31%)            -                  -          
[122.575s][info][gc          ] GC(47) Garbage Collection (Proactive) 2656M(32%)->174M(2%)
[124.633s][info][gc,start    ] GC(48) Garbage Collection (Proactive)
[124.634s][info][gc,phases   ] GC(48) Pause Mark Start 0.007ms
[124.662s][info][gc,phases   ] GC(48) Concurrent Mark 28.080ms
[124.662s][info][gc,phases   ] GC(48) Pause Mark End 0.011ms
[124.663s][info][gc,phases   ] GC(48) Concurrent Process Non-Strong References 0.473ms
[124.663s][info][gc,phases   ] GC(48) Concurrent Reset Relocation Set 0.003ms
[124.665s][info][gc,phases   ] GC(48) Concurrent Select Relocation Set 2.739ms
[124.665s][info][gc,phases   ] GC(48) Pause Relocate Start 0.004ms
[124.666s][info][gc,phases   ] GC(48) Concurrent Relocate 0.960ms
[124.666s][info][gc,load     ] GC(48) Load: 3.26/3.09/2.68
[124.666s][info][gc,mmu      ] GC(48) MMU: 2ms/99.2%, 5ms/99.6%, 10ms/99.8%, 20ms/99.9%, 50ms/99.9%, 100ms/100.0%
[124.666s][info][gc,marking  ] GC(48) Mark: 2 stripe(s), 2 proactive flush(es), 1 terminate flush(es), 0 completion(s), 0 continuation(s) 
[124.666s][info][gc,nmethod  ] GC(48) NMethods: 489 registered, 0 unregistered
[124.666s][info][gc,metaspace] GC(48) Metaspace: 0M used, 0M committed, 1032M reserved
[124.666s][info][gc,ref      ] GC(48) Soft: 82 encountered, 0 discovered, 0 enqueued
[124.666s][info][gc,ref      ] GC(48) Weak: 200 encountered, 27 discovered, 0 enqueued
[124.666s][info][gc,ref      ] GC(48) Final: 0 encountered, 0 discovered, 0 enqueued
[124.666s][info][gc,ref      ] GC(48) Phantom: 5 encountered, 3 discovered, 0 enqueued
[124.666s][info][gc,reloc    ] GC(48) Small Pages: 1163 / 2326M, Empty: 2104M, Relocated: 4M, In-Place: 0
[124.667s][info][gc,reloc    ] GC(48) Medium Pages: 0 / 0M, Empty: 0M, Relocated: 0M, In-Place: 0
[124.667s][info][gc,reloc    ] GC(48) Large Pages: 0 / 0M, Empty: 0M, Relocated: 0M, In-Place: 0
[124.667s][info][gc,reloc    ] GC(48) Forwarding Usage: 0M
[124.667s][info][gc,heap     ] GC(48) Min Capacity: 8192M(100%)
[124.667s][info][gc,heap     ] GC(48) Max Capacity: 8192M(100%)
[124.667s][info][gc,heap     ] GC(48) Soft Max Capacity: 8192M(100%)
[124.667s][info][gc,heap     ] GC(48)                Mark Start          Mark End        Relocate Start      Relocate End           High               Low         
[124.667s][info][gc,heap     ] GC(48)  Capacity:     8192M (100%)       8192M (100%)       8192M (100%)       8192M (100%)       8192M (100%)       8192M (100%)   
[124.667s][info][gc,heap     ] GC(48)      Free:     5866M (72%)        5832M (71%)        7936M (97%)        8010M (98%)        8014M (98%)        5832M (71%)    
[124.667s][info][gc,heap     ] GC(48)      Used:     2326M (28%)        2360M (29%)         256M (3%)          182M (2%)         2360M (29%)         178M (2%)     
[124.667s][info][gc,heap     ] GC(48)      Live:         -               132M (2%)          132M (2%)          132M (2%)             -                  -          
[124.667s][info][gc,heap     ] GC(48) Allocated:         -                34M (0%)           34M (0%)           42M (1%)             -                  -          
[124.667s][info][gc,heap     ] GC(48)   Garbage:         -              2193M (27%)          89M (1%)            7M (0%)             -                  -          
[124.667s][info][gc,heap     ] GC(48) Reclaimed:         -                  -              2104M (26%)        2186M (27%)            -                  -          
[124.667s][info][gc          ] GC(48) Garbage Collection (Proactive) 2326M(28%)->182M(2%)
[126.543s][info][gc,start    ] GC(49) Garbage Collection (Proactive)
[126.543s][info][gc,phases   ] GC(49) Pause Mark Start 0.008ms
[126.569s][info][gc,phases   ] GC(49) Concurrent Mark 25.895ms
[126.569s][info][gc,phases   ] GC(49) Pause Mark End 0.009ms
[126.570s][info][gc,phases   ] GC(49) Concurrent Process Non-Strong References 0.474ms
[126.570s][info][gc,phases   ] GC(49) Concurrent Reset Relocation Set 0.006ms
[126.573s][info][gc,phases   ] GC(49) Concurrent Select Relocation Set 2.892ms
[126.573s][info][gc,phases   ] GC(49) Pause Relocate Start 0.004ms
[126.574s][info][gc,phases   ] GC(49) Concurrent Relocate 0.707ms
[126.574s][info][gc,load     ] GC(49) Load: 3.08/3.05/2.67
[126.574s][info][gc,mmu      ] GC(49) MMU: 2ms/99.2%, 5ms/99.6%, 10ms/99.8%, 20ms/99.9%, 50ms/99.9%, 100ms/100.0%
[126.574s][info][gc,marking  ] GC(49) Mark: 2 stripe(s), 2 proactive flush(es), 1 terminate flush(es), 0 completion(s), 0 continuation(s) 
[126.574s][info][gc,nmethod  ] GC(49) NMethods: 489 registered, 0 unregistered
[126.574s][info][gc,metaspace] GC(49) Metaspace: 0M used, 0M committed, 1032M reserved
[126.574s][info][gc,ref      ] GC(49) Soft: 82 encountered, 0 discovered, 0 enqueued
[126.574s][info][gc,ref      ] GC(49) Weak: 200 encountered, 70 discovered, 0 enqueued
[126.574s][info][gc,ref      ] GC(49) Final: 0 encountered, 0 discovered, 0 enqueued
[126.574s][info][gc,ref      ] GC(49) Phantom: 5 encountered, 3 discovered, 0 enqueued
[126.574s][info][gc,reloc    ] GC(49) Small Pages: 1067 / 2134M, Empty: 1984M, Relocated: 4M, In-Place: 0
[126.574s][info][gc,reloc    ] GC(49) Medium Pages: 0 / 0M, Empty: 0M, Relocated: 0M, In-Place: 0
[126.574s][info][gc,reloc    ] GC(49) Large Pages: 0 / 0M, Empty: 0M, Relocated: 0M, In-Place: 0
[126.574s][info][gc,reloc    ] GC(49) Forwarding Usage: 0M
[126.574s][info][gc,heap     ] GC(49) Min Capacity: 8192M(100%)
[126.574s][info][gc,heap     ] GC(49) Max Capacity: 8192M(100%)
[126.574s][info][gc,heap     ] GC(49) Soft Max Capacity: 8192M(100%)
[126.574s][info][gc,heap     ] GC(49)                Mark Start          Mark End        Relocate Start      Relocate End           High               Low         
[126.574s][info][gc,heap     ] GC(49)  Capacity:     8192M (100%)       8192M (100%)       8192M (100%)       8192M (100%)       8192M (100%)       8192M (100%)   
[126.574s][info][gc,heap     ] GC(49)      Free:     6058M (74%)        6024M (74%)        8008M (98%)        8012M (98%)        8012M (98%)        6024M (74%)    
[126.574s][info][gc,heap     ] GC(49)      Used:     2134M (26%)        2168M (26%)         184M (2%)          180M (2%)         2168M (26%)         180M (2%)     
[126.574s][info][gc,heap     ] GC(49)      Live:         -               132M (2%)          132M (2%)          132M (2%)             -                  -          
[126.574s][info][gc,heap     ] GC(49) Allocated:         -                34M (0%)           34M (0%)           36M (0%)             -                  -          
[126.574s][info][gc,heap     ] GC(49)   Garbage:         -              2001M (24%)          17M (0%)           11M (0%)             -                  -          
[126.574s][info][gc,heap     ] GC(49) Reclaimed:         -                  -              1984M (24%)        1990M (24%)            -                  -          
[126.574s][info][gc          ] GC(49) Garbage Collection (Proactive) 2134M(26%)->180M(2%)
[128.336s][info][gc,start    ] GC(50) Garbage Collection (Proactive)
[128.336s][info][gc,phases   ] GC(50) Pause Mark Start 0.005ms
[128.373s][info][gc,phases   ] GC(50) Concurrent Mark 36.709ms
[128.373s][info][gc,phases   ] GC(50) Pause Mark End 0.009ms
[128.373s][info][gc,phases   ] GC(50) Concurrent Process Non-Strong References 0.438ms
[128.373s][info][gc,phases   ] GC(50) Concurrent Reset Relocation Set 0.001ms
[128.376s][info][gc,phases   ] GC(50) Concurrent Select Relocation Set 2.749ms
[128.376s][info][gc,phases   ] GC(50) Pause Relocate Start 0.004ms
[128.377s][info][gc,phases   ] GC(50) Concurrent Relocate 1.145ms
[128.377s][info][gc,load     ] GC(50) Load: 3.08/3.05/2.67
[128.377s][info][gc,mmu      ] GC(50) MMU: 2ms/99.2%, 5ms/99.6%, 10ms/99.8%, 20ms/99.9%, 50ms/99.9%, 100ms/100.0%
[128.377s][info][gc,marking  ] GC(50) Mark: 2 stripe(s), 2 proactive flush(es), 1 terminate flush(es), 0 completion(s), 0 continuation(s) 
[128.377s][info][gc,nmethod  ] GC(50) NMethods: 489 registered, 0 unregistered
[128.377s][info][gc,metaspace] GC(50) Metaspace: 0M used, 0M committed, 1032M reserved
[128.377s][info][gc,ref      ] GC(50) Soft: 82 encountered, 0 discovered, 0 enqueued
[128.377s][info][gc,ref      ] GC(50) Weak: 200 encountered, 73 discovered, 0 enqueued
[128.377s][info][gc,ref      ] GC(50) Final: 0 encountered, 0 discovered, 0 enqueued
[128.378s][info][gc,ref      ] GC(50) Phantom: 5 encountered, 3 discovered, 0 enqueued
[128.378s][info][gc,reloc    ] GC(50) Small Pages: 1008 / 2016M, Empty: 1864M, Relocated: 6M, In-Place: 0
[128.378s][info][gc,reloc    ] GC(50) Medium Pages: 0 / 0M, Empty: 0M, Relocated: 0M, In-Place: 0
[128.378s][info][gc,reloc    ] GC(50) Large Pages: 0 / 0M, Empty: 0M, Relocated: 0M, In-Place: 0
[128.378s][info][gc,reloc    ] GC(50) Forwarding Usage: 0M
[128.378s][info][gc,heap     ] GC(50) Min Capacity: 8192M(100%)
[128.378s][info][gc,heap     ] GC(50) Max Capacity: 8192M(100%)
[128.378s][info][gc,heap     ] GC(50) Soft Max Capacity: 8192M(100%)
[128.378s][info][gc,heap     ] GC(50)                Mark Start          Mark End        Relocate Start      Relocate End           High               Low         
[128.378s][info][gc,heap     ] GC(50)  Capacity:     8192M (100%)       8192M (100%)       8192M (100%)       8192M (100%)       8192M (100%)       8192M (100%)   
[128.378s][info][gc,heap     ] GC(50)      Free:     6176M (75%)        6132M (75%)        7988M (98%)        7994M (98%)        7994M (98%)        6132M (75%)    
[128.378s][info][gc,heap     ] GC(50)      Used:     2016M (25%)        2060M (25%)         204M (2%)          198M (2%)         2060M (25%)         198M (2%)     
[128.378s][info][gc,heap     ] GC(50)      Live:         -               132M (2%)          132M (2%)          132M (2%)             -                  -          
[128.378s][info][gc,heap     ] GC(50) Allocated:         -                44M (1%)           52M (1%)           56M (1%)             -                  -          
[128.378s][info][gc,heap     ] GC(50)   Garbage:         -              1883M (23%)          19M (0%)            9M (0%)             -                  -          
[128.378s][info][gc,heap     ] GC(50) Reclaimed:         -                  -              1864M (23%)        1874M (23%)            -                  -          
[128.378s][info][gc          ] GC(50) Garbage Collection (Proactive) 2016M(25%)->198M(2%)
[130.035s][info][gc,stats    ] === Garbage Collection Statistics =======================================================================================================================
[130.035s][info][gc,stats    ]                                                              Last 10s              Last 10m              Last 10h                Total
[130.035s][info][gc,stats    ]                                                              Avg / Max             Avg / Max             Avg / Max             Avg / Max
[130.035s][info][gc,stats    ]   Collector: Garbage Collection Cycle                     33.243 / 41.793       39.160 / 101.538      39.160 / 101.538      39.160 / 101.538     ms
[130.035s][info][gc,stats    ]  Contention: Mark Segment Reset Contention                     0 / 1                 0 / 3                 0 / 3                 0 / 3           ops/s
[130.035s][info][gc,stats    ]  Contention: Mark SeqNum Reset Contention                      0 / 0                 0 / 1                 0 / 1                 0 / 1           ops/s
[130.035s][info][gc,stats    ]    Critical: Allocation Stall                                  0 / 0                 0 / 0                 0 / 0                 0 / 0           ops/s
[130.035s][info][gc,stats    ]    Critical: Allocation Stall                              0.000 / 0.000         0.000 / 0.000         0.000 / 0.000         0.000 / 0.000       ms
[130.035s][info][gc,stats    ]    Critical: GC Locker Stall                                   0 / 0                 0 / 0                 0 / 0                 0 / 0           ops/s
[130.035s][info][gc,stats    ]    Critical: GC Locker Stall                               0.000 / 0.000         0.000 / 0.000         0.000 / 0.000         0.000 / 0.000       ms
[130.035s][info][gc,stats    ]    Critical: Relocation Stall                                  0 / 0                 0 / 0                 0 / 0                 0 / 0           ops/s
[130.035s][info][gc,stats    ]    Critical: Relocation Stall                              0.000 / 0.000         0.000 / 0.000         0.000 / 0.000         0.000 / 0.000       ms
[130.035s][info][gc,stats    ]      Memory: Allocation Rate                                1044 / 1056           1107 / 9228           1107 / 9228           1107 / 9228        MB/s
[130.035s][info][gc,stats    ]      Memory: Out Of Memory                                     0 / 0                 0 / 0                 0 / 0                 0 / 0           ops/s
[130.035s][info][gc,stats    ]      Memory: Page Cache Flush                                  0 / 0                 0 / 0                 0 / 0                 0 / 0           MB/s
[130.035s][info][gc,stats    ]      Memory: Page Cache Hit L1                               523 / 528             501 / 534             501 / 534             501 / 534         ops/s
[130.035s][info][gc,stats    ]      Memory: Page Cache Hit L2                                 0 / 0                 0 / 0                 0 / 0                 0 / 0           ops/s
[130.035s][info][gc,stats    ]      Memory: Page Cache Hit L3                                 0 / 0                22 / 524              22 / 524              22 / 524         ops/s
[130.035s][info][gc,stats    ]      Memory: Page Cache Miss                                   0 / 0                 0 / 1                 0 / 1                 0 / 1           ops/s
[130.035s][info][gc,stats    ]      Memory: Uncommit                                          0 / 0                 0 / 0                 0 / 0                 0 / 0           MB/s
[130.035s][info][gc,stats    ]      Memory: Undo Object Allocation Failed                     0 / 0                 0 / 0                 0 / 0                 0 / 0           ops/s
[130.035s][info][gc,stats    ]      Memory: Undo Object Allocation Succeeded                  0 / 3                 0 / 3                 0 / 3                 0 / 3           ops/s
[130.035s][info][gc,stats    ]      Memory: Undo Page Allocation                              0 / 1                 0 / 1                 0 / 1                 0 / 1           ops/s
[130.035s][info][gc,stats    ]       Phase: Concurrent Mark                              28.441 / 36.709       33.806 / 74.612       33.806 / 74.612       33.806 / 74.612      ms
[130.035s][info][gc,stats    ]       Phase: Concurrent Mark Continue                      0.000 / 0.000         0.000 / 0.000         0.000 / 0.000         0.000 / 0.000       ms
[130.035s][info][gc,stats    ]       Phase: Concurrent Process Non-Strong References      0.458 / 0.474         0.465 / 0.610         0.465 / 0.610         0.465 / 0.610       ms
[130.035s][info][gc,stats    ]       Phase: Concurrent Relocate                           0.832 / 1.145         1.107 / 13.482        1.107 / 13.482        1.107 / 13.482      ms
[130.035s][info][gc,stats    ]       Phase: Concurrent Reset Relocation Set               0.003 / 0.006         0.003 / 0.043         0.003 / 0.043         0.003 / 0.043       ms
[130.035s][info][gc,stats    ]       Phase: Concurrent Select Relocation Set              2.823 / 2.926         3.050 / 12.132        3.050 / 12.132        3.050 / 12.132      ms
[130.035s][info][gc,stats    ]       Phase: Pause Mark End                                0.009 / 0.011         0.009 / 0.017         0.009 / 0.017         0.009 / 0.017       ms
[130.035s][info][gc,stats    ]       Phase: Pause Mark Start                              0.008 / 0.011         0.008 / 0.014         0.008 / 0.014         0.008 / 0.014       ms
[130.035s][info][gc,stats    ]       Phase: Pause Relocate Start                          0.004 / 0.004         0.004 / 0.005         0.004 / 0.005         0.004 / 0.005       ms
[130.035s][info][gc,stats    ]    Subphase: Concurrent Classes Purge                      0.029 / 0.031         0.031 / 0.047         0.031 / 0.047         0.031 / 0.047       ms
[130.035s][info][gc,stats    ]    Subphase: Concurrent Classes Unlink                     0.293 / 0.303         0.287 / 0.322         0.287 / 0.322         0.287 / 0.322       ms
[130.035s][info][gc,stats    ]    Subphase: Concurrent Mark                              27.435 / 36.449       32.823 / 74.133       32.823 / 74.133       32.823 / 74.133      ms
[130.036s][info][gc,stats    ]    Subphase: Concurrent Mark Idle                          1.405 / 1.538         1.386 / 1.620         1.386 / 1.620         1.386 / 1.620       ms
[130.036s][info][gc,stats    ]    Subphase: Concurrent Mark Try Flush                     0.036 / 0.071         0.041 / 0.111         0.041 / 0.111         0.041 / 0.111       ms
[130.036s][info][gc,stats    ]    Subphase: Concurrent Mark Try Terminate                 0.478 / 1.540         0.507 / 1.623         0.507 / 1.623         0.507 / 1.623       ms
[130.036s][info][gc,stats    ]    Subphase: Concurrent References Enqueue                 0.000 / 0.000         0.000 / 0.003         0.000 / 0.003         0.000 / 0.003       ms
[130.036s][info][gc,stats    ]    Subphase: Concurrent References Process                 0.022 / 0.025         0.024 / 0.034         0.024 / 0.034         0.024 / 0.034       ms
[130.036s][info][gc,stats    ]    Subphase: Concurrent Roots ClassLoaderDataGraph         0.031 / 0.069         0.031 / 0.112         0.031 / 0.112         0.031 / 0.112       ms
[130.036s][info][gc,stats    ]    Subphase: Concurrent Roots CodeCache                    0.000 / 0.000         0.000 / 0.000         0.000 / 0.000         0.000 / 0.000       ms
[130.036s][info][gc,stats    ]    Subphase: Concurrent Roots JavaThreads                  0.272 / 0.333         0.270 / 0.394         0.270 / 0.394         0.270 / 0.394       ms
[130.036s][info][gc,stats    ]    Subphase: Concurrent Roots OopStorageSet                0.008 / 0.010         0.007 / 0.014         0.007 / 0.014         0.007 / 0.014       ms
[130.036s][info][gc,stats    ]    Subphase: Concurrent Weak Roots OopStorageSet           0.054 / 0.075         0.053 / 0.090         0.053 / 0.090         0.053 / 0.090       ms
[130.036s][info][gc,stats    ]    Subphase: Pause Mark Try Complete                       0.000 / 0.000         0.000 / 0.000         0.000 / 0.000         0.000 / 0.000       ms
[130.036s][info][gc,stats    ]      System: Java Threads                                     16 / 16               16 / 19               16 / 19               16 / 19          threads
[130.036s][info][gc,stats    ] =========================================================================================================================================================
[131.142s][info][gc,start    ] GC(51) Garbage Collection (Proactive)
[131.143s][info][gc,phases   ] GC(51) Pause Mark Start 0.027ms
[131.181s][info][gc,phases   ] GC(51) Concurrent Mark 38.642ms
[131.181s][info][gc,phases   ] GC(51) Pause Mark End 0.009ms
[131.182s][info][gc,phases   ] GC(51) Concurrent Process Non-Strong References 0.475ms
[131.182s][info][gc,phases   ] GC(51) Concurrent Reset Relocation Set 0.002ms
[131.185s][info][gc,phases   ] GC(51) Concurrent Select Relocation Set 2.941ms
[131.185s][info][gc,phases   ] GC(51) Pause Relocate Start 0.005ms
[131.186s][info][gc,phases   ] GC(51) Concurrent Relocate 1.246ms
[131.186s][info][gc,load     ] GC(51) Load: 3.08/3.05/2.67
[131.186s][info][gc,mmu      ] GC(51) MMU: 2ms/98.7%, 5ms/99.5%, 10ms/99.7%, 20ms/99.9%, 50ms/99.9%, 100ms/100.0%
[131.186s][info][gc,marking  ] GC(51) Mark: 2 stripe(s), 2 proactive flush(es), 1 terminate flush(es), 0 completion(s), 0 continuation(s) 
[131.186s][info][gc,nmethod  ] GC(51) NMethods: 489 registered, 0 unregistered
[131.186s][info][gc,metaspace] GC(51) Metaspace: 0M used, 0M committed, 1032M reserved
[131.186s][info][gc,ref      ] GC(51) Soft: 82 encountered, 0 discovered, 0 enqueued
[131.186s][info][gc,ref      ] GC(51) Weak: 200 encountered, 93 discovered, 0 enqueued
[131.186s][info][gc,ref      ] GC(51) Final: 0 encountered, 0 discovered, 0 enqueued
[131.186s][info][gc,ref      ] GC(51) Phantom: 5 encountered, 3 discovered, 0 enqueued
[131.186s][info][gc,reloc    ] GC(51) Small Pages: 1538 / 3076M, Empty: 2926M, Relocated: 8M, In-Place: 0
[131.186s][info][gc,reloc    ] GC(51) Medium Pages: 0 / 0M, Empty: 0M, Relocated: 0M, In-Place: 0
[131.186s][info][gc,reloc    ] GC(51) Large Pages: 0 / 0M, Empty: 0M, Relocated: 0M, In-Place: 0
[131.186s][info][gc,reloc    ] GC(51) Forwarding Usage: 0M
[131.187s][info][gc,heap     ] GC(51) Min Capacity: 8192M(100%)
[131.187s][info][gc,heap     ] GC(51) Max Capacity: 8192M(100%)
[131.187s][info][gc,heap     ] GC(51) Soft Max Capacity: 8192M(100%)
[131.187s][info][gc,heap     ] GC(51)                Mark Start          Mark End        Relocate Start      Relocate End           High               Low         
[131.187s][info][gc,heap     ] GC(51)  Capacity:     8192M (100%)       8192M (100%)       8192M (100%)       8192M (100%)       8192M (100%)       8192M (100%)   
[131.187s][info][gc,heap     ] GC(51)      Free:     5116M (62%)        5066M (62%)        7992M (98%)        7998M (98%)        7998M (98%)        5066M (62%)    
[131.187s][info][gc,heap     ] GC(51)      Used:     3076M (38%)        3126M (38%)         200M (2%)          194M (2%)         3126M (38%)         194M (2%)     
[131.187s][info][gc,heap     ] GC(51)      Live:         -               132M (2%)          132M (2%)          132M (2%)             -                  -          
[131.187s][info][gc,heap     ] GC(51) Allocated:         -                50M (1%)           50M (1%)           52M (1%)             -                  -          
[131.187s][info][gc,heap     ] GC(51)   Garbage:         -              2943M (36%)          17M (0%)            9M (0%)             -                  -          
[131.187s][info][gc,heap     ] GC(51) Reclaimed:         -                  -              2926M (36%)        2934M (36%)            -                  -          
[131.187s][info][gc          ] GC(51) Garbage Collection (Proactive) 3076M(38%)->194M(2%)
[133.938s][info][gc,start    ] GC(52) Garbage Collection (Proactive)
[133.938s][info][gc,phases   ] GC(52) Pause Mark Start 0.005ms
[133.961s][info][gc,phases   ] GC(52) Concurrent Mark 22.574ms
[133.961s][info][gc,phases   ] GC(52) Pause Mark End 0.009ms
[133.962s][info][gc,phases   ] GC(52) Concurrent Process Non-Strong References 0.424ms
[133.962s][info][gc,phases   ] GC(52) Concurrent Reset Relocation Set 0.001ms
[133.965s][info][gc,phases   ] GC(52) Concurrent Select Relocation Set 3.182ms
[133.965s][info][gc,phases   ] GC(52) Pause Relocate Start 0.005ms
[133.966s][info][gc,phases   ] GC(52) Concurrent Relocate 1.355ms
[133.966s][info][gc,load     ] GC(52) Load: 2.83/3.00/2.65
[133.966s][info][gc,mmu      ] GC(52) MMU: 2ms/98.7%, 5ms/99.5%, 10ms/99.7%, 20ms/99.9%, 50ms/99.9%, 100ms/100.0%
[133.966s][info][gc,marking  ] GC(52) Mark: 2 stripe(s), 2 proactive flush(es), 1 terminate flush(es), 0 completion(s), 0 continuation(s) 
[133.966s][info][gc,nmethod  ] GC(52) NMethods: 489 registered, 0 unregistered
[133.966s][info][gc,metaspace] GC(52) Metaspace: 0M used, 0M committed, 1032M reserved
[133.966s][info][gc,ref      ] GC(52) Soft: 82 encountered, 0 discovered, 0 enqueued
[133.966s][info][gc,ref      ] GC(52) Weak: 200 encountered, 82 discovered, 0 enqueued
[133.966s][info][gc,ref      ] GC(52) Final: 0 encountered, 0 discovered, 0 enqueued
[133.966s][info][gc,ref      ] GC(52) Phantom: 5 encountered, 3 discovered, 0 enqueued
[133.966s][info][gc,reloc    ] GC(52) Small Pages: 1533 / 3066M, Empty: 2916M, Relocated: 8M, In-Place: 0
[133.966s][info][gc,reloc    ] GC(52) Medium Pages: 0 / 0M, Empty: 0M, Relocated: 0M, In-Place: 0
[133.966s][info][gc,reloc    ] GC(52) Large Pages: 0 / 0M, Empty: 0M, Relocated: 0M, In-Place: 0
[133.966s][info][gc,reloc    ] GC(52) Forwarding Usage: 0M
[133.967s][info][gc,heap     ] GC(52) Min Capacity: 8192M(100%)
[133.967s][info][gc,heap     ] GC(52) Max Capacity: 8192M(100%)
[133.967s][info][gc,heap     ] GC(52) Soft Max Capacity: 8192M(100%)
[133.967s][info][gc,heap     ] GC(52)                Mark Start          Mark End        Relocate Start      Relocate End           High               Low         
[133.967s][info][gc,heap     ] GC(52)  Capacity:     8192M (100%)       8192M (100%)       8192M (100%)       8192M (100%)       8192M (100%)       8192M (100%)   
[133.967s][info][gc,heap     ] GC(52)      Free:     5126M (63%)        5100M (62%)        8016M (98%)        8018M (98%)        8018M (98%)        5100M (62%)    
[133.967s][info][gc,heap     ] GC(52)      Used:     3066M (37%)        3092M (38%)         176M (2%)          174M (2%)         3092M (38%)         174M (2%)     
[133.967s][info][gc,heap     ] GC(52)      Live:         -               132M (2%)          132M (2%)          132M (2%)             -                  -          
[133.967s][info][gc,heap     ] GC(52) Allocated:         -                26M (0%)           26M (0%)           30M (0%)             -                  -          
[133.967s][info][gc,heap     ] GC(52)   Garbage:         -              2933M (36%)          17M (0%)           11M (0%)             -                  -          
[133.967s][info][gc,heap     ] GC(52) Reclaimed:         -                  -              2916M (36%)        2922M (36%)            -                  -          
[133.967s][info][gc          ] GC(52) Garbage Collection (Proactive) 3066M(37%)->174M(2%)
[136.740s][info][gc,start    ] GC(53) Garbage Collection (Proactive)
[136.740s][info][gc,phases   ] GC(53) Pause Mark Start 0.006ms
[136.764s][info][gc,phases   ] GC(53) Concurrent Mark 24.487ms
[136.765s][info][gc,phases   ] GC(53) Pause Mark End 0.009ms
[136.765s][info][gc,phases   ] GC(53) Concurrent Process Non-Strong References 0.478ms
[136.765s][info][gc,phases   ] GC(53) Concurrent Reset Relocation Set 0.003ms
[136.769s][info][gc,phases   ] GC(53) Concurrent Select Relocation Set 3.761ms
[136.769s][info][gc,phases   ] GC(53) Pause Relocate Start 0.005ms
[136.771s][info][gc,phases   ] GC(53) Concurrent Relocate 1.441ms
[136.771s][info][gc,load     ] GC(53) Load: 2.93/3.02/2.66
[136.771s][info][gc,mmu      ] GC(53) MMU: 2ms/98.7%, 5ms/99.5%, 10ms/99.7%, 20ms/99.9%, 50ms/99.9%, 100ms/100.0%
[136.771s][info][gc,marking  ] GC(53) Mark: 2 stripe(s), 2 proactive flush(es), 1 terminate flush(es), 0 completion(s), 0 continuation(s) 
[136.771s][info][gc,nmethod  ] GC(53) NMethods: 489 registered, 0 unregistered
[136.771s][info][gc,metaspace] GC(53) Metaspace: 0M used, 0M committed, 1032M reserved
[136.771s][info][gc,ref      ] GC(53) Soft: 82 encountered, 0 discovered, 0 enqueued
[136.771s][info][gc,ref      ] GC(53) Weak: 200 encountered, 104 discovered, 0 enqueued
[136.771s][info][gc,ref      ] GC(53) Final: 0 encountered, 0 discovered, 0 enqueued
[136.771s][info][gc,ref      ] GC(53) Phantom: 5 encountered, 3 discovered, 0 enqueued
[136.771s][info][gc,reloc    ] GC(53) Small Pages: 1533 / 3066M, Empty: 2916M, Relocated: 10M, In-Place: 0
[136.771s][info][gc,reloc    ] GC(53) Medium Pages: 0 / 0M, Empty: 0M, Relocated: 0M, In-Place: 0
[136.771s][info][gc,reloc    ] GC(53) Large Pages: 0 / 0M, Empty: 0M, Relocated: 0M, In-Place: 0
[136.771s][info][gc,reloc    ] GC(53) Forwarding Usage: 1M
[136.771s][info][gc,heap     ] GC(53) Min Capacity: 8192M(100%)
[136.771s][info][gc,heap     ] GC(53) Max Capacity: 8192M(100%)
[136.771s][info][gc,heap     ] GC(53) Soft Max Capacity: 8192M(100%)
[136.771s][info][gc,heap     ] GC(53)                Mark Start          Mark End        Relocate Start      Relocate End           High               Low         
[136.771s][info][gc,heap     ] GC(53)  Capacity:     8192M (100%)       8192M (100%)       8192M (100%)       8192M (100%)       8192M (100%)       8192M (100%)   
[136.771s][info][gc,heap     ] GC(53)      Free:     5126M (63%)        5100M (62%)        8006M (98%)        8014M (98%)        8014M (98%)        5100M (62%)    
[136.771s][info][gc,heap     ] GC(53)      Used:     3066M (37%)        3092M (38%)         186M (2%)          178M (2%)         3092M (38%)         178M (2%)     
[136.771s][info][gc,heap     ] GC(53)      Live:         -               132M (2%)          132M (2%)          132M (2%)             -                  -          
[136.771s][info][gc,heap     ] GC(53) Allocated:         -                26M (0%)           36M (0%)           38M (0%)             -                  -          
[136.771s][info][gc,heap     ] GC(53)   Garbage:         -              2933M (36%)          17M (0%)            7M (0%)             -                  -          
[136.771s][info][gc,heap     ] GC(53) Reclaimed:         -                  -              2916M (36%)        2926M (36%)            -                  -          
[136.771s][info][gc          ] GC(53) Garbage Collection (Proactive) 3066M(37%)->178M(2%)
[138.941s][info][gc,start    ] GC(54) Garbage Collection (Proactive)
[138.942s][info][gc,phases   ] GC(54) Pause Mark Start 0.006ms
[138.965s][info][gc,phases   ] GC(54) Concurrent Mark 23.084ms
[138.965s][info][gc,phases   ] GC(54) Pause Mark End 0.009ms
[138.965s][info][gc,phases   ] GC(54) Concurrent Process Non-Strong References 0.442ms
[138.965s][info][gc,phases   ] GC(54) Concurrent Reset Relocation Set 0.003ms
[138.968s][info][gc,phases   ] GC(54) Concurrent Select Relocation Set 2.924ms
[138.968s][info][gc,phases   ] GC(54) Pause Relocate Start 0.004ms
[138.969s][info][gc,phases   ] GC(54) Concurrent Relocate 0.891ms
[138.969s][info][gc,load     ] GC(54) Load: 2.93/3.02/2.66
[138.969s][info][gc,mmu      ] GC(54) MMU: 2ms/98.7%, 5ms/99.5%, 10ms/99.7%, 20ms/99.9%, 50ms/99.9%, 100ms/100.0%
[138.969s][info][gc,marking  ] GC(54) Mark: 2 stripe(s), 2 proactive flush(es), 1 terminate flush(es), 0 completion(s), 0 continuation(s) 
[138.969s][info][gc,nmethod  ] GC(54) NMethods: 489 registered, 0 unregistered
[138.969s][info][gc,metaspace] GC(54) Metaspace: 0M used, 0M committed, 1032M reserved
[138.969s][info][gc,ref      ] GC(54) Soft: 82 encountered, 0 discovered, 0 enqueued
[138.969s][info][gc,ref      ] GC(54) Weak: 200 encountered, 25 discovered, 0 enqueued
[138.969s][info][gc,ref      ] GC(54) Final: 0 encountered, 0 discovered, 0 enqueued
[138.969s][info][gc,ref      ] GC(54) Phantom: 5 encountered, 3 discovered, 0 enqueued
[138.970s][info][gc,reloc    ] GC(54) Small Pages: 1219 / 2438M, Empty: 2282M, Relocated: 5M, In-Place: 0
[138.970s][info][gc,reloc    ] GC(54) Medium Pages: 0 / 0M, Empty: 0M, Relocated: 0M, In-Place: 0
[138.970s][info][gc,reloc    ] GC(54) Large Pages: 0 / 0M, Empty: 0M, Relocated: 0M, In-Place: 0
[138.970s][info][gc,reloc    ] GC(54) Forwarding Usage: 0M
[138.970s][info][gc,heap     ] GC(54) Min Capacity: 8192M(100%)
[138.970s][info][gc,heap     ] GC(54) Max Capacity: 8192M(100%)
[138.970s][info][gc,heap     ] GC(54) Soft Max Capacity: 8192M(100%)
[138.970s][info][gc,heap     ] GC(54)                Mark Start          Mark End        Relocate Start      Relocate End           High               Low         
[138.970s][info][gc,heap     ] GC(54)  Capacity:     8192M (100%)       8192M (100%)       8192M (100%)       8192M (100%)       8192M (100%)       8192M (100%)   
[138.970s][info][gc,heap     ] GC(54)      Free:     5754M (70%)        5728M (70%)        8002M (98%)        8012M (98%)        8012M (98%)        5728M (70%)    
[138.970s][info][gc,heap     ] GC(54)      Used:     2438M (30%)        2464M (30%)         190M (2%)          180M (2%)         2464M (30%)         180M (2%)     
[138.970s][info][gc,heap     ] GC(54)      Live:         -               132M (2%)          132M (2%)          132M (2%)             -                  -          
[138.970s][info][gc,heap     ] GC(54) Allocated:         -                26M (0%)           34M (0%)           36M (0%)             -                  -          
[138.970s][info][gc,heap     ] GC(54)   Garbage:         -              2305M (28%)          23M (0%)           11M (0%)             -                  -          
[138.970s][info][gc,heap     ] GC(54) Reclaimed:         -                  -              2282M (28%)        2294M (28%)            -                  -          
[138.970s][info][gc          ] GC(54) Garbage Collection (Proactive) 2438M(30%)->180M(2%)
[140.035s][info][gc,stats    ] === Garbage Collection Statistics =======================================================================================================================
[140.035s][info][gc,stats    ]                                                              Last 10s              Last 10m              Last 10h                Total
[140.035s][info][gc,stats    ]                                                              Avg / Max             Avg / Max             Avg / Max             Avg / Max
[140.035s][info][gc,stats    ]   Collector: Garbage Collection Cycle                     32.743 / 44.104       38.694 / 101.538      38.694 / 101.538      38.694 / 101.538     ms
[140.035s][info][gc,stats    ]  Contention: Mark Segment Reset Contention                     0 / 1                 0 / 3                 0 / 3                 0 / 3           ops/s
[140.035s][info][gc,stats    ]  Contention: Mark SeqNum Reset Contention                      0 / 0                 0 / 1                 0 / 1                 0 / 1           ops/s
[140.035s][info][gc,stats    ]    Critical: Allocation Stall                                  0 / 0                 0 / 0                 0 / 0                 0 / 0           ops/s
[140.035s][info][gc,stats    ]    Critical: Allocation Stall                              0.000 / 0.000         0.000 / 0.000         0.000 / 0.000         0.000 / 0.000       ms
[140.035s][info][gc,stats    ]    Critical: GC Locker Stall                                   0 / 0                 0 / 0                 0 / 0                 0 / 0           ops/s
[140.035s][info][gc,stats    ]    Critical: GC Locker Stall                               0.000 / 0.000         0.000 / 0.000         0.000 / 0.000         0.000 / 0.000       ms
[140.035s][info][gc,stats    ]    Critical: Relocation Stall                                  0 / 0                 0 / 0                 0 / 0                 0 / 0           ops/s
[140.035s][info][gc,stats    ]    Critical: Relocation Stall                              0.000 / 0.000         0.000 / 0.000         0.000 / 0.000         0.000 / 0.000       ms
[140.035s][info][gc,stats    ]      Memory: Allocation Rate                                1043 / 1054           1102 / 9228           1102 / 9228           1102 / 9228        MB/s
[140.035s][info][gc,stats    ]      Memory: Out Of Memory                                     0 / 0                 0 / 0                 0 / 0                 0 / 0           ops/s
[140.035s][info][gc,stats    ]      Memory: Page Cache Flush                                  0 / 0                 0 / 0                 0 / 0                 0 / 0           MB/s
[140.035s][info][gc,stats    ]      Memory: Page Cache Hit L1                               524 / 532             503 / 534             503 / 534             503 / 534         ops/s
[140.035s][info][gc,stats    ]      Memory: Page Cache Hit L2                                 0 / 0                 0 / 0                 0 / 0                 0 / 0           ops/s
[140.035s][info][gc,stats    ]      Memory: Page Cache Hit L3                                 0 / 0                20 / 524              20 / 524              20 / 524         ops/s
[140.035s][info][gc,stats    ]      Memory: Page Cache Miss                                   0 / 0                 0 / 1                 0 / 1                 0 / 1           ops/s
[140.035s][info][gc,stats    ]      Memory: Uncommit                                          0 / 0                 0 / 0                 0 / 0                 0 / 0           MB/s
[140.035s][info][gc,stats    ]      Memory: Undo Object Allocation Failed                     0 / 0                 0 / 0                 0 / 0                 0 / 0           ops/s
[140.035s][info][gc,stats    ]      Memory: Undo Object Allocation Succeeded                  0 / 1                 0 / 3                 0 / 3                 0 / 3           ops/s
[140.035s][info][gc,stats    ]      Memory: Undo Page Allocation                              0 / 0                 0 / 1                 0 / 1                 0 / 1           ops/s
[140.035s][info][gc,stats    ]       Phase: Concurrent Mark                              27.197 / 38.642       33.325 / 74.612       33.325 / 74.612       33.325 / 74.612      ms
[140.035s][info][gc,stats    ]       Phase: Concurrent Mark Continue                      0.000 / 0.000         0.000 / 0.000         0.000 / 0.000         0.000 / 0.000       ms
[140.035s][info][gc,stats    ]       Phase: Concurrent Process Non-Strong References      0.455 / 0.478         0.464 / 0.610         0.464 / 0.610         0.464 / 0.610       ms
[140.035s][info][gc,stats    ]       Phase: Concurrent Relocate                           1.233 / 1.441         1.116 / 13.482        1.116 / 13.482        1.116 / 13.482      ms
[140.035s][info][gc,stats    ]       Phase: Concurrent Reset Relocation Set               0.002 / 0.003         0.003 / 0.043         0.003 / 0.043         0.003 / 0.043       ms
[140.035s][info][gc,stats    ]       Phase: Concurrent Select Relocation Set              3.202 / 3.761         3.061 / 12.132        3.061 / 12.132        3.061 / 12.132      ms
[140.035s][info][gc,stats    ]       Phase: Pause Mark End                                0.009 / 0.009         0.009 / 0.017         0.009 / 0.017         0.009 / 0.017       ms
[140.035s][info][gc,stats    ]       Phase: Pause Mark Start                              0.011 / 0.027         0.008 / 0.027         0.008 / 0.027         0.008 / 0.027       ms
[140.035s][info][gc,stats    ]       Phase: Pause Relocate Start                          0.005 / 0.005         0.004 / 0.005         0.004 / 0.005         0.004 / 0.005       ms
[140.035s][info][gc,stats    ]    Subphase: Concurrent Classes Purge                      0.027 / 0.034         0.030 / 0.047         0.030 / 0.047         0.030 / 0.047       ms
[140.035s][info][gc,stats    ]    Subphase: Concurrent Classes Unlink                     0.292 / 0.312         0.288 / 0.322         0.288 / 0.322         0.288 / 0.322       ms
[140.035s][info][gc,stats    ]    Subphase: Concurrent Mark                              26.194 / 38.189       32.341 / 74.133       32.341 / 74.133       32.341 / 74.133      ms
[140.035s][info][gc,stats    ]    Subphase: Concurrent Mark Idle                          1.386 / 1.536         1.386 / 1.620         1.386 / 1.620         1.386 / 1.620       ms
[140.035s][info][gc,stats    ]    Subphase: Concurrent Mark Try Flush                     0.032 / 0.056         0.041 / 0.111         0.041 / 0.111         0.041 / 0.111       ms
[140.035s][info][gc,stats    ]    Subphase: Concurrent Mark Try Terminate                 0.471 / 1.539         0.504 / 1.623         0.504 / 1.623         0.504 / 1.623       ms
[140.035s][info][gc,stats    ]    Subphase: Concurrent References Enqueue                 0.000 / 0.000         0.000 / 0.003         0.000 / 0.003         0.000 / 0.003       ms
[140.035s][info][gc,stats    ]    Subphase: Concurrent References Process                 0.027 / 0.038         0.025 / 0.038         0.025 / 0.038         0.025 / 0.038       ms
[140.035s][info][gc,stats    ]    Subphase: Concurrent Roots ClassLoaderDataGraph         0.027 / 0.067         0.030 / 0.112         0.030 / 0.112         0.030 / 0.112       ms
[140.035s][info][gc,stats    ]    Subphase: Concurrent Roots CodeCache                    0.000 / 0.000         0.000 / 0.000         0.000 / 0.000         0.000 / 0.000       ms
[140.035s][info][gc,stats    ]    Subphase: Concurrent Roots JavaThreads                  0.240 / 0.344         0.268 / 0.394         0.268 / 0.394         0.268 / 0.394       ms
[140.035s][info][gc,stats    ]    Subphase: Concurrent Roots OopStorageSet                0.007 / 0.008         0.007 / 0.014         0.007 / 0.014         0.007 / 0.014       ms
[140.035s][info][gc,stats    ]    Subphase: Concurrent Weak Roots OopStorageSet           0.055 / 0.069         0.053 / 0.090         0.053 / 0.090         0.053 / 0.090       ms
[140.035s][info][gc,stats    ]    Subphase: Pause Mark Try Complete                       0.000 / 0.000         0.000 / 0.000         0.000 / 0.000         0.000 / 0.000       ms
[140.035s][info][gc,stats    ]      System: Java Threads                                     16 / 16               16 / 19               16 / 19               16 / 19          threads
[140.035s][info][gc,stats    ] =========================================================================================================================================================
[140.834s][info][gc,start    ] GC(55) Garbage Collection (Proactive)
[140.834s][info][gc,phases   ] GC(55) Pause Mark Start 0.008ms
[140.859s][info][gc,phases   ] GC(55) Concurrent Mark 24.611ms
[140.859s][info][gc,phases   ] GC(55) Pause Mark End 0.010ms
[140.859s][info][gc,phases   ] GC(55) Concurrent Process Non-Strong References 0.447ms
[140.860s][info][gc,phases   ] GC(55) Concurrent Reset Relocation Set 0.002ms
[140.862s][info][gc,phases   ] GC(55) Concurrent Select Relocation Set 2.883ms
[140.862s][info][gc,phases   ] GC(55) Pause Relocate Start 0.004ms
[140.863s][info][gc,phases   ] GC(55) Concurrent Relocate 0.569ms
[140.863s][info][gc,load     ] GC(55) Load: 2.93/3.02/2.66
[140.863s][info][gc,mmu      ] GC(55) MMU: 2ms/98.7%, 5ms/99.5%, 10ms/99.7%, 20ms/99.9%, 50ms/99.9%, 100ms/100.0%
[140.863s][info][gc,marking  ] GC(55) Mark: 2 stripe(s), 2 proactive flush(es), 1 terminate flush(es), 0 completion(s), 0 continuation(s) 
[140.863s][info][gc,nmethod  ] GC(55) NMethods: 489 registered, 0 unregistered
[140.863s][info][gc,metaspace] GC(55) Metaspace: 0M used, 0M committed, 1032M reserved
[140.863s][info][gc,ref      ] GC(55) Soft: 82 encountered, 0 discovered, 0 enqueued
[140.863s][info][gc,ref      ] GC(55) Weak: 200 encountered, 35 discovered, 0 enqueued
[140.863s][info][gc,ref      ] GC(55) Final: 0 encountered, 0 discovered, 0 enqueued
[140.863s][info][gc,ref      ] GC(55) Phantom: 5 encountered, 3 discovered, 0 enqueued
[140.863s][info][gc,reloc    ] GC(55) Small Pages: 1061 / 2122M, Empty: 1962M, Relocated: 3M, In-Place: 0
[140.863s][info][gc,reloc    ] GC(55) Medium Pages: 0 / 0M, Empty: 0M, Relocated: 0M, In-Place: 0
[140.863s][info][gc,reloc    ] GC(55) Large Pages: 0 / 0M, Empty: 0M, Relocated: 0M, In-Place: 0
[140.863s][info][gc,reloc    ] GC(55) Forwarding Usage: 0M
[140.863s][info][gc,heap     ] GC(55) Min Capacity: 8192M(100%)
[140.863s][info][gc,heap     ] GC(55) Max Capacity: 8192M(100%)
[140.863s][info][gc,heap     ] GC(55) Soft Max Capacity: 8192M(100%)
[140.863s][info][gc,heap     ] GC(55)                Mark Start          Mark End        Relocate Start      Relocate End           High               Low         
[140.863s][info][gc,heap     ] GC(55)  Capacity:     8192M (100%)       8192M (100%)       8192M (100%)       8192M (100%)       8192M (100%)       8192M (100%)   
[140.863s][info][gc,heap     ] GC(55)      Free:     6070M (74%)        6036M (74%)        7998M (98%)        8016M (98%)        8016M (98%)        6036M (74%)    
[140.863s][info][gc,heap     ] GC(55)      Used:     2122M (26%)        2156M (26%)         194M (2%)          176M (2%)         2156M (26%)         176M (2%)     
[140.863s][info][gc,heap     ] GC(55)      Live:         -               132M (2%)          132M (2%)          132M (2%)             -                  -          
[140.863s][info][gc,heap     ] GC(55) Allocated:         -                34M (0%)           34M (0%)           34M (0%)             -                  -          
[140.863s][info][gc,heap     ] GC(55)   Garbage:         -              1989M (24%)          27M (0%)            9M (0%)             -                  -          
[140.863s][info][gc,heap     ] GC(55) Reclaimed:         -                  -              1962M (24%)        1980M (24%)            -                  -          
[140.863s][info][gc          ] GC(55) Garbage Collection (Proactive) 2122M(26%)->176M(2%)
[142.535s][info][gc,start    ] GC(56) Garbage Collection (Proactive)
[142.535s][info][gc,phases   ] GC(56) Pause Mark Start 0.007ms
[142.573s][info][gc,phases   ] GC(56) Concurrent Mark 37.810ms
[142.573s][info][gc,phases   ] GC(56) Pause Mark End 0.009ms
[142.573s][info][gc,phases   ] GC(56) Concurrent Process Non-Strong References 0.441ms
[142.573s][info][gc,phases   ] GC(56) Concurrent Reset Relocation Set 0.002ms
[142.576s][info][gc,phases   ] GC(56) Concurrent Select Relocation Set 2.788ms
[142.576s][info][gc,phases   ] GC(56) Pause Relocate Start 0.005ms
[142.577s][info][gc,phases   ] GC(56) Concurrent Relocate 0.568ms
[142.577s][info][gc,load     ] GC(56) Load: 3.01/3.03/2.67
[142.577s][info][gc,mmu      ] GC(56) MMU: 2ms/98.7%, 5ms/99.5%, 10ms/99.7%, 20ms/99.9%, 50ms/99.9%, 100ms/100.0%
[142.577s][info][gc,marking  ] GC(56) Mark: 2 stripe(s), 2 proactive flush(es), 1 terminate flush(es), 0 completion(s), 0 continuation(s) 
[142.577s][info][gc,nmethod  ] GC(56) NMethods: 489 registered, 0 unregistered
[142.577s][info][gc,metaspace] GC(56) Metaspace: 0M used, 0M committed, 1032M reserved
[142.577s][info][gc,ref      ] GC(56) Soft: 82 encountered, 0 discovered, 0 enqueued
[142.577s][info][gc,ref      ] GC(56) Weak: 200 encountered, 24 discovered, 0 enqueued
[142.577s][info][gc,ref      ] GC(56) Final: 0 encountered, 0 discovered, 0 enqueued
[142.577s][info][gc,ref      ] GC(56) Phantom: 5 encountered, 3 discovered, 0 enqueued
[142.577s][info][gc,reloc    ] GC(56) Small Pages: 960 / 1920M, Empty: 1770M, Relocated: 3M, In-Place: 0
[142.577s][info][gc,reloc    ] GC(56) Medium Pages: 0 / 0M, Empty: 0M, Relocated: 0M, In-Place: 0
[142.577s][info][gc,reloc    ] GC(56) Large Pages: 0 / 0M, Empty: 0M, Relocated: 0M, In-Place: 0
[142.577s][info][gc,reloc    ] GC(56) Forwarding Usage: 0M
[142.577s][info][gc,heap     ] GC(56) Min Capacity: 8192M(100%)
[142.577s][info][gc,heap     ] GC(56) Max Capacity: 8192M(100%)
[142.577s][info][gc,heap     ] GC(56) Soft Max Capacity: 8192M(100%)
[142.577s][info][gc,heap     ] GC(56)                Mark Start          Mark End        Relocate Start      Relocate End           High               Low         
[142.577s][info][gc,heap     ] GC(56)  Capacity:     8192M (100%)       8192M (100%)       8192M (100%)       8192M (100%)       8192M (100%)       8192M (100%)   
[142.577s][info][gc,heap     ] GC(56)      Free:     6272M (77%)        6222M (76%)        7990M (98%)        7992M (98%)        7994M (98%)        6222M (76%)    
[142.577s][info][gc,heap     ] GC(56)      Used:     1920M (23%)        1970M (24%)         202M (2%)          200M (2%)         1970M (24%)         198M (2%)     
[142.577s][info][gc,heap     ] GC(56)      Live:         -               132M (2%)          132M (2%)          132M (2%)             -                  -          
[142.577s][info][gc,heap     ] GC(56) Allocated:         -                50M (1%)           52M (1%)           58M (1%)             -                  -          
[142.577s][info][gc,heap     ] GC(56)   Garbage:         -              1787M (22%)          17M (0%)            9M (0%)             -                  -          
[142.577s][info][gc,heap     ] GC(56) Reclaimed:         -                  -              1770M (22%)        1778M (22%)            -                  -          
[142.577s][info][gc          ] GC(56) Garbage Collection (Proactive) 1920M(23%)->200M(2%)
[145.439s][info][gc,start    ] GC(57) Garbage Collection (Proactive)
[145.439s][info][gc,phases   ] GC(57) Pause Mark Start 0.006ms
[145.466s][info][gc,phases   ] GC(57) Concurrent Mark 26.756ms
[145.466s][info][gc,phases   ] GC(57) Pause Mark End 0.009ms
[145.467s][info][gc,phases   ] GC(57) Concurrent Process Non-Strong References 0.508ms
[145.467s][info][gc,phases   ] GC(57) Concurrent Reset Relocation Set 0.002ms
[145.470s][info][gc,phases   ] GC(57) Concurrent Select Relocation Set 3.057ms
[145.470s][info][gc,phases   ] GC(57) Pause Relocate Start 0.005ms
[145.471s][info][gc,phases   ] GC(57) Concurrent Relocate 0.961ms
[145.471s][info][gc,load     ] GC(57) Load: 3.01/3.03/2.67
[145.471s][info][gc,mmu      ] GC(57) MMU: 2ms/98.7%, 5ms/99.5%, 10ms/99.7%, 20ms/99.9%, 50ms/99.9%, 100ms/100.0%
[145.471s][info][gc,marking  ] GC(57) Mark: 2 stripe(s), 2 proactive flush(es), 1 terminate flush(es), 0 completion(s), 0 continuation(s) 
[145.471s][info][gc,nmethod  ] GC(57) NMethods: 489 registered, 0 unregistered
[145.471s][info][gc,metaspace] GC(57) Metaspace: 0M used, 0M committed, 1032M reserved
[145.471s][info][gc,ref      ] GC(57) Soft: 82 encountered, 0 discovered, 0 enqueued
[145.471s][info][gc,ref      ] GC(57) Weak: 200 encountered, 10 discovered, 0 enqueued
[145.471s][info][gc,ref      ] GC(57) Final: 0 encountered, 0 discovered, 0 enqueued
[145.471s][info][gc,ref      ] GC(57) Phantom: 5 encountered, 3 discovered, 0 enqueued
[145.471s][info][gc,reloc    ] GC(57) Small Pages: 1590 / 3180M, Empty: 3026M, Relocated: 6M, In-Place: 0
[145.471s][info][gc,reloc    ] GC(57) Medium Pages: 0 / 0M, Empty: 0M, Relocated: 0M, In-Place: 0
[145.471s][info][gc,reloc    ] GC(57) Large Pages: 0 / 0M, Empty: 0M, Relocated: 0M, In-Place: 0
[145.471s][info][gc,reloc    ] GC(57) Forwarding Usage: 0M
[145.471s][info][gc,heap     ] GC(57) Min Capacity: 8192M(100%)
[145.471s][info][gc,heap     ] GC(57) Max Capacity: 8192M(100%)
[145.471s][info][gc,heap     ] GC(57) Soft Max Capacity: 8192M(100%)
[145.471s][info][gc,heap     ] GC(57)                Mark Start          Mark End        Relocate Start      Relocate End           High               Low         
[145.471s][info][gc,heap     ] GC(57)  Capacity:     8192M (100%)       8192M (100%)       8192M (100%)       8192M (100%)       8192M (100%)       8192M (100%)   
[145.471s][info][gc,heap     ] GC(57)      Free:     5012M (61%)        4982M (61%)        8006M (98%)        8020M (98%)        8020M (98%)        4980M (61%)    
[145.471s][info][gc,heap     ] GC(57)      Used:     3180M (39%)        3210M (39%)         186M (2%)          172M (2%)         3212M (39%)         172M (2%)     
[145.471s][info][gc,heap     ] GC(57)      Live:         -               132M (2%)          132M (2%)          132M (2%)             -                  -          
[145.471s][info][gc,heap     ] GC(57) Allocated:         -                30M (0%)           32M (0%)           32M (0%)             -                  -          
[145.471s][info][gc,heap     ] GC(57)   Garbage:         -              3047M (37%)          21M (0%)            7M (0%)             -                  -          
[145.471s][info][gc,heap     ] GC(57) Reclaimed:         -                  -              3026M (37%)        3040M (37%)            -                  -          
[145.471s][info][gc          ] GC(57) Garbage Collection (Proactive) 3180M(39%)->172M(2%)
[147.943s][info][gc,start    ] GC(58) Garbage Collection (Proactive)
[147.943s][info][gc,phases   ] GC(58) Pause Mark Start 0.013ms
[147.970s][info][gc,phases   ] GC(58) Concurrent Mark 27.308ms
[147.970s][info][gc,phases   ] GC(58) Pause Mark End 0.008ms
[147.971s][info][gc,phases   ] GC(58) Concurrent Process Non-Strong References 0.483ms
[147.971s][info][gc,phases   ] GC(58) Concurrent Reset Relocation Set 0.002ms
[147.974s][info][gc,phases   ] GC(58) Concurrent Select Relocation Set 2.951ms
[147.974s][info][gc,phases   ] GC(58) Pause Relocate Start 0.004ms
[147.976s][info][gc,phases   ] GC(58) Concurrent Relocate 0.991ms
[147.976s][info][gc,load     ] GC(58) Load: 3.17/3.07/2.68
[147.976s][info][gc,mmu      ] GC(58) MMU: 2ms/98.7%, 5ms/99.5%, 10ms/99.7%, 20ms/99.9%, 50ms/99.9%, 100ms/100.0%
[147.976s][info][gc,marking  ] GC(58) Mark: 2 stripe(s), 4 proactive flush(es), 1 terminate flush(es), 0 completion(s), 0 continuation(s) 
[147.976s][info][gc,nmethod  ] GC(58) NMethods: 489 registered, 0 unregistered
[147.976s][info][gc,metaspace] GC(58) Metaspace: 0M used, 0M committed, 1032M reserved
[147.977s][info][gc,ref      ] GC(58) Soft: 82 encountered, 0 discovered, 0 enqueued
[147.977s][info][gc,ref      ] GC(58) Weak: 200 encountered, 64 discovered, 0 enqueued
[147.977s][info][gc,ref      ] GC(58) Final: 0 encountered, 0 discovered, 0 enqueued
[147.977s][info][gc,ref      ] GC(58) Phantom: 5 encountered, 3 discovered, 0 enqueued
[147.977s][info][gc,reloc    ] GC(58) Small Pages: 1374 / 2748M, Empty: 2600M, Relocated: 6M, In-Place: 0
[147.977s][info][gc,reloc    ] GC(58) Medium Pages: 0 / 0M, Empty: 0M, Relocated: 0M, In-Place: 0
[147.977s][info][gc,reloc    ] GC(58) Large Pages: 0 / 0M, Empty: 0M, Relocated: 0M, In-Place: 0
[147.977s][info][gc,reloc    ] GC(58) Forwarding Usage: 0M
[147.979s][info][gc,heap     ] GC(58) Min Capacity: 8192M(100%)
[147.979s][info][gc,heap     ] GC(58) Max Capacity: 8192M(100%)
[147.979s][info][gc,heap     ] GC(58) Soft Max Capacity: 8192M(100%)
[147.979s][info][gc,heap     ] GC(58)                Mark Start          Mark End        Relocate Start      Relocate End           High               Low         
[147.979s][info][gc,heap     ] GC(58)  Capacity:     8192M (100%)       8192M (100%)       8192M (100%)       8192M (100%)       8192M (100%)       8192M (100%)   
[147.979s][info][gc,heap     ] GC(58)      Free:     5444M (66%)        5412M (66%)        8012M (98%)        8012M (98%)        8014M (98%)        5412M (66%)    
[147.979s][info][gc,heap     ] GC(58)      Used:     2748M (34%)        2780M (34%)         180M (2%)          180M (2%)         2780M (34%)         178M (2%)     
[147.979s][info][gc,heap     ] GC(58)      Live:         -               132M (2%)          132M (2%)          132M (2%)             -                  -          
[147.979s][info][gc,heap     ] GC(58) Allocated:         -                32M (0%)           32M (0%)           38M (0%)             -                  -          
[147.979s][info][gc,heap     ] GC(58)   Garbage:         -              2615M (32%)          15M (0%)            9M (0%)             -                  -          
[147.979s][info][gc,heap     ] GC(58) Reclaimed:         -                  -              2600M (32%)        2606M (32%)            -                  -          
[147.979s][info][gc          ] GC(58) Garbage Collection (Proactive) 2748M(34%)->180M(2%)
[150.037s][info][gc,stats    ] === Garbage Collection Statistics =======================================================================================================================
[150.037s][info][gc,start    ] GC(59) Garbage Collection (Proactive)
[150.037s][info][gc,stats    ]                                                              Last 10s              Last 10m              Last 10h                Total
[150.037s][info][gc,stats    ]                                                              Avg / Max             Avg / Max             Avg / Max             Avg / Max
[150.037s][info][gc,stats    ]   Collector: Garbage Collection Cycle                     34.285 / 42.283       38.395 / 101.538      38.395 / 101.538      38.395 / 101.538     ms
[150.037s][info][gc,stats    ]  Contention: Mark Segment Reset Contention                     0 / 0                 0 / 3                 0 / 3                 0 / 3           ops/s
[150.037s][info][gc,stats    ]  Contention: Mark SeqNum Reset Contention                      0 / 0                 0 / 1                 0 / 1                 0 / 1           ops/s
[150.037s][info][gc,stats    ]    Critical: Allocation Stall                                  0 / 0                 0 / 0                 0 / 0                 0 / 0           ops/s
[150.037s][info][gc,stats    ]    Critical: Allocation Stall                              0.000 / 0.000         0.000 / 0.000         0.000 / 0.000         0.000 / 0.000       ms
[150.037s][info][gc,phases   ] GC(59) Pause Mark Start 0.006ms
[150.037s][info][gc,stats    ]    Critical: GC Locker Stall                                   0 / 0                 0 / 0                 0 / 0                 0 / 0           ops/s
[150.037s][info][gc,stats    ]    Critical: GC Locker Stall                               0.000 / 0.000         0.000 / 0.000         0.000 / 0.000         0.000 / 0.000       ms
[150.037s][info][gc,stats    ]    Critical: Relocation Stall                                  0 / 0                 0 / 0                 0 / 0                 0 / 0           ops/s
[150.037s][info][gc,stats    ]    Critical: Relocation Stall                              0.000 / 0.000         0.000 / 0.000         0.000 / 0.000         0.000 / 0.000       ms
[150.037s][info][gc,stats    ]      Memory: Allocation Rate                                1044 / 1056           1098 / 9228           1098 / 9228           1098 / 9228        MB/s
[150.037s][info][gc,stats    ]      Memory: Out Of Memory                                     0 / 0                 0 / 0                 0 / 0                 0 / 0           ops/s
[150.038s][info][gc,stats    ]      Memory: Page Cache Flush                                  0 / 0                 0 / 0                 0 / 0                 0 / 0           MB/s
[150.038s][info][gc,stats    ]      Memory: Page Cache Hit L1                               523 / 531             504 / 534             504 / 534             504 / 534         ops/s
[150.038s][info][gc,stats    ]      Memory: Page Cache Hit L2                                 0 / 0                 0 / 0                 0 / 0                 0 / 0           ops/s
[150.038s][info][gc,stats    ]      Memory: Page Cache Hit L3                                 0 / 0                19 / 524              19 / 524              19 / 524         ops/s
[150.038s][info][gc,stats    ]      Memory: Page Cache Miss                                   0 / 0                 0 / 1                 0 / 1                 0 / 1           ops/s
[150.038s][info][gc,stats    ]      Memory: Uncommit                                          0 / 0                 0 / 0                 0 / 0                 0 / 0           MB/s
[150.038s][info][gc,stats    ]      Memory: Undo Object Allocation Failed                     0 / 0                 0 / 0                 0 / 0                 0 / 0           ops/s
[150.038s][info][gc,stats    ]      Memory: Undo Object Allocation Succeeded                  0 / 0                 0 / 3                 0 / 3                 0 / 3           ops/s
[150.038s][info][gc,stats    ]      Memory: Undo Page Allocation                              0 / 0                 0 / 1                 0 / 1                 0 / 1           ops/s
[150.038s][info][gc,stats    ]       Phase: Concurrent Mark                              29.121 / 37.810       33.040 / 74.612       33.040 / 74.612       33.040 / 74.612      ms
[150.038s][info][gc,stats    ]       Phase: Concurrent Mark Continue                      0.000 / 0.000         0.000 / 0.000         0.000 / 0.000         0.000 / 0.000       ms
[150.038s][info][gc,stats    ]       Phase: Concurrent Process Non-Strong References      0.470 / 0.508         0.465 / 0.610         0.465 / 0.610         0.465 / 0.610       ms
[150.038s][info][gc,stats    ]       Phase: Concurrent Relocate                           0.773 / 0.991         1.093 / 13.482        1.093 / 13.482        1.093 / 13.482      ms
[150.038s][info][gc,stats    ]       Phase: Concurrent Reset Relocation Set               0.002 / 0.002         0.003 / 0.043         0.003 / 0.043         0.003 / 0.043       ms
[150.038s][info][gc,stats    ]       Phase: Concurrent Select Relocation Set              2.920 / 3.057         3.051 / 12.132        3.051 / 12.132        3.051 / 12.132      ms
[150.038s][info][gc,stats    ]       Phase: Pause Mark End                                0.009 / 0.010         0.009 / 0.017         0.009 / 0.017         0.009 / 0.017       ms
[150.038s][info][gc,stats    ]       Phase: Pause Mark Start                              0.009 / 0.013         0.008 / 0.027         0.008 / 0.027         0.008 / 0.027       ms
[150.038s][info][gc,stats    ]       Phase: Pause Relocate Start                          0.004 / 0.005         0.004 / 0.005         0.004 / 0.005         0.004 / 0.005       ms
[150.038s][info][gc,stats    ]    Subphase: Concurrent Classes Purge                      0.027 / 0.028         0.030 / 0.047         0.030 / 0.047         0.030 / 0.047       ms
[150.038s][info][gc,stats    ]    Subphase: Concurrent Classes Unlink                     0.297 / 0.301         0.288 / 0.322         0.288 / 0.322         0.288 / 0.322       ms
[150.038s][info][gc,stats    ]    Subphase: Concurrent Mark                              28.139 / 37.394       32.056 / 74.133       32.056 / 74.133       32.056 / 74.133      ms
[150.038s][info][gc,stats    ]    Subphase: Concurrent Mark Idle                          1.311 / 1.556         1.381 / 1.620         1.381 / 1.620         1.381 / 1.620       ms
[150.038s][info][gc,stats    ]    Subphase: Concurrent Mark Try Flush                     0.033 / 0.101         0.040 / 0.111         0.040 / 0.111         0.040 / 0.111       ms
[150.038s][info][gc,stats    ]    Subphase: Concurrent Mark Try Terminate                 0.444 / 1.559         0.501 / 1.623         0.501 / 1.623         0.501 / 1.623       ms
[150.038s][info][gc,stats    ]    Subphase: Concurrent References Enqueue                 0.000 / 0.000         0.000 / 0.003         0.000 / 0.003         0.000 / 0.003       ms
[150.038s][info][gc,stats    ]    Subphase: Concurrent References Process                 0.029 / 0.043         0.025 / 0.043         0.025 / 0.043         0.025 / 0.043       ms
[150.038s][info][gc,stats    ]    Subphase: Concurrent Roots ClassLoaderDataGraph         0.025 / 0.054         0.030 / 0.112         0.030 / 0.112         0.030 / 0.112       ms
[150.038s][info][gc,stats    ]    Subphase: Concurrent Roots CodeCache                    0.000 / 0.000         0.000 / 0.000         0.000 / 0.000         0.000 / 0.000       ms
[150.038s][info][gc,stats    ]    Subphase: Concurrent Roots JavaThreads                  0.273 / 0.328         0.268 / 0.394         0.268 / 0.394         0.268 / 0.394       ms
[150.038s][info][gc,stats    ]    Subphase: Concurrent Roots OopStorageSet                0.007 / 0.008         0.007 / 0.014         0.007 / 0.014         0.007 / 0.014       ms
[150.038s][info][gc,stats    ]    Subphase: Concurrent Weak Roots OopStorageSet           0.046 / 0.057         0.052 / 0.090         0.052 / 0.090         0.052 / 0.090       ms
[150.038s][info][gc,stats    ]    Subphase: Pause Mark Try Complete                       0.000 / 0.000         0.000 / 0.000         0.000 / 0.000         0.000 / 0.000       ms
[150.038s][info][gc,stats    ]      System: Java Threads                                     16 / 16               16 / 19               16 / 19               16 / 19          threads
[150.038s][info][gc,stats    ] =========================================================================================================================================================
[150.062s][info][gc,phases   ] GC(59) Concurrent Mark 24.915ms
[150.062s][info][gc,phases   ] GC(59) Pause Mark End 0.009ms
[150.063s][info][gc,phases   ] GC(59) Concurrent Process Non-Strong References 0.440ms
[150.063s][info][gc,phases   ] GC(59) Concurrent Reset Relocation Set 0.002ms
[150.066s][info][gc,phases   ] GC(59) Concurrent Select Relocation Set 2.840ms
[150.066s][info][gc,phases   ] GC(59) Pause Relocate Start 0.004ms
[150.068s][info][gc,phases   ] GC(59) Concurrent Relocate 1.394ms
[150.068s][info][gc,load     ] GC(59) Load: 3.17/3.07/2.68
[150.068s][info][gc,mmu      ] GC(59) MMU: 2ms/98.7%, 5ms/99.5%, 10ms/99.7%, 20ms/99.9%, 50ms/99.9%, 100ms/100.0%
[150.068s][info][gc,marking  ] GC(59) Mark: 2 stripe(s), 2 proactive flush(es), 1 terminate flush(es), 0 completion(s), 0 continuation(s) 
[150.068s][info][gc,nmethod  ] GC(59) NMethods: 489 registered, 0 unregistered
[150.068s][info][gc,metaspace] GC(59) Metaspace: 0M used, 0M committed, 1032M reserved
[150.068s][info][gc,ref      ] GC(59) Soft: 82 encountered, 0 discovered, 0 enqueued
[150.068s][info][gc,ref      ] GC(59) Weak: 200 encountered, 73 discovered, 0 enqueued
[150.068s][info][gc,ref      ] GC(59) Final: 0 encountered, 0 discovered, 0 enqueued
[150.068s][info][gc,ref      ] GC(59) Phantom: 5 encountered, 3 discovered, 0 enqueued
[150.068s][info][gc,reloc    ] GC(59) Small Pages: 1163 / 2326M, Empty: 2178M, Relocated: 8M, In-Place: 0
[150.068s][info][gc,reloc    ] GC(59) Medium Pages: 0 / 0M, Empty: 0M, Relocated: 0M, In-Place: 0
[150.068s][info][gc,reloc    ] GC(59) Large Pages: 0 / 0M, Empty: 0M, Relocated: 0M, In-Place: 0
[150.068s][info][gc,reloc    ] GC(59) Forwarding Usage: 0M
[150.068s][info][gc,heap     ] GC(59) Min Capacity: 8192M(100%)
[150.068s][info][gc,heap     ] GC(59) Max Capacity: 8192M(100%)
[150.068s][info][gc,heap     ] GC(59) Soft Max Capacity: 8192M(100%)
[150.068s][info][gc,heap     ] GC(59)                Mark Start          Mark End        Relocate Start      Relocate End           High               Low         
[150.068s][info][gc,heap     ] GC(59)  Capacity:     8192M (100%)       8192M (100%)       8192M (100%)       8192M (100%)       8192M (100%)       8192M (100%)   
[150.068s][info][gc,heap     ] GC(59)      Free:     5866M (72%)        5834M (71%)        8010M (98%)        8008M (98%)        8012M (98%)        5834M (71%)    
[150.068s][info][gc,heap     ] GC(59)      Used:     2326M (28%)        2358M (29%)         182M (2%)          184M (2%)         2358M (29%)         180M (2%)     
[150.068s][info][gc,heap     ] GC(59)      Live:         -               132M (2%)          132M (2%)          132M (2%)             -                  -          
[150.068s][info][gc,heap     ] GC(59) Allocated:         -                32M (0%)           34M (0%)           42M (1%)             -                  -          
[150.068s][info][gc,heap     ] GC(59)   Garbage:         -              2193M (27%)          15M (0%)            9M (0%)             -                  -          
[150.068s][info][gc,heap     ] GC(59) Reclaimed:         -                  -              2178M (27%)        2184M (27%)            -                  -          
[150.068s][info][gc          ] GC(59) Garbage Collection (Proactive) 2326M(28%)->184M(2%)
[151.939s][info][gc,start    ] GC(60) Garbage Collection (Proactive)
[151.939s][info][gc,phases   ] GC(60) Pause Mark Start 0.007ms
[151.965s][info][gc,phases   ] GC(60) Concurrent Mark 25.860ms
[151.965s][info][gc,phases   ] GC(60) Pause Mark End 0.009ms
[151.966s][info][gc,phases   ] GC(60) Concurrent Process Non-Strong References 0.540ms
[151.966s][info][gc,phases   ] GC(60) Concurrent Reset Relocation Set 0.002ms
[151.969s][info][gc,phases   ] GC(60) Concurrent Select Relocation Set 2.921ms
[151.969s][info][gc,phases   ] GC(60) Pause Relocate Start 0.005ms
[151.969s][info][gc,phases   ] GC(60) Concurrent Relocate 0.755ms
[151.970s][info][gc,load     ] GC(60) Load: 3.16/3.06/2.69
[151.970s][info][gc,mmu      ] GC(60) MMU: 2ms/98.7%, 5ms/99.5%, 10ms/99.7%, 20ms/99.9%, 50ms/99.9%, 100ms/100.0%
[151.970s][info][gc,marking  ] GC(60) Mark: 2 stripe(s), 2 proactive flush(es), 1 terminate flush(es), 0 completion(s), 0 continuation(s) 
[151.970s][info][gc,nmethod  ] GC(60) NMethods: 489 registered, 0 unregistered
[151.970s][info][gc,metaspace] GC(60) Metaspace: 0M used, 0M committed, 1032M reserved
[151.970s][info][gc,ref      ] GC(60) Soft: 82 encountered, 0 discovered, 0 enqueued
[151.970s][info][gc,ref      ] GC(60) Weak: 200 encountered, 109 discovered, 0 enqueued
[151.970s][info][gc,ref      ] GC(60) Final: 0 encountered, 0 discovered, 0 enqueued
[151.970s][info][gc,ref      ] GC(60) Phantom: 5 encountered, 3 discovered, 0 enqueued
[151.970s][info][gc,reloc    ] GC(60) Small Pages: 1067 / 2134M, Empty: 1986M, Relocated: 5M, In-Place: 0
[151.970s][info][gc,reloc    ] GC(60) Medium Pages: 0 / 0M, Empty: 0M, Relocated: 0M, In-Place: 0
[151.970s][info][gc,reloc    ] GC(60) Large Pages: 0 / 0M, Empty: 0M, Relocated: 0M, In-Place: 0
[151.970s][info][gc,reloc    ] GC(60) Forwarding Usage: 0M
[151.970s][info][gc,heap     ] GC(60) Min Capacity: 8192M(100%)
[151.970s][info][gc,heap     ] GC(60) Max Capacity: 8192M(100%)
[151.970s][info][gc,heap     ] GC(60) Soft Max Capacity: 8192M(100%)
[151.970s][info][gc,heap     ] GC(60)                Mark Start          Mark End        Relocate Start      Relocate End           High               Low         
[151.970s][info][gc,heap     ] GC(60)  Capacity:     8192M (100%)       8192M (100%)       8192M (100%)       8192M (100%)       8192M (100%)       8192M (100%)   
[151.970s][info][gc,heap     ] GC(60)      Free:     6058M (74%)        6034M (74%)        8010M (98%)        8016M (98%)        8016M (98%)        6030M (74%)    
[151.970s][info][gc,heap     ] GC(60)      Used:     2134M (26%)        2158M (26%)         182M (2%)          176M (2%)         2162M (26%)         176M (2%)     
[151.970s][info][gc,heap     ] GC(60)      Live:         -               132M (2%)          132M (2%)          132M (2%)             -                  -          
[151.970s][info][gc,heap     ] GC(60) Allocated:         -                24M (0%)           34M (0%)           34M (0%)             -                  -          
[151.970s][info][gc,heap     ] GC(60)   Garbage:         -              2001M (24%)          15M (0%)            9M (0%)             -                  -          
[151.970s][info][gc,heap     ] GC(60) Reclaimed:         -                  -              1986M (24%)        1992M (24%)            -                  -          
[151.970s][info][gc          ] GC(60) Garbage Collection (Proactive) 2134M(26%)->176M(2%)
[153.738s][info][gc,start    ] GC(61) Garbage Collection (Proactive)
[153.738s][info][gc,phases   ] GC(61) Pause Mark Start 0.007ms
[153.777s][info][gc,phases   ] GC(61) Concurrent Mark 38.211ms
[153.777s][info][gc,phases   ] GC(61) Pause Mark End 0.008ms
[153.778s][info][gc,phases   ] GC(61) Concurrent Process Non-Strong References 0.484ms
[153.778s][info][gc,phases   ] GC(61) Concurrent Reset Relocation Set 0.001ms
[153.780s][info][gc,phases   ] GC(61) Concurrent Select Relocation Set 2.809ms
[153.781s][info][gc,phases   ] GC(61) Pause Relocate Start 0.003ms
[153.781s][info][gc,phases   ] GC(61) Concurrent Relocate 0.489ms
[153.781s][info][gc,load     ] GC(61) Load: 3.16/3.06/2.69
[153.781s][info][gc,mmu      ] GC(61) MMU: 2ms/98.7%, 5ms/99.5%, 10ms/99.7%, 20ms/99.9%, 50ms/99.9%, 100ms/100.0%
[153.781s][info][gc,marking  ] GC(61) Mark: 2 stripe(s), 2 proactive flush(es), 1 terminate flush(es), 0 completion(s), 0 continuation(s) 
[153.781s][info][gc,nmethod  ] GC(61) NMethods: 489 registered, 0 unregistered
[153.781s][info][gc,metaspace] GC(61) Metaspace: 0M used, 0M committed, 1032M reserved
[153.781s][info][gc,ref      ] GC(61) Soft: 82 encountered, 0 discovered, 0 enqueued
[153.781s][info][gc,ref      ] GC(61) Weak: 200 encountered, 72 discovered, 0 enqueued
[153.781s][info][gc,ref      ] GC(61) Final: 0 encountered, 0 discovered, 0 enqueued
[153.781s][info][gc,ref      ] GC(61) Phantom: 5 encountered, 3 discovered, 0 enqueued
[153.781s][info][gc,reloc    ] GC(61) Small Pages: 1011 / 2022M, Empty: 1868M, Relocated: 2M, In-Place: 0
[153.781s][info][gc,reloc    ] GC(61) Medium Pages: 0 / 0M, Empty: 0M, Relocated: 0M, In-Place: 0
[153.781s][info][gc,reloc    ] GC(61) Large Pages: 0 / 0M, Empty: 0M, Relocated: 0M, In-Place: 0
[153.781s][info][gc,reloc    ] GC(61) Forwarding Usage: 0M
[153.781s][info][gc,heap     ] GC(61) Min Capacity: 8192M(100%)
[153.781s][info][gc,heap     ] GC(61) Max Capacity: 8192M(100%)
[153.781s][info][gc,heap     ] GC(61) Soft Max Capacity: 8192M(100%)
[153.781s][info][gc,heap     ] GC(61)                Mark Start          Mark End        Relocate Start      Relocate End           High               Low         
[153.781s][info][gc,heap     ] GC(61)  Capacity:     8192M (100%)       8192M (100%)       8192M (100%)       8192M (100%)       8192M (100%)       8192M (100%)   
[153.781s][info][gc,heap     ] GC(61)      Free:     6170M (75%)        6126M (75%)        7988M (98%)        8002M (98%)        8002M (98%)        6122M (75%)    
[153.781s][info][gc,heap     ] GC(61)      Used:     2022M (25%)        2066M (25%)         204M (2%)          190M (2%)         2070M (25%)         190M (2%)     
[153.781s][info][gc,heap     ] GC(61)      Live:         -               132M (2%)          132M (2%)          132M (2%)             -                  -          
[153.781s][info][gc,heap     ] GC(61) Allocated:         -                44M (1%)           50M (1%)           50M (1%)             -                  -          
[153.781s][info][gc,heap     ] GC(61)   Garbage:         -              1889M (23%)          21M (0%)            7M (0%)             -                  -          
[153.781s][info][gc,heap     ] GC(61) Reclaimed:         -                  -              1868M (23%)        1882M (23%)            -                  -          
[153.781s][info][gc          ] GC(61) Garbage Collection (Proactive) 2022M(25%)->190M(2%)
[156.636s][info][gc,start    ] GC(62) Garbage Collection (Proactive)
[156.636s][info][gc,phases   ] GC(62) Pause Mark Start 0.008ms
[156.661s][info][gc,phases   ] GC(62) Concurrent Mark 25.088ms
[156.661s][info][gc,phases   ] GC(62) Pause Mark End 0.009ms
[156.662s][info][gc,phases   ] GC(62) Concurrent Process Non-Strong References 0.458ms
[156.662s][info][gc,phases   ] GC(62) Concurrent Reset Relocation Set 0.002ms
[156.665s][info][gc,phases   ] GC(62) Concurrent Select Relocation Set 2.918ms
[156.665s][info][gc,phases   ] GC(62) Pause Relocate Start 0.004ms
[156.665s][info][gc,phases   ] GC(62) Concurrent Relocate 0.519ms
[156.665s][info][gc,load     ] GC(62) Load: 2.98/3.03/2.67
[156.665s][info][gc,mmu      ] GC(62) MMU: 2ms/98.7%, 5ms/99.5%, 10ms/99.7%, 20ms/99.9%, 50ms/99.9%, 100ms/100.0%
[156.665s][info][gc,marking  ] GC(62) Mark: 2 stripe(s), 2 proactive flush(es), 1 terminate flush(es), 0 completion(s), 0 continuation(s) 
[156.665s][info][gc,nmethod  ] GC(62) NMethods: 489 registered, 0 unregistered
[156.665s][info][gc,metaspace] GC(62) Metaspace: 0M used, 0M committed, 1032M reserved
[156.665s][info][gc,ref      ] GC(62) Soft: 82 encountered, 0 discovered, 0 enqueued
[156.665s][info][gc,ref      ] GC(62) Weak: 200 encountered, 78 discovered, 0 enqueued
[156.665s][info][gc,ref      ] GC(62) Final: 0 encountered, 0 discovered, 0 enqueued
[156.665s][info][gc,ref      ] GC(62) Phantom: 5 encountered, 3 discovered, 0 enqueued
[156.665s][info][gc,reloc    ] GC(62) Small Pages: 1580 / 3160M, Empty: 3006M, Relocated: 3M, In-Place: 0
[156.665s][info][gc,reloc    ] GC(62) Medium Pages: 0 / 0M, Empty: 0M, Relocated: 0M, In-Place: 0
[156.665s][info][gc,reloc    ] GC(62) Large Pages: 0 / 0M, Empty: 0M, Relocated: 0M, In-Place: 0
[156.665s][info][gc,reloc    ] GC(62) Forwarding Usage: 0M
[156.665s][info][gc,heap     ] GC(62) Min Capacity: 8192M(100%)
[156.665s][info][gc,heap     ] GC(62) Max Capacity: 8192M(100%)
[156.665s][info][gc,heap     ] GC(62) Soft Max Capacity: 8192M(100%)
[156.665s][info][gc,heap     ] GC(62)                Mark Start          Mark End        Relocate Start      Relocate End           High               Low         
[156.665s][info][gc,heap     ] GC(62)  Capacity:     8192M (100%)       8192M (100%)       8192M (100%)       8192M (100%)       8192M (100%)       8192M (100%)   
[156.665s][info][gc,heap     ] GC(62)      Free:     5032M (61%)        5000M (61%)        8006M (98%)        8016M (98%)        8016M (98%)        5000M (61%)    
[156.665s][info][gc,heap     ] GC(62)      Used:     3160M (39%)        3192M (39%)         186M (2%)          176M (2%)         3192M (39%)         176M (2%)     
[156.665s][info][gc,heap     ] GC(62)      Live:         -               132M (2%)          132M (2%)          132M (2%)             -                  -          
[156.665s][info][gc,heap     ] GC(62) Allocated:         -                32M (0%)           32M (0%)           32M (0%)             -                  -          
[156.665s][info][gc,heap     ] GC(62)   Garbage:         -              3027M (37%)          21M (0%)           11M (0%)             -                  -          
[156.665s][info][gc,heap     ] GC(62) Reclaimed:         -                  -              3006M (37%)        3016M (37%)            -                  -          
[156.665s][info][gc          ] GC(62) Garbage Collection (Proactive) 3160M(39%)->176M(2%)
[159.139s][info][gc,start    ] GC(63) Garbage Collection (Proactive)
[159.139s][info][gc,phases   ] GC(63) Pause Mark Start 0.006ms
[159.165s][info][gc,phases   ] GC(63) Concurrent Mark 25.936ms
[159.165s][info][gc,phases   ] GC(63) Pause Mark End 0.009ms
[159.166s][info][gc,phases   ] GC(63) Concurrent Process Non-Strong References 0.506ms
[159.166s][info][gc,phases   ] GC(63) Concurrent Reset Relocation Set 0.002ms
[159.169s][info][gc,phases   ] GC(63) Concurrent Select Relocation Set 2.966ms
[159.169s][info][gc,phases   ] GC(63) Pause Relocate Start 0.005ms
[159.170s][info][gc,phases   ] GC(63) Concurrent Relocate 0.729ms
[159.170s][info][gc,load     ] GC(63) Load: 2.98/3.03/2.67
[159.170s][info][gc,mmu      ] GC(63) MMU: 2ms/98.7%, 5ms/99.5%, 10ms/99.7%, 20ms/99.9%, 50ms/99.9%, 100ms/100.0%
[159.170s][info][gc,marking  ] GC(63) Mark: 2 stripe(s), 2 proactive flush(es), 1 terminate flush(es), 0 completion(s), 0 continuation(s) 
[159.170s][info][gc,nmethod  ] GC(63) NMethods: 489 registered, 0 unregistered
[159.170s][info][gc,metaspace] GC(63) Metaspace: 0M used, 0M committed, 1032M reserved
[159.170s][info][gc,ref      ] GC(63) Soft: 82 encountered, 0 discovered, 0 enqueued
[159.170s][info][gc,ref      ] GC(63) Weak: 200 encountered, 111 discovered, 0 enqueued
[159.170s][info][gc,ref      ] GC(63) Final: 0 encountered, 0 discovered, 0 enqueued
[159.170s][info][gc,ref      ] GC(63) Phantom: 5 encountered, 3 discovered, 0 enqueued
[159.170s][info][gc,reloc    ] GC(63) Small Pages: 1380 / 2760M, Empty: 2610M, Relocated: 4M, In-Place: 0
[159.170s][info][gc,reloc    ] GC(63) Medium Pages: 0 / 0M, Empty: 0M, Relocated: 0M, In-Place: 0
[159.170s][info][gc,reloc    ] GC(63) Large Pages: 0 / 0M, Empty: 0M, Relocated: 0M, In-Place: 0
[159.170s][info][gc,reloc    ] GC(63) Forwarding Usage: 0M
[159.170s][info][gc,heap     ] GC(63) Min Capacity: 8192M(100%)
[159.170s][info][gc,heap     ] GC(63) Max Capacity: 8192M(100%)
[159.170s][info][gc,heap     ] GC(63) Soft Max Capacity: 8192M(100%)
[159.170s][info][gc,heap     ] GC(63)                Mark Start          Mark End        Relocate Start      Relocate End           High               Low         
[159.170s][info][gc,heap     ] GC(63)  Capacity:     8192M (100%)       8192M (100%)       8192M (100%)       8192M (100%)       8192M (100%)       8192M (100%)   
[159.170s][info][gc,heap     ] GC(63)      Free:     5432M (66%)        5408M (66%)        8006M (98%)        8008M (98%)        8008M (98%)        5404M (66%)    
[159.170s][info][gc,heap     ] GC(63)      Used:     2760M (34%)        2784M (34%)         186M (2%)          184M (2%)         2788M (34%)         184M (2%)     
[159.170s][info][gc,heap     ] GC(63)      Live:         -               132M (2%)          132M (2%)          132M (2%)             -                  -          
[159.170s][info][gc,heap     ] GC(63) Allocated:         -                24M (0%)           36M (0%)           40M (0%)             -                  -          
[159.170s][info][gc,heap     ] GC(63)   Garbage:         -              2627M (32%)          17M (0%)           11M (0%)             -                  -          
[159.170s][info][gc,heap     ] GC(63) Reclaimed:         -                  -              2610M (32%)        2616M (32%)            -                  -          
[159.170s][info][gc          ] GC(63) Garbage Collection (Proactive) 2760M(34%)->184M(2%)
[160.034s][info][gc,stats    ] === Garbage Collection Statistics =======================================================================================================================
[160.034s][info][gc,stats    ]                                                              Last 10s              Last 10m              Last 10h                Total
[160.034s][info][gc,stats    ]                                                              Avg / Max             Avg / Max             Avg / Max             Avg / Max
[160.034s][info][gc,stats    ]   Collector: Garbage Collection Cycle                     33.011 / 42.876       37.974 / 101.538      37.974 / 101.538      37.974 / 101.538     ms
[160.034s][info][gc,stats    ]  Contention: Mark Segment Reset Contention                     0 / 1                 0 / 3                 0 / 3                 0 / 3           ops/s
[160.034s][info][gc,stats    ]  Contention: Mark SeqNum Reset Contention                      0 / 0                 0 / 1                 0 / 1                 0 / 1           ops/s
[160.034s][info][gc,stats    ]    Critical: Allocation Stall                                  0 / 0                 0 / 0                 0 / 0                 0 / 0           ops/s
[160.034s][info][gc,stats    ]    Critical: Allocation Stall                              0.000 / 0.000         0.000 / 0.000         0.000 / 0.000         0.000 / 0.000       ms
[160.034s][info][gc,stats    ]    Critical: GC Locker Stall                                   0 / 0                 0 / 0                 0 / 0                 0 / 0           ops/s
[160.034s][info][gc,stats    ]    Critical: GC Locker Stall                               0.000 / 0.000         0.000 / 0.000         0.000 / 0.000         0.000 / 0.000       ms
[160.034s][info][gc,stats    ]    Critical: Relocation Stall                                  0 / 0                 0 / 0                 0 / 0                 0 / 0           ops/s
[160.034s][info][gc,stats    ]    Critical: Relocation Stall                              0.000 / 0.000         0.000 / 0.000         0.000 / 0.000         0.000 / 0.000       ms
[160.034s][info][gc,stats    ]      Memory: Allocation Rate                                1044 / 1056           1095 / 9228           1095 / 9228           1095 / 9228        MB/s
[160.035s][info][gc,stats    ]      Memory: Out Of Memory                                     0 / 0                 0 / 0                 0 / 0                 0 / 0           ops/s
[160.035s][info][gc,stats    ]      Memory: Page Cache Flush                                  0 / 0                 0 / 0                 0 / 0                 0 / 0           MB/s
[160.035s][info][gc,stats    ]      Memory: Page Cache Hit L1                               523 / 533             505 / 534             505 / 534             505 / 534         ops/s
[160.035s][info][gc,stats    ]      Memory: Page Cache Hit L2                                 0 / 0                 0 / 0                 0 / 0                 0 / 0           ops/s
[160.035s][info][gc,stats    ]      Memory: Page Cache Hit L3                                 0 / 0                17 / 524              17 / 524              17 / 524         ops/s
[160.035s][info][gc,stats    ]      Memory: Page Cache Miss                                   0 / 0                 0 / 1                 0 / 1                 0 / 1           ops/s
[160.035s][info][gc,stats    ]      Memory: Uncommit                                          0 / 0                 0 / 0                 0 / 0                 0 / 0           MB/s
[160.035s][info][gc,stats    ]      Memory: Undo Object Allocation Failed                     0 / 0                 0 / 0                 0 / 0                 0 / 0           ops/s
[160.035s][info][gc,stats    ]      Memory: Undo Object Allocation Succeeded                  0 / 0                 0 / 3                 0 / 3                 0 / 3           ops/s
[160.035s][info][gc,stats    ]      Memory: Undo Page Allocation                              0 / 0                 0 / 1                 0 / 1                 0 / 1           ops/s
[160.035s][info][gc,stats    ]       Phase: Concurrent Mark                              28.002 / 38.211       32.647 / 74.612       32.647 / 74.612       32.647 / 74.612      ms
[160.035s][info][gc,stats    ]       Phase: Concurrent Mark Continue                      0.000 / 0.000         0.000 / 0.000         0.000 / 0.000         0.000 / 0.000       ms
[160.035s][info][gc,stats    ]       Phase: Concurrent Process Non-Strong References      0.485 / 0.540         0.466 / 0.610         0.466 / 0.610         0.466 / 0.610       ms
[160.035s][info][gc,stats    ]       Phase: Concurrent Relocate                           0.777 / 1.394         1.068 / 13.482        1.068 / 13.482        1.068 / 13.482      ms
[160.035s][info][gc,stats    ]       Phase: Concurrent Reset Relocation Set               0.002 / 0.002         0.003 / 0.043         0.003 / 0.043         0.003 / 0.043       ms
[160.035s][info][gc,stats    ]       Phase: Concurrent Select Relocation Set              2.891 / 2.966         3.039 / 12.132        3.039 / 12.132        3.039 / 12.132      ms
[160.035s][info][gc,stats    ]       Phase: Pause Mark End                                0.009 / 0.009         0.009 / 0.017         0.009 / 0.017         0.009 / 0.017       ms
[160.035s][info][gc,stats    ]       Phase: Pause Mark Start                              0.007 / 0.008         0.008 / 0.027         0.008 / 0.027         0.008 / 0.027       ms
[160.035s][info][gc,stats    ]       Phase: Pause Relocate Start                          0.004 / 0.005         0.004 / 0.005         0.004 / 0.005         0.004 / 0.005       ms
[160.035s][info][gc,stats    ]    Subphase: Concurrent Classes Purge                      0.033 / 0.043         0.030 / 0.047         0.030 / 0.047         0.030 / 0.047       ms
[160.035s][info][gc,stats    ]    Subphase: Concurrent Classes Unlink                     0.302 / 0.324         0.289 / 0.324         0.289 / 0.324         0.289 / 0.324       ms
[160.035s][info][gc,stats    ]    Subphase: Concurrent Mark                              27.004 / 37.864       31.661 / 74.133       31.661 / 74.133       31.661 / 74.133      ms
[160.035s][info][gc,stats    ]    Subphase: Concurrent Mark Idle                          1.405 / 1.542         1.384 / 1.620         1.384 / 1.620         1.384 / 1.620       ms
[160.035s][info][gc,stats    ]    Subphase: Concurrent Mark Try Flush                     0.027 / 0.057         0.039 / 0.111         0.039 / 0.111         0.039 / 0.111       ms
[160.035s][info][gc,stats    ]    Subphase: Concurrent Mark Try Terminate                 0.585 / 1.544         0.508 / 1.623         0.508 / 1.623         0.508 / 1.623       ms
[160.035s][info][gc,stats    ]    Subphase: Concurrent References Enqueue                 0.000 / 0.001         0.000 / 0.003         0.000 / 0.003         0.000 / 0.003       ms
[160.035s][info][gc,stats    ]    Subphase: Concurrent References Process                 0.028 / 0.036         0.025 / 0.043         0.025 / 0.043         0.025 / 0.043       ms
[160.035s][info][gc,stats    ]    Subphase: Concurrent Roots ClassLoaderDataGraph         0.025 / 0.076         0.030 / 0.112         0.030 / 0.112         0.030 / 0.112       ms
[160.035s][info][gc,stats    ]    Subphase: Concurrent Roots CodeCache                    0.000 / 0.000         0.000 / 0.000         0.000 / 0.000         0.000 / 0.000       ms
[160.035s][info][gc,stats    ]    Subphase: Concurrent Roots JavaThreads                  0.210 / 0.243         0.264 / 0.394         0.264 / 0.394         0.264 / 0.394       ms
[160.035s][info][gc,stats    ]    Subphase: Concurrent Roots OopStorageSet                0.006 / 0.008         0.007 / 0.014         0.007 / 0.014         0.007 / 0.014       ms
[160.035s][info][gc,stats    ]    Subphase: Concurrent Weak Roots OopStorageSet           0.045 / 0.056         0.052 / 0.090         0.052 / 0.090         0.052 / 0.090       ms
[160.035s][info][gc,stats    ]    Subphase: Pause Mark Try Complete                       0.000 / 0.000         0.000 / 0.000         0.000 / 0.000         0.000 / 0.000       ms
[160.035s][info][gc,stats    ]      System: Java Threads                                     16 / 16               16 / 19               16 / 19               16 / 19          threads
[160.035s][info][gc,stats    ] =========================================================================================================================================================
[161.234s][info][gc,start    ] GC(64) Garbage Collection (Proactive)
[161.234s][info][gc,phases   ] GC(64) Pause Mark Start 0.005ms
[161.256s][info][gc,phases   ] GC(64) Concurrent Mark 22.135ms
[161.256s][info][gc,phases   ] GC(64) Pause Mark End 0.008ms
[161.257s][info][gc,phases   ] GC(64) Concurrent Process Non-Strong References 0.530ms
[161.257s][info][gc,phases   ] GC(64) Concurrent Reset Relocation Set 0.002ms
[161.260s][info][gc,phases   ] GC(64) Concurrent Select Relocation Set 2.873ms
[161.260s][info][gc,phases   ] GC(64) Pause Relocate Start 0.005ms
[161.260s][info][gc,phases   ] GC(64) Concurrent Relocate 0.538ms
[161.260s][info][gc,load     ] GC(64) Load: 2.98/3.03/2.67
[161.260s][info][gc,mmu      ] GC(64) MMU: 2ms/98.7%, 5ms/99.5%, 10ms/99.7%, 20ms/99.9%, 50ms/99.9%, 100ms/100.0%
[161.260s][info][gc,marking  ] GC(64) Mark: 2 stripe(s), 2 proactive flush(es), 1 terminate flush(es), 0 completion(s), 0 continuation(s) 
[161.260s][info][gc,nmethod  ] GC(64) NMethods: 489 registered, 0 unregistered
[161.260s][info][gc,metaspace] GC(64) Metaspace: 0M used, 0M committed, 1032M reserved
[161.260s][info][gc,ref      ] GC(64) Soft: 82 encountered, 0 discovered, 0 enqueued
[161.260s][info][gc,ref      ] GC(64) Weak: 200 encountered, 6 discovered, 0 enqueued
[161.260s][info][gc,ref      ] GC(64) Final: 0 encountered, 0 discovered, 0 enqueued
[161.260s][info][gc,ref      ] GC(64) Phantom: 5 encountered, 4 discovered, 0 enqueued
[161.260s][info][gc,reloc    ] GC(64) Small Pages: 1165 / 2330M, Empty: 2174M, Relocated: 3M, In-Place: 0
[161.260s][info][gc,reloc    ] GC(64) Medium Pages: 0 / 0M, Empty: 0M, Relocated: 0M, In-Place: 0
[161.260s][info][gc,reloc    ] GC(64) Large Pages: 0 / 0M, Empty: 0M, Relocated: 0M, In-Place: 0
[161.260s][info][gc,reloc    ] GC(64) Forwarding Usage: 0M
[161.260s][info][gc,heap     ] GC(64) Min Capacity: 8192M(100%)
[161.260s][info][gc,heap     ] GC(64) Max Capacity: 8192M(100%)
[161.260s][info][gc,heap     ] GC(64) Soft Max Capacity: 8192M(100%)
[161.260s][info][gc,heap     ] GC(64)                Mark Start          Mark End        Relocate Start      Relocate End           High               Low         
[161.260s][info][gc,heap     ] GC(64)  Capacity:     8192M (100%)       8192M (100%)       8192M (100%)       8192M (100%)       8192M (100%)       8192M (100%)   
[161.260s][info][gc,heap     ] GC(64)      Free:     5862M (72%)        5838M (71%)        8004M (98%)        8020M (98%)        8020M (98%)        5830M (71%)    
[161.260s][info][gc,heap     ] GC(64)      Used:     2330M (28%)        2354M (29%)         188M (2%)          172M (2%)         2362M (29%)         172M (2%)     
[161.260s][info][gc,heap     ] GC(64)      Live:         -               132M (2%)          132M (2%)          132M (2%)             -                  -          
[161.260s][info][gc,heap     ] GC(64) Allocated:         -                24M (0%)           32M (0%)           32M (0%)             -                  -          
[161.260s][info][gc,heap     ] GC(64)   Garbage:         -              2197M (27%)          23M (0%)            7M (0%)             -                  -          
[161.260s][info][gc,heap     ] GC(64) Reclaimed:         -                  -              2174M (27%)        2190M (27%)            -                  -          
[161.260s][info][gc          ] GC(64) Garbage Collection (Proactive) 2330M(28%)->172M(2%)
[163.141s][info][gc,start    ] GC(65) Garbage Collection (Proactive)
[163.141s][info][gc,phases   ] GC(65) Pause Mark Start 0.008ms
[163.165s][info][gc,phases   ] GC(65) Concurrent Mark 24.272ms
[163.166s][info][gc,phases   ] GC(65) Pause Mark End 0.009ms
[163.166s][info][gc,phases   ] GC(65) Concurrent Process Non-Strong References 0.531ms
[163.166s][info][gc,phases   ] GC(65) Concurrent Reset Relocation Set 0.003ms
[163.169s][info][gc,phases   ] GC(65) Concurrent Select Relocation Set 2.987ms
[163.169s][info][gc,phases   ] GC(65) Pause Relocate Start 0.006ms
[163.170s][info][gc,phases   ] GC(65) Concurrent Relocate 0.781ms
[163.170s][info][gc,load     ] GC(65) Load: 3.07/3.05/2.68
[163.170s][info][gc,mmu      ] GC(65) MMU: 2ms/98.7%, 5ms/99.5%, 10ms/99.7%, 20ms/99.9%, 50ms/99.9%, 100ms/100.0%
[163.170s][info][gc,marking  ] GC(65) Mark: 2 stripe(s), 2 proactive flush(es), 1 terminate flush(es), 0 completion(s), 0 continuation(s) 
[163.170s][info][gc,nmethod  ] GC(65) NMethods: 489 registered, 0 unregistered
[163.170s][info][gc,metaspace] GC(65) Metaspace: 0M used, 0M committed, 1032M reserved
[163.170s][info][gc,ref      ] GC(65) Soft: 82 encountered, 0 discovered, 0 enqueued
[163.170s][info][gc,ref      ] GC(65) Weak: 200 encountered, 83 discovered, 0 enqueued
[163.170s][info][gc,ref      ] GC(65) Final: 0 encountered, 0 discovered, 0 enqueued
[163.170s][info][gc,ref      ] GC(65) Phantom: 5 encountered, 3 discovered, 0 enqueued
[163.170s][info][gc,reloc    ] GC(65) Small Pages: 1066 / 2132M, Empty: 1984M, Relocated: 5M, In-Place: 0
[163.170s][info][gc,reloc    ] GC(65) Medium Pages: 0 / 0M, Empty: 0M, Relocated: 0M, In-Place: 0
[163.170s][info][gc,reloc    ] GC(65) Large Pages: 0 / 0M, Empty: 0M, Relocated: 0M, In-Place: 0
[163.170s][info][gc,reloc    ] GC(65) Forwarding Usage: 0M
[163.170s][info][gc,heap     ] GC(65) Min Capacity: 8192M(100%)
[163.170s][info][gc,heap     ] GC(65) Max Capacity: 8192M(100%)
[163.170s][info][gc,heap     ] GC(65) Soft Max Capacity: 8192M(100%)
[163.170s][info][gc,heap     ] GC(65)                Mark Start          Mark End        Relocate Start      Relocate End           High               Low         
[163.170s][info][gc,heap     ] GC(65)  Capacity:     8192M (100%)       8192M (100%)       8192M (100%)       8192M (100%)       8192M (100%)       8192M (100%)   
[163.170s][info][gc,heap     ] GC(65)      Free:     6060M (74%)        6036M (74%)        8012M (98%)        8016M (98%)        8016M (98%)        6028M (74%)    
[163.170s][info][gc,heap     ] GC(65)      Used:     2132M (26%)        2156M (26%)         180M (2%)          176M (2%)         2164M (26%)         176M (2%)     
[163.170s][info][gc,heap     ] GC(65)      Live:         -               132M (2%)          132M (2%)          132M (2%)             -                  -          
[163.170s][info][gc,heap     ] GC(65) Allocated:         -                24M (0%)           32M (0%)           32M (0%)             -                  -          
[163.170s][info][gc,heap     ] GC(65)   Garbage:         -              1999M (24%)          15M (0%)           11M (0%)             -                  -          
[163.170s][info][gc,heap     ] GC(65) Reclaimed:         -                  -              1984M (24%)        1988M (24%)            -                  -          
[163.170s][info][gc          ] GC(65) Garbage Collection (Proactive) 2132M(26%)->176M(2%)
[164.843s][info][gc,start    ] GC(66) Garbage Collection (Proactive)
[164.844s][info][gc,phases   ] GC(66) Pause Mark Start 0.007ms
[164.870s][info][gc,phases   ] GC(66) Concurrent Mark 25.992ms
[164.870s][info][gc,phases   ] GC(66) Pause Mark End 0.009ms
[164.870s][info][gc,phases   ] GC(66) Concurrent Process Non-Strong References 0.447ms
[164.870s][info][gc,phases   ] GC(66) Concurrent Reset Relocation Set 0.001ms
[164.873s][info][gc,phases   ] GC(66) Concurrent Select Relocation Set 2.754ms
[164.873s][info][gc,phases   ] GC(66) Pause Relocate Start 0.004ms
[164.874s][info][gc,phases   ] GC(66) Concurrent Relocate 0.504ms
[164.874s][info][gc,load     ] GC(66) Load: 3.07/3.05/2.68
[164.874s][info][gc,mmu      ] GC(66) MMU: 2ms/98.7%, 5ms/99.5%, 10ms/99.7%, 20ms/99.9%, 50ms/99.9%, 100ms/100.0%
[164.874s][info][gc,marking  ] GC(66) Mark: 2 stripe(s), 2 proactive flush(es), 1 terminate flush(es), 0 completion(s), 0 continuation(s) 
[164.874s][info][gc,nmethod  ] GC(66) NMethods: 489 registered, 0 unregistered
[164.874s][info][gc,metaspace] GC(66) Metaspace: 0M used, 0M committed, 1032M reserved
[164.874s][info][gc,ref      ] GC(66) Soft: 82 encountered, 0 discovered, 0 enqueued
[164.874s][info][gc,ref      ] GC(66) Weak: 200 encountered, 71 discovered, 0 enqueued
[164.874s][info][gc,ref      ] GC(66) Final: 0 encountered, 0 discovered, 0 enqueued
[164.874s][info][gc,ref      ] GC(66) Phantom: 5 encountered, 3 discovered, 0 enqueued
[164.874s][info][gc,reloc    ] GC(66) Small Pages: 960 / 1920M, Empty: 1770M, Relocated: 3M, In-Place: 0
[164.874s][info][gc,reloc    ] GC(66) Medium Pages: 0 / 0M, Empty: 0M, Relocated: 0M, In-Place: 0
[164.874s][info][gc,reloc    ] GC(66) Large Pages: 0 / 0M, Empty: 0M, Relocated: 0M, In-Place: 0
[164.874s][info][gc,reloc    ] GC(66) Forwarding Usage: 0M
[164.874s][info][gc,heap     ] GC(66) Min Capacity: 8192M(100%)
[164.874s][info][gc,heap     ] GC(66) Max Capacity: 8192M(100%)
[164.874s][info][gc,heap     ] GC(66) Soft Max Capacity: 8192M(100%)
[164.874s][info][gc,heap     ] GC(66)                Mark Start          Mark End        Relocate Start      Relocate End           High               Low         
[164.874s][info][gc,heap     ] GC(66)  Capacity:     8192M (100%)       8192M (100%)       8192M (100%)       8192M (100%)       8192M (100%)       8192M (100%)   
[164.874s][info][gc,heap     ] GC(66)      Free:     6272M (77%)        6240M (76%)        8010M (98%)        8018M (98%)        8018M (98%)        6240M (76%)    
[164.874s][info][gc,heap     ] GC(66)      Used:     1920M (23%)        1952M (24%)         182M (2%)          174M (2%)         1952M (24%)         174M (2%)     
[164.874s][info][gc,heap     ] GC(66)      Live:         -               132M (2%)          132M (2%)          132M (2%)             -                  -          
[164.874s][info][gc,heap     ] GC(66) Allocated:         -                32M (0%)           32M (0%)           32M (0%)             -                  -          
[164.874s][info][gc,heap     ] GC(66)   Garbage:         -              1787M (22%)          17M (0%)            9M (0%)             -                  -          
[164.874s][info][gc,heap     ] GC(66) Reclaimed:         -                  -              1770M (22%)        1778M (22%)            -                  -          
[164.874s][info][gc          ] GC(66) Garbage Collection (Proactive) 1920M(23%)->174M(2%)
[166.536s][info][gc,start    ] GC(67) Garbage Collection (Proactive)
[166.536s][info][gc,phases   ] GC(67) Pause Mark Start 0.005ms
[166.559s][info][gc,phases   ] GC(67) Concurrent Mark 22.863ms
[166.559s][info][gc,phases   ] GC(67) Pause Mark End 0.010ms
[166.560s][info][gc,phases   ] GC(67) Concurrent Process Non-Strong References 0.445ms
[166.560s][info][gc,phases   ] GC(67) Concurrent Reset Relocation Set 0.001ms
[166.563s][info][gc,phases   ] GC(67) Concurrent Select Relocation Set 2.785ms
[166.563s][info][gc,phases   ] GC(67) Pause Relocate Start 0.005ms
[166.563s][info][gc,phases   ] GC(67) Concurrent Relocate 0.545ms
[166.563s][info][gc,load     ] GC(67) Load: 3.14/3.06/2.69
[166.564s][info][gc,mmu      ] GC(67) MMU: 2ms/98.7%, 5ms/99.5%, 10ms/99.7%, 20ms/99.9%, 50ms/99.9%, 100ms/100.0%
[166.564s][info][gc,marking  ] GC(67) Mark: 2 stripe(s), 2 proactive flush(es), 1 terminate flush(es), 0 completion(s), 0 continuation(s) 
[166.564s][info][gc,nmethod  ] GC(67) NMethods: 489 registered, 0 unregistered
[166.564s][info][gc,metaspace] GC(67) Metaspace: 0M used, 0M committed, 1032M reserved
[166.564s][info][gc,ref      ] GC(67) Soft: 82 encountered, 0 discovered, 0 enqueued
[166.564s][info][gc,ref      ] GC(67) Weak: 200 encountered, 29 discovered, 0 enqueued
[166.564s][info][gc,ref      ] GC(67) Final: 0 encountered, 0 discovered, 0 enqueued
[166.564s][info][gc,ref      ] GC(67) Phantom: 5 encountered, 3 discovered, 0 enqueued
[166.564s][info][gc,reloc    ] GC(67) Small Pages: 957 / 1914M, Empty: 1756M, Relocated: 2M, In-Place: 0
[166.564s][info][gc,reloc    ] GC(67) Medium Pages: 0 / 0M, Empty: 0M, Relocated: 0M, In-Place: 0
[166.564s][info][gc,reloc    ] GC(67) Large Pages: 0 / 0M, Empty: 0M, Relocated: 0M, In-Place: 0
[166.564s][info][gc,reloc    ] GC(67) Forwarding Usage: 0M
[166.564s][info][gc,heap     ] GC(67) Min Capacity: 8192M(100%)
[166.564s][info][gc,heap     ] GC(67) Max Capacity: 8192M(100%)
[166.564s][info][gc,heap     ] GC(67) Soft Max Capacity: 8192M(100%)
[166.564s][info][gc,heap     ] GC(67)                Mark Start          Mark End        Relocate Start      Relocate End           High               Low         
[166.564s][info][gc,heap     ] GC(67)  Capacity:     8192M (100%)       8192M (100%)       8192M (100%)       8192M (100%)       8192M (100%)       8192M (100%)   
[166.564s][info][gc,heap     ] GC(67)      Free:     6278M (77%)        6250M (76%)        8006M (98%)        8024M (98%)        8024M (98%)        6250M (76%)    
[166.564s][info][gc,heap     ] GC(67)      Used:     1914M (23%)        1942M (24%)         186M (2%)          168M (2%)         1942M (24%)         168M (2%)     
[166.564s][info][gc,heap     ] GC(67)      Live:         -               132M (2%)          132M (2%)          132M (2%)             -                  -          
[166.564s][info][gc,heap     ] GC(67) Allocated:         -                28M (0%)           28M (0%)           28M (0%)             -                  -          
[166.564s][info][gc,heap     ] GC(67)   Garbage:         -              1781M (22%)          25M (0%)            7M (0%)             -                  -          
[166.564s][info][gc,heap     ] GC(67) Reclaimed:         -                  -              1756M (21%)        1774M (22%)            -                  -          
[166.564s][info][gc          ] GC(67) Garbage Collection (Proactive) 1914M(23%)->168M(2%)
[168.235s][info][gc,start    ] GC(68) Garbage Collection (Proactive)
[168.236s][info][gc,phases   ] GC(68) Pause Mark Start 0.008ms
[168.261s][info][gc,phases   ] GC(68) Concurrent Mark 25.130ms
[168.261s][info][gc,phases   ] GC(68) Pause Mark End 0.009ms
[168.262s][info][gc,phases   ] GC(68) Concurrent Process Non-Strong References 0.462ms
[168.262s][info][gc,phases   ] GC(68) Concurrent Reset Relocation Set 0.002ms
[168.265s][info][gc,phases   ] GC(68) Concurrent Select Relocation Set 2.866ms
[168.265s][info][gc,phases   ] GC(68) Pause Relocate Start 0.004ms
[168.265s][info][gc,phases   ] GC(68) Concurrent Relocate 0.361ms
[168.265s][info][gc,load     ] GC(68) Load: 3.14/3.06/2.69
[168.265s][info][gc,mmu      ] GC(68) MMU: 2ms/98.7%, 5ms/99.5%, 10ms/99.7%, 20ms/99.9%, 50ms/99.9%, 100ms/100.0%
[168.265s][info][gc,marking  ] GC(68) Mark: 2 stripe(s), 2 proactive flush(es), 1 terminate flush(es), 0 completion(s), 0 continuation(s) 
[168.265s][info][gc,nmethod  ] GC(68) NMethods: 489 registered, 0 unregistered
[168.265s][info][gc,metaspace] GC(68) Metaspace: 0M used, 0M committed, 1032M reserved
[168.265s][info][gc,ref      ] GC(68) Soft: 82 encountered, 0 discovered, 0 enqueued
[168.265s][info][gc,ref      ] GC(68) Weak: 200 encountered, 71 discovered, 0 enqueued
[168.265s][info][gc,ref      ] GC(68) Final: 0 encountered, 0 discovered, 0 enqueued
[168.265s][info][gc,ref      ] GC(68) Phantom: 5 encountered, 3 discovered, 0 enqueued
[168.265s][info][gc,reloc    ] GC(68) Small Pages: 956 / 1912M, Empty: 1766M, Relocated: 2M, In-Place: 0
[168.265s][info][gc,reloc    ] GC(68) Medium Pages: 0 / 0M, Empty: 0M, Relocated: 0M, In-Place: 0
[168.265s][info][gc,reloc    ] GC(68) Large Pages: 0 / 0M, Empty: 0M, Relocated: 0M, In-Place: 0
[168.265s][info][gc,reloc    ] GC(68) Forwarding Usage: 0M
[168.265s][info][gc,heap     ] GC(68) Min Capacity: 8192M(100%)
[168.265s][info][gc,heap     ] GC(68) Max Capacity: 8192M(100%)
[168.265s][info][gc,heap     ] GC(68) Soft Max Capacity: 8192M(100%)
[168.265s][info][gc,heap     ] GC(68)                Mark Start          Mark End        Relocate Start      Relocate End           High               Low         
[168.265s][info][gc,heap     ] GC(68)  Capacity:     8192M (100%)       8192M (100%)       8192M (100%)       8192M (100%)       8192M (100%)       8192M (100%)   
[168.265s][info][gc,heap     ] GC(68)      Free:     6280M (77%)        6248M (76%)        8014M (98%)        8018M (98%)        8018M (98%)        6248M (76%)    
[168.265s][info][gc,heap     ] GC(68)      Used:     1912M (23%)        1944M (24%)         178M (2%)          174M (2%)         1944M (24%)         174M (2%)     
[168.265s][info][gc,heap     ] GC(68)      Live:         -               132M (2%)          132M (2%)          132M (2%)             -                  -          
[168.265s][info][gc,heap     ] GC(68) Allocated:         -                32M (0%)           32M (0%)           32M (0%)             -                  -          
[168.265s][info][gc,heap     ] GC(68)   Garbage:         -              1779M (22%)          13M (0%)            9M (0%)             -                  -          
[168.265s][info][gc,heap     ] GC(68) Reclaimed:         -                  -              1766M (22%)        1770M (22%)            -                  -          
[168.265s][info][gc          ] GC(68) Garbage Collection (Proactive) 1912M(23%)->174M(2%)
[169.940s][info][gc,start    ] GC(69) Garbage Collection (Proactive)
[169.940s][info][gc,phases   ] GC(69) Pause Mark Start 0.007ms
[169.965s][info][gc,phases   ] GC(69) Concurrent Mark 24.497ms
[169.965s][info][gc,phases   ] GC(69) Pause Mark End 0.009ms
[169.966s][info][gc,phases   ] GC(69) Concurrent Process Non-Strong References 0.554ms
[169.966s][info][gc,phases   ] GC(69) Concurrent Reset Relocation Set 0.002ms
[169.969s][info][gc,phases   ] GC(69) Concurrent Select Relocation Set 2.988ms
[169.969s][info][gc,phases   ] GC(69) Pause Relocate Start 0.005ms
[169.970s][info][gc,phases   ] GC(69) Concurrent Relocate 0.929ms
[169.970s][info][gc,load     ] GC(69) Load: 3.14/3.06/2.69
[169.970s][info][gc,mmu      ] GC(69) MMU: 2ms/98.7%, 5ms/99.5%, 10ms/99.7%, 20ms/99.9%, 50ms/99.9%, 100ms/100.0%
[169.970s][info][gc,marking  ] GC(69) Mark: 2 stripe(s), 2 proactive flush(es), 1 terminate flush(es), 0 completion(s), 0 continuation(s) 
[169.970s][info][gc,nmethod  ] GC(69) NMethods: 489 registered, 0 unregistered
[169.970s][info][gc,metaspace] GC(69) Metaspace: 0M used, 0M committed, 1032M reserved
[169.970s][info][gc,ref      ] GC(69) Soft: 82 encountered, 0 discovered, 0 enqueued
[169.970s][info][gc,ref      ] GC(69) Weak: 200 encountered, 77 discovered, 0 enqueued
[169.970s][info][gc,ref      ] GC(69) Final: 0 encountered, 0 discovered, 0 enqueued
[169.970s][info][gc,ref      ] GC(69) Phantom: 5 encountered, 3 discovered, 0 enqueued
[169.970s][info][gc,reloc    ] GC(69) Small Pages: 963 / 1926M, Empty: 1780M, Relocated: 6M, In-Place: 0
[169.970s][info][gc,reloc    ] GC(69) Medium Pages: 0 / 0M, Empty: 0M, Relocated: 0M, In-Place: 0
[169.970s][info][gc,reloc    ] GC(69) Large Pages: 0 / 0M, Empty: 0M, Relocated: 0M, In-Place: 0
[169.970s][info][gc,reloc    ] GC(69) Forwarding Usage: 0M
[169.970s][info][gc,heap     ] GC(69) Min Capacity: 8192M(100%)
[169.970s][info][gc,heap     ] GC(69) Max Capacity: 8192M(100%)
[169.970s][info][gc,heap     ] GC(69) Soft Max Capacity: 8192M(100%)
[169.970s][info][gc,heap     ] GC(69)                Mark Start          Mark End        Relocate Start      Relocate End           High               Low         
[169.970s][info][gc,heap     ] GC(69)  Capacity:     8192M (100%)       8192M (100%)       8192M (100%)       8192M (100%)       8192M (100%)       8192M (100%)   
[169.970s][info][gc,heap     ] GC(69)      Free:     6266M (76%)        6242M (76%)        8014M (98%)        8018M (98%)        8018M (98%)        6236M (76%)    
[169.970s][info][gc,heap     ] GC(69)      Used:     1926M (24%)        1950M (24%)         178M (2%)          174M (2%)         1956M (24%)         174M (2%)     
[169.970s][info][gc,heap     ] GC(69)      Live:         -               132M (2%)          132M (2%)          132M (2%)             -                  -          
[169.970s][info][gc,heap     ] GC(69) Allocated:         -                24M (0%)           32M (0%)           32M (0%)             -                  -          
[169.970s][info][gc,heap     ] GC(69)   Garbage:         -              1793M (22%)          13M (0%)            9M (0%)             -                  -          
[169.970s][info][gc,heap     ] GC(69) Reclaimed:         -                  -              1780M (22%)        1784M (22%)            -                  -          
[169.970s][info][gc          ] GC(69) Garbage Collection (Proactive) 1926M(24%)->174M(2%)
[170.034s][info][gc,stats    ] === Garbage Collection Statistics =======================================================================================================================
[170.035s][info][gc,stats    ]                                                              Last 10s              Last 10m              Last 10h                Total
[170.035s][info][gc,stats    ]                                                              Avg / Max             Avg / Max             Avg / Max             Avg / Max
[170.035s][info][gc,stats    ]   Collector: Garbage Collection Cycle                     28.846 / 30.229       37.192 / 101.538      37.192 / 101.538      37.192 / 101.538     ms
[170.035s][info][gc,stats    ]  Contention: Mark Segment Reset Contention                     0 / 0                 0 / 3                 0 / 3                 0 / 3           ops/s
[170.035s][info][gc,stats    ]  Contention: Mark SeqNum Reset Contention                      0 / 0                 0 / 1                 0 / 1                 0 / 1           ops/s
[170.035s][info][gc,stats    ]    Critical: Allocation Stall                                  0 / 0                 0 / 0                 0 / 0                 0 / 0           ops/s
[170.035s][info][gc,stats    ]    Critical: Allocation Stall                              0.000 / 0.000         0.000 / 0.000         0.000 / 0.000         0.000 / 0.000       ms
[170.035s][info][gc,stats    ]    Critical: GC Locker Stall                                   0 / 0                 0 / 0                 0 / 0                 0 / 0           ops/s
[170.035s][info][gc,stats    ]    Critical: GC Locker Stall                               0.000 / 0.000         0.000 / 0.000         0.000 / 0.000         0.000 / 0.000       ms
[170.035s][info][gc,stats    ]    Critical: Relocation Stall                                  0 / 0                 0 / 0                 0 / 0                 0 / 0           ops/s
[170.035s][info][gc,stats    ]    Critical: Relocation Stall                              0.000 / 0.000         0.000 / 0.000         0.000 / 0.000         0.000 / 0.000       ms
[170.035s][info][gc,stats    ]      Memory: Allocation Rate                                1044 / 1056           1092 / 9228           1092 / 9228           1092 / 9228        MB/s
[170.035s][info][gc,stats    ]      Memory: Out Of Memory                                     0 / 0                 0 / 0                 0 / 0                 0 / 0           ops/s
[170.035s][info][gc,stats    ]      Memory: Page Cache Flush                                  0 / 0                 0 / 0                 0 / 0                 0 / 0           MB/s
[170.035s][info][gc,stats    ]      Memory: Page Cache Hit L1                               523 / 530             506 / 534             506 / 534             506 / 534         ops/s
[170.035s][info][gc,stats    ]      Memory: Page Cache Hit L2                                 0 / 0                 0 / 0                 0 / 0                 0 / 0           ops/s
[170.035s][info][gc,stats    ]      Memory: Page Cache Hit L3                                 0 / 0                16 / 524              16 / 524              16 / 524         ops/s
[170.035s][info][gc,stats    ]      Memory: Page Cache Miss                                   0 / 0                 0 / 1                 0 / 1                 0 / 1           ops/s
[170.035s][info][gc,stats    ]      Memory: Uncommit                                          0 / 0                 0 / 0                 0 / 0                 0 / 0           MB/s
[170.035s][info][gc,stats    ]      Memory: Undo Object Allocation Failed                     0 / 0                 0 / 0                 0 / 0                 0 / 0           ops/s
[170.035s][info][gc,stats    ]      Memory: Undo Object Allocation Succeeded                  0 / 0                 0 / 3                 0 / 3                 0 / 3           ops/s
[170.035s][info][gc,stats    ]      Memory: Undo Page Allocation                              0 / 0                 0 / 1                 0 / 1                 0 / 1           ops/s
[170.035s][info][gc,stats    ]       Phase: Concurrent Mark                              24.148 / 25.992       31.918 / 74.612       31.918 / 74.612       31.918 / 74.612      ms
[170.035s][info][gc,stats    ]       Phase: Concurrent Mark Continue                      0.000 / 0.000         0.000 / 0.000         0.000 / 0.000         0.000 / 0.000       ms
[170.035s][info][gc,stats    ]       Phase: Concurrent Process Non-Strong References      0.495 / 0.554         0.469 / 0.610         0.469 / 0.610         0.469 / 0.610       ms
[170.035s][info][gc,stats    ]       Phase: Concurrent Relocate                           0.609 / 0.929         1.029 / 13.482        1.029 / 13.482        1.029 / 13.482      ms
[170.035s][info][gc,stats    ]       Phase: Concurrent Reset Relocation Set               0.002 / 0.003         0.003 / 0.043         0.003 / 0.043         0.003 / 0.043       ms
[170.035s][info][gc,stats    ]       Phase: Concurrent Select Relocation Set              2.876 / 2.988         3.025 / 12.132        3.025 / 12.132        3.025 / 12.132      ms
[170.035s][info][gc,stats    ]       Phase: Pause Mark End                                0.009 / 0.010         0.009 / 0.017         0.009 / 0.017         0.009 / 0.017       ms
[170.035s][info][gc,stats    ]       Phase: Pause Mark Start                              0.007 / 0.008         0.008 / 0.027         0.008 / 0.027         0.008 / 0.027       ms
[170.035s][info][gc,stats    ]       Phase: Pause Relocate Start                          0.005 / 0.006         0.004 / 0.006         0.004 / 0.006         0.004 / 0.006       ms
[170.035s][info][gc,stats    ]    Subphase: Concurrent Classes Purge                      0.034 / 0.047         0.031 / 0.047         0.031 / 0.047         0.031 / 0.047       ms
[170.035s][info][gc,stats    ]    Subphase: Concurrent Classes Unlink                     0.300 / 0.310         0.290 / 0.324         0.290 / 0.324         0.290 / 0.324       ms
[170.035s][info][gc,stats    ]    Subphase: Concurrent Mark                              23.203 / 25.556       30.936 / 74.133       30.936 / 74.133       30.936 / 74.133      ms
[170.035s][info][gc,stats    ]    Subphase: Concurrent Mark Idle                          1.458 / 1.541         1.390 / 1.620         1.390 / 1.620         1.390 / 1.620       ms
[170.035s][info][gc,stats    ]    Subphase: Concurrent Mark Try Flush                     0.035 / 0.100         0.039 / 0.111         0.039 / 0.111         0.039 / 0.111       ms
[170.035s][info][gc,stats    ]    Subphase: Concurrent Mark Try Terminate                 0.545 / 1.542         0.511 / 1.623         0.511 / 1.623         0.511 / 1.623       ms
[170.035s][info][gc,stats    ]    Subphase: Concurrent References Enqueue                 0.000 / 0.001         0.000 / 0.003         0.000 / 0.003         0.000 / 0.003       ms
[170.035s][info][gc,stats    ]    Subphase: Concurrent References Process                 0.025 / 0.031         0.025 / 0.043         0.025 / 0.043         0.025 / 0.043       ms
[170.035s][info][gc,stats    ]    Subphase: Concurrent Roots ClassLoaderDataGraph         0.024 / 0.054         0.029 / 0.112         0.029 / 0.112         0.029 / 0.112       ms
[170.035s][info][gc,stats    ]    Subphase: Concurrent Roots CodeCache                    0.000 / 0.000         0.000 / 0.000         0.000 / 0.000         0.000 / 0.000       ms
[170.035s][info][gc,stats    ]    Subphase: Concurrent Roots JavaThreads                  0.239 / 0.309         0.261 / 0.394         0.261 / 0.394         0.261 / 0.394       ms
[170.035s][info][gc,stats    ]    Subphase: Concurrent Roots OopStorageSet                0.006 / 0.008         0.007 / 0.014         0.007 / 0.014         0.007 / 0.014       ms
[170.035s][info][gc,stats    ]    Subphase: Concurrent Weak Roots OopStorageSet           0.047 / 0.058         0.051 / 0.090         0.051 / 0.090         0.051 / 0.090       ms
[170.035s][info][gc,stats    ]    Subphase: Pause Mark Try Complete                       0.000 / 0.000         0.000 / 0.000         0.000 / 0.000         0.000 / 0.000       ms
[170.035s][info][gc,stats    ]      System: Java Threads                                     16 / 16               16 / 19               16 / 19               16 / 19          threads
[170.035s][info][gc,stats    ] =========================================================================================================================================================
[171.538s][info][gc,start    ] GC(70) Garbage Collection (Proactive)
[171.538s][info][gc,phases   ] GC(70) Pause Mark Start 0.006ms
[171.575s][info][gc,phases   ] GC(70) Concurrent Mark 36.751ms
[171.575s][info][gc,phases   ] GC(70) Pause Mark End 0.009ms
[171.576s][info][gc,phases   ] GC(70) Concurrent Process Non-Strong References 0.554ms
[171.576s][info][gc,phases   ] GC(70) Concurrent Reset Relocation Set 0.002ms
[171.579s][info][gc,phases   ] GC(70) Concurrent Select Relocation Set 2.844ms
[171.579s][info][gc,phases   ] GC(70) Pause Relocate Start 0.005ms
[171.580s][info][gc,phases   ] GC(70) Concurrent Relocate 0.861ms
[171.580s][info][gc,load     ] GC(70) Load: 2.89/3.01/2.67
[171.580s][info][gc,mmu      ] GC(70) MMU: 2ms/98.7%, 5ms/99.5%, 10ms/99.7%, 20ms/99.9%, 50ms/99.9%, 100ms/100.0%
[171.580s][info][gc,marking  ] GC(70) Mark: 2 stripe(s), 2 proactive flush(es), 1 terminate flush(es), 0 completion(s), 0 continuation(s) 
[171.580s][info][gc,nmethod  ] GC(70) NMethods: 489 registered, 0 unregistered
[171.580s][info][gc,metaspace] GC(70) Metaspace: 0M used, 0M committed, 1032M reserved
[171.580s][info][gc,ref      ] GC(70) Soft: 82 encountered, 0 discovered, 0 enqueued
[171.580s][info][gc,ref      ] GC(70) Weak: 200 encountered, 73 discovered, 0 enqueued
[171.580s][info][gc,ref      ] GC(70) Final: 0 encountered, 0 discovered, 0 enqueued
[171.580s][info][gc,ref      ] GC(70) Phantom: 5 encountered, 3 discovered, 0 enqueued
[171.580s][info][gc,reloc    ] GC(70) Small Pages: 907 / 1814M, Empty: 1668M, Relocated: 5M, In-Place: 0
[171.580s][info][gc,reloc    ] GC(70) Medium Pages: 0 / 0M, Empty: 0M, Relocated: 0M, In-Place: 0
[171.580s][info][gc,reloc    ] GC(70) Large Pages: 0 / 0M, Empty: 0M, Relocated: 0M, In-Place: 0
[171.580s][info][gc,reloc    ] GC(70) Forwarding Usage: 0M
[171.580s][info][gc,heap     ] GC(70) Min Capacity: 8192M(100%)
[171.580s][info][gc,heap     ] GC(70) Max Capacity: 8192M(100%)
[171.580s][info][gc,heap     ] GC(70) Soft Max Capacity: 8192M(100%)
[171.580s][info][gc,heap     ] GC(70)                Mark Start          Mark End        Relocate Start      Relocate End           High               Low         
[171.580s][info][gc,heap     ] GC(70)  Capacity:     8192M (100%)       8192M (100%)       8192M (100%)       8192M (100%)       8192M (100%)       8192M (100%)   
[171.580s][info][gc,heap     ] GC(70)      Free:     6378M (78%)        6342M (77%)        7996M (98%)        8000M (98%)        8000M (98%)        6336M (77%)    
[171.580s][info][gc,heap     ] GC(70)      Used:     1814M (22%)        1850M (23%)         196M (2%)          192M (2%)         1856M (23%)         192M (2%)     
[171.580s][info][gc,heap     ] GC(70)      Live:         -               132M (2%)          132M (2%)          132M (2%)             -                  -          
[171.580s][info][gc,heap     ] GC(70) Allocated:         -                36M (0%)           50M (1%)           50M (1%)             -                  -          
[171.580s][info][gc,heap     ] GC(70)   Garbage:         -              1681M (21%)          13M (0%)            9M (0%)             -                  -          
[171.580s][info][gc,heap     ] GC(70) Reclaimed:         -                  -              1668M (20%)        1672M (20%)            -                  -          
[171.580s][info][gc          ] GC(70) Garbage Collection (Proactive) 1814M(22%)->192M(2%)
[174.443s][info][gc,start    ] GC(71) Garbage Collection (Proactive)
[174.443s][info][gc,phases   ] GC(71) Pause Mark Start 0.005ms
[174.465s][info][gc,phases   ] GC(71) Concurrent Mark 21.578ms
[174.465s][info][gc,phases   ] GC(71) Pause Mark End 0.008ms
[174.465s][info][gc,phases   ] GC(71) Concurrent Process Non-Strong References 0.536ms
[174.465s][info][gc,phases   ] GC(71) Concurrent Reset Relocation Set 0.002ms
[174.468s][info][gc,phases   ] GC(71) Concurrent Select Relocation Set 3.133ms
[174.469s][info][gc,phases   ] GC(71) Pause Relocate Start 0.004ms
[174.470s][info][gc,phases   ] GC(71) Concurrent Relocate 1.077ms
[174.470s][info][gc,load     ] GC(71) Load: 2.89/3.01/2.67
[174.470s][info][gc,mmu      ] GC(71) MMU: 2ms/98.7%, 5ms/99.5%, 10ms/99.7%, 20ms/99.9%, 50ms/99.9%, 100ms/100.0%
[174.470s][info][gc,marking  ] GC(71) Mark: 2 stripe(s), 2 proactive flush(es), 1 terminate flush(es), 0 completion(s), 0 continuation(s) 
[174.470s][info][gc,nmethod  ] GC(71) NMethods: 489 registered, 0 unregistered
[174.470s][info][gc,metaspace] GC(71) Metaspace: 0M used, 0M committed, 1032M reserved
[174.470s][info][gc,ref      ] GC(71) Soft: 82 encountered, 0 discovered, 0 enqueued
[174.470s][info][gc,ref      ] GC(71) Weak: 200 encountered, 73 discovered, 0 enqueued
[174.470s][info][gc,ref      ] GC(71) Final: 0 encountered, 0 discovered, 0 enqueued
[174.470s][info][gc,ref      ] GC(71) Phantom: 5 encountered, 3 discovered, 0 enqueued
[174.470s][info][gc,reloc    ] GC(71) Small Pages: 1584 / 3168M, Empty: 3018M, Relocated: 6M, In-Place: 0
[174.470s][info][gc,reloc    ] GC(71) Medium Pages: 0 / 0M, Empty: 0M, Relocated: 0M, In-Place: 0
[174.470s][info][gc,reloc    ] GC(71) Large Pages: 0 / 0M, Empty: 0M, Relocated: 0M, In-Place: 0
[174.470s][info][gc,reloc    ] GC(71) Forwarding Usage: 0M
[174.470s][info][gc,heap     ] GC(71) Min Capacity: 8192M(100%)
[174.470s][info][gc,heap     ] GC(71) Max Capacity: 8192M(100%)
[174.470s][info][gc,heap     ] GC(71) Soft Max Capacity: 8192M(100%)
[174.470s][info][gc,heap     ] GC(71)                Mark Start          Mark End        Relocate Start      Relocate End           High               Low         
[174.470s][info][gc,heap     ] GC(71)  Capacity:     8192M (100%)       8192M (100%)       8192M (100%)       8192M (100%)       8192M (100%)       8192M (100%)   
[174.470s][info][gc,heap     ] GC(71)      Free:     5024M (61%)        5000M (61%)        8010M (98%)        8012M (98%)        8012M (98%)        5000M (61%)    
[174.470s][info][gc,heap     ] GC(71)      Used:     3168M (39%)        3192M (39%)         182M (2%)          180M (2%)         3192M (39%)         180M (2%)     
[174.470s][info][gc,heap     ] GC(71)      Live:         -               132M (2%)          132M (2%)          132M (2%)             -                  -          
[174.470s][info][gc,heap     ] GC(71) Allocated:         -                24M (0%)           32M (0%)           38M (0%)             -                  -          
[174.470s][info][gc,heap     ] GC(71)   Garbage:         -              3035M (37%)          17M (0%)            9M (0%)             -                  -          
[174.470s][info][gc,heap     ] GC(71) Reclaimed:         -                  -              3018M (37%)        3026M (37%)            -                  -          
[174.470s][info][gc          ] GC(71) Garbage Collection (Proactive) 3168M(39%)->180M(2%)
[176.942s][info][gc,start    ] GC(72) Garbage Collection (Proactive)
[176.942s][info][gc,phases   ] GC(72) Pause Mark Start 0.036ms
[176.967s][info][gc,phases   ] GC(72) Concurrent Mark 24.643ms
[176.967s][info][gc,phases   ] GC(72) Pause Mark End 0.008ms
[176.968s][info][gc,phases   ] GC(72) Concurrent Process Non-Strong References 0.536ms
[176.968s][info][gc,phases   ] GC(72) Concurrent Reset Relocation Set 0.002ms
[176.971s][info][gc,phases   ] GC(72) Concurrent Select Relocation Set 2.923ms
[176.971s][info][gc,phases   ] GC(72) Pause Relocate Start 0.004ms
[176.972s][info][gc,phases   ] GC(72) Concurrent Relocate 0.720ms
[176.972s][info][gc,load     ] GC(72) Load: 2.90/3.01/2.67
[176.972s][info][gc,mmu      ] GC(72) MMU: 2ms/98.2%, 5ms/99.3%, 10ms/99.6%, 20ms/99.8%, 50ms/99.9%, 100ms/100.0%
[176.972s][info][gc,marking  ] GC(72) Mark: 2 stripe(s), 2 proactive flush(es), 1 terminate flush(es), 0 completion(s), 0 continuation(s) 
[176.972s][info][gc,nmethod  ] GC(72) NMethods: 489 registered, 0 unregistered
[176.972s][info][gc,metaspace] GC(72) Metaspace: 0M used, 0M committed, 1032M reserved
[176.972s][info][gc,ref      ] GC(72) Soft: 82 encountered, 0 discovered, 0 enqueued
[176.972s][info][gc,ref      ] GC(72) Weak: 200 encountered, 59 discovered, 0 enqueued
[176.972s][info][gc,ref      ] GC(72) Final: 0 encountered, 0 discovered, 0 enqueued
[176.972s][info][gc,ref      ] GC(72) Phantom: 5 encountered, 5 discovered, 0 enqueued
[176.972s][info][gc,reloc    ] GC(72) Small Pages: 1376 / 2752M, Empty: 2598M, Relocated: 5M, In-Place: 0
[176.972s][info][gc,reloc    ] GC(72) Medium Pages: 0 / 0M, Empty: 0M, Relocated: 0M, In-Place: 0
[176.972s][info][gc,reloc    ] GC(72) Large Pages: 0 / 0M, Empty: 0M, Relocated: 0M, In-Place: 0
[176.972s][info][gc,reloc    ] GC(72) Forwarding Usage: 0M
[176.972s][info][gc,heap     ] GC(72) Min Capacity: 8192M(100%)
[176.972s][info][gc,heap     ] GC(72) Max Capacity: 8192M(100%)
[176.972s][info][gc,heap     ] GC(72) Soft Max Capacity: 8192M(100%)
[176.972s][info][gc,heap     ] GC(72)                Mark Start          Mark End        Relocate Start      Relocate End           High               Low         
[176.972s][info][gc,heap     ] GC(72)  Capacity:     8192M (100%)       8192M (100%)       8192M (100%)       8192M (100%)       8192M (100%)       8192M (100%)   
[176.972s][info][gc,heap     ] GC(72)      Free:     5440M (66%)        5408M (66%)        8004M (98%)        8012M (98%)        8012M (98%)        5406M (66%)    
[176.972s][info][gc,heap     ] GC(72)      Used:     2752M (34%)        2784M (34%)         188M (2%)          180M (2%)         2786M (34%)         180M (2%)     
[176.972s][info][gc,heap     ] GC(72)      Live:         -               132M (2%)          132M (2%)          132M (2%)             -                  -          
[176.972s][info][gc,heap     ] GC(72) Allocated:         -                32M (0%)           34M (0%)           36M (0%)             -                  -          
[176.972s][info][gc,heap     ] GC(72)   Garbage:         -              2619M (32%)          21M (0%)           11M (0%)             -                  -          
[176.972s][info][gc,heap     ] GC(72) Reclaimed:         -                  -              2598M (32%)        2608M (32%)            -                  -          
[176.972s][info][gc          ] GC(72) Garbage Collection (Proactive) 2752M(34%)->180M(2%)
[179.043s][info][gc,start    ] GC(73) Garbage Collection (Proactive)
[179.043s][info][gc,phases   ] GC(73) Pause Mark Start 0.048ms
[179.067s][info][gc,phases   ] GC(73) Concurrent Mark 24.338ms
[179.068s][info][gc,phases   ] GC(73) Pause Mark End 0.008ms
[179.068s][info][gc,phases   ] GC(73) Concurrent Process Non-Strong References 0.462ms
[179.068s][info][gc,phases   ] GC(73) Concurrent Reset Relocation Set 0.001ms
[179.071s][info][gc,phases   ] GC(73) Concurrent Select Relocation Set 2.871ms
[179.071s][info][gc,phases   ] GC(73) Pause Relocate Start 0.003ms
[179.072s][info][gc,phases   ] GC(73) Concurrent Relocate 0.476ms
[179.072s][info][gc,load     ] GC(73) Load: 2.90/3.01/2.67
[179.072s][info][gc,mmu      ] GC(73) MMU: 2ms/97.6%, 5ms/99.0%, 10ms/99.5%, 20ms/99.8%, 50ms/99.9%, 100ms/99.9%
[179.072s][info][gc,marking  ] GC(73) Mark: 2 stripe(s), 2 proactive flush(es), 1 terminate flush(es), 0 completion(s), 0 continuation(s) 
[179.072s][info][gc,nmethod  ] GC(73) NMethods: 489 registered, 0 unregistered
[179.072s][info][gc,metaspace] GC(73) Metaspace: 0M used, 0M committed, 1032M reserved
[179.072s][info][gc,ref      ] GC(73) Soft: 82 encountered, 0 discovered, 0 enqueued
[179.072s][info][gc,ref      ] GC(73) Weak: 200 encountered, 106 discovered, 0 enqueued
[179.072s][info][gc,ref      ] GC(73) Final: 0 encountered, 0 discovered, 0 enqueued
[179.072s][info][gc,ref      ] GC(73) Phantom: 5 encountered, 5 discovered, 0 enqueued
[179.072s][info][gc,reloc    ] GC(73) Small Pages: 1169 / 2338M, Empty: 2186M, Relocated: 3M, In-Place: 0
[179.072s][info][gc,reloc    ] GC(73) Medium Pages: 0 / 0M, Empty: 0M, Relocated: 0M, In-Place: 0
[179.072s][info][gc,reloc    ] GC(73) Large Pages: 0 / 0M, Empty: 0M, Relocated: 0M, In-Place: 0
[179.072s][info][gc,reloc    ] GC(73) Forwarding Usage: 0M
[179.072s][info][gc,heap     ] GC(73) Min Capacity: 8192M(100%)
[179.072s][info][gc,heap     ] GC(73) Max Capacity: 8192M(100%)
[179.072s][info][gc,heap     ] GC(73) Soft Max Capacity: 8192M(100%)
[179.072s][info][gc,heap     ] GC(73)                Mark Start          Mark End        Relocate Start      Relocate End           High               Low         
[179.072s][info][gc,heap     ] GC(73)  Capacity:     8192M (100%)       8192M (100%)       8192M (100%)       8192M (100%)       8192M (100%)       8192M (100%)   
[179.072s][info][gc,heap     ] GC(73)      Free:     5854M (71%)        5822M (71%)        8004M (98%)        8014M (98%)        8014M (98%)        5818M (71%)    
[179.072s][info][gc,heap     ] GC(73)      Used:     2338M (29%)        2370M (29%)         188M (2%)          178M (2%)         2374M (29%)         178M (2%)     
[179.072s][info][gc,heap     ] GC(73)      Live:         -               132M (2%)          132M (2%)          132M (2%)             -                  -          
[179.072s][info][gc,heap     ] GC(73) Allocated:         -                32M (0%)           36M (0%)           36M (0%)             -                  -          
[179.072s][info][gc,heap     ] GC(73)   Garbage:         -              2205M (27%)          19M (0%)            9M (0%)             -                  -          
[179.072s][info][gc,heap     ] GC(73) Reclaimed:         -                  -              2186M (27%)        2196M (27%)            -                  -          
[179.072s][info][gc          ] GC(73) Garbage Collection (Proactive) 2338M(29%)->178M(2%)
[180.044s][info][gc,stats    ] === Garbage Collection Statistics =======================================================================================================================
[180.044s][info][gc,stats    ]                                                              Last 10s              Last 10m              Last 10h                Total
[180.044s][info][gc,stats    ]                                                              Avg / Max             Avg / Max             Avg / Max             Avg / Max
[180.044s][info][gc,stats    ]   Collector: Garbage Collection Cycle                     31.849 / 41.788       36.903 / 101.538      36.903 / 101.538      36.903 / 101.538     ms
[180.044s][info][gc,stats    ]  Contention: Mark Segment Reset Contention                     0 / 1                 0 / 3                 0 / 3                 0 / 3           ops/s
[180.044s][info][gc,stats    ]  Contention: Mark SeqNum Reset Contention                      0 / 0                 0 / 1                 0 / 1                 0 / 1           ops/s
[180.044s][info][gc,stats    ]    Critical: Allocation Stall                                  0 / 0                 0 / 0                 0 / 0                 0 / 0           ops/s
[180.044s][info][gc,stats    ]    Critical: Allocation Stall                              0.000 / 0.000         0.000 / 0.000         0.000 / 0.000         0.000 / 0.000       ms
[180.044s][info][gc,stats    ]    Critical: GC Locker Stall                                   0 / 0                 0 / 0                 0 / 0                 0 / 0           ops/s
[180.044s][info][gc,stats    ]    Critical: GC Locker Stall                               0.000 / 0.000         0.000 / 0.000         0.000 / 0.000         0.000 / 0.000       ms
[180.044s][info][gc,stats    ]    Critical: Relocation Stall                                  0 / 0                 0 / 0                 0 / 0                 0 / 0           ops/s
[180.044s][info][gc,stats    ]    Critical: Relocation Stall                              0.000 / 0.000         0.000 / 0.000         0.000 / 0.000         0.000 / 0.000       ms
[180.044s][info][gc,stats    ]      Memory: Allocation Rate                                1045 / 1058           1089 / 9228           1089 / 9228           1089 / 9228        MB/s
[180.044s][info][gc,stats    ]      Memory: Out Of Memory                                     0 / 0                 0 / 0                 0 / 0                 0 / 0           ops/s
[180.044s][info][gc,stats    ]      Memory: Page Cache Flush                                  0 / 0                 0 / 0                 0 / 0                 0 / 0           MB/s
[180.044s][info][gc,stats    ]      Memory: Page Cache Hit L1                               524 / 533             507 / 534             507 / 534             507 / 534         ops/s
[180.044s][info][gc,stats    ]      Memory: Page Cache Hit L2                                 0 / 0                 0 / 0                 0 / 0                 0 / 0           ops/s
[180.044s][info][gc,stats    ]      Memory: Page Cache Hit L3                                 0 / 0                15 / 524              15 / 524              15 / 524         ops/s
[180.044s][info][gc,stats    ]      Memory: Page Cache Miss                                   0 / 0                 0 / 1                 0 / 1                 0 / 1           ops/s
[180.044s][info][gc,stats    ]      Memory: Uncommit                                          0 / 0                 0 / 0                 0 / 0                 0 / 0           MB/s
[180.044s][info][gc,stats    ]      Memory: Undo Object Allocation Failed                     0 / 0                 0 / 0                 0 / 0                 0 / 0           ops/s
[180.044s][info][gc,stats    ]      Memory: Undo Object Allocation Succeeded                  0 / 0                 0 / 3                 0 / 3                 0 / 3           ops/s
[180.044s][info][gc,stats    ]      Memory: Undo Page Allocation                              0 / 0                 0 / 1                 0 / 1                 0 / 1           ops/s
[180.044s][info][gc,stats    ]       Phase: Concurrent Mark                              26.827 / 36.751       31.643 / 74.612       31.643 / 74.612       31.643 / 74.612      ms
[180.044s][info][gc,stats    ]       Phase: Concurrent Mark Continue                      0.000 / 0.000         0.000 / 0.000         0.000 / 0.000         0.000 / 0.000       ms
[180.044s][info][gc,stats    ]       Phase: Concurrent Process Non-Strong References      0.522 / 0.554         0.472 / 0.610         0.472 / 0.610         0.472 / 0.610       ms
[180.044s][info][gc,stats    ]       Phase: Concurrent Relocate                           0.784 / 1.077         1.016 / 13.482        1.016 / 13.482        1.016 / 13.482      ms
[180.044s][info][gc,stats    ]       Phase: Concurrent Reset Relocation Set               0.002 / 0.002         0.003 / 0.043         0.003 / 0.043         0.003 / 0.043       ms
[180.044s][info][gc,stats    ]       Phase: Concurrent Select Relocation Set              2.943 / 3.133         3.020 / 12.132        3.020 / 12.132        3.020 / 12.132      ms
[180.044s][info][gc,stats    ]       Phase: Pause Mark End                                0.008 / 0.009         0.009 / 0.017         0.009 / 0.017         0.009 / 0.017       ms
[180.044s][info][gc,stats    ]       Phase: Pause Mark Start                              0.024 / 0.048         0.009 / 0.048         0.009 / 0.048         0.009 / 0.048       ms
[180.044s][info][gc,stats    ]       Phase: Pause Relocate Start                          0.004 / 0.005         0.004 / 0.006         0.004 / 0.006         0.004 / 0.006       ms
[180.044s][info][gc,stats    ]    Subphase: Concurrent Classes Purge                      0.037 / 0.040         0.031 / 0.047         0.031 / 0.047         0.031 / 0.047       ms
[180.044s][info][gc,stats    ]    Subphase: Concurrent Classes Unlink                     0.295 / 0.304         0.291 / 0.324         0.291 / 0.324         0.291 / 0.324       ms
[180.044s][info][gc,stats    ]    Subphase: Concurrent Mark                              25.958 / 36.432       30.667 / 74.133       30.667 / 74.133       30.667 / 74.133      ms
[180.044s][info][gc,stats    ]    Subphase: Concurrent Mark Idle                          1.283 / 1.462         1.385 / 1.620         1.385 / 1.620         1.385 / 1.620       ms
[180.044s][info][gc,stats    ]    Subphase: Concurrent Mark Try Flush                     0.046 / 0.085         0.039 / 0.111         0.039 / 0.111         0.039 / 0.111       ms
[180.044s][info][gc,stats    ]    Subphase: Concurrent Mark Try Terminate                 0.441 / 1.463         0.507 / 1.623         0.507 / 1.623         0.507 / 1.623       ms
[180.044s][info][gc,stats    ]    Subphase: Concurrent References Enqueue                 0.000 / 0.001         0.000 / 0.003         0.000 / 0.003         0.000 / 0.003       ms
[180.044s][info][gc,stats    ]    Subphase: Concurrent References Process                 0.026 / 0.029         0.025 / 0.043         0.025 / 0.043         0.025 / 0.043       ms
[180.044s][info][gc,stats    ]    Subphase: Concurrent Roots ClassLoaderDataGraph         0.025 / 0.069         0.029 / 0.112         0.029 / 0.112         0.029 / 0.112       ms
[180.044s][info][gc,stats    ]    Subphase: Concurrent Roots CodeCache                    0.000 / 0.000         0.000 / 0.000         0.000 / 0.000         0.000 / 0.000       ms
[180.044s][info][gc,stats    ]    Subphase: Concurrent Roots JavaThreads                  0.232 / 0.307         0.260 / 0.394         0.260 / 0.394         0.260 / 0.394       ms
[180.044s][info][gc,stats    ]    Subphase: Concurrent Roots OopStorageSet                0.006 / 0.008         0.007 / 0.014         0.007 / 0.014         0.007 / 0.014       ms
[180.044s][info][gc,stats    ]    Subphase: Concurrent Weak Roots OopStorageSet           0.047 / 0.066         0.051 / 0.090         0.051 / 0.090         0.051 / 0.090       ms
[180.044s][info][gc,stats    ]    Subphase: Pause Mark Try Complete                       0.000 / 0.000         0.000 / 0.000         0.000 / 0.000         0.000 / 0.000       ms
[180.044s][info][gc,stats    ]      System: Java Threads                                     16 / 16               16 / 19               16 / 19               16 / 19          threads
[180.044s][info][gc,stats    ] =========================================================================================================================================================
[180.836s][info][gc,start    ] GC(74) Garbage Collection (Proactive)
[180.836s][info][gc,phases   ] GC(74) Pause Mark Start 0.008ms
[180.860s][info][gc,phases   ] GC(74) Concurrent Mark 23.436ms
[180.860s][info][gc,phases   ] GC(74) Pause Mark End 0.007ms
[180.860s][info][gc,phases   ] GC(74) Concurrent Process Non-Strong References 0.406ms
[180.860s][info][gc,phases   ] GC(74) Concurrent Reset Relocation Set 0.001ms
[180.863s][info][gc,phases   ] GC(74) Concurrent Select Relocation Set 2.775ms
[180.863s][info][gc,phases   ] GC(74) Pause Relocate Start 0.003ms
[180.864s][info][gc,phases   ] GC(74) Concurrent Relocate 0.434ms
[180.864s][info][gc,load     ] GC(74) Load: 2.90/3.01/2.67
[180.864s][info][gc,mmu      ] GC(74) MMU: 2ms/97.6%, 5ms/99.0%, 10ms/99.5%, 20ms/99.8%, 50ms/99.9%, 100ms/99.9%
[180.864s][info][gc,marking  ] GC(74) Mark: 2 stripe(s), 3 proactive flush(es), 1 terminate flush(es), 0 completion(s), 0 continuation(s) 
[180.864s][info][gc,nmethod  ] GC(74) NMethods: 489 registered, 0 unregistered
[180.864s][info][gc,metaspace] GC(74) Metaspace: 0M used, 0M committed, 1032M reserved
[180.864s][info][gc,ref      ] GC(74) Soft: 82 encountered, 0 discovered, 0 enqueued
[180.864s][info][gc,ref      ] GC(74) Weak: 200 encountered, 102 discovered, 0 enqueued
[180.864s][info][gc,ref      ] GC(74) Final: 0 encountered, 0 discovered, 0 enqueued
[180.864s][info][gc,ref      ] GC(74) Phantom: 5 encountered, 3 discovered, 0 enqueued
[180.864s][info][gc,reloc    ] GC(74) Small Pages: 1009 / 2018M, Empty: 1866M, Relocated: 2M, In-Place: 0
[180.864s][info][gc,reloc    ] GC(74) Medium Pages: 0 / 0M, Empty: 0M, Relocated: 0M, In-Place: 0
[180.864s][info][gc,reloc    ] GC(74) Large Pages: 0 / 0M, Empty: 0M, Relocated: 0M, In-Place: 0
[180.864s][info][gc,reloc    ] GC(74) Forwarding Usage: 0M
[180.864s][info][gc,heap     ] GC(74) Min Capacity: 8192M(100%)
[180.864s][info][gc,heap     ] GC(74) Max Capacity: 8192M(100%)
[180.864s][info][gc,heap     ] GC(74) Soft Max Capacity: 8192M(100%)
[180.864s][info][gc,heap     ] GC(74)                Mark Start          Mark End        Relocate Start      Relocate End           High               Low         
[180.864s][info][gc,heap     ] GC(74)  Capacity:     8192M (100%)       8192M (100%)       8192M (100%)       8192M (100%)       8192M (100%)       8192M (100%)   
[180.864s][info][gc,heap     ] GC(74)      Free:     6174M (75%)        6142M (75%)        8008M (98%)        8020M (98%)        8020M (98%)        6142M (75%)    
[180.864s][info][gc,heap     ] GC(74)      Used:     2018M (25%)        2050M (25%)         184M (2%)          172M (2%)         2050M (25%)         172M (2%)     
[180.864s][info][gc,heap     ] GC(74)      Live:         -               132M (2%)          132M (2%)          132M (2%)             -                  -          
[180.864s][info][gc,heap     ] GC(74) Allocated:         -                32M (0%)           32M (0%)           32M (0%)             -                  -          
[180.864s][info][gc,heap     ] GC(74)   Garbage:         -              1885M (23%)          19M (0%)            7M (0%)             -                  -          
[180.864s][info][gc,heap     ] GC(74) Reclaimed:         -                  -              1866M (23%)        1878M (23%)            -                  -          
[180.864s][info][gc          ] GC(74) Garbage Collection (Proactive) 2018M(25%)->172M(2%)
[182.534s][info][gc,start    ] GC(75) Garbage Collection (Proactive)
[182.534s][info][gc,phases   ] GC(75) Pause Mark Start 0.007ms
[182.570s][info][gc,phases   ] GC(75) Concurrent Mark 36.497ms
[182.570s][info][gc,phases   ] GC(75) Pause Mark End 0.009ms
[182.571s][info][gc,phases   ] GC(75) Concurrent Process Non-Strong References 0.436ms
[182.571s][info][gc,phases   ] GC(75) Concurrent Reset Relocation Set 0.001ms
[182.574s][info][gc,phases   ] GC(75) Concurrent Select Relocation Set 2.682ms
[182.574s][info][gc,phases   ] GC(75) Pause Relocate Start 0.005ms
[182.574s][info][gc,phases   ] GC(75) Concurrent Relocate 0.511ms
[182.574s][info][gc,load     ] GC(75) Load: 3.15/3.06/2.69
[182.574s][info][gc,mmu      ] GC(75) MMU: 2ms/97.6%, 5ms/99.0%, 10ms/99.5%, 20ms/99.8%, 50ms/99.9%, 100ms/99.9%
[182.574s][info][gc,marking  ] GC(75) Mark: 2 stripe(s), 2 proactive flush(es), 1 terminate flush(es), 0 completion(s), 0 continuation(s) 
[182.574s][info][gc,nmethod  ] GC(75) NMethods: 489 registered, 0 unregistered
[182.574s][info][gc,metaspace] GC(75) Metaspace: 0M used, 0M committed, 1032M reserved
[182.574s][info][gc,ref      ] GC(75) Soft: 82 encountered, 0 discovered, 0 enqueued
[182.574s][info][gc,ref      ] GC(75) Weak: 200 encountered, 107 discovered, 0 enqueued
[182.574s][info][gc,ref      ] GC(75) Final: 0 encountered, 0 discovered, 0 enqueued
[182.574s][info][gc,ref      ] GC(75) Phantom: 5 encountered, 5 discovered, 0 enqueued
[182.574s][info][gc,reloc    ] GC(75) Small Pages: 958 / 1916M, Empty: 1762M, Relocated: 3M, In-Place: 0
[182.574s][info][gc,reloc    ] GC(75) Medium Pages: 0 / 0M, Empty: 0M, Relocated: 0M, In-Place: 0
[182.574s][info][gc,reloc    ] GC(75) Large Pages: 0 / 0M, Empty: 0M, Relocated: 0M, In-Place: 0
[182.574s][info][gc,reloc    ] GC(75) Forwarding Usage: 0M
[182.575s][info][gc,heap     ] GC(75) Min Capacity: 8192M(100%)
[182.575s][info][gc,heap     ] GC(75) Max Capacity: 8192M(100%)
[182.575s][info][gc,heap     ] GC(75) Soft Max Capacity: 8192M(100%)
[182.575s][info][gc,heap     ] GC(75)                Mark Start          Mark End        Relocate Start      Relocate End           High               Low         
[182.575s][info][gc,heap     ] GC(75)  Capacity:     8192M (100%)       8192M (100%)       8192M (100%)       8192M (100%)       8192M (100%)       8192M (100%)   
[182.575s][info][gc,heap     ] GC(75)      Free:     6276M (77%)        6226M (76%)        7988M (98%)        8000M (98%)        8000M (98%)        6226M (76%)    
[182.575s][info][gc,heap     ] GC(75)      Used:     1916M (23%)        1966M (24%)         204M (2%)          192M (2%)         1966M (24%)         192M (2%)     
[182.575s][info][gc,heap     ] GC(75)      Live:         -               132M (2%)          132M (2%)          132M (2%)             -                  -          
[182.575s][info][gc,heap     ] GC(75) Allocated:         -                50M (1%)           50M (1%)           50M (1%)             -                  -          
[182.575s][info][gc,heap     ] GC(75)   Garbage:         -              1783M (22%)          21M (0%)            9M (0%)             -                  -          
[182.575s][info][gc,heap     ] GC(75) Reclaimed:         -                  -              1762M (22%)        1774M (22%)            -                  -          
[182.575s][info][gc          ] GC(75) Garbage Collection (Proactive) 1916M(23%)->192M(2%)
[185.336s][info][gc,start    ] GC(76) Garbage Collection (Proactive)
[185.336s][info][gc,phases   ] GC(76) Pause Mark Start 0.007ms
[185.361s][info][gc,phases   ] GC(76) Concurrent Mark 25.021ms
[185.361s][info][gc,phases   ] GC(76) Pause Mark End 0.009ms
[185.362s][info][gc,phases   ] GC(76) Concurrent Process Non-Strong References 0.458ms
[185.362s][info][gc,phases   ] GC(76) Concurrent Reset Relocation Set 0.001ms
[185.365s][info][gc,phases   ] GC(76) Concurrent Select Relocation Set 2.834ms
[185.365s][info][gc,phases   ] GC(76) Pause Relocate Start 0.004ms
[185.366s][info][gc,phases   ] GC(76) Concurrent Relocate 1.569ms
[185.366s][info][gc,load     ] GC(76) Load: 3.15/3.06/2.69
[185.366s][info][gc,mmu      ] GC(76) MMU: 2ms/97.6%, 5ms/99.0%, 10ms/99.5%, 20ms/99.8%, 50ms/99.9%, 100ms/99.9%
[185.366s][info][gc,marking  ] GC(76) Mark: 2 stripe(s), 2 proactive flush(es), 1 terminate flush(es), 0 completion(s), 0 continuation(s) 
[185.366s][info][gc,nmethod  ] GC(76) NMethods: 491 registered, 0 unregistered
[185.366s][info][gc,metaspace] GC(76) Metaspace: 0M used, 0M committed, 1032M reserved
[185.366s][info][gc,ref      ] GC(76) Soft: 82 encountered, 0 discovered, 0 enqueued
[185.366s][info][gc,ref      ] GC(76) Weak: 200 encountered, 82 discovered, 0 enqueued
[185.366s][info][gc,ref      ] GC(76) Final: 0 encountered, 0 discovered, 0 enqueued
[185.366s][info][gc,ref      ] GC(76) Phantom: 5 encountered, 3 discovered, 0 enqueued
[185.366s][info][gc,reloc    ] GC(76) Small Pages: 1533 / 3066M, Empty: 2848M, Relocated: 8M, In-Place: 0
[185.366s][info][gc,reloc    ] GC(76) Medium Pages: 0 / 0M, Empty: 0M, Relocated: 0M, In-Place: 0
[185.366s][info][gc,reloc    ] GC(76) Large Pages: 0 / 0M, Empty: 0M, Relocated: 0M, In-Place: 0
[185.366s][info][gc,reloc    ] GC(76) Forwarding Usage: 0M
[185.366s][info][gc,heap     ] GC(76) Min Capacity: 8192M(100%)
[185.366s][info][gc,heap     ] GC(76) Max Capacity: 8192M(100%)
[185.366s][info][gc,heap     ] GC(76) Soft Max Capacity: 8192M(100%)
[185.366s][info][gc,heap     ] GC(76)                Mark Start          Mark End        Relocate Start      Relocate End           High               Low         
[185.366s][info][gc,heap     ] GC(76)  Capacity:     8192M (100%)       8192M (100%)       8192M (100%)       8192M (100%)       8192M (100%)       8192M (100%)   
[185.366s][info][gc,heap     ] GC(76)      Free:     5126M (63%)        5094M (62%)        7942M (97%)        8010M (98%)        8012M (98%)        5094M (62%)    
[185.366s][info][gc,heap     ] GC(76)      Used:     3066M (37%)        3098M (38%)         250M (3%)          182M (2%)         3098M (38%)         180M (2%)     
[185.366s][info][gc,heap     ] GC(76)      Live:         -               132M (2%)          132M (2%)          132M (2%)             -                  -          
[185.366s][info][gc,heap     ] GC(76) Allocated:         -                32M (0%)           32M (0%)           38M (0%)             -                  -          
[185.366s][info][gc,heap     ] GC(76)   Garbage:         -              2933M (36%)          85M (1%)           11M (0%)             -                  -          
[185.366s][info][gc,heap     ] GC(76) Reclaimed:         -                  -              2848M (35%)        2922M (36%)            -                  -          
[185.366s][info][gc          ] GC(76) Garbage Collection (Proactive) 3066M(37%)->182M(2%)
[187.734s][info][gc,start    ] GC(77) Garbage Collection (Proactive)
[187.734s][info][gc,phases   ] GC(77) Pause Mark Start 0.006ms
[187.758s][info][gc,phases   ] GC(77) Concurrent Mark 23.713ms
[187.758s][info][gc,phases   ] GC(77) Pause Mark End 0.009ms
[187.759s][info][gc,phases   ] GC(77) Concurrent Process Non-Strong References 0.447ms
[187.759s][info][gc,phases   ] GC(77) Concurrent Reset Relocation Set 0.005ms
[187.761s][info][gc,phases   ] GC(77) Concurrent Select Relocation Set 2.776ms
[187.761s][info][gc,phases   ] GC(77) Pause Relocate Start 0.004ms
[187.762s][info][gc,phases   ] GC(77) Concurrent Relocate 0.980ms
[187.763s][info][gc,load     ] GC(77) Load: 2.97/3.02/2.68
[187.763s][info][gc,mmu      ] GC(77) MMU: 2ms/97.6%, 5ms/99.0%, 10ms/99.5%, 20ms/99.8%, 50ms/99.9%, 100ms/99.9%
[187.763s][info][gc,marking  ] GC(77) Mark: 2 stripe(s), 2 proactive flush(es), 1 terminate flush(es), 0 completion(s), 0 continuation(s) 
[187.763s][info][gc,nmethod  ] GC(77) NMethods: 491 registered, 0 unregistered
[187.763s][info][gc,metaspace] GC(77) Metaspace: 0M used, 0M committed, 1032M reserved
[187.763s][info][gc,ref      ] GC(77) Soft: 82 encountered, 0 discovered, 0 enqueued
[187.763s][info][gc,ref      ] GC(77) Weak: 200 encountered, 106 discovered, 0 enqueued
[187.763s][info][gc,ref      ] GC(77) Final: 0 encountered, 0 discovered, 0 enqueued
[187.763s][info][gc,ref      ] GC(77) Phantom: 5 encountered, 4 discovered, 0 enqueued
[187.763s][info][gc,reloc    ] GC(77) Small Pages: 1324 / 2648M, Empty: 2496M, Relocated: 6M, In-Place: 0
[187.763s][info][gc,reloc    ] GC(77) Medium Pages: 0 / 0M, Empty: 0M, Relocated: 0M, In-Place: 0
[187.763s][info][gc,reloc    ] GC(77) Large Pages: 0 / 0M, Empty: 0M, Relocated: 0M, In-Place: 0
[187.763s][info][gc,reloc    ] GC(77) Forwarding Usage: 0M
[187.763s][info][gc,heap     ] GC(77) Min Capacity: 8192M(100%)
[187.763s][info][gc,heap     ] GC(77) Max Capacity: 8192M(100%)
[187.763s][info][gc,heap     ] GC(77) Soft Max Capacity: 8192M(100%)
[187.763s][info][gc,heap     ] GC(77)                Mark Start          Mark End        Relocate Start      Relocate End           High               Low         
[187.763s][info][gc,heap     ] GC(77)  Capacity:     8192M (100%)       8192M (100%)       8192M (100%)       8192M (100%)       8192M (100%)       8192M (100%)   
[187.763s][info][gc,heap     ] GC(77)      Free:     5544M (68%)        5512M (67%)        8008M (98%)        8018M (98%)        8018M (98%)        5512M (67%)    
[187.763s][info][gc,heap     ] GC(77)      Used:     2648M (32%)        2680M (33%)         184M (2%)          174M (2%)         2680M (33%)         174M (2%)     
[187.763s][info][gc,heap     ] GC(77)      Live:         -               132M (2%)          132M (2%)          132M (2%)             -                  -          
[187.763s][info][gc,heap     ] GC(77) Allocated:         -                32M (0%)           32M (0%)           32M (0%)             -                  -          
[187.763s][info][gc,heap     ] GC(77)   Garbage:         -              2515M (31%)          19M (0%)            9M (0%)             -                  -          
[187.763s][info][gc,heap     ] GC(77) Reclaimed:         -                  -              2496M (30%)        2506M (31%)            -                  -          
[187.763s][info][gc          ] GC(77) Garbage Collection (Proactive) 2648M(32%)->174M(2%)
[189.742s][info][gc,start    ] GC(78) Garbage Collection (Proactive)
[189.742s][info][gc,phases   ] GC(78) Pause Mark Start 0.005ms
[189.777s][info][gc,phases   ] GC(78) Concurrent Mark 35.390ms
[189.777s][info][gc,phases   ] GC(78) Pause Mark End 0.008ms
[189.778s][info][gc,phases   ] GC(78) Concurrent Process Non-Strong References 0.420ms
[189.778s][info][gc,phases   ] GC(78) Concurrent Reset Relocation Set 0.002ms
[189.780s][info][gc,phases   ] GC(78) Concurrent Select Relocation Set 2.759ms
[189.781s][info][gc,phases   ] GC(78) Pause Relocate Start 0.003ms
[189.781s][info][gc,phases   ] GC(78) Concurrent Relocate 0.490ms
[189.781s][info][gc,load     ] GC(78) Load: 2.97/3.02/2.68
[189.781s][info][gc,mmu      ] GC(78) MMU: 2ms/97.6%, 5ms/99.0%, 10ms/99.5%, 20ms/99.8%, 50ms/99.9%, 100ms/99.9%
[189.781s][info][gc,marking  ] GC(78) Mark: 2 stripe(s), 2 proactive flush(es), 1 terminate flush(es), 0 completion(s), 0 continuation(s) 
[189.781s][info][gc,nmethod  ] GC(78) NMethods: 491 registered, 0 unregistered
[189.781s][info][gc,metaspace] GC(78) Metaspace: 0M used, 0M committed, 1032M reserved
[189.781s][info][gc,ref      ] GC(78) Soft: 82 encountered, 0 discovered, 0 enqueued
[189.781s][info][gc,ref      ] GC(78) Weak: 200 encountered, 6 discovered, 0 enqueued
[189.781s][info][gc,ref      ] GC(78) Final: 0 encountered, 0 discovered, 0 enqueued
[189.781s][info][gc,ref      ] GC(78) Phantom: 5 encountered, 3 discovered, 0 enqueued
[189.781s][info][gc,reloc    ] GC(78) Small Pages: 1119 / 2238M, Empty: 2088M, Relocated: 3M, In-Place: 0
[189.781s][info][gc,reloc    ] GC(78) Medium Pages: 0 / 0M, Empty: 0M, Relocated: 0M, In-Place: 0
[189.781s][info][gc,reloc    ] GC(78) Large Pages: 0 / 0M, Empty: 0M, Relocated: 0M, In-Place: 0
[189.781s][info][gc,reloc    ] GC(78) Forwarding Usage: 0M
[189.781s][info][gc,heap     ] GC(78) Min Capacity: 8192M(100%)
[189.781s][info][gc,heap     ] GC(78) Max Capacity: 8192M(100%)
[189.781s][info][gc,heap     ] GC(78) Soft Max Capacity: 8192M(100%)
[189.781s][info][gc,heap     ] GC(78)                Mark Start          Mark End        Relocate Start      Relocate End           High               Low         
[189.781s][info][gc,heap     ] GC(78)  Capacity:     8192M (100%)       8192M (100%)       8192M (100%)       8192M (100%)       8192M (100%)       8192M (100%)   
[189.781s][info][gc,heap     ] GC(78)      Free:     5954M (73%)        5906M (72%)        7994M (98%)        8000M (98%)        8000M (98%)        5906M (72%)    
[189.781s][info][gc,heap     ] GC(78)      Used:     2238M (27%)        2286M (28%)         198M (2%)          192M (2%)         2286M (28%)         192M (2%)     
[189.781s][info][gc,heap     ] GC(78)      Live:         -               132M (2%)          132M (2%)          132M (2%)             -                  -          
[189.781s][info][gc,heap     ] GC(78) Allocated:         -                48M (1%)           48M (1%)           48M (1%)             -                  -          
[189.781s][info][gc,heap     ] GC(78)   Garbage:         -              2105M (26%)          17M (0%)           11M (0%)             -                  -          
[189.781s][info][gc,heap     ] GC(78) Reclaimed:         -                  -              2088M (25%)        2094M (26%)            -                  -          
[189.781s][info][gc          ] GC(78) Garbage Collection (Proactive) 2238M(27%)->192M(2%)
[190.040s][info][gc,stats    ] === Garbage Collection Statistics =======================================================================================================================
[190.040s][info][gc,stats    ]                                                              Last 10s              Last 10m              Last 10h                Total
[190.040s][info][gc,stats    ]                                                              Avg / Max             Avg / Max             Avg / Max             Avg / Max
[190.040s][info][gc,stats    ]   Collector: Garbage Collection Cycle                     33.455 / 40.739       36.685 / 101.538      36.685 / 101.538      36.685 / 101.538     ms
[190.040s][info][gc,stats    ]  Contention: Mark Segment Reset Contention                     0 / 1                 0 / 3                 0 / 3                 0 / 3           ops/s
[190.040s][info][gc,stats    ]  Contention: Mark SeqNum Reset Contention                      0 / 0                 0 / 1                 0 / 1                 0 / 1           ops/s
[190.040s][info][gc,stats    ]    Critical: Allocation Stall                                  0 / 0                 0 / 0                 0 / 0                 0 / 0           ops/s
[190.040s][info][gc,stats    ]    Critical: Allocation Stall                              0.000 / 0.000         0.000 / 0.000         0.000 / 0.000         0.000 / 0.000       ms
[190.040s][info][gc,stats    ]    Critical: GC Locker Stall                                   0 / 0                 0 / 0                 0 / 0                 0 / 0           ops/s
[190.040s][info][gc,stats    ]    Critical: GC Locker Stall                               0.000 / 0.000         0.000 / 0.000         0.000 / 0.000         0.000 / 0.000       ms
[190.040s][info][gc,stats    ]    Critical: Relocation Stall                                  0 / 0                 0 / 0                 0 / 0                 0 / 0           ops/s
[190.040s][info][gc,stats    ]    Critical: Relocation Stall                              0.000 / 0.000         0.000 / 0.000         0.000 / 0.000         0.000 / 0.000       ms
[190.040s][info][gc,stats    ]      Memory: Allocation Rate                                1044 / 1060           1087 / 9228           1087 / 9228           1087 / 9228        MB/s
[190.040s][info][gc,stats    ]      Memory: Out Of Memory                                     0 / 0                 0 / 0                 0 / 0                 0 / 0           ops/s
[190.040s][info][gc,stats    ]      Memory: Page Cache Flush                                  0 / 0                 0 / 0                 0 / 0                 0 / 0           MB/s
[190.040s][info][gc,stats    ]      Memory: Page Cache Hit L1                               524 / 533             508 / 534             508 / 534             508 / 534         ops/s
[190.040s][info][gc,stats    ]      Memory: Page Cache Hit L2                                 0 / 0                 0 / 0                 0 / 0                 0 / 0           ops/s
[190.040s][info][gc,stats    ]      Memory: Page Cache Hit L3                                 0 / 0                15 / 524              15 / 524              15 / 524         ops/s
[190.040s][info][gc,stats    ]      Memory: Page Cache Miss                                   0 / 0                 0 / 1                 0 / 1                 0 / 1           ops/s
[190.040s][info][gc,stats    ]      Memory: Uncommit                                          0 / 0                 0 / 0                 0 / 0                 0 / 0           MB/s
[190.040s][info][gc,stats    ]      Memory: Undo Object Allocation Failed                     0 / 0                 0 / 0                 0 / 0                 0 / 0           ops/s
[190.040s][info][gc,stats    ]      Memory: Undo Object Allocation Succeeded                  0 / 0                 0 / 3                 0 / 3                 0 / 3           ops/s
[190.040s][info][gc,stats    ]      Memory: Undo Page Allocation                              0 / 0                 0 / 1                 0 / 1                 0 / 1           ops/s
[190.040s][info][gc,stats    ]       Phase: Concurrent Mark                              28.811 / 36.497       31.464 / 74.612       31.464 / 74.612       31.464 / 74.612      ms
[190.040s][info][gc,stats    ]       Phase: Concurrent Mark Continue                      0.000 / 0.000         0.000 / 0.000         0.000 / 0.000         0.000 / 0.000       ms
[190.040s][info][gc,stats    ]       Phase: Concurrent Process Non-Strong References      0.434 / 0.458         0.469 / 0.610         0.469 / 0.610         0.469 / 0.610       ms
[190.040s][info][gc,stats    ]       Phase: Concurrent Relocate                           0.797 / 1.569         1.002 / 13.482        1.002 / 13.482        1.002 / 13.482      ms
[190.040s][info][gc,stats    ]       Phase: Concurrent Reset Relocation Set               0.002 / 0.005         0.003 / 0.043         0.003 / 0.043         0.003 / 0.043       ms
[190.040s][info][gc,stats    ]       Phase: Concurrent Select Relocation Set              2.765 / 2.834         3.004 / 12.132        3.004 / 12.132        3.004 / 12.132      ms
[190.040s][info][gc,stats    ]       Phase: Pause Mark End                                0.008 / 0.009         0.009 / 0.017         0.009 / 0.017         0.009 / 0.017       ms
[190.040s][info][gc,stats    ]       Phase: Pause Mark Start                              0.007 / 0.008         0.008 / 0.048         0.008 / 0.048         0.008 / 0.048       ms
[190.040s][info][gc,stats    ]       Phase: Pause Relocate Start                          0.004 / 0.005         0.004 / 0.006         0.004 / 0.006         0.004 / 0.006       ms
[190.040s][info][gc,stats    ]    Subphase: Concurrent Classes Purge                      0.029 / 0.040         0.031 / 0.047         0.031 / 0.047         0.031 / 0.047       ms
[190.040s][info][gc,stats    ]    Subphase: Concurrent Classes Unlink                     0.286 / 0.301         0.290 / 0.324         0.290 / 0.324         0.290 / 0.324       ms
[190.040s][info][gc,stats    ]    Subphase: Concurrent Mark                              28.040 / 36.073       30.501 / 74.133       30.501 / 74.133       30.501 / 74.133      ms
[190.040s][info][gc,stats    ]    Subphase: Concurrent Mark Idle                          1.277 / 1.544         1.379 / 1.620         1.379 / 1.620         1.379 / 1.620       ms
[190.040s][info][gc,stats    ]    Subphase: Concurrent Mark Try Flush                     0.047 / 0.107         0.040 / 0.111         0.040 / 0.111         0.040 / 0.111       ms
[190.040s][info][gc,stats    ]    Subphase: Concurrent Mark Try Terminate                 0.439 / 1.548         0.503 / 1.623         0.503 / 1.623         0.503 / 1.623       ms
[190.040s][info][gc,stats    ]    Subphase: Concurrent References Enqueue                 0.000 / 0.000         0.000 / 0.003         0.000 / 0.003         0.000 / 0.003       ms
[190.040s][info][gc,stats    ]    Subphase: Concurrent References Process                 0.025 / 0.030         0.025 / 0.043         0.025 / 0.043         0.025 / 0.043       ms
[190.040s][info][gc,stats    ]    Subphase: Concurrent Roots ClassLoaderDataGraph         0.019 / 0.041         0.028 / 0.112         0.028 / 0.112         0.028 / 0.112       ms
[190.040s][info][gc,stats    ]    Subphase: Concurrent Roots CodeCache                    0.000 / 0.000         0.000 / 0.000         0.000 / 0.000         0.000 / 0.000       ms
[190.040s][info][gc,stats    ]    Subphase: Concurrent Roots JavaThreads                  0.242 / 0.322         0.259 / 0.394         0.259 / 0.394         0.259 / 0.394       ms
[190.040s][info][gc,stats    ]    Subphase: Concurrent Roots OopStorageSet                0.005 / 0.007         0.007 / 0.014         0.007 / 0.014         0.007 / 0.014       ms
[190.040s][info][gc,stats    ]    Subphase: Concurrent Weak Roots OopStorageSet           0.039 / 0.045         0.050 / 0.090         0.050 / 0.090         0.050 / 0.090       ms
[190.040s][info][gc,stats    ]    Subphase: Pause Mark Try Complete                       0.000 / 0.000         0.000 / 0.000         0.000 / 0.000         0.000 / 0.000       ms
[190.040s][info][gc,stats    ]      System: Java Threads                                     16 / 16               16 / 19               16 / 19               16 / 19          threads
[190.040s][info][gc,stats    ] =========================================================================================================================================================
[192.436s][info][gc,start    ] GC(79) Garbage Collection (Proactive)
[192.437s][info][gc,phases   ] GC(79) Pause Mark Start 0.007ms
[192.463s][info][gc,phases   ] GC(79) Concurrent Mark 26.470ms
[192.463s][info][gc,phases   ] GC(79) Pause Mark End 0.008ms
[192.464s][info][gc,phases   ] GC(79) Concurrent Process Non-Strong References 0.435ms
[192.464s][info][gc,phases   ] GC(79) Concurrent Reset Relocation Set 0.001ms
[192.467s][info][gc,phases   ] GC(79) Concurrent Select Relocation Set 2.866ms
[192.467s][info][gc,phases   ] GC(79) Pause Relocate Start 0.004ms
[192.468s][info][gc,phases   ] GC(79) Concurrent Relocate 0.452ms
[192.468s][info][gc,load     ] GC(79) Load: 3.06/3.04/2.69
[192.468s][info][gc,mmu      ] GC(79) MMU: 2ms/97.6%, 5ms/99.0%, 10ms/99.5%, 20ms/99.8%, 50ms/99.9%, 100ms/99.9%
[192.468s][info][gc,marking  ] GC(79) Mark: 2 stripe(s), 3 proactive flush(es), 1 terminate flush(es), 0 completion(s), 0 continuation(s) 
[192.468s][info][gc,nmethod  ] GC(79) NMethods: 491 registered, 0 unregistered
[192.468s][info][gc,metaspace] GC(79) Metaspace: 0M used, 0M committed, 1032M reserved
[192.468s][info][gc,ref      ] GC(79) Soft: 82 encountered, 0 discovered, 0 enqueued
[192.468s][info][gc,ref      ] GC(79) Weak: 200 encountered, 111 discovered, 0 enqueued
[192.468s][info][gc,ref      ] GC(79) Final: 0 encountered, 0 discovered, 0 enqueued
[192.468s][info][gc,ref      ] GC(79) Phantom: 5 encountered, 5 discovered, 0 enqueued
[192.468s][info][gc,reloc    ] GC(79) Small Pages: 1477 / 2954M, Empty: 2804M, Relocated: 3M, In-Place: 0
[192.468s][info][gc,reloc    ] GC(79) Medium Pages: 0 / 0M, Empty: 0M, Relocated: 0M, In-Place: 0
[192.468s][info][gc,reloc    ] GC(79) Large Pages: 0 / 0M, Empty: 0M, Relocated: 0M, In-Place: 0
[192.468s][info][gc,reloc    ] GC(79) Forwarding Usage: 0M
[192.468s][info][gc,heap     ] GC(79) Min Capacity: 8192M(100%)
[192.468s][info][gc,heap     ] GC(79) Max Capacity: 8192M(100%)
[192.468s][info][gc,heap     ] GC(79) Soft Max Capacity: 8192M(100%)
[192.468s][info][gc,heap     ] GC(79)                Mark Start          Mark End        Relocate Start      Relocate End           High               Low         
[192.468s][info][gc,heap     ] GC(79)  Capacity:     8192M (100%)       8192M (100%)       8192M (100%)       8192M (100%)       8192M (100%)       8192M (100%)   
[192.468s][info][gc,heap     ] GC(79)      Free:     5238M (64%)        5206M (64%)        8000M (98%)        8006M (98%)        8006M (98%)        5206M (64%)    
[192.468s][info][gc,heap     ] GC(79)      Used:     2954M (36%)        2986M (36%)         192M (2%)          186M (2%)         2986M (36%)         186M (2%)     
[192.468s][info][gc,heap     ] GC(79)      Live:         -               132M (2%)          132M (2%)          132M (2%)             -                  -          
[192.468s][info][gc,heap     ] GC(79) Allocated:         -                32M (0%)           42M (1%)           42M (1%)             -                  -          
[192.468s][info][gc,heap     ] GC(79)   Garbage:         -              2821M (34%)          17M (0%)           11M (0%)             -                  -          
[192.468s][info][gc,heap     ] GC(79) Reclaimed:         -                  -              2804M (34%)        2810M (34%)            -                  -          
[192.468s][info][gc          ] GC(79) Garbage Collection (Proactive) 2954M(36%)->186M(2%)
[194.736s][info][gc,start    ] GC(80) Garbage Collection (Proactive)
[194.737s][info][gc,phases   ] GC(80) Pause Mark Start 0.006ms
[194.762s][info][gc,phases   ] GC(80) Concurrent Mark 25.122ms
[194.762s][info][gc,phases   ] GC(80) Pause Mark End 0.009ms
[194.763s][info][gc,phases   ] GC(80) Concurrent Process Non-Strong References 0.471ms
[194.763s][info][gc,phases   ] GC(80) Concurrent Reset Relocation Set 0.001ms
[194.765s][info][gc,phases   ] GC(80) Concurrent Select Relocation Set 2.825ms
[194.766s][info][gc,phases   ] GC(80) Pause Relocate Start 0.004ms
[194.766s][info][gc,phases   ] GC(80) Concurrent Relocate 0.522ms
[194.766s][info][gc,load     ] GC(80) Load: 3.06/3.04/2.69
[194.766s][info][gc,mmu      ] GC(80) MMU: 2ms/97.6%, 5ms/99.0%, 10ms/99.5%, 20ms/99.8%, 50ms/99.9%, 100ms/99.9%
[194.766s][info][gc,marking  ] GC(80) Mark: 2 stripe(s), 2 proactive flush(es), 1 terminate flush(es), 0 completion(s), 0 continuation(s) 
[194.766s][info][gc,nmethod  ] GC(80) NMethods: 491 registered, 0 unregistered
[194.766s][info][gc,metaspace] GC(80) Metaspace: 0M used, 0M committed, 1032M reserved
[194.766s][info][gc,ref      ] GC(80) Soft: 82 encountered, 0 discovered, 0 enqueued
[194.766s][info][gc,ref      ] GC(80) Weak: 200 encountered, 75 discovered, 0 enqueued
[194.766s][info][gc,ref      ] GC(80) Final: 0 encountered, 0 discovered, 0 enqueued
[194.766s][info][gc,ref      ] GC(80) Phantom: 5 encountered, 4 discovered, 0 enqueued
[194.766s][info][gc,reloc    ] GC(80) Small Pages: 1274 / 2548M, Empty: 2392M, Relocated: 3M, In-Place: 0
[194.766s][info][gc,reloc    ] GC(80) Medium Pages: 0 / 0M, Empty: 0M, Relocated: 0M, In-Place: 0
[194.766s][info][gc,reloc    ] GC(80) Large Pages: 0 / 0M, Empty: 0M, Relocated: 0M, In-Place: 0
[194.766s][info][gc,reloc    ] GC(80) Forwarding Usage: 0M
[194.766s][info][gc,heap     ] GC(80) Min Capacity: 8192M(100%)
[194.766s][info][gc,heap     ] GC(80) Max Capacity: 8192M(100%)
[194.766s][info][gc,heap     ] GC(80) Soft Max Capacity: 8192M(100%)
[194.766s][info][gc,heap     ] GC(80)                Mark Start          Mark End        Relocate Start      Relocate End           High               Low         
[194.766s][info][gc,heap     ] GC(80)  Capacity:     8192M (100%)       8192M (100%)       8192M (100%)       8192M (100%)       8192M (100%)       8192M (100%)   
[194.766s][info][gc,heap     ] GC(80)      Free:     5644M (69%)        5616M (69%)        8000M (98%)        8014M (98%)        8014M (98%)        5616M (69%)    
[194.766s][info][gc,heap     ] GC(80)      Used:     2548M (31%)        2576M (31%)         192M (2%)          178M (2%)         2576M (31%)         178M (2%)     
[194.766s][info][gc,heap     ] GC(80)      Live:         -               132M (2%)          132M (2%)          132M (2%)             -                  -          
[194.766s][info][gc,heap     ] GC(80) Allocated:         -                28M (0%)           36M (0%)           36M (0%)             -                  -          
[194.766s][info][gc,heap     ] GC(80)   Garbage:         -              2415M (29%)          23M (0%)            9M (0%)             -                  -          
[194.766s][info][gc,heap     ] GC(80) Reclaimed:         -                  -              2392M (29%)        2406M (29%)            -                  -          
[194.766s][info][gc          ] GC(80) Garbage Collection (Proactive) 2548M(31%)->178M(2%)
[196.737s][info][gc,start    ] GC(81) Garbage Collection (Proactive)
[196.737s][info][gc,phases   ] GC(81) Pause Mark Start 0.006ms
[196.762s][info][gc,phases   ] GC(81) Concurrent Mark 24.471ms
[196.762s][info][gc,phases   ] GC(81) Pause Mark End 0.009ms
[196.762s][info][gc,phases   ] GC(81) Concurrent Process Non-Strong References 0.449ms
[196.762s][info][gc,phases   ] GC(81) Concurrent Reset Relocation Set 0.002ms
[196.765s][info][gc,phases   ] GC(81) Concurrent Select Relocation Set 2.775ms
[196.765s][info][gc,phases   ] GC(81) Pause Relocate Start 0.004ms
[196.766s][info][gc,phases   ] GC(81) Concurrent Relocate 0.442ms
[196.766s][info][gc,load     ] GC(81) Load: 3.13/3.06/2.70
[196.766s][info][gc,mmu      ] GC(81) MMU: 2ms/97.6%, 5ms/99.0%, 10ms/99.5%, 20ms/99.8%, 50ms/99.9%, 100ms/99.9%
[196.766s][info][gc,marking  ] GC(81) Mark: 2 stripe(s), 2 proactive flush(es), 1 terminate flush(es), 0 completion(s), 0 continuation(s) 
[196.766s][info][gc,nmethod  ] GC(81) NMethods: 491 registered, 0 unregistered
[196.766s][info][gc,metaspace] GC(81) Metaspace: 0M used, 0M committed, 1032M reserved
[196.766s][info][gc,ref      ] GC(81) Soft: 82 encountered, 0 discovered, 0 enqueued
[196.766s][info][gc,ref      ] GC(81) Weak: 200 encountered, 78 discovered, 0 enqueued
[196.766s][info][gc,ref      ] GC(81) Final: 0 encountered, 0 discovered, 0 enqueued
[196.766s][info][gc,ref      ] GC(81) Phantom: 5 encountered, 4 discovered, 0 enqueued
[196.766s][info][gc,reloc    ] GC(81) Small Pages: 1117 / 2234M, Empty: 2082M, Relocated: 3M, In-Place: 0
[196.766s][info][gc,reloc    ] GC(81) Medium Pages: 0 / 0M, Empty: 0M, Relocated: 0M, In-Place: 0
[196.766s][info][gc,reloc    ] GC(81) Large Pages: 0 / 0M, Empty: 0M, Relocated: 0M, In-Place: 0
[196.766s][info][gc,reloc    ] GC(81) Forwarding Usage: 0M
[196.766s][info][gc,heap     ] GC(81) Min Capacity: 8192M(100%)
[196.766s][info][gc,heap     ] GC(81) Max Capacity: 8192M(100%)
[196.766s][info][gc,heap     ] GC(81) Soft Max Capacity: 8192M(100%)
[196.766s][info][gc,heap     ] GC(81)                Mark Start          Mark End        Relocate Start      Relocate End           High               Low         
[196.766s][info][gc,heap     ] GC(81)  Capacity:     8192M (100%)       8192M (100%)       8192M (100%)       8192M (100%)       8192M (100%)       8192M (100%)   
[196.766s][info][gc,heap     ] GC(81)      Free:     5958M (73%)        5930M (72%)        8012M (98%)        8022M (98%)        8022M (98%)        5930M (72%)    
[196.766s][info][gc,heap     ] GC(81)      Used:     2234M (27%)        2262M (28%)         180M (2%)          170M (2%)         2262M (28%)         170M (2%)     
[196.766s][info][gc,heap     ] GC(81)      Live:         -               132M (2%)          132M (2%)          132M (2%)             -                  -          
[196.766s][info][gc,heap     ] GC(81) Allocated:         -                28M (0%)           28M (0%)           28M (0%)             -                  -          
[196.766s][info][gc,heap     ] GC(81)   Garbage:         -              2101M (26%)          19M (0%)            9M (0%)             -                  -          
[196.766s][info][gc,heap     ] GC(81) Reclaimed:         -                  -              2082M (25%)        2092M (26%)            -                  -          
[196.766s][info][gc          ] GC(81) Garbage Collection (Proactive) 2234M(27%)->170M(2%)
[198.537s][info][gc,start    ] GC(82) Garbage Collection (Proactive)
[198.537s][info][gc,phases   ] GC(82) Pause Mark Start 0.008ms
[198.562s][info][gc,phases   ] GC(82) Concurrent Mark 24.776ms
[198.562s][info][gc,phases   ] GC(82) Pause Mark End 0.009ms
[198.563s][info][gc,phases   ] GC(82) Concurrent Process Non-Strong References 0.441ms
[198.563s][info][gc,phases   ] GC(82) Concurrent Reset Relocation Set 0.001ms
[198.566s][info][gc,phases   ] GC(82) Concurrent Select Relocation Set 2.886ms
[198.566s][info][gc,phases   ] GC(82) Pause Relocate Start 0.004ms
[198.566s][info][gc,phases   ] GC(82) Concurrent Relocate 0.545ms
[198.567s][info][gc,load     ] GC(82) Load: 3.13/3.06/2.70
[198.567s][info][gc,mmu      ] GC(82) MMU: 2ms/97.6%, 5ms/99.0%, 10ms/99.5%, 20ms/99.8%, 50ms/99.9%, 100ms/99.9%
[198.567s][info][gc,marking  ] GC(82) Mark: 2 stripe(s), 2 proactive flush(es), 1 terminate flush(es), 0 completion(s), 0 continuation(s) 
[198.567s][info][gc,nmethod  ] GC(82) NMethods: 491 registered, 0 unregistered
[198.567s][info][gc,metaspace] GC(82) Metaspace: 0M used, 0M committed, 1032M reserved
[198.567s][info][gc,ref      ] GC(82) Soft: 82 encountered, 0 discovered, 0 enqueued
[198.567s][info][gc,ref      ] GC(82) Weak: 200 encountered, 71 discovered, 0 enqueued
[198.567s][info][gc,ref      ] GC(82) Final: 0 encountered, 0 discovered, 0 enqueued
[198.567s][info][gc,ref      ] GC(82) Phantom: 5 encountered, 4 discovered, 0 enqueued
[198.567s][info][gc,reloc    ] GC(82) Small Pages: 1011 / 2022M, Empty: 1868M, Relocated: 2M, In-Place: 0
[198.567s][info][gc,reloc    ] GC(82) Medium Pages: 0 / 0M, Empty: 0M, Relocated: 0M, In-Place: 0
[198.567s][info][gc,reloc    ] GC(82) Large Pages: 0 / 0M, Empty: 0M, Relocated: 0M, In-Place: 0
[198.567s][info][gc,reloc    ] GC(82) Forwarding Usage: 0M
[198.567s][info][gc,heap     ] GC(82) Min Capacity: 8192M(100%)
[198.567s][info][gc,heap     ] GC(82) Max Capacity: 8192M(100%)
[198.567s][info][gc,heap     ] GC(82) Soft Max Capacity: 8192M(100%)
[198.567s][info][gc,heap     ] GC(82)                Mark Start          Mark End        Relocate Start      Relocate End           High               Low         
[198.567s][info][gc,heap     ] GC(82)  Capacity:     8192M (100%)       8192M (100%)       8192M (100%)       8192M (100%)       8192M (100%)       8192M (100%)   
[198.567s][info][gc,heap     ] GC(82)      Free:     6170M (75%)        6138M (75%)        8006M (98%)        8014M (98%)        8014M (98%)        6138M (75%)    
[198.567s][info][gc,heap     ] GC(82)      Used:     2022M (25%)        2054M (25%)         186M (2%)          178M (2%)         2054M (25%)         178M (2%)     
[198.567s][info][gc,heap     ] GC(82)      Live:         -               132M (2%)          132M (2%)          132M (2%)             -                  -          
[198.567s][info][gc,heap     ] GC(82) Allocated:         -                32M (0%)           32M (0%)           36M (0%)             -                  -          
[198.567s][info][gc,heap     ] GC(82)   Garbage:         -              1889M (23%)          21M (0%)            9M (0%)             -                  -          
[198.567s][info][gc,heap     ] GC(82) Reclaimed:         -                  -              1868M (23%)        1880M (23%)            -                  -          
[198.567s][info][gc          ] GC(82) Garbage Collection (Proactive) 2022M(25%)->178M(2%)
[200.034s][info][gc,stats    ] === Garbage Collection Statistics =======================================================================================================================
[200.034s][info][gc,stats    ]                                                              Last 10s              Last 10m              Last 10h                Total
[200.034s][info][gc,stats    ]                                                              Avg / Max             Avg / Max             Avg / Max             Avg / Max
[200.034s][info][gc,stats    ]   Collector: Garbage Collection Cycle                     29.851 / 31.145       36.355 / 101.538      36.355 / 101.538      36.355 / 101.538     ms
[200.034s][info][gc,stats    ]  Contention: Mark Segment Reset Contention                     0 / 0                 0 / 3                 0 / 3                 0 / 3           ops/s
[200.034s][info][gc,stats    ]  Contention: Mark SeqNum Reset Contention                      0 / 0                 0 / 1                 0 / 1                 0 / 1           ops/s
[200.034s][info][gc,stats    ]    Critical: Allocation Stall                                  0 / 0                 0 / 0                 0 / 0                 0 / 0           ops/s
[200.034s][info][gc,stats    ]    Critical: Allocation Stall                              0.000 / 0.000         0.000 / 0.000         0.000 / 0.000         0.000 / 0.000       ms
[200.034s][info][gc,stats    ]    Critical: GC Locker Stall                                   0 / 0                 0 / 0                 0 / 0                 0 / 0           ops/s
[200.034s][info][gc,stats    ]    Critical: GC Locker Stall                               0.000 / 0.000         0.000 / 0.000         0.000 / 0.000         0.000 / 0.000       ms
[200.034s][info][gc,stats    ]    Critical: Relocation Stall                                  0 / 0                 0 / 0                 0 / 0                 0 / 0           ops/s
[200.034s][info][gc,stats    ]    Critical: Relocation Stall                              0.000 / 0.000         0.000 / 0.000         0.000 / 0.000         0.000 / 0.000       ms
[200.034s][info][gc,stats    ]      Memory: Allocation Rate                                1042 / 1056           1085 / 9228           1085 / 9228           1085 / 9228        MB/s
[200.034s][info][gc,stats    ]      Memory: Out Of Memory                                     0 / 0                 0 / 0                 0 / 0                 0 / 0           ops/s
[200.034s][info][gc,stats    ]      Memory: Page Cache Flush                                  0 / 0                 0 / 0                 0 / 0                 0 / 0           MB/s
[200.034s][info][gc,stats    ]      Memory: Page Cache Hit L1                               522 / 528             509 / 534             509 / 534             509 / 534         ops/s
[200.034s][info][gc,stats    ]      Memory: Page Cache Hit L2                                 0 / 0                 0 / 0                 0 / 0                 0 / 0           ops/s
[200.034s][info][gc,stats    ]      Memory: Page Cache Hit L3                                 0 / 0                14 / 524              14 / 524              14 / 524         ops/s
[200.034s][info][gc,stats    ]      Memory: Page Cache Miss                                   0 / 0                 0 / 1                 0 / 1                 0 / 1           ops/s
[200.034s][info][gc,stats    ]      Memory: Uncommit                                          0 / 0                 0 / 0                 0 / 0                 0 / 0           MB/s
[200.034s][info][gc,stats    ]      Memory: Undo Object Allocation Failed                     0 / 0                 0 / 0                 0 / 0                 0 / 0           ops/s
[200.034s][info][gc,stats    ]      Memory: Undo Object Allocation Succeeded                  0 / 0                 0 / 3                 0 / 3                 0 / 3           ops/s
[200.034s][info][gc,stats    ]      Memory: Undo Page Allocation                              0 / 0                 0 / 1                 0 / 1                 0 / 1           ops/s
[200.034s][info][gc,stats    ]       Phase: Concurrent Mark                              25.210 / 26.470       31.162 / 74.612       31.162 / 74.612       31.162 / 74.612      ms
[200.034s][info][gc,stats    ]       Phase: Concurrent Mark Continue                      0.000 / 0.000         0.000 / 0.000         0.000 / 0.000         0.000 / 0.000       ms
[200.034s][info][gc,stats    ]       Phase: Concurrent Process Non-Strong References      0.449 / 0.471         0.468 / 0.610         0.468 / 0.610         0.468 / 0.610       ms
[200.034s][info][gc,stats    ]       Phase: Concurrent Relocate                           0.490 / 0.545         0.977 / 13.482        0.977 / 13.482        0.977 / 13.482      ms
[200.034s][info][gc,stats    ]       Phase: Concurrent Reset Relocation Set               0.001 / 0.002         0.002 / 0.043         0.002 / 0.043         0.002 / 0.043       ms
[200.034s][info][gc,stats    ]       Phase: Concurrent Select Relocation Set              2.838 / 2.886         2.996 / 12.132        2.996 / 12.132        2.996 / 12.132      ms
[200.034s][info][gc,stats    ]       Phase: Pause Mark End                                0.009 / 0.009         0.009 / 0.017         0.009 / 0.017         0.009 / 0.017       ms
[200.035s][info][gc,stats    ]       Phase: Pause Mark Start                              0.007 / 0.008         0.008 / 0.048         0.008 / 0.048         0.008 / 0.048       ms
[200.035s][info][gc,stats    ]       Phase: Pause Relocate Start                          0.004 / 0.004         0.004 / 0.006         0.004 / 0.006         0.004 / 0.006       ms
[200.035s][info][gc,stats    ]    Subphase: Concurrent Classes Purge                      0.033 / 0.045         0.031 / 0.047         0.031 / 0.047         0.031 / 0.047       ms
[200.035s][info][gc,stats    ]    Subphase: Concurrent Classes Unlink                     0.292 / 0.302         0.290 / 0.324         0.290 / 0.324         0.290 / 0.324       ms
[200.035s][info][gc,stats    ]    Subphase: Concurrent Mark                              24.266 / 26.152       30.200 / 74.133       30.200 / 74.133       30.200 / 74.133      ms
[200.035s][info][gc,stats    ]    Subphase: Concurrent Mark Idle                          1.412 / 1.537         1.380 / 1.620         1.380 / 1.620         1.380 / 1.620       ms
[200.035s][info][gc,stats    ]    Subphase: Concurrent Mark Try Flush                     0.033 / 0.077         0.039 / 0.111         0.039 / 0.111         0.039 / 0.111       ms
[200.035s][info][gc,stats    ]    Subphase: Concurrent Mark Try Terminate                 0.479 / 1.539         0.502 / 1.623         0.502 / 1.623         0.502 / 1.623       ms
[200.035s][info][gc,stats    ]    Subphase: Concurrent References Enqueue                 0.000 / 0.000         0.000 / 0.003         0.000 / 0.003         0.000 / 0.003       ms
[200.035s][info][gc,stats    ]    Subphase: Concurrent References Process                 0.027 / 0.031         0.025 / 0.043         0.025 / 0.043         0.025 / 0.043       ms
[200.035s][info][gc,stats    ]    Subphase: Concurrent Roots ClassLoaderDataGraph         0.020 / 0.043         0.028 / 0.112         0.028 / 0.112         0.028 / 0.112       ms
[200.036s][info][gc,stats    ]    Subphase: Concurrent Roots CodeCache                    0.000 / 0.000         0.000 / 0.000         0.000 / 0.000         0.000 / 0.000       ms
[200.036s][info][gc,stats    ]    Subphase: Concurrent Roots JavaThreads                  0.226 / 0.284         0.257 / 0.394         0.257 / 0.394         0.257 / 0.394       ms
[200.036s][info][gc,stats    ]    Subphase: Concurrent Roots OopStorageSet                0.008 / 0.024         0.007 / 0.024         0.007 / 0.024         0.007 / 0.024       ms
[200.036s][info][gc,stats    ]    Subphase: Concurrent Weak Roots OopStorageSet           0.039 / 0.047         0.050 / 0.090         0.050 / 0.090         0.050 / 0.090       ms
[200.036s][info][gc,stats    ]    Subphase: Pause Mark Try Complete                       0.000 / 0.000         0.000 / 0.000         0.000 / 0.000         0.000 / 0.000       ms
[200.036s][info][gc,stats    ]      System: Java Threads                                     16 / 16               16 / 19               16 / 19               16 / 19          threads
[200.036s][info][gc,stats    ] =========================================================================================================================================================
[200.236s][info][gc,start    ] GC(83) Garbage Collection (Proactive)
[200.236s][info][gc,phases   ] GC(83) Pause Mark Start 0.007ms
[200.261s][info][gc,phases   ] GC(83) Concurrent Mark 24.390ms
[200.261s][info][gc,phases   ] GC(83) Pause Mark End 0.009ms
[200.261s][info][gc,phases   ] GC(83) Concurrent Process Non-Strong References 0.438ms
[200.261s][info][gc,phases   ] GC(83) Concurrent Reset Relocation Set 0.002ms
[200.264s][info][gc,phases   ] GC(83) Concurrent Select Relocation Set 2.771ms
[200.264s][info][gc,phases   ] GC(83) Pause Relocate Start 0.004ms
[200.265s][info][gc,phases   ] GC(83) Concurrent Relocate 0.444ms
[200.265s][info][gc,load     ] GC(83) Load: 3.13/3.06/2.70
[200.265s][info][gc,mmu      ] GC(83) MMU: 2ms/97.6%, 5ms/99.0%, 10ms/99.5%, 20ms/99.8%, 50ms/99.9%, 100ms/99.9%
[200.265s][info][gc,marking  ] GC(83) Mark: 2 stripe(s), 2 proactive flush(es), 1 terminate flush(es), 0 completion(s), 0 continuation(s) 
[200.265s][info][gc,nmethod  ] GC(83) NMethods: 491 registered, 0 unregistered
[200.265s][info][gc,metaspace] GC(83) Metaspace: 0M used, 0M committed, 1032M reserved
[200.265s][info][gc,ref      ] GC(83) Soft: 82 encountered, 0 discovered, 0 enqueued
[200.265s][info][gc,ref      ] GC(83) Weak: 200 encountered, 111 discovered, 0 enqueued
[200.265s][info][gc,ref      ] GC(83) Final: 0 encountered, 0 discovered, 0 enqueued
[200.265s][info][gc,ref      ] GC(83) Phantom: 5 encountered, 5 discovered, 0 enqueued
[200.265s][info][gc,reloc    ] GC(83) Small Pages: 959 / 1918M, Empty: 1762M, Relocated: 2M, In-Place: 0
[200.265s][info][gc,reloc    ] GC(83) Medium Pages: 0 / 0M, Empty: 0M, Relocated: 0M, In-Place: 0
[200.265s][info][gc,reloc    ] GC(83) Large Pages: 0 / 0M, Empty: 0M, Relocated: 0M, In-Place: 0
[200.265s][info][gc,reloc    ] GC(83) Forwarding Usage: 0M
[200.265s][info][gc,heap     ] GC(83) Min Capacity: 8192M(100%)
[200.265s][info][gc,heap     ] GC(83) Max Capacity: 8192M(100%)
[200.265s][info][gc,heap     ] GC(83) Soft Max Capacity: 8192M(100%)
[200.265s][info][gc,heap     ] GC(83)                Mark Start          Mark End        Relocate Start      Relocate End           High               Low         
[200.265s][info][gc,heap     ] GC(83)  Capacity:     8192M (100%)       8192M (100%)       8192M (100%)       8192M (100%)       8192M (100%)       8192M (100%)   
[200.265s][info][gc,heap     ] GC(83)      Free:     6274M (77%)        6242M (76%)        8004M (98%)        8018M (98%)        8018M (98%)        6242M (76%)    
[200.265s][info][gc,heap     ] GC(83)      Used:     1918M (23%)        1950M (24%)         188M (2%)          174M (2%)         1950M (24%)         174M (2%)     
[200.265s][info][gc,heap     ] GC(83)      Live:         -               132M (2%)          132M (2%)          132M (2%)             -                  -          
[200.265s][info][gc,heap     ] GC(83) Allocated:         -                32M (0%)           32M (0%)           32M (0%)             -                  -          
[200.265s][info][gc,heap     ] GC(83)   Garbage:         -              1785M (22%)          23M (0%)            9M (0%)             -                  -          
[200.265s][info][gc,heap     ] GC(83) Reclaimed:         -                  -              1762M (22%)        1776M (22%)            -                  -          
[200.265s][info][gc          ] GC(83) Garbage Collection (Proactive) 1918M(23%)->174M(2%)
[201.835s][info][gc,start    ] GC(84) Garbage Collection (Proactive)
[201.835s][info][gc,phases   ] GC(84) Pause Mark Start 0.007ms
[201.860s][info][gc,phases   ] GC(84) Concurrent Mark 24.818ms
[201.860s][info][gc,phases   ] GC(84) Pause Mark End 0.009ms
[201.860s][info][gc,phases   ] GC(84) Concurrent Process Non-Strong References 0.447ms
[201.860s][info][gc,phases   ] GC(84) Concurrent Reset Relocation Set 0.002ms
[201.863s][info][gc,phases   ] GC(84) Concurrent Select Relocation Set 2.809ms
[201.863s][info][gc,phases   ] GC(84) Pause Relocate Start 0.004ms
[201.864s][info][gc,phases   ] GC(84) Concurrent Relocate 0.655ms
[201.864s][info][gc,load     ] GC(84) Load: 3.12/3.06/2.70
[201.864s][info][gc,mmu      ] GC(84) MMU: 2ms/97.6%, 5ms/99.0%, 10ms/99.5%, 20ms/99.8%, 50ms/99.9%, 100ms/99.9%
[201.864s][info][gc,marking  ] GC(84) Mark: 2 stripe(s), 2 proactive flush(es), 1 terminate flush(es), 0 completion(s), 0 continuation(s) 
[201.864s][info][gc,nmethod  ] GC(84) NMethods: 491 registered, 0 unregistered
[201.864s][info][gc,metaspace] GC(84) Metaspace: 0M used, 0M committed, 1032M reserved
[201.864s][info][gc,ref      ] GC(84) Soft: 82 encountered, 0 discovered, 0 enqueued
[201.864s][info][gc,ref      ] GC(84) Weak: 200 encountered, 76 discovered, 0 enqueued
[201.864s][info][gc,ref      ] GC(84) Final: 0 encountered, 0 discovered, 0 enqueued
[201.864s][info][gc,ref      ] GC(84) Phantom: 5 encountered, 3 discovered, 0 enqueued
[201.864s][info][gc,reloc    ] GC(84) Small Pages: 904 / 1808M, Empty: 1660M, Relocated: 4M, In-Place: 0
[201.864s][info][gc,reloc    ] GC(84) Medium Pages: 0 / 0M, Empty: 0M, Relocated: 0M, In-Place: 0
[201.864s][info][gc,reloc    ] GC(84) Large Pages: 0 / 0M, Empty: 0M, Relocated: 0M, In-Place: 0
[201.864s][info][gc,reloc    ] GC(84) Forwarding Usage: 0M
[201.864s][info][gc,heap     ] GC(84) Min Capacity: 8192M(100%)
[201.864s][info][gc,heap     ] GC(84) Max Capacity: 8192M(100%)
[201.864s][info][gc,heap     ] GC(84) Soft Max Capacity: 8192M(100%)
[201.864s][info][gc,heap     ] GC(84)                Mark Start          Mark End        Relocate Start      Relocate End           High               Low         
[201.864s][info][gc,heap     ] GC(84)  Capacity:     8192M (100%)       8192M (100%)       8192M (100%)       8192M (100%)       8192M (100%)       8192M (100%)   
[201.864s][info][gc,heap     ] GC(84)      Free:     6384M (78%)        6352M (78%)        8012M (98%)        8016M (98%)        8016M (98%)        6352M (78%)    
[201.864s][info][gc,heap     ] GC(84)      Used:     1808M (22%)        1840M (22%)         180M (2%)          176M (2%)         1840M (22%)         176M (2%)     
[201.864s][info][gc,heap     ] GC(84)      Live:         -               132M (2%)          132M (2%)          132M (2%)             -                  -          
[201.864s][info][gc,heap     ] GC(84) Allocated:         -                32M (0%)           32M (0%)           32M (0%)             -                  -          
[201.864s][info][gc,heap     ] GC(84)   Garbage:         -              1675M (20%)          15M (0%)           11M (0%)             -                  -          
[201.864s][info][gc,heap     ] GC(84) Reclaimed:         -                  -              1660M (20%)        1664M (20%)            -                  -          
[201.864s][info][gc          ] GC(84) Garbage Collection (Proactive) 1808M(22%)->176M(2%)
[203.436s][info][gc,start    ] GC(85) Garbage Collection (Proactive)
[203.437s][info][gc,phases   ] GC(85) Pause Mark Start 0.008ms
[203.463s][info][gc,phases   ] GC(85) Concurrent Mark 26.162ms
[203.463s][info][gc,phases   ] GC(85) Pause Mark End 0.009ms
[203.464s][info][gc,phases   ] GC(85) Concurrent Process Non-Strong References 0.454ms
[203.464s][info][gc,phases   ] GC(85) Concurrent Reset Relocation Set 0.002ms
[203.467s][info][gc,phases   ] GC(85) Concurrent Select Relocation Set 2.867ms
[203.467s][info][gc,phases   ] GC(85) Pause Relocate Start 0.004ms
[203.467s][info][gc,phases   ] GC(85) Concurrent Relocate 0.506ms
[203.467s][info][gc,load     ] GC(85) Load: 3.12/3.06/2.70
[203.467s][info][gc,mmu      ] GC(85) MMU: 2ms/97.6%, 5ms/99.0%, 10ms/99.5%, 20ms/99.8%, 50ms/99.9%, 100ms/99.9%
[203.467s][info][gc,marking  ] GC(85) Mark: 2 stripe(s), 3 proactive flush(es), 1 terminate flush(es), 0 completion(s), 0 continuation(s) 
[203.467s][info][gc,nmethod  ] GC(85) NMethods: 491 registered, 0 unregistered
[203.467s][info][gc,metaspace] GC(85) Metaspace: 0M used, 0M committed, 1032M reserved
[203.467s][info][gc,ref      ] GC(85) Soft: 82 encountered, 0 discovered, 0 enqueued
[203.467s][info][gc,ref      ] GC(85) Weak: 200 encountered, 79 discovered, 0 enqueued
[203.467s][info][gc,ref      ] GC(85) Final: 0 encountered, 0 discovered, 0 enqueued
[203.467s][info][gc,ref      ] GC(85) Phantom: 5 encountered, 3 discovered, 0 enqueued
[203.467s][info][gc,reloc    ] GC(85) Small Pages: 910 / 1820M, Empty: 1664M, Relocated: 2M, In-Place: 0
[203.467s][info][gc,reloc    ] GC(85) Medium Pages: 0 / 0M, Empty: 0M, Relocated: 0M, In-Place: 0
[203.467s][info][gc,reloc    ] GC(85) Large Pages: 0 / 0M, Empty: 0M, Relocated: 0M, In-Place: 0
[203.467s][info][gc,reloc    ] GC(85) Forwarding Usage: 0M
[203.467s][info][gc,heap     ] GC(85) Min Capacity: 8192M(100%)
[203.467s][info][gc,heap     ] GC(85) Max Capacity: 8192M(100%)
[203.467s][info][gc,heap     ] GC(85) Soft Max Capacity: 8192M(100%)
[203.467s][info][gc,heap     ] GC(85)                Mark Start          Mark End        Relocate Start      Relocate End           High               Low         
[203.467s][info][gc,heap     ] GC(85)  Capacity:     8192M (100%)       8192M (100%)       8192M (100%)       8192M (100%)       8192M (100%)       8192M (100%)   
[203.468s][info][gc,heap     ] GC(85)      Free:     6372M (78%)        6340M (77%)        8002M (98%)        8012M (98%)        8012M (98%)        6340M (77%)    
[203.468s][info][gc,heap     ] GC(85)      Used:     1820M (22%)        1852M (23%)         190M (2%)          180M (2%)         1852M (23%)         180M (2%)     
[203.468s][info][gc,heap     ] GC(85)      Live:         -               132M (2%)          132M (2%)          132M (2%)             -                  -          
[203.468s][info][gc,heap     ] GC(85) Allocated:         -                32M (0%)           34M (0%)           38M (0%)             -                  -          
[203.468s][info][gc,heap     ] GC(85)   Garbage:         -              1687M (21%)          23M (0%)            9M (0%)             -                  -          
[203.468s][info][gc,heap     ] GC(85) Reclaimed:         -                  -              1664M (20%)        1678M (20%)            -                  -          
[203.468s][info][gc          ] GC(85) Garbage Collection (Proactive) 1820M(22%)->180M(2%)
[205.139s][info][gc,start    ] GC(86) Garbage Collection (Proactive)
[205.139s][info][gc,phases   ] GC(86) Pause Mark Start 0.007ms
[205.164s][info][gc,phases   ] GC(86) Concurrent Mark 25.087ms
[205.164s][info][gc,phases   ] GC(86) Pause Mark End 0.010ms
[205.165s][info][gc,phases   ] GC(86) Concurrent Process Non-Strong References 0.459ms
[205.165s][info][gc,phases   ] GC(86) Concurrent Reset Relocation Set 0.002ms
[205.168s][info][gc,phases   ] GC(86) Concurrent Select Relocation Set 2.900ms
[205.168s][info][gc,phases   ] GC(86) Pause Relocate Start 0.004ms
[205.169s][info][gc,phases   ] GC(86) Concurrent Relocate 0.813ms
[205.169s][info][gc,load     ] GC(86) Load: 3.12/3.06/2.70
[205.169s][info][gc,mmu      ] GC(86) MMU: 2ms/97.6%, 5ms/99.0%, 10ms/99.5%, 20ms/99.8%, 50ms/99.9%, 100ms/99.9%
[205.169s][info][gc,marking  ] GC(86) Mark: 2 stripe(s), 2 proactive flush(es), 1 terminate flush(es), 0 completion(s), 0 continuation(s) 
[205.169s][info][gc,nmethod  ] GC(86) NMethods: 491 registered, 0 unregistered
[205.169s][info][gc,metaspace] GC(86) Metaspace: 0M used, 0M committed, 1032M reserved
[205.169s][info][gc,ref      ] GC(86) Soft: 82 encountered, 0 discovered, 0 enqueued
[205.169s][info][gc,ref      ] GC(86) Weak: 200 encountered, 100 discovered, 0 enqueued
[205.169s][info][gc,ref      ] GC(86) Final: 0 encountered, 0 discovered, 0 enqueued
[205.169s][info][gc,ref      ] GC(86) Phantom: 5 encountered, 5 discovered, 0 enqueued
[205.169s][info][gc,reloc    ] GC(86) Small Pages: 960 / 1920M, Empty: 1768M, Relocated: 5M, In-Place: 0
[205.169s][info][gc,reloc    ] GC(86) Medium Pages: 0 / 0M, Empty: 0M, Relocated: 0M, In-Place: 0
[205.169s][info][gc,reloc    ] GC(86) Large Pages: 0 / 0M, Empty: 0M, Relocated: 0M, In-Place: 0
[205.169s][info][gc,reloc    ] GC(86) Forwarding Usage: 0M
[205.169s][info][gc,heap     ] GC(86) Min Capacity: 8192M(100%)
[205.169s][info][gc,heap     ] GC(86) Max Capacity: 8192M(100%)
[205.169s][info][gc,heap     ] GC(86) Soft Max Capacity: 8192M(100%)
[205.169s][info][gc,heap     ] GC(86)                Mark Start          Mark End        Relocate Start      Relocate End           High               Low         
[205.169s][info][gc,heap     ] GC(86)  Capacity:     8192M (100%)       8192M (100%)       8192M (100%)       8192M (100%)       8192M (100%)       8192M (100%)   
[205.169s][info][gc,heap     ] GC(86)      Free:     6272M (77%)        6248M (76%)        8006M (98%)        8010M (98%)        8010M (98%)        6248M (76%)    
[205.169s][info][gc,heap     ] GC(86)      Used:     1920M (23%)        1944M (24%)         186M (2%)          182M (2%)         1944M (24%)         182M (2%)     
[205.169s][info][gc,heap     ] GC(86)      Live:         -               132M (2%)          132M (2%)          132M (2%)             -                  -          
[205.169s][info][gc,heap     ] GC(86) Allocated:         -                24M (0%)           34M (0%)           38M (0%)             -                  -          
[205.169s][info][gc,heap     ] GC(86)   Garbage:         -              1787M (22%)          19M (0%)           11M (0%)             -                  -          
[205.169s][info][gc,heap     ] GC(86) Reclaimed:         -                  -              1768M (22%)        1776M (22%)            -                  -          
[205.169s][info][gc          ] GC(86) Garbage Collection (Proactive) 1920M(23%)->182M(2%)
[206.743s][info][gc,start    ] GC(87) Garbage Collection (Proactive)
[206.743s][info][gc,phases   ] GC(87) Pause Mark Start 0.006ms
[206.778s][info][gc,phases   ] GC(87) Concurrent Mark 35.103ms
[206.778s][info][gc,phases   ] GC(87) Pause Mark End 0.010ms
[206.779s][info][gc,phases   ] GC(87) Concurrent Process Non-Strong References 0.426ms
[206.779s][info][gc,phases   ] GC(87) Concurrent Reset Relocation Set 0.002ms
[206.782s][info][gc,phases   ] GC(87) Concurrent Select Relocation Set 2.826ms
[206.782s][info][gc,phases   ] GC(87) Pause Relocate Start 0.004ms
[206.783s][info][gc,phases   ] GC(87) Concurrent Relocate 1.006ms
[206.783s][info][gc,load     ] GC(87) Load: 3.19/3.07/2.71
[206.783s][info][gc,mmu      ] GC(87) MMU: 2ms/97.6%, 5ms/99.0%, 10ms/99.5%, 20ms/99.8%, 50ms/99.9%, 100ms/99.9%
[206.783s][info][gc,marking  ] GC(87) Mark: 2 stripe(s), 2 proactive flush(es), 1 terminate flush(es), 0 completion(s), 0 continuation(s) 
[206.783s][info][gc,nmethod  ] GC(87) NMethods: 491 registered, 0 unregistered
[206.783s][info][gc,metaspace] GC(87) Metaspace: 0M used, 0M committed, 1032M reserved
[206.783s][info][gc,ref      ] GC(87) Soft: 82 encountered, 0 discovered, 0 enqueued
[206.783s][info][gc,ref      ] GC(87) Weak: 200 encountered, 54 discovered, 0 enqueued
[206.783s][info][gc,ref      ] GC(87) Final: 0 encountered, 0 discovered, 0 enqueued
[206.783s][info][gc,ref      ] GC(87) Phantom: 5 encountered, 3 discovered, 0 enqueued
[206.783s][info][gc,reloc    ] GC(87) Small Pages: 908 / 1816M, Empty: 1666M, Relocated: 6M, In-Place: 0
[206.783s][info][gc,reloc    ] GC(87) Medium Pages: 0 / 0M, Empty: 0M, Relocated: 0M, In-Place: 0
[206.783s][info][gc,reloc    ] GC(87) Large Pages: 0 / 0M, Empty: 0M, Relocated: 0M, In-Place: 0
[206.783s][info][gc,reloc    ] GC(87) Forwarding Usage: 0M
[206.783s][info][gc,heap     ] GC(87) Min Capacity: 8192M(100%)
[206.783s][info][gc,heap     ] GC(87) Max Capacity: 8192M(100%)
[206.783s][info][gc,heap     ] GC(87) Soft Max Capacity: 8192M(100%)
[206.783s][info][gc,heap     ] GC(87)                Mark Start          Mark End        Relocate Start      Relocate End           High               Low         
[206.783s][info][gc,heap     ] GC(87)  Capacity:     8192M (100%)       8192M (100%)       8192M (100%)       8192M (100%)       8192M (100%)       8192M (100%)   
[206.783s][info][gc,heap     ] GC(87)      Free:     6376M (78%)        6328M (77%)        7994M (98%)        8002M (98%)        8002M (98%)        6328M (77%)    
[206.783s][info][gc,heap     ] GC(87)      Used:     1816M (22%)        1864M (23%)         198M (2%)          190M (2%)         1864M (23%)         190M (2%)     
[206.783s][info][gc,heap     ] GC(87)      Live:         -               132M (2%)          132M (2%)          132M (2%)             -                  -          
[206.783s][info][gc,heap     ] GC(87) Allocated:         -                48M (1%)           48M (1%)           48M (1%)             -                  -          
[206.783s][info][gc,heap     ] GC(87)   Garbage:         -              1683M (21%)          17M (0%)            9M (0%)             -                  -          
[206.783s][info][gc,heap     ] GC(87) Reclaimed:         -                  -              1666M (20%)        1674M (20%)            -                  -          
[206.783s][info][gc          ] GC(87) Garbage Collection (Proactive) 1816M(22%)->190M(2%)
[209.343s][info][gc,start    ] GC(88) Garbage Collection (Proactive)
[209.343s][info][gc,phases   ] GC(88) Pause Mark Start 0.014ms
[209.368s][info][gc,phases   ] GC(88) Concurrent Mark 24.488ms
[209.368s][info][gc,phases   ] GC(88) Pause Mark End 0.008ms
[209.368s][info][gc,phases   ] GC(88) Concurrent Process Non-Strong References 0.420ms
[209.369s][info][gc,phases   ] GC(88) Concurrent Reset Relocation Set 0.001ms
[209.371s][info][gc,phases   ] GC(88) Concurrent Select Relocation Set 2.808ms
[209.371s][info][gc,phases   ] GC(88) Pause Relocate Start 0.003ms
[209.372s][info][gc,phases   ] GC(88) Concurrent Relocate 0.723ms
[209.372s][info][gc,load     ] GC(88) Load: 3.19/3.07/2.71
[209.372s][info][gc,mmu      ] GC(88) MMU: 2ms/97.6%, 5ms/99.0%, 10ms/99.5%, 20ms/99.8%, 50ms/99.9%, 100ms/99.9%
[209.372s][info][gc,marking  ] GC(88) Mark: 2 stripe(s), 2 proactive flush(es), 1 terminate flush(es), 0 completion(s), 0 continuation(s) 
[209.372s][info][gc,nmethod  ] GC(88) NMethods: 491 registered, 0 unregistered
[209.372s][info][gc,metaspace] GC(88) Metaspace: 0M used, 0M committed, 1032M reserved
[209.372s][info][gc,ref      ] GC(88) Soft: 82 encountered, 0 discovered, 0 enqueued
[209.372s][info][gc,ref      ] GC(88) Weak: 200 encountered, 10 discovered, 0 enqueued
[209.372s][info][gc,ref      ] GC(88) Final: 0 encountered, 0 discovered, 0 enqueued
[209.372s][info][gc,ref      ] GC(88) Phantom: 5 encountered, 3 discovered, 0 enqueued
[209.372s][info][gc,reloc    ] GC(88) Small Pages: 1427 / 2854M, Empty: 2704M, Relocated: 4M, In-Place: 0
[209.372s][info][gc,reloc    ] GC(88) Medium Pages: 0 / 0M, Empty: 0M, Relocated: 0M, In-Place: 0
[209.372s][info][gc,reloc    ] GC(88) Large Pages: 0 / 0M, Empty: 0M, Relocated: 0M, In-Place: 0
[209.372s][info][gc,reloc    ] GC(88) Forwarding Usage: 0M
[209.372s][info][gc,heap     ] GC(88) Min Capacity: 8192M(100%)
[209.372s][info][gc,heap     ] GC(88) Max Capacity: 8192M(100%)
[209.372s][info][gc,heap     ] GC(88) Soft Max Capacity: 8192M(100%)
[209.372s][info][gc,heap     ] GC(88)                Mark Start          Mark End        Relocate Start      Relocate End           High               Low         
[209.372s][info][gc,heap     ] GC(88)  Capacity:     8192M (100%)       8192M (100%)       8192M (100%)       8192M (100%)       8192M (100%)       8192M (100%)   
[209.372s][info][gc,heap     ] GC(88)      Free:     5338M (65%)        5306M (65%)        8010M (98%)        8014M (98%)        8014M (98%)        5306M (65%)    
[209.372s][info][gc,heap     ] GC(88)      Used:     2854M (35%)        2886M (35%)         182M (2%)          178M (2%)         2886M (35%)         178M (2%)     
[209.372s][info][gc,heap     ] GC(88)      Live:         -               132M (2%)          132M (2%)          132M (2%)             -                  -          
[209.372s][info][gc,heap     ] GC(88) Allocated:         -                32M (0%)           32M (0%)           32M (0%)             -                  -          
[209.372s][info][gc,heap     ] GC(88)   Garbage:         -              2721M (33%)          17M (0%)           13M (0%)             -                  -          
[209.372s][info][gc,heap     ] GC(88) Reclaimed:         -                  -              2704M (33%)        2708M (33%)            -                  -          
[209.372s][info][gc          ] GC(88) Garbage Collection (Proactive) 2854M(35%)->178M(2%)
[210.042s][info][gc,stats    ] === Garbage Collection Statistics =======================================================================================================================
[210.042s][info][gc,stats    ]                                                              Last 10s              Last 10m              Last 10h                Total
[210.042s][info][gc,stats    ]                                                              Avg / Max             Avg / Max             Avg / Max             Avg / Max
[210.042s][info][gc,stats    ]   Collector: Garbage Collection Cycle                     31.346 / 39.887       36.018 / 101.538      36.018 / 101.538      36.018 / 101.538     ms
[210.042s][info][gc,stats    ]  Contention: Mark Segment Reset Contention                     0 / 3                 0 / 3                 0 / 3                 0 / 3           ops/s
[210.042s][info][gc,stats    ]  Contention: Mark SeqNum Reset Contention                      0 / 0                 0 / 1                 0 / 1                 0 / 1           ops/s
[210.042s][info][gc,stats    ]    Critical: Allocation Stall                                  0 / 0                 0 / 0                 0 / 0                 0 / 0           ops/s
[210.042s][info][gc,stats    ]    Critical: Allocation Stall                              0.000 / 0.000         0.000 / 0.000         0.000 / 0.000         0.000 / 0.000       ms
[210.042s][info][gc,stats    ]    Critical: GC Locker Stall                                   0 / 0                 0 / 0                 0 / 0                 0 / 0           ops/s
[210.042s][info][gc,stats    ]    Critical: GC Locker Stall                               0.000 / 0.000         0.000 / 0.000         0.000 / 0.000         0.000 / 0.000       ms
[210.042s][info][gc,stats    ]    Critical: Relocation Stall                                  0 / 0                 0 / 0                 0 / 0                 0 / 0           ops/s
[210.042s][info][gc,stats    ]    Critical: Relocation Stall                              0.000 / 0.000         0.000 / 0.000         0.000 / 0.000         0.000 / 0.000       ms
[210.042s][info][gc,stats    ]      Memory: Allocation Rate                                1045 / 1058           1083 / 9228           1083 / 9228           1083 / 9228        MB/s
[210.042s][info][gc,stats    ]      Memory: Out Of Memory                                     0 / 0                 0 / 0                 0 / 0                 0 / 0           ops/s
[210.042s][info][gc,stats    ]      Memory: Page Cache Flush                                  0 / 0                 0 / 0                 0 / 0                 0 / 0           MB/s
[210.042s][info][gc,stats    ]      Memory: Page Cache Hit L1                               524 / 532             510 / 534             510 / 534             510 / 534         ops/s
[210.042s][info][gc,stats    ]      Memory: Page Cache Hit L2                                 0 / 0                 0 / 0                 0 / 0                 0 / 0           ops/s
[210.042s][info][gc,stats    ]      Memory: Page Cache Hit L3                                 0 / 0                13 / 524              13 / 524              13 / 524         ops/s
[210.042s][info][gc,stats    ]      Memory: Page Cache Miss                                   0 / 0                 0 / 1                 0 / 1                 0 / 1           ops/s
[210.042s][info][gc,stats    ]      Memory: Uncommit                                          0 / 0                 0 / 0                 0 / 0                 0 / 0           MB/s
[210.042s][info][gc,stats    ]      Memory: Undo Object Allocation Failed                     0 / 0                 0 / 0                 0 / 0                 0 / 0           ops/s
[210.042s][info][gc,stats    ]      Memory: Undo Object Allocation Succeeded                  0 / 0                 0 / 3                 0 / 3                 0 / 3           ops/s
[210.042s][info][gc,stats    ]      Memory: Undo Page Allocation                              0 / 0                 0 / 1                 0 / 1                 0 / 1           ops/s
[210.043s][info][gc,stats    ]       Phase: Concurrent Mark                              26.675 / 35.103       30.860 / 74.612       30.860 / 74.612       30.860 / 74.612      ms
[210.043s][info][gc,stats    ]       Phase: Concurrent Mark Continue                      0.000 / 0.000         0.000 / 0.000         0.000 / 0.000         0.000 / 0.000       ms
[210.043s][info][gc,stats    ]       Phase: Concurrent Process Non-Strong References      0.441 / 0.459         0.466 / 0.610         0.466 / 0.610         0.466 / 0.610       ms
[210.043s][info][gc,stats    ]       Phase: Concurrent Relocate                           0.691 / 1.006         0.958 / 13.482        0.958 / 13.482        0.958 / 13.482      ms
[210.043s][info][gc,stats    ]       Phase: Concurrent Reset Relocation Set               0.002 / 0.002         0.002 / 0.043         0.002 / 0.043         0.002 / 0.043       ms
[210.043s][info][gc,stats    ]       Phase: Concurrent Select Relocation Set              2.830 / 2.900         2.985 / 12.132        2.985 / 12.132        2.985 / 12.132      ms
[210.043s][info][gc,stats    ]       Phase: Pause Mark End                                0.009 / 0.010         0.009 / 0.017         0.009 / 0.017         0.009 / 0.017       ms
[210.043s][info][gc,stats    ]       Phase: Pause Mark Start                              0.008 / 0.014         0.008 / 0.048         0.008 / 0.048         0.008 / 0.048       ms
[210.043s][info][gc,stats    ]       Phase: Pause Relocate Start                          0.004 / 0.004         0.004 / 0.006         0.004 / 0.006         0.004 / 0.006       ms
[210.043s][info][gc,stats    ]    Subphase: Concurrent Classes Purge                      0.031 / 0.038         0.031 / 0.047         0.031 / 0.047         0.031 / 0.047       ms
[210.043s][info][gc,stats    ]    Subphase: Concurrent Classes Unlink                     0.293 / 0.313         0.291 / 0.324         0.291 / 0.324         0.291 / 0.324       ms
[210.043s][info][gc,stats    ]    Subphase: Concurrent Mark                              25.698 / 34.742       29.897 / 74.133       29.897 / 74.133       29.897 / 74.133      ms
[210.043s][info][gc,stats    ]    Subphase: Concurrent Mark Idle                          1.414 / 1.542         1.383 / 1.620         1.383 / 1.620         1.383 / 1.620       ms
[210.043s][info][gc,stats    ]    Subphase: Concurrent Mark Try Flush                     0.039 / 0.104         0.039 / 0.111         0.039 / 0.111         0.039 / 0.111       ms
[210.043s][info][gc,stats    ]    Subphase: Concurrent Mark Try Terminate                 0.529 / 1.543         0.504 / 1.623         0.504 / 1.623         0.504 / 1.623       ms
[210.043s][info][gc,stats    ]    Subphase: Concurrent References Enqueue                 0.000 / 0.000         0.000 / 0.003         0.000 / 0.003         0.000 / 0.003       ms
[210.043s][info][gc,stats    ]    Subphase: Concurrent References Process                 0.024 / 0.031         0.025 / 0.043         0.025 / 0.043         0.025 / 0.043       ms
[210.043s][info][gc,stats    ]    Subphase: Concurrent Roots ClassLoaderDataGraph         0.026 / 0.105         0.028 / 0.112         0.028 / 0.112         0.028 / 0.112       ms
[210.043s][info][gc,stats    ]    Subphase: Concurrent Roots CodeCache                    0.000 / 0.000         0.000 / 0.000         0.000 / 0.000         0.000 / 0.000       ms
[210.043s][info][gc,stats    ]    Subphase: Concurrent Roots JavaThreads                  0.260 / 0.319         0.257 / 0.394         0.257 / 0.394         0.257 / 0.394       ms
[210.043s][info][gc,stats    ]    Subphase: Concurrent Roots OopStorageSet                0.006 / 0.007         0.007 / 0.024         0.007 / 0.024         0.007 / 0.024       ms
[210.043s][info][gc,stats    ]    Subphase: Concurrent Weak Roots OopStorageSet           0.038 / 0.044         0.049 / 0.090         0.049 / 0.090         0.049 / 0.090       ms
[210.043s][info][gc,stats    ]    Subphase: Pause Mark Try Complete                       0.000 / 0.000         0.000 / 0.000         0.000 / 0.000         0.000 / 0.000       ms
[210.043s][info][gc,stats    ]      System: Java Threads                                     16 / 16               16 / 19               16 / 19               16 / 19          threads
[210.043s][info][gc,stats    ] =========================================================================================================================================================
[211.635s][info][gc,start    ] GC(89) Garbage Collection (Proactive)
[211.636s][info][gc,phases   ] GC(89) Pause Mark Start 0.007ms
[211.663s][info][gc,phases   ] GC(89) Concurrent Mark 27.517ms
[211.663s][info][gc,phases   ] GC(89) Pause Mark End 0.010ms
[211.664s][info][gc,phases   ] GC(89) Concurrent Process Non-Strong References 0.439ms
[211.664s][info][gc,phases   ] GC(89) Concurrent Reset Relocation Set 0.001ms
[211.667s][info][gc,phases   ] GC(89) Concurrent Select Relocation Set 2.932ms
[211.667s][info][gc,phases   ] GC(89) Pause Relocate Start 0.004ms
[211.668s][info][gc,phases   ] GC(89) Concurrent Relocate 0.578ms
[211.668s][info][gc,load     ] GC(89) Load: 2.93/3.02/2.69
[211.668s][info][gc,mmu      ] GC(89) MMU: 2ms/97.6%, 5ms/99.0%, 10ms/99.5%, 20ms/99.8%, 50ms/99.9%, 100ms/99.9%
[211.668s][info][gc,marking  ] GC(89) Mark: 2 stripe(s), 2 proactive flush(es), 1 terminate flush(es), 0 completion(s), 0 continuation(s) 
[211.668s][info][gc,nmethod  ] GC(89) NMethods: 491 registered, 0 unregistered
[211.668s][info][gc,metaspace] GC(89) Metaspace: 0M used, 0M committed, 1032M reserved
[211.668s][info][gc,ref      ] GC(89) Soft: 82 encountered, 0 discovered, 0 enqueued
[211.668s][info][gc,ref      ] GC(89) Weak: 200 encountered, 31 discovered, 0 enqueued
[211.668s][info][gc,ref      ] GC(89) Final: 0 encountered, 0 discovered, 0 enqueued
[211.668s][info][gc,ref      ] GC(89) Phantom: 5 encountered, 3 discovered, 0 enqueued
[211.668s][info][gc,reloc    ] GC(89) Small Pages: 1269 / 2538M, Empty: 2388M, Relocated: 3M, In-Place: 0
[211.668s][info][gc,reloc    ] GC(89) Medium Pages: 0 / 0M, Empty: 0M, Relocated: 0M, In-Place: 0
[211.668s][info][gc,reloc    ] GC(89) Large Pages: 0 / 0M, Empty: 0M, Relocated: 0M, In-Place: 0
[211.668s][info][gc,reloc    ] GC(89) Forwarding Usage: 0M
[211.668s][info][gc,heap     ] GC(89) Min Capacity: 8192M(100%)
[211.668s][info][gc,heap     ] GC(89) Max Capacity: 8192M(100%)
[211.668s][info][gc,heap     ] GC(89) Soft Max Capacity: 8192M(100%)
[211.668s][info][gc,heap     ] GC(89)                Mark Start          Mark End        Relocate Start      Relocate End           High               Low         
[211.668s][info][gc,heap     ] GC(89)  Capacity:     8192M (100%)       8192M (100%)       8192M (100%)       8192M (100%)       8192M (100%)       8192M (100%)   
[211.668s][info][gc,heap     ] GC(89)      Free:     5654M (69%)        5622M (69%)        8002M (98%)        8004M (98%)        8004M (98%)        5622M (69%)    
[211.668s][info][gc,heap     ] GC(89)      Used:     2538M (31%)        2570M (31%)         190M (2%)          188M (2%)         2570M (31%)         188M (2%)     
[211.668s][info][gc,heap     ] GC(89)      Live:         -               132M (2%)          132M (2%)          132M (2%)             -                  -          
[211.668s][info][gc,heap     ] GC(89) Allocated:         -                32M (0%)           40M (0%)           44M (1%)             -                  -          
[211.668s][info][gc,heap     ] GC(89)   Garbage:         -              2405M (29%)          17M (0%)           11M (0%)             -                  -          
[211.668s][info][gc,heap     ] GC(89) Reclaimed:         -                  -              2388M (29%)        2394M (29%)            -                  -          
[211.668s][info][gc          ] GC(89) Garbage Collection (Proactive) 2538M(31%)->188M(2%)
[213.642s][info][gc,start    ] GC(90) Garbage Collection (Proactive)
[213.642s][info][gc,phases   ] GC(90) Pause Mark Start 0.006ms
[213.665s][info][gc,phases   ] GC(90) Concurrent Mark 22.786ms
[213.665s][info][gc,phases   ] GC(90) Pause Mark End 0.009ms
[213.666s][info][gc,phases   ] GC(90) Concurrent Process Non-Strong References 0.526ms
[213.666s][info][gc,phases   ] GC(90) Concurrent Reset Relocation Set 0.002ms
[213.669s][info][gc,phases   ] GC(90) Concurrent Select Relocation Set 2.872ms
[213.669s][info][gc,phases   ] GC(90) Pause Relocate Start 0.005ms
[213.670s][info][gc,phases   ] GC(90) Concurrent Relocate 0.750ms
[213.670s][info][gc,load     ] GC(90) Load: 2.93/3.02/2.69
[213.670s][info][gc,mmu      ] GC(90) MMU: 2ms/97.6%, 5ms/99.0%, 10ms/99.5%, 20ms/99.8%, 50ms/99.9%, 100ms/99.9%
[213.670s][info][gc,marking  ] GC(90) Mark: 2 stripe(s), 2 proactive flush(es), 1 terminate flush(es), 0 completion(s), 0 continuation(s) 
[213.670s][info][gc,nmethod  ] GC(90) NMethods: 491 registered, 0 unregistered
[213.670s][info][gc,metaspace] GC(90) Metaspace: 0M used, 0M committed, 1032M reserved
[213.670s][info][gc,ref      ] GC(90) Soft: 82 encountered, 0 discovered, 0 enqueued
[213.670s][info][gc,ref      ] GC(90) Weak: 200 encountered, 7 discovered, 0 enqueued
[213.670s][info][gc,ref      ] GC(90) Final: 0 encountered, 0 discovered, 0 enqueued
[213.670s][info][gc,ref      ] GC(90) Phantom: 5 encountered, 5 discovered, 0 enqueued
[213.670s][info][gc,reloc    ] GC(90) Small Pages: 1122 / 2244M, Empty: 2092M, Relocated: 5M, In-Place: 0
[213.670s][info][gc,reloc    ] GC(90) Medium Pages: 0 / 0M, Empty: 0M, Relocated: 0M, In-Place: 0
[213.670s][info][gc,reloc    ] GC(90) Large Pages: 0 / 0M, Empty: 0M, Relocated: 0M, In-Place: 0
[213.670s][info][gc,reloc    ] GC(90) Forwarding Usage: 0M
[213.670s][info][gc,heap     ] GC(90) Min Capacity: 8192M(100%)
[213.670s][info][gc,heap     ] GC(90) Max Capacity: 8192M(100%)
[213.670s][info][gc,heap     ] GC(90) Soft Max Capacity: 8192M(100%)
[213.670s][info][gc,heap     ] GC(90)                Mark Start          Mark End        Relocate Start      Relocate End           High               Low         
[213.670s][info][gc,heap     ] GC(90)  Capacity:     8192M (100%)       8192M (100%)       8192M (100%)       8192M (100%)       8192M (100%)       8192M (100%)   
[213.670s][info][gc,heap     ] GC(90)      Free:     5948M (73%)        5924M (72%)        8008M (98%)        8016M (98%)        8016M (98%)        5916M (72%)    
[213.670s][info][gc,heap     ] GC(90)      Used:     2244M (27%)        2268M (28%)         184M (2%)          176M (2%)         2276M (28%)         176M (2%)     
[213.670s][info][gc,heap     ] GC(90)      Live:         -               132M (2%)          132M (2%)          132M (2%)             -                  -          
[213.670s][info][gc,heap     ] GC(90) Allocated:         -                24M (0%)           32M (0%)           32M (0%)             -                  -          
[213.670s][info][gc,heap     ] GC(90)   Garbage:         -              2111M (26%)          19M (0%)           11M (0%)             -                  -          
[213.670s][info][gc,heap     ] GC(90) Reclaimed:         -                  -              2092M (26%)        2100M (26%)            -                  -          
[213.670s][info][gc          ] GC(90) Garbage Collection (Proactive) 2244M(27%)->176M(2%)
[215.540s][info][gc,start    ] GC(91) Garbage Collection (Proactive)
[215.540s][info][gc,phases   ] GC(91) Pause Mark Start 0.008ms
[215.563s][info][gc,phases   ] GC(91) Concurrent Mark 23.528ms
[215.564s][info][gc,phases   ] GC(91) Pause Mark End 0.010ms
[215.564s][info][gc,phases   ] GC(91) Concurrent Process Non-Strong References 0.450ms
[215.564s][info][gc,phases   ] GC(91) Concurrent Reset Relocation Set 0.002ms
[215.567s][info][gc,phases   ] GC(91) Concurrent Select Relocation Set 2.795ms
[215.567s][info][gc,phases   ] GC(91) Pause Relocate Start 0.004ms
[215.568s][info][gc,phases   ] GC(91) Concurrent Relocate 0.496ms
[215.568s][info][gc,load     ] GC(91) Load: 2.93/3.02/2.69
[215.568s][info][gc,mmu      ] GC(91) MMU: 2ms/97.6%, 5ms/99.0%, 10ms/99.5%, 20ms/99.8%, 50ms/99.9%, 100ms/99.9%
[215.568s][info][gc,marking  ] GC(91) Mark: 2 stripe(s), 2 proactive flush(es), 1 terminate flush(es), 0 completion(s), 0 continuation(s) 
[215.568s][info][gc,nmethod  ] GC(91) NMethods: 491 registered, 0 unregistered
[215.568s][info][gc,metaspace] GC(91) Metaspace: 0M used, 0M committed, 1032M reserved
[215.568s][info][gc,ref      ] GC(91) Soft: 82 encountered, 0 discovered, 0 enqueued
[215.568s][info][gc,ref      ] GC(91) Weak: 200 encountered, 77 discovered, 0 enqueued
[215.568s][info][gc,ref      ] GC(91) Final: 0 encountered, 0 discovered, 0 enqueued
[215.568s][info][gc,ref      ] GC(91) Phantom: 5 encountered, 3 discovered, 0 enqueued
[215.568s][info][gc,reloc    ] GC(91) Small Pages: 1064 / 2128M, Empty: 1978M, Relocated: 2M, In-Place: 0
[215.568s][info][gc,reloc    ] GC(91) Medium Pages: 0 / 0M, Empty: 0M, Relocated: 0M, In-Place: 0
[215.568s][info][gc,reloc    ] GC(91) Large Pages: 0 / 0M, Empty: 0M, Relocated: 0M, In-Place: 0
[215.568s][info][gc,reloc    ] GC(91) Forwarding Usage: 0M
[215.568s][info][gc,heap     ] GC(91) Min Capacity: 8192M(100%)
[215.568s][info][gc,heap     ] GC(91) Max Capacity: 8192M(100%)
[215.568s][info][gc,heap     ] GC(91) Soft Max Capacity: 8192M(100%)
[215.568s][info][gc,heap     ] GC(91)                Mark Start          Mark End        Relocate Start      Relocate End           High               Low         
[215.568s][info][gc,heap     ] GC(91)  Capacity:     8192M (100%)       8192M (100%)       8192M (100%)       8192M (100%)       8192M (100%)       8192M (100%)   
[215.568s][info][gc,heap     ] GC(91)      Free:     6064M (74%)        6040M (74%)        8010M (98%)        8016M (98%)        8016M (98%)        6040M (74%)    
[215.568s][info][gc,heap     ] GC(91)      Used:     2128M (26%)        2152M (26%)         182M (2%)          176M (2%)         2152M (26%)         176M (2%)     
[215.568s][info][gc,heap     ] GC(91)      Live:         -               132M (2%)          132M (2%)          132M (2%)             -                  -          
[215.568s][info][gc,heap     ] GC(91) Allocated:         -                24M (0%)           32M (0%)           32M (0%)             -                  -          
[215.568s][info][gc,heap     ] GC(91)   Garbage:         -              1995M (24%)          17M (0%)           11M (0%)             -                  -          
[215.568s][info][gc,heap     ] GC(91) Reclaimed:         -                  -              1978M (24%)        1984M (24%)            -                  -          
[215.568s][info][gc          ] GC(91) Garbage Collection (Proactive) 2128M(26%)->176M(2%)
[217.241s][info][gc,start    ] GC(92) Garbage Collection (Proactive)
[217.241s][info][gc,phases   ] GC(92) Pause Mark Start 0.006ms
[217.265s][info][gc,phases   ] GC(92) Concurrent Mark 23.124ms
[217.265s][info][gc,phases   ] GC(92) Pause Mark End 0.009ms
[217.265s][info][gc,phases   ] GC(92) Concurrent Process Non-Strong References 0.458ms
[217.265s][info][gc,phases   ] GC(92) Concurrent Reset Relocation Set 0.001ms
[217.268s][info][gc,phases   ] GC(92) Concurrent Select Relocation Set 2.908ms
[217.268s][info][gc,phases   ] GC(92) Pause Relocate Start 0.004ms
[217.269s][info][gc,phases   ] GC(92) Concurrent Relocate 0.826ms
[217.269s][info][gc,load     ] GC(92) Load: 2.86/3.00/2.69
[217.269s][info][gc,mmu      ] GC(92) MMU: 2ms/97.6%, 5ms/99.0%, 10ms/99.5%, 20ms/99.8%, 50ms/99.9%, 100ms/99.9%
[217.269s][info][gc,marking  ] GC(92) Mark: 2 stripe(s), 2 proactive flush(es), 1 terminate flush(es), 0 completion(s), 0 continuation(s) 
[217.269s][info][gc,nmethod  ] GC(92) NMethods: 491 registered, 0 unregistered
[217.269s][info][gc,metaspace] GC(92) Metaspace: 0M used, 0M committed, 1032M reserved
[217.269s][info][gc,ref      ] GC(92) Soft: 82 encountered, 0 discovered, 0 enqueued
[217.269s][info][gc,ref      ] GC(92) Weak: 200 encountered, 79 discovered, 0 enqueued
[217.269s][info][gc,ref      ] GC(92) Final: 0 encountered, 0 discovered, 0 enqueued
[217.269s][info][gc,ref      ] GC(92) Phantom: 5 encountered, 3 discovered, 0 enqueued
[217.269s][info][gc,reloc    ] GC(92) Small Pages: 960 / 1920M, Empty: 1768M, Relocated: 5M, In-Place: 0
[217.269s][info][gc,reloc    ] GC(92) Medium Pages: 0 / 0M, Empty: 0M, Relocated: 0M, In-Place: 0
[217.269s][info][gc,reloc    ] GC(92) Large Pages: 0 / 0M, Empty: 0M, Relocated: 0M, In-Place: 0
[217.269s][info][gc,reloc    ] GC(92) Forwarding Usage: 0M
[217.269s][info][gc,heap     ] GC(92) Min Capacity: 8192M(100%)
[217.269s][info][gc,heap     ] GC(92) Max Capacity: 8192M(100%)
[217.269s][info][gc,heap     ] GC(92) Soft Max Capacity: 8192M(100%)
[217.269s][info][gc,heap     ] GC(92)                Mark Start          Mark End        Relocate Start      Relocate End           High               Low         
[217.269s][info][gc,heap     ] GC(92)  Capacity:     8192M (100%)       8192M (100%)       8192M (100%)       8192M (100%)       8192M (100%)       8192M (100%)   
[217.269s][info][gc,heap     ] GC(92)      Free:     6272M (77%)        6248M (76%)        8006M (98%)        8014M (98%)        8014M (98%)        6248M (76%)    
[217.269s][info][gc,heap     ] GC(92)      Used:     1920M (23%)        1944M (24%)         186M (2%)          178M (2%)         1944M (24%)         178M (2%)     
[217.269s][info][gc,heap     ] GC(92)      Live:         -               132M (2%)          132M (2%)          132M (2%)             -                  -          
[217.269s][info][gc,heap     ] GC(92) Allocated:         -                24M (0%)           34M (0%)           34M (0%)             -                  -          
[217.269s][info][gc,heap     ] GC(92)   Garbage:         -              1787M (22%)          19M (0%)           11M (0%)             -                  -          
[217.269s][info][gc,heap     ] GC(92) Reclaimed:         -                  -              1768M (22%)        1776M (22%)            -                  -          
[217.269s][info][gc          ] GC(92) Garbage Collection (Proactive) 1920M(23%)->178M(2%)
[218.836s][info][gc,start    ] GC(93) Garbage Collection (Proactive)
[218.836s][info][gc,phases   ] GC(93) Pause Mark Start 0.008ms
[218.860s][info][gc,phases   ] GC(93) Concurrent Mark 23.975ms
[218.860s][info][gc,phases   ] GC(93) Pause Mark End 0.009ms
[218.861s][info][gc,phases   ] GC(93) Concurrent Process Non-Strong References 0.426ms
[218.861s][info][gc,phases   ] GC(93) Concurrent Reset Relocation Set 0.001ms
[218.864s][info][gc,phases   ] GC(93) Concurrent Select Relocation Set 2.732ms
[218.864s][info][gc,phases   ] GC(93) Pause Relocate Start 0.004ms
[218.864s][info][gc,phases   ] GC(93) Concurrent Relocate 0.284ms
[218.864s][info][gc,load     ] GC(93) Load: 2.86/3.00/2.69
[218.864s][info][gc,mmu      ] GC(93) MMU: 2ms/97.6%, 5ms/99.0%, 10ms/99.5%, 20ms/99.8%, 50ms/99.9%, 100ms/99.9%
[218.864s][info][gc,marking  ] GC(93) Mark: 2 stripe(s), 2 proactive flush(es), 1 terminate flush(es), 0 completion(s), 0 continuation(s) 
[218.864s][info][gc,nmethod  ] GC(93) NMethods: 491 registered, 0 unregistered
[218.864s][info][gc,metaspace] GC(93) Metaspace: 0M used, 0M committed, 1032M reserved
[218.864s][info][gc,ref      ] GC(93) Soft: 82 encountered, 0 discovered, 0 enqueued
[218.864s][info][gc,ref      ] GC(93) Weak: 200 encountered, 106 discovered, 0 enqueued
[218.864s][info][gc,ref      ] GC(93) Final: 0 encountered, 0 discovered, 0 enqueued
[218.864s][info][gc,ref      ] GC(93) Phantom: 5 encountered, 3 discovered, 0 enqueued
[218.864s][info][gc,reloc    ] GC(93) Small Pages: 904 / 1808M, Empty: 1652M, Relocated: 1M, In-Place: 0
[218.864s][info][gc,reloc    ] GC(93) Medium Pages: 0 / 0M, Empty: 0M, Relocated: 0M, In-Place: 0
[218.864s][info][gc,reloc    ] GC(93) Large Pages: 0 / 0M, Empty: 0M, Relocated: 0M, In-Place: 0
[218.864s][info][gc,reloc    ] GC(93) Forwarding Usage: 0M
[218.864s][info][gc,heap     ] GC(93) Min Capacity: 8192M(100%)
[218.864s][info][gc,heap     ] GC(93) Max Capacity: 8192M(100%)
[218.864s][info][gc,heap     ] GC(93) Soft Max Capacity: 8192M(100%)
[218.864s][info][gc,heap     ] GC(93)                Mark Start          Mark End        Relocate Start      Relocate End           High               Low         
[218.864s][info][gc,heap     ] GC(93)  Capacity:     8192M (100%)       8192M (100%)       8192M (100%)       8192M (100%)       8192M (100%)       8192M (100%)   
[218.864s][info][gc,heap     ] GC(93)      Free:     6384M (78%)        6352M (78%)        8004M (98%)        8016M (98%)        8016M (98%)        6352M (78%)    
[218.864s][info][gc,heap     ] GC(93)      Used:     1808M (22%)        1840M (22%)         188M (2%)          176M (2%)         1840M (22%)         176M (2%)     
[218.864s][info][gc,heap     ] GC(93)      Live:         -               132M (2%)          132M (2%)          132M (2%)             -                  -          
[218.864s][info][gc,heap     ] GC(93) Allocated:         -                32M (0%)           32M (0%)           32M (0%)             -                  -          
[218.864s][info][gc,heap     ] GC(93)   Garbage:         -              1675M (20%)          23M (0%)           11M (0%)             -                  -          
[218.864s][info][gc,heap     ] GC(93) Reclaimed:         -                  -              1652M (20%)        1664M (20%)            -                  -          
[218.864s][info][gc          ] GC(93) Garbage Collection (Proactive) 1808M(22%)->176M(2%)
[220.043s][info][gc,stats    ] === Garbage Collection Statistics =======================================================================================================================
[220.043s][info][gc,stats    ]                                                              Last 10s              Last 10m              Last 10h                Total
[220.043s][info][gc,stats    ]                                                              Avg / Max             Avg / Max             Avg / Max             Avg / Max
[220.043s][info][gc,stats    ]   Collector: Garbage Collection Cycle                     28.898 / 32.423       35.639 / 101.538      35.639 / 101.538      35.639 / 101.538     ms
[220.043s][info][gc,stats    ]  Contention: Mark Segment Reset Contention                     0 / 1                 0 / 3                 0 / 3                 0 / 3           ops/s
[220.043s][info][gc,stats    ]  Contention: Mark SeqNum Reset Contention                      0 / 0                 0 / 1                 0 / 1                 0 / 1           ops/s
[220.043s][info][gc,stats    ]    Critical: Allocation Stall                                  0 / 0                 0 / 0                 0 / 0                 0 / 0           ops/s
[220.043s][info][gc,stats    ]    Critical: Allocation Stall                              0.000 / 0.000         0.000 / 0.000         0.000 / 0.000         0.000 / 0.000       ms
[220.043s][info][gc,stats    ]    Critical: GC Locker Stall                                   0 / 0                 0 / 0                 0 / 0                 0 / 0           ops/s
[220.043s][info][gc,stats    ]    Critical: GC Locker Stall                               0.000 / 0.000         0.000 / 0.000         0.000 / 0.000         0.000 / 0.000       ms
[220.043s][info][gc,stats    ]    Critical: Relocation Stall                                  0 / 0                 0 / 0                 0 / 0                 0 / 0           ops/s
[220.043s][info][gc,stats    ]    Critical: Relocation Stall                              0.000 / 0.000         0.000 / 0.000         0.000 / 0.000         0.000 / 0.000       ms
[220.043s][info][gc,stats    ]      Memory: Allocation Rate                                1044 / 1050           1081 / 9228           1081 / 9228           1081 / 9228        MB/s
[220.043s][info][gc,stats    ]      Memory: Out Of Memory                                     0 / 0                 0 / 0                 0 / 0                 0 / 0           ops/s
[220.043s][info][gc,stats    ]      Memory: Page Cache Flush                                  0 / 0                 0 / 0                 0 / 0                 0 / 0           MB/s
[220.043s][info][gc,stats    ]      Memory: Page Cache Hit L1                               523 / 528             510 / 534             510 / 534             510 / 534         ops/s
[220.043s][info][gc,stats    ]      Memory: Page Cache Hit L2                                 0 / 0                 0 / 0                 0 / 0                 0 / 0           ops/s
[220.043s][info][gc,stats    ]      Memory: Page Cache Hit L3                                 0 / 0                13 / 524              13 / 524              13 / 524         ops/s
[220.043s][info][gc,stats    ]      Memory: Page Cache Miss                                   0 / 0                 0 / 1                 0 / 1                 0 / 1           ops/s
[220.043s][info][gc,stats    ]      Memory: Uncommit                                          0 / 0                 0 / 0                 0 / 0                 0 / 0           MB/s
[220.043s][info][gc,stats    ]      Memory: Undo Object Allocation Failed                     0 / 0                 0 / 0                 0 / 0                 0 / 0           ops/s
[220.043s][info][gc,stats    ]      Memory: Undo Object Allocation Succeeded                  0 / 1                 0 / 3                 0 / 3                 0 / 3           ops/s
[220.043s][info][gc,stats    ]      Memory: Undo Page Allocation                              0 / 1                 0 / 1                 0 / 1                 0 / 1           ops/s
[220.043s][info][gc,stats    ]       Phase: Concurrent Mark                              24.186 / 27.517       30.505 / 74.612       30.505 / 74.612       30.505 / 74.612      ms
[220.043s][info][gc,stats    ]       Phase: Concurrent Mark Continue                      0.000 / 0.000         0.000 / 0.000         0.000 / 0.000         0.000 / 0.000       ms
[220.043s][info][gc,stats    ]       Phase: Concurrent Process Non-Strong References      0.460 / 0.526         0.466 / 0.610         0.466 / 0.610         0.466 / 0.610       ms
[220.043s][info][gc,stats    ]       Phase: Concurrent Relocate                           0.587 / 0.826         0.938 / 13.482        0.938 / 13.482        0.938 / 13.482      ms
[220.043s][info][gc,stats    ]       Phase: Concurrent Reset Relocation Set               0.001 / 0.002         0.002 / 0.043         0.002 / 0.043         0.002 / 0.043       ms
[220.043s][info][gc,stats    ]       Phase: Concurrent Select Relocation Set              2.848 / 2.932         2.978 / 12.132        2.978 / 12.132        2.978 / 12.132      ms
[220.043s][info][gc,stats    ]       Phase: Pause Mark End                                0.009 / 0.010         0.009 / 0.017         0.009 / 0.017         0.009 / 0.017       ms
[220.043s][info][gc,stats    ]       Phase: Pause Mark Start                              0.007 / 0.008         0.008 / 0.048         0.008 / 0.048         0.008 / 0.048       ms
[220.043s][info][gc,stats    ]       Phase: Pause Relocate Start                          0.004 / 0.005         0.004 / 0.006         0.004 / 0.006         0.004 / 0.006       ms
[220.043s][info][gc,stats    ]    Subphase: Concurrent Classes Purge                      0.031 / 0.036         0.031 / 0.047         0.031 / 0.047         0.031 / 0.047       ms
[220.043s][info][gc,stats    ]    Subphase: Concurrent Classes Unlink                     0.294 / 0.301         0.291 / 0.324         0.291 / 0.324         0.291 / 0.324       ms
[220.044s][info][gc,stats    ]    Subphase: Concurrent Mark                              23.263 / 27.106       29.544 / 74.133       29.544 / 74.133       29.544 / 74.133      ms
[220.044s][info][gc,stats    ]    Subphase: Concurrent Mark Idle                          1.371 / 1.567         1.382 / 1.620         1.382 / 1.620         1.382 / 1.620       ms
[220.044s][info][gc,stats    ]    Subphase: Concurrent Mark Try Flush                     0.029 / 0.052         0.039 / 0.111         0.039 / 0.111         0.039 / 0.111       ms
[220.044s][info][gc,stats    ]    Subphase: Concurrent Mark Try Terminate                 0.463 / 1.571         0.502 / 1.623         0.502 / 1.623         0.502 / 1.623       ms
[220.044s][info][gc,stats    ]    Subphase: Concurrent References Enqueue                 0.000 / 0.000         0.000 / 0.003         0.000 / 0.003         0.000 / 0.003       ms
[220.044s][info][gc,stats    ]    Subphase: Concurrent References Process                 0.024 / 0.028         0.025 / 0.043         0.025 / 0.043         0.025 / 0.043       ms
[220.044s][info][gc,stats    ]    Subphase: Concurrent Roots ClassLoaderDataGraph         0.019 / 0.040         0.027 / 0.112         0.027 / 0.112         0.027 / 0.112       ms
[220.044s][info][gc,stats    ]    Subphase: Concurrent Roots CodeCache                    0.000 / 0.000         0.000 / 0.000         0.000 / 0.000         0.000 / 0.000       ms
[220.044s][info][gc,stats    ]    Subphase: Concurrent Roots JavaThreads                  0.230 / 0.258         0.256 / 0.394         0.256 / 0.394         0.256 / 0.394       ms
[220.044s][info][gc,stats    ]    Subphase: Concurrent Roots OopStorageSet                0.005 / 0.006         0.007 / 0.024         0.007 / 0.024         0.007 / 0.024       ms
[220.044s][info][gc,stats    ]    Subphase: Concurrent Weak Roots OopStorageSet           0.041 / 0.051         0.049 / 0.090         0.049 / 0.090         0.049 / 0.090       ms
[220.044s][info][gc,stats    ]    Subphase: Pause Mark Try Complete                       0.000 / 0.000         0.000 / 0.000         0.000 / 0.000         0.000 / 0.000       ms
[220.044s][info][gc,stats    ]      System: Java Threads                                     16 / 16               16 / 19               16 / 19               16 / 19          threads
[220.044s][info][gc,stats    ] =========================================================================================================================================================
[220.344s][info][gc,start    ] GC(94) Garbage Collection (Proactive)
[220.344s][info][gc,phases   ] GC(94) Pause Mark Start 0.007ms
[220.381s][info][gc,phases   ] GC(94) Concurrent Mark 36.544ms
[220.381s][info][gc,phases   ] GC(94) Pause Mark End 0.009ms
[220.381s][info][gc,phases   ] GC(94) Concurrent Process Non-Strong References 0.429ms
[220.381s][info][gc,phases   ] GC(94) Concurrent Reset Relocation Set 0.002ms
[220.384s][info][gc,phases   ] GC(94) Concurrent Select Relocation Set 2.963ms
[220.385s][info][gc,phases   ] GC(94) Pause Relocate Start 0.035ms
[220.386s][info][gc,phases   ] GC(94) Concurrent Relocate 0.939ms
[220.386s][info][gc,load     ] GC(94) Load: 2.86/3.00/2.69
[220.386s][info][gc,mmu      ] GC(94) MMU: 2ms/97.6%, 5ms/99.0%, 10ms/99.5%, 20ms/99.8%, 50ms/99.9%, 100ms/99.9%
[220.386s][info][gc,marking  ] GC(94) Mark: 2 stripe(s), 2 proactive flush(es), 1 terminate flush(es), 0 completion(s), 0 continuation(s) 
[220.386s][info][gc,nmethod  ] GC(94) NMethods: 491 registered, 0 unregistered
[220.386s][info][gc,metaspace] GC(94) Metaspace: 0M used, 0M committed, 1032M reserved
[220.386s][info][gc,ref      ] GC(94) Soft: 82 encountered, 0 discovered, 0 enqueued
[220.386s][info][gc,ref      ] GC(94) Weak: 200 encountered, 6 discovered, 0 enqueued
[220.386s][info][gc,ref      ] GC(94) Final: 0 encountered, 0 discovered, 0 enqueued
[220.386s][info][gc,ref      ] GC(94) Phantom: 5 encountered, 3 discovered, 0 enqueued
[220.386s][info][gc,reloc    ] GC(94) Small Pages: 860 / 1720M, Empty: 1570M, Relocated: 6M, In-Place: 0
[220.386s][info][gc,reloc    ] GC(94) Medium Pages: 0 / 0M, Empty: 0M, Relocated: 0M, In-Place: 0
[220.386s][info][gc,reloc    ] GC(94) Large Pages: 0 / 0M, Empty: 0M, Relocated: 0M, In-Place: 0
[220.386s][info][gc,reloc    ] GC(94) Forwarding Usage: 0M
[220.386s][info][gc,heap     ] GC(94) Min Capacity: 8192M(100%)
[220.386s][info][gc,heap     ] GC(94) Max Capacity: 8192M(100%)
[220.386s][info][gc,heap     ] GC(94) Soft Max Capacity: 8192M(100%)
[220.386s][info][gc,heap     ] GC(94)                Mark Start          Mark End        Relocate Start      Relocate End           High               Low         
[220.386s][info][gc,heap     ] GC(94)  Capacity:     8192M (100%)       8192M (100%)       8192M (100%)       8192M (100%)       8192M (100%)       8192M (100%)   
[220.386s][info][gc,heap     ] GC(94)      Free:     6472M (79%)        6424M (78%)        7994M (98%)        8002M (98%)        8002M (98%)        6424M (78%)    
[220.386s][info][gc,heap     ] GC(94)      Used:     1720M (21%)        1768M (22%)         198M (2%)          190M (2%)         1768M (22%)         190M (2%)     
[220.386s][info][gc,heap     ] GC(94)      Live:         -               132M (2%)          132M (2%)          132M (2%)             -                  -          
[220.386s][info][gc,heap     ] GC(94) Allocated:         -                48M (1%)           48M (1%)           48M (1%)             -                  -          
[220.386s][info][gc,heap     ] GC(94)   Garbage:         -              1587M (19%)          17M (0%)            9M (0%)             -                  -          
[220.386s][info][gc,heap     ] GC(94) Reclaimed:         -                  -              1570M (19%)        1578M (19%)            -                  -          
[220.386s][info][gc          ] GC(94) Garbage Collection (Proactive) 1720M(21%)->190M(2%)
[223.242s][info][gc,start    ] GC(95) Garbage Collection (Proactive)
[223.242s][info][gc,phases   ] GC(95) Pause Mark Start 0.028ms
[223.267s][info][gc,phases   ] GC(95) Concurrent Mark 24.518ms
[223.267s][info][gc,phases   ] GC(95) Pause Mark End 0.008ms
[223.267s][info][gc,phases   ] GC(95) Concurrent Process Non-Strong References 0.526ms
[223.268s][info][gc,phases   ] GC(95) Concurrent Reset Relocation Set 0.002ms
[223.271s][info][gc,phases   ] GC(95) Concurrent Select Relocation Set 3.206ms
[223.271s][info][gc,phases   ] GC(95) Pause Relocate Start 0.003ms
[223.272s][info][gc,phases   ] GC(95) Concurrent Relocate 1.086ms
[223.272s][info][gc,load     ] GC(95) Load: 2.71/2.97/2.68
[223.272s][info][gc,mmu      ] GC(95) MMU: 2ms/97.6%, 5ms/99.0%, 10ms/99.5%, 20ms/99.8%, 50ms/99.9%, 100ms/99.9%
[223.272s][info][gc,marking  ] GC(95) Mark: 2 stripe(s), 2 proactive flush(es), 1 terminate flush(es), 0 completion(s), 0 continuation(s) 
[223.272s][info][gc,nmethod  ] GC(95) NMethods: 491 registered, 0 unregistered
[223.272s][info][gc,metaspace] GC(95) Metaspace: 0M used, 0M committed, 1032M reserved
[223.272s][info][gc,ref      ] GC(95) Soft: 82 encountered, 0 discovered, 0 enqueued
[223.272s][info][gc,ref      ] GC(95) Weak: 200 encountered, 77 discovered, 0 enqueued
[223.272s][info][gc,ref      ] GC(95) Final: 0 encountered, 0 discovered, 0 enqueued
[223.272s][info][gc,ref      ] GC(95) Phantom: 5 encountered, 3 discovered, 0 enqueued
[223.272s][info][gc,reloc    ] GC(95) Small Pages: 1584 / 3168M, Empty: 3018M, Relocated: 8M, In-Place: 0
[223.272s][info][gc,reloc    ] GC(95) Medium Pages: 0 / 0M, Empty: 0M, Relocated: 0M, In-Place: 0
[223.272s][info][gc,reloc    ] GC(95) Large Pages: 0 / 0M, Empty: 0M, Relocated: 0M, In-Place: 0
[223.272s][info][gc,reloc    ] GC(95) Forwarding Usage: 0M
[223.272s][info][gc,heap     ] GC(95) Min Capacity: 8192M(100%)
[223.272s][info][gc,heap     ] GC(95) Max Capacity: 8192M(100%)
[223.272s][info][gc,heap     ] GC(95) Soft Max Capacity: 8192M(100%)
[223.272s][info][gc,heap     ] GC(95)                Mark Start          Mark End        Relocate Start      Relocate End           High               Low         
[223.272s][info][gc,heap     ] GC(95)  Capacity:     8192M (100%)       8192M (100%)       8192M (100%)       8192M (100%)       8192M (100%)       8192M (100%)   
[223.272s][info][gc,heap     ] GC(95)      Free:     5024M (61%)        4994M (61%)        8008M (98%)        8012M (98%)        8012M (98%)        4992M (61%)    
[223.272s][info][gc,heap     ] GC(95)      Used:     3168M (39%)        3198M (39%)         184M (2%)          180M (2%)         3200M (39%)         180M (2%)     
[223.272s][info][gc,heap     ] GC(95)      Live:         -               132M (2%)          132M (2%)          132M (2%)             -                  -          
[223.272s][info][gc,heap     ] GC(95) Allocated:         -                30M (0%)           34M (0%)           36M (0%)             -                  -          
[223.272s][info][gc,heap     ] GC(95)   Garbage:         -              3035M (37%)          17M (0%)           11M (0%)             -                  -          
[223.272s][info][gc,heap     ] GC(95) Reclaimed:         -                  -              3018M (37%)        3024M (37%)            -                  -          
[223.272s][info][gc          ] GC(95) Garbage Collection (Proactive) 3168M(39%)->180M(2%)
[225.643s][info][gc,start    ] GC(96) Garbage Collection (Proactive)
[225.644s][info][gc,phases   ] GC(96) Pause Mark Start 0.006ms
[225.667s][info][gc,phases   ] GC(96) Concurrent Mark 23.200ms
[225.667s][info][gc,phases   ] GC(96) Pause Mark End 0.008ms
[225.668s][info][gc,phases   ] GC(96) Concurrent Process Non-Strong References 0.471ms
[225.668s][info][gc,phases   ] GC(96) Concurrent Reset Relocation Set 0.002ms
[225.670s][info][gc,phases   ] GC(96) Concurrent Select Relocation Set 2.727ms
[225.670s][info][gc,phases   ] GC(96) Pause Relocate Start 0.003ms
[225.671s][info][gc,phases   ] GC(96) Concurrent Relocate 0.998ms
[225.671s][info][gc,load     ] GC(96) Load: 2.71/2.97/2.68
[225.672s][info][gc,mmu      ] GC(96) MMU: 2ms/97.6%, 5ms/99.0%, 10ms/99.5%, 20ms/99.8%, 50ms/99.9%, 100ms/99.9%
[225.672s][info][gc,marking  ] GC(96) Mark: 2 stripe(s), 2 proactive flush(es), 1 terminate flush(es), 0 completion(s), 0 continuation(s) 
[225.672s][info][gc,nmethod  ] GC(96) NMethods: 491 registered, 0 unregistered
[225.672s][info][gc,metaspace] GC(96) Metaspace: 0M used, 0M committed, 1032M reserved
[225.672s][info][gc,ref      ] GC(96) Soft: 82 encountered, 0 discovered, 0 enqueued
[225.672s][info][gc,ref      ] GC(96) Weak: 200 encountered, 106 discovered, 0 enqueued
[225.672s][info][gc,ref      ] GC(96) Final: 0 encountered, 0 discovered, 0 enqueued
[225.672s][info][gc,ref      ] GC(96) Phantom: 5 encountered, 5 discovered, 0 enqueued
[225.672s][info][gc,reloc    ] GC(96) Small Pages: 1324 / 2648M, Empty: 2496M, Relocated: 6M, In-Place: 0
[225.672s][info][gc,reloc    ] GC(96) Medium Pages: 0 / 0M, Empty: 0M, Relocated: 0M, In-Place: 0
[225.672s][info][gc,reloc    ] GC(96) Large Pages: 0 / 0M, Empty: 0M, Relocated: 0M, In-Place: 0
[225.672s][info][gc,reloc    ] GC(96) Forwarding Usage: 0M
[225.672s][info][gc,heap     ] GC(96) Min Capacity: 8192M(100%)
[225.672s][info][gc,heap     ] GC(96) Max Capacity: 8192M(100%)
[225.672s][info][gc,heap     ] GC(96) Soft Max Capacity: 8192M(100%)
[225.672s][info][gc,heap     ] GC(96)                Mark Start          Mark End        Relocate Start      Relocate End           High               Low         
[225.672s][info][gc,heap     ] GC(96)  Capacity:     8192M (100%)       8192M (100%)       8192M (100%)       8192M (100%)       8192M (100%)       8192M (100%)   
[225.672s][info][gc,heap     ] GC(96)      Free:     5544M (68%)        5512M (67%)        8004M (98%)        8014M (98%)        8014M (98%)        5508M (67%)    
[225.672s][info][gc,heap     ] GC(96)      Used:     2648M (32%)        2680M (33%)         188M (2%)          178M (2%)         2684M (33%)         178M (2%)     
[225.672s][info][gc,heap     ] GC(96)      Live:         -               132M (2%)          132M (2%)          132M (2%)             -                  -          
[225.672s][info][gc,heap     ] GC(96) Allocated:         -                32M (0%)           36M (0%)           36M (0%)             -                  -          
[225.672s][info][gc,heap     ] GC(96)   Garbage:         -              2515M (31%)          19M (0%)            9M (0%)             -                  -          
[225.672s][info][gc,heap     ] GC(96) Reclaimed:         -                  -              2496M (30%)        2506M (31%)            -                  -          
[225.672s][info][gc          ] GC(96) Garbage Collection (Proactive) 2648M(32%)->178M(2%)
[227.643s][info][gc,start    ] GC(97) Garbage Collection (Proactive)
[227.643s][info][gc,phases   ] GC(97) Pause Mark Start 0.026ms
[227.667s][info][gc,phases   ] GC(97) Concurrent Mark 23.382ms
[227.667s][info][gc,phases   ] GC(97) Pause Mark End 0.008ms
[227.668s][info][gc,phases   ] GC(97) Concurrent Process Non-Strong References 0.474ms
[227.668s][info][gc,phases   ] GC(97) Concurrent Reset Relocation Set 0.002ms
[227.670s][info][gc,phases   ] GC(97) Concurrent Select Relocation Set 2.781ms
[227.670s][info][gc,phases   ] GC(97) Pause Relocate Start 0.003ms
[227.671s][info][gc,phases   ] GC(97) Concurrent Relocate 0.480ms
[227.671s][info][gc,load     ] GC(97) Load: 2.73/2.97/2.68
[227.671s][info][gc,mmu      ] GC(97) MMU: 2ms/97.6%, 5ms/99.0%, 10ms/99.5%, 20ms/99.8%, 50ms/99.9%, 100ms/99.9%
[227.671s][info][gc,marking  ] GC(97) Mark: 2 stripe(s), 2 proactive flush(es), 1 terminate flush(es), 0 completion(s), 0 continuation(s) 
[227.671s][info][gc,nmethod  ] GC(97) NMethods: 491 registered, 0 unregistered
[227.671s][info][gc,metaspace] GC(97) Metaspace: 0M used, 0M committed, 1032M reserved
[227.671s][info][gc,ref      ] GC(97) Soft: 82 encountered, 0 discovered, 0 enqueued
[227.671s][info][gc,ref      ] GC(97) Weak: 200 encountered, 3 discovered, 0 enqueued
[227.671s][info][gc,ref      ] GC(97) Final: 0 encountered, 0 discovered, 0 enqueued
[227.671s][info][gc,ref      ] GC(97) Phantom: 5 encountered, 3 discovered, 0 enqueued
[227.671s][info][gc,reloc    ] GC(97) Small Pages: 1115 / 2230M, Empty: 2080M, Relocated: 3M, In-Place: 0
[227.671s][info][gc,reloc    ] GC(97) Medium Pages: 0 / 0M, Empty: 0M, Relocated: 0M, In-Place: 0
[227.671s][info][gc,reloc    ] GC(97) Large Pages: 0 / 0M, Empty: 0M, Relocated: 0M, In-Place: 0
[227.671s][info][gc,reloc    ] GC(97) Forwarding Usage: 0M
[227.671s][info][gc,heap     ] GC(97) Min Capacity: 8192M(100%)
[227.671s][info][gc,heap     ] GC(97) Max Capacity: 8192M(100%)
[227.671s][info][gc,heap     ] GC(97) Soft Max Capacity: 8192M(100%)
[227.671s][info][gc,heap     ] GC(97)                Mark Start          Mark End        Relocate Start      Relocate End           High               Low         
[227.671s][info][gc,heap     ] GC(97)  Capacity:     8192M (100%)       8192M (100%)       8192M (100%)       8192M (100%)       8192M (100%)       8192M (100%)   
[227.671s][info][gc,heap     ] GC(97)      Free:     5962M (73%)        5928M (72%)        8006M (98%)        8012M (98%)        8012M (98%)        5926M (72%)    
[227.671s][info][gc,heap     ] GC(97)      Used:     2230M (27%)        2264M (28%)         186M (2%)          180M (2%)         2266M (28%)         180M (2%)     
[227.671s][info][gc,heap     ] GC(97)      Live:         -               132M (2%)          132M (2%)          132M (2%)             -                  -          
[227.671s][info][gc,heap     ] GC(97) Allocated:         -                34M (0%)           36M (0%)           36M (0%)             -                  -          
[227.671s][info][gc,heap     ] GC(97)   Garbage:         -              2097M (26%)          17M (0%)           11M (0%)             -                  -          
[227.671s][info][gc,heap     ] GC(97) Reclaimed:         -                  -              2080M (25%)        2086M (25%)            -                  -          
[227.671s][info][gc          ] GC(97) Garbage Collection (Proactive) 2230M(27%)->180M(2%)
[229.436s][info][gc,start    ] GC(98) Garbage Collection (Proactive)
[229.436s][info][gc,phases   ] GC(98) Pause Mark Start 0.007ms
[229.460s][info][gc,phases   ] GC(98) Concurrent Mark 23.128ms
[229.460s][info][gc,phases   ] GC(98) Pause Mark End 0.009ms
[229.460s][info][gc,phases   ] GC(98) Concurrent Process Non-Strong References 0.458ms
[229.460s][info][gc,phases   ] GC(98) Concurrent Reset Relocation Set 0.001ms
[229.463s][info][gc,phases   ] GC(98) Concurrent Select Relocation Set 2.856ms
[229.463s][info][gc,phases   ] GC(98) Pause Relocate Start 0.004ms
[229.464s][info][gc,phases   ] GC(98) Concurrent Relocate 0.504ms
[229.464s][info][gc,load     ] GC(98) Load: 2.73/2.97/2.68
[229.464s][info][gc,mmu      ] GC(98) MMU: 2ms/97.6%, 5ms/99.0%, 10ms/99.5%, 20ms/99.8%, 50ms/99.9%, 100ms/99.9%
[229.464s][info][gc,marking  ] GC(98) Mark: 2 stripe(s), 2 proactive flush(es), 1 terminate flush(es), 0 completion(s), 0 continuation(s) 
[229.464s][info][gc,nmethod  ] GC(98) NMethods: 491 registered, 0 unregistered
[229.464s][info][gc,metaspace] GC(98) Metaspace: 0M used, 0M committed, 1032M reserved
[229.464s][info][gc,ref      ] GC(98) Soft: 82 encountered, 0 discovered, 0 enqueued
[229.464s][info][gc,ref      ] GC(98) Weak: 200 encountered, 74 discovered, 0 enqueued
[229.464s][info][gc,ref      ] GC(98) Final: 0 encountered, 0 discovered, 0 enqueued
[229.464s][info][gc,ref      ] GC(98) Phantom: 5 encountered, 3 discovered, 0 enqueued
[229.464s][info][gc,reloc    ] GC(98) Small Pages: 1009 / 2018M, Empty: 1866M, Relocated: 3M, In-Place: 0
[229.464s][info][gc,reloc    ] GC(98) Medium Pages: 0 / 0M, Empty: 0M, Relocated: 0M, In-Place: 0
[229.464s][info][gc,reloc    ] GC(98) Large Pages: 0 / 0M, Empty: 0M, Relocated: 0M, In-Place: 0
[229.464s][info][gc,reloc    ] GC(98) Forwarding Usage: 0M
[229.464s][info][gc,heap     ] GC(98) Min Capacity: 8192M(100%)
[229.464s][info][gc,heap     ] GC(98) Max Capacity: 8192M(100%)
[229.464s][info][gc,heap     ] GC(98) Soft Max Capacity: 8192M(100%)
[229.464s][info][gc,heap     ] GC(98)                Mark Start          Mark End        Relocate Start      Relocate End           High               Low         
[229.464s][info][gc,heap     ] GC(98)  Capacity:     8192M (100%)       8192M (100%)       8192M (100%)       8192M (100%)       8192M (100%)       8192M (100%)   
[229.464s][info][gc,heap     ] GC(98)      Free:     6174M (75%)        6142M (75%)        8008M (98%)        8016M (98%)        8016M (98%)        6142M (75%)    
[229.464s][info][gc,heap     ] GC(98)      Used:     2018M (25%)        2050M (25%)         184M (2%)          176M (2%)         2050M (25%)         176M (2%)     
[229.464s][info][gc,heap     ] GC(98)      Live:         -               132M (2%)          132M (2%)          132M (2%)             -                  -          
[229.464s][info][gc,heap     ] GC(98) Allocated:         -                32M (0%)           32M (0%)           32M (0%)             -                  -          
[229.464s][info][gc,heap     ] GC(98)   Garbage:         -              1885M (23%)          19M (0%)           11M (0%)             -                  -          
[229.464s][info][gc,heap     ] GC(98) Reclaimed:         -                  -              1866M (23%)        1874M (23%)            -                  -          
[229.464s][info][gc          ] GC(98) Garbage Collection (Proactive) 2018M(25%)->176M(2%)
[230.041s][info][gc,stats    ] === Garbage Collection Statistics =======================================================================================================================
[230.041s][info][gc,stats    ]                                                              Last 10s              Last 10m              Last 10h                Total
[230.041s][info][gc,stats    ]                                                              Avg / Max             Avg / Max             Avg / Max             Avg / Max
[230.041s][info][gc,stats    ]   Collector: Garbage Collection Cycle                     31.071 / 41.602       35.408 / 101.538      35.408 / 101.538      35.408 / 101.538     ms
[230.042s][info][gc,stats    ]  Contention: Mark Segment Reset Contention                     0 / 1                 0 / 3                 0 / 3                 0 / 3           ops/s
[230.042s][info][gc,stats    ]  Contention: Mark SeqNum Reset Contention                      0 / 0                 0 / 1                 0 / 1                 0 / 1           ops/s
[230.042s][info][gc,stats    ]    Critical: Allocation Stall                                  0 / 0                 0 / 0                 0 / 0                 0 / 0           ops/s
[230.042s][info][gc,stats    ]    Critical: Allocation Stall                              0.000 / 0.000         0.000 / 0.000         0.000 / 0.000         0.000 / 0.000       ms
[230.042s][info][gc,stats    ]    Critical: GC Locker Stall                                   0 / 0                 0 / 0                 0 / 0                 0 / 0           ops/s
[230.042s][info][gc,stats    ]    Critical: GC Locker Stall                               0.000 / 0.000         0.000 / 0.000         0.000 / 0.000         0.000 / 0.000       ms
[230.042s][info][gc,stats    ]    Critical: Relocation Stall                                  0 / 0                 0 / 0                 0 / 0                 0 / 0           ops/s
[230.042s][info][gc,stats    ]    Critical: Relocation Stall                              0.000 / 0.000         0.000 / 0.000         0.000 / 0.000         0.000 / 0.000       ms
[230.042s][info][gc,stats    ]      Memory: Allocation Rate                                1044 / 1058           1079 / 9228           1079 / 9228           1079 / 9228        MB/s
[230.042s][info][gc,stats    ]      Memory: Out Of Memory                                     0 / 0                 0 / 0                 0 / 0                 0 / 0           ops/s
[230.042s][info][gc,stats    ]      Memory: Page Cache Flush                                  0 / 0                 0 / 0                 0 / 0                 0 / 0           MB/s
[230.042s][info][gc,stats    ]      Memory: Page Cache Hit L1                               523 / 531             511 / 534             511 / 534             511 / 534         ops/s
[230.042s][info][gc,stats    ]      Memory: Page Cache Hit L2                                 0 / 0                 0 / 0                 0 / 0                 0 / 0           ops/s
[230.042s][info][gc,stats    ]      Memory: Page Cache Hit L3                                 0 / 0                12 / 524              12 / 524              12 / 524         ops/s
[230.042s][info][gc,stats    ]      Memory: Page Cache Miss                                   0 / 0                 0 / 1                 0 / 1                 0 / 1           ops/s
[230.042s][info][gc,stats    ]      Memory: Uncommit                                          0 / 0                 0 / 0                 0 / 0                 0 / 0           MB/s
[230.042s][info][gc,stats    ]      Memory: Undo Object Allocation Failed                     0 / 0                 0 / 0                 0 / 0                 0 / 0           ops/s
[230.042s][info][gc,stats    ]      Memory: Undo Object Allocation Succeeded                  0 / 0                 0 / 3                 0 / 3                 0 / 3           ops/s
[230.042s][info][gc,stats    ]      Memory: Undo Page Allocation                              0 / 0                 0 / 1                 0 / 1                 0 / 1           ops/s
[230.042s][info][gc,stats    ]       Phase: Concurrent Mark                              26.154 / 36.544       30.285 / 74.612       30.285 / 74.612       30.285 / 74.612      ms
[230.042s][info][gc,stats    ]       Phase: Concurrent Mark Continue                      0.000 / 0.000         0.000 / 0.000         0.000 / 0.000         0.000 / 0.000       ms
[230.042s][info][gc,stats    ]       Phase: Concurrent Process Non-Strong References      0.471 / 0.526         0.466 / 0.610         0.466 / 0.610         0.466 / 0.610       ms
[230.042s][info][gc,stats    ]       Phase: Concurrent Relocate                           0.801 / 1.086         0.931 / 13.482        0.931 / 13.482        0.931 / 13.482      ms
[230.042s][info][gc,stats    ]       Phase: Concurrent Reset Relocation Set               0.002 / 0.002         0.002 / 0.043         0.002 / 0.043         0.002 / 0.043       ms
[230.042s][info][gc,stats    ]       Phase: Concurrent Select Relocation Set              2.906 / 3.206         2.974 / 12.132        2.974 / 12.132        2.974 / 12.132      ms
[230.042s][info][gc,stats    ]       Phase: Pause Mark End                                0.008 / 0.009         0.009 / 0.017         0.009 / 0.017         0.009 / 0.017       ms
[230.042s][info][gc,stats    ]       Phase: Pause Mark Start                              0.015 / 0.028         0.009 / 0.048         0.009 / 0.048         0.009 / 0.048       ms
[230.042s][info][gc,stats    ]       Phase: Pause Relocate Start                          0.010 / 0.035         0.004 / 0.035         0.004 / 0.035         0.004 / 0.035       ms
[230.042s][info][gc,stats    ]    Subphase: Concurrent Classes Purge                      0.029 / 0.034         0.031 / 0.047         0.031 / 0.047         0.031 / 0.047       ms
[230.042s][info][gc,stats    ]    Subphase: Concurrent Classes Unlink                     0.303 / 0.322         0.291 / 0.324         0.291 / 0.324         0.291 / 0.324       ms
[230.042s][info][gc,stats    ]    Subphase: Concurrent Mark                              25.241 / 36.144       29.327 / 74.133       29.327 / 74.133       29.327 / 74.133      ms
[230.042s][info][gc,stats    ]    Subphase: Concurrent Mark Idle                          1.422 / 1.554         1.385 / 1.620         1.385 / 1.620         1.385 / 1.620       ms
[230.042s][info][gc,stats    ]    Subphase: Concurrent Mark Try Flush                     0.045 / 0.106         0.039 / 0.111         0.039 / 0.111         0.039 / 0.111       ms
[230.042s][info][gc,stats    ]    Subphase: Concurrent Mark Try Terminate                 0.642 / 1.555         0.510 / 1.623         0.510 / 1.623         0.510 / 1.623       ms
[230.042s][info][gc,stats    ]    Subphase: Concurrent References Enqueue                 0.000 / 0.000         0.000 / 0.003         0.000 / 0.003         0.000 / 0.003       ms
[230.042s][info][gc,stats    ]    Subphase: Concurrent References Process                 0.026 / 0.039         0.025 / 0.043         0.025 / 0.043         0.025 / 0.043       ms
[230.042s][info][gc,stats    ]    Subphase: Concurrent Roots ClassLoaderDataGraph         0.019 / 0.041         0.027 / 0.112         0.027 / 0.112         0.027 / 0.112       ms
[230.042s][info][gc,stats    ]    Subphase: Concurrent Roots CodeCache                    0.000 / 0.000         0.000 / 0.000         0.000 / 0.000         0.000 / 0.000       ms
[230.042s][info][gc,stats    ]    Subphase: Concurrent Roots JavaThreads                  0.233 / 0.292         0.255 / 0.394         0.255 / 0.394         0.255 / 0.394       ms
[230.042s][info][gc,stats    ]    Subphase: Concurrent Roots OopStorageSet                0.005 / 0.007         0.007 / 0.024         0.007 / 0.024         0.007 / 0.024       ms
[230.042s][info][gc,stats    ]    Subphase: Concurrent Weak Roots OopStorageSet           0.040 / 0.052         0.048 / 0.090         0.048 / 0.090         0.048 / 0.090       ms
[230.042s][info][gc,stats    ]    Subphase: Pause Mark Try Complete                       0.000 / 0.000         0.000 / 0.000         0.000 / 0.000         0.000 / 0.000       ms
[230.042s][info][gc,stats    ]      System: Java Threads                                     16 / 16               16 / 19               16 / 19               16 / 19          threads
[230.042s][info][gc,stats    ] =========================================================================================================================================================
[231.039s][info][gc,start    ] GC(99) Garbage Collection (Proactive)
[231.039s][info][gc,phases   ] GC(99) Pause Mark Start 0.005ms
[231.061s][info][gc,phases   ] GC(99) Concurrent Mark 22.234ms
[231.061s][info][gc,phases   ] GC(99) Pause Mark End 0.009ms
[231.062s][info][gc,phases   ] GC(99) Concurrent Process Non-Strong References 0.428ms
[231.062s][info][gc,phases   ] GC(99) Concurrent Reset Relocation Set 0.001ms
[231.064s][info][gc,phases   ] GC(99) Concurrent Select Relocation Set 2.560ms
[231.064s][info][gc,phases   ] GC(99) Pause Relocate Start 0.004ms
[231.065s][info][gc,phases   ] GC(99) Concurrent Relocate 0.640ms
[231.065s][info][gc,load     ] GC(99) Load: 2.73/2.97/2.68
[231.065s][info][gc,mmu      ] GC(99) MMU: 2ms/97.6%, 5ms/99.0%, 10ms/99.5%, 20ms/99.8%, 50ms/99.9%, 100ms/99.9%
[231.065s][info][gc,marking  ] GC(99) Mark: 2 stripe(s), 2 proactive flush(es), 1 terminate flush(es), 0 completion(s), 0 continuation(s) 
[231.065s][info][gc,nmethod  ] GC(99) NMethods: 491 registered, 0 unregistered
[231.065s][info][gc,metaspace] GC(99) Metaspace: 0M used, 0M committed, 1032M reserved
[231.065s][info][gc,ref      ] GC(99) Soft: 82 encountered, 0 discovered, 0 enqueued
[231.065s][info][gc,ref      ] GC(99) Weak: 200 encountered, 56 discovered, 0 enqueued
[231.065s][info][gc,ref      ] GC(99) Final: 0 encountered, 0 discovered, 0 enqueued
[231.065s][info][gc,ref      ] GC(99) Phantom: 5 encountered, 3 discovered, 0 enqueued
[231.065s][info][gc,reloc    ] GC(99) Small Pages: 911 / 1822M, Empty: 1672M, Relocated: 4M, In-Place: 0
[231.065s][info][gc,reloc    ] GC(99) Medium Pages: 0 / 0M, Empty: 0M, Relocated: 0M, In-Place: 0
[231.065s][info][gc,reloc    ] GC(99) Large Pages: 0 / 0M, Empty: 0M, Relocated: 0M, In-Place: 0
[231.065s][info][gc,reloc    ] GC(99) Forwarding Usage: 0M
[231.065s][info][gc,heap     ] GC(99) Min Capacity: 8192M(100%)
[231.065s][info][gc,heap     ] GC(99) Max Capacity: 8192M(100%)
[231.065s][info][gc,heap     ] GC(99) Soft Max Capacity: 8192M(100%)
[231.065s][info][gc,heap     ] GC(99)                Mark Start          Mark End        Relocate Start      Relocate End           High               Low         
[231.065s][info][gc,heap     ] GC(99)  Capacity:     8192M (100%)       8192M (100%)       8192M (100%)       8192M (100%)       8192M (100%)       8192M (100%)   
[231.065s][info][gc,heap     ] GC(99)      Free:     6370M (78%)        6346M (77%)        8018M (98%)        8024M (98%)        8024M (98%)        6346M (77%)    
[231.065s][info][gc,heap     ] GC(99)      Used:     1822M (22%)        1846M (23%)         174M (2%)          168M (2%)         1846M (23%)         168M (2%)     
[231.065s][info][gc,heap     ] GC(99)      Live:         -               132M (2%)          132M (2%)          132M (2%)             -                  -          
[231.065s][info][gc,heap     ] GC(99) Allocated:         -                24M (0%)           24M (0%)           24M (0%)             -                  -          
[231.065s][info][gc,heap     ] GC(99)   Garbage:         -              1689M (21%)          17M (0%)           11M (0%)             -                  -          
[231.065s][info][gc,heap     ] GC(99) Reclaimed:         -                  -              1672M (20%)        1678M (20%)            -                  -          
[231.065s][info][gc          ] GC(99) Garbage Collection (Proactive) 1822M(22%)->168M(2%)
[232.534s][info][gc,start    ] GC(100) Garbage Collection (Proactive)
[232.535s][info][gc,phases   ] GC(100) Pause Mark Start 0.007ms
[232.560s][info][gc,phases   ] GC(100) Concurrent Mark 25.240ms
[232.560s][info][gc,phases   ] GC(100) Pause Mark End 0.009ms
[232.561s][info][gc,phases   ] GC(100) Concurrent Process Non-Strong References 0.449ms
[232.561s][info][gc,phases   ] GC(100) Concurrent Reset Relocation Set 0.001ms
[232.563s][info][gc,phases   ] GC(100) Concurrent Select Relocation Set 2.762ms
[232.563s][info][gc,phases   ] GC(100) Pause Relocate Start 0.004ms
[232.564s][info][gc,phases   ] GC(100) Concurrent Relocate 0.268ms
[232.564s][info][gc,load     ] GC(100) Load: 2.59/2.94/2.67
[232.564s][info][gc,mmu      ] GC(100) MMU: 2ms/97.6%, 5ms/99.0%, 10ms/99.5%, 20ms/99.8%, 50ms/99.9%, 100ms/99.9%
[232.564s][info][gc,marking  ] GC(100) Mark: 2 stripe(s), 2 proactive flush(es), 1 terminate flush(es), 0 completion(s), 0 continuation(s) 
[232.564s][info][gc,nmethod  ] GC(100) NMethods: 491 registered, 0 unregistered
[232.564s][info][gc,metaspace] GC(100) Metaspace: 0M used, 0M committed, 1032M reserved
[232.564s][info][gc,ref      ] GC(100) Soft: 82 encountered, 0 discovered, 0 enqueued
[232.564s][info][gc,ref      ] GC(100) Weak: 200 encountered, 43 discovered, 0 enqueued
[232.564s][info][gc,ref      ] GC(100) Final: 0 encountered, 0 discovered, 0 enqueued
[232.564s][info][gc,ref      ] GC(100) Phantom: 5 encountered, 3 discovered, 0 enqueued
[232.564s][info][gc,reloc    ] GC(100) Small Pages: 852 / 1704M, Empty: 1550M, Relocated: 1M, In-Place: 0
[232.564s][info][gc,reloc    ] GC(100) Medium Pages: 0 / 0M, Empty: 0M, Relocated: 0M, In-Place: 0
[232.564s][info][gc,reloc    ] GC(100) Large Pages: 0 / 0M, Empty: 0M, Relocated: 0M, In-Place: 0
[232.564s][info][gc,reloc    ] GC(100) Forwarding Usage: 0M
[232.564s][info][gc,heap     ] GC(100) Min Capacity: 8192M(100%)
[232.564s][info][gc,heap     ] GC(100) Max Capacity: 8192M(100%)
[232.564s][info][gc,heap     ] GC(100) Soft Max Capacity: 8192M(100%)
[232.564s][info][gc,heap     ] GC(100)                Mark Start          Mark End        Relocate Start      Relocate End           High               Low         
[232.564s][info][gc,heap     ] GC(100)  Capacity:     8192M (100%)       8192M (100%)       8192M (100%)       8192M (100%)       8192M (100%)       8192M (100%)   
[232.564s][info][gc,heap     ] GC(100)      Free:     6488M (79%)        6456M (79%)        8006M (98%)        8012M (98%)        8012M (98%)        6456M (79%)    
[232.564s][info][gc,heap     ] GC(100)      Used:     1704M (21%)        1736M (21%)         186M (2%)          180M (2%)         1736M (21%)         180M (2%)     
[232.564s][info][gc,heap     ] GC(100)      Live:         -               132M (2%)          132M (2%)          132M (2%)             -                  -          
[232.564s][info][gc,heap     ] GC(100) Allocated:         -                32M (0%)           32M (0%)           36M (0%)             -                  -          
[232.564s][info][gc,heap     ] GC(100)   Garbage:         -              1571M (19%)          21M (0%)           11M (0%)             -                  -          
[232.564s][info][gc,heap     ] GC(100) Reclaimed:         -                  -              1550M (19%)        1560M (19%)            -                  -          
[232.564s][info][gc          ] GC(100) Garbage Collection (Proactive) 1704M(21%)->180M(2%)
[234.240s][info][gc,start    ] GC(101) Garbage Collection (Proactive)
[234.240s][info][gc,phases   ] GC(101) Pause Mark Start 0.006ms
[234.263s][info][gc,phases   ] GC(101) Concurrent Mark 22.721ms
[234.263s][info][gc,phases   ] GC(101) Pause Mark End 0.009ms
[234.264s][info][gc,phases   ] GC(101) Concurrent Process Non-Strong References 0.446ms
[234.264s][info][gc,phases   ] GC(101) Concurrent Reset Relocation Set 0.002ms
[234.267s][info][gc,phases   ] GC(101) Concurrent Select Relocation Set 2.938ms
[234.267s][info][gc,phases   ] GC(101) Pause Relocate Start 0.004ms
[234.268s][info][gc,phases   ] GC(101) Concurrent Relocate 1.378ms
[234.268s][info][gc,load     ] GC(101) Load: 2.59/2.94/2.67
[234.268s][info][gc,mmu      ] GC(101) MMU: 2ms/97.6%, 5ms/99.0%, 10ms/99.5%, 20ms/99.8%, 50ms/99.9%, 100ms/99.9%
[234.268s][info][gc,marking  ] GC(101) Mark: 2 stripe(s), 2 proactive flush(es), 1 terminate flush(es), 0 completion(s), 0 continuation(s) 
[234.268s][info][gc,nmethod  ] GC(101) NMethods: 491 registered, 0 unregistered
[234.268s][info][gc,metaspace] GC(101) Metaspace: 0M used, 0M committed, 1032M reserved
[234.268s][info][gc,ref      ] GC(101) Soft: 82 encountered, 0 discovered, 0 enqueued
[234.268s][info][gc,ref      ] GC(101) Weak: 200 encountered, 74 discovered, 0 enqueued
[234.268s][info][gc,ref      ] GC(101) Final: 0 encountered, 0 discovered, 0 enqueued
[234.268s][info][gc,ref      ] GC(101) Phantom: 5 encountered, 3 discovered, 0 enqueued
[234.268s][info][gc,reloc    ] GC(101) Small Pages: 964 / 1928M, Empty: 1776M, Relocated: 8M, In-Place: 0
[234.269s][info][gc,reloc    ] GC(101) Medium Pages: 0 / 0M, Empty: 0M, Relocated: 0M, In-Place: 0
[234.269s][info][gc,reloc    ] GC(101) Large Pages: 0 / 0M, Empty: 0M, Relocated: 0M, In-Place: 0
[234.269s][info][gc,reloc    ] GC(101) Forwarding Usage: 0M
[234.269s][info][gc,heap     ] GC(101) Min Capacity: 8192M(100%)
[234.269s][info][gc,heap     ] GC(101) Max Capacity: 8192M(100%)
[234.269s][info][gc,heap     ] GC(101) Soft Max Capacity: 8192M(100%)
[234.269s][info][gc,heap     ] GC(101)                Mark Start          Mark End        Relocate Start      Relocate End           High               Low         
[234.269s][info][gc,heap     ] GC(101)  Capacity:     8192M (100%)       8192M (100%)       8192M (100%)       8192M (100%)       8192M (100%)       8192M (100%)   
[234.269s][info][gc,heap     ] GC(101)      Free:     6264M (76%)        6240M (76%)        8008M (98%)        8012M (98%)        8012M (98%)        6240M (76%)    
[234.269s][info][gc,heap     ] GC(101)      Used:     1928M (24%)        1952M (24%)         184M (2%)          180M (2%)         1952M (24%)         180M (2%)     
[234.269s][info][gc,heap     ] GC(101)      Live:         -               132M (2%)          132M (2%)          132M (2%)             -                  -          
[234.269s][info][gc,heap     ] GC(101) Allocated:         -                24M (0%)           32M (0%)           36M (0%)             -                  -          
[234.269s][info][gc,heap     ] GC(101)   Garbage:         -              1795M (22%)          19M (0%)           11M (0%)             -                  -          
[234.269s][info][gc,heap     ] GC(101) Reclaimed:         -                  -              1776M (22%)        1784M (22%)            -                  -          
[234.269s][info][gc          ] GC(101) Garbage Collection (Proactive) 1928M(24%)->180M(2%)
[235.834s][info][gc,start    ] GC(102) Garbage Collection (Proactive)
[235.834s][info][gc,phases   ] GC(102) Pause Mark Start 0.007ms
[235.858s][info][gc,phases   ] GC(102) Concurrent Mark 23.776ms
[235.858s][info][gc,phases   ] GC(102) Pause Mark End 0.008ms
[235.858s][info][gc,phases   ] GC(102) Concurrent Process Non-Strong References 0.467ms
[235.858s][info][gc,phases   ] GC(102) Concurrent Reset Relocation Set 0.002ms
[235.861s][info][gc,phases   ] GC(102) Concurrent Select Relocation Set 2.836ms
[235.861s][info][gc,phases   ] GC(102) Pause Relocate Start 0.003ms
[235.862s][info][gc,phases   ] GC(102) Concurrent Relocate 0.443ms
[235.862s][info][gc,load     ] GC(102) Load: 2.59/2.94/2.67
[235.862s][info][gc,mmu      ] GC(102) MMU: 2ms/97.6%, 5ms/99.0%, 10ms/99.5%, 20ms/99.8%, 50ms/99.9%, 100ms/99.9%
[235.862s][info][gc,marking  ] GC(102) Mark: 2 stripe(s), 2 proactive flush(es), 1 terminate flush(es), 0 completion(s), 0 continuation(s) 
[235.862s][info][gc,nmethod  ] GC(102) NMethods: 491 registered, 0 unregistered
[235.862s][info][gc,metaspace] GC(102) Metaspace: 0M used, 0M committed, 1032M reserved
[235.862s][info][gc,ref      ] GC(102) Soft: 82 encountered, 0 discovered, 0 enqueued
[235.862s][info][gc,ref      ] GC(102) Weak: 200 encountered, 107 discovered, 0 enqueued
[235.862s][info][gc,ref      ] GC(102) Final: 0 encountered, 0 discovered, 0 enqueued
[235.862s][info][gc,ref      ] GC(102) Phantom: 5 encountered, 5 discovered, 0 enqueued
[235.862s][info][gc,reloc    ] GC(102) Small Pages: 904 / 1808M, Empty: 1654M, Relocated: 3M, In-Place: 0
[235.862s][info][gc,reloc    ] GC(102) Medium Pages: 0 / 0M, Empty: 0M, Relocated: 0M, In-Place: 0
[235.862s][info][gc,reloc    ] GC(102) Large Pages: 0 / 0M, Empty: 0M, Relocated: 0M, In-Place: 0
[235.862s][info][gc,reloc    ] GC(102) Forwarding Usage: 0M
[235.862s][info][gc,heap     ] GC(102) Min Capacity: 8192M(100%)
[235.862s][info][gc,heap     ] GC(102) Max Capacity: 8192M(100%)
[235.862s][info][gc,heap     ] GC(102) Soft Max Capacity: 8192M(100%)
[235.862s][info][gc,heap     ] GC(102)                Mark Start          Mark End        Relocate Start      Relocate End           High               Low         
[235.862s][info][gc,heap     ] GC(102)  Capacity:     8192M (100%)       8192M (100%)       8192M (100%)       8192M (100%)       8192M (100%)       8192M (100%)   
[235.862s][info][gc,heap     ] GC(102)      Free:     6384M (78%)        6350M (78%)        8004M (98%)        8016M (98%)        8016M (98%)        6350M (78%)    
[235.862s][info][gc,heap     ] GC(102)      Used:     1808M (22%)        1842M (22%)         188M (2%)          176M (2%)         1842M (22%)         176M (2%)     
[235.862s][info][gc,heap     ] GC(102)      Live:         -               132M (2%)          132M (2%)          132M (2%)             -                  -          
[235.862s][info][gc,heap     ] GC(102) Allocated:         -                34M (0%)           34M (0%)           34M (0%)             -                  -          
[235.862s][info][gc,heap     ] GC(102)   Garbage:         -              1675M (20%)          21M (0%)            9M (0%)             -                  -          
[235.862s][info][gc,heap     ] GC(102) Reclaimed:         -                  -              1654M (20%)        1666M (20%)            -                  -          
[235.862s][info][gc          ] GC(102) Garbage Collection (Proactive) 1808M(22%)->176M(2%)
[237.334s][info][gc,start    ] GC(103) Garbage Collection (Proactive)
[237.334s][info][gc,phases   ] GC(103) Pause Mark Start 0.007ms
[237.371s][info][gc,phases   ] GC(103) Concurrent Mark 36.552ms
[237.371s][info][gc,phases   ] GC(103) Pause Mark End 0.008ms
[237.371s][info][gc,phases   ] GC(103) Concurrent Process Non-Strong References 0.430ms
[237.371s][info][gc,phases   ] GC(103) Concurrent Reset Relocation Set 0.001ms
[237.374s][info][gc,phases   ] GC(103) Concurrent Select Relocation Set 2.670ms
[237.374s][info][gc,phases   ] GC(103) Pause Relocate Start 0.003ms
[237.375s][info][gc,phases   ] GC(103) Concurrent Relocate 0.395ms
[237.375s][info][gc,load     ] GC(103) Load: 3.03/3.02/2.70
[237.375s][info][gc,mmu      ] GC(103) MMU: 2ms/97.6%, 5ms/99.0%, 10ms/99.5%, 20ms/99.8%, 50ms/99.9%, 100ms/99.9%
[237.375s][info][gc,marking  ] GC(103) Mark: 2 stripe(s), 2 proactive flush(es), 1 terminate flush(es), 0 completion(s), 0 continuation(s) 
[237.375s][info][gc,nmethod  ] GC(103) NMethods: 491 registered, 0 unregistered
[237.375s][info][gc,metaspace] GC(103) Metaspace: 0M used, 0M committed, 1032M reserved
[237.375s][info][gc,ref      ] GC(103) Soft: 82 encountered, 0 discovered, 0 enqueued
[237.375s][info][gc,ref      ] GC(103) Weak: 200 encountered, 118 discovered, 0 enqueued
[237.375s][info][gc,ref      ] GC(103) Final: 0 encountered, 0 discovered, 0 enqueued
[237.375s][info][gc,ref      ] GC(103) Phantom: 5 encountered, 5 discovered, 0 enqueued
[237.375s][info][gc,reloc    ] GC(103) Small Pages: 856 / 1712M, Empty: 1560M, Relocated: 2M, In-Place: 0
[237.375s][info][gc,reloc    ] GC(103) Medium Pages: 0 / 0M, Empty: 0M, Relocated: 0M, In-Place: 0
[237.375s][info][gc,reloc    ] GC(103) Large Pages: 0 / 0M, Empty: 0M, Relocated: 0M, In-Place: 0
[237.375s][info][gc,reloc    ] GC(103) Forwarding Usage: 0M
[237.375s][info][gc,heap     ] GC(103) Min Capacity: 8192M(100%)
[237.375s][info][gc,heap     ] GC(103) Max Capacity: 8192M(100%)
[237.375s][info][gc,heap     ] GC(103) Soft Max Capacity: 8192M(100%)
[237.375s][info][gc,heap     ] GC(103)                Mark Start          Mark End        Relocate Start      Relocate End           High               Low         
[237.375s][info][gc,heap     ] GC(103)  Capacity:     8192M (100%)       8192M (100%)       8192M (100%)       8192M (100%)       8192M (100%)       8192M (100%)   
[237.375s][info][gc,heap     ] GC(103)      Free:     6480M (79%)        6432M (79%)        7992M (98%)        8002M (98%)        8002M (98%)        6432M (79%)    
[237.375s][info][gc,heap     ] GC(103)      Used:     1712M (21%)        1760M (21%)         200M (2%)          190M (2%)         1760M (21%)         190M (2%)     
[237.375s][info][gc,heap     ] GC(103)      Live:         -               132M (2%)          132M (2%)          132M (2%)             -                  -          
[237.375s][info][gc,heap     ] GC(103) Allocated:         -                48M (1%)           48M (1%)           48M (1%)             -                  -          
[237.375s][info][gc,heap     ] GC(103)   Garbage:         -              1579M (19%)          19M (0%)            9M (0%)             -                  -          
[237.375s][info][gc,heap     ] GC(103) Reclaimed:         -                  -              1560M (19%)        1570M (19%)            -                  -          
[237.375s][info][gc          ] GC(103) Garbage Collection (Proactive) 1712M(21%)->190M(2%)
[240.036s][info][gc,stats    ] === Garbage Collection Statistics =======================================================================================================================
[240.036s][info][gc,stats    ]                                                              Last 10s              Last 10m              Last 10h                Total
[240.036s][info][gc,stats    ]                                                              Avg / Max             Avg / Max             Avg / Max             Avg / Max
[240.036s][info][gc,stats    ]   Collector: Garbage Collection Cycle                     30.513 / 40.588       35.173 / 101.538      35.173 / 101.538      35.173 / 101.538     ms
[240.036s][info][gc,stats    ]  Contention: Mark Segment Reset Contention                     0 / 1                 0 / 3                 0 / 3                 0 / 3           ops/s
[240.036s][info][gc,stats    ]  Contention: Mark SeqNum Reset Contention                      0 / 0                 0 / 1                 0 / 1                 0 / 1           ops/s
[240.036s][info][gc,stats    ]    Critical: Allocation Stall                                  0 / 0                 0 / 0                 0 / 0                 0 / 0           ops/s
[240.036s][info][gc,stats    ]    Critical: Allocation Stall                              0.000 / 0.000         0.000 / 0.000         0.000 / 0.000         0.000 / 0.000       ms
[240.036s][info][gc,stats    ]    Critical: GC Locker Stall                                   0 / 0                 0 / 0                 0 / 0                 0 / 0           ops/s
[240.036s][info][gc,stats    ]    Critical: GC Locker Stall                               0.000 / 0.000         0.000 / 0.000         0.000 / 0.000         0.000 / 0.000       ms
[240.036s][info][gc,stats    ]    Critical: Relocation Stall                                  0 / 0                 0 / 0                 0 / 0                 0 / 0           ops/s
[240.036s][info][gc,stats    ]    Critical: Relocation Stall                              0.000 / 0.000         0.000 / 0.000         0.000 / 0.000         0.000 / 0.000       ms
[240.036s][info][gc,stats    ]      Memory: Allocation Rate                                1044 / 1056           1078 / 9228           1078 / 9228           1078 / 9228        MB/s
[240.036s][info][gc,stats    ]      Memory: Out Of Memory                                     0 / 0                 0 / 0                 0 / 0                 0 / 0           ops/s
[240.036s][info][gc,stats    ]      Memory: Page Cache Flush                                  0 / 0                 0 / 0                 0 / 0                 0 / 0           MB/s
[240.036s][info][gc,stats    ]      Memory: Page Cache Hit L1                               523 / 530             511 / 534             511 / 534             511 / 534         ops/s
[240.036s][info][gc,stats    ]      Memory: Page Cache Hit L2                                 0 / 0                 0 / 0                 0 / 0                 0 / 0           ops/s
[240.036s][info][gc,stats    ]      Memory: Page Cache Hit L3                                 0 / 0                11 / 524              11 / 524              11 / 524         ops/s
[240.036s][info][gc,stats    ]      Memory: Page Cache Miss                                   0 / 0                 0 / 1                 0 / 1                 0 / 1           ops/s
[240.036s][info][gc,stats    ]      Memory: Uncommit                                          0 / 0                 0 / 0                 0 / 0                 0 / 0           MB/s
[240.036s][info][gc,stats    ]      Memory: Undo Object Allocation Failed                     0 / 0                 0 / 0                 0 / 0                 0 / 0           ops/s
[240.036s][info][gc,stats    ]      Memory: Undo Object Allocation Succeeded                  0 / 0                 0 / 3                 0 / 3                 0 / 3           ops/s
[240.036s][info][gc,stats    ]      Memory: Undo Page Allocation                              0 / 0                 0 / 1                 0 / 1                 0 / 1           ops/s
[240.036s][info][gc,stats    ]       Phase: Concurrent Mark                              26.105 / 36.552       30.084 / 74.612       30.084 / 74.612       30.084 / 74.612      ms
[240.036s][info][gc,stats    ]       Phase: Concurrent Mark Continue                      0.000 / 0.000         0.000 / 0.000         0.000 / 0.000         0.000 / 0.000       ms
[240.036s][info][gc,stats    ]       Phase: Concurrent Process Non-Strong References      0.444 / 0.467         0.465 / 0.610         0.465 / 0.610         0.465 / 0.610       ms
[240.036s][info][gc,stats    ]       Phase: Concurrent Relocate                           0.625 / 1.378         0.917 / 13.482        0.917 / 13.482        0.917 / 13.482      ms
[240.036s][info][gc,stats    ]       Phase: Concurrent Reset Relocation Set               0.001 / 0.002         0.002 / 0.043         0.002 / 0.043         0.002 / 0.043       ms
[240.036s][info][gc,stats    ]       Phase: Concurrent Select Relocation Set              2.753 / 2.938         2.963 / 12.132        2.963 / 12.132        2.963 / 12.132      ms
[240.036s][info][gc,stats    ]       Phase: Pause Mark End                                0.009 / 0.009         0.009 / 0.017         0.009 / 0.017         0.009 / 0.017       ms
[240.036s][info][gc,stats    ]       Phase: Pause Mark Start                              0.006 / 0.007         0.008 / 0.048         0.008 / 0.048         0.008 / 0.048       ms
[240.036s][info][gc,stats    ]       Phase: Pause Relocate Start                          0.004 / 0.004         0.004 / 0.035         0.004 / 0.035         0.004 / 0.035       ms
[240.036s][info][gc,stats    ]    Subphase: Concurrent Classes Purge                      0.030 / 0.034         0.031 / 0.047         0.031 / 0.047         0.031 / 0.047       ms
[240.036s][info][gc,stats    ]    Subphase: Concurrent Classes Unlink                     0.295 / 0.306         0.292 / 0.324         0.292 / 0.324         0.292 / 0.324       ms
[240.036s][info][gc,stats    ]    Subphase: Concurrent Mark                              25.334 / 36.121       29.135 / 74.133       29.135 / 74.133       29.135 / 74.133      ms
[240.036s][info][gc,stats    ]    Subphase: Concurrent Mark Idle                          1.268 / 1.514         1.380 / 1.620         1.380 / 1.620         1.380 / 1.620       ms
[240.036s][info][gc,stats    ]    Subphase: Concurrent Mark Try Flush                     0.038 / 0.104         0.039 / 0.111         0.039 / 0.111         0.039 / 0.111       ms
[240.036s][info][gc,stats    ]    Subphase: Concurrent Mark Try Terminate                 0.435 / 1.516         0.506 / 1.623         0.506 / 1.623         0.506 / 1.623       ms
[240.036s][info][gc,stats    ]    Subphase: Concurrent References Enqueue                 0.000 / 0.000         0.000 / 0.003         0.000 / 0.003         0.000 / 0.003       ms
[240.036s][info][gc,stats    ]    Subphase: Concurrent References Process                 0.026 / 0.032         0.025 / 0.043         0.025 / 0.043         0.025 / 0.043       ms
[240.036s][info][gc,stats    ]    Subphase: Concurrent Roots ClassLoaderDataGraph         0.019 / 0.042         0.026 / 0.112         0.026 / 0.112         0.026 / 0.112       ms
[240.036s][info][gc,stats    ]    Subphase: Concurrent Roots CodeCache                    0.000 / 0.000         0.000 / 0.000         0.000 / 0.000         0.000 / 0.000       ms
[240.036s][info][gc,stats    ]    Subphase: Concurrent Roots JavaThreads                  0.265 / 0.325         0.255 / 0.394         0.255 / 0.394         0.255 / 0.394       ms
[240.036s][info][gc,stats    ]    Subphase: Concurrent Roots OopStorageSet                0.006 / 0.007         0.007 / 0.024         0.007 / 0.024         0.007 / 0.024       ms
[240.036s][info][gc,stats    ]    Subphase: Concurrent Weak Roots OopStorageSet           0.038 / 0.047         0.048 / 0.090         0.048 / 0.090         0.048 / 0.090       ms
[240.036s][info][gc,stats    ]    Subphase: Pause Mark Try Complete                       0.000 / 0.000         0.000 / 0.000         0.000 / 0.000         0.000 / 0.000       ms
[240.036s][info][gc,stats    ]      System: Java Threads                                     16 / 16               16 / 19               16 / 19               16 / 19          threads
[240.036s][info][gc,stats    ] =========================================================================================================================================================
[240.137s][info][gc,start    ] GC(104) Garbage Collection (Proactive)
[240.138s][info][gc,phases   ] GC(104) Pause Mark Start 0.010ms
[240.161s][info][gc,phases   ] GC(104) Concurrent Mark 23.327ms
[240.161s][info][gc,phases   ] GC(104) Pause Mark End 0.009ms
[240.162s][info][gc,phases   ] GC(104) Concurrent Process Non-Strong References 0.450ms
[240.162s][info][gc,phases   ] GC(104) Concurrent Reset Relocation Set 0.001ms
[240.164s][info][gc,phases   ] GC(104) Concurrent Select Relocation Set 2.814ms
[240.165s][info][gc,phases   ] GC(104) Pause Relocate Start 0.004ms
[240.165s][info][gc,phases   ] GC(104) Concurrent Relocate 0.887ms
[240.166s][info][gc,load     ] GC(104) Load: 3.03/3.02/2.70
[240.166s][info][gc,mmu      ] GC(104) MMU: 2ms/97.6%, 5ms/99.0%, 10ms/99.5%, 20ms/99.8%, 50ms/99.9%, 100ms/99.9%
[240.166s][info][gc,marking  ] GC(104) Mark: 2 stripe(s), 2 proactive flush(es), 1 terminate flush(es), 0 completion(s), 0 continuation(s) 
[240.166s][info][gc,nmethod  ] GC(104) NMethods: 491 registered, 0 unregistered
[240.166s][info][gc,metaspace] GC(104) Metaspace: 0M used, 0M committed, 1032M reserved
[240.166s][info][gc,ref      ] GC(104) Soft: 82 encountered, 0 discovered, 0 enqueued
[240.166s][info][gc,ref      ] GC(104) Weak: 200 encountered, 109 discovered, 0 enqueued
[240.166s][info][gc,ref      ] GC(104) Final: 0 encountered, 0 discovered, 0 enqueued
[240.166s][info][gc,ref      ] GC(104) Phantom: 5 encountered, 3 discovered, 0 enqueued
[240.166s][info][gc,reloc    ] GC(104) Small Pages: 1537 / 3074M, Empty: 2926M, Relocated: 5M, In-Place: 0
[240.166s][info][gc,reloc    ] GC(104) Medium Pages: 0 / 0M, Empty: 0M, Relocated: 0M, In-Place: 0
[240.166s][info][gc,reloc    ] GC(104) Large Pages: 0 / 0M, Empty: 0M, Relocated: 0M, In-Place: 0
[240.166s][info][gc,reloc    ] GC(104) Forwarding Usage: 0M
[240.166s][info][gc,heap     ] GC(104) Min Capacity: 8192M(100%)
[240.166s][info][gc,heap     ] GC(104) Max Capacity: 8192M(100%)
[240.166s][info][gc,heap     ] GC(104) Soft Max Capacity: 8192M(100%)
[240.166s][info][gc,heap     ] GC(104)                Mark Start          Mark End        Relocate Start      Relocate End           High               Low         
[240.166s][info][gc,heap     ] GC(104)  Capacity:     8192M (100%)       8192M (100%)       8192M (100%)       8192M (100%)       8192M (100%)       8192M (100%)   
[240.166s][info][gc,heap     ] GC(104)      Free:     5118M (62%)        5092M (62%)        8018M (98%)        8020M (98%)        8022M (98%)        5092M (62%)    
[240.166s][info][gc,heap     ] GC(104)      Used:     3074M (38%)        3100M (38%)         174M (2%)          172M (2%)         3100M (38%)         170M (2%)     
[240.166s][info][gc,heap     ] GC(104)      Live:         -               132M (2%)          132M (2%)          132M (2%)             -                  -          
[240.166s][info][gc,heap     ] GC(104) Allocated:         -                26M (0%)           26M (0%)           28M (0%)             -                  -          
[240.166s][info][gc,heap     ] GC(104)   Garbage:         -              2941M (36%)          15M (0%)           11M (0%)             -                  -          
[240.166s][info][gc,heap     ] GC(104) Reclaimed:         -                  -              2926M (36%)        2930M (36%)            -                  -          
[240.166s][info][gc          ] GC(104) Garbage Collection (Proactive) 3074M(38%)->172M(2%)
[242.536s][info][gc,start    ] GC(105) Garbage Collection (Proactive)
[242.537s][info][gc,phases   ] GC(105) Pause Mark Start 0.006ms
[242.563s][info][gc,phases   ] GC(105) Concurrent Mark 26.071ms
[242.563s][info][gc,phases   ] GC(105) Pause Mark End 0.008ms
[242.563s][info][gc,phases   ] GC(105) Concurrent Process Non-Strong References 0.477ms
[242.563s][info][gc,phases   ] GC(105) Concurrent Reset Relocation Set 0.002ms
[242.567s][info][gc,phases   ] GC(105) Concurrent Select Relocation Set 3.065ms
[242.567s][info][gc,phases   ] GC(105) Pause Relocate Start 0.005ms
[242.567s][info][gc,phases   ] GC(105) Concurrent Relocate 0.651ms
[242.567s][info][gc,load     ] GC(105) Load: 2.94/3.00/2.69
[242.568s][info][gc,mmu      ] GC(105) MMU: 2ms/97.6%, 5ms/99.0%, 10ms/99.5%, 20ms/99.8%, 50ms/99.9%, 100ms/99.9%
[242.568s][info][gc,marking  ] GC(105) Mark: 2 stripe(s), 2 proactive flush(es), 1 terminate flush(es), 0 completion(s), 0 continuation(s) 
[242.568s][info][gc,nmethod  ] GC(105) NMethods: 491 registered, 0 unregistered
[242.568s][info][gc,metaspace] GC(105) Metaspace: 0M used, 0M committed, 1032M reserved
[242.568s][info][gc,ref      ] GC(105) Soft: 82 encountered, 0 discovered, 0 enqueued
[242.568s][info][gc,ref      ] GC(105) Weak: 200 encountered, 31 discovered, 0 enqueued
[242.568s][info][gc,ref      ] GC(105) Final: 0 encountered, 0 discovered, 0 enqueued
[242.568s][info][gc,ref      ] GC(105) Phantom: 5 encountered, 3 discovered, 0 enqueued
[242.568s][info][gc,reloc    ] GC(105) Small Pages: 1323 / 2646M, Empty: 2460M, Relocated: 3M, In-Place: 0
[242.568s][info][gc,reloc    ] GC(105) Medium Pages: 0 / 0M, Empty: 0M, Relocated: 0M, In-Place: 0
[242.568s][info][gc,reloc    ] GC(105) Large Pages: 0 / 0M, Empty: 0M, Relocated: 0M, In-Place: 0
[242.568s][info][gc,reloc    ] GC(105) Forwarding Usage: 0M
[242.568s][info][gc,heap     ] GC(105) Min Capacity: 8192M(100%)
[242.568s][info][gc,heap     ] GC(105) Max Capacity: 8192M(100%)
[242.568s][info][gc,heap     ] GC(105) Soft Max Capacity: 8192M(100%)
[242.568s][info][gc,heap     ] GC(105)                Mark Start          Mark End        Relocate Start      Relocate End           High               Low         
[242.568s][info][gc,heap     ] GC(105)  Capacity:     8192M (100%)       8192M (100%)       8192M (100%)       8192M (100%)       8192M (100%)       8192M (100%)   
[242.568s][info][gc,heap     ] GC(105)      Free:     5546M (68%)        5516M (67%)        7968M (97%)        8006M (98%)        8006M (98%)        5516M (67%)    
[242.568s][info][gc,heap     ] GC(105)      Used:     2646M (32%)        2676M (33%)         224M (3%)          186M (2%)         2676M (33%)         186M (2%)     
[242.568s][info][gc,heap     ] GC(105)      Live:         -               132M (2%)          132M (2%)          132M (2%)             -                  -          
[242.568s][info][gc,heap     ] GC(105) Allocated:         -                30M (0%)           38M (0%)           44M (1%)             -                  -          
[242.568s][info][gc,heap     ] GC(105)   Garbage:         -              2513M (31%)          53M (1%)            9M (0%)             -                  -          
[242.568s][info][gc,heap     ] GC(105) Reclaimed:         -                  -              2460M (30%)        2504M (31%)            -                  -          
[242.568s][info][gc          ] GC(105) Garbage Collection (Proactive) 2646M(32%)->186M(2%)
[244.536s][info][gc,start    ] GC(106) Garbage Collection (Proactive)
[244.537s][info][gc,phases   ] GC(106) Pause Mark Start 0.007ms
[244.561s][info][gc,phases   ] GC(106) Concurrent Mark 24.285ms
[244.561s][info][gc,phases   ] GC(106) Pause Mark End 0.009ms
[244.562s][info][gc,phases   ] GC(106) Concurrent Process Non-Strong References 0.429ms
[244.562s][info][gc,phases   ] GC(106) Concurrent Reset Relocation Set 0.002ms
[244.565s][info][gc,phases   ] GC(106) Concurrent Select Relocation Set 3.037ms
[244.565s][info][gc,phases   ] GC(106) Pause Relocate Start 0.004ms
[244.566s][info][gc,phases   ] GC(106) Concurrent Relocate 1.608ms
[244.566s][info][gc,load     ] GC(106) Load: 2.94/3.00/2.69
[244.567s][info][gc,mmu      ] GC(106) MMU: 2ms/97.6%, 5ms/99.0%, 10ms/99.5%, 20ms/99.8%, 50ms/99.9%, 100ms/99.9%
[244.567s][info][gc,marking  ] GC(106) Mark: 2 stripe(s), 2 proactive flush(es), 1 terminate flush(es), 0 completion(s), 0 continuation(s) 
[244.567s][info][gc,nmethod  ] GC(106) NMethods: 491 registered, 0 unregistered
[244.567s][info][gc,metaspace] GC(106) Metaspace: 0M used, 0M committed, 1032M reserved
[244.567s][info][gc,ref      ] GC(106) Soft: 82 encountered, 0 discovered, 0 enqueued
[244.567s][info][gc,ref      ] GC(106) Weak: 200 encountered, 118 discovered, 0 enqueued
[244.567s][info][gc,ref      ] GC(106) Final: 0 encountered, 0 discovered, 0 enqueued
[244.567s][info][gc,ref      ] GC(106) Phantom: 5 encountered, 5 discovered, 0 enqueued
[244.567s][info][gc,reloc    ] GC(106) Small Pages: 1113 / 2226M, Empty: 2038M, Relocated: 8M, In-Place: 0
[244.567s][info][gc,reloc    ] GC(106) Medium Pages: 0 / 0M, Empty: 0M, Relocated: 0M, In-Place: 0
[244.567s][info][gc,reloc    ] GC(106) Large Pages: 0 / 0M, Empty: 0M, Relocated: 0M, In-Place: 0
[244.567s][info][gc,reloc    ] GC(106) Forwarding Usage: 0M
[244.567s][info][gc,heap     ] GC(106) Min Capacity: 8192M(100%)
[244.567s][info][gc,heap     ] GC(106) Max Capacity: 8192M(100%)
[244.567s][info][gc,heap     ] GC(106) Soft Max Capacity: 8192M(100%)
[244.567s][info][gc,heap     ] GC(106)                Mark Start          Mark End        Relocate Start      Relocate End           High               Low         
[244.567s][info][gc,heap     ] GC(106)  Capacity:     8192M (100%)       8192M (100%)       8192M (100%)       8192M (100%)       8192M (100%)       8192M (100%)   
[244.567s][info][gc,heap     ] GC(106)      Free:     5966M (73%)        5934M (72%)        7972M (97%)        8008M (98%)        8008M (98%)        5934M (72%)    
[244.567s][info][gc,heap     ] GC(106)      Used:     2226M (27%)        2258M (28%)         220M (3%)          184M (2%)         2258M (28%)         184M (2%)     
[244.567s][info][gc,heap     ] GC(106)      Live:         -               132M (2%)          132M (2%)          132M (2%)             -                  -          
[244.567s][info][gc,heap     ] GC(106) Allocated:         -                32M (0%)           32M (0%)           40M (0%)             -                  -          
[244.567s][info][gc,heap     ] GC(106)   Garbage:         -              2093M (26%)          55M (1%)           11M (0%)             -                  -          
[244.567s][info][gc,heap     ] GC(106) Reclaimed:         -                  -              2038M (25%)        2082M (25%)            -                  -          
[244.567s][info][gc          ] GC(106) Garbage Collection (Proactive) 2226M(27%)->184M(2%)
[246.337s][info][gc,start    ] GC(107) Garbage Collection (Proactive)
[246.338s][info][gc,phases   ] GC(107) Pause Mark Start 0.006ms
[246.362s][info][gc,phases   ] GC(107) Concurrent Mark 24.299ms
[246.362s][info][gc,phases   ] GC(107) Pause Mark End 0.009ms
[246.363s][info][gc,phases   ] GC(107) Concurrent Process Non-Strong References 0.442ms
[246.363s][info][gc,phases   ] GC(107) Concurrent Reset Relocation Set 0.004ms
[246.366s][info][gc,phases   ] GC(107) Concurrent Select Relocation Set 2.887ms
[246.366s][info][gc,phases   ] GC(107) Pause Relocate Start 0.005ms
[246.367s][info][gc,phases   ] GC(107) Concurrent Relocate 1.438ms
[246.367s][info][gc,load     ] GC(107) Load: 2.94/3.00/2.69
[246.367s][info][gc,mmu      ] GC(107) MMU: 2ms/97.6%, 5ms/99.0%, 10ms/99.5%, 20ms/99.8%, 50ms/99.9%, 100ms/99.9%
[246.368s][info][gc,marking  ] GC(107) Mark: 2 stripe(s), 2 proactive flush(es), 1 terminate flush(es), 0 completion(s), 0 continuation(s) 
[246.368s][info][gc,nmethod  ] GC(107) NMethods: 491 registered, 0 unregistered
[246.368s][info][gc,metaspace] GC(107) Metaspace: 0M used, 0M committed, 1032M reserved
[246.368s][info][gc,ref      ] GC(107) Soft: 82 encountered, 0 discovered, 0 enqueued
[246.368s][info][gc,ref      ] GC(107) Weak: 200 encountered, 8 discovered, 0 enqueued
[246.368s][info][gc,ref      ] GC(107) Final: 0 encountered, 0 discovered, 0 enqueued
[246.368s][info][gc,ref      ] GC(107) Phantom: 5 encountered, 3 discovered, 0 enqueued
[246.368s][info][gc,reloc    ] GC(107) Small Pages: 1016 / 2032M, Empty: 1882M, Relocated: 8M, In-Place: 0
[246.368s][info][gc,reloc    ] GC(107) Medium Pages: 0 / 0M, Empty: 0M, Relocated: 0M, In-Place: 0
[246.368s][info][gc,reloc    ] GC(107) Large Pages: 0 / 0M, Empty: 0M, Relocated: 0M, In-Place: 0
[246.368s][info][gc,reloc    ] GC(107) Forwarding Usage: 0M
[246.368s][info][gc,heap     ] GC(107) Min Capacity: 8192M(100%)
[246.368s][info][gc,heap     ] GC(107) Max Capacity: 8192M(100%)
[246.368s][info][gc,heap     ] GC(107) Soft Max Capacity: 8192M(100%)
[246.368s][info][gc,heap     ] GC(107)                Mark Start          Mark End        Relocate Start      Relocate End           High               Low         
[246.368s][info][gc,heap     ] GC(107)  Capacity:     8192M (100%)       8192M (100%)       8192M (100%)       8192M (100%)       8192M (100%)       8192M (100%)   
[246.368s][info][gc,heap     ] GC(107)      Free:     6160M (75%)        6136M (75%)        8010M (98%)        8012M (98%)        8014M (98%)        6136M (75%)    
[246.368s][info][gc,heap     ] GC(107)      Used:     2032M (25%)        2056M (25%)         182M (2%)          180M (2%)         2056M (25%)         178M (2%)     
[246.368s][info][gc,heap     ] GC(107)      Live:         -               132M (2%)          132M (2%)          132M (2%)             -                  -          
[246.368s][info][gc,heap     ] GC(107) Allocated:         -                24M (0%)           32M (0%)           34M (0%)             -                  -          
[246.368s][info][gc,heap     ] GC(107)   Garbage:         -              1899M (23%)          17M (0%)           13M (0%)             -                  -          
[246.368s][info][gc,heap     ] GC(107) Reclaimed:         -                  -              1882M (23%)        1886M (23%)            -                  -          
[246.368s][info][gc          ] GC(107) Garbage Collection (Proactive) 2032M(25%)->180M(2%)
[248.042s][info][gc,start    ] GC(108) Garbage Collection (Proactive)
[248.042s][info][gc,phases   ] GC(108) Pause Mark Start 0.007ms
[248.066s][info][gc,phases   ] GC(108) Concurrent Mark 23.950ms
[248.066s][info][gc,phases   ] GC(108) Pause Mark End 0.008ms
[248.067s][info][gc,phases   ] GC(108) Concurrent Process Non-Strong References 0.508ms
[248.067s][info][gc,phases   ] GC(108) Concurrent Reset Relocation Set 0.002ms
[248.070s][info][gc,phases   ] GC(108) Concurrent Select Relocation Set 2.998ms
[248.070s][info][gc,phases   ] GC(108) Pause Relocate Start 0.003ms
[248.071s][info][gc,phases   ] GC(108) Concurrent Relocate 0.546ms
[248.071s][info][gc,load     ] GC(108) Load: 2.87/2.99/2.69
[248.071s][info][gc,mmu      ] GC(108) MMU: 2ms/97.6%, 5ms/99.0%, 10ms/99.5%, 20ms/99.8%, 50ms/99.9%, 100ms/99.9%
[248.071s][info][gc,marking  ] GC(108) Mark: 2 stripe(s), 2 proactive flush(es), 1 terminate flush(es), 0 completion(s), 0 continuation(s) 
[248.071s][info][gc,nmethod  ] GC(108) NMethods: 491 registered, 0 unregistered
[248.071s][info][gc,metaspace] GC(108) Metaspace: 0M used, 0M committed, 1032M reserved
[248.071s][info][gc,ref      ] GC(108) Soft: 82 encountered, 0 discovered, 0 enqueued
[248.071s][info][gc,ref      ] GC(108) Weak: 200 encountered, 111 discovered, 0 enqueued
[248.071s][info][gc,ref      ] GC(108) Final: 0 encountered, 0 discovered, 0 enqueued
[248.071s][info][gc,ref      ] GC(108) Phantom: 5 encountered, 5 discovered, 0 enqueued
[248.071s][info][gc,reloc    ] GC(108) Small Pages: 962 / 1924M, Empty: 1770M, Relocated: 3M, In-Place: 0
[248.071s][info][gc,reloc    ] GC(108) Medium Pages: 0 / 0M, Empty: 0M, Relocated: 0M, In-Place: 0
[248.071s][info][gc,reloc    ] GC(108) Large Pages: 0 / 0M, Empty: 0M, Relocated: 0M, In-Place: 0
[248.071s][info][gc,reloc    ] GC(108) Forwarding Usage: 0M
[248.071s][info][gc,heap     ] GC(108) Min Capacity: 8192M(100%)
[248.071s][info][gc,heap     ] GC(108) Max Capacity: 8192M(100%)
[248.071s][info][gc,heap     ] GC(108) Soft Max Capacity: 8192M(100%)
[248.071s][info][gc,heap     ] GC(108)                Mark Start          Mark End        Relocate Start      Relocate End           High               Low         
[248.071s][info][gc,heap     ] GC(108)  Capacity:     8192M (100%)       8192M (100%)       8192M (100%)       8192M (100%)       8192M (100%)       8192M (100%)   
[248.071s][info][gc,heap     ] GC(108)      Free:     6268M (77%)        6240M (76%)        8004M (98%)        8012M (98%)        8012M (98%)        6234M (76%)    
[248.071s][info][gc,heap     ] GC(108)      Used:     1924M (23%)        1952M (24%)         188M (2%)          180M (2%)         1958M (24%)         180M (2%)     
[248.071s][info][gc,heap     ] GC(108)      Live:         -               132M (2%)          132M (2%)          132M (2%)             -                  -          
[248.071s][info][gc,heap     ] GC(108) Allocated:         -                28M (0%)           34M (0%)           34M (0%)             -                  -          
[248.071s][info][gc,heap     ] GC(108)   Garbage:         -              1791M (22%)          21M (0%)           13M (0%)             -                  -          
[248.071s][info][gc,heap     ] GC(108) Reclaimed:         -                  -              1770M (22%)        1778M (22%)            -                  -          
[248.071s][info][gc          ] GC(108) Garbage Collection (Proactive) 1924M(23%)->180M(2%)
[249.638s][info][gc,start    ] GC(109) Garbage Collection (Proactive)
[249.638s][info][gc,phases   ] GC(109) Pause Mark Start 0.005ms
[249.663s][info][gc,phases   ] GC(109) Concurrent Mark 25.021ms
[249.663s][info][gc,phases   ] GC(109) Pause Mark End 0.010ms
[249.664s][info][gc,phases   ] GC(109) Concurrent Process Non-Strong References 0.447ms
[249.664s][info][gc,phases   ] GC(109) Concurrent Reset Relocation Set 0.002ms
[249.667s][info][gc,phases   ] GC(109) Concurrent Select Relocation Set 2.877ms
[249.667s][info][gc,phases   ] GC(109) Pause Relocate Start 0.004ms
[249.668s][info][gc,phases   ] GC(109) Concurrent Relocate 0.653ms
[249.668s][info][gc,load     ] GC(109) Load: 2.87/2.99/2.69
[249.668s][info][gc,mmu      ] GC(109) MMU: 2ms/97.6%, 5ms/99.0%, 10ms/99.5%, 20ms/99.8%, 50ms/99.9%, 100ms/99.9%
[249.668s][info][gc,marking  ] GC(109) Mark: 2 stripe(s), 2 proactive flush(es), 1 terminate flush(es), 0 completion(s), 0 continuation(s) 
[249.668s][info][gc,nmethod  ] GC(109) NMethods: 491 registered, 0 unregistered
[249.668s][info][gc,metaspace] GC(109) Metaspace: 0M used, 0M committed, 1032M reserved
[249.668s][info][gc,ref      ] GC(109) Soft: 82 encountered, 0 discovered, 0 enqueued
[249.668s][info][gc,ref      ] GC(109) Weak: 200 encountered, 89 discovered, 0 enqueued
[249.668s][info][gc,ref      ] GC(109) Final: 0 encountered, 0 discovered, 0 enqueued
[249.668s][info][gc,ref      ] GC(109) Phantom: 5 encountered, 3 discovered, 0 enqueued
[249.668s][info][gc,reloc    ] GC(109) Small Pages: 909 / 1818M, Empty: 1666M, Relocated: 4M, In-Place: 0
[249.668s][info][gc,reloc    ] GC(109) Medium Pages: 0 / 0M, Empty: 0M, Relocated: 0M, In-Place: 0
[249.668s][info][gc,reloc    ] GC(109) Large Pages: 0 / 0M, Empty: 0M, Relocated: 0M, In-Place: 0
[249.668s][info][gc,reloc    ] GC(109) Forwarding Usage: 0M
[249.668s][info][gc,heap     ] GC(109) Min Capacity: 8192M(100%)
[249.668s][info][gc,heap     ] GC(109) Max Capacity: 8192M(100%)
[249.668s][info][gc,heap     ] GC(109) Soft Max Capacity: 8192M(100%)
[249.668s][info][gc,heap     ] GC(109)                Mark Start          Mark End        Relocate Start      Relocate End           High               Low         
[249.668s][info][gc,heap     ] GC(109)  Capacity:     8192M (100%)       8192M (100%)       8192M (100%)       8192M (100%)       8192M (100%)       8192M (100%)   
[249.668s][info][gc,heap     ] GC(109)      Free:     6374M (78%)        6350M (78%)        8006M (98%)        8012M (98%)        8014M (98%)        6350M (78%)    
[249.668s][info][gc,heap     ] GC(109)      Used:     1818M (22%)        1842M (22%)         186M (2%)          180M (2%)         1842M (22%)         178M (2%)     
[249.668s][info][gc,heap     ] GC(109)      Live:         -               132M (2%)          132M (2%)          132M (2%)             -                  -          
[249.668s][info][gc,heap     ] GC(109) Allocated:         -                24M (0%)           34M (0%)           34M (0%)             -                  -          
[249.668s][info][gc,heap     ] GC(109)   Garbage:         -              1685M (21%)          19M (0%)           13M (0%)             -                  -          
[249.668s][info][gc,heap     ] GC(109) Reclaimed:         -                  -              1666M (20%)        1672M (20%)            -                  -          
[249.668s][info][gc          ] GC(109) Garbage Collection (Proactive) 1818M(22%)->180M(2%)
[250.035s][info][gc,stats    ] === Garbage Collection Statistics =======================================================================================================================
[250.035s][info][gc,stats    ]                                                              Last 10s              Last 10m              Last 10h                Total
[250.035s][info][gc,stats    ]                                                              Avg / Max             Avg / Max             Avg / Max             Avg / Max
[250.035s][info][gc,stats    ]   Collector: Garbage Collection Cycle                     29.668 / 31.091       34.873 / 101.538      34.873 / 101.538      34.873 / 101.538     ms
[250.035s][info][gc,stats    ]  Contention: Mark Segment Reset Contention                     0 / 1                 0 / 3                 0 / 3                 0 / 3           ops/s
[250.035s][info][gc,stats    ]  Contention: Mark SeqNum Reset Contention                      0 / 0                 0 / 1                 0 / 1                 0 / 1           ops/s
[250.035s][info][gc,stats    ]    Critical: Allocation Stall                                  0 / 0                 0 / 0                 0 / 0                 0 / 0           ops/s
[250.035s][info][gc,stats    ]    Critical: Allocation Stall                              0.000 / 0.000         0.000 / 0.000         0.000 / 0.000         0.000 / 0.000       ms
[250.035s][info][gc,stats    ]    Critical: GC Locker Stall                                   0 / 0                 0 / 0                 0 / 0                 0 / 0           ops/s
[250.035s][info][gc,stats    ]    Critical: GC Locker Stall                               0.000 / 0.000         0.000 / 0.000         0.000 / 0.000         0.000 / 0.000       ms
[250.035s][info][gc,stats    ]    Critical: Relocation Stall                                  0 / 0                 0 / 0                 0 / 0                 0 / 0           ops/s
[250.035s][info][gc,stats    ]    Critical: Relocation Stall                              0.000 / 0.000         0.000 / 0.000         0.000 / 0.000         0.000 / 0.000       ms
[250.035s][info][gc,stats    ]      Memory: Allocation Rate                                1044 / 1052           1077 / 9228           1077 / 9228           1077 / 9228        MB/s
[250.035s][info][gc,stats    ]      Memory: Out Of Memory                                     0 / 0                 0 / 0                 0 / 0                 0 / 0           ops/s
[250.035s][info][gc,stats    ]      Memory: Page Cache Flush                                  0 / 0                 0 / 0                 0 / 0                 0 / 0           MB/s
[250.035s][info][gc,stats    ]      Memory: Page Cache Hit L1                               524 / 531             512 / 534             512 / 534             512 / 534         ops/s
[250.035s][info][gc,stats    ]      Memory: Page Cache Hit L2                                 0 / 0                 0 / 0                 0 / 0                 0 / 0           ops/s
[250.035s][info][gc,stats    ]      Memory: Page Cache Hit L3                                 0 / 0                11 / 524              11 / 524              11 / 524         ops/s
[250.035s][info][gc,stats    ]      Memory: Page Cache Miss                                   0 / 0                 0 / 1                 0 / 1                 0 / 1           ops/s
[250.035s][info][gc,stats    ]      Memory: Uncommit                                          0 / 0                 0 / 0                 0 / 0                 0 / 0           MB/s
[250.035s][info][gc,stats    ]      Memory: Undo Object Allocation Failed                     0 / 0                 0 / 0                 0 / 0                 0 / 0           ops/s
[250.035s][info][gc,stats    ]      Memory: Undo Object Allocation Succeeded                  0 / 0                 0 / 3                 0 / 3                 0 / 3           ops/s
[250.035s][info][gc,stats    ]      Memory: Undo Page Allocation                              0 / 1                 0 / 1                 0 / 1                 0 / 1           ops/s
[250.035s][info][gc,stats    ]       Phase: Concurrent Mark                              24.492 / 26.071       29.779 / 74.612       29.779 / 74.612       29.779 / 74.612      ms
[250.035s][info][gc,stats    ]       Phase: Concurrent Mark Continue                      0.000 / 0.000         0.000 / 0.000         0.000 / 0.000         0.000 / 0.000       ms
[250.035s][info][gc,stats    ]       Phase: Concurrent Process Non-Strong References      0.459 / 0.508         0.465 / 0.610         0.465 / 0.610         0.465 / 0.610       ms
[250.035s][info][gc,stats    ]       Phase: Concurrent Relocate                           0.964 / 1.608         0.919 / 13.482        0.919 / 13.482        0.919 / 13.482      ms
[250.035s][info][gc,stats    ]       Phase: Concurrent Reset Relocation Set               0.002 / 0.004         0.002 / 0.043         0.002 / 0.043         0.002 / 0.043       ms
[250.035s][info][gc,stats    ]       Phase: Concurrent Select Relocation Set              2.946 / 3.065         2.963 / 12.132        2.963 / 12.132        2.963 / 12.132      ms
[250.035s][info][gc,stats    ]       Phase: Pause Mark End                                0.009 / 0.010         0.009 / 0.017         0.009 / 0.017         0.009 / 0.017       ms
[250.035s][info][gc,stats    ]       Phase: Pause Mark Start                              0.007 / 0.010         0.008 / 0.048         0.008 / 0.048         0.008 / 0.048       ms
[250.035s][info][gc,stats    ]       Phase: Pause Relocate Start                          0.004 / 0.005         0.004 / 0.035         0.004 / 0.035         0.004 / 0.035       ms
[250.035s][info][gc,stats    ]    Subphase: Concurrent Classes Purge                      0.028 / 0.031         0.031 / 0.047         0.031 / 0.047         0.031 / 0.047       ms
[250.035s][info][gc,stats    ]    Subphase: Concurrent Classes Unlink                     0.299 / 0.310         0.292 / 0.324         0.292 / 0.324         0.292 / 0.324       ms
[250.035s][info][gc,stats    ]    Subphase: Concurrent Mark                              23.565 / 25.817       28.831 / 74.133       28.831 / 74.133       28.831 / 74.133      ms
[250.035s][info][gc,stats    ]    Subphase: Concurrent Mark Idle                          1.462 / 1.548         1.384 / 1.620         1.384 / 1.620         1.384 / 1.620       ms
[250.035s][info][gc,stats    ]    Subphase: Concurrent Mark Try Flush                     0.031 / 0.090         0.039 / 0.111         0.039 / 0.111         0.039 / 0.111       ms
[250.035s][info][gc,stats    ]    Subphase: Concurrent Mark Try Terminate                 0.495 / 1.553         0.506 / 1.623         0.506 / 1.623         0.506 / 1.623       ms
[250.035s][info][gc,stats    ]    Subphase: Concurrent References Enqueue                 0.000 / 0.000         0.000 / 0.003         0.000 / 0.003         0.000 / 0.003       ms
[250.035s][info][gc,stats    ]    Subphase: Concurrent References Process                 0.025 / 0.029         0.025 / 0.043         0.025 / 0.043         0.025 / 0.043       ms
[250.035s][info][gc,stats    ]    Subphase: Concurrent Roots ClassLoaderDataGraph         0.018 / 0.040         0.026 / 0.112         0.026 / 0.112         0.026 / 0.112       ms
[250.035s][info][gc,stats    ]    Subphase: Concurrent Roots CodeCache                    0.000 / 0.000         0.000 / 0.000         0.000 / 0.000         0.000 / 0.000       ms
[250.035s][info][gc,stats    ]    Subphase: Concurrent Roots JavaThreads                  0.215 / 0.314         0.253 / 0.394         0.253 / 0.394         0.253 / 0.394       ms
[250.035s][info][gc,stats    ]    Subphase: Concurrent Roots OopStorageSet                0.006 / 0.007         0.007 / 0.024         0.007 / 0.024         0.007 / 0.024       ms
[250.035s][info][gc,stats    ]    Subphase: Concurrent Weak Roots OopStorageSet           0.038 / 0.062         0.047 / 0.090         0.047 / 0.090         0.047 / 0.090       ms
[250.035s][info][gc,stats    ]    Subphase: Pause Mark Try Complete                       0.000 / 0.000         0.000 / 0.000         0.000 / 0.000         0.000 / 0.000       ms
[250.035s][info][gc,stats    ]      System: Java Threads                                     16 / 16               16 / 19               16 / 19               16 / 19          threads
[250.035s][info][gc,stats    ] =========================================================================================================================================================
[251.240s][info][gc,start    ] GC(110) Garbage Collection (Proactive)
[251.240s][info][gc,phases   ] GC(110) Pause Mark Start 0.007ms
[251.264s][info][gc,phases   ] GC(110) Concurrent Mark 24.032ms
[251.264s][info][gc,phases   ] GC(110) Pause Mark End 0.009ms
[251.265s][info][gc,phases   ] GC(110) Concurrent Process Non-Strong References 0.425ms
[251.265s][info][gc,phases   ] GC(110) Concurrent Reset Relocation Set 0.001ms
[251.268s][info][gc,phases   ] GC(110) Concurrent Select Relocation Set 2.802ms
[251.268s][info][gc,phases   ] GC(110) Pause Relocate Start 0.004ms
[251.269s][info][gc,phases   ] GC(110) Concurrent Relocate 0.720ms
[251.269s][info][gc,load     ] GC(110) Load: 2.87/2.99/2.69
[251.269s][info][gc,mmu      ] GC(110) MMU: 2ms/97.6%, 5ms/99.0%, 10ms/99.5%, 20ms/99.8%, 50ms/99.9%, 100ms/99.9%
[251.269s][info][gc,marking  ] GC(110) Mark: 2 stripe(s), 2 proactive flush(es), 1 terminate flush(es), 0 completion(s), 0 continuation(s) 
[251.269s][info][gc,nmethod  ] GC(110) NMethods: 491 registered, 0 unregistered
[251.269s][info][gc,metaspace] GC(110) Metaspace: 0M used, 0M committed, 1032M reserved
[251.269s][info][gc,ref      ] GC(110) Soft: 82 encountered, 0 discovered, 0 enqueued
[251.269s][info][gc,ref      ] GC(110) Weak: 200 encountered, 77 discovered, 0 enqueued
[251.269s][info][gc,ref      ] GC(110) Final: 0 encountered, 0 discovered, 0 enqueued
[251.269s][info][gc,ref      ] GC(110) Phantom: 5 encountered, 3 discovered, 0 enqueued
[251.269s][info][gc,reloc    ] GC(110) Small Pages: 909 / 1818M, Empty: 1664M, Relocated: 4M, In-Place: 0
[251.269s][info][gc,reloc    ] GC(110) Medium Pages: 0 / 0M, Empty: 0M, Relocated: 0M, In-Place: 0
[251.269s][info][gc,reloc    ] GC(110) Large Pages: 0 / 0M, Empty: 0M, Relocated: 0M, In-Place: 0
[251.269s][info][gc,reloc    ] GC(110) Forwarding Usage: 0M
[251.269s][info][gc,heap     ] GC(110) Min Capacity: 8192M(100%)
[251.269s][info][gc,heap     ] GC(110) Max Capacity: 8192M(100%)
[251.269s][info][gc,heap     ] GC(110) Soft Max Capacity: 8192M(100%)
[251.269s][info][gc,heap     ] GC(110)                Mark Start          Mark End        Relocate Start      Relocate End           High               Low         
[251.269s][info][gc,heap     ] GC(110)  Capacity:     8192M (100%)       8192M (100%)       8192M (100%)       8192M (100%)       8192M (100%)       8192M (100%)   
[251.269s][info][gc,heap     ] GC(110)      Free:     6374M (78%)        6350M (78%)        8006M (98%)        8014M (98%)        8014M (98%)        6350M (78%)    
[251.269s][info][gc,heap     ] GC(110)      Used:     1818M (22%)        1842M (22%)         186M (2%)          178M (2%)         1842M (22%)         178M (2%)     
[251.269s][info][gc,heap     ] GC(110)      Live:         -               132M (2%)          132M (2%)          132M (2%)             -                  -          
[251.269s][info][gc,heap     ] GC(110) Allocated:         -                24M (0%)           32M (0%)           32M (0%)             -                  -          
[251.269s][info][gc,heap     ] GC(110)   Garbage:         -              1685M (21%)          21M (0%)           13M (0%)             -                  -          
[251.269s][info][gc,heap     ] GC(110) Reclaimed:         -                  -              1664M (20%)        1672M (20%)            -                  -          
[251.269s][info][gc          ] GC(110) Garbage Collection (Proactive) 1818M(22%)->178M(2%)
[252.840s][info][gc,start    ] GC(111) Garbage Collection (Proactive)
[252.840s][info][gc,phases   ] GC(111) Pause Mark Start 0.006ms
[252.865s][info][gc,phases   ] GC(111) Concurrent Mark 24.829ms
[252.865s][info][gc,phases   ] GC(111) Pause Mark End 0.010ms
[252.866s][info][gc,phases   ] GC(111) Concurrent Process Non-Strong References 0.550ms
[252.866s][info][gc,phases   ] GC(111) Concurrent Reset Relocation Set 0.002ms
[252.869s][info][gc,phases   ] GC(111) Concurrent Select Relocation Set 3.027ms
[252.869s][info][gc,phases   ] GC(111) Pause Relocate Start 0.005ms
[252.869s][info][gc,phases   ] GC(111) Concurrent Relocate 0.485ms
[252.869s][info][gc,load     ] GC(111) Load: 2.64/2.94/2.67
[252.869s][info][gc,mmu      ] GC(111) MMU: 2ms/97.6%, 5ms/99.0%, 10ms/99.5%, 20ms/99.8%, 50ms/99.9%, 100ms/99.9%
[252.869s][info][gc,marking  ] GC(111) Mark: 2 stripe(s), 2 proactive flush(es), 1 terminate flush(es), 0 completion(s), 0 continuation(s) 
[252.869s][info][gc,nmethod  ] GC(111) NMethods: 491 registered, 0 unregistered
[252.869s][info][gc,metaspace] GC(111) Metaspace: 0M used, 0M committed, 1032M reserved
[252.869s][info][gc,ref      ] GC(111) Soft: 82 encountered, 0 discovered, 0 enqueued
[252.869s][info][gc,ref      ] GC(111) Weak: 200 encountered, 77 discovered, 0 enqueued
[252.869s][info][gc,ref      ] GC(111) Final: 0 encountered, 0 discovered, 0 enqueued
[252.870s][info][gc,ref      ] GC(111) Phantom: 5 encountered, 3 discovered, 0 enqueued
[252.870s][info][gc,reloc    ] GC(111) Small Pages: 909 / 1818M, Empty: 1666M, Relocated: 3M, In-Place: 0
[252.870s][info][gc,reloc    ] GC(111) Medium Pages: 0 / 0M, Empty: 0M, Relocated: 0M, In-Place: 0
[252.870s][info][gc,reloc    ] GC(111) Large Pages: 0 / 0M, Empty: 0M, Relocated: 0M, In-Place: 0
[252.870s][info][gc,reloc    ] GC(111) Forwarding Usage: 0M
[252.870s][info][gc,heap     ] GC(111) Min Capacity: 8192M(100%)
[252.870s][info][gc,heap     ] GC(111) Max Capacity: 8192M(100%)
[252.870s][info][gc,heap     ] GC(111) Soft Max Capacity: 8192M(100%)
[252.870s][info][gc,heap     ] GC(111)                Mark Start          Mark End        Relocate Start      Relocate End           High               Low         
[252.870s][info][gc,heap     ] GC(111)  Capacity:     8192M (100%)       8192M (100%)       8192M (100%)       8192M (100%)       8192M (100%)       8192M (100%)   
[252.870s][info][gc,heap     ] GC(111)      Free:     6374M (78%)        6350M (78%)        8008M (98%)        8016M (98%)        8016M (98%)        6346M (77%)    
[252.870s][info][gc,heap     ] GC(111)      Used:     1818M (22%)        1842M (22%)         184M (2%)          176M (2%)         1846M (23%)         176M (2%)     
[252.870s][info][gc,heap     ] GC(111)      Live:         -               132M (2%)          132M (2%)          132M (2%)             -                  -          
[252.870s][info][gc,heap     ] GC(111) Allocated:         -                24M (0%)           32M (0%)           32M (0%)             -                  -          
[252.870s][info][gc,heap     ] GC(111)   Garbage:         -              1685M (21%)          19M (0%)           11M (0%)             -                  -          
[252.870s][info][gc,heap     ] GC(111) Reclaimed:         -                  -              1666M (20%)        1674M (20%)            -                  -          
[252.870s][info][gc          ] GC(111) Garbage Collection (Proactive) 1818M(22%)->176M(2%)
[254.434s][info][gc,start    ] GC(112) Garbage Collection (Proactive)
[254.434s][info][gc,phases   ] GC(112) Pause Mark Start 0.007ms
[254.458s][info][gc,phases   ] GC(112) Concurrent Mark 24.113ms
[254.458s][info][gc,phases   ] GC(112) Pause Mark End 0.011ms
[254.459s][info][gc,phases   ] GC(112) Concurrent Process Non-Strong References 0.450ms
[254.459s][info][gc,phases   ] GC(112) Concurrent Reset Relocation Set 0.001ms
[254.462s][info][gc,phases   ] GC(112) Concurrent Select Relocation Set 2.748ms
[254.462s][info][gc,phases   ] GC(112) Pause Relocate Start 0.004ms
[254.462s][info][gc,phases   ] GC(112) Concurrent Relocate 0.507ms
[254.462s][info][gc,load     ] GC(112) Load: 2.64/2.94/2.67
[254.462s][info][gc,mmu      ] GC(112) MMU: 2ms/97.6%, 5ms/99.0%, 10ms/99.5%, 20ms/99.8%, 50ms/99.9%, 100ms/99.9%
[254.462s][info][gc,marking  ] GC(112) Mark: 2 stripe(s), 2 proactive flush(es), 1 terminate flush(es), 0 completion(s), 0 continuation(s) 
[254.462s][info][gc,nmethod  ] GC(112) NMethods: 491 registered, 0 unregistered
[254.462s][info][gc,metaspace] GC(112) Metaspace: 0M used, 0M committed, 1032M reserved
[254.462s][info][gc,ref      ] GC(112) Soft: 82 encountered, 0 discovered, 0 enqueued
[254.462s][info][gc,ref      ] GC(112) Weak: 200 encountered, 17 discovered, 0 enqueued
[254.462s][info][gc,ref      ] GC(112) Final: 0 encountered, 0 discovered, 0 enqueued
[254.462s][info][gc,ref      ] GC(112) Phantom: 5 encountered, 3 discovered, 0 enqueued
[254.462s][info][gc,reloc    ] GC(112) Small Pages: 904 / 1808M, Empty: 1650M, Relocated: 3M, In-Place: 0
[254.462s][info][gc,reloc    ] GC(112) Medium Pages: 0 / 0M, Empty: 0M, Relocated: 0M, In-Place: 0
[254.462s][info][gc,reloc    ] GC(112) Large Pages: 0 / 0M, Empty: 0M, Relocated: 0M, In-Place: 0
[254.462s][info][gc,reloc    ] GC(112) Forwarding Usage: 0M
[254.462s][info][gc,heap     ] GC(112) Min Capacity: 8192M(100%)
[254.462s][info][gc,heap     ] GC(112) Max Capacity: 8192M(100%)
[254.463s][info][gc,heap     ] GC(112) Soft Max Capacity: 8192M(100%)
[254.463s][info][gc,heap     ] GC(112)                Mark Start          Mark End        Relocate Start      Relocate End           High               Low         
[254.463s][info][gc,heap     ] GC(112)  Capacity:     8192M (100%)       8192M (100%)       8192M (100%)       8192M (100%)       8192M (100%)       8192M (100%)   
[254.463s][info][gc,heap     ] GC(112)      Free:     6384M (78%)        6352M (78%)        8002M (98%)        8012M (98%)        8012M (98%)        6352M (78%)    
[254.463s][info][gc,heap     ] GC(112)      Used:     1808M (22%)        1840M (22%)         190M (2%)          180M (2%)         1840M (22%)         180M (2%)     
[254.463s][info][gc,heap     ] GC(112)      Live:         -               132M (2%)          132M (2%)          132M (2%)             -                  -          
[254.463s][info][gc,heap     ] GC(112) Allocated:         -                32M (0%)           32M (0%)           36M (0%)             -                  -          
[254.463s][info][gc,heap     ] GC(112)   Garbage:         -              1675M (20%)          25M (0%)           11M (0%)             -                  -          
[254.463s][info][gc,heap     ] GC(112) Reclaimed:         -                  -              1650M (20%)        1664M (20%)            -                  -          
[254.463s][info][gc          ] GC(112) Garbage Collection (Proactive) 1808M(22%)->180M(2%)
[256.036s][info][gc,start    ] GC(113) Garbage Collection (Proactive)
[256.037s][info][gc,phases   ] GC(113) Pause Mark Start 0.007ms
[256.060s][info][gc,phases   ] GC(113) Concurrent Mark 23.588ms
[256.060s][info][gc,phases   ] GC(113) Pause Mark End 0.009ms
[256.061s][info][gc,phases   ] GC(113) Concurrent Process Non-Strong References 0.436ms
[256.061s][info][gc,phases   ] GC(113) Concurrent Reset Relocation Set 0.002ms
[256.064s][info][gc,phases   ] GC(113) Concurrent Select Relocation Set 2.786ms
[256.064s][info][gc,phases   ] GC(113) Pause Relocate Start 0.004ms
[256.065s][info][gc,phases   ] GC(113) Concurrent Relocate 0.953ms
[256.065s][info][gc,load     ] GC(113) Load: 2.64/2.94/2.67
[256.065s][info][gc,mmu      ] GC(113) MMU: 2ms/97.6%, 5ms/99.0%, 10ms/99.5%, 20ms/99.8%, 50ms/99.9%, 100ms/99.9%
[256.065s][info][gc,marking  ] GC(113) Mark: 2 stripe(s), 2 proactive flush(es), 1 terminate flush(es), 0 completion(s), 0 continuation(s) 
[256.065s][info][gc,nmethod  ] GC(113) NMethods: 491 registered, 0 unregistered
[256.065s][info][gc,metaspace] GC(113) Metaspace: 0M used, 0M committed, 1032M reserved
[256.065s][info][gc,ref      ] GC(113) Soft: 82 encountered, 0 discovered, 0 enqueued
[256.065s][info][gc,ref      ] GC(113) Weak: 200 encountered, 49 discovered, 0 enqueued
[256.065s][info][gc,ref      ] GC(113) Final: 0 encountered, 0 discovered, 0 enqueued
[256.065s][info][gc,ref      ] GC(113) Phantom: 5 encountered, 3 discovered, 0 enqueued
[256.065s][info][gc,reloc    ] GC(113) Small Pages: 908 / 1816M, Empty: 1660M, Relocated: 6M, In-Place: 0
[256.065s][info][gc,reloc    ] GC(113) Medium Pages: 0 / 0M, Empty: 0M, Relocated: 0M, In-Place: 0
[256.065s][info][gc,reloc    ] GC(113) Large Pages: 0 / 0M, Empty: 0M, Relocated: 0M, In-Place: 0
[256.065s][info][gc,reloc    ] GC(113) Forwarding Usage: 0M
[256.065s][info][gc,heap     ] GC(113) Min Capacity: 8192M(100%)
[256.065s][info][gc,heap     ] GC(113) Max Capacity: 8192M(100%)
[256.065s][info][gc,heap     ] GC(113) Soft Max Capacity: 8192M(100%)
[256.065s][info][gc,heap     ] GC(113)                Mark Start          Mark End        Relocate Start      Relocate End           High               Low         
[256.065s][info][gc,heap     ] GC(113)  Capacity:     8192M (100%)       8192M (100%)       8192M (100%)       8192M (100%)       8192M (100%)       8192M (100%)   
[256.065s][info][gc,heap     ] GC(113)      Free:     6376M (78%)        6344M (77%)        8004M (98%)        8016M (98%)        8016M (98%)        6344M (77%)    
[256.065s][info][gc,heap     ] GC(113)      Used:     1816M (22%)        1848M (23%)         188M (2%)          176M (2%)         1848M (23%)         176M (2%)     
[256.065s][info][gc,heap     ] GC(113)      Live:         -               132M (2%)          132M (2%)          132M (2%)             -                  -          
[256.065s][info][gc,heap     ] GC(113) Allocated:         -                32M (0%)           32M (0%)           32M (0%)             -                  -          
[256.065s][info][gc,heap     ] GC(113)   Garbage:         -              1683M (21%)          23M (0%)           11M (0%)             -                  -          
[256.065s][info][gc,heap     ] GC(113) Reclaimed:         -                  -              1660M (20%)        1672M (20%)            -                  -          
[256.065s][info][gc          ] GC(113) Garbage Collection (Proactive) 1816M(22%)->176M(2%)
[257.537s][info][gc,start    ] GC(114) Garbage Collection (Proactive)
[257.538s][info][gc,phases   ] GC(114) Pause Mark Start 0.006ms
[257.562s][info][gc,phases   ] GC(114) Concurrent Mark 24.840ms
[257.563s][info][gc,phases   ] GC(114) Pause Mark End 0.010ms
[257.563s][info][gc,phases   ] GC(114) Concurrent Process Non-Strong References 0.471ms
[257.563s][info][gc,phases   ] GC(114) Concurrent Reset Relocation Set 0.002ms
[257.566s][info][gc,phases   ] GC(114) Concurrent Select Relocation Set 2.902ms
[257.566s][info][gc,phases   ] GC(114) Pause Relocate Start 0.005ms
[257.567s][info][gc,phases   ] GC(114) Concurrent Relocate 1.140ms
[257.567s][info][gc,load     ] GC(114) Load: 2.75/2.95/2.68
[257.568s][info][gc,mmu      ] GC(114) MMU: 2ms/97.6%, 5ms/99.0%, 10ms/99.5%, 20ms/99.8%, 50ms/99.9%, 100ms/99.9%
[257.568s][info][gc,marking  ] GC(114) Mark: 2 stripe(s), 2 proactive flush(es), 1 terminate flush(es), 0 completion(s), 0 continuation(s) 
[257.568s][info][gc,nmethod  ] GC(114) NMethods: 491 registered, 0 unregistered
[257.568s][info][gc,metaspace] GC(114) Metaspace: 0M used, 0M committed, 1032M reserved
[257.568s][info][gc,ref      ] GC(114) Soft: 82 encountered, 0 discovered, 0 enqueued
[257.568s][info][gc,ref      ] GC(114) Weak: 200 encountered, 113 discovered, 0 enqueued
[257.568s][info][gc,ref      ] GC(114) Final: 0 encountered, 0 discovered, 0 enqueued
[257.568s][info][gc,ref      ] GC(114) Phantom: 5 encountered, 3 discovered, 0 enqueued
[257.568s][info][gc,reloc    ] GC(114) Small Pages: 859 / 1718M, Empty: 1566M, Relocated: 6M, In-Place: 0
[257.568s][info][gc,reloc    ] GC(114) Medium Pages: 0 / 0M, Empty: 0M, Relocated: 0M, In-Place: 0
[257.568s][info][gc,reloc    ] GC(114) Large Pages: 0 / 0M, Empty: 0M, Relocated: 0M, In-Place: 0
[257.568s][info][gc,reloc    ] GC(114) Forwarding Usage: 0M
[257.568s][info][gc,heap     ] GC(114) Min Capacity: 8192M(100%)
[257.568s][info][gc,heap     ] GC(114) Max Capacity: 8192M(100%)
[257.568s][info][gc,heap     ] GC(114) Soft Max Capacity: 8192M(100%)
[257.568s][info][gc,heap     ] GC(114)                Mark Start          Mark End        Relocate Start      Relocate End           High               Low         
[257.568s][info][gc,heap     ] GC(114)  Capacity:     8192M (100%)       8192M (100%)       8192M (100%)       8192M (100%)       8192M (100%)       8192M (100%)   
[257.568s][info][gc,heap     ] GC(114)      Free:     6474M (79%)        6448M (79%)        8010M (98%)        8014M (98%)        8014M (98%)        6448M (79%)    
[257.568s][info][gc,heap     ] GC(114)      Used:     1718M (21%)        1744M (21%)         182M (2%)          178M (2%)         1744M (21%)         178M (2%)     
[257.568s][info][gc,heap     ] GC(114)      Live:         -               132M (2%)          132M (2%)          132M (2%)             -                  -          
[257.568s][info][gc,heap     ] GC(114) Allocated:         -                26M (0%)           30M (0%)           34M (0%)             -                  -          
[257.568s][info][gc,heap     ] GC(114)   Garbage:         -              1585M (19%)          19M (0%)           11M (0%)             -                  -          
[257.568s][info][gc,heap     ] GC(114) Reclaimed:         -                  -              1566M (19%)        1574M (19%)            -                  -          
[257.568s][info][gc          ] GC(114) Garbage Collection (Proactive) 1718M(21%)->178M(2%)
[259.137s][info][gc,start    ] GC(115) Garbage Collection (Proactive)
[259.138s][info][gc,phases   ] GC(115) Pause Mark Start 0.006ms
[259.162s][info][gc,phases   ] GC(115) Concurrent Mark 24.373ms
[259.162s][info][gc,phases   ] GC(115) Pause Mark End 0.009ms
[259.163s][info][gc,phases   ] GC(115) Concurrent Process Non-Strong References 0.446ms
[259.163s][info][gc,phases   ] GC(115) Concurrent Reset Relocation Set 0.002ms
[259.165s][info][gc,phases   ] GC(115) Concurrent Select Relocation Set 2.798ms
[259.166s][info][gc,phases   ] GC(115) Pause Relocate Start 0.004ms
[259.166s][info][gc,phases   ] GC(115) Concurrent Relocate 0.236ms
[259.166s][info][gc,load     ] GC(115) Load: 2.75/2.95/2.68
[259.166s][info][gc,mmu      ] GC(115) MMU: 2ms/97.6%, 5ms/99.0%, 10ms/99.5%, 20ms/99.8%, 50ms/99.9%, 100ms/99.9%
[259.166s][info][gc,marking  ] GC(115) Mark: 2 stripe(s), 2 proactive flush(es), 1 terminate flush(es), 0 completion(s), 0 continuation(s) 
[259.166s][info][gc,nmethod  ] GC(115) NMethods: 491 registered, 0 unregistered
[259.166s][info][gc,metaspace] GC(115) Metaspace: 0M used, 0M committed, 1032M reserved
[259.166s][info][gc,ref      ] GC(115) Soft: 82 encountered, 0 discovered, 0 enqueued
[259.166s][info][gc,ref      ] GC(115) Weak: 200 encountered, 109 discovered, 0 enqueued
[259.166s][info][gc,ref      ] GC(115) Final: 0 encountered, 0 discovered, 0 enqueued
[259.166s][info][gc,ref      ] GC(115) Phantom: 5 encountered, 3 discovered, 0 enqueued
[259.166s][info][gc,reloc    ] GC(115) Small Pages: 909 / 1818M, Empty: 1662M, Relocated: 1M, In-Place: 0
[259.166s][info][gc,reloc    ] GC(115) Medium Pages: 0 / 0M, Empty: 0M, Relocated: 0M, In-Place: 0
[259.166s][info][gc,reloc    ] GC(115) Large Pages: 0 / 0M, Empty: 0M, Relocated: 0M, In-Place: 0
[259.166s][info][gc,reloc    ] GC(115) Forwarding Usage: 0M
[259.166s][info][gc,heap     ] GC(115) Min Capacity: 8192M(100%)
[259.166s][info][gc,heap     ] GC(115) Max Capacity: 8192M(100%)
[259.166s][info][gc,heap     ] GC(115) Soft Max Capacity: 8192M(100%)
[259.166s][info][gc,heap     ] GC(115)                Mark Start          Mark End        Relocate Start      Relocate End           High               Low         
[259.166s][info][gc,heap     ] GC(115)  Capacity:     8192M (100%)       8192M (100%)       8192M (100%)       8192M (100%)       8192M (100%)       8192M (100%)   
[259.166s][info][gc,heap     ] GC(115)      Free:     6374M (78%)        6350M (78%)        8012M (98%)        8024M (98%)        8024M (98%)        6350M (78%)    
[259.166s][info][gc,heap     ] GC(115)      Used:     1818M (22%)        1842M (22%)         180M (2%)          168M (2%)         1842M (22%)         168M (2%)     
[259.166s][info][gc,heap     ] GC(115)      Live:         -               132M (2%)          132M (2%)          132M (2%)             -                  -          
[259.166s][info][gc,heap     ] GC(115) Allocated:         -                24M (0%)           24M (0%)           24M (0%)             -                  -          
[259.166s][info][gc,heap     ] GC(115)   Garbage:         -              1685M (21%)          23M (0%)           11M (0%)             -                  -          
[259.166s][info][gc,heap     ] GC(115) Reclaimed:         -                  -              1662M (20%)        1674M (20%)            -                  -          
[259.166s][info][gc          ] GC(115) Garbage Collection (Proactive) 1818M(22%)->168M(2%)
[260.035s][info][gc,stats    ] === Garbage Collection Statistics =======================================================================================================================
[260.035s][info][gc,stats    ]                                                              Last 10s              Last 10m              Last 10h                Total
[260.035s][info][gc,stats    ]                                                              Avg / Max             Avg / Max             Avg / Max             Avg / Max
[260.035s][info][gc,stats    ]   Collector: Garbage Collection Cycle                     29.025 / 30.140       34.570 / 101.538      34.570 / 101.538      34.570 / 101.538     ms
[260.035s][info][gc,stats    ]  Contention: Mark Segment Reset Contention                     0 / 0                 0 / 3                 0 / 3                 0 / 3           ops/s
[260.035s][info][gc,stats    ]  Contention: Mark SeqNum Reset Contention                      0 / 0                 0 / 1                 0 / 1                 0 / 1           ops/s
[260.035s][info][gc,stats    ]    Critical: Allocation Stall                                  0 / 0                 0 / 0                 0 / 0                 0 / 0           ops/s
[260.035s][info][gc,stats    ]    Critical: Allocation Stall                              0.000 / 0.000         0.000 / 0.000         0.000 / 0.000         0.000 / 0.000       ms
[260.035s][info][gc,stats    ]    Critical: GC Locker Stall                                   0 / 0                 0 / 0                 0 / 0                 0 / 0           ops/s
[260.035s][info][gc,stats    ]    Critical: GC Locker Stall                               0.000 / 0.000         0.000 / 0.000         0.000 / 0.000         0.000 / 0.000       ms
[260.035s][info][gc,stats    ]    Critical: Relocation Stall                                  0 / 0                 0 / 0                 0 / 0                 0 / 0           ops/s
[260.035s][info][gc,stats    ]    Critical: Relocation Stall                              0.000 / 0.000         0.000 / 0.000         0.000 / 0.000         0.000 / 0.000       ms
[260.035s][info][gc,stats    ]      Memory: Allocation Rate                                1045 / 1056           1075 / 9228           1075 / 9228           1075 / 9228        MB/s
[260.035s][info][gc,stats    ]      Memory: Out Of Memory                                     0 / 0                 0 / 0                 0 / 0                 0 / 0           ops/s
[260.035s][info][gc,stats    ]      Memory: Page Cache Flush                                  0 / 0                 0 / 0                 0 / 0                 0 / 0           MB/s
[260.035s][info][gc,stats    ]      Memory: Page Cache Hit L1                               524 / 532             512 / 534             512 / 534             512 / 534         ops/s
[260.035s][info][gc,stats    ]      Memory: Page Cache Hit L2                                 0 / 0                 0 / 0                 0 / 0                 0 / 0           ops/s
[260.035s][info][gc,stats    ]      Memory: Page Cache Hit L3                                 0 / 0                11 / 524              11 / 524              11 / 524         ops/s
[260.035s][info][gc,stats    ]      Memory: Page Cache Miss                                   0 / 0                 0 / 1                 0 / 1                 0 / 1           ops/s
[260.035s][info][gc,stats    ]      Memory: Uncommit                                          0 / 0                 0 / 0                 0 / 0                 0 / 0           MB/s
[260.035s][info][gc,stats    ]      Memory: Undo Object Allocation Failed                     0 / 0                 0 / 0                 0 / 0                 0 / 0           ops/s
[260.035s][info][gc,stats    ]      Memory: Undo Object Allocation Succeeded                  0 / 0                 0 / 3                 0 / 3                 0 / 3           ops/s
[260.035s][info][gc,stats    ]      Memory: Undo Page Allocation                              0 / 0                 0 / 1                 0 / 1                 0 / 1           ops/s
[260.035s][info][gc,stats    ]       Phase: Concurrent Mark                              24.296 / 24.840       29.496 / 74.612       29.496 / 74.612       29.496 / 74.612      ms
[260.035s][info][gc,stats    ]       Phase: Concurrent Mark Continue                      0.000 / 0.000         0.000 / 0.000         0.000 / 0.000         0.000 / 0.000       ms
[260.035s][info][gc,stats    ]       Phase: Concurrent Process Non-Strong References      0.463 / 0.550         0.465 / 0.610         0.465 / 0.610         0.465 / 0.610       ms
[260.035s][info][gc,stats    ]       Phase: Concurrent Relocate                           0.673 / 1.140         0.906 / 13.482        0.906 / 13.482        0.906 / 13.482      ms
[260.035s][info][gc,stats    ]       Phase: Concurrent Reset Relocation Set               0.002 / 0.002         0.002 / 0.043         0.002 / 0.043         0.002 / 0.043       ms
[260.036s][info][gc,stats    ]       Phase: Concurrent Select Relocation Set              2.844 / 3.027         2.956 / 12.132        2.956 / 12.132        2.956 / 12.132      ms
[260.036s][info][gc,stats    ]       Phase: Pause Mark End                                0.010 / 0.011         0.009 / 0.017         0.009 / 0.017         0.009 / 0.017       ms
[260.036s][info][gc,stats    ]       Phase: Pause Mark Start                              0.007 / 0.007         0.008 / 0.048         0.008 / 0.048         0.008 / 0.048       ms
[260.036s][info][gc,stats    ]       Phase: Pause Relocate Start                          0.004 / 0.005         0.004 / 0.035         0.004 / 0.035         0.004 / 0.035       ms
[260.036s][info][gc,stats    ]    Subphase: Concurrent Classes Purge                      0.032 / 0.038         0.031 / 0.047         0.031 / 0.047         0.031 / 0.047       ms
[260.036s][info][gc,stats    ]    Subphase: Concurrent Classes Unlink                     0.299 / 0.303         0.292 / 0.324         0.292 / 0.324         0.292 / 0.324       ms
[260.036s][info][gc,stats    ]    Subphase: Concurrent Mark                              23.362 / 24.535       28.548 / 74.133       28.548 / 74.133       28.548 / 74.133      ms
[260.036s][info][gc,stats    ]    Subphase: Concurrent Mark Idle                          1.328 / 1.547         1.381 / 1.620         1.381 / 1.620         1.381 / 1.620       ms
[260.036s][info][gc,stats    ]    Subphase: Concurrent Mark Try Flush                     0.039 / 0.103         0.039 / 0.111         0.039 / 0.111         0.039 / 0.111       ms
[260.036s][info][gc,stats    ]    Subphase: Concurrent Mark Try Terminate                 0.455 / 1.551         0.503 / 1.623         0.503 / 1.623         0.503 / 1.623       ms
[260.036s][info][gc,stats    ]    Subphase: Concurrent References Enqueue                 0.000 / 0.001         0.000 / 0.003         0.000 / 0.003         0.000 / 0.003       ms
[260.036s][info][gc,stats    ]    Subphase: Concurrent References Process                 0.024 / 0.035         0.025 / 0.043         0.025 / 0.043         0.025 / 0.043       ms
[260.036s][info][gc,stats    ]    Subphase: Concurrent Roots ClassLoaderDataGraph         0.020 / 0.041         0.026 / 0.112         0.026 / 0.112         0.026 / 0.112       ms
[260.036s][info][gc,stats    ]    Subphase: Concurrent Roots CodeCache                    0.000 / 0.000         0.000 / 0.000         0.000 / 0.000         0.000 / 0.000       ms
[260.036s][info][gc,stats    ]    Subphase: Concurrent Roots JavaThreads                  0.253 / 0.310         0.253 / 0.394         0.253 / 0.394         0.253 / 0.394       ms
[260.036s][info][gc,stats    ]    Subphase: Concurrent Roots OopStorageSet                0.006 / 0.007         0.007 / 0.024         0.007 / 0.024         0.007 / 0.024       ms
[260.036s][info][gc,stats    ]    Subphase: Concurrent Weak Roots OopStorageSet           0.038 / 0.055         0.047 / 0.090         0.047 / 0.090         0.047 / 0.090       ms
[260.036s][info][gc,stats    ]    Subphase: Pause Mark Try Complete                       0.000 / 0.000         0.000 / 0.000         0.000 / 0.000         0.000 / 0.000       ms
[260.036s][info][gc,stats    ]      System: Java Threads                                     16 / 16               16 / 19               16 / 19               16 / 19          threads
[260.036s][info][gc,stats    ] =========================================================================================================================================================
[260.089s][info][gc,heap,exit] Heap
[260.089s][info][gc,heap,exit]  ZHeap           used 1130M, capacity 8192M, max capacity 8192M
[260.089s][info][gc,heap,exit]  Metaspace       used 853K, committed 960K, reserved 1056768K
[260.089s][info][gc,heap,exit]   class space    used 57K, committed 128K, reserved 1048576K
